[0.003s][info][gc] Using Parallel
[0.005s][info][gc,init] Version: 17.0.3+7-LTS (release)
[0.005s][info][gc,init] CPUs: 8 total, 8 available
[0.005s][info][gc,init] Memory: 32112M
[0.005s][info][gc,init] Large Page Support: Disabled
[0.005s][info][gc,init] NUMA Support: Disabled
[0.005s][info][gc,init] Compressed Oops: Enabled (Zero based)
[0.005s][info][gc,init] Alignments: Space 512K, Generation 512K, Heap 2M
[0.005s][info][gc,init] Heap Min Capacity: 2054M
[0.005s][info][gc,init] Heap Initial Capacity: 2054M
[0.005s][info][gc,init] Heap Max Capacity: 3G
[0.005s][info][gc,init] Pre-touch: Disabled
[0.005s][info][gc,init] Parallel Workers: 4
[0.005s][info][gc,metaspace] CDS archive(s) not mapped
[0.005s][info][gc,metaspace] Compressed class space mapped at: 0x0000000800000000-0x0000000840000000, reserved size: 1073741824
[0.005s][info][gc,metaspace] Narrow klass base: 0x0000000800000000, Narrow klass shift: 0, Narrow klass range: 0x40000000
[0.652s][info][safepoint   ] Safepoint "ICBufferFull", Time since last: 626741091 ns, Reaching safepoint: 126001 ns, At safepoint: 5500 ns, Total: 131501 ns
[0.896s][info][safepoint   ] Safepoint "ICBufferFull", Time since last: 242921672 ns, Reaching safepoint: 148100 ns, At safepoint: 2000 ns, Total: 150100 ns
[1.108s][info][gc,start    ] GC(0) Pause Young (Metadata GC Threshold)
[1.117s][debug][gc,phases   ] GC(0) Scavenge 8.801ms
[1.117s][debug][gc,ref      ] GC(0) Skipped phase 1 of Reference Processing: no references
[1.117s][debug][gc,ref      ] GC(0) ReferenceProcessor::execute queues: 1, RefProcThreadModel::Single, marks_oops_alive: false
[1.118s][debug][gc,ref      ] GC(0) Skipped phase 3 of Reference Processing: no references
[1.118s][debug][gc,ref      ] GC(0) ReferenceProcessor::execute queues: 1, RefProcThreadModel::Single, marks_oops_alive: false
[1.118s][debug][gc,phases   ] GC(0) Reference Processing 0.170ms
[1.118s][debug][gc,phases   ] GC(0)   VM Weak                        Min:  0.0, Avg:  0.0, Max:  0.0, Diff:  0.0, Sum:  0.0, Workers: 4
[1.118s][debug][gc,phases   ] GC(0)     Dead                           Min: 0, Avg:  0.0, Max: 0, Diff: 0, Sum: 0, Workers: 4
[1.118s][debug][gc,phases   ] GC(0)     Total                          Min: 0, Avg: 30.2, Max: 64, Diff: 64, Sum: 121, Workers: 4
[1.118s][debug][gc,phases   ] GC(0)   ObjectSynchronizer Weak        Min:  0.0, Avg:  0.0, Max:  0.0, Diff:  0.0, Sum:  0.0, Workers: 4
[1.118s][debug][gc,phases   ] GC(0)     Dead                           Min: 0, Avg:  0.2, Max: 1, Diff: 1, Sum: 1, Workers: 4
[1.118s][debug][gc,phases   ] GC(0)     Total                          Min: 0, Avg:  1.0, Max: 4, Diff: 4, Sum: 4, Workers: 4
[1.118s][debug][gc,phases   ] GC(0)   JVMTI Tag Weak OopStorage      Min:  0.0, Avg:  0.0, Max:  0.0, Diff:  0.0, Sum:  0.0, Workers: 4
[1.118s][debug][gc,phases   ] GC(0)     Dead                           Min: 0, Avg:  0.0, Max: 0, Diff: 0, Sum: 0, Workers: 4
[1.118s][debug][gc,phases   ] GC(0)     Total                          Min: 0, Avg:  0.0, Max: 0, Diff: 0, Sum: 0, Workers: 4
[1.118s][debug][gc,phases   ] GC(0)   StringTable Weak               Min:  0.0, Avg:  0.0, Max:  0.0, Diff:  0.0, Sum:  0.2, Workers: 4
[1.118s][debug][gc,phases   ] GC(0)     Dead                           Min: 1, Avg:  6.8, Max: 17, Diff: 16, Sum: 27, Workers: 4
[1.118s][debug][gc,phases   ] GC(0)     Total                          Min: 2179, Avg: 2752.8, Max: 3200, Diff: 1021, Sum: 11011, Workers: 4
[1.118s][debug][gc,phases   ] GC(0)   ResolvedMethodTable Weak       Min:  0.0, Avg:  0.0, Max:  0.0, Diff:  0.0, Sum:  0.0, Workers: 4
[1.118s][debug][gc,phases   ] GC(0)     Dead                           Min: 2, Avg: 11.2, Max: 19, Diff: 17, Sum: 45, Workers: 4
[1.118s][debug][gc,phases   ] GC(0)     Total                          Min: 128, Avg: 160.8, Max: 195, Diff: 67, Sum: 643, Workers: 4
[1.118s][debug][gc,phases   ] GC(0)   JNI Weak                       Min:  0.0, Avg:  0.0, Max:  0.0, Diff:  0.0, Sum:  0.0, Workers: 4
[1.118s][debug][gc,phases   ] GC(0)     Dead                           Min: 0, Avg:  0.0, Max: 0, Diff: 0, Sum: 0, Workers: 4
[1.118s][debug][gc,phases   ] GC(0)     Total                          Min: 0, Avg:  0.0, Max: 0, Diff: 0, Sum: 0, Workers: 4
[1.118s][debug][gc,phases   ] GC(0)   StringDedup Table Weak         Min:  0.0, Avg:  0.0, Max:  0.0, Diff:  0.0, Sum:  0.0, Workers: 4
[1.118s][debug][gc,phases   ] GC(0)     Dead                           Min: 0, Avg:  0.0, Max: 0, Diff: 0, Sum: 0, Workers: 4
[1.118s][debug][gc,phases   ] GC(0)     Total                          Min: 0, Avg:  0.0, Max: 0, Diff: 0, Sum: 0, Workers: 4
[1.118s][debug][gc,phases   ] GC(0)   StringDedup Requests0 Weak     Min:  0.0, Avg:  0.0, Max:  0.0, Diff:  0.0, Sum:  0.0, Workers: 4
[1.118s][debug][gc,phases   ] GC(0)     Dead                           Min: 0, Avg:  0.0, Max: 0, Diff: 0, Sum: 0, Workers: 4
[1.118s][debug][gc,phases   ] GC(0)     Total                          Min: 0, Avg:  0.0, Max: 0, Diff: 0, Sum: 0, Workers: 4
[1.118s][debug][gc,phases   ] GC(0)   StringDedup Requests1 Weak     Min:  0.0, Avg:  0.0, Max:  0.0, Diff:  0.0, Sum:  0.0, Workers: 4
[1.118s][debug][gc,phases   ] GC(0)     Dead                           Min: 0, Avg:  0.0, Max: 0, Diff: 0, Sum: 0, Workers: 4
[1.118s][debug][gc,phases   ] GC(0)     Total                          Min: 0, Avg:  0.0, Max: 0, Diff: 0, Sum: 0, Workers: 4
[1.118s][debug][gc,phases   ] GC(0)   Weak JFR Old Object Samples    Min:  0.0, Avg:  0.0, Max:  0.0, Diff:  0.0, Sum:  0.0, Workers: 4
[1.118s][debug][gc,phases   ] GC(0)     Dead                           Min: 0, Avg:  0.0, Max: 0, Diff: 0, Sum: 0, Workers: 4
[1.118s][debug][gc,phases   ] GC(0)     Total                          Min: 0, Avg:  0.0, Max: 0, Diff: 0, Sum: 0, Workers: 4
[1.118s][debug][gc,phases   ] GC(0) Weak Processing 0.216ms
[1.118s][debug][gc,age      ] GC(0) Desired survivor size 536870912 bytes, new threshold 7 (max threshold 15)
[1.118s][info ][gc,heap     ] GC(0) PSYoungGen: 274527K(1572864K)->27156K(1572864K) Eden: 274527K(1048576K)->0K(1048576K) From: 0K(524288K)->27156K(524288K)
[1.118s][info ][gc,heap     ] GC(0) ParOldGen: 0K(6144K)->88K(6144K)
[1.118s][info ][gc,metaspace] GC(0) Metaspace: 21273K(21504K)->21273K(21504K) NonClass: 18827K(18944K)->18827K(18944K) Class: 2446K(2560K)->2446K(2560K)
[1.118s][info ][gc          ] GC(0) Pause Young (Metadata GC Threshold) 268M->26M(1542M) 9.508ms
[1.118s][info ][gc,cpu      ] GC(0) User=0.03s Sys=0.00s Real=0.01s
[1.118s][debug][gc,phases   ] GC(1) Pre Compact 0.010ms
[1.118s][info ][gc,start    ] GC(1) Pause Full (Metadata GC Threshold)
[1.118s][info ][gc,phases,start] GC(1) Marking Phase
[1.122s][debug][gc,phases      ] GC(1) Par Mark 4.600ms
[1.122s][debug][gc,ref         ] GC(1) Skipped phase 1 of Reference Processing: no references
[1.122s][debug][gc,ref         ] GC(1) ReferenceProcessor::execute queues: 1, RefProcThreadModel::Single, marks_oops_alive: false
[1.122s][debug][gc,ref         ] GC(1) Skipped phase 3 of Reference Processing: no references
[1.123s][debug][gc,ref         ] GC(1) ReferenceProcessor::execute queues: 1, RefProcThreadModel::Single, marks_oops_alive: false
[1.123s][debug][gc,phases      ] GC(1) Reference Processing 0.043ms
[1.123s][debug][gc,phases      ] GC(1)   VM Weak                        Min:  0.0, Avg:  0.0, Max:  0.0, Diff:  0.0, Sum:  0.0, Workers: 4
[1.123s][debug][gc,phases      ] GC(1)     Dead                           Min: 0, Avg:  0.0, Max: 0, Diff: 0, Sum: 0, Workers: 4
[1.123s][debug][gc,phases      ] GC(1)     Total                          Min: 0, Avg: 30.2, Max: 121, Diff: 121, Sum: 121, Workers: 4
[1.123s][debug][gc,phases      ] GC(1)   ObjectSynchronizer Weak        Min:  0.0, Avg:  0.0, Max:  0.0, Diff:  0.0, Sum:  0.0, Workers: 4
[1.123s][debug][gc,phases      ] GC(1)     Dead                           Min: 0, Avg:  0.0, Max: 0, Diff: 0, Sum: 0, Workers: 4
[1.123s][debug][gc,phases      ] GC(1)     Total                          Min: 0, Avg:  1.0, Max: 4, Diff: 4, Sum: 4, Workers: 4
[1.123s][debug][gc,phases      ] GC(1)   JVMTI Tag Weak OopStorage      Min:  0.0, Avg:  0.0, Max:  0.0, Diff:  0.0, Sum:  0.0, Workers: 4
[1.123s][debug][gc,phases      ] GC(1)     Dead                           Min: 0, Avg:  0.0, Max: 0, Diff: 0, Sum: 0, Workers: 4
[1.123s][debug][gc,phases      ] GC(1)     Total                          Min: 0, Avg:  0.0, Max: 0, Diff: 0, Sum: 0, Workers: 4
[1.123s][debug][gc,phases      ] GC(1)   StringTable Weak               Min:  0.0, Avg:  0.0, Max:  0.0, Diff:  0.0, Sum:  0.1, Workers: 4
[1.123s][debug][gc,phases      ] GC(1)     Dead                           Min: 0, Avg:  0.0, Max: 0, Diff: 0, Sum: 0, Workers: 4
[1.123s][debug][gc,phases      ] GC(1)     Total                          Min: 2368, Avg: 2752.8, Max: 3008, Diff: 640, Sum: 11011, Workers: 4
[1.123s][debug][gc,phases      ] GC(1)   ResolvedMethodTable Weak       Min:  0.0, Avg:  0.0, Max:  0.0, Diff:  0.0, Sum:  0.0, Workers: 4
[1.123s][debug][gc,phases      ] GC(1)     Dead                           Min: 0, Avg:  0.0, Max: 0, Diff: 0, Sum: 0, Workers: 4
[1.123s][debug][gc,phases      ] GC(1)     Total                          Min: 128, Avg: 160.8, Max: 195, Diff: 67, Sum: 643, Workers: 4
[1.123s][debug][gc,phases      ] GC(1)   JNI Weak                       Min:  0.0, Avg:  0.0, Max:  0.0, Diff:  0.0, Sum:  0.0, Workers: 4
[1.123s][debug][gc,phases      ] GC(1)     Dead                           Min: 0, Avg:  0.0, Max: 0, Diff: 0, Sum: 0, Workers: 4
[1.123s][debug][gc,phases      ] GC(1)     Total                          Min: 0, Avg:  0.0, Max: 0, Diff: 0, Sum: 0, Workers: 4
[1.123s][debug][gc,phases      ] GC(1)   StringDedup Table Weak         Min:  0.0, Avg:  0.0, Max:  0.0, Diff:  0.0, Sum:  0.0, Workers: 4
[1.123s][debug][gc,phases      ] GC(1)     Dead                           Min: 0, Avg:  0.0, Max: 0, Diff: 0, Sum: 0, Workers: 4
[1.123s][debug][gc,phases      ] GC(1)     Total                          Min: 0, Avg:  0.0, Max: 0, Diff: 0, Sum: 0, Workers: 4
[1.123s][debug][gc,phases      ] GC(1)   StringDedup Requests0 Weak     Min:  0.0, Avg:  0.0, Max:  0.0, Diff:  0.0, Sum:  0.0, Workers: 4
[1.123s][debug][gc,phases      ] GC(1)     Dead                           Min: 0, Avg:  0.0, Max: 0, Diff: 0, Sum: 0, Workers: 4
[1.123s][debug][gc,phases      ] GC(1)     Total                          Min: 0, Avg:  0.0, Max: 0, Diff: 0, Sum: 0, Workers: 4
[1.123s][debug][gc,phases      ] GC(1)   StringDedup Requests1 Weak     Min:  0.0, Avg:  0.0, Max:  0.0, Diff:  0.0, Sum:  0.0, Workers: 4
[1.123s][debug][gc,phases      ] GC(1)     Dead                           Min: 0, Avg:  0.0, Max: 0, Diff: 0, Sum: 0, Workers: 4
[1.123s][debug][gc,phases      ] GC(1)     Total                          Min: 0, Avg:  0.0, Max: 0, Diff: 0, Sum: 0, Workers: 4
[1.123s][debug][gc,phases      ] GC(1)   Weak JFR Old Object Samples    Min:  0.0, Avg:  0.0, Max:  0.0, Diff:  0.0, Sum:  0.0, Workers: 4
[1.123s][debug][gc,phases      ] GC(1)     Dead                           Min: 0, Avg:  0.0, Max: 0, Diff: 0, Sum: 0, Workers: 4
[1.123s][debug][gc,phases      ] GC(1)     Total                          Min: 0, Avg:  0.0, Max: 0, Diff: 0, Sum: 0, Workers: 4
[1.123s][debug][gc,phases      ] GC(1) Weak Processing 0.178ms
[1.123s][debug][gc,phases      ] GC(1) ClassLoaderData 0.005ms
[1.123s][debug][gc,phases      ] GC(1) Trigger cleanups 0.000ms
[1.125s][debug][gc,phases      ] GC(1) Class Unloading 1.835ms
[1.125s][info ][gc,phases      ] GC(1) Marking Phase 6.707ms
[1.125s][info ][gc,phases,start] GC(1) Summary Phase
[1.125s][info ][gc,phases      ] GC(1) Summary Phase 0.004ms
[1.125s][info ][gc,phases,start] GC(1) Adjust Roots
[1.127s][info ][gc,phases      ] GC(1) Adjust Roots 2.389ms
[1.127s][info ][gc,phases,start] GC(1) Compaction Phase
[1.137s][info ][gc,phases      ] GC(1) Compaction Phase 10.351ms
[1.137s][info ][gc,phases,start] GC(1) Post Compact
[1.138s][info ][gc,phases      ] GC(1) Post Compact 0.412ms
[1.138s][info ][gc,heap        ] GC(1) PSYoungGen: 27156K(1572864K)->21406K(1572864K) Eden: 0K(1048576K)->0K(1048576K) From: 27156K(524288K)->21406K(524288K)
[1.138s][info ][gc,heap        ] GC(1) ParOldGen: 88K(6144K)->5684K(6144K)
[1.138s][info ][gc,metaspace   ] GC(1) Metaspace: 21273K(21504K)->21273K(21504K) NonClass: 18827K(18944K)->18827K(18944K) Class: 2446K(2560K)->2446K(2560K)
[1.138s][info ][gc             ] GC(1) Pause Full (Metadata GC Threshold) 26M->26M(1542M) 19.976ms
[1.138s][info ][gc,cpu         ] GC(1) User=0.07s Sys=0.00s Real=0.02s
[1.138s][info ][safepoint      ] Safepoint "CollectForMetadataAllocation", Time since last: 212536575 ns, Reaching safepoint: 149301 ns, At safepoint: 29601294 ns, Total: 29750595 ns
[1.440s][info ][safepoint      ] Safepoint "ICBufferFull", Time since last: 302394361 ns, Reaching safepoint: 116000 ns, At safepoint: 5500 ns, Total: 121500 ns
[1.457s][info ][safepoint      ] Safepoint "ICBufferFull", Time since last: 16320452 ns, Reaching safepoint: 32200 ns, At safepoint: 7600 ns, Total: 39800 ns
[1.461s][info ][safepoint      ] Safepoint "ICBufferFull", Time since last: 4027213 ns, Reaching safepoint: 103000 ns, At safepoint: 4300 ns, Total: 107300 ns
[1.470s][info ][safepoint      ] Safepoint "ICBufferFull", Time since last: 9240730 ns, Reaching safepoint: 53900 ns, At safepoint: 4500 ns, Total: 58400 ns
[1.473s][info ][safepoint      ] Safepoint "ICBufferFull", Time since last: 3067310 ns, Reaching safepoint: 96700 ns, At safepoint: 4000 ns, Total: 100700 ns
[1.476s][info ][safepoint      ] Safepoint "ICBufferFull", Time since last: 2755809 ns, Reaching safepoint: 29600 ns, At safepoint: 1900 ns, Total: 31500 ns
[1.479s][info ][safepoint      ] Safepoint "ICBufferFull", Time since last: 2706008 ns, Reaching safepoint: 40701 ns, At safepoint: 4300 ns, Total: 45001 ns
[1.481s][info ][safepoint      ] Safepoint "ICBufferFull", Time since last: 2273607 ns, Reaching safepoint: 35300 ns, At safepoint: 2300 ns, Total: 37600 ns
[1.483s][info ][safepoint      ] Safepoint "ICBufferFull", Time since last: 2177407 ns, Reaching safepoint: 30200 ns, At safepoint: 1600 ns, Total: 31800 ns
[1.489s][info ][safepoint      ] Safepoint "ICBufferFull", Time since last: 5376117 ns, Reaching safepoint: 35100 ns, At safepoint: 1500 ns, Total: 36600 ns
[1.490s][info ][safepoint      ] Safepoint "ICBufferFull", Time since last: 1435505 ns, Reaching safepoint: 28300 ns, At safepoint: 1400 ns, Total: 29700 ns
[1.491s][info ][safepoint      ] Safepoint "ICBufferFull", Time since last: 459001 ns, Reaching safepoint: 88801 ns, At safepoint: 6900 ns, Total: 95701 ns
[1.549s][info ][safepoint      ] Safepoint "ICBufferFull", Time since last: 58465185 ns, Reaching safepoint: 103301 ns, At safepoint: 4800 ns, Total: 108101 ns
[1.551s][info ][safepoint      ] Safepoint "ICBufferFull", Time since last: 1048403 ns, Reaching safepoint: 104000 ns, At safepoint: 4400 ns, Total: 108400 ns
[1.552s][info ][safepoint      ] Safepoint "ICBufferFull", Time since last: 1086604 ns, Reaching safepoint: 33000 ns, At safepoint: 1800 ns, Total: 34800 ns
[1.553s][info ][safepoint      ] Safepoint "ICBufferFull", Time since last: 1036603 ns, Reaching safepoint: 93401 ns, At safepoint: 4300 ns, Total: 97701 ns
[1.554s][info ][safepoint      ] Safepoint "ICBufferFull", Time since last: 732302 ns, Reaching safepoint: 93400 ns, At safepoint: 6600 ns, Total: 100000 ns
[1.555s][info ][safepoint      ] Safepoint "ICBufferFull", Time since last: 1076104 ns, Reaching safepoint: 24200 ns, At safepoint: 1500 ns, Total: 25700 ns
[1.555s][info ][safepoint      ] Safepoint "ICBufferFull", Time since last: 698302 ns, Reaching safepoint: 32600 ns, At safepoint: 5800 ns, Total: 38400 ns
[1.557s][info ][safepoint      ] Safepoint "ICBufferFull", Time since last: 947403 ns, Reaching safepoint: 94700 ns, At safepoint: 6500 ns, Total: 101200 ns
[1.557s][info ][safepoint      ] Safepoint "ICBufferFull", Time since last: 695203 ns, Reaching safepoint: 12900 ns, At safepoint: 6300 ns, Total: 19200 ns
[1.558s][info ][safepoint      ] Safepoint "ICBufferFull", Time since last: 854502 ns, Reaching safepoint: 14000 ns, At safepoint: 1600 ns, Total: 15600 ns
[1.559s][info ][safepoint      ] Safepoint "ICBufferFull", Time since last: 658303 ns, Reaching safepoint: 12300 ns, At safepoint: 1600 ns, Total: 13900 ns
[1.560s][info ][safepoint      ] Safepoint "ICBufferFull", Time since last: 1200203 ns, Reaching safepoint: 38501 ns, At safepoint: 4200 ns, Total: 42701 ns
[1.560s][info ][safepoint      ] Safepoint "ICBufferFull", Time since last: 429601 ns, Reaching safepoint: 15700 ns, At safepoint: 2000 ns, Total: 17700 ns
[1.562s][info ][safepoint      ] Safepoint "ICBufferFull", Time since last: 1056803 ns, Reaching safepoint: 13300 ns, At safepoint: 1600 ns, Total: 14900 ns
[1.563s][info ][safepoint      ] Safepoint "ICBufferFull", Time since last: 1469705 ns, Reaching safepoint: 14500 ns, At safepoint: 2100 ns, Total: 16600 ns
[1.564s][info ][safepoint      ] Safepoint "ICBufferFull", Time since last: 1257504 ns, Reaching safepoint: 38100 ns, At safepoint: 1600 ns, Total: 39700 ns
[1.570s][info ][safepoint      ] Safepoint "ICBufferFull", Time since last: 5764619 ns, Reaching safepoint: 38100 ns, At safepoint: 2900 ns, Total: 41000 ns
[1.578s][info ][safepoint      ] Safepoint "ICBufferFull", Time since last: 7656924 ns, Reaching safepoint: 37400 ns, At safepoint: 2100 ns, Total: 39500 ns
[1.591s][info ][safepoint      ] Safepoint "ICBufferFull", Time since last: 13513043 ns, Reaching safepoint: 31500 ns, At safepoint: 2300 ns, Total: 33800 ns
[1.619s][info ][safepoint      ] Safepoint "ICBufferFull", Time since last: 27407987 ns, Reaching safepoint: 60900 ns, At safepoint: 4800 ns, Total: 65700 ns
[1.619s][info ][safepoint      ] Safepoint "ICBufferFull", Time since last: 440102 ns, Reaching safepoint: 18100 ns, At safepoint: 7900 ns, Total: 26000 ns
[1.624s][info ][safepoint      ] Safepoint "ICBufferFull", Time since last: 4224813 ns, Reaching safepoint: 105801 ns, At safepoint: 7400 ns, Total: 113201 ns
[1.624s][info ][safepoint      ] Safepoint "ICBufferFull", Time since last: 548201 ns, Reaching safepoint: 19101 ns, At safepoint: 1900 ns, Total: 21001 ns
[1.663s][info ][safepoint      ] Safepoint "ICBufferFull", Time since last: 38748923 ns, Reaching safepoint: 67600 ns, At safepoint: 2800 ns, Total: 70400 ns
[1.666s][info ][safepoint      ] Safepoint "ICBufferFull", Time since last: 2801309 ns, Reaching safepoint: 34900 ns, At safepoint: 1800 ns, Total: 36700 ns
[1.667s][info ][safepoint      ] Safepoint "ICBufferFull", Time since last: 983803 ns, Reaching safepoint: 15700 ns, At safepoint: 2400 ns, Total: 18100 ns
[1.668s][info ][safepoint      ] Safepoint "ICBufferFull", Time since last: 1423005 ns, Reaching safepoint: 79900 ns, At safepoint: 6000 ns, Total: 85900 ns
[1.670s][info ][safepoint      ] Safepoint "ICBufferFull", Time since last: 1578305 ns, Reaching safepoint: 14600 ns, At safepoint: 2200 ns, Total: 16800 ns
[1.672s][info ][safepoint      ] Safepoint "ICBufferFull", Time since last: 1484105 ns, Reaching safepoint: 21900 ns, At safepoint: 2000 ns, Total: 23900 ns
[1.672s][info ][safepoint      ] Safepoint "ICBufferFull", Time since last: 785202 ns, Reaching safepoint: 12900 ns, At safepoint: 2000 ns, Total: 14900 ns
[1.673s][info ][safepoint      ] Safepoint "ICBufferFull", Time since last: 443402 ns, Reaching safepoint: 11500 ns, At safepoint: 1800 ns, Total: 13300 ns
[1.674s][info ][safepoint      ] Safepoint "ICBufferFull", Time since last: 790802 ns, Reaching safepoint: 13100 ns, At safepoint: 2000 ns, Total: 15100 ns
[1.675s][info ][safepoint      ] Safepoint "ICBufferFull", Time since last: 1516705 ns, Reaching safepoint: 23700 ns, At safepoint: 7200 ns, Total: 30900 ns
[1.676s][info ][safepoint      ] Safepoint "ICBufferFull", Time since last: 743803 ns, Reaching safepoint: 14300 ns, At safepoint: 6800 ns, Total: 21100 ns
[1.677s][info ][safepoint      ] Safepoint "ICBufferFull", Time since last: 780602 ns, Reaching safepoint: 12000 ns, At safepoint: 2000 ns, Total: 14000 ns
[1.677s][info ][safepoint      ] Safepoint "ICBufferFull", Time since last: 764003 ns, Reaching safepoint: 11800 ns, At safepoint: 2000 ns, Total: 13800 ns
[1.680s][info ][safepoint      ] Safepoint "ICBufferFull", Time since last: 2289007 ns, Reaching safepoint: 12600 ns, At safepoint: 2300 ns, Total: 14900 ns
[1.682s][info ][safepoint      ] Safepoint "ICBufferFull", Time since last: 1786006 ns, Reaching safepoint: 21000 ns, At safepoint: 6200 ns, Total: 27200 ns
[1.683s][info ][safepoint      ] Safepoint "ICBufferFull", Time since last: 1096003 ns, Reaching safepoint: 28100 ns, At safepoint: 2200 ns, Total: 30300 ns
[1.684s][info ][safepoint      ] Safepoint "ICBufferFull", Time since last: 1506005 ns, Reaching safepoint: 16700 ns, At safepoint: 1800 ns, Total: 18500 ns
[1.686s][info ][safepoint      ] Safepoint "ICBufferFull", Time since last: 1836706 ns, Reaching safepoint: 19500 ns, At safepoint: 2000 ns, Total: 21500 ns
[1.689s][info ][safepoint      ] Safepoint "ICBufferFull", Time since last: 2623908 ns, Reaching safepoint: 18900 ns, At safepoint: 2000 ns, Total: 20900 ns
[1.692s][info ][safepoint      ] Safepoint "ICBufferFull", Time since last: 3393111 ns, Reaching safepoint: 39400 ns, At safepoint: 4600 ns, Total: 44000 ns
[1.697s][info ][safepoint      ] Safepoint "ICBufferFull", Time since last: 4424314 ns, Reaching safepoint: 23201 ns, At safepoint: 7300 ns, Total: 30501 ns
[1.698s][info ][safepoint      ] Safepoint "ICBufferFull", Time since last: 1020103 ns, Reaching safepoint: 84700 ns, At safepoint: 4900 ns, Total: 89600 ns
[1.700s][info ][safepoint      ] Safepoint "ICBufferFull", Time since last: 2008306 ns, Reaching safepoint: 19201 ns, At safepoint: 5800 ns, Total: 25001 ns
[1.701s][info ][safepoint      ] Safepoint "ICBufferFull", Time since last: 1436204 ns, Reaching safepoint: 21200 ns, At safepoint: 6800 ns, Total: 28000 ns
[1.703s][info ][safepoint      ] Safepoint "ICBufferFull", Time since last: 1463505 ns, Reaching safepoint: 19300 ns, At safepoint: 6800 ns, Total: 26100 ns
[1.704s][info ][safepoint      ] Safepoint "ICBufferFull", Time since last: 1483405 ns, Reaching safepoint: 86800 ns, At safepoint: 7200 ns, Total: 94000 ns
[1.706s][info ][safepoint      ] Safepoint "ICBufferFull", Time since last: 1512905 ns, Reaching safepoint: 22200 ns, At safepoint: 2300 ns, Total: 24500 ns
[1.708s][info ][safepoint      ] Safepoint "ICBufferFull", Time since last: 1691105 ns, Reaching safepoint: 18100 ns, At safepoint: 7600 ns, Total: 25700 ns
[1.710s][info ][safepoint      ] Safepoint "ICBufferFull", Time since last: 2532608 ns, Reaching safepoint: 29900 ns, At safepoint: 12100 ns, Total: 42000 ns
[1.712s][info ][safepoint      ] Safepoint "ICBufferFull", Time since last: 1901207 ns, Reaching safepoint: 92500 ns, At safepoint: 4900 ns, Total: 97400 ns
[1.714s][info ][safepoint      ] Safepoint "ICBufferFull", Time since last: 1383104 ns, Reaching safepoint: 13100 ns, At safepoint: 1700 ns, Total: 14800 ns
[1.715s][info ][safepoint      ] Safepoint "ICBufferFull", Time since last: 1536705 ns, Reaching safepoint: 13800 ns, At safepoint: 1600 ns, Total: 15400 ns
[1.717s][info ][safepoint      ] Safepoint "ICBufferFull", Time since last: 2089707 ns, Reaching safepoint: 81800 ns, At safepoint: 9600 ns, Total: 91400 ns
[1.719s][info ][safepoint      ] Safepoint "ICBufferFull", Time since last: 2167407 ns, Reaching safepoint: 19200 ns, At safepoint: 2700 ns, Total: 21900 ns
[1.721s][info ][safepoint      ] Safepoint "ICBufferFull", Time since last: 2005806 ns, Reaching safepoint: 17501 ns, At safepoint: 2300 ns, Total: 19801 ns
[1.724s][info ][safepoint      ] Safepoint "ICBufferFull", Time since last: 2499507 ns, Reaching safepoint: 29601 ns, At safepoint: 2000 ns, Total: 31601 ns
[1.733s][info ][safepoint      ] Safepoint "ICBufferFull", Time since last: 8509527 ns, Reaching safepoint: 32000 ns, At safepoint: 6800 ns, Total: 38800 ns
[1.733s][info ][safepoint      ] Safepoint "ICBufferFull", Time since last: 811702 ns, Reaching safepoint: 22400 ns, At safepoint: 1500 ns, Total: 23900 ns
[1.735s][info ][safepoint      ] Safepoint "ICBufferFull", Time since last: 1335205 ns, Reaching safepoint: 13800 ns, At safepoint: 1700 ns, Total: 15500 ns
[1.735s][info ][safepoint      ] Safepoint "ICBufferFull", Time since last: 420101 ns, Reaching safepoint: 13800 ns, At safepoint: 1500 ns, Total: 15300 ns
[1.737s][info ][safepoint      ] Safepoint "ICBufferFull", Time since last: 1762206 ns, Reaching safepoint: 17100 ns, At safepoint: 2100 ns, Total: 19200 ns
[1.739s][info ][safepoint      ] Safepoint "ICBufferFull", Time since last: 2497208 ns, Reaching safepoint: 19800 ns, At safepoint: 2300 ns, Total: 22100 ns
[1.745s][info ][safepoint      ] Safepoint "ICBufferFull", Time since last: 5168016 ns, Reaching safepoint: 34200 ns, At safepoint: 2900 ns, Total: 37100 ns
[1.750s][info ][safepoint      ] Safepoint "ICBufferFull", Time since last: 4912616 ns, Reaching safepoint: 34500 ns, At safepoint: 1700 ns, Total: 36200 ns
[1.752s][info ][safepoint      ] Safepoint "ICBufferFull", Time since last: 1937006 ns, Reaching safepoint: 19100 ns, At safepoint: 1900 ns, Total: 21000 ns
[1.752s][info ][safepoint      ] Safepoint "ICBufferFull", Time since last: 634502 ns, Reaching safepoint: 14500 ns, At safepoint: 1400 ns, Total: 15900 ns
[1.755s][info ][safepoint      ] Safepoint "ICBufferFull", Time since last: 3225111 ns, Reaching safepoint: 14100 ns, At safepoint: 1400 ns, Total: 15500 ns
[1.756s][info ][safepoint      ] Safepoint "ICBufferFull", Time since last: 988703 ns, Reaching safepoint: 15800 ns, At safepoint: 1800 ns, Total: 17600 ns
[1.759s][info ][safepoint      ] Safepoint "ICBufferFull", Time since last: 2503008 ns, Reaching safepoint: 84000 ns, At safepoint: 5300 ns, Total: 89300 ns
[1.760s][info ][safepoint      ] Safepoint "ICBufferFull", Time since last: 447201 ns, Reaching safepoint: 24001 ns, At safepoint: 1500 ns, Total: 25501 ns
[1.761s][info ][safepoint      ] Safepoint "ICBufferFull", Time since last: 1701805 ns, Reaching safepoint: 26800 ns, At safepoint: 1800 ns, Total: 28600 ns
[1.763s][info ][safepoint      ] Safepoint "ICBufferFull", Time since last: 1636505 ns, Reaching safepoint: 24800 ns, At safepoint: 1600 ns, Total: 26400 ns
[1.763s][info ][safepoint      ] Safepoint "ICBufferFull", Time since last: 429502 ns, Reaching safepoint: 13900 ns, At safepoint: 1300 ns, Total: 15200 ns
[1.767s][info ][safepoint      ] Safepoint "ICBufferFull", Time since last: 3445511 ns, Reaching safepoint: 35800 ns, At safepoint: 2500 ns, Total: 38300 ns
[1.773s][info ][safepoint      ] Safepoint "ICBufferFull", Time since last: 5681718 ns, Reaching safepoint: 21400 ns, At safepoint: 2300 ns, Total: 23700 ns
[1.780s][info ][safepoint      ] Safepoint "ICBufferFull", Time since last: 7313423 ns, Reaching safepoint: 44400 ns, At safepoint: 2100 ns, Total: 46500 ns
[1.793s][info ][safepoint      ] Safepoint "ICBufferFull", Time since last: 12837541 ns, Reaching safepoint: 20500 ns, At safepoint: 2800 ns, Total: 23300 ns
[1.794s][info ][safepoint      ] Safepoint "ICBufferFull", Time since last: 856103 ns, Reaching safepoint: 19600 ns, At safepoint: 6800 ns, Total: 26400 ns
[1.795s][info ][safepoint      ] Safepoint "ICBufferFull", Time since last: 1136204 ns, Reaching safepoint: 18500 ns, At safepoint: 2400 ns, Total: 20900 ns
[1.796s][info ][safepoint      ] Safepoint "ICBufferFull", Time since last: 808802 ns, Reaching safepoint: 17200 ns, At safepoint: 2700 ns, Total: 19900 ns
[1.796s][info ][safepoint      ] Safepoint "ICBufferFull", Time since last: 812503 ns, Reaching safepoint: 17400 ns, At safepoint: 2400 ns, Total: 19800 ns
[1.800s][info ][safepoint      ] Safepoint "ICBufferFull", Time since last: 3082810 ns, Reaching safepoint: 33000 ns, At safepoint: 2300 ns, Total: 35300 ns
[1.801s][info ][safepoint      ] Safepoint "ICBufferFull", Time since last: 1126803 ns, Reaching safepoint: 27400 ns, At safepoint: 3301 ns, Total: 30701 ns
[1.802s][info ][safepoint      ] Safepoint "ICBufferFull", Time since last: 984503 ns, Reaching safepoint: 23700 ns, At safepoint: 2700 ns, Total: 26400 ns
[1.803s][info ][safepoint      ] Safepoint "ICBufferFull", Time since last: 1064603 ns, Reaching safepoint: 14600 ns, At safepoint: 2400 ns, Total: 17000 ns
[1.805s][info ][safepoint      ] Safepoint "ICBufferFull", Time since last: 2548208 ns, Reaching safepoint: 17600 ns, At safepoint: 2600 ns, Total: 20200 ns
[1.806s][info ][safepoint      ] Safepoint "ICBufferFull", Time since last: 846903 ns, Reaching safepoint: 19400 ns, At safepoint: 2600 ns, Total: 22000 ns
[1.808s][info ][safepoint      ] Safepoint "ICBufferFull", Time since last: 1263304 ns, Reaching safepoint: 24300 ns, At safepoint: 2700 ns, Total: 27000 ns
[1.811s][info ][safepoint      ] Safepoint "ICBufferFull", Time since last: 3398111 ns, Reaching safepoint: 29700 ns, At safepoint: 2300 ns, Total: 32000 ns
[1.812s][info ][safepoint      ] Safepoint "ICBufferFull", Time since last: 739302 ns, Reaching safepoint: 17400 ns, At safepoint: 2200 ns, Total: 19600 ns
[1.813s][info ][safepoint      ] Safepoint "ICBufferFull", Time since last: 1636906 ns, Reaching safepoint: 18200 ns, At safepoint: 2100 ns, Total: 20300 ns
[1.814s][info ][safepoint      ] Safepoint "ICBufferFull", Time since last: 436101 ns, Reaching safepoint: 15700 ns, At safepoint: 1800 ns, Total: 17500 ns
[1.815s][info ][safepoint      ] Safepoint "ICBufferFull", Time since last: 1355605 ns, Reaching safepoint: 18000 ns, At safepoint: 2100 ns, Total: 20100 ns
[1.816s][info ][safepoint      ] Safepoint "ICBufferFull", Time since last: 1167803 ns, Reaching safepoint: 16800 ns, At safepoint: 2000 ns, Total: 18800 ns
[1.818s][info ][safepoint      ] Safepoint "ICBufferFull", Time since last: 1112804 ns, Reaching safepoint: 17300 ns, At safepoint: 2200 ns, Total: 19500 ns
[1.819s][info ][safepoint      ] Safepoint "ICBufferFull", Time since last: 1102303 ns, Reaching safepoint: 16500 ns, At safepoint: 2001 ns, Total: 18501 ns
[1.820s][info ][safepoint      ] Safepoint "ICBufferFull", Time since last: 1117803 ns, Reaching safepoint: 16500 ns, At safepoint: 2000 ns, Total: 18500 ns
[1.821s][info ][safepoint      ] Safepoint "ICBufferFull", Time since last: 1134104 ns, Reaching safepoint: 17300 ns, At safepoint: 2100 ns, Total: 19400 ns
[1.822s][info ][safepoint      ] Safepoint "ICBufferFull", Time since last: 1196304 ns, Reaching safepoint: 16900 ns, At safepoint: 2100 ns, Total: 19000 ns
[1.823s][info ][safepoint      ] Safepoint "ICBufferFull", Time since last: 1109403 ns, Reaching safepoint: 85800 ns, At safepoint: 6500 ns, Total: 92300 ns
[1.825s][info ][safepoint      ] Safepoint "ICBufferFull", Time since last: 1162104 ns, Reaching safepoint: 18000 ns, At safepoint: 6500 ns, Total: 24500 ns
[1.826s][info ][safepoint      ] Safepoint "ICBufferFull", Time since last: 1573205 ns, Reaching safepoint: 85401 ns, At safepoint: 6500 ns, Total: 91901 ns
[1.827s][info ][safepoint      ] Safepoint "ICBufferFull", Time since last: 1180503 ns, Reaching safepoint: 34200 ns, At safepoint: 4200 ns, Total: 38400 ns
[1.829s][info ][safepoint      ] Safepoint "ICBufferFull", Time since last: 1058404 ns, Reaching safepoint: 24700 ns, At safepoint: 6000 ns, Total: 30700 ns
[1.831s][info ][safepoint      ] Safepoint "ICBufferFull", Time since last: 2238107 ns, Reaching safepoint: 29900 ns, At safepoint: 5000 ns, Total: 34900 ns
[1.832s][info ][safepoint      ] Safepoint "ICBufferFull", Time since last: 1073003 ns, Reaching safepoint: 19801 ns, At safepoint: 2400 ns, Total: 22201 ns
[1.833s][info ][safepoint      ] Safepoint "ICBufferFull", Time since last: 1039203 ns, Reaching safepoint: 18900 ns, At safepoint: 2300 ns, Total: 21200 ns
[1.834s][info ][safepoint      ] Safepoint "ICBufferFull", Time since last: 1038403 ns, Reaching safepoint: 19300 ns, At safepoint: 2200 ns, Total: 21500 ns
[1.835s][info ][safepoint      ] Safepoint "ICBufferFull", Time since last: 437702 ns, Reaching safepoint: 16800 ns, At safepoint: 1900 ns, Total: 18700 ns
[1.836s][info ][safepoint      ] Safepoint "ICBufferFull", Time since last: 1496305 ns, Reaching safepoint: 35600 ns, At safepoint: 5100 ns, Total: 40700 ns
[1.838s][info ][safepoint      ] Safepoint "ICBufferFull", Time since last: 2202007 ns, Reaching safepoint: 21800 ns, At safepoint: 2100 ns, Total: 23900 ns
[1.839s][info ][safepoint      ] Safepoint "ICBufferFull", Time since last: 1128703 ns, Reaching safepoint: 20900 ns, At safepoint: 2700 ns, Total: 23600 ns
[1.841s][info ][safepoint      ] Safepoint "ICBufferFull", Time since last: 1269904 ns, Reaching safepoint: 20300 ns, At safepoint: 2500 ns, Total: 22800 ns
[1.842s][info ][safepoint      ] Safepoint "ICBufferFull", Time since last: 1493305 ns, Reaching safepoint: 18800 ns, At safepoint: 2200 ns, Total: 21000 ns
[1.843s][info ][safepoint      ] Safepoint "ICBufferFull", Time since last: 430902 ns, Reaching safepoint: 17100 ns, At safepoint: 1900 ns, Total: 19000 ns
[1.844s][info ][safepoint      ] Safepoint "ICBufferFull", Time since last: 1554905 ns, Reaching safepoint: 18200 ns, At safepoint: 2400 ns, Total: 20600 ns
[1.846s][info ][safepoint      ] Safepoint "ICBufferFull", Time since last: 1419804 ns, Reaching safepoint: 18400 ns, At safepoint: 4500 ns, Total: 22900 ns
[1.846s][info ][safepoint      ] Safepoint "ICBufferFull", Time since last: 736203 ns, Reaching safepoint: 18600 ns, At safepoint: 4500 ns, Total: 23100 ns
[1.847s][info ][safepoint      ] Safepoint "ICBufferFull", Time since last: 986903 ns, Reaching safepoint: 41500 ns, At safepoint: 3000 ns, Total: 44500 ns
[1.849s][info ][safepoint      ] Safepoint "ICBufferFull", Time since last: 1212904 ns, Reaching safepoint: 22800 ns, At safepoint: 8200 ns, Total: 31000 ns
[1.849s][info ][safepoint      ] Safepoint "ICBufferFull", Time since last: 717302 ns, Reaching safepoint: 19500 ns, At safepoint: 2300 ns, Total: 21800 ns
[1.851s][info ][safepoint      ] Safepoint "ICBufferFull", Time since last: 1015804 ns, Reaching safepoint: 20000 ns, At safepoint: 2700 ns, Total: 22700 ns
[1.851s][info ][safepoint      ] Safepoint "ICBufferFull", Time since last: 862902 ns, Reaching safepoint: 18200 ns, At safepoint: 2600 ns, Total: 20800 ns
[1.852s][info ][safepoint      ] Safepoint "ICBufferFull", Time since last: 725503 ns, Reaching safepoint: 16600 ns, At safepoint: 2500 ns, Total: 19100 ns
[1.853s][info ][safepoint      ] Safepoint "ICBufferFull", Time since last: 831602 ns, Reaching safepoint: 19600 ns, At safepoint: 5200 ns, Total: 24800 ns
[1.854s][info ][safepoint      ] Safepoint "ICBufferFull", Time since last: 828203 ns, Reaching safepoint: 19400 ns, At safepoint: 2400 ns, Total: 21800 ns
[1.854s][info ][safepoint      ] Safepoint "ICBufferFull", Time since last: 620302 ns, Reaching safepoint: 18000 ns, At safepoint: 2600 ns, Total: 20600 ns
[1.855s][info ][safepoint      ] Safepoint "ICBufferFull", Time since last: 577502 ns, Reaching safepoint: 19400 ns, At safepoint: 2400 ns, Total: 21800 ns
[1.856s][info ][safepoint      ] Safepoint "ICBufferFull", Time since last: 583802 ns, Reaching safepoint: 18300 ns, At safepoint: 2200 ns, Total: 20500 ns
[1.856s][info ][safepoint      ] Safepoint "ICBufferFull", Time since last: 644002 ns, Reaching safepoint: 18000 ns, At safepoint: 2300 ns, Total: 20300 ns
[1.857s][info ][safepoint      ] Safepoint "ICBufferFull", Time since last: 430502 ns, Reaching safepoint: 17300 ns, At safepoint: 2100 ns, Total: 19400 ns
[1.858s][info ][safepoint      ] Safepoint "ICBufferFull", Time since last: 1404804 ns, Reaching safepoint: 19600 ns, At safepoint: 2600 ns, Total: 22200 ns
[1.859s][info ][safepoint      ] Safepoint "ICBufferFull", Time since last: 592602 ns, Reaching safepoint: 17000 ns, At safepoint: 6600 ns, Total: 23600 ns
[1.859s][info ][safepoint      ] Safepoint "ICBufferFull", Time since last: 569302 ns, Reaching safepoint: 16400 ns, At safepoint: 6100 ns, Total: 22500 ns
[1.860s][info ][safepoint      ] Safepoint "ICBufferFull", Time since last: 574202 ns, Reaching safepoint: 16500 ns, At safepoint: 2100 ns, Total: 18600 ns
[1.861s][info ][safepoint      ] Safepoint "ICBufferFull", Time since last: 577102 ns, Reaching safepoint: 17100 ns, At safepoint: 2400 ns, Total: 19500 ns
[1.861s][info ][safepoint      ] Safepoint "ICBufferFull", Time since last: 563702 ns, Reaching safepoint: 19400 ns, At safepoint: 6800 ns, Total: 26200 ns
[1.862s][info ][safepoint      ] Safepoint "ICBufferFull", Time since last: 579401 ns, Reaching safepoint: 85701 ns, At safepoint: 10100 ns, Total: 95801 ns
[1.863s][info ][safepoint      ] Safepoint "ICBufferFull", Time since last: 620802 ns, Reaching safepoint: 84800 ns, At safepoint: 6600 ns, Total: 91400 ns
[1.863s][info ][safepoint      ] Safepoint "ICBufferFull", Time since last: 554602 ns, Reaching safepoint: 87500 ns, At safepoint: 5800 ns, Total: 93300 ns
[1.864s][info ][safepoint      ] Safepoint "ICBufferFull", Time since last: 599402 ns, Reaching safepoint: 17800 ns, At safepoint: 2300 ns, Total: 20100 ns
[1.865s][info ][safepoint      ] Safepoint "ICBufferFull", Time since last: 696702 ns, Reaching safepoint: 16800 ns, At safepoint: 2000 ns, Total: 18800 ns
[1.865s][info ][safepoint      ] Safepoint "ICBufferFull", Time since last: 670602 ns, Reaching safepoint: 25501 ns, At safepoint: 1600 ns, Total: 27101 ns
[1.866s][info ][safepoint      ] Safepoint "ICBufferFull", Time since last: 828002 ns, Reaching safepoint: 25500 ns, At safepoint: 1700 ns, Total: 27200 ns
[1.867s][info ][safepoint      ] Safepoint "ICBufferFull", Time since last: 880303 ns, Reaching safepoint: 18200 ns, At safepoint: 1700 ns, Total: 19900 ns
[1.869s][info ][safepoint      ] Safepoint "ICBufferFull", Time since last: 2010007 ns, Reaching safepoint: 18800 ns, At safepoint: 7400 ns, Total: 26200 ns
[1.871s][info ][safepoint      ] Safepoint "ICBufferFull", Time since last: 1945106 ns, Reaching safepoint: 19000 ns, At safepoint: 2400 ns, Total: 21400 ns
[1.873s][info ][safepoint      ] Safepoint "ICBufferFull", Time since last: 2089006 ns, Reaching safepoint: 19001 ns, At safepoint: 2500 ns, Total: 21501 ns
[1.875s][info ][safepoint      ] Safepoint "ICBufferFull", Time since last: 1884806 ns, Reaching safepoint: 18500 ns, At safepoint: 2500 ns, Total: 21000 ns
[1.877s][info ][safepoint      ] Safepoint "ICBufferFull", Time since last: 1872906 ns, Reaching safepoint: 19500 ns, At safepoint: 5900 ns, Total: 25400 ns
[1.878s][info ][safepoint      ] Safepoint "ICBufferFull", Time since last: 1157803 ns, Reaching safepoint: 22000 ns, At safepoint: 5700 ns, Total: 27700 ns
[1.879s][info ][safepoint      ] Safepoint "ICBufferFull", Time since last: 934503 ns, Reaching safepoint: 17000 ns, At safepoint: 1800 ns, Total: 18800 ns
[1.880s][info ][safepoint      ] Safepoint "ICBufferFull", Time since last: 955403 ns, Reaching safepoint: 16201 ns, At safepoint: 6400 ns, Total: 22601 ns
[1.881s][info ][safepoint      ] Safepoint "ICBufferFull", Time since last: 956203 ns, Reaching safepoint: 25400 ns, At safepoint: 1800 ns, Total: 27200 ns
[1.882s][info ][safepoint      ] Safepoint "ICBufferFull", Time since last: 1377904 ns, Reaching safepoint: 19400 ns, At safepoint: 2600 ns, Total: 22000 ns
[1.883s][info ][safepoint      ] Safepoint "ICBufferFull", Time since last: 618802 ns, Reaching safepoint: 19500 ns, At safepoint: 2400 ns, Total: 21900 ns
[1.886s][info ][safepoint      ] Safepoint "ICBufferFull", Time since last: 2641509 ns, Reaching safepoint: 19000 ns, At safepoint: 2400 ns, Total: 21400 ns
[1.888s][info ][safepoint      ] Safepoint "ICBufferFull", Time since last: 2095006 ns, Reaching safepoint: 18900 ns, At safepoint: 2400 ns, Total: 21300 ns
[1.889s][info ][safepoint      ] Safepoint "ICBufferFull", Time since last: 833903 ns, Reaching safepoint: 17400 ns, At safepoint: 2400 ns, Total: 19800 ns
[1.891s][info ][safepoint      ] Safepoint "ICBufferFull", Time since last: 1945206 ns, Reaching safepoint: 20600 ns, At safepoint: 6900 ns, Total: 27500 ns
[1.891s][info ][safepoint      ] Safepoint "ICBufferFull", Time since last: 604502 ns, Reaching safepoint: 18800 ns, At safepoint: 2200 ns, Total: 21000 ns
[1.892s][info ][safepoint      ] Safepoint "ICBufferFull", Time since last: 608702 ns, Reaching safepoint: 16800 ns, At safepoint: 2300 ns, Total: 19100 ns
[1.893s][info ][safepoint      ] Safepoint "ICBufferFull", Time since last: 532202 ns, Reaching safepoint: 16300 ns, At safepoint: 2200 ns, Total: 18500 ns
[1.893s][info ][safepoint      ] Safepoint "ICBufferFull", Time since last: 563002 ns, Reaching safepoint: 16800 ns, At safepoint: 2000 ns, Total: 18800 ns
[1.894s][info ][safepoint      ] Safepoint "ICBufferFull", Time since last: 562802 ns, Reaching safepoint: 36400 ns, At safepoint: 2100 ns, Total: 38500 ns
[1.894s][info ][safepoint      ] Safepoint "ICBufferFull", Time since last: 531202 ns, Reaching safepoint: 17100 ns, At safepoint: 2300 ns, Total: 19400 ns
[1.895s][info ][safepoint      ] Safepoint "ICBufferFull", Time since last: 590001 ns, Reaching safepoint: 17701 ns, At safepoint: 2300 ns, Total: 20001 ns
[1.895s][info ][safepoint      ] Safepoint "ICBufferFull", Time since last: 559601 ns, Reaching safepoint: 17100 ns, At safepoint: 2400 ns, Total: 19500 ns
[1.896s][info ][safepoint      ] Safepoint "ICBufferFull", Time since last: 551602 ns, Reaching safepoint: 16400 ns, At safepoint: 1900 ns, Total: 18300 ns
[1.897s][info ][safepoint      ] Safepoint "ICBufferFull", Time since last: 561402 ns, Reaching safepoint: 18600 ns, At safepoint: 4700 ns, Total: 23300 ns
[1.898s][info ][safepoint      ] Safepoint "ICBufferFull", Time since last: 1085003 ns, Reaching safepoint: 87301 ns, At safepoint: 8400 ns, Total: 95701 ns
[1.900s][info ][safepoint      ] Safepoint "ICBufferFull", Time since last: 2473108 ns, Reaching safepoint: 20500 ns, At safepoint: 2600 ns, Total: 23100 ns
[1.901s][info ][safepoint      ] Safepoint "ICBufferFull", Time since last: 636402 ns, Reaching safepoint: 20200 ns, At safepoint: 2500 ns, Total: 22700 ns
[1.902s][info ][safepoint      ] Safepoint "ICBufferFull", Time since last: 560102 ns, Reaching safepoint: 16500 ns, At safepoint: 6200 ns, Total: 22700 ns
[1.902s][info ][safepoint      ] Safepoint "ICBufferFull", Time since last: 571001 ns, Reaching safepoint: 18301 ns, At safepoint: 6000 ns, Total: 24301 ns
[1.903s][info ][safepoint      ] Safepoint "ICBufferFull", Time since last: 600201 ns, Reaching safepoint: 17801 ns, At safepoint: 2200 ns, Total: 20001 ns
[1.903s][info ][safepoint      ] Safepoint "ICBufferFull", Time since last: 646602 ns, Reaching safepoint: 25100 ns, At safepoint: 6000 ns, Total: 31100 ns
[2.137s][info ][safepoint      ] Safepoint "ICBufferFull", Time since last: 233424242 ns, Reaching safepoint: 173700 ns, At safepoint: 10300 ns, Total: 184000 ns
[2.230s][info ][gc,start       ] GC(2) Pause Young (Metadata GC Threshold)
[2.261s][debug][gc,phases      ] GC(2) Scavenge 30.975ms
[2.261s][debug][gc,ref         ] GC(2) Skipped phase 1 of Reference Processing: no references
[2.262s][debug][gc,ref         ] GC(2) ReferenceProcessor::execute queues: 2, RefProcThreadModel::Multi, marks_oops_alive: false
[2.262s][debug][gc,ref         ] GC(2) Skipped phase 3 of Reference Processing: no references
[2.262s][debug][gc,ref         ] GC(2) ReferenceProcessor::execute queues: 1, RefProcThreadModel::Single, marks_oops_alive: false
[2.262s][debug][gc,phases      ] GC(2) Reference Processing 0.281ms
[2.262s][debug][gc,phases      ] GC(2)   VM Weak                        Min:  0.0, Avg:  0.0, Max:  0.0, Diff:  0.0, Sum:  0.0, Workers: 4
[2.262s][debug][gc,phases      ] GC(2)     Dead                           Min: 0, Avg:  0.0, Max: 0, Diff: 0, Sum: 0, Workers: 4
[2.262s][debug][gc,phases      ] GC(2)     Total                          Min: 0, Avg: 68.2, Max: 192, Diff: 192, Sum: 273, Workers: 4
[2.262s][debug][gc,phases      ] GC(2)   ObjectSynchronizer Weak        Min:  0.0, Avg:  0.0, Max:  0.0, Diff:  0.0, Sum:  0.0, Workers: 4
[2.262s][debug][gc,phases      ] GC(2)     Dead                           Min: 0, Avg:  0.2, Max: 1, Diff: 1, Sum: 1, Workers: 4
[2.262s][debug][gc,phases      ] GC(2)     Total                          Min: 0, Avg:  2.8, Max: 11, Diff: 11, Sum: 11, Workers: 4
[2.262s][debug][gc,phases      ] GC(2)   JVMTI Tag Weak OopStorage      Min:  0.0, Avg:  0.0, Max:  0.0, Diff:  0.0, Sum:  0.0, Workers: 4
[2.262s][debug][gc,phases      ] GC(2)     Dead                           Min: 0, Avg:  0.0, Max: 0, Diff: 0, Sum: 0, Workers: 4
[2.262s][debug][gc,phases      ] GC(2)     Total                          Min: 0, Avg:  0.0, Max: 0, Diff: 0, Sum: 0, Workers: 4
[2.262s][debug][gc,phases      ] GC(2)   StringTable Weak               Min:  0.1, Avg:  0.1, Max:  0.1, Diff:  0.0, Sum:  0.5, Workers: 4
[2.262s][debug][gc,phases      ] GC(2)     Dead                           Min: 2, Avg:  6.0, Max: 13, Diff: 11, Sum: 24, Workers: 4
[2.262s][debug][gc,phases      ] GC(2)     Total                          Min: 4480, Avg: 4956.5, Max: 5952, Diff: 1472, Sum: 19826, Workers: 4
[2.262s][debug][gc,phases      ] GC(2)   ResolvedMethodTable Weak       Min:  0.0, Avg:  0.0, Max:  0.0, Diff:  0.0, Sum:  0.1, Workers: 4
[2.262s][debug][gc,phases      ] GC(2)     Dead                           Min: 4, Avg: 16.2, Max: 35, Diff: 31, Sum: 65, Workers: 4
[2.262s][debug][gc,phases      ] GC(2)     Total                          Min: 384, Avg: 472.0, Max: 640, Diff: 256, Sum: 1888, Workers: 4
[2.262s][debug][gc,phases      ] GC(2)   JNI Weak                       Min:  0.0, Avg:  0.0, Max:  0.0, Diff:  0.0, Sum:  0.0, Workers: 4
[2.262s][debug][gc,phases      ] GC(2)     Dead                           Min: 0, Avg:  0.0, Max: 0, Diff: 0, Sum: 0, Workers: 4
[2.262s][debug][gc,phases      ] GC(2)     Total                          Min: 0, Avg:  0.0, Max: 0, Diff: 0, Sum: 0, Workers: 4
[2.262s][debug][gc,phases      ] GC(2)   StringDedup Table Weak         Min:  0.0, Avg:  0.0, Max:  0.0, Diff:  0.0, Sum:  0.0, Workers: 4
[2.262s][debug][gc,phases      ] GC(2)     Dead                           Min: 0, Avg:  0.0, Max: 0, Diff: 0, Sum: 0, Workers: 4
[2.262s][debug][gc,phases      ] GC(2)     Total                          Min: 0, Avg:  0.0, Max: 0, Diff: 0, Sum: 0, Workers: 4
[2.262s][debug][gc,phases      ] GC(2)   StringDedup Requests0 Weak     Min:  0.0, Avg:  0.0, Max:  0.0, Diff:  0.0, Sum:  0.0, Workers: 4
[2.262s][debug][gc,phases      ] GC(2)     Dead                           Min: 0, Avg:  0.0, Max: 0, Diff: 0, Sum: 0, Workers: 4
[2.262s][debug][gc,phases      ] GC(2)     Total                          Min: 0, Avg:  0.0, Max: 0, Diff: 0, Sum: 0, Workers: 4
[2.262s][debug][gc,phases      ] GC(2)   StringDedup Requests1 Weak     Min:  0.0, Avg:  0.0, Max:  0.0, Diff:  0.0, Sum:  0.0, Workers: 4
[2.262s][debug][gc,phases      ] GC(2)     Dead                           Min: 0, Avg:  0.0, Max: 0, Diff: 0, Sum: 0, Workers: 4
[2.262s][debug][gc,phases      ] GC(2)     Total                          Min: 0, Avg:  0.0, Max: 0, Diff: 0, Sum: 0, Workers: 4
[2.262s][debug][gc,phases      ] GC(2)   Weak JFR Old Object Samples    Min:  0.0, Avg:  0.0, Max:  0.0, Diff:  0.0, Sum:  0.0, Workers: 4
[2.262s][debug][gc,phases      ] GC(2)     Dead                           Min: 0, Avg:  0.0, Max: 0, Diff: 0, Sum: 0, Workers: 4
[2.262s][debug][gc,phases      ] GC(2)     Total                          Min: 0, Avg:  0.0, Max: 0, Diff: 0, Sum: 0, Workers: 4
[2.262s][debug][gc,phases      ] GC(2) Weak Processing 0.291ms
[2.262s][debug][gc,age         ] GC(2) Desired survivor size 536870912 bytes, new threshold 7 (max threshold 15)
[2.262s][info ][gc,heap        ] GC(2) PSYoungGen: 467088K(1572864K)->56598K(1572864K) Eden: 445681K(1048576K)->0K(1048576K) From: 21406K(524288K)->56598K(524288K)
[2.262s][info ][gc,heap        ] GC(2) ParOldGen: 5684K(6144K)->5692K(6144K)
[2.262s][info ][gc,metaspace   ] GC(2) Metaspace: 35441K(35840K)->35441K(35840K) NonClass: 30968K(31168K)->30968K(31168K) Class: 4472K(4672K)->4472K(4672K)
[2.262s][info ][gc             ] GC(2) Pause Young (Metadata GC Threshold) 461M->60M(1542M) 31.662ms
[2.262s][info ][gc,cpu         ] GC(2) User=0.07s Sys=0.05s Real=0.03s
[2.262s][debug][gc,phases      ] GC(3) Pre Compact 0.008ms
[2.262s][info ][gc,start       ] GC(3) Pause Full (Metadata GC Threshold)
[2.262s][info ][gc,phases,start] GC(3) Marking Phase
[2.281s][debug][gc,phases      ] GC(3) Par Mark 18.708ms
[2.281s][debug][gc,ref         ] GC(3) Skipped phase 1 of Reference Processing: no references
[2.281s][debug][gc,ref         ] GC(3) ReferenceProcessor::execute queues: 2, RefProcThreadModel::Multi, marks_oops_alive: false
[2.281s][debug][gc,ref         ] GC(3) Skipped phase 3 of Reference Processing: no references
[2.281s][debug][gc,ref         ] GC(3) ReferenceProcessor::execute queues: 1, RefProcThreadModel::Single, marks_oops_alive: false
[2.281s][debug][gc,phases      ] GC(3) Reference Processing 0.137ms
[2.281s][debug][gc,phases      ] GC(3)   VM Weak                        Min:  0.0, Avg:  0.0, Max:  0.0, Diff:  0.0, Sum:  0.0, Workers: 4
[2.281s][debug][gc,phases      ] GC(3)     Dead                           Min: 0, Avg:  0.0, Max: 0, Diff: 0, Sum: 0, Workers: 4
[2.281s][debug][gc,phases      ] GC(3)     Total                          Min: 0, Avg: 68.2, Max: 128, Diff: 128, Sum: 273, Workers: 4
[2.281s][debug][gc,phases      ] GC(3)   ObjectSynchronizer Weak        Min:  0.0, Avg:  0.0, Max:  0.0, Diff:  0.0, Sum:  0.0, Workers: 4
[2.281s][debug][gc,phases      ] GC(3)     Dead                           Min: 0, Avg:  0.0, Max: 0, Diff: 0, Sum: 0, Workers: 4
[2.281s][debug][gc,phases      ] GC(3)     Total                          Min: 0, Avg:  2.8, Max: 11, Diff: 11, Sum: 11, Workers: 4
[2.281s][debug][gc,phases      ] GC(3)   JVMTI Tag Weak OopStorage      Min:  0.0, Avg:  0.0, Max:  0.0, Diff:  0.0, Sum:  0.0, Workers: 4
[2.281s][debug][gc,phases      ] GC(3)     Dead                           Min: 0, Avg:  0.0, Max: 0, Diff: 0, Sum: 0, Workers: 4
[2.281s][debug][gc,phases      ] GC(3)     Total                          Min: 0, Avg:  0.0, Max: 0, Diff: 0, Sum: 0, Workers: 4
[2.281s][debug][gc,phases      ] GC(3)   StringTable Weak               Min:  0.0, Avg:  0.1, Max:  0.1, Diff:  0.0, Sum:  0.2, Workers: 4
[2.281s][debug][gc,phases      ] GC(3)     Dead                           Min: 0, Avg:  0.5, Max: 2, Diff: 2, Sum: 2, Workers: 4
[2.281s][debug][gc,phases      ] GC(3)     Total                          Min: 4352, Avg: 4956.5, Max: 5618, Diff: 1266, Sum: 19826, Workers: 4
[2.281s][debug][gc,phases      ] GC(3)   ResolvedMethodTable Weak       Min:  0.0, Avg:  0.0, Max:  0.0, Diff:  0.0, Sum:  0.0, Workers: 4
[2.281s][debug][gc,phases      ] GC(3)     Dead                           Min: 0, Avg:  0.0, Max: 0, Diff: 0, Sum: 0, Workers: 4
[2.281s][debug][gc,phases      ] GC(3)     Total                          Min: 448, Avg: 472.0, Max: 512, Diff: 64, Sum: 1888, Workers: 4
[2.281s][debug][gc,phases      ] GC(3)   JNI Weak                       Min:  0.0, Avg:  0.0, Max:  0.0, Diff:  0.0, Sum:  0.0, Workers: 4
[2.281s][debug][gc,phases      ] GC(3)     Dead                           Min: 0, Avg:  0.0, Max: 0, Diff: 0, Sum: 0, Workers: 4
[2.281s][debug][gc,phases      ] GC(3)     Total                          Min: 0, Avg:  0.0, Max: 0, Diff: 0, Sum: 0, Workers: 4
[2.281s][debug][gc,phases      ] GC(3)   StringDedup Table Weak         Min:  0.0, Avg:  0.0, Max:  0.0, Diff:  0.0, Sum:  0.0, Workers: 4
[2.281s][debug][gc,phases      ] GC(3)     Dead                           Min: 0, Avg:  0.0, Max: 0, Diff: 0, Sum: 0, Workers: 4
[2.281s][debug][gc,phases      ] GC(3)     Total                          Min: 0, Avg:  0.0, Max: 0, Diff: 0, Sum: 0, Workers: 4
[2.281s][debug][gc,phases      ] GC(3)   StringDedup Requests0 Weak     Min:  0.0, Avg:  0.0, Max:  0.0, Diff:  0.0, Sum:  0.0, Workers: 4
[2.281s][debug][gc,phases      ] GC(3)     Dead                           Min: 0, Avg:  0.0, Max: 0, Diff: 0, Sum: 0, Workers: 4
[2.281s][debug][gc,phases      ] GC(3)     Total                          Min: 0, Avg:  0.0, Max: 0, Diff: 0, Sum: 0, Workers: 4
[2.281s][debug][gc,phases      ] GC(3)   StringDedup Requests1 Weak     Min:  0.0, Avg:  0.0, Max:  0.0, Diff:  0.0, Sum:  0.0, Workers: 4
[2.281s][debug][gc,phases      ] GC(3)     Dead                           Min: 0, Avg:  0.0, Max: 0, Diff: 0, Sum: 0, Workers: 4
[2.281s][debug][gc,phases      ] GC(3)     Total                          Min: 0, Avg:  0.0, Max: 0, Diff: 0, Sum: 0, Workers: 4
[2.281s][debug][gc,phases      ] GC(3)   Weak JFR Old Object Samples    Min:  0.0, Avg:  0.0, Max:  0.0, Diff:  0.0, Sum:  0.0, Workers: 4
[2.281s][debug][gc,phases      ] GC(3)     Dead                           Min: 0, Avg:  0.0, Max: 0, Diff: 0, Sum: 0, Workers: 4
[2.281s][debug][gc,phases      ] GC(3)     Total                          Min: 0, Avg:  0.0, Max: 0, Diff: 0, Sum: 0, Workers: 4
[2.281s][debug][gc,phases      ] GC(3) Weak Processing 0.206ms
[2.281s][debug][gc,phases      ] GC(3) ClassLoaderData 0.031ms
[2.281s][debug][gc,phases      ] GC(3) Trigger cleanups 0.000ms
[2.284s][debug][gc,phases      ] GC(3) Class Unloading 3.203ms
[2.284s][info ][gc,phases      ] GC(3) Marking Phase 22.354ms
[2.285s][info ][gc,phases,start] GC(3) Summary Phase
[2.285s][info ][gc,phases      ] GC(3) Summary Phase 0.005ms
[2.285s][info ][gc,phases,start] GC(3) Adjust Roots
[2.288s][info ][gc,phases      ] GC(3) Adjust Roots 3.726ms
[2.288s][info ][gc,phases,start] GC(3) Compaction Phase
[2.520s][info ][gc,phases      ] GC(3) Compaction Phase 232.070ms
[2.520s][info ][gc,phases,start] GC(3) Post Compact
[2.521s][info ][gc,phases      ] GC(3) Post Compact 0.545ms
[2.521s][info ][gc,heap        ] GC(3) PSYoungGen: 56598K(1572864K)->55905K(1572864K) Eden: 0K(1048576K)->0K(1048576K) From: 56598K(524288K)->55905K(524288K)
[2.521s][info ][gc,heap        ] GC(3) ParOldGen: 5692K(6144K)->6125K(6144K)
[2.521s][info ][gc,metaspace   ] GC(3) Metaspace: 35441K(35840K)->35441K(35840K) NonClass: 30968K(31168K)->30968K(31168K) Class: 4472K(4672K)->4472K(4672K)
[2.521s][info ][gc             ] GC(3) Pause Full (Metadata GC Threshold) 60M->60M(1542M) 258.793ms
[2.521s][info ][gc,cpu         ] GC(3) User=0.57s Sys=0.00s Real=0.26s
[2.521s][info ][safepoint      ] Safepoint "CollectForMetadataAllocation", Time since last: 93350697 ns, Reaching safepoint: 56300 ns, At safepoint: 290556924 ns, Total: 290613224 ns
[2.774s][info ][safepoint      ] Safepoint "ICBufferFull", Time since last: 253248505 ns, Reaching safepoint: 139300 ns, At safepoint: 11000 ns, Total: 150300 ns
[2.924s][info ][safepoint      ] Safepoint "ICBufferFull", Time since last: 149847276 ns, Reaching safepoint: 159301 ns, At safepoint: 14800 ns, Total: 174101 ns
[2.989s][info ][safepoint      ] Safepoint "ICBufferFull", Time since last: 63876203 ns, Reaching safepoint: 332601 ns, At safepoint: 30200 ns, Total: 362801 ns
[3.160s][info ][safepoint      ] Safepoint "ICBufferFull", Time since last: 170699043 ns, Reaching safepoint: 170201 ns, At safepoint: 18600 ns, Total: 188801 ns
[3.293s][info ][safepoint      ] Safepoint "ICBufferFull", Time since last: 132819922 ns, Reaching safepoint: 198701 ns, At safepoint: 16600 ns, Total: 215301 ns
[3.293s][info ][safepoint      ] Safepoint "ICBufferFull", Time since last: 513101 ns, Reaching safepoint: 85601 ns, At safepoint: 37800 ns, Total: 123401 ns
[3.293s][info ][safepoint      ] Safepoint "ICBufferFull", Time since last: 51700 ns, Reaching safepoint: 92000 ns, At safepoint: 22900 ns, Total: 114900 ns
[3.294s][info ][safepoint      ] Safepoint "ICBufferFull", Time since last: 49100 ns, Reaching safepoint: 87801 ns, At safepoint: 29600 ns, Total: 117401 ns
[3.384s][info ][safepoint      ] Safepoint "ICBufferFull", Time since last: 86523575 ns, Reaching safepoint: 4269413 ns, At safepoint: 26800 ns, Total: 4296213 ns
[3.608s][info ][safepoint      ] Safepoint "ICBufferFull", Time since last: 223308910 ns, Reaching safepoint: 199301 ns, At safepoint: 25700 ns, Total: 225001 ns
[3.609s][info ][safepoint      ] Safepoint "ICBufferFull", Time since last: 521802 ns, Reaching safepoint: 99100 ns, At safepoint: 22800 ns, Total: 121900 ns
[3.756s][info ][safepoint      ] Safepoint "ICBufferFull", Time since last: 147751170 ns, Reaching safepoint: 202801 ns, At safepoint: 26000 ns, Total: 228801 ns
[3.762s][info ][safepoint      ] Safepoint "ICBufferFull", Time since last: 5071316 ns, Reaching safepoint: 189100 ns, At safepoint: 32401 ns, Total: 221501 ns
[3.766s][info ][safepoint      ] Safepoint "ICBufferFull", Time since last: 4159513 ns, Reaching safepoint: 257901 ns, At safepoint: 27500 ns, Total: 285401 ns
[3.772s][info ][safepoint      ] Safepoint "ICBufferFull", Time since last: 5706518 ns, Reaching safepoint: 170800 ns, At safepoint: 25300 ns, Total: 196100 ns
[3.777s][info ][safepoint      ] Safepoint "ICBufferFull", Time since last: 4469915 ns, Reaching safepoint: 105300 ns, At safepoint: 23600 ns, Total: 128900 ns
[3.780s][info ][safepoint      ] Safepoint "ICBufferFull", Time since last: 2786909 ns, Reaching safepoint: 107500 ns, At safepoint: 25800 ns, Total: 133300 ns
[3.790s][info ][safepoint      ] Safepoint "ICBufferFull", Time since last: 10048832 ns, Reaching safepoint: 136701 ns, At safepoint: 26100 ns, Total: 162801 ns
[3.798s][info ][safepoint      ] Safepoint "ICBufferFull", Time since last: 7902725 ns, Reaching safepoint: 264101 ns, At safepoint: 21900 ns, Total: 286001 ns
[3.801s][info ][safepoint      ] Safepoint "ICBufferFull", Time since last: 2423808 ns, Reaching safepoint: 457701 ns, At safepoint: 24400 ns, Total: 482101 ns
[3.803s][info ][safepoint      ] Safepoint "ICBufferFull", Time since last: 2142407 ns, Reaching safepoint: 106200 ns, At safepoint: 22400 ns, Total: 128600 ns
[3.805s][info ][safepoint      ] Safepoint "ICBufferFull", Time since last: 1335205 ns, Reaching safepoint: 75100 ns, At safepoint: 29500 ns, Total: 104600 ns
[3.810s][info ][safepoint      ] Safepoint "ICBufferFull", Time since last: 4759215 ns, Reaching safepoint: 111200 ns, At safepoint: 24800 ns, Total: 136000 ns
[3.812s][info ][safepoint      ] Safepoint "ICBufferFull", Time since last: 2090507 ns, Reaching safepoint: 93900 ns, At safepoint: 23800 ns, Total: 117700 ns
[3.814s][info ][safepoint      ] Safepoint "ICBufferFull", Time since last: 1809806 ns, Reaching safepoint: 100601 ns, At safepoint: 21600 ns, Total: 122201 ns
[3.817s][info ][safepoint      ] Safepoint "ICBufferFull", Time since last: 3140510 ns, Reaching safepoint: 496201 ns, At safepoint: 27400 ns, Total: 523601 ns
[3.820s][info ][safepoint      ] Safepoint "ICBufferFull", Time since last: 2452608 ns, Reaching safepoint: 171101 ns, At safepoint: 21100 ns, Total: 192201 ns
[3.823s][info ][safepoint      ] Safepoint "ICBufferFull", Time since last: 2496608 ns, Reaching safepoint: 92600 ns, At safepoint: 19800 ns, Total: 112400 ns
[3.825s][info ][safepoint      ] Safepoint "ICBufferFull", Time since last: 2014606 ns, Reaching safepoint: 92101 ns, At safepoint: 27000 ns, Total: 119101 ns
[3.831s][info ][safepoint      ] Safepoint "ICBufferFull", Time since last: 2417307 ns, Reaching safepoint: 4216614 ns, At safepoint: 24800 ns, Total: 4241414 ns
[3.838s][info ][safepoint      ] Safepoint "ICBufferFull", Time since last: 6620621 ns, Reaching safepoint: 92700 ns, At safepoint: 27700 ns, Total: 120400 ns
[3.843s][info ][safepoint      ] Safepoint "ICBufferFull", Time since last: 4397214 ns, Reaching safepoint: 97901 ns, At safepoint: 41400 ns, Total: 139301 ns
[3.845s][info ][safepoint      ] Safepoint "ICBufferFull", Time since last: 1988006 ns, Reaching safepoint: 96100 ns, At safepoint: 22601 ns, Total: 118701 ns
[3.851s][info ][safepoint      ] Safepoint "ICBufferFull", Time since last: 6443420 ns, Reaching safepoint: 108500 ns, At safepoint: 23500 ns, Total: 132000 ns
[3.853s][info ][safepoint      ] Safepoint "ICBufferFull", Time since last: 1955307 ns, Reaching safepoint: 107300 ns, At safepoint: 27100 ns, Total: 134400 ns
[3.855s][info ][safepoint      ] Safepoint "ICBufferFull", Time since last: 1682605 ns, Reaching safepoint: 62401 ns, At safepoint: 27900 ns, Total: 90301 ns
[3.862s][info ][safepoint      ] Safepoint "ICBufferFull", Time since last: 6855221 ns, Reaching safepoint: 103001 ns, At safepoint: 26100 ns, Total: 129101 ns
[3.864s][info ][safepoint      ] Safepoint "ICBufferFull", Time since last: 1856606 ns, Reaching safepoint: 91400 ns, At safepoint: 22800 ns, Total: 114200 ns
[3.866s][info ][safepoint      ] Safepoint "ICBufferFull", Time since last: 1564405 ns, Reaching safepoint: 91100 ns, At safepoint: 25401 ns, Total: 116501 ns
[3.868s][info ][safepoint      ] Safepoint "ICBufferFull", Time since last: 2330007 ns, Reaching safepoint: 101900 ns, At safepoint: 22200 ns, Total: 124100 ns
[3.870s][info ][safepoint      ] Safepoint "ICBufferFull", Time since last: 1630806 ns, Reaching safepoint: 100000 ns, At safepoint: 18700 ns, Total: 118700 ns
[3.872s][info ][safepoint      ] Safepoint "ICBufferFull", Time since last: 1852806 ns, Reaching safepoint: 96900 ns, At safepoint: 25600 ns, Total: 122500 ns
[3.895s][debug][gc,phases      ] GC(4) Pre Compact 0.018ms
[3.895s][info ][gc,start       ] GC(4) Pause Full (Ergonomics)
[3.895s][info ][gc,phases,start] GC(4) Marking Phase
[3.988s][debug][gc,phases      ] GC(4) Par Mark 92.610ms
[3.988s][debug][gc,ref         ] GC(4) Skipped phase 1 of Reference Processing: no references
[3.988s][debug][gc,ref         ] GC(4) ReferenceProcessor::execute queues: 4, RefProcThreadModel::Multi, marks_oops_alive: false
[3.988s][debug][gc,ref         ] GC(4) Skipped phase 3 of Reference Processing: no references
[3.989s][debug][gc,ref         ] GC(4) ReferenceProcessor::execute queues: 3, RefProcThreadModel::Multi, marks_oops_alive: false
[3.989s][debug][gc,phases      ] GC(4) Reference Processing 0.926ms
[3.989s][debug][gc,phases      ] GC(4)   VM Weak                        Min:  0.0, Avg:  0.0, Max:  0.0, Diff:  0.0, Sum:  0.0, Workers: 4
[3.989s][debug][gc,phases      ] GC(4)     Dead                           Min: 0, Avg:  0.5, Max: 2, Diff: 2, Sum: 2, Workers: 4
[3.989s][debug][gc,phases      ] GC(4)     Total                          Min: 0, Avg: 105.2, Max: 229, Diff: 229, Sum: 421, Workers: 4
[3.989s][debug][gc,phases      ] GC(4)   ObjectSynchronizer Weak        Min:  0.0, Avg:  0.0, Max:  0.0, Diff:  0.0, Sum:  0.0, Workers: 4
[3.989s][debug][gc,phases      ] GC(4)     Dead                           Min: 0, Avg: 66.8, Max: 113, Diff: 113, Sum: 267, Workers: 4
[3.989s][debug][gc,phases      ] GC(4)     Total                          Min: 0, Avg: 80.5, Max: 128, Diff: 128, Sum: 322, Workers: 4
[3.989s][debug][gc,phases      ] GC(4)   JVMTI Tag Weak OopStorage      Min:  0.0, Avg:  0.0, Max:  0.0, Diff:  0.0, Sum:  0.0, Workers: 4
[3.989s][debug][gc,phases      ] GC(4)     Dead                           Min: 0, Avg:  0.0, Max: 0, Diff: 0, Sum: 0, Workers: 4
[3.989s][debug][gc,phases      ] GC(4)     Total                          Min: 0, Avg:  0.0, Max: 0, Diff: 0, Sum: 0, Workers: 4
[3.989s][debug][gc,phases      ] GC(4)   StringTable Weak               Min:  0.1, Avg:  0.1, Max:  0.1, Diff:  0.0, Sum:  0.5, Workers: 4
[3.989s][debug][gc,phases      ] GC(4)     Dead                           Min: 2, Avg:  6.8, Max: 15, Diff: 13, Sum: 27, Workers: 4
[3.989s][debug][gc,phases      ] GC(4)     Total                          Min: 9280, Avg: 9536.0, Max: 9792, Diff: 512, Sum: 38144, Workers: 4
[3.989s][debug][gc,phases      ] GC(4)   ResolvedMethodTable Weak       Min:  0.0, Avg:  0.0, Max:  0.0, Diff:  0.0, Sum:  0.1, Workers: 4
[3.989s][debug][gc,phases      ] GC(4)     Dead                           Min: 17, Avg: 38.2, Max: 53, Diff: 36, Sum: 153, Workers: 4
[3.989s][debug][gc,phases      ] GC(4)     Total                          Min: 1054, Avg: 1223.5, Max: 1408, Diff: 354, Sum: 4894, Workers: 4
[3.989s][debug][gc,phases      ] GC(4)   JNI Weak                       Min:  0.0, Avg:  0.0, Max:  0.0, Diff:  0.0, Sum:  0.0, Workers: 4
[3.989s][debug][gc,phases      ] GC(4)     Dead                           Min: 0, Avg:  0.0, Max: 0, Diff: 0, Sum: 0, Workers: 4
[3.989s][debug][gc,phases      ] GC(4)     Total                          Min: 0, Avg:  5.0, Max: 20, Diff: 20, Sum: 20, Workers: 4
[3.989s][debug][gc,phases      ] GC(4)   StringDedup Table Weak         Min:  0.0, Avg:  0.0, Max:  0.0, Diff:  0.0, Sum:  0.0, Workers: 4
[3.989s][debug][gc,phases      ] GC(4)     Dead                           Min: 0, Avg:  0.0, Max: 0, Diff: 0, Sum: 0, Workers: 4
[3.989s][debug][gc,phases      ] GC(4)     Total                          Min: 0, Avg:  0.0, Max: 0, Diff: 0, Sum: 0, Workers: 4
[3.989s][debug][gc,phases      ] GC(4)   StringDedup Requests0 Weak     Min:  0.0, Avg:  0.0, Max:  0.0, Diff:  0.0, Sum:  0.0, Workers: 4
[3.989s][debug][gc,phases      ] GC(4)     Dead                           Min: 0, Avg:  0.0, Max: 0, Diff: 0, Sum: 0, Workers: 4
[3.989s][debug][gc,phases      ] GC(4)     Total                          Min: 0, Avg:  0.0, Max: 0, Diff: 0, Sum: 0, Workers: 4
[3.989s][debug][gc,phases      ] GC(4)   StringDedup Requests1 Weak     Min:  0.0, Avg:  0.0, Max:  0.0, Diff:  0.0, Sum:  0.0, Workers: 4
[3.989s][debug][gc,phases      ] GC(4)     Dead                           Min: 0, Avg:  0.0, Max: 0, Diff: 0, Sum: 0, Workers: 4
[3.989s][debug][gc,phases      ] GC(4)     Total                          Min: 0, Avg:  0.0, Max: 0, Diff: 0, Sum: 0, Workers: 4
[3.989s][debug][gc,phases      ] GC(4)   Weak JFR Old Object Samples    Min:  0.0, Avg:  0.0, Max:  0.0, Diff:  0.0, Sum:  0.0, Workers: 4
[3.989s][debug][gc,phases      ] GC(4)     Dead                           Min: 0, Avg:  0.0, Max: 0, Diff: 0, Sum: 0, Workers: 4
[3.989s][debug][gc,phases      ] GC(4)     Total                          Min: 0, Avg:  0.0, Max: 0, Diff: 0, Sum: 0, Workers: 4
[3.989s][debug][gc,phases      ] GC(4) Weak Processing 0.291ms
[3.989s][debug][gc,phases      ] GC(4) ClassLoaderData 0.121ms
[3.989s][debug][gc,phases      ] GC(4) Trigger cleanups 0.002ms
[3.997s][debug][gc,phases      ] GC(4) Class Unloading 7.906ms
[3.997s][info ][gc,phases      ] GC(4) Marking Phase 101.850ms
[3.997s][info ][gc,phases,start] GC(4) Summary Phase
[3.997s][info ][gc,phases      ] GC(4) Summary Phase 0.022ms
[3.997s][info ][gc,phases,start] GC(4) Adjust Roots
[4.004s][info ][gc,phases      ] GC(4) Adjust Roots 7.310ms
[4.004s][info ][gc,phases,start] GC(4) Compaction Phase
[4.214s][info ][gc,phases      ] GC(4) Compaction Phase 209.274ms
[4.214s][info ][gc,phases,start] GC(4) Post Compact
[4.216s][info ][gc,phases      ] GC(4) Post Compact 2.214ms
[4.216s][info ][gc,heap        ] GC(4) PSYoungGen: 1104481K(1572864K)->174412K(1572864K) Eden: 1048576K(1048576K)->174412K(1048576K) From: 55905K(524288K)->0K(524288K)
[4.216s][info ][gc,heap        ] GC(4) ParOldGen: 6125K(6144K)->6127K(18432K)
[4.216s][info ][gc,metaspace   ] GC(4) Metaspace: 53422K(54016K)->53418K(54016K) NonClass: 45537K(45888K)->45535K(45888K) Class: 7884K(8128K)->7883K(8128K)
[4.216s][info ][gc             ] GC(4) Pause Full (Ergonomics) 1084M->176M(1554M) 320.847ms
[4.216s][info ][gc,cpu         ] GC(4) User=1.15s Sys=0.02s Real=0.33s
[4.216s][info ][safepoint      ] Safepoint "ParallelGCFailedAllocation", Time since last: 22729472 ns, Reaching safepoint: 201701 ns, At safepoint: 320995321 ns, Total: 321197022 ns
[4.391s][info ][gc,start       ] GC(5) Pause Young (Allocation Failure)
[4.474s][debug][gc,phases      ] GC(5) Scavenge 83.396ms
[4.474s][debug][gc,ref         ] GC(5) Skipped phase 1 of Reference Processing: no references
[4.474s][debug][gc,ref         ] GC(5) ReferenceProcessor::execute queues: 4, RefProcThreadModel::Multi, marks_oops_alive: false
[4.475s][debug][gc,ref         ] GC(5) Skipped phase 3 of Reference Processing: no references
[4.475s][debug][gc,ref         ] GC(5) ReferenceProcessor::execute queues: 1, RefProcThreadModel::Single, marks_oops_alive: false
[4.475s][debug][gc,phases      ] GC(5) Reference Processing 0.299ms
[4.475s][debug][gc,phases      ] GC(5)   VM Weak                        Min:  0.0, Avg:  0.0, Max:  0.0, Diff:  0.0, Sum:  0.0, Workers: 4
[4.475s][debug][gc,phases      ] GC(5)     Dead                           Min: 0, Avg:  0.0, Max: 0, Diff: 0, Sum: 0, Workers: 4
[4.475s][debug][gc,phases      ] GC(5)     Total                          Min: 0, Avg: 109.0, Max: 436, Diff: 436, Sum: 436, Workers: 4
[4.475s][debug][gc,phases      ] GC(5)   ObjectSynchronizer Weak        Min:  0.0, Avg:  0.0, Max:  0.0, Diff:  0.0, Sum:  0.0, Workers: 4
[4.475s][debug][gc,phases      ] GC(5)     Dead                           Min: 0, Avg:  1.2, Max: 5, Diff: 5, Sum: 5, Workers: 4
[4.475s][debug][gc,phases      ] GC(5)     Total                          Min: 0, Avg: 82.0, Max: 192, Diff: 192, Sum: 328, Workers: 4
[4.475s][debug][gc,phases      ] GC(5)   JVMTI Tag Weak OopStorage      Min:  0.0, Avg:  0.0, Max:  0.0, Diff:  0.0, Sum:  0.0, Workers: 4
[4.475s][debug][gc,phases      ] GC(5)     Dead                           Min: 0, Avg:  0.0, Max: 0, Diff: 0, Sum: 0, Workers: 4
[4.475s][debug][gc,phases      ] GC(5)     Total                          Min: 0, Avg:  0.0, Max: 0, Diff: 0, Sum: 0, Workers: 4
[4.475s][debug][gc,phases      ] GC(5)   StringTable Weak               Min:  0.2, Avg:  0.2, Max:  0.2, Diff:  0.0, Sum:  0.7, Workers: 4
[4.475s][debug][gc,phases      ] GC(5)     Dead                           Min: 0, Avg:  3.5, Max: 13, Diff: 13, Sum: 14, Workers: 4
[4.475s][debug][gc,phases      ] GC(5)     Total                          Min: 8960, Avg: 9568.8, Max: 10240, Diff: 1280, Sum: 38275, Workers: 4
[4.475s][debug][gc,phases      ] GC(5)   ResolvedMethodTable Weak       Min:  0.0, Avg:  0.0, Max:  0.0, Diff:  0.0, Sum:  0.1, Workers: 4
[4.475s][debug][gc,phases      ] GC(5)     Dead                           Min: 0, Avg:  0.0, Max: 0, Diff: 0, Sum: 0, Workers: 4
[4.475s][debug][gc,phases      ] GC(5)     Total                          Min: 1152, Avg: 1222.8, Max: 1408, Diff: 256, Sum: 4891, Workers: 4
[4.475s][debug][gc,phases      ] GC(5)   JNI Weak                       Min:  0.0, Avg:  0.0, Max:  0.0, Diff:  0.0, Sum:  0.0, Workers: 4
[4.475s][debug][gc,phases      ] GC(5)     Dead                           Min: 0, Avg:  0.0, Max: 0, Diff: 0, Sum: 0, Workers: 4
[4.475s][debug][gc,phases      ] GC(5)     Total                          Min: 0, Avg:  3.2, Max: 13, Diff: 13, Sum: 13, Workers: 4
[4.475s][debug][gc,phases      ] GC(5)   StringDedup Table Weak         Min:  0.0, Avg:  0.0, Max:  0.0, Diff:  0.0, Sum:  0.0, Workers: 4
[4.475s][debug][gc,phases      ] GC(5)     Dead                           Min: 0, Avg:  0.0, Max: 0, Diff: 0, Sum: 0, Workers: 4
[4.475s][debug][gc,phases      ] GC(5)     Total                          Min: 0, Avg:  0.0, Max: 0, Diff: 0, Sum: 0, Workers: 4
[4.475s][debug][gc,phases      ] GC(5)   StringDedup Requests0 Weak     Min:  0.0, Avg:  0.0, Max:  0.0, Diff:  0.0, Sum:  0.0, Workers: 4
[4.475s][debug][gc,phases      ] GC(5)     Dead                           Min: 0, Avg:  0.0, Max: 0, Diff: 0, Sum: 0, Workers: 4
[4.475s][debug][gc,phases      ] GC(5)     Total                          Min: 0, Avg:  0.0, Max: 0, Diff: 0, Sum: 0, Workers: 4
[4.475s][debug][gc,phases      ] GC(5)   StringDedup Requests1 Weak     Min:  0.0, Avg:  0.0, Max:  0.0, Diff:  0.0, Sum:  0.0, Workers: 4
[4.475s][debug][gc,phases      ] GC(5)     Dead                           Min: 0, Avg:  0.0, Max: 0, Diff: 0, Sum: 0, Workers: 4
[4.475s][debug][gc,phases      ] GC(5)     Total                          Min: 0, Avg:  0.0, Max: 0, Diff: 0, Sum: 0, Workers: 4
[4.475s][debug][gc,phases      ] GC(5)   Weak JFR Old Object Samples    Min:  0.0, Avg:  0.0, Max:  0.0, Diff:  0.0, Sum:  0.0, Workers: 4
[4.475s][debug][gc,phases      ] GC(5)     Dead                           Min: 0, Avg:  0.0, Max: 0, Diff: 0, Sum: 0, Workers: 4
[4.475s][debug][gc,phases      ] GC(5)     Total                          Min: 0, Avg:  0.0, Max: 0, Diff: 0, Sum: 0, Workers: 4
[4.475s][debug][gc,phases      ] GC(5) Weak Processing 0.381ms
[4.475s][debug][gc,age         ] GC(5) Desired survivor size 536870912 bytes, new threshold 7 (max threshold 15)
[4.475s][info ][gc,heap        ] GC(5) PSYoungGen: 1048576K(1572864K)->180034K(1572864K) Eden: 1048576K(1048576K)->0K(1048576K) From: 0K(524288K)->180034K(524288K)
[4.475s][info ][gc,heap        ] GC(5) ParOldGen: 6127K(18432K)->6143K(18432K)
[4.475s][info ][gc,metaspace   ] GC(5) Metaspace: 53711K(54272K)->53711K(54272K) NonClass: 45751K(46080K)->45751K(46080K) Class: 7959K(8192K)->7959K(8192K)
[4.475s][info ][gc             ] GC(5) Pause Young (Allocation Failure) 1029M->181M(1554M) 84.192ms
[4.475s][info ][gc,cpu         ] GC(5) User=0.26s Sys=0.07s Real=0.08s
[4.475s][info ][safepoint      ] Safepoint "ParallelGCFailedAllocation", Time since last: 174525455 ns, Reaching safepoint: 338601 ns, At safepoint: 84286468 ns, Total: 84625069 ns
[4.484s][info ][safepoint      ] Safepoint "ICBufferFull", Time since last: 8275126 ns, Reaching safepoint: 115901 ns, At safepoint: 23500 ns, Total: 139401 ns
[4.503s][info ][safepoint      ] Safepoint "ICBufferFull", Time since last: 18916160 ns, Reaching safepoint: 187401 ns, At safepoint: 28500 ns, Total: 215901 ns
[4.541s][info ][safepoint      ] Safepoint "ICBufferFull", Time since last: 37888720 ns, Reaching safepoint: 146201 ns, At safepoint: 25800 ns, Total: 172001 ns
[4.549s][info ][safepoint      ] Safepoint "ICBufferFull", Time since last: 5982219 ns, Reaching safepoint: 2091306 ns, At safepoint: 30801 ns, Total: 2122107 ns
[4.565s][info ][safepoint      ] Safepoint "ICBufferFull", Time since last: 15521949 ns, Reaching safepoint: 243201 ns, At safepoint: 27600 ns, Total: 270801 ns
[4.607s][info ][safepoint      ] Safepoint "ICBufferFull", Time since last: 41988633 ns, Reaching safepoint: 120601 ns, At safepoint: 28100 ns, Total: 148701 ns
[4.632s][info ][safepoint      ] Safepoint "ICBufferFull", Time since last: 24295977 ns, Reaching safepoint: 931203 ns, At safepoint: 27200 ns, Total: 958403 ns
[4.645s][info ][safepoint      ] Safepoint "ICBufferFull", Time since last: 12816241 ns, Reaching safepoint: 120600 ns, At safepoint: 32800 ns, Total: 153400 ns
[4.653s][info ][gc,start       ] GC(6) Pause Young (Allocation Failure)
[4.729s][debug][gc,phases      ] GC(6) Scavenge 76.543ms
[4.729s][debug][gc,ref         ] GC(6) Skipped phase 1 of Reference Processing: no references
[4.729s][debug][gc,ref         ] GC(6) ReferenceProcessor::execute queues: 4, RefProcThreadModel::Multi, marks_oops_alive: false
[4.729s][debug][gc,ref         ] GC(6) Skipped phase 3 of Reference Processing: no references
[4.729s][debug][gc,ref         ] GC(6) ReferenceProcessor::execute queues: 1, RefProcThreadModel::Single, marks_oops_alive: false
[4.729s][debug][gc,phases      ] GC(6) Reference Processing 0.274ms
[4.730s][debug][gc,phases      ] GC(6)   VM Weak                        Min:  0.0, Avg:  0.0, Max:  0.0, Diff:  0.0, Sum:  0.0, Workers: 4
[4.730s][debug][gc,phases      ] GC(6)     Dead                           Min: 0, Avg:  0.0, Max: 0, Diff: 0, Sum: 0, Workers: 4
[4.730s][debug][gc,phases      ] GC(6)     Total                          Min: 0, Avg: 109.2, Max: 375, Diff: 375, Sum: 437, Workers: 4
[4.730s][debug][gc,phases      ] GC(6)   ObjectSynchronizer Weak        Min:  0.0, Avg:  0.0, Max:  0.0, Diff:  0.0, Sum:  0.0, Workers: 4
[4.730s][debug][gc,phases      ] GC(6)     Dead                           Min: 0, Avg:  0.0, Max: 0, Diff: 0, Sum: 0, Workers: 4
[4.730s][debug][gc,phases      ] GC(6)     Total                          Min: 0, Avg: 82.0, Max: 136, Diff: 136, Sum: 328, Workers: 4
[4.730s][debug][gc,phases      ] GC(6)   JVMTI Tag Weak OopStorage      Min:  0.0, Avg:  0.0, Max:  0.0, Diff:  0.0, Sum:  0.0, Workers: 4
[4.730s][debug][gc,phases      ] GC(6)     Dead                           Min: 0, Avg:  0.0, Max: 0, Diff: 0, Sum: 0, Workers: 4
[4.730s][debug][gc,phases      ] GC(6)     Total                          Min: 0, Avg:  0.0, Max: 0, Diff: 0, Sum: 0, Workers: 4
[4.730s][debug][gc,phases      ] GC(6)   StringTable Weak               Min:  0.2, Avg:  0.2, Max:  0.2, Diff:  0.0, Sum:  0.9, Workers: 4
[4.730s][debug][gc,phases      ] GC(6)     Dead                           Min: 0, Avg:  0.0, Max: 0, Diff: 0, Sum: 0, Workers: 4
[4.730s][debug][gc,phases      ] GC(6)     Total                          Min: 8128, Avg: 9579.5, Max: 12526, Diff: 4398, Sum: 38318, Workers: 4
[4.730s][debug][gc,phases      ] GC(6)   ResolvedMethodTable Weak       Min:  0.0, Avg:  0.0, Max:  0.0, Diff:  0.0, Sum:  0.2, Workers: 4
[4.730s][debug][gc,phases      ] GC(6)     Dead                           Min: 0, Avg:  0.0, Max: 0, Diff: 0, Sum: 0, Workers: 4
[4.730s][debug][gc,phases      ] GC(6)     Total                          Min: 1013, Avg: 1227.2, Max: 1528, Diff: 515, Sum: 4909, Workers: 4
[4.730s][debug][gc,phases      ] GC(6)   JNI Weak                       Min:  0.0, Avg:  0.0, Max:  0.0, Diff:  0.0, Sum:  0.0, Workers: 4
[4.730s][debug][gc,phases      ] GC(6)     Dead                           Min: 0, Avg:  0.0, Max: 0, Diff: 0, Sum: 0, Workers: 4
[4.730s][debug][gc,phases      ] GC(6)     Total                          Min: 0, Avg:  2.0, Max: 8, Diff: 8, Sum: 8, Workers: 4
[4.730s][debug][gc,phases      ] GC(6)   StringDedup Table Weak         Min:  0.0, Avg:  0.0, Max:  0.0, Diff:  0.0, Sum:  0.0, Workers: 4
[4.730s][debug][gc,phases      ] GC(6)     Dead                           Min: 0, Avg:  0.0, Max: 0, Diff: 0, Sum: 0, Workers: 4
[4.730s][debug][gc,phases      ] GC(6)     Total                          Min: 0, Avg:  0.0, Max: 0, Diff: 0, Sum: 0, Workers: 4
[4.730s][debug][gc,phases      ] GC(6)   StringDedup Requests0 Weak     Min:  0.0, Avg:  0.0, Max:  0.0, Diff:  0.0, Sum:  0.0, Workers: 4
[4.730s][debug][gc,phases      ] GC(6)     Dead                           Min: 0, Avg:  0.0, Max: 0, Diff: 0, Sum: 0, Workers: 4
[4.730s][debug][gc,phases      ] GC(6)     Total                          Min: 0, Avg:  0.0, Max: 0, Diff: 0, Sum: 0, Workers: 4
[4.730s][debug][gc,phases      ] GC(6)   StringDedup Requests1 Weak     Min:  0.0, Avg:  0.0, Max:  0.0, Diff:  0.0, Sum:  0.0, Workers: 4
[4.730s][debug][gc,phases      ] GC(6)     Dead                           Min: 0, Avg:  0.0, Max: 0, Diff: 0, Sum: 0, Workers: 4
[4.730s][debug][gc,phases      ] GC(6)     Total                          Min: 0, Avg:  0.0, Max: 0, Diff: 0, Sum: 0, Workers: 4
[4.730s][debug][gc,phases      ] GC(6)   Weak JFR Old Object Samples    Min:  0.0, Avg:  0.0, Max:  0.0, Diff:  0.0, Sum:  0.0, Workers: 4
[4.730s][debug][gc,phases      ] GC(6)     Dead                           Min: 0, Avg:  0.0, Max: 0, Diff: 0, Sum: 0, Workers: 4
[4.730s][debug][gc,phases      ] GC(6)     Total                          Min: 0, Avg:  0.0, Max: 0, Diff: 0, Sum: 0, Workers: 4
[4.730s][debug][gc,phases      ] GC(6) Weak Processing 0.441ms
[4.730s][debug][gc,age         ] GC(6) Desired survivor size 536870912 bytes, new threshold 7 (max threshold 15)
[4.730s][info ][gc,heap        ] GC(6) PSYoungGen: 1228610K(1572864K)->181306K(1572864K) Eden: 1048576K(1048576K)->0K(1048576K) From: 180034K(524288K)->181306K(524288K)
[4.730s][info ][gc,heap        ] GC(6) ParOldGen: 6143K(18432K)->6151K(18432K)
[4.730s][info ][gc,metaspace   ] GC(6) Metaspace: 53893K(54464K)->53893K(54464K) NonClass: 45919K(46208K)->45919K(46208K) Class: 7973K(8256K)->7973K(8256K)
[4.730s][info ][gc             ] GC(6) Pause Young (Allocation Failure) 1205M->183M(1554M) 77.362ms
[4.730s][info ][gc,cpu         ] GC(6) User=0.23s Sys=0.07s Real=0.08s
[4.730s][info ][safepoint      ] Safepoint "ParallelGCFailedAllocation", Time since last: 5375917 ns, Reaching safepoint: 2109207 ns, At safepoint: 77454947 ns, Total: 79564154 ns
[4.754s][info ][safepoint      ] Safepoint "ICBufferFull", Time since last: 23774675 ns, Reaching safepoint: 123301 ns, At safepoint: 28900 ns, Total: 152201 ns
[4.772s][info ][safepoint      ] Safepoint "ICBufferFull", Time since last: 18087957 ns, Reaching safepoint: 124201 ns, At safepoint: 29300 ns, Total: 153501 ns
[4.776s][info ][safepoint      ] Safepoint "ICBufferFull", Time since last: 4046712 ns, Reaching safepoint: 111701 ns, At safepoint: 24100 ns, Total: 135801 ns
[4.786s][info ][safepoint      ] Safepoint "ICBufferFull", Time since last: 9828931 ns, Reaching safepoint: 113401 ns, At safepoint: 21100 ns, Total: 134501 ns
[4.795s][info ][safepoint      ] Safepoint "ICBufferFull", Time since last: 8821328 ns, Reaching safepoint: 112000 ns, At safepoint: 30100 ns, Total: 142100 ns
[4.803s][info ][safepoint      ] Safepoint "ICBufferFull", Time since last: 7566624 ns, Reaching safepoint: 107901 ns, At safepoint: 23700 ns, Total: 131601 ns
[4.812s][info ][safepoint      ] Safepoint "ICBufferFull", Time since last: 9112129 ns, Reaching safepoint: 105500 ns, At safepoint: 25100 ns, Total: 130600 ns
[4.818s][info ][safepoint      ] Safepoint "ICBufferFull", Time since last: 5485717 ns, Reaching safepoint: 236301 ns, At safepoint: 25100 ns, Total: 261401 ns
[4.836s][info ][safepoint      ] Safepoint "ICBufferFull", Time since last: 18041858 ns, Reaching safepoint: 89400 ns, At safepoint: 19200 ns, Total: 108600 ns
[4.837s][info ][safepoint      ] Safepoint "ICBufferFull", Time since last: 1079803 ns, Reaching safepoint: 104001 ns, At safepoint: 20800 ns, Total: 124801 ns
[4.838s][info ][safepoint      ] Safepoint "ICBufferFull", Time since last: 1100303 ns, Reaching safepoint: 93101 ns, At safepoint: 21200 ns, Total: 114301 ns
[4.839s][info ][safepoint      ] Safepoint "ICBufferFull", Time since last: 52600 ns, Reaching safepoint: 86800 ns, At safepoint: 23700 ns, Total: 110500 ns
[4.839s][info ][safepoint      ] Safepoint "ICBufferFull", Time since last: 62700 ns, Reaching safepoint: 95301 ns, At safepoint: 23900 ns, Total: 119201 ns
[4.842s][info ][safepoint      ] Safepoint "ICBufferFull", Time since last: 3160710 ns, Reaching safepoint: 90000 ns, At safepoint: 26400 ns, Total: 116400 ns
[4.853s][info ][safepoint      ] Safepoint "ICBufferFull", Time since last: 6550721 ns, Reaching safepoint: 4212013 ns, At safepoint: 32501 ns, Total: 4244514 ns
[4.859s][info ][safepoint      ] Safepoint "ICBufferFull", Time since last: 5622217 ns, Reaching safepoint: 95701 ns, At safepoint: 31900 ns, Total: 127601 ns
[4.862s][info ][safepoint      ] Safepoint "ICBufferFull", Time since last: 3172910 ns, Reaching safepoint: 90900 ns, At safepoint: 26400 ns, Total: 117300 ns
[4.864s][info ][safepoint      ] Safepoint "ICBufferFull", Time since last: 2250707 ns, Reaching safepoint: 90301 ns, At safepoint: 21100 ns, Total: 111401 ns
[4.886s][info ][safepoint      ] Safepoint "ICBufferFull", Time since last: 17654056 ns, Reaching safepoint: 4267514 ns, At safepoint: 27900 ns, Total: 4295414 ns
[4.889s][info ][safepoint      ] Safepoint "ICBufferFull", Time since last: 2193607 ns, Reaching safepoint: 93800 ns, At safepoint: 30000 ns, Total: 123800 ns
[4.891s][info ][safepoint      ] Safepoint "ICBufferFull", Time since last: 2305907 ns, Reaching safepoint: 91001 ns, At safepoint: 26200 ns, Total: 117201 ns
[4.893s][info ][safepoint      ] Safepoint "ICBufferFull", Time since last: 2070206 ns, Reaching safepoint: 97301 ns, At safepoint: 20600 ns, Total: 117901 ns
[4.900s][info ][safepoint      ] Safepoint "ICBufferFull", Time since last: 7096922 ns, Reaching safepoint: 148701 ns, At safepoint: 29000 ns, Total: 177701 ns
[4.906s][info ][safepoint      ] Safepoint "ICBufferFull", Time since last: 5458917 ns, Reaching safepoint: 108300 ns, At safepoint: 24701 ns, Total: 133001 ns
[4.912s][info ][safepoint      ] Safepoint "ICBufferFull", Time since last: 5447917 ns, Reaching safepoint: 93400 ns, At safepoint: 24200 ns, Total: 117600 ns
[4.914s][info ][safepoint      ] Safepoint "ICBufferFull", Time since last: 2040007 ns, Reaching safepoint: 97700 ns, At safepoint: 23900 ns, Total: 121600 ns
[4.926s][info ][safepoint      ] Safepoint "ICBufferFull", Time since last: 12267639 ns, Reaching safepoint: 109001 ns, At safepoint: 20500 ns, Total: 129501 ns
[4.951s][info ][safepoint      ] Safepoint "ICBufferFull", Time since last: 21828969 ns, Reaching safepoint: 3205110 ns, At safepoint: 34500 ns, Total: 3239610 ns
[4.988s][info ][safepoint      ] Safepoint "ICBufferFull", Time since last: 36654217 ns, Reaching safepoint: 126900 ns, At safepoint: 28200 ns, Total: 155100 ns
[5.007s][info ][safepoint      ] Safepoint "ICBufferFull", Time since last: 18978061 ns, Reaching safepoint: 173800 ns, At safepoint: 26500 ns, Total: 200300 ns
[5.035s][info ][safepoint      ] Safepoint "ICBufferFull", Time since last: 27929489 ns, Reaching safepoint: 119301 ns, At safepoint: 27500 ns, Total: 146801 ns
[5.053s][info ][safepoint      ] Safepoint "ICBufferFull", Time since last: 18010357 ns, Reaching safepoint: 122100 ns, At safepoint: 27101 ns, Total: 149201 ns
[5.088s][info ][gc,start       ] GC(7) Pause Young (Allocation Failure)
[5.140s][debug][gc,phases      ] GC(7) Scavenge 52.442ms
[5.140s][debug][gc,ref         ] GC(7) Skipped phase 1 of Reference Processing: no references
[5.140s][debug][gc,ref         ] GC(7) ReferenceProcessor::execute queues: 4, RefProcThreadModel::Multi, marks_oops_alive: false
[5.141s][debug][gc,ref         ] GC(7) Skipped phase 3 of Reference Processing: no references
[5.141s][debug][gc,ref         ] GC(7) ReferenceProcessor::execute queues: 1, RefProcThreadModel::Single, marks_oops_alive: false
[5.141s][debug][gc,phases      ] GC(7) Reference Processing 0.251ms
[5.141s][debug][gc,phases      ] GC(7)   VM Weak                        Min:  0.0, Avg:  0.0, Max:  0.0, Diff:  0.0, Sum:  0.0, Workers: 4
[5.141s][debug][gc,phases      ] GC(7)     Dead                           Min: 0, Avg:  0.0, Max: 0, Diff: 0, Sum: 0, Workers: 4
[5.141s][debug][gc,phases      ] GC(7)     Total                          Min: 0, Avg: 109.5, Max: 255, Diff: 255, Sum: 438, Workers: 4
[5.141s][debug][gc,phases      ] GC(7)   ObjectSynchronizer Weak        Min:  0.0, Avg:  0.0, Max:  0.0, Diff:  0.0, Sum:  0.0, Workers: 4
[5.141s][debug][gc,phases      ] GC(7)     Dead                           Min: 0, Avg:  0.2, Max: 1, Diff: 1, Sum: 1, Workers: 4
[5.141s][debug][gc,phases      ] GC(7)     Total                          Min: 0, Avg: 82.0, Max: 136, Diff: 136, Sum: 328, Workers: 4
[5.141s][debug][gc,phases      ] GC(7)   JVMTI Tag Weak OopStorage      Min:  0.0, Avg:  0.0, Max:  0.0, Diff:  0.0, Sum:  0.0, Workers: 4
[5.141s][debug][gc,phases      ] GC(7)     Dead                           Min: 0, Avg:  0.0, Max: 0, Diff: 0, Sum: 0, Workers: 4
[5.141s][debug][gc,phases      ] GC(7)     Total                          Min: 0, Avg:  0.0, Max: 0, Diff: 0, Sum: 0, Workers: 4
[5.141s][debug][gc,phases      ] GC(7)   StringTable Weak               Min:  0.2, Avg:  0.2, Max:  0.2, Diff:  0.0, Sum:  0.7, Workers: 4
[5.141s][debug][gc,phases      ] GC(7)     Dead                           Min: 0, Avg:  3.5, Max: 13, Diff: 13, Sum: 14, Workers: 4
[5.141s][debug][gc,phases      ] GC(7)     Total                          Min: 8384, Avg: 9597.2, Max: 10495, Diff: 2111, Sum: 38389, Workers: 4
[5.141s][debug][gc,phases      ] GC(7)   ResolvedMethodTable Weak       Min:  0.0, Avg:  0.0, Max:  0.0, Diff:  0.0, Sum:  0.1, Workers: 4
[5.141s][debug][gc,phases      ] GC(7)     Dead                           Min: 0, Avg:  3.5, Max: 14, Diff: 14, Sum: 14, Workers: 4
[5.141s][debug][gc,phases      ] GC(7)     Total                          Min: 1216, Avg: 1242.5, Max: 1322, Diff: 106, Sum: 4970, Workers: 4
[5.141s][debug][gc,phases      ] GC(7)   JNI Weak                       Min:  0.0, Avg:  0.0, Max:  0.0, Diff:  0.0, Sum:  0.0, Workers: 4
[5.141s][debug][gc,phases      ] GC(7)     Dead                           Min: 0, Avg:  0.0, Max: 0, Diff: 0, Sum: 0, Workers: 4
[5.141s][debug][gc,phases      ] GC(7)     Total                          Min: 0, Avg:  1.0, Max: 4, Diff: 4, Sum: 4, Workers: 4
[5.141s][debug][gc,phases      ] GC(7)   StringDedup Table Weak         Min:  0.0, Avg:  0.0, Max:  0.0, Diff:  0.0, Sum:  0.0, Workers: 4
[5.141s][debug][gc,phases      ] GC(7)     Dead                           Min: 0, Avg:  0.0, Max: 0, Diff: 0, Sum: 0, Workers: 4
[5.141s][debug][gc,phases      ] GC(7)     Total                          Min: 0, Avg:  0.0, Max: 0, Diff: 0, Sum: 0, Workers: 4
[5.141s][debug][gc,phases      ] GC(7)   StringDedup Requests0 Weak     Min:  0.0, Avg:  0.0, Max:  0.0, Diff:  0.0, Sum:  0.0, Workers: 4
[5.141s][debug][gc,phases      ] GC(7)     Dead                           Min: 0, Avg:  0.0, Max: 0, Diff: 0, Sum: 0, Workers: 4
[5.141s][debug][gc,phases      ] GC(7)     Total                          Min: 0, Avg:  0.0, Max: 0, Diff: 0, Sum: 0, Workers: 4
[5.141s][debug][gc,phases      ] GC(7)   StringDedup Requests1 Weak     Min:  0.0, Avg:  0.0, Max:  0.0, Diff:  0.0, Sum:  0.0, Workers: 4
[5.141s][debug][gc,phases      ] GC(7)     Dead                           Min: 0, Avg:  0.0, Max: 0, Diff: 0, Sum: 0, Workers: 4
[5.141s][debug][gc,phases      ] GC(7)     Total                          Min: 0, Avg:  0.0, Max: 0, Diff: 0, Sum: 0, Workers: 4
[5.141s][debug][gc,phases      ] GC(7)   Weak JFR Old Object Samples    Min:  0.0, Avg:  0.0, Max:  0.0, Diff:  0.0, Sum:  0.0, Workers: 4
[5.141s][debug][gc,phases      ] GC(7)     Dead                           Min: 0, Avg:  0.0, Max: 0, Diff: 0, Sum: 0, Workers: 4
[5.141s][debug][gc,phases      ] GC(7)     Total                          Min: 0, Avg:  0.0, Max: 0, Diff: 0, Sum: 0, Workers: 4
[5.141s][debug][gc,phases      ] GC(7) Weak Processing 0.359ms
[5.141s][debug][gc,age         ] GC(7) Desired survivor size 270532608 bytes, new threshold 8 (max threshold 15)
[5.141s][info ][gc,heap        ] GC(7) PSYoungGen: 1229882K(1572864K)->179818K(1832960K) Eden: 1048576K(1048576K)->0K(1308672K) From: 181306K(524288K)->179818K(524288K)
[5.141s][info ][gc,heap        ] GC(7) ParOldGen: 6151K(18432K)->6159K(18432K)
[5.141s][info ][gc,metaspace   ] GC(7) Metaspace: 54237K(54784K)->54237K(54784K) NonClass: 46229K(46528K)->46229K(46528K) Class: 8008K(8256K)->8008K(8256K)
[5.141s][info ][gc             ] GC(7) Pause Young (Allocation Failure) 1207M->181M(1808M) 53.163ms
[5.141s][info ][gc,cpu         ] GC(7) User=0.21s Sys=0.01s Real=0.05s
[5.141s][info ][safepoint      ] Safepoint "ParallelGCFailedAllocation", Time since last: 31128299 ns, Reaching safepoint: 3238210 ns, At safepoint: 53246269 ns, Total: 56484479 ns
[5.160s][info ][safepoint      ] Safepoint "ICBufferFull", Time since last: 18431959 ns, Reaching safepoint: 108500 ns, At safepoint: 28600 ns, Total: 137100 ns
[5.169s][info ][safepoint      ] Safepoint "ICBufferFull", Time since last: 8988729 ns, Reaching safepoint: 100300 ns, At safepoint: 21300 ns, Total: 121600 ns
[5.170s][info ][safepoint      ] Safepoint "ICBufferFull", Time since last: 673002 ns, Reaching safepoint: 102901 ns, At safepoint: 24800 ns, Total: 127701 ns
[5.289s][info ][safepoint      ] Safepoint "ICBufferFull", Time since last: 118984778 ns, Reaching safepoint: 107801 ns, At safepoint: 26200 ns, Total: 134001 ns
[5.408s][info ][gc,start       ] GC(8) Pause Young (Allocation Failure)
[5.491s][debug][gc,phases      ] GC(8) Scavenge 82.081ms
[5.491s][debug][gc,ref         ] GC(8) Skipped phase 1 of Reference Processing: no references
[5.491s][debug][gc,ref         ] GC(8) ReferenceProcessor::execute queues: 4, RefProcThreadModel::Multi, marks_oops_alive: false
[5.491s][debug][gc,ref         ] GC(8) Skipped phase 3 of Reference Processing: no references
[5.491s][debug][gc,ref         ] GC(8) ReferenceProcessor::execute queues: 1, RefProcThreadModel::Single, marks_oops_alive: false
[5.491s][debug][gc,phases      ] GC(8) Reference Processing 0.297ms
[5.491s][debug][gc,phases      ] GC(8)   VM Weak                        Min:  0.0, Avg:  0.0, Max:  0.0, Diff:  0.0, Sum:  0.0, Workers: 4
[5.491s][debug][gc,phases      ] GC(8)     Dead                           Min: 0, Avg:  0.0, Max: 0, Diff: 0, Sum: 0, Workers: 4
[5.491s][debug][gc,phases      ] GC(8)     Total                          Min: 0, Avg: 110.2, Max: 313, Diff: 313, Sum: 441, Workers: 4
[5.491s][debug][gc,phases      ] GC(8)   ObjectSynchronizer Weak        Min:  0.0, Avg:  0.0, Max:  0.0, Diff:  0.0, Sum:  0.0, Workers: 4
[5.491s][debug][gc,phases      ] GC(8)     Dead                           Min: 0, Avg:  0.2, Max: 1, Diff: 1, Sum: 1, Workers: 4
[5.491s][debug][gc,phases      ] GC(8)     Total                          Min: 0, Avg: 82.0, Max: 136, Diff: 136, Sum: 328, Workers: 4
[5.491s][debug][gc,phases      ] GC(8)   JVMTI Tag Weak OopStorage      Min:  0.0, Avg:  0.0, Max:  0.0, Diff:  0.0, Sum:  0.0, Workers: 4
[5.491s][debug][gc,phases      ] GC(8)     Dead                           Min: 0, Avg:  0.0, Max: 0, Diff: 0, Sum: 0, Workers: 4
[5.491s][debug][gc,phases      ] GC(8)     Total                          Min: 0, Avg:  0.0, Max: 0, Diff: 0, Sum: 0, Workers: 4
[5.491s][debug][gc,phases      ] GC(8)   StringTable Weak               Min:  0.2, Avg:  0.2, Max:  0.2, Diff:  0.0, Sum:  0.8, Workers: 4
[5.491s][debug][gc,phases      ] GC(8)     Dead                           Min: 0, Avg:  3.5, Max: 13, Diff: 13, Sum: 14, Workers: 4
[5.491s][debug][gc,phases      ] GC(8)     Total                          Min: 7872, Avg: 9607.8, Max: 12012, Diff: 4140, Sum: 38431, Workers: 4
[5.491s][debug][gc,phases      ] GC(8)   ResolvedMethodTable Weak       Min:  0.0, Avg:  0.0, Max:  0.0, Diff:  0.0, Sum:  0.1, Workers: 4
[5.491s][debug][gc,phases      ] GC(8)     Dead                           Min: 0, Avg:  0.0, Max: 0, Diff: 0, Sum: 0, Workers: 4
[5.491s][debug][gc,phases      ] GC(8)     Total                          Min: 830, Avg: 1247.5, Max: 1664, Diff: 834, Sum: 4990, Workers: 4
[5.491s][debug][gc,phases      ] GC(8)   JNI Weak                       Min:  0.0, Avg:  0.0, Max:  0.0, Diff:  0.0, Sum:  0.0, Workers: 4
[5.491s][debug][gc,phases      ] GC(8)     Dead                           Min: 0, Avg:  0.0, Max: 0, Diff: 0, Sum: 0, Workers: 4
[5.491s][debug][gc,phases      ] GC(8)     Total                          Min: 0, Avg:  0.2, Max: 1, Diff: 1, Sum: 1, Workers: 4
[5.491s][debug][gc,phases      ] GC(8)   StringDedup Table Weak         Min:  0.0, Avg:  0.0, Max:  0.0, Diff:  0.0, Sum:  0.0, Workers: 4
[5.491s][debug][gc,phases      ] GC(8)     Dead                           Min: 0, Avg:  0.0, Max: 0, Diff: 0, Sum: 0, Workers: 4
[5.491s][debug][gc,phases      ] GC(8)     Total                          Min: 0, Avg:  0.0, Max: 0, Diff: 0, Sum: 0, Workers: 4
[5.491s][debug][gc,phases      ] GC(8)   StringDedup Requests0 Weak     Min:  0.0, Avg:  0.0, Max:  0.0, Diff:  0.0, Sum:  0.0, Workers: 4
[5.491s][debug][gc,phases      ] GC(8)     Dead                           Min: 0, Avg:  0.0, Max: 0, Diff: 0, Sum: 0, Workers: 4
[5.491s][debug][gc,phases      ] GC(8)     Total                          Min: 0, Avg:  0.0, Max: 0, Diff: 0, Sum: 0, Workers: 4
[5.491s][debug][gc,phases      ] GC(8)   StringDedup Requests1 Weak     Min:  0.0, Avg:  0.0, Max:  0.0, Diff:  0.0, Sum:  0.0, Workers: 4
[5.491s][debug][gc,phases      ] GC(8)     Dead                           Min: 0, Avg:  0.0, Max: 0, Diff: 0, Sum: 0, Workers: 4
[5.491s][debug][gc,phases      ] GC(8)     Total                          Min: 0, Avg:  0.0, Max: 0, Diff: 0, Sum: 0, Workers: 4
[5.491s][debug][gc,phases      ] GC(8)   Weak JFR Old Object Samples    Min:  0.0, Avg:  0.0, Max:  0.0, Diff:  0.0, Sum:  0.0, Workers: 4
[5.491s][debug][gc,phases      ] GC(8)     Dead                           Min: 0, Avg:  0.0, Max: 0, Diff: 0, Sum: 0, Workers: 4
[5.491s][debug][gc,phases      ] GC(8)     Total                          Min: 0, Avg:  0.0, Max: 0, Diff: 0, Sum: 0, Workers: 4
[5.491s][debug][gc,phases      ] GC(8) Weak Processing 0.401ms
[5.491s][debug][gc,age         ] GC(8) Desired survivor size 281018368 bytes, new threshold 9 (max threshold 15)
[5.491s][info ][gc,heap        ] GC(8) PSYoungGen: 1488490K(1832960K)->182988K(1572864K) Eden: 1308672K(1308672K)->0K(1308672K) From: 179818K(524288K)->182988K(264192K)
[5.491s][info ][gc,heap        ] GC(8) ParOldGen: 6159K(18432K)->6167K(18432K)
[5.491s][info ][gc,metaspace   ] GC(8) Metaspace: 54332K(54912K)->54332K(54912K) NonClass: 46313K(46656K)->46313K(46656K) Class: 8019K(8256K)->8019K(8256K)
[5.491s][info ][gc             ] GC(8) Pause Young (Allocation Failure) 1459M->184M(1554M) 82.895ms
[5.491s][info ][gc,cpu         ] GC(8) User=0.27s Sys=0.06s Real=0.08s
[5.491s][info ][safepoint      ] Safepoint "ParallelGCFailedAllocation", Time since last: 119533380 ns, Reaching safepoint: 206601 ns, At safepoint: 82988864 ns, Total: 83195465 ns
[5.841s][info ][gc,start       ] GC(9) Pause Young (Allocation Failure)
[5.912s][debug][gc,phases      ] GC(9) Scavenge 70.623ms
[5.912s][debug][gc,ref         ] GC(9) Skipped phase 1 of Reference Processing: no references
[5.912s][debug][gc,ref         ] GC(9) ReferenceProcessor::execute queues: 4, RefProcThreadModel::Multi, marks_oops_alive: false
[5.912s][debug][gc,ref         ] GC(9) Skipped phase 3 of Reference Processing: no references
[5.912s][debug][gc,ref         ] GC(9) ReferenceProcessor::execute queues: 1, RefProcThreadModel::Single, marks_oops_alive: false
[5.912s][debug][gc,phases      ] GC(9) Reference Processing 0.346ms
[5.912s][debug][gc,phases      ] GC(9)   VM Weak                        Min:  0.0, Avg:  0.0, Max:  0.0, Diff:  0.0, Sum:  0.0, Workers: 4
[5.912s][debug][gc,phases      ] GC(9)     Dead                           Min: 0, Avg:  0.0, Max: 0, Diff: 0, Sum: 0, Workers: 4
[5.912s][debug][gc,phases      ] GC(9)     Total                          Min: 0, Avg: 127.8, Max: 319, Diff: 319, Sum: 511, Workers: 4
[5.912s][debug][gc,phases      ] GC(9)   ObjectSynchronizer Weak        Min:  0.0, Avg:  0.0, Max:  0.0, Diff:  0.0, Sum:  0.0, Workers: 4
[5.912s][debug][gc,phases      ] GC(9)     Dead                           Min: 0, Avg:  0.2, Max: 1, Diff: 1, Sum: 1, Workers: 4
[5.912s][debug][gc,phases      ] GC(9)     Total                          Min: 0, Avg: 82.0, Max: 192, Diff: 192, Sum: 328, Workers: 4
[5.912s][debug][gc,phases      ] GC(9)   JVMTI Tag Weak OopStorage      Min:  0.0, Avg:  0.0, Max:  0.0, Diff:  0.0, Sum:  0.0, Workers: 4
[5.912s][debug][gc,phases      ] GC(9)     Dead                           Min: 0, Avg:  0.0, Max: 0, Diff: 0, Sum: 0, Workers: 4
[5.912s][debug][gc,phases      ] GC(9)     Total                          Min: 0, Avg:  0.0, Max: 0, Diff: 0, Sum: 0, Workers: 4
[5.912s][debug][gc,phases      ] GC(9)   StringTable Weak               Min:  0.2, Avg:  0.2, Max:  0.2, Diff:  0.0, Sum:  0.7, Workers: 4
[5.912s][debug][gc,phases      ] GC(9)     Dead                           Min: 0, Avg:  4.8, Max: 15, Diff: 15, Sum: 19, Workers: 4
[5.912s][debug][gc,phases      ] GC(9)     Total                          Min: 8704, Avg: 9807.5, Max: 10816, Diff: 2112, Sum: 39230, Workers: 4
[5.912s][debug][gc,phases      ] GC(9)   ResolvedMethodTable Weak       Min:  0.0, Avg:  0.0, Max:  0.0, Diff:  0.0, Sum:  0.1, Workers: 4
[5.912s][debug][gc,phases      ] GC(9)     Dead                           Min: 2, Avg:  9.2, Max: 29, Diff: 27, Sum: 37, Workers: 4
[5.912s][debug][gc,phases      ] GC(9)     Total                          Min: 1380, Avg: 1449.0, Max: 1536, Diff: 156, Sum: 5796, Workers: 4
[5.912s][debug][gc,phases      ] GC(9)   JNI Weak                       Min:  0.0, Avg:  0.0, Max:  0.0, Diff:  0.0, Sum:  0.0, Workers: 4
[5.912s][debug][gc,phases      ] GC(9)     Dead                           Min: 0, Avg:  0.0, Max: 0, Diff: 0, Sum: 0, Workers: 4
[5.912s][debug][gc,phases      ] GC(9)     Total                          Min: 0, Avg:  0.0, Max: 0, Diff: 0, Sum: 0, Workers: 4
[5.912s][debug][gc,phases      ] GC(9)   StringDedup Table Weak         Min:  0.0, Avg:  0.0, Max:  0.0, Diff:  0.0, Sum:  0.0, Workers: 4
[5.912s][debug][gc,phases      ] GC(9)     Dead                           Min: 0, Avg:  0.0, Max: 0, Diff: 0, Sum: 0, Workers: 4
[5.912s][debug][gc,phases      ] GC(9)     Total                          Min: 0, Avg:  0.0, Max: 0, Diff: 0, Sum: 0, Workers: 4
[5.912s][debug][gc,phases      ] GC(9)   StringDedup Requests0 Weak     Min:  0.0, Avg:  0.0, Max:  0.0, Diff:  0.0, Sum:  0.0, Workers: 4
[5.912s][debug][gc,phases      ] GC(9)     Dead                           Min: 0, Avg:  0.0, Max: 0, Diff: 0, Sum: 0, Workers: 4
[5.912s][debug][gc,phases      ] GC(9)     Total                          Min: 0, Avg:  0.0, Max: 0, Diff: 0, Sum: 0, Workers: 4
[5.912s][debug][gc,phases      ] GC(9)   StringDedup Requests1 Weak     Min:  0.0, Avg:  0.0, Max:  0.0, Diff:  0.0, Sum:  0.0, Workers: 4
[5.912s][debug][gc,phases      ] GC(9)     Dead                           Min: 0, Avg:  0.0, Max: 0, Diff: 0, Sum: 0, Workers: 4
[5.912s][debug][gc,phases      ] GC(9)     Total                          Min: 0, Avg:  0.0, Max: 0, Diff: 0, Sum: 0, Workers: 4
[5.912s][debug][gc,phases      ] GC(9)   Weak JFR Old Object Samples    Min:  0.0, Avg:  0.0, Max:  0.0, Diff:  0.0, Sum:  0.0, Workers: 4
[5.912s][debug][gc,phases      ] GC(9)     Dead                           Min: 0, Avg:  0.0, Max: 0, Diff: 0, Sum: 0, Workers: 4
[5.912s][debug][gc,phases      ] GC(9)     Total                          Min: 0, Avg:  0.0, Max: 0, Diff: 0, Sum: 0, Workers: 4
[5.912s][debug][gc,phases      ] GC(9) Weak Processing 0.388ms
[5.912s][debug][gc,age         ] GC(9) Desired survivor size 287834112 bytes, new threshold 10 (max threshold 15)
[5.912s][info ][gc,heap        ] GC(9) PSYoungGen: 1491660K(1572864K)->185768K(1809408K) Eden: 1308672K(1308672K)->0K(1534976K) From: 182988K(264192K)->185768K(274432K)
[5.912s][info ][gc,heap        ] GC(9) ParOldGen: 6167K(18432K)->6175K(18432K)
[5.912s][info ][gc,metaspace   ] GC(9) Metaspace: 57070K(57728K)->57070K(57728K) NonClass: 48542K(48896K)->48542K(48896K) Class: 8528K(8832K)->8528K(8832K)
[5.912s][info ][gc             ] GC(9) Pause Young (Allocation Failure) 1462M->187M(1785M) 71.481ms
[5.912s][info ][gc,cpu         ] GC(9) User=0.27s Sys=0.01s Real=0.07s
[5.912s][info ][safepoint      ] Safepoint "ParallelGCFailedAllocation", Time since last: 349255511 ns, Reaching safepoint: 189400 ns, At safepoint: 71587328 ns, Total: 71776728 ns
[6.132s][info ][gc,start       ] GC(10) Pause Young (Allocation Failure)
[6.205s][debug][gc,phases      ] GC(10) Scavenge 72.999ms
[6.205s][debug][gc,ref         ] GC(10) Skipped phase 1 of Reference Processing: no references
[6.205s][debug][gc,ref         ] GC(10) ReferenceProcessor::execute queues: 4, RefProcThreadModel::Multi, marks_oops_alive: false
[6.205s][debug][gc,ref         ] GC(10) Skipped phase 3 of Reference Processing: no references
[6.205s][debug][gc,ref         ] GC(10) ReferenceProcessor::execute queues: 1, RefProcThreadModel::Single, marks_oops_alive: false
[6.205s][debug][gc,phases      ] GC(10) Reference Processing 0.309ms
[6.206s][debug][gc,phases      ] GC(10)   VM Weak                        Min:  0.0, Avg:  0.0, Max:  0.0, Diff:  0.0, Sum:  0.0, Workers: 4
[6.206s][debug][gc,phases      ] GC(10)     Dead                           Min: 0, Avg:  0.0, Max: 0, Diff: 0, Sum: 0, Workers: 4
[6.206s][debug][gc,phases      ] GC(10)     Total                          Min: 0, Avg: 131.0, Max: 332, Diff: 332, Sum: 524, Workers: 4
[6.206s][debug][gc,phases      ] GC(10)   ObjectSynchronizer Weak        Min:  0.0, Avg:  0.0, Max:  0.0, Diff:  0.0, Sum:  0.0, Workers: 4
[6.206s][debug][gc,phases      ] GC(10)     Dead                           Min: 0, Avg:  0.0, Max: 0, Diff: 0, Sum: 0, Workers: 4
[6.206s][debug][gc,phases      ] GC(10)     Total                          Min: 0, Avg: 82.0, Max: 192, Diff: 192, Sum: 328, Workers: 4
[6.206s][debug][gc,phases      ] GC(10)   JVMTI Tag Weak OopStorage      Min:  0.0, Avg:  0.0, Max:  0.0, Diff:  0.0, Sum:  0.0, Workers: 4
[6.206s][debug][gc,phases      ] GC(10)     Dead                           Min: 0, Avg:  0.0, Max: 0, Diff: 0, Sum: 0, Workers: 4
[6.206s][debug][gc,phases      ] GC(10)     Total                          Min: 0, Avg:  0.0, Max: 0, Diff: 0, Sum: 0, Workers: 4
[6.206s][debug][gc,phases      ] GC(10)   StringTable Weak               Min:  0.2, Avg:  0.2, Max:  0.2, Diff:  0.0, Sum:  0.9, Workers: 4
[6.206s][debug][gc,phases      ] GC(10)     Dead                           Min: 0, Avg:  1.5, Max: 4, Diff: 4, Sum: 6, Workers: 4
[6.206s][debug][gc,phases      ] GC(10)     Total                          Min: 7872, Avg: 9895.5, Max: 12864, Diff: 4992, Sum: 39582, Workers: 4
[6.206s][debug][gc,phases      ] GC(10)   ResolvedMethodTable Weak       Min:  0.0, Avg:  0.0, Max:  0.0, Diff:  0.0, Sum:  0.2, Workers: 4
[6.206s][debug][gc,phases      ] GC(10)     Dead                           Min: 0, Avg:  6.8, Max: 22, Diff: 22, Sum: 27, Workers: 4
[6.206s][debug][gc,phases      ] GC(10)     Total                          Min: 960, Avg: 1499.8, Max: 2031, Diff: 1071, Sum: 5999, Workers: 4
[6.206s][debug][gc,phases      ] GC(10)   JNI Weak                       Min:  0.0, Avg:  0.0, Max:  0.0, Diff:  0.0, Sum:  0.0, Workers: 4
[6.206s][debug][gc,phases      ] GC(10)     Dead                           Min: 0, Avg:  0.0, Max: 0, Diff: 0, Sum: 0, Workers: 4
[6.206s][debug][gc,phases      ] GC(10)     Total                          Min: 0, Avg:  1.2, Max: 5, Diff: 5, Sum: 5, Workers: 4
[6.206s][debug][gc,phases      ] GC(10)   StringDedup Table Weak         Min:  0.0, Avg:  0.0, Max:  0.0, Diff:  0.0, Sum:  0.0, Workers: 4
[6.206s][debug][gc,phases      ] GC(10)     Dead                           Min: 0, Avg:  0.0, Max: 0, Diff: 0, Sum: 0, Workers: 4
[6.206s][debug][gc,phases      ] GC(10)     Total                          Min: 0, Avg:  0.0, Max: 0, Diff: 0, Sum: 0, Workers: 4
[6.206s][debug][gc,phases      ] GC(10)   StringDedup Requests0 Weak     Min:  0.0, Avg:  0.0, Max:  0.0, Diff:  0.0, Sum:  0.0, Workers: 4
[6.206s][debug][gc,phases      ] GC(10)     Dead                           Min: 0, Avg:  0.0, Max: 0, Diff: 0, Sum: 0, Workers: 4
[6.206s][debug][gc,phases      ] GC(10)     Total                          Min: 0, Avg:  0.0, Max: 0, Diff: 0, Sum: 0, Workers: 4
[6.206s][debug][gc,phases      ] GC(10)   StringDedup Requests1 Weak     Min:  0.0, Avg:  0.0, Max:  0.0, Diff:  0.0, Sum:  0.0, Workers: 4
[6.206s][debug][gc,phases      ] GC(10)     Dead                           Min: 0, Avg:  0.0, Max: 0, Diff: 0, Sum: 0, Workers: 4
[6.206s][debug][gc,phases      ] GC(10)     Total                          Min: 0, Avg:  0.0, Max: 0, Diff: 0, Sum: 0, Workers: 4
[6.206s][debug][gc,phases      ] GC(10)   Weak JFR Old Object Samples    Min:  0.0, Avg:  0.0, Max:  0.0, Diff:  0.0, Sum:  0.0, Workers: 4
[6.206s][debug][gc,phases      ] GC(10)     Dead                           Min: 0, Avg:  0.0, Max: 0, Diff: 0, Sum: 0, Workers: 4
[6.206s][debug][gc,phases      ] GC(10)     Total                          Min: 0, Avg:  0.0, Max: 0, Diff: 0, Sum: 0, Workers: 4
[6.206s][debug][gc,phases      ] GC(10) Weak Processing 0.421ms
[6.206s][debug][gc,age         ] GC(10) Desired survivor size 290979840 bytes, new threshold 11 (max threshold 15)
[6.206s][info ][gc,heap        ] GC(10) PSYoungGen: 1720744K(1809408K)->187484K(1722880K) Eden: 1534976K(1534976K)->0K(1534976K) From: 185768K(274432K)->187484K(187904K)
[6.206s][info ][gc,heap        ] GC(10) ParOldGen: 6175K(18432K)->6183K(18432K)
[6.206s][info ][gc,metaspace   ] GC(10) Metaspace: 58191K(58880K)->58191K(58880K) NonClass: 49487K(49856K)->49487K(49856K) Class: 8704K(9024K)->8704K(9024K)
[6.206s][info ][gc             ] GC(10) Pause Young (Allocation Failure) 1686M->189M(1700M) 73.854ms
[6.206s][info ][gc,cpu         ] GC(10) User=0.36s Sys=0.00s Real=0.08s
[6.206s][info ][safepoint      ] Safepoint "ParallelGCFailedAllocation", Time since last: 214977784 ns, Reaching safepoint: 4493315 ns, At safepoint: 73941635 ns, Total: 78434950 ns
[6.519s][info ][gc,start       ] GC(11) Pause Young (Allocation Failure)
[6.574s][debug][gc,phases      ] GC(11) Scavenge 54.092ms
[6.574s][debug][gc,ref         ] GC(11) Skipped phase 1 of Reference Processing: no references
[6.574s][debug][gc,ref         ] GC(11) ReferenceProcessor::execute queues: 4, RefProcThreadModel::Multi, marks_oops_alive: false
[6.574s][debug][gc,ref         ] GC(11) Skipped phase 3 of Reference Processing: no references
[6.574s][debug][gc,ref         ] GC(11) ReferenceProcessor::execute queues: 1, RefProcThreadModel::Single, marks_oops_alive: false
[6.574s][debug][gc,phases      ] GC(11) Reference Processing 0.265ms
[6.574s][debug][gc,phases      ] GC(11)   VM Weak                        Min:  0.0, Avg:  0.0, Max:  0.0, Diff:  0.0, Sum:  0.0, Workers: 4
[6.574s][debug][gc,phases      ] GC(11)     Dead                           Min: 0, Avg:  0.0, Max: 0, Diff: 0, Sum: 0, Workers: 4
[6.574s][debug][gc,phases      ] GC(11)     Total                          Min: 0, Avg: 131.0, Max: 332, Diff: 332, Sum: 524, Workers: 4
[6.574s][debug][gc,phases      ] GC(11)   ObjectSynchronizer Weak        Min:  0.0, Avg:  0.0, Max:  0.0, Diff:  0.0, Sum:  0.0, Workers: 4
[6.574s][debug][gc,phases      ] GC(11)     Dead                           Min: 0, Avg:  0.0, Max: 0, Diff: 0, Sum: 0, Workers: 4
[6.574s][debug][gc,phases      ] GC(11)     Total                          Min: 0, Avg: 87.5, Max: 192, Diff: 192, Sum: 350, Workers: 4
[6.574s][debug][gc,phases      ] GC(11)   JVMTI Tag Weak OopStorage      Min:  0.0, Avg:  0.0, Max:  0.0, Diff:  0.0, Sum:  0.0, Workers: 4
[6.574s][debug][gc,phases      ] GC(11)     Dead                           Min: 0, Avg:  0.0, Max: 0, Diff: 0, Sum: 0, Workers: 4
[6.574s][debug][gc,phases      ] GC(11)     Total                          Min: 0, Avg:  0.0, Max: 0, Diff: 0, Sum: 0, Workers: 4
[6.574s][debug][gc,phases      ] GC(11)   StringTable Weak               Min:  0.2, Avg:  0.2, Max:  0.2, Diff:  0.0, Sum:  0.8, Workers: 4
[6.574s][debug][gc,phases      ] GC(11)     Dead                           Min: 0, Avg:  3.2, Max: 12, Diff: 12, Sum: 13, Workers: 4
[6.574s][debug][gc,phases      ] GC(11)     Total                          Min: 9152, Avg: 9931.0, Max: 10560, Diff: 1408, Sum: 39724, Workers: 4
[6.574s][debug][gc,phases      ] GC(11)   ResolvedMethodTable Weak       Min:  0.0, Avg:  0.0, Max:  0.0, Diff:  0.0, Sum:  0.1, Workers: 4
[6.574s][debug][gc,phases      ] GC(11)     Dead                           Min: 0, Avg:  0.5, Max: 2, Diff: 2, Sum: 2, Workers: 4
[6.574s][debug][gc,phases      ] GC(11)     Total                          Min: 1344, Avg: 1506.0, Max: 1664, Diff: 320, Sum: 6024, Workers: 4
[6.574s][debug][gc,phases      ] GC(11)   JNI Weak                       Min:  0.0, Avg:  0.0, Max:  0.0, Diff:  0.0, Sum:  0.0, Workers: 4
[6.574s][debug][gc,phases      ] GC(11)     Dead                           Min: 0, Avg:  0.0, Max: 0, Diff: 0, Sum: 0, Workers: 4
[6.574s][debug][gc,phases      ] GC(11)     Total                          Min: 0, Avg:  0.8, Max: 3, Diff: 3, Sum: 3, Workers: 4
[6.574s][debug][gc,phases      ] GC(11)   StringDedup Table Weak         Min:  0.0, Avg:  0.0, Max:  0.0, Diff:  0.0, Sum:  0.0, Workers: 4
[6.574s][debug][gc,phases      ] GC(11)     Dead                           Min: 0, Avg:  0.0, Max: 0, Diff: 0, Sum: 0, Workers: 4
[6.574s][debug][gc,phases      ] GC(11)     Total                          Min: 0, Avg:  0.0, Max: 0, Diff: 0, Sum: 0, Workers: 4
[6.574s][debug][gc,phases      ] GC(11)   StringDedup Requests0 Weak     Min:  0.0, Avg:  0.0, Max:  0.0, Diff:  0.0, Sum:  0.0, Workers: 4
[6.574s][debug][gc,phases      ] GC(11)     Dead                           Min: 0, Avg:  0.0, Max: 0, Diff: 0, Sum: 0, Workers: 4
[6.574s][debug][gc,phases      ] GC(11)     Total                          Min: 0, Avg:  0.0, Max: 0, Diff: 0, Sum: 0, Workers: 4
[6.574s][debug][gc,phases      ] GC(11)   StringDedup Requests1 Weak     Min:  0.0, Avg:  0.0, Max:  0.0, Diff:  0.0, Sum:  0.0, Workers: 4
[6.574s][debug][gc,phases      ] GC(11)     Dead                           Min: 0, Avg:  0.0, Max: 0, Diff: 0, Sum: 0, Workers: 4
[6.574s][debug][gc,phases      ] GC(11)     Total                          Min: 0, Avg:  0.0, Max: 0, Diff: 0, Sum: 0, Workers: 4
[6.574s][debug][gc,phases      ] GC(11)   Weak JFR Old Object Samples    Min:  0.0, Avg:  0.0, Max:  0.0, Diff:  0.0, Sum:  0.0, Workers: 4
[6.574s][debug][gc,phases      ] GC(11)     Dead                           Min: 0, Avg:  0.0, Max: 0, Diff: 0, Sum: 0, Workers: 4
[6.574s][debug][gc,phases      ] GC(11)     Total                          Min: 0, Avg:  0.0, Max: 0, Diff: 0, Sum: 0, Workers: 4
[6.574s][debug][gc,phases      ] GC(11) Weak Processing 0.385ms
[6.574s][debug][gc,age         ] GC(11) Desired survivor size 295174144 bytes, new threshold 12 (max threshold 15)
[6.574s][info ][gc,heap        ] GC(11) PSYoungGen: 1722460K(1722880K)->193656K(1804800K) Eden: 1534976K(1534976K)->0K(1520640K) From: 187484K(187904K)->193656K(284160K)
[6.574s][info ][gc,heap        ] GC(11) ParOldGen: 6183K(18432K)->6191K(18432K)
[6.574s][info ][gc,metaspace   ] GC(11) Metaspace: 58514K(59200K)->58514K(59200K) NonClass: 49796K(50176K)->49796K(50176K) Class: 8718K(9024K)->8718K(9024K)
[6.574s][info ][gc             ] GC(11) Pause Young (Allocation Failure) 1688M->195M(1780M) 54.858ms
[6.574s][info ][gc,cpu         ] GC(11) User=0.22s Sys=0.00s Real=0.05s
[6.574s][info ][safepoint      ] Safepoint "ParallelGCFailedAllocation", Time since last: 313346597 ns, Reaching safepoint: 179100 ns, At safepoint: 54966475 ns, Total: 55145575 ns
[6.895s][info ][gc,start       ] GC(12) Pause Young (Allocation Failure)
[6.961s][debug][gc,phases      ] GC(12) Scavenge 65.152ms
[6.961s][debug][gc,ref         ] GC(12) Skipped phase 1 of Reference Processing: no references
[6.961s][debug][gc,ref         ] GC(12) ReferenceProcessor::execute queues: 4, RefProcThreadModel::Multi, marks_oops_alive: false
[6.961s][debug][gc,ref         ] GC(12) Skipped phase 3 of Reference Processing: no references
[6.961s][debug][gc,ref         ] GC(12) ReferenceProcessor::execute queues: 1, RefProcThreadModel::Single, marks_oops_alive: false
[6.961s][debug][gc,phases      ] GC(12) Reference Processing 0.273ms
[6.961s][debug][gc,phases      ] GC(12)   VM Weak                        Min:  0.0, Avg:  0.0, Max:  0.0, Diff:  0.0, Sum:  0.0, Workers: 4
[6.961s][debug][gc,phases      ] GC(12)     Dead                           Min: 0, Avg:  0.0, Max: 0, Diff: 0, Sum: 0, Workers: 4
[6.961s][debug][gc,phases      ] GC(12)     Total                          Min: 0, Avg: 131.0, Max: 396, Diff: 396, Sum: 524, Workers: 4
[6.961s][debug][gc,phases      ] GC(12)   ObjectSynchronizer Weak        Min:  0.0, Avg:  0.0, Max:  0.0, Diff:  0.0, Sum:  0.0, Workers: 4
[6.961s][debug][gc,phases      ] GC(12)     Dead                           Min: 0, Avg:  0.0, Max: 0, Diff: 0, Sum: 0, Workers: 4
[6.961s][debug][gc,phases      ] GC(12)     Total                          Min: 0, Avg: 87.5, Max: 192, Diff: 192, Sum: 350, Workers: 4
[6.961s][debug][gc,phases      ] GC(12)   JVMTI Tag Weak OopStorage      Min:  0.0, Avg:  0.0, Max:  0.0, Diff:  0.0, Sum:  0.0, Workers: 4
[6.961s][debug][gc,phases      ] GC(12)     Dead                           Min: 0, Avg:  0.0, Max: 0, Diff: 0, Sum: 0, Workers: 4
[6.961s][debug][gc,phases      ] GC(12)     Total                          Min: 0, Avg:  0.0, Max: 0, Diff: 0, Sum: 0, Workers: 4
[6.961s][debug][gc,phases      ] GC(12)   StringTable Weak               Min:  0.2, Avg:  0.2, Max:  0.2, Diff:  0.0, Sum:  0.8, Workers: 4
[6.961s][debug][gc,phases      ] GC(12)     Dead                           Min: 0, Avg:  4.2, Max: 11, Diff: 11, Sum: 17, Workers: 4
[6.961s][debug][gc,phases      ] GC(12)     Total                          Min: 9344, Avg: 10007.0, Max: 10368, Diff: 1024, Sum: 40028, Workers: 4
[6.961s][debug][gc,phases      ] GC(12)   ResolvedMethodTable Weak       Min:  0.0, Avg:  0.0, Max:  0.0, Diff:  0.0, Sum:  0.1, Workers: 4
[6.961s][debug][gc,phases      ] GC(12)     Dead                           Min: 0, Avg:  9.0, Max: 19, Diff: 19, Sum: 36, Workers: 4
[6.961s][debug][gc,phases      ] GC(12)     Total                          Min: 1408, Avg: 1532.2, Max: 1600, Diff: 192, Sum: 6129, Workers: 4
[6.961s][debug][gc,phases      ] GC(12)   JNI Weak                       Min:  0.0, Avg:  0.0, Max:  0.0, Diff:  0.0, Sum:  0.0, Workers: 4
[6.961s][debug][gc,phases      ] GC(12)     Dead                           Min: 0, Avg:  0.0, Max: 0, Diff: 0, Sum: 0, Workers: 4
[6.961s][debug][gc,phases      ] GC(12)     Total                          Min: 0, Avg:  3.0, Max: 12, Diff: 12, Sum: 12, Workers: 4
[6.961s][debug][gc,phases      ] GC(12)   StringDedup Table Weak         Min:  0.0, Avg:  0.0, Max:  0.0, Diff:  0.0, Sum:  0.0, Workers: 4
[6.961s][debug][gc,phases      ] GC(12)     Dead                           Min: 0, Avg:  0.0, Max: 0, Diff: 0, Sum: 0, Workers: 4
[6.961s][debug][gc,phases      ] GC(12)     Total                          Min: 0, Avg:  0.0, Max: 0, Diff: 0, Sum: 0, Workers: 4
[6.961s][debug][gc,phases      ] GC(12)   StringDedup Requests0 Weak     Min:  0.0, Avg:  0.0, Max:  0.0, Diff:  0.0, Sum:  0.0, Workers: 4
[6.961s][debug][gc,phases      ] GC(12)     Dead                           Min: 0, Avg:  0.0, Max: 0, Diff: 0, Sum: 0, Workers: 4
[6.961s][debug][gc,phases      ] GC(12)     Total                          Min: 0, Avg:  0.0, Max: 0, Diff: 0, Sum: 0, Workers: 4
[6.961s][debug][gc,phases      ] GC(12)   StringDedup Requests1 Weak     Min:  0.0, Avg:  0.0, Max:  0.0, Diff:  0.0, Sum:  0.0, Workers: 4
[6.961s][debug][gc,phases      ] GC(12)     Dead                           Min: 0, Avg:  0.0, Max: 0, Diff: 0, Sum: 0, Workers: 4
[6.961s][debug][gc,phases      ] GC(12)     Total                          Min: 0, Avg:  0.0, Max: 0, Diff: 0, Sum: 0, Workers: 4
[6.961s][debug][gc,phases      ] GC(12)   Weak JFR Old Object Samples    Min:  0.0, Avg:  0.0, Max:  0.0, Diff:  0.0, Sum:  0.0, Workers: 4
[6.961s][debug][gc,phases      ] GC(12)     Dead                           Min: 0, Avg:  0.0, Max: 0, Diff: 0, Sum: 0, Workers: 4
[6.961s][debug][gc,phases      ] GC(12)     Total                          Min: 0, Avg:  0.0, Max: 0, Diff: 0, Sum: 0, Workers: 4
[6.961s][debug][gc,phases      ] GC(12) Weak Processing 0.392ms
[6.961s][debug][gc,age         ] GC(12) Desired survivor size 299368448 bytes, new threshold 13 (max threshold 15)
[6.961s][info ][gc,heap        ] GC(12) PSYoungGen: 1714296K(1804800K)->200212K(1721344K) Eden: 1520640K(1520640K)->0K(1520640K) From: 193656K(284160K)->200212K(200704K)
[6.961s][info ][gc,heap        ] GC(12) ParOldGen: 6191K(18432K)->6199K(18432K)
[6.961s][info ][gc,metaspace   ] GC(12) Metaspace: 59269K(59968K)->59269K(59968K) NonClass: 50444K(50816K)->50444K(50816K) Class: 8825K(9152K)->8825K(9152K)
[6.961s][info ][gc             ] GC(12) Pause Young (Allocation Failure) 1680M->201M(1699M) 65.934ms
[6.961s][info ][gc,cpu         ] GC(12) User=0.27s Sys=0.00s Real=0.07s
[6.961s][info ][safepoint      ] Safepoint "ParallelGCFailedAllocation", Time since last: 320915622 ns, Reaching safepoint: 139500 ns, At safepoint: 66035810 ns, Total: 66175310 ns
[7.272s][info ][safepoint      ] Safepoint "ICBufferFull", Time since last: 310380088 ns, Reaching safepoint: 236501 ns, At safepoint: 27800 ns, Total: 264301 ns
[7.273s][info ][gc,start       ] GC(13) Pause Young (Allocation Failure)
[7.338s][debug][gc,phases      ] GC(13) Scavenge 64.835ms
[7.338s][debug][gc,ref         ] GC(13) Skipped phase 1 of Reference Processing: no references
[7.338s][debug][gc,ref         ] GC(13) ReferenceProcessor::execute queues: 4, RefProcThreadModel::Multi, marks_oops_alive: false
[7.339s][debug][gc,ref         ] GC(13) Skipped phase 3 of Reference Processing: no references
[7.339s][debug][gc,ref         ] GC(13) ReferenceProcessor::execute queues: 1, RefProcThreadModel::Single, marks_oops_alive: false
[7.339s][debug][gc,phases      ] GC(13) Reference Processing 0.334ms
[7.339s][debug][gc,phases      ] GC(13)   VM Weak                        Min:  0.0, Avg:  0.0, Max:  0.0, Diff:  0.0, Sum:  0.0, Workers: 4
[7.339s][debug][gc,phases      ] GC(13)     Dead                           Min: 0, Avg:  0.0, Max: 0, Diff: 0, Sum: 0, Workers: 4
[7.339s][debug][gc,phases      ] GC(13)     Total                          Min: 0, Avg: 134.2, Max: 448, Diff: 448, Sum: 537, Workers: 4
[7.339s][debug][gc,phases      ] GC(13)   ObjectSynchronizer Weak        Min:  0.0, Avg:  0.0, Max:  0.0, Diff:  0.0, Sum:  0.0, Workers: 4
[7.339s][debug][gc,phases      ] GC(13)     Dead                           Min: 0, Avg:  0.0, Max: 0, Diff: 0, Sum: 0, Workers: 4
[7.339s][debug][gc,phases      ] GC(13)     Total                          Min: 0, Avg: 87.5, Max: 158, Diff: 158, Sum: 350, Workers: 4
[7.339s][debug][gc,phases      ] GC(13)   JVMTI Tag Weak OopStorage      Min:  0.0, Avg:  0.0, Max:  0.0, Diff:  0.0, Sum:  0.0, Workers: 4
[7.339s][debug][gc,phases      ] GC(13)     Dead                           Min: 0, Avg:  0.0, Max: 0, Diff: 0, Sum: 0, Workers: 4
[7.339s][debug][gc,phases      ] GC(13)     Total                          Min: 0, Avg:  0.0, Max: 0, Diff: 0, Sum: 0, Workers: 4
[7.339s][debug][gc,phases      ] GC(13)   StringTable Weak               Min:  0.2, Avg:  0.2, Max:  0.2, Diff:  0.0, Sum:  0.9, Workers: 4
[7.339s][debug][gc,phases      ] GC(13)     Dead                           Min: 0, Avg:  3.8, Max: 13, Diff: 13, Sum: 15, Workers: 4
[7.339s][debug][gc,phases      ] GC(13)     Total                          Min: 8256, Avg: 10099.2, Max: 12224, Diff: 3968, Sum: 40397, Workers: 4
[7.339s][debug][gc,phases      ] GC(13)   ResolvedMethodTable Weak       Min:  0.0, Avg:  0.0, Max:  0.0, Diff:  0.0, Sum:  0.2, Workers: 4
[7.339s][debug][gc,phases      ] GC(13)     Dead                           Min: 0, Avg:  8.2, Max: 23, Diff: 23, Sum: 33, Workers: 4
[7.339s][debug][gc,phases      ] GC(13)     Total                          Min: 1152, Avg: 1570.0, Max: 1992, Diff: 840, Sum: 6280, Workers: 4
[7.339s][debug][gc,phases      ] GC(13)   JNI Weak                       Min:  0.0, Avg:  0.0, Max:  0.0, Diff:  0.0, Sum:  0.0, Workers: 4
[7.339s][debug][gc,phases      ] GC(13)     Dead                           Min: 0, Avg:  0.0, Max: 0, Diff: 0, Sum: 0, Workers: 4
[7.339s][debug][gc,phases      ] GC(13)     Total                          Min: 0, Avg:  1.0, Max: 4, Diff: 4, Sum: 4, Workers: 4
[7.339s][debug][gc,phases      ] GC(13)   StringDedup Table Weak         Min:  0.0, Avg:  0.0, Max:  0.0, Diff:  0.0, Sum:  0.0, Workers: 4
[7.339s][debug][gc,phases      ] GC(13)     Dead                           Min: 0, Avg:  0.0, Max: 0, Diff: 0, Sum: 0, Workers: 4
[7.339s][debug][gc,phases      ] GC(13)     Total                          Min: 0, Avg:  0.0, Max: 0, Diff: 0, Sum: 0, Workers: 4
[7.339s][debug][gc,phases      ] GC(13)   StringDedup Requests0 Weak     Min:  0.0, Avg:  0.0, Max:  0.0, Diff:  0.0, Sum:  0.0, Workers: 4
[7.339s][debug][gc,phases      ] GC(13)     Dead                           Min: 0, Avg:  0.0, Max: 0, Diff: 0, Sum: 0, Workers: 4
[7.339s][debug][gc,phases      ] GC(13)     Total                          Min: 0, Avg:  0.0, Max: 0, Diff: 0, Sum: 0, Workers: 4
[7.339s][debug][gc,phases      ] GC(13)   StringDedup Requests1 Weak     Min:  0.0, Avg:  0.0, Max:  0.0, Diff:  0.0, Sum:  0.0, Workers: 4
[7.339s][debug][gc,phases      ] GC(13)     Dead                           Min: 0, Avg:  0.0, Max: 0, Diff: 0, Sum: 0, Workers: 4
[7.339s][debug][gc,phases      ] GC(13)     Total                          Min: 0, Avg:  0.0, Max: 0, Diff: 0, Sum: 0, Workers: 4
[7.339s][debug][gc,phases      ] GC(13)   Weak JFR Old Object Samples    Min:  0.0, Avg:  0.0, Max:  0.0, Diff:  0.0, Sum:  0.0, Workers: 4
[7.339s][debug][gc,phases      ] GC(13)     Dead                           Min: 0, Avg:  0.0, Max: 0, Diff: 0, Sum: 0, Workers: 4
[7.339s][debug][gc,phases      ] GC(13)     Total                          Min: 0, Avg:  0.0, Max: 0, Diff: 0, Sum: 0, Workers: 4
[7.339s][debug][gc,phases      ] GC(13) Weak Processing 0.428ms
[7.339s][debug][gc,age         ] GC(13) Desired survivor size 299368448 bytes, new threshold 14 (max threshold 15)
[7.339s][info ][gc,heap        ] GC(13) PSYoungGen: 1720852K(1721344K)->192720K(1804800K) Eden: 1520640K(1520640K)->0K(1512448K) From: 200212K(200704K)->192720K(292352K)
[7.339s][info ][gc,heap        ] GC(13) ParOldGen: 6199K(18432K)->6207K(18432K)
[7.339s][info ][gc,metaspace   ] GC(13) Metaspace: 60233K(60928K)->60233K(60928K) NonClass: 51265K(51648K)->51265K(51648K) Class: 8968K(9280K)->8968K(9280K)
[7.339s][info ][gc             ] GC(13) Pause Young (Allocation Failure) 1686M->194M(1780M) 65.694ms
[7.339s][info ][gc,cpu         ] GC(13) User=0.26s Sys=0.00s Real=0.07s
[7.339s][info ][safepoint      ] Safepoint "ParallelGCFailedAllocation", Time since last: 1144104 ns, Reaching safepoint: 90800 ns, At safepoint: 65789809 ns, Total: 65880609 ns
[7.591s][info ][gc,start       ] GC(14) Pause Young (Allocation Failure)
[7.656s][debug][gc,phases      ] GC(14) Scavenge 64.486ms
[7.656s][debug][gc,ref         ] GC(14) Skipped phase 1 of Reference Processing: no references
[7.656s][debug][gc,ref         ] GC(14) ReferenceProcessor::execute queues: 4, RefProcThreadModel::Multi, marks_oops_alive: false
[7.656s][debug][gc,ref         ] GC(14) Skipped phase 3 of Reference Processing: no references
[7.656s][debug][gc,ref         ] GC(14) ReferenceProcessor::execute queues: 1, RefProcThreadModel::Single, marks_oops_alive: false
[7.656s][debug][gc,phases      ] GC(14) Reference Processing 0.301ms
[7.657s][debug][gc,phases      ] GC(14)   VM Weak                        Min:  0.0, Avg:  0.0, Max:  0.0, Diff:  0.0, Sum:  0.0, Workers: 4
[7.657s][debug][gc,phases      ] GC(14)     Dead                           Min: 0, Avg:  0.0, Max: 0, Diff: 0, Sum: 0, Workers: 4
[7.657s][debug][gc,phases      ] GC(14)     Total                          Min: 0, Avg: 135.2, Max: 477, Diff: 477, Sum: 541, Workers: 4
[7.657s][debug][gc,phases      ] GC(14)   ObjectSynchronizer Weak        Min:  0.0, Avg:  0.0, Max:  0.0, Diff:  0.0, Sum:  0.0, Workers: 4
[7.657s][debug][gc,phases      ] GC(14)     Dead                           Min: 0, Avg:  0.0, Max: 0, Diff: 0, Sum: 0, Workers: 4
[7.657s][debug][gc,phases      ] GC(14)     Total                          Min: 0, Avg: 87.5, Max: 158, Diff: 158, Sum: 350, Workers: 4
[7.657s][debug][gc,phases      ] GC(14)   JVMTI Tag Weak OopStorage      Min:  0.0, Avg:  0.0, Max:  0.0, Diff:  0.0, Sum:  0.0, Workers: 4
[7.657s][debug][gc,phases      ] GC(14)     Dead                           Min: 0, Avg:  0.0, Max: 0, Diff: 0, Sum: 0, Workers: 4
[7.657s][debug][gc,phases      ] GC(14)     Total                          Min: 0, Avg:  0.0, Max: 0, Diff: 0, Sum: 0, Workers: 4
[7.657s][debug][gc,phases      ] GC(14)   StringTable Weak               Min:  0.2, Avg:  0.2, Max:  0.2, Diff:  0.0, Sum:  0.8, Workers: 4
[7.657s][debug][gc,phases      ] GC(14)     Dead                           Min: 0, Avg:  0.0, Max: 0, Diff: 0, Sum: 0, Workers: 4
[7.657s][debug][gc,phases      ] GC(14)     Total                          Min: 8768, Avg: 10103.2, Max: 10909, Diff: 2141, Sum: 40413, Workers: 4
[7.657s][debug][gc,phases      ] GC(14)   ResolvedMethodTable Weak       Min:  0.0, Avg:  0.0, Max:  0.0, Diff:  0.0, Sum:  0.1, Workers: 4
[7.657s][debug][gc,phases      ] GC(14)     Dead                           Min: 0, Avg:  0.0, Max: 0, Diff: 0, Sum: 0, Workers: 4
[7.657s][debug][gc,phases      ] GC(14)     Total                          Min: 1362, Avg: 1572.5, Max: 1792, Diff: 430, Sum: 6290, Workers: 4
[7.657s][debug][gc,phases      ] GC(14)   JNI Weak                       Min:  0.0, Avg:  0.0, Max:  0.0, Diff:  0.0, Sum:  0.0, Workers: 4
[7.657s][debug][gc,phases      ] GC(14)     Dead                           Min: 0, Avg:  0.0, Max: 0, Diff: 0, Sum: 0, Workers: 4
[7.657s][debug][gc,phases      ] GC(14)     Total                          Min: 0, Avg:  3.2, Max: 13, Diff: 13, Sum: 13, Workers: 4
[7.657s][debug][gc,phases      ] GC(14)   StringDedup Table Weak         Min:  0.0, Avg:  0.0, Max:  0.0, Diff:  0.0, Sum:  0.0, Workers: 4
[7.657s][debug][gc,phases      ] GC(14)     Dead                           Min: 0, Avg:  0.0, Max: 0, Diff: 0, Sum: 0, Workers: 4
[7.657s][debug][gc,phases      ] GC(14)     Total                          Min: 0, Avg:  0.0, Max: 0, Diff: 0, Sum: 0, Workers: 4
[7.657s][debug][gc,phases      ] GC(14)   StringDedup Requests0 Weak     Min:  0.0, Avg:  0.0, Max:  0.0, Diff:  0.0, Sum:  0.0, Workers: 4
[7.657s][debug][gc,phases      ] GC(14)     Dead                           Min: 0, Avg:  0.0, Max: 0, Diff: 0, Sum: 0, Workers: 4
[7.657s][debug][gc,phases      ] GC(14)     Total                          Min: 0, Avg:  0.0, Max: 0, Diff: 0, Sum: 0, Workers: 4
[7.657s][debug][gc,phases      ] GC(14)   StringDedup Requests1 Weak     Min:  0.0, Avg:  0.0, Max:  0.0, Diff:  0.0, Sum:  0.0, Workers: 4
[7.657s][debug][gc,phases      ] GC(14)     Dead                           Min: 0, Avg:  0.0, Max: 0, Diff: 0, Sum: 0, Workers: 4
[7.657s][debug][gc,phases      ] GC(14)     Total                          Min: 0, Avg:  0.0, Max: 0, Diff: 0, Sum: 0, Workers: 4
[7.657s][debug][gc,phases      ] GC(14)   Weak JFR Old Object Samples    Min:  0.0, Avg:  0.0, Max:  0.0, Diff:  0.0, Sum:  0.0, Workers: 4
[7.657s][debug][gc,phases      ] GC(14)     Dead                           Min: 0, Avg:  0.0, Max: 0, Diff: 0, Sum: 0, Workers: 4
[7.657s][debug][gc,phases      ] GC(14)     Total                          Min: 0, Avg:  0.0, Max: 0, Diff: 0, Sum: 0, Workers: 4
[7.657s][debug][gc,phases      ] GC(14) Weak Processing 0.387ms
[7.657s][debug][gc,age         ] GC(14) Desired survivor size 298319872 bytes, new threshold 14 (max threshold 15)
[7.657s][info ][gc,heap        ] GC(14) PSYoungGen: 1705168K(1804800K)->193181K(1804800K) Eden: 1512448K(1512448K)->0K(1512448K) From: 192720K(292352K)->193181K(292352K)
[7.657s][info ][gc,heap        ] GC(14) ParOldGen: 6207K(18432K)->6215K(18432K)
[7.657s][info ][gc,metaspace   ] GC(14) Metaspace: 60367K(61056K)->60367K(61056K) NonClass: 51394K(51776K)->51394K(51776K) Class: 8973K(9280K)->8973K(9280K)
[7.657s][info ][gc             ] GC(14) Pause Young (Allocation Failure) 1671M->194M(1780M) 65.303ms
[7.657s][info ][gc,cpu         ] GC(14) User=0.29s Sys=0.00s Real=0.07s
[7.657s][info ][safepoint      ] Safepoint "ParallelGCFailedAllocation", Time since last: 251991302 ns, Reaching safepoint: 244501 ns, At safepoint: 65407108 ns, Total: 65651609 ns
[7.892s][info ][safepoint      ] Safepoint "ICBufferFull", Time since last: 235149849 ns, Reaching safepoint: 303201 ns, At safepoint: 32900 ns, Total: 336101 ns
[7.952s][info ][gc,start       ] GC(15) Pause Young (Allocation Failure)
[8.013s][debug][gc,phases      ] GC(15) Scavenge 61.082ms
[8.013s][debug][gc,ref         ] GC(15) Skipped phase 1 of Reference Processing: no references
[8.013s][debug][gc,ref         ] GC(15) ReferenceProcessor::execute queues: 4, RefProcThreadModel::Multi, marks_oops_alive: false
[8.013s][debug][gc,ref         ] GC(15) Skipped phase 3 of Reference Processing: no references
[8.013s][debug][gc,ref         ] GC(15) ReferenceProcessor::execute queues: 1, RefProcThreadModel::Single, marks_oops_alive: false
[8.013s][debug][gc,phases      ] GC(15) Reference Processing 0.338ms
[8.014s][debug][gc,phases      ] GC(15)   VM Weak                        Min:  0.0, Avg:  0.0, Max:  0.0, Diff:  0.0, Sum:  0.0, Workers: 4
[8.014s][debug][gc,phases      ] GC(15)     Dead                           Min: 0, Avg:  0.0, Max: 0, Diff: 0, Sum: 0, Workers: 4
[8.014s][debug][gc,phases      ] GC(15)     Total                          Min: 0, Avg: 135.2, Max: 349, Diff: 349, Sum: 541, Workers: 4
[8.014s][debug][gc,phases      ] GC(15)   ObjectSynchronizer Weak        Min:  0.0, Avg:  0.0, Max:  0.0, Diff:  0.0, Sum:  0.0, Workers: 4
[8.014s][debug][gc,phases      ] GC(15)     Dead                           Min: 0, Avg:  0.0, Max: 0, Diff: 0, Sum: 0, Workers: 4
[8.014s][debug][gc,phases      ] GC(15)     Total                          Min: 0, Avg: 87.5, Max: 158, Diff: 158, Sum: 350, Workers: 4
[8.014s][debug][gc,phases      ] GC(15)   JVMTI Tag Weak OopStorage      Min:  0.0, Avg:  0.0, Max:  0.0, Diff:  0.0, Sum:  0.0, Workers: 4
[8.014s][debug][gc,phases      ] GC(15)     Dead                           Min: 0, Avg:  0.0, Max: 0, Diff: 0, Sum: 0, Workers: 4
[8.014s][debug][gc,phases      ] GC(15)     Total                          Min: 0, Avg:  0.0, Max: 0, Diff: 0, Sum: 0, Workers: 4
[8.014s][debug][gc,phases      ] GC(15)   StringTable Weak               Min:  0.2, Avg:  0.2, Max:  0.2, Diff:  0.0, Sum:  0.9, Workers: 4
[8.014s][debug][gc,phases      ] GC(15)     Dead                           Min: 0, Avg:  3.0, Max: 12, Diff: 12, Sum: 12, Workers: 4
[8.014s][debug][gc,phases      ] GC(15)     Total                          Min: 7872, Avg: 10139.8, Max: 12346, Diff: 4474, Sum: 40559, Workers: 4
[8.014s][debug][gc,phases      ] GC(15)   ResolvedMethodTable Weak       Min:  0.0, Avg:  0.0, Max:  0.0, Diff:  0.0, Sum:  0.2, Workers: 4
[8.014s][debug][gc,phases      ] GC(15)     Dead                           Min: 0, Avg:  0.0, Max: 0, Diff: 0, Sum: 0, Workers: 4
[8.014s][debug][gc,phases      ] GC(15)     Total                          Min: 1152, Avg: 1574.8, Max: 1884, Diff: 732, Sum: 6299, Workers: 4
[8.014s][debug][gc,phases      ] GC(15)   JNI Weak                       Min:  0.0, Avg:  0.0, Max:  0.0, Diff:  0.0, Sum:  0.0, Workers: 4
[8.014s][debug][gc,phases      ] GC(15)     Dead                           Min: 0, Avg:  0.0, Max: 0, Diff: 0, Sum: 0, Workers: 4
[8.014s][debug][gc,phases      ] GC(15)     Total                          Min: 0, Avg:  5.2, Max: 21, Diff: 21, Sum: 21, Workers: 4
[8.014s][debug][gc,phases      ] GC(15)   StringDedup Table Weak         Min:  0.0, Avg:  0.0, Max:  0.0, Diff:  0.0, Sum:  0.0, Workers: 4
[8.014s][debug][gc,phases      ] GC(15)     Dead                           Min: 0, Avg:  0.0, Max: 0, Diff: 0, Sum: 0, Workers: 4
[8.014s][debug][gc,phases      ] GC(15)     Total                          Min: 0, Avg:  0.0, Max: 0, Diff: 0, Sum: 0, Workers: 4
[8.014s][debug][gc,phases      ] GC(15)   StringDedup Requests0 Weak     Min:  0.0, Avg:  0.0, Max:  0.0, Diff:  0.0, Sum:  0.0, Workers: 4
[8.014s][debug][gc,phases      ] GC(15)     Dead                           Min: 0, Avg:  0.0, Max: 0, Diff: 0, Sum: 0, Workers: 4
[8.014s][debug][gc,phases      ] GC(15)     Total                          Min: 0, Avg:  0.0, Max: 0, Diff: 0, Sum: 0, Workers: 4
[8.014s][debug][gc,phases      ] GC(15)   StringDedup Requests1 Weak     Min:  0.0, Avg:  0.0, Max:  0.0, Diff:  0.0, Sum:  0.0, Workers: 4
[8.014s][debug][gc,phases      ] GC(15)     Dead                           Min: 0, Avg:  0.0, Max: 0, Diff: 0, Sum: 0, Workers: 4
[8.014s][debug][gc,phases      ] GC(15)     Total                          Min: 0, Avg:  0.0, Max: 0, Diff: 0, Sum: 0, Workers: 4
[8.014s][debug][gc,phases      ] GC(15)   Weak JFR Old Object Samples    Min:  0.0, Avg:  0.0, Max:  0.0, Diff:  0.0, Sum:  0.0, Workers: 4
[8.014s][debug][gc,phases      ] GC(15)     Dead                           Min: 0, Avg:  0.0, Max: 0, Diff: 0, Sum: 0, Workers: 4
[8.014s][debug][gc,phases      ] GC(15)     Total                          Min: 0, Avg:  0.0, Max: 0, Diff: 0, Sum: 0, Workers: 4
[8.014s][debug][gc,phases      ] GC(15) Weak Processing 0.418ms
[8.014s][debug][gc,age         ] GC(15) Desired survivor size 296747008 bytes, new threshold 14 (max threshold 15)
[8.014s][info ][gc,heap        ] GC(15) PSYoungGen: 1705629K(1804800K)->194800K(1807360K) Eden: 1512448K(1512448K)->0K(1516032K) From: 193181K(292352K)->194800K(291328K)
[8.014s][info ][gc,heap        ] GC(15) ParOldGen: 6215K(18432K)->6223K(18432K)
[8.014s][info ][gc,metaspace   ] GC(15) Metaspace: 60666K(61376K)->60666K(61376K) NonClass: 51658K(52032K)->51658K(52032K) Class: 9007K(9344K)->9007K(9344K)
[8.014s][info ][gc             ] GC(15) Pause Young (Allocation Failure) 1671M->196M(1783M) 61.976ms
[8.014s][info ][gc,cpu         ] GC(15) User=0.30s Sys=0.00s Real=0.06s
[8.014s][info ][safepoint      ] Safepoint "ParallelGCFailedAllocation", Time since last: 59525689 ns, Reaching safepoint: 197901 ns, At safepoint: 62076498 ns, Total: 62274399 ns
[8.293s][info ][safepoint      ] Safepoint "ICBufferFull", Time since last: 278779287 ns, Reaching safepoint: 264401 ns, At safepoint: 29300 ns, Total: 293701 ns
[8.302s][info ][gc,start       ] GC(16) Pause Young (Allocation Failure)
[8.369s][debug][gc,phases      ] GC(16) Scavenge 66.972ms
[8.369s][debug][gc,ref         ] GC(16) Skipped phase 1 of Reference Processing: no references
[8.369s][debug][gc,ref         ] GC(16) ReferenceProcessor::execute queues: 4, RefProcThreadModel::Multi, marks_oops_alive: false
[8.369s][debug][gc,ref         ] GC(16) Skipped phase 3 of Reference Processing: no references
[8.369s][debug][gc,ref         ] GC(16) ReferenceProcessor::execute queues: 1, RefProcThreadModel::Single, marks_oops_alive: false
[8.369s][debug][gc,phases      ] GC(16) Reference Processing 0.369ms
[8.370s][debug][gc,phases      ] GC(16)   VM Weak                        Min:  0.0, Avg:  0.0, Max:  0.0, Diff:  0.0, Sum:  0.0, Workers: 4
[8.370s][debug][gc,phases      ] GC(16)     Dead                           Min: 0, Avg:  0.0, Max: 0, Diff: 0, Sum: 0, Workers: 4
[8.370s][debug][gc,phases      ] GC(16)     Total                          Min: 0, Avg: 135.2, Max: 320, Diff: 320, Sum: 541, Workers: 4
[8.370s][debug][gc,phases      ] GC(16)   ObjectSynchronizer Weak        Min:  0.0, Avg:  0.0, Max:  0.0, Diff:  0.0, Sum:  0.0, Workers: 4
[8.370s][debug][gc,phases      ] GC(16)     Dead                           Min: 0, Avg:  0.0, Max: 0, Diff: 0, Sum: 0, Workers: 4
[8.370s][debug][gc,phases      ] GC(16)     Total                          Min: 0, Avg: 87.5, Max: 158, Diff: 158, Sum: 350, Workers: 4
[8.370s][debug][gc,phases      ] GC(16)   JVMTI Tag Weak OopStorage      Min:  0.0, Avg:  0.0, Max:  0.0, Diff:  0.0, Sum:  0.0, Workers: 4
[8.370s][debug][gc,phases      ] GC(16)     Dead                           Min: 0, Avg:  0.0, Max: 0, Diff: 0, Sum: 0, Workers: 4
[8.370s][debug][gc,phases      ] GC(16)     Total                          Min: 0, Avg:  0.0, Max: 0, Diff: 0, Sum: 0, Workers: 4
[8.370s][debug][gc,phases      ] GC(16)   StringTable Weak               Min:  0.2, Avg:  0.2, Max:  0.2, Diff:  0.0, Sum:  0.9, Workers: 4
[8.370s][debug][gc,phases      ] GC(16)     Dead                           Min: 0, Avg:  3.0, Max: 7, Diff: 7, Sum: 12, Workers: 4
[8.370s][debug][gc,phases      ] GC(16)     Total                          Min: 8512, Avg: 10140.8, Max: 12544, Diff: 4032, Sum: 40563, Workers: 4
[8.370s][debug][gc,phases      ] GC(16)   ResolvedMethodTable Weak       Min:  0.0, Avg:  0.0, Max:  0.1, Diff:  0.0, Sum:  0.2, Workers: 4
[8.370s][debug][gc,phases      ] GC(16)     Dead                           Min: 0, Avg:  0.0, Max: 0, Diff: 0, Sum: 0, Workers: 4
[8.370s][debug][gc,phases      ] GC(16)     Total                          Min: 1344, Avg: 1574.8, Max: 2112, Diff: 768, Sum: 6299, Workers: 4
[8.370s][debug][gc,phases      ] GC(16)   JNI Weak                       Min:  0.0, Avg:  0.0, Max:  0.0, Diff:  0.0, Sum:  0.0, Workers: 4
[8.370s][debug][gc,phases      ] GC(16)     Dead                           Min: 0, Avg:  0.0, Max: 0, Diff: 0, Sum: 0, Workers: 4
[8.370s][debug][gc,phases      ] GC(16)     Total                          Min: 0, Avg:  3.5, Max: 14, Diff: 14, Sum: 14, Workers: 4
[8.370s][debug][gc,phases      ] GC(16)   StringDedup Table Weak         Min:  0.0, Avg:  0.0, Max:  0.0, Diff:  0.0, Sum:  0.0, Workers: 4
[8.370s][debug][gc,phases      ] GC(16)     Dead                           Min: 0, Avg:  0.0, Max: 0, Diff: 0, Sum: 0, Workers: 4
[8.370s][debug][gc,phases      ] GC(16)     Total                          Min: 0, Avg:  0.0, Max: 0, Diff: 0, Sum: 0, Workers: 4
[8.370s][debug][gc,phases      ] GC(16)   StringDedup Requests0 Weak     Min:  0.0, Avg:  0.0, Max:  0.0, Diff:  0.0, Sum:  0.0, Workers: 4
[8.370s][debug][gc,phases      ] GC(16)     Dead                           Min: 0, Avg:  0.0, Max: 0, Diff: 0, Sum: 0, Workers: 4
[8.370s][debug][gc,phases      ] GC(16)     Total                          Min: 0, Avg:  0.0, Max: 0, Diff: 0, Sum: 0, Workers: 4
[8.370s][debug][gc,phases      ] GC(16)   StringDedup Requests1 Weak     Min:  0.0, Avg:  0.0, Max:  0.0, Diff:  0.0, Sum:  0.0, Workers: 4
[8.370s][debug][gc,phases      ] GC(16)     Dead                           Min: 0, Avg:  0.0, Max: 0, Diff: 0, Sum: 0, Workers: 4
[8.370s][debug][gc,phases      ] GC(16)     Total                          Min: 0, Avg:  0.0, Max: 0, Diff: 0, Sum: 0, Workers: 4
[8.370s][debug][gc,phases      ] GC(16)   Weak JFR Old Object Samples    Min:  0.0, Avg:  0.0, Max:  0.0, Diff:  0.0, Sum:  0.0, Workers: 4
[8.370s][debug][gc,phases      ] GC(16)     Dead                           Min: 0, Avg:  0.0, Max: 0, Diff: 0, Sum: 0, Workers: 4
[8.370s][debug][gc,phases      ] GC(16)     Total                          Min: 0, Avg:  0.0, Max: 0, Diff: 0, Sum: 0, Workers: 4
[8.370s][debug][gc,phases      ] GC(16) Weak Processing 0.453ms
[8.370s][debug][gc,age         ] GC(16) Desired survivor size 295698432 bytes, new threshold 14 (max threshold 15)
[8.370s][info ][gc,heap        ] GC(16) PSYoungGen: 1710832K(1807360K)->197365K(1805824K) Eden: 1516032K(1516032K)->0K(1516032K) From: 194800K(291328K)->197365K(289792K)
[8.370s][info ][gc,heap        ] GC(16) ParOldGen: 6223K(18432K)->6231K(18432K)
[8.370s][info ][gc,metaspace   ] GC(16) Metaspace: 60685K(61376K)->60685K(61376K) NonClass: 51677K(52032K)->51677K(52032K) Class: 9008K(9344K)->9008K(9344K)
[8.370s][info ][gc             ] GC(16) Pause Young (Allocation Failure) 1676M->198M(1781M) 67.917ms
[8.370s][info ][gc,cpu         ] GC(16) User=0.27s Sys=0.00s Real=0.07s
[8.370s][info ][safepoint      ] Safepoint "ParallelGCFailedAllocation", Time since last: 8662028 ns, Reaching safepoint: 122700 ns, At safepoint: 68019217 ns, Total: 68141917 ns
[8.545s][info ][safepoint      ] Safepoint "ICBufferFull", Time since last: 174530755 ns, Reaching safepoint: 205401 ns, At safepoint: 32800 ns, Total: 238201 ns
[8.651s][info ][gc,start       ] GC(17) Pause Young (Allocation Failure)
[8.719s][debug][gc,phases      ] GC(17) Scavenge 67.807ms
[8.719s][debug][gc,ref         ] GC(17) Skipped phase 1 of Reference Processing: no references
[8.719s][debug][gc,ref         ] GC(17) ReferenceProcessor::execute queues: 4, RefProcThreadModel::Multi, marks_oops_alive: false
[8.719s][debug][gc,ref         ] GC(17) Skipped phase 3 of Reference Processing: no references
[8.719s][debug][gc,ref         ] GC(17) ReferenceProcessor::execute queues: 1, RefProcThreadModel::Single, marks_oops_alive: false
[8.719s][debug][gc,phases      ] GC(17) Reference Processing 0.339ms
[8.719s][debug][gc,phases      ] GC(17)   VM Weak                        Min:  0.0, Avg:  0.0, Max:  0.0, Diff:  0.0, Sum:  0.0, Workers: 4
[8.719s][debug][gc,phases      ] GC(17)     Dead                           Min: 0, Avg:  0.0, Max: 0, Diff: 0, Sum: 0, Workers: 4
[8.719s][debug][gc,phases      ] GC(17)     Total                          Min: 0, Avg: 135.2, Max: 384, Diff: 384, Sum: 541, Workers: 4
[8.719s][debug][gc,phases      ] GC(17)   ObjectSynchronizer Weak        Min:  0.0, Avg:  0.0, Max:  0.0, Diff:  0.0, Sum:  0.0, Workers: 4
[8.719s][debug][gc,phases      ] GC(17)     Dead                           Min: 0, Avg:  0.0, Max: 0, Diff: 0, Sum: 0, Workers: 4
[8.719s][debug][gc,phases      ] GC(17)     Total                          Min: 0, Avg: 87.5, Max: 158, Diff: 158, Sum: 350, Workers: 4
[8.719s][debug][gc,phases      ] GC(17)   JVMTI Tag Weak OopStorage      Min:  0.0, Avg:  0.0, Max:  0.0, Diff:  0.0, Sum:  0.0, Workers: 4
[8.719s][debug][gc,phases      ] GC(17)     Dead                           Min: 0, Avg:  0.0, Max: 0, Diff: 0, Sum: 0, Workers: 4
[8.719s][debug][gc,phases      ] GC(17)     Total                          Min: 0, Avg:  0.0, Max: 0, Diff: 0, Sum: 0, Workers: 4
[8.719s][debug][gc,phases      ] GC(17)   StringTable Weak               Min:  0.2, Avg:  0.2, Max:  0.2, Diff:  0.0, Sum:  0.9, Workers: 4
[8.719s][debug][gc,phases      ] GC(17)     Dead                           Min: 0, Avg:  0.0, Max: 0, Diff: 0, Sum: 0, Workers: 4
[8.719s][debug][gc,phases      ] GC(17)     Total                          Min: 6976, Avg: 10152.8, Max: 13504, Diff: 6528, Sum: 40611, Workers: 4
[8.719s][debug][gc,phases      ] GC(17)   ResolvedMethodTable Weak       Min:  0.0, Avg:  0.0, Max:  0.0, Diff:  0.0, Sum:  0.2, Workers: 4
[8.719s][debug][gc,phases      ] GC(17)     Dead                           Min: 0, Avg:  0.0, Max: 0, Diff: 0, Sum: 0, Workers: 4
[8.719s][debug][gc,phases      ] GC(17)     Total                          Min: 1151, Avg: 1574.8, Max: 2012, Diff: 861, Sum: 6299, Workers: 4
[8.720s][debug][gc,phases      ] GC(17)   JNI Weak                       Min:  0.0, Avg:  0.0, Max:  0.0, Diff:  0.0, Sum:  0.0, Workers: 4
[8.720s][debug][gc,phases      ] GC(17)     Dead                           Min: 0, Avg:  0.0, Max: 0, Diff: 0, Sum: 0, Workers: 4
[8.720s][debug][gc,phases      ] GC(17)     Total                          Min: 0, Avg:  1.0, Max: 4, Diff: 4, Sum: 4, Workers: 4
[8.720s][debug][gc,phases      ] GC(17)   StringDedup Table Weak         Min:  0.0, Avg:  0.0, Max:  0.0, Diff:  0.0, Sum:  0.0, Workers: 4
[8.720s][debug][gc,phases      ] GC(17)     Dead                           Min: 0, Avg:  0.0, Max: 0, Diff: 0, Sum: 0, Workers: 4
[8.720s][debug][gc,phases      ] GC(17)     Total                          Min: 0, Avg:  0.0, Max: 0, Diff: 0, Sum: 0, Workers: 4
[8.720s][debug][gc,phases      ] GC(17)   StringDedup Requests0 Weak     Min:  0.0, Avg:  0.0, Max:  0.0, Diff:  0.0, Sum:  0.0, Workers: 4
[8.720s][debug][gc,phases      ] GC(17)     Dead                           Min: 0, Avg:  0.0, Max: 0, Diff: 0, Sum: 0, Workers: 4
[8.720s][debug][gc,phases      ] GC(17)     Total                          Min: 0, Avg:  0.0, Max: 0, Diff: 0, Sum: 0, Workers: 4
[8.720s][debug][gc,phases      ] GC(17)   StringDedup Requests1 Weak     Min:  0.0, Avg:  0.0, Max:  0.0, Diff:  0.0, Sum:  0.0, Workers: 4
[8.720s][debug][gc,phases      ] GC(17)     Dead                           Min: 0, Avg:  0.0, Max: 0, Diff: 0, Sum: 0, Workers: 4
[8.720s][debug][gc,phases      ] GC(17)     Total                          Min: 0, Avg:  0.0, Max: 0, Diff: 0, Sum: 0, Workers: 4
[8.720s][debug][gc,phases      ] GC(17)   Weak JFR Old Object Samples    Min:  0.0, Avg:  0.0, Max:  0.0, Diff:  0.0, Sum:  0.0, Workers: 4
[8.720s][debug][gc,phases      ] GC(17)     Dead                           Min: 0, Avg:  0.0, Max: 0, Diff: 0, Sum: 0, Workers: 4
[8.720s][debug][gc,phases      ] GC(17)     Total                          Min: 0, Avg:  0.0, Max: 0, Diff: 0, Sum: 0, Workers: 4
[8.720s][debug][gc,phases      ] GC(17) Weak Processing 0.435ms
[8.720s][debug][gc,age         ] GC(17) Desired survivor size 287309824 bytes, new threshold 14 (max threshold 15)
[8.720s][info ][gc,heap        ] GC(17) PSYoungGen: 1713397K(1805824K)->179587K(1816576K) Eden: 1516032K(1516032K)->0K(1527808K) From: 197365K(289792K)->179587K(288768K)
[8.720s][info ][gc,heap        ] GC(17) ParOldGen: 6231K(18432K)->26573K(26624K)
[8.720s][info ][gc,metaspace   ] GC(17) Metaspace: 60693K(61440K)->60693K(61440K) NonClass: 51684K(52096K)->51684K(52096K) Class: 9009K(9344K)->9009K(9344K)
[8.720s][info ][gc             ] GC(17) Pause Young (Allocation Failure) 1679M->201M(1800M) 68.701ms
[8.720s][info ][gc,cpu         ] GC(17) User=0.28s Sys=0.00s Real=0.07s
[8.720s][debug][gc,phases      ] GC(18) Pre Compact 0.009ms
[8.720s][info ][gc,start       ] GC(18) Pause Full (Ergonomics)
[8.720s][info ][gc,phases,start] GC(18) Marking Phase
[8.798s][debug][gc,phases      ] GC(18) Par Mark 78.574ms
[8.798s][debug][gc,ref         ] GC(18) Skipped phase 1 of Reference Processing: no references
[8.798s][debug][gc,ref         ] GC(18) ReferenceProcessor::execute queues: 4, RefProcThreadModel::Multi, marks_oops_alive: false
[8.799s][debug][gc,ref         ] GC(18) Skipped phase 3 of Reference Processing: no references
[8.799s][debug][gc,ref         ] GC(18) ReferenceProcessor::execute queues: 1, RefProcThreadModel::Single, marks_oops_alive: false
[8.799s][debug][gc,phases      ] GC(18) Reference Processing 0.274ms
[8.799s][debug][gc,phases      ] GC(18)   VM Weak                        Min:  0.0, Avg:  0.0, Max:  0.0, Diff:  0.0, Sum:  0.0, Workers: 4
[8.799s][debug][gc,phases      ] GC(18)     Dead                           Min: 0, Avg:  0.0, Max: 0, Diff: 0, Sum: 0, Workers: 4
[8.799s][debug][gc,phases      ] GC(18)     Total                          Min: 0, Avg: 135.2, Max: 320, Diff: 320, Sum: 541, Workers: 4
[8.799s][debug][gc,phases      ] GC(18)   ObjectSynchronizer Weak        Min:  0.0, Avg:  0.0, Max:  0.0, Diff:  0.0, Sum:  0.0, Workers: 4
[8.799s][debug][gc,phases      ] GC(18)     Dead                           Min: 0, Avg:  0.0, Max: 0, Diff: 0, Sum: 0, Workers: 4
[8.799s][debug][gc,phases      ] GC(18)     Total                          Min: 30, Avg: 87.5, Max: 128, Diff: 98, Sum: 350, Workers: 4
[8.799s][debug][gc,phases      ] GC(18)   JVMTI Tag Weak OopStorage      Min:  0.0, Avg:  0.0, Max:  0.0, Diff:  0.0, Sum:  0.0, Workers: 4
[8.799s][debug][gc,phases      ] GC(18)     Dead                           Min: 0, Avg:  0.0, Max: 0, Diff: 0, Sum: 0, Workers: 4
[8.799s][debug][gc,phases      ] GC(18)     Total                          Min: 0, Avg:  0.0, Max: 0, Diff: 0, Sum: 0, Workers: 4
[8.799s][debug][gc,phases      ] GC(18)   StringTable Weak               Min:  0.1, Avg:  0.1, Max:  0.1, Diff:  0.0, Sum:  0.5, Workers: 4
[8.799s][debug][gc,phases      ] GC(18)     Dead                           Min: 0, Avg:  0.0, Max: 0, Diff: 0, Sum: 0, Workers: 4
[8.799s][debug][gc,phases      ] GC(18)     Total                          Min: 9024, Avg: 10152.8, Max: 12131, Diff: 3107, Sum: 40611, Workers: 4
[8.799s][debug][gc,phases      ] GC(18)   ResolvedMethodTable Weak       Min:  0.0, Avg:  0.0, Max:  0.0, Diff:  0.0, Sum:  0.1, Workers: 4
[8.799s][debug][gc,phases      ] GC(18)     Dead                           Min: 0, Avg:  0.0, Max: 0, Diff: 0, Sum: 0, Workers: 4
[8.799s][debug][gc,phases      ] GC(18)     Total                          Min: 1500, Avg: 1574.8, Max: 1728, Diff: 228, Sum: 6299, Workers: 4
[8.799s][debug][gc,phases      ] GC(18)   JNI Weak                       Min:  0.0, Avg:  0.0, Max:  0.0, Diff:  0.0, Sum:  0.0, Workers: 4
[8.799s][debug][gc,phases      ] GC(18)     Dead                           Min: 0, Avg:  0.0, Max: 0, Diff: 0, Sum: 0, Workers: 4
[8.799s][debug][gc,phases      ] GC(18)     Total                          Min: 0, Avg:  1.0, Max: 4, Diff: 4, Sum: 4, Workers: 4
[8.799s][debug][gc,phases      ] GC(18)   StringDedup Table Weak         Min:  0.0, Avg:  0.0, Max:  0.0, Diff:  0.0, Sum:  0.0, Workers: 4
[8.799s][debug][gc,phases      ] GC(18)     Dead                           Min: 0, Avg:  0.0, Max: 0, Diff: 0, Sum: 0, Workers: 4
[8.799s][debug][gc,phases      ] GC(18)     Total                          Min: 0, Avg:  0.0, Max: 0, Diff: 0, Sum: 0, Workers: 4
[8.799s][debug][gc,phases      ] GC(18)   StringDedup Requests0 Weak     Min:  0.0, Avg:  0.0, Max:  0.0, Diff:  0.0, Sum:  0.0, Workers: 4
[8.799s][debug][gc,phases      ] GC(18)     Dead                           Min: 0, Avg:  0.0, Max: 0, Diff: 0, Sum: 0, Workers: 4
[8.799s][debug][gc,phases      ] GC(18)     Total                          Min: 0, Avg:  0.0, Max: 0, Diff: 0, Sum: 0, Workers: 4
[8.799s][debug][gc,phases      ] GC(18)   StringDedup Requests1 Weak     Min:  0.0, Avg:  0.0, Max:  0.0, Diff:  0.0, Sum:  0.0, Workers: 4
[8.799s][debug][gc,phases      ] GC(18)     Dead                           Min: 0, Avg:  0.0, Max: 0, Diff: 0, Sum: 0, Workers: 4
[8.799s][debug][gc,phases      ] GC(18)     Total                          Min: 0, Avg:  0.0, Max: 0, Diff: 0, Sum: 0, Workers: 4
[8.799s][debug][gc,phases      ] GC(18)   Weak JFR Old Object Samples    Min:  0.0, Avg:  0.0, Max:  0.0, Diff:  0.0, Sum:  0.0, Workers: 4
[8.799s][debug][gc,phases      ] GC(18)     Dead                           Min: 0, Avg:  0.0, Max: 0, Diff: 0, Sum: 0, Workers: 4
[8.799s][debug][gc,phases      ] GC(18)     Total                          Min: 0, Avg:  0.0, Max: 0, Diff: 0, Sum: 0, Workers: 4
[8.799s][debug][gc,phases      ] GC(18) Weak Processing 0.310ms
[8.799s][debug][gc,phases      ] GC(18) ClassLoaderData 0.069ms
[8.799s][debug][gc,phases      ] GC(18) Trigger cleanups 0.000ms
[8.806s][debug][gc,phases      ] GC(18) Class Unloading 6.948ms
[8.806s][info ][gc,phases      ] GC(18) Marking Phase 86.230ms
[8.806s][info ][gc,phases,start] GC(18) Summary Phase
[8.806s][info ][gc,phases      ] GC(18) Summary Phase 0.007ms
[8.806s][info ][gc,phases,start] GC(18) Adjust Roots
[8.815s][info ][gc,phases      ] GC(18) Adjust Roots 8.789ms
[8.815s][info ][gc,phases,start] GC(18) Compaction Phase
[9.829s][info ][gc,phases      ] GC(18) Compaction Phase 1014.218ms
[9.829s][info ][gc,phases,start] GC(18) Post Compact
[9.830s][info ][gc,phases      ] GC(18) Post Compact 1.236ms
[9.830s][info ][gc,heap        ] GC(18) PSYoungGen: 179587K(1816576K)->179255K(1816576K) Eden: 0K(1527808K)->0K(1527808K) From: 179587K(288768K)->179255K(288768K)
[9.830s][info ][gc,heap        ] GC(18) ParOldGen: 26573K(26624K)->26422K(52224K)
[9.830s][info ][gc,metaspace   ] GC(18) Metaspace: 60693K(61440K)->60693K(61440K) NonClass: 51684K(52096K)->51684K(52096K) Class: 9009K(9344K)->9009K(9344K)
[9.830s][info ][gc             ] GC(18) Pause Full (Ergonomics) 201M->200M(1825M) 1110.638ms
[9.830s][info ][gc,cpu         ] GC(18) User=2.37s Sys=0.02s Real=1.11s
[9.830s][info ][safepoint      ] Safepoint "ParallelGCFailedAllocation", Time since last: 106016638 ns, Reaching safepoint: 188100 ns, At safepoint: 1179485756 ns, Total: 1179673856 ns
[10.139s][info ][gc,start       ] GC(19) Pause Young (Allocation Failure)
[10.211s][debug][gc,phases      ] GC(19) Scavenge 72.440ms
[10.211s][debug][gc,ref         ] GC(19) Skipped phase 1 of Reference Processing: no references
[10.211s][debug][gc,ref         ] GC(19) ReferenceProcessor::execute queues: 4, RefProcThreadModel::Multi, marks_oops_alive: false
[10.212s][debug][gc,ref         ] GC(19) Skipped phase 3 of Reference Processing: no references
[10.212s][debug][gc,ref         ] GC(19) ReferenceProcessor::execute queues: 1, RefProcThreadModel::Single, marks_oops_alive: false
[10.212s][debug][gc,phases      ] GC(19) Reference Processing 0.265ms
[10.212s][debug][gc,phases      ] GC(19)   VM Weak                        Min:  0.0, Avg:  0.0, Max:  0.0, Diff:  0.0, Sum:  0.0, Workers: 4
[10.212s][debug][gc,phases      ] GC(19)     Dead                           Min: 0, Avg:  0.0, Max: 0, Diff: 0, Sum: 0, Workers: 4
[10.212s][debug][gc,phases      ] GC(19)     Total                          Min: 0, Avg: 135.2, Max: 413, Diff: 413, Sum: 541, Workers: 4
[10.212s][debug][gc,phases      ] GC(19)   ObjectSynchronizer Weak        Min:  0.0, Avg:  0.0, Max:  0.0, Diff:  0.0, Sum:  0.0, Workers: 4
[10.212s][debug][gc,phases      ] GC(19)     Dead                           Min: 0, Avg:  0.0, Max: 0, Diff: 0, Sum: 0, Workers: 4
[10.212s][debug][gc,phases      ] GC(19)     Total                          Min: 0, Avg: 87.5, Max: 192, Diff: 192, Sum: 350, Workers: 4
[10.212s][debug][gc,phases      ] GC(19)   JVMTI Tag Weak OopStorage      Min:  0.0, Avg:  0.0, Max:  0.0, Diff:  0.0, Sum:  0.0, Workers: 4
[10.212s][debug][gc,phases      ] GC(19)     Dead                           Min: 0, Avg:  0.0, Max: 0, Diff: 0, Sum: 0, Workers: 4
[10.212s][debug][gc,phases      ] GC(19)     Total                          Min: 0, Avg:  0.0, Max: 0, Diff: 0, Sum: 0, Workers: 4
[10.212s][debug][gc,phases      ] GC(19)   StringTable Weak               Min:  0.2, Avg:  0.2, Max:  0.2, Diff:  0.0, Sum:  0.8, Workers: 4
[10.212s][debug][gc,phases      ] GC(19)     Dead                           Min: 0, Avg:  3.0, Max: 12, Diff: 12, Sum: 12, Workers: 4
[10.212s][debug][gc,phases      ] GC(19)     Total                          Min: 7616, Avg: 10155.8, Max: 12859, Diff: 5243, Sum: 40623, Workers: 4
[10.212s][debug][gc,phases      ] GC(19)   ResolvedMethodTable Weak       Min:  0.0, Avg:  0.0, Max:  0.0, Diff:  0.0, Sum:  0.2, Workers: 4
[10.212s][debug][gc,phases      ] GC(19)     Dead                           Min: 0, Avg:  0.0, Max: 0, Diff: 0, Sum: 0, Workers: 4
[10.212s][debug][gc,phases      ] GC(19)     Total                          Min: 1024, Avg: 1574.8, Max: 2331, Diff: 1307, Sum: 6299, Workers: 4
[10.212s][debug][gc,phases      ] GC(19)   JNI Weak                       Min:  0.0, Avg:  0.0, Max:  0.0, Diff:  0.0, Sum:  0.0, Workers: 4
[10.212s][debug][gc,phases      ] GC(19)     Dead                           Min: 0, Avg:  0.0, Max: 0, Diff: 0, Sum: 0, Workers: 4
[10.212s][debug][gc,phases      ] GC(19)     Total                          Min: 0, Avg:  3.2, Max: 13, Diff: 13, Sum: 13, Workers: 4
[10.212s][debug][gc,phases      ] GC(19)   StringDedup Table Weak         Min:  0.0, Avg:  0.0, Max:  0.0, Diff:  0.0, Sum:  0.0, Workers: 4
[10.212s][debug][gc,phases      ] GC(19)     Dead                           Min: 0, Avg:  0.0, Max: 0, Diff: 0, Sum: 0, Workers: 4
[10.212s][debug][gc,phases      ] GC(19)     Total                          Min: 0, Avg:  0.0, Max: 0, Diff: 0, Sum: 0, Workers: 4
[10.212s][debug][gc,phases      ] GC(19)   StringDedup Requests0 Weak     Min:  0.0, Avg:  0.0, Max:  0.0, Diff:  0.0, Sum:  0.0, Workers: 4
[10.212s][debug][gc,phases      ] GC(19)     Dead                           Min: 0, Avg:  0.0, Max: 0, Diff: 0, Sum: 0, Workers: 4
[10.212s][debug][gc,phases      ] GC(19)     Total                          Min: 0, Avg:  0.0, Max: 0, Diff: 0, Sum: 0, Workers: 4
[10.212s][debug][gc,phases      ] GC(19)   StringDedup Requests1 Weak     Min:  0.0, Avg:  0.0, Max:  0.0, Diff:  0.0, Sum:  0.0, Workers: 4
[10.212s][debug][gc,phases      ] GC(19)     Dead                           Min: 0, Avg:  0.0, Max: 0, Diff: 0, Sum: 0, Workers: 4
[10.212s][debug][gc,phases      ] GC(19)     Total                          Min: 0, Avg:  0.0, Max: 0, Diff: 0, Sum: 0, Workers: 4
[10.212s][debug][gc,phases      ] GC(19)   Weak JFR Old Object Samples    Min:  0.0, Avg:  0.0, Max:  0.0, Diff:  0.0, Sum:  0.0, Workers: 4
[10.212s][debug][gc,phases      ] GC(19)     Dead                           Min: 0, Avg:  0.0, Max: 0, Diff: 0, Sum: 0, Workers: 4
[10.212s][debug][gc,phases      ] GC(19)     Total                          Min: 0, Avg:  0.0, Max: 0, Diff: 0, Sum: 0, Workers: 4
[10.212s][debug][gc,phases      ] GC(19) Weak Processing 0.422ms
[10.212s][debug][gc,age         ] GC(19) Desired survivor size 279969792 bytes, new threshold 15 (max threshold 15)
[10.212s][info ][gc,heap        ] GC(19) PSYoungGen: 1707063K(1816576K)->149467K(1808384K) Eden: 1527808K(1527808K)->0K(1527808K) From: 179255K(288768K)->149467K(280576K)
[10.212s][info ][gc,heap        ] GC(19) ParOldGen: 26422K(52224K)->61362K(61440K)
[10.212s][info ][gc,metaspace   ] GC(19) Metaspace: 60728K(61440K)->60728K(61440K) NonClass: 51718K(52096K)->51718K(52096K) Class: 9009K(9344K)->9009K(9344K)
[10.212s][info ][gc             ] GC(19) Pause Young (Allocation Failure) 1692M->205M(1826M) 73.250ms
[10.212s][info ][gc,cpu         ] GC(19) User=0.27s Sys=0.02s Real=0.07s
[10.212s][debug][gc,phases      ] GC(20) Pre Compact 0.009ms
[10.212s][info ][gc,start       ] GC(20) Pause Full (Ergonomics)
[10.212s][info ][gc,phases,start] GC(20) Marking Phase
[10.292s][debug][gc,phases      ] GC(20) Par Mark 79.665ms
[10.292s][debug][gc,ref         ] GC(20) Skipped phase 1 of Reference Processing: no references
[10.292s][debug][gc,ref         ] GC(20) ReferenceProcessor::execute queues: 4, RefProcThreadModel::Multi, marks_oops_alive: false
[10.292s][debug][gc,ref         ] GC(20) Skipped phase 3 of Reference Processing: no references
[10.292s][debug][gc,ref         ] GC(20) ReferenceProcessor::execute queues: 1, RefProcThreadModel::Single, marks_oops_alive: false
[10.292s][debug][gc,phases      ] GC(20) Reference Processing 0.290ms
[10.292s][debug][gc,phases      ] GC(20)   VM Weak                        Min:  0.0, Avg:  0.0, Max:  0.0, Diff:  0.0, Sum:  0.0, Workers: 4
[10.292s][debug][gc,phases      ] GC(20)     Dead                           Min: 0, Avg:  0.0, Max: 0, Diff: 0, Sum: 0, Workers: 4
[10.292s][debug][gc,phases      ] GC(20)     Total                          Min: 0, Avg: 135.2, Max: 256, Diff: 256, Sum: 541, Workers: 4
[10.292s][debug][gc,phases      ] GC(20)   ObjectSynchronizer Weak        Min:  0.0, Avg:  0.0, Max:  0.0, Diff:  0.0, Sum:  0.0, Workers: 4
[10.292s][debug][gc,phases      ] GC(20)     Dead                           Min: 0, Avg:  0.0, Max: 0, Diff: 0, Sum: 0, Workers: 4
[10.292s][debug][gc,phases      ] GC(20)     Total                          Min: 0, Avg: 87.5, Max: 158, Diff: 158, Sum: 350, Workers: 4
[10.292s][debug][gc,phases      ] GC(20)   JVMTI Tag Weak OopStorage      Min:  0.0, Avg:  0.0, Max:  0.0, Diff:  0.0, Sum:  0.0, Workers: 4
[10.292s][debug][gc,phases      ] GC(20)     Dead                           Min: 0, Avg:  0.0, Max: 0, Diff: 0, Sum: 0, Workers: 4
[10.292s][debug][gc,phases      ] GC(20)     Total                          Min: 0, Avg:  0.0, Max: 0, Diff: 0, Sum: 0, Workers: 4
[10.292s][debug][gc,phases      ] GC(20)   StringTable Weak               Min:  0.1, Avg:  0.1, Max:  0.1, Diff:  0.0, Sum:  0.4, Workers: 4
[10.292s][debug][gc,phases      ] GC(20)     Dead                           Min: 0, Avg:  0.0, Max: 0, Diff: 0, Sum: 0, Workers: 4
[10.292s][debug][gc,phases      ] GC(20)     Total                          Min: 9657, Avg: 10155.8, Max: 10752, Diff: 1095, Sum: 40623, Workers: 4
[10.292s][debug][gc,phases      ] GC(20)   ResolvedMethodTable Weak       Min:  0.0, Avg:  0.0, Max:  0.0, Diff:  0.0, Sum:  0.1, Workers: 4
[10.292s][debug][gc,phases      ] GC(20)     Dead                           Min: 0, Avg:  0.0, Max: 0, Diff: 0, Sum: 0, Workers: 4
[10.292s][debug][gc,phases      ] GC(20)     Total                          Min: 1536, Avg: 1574.8, Max: 1663, Diff: 127, Sum: 6299, Workers: 4
[10.292s][debug][gc,phases      ] GC(20)   JNI Weak                       Min:  0.0, Avg:  0.0, Max:  0.0, Diff:  0.0, Sum:  0.0, Workers: 4
[10.292s][debug][gc,phases      ] GC(20)     Dead                           Min: 0, Avg:  0.0, Max: 0, Diff: 0, Sum: 0, Workers: 4
[10.292s][debug][gc,phases      ] GC(20)     Total                          Min: 0, Avg:  3.2, Max: 13, Diff: 13, Sum: 13, Workers: 4
[10.292s][debug][gc,phases      ] GC(20)   StringDedup Table Weak         Min:  0.0, Avg:  0.0, Max:  0.0, Diff:  0.0, Sum:  0.0, Workers: 4
[10.292s][debug][gc,phases      ] GC(20)     Dead                           Min: 0, Avg:  0.0, Max: 0, Diff: 0, Sum: 0, Workers: 4
[10.292s][debug][gc,phases      ] GC(20)     Total                          Min: 0, Avg:  0.0, Max: 0, Diff: 0, Sum: 0, Workers: 4
[10.292s][debug][gc,phases      ] GC(20)   StringDedup Requests0 Weak     Min:  0.0, Avg:  0.0, Max:  0.0, Diff:  0.0, Sum:  0.0, Workers: 4
[10.292s][debug][gc,phases      ] GC(20)     Dead                           Min: 0, Avg:  0.0, Max: 0, Diff: 0, Sum: 0, Workers: 4
[10.292s][debug][gc,phases      ] GC(20)     Total                          Min: 0, Avg:  0.0, Max: 0, Diff: 0, Sum: 0, Workers: 4
[10.292s][debug][gc,phases      ] GC(20)   StringDedup Requests1 Weak     Min:  0.0, Avg:  0.0, Max:  0.0, Diff:  0.0, Sum:  0.0, Workers: 4
[10.292s][debug][gc,phases      ] GC(20)     Dead                           Min: 0, Avg:  0.0, Max: 0, Diff: 0, Sum: 0, Workers: 4
[10.292s][debug][gc,phases      ] GC(20)     Total                          Min: 0, Avg:  0.0, Max: 0, Diff: 0, Sum: 0, Workers: 4
[10.292s][debug][gc,phases      ] GC(20)   Weak JFR Old Object Samples    Min:  0.0, Avg:  0.0, Max:  0.0, Diff:  0.0, Sum:  0.0, Workers: 4
[10.292s][debug][gc,phases      ] GC(20)     Dead                           Min: 0, Avg:  0.0, Max: 0, Diff: 0, Sum: 0, Workers: 4
[10.292s][debug][gc,phases      ] GC(20)     Total                          Min: 0, Avg:  0.0, Max: 0, Diff: 0, Sum: 0, Workers: 4
[10.292s][debug][gc,phases      ] GC(20) Weak Processing 0.289ms
[10.293s][debug][gc,phases      ] GC(20) ClassLoaderData 0.064ms
[10.293s][debug][gc,phases      ] GC(20) Trigger cleanups 0.000ms
[10.299s][debug][gc,phases      ] GC(20) Class Unloading 6.662ms
[10.299s][info ][gc,phases      ] GC(20) Marking Phase 87.035ms
[10.299s][info ][gc,phases,start] GC(20) Summary Phase
[10.299s][info ][gc,phases      ] GC(20) Summary Phase 0.007ms
[10.299s][info ][gc,phases,start] GC(20) Adjust Roots
[10.308s][info ][gc,phases      ] GC(20) Adjust Roots 9.080ms
[10.308s][info ][gc,phases,start] GC(20) Compaction Phase
[11.077s][info ][gc,phases      ] GC(20) Compaction Phase 768.555ms
[11.077s][info ][gc,phases,start] GC(20) Post Compact
[11.078s][info ][gc,phases      ] GC(20) Post Compact 0.857ms
[11.078s][info ][gc,heap        ] GC(20) PSYoungGen: 149467K(1808384K)->149242K(1808384K) Eden: 0K(1527808K)->0K(1527808K) From: 149467K(280576K)->149242K(280576K)
[11.078s][info ][gc,heap        ] GC(20) ParOldGen: 61362K(61440K)->61159K(105984K)
[11.078s][info ][gc,metaspace   ] GC(20) Metaspace: 60728K(61440K)->60728K(61440K) NonClass: 51718K(52096K)->51718K(52096K) Class: 9009K(9344K)->9009K(9344K)
[11.078s][info ][gc             ] GC(20) Pause Full (Ergonomics) 205M->205M(1869M) 865.722ms
[11.078s][info ][gc,cpu         ] GC(20) User=1.99s Sys=0.02s Real=0.87s
[11.088s][info ][safepoint      ] Safepoint "ParallelGCFailedAllocation", Time since last: 308184082 ns, Reaching safepoint: 216401 ns, At safepoint: 949532025 ns, Total: 949748426 ns
[11.319s][info ][gc,start       ] GC(21) Pause Young (Allocation Failure)
[11.377s][debug][gc,phases      ] GC(21) Scavenge 58.338ms
[11.378s][debug][gc,ref         ] GC(21) Skipped phase 1 of Reference Processing: no references
[11.378s][debug][gc,ref         ] GC(21) ReferenceProcessor::execute queues: 4, RefProcThreadModel::Multi, marks_oops_alive: false
[11.378s][debug][gc,ref         ] GC(21) Skipped phase 3 of Reference Processing: no references
[11.378s][debug][gc,ref         ] GC(21) ReferenceProcessor::execute queues: 1, RefProcThreadModel::Single, marks_oops_alive: false
[11.378s][debug][gc,phases      ] GC(21) Reference Processing 0.273ms
[11.378s][debug][gc,phases      ] GC(21)   VM Weak                        Min:  0.0, Avg:  0.0, Max:  0.0, Diff:  0.0, Sum:  0.0, Workers: 4
[11.378s][debug][gc,phases      ] GC(21)     Dead                           Min: 0, Avg:  0.0, Max: 0, Diff: 0, Sum: 0, Workers: 4
[11.378s][debug][gc,phases      ] GC(21)     Total                          Min: 0, Avg: 137.2, Max: 512, Diff: 512, Sum: 549, Workers: 4
[11.378s][debug][gc,phases      ] GC(21)   ObjectSynchronizer Weak        Min:  0.0, Avg:  0.0, Max:  0.0, Diff:  0.0, Sum:  0.0, Workers: 4
[11.378s][debug][gc,phases      ] GC(21)     Dead                           Min: 0, Avg:  0.0, Max: 0, Diff: 0, Sum: 0, Workers: 4
[11.378s][debug][gc,phases      ] GC(21)     Total                          Min: 0, Avg: 87.5, Max: 158, Diff: 158, Sum: 350, Workers: 4
[11.378s][debug][gc,phases      ] GC(21)   JVMTI Tag Weak OopStorage      Min:  0.0, Avg:  0.0, Max:  0.0, Diff:  0.0, Sum:  0.0, Workers: 4
[11.378s][debug][gc,phases      ] GC(21)     Dead                           Min: 0, Avg:  0.0, Max: 0, Diff: 0, Sum: 0, Workers: 4
[11.378s][debug][gc,phases      ] GC(21)     Total                          Min: 0, Avg:  0.0, Max: 0, Diff: 0, Sum: 0, Workers: 4
[11.378s][debug][gc,phases      ] GC(21)   StringTable Weak               Min:  0.2, Avg:  0.2, Max:  0.2, Diff:  0.0, Sum:  0.7, Workers: 4
[11.378s][debug][gc,phases      ] GC(21)     Dead                           Min: 0, Avg:  4.8, Max: 18, Diff: 18, Sum: 19, Workers: 4
[11.378s][debug][gc,phases      ] GC(21)     Total                          Min: 7680, Avg: 10183.5, Max: 12702, Diff: 5022, Sum: 40734, Workers: 4
[11.378s][debug][gc,phases      ] GC(21)   ResolvedMethodTable Weak       Min:  0.0, Avg:  0.0, Max:  0.0, Diff:  0.0, Sum:  0.2, Workers: 4
[11.378s][debug][gc,phases      ] GC(21)     Dead                           Min: 0, Avg:  6.2, Max: 24, Diff: 24, Sum: 25, Workers: 4
[11.378s][debug][gc,phases      ] GC(21)     Total                          Min: 1024, Avg: 1591.8, Max: 2143, Diff: 1119, Sum: 6367, Workers: 4
[11.378s][debug][gc,phases      ] GC(21)   JNI Weak                       Min:  0.0, Avg:  0.0, Max:  0.0, Diff:  0.0, Sum:  0.0, Workers: 4
[11.378s][debug][gc,phases      ] GC(21)     Dead                           Min: 0, Avg:  0.0, Max: 0, Diff: 0, Sum: 0, Workers: 4
[11.378s][debug][gc,phases      ] GC(21)     Total                          Min: 0, Avg:  0.0, Max: 0, Diff: 0, Sum: 0, Workers: 4
[11.378s][debug][gc,phases      ] GC(21)   StringDedup Table Weak         Min:  0.0, Avg:  0.0, Max:  0.0, Diff:  0.0, Sum:  0.0, Workers: 4
[11.378s][debug][gc,phases      ] GC(21)     Dead                           Min: 0, Avg:  0.0, Max: 0, Diff: 0, Sum: 0, Workers: 4
[11.378s][debug][gc,phases      ] GC(21)     Total                          Min: 0, Avg:  0.0, Max: 0, Diff: 0, Sum: 0, Workers: 4
[11.378s][debug][gc,phases      ] GC(21)   StringDedup Requests0 Weak     Min:  0.0, Avg:  0.0, Max:  0.0, Diff:  0.0, Sum:  0.0, Workers: 4
[11.378s][debug][gc,phases      ] GC(21)     Dead                           Min: 0, Avg:  0.0, Max: 0, Diff: 0, Sum: 0, Workers: 4
[11.378s][debug][gc,phases      ] GC(21)     Total                          Min: 0, Avg:  0.0, Max: 0, Diff: 0, Sum: 0, Workers: 4
[11.378s][debug][gc,phases      ] GC(21)   StringDedup Requests1 Weak     Min:  0.0, Avg:  0.0, Max:  0.0, Diff:  0.0, Sum:  0.0, Workers: 4
[11.378s][debug][gc,phases      ] GC(21)     Dead                           Min: 0, Avg:  0.0, Max: 0, Diff: 0, Sum: 0, Workers: 4
[11.378s][debug][gc,phases      ] GC(21)     Total                          Min: 0, Avg:  0.0, Max: 0, Diff: 0, Sum: 0, Workers: 4
[11.378s][debug][gc,phases      ] GC(21)   Weak JFR Old Object Samples    Min:  0.0, Avg:  0.0, Max:  0.0, Diff:  0.0, Sum:  0.0, Workers: 4
[11.378s][debug][gc,phases      ] GC(21)     Dead                           Min: 0, Avg:  0.0, Max: 0, Diff: 0, Sum: 0, Workers: 4
[11.378s][debug][gc,phases      ] GC(21)     Total                          Min: 0, Avg:  0.0, Max: 0, Diff: 0, Sum: 0, Workers: 4
[11.378s][debug][gc,phases      ] GC(21) Weak Processing 0.373ms
[11.378s][debug][gc,age         ] GC(21) Desired survivor size 272629760 bytes, new threshold 15 (max threshold 15)
[11.378s][info ][gc,heap        ] GC(21) PSYoungGen: 1677050K(1808384K)->149707K(1830912K) Eden: 1527808K(1527808K)->0K(1557504K) From: 149242K(280576K)->149707K(273408K)
[11.378s][info ][gc,heap        ] GC(21) ParOldGen: 61159K(105984K)->61167K(105984K)
[11.378s][info ][gc,metaspace   ] GC(21) Metaspace: 61238K(61952K)->61238K(61952K) NonClass: 52164K(52544K)->52164K(52544K) Class: 9074K(9408K)->9074K(9408K)
[11.378s][info ][gc             ] GC(21) Pause Young (Allocation Failure) 1697M->205M(1891M) 59.102ms
[11.378s][info ][gc,cpu         ] GC(21) User=0.23s Sys=0.00s Real=0.06s
[11.378s][info ][safepoint      ] Safepoint "ParallelGCFailedAllocation", Time since last: 230647735 ns, Reaching safepoint: 147600 ns, At safepoint: 59192489 ns, Total: 59340089 ns
[11.687s][info ][gc,start       ] GC(22) Pause Young (Allocation Failure)
[11.781s][debug][gc,phases      ] GC(22) Scavenge 94.252ms
[11.781s][debug][gc,ref         ] GC(22) Skipped phase 1 of Reference Processing: no references
[11.781s][debug][gc,ref         ] GC(22) ReferenceProcessor::execute queues: 2, RefProcThreadModel::Multi, marks_oops_alive: false
[11.781s][debug][gc,ref         ] GC(22) Skipped phase 3 of Reference Processing: no references
[11.781s][debug][gc,ref         ] GC(22) ReferenceProcessor::execute queues: 1, RefProcThreadModel::Single, marks_oops_alive: false
[11.781s][debug][gc,phases      ] GC(22) Reference Processing 0.195ms
[11.781s][debug][gc,phases      ] GC(22)   VM Weak                        Min:  0.0, Avg:  0.0, Max:  0.0, Diff:  0.0, Sum:  0.0, Workers: 4
[11.781s][debug][gc,phases      ] GC(22)     Dead                           Min: 0, Avg:  0.0, Max: 0, Diff: 0, Sum: 0, Workers: 4
[11.781s][debug][gc,phases      ] GC(22)     Total                          Min: 0, Avg: 138.5, Max: 256, Diff: 256, Sum: 554, Workers: 4
[11.781s][debug][gc,phases      ] GC(22)   ObjectSynchronizer Weak        Min:  0.0, Avg:  0.0, Max:  0.0, Diff:  0.0, Sum:  0.0, Workers: 4
[11.781s][debug][gc,phases      ] GC(22)     Dead                           Min: 0, Avg:  0.0, Max: 0, Diff: 0, Sum: 0, Workers: 4
[11.781s][debug][gc,phases      ] GC(22)     Total                          Min: 0, Avg: 87.8, Max: 192, Diff: 192, Sum: 351, Workers: 4
[11.781s][debug][gc,phases      ] GC(22)   JVMTI Tag Weak OopStorage      Min:  0.0, Avg:  0.0, Max:  0.0, Diff:  0.0, Sum:  0.0, Workers: 4
[11.781s][debug][gc,phases      ] GC(22)     Dead                           Min: 0, Avg:  0.0, Max: 0, Diff: 0, Sum: 0, Workers: 4
[11.781s][debug][gc,phases      ] GC(22)     Total                          Min: 0, Avg:  0.0, Max: 0, Diff: 0, Sum: 0, Workers: 4
[11.781s][debug][gc,phases      ] GC(22)   StringTable Weak               Min:  0.2, Avg:  0.2, Max:  0.2, Diff:  0.0, Sum:  0.6, Workers: 4
[11.781s][debug][gc,phases      ] GC(22)     Dead                           Min: 0, Avg:  3.0, Max: 8, Diff: 8, Sum: 12, Workers: 4
[11.781s][debug][gc,phases      ] GC(22)     Total                          Min: 7808, Avg: 10482.0, Max: 11584, Diff: 3776, Sum: 41928, Workers: 4
[11.781s][debug][gc,phases      ] GC(22)   ResolvedMethodTable Weak       Min:  0.0, Avg:  0.0, Max:  0.0, Diff:  0.0, Sum:  0.1, Workers: 4
[11.781s][debug][gc,phases      ] GC(22)     Dead                           Min: 0, Avg: 29.2, Max: 67, Diff: 67, Sum: 117, Workers: 4
[11.781s][debug][gc,phases      ] GC(22)     Total                          Min: 895, Avg: 1629.2, Max: 1910, Diff: 1015, Sum: 6517, Workers: 4
[11.781s][debug][gc,phases      ] GC(22)   JNI Weak                       Min:  0.0, Avg:  0.0, Max:  0.0, Diff:  0.0, Sum:  0.0, Workers: 4
[11.781s][debug][gc,phases      ] GC(22)     Dead                           Min: 0, Avg:  0.0, Max: 0, Diff: 0, Sum: 0, Workers: 4
[11.781s][debug][gc,phases      ] GC(22)     Total                          Min: 0, Avg:  1.8, Max: 7, Diff: 7, Sum: 7, Workers: 4
[11.781s][debug][gc,phases      ] GC(22)   StringDedup Table Weak         Min:  0.0, Avg:  0.0, Max:  0.0, Diff:  0.0, Sum:  0.0, Workers: 4
[11.781s][debug][gc,phases      ] GC(22)     Dead                           Min: 0, Avg:  0.0, Max: 0, Diff: 0, Sum: 0, Workers: 4
[11.781s][debug][gc,phases      ] GC(22)     Total                          Min: 0, Avg:  0.0, Max: 0, Diff: 0, Sum: 0, Workers: 4
[11.781s][debug][gc,phases      ] GC(22)   StringDedup Requests0 Weak     Min:  0.0, Avg:  0.0, Max:  0.0, Diff:  0.0, Sum:  0.0, Workers: 4
[11.781s][debug][gc,phases      ] GC(22)     Dead                           Min: 0, Avg:  0.0, Max: 0, Diff: 0, Sum: 0, Workers: 4
[11.781s][debug][gc,phases      ] GC(22)     Total                          Min: 0, Avg:  0.0, Max: 0, Diff: 0, Sum: 0, Workers: 4
[11.781s][debug][gc,phases      ] GC(22)   StringDedup Requests1 Weak     Min:  0.0, Avg:  0.0, Max:  0.0, Diff:  0.0, Sum:  0.0, Workers: 4
[11.781s][debug][gc,phases      ] GC(22)     Dead                           Min: 0, Avg:  0.0, Max: 0, Diff: 0, Sum: 0, Workers: 4
[11.781s][debug][gc,phases      ] GC(22)     Total                          Min: 0, Avg:  0.0, Max: 0, Diff: 0, Sum: 0, Workers: 4
[11.781s][debug][gc,phases      ] GC(22)   Weak JFR Old Object Samples    Min:  0.0, Avg:  0.0, Max:  0.0, Diff:  0.0, Sum:  0.0, Workers: 4
[11.781s][debug][gc,phases      ] GC(22)     Dead                           Min: 0, Avg:  0.0, Max: 0, Diff: 0, Sum: 0, Workers: 4
[11.781s][debug][gc,phases      ] GC(22)     Total                          Min: 0, Avg:  0.0, Max: 0, Diff: 0, Sum: 0, Workers: 4
[11.781s][debug][gc,phases      ] GC(22) Weak Processing 0.352ms
[11.781s][debug][gc,age         ] GC(22) Desired survivor size 285736960 bytes, new threshold 15 (max threshold 15)
[11.781s][info ][gc,heap        ] GC(22) PSYoungGen: 1707211K(1830912K)->31622K(1589248K) Eden: 1557504K(1557504K)->0K(1557504K) From: 149707K(273408K)->31622K(31744K)
[11.781s][info ][gc,heap        ] GC(22) ParOldGen: 61167K(105984K)->181258K(181760K)
[11.781s][info ][gc,metaspace   ] GC(22) Metaspace: 64591K(65344K)->64591K(65344K) NonClass: 55101K(55488K)->55101K(55488K) Class: 9490K(9856K)->9490K(9856K)
[11.781s][info ][gc             ] GC(22) Pause Young (Allocation Failure) 1726M->207M(1729M) 94.910ms
[11.781s][info ][gc,cpu         ] GC(22) User=0.28s Sys=0.10s Real=0.09s
[11.782s][debug][gc,phases      ] GC(23) Pre Compact 0.009ms
[11.782s][info ][gc,start       ] GC(23) Pause Full (Ergonomics)
[11.782s][info ][gc,phases,start] GC(23) Marking Phase
[11.858s][debug][gc,phases      ] GC(23) Par Mark 76.421ms
[11.858s][debug][gc,ref         ] GC(23) Skipped phase 1 of Reference Processing: no references
[11.858s][debug][gc,ref         ] GC(23) ReferenceProcessor::execute queues: 4, RefProcThreadModel::Multi, marks_oops_alive: false
[11.859s][debug][gc,ref         ] GC(23) Skipped phase 3 of Reference Processing: no references
[11.859s][debug][gc,ref         ] GC(23) ReferenceProcessor::execute queues: 1, RefProcThreadModel::Single, marks_oops_alive: false
[11.859s][debug][gc,phases      ] GC(23) Reference Processing 0.489ms
[11.859s][debug][gc,phases      ] GC(23)   VM Weak                        Min:  0.0, Avg:  0.0, Max:  0.0, Diff:  0.0, Sum:  0.0, Workers: 4
[11.859s][debug][gc,phases      ] GC(23)     Dead                           Min: 0, Avg:  0.0, Max: 0, Diff: 0, Sum: 0, Workers: 4
[11.859s][debug][gc,phases      ] GC(23)     Total                          Min: 0, Avg: 138.5, Max: 362, Diff: 362, Sum: 554, Workers: 4
[11.859s][debug][gc,phases      ] GC(23)   ObjectSynchronizer Weak        Min:  0.0, Avg:  0.0, Max:  0.0, Diff:  0.0, Sum:  0.0, Workers: 4
[11.859s][debug][gc,phases      ] GC(23)     Dead                           Min: 0, Avg:  0.0, Max: 0, Diff: 0, Sum: 0, Workers: 4
[11.859s][debug][gc,phases      ] GC(23)     Total                          Min: 0, Avg: 87.8, Max: 159, Diff: 159, Sum: 351, Workers: 4
[11.859s][debug][gc,phases      ] GC(23)   JVMTI Tag Weak OopStorage      Min:  0.0, Avg:  0.0, Max:  0.0, Diff:  0.0, Sum:  0.0, Workers: 4
[11.859s][debug][gc,phases      ] GC(23)     Dead                           Min: 0, Avg:  0.0, Max: 0, Diff: 0, Sum: 0, Workers: 4
[11.859s][debug][gc,phases      ] GC(23)     Total                          Min: 0, Avg:  0.0, Max: 0, Diff: 0, Sum: 0, Workers: 4
[11.859s][debug][gc,phases      ] GC(23)   StringTable Weak               Min:  0.1, Avg:  0.1, Max:  0.1, Diff:  0.0, Sum:  0.5, Workers: 4
[11.859s][debug][gc,phases      ] GC(23)     Dead                           Min: 0, Avg:  0.0, Max: 0, Diff: 0, Sum: 0, Workers: 4
[11.859s][debug][gc,phases      ] GC(23)     Total                          Min: 9928, Avg: 10482.0, Max: 11776, Diff: 1848, Sum: 41928, Workers: 4
[11.859s][debug][gc,phases      ] GC(23)   ResolvedMethodTable Weak       Min:  0.0, Avg:  0.0, Max:  0.0, Diff:  0.0, Sum:  0.1, Workers: 4
[11.859s][debug][gc,phases      ] GC(23)     Dead                           Min: 0, Avg:  0.2, Max: 1, Diff: 1, Sum: 1, Workers: 4
[11.859s][debug][gc,phases      ] GC(23)     Total                          Min: 1535, Avg: 1629.2, Max: 1718, Diff: 183, Sum: 6517, Workers: 4
[11.859s][debug][gc,phases      ] GC(23)   JNI Weak                       Min:  0.0, Avg:  0.0, Max:  0.0, Diff:  0.0, Sum:  0.0, Workers: 4
[11.859s][debug][gc,phases      ] GC(23)     Dead                           Min: 0, Avg:  0.0, Max: 0, Diff: 0, Sum: 0, Workers: 4
[11.859s][debug][gc,phases      ] GC(23)     Total                          Min: 0, Avg:  1.8, Max: 7, Diff: 7, Sum: 7, Workers: 4
[11.859s][debug][gc,phases      ] GC(23)   StringDedup Table Weak         Min:  0.0, Avg:  0.0, Max:  0.0, Diff:  0.0, Sum:  0.0, Workers: 4
[11.859s][debug][gc,phases      ] GC(23)     Dead                           Min: 0, Avg:  0.0, Max: 0, Diff: 0, Sum: 0, Workers: 4
[11.859s][debug][gc,phases      ] GC(23)     Total                          Min: 0, Avg:  0.0, Max: 0, Diff: 0, Sum: 0, Workers: 4
[11.859s][debug][gc,phases      ] GC(23)   StringDedup Requests0 Weak     Min:  0.0, Avg:  0.0, Max:  0.0, Diff:  0.0, Sum:  0.0, Workers: 4
[11.859s][debug][gc,phases      ] GC(23)     Dead                           Min: 0, Avg:  0.0, Max: 0, Diff: 0, Sum: 0, Workers: 4
[11.859s][debug][gc,phases      ] GC(23)     Total                          Min: 0, Avg:  0.0, Max: 0, Diff: 0, Sum: 0, Workers: 4
[11.859s][debug][gc,phases      ] GC(23)   StringDedup Requests1 Weak     Min:  0.0, Avg:  0.0, Max:  0.0, Diff:  0.0, Sum:  0.0, Workers: 4
[11.859s][debug][gc,phases      ] GC(23)     Dead                           Min: 0, Avg:  0.0, Max: 0, Diff: 0, Sum: 0, Workers: 4
[11.859s][debug][gc,phases      ] GC(23)     Total                          Min: 0, Avg:  0.0, Max: 0, Diff: 0, Sum: 0, Workers: 4
[11.859s][debug][gc,phases      ] GC(23)   Weak JFR Old Object Samples    Min:  0.0, Avg:  0.0, Max:  0.0, Diff:  0.0, Sum:  0.0, Workers: 4
[11.859s][debug][gc,phases      ] GC(23)     Dead                           Min: 0, Avg:  0.0, Max: 0, Diff: 0, Sum: 0, Workers: 4
[11.859s][debug][gc,phases      ] GC(23)     Total                          Min: 0, Avg:  0.0, Max: 0, Diff: 0, Sum: 0, Workers: 4
[11.859s][debug][gc,phases      ] GC(23) Weak Processing 0.299ms
[11.859s][debug][gc,phases      ] GC(23) ClassLoaderData 0.068ms
[11.859s][debug][gc,phases      ] GC(23) Trigger cleanups 0.000ms
[11.866s][debug][gc,phases      ] GC(23) Class Unloading 6.834ms
[11.866s][info ][gc,phases      ] GC(23) Marking Phase 84.167ms
[11.866s][info ][gc,phases,start] GC(23) Summary Phase
[11.866s][info ][gc,phases      ] GC(23) Summary Phase 0.007ms
[11.866s][info ][gc,phases,start] GC(23) Adjust Roots
[11.874s][info ][gc,phases      ] GC(23) Adjust Roots 7.989ms
[11.874s][info ][gc,phases,start] GC(23) Compaction Phase
[12.151s][info ][gc,phases      ] GC(23) Compaction Phase 277.200ms
[12.151s][info ][gc,phases,start] GC(23) Post Compact
[12.152s][info ][gc,phases      ] GC(23) Post Compact 0.664ms
[12.152s][info ][gc,heap        ] GC(23) PSYoungGen: 31622K(1589248K)->30501K(1589248K) Eden: 0K(1557504K)->0K(1557504K) From: 31622K(31744K)->30501K(31744K)
[12.152s][info ][gc,heap        ] GC(23) ParOldGen: 181258K(181760K)->181730K(278528K)
[12.152s][info ][gc,metaspace   ] GC(23) Metaspace: 64591K(65344K)->64591K(65344K) NonClass: 55101K(55488K)->55101K(55488K) Class: 9490K(9856K)->9490K(9856K)
[12.152s][info ][gc             ] GC(23) Pause Full (Ergonomics) 207M->207M(1824M) 370.248ms
[12.152s][info ][gc,cpu         ] GC(23) User=1.30s Sys=0.00s Real=0.37s
[12.152s][info ][safepoint      ] Safepoint "ParallelGCFailedAllocation", Time since last: 308085181 ns, Reaching safepoint: 169001 ns, At safepoint: 465319683 ns, Total: 465488684 ns
[12.425s][info ][gc,start       ] GC(24) Pause Young (Allocation Failure)
[12.456s][debug][gc,phases      ] GC(24) Scavenge 30.803ms
[12.456s][debug][gc,ref         ] GC(24) Skipped phase 1 of Reference Processing: no references
[12.456s][debug][gc,ref         ] GC(24) ReferenceProcessor::execute queues: 2, RefProcThreadModel::Multi, marks_oops_alive: false
[12.456s][debug][gc,ref         ] GC(24) Skipped phase 3 of Reference Processing: no references
[12.456s][debug][gc,ref         ] GC(24) ReferenceProcessor::execute queues: 1, RefProcThreadModel::Single, marks_oops_alive: false
[12.456s][debug][gc,phases      ] GC(24) Reference Processing 0.181ms
[12.456s][debug][gc,phases      ] GC(24)   VM Weak                        Min:  0.0, Avg:  0.0, Max:  0.0, Diff:  0.0, Sum:  0.0, Workers: 4
[12.456s][debug][gc,phases      ] GC(24)     Dead                           Min: 0, Avg:  0.0, Max: 0, Diff: 0, Sum: 0, Workers: 4
[12.456s][debug][gc,phases      ] GC(24)     Total                          Min: 0, Avg: 142.8, Max: 571, Diff: 571, Sum: 571, Workers: 4
[12.456s][debug][gc,phases      ] GC(24)   ObjectSynchronizer Weak        Min:  0.0, Avg:  0.0, Max:  0.0, Diff:  0.0, Sum:  0.0, Workers: 4
[12.456s][debug][gc,phases      ] GC(24)     Dead                           Min: 0, Avg:  0.0, Max: 0, Diff: 0, Sum: 0, Workers: 4
[12.456s][debug][gc,phases      ] GC(24)     Total                          Min: 0, Avg: 87.8, Max: 128, Diff: 128, Sum: 351, Workers: 4
[12.456s][debug][gc,phases      ] GC(24)   JVMTI Tag Weak OopStorage      Min:  0.0, Avg:  0.0, Max:  0.0, Diff:  0.0, Sum:  0.0, Workers: 4
[12.456s][debug][gc,phases      ] GC(24)     Dead                           Min: 0, Avg:  0.0, Max: 0, Diff: 0, Sum: 0, Workers: 4
[12.456s][debug][gc,phases      ] GC(24)     Total                          Min: 0, Avg:  0.0, Max: 0, Diff: 0, Sum: 0, Workers: 4
[12.456s][debug][gc,phases      ] GC(24)   StringTable Weak               Min:  0.1, Avg:  0.1, Max:  0.1, Diff:  0.0, Sum:  0.3, Workers: 4
[12.456s][debug][gc,phases      ] GC(24)     Dead                           Min: 0, Avg:  3.8, Max: 13, Diff: 13, Sum: 15, Workers: 4
[12.456s][debug][gc,phases      ] GC(24)     Total                          Min: 7552, Avg: 10539.0, Max: 12159, Diff: 4607, Sum: 42156, Workers: 4
[12.456s][debug][gc,phases      ] GC(24)   ResolvedMethodTable Weak       Min:  0.0, Avg:  0.0, Max:  0.0, Diff:  0.0, Sum:  0.1, Workers: 4
[12.456s][debug][gc,phases      ] GC(24)     Dead                           Min: 0, Avg:  7.2, Max: 15, Diff: 15, Sum: 29, Workers: 4
[12.456s][debug][gc,phases      ] GC(24)     Total                          Min: 960, Avg: 1658.2, Max: 2218, Diff: 1258, Sum: 6633, Workers: 4
[12.456s][debug][gc,phases      ] GC(24)   JNI Weak                       Min:  0.0, Avg:  0.0, Max:  0.0, Diff:  0.0, Sum:  0.0, Workers: 4
[12.456s][debug][gc,phases      ] GC(24)     Dead                           Min: 0, Avg:  0.0, Max: 0, Diff: 0, Sum: 0, Workers: 4
[12.456s][debug][gc,phases      ] GC(24)     Total                          Min: 0, Avg:  5.8, Max: 23, Diff: 23, Sum: 23, Workers: 4
[12.456s][debug][gc,phases      ] GC(24)   StringDedup Table Weak         Min:  0.0, Avg:  0.0, Max:  0.0, Diff:  0.0, Sum:  0.0, Workers: 4
[12.456s][debug][gc,phases      ] GC(24)     Dead                           Min: 0, Avg:  0.0, Max: 0, Diff: 0, Sum: 0, Workers: 4
[12.456s][debug][gc,phases      ] GC(24)     Total                          Min: 0, Avg:  0.0, Max: 0, Diff: 0, Sum: 0, Workers: 4
[12.456s][debug][gc,phases      ] GC(24)   StringDedup Requests0 Weak     Min:  0.0, Avg:  0.0, Max:  0.0, Diff:  0.0, Sum:  0.0, Workers: 4
[12.456s][debug][gc,phases      ] GC(24)     Dead                           Min: 0, Avg:  0.0, Max: 0, Diff: 0, Sum: 0, Workers: 4
[12.456s][debug][gc,phases      ] GC(24)     Total                          Min: 0, Avg:  0.0, Max: 0, Diff: 0, Sum: 0, Workers: 4
[12.456s][debug][gc,phases      ] GC(24)   StringDedup Requests1 Weak     Min:  0.0, Avg:  0.0, Max:  0.0, Diff:  0.0, Sum:  0.0, Workers: 4
[12.456s][debug][gc,phases      ] GC(24)     Dead                           Min: 0, Avg:  0.0, Max: 0, Diff: 0, Sum: 0, Workers: 4
[12.456s][debug][gc,phases      ] GC(24)     Total                          Min: 0, Avg:  0.0, Max: 0, Diff: 0, Sum: 0, Workers: 4
[12.456s][debug][gc,phases      ] GC(24)   Weak JFR Old Object Samples    Min:  0.0, Avg:  0.0, Max:  0.0, Diff:  0.0, Sum:  0.0, Workers: 4
[12.456s][debug][gc,phases      ] GC(24)     Dead                           Min: 0, Avg:  0.0, Max: 0, Diff: 0, Sum: 0, Workers: 4
[12.456s][debug][gc,phases      ] GC(24)     Total                          Min: 0, Avg:  0.0, Max: 0, Diff: 0, Sum: 0, Workers: 4
[12.456s][debug][gc,phases      ] GC(24) Weak Processing 0.273ms
[12.456s][debug][gc,age         ] GC(24) Desired survivor size 294125568 bytes, new threshold 15 (max threshold 15)
[12.456s][info ][gc,heap        ] GC(24) PSYoungGen: 1588005K(1589248K)->32995K(1801728K) Eden: 1557504K(1557504K)->0K(1522688K) From: 30501K(31744K)->32995K(279040K)
[12.456s][info ][gc,heap        ] GC(24) ParOldGen: 181730K(278528K)->182954K(278528K)
[12.456s][info ][gc,metaspace   ] GC(24) Metaspace: 65969K(66752K)->65969K(66752K) NonClass: 56311K(56768K)->56311K(56768K) Class: 9658K(9984K)->9658K(9984K)
[12.456s][info ][gc             ] GC(24) Pause Young (Allocation Failure) 1728M->210M(2031M) 31.363ms
[12.456s][info ][gc,cpu         ] GC(24) User=0.11s Sys=0.02s Real=0.03s
[12.456s][info ][safepoint      ] Safepoint "ParallelGCFailedAllocation", Time since last: 272659769 ns, Reaching safepoint: 138200 ns, At safepoint: 31456101 ns, Total: 31594301 ns
[12.784s][info ][gc,start       ] GC(25) Pause Young (Allocation Failure)
[12.825s][debug][gc,phases      ] GC(25) Scavenge 40.982ms
[12.825s][debug][gc,ref         ] GC(25) Skipped phase 1 of Reference Processing: no references
[12.825s][debug][gc,ref         ] GC(25) ReferenceProcessor::execute queues: 1, RefProcThreadModel::Single, marks_oops_alive: false
[12.825s][debug][gc,ref         ] GC(25) Skipped phase 3 of Reference Processing: no references
[12.825s][debug][gc,ref         ] GC(25) ReferenceProcessor::execute queues: 1, RefProcThreadModel::Single, marks_oops_alive: false
[12.825s][debug][gc,phases      ] GC(25) Reference Processing 0.156ms
[12.826s][debug][gc,phases      ] GC(25)   VM Weak                        Min:  0.0, Avg:  0.0, Max:  0.0, Diff:  0.0, Sum:  0.0, Workers: 4
[12.826s][debug][gc,phases      ] GC(25)     Dead                           Min: 0, Avg:  0.0, Max: 0, Diff: 0, Sum: 0, Workers: 4
[12.826s][debug][gc,phases      ] GC(25)     Total                          Min: 0, Avg: 142.8, Max: 507, Diff: 507, Sum: 571, Workers: 4
[12.826s][debug][gc,phases      ] GC(25)   ObjectSynchronizer Weak        Min:  0.0, Avg:  0.0, Max:  0.0, Diff:  0.0, Sum:  0.0, Workers: 4
[12.826s][debug][gc,phases      ] GC(25)     Dead                           Min: 0, Avg:  0.0, Max: 0, Diff: 0, Sum: 0, Workers: 4
[12.826s][debug][gc,phases      ] GC(25)     Total                          Min: 0, Avg: 87.8, Max: 192, Diff: 192, Sum: 351, Workers: 4
[12.826s][debug][gc,phases      ] GC(25)   JVMTI Tag Weak OopStorage      Min:  0.0, Avg:  0.0, Max:  0.0, Diff:  0.0, Sum:  0.0, Workers: 4
[12.826s][debug][gc,phases      ] GC(25)     Dead                           Min: 0, Avg:  0.0, Max: 0, Diff: 0, Sum: 0, Workers: 4
[12.826s][debug][gc,phases      ] GC(25)     Total                          Min: 0, Avg:  0.0, Max: 0, Diff: 0, Sum: 0, Workers: 4
[12.826s][debug][gc,phases      ] GC(25)   StringTable Weak               Min:  0.1, Avg:  0.1, Max:  0.1, Diff:  0.0, Sum:  0.3, Workers: 4
[12.826s][debug][gc,phases      ] GC(25)     Dead                           Min: 0, Avg:  2.8, Max: 11, Diff: 11, Sum: 11, Workers: 4
[12.826s][debug][gc,phases      ] GC(25)     Total                          Min: 10112, Avg: 10556.0, Max: 10880, Diff: 768, Sum: 42224, Workers: 4
[12.826s][debug][gc,phases      ] GC(25)   ResolvedMethodTable Weak       Min:  0.0, Avg:  0.0, Max:  0.0, Diff:  0.0, Sum:  0.1, Workers: 4
[12.826s][debug][gc,phases      ] GC(25)     Dead                           Min: 0, Avg:  0.0, Max: 0, Diff: 0, Sum: 0, Workers: 4
[12.826s][debug][gc,phases      ] GC(25)     Total                          Min: 1022, Avg: 1663.2, Max: 2111, Diff: 1089, Sum: 6653, Workers: 4
[12.826s][debug][gc,phases      ] GC(25)   JNI Weak                       Min:  0.0, Avg:  0.0, Max:  0.0, Diff:  0.0, Sum:  0.0, Workers: 4
[12.826s][debug][gc,phases      ] GC(25)     Dead                           Min: 0, Avg:  0.0, Max: 0, Diff: 0, Sum: 0, Workers: 4
[12.826s][debug][gc,phases      ] GC(25)     Total                          Min: 0, Avg:  2.8, Max: 11, Diff: 11, Sum: 11, Workers: 4
[12.826s][debug][gc,phases      ] GC(25)   StringDedup Table Weak         Min:  0.0, Avg:  0.0, Max:  0.0, Diff:  0.0, Sum:  0.0, Workers: 4
[12.826s][debug][gc,phases      ] GC(25)     Dead                           Min: 0, Avg:  0.0, Max: 0, Diff: 0, Sum: 0, Workers: 4
[12.826s][debug][gc,phases      ] GC(25)     Total                          Min: 0, Avg:  0.0, Max: 0, Diff: 0, Sum: 0, Workers: 4
[12.826s][debug][gc,phases      ] GC(25)   StringDedup Requests0 Weak     Min:  0.0, Avg:  0.0, Max:  0.0, Diff:  0.0, Sum:  0.0, Workers: 4
[12.826s][debug][gc,phases      ] GC(25)     Dead                           Min: 0, Avg:  0.0, Max: 0, Diff: 0, Sum: 0, Workers: 4
[12.826s][debug][gc,phases      ] GC(25)     Total                          Min: 0, Avg:  0.0, Max: 0, Diff: 0, Sum: 0, Workers: 4
[12.826s][debug][gc,phases      ] GC(25)   StringDedup Requests1 Weak     Min:  0.0, Avg:  0.0, Max:  0.0, Diff:  0.0, Sum:  0.0, Workers: 4
[12.826s][debug][gc,phases      ] GC(25)     Dead                           Min: 0, Avg:  0.0, Max: 0, Diff: 0, Sum: 0, Workers: 4
[12.826s][debug][gc,phases      ] GC(25)     Total                          Min: 0, Avg:  0.0, Max: 0, Diff: 0, Sum: 0, Workers: 4
[12.826s][debug][gc,phases      ] GC(25)   Weak JFR Old Object Samples    Min:  0.0, Avg:  0.0, Max:  0.0, Diff:  0.0, Sum:  0.0, Workers: 4
[12.826s][debug][gc,phases      ] GC(25)     Dead                           Min: 0, Avg:  0.0, Max: 0, Diff: 0, Sum: 0, Workers: 4
[12.826s][debug][gc,phases      ] GC(25)     Total                          Min: 0, Avg:  0.0, Max: 0, Diff: 0, Sum: 0, Workers: 4
[12.826s][debug][gc,phases      ] GC(25) Weak Processing 0.266ms
[12.826s][debug][gc,age         ] GC(25) Desired survivor size 290455552 bytes, new threshold 15 (max threshold 15)
[12.826s][info ][gc,heap        ] GC(25) PSYoungGen: 1555683K(1801728K)->76867K(1809920K) Eden: 1522688K(1522688K)->0K(1522688K) From: 32995K(279040K)->76867K(287232K)
[12.826s][info ][gc,heap        ] GC(25) ParOldGen: 182954K(278528K)->185934K(278528K)
[12.826s][info ][gc,metaspace   ] GC(25) Metaspace: 65994K(66816K)->65994K(66816K) NonClass: 56328K(56768K)->56328K(56768K) Class: 9666K(10048K)->9666K(10048K)
[12.826s][info ][gc             ] GC(25) Pause Young (Allocation Failure) 1697M->256M(2039M) 41.519ms
[12.826s][info ][gc,cpu         ] GC(25) User=0.16s Sys=0.01s Real=0.04s
[12.826s][info ][safepoint      ] Safepoint "ParallelGCFailedAllocation", Time since last: 324915835 ns, Reaching safepoint: 3209810 ns, At safepoint: 41629033 ns, Total: 44838843 ns
[13.119s][info ][gc,start       ] GC(26) Pause Young (Allocation Failure)
[13.159s][debug][gc,phases      ] GC(26) Scavenge 39.728ms
[13.159s][debug][gc,ref         ] GC(26) Skipped phase 1 of Reference Processing: no references
[13.159s][debug][gc,ref         ] GC(26) ReferenceProcessor::execute queues: 2, RefProcThreadModel::Multi, marks_oops_alive: false
[13.159s][debug][gc,ref         ] GC(26) Skipped phase 3 of Reference Processing: no references
[13.159s][debug][gc,ref         ] GC(26) ReferenceProcessor::execute queues: 1, RefProcThreadModel::Single, marks_oops_alive: false
[13.159s][debug][gc,phases      ] GC(26) Reference Processing 0.195ms
[13.159s][debug][gc,phases      ] GC(26)   VM Weak                        Min:  0.0, Avg:  0.0, Max:  0.0, Diff:  0.0, Sum:  0.0, Workers: 4
[13.159s][debug][gc,phases      ] GC(26)     Dead                           Min: 0, Avg:  0.0, Max: 0, Diff: 0, Sum: 0, Workers: 4
[13.159s][debug][gc,phases      ] GC(26)     Total                          Min: 0, Avg: 142.8, Max: 384, Diff: 384, Sum: 571, Workers: 4
[13.159s][debug][gc,phases      ] GC(26)   ObjectSynchronizer Weak        Min:  0.0, Avg:  0.0, Max:  0.0, Diff:  0.0, Sum:  0.0, Workers: 4
[13.159s][debug][gc,phases      ] GC(26)     Dead                           Min: 0, Avg:  0.0, Max: 0, Diff: 0, Sum: 0, Workers: 4
[13.159s][debug][gc,phases      ] GC(26)     Total                          Min: 0, Avg: 87.8, Max: 159, Diff: 159, Sum: 351, Workers: 4
[13.159s][debug][gc,phases      ] GC(26)   JVMTI Tag Weak OopStorage      Min:  0.0, Avg:  0.0, Max:  0.0, Diff:  0.0, Sum:  0.0, Workers: 4
[13.159s][debug][gc,phases      ] GC(26)     Dead                           Min: 0, Avg:  0.0, Max: 0, Diff: 0, Sum: 0, Workers: 4
[13.159s][debug][gc,phases      ] GC(26)     Total                          Min: 0, Avg:  0.0, Max: 0, Diff: 0, Sum: 0, Workers: 4
[13.159s][debug][gc,phases      ] GC(26)   StringTable Weak               Min:  0.1, Avg:  0.1, Max:  0.1, Diff:  0.0, Sum:  0.4, Workers: 4
[13.159s][debug][gc,phases      ] GC(26)     Dead                           Min: 0, Avg:  0.0, Max: 0, Diff: 0, Sum: 0, Workers: 4
[13.159s][debug][gc,phases      ] GC(26)     Total                          Min: 8896, Avg: 10556.0, Max: 13312, Diff: 4416, Sum: 42224, Workers: 4
[13.159s][debug][gc,phases      ] GC(26)   ResolvedMethodTable Weak       Min:  0.0, Avg:  0.0, Max:  0.0, Diff:  0.0, Sum:  0.1, Workers: 4
[13.159s][debug][gc,phases      ] GC(26)     Dead                           Min: 0, Avg:  0.2, Max: 1, Diff: 1, Sum: 1, Workers: 4
[13.159s][debug][gc,phases      ] GC(26)     Total                          Min: 1407, Avg: 1663.8, Max: 1856, Diff: 449, Sum: 6655, Workers: 4
[13.159s][debug][gc,phases      ] GC(26)   JNI Weak                       Min:  0.0, Avg:  0.0, Max:  0.0, Diff:  0.0, Sum:  0.0, Workers: 4
[13.159s][debug][gc,phases      ] GC(26)     Dead                           Min: 0, Avg:  0.0, Max: 0, Diff: 0, Sum: 0, Workers: 4
[13.159s][debug][gc,phases      ] GC(26)     Total                          Min: 0, Avg:  4.2, Max: 17, Diff: 17, Sum: 17, Workers: 4
[13.159s][debug][gc,phases      ] GC(26)   StringDedup Table Weak         Min:  0.0, Avg:  0.0, Max:  0.0, Diff:  0.0, Sum:  0.0, Workers: 4
[13.159s][debug][gc,phases      ] GC(26)     Dead                           Min: 0, Avg:  0.0, Max: 0, Diff: 0, Sum: 0, Workers: 4
[13.159s][debug][gc,phases      ] GC(26)     Total                          Min: 0, Avg:  0.0, Max: 0, Diff: 0, Sum: 0, Workers: 4
[13.159s][debug][gc,phases      ] GC(26)   StringDedup Requests0 Weak     Min:  0.0, Avg:  0.0, Max:  0.0, Diff:  0.0, Sum:  0.0, Workers: 4
[13.159s][debug][gc,phases      ] GC(26)     Dead                           Min: 0, Avg:  0.0, Max: 0, Diff: 0, Sum: 0, Workers: 4
[13.159s][debug][gc,phases      ] GC(26)     Total                          Min: 0, Avg:  0.0, Max: 0, Diff: 0, Sum: 0, Workers: 4
[13.159s][debug][gc,phases      ] GC(26)   StringDedup Requests1 Weak     Min:  0.0, Avg:  0.0, Max:  0.0, Diff:  0.0, Sum:  0.0, Workers: 4
[13.159s][debug][gc,phases      ] GC(26)     Dead                           Min: 0, Avg:  0.0, Max: 0, Diff: 0, Sum: 0, Workers: 4
[13.159s][debug][gc,phases      ] GC(26)     Total                          Min: 0, Avg:  0.0, Max: 0, Diff: 0, Sum: 0, Workers: 4
[13.159s][debug][gc,phases      ] GC(26)   Weak JFR Old Object Samples    Min:  0.0, Avg:  0.0, Max:  0.0, Diff:  0.0, Sum:  0.0, Workers: 4
[13.159s][debug][gc,phases      ] GC(26)     Dead                           Min: 0, Avg:  0.0, Max: 0, Diff: 0, Sum: 0, Workers: 4
[13.159s][debug][gc,phases      ] GC(26)     Total                          Min: 0, Avg:  0.0, Max: 0, Diff: 0, Sum: 0, Workers: 4
[13.159s][debug][gc,phases      ] GC(26) Weak Processing 0.292ms
[13.159s][debug][gc,age         ] GC(26) Desired survivor size 281018368 bytes, new threshold 15 (max threshold 15)
[13.159s][info ][gc,heap        ] GC(26) PSYoungGen: 1599555K(1809920K)->99941K(1822720K) Eden: 1522688K(1522688K)->0K(1539072K) From: 76867K(287232K)->99941K(283648K)
[13.159s][info ][gc,heap        ] GC(26) ParOldGen: 185934K(278528K)->189044K(278528K)
[13.159s][info ][gc,metaspace   ] GC(26) Metaspace: 65996K(66816K)->65996K(66816K) NonClass: 56330K(56768K)->56330K(56768K) Class: 9666K(10048K)->9666K(10048K)
[13.159s][info ][gc             ] GC(26) Pause Young (Allocation Failure) 1743M->282M(2052M) 40.343ms
[13.159s][info ][gc,cpu         ] GC(26) User=0.17s Sys=0.00s Real=0.04s
[13.159s][info ][safepoint      ] Safepoint "ParallelGCFailedAllocation", Time since last: 292992734 ns, Reaching safepoint: 119600 ns, At safepoint: 40453529 ns, Total: 40573129 ns
[13.423s][info ][gc,start       ] GC(27) Pause Young (Allocation Failure)
[13.512s][debug][gc,phases      ] GC(27) Scavenge 89.253ms
[13.512s][debug][gc,ref         ] GC(27) Skipped phase 1 of Reference Processing: no references
[13.512s][debug][gc,ref         ] GC(27) ReferenceProcessor::execute queues: 1, RefProcThreadModel::Single, marks_oops_alive: false
[13.512s][debug][gc,ref         ] GC(27) Skipped phase 3 of Reference Processing: no references
[13.512s][debug][gc,ref         ] GC(27) Skipped phase 4 of Reference Processing: no references
[13.512s][debug][gc,phases      ] GC(27) Reference Processing 0.170ms
[13.512s][debug][gc,phases      ] GC(27)   VM Weak                        Min:  0.0, Avg:  0.0, Max:  0.0, Diff:  0.0, Sum:  0.0, Workers: 4
[13.512s][debug][gc,phases      ] GC(27)     Dead                           Min: 0, Avg:  0.0, Max: 0, Diff: 0, Sum: 0, Workers: 4
[13.512s][debug][gc,phases      ] GC(27)     Total                          Min: 0, Avg: 142.8, Max: 384, Diff: 384, Sum: 571, Workers: 4
[13.512s][debug][gc,phases      ] GC(27)   ObjectSynchronizer Weak        Min:  0.0, Avg:  0.0, Max:  0.0, Diff:  0.0, Sum:  0.0, Workers: 4
[13.512s][debug][gc,phases      ] GC(27)     Dead                           Min: 0, Avg:  0.0, Max: 0, Diff: 0, Sum: 0, Workers: 4
[13.512s][debug][gc,phases      ] GC(27)     Total                          Min: 0, Avg: 87.8, Max: 192, Diff: 192, Sum: 351, Workers: 4
[13.512s][debug][gc,phases      ] GC(27)   JVMTI Tag Weak OopStorage      Min:  0.0, Avg:  0.0, Max:  0.0, Diff:  0.0, Sum:  0.0, Workers: 4
[13.512s][debug][gc,phases      ] GC(27)     Dead                           Min: 0, Avg:  0.0, Max: 0, Diff: 0, Sum: 0, Workers: 4
[13.512s][debug][gc,phases      ] GC(27)     Total                          Min: 0, Avg:  0.0, Max: 0, Diff: 0, Sum: 0, Workers: 4
[13.512s][debug][gc,phases      ] GC(27)   StringTable Weak               Min:  0.1, Avg:  0.1, Max:  0.1, Diff:  0.0, Sum:  0.4, Workers: 4
[13.512s][debug][gc,phases      ] GC(27)     Dead                           Min: 0, Avg:  2.8, Max: 11, Diff: 11, Sum: 11, Workers: 4
[13.512s][debug][gc,phases      ] GC(27)     Total                          Min: 8448, Avg: 10556.0, Max: 11776, Diff: 3328, Sum: 42224, Workers: 4
[13.512s][debug][gc,phases      ] GC(27)   ResolvedMethodTable Weak       Min:  0.0, Avg:  0.0, Max:  0.0, Diff:  0.0, Sum:  0.1, Workers: 4
[13.512s][debug][gc,phases      ] GC(27)     Dead                           Min: 0, Avg:  0.0, Max: 0, Diff: 0, Sum: 0, Workers: 4
[13.512s][debug][gc,phases      ] GC(27)     Total                          Min: 1471, Avg: 1663.8, Max: 1728, Diff: 257, Sum: 6655, Workers: 4
[13.512s][debug][gc,phases      ] GC(27)   JNI Weak                       Min:  0.0, Avg:  0.0, Max:  0.0, Diff:  0.0, Sum:  0.0, Workers: 4
[13.512s][debug][gc,phases      ] GC(27)     Dead                           Min: 0, Avg:  0.0, Max: 0, Diff: 0, Sum: 0, Workers: 4
[13.512s][debug][gc,phases      ] GC(27)     Total                          Min: 0, Avg:  1.0, Max: 4, Diff: 4, Sum: 4, Workers: 4
[13.512s][debug][gc,phases      ] GC(27)   StringDedup Table Weak         Min:  0.0, Avg:  0.0, Max:  0.0, Diff:  0.0, Sum:  0.0, Workers: 4
[13.512s][debug][gc,phases      ] GC(27)     Dead                           Min: 0, Avg:  0.0, Max: 0, Diff: 0, Sum: 0, Workers: 4
[13.512s][debug][gc,phases      ] GC(27)     Total                          Min: 0, Avg:  0.0, Max: 0, Diff: 0, Sum: 0, Workers: 4
[13.512s][debug][gc,phases      ] GC(27)   StringDedup Requests0 Weak     Min:  0.0, Avg:  0.0, Max:  0.0, Diff:  0.0, Sum:  0.0, Workers: 4
[13.512s][debug][gc,phases      ] GC(27)     Dead                           Min: 0, Avg:  0.0, Max: 0, Diff: 0, Sum: 0, Workers: 4
[13.512s][debug][gc,phases      ] GC(27)     Total                          Min: 0, Avg:  0.0, Max: 0, Diff: 0, Sum: 0, Workers: 4
[13.512s][debug][gc,phases      ] GC(27)   StringDedup Requests1 Weak     Min:  0.0, Avg:  0.0, Max:  0.0, Diff:  0.0, Sum:  0.0, Workers: 4
[13.512s][debug][gc,phases      ] GC(27)     Dead                           Min: 0, Avg:  0.0, Max: 0, Diff: 0, Sum: 0, Workers: 4
[13.512s][debug][gc,phases      ] GC(27)     Total                          Min: 0, Avg:  0.0, Max: 0, Diff: 0, Sum: 0, Workers: 4
[13.512s][debug][gc,phases      ] GC(27)   Weak JFR Old Object Samples    Min:  0.0, Avg:  0.0, Max:  0.0, Diff:  0.0, Sum:  0.0, Workers: 4
[13.512s][debug][gc,phases      ] GC(27)     Dead                           Min: 0, Avg:  0.0, Max: 0, Diff: 0, Sum: 0, Workers: 4
[13.512s][debug][gc,phases      ] GC(27)     Total                          Min: 0, Avg:  0.0, Max: 0, Diff: 0, Sum: 0, Workers: 4
[13.512s][debug][gc,phases      ] GC(27) Weak Processing 0.288ms
[13.512s][debug][gc,age         ] GC(27) Desired survivor size 293601280 bytes, new threshold 15 (max threshold 15)
[13.512s][info ][gc,heap        ] GC(27) PSYoungGen: 1639013K(1822720K)->203125K(1742336K) Eden: 1539072K(1539072K)->0K(1539072K) From: 99941K(283648K)->203125K(203264K)
[13.512s][info ][gc,heap        ] GC(27) ParOldGen: 189044K(278528K)->191860K(278528K)
[13.512s][info ][gc,metaspace   ] GC(27) Metaspace: 65998K(66816K)->65998K(66816K) NonClass: 56332K(56768K)->56332K(56768K) Class: 9666K(10048K)->9666K(10048K)
[13.512s][info ][gc             ] GC(27) Pause Young (Allocation Failure) 1785M->385M(1973M) 89.840ms
[13.512s][info ][gc,cpu         ] GC(27) User=0.35s Sys=0.00s Real=0.09s
[13.513s][info ][safepoint      ] Safepoint "ParallelGCFailedAllocation", Time since last: 263054939 ns, Reaching safepoint: 123500 ns, At safepoint: 89946587 ns, Total: 90070087 ns
[13.802s][info ][safepoint      ] Safepoint "ICBufferFull", Time since last: 288814021 ns, Reaching safepoint: 195901 ns, At safepoint: 31200 ns, Total: 227101 ns
[13.823s][info ][gc,start       ] GC(28) Pause Young (Allocation Failure)
[13.986s][debug][gc,phases      ] GC(28) Scavenge 162.760ms
[13.986s][debug][gc,ref         ] GC(28) Skipped phase 1 of Reference Processing: no references
[13.986s][debug][gc,ref         ] GC(28) ReferenceProcessor::execute queues: 1, RefProcThreadModel::Single, marks_oops_alive: false
[13.986s][debug][gc,ref         ] GC(28) Skipped phase 3 of Reference Processing: no references
[13.986s][debug][gc,ref         ] GC(28) ReferenceProcessor::execute queues: 1, RefProcThreadModel::Single, marks_oops_alive: false
[13.986s][debug][gc,phases      ] GC(28) Reference Processing 0.183ms
[13.986s][debug][gc,phases      ] GC(28)   VM Weak                        Min:  0.0, Avg:  0.0, Max:  0.0, Diff:  0.0, Sum:  0.0, Workers: 4
[13.986s][debug][gc,phases      ] GC(28)     Dead                           Min: 0, Avg:  0.0, Max: 0, Diff: 0, Sum: 0, Workers: 4
[13.986s][debug][gc,phases      ] GC(28)     Total                          Min: 0, Avg: 145.2, Max: 389, Diff: 389, Sum: 581, Workers: 4
[13.986s][debug][gc,phases      ] GC(28)   ObjectSynchronizer Weak        Min:  0.0, Avg:  0.0, Max:  0.0, Diff:  0.0, Sum:  0.0, Workers: 4
[13.986s][debug][gc,phases      ] GC(28)     Dead                           Min: 0, Avg:  0.0, Max: 0, Diff: 0, Sum: 0, Workers: 4
[13.986s][debug][gc,phases      ] GC(28)     Total                          Min: 0, Avg: 87.8, Max: 159, Diff: 159, Sum: 351, Workers: 4
[13.986s][debug][gc,phases      ] GC(28)   JVMTI Tag Weak OopStorage      Min:  0.0, Avg:  0.0, Max:  0.0, Diff:  0.0, Sum:  0.0, Workers: 4
[13.986s][debug][gc,phases      ] GC(28)     Dead                           Min: 0, Avg:  0.0, Max: 0, Diff: 0, Sum: 0, Workers: 4
[13.986s][debug][gc,phases      ] GC(28)     Total                          Min: 0, Avg:  0.0, Max: 0, Diff: 0, Sum: 0, Workers: 4
[13.986s][debug][gc,phases      ] GC(28)   StringTable Weak               Min:  0.1, Avg:  0.1, Max:  0.1, Diff:  0.0, Sum:  0.3, Workers: 4
[13.986s][debug][gc,phases      ] GC(28)     Dead                           Min: 0, Avg:  4.2, Max: 15, Diff: 15, Sum: 17, Workers: 4
[13.986s][debug][gc,phases      ] GC(28)     Total                          Min: 7680, Avg: 10595.8, Max: 12352, Diff: 4672, Sum: 42383, Workers: 4
[13.986s][debug][gc,phases      ] GC(28)   ResolvedMethodTable Weak       Min:  0.0, Avg:  0.0, Max:  0.0, Diff:  0.0, Sum:  0.1, Workers: 4
[13.986s][debug][gc,phases      ] GC(28)     Dead                           Min: 0, Avg:  9.0, Max: 26, Diff: 26, Sum: 36, Workers: 4
[13.986s][debug][gc,phases      ] GC(28)     Total                          Min: 1152, Avg: 1703.5, Max: 2112, Diff: 960, Sum: 6814, Workers: 4
[13.986s][debug][gc,phases      ] GC(28)   JNI Weak                       Min:  0.0, Avg:  0.0, Max:  0.0, Diff:  0.0, Sum:  0.0, Workers: 4
[13.986s][debug][gc,phases      ] GC(28)     Dead                           Min: 0, Avg:  0.0, Max: 0, Diff: 0, Sum: 0, Workers: 4
[13.986s][debug][gc,phases      ] GC(28)     Total                          Min: 0, Avg:  2.0, Max: 8, Diff: 8, Sum: 8, Workers: 4
[13.986s][debug][gc,phases      ] GC(28)   StringDedup Table Weak         Min:  0.0, Avg:  0.0, Max:  0.0, Diff:  0.0, Sum:  0.0, Workers: 4
[13.986s][debug][gc,phases      ] GC(28)     Dead                           Min: 0, Avg:  0.0, Max: 0, Diff: 0, Sum: 0, Workers: 4
[13.986s][debug][gc,phases      ] GC(28)     Total                          Min: 0, Avg:  0.0, Max: 0, Diff: 0, Sum: 0, Workers: 4
[13.986s][debug][gc,phases      ] GC(28)   StringDedup Requests0 Weak     Min:  0.0, Avg:  0.0, Max:  0.0, Diff:  0.0, Sum:  0.0, Workers: 4
[13.986s][debug][gc,phases      ] GC(28)     Dead                           Min: 0, Avg:  0.0, Max: 0, Diff: 0, Sum: 0, Workers: 4
[13.986s][debug][gc,phases      ] GC(28)     Total                          Min: 0, Avg:  0.0, Max: 0, Diff: 0, Sum: 0, Workers: 4
[13.986s][debug][gc,phases      ] GC(28)   StringDedup Requests1 Weak     Min:  0.0, Avg:  0.0, Max:  0.0, Diff:  0.0, Sum:  0.0, Workers: 4
[13.986s][debug][gc,phases      ] GC(28)     Dead                           Min: 0, Avg:  0.0, Max: 0, Diff: 0, Sum: 0, Workers: 4
[13.986s][debug][gc,phases      ] GC(28)     Total                          Min: 0, Avg:  0.0, Max: 0, Diff: 0, Sum: 0, Workers: 4
[13.986s][debug][gc,phases      ] GC(28)   Weak JFR Old Object Samples    Min:  0.0, Avg:  0.0, Max:  0.0, Diff:  0.0, Sum:  0.0, Workers: 4
[13.986s][debug][gc,phases      ] GC(28)     Dead                           Min: 0, Avg:  0.0, Max: 0, Diff: 0, Sum: 0, Workers: 4
[13.986s][debug][gc,phases      ] GC(28)     Total                          Min: 0, Avg:  0.0, Max: 0, Diff: 0, Sum: 0, Workers: 4
[13.986s][debug][gc,phases      ] GC(28) Weak Processing 0.262ms
[13.986s][debug][gc,age         ] GC(28) Desired survivor size 353894400 bytes, new threshold 14 (max threshold 15)
[13.986s][info ][gc,heap        ] GC(28) PSYoungGen: 1742197K(1742336K)->286693K(1692672K) Eden: 1539072K(1539072K)->0K(1405952K) From: 203125K(203264K)->286693K(286720K)
[13.986s][info ][gc,heap        ] GC(28) ParOldGen: 191860K(278528K)->242580K(278528K)
[13.986s][info ][gc,metaspace   ] GC(28) Metaspace: 66708K(67456K)->66708K(67456K) NonClass: 56942K(57344K)->56942K(57344K) Class: 9766K(10112K)->9766K(10112K)
[13.986s][info ][gc             ] GC(28) Pause Young (Allocation Failure) 1888M->516M(1925M) 163.323ms
[13.986s][info ][gc,cpu         ] GC(28) User=0.65s Sys=0.00s Real=0.17s
[13.987s][debug][gc,phases      ] GC(29) Pre Compact 0.009ms
[13.987s][info ][gc,start       ] GC(29) Pause Full (Ergonomics)
[13.987s][info ][gc,phases,start] GC(29) Marking Phase
[14.161s][debug][gc,phases      ] GC(29) Par Mark 174.705ms
[14.161s][debug][gc,ref         ] GC(29) Skipped phase 1 of Reference Processing: no references
[14.162s][debug][gc,ref         ] GC(29) ReferenceProcessor::execute queues: 4, RefProcThreadModel::Multi, marks_oops_alive: false
[14.162s][debug][gc,ref         ] GC(29) Skipped phase 3 of Reference Processing: no references
[14.162s][debug][gc,ref         ] GC(29) ReferenceProcessor::execute queues: 1, RefProcThreadModel::Single, marks_oops_alive: false
[14.162s][debug][gc,phases      ] GC(29) Reference Processing 0.573ms
[14.162s][debug][gc,phases      ] GC(29)   VM Weak                        Min:  0.0, Avg:  0.0, Max:  0.0, Diff:  0.0, Sum:  0.0, Workers: 4
[14.162s][debug][gc,phases      ] GC(29)     Dead                           Min: 0, Avg:  0.0, Max: 0, Diff: 0, Sum: 0, Workers: 4
[14.162s][debug][gc,phases      ] GC(29)     Total                          Min: 0, Avg: 145.2, Max: 384, Diff: 384, Sum: 581, Workers: 4
[14.162s][debug][gc,phases      ] GC(29)   ObjectSynchronizer Weak        Min:  0.0, Avg:  0.0, Max:  0.0, Diff:  0.0, Sum:  0.0, Workers: 4
[14.162s][debug][gc,phases      ] GC(29)     Dead                           Min: 0, Avg:  0.0, Max: 0, Diff: 0, Sum: 0, Workers: 4
[14.162s][debug][gc,phases      ] GC(29)     Total                          Min: 31, Avg: 87.8, Max: 128, Diff: 97, Sum: 351, Workers: 4
[14.162s][debug][gc,phases      ] GC(29)   JVMTI Tag Weak OopStorage      Min:  0.0, Avg:  0.0, Max:  0.0, Diff:  0.0, Sum:  0.0, Workers: 4
[14.162s][debug][gc,phases      ] GC(29)     Dead                           Min: 0, Avg:  0.0, Max: 0, Diff: 0, Sum: 0, Workers: 4
[14.162s][debug][gc,phases      ] GC(29)     Total                          Min: 0, Avg:  0.0, Max: 0, Diff: 0, Sum: 0, Workers: 4
[14.162s][debug][gc,phases      ] GC(29)   StringTable Weak               Min:  0.1, Avg:  0.1, Max:  0.1, Diff:  0.0, Sum:  0.5, Workers: 4
[14.162s][debug][gc,phases      ] GC(29)     Dead                           Min: 0, Avg:  0.0, Max: 0, Diff: 0, Sum: 0, Workers: 4
[14.162s][debug][gc,phases      ] GC(29)     Total                          Min: 9856, Avg: 10595.8, Max: 11200, Diff: 1344, Sum: 42383, Workers: 4
[14.162s][debug][gc,phases      ] GC(29)   ResolvedMethodTable Weak       Min:  0.0, Avg:  0.0, Max:  0.0, Diff:  0.0, Sum:  0.1, Workers: 4
[14.162s][debug][gc,phases      ] GC(29)     Dead                           Min: 0, Avg:  0.0, Max: 0, Diff: 0, Sum: 0, Workers: 4
[14.162s][debug][gc,phases      ] GC(29)     Total                          Min: 1536, Avg: 1703.5, Max: 1886, Diff: 350, Sum: 6814, Workers: 4
[14.162s][debug][gc,phases      ] GC(29)   JNI Weak                       Min:  0.0, Avg:  0.0, Max:  0.0, Diff:  0.0, Sum:  0.0, Workers: 4
[14.162s][debug][gc,phases      ] GC(29)     Dead                           Min: 0, Avg:  0.0, Max: 0, Diff: 0, Sum: 0, Workers: 4
[14.162s][debug][gc,phases      ] GC(29)     Total                          Min: 0, Avg:  2.0, Max: 8, Diff: 8, Sum: 8, Workers: 4
[14.162s][debug][gc,phases      ] GC(29)   StringDedup Table Weak         Min:  0.0, Avg:  0.0, Max:  0.0, Diff:  0.0, Sum:  0.0, Workers: 4
[14.162s][debug][gc,phases      ] GC(29)     Dead                           Min: 0, Avg:  0.0, Max: 0, Diff: 0, Sum: 0, Workers: 4
[14.162s][debug][gc,phases      ] GC(29)     Total                          Min: 0, Avg:  0.0, Max: 0, Diff: 0, Sum: 0, Workers: 4
[14.162s][debug][gc,phases      ] GC(29)   StringDedup Requests0 Weak     Min:  0.0, Avg:  0.0, Max:  0.0, Diff:  0.0, Sum:  0.0, Workers: 4
[14.162s][debug][gc,phases      ] GC(29)     Dead                           Min: 0, Avg:  0.0, Max: 0, Diff: 0, Sum: 0, Workers: 4
[14.162s][debug][gc,phases      ] GC(29)     Total                          Min: 0, Avg:  0.0, Max: 0, Diff: 0, Sum: 0, Workers: 4
[14.162s][debug][gc,phases      ] GC(29)   StringDedup Requests1 Weak     Min:  0.0, Avg:  0.0, Max:  0.0, Diff:  0.0, Sum:  0.0, Workers: 4
[14.162s][debug][gc,phases      ] GC(29)     Dead                           Min: 0, Avg:  0.0, Max: 0, Diff: 0, Sum: 0, Workers: 4
[14.162s][debug][gc,phases      ] GC(29)     Total                          Min: 0, Avg:  0.0, Max: 0, Diff: 0, Sum: 0, Workers: 4
[14.162s][debug][gc,phases      ] GC(29)   Weak JFR Old Object Samples    Min:  0.0, Avg:  0.0, Max:  0.0, Diff:  0.0, Sum:  0.0, Workers: 4
[14.162s][debug][gc,phases      ] GC(29)     Dead                           Min: 0, Avg:  0.0, Max: 0, Diff: 0, Sum: 0, Workers: 4
[14.162s][debug][gc,phases      ] GC(29)     Total                          Min: 0, Avg:  0.0, Max: 0, Diff: 0, Sum: 0, Workers: 4
[14.162s][debug][gc,phases      ] GC(29) Weak Processing 0.318ms
[14.162s][debug][gc,phases      ] GC(29) ClassLoaderData 0.074ms
[14.162s][debug][gc,phases      ] GC(29) Trigger cleanups 0.001ms
[14.170s][debug][gc,phases      ] GC(29) Class Unloading 7.552ms
[14.170s][info ][gc,phases      ] GC(29) Marking Phase 183.280ms
[14.170s][info ][gc,phases,start] GC(29) Summary Phase
[14.170s][info ][gc,phases      ] GC(29) Summary Phase 0.017ms
[14.170s][info ][gc,phases,start] GC(29) Adjust Roots
[14.176s][info ][gc,phases      ] GC(29) Adjust Roots 6.250ms
[14.176s][info ][gc,phases,start] GC(29) Compaction Phase
[14.734s][info ][gc,phases      ] GC(29) Compaction Phase 557.529ms
[14.734s][info ][gc,phases,start] GC(29) Post Compact
[14.735s][info ][gc,phases      ] GC(29) Post Compact 1.194ms
[14.735s][info ][gc,heap        ] GC(29) PSYoungGen: 286693K(1692672K)->249939K(1692672K) Eden: 0K(1405952K)->0K(1405952K) From: 286693K(286720K)->249939K(286720K)
[14.735s][info ][gc,heap        ] GC(29) ParOldGen: 242580K(278528K)->278440K(386560K)
[14.735s][info ][gc,metaspace   ] GC(29) Metaspace: 66708K(67456K)->66708K(67456K) NonClass: 56942K(57344K)->56942K(57344K) Class: 9766K(10112K)->9766K(10112K)
[14.735s][info ][gc             ] GC(29) Pause Full (Ergonomics) 516M->515M(2030M) 748.514ms
[14.735s][info ][gc,cpu         ] GC(29) User=2.93s Sys=0.01s Real=0.74s
[14.735s][info ][safepoint      ] Safepoint "ParallelGCFailedAllocation", Time since last: 21411568 ns, Reaching safepoint: 114200 ns, At safepoint: 911986508 ns, Total: 912100708 ns
[14.780s][info ][safepoint      ] Safepoint "ICBufferFull", Time since last: 44395642 ns, Reaching safepoint: 117300 ns, At safepoint: 30801 ns, Total: 148101 ns
[14.789s][info ][safepoint      ] Safepoint "ICBufferFull", Time since last: 8963128 ns, Reaching safepoint: 113900 ns, At safepoint: 33401 ns, Total: 147301 ns
[14.801s][info ][safepoint      ] Safepoint "ICBufferFull", Time since last: 12273739 ns, Reaching safepoint: 120900 ns, At safepoint: 24600 ns, Total: 145500 ns
[14.835s][info ][safepoint      ] Safepoint "ICBufferFull", Time since last: 31302900 ns, Reaching safepoint: 2144107 ns, At safepoint: 27500 ns, Total: 2171607 ns
[14.857s][info ][safepoint      ] Safepoint "ICBufferFull", Time since last: 22278571 ns, Reaching safepoint: 115400 ns, At safepoint: 33300 ns, Total: 148700 ns
[14.876s][info ][safepoint      ] Safepoint "ICBufferFull", Time since last: 17054155 ns, Reaching safepoint: 2132007 ns, At safepoint: 27900 ns, Total: 2159907 ns
[14.907s][info ][safepoint      ] Safepoint "ICBufferFull", Time since last: 30416997 ns, Reaching safepoint: 260201 ns, At safepoint: 41000 ns, Total: 301201 ns
[14.948s][info ][safepoint      ] Safepoint "ICBufferFull", Time since last: 40896230 ns, Reaching safepoint: 108700 ns, At safepoint: 23101 ns, Total: 131801 ns
[14.950s][info ][safepoint      ] Safepoint "ICBufferFull", Time since last: 2054006 ns, Reaching safepoint: 92900 ns, At safepoint: 26200 ns, Total: 119100 ns
[14.955s][info ][safepoint      ] Safepoint "ICBufferFull", Time since last: 4220414 ns, Reaching safepoint: 100400 ns, At safepoint: 26100 ns, Total: 126500 ns
[14.966s][info ][safepoint      ] Safepoint "ICBufferFull", Time since last: 11292636 ns, Reaching safepoint: 109801 ns, At safepoint: 28800 ns, Total: 138601 ns
[14.990s][info ][safepoint      ] Safepoint "ICBufferFull", Time since last: 24259977 ns, Reaching safepoint: 153301 ns, At safepoint: 27600 ns, Total: 180901 ns
[15.001s][info ][safepoint      ] Safepoint "ICBufferFull", Time since last: 8339826 ns, Reaching safepoint: 2092707 ns, At safepoint: 35300 ns, Total: 2128007 ns
[15.002s][info ][safepoint      ] Safepoint "ICBufferFull", Time since last: 698402 ns, Reaching safepoint: 96901 ns, At safepoint: 24000 ns, Total: 120901 ns
[15.003s][info ][safepoint      ] Safepoint "ICBufferFull", Time since last: 808402 ns, Reaching safepoint: 97701 ns, At safepoint: 22800 ns, Total: 120501 ns
[15.004s][info ][safepoint      ] Safepoint "ICBufferFull", Time since last: 801002 ns, Reaching safepoint: 105801 ns, At safepoint: 26600 ns, Total: 132401 ns
[15.005s][info ][safepoint      ] Safepoint "ICBufferFull", Time since last: 872503 ns, Reaching safepoint: 97300 ns, At safepoint: 20700 ns, Total: 118000 ns
[15.005s][info ][safepoint      ] Safepoint "ICBufferFull", Time since last: 777502 ns, Reaching safepoint: 100401 ns, At safepoint: 19700 ns, Total: 120101 ns
[15.007s][info ][safepoint      ] Safepoint "ICBufferFull", Time since last: 1088603 ns, Reaching safepoint: 100201 ns, At safepoint: 24300 ns, Total: 124501 ns
[15.008s][info ][safepoint      ] Safepoint "ICBufferFull", Time since last: 811602 ns, Reaching safepoint: 98401 ns, At safepoint: 25200 ns, Total: 123601 ns
[15.009s][info ][safepoint      ] Safepoint "ICBufferFull", Time since last: 911803 ns, Reaching safepoint: 88200 ns, At safepoint: 23500 ns, Total: 111700 ns
[15.010s][info ][safepoint      ] Safepoint "ICBufferFull", Time since last: 1217204 ns, Reaching safepoint: 88700 ns, At safepoint: 20800 ns, Total: 109500 ns
[15.012s][info ][safepoint      ] Safepoint "ICBufferFull", Time since last: 1487605 ns, Reaching safepoint: 87400 ns, At safepoint: 18900 ns, Total: 106300 ns
[15.014s][info ][safepoint      ] Safepoint "ICBufferFull", Time since last: 2418608 ns, Reaching safepoint: 89300 ns, At safepoint: 25500 ns, Total: 114800 ns
[15.016s][info ][safepoint      ] Safepoint "ICBufferFull", Time since last: 1419205 ns, Reaching safepoint: 90300 ns, At safepoint: 24100 ns, Total: 114400 ns
[15.076s][info ][gc,start       ] GC(30) Pause Young (Allocation Failure)
[15.181s][debug][gc,phases      ] GC(30) Scavenge 104.977ms
[15.181s][debug][gc,ref         ] GC(30) Skipped phase 1 of Reference Processing: no references
[15.181s][debug][gc,ref         ] GC(30) ReferenceProcessor::execute queues: 1, RefProcThreadModel::Single, marks_oops_alive: false
[15.181s][debug][gc,ref         ] GC(30) Skipped phase 3 of Reference Processing: no references
[15.181s][debug][gc,ref         ] GC(30) ReferenceProcessor::execute queues: 1, RefProcThreadModel::Single, marks_oops_alive: false
[15.181s][debug][gc,phases      ] GC(30) Reference Processing 0.119ms
[15.181s][debug][gc,phases      ] GC(30)   VM Weak                        Min:  0.0, Avg:  0.0, Max:  0.0, Diff:  0.0, Sum:  0.0, Workers: 4
[15.181s][debug][gc,phases      ] GC(30)     Dead                           Min: 0, Avg:  0.0, Max: 0, Diff: 0, Sum: 0, Workers: 4
[15.181s][debug][gc,phases      ] GC(30)     Total                          Min: 0, Avg: 146.2, Max: 329, Diff: 329, Sum: 585, Workers: 4
[15.181s][debug][gc,phases      ] GC(30)   ObjectSynchronizer Weak        Min:  0.0, Avg:  0.0, Max:  0.0, Diff:  0.0, Sum:  0.0, Workers: 4
[15.181s][debug][gc,phases      ] GC(30)     Dead                           Min: 0, Avg:  0.0, Max: 0, Diff: 0, Sum: 0, Workers: 4
[15.181s][debug][gc,phases      ] GC(30)     Total                          Min: 0, Avg: 87.8, Max: 192, Diff: 192, Sum: 351, Workers: 4
[15.181s][debug][gc,phases      ] GC(30)   JVMTI Tag Weak OopStorage      Min:  0.0, Avg:  0.0, Max:  0.0, Diff:  0.0, Sum:  0.0, Workers: 4
[15.181s][debug][gc,phases      ] GC(30)     Dead                           Min: 0, Avg:  0.0, Max: 0, Diff: 0, Sum: 0, Workers: 4
[15.181s][debug][gc,phases      ] GC(30)     Total                          Min: 0, Avg:  0.0, Max: 0, Diff: 0, Sum: 0, Workers: 4
[15.181s][debug][gc,phases      ] GC(30)   StringTable Weak               Min:  0.1, Avg:  0.1, Max:  0.1, Diff:  0.0, Sum:  0.3, Workers: 4
[15.181s][debug][gc,phases      ] GC(30)     Dead                           Min: 0, Avg:  3.5, Max: 13, Diff: 13, Sum: 14, Workers: 4
[15.181s][debug][gc,phases      ] GC(30)     Total                          Min: 7488, Avg: 10629.8, Max: 12055, Diff: 4567, Sum: 42519, Workers: 4
[15.181s][debug][gc,phases      ] GC(30)   ResolvedMethodTable Weak       Min:  0.0, Avg:  0.0, Max:  0.0, Diff:  0.0, Sum:  0.1, Workers: 4
[15.181s][debug][gc,phases      ] GC(30)     Dead                           Min: 0, Avg:  0.0, Max: 0, Diff: 0, Sum: 0, Workers: 4
[15.181s][debug][gc,phases      ] GC(30)     Total                          Min: 1344, Avg: 1728.5, Max: 1920, Diff: 576, Sum: 6914, Workers: 4
[15.181s][debug][gc,phases      ] GC(30)   JNI Weak                       Min:  0.0, Avg:  0.0, Max:  0.0, Diff:  0.0, Sum:  0.0, Workers: 4
[15.181s][debug][gc,phases      ] GC(30)     Dead                           Min: 0, Avg:  0.0, Max: 0, Diff: 0, Sum: 0, Workers: 4
[15.181s][debug][gc,phases      ] GC(30)     Total                          Min: 0, Avg:  0.8, Max: 3, Diff: 3, Sum: 3, Workers: 4
[15.181s][debug][gc,phases      ] GC(30)   StringDedup Table Weak         Min:  0.0, Avg:  0.0, Max:  0.0, Diff:  0.0, Sum:  0.0, Workers: 4
[15.181s][debug][gc,phases      ] GC(30)     Dead                           Min: 0, Avg:  0.0, Max: 0, Diff: 0, Sum: 0, Workers: 4
[15.181s][debug][gc,phases      ] GC(30)     Total                          Min: 0, Avg:  0.0, Max: 0, Diff: 0, Sum: 0, Workers: 4
[15.181s][debug][gc,phases      ] GC(30)   StringDedup Requests0 Weak     Min:  0.0, Avg:  0.0, Max:  0.0, Diff:  0.0, Sum:  0.0, Workers: 4
[15.181s][debug][gc,phases      ] GC(30)     Dead                           Min: 0, Avg:  0.0, Max: 0, Diff: 0, Sum: 0, Workers: 4
[15.181s][debug][gc,phases      ] GC(30)     Total                          Min: 0, Avg:  0.0, Max: 0, Diff: 0, Sum: 0, Workers: 4
[15.181s][debug][gc,phases      ] GC(30)   StringDedup Requests1 Weak     Min:  0.0, Avg:  0.0, Max:  0.0, Diff:  0.0, Sum:  0.0, Workers: 4
[15.181s][debug][gc,phases      ] GC(30)     Dead                           Min: 0, Avg:  0.0, Max: 0, Diff: 0, Sum: 0, Workers: 4
[15.181s][debug][gc,phases      ] GC(30)     Total                          Min: 0, Avg:  0.0, Max: 0, Diff: 0, Sum: 0, Workers: 4
[15.181s][debug][gc,phases      ] GC(30)   Weak JFR Old Object Samples    Min:  0.0, Avg:  0.0, Max:  0.0, Diff:  0.0, Sum:  0.0, Workers: 4
[15.181s][debug][gc,phases      ] GC(30)     Dead                           Min: 0, Avg:  0.0, Max: 0, Diff: 0, Sum: 0, Workers: 4
[15.181s][debug][gc,phases      ] GC(30)     Total                          Min: 0, Avg:  0.0, Max: 0, Diff: 0, Sum: 0, Workers: 4
[15.181s][debug][gc,phases      ] GC(30) Weak Processing 0.251ms
[15.181s][debug][gc,age         ] GC(30) Desired survivor size 370147328 bytes, new threshold 15 (max threshold 15)
[15.181s][info ][gc,heap        ] GC(30) PSYoungGen: 1655891K(1692672K)->251296K(1657344K) Eden: 1405952K(1405952K)->0K(1405952K) From: 249939K(286720K)->251296K(251392K)
[15.181s][info ][gc,heap        ] GC(30) ParOldGen: 278440K(386560K)->278440K(386560K)
[15.181s][info ][gc,metaspace   ] GC(30) Metaspace: 67250K(67968K)->67250K(67968K) NonClass: 57404K(57792K)->57404K(57792K) Class: 9846K(10176K)->9846K(10176K)
[15.181s][info ][gc             ] GC(30) Pause Young (Allocation Failure) 1888M->517M(1996M) 105.482ms
[15.181s][info ][gc,cpu         ] GC(30) User=0.41s Sys=0.01s Real=0.11s
[15.181s][info ][safepoint      ] Safepoint "ParallelGCFailedAllocation", Time since last: 60070492 ns, Reaching safepoint: 139000 ns, At safepoint: 105576037 ns, Total: 105715037 ns
[15.256s][info ][safepoint      ] Safepoint "ICBufferFull", Time since last: 74165437 ns, Reaching safepoint: 404601 ns, At safepoint: 25000 ns, Total: 429601 ns
[15.303s][info ][safepoint      ] Safepoint "ICBufferFull", Time since last: 46487948 ns, Reaching safepoint: 124801 ns, At safepoint: 24900 ns, Total: 149701 ns
[15.431s][info ][gc,start       ] GC(31) Pause Young (Allocation Failure)
[15.536s][debug][gc,phases      ] GC(31) Scavenge 105.451ms
[15.536s][debug][gc,ref         ] GC(31) Skipped phase 1 of Reference Processing: no references
[15.536s][debug][gc,ref         ] GC(31) ReferenceProcessor::execute queues: 1, RefProcThreadModel::Single, marks_oops_alive: false
[15.537s][debug][gc,ref         ] GC(31) Skipped phase 3 of Reference Processing: no references
[15.537s][debug][gc,ref         ] GC(31) ReferenceProcessor::execute queues: 1, RefProcThreadModel::Single, marks_oops_alive: false
[15.537s][debug][gc,phases      ] GC(31) Reference Processing 0.137ms
[15.537s][debug][gc,phases      ] GC(31)   VM Weak                        Min:  0.0, Avg:  0.0, Max:  0.0, Diff:  0.0, Sum:  0.0, Workers: 4
[15.537s][debug][gc,phases      ] GC(31)     Dead                           Min: 0, Avg:  0.0, Max: 0, Diff: 0, Sum: 0, Workers: 4
[15.537s][debug][gc,phases      ] GC(31)     Total                          Min: 0, Avg: 146.2, Max: 585, Diff: 585, Sum: 585, Workers: 4
[15.537s][debug][gc,phases      ] GC(31)   ObjectSynchronizer Weak        Min:  0.0, Avg:  0.0, Max:  0.0, Diff:  0.0, Sum:  0.0, Workers: 4
[15.537s][debug][gc,phases      ] GC(31)     Dead                           Min: 0, Avg:  0.0, Max: 0, Diff: 0, Sum: 0, Workers: 4
[15.537s][debug][gc,phases      ] GC(31)     Total                          Min: 0, Avg: 87.8, Max: 351, Diff: 351, Sum: 351, Workers: 4
[15.537s][debug][gc,phases      ] GC(31)   JVMTI Tag Weak OopStorage      Min:  0.0, Avg:  0.0, Max:  0.0, Diff:  0.0, Sum:  0.0, Workers: 4
[15.537s][debug][gc,phases      ] GC(31)     Dead                           Min: 0, Avg:  0.0, Max: 0, Diff: 0, Sum: 0, Workers: 4
[15.537s][debug][gc,phases      ] GC(31)     Total                          Min: 0, Avg:  0.0, Max: 0, Diff: 0, Sum: 0, Workers: 4
[15.537s][debug][gc,phases      ] GC(31)   StringTable Weak               Min:  0.1, Avg:  0.1, Max:  0.1, Diff:  0.0, Sum:  0.3, Workers: 4
[15.537s][debug][gc,phases      ] GC(31)     Dead                           Min: 0, Avg:  3.0, Max: 11, Diff: 11, Sum: 12, Workers: 4
[15.537s][debug][gc,phases      ] GC(31)     Total                          Min: 9973, Avg: 10646.0, Max: 11456, Diff: 1483, Sum: 42584, Workers: 4
[15.537s][debug][gc,phases      ] GC(31)   ResolvedMethodTable Weak       Min:  0.0, Avg:  0.0, Max:  0.0, Diff:  0.0, Sum:  0.1, Workers: 4
[15.537s][debug][gc,phases      ] GC(31)     Dead                           Min: 0, Avg:  0.0, Max: 0, Diff: 0, Sum: 0, Workers: 4
[15.537s][debug][gc,phases      ] GC(31)     Total                          Min: 1600, Avg: 1753.0, Max: 1855, Diff: 255, Sum: 7012, Workers: 4
[15.537s][debug][gc,phases      ] GC(31)   JNI Weak                       Min:  0.0, Avg:  0.0, Max:  0.0, Diff:  0.0, Sum:  0.0, Workers: 4
[15.537s][debug][gc,phases      ] GC(31)     Dead                           Min: 0, Avg:  0.0, Max: 0, Diff: 0, Sum: 0, Workers: 4
[15.537s][debug][gc,phases      ] GC(31)     Total                          Min: 0, Avg:  0.0, Max: 0, Diff: 0, Sum: 0, Workers: 4
[15.537s][debug][gc,phases      ] GC(31)   StringDedup Table Weak         Min:  0.0, Avg:  0.0, Max:  0.0, Diff:  0.0, Sum:  0.0, Workers: 4
[15.537s][debug][gc,phases      ] GC(31)     Dead                           Min: 0, Avg:  0.0, Max: 0, Diff: 0, Sum: 0, Workers: 4
[15.537s][debug][gc,phases      ] GC(31)     Total                          Min: 0, Avg:  0.0, Max: 0, Diff: 0, Sum: 0, Workers: 4
[15.537s][debug][gc,phases      ] GC(31)   StringDedup Requests0 Weak     Min:  0.0, Avg:  0.0, Max:  0.0, Diff:  0.0, Sum:  0.0, Workers: 4
[15.537s][debug][gc,phases      ] GC(31)     Dead                           Min: 0, Avg:  0.0, Max: 0, Diff: 0, Sum: 0, Workers: 4
[15.537s][debug][gc,phases      ] GC(31)     Total                          Min: 0, Avg:  0.0, Max: 0, Diff: 0, Sum: 0, Workers: 4
[15.537s][debug][gc,phases      ] GC(31)   StringDedup Requests1 Weak     Min:  0.0, Avg:  0.0, Max:  0.0, Diff:  0.0, Sum:  0.0, Workers: 4
[15.537s][debug][gc,phases      ] GC(31)     Dead                           Min: 0, Avg:  0.0, Max: 0, Diff: 0, Sum: 0, Workers: 4
[15.537s][debug][gc,phases      ] GC(31)     Total                          Min: 0, Avg:  0.0, Max: 0, Diff: 0, Sum: 0, Workers: 4
[15.537s][debug][gc,phases      ] GC(31)   Weak JFR Old Object Samples    Min:  0.0, Avg:  0.0, Max:  0.0, Diff:  0.0, Sum:  0.0, Workers: 4
[15.537s][debug][gc,phases      ] GC(31)     Dead                           Min: 0, Avg:  0.0, Max: 0, Diff: 0, Sum: 0, Workers: 4
[15.537s][debug][gc,phases      ] GC(31)     Total                          Min: 0, Avg:  0.0, Max: 0, Diff: 0, Sum: 0, Workers: 4
[15.537s][debug][gc,phases      ] GC(31) Weak Processing 0.234ms
[15.537s][debug][gc,age         ] GC(31) Desired survivor size 382205952 bytes, new threshold 15 (max threshold 15)
[15.537s][info ][gc,heap        ] GC(31) PSYoungGen: 1657248K(1657344K)->252576K(1712128K) Eden: 1405952K(1405952K)->0K(1350656K) From: 251296K(251392K)->252576K(361472K)
[15.537s][info ][gc,heap        ] GC(31) ParOldGen: 278440K(386560K)->278448K(386560K)
[15.537s][info ][gc,metaspace   ] GC(31) Metaspace: 67475K(68288K)->67475K(68288K) NonClass: 57584K(58048K)->57584K(58048K) Class: 9890K(10240K)->9890K(10240K)
[15.537s][info ][gc             ] GC(31) Pause Young (Allocation Failure) 1890M->518M(2049M) 105.939ms
[15.537s][info ][gc,cpu         ] GC(31) User=0.38s Sys=0.04s Real=0.11s
[15.537s][info ][safepoint      ] Safepoint "ParallelGCFailedAllocation", Time since last: 128053608 ns, Reaching safepoint: 147901 ns, At safepoint: 106042038 ns, Total: 106189939 ns
[15.646s][info ][safepoint      ] Safepoint "ICBufferFull", Time since last: 109218148 ns, Reaching safepoint: 140101 ns, At safepoint: 27700 ns, Total: 167801 ns
[15.671s][info ][safepoint      ] Safepoint "ICBufferFull", Time since last: 24649978 ns, Reaching safepoint: 125201 ns, At safepoint: 27100 ns, Total: 152301 ns
[15.701s][info ][safepoint      ] Safepoint "ICBufferFull", Time since last: 27607588 ns, Reaching safepoint: 2084007 ns, At safepoint: 30100 ns, Total: 2114107 ns
[15.723s][info ][safepoint      ] Safepoint "ICBufferFull", Time since last: 22414271 ns, Reaching safepoint: 183901 ns, At safepoint: 35600 ns, Total: 219501 ns
[15.733s][info ][safepoint      ] Safepoint "ICBufferFull", Time since last: 6009119 ns, Reaching safepoint: 3139010 ns, At safepoint: 33200 ns, Total: 3172210 ns
[15.739s][info ][safepoint      ] Safepoint "ICBufferFull", Time since last: 6266320 ns, Reaching safepoint: 99101 ns, At safepoint: 29000 ns, Total: 128101 ns
[15.754s][info ][safepoint      ] Safepoint "ICBufferFull", Time since last: 14526546 ns, Reaching safepoint: 106800 ns, At safepoint: 28500 ns, Total: 135300 ns
[15.775s][info ][safepoint      ] Safepoint "ICBufferFull", Time since last: 20846667 ns, Reaching safepoint: 113500 ns, At safepoint: 30600 ns, Total: 144100 ns
[15.792s][info ][safepoint      ] Safepoint "ICBufferFull", Time since last: 17007855 ns, Reaching safepoint: 111500 ns, At safepoint: 28700 ns, Total: 140200 ns
[15.806s][info ][safepoint      ] Safepoint "ICBufferFull", Time since last: 14336246 ns, Reaching safepoint: 110000 ns, At safepoint: 29100 ns, Total: 139100 ns
[15.821s][info ][safepoint      ] Safepoint "ICBufferFull", Time since last: 14749547 ns, Reaching safepoint: 102201 ns, At safepoint: 21200 ns, Total: 123401 ns
[15.827s][info ][safepoint      ] Safepoint "ICBufferFull", Time since last: 5821818 ns, Reaching safepoint: 103001 ns, At safepoint: 26400 ns, Total: 129401 ns
[15.831s][info ][gc,start       ] GC(32) Pause Young (Allocation Failure)
[15.931s][debug][gc,phases      ] GC(32) Scavenge 99.700ms
[15.931s][debug][gc,ref         ] GC(32) Skipped phase 1 of Reference Processing: no references
[15.931s][debug][gc,ref         ] GC(32) ReferenceProcessor::execute queues: 1, RefProcThreadModel::Single, marks_oops_alive: false
[15.931s][debug][gc,ref         ] GC(32) Skipped phase 3 of Reference Processing: no references
[15.931s][debug][gc,ref         ] GC(32) ReferenceProcessor::execute queues: 1, RefProcThreadModel::Single, marks_oops_alive: false
[15.931s][debug][gc,phases      ] GC(32) Reference Processing 0.122ms
[15.931s][debug][gc,phases      ] GC(32)   VM Weak                        Min:  0.0, Avg:  0.0, Max:  0.0, Diff:  0.0, Sum:  0.0, Workers: 4
[15.931s][debug][gc,phases      ] GC(32)     Dead                           Min: 0, Avg:  0.0, Max: 0, Diff: 0, Sum: 0, Workers: 4
[15.931s][debug][gc,phases      ] GC(32)     Total                          Min: 0, Avg: 146.2, Max: 384, Diff: 384, Sum: 585, Workers: 4
[15.931s][debug][gc,phases      ] GC(32)   ObjectSynchronizer Weak        Min:  0.0, Avg:  0.0, Max:  0.0, Diff:  0.0, Sum:  0.0, Workers: 4
[15.931s][debug][gc,phases      ] GC(32)     Dead                           Min: 0, Avg:  0.0, Max: 0, Diff: 0, Sum: 0, Workers: 4
[15.931s][debug][gc,phases      ] GC(32)     Total                          Min: 0, Avg: 87.8, Max: 192, Diff: 192, Sum: 351, Workers: 4
[15.931s][debug][gc,phases      ] GC(32)   JVMTI Tag Weak OopStorage      Min:  0.0, Avg:  0.0, Max:  0.0, Diff:  0.0, Sum:  0.0, Workers: 4
[15.931s][debug][gc,phases      ] GC(32)     Dead                           Min: 0, Avg:  0.0, Max: 0, Diff: 0, Sum: 0, Workers: 4
[15.931s][debug][gc,phases      ] GC(32)     Total                          Min: 0, Avg:  0.0, Max: 0, Diff: 0, Sum: 0, Workers: 4
[15.931s][debug][gc,phases      ] GC(32)   StringTable Weak               Min:  0.1, Avg:  0.1, Max:  0.1, Diff:  0.0, Sum:  0.3, Workers: 4
[15.931s][debug][gc,phases      ] GC(32)     Dead                           Min: 0, Avg:  2.8, Max: 11, Diff: 11, Sum: 11, Workers: 4
[15.931s][debug][gc,phases      ] GC(32)     Total                          Min: 8951, Avg: 10653.8, Max: 12480, Diff: 3529, Sum: 42615, Workers: 4
[15.931s][debug][gc,phases      ] GC(32)   ResolvedMethodTable Weak       Min:  0.0, Avg:  0.0, Max:  0.0, Diff:  0.0, Sum:  0.1, Workers: 4
[15.931s][debug][gc,phases      ] GC(32)     Dead                           Min: 0, Avg:  0.0, Max: 0, Diff: 0, Sum: 0, Workers: 4
[15.931s][debug][gc,phases      ] GC(32)     Total                          Min: 1408, Avg: 1758.8, Max: 2176, Diff: 768, Sum: 7035, Workers: 4
[15.931s][debug][gc,phases      ] GC(32)   JNI Weak                       Min:  0.0, Avg:  0.0, Max:  0.0, Diff:  0.0, Sum:  0.0, Workers: 4
[15.931s][debug][gc,phases      ] GC(32)     Dead                           Min: 0, Avg:  0.0, Max: 0, Diff: 0, Sum: 0, Workers: 4
[15.931s][debug][gc,phases      ] GC(32)     Total                          Min: 0, Avg:  0.2, Max: 1, Diff: 1, Sum: 1, Workers: 4
[15.931s][debug][gc,phases      ] GC(32)   StringDedup Table Weak         Min:  0.0, Avg:  0.0, Max:  0.0, Diff:  0.0, Sum:  0.0, Workers: 4
[15.931s][debug][gc,phases      ] GC(32)     Dead                           Min: 0, Avg:  0.0, Max: 0, Diff: 0, Sum: 0, Workers: 4
[15.931s][debug][gc,phases      ] GC(32)     Total                          Min: 0, Avg:  0.0, Max: 0, Diff: 0, Sum: 0, Workers: 4
[15.931s][debug][gc,phases      ] GC(32)   StringDedup Requests0 Weak     Min:  0.0, Avg:  0.0, Max:  0.0, Diff:  0.0, Sum:  0.0, Workers: 4
[15.931s][debug][gc,phases      ] GC(32)     Dead                           Min: 0, Avg:  0.0, Max: 0, Diff: 0, Sum: 0, Workers: 4
[15.931s][debug][gc,phases      ] GC(32)     Total                          Min: 0, Avg:  0.0, Max: 0, Diff: 0, Sum: 0, Workers: 4
[15.931s][debug][gc,phases      ] GC(32)   StringDedup Requests1 Weak     Min:  0.0, Avg:  0.0, Max:  0.0, Diff:  0.0, Sum:  0.0, Workers: 4
[15.931s][debug][gc,phases      ] GC(32)     Dead                           Min: 0, Avg:  0.0, Max: 0, Diff: 0, Sum: 0, Workers: 4
[15.931s][debug][gc,phases      ] GC(32)     Total                          Min: 0, Avg:  0.0, Max: 0, Diff: 0, Sum: 0, Workers: 4
[15.931s][debug][gc,phases      ] GC(32)   Weak JFR Old Object Samples    Min:  0.0, Avg:  0.0, Max:  0.0, Diff:  0.0, Sum:  0.0, Workers: 4
[15.931s][debug][gc,phases      ] GC(32)     Dead                           Min: 0, Avg:  0.0, Max: 0, Diff: 0, Sum: 0, Workers: 4
[15.931s][debug][gc,phases      ] GC(32)     Total                          Min: 0, Avg:  0.0, Max: 0, Diff: 0, Sum: 0, Workers: 4
[15.931s][debug][gc,phases      ] GC(32) Weak Processing 0.288ms
[15.931s][debug][gc,age         ] GC(32) Desired survivor size 391118848 bytes, new threshold 15 (max threshold 15)
[15.931s][info ][gc,heap        ] GC(32) PSYoungGen: 1603232K(1712128K)->253184K(1604096K) Eden: 1350656K(1350656K)->0K(1350656K) From: 252576K(361472K)->253184K(253440K)
[15.931s][info ][gc,heap        ] GC(32) ParOldGen: 278448K(386560K)->278456K(386560K)
[15.931s][info ][gc,metaspace   ] GC(32) Metaspace: 67577K(68352K)->67577K(68352K) NonClass: 57678K(58112K)->57678K(58112K) Class: 9898K(10240K)->9898K(10240K)
[15.931s][info ][gc             ] GC(32) Pause Young (Allocation Failure) 1837M->519M(1944M) 100.220ms
[15.931s][info ][gc,cpu         ] GC(32) User=0.40s Sys=0.00s Real=0.10s
[15.931s][info ][safepoint      ] Safepoint "ParallelGCFailedAllocation", Time since last: 3558811 ns, Reaching safepoint: 103200 ns, At safepoint: 100324820 ns, Total: 100428020 ns
[15.944s][info ][safepoint      ] Safepoint "ICBufferFull", Time since last: 12082439 ns, Reaching safepoint: 826103 ns, At safepoint: 24900 ns, Total: 851003 ns
[15.967s][info ][safepoint      ] Safepoint "ICBufferFull", Time since last: 22452671 ns, Reaching safepoint: 114201 ns, At safepoint: 29900 ns, Total: 144101 ns
[15.999s][info ][safepoint      ] Safepoint "ICBufferFull", Time since last: 29761595 ns, Reaching safepoint: 2146307 ns, At safepoint: 40800 ns, Total: 2187107 ns
[16.017s][info ][safepoint      ] Safepoint "ICBufferFull", Time since last: 18282458 ns, Reaching safepoint: 111900 ns, At safepoint: 31400 ns, Total: 143300 ns
[16.018s][info ][safepoint      ] Safepoint "ICBufferFull", Time since last: 862503 ns, Reaching safepoint: 103201 ns, At safepoint: 29300 ns, Total: 132501 ns
[16.019s][info ][safepoint      ] Safepoint "ICBufferFull", Time since last: 1161203 ns, Reaching safepoint: 98901 ns, At safepoint: 24300 ns, Total: 123201 ns
[16.020s][info ][safepoint      ] Safepoint "ICBufferFull", Time since last: 936703 ns, Reaching safepoint: 109900 ns, At safepoint: 26400 ns, Total: 136300 ns
[16.038s][info ][safepoint      ] Safepoint "ICBufferFull", Time since last: 17470456 ns, Reaching safepoint: 129300 ns, At safepoint: 36400 ns, Total: 165700 ns
[16.069s][info ][safepoint      ] Safepoint "ICBufferFull", Time since last: 26752286 ns, Reaching safepoint: 4263213 ns, At safepoint: 34500 ns, Total: 4297713 ns
[16.074s][info ][safepoint      ] Safepoint "ICBufferFull", Time since last: 4821616 ns, Reaching safepoint: 105800 ns, At safepoint: 30400 ns, Total: 136200 ns
[16.083s][info ][safepoint      ] Safepoint "ICBufferFull", Time since last: 8842229 ns, Reaching safepoint: 562701 ns, At safepoint: 30300 ns, Total: 593001 ns
[16.089s][info ][safepoint      ] Safepoint "ICBufferFull", Time since last: 5055717 ns, Reaching safepoint: 239700 ns, At safepoint: 29100 ns, Total: 268800 ns
[16.112s][info ][safepoint      ] Safepoint "ICBufferFull", Time since last: 20469466 ns, Reaching safepoint: 3148510 ns, At safepoint: 29800 ns, Total: 3178310 ns
[16.132s][info ][safepoint      ] Safepoint "ICBufferFull", Time since last: 11224836 ns, Reaching safepoint: 8457227 ns, At safepoint: 26000 ns, Total: 8483227 ns
[16.141s][info ][safepoint      ] Safepoint "ICBufferFull", Time since last: 8981028 ns, Reaching safepoint: 101001 ns, At safepoint: 25200 ns, Total: 126201 ns
[16.149s][info ][safepoint      ] Safepoint "ICBufferFull", Time since last: 4511414 ns, Reaching safepoint: 3203810 ns, At safepoint: 46901 ns, Total: 3250711 ns
[16.156s][info ][safepoint      ] Safepoint "ICBufferFull", Time since last: 6744821 ns, Reaching safepoint: 99300 ns, At safepoint: 23100 ns, Total: 122400 ns
[16.168s][info ][safepoint      ] Safepoint "ICBufferFull", Time since last: 12155739 ns, Reaching safepoint: 102701 ns, At safepoint: 25800 ns, Total: 128501 ns
[16.191s][info ][safepoint      ] Safepoint "ICBufferFull", Time since last: 22835373 ns, Reaching safepoint: 113300 ns, At safepoint: 26800 ns, Total: 140100 ns
[16.211s][info ][safepoint      ] Safepoint "ICBufferFull", Time since last: 19664263 ns, Reaching safepoint: 325801 ns, At safepoint: 33800 ns, Total: 359601 ns
[16.228s][info ][gc,start       ] GC(33) Pause Young (Allocation Failure)
[16.317s][debug][gc,phases      ] GC(33) Scavenge 88.742ms
[16.317s][debug][gc,ref         ] GC(33) Skipped phase 1 of Reference Processing: no references
[16.317s][debug][gc,ref         ] GC(33) ReferenceProcessor::execute queues: 1, RefProcThreadModel::Single, marks_oops_alive: false
[16.317s][debug][gc,ref         ] GC(33) Skipped phase 3 of Reference Processing: no references
[16.317s][debug][gc,ref         ] GC(33) ReferenceProcessor::execute queues: 1, RefProcThreadModel::Single, marks_oops_alive: false
[16.317s][debug][gc,phases      ] GC(33) Reference Processing 0.141ms
[16.317s][debug][gc,phases      ] GC(33)   VM Weak                        Min:  0.0, Avg:  0.0, Max:  0.0, Diff:  0.0, Sum:  0.0, Workers: 4
[16.317s][debug][gc,phases      ] GC(33)     Dead                           Min: 0, Avg:  0.0, Max: 0, Diff: 0, Sum: 0, Workers: 4
[16.317s][debug][gc,phases      ] GC(33)     Total                          Min: 0, Avg: 146.2, Max: 521, Diff: 521, Sum: 585, Workers: 4
[16.317s][debug][gc,phases      ] GC(33)   ObjectSynchronizer Weak        Min:  0.0, Avg:  0.0, Max:  0.0, Diff:  0.0, Sum:  0.0, Workers: 4
[16.317s][debug][gc,phases      ] GC(33)     Dead                           Min: 0, Avg:  0.0, Max: 0, Diff: 0, Sum: 0, Workers: 4
[16.317s][debug][gc,phases      ] GC(33)     Total                          Min: 0, Avg: 87.8, Max: 223, Diff: 223, Sum: 351, Workers: 4
[16.317s][debug][gc,phases      ] GC(33)   JVMTI Tag Weak OopStorage      Min:  0.0, Avg:  0.0, Max:  0.0, Diff:  0.0, Sum:  0.0, Workers: 4
[16.317s][debug][gc,phases      ] GC(33)     Dead                           Min: 0, Avg:  0.0, Max: 0, Diff: 0, Sum: 0, Workers: 4
[16.317s][debug][gc,phases      ] GC(33)     Total                          Min: 0, Avg:  0.0, Max: 0, Diff: 0, Sum: 0, Workers: 4
[16.317s][debug][gc,phases      ] GC(33)   StringTable Weak               Min:  0.1, Avg:  0.1, Max:  0.1, Diff:  0.0, Sum:  0.3, Workers: 4
[16.317s][debug][gc,phases      ] GC(33)     Dead                           Min: 0, Avg:  0.0, Max: 0, Diff: 0, Sum: 0, Workers: 4
[16.317s][debug][gc,phases      ] GC(33)     Total                          Min: 10109, Avg: 10655.2, Max: 11904, Diff: 1795, Sum: 42621, Workers: 4
[16.317s][debug][gc,phases      ] GC(33)   ResolvedMethodTable Weak       Min:  0.0, Avg:  0.0, Max:  0.0, Diff:  0.0, Sum:  0.0, Workers: 4
[16.317s][debug][gc,phases      ] GC(33)     Dead                           Min: 0, Avg:  0.0, Max: 0, Diff: 0, Sum: 0, Workers: 4
[16.317s][debug][gc,phases      ] GC(33)     Total                          Min: 1664, Avg: 1758.8, Max: 1856, Diff: 192, Sum: 7035, Workers: 4
[16.317s][debug][gc,phases      ] GC(33)   JNI Weak                       Min:  0.0, Avg:  0.0, Max:  0.0, Diff:  0.0, Sum:  0.0, Workers: 4
[16.317s][debug][gc,phases      ] GC(33)     Dead                           Min: 0, Avg:  0.0, Max: 0, Diff: 0, Sum: 0, Workers: 4
[16.317s][debug][gc,phases      ] GC(33)     Total                          Min: 0, Avg:  0.5, Max: 2, Diff: 2, Sum: 2, Workers: 4
[16.317s][debug][gc,phases      ] GC(33)   StringDedup Table Weak         Min:  0.0, Avg:  0.0, Max:  0.0, Diff:  0.0, Sum:  0.0, Workers: 4
[16.317s][debug][gc,phases      ] GC(33)     Dead                           Min: 0, Avg:  0.0, Max: 0, Diff: 0, Sum: 0, Workers: 4
[16.317s][debug][gc,phases      ] GC(33)     Total                          Min: 0, Avg:  0.0, Max: 0, Diff: 0, Sum: 0, Workers: 4
[16.317s][debug][gc,phases      ] GC(33)   StringDedup Requests0 Weak     Min:  0.0, Avg:  0.0, Max:  0.0, Diff:  0.0, Sum:  0.0, Workers: 4
[16.317s][debug][gc,phases      ] GC(33)     Dead                           Min: 0, Avg:  0.0, Max: 0, Diff: 0, Sum: 0, Workers: 4
[16.317s][debug][gc,phases      ] GC(33)     Total                          Min: 0, Avg:  0.0, Max: 0, Diff: 0, Sum: 0, Workers: 4
[16.317s][debug][gc,phases      ] GC(33)   StringDedup Requests1 Weak     Min:  0.0, Avg:  0.0, Max:  0.0, Diff:  0.0, Sum:  0.0, Workers: 4
[16.317s][debug][gc,phases      ] GC(33)     Dead                           Min: 0, Avg:  0.0, Max: 0, Diff: 0, Sum: 0, Workers: 4
[16.317s][debug][gc,phases      ] GC(33)     Total                          Min: 0, Avg:  0.0, Max: 0, Diff: 0, Sum: 0, Workers: 4
[16.317s][debug][gc,phases      ] GC(33)   Weak JFR Old Object Samples    Min:  0.0, Avg:  0.0, Max:  0.0, Diff:  0.0, Sum:  0.0, Workers: 4
[16.317s][debug][gc,phases      ] GC(33)     Dead                           Min: 0, Avg:  0.0, Max: 0, Diff: 0, Sum: 0, Workers: 4
[16.317s][debug][gc,phases      ] GC(33)     Total                          Min: 0, Avg:  0.0, Max: 0, Diff: 0, Sum: 0, Workers: 4
[16.317s][debug][gc,phases      ] GC(33) Weak Processing 0.229ms
[16.317s][debug][gc,age         ] GC(33) Desired survivor size 397410304 bytes, new threshold 15 (max threshold 15)
[16.317s][info ][gc,heap        ] GC(33) PSYoungGen: 1603840K(1604096K)->253328K(1702912K) Eden: 1350656K(1350656K)->0K(1320960K) From: 253184K(253440K)->253328K(381952K)
[16.317s][info ][gc,heap        ] GC(33) ParOldGen: 278456K(386560K)->278464K(386560K)
[16.317s][info ][gc,metaspace   ] GC(33) Metaspace: 67665K(68416K)->67665K(68416K) NonClass: 57767K(58176K)->57767K(58176K) Class: 9898K(10240K)->9898K(10240K)
[16.317s][info ][gc             ] GC(33) Pause Young (Allocation Failure) 1838M->519M(2040M) 89.216ms
[16.317s][info ][gc,cpu         ] GC(33) User=0.36s Sys=0.00s Real=0.09s
[16.317s][info ][safepoint      ] Safepoint "ParallelGCFailedAllocation", Time since last: 16784653 ns, Reaching safepoint: 88601 ns, At safepoint: 89312585 ns, Total: 89401186 ns
[16.337s][info ][safepoint      ] Safepoint "ICBufferFull", Time since last: 19793363 ns, Reaching safepoint: 110500 ns, At safepoint: 35600 ns, Total: 146100 ns
[16.353s][info ][safepoint      ] Safepoint "ICBufferFull", Time since last: 15384649 ns, Reaching safepoint: 103501 ns, At safepoint: 30500 ns, Total: 134001 ns
[16.376s][info ][safepoint      ] Safepoint "ICBufferFull", Time since last: 22665172 ns, Reaching safepoint: 115100 ns, At safepoint: 32001 ns, Total: 147101 ns
[16.382s][info ][safepoint      ] Safepoint "ICBufferFull", Time since last: 4579714 ns, Reaching safepoint: 2109407 ns, At safepoint: 27600 ns, Total: 2137007 ns
[16.389s][info ][safepoint      ] Safepoint "ICBufferFull", Time since last: 7023022 ns, Reaching safepoint: 72901 ns, At safepoint: 28800 ns, Total: 101701 ns
[16.396s][info ][safepoint      ] Safepoint "ICBufferFull", Time since last: 5953619 ns, Reaching safepoint: 613202 ns, At safepoint: 26700 ns, Total: 639902 ns
[16.402s][info ][safepoint      ] Safepoint "ICBufferFull", Time since last: 6203920 ns, Reaching safepoint: 101400 ns, At safepoint: 26000 ns, Total: 127400 ns
[16.408s][info ][safepoint      ] Safepoint "ICBufferFull", Time since last: 5098216 ns, Reaching safepoint: 100501 ns, At safepoint: 28300 ns, Total: 128801 ns
[16.412s][info ][safepoint      ] Safepoint "ICBufferFull", Time since last: 4556614 ns, Reaching safepoint: 297101 ns, At safepoint: 27300 ns, Total: 324401 ns
[16.417s][info ][safepoint      ] Safepoint "ICBufferFull", Time since last: 4861316 ns, Reaching safepoint: 98300 ns, At safepoint: 28000 ns, Total: 126300 ns
[16.422s][info ][safepoint      ] Safepoint "ICBufferFull", Time since last: 4241314 ns, Reaching safepoint: 88000 ns, At safepoint: 22000 ns, Total: 110000 ns
[16.444s][info ][safepoint      ] Safepoint "ICBufferFull", Time since last: 21902170 ns, Reaching safepoint: 111500 ns, At safepoint: 29000 ns, Total: 140500 ns
[16.466s][info ][safepoint      ] Safepoint "ICBufferFull", Time since last: 22188271 ns, Reaching safepoint: 108800 ns, At safepoint: 28101 ns, Total: 136901 ns
[16.491s][info ][safepoint      ] Safepoint "ICBufferFull", Time since last: 24905779 ns, Reaching safepoint: 107600 ns, At safepoint: 26000 ns, Total: 133600 ns
[16.512s][info ][safepoint      ] Safepoint "ICBufferFull", Time since last: 20747067 ns, Reaching safepoint: 106700 ns, At safepoint: 27700 ns, Total: 134400 ns
[16.520s][info ][safepoint      ] Safepoint "ICBufferFull", Time since last: 7295723 ns, Reaching safepoint: 108501 ns, At safepoint: 26100 ns, Total: 134601 ns
[16.524s][info ][safepoint      ] Safepoint "ICBufferFull", Time since last: 4537214 ns, Reaching safepoint: 100201 ns, At safepoint: 26500 ns, Total: 126701 ns
[16.540s][info ][safepoint      ] Safepoint "ICBufferFull", Time since last: 15892850 ns, Reaching safepoint: 108201 ns, At safepoint: 23800 ns, Total: 132001 ns
[16.556s][info ][safepoint      ] Safepoint "ICBufferFull", Time since last: 16057551 ns, Reaching safepoint: 97200 ns, At safepoint: 22500 ns, Total: 119700 ns
[16.561s][info ][safepoint      ] Safepoint "ICBufferFull", Time since last: 4061913 ns, Reaching safepoint: 86801 ns, At safepoint: 20500 ns, Total: 107301 ns
[16.565s][info ][safepoint      ] Safepoint "ICBufferFull", Time since last: 4604714 ns, Reaching safepoint: 87801 ns, At safepoint: 26900 ns, Total: 114701 ns
[16.584s][info ][safepoint      ] Safepoint "ICBufferFull", Time since last: 18311158 ns, Reaching safepoint: 105401 ns, At safepoint: 30200 ns, Total: 135601 ns
[16.590s][info ][safepoint      ] Safepoint "ICBufferFull", Time since last: 6602621 ns, Reaching safepoint: 92500 ns, At safepoint: 29200 ns, Total: 121700 ns
[16.595s][info ][safepoint      ] Safepoint "ICBufferFull", Time since last: 4894216 ns, Reaching safepoint: 90300 ns, At safepoint: 32600 ns, Total: 122900 ns
[16.612s][info ][safepoint      ] Safepoint "ICBufferFull", Time since last: 16231052 ns, Reaching safepoint: 101800 ns, At safepoint: 28000 ns, Total: 129800 ns
[16.625s][info ][gc,start       ] GC(34) Pause Young (Allocation Failure)
[16.725s][debug][gc,phases      ] GC(34) Scavenge 99.884ms
[16.725s][debug][gc,ref         ] GC(34) Skipped phase 1 of Reference Processing: no references
[16.725s][debug][gc,ref         ] GC(34) ReferenceProcessor::execute queues: 1, RefProcThreadModel::Single, marks_oops_alive: false
[16.725s][debug][gc,ref         ] GC(34) Skipped phase 3 of Reference Processing: no references
[16.725s][debug][gc,ref         ] GC(34) ReferenceProcessor::execute queues: 1, RefProcThreadModel::Single, marks_oops_alive: false
[16.725s][debug][gc,phases      ] GC(34) Reference Processing 0.124ms
[16.725s][debug][gc,phases      ] GC(34)   VM Weak                        Min:  0.0, Avg:  0.0, Max:  0.0, Diff:  0.0, Sum:  0.0, Workers: 4
[16.725s][debug][gc,phases      ] GC(34)     Dead                           Min: 0, Avg:  0.0, Max: 0, Diff: 0, Sum: 0, Workers: 4
[16.725s][debug][gc,phases      ] GC(34)     Total                          Min: 0, Avg: 146.2, Max: 521, Diff: 521, Sum: 585, Workers: 4
[16.725s][debug][gc,phases      ] GC(34)   ObjectSynchronizer Weak        Min:  0.0, Avg:  0.0, Max:  0.0, Diff:  0.0, Sum:  0.0, Workers: 4
[16.725s][debug][gc,phases      ] GC(34)     Dead                           Min: 0, Avg:  0.0, Max: 0, Diff: 0, Sum: 0, Workers: 4
[16.725s][debug][gc,phases      ] GC(34)     Total                          Min: 0, Avg: 87.8, Max: 223, Diff: 223, Sum: 351, Workers: 4
[16.725s][debug][gc,phases      ] GC(34)   JVMTI Tag Weak OopStorage      Min:  0.0, Avg:  0.0, Max:  0.0, Diff:  0.0, Sum:  0.0, Workers: 4
[16.725s][debug][gc,phases      ] GC(34)     Dead                           Min: 0, Avg:  0.0, Max: 0, Diff: 0, Sum: 0, Workers: 4
[16.725s][debug][gc,phases      ] GC(34)     Total                          Min: 0, Avg:  0.0, Max: 0, Diff: 0, Sum: 0, Workers: 4
[16.725s][debug][gc,phases      ] GC(34)   StringTable Weak               Min:  0.1, Avg:  0.1, Max:  0.1, Diff:  0.0, Sum:  0.4, Workers: 4
[16.725s][debug][gc,phases      ] GC(34)     Dead                           Min: 0, Avg:  2.8, Max: 11, Diff: 11, Sum: 11, Workers: 4
[16.725s][debug][gc,phases      ] GC(34)     Total                          Min: 9088, Avg: 10662.2, Max: 11840, Diff: 2752, Sum: 42649, Workers: 4
[16.725s][debug][gc,phases      ] GC(34)   ResolvedMethodTable Weak       Min:  0.0, Avg:  0.0, Max:  0.0, Diff:  0.0, Sum:  0.1, Workers: 4
[16.725s][debug][gc,phases      ] GC(34)     Dead                           Min: 0, Avg:  6.0, Max: 12, Diff: 12, Sum: 24, Workers: 4
[16.725s][debug][gc,phases      ] GC(34)     Total                          Min: 1533, Avg: 1763.8, Max: 2304, Diff: 771, Sum: 7055, Workers: 4
[16.725s][debug][gc,phases      ] GC(34)   JNI Weak                       Min:  0.0, Avg:  0.0, Max:  0.0, Diff:  0.0, Sum:  0.0, Workers: 4
[16.725s][debug][gc,phases      ] GC(34)     Dead                           Min: 0, Avg:  0.0, Max: 0, Diff: 0, Sum: 0, Workers: 4
[16.725s][debug][gc,phases      ] GC(34)     Total                          Min: 0, Avg:  0.5, Max: 2, Diff: 2, Sum: 2, Workers: 4
[16.725s][debug][gc,phases      ] GC(34)   StringDedup Table Weak         Min:  0.0, Avg:  0.0, Max:  0.0, Diff:  0.0, Sum:  0.0, Workers: 4
[16.725s][debug][gc,phases      ] GC(34)     Dead                           Min: 0, Avg:  0.0, Max: 0, Diff: 0, Sum: 0, Workers: 4
[16.725s][debug][gc,phases      ] GC(34)     Total                          Min: 0, Avg:  0.0, Max: 0, Diff: 0, Sum: 0, Workers: 4
[16.725s][debug][gc,phases      ] GC(34)   StringDedup Requests0 Weak     Min:  0.0, Avg:  0.0, Max:  0.0, Diff:  0.0, Sum:  0.0, Workers: 4
[16.725s][debug][gc,phases      ] GC(34)     Dead                           Min: 0, Avg:  0.0, Max: 0, Diff: 0, Sum: 0, Workers: 4
[16.725s][debug][gc,phases      ] GC(34)     Total                          Min: 0, Avg:  0.0, Max: 0, Diff: 0, Sum: 0, Workers: 4
[16.725s][debug][gc,phases      ] GC(34)   StringDedup Requests1 Weak     Min:  0.0, Avg:  0.0, Max:  0.0, Diff:  0.0, Sum:  0.0, Workers: 4
[16.725s][debug][gc,phases      ] GC(34)     Dead                           Min: 0, Avg:  0.0, Max: 0, Diff: 0, Sum: 0, Workers: 4
[16.725s][debug][gc,phases      ] GC(34)     Total                          Min: 0, Avg:  0.0, Max: 0, Diff: 0, Sum: 0, Workers: 4
[16.725s][debug][gc,phases      ] GC(34)   Weak JFR Old Object Samples    Min:  0.0, Avg:  0.0, Max:  0.0, Diff:  0.0, Sum:  0.0, Workers: 4
[16.725s][debug][gc,phases      ] GC(34)     Dead                           Min: 0, Avg:  0.0, Max: 0, Diff: 0, Sum: 0, Workers: 4
[16.725s][debug][gc,phases      ] GC(34)     Total                          Min: 0, Avg:  0.0, Max: 0, Diff: 0, Sum: 0, Workers: 4
[16.725s][debug][gc,phases      ] GC(34) Weak Processing 0.332ms
[16.725s][debug][gc,age         ] GC(34) Desired survivor size 401080320 bytes, new threshold 15 (max threshold 15)
[16.726s][info ][gc,heap        ] GC(34) PSYoungGen: 1574288K(1702912K)->253280K(1574400K) Eden: 1320960K(1320960K)->0K(1320960K) From: 253328K(381952K)->253280K(253440K)
[16.726s][info ][gc,heap        ] GC(34) ParOldGen: 278464K(386560K)->278472K(386560K)
[16.726s][info ][gc,metaspace   ] GC(34) Metaspace: 67763K(68480K)->67763K(68480K) NonClass: 57858K(58240K)->57858K(58240K) Class: 9905K(10240K)->9905K(10240K)
[16.726s][info ][gc             ] GC(34) Pause Young (Allocation Failure) 1809M->519M(1915M) 100.454ms
[16.726s][info ][gc,cpu         ] GC(34) User=0.41s Sys=0.00s Real=0.10s
[16.726s][info ][safepoint      ] Safepoint "ParallelGCFailedAllocation", Time since last: 13129442 ns, Reaching safepoint: 93600 ns, At safepoint: 100547421 ns, Total: 100641021 ns
[16.743s][info ][safepoint      ] Safepoint "ICBufferFull", Time since last: 17308256 ns, Reaching safepoint: 129600 ns, At safepoint: 31300 ns, Total: 160900 ns
[16.770s][info ][safepoint      ] Safepoint "ICBufferFull", Time since last: 26827386 ns, Reaching safepoint: 123300 ns, At safepoint: 29000 ns, Total: 152300 ns
[16.779s][info ][safepoint      ] Safepoint "ICBufferFull", Time since last: 8854028 ns, Reaching safepoint: 474402 ns, At safepoint: 26800 ns, Total: 501202 ns
[16.795s][info ][safepoint      ] Safepoint "ICBufferFull", Time since last: 12844941 ns, Reaching safepoint: 3159110 ns, At safepoint: 31500 ns, Total: 3190610 ns
[16.808s][info ][safepoint      ] Safepoint "ICBufferFull", Time since last: 12645140 ns, Reaching safepoint: 96901 ns, At safepoint: 27800 ns, Total: 124701 ns
[16.826s][info ][safepoint      ] Safepoint "ICBufferFull", Time since last: 17958457 ns, Reaching safepoint: 98100 ns, At safepoint: 28001 ns, Total: 126101 ns
[16.837s][info ][safepoint      ] Safepoint "ICBufferFull", Time since last: 7471923 ns, Reaching safepoint: 3139710 ns, At safepoint: 30201 ns, Total: 3169911 ns
[16.845s][info ][safepoint      ] Safepoint "ICBufferFull", Time since last: 7572724 ns, Reaching safepoint: 103300 ns, At safepoint: 29900 ns, Total: 133200 ns
[16.853s][info ][safepoint      ] Safepoint "ICBufferFull", Time since last: 5189417 ns, Reaching safepoint: 3152310 ns, At safepoint: 23300 ns, Total: 3175610 ns
[16.857s][info ][safepoint      ] Safepoint "ICBufferFull", Time since last: 4129413 ns, Reaching safepoint: 68600 ns, At safepoint: 26500 ns, Total: 95100 ns
[16.864s][info ][safepoint      ] Safepoint "ICBufferFull", Time since last: 6962623 ns, Reaching safepoint: 91700 ns, At safepoint: 23000 ns, Total: 114700 ns
[16.870s][info ][safepoint      ] Safepoint "ICBufferFull", Time since last: 5460517 ns, Reaching safepoint: 97101 ns, At safepoint: 29500 ns, Total: 126601 ns
[16.881s][info ][safepoint      ] Safepoint "ICBufferFull", Time since last: 7903125 ns, Reaching safepoint: 3194210 ns, At safepoint: 31700 ns, Total: 3225910 ns
[16.882s][info ][safepoint      ] Safepoint "ICBufferFull", Time since last: 935103 ns, Reaching safepoint: 100801 ns, At safepoint: 23100 ns, Total: 123901 ns
[16.883s][info ][safepoint      ] Safepoint "ICBufferFull", Time since last: 867402 ns, Reaching safepoint: 87301 ns, At safepoint: 20000 ns, Total: 107301 ns
[16.889s][info ][safepoint      ] Safepoint "ICBufferFull", Time since last: 1608805 ns, Reaching safepoint: 4266313 ns, At safepoint: 30001 ns, Total: 4296314 ns
[16.890s][info ][safepoint      ] Safepoint "ICBufferFull", Time since last: 838202 ns, Reaching safepoint: 99501 ns, At safepoint: 27300 ns, Total: 126801 ns
[16.897s][info ][safepoint      ] Safepoint "ICBufferFull", Time since last: 6561121 ns, Reaching safepoint: 106600 ns, At safepoint: 23500 ns, Total: 130100 ns
[16.905s][info ][safepoint      ] Safepoint "ICBufferFull", Time since last: 8074326 ns, Reaching safepoint: 109200 ns, At safepoint: 27800 ns, Total: 137000 ns
[16.936s][info ][safepoint      ] Safepoint "ICBufferFull", Time since last: 30749998 ns, Reaching safepoint: 104701 ns, At safepoint: 28100 ns, Total: 132801 ns
[16.943s][info ][safepoint      ] Safepoint "ICBufferFull", Time since last: 6814121 ns, Reaching safepoint: 106501 ns, At safepoint: 32400 ns, Total: 138901 ns
[16.959s][info ][safepoint      ] Safepoint "ICBufferFull", Time since last: 16568753 ns, Reaching safepoint: 70800 ns, At safepoint: 24400 ns, Total: 95200 ns
[16.963s][info ][safepoint      ] Safepoint "ICBufferFull", Time since last: 3607112 ns, Reaching safepoint: 98300 ns, At safepoint: 23600 ns, Total: 121900 ns
[16.967s][info ][safepoint      ] Safepoint "ICBufferFull", Time since last: 3554811 ns, Reaching safepoint: 91401 ns, At safepoint: 26600 ns, Total: 118001 ns
[16.988s][info ][safepoint      ] Safepoint "ICBufferFull", Time since last: 18941860 ns, Reaching safepoint: 2092107 ns, At safepoint: 27700 ns, Total: 2119807 ns
[16.993s][info ][safepoint      ] Safepoint "ICBufferFull", Time since last: 5150416 ns, Reaching safepoint: 91001 ns, At safepoint: 35300 ns, Total: 126301 ns
[17.000s][info ][safepoint      ] Safepoint "ICBufferFull", Time since last: 5026816 ns, Reaching safepoint: 2144707 ns, At safepoint: 26800 ns, Total: 2171507 ns
[17.003s][info ][gc,start       ] GC(35) Pause Young (Allocation Failure)
[17.114s][debug][gc,phases      ] GC(35) Scavenge 111.559ms
[17.114s][debug][gc,ref         ] GC(35) Skipped phase 1 of Reference Processing: no references
[17.114s][debug][gc,ref         ] GC(35) ReferenceProcessor::execute queues: 1, RefProcThreadModel::Single, marks_oops_alive: false
[17.114s][debug][gc,ref         ] GC(35) Skipped phase 3 of Reference Processing: no references
[17.114s][debug][gc,ref         ] GC(35) ReferenceProcessor::execute queues: 1, RefProcThreadModel::Single, marks_oops_alive: false
[17.114s][debug][gc,phases      ] GC(35) Reference Processing 0.113ms
[17.115s][debug][gc,phases      ] GC(35)   VM Weak                        Min:  0.0, Avg:  0.0, Max:  0.0, Diff:  0.0, Sum:  0.0, Workers: 4
[17.115s][debug][gc,phases      ] GC(35)     Dead                           Min: 0, Avg:  0.0, Max: 0, Diff: 0, Sum: 0, Workers: 4
[17.115s][debug][gc,phases      ] GC(35)     Total                          Min: 0, Avg: 146.2, Max: 585, Diff: 585, Sum: 585, Workers: 4
[17.115s][debug][gc,phases      ] GC(35)   ObjectSynchronizer Weak        Min:  0.0, Avg:  0.0, Max:  0.0, Diff:  0.0, Sum:  0.0, Workers: 4
[17.115s][debug][gc,phases      ] GC(35)     Dead                           Min: 0, Avg:  0.0, Max: 0, Diff: 0, Sum: 0, Workers: 4
[17.115s][debug][gc,phases      ] GC(35)     Total                          Min: 0, Avg: 87.8, Max: 351, Diff: 351, Sum: 351, Workers: 4
[17.115s][debug][gc,phases      ] GC(35)   JVMTI Tag Weak OopStorage      Min:  0.0, Avg:  0.0, Max:  0.0, Diff:  0.0, Sum:  0.0, Workers: 4
[17.115s][debug][gc,phases      ] GC(35)     Dead                           Min: 0, Avg:  0.0, Max: 0, Diff: 0, Sum: 0, Workers: 4
[17.115s][debug][gc,phases      ] GC(35)     Total                          Min: 0, Avg:  0.0, Max: 0, Diff: 0, Sum: 0, Workers: 4
[17.115s][debug][gc,phases      ] GC(35)   StringTable Weak               Min:  0.1, Avg:  0.1, Max:  0.1, Diff:  0.0, Sum:  0.3, Workers: 4
[17.115s][debug][gc,phases      ] GC(35)     Dead                           Min: 0, Avg:  2.8, Max: 11, Diff: 11, Sum: 11, Workers: 4
[17.115s][debug][gc,phases      ] GC(35)     Total                          Min: 8629, Avg: 10664.0, Max: 13888, Diff: 5259, Sum: 42656, Workers: 4
[17.115s][debug][gc,phases      ] GC(35)   ResolvedMethodTable Weak       Min:  0.0, Avg:  0.0, Max:  0.0, Diff:  0.0, Sum:  0.1, Workers: 4
[17.115s][debug][gc,phases      ] GC(35)     Dead                           Min: 0, Avg:  0.0, Max: 0, Diff: 0, Sum: 0, Workers: 4
[17.115s][debug][gc,phases      ] GC(35)     Total                          Min: 1408, Avg: 1763.8, Max: 2176, Diff: 768, Sum: 7055, Workers: 4
[17.115s][debug][gc,phases      ] GC(35)   JNI Weak                       Min:  0.0, Avg:  0.0, Max:  0.0, Diff:  0.0, Sum:  0.0, Workers: 4
[17.115s][debug][gc,phases      ] GC(35)     Dead                           Min: 0, Avg:  0.0, Max: 0, Diff: 0, Sum: 0, Workers: 4
[17.115s][debug][gc,phases      ] GC(35)     Total                          Min: 0, Avg:  1.2, Max: 5, Diff: 5, Sum: 5, Workers: 4
[17.115s][debug][gc,phases      ] GC(35)   StringDedup Table Weak         Min:  0.0, Avg:  0.0, Max:  0.0, Diff:  0.0, Sum:  0.0, Workers: 4
[17.115s][debug][gc,phases      ] GC(35)     Dead                           Min: 0, Avg:  0.0, Max: 0, Diff: 0, Sum: 0, Workers: 4
[17.115s][debug][gc,phases      ] GC(35)     Total                          Min: 0, Avg:  0.0, Max: 0, Diff: 0, Sum: 0, Workers: 4
[17.115s][debug][gc,phases      ] GC(35)   StringDedup Requests0 Weak     Min:  0.0, Avg:  0.0, Max:  0.0, Diff:  0.0, Sum:  0.0, Workers: 4
[17.115s][debug][gc,phases      ] GC(35)     Dead                           Min: 0, Avg:  0.0, Max: 0, Diff: 0, Sum: 0, Workers: 4
[17.115s][debug][gc,phases      ] GC(35)     Total                          Min: 0, Avg:  0.0, Max: 0, Diff: 0, Sum: 0, Workers: 4
[17.115s][debug][gc,phases      ] GC(35)   StringDedup Requests1 Weak     Min:  0.0, Avg:  0.0, Max:  0.0, Diff:  0.0, Sum:  0.0, Workers: 4
[17.115s][debug][gc,phases      ] GC(35)     Dead                           Min: 0, Avg:  0.0, Max: 0, Diff: 0, Sum: 0, Workers: 4
[17.115s][debug][gc,phases      ] GC(35)     Total                          Min: 0, Avg:  0.0, Max: 0, Diff: 0, Sum: 0, Workers: 4
[17.115s][debug][gc,phases      ] GC(35)   Weak JFR Old Object Samples    Min:  0.0, Avg:  0.0, Max:  0.0, Diff:  0.0, Sum:  0.0, Workers: 4
[17.115s][debug][gc,phases      ] GC(35)     Dead                           Min: 0, Avg:  0.0, Max: 0, Diff: 0, Sum: 0, Workers: 4
[17.115s][debug][gc,phases      ] GC(35)     Total                          Min: 0, Avg:  0.0, Max: 0, Diff: 0, Sum: 0, Workers: 4
[17.115s][debug][gc,phases      ] GC(35) Weak Processing 0.273ms
[17.115s][debug][gc,age         ] GC(35) Desired survivor size 402128896 bytes, new threshold 15 (max threshold 15)
[17.115s][info ][gc,heap        ] GC(35) PSYoungGen: 1574240K(1574400K)->252640K(1703424K) Eden: 1320960K(1320960K)->0K(1311744K) From: 253280K(253440K)->252640K(391680K)
[17.115s][info ][gc,heap        ] GC(35) ParOldGen: 278472K(386560K)->278472K(386560K)
[17.115s][info ][gc,metaspace   ] GC(35) Metaspace: 67786K(68544K)->67786K(68544K) NonClass: 57880K(58304K)->57880K(58304K) Class: 9905K(10240K)->9905K(10240K)
[17.115s][info ][gc             ] GC(35) Pause Young (Allocation Failure) 1809M->518M(2041M) 112.058ms
[17.115s][info ][gc,cpu         ] GC(35) User=0.48s Sys=0.00s Real=0.11s
[17.115s][info ][safepoint      ] Safepoint "ParallelGCFailedAllocation", Time since last: 2328907 ns, Reaching safepoint: 106701 ns, At safepoint: 112158057 ns, Total: 112264758 ns
[17.119s][info ][safepoint      ] Safepoint "ICBufferFull", Time since last: 4216714 ns, Reaching safepoint: 98100 ns, At safepoint: 25300 ns, Total: 123400 ns
[17.136s][info ][safepoint      ] Safepoint "ICBufferFull", Time since last: 16268252 ns, Reaching safepoint: 519902 ns, At safepoint: 21700 ns, Total: 541602 ns
[17.144s][info ][safepoint      ] Safepoint "ICBufferFull", Time since last: 7377324 ns, Reaching safepoint: 106800 ns, At safepoint: 29700 ns, Total: 136500 ns
[17.148s][info ][safepoint      ] Safepoint "ICBufferFull", Time since last: 4534314 ns, Reaching safepoint: 362002 ns, At safepoint: 26700 ns, Total: 388702 ns
[17.163s][info ][safepoint      ] Safepoint "ICBufferFull", Time since last: 14750547 ns, Reaching safepoint: 108100 ns, At safepoint: 25800 ns, Total: 133900 ns
[17.164s][info ][safepoint      ] Safepoint "ICBufferFull", Time since last: 762303 ns, Reaching safepoint: 93800 ns, At safepoint: 28600 ns, Total: 122400 ns
[17.166s][info ][safepoint      ] Safepoint "ICBufferFull", Time since last: 1918906 ns, Reaching safepoint: 99300 ns, At safepoint: 24301 ns, Total: 123601 ns
[17.172s][info ][safepoint      ] Safepoint "ICBufferFull", Time since last: 5394117 ns, Reaching safepoint: 255001 ns, At safepoint: 23600 ns, Total: 278601 ns
[17.204s][info ][safepoint      ] Safepoint "ICBufferFull", Time since last: 32105902 ns, Reaching safepoint: 110000 ns, At safepoint: 27301 ns, Total: 137301 ns
[17.237s][info ][safepoint      ] Safepoint "ICBufferFull", Time since last: 32358003 ns, Reaching safepoint: 391201 ns, At safepoint: 31100 ns, Total: 422301 ns
[17.241s][info ][safepoint      ] Safepoint "ICBufferFull", Time since last: 3785812 ns, Reaching safepoint: 104001 ns, At safepoint: 27800 ns, Total: 131801 ns
[17.253s][info ][safepoint      ] Safepoint "ICBufferFull", Time since last: 11922138 ns, Reaching safepoint: 106400 ns, At safepoint: 29600 ns, Total: 136000 ns
[17.254s][info ][safepoint      ] Safepoint "ICBufferFull", Time since last: 886003 ns, Reaching safepoint: 98500 ns, At safepoint: 22800 ns, Total: 121300 ns
[17.255s][info ][safepoint      ] Safepoint "ICBufferFull", Time since last: 930003 ns, Reaching safepoint: 440602 ns, At safepoint: 29900 ns, Total: 470502 ns
[17.256s][info ][safepoint      ] Safepoint "ICBufferFull", Time since last: 849003 ns, Reaching safepoint: 126700 ns, At safepoint: 30800 ns, Total: 157500 ns
[17.264s][info ][safepoint      ] Safepoint "ICBufferFull", Time since last: 7465524 ns, Reaching safepoint: 117100 ns, At safepoint: 27500 ns, Total: 144600 ns
[17.265s][info ][safepoint      ] Safepoint "ICBufferFull", Time since last: 885003 ns, Reaching safepoint: 111400 ns, At safepoint: 26301 ns, Total: 137701 ns
[17.293s][info ][safepoint      ] Safepoint "ICBufferFull", Time since last: 28291290 ns, Reaching safepoint: 107200 ns, At safepoint: 25900 ns, Total: 133100 ns
[17.310s][info ][safepoint      ] Safepoint "ICBufferFull", Time since last: 16734454 ns, Reaching safepoint: 110700 ns, At safepoint: 27900 ns, Total: 138600 ns
[17.321s][info ][safepoint      ] Safepoint "ICBufferFull", Time since last: 10667134 ns, Reaching safepoint: 442002 ns, At safepoint: 38100 ns, Total: 480102 ns
[17.333s][info ][safepoint      ] Safepoint "ICBufferFull", Time since last: 7908425 ns, Reaching safepoint: 3201910 ns, At safepoint: 32500 ns, Total: 3234410 ns
[17.344s][info ][safepoint      ] Safepoint "ICBufferFull", Time since last: 11570237 ns, Reaching safepoint: 102101 ns, At safepoint: 29600 ns, Total: 131701 ns
[17.348s][info ][safepoint      ] Safepoint "ICBufferFull", Time since last: 3261210 ns, Reaching safepoint: 455901 ns, At safepoint: 20401 ns, Total: 476302 ns
[17.353s][info ][safepoint      ] Safepoint "ICBufferFull", Time since last: 5141916 ns, Reaching safepoint: 105100 ns, At safepoint: 24700 ns, Total: 129800 ns
[17.363s][info ][safepoint      ] Safepoint "ICBufferFull", Time since last: 7584925 ns, Reaching safepoint: 2152806 ns, At safepoint: 25801 ns, Total: 2178607 ns
[17.378s][info ][safepoint      ] Safepoint "ICBufferFull", Time since last: 14742347 ns, Reaching safepoint: 106400 ns, At safepoint: 27200 ns, Total: 133600 ns
[17.389s][info ][gc,start       ] GC(36) Pause Young (Allocation Failure)
[17.471s][debug][gc,phases      ] GC(36) Scavenge 81.101ms
[17.471s][debug][gc,ref         ] GC(36) Skipped phase 1 of Reference Processing: no references
[17.471s][debug][gc,ref         ] GC(36) ReferenceProcessor::execute queues: 1, RefProcThreadModel::Single, marks_oops_alive: false
[17.471s][debug][gc,ref         ] GC(36) Skipped phase 3 of Reference Processing: no references
[17.471s][debug][gc,ref         ] GC(36) ReferenceProcessor::execute queues: 1, RefProcThreadModel::Single, marks_oops_alive: false
[17.471s][debug][gc,phases      ] GC(36) Reference Processing 0.118ms
[17.471s][debug][gc,phases      ] GC(36)   VM Weak                        Min:  0.0, Avg:  0.0, Max:  0.0, Diff:  0.0, Sum:  0.0, Workers: 4
[17.471s][debug][gc,phases      ] GC(36)     Dead                           Min: 0, Avg:  0.0, Max: 0, Diff: 0, Sum: 0, Workers: 4
[17.471s][debug][gc,phases      ] GC(36)     Total                          Min: 0, Avg: 146.2, Max: 585, Diff: 585, Sum: 585, Workers: 4
[17.471s][debug][gc,phases      ] GC(36)   ObjectSynchronizer Weak        Min:  0.0, Avg:  0.0, Max:  0.0, Diff:  0.0, Sum:  0.0, Workers: 4
[17.471s][debug][gc,phases      ] GC(36)     Dead                           Min: 0, Avg:  0.0, Max: 0, Diff: 0, Sum: 0, Workers: 4
[17.471s][debug][gc,phases      ] GC(36)     Total                          Min: 0, Avg: 87.8, Max: 351, Diff: 351, Sum: 351, Workers: 4
[17.471s][debug][gc,phases      ] GC(36)   JVMTI Tag Weak OopStorage      Min:  0.0, Avg:  0.0, Max:  0.0, Diff:  0.0, Sum:  0.0, Workers: 4
[17.471s][debug][gc,phases      ] GC(36)     Dead                           Min: 0, Avg:  0.0, Max: 0, Diff: 0, Sum: 0, Workers: 4
[17.471s][debug][gc,phases      ] GC(36)     Total                          Min: 0, Avg:  0.0, Max: 0, Diff: 0, Sum: 0, Workers: 4
[17.471s][debug][gc,phases      ] GC(36)   StringTable Weak               Min:  0.1, Avg:  0.1, Max:  0.1, Diff:  0.0, Sum:  0.3, Workers: 4
[17.471s][debug][gc,phases      ] GC(36)     Dead                           Min: 0, Avg:  2.8, Max: 7, Diff: 7, Sum: 11, Workers: 4
[17.471s][debug][gc,phases      ] GC(36)     Total                          Min: 9920, Avg: 10665.8, Max: 11431, Diff: 1511, Sum: 42663, Workers: 4
[17.471s][debug][gc,phases      ] GC(36)   ResolvedMethodTable Weak       Min:  0.0, Avg:  0.0, Max:  0.0, Diff:  0.0, Sum:  0.0, Workers: 4
[17.471s][debug][gc,phases      ] GC(36)     Dead                           Min: 0, Avg:  0.0, Max: 0, Diff: 0, Sum: 0, Workers: 4
[17.471s][debug][gc,phases      ] GC(36)     Total                          Min: 1599, Avg: 1763.8, Max: 1856, Diff: 257, Sum: 7055, Workers: 4
[17.471s][debug][gc,phases      ] GC(36)   JNI Weak                       Min:  0.0, Avg:  0.0, Max:  0.0, Diff:  0.0, Sum:  0.0, Workers: 4
[17.471s][debug][gc,phases      ] GC(36)     Dead                           Min: 0, Avg:  0.0, Max: 0, Diff: 0, Sum: 0, Workers: 4
[17.471s][debug][gc,phases      ] GC(36)     Total                          Min: 0, Avg:  1.2, Max: 5, Diff: 5, Sum: 5, Workers: 4
[17.471s][debug][gc,phases      ] GC(36)   StringDedup Table Weak         Min:  0.0, Avg:  0.0, Max:  0.0, Diff:  0.0, Sum:  0.0, Workers: 4
[17.471s][debug][gc,phases      ] GC(36)     Dead                           Min: 0, Avg:  0.0, Max: 0, Diff: 0, Sum: 0, Workers: 4
[17.471s][debug][gc,phases      ] GC(36)     Total                          Min: 0, Avg:  0.0, Max: 0, Diff: 0, Sum: 0, Workers: 4
[17.471s][debug][gc,phases      ] GC(36)   StringDedup Requests0 Weak     Min:  0.0, Avg:  0.0, Max:  0.0, Diff:  0.0, Sum:  0.0, Workers: 4
[17.471s][debug][gc,phases      ] GC(36)     Dead                           Min: 0, Avg:  0.0, Max: 0, Diff: 0, Sum: 0, Workers: 4
[17.471s][debug][gc,phases      ] GC(36)     Total                          Min: 0, Avg:  0.0, Max: 0, Diff: 0, Sum: 0, Workers: 4
[17.471s][debug][gc,phases      ] GC(36)   StringDedup Requests1 Weak     Min:  0.0, Avg:  0.0, Max:  0.0, Diff:  0.0, Sum:  0.0, Workers: 4
[17.471s][debug][gc,phases      ] GC(36)     Dead                           Min: 0, Avg:  0.0, Max: 0, Diff: 0, Sum: 0, Workers: 4
[17.471s][debug][gc,phases      ] GC(36)     Total                          Min: 0, Avg:  0.0, Max: 0, Diff: 0, Sum: 0, Workers: 4
[17.471s][debug][gc,phases      ] GC(36)   Weak JFR Old Object Samples    Min:  0.0, Avg:  0.0, Max:  0.0, Diff:  0.0, Sum:  0.0, Workers: 4
[17.471s][debug][gc,phases      ] GC(36)     Dead                           Min: 0, Avg:  0.0, Max: 0, Diff: 0, Sum: 0, Workers: 4
[17.471s][debug][gc,phases      ] GC(36)     Total                          Min: 0, Avg:  0.0, Max: 0, Diff: 0, Sum: 0, Workers: 4
[17.471s][debug][gc,phases      ] GC(36) Weak Processing 0.241ms
[17.471s][debug][gc,age         ] GC(36) Desired survivor size 401604608 bytes, new threshold 15 (max threshold 15)
[17.471s][info ][gc,heap        ] GC(36) PSYoungGen: 1564384K(1703424K)->252544K(1704448K) Eden: 1311744K(1311744K)->0K(1311744K) From: 252640K(391680K)->252544K(392704K)
[17.471s][info ][gc,heap        ] GC(36) ParOldGen: 278472K(386560K)->278480K(386560K)
[17.471s][info ][gc,metaspace   ] GC(36) Metaspace: 67859K(68608K)->67859K(68608K) NonClass: 57953K(58368K)->57953K(58368K) Class: 9905K(10240K)->9905K(10240K)
[17.471s][info ][gc             ] GC(36) Pause Young (Allocation Failure) 1799M->518M(2042M) 81.565ms
[17.471s][info ][gc,cpu         ] GC(36) User=0.33s Sys=0.00s Real=0.08s
[17.471s][info ][safepoint      ] Safepoint "ParallelGCFailedAllocation", Time since last: 11343736 ns, Reaching safepoint: 105101 ns, At safepoint: 81663160 ns, Total: 81768261 ns
[17.479s][info ][safepoint      ] Safepoint "ICBufferFull", Time since last: 8025026 ns, Reaching safepoint: 113300 ns, At safepoint: 28300 ns, Total: 141600 ns
[17.512s][info ][safepoint      ] Safepoint "ICBufferFull", Time since last: 32321303 ns, Reaching safepoint: 113801 ns, At safepoint: 24400 ns, Total: 138201 ns
[17.526s][info ][safepoint      ] Safepoint "ICBufferFull", Time since last: 14476046 ns, Reaching safepoint: 73800 ns, At safepoint: 28100 ns, Total: 101900 ns
[17.544s][info ][safepoint      ] Safepoint "ICBufferFull", Time since last: 17726957 ns, Reaching safepoint: 112300 ns, At safepoint: 25000 ns, Total: 137300 ns
[17.558s][info ][safepoint      ] Safepoint "ICBufferFull", Time since last: 13375643 ns, Reaching safepoint: 103600 ns, At safepoint: 29800 ns, Total: 133400 ns
[17.563s][info ][safepoint      ] Safepoint "ICBufferFull", Time since last: 4941216 ns, Reaching safepoint: 103101 ns, At safepoint: 27700 ns, Total: 130801 ns
[17.576s][info ][safepoint      ] Safepoint "ICBufferFull", Time since last: 12892441 ns, Reaching safepoint: 101200 ns, At safepoint: 26200 ns, Total: 127400 ns
[17.584s][info ][safepoint      ] Safepoint "ICBufferFull", Time since last: 4322914 ns, Reaching safepoint: 4243514 ns, At safepoint: 25100 ns, Total: 4268614 ns
[17.588s][info ][safepoint      ] Safepoint "ICBufferFull", Time since last: 3294910 ns, Reaching safepoint: 95400 ns, At safepoint: 29301 ns, Total: 124701 ns
[17.592s][info ][safepoint      ] Safepoint "ICBufferFull", Time since last: 3682311 ns, Reaching safepoint: 93401 ns, At safepoint: 28700 ns, Total: 122101 ns
[17.595s][info ][safepoint      ] Safepoint "ICBufferFull", Time since last: 3526411 ns, Reaching safepoint: 92000 ns, At safepoint: 21600 ns, Total: 113600 ns
[17.615s][info ][safepoint      ] Safepoint "ICBufferFull", Time since last: 19757563 ns, Reaching safepoint: 107201 ns, At safepoint: 23900 ns, Total: 131101 ns
[17.624s][info ][safepoint      ] Safepoint "ICBufferFull", Time since last: 8478427 ns, Reaching safepoint: 101100 ns, At safepoint: 22400 ns, Total: 123500 ns
[17.637s][info ][safepoint      ] Safepoint "ICBufferFull", Time since last: 12268739 ns, Reaching safepoint: 832103 ns, At safepoint: 24400 ns, Total: 856503 ns
[17.644s][info ][safepoint      ] Safepoint "ICBufferFull", Time since last: 6868022 ns, Reaching safepoint: 99400 ns, At safepoint: 27900 ns, Total: 127300 ns
[17.651s][info ][safepoint      ] Safepoint "ICBufferFull", Time since last: 7098023 ns, Reaching safepoint: 110800 ns, At safepoint: 22801 ns, Total: 133601 ns
[17.675s][info ][safepoint      ] Safepoint "ICBufferFull", Time since last: 23369374 ns, Reaching safepoint: 118901 ns, At safepoint: 31300 ns, Total: 150201 ns
[17.720s][info ][safepoint      ] Safepoint "ICBufferFull", Time since last: 45446445 ns, Reaching safepoint: 127100 ns, At safepoint: 29300 ns, Total: 156400 ns
[17.737s][info ][gc,start       ] GC(37) Pause Young (Allocation Failure)
[17.833s][debug][gc,phases      ] GC(37) Scavenge 96.047ms
[17.833s][debug][gc,ref         ] GC(37) Skipped phase 1 of Reference Processing: no references
[17.833s][debug][gc,ref         ] GC(37) ReferenceProcessor::execute queues: 1, RefProcThreadModel::Single, marks_oops_alive: false
[17.833s][debug][gc,ref         ] GC(37) Skipped phase 3 of Reference Processing: no references
[17.833s][debug][gc,ref         ] GC(37) ReferenceProcessor::execute queues: 1, RefProcThreadModel::Single, marks_oops_alive: false
[17.833s][debug][gc,phases      ] GC(37) Reference Processing 0.121ms
[17.833s][debug][gc,phases      ] GC(37)   VM Weak                        Min:  0.0, Avg:  0.0, Max:  0.0, Diff:  0.0, Sum:  0.0, Workers: 4
[17.833s][debug][gc,phases      ] GC(37)     Dead                           Min: 0, Avg:  0.0, Max: 0, Diff: 0, Sum: 0, Workers: 4
[17.833s][debug][gc,phases      ] GC(37)     Total                          Min: 0, Avg: 146.2, Max: 576, Diff: 576, Sum: 585, Workers: 4
[17.833s][debug][gc,phases      ] GC(37)   ObjectSynchronizer Weak        Min:  0.0, Avg:  0.0, Max:  0.0, Diff:  0.0, Sum:  0.0, Workers: 4
[17.833s][debug][gc,phases      ] GC(37)     Dead                           Min: 0, Avg:  0.0, Max: 0, Diff: 0, Sum: 0, Workers: 4
[17.833s][debug][gc,phases      ] GC(37)     Total                          Min: 0, Avg: 87.8, Max: 159, Diff: 159, Sum: 351, Workers: 4
[17.833s][debug][gc,phases      ] GC(37)   JVMTI Tag Weak OopStorage      Min:  0.0, Avg:  0.0, Max:  0.0, Diff:  0.0, Sum:  0.0, Workers: 4
[17.833s][debug][gc,phases      ] GC(37)     Dead                           Min: 0, Avg:  0.0, Max: 0, Diff: 0, Sum: 0, Workers: 4
[17.833s][debug][gc,phases      ] GC(37)     Total                          Min: 0, Avg:  0.0, Max: 0, Diff: 0, Sum: 0, Workers: 4
[17.833s][debug][gc,phases      ] GC(37)   StringTable Weak               Min:  0.1, Avg:  0.1, Max:  0.1, Diff:  0.0, Sum:  0.3, Workers: 4
[17.833s][debug][gc,phases      ] GC(37)     Dead                           Min: 0, Avg:  0.0, Max: 0, Diff: 0, Sum: 0, Workers: 4
[17.833s][debug][gc,phases      ] GC(37)     Total                          Min: 9216, Avg: 10669.8, Max: 14464, Diff: 5248, Sum: 42679, Workers: 4
[17.833s][debug][gc,phases      ] GC(37)   ResolvedMethodTable Weak       Min:  0.0, Avg:  0.0, Max:  0.0, Diff:  0.0, Sum:  0.1, Workers: 4
[17.833s][debug][gc,phases      ] GC(37)     Dead                           Min: 0, Avg:  0.0, Max: 0, Diff: 0, Sum: 0, Workers: 4
[17.833s][debug][gc,phases      ] GC(37)     Total                          Min: 1533, Avg: 1763.8, Max: 2304, Diff: 771, Sum: 7055, Workers: 4
[17.833s][debug][gc,phases      ] GC(37)   JNI Weak                       Min:  0.0, Avg:  0.0, Max:  0.0, Diff:  0.0, Sum:  0.0, Workers: 4
[17.833s][debug][gc,phases      ] GC(37)     Dead                           Min: 0, Avg:  0.0, Max: 0, Diff: 0, Sum: 0, Workers: 4
[17.833s][debug][gc,phases      ] GC(37)     Total                          Min: 0, Avg:  0.8, Max: 3, Diff: 3, Sum: 3, Workers: 4
[17.833s][debug][gc,phases      ] GC(37)   StringDedup Table Weak         Min:  0.0, Avg:  0.0, Max:  0.0, Diff:  0.0, Sum:  0.0, Workers: 4
[17.833s][debug][gc,phases      ] GC(37)     Dead                           Min: 0, Avg:  0.0, Max: 0, Diff: 0, Sum: 0, Workers: 4
[17.833s][debug][gc,phases      ] GC(37)     Total                          Min: 0, Avg:  0.0, Max: 0, Diff: 0, Sum: 0, Workers: 4
[17.833s][debug][gc,phases      ] GC(37)   StringDedup Requests0 Weak     Min:  0.0, Avg:  0.0, Max:  0.0, Diff:  0.0, Sum:  0.0, Workers: 4
[17.833s][debug][gc,phases      ] GC(37)     Dead                           Min: 0, Avg:  0.0, Max: 0, Diff: 0, Sum: 0, Workers: 4
[17.833s][debug][gc,phases      ] GC(37)     Total                          Min: 0, Avg:  0.0, Max: 0, Diff: 0, Sum: 0, Workers: 4
[17.833s][debug][gc,phases      ] GC(37)   StringDedup Requests1 Weak     Min:  0.0, Avg:  0.0, Max:  0.0, Diff:  0.0, Sum:  0.0, Workers: 4
[17.833s][debug][gc,phases      ] GC(37)     Dead                           Min: 0, Avg:  0.0, Max: 0, Diff: 0, Sum: 0, Workers: 4
[17.833s][debug][gc,phases      ] GC(37)     Total                          Min: 0, Avg:  0.0, Max: 0, Diff: 0, Sum: 0, Workers: 4
[17.833s][debug][gc,phases      ] GC(37)   Weak JFR Old Object Samples    Min:  0.0, Avg:  0.0, Max:  0.0, Diff:  0.0, Sum:  0.0, Workers: 4
[17.833s][debug][gc,phases      ] GC(37)     Dead                           Min: 0, Avg:  0.0, Max: 0, Diff: 0, Sum: 0, Workers: 4
[17.833s][debug][gc,phases      ] GC(37)     Total                          Min: 0, Avg:  0.0, Max: 0, Diff: 0, Sum: 0, Workers: 4
[17.833s][debug][gc,phases      ] GC(37) Weak Processing 0.278ms
[17.833s][debug][gc,age         ] GC(37) Desired survivor size 399507456 bytes, new threshold 15 (max threshold 15)
[17.833s][info ][gc,heap        ] GC(37) PSYoungGen: 1564288K(1704448K)->251968K(1707008K) Eden: 1311744K(1311744K)->0K(1314816K) From: 252544K(392704K)->251968K(392192K)
[17.833s][info ][gc,heap        ] GC(37) ParOldGen: 278480K(386560K)->278488K(386560K)
[17.833s][info ][gc,metaspace   ] GC(37) Metaspace: 67876K(68608K)->67876K(68608K) NonClass: 57971K(58368K)->57971K(58368K) Class: 9905K(10240K)->9905K(10240K)
[17.833s][info ][gc             ] GC(37) Pause Young (Allocation Failure) 1799M->518M(2044M) 96.564ms
[17.833s][info ][gc,cpu         ] GC(37) User=0.39s Sys=0.00s Real=0.09s
[17.833s][info ][safepoint      ] Safepoint "ParallelGCFailedAllocation", Time since last: 16293052 ns, Reaching safepoint: 256501 ns, At safepoint: 96667108 ns, Total: 96923609 ns
[18.001s][info ][safepoint      ] Safepoint "ICBufferFull", Time since last: 167634336 ns, Reaching safepoint: 210600 ns, At safepoint: 28000 ns, Total: 238600 ns
[18.075s][info ][safepoint      ] Safepoint "ICBufferFull", Time since last: 73504535 ns, Reaching safepoint: 123200 ns, At safepoint: 26000 ns, Total: 149200 ns
[18.137s][info ][gc,start       ] GC(38) Pause Young (Allocation Failure)
[18.234s][debug][gc,phases      ] GC(38) Scavenge 97.315ms
[18.234s][debug][gc,ref         ] GC(38) Skipped phase 1 of Reference Processing: no references
[18.234s][debug][gc,ref         ] GC(38) ReferenceProcessor::execute queues: 1, RefProcThreadModel::Single, marks_oops_alive: false
[18.234s][debug][gc,ref         ] GC(38) Skipped phase 3 of Reference Processing: no references
[18.234s][debug][gc,ref         ] GC(38) ReferenceProcessor::execute queues: 1, RefProcThreadModel::Single, marks_oops_alive: false
[18.235s][debug][gc,phases      ] GC(38) Reference Processing 0.113ms
[18.235s][debug][gc,phases      ] GC(38)   VM Weak                        Min:  0.0, Avg:  0.0, Max:  0.0, Diff:  0.0, Sum:  0.0, Workers: 4
[18.235s][debug][gc,phases      ] GC(38)     Dead                           Min: 0, Avg:  0.0, Max: 0, Diff: 0, Sum: 0, Workers: 4
[18.235s][debug][gc,phases      ] GC(38)     Total                          Min: 0, Avg: 147.5, Max: 590, Diff: 590, Sum: 590, Workers: 4
[18.235s][debug][gc,phases      ] GC(38)   ObjectSynchronizer Weak        Min:  0.0, Avg:  0.0, Max:  0.0, Diff:  0.0, Sum:  0.0, Workers: 4
[18.235s][debug][gc,phases      ] GC(38)     Dead                           Min: 0, Avg:  0.0, Max: 0, Diff: 0, Sum: 0, Workers: 4
[18.235s][debug][gc,phases      ] GC(38)     Total                          Min: 0, Avg: 87.8, Max: 223, Diff: 223, Sum: 351, Workers: 4
[18.235s][debug][gc,phases      ] GC(38)   JVMTI Tag Weak OopStorage      Min:  0.0, Avg:  0.0, Max:  0.0, Diff:  0.0, Sum:  0.0, Workers: 4
[18.235s][debug][gc,phases      ] GC(38)     Dead                           Min: 0, Avg:  0.0, Max: 0, Diff: 0, Sum: 0, Workers: 4
[18.235s][debug][gc,phases      ] GC(38)     Total                          Min: 0, Avg:  0.0, Max: 0, Diff: 0, Sum: 0, Workers: 4
[18.235s][debug][gc,phases      ] GC(38)   StringTable Weak               Min:  0.1, Avg:  0.1, Max:  0.1, Diff:  0.0, Sum:  0.4, Workers: 4
[18.235s][debug][gc,phases      ] GC(38)     Dead                           Min: 0, Avg:  2.8, Max: 11, Diff: 11, Sum: 11, Workers: 4
[18.235s][debug][gc,phases      ] GC(38)     Total                          Min: 9361, Avg: 10676.2, Max: 13952, Diff: 4591, Sum: 42705, Workers: 4
[18.235s][debug][gc,phases      ] GC(38)   ResolvedMethodTable Weak       Min:  0.0, Avg:  0.0, Max:  0.0, Diff:  0.0, Sum:  0.1, Workers: 4
[18.235s][debug][gc,phases      ] GC(38)     Dead                           Min: 0, Avg:  4.0, Max: 16, Diff: 16, Sum: 16, Workers: 4
[18.235s][debug][gc,phases      ] GC(38)     Total                          Min: 1663, Avg: 1775.2, Max: 1918, Diff: 255, Sum: 7101, Workers: 4
[18.235s][debug][gc,phases      ] GC(38)   JNI Weak                       Min:  0.0, Avg:  0.0, Max:  0.0, Diff:  0.0, Sum:  0.0, Workers: 4
[18.235s][debug][gc,phases      ] GC(38)     Dead                           Min: 0, Avg:  0.0, Max: 0, Diff: 0, Sum: 0, Workers: 4
[18.235s][debug][gc,phases      ] GC(38)     Total                          Min: 0, Avg:  0.2, Max: 1, Diff: 1, Sum: 1, Workers: 4
[18.235s][debug][gc,phases      ] GC(38)   StringDedup Table Weak         Min:  0.0, Avg:  0.0, Max:  0.0, Diff:  0.0, Sum:  0.0, Workers: 4
[18.235s][debug][gc,phases      ] GC(38)     Dead                           Min: 0, Avg:  0.0, Max: 0, Diff: 0, Sum: 0, Workers: 4
[18.235s][debug][gc,phases      ] GC(38)     Total                          Min: 0, Avg:  0.0, Max: 0, Diff: 0, Sum: 0, Workers: 4
[18.235s][debug][gc,phases      ] GC(38)   StringDedup Requests0 Weak     Min:  0.0, Avg:  0.0, Max:  0.0, Diff:  0.0, Sum:  0.0, Workers: 4
[18.235s][debug][gc,phases      ] GC(38)     Dead                           Min: 0, Avg:  0.0, Max: 0, Diff: 0, Sum: 0, Workers: 4
[18.235s][debug][gc,phases      ] GC(38)     Total                          Min: 0, Avg:  0.0, Max: 0, Diff: 0, Sum: 0, Workers: 4
[18.235s][debug][gc,phases      ] GC(38)   StringDedup Requests1 Weak     Min:  0.0, Avg:  0.0, Max:  0.0, Diff:  0.0, Sum:  0.0, Workers: 4
[18.235s][debug][gc,phases      ] GC(38)     Dead                           Min: 0, Avg:  0.0, Max: 0, Diff: 0, Sum: 0, Workers: 4
[18.235s][debug][gc,phases      ] GC(38)     Total                          Min: 0, Avg:  0.0, Max: 0, Diff: 0, Sum: 0, Workers: 4
[18.235s][debug][gc,phases      ] GC(38)   Weak JFR Old Object Samples    Min:  0.0, Avg:  0.0, Max:  0.0, Diff:  0.0, Sum:  0.0, Workers: 4
[18.235s][debug][gc,phases      ] GC(38)     Dead                           Min: 0, Avg:  0.0, Max: 0, Diff: 0, Sum: 0, Workers: 4
[18.235s][debug][gc,phases      ] GC(38)     Total                          Min: 0, Avg:  0.0, Max: 0, Diff: 0, Sum: 0, Workers: 4
[18.235s][debug][gc,phases      ] GC(38) Weak Processing 0.269ms
[18.235s][debug][gc,age         ] GC(38) Desired survivor size 396361728 bytes, new threshold 15 (max threshold 15)
[18.235s][info ][gc,heap        ] GC(38) PSYoungGen: 1566784K(1707008K)->251680K(1704960K) Eden: 1314816K(1314816K)->0K(1314816K) From: 251968K(392192K)->251680K(390144K)
[18.235s][info ][gc,heap        ] GC(38) ParOldGen: 278488K(386560K)->278488K(386560K)
[18.235s][info ][gc,metaspace   ] GC(38) Metaspace: 68018K(68800K)->68018K(68800K) NonClass: 58087K(58496K)->58087K(58496K) Class: 9930K(10304K)->9930K(10304K)
[18.235s][info ][gc             ] GC(38) Pause Young (Allocation Failure) 1802M->517M(2042M) 97.804ms
[18.235s][info ][gc,cpu         ] GC(38) User=0.39s Sys=0.00s Real=0.09s
[18.235s][info ][safepoint      ] Safepoint "ParallelGCFailedAllocation", Time since last: 61955198 ns, Reaching safepoint: 160501 ns, At safepoint: 97902912 ns, Total: 98063413 ns
[18.308s][info ][safepoint      ] Safepoint "ICBufferFull", Time since last: 72870433 ns, Reaching safepoint: 116400 ns, At safepoint: 33900 ns, Total: 150300 ns
[18.403s][info ][safepoint      ] Safepoint "ICBufferFull", Time since last: 95131904 ns, Reaching safepoint: 145301 ns, At safepoint: 28100 ns, Total: 173401 ns
[18.440s][info ][gc,start       ] GC(39) Pause Young (Allocation Failure)
[18.565s][debug][gc,phases      ] GC(39) Scavenge 125.202ms
[18.566s][debug][gc,ref         ] GC(39) Skipped phase 1 of Reference Processing: no references
[18.566s][debug][gc,ref         ] GC(39) ReferenceProcessor::execute queues: 1, RefProcThreadModel::Single, marks_oops_alive: false
[18.566s][debug][gc,ref         ] GC(39) Skipped phase 3 of Reference Processing: no references
[18.566s][debug][gc,ref         ] GC(39) ReferenceProcessor::execute queues: 1, RefProcThreadModel::Single, marks_oops_alive: false
[18.566s][debug][gc,phases      ] GC(39) Reference Processing 0.142ms
[18.566s][debug][gc,phases      ] GC(39)   VM Weak                        Min:  0.0, Avg:  0.0, Max:  0.0, Diff:  0.0, Sum:  0.0, Workers: 4
[18.566s][debug][gc,phases      ] GC(39)     Dead                           Min: 0, Avg:  0.0, Max: 0, Diff: 0, Sum: 0, Workers: 4
[18.566s][debug][gc,phases      ] GC(39)     Total                          Min: 0, Avg: 147.5, Max: 526, Diff: 526, Sum: 590, Workers: 4
[18.566s][debug][gc,phases      ] GC(39)   ObjectSynchronizer Weak        Min:  0.0, Avg:  0.0, Max:  0.0, Diff:  0.0, Sum:  0.0, Workers: 4
[18.566s][debug][gc,phases      ] GC(39)     Dead                           Min: 0, Avg:  0.0, Max: 0, Diff: 0, Sum: 0, Workers: 4
[18.566s][debug][gc,phases      ] GC(39)     Total                          Min: 0, Avg: 87.8, Max: 192, Diff: 192, Sum: 351, Workers: 4
[18.566s][debug][gc,phases      ] GC(39)   JVMTI Tag Weak OopStorage      Min:  0.0, Avg:  0.0, Max:  0.0, Diff:  0.0, Sum:  0.0, Workers: 4
[18.566s][debug][gc,phases      ] GC(39)     Dead                           Min: 0, Avg:  0.0, Max: 0, Diff: 0, Sum: 0, Workers: 4
[18.566s][debug][gc,phases      ] GC(39)     Total                          Min: 0, Avg:  0.0, Max: 0, Diff: 0, Sum: 0, Workers: 4
[18.566s][debug][gc,phases      ] GC(39)   StringTable Weak               Min:  0.1, Avg:  0.1, Max:  0.1, Diff:  0.0, Sum:  0.3, Workers: 4
[18.566s][debug][gc,phases      ] GC(39)     Dead                           Min: 0, Avg:  2.8, Max: 11, Diff: 11, Sum: 11, Workers: 4
[18.566s][debug][gc,phases      ] GC(39)     Total                          Min: 8000, Avg: 10676.8, Max: 13470, Diff: 5470, Sum: 42707, Workers: 4
[18.566s][debug][gc,phases      ] GC(39)   ResolvedMethodTable Weak       Min:  0.0, Avg:  0.0, Max:  0.0, Diff:  0.0, Sum:  0.1, Workers: 4
[18.566s][debug][gc,phases      ] GC(39)     Dead                           Min: 0, Avg:  0.0, Max: 0, Diff: 0, Sum: 0, Workers: 4
[18.566s][debug][gc,phases      ] GC(39)     Total                          Min: 1408, Avg: 1775.2, Max: 2048, Diff: 640, Sum: 7101, Workers: 4
[18.566s][debug][gc,phases      ] GC(39)   JNI Weak                       Min:  0.0, Avg:  0.0, Max:  0.0, Diff:  0.0, Sum:  0.0, Workers: 4
[18.566s][debug][gc,phases      ] GC(39)     Dead                           Min: 0, Avg:  0.0, Max: 0, Diff: 0, Sum: 0, Workers: 4
[18.566s][debug][gc,phases      ] GC(39)     Total                          Min: 0, Avg:  1.2, Max: 5, Diff: 5, Sum: 5, Workers: 4
[18.566s][debug][gc,phases      ] GC(39)   StringDedup Table Weak         Min:  0.0, Avg:  0.0, Max:  0.0, Diff:  0.0, Sum:  0.0, Workers: 4
[18.566s][debug][gc,phases      ] GC(39)     Dead                           Min: 0, Avg:  0.0, Max: 0, Diff: 0, Sum: 0, Workers: 4
[18.566s][debug][gc,phases      ] GC(39)     Total                          Min: 0, Avg:  0.0, Max: 0, Diff: 0, Sum: 0, Workers: 4
[18.566s][debug][gc,phases      ] GC(39)   StringDedup Requests0 Weak     Min:  0.0, Avg:  0.0, Max:  0.0, Diff:  0.0, Sum:  0.0, Workers: 4
[18.566s][debug][gc,phases      ] GC(39)     Dead                           Min: 0, Avg:  0.0, Max: 0, Diff: 0, Sum: 0, Workers: 4
[18.566s][debug][gc,phases      ] GC(39)     Total                          Min: 0, Avg:  0.0, Max: 0, Diff: 0, Sum: 0, Workers: 4
[18.566s][debug][gc,phases      ] GC(39)   StringDedup Requests1 Weak     Min:  0.0, Avg:  0.0, Max:  0.0, Diff:  0.0, Sum:  0.0, Workers: 4
[18.566s][debug][gc,phases      ] GC(39)     Dead                           Min: 0, Avg:  0.0, Max: 0, Diff: 0, Sum: 0, Workers: 4
[18.566s][debug][gc,phases      ] GC(39)     Total                          Min: 0, Avg:  0.0, Max: 0, Diff: 0, Sum: 0, Workers: 4
[18.566s][debug][gc,phases      ] GC(39)   Weak JFR Old Object Samples    Min:  0.0, Avg:  0.0, Max:  0.0, Diff:  0.0, Sum:  0.0, Workers: 4
[18.566s][debug][gc,phases      ] GC(39)     Dead                           Min: 0, Avg:  0.0, Max: 0, Diff: 0, Sum: 0, Workers: 4
[18.566s][debug][gc,phases      ] GC(39)     Total                          Min: 0, Avg:  0.0, Max: 0, Diff: 0, Sum: 0, Workers: 4
[18.566s][debug][gc,phases      ] GC(39) Weak Processing 0.280ms
[18.566s][debug][gc,age         ] GC(39) Desired survivor size 392167424 bytes, new threshold 15 (max threshold 15)
[18.566s][info ][gc,heap        ] GC(39) PSYoungGen: 1566496K(1704960K)->251392K(1714176K) Eden: 1314816K(1314816K)->0K(1327104K) From: 251680K(390144K)->251392K(387072K)
[18.566s][info ][gc,heap        ] GC(39) ParOldGen: 278488K(386560K)->278496K(386560K)
[18.566s][info ][gc,metaspace   ] GC(39) Metaspace: 68037K(68800K)->68037K(68800K) NonClass: 58107K(58496K)->58107K(58496K) Class: 9930K(10304K)->9930K(10304K)
[18.566s][info ][gc             ] GC(39) Pause Young (Allocation Failure) 1801M->517M(2051M) 125.737ms
[18.566s][info ][gc,cpu         ] GC(39) User=0.50s Sys=0.00s Real=0.13s
[18.566s][info ][safepoint      ] Safepoint "ParallelGCFailedAllocation", Time since last: 36914017 ns, Reaching safepoint: 83301 ns, At safepoint: 125851002 ns, Total: 125934303 ns
[18.624s][info ][safepoint      ] Safepoint "ICBufferFull", Time since last: 58212785 ns, Reaching safepoint: 122501 ns, At safepoint: 24200 ns, Total: 146701 ns
[18.625s][info ][safepoint      ] Safepoint "ICBufferFull", Time since last: 762602 ns, Reaching safepoint: 104901 ns, At safepoint: 21900 ns, Total: 126801 ns
[18.641s][info ][safepoint      ] Safepoint "ICBufferFull", Time since last: 15325849 ns, Reaching safepoint: 394101 ns, At safepoint: 24400 ns, Total: 418501 ns
[18.668s][info ][safepoint      ] Safepoint "ICBufferFull", Time since last: 26726285 ns, Reaching safepoint: 134901 ns, At safepoint: 38200 ns, Total: 173101 ns
[18.767s][info ][safepoint      ] Safepoint "ICBufferFull", Time since last: 98745315 ns, Reaching safepoint: 151900 ns, At safepoint: 27801 ns, Total: 179701 ns
[18.769s][info ][safepoint      ] Safepoint "ICBufferFull", Time since last: 1899006 ns, Reaching safepoint: 105800 ns, At safepoint: 25700 ns, Total: 131500 ns
[18.771s][info ][safepoint      ] Safepoint "ICBufferFull", Time since last: 2173907 ns, Reaching safepoint: 104900 ns, At safepoint: 23300 ns, Total: 128200 ns
[18.772s][info ][safepoint      ] Safepoint "ICBufferFull", Time since last: 870803 ns, Reaching safepoint: 171901 ns, At safepoint: 28100 ns, Total: 200001 ns
[18.773s][info ][safepoint      ] Safepoint "ICBufferFull", Time since last: 713802 ns, Reaching safepoint: 100100 ns, At safepoint: 29501 ns, Total: 129601 ns
[18.807s][info ][safepoint      ] Safepoint "ICBufferFull", Time since last: 33460406 ns, Reaching safepoint: 113501 ns, At safepoint: 47300 ns, Total: 160801 ns
[18.810s][info ][safepoint      ] Safepoint "ICBufferFull", Time since last: 2690908 ns, Reaching safepoint: 110201 ns, At safepoint: 31900 ns, Total: 142101 ns
[18.811s][info ][safepoint      ] Safepoint "ICBufferFull", Time since last: 825403 ns, Reaching safepoint: 98800 ns, At safepoint: 26600 ns, Total: 125400 ns
[18.812s][info ][safepoint      ] Safepoint "ICBufferFull", Time since last: 805003 ns, Reaching safepoint: 597001 ns, At safepoint: 25800 ns, Total: 622801 ns
[18.813s][info ][safepoint      ] Safepoint "ICBufferFull", Time since last: 806503 ns, Reaching safepoint: 96200 ns, At safepoint: 28000 ns, Total: 124200 ns
[18.814s][info ][safepoint      ] Safepoint "ICBufferFull", Time since last: 1190804 ns, Reaching safepoint: 101701 ns, At safepoint: 25800 ns, Total: 127501 ns
[18.817s][info ][safepoint      ] Safepoint "ICBufferFull", Time since last: 2342907 ns, Reaching safepoint: 115901 ns, At safepoint: 27600 ns, Total: 143501 ns
[18.819s][info ][safepoint      ] Safepoint "ICBufferFull", Time since last: 1784405 ns, Reaching safepoint: 97801 ns, At safepoint: 22300 ns, Total: 120101 ns
[18.820s][info ][safepoint      ] Safepoint "ICBufferFull", Time since last: 1437704 ns, Reaching safepoint: 95301 ns, At safepoint: 22600 ns, Total: 117901 ns
[18.825s][info ][safepoint      ] Safepoint "ICBufferFull", Time since last: 4243613 ns, Reaching safepoint: 100201 ns, At safepoint: 26800 ns, Total: 127001 ns
[18.826s][info ][safepoint      ] Safepoint "ICBufferFull", Time since last: 941903 ns, Reaching safepoint: 97100 ns, At safepoint: 28700 ns, Total: 125800 ns
[18.832s][info ][safepoint      ] Safepoint "ICBufferFull", Time since last: 820003 ns, Reaching safepoint: 5265316 ns, At safepoint: 32601 ns, Total: 5297917 ns
[18.833s][info ][safepoint      ] Safepoint "ICBufferFull", Time since last: 883102 ns, Reaching safepoint: 102501 ns, At safepoint: 27900 ns, Total: 130401 ns
[18.834s][info ][safepoint      ] Safepoint "ICBufferFull", Time since last: 866703 ns, Reaching safepoint: 310601 ns, At safepoint: 30100 ns, Total: 340701 ns
[18.835s][info ][safepoint      ] Safepoint "ICBufferFull", Time since last: 1037803 ns, Reaching safepoint: 111300 ns, At safepoint: 28100 ns, Total: 139400 ns
[18.849s][info ][safepoint      ] Safepoint "ICBufferFull", Time since last: 13373743 ns, Reaching safepoint: 106800 ns, At safepoint: 28801 ns, Total: 135601 ns
[18.850s][info ][safepoint      ] Safepoint "ICBufferFull", Time since last: 1251904 ns, Reaching safepoint: 241500 ns, At safepoint: 25100 ns, Total: 266600 ns
[18.853s][info ][safepoint      ] Safepoint "ICBufferFull", Time since last: 2407408 ns, Reaching safepoint: 109100 ns, At safepoint: 23300 ns, Total: 132400 ns
[18.896s][info ][gc,start       ] GC(40) Pause Young (Allocation Failure)
[18.992s][debug][gc,phases      ] GC(40) Scavenge 95.877ms
[18.992s][debug][gc,ref         ] GC(40) Skipped phase 1 of Reference Processing: no references
[18.992s][debug][gc,ref         ] GC(40) ReferenceProcessor::execute queues: 1, RefProcThreadModel::Single, marks_oops_alive: false
[18.992s][debug][gc,ref         ] GC(40) Skipped phase 3 of Reference Processing: no references
[18.992s][debug][gc,ref         ] GC(40) ReferenceProcessor::execute queues: 1, RefProcThreadModel::Single, marks_oops_alive: false
[18.992s][debug][gc,phases      ] GC(40) Reference Processing 0.132ms
[18.992s][debug][gc,phases      ] GC(40)   VM Weak                        Min:  0.0, Avg:  0.0, Max:  0.0, Diff:  0.0, Sum:  0.0, Workers: 4
[18.992s][debug][gc,phases      ] GC(40)     Dead                           Min: 0, Avg:  0.0, Max: 0, Diff: 0, Sum: 0, Workers: 4
[18.992s][debug][gc,phases      ] GC(40)     Total                          Min: 0, Avg: 147.5, Max: 320, Diff: 320, Sum: 590, Workers: 4
[18.992s][debug][gc,phases      ] GC(40)   ObjectSynchronizer Weak        Min:  0.0, Avg:  0.0, Max:  0.0, Diff:  0.0, Sum:  0.0, Workers: 4
[18.992s][debug][gc,phases      ] GC(40)     Dead                           Min: 0, Avg:  0.0, Max: 0, Diff: 0, Sum: 0, Workers: 4
[18.992s][debug][gc,phases      ] GC(40)     Total                          Min: 0, Avg: 87.8, Max: 192, Diff: 192, Sum: 351, Workers: 4
[18.992s][debug][gc,phases      ] GC(40)   JVMTI Tag Weak OopStorage      Min:  0.0, Avg:  0.0, Max:  0.0, Diff:  0.0, Sum:  0.0, Workers: 4
[18.992s][debug][gc,phases      ] GC(40)     Dead                           Min: 0, Avg:  0.0, Max: 0, Diff: 0, Sum: 0, Workers: 4
[18.992s][debug][gc,phases      ] GC(40)     Total                          Min: 0, Avg:  0.0, Max: 0, Diff: 0, Sum: 0, Workers: 4
[18.992s][debug][gc,phases      ] GC(40)   StringTable Weak               Min:  0.1, Avg:  0.1, Max:  0.1, Diff:  0.0, Sum:  0.3, Workers: 4
[18.992s][debug][gc,phases      ] GC(40)     Dead                           Min: 0, Avg:  2.8, Max: 11, Diff: 11, Sum: 11, Workers: 4
[18.992s][debug][gc,phases      ] GC(40)     Total                          Min: 10304, Avg: 10680.5, Max: 11042, Diff: 738, Sum: 42722, Workers: 4
[18.992s][debug][gc,phases      ] GC(40)   ResolvedMethodTable Weak       Min:  0.0, Avg:  0.0, Max:  0.0, Diff:  0.0, Sum:  0.1, Workers: 4
[18.992s][debug][gc,phases      ] GC(40)     Dead                           Min: 0, Avg:  0.0, Max: 0, Diff: 0, Sum: 0, Workers: 4
[18.992s][debug][gc,phases      ] GC(40)     Total                          Min: 1728, Avg: 1776.2, Max: 1857, Diff: 129, Sum: 7105, Workers: 4
[18.992s][debug][gc,phases      ] GC(40)   JNI Weak                       Min:  0.0, Avg:  0.0, Max:  0.0, Diff:  0.0, Sum:  0.0, Workers: 4
[18.992s][debug][gc,phases      ] GC(40)     Dead                           Min: 0, Avg:  0.0, Max: 0, Diff: 0, Sum: 0, Workers: 4
[18.992s][debug][gc,phases      ] GC(40)     Total                          Min: 0, Avg:  0.8, Max: 3, Diff: 3, Sum: 3, Workers: 4
[18.992s][debug][gc,phases      ] GC(40)   StringDedup Table Weak         Min:  0.0, Avg:  0.0, Max:  0.0, Diff:  0.0, Sum:  0.0, Workers: 4
[18.992s][debug][gc,phases      ] GC(40)     Dead                           Min: 0, Avg:  0.0, Max: 0, Diff: 0, Sum: 0, Workers: 4
[18.992s][debug][gc,phases      ] GC(40)     Total                          Min: 0, Avg:  0.0, Max: 0, Diff: 0, Sum: 0, Workers: 4
[18.992s][debug][gc,phases      ] GC(40)   StringDedup Requests0 Weak     Min:  0.0, Avg:  0.0, Max:  0.0, Diff:  0.0, Sum:  0.0, Workers: 4
[18.992s][debug][gc,phases      ] GC(40)     Dead                           Min: 0, Avg:  0.0, Max: 0, Diff: 0, Sum: 0, Workers: 4
[18.992s][debug][gc,phases      ] GC(40)     Total                          Min: 0, Avg:  0.0, Max: 0, Diff: 0, Sum: 0, Workers: 4
[18.992s][debug][gc,phases      ] GC(40)   StringDedup Requests1 Weak     Min:  0.0, Avg:  0.0, Max:  0.0, Diff:  0.0, Sum:  0.0, Workers: 4
[18.992s][debug][gc,phases      ] GC(40)     Dead                           Min: 0, Avg:  0.0, Max: 0, Diff: 0, Sum: 0, Workers: 4
[18.992s][debug][gc,phases      ] GC(40)     Total                          Min: 0, Avg:  0.0, Max: 0, Diff: 0, Sum: 0, Workers: 4
[18.992s][debug][gc,phases      ] GC(40)   Weak JFR Old Object Samples    Min:  0.0, Avg:  0.0, Max:  0.0, Diff:  0.0, Sum:  0.0, Workers: 4
[18.992s][debug][gc,phases      ] GC(40)     Dead                           Min: 0, Avg:  0.0, Max: 0, Diff: 0, Sum: 0, Workers: 4
[18.992s][debug][gc,phases      ] GC(40)     Total                          Min: 0, Avg:  0.0, Max: 0, Diff: 0, Sum: 0, Workers: 4
[18.992s][debug][gc,phases      ] GC(40) Weak Processing 0.244ms
[18.992s][debug][gc,age         ] GC(40) Desired survivor size 387448832 bytes, new threshold 15 (max threshold 15)
[18.992s][info ][gc,heap        ] GC(40) PSYoungGen: 1578496K(1714176K)->250835K(1710080K) Eden: 1327104K(1327104K)->0K(1327104K) From: 251392K(387072K)->250835K(382976K)
[18.992s][info ][gc,heap        ] GC(40) ParOldGen: 278496K(386560K)->279440K(386560K)
[18.992s][info ][gc,metaspace   ] GC(40) Metaspace: 68134K(68928K)->68134K(68928K) NonClass: 58201K(58624K)->58201K(58624K) Class: 9933K(10304K)->9933K(10304K)
[18.992s][info ][gc             ] GC(40) Pause Young (Allocation Failure) 1813M->517M(2047M) 96.376ms
[18.992s][info ][gc,cpu         ] GC(40) User=0.38s Sys=0.00s Real=0.09s
[18.992s][info ][safepoint      ] Safepoint "ParallelGCFailedAllocation", Time since last: 43139838 ns, Reaching safepoint: 205201 ns, At safepoint: 96480408 ns, Total: 96685609 ns
[19.096s][info ][safepoint      ] Safepoint "ICBufferFull", Time since last: 103113229 ns, Reaching safepoint: 131801 ns, At safepoint: 42600 ns, Total: 174401 ns
[19.109s][info ][safepoint      ] Safepoint "ICBufferFull", Time since last: 13119042 ns, Reaching safepoint: 113300 ns, At safepoint: 25500 ns, Total: 138800 ns
[19.110s][info ][safepoint      ] Safepoint "ICBufferFull", Time since last: 1045503 ns, Reaching safepoint: 106101 ns, At safepoint: 28600 ns, Total: 134701 ns
[19.112s][info ][safepoint      ] Safepoint "ICBufferFull", Time since last: 1249004 ns, Reaching safepoint: 95300 ns, At safepoint: 21600 ns, Total: 116900 ns
[19.113s][info ][safepoint      ] Safepoint "ICBufferFull", Time since last: 1161804 ns, Reaching safepoint: 98100 ns, At safepoint: 23600 ns, Total: 121700 ns
[19.114s][info ][safepoint      ] Safepoint "ICBufferFull", Time since last: 1124604 ns, Reaching safepoint: 65100 ns, At safepoint: 32800 ns, Total: 97900 ns
[19.116s][info ][safepoint      ] Safepoint "ICBufferFull", Time since last: 1474705 ns, Reaching safepoint: 435401 ns, At safepoint: 24300 ns, Total: 459701 ns
[19.118s][info ][safepoint      ] Safepoint "ICBufferFull", Time since last: 2038407 ns, Reaching safepoint: 96900 ns, At safepoint: 25200 ns, Total: 122100 ns
[19.119s][info ][safepoint      ] Safepoint "ICBufferFull", Time since last: 984903 ns, Reaching safepoint: 104601 ns, At safepoint: 30900 ns, Total: 135501 ns
[19.121s][info ][safepoint      ] Safepoint "ICBufferFull", Time since last: 1065903 ns, Reaching safepoint: 100101 ns, At safepoint: 27400 ns, Total: 127501 ns
[19.122s][info ][safepoint      ] Safepoint "ICBufferFull", Time since last: 996703 ns, Reaching safepoint: 100900 ns, At safepoint: 24600 ns, Total: 125500 ns
[19.123s][info ][safepoint      ] Safepoint "ICBufferFull", Time since last: 931603 ns, Reaching safepoint: 102701 ns, At safepoint: 32000 ns, Total: 134701 ns
[19.124s][info ][safepoint      ] Safepoint "ICBufferFull", Time since last: 982703 ns, Reaching safepoint: 98200 ns, At safepoint: 53800 ns, Total: 152000 ns
[19.127s][info ][safepoint      ] Safepoint "ICBufferFull", Time since last: 3258211 ns, Reaching safepoint: 103700 ns, At safepoint: 22600 ns, Total: 126300 ns
[19.128s][info ][safepoint      ] Safepoint "ICBufferFull", Time since last: 951903 ns, Reaching safepoint: 103500 ns, At safepoint: 26201 ns, Total: 129701 ns
[19.130s][info ][safepoint      ] Safepoint "ICBufferFull", Time since last: 1931806 ns, Reaching safepoint: 102200 ns, At safepoint: 22300 ns, Total: 124500 ns
[19.135s][info ][safepoint      ] Safepoint "ICBufferFull", Time since last: 4491014 ns, Reaching safepoint: 89401 ns, At safepoint: 25200 ns, Total: 114601 ns
[19.136s][info ][safepoint      ] Safepoint "ICBufferFull", Time since last: 985003 ns, Reaching safepoint: 90500 ns, At safepoint: 24400 ns, Total: 114900 ns
[19.143s][info ][safepoint      ] Safepoint "ICBufferFull", Time since last: 6809922 ns, Reaching safepoint: 116900 ns, At safepoint: 25601 ns, Total: 142501 ns
[19.145s][info ][safepoint      ] Safepoint "ICBufferFull", Time since last: 1381904 ns, Reaching safepoint: 99700 ns, At safepoint: 22800 ns, Total: 122500 ns
[19.149s][info ][safepoint      ] Safepoint "ICBufferFull", Time since last: 1080704 ns, Reaching safepoint: 3198110 ns, At safepoint: 27400 ns, Total: 3225510 ns
[19.151s][info ][safepoint      ] Safepoint "ICBufferFull", Time since last: 952203 ns, Reaching safepoint: 883503 ns, At safepoint: 26100 ns, Total: 909603 ns
[19.152s][info ][safepoint      ] Safepoint "ICBufferFull", Time since last: 916603 ns, Reaching safepoint: 104900 ns, At safepoint: 25800 ns, Total: 130700 ns
[19.153s][info ][safepoint      ] Safepoint "ICBufferFull", Time since last: 918603 ns, Reaching safepoint: 97201 ns, At safepoint: 26700 ns, Total: 123901 ns
[19.154s][info ][safepoint      ] Safepoint "ICBufferFull", Time since last: 913003 ns, Reaching safepoint: 88300 ns, At safepoint: 24800 ns, Total: 113100 ns
[19.155s][info ][safepoint      ] Safepoint "ICBufferFull", Time since last: 925203 ns, Reaching safepoint: 86600 ns, At safepoint: 24500 ns, Total: 111100 ns
[19.157s][info ][safepoint      ] Safepoint "ICBufferFull", Time since last: 1589105 ns, Reaching safepoint: 99801 ns, At safepoint: 24700 ns, Total: 124501 ns
[19.158s][info ][safepoint      ] Safepoint "ICBufferFull", Time since last: 927103 ns, Reaching safepoint: 96300 ns, At safepoint: 23300 ns, Total: 119600 ns
[19.159s][info ][safepoint      ] Safepoint "ICBufferFull", Time since last: 1764106 ns, Reaching safepoint: 97700 ns, At safepoint: 24100 ns, Total: 121800 ns
[19.167s][info ][safepoint      ] Safepoint "ICBufferFull", Time since last: 7121423 ns, Reaching safepoint: 103700 ns, At safepoint: 21800 ns, Total: 125500 ns
[19.169s][info ][safepoint      ] Safepoint "ICBufferFull", Time since last: 2237807 ns, Reaching safepoint: 101901 ns, At safepoint: 24300 ns, Total: 126201 ns
[19.225s][info ][gc,start       ] GC(41) Pause Young (Allocation Failure)
[19.320s][debug][gc,phases      ] GC(41) Scavenge 94.883ms
[19.320s][debug][gc,ref         ] GC(41) Skipped phase 1 of Reference Processing: no references
[19.320s][debug][gc,ref         ] GC(41) ReferenceProcessor::execute queues: 1, RefProcThreadModel::Single, marks_oops_alive: false
[19.320s][debug][gc,ref         ] GC(41) Skipped phase 3 of Reference Processing: no references
[19.320s][debug][gc,ref         ] GC(41) ReferenceProcessor::execute queues: 1, RefProcThreadModel::Single, marks_oops_alive: false
[19.320s][debug][gc,phases      ] GC(41) Reference Processing 0.160ms
[19.320s][debug][gc,phases      ] GC(41)   VM Weak                        Min:  0.0, Avg:  0.0, Max:  0.0, Diff:  0.0, Sum:  0.0, Workers: 4
[19.320s][debug][gc,phases      ] GC(41)     Dead                           Min: 0, Avg:  0.0, Max: 0, Diff: 0, Sum: 0, Workers: 4
[19.320s][debug][gc,phases      ] GC(41)     Total                          Min: 0, Avg: 147.5, Max: 590, Diff: 590, Sum: 590, Workers: 4
[19.320s][debug][gc,phases      ] GC(41)   ObjectSynchronizer Weak        Min:  0.0, Avg:  0.0, Max:  0.0, Diff:  0.0, Sum:  0.0, Workers: 4
[19.320s][debug][gc,phases      ] GC(41)     Dead                           Min: 0, Avg:  0.0, Max: 0, Diff: 0, Sum: 0, Workers: 4
[19.320s][debug][gc,phases      ] GC(41)     Total                          Min: 0, Avg: 87.8, Max: 287, Diff: 287, Sum: 351, Workers: 4
[19.320s][debug][gc,phases      ] GC(41)   JVMTI Tag Weak OopStorage      Min:  0.0, Avg:  0.0, Max:  0.0, Diff:  0.0, Sum:  0.0, Workers: 4
[19.320s][debug][gc,phases      ] GC(41)     Dead                           Min: 0, Avg:  0.0, Max: 0, Diff: 0, Sum: 0, Workers: 4
[19.320s][debug][gc,phases      ] GC(41)     Total                          Min: 0, Avg:  0.0, Max: 0, Diff: 0, Sum: 0, Workers: 4
[19.320s][debug][gc,phases      ] GC(41)   StringTable Weak               Min:  0.1, Avg:  0.1, Max:  0.1, Diff:  0.0, Sum:  0.3, Workers: 4
[19.320s][debug][gc,phases      ] GC(41)     Dead                           Min: 0, Avg:  0.0, Max: 0, Diff: 0, Sum: 0, Workers: 4
[19.320s][debug][gc,phases      ] GC(41)     Total                          Min: 9701, Avg: 10681.2, Max: 11904, Diff: 2203, Sum: 42725, Workers: 4
[19.320s][debug][gc,phases      ] GC(41)   ResolvedMethodTable Weak       Min:  0.0, Avg:  0.0, Max:  0.0, Diff:  0.0, Sum:  0.1, Workers: 4
[19.320s][debug][gc,phases      ] GC(41)     Dead                           Min: 0, Avg:  0.0, Max: 0, Diff: 0, Sum: 0, Workers: 4
[19.320s][debug][gc,phases      ] GC(41)     Total                          Min: 1664, Avg: 1777.2, Max: 1920, Diff: 256, Sum: 7109, Workers: 4
[19.320s][debug][gc,phases      ] GC(41)   JNI Weak                       Min:  0.0, Avg:  0.0, Max:  0.0, Diff:  0.0, Sum:  0.0, Workers: 4
[19.320s][debug][gc,phases      ] GC(41)     Dead                           Min: 0, Avg:  0.0, Max: 0, Diff: 0, Sum: 0, Workers: 4
[19.320s][debug][gc,phases      ] GC(41)     Total                          Min: 0, Avg:  1.2, Max: 5, Diff: 5, Sum: 5, Workers: 4
[19.320s][debug][gc,phases      ] GC(41)   StringDedup Table Weak         Min:  0.0, Avg:  0.0, Max:  0.0, Diff:  0.0, Sum:  0.0, Workers: 4
[19.320s][debug][gc,phases      ] GC(41)     Dead                           Min: 0, Avg:  0.0, Max: 0, Diff: 0, Sum: 0, Workers: 4
[19.320s][debug][gc,phases      ] GC(41)     Total                          Min: 0, Avg:  0.0, Max: 0, Diff: 0, Sum: 0, Workers: 4
[19.320s][debug][gc,phases      ] GC(41)   StringDedup Requests0 Weak     Min:  0.0, Avg:  0.0, Max:  0.0, Diff:  0.0, Sum:  0.0, Workers: 4
[19.320s][debug][gc,phases      ] GC(41)     Dead                           Min: 0, Avg:  0.0, Max: 0, Diff: 0, Sum: 0, Workers: 4
[19.320s][debug][gc,phases      ] GC(41)     Total                          Min: 0, Avg:  0.0, Max: 0, Diff: 0, Sum: 0, Workers: 4
[19.320s][debug][gc,phases      ] GC(41)   StringDedup Requests1 Weak     Min:  0.0, Avg:  0.0, Max:  0.0, Diff:  0.0, Sum:  0.0, Workers: 4
[19.320s][debug][gc,phases      ] GC(41)     Dead                           Min: 0, Avg:  0.0, Max: 0, Diff: 0, Sum: 0, Workers: 4
[19.320s][debug][gc,phases      ] GC(41)     Total                          Min: 0, Avg:  0.0, Max: 0, Diff: 0, Sum: 0, Workers: 4
[19.320s][debug][gc,phases      ] GC(41)   Weak JFR Old Object Samples    Min:  0.0, Avg:  0.0, Max:  0.0, Diff:  0.0, Sum:  0.0, Workers: 4
[19.320s][debug][gc,phases      ] GC(41)     Dead                           Min: 0, Avg:  0.0, Max: 0, Diff: 0, Sum: 0, Workers: 4
[19.320s][debug][gc,phases      ] GC(41)     Total                          Min: 0, Avg:  0.0, Max: 0, Diff: 0, Sum: 0, Workers: 4
[19.320s][debug][gc,phases      ] GC(41) Weak Processing 0.263ms
[19.320s][debug][gc,age         ] GC(41) Desired survivor size 372244480 bytes, new threshold 15 (max threshold 15)
[19.320s][info ][gc,heap        ] GC(41) PSYoungGen: 1577939K(1710080K)->224656K(1733632K) Eden: 1327104K(1327104K)->0K(1355264K) From: 250835K(382976K)->224656K(378368K)
[19.320s][info ][gc,heap        ] GC(41) ParOldGen: 279440K(386560K)->305512K(386560K)
[19.320s][info ][gc,metaspace   ] GC(41) Metaspace: 68166K(68928K)->68166K(68928K) NonClass: 58232K(58624K)->58232K(58624K) Class: 9934K(10304K)->9934K(10304K)
[19.320s][info ][gc             ] GC(41) Pause Young (Allocation Failure) 1813M->517M(2070M) 95.420ms
[19.320s][info ][gc,cpu         ] GC(41) User=0.38s Sys=0.01s Real=0.09s
[19.320s][info ][safepoint      ] Safepoint "ParallelGCFailedAllocation", Time since last: 52510867 ns, Reaching safepoint: 3210911 ns, At safepoint: 95538705 ns, Total: 98749616 ns
[19.363s][info ][safepoint      ] Safepoint "ICBufferFull", Time since last: 42814037 ns, Reaching safepoint: 128700 ns, At safepoint: 32300 ns, Total: 161000 ns
[19.432s][info ][safepoint      ] Safepoint "ICBufferFull", Time since last: 68374318 ns, Reaching safepoint: 117001 ns, At safepoint: 25500 ns, Total: 142501 ns
[19.556s][info ][gc,start       ] GC(42) Pause Young (Allocation Failure)
[19.644s][debug][gc,phases      ] GC(42) Scavenge 87.791ms
[19.644s][debug][gc,ref         ] GC(42) Skipped phase 1 of Reference Processing: no references
[19.644s][debug][gc,ref         ] GC(42) ReferenceProcessor::execute queues: 1, RefProcThreadModel::Single, marks_oops_alive: false
[19.644s][debug][gc,ref         ] GC(42) Skipped phase 3 of Reference Processing: no references
[19.644s][debug][gc,ref         ] GC(42) ReferenceProcessor::execute queues: 1, RefProcThreadModel::Single, marks_oops_alive: false
[19.644s][debug][gc,phases      ] GC(42) Reference Processing 0.131ms
[19.644s][debug][gc,phases      ] GC(42)   VM Weak                        Min:  0.0, Avg:  0.0, Max:  0.0, Diff:  0.0, Sum:  0.0, Workers: 4
[19.644s][debug][gc,phases      ] GC(42)     Dead                           Min: 0, Avg:  0.0, Max: 0, Diff: 0, Sum: 0, Workers: 4
[19.644s][debug][gc,phases      ] GC(42)     Total                          Min: 0, Avg: 147.5, Max: 590, Diff: 590, Sum: 590, Workers: 4
[19.644s][debug][gc,phases      ] GC(42)   ObjectSynchronizer Weak        Min:  0.0, Avg:  0.0, Max:  0.0, Diff:  0.0, Sum:  0.0, Workers: 4
[19.644s][debug][gc,phases      ] GC(42)     Dead                           Min: 0, Avg:  0.0, Max: 0, Diff: 0, Sum: 0, Workers: 4
[19.644s][debug][gc,phases      ] GC(42)     Total                          Min: 0, Avg: 87.8, Max: 192, Diff: 192, Sum: 351, Workers: 4
[19.644s][debug][gc,phases      ] GC(42)   JVMTI Tag Weak OopStorage      Min:  0.0, Avg:  0.0, Max:  0.0, Diff:  0.0, Sum:  0.0, Workers: 4
[19.644s][debug][gc,phases      ] GC(42)     Dead                           Min: 0, Avg:  0.0, Max: 0, Diff: 0, Sum: 0, Workers: 4
[19.644s][debug][gc,phases      ] GC(42)     Total                          Min: 0, Avg:  0.0, Max: 0, Diff: 0, Sum: 0, Workers: 4
[19.644s][debug][gc,phases      ] GC(42)   StringTable Weak               Min:  0.1, Avg:  0.1, Max:  0.1, Diff:  0.0, Sum:  0.3, Workers: 4
[19.644s][debug][gc,phases      ] GC(42)     Dead                           Min: 0, Avg:  2.8, Max: 11, Diff: 11, Sum: 11, Workers: 4
[19.644s][debug][gc,phases      ] GC(42)     Total                          Min: 7926, Avg: 10681.5, Max: 13568, Diff: 5642, Sum: 42726, Workers: 4
[19.644s][debug][gc,phases      ] GC(42)   ResolvedMethodTable Weak       Min:  0.0, Avg:  0.0, Max:  0.0, Diff:  0.0, Sum:  0.1, Workers: 4
[19.644s][debug][gc,phases      ] GC(42)     Dead                           Min: 0, Avg:  0.0, Max: 0, Diff: 0, Sum: 0, Workers: 4
[19.644s][debug][gc,phases      ] GC(42)     Total                          Min: 1280, Avg: 1777.2, Max: 2368, Diff: 1088, Sum: 7109, Workers: 4
[19.644s][debug][gc,phases      ] GC(42)   JNI Weak                       Min:  0.0, Avg:  0.0, Max:  0.0, Diff:  0.0, Sum:  0.0, Workers: 4
[19.644s][debug][gc,phases      ] GC(42)     Dead                           Min: 0, Avg:  0.0, Max: 0, Diff: 0, Sum: 0, Workers: 4
[19.644s][debug][gc,phases      ] GC(42)     Total                          Min: 0, Avg:  3.2, Max: 13, Diff: 13, Sum: 13, Workers: 4
[19.644s][debug][gc,phases      ] GC(42)   StringDedup Table Weak         Min:  0.0, Avg:  0.0, Max:  0.0, Diff:  0.0, Sum:  0.0, Workers: 4
[19.644s][debug][gc,phases      ] GC(42)     Dead                           Min: 0, Avg:  0.0, Max: 0, Diff: 0, Sum: 0, Workers: 4
[19.644s][debug][gc,phases      ] GC(42)     Total                          Min: 0, Avg:  0.0, Max: 0, Diff: 0, Sum: 0, Workers: 4
[19.644s][debug][gc,phases      ] GC(42)   StringDedup Requests0 Weak     Min:  0.0, Avg:  0.0, Max:  0.0, Diff:  0.0, Sum:  0.0, Workers: 4
[19.644s][debug][gc,phases      ] GC(42)     Dead                           Min: 0, Avg:  0.0, Max: 0, Diff: 0, Sum: 0, Workers: 4
[19.644s][debug][gc,phases      ] GC(42)     Total                          Min: 0, Avg:  0.0, Max: 0, Diff: 0, Sum: 0, Workers: 4
[19.644s][debug][gc,phases      ] GC(42)   StringDedup Requests1 Weak     Min:  0.0, Avg:  0.0, Max:  0.0, Diff:  0.0, Sum:  0.0, Workers: 4
[19.644s][debug][gc,phases      ] GC(42)     Dead                           Min: 0, Avg:  0.0, Max: 0, Diff: 0, Sum: 0, Workers: 4
[19.644s][debug][gc,phases      ] GC(42)     Total                          Min: 0, Avg:  0.0, Max: 0, Diff: 0, Sum: 0, Workers: 4
[19.644s][debug][gc,phases      ] GC(42)   Weak JFR Old Object Samples    Min:  0.0, Avg:  0.0, Max:  0.0, Diff:  0.0, Sum:  0.0, Workers: 4
[19.644s][debug][gc,phases      ] GC(42)     Dead                           Min: 0, Avg:  0.0, Max: 0, Diff: 0, Sum: 0, Workers: 4
[19.644s][debug][gc,phases      ] GC(42)     Total                          Min: 0, Avg:  0.0, Max: 0, Diff: 0, Sum: 0, Workers: 4
[19.644s][debug][gc,phases      ] GC(42) Weak Processing 0.283ms
[19.644s][debug][gc,age         ] GC(42) Desired survivor size 359661568 bytes, new threshold 15 (max threshold 15)
[19.644s][info ][gc,heap        ] GC(42) PSYoungGen: 1579920K(1733632K)->210976K(1718784K) Eden: 1355264K(1355264K)->0K(1355264K) From: 224656K(378368K)->210976K(363520K)
[19.644s][info ][gc,heap        ] GC(42) ParOldGen: 305512K(386560K)->320288K(386560K)
[19.644s][info ][gc,metaspace   ] GC(42) Metaspace: 68179K(68928K)->68179K(68928K) NonClass: 58244K(58624K)->58244K(58624K) Class: 9934K(10304K)->9934K(10304K)
[19.644s][info ][gc             ] GC(42) Pause Young (Allocation Failure) 1841M->518M(2056M) 88.335ms
[19.644s][info ][gc,cpu         ] GC(42) User=0.35s Sys=0.00s Real=0.10s
[19.644s][info ][safepoint      ] Safepoint "ParallelGCFailedAllocation", Time since last: 123747795 ns, Reaching safepoint: 140500 ns, At safepoint: 88448483 ns, Total: 88588983 ns
[19.749s][info ][safepoint      ] Safepoint "ICBufferFull", Time since last: 104770934 ns, Reaching safepoint: 359402 ns, At safepoint: 31400 ns, Total: 390802 ns
[19.770s][info ][safepoint      ] Safepoint "ICBufferFull", Time since last: 20037564 ns, Reaching safepoint: 118000 ns, At safepoint: 26800 ns, Total: 144800 ns
[19.799s][info ][safepoint      ] Safepoint "ICBufferFull", Time since last: 29559794 ns, Reaching safepoint: 120801 ns, At safepoint: 32000 ns, Total: 152801 ns
[19.881s][info ][safepoint      ] Safepoint "ICBufferFull", Time since last: 78420650 ns, Reaching safepoint: 3375711 ns, At safepoint: 29300 ns, Total: 3405011 ns
[19.925s][info ][gc,start       ] GC(43) Pause Young (Allocation Failure)
[20.021s][debug][gc,phases      ] GC(43) Scavenge 95.746ms
[20.021s][debug][gc,ref         ] GC(43) Skipped phase 1 of Reference Processing: no references
[20.021s][debug][gc,ref         ] GC(43) ReferenceProcessor::execute queues: 1, RefProcThreadModel::Single, marks_oops_alive: false
[20.021s][debug][gc,ref         ] GC(43) Skipped phase 3 of Reference Processing: no references
[20.021s][debug][gc,ref         ] GC(43) ReferenceProcessor::execute queues: 1, RefProcThreadModel::Single, marks_oops_alive: false
[20.021s][debug][gc,phases      ] GC(43) Reference Processing 0.158ms
[20.021s][debug][gc,phases      ] GC(43)   VM Weak                        Min:  0.0, Avg:  0.0, Max:  0.0, Diff:  0.0, Sum:  0.0, Workers: 4
[20.021s][debug][gc,phases      ] GC(43)     Dead                           Min: 0, Avg:  0.0, Max: 0, Diff: 0, Sum: 0, Workers: 4
[20.021s][debug][gc,phases      ] GC(43)     Total                          Min: 0, Avg: 153.8, Max: 551, Diff: 551, Sum: 615, Workers: 4
[20.021s][debug][gc,phases      ] GC(43)   ObjectSynchronizer Weak        Min:  0.0, Avg:  0.0, Max:  0.0, Diff:  0.0, Sum:  0.0, Workers: 4
[20.021s][debug][gc,phases      ] GC(43)     Dead                           Min: 0, Avg:  0.0, Max: 0, Diff: 0, Sum: 0, Workers: 4
[20.021s][debug][gc,phases      ] GC(43)     Total                          Min: 0, Avg: 87.8, Max: 128, Diff: 128, Sum: 351, Workers: 4
[20.021s][debug][gc,phases      ] GC(43)   JVMTI Tag Weak OopStorage      Min:  0.0, Avg:  0.0, Max:  0.0, Diff:  0.0, Sum:  0.0, Workers: 4
[20.021s][debug][gc,phases      ] GC(43)     Dead                           Min: 0, Avg:  0.0, Max: 0, Diff: 0, Sum: 0, Workers: 4
[20.021s][debug][gc,phases      ] GC(43)     Total                          Min: 0, Avg:  0.0, Max: 0, Diff: 0, Sum: 0, Workers: 4
[20.021s][debug][gc,phases      ] GC(43)   StringTable Weak               Min:  0.1, Avg:  0.1, Max:  0.1, Diff:  0.0, Sum:  0.3, Workers: 4
[20.021s][debug][gc,phases      ] GC(43)     Dead                           Min: 0, Avg:  3.2, Max: 7, Diff: 7, Sum: 13, Workers: 4
[20.021s][debug][gc,phases      ] GC(43)     Total                          Min: 8448, Avg: 10740.5, Max: 13568, Diff: 5120, Sum: 42962, Workers: 4
[20.021s][debug][gc,phases      ] GC(43)   ResolvedMethodTable Weak       Min:  0.0, Avg:  0.0, Max:  0.0, Diff:  0.0, Sum:  0.1, Workers: 4
[20.021s][debug][gc,phases      ] GC(43)     Dead                           Min: 0, Avg:  0.0, Max: 0, Diff: 0, Sum: 0, Workers: 4
[20.021s][debug][gc,phases      ] GC(43)     Total                          Min: 1408, Avg: 1838.5, Max: 2303, Diff: 895, Sum: 7354, Workers: 4
[20.021s][debug][gc,phases      ] GC(43)   JNI Weak                       Min:  0.0, Avg:  0.0, Max:  0.0, Diff:  0.0, Sum:  0.0, Workers: 4
[20.021s][debug][gc,phases      ] GC(43)     Dead                           Min: 0, Avg:  0.0, Max: 0, Diff: 0, Sum: 0, Workers: 4
[20.021s][debug][gc,phases      ] GC(43)     Total                          Min: 0, Avg:  6.0, Max: 24, Diff: 24, Sum: 24, Workers: 4
[20.021s][debug][gc,phases      ] GC(43)   StringDedup Table Weak         Min:  0.0, Avg:  0.0, Max:  0.0, Diff:  0.0, Sum:  0.0, Workers: 4
[20.021s][debug][gc,phases      ] GC(43)     Dead                           Min: 0, Avg:  0.0, Max: 0, Diff: 0, Sum: 0, Workers: 4
[20.021s][debug][gc,phases      ] GC(43)     Total                          Min: 0, Avg:  0.0, Max: 0, Diff: 0, Sum: 0, Workers: 4
[20.021s][debug][gc,phases      ] GC(43)   StringDedup Requests0 Weak     Min:  0.0, Avg:  0.0, Max:  0.0, Diff:  0.0, Sum:  0.0, Workers: 4
[20.021s][debug][gc,phases      ] GC(43)     Dead                           Min: 0, Avg:  0.0, Max: 0, Diff: 0, Sum: 0, Workers: 4
[20.021s][debug][gc,phases      ] GC(43)     Total                          Min: 0, Avg:  0.0, Max: 0, Diff: 0, Sum: 0, Workers: 4
[20.021s][debug][gc,phases      ] GC(43)   StringDedup Requests1 Weak     Min:  0.0, Avg:  0.0, Max:  0.0, Diff:  0.0, Sum:  0.0, Workers: 4
[20.021s][debug][gc,phases      ] GC(43)     Dead                           Min: 0, Avg:  0.0, Max: 0, Diff: 0, Sum: 0, Workers: 4
[20.021s][debug][gc,phases      ] GC(43)     Total                          Min: 0, Avg:  0.0, Max: 0, Diff: 0, Sum: 0, Workers: 4
[20.021s][debug][gc,phases      ] GC(43)   Weak JFR Old Object Samples    Min:  0.0, Avg:  0.0, Max:  0.0, Diff:  0.0, Sum:  0.0, Workers: 4
[20.021s][debug][gc,phases      ] GC(43)     Dead                           Min: 0, Avg:  0.0, Max: 0, Diff: 0, Sum: 0, Workers: 4
[20.021s][debug][gc,phases      ] GC(43)     Total                          Min: 0, Avg:  0.0, Max: 0, Diff: 0, Sum: 0, Workers: 4
[20.021s][debug][gc,phases      ] GC(43) Weak Processing 0.273ms
[20.021s][debug][gc,age         ] GC(43) Desired survivor size 362283008 bytes, new threshold 15 (max threshold 15)
[20.021s][info ][gc,heap        ] GC(43) PSYoungGen: 1566240K(1718784K)->130320K(1740800K) Eden: 1355264K(1355264K)->0K(1389568K) From: 210976K(363520K)->130320K(351232K)
[20.021s][info ][gc,heap        ] GC(43) ParOldGen: 320288K(386560K)->402408K(402432K)
[20.021s][info ][gc,metaspace   ] GC(43) Metaspace: 68964K(69760K)->68964K(69760K) NonClass: 58875K(59328K)->58875K(59328K) Class: 10088K(10432K)->10088K(10432K)
[20.021s][info ][gc             ] GC(43) Pause Young (Allocation Failure) 1842M->520M(2093M) 96.293ms
[20.021s][info ][gc,cpu         ] GC(43) User=0.37s Sys=0.01s Real=0.09s
[20.021s][debug][gc,phases      ] GC(44) Pre Compact 0.008ms
[20.021s][info ][gc,start       ] GC(44) Pause Full (Ergonomics)
[20.021s][info ][gc,phases,start] GC(44) Marking Phase
[20.203s][debug][gc,phases      ] GC(44) Par Mark 181.071ms
[20.203s][debug][gc,ref         ] GC(44) Skipped phase 1 of Reference Processing: no references
[20.203s][debug][gc,ref         ] GC(44) ReferenceProcessor::execute queues: 3, RefProcThreadModel::Multi, marks_oops_alive: false
[20.203s][debug][gc,ref         ] GC(44) Skipped phase 3 of Reference Processing: no references
[20.203s][debug][gc,ref         ] GC(44) ReferenceProcessor::execute queues: 1, RefProcThreadModel::Single, marks_oops_alive: false
[20.203s][debug][gc,phases      ] GC(44) Reference Processing 0.454ms
[20.203s][debug][gc,phases      ] GC(44)   VM Weak                        Min:  0.0, Avg:  0.0, Max:  0.0, Diff:  0.0, Sum:  0.0, Workers: 4
[20.203s][debug][gc,phases      ] GC(44)     Dead                           Min: 0, Avg:  0.0, Max: 0, Diff: 0, Sum: 0, Workers: 4
[20.203s][debug][gc,phases      ] GC(44)     Total                          Min: 0, Avg: 153.8, Max: 487, Diff: 487, Sum: 615, Workers: 4
[20.203s][debug][gc,phases      ] GC(44)   ObjectSynchronizer Weak        Min:  0.0, Avg:  0.0, Max:  0.0, Diff:  0.0, Sum:  0.0, Workers: 4
[20.203s][debug][gc,phases      ] GC(44)     Dead                           Min: 0, Avg:  1.2, Max: 2, Diff: 2, Sum: 5, Workers: 4
[20.203s][debug][gc,phases      ] GC(44)     Total                          Min: 0, Avg: 87.8, Max: 159, Diff: 159, Sum: 351, Workers: 4
[20.203s][debug][gc,phases      ] GC(44)   JVMTI Tag Weak OopStorage      Min:  0.0, Avg:  0.0, Max:  0.0, Diff:  0.0, Sum:  0.0, Workers: 4
[20.203s][debug][gc,phases      ] GC(44)     Dead                           Min: 0, Avg:  0.0, Max: 0, Diff: 0, Sum: 0, Workers: 4
[20.203s][debug][gc,phases      ] GC(44)     Total                          Min: 0, Avg:  0.0, Max: 0, Diff: 0, Sum: 0, Workers: 4
[20.203s][debug][gc,phases      ] GC(44)   StringTable Weak               Min:  0.1, Avg:  0.1, Max:  0.1, Diff:  0.0, Sum:  0.6, Workers: 4
[20.203s][debug][gc,phases      ] GC(44)     Dead                           Min: 0, Avg:  0.0, Max: 0, Diff: 0, Sum: 0, Workers: 4
[20.203s][debug][gc,phases      ] GC(44)     Total                          Min: 9984, Avg: 10740.5, Max: 11712, Diff: 1728, Sum: 42962, Workers: 4
[20.203s][debug][gc,phases      ] GC(44)   ResolvedMethodTable Weak       Min:  0.0, Avg:  0.0, Max:  0.0, Diff:  0.0, Sum:  0.1, Workers: 4
[20.203s][debug][gc,phases      ] GC(44)     Dead                           Min: 0, Avg:  0.0, Max: 0, Diff: 0, Sum: 0, Workers: 4
[20.203s][debug][gc,phases      ] GC(44)     Total                          Min: 1600, Avg: 1838.5, Max: 2171, Diff: 571, Sum: 7354, Workers: 4
[20.203s][debug][gc,phases      ] GC(44)   JNI Weak                       Min:  0.0, Avg:  0.0, Max:  0.0, Diff:  0.0, Sum:  0.0, Workers: 4
[20.203s][debug][gc,phases      ] GC(44)     Dead                           Min: 0, Avg:  0.0, Max: 0, Diff: 0, Sum: 0, Workers: 4
[20.203s][debug][gc,phases      ] GC(44)     Total                          Min: 0, Avg:  6.0, Max: 24, Diff: 24, Sum: 24, Workers: 4
[20.203s][debug][gc,phases      ] GC(44)   StringDedup Table Weak         Min:  0.0, Avg:  0.0, Max:  0.0, Diff:  0.0, Sum:  0.0, Workers: 4
[20.203s][debug][gc,phases      ] GC(44)     Dead                           Min: 0, Avg:  0.0, Max: 0, Diff: 0, Sum: 0, Workers: 4
[20.203s][debug][gc,phases      ] GC(44)     Total                          Min: 0, Avg:  0.0, Max: 0, Diff: 0, Sum: 0, Workers: 4
[20.203s][debug][gc,phases      ] GC(44)   StringDedup Requests0 Weak     Min:  0.0, Avg:  0.0, Max:  0.0, Diff:  0.0, Sum:  0.0, Workers: 4
[20.203s][debug][gc,phases      ] GC(44)     Dead                           Min: 0, Avg:  0.0, Max: 0, Diff: 0, Sum: 0, Workers: 4
[20.203s][debug][gc,phases      ] GC(44)     Total                          Min: 0, Avg:  0.0, Max: 0, Diff: 0, Sum: 0, Workers: 4
[20.203s][debug][gc,phases      ] GC(44)   StringDedup Requests1 Weak     Min:  0.0, Avg:  0.0, Max:  0.0, Diff:  0.0, Sum:  0.0, Workers: 4
[20.203s][debug][gc,phases      ] GC(44)     Dead                           Min: 0, Avg:  0.0, Max: 0, Diff: 0, Sum: 0, Workers: 4
[20.203s][debug][gc,phases      ] GC(44)     Total                          Min: 0, Avg:  0.0, Max: 0, Diff: 0, Sum: 0, Workers: 4
[20.203s][debug][gc,phases      ] GC(44)   Weak JFR Old Object Samples    Min:  0.0, Avg:  0.0, Max:  0.0, Diff:  0.0, Sum:  0.0, Workers: 4
[20.203s][debug][gc,phases      ] GC(44)     Dead                           Min: 0, Avg:  0.0, Max: 0, Diff: 0, Sum: 0, Workers: 4
[20.203s][debug][gc,phases      ] GC(44)     Total                          Min: 0, Avg:  0.0, Max: 0, Diff: 0, Sum: 0, Workers: 4
[20.203s][debug][gc,phases      ] GC(44) Weak Processing 0.432ms
[20.204s][debug][gc,phases      ] GC(44) ClassLoaderData 0.080ms
[20.204s][debug][gc,phases      ] GC(44) Trigger cleanups 0.001ms
[20.211s][debug][gc,phases      ] GC(44) Class Unloading 8.046ms
[20.211s][info ][gc,phases      ] GC(44) Marking Phase 190.119ms
[20.211s][info ][gc,phases,start] GC(44) Summary Phase
[20.211s][info ][gc,phases      ] GC(44) Summary Phase 0.010ms
[20.212s][info ][gc,phases,start] GC(44) Adjust Roots
[20.220s][info ][gc,phases      ] GC(44) Adjust Roots 8.901ms
[20.220s][info ][gc,phases,start] GC(44) Compaction Phase
[20.750s][info ][gc,phases      ] GC(44) Compaction Phase 529.989ms
[20.750s][info ][gc,phases,start] GC(44) Post Compact
[20.752s][info ][gc,phases      ] GC(44) Post Compact 1.262ms
[20.752s][info ][gc,heap        ] GC(44) PSYoungGen: 130320K(1740800K)->123880K(1740800K) Eden: 0K(1389568K)->0K(1389568K) From: 130320K(351232K)->123880K(351232K)
[20.752s][info ][gc,heap        ] GC(44) ParOldGen: 402408K(402432K)->402422K(524288K)
[20.752s][info ][gc,metaspace   ] GC(44) Metaspace: 68964K(69760K)->68964K(69760K) NonClass: 58875K(59328K)->58875K(59328K) Class: 10088K(10432K)->10088K(10432K)
[20.752s][info ][gc             ] GC(44) Pause Full (Ergonomics) 520M->513M(2212M) 730.570ms
[20.752s][info ][gc,cpu         ] GC(44) User=2.85s Sys=0.00s Real=0.73s
[20.752s][info ][safepoint      ] Safepoint "ParallelGCFailedAllocation", Time since last: 39610627 ns, Reaching safepoint: 4321214 ns, At safepoint: 827006841 ns, Total: 831328055 ns
[20.913s][info ][safepoint      ] Safepoint "ICBufferFull", Time since last: 160904614 ns, Reaching safepoint: 478201 ns, At safepoint: 28301 ns, Total: 506502 ns
[21.004s][info ][safepoint      ] Safepoint "ICBufferFull", Time since last: 89412485 ns, Reaching safepoint: 819903 ns, At safepoint: 23100 ns, Total: 843003 ns
[21.063s][info ][gc,start       ] GC(45) Pause Young (Allocation Failure)
[21.181s][debug][gc,phases      ] GC(45) Scavenge 118.065ms
[21.181s][debug][gc,ref         ] GC(45) Skipped phase 1 of Reference Processing: no references
[21.181s][debug][gc,ref         ] GC(45) ReferenceProcessor::execute queues: 1, RefProcThreadModel::Single, marks_oops_alive: false
[21.181s][debug][gc,ref         ] GC(45) Skipped phase 3 of Reference Processing: no references
[21.181s][debug][gc,ref         ] GC(45) ReferenceProcessor::execute queues: 1, RefProcThreadModel::Single, marks_oops_alive: false
[21.181s][debug][gc,phases      ] GC(45) Reference Processing 0.105ms
[21.181s][debug][gc,phases      ] GC(45)   VM Weak                        Min:  0.0, Avg:  0.0, Max:  0.0, Diff:  0.0, Sum:  0.0, Workers: 4
[21.181s][debug][gc,phases      ] GC(45)     Dead                           Min: 0, Avg:  0.0, Max: 0, Diff: 0, Sum: 0, Workers: 4
[21.181s][debug][gc,phases      ] GC(45)     Total                          Min: 0, Avg: 153.8, Max: 615, Diff: 615, Sum: 615, Workers: 4
[21.181s][debug][gc,phases      ] GC(45)   ObjectSynchronizer Weak        Min:  0.0, Avg:  0.0, Max:  0.0, Diff:  0.0, Sum:  0.0, Workers: 4
[21.181s][debug][gc,phases      ] GC(45)     Dead                           Min: 0, Avg:  0.0, Max: 0, Diff: 0, Sum: 0, Workers: 4
[21.181s][debug][gc,phases      ] GC(45)     Total                          Min: 0, Avg: 87.8, Max: 351, Diff: 351, Sum: 351, Workers: 4
[21.181s][debug][gc,phases      ] GC(45)   JVMTI Tag Weak OopStorage      Min:  0.0, Avg:  0.0, Max:  0.0, Diff:  0.0, Sum:  0.0, Workers: 4
[21.181s][debug][gc,phases      ] GC(45)     Dead                           Min: 0, Avg:  0.0, Max: 0, Diff: 0, Sum: 0, Workers: 4
[21.181s][debug][gc,phases      ] GC(45)     Total                          Min: 0, Avg:  0.0, Max: 0, Diff: 0, Sum: 0, Workers: 4
[21.181s][debug][gc,phases      ] GC(45)   StringTable Weak               Min:  0.1, Avg:  0.1, Max:  0.1, Diff:  0.0, Sum:  0.4, Workers: 4
[21.181s][debug][gc,phases      ] GC(45)     Dead                           Min: 0, Avg:  2.8, Max: 11, Diff: 11, Sum: 11, Workers: 4
[21.181s][debug][gc,phases      ] GC(45)     Total                          Min: 10108, Avg: 10742.2, Max: 11136, Diff: 1028, Sum: 42969, Workers: 4
[21.181s][debug][gc,phases      ] GC(45)   ResolvedMethodTable Weak       Min:  0.0, Avg:  0.0, Max:  0.0, Diff:  0.0, Sum:  0.1, Workers: 4
[21.181s][debug][gc,phases      ] GC(45)     Dead                           Min: 0, Avg:  0.0, Max: 0, Diff: 0, Sum: 0, Workers: 4
[21.181s][debug][gc,phases      ] GC(45)     Total                          Min: 1663, Avg: 1838.5, Max: 2240, Diff: 577, Sum: 7354, Workers: 4
[21.181s][debug][gc,phases      ] GC(45)   JNI Weak                       Min:  0.0, Avg:  0.0, Max:  0.0, Diff:  0.0, Sum:  0.0, Workers: 4
[21.181s][debug][gc,phases      ] GC(45)     Dead                           Min: 0, Avg:  0.0, Max: 0, Diff: 0, Sum: 0, Workers: 4
[21.181s][debug][gc,phases      ] GC(45)     Total                          Min: 0, Avg:  0.8, Max: 3, Diff: 3, Sum: 3, Workers: 4
[21.181s][debug][gc,phases      ] GC(45)   StringDedup Table Weak         Min:  0.0, Avg:  0.0, Max:  0.0, Diff:  0.0, Sum:  0.0, Workers: 4
[21.181s][debug][gc,phases      ] GC(45)     Dead                           Min: 0, Avg:  0.0, Max: 0, Diff: 0, Sum: 0, Workers: 4
[21.181s][debug][gc,phases      ] GC(45)     Total                          Min: 0, Avg:  0.0, Max: 0, Diff: 0, Sum: 0, Workers: 4
[21.181s][debug][gc,phases      ] GC(45)   StringDedup Requests0 Weak     Min:  0.0, Avg:  0.0, Max:  0.0, Diff:  0.0, Sum:  0.0, Workers: 4
[21.181s][debug][gc,phases      ] GC(45)     Dead                           Min: 0, Avg:  0.0, Max: 0, Diff: 0, Sum: 0, Workers: 4
[21.181s][debug][gc,phases      ] GC(45)     Total                          Min: 0, Avg:  0.0, Max: 0, Diff: 0, Sum: 0, Workers: 4
[21.181s][debug][gc,phases      ] GC(45)   StringDedup Requests1 Weak     Min:  0.0, Avg:  0.0, Max:  0.0, Diff:  0.0, Sum:  0.0, Workers: 4
[21.181s][debug][gc,phases      ] GC(45)     Dead                           Min: 0, Avg:  0.0, Max: 0, Diff: 0, Sum: 0, Workers: 4
[21.181s][debug][gc,phases      ] GC(45)     Total                          Min: 0, Avg:  0.0, Max: 0, Diff: 0, Sum: 0, Workers: 4
[21.181s][debug][gc,phases      ] GC(45)   Weak JFR Old Object Samples    Min:  0.0, Avg:  0.0, Max:  0.0, Diff:  0.0, Sum:  0.0, Workers: 4
[21.181s][debug][gc,phases      ] GC(45)     Dead                           Min: 0, Avg:  0.0, Max: 0, Diff: 0, Sum: 0, Workers: 4
[21.181s][debug][gc,phases      ] GC(45)     Total                          Min: 0, Avg:  0.0, Max: 0, Diff: 0, Sum: 0, Workers: 4
[21.181s][debug][gc,phases      ] GC(45) Weak Processing 0.312ms
[21.181s][debug][gc,age         ] GC(45) Desired survivor size 380108800 bytes, new threshold 15 (max threshold 15)
[21.181s][info ][gc,heap        ] GC(45) PSYoungGen: 1513448K(1740800K)->27136K(1417216K) Eden: 1389568K(1389568K)->0K(1389568K) From: 123880K(351232K)->27136K(27648K)
[21.181s][info ][gc,heap        ] GC(45) ParOldGen: 402422K(524288K)->503318K(524288K)
[21.181s][info ][gc,metaspace   ] GC(45) Metaspace: 68966K(69760K)->68966K(69760K) NonClass: 58877K(59328K)->58877K(59328K) Class: 10088K(10432K)->10088K(10432K)
[21.181s][info ][gc             ] GC(45) Pause Young (Allocation Failure) 1870M->518M(1896M) 118.594ms
[21.181s][info ][gc,cpu         ] GC(45) User=0.43s Sys=0.04s Real=0.12s
[21.181s][debug][gc,phases      ] GC(46) Pre Compact 0.009ms
[21.181s][info ][gc,start       ] GC(46) Pause Full (Ergonomics)
[21.181s][info ][gc,phases,start] GC(46) Marking Phase
[21.369s][debug][gc,phases      ] GC(46) Par Mark 187.433ms
[21.369s][debug][gc,ref         ] GC(46) Skipped phase 1 of Reference Processing: no references
[21.369s][debug][gc,ref         ] GC(46) ReferenceProcessor::execute queues: 4, RefProcThreadModel::Multi, marks_oops_alive: false
[21.370s][debug][gc,ref         ] GC(46) Skipped phase 3 of Reference Processing: no references
[21.370s][debug][gc,ref         ] GC(46) ReferenceProcessor::execute queues: 1, RefProcThreadModel::Single, marks_oops_alive: false
[21.370s][debug][gc,phases      ] GC(46) Reference Processing 0.654ms
[21.370s][debug][gc,phases      ] GC(46)   VM Weak                        Min:  0.0, Avg:  0.0, Max:  0.0, Diff:  0.0, Sum:  0.0, Workers: 4
[21.370s][debug][gc,phases      ] GC(46)     Dead                           Min: 0, Avg:  0.0, Max: 0, Diff: 0, Sum: 0, Workers: 4
[21.370s][debug][gc,phases      ] GC(46)     Total                          Min: 0, Avg: 153.8, Max: 295, Diff: 295, Sum: 615, Workers: 4
[21.370s][debug][gc,phases      ] GC(46)   ObjectSynchronizer Weak        Min:  0.0, Avg:  0.0, Max:  0.0, Diff:  0.0, Sum:  0.0, Workers: 4
[21.370s][debug][gc,phases      ] GC(46)     Dead                           Min: 0, Avg:  0.0, Max: 0, Diff: 0, Sum: 0, Workers: 4
[21.370s][debug][gc,phases      ] GC(46)     Total                          Min: 31, Avg: 87.8, Max: 128, Diff: 97, Sum: 351, Workers: 4
[21.370s][debug][gc,phases      ] GC(46)   JVMTI Tag Weak OopStorage      Min:  0.0, Avg:  0.0, Max:  0.0, Diff:  0.0, Sum:  0.0, Workers: 4
[21.370s][debug][gc,phases      ] GC(46)     Dead                           Min: 0, Avg:  0.0, Max: 0, Diff: 0, Sum: 0, Workers: 4
[21.370s][debug][gc,phases      ] GC(46)     Total                          Min: 0, Avg:  0.0, Max: 0, Diff: 0, Sum: 0, Workers: 4
[21.370s][debug][gc,phases      ] GC(46)   StringTable Weak               Min:  0.1, Avg:  0.1, Max:  0.1, Diff:  0.0, Sum:  0.6, Workers: 4
[21.370s][debug][gc,phases      ] GC(46)     Dead                           Min: 0, Avg:  0.0, Max: 0, Diff: 0, Sum: 0, Workers: 4
[21.370s][debug][gc,phases      ] GC(46)     Total                          Min: 10043, Avg: 10742.2, Max: 11294, Diff: 1251, Sum: 42969, Workers: 4
[21.370s][debug][gc,phases      ] GC(46)   ResolvedMethodTable Weak       Min:  0.0, Avg:  0.0, Max:  0.0, Diff:  0.0, Sum:  0.1, Workers: 4
[21.370s][debug][gc,phases      ] GC(46)     Dead                           Min: 0, Avg:  0.0, Max: 0, Diff: 0, Sum: 0, Workers: 4
[21.370s][debug][gc,phases      ] GC(46)     Total                          Min: 1728, Avg: 1838.5, Max: 2048, Diff: 320, Sum: 7354, Workers: 4
[21.370s][debug][gc,phases      ] GC(46)   JNI Weak                       Min:  0.0, Avg:  0.0, Max:  0.0, Diff:  0.0, Sum:  0.0, Workers: 4
[21.370s][debug][gc,phases      ] GC(46)     Dead                           Min: 0, Avg:  0.0, Max: 0, Diff: 0, Sum: 0, Workers: 4
[21.370s][debug][gc,phases      ] GC(46)     Total                          Min: 0, Avg:  0.8, Max: 3, Diff: 3, Sum: 3, Workers: 4
[21.370s][debug][gc,phases      ] GC(46)   StringDedup Table Weak         Min:  0.0, Avg:  0.0, Max:  0.0, Diff:  0.0, Sum:  0.0, Workers: 4
[21.370s][debug][gc,phases      ] GC(46)     Dead                           Min: 0, Avg:  0.0, Max: 0, Diff: 0, Sum: 0, Workers: 4
[21.370s][debug][gc,phases      ] GC(46)     Total                          Min: 0, Avg:  0.0, Max: 0, Diff: 0, Sum: 0, Workers: 4
[21.370s][debug][gc,phases      ] GC(46)   StringDedup Requests0 Weak     Min:  0.0, Avg:  0.0, Max:  0.0, Diff:  0.0, Sum:  0.0, Workers: 4
[21.370s][debug][gc,phases      ] GC(46)     Dead                           Min: 0, Avg:  0.0, Max: 0, Diff: 0, Sum: 0, Workers: 4
[21.370s][debug][gc,phases      ] GC(46)     Total                          Min: 0, Avg:  0.0, Max: 0, Diff: 0, Sum: 0, Workers: 4
[21.370s][debug][gc,phases      ] GC(46)   StringDedup Requests1 Weak     Min:  0.0, Avg:  0.0, Max:  0.0, Diff:  0.0, Sum:  0.0, Workers: 4
[21.370s][debug][gc,phases      ] GC(46)     Dead                           Min: 0, Avg:  0.0, Max: 0, Diff: 0, Sum: 0, Workers: 4
[21.370s][debug][gc,phases      ] GC(46)     Total                          Min: 0, Avg:  0.0, Max: 0, Diff: 0, Sum: 0, Workers: 4
[21.370s][debug][gc,phases      ] GC(46)   Weak JFR Old Object Samples    Min:  0.0, Avg:  0.0, Max:  0.0, Diff:  0.0, Sum:  0.0, Workers: 4
[21.370s][debug][gc,phases      ] GC(46)     Dead                           Min: 0, Avg:  0.0, Max: 0, Diff: 0, Sum: 0, Workers: 4
[21.370s][debug][gc,phases      ] GC(46)     Total                          Min: 0, Avg:  0.0, Max: 0, Diff: 0, Sum: 0, Workers: 4
[21.370s][debug][gc,phases      ] GC(46) Weak Processing 0.335ms
[21.370s][debug][gc,phases      ] GC(46) ClassLoaderData 0.080ms
[21.370s][debug][gc,phases      ] GC(46) Trigger cleanups 0.000ms
[21.379s][debug][gc,phases      ] GC(46) Class Unloading 9.167ms
[21.379s][info ][gc,phases      ] GC(46) Marking Phase 197.731ms
[21.379s][info ][gc,phases,start] GC(46) Summary Phase
[21.379s][info ][gc,phases      ] GC(46) Summary Phase 0.012ms
[21.379s][info ][gc,phases,start] GC(46) Adjust Roots
[21.385s][info ][gc,phases      ] GC(46) Adjust Roots 5.857ms
[21.385s][info ][gc,phases,start] GC(46) Compaction Phase
[21.623s][info ][gc,phases      ] GC(46) Compaction Phase 237.693ms
[21.623s][info ][gc,phases,start] GC(46) Post Compact
[21.624s][info ][gc,phases      ] GC(46) Post Compact 1.027ms
[21.624s][info ][gc,heap        ] GC(46) PSYoungGen: 27136K(1417216K)->5013K(1417216K) Eden: 0K(1389568K)->0K(1389568K) From: 27136K(27648K)->5013K(27648K)
[21.624s][info ][gc,heap        ] GC(46) ParOldGen: 503318K(524288K)->524105K(683008K)
[21.624s][info ][gc,metaspace   ] GC(46) Metaspace: 68966K(69760K)->68966K(69760K) NonClass: 58877K(59328K)->58877K(59328K) Class: 10088K(10432K)->10088K(10432K)
[21.624s][info ][gc             ] GC(46) Pause Full (Ergonomics) 518M->516M(2051M) 442.638ms
[21.624s][info ][gc,cpu         ] GC(46) User=1.69s Sys=0.02s Real=0.45s
[21.624s][info ][safepoint      ] Safepoint "ParallelGCFailedAllocation", Time since last: 59015288 ns, Reaching safepoint: 120601 ns, At safepoint: 561385993 ns, Total: 561506594 ns
[21.649s][info ][safepoint      ] Safepoint "ICBufferFull", Time since last: 24634779 ns, Reaching safepoint: 124101 ns, At safepoint: 33800 ns, Total: 157901 ns
[21.668s][info ][safepoint      ] Safepoint "ICBufferFull", Time since last: 18928160 ns, Reaching safepoint: 109000 ns, At safepoint: 22901 ns, Total: 131901 ns
[21.708s][info ][safepoint      ] Safepoint "ICBufferFull", Time since last: 39976827 ns, Reaching safepoint: 144101 ns, At safepoint: 26400 ns, Total: 170501 ns
[21.717s][info ][safepoint      ] Safepoint "ICBufferFull", Time since last: 8816428 ns, Reaching safepoint: 114700 ns, At safepoint: 25500 ns, Total: 140200 ns
[21.745s][info ][safepoint      ] Safepoint "ICBufferFull", Time since last: 27462288 ns, Reaching safepoint: 114600 ns, At safepoint: 25601 ns, Total: 140201 ns
[21.814s][info ][safepoint      ] Safepoint "ICBufferFull", Time since last: 68719319 ns, Reaching safepoint: 472602 ns, At safepoint: 31700 ns, Total: 504302 ns
[21.839s][info ][safepoint      ] Safepoint "ICBufferFull", Time since last: 24840879 ns, Reaching safepoint: 105700 ns, At safepoint: 34901 ns, Total: 140601 ns
[21.869s][info ][safepoint      ] Safepoint "ICBufferFull", Time since last: 26758885 ns, Reaching safepoint: 3164910 ns, At safepoint: 33000 ns, Total: 3197910 ns
[21.880s][info ][safepoint      ] Safepoint "ICBufferFull", Time since last: 10499934 ns, Reaching safepoint: 109700 ns, At safepoint: 24500 ns, Total: 134200 ns
[21.883s][info ][safepoint      ] Safepoint "ICBufferFull", Time since last: 3440311 ns, Reaching safepoint: 105901 ns, At safepoint: 22600 ns, Total: 128501 ns
[21.900s][info ][gc,start       ] GC(47) Pause Young (Allocation Failure)
[21.959s][debug][gc,phases      ] GC(47) Scavenge 58.482ms
[21.959s][debug][gc,ref         ] GC(47) Skipped phase 1 of Reference Processing: no references
[21.959s][debug][gc,ref         ] GC(47) ReferenceProcessor::execute queues: 1, RefProcThreadModel::Single, marks_oops_alive: false
[21.959s][debug][gc,ref         ] GC(47) Skipped phase 3 of Reference Processing: no references
[21.959s][debug][gc,ref         ] GC(47) Skipped phase 4 of Reference Processing: no references
[21.959s][debug][gc,phases      ] GC(47) Reference Processing 0.089ms
[21.959s][debug][gc,phases      ] GC(47)   VM Weak                        Min:  0.0, Avg:  0.0, Max:  0.0, Diff:  0.0, Sum:  0.0, Workers: 4
[21.959s][debug][gc,phases      ] GC(47)     Dead                           Min: 0, Avg:  0.0, Max: 0, Diff: 0, Sum: 0, Workers: 4
[21.959s][debug][gc,phases      ] GC(47)     Total                          Min: 0, Avg: 153.8, Max: 512, Diff: 512, Sum: 615, Workers: 4
[21.959s][debug][gc,phases      ] GC(47)   ObjectSynchronizer Weak        Min:  0.0, Avg:  0.0, Max:  0.0, Diff:  0.0, Sum:  0.0, Workers: 4
[21.959s][debug][gc,phases      ] GC(47)     Dead                           Min: 0, Avg:  0.0, Max: 0, Diff: 0, Sum: 0, Workers: 4
[21.959s][debug][gc,phases      ] GC(47)     Total                          Min: 0, Avg: 87.8, Max: 159, Diff: 159, Sum: 351, Workers: 4
[21.959s][debug][gc,phases      ] GC(47)   JVMTI Tag Weak OopStorage      Min:  0.0, Avg:  0.0, Max:  0.0, Diff:  0.0, Sum:  0.0, Workers: 4
[21.959s][debug][gc,phases      ] GC(47)     Dead                           Min: 0, Avg:  0.0, Max: 0, Diff: 0, Sum: 0, Workers: 4
[21.959s][debug][gc,phases      ] GC(47)     Total                          Min: 0, Avg:  0.0, Max: 0, Diff: 0, Sum: 0, Workers: 4
[21.959s][debug][gc,phases      ] GC(47)   StringTable Weak               Min:  0.1, Avg:  0.1, Max:  0.1, Diff:  0.0, Sum:  0.3, Workers: 4
[21.959s][debug][gc,phases      ] GC(47)     Dead                           Min: 0, Avg:  2.8, Max: 9, Diff: 9, Sum: 11, Workers: 4
[21.959s][debug][gc,phases      ] GC(47)     Total                          Min: 8576, Avg: 10744.0, Max: 12960, Diff: 4384, Sum: 42976, Workers: 4
[21.959s][debug][gc,phases      ] GC(47)   ResolvedMethodTable Weak       Min:  0.0, Avg:  0.0, Max:  0.0, Diff:  0.0, Sum:  0.1, Workers: 4
[21.959s][debug][gc,phases      ] GC(47)     Dead                           Min: 0, Avg:  0.0, Max: 0, Diff: 0, Sum: 0, Workers: 4
[21.959s][debug][gc,phases      ] GC(47)     Total                          Min: 1472, Avg: 1838.5, Max: 2240, Diff: 768, Sum: 7354, Workers: 4
[21.959s][debug][gc,phases      ] GC(47)   JNI Weak                       Min:  0.0, Avg:  0.0, Max:  0.0, Diff:  0.0, Sum:  0.0, Workers: 4
[21.959s][debug][gc,phases      ] GC(47)     Dead                           Min: 0, Avg:  0.0, Max: 0, Diff: 0, Sum: 0, Workers: 4
[21.959s][debug][gc,phases      ] GC(47)     Total                          Min: 0, Avg:  0.8, Max: 3, Diff: 3, Sum: 3, Workers: 4
[21.959s][debug][gc,phases      ] GC(47)   StringDedup Table Weak         Min:  0.0, Avg:  0.0, Max:  0.0, Diff:  0.0, Sum:  0.0, Workers: 4
[21.959s][debug][gc,phases      ] GC(47)     Dead                           Min: 0, Avg:  0.0, Max: 0, Diff: 0, Sum: 0, Workers: 4
[21.959s][debug][gc,phases      ] GC(47)     Total                          Min: 0, Avg:  0.0, Max: 0, Diff: 0, Sum: 0, Workers: 4
[21.959s][debug][gc,phases      ] GC(47)   StringDedup Requests0 Weak     Min:  0.0, Avg:  0.0, Max:  0.0, Diff:  0.0, Sum:  0.0, Workers: 4
[21.959s][debug][gc,phases      ] GC(47)     Dead                           Min: 0, Avg:  0.0, Max: 0, Diff: 0, Sum: 0, Workers: 4
[21.959s][debug][gc,phases      ] GC(47)     Total                          Min: 0, Avg:  0.0, Max: 0, Diff: 0, Sum: 0, Workers: 4
[21.959s][debug][gc,phases      ] GC(47)   StringDedup Requests1 Weak     Min:  0.0, Avg:  0.0, Max:  0.0, Diff:  0.0, Sum:  0.0, Workers: 4
[21.959s][debug][gc,phases      ] GC(47)     Dead                           Min: 0, Avg:  0.0, Max: 0, Diff: 0, Sum: 0, Workers: 4
[21.959s][debug][gc,phases      ] GC(47)     Total                          Min: 0, Avg:  0.0, Max: 0, Diff: 0, Sum: 0, Workers: 4
[21.959s][debug][gc,phases      ] GC(47)   Weak JFR Old Object Samples    Min:  0.0, Avg:  0.0, Max:  0.0, Diff:  0.0, Sum:  0.0, Workers: 4
[21.959s][debug][gc,phases      ] GC(47)     Dead                           Min: 0, Avg:  0.0, Max: 0, Diff: 0, Sum: 0, Workers: 4
[21.959s][debug][gc,phases      ] GC(47)     Total                          Min: 0, Avg:  0.0, Max: 0, Diff: 0, Sum: 0, Workers: 4
[21.959s][debug][gc,phases      ] GC(47) Weak Processing 0.262ms
[21.959s][debug][gc,age         ] GC(47) Desired survivor size 394788864 bytes, new threshold 15 (max threshold 15)
[21.959s][info ][gc,heap        ] GC(47) PSYoungGen: 1394581K(1417216K)->5376K(1697280K) Eden: 1389568K(1389568K)->0K(1326080K) From: 5013K(27648K)->5376K(371200K)
[21.959s][info ][gc,heap        ] GC(47) ParOldGen: 524105K(683008K)->524145K(683008K)
[21.959s][info ][gc,metaspace   ] GC(47) Metaspace: 69054K(69824K)->69054K(69824K) NonClass: 58965K(59392K)->58965K(59392K) Class: 10088K(10432K)->10088K(10432K)
[21.959s][info ][gc             ] GC(47) Pause Young (Allocation Failure) 1873M->517M(2324M) 58.969ms
[21.959s][info ][gc,cpu         ] GC(47) User=0.26s Sys=0.00s Real=0.06s
[21.960s][info ][safepoint      ] Safepoint "ParallelGCFailedAllocation", Time since last: 14178545 ns, Reaching safepoint: 3154610 ns, At safepoint: 59070089 ns, Total: 62224699 ns
[21.971s][info ][safepoint      ] Safepoint "ICBufferFull", Time since last: 11546037 ns, Reaching safepoint: 244200 ns, At safepoint: 39001 ns, Total: 283201 ns
[21.987s][info ][safepoint      ] Safepoint "ICBufferFull", Time since last: 15837450 ns, Reaching safepoint: 106901 ns, At safepoint: 29200 ns, Total: 136101 ns
[22.017s][info ][safepoint      ] Safepoint "ICBufferFull", Time since last: 29350093 ns, Reaching safepoint: 120301 ns, At safepoint: 28200 ns, Total: 148501 ns
[22.020s][info ][safepoint      ] Safepoint "ICBufferFull", Time since last: 2666108 ns, Reaching safepoint: 107101 ns, At safepoint: 23800 ns, Total: 130901 ns
[22.031s][info ][safepoint      ] Safepoint "ICBufferFull", Time since last: 11341436 ns, Reaching safepoint: 106200 ns, At safepoint: 24700 ns, Total: 130900 ns
[22.105s][info ][safepoint      ] Safepoint "ICBufferFull", Time since last: 74154037 ns, Reaching safepoint: 121101 ns, At safepoint: 26500 ns, Total: 147601 ns
[22.111s][info ][safepoint      ] Safepoint "ICBufferFull", Time since last: 5825619 ns, Reaching safepoint: 103100 ns, At safepoint: 24300 ns, Total: 127400 ns
[22.137s][info ][safepoint      ] Safepoint "ICBufferFull", Time since last: 20896967 ns, Reaching safepoint: 4264113 ns, At safepoint: 27300 ns, Total: 4291413 ns
[22.139s][info ][safepoint      ] Safepoint "ICBufferFull", Time since last: 2393908 ns, Reaching safepoint: 96000 ns, At safepoint: 28200 ns, Total: 124200 ns
[22.150s][info ][safepoint      ] Safepoint "ICBufferFull", Time since last: 10901535 ns, Reaching safepoint: 104701 ns, At safepoint: 27900 ns, Total: 132601 ns
[22.156s][info ][safepoint      ] Safepoint "ICBufferFull", Time since last: 5575618 ns, Reaching safepoint: 96900 ns, At safepoint: 33400 ns, Total: 130300 ns
[22.159s][info ][safepoint      ] Safepoint "ICBufferFull", Time since last: 2936109 ns, Reaching safepoint: 93101 ns, At safepoint: 23800 ns, Total: 116901 ns
[22.170s][info ][safepoint      ] Safepoint "ICBufferFull", Time since last: 11477636 ns, Reaching safepoint: 101901 ns, At safepoint: 24600 ns, Total: 126501 ns
[22.175s][info ][safepoint      ] Safepoint "ICBufferFull", Time since last: 4489714 ns, Reaching safepoint: 95000 ns, At safepoint: 26101 ns, Total: 121101 ns
[22.184s][info ][safepoint      ] Safepoint "ICBufferFull", Time since last: 8264526 ns, Reaching safepoint: 671402 ns, At safepoint: 30200 ns, Total: 701602 ns
[22.206s][info ][safepoint      ] Safepoint "ICBufferFull", Time since last: 21886670 ns, Reaching safepoint: 171301 ns, At safepoint: 33900 ns, Total: 205201 ns
[22.210s][info ][safepoint      ] Safepoint "ICBufferFull", Time since last: 3527111 ns, Reaching safepoint: 551002 ns, At safepoint: 28100 ns, Total: 579102 ns
[22.255s][info ][gc,start       ] GC(48) Pause Young (Allocation Failure)
[22.258s][debug][gc,phases      ] GC(48) Scavenge 2.995ms
[22.258s][debug][gc,ref         ] GC(48) Skipped phase 1 of Reference Processing: no references
[22.258s][debug][gc,ref         ] GC(48) ReferenceProcessor::execute queues: 1, RefProcThreadModel::Single, marks_oops_alive: false
[22.258s][debug][gc,ref         ] GC(48) Skipped phase 3 of Reference Processing: no references
[22.258s][debug][gc,ref         ] GC(48) ReferenceProcessor::execute queues: 1, RefProcThreadModel::Single, marks_oops_alive: false
[22.258s][debug][gc,phases      ] GC(48) Reference Processing 0.094ms
[22.258s][debug][gc,phases      ] GC(48)   VM Weak                        Min:  0.0, Avg:  0.0, Max:  0.0, Diff:  0.0, Sum:  0.0, Workers: 4
[22.258s][debug][gc,phases      ] GC(48)     Dead                           Min: 0, Avg:  0.0, Max: 0, Diff: 0, Sum: 0, Workers: 4
[22.258s][debug][gc,phases      ] GC(48)     Total                          Min: 0, Avg: 153.8, Max: 615, Diff: 615, Sum: 615, Workers: 4
[22.258s][debug][gc,phases      ] GC(48)   ObjectSynchronizer Weak        Min:  0.0, Avg:  0.0, Max:  0.0, Diff:  0.0, Sum:  0.0, Workers: 4
[22.258s][debug][gc,phases      ] GC(48)     Dead                           Min: 0, Avg:  0.0, Max: 0, Diff: 0, Sum: 0, Workers: 4
[22.258s][debug][gc,phases      ] GC(48)     Total                          Min: 0, Avg: 87.8, Max: 192, Diff: 192, Sum: 351, Workers: 4
[22.258s][debug][gc,phases      ] GC(48)   JVMTI Tag Weak OopStorage      Min:  0.0, Avg:  0.0, Max:  0.0, Diff:  0.0, Sum:  0.0, Workers: 4
[22.258s][debug][gc,phases      ] GC(48)     Dead                           Min: 0, Avg:  0.0, Max: 0, Diff: 0, Sum: 0, Workers: 4
[22.258s][debug][gc,phases      ] GC(48)     Total                          Min: 0, Avg:  0.0, Max: 0, Diff: 0, Sum: 0, Workers: 4
[22.258s][debug][gc,phases      ] GC(48)   StringTable Weak               Min:  0.1, Avg:  0.1, Max:  0.1, Diff:  0.0, Sum:  0.3, Workers: 4
[22.258s][debug][gc,phases      ] GC(48)     Dead                           Min: 0, Avg:  2.8, Max: 11, Diff: 11, Sum: 11, Workers: 4
[22.258s][debug][gc,phases      ] GC(48)     Total                          Min: 9792, Avg: 10744.8, Max: 11579, Diff: 1787, Sum: 42979, Workers: 4
[22.258s][debug][gc,phases      ] GC(48)   ResolvedMethodTable Weak       Min:  0.0, Avg:  0.0, Max:  0.0, Diff:  0.0, Sum:  0.1, Workers: 4
[22.258s][debug][gc,phases      ] GC(48)     Dead                           Min: 0, Avg:  0.0, Max: 0, Diff: 0, Sum: 0, Workers: 4
[22.258s][debug][gc,phases      ] GC(48)     Total                          Min: 1344, Avg: 1838.5, Max: 2112, Diff: 768, Sum: 7354, Workers: 4
[22.258s][debug][gc,phases      ] GC(48)   JNI Weak                       Min:  0.0, Avg:  0.0, Max:  0.0, Diff:  0.0, Sum:  0.0, Workers: 4
[22.258s][debug][gc,phases      ] GC(48)     Dead                           Min: 0, Avg:  0.0, Max: 0, Diff: 0, Sum: 0, Workers: 4
[22.258s][debug][gc,phases      ] GC(48)     Total                          Min: 0, Avg:  1.0, Max: 4, Diff: 4, Sum: 4, Workers: 4
[22.258s][debug][gc,phases      ] GC(48)   StringDedup Table Weak         Min:  0.0, Avg:  0.0, Max:  0.0, Diff:  0.0, Sum:  0.0, Workers: 4
[22.258s][debug][gc,phases      ] GC(48)     Dead                           Min: 0, Avg:  0.0, Max: 0, Diff: 0, Sum: 0, Workers: 4
[22.258s][debug][gc,phases      ] GC(48)     Total                          Min: 0, Avg:  0.0, Max: 0, Diff: 0, Sum: 0, Workers: 4
[22.258s][debug][gc,phases      ] GC(48)   StringDedup Requests0 Weak     Min:  0.0, Avg:  0.0, Max:  0.0, Diff:  0.0, Sum:  0.0, Workers: 4
[22.258s][debug][gc,phases      ] GC(48)     Dead                           Min: 0, Avg:  0.0, Max: 0, Diff: 0, Sum: 0, Workers: 4
[22.258s][debug][gc,phases      ] GC(48)     Total                          Min: 0, Avg:  0.0, Max: 0, Diff: 0, Sum: 0, Workers: 4
[22.258s][debug][gc,phases      ] GC(48)   StringDedup Requests1 Weak     Min:  0.0, Avg:  0.0, Max:  0.0, Diff:  0.0, Sum:  0.0, Workers: 4
[22.258s][debug][gc,phases      ] GC(48)     Dead                           Min: 0, Avg:  0.0, Max: 0, Diff: 0, Sum: 0, Workers: 4
[22.258s][debug][gc,phases      ] GC(48)     Total                          Min: 0, Avg:  0.0, Max: 0, Diff: 0, Sum: 0, Workers: 4
[22.258s][debug][gc,phases      ] GC(48)   Weak JFR Old Object Samples    Min:  0.0, Avg:  0.0, Max:  0.0, Diff:  0.0, Sum:  0.0, Workers: 4
[22.258s][debug][gc,phases      ] GC(48)     Dead                           Min: 0, Avg:  0.0, Max: 0, Diff: 0, Sum: 0, Workers: 4
[22.258s][debug][gc,phases      ] GC(48)     Total                          Min: 0, Avg:  0.0, Max: 0, Diff: 0, Sum: 0, Workers: 4
[22.258s][debug][gc,phases      ] GC(48) Weak Processing 0.245ms
[22.258s][debug][gc,age         ] GC(48) Desired survivor size 402653184 bytes, new threshold 15 (max threshold 15)
[22.258s][info ][gc,heap        ] GC(48) PSYoungGen: 1331456K(1697280K)->7372K(1333760K) Eden: 1326080K(1326080K)->0K(1326080K) From: 5376K(371200K)->7372K(7680K)
[22.258s][info ][gc,heap        ] GC(48) ParOldGen: 524145K(683008K)->524169K(683008K)
[22.258s][info ][gc,metaspace   ] GC(48) Metaspace: 69124K(69888K)->69124K(69888K) NonClass: 59035K(59456K)->59035K(59456K) Class: 10088K(10432K)->10088K(10432K)
[22.258s][info ][gc             ] GC(48) Pause Young (Allocation Failure) 1812M->519M(1969M) 3.422ms
[22.258s][info ][gc,cpu         ] GC(48) User=0.02s Sys=0.00s Real=0.01s
[22.258s][info ][safepoint      ] Safepoint "ParallelGCFailedAllocation", Time since last: 42106235 ns, Reaching safepoint: 2145206 ns, At safepoint: 3522012 ns, Total: 5667218 ns
[22.356s][info ][safepoint      ] Safepoint "ICBufferFull", Time since last: 98327314 ns, Reaching safepoint: 112100 ns, At safepoint: 23800 ns, Total: 135900 ns
[22.359s][info ][safepoint      ] Safepoint "ICBufferFull", Time since last: 2397608 ns, Reaching safepoint: 98000 ns, At safepoint: 23800 ns, Total: 121800 ns
[22.512s][info ][gc,start       ] GC(49) Pause Young (Allocation Failure)
[22.515s][debug][gc,phases      ] GC(49) Scavenge 3.598ms
[22.515s][debug][gc,ref         ] GC(49) Skipped phase 1 of Reference Processing: no references
[22.515s][debug][gc,ref         ] GC(49) ReferenceProcessor::execute queues: 1, RefProcThreadModel::Single, marks_oops_alive: false
[22.515s][debug][gc,ref         ] GC(49) Skipped phase 3 of Reference Processing: no references
[22.515s][debug][gc,ref         ] GC(49) ReferenceProcessor::execute queues: 1, RefProcThreadModel::Single, marks_oops_alive: false
[22.515s][debug][gc,phases      ] GC(49) Reference Processing 0.108ms
[22.516s][debug][gc,phases      ] GC(49)   VM Weak                        Min:  0.0, Avg:  0.0, Max:  0.0, Diff:  0.0, Sum:  0.0, Workers: 4
[22.516s][debug][gc,phases      ] GC(49)     Dead                           Min: 0, Avg:  0.0, Max: 0, Diff: 0, Sum: 0, Workers: 4
[22.516s][debug][gc,phases      ] GC(49)     Total                          Min: 0, Avg: 153.8, Max: 551, Diff: 551, Sum: 615, Workers: 4
[22.516s][debug][gc,phases      ] GC(49)   ObjectSynchronizer Weak        Min:  0.0, Avg:  0.0, Max:  0.0, Diff:  0.0, Sum:  0.0, Workers: 4
[22.516s][debug][gc,phases      ] GC(49)     Dead                           Min: 0, Avg:  0.0, Max: 0, Diff: 0, Sum: 0, Workers: 4
[22.516s][debug][gc,phases      ] GC(49)     Total                          Min: 0, Avg: 87.8, Max: 223, Diff: 223, Sum: 351, Workers: 4
[22.516s][debug][gc,phases      ] GC(49)   JVMTI Tag Weak OopStorage      Min:  0.0, Avg:  0.0, Max:  0.0, Diff:  0.0, Sum:  0.0, Workers: 4
[22.516s][debug][gc,phases      ] GC(49)     Dead                           Min: 0, Avg:  0.0, Max: 0, Diff: 0, Sum: 0, Workers: 4
[22.516s][debug][gc,phases      ] GC(49)     Total                          Min: 0, Avg:  0.0, Max: 0, Diff: 0, Sum: 0, Workers: 4
[22.516s][debug][gc,phases      ] GC(49)   StringTable Weak               Min:  0.1, Avg:  0.1, Max:  0.1, Diff:  0.0, Sum:  0.3, Workers: 4
[22.516s][debug][gc,phases      ] GC(49)     Dead                           Min: 0, Avg:  0.0, Max: 0, Diff: 0, Sum: 0, Workers: 4
[22.516s][debug][gc,phases      ] GC(49)     Total                          Min: 8059, Avg: 10745.2, Max: 11900, Diff: 3841, Sum: 42981, Workers: 4
[22.516s][debug][gc,phases      ] GC(49)   ResolvedMethodTable Weak       Min:  0.0, Avg:  0.0, Max:  0.0, Diff:  0.0, Sum:  0.1, Workers: 4
[22.516s][debug][gc,phases      ] GC(49)     Dead                           Min: 0, Avg:  0.0, Max: 0, Diff: 0, Sum: 0, Workers: 4
[22.516s][debug][gc,phases      ] GC(49)     Total                          Min: 768, Avg: 1838.5, Max: 2746, Diff: 1978, Sum: 7354, Workers: 4
[22.516s][debug][gc,phases      ] GC(49)   JNI Weak                       Min:  0.0, Avg:  0.0, Max:  0.0, Diff:  0.0, Sum:  0.0, Workers: 4
[22.516s][debug][gc,phases      ] GC(49)     Dead                           Min: 0, Avg:  0.0, Max: 0, Diff: 0, Sum: 0, Workers: 4
[22.516s][debug][gc,phases      ] GC(49)     Total                          Min: 0, Avg:  1.2, Max: 5, Diff: 5, Sum: 5, Workers: 4
[22.516s][debug][gc,phases      ] GC(49)   StringDedup Table Weak         Min:  0.0, Avg:  0.0, Max:  0.0, Diff:  0.0, Sum:  0.0, Workers: 4
[22.516s][debug][gc,phases      ] GC(49)     Dead                           Min: 0, Avg:  0.0, Max: 0, Diff: 0, Sum: 0, Workers: 4
[22.516s][debug][gc,phases      ] GC(49)     Total                          Min: 0, Avg:  0.0, Max: 0, Diff: 0, Sum: 0, Workers: 4
[22.516s][debug][gc,phases      ] GC(49)   StringDedup Requests0 Weak     Min:  0.0, Avg:  0.0, Max:  0.0, Diff:  0.0, Sum:  0.0, Workers: 4
[22.516s][debug][gc,phases      ] GC(49)     Dead                           Min: 0, Avg:  0.0, Max: 0, Diff: 0, Sum: 0, Workers: 4
[22.516s][debug][gc,phases      ] GC(49)     Total                          Min: 0, Avg:  0.0, Max: 0, Diff: 0, Sum: 0, Workers: 4
[22.516s][debug][gc,phases      ] GC(49)   StringDedup Requests1 Weak     Min:  0.0, Avg:  0.0, Max:  0.0, Diff:  0.0, Sum:  0.0, Workers: 4
[22.516s][debug][gc,phases      ] GC(49)     Dead                           Min: 0, Avg:  0.0, Max: 0, Diff: 0, Sum: 0, Workers: 4
[22.516s][debug][gc,phases      ] GC(49)     Total                          Min: 0, Avg:  0.0, Max: 0, Diff: 0, Sum: 0, Workers: 4
[22.516s][debug][gc,phases      ] GC(49)   Weak JFR Old Object Samples    Min:  0.0, Avg:  0.0, Max:  0.0, Diff:  0.0, Sum:  0.0, Workers: 4
[22.516s][debug][gc,phases      ] GC(49)     Dead                           Min: 0, Avg:  0.0, Max: 0, Diff: 0, Sum: 0, Workers: 4
[22.516s][debug][gc,phases      ] GC(49)     Total                          Min: 0, Avg:  0.0, Max: 0, Diff: 0, Sum: 0, Workers: 4
[22.516s][debug][gc,phases      ] GC(49) Weak Processing 0.249ms
[22.516s][debug][gc,age         ] GC(49) Desired survivor size 404750336 bytes, new threshold 15 (max threshold 15)
[22.516s][info ][gc,heap        ] GC(49) PSYoungGen: 1333452K(1333760K)->9280K(1699840K) Eden: 1326080K(1326080K)->0K(1306624K) From: 7372K(7680K)->9280K(393216K)
[22.516s][info ][gc,heap        ] GC(49) ParOldGen: 524169K(683008K)->524233K(683008K)
[22.516s][info ][gc,metaspace   ] GC(49) Metaspace: 69160K(69952K)->69160K(69952K) NonClass: 59071K(59520K)->59071K(59520K) Class: 10088K(10432K)->10088K(10432K)
[22.516s][info ][gc             ] GC(49) Pause Young (Allocation Failure) 1814M->521M(2327M) 4.057ms
[22.516s][info ][gc,cpu         ] GC(49) User=0.02s Sys=0.00s Real=0.00s
[22.516s][info ][safepoint      ] Safepoint "ParallelGCFailedAllocation", Time since last: 152594588 ns, Reaching safepoint: 126700 ns, At safepoint: 4141514 ns, Total: 4268214 ns
[22.661s][info ][safepoint      ] Safepoint "ICBufferFull", Time since last: 145060463 ns, Reaching safepoint: 119301 ns, At safepoint: 28000 ns, Total: 147301 ns
[22.668s][info ][safepoint      ] Safepoint "ICBufferFull", Time since last: 6803421 ns, Reaching safepoint: 109801 ns, At safepoint: 29100 ns, Total: 138901 ns
[22.682s][info ][safepoint      ] Safepoint "ICBufferFull", Time since last: 12112039 ns, Reaching safepoint: 2110706 ns, At safepoint: 30600 ns, Total: 2141306 ns
[22.713s][info ][safepoint      ] Safepoint "ICBufferFull", Time since last: 31003499 ns, Reaching safepoint: 119401 ns, At safepoint: 27500 ns, Total: 146901 ns
[22.717s][info ][safepoint      ] Safepoint "ICBufferFull", Time since last: 3064810 ns, Reaching safepoint: 103900 ns, At safepoint: 25500 ns, Total: 129400 ns
[22.773s][info ][safepoint      ] Safepoint "ICBufferFull", Time since last: 56255780 ns, Reaching safepoint: 116300 ns, At safepoint: 25700 ns, Total: 142000 ns
[22.785s][info ][safepoint      ] Safepoint "ICBufferFull", Time since last: 9481631 ns, Reaching safepoint: 2136406 ns, At safepoint: 31401 ns, Total: 2167807 ns
[22.815s][info ][safepoint      ] Safepoint "ICBufferFull", Time since last: 30676598 ns, Reaching safepoint: 107400 ns, At safepoint: 16000 ns, Total: 123400 ns
[22.816s][info ][gc,start       ] GC(50) Pause Young (Allocation Failure)
[22.820s][debug][gc,phases      ] GC(50) Scavenge 3.875ms
[22.820s][debug][gc,ref         ] GC(50) Skipped phase 1 of Reference Processing: no references
[22.820s][debug][gc,ref         ] GC(50) ReferenceProcessor::execute queues: 1, RefProcThreadModel::Single, marks_oops_alive: false
[22.820s][debug][gc,ref         ] GC(50) Skipped phase 3 of Reference Processing: no references
[22.820s][debug][gc,ref         ] GC(50) ReferenceProcessor::execute queues: 1, RefProcThreadModel::Single, marks_oops_alive: false
[22.820s][debug][gc,phases      ] GC(50) Reference Processing 0.109ms
[22.820s][debug][gc,phases      ] GC(50)   VM Weak                        Min:  0.0, Avg:  0.0, Max:  0.0, Diff:  0.0, Sum:  0.0, Workers: 4
[22.820s][debug][gc,phases      ] GC(50)     Dead                           Min: 0, Avg:  0.0, Max: 0, Diff: 0, Sum: 0, Workers: 4
[22.820s][debug][gc,phases      ] GC(50)     Total                          Min: 0, Avg: 153.8, Max: 615, Diff: 615, Sum: 615, Workers: 4
[22.820s][debug][gc,phases      ] GC(50)   ObjectSynchronizer Weak        Min:  0.0, Avg:  0.0, Max:  0.0, Diff:  0.0, Sum:  0.0, Workers: 4
[22.820s][debug][gc,phases      ] GC(50)     Dead                           Min: 0, Avg:  0.0, Max: 0, Diff: 0, Sum: 0, Workers: 4
[22.820s][debug][gc,phases      ] GC(50)     Total                          Min: 0, Avg: 87.8, Max: 287, Diff: 287, Sum: 351, Workers: 4
[22.820s][debug][gc,phases      ] GC(50)   JVMTI Tag Weak OopStorage      Min:  0.0, Avg:  0.0, Max:  0.0, Diff:  0.0, Sum:  0.0, Workers: 4
[22.820s][debug][gc,phases      ] GC(50)     Dead                           Min: 0, Avg:  0.0, Max: 0, Diff: 0, Sum: 0, Workers: 4
[22.820s][debug][gc,phases      ] GC(50)     Total                          Min: 0, Avg:  0.0, Max: 0, Diff: 0, Sum: 0, Workers: 4
[22.820s][debug][gc,phases      ] GC(50)   StringTable Weak               Min:  0.1, Avg:  0.1, Max:  0.1, Diff:  0.0, Sum:  0.3, Workers: 4
[22.820s][debug][gc,phases      ] GC(50)     Dead                           Min: 0, Avg:  2.8, Max: 11, Diff: 11, Sum: 11, Workers: 4
[22.820s][debug][gc,phases      ] GC(50)     Total                          Min: 8576, Avg: 10745.8, Max: 13308, Diff: 4732, Sum: 42983, Workers: 4
[22.820s][debug][gc,phases      ] GC(50)   ResolvedMethodTable Weak       Min:  0.0, Avg:  0.0, Max:  0.0, Diff:  0.0, Sum:  0.1, Workers: 4
[22.820s][debug][gc,phases      ] GC(50)     Dead                           Min: 0, Avg:  0.0, Max: 0, Diff: 0, Sum: 0, Workers: 4
[22.820s][debug][gc,phases      ] GC(50)     Total                          Min: 1472, Avg: 1838.5, Max: 2176, Diff: 704, Sum: 7354, Workers: 4
[22.820s][debug][gc,phases      ] GC(50)   JNI Weak                       Min:  0.0, Avg:  0.0, Max:  0.0, Diff:  0.0, Sum:  0.0, Workers: 4
[22.820s][debug][gc,phases      ] GC(50)     Dead                           Min: 0, Avg:  0.0, Max: 0, Diff: 0, Sum: 0, Workers: 4
[22.820s][debug][gc,phases      ] GC(50)     Total                          Min: 0, Avg:  1.8, Max: 7, Diff: 7, Sum: 7, Workers: 4
[22.820s][debug][gc,phases      ] GC(50)   StringDedup Table Weak         Min:  0.0, Avg:  0.0, Max:  0.0, Diff:  0.0, Sum:  0.0, Workers: 4
[22.820s][debug][gc,phases      ] GC(50)     Dead                           Min: 0, Avg:  0.0, Max: 0, Diff: 0, Sum: 0, Workers: 4
[22.820s][debug][gc,phases      ] GC(50)     Total                          Min: 0, Avg:  0.0, Max: 0, Diff: 0, Sum: 0, Workers: 4
[22.820s][debug][gc,phases      ] GC(50)   StringDedup Requests0 Weak     Min:  0.0, Avg:  0.0, Max:  0.0, Diff:  0.0, Sum:  0.0, Workers: 4
[22.820s][debug][gc,phases      ] GC(50)     Dead                           Min: 0, Avg:  0.0, Max: 0, Diff: 0, Sum: 0, Workers: 4
[22.820s][debug][gc,phases      ] GC(50)     Total                          Min: 0, Avg:  0.0, Max: 0, Diff: 0, Sum: 0, Workers: 4
[22.820s][debug][gc,phases      ] GC(50)   StringDedup Requests1 Weak     Min:  0.0, Avg:  0.0, Max:  0.0, Diff:  0.0, Sum:  0.0, Workers: 4
[22.820s][debug][gc,phases      ] GC(50)     Dead                           Min: 0, Avg:  0.0, Max: 0, Diff: 0, Sum: 0, Workers: 4
[22.820s][debug][gc,phases      ] GC(50)     Total                          Min: 0, Avg:  0.0, Max: 0, Diff: 0, Sum: 0, Workers: 4
[22.820s][debug][gc,phases      ] GC(50)   Weak JFR Old Object Samples    Min:  0.0, Avg:  0.0, Max:  0.0, Diff:  0.0, Sum:  0.0, Workers: 4
[22.820s][debug][gc,phases      ] GC(50)     Dead                           Min: 0, Avg:  0.0, Max: 0, Diff: 0, Sum: 0, Workers: 4
[22.820s][debug][gc,phases      ] GC(50)     Total                          Min: 0, Avg:  0.0, Max: 0, Diff: 0, Sum: 0, Workers: 4
[22.820s][debug][gc,phases      ] GC(50) Weak Processing 0.276ms
[22.820s][debug][gc,age         ] GC(50) Desired survivor size 402128896 bytes, new threshold 15 (max threshold 15)
[22.820s][info ][gc,heap        ] GC(50) PSYoungGen: 1315904K(1699840K)->10656K(1701888K) Eden: 1306624K(1306624K)->0K(1306624K) From: 9280K(393216K)->10656K(395264K)
[22.820s][info ][gc,heap        ] GC(50) ParOldGen: 524233K(683008K)->524257K(683008K)
[22.820s][info ][gc,metaspace   ] GC(50) Metaspace: 69168K(69952K)->69168K(69952K) NonClass: 59079K(59520K)->59079K(59520K) Class: 10088K(10432K)->10088K(10432K)
[22.820s][info ][gc             ] GC(50) Pause Young (Allocation Failure) 1797M->522M(2329M) 4.346ms
[22.820s][info ][gc,cpu         ] GC(50) User=0.01s Sys=0.00s Real=0.01s
[22.820s][info ][safepoint      ] Safepoint "ParallelGCFailedAllocation", Time since last: 69300 ns, Reaching safepoint: 84101 ns, At safepoint: 4420414 ns, Total: 4504515 ns
[22.939s][info ][safepoint      ] Safepoint "ICBufferFull", Time since last: 119185181 ns, Reaching safepoint: 128000 ns, At safepoint: 33900 ns, Total: 161900 ns
[22.948s][info ][safepoint      ] Safepoint "ICBufferFull", Time since last: 7639924 ns, Reaching safepoint: 1021104 ns, At safepoint: 31300 ns, Total: 1052404 ns
[22.981s][info ][safepoint      ] Safepoint "ICBufferFull", Time since last: 32630104 ns, Reaching safepoint: 112701 ns, At safepoint: 24200 ns, Total: 136901 ns
[23.022s][info ][safepoint      ] Safepoint "ICBufferFull", Time since last: 40805430 ns, Reaching safepoint: 121100 ns, At safepoint: 28600 ns, Total: 149700 ns
[23.037s][info ][safepoint      ] Safepoint "ICBufferFull", Time since last: 14967648 ns, Reaching safepoint: 110801 ns, At safepoint: 27300 ns, Total: 138101 ns
[23.040s][info ][gc,start       ] GC(51) Pause Young (Allocation Failure)
[23.044s][debug][gc,phases      ] GC(51) Scavenge 3.691ms
[23.044s][debug][gc,ref         ] GC(51) Skipped phase 1 of Reference Processing: no references
[23.044s][debug][gc,ref         ] GC(51) ReferenceProcessor::execute queues: 1, RefProcThreadModel::Single, marks_oops_alive: false
[23.044s][debug][gc,ref         ] GC(51) Skipped phase 3 of Reference Processing: no references
[23.044s][debug][gc,ref         ] GC(51) ReferenceProcessor::execute queues: 1, RefProcThreadModel::Single, marks_oops_alive: false
[23.044s][debug][gc,phases      ] GC(51) Reference Processing 0.090ms
[23.044s][debug][gc,phases      ] GC(51)   VM Weak                        Min:  0.0, Avg:  0.0, Max:  0.0, Diff:  0.0, Sum:  0.0, Workers: 4
[23.044s][debug][gc,phases      ] GC(51)     Dead                           Min: 0, Avg:  0.0, Max: 0, Diff: 0, Sum: 0, Workers: 4
[23.044s][debug][gc,phases      ] GC(51)     Total                          Min: 0, Avg: 153.8, Max: 320, Diff: 320, Sum: 615, Workers: 4
[23.044s][debug][gc,phases      ] GC(51)   ObjectSynchronizer Weak        Min:  0.0, Avg:  0.0, Max:  0.0, Diff:  0.0, Sum:  0.0, Workers: 4
[23.044s][debug][gc,phases      ] GC(51)     Dead                           Min: 0, Avg:  0.0, Max: 0, Diff: 0, Sum: 0, Workers: 4
[23.044s][debug][gc,phases      ] GC(51)     Total                          Min: 0, Avg: 87.8, Max: 192, Diff: 192, Sum: 351, Workers: 4
[23.044s][debug][gc,phases      ] GC(51)   JVMTI Tag Weak OopStorage      Min:  0.0, Avg:  0.0, Max:  0.0, Diff:  0.0, Sum:  0.0, Workers: 4
[23.044s][debug][gc,phases      ] GC(51)     Dead                           Min: 0, Avg:  0.0, Max: 0, Diff: 0, Sum: 0, Workers: 4
[23.044s][debug][gc,phases      ] GC(51)     Total                          Min: 0, Avg:  0.0, Max: 0, Diff: 0, Sum: 0, Workers: 4
[23.044s][debug][gc,phases      ] GC(51)   StringTable Weak               Min:  0.1, Avg:  0.1, Max:  0.1, Diff:  0.0, Sum:  0.3, Workers: 4
[23.044s][debug][gc,phases      ] GC(51)     Dead                           Min: 0, Avg:  0.0, Max: 0, Diff: 0, Sum: 0, Workers: 4
[23.044s][debug][gc,phases      ] GC(51)     Total                          Min: 7232, Avg: 10748.0, Max: 13184, Diff: 5952, Sum: 42992, Workers: 4
[23.044s][debug][gc,phases      ] GC(51)   ResolvedMethodTable Weak       Min:  0.0, Avg:  0.0, Max:  0.0, Diff:  0.0, Sum:  0.1, Workers: 4
[23.044s][debug][gc,phases      ] GC(51)     Dead                           Min: 0, Avg:  0.0, Max: 0, Diff: 0, Sum: 0, Workers: 4
[23.044s][debug][gc,phases      ] GC(51)     Total                          Min: 1536, Avg: 1838.5, Max: 2176, Diff: 640, Sum: 7354, Workers: 4
[23.044s][debug][gc,phases      ] GC(51)   JNI Weak                       Min:  0.0, Avg:  0.0, Max:  0.0, Diff:  0.0, Sum:  0.0, Workers: 4
[23.044s][debug][gc,phases      ] GC(51)     Dead                           Min: 0, Avg:  0.0, Max: 0, Diff: 0, Sum: 0, Workers: 4
[23.044s][debug][gc,phases      ] GC(51)     Total                          Min: 0, Avg:  0.2, Max: 1, Diff: 1, Sum: 1, Workers: 4
[23.044s][debug][gc,phases      ] GC(51)   StringDedup Table Weak         Min:  0.0, Avg:  0.0, Max:  0.0, Diff:  0.0, Sum:  0.0, Workers: 4
[23.044s][debug][gc,phases      ] GC(51)     Dead                           Min: 0, Avg:  0.0, Max: 0, Diff: 0, Sum: 0, Workers: 4
[23.044s][debug][gc,phases      ] GC(51)     Total                          Min: 0, Avg:  0.0, Max: 0, Diff: 0, Sum: 0, Workers: 4
[23.044s][debug][gc,phases      ] GC(51)   StringDedup Requests0 Weak     Min:  0.0, Avg:  0.0, Max:  0.0, Diff:  0.0, Sum:  0.0, Workers: 4
[23.044s][debug][gc,phases      ] GC(51)     Dead                           Min: 0, Avg:  0.0, Max: 0, Diff: 0, Sum: 0, Workers: 4
[23.044s][debug][gc,phases      ] GC(51)     Total                          Min: 0, Avg:  0.0, Max: 0, Diff: 0, Sum: 0, Workers: 4
[23.044s][debug][gc,phases      ] GC(51)   StringDedup Requests1 Weak     Min:  0.0, Avg:  0.0, Max:  0.0, Diff:  0.0, Sum:  0.0, Workers: 4
[23.044s][debug][gc,phases      ] GC(51)     Dead                           Min: 0, Avg:  0.0, Max: 0, Diff: 0, Sum: 0, Workers: 4
[23.044s][debug][gc,phases      ] GC(51)     Total                          Min: 0, Avg:  0.0, Max: 0, Diff: 0, Sum: 0, Workers: 4
[23.044s][debug][gc,phases      ] GC(51)   Weak JFR Old Object Samples    Min:  0.0, Avg:  0.0, Max:  0.0, Diff:  0.0, Sum:  0.0, Workers: 4
[23.044s][debug][gc,phases      ] GC(51)     Dead                           Min: 0, Avg:  0.0, Max: 0, Diff: 0, Sum: 0, Workers: 4
[23.044s][debug][gc,phases      ] GC(51)     Total                          Min: 0, Avg:  0.0, Max: 0, Diff: 0, Sum: 0, Workers: 4
[23.044s][debug][gc,phases      ] GC(51) Weak Processing 0.254ms
[23.044s][debug][gc,age         ] GC(51) Desired survivor size 395837440 bytes, new threshold 15 (max threshold 15)
[23.044s][info ][gc,heap        ] GC(51) PSYoungGen: 1317280K(1701888K)->11648K(1710592K) Eden: 1306624K(1306624K)->0K(1317888K) From: 10656K(395264K)->11648K(392704K)
[23.044s][info ][gc,heap        ] GC(51) ParOldGen: 524257K(683008K)->524281K(683008K)
[23.044s][info ][gc,metaspace   ] GC(51) Metaspace: 69176K(69952K)->69176K(69952K) NonClass: 59087K(59520K)->59087K(59520K) Class: 10088K(10432K)->10088K(10432K)
[23.044s][info ][gc             ] GC(51) Pause Young (Allocation Failure) 1798M->523M(2337M) 4.126ms
[23.044s][info ][gc,cpu         ] GC(51) User=0.02s Sys=0.00s Real=0.01s
[23.045s][info ][safepoint      ] Safepoint "ParallelGCFailedAllocation", Time since last: 3317810 ns, Reaching safepoint: 100901 ns, At safepoint: 4211813 ns, Total: 4312714 ns
[23.140s][info ][safepoint      ] Safepoint "ICBufferFull", Time since last: 95716006 ns, Reaching safepoint: 134801 ns, At safepoint: 32900 ns, Total: 167701 ns
[23.142s][info ][safepoint      ] Safepoint "ICBufferFull", Time since last: 1514305 ns, Reaching safepoint: 92700 ns, At safepoint: 30100 ns, Total: 122800 ns
[23.214s][info ][safepoint      ] Safepoint "ICBufferFull", Time since last: 71606729 ns, Reaching safepoint: 146300 ns, At safepoint: 27100 ns, Total: 173400 ns
[23.310s][info ][gc,start       ] GC(52) Pause Young (Allocation Failure)
[23.318s][debug][gc,phases      ] GC(52) Scavenge 8.117ms
[23.318s][debug][gc,ref         ] GC(52) Skipped phase 1 of Reference Processing: no references
[23.318s][debug][gc,ref         ] GC(52) ReferenceProcessor::execute queues: 1, RefProcThreadModel::Single, marks_oops_alive: false
[23.318s][debug][gc,ref         ] GC(52) Skipped phase 3 of Reference Processing: no references
[23.318s][debug][gc,ref         ] GC(52) ReferenceProcessor::execute queues: 1, RefProcThreadModel::Single, marks_oops_alive: false
[23.318s][debug][gc,phases      ] GC(52) Reference Processing 0.108ms
[23.319s][debug][gc,phases      ] GC(52)   VM Weak                        Min:  0.0, Avg:  0.0, Max:  0.0, Diff:  0.0, Sum:  0.0, Workers: 4
[23.319s][debug][gc,phases      ] GC(52)     Dead                           Min: 0, Avg:  0.0, Max: 0, Diff: 0, Sum: 0, Workers: 4
[23.319s][debug][gc,phases      ] GC(52)     Total                          Min: 0, Avg: 154.0, Max: 448, Diff: 448, Sum: 616, Workers: 4
[23.319s][debug][gc,phases      ] GC(52)   ObjectSynchronizer Weak        Min:  0.0, Avg:  0.0, Max:  0.0, Diff:  0.0, Sum:  0.0, Workers: 4
[23.319s][debug][gc,phases      ] GC(52)     Dead                           Min: 0, Avg:  0.0, Max: 0, Diff: 0, Sum: 0, Workers: 4
[23.319s][debug][gc,phases      ] GC(52)     Total                          Min: 0, Avg: 87.8, Max: 192, Diff: 192, Sum: 351, Workers: 4
[23.319s][debug][gc,phases      ] GC(52)   JVMTI Tag Weak OopStorage      Min:  0.0, Avg:  0.0, Max:  0.0, Diff:  0.0, Sum:  0.0, Workers: 4
[23.319s][debug][gc,phases      ] GC(52)     Dead                           Min: 0, Avg:  0.0, Max: 0, Diff: 0, Sum: 0, Workers: 4
[23.319s][debug][gc,phases      ] GC(52)     Total                          Min: 0, Avg:  0.0, Max: 0, Diff: 0, Sum: 0, Workers: 4
[23.319s][debug][gc,phases      ] GC(52)   StringTable Weak               Min:  0.1, Avg:  0.1, Max:  0.1, Diff:  0.0, Sum:  0.4, Workers: 4
[23.319s][debug][gc,phases      ] GC(52)     Dead                           Min: 0, Avg:  2.8, Max: 11, Diff: 11, Sum: 11, Workers: 4
[23.319s][debug][gc,phases      ] GC(52)     Total                          Min: 8766, Avg: 10751.5, Max: 14016, Diff: 5250, Sum: 43006, Workers: 4
[23.319s][debug][gc,phases      ] GC(52)   ResolvedMethodTable Weak       Min:  0.0, Avg:  0.0, Max:  0.0, Diff:  0.0, Sum:  0.1, Workers: 4
[23.319s][debug][gc,phases      ] GC(52)     Dead                           Min: 0, Avg:  0.0, Max: 0, Diff: 0, Sum: 0, Workers: 4
[23.319s][debug][gc,phases      ] GC(52)     Total                          Min: 1538, Avg: 1840.5, Max: 2368, Diff: 830, Sum: 7362, Workers: 4
[23.319s][debug][gc,phases      ] GC(52)   JNI Weak                       Min:  0.0, Avg:  0.0, Max:  0.0, Diff:  0.0, Sum:  0.0, Workers: 4
[23.319s][debug][gc,phases      ] GC(52)     Dead                           Min: 0, Avg:  0.0, Max: 0, Diff: 0, Sum: 0, Workers: 4
[23.319s][debug][gc,phases      ] GC(52)     Total                          Min: 0, Avg:  4.5, Max: 18, Diff: 18, Sum: 18, Workers: 4
[23.319s][debug][gc,phases      ] GC(52)   StringDedup Table Weak         Min:  0.0, Avg:  0.0, Max:  0.0, Diff:  0.0, Sum:  0.0, Workers: 4
[23.319s][debug][gc,phases      ] GC(52)     Dead                           Min: 0, Avg:  0.0, Max: 0, Diff: 0, Sum: 0, Workers: 4
[23.319s][debug][gc,phases      ] GC(52)     Total                          Min: 0, Avg:  0.0, Max: 0, Diff: 0, Sum: 0, Workers: 4
[23.319s][debug][gc,phases      ] GC(52)   StringDedup Requests0 Weak     Min:  0.0, Avg:  0.0, Max:  0.0, Diff:  0.0, Sum:  0.0, Workers: 4
[23.319s][debug][gc,phases      ] GC(52)     Dead                           Min: 0, Avg:  0.0, Max: 0, Diff: 0, Sum: 0, Workers: 4
[23.319s][debug][gc,phases      ] GC(52)     Total                          Min: 0, Avg:  0.0, Max: 0, Diff: 0, Sum: 0, Workers: 4
[23.319s][debug][gc,phases      ] GC(52)   StringDedup Requests1 Weak     Min:  0.0, Avg:  0.0, Max:  0.0, Diff:  0.0, Sum:  0.0, Workers: 4
[23.319s][debug][gc,phases      ] GC(52)     Dead                           Min: 0, Avg:  0.0, Max: 0, Diff: 0, Sum: 0, Workers: 4
[23.319s][debug][gc,phases      ] GC(52)     Total                          Min: 0, Avg:  0.0, Max: 0, Diff: 0, Sum: 0, Workers: 4
[23.319s][debug][gc,phases      ] GC(52)   Weak JFR Old Object Samples    Min:  0.0, Avg:  0.0, Max:  0.0, Diff:  0.0, Sum:  0.0, Workers: 4
[23.319s][debug][gc,phases      ] GC(52)     Dead                           Min: 0, Avg:  0.0, Max: 0, Diff: 0, Sum: 0, Workers: 4
[23.319s][debug][gc,phases      ] GC(52)     Total                          Min: 0, Avg:  0.0, Max: 0, Diff: 0, Sum: 0, Workers: 4
[23.319s][debug][gc,phases      ] GC(52) Weak Processing 0.335ms
[23.319s][debug][gc,age         ] GC(52) Desired survivor size 386400256 bytes, new threshold 15 (max threshold 15)
[23.319s][info ][gc,heap        ] GC(52) PSYoungGen: 1329536K(1710592K)->14016K(1704448K) Eden: 1317888K(1317888K)->0K(1317888K) From: 11648K(392704K)->14016K(386560K)
[23.319s][info ][gc,heap        ] GC(52) ParOldGen: 524281K(683008K)->524305K(683008K)
[23.319s][info ][gc,metaspace   ] GC(52) Metaspace: 69232K(70016K)->69232K(70016K) NonClass: 59141K(59584K)->59141K(59584K) Class: 10091K(10432K)->10091K(10432K)
[23.319s][info ][gc             ] GC(52) Pause Young (Allocation Failure) 1810M->525M(2331M) 8.657ms
[23.319s][info ][gc,cpu         ] GC(52) User=0.04s Sys=0.00s Real=0.01s
[23.319s][info ][safepoint      ] Safepoint "ParallelGCFailedAllocation", Time since last: 96116808 ns, Reaching safepoint: 128400 ns, At safepoint: 8745328 ns, Total: 8873728 ns
[23.464s][info ][safepoint      ] Safepoint "ICBufferFull", Time since last: 144961963 ns, Reaching safepoint: 127401 ns, At safepoint: 36300 ns, Total: 163701 ns
[23.550s][info ][gc,start       ] GC(53) Pause Young (Allocation Failure)
[23.556s][debug][gc,phases      ] GC(53) Scavenge 5.833ms
[23.556s][debug][gc,ref         ] GC(53) Skipped phase 1 of Reference Processing: no references
[23.556s][debug][gc,ref         ] GC(53) ReferenceProcessor::execute queues: 1, RefProcThreadModel::Single, marks_oops_alive: false
[23.556s][debug][gc,ref         ] GC(53) Skipped phase 3 of Reference Processing: no references
[23.556s][debug][gc,ref         ] GC(53) ReferenceProcessor::execute queues: 1, RefProcThreadModel::Single, marks_oops_alive: false
[23.556s][debug][gc,phases      ] GC(53) Reference Processing 0.107ms
[23.556s][debug][gc,phases      ] GC(53)   VM Weak                        Min:  0.0, Avg:  0.0, Max:  0.0, Diff:  0.0, Sum:  0.0, Workers: 4
[23.556s][debug][gc,phases      ] GC(53)     Dead                           Min: 0, Avg:  0.0, Max: 0, Diff: 0, Sum: 0, Workers: 4
[23.556s][debug][gc,phases      ] GC(53)     Total                          Min: 0, Avg: 154.0, Max: 360, Diff: 360, Sum: 616, Workers: 4
[23.556s][debug][gc,phases      ] GC(53)   ObjectSynchronizer Weak        Min:  0.0, Avg:  0.0, Max:  0.0, Diff:  0.0, Sum:  0.0, Workers: 4
[23.556s][debug][gc,phases      ] GC(53)     Dead                           Min: 0, Avg:  0.0, Max: 0, Diff: 0, Sum: 0, Workers: 4
[23.556s][debug][gc,phases      ] GC(53)     Total                          Min: 0, Avg: 87.8, Max: 128, Diff: 128, Sum: 351, Workers: 4
[23.556s][debug][gc,phases      ] GC(53)   JVMTI Tag Weak OopStorage      Min:  0.0, Avg:  0.0, Max:  0.0, Diff:  0.0, Sum:  0.0, Workers: 4
[23.556s][debug][gc,phases      ] GC(53)     Dead                           Min: 0, Avg:  0.0, Max: 0, Diff: 0, Sum: 0, Workers: 4
[23.556s][debug][gc,phases      ] GC(53)     Total                          Min: 0, Avg:  0.0, Max: 0, Diff: 0, Sum: 0, Workers: 4
[23.556s][debug][gc,phases      ] GC(53)   StringTable Weak               Min:  0.1, Avg:  0.1, Max:  0.1, Diff:  0.0, Sum:  0.3, Workers: 4
[23.556s][debug][gc,phases      ] GC(53)     Dead                           Min: 0, Avg:  0.5, Max: 2, Diff: 2, Sum: 2, Workers: 4
[23.556s][debug][gc,phases      ] GC(53)     Total                          Min: 8192, Avg: 10758.0, Max: 13632, Diff: 5440, Sum: 43032, Workers: 4
[23.556s][debug][gc,phases      ] GC(53)   ResolvedMethodTable Weak       Min:  0.0, Avg:  0.0, Max:  0.0, Diff:  0.0, Sum:  0.1, Workers: 4
[23.556s][debug][gc,phases      ] GC(53)     Dead                           Min: 0, Avg:  4.2, Max: 17, Diff: 17, Sum: 17, Workers: 4
[23.556s][debug][gc,phases      ] GC(53)     Total                          Min: 1425, Avg: 1843.8, Max: 2240, Diff: 815, Sum: 7375, Workers: 4
[23.556s][debug][gc,phases      ] GC(53)   JNI Weak                       Min:  0.0, Avg:  0.0, Max:  0.0, Diff:  0.0, Sum:  0.0, Workers: 4
[23.556s][debug][gc,phases      ] GC(53)     Dead                           Min: 0, Avg:  0.0, Max: 0, Diff: 0, Sum: 0, Workers: 4
[23.556s][debug][gc,phases      ] GC(53)     Total                          Min: 0, Avg:  3.5, Max: 14, Diff: 14, Sum: 14, Workers: 4
[23.556s][debug][gc,phases      ] GC(53)   StringDedup Table Weak         Min:  0.0, Avg:  0.0, Max:  0.0, Diff:  0.0, Sum:  0.0, Workers: 4
[23.556s][debug][gc,phases      ] GC(53)     Dead                           Min: 0, Avg:  0.0, Max: 0, Diff: 0, Sum: 0, Workers: 4
[23.556s][debug][gc,phases      ] GC(53)     Total                          Min: 0, Avg:  0.0, Max: 0, Diff: 0, Sum: 0, Workers: 4
[23.556s][debug][gc,phases      ] GC(53)   StringDedup Requests0 Weak     Min:  0.0, Avg:  0.0, Max:  0.0, Diff:  0.0, Sum:  0.0, Workers: 4
[23.556s][debug][gc,phases      ] GC(53)     Dead                           Min: 0, Avg:  0.0, Max: 0, Diff: 0, Sum: 0, Workers: 4
[23.556s][debug][gc,phases      ] GC(53)     Total                          Min: 0, Avg:  0.0, Max: 0, Diff: 0, Sum: 0, Workers: 4
[23.556s][debug][gc,phases      ] GC(53)   StringDedup Requests1 Weak     Min:  0.0, Avg:  0.0, Max:  0.0, Diff:  0.0, Sum:  0.0, Workers: 4
[23.556s][debug][gc,phases      ] GC(53)     Dead                           Min: 0, Avg:  0.0, Max: 0, Diff: 0, Sum: 0, Workers: 4
[23.556s][debug][gc,phases      ] GC(53)     Total                          Min: 0, Avg:  0.0, Max: 0, Diff: 0, Sum: 0, Workers: 4
[23.556s][debug][gc,phases      ] GC(53)   Weak JFR Old Object Samples    Min:  0.0, Avg:  0.0, Max:  0.0, Diff:  0.0, Sum:  0.0, Workers: 4
[23.556s][debug][gc,phases      ] GC(53)     Dead                           Min: 0, Avg:  0.0, Max: 0, Diff: 0, Sum: 0, Workers: 4
[23.556s][debug][gc,phases      ] GC(53)     Total                          Min: 0, Avg:  0.0, Max: 0, Diff: 0, Sum: 0, Workers: 4
[23.556s][debug][gc,phases      ] GC(53) Weak Processing 0.277ms
[23.556s][debug][gc,age         ] GC(53) Desired survivor size 374865920 bytes, new threshold 15 (max threshold 15)
[23.556s][info ][gc,heap        ] GC(53) PSYoungGen: 1331904K(1704448K)->16800K(1731072K) Eden: 1317888K(1317888K)->0K(1353728K) From: 14016K(386560K)->16800K(377344K)
[23.556s][info ][gc,heap        ] GC(53) ParOldGen: 524305K(683008K)->524329K(683008K)
[23.556s][info ][gc,metaspace   ] GC(53) Metaspace: 69317K(70080K)->69317K(70080K) NonClass: 59217K(59648K)->59217K(59648K) Class: 10100K(10432K)->10100K(10432K)
[23.556s][info ][gc             ] GC(53) Pause Young (Allocation Failure) 1812M->528M(2357M) 6.313ms
[23.556s][info ][gc,cpu         ] GC(53) User=0.02s Sys=0.00s Real=0.01s
[23.556s][info ][safepoint      ] Safepoint "ParallelGCFailedAllocation", Time since last: 85551473 ns, Reaching safepoint: 217601 ns, At safepoint: 6395020 ns, Total: 6612621 ns
[23.621s][info ][safepoint      ] Safepoint "ICBufferFull", Time since last: 64799208 ns, Reaching safepoint: 132300 ns, At safepoint: 29300 ns, Total: 161600 ns
[23.734s][info ][gc,start       ] GC(54) Pause Young (Allocation Failure)
[23.739s][debug][gc,phases      ] GC(54) Scavenge 5.635ms
[23.739s][debug][gc,ref         ] GC(54) Skipped phase 1 of Reference Processing: no references
[23.739s][debug][gc,ref         ] GC(54) ReferenceProcessor::execute queues: 1, RefProcThreadModel::Single, marks_oops_alive: false
[23.739s][debug][gc,ref         ] GC(54) Skipped phase 3 of Reference Processing: no references
[23.739s][debug][gc,ref         ] GC(54) ReferenceProcessor::execute queues: 1, RefProcThreadModel::Single, marks_oops_alive: false
[23.739s][debug][gc,phases      ] GC(54) Reference Processing 0.106ms
[23.740s][debug][gc,phases      ] GC(54)   VM Weak                        Min:  0.0, Avg:  0.0, Max:  0.0, Diff:  0.0, Sum:  0.0, Workers: 4
[23.740s][debug][gc,phases      ] GC(54)     Dead                           Min: 0, Avg:  0.0, Max: 0, Diff: 0, Sum: 0, Workers: 4
[23.740s][debug][gc,phases      ] GC(54)     Total                          Min: 0, Avg: 154.0, Max: 576, Diff: 576, Sum: 616, Workers: 4
[23.740s][debug][gc,phases      ] GC(54)   ObjectSynchronizer Weak        Min:  0.0, Avg:  0.0, Max:  0.0, Diff:  0.0, Sum:  0.0, Workers: 4
[23.740s][debug][gc,phases      ] GC(54)     Dead                           Min: 0, Avg:  0.0, Max: 0, Diff: 0, Sum: 0, Workers: 4
[23.740s][debug][gc,phases      ] GC(54)     Total                          Min: 0, Avg: 87.8, Max: 192, Diff: 192, Sum: 351, Workers: 4
[23.740s][debug][gc,phases      ] GC(54)   JVMTI Tag Weak OopStorage      Min:  0.0, Avg:  0.0, Max:  0.0, Diff:  0.0, Sum:  0.0, Workers: 4
[23.740s][debug][gc,phases      ] GC(54)     Dead                           Min: 0, Avg:  0.0, Max: 0, Diff: 0, Sum: 0, Workers: 4
[23.740s][debug][gc,phases      ] GC(54)     Total                          Min: 0, Avg:  0.0, Max: 0, Diff: 0, Sum: 0, Workers: 4
[23.740s][debug][gc,phases      ] GC(54)   StringTable Weak               Min:  0.1, Avg:  0.1, Max:  0.1, Diff:  0.0, Sum:  0.3, Workers: 4
[23.740s][debug][gc,phases      ] GC(54)     Dead                           Min: 0, Avg:  3.0, Max: 12, Diff: 12, Sum: 12, Workers: 4
[23.740s][debug][gc,phases      ] GC(54)     Total                          Min: 8256, Avg: 10760.2, Max: 13376, Diff: 5120, Sum: 43041, Workers: 4
[23.740s][debug][gc,phases      ] GC(54)   ResolvedMethodTable Weak       Min:  0.0, Avg:  0.0, Max:  0.0, Diff:  0.0, Sum:  0.1, Workers: 4
[23.740s][debug][gc,phases      ] GC(54)     Dead                           Min: 0, Avg:  0.0, Max: 0, Diff: 0, Sum: 0, Workers: 4
[23.740s][debug][gc,phases      ] GC(54)     Total                          Min: 1536, Avg: 1846.8, Max: 2304, Diff: 768, Sum: 7387, Workers: 4
[23.740s][debug][gc,phases      ] GC(54)   JNI Weak                       Min:  0.0, Avg:  0.0, Max:  0.0, Diff:  0.0, Sum:  0.0, Workers: 4
[23.740s][debug][gc,phases      ] GC(54)     Dead                           Min: 0, Avg:  0.0, Max: 0, Diff: 0, Sum: 0, Workers: 4
[23.740s][debug][gc,phases      ] GC(54)     Total                          Min: 0, Avg:  6.0, Max: 24, Diff: 24, Sum: 24, Workers: 4
[23.740s][debug][gc,phases      ] GC(54)   StringDedup Table Weak         Min:  0.0, Avg:  0.0, Max:  0.0, Diff:  0.0, Sum:  0.0, Workers: 4
[23.740s][debug][gc,phases      ] GC(54)     Dead                           Min: 0, Avg:  0.0, Max: 0, Diff: 0, Sum: 0, Workers: 4
[23.740s][debug][gc,phases      ] GC(54)     Total                          Min: 0, Avg:  0.0, Max: 0, Diff: 0, Sum: 0, Workers: 4
[23.740s][debug][gc,phases      ] GC(54)   StringDedup Requests0 Weak     Min:  0.0, Avg:  0.0, Max:  0.0, Diff:  0.0, Sum:  0.0, Workers: 4
[23.740s][debug][gc,phases      ] GC(54)     Dead                           Min: 0, Avg:  0.0, Max: 0, Diff: 0, Sum: 0, Workers: 4
[23.740s][debug][gc,phases      ] GC(54)     Total                          Min: 0, Avg:  0.0, Max: 0, Diff: 0, Sum: 0, Workers: 4
[23.740s][debug][gc,phases      ] GC(54)   StringDedup Requests1 Weak     Min:  0.0, Avg:  0.0, Max:  0.0, Diff:  0.0, Sum:  0.0, Workers: 4
[23.740s][debug][gc,phases      ] GC(54)     Dead                           Min: 0, Avg:  0.0, Max: 0, Diff: 0, Sum: 0, Workers: 4
[23.740s][debug][gc,phases      ] GC(54)     Total                          Min: 0, Avg:  0.0, Max: 0, Diff: 0, Sum: 0, Workers: 4
[23.740s][debug][gc,phases      ] GC(54)   Weak JFR Old Object Samples    Min:  0.0, Avg:  0.0, Max:  0.0, Diff:  0.0, Sum:  0.0, Workers: 4
[23.740s][debug][gc,phases      ] GC(54)     Dead                           Min: 0, Avg:  0.0, Max: 0, Diff: 0, Sum: 0, Workers: 4
[23.740s][debug][gc,phases      ] GC(54)     Total                          Min: 0, Avg:  0.0, Max: 0, Diff: 0, Sum: 0, Workers: 4
[23.740s][debug][gc,phases      ] GC(54) Weak Processing 0.262ms
[23.740s][debug][gc,age         ] GC(54) Desired survivor size 361758720 bytes, new threshold 15 (max threshold 15)
[23.740s][info ][gc,heap        ] GC(54) PSYoungGen: 1370528K(1731072K)->17904K(1719808K) Eden: 1353728K(1353728K)->0K(1353728K) From: 16800K(377344K)->17904K(366080K)
[23.740s][info ][gc,heap        ] GC(54) ParOldGen: 524329K(683008K)->524681K(683008K)
[23.740s][info ][gc,metaspace   ] GC(54) Metaspace: 69384K(70144K)->69384K(70144K) NonClass: 59278K(59712K)->59278K(59712K) Class: 10105K(10432K)->10105K(10432K)
[23.740s][info ][gc             ] GC(54) Pause Young (Allocation Failure) 1850M->529M(2346M) 6.106ms
[23.740s][info ][gc,cpu         ] GC(54) User=0.02s Sys=0.00s Real=0.01s
[23.740s][info ][safepoint      ] Safepoint "ParallelGCFailedAllocation", Time since last: 112357759 ns, Reaching safepoint: 142801 ns, At safepoint: 6197820 ns, Total: 6340621 ns
[23.867s][info ][safepoint      ] Safepoint "ICBufferFull", Time since last: 127408707 ns, Reaching safepoint: 137000 ns, At safepoint: 27600 ns, Total: 164600 ns
[23.884s][info ][safepoint      ] Safepoint "ICBufferFull", Time since last: 16894954 ns, Reaching safepoint: 107901 ns, At safepoint: 23100 ns, Total: 131001 ns
[23.925s][info ][safepoint      ] Safepoint "ICBufferFull", Time since last: 40978231 ns, Reaching safepoint: 98400 ns, At safepoint: 23900 ns, Total: 122300 ns
[23.943s][info ][safepoint      ] Safepoint "ICBufferFull", Time since last: 17045855 ns, Reaching safepoint: 117700 ns, At safepoint: 34200 ns, Total: 151900 ns
[23.953s][info ][safepoint      ] Safepoint "ICBufferFull", Time since last: 6878622 ns, Reaching safepoint: 3199110 ns, At safepoint: 27500 ns, Total: 3226610 ns
[23.967s][info ][safepoint      ] Safepoint "ICBufferFull", Time since last: 14297146 ns, Reaching safepoint: 128101 ns, At safepoint: 30900 ns, Total: 159001 ns
[23.995s][info ][safepoint      ] Safepoint "ICBufferFull", Time since last: 27576188 ns, Reaching safepoint: 78900 ns, At safepoint: 25400 ns, Total: 104300 ns
[24.004s][info ][safepoint      ] Safepoint "ICBufferFull", Time since last: 9421030 ns, Reaching safepoint: 99201 ns, At safepoint: 25100 ns, Total: 124301 ns
[24.010s][info ][gc,start       ] GC(55) Pause Young (Allocation Failure)
[24.015s][debug][gc,phases      ] GC(55) Scavenge 4.968ms
[24.015s][debug][gc,ref         ] GC(55) Skipped phase 1 of Reference Processing: no references
[24.015s][debug][gc,ref         ] GC(55) ReferenceProcessor::execute queues: 1, RefProcThreadModel::Single, marks_oops_alive: false
[24.015s][debug][gc,ref         ] GC(55) Skipped phase 3 of Reference Processing: no references
[24.015s][debug][gc,ref         ] GC(55) ReferenceProcessor::execute queues: 1, RefProcThreadModel::Single, marks_oops_alive: false
[24.015s][debug][gc,phases      ] GC(55) Reference Processing 0.098ms
[24.015s][debug][gc,phases      ] GC(55)   VM Weak                        Min:  0.0, Avg:  0.0, Max:  0.0, Diff:  0.0, Sum:  0.0, Workers: 4
[24.015s][debug][gc,phases      ] GC(55)     Dead                           Min: 0, Avg:  0.0, Max: 0, Diff: 0, Sum: 0, Workers: 4
[24.015s][debug][gc,phases      ] GC(55)     Total                          Min: 0, Avg: 154.0, Max: 616, Diff: 616, Sum: 616, Workers: 4
[24.015s][debug][gc,phases      ] GC(55)   ObjectSynchronizer Weak        Min:  0.0, Avg:  0.0, Max:  0.0, Diff:  0.0, Sum:  0.0, Workers: 4
[24.015s][debug][gc,phases      ] GC(55)     Dead                           Min: 0, Avg:  0.0, Max: 0, Diff: 0, Sum: 0, Workers: 4
[24.015s][debug][gc,phases      ] GC(55)     Total                          Min: 0, Avg: 87.8, Max: 351, Diff: 351, Sum: 351, Workers: 4
[24.015s][debug][gc,phases      ] GC(55)   JVMTI Tag Weak OopStorage      Min:  0.0, Avg:  0.0, Max:  0.0, Diff:  0.0, Sum:  0.0, Workers: 4
[24.015s][debug][gc,phases      ] GC(55)     Dead                           Min: 0, Avg:  0.0, Max: 0, Diff: 0, Sum: 0, Workers: 4
[24.015s][debug][gc,phases      ] GC(55)     Total                          Min: 0, Avg:  0.0, Max: 0, Diff: 0, Sum: 0, Workers: 4
[24.015s][debug][gc,phases      ] GC(55)   StringTable Weak               Min:  0.1, Avg:  0.1, Max:  0.1, Diff:  0.0, Sum:  0.3, Workers: 4
[24.015s][debug][gc,phases      ] GC(55)     Dead                           Min: 0, Avg:  0.2, Max: 1, Diff: 1, Sum: 1, Workers: 4
[24.015s][debug][gc,phases      ] GC(55)     Total                          Min: 10546, Avg: 10761.8, Max: 10933, Diff: 387, Sum: 43047, Workers: 4
[24.015s][debug][gc,phases      ] GC(55)   ResolvedMethodTable Weak       Min:  0.0, Avg:  0.0, Max:  0.0, Diff:  0.0, Sum:  0.1, Workers: 4
[24.015s][debug][gc,phases      ] GC(55)     Dead                           Min: 0, Avg:  0.0, Max: 0, Diff: 0, Sum: 0, Workers: 4
[24.015s][debug][gc,phases      ] GC(55)     Total                          Min: 1766, Avg: 1848.8, Max: 1984, Diff: 218, Sum: 7395, Workers: 4
[24.015s][debug][gc,phases      ] GC(55)   JNI Weak                       Min:  0.0, Avg:  0.0, Max:  0.0, Diff:  0.0, Sum:  0.0, Workers: 4
[24.015s][debug][gc,phases      ] GC(55)     Dead                           Min: 0, Avg:  0.0, Max: 0, Diff: 0, Sum: 0, Workers: 4
[24.015s][debug][gc,phases      ] GC(55)     Total                          Min: 0, Avg:  1.2, Max: 5, Diff: 5, Sum: 5, Workers: 4
[24.015s][debug][gc,phases      ] GC(55)   StringDedup Table Weak         Min:  0.0, Avg:  0.0, Max:  0.0, Diff:  0.0, Sum:  0.0, Workers: 4
[24.015s][debug][gc,phases      ] GC(55)     Dead                           Min: 0, Avg:  0.0, Max: 0, Diff: 0, Sum: 0, Workers: 4
[24.015s][debug][gc,phases      ] GC(55)     Total                          Min: 0, Avg:  0.0, Max: 0, Diff: 0, Sum: 0, Workers: 4
[24.015s][debug][gc,phases      ] GC(55)   StringDedup Requests0 Weak     Min:  0.0, Avg:  0.0, Max:  0.0, Diff:  0.0, Sum:  0.0, Workers: 4
[24.015s][debug][gc,phases      ] GC(55)     Dead                           Min: 0, Avg:  0.0, Max: 0, Diff: 0, Sum: 0, Workers: 4
[24.015s][debug][gc,phases      ] GC(55)     Total                          Min: 0, Avg:  0.0, Max: 0, Diff: 0, Sum: 0, Workers: 4
[24.015s][debug][gc,phases      ] GC(55)   StringDedup Requests1 Weak     Min:  0.0, Avg:  0.0, Max:  0.0, Diff:  0.0, Sum:  0.0, Workers: 4
[24.015s][debug][gc,phases      ] GC(55)     Dead                           Min: 0, Avg:  0.0, Max: 0, Diff: 0, Sum: 0, Workers: 4
[24.015s][debug][gc,phases      ] GC(55)     Total                          Min: 0, Avg:  0.0, Max: 0, Diff: 0, Sum: 0, Workers: 4
[24.015s][debug][gc,phases      ] GC(55)   Weak JFR Old Object Samples    Min:  0.0, Avg:  0.0, Max:  0.0, Diff:  0.0, Sum:  0.0, Workers: 4
[24.015s][debug][gc,phases      ] GC(55)     Dead                           Min: 0, Avg:  0.0, Max: 0, Diff: 0, Sum: 0, Workers: 4
[24.015s][debug][gc,phases      ] GC(55)     Total                          Min: 0, Avg:  0.0, Max: 0, Diff: 0, Sum: 0, Workers: 4
[24.015s][debug][gc,phases      ] GC(55) Weak Processing 0.234ms
[24.015s][debug][gc,age         ] GC(55) Desired survivor size 347078656 bytes, new threshold 15 (max threshold 15)
[24.015s][info ][gc,heap        ] GC(55) PSYoungGen: 1371632K(1719808K)->18224K(1758208K) Eden: 1353728K(1353728K)->0K(1404928K) From: 17904K(366080K)->18224K(353280K)
[24.015s][info ][gc,heap        ] GC(55) ParOldGen: 524681K(683008K)->525569K(683008K)
[24.015s][info ][gc,metaspace   ] GC(55) Metaspace: 69411K(70208K)->69411K(70208K) NonClass: 59303K(59712K)->59303K(59712K) Class: 10108K(10496K)->10108K(10496K)
[24.015s][info ][gc             ] GC(55) Pause Young (Allocation Failure) 1851M->531M(2384M) 5.384ms
[24.016s][info ][gc,cpu         ] GC(55) User=0.02s Sys=0.00s Real=0.00s
[24.016s][info ][safepoint      ] Safepoint "ParallelGCFailedAllocation", Time since last: 5562117 ns, Reaching safepoint: 93401 ns, At safepoint: 5475017 ns, Total: 5568418 ns
[24.113s][info ][safepoint      ] Safepoint "ICBufferFull", Time since last: 97330111 ns, Reaching safepoint: 122101 ns, At safepoint: 24100 ns, Total: 146201 ns
[24.156s][info ][safepoint      ] Safepoint "ICBufferFull", Time since last: 42139935 ns, Reaching safepoint: 538001 ns, At safepoint: 25500 ns, Total: 563501 ns
[24.160s][info ][safepoint      ] Safepoint "ICBufferFull", Time since last: 3758512 ns, Reaching safepoint: 96001 ns, At safepoint: 22200 ns, Total: 118201 ns
[24.225s][info ][safepoint      ] Safepoint "ICBufferFull", Time since last: 65449909 ns, Reaching safepoint: 91300 ns, At safepoint: 27301 ns, Total: 118601 ns
[24.259s][info ][safepoint      ] Safepoint "ICBufferFull", Time since last: 33880408 ns, Reaching safepoint: 81500 ns, At safepoint: 25400 ns, Total: 106900 ns
[24.281s][info ][gc,start       ] GC(56) Pause Young (Allocation Failure)
[24.288s][debug][gc,phases      ] GC(56) Scavenge 7.756ms
[24.289s][debug][gc,ref         ] GC(56) Skipped phase 1 of Reference Processing: no references
[24.289s][debug][gc,ref         ] GC(56) ReferenceProcessor::execute queues: 1, RefProcThreadModel::Single, marks_oops_alive: false
[24.289s][debug][gc,ref         ] GC(56) Skipped phase 3 of Reference Processing: no references
[24.289s][debug][gc,ref         ] GC(56) ReferenceProcessor::execute queues: 1, RefProcThreadModel::Single, marks_oops_alive: false
[24.289s][debug][gc,phases      ] GC(56) Reference Processing 0.116ms
[24.289s][debug][gc,phases      ] GC(56)   VM Weak                        Min:  0.0, Avg:  0.0, Max:  0.0, Diff:  0.0, Sum:  0.0, Workers: 4
[24.289s][debug][gc,phases      ] GC(56)     Dead                           Min: 0, Avg:  0.0, Max: 0, Diff: 0, Sum: 0, Workers: 4
[24.289s][debug][gc,phases      ] GC(56)     Total                          Min: 0, Avg: 154.0, Max: 552, Diff: 552, Sum: 616, Workers: 4
[24.289s][debug][gc,phases      ] GC(56)   ObjectSynchronizer Weak        Min:  0.0, Avg:  0.0, Max:  0.0, Diff:  0.0, Sum:  0.0, Workers: 4
[24.289s][debug][gc,phases      ] GC(56)     Dead                           Min: 0, Avg:  0.0, Max: 0, Diff: 0, Sum: 0, Workers: 4
[24.289s][debug][gc,phases      ] GC(56)     Total                          Min: 0, Avg: 87.8, Max: 128, Diff: 128, Sum: 351, Workers: 4
[24.289s][debug][gc,phases      ] GC(56)   JVMTI Tag Weak OopStorage      Min:  0.0, Avg:  0.0, Max:  0.0, Diff:  0.0, Sum:  0.0, Workers: 4
[24.289s][debug][gc,phases      ] GC(56)     Dead                           Min: 0, Avg:  0.0, Max: 0, Diff: 0, Sum: 0, Workers: 4
[24.289s][debug][gc,phases      ] GC(56)     Total                          Min: 0, Avg:  0.0, Max: 0, Diff: 0, Sum: 0, Workers: 4
[24.289s][debug][gc,phases      ] GC(56)   StringTable Weak               Min:  0.1, Avg:  0.1, Max:  0.1, Diff:  0.0, Sum:  0.4, Workers: 4
[24.289s][debug][gc,phases      ] GC(56)     Dead                           Min: 0, Avg:  2.8, Max: 10, Diff: 10, Sum: 11, Workers: 4
[24.289s][debug][gc,phases      ] GC(56)     Total                          Min: 10283, Avg: 10762.8, Max: 11200, Diff: 917, Sum: 43051, Workers: 4
[24.289s][debug][gc,phases      ] GC(56)   ResolvedMethodTable Weak       Min:  0.0, Avg:  0.0, Max:  0.0, Diff:  0.0, Sum:  0.1, Workers: 4
[24.289s][debug][gc,phases      ] GC(56)     Dead                           Min: 0, Avg:  0.0, Max: 0, Diff: 0, Sum: 0, Workers: 4
[24.289s][debug][gc,phases      ] GC(56)     Total                          Min: 1778, Avg: 1848.8, Max: 1972, Diff: 194, Sum: 7395, Workers: 4
[24.289s][debug][gc,phases      ] GC(56)   JNI Weak                       Min:  0.0, Avg:  0.0, Max:  0.0, Diff:  0.0, Sum:  0.0, Workers: 4
[24.289s][debug][gc,phases      ] GC(56)     Dead                           Min: 0, Avg:  0.0, Max: 0, Diff: 0, Sum: 0, Workers: 4
[24.289s][debug][gc,phases      ] GC(56)     Total                          Min: 0, Avg:  3.2, Max: 13, Diff: 13, Sum: 13, Workers: 4
[24.289s][debug][gc,phases      ] GC(56)   StringDedup Table Weak         Min:  0.0, Avg:  0.0, Max:  0.0, Diff:  0.0, Sum:  0.0, Workers: 4
[24.289s][debug][gc,phases      ] GC(56)     Dead                           Min: 0, Avg:  0.0, Max: 0, Diff: 0, Sum: 0, Workers: 4
[24.289s][debug][gc,phases      ] GC(56)     Total                          Min: 0, Avg:  0.0, Max: 0, Diff: 0, Sum: 0, Workers: 4
[24.289s][debug][gc,phases      ] GC(56)   StringDedup Requests0 Weak     Min:  0.0, Avg:  0.0, Max:  0.0, Diff:  0.0, Sum:  0.0, Workers: 4
[24.289s][debug][gc,phases      ] GC(56)     Dead                           Min: 0, Avg:  0.0, Max: 0, Diff: 0, Sum: 0, Workers: 4
[24.289s][debug][gc,phases      ] GC(56)     Total                          Min: 0, Avg:  0.0, Max: 0, Diff: 0, Sum: 0, Workers: 4
[24.289s][debug][gc,phases      ] GC(56)   StringDedup Requests1 Weak     Min:  0.0, Avg:  0.0, Max:  0.0, Diff:  0.0, Sum:  0.0, Workers: 4
[24.289s][debug][gc,phases      ] GC(56)     Dead                           Min: 0, Avg:  0.0, Max: 0, Diff: 0, Sum: 0, Workers: 4
[24.289s][debug][gc,phases      ] GC(56)     Total                          Min: 0, Avg:  0.0, Max: 0, Diff: 0, Sum: 0, Workers: 4
[24.289s][debug][gc,phases      ] GC(56)   Weak JFR Old Object Samples    Min:  0.0, Avg:  0.0, Max:  0.0, Diff:  0.0, Sum:  0.0, Workers: 4
[24.289s][debug][gc,phases      ] GC(56)     Dead                           Min: 0, Avg:  0.0, Max: 0, Diff: 0, Sum: 0, Workers: 4
[24.289s][debug][gc,phases      ] GC(56)     Total                          Min: 0, Avg:  0.0, Max: 0, Diff: 0, Sum: 0, Workers: 4
[24.289s][debug][gc,phases      ] GC(56) Weak Processing 0.278ms
[24.289s][debug][gc,age         ] GC(56) Desired survivor size 332398592 bytes, new threshold 15 (max threshold 15)
[24.289s][info ][gc,heap        ] GC(56) PSYoungGen: 1423152K(1758208K)->19712K(1743872K) Eden: 1404928K(1404928K)->0K(1404928K) From: 18224K(353280K)->19712K(338944K)
[24.289s][info ][gc,heap        ] GC(56) ParOldGen: 525569K(683008K)->525745K(683008K)
[24.289s][info ][gc,metaspace   ] GC(56) Metaspace: 69430K(70272K)->69430K(70272K) NonClass: 59321K(59776K)->59321K(59776K) Class: 10108K(10496K)->10108K(10496K)
[24.289s][info ][gc             ] GC(56) Pause Young (Allocation Failure) 1903M->532M(2370M) 8.270ms
[24.289s][info ][gc,cpu         ] GC(56) User=0.04s Sys=0.00s Real=0.01s
[24.289s][info ][safepoint      ] Safepoint "ParallelGCFailedAllocation", Time since last: 19362962 ns, Reaching safepoint: 2126607 ns, At safepoint: 8371127 ns, Total: 10497734 ns
[24.322s][info ][safepoint      ] Safepoint "ICBufferFull", Time since last: 33130306 ns, Reaching safepoint: 121900 ns, At safepoint: 24400 ns, Total: 146300 ns
[24.349s][info ][safepoint      ] Safepoint "ICBufferFull", Time since last: 26862286 ns, Reaching safepoint: 100300 ns, At safepoint: 26700 ns, Total: 127000 ns
[24.380s][info ][safepoint      ] Safepoint "ICBufferFull", Time since last: 29735095 ns, Reaching safepoint: 982504 ns, At safepoint: 33300 ns, Total: 1015804 ns
[24.454s][info ][safepoint      ] Safepoint "ICBufferFull", Time since last: 71865129 ns, Reaching safepoint: 2106807 ns, At safepoint: 31400 ns, Total: 2138207 ns
[24.529s][info ][gc,start       ] GC(57) Pause Young (Allocation Failure)
[24.536s][debug][gc,phases      ] GC(57) Scavenge 7.628ms
[24.536s][debug][gc,ref         ] GC(57) Skipped phase 1 of Reference Processing: no references
[24.536s][debug][gc,ref         ] GC(57) ReferenceProcessor::execute queues: 1, RefProcThreadModel::Single, marks_oops_alive: false
[24.536s][debug][gc,ref         ] GC(57) Skipped phase 3 of Reference Processing: no references
[24.536s][debug][gc,ref         ] GC(57) ReferenceProcessor::execute queues: 1, RefProcThreadModel::Single, marks_oops_alive: false
[24.536s][debug][gc,phases      ] GC(57) Reference Processing 0.088ms
[24.537s][debug][gc,phases      ] GC(57)   VM Weak                        Min:  0.0, Avg:  0.0, Max:  0.0, Diff:  0.0, Sum:  0.0, Workers: 4
[24.537s][debug][gc,phases      ] GC(57)     Dead                           Min: 0, Avg:  0.0, Max: 0, Diff: 0, Sum: 0, Workers: 4
[24.537s][debug][gc,phases      ] GC(57)     Total                          Min: 0, Avg: 154.0, Max: 616, Diff: 616, Sum: 616, Workers: 4
[24.537s][debug][gc,phases      ] GC(57)   ObjectSynchronizer Weak        Min:  0.0, Avg:  0.0, Max:  0.0, Diff:  0.0, Sum:  0.0, Workers: 4
[24.537s][debug][gc,phases      ] GC(57)     Dead                           Min: 0, Avg:  0.0, Max: 0, Diff: 0, Sum: 0, Workers: 4
[24.537s][debug][gc,phases      ] GC(57)     Total                          Min: 0, Avg: 87.8, Max: 351, Diff: 351, Sum: 351, Workers: 4
[24.537s][debug][gc,phases      ] GC(57)   JVMTI Tag Weak OopStorage      Min:  0.0, Avg:  0.0, Max:  0.0, Diff:  0.0, Sum:  0.0, Workers: 4
[24.537s][debug][gc,phases      ] GC(57)     Dead                           Min: 0, Avg:  0.0, Max: 0, Diff: 0, Sum: 0, Workers: 4
[24.537s][debug][gc,phases      ] GC(57)     Total                          Min: 0, Avg:  0.0, Max: 0, Diff: 0, Sum: 0, Workers: 4
[24.537s][debug][gc,phases      ] GC(57)   StringTable Weak               Min:  0.1, Avg:  0.1, Max:  0.1, Diff:  0.0, Sum:  0.3, Workers: 4
[24.537s][debug][gc,phases      ] GC(57)     Dead                           Min: 0, Avg:  0.0, Max: 0, Diff: 0, Sum: 0, Workers: 4
[24.537s][debug][gc,phases      ] GC(57)     Total                          Min: 8064, Avg: 10763.8, Max: 14144, Diff: 6080, Sum: 43055, Workers: 4
[24.537s][debug][gc,phases      ] GC(57)   ResolvedMethodTable Weak       Min:  0.0, Avg:  0.0, Max:  0.0, Diff:  0.0, Sum:  0.1, Workers: 4
[24.537s][debug][gc,phases      ] GC(57)     Dead                           Min: 0, Avg:  0.0, Max: 0, Diff: 0, Sum: 0, Workers: 4
[24.537s][debug][gc,phases      ] GC(57)     Total                          Min: 1464, Avg: 1850.0, Max: 2291, Diff: 827, Sum: 7400, Workers: 4
[24.537s][debug][gc,phases      ] GC(57)   JNI Weak                       Min:  0.0, Avg:  0.0, Max:  0.0, Diff:  0.0, Sum:  0.0, Workers: 4
[24.537s][debug][gc,phases      ] GC(57)     Dead                           Min: 0, Avg:  0.0, Max: 0, Diff: 0, Sum: 0, Workers: 4
[24.537s][debug][gc,phases      ] GC(57)     Total                          Min: 0, Avg:  0.0, Max: 0, Diff: 0, Sum: 0, Workers: 4
[24.537s][debug][gc,phases      ] GC(57)   StringDedup Table Weak         Min:  0.0, Avg:  0.0, Max:  0.0, Diff:  0.0, Sum:  0.0, Workers: 4
[24.537s][debug][gc,phases      ] GC(57)     Dead                           Min: 0, Avg:  0.0, Max: 0, Diff: 0, Sum: 0, Workers: 4
[24.537s][debug][gc,phases      ] GC(57)     Total                          Min: 0, Avg:  0.0, Max: 0, Diff: 0, Sum: 0, Workers: 4
[24.537s][debug][gc,phases      ] GC(57)   StringDedup Requests0 Weak     Min:  0.0, Avg:  0.0, Max:  0.0, Diff:  0.0, Sum:  0.0, Workers: 4
[24.537s][debug][gc,phases      ] GC(57)     Dead                           Min: 0, Avg:  0.0, Max: 0, Diff: 0, Sum: 0, Workers: 4
[24.537s][debug][gc,phases      ] GC(57)     Total                          Min: 0, Avg:  0.0, Max: 0, Diff: 0, Sum: 0, Workers: 4
[24.537s][debug][gc,phases      ] GC(57)   StringDedup Requests1 Weak     Min:  0.0, Avg:  0.0, Max:  0.0, Diff:  0.0, Sum:  0.0, Workers: 4
[24.537s][debug][gc,phases      ] GC(57)     Dead                           Min: 0, Avg:  0.0, Max: 0, Diff: 0, Sum: 0, Workers: 4
[24.537s][debug][gc,phases      ] GC(57)     Total                          Min: 0, Avg:  0.0, Max: 0, Diff: 0, Sum: 0, Workers: 4
[24.537s][debug][gc,phases      ] GC(57)   Weak JFR Old Object Samples    Min:  0.0, Avg:  0.0, Max:  0.0, Diff:  0.0, Sum:  0.0, Workers: 4
[24.537s][debug][gc,phases      ] GC(57)     Dead                           Min: 0, Avg:  0.0, Max: 0, Diff: 0, Sum: 0, Workers: 4
[24.537s][debug][gc,phases      ] GC(57)     Total                          Min: 0, Avg:  0.0, Max: 0, Diff: 0, Sum: 0, Workers: 4
[24.537s][debug][gc,phases      ] GC(57) Weak Processing 0.255ms
[24.537s][debug][gc,age         ] GC(57) Desired survivor size 316669952 bytes, new threshold 15 (max threshold 15)
[24.537s][info ][gc,heap        ] GC(57) PSYoungGen: 1424640K(1743872K)->22672K(1787904K) Eden: 1404928K(1404928K)->0K(1463296K) From: 19712K(338944K)->22672K(324608K)
[24.537s][info ][gc,heap        ] GC(57) ParOldGen: 525745K(683008K)->525793K(683008K)
[24.537s][info ][gc,metaspace   ] GC(57) Metaspace: 69446K(70272K)->69446K(70272K) NonClass: 59336K(59776K)->59336K(59776K) Class: 10110K(10496K)->10110K(10496K)
[24.537s][info ][gc             ] GC(57) Pause Young (Allocation Failure) 1904M->535M(2413M) 8.073ms
[24.537s][info ][gc,cpu         ] GC(57) User=0.03s Sys=0.00s Real=0.01s
[24.537s][info ][safepoint      ] Safepoint "ParallelGCFailedAllocation", Time since last: 74430938 ns, Reaching safepoint: 125101 ns, At safepoint: 8160926 ns, Total: 8286027 ns
[24.681s][info ][safepoint      ] Safepoint "ICBufferFull", Time since last: 143961360 ns, Reaching safepoint: 137001 ns, At safepoint: 25600 ns, Total: 162601 ns
[24.781s][info ][gc,start       ] GC(58) Pause Young (Allocation Failure)
[24.788s][debug][gc,phases      ] GC(58) Scavenge 7.589ms
[24.788s][debug][gc,ref         ] GC(58) Skipped phase 1 of Reference Processing: no references
[24.788s][debug][gc,ref         ] GC(58) ReferenceProcessor::execute queues: 1, RefProcThreadModel::Single, marks_oops_alive: false
[24.788s][debug][gc,ref         ] GC(58) Skipped phase 3 of Reference Processing: no references
[24.788s][debug][gc,ref         ] GC(58) ReferenceProcessor::execute queues: 1, RefProcThreadModel::Single, marks_oops_alive: false
[24.788s][debug][gc,phases      ] GC(58) Reference Processing 0.125ms
[24.788s][debug][gc,phases      ] GC(58)   VM Weak                        Min:  0.0, Avg:  0.0, Max:  0.0, Diff:  0.0, Sum:  0.0, Workers: 4
[24.788s][debug][gc,phases      ] GC(58)     Dead                           Min: 0, Avg:  0.0, Max: 0, Diff: 0, Sum: 0, Workers: 4
[24.788s][debug][gc,phases      ] GC(58)     Total                          Min: 0, Avg: 154.0, Max: 360, Diff: 360, Sum: 616, Workers: 4
[24.789s][debug][gc,phases      ] GC(58)   ObjectSynchronizer Weak        Min:  0.0, Avg:  0.0, Max:  0.0, Diff:  0.0, Sum:  0.0, Workers: 4
[24.789s][debug][gc,phases      ] GC(58)     Dead                           Min: 0, Avg:  0.0, Max: 0, Diff: 0, Sum: 0, Workers: 4
[24.789s][debug][gc,phases      ] GC(58)     Total                          Min: 0, Avg: 87.8, Max: 159, Diff: 159, Sum: 351, Workers: 4
[24.789s][debug][gc,phases      ] GC(58)   JVMTI Tag Weak OopStorage      Min:  0.0, Avg:  0.0, Max:  0.0, Diff:  0.0, Sum:  0.0, Workers: 4
[24.789s][debug][gc,phases      ] GC(58)     Dead                           Min: 0, Avg:  0.0, Max: 0, Diff: 0, Sum: 0, Workers: 4
[24.789s][debug][gc,phases      ] GC(58)     Total                          Min: 0, Avg:  0.0, Max: 0, Diff: 0, Sum: 0, Workers: 4
[24.789s][debug][gc,phases      ] GC(58)   StringTable Weak               Min:  0.1, Avg:  0.1, Max:  0.1, Diff:  0.0, Sum:  0.3, Workers: 4
[24.789s][debug][gc,phases      ] GC(58)     Dead                           Min: 0, Avg:  2.8, Max: 11, Diff: 11, Sum: 11, Workers: 4
[24.789s][debug][gc,phases      ] GC(58)     Total                          Min: 8192, Avg: 10766.5, Max: 13690, Diff: 5498, Sum: 43066, Workers: 4
[24.789s][debug][gc,phases      ] GC(58)   ResolvedMethodTable Weak       Min:  0.0, Avg:  0.0, Max:  0.0, Diff:  0.0, Sum:  0.1, Workers: 4
[24.789s][debug][gc,phases      ] GC(58)     Dead                           Min: 0, Avg:  0.0, Max: 0, Diff: 0, Sum: 0, Workers: 4
[24.789s][debug][gc,phases      ] GC(58)     Total                          Min: 1464, Avg: 1850.0, Max: 2239, Diff: 775, Sum: 7400, Workers: 4
[24.789s][debug][gc,phases      ] GC(58)   JNI Weak                       Min:  0.0, Avg:  0.0, Max:  0.0, Diff:  0.0, Sum:  0.0, Workers: 4
[24.789s][debug][gc,phases      ] GC(58)     Dead                           Min: 0, Avg:  0.0, Max: 0, Diff: 0, Sum: 0, Workers: 4
[24.789s][debug][gc,phases      ] GC(58)     Total                          Min: 0, Avg:  0.0, Max: 0, Diff: 0, Sum: 0, Workers: 4
[24.789s][debug][gc,phases      ] GC(58)   StringDedup Table Weak         Min:  0.0, Avg:  0.0, Max:  0.0, Diff:  0.0, Sum:  0.0, Workers: 4
[24.789s][debug][gc,phases      ] GC(58)     Dead                           Min: 0, Avg:  0.0, Max: 0, Diff: 0, Sum: 0, Workers: 4
[24.789s][debug][gc,phases      ] GC(58)     Total                          Min: 0, Avg:  0.0, Max: 0, Diff: 0, Sum: 0, Workers: 4
[24.789s][debug][gc,phases      ] GC(58)   StringDedup Requests0 Weak     Min:  0.0, Avg:  0.0, Max:  0.0, Diff:  0.0, Sum:  0.0, Workers: 4
[24.789s][debug][gc,phases      ] GC(58)     Dead                           Min: 0, Avg:  0.0, Max: 0, Diff: 0, Sum: 0, Workers: 4
[24.789s][debug][gc,phases      ] GC(58)     Total                          Min: 0, Avg:  0.0, Max: 0, Diff: 0, Sum: 0, Workers: 4
[24.789s][debug][gc,phases      ] GC(58)   StringDedup Requests1 Weak     Min:  0.0, Avg:  0.0, Max:  0.0, Diff:  0.0, Sum:  0.0, Workers: 4
[24.789s][debug][gc,phases      ] GC(58)     Dead                           Min: 0, Avg:  0.0, Max: 0, Diff: 0, Sum: 0, Workers: 4
[24.789s][debug][gc,phases      ] GC(58)     Total                          Min: 0, Avg:  0.0, Max: 0, Diff: 0, Sum: 0, Workers: 4
[24.789s][debug][gc,phases      ] GC(58)   Weak JFR Old Object Samples    Min:  0.0, Avg:  0.0, Max:  0.0, Diff:  0.0, Sum:  0.0, Workers: 4
[24.789s][debug][gc,phases      ] GC(58)     Dead                           Min: 0, Avg:  0.0, Max: 0, Diff: 0, Sum: 0, Workers: 4
[24.789s][debug][gc,phases      ] GC(58)     Total                          Min: 0, Avg:  0.0, Max: 0, Diff: 0, Sum: 0, Workers: 4
[24.789s][debug][gc,phases      ] GC(58) Weak Processing 0.264ms
[24.789s][debug][gc,age         ] GC(58) Desired survivor size 300417024 bytes, new threshold 15 (max threshold 15)
[24.789s][info ][gc,heap        ] GC(58) PSYoungGen: 1485968K(1787904K)->24224K(1772544K) Eden: 1463296K(1463296K)->0K(1463296K) From: 22672K(324608K)->24224K(309248K)
[24.789s][info ][gc,heap        ] GC(58) ParOldGen: 525793K(683008K)->525825K(683008K)
[24.789s][info ][gc,metaspace   ] GC(58) Metaspace: 69457K(70272K)->69457K(70272K) NonClass: 59346K(59776K)->59346K(59776K) Class: 10110K(10496K)->10110K(10496K)
[24.789s][info ][gc             ] GC(58) Pause Young (Allocation Failure) 1964M->537M(2398M) 8.085ms
[24.789s][info ][gc,cpu         ] GC(58) User=0.04s Sys=0.00s Real=0.01s
[24.789s][info ][safepoint      ] Safepoint "ParallelGCFailedAllocation", Time since last: 99163617 ns, Reaching safepoint: 470301 ns, At safepoint: 8177326 ns, Total: 8647627 ns
[24.842s][info ][safepoint      ] Safepoint "ICBufferFull", Time since last: 53579072 ns, Reaching safepoint: 95700 ns, At safepoint: 27800 ns, Total: 123500 ns
[24.960s][info ][safepoint      ] Safepoint "ICBufferFull", Time since last: 117361375 ns, Reaching safepoint: 113801 ns, At safepoint: 36100 ns, Total: 149901 ns
[25.064s][info ][gc,start       ] GC(59) Pause Young (Allocation Failure)
[25.074s][debug][gc,phases      ] GC(59) Scavenge 9.684ms
[25.074s][debug][gc,ref         ] GC(59) Skipped phase 1 of Reference Processing: no references
[25.074s][debug][gc,ref         ] GC(59) ReferenceProcessor::execute queues: 1, RefProcThreadModel::Single, marks_oops_alive: false
[25.074s][debug][gc,ref         ] GC(59) Skipped phase 3 of Reference Processing: no references
[25.074s][debug][gc,ref         ] GC(59) ReferenceProcessor::execute queues: 1, RefProcThreadModel::Single, marks_oops_alive: false
[25.074s][debug][gc,phases      ] GC(59) Reference Processing 0.105ms
[25.074s][debug][gc,phases      ] GC(59)   VM Weak                        Min:  0.0, Avg:  0.0, Max:  0.0, Diff:  0.0, Sum:  0.0, Workers: 4
[25.074s][debug][gc,phases      ] GC(59)     Dead                           Min: 0, Avg:  0.0, Max: 0, Diff: 0, Sum: 0, Workers: 4
[25.074s][debug][gc,phases      ] GC(59)     Total                          Min: 0, Avg: 154.0, Max: 448, Diff: 448, Sum: 616, Workers: 4
[25.074s][debug][gc,phases      ] GC(59)   ObjectSynchronizer Weak        Min:  0.0, Avg:  0.0, Max:  0.0, Diff:  0.0, Sum:  0.0, Workers: 4
[25.074s][debug][gc,phases      ] GC(59)     Dead                           Min: 0, Avg:  0.0, Max: 0, Diff: 0, Sum: 0, Workers: 4
[25.074s][debug][gc,phases      ] GC(59)     Total                          Min: 0, Avg: 87.8, Max: 192, Diff: 192, Sum: 351, Workers: 4
[25.074s][debug][gc,phases      ] GC(59)   JVMTI Tag Weak OopStorage      Min:  0.0, Avg:  0.0, Max:  0.0, Diff:  0.0, Sum:  0.0, Workers: 4
[25.074s][debug][gc,phases      ] GC(59)     Dead                           Min: 0, Avg:  0.0, Max: 0, Diff: 0, Sum: 0, Workers: 4
[25.074s][debug][gc,phases      ] GC(59)     Total                          Min: 0, Avg:  0.0, Max: 0, Diff: 0, Sum: 0, Workers: 4
[25.074s][debug][gc,phases      ] GC(59)   StringTable Weak               Min:  0.1, Avg:  0.1, Max:  0.1, Diff:  0.0, Sum:  0.4, Workers: 4
[25.074s][debug][gc,phases      ] GC(59)     Dead                           Min: 0, Avg:  0.0, Max: 0, Diff: 0, Sum: 0, Workers: 4
[25.074s][debug][gc,phases      ] GC(59)     Total                          Min: 10240, Avg: 10767.0, Max: 11136, Diff: 896, Sum: 43068, Workers: 4
[25.074s][debug][gc,phases      ] GC(59)   ResolvedMethodTable Weak       Min:  0.0, Avg:  0.0, Max:  0.0, Diff:  0.0, Sum:  0.1, Workers: 4
[25.074s][debug][gc,phases      ] GC(59)     Dead                           Min: 0, Avg:  0.0, Max: 0, Diff: 0, Sum: 0, Workers: 4
[25.074s][debug][gc,phases      ] GC(59)     Total                          Min: 1772, Avg: 1850.0, Max: 1983, Diff: 211, Sum: 7400, Workers: 4
[25.074s][debug][gc,phases      ] GC(59)   JNI Weak                       Min:  0.0, Avg:  0.0, Max:  0.0, Diff:  0.0, Sum:  0.0, Workers: 4
[25.074s][debug][gc,phases      ] GC(59)     Dead                           Min: 0, Avg:  0.0, Max: 0, Diff: 0, Sum: 0, Workers: 4
[25.074s][debug][gc,phases      ] GC(59)     Total                          Min: 0, Avg:  0.2, Max: 1, Diff: 1, Sum: 1, Workers: 4
[25.074s][debug][gc,phases      ] GC(59)   StringDedup Table Weak         Min:  0.0, Avg:  0.0, Max:  0.0, Diff:  0.0, Sum:  0.0, Workers: 4
[25.074s][debug][gc,phases      ] GC(59)     Dead                           Min: 0, Avg:  0.0, Max: 0, Diff: 0, Sum: 0, Workers: 4
[25.074s][debug][gc,phases      ] GC(59)     Total                          Min: 0, Avg:  0.0, Max: 0, Diff: 0, Sum: 0, Workers: 4
[25.074s][debug][gc,phases      ] GC(59)   StringDedup Requests0 Weak     Min:  0.0, Avg:  0.0, Max:  0.0, Diff:  0.0, Sum:  0.0, Workers: 4
[25.074s][debug][gc,phases      ] GC(59)     Dead                           Min: 0, Avg:  0.0, Max: 0, Diff: 0, Sum: 0, Workers: 4
[25.074s][debug][gc,phases      ] GC(59)     Total                          Min: 0, Avg:  0.0, Max: 0, Diff: 0, Sum: 0, Workers: 4
[25.074s][debug][gc,phases      ] GC(59)   StringDedup Requests1 Weak     Min:  0.0, Avg:  0.0, Max:  0.0, Diff:  0.0, Sum:  0.0, Workers: 4
[25.074s][debug][gc,phases      ] GC(59)     Dead                           Min: 0, Avg:  0.0, Max: 0, Diff: 0, Sum: 0, Workers: 4
[25.074s][debug][gc,phases      ] GC(59)     Total                          Min: 0, Avg:  0.0, Max: 0, Diff: 0, Sum: 0, Workers: 4
[25.074s][debug][gc,phases      ] GC(59)   Weak JFR Old Object Samples    Min:  0.0, Avg:  0.0, Max:  0.0, Diff:  0.0, Sum:  0.0, Workers: 4
[25.074s][debug][gc,phases      ] GC(59)     Dead                           Min: 0, Avg:  0.0, Max: 0, Diff: 0, Sum: 0, Workers: 4
[25.074s][debug][gc,phases      ] GC(59)     Total                          Min: 0, Avg:  0.0, Max: 0, Diff: 0, Sum: 0, Workers: 4
[25.074s][debug][gc,phases      ] GC(59) Weak Processing 0.282ms
[25.074s][debug][gc,age         ] GC(59) Desired survivor size 284688384 bytes, new threshold 15 (max threshold 15)
[25.074s][info ][gc,heap        ] GC(59) PSYoungGen: 1487520K(1772544K)->24752K(1819136K) Eden: 1463296K(1463296K)->0K(1525760K) From: 24224K(309248K)->24752K(293376K)
[25.074s][info ][gc,heap        ] GC(59) ParOldGen: 525825K(683008K)->526817K(683008K)
[25.074s][info ][gc,metaspace   ] GC(59) Metaspace: 69458K(70272K)->69458K(70272K) NonClass: 59348K(59776K)->59348K(59776K) Class: 10110K(10496K)->10110K(10496K)
[25.074s][info ][gc             ] GC(59) Pause Young (Allocation Failure) 1966M->538M(2443M) 10.190ms
[25.074s][info ][gc,cpu         ] GC(59) User=0.04s Sys=0.00s Real=0.00s
[25.074s][info ][safepoint      ] Safepoint "ParallelGCFailedAllocation", Time since last: 101096023 ns, Reaching safepoint: 3178910 ns, At safepoint: 10295833 ns, Total: 13474743 ns
[25.356s][info ][gc,start       ] GC(60) Pause Young (Allocation Failure)
[25.364s][debug][gc,phases      ] GC(60) Scavenge 8.139ms
[25.364s][debug][gc,ref         ] GC(60) Skipped phase 1 of Reference Processing: no references
[25.365s][debug][gc,ref         ] GC(60) ReferenceProcessor::execute queues: 1, RefProcThreadModel::Single, marks_oops_alive: false
[25.365s][debug][gc,ref         ] GC(60) Skipped phase 3 of Reference Processing: no references
[25.365s][debug][gc,ref         ] GC(60) ReferenceProcessor::execute queues: 1, RefProcThreadModel::Single, marks_oops_alive: false
[25.365s][debug][gc,phases      ] GC(60) Reference Processing 0.130ms
[25.365s][debug][gc,phases      ] GC(60)   VM Weak                        Min:  0.0, Avg:  0.0, Max:  0.0, Diff:  0.0, Sum:  0.0, Workers: 4
[25.365s][debug][gc,phases      ] GC(60)     Dead                           Min: 0, Avg:  0.0, Max: 0, Diff: 0, Sum: 0, Workers: 4
[25.365s][debug][gc,phases      ] GC(60)     Total                          Min: 0, Avg: 154.0, Max: 448, Diff: 448, Sum: 616, Workers: 4
[25.365s][debug][gc,phases      ] GC(60)   ObjectSynchronizer Weak        Min:  0.0, Avg:  0.0, Max:  0.0, Diff:  0.0, Sum:  0.0, Workers: 4
[25.365s][debug][gc,phases      ] GC(60)     Dead                           Min: 0, Avg:  0.0, Max: 0, Diff: 0, Sum: 0, Workers: 4
[25.365s][debug][gc,phases      ] GC(60)     Total                          Min: 0, Avg: 87.8, Max: 192, Diff: 192, Sum: 351, Workers: 4
[25.365s][debug][gc,phases      ] GC(60)   JVMTI Tag Weak OopStorage      Min:  0.0, Avg:  0.0, Max:  0.0, Diff:  0.0, Sum:  0.0, Workers: 4
[25.365s][debug][gc,phases      ] GC(60)     Dead                           Min: 0, Avg:  0.0, Max: 0, Diff: 0, Sum: 0, Workers: 4
[25.365s][debug][gc,phases      ] GC(60)     Total                          Min: 0, Avg:  0.0, Max: 0, Diff: 0, Sum: 0, Workers: 4
[25.365s][debug][gc,phases      ] GC(60)   StringTable Weak               Min:  0.1, Avg:  0.1, Max:  0.1, Diff:  0.0, Sum:  0.3, Workers: 4
[25.365s][debug][gc,phases      ] GC(60)     Dead                           Min: 0, Avg:  2.8, Max: 7, Diff: 7, Sum: 11, Workers: 4
[25.365s][debug][gc,phases      ] GC(60)     Total                          Min: 9024, Avg: 10767.0, Max: 12540, Diff: 3516, Sum: 43068, Workers: 4
[25.365s][debug][gc,phases      ] GC(60)   ResolvedMethodTable Weak       Min:  0.0, Avg:  0.0, Max:  0.0, Diff:  0.0, Sum:  0.1, Workers: 4
[25.365s][debug][gc,phases      ] GC(60)     Dead                           Min: 0, Avg:  0.0, Max: 0, Diff: 0, Sum: 0, Workers: 4
[25.365s][debug][gc,phases      ] GC(60)     Total                          Min: 1464, Avg: 1850.0, Max: 2291, Diff: 827, Sum: 7400, Workers: 4
[25.365s][debug][gc,phases      ] GC(60)   JNI Weak                       Min:  0.0, Avg:  0.0, Max:  0.0, Diff:  0.0, Sum:  0.0, Workers: 4
[25.365s][debug][gc,phases      ] GC(60)     Dead                           Min: 0, Avg:  0.0, Max: 0, Diff: 0, Sum: 0, Workers: 4
[25.365s][debug][gc,phases      ] GC(60)     Total                          Min: 0, Avg:  0.2, Max: 1, Diff: 1, Sum: 1, Workers: 4
[25.365s][debug][gc,phases      ] GC(60)   StringDedup Table Weak         Min:  0.0, Avg:  0.0, Max:  0.0, Diff:  0.0, Sum:  0.0, Workers: 4
[25.365s][debug][gc,phases      ] GC(60)     Dead                           Min: 0, Avg:  0.0, Max: 0, Diff: 0, Sum: 0, Workers: 4
[25.365s][debug][gc,phases      ] GC(60)     Total                          Min: 0, Avg:  0.0, Max: 0, Diff: 0, Sum: 0, Workers: 4
[25.365s][debug][gc,phases      ] GC(60)   StringDedup Requests0 Weak     Min:  0.0, Avg:  0.0, Max:  0.0, Diff:  0.0, Sum:  0.0, Workers: 4
[25.365s][debug][gc,phases      ] GC(60)     Dead                           Min: 0, Avg:  0.0, Max: 0, Diff: 0, Sum: 0, Workers: 4
[25.365s][debug][gc,phases      ] GC(60)     Total                          Min: 0, Avg:  0.0, Max: 0, Diff: 0, Sum: 0, Workers: 4
[25.365s][debug][gc,phases      ] GC(60)   StringDedup Requests1 Weak     Min:  0.0, Avg:  0.0, Max:  0.0, Diff:  0.0, Sum:  0.0, Workers: 4
[25.365s][debug][gc,phases      ] GC(60)     Dead                           Min: 0, Avg:  0.0, Max: 0, Diff: 0, Sum: 0, Workers: 4
[25.365s][debug][gc,phases      ] GC(60)     Total                          Min: 0, Avg:  0.0, Max: 0, Diff: 0, Sum: 0, Workers: 4
[25.365s][debug][gc,phases      ] GC(60)   Weak JFR Old Object Samples    Min:  0.0, Avg:  0.0, Max:  0.0, Diff:  0.0, Sum:  0.0, Workers: 4
[25.365s][debug][gc,phases      ] GC(60)     Dead                           Min: 0, Avg:  0.0, Max: 0, Diff: 0, Sum: 0, Workers: 4
[25.365s][debug][gc,phases      ] GC(60)     Total                          Min: 0, Avg:  0.0, Max: 0, Diff: 0, Sum: 0, Workers: 4
[25.365s][debug][gc,phases      ] GC(60) Weak Processing 0.260ms
[25.365s][debug][gc,age         ] GC(60) Desired survivor size 268959744 bytes, new threshold 15 (max threshold 15)
[25.365s][info ][gc,heap        ] GC(60) PSYoungGen: 1550512K(1819136K)->25296K(1803776K) Eden: 1525760K(1525760K)->0K(1525760K) From: 24752K(293376K)->25296K(278016K)
[25.365s][info ][gc,heap        ] GC(60) ParOldGen: 526817K(683008K)->527441K(683008K)
[25.365s][info ][gc,metaspace   ] GC(60) Metaspace: 69459K(70272K)->69459K(70272K) NonClass: 59349K(59776K)->59349K(59776K) Class: 10110K(10496K)->10110K(10496K)
[25.365s][info ][gc             ] GC(60) Pause Young (Allocation Failure) 2028M->539M(2428M) 8.651ms
[25.365s][info ][gc,cpu         ] GC(60) User=0.03s Sys=0.00s Real=0.01s
[25.365s][info ][safepoint      ] Safepoint "ParallelGCFailedAllocation", Time since last: 281543601 ns, Reaching safepoint: 132200 ns, At safepoint: 8750428 ns, Total: 8882628 ns
[25.442s][info ][safepoint      ] Safepoint "ICBufferFull", Time since last: 76854446 ns, Reaching safepoint: 126800 ns, At safepoint: 29900 ns, Total: 156700 ns
[25.473s][info ][safepoint      ] Safepoint "ICBufferFull", Time since last: 31011700 ns, Reaching safepoint: 125200 ns, At safepoint: 32600 ns, Total: 157800 ns
[25.483s][info ][safepoint      ] Safepoint "ICBufferFull", Time since last: 7296723 ns, Reaching safepoint: 2100707 ns, At safepoint: 29500 ns, Total: 2130207 ns
[25.505s][info ][safepoint      ] Safepoint "ICBufferFull", Time since last: 22748273 ns, Reaching safepoint: 105100 ns, At safepoint: 29300 ns, Total: 134400 ns
[25.522s][info ][safepoint      ] Safepoint "ICBufferFull", Time since last: 16682054 ns, Reaching safepoint: 131000 ns, At safepoint: 22700 ns, Total: 153700 ns
[25.611s][info ][gc,start       ] GC(61) Pause Young (Allocation Failure)
[25.619s][debug][gc,phases      ] GC(61) Scavenge 8.828ms
[25.619s][debug][gc,ref         ] GC(61) Skipped phase 1 of Reference Processing: no references
[25.619s][debug][gc,ref         ] GC(61) ReferenceProcessor::execute queues: 1, RefProcThreadModel::Single, marks_oops_alive: false
[25.619s][debug][gc,ref         ] GC(61) Skipped phase 3 of Reference Processing: no references
[25.619s][debug][gc,ref         ] GC(61) ReferenceProcessor::execute queues: 1, RefProcThreadModel::Single, marks_oops_alive: false
[25.619s][debug][gc,phases      ] GC(61) Reference Processing 0.085ms
[25.620s][debug][gc,phases      ] GC(61)   VM Weak                        Min:  0.0, Avg:  0.0, Max:  0.0, Diff:  0.0, Sum:  0.0, Workers: 4
[25.620s][debug][gc,phases      ] GC(61)     Dead                           Min: 0, Avg:  0.0, Max: 0, Diff: 0, Sum: 0, Workers: 4
[25.620s][debug][gc,phases      ] GC(61)     Total                          Min: 0, Avg: 154.0, Max: 488, Diff: 488, Sum: 616, Workers: 4
[25.620s][debug][gc,phases      ] GC(61)   ObjectSynchronizer Weak        Min:  0.0, Avg:  0.0, Max:  0.0, Diff:  0.0, Sum:  0.0, Workers: 4
[25.620s][debug][gc,phases      ] GC(61)     Dead                           Min: 0, Avg:  0.0, Max: 0, Diff: 0, Sum: 0, Workers: 4
[25.620s][debug][gc,phases      ] GC(61)     Total                          Min: 0, Avg: 87.8, Max: 159, Diff: 159, Sum: 351, Workers: 4
[25.620s][debug][gc,phases      ] GC(61)   JVMTI Tag Weak OopStorage      Min:  0.0, Avg:  0.0, Max:  0.0, Diff:  0.0, Sum:  0.0, Workers: 4
[25.620s][debug][gc,phases      ] GC(61)     Dead                           Min: 0, Avg:  0.0, Max: 0, Diff: 0, Sum: 0, Workers: 4
[25.620s][debug][gc,phases      ] GC(61)     Total                          Min: 0, Avg:  0.0, Max: 0, Diff: 0, Sum: 0, Workers: 4
[25.620s][debug][gc,phases      ] GC(61)   StringTable Weak               Min:  0.1, Avg:  0.1, Max:  0.1, Diff:  0.0, Sum:  0.3, Workers: 4
[25.620s][debug][gc,phases      ] GC(61)     Dead                           Min: 0, Avg:  0.0, Max: 0, Diff: 0, Sum: 0, Workers: 4
[25.620s][debug][gc,phases      ] GC(61)     Total                          Min: 8064, Avg: 10768.2, Max: 13376, Diff: 5312, Sum: 43073, Workers: 4
[25.620s][debug][gc,phases      ] GC(61)   ResolvedMethodTable Weak       Min:  0.0, Avg:  0.0, Max:  0.0, Diff:  0.0, Sum:  0.1, Workers: 4
[25.620s][debug][gc,phases      ] GC(61)     Dead                           Min: 0, Avg:  0.0, Max: 0, Diff: 0, Sum: 0, Workers: 4
[25.620s][debug][gc,phases      ] GC(61)     Total                          Min: 1463, Avg: 1850.0, Max: 2496, Diff: 1033, Sum: 7400, Workers: 4
[25.620s][debug][gc,phases      ] GC(61)   JNI Weak                       Min:  0.0, Avg:  0.0, Max:  0.0, Diff:  0.0, Sum:  0.0, Workers: 4
[25.620s][debug][gc,phases      ] GC(61)     Dead                           Min: 0, Avg:  0.0, Max: 0, Diff: 0, Sum: 0, Workers: 4
[25.620s][debug][gc,phases      ] GC(61)     Total                          Min: 0, Avg:  1.5, Max: 6, Diff: 6, Sum: 6, Workers: 4
[25.620s][debug][gc,phases      ] GC(61)   StringDedup Table Weak         Min:  0.0, Avg:  0.0, Max:  0.0, Diff:  0.0, Sum:  0.0, Workers: 4
[25.620s][debug][gc,phases      ] GC(61)     Dead                           Min: 0, Avg:  0.0, Max: 0, Diff: 0, Sum: 0, Workers: 4
[25.620s][debug][gc,phases      ] GC(61)     Total                          Min: 0, Avg:  0.0, Max: 0, Diff: 0, Sum: 0, Workers: 4
[25.620s][debug][gc,phases      ] GC(61)   StringDedup Requests0 Weak     Min:  0.0, Avg:  0.0, Max:  0.0, Diff:  0.0, Sum:  0.0, Workers: 4
[25.620s][debug][gc,phases      ] GC(61)     Dead                           Min: 0, Avg:  0.0, Max: 0, Diff: 0, Sum: 0, Workers: 4
[25.620s][debug][gc,phases      ] GC(61)     Total                          Min: 0, Avg:  0.0, Max: 0, Diff: 0, Sum: 0, Workers: 4
[25.620s][debug][gc,phases      ] GC(61)   StringDedup Requests1 Weak     Min:  0.0, Avg:  0.0, Max:  0.0, Diff:  0.0, Sum:  0.0, Workers: 4
[25.620s][debug][gc,phases      ] GC(61)     Dead                           Min: 0, Avg:  0.0, Max: 0, Diff: 0, Sum: 0, Workers: 4
[25.620s][debug][gc,phases      ] GC(61)     Total                          Min: 0, Avg:  0.0, Max: 0, Diff: 0, Sum: 0, Workers: 4
[25.620s][debug][gc,phases      ] GC(61)   Weak JFR Old Object Samples    Min:  0.0, Avg:  0.0, Max:  0.0, Diff:  0.0, Sum:  0.0, Workers: 4
[25.620s][debug][gc,phases      ] GC(61)     Dead                           Min: 0, Avg:  0.0, Max: 0, Diff: 0, Sum: 0, Workers: 4
[25.620s][debug][gc,phases      ] GC(61)     Total                          Min: 0, Avg:  0.0, Max: 0, Diff: 0, Sum: 0, Workers: 4
[25.620s][debug][gc,phases      ] GC(61) Weak Processing 0.258ms
[25.620s][debug][gc,age         ] GC(61) Desired survivor size 254279680 bytes, new threshold 15 (max threshold 15)
[25.620s][info ][gc,heap        ] GC(61) PSYoungGen: 1551056K(1803776K)->24576K(1848832K) Eden: 1525760K(1525760K)->0K(1586176K) From: 25296K(278016K)->24576K(262656K)
[25.620s][info ][gc,heap        ] GC(61) ParOldGen: 527441K(683008K)->529401K(683008K)
[25.620s][info ][gc,metaspace   ] GC(61) Metaspace: 69466K(70272K)->69466K(70272K) NonClass: 59356K(59776K)->59356K(59776K) Class: 10110K(10496K)->10110K(10496K)
[25.620s][info ][gc             ] GC(61) Pause Young (Allocation Failure) 2029M->540M(2472M) 9.265ms
[25.620s][info ][gc,cpu         ] GC(61) User=0.03s Sys=0.00s Real=0.01s
[25.620s][info ][safepoint      ] Safepoint "ParallelGCFailedAllocation", Time since last: 88150482 ns, Reaching safepoint: 84600 ns, At safepoint: 9350130 ns, Total: 9434730 ns
[25.937s][info ][gc,start       ] GC(62) Pause Young (Allocation Failure)
[25.948s][debug][gc,phases      ] GC(62) Scavenge 11.300ms
[25.948s][debug][gc,ref         ] GC(62) Skipped phase 1 of Reference Processing: no references
[25.949s][debug][gc,ref         ] GC(62) ReferenceProcessor::execute queues: 1, RefProcThreadModel::Single, marks_oops_alive: false
[25.949s][debug][gc,ref         ] GC(62) Skipped phase 3 of Reference Processing: no references
[25.949s][debug][gc,ref         ] GC(62) ReferenceProcessor::execute queues: 1, RefProcThreadModel::Single, marks_oops_alive: false
[25.949s][debug][gc,phases      ] GC(62) Reference Processing 0.101ms
[25.949s][debug][gc,phases      ] GC(62)   VM Weak                        Min:  0.0, Avg:  0.0, Max:  0.0, Diff:  0.0, Sum:  0.0, Workers: 4
[25.949s][debug][gc,phases      ] GC(62)     Dead                           Min: 0, Avg:  0.0, Max: 0, Diff: 0, Sum: 0, Workers: 4
[25.949s][debug][gc,phases      ] GC(62)     Total                          Min: 0, Avg: 154.0, Max: 576, Diff: 576, Sum: 616, Workers: 4
[25.949s][debug][gc,phases      ] GC(62)   ObjectSynchronizer Weak        Min:  0.0, Avg:  0.0, Max:  0.0, Diff:  0.0, Sum:  0.0, Workers: 4
[25.949s][debug][gc,phases      ] GC(62)     Dead                           Min: 0, Avg:  0.0, Max: 0, Diff: 0, Sum: 0, Workers: 4
[25.949s][debug][gc,phases      ] GC(62)     Total                          Min: 0, Avg: 87.8, Max: 223, Diff: 223, Sum: 351, Workers: 4
[25.949s][debug][gc,phases      ] GC(62)   JVMTI Tag Weak OopStorage      Min:  0.0, Avg:  0.0, Max:  0.0, Diff:  0.0, Sum:  0.0, Workers: 4
[25.949s][debug][gc,phases      ] GC(62)     Dead                           Min: 0, Avg:  0.0, Max: 0, Diff: 0, Sum: 0, Workers: 4
[25.949s][debug][gc,phases      ] GC(62)     Total                          Min: 0, Avg:  0.0, Max: 0, Diff: 0, Sum: 0, Workers: 4
[25.949s][debug][gc,phases      ] GC(62)   StringTable Weak               Min:  0.1, Avg:  0.1, Max:  0.1, Diff:  0.0, Sum:  0.3, Workers: 4
[25.949s][debug][gc,phases      ] GC(62)     Dead                           Min: 0, Avg:  2.8, Max: 11, Diff: 11, Sum: 11, Workers: 4
[25.949s][debug][gc,phases      ] GC(62)     Total                          Min: 8256, Avg: 10768.8, Max: 13305, Diff: 5049, Sum: 43075, Workers: 4
[25.949s][debug][gc,phases      ] GC(62)   ResolvedMethodTable Weak       Min:  0.0, Avg:  0.0, Max:  0.0, Diff:  0.0, Sum:  0.1, Workers: 4
[25.949s][debug][gc,phases      ] GC(62)     Dead                           Min: 0, Avg:  0.2, Max: 1, Diff: 1, Sum: 1, Workers: 4
[25.949s][debug][gc,phases      ] GC(62)     Total                          Min: 1586, Avg: 1850.2, Max: 2240, Diff: 654, Sum: 7401, Workers: 4
[25.949s][debug][gc,phases      ] GC(62)   JNI Weak                       Min:  0.0, Avg:  0.0, Max:  0.0, Diff:  0.0, Sum:  0.0, Workers: 4
[25.949s][debug][gc,phases      ] GC(62)     Dead                           Min: 0, Avg:  0.0, Max: 0, Diff: 0, Sum: 0, Workers: 4
[25.949s][debug][gc,phases      ] GC(62)     Total                          Min: 0, Avg:  0.5, Max: 2, Diff: 2, Sum: 2, Workers: 4
[25.949s][debug][gc,phases      ] GC(62)   StringDedup Table Weak         Min:  0.0, Avg:  0.0, Max:  0.0, Diff:  0.0, Sum:  0.0, Workers: 4
[25.949s][debug][gc,phases      ] GC(62)     Dead                           Min: 0, Avg:  0.0, Max: 0, Diff: 0, Sum: 0, Workers: 4
[25.949s][debug][gc,phases      ] GC(62)     Total                          Min: 0, Avg:  0.0, Max: 0, Diff: 0, Sum: 0, Workers: 4
[25.949s][debug][gc,phases      ] GC(62)   StringDedup Requests0 Weak     Min:  0.0, Avg:  0.0, Max:  0.0, Diff:  0.0, Sum:  0.0, Workers: 4
[25.949s][debug][gc,phases      ] GC(62)     Dead                           Min: 0, Avg:  0.0, Max: 0, Diff: 0, Sum: 0, Workers: 4
[25.949s][debug][gc,phases      ] GC(62)     Total                          Min: 0, Avg:  0.0, Max: 0, Diff: 0, Sum: 0, Workers: 4
[25.949s][debug][gc,phases      ] GC(62)   StringDedup Requests1 Weak     Min:  0.0, Avg:  0.0, Max:  0.0, Diff:  0.0, Sum:  0.0, Workers: 4
[25.949s][debug][gc,phases      ] GC(62)     Dead                           Min: 0, Avg:  0.0, Max: 0, Diff: 0, Sum: 0, Workers: 4
[25.949s][debug][gc,phases      ] GC(62)     Total                          Min: 0, Avg:  0.0, Max: 0, Diff: 0, Sum: 0, Workers: 4
[25.949s][debug][gc,phases      ] GC(62)   Weak JFR Old Object Samples    Min:  0.0, Avg:  0.0, Max:  0.0, Diff:  0.0, Sum:  0.0, Workers: 4
[25.949s][debug][gc,phases      ] GC(62)     Dead                           Min: 0, Avg:  0.0, Max: 0, Diff: 0, Sum: 0, Workers: 4
[25.949s][debug][gc,phases      ] GC(62)     Total                          Min: 0, Avg:  0.0, Max: 0, Diff: 0, Sum: 0, Workers: 4
[25.949s][debug][gc,phases      ] GC(62) Weak Processing 0.254ms
[25.949s][debug][gc,age         ] GC(62) Desired survivor size 239075328 bytes, new threshold 15 (max threshold 15)
[25.949s][info ][gc,heap        ] GC(62) PSYoungGen: 1610752K(1848832K)->28301K(1834496K) Eden: 1586176K(1586176K)->0K(1586176K) From: 24576K(262656K)->28301K(248320K)
[25.949s][info ][gc,heap        ] GC(62) ParOldGen: 529401K(683008K)->529697K(683008K)
[25.949s][info ][gc,metaspace   ] GC(62) Metaspace: 69479K(70272K)->69479K(70272K) NonClass: 59369K(59776K)->59369K(59776K) Class: 10110K(10496K)->10110K(10496K)
[25.949s][info ][gc             ] GC(62) Pause Young (Allocation Failure) 2089M->544M(2458M) 11.772ms
[25.949s][info ][gc,cpu         ] GC(62) User=0.04s Sys=0.00s Real=0.01s
[25.949s][info ][safepoint      ] Safepoint "ParallelGCFailedAllocation", Time since last: 317066914 ns, Reaching safepoint: 141501 ns, At safepoint: 11860838 ns, Total: 12002339 ns
[26.229s][info ][gc,start       ] GC(63) Pause Young (Allocation Failure)
[26.240s][debug][gc,phases      ] GC(63) Scavenge 11.221ms
[26.240s][debug][gc,ref         ] GC(63) Skipped phase 1 of Reference Processing: no references
[26.240s][debug][gc,ref         ] GC(63) ReferenceProcessor::execute queues: 1, RefProcThreadModel::Single, marks_oops_alive: false
[26.240s][debug][gc,ref         ] GC(63) Skipped phase 3 of Reference Processing: no references
[26.240s][debug][gc,ref         ] GC(63) Skipped phase 4 of Reference Processing: no references
[26.240s][debug][gc,phases      ] GC(63) Reference Processing 0.116ms
[26.241s][debug][gc,phases      ] GC(63)   VM Weak                        Min:  0.0, Avg:  0.0, Max:  0.0, Diff:  0.0, Sum:  0.0, Workers: 4
[26.241s][debug][gc,phases      ] GC(63)     Dead                           Min: 0, Avg:  0.0, Max: 0, Diff: 0, Sum: 0, Workers: 4
[26.241s][debug][gc,phases      ] GC(63)     Total                          Min: 0, Avg: 154.0, Max: 616, Diff: 616, Sum: 616, Workers: 4
[26.241s][debug][gc,phases      ] GC(63)   ObjectSynchronizer Weak        Min:  0.0, Avg:  0.0, Max:  0.0, Diff:  0.0, Sum:  0.0, Workers: 4
[26.241s][debug][gc,phases      ] GC(63)     Dead                           Min: 0, Avg:  0.0, Max: 0, Diff: 0, Sum: 0, Workers: 4
[26.241s][debug][gc,phases      ] GC(63)     Total                          Min: 0, Avg: 87.8, Max: 351, Diff: 351, Sum: 351, Workers: 4
[26.241s][debug][gc,phases      ] GC(63)   JVMTI Tag Weak OopStorage      Min:  0.0, Avg:  0.0, Max:  0.0, Diff:  0.0, Sum:  0.0, Workers: 4
[26.241s][debug][gc,phases      ] GC(63)     Dead                           Min: 0, Avg:  0.0, Max: 0, Diff: 0, Sum: 0, Workers: 4
[26.241s][debug][gc,phases      ] GC(63)     Total                          Min: 0, Avg:  0.0, Max: 0, Diff: 0, Sum: 0, Workers: 4
[26.241s][debug][gc,phases      ] GC(63)   StringTable Weak               Min:  0.1, Avg:  0.1, Max:  0.1, Diff:  0.0, Sum:  0.4, Workers: 4
[26.241s][debug][gc,phases      ] GC(63)     Dead                           Min: 0, Avg:  2.8, Max: 11, Diff: 11, Sum: 11, Workers: 4
[26.241s][debug][gc,phases      ] GC(63)     Total                          Min: 10496, Avg: 10769.0, Max: 11001, Diff: 505, Sum: 43076, Workers: 4
[26.241s][debug][gc,phases      ] GC(63)   ResolvedMethodTable Weak       Min:  0.0, Avg:  0.0, Max:  0.0, Diff:  0.0, Sum:  0.1, Workers: 4
[26.241s][debug][gc,phases      ] GC(63)     Dead                           Min: 0, Avg:  0.0, Max: 0, Diff: 0, Sum: 0, Workers: 4
[26.241s][debug][gc,phases      ] GC(63)     Total                          Min: 1784, Avg: 1850.2, Max: 1920, Diff: 136, Sum: 7401, Workers: 4
[26.241s][debug][gc,phases      ] GC(63)   JNI Weak                       Min:  0.0, Avg:  0.0, Max:  0.0, Diff:  0.0, Sum:  0.0, Workers: 4
[26.241s][debug][gc,phases      ] GC(63)     Dead                           Min: 0, Avg:  0.0, Max: 0, Diff: 0, Sum: 0, Workers: 4
[26.241s][debug][gc,phases      ] GC(63)     Total                          Min: 0, Avg:  0.8, Max: 3, Diff: 3, Sum: 3, Workers: 4
[26.241s][debug][gc,phases      ] GC(63)   StringDedup Table Weak         Min:  0.0, Avg:  0.0, Max:  0.0, Diff:  0.0, Sum:  0.0, Workers: 4
[26.241s][debug][gc,phases      ] GC(63)     Dead                           Min: 0, Avg:  0.0, Max: 0, Diff: 0, Sum: 0, Workers: 4
[26.241s][debug][gc,phases      ] GC(63)     Total                          Min: 0, Avg:  0.0, Max: 0, Diff: 0, Sum: 0, Workers: 4
[26.241s][debug][gc,phases      ] GC(63)   StringDedup Requests0 Weak     Min:  0.0, Avg:  0.0, Max:  0.0, Diff:  0.0, Sum:  0.0, Workers: 4
[26.241s][debug][gc,phases      ] GC(63)     Dead                           Min: 0, Avg:  0.0, Max: 0, Diff: 0, Sum: 0, Workers: 4
[26.241s][debug][gc,phases      ] GC(63)     Total                          Min: 0, Avg:  0.0, Max: 0, Diff: 0, Sum: 0, Workers: 4
[26.241s][debug][gc,phases      ] GC(63)   StringDedup Requests1 Weak     Min:  0.0, Avg:  0.0, Max:  0.0, Diff:  0.0, Sum:  0.0, Workers: 4
[26.241s][debug][gc,phases      ] GC(63)     Dead                           Min: 0, Avg:  0.0, Max: 0, Diff: 0, Sum: 0, Workers: 4
[26.241s][debug][gc,phases      ] GC(63)     Total                          Min: 0, Avg:  0.0, Max: 0, Diff: 0, Sum: 0, Workers: 4
[26.241s][debug][gc,phases      ] GC(63)   Weak JFR Old Object Samples    Min:  0.0, Avg:  0.0, Max:  0.0, Diff:  0.0, Sum:  0.0, Workers: 4
[26.241s][debug][gc,phases      ] GC(63)     Dead                           Min: 0, Avg:  0.0, Max: 0, Diff: 0, Sum: 0, Workers: 4
[26.241s][debug][gc,phases      ] GC(63)     Total                          Min: 0, Avg:  0.0, Max: 0, Diff: 0, Sum: 0, Workers: 4
[26.241s][debug][gc,phases      ] GC(63) Weak Processing 0.272ms
[26.241s][debug][gc,age         ] GC(63) Desired survivor size 224919552 bytes, new threshold 15 (max threshold 15)
[26.241s][info ][gc,heap        ] GC(63) PSYoungGen: 1614477K(1834496K)->27936K(1877504K) Eden: 1586176K(1586176K)->0K(1644032K) From: 28301K(248320K)->27936K(233472K)
[26.241s][info ][gc,heap        ] GC(63) ParOldGen: 529697K(683008K)->531641K(683008K)
[26.241s][info ][gc,metaspace   ] GC(63) Metaspace: 69481K(70272K)->69481K(70272K) NonClass: 59371K(59776K)->59371K(59776K) Class: 10110K(10496K)->10110K(10496K)
[26.241s][info ][gc             ] GC(63) Pause Young (Allocation Failure) 2093M->546M(2500M) 11.729ms
[26.241s][info ][gc,cpu         ] GC(63) User=0.04s Sys=0.00s Real=0.01s
[26.241s][info ][safepoint      ] Safepoint "ParallelGCFailedAllocation", Time since last: 279993695 ns, Reaching safepoint: 155601 ns, At safepoint: 11820838 ns, Total: 11976439 ns
[26.465s][info ][gc,start       ] GC(64) Pause Young (Allocation Failure)
[26.474s][debug][gc,phases      ] GC(64) Scavenge 8.822ms
[26.474s][debug][gc,ref         ] GC(64) Skipped phase 1 of Reference Processing: no references
[26.474s][debug][gc,ref         ] GC(64) ReferenceProcessor::execute queues: 1, RefProcThreadModel::Single, marks_oops_alive: false
[26.474s][debug][gc,ref         ] GC(64) Skipped phase 3 of Reference Processing: no references
[26.474s][debug][gc,ref         ] GC(64) Skipped phase 4 of Reference Processing: no references
[26.474s][debug][gc,phases      ] GC(64) Reference Processing 0.104ms
[26.474s][debug][gc,phases      ] GC(64)   VM Weak                        Min:  0.0, Avg:  0.0, Max:  0.0, Diff:  0.0, Sum:  0.0, Workers: 4
[26.474s][debug][gc,phases      ] GC(64)     Dead                           Min: 0, Avg:  0.0, Max: 0, Diff: 0, Sum: 0, Workers: 4
[26.474s][debug][gc,phases      ] GC(64)     Total                          Min: 0, Avg: 154.0, Max: 512, Diff: 512, Sum: 616, Workers: 4
[26.474s][debug][gc,phases      ] GC(64)   ObjectSynchronizer Weak        Min:  0.0, Avg:  0.0, Max:  0.0, Diff:  0.0, Sum:  0.0, Workers: 4
[26.474s][debug][gc,phases      ] GC(64)     Dead                           Min: 0, Avg:  0.0, Max: 0, Diff: 0, Sum: 0, Workers: 4
[26.474s][debug][gc,phases      ] GC(64)     Total                          Min: 31, Avg: 87.8, Max: 128, Diff: 97, Sum: 351, Workers: 4
[26.474s][debug][gc,phases      ] GC(64)   JVMTI Tag Weak OopStorage      Min:  0.0, Avg:  0.0, Max:  0.0, Diff:  0.0, Sum:  0.0, Workers: 4
[26.474s][debug][gc,phases      ] GC(64)     Dead                           Min: 0, Avg:  0.0, Max: 0, Diff: 0, Sum: 0, Workers: 4
[26.474s][debug][gc,phases      ] GC(64)     Total                          Min: 0, Avg:  0.0, Max: 0, Diff: 0, Sum: 0, Workers: 4
[26.474s][debug][gc,phases      ] GC(64)   StringTable Weak               Min:  0.1, Avg:  0.1, Max:  0.1, Diff:  0.0, Sum:  0.3, Workers: 4
[26.474s][debug][gc,phases      ] GC(64)     Dead                           Min: 0, Avg:  0.0, Max: 0, Diff: 0, Sum: 0, Workers: 4
[26.474s][debug][gc,phases      ] GC(64)     Total                          Min: 8316, Avg: 10770.8, Max: 13519, Diff: 5203, Sum: 43083, Workers: 4
[26.474s][debug][gc,phases      ] GC(64)   ResolvedMethodTable Weak       Min:  0.0, Avg:  0.0, Max:  0.0, Diff:  0.0, Sum:  0.1, Workers: 4
[26.474s][debug][gc,phases      ] GC(64)     Dead                           Min: 0, Avg:  0.0, Max: 0, Diff: 0, Sum: 0, Workers: 4
[26.474s][debug][gc,phases      ] GC(64)     Total                          Min: 1400, Avg: 1850.2, Max: 2304, Diff: 904, Sum: 7401, Workers: 4
[26.474s][debug][gc,phases      ] GC(64)   JNI Weak                       Min:  0.0, Avg:  0.0, Max:  0.0, Diff:  0.0, Sum:  0.0, Workers: 4
[26.474s][debug][gc,phases      ] GC(64)     Dead                           Min: 0, Avg:  0.0, Max: 0, Diff: 0, Sum: 0, Workers: 4
[26.474s][debug][gc,phases      ] GC(64)     Total                          Min: 0, Avg:  1.0, Max: 4, Diff: 4, Sum: 4, Workers: 4
[26.474s][debug][gc,phases      ] GC(64)   StringDedup Table Weak         Min:  0.0, Avg:  0.0, Max:  0.0, Diff:  0.0, Sum:  0.0, Workers: 4
[26.474s][debug][gc,phases      ] GC(64)     Dead                           Min: 0, Avg:  0.0, Max: 0, Diff: 0, Sum: 0, Workers: 4
[26.474s][debug][gc,phases      ] GC(64)     Total                          Min: 0, Avg:  0.0, Max: 0, Diff: 0, Sum: 0, Workers: 4
[26.474s][debug][gc,phases      ] GC(64)   StringDedup Requests0 Weak     Min:  0.0, Avg:  0.0, Max:  0.0, Diff:  0.0, Sum:  0.0, Workers: 4
[26.474s][debug][gc,phases      ] GC(64)     Dead                           Min: 0, Avg:  0.0, Max: 0, Diff: 0, Sum: 0, Workers: 4
[26.474s][debug][gc,phases      ] GC(64)     Total                          Min: 0, Avg:  0.0, Max: 0, Diff: 0, Sum: 0, Workers: 4
[26.474s][debug][gc,phases      ] GC(64)   StringDedup Requests1 Weak     Min:  0.0, Avg:  0.0, Max:  0.0, Diff:  0.0, Sum:  0.0, Workers: 4
[26.474s][debug][gc,phases      ] GC(64)     Dead                           Min: 0, Avg:  0.0, Max: 0, Diff: 0, Sum: 0, Workers: 4
[26.474s][debug][gc,phases      ] GC(64)     Total                          Min: 0, Avg:  0.0, Max: 0, Diff: 0, Sum: 0, Workers: 4
[26.474s][debug][gc,phases      ] GC(64)   Weak JFR Old Object Samples    Min:  0.0, Avg:  0.0, Max:  0.0, Diff:  0.0, Sum:  0.0, Workers: 4
[26.474s][debug][gc,phases      ] GC(64)     Dead                           Min: 0, Avg:  0.0, Max: 0, Diff: 0, Sum: 0, Workers: 4
[26.474s][debug][gc,phases      ] GC(64)     Total                          Min: 0, Avg:  0.0, Max: 0, Diff: 0, Sum: 0, Workers: 4
[26.474s][debug][gc,phases      ] GC(64) Weak Processing 0.263ms
[26.474s][debug][gc,age         ] GC(64) Desired survivor size 211812352 bytes, new threshold 15 (max threshold 15)
[26.475s][info ][gc,heap        ] GC(64) PSYoungGen: 1671968K(1877504K)->26944K(1863680K) Eden: 1644032K(1644032K)->0K(1644032K) From: 27936K(233472K)->26944K(219648K)
[26.475s][info ][gc,heap        ] GC(64) ParOldGen: 531641K(683008K)->533945K(683008K)
[26.475s][info ][gc,metaspace   ] GC(64) Metaspace: 69485K(70272K)->69485K(70272K) NonClass: 59375K(59776K)->59375K(59776K) Class: 10110K(10496K)->10110K(10496K)
[26.475s][info ][gc             ] GC(64) Pause Young (Allocation Failure) 2151M->547M(2487M) 9.295ms
[26.475s][info ][gc,cpu         ] GC(64) User=0.04s Sys=0.00s Real=0.00s
[26.475s][info ][safepoint      ] Safepoint "ParallelGCFailedAllocation", Time since last: 224188117 ns, Reaching safepoint: 135000 ns, At safepoint: 9398030 ns, Total: 9533030 ns
[26.741s][info ][gc,start       ] GC(65) Pause Young (Allocation Failure)
[26.751s][debug][gc,phases      ] GC(65) Scavenge 10.469ms
[26.751s][debug][gc,ref         ] GC(65) Skipped phase 1 of Reference Processing: no references
[26.751s][debug][gc,ref         ] GC(65) ReferenceProcessor::execute queues: 1, RefProcThreadModel::Single, marks_oops_alive: false
[26.751s][debug][gc,ref         ] GC(65) Skipped phase 3 of Reference Processing: no references
[26.751s][debug][gc,ref         ] GC(65) Skipped phase 4 of Reference Processing: no references
[26.751s][debug][gc,phases      ] GC(65) Reference Processing 0.108ms
[26.751s][debug][gc,phases      ] GC(65)   VM Weak                        Min:  0.0, Avg:  0.0, Max:  0.0, Diff:  0.0, Sum:  0.0, Workers: 4
[26.751s][debug][gc,phases      ] GC(65)     Dead                           Min: 0, Avg:  0.0, Max: 0, Diff: 0, Sum: 0, Workers: 4
[26.751s][debug][gc,phases      ] GC(65)     Total                          Min: 0, Avg: 154.0, Max: 448, Diff: 448, Sum: 616, Workers: 4
[26.751s][debug][gc,phases      ] GC(65)   ObjectSynchronizer Weak        Min:  0.0, Avg:  0.0, Max:  0.0, Diff:  0.0, Sum:  0.0, Workers: 4
[26.751s][debug][gc,phases      ] GC(65)     Dead                           Min: 0, Avg:  0.0, Max: 0, Diff: 0, Sum: 0, Workers: 4
[26.751s][debug][gc,phases      ] GC(65)     Total                          Min: 0, Avg: 87.8, Max: 159, Diff: 159, Sum: 351, Workers: 4
[26.751s][debug][gc,phases      ] GC(65)   JVMTI Tag Weak OopStorage      Min:  0.0, Avg:  0.0, Max:  0.0, Diff:  0.0, Sum:  0.0, Workers: 4
[26.751s][debug][gc,phases      ] GC(65)     Dead                           Min: 0, Avg:  0.0, Max: 0, Diff: 0, Sum: 0, Workers: 4
[26.751s][debug][gc,phases      ] GC(65)     Total                          Min: 0, Avg:  0.0, Max: 0, Diff: 0, Sum: 0, Workers: 4
[26.751s][debug][gc,phases      ] GC(65)   StringTable Weak               Min:  0.1, Avg:  0.1, Max:  0.1, Diff:  0.0, Sum:  0.4, Workers: 4
[26.751s][debug][gc,phases      ] GC(65)     Dead                           Min: 0, Avg:  2.8, Max: 9, Diff: 9, Sum: 11, Workers: 4
[26.751s][debug][gc,phases      ] GC(65)     Total                          Min: 9037, Avg: 10771.2, Max: 15104, Diff: 6067, Sum: 43085, Workers: 4
[26.751s][debug][gc,phases      ] GC(65)   ResolvedMethodTable Weak       Min:  0.0, Avg:  0.0, Max:  0.0, Diff:  0.0, Sum:  0.1, Workers: 4
[26.751s][debug][gc,phases      ] GC(65)     Dead                           Min: 0, Avg:  0.0, Max: 0, Diff: 0, Sum: 0, Workers: 4
[26.751s][debug][gc,phases      ] GC(65)     Total                          Min: 1588, Avg: 1850.2, Max: 2487, Diff: 899, Sum: 7401, Workers: 4
[26.751s][debug][gc,phases      ] GC(65)   JNI Weak                       Min:  0.0, Avg:  0.0, Max:  0.0, Diff:  0.0, Sum:  0.0, Workers: 4
[26.751s][debug][gc,phases      ] GC(65)     Dead                           Min: 0, Avg:  0.0, Max: 0, Diff: 0, Sum: 0, Workers: 4
[26.751s][debug][gc,phases      ] GC(65)     Total                          Min: 0, Avg:  0.0, Max: 0, Diff: 0, Sum: 0, Workers: 4
[26.751s][debug][gc,phases      ] GC(65)   StringDedup Table Weak         Min:  0.0, Avg:  0.0, Max:  0.0, Diff:  0.0, Sum:  0.0, Workers: 4
[26.751s][debug][gc,phases      ] GC(65)     Dead                           Min: 0, Avg:  0.0, Max: 0, Diff: 0, Sum: 0, Workers: 4
[26.751s][debug][gc,phases      ] GC(65)     Total                          Min: 0, Avg:  0.0, Max: 0, Diff: 0, Sum: 0, Workers: 4
[26.751s][debug][gc,phases      ] GC(65)   StringDedup Requests0 Weak     Min:  0.0, Avg:  0.0, Max:  0.0, Diff:  0.0, Sum:  0.0, Workers: 4
[26.751s][debug][gc,phases      ] GC(65)     Dead                           Min: 0, Avg:  0.0, Max: 0, Diff: 0, Sum: 0, Workers: 4
[26.751s][debug][gc,phases      ] GC(65)     Total                          Min: 0, Avg:  0.0, Max: 0, Diff: 0, Sum: 0, Workers: 4
[26.751s][debug][gc,phases      ] GC(65)   StringDedup Requests1 Weak     Min:  0.0, Avg:  0.0, Max:  0.0, Diff:  0.0, Sum:  0.0, Workers: 4
[26.751s][debug][gc,phases      ] GC(65)     Dead                           Min: 0, Avg:  0.0, Max: 0, Diff: 0, Sum: 0, Workers: 4
[26.751s][debug][gc,phases      ] GC(65)     Total                          Min: 0, Avg:  0.0, Max: 0, Diff: 0, Sum: 0, Workers: 4
[26.751s][debug][gc,phases      ] GC(65)   Weak JFR Old Object Samples    Min:  0.0, Avg:  0.0, Max:  0.0, Diff:  0.0, Sum:  0.0, Workers: 4
[26.751s][debug][gc,phases      ] GC(65)     Dead                           Min: 0, Avg:  0.0, Max: 0, Diff: 0, Sum: 0, Workers: 4
[26.751s][debug][gc,phases      ] GC(65)     Total                          Min: 0, Avg:  0.0, Max: 0, Diff: 0, Sum: 0, Workers: 4
[26.751s][debug][gc,phases      ] GC(65) Weak Processing 0.265ms
[26.751s][debug][gc,age         ] GC(65) Desired survivor size 199229440 bytes, new threshold 15 (max threshold 15)
[26.751s][info ][gc,heap        ] GC(65) PSYoungGen: 1670976K(1863680K)->27152K(1902592K) Eden: 1644032K(1644032K)->0K(1695744K) From: 26944K(219648K)->27152K(206848K)
[26.751s][info ][gc,heap        ] GC(65) ParOldGen: 533945K(683008K)->535457K(683008K)
[26.751s][info ][gc,metaspace   ] GC(65) Metaspace: 69492K(70272K)->69492K(70272K) NonClass: 59382K(59776K)->59382K(59776K) Class: 10110K(10496K)->10110K(10496K)
[26.751s][info ][gc             ] GC(65) Pause Young (Allocation Failure) 2153M->549M(2525M) 10.974ms
[26.751s][info ][gc,cpu         ] GC(65) User=0.05s Sys=0.00s Real=0.01s
[26.752s][info ][safepoint      ] Safepoint "ParallelGCFailedAllocation", Time since last: 265680250 ns, Reaching safepoint: 203201 ns, At safepoint: 11071535 ns, Total: 11274736 ns
[27.052s][info ][gc,start       ] GC(66) Pause Young (Allocation Failure)
[27.061s][debug][gc,phases      ] GC(66) Scavenge 8.892ms
[27.061s][debug][gc,ref         ] GC(66) Skipped phase 1 of Reference Processing: no references
[27.061s][debug][gc,ref         ] GC(66) ReferenceProcessor::execute queues: 1, RefProcThreadModel::Single, marks_oops_alive: false
[27.061s][debug][gc,ref         ] GC(66) Skipped phase 3 of Reference Processing: no references
[27.061s][debug][gc,ref         ] GC(66) ReferenceProcessor::execute queues: 1, RefProcThreadModel::Single, marks_oops_alive: false
[27.061s][debug][gc,phases      ] GC(66) Reference Processing 0.102ms
[27.061s][debug][gc,phases      ] GC(66)   VM Weak                        Min:  0.0, Avg:  0.0, Max:  0.0, Diff:  0.0, Sum:  0.0, Workers: 4
[27.061s][debug][gc,phases      ] GC(66)     Dead                           Min: 0, Avg:  0.0, Max: 0, Diff: 0, Sum: 0, Workers: 4
[27.061s][debug][gc,phases      ] GC(66)     Total                          Min: 0, Avg: 154.0, Max: 616, Diff: 616, Sum: 616, Workers: 4
[27.061s][debug][gc,phases      ] GC(66)   ObjectSynchronizer Weak        Min:  0.0, Avg:  0.0, Max:  0.0, Diff:  0.0, Sum:  0.0, Workers: 4
[27.061s][debug][gc,phases      ] GC(66)     Dead                           Min: 0, Avg:  0.0, Max: 0, Diff: 0, Sum: 0, Workers: 4
[27.061s][debug][gc,phases      ] GC(66)     Total                          Min: 0, Avg: 87.8, Max: 351, Diff: 351, Sum: 351, Workers: 4
[27.061s][debug][gc,phases      ] GC(66)   JVMTI Tag Weak OopStorage      Min:  0.0, Avg:  0.0, Max:  0.0, Diff:  0.0, Sum:  0.0, Workers: 4
[27.061s][debug][gc,phases      ] GC(66)     Dead                           Min: 0, Avg:  0.0, Max: 0, Diff: 0, Sum: 0, Workers: 4
[27.061s][debug][gc,phases      ] GC(66)     Total                          Min: 0, Avg:  0.0, Max: 0, Diff: 0, Sum: 0, Workers: 4
[27.061s][debug][gc,phases      ] GC(66)   StringTable Weak               Min:  0.1, Avg:  0.1, Max:  0.1, Diff:  0.0, Sum:  0.3, Workers: 4
[27.061s][debug][gc,phases      ] GC(66)     Dead                           Min: 0, Avg:  0.0, Max: 0, Diff: 0, Sum: 0, Workers: 4
[27.061s][debug][gc,phases      ] GC(66)     Total                          Min: 10190, Avg: 10771.5, Max: 11200, Diff: 1010, Sum: 43086, Workers: 4
[27.061s][debug][gc,phases      ] GC(66)   ResolvedMethodTable Weak       Min:  0.0, Avg:  0.0, Max:  0.0, Diff:  0.0, Sum:  0.1, Workers: 4
[27.061s][debug][gc,phases      ] GC(66)     Dead                           Min: 0, Avg:  0.0, Max: 0, Diff: 0, Sum: 0, Workers: 4
[27.061s][debug][gc,phases      ] GC(66)     Total                          Min: 1718, Avg: 1850.2, Max: 1972, Diff: 254, Sum: 7401, Workers: 4
[27.061s][debug][gc,phases      ] GC(66)   JNI Weak                       Min:  0.0, Avg:  0.0, Max:  0.0, Diff:  0.0, Sum:  0.0, Workers: 4
[27.061s][debug][gc,phases      ] GC(66)     Dead                           Min: 0, Avg:  0.0, Max: 0, Diff: 0, Sum: 0, Workers: 4
[27.061s][debug][gc,phases      ] GC(66)     Total                          Min: 0, Avg:  0.2, Max: 1, Diff: 1, Sum: 1, Workers: 4
[27.061s][debug][gc,phases      ] GC(66)   StringDedup Table Weak         Min:  0.0, Avg:  0.0, Max:  0.0, Diff:  0.0, Sum:  0.0, Workers: 4
[27.061s][debug][gc,phases      ] GC(66)     Dead                           Min: 0, Avg:  0.0, Max: 0, Diff: 0, Sum: 0, Workers: 4
[27.061s][debug][gc,phases      ] GC(66)     Total                          Min: 0, Avg:  0.0, Max: 0, Diff: 0, Sum: 0, Workers: 4
[27.061s][debug][gc,phases      ] GC(66)   StringDedup Requests0 Weak     Min:  0.0, Avg:  0.0, Max:  0.0, Diff:  0.0, Sum:  0.0, Workers: 4
[27.061s][debug][gc,phases      ] GC(66)     Dead                           Min: 0, Avg:  0.0, Max: 0, Diff: 0, Sum: 0, Workers: 4
[27.061s][debug][gc,phases      ] GC(66)     Total                          Min: 0, Avg:  0.0, Max: 0, Diff: 0, Sum: 0, Workers: 4
[27.061s][debug][gc,phases      ] GC(66)   StringDedup Requests1 Weak     Min:  0.0, Avg:  0.0, Max:  0.0, Diff:  0.0, Sum:  0.0, Workers: 4
[27.061s][debug][gc,phases      ] GC(66)     Dead                           Min: 0, Avg:  0.0, Max: 0, Diff: 0, Sum: 0, Workers: 4
[27.061s][debug][gc,phases      ] GC(66)     Total                          Min: 0, Avg:  0.0, Max: 0, Diff: 0, Sum: 0, Workers: 4
[27.061s][debug][gc,phases      ] GC(66)   Weak JFR Old Object Samples    Min:  0.0, Avg:  0.0, Max:  0.0, Diff:  0.0, Sum:  0.0, Workers: 4
[27.061s][debug][gc,phases      ] GC(66)     Dead                           Min: 0, Avg:  0.0, Max: 0, Diff: 0, Sum: 0, Workers: 4
[27.061s][debug][gc,phases      ] GC(66)     Total                          Min: 0, Avg:  0.0, Max: 0, Diff: 0, Sum: 0, Workers: 4
[27.061s][debug][gc,phases      ] GC(66) Weak Processing 0.242ms
[27.061s][debug][gc,age         ] GC(66) Desired survivor size 186646528 bytes, new threshold 15 (max threshold 15)
[27.061s][info ][gc,heap        ] GC(66) PSYoungGen: 1722896K(1902592K)->29952K(1890304K) Eden: 1695744K(1695744K)->0K(1695744K) From: 27152K(206848K)->29952K(194560K)
[27.061s][info ][gc,heap        ] GC(66) ParOldGen: 535457K(683008K)->536601K(683008K)
[27.061s][info ][gc,metaspace   ] GC(66) Metaspace: 69493K(70272K)->69493K(70272K) NonClass: 59383K(59776K)->59383K(59776K) Class: 10110K(10496K)->10110K(10496K)
[27.061s][info ][gc             ] GC(66) Pause Young (Allocation Failure) 2205M->553M(2513M) 9.343ms
[27.061s][info ][gc,cpu         ] GC(66) User=0.03s Sys=0.00s Real=0.01s
[27.061s][info ][safepoint      ] Safepoint "ParallelGCFailedAllocation", Time since last: 300380461 ns, Reaching safepoint: 141801 ns, At safepoint: 9434830 ns, Total: 9576631 ns
[27.334s][info ][gc,start       ] GC(67) Pause Young (Allocation Failure)
[27.344s][debug][gc,phases      ] GC(67) Scavenge 9.448ms
[27.344s][debug][gc,ref         ] GC(67) Skipped phase 1 of Reference Processing: no references
[27.344s][debug][gc,ref         ] GC(67) ReferenceProcessor::execute queues: 1, RefProcThreadModel::Single, marks_oops_alive: false
[27.344s][debug][gc,ref         ] GC(67) Skipped phase 3 of Reference Processing: no references
[27.344s][debug][gc,ref         ] GC(67) Skipped phase 4 of Reference Processing: no references
[27.344s][debug][gc,phases      ] GC(67) Reference Processing 0.136ms
[27.344s][debug][gc,phases      ] GC(67)   VM Weak                        Min:  0.0, Avg:  0.0, Max:  0.0, Diff:  0.0, Sum:  0.0, Workers: 4
[27.344s][debug][gc,phases      ] GC(67)     Dead                           Min: 0, Avg:  0.0, Max: 0, Diff: 0, Sum: 0, Workers: 4
[27.344s][debug][gc,phases      ] GC(67)     Total                          Min: 0, Avg: 154.0, Max: 552, Diff: 552, Sum: 616, Workers: 4
[27.344s][debug][gc,phases      ] GC(67)   ObjectSynchronizer Weak        Min:  0.0, Avg:  0.0, Max:  0.0, Diff:  0.0, Sum:  0.0, Workers: 4
[27.344s][debug][gc,phases      ] GC(67)     Dead                           Min: 0, Avg:  0.0, Max: 0, Diff: 0, Sum: 0, Workers: 4
[27.344s][debug][gc,phases      ] GC(67)     Total                          Min: 0, Avg: 87.8, Max: 192, Diff: 192, Sum: 351, Workers: 4
[27.344s][debug][gc,phases      ] GC(67)   JVMTI Tag Weak OopStorage      Min:  0.0, Avg:  0.0, Max:  0.0, Diff:  0.0, Sum:  0.0, Workers: 4
[27.344s][debug][gc,phases      ] GC(67)     Dead                           Min: 0, Avg:  0.0, Max: 0, Diff: 0, Sum: 0, Workers: 4
[27.344s][debug][gc,phases      ] GC(67)     Total                          Min: 0, Avg:  0.0, Max: 0, Diff: 0, Sum: 0, Workers: 4
[27.344s][debug][gc,phases      ] GC(67)   StringTable Weak               Min:  0.1, Avg:  0.1, Max:  0.1, Diff:  0.0, Sum:  0.3, Workers: 4
[27.344s][debug][gc,phases      ] GC(67)     Dead                           Min: 0, Avg:  2.8, Max: 11, Diff: 11, Sum: 11, Workers: 4
[27.344s][debug][gc,phases      ] GC(67)     Total                          Min: 8446, Avg: 10772.2, Max: 13440, Diff: 4994, Sum: 43089, Workers: 4
[27.344s][debug][gc,phases      ] GC(67)   ResolvedMethodTable Weak       Min:  0.0, Avg:  0.0, Max:  0.0, Diff:  0.0, Sum:  0.1, Workers: 4
[27.344s][debug][gc,phases      ] GC(67)     Dead                           Min: 0, Avg:  0.0, Max: 0, Diff: 0, Sum: 0, Workers: 4
[27.344s][debug][gc,phases      ] GC(67)     Total                          Min: 1706, Avg: 1850.2, Max: 2048, Diff: 342, Sum: 7401, Workers: 4
[27.344s][debug][gc,phases      ] GC(67)   JNI Weak                       Min:  0.0, Avg:  0.0, Max:  0.0, Diff:  0.0, Sum:  0.0, Workers: 4
[27.344s][debug][gc,phases      ] GC(67)     Dead                           Min: 0, Avg:  0.0, Max: 0, Diff: 0, Sum: 0, Workers: 4
[27.344s][debug][gc,phases      ] GC(67)     Total                          Min: 0, Avg:  0.0, Max: 0, Diff: 0, Sum: 0, Workers: 4
[27.344s][debug][gc,phases      ] GC(67)   StringDedup Table Weak         Min:  0.0, Avg:  0.0, Max:  0.0, Diff:  0.0, Sum:  0.0, Workers: 4
[27.344s][debug][gc,phases      ] GC(67)     Dead                           Min: 0, Avg:  0.0, Max: 0, Diff: 0, Sum: 0, Workers: 4
[27.344s][debug][gc,phases      ] GC(67)     Total                          Min: 0, Avg:  0.0, Max: 0, Diff: 0, Sum: 0, Workers: 4
[27.344s][debug][gc,phases      ] GC(67)   StringDedup Requests0 Weak     Min:  0.0, Avg:  0.0, Max:  0.0, Diff:  0.0, Sum:  0.0, Workers: 4
[27.344s][debug][gc,phases      ] GC(67)     Dead                           Min: 0, Avg:  0.0, Max: 0, Diff: 0, Sum: 0, Workers: 4
[27.344s][debug][gc,phases      ] GC(67)     Total                          Min: 0, Avg:  0.0, Max: 0, Diff: 0, Sum: 0, Workers: 4
[27.344s][debug][gc,phases      ] GC(67)   StringDedup Requests1 Weak     Min:  0.0, Avg:  0.0, Max:  0.0, Diff:  0.0, Sum:  0.0, Workers: 4
[27.344s][debug][gc,phases      ] GC(67)     Dead                           Min: 0, Avg:  0.0, Max: 0, Diff: 0, Sum: 0, Workers: 4
[27.344s][debug][gc,phases      ] GC(67)     Total                          Min: 0, Avg:  0.0, Max: 0, Diff: 0, Sum: 0, Workers: 4
[27.344s][debug][gc,phases      ] GC(67)   Weak JFR Old Object Samples    Min:  0.0, Avg:  0.0, Max:  0.0, Diff:  0.0, Sum:  0.0, Workers: 4
[27.344s][debug][gc,phases      ] GC(67)     Dead                           Min: 0, Avg:  0.0, Max: 0, Diff: 0, Sum: 0, Workers: 4
[27.344s][debug][gc,phases      ] GC(67)     Total                          Min: 0, Avg:  0.0, Max: 0, Diff: 0, Sum: 0, Workers: 4
[27.344s][debug][gc,phases      ] GC(67) Weak Processing 0.268ms
[27.344s][debug][gc,age         ] GC(67) Desired survivor size 175112192 bytes, new threshold 15 (max threshold 15)
[27.344s][info ][gc,heap        ] GC(67) PSYoungGen: 1725696K(1890304K)->29296K(1926144K) Eden: 1695744K(1695744K)->0K(1743872K) From: 29952K(194560K)->29296K(182272K)
[27.344s][info ][gc,heap        ] GC(67) ParOldGen: 536601K(683008K)->539121K(683008K)
[27.344s][info ][gc,metaspace   ] GC(67) Metaspace: 69508K(70336K)->69508K(70336K) NonClass: 59398K(59840K)->59398K(59840K) Class: 10110K(10496K)->10110K(10496K)
[27.344s][info ][gc             ] GC(67) Pause Young (Allocation Failure) 2209M->555M(2548M) 9.954ms
[27.344s][info ][gc,cpu         ] GC(67) User=0.04s Sys=0.00s Real=0.02s
[27.344s][info ][safepoint      ] Safepoint "ParallelGCFailedAllocation", Time since last: 272652873 ns, Reaching safepoint: 133500 ns, At safepoint: 10045832 ns, Total: 10179332 ns
[27.607s][info ][gc,start       ] GC(68) Pause Young (Allocation Failure)
[27.618s][debug][gc,phases      ] GC(68) Scavenge 11.874ms
[27.619s][debug][gc,ref         ] GC(68) Skipped phase 1 of Reference Processing: no references
[27.619s][debug][gc,ref         ] GC(68) ReferenceProcessor::execute queues: 1, RefProcThreadModel::Single, marks_oops_alive: false
[27.619s][debug][gc,ref         ] GC(68) Skipped phase 3 of Reference Processing: no references
[27.619s][debug][gc,ref         ] GC(68) Skipped phase 4 of Reference Processing: no references
[27.619s][debug][gc,phases      ] GC(68) Reference Processing 0.103ms
[27.619s][debug][gc,phases      ] GC(68)   VM Weak                        Min:  0.0, Avg:  0.0, Max:  0.0, Diff:  0.0, Sum:  0.0, Workers: 4
[27.619s][debug][gc,phases      ] GC(68)     Dead                           Min: 0, Avg:  0.0, Max: 0, Diff: 0, Sum: 0, Workers: 4
[27.619s][debug][gc,phases      ] GC(68)     Total                          Min: 0, Avg: 154.0, Max: 616, Diff: 616, Sum: 616, Workers: 4
[27.619s][debug][gc,phases      ] GC(68)   ObjectSynchronizer Weak        Min:  0.0, Avg:  0.0, Max:  0.0, Diff:  0.0, Sum:  0.0, Workers: 4
[27.619s][debug][gc,phases      ] GC(68)     Dead                           Min: 0, Avg:  0.0, Max: 0, Diff: 0, Sum: 0, Workers: 4
[27.619s][debug][gc,phases      ] GC(68)     Total                          Min: 0, Avg: 87.8, Max: 320, Diff: 320, Sum: 351, Workers: 4
[27.619s][debug][gc,phases      ] GC(68)   JVMTI Tag Weak OopStorage      Min:  0.0, Avg:  0.0, Max:  0.0, Diff:  0.0, Sum:  0.0, Workers: 4
[27.619s][debug][gc,phases      ] GC(68)     Dead                           Min: 0, Avg:  0.0, Max: 0, Diff: 0, Sum: 0, Workers: 4
[27.619s][debug][gc,phases      ] GC(68)     Total                          Min: 0, Avg:  0.0, Max: 0, Diff: 0, Sum: 0, Workers: 4
[27.619s][debug][gc,phases      ] GC(68)   StringTable Weak               Min:  0.1, Avg:  0.1, Max:  0.1, Diff:  0.0, Sum:  0.3, Workers: 4
[27.619s][debug][gc,phases      ] GC(68)     Dead                           Min: 0, Avg:  0.0, Max: 0, Diff: 0, Sum: 0, Workers: 4
[27.619s][debug][gc,phases      ] GC(68)     Total                          Min: 8468, Avg: 10772.5, Max: 13054, Diff: 4586, Sum: 43090, Workers: 4
[27.619s][debug][gc,phases      ] GC(68)   ResolvedMethodTable Weak       Min:  0.0, Avg:  0.0, Max:  0.0, Diff:  0.0, Sum:  0.1, Workers: 4
[27.619s][debug][gc,phases      ] GC(68)     Dead                           Min: 0, Avg:  0.0, Max: 0, Diff: 0, Sum: 0, Workers: 4
[27.619s][debug][gc,phases      ] GC(68)     Total                          Min: 1464, Avg: 1850.2, Max: 2302, Diff: 838, Sum: 7401, Workers: 4
[27.619s][debug][gc,phases      ] GC(68)   JNI Weak                       Min:  0.0, Avg:  0.0, Max:  0.0, Diff:  0.0, Sum:  0.0, Workers: 4
[27.619s][debug][gc,phases      ] GC(68)     Dead                           Min: 0, Avg:  0.0, Max: 0, Diff: 0, Sum: 0, Workers: 4
[27.619s][debug][gc,phases      ] GC(68)     Total                          Min: 0, Avg:  0.0, Max: 0, Diff: 0, Sum: 0, Workers: 4
[27.619s][debug][gc,phases      ] GC(68)   StringDedup Table Weak         Min:  0.0, Avg:  0.0, Max:  0.0, Diff:  0.0, Sum:  0.0, Workers: 4
[27.619s][debug][gc,phases      ] GC(68)     Dead                           Min: 0, Avg:  0.0, Max: 0, Diff: 0, Sum: 0, Workers: 4
[27.619s][debug][gc,phases      ] GC(68)     Total                          Min: 0, Avg:  0.0, Max: 0, Diff: 0, Sum: 0, Workers: 4
[27.619s][debug][gc,phases      ] GC(68)   StringDedup Requests0 Weak     Min:  0.0, Avg:  0.0, Max:  0.0, Diff:  0.0, Sum:  0.0, Workers: 4
[27.619s][debug][gc,phases      ] GC(68)     Dead                           Min: 0, Avg:  0.0, Max: 0, Diff: 0, Sum: 0, Workers: 4
[27.619s][debug][gc,phases      ] GC(68)     Total                          Min: 0, Avg:  0.0, Max: 0, Diff: 0, Sum: 0, Workers: 4
[27.619s][debug][gc,phases      ] GC(68)   StringDedup Requests1 Weak     Min:  0.0, Avg:  0.0, Max:  0.0, Diff:  0.0, Sum:  0.0, Workers: 4
[27.619s][debug][gc,phases      ] GC(68)     Dead                           Min: 0, Avg:  0.0, Max: 0, Diff: 0, Sum: 0, Workers: 4
[27.619s][debug][gc,phases      ] GC(68)     Total                          Min: 0, Avg:  0.0, Max: 0, Diff: 0, Sum: 0, Workers: 4
[27.619s][debug][gc,phases      ] GC(68)   Weak JFR Old Object Samples    Min:  0.0, Avg:  0.0, Max:  0.0, Diff:  0.0, Sum:  0.0, Workers: 4
[27.619s][debug][gc,phases      ] GC(68)     Dead                           Min: 0, Avg:  0.0, Max: 0, Diff: 0, Sum: 0, Workers: 4
[27.619s][debug][gc,phases      ] GC(68)     Total                          Min: 0, Avg:  0.0, Max: 0, Diff: 0, Sum: 0, Workers: 4
[27.619s][debug][gc,phases      ] GC(68) Weak Processing 0.278ms
[27.619s][debug][gc,age         ] GC(68) Desired survivor size 164102144 bytes, new threshold 15 (max threshold 15)
[27.619s][info ][gc,heap        ] GC(68) PSYoungGen: 1773168K(1926144K)->30512K(1914880K) Eden: 1743872K(1743872K)->0K(1743872K) From: 29296K(182272K)->30512K(171008K)
[27.619s][info ][gc,heap        ] GC(68) ParOldGen: 539121K(683008K)->541417K(683008K)
[27.619s][info ][gc,metaspace   ] GC(68) Metaspace: 69514K(70336K)->69514K(70336K) NonClass: 59404K(59840K)->59404K(59840K) Class: 10110K(10496K)->10110K(10496K)
[27.619s][info ][gc             ] GC(68) Pause Young (Allocation Failure) 2258M->558M(2537M) 12.368ms
[27.619s][info ][gc,cpu         ] GC(68) User=0.04s Sys=0.00s Real=0.01s
[27.619s][info ][safepoint      ] Safepoint "ParallelGCFailedAllocation", Time since last: 262028139 ns, Reaching safepoint: 189300 ns, At safepoint: 12463640 ns, Total: 12652940 ns
[27.914s][info ][gc,start       ] GC(69) Pause Young (Allocation Failure)
[27.923s][debug][gc,phases      ] GC(69) Scavenge 9.126ms
[27.923s][debug][gc,ref         ] GC(69) Skipped phase 1 of Reference Processing: no references
[27.923s][debug][gc,ref         ] GC(69) ReferenceProcessor::execute queues: 1, RefProcThreadModel::Single, marks_oops_alive: false
[27.923s][debug][gc,ref         ] GC(69) Skipped phase 3 of Reference Processing: no references
[27.923s][debug][gc,ref         ] GC(69) Skipped phase 4 of Reference Processing: no references
[27.923s][debug][gc,phases      ] GC(69) Reference Processing 0.099ms
[27.923s][debug][gc,phases      ] GC(69)   VM Weak                        Min:  0.0, Avg:  0.0, Max:  0.0, Diff:  0.0, Sum:  0.0, Workers: 4
[27.923s][debug][gc,phases      ] GC(69)     Dead                           Min: 0, Avg:  0.0, Max: 0, Diff: 0, Sum: 0, Workers: 4
[27.923s][debug][gc,phases      ] GC(69)     Total                          Min: 0, Avg: 154.0, Max: 448, Diff: 448, Sum: 616, Workers: 4
[27.923s][debug][gc,phases      ] GC(69)   ObjectSynchronizer Weak        Min:  0.0, Avg:  0.0, Max:  0.0, Diff:  0.0, Sum:  0.0, Workers: 4
[27.923s][debug][gc,phases      ] GC(69)     Dead                           Min: 0, Avg:  0.0, Max: 0, Diff: 0, Sum: 0, Workers: 4
[27.923s][debug][gc,phases      ] GC(69)     Total                          Min: 0, Avg: 87.8, Max: 351, Diff: 351, Sum: 351, Workers: 4
[27.923s][debug][gc,phases      ] GC(69)   JVMTI Tag Weak OopStorage      Min:  0.0, Avg:  0.0, Max:  0.0, Diff:  0.0, Sum:  0.0, Workers: 4
[27.923s][debug][gc,phases      ] GC(69)     Dead                           Min: 0, Avg:  0.0, Max: 0, Diff: 0, Sum: 0, Workers: 4
[27.923s][debug][gc,phases      ] GC(69)     Total                          Min: 0, Avg:  0.0, Max: 0, Diff: 0, Sum: 0, Workers: 4
[27.923s][debug][gc,phases      ] GC(69)   StringTable Weak               Min:  0.1, Avg:  0.1, Max:  0.1, Diff:  0.0, Sum:  0.3, Workers: 4
[27.923s][debug][gc,phases      ] GC(69)     Dead                           Min: 0, Avg:  2.8, Max: 11, Diff: 11, Sum: 11, Workers: 4
[27.923s][debug][gc,phases      ] GC(69)     Total                          Min: 7616, Avg: 10777.2, Max: 12645, Diff: 5029, Sum: 43109, Workers: 4
[27.923s][debug][gc,phases      ] GC(69)   ResolvedMethodTable Weak       Min:  0.0, Avg:  0.0, Max:  0.0, Diff:  0.0, Sum:  0.1, Workers: 4
[27.923s][debug][gc,phases      ] GC(69)     Dead                           Min: 0, Avg:  0.0, Max: 0, Diff: 0, Sum: 0, Workers: 4
[27.923s][debug][gc,phases      ] GC(69)     Total                          Min: 1598, Avg: 1850.2, Max: 1972, Diff: 374, Sum: 7401, Workers: 4
[27.923s][debug][gc,phases      ] GC(69)   JNI Weak                       Min:  0.0, Avg:  0.0, Max:  0.0, Diff:  0.0, Sum:  0.0, Workers: 4
[27.923s][debug][gc,phases      ] GC(69)     Dead                           Min: 0, Avg:  0.0, Max: 0, Diff: 0, Sum: 0, Workers: 4
[27.923s][debug][gc,phases      ] GC(69)     Total                          Min: 0, Avg:  0.0, Max: 0, Diff: 0, Sum: 0, Workers: 4
[27.923s][debug][gc,phases      ] GC(69)   StringDedup Table Weak         Min:  0.0, Avg:  0.0, Max:  0.0, Diff:  0.0, Sum:  0.0, Workers: 4
[27.923s][debug][gc,phases      ] GC(69)     Dead                           Min: 0, Avg:  0.0, Max: 0, Diff: 0, Sum: 0, Workers: 4
[27.923s][debug][gc,phases      ] GC(69)     Total                          Min: 0, Avg:  0.0, Max: 0, Diff: 0, Sum: 0, Workers: 4
[27.923s][debug][gc,phases      ] GC(69)   StringDedup Requests0 Weak     Min:  0.0, Avg:  0.0, Max:  0.0, Diff:  0.0, Sum:  0.0, Workers: 4
[27.923s][debug][gc,phases      ] GC(69)     Dead                           Min: 0, Avg:  0.0, Max: 0, Diff: 0, Sum: 0, Workers: 4
[27.923s][debug][gc,phases      ] GC(69)     Total                          Min: 0, Avg:  0.0, Max: 0, Diff: 0, Sum: 0, Workers: 4
[27.923s][debug][gc,phases      ] GC(69)   StringDedup Requests1 Weak     Min:  0.0, Avg:  0.0, Max:  0.0, Diff:  0.0, Sum:  0.0, Workers: 4
[27.923s][debug][gc,phases      ] GC(69)     Dead                           Min: 0, Avg:  0.0, Max: 0, Diff: 0, Sum: 0, Workers: 4
[27.923s][debug][gc,phases      ] GC(69)     Total                          Min: 0, Avg:  0.0, Max: 0, Diff: 0, Sum: 0, Workers: 4
[27.923s][debug][gc,phases      ] GC(69)   Weak JFR Old Object Samples    Min:  0.0, Avg:  0.0, Max:  0.0, Diff:  0.0, Sum:  0.0, Workers: 4
[27.923s][debug][gc,phases      ] GC(69)     Dead                           Min: 0, Avg:  0.0, Max: 0, Diff: 0, Sum: 0, Workers: 4
[27.923s][debug][gc,phases      ] GC(69)     Total                          Min: 0, Avg:  0.0, Max: 0, Diff: 0, Sum: 0, Workers: 4
[27.923s][debug][gc,phases      ] GC(69) Weak Processing 0.245ms
[27.923s][debug][gc,age         ] GC(69) Desired survivor size 154140672 bytes, new threshold 15 (max threshold 15)
[27.923s][info ][gc,heap        ] GC(69) PSYoungGen: 1774384K(1914880K)->29888K(1946624K) Eden: 1743872K(1743872K)->0K(1786368K) From: 30512K(171008K)->29888K(160256K)
[27.923s][info ][gc,heap        ] GC(69) ParOldGen: 541417K(683008K)->543841K(683008K)
[27.923s][info ][gc,metaspace   ] GC(69) Metaspace: 69552K(70400K)->69552K(70400K) NonClass: 59442K(59904K)->59442K(59904K) Class: 10110K(10496K)->10110K(10496K)
[27.923s][info ][gc             ] GC(69) Pause Young (Allocation Failure) 2261M->560M(2568M) 9.582ms
[27.923s][info ][gc,cpu         ] GC(69) User=0.04s Sys=0.00s Real=0.01s
[27.923s][info ][safepoint      ] Safepoint "ParallelGCFailedAllocation", Time since last: 294622143 ns, Reaching safepoint: 131200 ns, At safepoint: 9675031 ns, Total: 9806231 ns
[28.201s][info ][gc,start       ] GC(70) Pause Young (Allocation Failure)
[28.209s][debug][gc,phases      ] GC(70) Scavenge 8.334ms
[28.209s][debug][gc,ref         ] GC(70) Skipped phase 1 of Reference Processing: no references
[28.209s][debug][gc,ref         ] GC(70) ReferenceProcessor::execute queues: 1, RefProcThreadModel::Single, marks_oops_alive: false
[28.209s][debug][gc,ref         ] GC(70) Skipped phase 3 of Reference Processing: no references
[28.210s][debug][gc,ref         ] GC(70) Skipped phase 4 of Reference Processing: no references
[28.210s][debug][gc,phases      ] GC(70) Reference Processing 0.109ms
[28.210s][debug][gc,phases      ] GC(70)   VM Weak                        Min:  0.0, Avg:  0.0, Max:  0.0, Diff:  0.0, Sum:  0.0, Workers: 4
[28.210s][debug][gc,phases      ] GC(70)     Dead                           Min: 0, Avg:  0.0, Max: 0, Diff: 0, Sum: 0, Workers: 4
[28.210s][debug][gc,phases      ] GC(70)     Total                          Min: 0, Avg: 154.0, Max: 552, Diff: 552, Sum: 616, Workers: 4
[28.210s][debug][gc,phases      ] GC(70)   ObjectSynchronizer Weak        Min:  0.0, Avg:  0.0, Max:  0.0, Diff:  0.0, Sum:  0.0, Workers: 4
[28.210s][debug][gc,phases      ] GC(70)     Dead                           Min: 0, Avg:  0.0, Max: 0, Diff: 0, Sum: 0, Workers: 4
[28.210s][debug][gc,phases      ] GC(70)     Total                          Min: 0, Avg: 87.8, Max: 223, Diff: 223, Sum: 351, Workers: 4
[28.210s][debug][gc,phases      ] GC(70)   JVMTI Tag Weak OopStorage      Min:  0.0, Avg:  0.0, Max:  0.0, Diff:  0.0, Sum:  0.0, Workers: 4
[28.210s][debug][gc,phases      ] GC(70)     Dead                           Min: 0, Avg:  0.0, Max: 0, Diff: 0, Sum: 0, Workers: 4
[28.210s][debug][gc,phases      ] GC(70)     Total                          Min: 0, Avg:  0.0, Max: 0, Diff: 0, Sum: 0, Workers: 4
[28.210s][debug][gc,phases      ] GC(70)   StringTable Weak               Min:  0.1, Avg:  0.1, Max:  0.1, Diff:  0.0, Sum:  0.3, Workers: 4
[28.210s][debug][gc,phases      ] GC(70)     Dead                           Min: 0, Avg:  2.8, Max: 11, Diff: 11, Sum: 11, Workers: 4
[28.210s][debug][gc,phases      ] GC(70)     Total                          Min: 9061, Avg: 10777.2, Max: 11776, Diff: 2715, Sum: 43109, Workers: 4
[28.210s][debug][gc,phases      ] GC(70)   ResolvedMethodTable Weak       Min:  0.0, Avg:  0.0, Max:  0.0, Diff:  0.0, Sum:  0.1, Workers: 4
[28.210s][debug][gc,phases      ] GC(70)     Dead                           Min: 0, Avg:  0.0, Max: 0, Diff: 0, Sum: 0, Workers: 4
[28.210s][debug][gc,phases      ] GC(70)     Total                          Min: 1720, Avg: 1850.2, Max: 2048, Diff: 328, Sum: 7401, Workers: 4
[28.210s][debug][gc,phases      ] GC(70)   JNI Weak                       Min:  0.0, Avg:  0.0, Max:  0.0, Diff:  0.0, Sum:  0.0, Workers: 4
[28.210s][debug][gc,phases      ] GC(70)     Dead                           Min: 0, Avg:  0.0, Max: 0, Diff: 0, Sum: 0, Workers: 4
[28.210s][debug][gc,phases      ] GC(70)     Total                          Min: 0, Avg:  0.0, Max: 0, Diff: 0, Sum: 0, Workers: 4
[28.210s][debug][gc,phases      ] GC(70)   StringDedup Table Weak         Min:  0.0, Avg:  0.0, Max:  0.0, Diff:  0.0, Sum:  0.0, Workers: 4
[28.210s][debug][gc,phases      ] GC(70)     Dead                           Min: 0, Avg:  0.0, Max: 0, Diff: 0, Sum: 0, Workers: 4
[28.210s][debug][gc,phases      ] GC(70)     Total                          Min: 0, Avg:  0.0, Max: 0, Diff: 0, Sum: 0, Workers: 4
[28.210s][debug][gc,phases      ] GC(70)   StringDedup Requests0 Weak     Min:  0.0, Avg:  0.0, Max:  0.0, Diff:  0.0, Sum:  0.0, Workers: 4
[28.210s][debug][gc,phases      ] GC(70)     Dead                           Min: 0, Avg:  0.0, Max: 0, Diff: 0, Sum: 0, Workers: 4
[28.210s][debug][gc,phases      ] GC(70)     Total                          Min: 0, Avg:  0.0, Max: 0, Diff: 0, Sum: 0, Workers: 4
[28.210s][debug][gc,phases      ] GC(70)   StringDedup Requests1 Weak     Min:  0.0, Avg:  0.0, Max:  0.0, Diff:  0.0, Sum:  0.0, Workers: 4
[28.210s][debug][gc,phases      ] GC(70)     Dead                           Min: 0, Avg:  0.0, Max: 0, Diff: 0, Sum: 0, Workers: 4
[28.210s][debug][gc,phases      ] GC(70)     Total                          Min: 0, Avg:  0.0, Max: 0, Diff: 0, Sum: 0, Workers: 4
[28.210s][debug][gc,phases      ] GC(70)   Weak JFR Old Object Samples    Min:  0.0, Avg:  0.0, Max:  0.0, Diff:  0.0, Sum:  0.0, Workers: 4
[28.210s][debug][gc,phases      ] GC(70)     Dead                           Min: 0, Avg:  0.0, Max: 0, Diff: 0, Sum: 0, Workers: 4
[28.210s][debug][gc,phases      ] GC(70)     Total                          Min: 0, Avg:  0.0, Max: 0, Diff: 0, Sum: 0, Workers: 4
[28.210s][debug][gc,phases      ] GC(70) Weak Processing 0.239ms
[28.210s][debug][gc,age         ] GC(70) Desired survivor size 144703488 bytes, new threshold 15 (max threshold 15)
[28.210s][info ][gc,heap        ] GC(70) PSYoungGen: 1816256K(1946624K)->30496K(1936896K) Eden: 1786368K(1786368K)->0K(1786368K) From: 29888K(160256K)->30496K(150528K)
[28.210s][info ][gc,heap        ] GC(70) ParOldGen: 543841K(683008K)->544961K(683008K)
[28.210s][info ][gc,metaspace   ] GC(70) Metaspace: 69562K(70400K)->69562K(70400K) NonClass: 59451K(59904K)->59451K(59904K) Class: 10110K(10496K)->10110K(10496K)
[28.210s][info ][gc             ] GC(70) Pause Young (Allocation Failure) 2304M->561M(2558M) 8.798ms
[28.210s][info ][gc,cpu         ] GC(70) User=0.03s Sys=0.00s Real=0.01s
[28.210s][info ][safepoint      ] Safepoint "ParallelGCFailedAllocation", Time since last: 275424182 ns, Reaching safepoint: 2108006 ns, At safepoint: 8893229 ns, Total: 11001235 ns
[28.483s][info ][gc,start       ] GC(71) Pause Young (Allocation Failure)
[28.492s][debug][gc,phases      ] GC(71) Scavenge 8.565ms
[28.492s][debug][gc,ref         ] GC(71) Skipped phase 1 of Reference Processing: no references
[28.492s][debug][gc,ref         ] GC(71) ReferenceProcessor::execute queues: 1, RefProcThreadModel::Single, marks_oops_alive: false
[28.492s][debug][gc,ref         ] GC(71) Skipped phase 3 of Reference Processing: no references
[28.492s][debug][gc,ref         ] GC(71) Skipped phase 4 of Reference Processing: no references
[28.492s][debug][gc,phases      ] GC(71) Reference Processing 0.102ms
[28.492s][debug][gc,phases      ] GC(71)   VM Weak                        Min:  0.0, Avg:  0.0, Max:  0.0, Diff:  0.0, Sum:  0.0, Workers: 4
[28.492s][debug][gc,phases      ] GC(71)     Dead                           Min: 0, Avg:  0.0, Max: 0, Diff: 0, Sum: 0, Workers: 4
[28.492s][debug][gc,phases      ] GC(71)     Total                          Min: 0, Avg: 154.0, Max: 448, Diff: 448, Sum: 616, Workers: 4
[28.492s][debug][gc,phases      ] GC(71)   ObjectSynchronizer Weak        Min:  0.0, Avg:  0.0, Max:  0.0, Diff:  0.0, Sum:  0.0, Workers: 4
[28.492s][debug][gc,phases      ] GC(71)     Dead                           Min: 0, Avg:  0.0, Max: 0, Diff: 0, Sum: 0, Workers: 4
[28.492s][debug][gc,phases      ] GC(71)     Total                          Min: 0, Avg: 87.8, Max: 192, Diff: 192, Sum: 351, Workers: 4
[28.492s][debug][gc,phases      ] GC(71)   JVMTI Tag Weak OopStorage      Min:  0.0, Avg:  0.0, Max:  0.0, Diff:  0.0, Sum:  0.0, Workers: 4
[28.492s][debug][gc,phases      ] GC(71)     Dead                           Min: 0, Avg:  0.0, Max: 0, Diff: 0, Sum: 0, Workers: 4
[28.492s][debug][gc,phases      ] GC(71)     Total                          Min: 0, Avg:  0.0, Max: 0, Diff: 0, Sum: 0, Workers: 4
[28.492s][debug][gc,phases      ] GC(71)   StringTable Weak               Min:  0.1, Avg:  0.1, Max:  0.1, Diff:  0.0, Sum:  0.3, Workers: 4
[28.492s][debug][gc,phases      ] GC(71)     Dead                           Min: 0, Avg:  0.0, Max: 0, Diff: 0, Sum: 0, Workers: 4
[28.492s][debug][gc,phases      ] GC(71)     Total                          Min: 10150, Avg: 10777.5, Max: 11200, Diff: 1050, Sum: 43110, Workers: 4
[28.492s][debug][gc,phases      ] GC(71)   ResolvedMethodTable Weak       Min:  0.0, Avg:  0.0, Max:  0.0, Diff:  0.0, Sum:  0.1, Workers: 4
[28.492s][debug][gc,phases      ] GC(71)     Dead                           Min: 0, Avg:  0.0, Max: 0, Diff: 0, Sum: 0, Workers: 4
[28.492s][debug][gc,phases      ] GC(71)     Total                          Min: 1772, Avg: 1850.2, Max: 1984, Diff: 212, Sum: 7401, Workers: 4
[28.492s][debug][gc,phases      ] GC(71)   JNI Weak                       Min:  0.0, Avg:  0.0, Max:  0.0, Diff:  0.0, Sum:  0.0, Workers: 4
[28.492s][debug][gc,phases      ] GC(71)     Dead                           Min: 0, Avg:  0.0, Max: 0, Diff: 0, Sum: 0, Workers: 4
[28.492s][debug][gc,phases      ] GC(71)     Total                          Min: 0, Avg:  0.0, Max: 0, Diff: 0, Sum: 0, Workers: 4
[28.492s][debug][gc,phases      ] GC(71)   StringDedup Table Weak         Min:  0.0, Avg:  0.0, Max:  0.0, Diff:  0.0, Sum:  0.0, Workers: 4
[28.492s][debug][gc,phases      ] GC(71)     Dead                           Min: 0, Avg:  0.0, Max: 0, Diff: 0, Sum: 0, Workers: 4
[28.492s][debug][gc,phases      ] GC(71)     Total                          Min: 0, Avg:  0.0, Max: 0, Diff: 0, Sum: 0, Workers: 4
[28.492s][debug][gc,phases      ] GC(71)   StringDedup Requests0 Weak     Min:  0.0, Avg:  0.0, Max:  0.0, Diff:  0.0, Sum:  0.0, Workers: 4
[28.492s][debug][gc,phases      ] GC(71)     Dead                           Min: 0, Avg:  0.0, Max: 0, Diff: 0, Sum: 0, Workers: 4
[28.492s][debug][gc,phases      ] GC(71)     Total                          Min: 0, Avg:  0.0, Max: 0, Diff: 0, Sum: 0, Workers: 4
[28.492s][debug][gc,phases      ] GC(71)   StringDedup Requests1 Weak     Min:  0.0, Avg:  0.0, Max:  0.0, Diff:  0.0, Sum:  0.0, Workers: 4
[28.492s][debug][gc,phases      ] GC(71)     Dead                           Min: 0, Avg:  0.0, Max: 0, Diff: 0, Sum: 0, Workers: 4
[28.492s][debug][gc,phases      ] GC(71)     Total                          Min: 0, Avg:  0.0, Max: 0, Diff: 0, Sum: 0, Workers: 4
[28.492s][debug][gc,phases      ] GC(71)   Weak JFR Old Object Samples    Min:  0.0, Avg:  0.0, Max:  0.0, Diff:  0.0, Sum:  0.0, Workers: 4
[28.492s][debug][gc,phases      ] GC(71)     Dead                           Min: 0, Avg:  0.0, Max: 0, Diff: 0, Sum: 0, Workers: 4
[28.492s][debug][gc,phases      ] GC(71)     Total                          Min: 0, Avg:  0.0, Max: 0, Diff: 0, Sum: 0, Workers: 4
[28.492s][debug][gc,phases      ] GC(71) Weak Processing 0.253ms
[28.492s][debug][gc,age         ] GC(71) Desired survivor size 135790592 bytes, new threshold 15 (max threshold 15)
[28.492s][info ][gc,heap        ] GC(71) PSYoungGen: 1816864K(1936896K)->30336K(1964544K) Eden: 1786368K(1786368K)->0K(1823232K) From: 30496K(150528K)->30336K(141312K)
[28.492s][info ][gc,heap        ] GC(71) ParOldGen: 544961K(683008K)->546729K(683008K)
[28.492s][info ][gc,metaspace   ] GC(71) Metaspace: 69562K(70400K)->69562K(70400K) NonClass: 59451K(59904K)->59451K(59904K) Class: 10110K(10496K)->10110K(10496K)
[28.492s][info ][gc             ] GC(71) Pause Young (Allocation Failure) 2306M->563M(2585M) 9.024ms
[28.492s][info ][gc,cpu         ] GC(71) User=0.03s Sys=0.00s Real=0.01s
[28.492s][info ][safepoint      ] Safepoint "ParallelGCFailedAllocation", Time since last: 272248971 ns, Reaching safepoint: 854403 ns, At safepoint: 9125829 ns, Total: 9980232 ns
[28.779s][info ][gc,start       ] GC(72) Pause Young (Allocation Failure)
[28.792s][debug][gc,phases      ] GC(72) Scavenge 12.917ms
[28.792s][debug][gc,ref         ] GC(72) Skipped phase 1 of Reference Processing: no references
[28.792s][debug][gc,ref         ] GC(72) ReferenceProcessor::execute queues: 1, RefProcThreadModel::Single, marks_oops_alive: false
[28.792s][debug][gc,ref         ] GC(72) Skipped phase 3 of Reference Processing: no references
[28.792s][debug][gc,ref         ] GC(72) Skipped phase 4 of Reference Processing: no references
[28.792s][debug][gc,phases      ] GC(72) Reference Processing 0.111ms
[28.792s][debug][gc,phases      ] GC(72)   VM Weak                        Min:  0.0, Avg:  0.0, Max:  0.0, Diff:  0.0, Sum:  0.0, Workers: 4
[28.792s][debug][gc,phases      ] GC(72)     Dead                           Min: 0, Avg:  0.0, Max: 0, Diff: 0, Sum: 0, Workers: 4
[28.792s][debug][gc,phases      ] GC(72)     Total                          Min: 0, Avg: 154.0, Max: 616, Diff: 616, Sum: 616, Workers: 4
[28.792s][debug][gc,phases      ] GC(72)   ObjectSynchronizer Weak        Min:  0.0, Avg:  0.0, Max:  0.0, Diff:  0.0, Sum:  0.0, Workers: 4
[28.792s][debug][gc,phases      ] GC(72)     Dead                           Min: 0, Avg:  0.0, Max: 0, Diff: 0, Sum: 0, Workers: 4
[28.792s][debug][gc,phases      ] GC(72)     Total                          Min: 0, Avg: 87.8, Max: 287, Diff: 287, Sum: 351, Workers: 4
[28.792s][debug][gc,phases      ] GC(72)   JVMTI Tag Weak OopStorage      Min:  0.0, Avg:  0.0, Max:  0.0, Diff:  0.0, Sum:  0.0, Workers: 4
[28.792s][debug][gc,phases      ] GC(72)     Dead                           Min: 0, Avg:  0.0, Max: 0, Diff: 0, Sum: 0, Workers: 4
[28.792s][debug][gc,phases      ] GC(72)     Total                          Min: 0, Avg:  0.0, Max: 0, Diff: 0, Sum: 0, Workers: 4
[28.792s][debug][gc,phases      ] GC(72)   StringTable Weak               Min:  0.1, Avg:  0.1, Max:  0.1, Diff:  0.0, Sum:  0.3, Workers: 4
[28.792s][debug][gc,phases      ] GC(72)     Dead                           Min: 0, Avg:  2.8, Max: 11, Diff: 11, Sum: 11, Workers: 4
[28.792s][debug][gc,phases      ] GC(72)     Total                          Min: 8576, Avg: 10779.5, Max: 12928, Diff: 4352, Sum: 43118, Workers: 4
[28.792s][debug][gc,phases      ] GC(72)   ResolvedMethodTable Weak       Min:  0.0, Avg:  0.0, Max:  0.0, Diff:  0.0, Sum:  0.1, Workers: 4
[28.792s][debug][gc,phases      ] GC(72)     Dead                           Min: 0, Avg:  0.0, Max: 0, Diff: 0, Sum: 0, Workers: 4
[28.792s][debug][gc,phases      ] GC(72)     Total                          Min: 1464, Avg: 1850.2, Max: 2302, Diff: 838, Sum: 7401, Workers: 4
[28.792s][debug][gc,phases      ] GC(72)   JNI Weak                       Min:  0.0, Avg:  0.0, Max:  0.0, Diff:  0.0, Sum:  0.0, Workers: 4
[28.792s][debug][gc,phases      ] GC(72)     Dead                           Min: 0, Avg:  0.0, Max: 0, Diff: 0, Sum: 0, Workers: 4
[28.793s][debug][gc,phases      ] GC(72)     Total                          Min: 0, Avg:  0.0, Max: 0, Diff: 0, Sum: 0, Workers: 4
[28.793s][debug][gc,phases      ] GC(72)   StringDedup Table Weak         Min:  0.0, Avg:  0.0, Max:  0.0, Diff:  0.0, Sum:  0.0, Workers: 4
[28.793s][debug][gc,phases      ] GC(72)     Dead                           Min: 0, Avg:  0.0, Max: 0, Diff: 0, Sum: 0, Workers: 4
[28.793s][debug][gc,phases      ] GC(72)     Total                          Min: 0, Avg:  0.0, Max: 0, Diff: 0, Sum: 0, Workers: 4
[28.793s][debug][gc,phases      ] GC(72)   StringDedup Requests0 Weak     Min:  0.0, Avg:  0.0, Max:  0.0, Diff:  0.0, Sum:  0.0, Workers: 4
[28.793s][debug][gc,phases      ] GC(72)     Dead                           Min: 0, Avg:  0.0, Max: 0, Diff: 0, Sum: 0, Workers: 4
[28.793s][debug][gc,phases      ] GC(72)     Total                          Min: 0, Avg:  0.0, Max: 0, Diff: 0, Sum: 0, Workers: 4
[28.793s][debug][gc,phases      ] GC(72)   StringDedup Requests1 Weak     Min:  0.0, Avg:  0.0, Max:  0.0, Diff:  0.0, Sum:  0.0, Workers: 4
[28.793s][debug][gc,phases      ] GC(72)     Dead                           Min: 0, Avg:  0.0, Max: 0, Diff: 0, Sum: 0, Workers: 4
[28.793s][debug][gc,phases      ] GC(72)     Total                          Min: 0, Avg:  0.0, Max: 0, Diff: 0, Sum: 0, Workers: 4
[28.793s][debug][gc,phases      ] GC(72)   Weak JFR Old Object Samples    Min:  0.0, Avg:  0.0, Max:  0.0, Diff:  0.0, Sum:  0.0, Workers: 4
[28.793s][debug][gc,phases      ] GC(72)     Dead                           Min: 0, Avg:  0.0, Max: 0, Diff: 0, Sum: 0, Workers: 4
[28.793s][debug][gc,phases      ] GC(72)     Total                          Min: 0, Avg:  0.0, Max: 0, Diff: 0, Sum: 0, Workers: 4
[28.793s][debug][gc,phases      ] GC(72) Weak Processing 0.261ms
[28.793s][debug][gc,age         ] GC(72) Desired survivor size 127926272 bytes, new threshold 15 (max threshold 15)
[28.793s][info ][gc,heap        ] GC(72) PSYoungGen: 1853568K(1964544K)->29098K(1955840K) Eden: 1823232K(1823232K)->0K(1823232K) From: 30336K(141312K)->29098K(132608K)
[28.793s][info ][gc,heap        ] GC(72) ParOldGen: 546729K(683008K)->549713K(683008K)
[28.793s][info ][gc,metaspace   ] GC(72) Metaspace: 69568K(70400K)->69568K(70400K) NonClass: 59458K(59904K)->59458K(59904K) Class: 10110K(10496K)->10110K(10496K)
[28.793s][info ][gc             ] GC(72) Pause Young (Allocation Failure) 2344M->565M(2577M) 13.399ms
[28.793s][info ][gc,cpu         ] GC(72) User=0.04s Sys=0.01s Real=0.01s
[28.793s][info ][safepoint      ] Safepoint "ParallelGCFailedAllocation", Time since last: 286921219 ns, Reaching safepoint: 148900 ns, At safepoint: 13497643 ns, Total: 13646543 ns
[29.086s][info ][gc,start       ] GC(73) Pause Young (Allocation Failure)
[29.096s][debug][gc,phases      ] GC(73) Scavenge 9.769ms
[29.096s][debug][gc,ref         ] GC(73) Skipped phase 1 of Reference Processing: no references
[29.096s][debug][gc,ref         ] GC(73) ReferenceProcessor::execute queues: 1, RefProcThreadModel::Single, marks_oops_alive: false
[29.096s][debug][gc,ref         ] GC(73) Skipped phase 3 of Reference Processing: no references
[29.096s][debug][gc,ref         ] GC(73) Skipped phase 4 of Reference Processing: no references
[29.096s][debug][gc,phases      ] GC(73) Reference Processing 0.125ms
[29.096s][debug][gc,phases      ] GC(73)   VM Weak                        Min:  0.0, Avg:  0.0, Max:  0.0, Diff:  0.0, Sum:  0.0, Workers: 4
[29.096s][debug][gc,phases      ] GC(73)     Dead                           Min: 0, Avg:  0.0, Max: 0, Diff: 0, Sum: 0, Workers: 4
[29.096s][debug][gc,phases      ] GC(73)     Total                          Min: 0, Avg: 154.0, Max: 552, Diff: 552, Sum: 616, Workers: 4
[29.096s][debug][gc,phases      ] GC(73)   ObjectSynchronizer Weak        Min:  0.0, Avg:  0.0, Max:  0.0, Diff:  0.0, Sum:  0.0, Workers: 4
[29.096s][debug][gc,phases      ] GC(73)     Dead                           Min: 0, Avg:  0.0, Max: 0, Diff: 0, Sum: 0, Workers: 4
[29.096s][debug][gc,phases      ] GC(73)     Total                          Min: 0, Avg: 87.8, Max: 192, Diff: 192, Sum: 351, Workers: 4
[29.096s][debug][gc,phases      ] GC(73)   JVMTI Tag Weak OopStorage      Min:  0.0, Avg:  0.0, Max:  0.0, Diff:  0.0, Sum:  0.0, Workers: 4
[29.096s][debug][gc,phases      ] GC(73)     Dead                           Min: 0, Avg:  0.0, Max: 0, Diff: 0, Sum: 0, Workers: 4
[29.096s][debug][gc,phases      ] GC(73)     Total                          Min: 0, Avg:  0.0, Max: 0, Diff: 0, Sum: 0, Workers: 4
[29.096s][debug][gc,phases      ] GC(73)   StringTable Weak               Min:  0.1, Avg:  0.1, Max:  0.1, Diff:  0.0, Sum:  0.4, Workers: 4
[29.096s][debug][gc,phases      ] GC(73)     Dead                           Min: 0, Avg:  0.0, Max: 0, Diff: 0, Sum: 0, Workers: 4
[29.096s][debug][gc,phases      ] GC(73)     Total                          Min: 8128, Avg: 10780.0, Max: 14128, Diff: 6000, Sum: 43120, Workers: 4
[29.096s][debug][gc,phases      ] GC(73)   ResolvedMethodTable Weak       Min:  0.0, Avg:  0.0, Max:  0.0, Diff:  0.0, Sum:  0.1, Workers: 4
[29.096s][debug][gc,phases      ] GC(73)     Dead                           Min: 0, Avg:  0.0, Max: 0, Diff: 0, Sum: 0, Workers: 4
[29.096s][debug][gc,phases      ] GC(73)     Total                          Min: 1452, Avg: 1850.2, Max: 2240, Diff: 788, Sum: 7401, Workers: 4
[29.096s][debug][gc,phases      ] GC(73)   JNI Weak                       Min:  0.0, Avg:  0.0, Max:  0.0, Diff:  0.0, Sum:  0.0, Workers: 4
[29.096s][debug][gc,phases      ] GC(73)     Dead                           Min: 0, Avg:  0.0, Max: 0, Diff: 0, Sum: 0, Workers: 4
[29.096s][debug][gc,phases      ] GC(73)     Total                          Min: 0, Avg:  0.0, Max: 0, Diff: 0, Sum: 0, Workers: 4
[29.096s][debug][gc,phases      ] GC(73)   StringDedup Table Weak         Min:  0.0, Avg:  0.0, Max:  0.0, Diff:  0.0, Sum:  0.0, Workers: 4
[29.096s][debug][gc,phases      ] GC(73)     Dead                           Min: 0, Avg:  0.0, Max: 0, Diff: 0, Sum: 0, Workers: 4
[29.096s][debug][gc,phases      ] GC(73)     Total                          Min: 0, Avg:  0.0, Max: 0, Diff: 0, Sum: 0, Workers: 4
[29.096s][debug][gc,phases      ] GC(73)   StringDedup Requests0 Weak     Min:  0.0, Avg:  0.0, Max:  0.0, Diff:  0.0, Sum:  0.0, Workers: 4
[29.096s][debug][gc,phases      ] GC(73)     Dead                           Min: 0, Avg:  0.0, Max: 0, Diff: 0, Sum: 0, Workers: 4
[29.096s][debug][gc,phases      ] GC(73)     Total                          Min: 0, Avg:  0.0, Max: 0, Diff: 0, Sum: 0, Workers: 4
[29.096s][debug][gc,phases      ] GC(73)   StringDedup Requests1 Weak     Min:  0.0, Avg:  0.0, Max:  0.0, Diff:  0.0, Sum:  0.0, Workers: 4
[29.096s][debug][gc,phases      ] GC(73)     Dead                           Min: 0, Avg:  0.0, Max: 0, Diff: 0, Sum: 0, Workers: 4
[29.096s][debug][gc,phases      ] GC(73)     Total                          Min: 0, Avg:  0.0, Max: 0, Diff: 0, Sum: 0, Workers: 4
[29.096s][debug][gc,phases      ] GC(73)   Weak JFR Old Object Samples    Min:  0.0, Avg:  0.0, Max:  0.0, Diff:  0.0, Sum:  0.0, Workers: 4
[29.096s][debug][gc,phases      ] GC(73)     Dead                           Min: 0, Avg:  0.0, Max: 0, Diff: 0, Sum: 0, Workers: 4
[29.096s][debug][gc,phases      ] GC(73)     Total                          Min: 0, Avg:  0.0, Max: 0, Diff: 0, Sum: 0, Workers: 4
[29.096s][debug][gc,phases      ] GC(73) Weak Processing 0.326ms
[29.096s][debug][gc,age         ] GC(73) Desired survivor size 120586240 bytes, new threshold 15 (max threshold 15)
[29.096s][info ][gc,heap        ] GC(73) PSYoungGen: 1852330K(1955840K)->29296K(1979392K) Eden: 1823232K(1823232K)->0K(1854464K) From: 29098K(132608K)->29296K(124928K)
[29.096s][info ][gc,heap        ] GC(73) ParOldGen: 549713K(683008K)->551257K(683008K)
[29.096s][info ][gc,metaspace   ] GC(73) Metaspace: 69587K(70400K)->69587K(70400K) NonClass: 59477K(59904K)->59477K(59904K) Class: 10110K(10496K)->10110K(10496K)
[29.096s][info ][gc             ] GC(73) Pause Young (Allocation Failure) 2345M->566M(2600M) 10.343ms
[29.096s][info ][gc,cpu         ] GC(73) User=0.04s Sys=0.00s Real=0.01s
[29.096s][info ][safepoint      ] Safepoint "ParallelGCFailedAllocation", Time since last: 292998738 ns, Reaching safepoint: 142001 ns, At safepoint: 10441333 ns, Total: 10583334 ns
[29.448s][info ][gc,start       ] GC(74) Pause Young (Allocation Failure)
[29.459s][debug][gc,phases      ] GC(74) Scavenge 10.632ms
[29.459s][debug][gc,ref         ] GC(74) Skipped phase 1 of Reference Processing: no references
[29.459s][debug][gc,ref         ] GC(74) ReferenceProcessor::execute queues: 1, RefProcThreadModel::Single, marks_oops_alive: false
[29.459s][debug][gc,ref         ] GC(74) Skipped phase 3 of Reference Processing: no references
[29.459s][debug][gc,ref         ] GC(74) ReferenceProcessor::execute queues: 1, RefProcThreadModel::Single, marks_oops_alive: false
[29.459s][debug][gc,phases      ] GC(74) Reference Processing 0.094ms
[29.459s][debug][gc,phases      ] GC(74)   VM Weak                        Min:  0.0, Avg:  0.0, Max:  0.0, Diff:  0.0, Sum:  0.0, Workers: 4
[29.459s][debug][gc,phases      ] GC(74)     Dead                           Min: 0, Avg:  0.0, Max: 0, Diff: 0, Sum: 0, Workers: 4
[29.459s][debug][gc,phases      ] GC(74)     Total                          Min: 0, Avg: 154.0, Max: 616, Diff: 616, Sum: 616, Workers: 4
[29.459s][debug][gc,phases      ] GC(74)   ObjectSynchronizer Weak        Min:  0.0, Avg:  0.0, Max:  0.0, Diff:  0.0, Sum:  0.0, Workers: 4
[29.459s][debug][gc,phases      ] GC(74)     Dead                           Min: 0, Avg:  0.0, Max: 0, Diff: 0, Sum: 0, Workers: 4
[29.459s][debug][gc,phases      ] GC(74)     Total                          Min: 0, Avg: 87.8, Max: 351, Diff: 351, Sum: 351, Workers: 4
[29.459s][debug][gc,phases      ] GC(74)   JVMTI Tag Weak OopStorage      Min:  0.0, Avg:  0.0, Max:  0.0, Diff:  0.0, Sum:  0.0, Workers: 4
[29.459s][debug][gc,phases      ] GC(74)     Dead                           Min: 0, Avg:  0.0, Max: 0, Diff: 0, Sum: 0, Workers: 4
[29.459s][debug][gc,phases      ] GC(74)     Total                          Min: 0, Avg:  0.0, Max: 0, Diff: 0, Sum: 0, Workers: 4
[29.459s][debug][gc,phases      ] GC(74)   StringTable Weak               Min:  0.1, Avg:  0.1, Max:  0.1, Diff:  0.0, Sum:  0.3, Workers: 4
[29.459s][debug][gc,phases      ] GC(74)     Dead                           Min: 0, Avg:  2.8, Max: 11, Diff: 11, Sum: 11, Workers: 4
[29.459s][debug][gc,phases      ] GC(74)     Total                          Min: 8256, Avg: 10783.2, Max: 13117, Diff: 4861, Sum: 43133, Workers: 4
[29.459s][debug][gc,phases      ] GC(74)   ResolvedMethodTable Weak       Min:  0.0, Avg:  0.0, Max:  0.0, Diff:  0.0, Sum:  0.1, Workers: 4
[29.459s][debug][gc,phases      ] GC(74)     Dead                           Min: 0, Avg:  3.5, Max: 9, Diff: 9, Sum: 14, Workers: 4
[29.459s][debug][gc,phases      ] GC(74)     Total                          Min: 1591, Avg: 1853.0, Max: 2304, Diff: 713, Sum: 7412, Workers: 4
[29.459s][debug][gc,phases      ] GC(74)   JNI Weak                       Min:  0.0, Avg:  0.0, Max:  0.0, Diff:  0.0, Sum:  0.0, Workers: 4
[29.459s][debug][gc,phases      ] GC(74)     Dead                           Min: 0, Avg:  0.0, Max: 0, Diff: 0, Sum: 0, Workers: 4
[29.459s][debug][gc,phases      ] GC(74)     Total                          Min: 0, Avg:  0.8, Max: 3, Diff: 3, Sum: 3, Workers: 4
[29.459s][debug][gc,phases      ] GC(74)   StringDedup Table Weak         Min:  0.0, Avg:  0.0, Max:  0.0, Diff:  0.0, Sum:  0.0, Workers: 4
[29.459s][debug][gc,phases      ] GC(74)     Dead                           Min: 0, Avg:  0.0, Max: 0, Diff: 0, Sum: 0, Workers: 4
[29.459s][debug][gc,phases      ] GC(74)     Total                          Min: 0, Avg:  0.0, Max: 0, Diff: 0, Sum: 0, Workers: 4
[29.459s][debug][gc,phases      ] GC(74)   StringDedup Requests0 Weak     Min:  0.0, Avg:  0.0, Max:  0.0, Diff:  0.0, Sum:  0.0, Workers: 4
[29.459s][debug][gc,phases      ] GC(74)     Dead                           Min: 0, Avg:  0.0, Max: 0, Diff: 0, Sum: 0, Workers: 4
[29.459s][debug][gc,phases      ] GC(74)     Total                          Min: 0, Avg:  0.0, Max: 0, Diff: 0, Sum: 0, Workers: 4
[29.459s][debug][gc,phases      ] GC(74)   StringDedup Requests1 Weak     Min:  0.0, Avg:  0.0, Max:  0.0, Diff:  0.0, Sum:  0.0, Workers: 4
[29.459s][debug][gc,phases      ] GC(74)     Dead                           Min: 0, Avg:  0.0, Max: 0, Diff: 0, Sum: 0, Workers: 4
[29.459s][debug][gc,phases      ] GC(74)     Total                          Min: 0, Avg:  0.0, Max: 0, Diff: 0, Sum: 0, Workers: 4
[29.459s][debug][gc,phases      ] GC(74)   Weak JFR Old Object Samples    Min:  0.0, Avg:  0.0, Max:  0.0, Diff:  0.0, Sum:  0.0, Workers: 4
[29.459s][debug][gc,phases      ] GC(74)     Dead                           Min: 0, Avg:  0.0, Max: 0, Diff: 0, Sum: 0, Workers: 4
[29.459s][debug][gc,phases      ] GC(74)     Total                          Min: 0, Avg:  0.0, Max: 0, Diff: 0, Sum: 0, Workers: 4
[29.459s][debug][gc,phases      ] GC(74) Weak Processing 0.260ms
[29.459s][debug][gc,age         ] GC(74) Desired survivor size 113246208 bytes, new threshold 15 (max threshold 15)
[29.459s][info ][gc,heap        ] GC(74) PSYoungGen: 1883760K(1979392K)->31344K(1972224K) Eden: 1854464K(1854464K)->0K(1854464K) From: 29296K(124928K)->31344K(117760K)
[29.459s][info ][gc,heap        ] GC(74) ParOldGen: 551257K(683008K)->552785K(683008K)
[29.459s][info ][gc,metaspace   ] GC(74) Metaspace: 69652K(70464K)->69652K(70464K) NonClass: 59534K(59968K)->59534K(59968K) Class: 10118K(10496K)->10118K(10496K)
[29.459s][info ][gc             ] GC(74) Pause Young (Allocation Failure) 2377M->570M(2593M) 11.087ms
[29.459s][info ][gc,cpu         ] GC(74) User=0.05s Sys=0.00s Real=0.01s
[29.459s][info ][safepoint      ] Safepoint "ParallelGCFailedAllocation", Time since last: 351707126 ns, Reaching safepoint: 215701 ns, At safepoint: 11181836 ns, Total: 11397537 ns
[29.728s][info ][gc,start       ] GC(75) Pause Young (Allocation Failure)
[29.738s][debug][gc,phases      ] GC(75) Scavenge 10.802ms
[29.738s][debug][gc,ref         ] GC(75) Skipped phase 1 of Reference Processing: no references
[29.738s][debug][gc,ref         ] GC(75) ReferenceProcessor::execute queues: 1, RefProcThreadModel::Single, marks_oops_alive: false
[29.738s][debug][gc,ref         ] GC(75) Skipped phase 3 of Reference Processing: no references
[29.738s][debug][gc,ref         ] GC(75) ReferenceProcessor::execute queues: 1, RefProcThreadModel::Single, marks_oops_alive: false
[29.738s][debug][gc,phases      ] GC(75) Reference Processing 0.113ms
[29.739s][debug][gc,phases      ] GC(75)   VM Weak                        Min:  0.0, Avg:  0.0, Max:  0.0, Diff:  0.0, Sum:  0.0, Workers: 4
[29.739s][debug][gc,phases      ] GC(75)     Dead                           Min: 0, Avg:  0.0, Max: 0, Diff: 0, Sum: 0, Workers: 4
[29.739s][debug][gc,phases      ] GC(75)     Total                          Min: 0, Avg: 158.2, Max: 633, Diff: 633, Sum: 633, Workers: 4
[29.739s][debug][gc,phases      ] GC(75)   ObjectSynchronizer Weak        Min:  0.0, Avg:  0.0, Max:  0.0, Diff:  0.0, Sum:  0.0, Workers: 4
[29.739s][debug][gc,phases      ] GC(75)     Dead                           Min: 0, Avg:  0.0, Max: 0, Diff: 0, Sum: 0, Workers: 4
[29.739s][debug][gc,phases      ] GC(75)     Total                          Min: 0, Avg: 88.2, Max: 320, Diff: 320, Sum: 353, Workers: 4
[29.739s][debug][gc,phases      ] GC(75)   JVMTI Tag Weak OopStorage      Min:  0.0, Avg:  0.0, Max:  0.0, Diff:  0.0, Sum:  0.0, Workers: 4
[29.739s][debug][gc,phases      ] GC(75)     Dead                           Min: 0, Avg:  0.0, Max: 0, Diff: 0, Sum: 0, Workers: 4
[29.739s][debug][gc,phases      ] GC(75)     Total                          Min: 0, Avg:  0.0, Max: 0, Diff: 0, Sum: 0, Workers: 4
[29.739s][debug][gc,phases      ] GC(75)   StringTable Weak               Min:  0.1, Avg:  0.1, Max:  0.1, Diff:  0.0, Sum:  0.3, Workers: 4
[29.739s][debug][gc,phases      ] GC(75)     Dead                           Min: 0, Avg:  3.2, Max: 13, Diff: 13, Sum: 13, Workers: 4
[29.739s][debug][gc,phases      ] GC(75)     Total                          Min: 8256, Avg: 10790.8, Max: 13287, Diff: 5031, Sum: 43163, Workers: 4
[29.739s][debug][gc,phases      ] GC(75)   ResolvedMethodTable Weak       Min:  0.0, Avg:  0.0, Max:  0.0, Diff:  0.0, Sum:  0.1, Workers: 4
[29.739s][debug][gc,phases      ] GC(75)     Dead                           Min: 0, Avg:  0.8, Max: 3, Diff: 3, Sum: 3, Workers: 4
[29.739s][debug][gc,phases      ] GC(75)     Total                          Min: 1535, Avg: 1869.2, Max: 2239, Diff: 704, Sum: 7477, Workers: 4
[29.739s][debug][gc,phases      ] GC(75)   JNI Weak                       Min:  0.0, Avg:  0.0, Max:  0.0, Diff:  0.0, Sum:  0.0, Workers: 4
[29.739s][debug][gc,phases      ] GC(75)     Dead                           Min: 0, Avg:  0.0, Max: 0, Diff: 0, Sum: 0, Workers: 4
[29.739s][debug][gc,phases      ] GC(75)     Total                          Min: 0, Avg:  0.8, Max: 3, Diff: 3, Sum: 3, Workers: 4
[29.739s][debug][gc,phases      ] GC(75)   StringDedup Table Weak         Min:  0.0, Avg:  0.0, Max:  0.0, Diff:  0.0, Sum:  0.0, Workers: 4
[29.739s][debug][gc,phases      ] GC(75)     Dead                           Min: 0, Avg:  0.0, Max: 0, Diff: 0, Sum: 0, Workers: 4
[29.739s][debug][gc,phases      ] GC(75)     Total                          Min: 0, Avg:  0.0, Max: 0, Diff: 0, Sum: 0, Workers: 4
[29.739s][debug][gc,phases      ] GC(75)   StringDedup Requests0 Weak     Min:  0.0, Avg:  0.0, Max:  0.0, Diff:  0.0, Sum:  0.0, Workers: 4
[29.739s][debug][gc,phases      ] GC(75)     Dead                           Min: 0, Avg:  0.0, Max: 0, Diff: 0, Sum: 0, Workers: 4
[29.739s][debug][gc,phases      ] GC(75)     Total                          Min: 0, Avg:  0.0, Max: 0, Diff: 0, Sum: 0, Workers: 4
[29.739s][debug][gc,phases      ] GC(75)   StringDedup Requests1 Weak     Min:  0.0, Avg:  0.0, Max:  0.0, Diff:  0.0, Sum:  0.0, Workers: 4
[29.739s][debug][gc,phases      ] GC(75)     Dead                           Min: 0, Avg:  0.0, Max: 0, Diff: 0, Sum: 0, Workers: 4
[29.739s][debug][gc,phases      ] GC(75)     Total                          Min: 0, Avg:  0.0, Max: 0, Diff: 0, Sum: 0, Workers: 4
[29.739s][debug][gc,phases      ] GC(75)   Weak JFR Old Object Samples    Min:  0.0, Avg:  0.0, Max:  0.0, Diff:  0.0, Sum:  0.0, Workers: 4
[29.739s][debug][gc,phases      ] GC(75)     Dead                           Min: 0, Avg:  0.0, Max: 0, Diff: 0, Sum: 0, Workers: 4
[29.739s][debug][gc,phases      ] GC(75)     Total                          Min: 0, Avg:  0.0, Max: 0, Diff: 0, Sum: 0, Workers: 4
[29.739s][debug][gc,phases      ] GC(75) Weak Processing 0.268ms
[29.739s][debug][gc,age         ] GC(75) Desired survivor size 106430464 bytes, new threshold 15 (max threshold 15)
[29.739s][info ][gc,heap        ] GC(75) PSYoungGen: 1885808K(1972224K)->32006K(1993216K) Eden: 1854464K(1854464K)->0K(1882624K) From: 31344K(117760K)->32006K(110592K)
[29.739s][info ][gc,heap        ] GC(75) ParOldGen: 552785K(683008K)->553969K(683008K)
[29.739s][info ][gc,metaspace   ] GC(75) Metaspace: 69785K(70592K)->69785K(70592K) NonClass: 59641K(60096K)->59641K(60096K) Class: 10143K(10496K)->10143K(10496K)
[29.739s][info ][gc             ] GC(75) Pause Young (Allocation Failure) 2381M->572M(2613M) 11.307ms
[29.739s][info ][gc,cpu         ] GC(75) User=0.05s Sys=0.00s Real=0.01s
[29.739s][info ][safepoint      ] Safepoint "ParallelGCFailedAllocation", Time since last: 267956557 ns, Reaching safepoint: 162301 ns, At safepoint: 11405237 ns, Total: 11567538 ns
[30.114s][info ][gc,start       ] GC(76) Pause Young (Allocation Failure)
[30.131s][debug][gc,phases      ] GC(76) Scavenge 17.311ms
[30.131s][debug][gc,ref         ] GC(76) Skipped phase 1 of Reference Processing: no references
[30.131s][debug][gc,ref         ] GC(76) ReferenceProcessor::execute queues: 1, RefProcThreadModel::Single, marks_oops_alive: false
[30.131s][debug][gc,ref         ] GC(76) Skipped phase 3 of Reference Processing: no references
[30.131s][debug][gc,ref         ] GC(76) Skipped phase 4 of Reference Processing: no references
[30.131s][debug][gc,phases      ] GC(76) Reference Processing 0.090ms
[30.131s][debug][gc,phases      ] GC(76)   VM Weak                        Min:  0.0, Avg:  0.0, Max:  0.0, Diff:  0.0, Sum:  0.0, Workers: 4
[30.131s][debug][gc,phases      ] GC(76)     Dead                           Min: 0, Avg:  0.0, Max: 0, Diff: 0, Sum: 0, Workers: 4
[30.131s][debug][gc,phases      ] GC(76)     Total                          Min: 0, Avg: 158.2, Max: 505, Diff: 505, Sum: 633, Workers: 4
[30.131s][debug][gc,phases      ] GC(76)   ObjectSynchronizer Weak        Min:  0.0, Avg:  0.0, Max:  0.0, Diff:  0.0, Sum:  0.0, Workers: 4
[30.131s][debug][gc,phases      ] GC(76)     Dead                           Min: 0, Avg:  0.0, Max: 0, Diff: 0, Sum: 0, Workers: 4
[30.131s][debug][gc,phases      ] GC(76)     Total                          Min: 0, Avg: 88.2, Max: 128, Diff: 128, Sum: 353, Workers: 4
[30.131s][debug][gc,phases      ] GC(76)   JVMTI Tag Weak OopStorage      Min:  0.0, Avg:  0.0, Max:  0.0, Diff:  0.0, Sum:  0.0, Workers: 4
[30.131s][debug][gc,phases      ] GC(76)     Dead                           Min: 0, Avg:  0.0, Max: 0, Diff: 0, Sum: 0, Workers: 4
[30.131s][debug][gc,phases      ] GC(76)     Total                          Min: 0, Avg:  0.0, Max: 0, Diff: 0, Sum: 0, Workers: 4
[30.131s][debug][gc,phases      ] GC(76)   StringTable Weak               Min:  0.1, Avg:  0.1, Max:  0.1, Diff:  0.0, Sum:  0.4, Workers: 4
[30.131s][debug][gc,phases      ] GC(76)     Dead                           Min: 0, Avg:  0.0, Max: 0, Diff: 0, Sum: 0, Workers: 4
[30.131s][debug][gc,phases      ] GC(76)     Total                          Min: 7744, Avg: 10792.5, Max: 14848, Diff: 7104, Sum: 43170, Workers: 4
[30.131s][debug][gc,phases      ] GC(76)   ResolvedMethodTable Weak       Min:  0.0, Avg:  0.0, Max:  0.0, Diff:  0.0, Sum:  0.1, Workers: 4
[30.131s][debug][gc,phases      ] GC(76)     Dead                           Min: 0, Avg:  0.0, Max: 0, Diff: 0, Sum: 0, Workers: 4
[30.131s][debug][gc,phases      ] GC(76)     Total                          Min: 1599, Avg: 1869.2, Max: 2614, Diff: 1015, Sum: 7477, Workers: 4
[30.131s][debug][gc,phases      ] GC(76)   JNI Weak                       Min:  0.0, Avg:  0.0, Max:  0.0, Diff:  0.0, Sum:  0.0, Workers: 4
[30.131s][debug][gc,phases      ] GC(76)     Dead                           Min: 0, Avg:  0.0, Max: 0, Diff: 0, Sum: 0, Workers: 4
[30.131s][debug][gc,phases      ] GC(76)     Total                          Min: 0, Avg:  0.2, Max: 1, Diff: 1, Sum: 1, Workers: 4
[30.131s][debug][gc,phases      ] GC(76)   StringDedup Table Weak         Min:  0.0, Avg:  0.0, Max:  0.0, Diff:  0.0, Sum:  0.0, Workers: 4
[30.131s][debug][gc,phases      ] GC(76)     Dead                           Min: 0, Avg:  0.0, Max: 0, Diff: 0, Sum: 0, Workers: 4
[30.131s][debug][gc,phases      ] GC(76)     Total                          Min: 0, Avg:  0.0, Max: 0, Diff: 0, Sum: 0, Workers: 4
[30.131s][debug][gc,phases      ] GC(76)   StringDedup Requests0 Weak     Min:  0.0, Avg:  0.0, Max:  0.0, Diff:  0.0, Sum:  0.0, Workers: 4
[30.131s][debug][gc,phases      ] GC(76)     Dead                           Min: 0, Avg:  0.0, Max: 0, Diff: 0, Sum: 0, Workers: 4
[30.131s][debug][gc,phases      ] GC(76)     Total                          Min: 0, Avg:  0.0, Max: 0, Diff: 0, Sum: 0, Workers: 4
[30.131s][debug][gc,phases      ] GC(76)   StringDedup Requests1 Weak     Min:  0.0, Avg:  0.0, Max:  0.0, Diff:  0.0, Sum:  0.0, Workers: 4
[30.131s][debug][gc,phases      ] GC(76)     Dead                           Min: 0, Avg:  0.0, Max: 0, Diff: 0, Sum: 0, Workers: 4
[30.131s][debug][gc,phases      ] GC(76)     Total                          Min: 0, Avg:  0.0, Max: 0, Diff: 0, Sum: 0, Workers: 4
[30.131s][debug][gc,phases      ] GC(76)   Weak JFR Old Object Samples    Min:  0.0, Avg:  0.0, Max:  0.0, Diff:  0.0, Sum:  0.0, Workers: 4
[30.131s][debug][gc,phases      ] GC(76)     Dead                           Min: 0, Avg:  0.0, Max: 0, Diff: 0, Sum: 0, Workers: 4
[30.131s][debug][gc,phases      ] GC(76)     Total                          Min: 0, Avg:  0.0, Max: 0, Diff: 0, Sum: 0, Workers: 4
[30.132s][debug][gc,phases      ] GC(76) Weak Processing 0.273ms
[30.132s][debug][gc,age         ] GC(76) Desired survivor size 100663296 bytes, new threshold 15 (max threshold 15)
[30.132s][info ][gc,heap        ] GC(76) PSYoungGen: 1914630K(1993216K)->39830K(1986560K) Eden: 1882624K(1882624K)->0K(1882624K) From: 32006K(110592K)->39830K(103936K)
[30.132s][info ][gc,heap        ] GC(76) ParOldGen: 553969K(683008K)->555185K(683008K)
[30.132s][info ][gc,metaspace   ] GC(76) Metaspace: 69791K(70592K)->69791K(70592K) NonClass: 59647K(60096K)->59647K(60096K) Class: 10143K(10496K)->10143K(10496K)
[30.132s][info ][gc             ] GC(76) Pause Young (Allocation Failure) 2410M->581M(2607M) 17.783ms
[30.132s][info ][gc,cpu         ] GC(76) User=0.07s Sys=0.00s Real=0.02s
[30.132s][info ][safepoint      ] Safepoint "ParallelGCFailedAllocation", Time since last: 374702199 ns, Reaching safepoint: 151501 ns, At safepoint: 17893557 ns, Total: 18045058 ns
[30.432s][info ][gc,start       ] GC(77) Pause Young (Allocation Failure)
[30.446s][debug][gc,phases      ] GC(77) Scavenge 13.962ms
[30.446s][debug][gc,ref         ] GC(77) Skipped phase 1 of Reference Processing: no references
[30.446s][debug][gc,ref         ] GC(77) ReferenceProcessor::execute queues: 1, RefProcThreadModel::Single, marks_oops_alive: false
[30.446s][debug][gc,ref         ] GC(77) Skipped phase 3 of Reference Processing: no references
[30.446s][debug][gc,ref         ] GC(77) ReferenceProcessor::execute queues: 1, RefProcThreadModel::Single, marks_oops_alive: false
[30.446s][debug][gc,phases      ] GC(77) Reference Processing 0.104ms
[30.446s][debug][gc,phases      ] GC(77)   VM Weak                        Min:  0.0, Avg:  0.0, Max:  0.0, Diff:  0.0, Sum:  0.0, Workers: 4
[30.446s][debug][gc,phases      ] GC(77)     Dead                           Min: 0, Avg:  0.0, Max: 0, Diff: 0, Sum: 0, Workers: 4
[30.446s][debug][gc,phases      ] GC(77)     Total                          Min: 0, Avg: 158.5, Max: 442, Diff: 442, Sum: 634, Workers: 4
[30.446s][debug][gc,phases      ] GC(77)   ObjectSynchronizer Weak        Min:  0.0, Avg:  0.0, Max:  0.0, Diff:  0.0, Sum:  0.0, Workers: 4
[30.446s][debug][gc,phases      ] GC(77)     Dead                           Min: 0, Avg:  0.0, Max: 0, Diff: 0, Sum: 0, Workers: 4
[30.446s][debug][gc,phases      ] GC(77)     Total                          Min: 0, Avg: 88.2, Max: 225, Diff: 225, Sum: 353, Workers: 4
[30.446s][debug][gc,phases      ] GC(77)   JVMTI Tag Weak OopStorage      Min:  0.0, Avg:  0.0, Max:  0.0, Diff:  0.0, Sum:  0.0, Workers: 4
[30.446s][debug][gc,phases      ] GC(77)     Dead                           Min: 0, Avg:  0.0, Max: 0, Diff: 0, Sum: 0, Workers: 4
[30.446s][debug][gc,phases      ] GC(77)     Total                          Min: 0, Avg:  0.0, Max: 0, Diff: 0, Sum: 0, Workers: 4
[30.446s][debug][gc,phases      ] GC(77)   StringTable Weak               Min:  0.1, Avg:  0.1, Max:  0.1, Diff:  0.0, Sum:  0.3, Workers: 4
[30.446s][debug][gc,phases      ] GC(77)     Dead                           Min: 0, Avg:  2.8, Max: 10, Diff: 10, Sum: 11, Workers: 4
[30.446s][debug][gc,phases      ] GC(77)     Total                          Min: 8576, Avg: 10799.8, Max: 13312, Diff: 4736, Sum: 43199, Workers: 4
[30.446s][debug][gc,phases      ] GC(77)   ResolvedMethodTable Weak       Min:  0.0, Avg:  0.0, Max:  0.0, Diff:  0.0, Sum:  0.1, Workers: 4
[30.446s][debug][gc,phases      ] GC(77)     Dead                           Min: 0, Avg:  4.5, Max: 11, Diff: 11, Sum: 18, Workers: 4
[30.446s][debug][gc,phases      ] GC(77)     Total                          Min: 1536, Avg: 1874.0, Max: 2312, Diff: 776, Sum: 7496, Workers: 4
[30.446s][debug][gc,phases      ] GC(77)   JNI Weak                       Min:  0.0, Avg:  0.0, Max:  0.0, Diff:  0.0, Sum:  0.0, Workers: 4
[30.446s][debug][gc,phases      ] GC(77)     Dead                           Min: 0, Avg:  0.0, Max: 0, Diff: 0, Sum: 0, Workers: 4
[30.446s][debug][gc,phases      ] GC(77)     Total                          Min: 0, Avg:  0.0, Max: 0, Diff: 0, Sum: 0, Workers: 4
[30.446s][debug][gc,phases      ] GC(77)   StringDedup Table Weak         Min:  0.0, Avg:  0.0, Max:  0.0, Diff:  0.0, Sum:  0.0, Workers: 4
[30.446s][debug][gc,phases      ] GC(77)     Dead                           Min: 0, Avg:  0.0, Max: 0, Diff: 0, Sum: 0, Workers: 4
[30.446s][debug][gc,phases      ] GC(77)     Total                          Min: 0, Avg:  0.0, Max: 0, Diff: 0, Sum: 0, Workers: 4
[30.446s][debug][gc,phases      ] GC(77)   StringDedup Requests0 Weak     Min:  0.0, Avg:  0.0, Max:  0.0, Diff:  0.0, Sum:  0.0, Workers: 4
[30.446s][debug][gc,phases      ] GC(77)     Dead                           Min: 0, Avg:  0.0, Max: 0, Diff: 0, Sum: 0, Workers: 4
[30.446s][debug][gc,phases      ] GC(77)     Total                          Min: 0, Avg:  0.0, Max: 0, Diff: 0, Sum: 0, Workers: 4
[30.446s][debug][gc,phases      ] GC(77)   StringDedup Requests1 Weak     Min:  0.0, Avg:  0.0, Max:  0.0, Diff:  0.0, Sum:  0.0, Workers: 4
[30.446s][debug][gc,phases      ] GC(77)     Dead                           Min: 0, Avg:  0.0, Max: 0, Diff: 0, Sum: 0, Workers: 4
[30.446s][debug][gc,phases      ] GC(77)     Total                          Min: 0, Avg:  0.0, Max: 0, Diff: 0, Sum: 0, Workers: 4
[30.446s][debug][gc,phases      ] GC(77)   Weak JFR Old Object Samples    Min:  0.0, Avg:  0.0, Max:  0.0, Diff:  0.0, Sum:  0.0, Workers: 4
[30.446s][debug][gc,phases      ] GC(77)     Dead                           Min: 0, Avg:  0.0, Max: 0, Diff: 0, Sum: 0, Workers: 4
[30.446s][debug][gc,phases      ] GC(77)     Total                          Min: 0, Avg:  0.0, Max: 0, Diff: 0, Sum: 0, Workers: 4
[30.446s][debug][gc,phases      ] GC(77) Weak Processing 0.258ms
[30.446s][debug][gc,age         ] GC(77) Desired survivor size 95420416 bytes, new threshold 15 (max threshold 15)
[30.446s][info ][gc,heap        ] GC(77) PSYoungGen: 1922454K(1986560K)->38630K(2003968K) Eden: 1882624K(1882624K)->0K(1905664K) From: 39830K(103936K)->38630K(98304K)
[30.446s][info ][gc,heap        ] GC(77) ParOldGen: 555185K(683008K)->559449K(683008K)
[30.446s][info ][gc,metaspace   ] GC(77) Metaspace: 69851K(70592K)->69851K(70592K) NonClass: 59693K(60096K)->59693K(60096K) Class: 10157K(10496K)->10157K(10496K)
[30.446s][info ][gc             ] GC(77) Pause Young (Allocation Failure) 2419M->584M(2624M) 14.443ms
[30.446s][info ][gc,cpu         ] GC(77) User=0.06s Sys=0.00s Real=0.02s
[30.446s][info ][safepoint      ] Safepoint "ParallelGCFailedAllocation", Time since last: 299527459 ns, Reaching safepoint: 385801 ns, At safepoint: 14546047 ns, Total: 14931848 ns
[30.781s][info ][gc,start       ] GC(78) Pause Young (Allocation Failure)
[30.799s][debug][gc,phases      ] GC(78) Scavenge 18.608ms
[30.799s][debug][gc,ref         ] GC(78) Skipped phase 1 of Reference Processing: no references
[30.800s][debug][gc,ref         ] GC(78) ReferenceProcessor::execute queues: 1, RefProcThreadModel::Single, marks_oops_alive: false
[30.800s][debug][gc,ref         ] GC(78) Skipped phase 3 of Reference Processing: no references
[30.800s][debug][gc,ref         ] GC(78) Skipped phase 4 of Reference Processing: no references
[30.800s][debug][gc,phases      ] GC(78) Reference Processing 0.126ms
[30.800s][debug][gc,phases      ] GC(78)   VM Weak                        Min:  0.0, Avg:  0.0, Max:  0.0, Diff:  0.0, Sum:  0.0, Workers: 4
[30.800s][debug][gc,phases      ] GC(78)     Dead                           Min: 0, Avg:  0.0, Max: 0, Diff: 0, Sum: 0, Workers: 4
[30.800s][debug][gc,phases      ] GC(78)     Total                          Min: 0, Avg: 158.5, Max: 384, Diff: 384, Sum: 634, Workers: 4
[30.800s][debug][gc,phases      ] GC(78)   ObjectSynchronizer Weak        Min:  0.0, Avg:  0.0, Max:  0.0, Diff:  0.0, Sum:  0.0, Workers: 4
[30.800s][debug][gc,phases      ] GC(78)     Dead                           Min: 0, Avg:  0.0, Max: 0, Diff: 0, Sum: 0, Workers: 4
[30.800s][debug][gc,phases      ] GC(78)     Total                          Min: 0, Avg: 88.2, Max: 192, Diff: 192, Sum: 353, Workers: 4
[30.800s][debug][gc,phases      ] GC(78)   JVMTI Tag Weak OopStorage      Min:  0.0, Avg:  0.0, Max:  0.0, Diff:  0.0, Sum:  0.0, Workers: 4
[30.800s][debug][gc,phases      ] GC(78)     Dead                           Min: 0, Avg:  0.0, Max: 0, Diff: 0, Sum: 0, Workers: 4
[30.800s][debug][gc,phases      ] GC(78)     Total                          Min: 0, Avg:  0.0, Max: 0, Diff: 0, Sum: 0, Workers: 4
[30.800s][debug][gc,phases      ] GC(78)   StringTable Weak               Min:  0.1, Avg:  0.1, Max:  0.1, Diff:  0.0, Sum:  0.4, Workers: 4
[30.800s][debug][gc,phases      ] GC(78)     Dead                           Min: 0, Avg:  2.8, Max: 11, Diff: 11, Sum: 11, Workers: 4
[30.800s][debug][gc,phases      ] GC(78)     Total                          Min: 10304, Avg: 10802.2, Max: 11190, Diff: 886, Sum: 43209, Workers: 4
[30.800s][debug][gc,phases      ] GC(78)   ResolvedMethodTable Weak       Min:  0.0, Avg:  0.0, Max:  0.0, Diff:  0.0, Sum:  0.1, Workers: 4
[30.800s][debug][gc,phases      ] GC(78)     Dead                           Min: 0, Avg:  0.0, Max: 0, Diff: 0, Sum: 0, Workers: 4
[30.800s][debug][gc,phases      ] GC(78)     Total                          Min: 1736, Avg: 1874.0, Max: 2048, Diff: 312, Sum: 7496, Workers: 4
[30.800s][debug][gc,phases      ] GC(78)   JNI Weak                       Min:  0.0, Avg:  0.0, Max:  0.0, Diff:  0.0, Sum:  0.0, Workers: 4
[30.800s][debug][gc,phases      ] GC(78)     Dead                           Min: 0, Avg:  0.0, Max: 0, Diff: 0, Sum: 0, Workers: 4
[30.800s][debug][gc,phases      ] GC(78)     Total                          Min: 0, Avg:  0.0, Max: 0, Diff: 0, Sum: 0, Workers: 4
[30.800s][debug][gc,phases      ] GC(78)   StringDedup Table Weak         Min:  0.0, Avg:  0.0, Max:  0.0, Diff:  0.0, Sum:  0.0, Workers: 4
[30.800s][debug][gc,phases      ] GC(78)     Dead                           Min: 0, Avg:  0.0, Max: 0, Diff: 0, Sum: 0, Workers: 4
[30.800s][debug][gc,phases      ] GC(78)     Total                          Min: 0, Avg:  0.0, Max: 0, Diff: 0, Sum: 0, Workers: 4
[30.800s][debug][gc,phases      ] GC(78)   StringDedup Requests0 Weak     Min:  0.0, Avg:  0.0, Max:  0.0, Diff:  0.0, Sum:  0.0, Workers: 4
[30.800s][debug][gc,phases      ] GC(78)     Dead                           Min: 0, Avg:  0.0, Max: 0, Diff: 0, Sum: 0, Workers: 4
[30.800s][debug][gc,phases      ] GC(78)     Total                          Min: 0, Avg:  0.0, Max: 0, Diff: 0, Sum: 0, Workers: 4
[30.800s][debug][gc,phases      ] GC(78)   StringDedup Requests1 Weak     Min:  0.0, Avg:  0.0, Max:  0.0, Diff:  0.0, Sum:  0.0, Workers: 4
[30.800s][debug][gc,phases      ] GC(78)     Dead                           Min: 0, Avg:  0.0, Max: 0, Diff: 0, Sum: 0, Workers: 4
[30.800s][debug][gc,phases      ] GC(78)     Total                          Min: 0, Avg:  0.0, Max: 0, Diff: 0, Sum: 0, Workers: 4
[30.800s][debug][gc,phases      ] GC(78)   Weak JFR Old Object Samples    Min:  0.0, Avg:  0.0, Max:  0.0, Diff:  0.0, Sum:  0.0, Workers: 4
[30.800s][debug][gc,phases      ] GC(78)     Dead                           Min: 0, Avg:  0.0, Max: 0, Diff: 0, Sum: 0, Workers: 4
[30.800s][debug][gc,phases      ] GC(78)     Total                          Min: 0, Avg:  0.0, Max: 0, Diff: 0, Sum: 0, Workers: 4
[30.800s][debug][gc,phases      ] GC(78) Weak Processing 0.285ms
[30.800s][debug][gc,age         ] GC(78) Desired survivor size 92798976 bytes, new threshold 15 (max threshold 15)
[30.800s][info ][gc,heap        ] GC(78) PSYoungGen: 1944294K(2003968K)->44534K(1998848K) Eden: 1905664K(1905664K)->0K(1905664K) From: 38630K(98304K)->44534K(93184K)
[30.800s][info ][gc,heap        ] GC(78) ParOldGen: 559449K(683008K)->561041K(683008K)
[30.800s][info ][gc,metaspace   ] GC(78) Metaspace: 69854K(70592K)->69854K(70592K) NonClass: 59696K(60096K)->59696K(60096K) Class: 10157K(10496K)->10157K(10496K)
[30.800s][info ][gc             ] GC(78) Pause Young (Allocation Failure) 2445M->591M(2619M) 19.146ms
[30.800s][info ][gc,cpu         ] GC(78) User=0.08s Sys=0.00s Real=0.02s
[30.800s][info ][safepoint      ] Safepoint "ParallelGCFailedAllocation", Time since last: 334462771 ns, Reaching safepoint: 148901 ns, At safepoint: 19264461 ns, Total: 19413362 ns
[31.079s][info ][gc,start       ] GC(79) Pause Young (Allocation Failure)
[31.094s][debug][gc,phases      ] GC(79) Scavenge 15.206ms
[31.094s][debug][gc,ref         ] GC(79) Skipped phase 1 of Reference Processing: no references
[31.094s][debug][gc,ref         ] GC(79) ReferenceProcessor::execute queues: 1, RefProcThreadModel::Single, marks_oops_alive: false
[31.094s][debug][gc,ref         ] GC(79) Skipped phase 3 of Reference Processing: no references
[31.094s][debug][gc,ref         ] GC(79) ReferenceProcessor::execute queues: 1, RefProcThreadModel::Single, marks_oops_alive: false
[31.094s][debug][gc,phases      ] GC(79) Reference Processing 0.106ms
[31.094s][debug][gc,phases      ] GC(79)   VM Weak                        Min:  0.0, Avg:  0.0, Max:  0.0, Diff:  0.0, Sum:  0.0, Workers: 4
[31.094s][debug][gc,phases      ] GC(79)     Dead                           Min: 0, Avg:  0.0, Max: 0, Diff: 0, Sum: 0, Workers: 4
[31.094s][debug][gc,phases      ] GC(79)     Total                          Min: 0, Avg: 158.5, Max: 634, Diff: 634, Sum: 634, Workers: 4
[31.094s][debug][gc,phases      ] GC(79)   ObjectSynchronizer Weak        Min:  0.0, Avg:  0.0, Max:  0.0, Diff:  0.0, Sum:  0.0, Workers: 4
[31.094s][debug][gc,phases      ] GC(79)     Dead                           Min: 0, Avg:  0.0, Max: 0, Diff: 0, Sum: 0, Workers: 4
[31.094s][debug][gc,phases      ] GC(79)     Total                          Min: 0, Avg: 88.2, Max: 128, Diff: 128, Sum: 353, Workers: 4
[31.094s][debug][gc,phases      ] GC(79)   JVMTI Tag Weak OopStorage      Min:  0.0, Avg:  0.0, Max:  0.0, Diff:  0.0, Sum:  0.0, Workers: 4
[31.094s][debug][gc,phases      ] GC(79)     Dead                           Min: 0, Avg:  0.0, Max: 0, Diff: 0, Sum: 0, Workers: 4
[31.094s][debug][gc,phases      ] GC(79)     Total                          Min: 0, Avg:  0.0, Max: 0, Diff: 0, Sum: 0, Workers: 4
[31.094s][debug][gc,phases      ] GC(79)   StringTable Weak               Min:  0.1, Avg:  0.1, Max:  0.1, Diff:  0.0, Sum:  0.3, Workers: 4
[31.094s][debug][gc,phases      ] GC(79)     Dead                           Min: 0, Avg:  0.0, Max: 0, Diff: 0, Sum: 0, Workers: 4
[31.094s][debug][gc,phases      ] GC(79)     Total                          Min: 8128, Avg: 10802.2, Max: 13366, Diff: 5238, Sum: 43209, Workers: 4
[31.094s][debug][gc,phases      ] GC(79)   ResolvedMethodTable Weak       Min:  0.0, Avg:  0.0, Max:  0.0, Diff:  0.0, Sum:  0.1, Workers: 4
[31.094s][debug][gc,phases      ] GC(79)     Dead                           Min: 0, Avg:  0.0, Max: 0, Diff: 0, Sum: 0, Workers: 4
[31.094s][debug][gc,phases      ] GC(79)     Total                          Min: 1416, Avg: 1874.0, Max: 2368, Diff: 952, Sum: 7496, Workers: 4
[31.094s][debug][gc,phases      ] GC(79)   JNI Weak                       Min:  0.0, Avg:  0.0, Max:  0.0, Diff:  0.0, Sum:  0.0, Workers: 4
[31.094s][debug][gc,phases      ] GC(79)     Dead                           Min: 0, Avg:  0.0, Max: 0, Diff: 0, Sum: 0, Workers: 4
[31.094s][debug][gc,phases      ] GC(79)     Total                          Min: 0, Avg:  0.0, Max: 0, Diff: 0, Sum: 0, Workers: 4
[31.094s][debug][gc,phases      ] GC(79)   StringDedup Table Weak         Min:  0.0, Avg:  0.0, Max:  0.0, Diff:  0.0, Sum:  0.0, Workers: 4
[31.094s][debug][gc,phases      ] GC(79)     Dead                           Min: 0, Avg:  0.0, Max: 0, Diff: 0, Sum: 0, Workers: 4
[31.094s][debug][gc,phases      ] GC(79)     Total                          Min: 0, Avg:  0.0, Max: 0, Diff: 0, Sum: 0, Workers: 4
[31.094s][debug][gc,phases      ] GC(79)   StringDedup Requests0 Weak     Min:  0.0, Avg:  0.0, Max:  0.0, Diff:  0.0, Sum:  0.0, Workers: 4
[31.094s][debug][gc,phases      ] GC(79)     Dead                           Min: 0, Avg:  0.0, Max: 0, Diff: 0, Sum: 0, Workers: 4
[31.094s][debug][gc,phases      ] GC(79)     Total                          Min: 0, Avg:  0.0, Max: 0, Diff: 0, Sum: 0, Workers: 4
[31.094s][debug][gc,phases      ] GC(79)   StringDedup Requests1 Weak     Min:  0.0, Avg:  0.0, Max:  0.0, Diff:  0.0, Sum:  0.0, Workers: 4
[31.094s][debug][gc,phases      ] GC(79)     Dead                           Min: 0, Avg:  0.0, Max: 0, Diff: 0, Sum: 0, Workers: 4
[31.094s][debug][gc,phases      ] GC(79)     Total                          Min: 0, Avg:  0.0, Max: 0, Diff: 0, Sum: 0, Workers: 4
[31.094s][debug][gc,phases      ] GC(79)   Weak JFR Old Object Samples    Min:  0.0, Avg:  0.0, Max:  0.0, Diff:  0.0, Sum:  0.0, Workers: 4
[31.094s][debug][gc,phases      ] GC(79)     Dead                           Min: 0, Avg:  0.0, Max: 0, Diff: 0, Sum: 0, Workers: 4
[31.094s][debug][gc,phases      ] GC(79)     Total                          Min: 0, Avg:  0.0, Max: 0, Diff: 0, Sum: 0, Workers: 4
[31.094s][debug][gc,phases      ] GC(79) Weak Processing 0.252ms
[31.094s][debug][gc,age         ] GC(79) Desired survivor size 90177536 bytes, new threshold 15 (max threshold 15)
[31.094s][info ][gc,heap        ] GC(79) PSYoungGen: 1950198K(1998848K)->45510K(2009088K) Eden: 1905664K(1905664K)->0K(1918464K) From: 44534K(93184K)->45510K(90624K)
[31.094s][info ][gc,heap        ] GC(79) ParOldGen: 561041K(683008K)->562337K(683008K)
[31.094s][info ][gc,metaspace   ] GC(79) Metaspace: 69860K(70592K)->69860K(70592K) NonClass: 59702K(60096K)->59702K(60096K) Class: 10157K(10496K)->10157K(10496K)
[31.094s][info ][gc             ] GC(79) Pause Young (Allocation Failure) 2452M->593M(2629M) 15.666ms
[31.094s][info ][gc,cpu         ] GC(79) User=0.06s Sys=0.00s Real=0.01s
[31.094s][info ][safepoint      ] Safepoint "ParallelGCFailedAllocation", Time since last: 278449692 ns, Reaching safepoint: 119601 ns, At safepoint: 15755750 ns, Total: 15875351 ns
[31.440s][info ][gc,start       ] GC(80) Pause Young (Allocation Failure)
[31.460s][debug][gc,phases      ] GC(80) Scavenge 19.952ms
[31.460s][debug][gc,ref         ] GC(80) Skipped phase 1 of Reference Processing: no references
[31.460s][debug][gc,ref         ] GC(80) ReferenceProcessor::execute queues: 1, RefProcThreadModel::Single, marks_oops_alive: false
[31.460s][debug][gc,ref         ] GC(80) Skipped phase 3 of Reference Processing: no references
[31.460s][debug][gc,ref         ] GC(80) Skipped phase 4 of Reference Processing: no references
[31.460s][debug][gc,phases      ] GC(80) Reference Processing 0.113ms
[31.461s][debug][gc,phases      ] GC(80)   VM Weak                        Min:  0.0, Avg:  0.0, Max:  0.0, Diff:  0.0, Sum:  0.0, Workers: 4
[31.461s][debug][gc,phases      ] GC(80)     Dead                           Min: 0, Avg:  0.0, Max: 0, Diff: 0, Sum: 0, Workers: 4
[31.461s][debug][gc,phases      ] GC(80)     Total                          Min: 0, Avg: 158.5, Max: 634, Diff: 634, Sum: 634, Workers: 4
[31.461s][debug][gc,phases      ] GC(80)   ObjectSynchronizer Weak        Min:  0.0, Avg:  0.0, Max:  0.0, Diff:  0.0, Sum:  0.0, Workers: 4
[31.461s][debug][gc,phases      ] GC(80)     Dead                           Min: 0, Avg:  0.0, Max: 0, Diff: 0, Sum: 0, Workers: 4
[31.461s][debug][gc,phases      ] GC(80)     Total                          Min: 0, Avg: 88.2, Max: 128, Diff: 128, Sum: 353, Workers: 4
[31.461s][debug][gc,phases      ] GC(80)   JVMTI Tag Weak OopStorage      Min:  0.0, Avg:  0.0, Max:  0.0, Diff:  0.0, Sum:  0.0, Workers: 4
[31.461s][debug][gc,phases      ] GC(80)     Dead                           Min: 0, Avg:  0.0, Max: 0, Diff: 0, Sum: 0, Workers: 4
[31.461s][debug][gc,phases      ] GC(80)     Total                          Min: 0, Avg:  0.0, Max: 0, Diff: 0, Sum: 0, Workers: 4
[31.461s][debug][gc,phases      ] GC(80)   StringTable Weak               Min:  0.1, Avg:  0.1, Max:  0.1, Diff:  0.0, Sum:  0.3, Workers: 4
[31.461s][debug][gc,phases      ] GC(80)     Dead                           Min: 0, Avg:  2.8, Max: 10, Diff: 10, Sum: 11, Workers: 4
[31.461s][debug][gc,phases      ] GC(80)     Total                          Min: 8832, Avg: 10802.2, Max: 13184, Diff: 4352, Sum: 43209, Workers: 4
[31.461s][debug][gc,phases      ] GC(80)   ResolvedMethodTable Weak       Min:  0.0, Avg:  0.0, Max:  0.0, Diff:  0.0, Sum:  0.1, Workers: 4
[31.461s][debug][gc,phases      ] GC(80)     Dead                           Min: 0, Avg:  0.0, Max: 0, Diff: 0, Sum: 0, Workers: 4
[31.461s][debug][gc,phases      ] GC(80)     Total                          Min: 1480, Avg: 1874.0, Max: 2368, Diff: 888, Sum: 7496, Workers: 4
[31.461s][debug][gc,phases      ] GC(80)   JNI Weak                       Min:  0.0, Avg:  0.0, Max:  0.0, Diff:  0.0, Sum:  0.0, Workers: 4
[31.461s][debug][gc,phases      ] GC(80)     Dead                           Min: 0, Avg:  0.0, Max: 0, Diff: 0, Sum: 0, Workers: 4
[31.461s][debug][gc,phases      ] GC(80)     Total                          Min: 0, Avg:  0.0, Max: 0, Diff: 0, Sum: 0, Workers: 4
[31.461s][debug][gc,phases      ] GC(80)   StringDedup Table Weak         Min:  0.0, Avg:  0.0, Max:  0.0, Diff:  0.0, Sum:  0.0, Workers: 4
[31.461s][debug][gc,phases      ] GC(80)     Dead                           Min: 0, Avg:  0.0, Max: 0, Diff: 0, Sum: 0, Workers: 4
[31.461s][debug][gc,phases      ] GC(80)     Total                          Min: 0, Avg:  0.0, Max: 0, Diff: 0, Sum: 0, Workers: 4
[31.461s][debug][gc,phases      ] GC(80)   StringDedup Requests0 Weak     Min:  0.0, Avg:  0.0, Max:  0.0, Diff:  0.0, Sum:  0.0, Workers: 4
[31.461s][debug][gc,phases      ] GC(80)     Dead                           Min: 0, Avg:  0.0, Max: 0, Diff: 0, Sum: 0, Workers: 4
[31.461s][debug][gc,phases      ] GC(80)     Total                          Min: 0, Avg:  0.0, Max: 0, Diff: 0, Sum: 0, Workers: 4
[31.461s][debug][gc,phases      ] GC(80)   StringDedup Requests1 Weak     Min:  0.0, Avg:  0.0, Max:  0.0, Diff:  0.0, Sum:  0.0, Workers: 4
[31.461s][debug][gc,phases      ] GC(80)     Dead                           Min: 0, Avg:  0.0, Max: 0, Diff: 0, Sum: 0, Workers: 4
[31.461s][debug][gc,phases      ] GC(80)     Total                          Min: 0, Avg:  0.0, Max: 0, Diff: 0, Sum: 0, Workers: 4
[31.461s][debug][gc,phases      ] GC(80)   Weak JFR Old Object Samples    Min:  0.0, Avg:  0.0, Max:  0.0, Diff:  0.0, Sum:  0.0, Workers: 4
[31.461s][debug][gc,phases      ] GC(80)     Dead                           Min: 0, Avg:  0.0, Max: 0, Diff: 0, Sum: 0, Workers: 4
[31.461s][debug][gc,phases      ] GC(80)     Total                          Min: 0, Avg:  0.0, Max: 0, Diff: 0, Sum: 0, Workers: 4
[31.461s][debug][gc,phases      ] GC(80) Weak Processing 0.255ms
[31.461s][debug][gc,age         ] GC(80) Desired survivor size 89128960 bytes, new threshold 15 (max threshold 15)
[31.461s][info ][gc,heap        ] GC(80) PSYoungGen: 1963974K(2009088K)->48710K(2006528K) Eden: 1918464K(1918464K)->0K(1918464K) From: 45510K(90624K)->48710K(88064K)
[31.461s][info ][gc,heap        ] GC(80) ParOldGen: 562337K(683008K)->564017K(683008K)
[31.461s][info ][gc,metaspace   ] GC(80) Metaspace: 69893K(70656K)->69893K(70656K) NonClass: 59735K(60160K)->59735K(60160K) Class: 10157K(10496K)->10157K(10496K)
[31.461s][info ][gc             ] GC(80) Pause Young (Allocation Failure) 2467M->598M(2626M) 20.439ms
[31.461s][info ][gc,cpu         ] GC(80) User=0.07s Sys=0.00s Real=0.02s
[31.461s][info ][safepoint      ] Safepoint "ParallelGCFailedAllocation", Time since last: 345749207 ns, Reaching safepoint: 163601 ns, At safepoint: 20534266 ns, Total: 20697867 ns
[31.808s][info ][gc,start       ] GC(81) Pause Young (Allocation Failure)
[31.832s][debug][gc,phases      ] GC(81) Scavenge 23.960ms
[31.832s][debug][gc,ref         ] GC(81) Skipped phase 1 of Reference Processing: no references
[31.832s][debug][gc,ref         ] GC(81) ReferenceProcessor::execute queues: 1, RefProcThreadModel::Single, marks_oops_alive: false
[31.832s][debug][gc,ref         ] GC(81) Skipped phase 3 of Reference Processing: no references
[31.832s][debug][gc,ref         ] GC(81) Skipped phase 4 of Reference Processing: no references
[31.832s][debug][gc,phases      ] GC(81) Reference Processing 0.101ms
[31.833s][debug][gc,phases      ] GC(81)   VM Weak                        Min:  0.0, Avg:  0.0, Max:  0.0, Diff:  0.0, Sum:  0.0, Workers: 4
[31.833s][debug][gc,phases      ] GC(81)     Dead                           Min: 0, Avg:  0.0, Max: 0, Diff: 0, Sum: 0, Workers: 4
[31.833s][debug][gc,phases      ] GC(81)     Total                          Min: 0, Avg: 158.5, Max: 442, Diff: 442, Sum: 634, Workers: 4
[31.833s][debug][gc,phases      ] GC(81)   ObjectSynchronizer Weak        Min:  0.0, Avg:  0.0, Max:  0.0, Diff:  0.0, Sum:  0.0, Workers: 4
[31.833s][debug][gc,phases      ] GC(81)     Dead                           Min: 0, Avg:  0.0, Max: 0, Diff: 0, Sum: 0, Workers: 4
[31.833s][debug][gc,phases      ] GC(81)     Total                          Min: 0, Avg: 88.2, Max: 192, Diff: 192, Sum: 353, Workers: 4
[31.833s][debug][gc,phases      ] GC(81)   JVMTI Tag Weak OopStorage      Min:  0.0, Avg:  0.0, Max:  0.0, Diff:  0.0, Sum:  0.0, Workers: 4
[31.833s][debug][gc,phases      ] GC(81)     Dead                           Min: 0, Avg:  0.0, Max: 0, Diff: 0, Sum: 0, Workers: 4
[31.833s][debug][gc,phases      ] GC(81)     Total                          Min: 0, Avg:  0.0, Max: 0, Diff: 0, Sum: 0, Workers: 4
[31.833s][debug][gc,phases      ] GC(81)   StringTable Weak               Min:  0.1, Avg:  0.1, Max:  0.1, Diff:  0.0, Sum:  0.4, Workers: 4
[31.833s][debug][gc,phases      ] GC(81)     Dead                           Min: 0, Avg:  2.8, Max: 11, Diff: 11, Sum: 11, Workers: 4
[31.833s][debug][gc,phases      ] GC(81)     Total                          Min: 9152, Avg: 10804.0, Max: 14527, Diff: 5375, Sum: 43216, Workers: 4
[31.833s][debug][gc,phases      ] GC(81)   ResolvedMethodTable Weak       Min:  0.0, Avg:  0.0, Max:  0.0, Diff:  0.0, Sum:  0.1, Workers: 4
[31.833s][debug][gc,phases      ] GC(81)     Dead                           Min: 0, Avg:  0.0, Max: 0, Diff: 0, Sum: 0, Workers: 4
[31.833s][debug][gc,phases      ] GC(81)     Total                          Min: 1536, Avg: 1874.0, Max: 2496, Diff: 960, Sum: 7496, Workers: 4
[31.833s][debug][gc,phases      ] GC(81)   JNI Weak                       Min:  0.0, Avg:  0.0, Max:  0.0, Diff:  0.0, Sum:  0.0, Workers: 4
[31.833s][debug][gc,phases      ] GC(81)     Dead                           Min: 0, Avg:  0.0, Max: 0, Diff: 0, Sum: 0, Workers: 4
[31.833s][debug][gc,phases      ] GC(81)     Total                          Min: 0, Avg:  0.0, Max: 0, Diff: 0, Sum: 0, Workers: 4
[31.833s][debug][gc,phases      ] GC(81)   StringDedup Table Weak         Min:  0.0, Avg:  0.0, Max:  0.0, Diff:  0.0, Sum:  0.0, Workers: 4
[31.833s][debug][gc,phases      ] GC(81)     Dead                           Min: 0, Avg:  0.0, Max: 0, Diff: 0, Sum: 0, Workers: 4
[31.833s][debug][gc,phases      ] GC(81)     Total                          Min: 0, Avg:  0.0, Max: 0, Diff: 0, Sum: 0, Workers: 4
[31.833s][debug][gc,phases      ] GC(81)   StringDedup Requests0 Weak     Min:  0.0, Avg:  0.0, Max:  0.0, Diff:  0.0, Sum:  0.0, Workers: 4
[31.833s][debug][gc,phases      ] GC(81)     Dead                           Min: 0, Avg:  0.0, Max: 0, Diff: 0, Sum: 0, Workers: 4
[31.833s][debug][gc,phases      ] GC(81)     Total                          Min: 0, Avg:  0.0, Max: 0, Diff: 0, Sum: 0, Workers: 4
[31.833s][debug][gc,phases      ] GC(81)   StringDedup Requests1 Weak     Min:  0.0, Avg:  0.0, Max:  0.0, Diff:  0.0, Sum:  0.0, Workers: 4
[31.833s][debug][gc,phases      ] GC(81)     Dead                           Min: 0, Avg:  0.0, Max: 0, Diff: 0, Sum: 0, Workers: 4
[31.833s][debug][gc,phases      ] GC(81)     Total                          Min: 0, Avg:  0.0, Max: 0, Diff: 0, Sum: 0, Workers: 4
[31.833s][debug][gc,phases      ] GC(81)   Weak JFR Old Object Samples    Min:  0.0, Avg:  0.0, Max:  0.0, Diff:  0.0, Sum:  0.0, Workers: 4
[31.833s][debug][gc,phases      ] GC(81)     Dead                           Min: 0, Avg:  0.0, Max: 0, Diff: 0, Sum: 0, Workers: 4
[31.833s][debug][gc,phases      ] GC(81)     Total                          Min: 0, Avg:  0.0, Max: 0, Diff: 0, Sum: 0, Workers: 4
[31.833s][debug][gc,phases      ] GC(81) Weak Processing 0.275ms
[31.833s][debug][gc,age         ] GC(81) Desired survivor size 89653248 bytes, new threshold 15 (max threshold 15)
[31.833s][info ][gc,heap        ] GC(81) PSYoungGen: 1967174K(2006528K)->52886K(2009088K) Eden: 1918464K(1918464K)->0K(1922048K) From: 48710K(88064K)->52886K(87040K)
[31.833s][info ][gc,heap        ] GC(81) ParOldGen: 564017K(683008K)->568225K(683008K)
[31.833s][info ][gc,metaspace   ] GC(81) Metaspace: 69897K(70656K)->69897K(70656K) NonClass: 59739K(60160K)->59739K(60160K) Class: 10157K(10496K)->10157K(10496K)
[31.833s][info ][gc             ] GC(81) Pause Young (Allocation Failure) 2471M->606M(2629M) 24.452ms
[31.833s][info ][gc,cpu         ] GC(81) User=0.09s Sys=0.00s Real=0.02s
[31.833s][info ][safepoint      ] Safepoint "ParallelGCFailedAllocation", Time since last: 347336312 ns, Reaching safepoint: 148201 ns, At safepoint: 24546878 ns, Total: 24695079 ns
[32.147s][info ][gc,start       ] GC(82) Pause Young (Allocation Failure)
[32.167s][debug][gc,phases      ] GC(82) Scavenge 20.154ms
[32.167s][debug][gc,ref         ] GC(82) Skipped phase 1 of Reference Processing: no references
[32.167s][debug][gc,ref         ] GC(82) ReferenceProcessor::execute queues: 1, RefProcThreadModel::Single, marks_oops_alive: false
[32.168s][debug][gc,ref         ] GC(82) Skipped phase 3 of Reference Processing: no references
[32.168s][debug][gc,ref         ] GC(82) Skipped phase 4 of Reference Processing: no references
[32.168s][debug][gc,phases      ] GC(82) Reference Processing 0.098ms
[32.168s][debug][gc,phases      ] GC(82)   VM Weak                        Min:  0.0, Avg:  0.0, Max:  0.0, Diff:  0.0, Sum:  0.0, Workers: 4
[32.168s][debug][gc,phases      ] GC(82)     Dead                           Min: 0, Avg:  0.0, Max: 0, Diff: 0, Sum: 0, Workers: 4
[32.168s][debug][gc,phases      ] GC(82)     Total                          Min: 0, Avg: 158.5, Max: 634, Diff: 634, Sum: 634, Workers: 4
[32.168s][debug][gc,phases      ] GC(82)   ObjectSynchronizer Weak        Min:  0.0, Avg:  0.0, Max:  0.0, Diff:  0.0, Sum:  0.0, Workers: 4
[32.168s][debug][gc,phases      ] GC(82)     Dead                           Min: 0, Avg:  0.0, Max: 0, Diff: 0, Sum: 0, Workers: 4
[32.168s][debug][gc,phases      ] GC(82)     Total                          Min: 0, Avg: 88.2, Max: 161, Diff: 161, Sum: 353, Workers: 4
[32.168s][debug][gc,phases      ] GC(82)   JVMTI Tag Weak OopStorage      Min:  0.0, Avg:  0.0, Max:  0.0, Diff:  0.0, Sum:  0.0, Workers: 4
[32.168s][debug][gc,phases      ] GC(82)     Dead                           Min: 0, Avg:  0.0, Max: 0, Diff: 0, Sum: 0, Workers: 4
[32.168s][debug][gc,phases      ] GC(82)     Total                          Min: 0, Avg:  0.0, Max: 0, Diff: 0, Sum: 0, Workers: 4
[32.168s][debug][gc,phases      ] GC(82)   StringTable Weak               Min:  0.1, Avg:  0.1, Max:  0.1, Diff:  0.0, Sum:  0.3, Workers: 4
[32.168s][debug][gc,phases      ] GC(82)     Dead                           Min: 0, Avg:  0.0, Max: 0, Diff: 0, Sum: 0, Workers: 4
[32.168s][debug][gc,phases      ] GC(82)     Total                          Min: 10175, Avg: 10804.0, Max: 11163, Diff: 988, Sum: 43216, Workers: 4
[32.168s][debug][gc,phases      ] GC(82)   ResolvedMethodTable Weak       Min:  0.0, Avg:  0.0, Max:  0.0, Diff:  0.0, Sum:  0.1, Workers: 4
[32.168s][debug][gc,phases      ] GC(82)     Dead                           Min: 0, Avg:  0.0, Max: 0, Diff: 0, Sum: 0, Workers: 4
[32.168s][debug][gc,phases      ] GC(82)     Total                          Min: 1600, Avg: 1874.0, Max: 2048, Diff: 448, Sum: 7496, Workers: 4
[32.168s][debug][gc,phases      ] GC(82)   JNI Weak                       Min:  0.0, Avg:  0.0, Max:  0.0, Diff:  0.0, Sum:  0.0, Workers: 4
[32.168s][debug][gc,phases      ] GC(82)     Dead                           Min: 0, Avg:  0.0, Max: 0, Diff: 0, Sum: 0, Workers: 4
[32.168s][debug][gc,phases      ] GC(82)     Total                          Min: 0, Avg:  0.0, Max: 0, Diff: 0, Sum: 0, Workers: 4
[32.168s][debug][gc,phases      ] GC(82)   StringDedup Table Weak         Min:  0.0, Avg:  0.0, Max:  0.0, Diff:  0.0, Sum:  0.0, Workers: 4
[32.168s][debug][gc,phases      ] GC(82)     Dead                           Min: 0, Avg:  0.0, Max: 0, Diff: 0, Sum: 0, Workers: 4
[32.168s][debug][gc,phases      ] GC(82)     Total                          Min: 0, Avg:  0.0, Max: 0, Diff: 0, Sum: 0, Workers: 4
[32.168s][debug][gc,phases      ] GC(82)   StringDedup Requests0 Weak     Min:  0.0, Avg:  0.0, Max:  0.0, Diff:  0.0, Sum:  0.0, Workers: 4
[32.168s][debug][gc,phases      ] GC(82)     Dead                           Min: 0, Avg:  0.0, Max: 0, Diff: 0, Sum: 0, Workers: 4
[32.168s][debug][gc,phases      ] GC(82)     Total                          Min: 0, Avg:  0.0, Max: 0, Diff: 0, Sum: 0, Workers: 4
[32.168s][debug][gc,phases      ] GC(82)   StringDedup Requests1 Weak     Min:  0.0, Avg:  0.0, Max:  0.0, Diff:  0.0, Sum:  0.0, Workers: 4
[32.168s][debug][gc,phases      ] GC(82)     Dead                           Min: 0, Avg:  0.0, Max: 0, Diff: 0, Sum: 0, Workers: 4
[32.168s][debug][gc,phases      ] GC(82)     Total                          Min: 0, Avg:  0.0, Max: 0, Diff: 0, Sum: 0, Workers: 4
[32.168s][debug][gc,phases      ] GC(82)   Weak JFR Old Object Samples    Min:  0.0, Avg:  0.0, Max:  0.0, Diff:  0.0, Sum:  0.0, Workers: 4
[32.168s][debug][gc,phases      ] GC(82)     Dead                           Min: 0, Avg:  0.0, Max: 0, Diff: 0, Sum: 0, Workers: 4
[32.168s][debug][gc,phases      ] GC(82)     Total                          Min: 0, Avg:  0.0, Max: 0, Diff: 0, Sum: 0, Workers: 4
[32.168s][debug][gc,phases      ] GC(82) Weak Processing 0.247ms
[32.168s][debug][gc,age         ] GC(82) Desired survivor size 90177536 bytes, new threshold 15 (max threshold 15)
[32.168s][info ][gc,heap        ] GC(82) PSYoungGen: 1974934K(2009088K)->55293K(1977344K) Eden: 1922048K(1922048K)->0K(1922048K) From: 52886K(87040K)->55293K(55296K)
[32.168s][info ][gc,heap        ] GC(82) ParOldGen: 568225K(683008K)->569817K(683008K)
[32.168s][info ][gc,metaspace   ] GC(82) Metaspace: 69897K(70656K)->69897K(70656K) NonClass: 59739K(60160K)->59739K(60160K) Class: 10157K(10496K)->10157K(10496K)
[32.168s][info ][gc             ] GC(82) Pause Young (Allocation Failure) 2483M->610M(2598M) 20.608ms
[32.168s][info ][gc,cpu         ] GC(82) User=0.08s Sys=0.00s Real=0.02s
[32.168s][info ][safepoint      ] Safepoint "ParallelGCFailedAllocation", Time since last: 314189407 ns, Reaching safepoint: 215401 ns, At safepoint: 20711166 ns, Total: 20926567 ns
[32.477s][info ][gc,start       ] GC(83) Pause Young (Allocation Failure)
[32.500s][debug][gc,phases      ] GC(83) Scavenge 23.388ms
[32.500s][debug][gc,ref         ] GC(83) Skipped phase 1 of Reference Processing: no references
[32.500s][debug][gc,ref         ] GC(83) ReferenceProcessor::execute queues: 1, RefProcThreadModel::Single, marks_oops_alive: false
[32.500s][debug][gc,ref         ] GC(83) Skipped phase 3 of Reference Processing: no references
[32.500s][debug][gc,ref         ] GC(83) ReferenceProcessor::execute queues: 1, RefProcThreadModel::Single, marks_oops_alive: false
[32.500s][debug][gc,phases      ] GC(83) Reference Processing 0.117ms
[32.500s][debug][gc,phases      ] GC(83)   VM Weak                        Min:  0.0, Avg:  0.0, Max:  0.0, Diff:  0.0, Sum:  0.0, Workers: 4
[32.500s][debug][gc,phases      ] GC(83)     Dead                           Min: 0, Avg:  0.0, Max: 0, Diff: 0, Sum: 0, Workers: 4
[32.500s][debug][gc,phases      ] GC(83)     Total                          Min: 0, Avg: 158.5, Max: 384, Diff: 384, Sum: 634, Workers: 4
[32.500s][debug][gc,phases      ] GC(83)   ObjectSynchronizer Weak        Min:  0.0, Avg:  0.0, Max:  0.0, Diff:  0.0, Sum:  0.0, Workers: 4
[32.500s][debug][gc,phases      ] GC(83)     Dead                           Min: 0, Avg:  0.0, Max: 0, Diff: 0, Sum: 0, Workers: 4
[32.500s][debug][gc,phases      ] GC(83)     Total                          Min: 0, Avg: 88.2, Max: 225, Diff: 225, Sum: 353, Workers: 4
[32.500s][debug][gc,phases      ] GC(83)   JVMTI Tag Weak OopStorage      Min:  0.0, Avg:  0.0, Max:  0.0, Diff:  0.0, Sum:  0.0, Workers: 4
[32.500s][debug][gc,phases      ] GC(83)     Dead                           Min: 0, Avg:  0.0, Max: 0, Diff: 0, Sum: 0, Workers: 4
[32.500s][debug][gc,phases      ] GC(83)     Total                          Min: 0, Avg:  0.0, Max: 0, Diff: 0, Sum: 0, Workers: 4
[32.500s][debug][gc,phases      ] GC(83)   StringTable Weak               Min:  0.1, Avg:  0.1, Max:  0.1, Diff:  0.0, Sum:  0.4, Workers: 4
[32.501s][debug][gc,phases      ] GC(83)     Dead                           Min: 0, Avg:  2.8, Max: 10, Diff: 10, Sum: 11, Workers: 4
[32.501s][debug][gc,phases      ] GC(83)     Total                          Min: 9280, Avg: 10806.2, Max: 12736, Diff: 3456, Sum: 43225, Workers: 4
[32.501s][debug][gc,phases      ] GC(83)   ResolvedMethodTable Weak       Min:  0.0, Avg:  0.0, Max:  0.0, Diff:  0.0, Sum:  0.1, Workers: 4
[32.501s][debug][gc,phases      ] GC(83)     Dead                           Min: 0, Avg:  0.0, Max: 0, Diff: 0, Sum: 0, Workers: 4
[32.501s][debug][gc,phases      ] GC(83)     Total                          Min: 1544, Avg: 1874.0, Max: 2176, Diff: 632, Sum: 7496, Workers: 4
[32.501s][debug][gc,phases      ] GC(83)   JNI Weak                       Min:  0.0, Avg:  0.0, Max:  0.0, Diff:  0.0, Sum:  0.0, Workers: 4
[32.501s][debug][gc,phases      ] GC(83)     Dead                           Min: 0, Avg:  0.0, Max: 0, Diff: 0, Sum: 0, Workers: 4
[32.501s][debug][gc,phases      ] GC(83)     Total                          Min: 0, Avg:  1.0, Max: 4, Diff: 4, Sum: 4, Workers: 4
[32.501s][debug][gc,phases      ] GC(83)   StringDedup Table Weak         Min:  0.0, Avg:  0.0, Max:  0.0, Diff:  0.0, Sum:  0.0, Workers: 4
[32.501s][debug][gc,phases      ] GC(83)     Dead                           Min: 0, Avg:  0.0, Max: 0, Diff: 0, Sum: 0, Workers: 4
[32.501s][debug][gc,phases      ] GC(83)     Total                          Min: 0, Avg:  0.0, Max: 0, Diff: 0, Sum: 0, Workers: 4
[32.501s][debug][gc,phases      ] GC(83)   StringDedup Requests0 Weak     Min:  0.0, Avg:  0.0, Max:  0.0, Diff:  0.0, Sum:  0.0, Workers: 4
[32.501s][debug][gc,phases      ] GC(83)     Dead                           Min: 0, Avg:  0.0, Max: 0, Diff: 0, Sum: 0, Workers: 4
[32.501s][debug][gc,phases      ] GC(83)     Total                          Min: 0, Avg:  0.0, Max: 0, Diff: 0, Sum: 0, Workers: 4
[32.501s][debug][gc,phases      ] GC(83)   StringDedup Requests1 Weak     Min:  0.0, Avg:  0.0, Max:  0.0, Diff:  0.0, Sum:  0.0, Workers: 4
[32.501s][debug][gc,phases      ] GC(83)     Dead                           Min: 0, Avg:  0.0, Max: 0, Diff: 0, Sum: 0, Workers: 4
[32.501s][debug][gc,phases      ] GC(83)     Total                          Min: 0, Avg:  0.0, Max: 0, Diff: 0, Sum: 0, Workers: 4
[32.501s][debug][gc,phases      ] GC(83)   Weak JFR Old Object Samples    Min:  0.0, Avg:  0.0, Max:  0.0, Diff:  0.0, Sum:  0.0, Workers: 4
[32.501s][debug][gc,phases      ] GC(83)     Dead                           Min: 0, Avg:  0.0, Max: 0, Diff: 0, Sum: 0, Workers: 4
[32.501s][debug][gc,phases      ] GC(83)     Total                          Min: 0, Avg:  0.0, Max: 0, Diff: 0, Sum: 0, Workers: 4
[32.501s][debug][gc,phases      ] GC(83) Weak Processing 0.285ms
[32.501s][debug][gc,age         ] GC(83) Desired survivor size 90177536 bytes, new threshold 15 (max threshold 15)
[32.501s][info ][gc,heap        ] GC(83) PSYoungGen: 1977341K(1977344K)->53350K(2009088K) Eden: 1922048K(1922048K)->0K(1921024K) From: 55293K(55296K)->53350K(88064K)
[32.501s][info ][gc,heap        ] GC(83) ParOldGen: 569817K(683008K)->573345K(683008K)
[32.501s][info ][gc,metaspace   ] GC(83) Metaspace: 69899K(70656K)->69899K(70656K) NonClass: 59741K(60160K)->59741K(60160K) Class: 10157K(10496K)->10157K(10496K)
[32.501s][info ][gc             ] GC(83) Pause Young (Allocation Failure) 2487M->612M(2629M) 23.907ms
[32.501s][info ][gc,cpu         ] GC(83) User=0.08s Sys=0.01s Real=0.02s
[32.501s][info ][safepoint      ] Safepoint "ParallelGCFailedAllocation", Time since last: 306688483 ns, Reaching safepoint: 2122807 ns, At safepoint: 24002776 ns, Total: 26125583 ns
[32.820s][info ][gc,start       ] GC(84) Pause Young (Allocation Failure)
[32.846s][debug][gc,phases      ] GC(84) Scavenge 25.616ms
[32.846s][debug][gc,ref         ] GC(84) Skipped phase 1 of Reference Processing: no references
[32.846s][debug][gc,ref         ] GC(84) ReferenceProcessor::execute queues: 1, RefProcThreadModel::Single, marks_oops_alive: false
[32.846s][debug][gc,ref         ] GC(84) Skipped phase 3 of Reference Processing: no references
[32.846s][debug][gc,ref         ] GC(84) ReferenceProcessor::execute queues: 1, RefProcThreadModel::Single, marks_oops_alive: false
[32.846s][debug][gc,phases      ] GC(84) Reference Processing 0.116ms
[32.846s][debug][gc,phases      ] GC(84)   VM Weak                        Min:  0.0, Avg:  0.0, Max:  0.0, Diff:  0.0, Sum:  0.0, Workers: 4
[32.846s][debug][gc,phases      ] GC(84)     Dead                           Min: 0, Avg:  0.0, Max: 0, Diff: 0, Sum: 0, Workers: 4
[32.846s][debug][gc,phases      ] GC(84)     Total                          Min: 0, Avg: 158.5, Max: 378, Diff: 378, Sum: 634, Workers: 4
[32.846s][debug][gc,phases      ] GC(84)   ObjectSynchronizer Weak        Min:  0.0, Avg:  0.0, Max:  0.0, Diff:  0.0, Sum:  0.0, Workers: 4
[32.846s][debug][gc,phases      ] GC(84)     Dead                           Min: 0, Avg:  0.0, Max: 0, Diff: 0, Sum: 0, Workers: 4
[32.846s][debug][gc,phases      ] GC(84)     Total                          Min: 0, Avg: 88.2, Max: 192, Diff: 192, Sum: 353, Workers: 4
[32.846s][debug][gc,phases      ] GC(84)   JVMTI Tag Weak OopStorage      Min:  0.0, Avg:  0.0, Max:  0.0, Diff:  0.0, Sum:  0.0, Workers: 4
[32.846s][debug][gc,phases      ] GC(84)     Dead                           Min: 0, Avg:  0.0, Max: 0, Diff: 0, Sum: 0, Workers: 4
[32.846s][debug][gc,phases      ] GC(84)     Total                          Min: 0, Avg:  0.0, Max: 0, Diff: 0, Sum: 0, Workers: 4
[32.846s][debug][gc,phases      ] GC(84)   StringTable Weak               Min:  0.1, Avg:  0.1, Max:  0.1, Diff:  0.0, Sum:  0.4, Workers: 4
[32.846s][debug][gc,phases      ] GC(84)     Dead                           Min: 0, Avg:  2.8, Max: 11, Diff: 11, Sum: 11, Workers: 4
[32.846s][debug][gc,phases      ] GC(84)     Total                          Min: 10303, Avg: 10806.2, Max: 11520, Diff: 1217, Sum: 43225, Workers: 4
[32.846s][debug][gc,phases      ] GC(84)   ResolvedMethodTable Weak       Min:  0.0, Avg:  0.0, Max:  0.0, Diff:  0.0, Sum:  0.1, Workers: 4
[32.846s][debug][gc,phases      ] GC(84)     Dead                           Min: 0, Avg:  0.0, Max: 0, Diff: 0, Sum: 0, Workers: 4
[32.846s][debug][gc,phases      ] GC(84)     Total                          Min: 1792, Avg: 1874.0, Max: 1928, Diff: 136, Sum: 7496, Workers: 4
[32.846s][debug][gc,phases      ] GC(84)   JNI Weak                       Min:  0.0, Avg:  0.0, Max:  0.0, Diff:  0.0, Sum:  0.0, Workers: 4
[32.846s][debug][gc,phases      ] GC(84)     Dead                           Min: 0, Avg:  0.0, Max: 0, Diff: 0, Sum: 0, Workers: 4
[32.846s][debug][gc,phases      ] GC(84)     Total                          Min: 0, Avg:  1.0, Max: 4, Diff: 4, Sum: 4, Workers: 4
[32.846s][debug][gc,phases      ] GC(84)   StringDedup Table Weak         Min:  0.0, Avg:  0.0, Max:  0.0, Diff:  0.0, Sum:  0.0, Workers: 4
[32.846s][debug][gc,phases      ] GC(84)     Dead                           Min: 0, Avg:  0.0, Max: 0, Diff: 0, Sum: 0, Workers: 4
[32.846s][debug][gc,phases      ] GC(84)     Total                          Min: 0, Avg:  0.0, Max: 0, Diff: 0, Sum: 0, Workers: 4
[32.846s][debug][gc,phases      ] GC(84)   StringDedup Requests0 Weak     Min:  0.0, Avg:  0.0, Max:  0.0, Diff:  0.0, Sum:  0.0, Workers: 4
[32.846s][debug][gc,phases      ] GC(84)     Dead                           Min: 0, Avg:  0.0, Max: 0, Diff: 0, Sum: 0, Workers: 4
[32.846s][debug][gc,phases      ] GC(84)     Total                          Min: 0, Avg:  0.0, Max: 0, Diff: 0, Sum: 0, Workers: 4
[32.846s][debug][gc,phases      ] GC(84)   StringDedup Requests1 Weak     Min:  0.0, Avg:  0.0, Max:  0.0, Diff:  0.0, Sum:  0.0, Workers: 4
[32.846s][debug][gc,phases      ] GC(84)     Dead                           Min: 0, Avg:  0.0, Max: 0, Diff: 0, Sum: 0, Workers: 4
[32.846s][debug][gc,phases      ] GC(84)     Total                          Min: 0, Avg:  0.0, Max: 0, Diff: 0, Sum: 0, Workers: 4
[32.846s][debug][gc,phases      ] GC(84)   Weak JFR Old Object Samples    Min:  0.0, Avg:  0.0, Max:  0.0, Diff:  0.0, Sum:  0.0, Workers: 4
[32.846s][debug][gc,phases      ] GC(84)     Dead                           Min: 0, Avg:  0.0, Max: 0, Diff: 0, Sum: 0, Workers: 4
[32.846s][debug][gc,phases      ] GC(84)     Total                          Min: 0, Avg:  0.0, Max: 0, Diff: 0, Sum: 0, Workers: 4
[32.846s][debug][gc,phases      ] GC(84) Weak Processing 0.294ms
[32.846s][debug][gc,age         ] GC(84) Desired survivor size 89653248 bytes, new threshold 15 (max threshold 15)
[32.846s][info ][gc,heap        ] GC(84) PSYoungGen: 1974374K(2009088K)->54342K(2009088K) Eden: 1921024K(1921024K)->0K(1921024K) From: 53350K(88064K)->54342K(88064K)
[32.846s][info ][gc,heap        ] GC(84) ParOldGen: 573345K(683008K)->575153K(683008K)
[32.846s][info ][gc,metaspace   ] GC(84) Metaspace: 69907K(70656K)->69907K(70656K) NonClass: 59749K(60160K)->59749K(60160K) Class: 10157K(10496K)->10157K(10496K)
[32.846s][info ][gc             ] GC(84) Pause Young (Allocation Failure) 2488M->614M(2629M) 26.142ms
[32.846s][info ][gc,cpu         ] GC(84) User=0.10s Sys=0.00s Real=0.03s
[32.846s][info ][safepoint      ] Safepoint "ParallelGCFailedAllocation", Time since last: 319060723 ns, Reaching safepoint: 111200 ns, At safepoint: 26253884 ns, Total: 26365084 ns
[33.188s][info ][gc,start       ] GC(85) Pause Young (Allocation Failure)
[33.210s][debug][gc,phases      ] GC(85) Scavenge 21.389ms
[33.210s][debug][gc,ref         ] GC(85) Skipped phase 1 of Reference Processing: no references
[33.210s][debug][gc,ref         ] GC(85) ReferenceProcessor::execute queues: 1, RefProcThreadModel::Single, marks_oops_alive: false
[33.210s][debug][gc,ref         ] GC(85) Skipped phase 3 of Reference Processing: no references
[33.210s][debug][gc,ref         ] GC(85) ReferenceProcessor::execute queues: 1, RefProcThreadModel::Single, marks_oops_alive: false
[33.210s][debug][gc,phases      ] GC(85) Reference Processing 0.115ms
[33.210s][debug][gc,phases      ] GC(85)   VM Weak                        Min:  0.0, Avg:  0.0, Max:  0.0, Diff:  0.0, Sum:  0.0, Workers: 4
[33.210s][debug][gc,phases      ] GC(85)     Dead                           Min: 0, Avg:  0.0, Max: 0, Diff: 0, Sum: 0, Workers: 4
[33.210s][debug][gc,phases      ] GC(85)     Total                          Min: 0, Avg: 158.5, Max: 634, Diff: 634, Sum: 634, Workers: 4
[33.210s][debug][gc,phases      ] GC(85)   ObjectSynchronizer Weak        Min:  0.0, Avg:  0.0, Max:  0.0, Diff:  0.0, Sum:  0.0, Workers: 4
[33.210s][debug][gc,phases      ] GC(85)     Dead                           Min: 0, Avg:  0.0, Max: 0, Diff: 0, Sum: 0, Workers: 4
[33.210s][debug][gc,phases      ] GC(85)     Total                          Min: 0, Avg: 88.2, Max: 256, Diff: 256, Sum: 353, Workers: 4
[33.210s][debug][gc,phases      ] GC(85)   JVMTI Tag Weak OopStorage      Min:  0.0, Avg:  0.0, Max:  0.0, Diff:  0.0, Sum:  0.0, Workers: 4
[33.210s][debug][gc,phases      ] GC(85)     Dead                           Min: 0, Avg:  0.0, Max: 0, Diff: 0, Sum: 0, Workers: 4
[33.210s][debug][gc,phases      ] GC(85)     Total                          Min: 0, Avg:  0.0, Max: 0, Diff: 0, Sum: 0, Workers: 4
[33.210s][debug][gc,phases      ] GC(85)   StringTable Weak               Min:  0.1, Avg:  0.1, Max:  0.1, Diff:  0.0, Sum:  0.3, Workers: 4
[33.210s][debug][gc,phases      ] GC(85)     Dead                           Min: 0, Avg:  2.8, Max: 10, Diff: 10, Sum: 11, Workers: 4
[33.210s][debug][gc,phases      ] GC(85)     Total                          Min: 8512, Avg: 10806.2, Max: 13760, Diff: 5248, Sum: 43225, Workers: 4
[33.210s][debug][gc,phases      ] GC(85)   ResolvedMethodTable Weak       Min:  0.0, Avg:  0.0, Max:  0.0, Diff:  0.0, Sum:  0.1, Workers: 4
[33.210s][debug][gc,phases      ] GC(85)     Dead                           Min: 0, Avg:  0.0, Max: 0, Diff: 0, Sum: 0, Workers: 4
[33.210s][debug][gc,phases      ] GC(85)     Total                          Min: 1472, Avg: 1874.0, Max: 2312, Diff: 840, Sum: 7496, Workers: 4
[33.210s][debug][gc,phases      ] GC(85)   JNI Weak                       Min:  0.0, Avg:  0.0, Max:  0.0, Diff:  0.0, Sum:  0.0, Workers: 4
[33.210s][debug][gc,phases      ] GC(85)     Dead                           Min: 0, Avg:  0.0, Max: 0, Diff: 0, Sum: 0, Workers: 4
[33.210s][debug][gc,phases      ] GC(85)     Total                          Min: 0, Avg:  0.5, Max: 2, Diff: 2, Sum: 2, Workers: 4
[33.210s][debug][gc,phases      ] GC(85)   StringDedup Table Weak         Min:  0.0, Avg:  0.0, Max:  0.0, Diff:  0.0, Sum:  0.0, Workers: 4
[33.210s][debug][gc,phases      ] GC(85)     Dead                           Min: 0, Avg:  0.0, Max: 0, Diff: 0, Sum: 0, Workers: 4
[33.210s][debug][gc,phases      ] GC(85)     Total                          Min: 0, Avg:  0.0, Max: 0, Diff: 0, Sum: 0, Workers: 4
[33.210s][debug][gc,phases      ] GC(85)   StringDedup Requests0 Weak     Min:  0.0, Avg:  0.0, Max:  0.0, Diff:  0.0, Sum:  0.0, Workers: 4
[33.210s][debug][gc,phases      ] GC(85)     Dead                           Min: 0, Avg:  0.0, Max: 0, Diff: 0, Sum: 0, Workers: 4
[33.210s][debug][gc,phases      ] GC(85)     Total                          Min: 0, Avg:  0.0, Max: 0, Diff: 0, Sum: 0, Workers: 4
[33.210s][debug][gc,phases      ] GC(85)   StringDedup Requests1 Weak     Min:  0.0, Avg:  0.0, Max:  0.0, Diff:  0.0, Sum:  0.0, Workers: 4
[33.210s][debug][gc,phases      ] GC(85)     Dead                           Min: 0, Avg:  0.0, Max: 0, Diff: 0, Sum: 0, Workers: 4
[33.210s][debug][gc,phases      ] GC(85)     Total                          Min: 0, Avg:  0.0, Max: 0, Diff: 0, Sum: 0, Workers: 4
[33.210s][debug][gc,phases      ] GC(85)   Weak JFR Old Object Samples    Min:  0.0, Avg:  0.0, Max:  0.0, Diff:  0.0, Sum:  0.0, Workers: 4
[33.210s][debug][gc,phases      ] GC(85)     Dead                           Min: 0, Avg:  0.0, Max: 0, Diff: 0, Sum: 0, Workers: 4
[33.210s][debug][gc,phases      ] GC(85)     Total                          Min: 0, Avg:  0.0, Max: 0, Diff: 0, Sum: 0, Workers: 4
[33.210s][debug][gc,phases      ] GC(85) Weak Processing 0.277ms
[33.210s][debug][gc,age         ] GC(85) Desired survivor size 89128960 bytes, new threshold 15 (max threshold 15)
[33.210s][info ][gc,heap        ] GC(85) PSYoungGen: 1975366K(2009088K)->54947K(2010112K) Eden: 1921024K(1921024K)->0K(1922560K) From: 54342K(88064K)->54947K(87552K)
[33.210s][info ][gc,heap        ] GC(85) ParOldGen: 575153K(683008K)->576745K(683008K)
[33.210s][info ][gc,metaspace   ] GC(85) Metaspace: 69908K(70656K)->69908K(70656K) NonClass: 59750K(60160K)->59750K(60160K) Class: 10157K(10496K)->10157K(10496K)
[33.210s][info ][gc             ] GC(85) Pause Young (Allocation Failure) 2490M->616M(2630M) 21.895ms
[33.210s][info ][gc,cpu         ] GC(85) User=0.11s Sys=0.00s Real=0.02s
[33.210s][info ][safepoint      ] Safepoint "ParallelGCFailedAllocation", Time since last: 341837696 ns, Reaching safepoint: 133100 ns, At safepoint: 21985470 ns, Total: 22118570 ns
[33.559s][info ][gc,start       ] GC(86) Pause Young (Allocation Failure)
[33.579s][debug][gc,phases      ] GC(86) Scavenge 20.248ms
[33.579s][debug][gc,ref         ] GC(86) Skipped phase 1 of Reference Processing: no references
[33.579s][debug][gc,ref         ] GC(86) ReferenceProcessor::execute queues: 1, RefProcThreadModel::Single, marks_oops_alive: false
[33.579s][debug][gc,ref         ] GC(86) Skipped phase 3 of Reference Processing: no references
[33.579s][debug][gc,ref         ] GC(86) ReferenceProcessor::execute queues: 1, RefProcThreadModel::Single, marks_oops_alive: false
[33.579s][debug][gc,phases      ] GC(86) Reference Processing 0.134ms
[33.579s][debug][gc,phases      ] GC(86)   VM Weak                        Min:  0.0, Avg:  0.0, Max:  0.0, Diff:  0.0, Sum:  0.0, Workers: 4
[33.579s][debug][gc,phases      ] GC(86)     Dead                           Min: 0, Avg:  0.0, Max: 0, Diff: 0, Sum: 0, Workers: 4
[33.579s][debug][gc,phases      ] GC(86)     Total                          Min: 0, Avg: 158.5, Max: 634, Diff: 634, Sum: 634, Workers: 4
[33.579s][debug][gc,phases      ] GC(86)   ObjectSynchronizer Weak        Min:  0.0, Avg:  0.0, Max:  0.0, Diff:  0.0, Sum:  0.0, Workers: 4
[33.579s][debug][gc,phases      ] GC(86)     Dead                           Min: 0, Avg:  0.0, Max: 0, Diff: 0, Sum: 0, Workers: 4
[33.579s][debug][gc,phases      ] GC(86)     Total                          Min: 0, Avg: 88.2, Max: 225, Diff: 225, Sum: 353, Workers: 4
[33.579s][debug][gc,phases      ] GC(86)   JVMTI Tag Weak OopStorage      Min:  0.0, Avg:  0.0, Max:  0.0, Diff:  0.0, Sum:  0.0, Workers: 4
[33.579s][debug][gc,phases      ] GC(86)     Dead                           Min: 0, Avg:  0.0, Max: 0, Diff: 0, Sum: 0, Workers: 4
[33.579s][debug][gc,phases      ] GC(86)     Total                          Min: 0, Avg:  0.0, Max: 0, Diff: 0, Sum: 0, Workers: 4
[33.579s][debug][gc,phases      ] GC(86)   StringTable Weak               Min:  0.1, Avg:  0.1, Max:  0.1, Diff:  0.0, Sum:  0.3, Workers: 4
[33.579s][debug][gc,phases      ] GC(86)     Dead                           Min: 0, Avg:  0.0, Max: 0, Diff: 0, Sum: 0, Workers: 4
[33.579s][debug][gc,phases      ] GC(86)     Total                          Min: 8448, Avg: 10807.0, Max: 12928, Diff: 4480, Sum: 43228, Workers: 4
[33.579s][debug][gc,phases      ] GC(86)   ResolvedMethodTable Weak       Min:  0.0, Avg:  0.0, Max:  0.0, Diff:  0.0, Sum:  0.1, Workers: 4
[33.579s][debug][gc,phases      ] GC(86)     Dead                           Min: 0, Avg:  0.0, Max: 0, Diff: 0, Sum: 0, Workers: 4
[33.579s][debug][gc,phases      ] GC(86)     Total                          Min: 1600, Avg: 1874.0, Max: 2184, Diff: 584, Sum: 7496, Workers: 4
[33.579s][debug][gc,phases      ] GC(86)   JNI Weak                       Min:  0.0, Avg:  0.0, Max:  0.0, Diff:  0.0, Sum:  0.0, Workers: 4
[33.579s][debug][gc,phases      ] GC(86)     Dead                           Min: 0, Avg:  0.0, Max: 0, Diff: 0, Sum: 0, Workers: 4
[33.579s][debug][gc,phases      ] GC(86)     Total                          Min: 0, Avg:  0.0, Max: 0, Diff: 0, Sum: 0, Workers: 4
[33.579s][debug][gc,phases      ] GC(86)   StringDedup Table Weak         Min:  0.0, Avg:  0.0, Max:  0.0, Diff:  0.0, Sum:  0.0, Workers: 4
[33.579s][debug][gc,phases      ] GC(86)     Dead                           Min: 0, Avg:  0.0, Max: 0, Diff: 0, Sum: 0, Workers: 4
[33.579s][debug][gc,phases      ] GC(86)     Total                          Min: 0, Avg:  0.0, Max: 0, Diff: 0, Sum: 0, Workers: 4
[33.579s][debug][gc,phases      ] GC(86)   StringDedup Requests0 Weak     Min:  0.0, Avg:  0.0, Max:  0.0, Diff:  0.0, Sum:  0.0, Workers: 4
[33.579s][debug][gc,phases      ] GC(86)     Dead                           Min: 0, Avg:  0.0, Max: 0, Diff: 0, Sum: 0, Workers: 4
[33.579s][debug][gc,phases      ] GC(86)     Total                          Min: 0, Avg:  0.0, Max: 0, Diff: 0, Sum: 0, Workers: 4
[33.579s][debug][gc,phases      ] GC(86)   StringDedup Requests1 Weak     Min:  0.0, Avg:  0.0, Max:  0.0, Diff:  0.0, Sum:  0.0, Workers: 4
[33.579s][debug][gc,phases      ] GC(86)     Dead                           Min: 0, Avg:  0.0, Max: 0, Diff: 0, Sum: 0, Workers: 4
[33.579s][debug][gc,phases      ] GC(86)     Total                          Min: 0, Avg:  0.0, Max: 0, Diff: 0, Sum: 0, Workers: 4
[33.579s][debug][gc,phases      ] GC(86)   Weak JFR Old Object Samples    Min:  0.0, Avg:  0.0, Max:  0.0, Diff:  0.0, Sum:  0.0, Workers: 4
[33.579s][debug][gc,phases      ] GC(86)     Dead                           Min: 0, Avg:  0.0, Max: 0, Diff: 0, Sum: 0, Workers: 4
[33.579s][debug][gc,phases      ] GC(86)     Total                          Min: 0, Avg:  0.0, Max: 0, Diff: 0, Sum: 0, Workers: 4
[33.579s][debug][gc,phases      ] GC(86) Weak Processing 0.338ms
[33.579s][debug][gc,age         ] GC(86) Desired survivor size 88604672 bytes, new threshold 15 (max threshold 15)
[33.579s][info ][gc,heap        ] GC(86) PSYoungGen: 1977507K(2010112K)->54316K(2009600K) Eden: 1922560K(1922560K)->0K(1922560K) From: 54947K(87552K)->54316K(87040K)
[33.579s][info ][gc,heap        ] GC(86) ParOldGen: 576745K(683008K)->578369K(683008K)
[33.579s][info ][gc,metaspace   ] GC(86) Metaspace: 69908K(70656K)->69908K(70656K) NonClass: 59750K(60160K)->59750K(60160K) Class: 10157K(10496K)->10157K(10496K)
[33.579s][info ][gc             ] GC(86) Pause Young (Allocation Failure) 2494M->617M(2629M) 20.855ms
[33.580s][info ][gc,cpu         ] GC(86) User=0.08s Sys=0.00s Real=0.02s
[33.580s][info ][safepoint      ] Safepoint "ParallelGCFailedAllocation", Time since last: 348386517 ns, Reaching safepoint: 142700 ns, At safepoint: 20965968 ns, Total: 21108668 ns
[33.891s][info ][gc,start       ] GC(87) Pause Young (Allocation Failure)
[33.914s][debug][gc,phases      ] GC(87) Scavenge 22.777ms
[33.914s][debug][gc,ref         ] GC(87) Skipped phase 1 of Reference Processing: no references
[33.914s][debug][gc,ref         ] GC(87) ReferenceProcessor::execute queues: 1, RefProcThreadModel::Single, marks_oops_alive: false
[33.914s][debug][gc,ref         ] GC(87) Skipped phase 3 of Reference Processing: no references
[33.914s][debug][gc,ref         ] GC(87) ReferenceProcessor::execute queues: 1, RefProcThreadModel::Single, marks_oops_alive: false
[33.914s][debug][gc,phases      ] GC(87) Reference Processing 0.117ms
[33.914s][debug][gc,phases      ] GC(87)   VM Weak                        Min:  0.0, Avg:  0.0, Max:  0.0, Diff:  0.0, Sum:  0.0, Workers: 4
[33.914s][debug][gc,phases      ] GC(87)     Dead                           Min: 0, Avg:  0.0, Max: 0, Diff: 0, Sum: 0, Workers: 4
[33.914s][debug][gc,phases      ] GC(87)     Total                          Min: 0, Avg: 158.5, Max: 576, Diff: 576, Sum: 634, Workers: 4
[33.914s][debug][gc,phases      ] GC(87)   ObjectSynchronizer Weak        Min:  0.0, Avg:  0.0, Max:  0.0, Diff:  0.0, Sum:  0.0, Workers: 4
[33.915s][debug][gc,phases      ] GC(87)     Dead                           Min: 0, Avg:  0.0, Max: 0, Diff: 0, Sum: 0, Workers: 4
[33.915s][debug][gc,phases      ] GC(87)     Total                          Min: 0, Avg: 88.2, Max: 289, Diff: 289, Sum: 353, Workers: 4
[33.915s][debug][gc,phases      ] GC(87)   JVMTI Tag Weak OopStorage      Min:  0.0, Avg:  0.0, Max:  0.0, Diff:  0.0, Sum:  0.0, Workers: 4
[33.915s][debug][gc,phases      ] GC(87)     Dead                           Min: 0, Avg:  0.0, Max: 0, Diff: 0, Sum: 0, Workers: 4
[33.915s][debug][gc,phases      ] GC(87)     Total                          Min: 0, Avg:  0.0, Max: 0, Diff: 0, Sum: 0, Workers: 4
[33.915s][debug][gc,phases      ] GC(87)   StringTable Weak               Min:  0.1, Avg:  0.1, Max:  0.1, Diff:  0.0, Sum:  0.3, Workers: 4
[33.915s][debug][gc,phases      ] GC(87)     Dead                           Min: 0, Avg:  2.8, Max: 11, Diff: 11, Sum: 11, Workers: 4
[33.915s][debug][gc,phases      ] GC(87)     Total                          Min: 8374, Avg: 10807.0, Max: 12799, Diff: 4425, Sum: 43228, Workers: 4
[33.915s][debug][gc,phases      ] GC(87)   ResolvedMethodTable Weak       Min:  0.0, Avg:  0.0, Max:  0.0, Diff:  0.0, Sum:  0.1, Workers: 4
[33.915s][debug][gc,phases      ] GC(87)     Dead                           Min: 0, Avg:  0.0, Max: 0, Diff: 0, Sum: 0, Workers: 4
[33.915s][debug][gc,phases      ] GC(87)     Total                          Min: 1664, Avg: 1874.0, Max: 2312, Diff: 648, Sum: 7496, Workers: 4
[33.915s][debug][gc,phases      ] GC(87)   JNI Weak                       Min:  0.0, Avg:  0.0, Max:  0.0, Diff:  0.0, Sum:  0.0, Workers: 4
[33.915s][debug][gc,phases      ] GC(87)     Dead                           Min: 0, Avg:  0.0, Max: 0, Diff: 0, Sum: 0, Workers: 4
[33.915s][debug][gc,phases      ] GC(87)     Total                          Min: 0, Avg:  0.0, Max: 0, Diff: 0, Sum: 0, Workers: 4
[33.915s][debug][gc,phases      ] GC(87)   StringDedup Table Weak         Min:  0.0, Avg:  0.0, Max:  0.0, Diff:  0.0, Sum:  0.0, Workers: 4
[33.915s][debug][gc,phases      ] GC(87)     Dead                           Min: 0, Avg:  0.0, Max: 0, Diff: 0, Sum: 0, Workers: 4
[33.915s][debug][gc,phases      ] GC(87)     Total                          Min: 0, Avg:  0.0, Max: 0, Diff: 0, Sum: 0, Workers: 4
[33.915s][debug][gc,phases      ] GC(87)   StringDedup Requests0 Weak     Min:  0.0, Avg:  0.0, Max:  0.0, Diff:  0.0, Sum:  0.0, Workers: 4
[33.915s][debug][gc,phases      ] GC(87)     Dead                           Min: 0, Avg:  0.0, Max: 0, Diff: 0, Sum: 0, Workers: 4
[33.915s][debug][gc,phases      ] GC(87)     Total                          Min: 0, Avg:  0.0, Max: 0, Diff: 0, Sum: 0, Workers: 4
[33.915s][debug][gc,phases      ] GC(87)   StringDedup Requests1 Weak     Min:  0.0, Avg:  0.0, Max:  0.0, Diff:  0.0, Sum:  0.0, Workers: 4
[33.915s][debug][gc,phases      ] GC(87)     Dead                           Min: 0, Avg:  0.0, Max: 0, Diff: 0, Sum: 0, Workers: 4
[33.915s][debug][gc,phases      ] GC(87)     Total                          Min: 0, Avg:  0.0, Max: 0, Diff: 0, Sum: 0, Workers: 4
[33.915s][debug][gc,phases      ] GC(87)   Weak JFR Old Object Samples    Min:  0.0, Avg:  0.0, Max:  0.0, Diff:  0.0, Sum:  0.0, Workers: 4
[33.915s][debug][gc,phases      ] GC(87)     Dead                           Min: 0, Avg:  0.0, Max: 0, Diff: 0, Sum: 0, Workers: 4
[33.915s][debug][gc,phases      ] GC(87)     Total                          Min: 0, Avg:  0.0, Max: 0, Diff: 0, Sum: 0, Workers: 4
[33.915s][debug][gc,phases      ] GC(87) Weak Processing 0.276ms
[33.915s][debug][gc,age         ] GC(87) Desired survivor size 88080384 bytes, new threshold 15 (max threshold 15)
[33.915s][info ][gc,heap        ] GC(87) PSYoungGen: 1976876K(2009600K)->55222K(2011136K) Eden: 1922560K(1922560K)->0K(1924608K) From: 54316K(87040K)->55222K(86528K)
[33.915s][info ][gc,heap        ] GC(87) ParOldGen: 578369K(683008K)->580097K(683008K)
[33.915s][info ][gc,metaspace   ] GC(87) Metaspace: 69911K(70656K)->69911K(70656K) NonClass: 59754K(60160K)->59754K(60160K) Class: 10157K(10496K)->10157K(10496K)
[33.915s][info ][gc             ] GC(87) Pause Young (Allocation Failure) 2495M->620M(2631M) 23.291ms
[33.915s][info ][gc,cpu         ] GC(87) User=0.09s Sys=0.00s Real=0.02s
[33.915s][info ][safepoint      ] Safepoint "ParallelGCFailedAllocation", Time since last: 311638498 ns, Reaching safepoint: 122101 ns, At safepoint: 23381975 ns, Total: 23504076 ns
[34.235s][info ][gc,start       ] GC(88) Pause Young (Allocation Failure)
[34.260s][debug][gc,phases      ] GC(88) Scavenge 24.909ms
[34.260s][debug][gc,ref         ] GC(88) Skipped phase 1 of Reference Processing: no references
[34.260s][debug][gc,ref         ] GC(88) ReferenceProcessor::execute queues: 1, RefProcThreadModel::Single, marks_oops_alive: false
[34.261s][debug][gc,ref         ] GC(88) Skipped phase 3 of Reference Processing: no references
[34.261s][debug][gc,ref         ] GC(88) ReferenceProcessor::execute queues: 1, RefProcThreadModel::Single, marks_oops_alive: false
[34.261s][debug][gc,phases      ] GC(88) Reference Processing 0.103ms
[34.261s][debug][gc,phases      ] GC(88)   VM Weak                        Min:  0.0, Avg:  0.0, Max:  0.0, Diff:  0.0, Sum:  0.0, Workers: 4
[34.261s][debug][gc,phases      ] GC(88)     Dead                           Min: 0, Avg:  0.0, Max: 0, Diff: 0, Sum: 0, Workers: 4
[34.261s][debug][gc,phases      ] GC(88)     Total                          Min: 0, Avg: 158.5, Max: 634, Diff: 634, Sum: 634, Workers: 4
[34.261s][debug][gc,phases      ] GC(88)   ObjectSynchronizer Weak        Min:  0.0, Avg:  0.0, Max:  0.0, Diff:  0.0, Sum:  0.0, Workers: 4
[34.261s][debug][gc,phases      ] GC(88)     Dead                           Min: 0, Avg:  0.0, Max: 0, Diff: 0, Sum: 0, Workers: 4
[34.261s][debug][gc,phases      ] GC(88)     Total                          Min: 0, Avg: 88.2, Max: 192, Diff: 192, Sum: 353, Workers: 4
[34.261s][debug][gc,phases      ] GC(88)   JVMTI Tag Weak OopStorage      Min:  0.0, Avg:  0.0, Max:  0.0, Diff:  0.0, Sum:  0.0, Workers: 4
[34.261s][debug][gc,phases      ] GC(88)     Dead                           Min: 0, Avg:  0.0, Max: 0, Diff: 0, Sum: 0, Workers: 4
[34.261s][debug][gc,phases      ] GC(88)     Total                          Min: 0, Avg:  0.0, Max: 0, Diff: 0, Sum: 0, Workers: 4
[34.261s][debug][gc,phases      ] GC(88)   StringTable Weak               Min:  0.1, Avg:  0.1, Max:  0.1, Diff:  0.0, Sum:  0.3, Workers: 4
[34.261s][debug][gc,phases      ] GC(88)     Dead                           Min: 0, Avg:  2.8, Max: 11, Diff: 11, Sum: 11, Workers: 4
[34.261s][debug][gc,phases      ] GC(88)     Total                          Min: 8681, Avg: 10807.8, Max: 11830, Diff: 3149, Sum: 43231, Workers: 4
[34.261s][debug][gc,phases      ] GC(88)   ResolvedMethodTable Weak       Min:  0.0, Avg:  0.0, Max:  0.0, Diff:  0.0, Sum:  0.1, Workers: 4
[34.261s][debug][gc,phases      ] GC(88)     Dead                           Min: 0, Avg:  0.0, Max: 0, Diff: 0, Sum: 0, Workers: 4
[34.261s][debug][gc,phases      ] GC(88)     Total                          Min: 1600, Avg: 1874.0, Max: 2048, Diff: 448, Sum: 7496, Workers: 4
[34.261s][debug][gc,phases      ] GC(88)   JNI Weak                       Min:  0.0, Avg:  0.0, Max:  0.0, Diff:  0.0, Sum:  0.0, Workers: 4
[34.261s][debug][gc,phases      ] GC(88)     Dead                           Min: 0, Avg:  0.0, Max: 0, Diff: 0, Sum: 0, Workers: 4
[34.261s][debug][gc,phases      ] GC(88)     Total                          Min: 0, Avg:  0.0, Max: 0, Diff: 0, Sum: 0, Workers: 4
[34.261s][debug][gc,phases      ] GC(88)   StringDedup Table Weak         Min:  0.0, Avg:  0.0, Max:  0.0, Diff:  0.0, Sum:  0.0, Workers: 4
[34.261s][debug][gc,phases      ] GC(88)     Dead                           Min: 0, Avg:  0.0, Max: 0, Diff: 0, Sum: 0, Workers: 4
[34.261s][debug][gc,phases      ] GC(88)     Total                          Min: 0, Avg:  0.0, Max: 0, Diff: 0, Sum: 0, Workers: 4
[34.261s][debug][gc,phases      ] GC(88)   StringDedup Requests0 Weak     Min:  0.0, Avg:  0.0, Max:  0.0, Diff:  0.0, Sum:  0.0, Workers: 4
[34.261s][debug][gc,phases      ] GC(88)     Dead                           Min: 0, Avg:  0.0, Max: 0, Diff: 0, Sum: 0, Workers: 4
[34.261s][debug][gc,phases      ] GC(88)     Total                          Min: 0, Avg:  0.0, Max: 0, Diff: 0, Sum: 0, Workers: 4
[34.261s][debug][gc,phases      ] GC(88)   StringDedup Requests1 Weak     Min:  0.0, Avg:  0.0, Max:  0.0, Diff:  0.0, Sum:  0.0, Workers: 4
[34.261s][debug][gc,phases      ] GC(88)     Dead                           Min: 0, Avg:  0.0, Max: 0, Diff: 0, Sum: 0, Workers: 4
[34.261s][debug][gc,phases      ] GC(88)     Total                          Min: 0, Avg:  0.0, Max: 0, Diff: 0, Sum: 0, Workers: 4
[34.261s][debug][gc,phases      ] GC(88)   Weak JFR Old Object Samples    Min:  0.0, Avg:  0.0, Max:  0.0, Diff:  0.0, Sum:  0.0, Workers: 4
[34.261s][debug][gc,phases      ] GC(88)     Dead                           Min: 0, Avg:  0.0, Max: 0, Diff: 0, Sum: 0, Workers: 4
[34.261s][debug][gc,phases      ] GC(88)     Total                          Min: 0, Avg:  0.0, Max: 0, Diff: 0, Sum: 0, Workers: 4
[34.261s][debug][gc,phases      ] GC(88) Weak Processing 0.243ms
[34.261s][debug][gc,age         ] GC(88) Desired survivor size 88080384 bytes, new threshold 15 (max threshold 15)
[34.261s][info ][gc,heap        ] GC(88) PSYoungGen: 1979830K(2011136K)->57711K(2010624K) Eden: 1924608K(1924608K)->0K(1924608K) From: 55222K(86528K)->57711K(86016K)
[34.261s][info ][gc,heap        ] GC(88) ParOldGen: 580097K(683008K)->582137K(683008K)
[34.261s][info ][gc,metaspace   ] GC(88) Metaspace: 69915K(70656K)->69915K(70656K) NonClass: 59757K(60160K)->59757K(60160K) Class: 10157K(10496K)->10157K(10496K)
[34.261s][info ][gc             ] GC(88) Pause Young (Allocation Failure) 2499M->624M(2630M) 25.362ms
[34.261s][info ][gc,cpu         ] GC(88) User=0.10s Sys=0.00s Real=0.03s
[34.261s][info ][safepoint      ] Safepoint "ParallelGCFailedAllocation", Time since last: 320588727 ns, Reaching safepoint: 115201 ns, At safepoint: 25453881 ns, Total: 25569082 ns
[34.596s][info ][gc,start       ] GC(89) Pause Young (Allocation Failure)
[34.623s][debug][gc,phases      ] GC(89) Scavenge 27.092ms
[34.623s][debug][gc,ref         ] GC(89) Skipped phase 1 of Reference Processing: no references
[34.623s][debug][gc,ref         ] GC(89) ReferenceProcessor::execute queues: 1, RefProcThreadModel::Single, marks_oops_alive: false
[34.623s][debug][gc,ref         ] GC(89) Skipped phase 3 of Reference Processing: no references
[34.623s][debug][gc,ref         ] GC(89) ReferenceProcessor::execute queues: 1, RefProcThreadModel::Single, marks_oops_alive: false
[34.623s][debug][gc,phases      ] GC(89) Reference Processing 0.143ms
[34.624s][debug][gc,phases      ] GC(89)   VM Weak                        Min:  0.0, Avg:  0.0, Max:  0.0, Diff:  0.0, Sum:  0.0, Workers: 4
[34.624s][debug][gc,phases      ] GC(89)     Dead                           Min: 0, Avg:  0.0, Max: 0, Diff: 0, Sum: 0, Workers: 4
[34.624s][debug][gc,phases      ] GC(89)     Total                          Min: 0, Avg: 158.5, Max: 384, Diff: 384, Sum: 634, Workers: 4
[34.624s][debug][gc,phases      ] GC(89)   ObjectSynchronizer Weak        Min:  0.0, Avg:  0.0, Max:  0.0, Diff:  0.0, Sum:  0.0, Workers: 4
[34.624s][debug][gc,phases      ] GC(89)     Dead                           Min: 0, Avg:  0.0, Max: 0, Diff: 0, Sum: 0, Workers: 4
[34.624s][debug][gc,phases      ] GC(89)     Total                          Min: 0, Avg: 88.2, Max: 192, Diff: 192, Sum: 353, Workers: 4
[34.624s][debug][gc,phases      ] GC(89)   JVMTI Tag Weak OopStorage      Min:  0.0, Avg:  0.0, Max:  0.0, Diff:  0.0, Sum:  0.0, Workers: 4
[34.624s][debug][gc,phases      ] GC(89)     Dead                           Min: 0, Avg:  0.0, Max: 0, Diff: 0, Sum: 0, Workers: 4
[34.624s][debug][gc,phases      ] GC(89)     Total                          Min: 0, Avg:  0.0, Max: 0, Diff: 0, Sum: 0, Workers: 4
[34.624s][debug][gc,phases      ] GC(89)   StringTable Weak               Min:  0.1, Avg:  0.1, Max:  0.1, Diff:  0.0, Sum:  0.4, Workers: 4
[34.624s][debug][gc,phases      ] GC(89)     Dead                           Min: 0, Avg:  0.0, Max: 0, Diff: 0, Sum: 0, Workers: 4
[34.624s][debug][gc,phases      ] GC(89)     Total                          Min: 10432, Avg: 10808.8, Max: 11257, Diff: 825, Sum: 43235, Workers: 4
[34.624s][debug][gc,phases      ] GC(89)   ResolvedMethodTable Weak       Min:  0.0, Avg:  0.0, Max:  0.0, Diff:  0.0, Sum:  0.1, Workers: 4
[34.624s][debug][gc,phases      ] GC(89)     Dead                           Min: 0, Avg:  0.0, Max: 0, Diff: 0, Sum: 0, Workers: 4
[34.624s][debug][gc,phases      ] GC(89)     Total                          Min: 1800, Avg: 1874.0, Max: 1984, Diff: 184, Sum: 7496, Workers: 4
[34.624s][debug][gc,phases      ] GC(89)   JNI Weak                       Min:  0.0, Avg:  0.0, Max:  0.0, Diff:  0.0, Sum:  0.0, Workers: 4
[34.624s][debug][gc,phases      ] GC(89)     Dead                           Min: 0, Avg:  0.0, Max: 0, Diff: 0, Sum: 0, Workers: 4
[34.624s][debug][gc,phases      ] GC(89)     Total                          Min: 0, Avg:  0.2, Max: 1, Diff: 1, Sum: 1, Workers: 4
[34.624s][debug][gc,phases      ] GC(89)   StringDedup Table Weak         Min:  0.0, Avg:  0.0, Max:  0.0, Diff:  0.0, Sum:  0.0, Workers: 4
[34.624s][debug][gc,phases      ] GC(89)     Dead                           Min: 0, Avg:  0.0, Max: 0, Diff: 0, Sum: 0, Workers: 4
[34.624s][debug][gc,phases      ] GC(89)     Total                          Min: 0, Avg:  0.0, Max: 0, Diff: 0, Sum: 0, Workers: 4
[34.624s][debug][gc,phases      ] GC(89)   StringDedup Requests0 Weak     Min:  0.0, Avg:  0.0, Max:  0.0, Diff:  0.0, Sum:  0.0, Workers: 4
[34.624s][debug][gc,phases      ] GC(89)     Dead                           Min: 0, Avg:  0.0, Max: 0, Diff: 0, Sum: 0, Workers: 4
[34.624s][debug][gc,phases      ] GC(89)     Total                          Min: 0, Avg:  0.0, Max: 0, Diff: 0, Sum: 0, Workers: 4
[34.624s][debug][gc,phases      ] GC(89)   StringDedup Requests1 Weak     Min:  0.0, Avg:  0.0, Max:  0.0, Diff:  0.0, Sum:  0.0, Workers: 4
[34.624s][debug][gc,phases      ] GC(89)     Dead                           Min: 0, Avg:  0.0, Max: 0, Diff: 0, Sum: 0, Workers: 4
[34.624s][debug][gc,phases      ] GC(89)     Total                          Min: 0, Avg:  0.0, Max: 0, Diff: 0, Sum: 0, Workers: 4
[34.624s][debug][gc,phases      ] GC(89)   Weak JFR Old Object Samples    Min:  0.0, Avg:  0.0, Max:  0.0, Diff:  0.0, Sum:  0.0, Workers: 4
[34.624s][debug][gc,phases      ] GC(89)     Dead                           Min: 0, Avg:  0.0, Max: 0, Diff: 0, Sum: 0, Workers: 4
[34.624s][debug][gc,phases      ] GC(89)     Total                          Min: 0, Avg:  0.0, Max: 0, Diff: 0, Sum: 0, Workers: 4
[34.624s][debug][gc,phases      ] GC(89) Weak Processing 0.291ms
[34.624s][debug][gc,age         ] GC(89) Desired survivor size 87556096 bytes, new threshold 15 (max threshold 15)
[34.624s][info ][gc,heap        ] GC(89) PSYoungGen: 1982319K(2010624K)->57254K(2011648K) Eden: 1924608K(1924608K)->0K(1925632K) From: 57711K(86016K)->57254K(86016K)
[34.624s][info ][gc,heap        ] GC(89) ParOldGen: 582137K(683008K)->585825K(683008K)
[34.624s][info ][gc,metaspace   ] GC(89) Metaspace: 69915K(70656K)->69915K(70656K) NonClass: 59757K(60160K)->59757K(60160K) Class: 10157K(10496K)->10157K(10496K)
[34.624s][info ][gc             ] GC(89) Pause Young (Allocation Failure) 2504M->628M(2631M) 27.651ms
[34.624s][info ][gc,cpu         ] GC(89) User=0.12s Sys=0.00s Real=0.02s
[34.624s][info ][safepoint      ] Safepoint "ParallelGCFailedAllocation", Time since last: 335015374 ns, Reaching safepoint: 272501 ns, At safepoint: 27776089 ns, Total: 28048590 ns
[34.940s][info ][gc,start       ] GC(90) Pause Young (Allocation Failure)
[34.968s][debug][gc,phases      ] GC(90) Scavenge 28.855ms
[34.968s][debug][gc,ref         ] GC(90) Skipped phase 1 of Reference Processing: no references
[34.969s][debug][gc,ref         ] GC(90) ReferenceProcessor::execute queues: 1, RefProcThreadModel::Single, marks_oops_alive: false
[34.969s][debug][gc,ref         ] GC(90) Skipped phase 3 of Reference Processing: no references
[34.969s][debug][gc,ref         ] GC(90) ReferenceProcessor::execute queues: 1, RefProcThreadModel::Single, marks_oops_alive: false
[34.969s][debug][gc,phases      ] GC(90) Reference Processing 0.120ms
[34.969s][debug][gc,phases      ] GC(90)   VM Weak                        Min:  0.0, Avg:  0.0, Max:  0.0, Diff:  0.0, Sum:  0.0, Workers: 4
[34.969s][debug][gc,phases      ] GC(90)     Dead                           Min: 0, Avg:  0.0, Max: 0, Diff: 0, Sum: 0, Workers: 4
[34.969s][debug][gc,phases      ] GC(90)     Total                          Min: 0, Avg: 158.5, Max: 570, Diff: 570, Sum: 634, Workers: 4
[34.969s][debug][gc,phases      ] GC(90)   ObjectSynchronizer Weak        Min:  0.0, Avg:  0.0, Max:  0.0, Diff:  0.0, Sum:  0.0, Workers: 4
[34.969s][debug][gc,phases      ] GC(90)     Dead                           Min: 0, Avg:  0.0, Max: 0, Diff: 0, Sum: 0, Workers: 4
[34.969s][debug][gc,phases      ] GC(90)     Total                          Min: 0, Avg: 88.2, Max: 289, Diff: 289, Sum: 353, Workers: 4
[34.969s][debug][gc,phases      ] GC(90)   JVMTI Tag Weak OopStorage      Min:  0.0, Avg:  0.0, Max:  0.0, Diff:  0.0, Sum:  0.0, Workers: 4
[34.969s][debug][gc,phases      ] GC(90)     Dead                           Min: 0, Avg:  0.0, Max: 0, Diff: 0, Sum: 0, Workers: 4
[34.969s][debug][gc,phases      ] GC(90)     Total                          Min: 0, Avg:  0.0, Max: 0, Diff: 0, Sum: 0, Workers: 4
[34.969s][debug][gc,phases      ] GC(90)   StringTable Weak               Min:  0.1, Avg:  0.1, Max:  0.1, Diff:  0.0, Sum:  0.3, Workers: 4
[34.969s][debug][gc,phases      ] GC(90)     Dead                           Min: 0, Avg:  2.8, Max: 7, Diff: 7, Sum: 11, Workers: 4
[34.969s][debug][gc,phases      ] GC(90)     Total                          Min: 8640, Avg: 10812.5, Max: 14016, Diff: 5376, Sum: 43250, Workers: 4
[34.969s][debug][gc,phases      ] GC(90)   ResolvedMethodTable Weak       Min:  0.0, Avg:  0.0, Max:  0.0, Diff:  0.0, Sum:  0.1, Workers: 4
[34.969s][debug][gc,phases      ] GC(90)     Dead                           Min: 0, Avg:  0.0, Max: 0, Diff: 0, Sum: 0, Workers: 4
[34.969s][debug][gc,phases      ] GC(90)     Total                          Min: 1536, Avg: 1874.0, Max: 2184, Diff: 648, Sum: 7496, Workers: 4
[34.969s][debug][gc,phases      ] GC(90)   JNI Weak                       Min:  0.0, Avg:  0.0, Max:  0.0, Diff:  0.0, Sum:  0.0, Workers: 4
[34.969s][debug][gc,phases      ] GC(90)     Dead                           Min: 0, Avg:  0.0, Max: 0, Diff: 0, Sum: 0, Workers: 4
[34.969s][debug][gc,phases      ] GC(90)     Total                          Min: 0, Avg:  0.0, Max: 0, Diff: 0, Sum: 0, Workers: 4
[34.969s][debug][gc,phases      ] GC(90)   StringDedup Table Weak         Min:  0.0, Avg:  0.0, Max:  0.0, Diff:  0.0, Sum:  0.0, Workers: 4
[34.969s][debug][gc,phases      ] GC(90)     Dead                           Min: 0, Avg:  0.0, Max: 0, Diff: 0, Sum: 0, Workers: 4
[34.969s][debug][gc,phases      ] GC(90)     Total                          Min: 0, Avg:  0.0, Max: 0, Diff: 0, Sum: 0, Workers: 4
[34.969s][debug][gc,phases      ] GC(90)   StringDedup Requests0 Weak     Min:  0.0, Avg:  0.0, Max:  0.0, Diff:  0.0, Sum:  0.0, Workers: 4
[34.969s][debug][gc,phases      ] GC(90)     Dead                           Min: 0, Avg:  0.0, Max: 0, Diff: 0, Sum: 0, Workers: 4
[34.969s][debug][gc,phases      ] GC(90)     Total                          Min: 0, Avg:  0.0, Max: 0, Diff: 0, Sum: 0, Workers: 4
[34.969s][debug][gc,phases      ] GC(90)   StringDedup Requests1 Weak     Min:  0.0, Avg:  0.0, Max:  0.0, Diff:  0.0, Sum:  0.0, Workers: 4
[34.969s][debug][gc,phases      ] GC(90)     Dead                           Min: 0, Avg:  0.0, Max: 0, Diff: 0, Sum: 0, Workers: 4
[34.969s][debug][gc,phases      ] GC(90)     Total                          Min: 0, Avg:  0.0, Max: 0, Diff: 0, Sum: 0, Workers: 4
[34.969s][debug][gc,phases      ] GC(90)   Weak JFR Old Object Samples    Min:  0.0, Avg:  0.0, Max:  0.0, Diff:  0.0, Sum:  0.0, Workers: 4
[34.969s][debug][gc,phases      ] GC(90)     Dead                           Min: 0, Avg:  0.0, Max: 0, Diff: 0, Sum: 0, Workers: 4
[34.969s][debug][gc,phases      ] GC(90)     Total                          Min: 0, Avg:  0.0, Max: 0, Diff: 0, Sum: 0, Workers: 4
[34.969s][debug][gc,phases      ] GC(90) Weak Processing 0.292ms
[34.969s][debug][gc,age         ] GC(90) Desired survivor size 87556096 bytes, new threshold 15 (max threshold 15)
[34.969s][info ][gc,heap        ] GC(90) PSYoungGen: 1982886K(2011648K)->58672K(2011136K) Eden: 1925632K(1925632K)->0K(1925632K) From: 57254K(86016K)->58672K(85504K)
[34.969s][info ][gc,heap        ] GC(90) ParOldGen: 585825K(683008K)->587579K(683008K)
[34.969s][info ][gc,metaspace   ] GC(90) Metaspace: 69916K(70656K)->69916K(70656K) NonClass: 59758K(60160K)->59758K(60160K) Class: 10157K(10496K)->10157K(10496K)
[34.969s][info ][gc             ] GC(90) Pause Young (Allocation Failure) 2508M->631M(2631M) 29.403ms
[34.969s][info ][gc,cpu         ] GC(90) User=0.10s Sys=0.00s Real=0.03s
[34.969s][info ][safepoint      ] Safepoint "ParallelGCFailedAllocation", Time since last: 315469311 ns, Reaching safepoint: 122301 ns, At safepoint: 29517595 ns, Total: 29639896 ns
[35.280s][info ][gc,start       ] GC(91) Pause Young (Allocation Failure)
[35.306s][debug][gc,phases      ] GC(91) Scavenge 25.713ms
[35.306s][debug][gc,ref         ] GC(91) Skipped phase 1 of Reference Processing: no references
[35.306s][debug][gc,ref         ] GC(91) ReferenceProcessor::execute queues: 1, RefProcThreadModel::Single, marks_oops_alive: false
[35.306s][debug][gc,ref         ] GC(91) Skipped phase 3 of Reference Processing: no references
[35.306s][debug][gc,ref         ] GC(91) ReferenceProcessor::execute queues: 1, RefProcThreadModel::Single, marks_oops_alive: false
[35.306s][debug][gc,phases      ] GC(91) Reference Processing 0.116ms
[35.306s][debug][gc,phases      ] GC(91)   VM Weak                        Min:  0.0, Avg:  0.0, Max:  0.0, Diff:  0.0, Sum:  0.0, Workers: 4
[35.306s][debug][gc,phases      ] GC(91)     Dead                           Min: 0, Avg:  0.0, Max: 0, Diff: 0, Sum: 0, Workers: 4
[35.306s][debug][gc,phases      ] GC(91)     Total                          Min: 0, Avg: 158.5, Max: 506, Diff: 506, Sum: 634, Workers: 4
[35.306s][debug][gc,phases      ] GC(91)   ObjectSynchronizer Weak        Min:  0.0, Avg:  0.0, Max:  0.0, Diff:  0.0, Sum:  0.0, Workers: 4
[35.306s][debug][gc,phases      ] GC(91)     Dead                           Min: 0, Avg:  0.0, Max: 0, Diff: 0, Sum: 0, Workers: 4
[35.306s][debug][gc,phases      ] GC(91)     Total                          Min: 0, Avg: 88.2, Max: 225, Diff: 225, Sum: 353, Workers: 4
[35.306s][debug][gc,phases      ] GC(91)   JVMTI Tag Weak OopStorage      Min:  0.0, Avg:  0.0, Max:  0.0, Diff:  0.0, Sum:  0.0, Workers: 4
[35.306s][debug][gc,phases      ] GC(91)     Dead                           Min: 0, Avg:  0.0, Max: 0, Diff: 0, Sum: 0, Workers: 4
[35.306s][debug][gc,phases      ] GC(91)     Total                          Min: 0, Avg:  0.0, Max: 0, Diff: 0, Sum: 0, Workers: 4
[35.306s][debug][gc,phases      ] GC(91)   StringTable Weak               Min:  0.1, Avg:  0.1, Max:  0.1, Diff:  0.0, Sum:  0.3, Workers: 4
[35.306s][debug][gc,phases      ] GC(91)     Dead                           Min: 0, Avg:  2.8, Max: 11, Diff: 11, Sum: 11, Workers: 4
[35.306s][debug][gc,phases      ] GC(91)     Total                          Min: 8960, Avg: 10812.8, Max: 12544, Diff: 3584, Sum: 43251, Workers: 4
[35.306s][debug][gc,phases      ] GC(91)   ResolvedMethodTable Weak       Min:  0.0, Avg:  0.0, Max:  0.0, Diff:  0.0, Sum:  0.1, Workers: 4
[35.306s][debug][gc,phases      ] GC(91)     Dead                           Min: 0, Avg:  0.0, Max: 0, Diff: 0, Sum: 0, Workers: 4
[35.306s][debug][gc,phases      ] GC(91)     Total                          Min: 1600, Avg: 1874.0, Max: 2184, Diff: 584, Sum: 7496, Workers: 4
[35.306s][debug][gc,phases      ] GC(91)   JNI Weak                       Min:  0.0, Avg:  0.0, Max:  0.0, Diff:  0.0, Sum:  0.0, Workers: 4
[35.306s][debug][gc,phases      ] GC(91)     Dead                           Min: 0, Avg:  0.0, Max: 0, Diff: 0, Sum: 0, Workers: 4
[35.306s][debug][gc,phases      ] GC(91)     Total                          Min: 0, Avg:  0.0, Max: 0, Diff: 0, Sum: 0, Workers: 4
[35.306s][debug][gc,phases      ] GC(91)   StringDedup Table Weak         Min:  0.0, Avg:  0.0, Max:  0.0, Diff:  0.0, Sum:  0.0, Workers: 4
[35.306s][debug][gc,phases      ] GC(91)     Dead                           Min: 0, Avg:  0.0, Max: 0, Diff: 0, Sum: 0, Workers: 4
[35.306s][debug][gc,phases      ] GC(91)     Total                          Min: 0, Avg:  0.0, Max: 0, Diff: 0, Sum: 0, Workers: 4
[35.306s][debug][gc,phases      ] GC(91)   StringDedup Requests0 Weak     Min:  0.0, Avg:  0.0, Max:  0.0, Diff:  0.0, Sum:  0.0, Workers: 4
[35.306s][debug][gc,phases      ] GC(91)     Dead                           Min: 0, Avg:  0.0, Max: 0, Diff: 0, Sum: 0, Workers: 4
[35.306s][debug][gc,phases      ] GC(91)     Total                          Min: 0, Avg:  0.0, Max: 0, Diff: 0, Sum: 0, Workers: 4
[35.306s][debug][gc,phases      ] GC(91)   StringDedup Requests1 Weak     Min:  0.0, Avg:  0.0, Max:  0.0, Diff:  0.0, Sum:  0.0, Workers: 4
[35.306s][debug][gc,phases      ] GC(91)     Dead                           Min: 0, Avg:  0.0, Max: 0, Diff: 0, Sum: 0, Workers: 4
[35.306s][debug][gc,phases      ] GC(91)     Total                          Min: 0, Avg:  0.0, Max: 0, Diff: 0, Sum: 0, Workers: 4
[35.306s][debug][gc,phases      ] GC(91)   Weak JFR Old Object Samples    Min:  0.0, Avg:  0.0, Max:  0.0, Diff:  0.0, Sum:  0.0, Workers: 4
[35.306s][debug][gc,phases      ] GC(91)     Dead                           Min: 0, Avg:  0.0, Max: 0, Diff: 0, Sum: 0, Workers: 4
[35.306s][debug][gc,phases      ] GC(91)     Total                          Min: 0, Avg:  0.0, Max: 0, Diff: 0, Sum: 0, Workers: 4
[35.306s][debug][gc,phases      ] GC(91) Weak Processing 0.269ms
[35.306s][debug][gc,age         ] GC(91) Desired survivor size 85458944 bytes, new threshold 15 (max threshold 15)
[35.306s][info ][gc,heap        ] GC(91) PSYoungGen: 1984304K(2011136K)->53633K(2013696K) Eden: 1925632K(1925632K)->0K(1928192K) From: 58672K(85504K)->53633K(85504K)
[35.306s][info ][gc,heap        ] GC(91) ParOldGen: 587579K(683008K)->597259K(683008K)
[35.306s][info ][gc,metaspace   ] GC(91) Metaspace: 69925K(70656K)->69925K(70656K) NonClass: 59767K(60160K)->59767K(60160K) Class: 10157K(10496K)->10157K(10496K)
[35.306s][info ][gc             ] GC(91) Pause Young (Allocation Failure) 2511M->635M(2633M) 26.224ms
[35.306s][info ][gc,cpu         ] GC(91) User=0.10s Sys=0.00s Real=0.03s
[35.306s][info ][safepoint      ] Safepoint "ParallelGCFailedAllocation", Time since last: 310724296 ns, Reaching safepoint: 131000 ns, At safepoint: 26319385 ns, Total: 26450385 ns
[35.636s][info ][gc,start       ] GC(92) Pause Young (Allocation Failure)
[35.663s][debug][gc,phases      ] GC(92) Scavenge 26.715ms
[35.663s][debug][gc,ref         ] GC(92) Skipped phase 1 of Reference Processing: no references
[35.663s][debug][gc,ref         ] GC(92) ReferenceProcessor::execute queues: 1, RefProcThreadModel::Single, marks_oops_alive: false
[35.663s][debug][gc,ref         ] GC(92) Skipped phase 3 of Reference Processing: no references
[35.663s][debug][gc,ref         ] GC(92) ReferenceProcessor::execute queues: 1, RefProcThreadModel::Single, marks_oops_alive: false
[35.663s][debug][gc,phases      ] GC(92) Reference Processing 0.103ms
[35.663s][debug][gc,phases      ] GC(92)   VM Weak                        Min:  0.0, Avg:  0.0, Max:  0.0, Diff:  0.0, Sum:  0.0, Workers: 4
[35.663s][debug][gc,phases      ] GC(92)     Dead                           Min: 0, Avg:  0.0, Max: 0, Diff: 0, Sum: 0, Workers: 4
[35.663s][debug][gc,phases      ] GC(92)     Total                          Min: 0, Avg: 158.5, Max: 320, Diff: 320, Sum: 634, Workers: 4
[35.663s][debug][gc,phases      ] GC(92)   ObjectSynchronizer Weak        Min:  0.0, Avg:  0.0, Max:  0.0, Diff:  0.0, Sum:  0.0, Workers: 4
[35.663s][debug][gc,phases      ] GC(92)     Dead                           Min: 0, Avg:  0.0, Max: 0, Diff: 0, Sum: 0, Workers: 4
[35.663s][debug][gc,phases      ] GC(92)     Total                          Min: 0, Avg: 88.2, Max: 192, Diff: 192, Sum: 353, Workers: 4
[35.663s][debug][gc,phases      ] GC(92)   JVMTI Tag Weak OopStorage      Min:  0.0, Avg:  0.0, Max:  0.0, Diff:  0.0, Sum:  0.0, Workers: 4
[35.663s][debug][gc,phases      ] GC(92)     Dead                           Min: 0, Avg:  0.0, Max: 0, Diff: 0, Sum: 0, Workers: 4
[35.663s][debug][gc,phases      ] GC(92)     Total                          Min: 0, Avg:  0.0, Max: 0, Diff: 0, Sum: 0, Workers: 4
[35.663s][debug][gc,phases      ] GC(92)   StringTable Weak               Min:  0.1, Avg:  0.1, Max:  0.1, Diff:  0.0, Sum:  0.3, Workers: 4
[35.663s][debug][gc,phases      ] GC(92)     Dead                           Min: 0, Avg:  0.0, Max: 0, Diff: 0, Sum: 0, Workers: 4
[35.663s][debug][gc,phases      ] GC(92)     Total                          Min: 8378, Avg: 10812.8, Max: 13305, Diff: 4927, Sum: 43251, Workers: 4
[35.663s][debug][gc,phases      ] GC(92)   ResolvedMethodTable Weak       Min:  0.0, Avg:  0.0, Max:  0.0, Diff:  0.0, Sum:  0.1, Workers: 4
[35.663s][debug][gc,phases      ] GC(92)     Dead                           Min: 0, Avg:  0.0, Max: 0, Diff: 0, Sum: 0, Workers: 4
[35.663s][debug][gc,phases      ] GC(92)     Total                          Min: 1480, Avg: 1874.0, Max: 2304, Diff: 824, Sum: 7496, Workers: 4
[35.663s][debug][gc,phases      ] GC(92)   JNI Weak                       Min:  0.0, Avg:  0.0, Max:  0.0, Diff:  0.0, Sum:  0.0, Workers: 4
[35.663s][debug][gc,phases      ] GC(92)     Dead                           Min: 0, Avg:  0.0, Max: 0, Diff: 0, Sum: 0, Workers: 4
[35.663s][debug][gc,phases      ] GC(92)     Total                          Min: 0, Avg:  0.0, Max: 0, Diff: 0, Sum: 0, Workers: 4
[35.663s][debug][gc,phases      ] GC(92)   StringDedup Table Weak         Min:  0.0, Avg:  0.0, Max:  0.0, Diff:  0.0, Sum:  0.0, Workers: 4
[35.663s][debug][gc,phases      ] GC(92)     Dead                           Min: 0, Avg:  0.0, Max: 0, Diff: 0, Sum: 0, Workers: 4
[35.663s][debug][gc,phases      ] GC(92)     Total                          Min: 0, Avg:  0.0, Max: 0, Diff: 0, Sum: 0, Workers: 4
[35.663s][debug][gc,phases      ] GC(92)   StringDedup Requests0 Weak     Min:  0.0, Avg:  0.0, Max:  0.0, Diff:  0.0, Sum:  0.0, Workers: 4
[35.663s][debug][gc,phases      ] GC(92)     Dead                           Min: 0, Avg:  0.0, Max: 0, Diff: 0, Sum: 0, Workers: 4
[35.663s][debug][gc,phases      ] GC(92)     Total                          Min: 0, Avg:  0.0, Max: 0, Diff: 0, Sum: 0, Workers: 4
[35.663s][debug][gc,phases      ] GC(92)   StringDedup Requests1 Weak     Min:  0.0, Avg:  0.0, Max:  0.0, Diff:  0.0, Sum:  0.0, Workers: 4
[35.663s][debug][gc,phases      ] GC(92)     Dead                           Min: 0, Avg:  0.0, Max: 0, Diff: 0, Sum: 0, Workers: 4
[35.663s][debug][gc,phases      ] GC(92)     Total                          Min: 0, Avg:  0.0, Max: 0, Diff: 0, Sum: 0, Workers: 4
[35.663s][debug][gc,phases      ] GC(92)   Weak JFR Old Object Samples    Min:  0.0, Avg:  0.0, Max:  0.0, Diff:  0.0, Sum:  0.0, Workers: 4
[35.663s][debug][gc,phases      ] GC(92)     Dead                           Min: 0, Avg:  0.0, Max: 0, Diff: 0, Sum: 0, Workers: 4
[35.663s][debug][gc,phases      ] GC(92)     Total                          Min: 0, Avg:  0.0, Max: 0, Diff: 0, Sum: 0, Workers: 4
[35.663s][debug][gc,phases      ] GC(92) Weak Processing 0.260ms
[35.663s][debug][gc,age         ] GC(92) Desired survivor size 83361792 bytes, new threshold 15 (max threshold 15)
[35.663s][info ][gc,heap        ] GC(92) PSYoungGen: 1981825K(2013696K)->53984K(2011648K) Eden: 1928192K(1928192K)->0K(1928192K) From: 53633K(85504K)->53984K(83456K)
[35.663s][info ][gc,heap        ] GC(92) ParOldGen: 597259K(683008K)->600120K(683008K)
[35.663s][info ][gc,metaspace   ] GC(92) Metaspace: 69925K(70656K)->69925K(70656K) NonClass: 59767K(60160K)->59767K(60160K) Class: 10157K(10496K)->10157K(10496K)
[35.663s][info ][gc             ] GC(92) Pause Young (Allocation Failure) 2518M->638M(2631M) 27.195ms
[35.663s][info ][gc,cpu         ] GC(92) User=0.09s Sys=0.00s Real=0.02s
[35.663s][info ][safepoint      ] Safepoint "ParallelGCFailedAllocation", Time since last: 329571856 ns, Reaching safepoint: 138701 ns, At safepoint: 27299587 ns, Total: 27438288 ns
[35.987s][info ][gc,start       ] GC(93) Pause Young (Allocation Failure)
[36.013s][debug][gc,phases      ] GC(93) Scavenge 25.937ms
[36.013s][debug][gc,ref         ] GC(93) Skipped phase 1 of Reference Processing: no references
[36.013s][debug][gc,ref         ] GC(93) ReferenceProcessor::execute queues: 1, RefProcThreadModel::Single, marks_oops_alive: false
[36.013s][debug][gc,ref         ] GC(93) Skipped phase 3 of Reference Processing: no references
[36.013s][debug][gc,ref         ] GC(93) ReferenceProcessor::execute queues: 1, RefProcThreadModel::Single, marks_oops_alive: false
[36.013s][debug][gc,phases      ] GC(93) Reference Processing 0.105ms
[36.013s][debug][gc,phases      ] GC(93)   VM Weak                        Min:  0.0, Avg:  0.0, Max:  0.0, Diff:  0.0, Sum:  0.0, Workers: 4
[36.013s][debug][gc,phases      ] GC(93)     Dead                           Min: 0, Avg:  0.0, Max: 0, Diff: 0, Sum: 0, Workers: 4
[36.013s][debug][gc,phases      ] GC(93)     Total                          Min: 0, Avg: 158.5, Max: 506, Diff: 506, Sum: 634, Workers: 4
[36.013s][debug][gc,phases      ] GC(93)   ObjectSynchronizer Weak        Min:  0.0, Avg:  0.0, Max:  0.0, Diff:  0.0, Sum:  0.0, Workers: 4
[36.013s][debug][gc,phases      ] GC(93)     Dead                           Min: 0, Avg:  0.0, Max: 0, Diff: 0, Sum: 0, Workers: 4
[36.013s][debug][gc,phases      ] GC(93)     Total                          Min: 0, Avg: 88.2, Max: 192, Diff: 192, Sum: 353, Workers: 4
[36.013s][debug][gc,phases      ] GC(93)   JVMTI Tag Weak OopStorage      Min:  0.0, Avg:  0.0, Max:  0.0, Diff:  0.0, Sum:  0.0, Workers: 4
[36.013s][debug][gc,phases      ] GC(93)     Dead                           Min: 0, Avg:  0.0, Max: 0, Diff: 0, Sum: 0, Workers: 4
[36.013s][debug][gc,phases      ] GC(93)     Total                          Min: 0, Avg:  0.0, Max: 0, Diff: 0, Sum: 0, Workers: 4
[36.013s][debug][gc,phases      ] GC(93)   StringTable Weak               Min:  0.1, Avg:  0.1, Max:  0.1, Diff:  0.0, Sum:  0.3, Workers: 4
[36.013s][debug][gc,phases      ] GC(93)     Dead                           Min: 0, Avg:  2.8, Max: 7, Diff: 7, Sum: 11, Workers: 4
[36.013s][debug][gc,phases      ] GC(93)     Total                          Min: 8629, Avg: 10813.2, Max: 12992, Diff: 4363, Sum: 43253, Workers: 4
[36.013s][debug][gc,phases      ] GC(93)   ResolvedMethodTable Weak       Min:  0.0, Avg:  0.0, Max:  0.0, Diff:  0.0, Sum:  0.1, Workers: 4
[36.013s][debug][gc,phases      ] GC(93)     Dead                           Min: 0, Avg:  0.0, Max: 0, Diff: 0, Sum: 0, Workers: 4
[36.013s][debug][gc,phases      ] GC(93)     Total                          Min: 1472, Avg: 1874.0, Max: 2304, Diff: 832, Sum: 7496, Workers: 4
[36.013s][debug][gc,phases      ] GC(93)   JNI Weak                       Min:  0.0, Avg:  0.0, Max:  0.0, Diff:  0.0, Sum:  0.0, Workers: 4
[36.013s][debug][gc,phases      ] GC(93)     Dead                           Min: 0, Avg:  0.0, Max: 0, Diff: 0, Sum: 0, Workers: 4
[36.013s][debug][gc,phases      ] GC(93)     Total                          Min: 0, Avg:  0.2, Max: 1, Diff: 1, Sum: 1, Workers: 4
[36.013s][debug][gc,phases      ] GC(93)   StringDedup Table Weak         Min:  0.0, Avg:  0.0, Max:  0.0, Diff:  0.0, Sum:  0.0, Workers: 4
[36.013s][debug][gc,phases      ] GC(93)     Dead                           Min: 0, Avg:  0.0, Max: 0, Diff: 0, Sum: 0, Workers: 4
[36.013s][debug][gc,phases      ] GC(93)     Total                          Min: 0, Avg:  0.0, Max: 0, Diff: 0, Sum: 0, Workers: 4
[36.013s][debug][gc,phases      ] GC(93)   StringDedup Requests0 Weak     Min:  0.0, Avg:  0.0, Max:  0.0, Diff:  0.0, Sum:  0.0, Workers: 4
[36.013s][debug][gc,phases      ] GC(93)     Dead                           Min: 0, Avg:  0.0, Max: 0, Diff: 0, Sum: 0, Workers: 4
[36.013s][debug][gc,phases      ] GC(93)     Total                          Min: 0, Avg:  0.0, Max: 0, Diff: 0, Sum: 0, Workers: 4
[36.013s][debug][gc,phases      ] GC(93)   StringDedup Requests1 Weak     Min:  0.0, Avg:  0.0, Max:  0.0, Diff:  0.0, Sum:  0.0, Workers: 4
[36.013s][debug][gc,phases      ] GC(93)     Dead                           Min: 0, Avg:  0.0, Max: 0, Diff: 0, Sum: 0, Workers: 4
[36.013s][debug][gc,phases      ] GC(93)     Total                          Min: 0, Avg:  0.0, Max: 0, Diff: 0, Sum: 0, Workers: 4
[36.013s][debug][gc,phases      ] GC(93)   Weak JFR Old Object Samples    Min:  0.0, Avg:  0.0, Max:  0.0, Diff:  0.0, Sum:  0.0, Workers: 4
[36.013s][debug][gc,phases      ] GC(93)     Dead                           Min: 0, Avg:  0.0, Max: 0, Diff: 0, Sum: 0, Workers: 4
[36.013s][debug][gc,phases      ] GC(93)     Total                          Min: 0, Avg:  0.0, Max: 0, Diff: 0, Sum: 0, Workers: 4
[36.013s][debug][gc,phases      ] GC(93) Weak Processing 0.266ms
[36.013s][debug][gc,age         ] GC(93) Desired survivor size 80740352 bytes, new threshold 15 (max threshold 15)
[36.013s][info ][gc,heap        ] GC(93) PSYoungGen: 1982176K(2011648K)->48267K(2018304K) Eden: 1928192K(1928192K)->0K(1936896K) From: 53984K(83456K)->48267K(81408K)
[36.013s][info ][gc,heap        ] GC(93) ParOldGen: 600120K(683008K)->608088K(683008K)
[36.013s][info ][gc,metaspace   ] GC(93) Metaspace: 69927K(70656K)->69927K(70656K) NonClass: 59769K(60160K)->59769K(60160K) Class: 10157K(10496K)->10157K(10496K)
[36.013s][info ][gc             ] GC(93) Pause Young (Allocation Failure) 2521M->640M(2638M) 26.429ms
[36.013s][info ][gc,cpu         ] GC(93) User=0.09s Sys=0.01s Real=0.02s
[36.013s][info ][safepoint      ] Safepoint "ParallelGCFailedAllocation", Time since last: 321396831 ns, Reaching safepoint: 2108907 ns, At safepoint: 26532985 ns, Total: 28641892 ns
[36.362s][info ][gc,start       ] GC(94) Pause Young (Allocation Failure)
[36.383s][debug][gc,phases      ] GC(94) Scavenge 20.791ms
[36.383s][debug][gc,ref         ] GC(94) Skipped phase 1 of Reference Processing: no references
[36.383s][debug][gc,ref         ] GC(94) ReferenceProcessor::execute queues: 1, RefProcThreadModel::Single, marks_oops_alive: false
[36.383s][debug][gc,ref         ] GC(94) Skipped phase 3 of Reference Processing: no references
[36.383s][debug][gc,ref         ] GC(94) ReferenceProcessor::execute queues: 1, RefProcThreadModel::Single, marks_oops_alive: false
[36.383s][debug][gc,phases      ] GC(94) Reference Processing 0.117ms
[36.383s][debug][gc,phases      ] GC(94)   VM Weak                        Min:  0.0, Avg:  0.0, Max:  0.0, Diff:  0.0, Sum:  0.0, Workers: 4
[36.383s][debug][gc,phases      ] GC(94)     Dead                           Min: 0, Avg:  0.0, Max: 0, Diff: 0, Sum: 0, Workers: 4
[36.383s][debug][gc,phases      ] GC(94)     Total                          Min: 0, Avg: 158.5, Max: 442, Diff: 442, Sum: 634, Workers: 4
[36.383s][debug][gc,phases      ] GC(94)   ObjectSynchronizer Weak        Min:  0.0, Avg:  0.0, Max:  0.0, Diff:  0.0, Sum:  0.0, Workers: 4
[36.383s][debug][gc,phases      ] GC(94)     Dead                           Min: 0, Avg:  0.0, Max: 0, Diff: 0, Sum: 0, Workers: 4
[36.383s][debug][gc,phases      ] GC(94)     Total                          Min: 0, Avg: 88.2, Max: 161, Diff: 161, Sum: 353, Workers: 4
[36.383s][debug][gc,phases      ] GC(94)   JVMTI Tag Weak OopStorage      Min:  0.0, Avg:  0.0, Max:  0.0, Diff:  0.0, Sum:  0.0, Workers: 4
[36.383s][debug][gc,phases      ] GC(94)     Dead                           Min: 0, Avg:  0.0, Max: 0, Diff: 0, Sum: 0, Workers: 4
[36.383s][debug][gc,phases      ] GC(94)     Total                          Min: 0, Avg:  0.0, Max: 0, Diff: 0, Sum: 0, Workers: 4
[36.383s][debug][gc,phases      ] GC(94)   StringTable Weak               Min:  0.1, Avg:  0.1, Max:  0.1, Diff:  0.0, Sum:  0.4, Workers: 4
[36.383s][debug][gc,phases      ] GC(94)     Dead                           Min: 0, Avg:  2.8, Max: 11, Diff: 11, Sum: 11, Workers: 4
[36.383s][debug][gc,phases      ] GC(94)     Total                          Min: 9088, Avg: 10813.2, Max: 14389, Diff: 5301, Sum: 43253, Workers: 4
[36.383s][debug][gc,phases      ] GC(94)   ResolvedMethodTable Weak       Min:  0.0, Avg:  0.0, Max:  0.0, Diff:  0.0, Sum:  0.1, Workers: 4
[36.383s][debug][gc,phases      ] GC(94)     Dead                           Min: 0, Avg:  0.0, Max: 0, Diff: 0, Sum: 0, Workers: 4
[36.383s][debug][gc,phases      ] GC(94)     Total                          Min: 896, Avg: 1874.0, Max: 2560, Diff: 1664, Sum: 7496, Workers: 4
[36.383s][debug][gc,phases      ] GC(94)   JNI Weak                       Min:  0.0, Avg:  0.0, Max:  0.0, Diff:  0.0, Sum:  0.0, Workers: 4
[36.383s][debug][gc,phases      ] GC(94)     Dead                           Min: 0, Avg:  0.0, Max: 0, Diff: 0, Sum: 0, Workers: 4
[36.383s][debug][gc,phases      ] GC(94)     Total                          Min: 0, Avg:  0.0, Max: 0, Diff: 0, Sum: 0, Workers: 4
[36.383s][debug][gc,phases      ] GC(94)   StringDedup Table Weak         Min:  0.0, Avg:  0.0, Max:  0.0, Diff:  0.0, Sum:  0.0, Workers: 4
[36.383s][debug][gc,phases      ] GC(94)     Dead                           Min: 0, Avg:  0.0, Max: 0, Diff: 0, Sum: 0, Workers: 4
[36.383s][debug][gc,phases      ] GC(94)     Total                          Min: 0, Avg:  0.0, Max: 0, Diff: 0, Sum: 0, Workers: 4
[36.383s][debug][gc,phases      ] GC(94)   StringDedup Requests0 Weak     Min:  0.0, Avg:  0.0, Max:  0.0, Diff:  0.0, Sum:  0.0, Workers: 4
[36.383s][debug][gc,phases      ] GC(94)     Dead                           Min: 0, Avg:  0.0, Max: 0, Diff: 0, Sum: 0, Workers: 4
[36.383s][debug][gc,phases      ] GC(94)     Total                          Min: 0, Avg:  0.0, Max: 0, Diff: 0, Sum: 0, Workers: 4
[36.383s][debug][gc,phases      ] GC(94)   StringDedup Requests1 Weak     Min:  0.0, Avg:  0.0, Max:  0.0, Diff:  0.0, Sum:  0.0, Workers: 4
[36.383s][debug][gc,phases      ] GC(94)     Dead                           Min: 0, Avg:  0.0, Max: 0, Diff: 0, Sum: 0, Workers: 4
[36.383s][debug][gc,phases      ] GC(94)     Total                          Min: 0, Avg:  0.0, Max: 0, Diff: 0, Sum: 0, Workers: 4
[36.383s][debug][gc,phases      ] GC(94)   Weak JFR Old Object Samples    Min:  0.0, Avg:  0.0, Max:  0.0, Diff:  0.0, Sum:  0.0, Workers: 4
[36.383s][debug][gc,phases      ] GC(94)     Dead                           Min: 0, Avg:  0.0, Max: 0, Diff: 0, Sum: 0, Workers: 4
[36.383s][debug][gc,phases      ] GC(94)     Total                          Min: 0, Avg:  0.0, Max: 0, Diff: 0, Sum: 0, Workers: 4
[36.383s][debug][gc,phases      ] GC(94) Weak Processing 0.283ms
[36.383s][debug][gc,age         ] GC(94) Desired survivor size 78118912 bytes, new threshold 15 (max threshold 15)
[36.383s][info ][gc,heap        ] GC(94) PSYoungGen: 1985163K(2018304K)->46763K(2015744K) Eden: 1936896K(1936896K)->0K(1936896K) From: 48267K(81408K)->46763K(78848K)
[36.383s][info ][gc,heap        ] GC(94) ParOldGen: 608088K(683008K)->610392K(683008K)
[36.383s][info ][gc,metaspace   ] GC(94) Metaspace: 69928K(70656K)->69928K(70656K) NonClass: 59770K(60160K)->59770K(60160K) Class: 10157K(10496K)->10157K(10496K)
[36.383s][info ][gc             ] GC(94) Pause Young (Allocation Failure) 2532M->641M(2635M) 21.297ms
[36.383s][info ][gc,cpu         ] GC(94) User=0.08s Sys=0.00s Real=0.02s
[36.383s][info ][safepoint      ] Safepoint "ParallelGCFailedAllocation", Time since last: 348676018 ns, Reaching safepoint: 147701 ns, At safepoint: 21403768 ns, Total: 21551469 ns
[36.713s][info ][gc,start       ] GC(95) Pause Young (Allocation Failure)
[36.738s][debug][gc,phases      ] GC(95) Scavenge 24.998ms
[36.738s][debug][gc,ref         ] GC(95) Skipped phase 1 of Reference Processing: no references
[36.738s][debug][gc,ref         ] GC(95) ReferenceProcessor::execute queues: 1, RefProcThreadModel::Single, marks_oops_alive: false
[36.738s][debug][gc,ref         ] GC(95) Skipped phase 3 of Reference Processing: no references
[36.738s][debug][gc,ref         ] GC(95) ReferenceProcessor::execute queues: 1, RefProcThreadModel::Single, marks_oops_alive: false
[36.738s][debug][gc,phases      ] GC(95) Reference Processing 0.111ms
[36.738s][debug][gc,phases      ] GC(95)   VM Weak                        Min:  0.0, Avg:  0.0, Max:  0.0, Diff:  0.0, Sum:  0.0, Workers: 4
[36.738s][debug][gc,phases      ] GC(95)     Dead                           Min: 0, Avg:  0.0, Max: 0, Diff: 0, Sum: 0, Workers: 4
[36.738s][debug][gc,phases      ] GC(95)     Total                          Min: 0, Avg: 158.5, Max: 576, Diff: 576, Sum: 634, Workers: 4
[36.738s][debug][gc,phases      ] GC(95)   ObjectSynchronizer Weak        Min:  0.0, Avg:  0.0, Max:  0.0, Diff:  0.0, Sum:  0.0, Workers: 4
[36.738s][debug][gc,phases      ] GC(95)     Dead                           Min: 0, Avg:  0.0, Max: 0, Diff: 0, Sum: 0, Workers: 4
[36.738s][debug][gc,phases      ] GC(95)     Total                          Min: 0, Avg: 88.2, Max: 256, Diff: 256, Sum: 353, Workers: 4
[36.738s][debug][gc,phases      ] GC(95)   JVMTI Tag Weak OopStorage      Min:  0.0, Avg:  0.0, Max:  0.0, Diff:  0.0, Sum:  0.0, Workers: 4
[36.738s][debug][gc,phases      ] GC(95)     Dead                           Min: 0, Avg:  0.0, Max: 0, Diff: 0, Sum: 0, Workers: 4
[36.738s][debug][gc,phases      ] GC(95)     Total                          Min: 0, Avg:  0.0, Max: 0, Diff: 0, Sum: 0, Workers: 4
[36.738s][debug][gc,phases      ] GC(95)   StringTable Weak               Min:  0.1, Avg:  0.1, Max:  0.1, Diff:  0.0, Sum:  0.3, Workers: 4
[36.738s][debug][gc,phases      ] GC(95)     Dead                           Min: 0, Avg:  2.8, Max: 7, Diff: 7, Sum: 11, Workers: 4
[36.738s][debug][gc,phases      ] GC(95)     Total                          Min: 8768, Avg: 10813.2, Max: 13173, Diff: 4405, Sum: 43253, Workers: 4
[36.738s][debug][gc,phases      ] GC(95)   ResolvedMethodTable Weak       Min:  0.0, Avg:  0.0, Max:  0.0, Diff:  0.0, Sum:  0.1, Workers: 4
[36.738s][debug][gc,phases      ] GC(95)     Dead                           Min: 0, Avg:  0.0, Max: 0, Diff: 0, Sum: 0, Workers: 4
[36.738s][debug][gc,phases      ] GC(95)     Total                          Min: 1416, Avg: 1874.0, Max: 2240, Diff: 824, Sum: 7496, Workers: 4
[36.738s][debug][gc,phases      ] GC(95)   JNI Weak                       Min:  0.0, Avg:  0.0, Max:  0.0, Diff:  0.0, Sum:  0.0, Workers: 4
[36.738s][debug][gc,phases      ] GC(95)     Dead                           Min: 0, Avg:  0.0, Max: 0, Diff: 0, Sum: 0, Workers: 4
[36.738s][debug][gc,phases      ] GC(95)     Total                          Min: 0, Avg:  0.0, Max: 0, Diff: 0, Sum: 0, Workers: 4
[36.738s][debug][gc,phases      ] GC(95)   StringDedup Table Weak         Min:  0.0, Avg:  0.0, Max:  0.0, Diff:  0.0, Sum:  0.0, Workers: 4
[36.738s][debug][gc,phases      ] GC(95)     Dead                           Min: 0, Avg:  0.0, Max: 0, Diff: 0, Sum: 0, Workers: 4
[36.738s][debug][gc,phases      ] GC(95)     Total                          Min: 0, Avg:  0.0, Max: 0, Diff: 0, Sum: 0, Workers: 4
[36.738s][debug][gc,phases      ] GC(95)   StringDedup Requests0 Weak     Min:  0.0, Avg:  0.0, Max:  0.0, Diff:  0.0, Sum:  0.0, Workers: 4
[36.738s][debug][gc,phases      ] GC(95)     Dead                           Min: 0, Avg:  0.0, Max: 0, Diff: 0, Sum: 0, Workers: 4
[36.738s][debug][gc,phases      ] GC(95)     Total                          Min: 0, Avg:  0.0, Max: 0, Diff: 0, Sum: 0, Workers: 4
[36.738s][debug][gc,phases      ] GC(95)   StringDedup Requests1 Weak     Min:  0.0, Avg:  0.0, Max:  0.0, Diff:  0.0, Sum:  0.0, Workers: 4
[36.738s][debug][gc,phases      ] GC(95)     Dead                           Min: 0, Avg:  0.0, Max: 0, Diff: 0, Sum: 0, Workers: 4
[36.738s][debug][gc,phases      ] GC(95)     Total                          Min: 0, Avg:  0.0, Max: 0, Diff: 0, Sum: 0, Workers: 4
[36.738s][debug][gc,phases      ] GC(95)   Weak JFR Old Object Samples    Min:  0.0, Avg:  0.0, Max:  0.0, Diff:  0.0, Sum:  0.0, Workers: 4
[36.738s][debug][gc,phases      ] GC(95)     Dead                           Min: 0, Avg:  0.0, Max: 0, Diff: 0, Sum: 0, Workers: 4
[36.738s][debug][gc,phases      ] GC(95)     Total                          Min: 0, Avg:  0.0, Max: 0, Diff: 0, Sum: 0, Workers: 4
[36.738s][debug][gc,phases      ] GC(95) Weak Processing 0.252ms
[36.738s][debug][gc,age         ] GC(95) Desired survivor size 76546048 bytes, new threshold 15 (max threshold 15)
[36.738s][info ][gc,heap        ] GC(95) PSYoungGen: 1983659K(2015744K)->44160K(2022400K) Eden: 1936896K(1936896K)->0K(1946112K) From: 46763K(78848K)->44160K(76288K)
[36.738s][info ][gc,heap        ] GC(95) ParOldGen: 610392K(683008K)->615256K(683008K)
[36.738s][info ][gc,metaspace   ] GC(95) Metaspace: 69948K(70784K)->69948K(70784K) NonClass: 59790K(60288K)->59790K(60288K) Class: 10157K(10496K)->10157K(10496K)
[36.738s][info ][gc             ] GC(95) Pause Young (Allocation Failure) 2533M->643M(2642M) 25.471ms
[36.738s][info ][gc,cpu         ] GC(95) User=0.09s Sys=0.00s Real=0.03s
[36.738s][info ][safepoint      ] Safepoint "ParallelGCFailedAllocation", Time since last: 329078456 ns, Reaching safepoint: 123300 ns, At safepoint: 25560582 ns, Total: 25683882 ns
[37.074s][info ][gc,start       ] GC(96) Pause Young (Allocation Failure)
[37.098s][debug][gc,phases      ] GC(96) Scavenge 24.410ms
[37.098s][debug][gc,ref         ] GC(96) Skipped phase 1 of Reference Processing: no references
[37.099s][debug][gc,ref         ] GC(96) ReferenceProcessor::execute queues: 1, RefProcThreadModel::Single, marks_oops_alive: false
[37.099s][debug][gc,ref         ] GC(96) Skipped phase 3 of Reference Processing: no references
[37.099s][debug][gc,ref         ] GC(96) ReferenceProcessor::execute queues: 1, RefProcThreadModel::Single, marks_oops_alive: false
[37.099s][debug][gc,phases      ] GC(96) Reference Processing 0.136ms
[37.099s][debug][gc,phases      ] GC(96)   VM Weak                        Min:  0.0, Avg:  0.0, Max:  0.0, Diff:  0.0, Sum:  0.0, Workers: 4
[37.099s][debug][gc,phases      ] GC(96)     Dead                           Min: 0, Avg:  0.0, Max: 0, Diff: 0, Sum: 0, Workers: 4
[37.099s][debug][gc,phases      ] GC(96)     Total                          Min: 0, Avg: 158.5, Max: 634, Diff: 634, Sum: 634, Workers: 4
[37.099s][debug][gc,phases      ] GC(96)   ObjectSynchronizer Weak        Min:  0.0, Avg:  0.0, Max:  0.0, Diff:  0.0, Sum:  0.0, Workers: 4
[37.099s][debug][gc,phases      ] GC(96)     Dead                           Min: 0, Avg:  0.0, Max: 0, Diff: 0, Sum: 0, Workers: 4
[37.099s][debug][gc,phases      ] GC(96)     Total                          Min: 0, Avg: 88.2, Max: 192, Diff: 192, Sum: 353, Workers: 4
[37.099s][debug][gc,phases      ] GC(96)   JVMTI Tag Weak OopStorage      Min:  0.0, Avg:  0.0, Max:  0.0, Diff:  0.0, Sum:  0.0, Workers: 4
[37.099s][debug][gc,phases      ] GC(96)     Dead                           Min: 0, Avg:  0.0, Max: 0, Diff: 0, Sum: 0, Workers: 4
[37.099s][debug][gc,phases      ] GC(96)     Total                          Min: 0, Avg:  0.0, Max: 0, Diff: 0, Sum: 0, Workers: 4
[37.099s][debug][gc,phases      ] GC(96)   StringTable Weak               Min:  0.1, Avg:  0.1, Max:  0.1, Diff:  0.0, Sum:  0.4, Workers: 4
[37.099s][debug][gc,phases      ] GC(96)     Dead                           Min: 0, Avg:  0.0, Max: 0, Diff: 0, Sum: 0, Workers: 4
[37.099s][debug][gc,phases      ] GC(96)     Total                          Min: 10304, Avg: 10813.8, Max: 11072, Diff: 768, Sum: 43255, Workers: 4
[37.099s][debug][gc,phases      ] GC(96)   ResolvedMethodTable Weak       Min:  0.0, Avg:  0.0, Max:  0.0, Diff:  0.0, Sum:  0.1, Workers: 4
[37.099s][debug][gc,phases      ] GC(96)     Dead                           Min: 0, Avg:  0.0, Max: 0, Diff: 0, Sum: 0, Workers: 4
[37.099s][debug][gc,phases      ] GC(96)     Total                          Min: 1800, Avg: 1874.0, Max: 1920, Diff: 120, Sum: 7496, Workers: 4
[37.099s][debug][gc,phases      ] GC(96)   JNI Weak                       Min:  0.0, Avg:  0.0, Max:  0.0, Diff:  0.0, Sum:  0.0, Workers: 4
[37.099s][debug][gc,phases      ] GC(96)     Dead                           Min: 0, Avg:  0.0, Max: 0, Diff: 0, Sum: 0, Workers: 4
[37.099s][debug][gc,phases      ] GC(96)     Total                          Min: 0, Avg:  0.5, Max: 2, Diff: 2, Sum: 2, Workers: 4
[37.099s][debug][gc,phases      ] GC(96)   StringDedup Table Weak         Min:  0.0, Avg:  0.0, Max:  0.0, Diff:  0.0, Sum:  0.0, Workers: 4
[37.099s][debug][gc,phases      ] GC(96)     Dead                           Min: 0, Avg:  0.0, Max: 0, Diff: 0, Sum: 0, Workers: 4
[37.099s][debug][gc,phases      ] GC(96)     Total                          Min: 0, Avg:  0.0, Max: 0, Diff: 0, Sum: 0, Workers: 4
[37.099s][debug][gc,phases      ] GC(96)   StringDedup Requests0 Weak     Min:  0.0, Avg:  0.0, Max:  0.0, Diff:  0.0, Sum:  0.0, Workers: 4
[37.099s][debug][gc,phases      ] GC(96)     Dead                           Min: 0, Avg:  0.0, Max: 0, Diff: 0, Sum: 0, Workers: 4
[37.099s][debug][gc,phases      ] GC(96)     Total                          Min: 0, Avg:  0.0, Max: 0, Diff: 0, Sum: 0, Workers: 4
[37.099s][debug][gc,phases      ] GC(96)   StringDedup Requests1 Weak     Min:  0.0, Avg:  0.0, Max:  0.0, Diff:  0.0, Sum:  0.0, Workers: 4
[37.099s][debug][gc,phases      ] GC(96)     Dead                           Min: 0, Avg:  0.0, Max: 0, Diff: 0, Sum: 0, Workers: 4
[37.099s][debug][gc,phases      ] GC(96)     Total                          Min: 0, Avg:  0.0, Max: 0, Diff: 0, Sum: 0, Workers: 4
[37.099s][debug][gc,phases      ] GC(96)   Weak JFR Old Object Samples    Min:  0.0, Avg:  0.0, Max:  0.0, Diff:  0.0, Sum:  0.0, Workers: 4
[37.099s][debug][gc,phases      ] GC(96)     Dead                           Min: 0, Avg:  0.0, Max: 0, Diff: 0, Sum: 0, Workers: 4
[37.099s][debug][gc,phases      ] GC(96)     Total                          Min: 0, Avg:  0.0, Max: 0, Diff: 0, Sum: 0, Workers: 4
[37.099s][debug][gc,phases      ] GC(96) Weak Processing 0.275ms
[37.099s][debug][gc,age         ] GC(96) Desired survivor size 76021760 bytes, new threshold 15 (max threshold 15)
[37.099s][info ][gc,heap        ] GC(96) PSYoungGen: 1990272K(2022400K)->37344K(2020864K) Eden: 1946112K(1946112K)->0K(1946112K) From: 44160K(76288K)->37344K(74752K)
[37.099s][info ][gc,heap        ] GC(96) ParOldGen: 615256K(683008K)->623512K(683008K)
[37.099s][info ][gc,metaspace   ] GC(96) Metaspace: 69971K(70784K)->69971K(70784K) NonClass: 59813K(60288K)->59813K(60288K) Class: 10157K(10496K)->10157K(10496K)
[37.099s][info ][gc             ] GC(96) Pause Young (Allocation Failure) 2544M->645M(2640M) 24.945ms
[37.099s][info ][gc,cpu         ] GC(96) User=0.09s Sys=0.00s Real=0.03s
[37.099s][info ][safepoint      ] Safepoint "ParallelGCFailedAllocation", Time since last: 335532576 ns, Reaching safepoint: 123401 ns, At safepoint: 25052980 ns, Total: 25176381 ns
[37.435s][info ][gc,start       ] GC(97) Pause Young (Allocation Failure)
[37.450s][debug][gc,phases      ] GC(97) Scavenge 15.145ms
[37.450s][debug][gc,ref         ] GC(97) Skipped phase 1 of Reference Processing: no references
[37.450s][debug][gc,ref         ] GC(97) ReferenceProcessor::execute queues: 1, RefProcThreadModel::Single, marks_oops_alive: false
[37.450s][debug][gc,ref         ] GC(97) Skipped phase 3 of Reference Processing: no references
[37.450s][debug][gc,ref         ] GC(97) ReferenceProcessor::execute queues: 1, RefProcThreadModel::Single, marks_oops_alive: false
[37.450s][debug][gc,phases      ] GC(97) Reference Processing 0.112ms
[37.450s][debug][gc,phases      ] GC(97)   VM Weak                        Min:  0.0, Avg:  0.0, Max:  0.0, Diff:  0.0, Sum:  0.0, Workers: 4
[37.450s][debug][gc,phases      ] GC(97)     Dead                           Min: 0, Avg:  0.0, Max: 0, Diff: 0, Sum: 0, Workers: 4
[37.450s][debug][gc,phases      ] GC(97)     Total                          Min: 0, Avg: 158.5, Max: 506, Diff: 506, Sum: 634, Workers: 4
[37.450s][debug][gc,phases      ] GC(97)   ObjectSynchronizer Weak        Min:  0.0, Avg:  0.0, Max:  0.0, Diff:  0.0, Sum:  0.0, Workers: 4
[37.450s][debug][gc,phases      ] GC(97)     Dead                           Min: 0, Avg:  0.0, Max: 0, Diff: 0, Sum: 0, Workers: 4
[37.450s][debug][gc,phases      ] GC(97)     Total                          Min: 0, Avg: 88.2, Max: 192, Diff: 192, Sum: 353, Workers: 4
[37.450s][debug][gc,phases      ] GC(97)   JVMTI Tag Weak OopStorage      Min:  0.0, Avg:  0.0, Max:  0.0, Diff:  0.0, Sum:  0.0, Workers: 4
[37.450s][debug][gc,phases      ] GC(97)     Dead                           Min: 0, Avg:  0.0, Max: 0, Diff: 0, Sum: 0, Workers: 4
[37.450s][debug][gc,phases      ] GC(97)     Total                          Min: 0, Avg:  0.0, Max: 0, Diff: 0, Sum: 0, Workers: 4
[37.450s][debug][gc,phases      ] GC(97)   StringTable Weak               Min:  0.1, Avg:  0.1, Max:  0.1, Diff:  0.0, Sum:  0.3, Workers: 4
[37.450s][debug][gc,phases      ] GC(97)     Dead                           Min: 0, Avg:  2.8, Max: 11, Diff: 11, Sum: 11, Workers: 4
[37.450s][debug][gc,phases      ] GC(97)     Total                          Min: 8896, Avg: 10814.5, Max: 14330, Diff: 5434, Sum: 43258, Workers: 4
[37.450s][debug][gc,phases      ] GC(97)   ResolvedMethodTable Weak       Min:  0.0, Avg:  0.0, Max:  0.0, Diff:  0.0, Sum:  0.1, Workers: 4
[37.450s][debug][gc,phases      ] GC(97)     Dead                           Min: 0, Avg:  0.0, Max: 0, Diff: 0, Sum: 0, Workers: 4
[37.450s][debug][gc,phases      ] GC(97)     Total                          Min: 1600, Avg: 1874.0, Max: 2376, Diff: 776, Sum: 7496, Workers: 4
[37.450s][debug][gc,phases      ] GC(97)   JNI Weak                       Min:  0.0, Avg:  0.0, Max:  0.0, Diff:  0.0, Sum:  0.0, Workers: 4
[37.450s][debug][gc,phases      ] GC(97)     Dead                           Min: 0, Avg:  0.0, Max: 0, Diff: 0, Sum: 0, Workers: 4
[37.450s][debug][gc,phases      ] GC(97)     Total                          Min: 0, Avg:  0.0, Max: 0, Diff: 0, Sum: 0, Workers: 4
[37.450s][debug][gc,phases      ] GC(97)   StringDedup Table Weak         Min:  0.0, Avg:  0.0, Max:  0.0, Diff:  0.0, Sum:  0.0, Workers: 4
[37.450s][debug][gc,phases      ] GC(97)     Dead                           Min: 0, Avg:  0.0, Max: 0, Diff: 0, Sum: 0, Workers: 4
[37.450s][debug][gc,phases      ] GC(97)     Total                          Min: 0, Avg:  0.0, Max: 0, Diff: 0, Sum: 0, Workers: 4
[37.450s][debug][gc,phases      ] GC(97)   StringDedup Requests0 Weak     Min:  0.0, Avg:  0.0, Max:  0.0, Diff:  0.0, Sum:  0.0, Workers: 4
[37.450s][debug][gc,phases      ] GC(97)     Dead                           Min: 0, Avg:  0.0, Max: 0, Diff: 0, Sum: 0, Workers: 4
[37.450s][debug][gc,phases      ] GC(97)     Total                          Min: 0, Avg:  0.0, Max: 0, Diff: 0, Sum: 0, Workers: 4
[37.450s][debug][gc,phases      ] GC(97)   StringDedup Requests1 Weak     Min:  0.0, Avg:  0.0, Max:  0.0, Diff:  0.0, Sum:  0.0, Workers: 4
[37.450s][debug][gc,phases      ] GC(97)     Dead                           Min: 0, Avg:  0.0, Max: 0, Diff: 0, Sum: 0, Workers: 4
[37.450s][debug][gc,phases      ] GC(97)     Total                          Min: 0, Avg:  0.0, Max: 0, Diff: 0, Sum: 0, Workers: 4
[37.450s][debug][gc,phases      ] GC(97)   Weak JFR Old Object Samples    Min:  0.0, Avg:  0.0, Max:  0.0, Diff:  0.0, Sum:  0.0, Workers: 4
[37.450s][debug][gc,phases      ] GC(97)     Dead                           Min: 0, Avg:  0.0, Max: 0, Diff: 0, Sum: 0, Workers: 4
[37.450s][debug][gc,phases      ] GC(97)     Total                          Min: 0, Avg:  0.0, Max: 0, Diff: 0, Sum: 0, Workers: 4
[37.450s][debug][gc,phases      ] GC(97) Weak Processing 0.273ms
[37.450s][debug][gc,age         ] GC(97) Desired survivor size 76021760 bytes, new threshold 15 (max threshold 15)
[37.450s][info ][gc,heap        ] GC(97) PSYoungGen: 1983456K(2020864K)->34912K(2022912K) Eden: 1946112K(1946112K)->0K(1948672K) From: 37344K(74752K)->34912K(74240K)
[37.450s][info ][gc,heap        ] GC(97) ParOldGen: 623512K(683008K)->627384K(683008K)
[37.450s][info ][gc,metaspace   ] GC(97) Metaspace: 69974K(70784K)->69974K(70784K) NonClass: 59816K(60288K)->59816K(60288K) Class: 10157K(10496K)->10157K(10496K)
[37.450s][info ][gc             ] GC(97) Pause Young (Allocation Failure) 2545M->646M(2642M) 15.652ms
[37.450s][info ][gc,cpu         ] GC(97) User=0.06s Sys=0.00s Real=0.02s
[37.450s][info ][safepoint      ] Safepoint "ParallelGCFailedAllocation", Time since last: 333580170 ns, Reaching safepoint: 2123707 ns, At safepoint: 15759051 ns, Total: 17882758 ns
[37.814s][info ][gc,start       ] GC(98) Pause Young (Allocation Failure)
[37.830s][debug][gc,phases      ] GC(98) Scavenge 16.650ms
[37.830s][debug][gc,ref         ] GC(98) Skipped phase 1 of Reference Processing: no references
[37.830s][debug][gc,ref         ] GC(98) ReferenceProcessor::execute queues: 1, RefProcThreadModel::Single, marks_oops_alive: false
[37.830s][debug][gc,ref         ] GC(98) Skipped phase 3 of Reference Processing: no references
[37.830s][debug][gc,ref         ] GC(98) ReferenceProcessor::execute queues: 1, RefProcThreadModel::Single, marks_oops_alive: false
[37.830s][debug][gc,phases      ] GC(98) Reference Processing 0.114ms
[37.831s][debug][gc,phases      ] GC(98)   VM Weak                        Min:  0.0, Avg:  0.0, Max:  0.0, Diff:  0.0, Sum:  0.0, Workers: 4
[37.831s][debug][gc,phases      ] GC(98)     Dead                           Min: 0, Avg:  0.0, Max: 0, Diff: 0, Sum: 0, Workers: 4
[37.831s][debug][gc,phases      ] GC(98)     Total                          Min: 0, Avg: 158.5, Max: 570, Diff: 570, Sum: 634, Workers: 4
[37.831s][debug][gc,phases      ] GC(98)   ObjectSynchronizer Weak        Min:  0.0, Avg:  0.0, Max:  0.0, Diff:  0.0, Sum:  0.0, Workers: 4
[37.831s][debug][gc,phases      ] GC(98)     Dead                           Min: 0, Avg:  0.0, Max: 0, Diff: 0, Sum: 0, Workers: 4
[37.831s][debug][gc,phases      ] GC(98)     Total                          Min: 0, Avg: 88.2, Max: 192, Diff: 192, Sum: 353, Workers: 4
[37.831s][debug][gc,phases      ] GC(98)   JVMTI Tag Weak OopStorage      Min:  0.0, Avg:  0.0, Max:  0.0, Diff:  0.0, Sum:  0.0, Workers: 4
[37.831s][debug][gc,phases      ] GC(98)     Dead                           Min: 0, Avg:  0.0, Max: 0, Diff: 0, Sum: 0, Workers: 4
[37.831s][debug][gc,phases      ] GC(98)     Total                          Min: 0, Avg:  0.0, Max: 0, Diff: 0, Sum: 0, Workers: 4
[37.831s][debug][gc,phases      ] GC(98)   StringTable Weak               Min:  0.1, Avg:  0.1, Max:  0.1, Diff:  0.0, Sum:  0.3, Workers: 4
[37.831s][debug][gc,phases      ] GC(98)     Dead                           Min: 0, Avg:  2.8, Max: 6, Diff: 6, Sum: 11, Workers: 4
[37.831s][debug][gc,phases      ] GC(98)     Total                          Min: 7744, Avg: 10814.5, Max: 12352, Diff: 4608, Sum: 43258, Workers: 4
[37.831s][debug][gc,phases      ] GC(98)   ResolvedMethodTable Weak       Min:  0.0, Avg:  0.0, Max:  0.0, Diff:  0.0, Sum:  0.1, Workers: 4
[37.831s][debug][gc,phases      ] GC(98)     Dead                           Min: 0, Avg:  0.0, Max: 0, Diff: 0, Sum: 0, Workers: 4
[37.831s][debug][gc,phases      ] GC(98)     Total                          Min: 1472, Avg: 1874.0, Max: 2056, Diff: 584, Sum: 7496, Workers: 4
[37.831s][debug][gc,phases      ] GC(98)   JNI Weak                       Min:  0.0, Avg:  0.0, Max:  0.0, Diff:  0.0, Sum:  0.0, Workers: 4
[37.831s][debug][gc,phases      ] GC(98)     Dead                           Min: 0, Avg:  0.0, Max: 0, Diff: 0, Sum: 0, Workers: 4
[37.831s][debug][gc,phases      ] GC(98)     Total                          Min: 0, Avg:  0.5, Max: 2, Diff: 2, Sum: 2, Workers: 4
[37.831s][debug][gc,phases      ] GC(98)   StringDedup Table Weak         Min:  0.0, Avg:  0.0, Max:  0.0, Diff:  0.0, Sum:  0.0, Workers: 4
[37.831s][debug][gc,phases      ] GC(98)     Dead                           Min: 0, Avg:  0.0, Max: 0, Diff: 0, Sum: 0, Workers: 4
[37.831s][debug][gc,phases      ] GC(98)     Total                          Min: 0, Avg:  0.0, Max: 0, Diff: 0, Sum: 0, Workers: 4
[37.831s][debug][gc,phases      ] GC(98)   StringDedup Requests0 Weak     Min:  0.0, Avg:  0.0, Max:  0.0, Diff:  0.0, Sum:  0.0, Workers: 4
[37.831s][debug][gc,phases      ] GC(98)     Dead                           Min: 0, Avg:  0.0, Max: 0, Diff: 0, Sum: 0, Workers: 4
[37.831s][debug][gc,phases      ] GC(98)     Total                          Min: 0, Avg:  0.0, Max: 0, Diff: 0, Sum: 0, Workers: 4
[37.831s][debug][gc,phases      ] GC(98)   StringDedup Requests1 Weak     Min:  0.0, Avg:  0.0, Max:  0.0, Diff:  0.0, Sum:  0.0, Workers: 4
[37.831s][debug][gc,phases      ] GC(98)     Dead                           Min: 0, Avg:  0.0, Max: 0, Diff: 0, Sum: 0, Workers: 4
[37.831s][debug][gc,phases      ] GC(98)     Total                          Min: 0, Avg:  0.0, Max: 0, Diff: 0, Sum: 0, Workers: 4
[37.831s][debug][gc,phases      ] GC(98)   Weak JFR Old Object Samples    Min:  0.0, Avg:  0.0, Max:  0.0, Diff:  0.0, Sum:  0.0, Workers: 4
[37.831s][debug][gc,phases      ] GC(98)     Dead                           Min: 0, Avg:  0.0, Max: 0, Diff: 0, Sum: 0, Workers: 4
[37.831s][debug][gc,phases      ] GC(98)     Total                          Min: 0, Avg:  0.0, Max: 0, Diff: 0, Sum: 0, Workers: 4
[37.831s][debug][gc,phases      ] GC(98) Weak Processing 0.258ms
[37.831s][debug][gc,age         ] GC(98) Desired survivor size 75497472 bytes, new threshold 15 (max threshold 15)
[37.831s][info ][gc,heap        ] GC(98) PSYoungGen: 1983584K(2022912K)->34496K(2022912K) Eden: 1948672K(1948672K)->0K(1948672K) From: 34912K(74240K)->34496K(74240K)
[37.831s][info ][gc,heap        ] GC(98) ParOldGen: 627384K(683008K)->628992K(683008K)
[37.831s][info ][gc,metaspace   ] GC(98) Metaspace: 69976K(70784K)->69976K(70784K) NonClass: 59818K(60288K)->59818K(60288K) Class: 10157K(10496K)->10157K(10496K)
[37.831s][info ][gc             ] GC(98) Pause Young (Allocation Failure) 2549M->647M(2642M) 17.120ms
[37.831s][info ][gc,cpu         ] GC(98) User=0.06s Sys=0.00s Real=0.02s
[37.831s][info ][safepoint      ] Safepoint "ParallelGCFailedAllocation", Time since last: 362081261 ns, Reaching safepoint: 1022803 ns, At safepoint: 17217956 ns, Total: 18240759 ns
[38.181s][info ][gc,start       ] GC(99) Pause Young (Allocation Failure)
[38.198s][debug][gc,phases      ] GC(99) Scavenge 16.791ms
[38.198s][debug][gc,ref         ] GC(99) Skipped phase 1 of Reference Processing: no references
[38.198s][debug][gc,ref         ] GC(99) Skipped phase 2 of Reference Processing: no references
[38.198s][debug][gc,ref         ] GC(99) Skipped phase 3 of Reference Processing: no references
[38.198s][debug][gc,ref         ] GC(99) ReferenceProcessor::execute queues: 1, RefProcThreadModel::Single, marks_oops_alive: false
[38.198s][debug][gc,phases      ] GC(99) Reference Processing 0.109ms
[38.198s][debug][gc,phases      ] GC(99)   VM Weak                        Min:  0.0, Avg:  0.0, Max:  0.0, Diff:  0.0, Sum:  0.0, Workers: 4
[38.198s][debug][gc,phases      ] GC(99)     Dead                           Min: 0, Avg:  0.0, Max: 0, Diff: 0, Sum: 0, Workers: 4
[38.198s][debug][gc,phases      ] GC(99)     Total                          Min: 0, Avg: 158.5, Max: 634, Diff: 634, Sum: 634, Workers: 4
[38.198s][debug][gc,phases      ] GC(99)   ObjectSynchronizer Weak        Min:  0.0, Avg:  0.0, Max:  0.0, Diff:  0.0, Sum:  0.0, Workers: 4
[38.198s][debug][gc,phases      ] GC(99)     Dead                           Min: 0, Avg:  0.0, Max: 0, Diff: 0, Sum: 0, Workers: 4
[38.198s][debug][gc,phases      ] GC(99)     Total                          Min: 0, Avg: 88.2, Max: 192, Diff: 192, Sum: 353, Workers: 4
[38.198s][debug][gc,phases      ] GC(99)   JVMTI Tag Weak OopStorage      Min:  0.0, Avg:  0.0, Max:  0.0, Diff:  0.0, Sum:  0.0, Workers: 4
[38.198s][debug][gc,phases      ] GC(99)     Dead                           Min: 0, Avg:  0.0, Max: 0, Diff: 0, Sum: 0, Workers: 4
[38.198s][debug][gc,phases      ] GC(99)     Total                          Min: 0, Avg:  0.0, Max: 0, Diff: 0, Sum: 0, Workers: 4
[38.198s][debug][gc,phases      ] GC(99)   StringTable Weak               Min:  0.1, Avg:  0.1, Max:  0.1, Diff:  0.0, Sum:  0.4, Workers: 4
[38.198s][debug][gc,phases      ] GC(99)     Dead                           Min: 0, Avg:  0.0, Max: 0, Diff: 0, Sum: 0, Workers: 4
[38.198s][debug][gc,phases      ] GC(99)     Total                          Min: 9403, Avg: 10814.8, Max: 12736, Diff: 3333, Sum: 43259, Workers: 4
[38.198s][debug][gc,phases      ] GC(99)   ResolvedMethodTable Weak       Min:  0.0, Avg:  0.0, Max:  0.0, Diff:  0.0, Sum:  0.1, Workers: 4
[38.198s][debug][gc,phases      ] GC(99)     Dead                           Min: 0, Avg:  0.0, Max: 0, Diff: 0, Sum: 0, Workers: 4
[38.198s][debug][gc,phases      ] GC(99)     Total                          Min: 1728, Avg: 1874.0, Max: 2120, Diff: 392, Sum: 7496, Workers: 4
[38.198s][debug][gc,phases      ] GC(99)   JNI Weak                       Min:  0.0, Avg:  0.0, Max:  0.0, Diff:  0.0, Sum:  0.0, Workers: 4
[38.198s][debug][gc,phases      ] GC(99)     Dead                           Min: 0, Avg:  0.0, Max: 0, Diff: 0, Sum: 0, Workers: 4
[38.198s][debug][gc,phases      ] GC(99)     Total                          Min: 0, Avg:  0.0, Max: 0, Diff: 0, Sum: 0, Workers: 4
[38.198s][debug][gc,phases      ] GC(99)   StringDedup Table Weak         Min:  0.0, Avg:  0.0, Max:  0.0, Diff:  0.0, Sum:  0.0, Workers: 4
[38.198s][debug][gc,phases      ] GC(99)     Dead                           Min: 0, Avg:  0.0, Max: 0, Diff: 0, Sum: 0, Workers: 4
[38.198s][debug][gc,phases      ] GC(99)     Total                          Min: 0, Avg:  0.0, Max: 0, Diff: 0, Sum: 0, Workers: 4
[38.198s][debug][gc,phases      ] GC(99)   StringDedup Requests0 Weak     Min:  0.0, Avg:  0.0, Max:  0.0, Diff:  0.0, Sum:  0.0, Workers: 4
[38.198s][debug][gc,phases      ] GC(99)     Dead                           Min: 0, Avg:  0.0, Max: 0, Diff: 0, Sum: 0, Workers: 4
[38.198s][debug][gc,phases      ] GC(99)     Total                          Min: 0, Avg:  0.0, Max: 0, Diff: 0, Sum: 0, Workers: 4
[38.198s][debug][gc,phases      ] GC(99)   StringDedup Requests1 Weak     Min:  0.0, Avg:  0.0, Max:  0.0, Diff:  0.0, Sum:  0.0, Workers: 4
[38.198s][debug][gc,phases      ] GC(99)     Dead                           Min: 0, Avg:  0.0, Max: 0, Diff: 0, Sum: 0, Workers: 4
[38.198s][debug][gc,phases      ] GC(99)     Total                          Min: 0, Avg:  0.0, Max: 0, Diff: 0, Sum: 0, Workers: 4
[38.198s][debug][gc,phases      ] GC(99)   Weak JFR Old Object Samples    Min:  0.0, Avg:  0.0, Max:  0.0, Diff:  0.0, Sum:  0.0, Workers: 4
[38.198s][debug][gc,phases      ] GC(99)     Dead                           Min: 0, Avg:  0.0, Max: 0, Diff: 0, Sum: 0, Workers: 4
[38.198s][debug][gc,phases      ] GC(99)     Total                          Min: 0, Avg:  0.0, Max: 0, Diff: 0, Sum: 0, Workers: 4
[38.198s][debug][gc,phases      ] GC(99) Weak Processing 0.280ms
[38.198s][debug][gc,age         ] GC(99) Desired survivor size 74973184 bytes, new threshold 15 (max threshold 15)
[38.198s][info ][gc,heap        ] GC(99) PSYoungGen: 1983168K(2022912K)->32821K(2023936K) Eden: 1948672K(1948672K)->0K(1950208K) From: 34496K(74240K)->32821K(73728K)
[38.198s][info ][gc,heap        ] GC(99) ParOldGen: 628992K(683008K)->631840K(683008K)
[38.198s][info ][gc,metaspace   ] GC(99) Metaspace: 69982K(70784K)->69982K(70784K) NonClass: 59822K(60288K)->59822K(60288K) Class: 10159K(10496K)->10159K(10496K)
[38.198s][info ][gc             ] GC(99) Pause Young (Allocation Failure) 2550M->649M(2643M) 17.295ms
[38.198s][info ][gc,cpu         ] GC(99) User=0.06s Sys=0.00s Real=0.02s
[38.198s][info ][safepoint      ] Safepoint "ParallelGCFailedAllocation", Time since last: 349426721 ns, Reaching safepoint: 530102 ns, At safepoint: 17395655 ns, Total: 17925757 ns
[38.543s][info ][gc,start       ] GC(100) Pause Young (Allocation Failure)
[38.555s][debug][gc,phases      ] GC(100) Scavenge 11.202ms
[38.555s][debug][gc,ref         ] GC(100) Skipped phase 1 of Reference Processing: no references
[38.555s][debug][gc,ref         ] GC(100) Skipped phase 2 of Reference Processing: no references
[38.555s][debug][gc,ref         ] GC(100) Skipped phase 3 of Reference Processing: no references
[38.555s][debug][gc,ref         ] GC(100) ReferenceProcessor::execute queues: 1, RefProcThreadModel::Single, marks_oops_alive: false
[38.555s][debug][gc,phases      ] GC(100) Reference Processing 0.079ms
[38.555s][debug][gc,phases      ] GC(100)   VM Weak                        Min:  0.0, Avg:  0.0, Max:  0.0, Diff:  0.0, Sum:  0.0, Workers: 4
[38.555s][debug][gc,phases      ] GC(100)     Dead                           Min: 0, Avg:  0.0, Max: 0, Diff: 0, Sum: 0, Workers: 4
[38.555s][debug][gc,phases      ] GC(100)     Total                          Min: 0, Avg: 158.5, Max: 634, Diff: 634, Sum: 634, Workers: 4
[38.555s][debug][gc,phases      ] GC(100)   ObjectSynchronizer Weak        Min:  0.0, Avg:  0.0, Max:  0.0, Diff:  0.0, Sum:  0.0, Workers: 4
[38.555s][debug][gc,phases      ] GC(100)     Dead                           Min: 0, Avg:  0.0, Max: 0, Diff: 0, Sum: 0, Workers: 4
[38.555s][debug][gc,phases      ] GC(100)     Total                          Min: 0, Avg: 88.2, Max: 225, Diff: 225, Sum: 353, Workers: 4
[38.555s][debug][gc,phases      ] GC(100)   JVMTI Tag Weak OopStorage      Min:  0.0, Avg:  0.0, Max:  0.0, Diff:  0.0, Sum:  0.0, Workers: 4
[38.555s][debug][gc,phases      ] GC(100)     Dead                           Min: 0, Avg:  0.0, Max: 0, Diff: 0, Sum: 0, Workers: 4
[38.555s][debug][gc,phases      ] GC(100)     Total                          Min: 0, Avg:  0.0, Max: 0, Diff: 0, Sum: 0, Workers: 4
[38.555s][debug][gc,phases      ] GC(100)   StringTable Weak               Min:  0.1, Avg:  0.1, Max:  0.1, Diff:  0.0, Sum:  0.3, Workers: 4
[38.555s][debug][gc,phases      ] GC(100)     Dead                           Min: 0, Avg:  2.8, Max: 6, Diff: 6, Sum: 11, Workers: 4
[38.555s][debug][gc,phases      ] GC(100)     Total                          Min: 10368, Avg: 10815.0, Max: 11200, Diff: 832, Sum: 43260, Workers: 4
[38.555s][debug][gc,phases      ] GC(100)   ResolvedMethodTable Weak       Min:  0.0, Avg:  0.0, Max:  0.0, Diff:  0.0, Sum:  0.1, Workers: 4
[38.555s][debug][gc,phases      ] GC(100)     Dead                           Min: 0, Avg:  0.0, Max: 0, Diff: 0, Sum: 0, Workers: 4
[38.555s][debug][gc,phases      ] GC(100)     Total                          Min: 1792, Avg: 1874.0, Max: 1984, Diff: 192, Sum: 7496, Workers: 4
[38.555s][debug][gc,phases      ] GC(100)   JNI Weak                       Min:  0.0, Avg:  0.0, Max:  0.0, Diff:  0.0, Sum:  0.0, Workers: 4
[38.555s][debug][gc,phases      ] GC(100)     Dead                           Min: 0, Avg:  0.0, Max: 0, Diff: 0, Sum: 0, Workers: 4
[38.555s][debug][gc,phases      ] GC(100)     Total                          Min: 0, Avg:  0.0, Max: 0, Diff: 0, Sum: 0, Workers: 4
[38.555s][debug][gc,phases      ] GC(100)   StringDedup Table Weak         Min:  0.0, Avg:  0.0, Max:  0.0, Diff:  0.0, Sum:  0.0, Workers: 4
[38.555s][debug][gc,phases      ] GC(100)     Dead                           Min: 0, Avg:  0.0, Max: 0, Diff: 0, Sum: 0, Workers: 4
[38.555s][debug][gc,phases      ] GC(100)     Total                          Min: 0, Avg:  0.0, Max: 0, Diff: 0, Sum: 0, Workers: 4
[38.555s][debug][gc,phases      ] GC(100)   StringDedup Requests0 Weak     Min:  0.0, Avg:  0.0, Max:  0.0, Diff:  0.0, Sum:  0.0, Workers: 4
[38.555s][debug][gc,phases      ] GC(100)     Dead                           Min: 0, Avg:  0.0, Max: 0, Diff: 0, Sum: 0, Workers: 4
[38.555s][debug][gc,phases      ] GC(100)     Total                          Min: 0, Avg:  0.0, Max: 0, Diff: 0, Sum: 0, Workers: 4
[38.555s][debug][gc,phases      ] GC(100)   StringDedup Requests1 Weak     Min:  0.0, Avg:  0.0, Max:  0.0, Diff:  0.0, Sum:  0.0, Workers: 4
[38.555s][debug][gc,phases      ] GC(100)     Dead                           Min: 0, Avg:  0.0, Max: 0, Diff: 0, Sum: 0, Workers: 4
[38.555s][debug][gc,phases      ] GC(100)     Total                          Min: 0, Avg:  0.0, Max: 0, Diff: 0, Sum: 0, Workers: 4
[38.555s][debug][gc,phases      ] GC(100)   Weak JFR Old Object Samples    Min:  0.0, Avg:  0.0, Max:  0.0, Diff:  0.0, Sum:  0.0, Workers: 4
[38.555s][debug][gc,phases      ] GC(100)     Dead                           Min: 0, Avg:  0.0, Max: 0, Diff: 0, Sum: 0, Workers: 4
[38.555s][debug][gc,phases      ] GC(100)     Total                          Min: 0, Avg:  0.0, Max: 0, Diff: 0, Sum: 0, Workers: 4
[38.555s][debug][gc,phases      ] GC(100) Weak Processing 0.236ms
[38.555s][debug][gc,age         ] GC(100) Desired survivor size 73924608 bytes, new threshold 15 (max threshold 15)
[38.555s][info ][gc,heap        ] GC(100) PSYoungGen: 1983029K(2023936K)->31552K(2023424K) Eden: 1950208K(1950208K)->0K(1950208K) From: 32821K(73728K)->31552K(73216K)
[38.555s][info ][gc,heap        ] GC(100) ParOldGen: 631840K(683008K)->634032K(683008K)
[38.555s][info ][gc,metaspace   ] GC(100) Metaspace: 69985K(70784K)->69985K(70784K) NonClass: 59826K(60288K)->59826K(60288K) Class: 10159K(10496K)->10159K(10496K)
[38.555s][info ][gc             ] GC(100) Pause Young (Allocation Failure) 2553M->649M(2643M) 11.623ms
[38.555s][info ][gc,cpu         ] GC(100) User=0.04s Sys=0.00s Real=0.01s
[38.555s][info ][safepoint      ] Safepoint "ParallelGCFailedAllocation", Time since last: 345236108 ns, Reaching safepoint: 123401 ns, At safepoint: 11717937 ns, Total: 11841338 ns
[38.935s][info ][gc,start       ] GC(101) Pause Young (Allocation Failure)
[38.950s][debug][gc,phases      ] GC(101) Scavenge 15.105ms
[38.950s][debug][gc,ref         ] GC(101) Skipped phase 1 of Reference Processing: no references
[38.950s][debug][gc,ref         ] GC(101) ReferenceProcessor::execute queues: 1, RefProcThreadModel::Single, marks_oops_alive: false
[38.950s][debug][gc,ref         ] GC(101) Skipped phase 3 of Reference Processing: no references
[38.950s][debug][gc,ref         ] GC(101) ReferenceProcessor::execute queues: 1, RefProcThreadModel::Single, marks_oops_alive: false
[38.950s][debug][gc,phases      ] GC(101) Reference Processing 0.112ms
[38.951s][debug][gc,phases      ] GC(101)   VM Weak                        Min:  0.0, Avg:  0.0, Max:  0.0, Diff:  0.0, Sum:  0.0, Workers: 4
[38.951s][debug][gc,phases      ] GC(101)     Dead                           Min: 0, Avg:  0.0, Max: 0, Diff: 0, Sum: 0, Workers: 4
[38.951s][debug][gc,phases      ] GC(101)     Total                          Min: 0, Avg: 158.5, Max: 570, Diff: 570, Sum: 634, Workers: 4
[38.951s][debug][gc,phases      ] GC(101)   ObjectSynchronizer Weak        Min:  0.0, Avg:  0.0, Max:  0.0, Diff:  0.0, Sum:  0.0, Workers: 4
[38.951s][debug][gc,phases      ] GC(101)     Dead                           Min: 0, Avg:  0.0, Max: 0, Diff: 0, Sum: 0, Workers: 4
[38.951s][debug][gc,phases      ] GC(101)     Total                          Min: 0, Avg: 88.2, Max: 161, Diff: 161, Sum: 353, Workers: 4
[38.951s][debug][gc,phases      ] GC(101)   JVMTI Tag Weak OopStorage      Min:  0.0, Avg:  0.0, Max:  0.0, Diff:  0.0, Sum:  0.0, Workers: 4
[38.951s][debug][gc,phases      ] GC(101)     Dead                           Min: 0, Avg:  0.0, Max: 0, Diff: 0, Sum: 0, Workers: 4
[38.951s][debug][gc,phases      ] GC(101)     Total                          Min: 0, Avg:  0.0, Max: 0, Diff: 0, Sum: 0, Workers: 4
[38.951s][debug][gc,phases      ] GC(101)   StringTable Weak               Min:  0.1, Avg:  0.1, Max:  0.1, Diff:  0.0, Sum:  0.3, Workers: 4
[38.951s][debug][gc,phases      ] GC(101)     Dead                           Min: 0, Avg:  2.8, Max: 9, Diff: 9, Sum: 11, Workers: 4
[38.951s][debug][gc,phases      ] GC(101)     Total                          Min: 8256, Avg: 10821.0, Max: 13760, Diff: 5504, Sum: 43284, Workers: 4
[38.951s][debug][gc,phases      ] GC(101)   ResolvedMethodTable Weak       Min:  0.0, Avg:  0.0, Max:  0.0, Diff:  0.0, Sum:  0.1, Workers: 4
[38.951s][debug][gc,phases      ] GC(101)     Dead                           Min: 0, Avg:  0.0, Max: 0, Diff: 0, Sum: 0, Workers: 4
[38.951s][debug][gc,phases      ] GC(101)     Total                          Min: 1472, Avg: 1874.0, Max: 2248, Diff: 776, Sum: 7496, Workers: 4
[38.951s][debug][gc,phases      ] GC(101)   JNI Weak                       Min:  0.0, Avg:  0.0, Max:  0.0, Diff:  0.0, Sum:  0.0, Workers: 4
[38.951s][debug][gc,phases      ] GC(101)     Dead                           Min: 0, Avg:  0.0, Max: 0, Diff: 0, Sum: 0, Workers: 4
[38.951s][debug][gc,phases      ] GC(101)     Total                          Min: 0, Avg:  0.8, Max: 3, Diff: 3, Sum: 3, Workers: 4
[38.951s][debug][gc,phases      ] GC(101)   StringDedup Table Weak         Min:  0.0, Avg:  0.0, Max:  0.0, Diff:  0.0, Sum:  0.0, Workers: 4
[38.951s][debug][gc,phases      ] GC(101)     Dead                           Min: 0, Avg:  0.0, Max: 0, Diff: 0, Sum: 0, Workers: 4
[38.951s][debug][gc,phases      ] GC(101)     Total                          Min: 0, Avg:  0.0, Max: 0, Diff: 0, Sum: 0, Workers: 4
[38.951s][debug][gc,phases      ] GC(101)   StringDedup Requests0 Weak     Min:  0.0, Avg:  0.0, Max:  0.0, Diff:  0.0, Sum:  0.0, Workers: 4
[38.951s][debug][gc,phases      ] GC(101)     Dead                           Min: 0, Avg:  0.0, Max: 0, Diff: 0, Sum: 0, Workers: 4
[38.951s][debug][gc,phases      ] GC(101)     Total                          Min: 0, Avg:  0.0, Max: 0, Diff: 0, Sum: 0, Workers: 4
[38.951s][debug][gc,phases      ] GC(101)   StringDedup Requests1 Weak     Min:  0.0, Avg:  0.0, Max:  0.0, Diff:  0.0, Sum:  0.0, Workers: 4
[38.951s][debug][gc,phases      ] GC(101)     Dead                           Min: 0, Avg:  0.0, Max: 0, Diff: 0, Sum: 0, Workers: 4
[38.951s][debug][gc,phases      ] GC(101)     Total                          Min: 0, Avg:  0.0, Max: 0, Diff: 0, Sum: 0, Workers: 4
[38.951s][debug][gc,phases      ] GC(101)   Weak JFR Old Object Samples    Min:  0.0, Avg:  0.0, Max:  0.0, Diff:  0.0, Sum:  0.0, Workers: 4
[38.951s][debug][gc,phases      ] GC(101)     Dead                           Min: 0, Avg:  0.0, Max: 0, Diff: 0, Sum: 0, Workers: 4
[38.951s][debug][gc,phases      ] GC(101)     Total                          Min: 0, Avg:  0.0, Max: 0, Diff: 0, Sum: 0, Workers: 4
[38.951s][debug][gc,phases      ] GC(101) Weak Processing 0.256ms
[38.951s][debug][gc,age         ] GC(101) Desired survivor size 72876032 bytes, new threshold 15 (max threshold 15)
[38.951s][info ][gc,heap        ] GC(101) PSYoungGen: 1981760K(2023424K)->33280K(2025984K) Eden: 1950208K(1950208K)->0K(1953792K) From: 31552K(73216K)->33280K(72192K)
[38.951s][info ][gc,heap        ] GC(101) ParOldGen: 634032K(683008K)->634957K(683008K)
[38.951s][info ][gc,metaspace   ] GC(101) Metaspace: 69989K(70784K)->69989K(70784K) NonClass: 59830K(60288K)->59830K(60288K) Class: 10159K(10496K)->10159K(10496K)
[38.951s][info ][gc             ] GC(101) Pause Young (Allocation Failure) 2554M->652M(2645M) 15.602ms
[38.951s][info ][gc,cpu         ] GC(101) User=0.05s Sys=0.00s Real=0.02s
[38.951s][info ][safepoint      ] Safepoint "ParallelGCFailedAllocation", Time since last: 377733912 ns, Reaching safepoint: 2168307 ns, At safepoint: 15696751 ns, Total: 17865058 ns
[39.376s][info ][gc,start       ] GC(102) Pause Young (Allocation Failure)
[39.393s][debug][gc,phases      ] GC(102) Scavenge 17.192ms
[39.393s][debug][gc,ref         ] GC(102) Skipped phase 1 of Reference Processing: no references
[39.393s][debug][gc,ref         ] GC(102) ReferenceProcessor::execute queues: 1, RefProcThreadModel::Single, marks_oops_alive: false
[39.393s][debug][gc,ref         ] GC(102) Skipped phase 3 of Reference Processing: no references
[39.393s][debug][gc,ref         ] GC(102) ReferenceProcessor::execute queues: 1, RefProcThreadModel::Single, marks_oops_alive: false
[39.393s][debug][gc,phases      ] GC(102) Reference Processing 0.116ms
[39.393s][debug][gc,phases      ] GC(102)   VM Weak                        Min:  0.0, Avg:  0.0, Max:  0.0, Diff:  0.0, Sum:  0.0, Workers: 4
[39.393s][debug][gc,phases      ] GC(102)     Dead                           Min: 0, Avg:  0.0, Max: 0, Diff: 0, Sum: 0, Workers: 4
[39.393s][debug][gc,phases      ] GC(102)     Total                          Min: 0, Avg: 161.2, Max: 517, Diff: 517, Sum: 645, Workers: 4
[39.393s][debug][gc,phases      ] GC(102)   ObjectSynchronizer Weak        Min:  0.0, Avg:  0.0, Max:  0.0, Diff:  0.0, Sum:  0.0, Workers: 4
[39.393s][debug][gc,phases      ] GC(102)     Dead                           Min: 0, Avg:  0.0, Max: 0, Diff: 0, Sum: 0, Workers: 4
[39.393s][debug][gc,phases      ] GC(102)     Total                          Min: 0, Avg: 88.5, Max: 128, Diff: 128, Sum: 354, Workers: 4
[39.393s][debug][gc,phases      ] GC(102)   JVMTI Tag Weak OopStorage      Min:  0.0, Avg:  0.0, Max:  0.0, Diff:  0.0, Sum:  0.0, Workers: 4
[39.393s][debug][gc,phases      ] GC(102)     Dead                           Min: 0, Avg:  0.0, Max: 0, Diff: 0, Sum: 0, Workers: 4
[39.393s][debug][gc,phases      ] GC(102)     Total                          Min: 0, Avg:  0.0, Max: 0, Diff: 0, Sum: 0, Workers: 4
[39.393s][debug][gc,phases      ] GC(102)   StringTable Weak               Min:  0.1, Avg:  0.1, Max:  0.1, Diff:  0.0, Sum:  0.4, Workers: 4
[39.393s][debug][gc,phases      ] GC(102)     Dead                           Min: 0, Avg:  3.2, Max: 12, Diff: 12, Sum: 13, Workers: 4
[39.393s][debug][gc,phases      ] GC(102)     Total                          Min: 9088, Avg: 10831.8, Max: 14400, Diff: 5312, Sum: 43327, Workers: 4
[39.393s][debug][gc,phases      ] GC(102)   ResolvedMethodTable Weak       Min:  0.0, Avg:  0.0, Max:  0.0, Diff:  0.0, Sum:  0.1, Workers: 4
[39.393s][debug][gc,phases      ] GC(102)     Dead                           Min: 0, Avg:  0.0, Max: 0, Diff: 0, Sum: 0, Workers: 4
[39.393s][debug][gc,phases      ] GC(102)     Total                          Min: 1722, Avg: 1885.5, Max: 2238, Diff: 516, Sum: 7542, Workers: 4
[39.393s][debug][gc,phases      ] GC(102)   JNI Weak                       Min:  0.0, Avg:  0.0, Max:  0.0, Diff:  0.0, Sum:  0.0, Workers: 4
[39.393s][debug][gc,phases      ] GC(102)     Dead                           Min: 0, Avg:  0.0, Max: 0, Diff: 0, Sum: 0, Workers: 4
[39.393s][debug][gc,phases      ] GC(102)     Total                          Min: 0, Avg:  5.0, Max: 20, Diff: 20, Sum: 20, Workers: 4
[39.393s][debug][gc,phases      ] GC(102)   StringDedup Table Weak         Min:  0.0, Avg:  0.0, Max:  0.0, Diff:  0.0, Sum:  0.0, Workers: 4
[39.393s][debug][gc,phases      ] GC(102)     Dead                           Min: 0, Avg:  0.0, Max: 0, Diff: 0, Sum: 0, Workers: 4
[39.393s][debug][gc,phases      ] GC(102)     Total                          Min: 0, Avg:  0.0, Max: 0, Diff: 0, Sum: 0, Workers: 4
[39.393s][debug][gc,phases      ] GC(102)   StringDedup Requests0 Weak     Min:  0.0, Avg:  0.0, Max:  0.0, Diff:  0.0, Sum:  0.0, Workers: 4
[39.393s][debug][gc,phases      ] GC(102)     Dead                           Min: 0, Avg:  0.0, Max: 0, Diff: 0, Sum: 0, Workers: 4
[39.393s][debug][gc,phases      ] GC(102)     Total                          Min: 0, Avg:  0.0, Max: 0, Diff: 0, Sum: 0, Workers: 4
[39.393s][debug][gc,phases      ] GC(102)   StringDedup Requests1 Weak     Min:  0.0, Avg:  0.0, Max:  0.0, Diff:  0.0, Sum:  0.0, Workers: 4
[39.393s][debug][gc,phases      ] GC(102)     Dead                           Min: 0, Avg:  0.0, Max: 0, Diff: 0, Sum: 0, Workers: 4
[39.393s][debug][gc,phases      ] GC(102)     Total                          Min: 0, Avg:  0.0, Max: 0, Diff: 0, Sum: 0, Workers: 4
[39.393s][debug][gc,phases      ] GC(102)   Weak JFR Old Object Samples    Min:  0.0, Avg:  0.0, Max:  0.0, Diff:  0.0, Sum:  0.0, Workers: 4
[39.393s][debug][gc,phases      ] GC(102)     Dead                           Min: 0, Avg:  0.0, Max: 0, Diff: 0, Sum: 0, Workers: 4
[39.393s][debug][gc,phases      ] GC(102)     Total                          Min: 0, Avg:  0.0, Max: 0, Diff: 0, Sum: 0, Workers: 4
[39.393s][debug][gc,phases      ] GC(102) Weak Processing 0.270ms
[39.393s][debug][gc,age         ] GC(102) Desired survivor size 71827456 bytes, new threshold 15 (max threshold 15)
[39.393s][info ][gc,heap        ] GC(102) PSYoungGen: 1987072K(2025984K)->32768K(2024960K) Eden: 1953792K(1953792K)->0K(1953792K) From: 33280K(72192K)->32768K(71168K)
[39.393s][info ][gc,heap        ] GC(102) ParOldGen: 634957K(683008K)->637641K(683008K)
[39.393s][info ][gc,metaspace   ] GC(102) Metaspace: 70150K(70976K)->70150K(70976K) NonClass: 59966K(60416K)->59966K(60416K) Class: 10183K(10560K)->10183K(10560K)
[39.393s][info ][gc             ] GC(102) Pause Young (Allocation Failure) 2560M->654M(2644M) 17.689ms
[39.393s][info ][gc,cpu         ] GC(102) User=0.07s Sys=0.00s Real=0.02s
[39.393s][info ][safepoint      ] Safepoint "ParallelGCFailedAllocation", Time since last: 424663663 ns, Reaching safepoint: 189100 ns, At safepoint: 17798857 ns, Total: 17987957 ns
[39.775s][info ][gc,start       ] GC(103) Pause Young (Allocation Failure)
[39.793s][debug][gc,phases      ] GC(103) Scavenge 18.030ms
[39.793s][debug][gc,ref         ] GC(103) Skipped phase 1 of Reference Processing: no references
[39.793s][debug][gc,ref         ] GC(103) ReferenceProcessor::execute queues: 1, RefProcThreadModel::Single, marks_oops_alive: false
[39.793s][debug][gc,ref         ] GC(103) Skipped phase 3 of Reference Processing: no references
[39.793s][debug][gc,ref         ] GC(103) ReferenceProcessor::execute queues: 1, RefProcThreadModel::Single, marks_oops_alive: false
[39.793s][debug][gc,phases      ] GC(103) Reference Processing 0.125ms
[39.793s][debug][gc,phases      ] GC(103)   VM Weak                        Min:  0.0, Avg:  0.0, Max:  0.0, Diff:  0.0, Sum:  0.0, Workers: 4
[39.793s][debug][gc,phases      ] GC(103)     Dead                           Min: 0, Avg:  0.0, Max: 0, Diff: 0, Sum: 0, Workers: 4
[39.793s][debug][gc,phases      ] GC(103)     Total                          Min: 0, Avg: 162.8, Max: 651, Diff: 651, Sum: 651, Workers: 4
[39.793s][debug][gc,phases      ] GC(103)   ObjectSynchronizer Weak        Min:  0.0, Avg:  0.0, Max:  0.0, Diff:  0.0, Sum:  0.0, Workers: 4
[39.793s][debug][gc,phases      ] GC(103)     Dead                           Min: 0, Avg:  0.0, Max: 0, Diff: 0, Sum: 0, Workers: 4
[39.793s][debug][gc,phases      ] GC(103)     Total                          Min: 0, Avg: 88.5, Max: 290, Diff: 290, Sum: 354, Workers: 4
[39.793s][debug][gc,phases      ] GC(103)   JVMTI Tag Weak OopStorage      Min:  0.0, Avg:  0.0, Max:  0.0, Diff:  0.0, Sum:  0.0, Workers: 4
[39.793s][debug][gc,phases      ] GC(103)     Dead                           Min: 0, Avg:  0.0, Max: 0, Diff: 0, Sum: 0, Workers: 4
[39.793s][debug][gc,phases      ] GC(103)     Total                          Min: 0, Avg:  0.0, Max: 0, Diff: 0, Sum: 0, Workers: 4
[39.793s][debug][gc,phases      ] GC(103)   StringTable Weak               Min:  0.1, Avg:  0.1, Max:  0.1, Diff:  0.0, Sum:  0.3, Workers: 4
[39.793s][debug][gc,phases      ] GC(103)     Dead                           Min: 0, Avg:  3.8, Max: 15, Diff: 15, Sum: 15, Workers: 4
[39.793s][debug][gc,phases      ] GC(103)     Total                          Min: 8865, Avg: 10837.0, Max: 13044, Diff: 4179, Sum: 43348, Workers: 4
[39.793s][debug][gc,phases      ] GC(103)   ResolvedMethodTable Weak       Min:  0.0, Avg:  0.0, Max:  0.0, Diff:  0.0, Sum:  0.1, Workers: 4
[39.793s][debug][gc,phases      ] GC(103)     Dead                           Min: 0, Avg:  0.0, Max: 0, Diff: 0, Sum: 0, Workers: 4
[39.793s][debug][gc,phases      ] GC(103)     Total                          Min: 1664, Avg: 1895.0, Max: 2368, Diff: 704, Sum: 7580, Workers: 4
[39.793s][debug][gc,phases      ] GC(103)   JNI Weak                       Min:  0.0, Avg:  0.0, Max:  0.0, Diff:  0.0, Sum:  0.0, Workers: 4
[39.793s][debug][gc,phases      ] GC(103)     Dead                           Min: 0, Avg:  0.0, Max: 0, Diff: 0, Sum: 0, Workers: 4
[39.793s][debug][gc,phases      ] GC(103)     Total                          Min: 0, Avg:  5.0, Max: 20, Diff: 20, Sum: 20, Workers: 4
[39.793s][debug][gc,phases      ] GC(103)   StringDedup Table Weak         Min:  0.0, Avg:  0.0, Max:  0.0, Diff:  0.0, Sum:  0.0, Workers: 4
[39.793s][debug][gc,phases      ] GC(103)     Dead                           Min: 0, Avg:  0.0, Max: 0, Diff: 0, Sum: 0, Workers: 4
[39.793s][debug][gc,phases      ] GC(103)     Total                          Min: 0, Avg:  0.0, Max: 0, Diff: 0, Sum: 0, Workers: 4
[39.793s][debug][gc,phases      ] GC(103)   StringDedup Requests0 Weak     Min:  0.0, Avg:  0.0, Max:  0.0, Diff:  0.0, Sum:  0.0, Workers: 4
[39.793s][debug][gc,phases      ] GC(103)     Dead                           Min: 0, Avg:  0.0, Max: 0, Diff: 0, Sum: 0, Workers: 4
[39.793s][debug][gc,phases      ] GC(103)     Total                          Min: 0, Avg:  0.0, Max: 0, Diff: 0, Sum: 0, Workers: 4
[39.793s][debug][gc,phases      ] GC(103)   StringDedup Requests1 Weak     Min:  0.0, Avg:  0.0, Max:  0.0, Diff:  0.0, Sum:  0.0, Workers: 4
[39.793s][debug][gc,phases      ] GC(103)     Dead                           Min: 0, Avg:  0.0, Max: 0, Diff: 0, Sum: 0, Workers: 4
[39.793s][debug][gc,phases      ] GC(103)     Total                          Min: 0, Avg:  0.0, Max: 0, Diff: 0, Sum: 0, Workers: 4
[39.793s][debug][gc,phases      ] GC(103)   Weak JFR Old Object Samples    Min:  0.0, Avg:  0.0, Max:  0.0, Diff:  0.0, Sum:  0.0, Workers: 4
[39.793s][debug][gc,phases      ] GC(103)     Dead                           Min: 0, Avg:  0.0, Max: 0, Diff: 0, Sum: 0, Workers: 4
[39.793s][debug][gc,phases      ] GC(103)     Total                          Min: 0, Avg:  0.0, Max: 0, Diff: 0, Sum: 0, Workers: 4
[39.793s][debug][gc,phases      ] GC(103) Weak Processing 0.285ms
[39.793s][debug][gc,age         ] GC(103) Desired survivor size 70254592 bytes, new threshold 15 (max threshold 15)
[39.793s][info ][gc,heap        ] GC(103) PSYoungGen: 1986560K(2024960K)->32368K(2028544K) Eden: 1953792K(1953792K)->0K(1958400K) From: 32768K(71168K)->32368K(70144K)
[39.793s][info ][gc,heap        ] GC(103) ParOldGen: 637641K(683008K)->642353K(683008K)
[39.793s][info ][gc,metaspace   ] GC(103) Metaspace: 70252K(71104K)->70252K(71104K) NonClass: 60054K(60544K)->60054K(60544K) Class: 10198K(10560K)->10198K(10560K)
[39.793s][info ][gc             ] GC(103) Pause Young (Allocation Failure) 2562M->658M(2648M) 18.577ms
[39.793s][info ][gc,cpu         ] GC(103) User=0.08s Sys=0.00s Real=0.02s
[39.793s][info ][safepoint      ] Safepoint "ParallelGCFailedAllocation", Time since last: 380840623 ns, Reaching safepoint: 210701 ns, At safepoint: 18695260 ns, Total: 18905961 ns
[40.156s][info ][gc,start       ] GC(104) Pause Young (Allocation Failure)
[40.170s][debug][gc,phases      ] GC(104) Scavenge 13.320ms
[40.170s][debug][gc,ref         ] GC(104) Skipped phase 1 of Reference Processing: no references
[40.170s][debug][gc,ref         ] GC(104) ReferenceProcessor::execute queues: 1, RefProcThreadModel::Single, marks_oops_alive: false
[40.170s][debug][gc,ref         ] GC(104) Skipped phase 3 of Reference Processing: no references
[40.170s][debug][gc,ref         ] GC(104) ReferenceProcessor::execute queues: 1, RefProcThreadModel::Single, marks_oops_alive: false
[40.170s][debug][gc,phases      ] GC(104) Reference Processing 0.085ms
[40.170s][debug][gc,phases      ] GC(104)   VM Weak                        Min:  0.0, Avg:  0.0, Max:  0.0, Diff:  0.0, Sum:  0.0, Workers: 4
[40.170s][debug][gc,phases      ] GC(104)     Dead                           Min: 0, Avg:  0.0, Max: 0, Diff: 0, Sum: 0, Workers: 4
[40.170s][debug][gc,phases      ] GC(104)     Total                          Min: 0, Avg: 162.8, Max: 576, Diff: 576, Sum: 651, Workers: 4
[40.170s][debug][gc,phases      ] GC(104)   ObjectSynchronizer Weak        Min:  0.0, Avg:  0.0, Max:  0.0, Diff:  0.0, Sum:  0.0, Workers: 4
[40.170s][debug][gc,phases      ] GC(104)     Dead                           Min: 0, Avg:  0.0, Max: 0, Diff: 0, Sum: 0, Workers: 4
[40.170s][debug][gc,phases      ] GC(104)     Total                          Min: 0, Avg: 88.5, Max: 226, Diff: 226, Sum: 354, Workers: 4
[40.170s][debug][gc,phases      ] GC(104)   JVMTI Tag Weak OopStorage      Min:  0.0, Avg:  0.0, Max:  0.0, Diff:  0.0, Sum:  0.0, Workers: 4
[40.170s][debug][gc,phases      ] GC(104)     Dead                           Min: 0, Avg:  0.0, Max: 0, Diff: 0, Sum: 0, Workers: 4
[40.170s][debug][gc,phases      ] GC(104)     Total                          Min: 0, Avg:  0.0, Max: 0, Diff: 0, Sum: 0, Workers: 4
[40.170s][debug][gc,phases      ] GC(104)   StringTable Weak               Min:  0.1, Avg:  0.1, Max:  0.1, Diff:  0.0, Sum:  0.3, Workers: 4
[40.170s][debug][gc,phases      ] GC(104)     Dead                           Min: 0, Avg:  0.0, Max: 0, Diff: 0, Sum: 0, Workers: 4
[40.170s][debug][gc,phases      ] GC(104)     Total                          Min: 8447, Avg: 10837.2, Max: 13346, Diff: 4899, Sum: 43349, Workers: 4
[40.170s][debug][gc,phases      ] GC(104)   ResolvedMethodTable Weak       Min:  0.0, Avg:  0.0, Max:  0.0, Diff:  0.0, Sum:  0.1, Workers: 4
[40.170s][debug][gc,phases      ] GC(104)     Dead                           Min: 0, Avg:  0.0, Max: 0, Diff: 0, Sum: 0, Workers: 4
[40.170s][debug][gc,phases      ] GC(104)     Total                          Min: 1536, Avg: 1895.0, Max: 2268, Diff: 732, Sum: 7580, Workers: 4
[40.170s][debug][gc,phases      ] GC(104)   JNI Weak                       Min:  0.0, Avg:  0.0, Max:  0.0, Diff:  0.0, Sum:  0.0, Workers: 4
[40.170s][debug][gc,phases      ] GC(104)     Dead                           Min: 0, Avg:  0.0, Max: 0, Diff: 0, Sum: 0, Workers: 4
[40.170s][debug][gc,phases      ] GC(104)     Total                          Min: 0, Avg:  0.0, Max: 0, Diff: 0, Sum: 0, Workers: 4
[40.170s][debug][gc,phases      ] GC(104)   StringDedup Table Weak         Min:  0.0, Avg:  0.0, Max:  0.0, Diff:  0.0, Sum:  0.0, Workers: 4
[40.170s][debug][gc,phases      ] GC(104)     Dead                           Min: 0, Avg:  0.0, Max: 0, Diff: 0, Sum: 0, Workers: 4
[40.170s][debug][gc,phases      ] GC(104)     Total                          Min: 0, Avg:  0.0, Max: 0, Diff: 0, Sum: 0, Workers: 4
[40.170s][debug][gc,phases      ] GC(104)   StringDedup Requests0 Weak     Min:  0.0, Avg:  0.0, Max:  0.0, Diff:  0.0, Sum:  0.0, Workers: 4
[40.170s][debug][gc,phases      ] GC(104)     Dead                           Min: 0, Avg:  0.0, Max: 0, Diff: 0, Sum: 0, Workers: 4
[40.170s][debug][gc,phases      ] GC(104)     Total                          Min: 0, Avg:  0.0, Max: 0, Diff: 0, Sum: 0, Workers: 4
[40.170s][debug][gc,phases      ] GC(104)   StringDedup Requests1 Weak     Min:  0.0, Avg:  0.0, Max:  0.0, Diff:  0.0, Sum:  0.0, Workers: 4
[40.170s][debug][gc,phases      ] GC(104)     Dead                           Min: 0, Avg:  0.0, Max: 0, Diff: 0, Sum: 0, Workers: 4
[40.170s][debug][gc,phases      ] GC(104)     Total                          Min: 0, Avg:  0.0, Max: 0, Diff: 0, Sum: 0, Workers: 4
[40.170s][debug][gc,phases      ] GC(104)   Weak JFR Old Object Samples    Min:  0.0, Avg:  0.0, Max:  0.0, Diff:  0.0, Sum:  0.0, Workers: 4
[40.170s][debug][gc,phases      ] GC(104)     Dead                           Min: 0, Avg:  0.0, Max: 0, Diff: 0, Sum: 0, Workers: 4
[40.170s][debug][gc,phases      ] GC(104)     Total                          Min: 0, Avg:  0.0, Max: 0, Diff: 0, Sum: 0, Workers: 4
[40.170s][debug][gc,phases      ] GC(104) Weak Processing 0.258ms
[40.170s][debug][gc,age         ] GC(104) Desired survivor size 69206016 bytes, new threshold 15 (max threshold 15)
[40.170s][info ][gc,heap        ] GC(104) PSYoungGen: 1990768K(2028544K)->30368K(2027008K) Eden: 1958400K(1958400K)->0K(1958400K) From: 32368K(70144K)->30368K(68608K)
[40.170s][info ][gc,heap        ] GC(104) ParOldGen: 642353K(683008K)->645697K(683008K)
[40.170s][info ][gc,metaspace   ] GC(104) Metaspace: 70260K(71104K)->70260K(71104K) NonClass: 60062K(60544K)->60062K(60544K) Class: 10198K(10560K)->10198K(10560K)
[40.170s][info ][gc             ] GC(104) Pause Young (Allocation Failure) 2571M->660M(2646M) 13.762ms
[40.170s][info ][gc,cpu         ] GC(104) User=0.04s Sys=0.00s Real=0.01s
[40.170s][info ][safepoint      ] Safepoint "ParallelGCFailedAllocation", Time since last: 363026365 ns, Reaching safepoint: 125200 ns, At safepoint: 13869545 ns, Total: 13994745 ns
[40.513s][info ][gc,start       ] GC(105) Pause Young (Allocation Failure)
[40.526s][debug][gc,phases      ] GC(105) Scavenge 13.526ms
[40.526s][debug][gc,ref         ] GC(105) Skipped phase 1 of Reference Processing: no references
[40.526s][debug][gc,ref         ] GC(105) ReferenceProcessor::execute queues: 1, RefProcThreadModel::Single, marks_oops_alive: false
[40.526s][debug][gc,ref         ] GC(105) Skipped phase 3 of Reference Processing: no references
[40.526s][debug][gc,ref         ] GC(105) ReferenceProcessor::execute queues: 1, RefProcThreadModel::Single, marks_oops_alive: false
[40.526s][debug][gc,phases      ] GC(105) Reference Processing 0.102ms
[40.527s][debug][gc,phases      ] GC(105)   VM Weak                        Min:  0.0, Avg:  0.0, Max:  0.0, Diff:  0.0, Sum:  0.0, Workers: 4
[40.527s][debug][gc,phases      ] GC(105)     Dead                           Min: 0, Avg:  0.0, Max: 0, Diff: 0, Sum: 0, Workers: 4
[40.527s][debug][gc,phases      ] GC(105)     Total                          Min: 0, Avg: 163.0, Max: 576, Diff: 576, Sum: 652, Workers: 4
[40.527s][debug][gc,phases      ] GC(105)   ObjectSynchronizer Weak        Min:  0.0, Avg:  0.0, Max:  0.0, Diff:  0.0, Sum:  0.0, Workers: 4
[40.527s][debug][gc,phases      ] GC(105)     Dead                           Min: 0, Avg:  0.0, Max: 0, Diff: 0, Sum: 0, Workers: 4
[40.527s][debug][gc,phases      ] GC(105)     Total                          Min: 0, Avg: 88.5, Max: 162, Diff: 162, Sum: 354, Workers: 4
[40.527s][debug][gc,phases      ] GC(105)   JVMTI Tag Weak OopStorage      Min:  0.0, Avg:  0.0, Max:  0.0, Diff:  0.0, Sum:  0.0, Workers: 4
[40.527s][debug][gc,phases      ] GC(105)     Dead                           Min: 0, Avg:  0.0, Max: 0, Diff: 0, Sum: 0, Workers: 4
[40.527s][debug][gc,phases      ] GC(105)     Total                          Min: 0, Avg:  0.0, Max: 0, Diff: 0, Sum: 0, Workers: 4
[40.527s][debug][gc,phases      ] GC(105)   StringTable Weak               Min:  0.1, Avg:  0.1, Max:  0.1, Diff:  0.0, Sum:  0.4, Workers: 4
[40.527s][debug][gc,phases      ] GC(105)     Dead                           Min: 0, Avg:  2.8, Max: 9, Diff: 9, Sum: 11, Workers: 4
[40.527s][debug][gc,phases      ] GC(105)     Total                          Min: 10368, Avg: 10837.2, Max: 11095, Diff: 727, Sum: 43349, Workers: 4
[40.527s][debug][gc,phases      ] GC(105)   ResolvedMethodTable Weak       Min:  0.0, Avg:  0.0, Max:  0.0, Diff:  0.0, Sum:  0.1, Workers: 4
[40.527s][debug][gc,phases      ] GC(105)     Dead                           Min: 0, Avg:  0.0, Max: 0, Diff: 0, Sum: 0, Workers: 4
[40.527s][debug][gc,phases      ] GC(105)     Total                          Min: 1792, Avg: 1895.2, Max: 1984, Diff: 192, Sum: 7581, Workers: 4
[40.527s][debug][gc,phases      ] GC(105)   JNI Weak                       Min:  0.0, Avg:  0.0, Max:  0.0, Diff:  0.0, Sum:  0.0, Workers: 4
[40.527s][debug][gc,phases      ] GC(105)     Dead                           Min: 0, Avg:  0.0, Max: 0, Diff: 0, Sum: 0, Workers: 4
[40.527s][debug][gc,phases      ] GC(105)     Total                          Min: 0, Avg:  0.0, Max: 0, Diff: 0, Sum: 0, Workers: 4
[40.527s][debug][gc,phases      ] GC(105)   StringDedup Table Weak         Min:  0.0, Avg:  0.0, Max:  0.0, Diff:  0.0, Sum:  0.0, Workers: 4
[40.527s][debug][gc,phases      ] GC(105)     Dead                           Min: 0, Avg:  0.0, Max: 0, Diff: 0, Sum: 0, Workers: 4
[40.527s][debug][gc,phases      ] GC(105)     Total                          Min: 0, Avg:  0.0, Max: 0, Diff: 0, Sum: 0, Workers: 4
[40.527s][debug][gc,phases      ] GC(105)   StringDedup Requests0 Weak     Min:  0.0, Avg:  0.0, Max:  0.0, Diff:  0.0, Sum:  0.0, Workers: 4
[40.527s][debug][gc,phases      ] GC(105)     Dead                           Min: 0, Avg:  0.0, Max: 0, Diff: 0, Sum: 0, Workers: 4
[40.527s][debug][gc,phases      ] GC(105)     Total                          Min: 0, Avg:  0.0, Max: 0, Diff: 0, Sum: 0, Workers: 4
[40.527s][debug][gc,phases      ] GC(105)   StringDedup Requests1 Weak     Min:  0.0, Avg:  0.0, Max:  0.0, Diff:  0.0, Sum:  0.0, Workers: 4
[40.527s][debug][gc,phases      ] GC(105)     Dead                           Min: 0, Avg:  0.0, Max: 0, Diff: 0, Sum: 0, Workers: 4
[40.527s][debug][gc,phases      ] GC(105)     Total                          Min: 0, Avg:  0.0, Max: 0, Diff: 0, Sum: 0, Workers: 4
[40.527s][debug][gc,phases      ] GC(105)   Weak JFR Old Object Samples    Min:  0.0, Avg:  0.0, Max:  0.0, Diff:  0.0, Sum:  0.0, Workers: 4
[40.527s][debug][gc,phases      ] GC(105)     Dead                           Min: 0, Avg:  0.0, Max: 0, Diff: 0, Sum: 0, Workers: 4
[40.527s][debug][gc,phases      ] GC(105)     Total                          Min: 0, Avg:  0.0, Max: 0, Diff: 0, Sum: 0, Workers: 4
[40.527s][debug][gc,phases      ] GC(105) Weak Processing 0.289ms
[40.527s][debug][gc,age         ] GC(105) Desired survivor size 68157440 bytes, new threshold 15 (max threshold 15)
[40.527s][info ][gc,heap        ] GC(105) PSYoungGen: 1988768K(2027008K)->28384K(2030592K) Eden: 1958400K(1958400K)->0K(1963008K) From: 30368K(68608K)->28384K(67584K)
[40.527s][info ][gc,heap        ] GC(105) ParOldGen: 645697K(683008K)->648897K(683008K)
[40.527s][info ][gc,metaspace   ] GC(105) Metaspace: 70263K(71104K)->70263K(71104K) NonClass: 60065K(60544K)->60065K(60544K) Class: 10198K(10560K)->10198K(10560K)
[40.527s][info ][gc             ] GC(105) Pause Young (Allocation Failure) 2572M->661M(2650M) 14.046ms
[40.527s][info ][gc,cpu         ] GC(105) User=0.05s Sys=0.00s Real=0.02s
[40.527s][info ][safepoint      ] Safepoint "ParallelGCFailedAllocation", Time since last: 342068298 ns, Reaching safepoint: 455901 ns, At safepoint: 14154946 ns, Total: 14610847 ns
[40.902s][info ][gc,start       ] GC(106) Pause Young (Allocation Failure)
[40.914s][debug][gc,phases      ] GC(106) Scavenge 11.177ms
[40.914s][debug][gc,ref         ] GC(106) Skipped phase 1 of Reference Processing: no references
[40.914s][debug][gc,ref         ] GC(106) ReferenceProcessor::execute queues: 1, RefProcThreadModel::Single, marks_oops_alive: false
[40.914s][debug][gc,ref         ] GC(106) Skipped phase 3 of Reference Processing: no references
[40.914s][debug][gc,ref         ] GC(106) ReferenceProcessor::execute queues: 1, RefProcThreadModel::Single, marks_oops_alive: false
[40.914s][debug][gc,phases      ] GC(106) Reference Processing 0.107ms
[40.914s][debug][gc,phases      ] GC(106)   VM Weak                        Min:  0.0, Avg:  0.0, Max:  0.0, Diff:  0.0, Sum:  0.0, Workers: 4
[40.914s][debug][gc,phases      ] GC(106)     Dead                           Min: 0, Avg:  0.0, Max: 0, Diff: 0, Sum: 0, Workers: 4
[40.914s][debug][gc,phases      ] GC(106)     Total                          Min: 0, Avg: 163.0, Max: 576, Diff: 576, Sum: 652, Workers: 4
[40.914s][debug][gc,phases      ] GC(106)   ObjectSynchronizer Weak        Min:  0.0, Avg:  0.0, Max:  0.0, Diff:  0.0, Sum:  0.0, Workers: 4
[40.914s][debug][gc,phases      ] GC(106)     Dead                           Min: 0, Avg:  0.0, Max: 0, Diff: 0, Sum: 0, Workers: 4
[40.914s][debug][gc,phases      ] GC(106)     Total                          Min: 0, Avg: 88.8, Max: 192, Diff: 192, Sum: 355, Workers: 4
[40.914s][debug][gc,phases      ] GC(106)   JVMTI Tag Weak OopStorage      Min:  0.0, Avg:  0.0, Max:  0.0, Diff:  0.0, Sum:  0.0, Workers: 4
[40.914s][debug][gc,phases      ] GC(106)     Dead                           Min: 0, Avg:  0.0, Max: 0, Diff: 0, Sum: 0, Workers: 4
[40.914s][debug][gc,phases      ] GC(106)     Total                          Min: 0, Avg:  0.0, Max: 0, Diff: 0, Sum: 0, Workers: 4
[40.914s][debug][gc,phases      ] GC(106)   StringTable Weak               Min:  0.1, Avg:  0.1, Max:  0.1, Diff:  0.0, Sum:  0.3, Workers: 4
[40.914s][debug][gc,phases      ] GC(106)     Dead                           Min: 0, Avg:  2.8, Max: 9, Diff: 9, Sum: 11, Workers: 4
[40.914s][debug][gc,phases      ] GC(106)     Total                          Min: 8631, Avg: 10837.2, Max: 13855, Diff: 5224, Sum: 43349, Workers: 4
[40.914s][debug][gc,phases      ] GC(106)   ResolvedMethodTable Weak       Min:  0.0, Avg:  0.0, Max:  0.0, Diff:  0.0, Sum:  0.1, Workers: 4
[40.914s][debug][gc,phases      ] GC(106)     Dead                           Min: 0, Avg:  0.0, Max: 0, Diff: 0, Sum: 0, Workers: 4
[40.914s][debug][gc,phases      ] GC(106)     Total                          Min: 1536, Avg: 1895.2, Max: 2333, Diff: 797, Sum: 7581, Workers: 4
[40.914s][debug][gc,phases      ] GC(106)   JNI Weak                       Min:  0.0, Avg:  0.0, Max:  0.0, Diff:  0.0, Sum:  0.0, Workers: 4
[40.914s][debug][gc,phases      ] GC(106)     Dead                           Min: 0, Avg:  0.0, Max: 0, Diff: 0, Sum: 0, Workers: 4
[40.914s][debug][gc,phases      ] GC(106)     Total                          Min: 0, Avg:  0.0, Max: 0, Diff: 0, Sum: 0, Workers: 4
[40.914s][debug][gc,phases      ] GC(106)   StringDedup Table Weak         Min:  0.0, Avg:  0.0, Max:  0.0, Diff:  0.0, Sum:  0.0, Workers: 4
[40.914s][debug][gc,phases      ] GC(106)     Dead                           Min: 0, Avg:  0.0, Max: 0, Diff: 0, Sum: 0, Workers: 4
[40.914s][debug][gc,phases      ] GC(106)     Total                          Min: 0, Avg:  0.0, Max: 0, Diff: 0, Sum: 0, Workers: 4
[40.914s][debug][gc,phases      ] GC(106)   StringDedup Requests0 Weak     Min:  0.0, Avg:  0.0, Max:  0.0, Diff:  0.0, Sum:  0.0, Workers: 4
[40.914s][debug][gc,phases      ] GC(106)     Dead                           Min: 0, Avg:  0.0, Max: 0, Diff: 0, Sum: 0, Workers: 4
[40.914s][debug][gc,phases      ] GC(106)     Total                          Min: 0, Avg:  0.0, Max: 0, Diff: 0, Sum: 0, Workers: 4
[40.914s][debug][gc,phases      ] GC(106)   StringDedup Requests1 Weak     Min:  0.0, Avg:  0.0, Max:  0.0, Diff:  0.0, Sum:  0.0, Workers: 4
[40.914s][debug][gc,phases      ] GC(106)     Dead                           Min: 0, Avg:  0.0, Max: 0, Diff: 0, Sum: 0, Workers: 4
[40.914s][debug][gc,phases      ] GC(106)     Total                          Min: 0, Avg:  0.0, Max: 0, Diff: 0, Sum: 0, Workers: 4
[40.914s][debug][gc,phases      ] GC(106)   Weak JFR Old Object Samples    Min:  0.0, Avg:  0.0, Max:  0.0, Diff:  0.0, Sum:  0.0, Workers: 4
[40.914s][debug][gc,phases      ] GC(106)     Dead                           Min: 0, Avg:  0.0, Max: 0, Diff: 0, Sum: 0, Workers: 4
[40.914s][debug][gc,phases      ] GC(106)     Total                          Min: 0, Avg:  0.0, Max: 0, Diff: 0, Sum: 0, Workers: 4
[40.914s][debug][gc,phases      ] GC(106) Weak Processing 0.244ms
[40.914s][debug][gc,age         ] GC(106) Desired survivor size 67108864 bytes, new threshold 15 (max threshold 15)
[40.914s][info ][gc,heap        ] GC(106) PSYoungGen: 1991392K(2030592K)->26528K(2029568K) Eden: 1963008K(1963008K)->0K(1963008K) From: 28384K(67584K)->26528K(66560K)
[40.914s][info ][gc,heap        ] GC(106) ParOldGen: 648897K(683008K)->653009K(683008K)
[40.914s][info ][gc,metaspace   ] GC(106) Metaspace: 70285K(71104K)->70285K(71104K) NonClass: 60086K(60544K)->60086K(60544K) Class: 10198K(10560K)->10198K(10560K)
[40.914s][info ][gc             ] GC(106) Pause Young (Allocation Failure) 2578M->663M(2649M) 11.654ms
[40.914s][info ][gc,cpu         ] GC(106) User=0.04s Sys=0.00s Real=0.01s
[40.914s][info ][safepoint      ] Safepoint "ParallelGCFailedAllocation", Time since last: 375436505 ns, Reaching safepoint: 127701 ns, At safepoint: 11761837 ns, Total: 11889538 ns
[41.596s][info ][gc,start       ] GC(107) Pause Young (Allocation Failure)
[41.613s][debug][gc,phases      ] GC(107) Scavenge 16.445ms
[41.613s][debug][gc,ref         ] GC(107) Skipped phase 1 of Reference Processing: no references
[41.613s][debug][gc,ref         ] GC(107) ReferenceProcessor::execute queues: 1, RefProcThreadModel::Single, marks_oops_alive: false
[41.613s][debug][gc,ref         ] GC(107) Skipped phase 3 of Reference Processing: no references
[41.613s][debug][gc,ref         ] GC(107) ReferenceProcessor::execute queues: 1, RefProcThreadModel::Single, marks_oops_alive: false
[41.613s][debug][gc,phases      ] GC(107) Reference Processing 0.117ms
[41.613s][debug][gc,phases      ] GC(107)   VM Weak                        Min:  0.0, Avg:  0.0, Max:  0.0, Diff:  0.0, Sum:  0.0, Workers: 4
[41.613s][debug][gc,phases      ] GC(107)     Dead                           Min: 0, Avg:  0.0, Max: 0, Diff: 0, Sum: 0, Workers: 4
[41.613s][debug][gc,phases      ] GC(107)     Total                          Min: 0, Avg: 163.0, Max: 524, Diff: 524, Sum: 652, Workers: 4
[41.613s][debug][gc,phases      ] GC(107)   ObjectSynchronizer Weak        Min:  0.0, Avg:  0.0, Max:  0.0, Diff:  0.0, Sum:  0.0, Workers: 4
[41.613s][debug][gc,phases      ] GC(107)     Dead                           Min: 0, Avg:  0.0, Max: 0, Diff: 0, Sum: 0, Workers: 4
[41.613s][debug][gc,phases      ] GC(107)     Total                          Min: 0, Avg: 90.0, Max: 168, Diff: 168, Sum: 360, Workers: 4
[41.613s][debug][gc,phases      ] GC(107)   JVMTI Tag Weak OopStorage      Min:  0.0, Avg:  0.0, Max:  0.0, Diff:  0.0, Sum:  0.0, Workers: 4
[41.613s][debug][gc,phases      ] GC(107)     Dead                           Min: 0, Avg:  0.0, Max: 0, Diff: 0, Sum: 0, Workers: 4
[41.613s][debug][gc,phases      ] GC(107)     Total                          Min: 0, Avg:  0.0, Max: 0, Diff: 0, Sum: 0, Workers: 4
[41.613s][debug][gc,phases      ] GC(107)   StringTable Weak               Min:  0.1, Avg:  0.1, Max:  0.1, Diff:  0.0, Sum:  0.3, Workers: 4
[41.613s][debug][gc,phases      ] GC(107)     Dead                           Min: 0, Avg:  2.8, Max: 11, Diff: 11, Sum: 11, Workers: 4
[41.613s][debug][gc,phases      ] GC(107)     Total                          Min: 8512, Avg: 10860.0, Max: 13111, Diff: 4599, Sum: 43440, Workers: 4
[41.613s][debug][gc,phases      ] GC(107)   ResolvedMethodTable Weak       Min:  0.0, Avg:  0.0, Max:  0.0, Diff:  0.0, Sum:  0.1, Workers: 4
[41.613s][debug][gc,phases      ] GC(107)     Dead                           Min: 0, Avg:  0.0, Max: 0, Diff: 0, Sum: 0, Workers: 4
[41.613s][debug][gc,phases      ] GC(107)     Total                          Min: 1280, Avg: 1895.2, Max: 2461, Diff: 1181, Sum: 7581, Workers: 4
[41.613s][debug][gc,phases      ] GC(107)   JNI Weak                       Min:  0.0, Avg:  0.0, Max:  0.0, Diff:  0.0, Sum:  0.0, Workers: 4
[41.613s][debug][gc,phases      ] GC(107)     Dead                           Min: 0, Avg:  0.0, Max: 0, Diff: 0, Sum: 0, Workers: 4
[41.613s][debug][gc,phases      ] GC(107)     Total                          Min: 0, Avg:  0.0, Max: 0, Diff: 0, Sum: 0, Workers: 4
[41.613s][debug][gc,phases      ] GC(107)   StringDedup Table Weak         Min:  0.0, Avg:  0.0, Max:  0.0, Diff:  0.0, Sum:  0.0, Workers: 4
[41.613s][debug][gc,phases      ] GC(107)     Dead                           Min: 0, Avg:  0.0, Max: 0, Diff: 0, Sum: 0, Workers: 4
[41.613s][debug][gc,phases      ] GC(107)     Total                          Min: 0, Avg:  0.0, Max: 0, Diff: 0, Sum: 0, Workers: 4
[41.613s][debug][gc,phases      ] GC(107)   StringDedup Requests0 Weak     Min:  0.0, Avg:  0.0, Max:  0.0, Diff:  0.0, Sum:  0.0, Workers: 4
[41.613s][debug][gc,phases      ] GC(107)     Dead                           Min: 0, Avg:  0.0, Max: 0, Diff: 0, Sum: 0, Workers: 4
[41.613s][debug][gc,phases      ] GC(107)     Total                          Min: 0, Avg:  0.0, Max: 0, Diff: 0, Sum: 0, Workers: 4
[41.613s][debug][gc,phases      ] GC(107)   StringDedup Requests1 Weak     Min:  0.0, Avg:  0.0, Max:  0.0, Diff:  0.0, Sum:  0.0, Workers: 4
[41.613s][debug][gc,phases      ] GC(107)     Dead                           Min: 0, Avg:  0.0, Max: 0, Diff: 0, Sum: 0, Workers: 4
[41.613s][debug][gc,phases      ] GC(107)     Total                          Min: 0, Avg:  0.0, Max: 0, Diff: 0, Sum: 0, Workers: 4
[41.613s][debug][gc,phases      ] GC(107)   Weak JFR Old Object Samples    Min:  0.0, Avg:  0.0, Max:  0.0, Diff:  0.0, Sum:  0.0, Workers: 4
[41.613s][debug][gc,phases      ] GC(107)     Dead                           Min: 0, Avg:  0.0, Max: 0, Diff: 0, Sum: 0, Workers: 4
[41.613s][debug][gc,phases      ] GC(107)     Total                          Min: 0, Avg:  0.0, Max: 0, Diff: 0, Sum: 0, Workers: 4
[41.613s][debug][gc,phases      ] GC(107) Weak Processing 0.259ms
[41.613s][debug][gc,age         ] GC(107) Desired survivor size 65011712 bytes, new threshold 15 (max threshold 15)
[41.613s][info ][gc,heap        ] GC(107) PSYoungGen: 1989536K(2029568K)->33040K(2033664K) Eden: 1963008K(1963008K)->0K(1968128K) From: 26528K(66560K)->33040K(65536K)
[41.613s][info ][gc,heap        ] GC(107) ParOldGen: 653009K(683008K)->656353K(683008K)
[41.613s][info ][gc,metaspace   ] GC(107) Metaspace: 70296K(71104K)->70296K(71104K) NonClass: 60097K(60544K)->60097K(60544K) Class: 10198K(10560K)->10198K(10560K)
[41.613s][info ][gc             ] GC(107) Pause Young (Allocation Failure) 2580M->673M(2653M) 16.940ms
[41.613s][info ][gc,cpu         ] GC(107) User=0.07s Sys=0.00s Real=0.01s
[41.613s][info ][safepoint      ] Safepoint "ParallelGCFailedAllocation", Time since last: 682003191 ns, Reaching safepoint: 142500 ns, At safepoint: 17008555 ns, Total: 17151055 ns
[42.167s][info ][safepoint      ] Safepoint "ICBufferFull", Time since last: 553610778 ns, Reaching safepoint: 163800 ns, At safepoint: 12200 ns, Total: 176000 ns
[42.370s][info ][safepoint      ] Safepoint "ICBufferFull", Time since last: 202316650 ns, Reaching safepoint: 187101 ns, At safepoint: 4200 ns, Total: 191301 ns
[42.468s][info ][safepoint      ] Safepoint "ICBufferFull", Time since last: 98101515 ns, Reaching safepoint: 183800 ns, At safepoint: 9600 ns, Total: 193400 ns
[42.529s][info ][safepoint      ] Safepoint "ICBufferFull", Time since last: 60422194 ns, Reaching safepoint: 171901 ns, At safepoint: 8900 ns, Total: 180801 ns
[42.667s][info ][safepoint      ] Safepoint "ICBufferFull", Time since last: 138517145 ns, Reaching safepoint: 228901 ns, At safepoint: 10200 ns, Total: 239101 ns
[42.874s][info ][safepoint      ] Safepoint "ICBufferFull", Time since last: 206469163 ns, Reaching safepoint: 148100 ns, At safepoint: 16801 ns, Total: 164901 ns
[43.215s][info ][safepoint      ] Safepoint "ICBufferFull", Time since last: 340528794 ns, Reaching safepoint: 119700 ns, At safepoint: 8200 ns, Total: 127900 ns
[43.405s][info ][safepoint      ] Safepoint "ICBufferFull", Time since last: 189959810 ns, Reaching safepoint: 171001 ns, At safepoint: 10100 ns, Total: 181101 ns
[43.453s][info ][safepoint      ] Safepoint "ICBufferFull", Time since last: 47762053 ns, Reaching safepoint: 261301 ns, At safepoint: 10300 ns, Total: 271601 ns
[43.763s][info ][safepoint      ] Safepoint "ICBufferFull", Time since last: 310429098 ns, Reaching safepoint: 147200 ns, At safepoint: 6100 ns, Total: 153300 ns
[44.105s][info ][safepoint      ] Safepoint "ICBufferFull", Time since last: 341319797 ns, Reaching safepoint: 168300 ns, At safepoint: 13400 ns, Total: 181700 ns
[44.753s][info ][safepoint      ] Safepoint "ICBufferFull", Time since last: 647636582 ns, Reaching safepoint: 196200 ns, At safepoint: 8400 ns, Total: 204600 ns
[45.316s][info ][safepoint      ] Safepoint "ICBufferFull", Time since last: 562860410 ns, Reaching safepoint: 204000 ns, At safepoint: 13300 ns, Total: 217300 ns
[45.511s][info ][safepoint      ] Safepoint "ICBufferFull", Time since last: 194794026 ns, Reaching safepoint: 179101 ns, At safepoint: 6700 ns, Total: 185801 ns
[45.794s][info ][safepoint      ] Safepoint "ICBufferFull", Time since last: 283244211 ns, Reaching safepoint: 169800 ns, At safepoint: 9000 ns, Total: 178800 ns
[45.863s][info ][safepoint      ] Safepoint "ICBufferFull", Time since last: 68163919 ns, Reaching safepoint: 218101 ns, At safepoint: 12800 ns, Total: 230901 ns
[45.957s][info ][safepoint      ] Safepoint "ICBufferFull", Time since last: 94515404 ns, Reaching safepoint: 205800 ns, At safepoint: 10101 ns, Total: 215901 ns
[45.996s][info ][safepoint      ] Safepoint "ICBufferFull", Time since last: 38576324 ns, Reaching safepoint: 204200 ns, At safepoint: 8000 ns, Total: 212200 ns
[46.152s][info ][safepoint      ] Safepoint "ICBufferFull", Time since last: 155570900 ns, Reaching safepoint: 458502 ns, At safepoint: 16300 ns, Total: 474802 ns
[46.404s][info ][safepoint      ] Safepoint "ICBufferFull", Time since last: 251790410 ns, Reaching safepoint: 243800 ns, At safepoint: 20700 ns, Total: 264500 ns
[46.621s][info ][safepoint      ] Safepoint "ICBufferFull", Time since last: 216655897 ns, Reaching safepoint: 175401 ns, At safepoint: 9400 ns, Total: 184801 ns
[47.205s][info ][safepoint      ] Safepoint "ICBufferFull", Time since last: 583527276 ns, Reaching safepoint: 155701 ns, At safepoint: 6300 ns, Total: 162001 ns
[48.161s][info ][safepoint      ] Safepoint "ICBufferFull", Time since last: 955590473 ns, Reaching safepoint: 201901 ns, At safepoint: 6700 ns, Total: 208601 ns
[49.161s][info ][safepoint      ] Safepoint "Cleanup", Time since last: 1000102717 ns, Reaching safepoint: 208001 ns, At safepoint: 16900 ns, Total: 224901 ns
[50.161s][info ][safepoint      ] Safepoint "Cleanup", Time since last: 1000110618 ns, Reaching safepoint: 190201 ns, At safepoint: 12700 ns, Total: 202901 ns
[51.106s][info ][safepoint      ] Safepoint "ICBufferFull", Time since last: 944462940 ns, Reaching safepoint: 202300 ns, At safepoint: 9300 ns, Total: 211600 ns
[52.048s][info ][safepoint      ] Safepoint "ICBufferFull", Time since last: 942342434 ns, Reaching safepoint: 168801 ns, At safepoint: 9400 ns, Total: 178201 ns
[52.286s][info ][safepoint      ] Safepoint "ICBufferFull", Time since last: 237371564 ns, Reaching safepoint: 187101 ns, At safepoint: 16700 ns, Total: 203801 ns
[52.504s][info ][safepoint      ] Safepoint "ICBufferFull", Time since last: 218225502 ns, Reaching safepoint: 192901 ns, At safepoint: 3100 ns, Total: 196001 ns
[53.123s][info ][safepoint      ] Safepoint "ICBufferFull", Time since last: 618940993 ns, Reaching safepoint: 164601 ns, At safepoint: 10200 ns, Total: 174801 ns
[54.124s][info ][safepoint      ] Safepoint "Cleanup", Time since last: 1000104221 ns, Reaching safepoint: 165201 ns, At safepoint: 13500 ns, Total: 178701 ns
[56.058s][info ][safepoint      ] Safepoint "ICBufferFull", Time since last: 1933628530 ns, Reaching safepoint: 145301 ns, At safepoint: 9700 ns, Total: 155001 ns
[57.058s][info ][safepoint      ] Safepoint "Cleanup", Time since last: 1000107923 ns, Reaching safepoint: 94101 ns, At safepoint: 8600 ns, Total: 102701 ns
[57.239s][info ][gc,start       ] GC(108) Pause Young (Allocation Failure)
[57.263s][debug][gc,phases      ] GC(108) Scavenge 24.386ms
[57.263s][debug][gc,ref         ] GC(108) Skipped phase 1 of Reference Processing: no references
[57.263s][debug][gc,ref         ] GC(108) ReferenceProcessor::execute queues: 1, RefProcThreadModel::Single, marks_oops_alive: false
[57.263s][debug][gc,ref         ] GC(108) ReferenceProcessor::execute queues: 4, RefProcThreadModel::Multi, marks_oops_alive: true
[57.263s][debug][gc,ref         ] GC(108) ReferenceProcessor::execute queues: 1, RefProcThreadModel::Single, marks_oops_alive: false
[57.263s][debug][gc,phases      ] GC(108) Reference Processing 0.272ms
[57.263s][debug][gc,phases      ] GC(108)   VM Weak                        Min:  0.0, Avg:  0.0, Max:  0.0, Diff:  0.0, Sum:  0.0, Workers: 4
[57.263s][debug][gc,phases      ] GC(108)     Dead                           Min: 0, Avg:  0.0, Max: 0, Diff: 0, Sum: 0, Workers: 4
[57.263s][debug][gc,phases      ] GC(108)     Total                          Min: 0, Avg: 178.0, Max: 448, Diff: 448, Sum: 712, Workers: 4
[57.263s][debug][gc,phases      ] GC(108)   ObjectSynchronizer Weak        Min:  0.0, Avg:  0.0, Max:  0.0, Diff:  0.0, Sum:  0.0, Workers: 4
[57.264s][debug][gc,phases      ] GC(108)     Dead                           Min: 0, Avg:  0.5, Max: 2, Diff: 2, Sum: 2, Workers: 4
[57.264s][debug][gc,phases      ] GC(108)     Total                          Min: 0, Avg: 91.2, Max: 192, Diff: 192, Sum: 365, Workers: 4
[57.264s][debug][gc,phases      ] GC(108)   JVMTI Tag Weak OopStorage      Min:  0.0, Avg:  0.0, Max:  0.0, Diff:  0.0, Sum:  0.0, Workers: 4
[57.264s][debug][gc,phases      ] GC(108)     Dead                           Min: 0, Avg:  0.0, Max: 0, Diff: 0, Sum: 0, Workers: 4
[57.264s][debug][gc,phases      ] GC(108)     Total                          Min: 0, Avg:  0.0, Max: 0, Diff: 0, Sum: 0, Workers: 4
[57.264s][debug][gc,phases      ] GC(108)   StringTable Weak               Min:  0.1, Avg:  0.1, Max:  0.1, Diff:  0.0, Sum:  0.4, Workers: 4
[57.264s][debug][gc,phases      ] GC(108)     Dead                           Min: 0, Avg:  4.2, Max: 12, Diff: 12, Sum: 17, Workers: 4
[57.264s][debug][gc,phases      ] GC(108)     Total                          Min: 9792, Avg: 11908.5, Max: 14784, Diff: 4992, Sum: 47634, Workers: 4
[57.264s][debug][gc,phases      ] GC(108)   ResolvedMethodTable Weak       Min:  0.0, Avg:  0.0, Max:  0.0, Diff:  0.0, Sum:  0.1, Workers: 4
[57.264s][debug][gc,phases      ] GC(108)     Dead                           Min: 22, Avg: 39.5, Max: 75, Diff: 53, Sum: 158, Workers: 4
[57.264s][debug][gc,phases      ] GC(108)     Total                          Min: 1984, Avg: 2152.5, Max: 2338, Diff: 354, Sum: 8610, Workers: 4
[57.264s][debug][gc,phases      ] GC(108)   JNI Weak                       Min:  0.0, Avg:  0.0, Max:  0.0, Diff:  0.0, Sum:  0.0, Workers: 4
[57.264s][debug][gc,phases      ] GC(108)     Dead                           Min: 0, Avg:  0.0, Max: 0, Diff: 0, Sum: 0, Workers: 4
[57.264s][debug][gc,phases      ] GC(108)     Total                          Min: 0, Avg:  0.0, Max: 0, Diff: 0, Sum: 0, Workers: 4
[57.264s][debug][gc,phases      ] GC(108)   StringDedup Table Weak         Min:  0.0, Avg:  0.0, Max:  0.0, Diff:  0.0, Sum:  0.0, Workers: 4
[57.264s][debug][gc,phases      ] GC(108)     Dead                           Min: 0, Avg:  0.0, Max: 0, Diff: 0, Sum: 0, Workers: 4
[57.264s][debug][gc,phases      ] GC(108)     Total                          Min: 0, Avg:  0.0, Max: 0, Diff: 0, Sum: 0, Workers: 4
[57.264s][debug][gc,phases      ] GC(108)   StringDedup Requests0 Weak     Min:  0.0, Avg:  0.0, Max:  0.0, Diff:  0.0, Sum:  0.0, Workers: 4
[57.264s][debug][gc,phases      ] GC(108)     Dead                           Min: 0, Avg:  0.0, Max: 0, Diff: 0, Sum: 0, Workers: 4
[57.264s][debug][gc,phases      ] GC(108)     Total                          Min: 0, Avg:  0.0, Max: 0, Diff: 0, Sum: 0, Workers: 4
[57.264s][debug][gc,phases      ] GC(108)   StringDedup Requests1 Weak     Min:  0.0, Avg:  0.0, Max:  0.0, Diff:  0.0, Sum:  0.0, Workers: 4
[57.264s][debug][gc,phases      ] GC(108)     Dead                           Min: 0, Avg:  0.0, Max: 0, Diff: 0, Sum: 0, Workers: 4
[57.264s][debug][gc,phases      ] GC(108)     Total                          Min: 0, Avg:  0.0, Max: 0, Diff: 0, Sum: 0, Workers: 4
[57.264s][debug][gc,phases      ] GC(108)   Weak JFR Old Object Samples    Min:  0.0, Avg:  0.0, Max:  0.0, Diff:  0.0, Sum:  0.0, Workers: 4
[57.264s][debug][gc,phases      ] GC(108)     Dead                           Min: 0, Avg:  0.0, Max: 0, Diff: 0, Sum: 0, Workers: 4
[57.264s][debug][gc,phases      ] GC(108)     Total                          Min: 0, Avg:  0.0, Max: 0, Diff: 0, Sum: 0, Workers: 4
[57.264s][debug][gc,phases      ] GC(108) Weak Processing 0.281ms
[57.264s][debug][gc,age         ] GC(108) Desired survivor size 79167488 bytes, new threshold 14 (max threshold 15)
[57.264s][info ][gc,heap        ] GC(108) PSYoungGen: 2001168K(2033664K)->63484K(2031616K) Eden: 1968128K(1968128K)->0K(1968128K) From: 33040K(65536K)->63484K(63488K)
[57.264s][info ][gc,heap        ] GC(108) ParOldGen: 656353K(683008K)->673306K(683008K)
[57.264s][info ][gc,metaspace   ] GC(108) Metaspace: 82576K(83456K)->82576K(83456K) NonClass: 70835K(71296K)->70835K(71296K) Class: 11740K(12160K)->11740K(12160K)
[57.264s][info ][gc             ] GC(108) Pause Young (Allocation Failure) 2595M->719M(2651M) 25.053ms
[57.264s][info ][gc,cpu         ] GC(108) User=0.09s Sys=0.01s Real=0.02s
[57.264s][debug][gc,phases      ] GC(109) Pre Compact 0.007ms
[57.264s][info ][gc,start       ] GC(109) Pause Full (Ergonomics)
[57.264s][info ][gc,phases,start] GC(109) Marking Phase
[57.388s][debug][gc,phases      ] GC(109) Par Mark 124.445ms
[57.388s][debug][gc,ref         ] GC(109) Skipped phase 1 of Reference Processing: no references
[57.389s][debug][gc,ref         ] GC(109) ReferenceProcessor::execute queues: 4, RefProcThreadModel::Multi, marks_oops_alive: false
[57.389s][debug][gc,ref         ] GC(109) Skipped phase 3 of Reference Processing: no references
[57.389s][debug][gc,ref         ] GC(109) ReferenceProcessor::execute queues: 1, RefProcThreadModel::Single, marks_oops_alive: false
[57.389s][debug][gc,phases      ] GC(109) Reference Processing 0.807ms
[57.389s][debug][gc,phases      ] GC(109)   VM Weak                        Min:  0.0, Avg:  0.0, Max:  0.0, Diff:  0.0, Sum:  0.0, Workers: 4
[57.389s][debug][gc,phases      ] GC(109)     Dead                           Min: 0, Avg:  0.2, Max: 1, Diff: 1, Sum: 1, Workers: 4
[57.389s][debug][gc,phases      ] GC(109)     Total                          Min: 0, Avg: 178.0, Max: 384, Diff: 384, Sum: 712, Workers: 4
[57.389s][debug][gc,phases      ] GC(109)   ObjectSynchronizer Weak        Min:  0.0, Avg:  0.0, Max:  0.0, Diff:  0.0, Sum:  0.0, Workers: 4
[57.389s][debug][gc,phases      ] GC(109)     Dead                           Min: 0, Avg:  0.8, Max: 2, Diff: 2, Sum: 3, Workers: 4
[57.389s][debug][gc,phases      ] GC(109)     Total                          Min: 0, Avg: 91.2, Max: 128, Diff: 128, Sum: 365, Workers: 4
[57.389s][debug][gc,phases      ] GC(109)   JVMTI Tag Weak OopStorage      Min:  0.0, Avg:  0.0, Max:  0.0, Diff:  0.0, Sum:  0.0, Workers: 4
[57.389s][debug][gc,phases      ] GC(109)     Dead                           Min: 0, Avg:  0.0, Max: 0, Diff: 0, Sum: 0, Workers: 4
[57.389s][debug][gc,phases      ] GC(109)     Total                          Min: 0, Avg:  0.0, Max: 0, Diff: 0, Sum: 0, Workers: 4
[57.389s][debug][gc,phases      ] GC(109)   StringTable Weak               Min:  0.1, Avg:  0.1, Max:  0.1, Diff:  0.0, Sum:  0.6, Workers: 4
[57.389s][debug][gc,phases      ] GC(109)     Dead                           Min: 0, Avg:  0.0, Max: 0, Diff: 0, Sum: 0, Workers: 4
[57.389s][debug][gc,phases      ] GC(109)     Total                          Min: 11072, Avg: 11908.5, Max: 12736, Diff: 1664, Sum: 47634, Workers: 4
[57.389s][debug][gc,phases      ] GC(109)   ResolvedMethodTable Weak       Min:  0.0, Avg:  0.0, Max:  0.0, Diff:  0.0, Sum:  0.1, Workers: 4
[57.389s][debug][gc,phases      ] GC(109)     Dead                           Min: 0, Avg:  0.2, Max: 1, Diff: 1, Sum: 1, Workers: 4
[57.389s][debug][gc,phases      ] GC(109)     Total                          Min: 1856, Avg: 2152.5, Max: 2467, Diff: 611, Sum: 8610, Workers: 4
[57.389s][debug][gc,phases      ] GC(109)   JNI Weak                       Min:  0.0, Avg:  0.0, Max:  0.0, Diff:  0.0, Sum:  0.0, Workers: 4
[57.389s][debug][gc,phases      ] GC(109)     Dead                           Min: 0, Avg:  0.0, Max: 0, Diff: 0, Sum: 0, Workers: 4
[57.389s][debug][gc,phases      ] GC(109)     Total                          Min: 0, Avg:  0.0, Max: 0, Diff: 0, Sum: 0, Workers: 4
[57.389s][debug][gc,phases      ] GC(109)   StringDedup Table Weak         Min:  0.0, Avg:  0.0, Max:  0.0, Diff:  0.0, Sum:  0.0, Workers: 4
[57.389s][debug][gc,phases      ] GC(109)     Dead                           Min: 0, Avg:  0.0, Max: 0, Diff: 0, Sum: 0, Workers: 4
[57.389s][debug][gc,phases      ] GC(109)     Total                          Min: 0, Avg:  0.0, Max: 0, Diff: 0, Sum: 0, Workers: 4
[57.389s][debug][gc,phases      ] GC(109)   StringDedup Requests0 Weak     Min:  0.0, Avg:  0.0, Max:  0.0, Diff:  0.0, Sum:  0.0, Workers: 4
[57.389s][debug][gc,phases      ] GC(109)     Dead                           Min: 0, Avg:  0.0, Max: 0, Diff: 0, Sum: 0, Workers: 4
[57.389s][debug][gc,phases      ] GC(109)     Total                          Min: 0, Avg:  0.0, Max: 0, Diff: 0, Sum: 0, Workers: 4
[57.389s][debug][gc,phases      ] GC(109)   StringDedup Requests1 Weak     Min:  0.0, Avg:  0.0, Max:  0.0, Diff:  0.0, Sum:  0.0, Workers: 4
[57.389s][debug][gc,phases      ] GC(109)     Dead                           Min: 0, Avg:  0.0, Max: 0, Diff: 0, Sum: 0, Workers: 4
[57.389s][debug][gc,phases      ] GC(109)     Total                          Min: 0, Avg:  0.0, Max: 0, Diff: 0, Sum: 0, Workers: 4
[57.389s][debug][gc,phases      ] GC(109)   Weak JFR Old Object Samples    Min:  0.0, Avg:  0.0, Max:  0.0, Diff:  0.0, Sum:  0.0, Workers: 4
[57.389s][debug][gc,phases      ] GC(109)     Dead                           Min: 0, Avg:  0.0, Max: 0, Diff: 0, Sum: 0, Workers: 4
[57.389s][debug][gc,phases      ] GC(109)     Total                          Min: 0, Avg:  0.0, Max: 0, Diff: 0, Sum: 0, Workers: 4
[57.389s][debug][gc,phases      ] GC(109) Weak Processing 0.329ms
[57.390s][debug][gc,phases      ] GC(109) ClassLoaderData 0.188ms
[57.390s][debug][gc,phases      ] GC(109) Trigger cleanups 0.001ms
[57.413s][debug][gc,phases      ] GC(109) Class Unloading 23.367ms
[57.413s][info ][gc,phases      ] GC(109) Marking Phase 149.100ms
[57.413s][info ][gc,phases,start] GC(109) Summary Phase
[57.413s][info ][gc,phases      ] GC(109) Summary Phase 0.019ms
[57.413s][info ][gc,phases,start] GC(109) Adjust Roots
[57.424s][info ][gc,phases      ] GC(109) Adjust Roots 11.270ms
[57.424s][info ][gc,phases,start] GC(109) Compaction Phase
[57.569s][info ][gc,phases      ] GC(109) Compaction Phase 144.418ms
[57.569s][info ][gc,phases,start] GC(109) Post Compact
[57.571s][info ][gc,phases      ] GC(109) Post Compact 2.039ms
[57.571s][info ][gc,heap        ] GC(109) PSYoungGen: 63484K(2031616K)->0K(2008064K) Eden: 0K(1968128K)->0K(1942528K) From: 63484K(63488K)->0K(65536K)
[57.571s][info ][gc,heap        ] GC(109) ParOldGen: 673306K(683008K)->421640K(518144K)
[57.571s][info ][gc,metaspace   ] GC(109) Metaspace: 82576K(83456K)->82575K(83456K) NonClass: 70835K(71296K)->70834K(71296K) Class: 11740K(12160K)->11740K(12160K)
[57.571s][info ][gc             ] GC(109) Pause Full (Ergonomics) 719M->411M(2467M) 307.263ms
[57.571s][info ][gc,cpu         ] GC(109) User=1.11s Sys=0.01s Real=0.31s
[57.571s][info ][safepoint      ] Safepoint "ParallelGCFailedAllocation", Time since last: 180761582 ns, Reaching safepoint: 38300 ns, At safepoint: 332453372 ns, Total: 332491672 ns
[58.571s][info ][safepoint      ] Safepoint "Cleanup", Time since last: 1000082525 ns, Reaching safepoint: 89600 ns, At safepoint: 6400 ns, Total: 96000 ns
[59.571s][info ][safepoint      ] Safepoint "Cleanup", Time since last: 1000085626 ns, Reaching safepoint: 71200 ns, At safepoint: 6100 ns, Total: 77300 ns
[60.572s][info ][safepoint      ] Safepoint "Cleanup", Time since last: 1000095927 ns, Reaching safepoint: 74600 ns, At safepoint: 3600 ns, Total: 78200 ns
[61.665s][info ][safepoint      ] Safepoint "ICBufferFull", Time since last: 1093786129 ns, Reaching safepoint: 169201 ns, At safepoint: 6600 ns, Total: 175801 ns
[62.170s][info ][safepoint      ] Safepoint "ICBufferFull", Time since last: 504253627 ns, Reaching safepoint: 183501 ns, At safepoint: 11000 ns, Total: 194501 ns
[63.194s][info ][safepoint      ] Safepoint "Cleanup", Time since last: 1024347607 ns, Reaching safepoint: 159200 ns, At safepoint: 10700 ns, Total: 169900 ns
[64.195s][info ][safepoint      ] Safepoint "Cleanup", Time since last: 1000101429 ns, Reaching safepoint: 66001 ns, At safepoint: 7700 ns, Total: 73701 ns
[65.195s][info ][safepoint      ] Safepoint "Cleanup", Time since last: 1000101630 ns, Reaching safepoint: 63900 ns, At safepoint: 7700 ns, Total: 71600 ns
[66.195s][info ][safepoint      ] Safepoint "Cleanup", Time since last: 1000092130 ns, Reaching safepoint: 89601 ns, At safepoint: 10300 ns, Total: 99901 ns
[67.195s][info ][safepoint      ] Safepoint "Cleanup", Time since last: 1000096431 ns, Reaching safepoint: 117301 ns, At safepoint: 8000 ns, Total: 125301 ns
[68.721s][info ][safepoint      ] Safepoint "Cleanup", Time since last: 1526186732 ns, Reaching safepoint: 86601 ns, At safepoint: 6800 ns, Total: 93401 ns
[69.722s][info ][safepoint      ] Safepoint "Cleanup", Time since last: 1000069733 ns, Reaching safepoint: 139501 ns, At safepoint: 13700 ns, Total: 153201 ns
[70.722s][info ][safepoint      ] Safepoint "Cleanup", Time since last: 1000093034 ns, Reaching safepoint: 90200 ns, At safepoint: 10000 ns, Total: 100200 ns
[71.722s][info ][safepoint      ] Safepoint "Cleanup", Time since last: 1000077735 ns, Reaching safepoint: 53800 ns, At safepoint: 10100 ns, Total: 63900 ns
[72.722s][info ][safepoint      ] Safepoint "Cleanup", Time since last: 1000094236 ns, Reaching safepoint: 73100 ns, At safepoint: 8400 ns, Total: 81500 ns
[73.722s][info ][safepoint      ] Safepoint "Cleanup", Time since last: 1000095537 ns, Reaching safepoint: 75300 ns, At safepoint: 11600 ns, Total: 86900 ns
[74.723s][info ][safepoint      ] Safepoint "Cleanup", Time since last: 1000101337 ns, Reaching safepoint: 94300 ns, At safepoint: 10900 ns, Total: 105200 ns
[75.723s][info ][safepoint      ] Safepoint "Cleanup", Time since last: 1000108138 ns, Reaching safepoint: 55501 ns, At safepoint: 13800 ns, Total: 69301 ns
[76.954s][info ][safepoint      ] Safepoint "ICBufferFull", Time since last: 1230658485 ns, Reaching safepoint: 222501 ns, At safepoint: 9600 ns, Total: 232101 ns
[77.954s][info ][safepoint      ] Safepoint "Cleanup", Time since last: 1000106739 ns, Reaching safepoint: 140801 ns, At safepoint: 9700 ns, Total: 150501 ns
[78.954s][info ][safepoint      ] Safepoint "Cleanup", Time since last: 1000088440 ns, Reaching safepoint: 123501 ns, At safepoint: 15200 ns, Total: 138701 ns
[79.954s][info ][safepoint      ] Safepoint "Cleanup", Time since last: 1000105341 ns, Reaching safepoint: 120400 ns, At safepoint: 12500 ns, Total: 132900 ns
[80.955s][info ][safepoint      ] Safepoint "Cleanup", Time since last: 1000097342 ns, Reaching safepoint: 144501 ns, At safepoint: 11100 ns, Total: 155601 ns
[82.331s][info ][safepoint      ] Safepoint "Cleanup", Time since last: 1376567463 ns, Reaching safepoint: 122501 ns, At safepoint: 13400 ns, Total: 135901 ns
[83.332s][info ][safepoint      ] Safepoint "Cleanup", Time since last: 1000100543 ns, Reaching safepoint: 59101 ns, At safepoint: 9700 ns, Total: 68801 ns
[84.332s][info ][safepoint      ] Safepoint "Cleanup", Time since last: 1000091844 ns, Reaching safepoint: 42300 ns, At safepoint: 10000 ns, Total: 52300 ns
[85.332s][info ][safepoint      ] Safepoint "Cleanup", Time since last: 1000092845 ns, Reaching safepoint: 92101 ns, At safepoint: 8500 ns, Total: 100601 ns
[86.332s][info ][safepoint      ] Safepoint "Cleanup", Time since last: 1000109245 ns, Reaching safepoint: 57401 ns, At safepoint: 6200 ns, Total: 63601 ns
[87.332s][info ][safepoint      ] Safepoint "Cleanup", Time since last: 1000087846 ns, Reaching safepoint: 132201 ns, At safepoint: 12200 ns, Total: 144401 ns
[87.715s][info ][gc,start       ] GC(110) Pause Young (Allocation Failure)
[87.720s][debug][gc,phases      ] GC(110) Scavenge 5.012ms
[87.720s][debug][gc,ref         ] GC(110) Skipped phase 1 of Reference Processing: no references
[87.720s][debug][gc,ref         ] GC(110) ReferenceProcessor::execute queues: 1, RefProcThreadModel::Single, marks_oops_alive: false
[87.720s][debug][gc,ref         ] GC(110) Skipped phase 3 of Reference Processing: no references
[87.720s][debug][gc,ref         ] GC(110) ReferenceProcessor::execute queues: 1, RefProcThreadModel::Single, marks_oops_alive: false
[87.720s][debug][gc,phases      ] GC(110) Reference Processing 0.138ms
[87.720s][debug][gc,phases      ] GC(110)   VM Weak                        Min:  0.0, Avg:  0.0, Max:  0.0, Diff:  0.0, Sum:  0.0, Workers: 4
[87.720s][debug][gc,phases      ] GC(110)     Dead                           Min: 0, Avg:  0.0, Max: 0, Diff: 0, Sum: 0, Workers: 4
[87.720s][debug][gc,phases      ] GC(110)     Total                          Min: 0, Avg: 184.5, Max: 738, Diff: 738, Sum: 738, Workers: 4
[87.720s][debug][gc,phases      ] GC(110)   ObjectSynchronizer Weak        Min:  0.0, Avg:  0.0, Max:  0.0, Diff:  0.0, Sum:  0.0, Workers: 4
[87.720s][debug][gc,phases      ] GC(110)     Dead                           Min: 0, Avg:  0.2, Max: 1, Diff: 1, Sum: 1, Workers: 4
[87.720s][debug][gc,phases      ] GC(110)     Total                          Min: 0, Avg: 92.0, Max: 240, Diff: 240, Sum: 368, Workers: 4
[87.720s][debug][gc,phases      ] GC(110)   JVMTI Tag Weak OopStorage      Min:  0.0, Avg:  0.0, Max:  0.0, Diff:  0.0, Sum:  0.0, Workers: 4
[87.720s][debug][gc,phases      ] GC(110)     Dead                           Min: 0, Avg:  0.0, Max: 0, Diff: 0, Sum: 0, Workers: 4
[87.720s][debug][gc,phases      ] GC(110)     Total                          Min: 0, Avg:  0.0, Max: 0, Diff: 0, Sum: 0, Workers: 4
[87.720s][debug][gc,phases      ] GC(110)   StringTable Weak               Min:  0.1, Avg:  0.1, Max:  0.1, Diff:  0.0, Sum:  0.3, Workers: 4
[87.720s][debug][gc,phases      ] GC(110)     Dead                           Min: 1, Avg:  1.0, Max: 1, Diff: 0, Sum: 4, Workers: 4
[87.720s][debug][gc,phases      ] GC(110)     Total                          Min: 10112, Avg: 12026.5, Max: 12928, Diff: 2816, Sum: 48106, Workers: 4
[87.720s][debug][gc,phases      ] GC(110)   ResolvedMethodTable Weak       Min:  0.0, Avg:  0.0, Max:  0.0, Diff:  0.0, Sum:  0.1, Workers: 4
[87.720s][debug][gc,phases      ] GC(110)     Dead                           Min: 0, Avg:  0.0, Max: 0, Diff: 0, Sum: 0, Workers: 4
[87.720s][debug][gc,phases      ] GC(110)     Total                          Min: 1530, Avg: 2136.0, Max: 2581, Diff: 1051, Sum: 8544, Workers: 4
[87.720s][debug][gc,phases      ] GC(110)   JNI Weak                       Min:  0.0, Avg:  0.0, Max:  0.0, Diff:  0.0, Sum:  0.0, Workers: 4
[87.720s][debug][gc,phases      ] GC(110)     Dead                           Min: 0, Avg:  0.0, Max: 0, Diff: 0, Sum: 0, Workers: 4
[87.720s][debug][gc,phases      ] GC(110)     Total                          Min: 0, Avg:  0.5, Max: 2, Diff: 2, Sum: 2, Workers: 4
[87.720s][debug][gc,phases      ] GC(110)   StringDedup Table Weak         Min:  0.0, Avg:  0.0, Max:  0.0, Diff:  0.0, Sum:  0.0, Workers: 4
[87.720s][debug][gc,phases      ] GC(110)     Dead                           Min: 0, Avg:  0.0, Max: 0, Diff: 0, Sum: 0, Workers: 4
[87.720s][debug][gc,phases      ] GC(110)     Total                          Min: 0, Avg:  0.0, Max: 0, Diff: 0, Sum: 0, Workers: 4
[87.720s][debug][gc,phases      ] GC(110)   StringDedup Requests0 Weak     Min:  0.0, Avg:  0.0, Max:  0.0, Diff:  0.0, Sum:  0.0, Workers: 4
[87.720s][debug][gc,phases      ] GC(110)     Dead                           Min: 0, Avg:  0.0, Max: 0, Diff: 0, Sum: 0, Workers: 4
[87.720s][debug][gc,phases      ] GC(110)     Total                          Min: 0, Avg:  0.0, Max: 0, Diff: 0, Sum: 0, Workers: 4
[87.720s][debug][gc,phases      ] GC(110)   StringDedup Requests1 Weak     Min:  0.0, Avg:  0.0, Max:  0.0, Diff:  0.0, Sum:  0.0, Workers: 4
[87.720s][debug][gc,phases      ] GC(110)     Dead                           Min: 0, Avg:  0.0, Max: 0, Diff: 0, Sum: 0, Workers: 4
[87.720s][debug][gc,phases      ] GC(110)     Total                          Min: 0, Avg:  0.0, Max: 0, Diff: 0, Sum: 0, Workers: 4
[87.720s][debug][gc,phases      ] GC(110)   Weak JFR Old Object Samples    Min:  0.0, Avg:  0.0, Max:  0.0, Diff:  0.0, Sum:  0.0, Workers: 4
[87.720s][debug][gc,phases      ] GC(110)     Dead                           Min: 0, Avg:  0.0, Max: 0, Diff: 0, Sum: 0, Workers: 4
[87.720s][debug][gc,phases      ] GC(110)     Total                          Min: 0, Avg:  0.0, Max: 0, Diff: 0, Sum: 0, Workers: 4
[87.720s][debug][gc,phases      ] GC(110) Weak Processing 0.273ms
[87.720s][debug][gc,age         ] GC(110) Desired survivor size 79691776 bytes, new threshold 15 (max threshold 15)
[87.720s][info ][gc,heap        ] GC(110) PSYoungGen: 1942528K(2008064K)->14988K(1957888K) Eden: 1942528K(1942528K)->0K(1942528K) From: 0K(65536K)->14988K(15360K)
[87.720s][info ][gc,heap        ] GC(110) ParOldGen: 421640K(518144K)->421648K(518144K)
[87.720s][info ][gc,metaspace   ] GC(110) Metaspace: 83662K(84544K)->83662K(84544K) NonClass: 71804K(72256K)->71804K(72256K) Class: 11858K(12288K)->11858K(12288K)
[87.720s][info ][gc             ] GC(110) Pause Young (Allocation Failure) 2308M->426M(2418M) 5.527ms
[87.720s][info ][gc,cpu         ] GC(110) User=0.03s Sys=0.00s Real=0.01s
[87.720s][info ][safepoint      ] Safepoint "ParallelGCFailedAllocation", Time since last: 382315641 ns, Reaching safepoint: 145601 ns, At safepoint: 5597718 ns, Total: 5743319 ns
[88.721s][info ][safepoint      ] Safepoint "Cleanup", Time since last: 1000061347 ns, Reaching safepoint: 103801 ns, At safepoint: 10200 ns, Total: 114001 ns
[89.721s][info ][safepoint      ] Safepoint "Cleanup", Time since last: 1000098148 ns, Reaching safepoint: 122600 ns, At safepoint: 6500 ns, Total: 129100 ns
[91.062s][info ][safepoint      ] Safepoint "Cleanup", Time since last: 1341184558 ns, Reaching safepoint: 256401 ns, At safepoint: 10200 ns, Total: 266601 ns
[92.062s][info ][safepoint      ] Safepoint "Cleanup", Time since last: 1000093950 ns, Reaching safepoint: 99900 ns, At safepoint: 6400 ns, Total: 106300 ns
[93.063s][info ][safepoint      ] Safepoint "Cleanup", Time since last: 1000060851 ns, Reaching safepoint: 83100 ns, At safepoint: 7300 ns, Total: 90400 ns
[94.063s][info ][safepoint      ] Safepoint "Cleanup", Time since last: 1000093552 ns, Reaching safepoint: 45200 ns, At safepoint: 3600 ns, Total: 48800 ns
[95.063s][info ][safepoint      ] Safepoint "Cleanup", Time since last: 1000095752 ns, Reaching safepoint: 44800 ns, At safepoint: 5800 ns, Total: 50600 ns
[96.063s][info ][safepoint      ] Safepoint "Cleanup", Time since last: 1000093253 ns, Reaching safepoint: 58300 ns, At safepoint: 11000 ns, Total: 69300 ns
[97.063s][info ][safepoint      ] Safepoint "Cleanup", Time since last: 1000097854 ns, Reaching safepoint: 43500 ns, At safepoint: 7300 ns, Total: 50800 ns
[98.063s][info ][safepoint      ] Safepoint "Cleanup", Time since last: 1000090755 ns, Reaching safepoint: 136200 ns, At safepoint: 11000 ns, Total: 147200 ns
[99.064s][info ][safepoint      ] Safepoint "Cleanup", Time since last: 1000091255 ns, Reaching safepoint: 51700 ns, At safepoint: 9901 ns, Total: 61601 ns
[100.064s][info ][safepoint      ] Safepoint "Cleanup", Time since last: 1000093855 ns, Reaching safepoint: 55201 ns, At safepoint: 8200 ns, Total: 63401 ns
[101.964s][info ][safepoint      ] Safepoint "Cleanup", Time since last: 1900019087 ns, Reaching safepoint: 157601 ns, At safepoint: 9800 ns, Total: 167401 ns
[103.394s][info ][safepoint      ] Safepoint "Cleanup", Time since last: 1430385160 ns, Reaching safepoint: 96700 ns, At safepoint: 8400 ns, Total: 105100 ns
[104.394s][info ][safepoint      ] Safepoint "Cleanup", Time since last: 1000097959 ns, Reaching safepoint: 36500 ns, At safepoint: 3800 ns, Total: 40300 ns
[105.400s][info ][safepoint      ] Safepoint "Cleanup", Time since last: 1005425177 ns, Reaching safepoint: 90001 ns, At safepoint: 9700 ns, Total: 99701 ns
[107.279s][info ][safepoint      ] Safepoint "Cleanup", Time since last: 1878517324 ns, Reaching safepoint: 67901 ns, At safepoint: 12300 ns, Total: 80201 ns
[108.279s][info ][safepoint      ] Safepoint "Cleanup", Time since last: 1000099461 ns, Reaching safepoint: 38200 ns, At safepoint: 6700 ns, Total: 44900 ns
[109.280s][info ][safepoint      ] Safepoint "Cleanup", Time since last: 1001160566 ns, Reaching safepoint: 67501 ns, At safepoint: 5000 ns, Total: 72501 ns
[110.280s][info ][safepoint      ] Safepoint "Cleanup", Time since last: 1000101763 ns, Reaching safepoint: 68700 ns, At safepoint: 10100 ns, Total: 78800 ns
[111.280s][info ][safepoint      ] Safepoint "Cleanup", Time since last: 1000110964 ns, Reaching safepoint: 67200 ns, At safepoint: 10300 ns, Total: 77500 ns
[112.281s][info ][safepoint      ] Safepoint "Cleanup", Time since last: 1000104365 ns, Reaching safepoint: 43700 ns, At safepoint: 3200 ns, Total: 46900 ns
[113.281s][info ][safepoint      ] Safepoint "Cleanup", Time since last: 1000092865 ns, Reaching safepoint: 38200 ns, At safepoint: 3400 ns, Total: 41600 ns
[114.281s][info ][safepoint      ] Safepoint "Cleanup", Time since last: 1000098766 ns, Reaching safepoint: 49801 ns, At safepoint: 13800 ns, Total: 63601 ns
[117.281s][info ][safepoint      ] Safepoint "Cleanup", Time since last: 3000207801 ns, Reaching safepoint: 49501 ns, At safepoint: 10600 ns, Total: 60101 ns
[118.281s][info ][safepoint      ] Safepoint "Cleanup", Time since last: 1000063468 ns, Reaching safepoint: 53800 ns, At safepoint: 11000 ns, Total: 64800 ns
[119.281s][info ][safepoint      ] Safepoint "Cleanup", Time since last: 1000100970 ns, Reaching safepoint: 43200 ns, At safepoint: 6400 ns, Total: 49600 ns
[120.282s][info ][safepoint      ] Safepoint "Cleanup", Time since last: 1000097170 ns, Reaching safepoint: 50000 ns, At safepoint: 5900 ns, Total: 55900 ns
[121.282s][info ][safepoint      ] Safepoint "Cleanup", Time since last: 1000086471 ns, Reaching safepoint: 41100 ns, At safepoint: 9200 ns, Total: 50300 ns
[122.282s][info ][safepoint      ] Safepoint "Cleanup", Time since last: 1000092272 ns, Reaching safepoint: 73700 ns, At safepoint: 5800 ns, Total: 79500 ns
[122.702s][info ][gc,start       ] GC(111) Pause Young (Allocation Failure)
[122.709s][debug][gc,phases      ] GC(111) Scavenge 7.028ms
[122.709s][debug][gc,ref         ] GC(111) Skipped phase 1 of Reference Processing: no references
[122.709s][debug][gc,ref         ] GC(111) ReferenceProcessor::execute queues: 1, RefProcThreadModel::Single, marks_oops_alive: false
[122.709s][debug][gc,ref         ] GC(111) Skipped phase 3 of Reference Processing: no references
[122.709s][debug][gc,ref         ] GC(111) ReferenceProcessor::execute queues: 1, RefProcThreadModel::Single, marks_oops_alive: false
[122.709s][debug][gc,phases      ] GC(111) Reference Processing 0.112ms
[122.709s][debug][gc,phases      ] GC(111)   VM Weak                        Min:  0.0, Avg:  0.0, Max:  0.0, Diff:  0.0, Sum:  0.0, Workers: 4
[122.709s][debug][gc,phases      ] GC(111)     Dead                           Min: 0, Avg:  0.0, Max: 0, Diff: 0, Sum: 0, Workers: 4
[122.709s][debug][gc,phases      ] GC(111)     Total                          Min: 0, Avg: 186.2, Max: 448, Diff: 448, Sum: 745, Workers: 4
[122.709s][debug][gc,phases      ] GC(111)   ObjectSynchronizer Weak        Min:  0.0, Avg:  0.0, Max:  0.0, Diff:  0.0, Sum:  0.0, Workers: 4
[122.709s][debug][gc,phases      ] GC(111)     Dead                           Min: 0, Avg:  0.0, Max: 0, Diff: 0, Sum: 0, Workers: 4
[122.709s][debug][gc,phases      ] GC(111)     Total                          Min: 0, Avg: 92.2, Max: 177, Diff: 177, Sum: 369, Workers: 4
[122.709s][debug][gc,phases      ] GC(111)   JVMTI Tag Weak OopStorage      Min:  0.0, Avg:  0.0, Max:  0.0, Diff:  0.0, Sum:  0.0, Workers: 4
[122.709s][debug][gc,phases      ] GC(111)     Dead                           Min: 0, Avg:  0.0, Max: 0, Diff: 0, Sum: 0, Workers: 4
[122.709s][debug][gc,phases      ] GC(111)     Total                          Min: 0, Avg:  0.0, Max: 0, Diff: 0, Sum: 0, Workers: 4
[122.709s][debug][gc,phases      ] GC(111)   StringTable Weak               Min:  0.1, Avg:  0.1, Max:  0.1, Diff:  0.0, Sum:  0.4, Workers: 4
[122.709s][debug][gc,phases      ] GC(111)     Dead                           Min: 0, Avg:  0.8, Max: 2, Diff: 2, Sum: 3, Workers: 4
[122.709s][debug][gc,phases      ] GC(111)     Total                          Min: 9664, Avg: 12052.8, Max: 14931, Diff: 5267, Sum: 48211, Workers: 4
[122.709s][debug][gc,phases      ] GC(111)   ResolvedMethodTable Weak       Min:  0.0, Avg:  0.0, Max:  0.0, Diff:  0.0, Sum:  0.1, Workers: 4
[122.709s][debug][gc,phases      ] GC(111)     Dead                           Min: 0, Avg:  0.0, Max: 0, Diff: 0, Sum: 0, Workers: 4
[122.709s][debug][gc,phases      ] GC(111)     Total                          Min: 1849, Avg: 2158.2, Max: 2752, Diff: 903, Sum: 8633, Workers: 4
[122.709s][debug][gc,phases      ] GC(111)   JNI Weak                       Min:  0.0, Avg:  0.0, Max:  0.0, Diff:  0.0, Sum:  0.0, Workers: 4
[122.709s][debug][gc,phases      ] GC(111)     Dead                           Min: 0, Avg:  0.0, Max: 0, Diff: 0, Sum: 0, Workers: 4
[122.709s][debug][gc,phases      ] GC(111)     Total                          Min: 0, Avg:  0.0, Max: 0, Diff: 0, Sum: 0, Workers: 4
[122.709s][debug][gc,phases      ] GC(111)   StringDedup Table Weak         Min:  0.0, Avg:  0.0, Max:  0.0, Diff:  0.0, Sum:  0.0, Workers: 4
[122.709s][debug][gc,phases      ] GC(111)     Dead                           Min: 0, Avg:  0.0, Max: 0, Diff: 0, Sum: 0, Workers: 4
[122.709s][debug][gc,phases      ] GC(111)     Total                          Min: 0, Avg:  0.0, Max: 0, Diff: 0, Sum: 0, Workers: 4
[122.709s][debug][gc,phases      ] GC(111)   StringDedup Requests0 Weak     Min:  0.0, Avg:  0.0, Max:  0.0, Diff:  0.0, Sum:  0.0, Workers: 4
[122.709s][debug][gc,phases      ] GC(111)     Dead                           Min: 0, Avg:  0.0, Max: 0, Diff: 0, Sum: 0, Workers: 4
[122.709s][debug][gc,phases      ] GC(111)     Total                          Min: 0, Avg:  0.0, Max: 0, Diff: 0, Sum: 0, Workers: 4
[122.709s][debug][gc,phases      ] GC(111)   StringDedup Requests1 Weak     Min:  0.0, Avg:  0.0, Max:  0.0, Diff:  0.0, Sum:  0.0, Workers: 4
[122.709s][debug][gc,phases      ] GC(111)     Dead                           Min: 0, Avg:  0.0, Max: 0, Diff: 0, Sum: 0, Workers: 4
[122.709s][debug][gc,phases      ] GC(111)     Total                          Min: 0, Avg:  0.0, Max: 0, Diff: 0, Sum: 0, Workers: 4
[122.709s][debug][gc,phases      ] GC(111)   Weak JFR Old Object Samples    Min:  0.0, Avg:  0.0, Max:  0.0, Diff:  0.0, Sum:  0.0, Workers: 4
[122.709s][debug][gc,phases      ] GC(111)     Dead                           Min: 0, Avg:  0.0, Max: 0, Diff: 0, Sum: 0, Workers: 4
[122.709s][debug][gc,phases      ] GC(111)     Total                          Min: 0, Avg:  0.0, Max: 0, Diff: 0, Sum: 0, Workers: 4
[122.709s][debug][gc,phases      ] GC(111) Weak Processing 0.287ms
[122.709s][debug][gc,age         ] GC(111) Desired survivor size 78118912 bytes, new threshold 15 (max threshold 15)
[122.709s][info ][gc,heap        ] GC(111) PSYoungGen: 1957516K(1957888K)->24481K(2020864K) Eden: 1942528K(1942528K)->0K(1943040K) From: 14988K(15360K)->24481K(77824K)
[122.709s][info ][gc,heap        ] GC(111) ParOldGen: 421648K(518144K)->421656K(518144K)
[122.709s][info ][gc,metaspace   ] GC(111) Metaspace: 84088K(85056K)->84088K(85056K) NonClass: 72176K(72704K)->72176K(72704K) Class: 11912K(12352K)->11912K(12352K)
[122.709s][info ][gc             ] GC(111) Pause Young (Allocation Failure) 2323M->435M(2479M) 7.527ms
[122.709s][info ][gc,cpu         ] GC(111) User=0.03s Sys=0.00s Real=0.01s
[122.709s][info ][safepoint      ] Safepoint "ParallelGCFailedAllocation", Time since last: 419747773 ns, Reaching safepoint: 38501 ns, At safepoint: 7601924 ns, Total: 7640425 ns
[123.709s][info ][safepoint      ] Safepoint "Cleanup", Time since last: 1000078873 ns, Reaching safepoint: 42100 ns, At safepoint: 8000 ns, Total: 50100 ns
[124.709s][info ][safepoint      ] Safepoint "Cleanup", Time since last: 1000091373 ns, Reaching safepoint: 43200 ns, At safepoint: 3000 ns, Total: 46200 ns
[125.710s][info ][safepoint      ] Safepoint "Cleanup", Time since last: 1000100174 ns, Reaching safepoint: 146701 ns, At safepoint: 8200 ns, Total: 154901 ns
[126.710s][info ][safepoint      ] Safepoint "Cleanup", Time since last: 1000091674 ns, Reaching safepoint: 50500 ns, At safepoint: 8800 ns, Total: 59300 ns
[127.710s][info ][safepoint      ] Safepoint "Cleanup", Time since last: 1000089176 ns, Reaching safepoint: 39500 ns, At safepoint: 4100 ns, Total: 43600 ns
[128.710s][info ][safepoint      ] Safepoint "Cleanup", Time since last: 1000095476 ns, Reaching safepoint: 44700 ns, At safepoint: 2800 ns, Total: 47500 ns
[129.710s][info ][safepoint      ] Safepoint "Cleanup", Time since last: 1000094776 ns, Reaching safepoint: 50501 ns, At safepoint: 7000 ns, Total: 57501 ns
[130.710s][info ][safepoint      ] Safepoint "Cleanup", Time since last: 1000091677 ns, Reaching safepoint: 44500 ns, At safepoint: 6200 ns, Total: 50700 ns
[132.711s][info ][safepoint      ] Safepoint "Cleanup", Time since last: 2000149657 ns, Reaching safepoint: 39900 ns, At safepoint: 8700 ns, Total: 48600 ns
[133.711s][info ][safepoint      ] Safepoint "Cleanup", Time since last: 1000096979 ns, Reaching safepoint: 57300 ns, At safepoint: 6000 ns, Total: 63300 ns
[134.711s][info ][safepoint      ] Safepoint "Cleanup", Time since last: 1000090680 ns, Reaching safepoint: 53000 ns, At safepoint: 6100 ns, Total: 59100 ns
[135.711s][info ][safepoint      ] Safepoint "Cleanup", Time since last: 1000087381 ns, Reaching safepoint: 72300 ns, At safepoint: 5800 ns, Total: 78100 ns
[136.711s][info ][safepoint      ] Safepoint "Cleanup", Time since last: 1000097482 ns, Reaching safepoint: 82000 ns, At safepoint: 5700 ns, Total: 87700 ns
[137.711s][info ][safepoint      ] Safepoint "Cleanup", Time since last: 1000094982 ns, Reaching safepoint: 46500 ns, At safepoint: 7900 ns, Total: 54400 ns
[138.712s][info ][safepoint      ] Safepoint "Cleanup", Time since last: 1000093783 ns, Reaching safepoint: 73200 ns, At safepoint: 8300 ns, Total: 81500 ns
[140.405s][info ][safepoint      ] Safepoint "Cleanup", Time since last: 1693292659 ns, Reaching safepoint: 201001 ns, At safepoint: 8300 ns, Total: 209301 ns
[141.405s][info ][safepoint      ] Safepoint "Cleanup", Time since last: 1000096385 ns, Reaching safepoint: 110900 ns, At safepoint: 5300 ns, Total: 116200 ns
[142.406s][info ][safepoint      ] Safepoint "Cleanup", Time since last: 1000102485 ns, Reaching safepoint: 130900 ns, At safepoint: 10000 ns, Total: 140900 ns
[143.406s][info ][safepoint      ] Safepoint "Cleanup", Time since last: 1000103886 ns, Reaching safepoint: 140701 ns, At safepoint: 9600 ns, Total: 150301 ns
[144.406s][info ][safepoint      ] Safepoint "Cleanup", Time since last: 1000093786 ns, Reaching safepoint: 118601 ns, At safepoint: 14200 ns, Total: 132801 ns
[145.406s][info ][safepoint      ] Safepoint "Cleanup", Time since last: 1000097387 ns, Reaching safepoint: 168900 ns, At safepoint: 10000 ns, Total: 178900 ns
[146.407s][info ][safepoint      ] Safepoint "Cleanup", Time since last: 1000100388 ns, Reaching safepoint: 150101 ns, At safepoint: 10100 ns, Total: 160201 ns
[147.407s][info ][safepoint      ] Safepoint "Cleanup", Time since last: 1000101988 ns, Reaching safepoint: 111300 ns, At safepoint: 5900 ns, Total: 117200 ns
[148.407s][info ][safepoint      ] Safepoint "Cleanup", Time since last: 1000096589 ns, Reaching safepoint: 120201 ns, At safepoint: 8900 ns, Total: 129101 ns
[149.407s][info ][safepoint      ] Safepoint "Cleanup", Time since last: 1000096590 ns, Reaching safepoint: 117800 ns, At safepoint: 16600 ns, Total: 134400 ns
[150.407s][info ][safepoint      ] Safepoint "Cleanup", Time since last: 1000092990 ns, Reaching safepoint: 43101 ns, At safepoint: 5600 ns, Total: 48701 ns
[151.408s][info ][safepoint      ] Safepoint "Cleanup", Time since last: 1000097791 ns, Reaching safepoint: 120700 ns, At safepoint: 9000 ns, Total: 129700 ns
[152.408s][info ][safepoint      ] Safepoint "Cleanup", Time since last: 1000104892 ns, Reaching safepoint: 109900 ns, At safepoint: 8200 ns, Total: 118100 ns
[153.408s][info ][safepoint      ] Safepoint "Cleanup", Time since last: 1000123092 ns, Reaching safepoint: 120801 ns, At safepoint: 11500 ns, Total: 132301 ns
[154.408s][info ][safepoint      ] Safepoint "Cleanup", Time since last: 1000096493 ns, Reaching safepoint: 41400 ns, At safepoint: 7800 ns, Total: 49200 ns
[155.408s][info ][safepoint      ] Safepoint "Cleanup", Time since last: 1000091794 ns, Reaching safepoint: 51200 ns, At safepoint: 15700 ns, Total: 66900 ns
[156.409s][info ][safepoint      ] Safepoint "Cleanup", Time since last: 1000099794 ns, Reaching safepoint: 43900 ns, At safepoint: 13100 ns, Total: 57000 ns
[157.409s][info ][safepoint      ] Safepoint "Cleanup", Time since last: 1000093395 ns, Reaching safepoint: 60500 ns, At safepoint: 8900 ns, Total: 69400 ns
[158.409s][info ][safepoint      ] Safepoint "Cleanup", Time since last: 1000095396 ns, Reaching safepoint: 124800 ns, At safepoint: 9900 ns, Total: 134700 ns
[159.409s][info ][safepoint      ] Safepoint "Cleanup", Time since last: 1000094697 ns, Reaching safepoint: 50400 ns, At safepoint: 6300 ns, Total: 56700 ns
[160.409s][info ][safepoint      ] Safepoint "Cleanup", Time since last: 1000087297 ns, Reaching safepoint: 44700 ns, At safepoint: 5800 ns, Total: 50500 ns
[161.410s][info ][safepoint      ] Safepoint "Cleanup", Time since last: 1000111297 ns, Reaching safepoint: 130001 ns, At safepoint: 11600 ns, Total: 141601 ns
[162.410s][info ][safepoint      ] Safepoint "Cleanup", Time since last: 1000106198 ns, Reaching safepoint: 68300 ns, At safepoint: 7100 ns, Total: 75400 ns
[163.754s][info ][safepoint      ] Safepoint "Cleanup", Time since last: 1343582732 ns, Reaching safepoint: 247201 ns, At safepoint: 14500 ns, Total: 261701 ns
[163.920s][info ][safepoint      ] Safepoint "ParallelGCFailedAllocation", Time since last: 166673850 ns, Reaching safepoint: 149800 ns, At safepoint: 20400 ns, Total: 170200 ns
[163.921s][info ][gc,start       ] GC(112) Pause Young (GCLocker Initiated GC)
[163.930s][debug][gc,phases      ] GC(112) Scavenge 9.850ms
[163.930s][debug][gc,ref         ] GC(112) Skipped phase 1 of Reference Processing: no references
[163.930s][debug][gc,ref         ] GC(112) ReferenceProcessor::execute queues: 1, RefProcThreadModel::Single, marks_oops_alive: false
[163.931s][debug][gc,ref         ] GC(112) Skipped phase 3 of Reference Processing: no references
[163.931s][debug][gc,ref         ] GC(112) ReferenceProcessor::execute queues: 1, RefProcThreadModel::Single, marks_oops_alive: false
[163.931s][debug][gc,phases      ] GC(112) Reference Processing 0.114ms
[163.931s][debug][gc,phases      ] GC(112)   VM Weak                        Min:  0.0, Avg:  0.0, Max:  0.0, Diff:  0.0, Sum:  0.0, Workers: 4
[163.931s][debug][gc,phases      ] GC(112)     Dead                           Min: 0, Avg:  0.0, Max: 0, Diff: 0, Sum: 0, Workers: 4
[163.931s][debug][gc,phases      ] GC(112)     Total                          Min: 0, Avg: 187.2, Max: 576, Diff: 576, Sum: 749, Workers: 4
[163.931s][debug][gc,phases      ] GC(112)   ObjectSynchronizer Weak        Min:  0.0, Avg:  0.0, Max:  0.0, Diff:  0.0, Sum:  0.0, Workers: 4
[163.931s][debug][gc,phases      ] GC(112)     Dead                           Min: 0, Avg:  0.0, Max: 0, Diff: 0, Sum: 0, Workers: 4
[163.931s][debug][gc,phases      ] GC(112)     Total                          Min: 0, Avg: 92.2, Max: 192, Diff: 192, Sum: 369, Workers: 4
[163.931s][debug][gc,phases      ] GC(112)   JVMTI Tag Weak OopStorage      Min:  0.0, Avg:  0.0, Max:  0.0, Diff:  0.0, Sum:  0.0, Workers: 4
[163.931s][debug][gc,phases      ] GC(112)     Dead                           Min: 0, Avg:  0.0, Max: 0, Diff: 0, Sum: 0, Workers: 4
[163.931s][debug][gc,phases      ] GC(112)     Total                          Min: 0, Avg:  0.0, Max: 0, Diff: 0, Sum: 0, Workers: 4
[163.931s][debug][gc,phases      ] GC(112)   StringTable Weak               Min:  0.1, Avg:  0.1, Max:  0.1, Diff:  0.0, Sum:  0.4, Workers: 4
[163.931s][debug][gc,phases      ] GC(112)     Dead                           Min: 0, Avg:  0.2, Max: 1, Diff: 1, Sum: 1, Workers: 4
[163.931s][debug][gc,phases      ] GC(112)     Total                          Min: 9920, Avg: 12082.8, Max: 16896, Diff: 6976, Sum: 48331, Workers: 4
[163.931s][debug][gc,phases      ] GC(112)   ResolvedMethodTable Weak       Min:  0.0, Avg:  0.0, Max:  0.0, Diff:  0.0, Sum:  0.1, Workers: 4
[163.931s][debug][gc,phases      ] GC(112)     Dead                           Min: 0, Avg:  7.0, Max: 21, Diff: 21, Sum: 28, Workers: 4
[163.931s][debug][gc,phases      ] GC(112)     Total                          Min: 1664, Avg: 2173.0, Max: 2624, Diff: 960, Sum: 8692, Workers: 4
[163.931s][debug][gc,phases      ] GC(112)   JNI Weak                       Min:  0.0, Avg:  0.0, Max:  0.0, Diff:  0.0, Sum:  0.0, Workers: 4
[163.931s][debug][gc,phases      ] GC(112)     Dead                           Min: 0, Avg:  0.0, Max: 0, Diff: 0, Sum: 0, Workers: 4
[163.931s][debug][gc,phases      ] GC(112)     Total                          Min: 0, Avg:  0.0, Max: 0, Diff: 0, Sum: 0, Workers: 4
[163.931s][debug][gc,phases      ] GC(112)   StringDedup Table Weak         Min:  0.0, Avg:  0.0, Max:  0.0, Diff:  0.0, Sum:  0.0, Workers: 4
[163.931s][debug][gc,phases      ] GC(112)     Dead                           Min: 0, Avg:  0.0, Max: 0, Diff: 0, Sum: 0, Workers: 4
[163.931s][debug][gc,phases      ] GC(112)     Total                          Min: 0, Avg:  0.0, Max: 0, Diff: 0, Sum: 0, Workers: 4
[163.931s][debug][gc,phases      ] GC(112)   StringDedup Requests0 Weak     Min:  0.0, Avg:  0.0, Max:  0.0, Diff:  0.0, Sum:  0.0, Workers: 4
[163.931s][debug][gc,phases      ] GC(112)     Dead                           Min: 0, Avg:  0.0, Max: 0, Diff: 0, Sum: 0, Workers: 4
[163.931s][debug][gc,phases      ] GC(112)     Total                          Min: 0, Avg:  0.0, Max: 0, Diff: 0, Sum: 0, Workers: 4
[163.931s][debug][gc,phases      ] GC(112)   StringDedup Requests1 Weak     Min:  0.0, Avg:  0.0, Max:  0.0, Diff:  0.0, Sum:  0.0, Workers: 4
[163.931s][debug][gc,phases      ] GC(112)     Dead                           Min: 0, Avg:  0.0, Max: 0, Diff: 0, Sum: 0, Workers: 4
[163.931s][debug][gc,phases      ] GC(112)     Total                          Min: 0, Avg:  0.0, Max: 0, Diff: 0, Sum: 0, Workers: 4
[163.931s][debug][gc,phases      ] GC(112)   Weak JFR Old Object Samples    Min:  0.0, Avg:  0.0, Max:  0.0, Diff:  0.0, Sum:  0.0, Workers: 4
[163.931s][debug][gc,phases      ] GC(112)     Dead                           Min: 0, Avg:  0.0, Max: 0, Diff: 0, Sum: 0, Workers: 4
[163.931s][debug][gc,phases      ] GC(112)     Total                          Min: 0, Avg:  0.0, Max: 0, Diff: 0, Sum: 0, Workers: 4
[163.931s][debug][gc,phases      ] GC(112) Weak Processing 0.306ms
[163.931s][debug][gc,age         ] GC(112) Desired survivor size 74973184 bytes, new threshold 15 (max threshold 15)
[163.931s][info ][gc,heap        ] GC(112) PSYoungGen: 1967521K(2020864K)->33689K(2019328K) Eden: 1943040K(1943040K)->0K(1943040K) From: 24481K(77824K)->33689K(76288K)
[163.931s][info ][gc,heap        ] GC(112) ParOldGen: 421720K(518144K)->421728K(518144K)
[163.931s][info ][gc,metaspace   ] GC(112) Metaspace: 84427K(85376K)->84427K(85376K) NonClass: 72501K(73024K)->72501K(73024K) Class: 11925K(12352K)->11925K(12352K)
[163.931s][info ][gc             ] GC(112) Pause Young (GCLocker Initiated GC) 2333M->444M(2478M) 10.364ms
[163.931s][info ][gc,cpu         ] GC(112) User=0.04s Sys=0.00s Real=0.01s
[163.931s][info ][safepoint      ] Safepoint "ParallelGCSystemGC", Time since last: 60200 ns, Reaching safepoint: 19900 ns, At safepoint: 10438335 ns, Total: 10458235 ns
[164.931s][info ][safepoint      ] Safepoint "Cleanup", Time since last: 1000037999 ns, Reaching safepoint: 155701 ns, At safepoint: 10300 ns, Total: 166001 ns
[165.931s][info ][safepoint      ] Safepoint "Cleanup", Time since last: 1000093100 ns, Reaching safepoint: 114101 ns, At safepoint: 4800 ns, Total: 118901 ns
[167.932s][info ][safepoint      ] Safepoint "Cleanup", Time since last: 2000158302 ns, Reaching safepoint: 52600 ns, At safepoint: 7700 ns, Total: 60300 ns
[169.932s][info ][safepoint      ] Safepoint "Cleanup", Time since last: 2000128105 ns, Reaching safepoint: 64700 ns, At safepoint: 5800 ns, Total: 70500 ns
[170.932s][info ][safepoint      ] Safepoint "Cleanup", Time since last: 1000095004 ns, Reaching safepoint: 74600 ns, At safepoint: 6500 ns, Total: 81100 ns
[172.932s][info ][safepoint      ] Safepoint "Cleanup", Time since last: 2000072508 ns, Reaching safepoint: 41501 ns, At safepoint: 7100 ns, Total: 48601 ns
[179.932s][info ][safepoint      ] Safepoint "Cleanup", Time since last: 7000366349 ns, Reaching safepoint: 50200 ns, At safepoint: 13400 ns, Total: 63600 ns
[180.933s][info ][safepoint      ] Safepoint "Cleanup", Time since last: 1000097410 ns, Reaching safepoint: 45200 ns, At safepoint: 2800 ns, Total: 48000 ns
[182.933s][info ][safepoint      ] Safepoint "Cleanup", Time since last: 2000155821 ns, Reaching safepoint: 44400 ns, At safepoint: 3100 ns, Total: 47500 ns
[195.934s][info ][safepoint      ] Safepoint "Cleanup", Time since last: 13000780896 ns, Reaching safepoint: 46800 ns, At safepoint: 2800 ns, Total: 49600 ns
[196.934s][info ][safepoint      ] Safepoint "Cleanup", Time since last: 1000088119 ns, Reaching safepoint: 37800 ns, At safepoint: 4200 ns, Total: 42000 ns
[197.934s][info ][safepoint      ] Safepoint "Cleanup", Time since last: 1000102220 ns, Reaching safepoint: 48400 ns, At safepoint: 3500 ns, Total: 51900 ns
[234.936s][info ][safepoint      ] Safepoint "Cleanup", Time since last: 37002129041 ns, Reaching safepoint: 36900 ns, At safepoint: 17600 ns, Total: 54500 ns
[241.937s][info ][safepoint      ] Safepoint "Cleanup", Time since last: 7000390702 ns, Reaching safepoint: 40501 ns, At safepoint: 2500 ns, Total: 43001 ns
[250.937s][info ][safepoint      ] Safepoint "Cleanup", Time since last: 9000544628 ns, Reaching safepoint: 41700 ns, At safepoint: 2600 ns, Total: 44300 ns
[256.938s][info ][safepoint      ] Safepoint "Cleanup", Time since last: 6000395010 ns, Reaching safepoint: 31400 ns, At safepoint: 8900 ns, Total: 40300 ns
[290.940s][info ][safepoint      ] Safepoint "Cleanup", Time since last: 34002124707 ns, Reaching safepoint: 28400 ns, At safepoint: 19500 ns, Total: 47900 ns
[301.940s][info ][safepoint      ] Safepoint "Cleanup", Time since last: 11000628806 ns, Reaching safepoint: 35000 ns, At safepoint: 2700 ns, Total: 37700 ns
[310.941s][info ][safepoint      ] Safepoint "Cleanup", Time since last: 9000575103 ns, Reaching safepoint: 35100 ns, At safepoint: 2600 ns, Total: 37700 ns
[342.943s][info ][safepoint      ] Safepoint "Cleanup", Time since last: 32001816707 ns, Reaching safepoint: 88701 ns, At safepoint: 6600 ns, Total: 95301 ns
[438.953s][info ][safepoint      ] Safepoint "Cleanup", Time since last: 96006872162 ns, Reaching safepoint: 2716009 ns, At safepoint: 12401 ns, Total: 2728410 ns
[481.957s][info ][safepoint      ] Safepoint "Cleanup", Time since last: 43004872309 ns, Reaching safepoint: 38100 ns, At safepoint: 2300 ns, Total: 40400 ns
[490.958s][info ][safepoint      ] Safepoint "Cleanup", Time since last: 9000620758 ns, Reaching safepoint: 44201 ns, At safepoint: 2500 ns, Total: 46701 ns
[522.463s][info ][safepoint      ] Safepoint "Cleanup", Time since last: 31505128026 ns, Reaching safepoint: 41700 ns, At safepoint: 17200 ns, Total: 58900 ns
[523.228s][info ][gc,heap,exit   ] Heap
[523.228s][info ][gc,heap,exit   ]  PSYoungGen      total 2019328K, used 1826071K [0x0000000780000000, 0x0000000800000000, 0x0000000800000000)
[523.228s][info ][gc,heap,exit   ]   eden space 1943040K, 92% used [0x0000000780000000,0x00000007ed65f590,0x00000007f6980000)
[523.228s][info ][gc,heap,exit   ]   from space 76288K, 44% used [0x00000007f6980000,0x00000007f8a66730,0x00000007fb400000)
[523.228s][info ][gc,heap,exit   ]   to   space 73216K, 0% used [0x00000007fb880000,0x00000007fb880000,0x0000000800000000)
[523.228s][info ][gc,heap,exit   ]  ParOldGen       total 518144K, used 421728K [0x0000000740000000, 0x000000075fa00000, 0x0000000780000000)
[523.228s][info ][gc,heap,exit   ]   object space 518144K, 81% used [0x0000000740000000,0x0000000759bd8100,0x000000075fa00000)
[523.228s][info ][gc,heap,exit   ]  Metaspace       used 84718K, committed 85632K, reserved 1122304K
[523.228s][info ][gc,heap,exit   ]   class space    used 11937K, committed 12352K, reserved 1048576K
