[0.003s][info][gc] Using Parallel
[0.004s][info][gc,init] Version: 17.0.3+7-LTS (release)
[0.004s][info][gc,init] CPUs: 8 total, 8 available
[0.004s][info][gc,init] Memory: 32112M
[0.004s][info][gc,init] Large Page Support: Disabled
[0.004s][info][gc,init] NUMA Support: Disabled
[0.004s][info][gc,init] Compressed Oops: Enabled (Zero based)
[0.004s][info][gc,init] Alignments: Space 512K, Generation 512K, Heap 2M
[0.004s][info][gc,init] Heap Min Capacity: 2054M
[0.004s][info][gc,init] Heap Initial Capacity: 2054M
[0.004s][info][gc,init] Heap Max Capacity: 3G
[0.004s][info][gc,init] Pre-touch: Disabled
[0.004s][info][gc,init] Parallel Workers: 4
[0.004s][info][gc,metaspace] CDS archive(s) not mapped
[0.004s][info][gc,metaspace] Compressed class space mapped at: 0x0000000800000000-0x0000000840000000, reserved size: 1073741824
[0.004s][info][gc,metaspace] Narrow klass base: 0x0000000800000000, Narrow klass shift: 0, Narrow klass range: 0x40000000
[0.704s][info][safepoint   ] Safepoint "ICBufferFull", Time since last: 683556102 ns, Reaching safepoint: 181501 ns, At safepoint: 3500 ns, Total: 185001 ns
[0.982s][info][safepoint   ] Safepoint "ICBufferFull", Time since last: 277912780 ns, Reaching safepoint: 234101 ns, At safepoint: 8600 ns, Total: 242701 ns
[1.138s][info][gc,start    ] GC(0) Pause Young (Metadata GC Threshold)
[1.148s][debug][gc,phases   ] GC(0) Scavenge 9.594ms
[1.148s][debug][gc,ref      ] GC(0) Skipped phase 1 of Reference Processing: no references
[1.148s][debug][gc,ref      ] GC(0) ReferenceProcessor::execute queues: 1, RefProcThreadModel::Single, marks_oops_alive: false
[1.148s][debug][gc,ref      ] GC(0) Skipped phase 3 of Reference Processing: no references
[1.148s][debug][gc,ref      ] GC(0) ReferenceProcessor::execute queues: 1, RefProcThreadModel::Single, marks_oops_alive: false
[1.148s][debug][gc,phases   ] GC(0) Reference Processing 0.189ms
[1.148s][debug][gc,phases   ] GC(0)   VM Weak                        Min:  0.0, Avg:  0.0, Max:  0.0, Diff:  0.0, Sum:  0.0, Workers: 4
[1.148s][debug][gc,phases   ] GC(0)     Dead                           Min: 0, Avg:  0.0, Max: 0, Diff: 0, Sum: 0, Workers: 4
[1.148s][debug][gc,phases   ] GC(0)     Total                          Min: 0, Avg: 26.8, Max: 64, Diff: 64, Sum: 107, Workers: 4
[1.148s][debug][gc,phases   ] GC(0)   ObjectSynchronizer Weak        Min:  0.0, Avg:  0.0, Max:  0.0, Diff:  0.0, Sum:  0.0, Workers: 4
[1.148s][debug][gc,phases   ] GC(0)     Dead                           Min: 0, Avg:  0.2, Max: 1, Diff: 1, Sum: 1, Workers: 4
[1.148s][debug][gc,phases   ] GC(0)     Total                          Min: 0, Avg:  1.0, Max: 4, Diff: 4, Sum: 4, Workers: 4
[1.148s][debug][gc,phases   ] GC(0)   JVMTI Tag Weak OopStorage      Min:  0.0, Avg:  0.0, Max:  0.0, Diff:  0.0, Sum:  0.0, Workers: 4
[1.148s][debug][gc,phases   ] GC(0)     Dead                           Min: 0, Avg:  0.0, Max: 0, Diff: 0, Sum: 0, Workers: 4
[1.148s][debug][gc,phases   ] GC(0)     Total                          Min: 0, Avg:  0.0, Max: 0, Diff: 0, Sum: 0, Workers: 4
[1.148s][debug][gc,phases   ] GC(0)   StringTable Weak               Min:  0.1, Avg:  0.1, Max:  0.1, Diff:  0.0, Sum:  0.2, Workers: 4
[1.148s][debug][gc,phases   ] GC(0)     Dead                           Min: 0, Avg:  6.5, Max: 14, Diff: 14, Sum: 26, Workers: 4
[1.148s][debug][gc,phases   ] GC(0)     Total                          Min: 2358, Avg: 2845.5, Max: 3264, Diff: 906, Sum: 11382, Workers: 4
[1.148s][debug][gc,phases   ] GC(0)   ResolvedMethodTable Weak       Min:  0.0, Avg:  0.0, Max:  0.0, Diff:  0.0, Sum:  0.0, Workers: 4
[1.148s][debug][gc,phases   ] GC(0)     Dead                           Min: 2, Avg:  6.8, Max: 14, Diff: 12, Sum: 27, Workers: 4
[1.148s][debug][gc,phases   ] GC(0)     Total                          Min: 114, Avg: 172.5, Max: 192, Diff: 78, Sum: 690, Workers: 4
[1.148s][debug][gc,phases   ] GC(0)   JNI Weak                       Min:  0.0, Avg:  0.0, Max:  0.0, Diff:  0.0, Sum:  0.0, Workers: 4
[1.148s][debug][gc,phases   ] GC(0)     Dead                           Min: 0, Avg:  0.0, Max: 0, Diff: 0, Sum: 0, Workers: 4
[1.148s][debug][gc,phases   ] GC(0)     Total                          Min: 0, Avg:  0.0, Max: 0, Diff: 0, Sum: 0, Workers: 4
[1.148s][debug][gc,phases   ] GC(0)   StringDedup Table Weak         Min:  0.0, Avg:  0.0, Max:  0.0, Diff:  0.0, Sum:  0.0, Workers: 4
[1.148s][debug][gc,phases   ] GC(0)     Dead                           Min: 0, Avg:  0.0, Max: 0, Diff: 0, Sum: 0, Workers: 4
[1.148s][debug][gc,phases   ] GC(0)     Total                          Min: 0, Avg:  0.0, Max: 0, Diff: 0, Sum: 0, Workers: 4
[1.148s][debug][gc,phases   ] GC(0)   StringDedup Requests0 Weak     Min:  0.0, Avg:  0.0, Max:  0.0, Diff:  0.0, Sum:  0.0, Workers: 4
[1.148s][debug][gc,phases   ] GC(0)     Dead                           Min: 0, Avg:  0.0, Max: 0, Diff: 0, Sum: 0, Workers: 4
[1.148s][debug][gc,phases   ] GC(0)     Total                          Min: 0, Avg:  0.0, Max: 0, Diff: 0, Sum: 0, Workers: 4
[1.148s][debug][gc,phases   ] GC(0)   StringDedup Requests1 Weak     Min:  0.0, Avg:  0.0, Max:  0.0, Diff:  0.0, Sum:  0.0, Workers: 4
[1.148s][debug][gc,phases   ] GC(0)     Dead                           Min: 0, Avg:  0.0, Max: 0, Diff: 0, Sum: 0, Workers: 4
[1.148s][debug][gc,phases   ] GC(0)     Total                          Min: 0, Avg:  0.0, Max: 0, Diff: 0, Sum: 0, Workers: 4
[1.148s][debug][gc,phases   ] GC(0)   Weak JFR Old Object Samples    Min:  0.0, Avg:  0.0, Max:  0.0, Diff:  0.0, Sum:  0.0, Workers: 4
[1.148s][debug][gc,phases   ] GC(0)     Dead                           Min: 0, Avg:  0.0, Max: 0, Diff: 0, Sum: 0, Workers: 4
[1.148s][debug][gc,phases   ] GC(0)     Total                          Min: 0, Avg:  0.0, Max: 0, Diff: 0, Sum: 0, Workers: 4
[1.148s][debug][gc,phases   ] GC(0) Weak Processing 0.222ms
[1.148s][debug][gc,age      ] GC(0) Desired survivor size 536870912 bytes, new threshold 7 (max threshold 15)
[1.148s][info ][gc,heap     ] GC(0) PSYoungGen: 230687K(1572864K)->19642K(1572864K) Eden: 230687K(1048576K)->0K(1048576K) From: 0K(524288K)->19642K(524288K)
[1.148s][info ][gc,heap     ] GC(0) ParOldGen: 0K(6144K)->88K(6144K)
[1.148s][info ][gc,metaspace] GC(0) Metaspace: 21254K(21504K)->21254K(21504K) NonClass: 18770K(18880K)->18770K(18880K) Class: 2483K(2624K)->2483K(2624K)
[1.148s][info ][gc          ] GC(0) Pause Young (Metadata GC Threshold) 225M->19M(1542M) 10.334ms
[1.148s][info ][gc,cpu      ] GC(0) User=0.05s Sys=0.00s Real=0.01s
[1.148s][debug][gc,phases   ] GC(1) Pre Compact 0.009ms
[1.148s][info ][gc,start    ] GC(1) Pause Full (Metadata GC Threshold)
[1.148s][info ][gc,phases,start] GC(1) Marking Phase
[1.154s][debug][gc,phases      ] GC(1) Par Mark 5.767ms
[1.154s][debug][gc,ref         ] GC(1) Skipped phase 1 of Reference Processing: no references
[1.154s][debug][gc,ref         ] GC(1) ReferenceProcessor::execute queues: 1, RefProcThreadModel::Single, marks_oops_alive: false
[1.154s][debug][gc,ref         ] GC(1) Skipped phase 3 of Reference Processing: no references
[1.154s][debug][gc,ref         ] GC(1) ReferenceProcessor::execute queues: 1, RefProcThreadModel::Single, marks_oops_alive: false
[1.154s][debug][gc,phases      ] GC(1) Reference Processing 0.044ms
[1.154s][debug][gc,phases      ] GC(1)   VM Weak                        Min:  0.0, Avg:  0.0, Max:  0.0, Diff:  0.0, Sum:  0.0, Workers: 4
[1.154s][debug][gc,phases      ] GC(1)     Dead                           Min: 0, Avg:  0.0, Max: 0, Diff: 0, Sum: 0, Workers: 4
[1.154s][debug][gc,phases      ] GC(1)     Total                          Min: 0, Avg: 26.8, Max: 107, Diff: 107, Sum: 107, Workers: 4
[1.154s][debug][gc,phases      ] GC(1)   ObjectSynchronizer Weak        Min:  0.0, Avg:  0.0, Max:  0.0, Diff:  0.0, Sum:  0.0, Workers: 4
[1.154s][debug][gc,phases      ] GC(1)     Dead                           Min: 0, Avg:  0.0, Max: 0, Diff: 0, Sum: 0, Workers: 4
[1.154s][debug][gc,phases      ] GC(1)     Total                          Min: 0, Avg:  1.0, Max: 4, Diff: 4, Sum: 4, Workers: 4
[1.154s][debug][gc,phases      ] GC(1)   JVMTI Tag Weak OopStorage      Min:  0.0, Avg:  0.0, Max:  0.0, Diff:  0.0, Sum:  0.0, Workers: 4
[1.154s][debug][gc,phases      ] GC(1)     Dead                           Min: 0, Avg:  0.0, Max: 0, Diff: 0, Sum: 0, Workers: 4
[1.154s][debug][gc,phases      ] GC(1)     Total                          Min: 0, Avg:  0.0, Max: 0, Diff: 0, Sum: 0, Workers: 4
[1.154s][debug][gc,phases      ] GC(1)   StringTable Weak               Min:  0.0, Avg:  0.0, Max:  0.0, Diff:  0.0, Sum:  0.1, Workers: 4
[1.154s][debug][gc,phases      ] GC(1)     Dead                           Min: 0, Avg:  0.0, Max: 0, Diff: 0, Sum: 0, Workers: 4
[1.154s][debug][gc,phases      ] GC(1)     Total                          Min: 2240, Avg: 2845.5, Max: 3072, Diff: 832, Sum: 11382, Workers: 4
[1.154s][debug][gc,phases      ] GC(1)   ResolvedMethodTable Weak       Min:  0.0, Avg:  0.0, Max:  0.0, Diff:  0.0, Sum:  0.0, Workers: 4
[1.154s][debug][gc,phases      ] GC(1)     Dead                           Min: 0, Avg:  0.0, Max: 0, Diff: 0, Sum: 0, Workers: 4
[1.154s][debug][gc,phases      ] GC(1)     Total                          Min: 114, Avg: 172.5, Max: 192, Diff: 78, Sum: 690, Workers: 4
[1.154s][debug][gc,phases      ] GC(1)   JNI Weak                       Min:  0.0, Avg:  0.0, Max:  0.0, Diff:  0.0, Sum:  0.0, Workers: 4
[1.154s][debug][gc,phases      ] GC(1)     Dead                           Min: 0, Avg:  0.0, Max: 0, Diff: 0, Sum: 0, Workers: 4
[1.154s][debug][gc,phases      ] GC(1)     Total                          Min: 0, Avg:  0.0, Max: 0, Diff: 0, Sum: 0, Workers: 4
[1.154s][debug][gc,phases      ] GC(1)   StringDedup Table Weak         Min:  0.0, Avg:  0.0, Max:  0.0, Diff:  0.0, Sum:  0.0, Workers: 4
[1.154s][debug][gc,phases      ] GC(1)     Dead                           Min: 0, Avg:  0.0, Max: 0, Diff: 0, Sum: 0, Workers: 4
[1.154s][debug][gc,phases      ] GC(1)     Total                          Min: 0, Avg:  0.0, Max: 0, Diff: 0, Sum: 0, Workers: 4
[1.154s][debug][gc,phases      ] GC(1)   StringDedup Requests0 Weak     Min:  0.0, Avg:  0.0, Max:  0.0, Diff:  0.0, Sum:  0.0, Workers: 4
[1.154s][debug][gc,phases      ] GC(1)     Dead                           Min: 0, Avg:  0.0, Max: 0, Diff: 0, Sum: 0, Workers: 4
[1.154s][debug][gc,phases      ] GC(1)     Total                          Min: 0, Avg:  0.0, Max: 0, Diff: 0, Sum: 0, Workers: 4
[1.154s][debug][gc,phases      ] GC(1)   StringDedup Requests1 Weak     Min:  0.0, Avg:  0.0, Max:  0.0, Diff:  0.0, Sum:  0.0, Workers: 4
[1.154s][debug][gc,phases      ] GC(1)     Dead                           Min: 0, Avg:  0.0, Max: 0, Diff: 0, Sum: 0, Workers: 4
[1.154s][debug][gc,phases      ] GC(1)     Total                          Min: 0, Avg:  0.0, Max: 0, Diff: 0, Sum: 0, Workers: 4
[1.154s][debug][gc,phases      ] GC(1)   Weak JFR Old Object Samples    Min:  0.0, Avg:  0.0, Max:  0.0, Diff:  0.0, Sum:  0.0, Workers: 4
[1.154s][debug][gc,phases      ] GC(1)     Dead                           Min: 0, Avg:  0.0, Max: 0, Diff: 0, Sum: 0, Workers: 4
[1.155s][debug][gc,phases      ] GC(1)     Total                          Min: 0, Avg:  0.0, Max: 0, Diff: 0, Sum: 0, Workers: 4
[1.155s][debug][gc,phases      ] GC(1) Weak Processing 0.198ms
[1.155s][debug][gc,phases      ] GC(1) ClassLoaderData 0.006ms
[1.155s][debug][gc,phases      ] GC(1) Trigger cleanups 0.000ms
[1.157s][debug][gc,phases      ] GC(1) Class Unloading 2.253ms
[1.157s][info ][gc,phases      ] GC(1) Marking Phase 8.327ms
[1.157s][info ][gc,phases,start] GC(1) Summary Phase
[1.157s][info ][gc,phases      ] GC(1) Summary Phase 0.005ms
[1.157s][info ][gc,phases,start] GC(1) Adjust Roots
[1.159s][info ][gc,phases      ] GC(1) Adjust Roots 2.359ms
[1.159s][info ][gc,phases,start] GC(1) Compaction Phase
[1.169s][info ][gc,phases      ] GC(1) Compaction Phase 9.509ms
[1.169s][info ][gc,phases,start] GC(1) Post Compact
[1.169s][info ][gc,phases      ] GC(1) Post Compact 0.629ms
[1.169s][info ][gc,heap        ] GC(1) PSYoungGen: 19642K(1572864K)->13901K(1572864K) Eden: 0K(1048576K)->0K(1048576K) From: 19642K(524288K)->13901K(524288K)
[1.169s][info ][gc,heap        ] GC(1) ParOldGen: 88K(6144K)->5660K(6144K)
[1.169s][info ][gc,metaspace   ] GC(1) Metaspace: 21254K(21504K)->21254K(21504K) NonClass: 18770K(18880K)->18770K(18880K) Class: 2483K(2624K)->2483K(2624K)
[1.169s][info ][gc             ] GC(1) Pause Full (Metadata GC Threshold) 19M->19M(1542M) 20.960ms
[1.169s][info ][gc,cpu         ] GC(1) User=0.05s Sys=0.02s Real=0.03s
[1.169s][info ][safepoint      ] Safepoint "CollectForMetadataAllocation", Time since last: 156022863 ns, Reaching safepoint: 173901 ns, At safepoint: 31427233 ns, Total: 31601134 ns
[1.170s][info ][safepoint      ] Safepoint "CollectForMetadataAllocation", Time since last: 68101 ns, Reaching safepoint: 349101 ns, At safepoint: 14500 ns, Total: 363601 ns
[1.598s][info ][safepoint      ] Safepoint "ICBufferFull", Time since last: 428227019 ns, Reaching safepoint: 137101 ns, At safepoint: 5500 ns, Total: 142601 ns
[1.613s][info ][safepoint      ] Safepoint "ICBufferFull", Time since last: 14962163 ns, Reaching safepoint: 104501 ns, At safepoint: 5100 ns, Total: 109601 ns
[1.627s][info ][safepoint      ] Safepoint "ICBufferFull", Time since last: 13174856 ns, Reaching safepoint: 71500 ns, At safepoint: 5300 ns, Total: 76800 ns
[1.632s][info ][safepoint      ] Safepoint "ICBufferFull", Time since last: 4978821 ns, Reaching safepoint: 46600 ns, At safepoint: 6500 ns, Total: 53100 ns
[1.638s][info ][safepoint      ] Safepoint "ICBufferFull", Time since last: 5844625 ns, Reaching safepoint: 47900 ns, At safepoint: 4600 ns, Total: 52500 ns
[1.640s][info ][safepoint      ] Safepoint "ICBufferFull", Time since last: 2839212 ns, Reaching safepoint: 34900 ns, At safepoint: 1400 ns, Total: 36300 ns
[1.643s][info ][safepoint      ] Safepoint "ICBufferFull", Time since last: 2496511 ns, Reaching safepoint: 33800 ns, At safepoint: 4000 ns, Total: 37800 ns
[1.645s][info ][safepoint      ] Safepoint "ICBufferFull", Time since last: 2312310 ns, Reaching safepoint: 21200 ns, At safepoint: 1500 ns, Total: 22700 ns
[1.648s][info ][safepoint      ] Safepoint "ICBufferFull", Time since last: 2423210 ns, Reaching safepoint: 43601 ns, At safepoint: 1500 ns, Total: 45101 ns
[1.651s][info ][safepoint      ] Safepoint "ICBufferFull", Time since last: 3270714 ns, Reaching safepoint: 35200 ns, At safepoint: 8200 ns, Total: 43400 ns
[1.653s][info ][safepoint      ] Safepoint "ICBufferFull", Time since last: 1598807 ns, Reaching safepoint: 35700 ns, At safepoint: 2700 ns, Total: 38400 ns
[1.656s][info ][safepoint      ] Safepoint "ICBufferFull", Time since last: 2836612 ns, Reaching safepoint: 20400 ns, At safepoint: 5400 ns, Total: 25800 ns
[1.657s][info ][safepoint      ] Safepoint "ICBufferFull", Time since last: 1743107 ns, Reaching safepoint: 33300 ns, At safepoint: 2000 ns, Total: 35300 ns
[1.659s][info ][safepoint      ] Safepoint "ICBufferFull", Time since last: 1633207 ns, Reaching safepoint: 38000 ns, At safepoint: 4500 ns, Total: 42500 ns
[1.664s][info ][safepoint      ] Safepoint "ICBufferFull", Time since last: 5415123 ns, Reaching safepoint: 38401 ns, At safepoint: 1500 ns, Total: 39901 ns
[1.665s][info ][safepoint      ] Safepoint "ICBufferFull", Time since last: 468802 ns, Reaching safepoint: 31100 ns, At safepoint: 4000 ns, Total: 35100 ns
[1.678s][info ][safepoint      ] Safepoint "ICBufferFull", Time since last: 12641053 ns, Reaching safepoint: 122801 ns, At safepoint: 8800 ns, Total: 131601 ns
[1.714s][info ][safepoint      ] Safepoint "ICBufferFull", Time since last: 35970353 ns, Reaching safepoint: 73700 ns, At safepoint: 7200 ns, Total: 80900 ns
[1.715s][info ][safepoint      ] Safepoint "ICBufferFull", Time since last: 843504 ns, Reaching safepoint: 24000 ns, At safepoint: 4100 ns, Total: 28100 ns
[1.716s][info ][safepoint      ] Safepoint "ICBufferFull", Time since last: 1076604 ns, Reaching safepoint: 24501 ns, At safepoint: 6400 ns, Total: 30901 ns
[1.717s][info ][safepoint      ] Safepoint "ICBufferFull", Time since last: 1392205 ns, Reaching safepoint: 49801 ns, At safepoint: 5000 ns, Total: 54801 ns
[1.718s][info ][safepoint      ] Safepoint "ICBufferFull", Time since last: 1156905 ns, Reaching safepoint: 25700 ns, At safepoint: 1200 ns, Total: 26900 ns
[1.720s][info ][safepoint      ] Safepoint "ICBufferFull", Time since last: 1567906 ns, Reaching safepoint: 18000 ns, At safepoint: 5801 ns, Total: 23801 ns
[1.721s][info ][safepoint      ] Safepoint "ICBufferFull", Time since last: 1086204 ns, Reaching safepoint: 15500 ns, At safepoint: 900 ns, Total: 16400 ns
[1.723s][info ][safepoint      ] Safepoint "ICBufferFull", Time since last: 1442306 ns, Reaching safepoint: 15800 ns, At safepoint: 1300 ns, Total: 17100 ns
[1.724s][info ][safepoint      ] Safepoint "ICBufferFull", Time since last: 1109305 ns, Reaching safepoint: 17600 ns, At safepoint: 1000 ns, Total: 18600 ns
[1.725s][info ][safepoint      ] Safepoint "ICBufferFull", Time since last: 1088405 ns, Reaching safepoint: 29900 ns, At safepoint: 4700 ns, Total: 34600 ns
[1.726s][info ][safepoint      ] Safepoint "ICBufferFull", Time since last: 980404 ns, Reaching safepoint: 15900 ns, At safepoint: 1100 ns, Total: 17000 ns
[1.727s][info ][safepoint      ] Safepoint "ICBufferFull", Time since last: 948304 ns, Reaching safepoint: 20500 ns, At safepoint: 1400 ns, Total: 21900 ns
[1.728s][info ][safepoint      ] Safepoint "ICBufferFull", Time since last: 965404 ns, Reaching safepoint: 17000 ns, At safepoint: 1300 ns, Total: 18300 ns
[1.728s][info ][safepoint      ] Safepoint "ICBufferFull", Time since last: 437102 ns, Reaching safepoint: 18200 ns, At safepoint: 1400 ns, Total: 19600 ns
[1.731s][info ][safepoint      ] Safepoint "ICBufferFull", Time since last: 2676012 ns, Reaching safepoint: 53800 ns, At safepoint: 5000 ns, Total: 58800 ns
[1.738s][info ][safepoint      ] Safepoint "ICBufferFull", Time since last: 6609428 ns, Reaching safepoint: 37600 ns, At safepoint: 1700 ns, Total: 39300 ns
[1.744s][info ][safepoint      ] Safepoint "ICBufferFull", Time since last: 6295327 ns, Reaching safepoint: 34100 ns, At safepoint: 1400 ns, Total: 35500 ns
[1.758s][info ][safepoint      ] Safepoint "ICBufferFull", Time since last: 14483862 ns, Reaching safepoint: 40500 ns, At safepoint: 900 ns, Total: 41400 ns
[1.786s][info ][safepoint      ] Safepoint "ICBufferFull", Time since last: 27043515 ns, Reaching safepoint: 130700 ns, At safepoint: 5900 ns, Total: 136600 ns
[1.786s][info ][safepoint      ] Safepoint "ICBufferFull", Time since last: 498502 ns, Reaching safepoint: 16700 ns, At safepoint: 1000 ns, Total: 17700 ns
[1.789s][info ][safepoint      ] Safepoint "ICBufferFull", Time since last: 3045513 ns, Reaching safepoint: 30501 ns, At safepoint: 1100 ns, Total: 31601 ns
[1.791s][info ][safepoint      ] Safepoint "ICBufferFull", Time since last: 1691307 ns, Reaching safepoint: 30400 ns, At safepoint: 1200 ns, Total: 31600 ns
[1.830s][info ][safepoint      ] Safepoint "ICBufferFull", Time since last: 38990665 ns, Reaching safepoint: 50201 ns, At safepoint: 2100 ns, Total: 52301 ns
[1.833s][info ][safepoint      ] Safepoint "ICBufferFull", Time since last: 2800412 ns, Reaching safepoint: 34300 ns, At safepoint: 5400 ns, Total: 39700 ns
[1.834s][info ][safepoint      ] Safepoint "ICBufferFull", Time since last: 933504 ns, Reaching safepoint: 16700 ns, At safepoint: 5300 ns, Total: 22000 ns
[1.835s][info ][safepoint      ] Safepoint "ICBufferFull", Time since last: 1426506 ns, Reaching safepoint: 20200 ns, At safepoint: 3100 ns, Total: 23300 ns
[1.836s][info ][safepoint      ] Safepoint "ICBufferFull", Time since last: 1174905 ns, Reaching safepoint: 11400 ns, At safepoint: 4000 ns, Total: 15400 ns
[1.838s][info ][safepoint      ] Safepoint "ICBufferFull", Time since last: 1016404 ns, Reaching safepoint: 90601 ns, At safepoint: 6400 ns, Total: 97001 ns
[1.839s][info ][safepoint      ] Safepoint "ICBufferFull", Time since last: 1498206 ns, Reaching safepoint: 92401 ns, At safepoint: 3500 ns, Total: 95901 ns
[1.840s][info ][safepoint      ] Safepoint "ICBufferFull", Time since last: 683002 ns, Reaching safepoint: 31501 ns, At safepoint: 3800 ns, Total: 35301 ns
[1.841s][info ][safepoint      ] Safepoint "ICBufferFull", Time since last: 677802 ns, Reaching safepoint: 89401 ns, At safepoint: 5500 ns, Total: 94901 ns
[1.841s][info ][safepoint      ] Safepoint "ICBufferFull", Time since last: 464002 ns, Reaching safepoint: 25600 ns, At safepoint: 6100 ns, Total: 31700 ns
[1.843s][info ][safepoint      ] Safepoint "ICBufferFull", Time since last: 1828908 ns, Reaching safepoint: 22400 ns, At safepoint: 800 ns, Total: 23200 ns
[1.844s][info ][safepoint      ] Safepoint "ICBufferFull", Time since last: 804503 ns, Reaching safepoint: 25800 ns, At safepoint: 1500 ns, Total: 27300 ns
[1.845s][info ][safepoint      ] Safepoint "ICBufferFull", Time since last: 716403 ns, Reaching safepoint: 23001 ns, At safepoint: 700 ns, Total: 23701 ns
[1.845s][info ][safepoint      ] Safepoint "ICBufferFull", Time since last: 810203 ns, Reaching safepoint: 15000 ns, At safepoint: 800 ns, Total: 15800 ns
[1.847s][info ][safepoint      ] Safepoint "ICBufferFull", Time since last: 1871608 ns, Reaching safepoint: 16700 ns, At safepoint: 1600 ns, Total: 18300 ns
[1.848s][info ][safepoint      ] Safepoint "ICBufferFull", Time since last: 561002 ns, Reaching safepoint: 18501 ns, At safepoint: 900 ns, Total: 19401 ns
[1.850s][info ][safepoint      ] Safepoint "ICBufferFull", Time since last: 1757707 ns, Reaching safepoint: 22700 ns, At safepoint: 800 ns, Total: 23500 ns
[1.851s][info ][safepoint      ] Safepoint "ICBufferFull", Time since last: 1026904 ns, Reaching safepoint: 23801 ns, At safepoint: 1100 ns, Total: 24901 ns
[1.852s][info ][safepoint      ] Safepoint "ICBufferFull", Time since last: 862903 ns, Reaching safepoint: 19700 ns, At safepoint: 700 ns, Total: 20400 ns
[1.854s][info ][safepoint      ] Safepoint "ICBufferFull", Time since last: 1925109 ns, Reaching safepoint: 29000 ns, At safepoint: 1800 ns, Total: 30800 ns
[1.855s][info ][safepoint      ] Safepoint "ICBufferFull", Time since last: 1828907 ns, Reaching safepoint: 29901 ns, At safepoint: 1000 ns, Total: 30901 ns
[1.862s][info ][safepoint      ] Safepoint "ICBufferFull", Time since last: 6938829 ns, Reaching safepoint: 42600 ns, At safepoint: 4600 ns, Total: 47200 ns
[1.864s][info ][safepoint      ] Safepoint "ICBufferFull", Time since last: 1379706 ns, Reaching safepoint: 21000 ns, At safepoint: 5100 ns, Total: 26100 ns
[1.866s][info ][safepoint      ] Safepoint "ICBufferFull", Time since last: 2005309 ns, Reaching safepoint: 34700 ns, At safepoint: 2000 ns, Total: 36700 ns
[1.867s][info ][safepoint      ] Safepoint "ICBufferFull", Time since last: 1323906 ns, Reaching safepoint: 21500 ns, At safepoint: 1600 ns, Total: 23100 ns
[1.869s][info ][safepoint      ] Safepoint "ICBufferFull", Time since last: 1377105 ns, Reaching safepoint: 15501 ns, At safepoint: 1600 ns, Total: 17101 ns
[1.870s][info ][safepoint      ] Safepoint "ICBufferFull", Time since last: 1246005 ns, Reaching safepoint: 21500 ns, At safepoint: 1200 ns, Total: 22700 ns
[1.871s][info ][safepoint      ] Safepoint "ICBufferFull", Time since last: 1212205 ns, Reaching safepoint: 92500 ns, At safepoint: 4700 ns, Total: 97200 ns
[1.872s][info ][safepoint      ] Safepoint "ICBufferFull", Time since last: 1252606 ns, Reaching safepoint: 90500 ns, At safepoint: 6600 ns, Total: 97100 ns
[1.874s][info ][safepoint      ] Safepoint "ICBufferFull", Time since last: 1250606 ns, Reaching safepoint: 22400 ns, At safepoint: 1600 ns, Total: 24000 ns
[1.876s][info ][safepoint      ] Safepoint "ICBufferFull", Time since last: 2370110 ns, Reaching safepoint: 22800 ns, At safepoint: 10800 ns, Total: 33600 ns
[1.878s][info ][safepoint      ] Safepoint "ICBufferFull", Time since last: 1466606 ns, Reaching safepoint: 29300 ns, At safepoint: 1200 ns, Total: 30500 ns
[1.879s][info ][safepoint      ] Safepoint "ICBufferFull", Time since last: 1132705 ns, Reaching safepoint: 12400 ns, At safepoint: 1200 ns, Total: 13600 ns
[1.880s][info ][safepoint      ] Safepoint "ICBufferFull", Time since last: 1208105 ns, Reaching safepoint: 15200 ns, At safepoint: 1100 ns, Total: 16300 ns
[1.881s][info ][safepoint      ] Safepoint "ICBufferFull", Time since last: 1398706 ns, Reaching safepoint: 17600 ns, At safepoint: 1100 ns, Total: 18700 ns
[1.882s][info ][safepoint      ] Safepoint "ICBufferFull", Time since last: 555603 ns, Reaching safepoint: 17700 ns, At safepoint: 1000 ns, Total: 18700 ns
[1.885s][info ][safepoint      ] Safepoint "ICBufferFull", Time since last: 2521010 ns, Reaching safepoint: 19501 ns, At safepoint: 1100 ns, Total: 20601 ns
[1.887s][info ][safepoint      ] Safepoint "ICBufferFull", Time since last: 2824812 ns, Reaching safepoint: 18300 ns, At safepoint: 1400 ns, Total: 19700 ns
[1.888s][info ][safepoint      ] Safepoint "ICBufferFull", Time since last: 449702 ns, Reaching safepoint: 20200 ns, At safepoint: 1500 ns, Total: 21700 ns
[1.898s][info ][safepoint      ] Safepoint "ICBufferFull", Time since last: 9649741 ns, Reaching safepoint: 30700 ns, At safepoint: 1800 ns, Total: 32500 ns
[1.898s][info ][safepoint      ] Safepoint "ICBufferFull", Time since last: 436602 ns, Reaching safepoint: 30100 ns, At safepoint: 1500 ns, Total: 31600 ns
[1.900s][info ][safepoint      ] Safepoint "ICBufferFull", Time since last: 1466006 ns, Reaching safepoint: 25000 ns, At safepoint: 1200 ns, Total: 26200 ns
[1.901s][info ][safepoint      ] Safepoint "ICBufferFull", Time since last: 1296506 ns, Reaching safepoint: 29200 ns, At safepoint: 1600 ns, Total: 30800 ns
[1.901s][info ][safepoint      ] Safepoint "ICBufferFull", Time since last: 449902 ns, Reaching safepoint: 17100 ns, At safepoint: 1500 ns, Total: 18600 ns
[1.903s][info ][safepoint      ] Safepoint "ICBufferFull", Time since last: 1721407 ns, Reaching safepoint: 17200 ns, At safepoint: 1200 ns, Total: 18400 ns
[1.906s][info ][safepoint      ] Safepoint "ICBufferFull", Time since last: 2590711 ns, Reaching safepoint: 35000 ns, At safepoint: 1600 ns, Total: 36600 ns
[1.911s][info ][safepoint      ] Safepoint "ICBufferFull", Time since last: 5562524 ns, Reaching safepoint: 13800 ns, At safepoint: 1200 ns, Total: 15000 ns
[1.917s][info ][safepoint      ] Safepoint "ICBufferFull", Time since last: 5250622 ns, Reaching safepoint: 41700 ns, At safepoint: 6100 ns, Total: 47800 ns
[1.918s][info ][safepoint      ] Safepoint "ICBufferFull", Time since last: 1544907 ns, Reaching safepoint: 27200 ns, At safepoint: 1500 ns, Total: 28700 ns
[1.919s][info ][safepoint      ] Safepoint "ICBufferFull", Time since last: 463502 ns, Reaching safepoint: 22100 ns, At safepoint: 1300 ns, Total: 23400 ns
[1.921s][info ][safepoint      ] Safepoint "ICBufferFull", Time since last: 2484811 ns, Reaching safepoint: 22000 ns, At safepoint: 1600 ns, Total: 23600 ns
[1.922s][info ][safepoint      ] Safepoint "ICBufferFull", Time since last: 1061104 ns, Reaching safepoint: 34301 ns, At safepoint: 1600 ns, Total: 35901 ns
[1.925s][info ][safepoint      ] Safepoint "ICBufferFull", Time since last: 2566310 ns, Reaching safepoint: 32501 ns, At safepoint: 1900 ns, Total: 34401 ns
[1.925s][info ][safepoint      ] Safepoint "ICBufferFull", Time since last: 464102 ns, Reaching safepoint: 61500 ns, At safepoint: 2200 ns, Total: 63700 ns
[1.927s][info ][safepoint      ] Safepoint "ICBufferFull", Time since last: 1816908 ns, Reaching safepoint: 20600 ns, At safepoint: 2100 ns, Total: 22700 ns
[1.929s][info ][safepoint      ] Safepoint "ICBufferFull", Time since last: 1662007 ns, Reaching safepoint: 18400 ns, At safepoint: 4700 ns, Total: 23100 ns
[1.929s][info ][safepoint      ] Safepoint "ICBufferFull", Time since last: 476002 ns, Reaching safepoint: 34300 ns, At safepoint: 1400 ns, Total: 35700 ns
[1.934s][info ][safepoint      ] Safepoint "ICBufferFull", Time since last: 4324818 ns, Reaching safepoint: 39201 ns, At safepoint: 4700 ns, Total: 43901 ns
[1.948s][info ][safepoint      ] Safepoint "ICBufferFull", Time since last: 13862358 ns, Reaching safepoint: 53701 ns, At safepoint: 2400 ns, Total: 56101 ns
[1.948s][info ][safepoint      ] Safepoint "ICBufferFull", Time since last: 456402 ns, Reaching safepoint: 89100 ns, At safepoint: 4400 ns, Total: 93500 ns
[1.961s][info ][safepoint      ] Safepoint "ICBufferFull", Time since last: 12411853 ns, Reaching safepoint: 42000 ns, At safepoint: 1600 ns, Total: 43600 ns
[1.961s][info ][safepoint      ] Safepoint "ICBufferFull", Time since last: 690003 ns, Reaching safepoint: 19400 ns, At safepoint: 1300 ns, Total: 20700 ns
[1.962s][info ][safepoint      ] Safepoint "ICBufferFull", Time since last: 920704 ns, Reaching safepoint: 17200 ns, At safepoint: 1300 ns, Total: 18500 ns
[1.963s][info ][safepoint      ] Safepoint "ICBufferFull", Time since last: 832903 ns, Reaching safepoint: 17101 ns, At safepoint: 1100 ns, Total: 18201 ns
[1.964s][info ][safepoint      ] Safepoint "ICBufferFull", Time since last: 700203 ns, Reaching safepoint: 20300 ns, At safepoint: 1300 ns, Total: 21600 ns
[1.966s][info ][safepoint      ] Safepoint "ICBufferFull", Time since last: 1934608 ns, Reaching safepoint: 34400 ns, At safepoint: 5200 ns, Total: 39600 ns
[1.968s][info ][safepoint      ] Safepoint "ICBufferFull", Time since last: 1829408 ns, Reaching safepoint: 27600 ns, At safepoint: 2000 ns, Total: 29600 ns
[1.969s][info ][safepoint      ] Safepoint "ICBufferFull", Time since last: 803403 ns, Reaching safepoint: 21500 ns, At safepoint: 1400 ns, Total: 22900 ns
[1.970s][info ][safepoint      ] Safepoint "ICBufferFull", Time since last: 1085605 ns, Reaching safepoint: 31400 ns, At safepoint: 1600 ns, Total: 33000 ns
[1.972s][info ][safepoint      ] Safepoint "ICBufferFull", Time since last: 2124009 ns, Reaching safepoint: 22800 ns, At safepoint: 1800 ns, Total: 24600 ns
[1.973s][info ][safepoint      ] Safepoint "ICBufferFull", Time since last: 1026005 ns, Reaching safepoint: 104000 ns, At safepoint: 5100 ns, Total: 109100 ns
[1.974s][info ][safepoint      ] Safepoint "ICBufferFull", Time since last: 1005504 ns, Reaching safepoint: 19100 ns, At safepoint: 900 ns, Total: 20000 ns
[1.976s][info ][safepoint      ] Safepoint "ICBufferFull", Time since last: 1713408 ns, Reaching safepoint: 18500 ns, At safepoint: 900 ns, Total: 19400 ns
[1.979s][info ][safepoint      ] Safepoint "ICBufferFull", Time since last: 3458315 ns, Reaching safepoint: 16800 ns, At safepoint: 1300 ns, Total: 18100 ns
[1.980s][info ][safepoint      ] Safepoint "ICBufferFull", Time since last: 765703 ns, Reaching safepoint: 25600 ns, At safepoint: 900 ns, Total: 26500 ns
[1.981s][info ][safepoint      ] Safepoint "ICBufferFull", Time since last: 1416206 ns, Reaching safepoint: 25700 ns, At safepoint: 3800 ns, Total: 29500 ns
[1.982s][info ][safepoint      ] Safepoint "ICBufferFull", Time since last: 459702 ns, Reaching safepoint: 12100 ns, At safepoint: 3100 ns, Total: 15200 ns
[1.984s][info ][safepoint      ] Safepoint "ICBufferFull", Time since last: 1579307 ns, Reaching safepoint: 84500 ns, At safepoint: 4500 ns, Total: 89000 ns
[1.985s][info ][safepoint      ] Safepoint "ICBufferFull", Time since last: 1383906 ns, Reaching safepoint: 25200 ns, At safepoint: 800 ns, Total: 26000 ns
[1.986s][info ][safepoint      ] Safepoint "ICBufferFull", Time since last: 1075705 ns, Reaching safepoint: 13500 ns, At safepoint: 700 ns, Total: 14200 ns
[1.987s][info ][safepoint      ] Safepoint "ICBufferFull", Time since last: 1202805 ns, Reaching safepoint: 12200 ns, At safepoint: 600 ns, Total: 12800 ns
[1.988s][info ][safepoint      ] Safepoint "ICBufferFull", Time since last: 1003004 ns, Reaching safepoint: 11600 ns, At safepoint: 600 ns, Total: 12200 ns
[1.989s][info ][safepoint      ] Safepoint "ICBufferFull", Time since last: 1164005 ns, Reaching safepoint: 13600 ns, At safepoint: 800 ns, Total: 14400 ns
[1.991s][info ][safepoint      ] Safepoint "ICBufferFull", Time since last: 1137805 ns, Reaching safepoint: 12700 ns, At safepoint: 900 ns, Total: 13600 ns
[1.992s][info ][safepoint      ] Safepoint "ICBufferFull", Time since last: 1068005 ns, Reaching safepoint: 23500 ns, At safepoint: 900 ns, Total: 24400 ns
[1.993s][info ][safepoint      ] Safepoint "ICBufferFull", Time since last: 1074804 ns, Reaching safepoint: 84901 ns, At safepoint: 9400 ns, Total: 94301 ns
[1.995s][info ][safepoint      ] Safepoint "ICBufferFull", Time since last: 1866908 ns, Reaching safepoint: 32200 ns, At safepoint: 1000 ns, Total: 33200 ns
[1.996s][info ][safepoint      ] Safepoint "ICBufferFull", Time since last: 1020604 ns, Reaching safepoint: 80001 ns, At safepoint: 3400 ns, Total: 83401 ns
[1.997s][info ][safepoint      ] Safepoint "ICBufferFull", Time since last: 1055504 ns, Reaching safepoint: 22900 ns, At safepoint: 1400 ns, Total: 24300 ns
[1.998s][info ][safepoint      ] Safepoint "ICBufferFull", Time since last: 1061705 ns, Reaching safepoint: 25000 ns, At safepoint: 5500 ns, Total: 30500 ns
[1.999s][info ][safepoint      ] Safepoint "ICBufferFull", Time since last: 1244605 ns, Reaching safepoint: 13200 ns, At safepoint: 800 ns, Total: 14000 ns
[2.000s][info ][safepoint      ] Safepoint "ICBufferFull", Time since last: 1065205 ns, Reaching safepoint: 12800 ns, At safepoint: 700 ns, Total: 13500 ns
[2.002s][info ][safepoint      ] Safepoint "ICBufferFull", Time since last: 1064804 ns, Reaching safepoint: 247101 ns, At safepoint: 4000 ns, Total: 251101 ns
[2.003s][info ][safepoint      ] Safepoint "ICBufferFull", Time since last: 1213106 ns, Reaching safepoint: 13000 ns, At safepoint: 700 ns, Total: 13700 ns
[2.003s][info ][safepoint      ] Safepoint "ICBufferFull", Time since last: 461002 ns, Reaching safepoint: 11500 ns, At safepoint: 600 ns, Total: 12100 ns
[2.005s][info ][safepoint      ] Safepoint "ICBufferFull", Time since last: 1349105 ns, Reaching safepoint: 12200 ns, At safepoint: 700 ns, Total: 12900 ns
[2.007s][info ][safepoint      ] Safepoint "ICBufferFull", Time since last: 1948009 ns, Reaching safepoint: 23400 ns, At safepoint: 900 ns, Total: 24300 ns
[2.008s][info ][safepoint      ] Safepoint "ICBufferFull", Time since last: 984204 ns, Reaching safepoint: 88900 ns, At safepoint: 3800 ns, Total: 92700 ns
[2.009s][info ][safepoint      ] Safepoint "ICBufferFull", Time since last: 1104505 ns, Reaching safepoint: 25400 ns, At safepoint: 700 ns, Total: 26100 ns
[2.010s][info ][safepoint      ] Safepoint "ICBufferFull", Time since last: 1369406 ns, Reaching safepoint: 13500 ns, At safepoint: 700 ns, Total: 14200 ns
[2.011s][info ][safepoint      ] Safepoint "ICBufferFull", Time since last: 507702 ns, Reaching safepoint: 22000 ns, At safepoint: 1000 ns, Total: 23000 ns
[2.012s][info ][safepoint      ] Safepoint "ICBufferFull", Time since last: 1211605 ns, Reaching safepoint: 26701 ns, At safepoint: 3400 ns, Total: 30101 ns
[2.014s][info ][safepoint      ] Safepoint "ICBufferFull", Time since last: 1337205 ns, Reaching safepoint: 85401 ns, At safepoint: 6000 ns, Total: 91401 ns
[2.014s][info ][safepoint      ] Safepoint "ICBufferFull", Time since last: 654802 ns, Reaching safepoint: 80801 ns, At safepoint: 5000 ns, Total: 85801 ns
[2.016s][info ][safepoint      ] Safepoint "ICBufferFull", Time since last: 1214005 ns, Reaching safepoint: 25700 ns, At safepoint: 4400 ns, Total: 30100 ns
[2.084s][info ][safepoint      ] Safepoint "ICBufferFull", Time since last: 68294090 ns, Reaching safepoint: 106801 ns, At safepoint: 8100 ns, Total: 114901 ns
[2.389s][info ][gc,start       ] GC(2) Pause Young (Metadata GC Threshold)
[2.422s][debug][gc,phases      ] GC(2) Scavenge 33.260ms
[2.422s][debug][gc,ref         ] GC(2) Skipped phase 1 of Reference Processing: no references
[2.422s][debug][gc,ref         ] GC(2) ReferenceProcessor::execute queues: 2, RefProcThreadModel::Multi, marks_oops_alive: false
[2.422s][debug][gc,ref         ] GC(2) Skipped phase 3 of Reference Processing: no references
[2.422s][debug][gc,ref         ] GC(2) ReferenceProcessor::execute queues: 1, RefProcThreadModel::Single, marks_oops_alive: false
[2.423s][debug][gc,phases      ] GC(2) Reference Processing 0.285ms
[2.423s][debug][gc,phases      ] GC(2)   VM Weak                        Min:  0.0, Avg:  0.0, Max:  0.0, Diff:  0.0, Sum:  0.0, Workers: 4
[2.423s][debug][gc,phases      ] GC(2)     Dead                           Min: 0, Avg:  0.0, Max: 0, Diff: 0, Sum: 0, Workers: 4
[2.423s][debug][gc,phases      ] GC(2)     Total                          Min: 0, Avg: 75.5, Max: 174, Diff: 174, Sum: 302, Workers: 4
[2.423s][debug][gc,phases      ] GC(2)   ObjectSynchronizer Weak        Min:  0.0, Avg:  0.0, Max:  0.0, Diff:  0.0, Sum:  0.0, Workers: 4
[2.423s][debug][gc,phases      ] GC(2)     Dead                           Min: 0, Avg:  0.2, Max: 1, Diff: 1, Sum: 1, Workers: 4
[2.423s][debug][gc,phases      ] GC(2)     Total                          Min: 0, Avg:  2.8, Max: 11, Diff: 11, Sum: 11, Workers: 4
[2.423s][debug][gc,phases      ] GC(2)   JVMTI Tag Weak OopStorage      Min:  0.0, Avg:  0.0, Max:  0.0, Diff:  0.0, Sum:  0.0, Workers: 4
[2.423s][debug][gc,phases      ] GC(2)     Dead                           Min: 0, Avg:  0.0, Max: 0, Diff: 0, Sum: 0, Workers: 4
[2.423s][debug][gc,phases      ] GC(2)     Total                          Min: 0, Avg:  0.0, Max: 0, Diff: 0, Sum: 0, Workers: 4
[2.423s][debug][gc,phases      ] GC(2)   StringTable Weak               Min:  0.1, Avg:  0.1, Max:  0.2, Diff:  0.0, Sum:  0.6, Workers: 4
[2.423s][debug][gc,phases      ] GC(2)     Dead                           Min: 1, Avg:  8.0, Max: 20, Diff: 19, Sum: 32, Workers: 4
[2.423s][debug][gc,phases      ] GC(2)     Total                          Min: 4224, Avg: 5019.8, Max: 6895, Diff: 2671, Sum: 20079, Workers: 4
[2.423s][debug][gc,phases      ] GC(2)   ResolvedMethodTable Weak       Min:  0.0, Avg:  0.0, Max:  0.0, Diff:  0.0, Sum:  0.1, Workers: 4
[2.423s][debug][gc,phases      ] GC(2)     Dead                           Min: 4, Avg: 17.5, Max: 32, Diff: 28, Sum: 70, Workers: 4
[2.423s][debug][gc,phases      ] GC(2)     Total                          Min: 384, Avg: 492.5, Max: 704, Diff: 320, Sum: 1970, Workers: 4
[2.423s][debug][gc,phases      ] GC(2)   JNI Weak                       Min:  0.0, Avg:  0.0, Max:  0.0, Diff:  0.0, Sum:  0.0, Workers: 4
[2.423s][debug][gc,phases      ] GC(2)     Dead                           Min: 0, Avg:  0.0, Max: 0, Diff: 0, Sum: 0, Workers: 4
[2.423s][debug][gc,phases      ] GC(2)     Total                          Min: 0, Avg:  0.0, Max: 0, Diff: 0, Sum: 0, Workers: 4
[2.423s][debug][gc,phases      ] GC(2)   StringDedup Table Weak         Min:  0.0, Avg:  0.0, Max:  0.0, Diff:  0.0, Sum:  0.0, Workers: 4
[2.423s][debug][gc,phases      ] GC(2)     Dead                           Min: 0, Avg:  0.0, Max: 0, Diff: 0, Sum: 0, Workers: 4
[2.423s][debug][gc,phases      ] GC(2)     Total                          Min: 0, Avg:  0.0, Max: 0, Diff: 0, Sum: 0, Workers: 4
[2.423s][debug][gc,phases      ] GC(2)   StringDedup Requests0 Weak     Min:  0.0, Avg:  0.0, Max:  0.0, Diff:  0.0, Sum:  0.0, Workers: 4
[2.423s][debug][gc,phases      ] GC(2)     Dead                           Min: 0, Avg:  0.0, Max: 0, Diff: 0, Sum: 0, Workers: 4
[2.423s][debug][gc,phases      ] GC(2)     Total                          Min: 0, Avg:  0.0, Max: 0, Diff: 0, Sum: 0, Workers: 4
[2.423s][debug][gc,phases      ] GC(2)   StringDedup Requests1 Weak     Min:  0.0, Avg:  0.0, Max:  0.0, Diff:  0.0, Sum:  0.0, Workers: 4
[2.423s][debug][gc,phases      ] GC(2)     Dead                           Min: 0, Avg:  0.0, Max: 0, Diff: 0, Sum: 0, Workers: 4
[2.423s][debug][gc,phases      ] GC(2)     Total                          Min: 0, Avg:  0.0, Max: 0, Diff: 0, Sum: 0, Workers: 4
[2.423s][debug][gc,phases      ] GC(2)   Weak JFR Old Object Samples    Min:  0.0, Avg:  0.0, Max:  0.0, Diff:  0.0, Sum:  0.0, Workers: 4
[2.423s][debug][gc,phases      ] GC(2)     Dead                           Min: 0, Avg:  0.0, Max: 0, Diff: 0, Sum: 0, Workers: 4
[2.423s][debug][gc,phases      ] GC(2)     Total                          Min: 0, Avg:  0.0, Max: 0, Diff: 0, Sum: 0, Workers: 4
[2.423s][debug][gc,phases      ] GC(2) Weak Processing 0.334ms
[2.423s][debug][gc,age         ] GC(2) Desired survivor size 536870912 bytes, new threshold 7 (max threshold 15)
[2.423s][info ][gc,heap        ] GC(2) PSYoungGen: 485521K(1572864K)->62421K(1572864K) Eden: 471619K(1048576K)->0K(1048576K) From: 13901K(524288K)->62421K(524288K)
[2.423s][info ][gc,heap        ] GC(2) ParOldGen: 5660K(6144K)->5668K(6144K)
[2.423s][info ][gc,metaspace   ] GC(2) Metaspace: 35436K(35840K)->35436K(35840K) NonClass: 30918K(31168K)->30918K(31168K) Class: 4517K(4672K)->4517K(4672K)
[2.423s][info ][gc             ] GC(2) Pause Young (Metadata GC Threshold) 479M->66M(1542M) 33.993ms
[2.423s][info ][gc,cpu         ] GC(2) User=0.08s Sys=0.06s Real=0.04s
[2.423s][debug][gc,phases      ] GC(3) Pre Compact 0.008ms
[2.423s][info ][gc,start       ] GC(3) Pause Full (Metadata GC Threshold)
[2.423s][info ][gc,phases,start] GC(3) Marking Phase
[2.440s][debug][gc,phases      ] GC(3) Par Mark 17.214ms
[2.440s][debug][gc,ref         ] GC(3) Skipped phase 1 of Reference Processing: no references
[2.440s][debug][gc,ref         ] GC(3) ReferenceProcessor::execute queues: 2, RefProcThreadModel::Multi, marks_oops_alive: false
[2.440s][debug][gc,ref         ] GC(3) Skipped phase 3 of Reference Processing: no references
[2.440s][debug][gc,ref         ] GC(3) ReferenceProcessor::execute queues: 1, RefProcThreadModel::Single, marks_oops_alive: false
[2.440s][debug][gc,phases      ] GC(3) Reference Processing 0.143ms
[2.441s][debug][gc,phases      ] GC(3)   VM Weak                        Min:  0.0, Avg:  0.0, Max:  0.0, Diff:  0.0, Sum:  0.0, Workers: 4
[2.441s][debug][gc,phases      ] GC(3)     Dead                           Min: 0, Avg:  0.0, Max: 0, Diff: 0, Sum: 0, Workers: 4
[2.441s][debug][gc,phases      ] GC(3)     Total                          Min: 0, Avg: 75.5, Max: 302, Diff: 302, Sum: 302, Workers: 4
[2.441s][debug][gc,phases      ] GC(3)   ObjectSynchronizer Weak        Min:  0.0, Avg:  0.0, Max:  0.0, Diff:  0.0, Sum:  0.0, Workers: 4
[2.441s][debug][gc,phases      ] GC(3)     Dead                           Min: 0, Avg:  0.0, Max: 0, Diff: 0, Sum: 0, Workers: 4
[2.441s][debug][gc,phases      ] GC(3)     Total                          Min: 0, Avg:  2.8, Max: 11, Diff: 11, Sum: 11, Workers: 4
[2.441s][debug][gc,phases      ] GC(3)   JVMTI Tag Weak OopStorage      Min:  0.0, Avg:  0.0, Max:  0.0, Diff:  0.0, Sum:  0.0, Workers: 4
[2.441s][debug][gc,phases      ] GC(3)     Dead                           Min: 0, Avg:  0.0, Max: 0, Diff: 0, Sum: 0, Workers: 4
[2.441s][debug][gc,phases      ] GC(3)     Total                          Min: 0, Avg:  0.0, Max: 0, Diff: 0, Sum: 0, Workers: 4
[2.441s][debug][gc,phases      ] GC(3)   StringTable Weak               Min:  0.1, Avg:  0.1, Max:  0.1, Diff:  0.0, Sum:  0.3, Workers: 4
[2.441s][debug][gc,phases      ] GC(3)     Dead                           Min: 0, Avg:  0.0, Max: 0, Diff: 0, Sum: 0, Workers: 4
[2.441s][debug][gc,phases      ] GC(3)     Total                          Min: 4544, Avg: 5019.8, Max: 5423, Diff: 879, Sum: 20079, Workers: 4
[2.441s][debug][gc,phases      ] GC(3)   ResolvedMethodTable Weak       Min:  0.0, Avg:  0.0, Max:  0.0, Diff:  0.0, Sum:  0.0, Workers: 4
[2.441s][debug][gc,phases      ] GC(3)     Dead                           Min: 0, Avg:  0.0, Max: 0, Diff: 0, Sum: 0, Workers: 4
[2.441s][debug][gc,phases      ] GC(3)     Total                          Min: 448, Avg: 492.5, Max: 562, Diff: 114, Sum: 1970, Workers: 4
[2.441s][debug][gc,phases      ] GC(3)   JNI Weak                       Min:  0.0, Avg:  0.0, Max:  0.0, Diff:  0.0, Sum:  0.0, Workers: 4
[2.441s][debug][gc,phases      ] GC(3)     Dead                           Min: 0, Avg:  0.0, Max: 0, Diff: 0, Sum: 0, Workers: 4
[2.441s][debug][gc,phases      ] GC(3)     Total                          Min: 0, Avg:  0.0, Max: 0, Diff: 0, Sum: 0, Workers: 4
[2.441s][debug][gc,phases      ] GC(3)   StringDedup Table Weak         Min:  0.0, Avg:  0.0, Max:  0.0, Diff:  0.0, Sum:  0.0, Workers: 4
[2.441s][debug][gc,phases      ] GC(3)     Dead                           Min: 0, Avg:  0.0, Max: 0, Diff: 0, Sum: 0, Workers: 4
[2.441s][debug][gc,phases      ] GC(3)     Total                          Min: 0, Avg:  0.0, Max: 0, Diff: 0, Sum: 0, Workers: 4
[2.441s][debug][gc,phases      ] GC(3)   StringDedup Requests0 Weak     Min:  0.0, Avg:  0.0, Max:  0.0, Diff:  0.0, Sum:  0.0, Workers: 4
[2.441s][debug][gc,phases      ] GC(3)     Dead                           Min: 0, Avg:  0.0, Max: 0, Diff: 0, Sum: 0, Workers: 4
[2.441s][debug][gc,phases      ] GC(3)     Total                          Min: 0, Avg:  0.0, Max: 0, Diff: 0, Sum: 0, Workers: 4
[2.441s][debug][gc,phases      ] GC(3)   StringDedup Requests1 Weak     Min:  0.0, Avg:  0.0, Max:  0.0, Diff:  0.0, Sum:  0.0, Workers: 4
[2.441s][debug][gc,phases      ] GC(3)     Dead                           Min: 0, Avg:  0.0, Max: 0, Diff: 0, Sum: 0, Workers: 4
[2.441s][debug][gc,phases      ] GC(3)     Total                          Min: 0, Avg:  0.0, Max: 0, Diff: 0, Sum: 0, Workers: 4
[2.441s][debug][gc,phases      ] GC(3)   Weak JFR Old Object Samples    Min:  0.0, Avg:  0.0, Max:  0.0, Diff:  0.0, Sum:  0.0, Workers: 4
[2.441s][debug][gc,phases      ] GC(3)     Dead                           Min: 0, Avg:  0.0, Max: 0, Diff: 0, Sum: 0, Workers: 4
[2.441s][debug][gc,phases      ] GC(3)     Total                          Min: 0, Avg:  0.0, Max: 0, Diff: 0, Sum: 0, Workers: 4
[2.441s][debug][gc,phases      ] GC(3) Weak Processing 0.228ms
[2.441s][debug][gc,phases      ] GC(3) ClassLoaderData 0.035ms
[2.441s][debug][gc,phases      ] GC(3) Trigger cleanups 0.000ms
[2.444s][debug][gc,phases      ] GC(3) Class Unloading 3.351ms
[2.444s][info ][gc,phases      ] GC(3) Marking Phase 21.033ms
[2.444s][info ][gc,phases,start] GC(3) Summary Phase
[2.444s][info ][gc,phases      ] GC(3) Summary Phase 0.005ms
[2.444s][info ][gc,phases,start] GC(3) Adjust Roots
[2.448s][info ][gc,phases      ] GC(3) Adjust Roots 3.924ms
[2.448s][info ][gc,phases,start] GC(3) Compaction Phase
[2.526s][info ][gc,phases      ] GC(3) Compaction Phase 77.639ms
[2.526s][info ][gc,phases,start] GC(3) Post Compact
[2.526s][info ][gc,phases      ] GC(3) Post Compact 0.639ms
[2.526s][info ][gc,heap        ] GC(3) PSYoungGen: 62421K(1572864K)->58376K(1572864K) Eden: 0K(1048576K)->0K(1048576K) From: 62421K(524288K)->58376K(524288K)
[2.526s][info ][gc,heap        ] GC(3) ParOldGen: 5668K(6144K)->6115K(6144K)
[2.526s][info ][gc,metaspace   ] GC(3) Metaspace: 35436K(35840K)->35436K(35840K) NonClass: 30918K(31168K)->30918K(31168K) Class: 4517K(4672K)->4517K(4672K)
[2.526s][info ][gc             ] GC(3) Pause Full (Metadata GC Threshold) 66M->62M(1542M) 103.343ms
[2.526s][info ][gc,cpu         ] GC(3) User=0.38s Sys=0.00s Real=0.10s
[2.526s][info ][safepoint      ] Safepoint "CollectForMetadataAllocation", Time since last: 304805095 ns, Reaching safepoint: 135600 ns, At safepoint: 137466784 ns, Total: 137602384 ns
[2.743s][info ][safepoint      ] Safepoint "ICBufferFull", Time since last: 216054118 ns, Reaching safepoint: 124901 ns, At safepoint: 2000 ns, Total: 126901 ns
[3.186s][info ][safepoint      ] Safepoint "ICBufferFull", Time since last: 443326284 ns, Reaching safepoint: 167101 ns, At safepoint: 7300 ns, Total: 174401 ns
[3.200s][info ][safepoint      ] Safepoint "ICBufferFull", Time since last: 13955159 ns, Reaching safepoint: 47100 ns, At safepoint: 7300 ns, Total: 54400 ns
[3.201s][info ][safepoint      ] Safepoint "ICBufferFull", Time since last: 476502 ns, Reaching safepoint: 19900 ns, At safepoint: 1100 ns, Total: 21000 ns
[3.201s][info ][safepoint      ] Safepoint "ICBufferFull", Time since last: 430102 ns, Reaching safepoint: 27800 ns, At safepoint: 1200 ns, Total: 29000 ns
[3.201s][info ][safepoint      ] Safepoint "ICBufferFull", Time since last: 442102 ns, Reaching safepoint: 18300 ns, At safepoint: 1100 ns, Total: 19400 ns
[3.202s][info ][safepoint      ] Safepoint "ICBufferFull", Time since last: 422502 ns, Reaching safepoint: 18000 ns, At safepoint: 1100 ns, Total: 19100 ns
[3.202s][info ][safepoint      ] Safepoint "ICBufferFull", Time since last: 450802 ns, Reaching safepoint: 17600 ns, At safepoint: 1100 ns, Total: 18700 ns
[3.203s][info ][safepoint      ] Safepoint "ICBufferFull", Time since last: 417102 ns, Reaching safepoint: 18400 ns, At safepoint: 800 ns, Total: 19200 ns
[3.203s][info ][safepoint      ] Safepoint "ICBufferFull", Time since last: 418302 ns, Reaching safepoint: 18900 ns, At safepoint: 800 ns, Total: 19700 ns
[3.204s][info ][safepoint      ] Safepoint "ICBufferFull", Time since last: 431302 ns, Reaching safepoint: 17700 ns, At safepoint: 900 ns, Total: 18600 ns
[3.204s][info ][safepoint      ] Safepoint "ICBufferFull", Time since last: 422001 ns, Reaching safepoint: 18700 ns, At safepoint: 900 ns, Total: 19600 ns
[3.205s][info ][safepoint      ] Safepoint "ICBufferFull", Time since last: 433202 ns, Reaching safepoint: 18600 ns, At safepoint: 800 ns, Total: 19400 ns
[3.205s][info ][safepoint      ] Safepoint "ICBufferFull", Time since last: 430302 ns, Reaching safepoint: 17800 ns, At safepoint: 900 ns, Total: 18700 ns
[3.206s][info ][safepoint      ] Safepoint "ICBufferFull", Time since last: 446902 ns, Reaching safepoint: 29000 ns, At safepoint: 1100 ns, Total: 30100 ns
[3.206s][info ][safepoint      ] Safepoint "ICBufferFull", Time since last: 421802 ns, Reaching safepoint: 24900 ns, At safepoint: 1000 ns, Total: 25900 ns
[3.206s][info ][safepoint      ] Safepoint "ICBufferFull", Time since last: 421602 ns, Reaching safepoint: 17700 ns, At safepoint: 900 ns, Total: 18600 ns
[3.207s][info ][safepoint      ] Safepoint "ICBufferFull", Time since last: 428902 ns, Reaching safepoint: 19400 ns, At safepoint: 1000 ns, Total: 20400 ns
[3.207s][info ][safepoint      ] Safepoint "ICBufferFull", Time since last: 425202 ns, Reaching safepoint: 17000 ns, At safepoint: 900 ns, Total: 17900 ns
[3.208s][info ][safepoint      ] Safepoint "ICBufferFull", Time since last: 424402 ns, Reaching safepoint: 18200 ns, At safepoint: 1000 ns, Total: 19200 ns
[3.208s][info ][safepoint      ] Safepoint "ICBufferFull", Time since last: 435602 ns, Reaching safepoint: 17600 ns, At safepoint: 900 ns, Total: 18500 ns
[3.209s][info ][safepoint      ] Safepoint "ICBufferFull", Time since last: 437102 ns, Reaching safepoint: 17100 ns, At safepoint: 800 ns, Total: 17900 ns
[3.209s][info ][safepoint      ] Safepoint "ICBufferFull", Time since last: 420901 ns, Reaching safepoint: 19001 ns, At safepoint: 1000 ns, Total: 20001 ns
[3.210s][info ][safepoint      ] Safepoint "ICBufferFull", Time since last: 445401 ns, Reaching safepoint: 17100 ns, At safepoint: 901 ns, Total: 18001 ns
[3.210s][info ][safepoint      ] Safepoint "ICBufferFull", Time since last: 435301 ns, Reaching safepoint: 17300 ns, At safepoint: 800 ns, Total: 18100 ns
[3.210s][info ][safepoint      ] Safepoint "ICBufferFull", Time since last: 424502 ns, Reaching safepoint: 15800 ns, At safepoint: 800 ns, Total: 16600 ns
[3.211s][info ][safepoint      ] Safepoint "ICBufferFull", Time since last: 425802 ns, Reaching safepoint: 16900 ns, At safepoint: 900 ns, Total: 17800 ns
[3.211s][info ][safepoint      ] Safepoint "ICBufferFull", Time since last: 431802 ns, Reaching safepoint: 16100 ns, At safepoint: 800 ns, Total: 16900 ns
[3.212s][info ][safepoint      ] Safepoint "ICBufferFull", Time since last: 433502 ns, Reaching safepoint: 17000 ns, At safepoint: 900 ns, Total: 17900 ns
[3.212s][info ][safepoint      ] Safepoint "ICBufferFull", Time since last: 434202 ns, Reaching safepoint: 17600 ns, At safepoint: 900 ns, Total: 18500 ns
[3.213s][info ][safepoint      ] Safepoint "ICBufferFull", Time since last: 428202 ns, Reaching safepoint: 16700 ns, At safepoint: 1000 ns, Total: 17700 ns
[3.213s][info ][safepoint      ] Safepoint "ICBufferFull", Time since last: 424602 ns, Reaching safepoint: 26800 ns, At safepoint: 1200 ns, Total: 28000 ns
[3.214s][info ][safepoint      ] Safepoint "ICBufferFull", Time since last: 430702 ns, Reaching safepoint: 24900 ns, At safepoint: 1100 ns, Total: 26000 ns
[3.214s][info ][safepoint      ] Safepoint "ICBufferFull", Time since last: 437202 ns, Reaching safepoint: 16500 ns, At safepoint: 1100 ns, Total: 17600 ns
[3.215s][info ][safepoint      ] Safepoint "ICBufferFull", Time since last: 422901 ns, Reaching safepoint: 28201 ns, At safepoint: 1800 ns, Total: 30001 ns
[3.215s][info ][safepoint      ] Safepoint "ICBufferFull", Time since last: 476102 ns, Reaching safepoint: 14800 ns, At safepoint: 1300 ns, Total: 16100 ns
[3.215s][info ][safepoint      ] Safepoint "ICBufferFull", Time since last: 469002 ns, Reaching safepoint: 14600 ns, At safepoint: 1200 ns, Total: 15800 ns
[3.216s][info ][safepoint      ] Safepoint "ICBufferFull", Time since last: 565802 ns, Reaching safepoint: 14000 ns, At safepoint: 1300 ns, Total: 15300 ns
[3.217s][info ][safepoint      ] Safepoint "ICBufferFull", Time since last: 583203 ns, Reaching safepoint: 12800 ns, At safepoint: 1500 ns, Total: 14300 ns
[3.217s][info ][safepoint      ] Safepoint "ICBufferFull", Time since last: 615902 ns, Reaching safepoint: 16200 ns, At safepoint: 1100 ns, Total: 17300 ns
[3.218s][info ][safepoint      ] Safepoint "ICBufferFull", Time since last: 667603 ns, Reaching safepoint: 13400 ns, At safepoint: 1100 ns, Total: 14500 ns
[3.219s][info ][safepoint      ] Safepoint "ICBufferFull", Time since last: 689303 ns, Reaching safepoint: 13000 ns, At safepoint: 900 ns, Total: 13900 ns
[3.219s][info ][safepoint      ] Safepoint "ICBufferFull", Time since last: 696303 ns, Reaching safepoint: 16400 ns, At safepoint: 1300 ns, Total: 17700 ns
[3.220s][info ][safepoint      ] Safepoint "ICBufferFull", Time since last: 696303 ns, Reaching safepoint: 17300 ns, At safepoint: 1000 ns, Total: 18300 ns
[3.221s][info ][safepoint      ] Safepoint "ICBufferFull", Time since last: 660703 ns, Reaching safepoint: 14000 ns, At safepoint: 1000 ns, Total: 15000 ns
[3.221s][info ][safepoint      ] Safepoint "ICBufferFull", Time since last: 626303 ns, Reaching safepoint: 14100 ns, At safepoint: 900 ns, Total: 15000 ns
[3.222s][info ][safepoint      ] Safepoint "ICBufferFull", Time since last: 665703 ns, Reaching safepoint: 13000 ns, At safepoint: 1000 ns, Total: 14000 ns
[3.223s][info ][safepoint      ] Safepoint "ICBufferFull", Time since last: 670503 ns, Reaching safepoint: 13400 ns, At safepoint: 1000 ns, Total: 14400 ns
[3.223s][info ][safepoint      ] Safepoint "ICBufferFull", Time since last: 671403 ns, Reaching safepoint: 25900 ns, At safepoint: 900 ns, Total: 26800 ns
[3.224s][info ][safepoint      ] Safepoint "ICBufferFull", Time since last: 671703 ns, Reaching safepoint: 14800 ns, At safepoint: 900 ns, Total: 15700 ns
[3.225s][info ][safepoint      ] Safepoint "ICBufferFull", Time since last: 681303 ns, Reaching safepoint: 15100 ns, At safepoint: 800 ns, Total: 15900 ns
[3.225s][info ][safepoint      ] Safepoint "ICBufferFull", Time since last: 516402 ns, Reaching safepoint: 27300 ns, At safepoint: 1600 ns, Total: 28900 ns
[3.226s][info ][safepoint      ] Safepoint "ICBufferFull", Time since last: 527302 ns, Reaching safepoint: 13400 ns, At safepoint: 1200 ns, Total: 14600 ns
[3.226s][info ][safepoint      ] Safepoint "ICBufferFull", Time since last: 520302 ns, Reaching safepoint: 12701 ns, At safepoint: 1100 ns, Total: 13801 ns
[3.227s][info ][safepoint      ] Safepoint "ICBufferFull", Time since last: 428201 ns, Reaching safepoint: 13100 ns, At safepoint: 1000 ns, Total: 14100 ns
[3.227s][info ][safepoint      ] Safepoint "ICBufferFull", Time since last: 423902 ns, Reaching safepoint: 13000 ns, At safepoint: 1000 ns, Total: 14000 ns
[3.228s][info ][safepoint      ] Safepoint "ICBufferFull", Time since last: 442902 ns, Reaching safepoint: 15700 ns, At safepoint: 1300 ns, Total: 17000 ns
[3.228s][info ][safepoint      ] Safepoint "ICBufferFull", Time since last: 452602 ns, Reaching safepoint: 13400 ns, At safepoint: 1000 ns, Total: 14400 ns
[3.229s][info ][safepoint      ] Safepoint "ICBufferFull", Time since last: 486802 ns, Reaching safepoint: 13400 ns, At safepoint: 900 ns, Total: 14300 ns
[3.229s][info ][safepoint      ] Safepoint "ICBufferFull", Time since last: 480602 ns, Reaching safepoint: 14300 ns, At safepoint: 1300 ns, Total: 15600 ns
[3.230s][info ][safepoint      ] Safepoint "ICBufferFull", Time since last: 458802 ns, Reaching safepoint: 14000 ns, At safepoint: 1000 ns, Total: 15000 ns
[3.230s][info ][safepoint      ] Safepoint "ICBufferFull", Time since last: 466602 ns, Reaching safepoint: 13600 ns, At safepoint: 1100 ns, Total: 14700 ns
[3.231s][info ][safepoint      ] Safepoint "ICBufferFull", Time since last: 454002 ns, Reaching safepoint: 14300 ns, At safepoint: 900 ns, Total: 15200 ns
[3.231s][info ][safepoint      ] Safepoint "ICBufferFull", Time since last: 452302 ns, Reaching safepoint: 13600 ns, At safepoint: 1000 ns, Total: 14600 ns
[3.232s][info ][safepoint      ] Safepoint "ICBufferFull", Time since last: 460502 ns, Reaching safepoint: 16600 ns, At safepoint: 1200 ns, Total: 17800 ns
[3.232s][info ][safepoint      ] Safepoint "ICBufferFull", Time since last: 448802 ns, Reaching safepoint: 16600 ns, At safepoint: 1000 ns, Total: 17600 ns
[3.233s][info ][safepoint      ] Safepoint "ICBufferFull", Time since last: 415502 ns, Reaching safepoint: 15700 ns, At safepoint: 800 ns, Total: 16500 ns
[3.233s][info ][safepoint      ] Safepoint "ICBufferFull", Time since last: 406402 ns, Reaching safepoint: 15500 ns, At safepoint: 800 ns, Total: 16300 ns
[3.233s][info ][safepoint      ] Safepoint "ICBufferFull", Time since last: 428402 ns, Reaching safepoint: 17200 ns, At safepoint: 1300 ns, Total: 18500 ns
[3.234s][info ][safepoint      ] Safepoint "ICBufferFull", Time since last: 416502 ns, Reaching safepoint: 15500 ns, At safepoint: 1200 ns, Total: 16700 ns
[3.234s][info ][safepoint      ] Safepoint "ICBufferFull", Time since last: 406702 ns, Reaching safepoint: 15000 ns, At safepoint: 1200 ns, Total: 16200 ns
[3.235s][info ][safepoint      ] Safepoint "ICBufferFull", Time since last: 436001 ns, Reaching safepoint: 15801 ns, At safepoint: 1000 ns, Total: 16801 ns
[3.235s][info ][safepoint      ] Safepoint "ICBufferFull", Time since last: 412901 ns, Reaching safepoint: 16700 ns, At safepoint: 1200 ns, Total: 17900 ns
[3.236s][info ][safepoint      ] Safepoint "ICBufferFull", Time since last: 407102 ns, Reaching safepoint: 16000 ns, At safepoint: 1100 ns, Total: 17100 ns
[3.236s][info ][safepoint      ] Safepoint "ICBufferFull", Time since last: 412202 ns, Reaching safepoint: 15900 ns, At safepoint: 1100 ns, Total: 17000 ns
[3.236s][info ][safepoint      ] Safepoint "ICBufferFull", Time since last: 416202 ns, Reaching safepoint: 17500 ns, At safepoint: 1100 ns, Total: 18600 ns
[3.237s][info ][safepoint      ] Safepoint "ICBufferFull", Time since last: 409602 ns, Reaching safepoint: 16000 ns, At safepoint: 1100 ns, Total: 17100 ns
[3.237s][info ][safepoint      ] Safepoint "ICBufferFull", Time since last: 435202 ns, Reaching safepoint: 16300 ns, At safepoint: 1100 ns, Total: 17400 ns
[3.238s][info ][safepoint      ] Safepoint "ICBufferFull", Time since last: 427601 ns, Reaching safepoint: 15100 ns, At safepoint: 1101 ns, Total: 16201 ns
[3.238s][info ][safepoint      ] Safepoint "ICBufferFull", Time since last: 421801 ns, Reaching safepoint: 15500 ns, At safepoint: 1000 ns, Total: 16500 ns
[3.239s][info ][safepoint      ] Safepoint "ICBufferFull", Time since last: 440202 ns, Reaching safepoint: 15900 ns, At safepoint: 900 ns, Total: 16800 ns
[3.239s][info ][safepoint      ] Safepoint "ICBufferFull", Time since last: 424102 ns, Reaching safepoint: 13800 ns, At safepoint: 1000 ns, Total: 14800 ns
[3.240s][info ][safepoint      ] Safepoint "ICBufferFull", Time since last: 420202 ns, Reaching safepoint: 13900 ns, At safepoint: 1100 ns, Total: 15000 ns
[3.240s][info ][safepoint      ] Safepoint "ICBufferFull", Time since last: 417802 ns, Reaching safepoint: 13100 ns, At safepoint: 1000 ns, Total: 14100 ns
[3.240s][info ][safepoint      ] Safepoint "ICBufferFull", Time since last: 418702 ns, Reaching safepoint: 14500 ns, At safepoint: 1000 ns, Total: 15500 ns
[3.241s][info ][safepoint      ] Safepoint "ICBufferFull", Time since last: 418901 ns, Reaching safepoint: 13201 ns, At safepoint: 1000 ns, Total: 14201 ns
[3.241s][info ][safepoint      ] Safepoint "ICBufferFull", Time since last: 442601 ns, Reaching safepoint: 15500 ns, At safepoint: 1200 ns, Total: 16700 ns
[3.242s][info ][safepoint      ] Safepoint "ICBufferFull", Time since last: 422702 ns, Reaching safepoint: 14800 ns, At safepoint: 1200 ns, Total: 16000 ns
[3.242s][info ][safepoint      ] Safepoint "ICBufferFull", Time since last: 411302 ns, Reaching safepoint: 14300 ns, At safepoint: 1000 ns, Total: 15300 ns
[3.243s][info ][safepoint      ] Safepoint "ICBufferFull", Time since last: 412702 ns, Reaching safepoint: 15800 ns, At safepoint: 900 ns, Total: 16700 ns
[3.243s][info ][safepoint      ] Safepoint "ICBufferFull", Time since last: 438802 ns, Reaching safepoint: 16700 ns, At safepoint: 1700 ns, Total: 18400 ns
[3.244s][info ][safepoint      ] Safepoint "ICBufferFull", Time since last: 453202 ns, Reaching safepoint: 14800 ns, At safepoint: 1400 ns, Total: 16200 ns
[3.244s][info ][safepoint      ] Safepoint "ICBufferFull", Time since last: 419102 ns, Reaching safepoint: 14300 ns, At safepoint: 800 ns, Total: 15100 ns
[3.244s][info ][safepoint      ] Safepoint "ICBufferFull", Time since last: 418602 ns, Reaching safepoint: 14600 ns, At safepoint: 1000 ns, Total: 15600 ns
[3.245s][info ][safepoint      ] Safepoint "ICBufferFull", Time since last: 437401 ns, Reaching safepoint: 13701 ns, At safepoint: 900 ns, Total: 14601 ns
[3.245s][info ][safepoint      ] Safepoint "ICBufferFull", Time since last: 439301 ns, Reaching safepoint: 13400 ns, At safepoint: 900 ns, Total: 14300 ns
[3.246s][info ][safepoint      ] Safepoint "ICBufferFull", Time since last: 412602 ns, Reaching safepoint: 13600 ns, At safepoint: 900 ns, Total: 14500 ns
[3.246s][info ][safepoint      ] Safepoint "ICBufferFull", Time since last: 410402 ns, Reaching safepoint: 13000 ns, At safepoint: 800 ns, Total: 13800 ns
[3.247s][info ][safepoint      ] Safepoint "ICBufferFull", Time since last: 418202 ns, Reaching safepoint: 14100 ns, At safepoint: 900 ns, Total: 15000 ns
[3.247s][info ][safepoint      ] Safepoint "ICBufferFull", Time since last: 410702 ns, Reaching safepoint: 13200 ns, At safepoint: 900 ns, Total: 14100 ns
[3.247s][info ][safepoint      ] Safepoint "ICBufferFull", Time since last: 410601 ns, Reaching safepoint: 13401 ns, At safepoint: 900 ns, Total: 14301 ns
[3.248s][info ][safepoint      ] Safepoint "ICBufferFull", Time since last: 413801 ns, Reaching safepoint: 13300 ns, At safepoint: 900 ns, Total: 14200 ns
[3.248s][info ][safepoint      ] Safepoint "ICBufferFull", Time since last: 409902 ns, Reaching safepoint: 13400 ns, At safepoint: 900 ns, Total: 14300 ns
[3.249s][info ][safepoint      ] Safepoint "ICBufferFull", Time since last: 436602 ns, Reaching safepoint: 13500 ns, At safepoint: 800 ns, Total: 14300 ns
[3.249s][info ][safepoint      ] Safepoint "ICBufferFull", Time since last: 425602 ns, Reaching safepoint: 13000 ns, At safepoint: 900 ns, Total: 13900 ns
[3.250s][info ][safepoint      ] Safepoint "ICBufferFull", Time since last: 451002 ns, Reaching safepoint: 14500 ns, At safepoint: 1000 ns, Total: 15500 ns
[3.250s][info ][safepoint      ] Safepoint "ICBufferFull", Time since last: 435102 ns, Reaching safepoint: 13600 ns, At safepoint: 800 ns, Total: 14400 ns
[3.251s][info ][safepoint      ] Safepoint "ICBufferFull", Time since last: 433802 ns, Reaching safepoint: 12400 ns, At safepoint: 1000 ns, Total: 13400 ns
[3.251s][info ][safepoint      ] Safepoint "ICBufferFull", Time since last: 447302 ns, Reaching safepoint: 13500 ns, At safepoint: 800 ns, Total: 14300 ns
[3.251s][info ][safepoint      ] Safepoint "ICBufferFull", Time since last: 448102 ns, Reaching safepoint: 13500 ns, At safepoint: 900 ns, Total: 14400 ns
[3.252s][info ][safepoint      ] Safepoint "ICBufferFull", Time since last: 460002 ns, Reaching safepoint: 26200 ns, At safepoint: 1000 ns, Total: 27200 ns
[3.252s][info ][safepoint      ] Safepoint "ICBufferFull", Time since last: 455602 ns, Reaching safepoint: 13600 ns, At safepoint: 600 ns, Total: 14200 ns
[3.253s][info ][safepoint      ] Safepoint "ICBufferFull", Time since last: 566602 ns, Reaching safepoint: 80200 ns, At safepoint: 3301 ns, Total: 83501 ns
[3.254s][info ][safepoint      ] Safepoint "ICBufferFull", Time since last: 468501 ns, Reaching safepoint: 11501 ns, At safepoint: 600 ns, Total: 12101 ns
[3.254s][info ][safepoint      ] Safepoint "ICBufferFull", Time since last: 457401 ns, Reaching safepoint: 12001 ns, At safepoint: 500 ns, Total: 12501 ns
[3.254s][info ][safepoint      ] Safepoint "ICBufferFull", Time since last: 454901 ns, Reaching safepoint: 10601 ns, At safepoint: 600 ns, Total: 11201 ns
[3.255s][info ][safepoint      ] Safepoint "ICBufferFull", Time since last: 461501 ns, Reaching safepoint: 17801 ns, At safepoint: 800 ns, Total: 18601 ns
[3.256s][info ][safepoint      ] Safepoint "ICBufferFull", Time since last: 471902 ns, Reaching safepoint: 79600 ns, At safepoint: 3300 ns, Total: 82900 ns
[3.256s][info ][safepoint      ] Safepoint "ICBufferFull", Time since last: 459602 ns, Reaching safepoint: 79100 ns, At safepoint: 3200 ns, Total: 82300 ns
[3.257s][info ][safepoint      ] Safepoint "ICBufferFull", Time since last: 468702 ns, Reaching safepoint: 78501 ns, At safepoint: 3100 ns, Total: 81601 ns
[3.257s][info ][safepoint      ] Safepoint "ICBufferFull", Time since last: 459802 ns, Reaching safepoint: 12000 ns, At safepoint: 700 ns, Total: 12700 ns
[3.258s][info ][safepoint      ] Safepoint "ICBufferFull", Time since last: 483102 ns, Reaching safepoint: 16500 ns, At safepoint: 700 ns, Total: 17200 ns
[3.258s][info ][safepoint      ] Safepoint "ICBufferFull", Time since last: 470802 ns, Reaching safepoint: 11900 ns, At safepoint: 600 ns, Total: 12500 ns
[3.259s][info ][safepoint      ] Safepoint "ICBufferFull", Time since last: 468402 ns, Reaching safepoint: 12700 ns, At safepoint: 800 ns, Total: 13500 ns
[3.259s][info ][safepoint      ] Safepoint "ICBufferFull", Time since last: 461202 ns, Reaching safepoint: 12200 ns, At safepoint: 600 ns, Total: 12800 ns
[3.260s][info ][safepoint      ] Safepoint "ICBufferFull", Time since last: 462502 ns, Reaching safepoint: 17500 ns, At safepoint: 600 ns, Total: 18100 ns
[3.260s][info ][safepoint      ] Safepoint "ICBufferFull", Time since last: 458902 ns, Reaching safepoint: 16400 ns, At safepoint: 600 ns, Total: 17000 ns
[3.260s][info ][safepoint      ] Safepoint "ICBufferFull", Time since last: 458502 ns, Reaching safepoint: 24300 ns, At safepoint: 700 ns, Total: 25000 ns
[3.261s][info ][safepoint      ] Safepoint "ICBufferFull", Time since last: 561402 ns, Reaching safepoint: 11900 ns, At safepoint: 900 ns, Total: 12800 ns
[3.262s][info ][safepoint      ] Safepoint "ICBufferFull", Time since last: 602203 ns, Reaching safepoint: 13700 ns, At safepoint: 1400 ns, Total: 15100 ns
[3.262s][info ][safepoint      ] Safepoint "ICBufferFull", Time since last: 477802 ns, Reaching safepoint: 84300 ns, At safepoint: 5600 ns, Total: 89900 ns
[3.263s][info ][safepoint      ] Safepoint "ICBufferFull", Time since last: 608903 ns, Reaching safepoint: 14500 ns, At safepoint: 1100 ns, Total: 15600 ns
[3.263s][info ][safepoint      ] Safepoint "ICBufferFull", Time since last: 579703 ns, Reaching safepoint: 14100 ns, At safepoint: 1000 ns, Total: 15100 ns
[3.264s][info ][safepoint      ] Safepoint "ICBufferFull", Time since last: 646002 ns, Reaching safepoint: 21800 ns, At safepoint: 4200 ns, Total: 26000 ns
[3.265s][info ][safepoint      ] Safepoint "ICBufferFull", Time since last: 595003 ns, Reaching safepoint: 85500 ns, At safepoint: 4400 ns, Total: 89900 ns
[3.265s][info ][safepoint      ] Safepoint "ICBufferFull", Time since last: 605003 ns, Reaching safepoint: 18800 ns, At safepoint: 5900 ns, Total: 24700 ns
[3.266s][info ][safepoint      ] Safepoint "ICBufferFull", Time since last: 657903 ns, Reaching safepoint: 18200 ns, At safepoint: 4500 ns, Total: 22700 ns
[3.267s][info ][safepoint      ] Safepoint "ICBufferFull", Time since last: 695003 ns, Reaching safepoint: 18600 ns, At safepoint: 1000 ns, Total: 19600 ns
[3.268s][info ][safepoint      ] Safepoint "ICBufferFull", Time since last: 698403 ns, Reaching safepoint: 33800 ns, At safepoint: 1900 ns, Total: 35700 ns
[3.268s][info ][safepoint      ] Safepoint "ICBufferFull", Time since last: 720203 ns, Reaching safepoint: 20800 ns, At safepoint: 1500 ns, Total: 22300 ns
[3.269s][info ][safepoint      ] Safepoint "ICBufferFull", Time since last: 721903 ns, Reaching safepoint: 30500 ns, At safepoint: 1500 ns, Total: 32000 ns
[3.270s][info ][safepoint      ] Safepoint "ICBufferFull", Time since last: 734104 ns, Reaching safepoint: 21900 ns, At safepoint: 2100 ns, Total: 24000 ns
[3.270s][info ][safepoint      ] Safepoint "ICBufferFull", Time since last: 599402 ns, Reaching safepoint: 19200 ns, At safepoint: 1400 ns, Total: 20600 ns
[3.271s][info ][safepoint      ] Safepoint "ICBufferFull", Time since last: 490902 ns, Reaching safepoint: 21300 ns, At safepoint: 1200 ns, Total: 22500 ns
[3.271s][info ][safepoint      ] Safepoint "ICBufferFull", Time since last: 472602 ns, Reaching safepoint: 17101 ns, At safepoint: 1100 ns, Total: 18201 ns
[3.272s][info ][safepoint      ] Safepoint "ICBufferFull", Time since last: 468702 ns, Reaching safepoint: 18700 ns, At safepoint: 1300 ns, Total: 20000 ns
[3.273s][info ][safepoint      ] Safepoint "ICBufferFull", Time since last: 625502 ns, Reaching safepoint: 17800 ns, At safepoint: 1200 ns, Total: 19000 ns
[3.273s][info ][safepoint      ] Safepoint "ICBufferFull", Time since last: 616303 ns, Reaching safepoint: 18700 ns, At safepoint: 900 ns, Total: 19600 ns
[3.274s][info ][safepoint      ] Safepoint "ICBufferFull", Time since last: 542502 ns, Reaching safepoint: 17000 ns, At safepoint: 1100 ns, Total: 18100 ns
[3.274s][info ][safepoint      ] Safepoint "ICBufferFull", Time since last: 471702 ns, Reaching safepoint: 25201 ns, At safepoint: 1000 ns, Total: 26201 ns
[3.275s][info ][safepoint      ] Safepoint "ICBufferFull", Time since last: 463602 ns, Reaching safepoint: 33900 ns, At safepoint: 1000 ns, Total: 34900 ns
[3.275s][info ][safepoint      ] Safepoint "ICBufferFull", Time since last: 464702 ns, Reaching safepoint: 19000 ns, At safepoint: 1200 ns, Total: 20200 ns
[3.276s][info ][safepoint      ] Safepoint "ICBufferFull", Time since last: 453302 ns, Reaching safepoint: 20300 ns, At safepoint: 1700 ns, Total: 22000 ns
[3.276s][info ][safepoint      ] Safepoint "ICBufferFull", Time since last: 431202 ns, Reaching safepoint: 20400 ns, At safepoint: 1700 ns, Total: 22100 ns
[3.277s][info ][safepoint      ] Safepoint "ICBufferFull", Time since last: 439202 ns, Reaching safepoint: 19400 ns, At safepoint: 1000 ns, Total: 20400 ns
[3.277s][info ][safepoint      ] Safepoint "ICBufferFull", Time since last: 429201 ns, Reaching safepoint: 12701 ns, At safepoint: 800 ns, Total: 13501 ns
[3.278s][info ][safepoint      ] Safepoint "ICBufferFull", Time since last: 428901 ns, Reaching safepoint: 14200 ns, At safepoint: 1200 ns, Total: 15400 ns
[3.278s][info ][safepoint      ] Safepoint "ICBufferFull", Time since last: 420402 ns, Reaching safepoint: 12000 ns, At safepoint: 600 ns, Total: 12600 ns
[3.278s][info ][safepoint      ] Safepoint "ICBufferFull", Time since last: 423702 ns, Reaching safepoint: 11200 ns, At safepoint: 600 ns, Total: 11800 ns
[3.279s][info ][safepoint      ] Safepoint "ICBufferFull", Time since last: 418002 ns, Reaching safepoint: 11200 ns, At safepoint: 700 ns, Total: 11900 ns
[3.279s][info ][safepoint      ] Safepoint "ICBufferFull", Time since last: 498002 ns, Reaching safepoint: 16200 ns, At safepoint: 800 ns, Total: 17000 ns
[3.280s][info ][safepoint      ] Safepoint "ICBufferFull", Time since last: 520202 ns, Reaching safepoint: 25500 ns, At safepoint: 1000 ns, Total: 26500 ns
[3.280s][info ][safepoint      ] Safepoint "ICBufferFull", Time since last: 497403 ns, Reaching safepoint: 13000 ns, At safepoint: 700 ns, Total: 13700 ns
[3.281s][info ][safepoint      ] Safepoint "ICBufferFull", Time since last: 450702 ns, Reaching safepoint: 12900 ns, At safepoint: 700 ns, Total: 13600 ns
[3.281s][info ][safepoint      ] Safepoint "ICBufferFull", Time since last: 447102 ns, Reaching safepoint: 13400 ns, At safepoint: 800 ns, Total: 14200 ns
[3.282s][info ][safepoint      ] Safepoint "ICBufferFull", Time since last: 441001 ns, Reaching safepoint: 12601 ns, At safepoint: 800 ns, Total: 13401 ns
[3.282s][info ][safepoint      ] Safepoint "ICBufferFull", Time since last: 509402 ns, Reaching safepoint: 12300 ns, At safepoint: 700 ns, Total: 13000 ns
[3.283s][info ][safepoint      ] Safepoint "ICBufferFull", Time since last: 513902 ns, Reaching safepoint: 12100 ns, At safepoint: 1000 ns, Total: 13100 ns
[3.284s][info ][safepoint      ] Safepoint "ICBufferFull", Time since last: 627903 ns, Reaching safepoint: 93000 ns, At safepoint: 3300 ns, Total: 96300 ns
[3.284s][info ][safepoint      ] Safepoint "ICBufferFull", Time since last: 485502 ns, Reaching safepoint: 84400 ns, At safepoint: 6700 ns, Total: 91100 ns
[3.285s][info ][safepoint      ] Safepoint "ICBufferFull", Time since last: 706203 ns, Reaching safepoint: 22101 ns, At safepoint: 1500 ns, Total: 23601 ns
[3.285s][info ][safepoint      ] Safepoint "ICBufferFull", Time since last: 473702 ns, Reaching safepoint: 20600 ns, At safepoint: 1400 ns, Total: 22000 ns
[3.286s][info ][safepoint      ] Safepoint "ICBufferFull", Time since last: 440502 ns, Reaching safepoint: 13600 ns, At safepoint: 1000 ns, Total: 14600 ns
[3.286s][info ][safepoint      ] Safepoint "ICBufferFull", Time since last: 425101 ns, Reaching safepoint: 11100 ns, At safepoint: 3001 ns, Total: 14101 ns
[3.287s][info ][safepoint      ] Safepoint "ICBufferFull", Time since last: 410601 ns, Reaching safepoint: 10700 ns, At safepoint: 1500 ns, Total: 12200 ns
[3.287s][info ][safepoint      ] Safepoint "ICBufferFull", Time since last: 407802 ns, Reaching safepoint: 18400 ns, At safepoint: 700 ns, Total: 19100 ns
[3.515s][info ][safepoint      ] Safepoint "ICBufferFull", Time since last: 227743468 ns, Reaching safepoint: 101600 ns, At safepoint: 9501 ns, Total: 111101 ns
[3.737s][info ][safepoint      ] Safepoint "ICBufferFull", Time since last: 221777942 ns, Reaching safepoint: 173901 ns, At safepoint: 11400 ns, Total: 185301 ns
[3.775s][info ][safepoint      ] Safepoint "ICBufferFull", Time since last: 38389863 ns, Reaching safepoint: 115900 ns, At safepoint: 2001 ns, Total: 117901 ns
[3.780s][info ][safepoint      ] Safepoint "ICBufferFull", Time since last: 4033117 ns, Reaching safepoint: 36600 ns, At safepoint: 1300 ns, Total: 37900 ns
[3.782s][info ][safepoint      ] Safepoint "ICBufferFull", Time since last: 2400610 ns, Reaching safepoint: 25500 ns, At safepoint: 1000 ns, Total: 26500 ns
[3.784s][info ][safepoint      ] Safepoint "ICBufferFull", Time since last: 2236310 ns, Reaching safepoint: 38800 ns, At safepoint: 1300 ns, Total: 40100 ns
[3.787s][info ][safepoint      ] Safepoint "ICBufferFull", Time since last: 2338410 ns, Reaching safepoint: 97100 ns, At safepoint: 10700 ns, Total: 107800 ns
[3.790s][info ][safepoint      ] Safepoint "ICBufferFull", Time since last: 2942113 ns, Reaching safepoint: 40100 ns, At safepoint: 6900 ns, Total: 47000 ns
[3.791s][info ][safepoint      ] Safepoint "ICBufferFull", Time since last: 1431906 ns, Reaching safepoint: 96400 ns, At safepoint: 8600 ns, Total: 105000 ns
[3.793s][info ][safepoint      ] Safepoint "ICBufferFull", Time since last: 2078409 ns, Reaching safepoint: 31400 ns, At safepoint: 4600 ns, Total: 36000 ns
[3.795s][info ][safepoint      ] Safepoint "ICBufferFull", Time since last: 1314606 ns, Reaching safepoint: 28600 ns, At safepoint: 4000 ns, Total: 32600 ns
[3.796s][info ][safepoint      ] Safepoint "ICBufferFull", Time since last: 1171605 ns, Reaching safepoint: 31000 ns, At safepoint: 6900 ns, Total: 37900 ns
[3.797s][info ][safepoint      ] Safepoint "ICBufferFull", Time since last: 1267906 ns, Reaching safepoint: 20200 ns, At safepoint: 5900 ns, Total: 26100 ns
[3.798s][info ][safepoint      ] Safepoint "ICBufferFull", Time since last: 1282705 ns, Reaching safepoint: 40600 ns, At safepoint: 6700 ns, Total: 47300 ns
[3.815s][info ][safepoint      ] Safepoint "ICBufferFull", Time since last: 16677271 ns, Reaching safepoint: 89501 ns, At safepoint: 7000 ns, Total: 96501 ns
[3.884s][info ][safepoint      ] Safepoint "ICBufferFull", Time since last: 68446791 ns, Reaching safepoint: 211301 ns, At safepoint: 8700 ns, Total: 220001 ns
[3.890s][info ][safepoint      ] Safepoint "ICBufferFull", Time since last: 5955325 ns, Reaching safepoint: 49900 ns, At safepoint: 4700 ns, Total: 54600 ns
[3.897s][info ][safepoint      ] Safepoint "ICBufferFull", Time since last: 6626628 ns, Reaching safepoint: 46301 ns, At safepoint: 4500 ns, Total: 50801 ns
[3.906s][info ][safepoint      ] Safepoint "ICBufferFull", Time since last: 8862137 ns, Reaching safepoint: 179701 ns, At safepoint: 6300 ns, Total: 186001 ns
[3.915s][info ][safepoint      ] Safepoint "ICBufferFull", Time since last: 9069939 ns, Reaching safepoint: 128000 ns, At safepoint: 5600 ns, Total: 133600 ns
[3.920s][info ][safepoint      ] Safepoint "ICBufferFull", Time since last: 4823721 ns, Reaching safepoint: 54500 ns, At safepoint: 5700 ns, Total: 60200 ns
[3.926s][info ][safepoint      ] Safepoint "ICBufferFull", Time since last: 6560828 ns, Reaching safepoint: 52000 ns, At safepoint: 4900 ns, Total: 56900 ns
[3.934s][info ][safepoint      ] Safepoint "ICBufferFull", Time since last: 7470732 ns, Reaching safepoint: 34700 ns, At safepoint: 1100 ns, Total: 35800 ns
[3.943s][info ][safepoint      ] Safepoint "ICBufferFull", Time since last: 8550236 ns, Reaching safepoint: 105001 ns, At safepoint: 4600 ns, Total: 109601 ns
[3.947s][info ][safepoint      ] Safepoint "ICBufferFull", Time since last: 4623919 ns, Reaching safepoint: 43101 ns, At safepoint: 6100 ns, Total: 49201 ns
[3.951s][info ][safepoint      ] Safepoint "ICBufferFull", Time since last: 3565215 ns, Reaching safepoint: 27300 ns, At safepoint: 2100 ns, Total: 29400 ns
[3.954s][info ][safepoint      ] Safepoint "ICBufferFull", Time since last: 3657416 ns, Reaching safepoint: 38600 ns, At safepoint: 7300 ns, Total: 45900 ns
[3.959s][info ][safepoint      ] Safepoint "ICBufferFull", Time since last: 4479519 ns, Reaching safepoint: 30600 ns, At safepoint: 5800 ns, Total: 36400 ns
[3.963s][info ][safepoint      ] Safepoint "ICBufferFull", Time since last: 4155018 ns, Reaching safepoint: 45100 ns, At safepoint: 7200 ns, Total: 52300 ns
[3.969s][info ][safepoint      ] Safepoint "ICBufferFull", Time since last: 5607824 ns, Reaching safepoint: 43700 ns, At safepoint: 4600 ns, Total: 48300 ns
[3.975s][info ][safepoint      ] Safepoint "ICBufferFull", Time since last: 5916825 ns, Reaching safepoint: 41300 ns, At safepoint: 1300 ns, Total: 42600 ns
[3.980s][info ][safepoint      ] Safepoint "ICBufferFull", Time since last: 5015121 ns, Reaching safepoint: 39601 ns, At safepoint: 1200 ns, Total: 40801 ns
[3.987s][info ][safepoint      ] Safepoint "ICBufferFull", Time since last: 6583328 ns, Reaching safepoint: 103000 ns, At safepoint: 6400 ns, Total: 109400 ns
[3.990s][info ][safepoint      ] Safepoint "ICBufferFull", Time since last: 3233614 ns, Reaching safepoint: 108500 ns, At safepoint: 7000 ns, Total: 115500 ns
[3.992s][info ][safepoint      ] Safepoint "ICBufferFull", Time since last: 1915809 ns, Reaching safepoint: 30700 ns, At safepoint: 3700 ns, Total: 34400 ns
[3.994s][info ][safepoint      ] Safepoint "ICBufferFull", Time since last: 2111309 ns, Reaching safepoint: 28100 ns, At safepoint: 3400 ns, Total: 31500 ns
[3.996s][info ][safepoint      ] Safepoint "ICBufferFull", Time since last: 2010308 ns, Reaching safepoint: 24700 ns, At safepoint: 3500 ns, Total: 28200 ns
[3.998s][info ][safepoint      ] Safepoint "ICBufferFull", Time since last: 1872408 ns, Reaching safepoint: 27701 ns, At safepoint: 3600 ns, Total: 31301 ns
[4.000s][info ][safepoint      ] Safepoint "ICBufferFull", Time since last: 1748507 ns, Reaching safepoint: 28200 ns, At safepoint: 3300 ns, Total: 31500 ns
[4.002s][info ][safepoint      ] Safepoint "ICBufferFull", Time since last: 1782508 ns, Reaching safepoint: 28100 ns, At safepoint: 800 ns, Total: 28900 ns
[4.003s][info ][safepoint      ] Safepoint "ICBufferFull", Time since last: 1412506 ns, Reaching safepoint: 25600 ns, At safepoint: 800 ns, Total: 26400 ns
[4.004s][info ][safepoint      ] Safepoint "ICBufferFull", Time since last: 1352206 ns, Reaching safepoint: 11300 ns, At safepoint: 500 ns, Total: 11800 ns
[4.006s][info ][safepoint      ] Safepoint "ICBufferFull", Time since last: 1810707 ns, Reaching safepoint: 25401 ns, At safepoint: 4100 ns, Total: 29501 ns
[4.008s][info ][safepoint      ] Safepoint "ICBufferFull", Time since last: 1712807 ns, Reaching safepoint: 34300 ns, At safepoint: 800 ns, Total: 35100 ns
[4.009s][info ][safepoint      ] Safepoint "ICBufferFull", Time since last: 1493306 ns, Reaching safepoint: 26400 ns, At safepoint: 1400 ns, Total: 27800 ns
[4.011s][info ][safepoint      ] Safepoint "ICBufferFull", Time since last: 1549107 ns, Reaching safepoint: 28800 ns, At safepoint: 1100 ns, Total: 29900 ns
[4.012s][info ][safepoint      ] Safepoint "ICBufferFull", Time since last: 1333106 ns, Reaching safepoint: 20600 ns, At safepoint: 1000 ns, Total: 21600 ns
[4.014s][info ][safepoint      ] Safepoint "ICBufferFull", Time since last: 1397206 ns, Reaching safepoint: 17900 ns, At safepoint: 1200 ns, Total: 19100 ns
[4.016s][info ][safepoint      ] Safepoint "ICBufferFull", Time since last: 1732107 ns, Reaching safepoint: 21800 ns, At safepoint: 1500 ns, Total: 23300 ns
[4.017s][info ][safepoint      ] Safepoint "ICBufferFull", Time since last: 1412906 ns, Reaching safepoint: 38301 ns, At safepoint: 1900 ns, Total: 40201 ns
[4.031s][info ][safepoint      ] Safepoint "ICBufferFull", Time since last: 13425257 ns, Reaching safepoint: 44800 ns, At safepoint: 4300 ns, Total: 49100 ns
[4.044s][info ][safepoint      ] Safepoint "ICBufferFull", Time since last: 13344457 ns, Reaching safepoint: 54000 ns, At safepoint: 1800 ns, Total: 55800 ns
[4.061s][info ][safepoint      ] Safepoint "ICBufferFull", Time since last: 17326473 ns, Reaching safepoint: 47601 ns, At safepoint: 1800 ns, Total: 49401 ns
[4.080s][info ][safepoint      ] Safepoint "ICBufferFull", Time since last: 18365078 ns, Reaching safepoint: 38800 ns, At safepoint: 1700 ns, Total: 40500 ns
[4.083s][info ][safepoint      ] Safepoint "ICBufferFull", Time since last: 3725816 ns, Reaching safepoint: 36400 ns, At safepoint: 1700 ns, Total: 38100 ns
[4.298s][info ][safepoint      ] Safepoint "ICBufferFull", Time since last: 214596212 ns, Reaching safepoint: 88201 ns, At safepoint: 4500 ns, Total: 92701 ns
[4.354s][info ][safepoint      ] Safepoint "ICBufferFull", Time since last: 55226534 ns, Reaching safepoint: 253202 ns, At safepoint: 4500 ns, Total: 257702 ns
[4.572s][info ][safepoint      ] Safepoint "ICBufferFull", Time since last: 217902326 ns, Reaching safepoint: 266801 ns, At safepoint: 18400 ns, Total: 285201 ns
[4.573s][info ][safepoint      ] Safepoint "ICBufferFull", Time since last: 894504 ns, Reaching safepoint: 116500 ns, At safepoint: 20201 ns, Total: 136701 ns
[4.573s][info ][safepoint      ] Safepoint "ICBufferFull", Time since last: 57900 ns, Reaching safepoint: 91500 ns, At safepoint: 22100 ns, Total: 113600 ns
[4.574s][info ][safepoint      ] Safepoint "ICBufferFull", Time since last: 275101 ns, Reaching safepoint: 311602 ns, At safepoint: 27300 ns, Total: 338902 ns
[4.646s][debug][gc,phases      ] GC(4) Pre Compact 0.017ms
[4.646s][info ][gc,start       ] GC(4) Pause Full (Metadata GC Threshold)
[4.646s][info ][gc,phases,start] GC(4) Marking Phase
[4.684s][debug][gc,phases      ] GC(4) Par Mark 37.361ms
[4.684s][debug][gc,ref         ] GC(4) Skipped phase 1 of Reference Processing: no references
[4.685s][debug][gc,ref         ] GC(4) ReferenceProcessor::execute queues: 4, RefProcThreadModel::Multi, marks_oops_alive: false
[4.685s][debug][gc,ref         ] GC(4) Skipped phase 3 of Reference Processing: no references
[4.685s][debug][gc,ref         ] GC(4) ReferenceProcessor::execute queues: 4, RefProcThreadModel::Multi, marks_oops_alive: false
[4.685s][debug][gc,phases      ] GC(4) Reference Processing 1.339ms
[4.685s][debug][gc,phases      ] GC(4)   VM Weak                        Min:  0.0, Avg:  0.0, Max:  0.0, Diff:  0.0, Sum:  0.0, Workers: 4
[4.685s][debug][gc,phases      ] GC(4)     Dead                           Min: 0, Avg:  1.5, Max: 6, Diff: 6, Sum: 6, Workers: 4
[4.686s][debug][gc,phases      ] GC(4)     Total                          Min: 0, Avg: 121.5, Max: 422, Diff: 422, Sum: 486, Workers: 4
[4.686s][debug][gc,phases      ] GC(4)   ObjectSynchronizer Weak        Min:  0.0, Avg:  0.0, Max:  0.0, Diff:  0.0, Sum:  0.0, Workers: 4
[4.686s][debug][gc,phases      ] GC(4)     Dead                           Min: 0, Avg:  6.5, Max: 25, Diff: 25, Sum: 26, Workers: 4
[4.686s][debug][gc,phases      ] GC(4)     Total                          Min: 0, Avg: 17.5, Max: 64, Diff: 64, Sum: 70, Workers: 4
[4.686s][debug][gc,phases      ] GC(4)   JVMTI Tag Weak OopStorage      Min:  0.0, Avg:  0.0, Max:  0.0, Diff:  0.0, Sum:  0.0, Workers: 4
[4.686s][debug][gc,phases      ] GC(4)     Dead                           Min: 0, Avg:  0.0, Max: 0, Diff: 0, Sum: 0, Workers: 4
[4.686s][debug][gc,phases      ] GC(4)     Total                          Min: 0, Avg:  0.0, Max: 0, Diff: 0, Sum: 0, Workers: 4
[4.686s][debug][gc,phases      ] GC(4)   StringTable Weak               Min:  0.1, Avg:  0.1, Max:  0.1, Diff:  0.0, Sum:  0.5, Workers: 4
[4.686s][debug][gc,phases      ] GC(4)     Dead                           Min: 3, Avg:  7.2, Max: 16, Diff: 13, Sum: 29, Workers: 4
[4.686s][debug][gc,phases      ] GC(4)     Total                          Min: 9344, Avg: 10154.0, Max: 10728, Diff: 1384, Sum: 40616, Workers: 4
[4.686s][debug][gc,phases      ] GC(4)   ResolvedMethodTable Weak       Min:  0.0, Avg:  0.0, Max:  0.0, Diff:  0.0, Sum:  0.1, Workers: 4
[4.686s][debug][gc,phases      ] GC(4)     Dead                           Min: 29, Avg: 61.2, Max: 114, Diff: 85, Sum: 245, Workers: 4
[4.686s][debug][gc,phases      ] GC(4)     Total                          Min: 1300, Avg: 1541.0, Max: 1664, Diff: 364, Sum: 6164, Workers: 4
[4.686s][debug][gc,phases      ] GC(4)   JNI Weak                       Min:  0.0, Avg:  0.0, Max:  0.0, Diff:  0.0, Sum:  0.0, Workers: 4
[4.686s][debug][gc,phases      ] GC(4)     Dead                           Min: 0, Avg:  0.0, Max: 0, Diff: 0, Sum: 0, Workers: 4
[4.686s][debug][gc,phases      ] GC(4)     Total                          Min: 0, Avg:  4.5, Max: 18, Diff: 18, Sum: 18, Workers: 4
[4.686s][debug][gc,phases      ] GC(4)   StringDedup Table Weak         Min:  0.0, Avg:  0.0, Max:  0.0, Diff:  0.0, Sum:  0.0, Workers: 4
[4.686s][debug][gc,phases      ] GC(4)     Dead                           Min: 0, Avg:  0.0, Max: 0, Diff: 0, Sum: 0, Workers: 4
[4.686s][debug][gc,phases      ] GC(4)     Total                          Min: 0, Avg:  0.0, Max: 0, Diff: 0, Sum: 0, Workers: 4
[4.686s][debug][gc,phases      ] GC(4)   StringDedup Requests0 Weak     Min:  0.0, Avg:  0.0, Max:  0.0, Diff:  0.0, Sum:  0.0, Workers: 4
[4.686s][debug][gc,phases      ] GC(4)     Dead                           Min: 0, Avg:  0.0, Max: 0, Diff: 0, Sum: 0, Workers: 4
[4.686s][debug][gc,phases      ] GC(4)     Total                          Min: 0, Avg:  0.0, Max: 0, Diff: 0, Sum: 0, Workers: 4
[4.686s][debug][gc,phases      ] GC(4)   StringDedup Requests1 Weak     Min:  0.0, Avg:  0.0, Max:  0.0, Diff:  0.0, Sum:  0.0, Workers: 4
[4.686s][debug][gc,phases      ] GC(4)     Dead                           Min: 0, Avg:  0.0, Max: 0, Diff: 0, Sum: 0, Workers: 4
[4.686s][debug][gc,phases      ] GC(4)     Total                          Min: 0, Avg:  0.0, Max: 0, Diff: 0, Sum: 0, Workers: 4
[4.686s][debug][gc,phases      ] GC(4)   Weak JFR Old Object Samples    Min:  0.0, Avg:  0.0, Max:  0.0, Diff:  0.0, Sum:  0.0, Workers: 4
[4.686s][debug][gc,phases      ] GC(4)     Dead                           Min: 0, Avg:  0.0, Max: 0, Diff: 0, Sum: 0, Workers: 4
[4.686s][debug][gc,phases      ] GC(4)     Total                          Min: 0, Avg:  0.0, Max: 0, Diff: 0, Sum: 0, Workers: 4
[4.686s][debug][gc,phases      ] GC(4) Weak Processing 0.302ms
[4.686s][debug][gc,phases      ] GC(4) ClassLoaderData 0.152ms
[4.686s][debug][gc,phases      ] GC(4) Trigger cleanups 0.002ms
[4.695s][debug][gc,phases      ] GC(4) Class Unloading 9.184ms
[4.695s][info ][gc,phases      ] GC(4) Marking Phase 48.328ms
[4.695s][info ][gc,phases,start] GC(4) Summary Phase
[4.695s][info ][gc,phases      ] GC(4) Summary Phase 0.016ms
[4.695s][info ][gc,phases,start] GC(4) Adjust Roots
[4.702s][info ][gc,phases      ] GC(4) Adjust Roots 7.644ms
[4.702s][info ][gc,phases,start] GC(4) Compaction Phase
[4.797s][info ][gc,phases      ] GC(4) Compaction Phase 94.554ms
[4.797s][info ][gc,phases,start] GC(4) Post Compact
[4.799s][info ][gc,phases      ] GC(4) Post Compact 2.165ms
[4.799s][info ][gc,heap        ] GC(4) PSYoungGen: 597504K(1572864K)->100252K(1572864K) Eden: 539128K(1048576K)->100252K(1048576K) From: 58376K(524288K)->0K(524288K)
[4.799s][info ][gc,heap        ] GC(4) ParOldGen: 6115K(6144K)->6133K(6144K)
[4.799s][info ][gc,metaspace   ] GC(4) Metaspace: 59190K(59776K)->59179K(59776K) NonClass: 50308K(50624K)->50301K(50624K) Class: 8881K(9152K)->8878K(9152K)
[4.799s][info ][gc             ] GC(4) Pause Full (Metadata GC Threshold) 589M->103M(1542M) 152.838ms
[4.799s][info ][gc,cpu         ] GC(4) User=0.55s Sys=0.00s Real=0.15s
[4.799s][info ][safepoint      ] Safepoint "CollectForMetadataAllocation", Time since last: 72659209 ns, Reaching safepoint: 129600 ns, At safepoint: 152961551 ns, Total: 153091151 ns
[5.143s][info ][safepoint      ] Safepoint "ICBufferFull", Time since last: 343057559 ns, Reaching safepoint: 162000 ns, At safepoint: 1900 ns, Total: 163900 ns
[5.206s][info ][safepoint      ] Safepoint "ICBufferFull", Time since last: 63581471 ns, Reaching safepoint: 175600 ns, At safepoint: 4600 ns, Total: 180200 ns
[5.377s][info ][safepoint      ] Safepoint "ICBufferFull", Time since last: 170154324 ns, Reaching safepoint: 188101 ns, At safepoint: 2400 ns, Total: 190501 ns
[5.639s][info ][safepoint      ] Safepoint "ICBufferFull", Time since last: 262484216 ns, Reaching safepoint: 198701 ns, At safepoint: 5100 ns, Total: 203801 ns
[5.786s][info ][safepoint      ] Safepoint "ICBufferFull", Time since last: 146616424 ns, Reaching safepoint: 174600 ns, At safepoint: 1700 ns, Total: 176300 ns
[5.922s][info ][safepoint      ] Safepoint "ICBufferFull", Time since last: 136059779 ns, Reaching safepoint: 180201 ns, At safepoint: 9400 ns, Total: 189601 ns
[6.044s][info ][safepoint      ] Safepoint "ICBufferFull", Time since last: 121494217 ns, Reaching safepoint: 195501 ns, At safepoint: 8700 ns, Total: 204201 ns
[6.190s][info ][safepoint      ] Safepoint "ICBufferFull", Time since last: 145710120 ns, Reaching safepoint: 212400 ns, At safepoint: 17101 ns, Total: 229501 ns
[6.345s][info ][safepoint      ] Safepoint "ICBufferFull", Time since last: 154593457 ns, Reaching safepoint: 210401 ns, At safepoint: 13700 ns, Total: 224101 ns
[6.578s][info ][safepoint      ] Safepoint "ICBufferFull", Time since last: 230129079 ns, Reaching safepoint: 3339014 ns, At safepoint: 37701 ns, Total: 3376715 ns
[6.588s][info ][safepoint      ] Safepoint "ICBufferFull", Time since last: 9153139 ns, Reaching safepoint: 163000 ns, At safepoint: 38200 ns, Total: 201200 ns
[6.593s][debug][gc,phases      ] GC(5) Pre Compact 0.018ms
[6.593s][info ][gc,start       ] GC(5) Pause Full (Ergonomics)
[6.593s][info ][gc,phases,start] GC(5) Marking Phase
[6.728s][debug][gc,phases      ] GC(5) Par Mark 134.737ms
[6.728s][debug][gc,ref         ] GC(5) Skipped phase 1 of Reference Processing: no references
[6.728s][debug][gc,ref         ] GC(5) ReferenceProcessor::execute queues: 4, RefProcThreadModel::Multi, marks_oops_alive: false
[6.729s][debug][gc,ref         ] GC(5) Skipped phase 3 of Reference Processing: no references
[6.729s][debug][gc,ref         ] GC(5) ReferenceProcessor::execute queues: 1, RefProcThreadModel::Single, marks_oops_alive: false
[6.729s][debug][gc,phases      ] GC(5) Reference Processing 0.870ms
[6.729s][debug][gc,phases      ] GC(5)   VM Weak                        Min:  0.0, Avg:  0.0, Max:  0.0, Diff:  0.0, Sum:  0.0, Workers: 4
[6.729s][debug][gc,phases      ] GC(5)     Dead                           Min: 0, Avg:  0.0, Max: 0, Diff: 0, Sum: 0, Workers: 4
[6.729s][debug][gc,phases      ] GC(5)     Total                          Min: 0, Avg: 145.2, Max: 384, Diff: 384, Sum: 581, Workers: 4
[6.729s][debug][gc,phases      ] GC(5)   ObjectSynchronizer Weak        Min:  0.0, Avg:  0.0, Max:  0.0, Diff:  0.0, Sum:  0.0, Workers: 4
[6.729s][debug][gc,phases      ] GC(5)     Dead                           Min: 0, Avg:  3.0, Max: 9, Diff: 9, Sum: 12, Workers: 4
[6.729s][debug][gc,phases      ] GC(5)     Total                          Min: 0, Avg: 23.0, Max: 64, Diff: 64, Sum: 92, Workers: 4
[6.729s][debug][gc,phases      ] GC(5)   JVMTI Tag Weak OopStorage      Min:  0.0, Avg:  0.0, Max:  0.0, Diff:  0.0, Sum:  0.0, Workers: 4
[6.729s][debug][gc,phases      ] GC(5)     Dead                           Min: 0, Avg:  0.0, Max: 0, Diff: 0, Sum: 0, Workers: 4
[6.729s][debug][gc,phases      ] GC(5)     Total                          Min: 0, Avg:  0.0, Max: 0, Diff: 0, Sum: 0, Workers: 4
[6.729s][debug][gc,phases      ] GC(5)   StringTable Weak               Min:  0.1, Avg:  0.1, Max:  0.1, Diff:  0.0, Sum:  0.6, Workers: 4
[6.729s][debug][gc,phases      ] GC(5)     Dead                           Min: 1, Avg:  6.0, Max: 16, Diff: 15, Sum: 24, Workers: 4
[6.729s][debug][gc,phases      ] GC(5)     Total                          Min: 9600, Avg: 10863.2, Max: 11712, Diff: 2112, Sum: 43453, Workers: 4
[6.729s][debug][gc,phases      ] GC(5)   ResolvedMethodTable Weak       Min:  0.0, Avg:  0.0, Max:  0.0, Diff:  0.0, Sum:  0.1, Workers: 4
[6.729s][debug][gc,phases      ] GC(5)     Dead                           Min: 7, Avg: 54.8, Max: 102, Diff: 95, Sum: 219, Workers: 4
[6.729s][debug][gc,phases      ] GC(5)     Total                          Min: 1490, Avg: 1748.5, Max: 2112, Diff: 622, Sum: 6994, Workers: 4
[6.729s][debug][gc,phases      ] GC(5)   JNI Weak                       Min:  0.0, Avg:  0.0, Max:  0.0, Diff:  0.0, Sum:  0.0, Workers: 4
[6.729s][debug][gc,phases      ] GC(5)     Dead                           Min: 0, Avg:  0.0, Max: 0, Diff: 0, Sum: 0, Workers: 4
[6.729s][debug][gc,phases      ] GC(5)     Total                          Min: 0, Avg: 12.8, Max: 37, Diff: 37, Sum: 51, Workers: 4
[6.729s][debug][gc,phases      ] GC(5)   StringDedup Table Weak         Min:  0.0, Avg:  0.0, Max:  0.0, Diff:  0.0, Sum:  0.0, Workers: 4
[6.729s][debug][gc,phases      ] GC(5)     Dead                           Min: 0, Avg:  0.0, Max: 0, Diff: 0, Sum: 0, Workers: 4
[6.729s][debug][gc,phases      ] GC(5)     Total                          Min: 0, Avg:  0.0, Max: 0, Diff: 0, Sum: 0, Workers: 4
[6.729s][debug][gc,phases      ] GC(5)   StringDedup Requests0 Weak     Min:  0.0, Avg:  0.0, Max:  0.0, Diff:  0.0, Sum:  0.0, Workers: 4
[6.729s][debug][gc,phases      ] GC(5)     Dead                           Min: 0, Avg:  0.0, Max: 0, Diff: 0, Sum: 0, Workers: 4
[6.729s][debug][gc,phases      ] GC(5)     Total                          Min: 0, Avg:  0.0, Max: 0, Diff: 0, Sum: 0, Workers: 4
[6.729s][debug][gc,phases      ] GC(5)   StringDedup Requests1 Weak     Min:  0.0, Avg:  0.0, Max:  0.0, Diff:  0.0, Sum:  0.0, Workers: 4
[6.729s][debug][gc,phases      ] GC(5)     Dead                           Min: 0, Avg:  0.0, Max: 0, Diff: 0, Sum: 0, Workers: 4
[6.729s][debug][gc,phases      ] GC(5)     Total                          Min: 0, Avg:  0.0, Max: 0, Diff: 0, Sum: 0, Workers: 4
[6.729s][debug][gc,phases      ] GC(5)   Weak JFR Old Object Samples    Min:  0.0, Avg:  0.0, Max:  0.0, Diff:  0.0, Sum:  0.0, Workers: 4
[6.729s][debug][gc,phases      ] GC(5)     Dead                           Min: 0, Avg:  0.0, Max: 0, Diff: 0, Sum: 0, Workers: 4
[6.729s][debug][gc,phases      ] GC(5)     Total                          Min: 0, Avg:  0.0, Max: 0, Diff: 0, Sum: 0, Workers: 4
[6.729s][debug][gc,phases      ] GC(5) Weak Processing 0.335ms
[6.729s][debug][gc,phases      ] GC(5) ClassLoaderData 0.078ms
[6.729s][debug][gc,phases      ] GC(5) Trigger cleanups 0.000ms
[6.737s][debug][gc,phases      ] GC(5) Class Unloading 7.856ms
[6.737s][info ][gc,phases      ] GC(5) Marking Phase 143.933ms
[6.737s][info ][gc,phases,start] GC(5) Summary Phase
[6.737s][info ][gc,phases      ] GC(5) Summary Phase 0.026ms
[6.737s][info ][gc,phases,start] GC(5) Adjust Roots
[6.747s][info ][gc,phases      ] GC(5) Adjust Roots 9.865ms
[6.747s][info ][gc,phases,start] GC(5) Compaction Phase
[7.136s][info ][gc,phases      ] GC(5) Compaction Phase 389.266ms
[7.136s][info ][gc,phases,start] GC(5) Post Compact
[7.140s][info ][gc,phases      ] GC(5) Post Compact 3.417ms
[7.140s][info ][gc,heap        ] GC(5) PSYoungGen: 1048576K(1572864K)->354711K(1572864K) Eden: 1048576K(1048576K)->354711K(1048576K) From: 0K(524288K)->0K(524288K)
[7.140s][info ][gc,heap        ] GC(5) ParOldGen: 6133K(6144K)->6122K(18944K)
[7.140s][info ][gc,metaspace   ] GC(5) Metaspace: 67927K(68672K)->67927K(68672K) NonClass: 57897K(58304K)->57897K(58304K) Class: 10030K(10368K)->10030K(10368K)
[7.140s][info ][gc             ] GC(5) Pause Full (Ergonomics) 1029M->352M(1554M) 546.685ms
[7.140s][info ][gc,cpu         ] GC(5) User=2.00s Sys=0.00s Real=0.54s
[7.150s][info ][safepoint      ] Safepoint "ParallelGCFailedAllocation", Time since last: 5085922 ns, Reaching safepoint: 116701 ns, At safepoint: 557541072 ns, Total: 557657773 ns
[7.151s][info ][safepoint      ] Safepoint "ICBufferFull", Time since last: 66200 ns, Reaching safepoint: 242401 ns, At safepoint: 36800 ns, Total: 279201 ns
[7.153s][info ][safepoint      ] Safepoint "ICBufferFull", Time since last: 991005 ns, Reaching safepoint: 99300 ns, At safepoint: 1079505 ns, Total: 1178805 ns
[7.158s][info ][safepoint      ] Safepoint "ICBufferFull", Time since last: 4922621 ns, Reaching safepoint: 118300 ns, At safepoint: 31500 ns, Total: 149800 ns
[7.161s][info ][safepoint      ] Safepoint "ICBufferFull", Time since last: 3266514 ns, Reaching safepoint: 103201 ns, At safepoint: 32200 ns, Total: 135401 ns
[7.163s][info ][safepoint      ] Safepoint "ICBufferFull", Time since last: 1852908 ns, Reaching safepoint: 111000 ns, At safepoint: 27300 ns, Total: 138300 ns
[7.172s][info ][safepoint      ] Safepoint "ICBufferFull", Time since last: 8416136 ns, Reaching safepoint: 114900 ns, At safepoint: 23201 ns, Total: 138101 ns
[7.177s][info ][safepoint      ] Safepoint "ICBufferFull", Time since last: 3157013 ns, Reaching safepoint: 2214209 ns, At safepoint: 22900 ns, Total: 2237109 ns
[7.180s][info ][safepoint      ] Safepoint "ICBufferFull", Time since last: 2051809 ns, Reaching safepoint: 99401 ns, At safepoint: 20700 ns, Total: 120101 ns
[7.180s][info ][safepoint      ] Safepoint "ICBufferFull", Time since last: 145200 ns, Reaching safepoint: 77201 ns, At safepoint: 22600 ns, Total: 99801 ns
[7.180s][info ][safepoint      ] Safepoint "ICBufferFull", Time since last: 37400 ns, Reaching safepoint: 87800 ns, At safepoint: 16200 ns, Total: 104000 ns
[7.180s][info ][safepoint      ] Safepoint "ICBufferFull", Time since last: 125401 ns, Reaching safepoint: 94400 ns, At safepoint: 23200 ns, Total: 117600 ns
[7.181s][info ][safepoint      ] Safepoint "ICBufferFull", Time since last: 1060405 ns, Reaching safepoint: 99100 ns, At safepoint: 20300 ns, Total: 119400 ns
[7.182s][info ][safepoint      ] Safepoint "ICBufferFull", Time since last: 872704 ns, Reaching safepoint: 100801 ns, At safepoint: 27800 ns, Total: 128601 ns
[7.191s][info ][safepoint      ] Safepoint "ICBufferFull", Time since last: 8392935 ns, Reaching safepoint: 103401 ns, At safepoint: 30200 ns, Total: 133601 ns
[7.191s][info ][safepoint      ] Safepoint "ICBufferFull", Time since last: 59600 ns, Reaching safepoint: 110301 ns, At safepoint: 24000 ns, Total: 134301 ns
[7.201s][info ][safepoint      ] Safepoint "ICBufferFull", Time since last: 10142743 ns, Reaching safepoint: 106600 ns, At safepoint: 29101 ns, Total: 135701 ns
[7.202s][info ][safepoint      ] Safepoint "ICBufferFull", Time since last: 116600 ns, Reaching safepoint: 90800 ns, At safepoint: 20001 ns, Total: 110801 ns
[7.214s][info ][safepoint      ] Safepoint "ICBufferFull", Time since last: 7630932 ns, Reaching safepoint: 4260718 ns, At safepoint: 24100 ns, Total: 4284818 ns
[7.214s][info ][safepoint      ] Safepoint "ICBufferFull", Time since last: 430302 ns, Reaching safepoint: 89100 ns, At safepoint: 24601 ns, Total: 113701 ns
[7.215s][info ][safepoint      ] Safepoint "ICBufferFull", Time since last: 162000 ns, Reaching safepoint: 357102 ns, At safepoint: 22700 ns, Total: 379802 ns
[7.221s][info ][safepoint      ] Safepoint "ICBufferFull", Time since last: 6674928 ns, Reaching safepoint: 122001 ns, At safepoint: 27800 ns, Total: 149801 ns
[7.222s][info ][safepoint      ] Safepoint "ICBufferFull", Time since last: 730203 ns, Reaching safepoint: 105300 ns, At safepoint: 27301 ns, Total: 132601 ns
[7.223s][info ][safepoint      ] Safepoint "ICBufferFull", Time since last: 320701 ns, Reaching safepoint: 87000 ns, At safepoint: 26800 ns, Total: 113800 ns
[7.223s][info ][safepoint      ] Safepoint "ICBufferFull", Time since last: 242801 ns, Reaching safepoint: 167101 ns, At safepoint: 26700 ns, Total: 193801 ns
[7.229s][info ][safepoint      ] Safepoint "ICBufferFull", Time since last: 6133926 ns, Reaching safepoint: 104101 ns, At safepoint: 26400 ns, Total: 130501 ns
[7.235s][info ][safepoint      ] Safepoint "ICBufferFull", Time since last: 5236822 ns, Reaching safepoint: 110501 ns, At safepoint: 28100 ns, Total: 138601 ns
[7.241s][info ][safepoint      ] Safepoint "ICBufferFull", Time since last: 6386627 ns, Reaching safepoint: 102300 ns, At safepoint: 20101 ns, Total: 122401 ns
[7.241s][info ][safepoint      ] Safepoint "ICBufferFull", Time since last: 30500 ns, Reaching safepoint: 88100 ns, At safepoint: 24500 ns, Total: 112600 ns
[7.243s][info ][safepoint      ] Safepoint "ICBufferFull", Time since last: 916604 ns, Reaching safepoint: 99700 ns, At safepoint: 26001 ns, Total: 125701 ns
[7.245s][info ][safepoint      ] Safepoint "ICBufferFull", Time since last: 2748711 ns, Reaching safepoint: 119801 ns, At safepoint: 26900 ns, Total: 146701 ns
[7.246s][info ][safepoint      ] Safepoint "ICBufferFull", Time since last: 140900 ns, Reaching safepoint: 94301 ns, At safepoint: 30000 ns, Total: 124301 ns
[7.249s][info ][safepoint      ] Safepoint "ICBufferFull", Time since last: 2925412 ns, Reaching safepoint: 668003 ns, At safepoint: 22600 ns, Total: 690603 ns
[7.249s][info ][safepoint      ] Safepoint "ICBufferFull", Time since last: 46201 ns, Reaching safepoint: 92300 ns, At safepoint: 20900 ns, Total: 113200 ns
[7.259s][info ][safepoint      ] Safepoint "ICBufferFull", Time since last: 9633741 ns, Reaching safepoint: 110001 ns, At safepoint: 27300 ns, Total: 137301 ns
[7.262s][info ][safepoint      ] Safepoint "ICBufferFull", Time since last: 2617011 ns, Reaching safepoint: 97800 ns, At safepoint: 26400 ns, Total: 124200 ns
[7.262s][info ][safepoint      ] Safepoint "ICBufferFull", Time since last: 45401 ns, Reaching safepoint: 87500 ns, At safepoint: 24200 ns, Total: 111700 ns
[7.262s][info ][safepoint      ] Safepoint "ICBufferFull", Time since last: 33100 ns, Reaching safepoint: 84200 ns, At safepoint: 21901 ns, Total: 106101 ns
[7.264s][info ][safepoint      ] Safepoint "ICBufferFull", Time since last: 1145904 ns, Reaching safepoint: 105501 ns, At safepoint: 27800 ns, Total: 133301 ns
[7.265s][info ][safepoint      ] Safepoint "ICBufferFull", Time since last: 855404 ns, Reaching safepoint: 101400 ns, At safepoint: 21400 ns, Total: 122800 ns
[7.269s][info ][safepoint      ] Safepoint "ICBufferFull", Time since last: 4710320 ns, Reaching safepoint: 111701 ns, At safepoint: 22000 ns, Total: 133701 ns
[7.270s][info ][safepoint      ] Safepoint "ICBufferFull", Time since last: 45900 ns, Reaching safepoint: 85000 ns, At safepoint: 26900 ns, Total: 111900 ns
[7.274s][info ][safepoint      ] Safepoint "ICBufferFull", Time since last: 3717216 ns, Reaching safepoint: 665603 ns, At safepoint: 14400 ns, Total: 680003 ns
[7.274s][info ][safepoint      ] Safepoint "ICBufferFull", Time since last: 75701 ns, Reaching safepoint: 83900 ns, At safepoint: 23200 ns, Total: 107100 ns
[7.274s][info ][safepoint      ] Safepoint "ICBufferFull", Time since last: 29000 ns, Reaching safepoint: 83200 ns, At safepoint: 20601 ns, Total: 103801 ns
[7.275s][info ][safepoint      ] Safepoint "ICBufferFull", Time since last: 487402 ns, Reaching safepoint: 107000 ns, At safepoint: 20800 ns, Total: 127800 ns
[7.275s][info ][safepoint      ] Safepoint "ICBufferFull", Time since last: 204501 ns, Reaching safepoint: 100500 ns, At safepoint: 20701 ns, Total: 121201 ns
[7.275s][info ][safepoint      ] Safepoint "ICBufferFull", Time since last: 125100 ns, Reaching safepoint: 93500 ns, At safepoint: 19701 ns, Total: 113201 ns
[7.276s][info ][safepoint      ] Safepoint "ICBufferFull", Time since last: 670802 ns, Reaching safepoint: 107601 ns, At safepoint: 13800 ns, Total: 121401 ns
[7.280s][info ][safepoint      ] Safepoint "ICBufferFull", Time since last: 3981117 ns, Reaching safepoint: 77200 ns, At safepoint: 26200 ns, Total: 103400 ns
[7.280s][info ][safepoint      ] Safepoint "ICBufferFull", Time since last: 66701 ns, Reaching safepoint: 95200 ns, At safepoint: 20300 ns, Total: 115500 ns
[7.284s][info ][safepoint      ] Safepoint "ICBufferFull", Time since last: 3806116 ns, Reaching safepoint: 99101 ns, At safepoint: 24000 ns, Total: 123101 ns
[7.285s][info ][safepoint      ] Safepoint "ICBufferFull", Time since last: 332501 ns, Reaching safepoint: 96701 ns, At safepoint: 29600 ns, Total: 126301 ns
[7.286s][info ][safepoint      ] Safepoint "ICBufferFull", Time since last: 942504 ns, Reaching safepoint: 107600 ns, At safepoint: 20900 ns, Total: 128500 ns
[7.289s][info ][safepoint      ] Safepoint "ICBufferFull", Time since last: 3280114 ns, Reaching safepoint: 99501 ns, At safepoint: 21100 ns, Total: 120601 ns
[7.290s][info ][safepoint      ] Safepoint "ICBufferFull", Time since last: 68400 ns, Reaching safepoint: 89100 ns, At safepoint: 21901 ns, Total: 111001 ns
[7.290s][info ][safepoint      ] Safepoint "ICBufferFull", Time since last: 664802 ns, Reaching safepoint: 96201 ns, At safepoint: 26600 ns, Total: 122801 ns
[7.290s][info ][safepoint      ] Safepoint "ICBufferFull", Time since last: 55500 ns, Reaching safepoint: 89401 ns, At safepoint: 22900 ns, Total: 112301 ns
[7.293s][info ][safepoint      ] Safepoint "ICBufferFull", Time since last: 2761411 ns, Reaching safepoint: 87301 ns, At safepoint: 29600 ns, Total: 116901 ns
[7.294s][info ][safepoint      ] Safepoint "ICBufferFull", Time since last: 62000 ns, Reaching safepoint: 95201 ns, At safepoint: 27100 ns, Total: 122301 ns
[7.294s][info ][safepoint      ] Safepoint "ICBufferFull", Time since last: 491002 ns, Reaching safepoint: 93400 ns, At safepoint: 21800 ns, Total: 115200 ns
[7.305s][info ][safepoint      ] Safepoint "ICBufferFull", Time since last: 11082847 ns, Reaching safepoint: 106101 ns, At safepoint: 18100 ns, Total: 124201 ns
[7.306s][info ][safepoint      ] Safepoint "ICBufferFull", Time since last: 86100 ns, Reaching safepoint: 101601 ns, At safepoint: 19600 ns, Total: 121201 ns
[7.306s][info ][safepoint      ] Safepoint "ICBufferFull", Time since last: 64200 ns, Reaching safepoint: 88000 ns, At safepoint: 19801 ns, Total: 107801 ns
[7.306s][info ][safepoint      ] Safepoint "ICBufferFull", Time since last: 228100 ns, Reaching safepoint: 95901 ns, At safepoint: 23200 ns, Total: 119101 ns
[7.307s][info ][safepoint      ] Safepoint "ICBufferFull", Time since last: 839904 ns, Reaching safepoint: 102600 ns, At safepoint: 27200 ns, Total: 129800 ns
[7.307s][info ][safepoint      ] Safepoint "ICBufferFull", Time since last: 41700 ns, Reaching safepoint: 83901 ns, At safepoint: 24100 ns, Total: 108001 ns
[7.309s][info ][safepoint      ] Safepoint "ICBufferFull", Time since last: 1209105 ns, Reaching safepoint: 99000 ns, At safepoint: 23700 ns, Total: 122700 ns
[7.320s][info ][safepoint      ] Safepoint "ICBufferFull", Time since last: 10885447 ns, Reaching safepoint: 118400 ns, At safepoint: 15900 ns, Total: 134300 ns
[7.320s][info ][safepoint      ] Safepoint "ICBufferFull", Time since last: 66001 ns, Reaching safepoint: 91900 ns, At safepoint: 25900 ns, Total: 117800 ns
[7.320s][info ][safepoint      ] Safepoint "ICBufferFull", Time since last: 80300 ns, Reaching safepoint: 97601 ns, At safepoint: 21200 ns, Total: 118801 ns
[7.320s][info ][safepoint      ] Safepoint "ICBufferFull", Time since last: 31700 ns, Reaching safepoint: 84000 ns, At safepoint: 21201 ns, Total: 105201 ns
[7.320s][info ][safepoint      ] Safepoint "ICBufferFull", Time since last: 71100 ns, Reaching safepoint: 84800 ns, At safepoint: 21400 ns, Total: 106200 ns
[7.321s][info ][safepoint      ] Safepoint "ICBufferFull", Time since last: 851304 ns, Reaching safepoint: 109400 ns, At safepoint: 24100 ns, Total: 133500 ns
[7.321s][info ][safepoint      ] Safepoint "ICBufferFull", Time since last: 59201 ns, Reaching safepoint: 48500 ns, At safepoint: 22900 ns, Total: 71400 ns
[7.322s][info ][safepoint      ] Safepoint "ICBufferFull", Time since last: 121301 ns, Reaching safepoint: 90000 ns, At safepoint: 22700 ns, Total: 112700 ns
[7.322s][info ][safepoint      ] Safepoint "ICBufferFull", Time since last: 770203 ns, Reaching safepoint: 97901 ns, At safepoint: 17800 ns, Total: 115701 ns
[7.323s][info ][safepoint      ] Safepoint "ICBufferFull", Time since last: 65300 ns, Reaching safepoint: 88000 ns, At safepoint: 19701 ns, Total: 107701 ns
[7.323s][info ][safepoint      ] Safepoint "ICBufferFull", Time since last: 76500 ns, Reaching safepoint: 94000 ns, At safepoint: 22000 ns, Total: 116000 ns
[7.323s][info ][safepoint      ] Safepoint "ICBufferFull", Time since last: 54301 ns, Reaching safepoint: 92100 ns, At safepoint: 23900 ns, Total: 116000 ns
[7.324s][info ][safepoint      ] Safepoint "ICBufferFull", Time since last: 1002604 ns, Reaching safepoint: 110701 ns, At safepoint: 21200 ns, Total: 131901 ns
[7.331s][info ][safepoint      ] Safepoint "ICBufferFull", Time since last: 6777929 ns, Reaching safepoint: 109000 ns, At safepoint: 16100 ns, Total: 125100 ns
[7.331s][info ][safepoint      ] Safepoint "ICBufferFull", Time since last: 50401 ns, Reaching safepoint: 95100 ns, At safepoint: 20000 ns, Total: 115100 ns
[7.331s][info ][safepoint      ] Safepoint "ICBufferFull", Time since last: 36100 ns, Reaching safepoint: 90901 ns, At safepoint: 17200 ns, Total: 108101 ns
[7.332s][info ][safepoint      ] Safepoint "ICBufferFull", Time since last: 897803 ns, Reaching safepoint: 101601 ns, At safepoint: 18500 ns, Total: 120101 ns
[7.333s][info ][safepoint      ] Safepoint "ICBufferFull", Time since last: 157901 ns, Reaching safepoint: 98700 ns, At safepoint: 18800 ns, Total: 117500 ns
[7.334s][info ][safepoint      ] Safepoint "ICBufferFull", Time since last: 848204 ns, Reaching safepoint: 100800 ns, At safepoint: 22300 ns, Total: 123100 ns
[7.335s][info ][safepoint      ] Safepoint "ICBufferFull", Time since last: 887904 ns, Reaching safepoint: 79600 ns, At safepoint: 19200 ns, Total: 98800 ns
[7.335s][info ][safepoint      ] Safepoint "ICBufferFull", Time since last: 68101 ns, Reaching safepoint: 87100 ns, At safepoint: 19000 ns, Total: 106100 ns
[7.336s][info ][safepoint      ] Safepoint "ICBufferFull", Time since last: 796204 ns, Reaching safepoint: 99900 ns, At safepoint: 17800 ns, Total: 117700 ns
[7.336s][info ][safepoint      ] Safepoint "ICBufferFull", Time since last: 58200 ns, Reaching safepoint: 84501 ns, At safepoint: 23000 ns, Total: 107501 ns
[7.336s][info ][safepoint      ] Safepoint "ICBufferFull", Time since last: 30100 ns, Reaching safepoint: 86400 ns, At safepoint: 17700 ns, Total: 104100 ns
[7.336s][info ][safepoint      ] Safepoint "ICBufferFull", Time since last: 80701 ns, Reaching safepoint: 87200 ns, At safepoint: 23700 ns, Total: 110900 ns
[7.336s][info ][safepoint      ] Safepoint "ICBufferFull", Time since last: 33900 ns, Reaching safepoint: 86001 ns, At safepoint: 19900 ns, Total: 105901 ns
[7.337s][info ][safepoint      ] Safepoint "ICBufferFull", Time since last: 919304 ns, Reaching safepoint: 66900 ns, At safepoint: 19300 ns, Total: 86200 ns
[7.341s][info ][safepoint      ] Safepoint "ICBufferFull", Time since last: 3886217 ns, Reaching safepoint: 100700 ns, At safepoint: 25700 ns, Total: 126400 ns
[7.342s][info ][safepoint      ] Safepoint "ICBufferFull", Time since last: 48400 ns, Reaching safepoint: 90701 ns, At safepoint: 18100 ns, Total: 108801 ns
[7.342s][info ][safepoint      ] Safepoint "ICBufferFull", Time since last: 66000 ns, Reaching safepoint: 84100 ns, At safepoint: 22601 ns, Total: 106701 ns
[7.342s][info ][safepoint      ] Safepoint "ICBufferFull", Time since last: 80600 ns, Reaching safepoint: 87800 ns, At safepoint: 22800 ns, Total: 110600 ns
[7.342s][info ][safepoint      ] Safepoint "ICBufferFull", Time since last: 53601 ns, Reaching safepoint: 85800 ns, At safepoint: 21500 ns, Total: 107300 ns
[7.343s][info ][safepoint      ] Safepoint "ICBufferFull", Time since last: 703403 ns, Reaching safepoint: 89100 ns, At safepoint: 20800 ns, Total: 109900 ns
[7.343s][info ][safepoint      ] Safepoint "ICBufferFull", Time since last: 93001 ns, Reaching safepoint: 96700 ns, At safepoint: 19900 ns, Total: 116600 ns
[7.344s][info ][safepoint      ] Safepoint "ICBufferFull", Time since last: 793604 ns, Reaching safepoint: 99300 ns, At safepoint: 20300 ns, Total: 119600 ns
[7.344s][info ][safepoint      ] Safepoint "ICBufferFull", Time since last: 71501 ns, Reaching safepoint: 62000 ns, At safepoint: 23900 ns, Total: 85900 ns
[7.347s][info ][safepoint      ] Safepoint "ICBufferFull", Time since last: 3166413 ns, Reaching safepoint: 110001 ns, At safepoint: 25900 ns, Total: 135901 ns
[7.349s][info ][safepoint      ] Safepoint "ICBufferFull", Time since last: 1614307 ns, Reaching safepoint: 103700 ns, At safepoint: 38100 ns, Total: 141800 ns
[7.351s][info ][safepoint      ] Safepoint "ICBufferFull", Time since last: 1473207 ns, Reaching safepoint: 107600 ns, At safepoint: 29100 ns, Total: 136700 ns
[7.351s][info ][safepoint      ] Safepoint "ICBufferFull", Time since last: 230301 ns, Reaching safepoint: 106701 ns, At safepoint: 40600 ns, Total: 147301 ns
[7.352s][info ][safepoint      ] Safepoint "ICBufferFull", Time since last: 842904 ns, Reaching safepoint: 103100 ns, At safepoint: 20700 ns, Total: 123800 ns
[7.355s][info ][safepoint      ] Safepoint "ICBufferFull", Time since last: 2297210 ns, Reaching safepoint: 103700 ns, At safepoint: 24700 ns, Total: 128400 ns
[7.356s][info ][safepoint      ] Safepoint "ICBufferFull", Time since last: 1159505 ns, Reaching safepoint: 103101 ns, At safepoint: 19800 ns, Total: 122901 ns
[7.356s][info ][safepoint      ] Safepoint "ICBufferFull", Time since last: 50800 ns, Reaching safepoint: 91600 ns, At safepoint: 18000 ns, Total: 109600 ns
[7.356s][info ][safepoint      ] Safepoint "ICBufferFull", Time since last: 103601 ns, Reaching safepoint: 93600 ns, At safepoint: 24100 ns, Total: 117700 ns
[7.356s][info ][safepoint      ] Safepoint "ICBufferFull", Time since last: 98901 ns, Reaching safepoint: 90700 ns, At safepoint: 27300 ns, Total: 118000 ns
[7.361s][info ][safepoint      ] Safepoint "ICBufferFull", Time since last: 4787821 ns, Reaching safepoint: 101400 ns, At safepoint: 24900 ns, Total: 126300 ns
[7.362s][info ][safepoint      ] Safepoint "ICBufferFull", Time since last: 257501 ns, Reaching safepoint: 94701 ns, At safepoint: 25100 ns, Total: 119801 ns
[7.362s][info ][safepoint      ] Safepoint "ICBufferFull", Time since last: 60300 ns, Reaching safepoint: 89001 ns, At safepoint: 27400 ns, Total: 116401 ns
[7.363s][info ][safepoint      ] Safepoint "ICBufferFull", Time since last: 960104 ns, Reaching safepoint: 105700 ns, At safepoint: 22100 ns, Total: 127800 ns
[7.368s][info ][safepoint      ] Safepoint "ICBufferFull", Time since last: 4728820 ns, Reaching safepoint: 120901 ns, At safepoint: 23400 ns, Total: 144301 ns
[7.368s][info ][safepoint      ] Safepoint "ICBufferFull", Time since last: 46400 ns, Reaching safepoint: 88501 ns, At safepoint: 20700 ns, Total: 109201 ns
[7.371s][info ][safepoint      ] Safepoint "ICBufferFull", Time since last: 2896512 ns, Reaching safepoint: 106000 ns, At safepoint: 20501 ns, Total: 126501 ns
[7.372s][info ][safepoint      ] Safepoint "ICBufferFull", Time since last: 889203 ns, Reaching safepoint: 111001 ns, At safepoint: 20600 ns, Total: 131601 ns
[7.372s][info ][safepoint      ] Safepoint "ICBufferFull", Time since last: 32400 ns, Reaching safepoint: 88000 ns, At safepoint: 21300 ns, Total: 109300 ns
[7.373s][info ][safepoint      ] Safepoint "ICBufferFull", Time since last: 726004 ns, Reaching safepoint: 105900 ns, At safepoint: 19100 ns, Total: 125000 ns
[7.373s][info ][safepoint      ] Safepoint "ICBufferFull", Time since last: 41400 ns, Reaching safepoint: 98101 ns, At safepoint: 20000 ns, Total: 118101 ns
[7.374s][info ][safepoint      ] Safepoint "ICBufferFull", Time since last: 954204 ns, Reaching safepoint: 113400 ns, At safepoint: 23600 ns, Total: 137000 ns
[7.375s][info ][safepoint      ] Safepoint "ICBufferFull", Time since last: 926304 ns, Reaching safepoint: 107101 ns, At safepoint: 21700 ns, Total: 128801 ns
[7.376s][info ][safepoint      ] Safepoint "ICBufferFull", Time since last: 41400 ns, Reaching safepoint: 94400 ns, At safepoint: 23101 ns, Total: 117501 ns
[7.377s][info ][safepoint      ] Safepoint "ICBufferFull", Time since last: 1025804 ns, Reaching safepoint: 113900 ns, At safepoint: 20401 ns, Total: 134301 ns
[7.378s][info ][safepoint      ] Safepoint "ICBufferFull", Time since last: 1281105 ns, Reaching safepoint: 99800 ns, At safepoint: 13900 ns, Total: 113700 ns
[7.379s][info ][safepoint      ] Safepoint "ICBufferFull", Time since last: 897804 ns, Reaching safepoint: 103401 ns, At safepoint: 24400 ns, Total: 127801 ns
[7.379s][info ][safepoint      ] Safepoint "ICBufferFull", Time since last: 42900 ns, Reaching safepoint: 87100 ns, At safepoint: 28700 ns, Total: 115800 ns
[7.380s][info ][safepoint      ] Safepoint "ICBufferFull", Time since last: 132501 ns, Reaching safepoint: 97500 ns, At safepoint: 19901 ns, Total: 117401 ns
[7.380s][info ][safepoint      ] Safepoint "ICBufferFull", Time since last: 331801 ns, Reaching safepoint: 89800 ns, At safepoint: 23800 ns, Total: 113600 ns
[7.381s][info ][safepoint      ] Safepoint "ICBufferFull", Time since last: 876604 ns, Reaching safepoint: 106001 ns, At safepoint: 21100 ns, Total: 127101 ns
[7.381s][info ][safepoint      ] Safepoint "ICBufferFull", Time since last: 44500 ns, Reaching safepoint: 86900 ns, At safepoint: 23700 ns, Total: 110600 ns
[7.381s][info ][safepoint      ] Safepoint "ICBufferFull", Time since last: 88601 ns, Reaching safepoint: 87400 ns, At safepoint: 23400 ns, Total: 110800 ns
[7.386s][info ][safepoint      ] Safepoint "ICBufferFull", Time since last: 4472419 ns, Reaching safepoint: 114101 ns, At safepoint: 25300 ns, Total: 139401 ns
[7.390s][info ][safepoint      ] Safepoint "ICBufferFull", Time since last: 4263818 ns, Reaching safepoint: 114700 ns, At safepoint: 24701 ns, Total: 139401 ns
[7.391s][info ][safepoint      ] Safepoint "ICBufferFull", Time since last: 43000 ns, Reaching safepoint: 100500 ns, At safepoint: 25900 ns, Total: 126400 ns
[7.392s][info ][safepoint      ] Safepoint "ICBufferFull", Time since last: 988005 ns, Reaching safepoint: 97100 ns, At safepoint: 18000 ns, Total: 115100 ns
[7.392s][info ][safepoint      ] Safepoint "ICBufferFull", Time since last: 41500 ns, Reaching safepoint: 82801 ns, At safepoint: 16800 ns, Total: 99601 ns
[7.393s][info ][safepoint      ] Safepoint "ICBufferFull", Time since last: 1027904 ns, Reaching safepoint: 102700 ns, At safepoint: 22701 ns, Total: 125401 ns
[7.394s][info ][safepoint      ] Safepoint "ICBufferFull", Time since last: 835303 ns, Reaching safepoint: 97700 ns, At safepoint: 18801 ns, Total: 116501 ns
[7.395s][info ][safepoint      ] Safepoint "ICBufferFull", Time since last: 912203 ns, Reaching safepoint: 102401 ns, At safepoint: 20200 ns, Total: 122601 ns
[7.395s][info ][safepoint      ] Safepoint "ICBufferFull", Time since last: 67600 ns, Reaching safepoint: 87501 ns, At safepoint: 19900 ns, Total: 107401 ns
[7.396s][info ][safepoint      ] Safepoint "ICBufferFull", Time since last: 808003 ns, Reaching safepoint: 96201 ns, At safepoint: 15400 ns, Total: 111601 ns
[7.396s][info ][safepoint      ] Safepoint "ICBufferFull", Time since last: 43500 ns, Reaching safepoint: 81500 ns, At safepoint: 15800 ns, Total: 97300 ns
[7.398s][info ][safepoint      ] Safepoint "ICBufferFull", Time since last: 2009409 ns, Reaching safepoint: 107500 ns, At safepoint: 22600 ns, Total: 130100 ns
[7.400s][info ][safepoint      ] Safepoint "ICBufferFull", Time since last: 1256006 ns, Reaching safepoint: 102600 ns, At safepoint: 21000 ns, Total: 123600 ns
[7.401s][info ][safepoint      ] Safepoint "ICBufferFull", Time since last: 976804 ns, Reaching safepoint: 105501 ns, At safepoint: 16600 ns, Total: 122101 ns
[7.401s][info ][safepoint      ] Safepoint "ICBufferFull", Time since last: 35200 ns, Reaching safepoint: 86200 ns, At safepoint: 21500 ns, Total: 107700 ns
[7.402s][info ][safepoint      ] Safepoint "ICBufferFull", Time since last: 970005 ns, Reaching safepoint: 97800 ns, At safepoint: 19100 ns, Total: 116900 ns
[7.403s][info ][safepoint      ] Safepoint "ICBufferFull", Time since last: 1044105 ns, Reaching safepoint: 98300 ns, At safepoint: 19700 ns, Total: 118000 ns
[7.403s][info ][safepoint      ] Safepoint "ICBufferFull", Time since last: 154801 ns, Reaching safepoint: 94600 ns, At safepoint: 20000 ns, Total: 114600 ns
[7.405s][info ][safepoint      ] Safepoint "ICBufferFull", Time since last: 1180505 ns, Reaching safepoint: 104301 ns, At safepoint: 15700 ns, Total: 120001 ns
[7.405s][info ][safepoint      ] Safepoint "ICBufferFull", Time since last: 295701 ns, Reaching safepoint: 102000 ns, At safepoint: 17001 ns, Total: 119001 ns
[7.406s][info ][safepoint      ] Safepoint "ICBufferFull", Time since last: 1073904 ns, Reaching safepoint: 94700 ns, At safepoint: 17801 ns, Total: 112501 ns
[7.411s][info ][safepoint      ] Safepoint "ICBufferFull", Time since last: 4641919 ns, Reaching safepoint: 59101 ns, At safepoint: 24100 ns, Total: 83201 ns
[7.416s][info ][safepoint      ] Safepoint "ICBufferFull", Time since last: 5049821 ns, Reaching safepoint: 111801 ns, At safepoint: 17400 ns, Total: 129201 ns
[7.417s][info ][safepoint      ] Safepoint "ICBufferFull", Time since last: 50500 ns, Reaching safepoint: 293501 ns, At safepoint: 21800 ns, Total: 315301 ns
[7.433s][info ][safepoint      ] Safepoint "ICBufferFull", Time since last: 16022568 ns, Reaching safepoint: 115101 ns, At safepoint: 16600 ns, Total: 131701 ns
[7.438s][info ][safepoint      ] Safepoint "ICBufferFull", Time since last: 5453823 ns, Reaching safepoint: 113401 ns, At safepoint: 25600 ns, Total: 139001 ns
[7.438s][info ][safepoint      ] Safepoint "ICBufferFull", Time since last: 54200 ns, Reaching safepoint: 86300 ns, At safepoint: 26601 ns, Total: 112901 ns
[7.439s][info ][safepoint      ] Safepoint "ICBufferFull", Time since last: 70300 ns, Reaching safepoint: 85900 ns, At safepoint: 20700 ns, Total: 106600 ns
[7.439s][info ][safepoint      ] Safepoint "ICBufferFull", Time since last: 44700 ns, Reaching safepoint: 83201 ns, At safepoint: 24000 ns, Total: 107201 ns
[7.440s][info ][safepoint      ] Safepoint "ICBufferFull", Time since last: 867704 ns, Reaching safepoint: 89500 ns, At safepoint: 26500 ns, Total: 116000 ns
[7.440s][info ][safepoint      ] Safepoint "ICBufferFull", Time since last: 289101 ns, Reaching safepoint: 94401 ns, At safepoint: 22100 ns, Total: 116501 ns
[7.443s][info ][safepoint      ] Safepoint "ICBufferFull", Time since last: 3033213 ns, Reaching safepoint: 96000 ns, At safepoint: 20800 ns, Total: 116800 ns
[7.444s][info ][safepoint      ] Safepoint "ICBufferFull", Time since last: 59600 ns, Reaching safepoint: 83501 ns, At safepoint: 19300 ns, Total: 102801 ns
[7.444s][info ][safepoint      ] Safepoint "ICBufferFull", Time since last: 51100 ns, Reaching safepoint: 82801 ns, At safepoint: 21800 ns, Total: 104601 ns
[7.445s][info ][safepoint      ] Safepoint "ICBufferFull", Time since last: 1534806 ns, Reaching safepoint: 73200 ns, At safepoint: 32301 ns, Total: 105501 ns
[7.445s][info ][safepoint      ] Safepoint "ICBufferFull", Time since last: 56800 ns, Reaching safepoint: 86100 ns, At safepoint: 25900 ns, Total: 112000 ns
[7.449s][info ][safepoint      ] Safepoint "ICBufferFull", Time since last: 3728316 ns, Reaching safepoint: 99801 ns, At safepoint: 28200 ns, Total: 128001 ns
[7.449s][info ][safepoint      ] Safepoint "ICBufferFull", Time since last: 31900 ns, Reaching safepoint: 96100 ns, At safepoint: 20200 ns, Total: 116300 ns
[7.453s][info ][safepoint      ] Safepoint "ICBufferFull", Time since last: 3739016 ns, Reaching safepoint: 98001 ns, At safepoint: 26300 ns, Total: 124301 ns
[7.454s][info ][safepoint      ] Safepoint "ICBufferFull", Time since last: 56200 ns, Reaching safepoint: 79000 ns, At safepoint: 25300 ns, Total: 104300 ns
[7.454s][info ][safepoint      ] Safepoint "ICBufferFull", Time since last: 218001 ns, Reaching safepoint: 88601 ns, At safepoint: 26200 ns, Total: 114801 ns
[7.454s][info ][safepoint      ] Safepoint "ICBufferFull", Time since last: 50200 ns, Reaching safepoint: 84400 ns, At safepoint: 22501 ns, Total: 106901 ns
[7.454s][info ][safepoint      ] Safepoint "ICBufferFull", Time since last: 38300 ns, Reaching safepoint: 83300 ns, At safepoint: 17800 ns, Total: 101100 ns
[7.463s][info ][safepoint      ] Safepoint "ICBufferFull", Time since last: 8899138 ns, Reaching safepoint: 107500 ns, At safepoint: 23301 ns, Total: 130801 ns
[7.463s][info ][safepoint      ] Safepoint "ICBufferFull", Time since last: 56500 ns, Reaching safepoint: 75100 ns, At safepoint: 23000 ns, Total: 98100 ns
[7.465s][info ][safepoint      ] Safepoint "ICBufferFull", Time since last: 1895908 ns, Reaching safepoint: 99201 ns, At safepoint: 20000 ns, Total: 119201 ns
[7.476s][info ][safepoint      ] Safepoint "ICBufferFull", Time since last: 10307944 ns, Reaching safepoint: 102500 ns, At safepoint: 10600 ns, Total: 113100 ns
[7.476s][info ][safepoint      ] Safepoint "ICBufferFull", Time since last: 77300 ns, Reaching safepoint: 85601 ns, At safepoint: 23100 ns, Total: 108701 ns
[7.482s][info ][safepoint      ] Safepoint "ICBufferFull", Time since last: 5678324 ns, Reaching safepoint: 107801 ns, At safepoint: 22100 ns, Total: 129901 ns
[7.482s][info ][safepoint      ] Safepoint "ICBufferFull", Time since last: 100400 ns, Reaching safepoint: 97600 ns, At safepoint: 18801 ns, Total: 116401 ns
[7.485s][info ][safepoint      ] Safepoint "ICBufferFull", Time since last: 2660511 ns, Reaching safepoint: 100200 ns, At safepoint: 26400 ns, Total: 126600 ns
[7.485s][info ][safepoint      ] Safepoint "ICBufferFull", Time since last: 61001 ns, Reaching safepoint: 97500 ns, At safepoint: 19900 ns, Total: 117400 ns
[7.487s][info ][safepoint      ] Safepoint "ICBufferFull", Time since last: 1929108 ns, Reaching safepoint: 107801 ns, At safepoint: 18800 ns, Total: 126601 ns
[7.491s][info ][safepoint      ] Safepoint "ICBufferFull", Time since last: 4319218 ns, Reaching safepoint: 109501 ns, At safepoint: 22000 ns, Total: 131501 ns
[7.492s][info ][safepoint      ] Safepoint "ICBufferFull", Time since last: 39200 ns, Reaching safepoint: 86800 ns, At safepoint: 24801 ns, Total: 111601 ns
[7.493s][info ][safepoint      ] Safepoint "ICBufferFull", Time since last: 910703 ns, Reaching safepoint: 100501 ns, At safepoint: 18200 ns, Total: 118701 ns
[7.494s][info ][safepoint      ] Safepoint "ICBufferFull", Time since last: 1143505 ns, Reaching safepoint: 104400 ns, At safepoint: 43800 ns, Total: 148200 ns
[7.495s][info ][safepoint      ] Safepoint "ICBufferFull", Time since last: 1217906 ns, Reaching safepoint: 106800 ns, At safepoint: 16800 ns, Total: 123600 ns
[7.495s][info ][safepoint      ] Safepoint "ICBufferFull", Time since last: 52900 ns, Reaching safepoint: 90001 ns, At safepoint: 15000 ns, Total: 105001 ns
[7.496s][info ][safepoint      ] Safepoint "ICBufferFull", Time since last: 39700 ns, Reaching safepoint: 82100 ns, At safepoint: 27400 ns, Total: 109500 ns
[7.496s][info ][safepoint      ] Safepoint "ICBufferFull", Time since last: 23901 ns, Reaching safepoint: 81700 ns, At safepoint: 19000 ns, Total: 100700 ns
[7.497s][info ][safepoint      ] Safepoint "ICBufferFull", Time since last: 953404 ns, Reaching safepoint: 97900 ns, At safepoint: 20201 ns, Total: 118101 ns
[7.498s][info ][safepoint      ] Safepoint "ICBufferFull", Time since last: 780303 ns, Reaching safepoint: 102400 ns, At safepoint: 19800 ns, Total: 122200 ns
[7.498s][info ][safepoint      ] Safepoint "ICBufferFull", Time since last: 49501 ns, Reaching safepoint: 89500 ns, At safepoint: 23700 ns, Total: 113200 ns
[7.498s][info ][safepoint      ] Safepoint "ICBufferFull", Time since last: 41900 ns, Reaching safepoint: 89201 ns, At safepoint: 19700 ns, Total: 108901 ns
[7.498s][info ][safepoint      ] Safepoint "ICBufferFull", Time since last: 27200 ns, Reaching safepoint: 88500 ns, At safepoint: 22600 ns, Total: 111100 ns
[7.498s][info ][safepoint      ] Safepoint "ICBufferFull", Time since last: 60601 ns, Reaching safepoint: 88200 ns, At safepoint: 26600 ns, Total: 114800 ns
[7.499s][info ][safepoint      ] Safepoint "ICBufferFull", Time since last: 779303 ns, Reaching safepoint: 97301 ns, At safepoint: 19100 ns, Total: 116401 ns
[7.500s][info ][safepoint      ] Safepoint "ICBufferFull", Time since last: 478102 ns, Reaching safepoint: 79900 ns, At safepoint: 17900 ns, Total: 97800 ns
[7.509s][info ][safepoint      ] Safepoint "ICBufferFull", Time since last: 8690837 ns, Reaching safepoint: 105101 ns, At safepoint: 24300 ns, Total: 129401 ns
[7.509s][info ][safepoint      ] Safepoint "ICBufferFull", Time since last: 575402 ns, Reaching safepoint: 61301 ns, At safepoint: 17100 ns, Total: 78401 ns
[7.509s][info ][safepoint      ] Safepoint "ICBufferFull", Time since last: 53100 ns, Reaching safepoint: 95700 ns, At safepoint: 17100 ns, Total: 112800 ns
[7.510s][info ][safepoint      ] Safepoint "ICBufferFull", Time since last: 36200 ns, Reaching safepoint: 95601 ns, At safepoint: 15300 ns, Total: 110901 ns
[7.521s][info ][safepoint      ] Safepoint "ICBufferFull", Time since last: 10820246 ns, Reaching safepoint: 469202 ns, At safepoint: 23100 ns, Total: 492302 ns
[7.521s][info ][safepoint      ] Safepoint "ICBufferFull", Time since last: 93000 ns, Reaching safepoint: 94401 ns, At safepoint: 27900 ns, Total: 122301 ns
[7.521s][info ][safepoint      ] Safepoint "ICBufferFull", Time since last: 294801 ns, Reaching safepoint: 97601 ns, At safepoint: 19400 ns, Total: 117001 ns
[7.522s][info ][safepoint      ] Safepoint "ICBufferFull", Time since last: 48600 ns, Reaching safepoint: 93900 ns, At safepoint: 16000 ns, Total: 109900 ns
[7.522s][info ][safepoint      ] Safepoint "ICBufferFull", Time since last: 27501 ns, Reaching safepoint: 84400 ns, At safepoint: 20800 ns, Total: 105200 ns
[7.522s][info ][safepoint      ] Safepoint "ICBufferFull", Time since last: 56700 ns, Reaching safepoint: 93201 ns, At safepoint: 21400 ns, Total: 114601 ns
[7.523s][info ][safepoint      ] Safepoint "ICBufferFull", Time since last: 750603 ns, Reaching safepoint: 107300 ns, At safepoint: 26400 ns, Total: 133700 ns
[7.525s][info ][safepoint      ] Safepoint "ICBufferFull", Time since last: 2520811 ns, Reaching safepoint: 93301 ns, At safepoint: 24500 ns, Total: 117801 ns
[7.526s][info ][safepoint      ] Safepoint "ICBufferFull", Time since last: 54200 ns, Reaching safepoint: 97600 ns, At safepoint: 24200 ns, Total: 121800 ns
[7.527s][info ][safepoint      ] Safepoint "ICBufferFull", Time since last: 873104 ns, Reaching safepoint: 172701 ns, At safepoint: 23300 ns, Total: 196001 ns
[7.528s][info ][safepoint      ] Safepoint "ICBufferFull", Time since last: 668303 ns, Reaching safepoint: 106000 ns, At safepoint: 18800 ns, Total: 124800 ns
[7.530s][info ][safepoint      ] Safepoint "ICBufferFull", Time since last: 2381311 ns, Reaching safepoint: 105200 ns, At safepoint: 22500 ns, Total: 127700 ns
[7.531s][info ][safepoint      ] Safepoint "ICBufferFull", Time since last: 1037404 ns, Reaching safepoint: 105801 ns, At safepoint: 19600 ns, Total: 125401 ns
[7.531s][info ][safepoint      ] Safepoint "ICBufferFull", Time since last: 46800 ns, Reaching safepoint: 86101 ns, At safepoint: 19300 ns, Total: 105401 ns
[7.533s][info ][safepoint      ] Safepoint "ICBufferFull", Time since last: 1939008 ns, Reaching safepoint: 102200 ns, At safepoint: 23400 ns, Total: 125600 ns
[7.534s][info ][safepoint      ] Safepoint "ICBufferFull", Time since last: 42901 ns, Reaching safepoint: 87200 ns, At safepoint: 24900 ns, Total: 112100 ns
[7.536s][info ][safepoint      ] Safepoint "ICBufferFull", Time since last: 2653411 ns, Reaching safepoint: 96701 ns, At safepoint: 23900 ns, Total: 120601 ns
[7.538s][info ][safepoint      ] Safepoint "ICBufferFull", Time since last: 1936708 ns, Reaching safepoint: 106501 ns, At safepoint: 30100 ns, Total: 136601 ns
[7.539s][info ][safepoint      ] Safepoint "ICBufferFull", Time since last: 426702 ns, Reaching safepoint: 97800 ns, At safepoint: 27800 ns, Total: 125600 ns
[7.540s][info ][safepoint      ] Safepoint "ICBufferFull", Time since last: 541102 ns, Reaching safepoint: 95601 ns, At safepoint: 30000 ns, Total: 125601 ns
[7.541s][info ][safepoint      ] Safepoint "ICBufferFull", Time since last: 810803 ns, Reaching safepoint: 97301 ns, At safepoint: 17700 ns, Total: 115001 ns
[7.541s][info ][safepoint      ] Safepoint "ICBufferFull", Time since last: 78200 ns, Reaching safepoint: 85301 ns, At safepoint: 21200 ns, Total: 106501 ns
[7.541s][info ][safepoint      ] Safepoint "ICBufferFull", Time since last: 210001 ns, Reaching safepoint: 101400 ns, At safepoint: 24100 ns, Total: 125500 ns
[7.541s][info ][safepoint      ] Safepoint "ICBufferFull", Time since last: 305201 ns, Reaching safepoint: 83401 ns, At safepoint: 20000 ns, Total: 103401 ns
[7.542s][info ][safepoint      ] Safepoint "ICBufferFull", Time since last: 46800 ns, Reaching safepoint: 90100 ns, At safepoint: 21800 ns, Total: 111900 ns
[7.543s][info ][safepoint      ] Safepoint "ICBufferFull", Time since last: 817904 ns, Reaching safepoint: 78700 ns, At safepoint: 24300 ns, Total: 103000 ns
[7.543s][info ][safepoint      ] Safepoint "ICBufferFull", Time since last: 88901 ns, Reaching safepoint: 86800 ns, At safepoint: 15700 ns, Total: 102500 ns
[7.543s][info ][safepoint      ] Safepoint "ICBufferFull", Time since last: 74701 ns, Reaching safepoint: 86100 ns, At safepoint: 16800 ns, Total: 102900 ns
[7.544s][info ][safepoint      ] Safepoint "ICBufferFull", Time since last: 872604 ns, Reaching safepoint: 93700 ns, At safepoint: 11700 ns, Total: 105400 ns
[7.544s][info ][safepoint      ] Safepoint "ICBufferFull", Time since last: 54600 ns, Reaching safepoint: 82401 ns, At safepoint: 23800 ns, Total: 106201 ns
[7.544s][info ][safepoint      ] Safepoint "ICBufferFull", Time since last: 36900 ns, Reaching safepoint: 80800 ns, At safepoint: 22600 ns, Total: 103400 ns
[7.544s][info ][safepoint      ] Safepoint "ICBufferFull", Time since last: 47601 ns, Reaching safepoint: 81600 ns, At safepoint: 21300 ns, Total: 102900 ns
[7.544s][info ][safepoint      ] Safepoint "ICBufferFull", Time since last: 23800 ns, Reaching safepoint: 88101 ns, At safepoint: 24200 ns, Total: 112301 ns
[7.545s][info ][safepoint      ] Safepoint "ICBufferFull", Time since last: 808303 ns, Reaching safepoint: 93400 ns, At safepoint: 26901 ns, Total: 120301 ns
[7.546s][info ][safepoint      ] Safepoint "ICBufferFull", Time since last: 52100 ns, Reaching safepoint: 84500 ns, At safepoint: 25400 ns, Total: 109900 ns
[7.549s][info ][safepoint      ] Safepoint "ICBufferFull", Time since last: 2800212 ns, Reaching safepoint: 106001 ns, At safepoint: 26800 ns, Total: 132801 ns
[7.549s][info ][safepoint      ] Safepoint "ICBufferFull", Time since last: 332301 ns, Reaching safepoint: 86301 ns, At safepoint: 28900 ns, Total: 115201 ns
[7.549s][info ][gc,start       ] GC(6) Pause Young (Allocation Failure)
[7.790s][debug][gc,phases      ] GC(6) Scavenge 240.812ms
[7.790s][debug][gc,ref         ] GC(6) Skipped phase 1 of Reference Processing: no references
[7.790s][debug][gc,ref         ] GC(6) ReferenceProcessor::execute queues: 4, RefProcThreadModel::Multi, marks_oops_alive: false
[7.790s][debug][gc,ref         ] GC(6) Skipped phase 3 of Reference Processing: no references
[7.790s][debug][gc,ref         ] GC(6) ReferenceProcessor::execute queues: 1, RefProcThreadModel::Single, marks_oops_alive: false
[7.790s][debug][gc,phases      ] GC(6) Reference Processing 0.274ms
[7.791s][debug][gc,phases      ] GC(6)   VM Weak                        Min:  0.0, Avg:  0.0, Max:  0.0, Diff:  0.0, Sum:  0.0, Workers: 4
[7.791s][debug][gc,phases      ] GC(6)     Dead                           Min: 0, Avg:  0.0, Max: 0, Diff: 0, Sum: 0, Workers: 4
[7.791s][debug][gc,phases      ] GC(6)     Total                          Min: 0, Avg: 145.2, Max: 453, Diff: 453, Sum: 581, Workers: 4
[7.791s][debug][gc,phases      ] GC(6)   ObjectSynchronizer Weak        Min:  0.0, Avg:  0.0, Max:  0.0, Diff:  0.0, Sum:  0.0, Workers: 4
[7.791s][debug][gc,phases      ] GC(6)     Dead                           Min: 0, Avg:  2.8, Max: 9, Diff: 9, Sum: 11, Workers: 4
[7.791s][debug][gc,phases      ] GC(6)     Total                          Min: 0, Avg: 39.2, Max: 93, Diff: 93, Sum: 157, Workers: 4
[7.791s][debug][gc,phases      ] GC(6)   JVMTI Tag Weak OopStorage      Min:  0.0, Avg:  0.0, Max:  0.0, Diff:  0.0, Sum:  0.0, Workers: 4
[7.791s][debug][gc,phases      ] GC(6)     Dead                           Min: 0, Avg:  0.0, Max: 0, Diff: 0, Sum: 0, Workers: 4
[7.791s][debug][gc,phases      ] GC(6)     Total                          Min: 0, Avg:  0.0, Max: 0, Diff: 0, Sum: 0, Workers: 4
[7.791s][debug][gc,phases      ] GC(6)   StringTable Weak               Min:  0.3, Avg:  0.3, Max:  0.3, Diff:  0.0, Sum:  1.0, Workers: 4
[7.791s][debug][gc,phases      ] GC(6)     Dead                           Min: 0, Avg:  3.0, Max: 9, Diff: 9, Sum: 12, Workers: 4
[7.791s][debug][gc,phases      ] GC(6)     Total                          Min: 10025, Avg: 10874.2, Max: 11904, Diff: 1879, Sum: 43497, Workers: 4
[7.791s][debug][gc,phases      ] GC(6)   ResolvedMethodTable Weak       Min:  0.0, Avg:  0.0, Max:  0.0, Diff:  0.0, Sum:  0.2, Workers: 4
[7.791s][debug][gc,phases      ] GC(6)     Dead                           Min: 0, Avg:  0.2, Max: 1, Diff: 1, Sum: 1, Workers: 4
[7.791s][debug][gc,phases      ] GC(6)     Total                          Min: 1505, Avg: 1696.5, Max: 1957, Diff: 452, Sum: 6786, Workers: 4
[7.791s][debug][gc,phases      ] GC(6)   JNI Weak                       Min:  0.0, Avg:  0.0, Max:  0.0, Diff:  0.0, Sum:  0.0, Workers: 4
[7.791s][debug][gc,phases      ] GC(6)     Dead                           Min: 0, Avg:  0.0, Max: 0, Diff: 0, Sum: 0, Workers: 4
[7.791s][debug][gc,phases      ] GC(6)     Total                          Min: 0, Avg: 12.0, Max: 48, Diff: 48, Sum: 48, Workers: 4
[7.791s][debug][gc,phases      ] GC(6)   StringDedup Table Weak         Min:  0.0, Avg:  0.0, Max:  0.0, Diff:  0.0, Sum:  0.0, Workers: 4
[7.791s][debug][gc,phases      ] GC(6)     Dead                           Min: 0, Avg:  0.0, Max: 0, Diff: 0, Sum: 0, Workers: 4
[7.791s][debug][gc,phases      ] GC(6)     Total                          Min: 0, Avg:  0.0, Max: 0, Diff: 0, Sum: 0, Workers: 4
[7.791s][debug][gc,phases      ] GC(6)   StringDedup Requests0 Weak     Min:  0.0, Avg:  0.0, Max:  0.0, Diff:  0.0, Sum:  0.0, Workers: 4
[7.791s][debug][gc,phases      ] GC(6)     Dead                           Min: 0, Avg:  0.0, Max: 0, Diff: 0, Sum: 0, Workers: 4
[7.791s][debug][gc,phases      ] GC(6)     Total                          Min: 0, Avg:  0.0, Max: 0, Diff: 0, Sum: 0, Workers: 4
[7.791s][debug][gc,phases      ] GC(6)   StringDedup Requests1 Weak     Min:  0.0, Avg:  0.0, Max:  0.0, Diff:  0.0, Sum:  0.0, Workers: 4
[7.791s][debug][gc,phases      ] GC(6)     Dead                           Min: 0, Avg:  0.0, Max: 0, Diff: 0, Sum: 0, Workers: 4
[7.791s][debug][gc,phases      ] GC(6)     Total                          Min: 0, Avg:  0.0, Max: 0, Diff: 0, Sum: 0, Workers: 4
[7.791s][debug][gc,phases      ] GC(6)   Weak JFR Old Object Samples    Min:  0.0, Avg:  0.0, Max:  0.0, Diff:  0.0, Sum:  0.0, Workers: 4
[7.791s][debug][gc,phases      ] GC(6)     Dead                           Min: 0, Avg:  0.0, Max: 0, Diff: 0, Sum: 0, Workers: 4
[7.791s][debug][gc,phases      ] GC(6)     Total                          Min: 0, Avg:  0.0, Max: 0, Diff: 0, Sum: 0, Workers: 4
[7.791s][debug][gc,phases      ] GC(6) Weak Processing 0.470ms
[7.791s][debug][gc,age         ] GC(6) Desired survivor size 536870912 bytes, new threshold 7 (max threshold 15)
[7.791s][info ][gc,heap        ] GC(6) PSYoungGen: 1048576K(1572864K)->524271K(1572864K) Eden: 1048576K(1048576K)->0K(1048576K) From: 0K(524288K)->524271K(524288K)
[7.791s][info ][gc,heap        ] GC(6) ParOldGen: 6122K(18944K)->37511K(37888K)
[7.791s][info ][gc,metaspace   ] GC(6) Metaspace: 68073K(68800K)->68073K(68800K) NonClass: 58038K(58432K)->58038K(58432K) Class: 10034K(10368K)->10034K(10368K)
[7.791s][info ][gc             ] GC(6) Pause Young (Allocation Failure) 1029M->548M(1573M) 241.669ms
[7.791s][info ][gc,cpu         ] GC(6) User=0.80s Sys=0.16s Real=0.25s
[7.791s][debug][gc,phases      ] GC(7) Pre Compact 0.009ms
[7.791s][info ][gc,start       ] GC(7) Pause Full (Ergonomics)
[7.791s][info ][gc,phases,start] GC(7) Marking Phase
[7.931s][debug][gc,phases      ] GC(7) Par Mark 139.965ms
[7.931s][debug][gc,ref         ] GC(7) Skipped phase 1 of Reference Processing: no references
[7.931s][debug][gc,ref         ] GC(7) ReferenceProcessor::execute queues: 4, RefProcThreadModel::Multi, marks_oops_alive: false
[7.931s][debug][gc,ref         ] GC(7) Skipped phase 3 of Reference Processing: no references
[7.931s][debug][gc,ref         ] GC(7) ReferenceProcessor::execute queues: 1, RefProcThreadModel::Single, marks_oops_alive: false
[7.931s][debug][gc,phases      ] GC(7) Reference Processing 0.267ms
[7.931s][debug][gc,phases      ] GC(7)   VM Weak                        Min:  0.0, Avg:  0.0, Max:  0.0, Diff:  0.0, Sum:  0.0, Workers: 4
[7.931s][debug][gc,phases      ] GC(7)     Dead                           Min: 0, Avg:  0.0, Max: 0, Diff: 0, Sum: 0, Workers: 4
[7.931s][debug][gc,phases      ] GC(7)     Total                          Min: 0, Avg: 145.2, Max: 384, Diff: 384, Sum: 581, Workers: 4
[7.931s][debug][gc,phases      ] GC(7)   ObjectSynchronizer Weak        Min:  0.0, Avg:  0.0, Max:  0.0, Diff:  0.0, Sum:  0.0, Workers: 4
[7.931s][debug][gc,phases      ] GC(7)     Dead                           Min: 0, Avg:  0.0, Max: 0, Diff: 0, Sum: 0, Workers: 4
[7.931s][debug][gc,phases      ] GC(7)     Total                          Min: 0, Avg: 39.2, Max: 64, Diff: 64, Sum: 157, Workers: 4
[7.931s][debug][gc,phases      ] GC(7)   JVMTI Tag Weak OopStorage      Min:  0.0, Avg:  0.0, Max:  0.0, Diff:  0.0, Sum:  0.0, Workers: 4
[7.932s][debug][gc,phases      ] GC(7)     Dead                           Min: 0, Avg:  0.0, Max: 0, Diff: 0, Sum: 0, Workers: 4
[7.932s][debug][gc,phases      ] GC(7)     Total                          Min: 0, Avg:  0.0, Max: 0, Diff: 0, Sum: 0, Workers: 4
[7.932s][debug][gc,phases      ] GC(7)   StringTable Weak               Min:  0.1, Avg:  0.1, Max:  0.1, Diff:  0.0, Sum:  0.6, Workers: 4
[7.932s][debug][gc,phases      ] GC(7)     Dead                           Min: 0, Avg:  0.0, Max: 0, Diff: 0, Sum: 0, Workers: 4
[7.932s][debug][gc,phases      ] GC(7)     Total                          Min: 10496, Avg: 10874.2, Max: 11392, Diff: 896, Sum: 43497, Workers: 4
[7.932s][debug][gc,phases      ] GC(7)   ResolvedMethodTable Weak       Min:  0.0, Avg:  0.0, Max:  0.0, Diff:  0.0, Sum:  0.1, Workers: 4
[7.932s][debug][gc,phases      ] GC(7)     Dead                           Min: 0, Avg:  0.0, Max: 0, Diff: 0, Sum: 0, Workers: 4
[7.932s][debug][gc,phases      ] GC(7)     Total                          Min: 1475, Avg: 1696.5, Max: 1841, Diff: 366, Sum: 6786, Workers: 4
[7.932s][debug][gc,phases      ] GC(7)   JNI Weak                       Min:  0.0, Avg:  0.0, Max:  0.0, Diff:  0.0, Sum:  0.0, Workers: 4
[7.932s][debug][gc,phases      ] GC(7)     Dead                           Min: 0, Avg:  0.0, Max: 0, Diff: 0, Sum: 0, Workers: 4
[7.932s][debug][gc,phases      ] GC(7)     Total                          Min: 0, Avg: 12.0, Max: 29, Diff: 29, Sum: 48, Workers: 4
[7.932s][debug][gc,phases      ] GC(7)   StringDedup Table Weak         Min:  0.0, Avg:  0.0, Max:  0.0, Diff:  0.0, Sum:  0.0, Workers: 4
[7.932s][debug][gc,phases      ] GC(7)     Dead                           Min: 0, Avg:  0.0, Max: 0, Diff: 0, Sum: 0, Workers: 4
[7.932s][debug][gc,phases      ] GC(7)     Total                          Min: 0, Avg:  0.0, Max: 0, Diff: 0, Sum: 0, Workers: 4
[7.932s][debug][gc,phases      ] GC(7)   StringDedup Requests0 Weak     Min:  0.0, Avg:  0.0, Max:  0.0, Diff:  0.0, Sum:  0.0, Workers: 4
[7.932s][debug][gc,phases      ] GC(7)     Dead                           Min: 0, Avg:  0.0, Max: 0, Diff: 0, Sum: 0, Workers: 4
[7.932s][debug][gc,phases      ] GC(7)     Total                          Min: 0, Avg:  0.0, Max: 0, Diff: 0, Sum: 0, Workers: 4
[7.932s][debug][gc,phases      ] GC(7)   StringDedup Requests1 Weak     Min:  0.0, Avg:  0.0, Max:  0.0, Diff:  0.0, Sum:  0.0, Workers: 4
[7.932s][debug][gc,phases      ] GC(7)     Dead                           Min: 0, Avg:  0.0, Max: 0, Diff: 0, Sum: 0, Workers: 4
[7.932s][debug][gc,phases      ] GC(7)     Total                          Min: 0, Avg:  0.0, Max: 0, Diff: 0, Sum: 0, Workers: 4
[7.932s][debug][gc,phases      ] GC(7)   Weak JFR Old Object Samples    Min:  0.0, Avg:  0.0, Max:  0.0, Diff:  0.0, Sum:  0.0, Workers: 4
[7.932s][debug][gc,phases      ] GC(7)     Dead                           Min: 0, Avg:  0.0, Max: 0, Diff: 0, Sum: 0, Workers: 4
[7.932s][debug][gc,phases      ] GC(7)     Total                          Min: 0, Avg:  0.0, Max: 0, Diff: 0, Sum: 0, Workers: 4
[7.932s][debug][gc,phases      ] GC(7) Weak Processing 0.323ms
[7.932s][debug][gc,phases      ] GC(7) ClassLoaderData 0.075ms
[7.932s][debug][gc,phases      ] GC(7) Trigger cleanups 0.000ms
[7.939s][debug][gc,phases      ] GC(7) Class Unloading 7.631ms
[7.939s][info ][gc,phases      ] GC(7) Marking Phase 148.346ms
[7.939s][info ][gc,phases,start] GC(7) Summary Phase
[7.939s][info ][gc,phases      ] GC(7) Summary Phase 0.012ms
[7.939s][info ][gc,phases,start] GC(7) Adjust Roots
[7.952s][info ][gc,phases      ] GC(7) Adjust Roots 12.412ms
[7.952s][info ][gc,phases,start] GC(7) Compaction Phase
[8.671s][info ][gc,phases      ] GC(7) Compaction Phase 719.388ms
[8.671s][info ][gc,phases,start] GC(7) Post Compact
[8.673s][info ][gc,phases      ] GC(7) Post Compact 2.182ms
[8.673s][info ][gc,heap        ] GC(7) PSYoungGen: 524271K(1572864K)->520797K(1572864K) Eden: 0K(1048576K)->0K(1048576K) From: 524271K(524288K)->520797K(524288K)
[8.673s][info ][gc,heap        ] GC(7) ParOldGen: 37511K(37888K)->37703K(93184K)
[8.673s][info ][gc,metaspace   ] GC(7) Metaspace: 68073K(68800K)->68073K(68800K) NonClass: 58038K(58432K)->58038K(58432K) Class: 10034K(10368K)->10034K(10368K)
[8.673s][info ][gc             ] GC(7) Pause Full (Ergonomics) 548M->545M(1627M) 882.552ms
[8.673s][info ][gc,cpu         ] GC(7) User=3.27s Sys=0.00s Real=0.88s
[8.675s][info ][safepoint      ] Safepoint "ParallelGCFailedAllocation", Time since last: 75500 ns, Reaching safepoint: 90100 ns, At safepoint: 1125381891 ns, Total: 1125471991 ns
[8.681s][info ][safepoint      ] Safepoint "ICBufferFull", Time since last: 6147926 ns, Reaching safepoint: 114100 ns, At safepoint: 21201 ns, Total: 135301 ns
[8.681s][info ][safepoint      ] Safepoint "ICBufferFull", Time since last: 59500 ns, Reaching safepoint: 95400 ns, At safepoint: 25700 ns, Total: 121100 ns
[8.681s][info ][safepoint      ] Safepoint "ICBufferFull", Time since last: 74701 ns, Reaching safepoint: 89200 ns, At safepoint: 24200 ns, Total: 113400 ns
[8.681s][info ][safepoint      ] Safepoint "ICBufferFull", Time since last: 88400 ns, Reaching safepoint: 92701 ns, At safepoint: 13900 ns, Total: 106601 ns
[8.682s][info ][safepoint      ] Safepoint "ICBufferFull", Time since last: 90300 ns, Reaching safepoint: 87601 ns, At safepoint: 20800 ns, Total: 108401 ns
[8.683s][info ][safepoint      ] Safepoint "ICBufferFull", Time since last: 1766907 ns, Reaching safepoint: 107301 ns, At safepoint: 8800 ns, Total: 116101 ns
[8.684s][info ][safepoint      ] Safepoint "ICBufferFull", Time since last: 91600 ns, Reaching safepoint: 101201 ns, At safepoint: 26000 ns, Total: 127201 ns
[8.684s][info ][safepoint      ] Safepoint "ICBufferFull", Time since last: 136400 ns, Reaching safepoint: 86001 ns, At safepoint: 20700 ns, Total: 106701 ns
[8.684s][info ][safepoint      ] Safepoint "ICBufferFull", Time since last: 69400 ns, Reaching safepoint: 86600 ns, At safepoint: 23501 ns, Total: 110101 ns
[8.684s][info ][safepoint      ] Safepoint "ICBufferFull", Time since last: 118700 ns, Reaching safepoint: 83300 ns, At safepoint: 34001 ns, Total: 117301 ns
[8.685s][info ][safepoint      ] Safepoint "ICBufferFull", Time since last: 61800 ns, Reaching safepoint: 82800 ns, At safepoint: 729303 ns, Total: 812103 ns
[8.685s][info ][safepoint      ] Safepoint "ICBufferFull", Time since last: 183201 ns, Reaching safepoint: 102600 ns, At safepoint: 16601 ns, Total: 119201 ns
[8.686s][info ][safepoint      ] Safepoint "ICBufferFull", Time since last: 783003 ns, Reaching safepoint: 86400 ns, At safepoint: 13600 ns, Total: 100000 ns
[8.687s][info ][safepoint      ] Safepoint "ICBufferFull", Time since last: 57501 ns, Reaching safepoint: 86100 ns, At safepoint: 19000 ns, Total: 105100 ns
[8.689s][info ][safepoint      ] Safepoint "ICBufferFull", Time since last: 202401 ns, Reaching safepoint: 91700 ns, At safepoint: 2401510 ns, Total: 2493210 ns
[8.689s][info ][safepoint      ] Safepoint "ICBufferFull", Time since last: 100101 ns, Reaching safepoint: 113700 ns, At safepoint: 46101 ns, Total: 159801 ns
[8.691s][info ][safepoint      ] Safepoint "ICBufferFull", Time since last: 949904 ns, Reaching safepoint: 102500 ns, At safepoint: 25000 ns, Total: 127500 ns
[8.691s][info ][safepoint      ] Safepoint "ICBufferFull", Time since last: 110201 ns, Reaching safepoint: 31700 ns, At safepoint: 39400 ns, Total: 71100 ns
[8.694s][info ][safepoint      ] Safepoint "ICBufferFull", Time since last: 2619111 ns, Reaching safepoint: 108701 ns, At safepoint: 46200 ns, Total: 154901 ns
[8.695s][info ][safepoint      ] Safepoint "ICBufferFull", Time since last: 938404 ns, Reaching safepoint: 114200 ns, At safepoint: 25700 ns, Total: 139900 ns
[8.695s][info ][safepoint      ] Safepoint "ICBufferFull", Time since last: 75001 ns, Reaching safepoint: 88500 ns, At safepoint: 21400 ns, Total: 109900 ns
[8.696s][info ][safepoint      ] Safepoint "ICBufferFull", Time since last: 735103 ns, Reaching safepoint: 104601 ns, At safepoint: 16200 ns, Total: 120801 ns
[8.697s][info ][safepoint      ] Safepoint "ICBufferFull", Time since last: 869003 ns, Reaching safepoint: 103301 ns, At safepoint: 14300 ns, Total: 117601 ns
[8.697s][info ][safepoint      ] Safepoint "ICBufferFull", Time since last: 153701 ns, Reaching safepoint: 41700 ns, At safepoint: 99100 ns, Total: 140800 ns
[8.698s][info ][safepoint      ] Safepoint "ICBufferFull", Time since last: 769003 ns, Reaching safepoint: 107001 ns, At safepoint: 24100 ns, Total: 131101 ns
[8.699s][info ][safepoint      ] Safepoint "ICBufferFull", Time since last: 894904 ns, Reaching safepoint: 111500 ns, At safepoint: 19400 ns, Total: 130900 ns
[8.700s][info ][safepoint      ] Safepoint "ICBufferFull", Time since last: 897204 ns, Reaching safepoint: 103401 ns, At safepoint: 14500 ns, Total: 117901 ns
[8.700s][info ][safepoint      ] Safepoint "ICBufferFull", Time since last: 36800 ns, Reaching safepoint: 48900 ns, At safepoint: 19500 ns, Total: 68400 ns
[8.701s][info ][safepoint      ] Safepoint "ICBufferFull", Time since last: 1234305 ns, Reaching safepoint: 106501 ns, At safepoint: 17800 ns, Total: 124301 ns
[8.702s][info ][safepoint      ] Safepoint "ICBufferFull", Time since last: 772103 ns, Reaching safepoint: 87801 ns, At safepoint: 17900 ns, Total: 105701 ns
[8.716s][info ][safepoint      ] Safepoint "ICBufferFull", Time since last: 14038359 ns, Reaching safepoint: 120701 ns, At safepoint: 21400 ns, Total: 142101 ns
[8.717s][info ][safepoint      ] Safepoint "ICBufferFull", Time since last: 62700 ns, Reaching safepoint: 86901 ns, At safepoint: 24200 ns, Total: 111101 ns
[8.717s][info ][safepoint      ] Safepoint "ICBufferFull", Time since last: 664703 ns, Reaching safepoint: 86900 ns, At safepoint: 20500 ns, Total: 107400 ns
[8.718s][info ][safepoint      ] Safepoint "ICBufferFull", Time since last: 159901 ns, Reaching safepoint: 31100 ns, At safepoint: 23700 ns, Total: 54800 ns
[8.718s][info ][safepoint      ] Safepoint "ICBufferFull", Time since last: 54100 ns, Reaching safepoint: 88001 ns, At safepoint: 571502 ns, Total: 659503 ns
[8.719s][info ][safepoint      ] Safepoint "ICBufferFull", Time since last: 117001 ns, Reaching safepoint: 100100 ns, At safepoint: 23600 ns, Total: 123700 ns
[8.726s][info ][safepoint      ] Safepoint "ICBufferFull", Time since last: 6872329 ns, Reaching safepoint: 119501 ns, At safepoint: 18900 ns, Total: 138401 ns
[8.733s][info ][safepoint      ] Safepoint "ICBufferFull", Time since last: 7708733 ns, Reaching safepoint: 107500 ns, At safepoint: 18500 ns, Total: 126000 ns
[8.734s][info ][safepoint      ] Safepoint "ICBufferFull", Time since last: 94801 ns, Reaching safepoint: 104700 ns, At safepoint: 19900 ns, Total: 124600 ns
[8.735s][info ][safepoint      ] Safepoint "ICBufferFull", Time since last: 982104 ns, Reaching safepoint: 105501 ns, At safepoint: 22500 ns, Total: 128001 ns
[8.736s][info ][safepoint      ] Safepoint "ICBufferFull", Time since last: 1255005 ns, Reaching safepoint: 242201 ns, At safepoint: 23000 ns, Total: 265201 ns
[8.739s][info ][safepoint      ] Safepoint "ICBufferFull", Time since last: 2246410 ns, Reaching safepoint: 104500 ns, At safepoint: 20001 ns, Total: 124501 ns
[8.740s][info ][safepoint      ] Safepoint "ICBufferFull", Time since last: 1161204 ns, Reaching safepoint: 84601 ns, At safepoint: 15900 ns, Total: 100501 ns
[8.741s][info ][safepoint      ] Safepoint "ICBufferFull", Time since last: 1506506 ns, Reaching safepoint: 105801 ns, At safepoint: 19700 ns, Total: 125501 ns
[8.743s][info ][safepoint      ] Safepoint "ICBufferFull", Time since last: 1153805 ns, Reaching safepoint: 101500 ns, At safepoint: 17000 ns, Total: 118500 ns
[8.750s][info ][safepoint      ] Safepoint "ICBufferFull", Time since last: 7461632 ns, Reaching safepoint: 113600 ns, At safepoint: 15901 ns, Total: 129501 ns
[8.752s][info ][safepoint      ] Safepoint "ICBufferFull", Time since last: 1960308 ns, Reaching safepoint: 91500 ns, At safepoint: 9900 ns, Total: 101400 ns
[8.753s][info ][safepoint      ] Safepoint "ICBufferFull", Time since last: 59301 ns, Reaching safepoint: 84700 ns, At safepoint: 17900 ns, Total: 102600 ns
[8.753s][info ][safepoint      ] Safepoint "ICBufferFull", Time since last: 33800 ns, Reaching safepoint: 85901 ns, At safepoint: 16200 ns, Total: 102101 ns
[8.753s][info ][safepoint      ] Safepoint "ICBufferFull", Time since last: 127900 ns, Reaching safepoint: 61000 ns, At safepoint: 20700 ns, Total: 81700 ns
[8.754s][info ][safepoint      ] Safepoint "ICBufferFull", Time since last: 913304 ns, Reaching safepoint: 75801 ns, At safepoint: 17300 ns, Total: 93101 ns
[8.754s][info ][safepoint      ] Safepoint "ICBufferFull", Time since last: 163300 ns, Reaching safepoint: 92901 ns, At safepoint: 22900 ns, Total: 115801 ns
[8.757s][info ][safepoint      ] Safepoint "ICBufferFull", Time since last: 3155113 ns, Reaching safepoint: 53001 ns, At safepoint: 26700 ns, Total: 79701 ns
[8.759s][info ][safepoint      ] Safepoint "ICBufferFull", Time since last: 1182305 ns, Reaching safepoint: 101000 ns, At safepoint: 16900 ns, Total: 117900 ns
[8.766s][info ][safepoint      ] Safepoint "ICBufferFull", Time since last: 6710829 ns, Reaching safepoint: 108800 ns, At safepoint: 17000 ns, Total: 125800 ns
[8.766s][info ][safepoint      ] Safepoint "ICBufferFull", Time since last: 199201 ns, Reaching safepoint: 99201 ns, At safepoint: 14300 ns, Total: 113501 ns
[8.772s][info ][safepoint      ] Safepoint "ICBufferFull", Time since last: 6452027 ns, Reaching safepoint: 111801 ns, At safepoint: 15000 ns, Total: 126801 ns
[8.773s][info ][safepoint      ] Safepoint "ICBufferFull", Time since last: 902104 ns, Reaching safepoint: 101600 ns, At safepoint: 19300 ns, Total: 120900 ns
[8.775s][info ][safepoint      ] Safepoint "ICBufferFull", Time since last: 1011804 ns, Reaching safepoint: 94201 ns, At safepoint: 9700 ns, Total: 103901 ns
[8.775s][info ][safepoint      ] Safepoint "ICBufferFull", Time since last: 35400 ns, Reaching safepoint: 82800 ns, At safepoint: 15900 ns, Total: 98700 ns
[8.776s][info ][safepoint      ] Safepoint "ICBufferFull", Time since last: 883904 ns, Reaching safepoint: 100901 ns, At safepoint: 15700 ns, Total: 116601 ns
[8.781s][info ][safepoint      ] Safepoint "ICBufferFull", Time since last: 5530323 ns, Reaching safepoint: 100701 ns, At safepoint: 12100 ns, Total: 112801 ns
[8.782s][info ][safepoint      ] Safepoint "ICBufferFull", Time since last: 55800 ns, Reaching safepoint: 82100 ns, At safepoint: 18300 ns, Total: 100400 ns
[8.782s][info ][safepoint      ] Safepoint "ICBufferFull", Time since last: 46401 ns, Reaching safepoint: 80700 ns, At safepoint: 14200 ns, Total: 94900 ns
[8.783s][info ][safepoint      ] Safepoint "ICBufferFull", Time since last: 1025604 ns, Reaching safepoint: 92701 ns, At safepoint: 21900 ns, Total: 114601 ns
[8.783s][info ][safepoint      ] Safepoint "ICBufferFull", Time since last: 48000 ns, Reaching safepoint: 80600 ns, At safepoint: 21700 ns, Total: 102300 ns
[8.784s][info ][safepoint      ] Safepoint "ICBufferFull", Time since last: 756904 ns, Reaching safepoint: 91400 ns, At safepoint: 15100 ns, Total: 106500 ns
[8.784s][info ][safepoint      ] Safepoint "ICBufferFull", Time since last: 114301 ns, Reaching safepoint: 88600 ns, At safepoint: 17400 ns, Total: 106000 ns
[8.784s][info ][safepoint      ] Safepoint "ICBufferFull", Time since last: 115001 ns, Reaching safepoint: 96600 ns, At safepoint: 17900 ns, Total: 114500 ns
[8.785s][info ][safepoint      ] Safepoint "ICBufferFull", Time since last: 237501 ns, Reaching safepoint: 92800 ns, At safepoint: 27401 ns, Total: 120201 ns
[8.786s][info ][safepoint      ] Safepoint "ICBufferFull", Time since last: 764303 ns, Reaching safepoint: 98600 ns, At safepoint: 14600 ns, Total: 113200 ns
[8.787s][info ][safepoint      ] Safepoint "ICBufferFull", Time since last: 1575707 ns, Reaching safepoint: 99500 ns, At safepoint: 18100 ns, Total: 117600 ns
[8.787s][info ][safepoint      ] Safepoint "ICBufferFull", Time since last: 34001 ns, Reaching safepoint: 89600 ns, At safepoint: 18000 ns, Total: 107600 ns
[8.787s][info ][safepoint      ] Safepoint "ICBufferFull", Time since last: 40000 ns, Reaching safepoint: 78901 ns, At safepoint: 16000 ns, Total: 94901 ns
[8.788s][info ][safepoint      ] Safepoint "ICBufferFull", Time since last: 147600 ns, Reaching safepoint: 44400 ns, At safepoint: 23801 ns, Total: 68201 ns
[8.788s][info ][safepoint      ] Safepoint "ICBufferFull", Time since last: 654802 ns, Reaching safepoint: 85901 ns, At safepoint: 10900 ns, Total: 96801 ns
[8.789s][info ][safepoint      ] Safepoint "ICBufferFull", Time since last: 64700 ns, Reaching safepoint: 96900 ns, At safepoint: 17401 ns, Total: 114301 ns
[8.789s][info ][safepoint      ] Safepoint "ICBufferFull", Time since last: 49300 ns, Reaching safepoint: 95500 ns, At safepoint: 15900 ns, Total: 111400 ns
[8.789s][info ][safepoint      ] Safepoint "ICBufferFull", Time since last: 61000 ns, Reaching safepoint: 84701 ns, At safepoint: 23000 ns, Total: 107701 ns
[8.790s][info ][safepoint      ] Safepoint "ICBufferFull", Time since last: 797303 ns, Reaching safepoint: 95401 ns, At safepoint: 15500 ns, Total: 110901 ns
[8.790s][info ][safepoint      ] Safepoint "ICBufferFull", Time since last: 45500 ns, Reaching safepoint: 86200 ns, At safepoint: 18700 ns, Total: 104900 ns
[8.790s][info ][safepoint      ] Safepoint "ICBufferFull", Time since last: 46401 ns, Reaching safepoint: 105500 ns, At safepoint: 23500 ns, Total: 129000 ns
[8.790s][info ][safepoint      ] Safepoint "ICBufferFull", Time since last: 46400 ns, Reaching safepoint: 82701 ns, At safepoint: 23500 ns, Total: 106201 ns
[8.790s][info ][safepoint      ] Safepoint "ICBufferFull", Time since last: 32400 ns, Reaching safepoint: 90800 ns, At safepoint: 20800 ns, Total: 111600 ns
[8.791s][info ][safepoint      ] Safepoint "ICBufferFull", Time since last: 752304 ns, Reaching safepoint: 93000 ns, At safepoint: 10800 ns, Total: 103800 ns
[8.791s][info ][safepoint      ] Safepoint "ICBufferFull", Time since last: 53900 ns, Reaching safepoint: 83001 ns, At safepoint: 20200 ns, Total: 103201 ns
[8.792s][info ][safepoint      ] Safepoint "ICBufferFull", Time since last: 190701 ns, Reaching safepoint: 96800 ns, At safepoint: 15200 ns, Total: 112000 ns
[8.792s][info ][safepoint      ] Safepoint "ICBufferFull", Time since last: 50400 ns, Reaching safepoint: 99701 ns, At safepoint: 17900 ns, Total: 117601 ns
[8.792s][info ][safepoint      ] Safepoint "ICBufferFull", Time since last: 94900 ns, Reaching safepoint: 65800 ns, At safepoint: 24001 ns, Total: 89801 ns
[8.793s][info ][safepoint      ] Safepoint "ICBufferFull", Time since last: 734603 ns, Reaching safepoint: 95600 ns, At safepoint: 9100 ns, Total: 104700 ns
[8.793s][info ][safepoint      ] Safepoint "ICBufferFull", Time since last: 38500 ns, Reaching safepoint: 88401 ns, At safepoint: 16900 ns, Total: 105301 ns
[8.793s][info ][safepoint      ] Safepoint "ICBufferFull", Time since last: 65100 ns, Reaching safepoint: 84000 ns, At safepoint: 15400 ns, Total: 99400 ns
[8.794s][info ][safepoint      ] Safepoint "ICBufferFull", Time since last: 860504 ns, Reaching safepoint: 97801 ns, At safepoint: 19100 ns, Total: 116901 ns
[8.795s][info ][safepoint      ] Safepoint "ICBufferFull", Time since last: 155600 ns, Reaching safepoint: 84901 ns, At safepoint: 21700 ns, Total: 106601 ns
[8.795s][info ][safepoint      ] Safepoint "ICBufferFull", Time since last: 36000 ns, Reaching safepoint: 83900 ns, At safepoint: 24100 ns, Total: 108000 ns
[8.795s][info ][safepoint      ] Safepoint "ICBufferFull", Time since last: 37300 ns, Reaching safepoint: 82301 ns, At safepoint: 23700 ns, Total: 106001 ns
[8.795s][info ][safepoint      ] Safepoint "ICBufferFull", Time since last: 27500 ns, Reaching safepoint: 84100 ns, At safepoint: 20101 ns, Total: 104201 ns
[8.796s][info ][safepoint      ] Safepoint "ICBufferFull", Time since last: 887503 ns, Reaching safepoint: 63201 ns, At safepoint: 22200 ns, Total: 85401 ns
[8.797s][info ][safepoint      ] Safepoint "ICBufferFull", Time since last: 1313505 ns, Reaching safepoint: 87201 ns, At safepoint: 18800 ns, Total: 106001 ns
[8.798s][info ][safepoint      ] Safepoint "ICBufferFull", Time since last: 95500 ns, Reaching safepoint: 86400 ns, At safepoint: 14201 ns, Total: 100601 ns
[8.798s][info ][safepoint      ] Safepoint "ICBufferFull", Time since last: 57000 ns, Reaching safepoint: 84300 ns, At safepoint: 21900 ns, Total: 106200 ns
[8.798s][info ][safepoint      ] Safepoint "ICBufferFull", Time since last: 95301 ns, Reaching safepoint: 84900 ns, At safepoint: 19600 ns, Total: 104500 ns
[8.798s][info ][safepoint      ] Safepoint "ICBufferFull", Time since last: 39800 ns, Reaching safepoint: 85401 ns, At safepoint: 23000 ns, Total: 108401 ns
[8.799s][info ][safepoint      ] Safepoint "ICBufferFull", Time since last: 815603 ns, Reaching safepoint: 103501 ns, At safepoint: 9600 ns, Total: 113101 ns
[8.799s][info ][safepoint      ] Safepoint "ICBufferFull", Time since last: 39400 ns, Reaching safepoint: 82100 ns, At safepoint: 14800 ns, Total: 96900 ns
[8.800s][info ][safepoint      ] Safepoint "ICBufferFull", Time since last: 827504 ns, Reaching safepoint: 92200 ns, At safepoint: 11100 ns, Total: 103300 ns
[8.801s][info ][safepoint      ] Safepoint "ICBufferFull", Time since last: 791004 ns, Reaching safepoint: 101800 ns, At safepoint: 11300 ns, Total: 113100 ns
[8.801s][info ][safepoint      ] Safepoint "ICBufferFull", Time since last: 30300 ns, Reaching safepoint: 77701 ns, At safepoint: 10600 ns, Total: 88301 ns
[8.802s][info ][safepoint      ] Safepoint "ICBufferFull", Time since last: 1131804 ns, Reaching safepoint: 96301 ns, At safepoint: 11600 ns, Total: 107901 ns
[8.802s][info ][safepoint      ] Safepoint "ICBufferFull", Time since last: 33300 ns, Reaching safepoint: 82700 ns, At safepoint: 17800 ns, Total: 100500 ns
[8.805s][info ][safepoint      ] Safepoint "ICBufferFull", Time since last: 2777912 ns, Reaching safepoint: 104601 ns, At safepoint: 14400 ns, Total: 119001 ns
[8.806s][info ][safepoint      ] Safepoint "ICBufferFull", Time since last: 876003 ns, Reaching safepoint: 97901 ns, At safepoint: 9300 ns, Total: 107201 ns
[8.806s][info ][safepoint      ] Safepoint "ICBufferFull", Time since last: 40700 ns, Reaching safepoint: 82200 ns, At safepoint: 14801 ns, Total: 97001 ns
[8.807s][info ][safepoint      ] Safepoint "ICBufferFull", Time since last: 716203 ns, Reaching safepoint: 72700 ns, At safepoint: 12000 ns, Total: 84700 ns
[8.807s][info ][safepoint      ] Safepoint "ICBufferFull", Time since last: 48000 ns, Reaching safepoint: 93601 ns, At safepoint: 10900 ns, Total: 104501 ns
[8.809s][info ][safepoint      ] Safepoint "ICBufferFull", Time since last: 990404 ns, Reaching safepoint: 102900 ns, At safepoint: 15700 ns, Total: 118600 ns
[8.810s][info ][safepoint      ] Safepoint "ICBufferFull", Time since last: 894104 ns, Reaching safepoint: 107101 ns, At safepoint: 11700 ns, Total: 118801 ns
[8.810s][info ][safepoint      ] Safepoint "ICBufferFull", Time since last: 53800 ns, Reaching safepoint: 83100 ns, At safepoint: 10400 ns, Total: 93500 ns
[8.811s][info ][safepoint      ] Safepoint "ICBufferFull", Time since last: 988404 ns, Reaching safepoint: 77001 ns, At safepoint: 11300 ns, Total: 88301 ns
[8.811s][info ][safepoint      ] Safepoint "ICBufferFull", Time since last: 35800 ns, Reaching safepoint: 91900 ns, At safepoint: 17000 ns, Total: 108900 ns
[8.812s][info ][safepoint      ] Safepoint "ICBufferFull", Time since last: 1032505 ns, Reaching safepoint: 112400 ns, At safepoint: 14800 ns, Total: 127200 ns
[8.812s][info ][safepoint      ] Safepoint "ICBufferFull", Time since last: 41501 ns, Reaching safepoint: 95900 ns, At safepoint: 14000 ns, Total: 109900 ns
[8.813s][info ][safepoint      ] Safepoint "ICBufferFull", Time since last: 862604 ns, Reaching safepoint: 115800 ns, At safepoint: 16800 ns, Total: 132600 ns
[8.814s][info ][safepoint      ] Safepoint "ICBufferFull", Time since last: 1115605 ns, Reaching safepoint: 100700 ns, At safepoint: 14800 ns, Total: 115500 ns
[8.816s][info ][safepoint      ] Safepoint "ICBufferFull", Time since last: 996005 ns, Reaching safepoint: 84200 ns, At safepoint: 14500 ns, Total: 98700 ns
[8.817s][info ][safepoint      ] Safepoint "ICBufferFull", Time since last: 1144105 ns, Reaching safepoint: 99700 ns, At safepoint: 10400 ns, Total: 110100 ns
[8.819s][info ][safepoint      ] Safepoint "ICBufferFull", Time since last: 2086009 ns, Reaching safepoint: 113101 ns, At safepoint: 16100 ns, Total: 129201 ns
[8.819s][info ][safepoint      ] Safepoint "ICBufferFull", Time since last: 36700 ns, Reaching safepoint: 105201 ns, At safepoint: 13700 ns, Total: 118901 ns
[8.820s][info ][safepoint      ] Safepoint "ICBufferFull", Time since last: 878503 ns, Reaching safepoint: 104301 ns, At safepoint: 11200 ns, Total: 115501 ns
[8.820s][info ][safepoint      ] Safepoint "ICBufferFull", Time since last: 42900 ns, Reaching safepoint: 98100 ns, At safepoint: 15000 ns, Total: 113100 ns
[8.822s][info ][safepoint      ] Safepoint "ICBufferFull", Time since last: 1109105 ns, Reaching safepoint: 102701 ns, At safepoint: 9400 ns, Total: 112101 ns
[8.822s][info ][safepoint      ] Safepoint "ICBufferFull", Time since last: 815803 ns, Reaching safepoint: 84901 ns, At safepoint: 11700 ns, Total: 96601 ns
[8.823s][info ][safepoint      ] Safepoint "ICBufferFull", Time since last: 719803 ns, Reaching safepoint: 94600 ns, At safepoint: 10100 ns, Total: 104700 ns
[8.824s][info ][safepoint      ] Safepoint "ICBufferFull", Time since last: 791103 ns, Reaching safepoint: 93401 ns, At safepoint: 9000 ns, Total: 102401 ns
[8.825s][info ][safepoint      ] Safepoint "ICBufferFull", Time since last: 844603 ns, Reaching safepoint: 60701 ns, At safepoint: 10900 ns, Total: 71601 ns
[8.827s][info ][safepoint      ] Safepoint "ICBufferFull", Time since last: 1314105 ns, Reaching safepoint: 101401 ns, At safepoint: 10100 ns, Total: 111501 ns
[8.827s][info ][safepoint      ] Safepoint "ICBufferFull", Time since last: 161001 ns, Reaching safepoint: 84800 ns, At safepoint: 18500 ns, Total: 103300 ns
[8.827s][info ][safepoint      ] Safepoint "ICBufferFull", Time since last: 50900 ns, Reaching safepoint: 83701 ns, At safepoint: 17400 ns, Total: 101101 ns
[8.827s][info ][safepoint      ] Safepoint "ICBufferFull", Time since last: 34200 ns, Reaching safepoint: 90300 ns, At safepoint: 18400 ns, Total: 108700 ns
[8.827s][info ][safepoint      ] Safepoint "ICBufferFull", Time since last: 181601 ns, Reaching safepoint: 88500 ns, At safepoint: 12900 ns, Total: 101400 ns
[8.829s][info ][safepoint      ] Safepoint "ICBufferFull", Time since last: 1131305 ns, Reaching safepoint: 91301 ns, At safepoint: 14800 ns, Total: 106101 ns
[8.829s][info ][safepoint      ] Safepoint "ICBufferFull", Time since last: 33600 ns, Reaching safepoint: 86000 ns, At safepoint: 12700 ns, Total: 98700 ns
[8.830s][info ][safepoint      ] Safepoint "ICBufferFull", Time since last: 1282406 ns, Reaching safepoint: 99600 ns, At safepoint: 13600 ns, Total: 113200 ns
[8.831s][info ][safepoint      ] Safepoint "ICBufferFull", Time since last: 1075005 ns, Reaching safepoint: 94500 ns, At safepoint: 9800 ns, Total: 104300 ns
[8.832s][info ][safepoint      ] Safepoint "ICBufferFull", Time since last: 1003204 ns, Reaching safepoint: 95001 ns, At safepoint: 8500 ns, Total: 103501 ns
[8.835s][info ][safepoint      ] Safepoint "ICBufferFull", Time since last: 2378810 ns, Reaching safepoint: 97400 ns, At safepoint: 9801 ns, Total: 107201 ns
[8.836s][info ][safepoint      ] Safepoint "ICBufferFull", Time since last: 1042804 ns, Reaching safepoint: 95600 ns, At safepoint: 9800 ns, Total: 105400 ns
[8.841s][info ][safepoint      ] Safepoint "ICBufferFull", Time since last: 5040222 ns, Reaching safepoint: 89800 ns, At safepoint: 17300 ns, Total: 107100 ns
[8.845s][info ][safepoint      ] Safepoint "ICBufferFull", Time since last: 4051418 ns, Reaching safepoint: 88900 ns, At safepoint: 22000 ns, Total: 110900 ns
[8.846s][info ][safepoint      ] Safepoint "ICBufferFull", Time since last: 94600 ns, Reaching safepoint: 85601 ns, At safepoint: 17700 ns, Total: 103301 ns
[8.846s][info ][safepoint      ] Safepoint "ICBufferFull", Time since last: 51900 ns, Reaching safepoint: 86600 ns, At safepoint: 19801 ns, Total: 106401 ns
[8.846s][info ][safepoint      ] Safepoint "ICBufferFull", Time since last: 65700 ns, Reaching safepoint: 95700 ns, At safepoint: 22500 ns, Total: 118200 ns
[8.849s][info ][safepoint      ] Safepoint "ICBufferFull", Time since last: 3326515 ns, Reaching safepoint: 74000 ns, At safepoint: 21900 ns, Total: 95900 ns
[8.850s][info ][safepoint      ] Safepoint "ICBufferFull", Time since last: 51300 ns, Reaching safepoint: 159301 ns, At safepoint: 18900 ns, Total: 178201 ns
[8.850s][info ][safepoint      ] Safepoint "ICBufferFull", Time since last: 45700 ns, Reaching safepoint: 93901 ns, At safepoint: 15100 ns, Total: 109001 ns
[8.850s][info ][safepoint      ] Safepoint "ICBufferFull", Time since last: 30400 ns, Reaching safepoint: 80200 ns, At safepoint: 20900 ns, Total: 101100 ns
[8.851s][info ][safepoint      ] Safepoint "ICBufferFull", Time since last: 963404 ns, Reaching safepoint: 94601 ns, At safepoint: 9000 ns, Total: 103601 ns
[8.870s][info ][safepoint      ] Safepoint "ICBufferFull", Time since last: 18528979 ns, Reaching safepoint: 106500 ns, At safepoint: 13100 ns, Total: 119600 ns
[8.870s][info ][safepoint      ] Safepoint "ICBufferFull", Time since last: 62500 ns, Reaching safepoint: 84801 ns, At safepoint: 15800 ns, Total: 100601 ns
[8.884s][info ][safepoint      ] Safepoint "ICBufferFull", Time since last: 14227760 ns, Reaching safepoint: 107401 ns, At safepoint: 10500 ns, Total: 117901 ns
[8.884s][info ][safepoint      ] Safepoint "ICBufferFull", Time since last: 84300 ns, Reaching safepoint: 81201 ns, At safepoint: 22600 ns, Total: 103801 ns
[8.884s][info ][safepoint      ] Safepoint "ICBufferFull", Time since last: 44600 ns, Reaching safepoint: 90200 ns, At safepoint: 17200 ns, Total: 107400 ns
[8.885s][info ][safepoint      ] Safepoint "ICBufferFull", Time since last: 57001 ns, Reaching safepoint: 92200 ns, At safepoint: 17000 ns, Total: 109200 ns
[8.885s][info ][safepoint      ] Safepoint "ICBufferFull", Time since last: 319601 ns, Reaching safepoint: 102401 ns, At safepoint: 20300 ns, Total: 122701 ns
[8.885s][info ][safepoint      ] Safepoint "ICBufferFull", Time since last: 45700 ns, Reaching safepoint: 91300 ns, At safepoint: 17701 ns, Total: 109001 ns
[8.886s][info ][safepoint      ] Safepoint "ICBufferFull", Time since last: 699303 ns, Reaching safepoint: 87400 ns, At safepoint: 11200 ns, Total: 98600 ns
[8.886s][info ][safepoint      ] Safepoint "ICBufferFull", Time since last: 42600 ns, Reaching safepoint: 84901 ns, At safepoint: 22000 ns, Total: 106901 ns
[8.886s][info ][safepoint      ] Safepoint "ICBufferFull", Time since last: 48000 ns, Reaching safepoint: 93200 ns, At safepoint: 17200 ns, Total: 110400 ns
[8.886s][info ][safepoint      ] Safepoint "ICBufferFull", Time since last: 48700 ns, Reaching safepoint: 85801 ns, At safepoint: 13600 ns, Total: 99401 ns
[8.887s][info ][safepoint      ] Safepoint "ICBufferFull", Time since last: 81100 ns, Reaching safepoint: 85601 ns, At safepoint: 15200 ns, Total: 100801 ns
[8.887s][info ][safepoint      ] Safepoint "ICBufferFull", Time since last: 80600 ns, Reaching safepoint: 88000 ns, At safepoint: 22600 ns, Total: 110600 ns
[8.888s][info ][safepoint      ] Safepoint "ICBufferFull", Time since last: 909804 ns, Reaching safepoint: 228201 ns, At safepoint: 24200 ns, Total: 252401 ns
[8.916s][info ][safepoint      ] Safepoint "ICBufferFull", Time since last: 28085620 ns, Reaching safepoint: 118401 ns, At safepoint: 13000 ns, Total: 131401 ns
[8.933s][info ][safepoint      ] Safepoint "ICBufferFull", Time since last: 16452170 ns, Reaching safepoint: 41100 ns, At safepoint: 15700 ns, Total: 56800 ns
[8.933s][info ][safepoint      ] Safepoint "ICBufferFull", Time since last: 78800 ns, Reaching safepoint: 95601 ns, At safepoint: 25100 ns, Total: 120701 ns
[8.933s][info ][safepoint      ] Safepoint "ICBufferFull", Time since last: 59000 ns, Reaching safepoint: 92700 ns, At safepoint: 23401 ns, Total: 116101 ns
[8.933s][info ][safepoint      ] Safepoint "ICBufferFull", Time since last: 71600 ns, Reaching safepoint: 82100 ns, At safepoint: 26600 ns, Total: 108700 ns
[8.934s][info ][safepoint      ] Safepoint "ICBufferFull", Time since last: 343302 ns, Reaching safepoint: 95400 ns, At safepoint: 19800 ns, Total: 115200 ns
[8.934s][info ][safepoint      ] Safepoint "ICBufferFull", Time since last: 48000 ns, Reaching safepoint: 94101 ns, At safepoint: 25300 ns, Total: 119401 ns
[8.935s][info ][safepoint      ] Safepoint "ICBufferFull", Time since last: 864304 ns, Reaching safepoint: 99700 ns, At safepoint: 14300 ns, Total: 114000 ns
[8.935s][info ][safepoint      ] Safepoint "ICBufferFull", Time since last: 57000 ns, Reaching safepoint: 84601 ns, At safepoint: 27400 ns, Total: 112001 ns
[8.935s][info ][safepoint      ] Safepoint "ICBufferFull", Time since last: 114400 ns, Reaching safepoint: 86901 ns, At safepoint: 24900 ns, Total: 111801 ns
[8.935s][info ][safepoint      ] Safepoint "ICBufferFull", Time since last: 86700 ns, Reaching safepoint: 83501 ns, At safepoint: 22900 ns, Total: 106401 ns
[8.937s][info ][safepoint      ] Safepoint "ICBufferFull", Time since last: 1410606 ns, Reaching safepoint: 105700 ns, At safepoint: 20800 ns, Total: 126500 ns
[8.942s][info ][safepoint      ] Safepoint "ICBufferFull", Time since last: 4971021 ns, Reaching safepoint: 101901 ns, At safepoint: 20700 ns, Total: 122601 ns
[8.942s][info ][safepoint      ] Safepoint "ICBufferFull", Time since last: 58000 ns, Reaching safepoint: 85700 ns, At safepoint: 22301 ns, Total: 108001 ns
[8.942s][info ][safepoint      ] Safepoint "ICBufferFull", Time since last: 57500 ns, Reaching safepoint: 89300 ns, At safepoint: 28100 ns, Total: 117400 ns
[8.943s][info ][safepoint      ] Safepoint "ICBufferFull", Time since last: 46400 ns, Reaching safepoint: 87401 ns, At safepoint: 22000 ns, Total: 109401 ns
[8.944s][info ][safepoint      ] Safepoint "ICBufferFull", Time since last: 1037804 ns, Reaching safepoint: 64501 ns, At safepoint: 26900 ns, Total: 91401 ns
[8.945s][info ][safepoint      ] Safepoint "ICBufferFull", Time since last: 1533706 ns, Reaching safepoint: 100701 ns, At safepoint: 26300 ns, Total: 127001 ns
[8.947s][info ][safepoint      ] Safepoint "ICBufferFull", Time since last: 1064904 ns, Reaching safepoint: 353602 ns, At safepoint: 31500 ns, Total: 385102 ns
[8.948s][info ][safepoint      ] Safepoint "ICBufferFull", Time since last: 1248905 ns, Reaching safepoint: 101801 ns, At safepoint: 23400 ns, Total: 125201 ns
[8.948s][info ][safepoint      ] Safepoint "ICBufferFull", Time since last: 99000 ns, Reaching safepoint: 88901 ns, At safepoint: 23600 ns, Total: 112501 ns
[8.949s][info ][safepoint      ] Safepoint "ICBufferFull", Time since last: 41200 ns, Reaching safepoint: 88700 ns, At safepoint: 20400 ns, Total: 109100 ns
[8.950s][info ][safepoint      ] Safepoint "ICBufferFull", Time since last: 1100405 ns, Reaching safepoint: 104901 ns, At safepoint: 23200 ns, Total: 128101 ns
[8.952s][info ][safepoint      ] Safepoint "ICBufferFull", Time since last: 1659507 ns, Reaching safepoint: 166400 ns, At safepoint: 23701 ns, Total: 190101 ns
[8.953s][info ][safepoint      ] Safepoint "ICBufferFull", Time since last: 1629406 ns, Reaching safepoint: 225901 ns, At safepoint: 17600 ns, Total: 243501 ns
[8.954s][info ][safepoint      ] Safepoint "ICBufferFull", Time since last: 42901 ns, Reaching safepoint: 83800 ns, At safepoint: 28600 ns, Total: 112400 ns
[8.955s][info ][safepoint      ] Safepoint "ICBufferFull", Time since last: 1136405 ns, Reaching safepoint: 88800 ns, At safepoint: 19300 ns, Total: 108100 ns
[8.955s][info ][safepoint      ] Safepoint "ICBufferFull", Time since last: 75401 ns, Reaching safepoint: 102600 ns, At safepoint: 22200 ns, Total: 124800 ns
[8.956s][info ][safepoint      ] Safepoint "ICBufferFull", Time since last: 1175205 ns, Reaching safepoint: 100801 ns, At safepoint: 17900 ns, Total: 118701 ns
[8.957s][info ][safepoint      ] Safepoint "ICBufferFull", Time since last: 88500 ns, Reaching safepoint: 94301 ns, At safepoint: 22700 ns, Total: 117001 ns
[8.958s][info ][safepoint      ] Safepoint "ICBufferFull", Time since last: 946004 ns, Reaching safepoint: 97200 ns, At safepoint: 25500 ns, Total: 122700 ns
[8.959s][info ][safepoint      ] Safepoint "ICBufferFull", Time since last: 1168605 ns, Reaching safepoint: 109501 ns, At safepoint: 20600 ns, Total: 130101 ns
[8.960s][info ][safepoint      ] Safepoint "ICBufferFull", Time since last: 1197505 ns, Reaching safepoint: 108900 ns, At safepoint: 19300 ns, Total: 128200 ns
[8.961s][info ][safepoint      ] Safepoint "ICBufferFull", Time since last: 981005 ns, Reaching safepoint: 100900 ns, At safepoint: 23900 ns, Total: 124800 ns
[8.968s][info ][safepoint      ] Safepoint "ICBufferFull", Time since last: 1874208 ns, Reaching safepoint: 4250518 ns, At safepoint: 25400 ns, Total: 4275918 ns
[8.969s][info ][safepoint      ] Safepoint "ICBufferFull", Time since last: 1730908 ns, Reaching safepoint: 95200 ns, At safepoint: 23200 ns, Total: 118400 ns
[8.970s][info ][safepoint      ] Safepoint "ICBufferFull", Time since last: 64700 ns, Reaching safepoint: 85501 ns, At safepoint: 22200 ns, Total: 107701 ns
[8.970s][info ][safepoint      ] Safepoint "ICBufferFull", Time since last: 60500 ns, Reaching safepoint: 85701 ns, At safepoint: 23200 ns, Total: 108901 ns
[8.970s][info ][safepoint      ] Safepoint "ICBufferFull", Time since last: 222901 ns, Reaching safepoint: 100300 ns, At safepoint: 20000 ns, Total: 120300 ns
[8.970s][info ][safepoint      ] Safepoint "ICBufferFull", Time since last: 85300 ns, Reaching safepoint: 101401 ns, At safepoint: 22900 ns, Total: 124301 ns
[8.970s][info ][safepoint      ] Safepoint "ICBufferFull", Time since last: 32600 ns, Reaching safepoint: 98301 ns, At safepoint: 23500 ns, Total: 121801 ns
[8.972s][info ][safepoint      ] Safepoint "ICBufferFull", Time since last: 985704 ns, Reaching safepoint: 105800 ns, At safepoint: 20200 ns, Total: 126000 ns
[8.972s][info ][safepoint      ] Safepoint "ICBufferFull", Time since last: 41101 ns, Reaching safepoint: 93700 ns, At safepoint: 23200 ns, Total: 116900 ns
[8.972s][info ][safepoint      ] Safepoint "ICBufferFull", Time since last: 34700 ns, Reaching safepoint: 84201 ns, At safepoint: 19500 ns, Total: 103701 ns
[8.974s][info ][safepoint      ] Safepoint "ICBufferFull", Time since last: 2279209 ns, Reaching safepoint: 247601 ns, At safepoint: 20801 ns, Total: 268402 ns
[8.976s][info ][safepoint      ] Safepoint "ICBufferFull", Time since last: 1044004 ns, Reaching safepoint: 98300 ns, At safepoint: 24800 ns, Total: 123100 ns
[8.976s][info ][safepoint      ] Safepoint "ICBufferFull", Time since last: 48801 ns, Reaching safepoint: 84000 ns, At safepoint: 24400 ns, Total: 108400 ns
[8.976s][info ][safepoint      ] Safepoint "ICBufferFull", Time since last: 58700 ns, Reaching safepoint: 96801 ns, At safepoint: 21100 ns, Total: 117901 ns
[8.976s][info ][safepoint      ] Safepoint "ICBufferFull", Time since last: 161801 ns, Reaching safepoint: 101200 ns, At safepoint: 24700 ns, Total: 125900 ns
[8.976s][info ][safepoint      ] Safepoint "ICBufferFull", Time since last: 126301 ns, Reaching safepoint: 92800 ns, At safepoint: 21800 ns, Total: 114600 ns
[8.980s][info ][safepoint      ] Safepoint "ICBufferFull", Time since last: 3326214 ns, Reaching safepoint: 106801 ns, At safepoint: 27800 ns, Total: 134601 ns
[8.981s][info ][safepoint      ] Safepoint "ICBufferFull", Time since last: 910504 ns, Reaching safepoint: 107100 ns, At safepoint: 25400 ns, Total: 132500 ns
[8.984s][info ][safepoint      ] Safepoint "ICBufferFull", Time since last: 3261414 ns, Reaching safepoint: 102101 ns, At safepoint: 10000 ns, Total: 112101 ns
[8.984s][info ][safepoint      ] Safepoint "ICBufferFull", Time since last: 77600 ns, Reaching safepoint: 90400 ns, At safepoint: 10500 ns, Total: 100900 ns
[8.985s][info ][safepoint      ] Safepoint "ICBufferFull", Time since last: 219301 ns, Reaching safepoint: 89201 ns, At safepoint: 19300 ns, Total: 108501 ns
[8.985s][info ][safepoint      ] Safepoint "ICBufferFull", Time since last: 77700 ns, Reaching safepoint: 84401 ns, At safepoint: 16000 ns, Total: 100401 ns
[8.985s][info ][safepoint      ] Safepoint "ICBufferFull", Time since last: 129900 ns, Reaching safepoint: 109701 ns, At safepoint: 20100 ns, Total: 129801 ns
[8.985s][info ][safepoint      ] Safepoint "ICBufferFull", Time since last: 147000 ns, Reaching safepoint: 95901 ns, At safepoint: 21600 ns, Total: 117501 ns
[8.987s][info ][safepoint      ] Safepoint "ICBufferFull", Time since last: 1002704 ns, Reaching safepoint: 97101 ns, At safepoint: 18800 ns, Total: 115901 ns
[8.987s][info ][safepoint      ] Safepoint "ICBufferFull", Time since last: 188300 ns, Reaching safepoint: 99501 ns, At safepoint: 18800 ns, Total: 118301 ns
[8.989s][info ][safepoint      ] Safepoint "ICBufferFull", Time since last: 1955508 ns, Reaching safepoint: 107401 ns, At safepoint: 25600 ns, Total: 133001 ns
[8.989s][info ][safepoint      ] Safepoint "ICBufferFull", Time since last: 56000 ns, Reaching safepoint: 222801 ns, At safepoint: 25400 ns, Total: 248201 ns
[8.991s][info ][safepoint      ] Safepoint "ICBufferFull", Time since last: 1428606 ns, Reaching safepoint: 96401 ns, At safepoint: 24500 ns, Total: 120901 ns
[8.991s][info ][safepoint      ] Safepoint "ICBufferFull", Time since last: 94400 ns, Reaching safepoint: 85000 ns, At safepoint: 23401 ns, Total: 108401 ns
[8.992s][info ][safepoint      ] Safepoint "ICBufferFull", Time since last: 1115604 ns, Reaching safepoint: 106601 ns, At safepoint: 24300 ns, Total: 130901 ns
[8.993s][info ][safepoint      ] Safepoint "ICBufferFull", Time since last: 490902 ns, Reaching safepoint: 110800 ns, At safepoint: 26301 ns, Total: 137101 ns
[8.995s][info ][safepoint      ] Safepoint "ICBufferFull", Time since last: 1528206 ns, Reaching safepoint: 110701 ns, At safepoint: 19000 ns, Total: 129701 ns
[8.995s][info ][safepoint      ] Safepoint "ICBufferFull", Time since last: 44500 ns, Reaching safepoint: 431302 ns, At safepoint: 24600 ns, Total: 455902 ns
[8.996s][info ][safepoint      ] Safepoint "ICBufferFull", Time since last: 890104 ns, Reaching safepoint: 64700 ns, At safepoint: 17900 ns, Total: 82600 ns
[8.996s][info ][safepoint      ] Safepoint "ICBufferFull", Time since last: 39900 ns, Reaching safepoint: 84700 ns, At safepoint: 19400 ns, Total: 104100 ns
[8.999s][info ][safepoint      ] Safepoint "ICBufferFull", Time since last: 2672312 ns, Reaching safepoint: 66600 ns, At safepoint: 24500 ns, Total: 91100 ns
[8.999s][info ][safepoint      ] Safepoint "ICBufferFull", Time since last: 128301 ns, Reaching safepoint: 95200 ns, At safepoint: 23600 ns, Total: 118800 ns
[9.000s][info ][safepoint      ] Safepoint "ICBufferFull", Time since last: 1027305 ns, Reaching safepoint: 96200 ns, At safepoint: 22100 ns, Total: 118300 ns
[9.001s][info ][safepoint      ] Safepoint "ICBufferFull", Time since last: 203301 ns, Reaching safepoint: 92200 ns, At safepoint: 22101 ns, Total: 114301 ns
[9.003s][info ][safepoint      ] Safepoint "ICBufferFull", Time since last: 2208209 ns, Reaching safepoint: 103500 ns, At safepoint: 17100 ns, Total: 120600 ns
[9.003s][info ][safepoint      ] Safepoint "ICBufferFull", Time since last: 162601 ns, Reaching safepoint: 86301 ns, At safepoint: 22100 ns, Total: 108401 ns
[9.004s][info ][safepoint      ] Safepoint "ICBufferFull", Time since last: 146600 ns, Reaching safepoint: 95001 ns, At safepoint: 21700 ns, Total: 116701 ns
[9.004s][info ][safepoint      ] Safepoint "ICBufferFull", Time since last: 126500 ns, Reaching safepoint: 95601 ns, At safepoint: 21600 ns, Total: 117201 ns
[9.005s][info ][safepoint      ] Safepoint "ICBufferFull", Time since last: 1277305 ns, Reaching safepoint: 112801 ns, At safepoint: 19300 ns, Total: 132101 ns
[9.007s][info ][safepoint      ] Safepoint "ICBufferFull", Time since last: 1355906 ns, Reaching safepoint: 86000 ns, At safepoint: 21200 ns, Total: 107200 ns
[9.008s][info ][safepoint      ] Safepoint "ICBufferFull", Time since last: 1005904 ns, Reaching safepoint: 54301 ns, At safepoint: 20000 ns, Total: 74301 ns
[9.008s][info ][safepoint      ] Safepoint "ICBufferFull", Time since last: 119000 ns, Reaching safepoint: 95701 ns, At safepoint: 22900 ns, Total: 118601 ns
[9.009s][info ][safepoint      ] Safepoint "ICBufferFull", Time since last: 1055304 ns, Reaching safepoint: 100401 ns, At safepoint: 18100 ns, Total: 118501 ns
[9.011s][info ][safepoint      ] Safepoint "ICBufferFull", Time since last: 1584806 ns, Reaching safepoint: 102001 ns, At safepoint: 21300 ns, Total: 123301 ns
[9.013s][info ][safepoint      ] Safepoint "ICBufferFull", Time since last: 1683807 ns, Reaching safepoint: 724303 ns, At safepoint: 23400 ns, Total: 747703 ns
[9.014s][info ][safepoint      ] Safepoint "ICBufferFull", Time since last: 954404 ns, Reaching safepoint: 101501 ns, At safepoint: 23200 ns, Total: 124701 ns
[9.015s][info ][safepoint      ] Safepoint "ICBufferFull", Time since last: 60500 ns, Reaching safepoint: 103801 ns, At safepoint: 18700 ns, Total: 122501 ns
[9.018s][info ][safepoint      ] Safepoint "ICBufferFull", Time since last: 2955012 ns, Reaching safepoint: 110001 ns, At safepoint: 20800 ns, Total: 130801 ns
[9.018s][info ][safepoint      ] Safepoint "ICBufferFull", Time since last: 46200 ns, Reaching safepoint: 91500 ns, At safepoint: 18700 ns, Total: 110200 ns
[9.020s][info ][safepoint      ] Safepoint "ICBufferFull", Time since last: 1609007 ns, Reaching safepoint: 104101 ns, At safepoint: 21300 ns, Total: 125401 ns
[9.025s][info ][safepoint      ] Safepoint "ICBufferFull", Time since last: 5697224 ns, Reaching safepoint: 94400 ns, At safepoint: 17601 ns, Total: 112001 ns
[9.028s][info ][safepoint      ] Safepoint "ICBufferFull", Time since last: 2263309 ns, Reaching safepoint: 105901 ns, At safepoint: 21500 ns, Total: 127401 ns
[9.029s][info ][safepoint      ] Safepoint "ICBufferFull", Time since last: 989204 ns, Reaching safepoint: 90600 ns, At safepoint: 23700 ns, Total: 114300 ns
[9.029s][info ][safepoint      ] Safepoint "ICBufferFull", Time since last: 115501 ns, Reaching safepoint: 88400 ns, At safepoint: 20200 ns, Total: 108600 ns
[9.030s][info ][safepoint      ] Safepoint "ICBufferFull", Time since last: 1032805 ns, Reaching safepoint: 92100 ns, At safepoint: 23700 ns, Total: 115800 ns
[9.033s][info ][safepoint      ] Safepoint "ICBufferFull", Time since last: 2631111 ns, Reaching safepoint: 104701 ns, At safepoint: 21700 ns, Total: 126401 ns
[9.034s][info ][safepoint      ] Safepoint "ICBufferFull", Time since last: 1199005 ns, Reaching safepoint: 97901 ns, At safepoint: 22000 ns, Total: 119901 ns
[9.034s][info ][safepoint      ] Safepoint "ICBufferFull", Time since last: 41800 ns, Reaching safepoint: 93300 ns, At safepoint: 22900 ns, Total: 116200 ns
[9.036s][info ][safepoint      ] Safepoint "ICBufferFull", Time since last: 982404 ns, Reaching safepoint: 106601 ns, At safepoint: 16900 ns, Total: 123501 ns
[9.037s][info ][safepoint      ] Safepoint "ICBufferFull", Time since last: 919204 ns, Reaching safepoint: 108600 ns, At safepoint: 26201 ns, Total: 134801 ns
[9.039s][info ][safepoint      ] Safepoint "ICBufferFull", Time since last: 1914408 ns, Reaching safepoint: 99400 ns, At safepoint: 21500 ns, Total: 120900 ns
[9.039s][info ][safepoint      ] Safepoint "ICBufferFull", Time since last: 55300 ns, Reaching safepoint: 84501 ns, At safepoint: 22300 ns, Total: 106801 ns
[9.039s][info ][safepoint      ] Safepoint "ICBufferFull", Time since last: 61900 ns, Reaching safepoint: 85400 ns, At safepoint: 22901 ns, Total: 108301 ns
[9.039s][info ][safepoint      ] Safepoint "ICBufferFull", Time since last: 57800 ns, Reaching safepoint: 94200 ns, At safepoint: 17600 ns, Total: 111800 ns
[9.039s][info ][safepoint      ] Safepoint "ICBufferFull", Time since last: 84301 ns, Reaching safepoint: 84000 ns, At safepoint: 23300 ns, Total: 107300 ns
[9.040s][info ][safepoint      ] Safepoint "ICBufferFull", Time since last: 33600 ns, Reaching safepoint: 1008005 ns, At safepoint: 25200 ns, Total: 1033205 ns
[9.042s][info ][safepoint      ] Safepoint "ICBufferFull", Time since last: 1194105 ns, Reaching safepoint: 108700 ns, At safepoint: 16400 ns, Total: 125100 ns
[9.045s][info ][safepoint      ] Safepoint "ICBufferFull", Time since last: 3545915 ns, Reaching safepoint: 107701 ns, At safepoint: 22200 ns, Total: 129901 ns
[9.046s][info ][safepoint      ] Safepoint "ICBufferFull", Time since last: 58000 ns, Reaching safepoint: 89401 ns, At safepoint: 22700 ns, Total: 112101 ns
[9.046s][info ][safepoint      ] Safepoint "ICBufferFull", Time since last: 31100 ns, Reaching safepoint: 93700 ns, At safepoint: 24600 ns, Total: 118300 ns
[9.047s][info ][safepoint      ] Safepoint "ICBufferFull", Time since last: 864604 ns, Reaching safepoint: 102600 ns, At safepoint: 23901 ns, Total: 126501 ns
[9.048s][info ][safepoint      ] Safepoint "ICBufferFull", Time since last: 1022104 ns, Reaching safepoint: 105700 ns, At safepoint: 25000 ns, Total: 130700 ns
[9.048s][info ][safepoint      ] Safepoint "ICBufferFull", Time since last: 174601 ns, Reaching safepoint: 88701 ns, At safepoint: 24800 ns, Total: 113501 ns
[9.050s][info ][safepoint      ] Safepoint "ICBufferFull", Time since last: 1864408 ns, Reaching safepoint: 107700 ns, At safepoint: 24700 ns, Total: 132400 ns
[9.052s][info ][safepoint      ] Safepoint "ICBufferFull", Time since last: 1751408 ns, Reaching safepoint: 106100 ns, At safepoint: 24800 ns, Total: 130900 ns
[9.052s][info ][safepoint      ] Safepoint "ICBufferFull", Time since last: 58200 ns, Reaching safepoint: 86701 ns, At safepoint: 26700 ns, Total: 113401 ns
[9.058s][info ][safepoint      ] Safepoint "ICBufferFull", Time since last: 2454110 ns, Reaching safepoint: 3150614 ns, At safepoint: 24600 ns, Total: 3175214 ns
[9.058s][info ][safepoint      ] Safepoint "ICBufferFull", Time since last: 51400 ns, Reaching safepoint: 103901 ns, At safepoint: 25800 ns, Total: 129701 ns
[9.059s][info ][safepoint      ] Safepoint "ICBufferFull", Time since last: 1121704 ns, Reaching safepoint: 105601 ns, At safepoint: 18200 ns, Total: 123801 ns
[9.061s][info ][safepoint      ] Safepoint "ICBufferFull", Time since last: 1243505 ns, Reaching safepoint: 99601 ns, At safepoint: 25000 ns, Total: 124601 ns
[9.065s][info ][safepoint      ] Safepoint "ICBufferFull", Time since last: 4638620 ns, Reaching safepoint: 99500 ns, At safepoint: 23900 ns, Total: 123400 ns
[9.066s][info ][safepoint      ] Safepoint "ICBufferFull", Time since last: 72900 ns, Reaching safepoint: 103201 ns, At safepoint: 24500 ns, Total: 127701 ns
[9.066s][info ][safepoint      ] Safepoint "ICBufferFull", Time since last: 787403 ns, Reaching safepoint: 95001 ns, At safepoint: 21100 ns, Total: 116101 ns
[9.067s][info ][safepoint      ] Safepoint "ICBufferFull", Time since last: 48900 ns, Reaching safepoint: 93000 ns, At safepoint: 21300 ns, Total: 114300 ns
[9.069s][info ][safepoint      ] Safepoint "ICBufferFull", Time since last: 1888408 ns, Reaching safepoint: 105401 ns, At safepoint: 18600 ns, Total: 124001 ns
[9.074s][info ][safepoint      ] Safepoint "ICBufferFull", Time since last: 5379623 ns, Reaching safepoint: 113000 ns, At safepoint: 24901 ns, Total: 137901 ns
[9.074s][info ][safepoint      ] Safepoint "ICBufferFull", Time since last: 65200 ns, Reaching safepoint: 99700 ns, At safepoint: 18900 ns, Total: 118600 ns
[9.075s][info ][safepoint      ] Safepoint "ICBufferFull", Time since last: 74301 ns, Reaching safepoint: 96200 ns, At safepoint: 18200 ns, Total: 114400 ns
[9.075s][info ][safepoint      ] Safepoint "ICBufferFull", Time since last: 46300 ns, Reaching safepoint: 91301 ns, At safepoint: 22200 ns, Total: 113501 ns
[9.075s][info ][safepoint      ] Safepoint "ICBufferFull", Time since last: 70500 ns, Reaching safepoint: 95000 ns, At safepoint: 13301 ns, Total: 108301 ns
[9.075s][info ][safepoint      ] Safepoint "ICBufferFull", Time since last: 39900 ns, Reaching safepoint: 81400 ns, At safepoint: 12800 ns, Total: 94200 ns
[9.075s][info ][safepoint      ] Safepoint "ICBufferFull", Time since last: 141401 ns, Reaching safepoint: 94400 ns, At safepoint: 24300 ns, Total: 118700 ns
[9.079s][info ][safepoint      ] Safepoint "ICBufferFull", Time since last: 3190114 ns, Reaching safepoint: 112200 ns, At safepoint: 19800 ns, Total: 132000 ns
[9.081s][info ][safepoint      ] Safepoint "ICBufferFull", Time since last: 2662112 ns, Reaching safepoint: 105400 ns, At safepoint: 17800 ns, Total: 123200 ns
[9.082s][info ][safepoint      ] Safepoint "ICBufferFull", Time since last: 590303 ns, Reaching safepoint: 95900 ns, At safepoint: 25700 ns, Total: 121600 ns
[9.086s][info ][safepoint      ] Safepoint "ICBufferFull", Time since last: 3621916 ns, Reaching safepoint: 101600 ns, At safepoint: 25000 ns, Total: 126600 ns
[9.089s][info ][safepoint      ] Safepoint "ICBufferFull", Time since last: 2967813 ns, Reaching safepoint: 372701 ns, At safepoint: 28101 ns, Total: 400802 ns
[9.093s][info ][safepoint      ] Safepoint "ICBufferFull", Time since last: 3343014 ns, Reaching safepoint: 96300 ns, At safepoint: 26300 ns, Total: 122600 ns
[9.096s][info ][safepoint      ] Safepoint "ICBufferFull", Time since last: 3549715 ns, Reaching safepoint: 107601 ns, At safepoint: 24900 ns, Total: 132501 ns
[9.100s][info ][safepoint      ] Safepoint "ICBufferFull", Time since last: 2941413 ns, Reaching safepoint: 1007404 ns, At safepoint: 26200 ns, Total: 1033604 ns
[9.103s][info ][safepoint      ] Safepoint "ICBufferFull", Time since last: 2978513 ns, Reaching safepoint: 98200 ns, At safepoint: 25500 ns, Total: 123700 ns
[9.107s][info ][safepoint      ] Safepoint "ICBufferFull", Time since last: 3035113 ns, Reaching safepoint: 102501 ns, At safepoint: 22400 ns, Total: 124901 ns
[9.108s][info ][safepoint      ] Safepoint "ICBufferFull", Time since last: 1523906 ns, Reaching safepoint: 95200 ns, At safepoint: 19401 ns, Total: 114601 ns
[9.108s][info ][safepoint      ] Safepoint "ICBufferFull", Time since last: 65900 ns, Reaching safepoint: 81800 ns, At safepoint: 17100 ns, Total: 98900 ns
[9.109s][info ][safepoint      ] Safepoint "ICBufferFull", Time since last: 41200 ns, Reaching safepoint: 81501 ns, At safepoint: 17900 ns, Total: 99401 ns
[9.109s][info ][safepoint      ] Safepoint "ICBufferFull", Time since last: 26800 ns, Reaching safepoint: 82000 ns, At safepoint: 18400 ns, Total: 100400 ns
[9.109s][info ][safepoint      ] Safepoint "ICBufferFull", Time since last: 27301 ns, Reaching safepoint: 80400 ns, At safepoint: 18500 ns, Total: 98900 ns
[9.110s][info ][safepoint      ] Safepoint "ICBufferFull", Time since last: 1013904 ns, Reaching safepoint: 100001 ns, At safepoint: 19600 ns, Total: 119601 ns
[9.113s][info ][safepoint      ] Safepoint "ICBufferFull", Time since last: 2786912 ns, Reaching safepoint: 91500 ns, At safepoint: 20300 ns, Total: 111800 ns
[9.113s][info ][safepoint      ] Safepoint "ICBufferFull", Time since last: 319701 ns, Reaching safepoint: 70001 ns, At safepoint: 25500 ns, Total: 95501 ns
[9.118s][info ][safepoint      ] Safepoint "ICBufferFull", Time since last: 4372619 ns, Reaching safepoint: 114300 ns, At safepoint: 14900 ns, Total: 129200 ns
[9.118s][info ][safepoint      ] Safepoint "ICBufferFull", Time since last: 515102 ns, Reaching safepoint: 101801 ns, At safepoint: 19100 ns, Total: 120901 ns
[9.119s][info ][safepoint      ] Safepoint "ICBufferFull", Time since last: 244301 ns, Reaching safepoint: 112100 ns, At safepoint: 19500 ns, Total: 131600 ns
[9.120s][info ][safepoint      ] Safepoint "ICBufferFull", Time since last: 1525107 ns, Reaching safepoint: 114500 ns, At safepoint: 21300 ns, Total: 135800 ns
[9.121s][info ][safepoint      ] Safepoint "ICBufferFull", Time since last: 790804 ns, Reaching safepoint: 97800 ns, At safepoint: 22800 ns, Total: 120600 ns
[9.123s][info ][safepoint      ] Safepoint "ICBufferFull", Time since last: 1074305 ns, Reaching safepoint: 112600 ns, At safepoint: 14500 ns, Total: 127100 ns
[9.124s][info ][safepoint      ] Safepoint "ICBufferFull", Time since last: 1500607 ns, Reaching safepoint: 108700 ns, At safepoint: 17700 ns, Total: 126400 ns
[9.130s][info ][safepoint      ] Safepoint "ICBufferFull", Time since last: 5220523 ns, Reaching safepoint: 236001 ns, At safepoint: 18900 ns, Total: 254901 ns
[9.130s][info ][safepoint      ] Safepoint "ICBufferFull", Time since last: 71200 ns, Reaching safepoint: 83900 ns, At safepoint: 15700 ns, Total: 99600 ns
[9.133s][info ][safepoint      ] Safepoint "ICBufferFull", Time since last: 3346415 ns, Reaching safepoint: 55500 ns, At safepoint: 29000 ns, Total: 84500 ns
[9.133s][info ][safepoint      ] Safepoint "ICBufferFull", Time since last: 76300 ns, Reaching safepoint: 85001 ns, At safepoint: 23800 ns, Total: 108801 ns
[9.134s][info ][safepoint      ] Safepoint "ICBufferFull", Time since last: 124400 ns, Reaching safepoint: 89701 ns, At safepoint: 21800 ns, Total: 111501 ns
[9.138s][info ][safepoint      ] Safepoint "ICBufferFull", Time since last: 4027517 ns, Reaching safepoint: 105300 ns, At safepoint: 19101 ns, Total: 124401 ns
[9.138s][info ][safepoint      ] Safepoint "ICBufferFull", Time since last: 72800 ns, Reaching safepoint: 89900 ns, At safepoint: 19500 ns, Total: 109400 ns
[9.138s][info ][safepoint      ] Safepoint "ICBufferFull", Time since last: 48700 ns, Reaching safepoint: 84301 ns, At safepoint: 15800 ns, Total: 100101 ns
[9.138s][info ][safepoint      ] Safepoint "ICBufferFull", Time since last: 176001 ns, Reaching safepoint: 85300 ns, At safepoint: 22900 ns, Total: 108200 ns
[9.141s][info ][safepoint      ] Safepoint "ICBufferFull", Time since last: 2789912 ns, Reaching safepoint: 100400 ns, At safepoint: 26601 ns, Total: 127001 ns
[9.142s][info ][gc,start       ] GC(8) Pause Young (Allocation Failure)
[9.416s][debug][gc,phases      ] GC(8) Scavenge 274.345ms
[9.416s][debug][gc,ref         ] GC(8) Skipped phase 1 of Reference Processing: no references
[9.416s][debug][gc,ref         ] GC(8) ReferenceProcessor::execute queues: 1, RefProcThreadModel::Single, marks_oops_alive: false
[9.416s][debug][gc,ref         ] GC(8) Skipped phase 3 of Reference Processing: no references
[9.416s][debug][gc,ref         ] GC(8) ReferenceProcessor::execute queues: 1, RefProcThreadModel::Single, marks_oops_alive: false
[9.416s][debug][gc,phases      ] GC(8) Reference Processing 0.167ms
[9.417s][debug][gc,phases      ] GC(8)   VM Weak                        Min:  0.0, Avg:  0.0, Max:  0.0, Diff:  0.0, Sum:  0.0, Workers: 4
[9.417s][debug][gc,phases      ] GC(8)     Dead                           Min: 0, Avg:  0.0, Max: 0, Diff: 0, Sum: 0, Workers: 4
[9.417s][debug][gc,phases      ] GC(8)     Total                          Min: 0, Avg: 148.0, Max: 384, Diff: 384, Sum: 592, Workers: 4
[9.417s][debug][gc,phases      ] GC(8)   ObjectSynchronizer Weak        Min:  0.0, Avg:  0.0, Max:  0.0, Diff:  0.0, Sum:  0.0, Workers: 4
[9.417s][debug][gc,phases      ] GC(8)     Dead                           Min: 1, Avg:  3.8, Max: 7, Diff: 6, Sum: 15, Workers: 4
[9.417s][debug][gc,phases      ] GC(8)     Total                          Min: 55, Avg: 77.8, Max: 128, Diff: 73, Sum: 311, Workers: 4
[9.417s][debug][gc,phases      ] GC(8)   JVMTI Tag Weak OopStorage      Min:  0.0, Avg:  0.0, Max:  0.0, Diff:  0.0, Sum:  0.0, Workers: 4
[9.417s][debug][gc,phases      ] GC(8)     Dead                           Min: 0, Avg:  0.0, Max: 0, Diff: 0, Sum: 0, Workers: 4
[9.417s][debug][gc,phases      ] GC(8)     Total                          Min: 0, Avg:  0.0, Max: 0, Diff: 0, Sum: 0, Workers: 4
[9.417s][debug][gc,phases      ] GC(8)   StringTable Weak               Min:  0.3, Avg:  0.3, Max:  0.3, Diff:  0.0, Sum:  1.4, Workers: 4
[9.417s][debug][gc,phases      ] GC(8)     Dead                           Min: 0, Avg:  4.0, Max: 13, Diff: 13, Sum: 16, Workers: 4
[9.417s][debug][gc,phases      ] GC(8)     Total                          Min: 10057, Avg: 10914.2, Max: 11392, Diff: 1335, Sum: 43657, Workers: 4
[9.417s][debug][gc,phases      ] GC(8)   ResolvedMethodTable Weak       Min:  0.1, Avg:  0.1, Max:  0.1, Diff:  0.0, Sum:  0.2, Workers: 4
[9.417s][debug][gc,phases      ] GC(8)     Dead                           Min: 0, Avg:  6.8, Max: 17, Diff: 17, Sum: 27, Workers: 4
[9.417s][debug][gc,phases      ] GC(8)     Total                          Min: 1600, Avg: 1733.2, Max: 1920, Diff: 320, Sum: 6933, Workers: 4
[9.417s][debug][gc,phases      ] GC(8)   JNI Weak                       Min:  0.0, Avg:  0.0, Max:  0.0, Diff:  0.0, Sum:  0.0, Workers: 4
[9.417s][debug][gc,phases      ] GC(8)     Dead                           Min: 0, Avg:  0.0, Max: 0, Diff: 0, Sum: 0, Workers: 4
[9.417s][debug][gc,phases      ] GC(8)     Total                          Min: 0, Avg:  7.8, Max: 25, Diff: 25, Sum: 31, Workers: 4
[9.417s][debug][gc,phases      ] GC(8)   StringDedup Table Weak         Min:  0.0, Avg:  0.0, Max:  0.0, Diff:  0.0, Sum:  0.0, Workers: 4
[9.417s][debug][gc,phases      ] GC(8)     Dead                           Min: 0, Avg:  0.0, Max: 0, Diff: 0, Sum: 0, Workers: 4
[9.417s][debug][gc,phases      ] GC(8)     Total                          Min: 0, Avg:  0.0, Max: 0, Diff: 0, Sum: 0, Workers: 4
[9.417s][debug][gc,phases      ] GC(8)   StringDedup Requests0 Weak     Min:  0.0, Avg:  0.0, Max:  0.0, Diff:  0.0, Sum:  0.0, Workers: 4
[9.417s][debug][gc,phases      ] GC(8)     Dead                           Min: 0, Avg:  0.0, Max: 0, Diff: 0, Sum: 0, Workers: 4
[9.417s][debug][gc,phases      ] GC(8)     Total                          Min: 0, Avg:  0.0, Max: 0, Diff: 0, Sum: 0, Workers: 4
[9.417s][debug][gc,phases      ] GC(8)   StringDedup Requests1 Weak     Min:  0.0, Avg:  0.0, Max:  0.0, Diff:  0.0, Sum:  0.0, Workers: 4
[9.417s][debug][gc,phases      ] GC(8)     Dead                           Min: 0, Avg:  0.0, Max: 0, Diff: 0, Sum: 0, Workers: 4
[9.417s][debug][gc,phases      ] GC(8)     Total                          Min: 0, Avg:  0.0, Max: 0, Diff: 0, Sum: 0, Workers: 4
[9.417s][debug][gc,phases      ] GC(8)   Weak JFR Old Object Samples    Min:  0.0, Avg:  0.0, Max:  0.0, Diff:  0.0, Sum:  0.0, Workers: 4
[9.417s][debug][gc,phases      ] GC(8)     Dead                           Min: 0, Avg:  0.0, Max: 0, Diff: 0, Sum: 0, Workers: 4
[9.417s][debug][gc,phases      ] GC(8)     Total                          Min: 0, Avg:  0.0, Max: 0, Diff: 0, Sum: 0, Workers: 4
[9.417s][debug][gc,phases      ] GC(8) Weak Processing 0.566ms
[9.417s][debug][gc,age         ] GC(8) Desired survivor size 536870912 bytes, new threshold 7 (max threshold 15)
[9.417s][info ][gc,heap        ] GC(8) PSYoungGen: 1569373K(1572864K)->524269K(1572864K) Eden: 1048576K(1048576K)->0K(1048576K) From: 520797K(524288K)->524269K(524288K)
[9.417s][info ][gc,heap        ] GC(8) ParOldGen: 37703K(93184K)->156226K(156672K)
[9.417s][info ][gc,metaspace   ] GC(8) Metaspace: 69062K(69824K)->69062K(69824K) NonClass: 58913K(59328K)->58913K(59328K) Class: 10149K(10496K)->10149K(10496K)
[9.417s][info ][gc             ] GC(8) Pause Young (Allocation Failure) 1569M->664M(1689M) 275.176ms
[9.417s][info ][gc,cpu         ] GC(8) User=0.93s Sys=0.17s Real=0.27s
[9.417s][debug][gc,phases      ] GC(9) Pre Compact 0.010ms
[9.417s][info ][gc,start       ] GC(9) Pause Full (Ergonomics)
[9.417s][info ][gc,phases,start] GC(9) Marking Phase
[9.600s][debug][gc,phases      ] GC(9) Par Mark 183.092ms
[9.600s][debug][gc,ref         ] GC(9) Skipped phase 1 of Reference Processing: no references
[9.601s][debug][gc,ref         ] GC(9) ReferenceProcessor::execute queues: 4, RefProcThreadModel::Multi, marks_oops_alive: false
[9.601s][debug][gc,ref         ] GC(9) Skipped phase 3 of Reference Processing: no references
[9.601s][debug][gc,ref         ] GC(9) ReferenceProcessor::execute queues: 1, RefProcThreadModel::Single, marks_oops_alive: false
[9.601s][debug][gc,phases      ] GC(9) Reference Processing 0.288ms
[9.601s][debug][gc,phases      ] GC(9)   VM Weak                        Min:  0.0, Avg:  0.0, Max:  0.0, Diff:  0.0, Sum:  0.0, Workers: 4
[9.601s][debug][gc,phases      ] GC(9)     Dead                           Min: 0, Avg:  0.0, Max: 0, Diff: 0, Sum: 0, Workers: 4
[9.601s][debug][gc,phases      ] GC(9)     Total                          Min: 0, Avg: 148.0, Max: 336, Diff: 336, Sum: 592, Workers: 4
[9.601s][debug][gc,phases      ] GC(9)   ObjectSynchronizer Weak        Min:  0.0, Avg:  0.0, Max:  0.0, Diff:  0.0, Sum:  0.0, Workers: 4
[9.601s][debug][gc,phases      ] GC(9)     Dead                           Min: 0, Avg:  0.0, Max: 0, Diff: 0, Sum: 0, Workers: 4
[9.601s][debug][gc,phases      ] GC(9)     Total                          Min: 55, Avg: 77.8, Max: 128, Diff: 73, Sum: 311, Workers: 4
[9.601s][debug][gc,phases      ] GC(9)   JVMTI Tag Weak OopStorage      Min:  0.0, Avg:  0.0, Max:  0.0, Diff:  0.0, Sum:  0.0, Workers: 4
[9.601s][debug][gc,phases      ] GC(9)     Dead                           Min: 0, Avg:  0.0, Max: 0, Diff: 0, Sum: 0, Workers: 4
[9.601s][debug][gc,phases      ] GC(9)     Total                          Min: 0, Avg:  0.0, Max: 0, Diff: 0, Sum: 0, Workers: 4
[9.601s][debug][gc,phases      ] GC(9)   StringTable Weak               Min:  0.1, Avg:  0.1, Max:  0.1, Diff:  0.0, Sum:  0.6, Workers: 4
[9.601s][debug][gc,phases      ] GC(9)     Dead                           Min: 0, Avg:  0.0, Max: 0, Diff: 0, Sum: 0, Workers: 4
[9.601s][debug][gc,phases      ] GC(9)     Total                          Min: 10688, Avg: 10914.2, Max: 11264, Diff: 576, Sum: 43657, Workers: 4
[9.601s][debug][gc,phases      ] GC(9)   ResolvedMethodTable Weak       Min:  0.0, Avg:  0.0, Max:  0.0, Diff:  0.0, Sum:  0.1, Workers: 4
[9.601s][debug][gc,phases      ] GC(9)     Dead                           Min: 0, Avg:  0.0, Max: 0, Diff: 0, Sum: 0, Workers: 4
[9.601s][debug][gc,phases      ] GC(9)     Total                          Min: 1600, Avg: 1733.2, Max: 1920, Diff: 320, Sum: 6933, Workers: 4
[9.601s][debug][gc,phases      ] GC(9)   JNI Weak                       Min:  0.0, Avg:  0.0, Max:  0.0, Diff:  0.0, Sum:  0.0, Workers: 4
[9.601s][debug][gc,phases      ] GC(9)     Dead                           Min: 0, Avg:  0.0, Max: 0, Diff: 0, Sum: 0, Workers: 4
[9.601s][debug][gc,phases      ] GC(9)     Total                          Min: 0, Avg:  7.8, Max: 31, Diff: 31, Sum: 31, Workers: 4
[9.601s][debug][gc,phases      ] GC(9)   StringDedup Table Weak         Min:  0.0, Avg:  0.0, Max:  0.0, Diff:  0.0, Sum:  0.0, Workers: 4
[9.601s][debug][gc,phases      ] GC(9)     Dead                           Min: 0, Avg:  0.0, Max: 0, Diff: 0, Sum: 0, Workers: 4
[9.601s][debug][gc,phases      ] GC(9)     Total                          Min: 0, Avg:  0.0, Max: 0, Diff: 0, Sum: 0, Workers: 4
[9.601s][debug][gc,phases      ] GC(9)   StringDedup Requests0 Weak     Min:  0.0, Avg:  0.0, Max:  0.0, Diff:  0.0, Sum:  0.0, Workers: 4
[9.601s][debug][gc,phases      ] GC(9)     Dead                           Min: 0, Avg:  0.0, Max: 0, Diff: 0, Sum: 0, Workers: 4
[9.601s][debug][gc,phases      ] GC(9)     Total                          Min: 0, Avg:  0.0, Max: 0, Diff: 0, Sum: 0, Workers: 4
[9.601s][debug][gc,phases      ] GC(9)   StringDedup Requests1 Weak     Min:  0.0, Avg:  0.0, Max:  0.0, Diff:  0.0, Sum:  0.0, Workers: 4
[9.601s][debug][gc,phases      ] GC(9)     Dead                           Min: 0, Avg:  0.0, Max: 0, Diff: 0, Sum: 0, Workers: 4
[9.601s][debug][gc,phases      ] GC(9)     Total                          Min: 0, Avg:  0.0, Max: 0, Diff: 0, Sum: 0, Workers: 4
[9.601s][debug][gc,phases      ] GC(9)   Weak JFR Old Object Samples    Min:  0.0, Avg:  0.0, Max:  0.0, Diff:  0.0, Sum:  0.0, Workers: 4
[9.601s][debug][gc,phases      ] GC(9)     Dead                           Min: 0, Avg:  0.0, Max: 0, Diff: 0, Sum: 0, Workers: 4
[9.601s][debug][gc,phases      ] GC(9)     Total                          Min: 0, Avg:  0.0, Max: 0, Diff: 0, Sum: 0, Workers: 4
[9.601s][debug][gc,phases      ] GC(9) Weak Processing 0.304ms
[9.601s][debug][gc,phases      ] GC(9) ClassLoaderData 0.075ms
[9.601s][debug][gc,phases      ] GC(9) Trigger cleanups 0.000ms
[9.609s][debug][gc,phases      ] GC(9) Class Unloading 8.147ms
[9.609s][info ][gc,phases      ] GC(9) Marking Phase 191.999ms
[9.609s][info ][gc,phases,start] GC(9) Summary Phase
[9.609s][info ][gc,phases      ] GC(9) Summary Phase 0.013ms
[9.609s][info ][gc,phases,start] GC(9) Adjust Roots
[9.623s][info ][gc,phases      ] GC(9) Adjust Roots 13.654ms
[9.623s][info ][gc,phases,start] GC(9) Compaction Phase
[10.306s][info ][gc,phases      ] GC(9) Compaction Phase 683.001ms
[10.306s][info ][gc,phases,start] GC(9) Post Compact
[10.308s][info ][gc,phases      ] GC(9) Post Compact 2.586ms
[10.309s][info ][gc,heap        ] GC(9) PSYoungGen: 524269K(1572864K)->516943K(1572864K) Eden: 0K(1048576K)->0K(1048576K) From: 524269K(524288K)->516943K(524288K)
[10.309s][info ][gc,heap        ] GC(9) ParOldGen: 156226K(156672K)->156214K(307712K)
[10.309s][info ][gc,metaspace   ] GC(9) Metaspace: 69062K(69824K)->69062K(69824K) NonClass: 58913K(59328K)->58913K(59328K) Class: 10149K(10496K)->10149K(10496K)
[10.309s][info ][gc             ] GC(9) Pause Full (Ergonomics) 664M->657M(1836M) 891.566ms
[10.309s][info ][gc,cpu         ] GC(9) User=3.51s Sys=0.00s Real=0.89s
[10.310s][info ][safepoint      ] Safepoint "ParallelGCFailedAllocation", Time since last: 436701 ns, Reaching safepoint: 90301 ns, At safepoint: 1168339776 ns, Total: 1168430077 ns
[10.313s][info ][safepoint      ] Safepoint "ICBufferFull", Time since last: 3142113 ns, Reaching safepoint: 122701 ns, At safepoint: 21900 ns, Total: 144601 ns
[10.317s][info ][safepoint      ] Safepoint "ICBufferFull", Time since last: 3591915 ns, Reaching safepoint: 121401 ns, At safepoint: 20700 ns, Total: 142101 ns
[10.317s][info ][safepoint      ] Safepoint "ICBufferFull", Time since last: 65600 ns, Reaching safepoint: 88300 ns, At safepoint: 31400 ns, Total: 119700 ns
[10.318s][info ][safepoint      ] Safepoint "ICBufferFull", Time since last: 53401 ns, Reaching safepoint: 248701 ns, At safepoint: 27900 ns, Total: 276601 ns
[10.321s][info ][safepoint      ] Safepoint "ICBufferFull", Time since last: 3571815 ns, Reaching safepoint: 97301 ns, At safepoint: 26700 ns, Total: 124001 ns
[10.325s][info ][safepoint      ] Safepoint "ICBufferFull", Time since last: 2949912 ns, Reaching safepoint: 129601 ns, At safepoint: 28500 ns, Total: 158101 ns
[10.326s][info ][safepoint      ] Safepoint "ICBufferFull", Time since last: 1423606 ns, Reaching safepoint: 171201 ns, At safepoint: 25800 ns, Total: 197001 ns
[10.331s][info ][safepoint      ] Safepoint "ICBufferFull", Time since last: 4274618 ns, Reaching safepoint: 117500 ns, At safepoint: 23501 ns, Total: 141001 ns
[10.331s][info ][safepoint      ] Safepoint "ICBufferFull", Time since last: 621402 ns, Reaching safepoint: 166201 ns, At safepoint: 23500 ns, Total: 189701 ns
[10.333s][info ][safepoint      ] Safepoint "ICBufferFull", Time since last: 1579307 ns, Reaching safepoint: 102500 ns, At safepoint: 17900 ns, Total: 120400 ns
[10.339s][info ][safepoint      ] Safepoint "ICBufferFull", Time since last: 5624324 ns, Reaching safepoint: 101701 ns, At safepoint: 23300 ns, Total: 125001 ns
[10.339s][info ][safepoint      ] Safepoint "ICBufferFull", Time since last: 73700 ns, Reaching safepoint: 84600 ns, At safepoint: 24301 ns, Total: 108901 ns
[10.339s][info ][safepoint      ] Safepoint "ICBufferFull", Time since last: 44900 ns, Reaching safepoint: 84700 ns, At safepoint: 22100 ns, Total: 106800 ns
[10.339s][info ][safepoint      ] Safepoint "ICBufferFull", Time since last: 48400 ns, Reaching safepoint: 83801 ns, At safepoint: 20700 ns, Total: 104501 ns
[10.340s][info ][safepoint      ] Safepoint "ICBufferFull", Time since last: 84500 ns, Reaching safepoint: 99301 ns, At safepoint: 22000 ns, Total: 121301 ns
[10.340s][info ][safepoint      ] Safepoint "ICBufferFull", Time since last: 63000 ns, Reaching safepoint: 86400 ns, At safepoint: 18700 ns, Total: 105100 ns
[10.341s][info ][safepoint      ] Safepoint "ICBufferFull", Time since last: 1118405 ns, Reaching safepoint: 103401 ns, At safepoint: 20100 ns, Total: 123501 ns
[10.341s][info ][safepoint      ] Safepoint "ICBufferFull", Time since last: 142500 ns, Reaching safepoint: 102701 ns, At safepoint: 15700 ns, Total: 118401 ns
[10.341s][info ][safepoint      ] Safepoint "ICBufferFull", Time since last: 64800 ns, Reaching safepoint: 91801 ns, At safepoint: 24700 ns, Total: 116501 ns
[10.342s][info ][safepoint      ] Safepoint "ICBufferFull", Time since last: 35800 ns, Reaching safepoint: 93700 ns, At safepoint: 18900 ns, Total: 112600 ns
[10.342s][info ][safepoint      ] Safepoint "ICBufferFull", Time since last: 67101 ns, Reaching safepoint: 99000 ns, At safepoint: 23600 ns, Total: 122600 ns
[10.344s][info ][safepoint      ] Safepoint "ICBufferFull", Time since last: 2235010 ns, Reaching safepoint: 97500 ns, At safepoint: 21800 ns, Total: 119300 ns
[10.345s][info ][safepoint      ] Safepoint "ICBufferFull", Time since last: 427302 ns, Reaching safepoint: 100400 ns, At safepoint: 18000 ns, Total: 118400 ns
[10.345s][info ][safepoint      ] Safepoint "ICBufferFull", Time since last: 69201 ns, Reaching safepoint: 86400 ns, At safepoint: 23600 ns, Total: 110000 ns
[10.346s][info ][safepoint      ] Safepoint "ICBufferFull", Time since last: 1082305 ns, Reaching safepoint: 109800 ns, At safepoint: 18700 ns, Total: 128500 ns
[10.346s][info ][safepoint      ] Safepoint "ICBufferFull", Time since last: 46901 ns, Reaching safepoint: 82400 ns, At safepoint: 20400 ns, Total: 102800 ns
[10.347s][info ][safepoint      ] Safepoint "ICBufferFull", Time since last: 309201 ns, Reaching safepoint: 94501 ns, At safepoint: 23800 ns, Total: 118301 ns
[10.348s][info ][safepoint      ] Safepoint "ICBufferFull", Time since last: 1043604 ns, Reaching safepoint: 112001 ns, At safepoint: 20100 ns, Total: 132101 ns
[10.348s][info ][safepoint      ] Safepoint "ICBufferFull", Time since last: 33600 ns, Reaching safepoint: 83800 ns, At safepoint: 22000 ns, Total: 105800 ns
[10.349s][info ][safepoint      ] Safepoint "ICBufferFull", Time since last: 944204 ns, Reaching safepoint: 95001 ns, At safepoint: 19800 ns, Total: 114801 ns
[10.350s][info ][safepoint      ] Safepoint "ICBufferFull", Time since last: 424102 ns, Reaching safepoint: 97600 ns, At safepoint: 24000 ns, Total: 121600 ns
[10.350s][info ][safepoint      ] Safepoint "ICBufferFull", Time since last: 45400 ns, Reaching safepoint: 93801 ns, At safepoint: 22500 ns, Total: 116301 ns
[10.350s][info ][safepoint      ] Safepoint "ICBufferFull", Time since last: 34700 ns, Reaching safepoint: 97200 ns, At safepoint: 23001 ns, Total: 120201 ns
[10.352s][info ][safepoint      ] Safepoint "ICBufferFull", Time since last: 2457810 ns, Reaching safepoint: 103800 ns, At safepoint: 23601 ns, Total: 127401 ns
[10.357s][info ][safepoint      ] Safepoint "ICBufferFull", Time since last: 4814620 ns, Reaching safepoint: 102001 ns, At safepoint: 17300 ns, Total: 119301 ns
[10.358s][info ][safepoint      ] Safepoint "ICBufferFull", Time since last: 51500 ns, Reaching safepoint: 84700 ns, At safepoint: 21700 ns, Total: 106400 ns
[10.358s][info ][safepoint      ] Safepoint "ICBufferFull", Time since last: 46200 ns, Reaching safepoint: 83301 ns, At safepoint: 22700 ns, Total: 106001 ns
[10.358s][info ][safepoint      ] Safepoint "ICBufferFull", Time since last: 54500 ns, Reaching safepoint: 81801 ns, At safepoint: 18800 ns, Total: 100601 ns
[10.358s][info ][safepoint      ] Safepoint "ICBufferFull", Time since last: 34800 ns, Reaching safepoint: 82000 ns, At safepoint: 27300 ns, Total: 109300 ns
[10.358s][info ][safepoint      ] Safepoint "ICBufferFull", Time since last: 46000 ns, Reaching safepoint: 100501 ns, At safepoint: 26800 ns, Total: 127301 ns
[10.359s][info ][safepoint      ] Safepoint "ICBufferFull", Time since last: 1130805 ns, Reaching safepoint: 95400 ns, At safepoint: 26600 ns, Total: 122000 ns
[10.360s][info ][safepoint      ] Safepoint "ICBufferFull", Time since last: 163801 ns, Reaching safepoint: 85700 ns, At safepoint: 11400 ns, Total: 97100 ns
[10.360s][info ][safepoint      ] Safepoint "ICBufferFull", Time since last: 121801 ns, Reaching safepoint: 82100 ns, At safepoint: 11000 ns, Total: 93100 ns
[10.360s][info ][safepoint      ] Safepoint "ICBufferFull", Time since last: 45800 ns, Reaching safepoint: 83901 ns, At safepoint: 26800 ns, Total: 110701 ns
[10.361s][info ][safepoint      ] Safepoint "ICBufferFull", Time since last: 1226305 ns, Reaching safepoint: 101001 ns, At safepoint: 9000 ns, Total: 110001 ns
[10.362s][info ][safepoint      ] Safepoint "ICBufferFull", Time since last: 73600 ns, Reaching safepoint: 83200 ns, At safepoint: 20800 ns, Total: 104000 ns
[10.362s][info ][safepoint      ] Safepoint "ICBufferFull", Time since last: 72701 ns, Reaching safepoint: 83100 ns, At safepoint: 22600 ns, Total: 105700 ns
[10.363s][info ][safepoint      ] Safepoint "ICBufferFull", Time since last: 1596307 ns, Reaching safepoint: 99600 ns, At safepoint: 27001 ns, Total: 126601 ns
[10.364s][info ][safepoint      ] Safepoint "ICBufferFull", Time since last: 62500 ns, Reaching safepoint: 87100 ns, At safepoint: 19700 ns, Total: 106800 ns
[10.366s][info ][safepoint      ] Safepoint "ICBufferFull", Time since last: 2106309 ns, Reaching safepoint: 103601 ns, At safepoint: 6300 ns, Total: 109901 ns
[10.366s][info ][safepoint      ] Safepoint "ICBufferFull", Time since last: 69000 ns, Reaching safepoint: 97700 ns, At safepoint: 18300 ns, Total: 116000 ns
[10.372s][info ][safepoint      ] Safepoint "ICBufferFull", Time since last: 5787925 ns, Reaching safepoint: 104501 ns, At safepoint: 15500 ns, Total: 120001 ns
[10.372s][info ][safepoint      ] Safepoint "ICBufferFull", Time since last: 181200 ns, Reaching safepoint: 99901 ns, At safepoint: 18200 ns, Total: 118101 ns
[10.373s][info ][safepoint      ] Safepoint "ICBufferFull", Time since last: 1019204 ns, Reaching safepoint: 105201 ns, At safepoint: 24300 ns, Total: 129501 ns
[10.374s][info ][safepoint      ] Safepoint "ICBufferFull", Time since last: 119700 ns, Reaching safepoint: 101801 ns, At safepoint: 18300 ns, Total: 120101 ns
[10.374s][info ][safepoint      ] Safepoint "ICBufferFull", Time since last: 127800 ns, Reaching safepoint: 89301 ns, At safepoint: 19700 ns, Total: 109001 ns
[10.375s][info ][safepoint      ] Safepoint "ICBufferFull", Time since last: 754903 ns, Reaching safepoint: 93900 ns, At safepoint: 24801 ns, Total: 118701 ns
[10.376s][info ][safepoint      ] Safepoint "ICBufferFull", Time since last: 1093704 ns, Reaching safepoint: 103601 ns, At safepoint: 11400 ns, Total: 115001 ns
[10.377s][info ][safepoint      ] Safepoint "ICBufferFull", Time since last: 1311305 ns, Reaching safepoint: 86801 ns, At safepoint: 21400 ns, Total: 108201 ns
[10.379s][info ][safepoint      ] Safepoint "ICBufferFull", Time since last: 1081004 ns, Reaching safepoint: 92701 ns, At safepoint: 26600 ns, Total: 119301 ns
[10.379s][info ][safepoint      ] Safepoint "ICBufferFull", Time since last: 373601 ns, Reaching safepoint: 101101 ns, At safepoint: 21400 ns, Total: 122501 ns
[10.379s][info ][safepoint      ] Safepoint "ICBufferFull", Time since last: 136501 ns, Reaching safepoint: 111000 ns, At safepoint: 22600 ns, Total: 133600 ns
[10.381s][info ][safepoint      ] Safepoint "ICBufferFull", Time since last: 1209005 ns, Reaching safepoint: 99301 ns, At safepoint: 17000 ns, Total: 116301 ns
[10.385s][info ][safepoint      ] Safepoint "ICBufferFull", Time since last: 4584419 ns, Reaching safepoint: 99901 ns, At safepoint: 13900 ns, Total: 113801 ns
[10.386s][info ][safepoint      ] Safepoint "ICBufferFull", Time since last: 63700 ns, Reaching safepoint: 81200 ns, At safepoint: 23700 ns, Total: 104900 ns
[10.386s][info ][safepoint      ] Safepoint "ICBufferFull", Time since last: 51201 ns, Reaching safepoint: 82600 ns, At safepoint: 21400 ns, Total: 104000 ns
[10.386s][info ][safepoint      ] Safepoint "ICBufferFull", Time since last: 62200 ns, Reaching safepoint: 81601 ns, At safepoint: 23400 ns, Total: 105001 ns
[10.386s][info ][safepoint      ] Safepoint "ICBufferFull", Time since last: 50600 ns, Reaching safepoint: 84800 ns, At safepoint: 18001 ns, Total: 102801 ns
[10.386s][info ][safepoint      ] Safepoint "ICBufferFull", Time since last: 56500 ns, Reaching safepoint: 83100 ns, At safepoint: 23300 ns, Total: 106400 ns
[10.386s][info ][safepoint      ] Safepoint "ICBufferFull", Time since last: 82301 ns, Reaching safepoint: 85600 ns, At safepoint: 21900 ns, Total: 107500 ns
[10.389s][info ][safepoint      ] Safepoint "ICBufferFull", Time since last: 2887812 ns, Reaching safepoint: 96601 ns, At safepoint: 23000 ns, Total: 119601 ns
[10.389s][info ][safepoint      ] Safepoint "ICBufferFull", Time since last: 59200 ns, Reaching safepoint: 83700 ns, At safepoint: 20401 ns, Total: 104101 ns
[10.390s][info ][safepoint      ] Safepoint "ICBufferFull", Time since last: 41200 ns, Reaching safepoint: 85100 ns, At safepoint: 28100 ns, Total: 113200 ns
[10.390s][info ][safepoint      ] Safepoint "ICBufferFull", Time since last: 192801 ns, Reaching safepoint: 96500 ns, At safepoint: 20101 ns, Total: 116601 ns
[10.397s][info ][safepoint      ] Safepoint "ICBufferFull", Time since last: 7256030 ns, Reaching safepoint: 90501 ns, At safepoint: 20500 ns, Total: 111001 ns
[10.397s][info ][safepoint      ] Safepoint "ICBufferFull", Time since last: 61800 ns, Reaching safepoint: 85501 ns, At safepoint: 18900 ns, Total: 104401 ns
[10.398s][info ][safepoint      ] Safepoint "ICBufferFull", Time since last: 158500 ns, Reaching safepoint: 94301 ns, At safepoint: 21500 ns, Total: 115801 ns
[10.398s][info ][safepoint      ] Safepoint "ICBufferFull", Time since last: 338901 ns, Reaching safepoint: 94001 ns, At safepoint: 21300 ns, Total: 115301 ns
[10.398s][info ][safepoint      ] Safepoint "ICBufferFull", Time since last: 60500 ns, Reaching safepoint: 86000 ns, At safepoint: 21100 ns, Total: 107100 ns
[10.399s][info ][safepoint      ] Safepoint "ICBufferFull", Time since last: 972905 ns, Reaching safepoint: 103200 ns, At safepoint: 17400 ns, Total: 120600 ns
[10.401s][info ][safepoint      ] Safepoint "ICBufferFull", Time since last: 1058905 ns, Reaching safepoint: 103700 ns, At safepoint: 24000 ns, Total: 127700 ns
[10.401s][info ][safepoint      ] Safepoint "ICBufferFull", Time since last: 144301 ns, Reaching safepoint: 98100 ns, At safepoint: 24100 ns, Total: 122200 ns
[10.401s][info ][safepoint      ] Safepoint "ICBufferFull", Time since last: 78501 ns, Reaching safepoint: 167900 ns, At safepoint: 25800 ns, Total: 193700 ns
[10.403s][info ][safepoint      ] Safepoint "ICBufferFull", Time since last: 1277306 ns, Reaching safepoint: 104500 ns, At safepoint: 23700 ns, Total: 128200 ns
[10.403s][info ][safepoint      ] Safepoint "ICBufferFull", Time since last: 268002 ns, Reaching safepoint: 86000 ns, At safepoint: 22200 ns, Total: 108200 ns
[10.404s][info ][safepoint      ] Safepoint "ICBufferFull", Time since last: 1174405 ns, Reaching safepoint: 106700 ns, At safepoint: 16601 ns, Total: 123301 ns
[10.405s][info ][safepoint      ] Safepoint "ICBufferFull", Time since last: 326001 ns, Reaching safepoint: 98600 ns, At safepoint: 19400 ns, Total: 118000 ns
[10.406s][info ][safepoint      ] Safepoint "ICBufferFull", Time since last: 1105305 ns, Reaching safepoint: 104501 ns, At safepoint: 16300 ns, Total: 120801 ns
[10.406s][info ][safepoint      ] Safepoint "ICBufferFull", Time since last: 140700 ns, Reaching safepoint: 88201 ns, At safepoint: 19400 ns, Total: 107601 ns
[10.407s][info ][safepoint      ] Safepoint "ICBufferFull", Time since last: 1046904 ns, Reaching safepoint: 100701 ns, At safepoint: 13600 ns, Total: 114301 ns
[10.409s][info ][safepoint      ] Safepoint "ICBufferFull", Time since last: 1295905 ns, Reaching safepoint: 100801 ns, At safepoint: 20700 ns, Total: 121501 ns
[10.414s][info ][safepoint      ] Safepoint "ICBufferFull", Time since last: 4906421 ns, Reaching safepoint: 62900 ns, At safepoint: 24400 ns, Total: 87300 ns
[10.414s][info ][safepoint      ] Safepoint "ICBufferFull", Time since last: 102900 ns, Reaching safepoint: 94101 ns, At safepoint: 20900 ns, Total: 115001 ns
[10.414s][info ][safepoint      ] Safepoint "ICBufferFull", Time since last: 50600 ns, Reaching safepoint: 85300 ns, At safepoint: 21401 ns, Total: 106701 ns
[10.415s][info ][safepoint      ] Safepoint "ICBufferFull", Time since last: 629802 ns, Reaching safepoint: 100901 ns, At safepoint: 23500 ns, Total: 124401 ns
[10.418s][info ][safepoint      ] Safepoint "ICBufferFull", Time since last: 1138905 ns, Reaching safepoint: 2139409 ns, At safepoint: 19000 ns, Total: 2158409 ns
[10.420s][info ][safepoint      ] Safepoint "ICBufferFull", Time since last: 1511506 ns, Reaching safepoint: 96901 ns, At safepoint: 30600 ns, Total: 127501 ns
[10.420s][info ][safepoint      ] Safepoint "ICBufferFull", Time since last: 67500 ns, Reaching safepoint: 85900 ns, At safepoint: 19701 ns, Total: 105601 ns
[10.420s][info ][safepoint      ] Safepoint "ICBufferFull", Time since last: 158200 ns, Reaching safepoint: 96101 ns, At safepoint: 23900 ns, Total: 120001 ns
[10.421s][info ][safepoint      ] Safepoint "ICBufferFull", Time since last: 758903 ns, Reaching safepoint: 91400 ns, At safepoint: 38901 ns, Total: 130301 ns
[10.422s][info ][safepoint      ] Safepoint "ICBufferFull", Time since last: 859503 ns, Reaching safepoint: 108801 ns, At safepoint: 26800 ns, Total: 135601 ns
[10.428s][info ][safepoint      ] Safepoint "ICBufferFull", Time since last: 6079726 ns, Reaching safepoint: 111100 ns, At safepoint: 23200 ns, Total: 134300 ns
[10.429s][info ][safepoint      ] Safepoint "ICBufferFull", Time since last: 78001 ns, Reaching safepoint: 97100 ns, At safepoint: 29400 ns, Total: 126500 ns
[10.429s][info ][safepoint      ] Safepoint "ICBufferFull", Time since last: 158301 ns, Reaching safepoint: 105000 ns, At safepoint: 22800 ns, Total: 127800 ns
[10.429s][info ][safepoint      ] Safepoint "ICBufferFull", Time since last: 410602 ns, Reaching safepoint: 102401 ns, At safepoint: 21500 ns, Total: 123901 ns
[10.432s][info ][safepoint      ] Safepoint "ICBufferFull", Time since last: 2450010 ns, Reaching safepoint: 109100 ns, At safepoint: 25801 ns, Total: 134901 ns
[10.432s][info ][safepoint      ] Safepoint "ICBufferFull", Time since last: 46400 ns, Reaching safepoint: 94600 ns, At safepoint: 24900 ns, Total: 119500 ns
[10.432s][info ][safepoint      ] Safepoint "ICBufferFull", Time since last: 48601 ns, Reaching safepoint: 92500 ns, At safepoint: 20200 ns, Total: 112700 ns
[10.433s][info ][safepoint      ] Safepoint "ICBufferFull", Time since last: 1000104 ns, Reaching safepoint: 64101 ns, At safepoint: 29300 ns, Total: 93401 ns
[10.436s][info ][safepoint      ] Safepoint "ICBufferFull", Time since last: 2320810 ns, Reaching safepoint: 102300 ns, At safepoint: 19800 ns, Total: 122100 ns
[10.436s][info ][safepoint      ] Safepoint "ICBufferFull", Time since last: 73400 ns, Reaching safepoint: 101701 ns, At safepoint: 31400 ns, Total: 133101 ns
[10.437s][info ][safepoint      ] Safepoint "ICBufferFull", Time since last: 929904 ns, Reaching safepoint: 107400 ns, At safepoint: 22900 ns, Total: 130300 ns
[10.437s][info ][safepoint      ] Safepoint "ICBufferFull", Time since last: 81901 ns, Reaching safepoint: 94900 ns, At safepoint: 23800 ns, Total: 118700 ns
[10.439s][info ][safepoint      ] Safepoint "ICBufferFull", Time since last: 1778908 ns, Reaching safepoint: 89700 ns, At safepoint: 17700 ns, Total: 107400 ns
[10.440s][info ][safepoint      ] Safepoint "ICBufferFull", Time since last: 163101 ns, Reaching safepoint: 97100 ns, At safepoint: 19801 ns, Total: 116901 ns
[10.441s][info ][safepoint      ] Safepoint "ICBufferFull", Time since last: 916703 ns, Reaching safepoint: 98001 ns, At safepoint: 13400 ns, Total: 111401 ns
[10.441s][info ][safepoint      ] Safepoint "ICBufferFull", Time since last: 50400 ns, Reaching safepoint: 90601 ns, At safepoint: 16900 ns, Total: 107501 ns
[10.442s][info ][safepoint      ] Safepoint "ICBufferFull", Time since last: 1261805 ns, Reaching safepoint: 98900 ns, At safepoint: 22700 ns, Total: 121600 ns
[10.442s][info ][safepoint      ] Safepoint "ICBufferFull", Time since last: 52001 ns, Reaching safepoint: 78300 ns, At safepoint: 20800 ns, Total: 99100 ns
[10.443s][info ][safepoint      ] Safepoint "ICBufferFull", Time since last: 1074405 ns, Reaching safepoint: 104000 ns, At safepoint: 21700 ns, Total: 125700 ns
[10.445s][info ][safepoint      ] Safepoint "ICBufferFull", Time since last: 1302506 ns, Reaching safepoint: 101000 ns, At safepoint: 9200 ns, Total: 110200 ns
[10.445s][info ][safepoint      ] Safepoint "ICBufferFull", Time since last: 528703 ns, Reaching safepoint: 98800 ns, At safepoint: 22300 ns, Total: 121100 ns
[10.446s][info ][safepoint      ] Safepoint "ICBufferFull", Time since last: 73600 ns, Reaching safepoint: 101501 ns, At safepoint: 18400 ns, Total: 119901 ns
[10.446s][info ][safepoint      ] Safepoint "ICBufferFull", Time since last: 173901 ns, Reaching safepoint: 43500 ns, At safepoint: 23300 ns, Total: 66800 ns
[10.446s][info ][safepoint      ] Safepoint "ICBufferFull", Time since last: 52800 ns, Reaching safepoint: 86100 ns, At safepoint: 24101 ns, Total: 110201 ns
[10.447s][info ][safepoint      ] Safepoint "ICBufferFull", Time since last: 904903 ns, Reaching safepoint: 170701 ns, At safepoint: 18300 ns, Total: 189001 ns
[10.448s][info ][safepoint      ] Safepoint "ICBufferFull", Time since last: 1009305 ns, Reaching safepoint: 92700 ns, At safepoint: 17700 ns, Total: 110400 ns
[10.448s][info ][safepoint      ] Safepoint "ICBufferFull", Time since last: 67400 ns, Reaching safepoint: 87401 ns, At safepoint: 19700 ns, Total: 107101 ns
[10.449s][info ][safepoint      ] Safepoint "ICBufferFull", Time since last: 111500 ns, Reaching safepoint: 90501 ns, At safepoint: 19400 ns, Total: 109901 ns
[10.449s][info ][safepoint      ] Safepoint "ICBufferFull", Time since last: 102700 ns, Reaching safepoint: 102901 ns, At safepoint: 22800 ns, Total: 125701 ns
[10.449s][info ][safepoint      ] Safepoint "ICBufferFull", Time since last: 152900 ns, Reaching safepoint: 118201 ns, At safepoint: 25300 ns, Total: 143501 ns
[10.450s][info ][safepoint      ] Safepoint "ICBufferFull", Time since last: 890004 ns, Reaching safepoint: 102200 ns, At safepoint: 21900 ns, Total: 124100 ns
[10.451s][info ][safepoint      ] Safepoint "ICBufferFull", Time since last: 284501 ns, Reaching safepoint: 94801 ns, At safepoint: 19600 ns, Total: 114401 ns
[10.452s][info ][safepoint      ] Safepoint "ICBufferFull", Time since last: 1293305 ns, Reaching safepoint: 72901 ns, At safepoint: 15300 ns, Total: 88201 ns
[10.452s][info ][safepoint      ] Safepoint "ICBufferFull", Time since last: 145000 ns, Reaching safepoint: 83501 ns, At safepoint: 16600 ns, Total: 100101 ns
[10.453s][info ][safepoint      ] Safepoint "ICBufferFull", Time since last: 184001 ns, Reaching safepoint: 71800 ns, At safepoint: 26300 ns, Total: 98100 ns
[10.454s][info ][safepoint      ] Safepoint "ICBufferFull", Time since last: 916804 ns, Reaching safepoint: 98100 ns, At safepoint: 15000 ns, Total: 113100 ns
[10.454s][info ][safepoint      ] Safepoint "ICBufferFull", Time since last: 711803 ns, Reaching safepoint: 53401 ns, At safepoint: 21700 ns, Total: 75101 ns
[10.455s][info ][safepoint      ] Safepoint "ICBufferFull", Time since last: 37500 ns, Reaching safepoint: 97600 ns, At safepoint: 15600 ns, Total: 113200 ns
[10.455s][info ][safepoint      ] Safepoint "ICBufferFull", Time since last: 102501 ns, Reaching safepoint: 84900 ns, At safepoint: 23800 ns, Total: 108700 ns
[10.456s][info ][safepoint      ] Safepoint "ICBufferFull", Time since last: 885604 ns, Reaching safepoint: 98201 ns, At safepoint: 16800 ns, Total: 115001 ns
[10.456s][info ][safepoint      ] Safepoint "ICBufferFull", Time since last: 164900 ns, Reaching safepoint: 48001 ns, At safepoint: 44900 ns, Total: 92901 ns
[10.457s][info ][safepoint      ] Safepoint "ICBufferFull", Time since last: 826903 ns, Reaching safepoint: 94501 ns, At safepoint: 13500 ns, Total: 108001 ns
[10.457s][info ][safepoint      ] Safepoint "ICBufferFull", Time since last: 47500 ns, Reaching safepoint: 79000 ns, At safepoint: 19000 ns, Total: 98000 ns
[10.457s][info ][safepoint      ] Safepoint "ICBufferFull", Time since last: 85201 ns, Reaching safepoint: 64800 ns, At safepoint: 17200 ns, Total: 82000 ns
[10.458s][info ][safepoint      ] Safepoint "ICBufferFull", Time since last: 809103 ns, Reaching safepoint: 100601 ns, At safepoint: 14600 ns, Total: 115201 ns
[10.458s][info ][safepoint      ] Safepoint "ICBufferFull", Time since last: 50100 ns, Reaching safepoint: 86701 ns, At safepoint: 20800 ns, Total: 107501 ns
[10.458s][info ][safepoint      ] Safepoint "ICBufferFull", Time since last: 38800 ns, Reaching safepoint: 90200 ns, At safepoint: 25300 ns, Total: 115500 ns
[10.459s][info ][safepoint      ] Safepoint "ICBufferFull", Time since last: 48301 ns, Reaching safepoint: 80400 ns, At safepoint: 18600 ns, Total: 99000 ns
[10.460s][info ][safepoint      ] Safepoint "ICBufferFull", Time since last: 827403 ns, Reaching safepoint: 96901 ns, At safepoint: 15400 ns, Total: 112301 ns
[10.465s][info ][safepoint      ] Safepoint "ICBufferFull", Time since last: 5694324 ns, Reaching safepoint: 69300 ns, At safepoint: 22001 ns, Total: 91301 ns
[10.465s][info ][safepoint      ] Safepoint "ICBufferFull", Time since last: 56200 ns, Reaching safepoint: 89500 ns, At safepoint: 18900 ns, Total: 108400 ns
[10.468s][info ][safepoint      ] Safepoint "ICBufferFull", Time since last: 2772312 ns, Reaching safepoint: 110301 ns, At safepoint: 21400 ns, Total: 131701 ns
[10.469s][info ][safepoint      ] Safepoint "ICBufferFull", Time since last: 63100 ns, Reaching safepoint: 84700 ns, At safepoint: 26900 ns, Total: 111600 ns
[10.469s][info ][safepoint      ] Safepoint "ICBufferFull", Time since last: 89401 ns, Reaching safepoint: 85700 ns, At safepoint: 19700 ns, Total: 105400 ns
[10.469s][info ][safepoint      ] Safepoint "ICBufferFull", Time since last: 60000 ns, Reaching safepoint: 53301 ns, At safepoint: 16100 ns, Total: 69401 ns
[10.469s][info ][safepoint      ] Safepoint "ICBufferFull", Time since last: 35200 ns, Reaching safepoint: 86800 ns, At safepoint: 20800 ns, Total: 107600 ns
[10.469s][info ][safepoint      ] Safepoint "ICBufferFull", Time since last: 29101 ns, Reaching safepoint: 84700 ns, At safepoint: 33600 ns, Total: 118300 ns
[10.470s][info ][safepoint      ] Safepoint "ICBufferFull", Time since last: 930104 ns, Reaching safepoint: 103900 ns, At safepoint: 17100 ns, Total: 121000 ns
[10.472s][info ][safepoint      ] Safepoint "ICBufferFull", Time since last: 1202906 ns, Reaching safepoint: 93900 ns, At safepoint: 16000 ns, Total: 109900 ns
[10.473s][info ][safepoint      ] Safepoint "ICBufferFull", Time since last: 997404 ns, Reaching safepoint: 92801 ns, At safepoint: 22400 ns, Total: 115201 ns
[10.473s][info ][safepoint      ] Safepoint "ICBufferFull", Time since last: 53200 ns, Reaching safepoint: 57400 ns, At safepoint: 21800 ns, Total: 79200 ns
[10.477s][info ][safepoint      ] Safepoint "ICBufferFull", Time since last: 4414419 ns, Reaching safepoint: 94701 ns, At safepoint: 17700 ns, Total: 112401 ns
[10.477s][info ][safepoint      ] Safepoint "ICBufferFull", Time since last: 60700 ns, Reaching safepoint: 83900 ns, At safepoint: 22500 ns, Total: 106400 ns
[10.478s][info ][safepoint      ] Safepoint "ICBufferFull", Time since last: 51101 ns, Reaching safepoint: 44700 ns, At safepoint: 22000 ns, Total: 66700 ns
[10.478s][info ][safepoint      ] Safepoint "ICBufferFull", Time since last: 57800 ns, Reaching safepoint: 91901 ns, At safepoint: 25000 ns, Total: 116901 ns
[10.478s][info ][safepoint      ] Safepoint "ICBufferFull", Time since last: 42800 ns, Reaching safepoint: 87100 ns, At safepoint: 18800 ns, Total: 105900 ns
[10.478s][info ][safepoint      ] Safepoint "ICBufferFull", Time since last: 90601 ns, Reaching safepoint: 92500 ns, At safepoint: 19100 ns, Total: 111600 ns
[10.479s][info ][safepoint      ] Safepoint "ICBufferFull", Time since last: 817804 ns, Reaching safepoint: 95100 ns, At safepoint: 17400 ns, Total: 112500 ns
[10.480s][info ][safepoint      ] Safepoint "ICBufferFull", Time since last: 879904 ns, Reaching safepoint: 100000 ns, At safepoint: 27900 ns, Total: 127900 ns
[10.480s][info ][safepoint      ] Safepoint "ICBufferFull", Time since last: 65601 ns, Reaching safepoint: 89800 ns, At safepoint: 20900 ns, Total: 110700 ns
[10.482s][info ][safepoint      ] Safepoint "ICBufferFull", Time since last: 1170405 ns, Reaching safepoint: 105501 ns, At safepoint: 22000 ns, Total: 127501 ns
[10.483s][info ][safepoint      ] Safepoint "ICBufferFull", Time since last: 978504 ns, Reaching safepoint: 96300 ns, At safepoint: 20400 ns, Total: 116700 ns
[10.483s][info ][safepoint      ] Safepoint "ICBufferFull", Time since last: 60701 ns, Reaching safepoint: 84600 ns, At safepoint: 20900 ns, Total: 105500 ns
[10.483s][info ][safepoint      ] Safepoint "ICBufferFull", Time since last: 56200 ns, Reaching safepoint: 86601 ns, At safepoint: 22800 ns, Total: 109401 ns
[10.483s][info ][safepoint      ] Safepoint "ICBufferFull", Time since last: 65600 ns, Reaching safepoint: 84100 ns, At safepoint: 22600 ns, Total: 106700 ns
[10.484s][info ][safepoint      ] Safepoint "ICBufferFull", Time since last: 763004 ns, Reaching safepoint: 100200 ns, At safepoint: 22500 ns, Total: 122700 ns
[10.485s][info ][safepoint      ] Safepoint "ICBufferFull", Time since last: 625303 ns, Reaching safepoint: 97700 ns, At safepoint: 10200 ns, Total: 107900 ns
[10.485s][info ][safepoint      ] Safepoint "ICBufferFull", Time since last: 57301 ns, Reaching safepoint: 84300 ns, At safepoint: 22100 ns, Total: 106400 ns
[10.485s][info ][safepoint      ] Safepoint "ICBufferFull", Time since last: 45400 ns, Reaching safepoint: 84201 ns, At safepoint: 15700 ns, Total: 99901 ns
[10.485s][info ][safepoint      ] Safepoint "ICBufferFull", Time since last: 46700 ns, Reaching safepoint: 85100 ns, At safepoint: 19100 ns, Total: 104200 ns
[10.485s][info ][safepoint      ] Safepoint "ICBufferFull", Time since last: 50501 ns, Reaching safepoint: 83800 ns, At safepoint: 19700 ns, Total: 103500 ns
[10.486s][info ][safepoint      ] Safepoint "ICBufferFull", Time since last: 784503 ns, Reaching safepoint: 44101 ns, At safepoint: 11300 ns, Total: 55401 ns
[10.487s][info ][safepoint      ] Safepoint "ICBufferFull", Time since last: 344601 ns, Reaching safepoint: 89200 ns, At safepoint: 18300 ns, Total: 107500 ns
[10.487s][info ][safepoint      ] Safepoint "ICBufferFull", Time since last: 54001 ns, Reaching safepoint: 91900 ns, At safepoint: 20000 ns, Total: 111900 ns
[10.487s][info ][safepoint      ] Safepoint "ICBufferFull", Time since last: 94901 ns, Reaching safepoint: 93900 ns, At safepoint: 16900 ns, Total: 110800 ns
[10.489s][info ][safepoint      ] Safepoint "ICBufferFull", Time since last: 1753608 ns, Reaching safepoint: 95100 ns, At safepoint: 18300 ns, Total: 113400 ns
[10.490s][info ][safepoint      ] Safepoint "ICBufferFull", Time since last: 792903 ns, Reaching safepoint: 87801 ns, At safepoint: 20500 ns, Total: 108301 ns
[10.490s][info ][safepoint      ] Safepoint "ICBufferFull", Time since last: 34800 ns, Reaching safepoint: 82900 ns, At safepoint: 24600 ns, Total: 107500 ns
[10.490s][info ][safepoint      ] Safepoint "ICBufferFull", Time since last: 38701 ns, Reaching safepoint: 83600 ns, At safepoint: 19300 ns, Total: 102900 ns
[10.491s][info ][safepoint      ] Safepoint "ICBufferFull", Time since last: 914704 ns, Reaching safepoint: 91100 ns, At safepoint: 18500 ns, Total: 109600 ns
[10.493s][info ][safepoint      ] Safepoint "ICBufferFull", Time since last: 2107909 ns, Reaching safepoint: 96801 ns, At safepoint: 20800 ns, Total: 117601 ns
[10.494s][info ][safepoint      ] Safepoint "ICBufferFull", Time since last: 52100 ns, Reaching safepoint: 81400 ns, At safepoint: 23201 ns, Total: 104601 ns
[10.495s][info ][safepoint      ] Safepoint "ICBufferFull", Time since last: 1468006 ns, Reaching safepoint: 84100 ns, At safepoint: 20600 ns, Total: 104700 ns
[10.496s][info ][safepoint      ] Safepoint "ICBufferFull", Time since last: 1043705 ns, Reaching safepoint: 94900 ns, At safepoint: 23900 ns, Total: 118800 ns
[10.496s][info ][safepoint      ] Safepoint "ICBufferFull", Time since last: 81801 ns, Reaching safepoint: 35500 ns, At safepoint: 19700 ns, Total: 55200 ns
[10.497s][info ][safepoint      ] Safepoint "ICBufferFull", Time since last: 966904 ns, Reaching safepoint: 102500 ns, At safepoint: 18600 ns, Total: 121100 ns
[10.498s][info ][safepoint      ] Safepoint "ICBufferFull", Time since last: 41101 ns, Reaching safepoint: 90400 ns, At safepoint: 18200 ns, Total: 108600 ns
[10.499s][info ][safepoint      ] Safepoint "ICBufferFull", Time since last: 1074805 ns, Reaching safepoint: 102700 ns, At safepoint: 24900 ns, Total: 127600 ns
[10.500s][info ][safepoint      ] Safepoint "ICBufferFull", Time since last: 929204 ns, Reaching safepoint: 99101 ns, At safepoint: 17100 ns, Total: 116201 ns
[10.503s][info ][safepoint      ] Safepoint "ICBufferFull", Time since last: 2619811 ns, Reaching safepoint: 83100 ns, At safepoint: 8200 ns, Total: 91300 ns
[10.505s][info ][safepoint      ] Safepoint "ICBufferFull", Time since last: 2652112 ns, Reaching safepoint: 52800 ns, At safepoint: 25100 ns, Total: 77900 ns
[10.505s][info ][safepoint      ] Safepoint "ICBufferFull", Time since last: 60100 ns, Reaching safepoint: 81900 ns, At safepoint: 24801 ns, Total: 106701 ns
[10.506s][info ][safepoint      ] Safepoint "ICBufferFull", Time since last: 397701 ns, Reaching safepoint: 87301 ns, At safepoint: 26900 ns, Total: 114201 ns
[10.506s][info ][safepoint      ] Safepoint "ICBufferFull", Time since last: 110600 ns, Reaching safepoint: 90501 ns, At safepoint: 19600 ns, Total: 110101 ns
[10.506s][info ][safepoint      ] Safepoint "ICBufferFull", Time since last: 109500 ns, Reaching safepoint: 100301 ns, At safepoint: 18600 ns, Total: 118901 ns
[10.507s][info ][safepoint      ] Safepoint "ICBufferFull", Time since last: 840203 ns, Reaching safepoint: 99501 ns, At safepoint: 11800 ns, Total: 111301 ns
[10.508s][info ][safepoint      ] Safepoint "ICBufferFull", Time since last: 43500 ns, Reaching safepoint: 79400 ns, At safepoint: 21800 ns, Total: 101200 ns
[10.508s][info ][safepoint      ] Safepoint "ICBufferFull", Time since last: 28600 ns, Reaching safepoint: 80901 ns, At safepoint: 22400 ns, Total: 103301 ns
[10.509s][info ][safepoint      ] Safepoint "ICBufferFull", Time since last: 825003 ns, Reaching safepoint: 94401 ns, At safepoint: 11200 ns, Total: 105601 ns
[10.509s][info ][safepoint      ] Safepoint "ICBufferFull", Time since last: 46200 ns, Reaching safepoint: 87800 ns, At safepoint: 20400 ns, Total: 108200 ns
[10.511s][info ][safepoint      ] Safepoint "ICBufferFull", Time since last: 1831908 ns, Reaching safepoint: 97501 ns, At safepoint: 21200 ns, Total: 118701 ns
[10.511s][info ][safepoint      ] Safepoint "ICBufferFull", Time since last: 48600 ns, Reaching safepoint: 81100 ns, At safepoint: 24100 ns, Total: 105200 ns
[10.511s][info ][safepoint      ] Safepoint "ICBufferFull", Time since last: 40301 ns, Reaching safepoint: 94500 ns, At safepoint: 17600 ns, Total: 112100 ns
[10.511s][info ][safepoint      ] Safepoint "ICBufferFull", Time since last: 51700 ns, Reaching safepoint: 84901 ns, At safepoint: 21200 ns, Total: 106101 ns
[10.516s][info ][safepoint      ] Safepoint "ICBufferFull", Time since last: 4945321 ns, Reaching safepoint: 105500 ns, At safepoint: 22200 ns, Total: 127700 ns
[10.516s][info ][safepoint      ] Safepoint "ICBufferFull", Time since last: 77701 ns, Reaching safepoint: 87100 ns, At safepoint: 23000 ns, Total: 110100 ns
[10.517s][info ][safepoint      ] Safepoint "ICBufferFull", Time since last: 58600 ns, Reaching safepoint: 153101 ns, At safepoint: 23200 ns, Total: 176301 ns
[10.517s][info ][safepoint      ] Safepoint "ICBufferFull", Time since last: 51700 ns, Reaching safepoint: 85901 ns, At safepoint: 19800 ns, Total: 105701 ns
[10.517s][info ][safepoint      ] Safepoint "ICBufferFull", Time since last: 99500 ns, Reaching safepoint: 97001 ns, At safepoint: 18400 ns, Total: 115401 ns
[10.517s][info ][safepoint      ] Safepoint "ICBufferFull", Time since last: 118300 ns, Reaching safepoint: 129501 ns, At safepoint: 24900 ns, Total: 154401 ns
[10.518s][info ][safepoint      ] Safepoint "ICBufferFull", Time since last: 956604 ns, Reaching safepoint: 109200 ns, At safepoint: 20301 ns, Total: 129501 ns
[10.519s][info ][safepoint      ] Safepoint "ICBufferFull", Time since last: 93200 ns, Reaching safepoint: 85200 ns, At safepoint: 19800 ns, Total: 105000 ns
[10.520s][info ][safepoint      ] Safepoint "ICBufferFull", Time since last: 932204 ns, Reaching safepoint: 108801 ns, At safepoint: 19600 ns, Total: 128401 ns
[10.520s][info ][safepoint      ] Safepoint "ICBufferFull", Time since last: 113700 ns, Reaching safepoint: 89601 ns, At safepoint: 20400 ns, Total: 110001 ns
[10.521s][info ][safepoint      ] Safepoint "ICBufferFull", Time since last: 1365106 ns, Reaching safepoint: 100300 ns, At safepoint: 23300 ns, Total: 123600 ns
[10.528s][info ][safepoint      ] Safepoint "ICBufferFull", Time since last: 5694024 ns, Reaching safepoint: 640603 ns, At safepoint: 21800 ns, Total: 662403 ns
[10.528s][info ][safepoint      ] Safepoint "ICBufferFull", Time since last: 61601 ns, Reaching safepoint: 93000 ns, At safepoint: 17900 ns, Total: 110900 ns
[10.528s][info ][safepoint      ] Safepoint "ICBufferFull", Time since last: 58200 ns, Reaching safepoint: 86901 ns, At safepoint: 18400 ns, Total: 105301 ns
[10.529s][info ][safepoint      ] Safepoint "ICBufferFull", Time since last: 389801 ns, Reaching safepoint: 97101 ns, At safepoint: 21900 ns, Total: 119001 ns
[10.530s][info ][safepoint      ] Safepoint "ICBufferFull", Time since last: 938104 ns, Reaching safepoint: 102000 ns, At safepoint: 18900 ns, Total: 120900 ns
[10.530s][info ][safepoint      ] Safepoint "ICBufferFull", Time since last: 57501 ns, Reaching safepoint: 91700 ns, At safepoint: 28100 ns, Total: 119800 ns
[10.530s][info ][safepoint      ] Safepoint "ICBufferFull", Time since last: 52900 ns, Reaching safepoint: 73101 ns, At safepoint: 27400 ns, Total: 100501 ns
[10.531s][info ][safepoint      ] Safepoint "ICBufferFull", Time since last: 1225005 ns, Reaching safepoint: 99700 ns, At safepoint: 28001 ns, Total: 127701 ns
[10.532s][info ][safepoint      ] Safepoint "ICBufferFull", Time since last: 904603 ns, Reaching safepoint: 53101 ns, At safepoint: 21500 ns, Total: 74601 ns
[10.532s][info ][safepoint      ] Safepoint "ICBufferFull", Time since last: 85100 ns, Reaching safepoint: 87600 ns, At safepoint: 15501 ns, Total: 103101 ns
[10.533s][info ][safepoint      ] Safepoint "ICBufferFull", Time since last: 649602 ns, Reaching safepoint: 90101 ns, At safepoint: 24300 ns, Total: 114401 ns
[10.533s][info ][safepoint      ] Safepoint "ICBufferFull", Time since last: 34700 ns, Reaching safepoint: 83800 ns, At safepoint: 21600 ns, Total: 105400 ns
[10.534s][info ][safepoint      ] Safepoint "ICBufferFull", Time since last: 856404 ns, Reaching safepoint: 94800 ns, At safepoint: 19301 ns, Total: 114101 ns
[10.535s][info ][safepoint      ] Safepoint "ICBufferFull", Time since last: 158400 ns, Reaching safepoint: 88401 ns, At safepoint: 19400 ns, Total: 107801 ns
[10.535s][info ][safepoint      ] Safepoint "ICBufferFull", Time since last: 80100 ns, Reaching safepoint: 85100 ns, At safepoint: 24000 ns, Total: 109100 ns
[10.536s][info ][safepoint      ] Safepoint "ICBufferFull", Time since last: 905504 ns, Reaching safepoint: 97501 ns, At safepoint: 16600 ns, Total: 114101 ns
[10.536s][info ][safepoint      ] Safepoint "ICBufferFull", Time since last: 104800 ns, Reaching safepoint: 89301 ns, At safepoint: 27000 ns, Total: 116301 ns
[10.538s][info ][safepoint      ] Safepoint "ICBufferFull", Time since last: 1917308 ns, Reaching safepoint: 103700 ns, At safepoint: 18700 ns, Total: 122400 ns
[10.538s][info ][safepoint      ] Safepoint "ICBufferFull", Time since last: 146201 ns, Reaching safepoint: 87600 ns, At safepoint: 22101 ns, Total: 109701 ns
[10.539s][info ][safepoint      ] Safepoint "ICBufferFull", Time since last: 1004004 ns, Reaching safepoint: 69400 ns, At safepoint: 12700 ns, Total: 82100 ns
[10.540s][info ][safepoint      ] Safepoint "ICBufferFull", Time since last: 78901 ns, Reaching safepoint: 94800 ns, At safepoint: 12800 ns, Total: 107600 ns
[10.540s][info ][safepoint      ] Safepoint "ICBufferFull", Time since last: 54400 ns, Reaching safepoint: 85601 ns, At safepoint: 17000 ns, Total: 102601 ns
[10.540s][info ][safepoint      ] Safepoint "ICBufferFull", Time since last: 247401 ns, Reaching safepoint: 94600 ns, At safepoint: 24100 ns, Total: 118700 ns
[10.541s][info ][safepoint      ] Safepoint "ICBufferFull", Time since last: 955204 ns, Reaching safepoint: 118301 ns, At safepoint: 20600 ns, Total: 138901 ns
[10.542s][info ][safepoint      ] Safepoint "ICBufferFull", Time since last: 883504 ns, Reaching safepoint: 94900 ns, At safepoint: 19200 ns, Total: 114100 ns
[10.543s][info ][safepoint      ] Safepoint "ICBufferFull", Time since last: 105101 ns, Reaching safepoint: 171700 ns, At safepoint: 18600 ns, Total: 190300 ns
[10.543s][info ][safepoint      ] Safepoint "ICBufferFull", Time since last: 51001 ns, Reaching safepoint: 83900 ns, At safepoint: 19700 ns, Total: 103600 ns
[10.544s][info ][safepoint      ] Safepoint "ICBufferFull", Time since last: 764503 ns, Reaching safepoint: 99201 ns, At safepoint: 19900 ns, Total: 119101 ns
[10.545s][info ][safepoint      ] Safepoint "ICBufferFull", Time since last: 1640407 ns, Reaching safepoint: 105300 ns, At safepoint: 21900 ns, Total: 127200 ns
[10.546s][info ][safepoint      ] Safepoint "ICBufferFull", Time since last: 486902 ns, Reaching safepoint: 103401 ns, At safepoint: 26000 ns, Total: 129401 ns
[10.546s][info ][safepoint      ] Safepoint "ICBufferFull", Time since last: 89600 ns, Reaching safepoint: 92601 ns, At safepoint: 21100 ns, Total: 113701 ns
[10.546s][info ][safepoint      ] Safepoint "ICBufferFull", Time since last: 76800 ns, Reaching safepoint: 103501 ns, At safepoint: 20300 ns, Total: 123801 ns
[10.547s][info ][safepoint      ] Safepoint "ICBufferFull", Time since last: 780603 ns, Reaching safepoint: 95300 ns, At safepoint: 11600 ns, Total: 106900 ns
[10.547s][info ][safepoint      ] Safepoint "ICBufferFull", Time since last: 47001 ns, Reaching safepoint: 81800 ns, At safepoint: 25000 ns, Total: 106800 ns
[10.548s][info ][safepoint      ] Safepoint "ICBufferFull", Time since last: 42500 ns, Reaching safepoint: 80101 ns, At safepoint: 21500 ns, Total: 101601 ns
[10.548s][info ][safepoint      ] Safepoint "ICBufferFull", Time since last: 95500 ns, Reaching safepoint: 89200 ns, At safepoint: 23601 ns, Total: 112801 ns
[10.548s][info ][safepoint      ] Safepoint "ICBufferFull", Time since last: 45800 ns, Reaching safepoint: 82000 ns, At safepoint: 18200 ns, Total: 100200 ns
[10.549s][info ][safepoint      ] Safepoint "ICBufferFull", Time since last: 1329106 ns, Reaching safepoint: 51800 ns, At safepoint: 23800 ns, Total: 75600 ns
[10.549s][info ][safepoint      ] Safepoint "ICBufferFull", Time since last: 57600 ns, Reaching safepoint: 81001 ns, At safepoint: 21500 ns, Total: 102501 ns
[10.550s][info ][safepoint      ] Safepoint "ICBufferFull", Time since last: 49500 ns, Reaching safepoint: 83500 ns, At safepoint: 22401 ns, Total: 105901 ns
[10.550s][info ][safepoint      ] Safepoint "ICBufferFull", Time since last: 63800 ns, Reaching safepoint: 80700 ns, At safepoint: 21300 ns, Total: 102000 ns
[10.550s][info ][safepoint      ] Safepoint "ICBufferFull", Time since last: 50400 ns, Reaching safepoint: 87601 ns, At safepoint: 18500 ns, Total: 106101 ns
[10.550s][info ][safepoint      ] Safepoint "ICBufferFull", Time since last: 28700 ns, Reaching safepoint: 78600 ns, At safepoint: 20500 ns, Total: 99100 ns
[10.550s][info ][safepoint      ] Safepoint "ICBufferFull", Time since last: 38401 ns, Reaching safepoint: 79700 ns, At safepoint: 23600 ns, Total: 103300 ns
[10.551s][info ][safepoint      ] Safepoint "ICBufferFull", Time since last: 748203 ns, Reaching safepoint: 95501 ns, At safepoint: 17300 ns, Total: 112801 ns
[10.553s][info ][safepoint      ] Safepoint "ICBufferFull", Time since last: 2162809 ns, Reaching safepoint: 92600 ns, At safepoint: 19500 ns, Total: 112100 ns
[10.553s][info ][safepoint      ] Safepoint "ICBufferFull", Time since last: 53501 ns, Reaching safepoint: 79000 ns, At safepoint: 21600 ns, Total: 100600 ns
[10.554s][info ][safepoint      ] Safepoint "ICBufferFull", Time since last: 46500 ns, Reaching safepoint: 84401 ns, At safepoint: 27800 ns, Total: 112201 ns
[10.554s][info ][safepoint      ] Safepoint "ICBufferFull", Time since last: 35700 ns, Reaching safepoint: 84100 ns, At safepoint: 23100 ns, Total: 107200 ns
[10.554s][info ][safepoint      ] Safepoint "ICBufferFull", Time since last: 53201 ns, Reaching safepoint: 81000 ns, At safepoint: 26200 ns, Total: 107200 ns
[10.554s][info ][safepoint      ] Safepoint "ICBufferFull", Time since last: 64900 ns, Reaching safepoint: 90401 ns, At safepoint: 25400 ns, Total: 115801 ns
[10.554s][info ][safepoint      ] Safepoint "ICBufferFull", Time since last: 52100 ns, Reaching safepoint: 88700 ns, At safepoint: 28901 ns, Total: 117601 ns
[10.557s][info ][safepoint      ] Safepoint "ICBufferFull", Time since last: 2942012 ns, Reaching safepoint: 97400 ns, At safepoint: 21801 ns, Total: 119201 ns
[10.558s][info ][safepoint      ] Safepoint "ICBufferFull", Time since last: 61600 ns, Reaching safepoint: 83600 ns, At safepoint: 26300 ns, Total: 109900 ns
[10.558s][info ][safepoint      ] Safepoint "ICBufferFull", Time since last: 188901 ns, Reaching safepoint: 82400 ns, At safepoint: 27701 ns, Total: 110101 ns
[10.558s][info ][safepoint      ] Safepoint "ICBufferFull", Time since last: 484402 ns, Reaching safepoint: 86300 ns, At safepoint: 21300 ns, Total: 107600 ns
[10.559s][info ][safepoint      ] Safepoint "ICBufferFull", Time since last: 101301 ns, Reaching safepoint: 85800 ns, At safepoint: 26500 ns, Total: 112300 ns
[10.559s][info ][safepoint      ] Safepoint "ICBufferFull", Time since last: 47700 ns, Reaching safepoint: 84401 ns, At safepoint: 21900 ns, Total: 106301 ns
[10.560s][info ][safepoint      ] Safepoint "ICBufferFull", Time since last: 758903 ns, Reaching safepoint: 91200 ns, At safepoint: 28800 ns, Total: 120000 ns
[10.560s][info ][safepoint      ] Safepoint "ICBufferFull", Time since last: 721103 ns, Reaching safepoint: 93301 ns, At safepoint: 9000 ns, Total: 102301 ns
[10.561s][info ][safepoint      ] Safepoint "ICBufferFull", Time since last: 46800 ns, Reaching safepoint: 83400 ns, At safepoint: 19001 ns, Total: 102401 ns
[10.561s][info ][safepoint      ] Safepoint "ICBufferFull", Time since last: 76200 ns, Reaching safepoint: 93400 ns, At safepoint: 15600 ns, Total: 109000 ns
[10.561s][info ][safepoint      ] Safepoint "ICBufferFull", Time since last: 35501 ns, Reaching safepoint: 81100 ns, At safepoint: 15100 ns, Total: 96200 ns
[10.561s][info ][safepoint      ] Safepoint "ICBufferFull", Time since last: 39600 ns, Reaching safepoint: 81600 ns, At safepoint: 16901 ns, Total: 98501 ns
[10.562s][info ][safepoint      ] Safepoint "ICBufferFull", Time since last: 900103 ns, Reaching safepoint: 102501 ns, At safepoint: 15000 ns, Total: 117501 ns
[10.562s][info ][safepoint      ] Safepoint "ICBufferFull", Time since last: 70900 ns, Reaching safepoint: 81600 ns, At safepoint: 22601 ns, Total: 104201 ns
[10.565s][info ][safepoint      ] Safepoint "ICBufferFull", Time since last: 2067308 ns, Reaching safepoint: 898304 ns, At safepoint: 27200 ns, Total: 925504 ns
[10.565s][info ][safepoint      ] Safepoint "ICBufferFull", Time since last: 57901 ns, Reaching safepoint: 57100 ns, At safepoint: 26000 ns, Total: 83100 ns
[10.566s][info ][safepoint      ] Safepoint "ICBufferFull", Time since last: 55000 ns, Reaching safepoint: 83501 ns, At safepoint: 20300 ns, Total: 103801 ns
[10.566s][info ][safepoint      ] Safepoint "ICBufferFull", Time since last: 39600 ns, Reaching safepoint: 84200 ns, At safepoint: 21700 ns, Total: 105900 ns
[10.566s][info ][safepoint      ] Safepoint "ICBufferFull", Time since last: 323602 ns, Reaching safepoint: 106800 ns, At safepoint: 25600 ns, Total: 132400 ns
[10.566s][info ][safepoint      ] Safepoint "ICBufferFull", Time since last: 87201 ns, Reaching safepoint: 92500 ns, At safepoint: 23700 ns, Total: 116200 ns
[10.567s][info ][safepoint      ] Safepoint "ICBufferFull", Time since last: 881504 ns, Reaching safepoint: 96100 ns, At safepoint: 16700 ns, Total: 112800 ns
[10.573s][info ][safepoint      ] Safepoint "ICBufferFull", Time since last: 5867025 ns, Reaching safepoint: 97801 ns, At safepoint: 24900 ns, Total: 122701 ns
[10.574s][info ][safepoint      ] Safepoint "ICBufferFull", Time since last: 55400 ns, Reaching safepoint: 93000 ns, At safepoint: 24201 ns, Total: 117201 ns
[10.574s][info ][safepoint      ] Safepoint "ICBufferFull", Time since last: 55100 ns, Reaching safepoint: 88900 ns, At safepoint: 19700 ns, Total: 108600 ns
[10.574s][info ][safepoint      ] Safepoint "ICBufferFull", Time since last: 50100 ns, Reaching safepoint: 88701 ns, At safepoint: 21200 ns, Total: 109901 ns
[10.574s][info ][safepoint      ] Safepoint "ICBufferFull", Time since last: 36600 ns, Reaching safepoint: 91400 ns, At safepoint: 18401 ns, Total: 109801 ns
[10.574s][info ][safepoint      ] Safepoint "ICBufferFull", Time since last: 30600 ns, Reaching safepoint: 80400 ns, At safepoint: 24900 ns, Total: 105300 ns
[10.575s][info ][safepoint      ] Safepoint "ICBufferFull", Time since last: 751003 ns, Reaching safepoint: 55801 ns, At safepoint: 11200 ns, Total: 67001 ns
[10.575s][info ][safepoint      ] Safepoint "ICBufferFull", Time since last: 142800 ns, Reaching safepoint: 91501 ns, At safepoint: 17100 ns, Total: 108601 ns
[10.575s][info ][safepoint      ] Safepoint "ICBufferFull", Time since last: 64200 ns, Reaching safepoint: 94400 ns, At safepoint: 12300 ns, Total: 106700 ns
[10.576s][info ][safepoint      ] Safepoint "ICBufferFull", Time since last: 123201 ns, Reaching safepoint: 88800 ns, At safepoint: 14800 ns, Total: 103600 ns
[10.576s][info ][safepoint      ] Safepoint "ICBufferFull", Time since last: 229401 ns, Reaching safepoint: 89001 ns, At safepoint: 21200 ns, Total: 110201 ns
[10.578s][info ][safepoint      ] Safepoint "ICBufferFull", Time since last: 1809508 ns, Reaching safepoint: 297401 ns, At safepoint: 28000 ns, Total: 325401 ns
[10.578s][info ][safepoint      ] Safepoint "ICBufferFull", Time since last: 58500 ns, Reaching safepoint: 119901 ns, At safepoint: 13300 ns, Total: 133201 ns
[10.579s][info ][safepoint      ] Safepoint "ICBufferFull", Time since last: 222701 ns, Reaching safepoint: 55700 ns, At safepoint: 24400 ns, Total: 80100 ns
[10.579s][info ][safepoint      ] Safepoint "ICBufferFull", Time since last: 55600 ns, Reaching safepoint: 91301 ns, At safepoint: 15800 ns, Total: 107101 ns
[10.579s][info ][safepoint      ] Safepoint "ICBufferFull", Time since last: 34300 ns, Reaching safepoint: 86400 ns, At safepoint: 22100 ns, Total: 108500 ns
[10.579s][info ][safepoint      ] Safepoint "ICBufferFull", Time since last: 43100 ns, Reaching safepoint: 85901 ns, At safepoint: 22900 ns, Total: 108801 ns
[10.580s][info ][safepoint      ] Safepoint "ICBufferFull", Time since last: 880704 ns, Reaching safepoint: 104000 ns, At safepoint: 13200 ns, Total: 117200 ns
[10.581s][info ][safepoint      ] Safepoint "ICBufferFull", Time since last: 573103 ns, Reaching safepoint: 82200 ns, At safepoint: 30900 ns, Total: 113100 ns
[10.581s][info ][safepoint      ] Safepoint "ICBufferFull", Time since last: 497902 ns, Reaching safepoint: 53800 ns, At safepoint: 23401 ns, Total: 77201 ns
[10.581s][info ][safepoint      ] Safepoint "ICBufferFull", Time since last: 64600 ns, Reaching safepoint: 82800 ns, At safepoint: 27500 ns, Total: 110300 ns
[10.582s][info ][safepoint      ] Safepoint "ICBufferFull", Time since last: 97001 ns, Reaching safepoint: 92700 ns, At safepoint: 19800 ns, Total: 112500 ns
[10.582s][info ][safepoint      ] Safepoint "ICBufferFull", Time since last: 41500 ns, Reaching safepoint: 92001 ns, At safepoint: 24300 ns, Total: 116301 ns
[10.583s][info ][safepoint      ] Safepoint "ICBufferFull", Time since last: 735603 ns, Reaching safepoint: 96100 ns, At safepoint: 15700 ns, Total: 111800 ns
[10.583s][info ][safepoint      ] Safepoint "ICBufferFull", Time since last: 47201 ns, Reaching safepoint: 79800 ns, At safepoint: 20400 ns, Total: 100200 ns
[10.583s][info ][safepoint      ] Safepoint "ICBufferFull", Time since last: 79700 ns, Reaching safepoint: 87801 ns, At safepoint: 20600 ns, Total: 108401 ns
[10.583s][info ][safepoint      ] Safepoint "ICBufferFull", Time since last: 39800 ns, Reaching safepoint: 85500 ns, At safepoint: 18301 ns, Total: 103801 ns
[10.584s][info ][safepoint      ] Safepoint "ICBufferFull", Time since last: 1208005 ns, Reaching safepoint: 100700 ns, At safepoint: 13000 ns, Total: 113700 ns
[10.585s][info ][safepoint      ] Safepoint "ICBufferFull", Time since last: 62200 ns, Reaching safepoint: 56201 ns, At safepoint: 27500 ns, Total: 83701 ns
[10.585s][info ][safepoint      ] Safepoint "ICBufferFull", Time since last: 83900 ns, Reaching safepoint: 92001 ns, At safepoint: 19900 ns, Total: 111901 ns
[10.585s][info ][safepoint      ] Safepoint "ICBufferFull", Time since last: 31300 ns, Reaching safepoint: 79600 ns, At safepoint: 23700 ns, Total: 103300 ns
[10.585s][info ][safepoint      ] Safepoint "ICBufferFull", Time since last: 139101 ns, Reaching safepoint: 112900 ns, At safepoint: 24300 ns, Total: 137200 ns
[10.586s][info ][safepoint      ] Safepoint "ICBufferFull", Time since last: 761604 ns, Reaching safepoint: 78200 ns, At safepoint: 12200 ns, Total: 90400 ns
[10.586s][info ][safepoint      ] Safepoint "ICBufferFull", Time since last: 31800 ns, Reaching safepoint: 84700 ns, At safepoint: 20101 ns, Total: 104801 ns
[10.586s][info ][safepoint      ] Safepoint "ICBufferFull", Time since last: 48300 ns, Reaching safepoint: 85100 ns, At safepoint: 22100 ns, Total: 107200 ns
[10.587s][info ][safepoint      ] Safepoint "ICBufferFull", Time since last: 32000 ns, Reaching safepoint: 96601 ns, At safepoint: 24000 ns, Total: 120601 ns
[10.587s][info ][safepoint      ] Safepoint "ICBufferFull", Time since last: 424002 ns, Reaching safepoint: 89500 ns, At safepoint: 25100 ns, Total: 114600 ns
[10.588s][info ][safepoint      ] Safepoint "ICBufferFull", Time since last: 647003 ns, Reaching safepoint: 109200 ns, At safepoint: 11600 ns, Total: 120800 ns
[10.588s][info ][safepoint      ] Safepoint "ICBufferFull", Time since last: 68701 ns, Reaching safepoint: 94800 ns, At safepoint: 18600 ns, Total: 113400 ns
[10.588s][info ][safepoint      ] Safepoint "ICBufferFull", Time since last: 47200 ns, Reaching safepoint: 83701 ns, At safepoint: 21100 ns, Total: 104801 ns
[10.588s][info ][safepoint      ] Safepoint "ICBufferFull", Time since last: 59500 ns, Reaching safepoint: 84500 ns, At safepoint: 20501 ns, Total: 105001 ns
[10.590s][info ][safepoint      ] Safepoint "ICBufferFull", Time since last: 1090604 ns, Reaching safepoint: 93001 ns, At safepoint: 15700 ns, Total: 108701 ns
[10.590s][info ][safepoint      ] Safepoint "ICBufferFull", Time since last: 63600 ns, Reaching safepoint: 89200 ns, At safepoint: 17900 ns, Total: 107100 ns
[10.590s][info ][safepoint      ] Safepoint "ICBufferFull", Time since last: 51001 ns, Reaching safepoint: 84800 ns, At safepoint: 15100 ns, Total: 99900 ns
[10.590s][info ][safepoint      ] Safepoint "ICBufferFull", Time since last: 32200 ns, Reaching safepoint: 97001 ns, At safepoint: 22800 ns, Total: 119801 ns
[10.590s][info ][safepoint      ] Safepoint "ICBufferFull", Time since last: 66400 ns, Reaching safepoint: 85300 ns, At safepoint: 24400 ns, Total: 109700 ns
[10.590s][info ][safepoint      ] Safepoint "ICBufferFull", Time since last: 115901 ns, Reaching safepoint: 93500 ns, At safepoint: 24600 ns, Total: 118100 ns
[10.592s][info ][safepoint      ] Safepoint "ICBufferFull", Time since last: 1033605 ns, Reaching safepoint: 98000 ns, At safepoint: 23800 ns, Total: 121800 ns
[10.592s][info ][safepoint      ] Safepoint "ICBufferFull", Time since last: 74401 ns, Reaching safepoint: 97500 ns, At safepoint: 20900 ns, Total: 118400 ns
[10.592s][info ][safepoint      ] Safepoint "ICBufferFull", Time since last: 52000 ns, Reaching safepoint: 85301 ns, At safepoint: 22300 ns, Total: 107601 ns
[10.592s][info ][safepoint      ] Safepoint "ICBufferFull", Time since last: 30600 ns, Reaching safepoint: 97800 ns, At safepoint: 18501 ns, Total: 116301 ns
[10.597s][info ][safepoint      ] Safepoint "ICBufferFull", Time since last: 5144621 ns, Reaching safepoint: 64901 ns, At safepoint: 20100 ns, Total: 85001 ns
[10.597s][info ][safepoint      ] Safepoint "ICBufferFull", Time since last: 65400 ns, Reaching safepoint: 80400 ns, At safepoint: 24101 ns, Total: 104501 ns
[10.598s][info ][safepoint      ] Safepoint "ICBufferFull", Time since last: 55100 ns, Reaching safepoint: 78700 ns, At safepoint: 20800 ns, Total: 99500 ns
[10.598s][info ][safepoint      ] Safepoint "ICBufferFull", Time since last: 49500 ns, Reaching safepoint: 86701 ns, At safepoint: 24300 ns, Total: 111001 ns
[10.598s][info ][safepoint      ] Safepoint "ICBufferFull", Time since last: 42700 ns, Reaching safepoint: 88800 ns, At safepoint: 27301 ns, Total: 116101 ns
[10.598s][info ][safepoint      ] Safepoint "ICBufferFull", Time since last: 50700 ns, Reaching safepoint: 85600 ns, At safepoint: 20300 ns, Total: 105900 ns
[10.598s][info ][safepoint      ] Safepoint "ICBufferFull", Time since last: 163701 ns, Reaching safepoint: 94200 ns, At safepoint: 30400 ns, Total: 124600 ns
[10.599s][info ][safepoint      ] Safepoint "ICBufferFull", Time since last: 898904 ns, Reaching safepoint: 104801 ns, At safepoint: 23000 ns, Total: 127801 ns
[10.601s][info ][safepoint      ] Safepoint "ICBufferFull", Time since last: 1511806 ns, Reaching safepoint: 168201 ns, At safepoint: 27500 ns, Total: 195701 ns
[10.601s][info ][safepoint      ] Safepoint "ICBufferFull", Time since last: 79600 ns, Reaching safepoint: 83701 ns, At safepoint: 24500 ns, Total: 108201 ns
[10.601s][info ][safepoint      ] Safepoint "ICBufferFull", Time since last: 50800 ns, Reaching safepoint: 82800 ns, At safepoint: 21801 ns, Total: 104601 ns
[10.602s][info ][safepoint      ] Safepoint "ICBufferFull", Time since last: 32100 ns, Reaching safepoint: 164100 ns, At safepoint: 24300 ns, Total: 188400 ns
[10.602s][info ][safepoint      ] Safepoint "ICBufferFull", Time since last: 72101 ns, Reaching safepoint: 87300 ns, At safepoint: 26700 ns, Total: 114000 ns
[10.603s][info ][safepoint      ] Safepoint "ICBufferFull", Time since last: 987504 ns, Reaching safepoint: 97001 ns, At safepoint: 20200 ns, Total: 117201 ns
[10.603s][info ][safepoint      ] Safepoint "ICBufferFull", Time since last: 358801 ns, Reaching safepoint: 97001 ns, At safepoint: 25500 ns, Total: 122501 ns
[10.604s][info ][safepoint      ] Safepoint "ICBufferFull", Time since last: 249001 ns, Reaching safepoint: 91100 ns, At safepoint: 27901 ns, Total: 119001 ns
[10.605s][info ][safepoint      ] Safepoint "ICBufferFull", Time since last: 942704 ns, Reaching safepoint: 101300 ns, At safepoint: 22000 ns, Total: 123300 ns
[10.605s][info ][safepoint      ] Safepoint "ICBufferFull", Time since last: 124101 ns, Reaching safepoint: 92700 ns, At safepoint: 20400 ns, Total: 113100 ns
[10.605s][info ][safepoint      ] Safepoint "ICBufferFull", Time since last: 64400 ns, Reaching safepoint: 92501 ns, At safepoint: 23600 ns, Total: 116101 ns
[10.606s][info ][safepoint      ] Safepoint "ICBufferFull", Time since last: 996604 ns, Reaching safepoint: 106101 ns, At safepoint: 22300 ns, Total: 128401 ns
[10.607s][info ][safepoint      ] Safepoint "ICBufferFull", Time since last: 829303 ns, Reaching safepoint: 100201 ns, At safepoint: 19000 ns, Total: 119201 ns
[10.608s][info ][safepoint      ] Safepoint "ICBufferFull", Time since last: 49900 ns, Reaching safepoint: 91700 ns, At safepoint: 20900 ns, Total: 112600 ns
[10.609s][info ][safepoint      ] Safepoint "ICBufferFull", Time since last: 848504 ns, Reaching safepoint: 105700 ns, At safepoint: 19601 ns, Total: 125301 ns
[10.609s][info ][safepoint      ] Safepoint "ICBufferFull", Time since last: 679502 ns, Reaching safepoint: 88101 ns, At safepoint: 20600 ns, Total: 108701 ns
[10.609s][info ][safepoint      ] Safepoint "ICBufferFull", Time since last: 40100 ns, Reaching safepoint: 87300 ns, At safepoint: 22001 ns, Total: 109301 ns
[10.610s][info ][safepoint      ] Safepoint "ICBufferFull", Time since last: 45400 ns, Reaching safepoint: 91800 ns, At safepoint: 17700 ns, Total: 109500 ns
[10.611s][info ][safepoint      ] Safepoint "ICBufferFull", Time since last: 858604 ns, Reaching safepoint: 100600 ns, At safepoint: 21900 ns, Total: 122500 ns
[10.611s][info ][safepoint      ] Safepoint "ICBufferFull", Time since last: 59101 ns, Reaching safepoint: 86100 ns, At safepoint: 23900 ns, Total: 110000 ns
[10.612s][info ][safepoint      ] Safepoint "ICBufferFull", Time since last: 893204 ns, Reaching safepoint: 96100 ns, At safepoint: 21900 ns, Total: 118000 ns
[10.614s][info ][safepoint      ] Safepoint "ICBufferFull", Time since last: 2564111 ns, Reaching safepoint: 100701 ns, At safepoint: 22200 ns, Total: 122901 ns
[10.615s][info ][safepoint      ] Safepoint "ICBufferFull", Time since last: 50600 ns, Reaching safepoint: 84700 ns, At safepoint: 21201 ns, Total: 105901 ns
[10.617s][info ][safepoint      ] Safepoint "ICBufferFull", Time since last: 2177709 ns, Reaching safepoint: 89000 ns, At safepoint: 16500 ns, Total: 105500 ns
[10.620s][info ][safepoint      ] Safepoint "ICBufferFull", Time since last: 3202614 ns, Reaching safepoint: 91300 ns, At safepoint: 21600 ns, Total: 112900 ns
[10.620s][info ][safepoint      ] Safepoint "ICBufferFull", Time since last: 48301 ns, Reaching safepoint: 86300 ns, At safepoint: 21100 ns, Total: 107400 ns
[10.621s][info ][safepoint      ] Safepoint "ICBufferFull", Time since last: 28600 ns, Reaching safepoint: 84901 ns, At safepoint: 21000 ns, Total: 105901 ns
[10.626s][info ][safepoint      ] Safepoint "ICBufferFull", Time since last: 5429723 ns, Reaching safepoint: 103400 ns, At safepoint: 12400 ns, Total: 115800 ns
[10.626s][info ][safepoint      ] Safepoint "ICBufferFull", Time since last: 79901 ns, Reaching safepoint: 90600 ns, At safepoint: 18500 ns, Total: 109100 ns
[10.626s][info ][safepoint      ] Safepoint "ICBufferFull", Time since last: 59800 ns, Reaching safepoint: 89801 ns, At safepoint: 21800 ns, Total: 111601 ns
[10.627s][info ][safepoint      ] Safepoint "ICBufferFull", Time since last: 137500 ns, Reaching safepoint: 95401 ns, At safepoint: 19600 ns, Total: 115001 ns
[10.627s][info ][safepoint      ] Safepoint "ICBufferFull", Time since last: 161101 ns, Reaching safepoint: 94600 ns, At safepoint: 24600 ns, Total: 119200 ns
[10.628s][info ][safepoint      ] Safepoint "ICBufferFull", Time since last: 1164605 ns, Reaching safepoint: 101200 ns, At safepoint: 6600 ns, Total: 107800 ns
[10.628s][info ][safepoint      ] Safepoint "ICBufferFull", Time since last: 54001 ns, Reaching safepoint: 82700 ns, At safepoint: 15600 ns, Total: 98300 ns
[10.629s][info ][safepoint      ] Safepoint "ICBufferFull", Time since last: 847404 ns, Reaching safepoint: 93000 ns, At safepoint: 17800 ns, Total: 110800 ns
[10.629s][info ][safepoint      ] Safepoint "ICBufferFull", Time since last: 41600 ns, Reaching safepoint: 87401 ns, At safepoint: 19300 ns, Total: 106701 ns
[10.630s][info ][safepoint      ] Safepoint "ICBufferFull", Time since last: 40500 ns, Reaching safepoint: 82400 ns, At safepoint: 25300 ns, Total: 107700 ns
[10.630s][info ][safepoint      ] Safepoint "ICBufferFull", Time since last: 41401 ns, Reaching safepoint: 86900 ns, At safepoint: 18300 ns, Total: 105200 ns
[10.630s][info ][safepoint      ] Safepoint "ICBufferFull", Time since last: 90000 ns, Reaching safepoint: 94201 ns, At safepoint: 22800 ns, Total: 117001 ns
[10.631s][info ][safepoint      ] Safepoint "ICBufferFull", Time since last: 706003 ns, Reaching safepoint: 55000 ns, At safepoint: 15700 ns, Total: 70700 ns
[10.631s][info ][safepoint      ] Safepoint "ICBufferFull", Time since last: 56401 ns, Reaching safepoint: 86600 ns, At safepoint: 19800 ns, Total: 106400 ns
[10.631s][info ][safepoint      ] Safepoint "ICBufferFull", Time since last: 53100 ns, Reaching safepoint: 84801 ns, At safepoint: 18700 ns, Total: 103501 ns
[10.632s][info ][safepoint      ] Safepoint "ICBufferFull", Time since last: 979704 ns, Reaching safepoint: 102000 ns, At safepoint: 23200 ns, Total: 125200 ns
[10.632s][info ][safepoint      ] Safepoint "ICBufferFull", Time since last: 59101 ns, Reaching safepoint: 96200 ns, At safepoint: 20000 ns, Total: 116200 ns
[10.633s][info ][safepoint      ] Safepoint "ICBufferFull", Time since last: 176201 ns, Reaching safepoint: 93000 ns, At safepoint: 25000 ns, Total: 118000 ns
[10.634s][info ][safepoint      ] Safepoint "ICBufferFull", Time since last: 796604 ns, Reaching safepoint: 100100 ns, At safepoint: 12100 ns, Total: 112200 ns
[10.634s][info ][safepoint      ] Safepoint "ICBufferFull", Time since last: 61200 ns, Reaching safepoint: 87601 ns, At safepoint: 21300 ns, Total: 108901 ns
[10.634s][info ][safepoint      ] Safepoint "ICBufferFull", Time since last: 32700 ns, Reaching safepoint: 81900 ns, At safepoint: 17801 ns, Total: 99701 ns
[10.634s][info ][safepoint      ] Safepoint "ICBufferFull", Time since last: 44200 ns, Reaching safepoint: 89300 ns, At safepoint: 17500 ns, Total: 106800 ns
[10.637s][info ][safepoint      ] Safepoint "ICBufferFull", Time since last: 3199514 ns, Reaching safepoint: 98200 ns, At safepoint: 23200 ns, Total: 121400 ns
[10.637s][info ][safepoint      ] Safepoint "ICBufferFull", Time since last: 47501 ns, Reaching safepoint: 85800 ns, At safepoint: 20900 ns, Total: 106700 ns
[10.638s][info ][safepoint      ] Safepoint "ICBufferFull", Time since last: 39300 ns, Reaching safepoint: 97101 ns, At safepoint: 19700 ns, Total: 116801 ns
[10.638s][info ][safepoint      ] Safepoint "ICBufferFull", Time since last: 29200 ns, Reaching safepoint: 82500 ns, At safepoint: 19600 ns, Total: 102100 ns
[10.641s][info ][safepoint      ] Safepoint "ICBufferFull", Time since last: 3438315 ns, Reaching safepoint: 71500 ns, At safepoint: 27000 ns, Total: 98500 ns
[10.641s][info ][safepoint      ] Safepoint "ICBufferFull", Time since last: 59601 ns, Reaching safepoint: 85100 ns, At safepoint: 31500 ns, Total: 116600 ns
[10.642s][info ][safepoint      ] Safepoint "ICBufferFull", Time since last: 552702 ns, Reaching safepoint: 95701 ns, At safepoint: 29900 ns, Total: 125601 ns
[10.642s][info ][safepoint      ] Safepoint "ICBufferFull", Time since last: 57200 ns, Reaching safepoint: 91701 ns, At safepoint: 29700 ns, Total: 121401 ns
[10.645s][info ][safepoint      ] Safepoint "ICBufferFull", Time since last: 2874112 ns, Reaching safepoint: 88300 ns, At safepoint: 25600 ns, Total: 113900 ns
[10.649s][info ][safepoint      ] Safepoint "ICBufferFull", Time since last: 3879717 ns, Reaching safepoint: 97200 ns, At safepoint: 24600 ns, Total: 121800 ns
[10.656s][info ][safepoint      ] Safepoint "ICBufferFull", Time since last: 6824530 ns, Reaching safepoint: 96200 ns, At safepoint: 23700 ns, Total: 119900 ns
[10.656s][info ][safepoint      ] Safepoint "ICBufferFull", Time since last: 60800 ns, Reaching safepoint: 81801 ns, At safepoint: 18300 ns, Total: 100101 ns
[10.657s][info ][safepoint      ] Safepoint "ICBufferFull", Time since last: 765803 ns, Reaching safepoint: 86700 ns, At safepoint: 22600 ns, Total: 109300 ns
[10.657s][info ][safepoint      ] Safepoint "ICBufferFull", Time since last: 61101 ns, Reaching safepoint: 83700 ns, At safepoint: 22700 ns, Total: 106400 ns
[10.658s][info ][safepoint      ] Safepoint "ICBufferFull", Time since last: 54900 ns, Reaching safepoint: 17600 ns, At safepoint: 17301 ns, Total: 34901 ns
[10.658s][info ][safepoint      ] Safepoint "ICBufferFull", Time since last: 51200 ns, Reaching safepoint: 85300 ns, At safepoint: 27600 ns, Total: 112900 ns
[10.658s][info ][safepoint      ] Safepoint "ICBufferFull", Time since last: 50000 ns, Reaching safepoint: 92701 ns, At safepoint: 21600 ns, Total: 114301 ns
[10.658s][info ][safepoint      ] Safepoint "ICBufferFull", Time since last: 52100 ns, Reaching safepoint: 81100 ns, At safepoint: 17701 ns, Total: 98801 ns
[10.658s][info ][safepoint      ] Safepoint "ICBufferFull", Time since last: 110800 ns, Reaching safepoint: 105300 ns, At safepoint: 16701 ns, Total: 122001 ns
[10.660s][info ][safepoint      ] Safepoint "ICBufferFull", Time since last: 1140804 ns, Reaching safepoint: 113001 ns, At safepoint: 8600 ns, Total: 121601 ns
[10.660s][info ][safepoint      ] Safepoint "ICBufferFull", Time since last: 58500 ns, Reaching safepoint: 82101 ns, At safepoint: 18400 ns, Total: 100501 ns
[10.660s][info ][safepoint      ] Safepoint "ICBufferFull", Time since last: 60800 ns, Reaching safepoint: 82900 ns, At safepoint: 22900 ns, Total: 105800 ns
[10.660s][info ][safepoint      ] Safepoint "ICBufferFull", Time since last: 59001 ns, Reaching safepoint: 94000 ns, At safepoint: 17800 ns, Total: 111800 ns
[10.660s][info ][safepoint      ] Safepoint "ICBufferFull", Time since last: 45300 ns, Reaching safepoint: 94501 ns, At safepoint: 24700 ns, Total: 119201 ns
[10.661s][info ][safepoint      ] Safepoint "ICBufferFull", Time since last: 1109404 ns, Reaching safepoint: 105901 ns, At safepoint: 11600 ns, Total: 117501 ns
[10.662s][info ][safepoint      ] Safepoint "ICBufferFull", Time since last: 52900 ns, Reaching safepoint: 96001 ns, At safepoint: 15100 ns, Total: 111101 ns
[10.665s][info ][safepoint      ] Safepoint "ICBufferFull", Time since last: 3633515 ns, Reaching safepoint: 89301 ns, At safepoint: 25300 ns, Total: 114601 ns
[10.666s][info ][safepoint      ] Safepoint "ICBufferFull", Time since last: 67500 ns, Reaching safepoint: 83700 ns, At safepoint: 26900 ns, Total: 110600 ns
[10.673s][info ][safepoint      ] Safepoint "ICBufferFull", Time since last: 50901 ns, Reaching safepoint: 7436731 ns, At safepoint: 26400 ns, Total: 7463131 ns
[10.673s][info ][safepoint      ] Safepoint "ICBufferFull", Time since last: 41401 ns, Reaching safepoint: 98600 ns, At safepoint: 23300 ns, Total: 121900 ns
[10.673s][info ][safepoint      ] Safepoint "ICBufferFull", Time since last: 35900 ns, Reaching safepoint: 89701 ns, At safepoint: 30300 ns, Total: 120001 ns
[10.674s][info ][safepoint      ] Safepoint "ICBufferFull", Time since last: 85500 ns, Reaching safepoint: 84100 ns, At safepoint: 30201 ns, Total: 114301 ns
[10.674s][info ][safepoint      ] Safepoint "ICBufferFull", Time since last: 212501 ns, Reaching safepoint: 84400 ns, At safepoint: 23600 ns, Total: 108000 ns
[10.676s][info ][safepoint      ] Safepoint "ICBufferFull", Time since last: 1679807 ns, Reaching safepoint: 117601 ns, At safepoint: 16200 ns, Total: 133801 ns
[10.678s][info ][safepoint      ] Safepoint "ICBufferFull", Time since last: 1843308 ns, Reaching safepoint: 87600 ns, At safepoint: 21400 ns, Total: 109000 ns
[10.678s][info ][safepoint      ] Safepoint "ICBufferFull", Time since last: 66100 ns, Reaching safepoint: 86801 ns, At safepoint: 22600 ns, Total: 109401 ns
[10.678s][info ][safepoint      ] Safepoint "ICBufferFull", Time since last: 112800 ns, Reaching safepoint: 94101 ns, At safepoint: 18900 ns, Total: 113001 ns
[10.678s][info ][safepoint      ] Safepoint "ICBufferFull", Time since last: 94500 ns, Reaching safepoint: 92401 ns, At safepoint: 24200 ns, Total: 116601 ns
[10.682s][info ][safepoint      ] Safepoint "ICBufferFull", Time since last: 3448314 ns, Reaching safepoint: 108901 ns, At safepoint: 27100 ns, Total: 136001 ns
[10.682s][info ][safepoint      ] Safepoint "ICBufferFull", Time since last: 65900 ns, Reaching safepoint: 92701 ns, At safepoint: 22900 ns, Total: 115601 ns
[10.682s][info ][safepoint      ] Safepoint "ICBufferFull", Time since last: 128400 ns, Reaching safepoint: 95401 ns, At safepoint: 26700 ns, Total: 122101 ns
[10.683s][info ][safepoint      ] Safepoint "ICBufferFull", Time since last: 836703 ns, Reaching safepoint: 87801 ns, At safepoint: 16700 ns, Total: 104501 ns
[10.683s][info ][safepoint      ] Safepoint "ICBufferFull", Time since last: 67000 ns, Reaching safepoint: 84600 ns, At safepoint: 21600 ns, Total: 106200 ns
[10.684s][info ][safepoint      ] Safepoint "ICBufferFull", Time since last: 64701 ns, Reaching safepoint: 87200 ns, At safepoint: 25100 ns, Total: 112300 ns
[10.685s][info ][safepoint      ] Safepoint "ICBufferFull", Time since last: 1349606 ns, Reaching safepoint: 99500 ns, At safepoint: 21701 ns, Total: 121201 ns
[10.685s][info ][safepoint      ] Safepoint "ICBufferFull", Time since last: 177800 ns, Reaching safepoint: 89201 ns, At safepoint: 21500 ns, Total: 110701 ns
[10.686s][info ][safepoint      ] Safepoint "ICBufferFull", Time since last: 57000 ns, Reaching safepoint: 85300 ns, At safepoint: 23400 ns, Total: 108700 ns
[10.686s][info ][safepoint      ] Safepoint "ICBufferFull", Time since last: 32501 ns, Reaching safepoint: 86400 ns, At safepoint: 29100 ns, Total: 115500 ns
[10.687s][info ][safepoint      ] Safepoint "ICBufferFull", Time since last: 861304 ns, Reaching safepoint: 97700 ns, At safepoint: 15100 ns, Total: 112800 ns
[10.687s][info ][safepoint      ] Safepoint "ICBufferFull", Time since last: 62900 ns, Reaching safepoint: 86601 ns, At safepoint: 20200 ns, Total: 106801 ns
[10.687s][info ][safepoint      ] Safepoint "ICBufferFull", Time since last: 92800 ns, Reaching safepoint: 105101 ns, At safepoint: 23200 ns, Total: 128301 ns
[10.688s][info ][safepoint      ] Safepoint "ICBufferFull", Time since last: 903104 ns, Reaching safepoint: 95800 ns, At safepoint: 19100 ns, Total: 114900 ns
[10.688s][info ][safepoint      ] Safepoint "ICBufferFull", Time since last: 55300 ns, Reaching safepoint: 82401 ns, At safepoint: 19100 ns, Total: 101501 ns
[10.688s][info ][safepoint      ] Safepoint "ICBufferFull", Time since last: 110900 ns, Reaching safepoint: 84001 ns, At safepoint: 15100 ns, Total: 99101 ns
[10.689s][info ][safepoint      ] Safepoint "ICBufferFull", Time since last: 95600 ns, Reaching safepoint: 91001 ns, At safepoint: 18600 ns, Total: 109601 ns
[10.689s][info ][safepoint      ] Safepoint "ICBufferFull", Time since last: 35400 ns, Reaching safepoint: 88400 ns, At safepoint: 20500 ns, Total: 108900 ns
[10.689s][info ][safepoint      ] Safepoint "ICBufferFull", Time since last: 64001 ns, Reaching safepoint: 84300 ns, At safepoint: 21500 ns, Total: 105800 ns
[10.690s][info ][safepoint      ] Safepoint "ICBufferFull", Time since last: 763103 ns, Reaching safepoint: 91801 ns, At safepoint: 19400 ns, Total: 111201 ns
[10.690s][info ][safepoint      ] Safepoint "ICBufferFull", Time since last: 51300 ns, Reaching safepoint: 87300 ns, At safepoint: 20800 ns, Total: 108100 ns
[10.690s][info ][safepoint      ] Safepoint "ICBufferFull", Time since last: 85001 ns, Reaching safepoint: 86300 ns, At safepoint: 24500 ns, Total: 110800 ns
[10.691s][info ][safepoint      ] Safepoint "ICBufferFull", Time since last: 726203 ns, Reaching safepoint: 100401 ns, At safepoint: 14000 ns, Total: 114401 ns
[10.691s][info ][safepoint      ] Safepoint "ICBufferFull", Time since last: 56100 ns, Reaching safepoint: 83900 ns, At safepoint: 19201 ns, Total: 103101 ns
[10.692s][info ][safepoint      ] Safepoint "ICBufferFull", Time since last: 760903 ns, Reaching safepoint: 94100 ns, At safepoint: 18300 ns, Total: 112400 ns
[10.692s][info ][safepoint      ] Safepoint "ICBufferFull", Time since last: 49300 ns, Reaching safepoint: 86201 ns, At safepoint: 23000 ns, Total: 109201 ns
[10.693s][info ][safepoint      ] Safepoint "ICBufferFull", Time since last: 808103 ns, Reaching safepoint: 104601 ns, At safepoint: 18800 ns, Total: 123401 ns
[10.694s][info ][safepoint      ] Safepoint "ICBufferFull", Time since last: 712703 ns, Reaching safepoint: 106800 ns, At safepoint: 29400 ns, Total: 136200 ns
[10.694s][info ][safepoint      ] Safepoint "ICBufferFull", Time since last: 56301 ns, Reaching safepoint: 98900 ns, At safepoint: 30400 ns, Total: 129300 ns
[10.695s][info ][safepoint      ] Safepoint "ICBufferFull", Time since last: 828804 ns, Reaching safepoint: 100800 ns, At safepoint: 16300 ns, Total: 117100 ns
[10.696s][info ][safepoint      ] Safepoint "ICBufferFull", Time since last: 606403 ns, Reaching safepoint: 62100 ns, At safepoint: 31900 ns, Total: 94000 ns
[10.696s][info ][safepoint      ] Safepoint "ICBufferFull", Time since last: 150701 ns, Reaching safepoint: 93000 ns, At safepoint: 30500 ns, Total: 123500 ns
[10.696s][info ][safepoint      ] Safepoint "ICBufferFull", Time since last: 49701 ns, Reaching safepoint: 81900 ns, At safepoint: 24100 ns, Total: 106000 ns
[10.697s][info ][safepoint      ] Safepoint "ICBufferFull", Time since last: 1089205 ns, Reaching safepoint: 93500 ns, At safepoint: 11200 ns, Total: 104700 ns
[10.698s][info ][safepoint      ] Safepoint "ICBufferFull", Time since last: 89901 ns, Reaching safepoint: 101400 ns, At safepoint: 11100 ns, Total: 112500 ns
[10.698s][info ][safepoint      ] Safepoint "ICBufferFull", Time since last: 72900 ns, Reaching safepoint: 83301 ns, At safepoint: 21600 ns, Total: 104901 ns
[10.698s][info ][safepoint      ] Safepoint "ICBufferFull", Time since last: 81000 ns, Reaching safepoint: 86601 ns, At safepoint: 18700 ns, Total: 105301 ns
[10.698s][info ][safepoint      ] Safepoint "ICBufferFull", Time since last: 72500 ns, Reaching safepoint: 85800 ns, At safepoint: 26100 ns, Total: 111900 ns
[10.698s][info ][safepoint      ] Safepoint "ICBufferFull", Time since last: 210401 ns, Reaching safepoint: 90301 ns, At safepoint: 25900 ns, Total: 116201 ns
[10.700s][info ][safepoint      ] Safepoint "ICBufferFull", Time since last: 1086304 ns, Reaching safepoint: 97801 ns, At safepoint: 14500 ns, Total: 112301 ns
[10.705s][info ][safepoint      ] Safepoint "ICBufferFull", Time since last: 5547224 ns, Reaching safepoint: 84800 ns, At safepoint: 23800 ns, Total: 108600 ns
[10.706s][info ][safepoint      ] Safepoint "ICBufferFull", Time since last: 57800 ns, Reaching safepoint: 93001 ns, At safepoint: 19400 ns, Total: 112401 ns
[10.706s][info ][safepoint      ] Safepoint "ICBufferFull", Time since last: 186201 ns, Reaching safepoint: 96700 ns, At safepoint: 20400 ns, Total: 117100 ns
[10.707s][info ][safepoint      ] Safepoint "ICBufferFull", Time since last: 881704 ns, Reaching safepoint: 96300 ns, At safepoint: 12300 ns, Total: 108600 ns
[10.708s][info ][safepoint      ] Safepoint "ICBufferFull", Time since last: 576603 ns, Reaching safepoint: 100800 ns, At safepoint: 18500 ns, Total: 119300 ns
[10.708s][info ][safepoint      ] Safepoint "ICBufferFull", Time since last: 101301 ns, Reaching safepoint: 92400 ns, At safepoint: 19500 ns, Total: 111900 ns
[10.708s][info ][safepoint      ] Safepoint "ICBufferFull", Time since last: 34400 ns, Reaching safepoint: 80301 ns, At safepoint: 18800 ns, Total: 99101 ns
[10.708s][info ][safepoint      ] Safepoint "ICBufferFull", Time since last: 51000 ns, Reaching safepoint: 92400 ns, At safepoint: 26600 ns, Total: 119000 ns
[10.709s][info ][safepoint      ] Safepoint "ICBufferFull", Time since last: 913904 ns, Reaching safepoint: 172801 ns, At safepoint: 19500 ns, Total: 192301 ns
[10.710s][info ][safepoint      ] Safepoint "ICBufferFull", Time since last: 1077005 ns, Reaching safepoint: 101900 ns, At safepoint: 15700 ns, Total: 117600 ns
[10.710s][info ][safepoint      ] Safepoint "ICBufferFull", Time since last: 42500 ns, Reaching safepoint: 92701 ns, At safepoint: 25500 ns, Total: 118201 ns
[10.711s][info ][safepoint      ] Safepoint "ICBufferFull", Time since last: 47700 ns, Reaching safepoint: 93000 ns, At safepoint: 20301 ns, Total: 113301 ns
[10.712s][info ][safepoint      ] Safepoint "ICBufferFull", Time since last: 954404 ns, Reaching safepoint: 89700 ns, At safepoint: 19500 ns, Total: 109200 ns
[10.712s][info ][safepoint      ] Safepoint "ICBufferFull", Time since last: 241401 ns, Reaching safepoint: 88501 ns, At safepoint: 22700 ns, Total: 111201 ns
[10.712s][info ][safepoint      ] Safepoint "ICBufferFull", Time since last: 76500 ns, Reaching safepoint: 84900 ns, At safepoint: 25600 ns, Total: 110500 ns
[10.713s][info ][safepoint      ] Safepoint "ICBufferFull", Time since last: 845604 ns, Reaching safepoint: 169801 ns, At safepoint: 16600 ns, Total: 186401 ns
[10.715s][info ][safepoint      ] Safepoint "ICBufferFull", Time since last: 1545206 ns, Reaching safepoint: 92701 ns, At safepoint: 21400 ns, Total: 114101 ns
[10.715s][info ][safepoint      ] Safepoint "ICBufferFull", Time since last: 38800 ns, Reaching safepoint: 86900 ns, At safepoint: 19700 ns, Total: 106600 ns
[10.717s][info ][safepoint      ] Safepoint "ICBufferFull", Time since last: 236801 ns, Reaching safepoint: 2100909 ns, At safepoint: 26601 ns, Total: 2127510 ns
[10.724s][info ][safepoint      ] Safepoint "ICBufferFull", Time since last: 3788216 ns, Reaching safepoint: 3199713 ns, At safepoint: 20300 ns, Total: 3220013 ns
[10.725s][info ][safepoint      ] Safepoint "ICBufferFull", Time since last: 76601 ns, Reaching safepoint: 88500 ns, At safepoint: 26000 ns, Total: 114500 ns
[10.725s][info ][safepoint      ] Safepoint "ICBufferFull", Time since last: 74701 ns, Reaching safepoint: 82700 ns, At safepoint: 20300 ns, Total: 103000 ns
[10.726s][info ][safepoint      ] Safepoint "ICBufferFull", Time since last: 1119305 ns, Reaching safepoint: 97400 ns, At safepoint: 21800 ns, Total: 119200 ns
[10.726s][info ][safepoint      ] Safepoint "ICBufferFull", Time since last: 43100 ns, Reaching safepoint: 87201 ns, At safepoint: 21300 ns, Total: 108501 ns
[10.727s][info ][safepoint      ] Safepoint "ICBufferFull", Time since last: 811903 ns, Reaching safepoint: 101801 ns, At safepoint: 19700 ns, Total: 121501 ns
[10.727s][info ][safepoint      ] Safepoint "ICBufferFull", Time since last: 140500 ns, Reaching safepoint: 84401 ns, At safepoint: 20000 ns, Total: 104401 ns
[10.728s][info ][safepoint      ] Safepoint "ICBufferFull", Time since last: 48300 ns, Reaching safepoint: 88400 ns, At safepoint: 25101 ns, Total: 113501 ns
[10.728s][info ][safepoint      ] Safepoint "ICBufferFull", Time since last: 65300 ns, Reaching safepoint: 95800 ns, At safepoint: 24900 ns, Total: 120700 ns
[10.728s][info ][safepoint      ] Safepoint "ICBufferFull", Time since last: 103301 ns, Reaching safepoint: 102600 ns, At safepoint: 25300 ns, Total: 127900 ns
[10.729s][info ][safepoint      ] Safepoint "ICBufferFull", Time since last: 940604 ns, Reaching safepoint: 105601 ns, At safepoint: 28100 ns, Total: 133701 ns
[10.729s][info ][safepoint      ] Safepoint "ICBufferFull", Time since last: 57900 ns, Reaching safepoint: 89801 ns, At safepoint: 28600 ns, Total: 118401 ns
[10.729s][info ][safepoint      ] Safepoint "ICBufferFull", Time since last: 71900 ns, Reaching safepoint: 88000 ns, At safepoint: 28501 ns, Total: 116501 ns
[10.732s][info ][safepoint      ] Safepoint "ICBufferFull", Time since last: 2374010 ns, Reaching safepoint: 101100 ns, At safepoint: 27100 ns, Total: 128200 ns
[10.732s][info ][safepoint      ] Safepoint "ICBufferFull", Time since last: 58300 ns, Reaching safepoint: 82801 ns, At safepoint: 23800 ns, Total: 106601 ns
[10.733s][info ][safepoint      ] Safepoint "ICBufferFull", Time since last: 1144905 ns, Reaching safepoint: 92300 ns, At safepoint: 21700 ns, Total: 114000 ns
[10.734s][info ][safepoint      ] Safepoint "ICBufferFull", Time since last: 59900 ns, Reaching safepoint: 96401 ns, At safepoint: 18000 ns, Total: 114401 ns
[10.734s][info ][safepoint      ] Safepoint "ICBufferFull", Time since last: 84200 ns, Reaching safepoint: 86701 ns, At safepoint: 25400 ns, Total: 112101 ns
[10.735s][info ][safepoint      ] Safepoint "ICBufferFull", Time since last: 851603 ns, Reaching safepoint: 107201 ns, At safepoint: 17800 ns, Total: 125001 ns
[10.735s][info ][safepoint      ] Safepoint "ICBufferFull", Time since last: 61600 ns, Reaching safepoint: 82201 ns, At safepoint: 23500 ns, Total: 105701 ns
[10.735s][info ][safepoint      ] Safepoint "ICBufferFull", Time since last: 272601 ns, Reaching safepoint: 99500 ns, At safepoint: 21100 ns, Total: 120600 ns
[10.735s][info ][safepoint      ] Safepoint "ICBufferFull", Time since last: 36601 ns, Reaching safepoint: 85500 ns, At safepoint: 23700 ns, Total: 109200 ns
[10.736s][info ][safepoint      ] Safepoint "ICBufferFull", Time since last: 810603 ns, Reaching safepoint: 94401 ns, At safepoint: 19700 ns, Total: 114101 ns
[10.736s][info ][safepoint      ] Safepoint "ICBufferFull", Time since last: 51500 ns, Reaching safepoint: 84201 ns, At safepoint: 24200 ns, Total: 108401 ns
[10.737s][info ][safepoint      ] Safepoint "ICBufferFull", Time since last: 92400 ns, Reaching safepoint: 85700 ns, At safepoint: 26500 ns, Total: 112200 ns
[10.737s][info ][safepoint      ] Safepoint "ICBufferFull", Time since last: 315702 ns, Reaching safepoint: 98900 ns, At safepoint: 20500 ns, Total: 119400 ns
[10.738s][info ][safepoint      ] Safepoint "ICBufferFull", Time since last: 907304 ns, Reaching safepoint: 102301 ns, At safepoint: 17000 ns, Total: 119301 ns
[10.739s][info ][safepoint      ] Safepoint "ICBufferFull", Time since last: 1139505 ns, Reaching safepoint: 101900 ns, At safepoint: 22000 ns, Total: 123900 ns
[10.740s][info ][safepoint      ] Safepoint "ICBufferFull", Time since last: 61500 ns, Reaching safepoint: 87101 ns, At safepoint: 21400 ns, Total: 108501 ns
[10.741s][info ][safepoint      ] Safepoint "ICBufferFull", Time since last: 899404 ns, Reaching safepoint: 90200 ns, At safepoint: 18300 ns, Total: 108500 ns
[10.741s][info ][safepoint      ] Safepoint "ICBufferFull", Time since last: 57700 ns, Reaching safepoint: 87401 ns, At safepoint: 17900 ns, Total: 105301 ns
[10.745s][info ][safepoint      ] Safepoint "ICBufferFull", Time since last: 4469519 ns, Reaching safepoint: 95000 ns, At safepoint: 26500 ns, Total: 121500 ns
[10.745s][info ][safepoint      ] Safepoint "ICBufferFull", Time since last: 44701 ns, Reaching safepoint: 82300 ns, At safepoint: 29000 ns, Total: 111300 ns
[10.746s][info ][safepoint      ] Safepoint "ICBufferFull", Time since last: 58100 ns, Reaching safepoint: 91501 ns, At safepoint: 20600 ns, Total: 112101 ns
[10.746s][info ][safepoint      ] Safepoint "ICBufferFull", Time since last: 157200 ns, Reaching safepoint: 103301 ns, At safepoint: 19400 ns, Total: 122701 ns
[10.746s][info ][safepoint      ] Safepoint "ICBufferFull", Time since last: 75700 ns, Reaching safepoint: 91401 ns, At safepoint: 16800 ns, Total: 108201 ns
[10.746s][info ][safepoint      ] Safepoint "ICBufferFull", Time since last: 46000 ns, Reaching safepoint: 92300 ns, At safepoint: 23500 ns, Total: 115800 ns
[10.747s][info ][safepoint      ] Safepoint "ICBufferFull", Time since last: 931004 ns, Reaching safepoint: 94501 ns, At safepoint: 8700 ns, Total: 103201 ns
[10.749s][info ][safepoint      ] Safepoint "ICBufferFull", Time since last: 1605907 ns, Reaching safepoint: 82800 ns, At safepoint: 30700 ns, Total: 113500 ns
[10.749s][info ][safepoint      ] Safepoint "ICBufferFull", Time since last: 67500 ns, Reaching safepoint: 89601 ns, At safepoint: 23800 ns, Total: 113401 ns
[10.749s][info ][safepoint      ] Safepoint "ICBufferFull", Time since last: 108100 ns, Reaching safepoint: 88601 ns, At safepoint: 28400 ns, Total: 117001 ns
[10.750s][info ][safepoint      ] Safepoint "ICBufferFull", Time since last: 58000 ns, Reaching safepoint: 82600 ns, At safepoint: 28401 ns, Total: 111001 ns
[10.751s][info ][safepoint      ] Safepoint "ICBufferFull", Time since last: 879703 ns, Reaching safepoint: 92301 ns, At safepoint: 23100 ns, Total: 115401 ns
[10.751s][info ][safepoint      ] Safepoint "ICBufferFull", Time since last: 212701 ns, Reaching safepoint: 86800 ns, At safepoint: 21400 ns, Total: 108200 ns
[10.751s][info ][safepoint      ] Safepoint "ICBufferFull", Time since last: 82301 ns, Reaching safepoint: 94300 ns, At safepoint: 22300 ns, Total: 116600 ns
[10.751s][info ][safepoint      ] Safepoint "ICBufferFull", Time since last: 58400 ns, Reaching safepoint: 82701 ns, At safepoint: 23600 ns, Total: 106301 ns
[10.752s][info ][safepoint      ] Safepoint "ICBufferFull", Time since last: 905204 ns, Reaching safepoint: 94200 ns, At safepoint: 9200 ns, Total: 103400 ns
[10.752s][info ][safepoint      ] Safepoint "ICBufferFull", Time since last: 67900 ns, Reaching safepoint: 86401 ns, At safepoint: 20800 ns, Total: 107201 ns
[10.753s][info ][safepoint      ] Safepoint "ICBufferFull", Time since last: 85000 ns, Reaching safepoint: 85901 ns, At safepoint: 25600 ns, Total: 111501 ns
[10.753s][info ][safepoint      ] Safepoint "ICBufferFull", Time since last: 102100 ns, Reaching safepoint: 85200 ns, At safepoint: 21701 ns, Total: 106901 ns
[10.753s][info ][safepoint      ] Safepoint "ICBufferFull", Time since last: 38200 ns, Reaching safepoint: 82800 ns, At safepoint: 21900 ns, Total: 104700 ns
[10.754s][info ][safepoint      ] Safepoint "ICBufferFull", Time since last: 851204 ns, Reaching safepoint: 89100 ns, At safepoint: 22500 ns, Total: 111600 ns
[10.754s][info ][safepoint      ] Safepoint "ICBufferFull", Time since last: 45500 ns, Reaching safepoint: 89001 ns, At safepoint: 24000 ns, Total: 113001 ns
[10.757s][info ][safepoint      ] Safepoint "ICBufferFull", Time since last: 1093905 ns, Reaching safepoint: 2144509 ns, At safepoint: 23400 ns, Total: 2167909 ns
[10.761s][info ][safepoint      ] Safepoint "ICBufferFull", Time since last: 3820016 ns, Reaching safepoint: 62300 ns, At safepoint: 30000 ns, Total: 92300 ns
[10.762s][info ][safepoint      ] Safepoint "ICBufferFull", Time since last: 64201 ns, Reaching safepoint: 88700 ns, At safepoint: 19600 ns, Total: 108300 ns
[10.762s][info ][safepoint      ] Safepoint "ICBufferFull", Time since last: 54200 ns, Reaching safepoint: 89301 ns, At safepoint: 24800 ns, Total: 114101 ns
[10.762s][info ][safepoint      ] Safepoint "ICBufferFull", Time since last: 55900 ns, Reaching safepoint: 86001 ns, At safepoint: 23400 ns, Total: 109401 ns
[10.762s][info ][safepoint      ] Safepoint "ICBufferFull", Time since last: 214501 ns, Reaching safepoint: 85400 ns, At safepoint: 20300 ns, Total: 105700 ns
[10.766s][info ][safepoint      ] Safepoint "ICBufferFull", Time since last: 747003 ns, Reaching safepoint: 3212914 ns, At safepoint: 20300 ns, Total: 3233214 ns
[10.766s][info ][safepoint      ] Safepoint "ICBufferFull", Time since last: 73700 ns, Reaching safepoint: 93701 ns, At safepoint: 19600 ns, Total: 113301 ns
[10.767s][info ][safepoint      ] Safepoint "ICBufferFull", Time since last: 194801 ns, Reaching safepoint: 88800 ns, At safepoint: 21900 ns, Total: 110700 ns
[10.769s][info ][safepoint      ] Safepoint "ICBufferFull", Time since last: 1794508 ns, Reaching safepoint: 99600 ns, At safepoint: 13300 ns, Total: 112900 ns
[10.769s][info ][safepoint      ] Safepoint "ICBufferFull", Time since last: 52400 ns, Reaching safepoint: 83601 ns, At safepoint: 17900 ns, Total: 101501 ns
[10.769s][info ][safepoint      ] Safepoint "ICBufferFull", Time since last: 575602 ns, Reaching safepoint: 96501 ns, At safepoint: 14200 ns, Total: 110701 ns
[10.770s][info ][safepoint      ] Safepoint "ICBufferFull", Time since last: 49200 ns, Reaching safepoint: 92300 ns, At safepoint: 16200 ns, Total: 108500 ns
[10.770s][info ][safepoint      ] Safepoint "ICBufferFull", Time since last: 34901 ns, Reaching safepoint: 83100 ns, At safepoint: 22700 ns, Total: 105800 ns
[10.771s][info ][safepoint      ] Safepoint "ICBufferFull", Time since last: 965304 ns, Reaching safepoint: 54600 ns, At safepoint: 15700 ns, Total: 70300 ns
[10.771s][info ][safepoint      ] Safepoint "ICBufferFull", Time since last: 167001 ns, Reaching safepoint: 101201 ns, At safepoint: 20400 ns, Total: 121601 ns
[10.773s][info ][safepoint      ] Safepoint "ICBufferFull", Time since last: 1549506 ns, Reaching safepoint: 94701 ns, At safepoint: 17700 ns, Total: 112401 ns
[10.773s][info ][safepoint      ] Safepoint "ICBufferFull", Time since last: 92200 ns, Reaching safepoint: 91801 ns, At safepoint: 18200 ns, Total: 110001 ns
[10.777s][info ][safepoint      ] Safepoint "ICBufferFull", Time since last: 4371118 ns, Reaching safepoint: 65600 ns, At safepoint: 24701 ns, Total: 90301 ns
[10.777s][info ][safepoint      ] Safepoint "ICBufferFull", Time since last: 60000 ns, Reaching safepoint: 88500 ns, At safepoint: 17900 ns, Total: 106400 ns
[10.778s][info ][safepoint      ] Safepoint "ICBufferFull", Time since last: 44400 ns, Reaching safepoint: 82601 ns, At safepoint: 17300 ns, Total: 99901 ns
[10.778s][info ][safepoint      ] Safepoint "ICBufferFull", Time since last: 169901 ns, Reaching safepoint: 83900 ns, At safepoint: 16400 ns, Total: 100300 ns
[10.778s][info ][safepoint      ] Safepoint "ICBufferFull", Time since last: 61600 ns, Reaching safepoint: 82601 ns, At safepoint: 16600 ns, Total: 99201 ns
[10.778s][info ][safepoint      ] Safepoint "ICBufferFull", Time since last: 57100 ns, Reaching safepoint: 42700 ns, At safepoint: 31400 ns, Total: 74100 ns
[10.781s][info ][safepoint      ] Safepoint "ICBufferFull", Time since last: 3012013 ns, Reaching safepoint: 101801 ns, At safepoint: 22600 ns, Total: 124401 ns
[10.782s][info ][safepoint      ] Safepoint "ICBufferFull", Time since last: 59000 ns, Reaching safepoint: 85000 ns, At safepoint: 24900 ns, Total: 109900 ns
[10.782s][info ][safepoint      ] Safepoint "ICBufferFull", Time since last: 63701 ns, Reaching safepoint: 85500 ns, At safepoint: 25500 ns, Total: 111000 ns
[10.782s][info ][safepoint      ] Safepoint "ICBufferFull", Time since last: 40400 ns, Reaching safepoint: 82801 ns, At safepoint: 20900 ns, Total: 103701 ns
[10.782s][info ][safepoint      ] Safepoint "ICBufferFull", Time since last: 40100 ns, Reaching safepoint: 82600 ns, At safepoint: 23400 ns, Total: 106000 ns
[10.782s][info ][safepoint      ] Safepoint "ICBufferFull", Time since last: 18100 ns, Reaching safepoint: 81501 ns, At safepoint: 22000 ns, Total: 103501 ns
[10.783s][info ][safepoint      ] Safepoint "ICBufferFull", Time since last: 754503 ns, Reaching safepoint: 85800 ns, At safepoint: 22801 ns, Total: 108601 ns
[10.784s][info ][safepoint      ] Safepoint "ICBufferFull", Time since last: 859303 ns, Reaching safepoint: 96201 ns, At safepoint: 20100 ns, Total: 116301 ns
[10.784s][info ][safepoint      ] Safepoint "ICBufferFull", Time since last: 173600 ns, Reaching safepoint: 86001 ns, At safepoint: 20800 ns, Total: 106801 ns
[10.784s][info ][safepoint      ] Safepoint "ICBufferFull", Time since last: 101100 ns, Reaching safepoint: 90701 ns, At safepoint: 19900 ns, Total: 110601 ns
[10.785s][info ][safepoint      ] Safepoint "ICBufferFull", Time since last: 39900 ns, Reaching safepoint: 84200 ns, At safepoint: 23700 ns, Total: 107900 ns
[10.785s][info ][safepoint      ] Safepoint "ICBufferFull", Time since last: 45401 ns, Reaching safepoint: 86300 ns, At safepoint: 23200 ns, Total: 109500 ns
[10.786s][info ][safepoint      ] Safepoint "ICBufferFull", Time since last: 808604 ns, Reaching safepoint: 98200 ns, At safepoint: 25900 ns, Total: 124100 ns
[10.786s][info ][safepoint      ] Safepoint "ICBufferFull", Time since last: 564802 ns, Reaching safepoint: 91301 ns, At safepoint: 20500 ns, Total: 111801 ns
[10.787s][info ][safepoint      ] Safepoint "ICBufferFull", Time since last: 160101 ns, Reaching safepoint: 83400 ns, At safepoint: 18000 ns, Total: 101400 ns
[10.787s][info ][safepoint      ] Safepoint "ICBufferFull", Time since last: 37300 ns, Reaching safepoint: 87501 ns, At safepoint: 20200 ns, Total: 107701 ns
[10.788s][info ][safepoint      ] Safepoint "ICBufferFull", Time since last: 892003 ns, Reaching safepoint: 80701 ns, At safepoint: 22000 ns, Total: 102701 ns
[10.788s][info ][safepoint      ] Safepoint "ICBufferFull", Time since last: 40400 ns, Reaching safepoint: 86900 ns, At safepoint: 24301 ns, Total: 111201 ns
[10.788s][info ][safepoint      ] Safepoint "ICBufferFull", Time since last: 51700 ns, Reaching safepoint: 85000 ns, At safepoint: 23000 ns, Total: 108000 ns
[10.789s][info ][safepoint      ] Safepoint "ICBufferFull", Time since last: 1182805 ns, Reaching safepoint: 99601 ns, At safepoint: 19000 ns, Total: 118601 ns
[10.790s][info ][safepoint      ] Safepoint "ICBufferFull", Time since last: 101900 ns, Reaching safepoint: 80201 ns, At safepoint: 20100 ns, Total: 100301 ns
[10.790s][info ][safepoint      ] Safepoint "ICBufferFull", Time since last: 45300 ns, Reaching safepoint: 83000 ns, At safepoint: 23700 ns, Total: 106700 ns
[10.790s][info ][safepoint      ] Safepoint "ICBufferFull", Time since last: 28900 ns, Reaching safepoint: 81701 ns, At safepoint: 24400 ns, Total: 106101 ns
[10.791s][info ][safepoint      ] Safepoint "ICBufferFull", Time since last: 741603 ns, Reaching safepoint: 75000 ns, At safepoint: 18300 ns, Total: 93300 ns
[10.791s][info ][safepoint      ] Safepoint "ICBufferFull", Time since last: 80401 ns, Reaching safepoint: 84400 ns, At safepoint: 19700 ns, Total: 104100 ns
[10.792s][info ][safepoint      ] Safepoint "ICBufferFull", Time since last: 849204 ns, Reaching safepoint: 96600 ns, At safepoint: 12400 ns, Total: 109000 ns
[10.792s][info ][safepoint      ] Safepoint "ICBufferFull", Time since last: 59401 ns, Reaching safepoint: 82100 ns, At safepoint: 18500 ns, Total: 100600 ns
[10.792s][info ][safepoint      ] Safepoint "ICBufferFull", Time since last: 56700 ns, Reaching safepoint: 93001 ns, At safepoint: 22300 ns, Total: 115301 ns
[10.792s][info ][safepoint      ] Safepoint "ICBufferFull", Time since last: 30900 ns, Reaching safepoint: 82100 ns, At safepoint: 20900 ns, Total: 103000 ns
[10.792s][info ][safepoint      ] Safepoint "ICBufferFull", Time since last: 38300 ns, Reaching safepoint: 83101 ns, At safepoint: 22900 ns, Total: 106001 ns
[10.793s][info ][safepoint      ] Safepoint "ICBufferFull", Time since last: 881204 ns, Reaching safepoint: 92800 ns, At safepoint: 16600 ns, Total: 109400 ns
[10.794s][info ][safepoint      ] Safepoint "ICBufferFull", Time since last: 47500 ns, Reaching safepoint: 79701 ns, At safepoint: 24700 ns, Total: 104401 ns
[10.794s][info ][safepoint      ] Safepoint "ICBufferFull", Time since last: 362901 ns, Reaching safepoint: 89201 ns, At safepoint: 21800 ns, Total: 111001 ns
[10.794s][info ][safepoint      ] Safepoint "ICBufferFull", Time since last: 76600 ns, Reaching safepoint: 91201 ns, At safepoint: 22200 ns, Total: 113401 ns
[10.796s][info ][safepoint      ] Safepoint "ICBufferFull", Time since last: 1322005 ns, Reaching safepoint: 93301 ns, At safepoint: 22600 ns, Total: 115901 ns
[10.796s][info ][safepoint      ] Safepoint "ICBufferFull", Time since last: 25500 ns, Reaching safepoint: 83200 ns, At safepoint: 20900 ns, Total: 104100 ns
[10.796s][info ][safepoint      ] Safepoint "ICBufferFull", Time since last: 67301 ns, Reaching safepoint: 95500 ns, At safepoint: 23500 ns, Total: 119000 ns
[10.796s][info ][safepoint      ] Safepoint "ICBufferFull", Time since last: 38400 ns, Reaching safepoint: 84001 ns, At safepoint: 24000 ns, Total: 108001 ns
[10.797s][info ][safepoint      ] Safepoint "ICBufferFull", Time since last: 804003 ns, Reaching safepoint: 98301 ns, At safepoint: 13100 ns, Total: 111401 ns
[10.797s][info ][safepoint      ] Safepoint "ICBufferFull", Time since last: 52000 ns, Reaching safepoint: 105400 ns, At safepoint: 22800 ns, Total: 128200 ns
[10.797s][info ][safepoint      ] Safepoint "ICBufferFull", Time since last: 44501 ns, Reaching safepoint: 91000 ns, At safepoint: 19000 ns, Total: 110000 ns
[10.798s][info ][safepoint      ] Safepoint "ICBufferFull", Time since last: 227101 ns, Reaching safepoint: 92600 ns, At safepoint: 19200 ns, Total: 111800 ns
[10.799s][info ][safepoint      ] Safepoint "ICBufferFull", Time since last: 805504 ns, Reaching safepoint: 94600 ns, At safepoint: 11100 ns, Total: 105700 ns
[10.801s][info ][safepoint      ] Safepoint "ICBufferFull", Time since last: 2602511 ns, Reaching safepoint: 48901 ns, At safepoint: 27200 ns, Total: 76101 ns
[10.801s][info ][safepoint      ] Safepoint "ICBufferFull", Time since last: 54600 ns, Reaching safepoint: 83900 ns, At safepoint: 24100 ns, Total: 108000 ns
[10.802s][info ][safepoint      ] Safepoint "ICBufferFull", Time since last: 187701 ns, Reaching safepoint: 85601 ns, At safepoint: 20700 ns, Total: 106301 ns
[10.803s][info ][safepoint      ] Safepoint "ICBufferFull", Time since last: 701403 ns, Reaching safepoint: 88000 ns, At safepoint: 13900 ns, Total: 101900 ns
[10.803s][info ][safepoint      ] Safepoint "ICBufferFull", Time since last: 400902 ns, Reaching safepoint: 81900 ns, At safepoint: 18400 ns, Total: 100300 ns
[10.803s][info ][safepoint      ] Safepoint "ICBufferFull", Time since last: 114001 ns, Reaching safepoint: 94200 ns, At safepoint: 22000 ns, Total: 116200 ns
[10.803s][info ][safepoint      ] Safepoint "ICBufferFull", Time since last: 85801 ns, Reaching safepoint: 85100 ns, At safepoint: 20300 ns, Total: 105400 ns
[10.804s][info ][safepoint      ] Safepoint "ICBufferFull", Time since last: 883504 ns, Reaching safepoint: 60800 ns, At safepoint: 22600 ns, Total: 83400 ns
[10.805s][info ][safepoint      ] Safepoint "ICBufferFull", Time since last: 194801 ns, Reaching safepoint: 100400 ns, At safepoint: 26701 ns, Total: 127101 ns
[10.805s][info ][safepoint      ] Safepoint "ICBufferFull", Time since last: 33600 ns, Reaching safepoint: 92700 ns, At safepoint: 27800 ns, Total: 120500 ns
[10.806s][info ][safepoint      ] Safepoint "ICBufferFull", Time since last: 845704 ns, Reaching safepoint: 95500 ns, At safepoint: 26400 ns, Total: 121900 ns
[10.806s][info ][safepoint      ] Safepoint "ICBufferFull", Time since last: 78001 ns, Reaching safepoint: 94600 ns, At safepoint: 22000 ns, Total: 116600 ns
[10.809s][info ][safepoint      ] Safepoint "ICBufferFull", Time since last: 3126613 ns, Reaching safepoint: 93501 ns, At safepoint: 21200 ns, Total: 114701 ns
[10.810s][info ][safepoint      ] Safepoint "ICBufferFull", Time since last: 69700 ns, Reaching safepoint: 80701 ns, At safepoint: 19400 ns, Total: 100101 ns
[10.810s][info ][safepoint      ] Safepoint "ICBufferFull", Time since last: 60500 ns, Reaching safepoint: 84900 ns, At safepoint: 17700 ns, Total: 102600 ns
[10.810s][info ][safepoint      ] Safepoint "ICBufferFull", Time since last: 84601 ns, Reaching safepoint: 88000 ns, At safepoint: 24500 ns, Total: 112500 ns
[10.810s][info ][safepoint      ] Safepoint "ICBufferFull", Time since last: 51900 ns, Reaching safepoint: 102801 ns, At safepoint: 26800 ns, Total: 129601 ns
[10.810s][info ][safepoint      ] Safepoint "ICBufferFull", Time since last: 109300 ns, Reaching safepoint: 48401 ns, At safepoint: 18600 ns, Total: 67001 ns
[10.811s][info ][safepoint      ] Safepoint "ICBufferFull", Time since last: 786903 ns, Reaching safepoint: 97501 ns, At safepoint: 24400 ns, Total: 121901 ns
[10.811s][info ][safepoint      ] Safepoint "ICBufferFull", Time since last: 50000 ns, Reaching safepoint: 81000 ns, At safepoint: 21200 ns, Total: 102200 ns
[10.811s][info ][safepoint      ] Safepoint "ICBufferFull", Time since last: 79301 ns, Reaching safepoint: 80700 ns, At safepoint: 25200 ns, Total: 105900 ns
[10.812s][info ][safepoint      ] Safepoint "ICBufferFull", Time since last: 93800 ns, Reaching safepoint: 117801 ns, At safepoint: 22900 ns, Total: 140701 ns
[10.813s][info ][safepoint      ] Safepoint "ICBufferFull", Time since last: 719203 ns, Reaching safepoint: 102201 ns, At safepoint: 11900 ns, Total: 114101 ns
[10.813s][info ][safepoint      ] Safepoint "ICBufferFull", Time since last: 721603 ns, Reaching safepoint: 91800 ns, At safepoint: 17600 ns, Total: 109400 ns
[10.814s][info ][safepoint      ] Safepoint "ICBufferFull", Time since last: 51900 ns, Reaching safepoint: 88401 ns, At safepoint: 21600 ns, Total: 110001 ns
[10.814s][info ][safepoint      ] Safepoint "ICBufferFull", Time since last: 65400 ns, Reaching safepoint: 90500 ns, At safepoint: 18001 ns, Total: 108501 ns
[10.814s][info ][safepoint      ] Safepoint "ICBufferFull", Time since last: 34800 ns, Reaching safepoint: 85800 ns, At safepoint: 20300 ns, Total: 106100 ns
[10.815s][info ][safepoint      ] Safepoint "ICBufferFull", Time since last: 1188705 ns, Reaching safepoint: 114101 ns, At safepoint: 23500 ns, Total: 137601 ns
[10.819s][info ][safepoint      ] Safepoint "ICBufferFull", Time since last: 3891116 ns, Reaching safepoint: 109901 ns, At safepoint: 19300 ns, Total: 129201 ns
[10.819s][info ][safepoint      ] Safepoint "ICBufferFull", Time since last: 115400 ns, Reaching safepoint: 90801 ns, At safepoint: 19200 ns, Total: 110001 ns
[10.820s][info ][safepoint      ] Safepoint "ICBufferFull", Time since last: 904304 ns, Reaching safepoint: 100400 ns, At safepoint: 15900 ns, Total: 116300 ns
[10.822s][info ][safepoint      ] Safepoint "ICBufferFull", Time since last: 1173305 ns, Reaching safepoint: 93001 ns, At safepoint: 16700 ns, Total: 109701 ns
[10.822s][info ][safepoint      ] Safepoint "ICBufferFull", Time since last: 39600 ns, Reaching safepoint: 80300 ns, At safepoint: 18200 ns, Total: 98500 ns
[10.823s][info ][safepoint      ] Safepoint "ICBufferFull", Time since last: 957904 ns, Reaching safepoint: 91401 ns, At safepoint: 16100 ns, Total: 107501 ns
[10.823s][info ][safepoint      ] Safepoint "ICBufferFull", Time since last: 52800 ns, Reaching safepoint: 82800 ns, At safepoint: 20901 ns, Total: 103701 ns
[10.823s][info ][safepoint      ] Safepoint "ICBufferFull", Time since last: 58600 ns, Reaching safepoint: 78600 ns, At safepoint: 17900 ns, Total: 96500 ns
[10.823s][info ][safepoint      ] Safepoint "ICBufferFull", Time since last: 115701 ns, Reaching safepoint: 91600 ns, At safepoint: 14600 ns, Total: 106200 ns
[10.824s][info ][safepoint      ] Safepoint "ICBufferFull", Time since last: 44900 ns, Reaching safepoint: 93101 ns, At safepoint: 16400 ns, Total: 109501 ns
[10.824s][info ][safepoint      ] Safepoint "ICBufferFull", Time since last: 44900 ns, Reaching safepoint: 93400 ns, At safepoint: 18200 ns, Total: 111600 ns
[10.825s][info ][safepoint      ] Safepoint "ICBufferFull", Time since last: 775604 ns, Reaching safepoint: 94700 ns, At safepoint: 13800 ns, Total: 108500 ns
[10.825s][info ][safepoint      ] Safepoint "ICBufferFull", Time since last: 127201 ns, Reaching safepoint: 92200 ns, At safepoint: 14800 ns, Total: 107000 ns
[10.825s][info ][safepoint      ] Safepoint "ICBufferFull", Time since last: 100401 ns, Reaching safepoint: 94100 ns, At safepoint: 22300 ns, Total: 116400 ns
[10.826s][info ][safepoint      ] Safepoint "ICBufferFull", Time since last: 696003 ns, Reaching safepoint: 96901 ns, At safepoint: 13200 ns, Total: 110101 ns
[10.826s][info ][safepoint      ] Safepoint "ICBufferFull", Time since last: 50300 ns, Reaching safepoint: 82100 ns, At safepoint: 18500 ns, Total: 100600 ns
[10.826s][info ][safepoint      ] Safepoint "ICBufferFull", Time since last: 29100 ns, Reaching safepoint: 80701 ns, At safepoint: 18800 ns, Total: 99501 ns
[10.827s][info ][safepoint      ] Safepoint "ICBufferFull", Time since last: 777403 ns, Reaching safepoint: 96500 ns, At safepoint: 8901 ns, Total: 105401 ns
[10.828s][info ][safepoint      ] Safepoint "ICBufferFull", Time since last: 962704 ns, Reaching safepoint: 93300 ns, At safepoint: 8800 ns, Total: 102100 ns
[10.828s][info ][safepoint      ] Safepoint "ICBufferFull", Time since last: 35200 ns, Reaching safepoint: 82601 ns, At safepoint: 17200 ns, Total: 99801 ns
[10.828s][info ][safepoint      ] Safepoint "ICBufferFull", Time since last: 35100 ns, Reaching safepoint: 82900 ns, At safepoint: 15500 ns, Total: 98400 ns
[10.829s][info ][safepoint      ] Safepoint "ICBufferFull", Time since last: 64300 ns, Reaching safepoint: 84501 ns, At safepoint: 16400 ns, Total: 100901 ns
[10.829s][info ][safepoint      ] Safepoint "ICBufferFull", Time since last: 51000 ns, Reaching safepoint: 83300 ns, At safepoint: 21601 ns, Total: 104901 ns
[10.830s][info ][safepoint      ] Safepoint "ICBufferFull", Time since last: 779003 ns, Reaching safepoint: 87100 ns, At safepoint: 15400 ns, Total: 102500 ns
[10.830s][info ][safepoint      ] Safepoint "ICBufferFull", Time since last: 52001 ns, Reaching safepoint: 83400 ns, At safepoint: 16800 ns, Total: 100200 ns
[10.830s][info ][safepoint      ] Safepoint "ICBufferFull", Time since last: 40000 ns, Reaching safepoint: 83801 ns, At safepoint: 19200 ns, Total: 103001 ns
[10.830s][info ][safepoint      ] Safepoint "ICBufferFull", Time since last: 78200 ns, Reaching safepoint: 92200 ns, At safepoint: 20800 ns, Total: 113000 ns
[10.831s][info ][safepoint      ] Safepoint "ICBufferFull", Time since last: 797504 ns, Reaching safepoint: 94700 ns, At safepoint: 11900 ns, Total: 106600 ns
[10.832s][info ][safepoint      ] Safepoint "ICBufferFull", Time since last: 1339606 ns, Reaching safepoint: 96000 ns, At safepoint: 11800 ns, Total: 107800 ns
[10.833s][info ][safepoint      ] Safepoint "ICBufferFull", Time since last: 53401 ns, Reaching safepoint: 83900 ns, At safepoint: 18900 ns, Total: 102800 ns
[10.833s][info ][safepoint      ] Safepoint "ICBufferFull", Time since last: 258501 ns, Reaching safepoint: 94101 ns, At safepoint: 24300 ns, Total: 118401 ns
[10.833s][info ][safepoint      ] Safepoint "ICBufferFull", Time since last: 71700 ns, Reaching safepoint: 88300 ns, At safepoint: 25300 ns, Total: 113600 ns
[10.833s][info ][safepoint      ] Safepoint "ICBufferFull", Time since last: 115301 ns, Reaching safepoint: 93100 ns, At safepoint: 21600 ns, Total: 114700 ns
[10.834s][info ][safepoint      ] Safepoint "ICBufferFull", Time since last: 730404 ns, Reaching safepoint: 95600 ns, At safepoint: 13300 ns, Total: 108900 ns
[10.835s][info ][safepoint      ] Safepoint "ICBufferFull", Time since last: 1110905 ns, Reaching safepoint: 96700 ns, At safepoint: 18400 ns, Total: 115100 ns
[10.836s][info ][safepoint      ] Safepoint "ICBufferFull", Time since last: 55301 ns, Reaching safepoint: 83100 ns, At safepoint: 19300 ns, Total: 102400 ns
[10.836s][info ][safepoint      ] Safepoint "ICBufferFull", Time since last: 67900 ns, Reaching safepoint: 80701 ns, At safepoint: 13100 ns, Total: 93801 ns
[10.836s][info ][safepoint      ] Safepoint "ICBufferFull", Time since last: 59700 ns, Reaching safepoint: 84200 ns, At safepoint: 23000 ns, Total: 107200 ns
[10.837s][info ][safepoint      ] Safepoint "ICBufferFull", Time since last: 1273906 ns, Reaching safepoint: 98200 ns, At safepoint: 17800 ns, Total: 116000 ns
[10.837s][info ][safepoint      ] Safepoint "ICBufferFull", Time since last: 56901 ns, Reaching safepoint: 80200 ns, At safepoint: 18000 ns, Total: 98200 ns
[10.838s][info ][safepoint      ] Safepoint "ICBufferFull", Time since last: 66200 ns, Reaching safepoint: 95901 ns, At safepoint: 22400 ns, Total: 118301 ns
[10.838s][info ][safepoint      ] Safepoint "ICBufferFull", Time since last: 103000 ns, Reaching safepoint: 93801 ns, At safepoint: 22200 ns, Total: 116001 ns
[10.839s][info ][safepoint      ] Safepoint "ICBufferFull", Time since last: 833103 ns, Reaching safepoint: 58900 ns, At safepoint: 18901 ns, Total: 77801 ns
[10.839s][info ][safepoint      ] Safepoint "ICBufferFull", Time since last: 55000 ns, Reaching safepoint: 85500 ns, At safepoint: 20800 ns, Total: 106300 ns
[10.839s][info ][safepoint      ] Safepoint "ICBufferFull", Time since last: 44000 ns, Reaching safepoint: 83301 ns, At safepoint: 19300 ns, Total: 102601 ns
[10.839s][info ][safepoint      ] Safepoint "ICBufferFull", Time since last: 59700 ns, Reaching safepoint: 93000 ns, At safepoint: 24701 ns, Total: 117701 ns
[10.840s][info ][safepoint      ] Safepoint "ICBufferFull", Time since last: 739703 ns, Reaching safepoint: 98100 ns, At safepoint: 16300 ns, Total: 114400 ns
[10.840s][info ][safepoint      ] Safepoint "ICBufferFull", Time since last: 55500 ns, Reaching safepoint: 83201 ns, At safepoint: 20300 ns, Total: 103501 ns
[10.840s][info ][safepoint      ] Safepoint "ICBufferFull", Time since last: 44700 ns, Reaching safepoint: 85800 ns, At safepoint: 24701 ns, Total: 110501 ns
[10.841s][info ][safepoint      ] Safepoint "ICBufferFull", Time since last: 51700 ns, Reaching safepoint: 81900 ns, At safepoint: 25100 ns, Total: 107000 ns
[10.841s][info ][safepoint      ] Safepoint "ICBufferFull", Time since last: 36300 ns, Reaching safepoint: 88201 ns, At safepoint: 25800 ns, Total: 114001 ns
[10.842s][info ][safepoint      ] Safepoint "ICBufferFull", Time since last: 814103 ns, Reaching safepoint: 103801 ns, At safepoint: 11200 ns, Total: 115001 ns
[10.842s][info ][safepoint      ] Safepoint "ICBufferFull", Time since last: 76600 ns, Reaching safepoint: 82001 ns, At safepoint: 19500 ns, Total: 101501 ns
[10.842s][info ][safepoint      ] Safepoint "ICBufferFull", Time since last: 43400 ns, Reaching safepoint: 83100 ns, At safepoint: 22100 ns, Total: 105200 ns
[10.842s][info ][safepoint      ] Safepoint "ICBufferFull", Time since last: 105801 ns, Reaching safepoint: 94300 ns, At safepoint: 16300 ns, Total: 110600 ns
[10.842s][info ][safepoint      ] Safepoint "ICBufferFull", Time since last: 90901 ns, Reaching safepoint: 83900 ns, At safepoint: 20900 ns, Total: 104800 ns
[10.843s][info ][safepoint      ] Safepoint "ICBufferFull", Time since last: 735203 ns, Reaching safepoint: 96201 ns, At safepoint: 20700 ns, Total: 116901 ns
[10.844s][info ][safepoint      ] Safepoint "ICBufferFull", Time since last: 218901 ns, Reaching safepoint: 94900 ns, At safepoint: 19000 ns, Total: 113900 ns
[10.844s][info ][safepoint      ] Safepoint "ICBufferFull", Time since last: 47300 ns, Reaching safepoint: 94301 ns, At safepoint: 23800 ns, Total: 118101 ns
[10.844s][info ][safepoint      ] Safepoint "ICBufferFull", Time since last: 45800 ns, Reaching safepoint: 94200 ns, At safepoint: 21100 ns, Total: 115300 ns
[10.845s][info ][safepoint      ] Safepoint "ICBufferFull", Time since last: 699003 ns, Reaching safepoint: 95701 ns, At safepoint: 19400 ns, Total: 115101 ns
[10.845s][info ][safepoint      ] Safepoint "ICBufferFull", Time since last: 42400 ns, Reaching safepoint: 82300 ns, At safepoint: 17701 ns, Total: 100001 ns
[10.845s][info ][safepoint      ] Safepoint "ICBufferFull", Time since last: 36800 ns, Reaching safepoint: 83000 ns, At safepoint: 24300 ns, Total: 107300 ns
[10.846s][info ][safepoint      ] Safepoint "ICBufferFull", Time since last: 740603 ns, Reaching safepoint: 93801 ns, At safepoint: 15200 ns, Total: 109001 ns
[10.846s][info ][safepoint      ] Safepoint "ICBufferFull", Time since last: 456402 ns, Reaching safepoint: 99900 ns, At safepoint: 19400 ns, Total: 119300 ns
[10.847s][info ][safepoint      ] Safepoint "ICBufferFull", Time since last: 41500 ns, Reaching safepoint: 83001 ns, At safepoint: 29500 ns, Total: 112501 ns
[10.848s][info ][safepoint      ] Safepoint "ICBufferFull", Time since last: 766103 ns, Reaching safepoint: 99501 ns, At safepoint: 16700 ns, Total: 116201 ns
[10.848s][info ][safepoint      ] Safepoint "ICBufferFull", Time since last: 417501 ns, Reaching safepoint: 88401 ns, At safepoint: 30000 ns, Total: 118401 ns
[10.848s][info ][safepoint      ] Safepoint "ICBufferFull", Time since last: 31900 ns, Reaching safepoint: 94300 ns, At safepoint: 24401 ns, Total: 118701 ns
[10.849s][info ][safepoint      ] Safepoint "ICBufferFull", Time since last: 774903 ns, Reaching safepoint: 96500 ns, At safepoint: 19200 ns, Total: 115700 ns
[10.849s][info ][safepoint      ] Safepoint "ICBufferFull", Time since last: 49101 ns, Reaching safepoint: 81300 ns, At safepoint: 17800 ns, Total: 99100 ns
[10.850s][info ][safepoint      ] Safepoint "ICBufferFull", Time since last: 675203 ns, Reaching safepoint: 89900 ns, At safepoint: 20100 ns, Total: 110000 ns
[10.850s][info ][safepoint      ] Safepoint "ICBufferFull", Time since last: 80701 ns, Reaching safepoint: 95400 ns, At safepoint: 19500 ns, Total: 114900 ns
[10.851s][info ][safepoint      ] Safepoint "ICBufferFull", Time since last: 755903 ns, Reaching safepoint: 100901 ns, At safepoint: 19000 ns, Total: 119901 ns
[10.851s][info ][safepoint      ] Safepoint "ICBufferFull", Time since last: 212101 ns, Reaching safepoint: 94400 ns, At safepoint: 26000 ns, Total: 120400 ns
[10.852s][info ][safepoint      ] Safepoint "ICBufferFull", Time since last: 38400 ns, Reaching safepoint: 93801 ns, At safepoint: 26700 ns, Total: 120501 ns
[10.852s][info ][safepoint      ] Safepoint "ICBufferFull", Time since last: 773703 ns, Reaching safepoint: 84701 ns, At safepoint: 14200 ns, Total: 98901 ns
[10.853s][info ][safepoint      ] Safepoint "ICBufferFull", Time since last: 46700 ns, Reaching safepoint: 89000 ns, At safepoint: 21000 ns, Total: 110000 ns
[10.853s][info ][safepoint      ] Safepoint "ICBufferFull", Time since last: 41801 ns, Reaching safepoint: 80600 ns, At safepoint: 25500 ns, Total: 106100 ns
[10.854s][info ][safepoint      ] Safepoint "ICBufferFull", Time since last: 764203 ns, Reaching safepoint: 102901 ns, At safepoint: 11500 ns, Total: 114401 ns
[10.854s][info ][safepoint      ] Safepoint "ICBufferFull", Time since last: 50500 ns, Reaching safepoint: 80900 ns, At safepoint: 20700 ns, Total: 101600 ns
[10.854s][info ][safepoint      ] Safepoint "ICBufferFull", Time since last: 52101 ns, Reaching safepoint: 98900 ns, At safepoint: 21200 ns, Total: 120100 ns
[10.854s][info ][safepoint      ] Safepoint "ICBufferFull", Time since last: 79800 ns, Reaching safepoint: 94001 ns, At safepoint: 28200 ns, Total: 122201 ns
[10.854s][info ][safepoint      ] Safepoint "ICBufferFull", Time since last: 44700 ns, Reaching safepoint: 93701 ns, At safepoint: 25900 ns, Total: 119601 ns
[10.855s][info ][safepoint      ] Safepoint "ICBufferFull", Time since last: 930904 ns, Reaching safepoint: 96400 ns, At safepoint: 20600 ns, Total: 117000 ns
[10.856s][info ][safepoint      ] Safepoint "ICBufferFull", Time since last: 300901 ns, Reaching safepoint: 97501 ns, At safepoint: 26300 ns, Total: 123801 ns
[10.857s][info ][safepoint      ] Safepoint "ICBufferFull", Time since last: 783303 ns, Reaching safepoint: 89101 ns, At safepoint: 17200 ns, Total: 106301 ns
[10.857s][info ][safepoint      ] Safepoint "ICBufferFull", Time since last: 67200 ns, Reaching safepoint: 85800 ns, At safepoint: 23700 ns, Total: 109500 ns
[10.857s][info ][safepoint      ] Safepoint "ICBufferFull", Time since last: 144801 ns, Reaching safepoint: 86800 ns, At safepoint: 20201 ns, Total: 107001 ns
[10.857s][info ][safepoint      ] Safepoint "ICBufferFull", Time since last: 75200 ns, Reaching safepoint: 83600 ns, At safepoint: 23100 ns, Total: 106700 ns
[10.858s][info ][safepoint      ] Safepoint "ICBufferFull", Time since last: 891204 ns, Reaching safepoint: 84100 ns, At safepoint: 19901 ns, Total: 104001 ns
[10.858s][info ][safepoint      ] Safepoint "ICBufferFull", Time since last: 72700 ns, Reaching safepoint: 82200 ns, At safepoint: 19100 ns, Total: 101300 ns
[10.859s][info ][safepoint      ] Safepoint "ICBufferFull", Time since last: 55501 ns, Reaching safepoint: 82400 ns, At safepoint: 19800 ns, Total: 102200 ns
[10.859s][info ][safepoint      ] Safepoint "ICBufferFull", Time since last: 69800 ns, Reaching safepoint: 83301 ns, At safepoint: 21000 ns, Total: 104301 ns
[10.860s][info ][safepoint      ] Safepoint "ICBufferFull", Time since last: 772503 ns, Reaching safepoint: 102800 ns, At safepoint: 13001 ns, Total: 115801 ns
[10.860s][info ][safepoint      ] Safepoint "ICBufferFull", Time since last: 39500 ns, Reaching safepoint: 84200 ns, At safepoint: 22300 ns, Total: 106500 ns
[10.860s][info ][safepoint      ] Safepoint "ICBufferFull", Time since last: 124801 ns, Reaching safepoint: 95300 ns, At safepoint: 20900 ns, Total: 116200 ns
[10.860s][info ][safepoint      ] Safepoint "ICBufferFull", Time since last: 33800 ns, Reaching safepoint: 89101 ns, At safepoint: 22500 ns, Total: 111601 ns
[10.861s][info ][safepoint      ] Safepoint "ICBufferFull", Time since last: 795003 ns, Reaching safepoint: 91001 ns, At safepoint: 13100 ns, Total: 104101 ns
[10.861s][info ][safepoint      ] Safepoint "ICBufferFull", Time since last: 86800 ns, Reaching safepoint: 86700 ns, At safepoint: 19300 ns, Total: 106000 ns
[10.862s][info ][safepoint      ] Safepoint "ICBufferFull", Time since last: 518703 ns, Reaching safepoint: 100900 ns, At safepoint: 22500 ns, Total: 123400 ns
[10.862s][info ][safepoint      ] Safepoint "ICBufferFull", Time since last: 36900 ns, Reaching safepoint: 86001 ns, At safepoint: 23400 ns, Total: 109401 ns
[10.866s][info ][safepoint      ] Safepoint "ICBufferFull", Time since last: 744103 ns, Reaching safepoint: 3165013 ns, At safepoint: 20401 ns, Total: 3185414 ns
[10.875s][info ][safepoint      ] Safepoint "ICBufferFull", Time since last: 9167439 ns, Reaching safepoint: 99500 ns, At safepoint: 21700 ns, Total: 121200 ns
[10.876s][info ][safepoint      ] Safepoint "ICBufferFull", Time since last: 81400 ns, Reaching safepoint: 92001 ns, At safepoint: 21300 ns, Total: 113301 ns
[10.876s][info ][safepoint      ] Safepoint "ICBufferFull", Time since last: 332001 ns, Reaching safepoint: 101001 ns, At safepoint: 21300 ns, Total: 122301 ns
[10.878s][info ][safepoint      ] Safepoint "ICBufferFull", Time since last: 91100 ns, Reaching safepoint: 2117109 ns, At safepoint: 32100 ns, Total: 2149209 ns
[10.879s][info ][safepoint      ] Safepoint "ICBufferFull", Time since last: 1014205 ns, Reaching safepoint: 102400 ns, At safepoint: 12700 ns, Total: 115100 ns
[10.880s][info ][safepoint      ] Safepoint "ICBufferFull", Time since last: 64401 ns, Reaching safepoint: 85300 ns, At safepoint: 21100 ns, Total: 106400 ns
[10.880s][info ][safepoint      ] Safepoint "ICBufferFull", Time since last: 79200 ns, Reaching safepoint: 86001 ns, At safepoint: 17500 ns, Total: 103501 ns
[10.881s][info ][safepoint      ] Safepoint "ICBufferFull", Time since last: 860303 ns, Reaching safepoint: 86301 ns, At safepoint: 21300 ns, Total: 107601 ns
[10.881s][info ][safepoint      ] Safepoint "ICBufferFull", Time since last: 62700 ns, Reaching safepoint: 94801 ns, At safepoint: 15700 ns, Total: 110501 ns
[10.881s][info ][safepoint      ] Safepoint "ICBufferFull", Time since last: 68300 ns, Reaching safepoint: 91800 ns, At safepoint: 18600 ns, Total: 110400 ns
[10.881s][info ][safepoint      ] Safepoint "ICBufferFull", Time since last: 36201 ns, Reaching safepoint: 80700 ns, At safepoint: 21800 ns, Total: 102500 ns
[10.882s][info ][safepoint      ] Safepoint "ICBufferFull", Time since last: 924704 ns, Reaching safepoint: 92800 ns, At safepoint: 15800 ns, Total: 108600 ns
[10.882s][info ][safepoint      ] Safepoint "ICBufferFull", Time since last: 67801 ns, Reaching safepoint: 82500 ns, At safepoint: 22000 ns, Total: 104500 ns
[10.883s][info ][safepoint      ] Safepoint "ICBufferFull", Time since last: 76600 ns, Reaching safepoint: 87701 ns, At safepoint: 21500 ns, Total: 109201 ns
[10.883s][info ][safepoint      ] Safepoint "ICBufferFull", Time since last: 788003 ns, Reaching safepoint: 104201 ns, At safepoint: 12800 ns, Total: 117001 ns
[10.884s][info ][safepoint      ] Safepoint "ICBufferFull", Time since last: 54100 ns, Reaching safepoint: 95400 ns, At safepoint: 20500 ns, Total: 115900 ns
[10.884s][info ][safepoint      ] Safepoint "ICBufferFull", Time since last: 54401 ns, Reaching safepoint: 78000 ns, At safepoint: 28600 ns, Total: 106600 ns
[10.884s][info ][safepoint      ] Safepoint "ICBufferFull", Time since last: 65700 ns, Reaching safepoint: 87301 ns, At safepoint: 22800 ns, Total: 110101 ns
[10.884s][info ][safepoint      ] Safepoint "ICBufferFull", Time since last: 54000 ns, Reaching safepoint: 94601 ns, At safepoint: 19600 ns, Total: 114201 ns
[10.884s][info ][safepoint      ] Safepoint "ICBufferFull", Time since last: 45200 ns, Reaching safepoint: 89000 ns, At safepoint: 23700 ns, Total: 112700 ns
[10.885s][info ][safepoint      ] Safepoint "ICBufferFull", Time since last: 849004 ns, Reaching safepoint: 105700 ns, At safepoint: 16900 ns, Total: 122600 ns
[10.885s][info ][safepoint      ] Safepoint "ICBufferFull", Time since last: 50601 ns, Reaching safepoint: 68400 ns, At safepoint: 16500 ns, Total: 84900 ns
[10.886s][info ][safepoint      ] Safepoint "ICBufferFull", Time since last: 38300 ns, Reaching safepoint: 88801 ns, At safepoint: 15800 ns, Total: 104601 ns
[10.886s][info ][safepoint      ] Safepoint "ICBufferFull", Time since last: 81900 ns, Reaching safepoint: 92600 ns, At safepoint: 23400 ns, Total: 116000 ns
[10.887s][info ][safepoint      ] Safepoint "ICBufferFull", Time since last: 752904 ns, Reaching safepoint: 87600 ns, At safepoint: 14500 ns, Total: 102100 ns
[10.887s][info ][safepoint      ] Safepoint "ICBufferFull", Time since last: 97801 ns, Reaching safepoint: 86500 ns, At safepoint: 20200 ns, Total: 106700 ns
[10.887s][info ][safepoint      ] Safepoint "ICBufferFull", Time since last: 77900 ns, Reaching safepoint: 88901 ns, At safepoint: 21200 ns, Total: 110101 ns
[10.888s][info ][safepoint      ] Safepoint "ICBufferFull", Time since last: 886504 ns, Reaching safepoint: 128200 ns, At safepoint: 14900 ns, Total: 143100 ns
[10.889s][info ][safepoint      ] Safepoint "ICBufferFull", Time since last: 684003 ns, Reaching safepoint: 100101 ns, At safepoint: 23200 ns, Total: 123301 ns
[10.893s][info ][safepoint      ] Safepoint "ICBufferFull", Time since last: 4436919 ns, Reaching safepoint: 93200 ns, At safepoint: 26400 ns, Total: 119600 ns
[10.895s][info ][safepoint      ] Safepoint "ICBufferFull", Time since last: 1990809 ns, Reaching safepoint: 93400 ns, At safepoint: 21400 ns, Total: 114800 ns
[10.896s][info ][safepoint      ] Safepoint "ICBufferFull", Time since last: 45000 ns, Reaching safepoint: 95001 ns, At safepoint: 26400 ns, Total: 121401 ns
[10.896s][info ][safepoint      ] Safepoint "ICBufferFull", Time since last: 38100 ns, Reaching safepoint: 90500 ns, At safepoint: 24800 ns, Total: 115300 ns
[10.897s][info ][safepoint      ] Safepoint "ICBufferFull", Time since last: 853904 ns, Reaching safepoint: 92800 ns, At safepoint: 21000 ns, Total: 113800 ns
[10.898s][info ][safepoint      ] Safepoint "ICBufferFull", Time since last: 855504 ns, Reaching safepoint: 90101 ns, At safepoint: 20200 ns, Total: 110301 ns
[10.899s][info ][safepoint      ] Safepoint "ICBufferFull", Time since last: 1468806 ns, Reaching safepoint: 102000 ns, At safepoint: 22900 ns, Total: 124900 ns
[10.899s][info ][safepoint      ] Safepoint "ICBufferFull", Time since last: 48901 ns, Reaching safepoint: 84200 ns, At safepoint: 10500 ns, Total: 94700 ns
[10.900s][info ][safepoint      ] Safepoint "ICBufferFull", Time since last: 68200 ns, Reaching safepoint: 80301 ns, At safepoint: 26500 ns, Total: 106801 ns
[10.900s][info ][safepoint      ] Safepoint "ICBufferFull", Time since last: 105600 ns, Reaching safepoint: 87101 ns, At safepoint: 19300 ns, Total: 106401 ns
[10.900s][info ][safepoint      ] Safepoint "ICBufferFull", Time since last: 45400 ns, Reaching safepoint: 84100 ns, At safepoint: 18700 ns, Total: 102800 ns
[10.901s][info ][safepoint      ] Safepoint "ICBufferFull", Time since last: 889704 ns, Reaching safepoint: 102601 ns, At safepoint: 19500 ns, Total: 122101 ns
[10.902s][info ][safepoint      ] Safepoint "ICBufferFull", Time since last: 949104 ns, Reaching safepoint: 48800 ns, At safepoint: 15000 ns, Total: 63800 ns
[10.903s][info ][safepoint      ] Safepoint "ICBufferFull", Time since last: 1130105 ns, Reaching safepoint: 90400 ns, At safepoint: 21500 ns, Total: 111900 ns
[10.903s][info ][safepoint      ] Safepoint "ICBufferFull", Time since last: 57800 ns, Reaching safepoint: 89601 ns, At safepoint: 23800 ns, Total: 113401 ns
[10.904s][info ][safepoint      ] Safepoint "ICBufferFull", Time since last: 582702 ns, Reaching safepoint: 94901 ns, At safepoint: 19300 ns, Total: 114201 ns
[10.904s][info ][safepoint      ] Safepoint "ICBufferFull", Time since last: 51500 ns, Reaching safepoint: 88201 ns, At safepoint: 17400 ns, Total: 105601 ns
[10.905s][info ][safepoint      ] Safepoint "ICBufferFull", Time since last: 104400 ns, Reaching safepoint: 93100 ns, At safepoint: 23201 ns, Total: 116301 ns
[10.905s][info ][safepoint      ] Safepoint "ICBufferFull", Time since last: 780903 ns, Reaching safepoint: 86900 ns, At safepoint: 11900 ns, Total: 98800 ns
[10.906s][info ][safepoint      ] Safepoint "ICBufferFull", Time since last: 60301 ns, Reaching safepoint: 85900 ns, At safepoint: 17200 ns, Total: 103100 ns
[10.906s][info ][safepoint      ] Safepoint "ICBufferFull", Time since last: 243701 ns, Reaching safepoint: 84500 ns, At safepoint: 17900 ns, Total: 102400 ns
[10.906s][info ][safepoint      ] Safepoint "ICBufferFull", Time since last: 42801 ns, Reaching safepoint: 85000 ns, At safepoint: 19700 ns, Total: 104700 ns
[10.907s][info ][safepoint      ] Safepoint "ICBufferFull", Time since last: 832004 ns, Reaching safepoint: 96300 ns, At safepoint: 26300 ns, Total: 122600 ns
[10.907s][info ][safepoint      ] Safepoint "ICBufferFull", Time since last: 79000 ns, Reaching safepoint: 89801 ns, At safepoint: 15400 ns, Total: 105201 ns
[10.907s][info ][safepoint      ] Safepoint "ICBufferFull", Time since last: 111300 ns, Reaching safepoint: 91301 ns, At safepoint: 21500 ns, Total: 112801 ns
[10.908s][info ][safepoint      ] Safepoint "ICBufferFull", Time since last: 589702 ns, Reaching safepoint: 92901 ns, At safepoint: 17600 ns, Total: 110501 ns
[10.909s][info ][safepoint      ] Safepoint "ICBufferFull", Time since last: 780703 ns, Reaching safepoint: 93201 ns, At safepoint: 11300 ns, Total: 104501 ns
[10.909s][info ][safepoint      ] Safepoint "ICBufferFull", Time since last: 51800 ns, Reaching safepoint: 82200 ns, At safepoint: 20500 ns, Total: 102700 ns
[10.909s][info ][safepoint      ] Safepoint "ICBufferFull", Time since last: 47601 ns, Reaching safepoint: 83100 ns, At safepoint: 20100 ns, Total: 103200 ns
[10.909s][info ][safepoint      ] Safepoint "ICBufferFull", Time since last: 47800 ns, Reaching safepoint: 81100 ns, At safepoint: 26201 ns, Total: 107301 ns
[10.913s][info ][safepoint      ] Safepoint "ICBufferFull", Time since last: 3776116 ns, Reaching safepoint: 86200 ns, At safepoint: 23500 ns, Total: 109700 ns
[10.913s][info ][safepoint      ] Safepoint "ICBufferFull", Time since last: 73800 ns, Reaching safepoint: 48201 ns, At safepoint: 28000 ns, Total: 76201 ns
[10.915s][info ][safepoint      ] Safepoint "ICBufferFull", Time since last: 1000604 ns, Reaching safepoint: 102901 ns, At safepoint: 18100 ns, Total: 121001 ns
[10.915s][info ][safepoint      ] Safepoint "ICBufferFull", Time since last: 51500 ns, Reaching safepoint: 96500 ns, At safepoint: 21800 ns, Total: 118300 ns
[10.915s][info ][safepoint      ] Safepoint "ICBufferFull", Time since last: 60001 ns, Reaching safepoint: 99500 ns, At safepoint: 21400 ns, Total: 120900 ns
[10.921s][info ][safepoint      ] Safepoint "ICBufferFull", Time since last: 2255210 ns, Reaching safepoint: 4206318 ns, At safepoint: 13700 ns, Total: 4220018 ns
[10.922s][info ][safepoint      ] Safepoint "ICBufferFull", Time since last: 76900 ns, Reaching safepoint: 92500 ns, At safepoint: 23500 ns, Total: 116000 ns
[10.922s][info ][safepoint      ] Safepoint "ICBufferFull", Time since last: 36601 ns, Reaching safepoint: 83600 ns, At safepoint: 21500 ns, Total: 105100 ns
[10.922s][info ][safepoint      ] Safepoint "ICBufferFull", Time since last: 78400 ns, Reaching safepoint: 83101 ns, At safepoint: 20800 ns, Total: 103901 ns
[10.922s][info ][safepoint      ] Safepoint "ICBufferFull", Time since last: 111400 ns, Reaching safepoint: 96501 ns, At safepoint: 26900 ns, Total: 123401 ns
[10.924s][info ][safepoint      ] Safepoint "ICBufferFull", Time since last: 1310005 ns, Reaching safepoint: 55601 ns, At safepoint: 17300 ns, Total: 72901 ns
[10.924s][info ][safepoint      ] Safepoint "ICBufferFull", Time since last: 58700 ns, Reaching safepoint: 82600 ns, At safepoint: 20800 ns, Total: 103400 ns
[10.924s][info ][safepoint      ] Safepoint "ICBufferFull", Time since last: 227901 ns, Reaching safepoint: 99701 ns, At safepoint: 16200 ns, Total: 115901 ns
[10.924s][info ][safepoint      ] Safepoint "ICBufferFull", Time since last: 79300 ns, Reaching safepoint: 95801 ns, At safepoint: 23500 ns, Total: 119301 ns
[10.924s][info ][safepoint      ] Safepoint "ICBufferFull", Time since last: 33000 ns, Reaching safepoint: 89000 ns, At safepoint: 21700 ns, Total: 110700 ns
[10.925s][info ][safepoint      ] Safepoint "ICBufferFull", Time since last: 920104 ns, Reaching safepoint: 99501 ns, At safepoint: 17900 ns, Total: 117401 ns
[10.926s][info ][safepoint      ] Safepoint "ICBufferFull", Time since last: 65000 ns, Reaching safepoint: 85700 ns, At safepoint: 15401 ns, Total: 101101 ns
[10.926s][info ][safepoint      ] Safepoint "ICBufferFull", Time since last: 49300 ns, Reaching safepoint: 83000 ns, At safepoint: 21000 ns, Total: 104000 ns
[10.926s][info ][safepoint      ] Safepoint "ICBufferFull", Time since last: 41600 ns, Reaching safepoint: 83401 ns, At safepoint: 24400 ns, Total: 107801 ns
[10.927s][info ][safepoint      ] Safepoint "ICBufferFull", Time since last: 736803 ns, Reaching safepoint: 94300 ns, At safepoint: 13200 ns, Total: 107500 ns
[10.927s][info ][safepoint      ] Safepoint "ICBufferFull", Time since last: 39901 ns, Reaching safepoint: 90100 ns, At safepoint: 16500 ns, Total: 106600 ns
[10.927s][info ][safepoint      ] Safepoint "ICBufferFull", Time since last: 112700 ns, Reaching safepoint: 84401 ns, At safepoint: 19100 ns, Total: 103501 ns
[10.927s][info ][safepoint      ] Safepoint "ICBufferFull", Time since last: 70000 ns, Reaching safepoint: 94701 ns, At safepoint: 20700 ns, Total: 115401 ns
[10.928s][info ][safepoint      ] Safepoint "ICBufferFull", Time since last: 774703 ns, Reaching safepoint: 99800 ns, At safepoint: 24601 ns, Total: 124401 ns
[10.928s][info ][safepoint      ] Safepoint "ICBufferFull", Time since last: 42300 ns, Reaching safepoint: 86400 ns, At safepoint: 26900 ns, Total: 113300 ns
[10.929s][info ][safepoint      ] Safepoint "ICBufferFull", Time since last: 44400 ns, Reaching safepoint: 71501 ns, At safepoint: 25600 ns, Total: 97101 ns
[10.929s][info ][safepoint      ] Safepoint "ICBufferFull", Time since last: 752303 ns, Reaching safepoint: 141301 ns, At safepoint: 13500 ns, Total: 154801 ns
[10.933s][info ][safepoint      ] Safepoint "ICBufferFull", Time since last: 3795516 ns, Reaching safepoint: 92300 ns, At safepoint: 22800 ns, Total: 115100 ns
[10.934s][info ][safepoint      ] Safepoint "ICBufferFull", Time since last: 575003 ns, Reaching safepoint: 86100 ns, At safepoint: 16500 ns, Total: 102600 ns
[10.934s][info ][safepoint      ] Safepoint "ICBufferFull", Time since last: 53800 ns, Reaching safepoint: 90501 ns, At safepoint: 22100 ns, Total: 112601 ns
[10.934s][info ][safepoint      ] Safepoint "ICBufferFull", Time since last: 93100 ns, Reaching safepoint: 88301 ns, At safepoint: 23900 ns, Total: 112201 ns
[10.935s][info ][safepoint      ] Safepoint "ICBufferFull", Time since last: 732003 ns, Reaching safepoint: 88600 ns, At safepoint: 16500 ns, Total: 105100 ns
[10.935s][info ][safepoint      ] Safepoint "ICBufferFull", Time since last: 121201 ns, Reaching safepoint: 85900 ns, At safepoint: 19600 ns, Total: 105500 ns
[10.936s][info ][safepoint      ] Safepoint "ICBufferFull", Time since last: 82701 ns, Reaching safepoint: 85900 ns, At safepoint: 28400 ns, Total: 114300 ns
[10.937s][info ][safepoint      ] Safepoint "ICBufferFull", Time since last: 859104 ns, Reaching safepoint: 93000 ns, At safepoint: 8600 ns, Total: 101600 ns
[10.937s][info ][safepoint      ] Safepoint "ICBufferFull", Time since last: 615603 ns, Reaching safepoint: 84600 ns, At safepoint: 21800 ns, Total: 106400 ns
[10.937s][info ][safepoint      ] Safepoint "ICBufferFull", Time since last: 52001 ns, Reaching safepoint: 82600 ns, At safepoint: 23800 ns, Total: 106400 ns
[10.938s][info ][safepoint      ] Safepoint "ICBufferFull", Time since last: 38600 ns, Reaching safepoint: 88501 ns, At safepoint: 20200 ns, Total: 108701 ns
[10.938s][info ][safepoint      ] Safepoint "ICBufferFull", Time since last: 50000 ns, Reaching safepoint: 87900 ns, At safepoint: 23100 ns, Total: 111000 ns
[10.939s][info ][safepoint      ] Safepoint "ICBufferFull", Time since last: 841504 ns, Reaching safepoint: 96400 ns, At safepoint: 14100 ns, Total: 110500 ns
[10.939s][info ][safepoint      ] Safepoint "ICBufferFull", Time since last: 321002 ns, Reaching safepoint: 87600 ns, At safepoint: 28200 ns, Total: 115800 ns
[10.939s][info ][safepoint      ] Safepoint "ICBufferFull", Time since last: 74501 ns, Reaching safepoint: 85600 ns, At safepoint: 23700 ns, Total: 109300 ns
[10.940s][info ][safepoint      ] Safepoint "ICBufferFull", Time since last: 848004 ns, Reaching safepoint: 88000 ns, At safepoint: 19200 ns, Total: 107200 ns
[10.941s][info ][safepoint      ] Safepoint "ICBufferFull", Time since last: 505502 ns, Reaching safepoint: 92601 ns, At safepoint: 26600 ns, Total: 119201 ns
[10.941s][info ][safepoint      ] Safepoint "ICBufferFull", Time since last: 84500 ns, Reaching safepoint: 87901 ns, At safepoint: 21900 ns, Total: 109801 ns
[10.942s][info ][safepoint      ] Safepoint "ICBufferFull", Time since last: 446102 ns, Reaching safepoint: 91500 ns, At safepoint: 34700 ns, Total: 126200 ns
[10.943s][info ][safepoint      ] Safepoint "ICBufferFull", Time since last: 696603 ns, Reaching safepoint: 105300 ns, At safepoint: 20901 ns, Total: 126201 ns
[10.943s][info ][safepoint      ] Safepoint "ICBufferFull", Time since last: 166900 ns, Reaching safepoint: 96701 ns, At safepoint: 24100 ns, Total: 120801 ns
[10.943s][info ][safepoint      ] Safepoint "ICBufferFull", Time since last: 45100 ns, Reaching safepoint: 242001 ns, At safepoint: 25300 ns, Total: 267301 ns
[10.944s][info ][safepoint      ] Safepoint "ICBufferFull", Time since last: 751403 ns, Reaching safepoint: 90001 ns, At safepoint: 14200 ns, Total: 104201 ns
[10.944s][info ][safepoint      ] Safepoint "ICBufferFull", Time since last: 47400 ns, Reaching safepoint: 81900 ns, At safepoint: 16000 ns, Total: 97900 ns
[10.947s][info ][safepoint      ] Safepoint "ICBufferFull", Time since last: 2234410 ns, Reaching safepoint: 102600 ns, At safepoint: 24600 ns, Total: 127200 ns
[10.947s][info ][safepoint      ] Safepoint "ICBufferFull", Time since last: 78901 ns, Reaching safepoint: 95300 ns, At safepoint: 24500 ns, Total: 119800 ns
[10.947s][info ][safepoint      ] Safepoint "ICBufferFull", Time since last: 170601 ns, Reaching safepoint: 84300 ns, At safepoint: 22500 ns, Total: 106800 ns
[10.947s][info ][safepoint      ] Safepoint "ICBufferFull", Time since last: 53401 ns, Reaching safepoint: 92800 ns, At safepoint: 24300 ns, Total: 117100 ns
[10.947s][info ][safepoint      ] Safepoint "ICBufferFull", Time since last: 90001 ns, Reaching safepoint: 82100 ns, At safepoint: 17400 ns, Total: 99500 ns
[10.948s][info ][safepoint      ] Safepoint "ICBufferFull", Time since last: 93000 ns, Reaching safepoint: 100401 ns, At safepoint: 30300 ns, Total: 130701 ns
[10.948s][info ][safepoint      ] Safepoint "ICBufferFull", Time since last: 76300 ns, Reaching safepoint: 95401 ns, At safepoint: 23400 ns, Total: 118801 ns
[10.949s][info ][safepoint      ] Safepoint "ICBufferFull", Time since last: 761803 ns, Reaching safepoint: 96600 ns, At safepoint: 13601 ns, Total: 110201 ns
[10.949s][info ][safepoint      ] Safepoint "ICBufferFull", Time since last: 60400 ns, Reaching safepoint: 81200 ns, At safepoint: 15500 ns, Total: 96700 ns
[10.949s][info ][safepoint      ] Safepoint "ICBufferFull", Time since last: 59700 ns, Reaching safepoint: 86301 ns, At safepoint: 21100 ns, Total: 107401 ns
[10.949s][info ][safepoint      ] Safepoint "ICBufferFull", Time since last: 34300 ns, Reaching safepoint: 86000 ns, At safepoint: 29101 ns, Total: 115101 ns
[10.949s][info ][safepoint      ] Safepoint "ICBufferFull", Time since last: 36000 ns, Reaching safepoint: 79900 ns, At safepoint: 23400 ns, Total: 103300 ns
[10.950s][info ][safepoint      ] Safepoint "ICBufferFull", Time since last: 700903 ns, Reaching safepoint: 92701 ns, At safepoint: 26900 ns, Total: 119601 ns
[10.950s][info ][safepoint      ] Safepoint "ICBufferFull", Time since last: 69900 ns, Reaching safepoint: 80800 ns, At safepoint: 17300 ns, Total: 98100 ns
[10.950s][info ][safepoint      ] Safepoint "ICBufferFull", Time since last: 43101 ns, Reaching safepoint: 81100 ns, At safepoint: 24800 ns, Total: 105900 ns
[10.951s][info ][safepoint      ] Safepoint "ICBufferFull", Time since last: 43600 ns, Reaching safepoint: 90301 ns, At safepoint: 19700 ns, Total: 110001 ns
[10.951s][info ][safepoint      ] Safepoint "ICBufferFull", Time since last: 688303 ns, Reaching safepoint: 85700 ns, At safepoint: 15100 ns, Total: 100800 ns
[10.951s][info ][safepoint      ] Safepoint "ICBufferFull", Time since last: 55600 ns, Reaching safepoint: 88301 ns, At safepoint: 28500 ns, Total: 116801 ns
[10.952s][info ][safepoint      ] Safepoint "ICBufferFull", Time since last: 50300 ns, Reaching safepoint: 83600 ns, At safepoint: 23600 ns, Total: 107200 ns
[10.952s][info ][safepoint      ] Safepoint "ICBufferFull", Time since last: 35601 ns, Reaching safepoint: 94500 ns, At safepoint: 19600 ns, Total: 114100 ns
[10.952s][info ][safepoint      ] Safepoint "ICBufferFull", Time since last: 33800 ns, Reaching safepoint: 89401 ns, At safepoint: 22000 ns, Total: 111401 ns
[10.952s][info ][safepoint      ] Safepoint "ICBufferFull", Time since last: 54700 ns, Reaching safepoint: 81800 ns, At safepoint: 23500 ns, Total: 105300 ns
[10.953s][info ][safepoint      ] Safepoint "ICBufferFull", Time since last: 722103 ns, Reaching safepoint: 92801 ns, At safepoint: 9000 ns, Total: 101801 ns
[10.953s][info ][safepoint      ] Safepoint "ICBufferFull", Time since last: 58800 ns, Reaching safepoint: 81300 ns, At safepoint: 19001 ns, Total: 100301 ns
[10.953s][info ][safepoint      ] Safepoint "ICBufferFull", Time since last: 56800 ns, Reaching safepoint: 80700 ns, At safepoint: 21500 ns, Total: 102200 ns
[10.953s][info ][safepoint      ] Safepoint "ICBufferFull", Time since last: 40900 ns, Reaching safepoint: 79201 ns, At safepoint: 23300 ns, Total: 102501 ns
[10.954s][info ][safepoint      ] Safepoint "ICBufferFull", Time since last: 31400 ns, Reaching safepoint: 85700 ns, At safepoint: 22600 ns, Total: 108300 ns
[10.954s][info ][safepoint      ] Safepoint "ICBufferFull", Time since last: 66701 ns, Reaching safepoint: 94200 ns, At safepoint: 24600 ns, Total: 118800 ns
[10.955s][info ][safepoint      ] Safepoint "ICBufferFull", Time since last: 715903 ns, Reaching safepoint: 96701 ns, At safepoint: 23800 ns, Total: 120501 ns
[10.955s][info ][safepoint      ] Safepoint "ICBufferFull", Time since last: 47600 ns, Reaching safepoint: 83300 ns, At safepoint: 19700 ns, Total: 103000 ns
[10.955s][info ][safepoint      ] Safepoint "ICBufferFull", Time since last: 49701 ns, Reaching safepoint: 94100 ns, At safepoint: 22700 ns, Total: 116800 ns
[10.955s][info ][safepoint      ] Safepoint "ICBufferFull", Time since last: 27200 ns, Reaching safepoint: 79501 ns, At safepoint: 25900 ns, Total: 105401 ns
[10.955s][info ][safepoint      ] Safepoint "ICBufferFull", Time since last: 145000 ns, Reaching safepoint: 93501 ns, At safepoint: 17200 ns, Total: 110701 ns
[10.955s][info ][safepoint      ] Safepoint "ICBufferFull", Time since last: 34600 ns, Reaching safepoint: 91600 ns, At safepoint: 20500 ns, Total: 112100 ns
[10.956s][info ][safepoint      ] Safepoint "ICBufferFull", Time since last: 711303 ns, Reaching safepoint: 95001 ns, At safepoint: 10100 ns, Total: 105101 ns
[10.957s][info ][safepoint      ] Safepoint "ICBufferFull", Time since last: 1003304 ns, Reaching safepoint: 98001 ns, At safepoint: 27600 ns, Total: 125601 ns
[10.958s][info ][safepoint      ] Safepoint "ICBufferFull", Time since last: 181400 ns, Reaching safepoint: 91101 ns, At safepoint: 15800 ns, Total: 106901 ns
[10.958s][info ][safepoint      ] Safepoint "ICBufferFull", Time since last: 56600 ns, Reaching safepoint: 82201 ns, At safepoint: 19600 ns, Total: 101801 ns
[10.958s][info ][safepoint      ] Safepoint "ICBufferFull", Time since last: 38800 ns, Reaching safepoint: 92500 ns, At safepoint: 20200 ns, Total: 112700 ns
[10.958s][info ][safepoint      ] Safepoint "ICBufferFull", Time since last: 84901 ns, Reaching safepoint: 93000 ns, At safepoint: 22200 ns, Total: 115200 ns
[10.959s][info ][safepoint      ] Safepoint "ICBufferFull", Time since last: 709303 ns, Reaching safepoint: 94101 ns, At safepoint: 11400 ns, Total: 105501 ns
[10.959s][info ][safepoint      ] Safepoint "ICBufferFull", Time since last: 60900 ns, Reaching safepoint: 89300 ns, At safepoint: 15400 ns, Total: 104700 ns
[10.959s][info ][safepoint      ] Safepoint "ICBufferFull", Time since last: 81601 ns, Reaching safepoint: 95200 ns, At safepoint: 17200 ns, Total: 112400 ns
[10.959s][info ][safepoint      ] Safepoint "ICBufferFull", Time since last: 43300 ns, Reaching safepoint: 81701 ns, At safepoint: 18300 ns, Total: 100001 ns
[10.960s][info ][safepoint      ] Safepoint "ICBufferFull", Time since last: 29600 ns, Reaching safepoint: 86600 ns, At safepoint: 21000 ns, Total: 107600 ns
[10.960s][info ][safepoint      ] Safepoint "ICBufferFull", Time since last: 782604 ns, Reaching safepoint: 90100 ns, At safepoint: 19700 ns, Total: 109800 ns
[10.961s][info ][safepoint      ] Safepoint "ICBufferFull", Time since last: 805504 ns, Reaching safepoint: 99400 ns, At safepoint: 7600 ns, Total: 107000 ns
[10.962s][info ][safepoint      ] Safepoint "ICBufferFull", Time since last: 64200 ns, Reaching safepoint: 81601 ns, At safepoint: 24600 ns, Total: 106201 ns
[10.962s][info ][safepoint      ] Safepoint "ICBufferFull", Time since last: 94200 ns, Reaching safepoint: 87300 ns, At safepoint: 20301 ns, Total: 107601 ns
[10.962s][info ][safepoint      ] Safepoint "ICBufferFull", Time since last: 70300 ns, Reaching safepoint: 82000 ns, At safepoint: 20500 ns, Total: 102500 ns
[10.962s][info ][safepoint      ] Safepoint "ICBufferFull", Time since last: 52801 ns, Reaching safepoint: 90300 ns, At safepoint: 25100 ns, Total: 115400 ns
[10.962s][info ][safepoint      ] Safepoint "ICBufferFull", Time since last: 42200 ns, Reaching safepoint: 85101 ns, At safepoint: 30800 ns, Total: 115901 ns
[10.966s][info ][safepoint      ] Safepoint "ICBufferFull", Time since last: 752203 ns, Reaching safepoint: 3190313 ns, At safepoint: 21301 ns, Total: 3211614 ns
[10.966s][info ][safepoint      ] Safepoint "ICBufferFull", Time since last: 123900 ns, Reaching safepoint: 90700 ns, At safepoint: 19201 ns, Total: 109901 ns
[10.969s][info ][safepoint      ] Safepoint "ICBufferFull", Time since last: 2752111 ns, Reaching safepoint: 92001 ns, At safepoint: 24600 ns, Total: 116601 ns
[10.970s][info ][safepoint      ] Safepoint "ICBufferFull", Time since last: 78100 ns, Reaching safepoint: 88801 ns, At safepoint: 20300 ns, Total: 109101 ns
[10.970s][info ][safepoint      ] Safepoint "ICBufferFull", Time since last: 38100 ns, Reaching safepoint: 90700 ns, At safepoint: 15300 ns, Total: 106000 ns
[10.970s][info ][safepoint      ] Safepoint "ICBufferFull", Time since last: 148801 ns, Reaching safepoint: 88700 ns, At safepoint: 14600 ns, Total: 103300 ns
[10.970s][info ][safepoint      ] Safepoint "ICBufferFull", Time since last: 253501 ns, Reaching safepoint: 89201 ns, At safepoint: 17600 ns, Total: 106801 ns
[10.971s][info ][safepoint      ] Safepoint "ICBufferFull", Time since last: 365101 ns, Reaching safepoint: 88201 ns, At safepoint: 19900 ns, Total: 108101 ns
[10.972s][info ][safepoint      ] Safepoint "ICBufferFull", Time since last: 720203 ns, Reaching safepoint: 106100 ns, At safepoint: 17200 ns, Total: 123300 ns
[10.973s][info ][safepoint      ] Safepoint "ICBufferFull", Time since last: 1029705 ns, Reaching safepoint: 104500 ns, At safepoint: 19700 ns, Total: 124200 ns
[10.973s][info ][safepoint      ] Safepoint "ICBufferFull", Time since last: 112501 ns, Reaching safepoint: 89800 ns, At safepoint: 22500 ns, Total: 112300 ns
[10.973s][info ][safepoint      ] Safepoint "ICBufferFull", Time since last: 47401 ns, Reaching safepoint: 99100 ns, At safepoint: 30400 ns, Total: 129500 ns
[10.973s][info ][safepoint      ] Safepoint "ICBufferFull", Time since last: 151501 ns, Reaching safepoint: 98500 ns, At safepoint: 25400 ns, Total: 123900 ns
[10.974s][info ][safepoint      ] Safepoint "ICBufferFull", Time since last: 698803 ns, Reaching safepoint: 56800 ns, At safepoint: 15401 ns, Total: 72201 ns
[10.974s][info ][safepoint      ] Safepoint "ICBufferFull", Time since last: 65700 ns, Reaching safepoint: 87900 ns, At safepoint: 21600 ns, Total: 109500 ns
[10.975s][info ][safepoint      ] Safepoint "ICBufferFull", Time since last: 65401 ns, Reaching safepoint: 84800 ns, At safepoint: 17200 ns, Total: 102000 ns
[10.975s][info ][safepoint      ] Safepoint "ICBufferFull", Time since last: 60900 ns, Reaching safepoint: 82701 ns, At safepoint: 23200 ns, Total: 105901 ns
[10.975s][info ][safepoint      ] Safepoint "ICBufferFull", Time since last: 45700 ns, Reaching safepoint: 85600 ns, At safepoint: 25100 ns, Total: 110700 ns
[10.976s][info ][safepoint      ] Safepoint "ICBufferFull", Time since last: 707303 ns, Reaching safepoint: 78801 ns, At safepoint: 16300 ns, Total: 95101 ns
[10.977s][info ][safepoint      ] Safepoint "ICBufferFull", Time since last: 1209905 ns, Reaching safepoint: 96100 ns, At safepoint: 25200 ns, Total: 121300 ns
[10.978s][info ][safepoint      ] Safepoint "ICBufferFull", Time since last: 971605 ns, Reaching safepoint: 92600 ns, At safepoint: 20000 ns, Total: 112600 ns
[10.978s][info ][safepoint      ] Safepoint "ICBufferFull", Time since last: 70500 ns, Reaching safepoint: 81701 ns, At safepoint: 19600 ns, Total: 101301 ns
[10.978s][info ][safepoint      ] Safepoint "ICBufferFull", Time since last: 83400 ns, Reaching safepoint: 93401 ns, At safepoint: 24400 ns, Total: 117801 ns
[10.979s][info ][safepoint      ] Safepoint "ICBufferFull", Time since last: 788303 ns, Reaching safepoint: 86700 ns, At safepoint: 14300 ns, Total: 101000 ns
[10.979s][info ][safepoint      ] Safepoint "ICBufferFull", Time since last: 46601 ns, Reaching safepoint: 45800 ns, At safepoint: 21100 ns, Total: 66900 ns
[10.980s][info ][safepoint      ] Safepoint "ICBufferFull", Time since last: 58000 ns, Reaching safepoint: 83001 ns, At safepoint: 19800 ns, Total: 102801 ns
[10.980s][info ][safepoint      ] Safepoint "ICBufferFull", Time since last: 47400 ns, Reaching safepoint: 89500 ns, At safepoint: 20100 ns, Total: 109600 ns
[10.980s][info ][safepoint      ] Safepoint "ICBufferFull", Time since last: 73301 ns, Reaching safepoint: 92400 ns, At safepoint: 20500 ns, Total: 112900 ns
[10.980s][info ][safepoint      ] Safepoint "ICBufferFull", Time since last: 33600 ns, Reaching safepoint: 87901 ns, At safepoint: 22100 ns, Total: 110001 ns
[10.981s][info ][safepoint      ] Safepoint "ICBufferFull", Time since last: 815903 ns, Reaching safepoint: 92901 ns, At safepoint: 8900 ns, Total: 101801 ns
[10.981s][info ][safepoint      ] Safepoint "ICBufferFull", Time since last: 58400 ns, Reaching safepoint: 103600 ns, At safepoint: 18000 ns, Total: 121600 ns
[10.981s][info ][safepoint      ] Safepoint "ICBufferFull", Time since last: 40701 ns, Reaching safepoint: 85700 ns, At safepoint: 15000 ns, Total: 100700 ns
[10.982s][info ][safepoint      ] Safepoint "ICBufferFull", Time since last: 66500 ns, Reaching safepoint: 81601 ns, At safepoint: 22800 ns, Total: 104401 ns
[10.982s][info ][safepoint      ] Safepoint "ICBufferFull", Time since last: 66600 ns, Reaching safepoint: 81500 ns, At safepoint: 12600 ns, Total: 94100 ns
[10.982s][info ][safepoint      ] Safepoint "ICBufferFull", Time since last: 38601 ns, Reaching safepoint: 81800 ns, At safepoint: 19200 ns, Total: 101000 ns
[10.983s][info ][safepoint      ] Safepoint "ICBufferFull", Time since last: 754103 ns, Reaching safepoint: 88401 ns, At safepoint: 11000 ns, Total: 99401 ns
[10.983s][info ][safepoint      ] Safepoint "ICBufferFull", Time since last: 56300 ns, Reaching safepoint: 93700 ns, At safepoint: 25400 ns, Total: 119100 ns
[10.983s][info ][safepoint      ] Safepoint "ICBufferFull", Time since last: 40001 ns, Reaching safepoint: 88300 ns, At safepoint: 16100 ns, Total: 104400 ns
[10.983s][info ][safepoint      ] Safepoint "ICBufferFull", Time since last: 47100 ns, Reaching safepoint: 80401 ns, At safepoint: 19400 ns, Total: 99801 ns
[10.983s][info ][safepoint      ] Safepoint "ICBufferFull", Time since last: 93500 ns, Reaching safepoint: 82300 ns, At safepoint: 20600 ns, Total: 102900 ns
[10.984s][info ][safepoint      ] Safepoint "ICBufferFull", Time since last: 50201 ns, Reaching safepoint: 94300 ns, At safepoint: 21100 ns, Total: 115400 ns
[10.984s][info ][safepoint      ] Safepoint "ICBufferFull", Time since last: 721603 ns, Reaching safepoint: 99101 ns, At safepoint: 11600 ns, Total: 110701 ns
[10.985s][info ][safepoint      ] Safepoint "ICBufferFull", Time since last: 60200 ns, Reaching safepoint: 85000 ns, At safepoint: 24300 ns, Total: 109300 ns
[10.985s][info ][safepoint      ] Safepoint "ICBufferFull", Time since last: 157701 ns, Reaching safepoint: 88500 ns, At safepoint: 14701 ns, Total: 103201 ns
[10.985s][info ][safepoint      ] Safepoint "ICBufferFull", Time since last: 65400 ns, Reaching safepoint: 84400 ns, At safepoint: 21600 ns, Total: 106000 ns
[10.985s][info ][safepoint      ] Safepoint "ICBufferFull", Time since last: 39200 ns, Reaching safepoint: 88201 ns, At safepoint: 20900 ns, Total: 109101 ns
[10.986s][info ][safepoint      ] Safepoint "ICBufferFull", Time since last: 754903 ns, Reaching safepoint: 92700 ns, At safepoint: 9101 ns, Total: 101801 ns
[10.986s][info ][safepoint      ] Safepoint "ICBufferFull", Time since last: 89200 ns, Reaching safepoint: 81000 ns, At safepoint: 14300 ns, Total: 95300 ns
[10.986s][info ][safepoint      ] Safepoint "ICBufferFull", Time since last: 102701 ns, Reaching safepoint: 89100 ns, At safepoint: 19000 ns, Total: 108100 ns
[10.986s][info ][safepoint      ] Safepoint "ICBufferFull", Time since last: 38500 ns, Reaching safepoint: 84501 ns, At safepoint: 14200 ns, Total: 98701 ns
[10.987s][info ][safepoint      ] Safepoint "ICBufferFull", Time since last: 59200 ns, Reaching safepoint: 87400 ns, At safepoint: 25701 ns, Total: 113101 ns
[10.987s][info ][safepoint      ] Safepoint "ICBufferFull", Time since last: 686702 ns, Reaching safepoint: 93201 ns, At safepoint: 14700 ns, Total: 107901 ns
[10.988s][info ][safepoint      ] Safepoint "ICBufferFull", Time since last: 104000 ns, Reaching safepoint: 87101 ns, At safepoint: 16300 ns, Total: 103401 ns
[10.988s][info ][safepoint      ] Safepoint "ICBufferFull", Time since last: 112300 ns, Reaching safepoint: 86201 ns, At safepoint: 17400 ns, Total: 103601 ns
[10.988s][info ][safepoint      ] Safepoint "ICBufferFull", Time since last: 35800 ns, Reaching safepoint: 90700 ns, At safepoint: 18900 ns, Total: 109600 ns
[10.989s][info ][safepoint      ] Safepoint "ICBufferFull", Time since last: 724503 ns, Reaching safepoint: 85801 ns, At safepoint: 18100 ns, Total: 103901 ns
[10.989s][info ][safepoint      ] Safepoint "ICBufferFull", Time since last: 59200 ns, Reaching safepoint: 93401 ns, At safepoint: 18600 ns, Total: 112001 ns
[10.990s][info ][safepoint      ] Safepoint "ICBufferFull", Time since last: 797703 ns, Reaching safepoint: 85800 ns, At safepoint: 20900 ns, Total: 106700 ns
[10.990s][info ][safepoint      ] Safepoint "ICBufferFull", Time since last: 63501 ns, Reaching safepoint: 82000 ns, At safepoint: 24200 ns, Total: 106200 ns
[10.990s][info ][safepoint      ] Safepoint "ICBufferFull", Time since last: 46800 ns, Reaching safepoint: 81801 ns, At safepoint: 19900 ns, Total: 101701 ns
[10.990s][info ][safepoint      ] Safepoint "ICBufferFull", Time since last: 82900 ns, Reaching safepoint: 83401 ns, At safepoint: 24700 ns, Total: 108101 ns
[10.991s][info ][safepoint      ] Safepoint "ICBufferFull", Time since last: 39900 ns, Reaching safepoint: 81600 ns, At safepoint: 22400 ns, Total: 104000 ns
[10.991s][info ][safepoint      ] Safepoint "ICBufferFull", Time since last: 744803 ns, Reaching safepoint: 97601 ns, At safepoint: 17200 ns, Total: 114801 ns
[10.992s][info ][safepoint      ] Safepoint "ICBufferFull", Time since last: 58000 ns, Reaching safepoint: 81801 ns, At safepoint: 22100 ns, Total: 103901 ns
[10.992s][info ][safepoint      ] Safepoint "ICBufferFull", Time since last: 53400 ns, Reaching safepoint: 82600 ns, At safepoint: 24200 ns, Total: 106800 ns
[10.992s][info ][safepoint      ] Safepoint "ICBufferFull", Time since last: 48000 ns, Reaching safepoint: 82601 ns, At safepoint: 17900 ns, Total: 100501 ns
[10.993s][info ][safepoint      ] Safepoint "ICBufferFull", Time since last: 1332206 ns, Reaching safepoint: 97800 ns, At safepoint: 22900 ns, Total: 120700 ns
[10.994s][info ][safepoint      ] Safepoint "ICBufferFull", Time since last: 59500 ns, Reaching safepoint: 82801 ns, At safepoint: 21500 ns, Total: 104301 ns
[10.994s][info ][safepoint      ] Safepoint "ICBufferFull", Time since last: 64100 ns, Reaching safepoint: 81500 ns, At safepoint: 20701 ns, Total: 102201 ns
[10.994s][info ][safepoint      ] Safepoint "ICBufferFull", Time since last: 63400 ns, Reaching safepoint: 92400 ns, At safepoint: 18400 ns, Total: 110800 ns
[10.994s][info ][safepoint      ] Safepoint "ICBufferFull", Time since last: 92601 ns, Reaching safepoint: 94100 ns, At safepoint: 19100 ns, Total: 113200 ns
[10.994s][info ][safepoint      ] Safepoint "ICBufferFull", Time since last: 61000 ns, Reaching safepoint: 92801 ns, At safepoint: 20700 ns, Total: 113501 ns
[10.995s][info ][safepoint      ] Safepoint "ICBufferFull", Time since last: 743203 ns, Reaching safepoint: 94400 ns, At safepoint: 9400 ns, Total: 103800 ns
[10.995s][info ][safepoint      ] Safepoint "ICBufferFull", Time since last: 39001 ns, Reaching safepoint: 81200 ns, At safepoint: 21700 ns, Total: 102900 ns
[10.995s][info ][safepoint      ] Safepoint "ICBufferFull", Time since last: 41300 ns, Reaching safepoint: 79801 ns, At safepoint: 12500 ns, Total: 92301 ns
[10.996s][info ][safepoint      ] Safepoint "ICBufferFull", Time since last: 901804 ns, Reaching safepoint: 96000 ns, At safepoint: 19500 ns, Total: 115500 ns
[10.997s][info ][safepoint      ] Safepoint "ICBufferFull", Time since last: 50900 ns, Reaching safepoint: 92501 ns, At safepoint: 20200 ns, Total: 112701 ns
[10.997s][info ][safepoint      ] Safepoint "ICBufferFull", Time since last: 671203 ns, Reaching safepoint: 95900 ns, At safepoint: 25600 ns, Total: 121500 ns
[10.999s][info ][safepoint      ] Safepoint "ICBufferFull", Time since last: 1327806 ns, Reaching safepoint: 98000 ns, At safepoint: 26100 ns, Total: 124100 ns
[10.999s][info ][safepoint      ] Safepoint "ICBufferFull", Time since last: 74801 ns, Reaching safepoint: 95500 ns, At safepoint: 18500 ns, Total: 114000 ns
[11.000s][info ][safepoint      ] Safepoint "ICBufferFull", Time since last: 1304706 ns, Reaching safepoint: 94900 ns, At safepoint: 25000 ns, Total: 119900 ns
[11.001s][info ][safepoint      ] Safepoint "ICBufferFull", Time since last: 60300 ns, Reaching safepoint: 92401 ns, At safepoint: 25700 ns, Total: 118101 ns
[11.001s][info ][safepoint      ] Safepoint "ICBufferFull", Time since last: 641303 ns, Reaching safepoint: 99300 ns, At safepoint: 20300 ns, Total: 119600 ns
[11.002s][info ][safepoint      ] Safepoint "ICBufferFull", Time since last: 56300 ns, Reaching safepoint: 95301 ns, At safepoint: 22600 ns, Total: 117901 ns
[11.002s][info ][safepoint      ] Safepoint "ICBufferFull", Time since last: 26400 ns, Reaching safepoint: 90900 ns, At safepoint: 21900 ns, Total: 112800 ns
[11.002s][info ][safepoint      ] Safepoint "ICBufferFull", Time since last: 78801 ns, Reaching safepoint: 90600 ns, At safepoint: 19200 ns, Total: 109800 ns
[11.002s][info ][safepoint      ] Safepoint "ICBufferFull", Time since last: 48300 ns, Reaching safepoint: 82401 ns, At safepoint: 22300 ns, Total: 104701 ns
[11.003s][info ][safepoint      ] Safepoint "ICBufferFull", Time since last: 685503 ns, Reaching safepoint: 95800 ns, At safepoint: 13600 ns, Total: 109400 ns
[11.003s][info ][safepoint      ] Safepoint "ICBufferFull", Time since last: 51001 ns, Reaching safepoint: 82400 ns, At safepoint: 20400 ns, Total: 102800 ns
[11.003s][info ][safepoint      ] Safepoint "ICBufferFull", Time since last: 64100 ns, Reaching safepoint: 83101 ns, At safepoint: 17000 ns, Total: 100101 ns
[11.003s][info ][safepoint      ] Safepoint "ICBufferFull", Time since last: 32200 ns, Reaching safepoint: 82600 ns, At safepoint: 19200 ns, Total: 101800 ns
[11.004s][info ][safepoint      ] Safepoint "ICBufferFull", Time since last: 1030005 ns, Reaching safepoint: 100300 ns, At safepoint: 26900 ns, Total: 127200 ns
[11.005s][info ][safepoint      ] Safepoint "ICBufferFull", Time since last: 98001 ns, Reaching safepoint: 97100 ns, At safepoint: 17100 ns, Total: 114200 ns
[11.005s][info ][safepoint      ] Safepoint "ICBufferFull", Time since last: 91700 ns, Reaching safepoint: 84901 ns, At safepoint: 24100 ns, Total: 109001 ns
[11.005s][info ][safepoint      ] Safepoint "ICBufferFull", Time since last: 93500 ns, Reaching safepoint: 88501 ns, At safepoint: 26800 ns, Total: 115301 ns
[11.005s][info ][safepoint      ] Safepoint "ICBufferFull", Time since last: 83700 ns, Reaching safepoint: 85001 ns, At safepoint: 28100 ns, Total: 113101 ns
[11.006s][info ][safepoint      ] Safepoint "ICBufferFull", Time since last: 703103 ns, Reaching safepoint: 91100 ns, At safepoint: 20100 ns, Total: 111200 ns
[11.006s][info ][safepoint      ] Safepoint "ICBufferFull", Time since last: 64400 ns, Reaching safepoint: 156601 ns, At safepoint: 61600 ns, Total: 218201 ns
[11.006s][info ][safepoint      ] Safepoint "ICBufferFull", Time since last: 70401 ns, Reaching safepoint: 84600 ns, At safepoint: 19100 ns, Total: 103700 ns
[11.008s][info ][safepoint      ] Safepoint "ICBufferFull", Time since last: 1175405 ns, Reaching safepoint: 95200 ns, At safepoint: 26701 ns, Total: 121901 ns
[11.008s][info ][safepoint      ] Safepoint "ICBufferFull", Time since last: 71400 ns, Reaching safepoint: 86500 ns, At safepoint: 23600 ns, Total: 110100 ns
[11.008s][info ][safepoint      ] Safepoint "ICBufferFull", Time since last: 52801 ns, Reaching safepoint: 85500 ns, At safepoint: 21300 ns, Total: 106800 ns
[11.009s][info ][safepoint      ] Safepoint "ICBufferFull", Time since last: 1092905 ns, Reaching safepoint: 89300 ns, At safepoint: 23100 ns, Total: 112400 ns
[11.009s][info ][safepoint      ] Safepoint "ICBufferFull", Time since last: 51700 ns, Reaching safepoint: 84201 ns, At safepoint: 21400 ns, Total: 105601 ns
[11.010s][info ][safepoint      ] Safepoint "ICBufferFull", Time since last: 51800 ns, Reaching safepoint: 85600 ns, At safepoint: 22701 ns, Total: 108301 ns
[11.010s][info ][safepoint      ] Safepoint "ICBufferFull", Time since last: 49700 ns, Reaching safepoint: 86300 ns, At safepoint: 30500 ns, Total: 116800 ns
[11.010s][info ][safepoint      ] Safepoint "ICBufferFull", Time since last: 46800 ns, Reaching safepoint: 86801 ns, At safepoint: 26400 ns, Total: 113201 ns
[11.011s][info ][safepoint      ] Safepoint "ICBufferFull", Time since last: 732303 ns, Reaching safepoint: 89000 ns, At safepoint: 11100 ns, Total: 100100 ns
[11.011s][info ][safepoint      ] Safepoint "ICBufferFull", Time since last: 61401 ns, Reaching safepoint: 86000 ns, At safepoint: 20300 ns, Total: 106300 ns
[11.011s][info ][safepoint      ] Safepoint "ICBufferFull", Time since last: 54700 ns, Reaching safepoint: 86301 ns, At safepoint: 25300 ns, Total: 111601 ns
[11.011s][info ][safepoint      ] Safepoint "ICBufferFull", Time since last: 139400 ns, Reaching safepoint: 88601 ns, At safepoint: 22500 ns, Total: 111101 ns
[11.012s][info ][safepoint      ] Safepoint "ICBufferFull", Time since last: 48400 ns, Reaching safepoint: 85601 ns, At safepoint: 26700 ns, Total: 112301 ns
[11.012s][info ][safepoint      ] Safepoint "ICBufferFull", Time since last: 36700 ns, Reaching safepoint: 85300 ns, At safepoint: 26400 ns, Total: 111700 ns
[11.013s][info ][safepoint      ] Safepoint "ICBufferFull", Time since last: 789004 ns, Reaching safepoint: 165300 ns, At safepoint: 14700 ns, Total: 180000 ns
[11.013s][info ][safepoint      ] Safepoint "ICBufferFull", Time since last: 100501 ns, Reaching safepoint: 94000 ns, At safepoint: 17900 ns, Total: 111900 ns
[11.013s][info ][safepoint      ] Safepoint "ICBufferFull", Time since last: 103601 ns, Reaching safepoint: 91100 ns, At safepoint: 22500 ns, Total: 113600 ns
[11.013s][info ][safepoint      ] Safepoint "ICBufferFull", Time since last: 55800 ns, Reaching safepoint: 87801 ns, At safepoint: 27400 ns, Total: 115201 ns
[11.015s][info ][safepoint      ] Safepoint "ICBufferFull", Time since last: 731803 ns, Reaching safepoint: 548202 ns, At safepoint: 9700 ns, Total: 557902 ns
[11.015s][info ][safepoint      ] Safepoint "ICBufferFull", Time since last: 50801 ns, Reaching safepoint: 78600 ns, At safepoint: 18900 ns, Total: 97500 ns
[11.015s][info ][safepoint      ] Safepoint "ICBufferFull", Time since last: 31500 ns, Reaching safepoint: 88001 ns, At safepoint: 13300 ns, Total: 101301 ns
[11.015s][info ][safepoint      ] Safepoint "ICBufferFull", Time since last: 40500 ns, Reaching safepoint: 91000 ns, At safepoint: 22600 ns, Total: 113600 ns
[11.017s][info ][safepoint      ] Safepoint "ICBufferFull", Time since last: 2239210 ns, Reaching safepoint: 104600 ns, At safepoint: 24000 ns, Total: 128600 ns
[11.019s][info ][safepoint      ] Safepoint "ICBufferFull", Time since last: 1296906 ns, Reaching safepoint: 96200 ns, At safepoint: 18900 ns, Total: 115100 ns
[11.019s][info ][safepoint      ] Safepoint "ICBufferFull", Time since last: 164001 ns, Reaching safepoint: 95601 ns, At safepoint: 12800 ns, Total: 108401 ns
[11.021s][info ][safepoint      ] Safepoint "ICBufferFull", Time since last: 1764607 ns, Reaching safepoint: 109901 ns, At safepoint: 22600 ns, Total: 132501 ns
[11.021s][info ][safepoint      ] Safepoint "ICBufferFull", Time since last: 67100 ns, Reaching safepoint: 104700 ns, At safepoint: 17200 ns, Total: 121900 ns
[11.023s][info ][safepoint      ] Safepoint "ICBufferFull", Time since last: 2190410 ns, Reaching safepoint: 95600 ns, At safepoint: 19400 ns, Total: 115000 ns
[11.024s][info ][safepoint      ] Safepoint "ICBufferFull", Time since last: 70101 ns, Reaching safepoint: 90500 ns, At safepoint: 23500 ns, Total: 114000 ns
[11.024s][info ][safepoint      ] Safepoint "ICBufferFull", Time since last: 171801 ns, Reaching safepoint: 87100 ns, At safepoint: 25600 ns, Total: 112700 ns
[11.024s][info ][safepoint      ] Safepoint "ICBufferFull", Time since last: 186701 ns, Reaching safepoint: 89700 ns, At safepoint: 17601 ns, Total: 107301 ns
[11.024s][info ][safepoint      ] Safepoint "ICBufferFull", Time since last: 48900 ns, Reaching safepoint: 92900 ns, At safepoint: 21500 ns, Total: 114400 ns
[11.025s][info ][safepoint      ] Safepoint "ICBufferFull", Time since last: 658003 ns, Reaching safepoint: 89200 ns, At safepoint: 22601 ns, Total: 111801 ns
[11.025s][info ][safepoint      ] Safepoint "ICBufferFull", Time since last: 58100 ns, Reaching safepoint: 87900 ns, At safepoint: 21400 ns, Total: 109300 ns
[11.025s][info ][safepoint      ] Safepoint "ICBufferFull", Time since last: 53100 ns, Reaching safepoint: 86501 ns, At safepoint: 20200 ns, Total: 106701 ns
[11.026s][info ][safepoint      ] Safepoint "ICBufferFull", Time since last: 109000 ns, Reaching safepoint: 95901 ns, At safepoint: 22300 ns, Total: 118201 ns
[11.026s][info ][safepoint      ] Safepoint "ICBufferFull", Time since last: 97100 ns, Reaching safepoint: 89401 ns, At safepoint: 20200 ns, Total: 109601 ns
[11.026s][info ][safepoint      ] Safepoint "ICBufferFull", Time since last: 46400 ns, Reaching safepoint: 84800 ns, At safepoint: 19500 ns, Total: 104300 ns
[11.027s][info ][safepoint      ] Safepoint "ICBufferFull", Time since last: 690403 ns, Reaching safepoint: 85301 ns, At safepoint: 10200 ns, Total: 95501 ns
[11.027s][info ][safepoint      ] Safepoint "ICBufferFull", Time since last: 50600 ns, Reaching safepoint: 93300 ns, At safepoint: 21400 ns, Total: 114700 ns
[11.027s][info ][safepoint      ] Safepoint "ICBufferFull", Time since last: 73701 ns, Reaching safepoint: 97000 ns, At safepoint: 17600 ns, Total: 114600 ns
[11.028s][info ][safepoint      ] Safepoint "ICBufferFull", Time since last: 66401 ns, Reaching safepoint: 296001 ns, At safepoint: 27100 ns, Total: 323101 ns
[11.028s][info ][safepoint      ] Safepoint "ICBufferFull", Time since last: 420002 ns, Reaching safepoint: 98200 ns, At safepoint: 17500 ns, Total: 115700 ns
[11.028s][info ][safepoint      ] Safepoint "ICBufferFull", Time since last: 52200 ns, Reaching safepoint: 84001 ns, At safepoint: 19900 ns, Total: 103901 ns
[11.029s][info ][safepoint      ] Safepoint "ICBufferFull", Time since last: 655003 ns, Reaching safepoint: 98600 ns, At safepoint: 10000 ns, Total: 108600 ns
[11.030s][info ][safepoint      ] Safepoint "ICBufferFull", Time since last: 746103 ns, Reaching safepoint: 86201 ns, At safepoint: 23100 ns, Total: 109301 ns
[11.030s][info ][safepoint      ] Safepoint "ICBufferFull", Time since last: 51900 ns, Reaching safepoint: 79800 ns, At safepoint: 19500 ns, Total: 99300 ns
[11.030s][info ][safepoint      ] Safepoint "ICBufferFull", Time since last: 49201 ns, Reaching safepoint: 85500 ns, At safepoint: 20100 ns, Total: 105600 ns
[11.030s][info ][safepoint      ] Safepoint "ICBufferFull", Time since last: 80500 ns, Reaching safepoint: 83801 ns, At safepoint: 16200 ns, Total: 100001 ns
[11.031s][info ][safepoint      ] Safepoint "ICBufferFull", Time since last: 36800 ns, Reaching safepoint: 83800 ns, At safepoint: 22000 ns, Total: 105800 ns
[11.031s][info ][safepoint      ] Safepoint "ICBufferFull", Time since last: 749904 ns, Reaching safepoint: 97400 ns, At safepoint: 12200 ns, Total: 109600 ns
[11.032s][info ][safepoint      ] Safepoint "ICBufferFull", Time since last: 56100 ns, Reaching safepoint: 87901 ns, At safepoint: 18400 ns, Total: 106301 ns
[11.032s][info ][safepoint      ] Safepoint "ICBufferFull", Time since last: 64100 ns, Reaching safepoint: 87400 ns, At safepoint: 18801 ns, Total: 106201 ns
[11.032s][info ][safepoint      ] Safepoint "ICBufferFull", Time since last: 66300 ns, Reaching safepoint: 86000 ns, At safepoint: 17300 ns, Total: 103300 ns
[11.032s][info ][safepoint      ] Safepoint "ICBufferFull", Time since last: 41900 ns, Reaching safepoint: 92401 ns, At safepoint: 22000 ns, Total: 114401 ns
[11.033s][info ][safepoint      ] Safepoint "ICBufferFull", Time since last: 784603 ns, Reaching safepoint: 56101 ns, At safepoint: 18300 ns, Total: 74401 ns
[11.033s][info ][safepoint      ] Safepoint "ICBufferFull", Time since last: 42900 ns, Reaching safepoint: 102100 ns, At safepoint: 21300 ns, Total: 123400 ns
[11.033s][info ][safepoint      ] Safepoint "ICBufferFull", Time since last: 53101 ns, Reaching safepoint: 93500 ns, At safepoint: 17500 ns, Total: 111000 ns
[11.033s][info ][safepoint      ] Safepoint "ICBufferFull", Time since last: 59000 ns, Reaching safepoint: 87201 ns, At safepoint: 19100 ns, Total: 106301 ns
[11.034s][info ][safepoint      ] Safepoint "ICBufferFull", Time since last: 43800 ns, Reaching safepoint: 90700 ns, At safepoint: 20900 ns, Total: 111600 ns
[11.034s][info ][safepoint      ] Safepoint "ICBufferFull", Time since last: 700003 ns, Reaching safepoint: 91401 ns, At safepoint: 21500 ns, Total: 112901 ns
[11.035s][info ][safepoint      ] Safepoint "ICBufferFull", Time since last: 63600 ns, Reaching safepoint: 89000 ns, At safepoint: 21301 ns, Total: 110301 ns
[11.035s][info ][safepoint      ] Safepoint "ICBufferFull", Time since last: 51000 ns, Reaching safepoint: 87200 ns, At safepoint: 19400 ns, Total: 106600 ns
[11.035s][info ][safepoint      ] Safepoint "ICBufferFull", Time since last: 53400 ns, Reaching safepoint: 85501 ns, At safepoint: 21700 ns, Total: 107201 ns
[11.035s][info ][safepoint      ] Safepoint "ICBufferFull", Time since last: 62200 ns, Reaching safepoint: 89201 ns, At safepoint: 19400 ns, Total: 108601 ns
[11.035s][info ][safepoint      ] Safepoint "ICBufferFull", Time since last: 59300 ns, Reaching safepoint: 86100 ns, At safepoint: 26600 ns, Total: 112700 ns
[11.036s][info ][safepoint      ] Safepoint "ICBufferFull", Time since last: 734604 ns, Reaching safepoint: 88600 ns, At safepoint: 18500 ns, Total: 107100 ns
[11.036s][info ][safepoint      ] Safepoint "ICBufferFull", Time since last: 55600 ns, Reaching safepoint: 83501 ns, At safepoint: 23600 ns, Total: 107101 ns
[11.037s][info ][safepoint      ] Safepoint "ICBufferFull", Time since last: 990704 ns, Reaching safepoint: 92900 ns, At safepoint: 20700 ns, Total: 113600 ns
[11.038s][info ][safepoint      ] Safepoint "ICBufferFull", Time since last: 266102 ns, Reaching safepoint: 91900 ns, At safepoint: 24600 ns, Total: 116500 ns
[11.038s][info ][safepoint      ] Safepoint "ICBufferFull", Time since last: 250301 ns, Reaching safepoint: 89100 ns, At safepoint: 18701 ns, Total: 107801 ns
[11.038s][info ][safepoint      ] Safepoint "ICBufferFull", Time since last: 117400 ns, Reaching safepoint: 89600 ns, At safepoint: 20501 ns, Total: 110101 ns
[11.038s][info ][safepoint      ] Safepoint "ICBufferFull", Time since last: 85600 ns, Reaching safepoint: 87500 ns, At safepoint: 23200 ns, Total: 110700 ns
[11.039s][info ][safepoint      ] Safepoint "ICBufferFull", Time since last: 817604 ns, Reaching safepoint: 86500 ns, At safepoint: 8600 ns, Total: 95100 ns
[11.040s][info ][safepoint      ] Safepoint "ICBufferFull", Time since last: 67801 ns, Reaching safepoint: 85900 ns, At safepoint: 17900 ns, Total: 103800 ns
[11.040s][info ][safepoint      ] Safepoint "ICBufferFull", Time since last: 47100 ns, Reaching safepoint: 89301 ns, At safepoint: 22000 ns, Total: 111301 ns
[11.040s][info ][safepoint      ] Safepoint "ICBufferFull", Time since last: 34800 ns, Reaching safepoint: 83000 ns, At safepoint: 15400 ns, Total: 98400 ns
[11.040s][info ][safepoint      ] Safepoint "ICBufferFull", Time since last: 55200 ns, Reaching safepoint: 84701 ns, At safepoint: 21200 ns, Total: 105901 ns
[11.040s][info ][safepoint      ] Safepoint "ICBufferFull", Time since last: 62000 ns, Reaching safepoint: 89201 ns, At safepoint: 18700 ns, Total: 107901 ns
[11.041s][info ][safepoint      ] Safepoint "ICBufferFull", Time since last: 757603 ns, Reaching safepoint: 90700 ns, At safepoint: 11900 ns, Total: 102600 ns
[11.041s][info ][safepoint      ] Safepoint "ICBufferFull", Time since last: 60701 ns, Reaching safepoint: 97400 ns, At safepoint: 20400 ns, Total: 117800 ns
[11.041s][info ][safepoint      ] Safepoint "ICBufferFull", Time since last: 48700 ns, Reaching safepoint: 86601 ns, At safepoint: 23000 ns, Total: 109601 ns
[11.042s][info ][safepoint      ] Safepoint "ICBufferFull", Time since last: 751203 ns, Reaching safepoint: 168201 ns, At safepoint: 21100 ns, Total: 189301 ns
[11.043s][info ][safepoint      ] Safepoint "ICBufferFull", Time since last: 180200 ns, Reaching safepoint: 78501 ns, At safepoint: 21400 ns, Total: 99901 ns
[11.043s][info ][safepoint      ] Safepoint "ICBufferFull", Time since last: 50200 ns, Reaching safepoint: 95101 ns, At safepoint: 24700 ns, Total: 119801 ns
[11.043s][info ][safepoint      ] Safepoint "ICBufferFull", Time since last: 64600 ns, Reaching safepoint: 88900 ns, At safepoint: 18400 ns, Total: 107300 ns
[11.043s][info ][safepoint      ] Safepoint "ICBufferFull", Time since last: 59201 ns, Reaching safepoint: 89200 ns, At safepoint: 23200 ns, Total: 112400 ns
[11.044s][info ][safepoint      ] Safepoint "ICBufferFull", Time since last: 738403 ns, Reaching safepoint: 92201 ns, At safepoint: 8400 ns, Total: 100601 ns
[11.044s][info ][safepoint      ] Safepoint "ICBufferFull", Time since last: 64500 ns, Reaching safepoint: 88600 ns, At safepoint: 23300 ns, Total: 111900 ns
[11.044s][info ][safepoint      ] Safepoint "ICBufferFull", Time since last: 54601 ns, Reaching safepoint: 89500 ns, At safepoint: 21700 ns, Total: 111200 ns
[11.044s][info ][safepoint      ] Safepoint "ICBufferFull", Time since last: 60300 ns, Reaching safepoint: 88701 ns, At safepoint: 22500 ns, Total: 111201 ns
[11.045s][info ][safepoint      ] Safepoint "ICBufferFull", Time since last: 209201 ns, Reaching safepoint: 84900 ns, At safepoint: 22500 ns, Total: 107400 ns
[11.045s][info ][safepoint      ] Safepoint "ICBufferFull", Time since last: 266701 ns, Reaching safepoint: 85801 ns, At safepoint: 21200 ns, Total: 107001 ns
[11.046s][info ][safepoint      ] Safepoint "ICBufferFull", Time since last: 755303 ns, Reaching safepoint: 97700 ns, At safepoint: 16401 ns, Total: 114101 ns
[11.046s][info ][safepoint      ] Safepoint "ICBufferFull", Time since last: 54400 ns, Reaching safepoint: 85700 ns, At safepoint: 15900 ns, Total: 101600 ns
[11.046s][info ][safepoint      ] Safepoint "ICBufferFull", Time since last: 39700 ns, Reaching safepoint: 90601 ns, At safepoint: 24800 ns, Total: 115401 ns
[11.046s][info ][safepoint      ] Safepoint "ICBufferFull", Time since last: 41800 ns, Reaching safepoint: 83900 ns, At safepoint: 23000 ns, Total: 106900 ns
[11.047s][info ][safepoint      ] Safepoint "ICBufferFull", Time since last: 63301 ns, Reaching safepoint: 86900 ns, At safepoint: 21700 ns, Total: 108600 ns
[11.048s][info ][safepoint      ] Safepoint "ICBufferFull", Time since last: 761003 ns, Reaching safepoint: 94801 ns, At safepoint: 6700 ns, Total: 101501 ns
[11.048s][info ][safepoint      ] Safepoint "ICBufferFull", Time since last: 40200 ns, Reaching safepoint: 84000 ns, At safepoint: 19200 ns, Total: 103200 ns
[11.048s][info ][safepoint      ] Safepoint "ICBufferFull", Time since last: 45701 ns, Reaching safepoint: 90100 ns, At safepoint: 25000 ns, Total: 115100 ns
[11.048s][info ][safepoint      ] Safepoint "ICBufferFull", Time since last: 49800 ns, Reaching safepoint: 79901 ns, At safepoint: 19400 ns, Total: 99301 ns
[11.048s][info ][safepoint      ] Safepoint "ICBufferFull", Time since last: 61800 ns, Reaching safepoint: 91600 ns, At safepoint: 21401 ns, Total: 113001 ns
[11.048s][info ][safepoint      ] Safepoint "ICBufferFull", Time since last: 145800 ns, Reaching safepoint: 62900 ns, At safepoint: 23801 ns, Total: 86701 ns
[11.049s][info ][safepoint      ] Safepoint "ICBufferFull", Time since last: 738303 ns, Reaching safepoint: 98900 ns, At safepoint: 7700 ns, Total: 106600 ns
[11.049s][info ][safepoint      ] Safepoint "ICBufferFull", Time since last: 56400 ns, Reaching safepoint: 54201 ns, At safepoint: 23700 ns, Total: 77901 ns
[11.050s][info ][safepoint      ] Safepoint "ICBufferFull", Time since last: 50800 ns, Reaching safepoint: 83800 ns, At safepoint: 19100 ns, Total: 102900 ns
[11.053s][info ][safepoint      ] Safepoint "ICBufferFull", Time since last: 3730316 ns, Reaching safepoint: 90501 ns, At safepoint: 27800 ns, Total: 118301 ns
[11.054s][info ][safepoint      ] Safepoint "ICBufferFull", Time since last: 57300 ns, Reaching safepoint: 91900 ns, At safepoint: 21701 ns, Total: 113601 ns
[11.054s][info ][safepoint      ] Safepoint "ICBufferFull", Time since last: 59100 ns, Reaching safepoint: 84500 ns, At safepoint: 22400 ns, Total: 106900 ns
[11.054s][info ][safepoint      ] Safepoint "ICBufferFull", Time since last: 53300 ns, Reaching safepoint: 82101 ns, At safepoint: 25500 ns, Total: 107601 ns
[11.054s][info ][safepoint      ] Safepoint "ICBufferFull", Time since last: 81200 ns, Reaching safepoint: 153301 ns, At safepoint: 24600 ns, Total: 177901 ns
[11.054s][info ][safepoint      ] Safepoint "ICBufferFull", Time since last: 36400 ns, Reaching safepoint: 83801 ns, At safepoint: 21900 ns, Total: 105701 ns
[11.055s][info ][safepoint      ] Safepoint "ICBufferFull", Time since last: 771603 ns, Reaching safepoint: 85200 ns, At safepoint: 21600 ns, Total: 106800 ns
[11.057s][info ][safepoint      ] Safepoint "ICBufferFull", Time since last: 1465707 ns, Reaching safepoint: 89500 ns, At safepoint: 24000 ns, Total: 113500 ns
[11.057s][info ][safepoint      ] Safepoint "ICBufferFull", Time since last: 58500 ns, Reaching safepoint: 84101 ns, At safepoint: 24900 ns, Total: 109001 ns
[11.057s][info ][safepoint      ] Safepoint "ICBufferFull", Time since last: 43500 ns, Reaching safepoint: 83200 ns, At safepoint: 26700 ns, Total: 109900 ns
[11.057s][info ][safepoint      ] Safepoint "ICBufferFull", Time since last: 47001 ns, Reaching safepoint: 83700 ns, At safepoint: 31300 ns, Total: 115000 ns
[11.057s][info ][safepoint      ] Safepoint "ICBufferFull", Time since last: 178201 ns, Reaching safepoint: 94500 ns, At safepoint: 22600 ns, Total: 117100 ns
[11.058s][info ][safepoint      ] Safepoint "ICBufferFull", Time since last: 31801 ns, Reaching safepoint: 91500 ns, At safepoint: 21700 ns, Total: 113200 ns
[11.058s][info ][safepoint      ] Safepoint "ICBufferFull", Time since last: 729003 ns, Reaching safepoint: 94301 ns, At safepoint: 12500 ns, Total: 106801 ns
[11.059s][info ][safepoint      ] Safepoint "ICBufferFull", Time since last: 679902 ns, Reaching safepoint: 83301 ns, At safepoint: 25200 ns, Total: 108501 ns
[11.059s][info ][safepoint      ] Safepoint "ICBufferFull", Time since last: 51500 ns, Reaching safepoint: 86801 ns, At safepoint: 32700 ns, Total: 119501 ns
[11.060s][info ][safepoint      ] Safepoint "ICBufferFull", Time since last: 43100 ns, Reaching safepoint: 84000 ns, At safepoint: 24700 ns, Total: 108700 ns
[11.060s][info ][safepoint      ] Safepoint "ICBufferFull", Time since last: 134101 ns, Reaching safepoint: 87300 ns, At safepoint: 18600 ns, Total: 105900 ns
[11.060s][info ][safepoint      ] Safepoint "ICBufferFull", Time since last: 31800 ns, Reaching safepoint: 85201 ns, At safepoint: 22900 ns, Total: 108101 ns
[11.062s][info ][safepoint      ] Safepoint "ICBufferFull", Time since last: 2078309 ns, Reaching safepoint: 88500 ns, At safepoint: 9100 ns, Total: 97600 ns
[11.062s][info ][safepoint      ] Safepoint "ICBufferFull", Time since last: 111301 ns, Reaching safepoint: 120900 ns, At safepoint: 13500 ns, Total: 134400 ns
[11.065s][info ][safepoint      ] Safepoint "ICBufferFull", Time since last: 2930013 ns, Reaching safepoint: 101100 ns, At safepoint: 8700 ns, Total: 109800 ns
[11.069s][info ][safepoint      ] Safepoint "ICBufferFull", Time since last: 3503915 ns, Reaching safepoint: 88001 ns, At safepoint: 23100 ns, Total: 111101 ns
[11.069s][info ][safepoint      ] Safepoint "ICBufferFull", Time since last: 60000 ns, Reaching safepoint: 111200 ns, At safepoint: 16900 ns, Total: 128100 ns
[11.069s][info ][safepoint      ] Safepoint "ICBufferFull", Time since last: 60701 ns, Reaching safepoint: 82800 ns, At safepoint: 20000 ns, Total: 102800 ns
[11.075s][info ][safepoint      ] Safepoint "ICBufferFull", Time since last: 5067622 ns, Reaching safepoint: 91600 ns, At safepoint: 26800 ns, Total: 118400 ns
[11.075s][info ][safepoint      ] Safepoint "ICBufferFull", Time since last: 83601 ns, Reaching safepoint: 89100 ns, At safepoint: 23000 ns, Total: 112100 ns
[11.075s][info ][safepoint      ] Safepoint "ICBufferFull", Time since last: 73800 ns, Reaching safepoint: 87901 ns, At safepoint: 23600 ns, Total: 111501 ns
[11.075s][info ][safepoint      ] Safepoint "ICBufferFull", Time since last: 55500 ns, Reaching safepoint: 89900 ns, At safepoint: 22501 ns, Total: 112401 ns
[11.075s][info ][safepoint      ] Safepoint "ICBufferFull", Time since last: 32500 ns, Reaching safepoint: 83400 ns, At safepoint: 19900 ns, Total: 103300 ns
[11.076s][info ][safepoint      ] Safepoint "ICBufferFull", Time since last: 783103 ns, Reaching safepoint: 99401 ns, At safepoint: 16800 ns, Total: 116201 ns
[11.077s][info ][safepoint      ] Safepoint "ICBufferFull", Time since last: 436002 ns, Reaching safepoint: 93200 ns, At safepoint: 18000 ns, Total: 111200 ns
[11.077s][info ][safepoint      ] Safepoint "ICBufferFull", Time since last: 41900 ns, Reaching safepoint: 92201 ns, At safepoint: 21900 ns, Total: 114101 ns
[11.078s][info ][safepoint      ] Safepoint "ICBufferFull", Time since last: 629303 ns, Reaching safepoint: 134900 ns, At safepoint: 23700 ns, Total: 158600 ns
[11.078s][info ][safepoint      ] Safepoint "ICBufferFull", Time since last: 57801 ns, Reaching safepoint: 88500 ns, At safepoint: 17400 ns, Total: 105900 ns
[11.078s][info ][safepoint      ] Safepoint "ICBufferFull", Time since last: 53100 ns, Reaching safepoint: 94101 ns, At safepoint: 13500 ns, Total: 107601 ns
[11.080s][info ][safepoint      ] Safepoint "ICBufferFull", Time since last: 1835208 ns, Reaching safepoint: 93900 ns, At safepoint: 6100 ns, Total: 100000 ns
[11.080s][info ][safepoint      ] Safepoint "ICBufferFull", Time since last: 60500 ns, Reaching safepoint: 79201 ns, At safepoint: 19700 ns, Total: 98901 ns
[11.080s][info ][safepoint      ] Safepoint "ICBufferFull", Time since last: 53800 ns, Reaching safepoint: 87900 ns, At safepoint: 19700 ns, Total: 107600 ns
[11.080s][info ][safepoint      ] Safepoint "ICBufferFull", Time since last: 113701 ns, Reaching safepoint: 93700 ns, At safepoint: 15500 ns, Total: 109200 ns
[11.081s][info ][safepoint      ] Safepoint "ICBufferFull", Time since last: 90901 ns, Reaching safepoint: 84800 ns, At safepoint: 19900 ns, Total: 104700 ns
[11.081s][info ][safepoint      ] Safepoint "ICBufferFull", Time since last: 38800 ns, Reaching safepoint: 96301 ns, At safepoint: 20500 ns, Total: 116801 ns
[11.082s][info ][safepoint      ] Safepoint "ICBufferFull", Time since last: 687303 ns, Reaching safepoint: 86600 ns, At safepoint: 16900 ns, Total: 103500 ns
[11.082s][info ][safepoint      ] Safepoint "ICBufferFull", Time since last: 58600 ns, Reaching safepoint: 35201 ns, At safepoint: 19700 ns, Total: 54901 ns
[11.082s][info ][safepoint      ] Safepoint "ICBufferFull", Time since last: 39600 ns, Reaching safepoint: 92600 ns, At safepoint: 19300 ns, Total: 111900 ns
[11.085s][info ][safepoint      ] Safepoint "ICBufferFull", Time since last: 3367915 ns, Reaching safepoint: 96800 ns, At safepoint: 23800 ns, Total: 120600 ns
[11.085s][info ][safepoint      ] Safepoint "ICBufferFull", Time since last: 43000 ns, Reaching safepoint: 85301 ns, At safepoint: 18300 ns, Total: 103601 ns
[11.086s][info ][safepoint      ] Safepoint "ICBufferFull", Time since last: 99500 ns, Reaching safepoint: 92001 ns, At safepoint: 21800 ns, Total: 113801 ns
[11.086s][info ][safepoint      ] Safepoint "ICBufferFull", Time since last: 49100 ns, Reaching safepoint: 90900 ns, At safepoint: 23000 ns, Total: 113900 ns
[11.086s][info ][safepoint      ] Safepoint "ICBufferFull", Time since last: 106201 ns, Reaching safepoint: 83300 ns, At safepoint: 22700 ns, Total: 106000 ns
[11.087s][info ][safepoint      ] Safepoint "ICBufferFull", Time since last: 727303 ns, Reaching safepoint: 42201 ns, At safepoint: 15700 ns, Total: 57901 ns
[11.087s][info ][safepoint      ] Safepoint "ICBufferFull", Time since last: 349501 ns, Reaching safepoint: 90000 ns, At safepoint: 19201 ns, Total: 109201 ns
[11.088s][info ][safepoint      ] Safepoint "ICBufferFull", Time since last: 230601 ns, Reaching safepoint: 89400 ns, At safepoint: 17900 ns, Total: 107300 ns
[11.088s][info ][safepoint      ] Safepoint "ICBufferFull", Time since last: 64000 ns, Reaching safepoint: 86501 ns, At safepoint: 24300 ns, Total: 110801 ns
[11.088s][info ][safepoint      ] Safepoint "ICBufferFull", Time since last: 51700 ns, Reaching safepoint: 86000 ns, At safepoint: 23700 ns, Total: 109700 ns
[11.089s][info ][safepoint      ] Safepoint "ICBufferFull", Time since last: 695803 ns, Reaching safepoint: 86501 ns, At safepoint: 10700 ns, Total: 97201 ns
[11.089s][info ][safepoint      ] Safepoint "ICBufferFull", Time since last: 48600 ns, Reaching safepoint: 89500 ns, At safepoint: 20200 ns, Total: 109700 ns
[11.089s][info ][safepoint      ] Safepoint "ICBufferFull", Time since last: 65301 ns, Reaching safepoint: 81500 ns, At safepoint: 24800 ns, Total: 106300 ns
[11.089s][info ][safepoint      ] Safepoint "ICBufferFull", Time since last: 60900 ns, Reaching safepoint: 88501 ns, At safepoint: 27400 ns, Total: 115901 ns
[11.089s][info ][safepoint      ] Safepoint "ICBufferFull", Time since last: 39200 ns, Reaching safepoint: 92001 ns, At safepoint: 23600 ns, Total: 115601 ns
[11.090s][info ][safepoint      ] Safepoint "ICBufferFull", Time since last: 828003 ns, Reaching safepoint: 77000 ns, At safepoint: 21001 ns, Total: 98001 ns
[11.091s][info ][safepoint      ] Safepoint "ICBufferFull", Time since last: 44600 ns, Reaching safepoint: 85700 ns, At safepoint: 20600 ns, Total: 106300 ns
[11.091s][info ][safepoint      ] Safepoint "ICBufferFull", Time since last: 87601 ns, Reaching safepoint: 84800 ns, At safepoint: 21800 ns, Total: 106600 ns
[11.091s][info ][safepoint      ] Safepoint "ICBufferFull", Time since last: 147801 ns, Reaching safepoint: 85400 ns, At safepoint: 17500 ns, Total: 102900 ns
[11.091s][info ][safepoint      ] Safepoint "ICBufferFull", Time since last: 52900 ns, Reaching safepoint: 84101 ns, At safepoint: 19700 ns, Total: 103801 ns
[11.092s][info ][safepoint      ] Safepoint "ICBufferFull", Time since last: 802203 ns, Reaching safepoint: 98901 ns, At safepoint: 19600 ns, Total: 118501 ns
[11.092s][info ][safepoint      ] Safepoint "ICBufferFull", Time since last: 123000 ns, Reaching safepoint: 94101 ns, At safepoint: 18300 ns, Total: 112401 ns
[11.092s][info ][safepoint      ] Safepoint "ICBufferFull", Time since last: 44400 ns, Reaching safepoint: 83400 ns, At safepoint: 17600 ns, Total: 101000 ns
[11.093s][info ][safepoint      ] Safepoint "ICBufferFull", Time since last: 823004 ns, Reaching safepoint: 91100 ns, At safepoint: 21600 ns, Total: 112700 ns
[11.094s][info ][safepoint      ] Safepoint "ICBufferFull", Time since last: 530003 ns, Reaching safepoint: 91500 ns, At safepoint: 30400 ns, Total: 121900 ns
[11.094s][info ][safepoint      ] Safepoint "ICBufferFull", Time since last: 33200 ns, Reaching safepoint: 85701 ns, At safepoint: 24900 ns, Total: 110601 ns
[11.095s][info ][safepoint      ] Safepoint "ICBufferFull", Time since last: 862903 ns, Reaching safepoint: 91801 ns, At safepoint: 10900 ns, Total: 102701 ns
[11.095s][info ][safepoint      ] Safepoint "ICBufferFull", Time since last: 66700 ns, Reaching safepoint: 91700 ns, At safepoint: 23101 ns, Total: 114801 ns
[11.095s][info ][safepoint      ] Safepoint "ICBufferFull", Time since last: 32500 ns, Reaching safepoint: 82300 ns, At safepoint: 20800 ns, Total: 103100 ns
[11.097s][info ][safepoint      ] Safepoint "ICBufferFull", Time since last: 1765208 ns, Reaching safepoint: 87700 ns, At safepoint: 34300 ns, Total: 122000 ns
[11.098s][info ][safepoint      ] Safepoint "ICBufferFull", Time since last: 59300 ns, Reaching safepoint: 87601 ns, At safepoint: 30000 ns, Total: 117601 ns
[11.098s][info ][safepoint      ] Safepoint "ICBufferFull", Time since last: 51000 ns, Reaching safepoint: 87601 ns, At safepoint: 26700 ns, Total: 114301 ns
[11.098s][info ][safepoint      ] Safepoint "ICBufferFull", Time since last: 36400 ns, Reaching safepoint: 88300 ns, At safepoint: 26600 ns, Total: 114900 ns
[11.099s][info ][safepoint      ] Safepoint "ICBufferFull", Time since last: 831004 ns, Reaching safepoint: 84300 ns, At safepoint: 12500 ns, Total: 96800 ns
[11.099s][info ][safepoint      ] Safepoint "ICBufferFull", Time since last: 52300 ns, Reaching safepoint: 89301 ns, At safepoint: 20200 ns, Total: 109501 ns
[11.099s][info ][safepoint      ] Safepoint "ICBufferFull", Time since last: 70500 ns, Reaching safepoint: 94501 ns, At safepoint: 21800 ns, Total: 116301 ns
[11.099s][info ][safepoint      ] Safepoint "ICBufferFull", Time since last: 47300 ns, Reaching safepoint: 95400 ns, At safepoint: 24400 ns, Total: 119800 ns
[11.099s][info ][safepoint      ] Safepoint "ICBufferFull", Time since last: 45701 ns, Reaching safepoint: 85200 ns, At safepoint: 19000 ns, Total: 104200 ns
[11.100s][info ][safepoint      ] Safepoint "ICBufferFull", Time since last: 47900 ns, Reaching safepoint: 83001 ns, At safepoint: 17200 ns, Total: 100201 ns
[11.100s][info ][safepoint      ] Safepoint "ICBufferFull", Time since last: 739103 ns, Reaching safepoint: 90800 ns, At safepoint: 9700 ns, Total: 100500 ns
[11.101s][info ][safepoint      ] Safepoint "ICBufferFull", Time since last: 819204 ns, Reaching safepoint: 105100 ns, At safepoint: 28700 ns, Total: 133800 ns
[11.102s][info ][safepoint      ] Safepoint "ICBufferFull", Time since last: 36701 ns, Reaching safepoint: 104600 ns, At safepoint: 24200 ns, Total: 128800 ns
[11.102s][info ][safepoint      ] Safepoint "ICBufferFull", Time since last: 83900 ns, Reaching safepoint: 87901 ns, At safepoint: 23700 ns, Total: 111601 ns
[11.102s][info ][safepoint      ] Safepoint "ICBufferFull", Time since last: 138700 ns, Reaching safepoint: 88201 ns, At safepoint: 23200 ns, Total: 111401 ns
[11.103s][info ][safepoint      ] Safepoint "ICBufferFull", Time since last: 715103 ns, Reaching safepoint: 93200 ns, At safepoint: 11000 ns, Total: 104200 ns
[11.103s][info ][safepoint      ] Safepoint "ICBufferFull", Time since last: 41401 ns, Reaching safepoint: 79400 ns, At safepoint: 17200 ns, Total: 96600 ns
[11.104s][info ][safepoint      ] Safepoint "ICBufferFull", Time since last: 636403 ns, Reaching safepoint: 96700 ns, At safepoint: 16900 ns, Total: 113600 ns
[11.104s][info ][safepoint      ] Safepoint "ICBufferFull", Time since last: 42600 ns, Reaching safepoint: 86201 ns, At safepoint: 20100 ns, Total: 106301 ns
[11.104s][info ][safepoint      ] Safepoint "ICBufferFull", Time since last: 33800 ns, Reaching safepoint: 78800 ns, At safepoint: 17000 ns, Total: 95800 ns
[11.104s][info ][safepoint      ] Safepoint "ICBufferFull", Time since last: 88001 ns, Reaching safepoint: 91300 ns, At safepoint: 19700 ns, Total: 111000 ns
[11.104s][info ][safepoint      ] Safepoint "ICBufferFull", Time since last: 45100 ns, Reaching safepoint: 84701 ns, At safepoint: 26100 ns, Total: 110801 ns
[11.105s][info ][safepoint      ] Safepoint "ICBufferFull", Time since last: 662203 ns, Reaching safepoint: 85900 ns, At safepoint: 16600 ns, Total: 102500 ns
[11.105s][info ][safepoint      ] Safepoint "ICBufferFull", Time since last: 67900 ns, Reaching safepoint: 83401 ns, At safepoint: 21600 ns, Total: 105001 ns
[11.105s][info ][safepoint      ] Safepoint "ICBufferFull", Time since last: 61100 ns, Reaching safepoint: 83601 ns, At safepoint: 21200 ns, Total: 104801 ns
[11.106s][info ][safepoint      ] Safepoint "ICBufferFull", Time since last: 46000 ns, Reaching safepoint: 83400 ns, At safepoint: 21300 ns, Total: 104700 ns
[11.106s][info ][safepoint      ] Safepoint "ICBufferFull", Time since last: 54301 ns, Reaching safepoint: 83000 ns, At safepoint: 16600 ns, Total: 99600 ns
[11.106s][info ][safepoint      ] Safepoint "ICBufferFull", Time since last: 30800 ns, Reaching safepoint: 84600 ns, At safepoint: 23301 ns, Total: 107901 ns
[11.107s][info ][safepoint      ] Safepoint "ICBufferFull", Time since last: 673802 ns, Reaching safepoint: 92701 ns, At safepoint: 11300 ns, Total: 104001 ns
[11.107s][info ][safepoint      ] Safepoint "ICBufferFull", Time since last: 53200 ns, Reaching safepoint: 88900 ns, At safepoint: 15201 ns, Total: 104101 ns
[11.107s][info ][safepoint      ] Safepoint "ICBufferFull", Time since last: 60300 ns, Reaching safepoint: 86300 ns, At safepoint: 24400 ns, Total: 110700 ns
[11.107s][info ][safepoint      ] Safepoint "ICBufferFull", Time since last: 56700 ns, Reaching safepoint: 97001 ns, At safepoint: 25700 ns, Total: 122701 ns
[11.107s][info ][safepoint      ] Safepoint "ICBufferFull", Time since last: 73000 ns, Reaching safepoint: 66001 ns, At safepoint: 21700 ns, Total: 87701 ns
[11.107s][info ][safepoint      ] Safepoint "ICBufferFull", Time since last: 38300 ns, Reaching safepoint: 94800 ns, At safepoint: 24400 ns, Total: 119200 ns
[11.108s][info ][safepoint      ] Safepoint "ICBufferFull", Time since last: 804504 ns, Reaching safepoint: 94000 ns, At safepoint: 14900 ns, Total: 108900 ns
[11.109s][info ][safepoint      ] Safepoint "ICBufferFull", Time since last: 122701 ns, Reaching safepoint: 100800 ns, At safepoint: 22400 ns, Total: 123200 ns
[11.109s][info ][safepoint      ] Safepoint "ICBufferFull", Time since last: 45200 ns, Reaching safepoint: 90901 ns, At safepoint: 23200 ns, Total: 114101 ns
[11.110s][info ][safepoint      ] Safepoint "ICBufferFull", Time since last: 838904 ns, Reaching safepoint: 91400 ns, At safepoint: 23000 ns, Total: 114400 ns
[11.110s][info ][safepoint      ] Safepoint "ICBufferFull", Time since last: 56300 ns, Reaching safepoint: 83601 ns, At safepoint: 21100 ns, Total: 104701 ns
[11.110s][info ][safepoint      ] Safepoint "ICBufferFull", Time since last: 39000 ns, Reaching safepoint: 96100 ns, At safepoint: 23100 ns, Total: 119200 ns
[11.110s][info ][safepoint      ] Safepoint "ICBufferFull", Time since last: 41601 ns, Reaching safepoint: 93700 ns, At safepoint: 21400 ns, Total: 115100 ns
[11.110s][info ][safepoint      ] Safepoint "ICBufferFull", Time since last: 35200 ns, Reaching safepoint: 94601 ns, At safepoint: 21300 ns, Total: 115901 ns
[11.111s][info ][safepoint      ] Safepoint "ICBufferFull", Time since last: 738703 ns, Reaching safepoint: 92300 ns, At safepoint: 9200 ns, Total: 101500 ns
[11.111s][info ][safepoint      ] Safepoint "ICBufferFull", Time since last: 56201 ns, Reaching safepoint: 81700 ns, At safepoint: 17400 ns, Total: 99100 ns
[11.111s][info ][safepoint      ] Safepoint "ICBufferFull", Time since last: 31300 ns, Reaching safepoint: 92800 ns, At safepoint: 12601 ns, Total: 105401 ns
[11.112s][info ][safepoint      ] Safepoint "ICBufferFull", Time since last: 41800 ns, Reaching safepoint: 89500 ns, At safepoint: 20800 ns, Total: 110300 ns
[11.112s][info ][safepoint      ] Safepoint "ICBufferFull", Time since last: 101101 ns, Reaching safepoint: 68300 ns, At safepoint: 20600 ns, Total: 88900 ns
[11.112s][info ][safepoint      ] Safepoint "ICBufferFull", Time since last: 67400 ns, Reaching safepoint: 88901 ns, At safepoint: 18900 ns, Total: 107801 ns
[11.119s][info ][safepoint      ] Safepoint "ICBufferFull", Time since last: 738703 ns, Reaching safepoint: 6382527 ns, At safepoint: 21400 ns, Total: 6403927 ns
[11.119s][info ][safepoint      ] Safepoint "ICBufferFull", Time since last: 103101 ns, Reaching safepoint: 93700 ns, At safepoint: 31500 ns, Total: 125200 ns
[11.120s][info ][safepoint      ] Safepoint "ICBufferFull", Time since last: 61000 ns, Reaching safepoint: 102701 ns, At safepoint: 28800 ns, Total: 131501 ns
[11.120s][info ][safepoint      ] Safepoint "ICBufferFull", Time since last: 52500 ns, Reaching safepoint: 94501 ns, At safepoint: 28400 ns, Total: 122901 ns
[11.120s][info ][safepoint      ] Safepoint "ICBufferFull", Time since last: 36400 ns, Reaching safepoint: 90500 ns, At safepoint: 24700 ns, Total: 115200 ns
[11.120s][info ][safepoint      ] Safepoint "ICBufferFull", Time since last: 57501 ns, Reaching safepoint: 94100 ns, At safepoint: 23100 ns, Total: 117200 ns
[11.121s][info ][safepoint      ] Safepoint "ICBufferFull", Time since last: 812604 ns, Reaching safepoint: 95900 ns, At safepoint: 23000 ns, Total: 118900 ns
[11.121s][info ][safepoint      ] Safepoint "ICBufferFull", Time since last: 268001 ns, Reaching safepoint: 93001 ns, At safepoint: 20900 ns, Total: 113901 ns
[11.122s][info ][safepoint      ] Safepoint "ICBufferFull", Time since last: 107700 ns, Reaching safepoint: 96301 ns, At safepoint: 26500 ns, Total: 122801 ns
[11.122s][info ][safepoint      ] Safepoint "ICBufferFull", Time since last: 73500 ns, Reaching safepoint: 96600 ns, At safepoint: 26901 ns, Total: 123501 ns
[11.123s][info ][safepoint      ] Safepoint "ICBufferFull", Time since last: 712503 ns, Reaching safepoint: 93600 ns, At safepoint: 21200 ns, Total: 114800 ns
[11.123s][info ][safepoint      ] Safepoint "ICBufferFull", Time since last: 106201 ns, Reaching safepoint: 111300 ns, At safepoint: 20000 ns, Total: 131300 ns
[11.123s][info ][safepoint      ] Safepoint "ICBufferFull", Time since last: 68500 ns, Reaching safepoint: 91101 ns, At safepoint: 22800 ns, Total: 113901 ns
[11.123s][info ][safepoint      ] Safepoint "ICBufferFull", Time since last: 32200 ns, Reaching safepoint: 85900 ns, At safepoint: 19600 ns, Total: 105500 ns
[11.124s][info ][safepoint      ] Safepoint "ICBufferFull", Time since last: 740604 ns, Reaching safepoint: 90700 ns, At safepoint: 19900 ns, Total: 110600 ns
[11.125s][info ][safepoint      ] Safepoint "ICBufferFull", Time since last: 1179705 ns, Reaching safepoint: 105601 ns, At safepoint: 25000 ns, Total: 130601 ns
[11.126s][info ][safepoint      ] Safepoint "ICBufferFull", Time since last: 42300 ns, Reaching safepoint: 96400 ns, At safepoint: 23800 ns, Total: 120200 ns
[11.129s][info ][safepoint      ] Safepoint "ICBufferFull", Time since last: 3699716 ns, Reaching safepoint: 95401 ns, At safepoint: 22100 ns, Total: 117501 ns
[11.130s][info ][safepoint      ] Safepoint "ICBufferFull", Time since last: 62300 ns, Reaching safepoint: 86000 ns, At safepoint: 18100 ns, Total: 104100 ns
[11.130s][info ][safepoint      ] Safepoint "ICBufferFull", Time since last: 385302 ns, Reaching safepoint: 87900 ns, At safepoint: 28000 ns, Total: 115900 ns
[11.130s][info ][safepoint      ] Safepoint "ICBufferFull", Time since last: 45901 ns, Reaching safepoint: 92300 ns, At safepoint: 23200 ns, Total: 115500 ns
[11.130s][info ][safepoint      ] Safepoint "ICBufferFull", Time since last: 99401 ns, Reaching safepoint: 84800 ns, At safepoint: 20500 ns, Total: 105300 ns
[11.131s][info ][safepoint      ] Safepoint "ICBufferFull", Time since last: 731803 ns, Reaching safepoint: 104401 ns, At safepoint: 15600 ns, Total: 120001 ns
[11.131s][info ][safepoint      ] Safepoint "ICBufferFull", Time since last: 41700 ns, Reaching safepoint: 60300 ns, At safepoint: 24500 ns, Total: 84800 ns
[11.132s][info ][safepoint      ] Safepoint "ICBufferFull", Time since last: 52800 ns, Reaching safepoint: 86201 ns, At safepoint: 23500 ns, Total: 109701 ns
[11.132s][info ][safepoint      ] Safepoint "ICBufferFull", Time since last: 54800 ns, Reaching safepoint: 84700 ns, At safepoint: 21601 ns, Total: 106301 ns
[11.132s][info ][safepoint      ] Safepoint "ICBufferFull", Time since last: 34500 ns, Reaching safepoint: 86400 ns, At safepoint: 22000 ns, Total: 108400 ns
[11.133s][info ][safepoint      ] Safepoint "ICBufferFull", Time since last: 708103 ns, Reaching safepoint: 86401 ns, At safepoint: 13900 ns, Total: 100301 ns
[11.133s][info ][safepoint      ] Safepoint "ICBufferFull", Time since last: 58100 ns, Reaching safepoint: 82300 ns, At safepoint: 22100 ns, Total: 104400 ns
[11.133s][info ][safepoint      ] Safepoint "ICBufferFull", Time since last: 44100 ns, Reaching safepoint: 82701 ns, At safepoint: 23500 ns, Total: 106201 ns
[11.133s][info ][safepoint      ] Safepoint "ICBufferFull", Time since last: 54000 ns, Reaching safepoint: 82601 ns, At safepoint: 26000 ns, Total: 108601 ns
[11.133s][info ][safepoint      ] Safepoint "ICBufferFull", Time since last: 93100 ns, Reaching safepoint: 87300 ns, At safepoint: 22400 ns, Total: 109700 ns
[11.133s][info ][safepoint      ] Safepoint "ICBufferFull", Time since last: 55301 ns, Reaching safepoint: 82700 ns, At safepoint: 24000 ns, Total: 106700 ns
[11.134s][info ][safepoint      ] Safepoint "ICBufferFull", Time since last: 745903 ns, Reaching safepoint: 164601 ns, At safepoint: 17200 ns, Total: 181801 ns
[11.135s][info ][safepoint      ] Safepoint "ICBufferFull", Time since last: 62800 ns, Reaching safepoint: 89701 ns, At safepoint: 23700 ns, Total: 113401 ns
[11.135s][info ][safepoint      ] Safepoint "ICBufferFull", Time since last: 97800 ns, Reaching safepoint: 92401 ns, At safepoint: 19100 ns, Total: 111501 ns
[11.135s][info ][safepoint      ] Safepoint "ICBufferFull", Time since last: 107800 ns, Reaching safepoint: 41500 ns, At safepoint: 23501 ns, Total: 65001 ns
[11.135s][info ][safepoint      ] Safepoint "ICBufferFull", Time since last: 58600 ns, Reaching safepoint: 87700 ns, At safepoint: 25900 ns, Total: 113600 ns
[11.136s][info ][safepoint      ] Safepoint "ICBufferFull", Time since last: 685603 ns, Reaching safepoint: 99801 ns, At safepoint: 9300 ns, Total: 109101 ns
[11.136s][info ][safepoint      ] Safepoint "ICBufferFull", Time since last: 70700 ns, Reaching safepoint: 82900 ns, At safepoint: 28400 ns, Total: 111300 ns
[11.136s][info ][safepoint      ] Safepoint "ICBufferFull", Time since last: 49201 ns, Reaching safepoint: 84000 ns, At safepoint: 19100 ns, Total: 103100 ns
[11.136s][info ][safepoint      ] Safepoint "ICBufferFull", Time since last: 99300 ns, Reaching safepoint: 92201 ns, At safepoint: 19900 ns, Total: 112101 ns
[11.137s][info ][safepoint      ] Safepoint "ICBufferFull", Time since last: 53000 ns, Reaching safepoint: 91201 ns, At safepoint: 14600 ns, Total: 105801 ns
[11.137s][info ][safepoint      ] Safepoint "ICBufferFull", Time since last: 36000 ns, Reaching safepoint: 92700 ns, At safepoint: 19500 ns, Total: 112200 ns
[11.140s][info ][safepoint      ] Safepoint "ICBufferFull", Time since last: 2818312 ns, Reaching safepoint: 93601 ns, At safepoint: 20800 ns, Total: 114401 ns
[11.140s][info ][safepoint      ] Safepoint "ICBufferFull", Time since last: 139900 ns, Reaching safepoint: 86701 ns, At safepoint: 23400 ns, Total: 110101 ns
[11.140s][info ][safepoint      ] Safepoint "ICBufferFull", Time since last: 69700 ns, Reaching safepoint: 92101 ns, At safepoint: 24800 ns, Total: 116901 ns
[11.140s][info ][safepoint      ] Safepoint "ICBufferFull", Time since last: 76200 ns, Reaching safepoint: 92800 ns, At safepoint: 23600 ns, Total: 116400 ns
[11.141s][info ][safepoint      ] Safepoint "ICBufferFull", Time since last: 975205 ns, Reaching safepoint: 99400 ns, At safepoint: 16500 ns, Total: 115900 ns
[11.142s][info ][safepoint      ] Safepoint "ICBufferFull", Time since last: 53400 ns, Reaching safepoint: 83001 ns, At safepoint: 22800 ns, Total: 105801 ns
[11.142s][info ][safepoint      ] Safepoint "ICBufferFull", Time since last: 57400 ns, Reaching safepoint: 82100 ns, At safepoint: 18900 ns, Total: 101000 ns
[11.142s][info ][safepoint      ] Safepoint "ICBufferFull", Time since last: 44301 ns, Reaching safepoint: 90500 ns, At safepoint: 22500 ns, Total: 113000 ns
[11.142s][info ][safepoint      ] Safepoint "ICBufferFull", Time since last: 62100 ns, Reaching safepoint: 89601 ns, At safepoint: 21400 ns, Total: 111001 ns
[11.142s][info ][gc,start       ] GC(10) Pause Young (Allocation Failure)
[11.351s][debug][gc,phases      ] GC(10) Scavenge 208.617ms
[11.351s][debug][gc,ref         ] GC(10) Skipped phase 1 of Reference Processing: no references
[11.351s][debug][gc,ref         ] GC(10) ReferenceProcessor::execute queues: 1, RefProcThreadModel::Single, marks_oops_alive: false
[11.351s][debug][gc,ref         ] GC(10) Skipped phase 3 of Reference Processing: no references
[11.351s][debug][gc,ref         ] GC(10) ReferenceProcessor::execute queues: 1, RefProcThreadModel::Single, marks_oops_alive: false
[11.351s][debug][gc,phases      ] GC(10) Reference Processing 0.168ms
[11.352s][debug][gc,phases      ] GC(10)   VM Weak                        Min:  0.0, Avg:  0.0, Max:  0.0, Diff:  0.0, Sum:  0.0, Workers: 4
[11.352s][debug][gc,phases      ] GC(10)     Dead                           Min: 0, Avg:  0.0, Max: 0, Diff: 0, Sum: 0, Workers: 4
[11.352s][debug][gc,phases      ] GC(10)     Total                          Min: 0, Avg: 149.0, Max: 512, Diff: 512, Sum: 596, Workers: 4
[11.352s][debug][gc,phases      ] GC(10)   ObjectSynchronizer Weak        Min:  0.0, Avg:  0.0, Max:  0.0, Diff:  0.0, Sum:  0.0, Workers: 4
[11.352s][debug][gc,phases      ] GC(10)     Dead                           Min: 0, Avg:  0.0, Max: 0, Diff: 0, Sum: 0, Workers: 4
[11.352s][debug][gc,phases      ] GC(10)     Total                          Min: 0, Avg: 77.8, Max: 128, Diff: 128, Sum: 311, Workers: 4
[11.352s][debug][gc,phases      ] GC(10)   JVMTI Tag Weak OopStorage      Min:  0.0, Avg:  0.0, Max:  0.0, Diff:  0.0, Sum:  0.0, Workers: 4
[11.352s][debug][gc,phases      ] GC(10)     Dead                           Min: 0, Avg:  0.0, Max: 0, Diff: 0, Sum: 0, Workers: 4
[11.352s][debug][gc,phases      ] GC(10)     Total                          Min: 0, Avg:  0.0, Max: 0, Diff: 0, Sum: 0, Workers: 4
[11.352s][debug][gc,phases      ] GC(10)   StringTable Weak               Min:  0.2, Avg:  0.2, Max:  0.2, Diff:  0.0, Sum:  0.9, Workers: 4
[11.352s][debug][gc,phases      ] GC(10)     Dead                           Min: 0, Avg:  3.2, Max: 13, Diff: 13, Sum: 13, Workers: 4
[11.352s][debug][gc,phases      ] GC(10)     Total                          Min: 9984, Avg: 10927.5, Max: 11454, Diff: 1470, Sum: 43710, Workers: 4
[11.352s][debug][gc,phases      ] GC(10)   ResolvedMethodTable Weak       Min:  0.0, Avg:  0.0, Max:  0.0, Diff:  0.0, Sum:  0.2, Workers: 4
[11.352s][debug][gc,phases      ] GC(10)     Dead                           Min: 0, Avg:  0.0, Max: 0, Diff: 0, Sum: 0, Workers: 4
[11.352s][debug][gc,phases      ] GC(10)     Total                          Min: 1507, Avg: 1742.0, Max: 2048, Diff: 541, Sum: 6968, Workers: 4
[11.352s][debug][gc,phases      ] GC(10)   JNI Weak                       Min:  0.0, Avg:  0.0, Max:  0.0, Diff:  0.0, Sum:  0.0, Workers: 4
[11.352s][debug][gc,phases      ] GC(10)     Dead                           Min: 0, Avg:  0.0, Max: 0, Diff: 0, Sum: 0, Workers: 4
[11.352s][debug][gc,phases      ] GC(10)     Total                          Min: 0, Avg:  2.8, Max: 11, Diff: 11, Sum: 11, Workers: 4
[11.352s][debug][gc,phases      ] GC(10)   StringDedup Table Weak         Min:  0.0, Avg:  0.0, Max:  0.0, Diff:  0.0, Sum:  0.0, Workers: 4
[11.352s][debug][gc,phases      ] GC(10)     Dead                           Min: 0, Avg:  0.0, Max: 0, Diff: 0, Sum: 0, Workers: 4
[11.352s][debug][gc,phases      ] GC(10)     Total                          Min: 0, Avg:  0.0, Max: 0, Diff: 0, Sum: 0, Workers: 4
[11.352s][debug][gc,phases      ] GC(10)   StringDedup Requests0 Weak     Min:  0.0, Avg:  0.0, Max:  0.0, Diff:  0.0, Sum:  0.0, Workers: 4
[11.352s][debug][gc,phases      ] GC(10)     Dead                           Min: 0, Avg:  0.0, Max: 0, Diff: 0, Sum: 0, Workers: 4
[11.352s][debug][gc,phases      ] GC(10)     Total                          Min: 0, Avg:  0.0, Max: 0, Diff: 0, Sum: 0, Workers: 4
[11.352s][debug][gc,phases      ] GC(10)   StringDedup Requests1 Weak     Min:  0.0, Avg:  0.0, Max:  0.0, Diff:  0.0, Sum:  0.0, Workers: 4
[11.352s][debug][gc,phases      ] GC(10)     Dead                           Min: 0, Avg:  0.0, Max: 0, Diff: 0, Sum: 0, Workers: 4
[11.352s][debug][gc,phases      ] GC(10)     Total                          Min: 0, Avg:  0.0, Max: 0, Diff: 0, Sum: 0, Workers: 4
[11.352s][debug][gc,phases      ] GC(10)   Weak JFR Old Object Samples    Min:  0.0, Avg:  0.0, Max:  0.0, Diff:  0.0, Sum:  0.0, Workers: 4
[11.352s][debug][gc,phases      ] GC(10)     Dead                           Min: 0, Avg:  0.0, Max: 0, Diff: 0, Sum: 0, Workers: 4
[11.352s][debug][gc,phases      ] GC(10)     Total                          Min: 0, Avg:  0.0, Max: 0, Diff: 0, Sum: 0, Workers: 4
[11.352s][debug][gc,phases      ] GC(10) Weak Processing 0.462ms
[11.352s][debug][gc,age         ] GC(10) Desired survivor size 536870912 bytes, new threshold 6 (max threshold 15)
[11.352s][info ][gc,heap        ] GC(10) PSYoungGen: 1565519K(1572864K)->524278K(1572864K) Eden: 1048576K(1048576K)->0K(1048576K) From: 516943K(524288K)->524278K(524288K)
[11.352s][info ][gc,heap        ] GC(10) ParOldGen: 156214K(307712K)->156678K(307712K)
[11.352s][info ][gc,metaspace   ] GC(10) Metaspace: 69331K(70016K)->69331K(70016K) NonClass: 59164K(59520K)->59164K(59520K) Class: 10166K(10496K)->10166K(10496K)
[11.352s][info ][gc             ] GC(10) Pause Young (Allocation Failure) 1681M->664M(1836M) 209.358ms
[11.352s][info ][gc,cpu         ] GC(10) User=0.84s Sys=0.00s Real=0.21s
[11.352s][info ][safepoint      ] Safepoint "ParallelGCFailedAllocation", Time since last: 177701 ns, Reaching safepoint: 83600 ns, At safepoint: 209465093 ns, Total: 209548693 ns
[11.353s][info ][safepoint      ] Safepoint "ICBufferFull", Time since last: 1050504 ns, Reaching safepoint: 101100 ns, At safepoint: 21701 ns, Total: 122801 ns
[11.353s][info ][safepoint      ] Safepoint "ICBufferFull", Time since last: 84400 ns, Reaching safepoint: 84800 ns, At safepoint: 43600 ns, Total: 128400 ns
[11.353s][info ][safepoint      ] Safepoint "ICBufferFull", Time since last: 90501 ns, Reaching safepoint: 87900 ns, At safepoint: 28600 ns, Total: 116500 ns
[11.354s][info ][safepoint      ] Safepoint "ICBufferFull", Time since last: 69601 ns, Reaching safepoint: 95000 ns, At safepoint: 23900 ns, Total: 118900 ns
[11.354s][info ][safepoint      ] Safepoint "ICBufferFull", Time since last: 158101 ns, Reaching safepoint: 88600 ns, At safepoint: 26100 ns, Total: 114700 ns
[11.355s][info ][safepoint      ] Safepoint "ICBufferFull", Time since last: 1008405 ns, Reaching safepoint: 99900 ns, At safepoint: 24400 ns, Total: 124300 ns
[11.356s][info ][safepoint      ] Safepoint "ICBufferFull", Time since last: 1122505 ns, Reaching safepoint: 99400 ns, At safepoint: 11100 ns, Total: 110500 ns
[11.356s][info ][safepoint      ] Safepoint "ICBufferFull", Time since last: 64701 ns, Reaching safepoint: 84300 ns, At safepoint: 27100 ns, Total: 111400 ns
[11.357s][info ][safepoint      ] Safepoint "ICBufferFull", Time since last: 57100 ns, Reaching safepoint: 83501 ns, At safepoint: 23700 ns, Total: 107201 ns
[11.357s][info ][safepoint      ] Safepoint "ICBufferFull", Time since last: 61100 ns, Reaching safepoint: 85300 ns, At safepoint: 20601 ns, Total: 105901 ns
[11.357s][info ][safepoint      ] Safepoint "ICBufferFull", Time since last: 119700 ns, Reaching safepoint: 99200 ns, At safepoint: 28301 ns, Total: 127501 ns
[11.359s][info ][safepoint      ] Safepoint "ICBufferFull", Time since last: 1675707 ns, Reaching safepoint: 97000 ns, At safepoint: 27300 ns, Total: 124300 ns
[11.359s][info ][safepoint      ] Safepoint "ICBufferFull", Time since last: 61201 ns, Reaching safepoint: 89100 ns, At safepoint: 23400 ns, Total: 112500 ns
[11.359s][info ][safepoint      ] Safepoint "ICBufferFull", Time since last: 39900 ns, Reaching safepoint: 90501 ns, At safepoint: 28300 ns, Total: 118801 ns
[11.359s][info ][safepoint      ] Safepoint "ICBufferFull", Time since last: 46500 ns, Reaching safepoint: 92200 ns, At safepoint: 30400 ns, Total: 122600 ns
[11.359s][info ][safepoint      ] Safepoint "ICBufferFull", Time since last: 33401 ns, Reaching safepoint: 91100 ns, At safepoint: 26200 ns, Total: 117300 ns
[11.361s][info ][safepoint      ] Safepoint "ICBufferFull", Time since last: 1884308 ns, Reaching safepoint: 102101 ns, At safepoint: 18700 ns, Total: 120801 ns
[11.362s][info ][safepoint      ] Safepoint "ICBufferFull", Time since last: 106600 ns, Reaching safepoint: 97500 ns, At safepoint: 16101 ns, Total: 113601 ns
[11.362s][info ][safepoint      ] Safepoint "ICBufferFull", Time since last: 115800 ns, Reaching safepoint: 97200 ns, At safepoint: 22201 ns, Total: 119401 ns
[11.362s][info ][safepoint      ] Safepoint "ICBufferFull", Time since last: 36400 ns, Reaching safepoint: 89100 ns, At safepoint: 19200 ns, Total: 108300 ns
[11.362s][info ][safepoint      ] Safepoint "ICBufferFull", Time since last: 68700 ns, Reaching safepoint: 91001 ns, At safepoint: 19400 ns, Total: 110401 ns
[11.363s][info ][safepoint      ] Safepoint "ICBufferFull", Time since last: 851204 ns, Reaching safepoint: 105100 ns, At safepoint: 15900 ns, Total: 121000 ns
[11.369s][info ][safepoint      ] Safepoint "ICBufferFull", Time since last: 5952325 ns, Reaching safepoint: 88301 ns, At safepoint: 18800 ns, Total: 107101 ns
[11.370s][info ][safepoint      ] Safepoint "ICBufferFull", Time since last: 1104805 ns, Reaching safepoint: 106500 ns, At safepoint: 20700 ns, Total: 127200 ns
[11.371s][info ][safepoint      ] Safepoint "ICBufferFull", Time since last: 213201 ns, Reaching safepoint: 102200 ns, At safepoint: 16801 ns, Total: 119001 ns
[11.371s][info ][safepoint      ] Safepoint "ICBufferFull", Time since last: 41900 ns, Reaching safepoint: 84400 ns, At safepoint: 19400 ns, Total: 103800 ns
[11.371s][info ][safepoint      ] Safepoint "ICBufferFull", Time since last: 37700 ns, Reaching safepoint: 87601 ns, At safepoint: 18600 ns, Total: 106201 ns
[11.372s][info ][safepoint      ] Safepoint "ICBufferFull", Time since last: 915404 ns, Reaching safepoint: 108900 ns, At safepoint: 19800 ns, Total: 128700 ns
[11.372s][info ][safepoint      ] Safepoint "ICBufferFull", Time since last: 110201 ns, Reaching safepoint: 100900 ns, At safepoint: 19400 ns, Total: 120300 ns
[11.373s][info ][safepoint      ] Safepoint "ICBufferFull", Time since last: 71101 ns, Reaching safepoint: 87000 ns, At safepoint: 19800 ns, Total: 106800 ns
[11.374s][info ][safepoint      ] Safepoint "ICBufferFull", Time since last: 841904 ns, Reaching safepoint: 93300 ns, At safepoint: 20500 ns, Total: 113800 ns
[11.374s][info ][safepoint      ] Safepoint "ICBufferFull", Time since last: 34500 ns, Reaching safepoint: 82901 ns, At safepoint: 21300 ns, Total: 104201 ns
[11.375s][info ][safepoint      ] Safepoint "ICBufferFull", Time since last: 852603 ns, Reaching safepoint: 95601 ns, At safepoint: 18900 ns, Total: 114501 ns
[11.375s][info ][safepoint      ] Safepoint "ICBufferFull", Time since last: 134100 ns, Reaching safepoint: 85101 ns, At safepoint: 14600 ns, Total: 99701 ns
[11.375s][info ][safepoint      ] Safepoint "ICBufferFull", Time since last: 57800 ns, Reaching safepoint: 83400 ns, At safepoint: 19100 ns, Total: 102500 ns
[11.375s][info ][safepoint      ] Safepoint "ICBufferFull", Time since last: 92001 ns, Reaching safepoint: 84600 ns, At safepoint: 22100 ns, Total: 106700 ns
[11.376s][info ][safepoint      ] Safepoint "ICBufferFull", Time since last: 711303 ns, Reaching safepoint: 99501 ns, At safepoint: 16100 ns, Total: 115601 ns
[11.377s][info ][safepoint      ] Safepoint "ICBufferFull", Time since last: 448802 ns, Reaching safepoint: 85800 ns, At safepoint: 24700 ns, Total: 110500 ns
[11.377s][info ][safepoint      ] Safepoint "ICBufferFull", Time since last: 43400 ns, Reaching safepoint: 92501 ns, At safepoint: 19700 ns, Total: 112201 ns
[11.377s][info ][safepoint      ] Safepoint "ICBufferFull", Time since last: 258701 ns, Reaching safepoint: 92400 ns, At safepoint: 25300 ns, Total: 117700 ns
[11.378s][info ][safepoint      ] Safepoint "ICBufferFull", Time since last: 943104 ns, Reaching safepoint: 94701 ns, At safepoint: 21900 ns, Total: 116601 ns
[11.378s][info ][safepoint      ] Safepoint "ICBufferFull", Time since last: 64700 ns, Reaching safepoint: 97101 ns, At safepoint: 23100 ns, Total: 120201 ns
[11.379s][info ][safepoint      ] Safepoint "ICBufferFull", Time since last: 91700 ns, Reaching safepoint: 91501 ns, At safepoint: 21100 ns, Total: 112601 ns
[11.379s][info ][safepoint      ] Safepoint "ICBufferFull", Time since last: 783403 ns, Reaching safepoint: 97600 ns, At safepoint: 16100 ns, Total: 113700 ns
[11.380s][info ][safepoint      ] Safepoint "ICBufferFull", Time since last: 39601 ns, Reaching safepoint: 88000 ns, At safepoint: 19300 ns, Total: 107300 ns
[11.380s][info ][safepoint      ] Safepoint "ICBufferFull", Time since last: 45000 ns, Reaching safepoint: 89601 ns, At safepoint: 21500 ns, Total: 111101 ns
[11.380s][info ][safepoint      ] Safepoint "ICBufferFull", Time since last: 51800 ns, Reaching safepoint: 94500 ns, At safepoint: 20900 ns, Total: 115400 ns
[11.381s][info ][safepoint      ] Safepoint "ICBufferFull", Time since last: 810504 ns, Reaching safepoint: 98900 ns, At safepoint: 12100 ns, Total: 111000 ns
[11.381s][info ][safepoint      ] Safepoint "ICBufferFull", Time since last: 57901 ns, Reaching safepoint: 96700 ns, At safepoint: 21900 ns, Total: 118600 ns
[11.381s][info ][safepoint      ] Safepoint "ICBufferFull", Time since last: 115801 ns, Reaching safepoint: 115800 ns, At safepoint: 17700 ns, Total: 133500 ns
[11.382s][info ][safepoint      ] Safepoint "ICBufferFull", Time since last: 307702 ns, Reaching safepoint: 102400 ns, At safepoint: 18900 ns, Total: 121300 ns
[11.382s][info ][safepoint      ] Safepoint "ICBufferFull", Time since last: 106100 ns, Reaching safepoint: 93201 ns, At safepoint: 17300 ns, Total: 110501 ns
[11.383s][info ][safepoint      ] Safepoint "ICBufferFull", Time since last: 713603 ns, Reaching safepoint: 100200 ns, At safepoint: 16300 ns, Total: 116500 ns
[11.384s][info ][safepoint      ] Safepoint "ICBufferFull", Time since last: 1077105 ns, Reaching safepoint: 106401 ns, At safepoint: 29600 ns, Total: 136001 ns
[11.384s][info ][safepoint      ] Safepoint "ICBufferFull", Time since last: 85800 ns, Reaching safepoint: 162101 ns, At safepoint: 21100 ns, Total: 183201 ns
[11.384s][info ][safepoint      ] Safepoint "ICBufferFull", Time since last: 107400 ns, Reaching safepoint: 81601 ns, At safepoint: 23600 ns, Total: 105201 ns
[11.385s][info ][safepoint      ] Safepoint "ICBufferFull", Time since last: 47300 ns, Reaching safepoint: 81700 ns, At safepoint: 24100 ns, Total: 105800 ns
[11.385s][info ][safepoint      ] Safepoint "ICBufferFull", Time since last: 253501 ns, Reaching safepoint: 94801 ns, At safepoint: 20400 ns, Total: 115201 ns
[11.385s][info ][safepoint      ] Safepoint "ICBufferFull", Time since last: 59700 ns, Reaching safepoint: 89901 ns, At safepoint: 25300 ns, Total: 115201 ns
[11.386s][info ][safepoint      ] Safepoint "ICBufferFull", Time since last: 904904 ns, Reaching safepoint: 92800 ns, At safepoint: 16500 ns, Total: 109300 ns
[11.387s][info ][safepoint      ] Safepoint "ICBufferFull", Time since last: 441702 ns, Reaching safepoint: 90400 ns, At safepoint: 20000 ns, Total: 110400 ns
[11.387s][info ][safepoint      ] Safepoint "ICBufferFull", Time since last: 44001 ns, Reaching safepoint: 89700 ns, At safepoint: 23100 ns, Total: 112800 ns
[11.387s][info ][safepoint      ] Safepoint "ICBufferFull", Time since last: 82900 ns, Reaching safepoint: 114301 ns, At safepoint: 23700 ns, Total: 138001 ns
[11.388s][info ][safepoint      ] Safepoint "ICBufferFull", Time since last: 891704 ns, Reaching safepoint: 99100 ns, At safepoint: 20800 ns, Total: 119900 ns
[11.388s][info ][safepoint      ] Safepoint "ICBufferFull", Time since last: 86601 ns, Reaching safepoint: 98200 ns, At safepoint: 27900 ns, Total: 126100 ns
[11.388s][info ][safepoint      ] Safepoint "ICBufferFull", Time since last: 50700 ns, Reaching safepoint: 83501 ns, At safepoint: 28600 ns, Total: 112101 ns
[11.389s][info ][safepoint      ] Safepoint "ICBufferFull", Time since last: 44100 ns, Reaching safepoint: 84600 ns, At safepoint: 23601 ns, Total: 108201 ns
[11.390s][info ][safepoint      ] Safepoint "ICBufferFull", Time since last: 839003 ns, Reaching safepoint: 91000 ns, At safepoint: 22101 ns, Total: 113101 ns
[11.390s][info ][safepoint      ] Safepoint "ICBufferFull", Time since last: 50600 ns, Reaching safepoint: 81800 ns, At safepoint: 24900 ns, Total: 106700 ns
[11.390s][info ][safepoint      ] Safepoint "ICBufferFull", Time since last: 38000 ns, Reaching safepoint: 81801 ns, At safepoint: 29400 ns, Total: 111201 ns
[11.390s][info ][safepoint      ] Safepoint "ICBufferFull", Time since last: 27300 ns, Reaching safepoint: 75900 ns, At safepoint: 29100 ns, Total: 105000 ns
[11.391s][info ][safepoint      ] Safepoint "ICBufferFull", Time since last: 862404 ns, Reaching safepoint: 91501 ns, At safepoint: 25300 ns, Total: 116801 ns
[11.393s][info ][safepoint      ] Safepoint "ICBufferFull", Time since last: 2209709 ns, Reaching safepoint: 97800 ns, At safepoint: 19701 ns, Total: 117501 ns
[11.394s][info ][safepoint      ] Safepoint "ICBufferFull", Time since last: 57600 ns, Reaching safepoint: 84300 ns, At safepoint: 20100 ns, Total: 104400 ns
[11.394s][info ][safepoint      ] Safepoint "ICBufferFull", Time since last: 41400 ns, Reaching safepoint: 90301 ns, At safepoint: 27500 ns, Total: 117801 ns
[11.394s][info ][safepoint      ] Safepoint "ICBufferFull", Time since last: 68300 ns, Reaching safepoint: 89201 ns, At safepoint: 21400 ns, Total: 110601 ns
[11.394s][info ][safepoint      ] Safepoint "ICBufferFull", Time since last: 68900 ns, Reaching safepoint: 91500 ns, At safepoint: 19200 ns, Total: 110700 ns
[11.395s][info ][safepoint      ] Safepoint "ICBufferFull", Time since last: 802104 ns, Reaching safepoint: 97600 ns, At safepoint: 17200 ns, Total: 114800 ns
[11.395s][info ][safepoint      ] Safepoint "ICBufferFull", Time since last: 80201 ns, Reaching safepoint: 94100 ns, At safepoint: 14700 ns, Total: 108800 ns
[11.395s][info ][safepoint      ] Safepoint "ICBufferFull", Time since last: 34100 ns, Reaching safepoint: 82601 ns, At safepoint: 17100 ns, Total: 99701 ns
[11.395s][info ][safepoint      ] Safepoint "ICBufferFull", Time since last: 77200 ns, Reaching safepoint: 95500 ns, At safepoint: 20901 ns, Total: 116401 ns
[11.396s][info ][safepoint      ] Safepoint "ICBufferFull", Time since last: 757603 ns, Reaching safepoint: 91200 ns, At safepoint: 9000 ns, Total: 100200 ns
[11.396s][info ][safepoint      ] Safepoint "ICBufferFull", Time since last: 63000 ns, Reaching safepoint: 89601 ns, At safepoint: 20600 ns, Total: 110201 ns
[11.397s][info ][safepoint      ] Safepoint "ICBufferFull", Time since last: 728103 ns, Reaching safepoint: 100200 ns, At safepoint: 25801 ns, Total: 126001 ns
[11.398s][info ][safepoint      ] Safepoint "ICBufferFull", Time since last: 413301 ns, Reaching safepoint: 95901 ns, At safepoint: 18000 ns, Total: 113901 ns
[11.398s][info ][safepoint      ] Safepoint "ICBufferFull", Time since last: 52100 ns, Reaching safepoint: 82800 ns, At safepoint: 22700 ns, Total: 105500 ns
[11.398s][info ][safepoint      ] Safepoint "ICBufferFull", Time since last: 126801 ns, Reaching safepoint: 99400 ns, At safepoint: 26901 ns, Total: 126301 ns
[11.399s][info ][safepoint      ] Safepoint "ICBufferFull", Time since last: 840803 ns, Reaching safepoint: 106401 ns, At safepoint: 17400 ns, Total: 123801 ns
[11.399s][info ][safepoint      ] Safepoint "ICBufferFull", Time since last: 45700 ns, Reaching safepoint: 82500 ns, At safepoint: 22100 ns, Total: 104600 ns
[11.400s][info ][safepoint      ] Safepoint "ICBufferFull", Time since last: 60701 ns, Reaching safepoint: 81100 ns, At safepoint: 16200 ns, Total: 97300 ns
[11.400s][info ][safepoint      ] Safepoint "ICBufferFull", Time since last: 53300 ns, Reaching safepoint: 82301 ns, At safepoint: 27400 ns, Total: 109701 ns
[11.400s][info ][safepoint      ] Safepoint "ICBufferFull", Time since last: 72100 ns, Reaching safepoint: 83100 ns, At safepoint: 20100 ns, Total: 103200 ns
[11.401s][info ][safepoint      ] Safepoint "ICBufferFull", Time since last: 853604 ns, Reaching safepoint: 579603 ns, At safepoint: 19700 ns, Total: 599303 ns
[11.403s][info ][safepoint      ] Safepoint "ICBufferFull", Time since last: 1084504 ns, Reaching safepoint: 86701 ns, At safepoint: 17300 ns, Total: 104001 ns
[11.403s][info ][safepoint      ] Safepoint "ICBufferFull", Time since last: 53300 ns, Reaching safepoint: 84700 ns, At safepoint: 20000 ns, Total: 104700 ns
[11.403s][info ][safepoint      ] Safepoint "ICBufferFull", Time since last: 128201 ns, Reaching safepoint: 88600 ns, At safepoint: 20200 ns, Total: 108800 ns
[11.403s][info ][safepoint      ] Safepoint "ICBufferFull", Time since last: 163301 ns, Reaching safepoint: 86000 ns, At safepoint: 19801 ns, Total: 105801 ns
[11.403s][info ][safepoint      ] Safepoint "ICBufferFull", Time since last: 106400 ns, Reaching safepoint: 91400 ns, At safepoint: 22800 ns, Total: 114200 ns
[11.405s][info ][safepoint      ] Safepoint "ICBufferFull", Time since last: 800604 ns, Reaching safepoint: 937404 ns, At safepoint: 39600 ns, Total: 977004 ns
[11.405s][info ][safepoint      ] Safepoint "ICBufferFull", Time since last: 63200 ns, Reaching safepoint: 84201 ns, At safepoint: 18500 ns, Total: 102701 ns
[11.406s][info ][safepoint      ] Safepoint "ICBufferFull", Time since last: 102000 ns, Reaching safepoint: 79901 ns, At safepoint: 18900 ns, Total: 98801 ns
[11.406s][info ][safepoint      ] Safepoint "ICBufferFull", Time since last: 79900 ns, Reaching safepoint: 90200 ns, At safepoint: 23800 ns, Total: 114000 ns
[11.407s][info ][safepoint      ] Safepoint "ICBufferFull", Time since last: 726504 ns, Reaching safepoint: 89600 ns, At safepoint: 12800 ns, Total: 102400 ns
[11.408s][info ][safepoint      ] Safepoint "ICBufferFull", Time since last: 1090605 ns, Reaching safepoint: 83600 ns, At safepoint: 20700 ns, Total: 104300 ns
[11.408s][info ][safepoint      ] Safepoint "ICBufferFull", Time since last: 66700 ns, Reaching safepoint: 80901 ns, At safepoint: 17700 ns, Total: 98601 ns
[11.408s][info ][safepoint      ] Safepoint "ICBufferFull", Time since last: 89600 ns, Reaching safepoint: 81500 ns, At safepoint: 19901 ns, Total: 101401 ns
[11.408s][info ][safepoint      ] Safepoint "ICBufferFull", Time since last: 107900 ns, Reaching safepoint: 93700 ns, At safepoint: 17400 ns, Total: 111100 ns
[11.409s][info ][safepoint      ] Safepoint "ICBufferFull", Time since last: 863404 ns, Reaching safepoint: 99901 ns, At safepoint: 22500 ns, Total: 122401 ns
[11.409s][info ][safepoint      ] Safepoint "ICBufferFull", Time since last: 48600 ns, Reaching safepoint: 80800 ns, At safepoint: 23300 ns, Total: 104100 ns
[11.410s][info ][safepoint      ] Safepoint "ICBufferFull", Time since last: 45801 ns, Reaching safepoint: 94000 ns, At safepoint: 24800 ns, Total: 118800 ns
[11.410s][info ][safepoint      ] Safepoint "ICBufferFull", Time since last: 46900 ns, Reaching safepoint: 91001 ns, At safepoint: 18000 ns, Total: 109001 ns
[11.410s][info ][safepoint      ] Safepoint "ICBufferFull", Time since last: 61300 ns, Reaching safepoint: 84100 ns, At safepoint: 19100 ns, Total: 103200 ns
[11.410s][info ][safepoint      ] Safepoint "ICBufferFull", Time since last: 51201 ns, Reaching safepoint: 83000 ns, At safepoint: 17900 ns, Total: 100900 ns
[11.411s][info ][safepoint      ] Safepoint "ICBufferFull", Time since last: 722203 ns, Reaching safepoint: 83700 ns, At safepoint: 18001 ns, Total: 101701 ns
[11.411s][info ][safepoint      ] Safepoint "ICBufferFull", Time since last: 92500 ns, Reaching safepoint: 84000 ns, At safepoint: 22600 ns, Total: 106600 ns
[11.411s][info ][safepoint      ] Safepoint "ICBufferFull", Time since last: 30301 ns, Reaching safepoint: 82500 ns, At safepoint: 23300 ns, Total: 105800 ns
[11.412s][info ][safepoint      ] Safepoint "ICBufferFull", Time since last: 788803 ns, Reaching safepoint: 84801 ns, At safepoint: 9500 ns, Total: 94301 ns
[11.412s][info ][safepoint      ] Safepoint "ICBufferFull", Time since last: 48800 ns, Reaching safepoint: 81800 ns, At safepoint: 22300 ns, Total: 104100 ns
[11.412s][info ][safepoint      ] Safepoint "ICBufferFull", Time since last: 47201 ns, Reaching safepoint: 79300 ns, At safepoint: 21300 ns, Total: 100600 ns
[11.413s][info ][safepoint      ] Safepoint "ICBufferFull", Time since last: 44600 ns, Reaching safepoint: 80501 ns, At safepoint: 19000 ns, Total: 99501 ns
[11.413s][info ][safepoint      ] Safepoint "ICBufferFull", Time since last: 63300 ns, Reaching safepoint: 81900 ns, At safepoint: 20100 ns, Total: 102000 ns
[11.413s][info ][safepoint      ] Safepoint "ICBufferFull", Time since last: 27400 ns, Reaching safepoint: 91001 ns, At safepoint: 20000 ns, Total: 111001 ns
[11.414s][info ][safepoint      ] Safepoint "ICBufferFull", Time since last: 785103 ns, Reaching safepoint: 86301 ns, At safepoint: 15700 ns, Total: 102001 ns
[11.414s][info ][safepoint      ] Safepoint "ICBufferFull", Time since last: 108800 ns, Reaching safepoint: 94601 ns, At safepoint: 15600 ns, Total: 110201 ns
[11.414s][info ][safepoint      ] Safepoint "ICBufferFull", Time since last: 41700 ns, Reaching safepoint: 90700 ns, At safepoint: 19800 ns, Total: 110500 ns
[11.414s][info ][safepoint      ] Safepoint "ICBufferFull", Time since last: 45801 ns, Reaching safepoint: 85200 ns, At safepoint: 18500 ns, Total: 103700 ns
[11.415s][info ][safepoint      ] Safepoint "ICBufferFull", Time since last: 68500 ns, Reaching safepoint: 84901 ns, At safepoint: 21700 ns, Total: 106601 ns
[11.415s][info ][safepoint      ] Safepoint "ICBufferFull", Time since last: 742003 ns, Reaching safepoint: 92900 ns, At safepoint: 14500 ns, Total: 107400 ns
[11.416s][info ][safepoint      ] Safepoint "ICBufferFull", Time since last: 56501 ns, Reaching safepoint: 87200 ns, At safepoint: 14700 ns, Total: 101900 ns
[11.416s][info ][safepoint      ] Safepoint "ICBufferFull", Time since last: 50500 ns, Reaching safepoint: 91801 ns, At safepoint: 18000 ns, Total: 109801 ns
[11.417s][info ][safepoint      ] Safepoint "ICBufferFull", Time since last: 1589706 ns, Reaching safepoint: 91901 ns, At safepoint: 5100 ns, Total: 97001 ns
[11.418s][info ][safepoint      ] Safepoint "ICBufferFull", Time since last: 56500 ns, Reaching safepoint: 88400 ns, At safepoint: 26301 ns, Total: 114701 ns
[11.419s][info ][safepoint      ] Safepoint "ICBufferFull", Time since last: 1180405 ns, Reaching safepoint: 83200 ns, At safepoint: 16600 ns, Total: 99800 ns
[11.419s][info ][safepoint      ] Safepoint "ICBufferFull", Time since last: 53900 ns, Reaching safepoint: 83901 ns, At safepoint: 14300 ns, Total: 98201 ns
[11.419s][info ][safepoint      ] Safepoint "ICBufferFull", Time since last: 92700 ns, Reaching safepoint: 94901 ns, At safepoint: 18600 ns, Total: 113501 ns
[11.419s][info ][safepoint      ] Safepoint "ICBufferFull", Time since last: 184200 ns, Reaching safepoint: 91401 ns, At safepoint: 17800 ns, Total: 109201 ns
[11.420s][info ][safepoint      ] Safepoint "ICBufferFull", Time since last: 44500 ns, Reaching safepoint: 83800 ns, At safepoint: 17700 ns, Total: 101500 ns
[11.420s][info ][safepoint      ] Safepoint "ICBufferFull", Time since last: 728904 ns, Reaching safepoint: 93500 ns, At safepoint: 9200 ns, Total: 102700 ns
[11.421s][info ][safepoint      ] Safepoint "ICBufferFull", Time since last: 59900 ns, Reaching safepoint: 84201 ns, At safepoint: 17800 ns, Total: 102001 ns
[11.421s][info ][safepoint      ] Safepoint "ICBufferFull", Time since last: 26800 ns, Reaching safepoint: 83300 ns, At safepoint: 14800 ns, Total: 98100 ns
[11.421s][info ][safepoint      ] Safepoint "ICBufferFull", Time since last: 96401 ns, Reaching safepoint: 82200 ns, At safepoint: 16500 ns, Total: 98700 ns
[11.425s][info ][safepoint      ] Safepoint "ICBufferFull", Time since last: 4315918 ns, Reaching safepoint: 70801 ns, At safepoint: 26300 ns, Total: 97101 ns
[11.425s][info ][safepoint      ] Safepoint "ICBufferFull", Time since last: 62200 ns, Reaching safepoint: 73800 ns, At safepoint: 22501 ns, Total: 96301 ns
[11.426s][info ][safepoint      ] Safepoint "ICBufferFull", Time since last: 117300 ns, Reaching safepoint: 87400 ns, At safepoint: 19300 ns, Total: 106700 ns
[11.426s][info ][safepoint      ] Safepoint "ICBufferFull", Time since last: 181301 ns, Reaching safepoint: 85001 ns, At safepoint: 16300 ns, Total: 101301 ns
[11.426s][info ][safepoint      ] Safepoint "ICBufferFull", Time since last: 34500 ns, Reaching safepoint: 89000 ns, At safepoint: 17000 ns, Total: 106000 ns
[11.427s][info ][safepoint      ] Safepoint "ICBufferFull", Time since last: 759704 ns, Reaching safepoint: 98100 ns, At safepoint: 12600 ns, Total: 110700 ns
[11.427s][info ][safepoint      ] Safepoint "ICBufferFull", Time since last: 53600 ns, Reaching safepoint: 81801 ns, At safepoint: 21300 ns, Total: 103101 ns
[11.427s][info ][safepoint      ] Safepoint "ICBufferFull", Time since last: 43300 ns, Reaching safepoint: 80800 ns, At safepoint: 20800 ns, Total: 101600 ns
[11.428s][info ][safepoint      ] Safepoint "ICBufferFull", Time since last: 86101 ns, Reaching safepoint: 94800 ns, At safepoint: 20800 ns, Total: 115600 ns
[11.428s][info ][safepoint      ] Safepoint "ICBufferFull", Time since last: 42000 ns, Reaching safepoint: 125601 ns, At safepoint: 23000 ns, Total: 148601 ns
[11.429s][info ][safepoint      ] Safepoint "ICBufferFull", Time since last: 916704 ns, Reaching safepoint: 95300 ns, At safepoint: 11900 ns, Total: 107200 ns
[11.429s][info ][safepoint      ] Safepoint "ICBufferFull", Time since last: 501102 ns, Reaching safepoint: 85501 ns, At safepoint: 19800 ns, Total: 105301 ns
[11.430s][info ][safepoint      ] Safepoint "ICBufferFull", Time since last: 64700 ns, Reaching safepoint: 83201 ns, At safepoint: 19200 ns, Total: 102401 ns
[11.430s][info ][safepoint      ] Safepoint "ICBufferFull", Time since last: 145500 ns, Reaching safepoint: 93901 ns, At safepoint: 19900 ns, Total: 113801 ns
[11.430s][info ][safepoint      ] Safepoint "ICBufferFull", Time since last: 45200 ns, Reaching safepoint: 98300 ns, At safepoint: 22500 ns, Total: 120800 ns
[11.431s][info ][safepoint      ] Safepoint "ICBufferFull", Time since last: 738604 ns, Reaching safepoint: 86600 ns, At safepoint: 14100 ns, Total: 100700 ns
[11.431s][info ][safepoint      ] Safepoint "ICBufferFull", Time since last: 59800 ns, Reaching safepoint: 84901 ns, At safepoint: 19500 ns, Total: 104401 ns
[11.432s][info ][safepoint      ] Safepoint "ICBufferFull", Time since last: 1036804 ns, Reaching safepoint: 90801 ns, At safepoint: 33600 ns, Total: 124401 ns
[11.432s][info ][safepoint      ] Safepoint "ICBufferFull", Time since last: 57500 ns, Reaching safepoint: 90500 ns, At safepoint: 14600 ns, Total: 105100 ns
[11.432s][info ][safepoint      ] Safepoint "ICBufferFull", Time since last: 43801 ns, Reaching safepoint: 86500 ns, At safepoint: 24900 ns, Total: 111400 ns
[11.433s][info ][safepoint      ] Safepoint "ICBufferFull", Time since last: 109100 ns, Reaching safepoint: 86201 ns, At safepoint: 26300 ns, Total: 112501 ns
[11.433s][info ][safepoint      ] Safepoint "ICBufferFull", Time since last: 57500 ns, Reaching safepoint: 92301 ns, At safepoint: 24500 ns, Total: 116801 ns
[11.434s][info ][safepoint      ] Safepoint "ICBufferFull", Time since last: 790003 ns, Reaching safepoint: 88600 ns, At safepoint: 10300 ns, Total: 98900 ns
[11.434s][info ][safepoint      ] Safepoint "ICBufferFull", Time since last: 49101 ns, Reaching safepoint: 97300 ns, At safepoint: 23400 ns, Total: 120700 ns
[11.434s][info ][safepoint      ] Safepoint "ICBufferFull", Time since last: 53800 ns, Reaching safepoint: 84101 ns, At safepoint: 15900 ns, Total: 100001 ns
[11.434s][info ][safepoint      ] Safepoint "ICBufferFull", Time since last: 96600 ns, Reaching safepoint: 85801 ns, At safepoint: 14200 ns, Total: 100001 ns
[11.434s][info ][safepoint      ] Safepoint "ICBufferFull", Time since last: 41900 ns, Reaching safepoint: 86700 ns, At safepoint: 16900 ns, Total: 103600 ns
[11.435s][info ][safepoint      ] Safepoint "ICBufferFull", Time since last: 65901 ns, Reaching safepoint: 87500 ns, At safepoint: 21500 ns, Total: 109000 ns
[11.435s][info ][safepoint      ] Safepoint "ICBufferFull", Time since last: 673803 ns, Reaching safepoint: 87700 ns, At safepoint: 18200 ns, Total: 105900 ns
[11.435s][info ][safepoint      ] Safepoint "ICBufferFull", Time since last: 54801 ns, Reaching safepoint: 86700 ns, At safepoint: 22700 ns, Total: 109400 ns
[11.436s][info ][safepoint      ] Safepoint "ICBufferFull", Time since last: 125701 ns, Reaching safepoint: 86800 ns, At safepoint: 17600 ns, Total: 104400 ns
[11.436s][info ][safepoint      ] Safepoint "ICBufferFull", Time since last: 126001 ns, Reaching safepoint: 86900 ns, At safepoint: 24600 ns, Total: 111500 ns
[11.437s][info ][safepoint      ] Safepoint "ICBufferFull", Time since last: 729903 ns, Reaching safepoint: 89001 ns, At safepoint: 21100 ns, Total: 110101 ns
[11.437s][info ][safepoint      ] Safepoint "ICBufferFull", Time since last: 54600 ns, Reaching safepoint: 79900 ns, At safepoint: 19400 ns, Total: 99300 ns
[11.437s][info ][safepoint      ] Safepoint "ICBufferFull", Time since last: 71101 ns, Reaching safepoint: 89600 ns, At safepoint: 20500 ns, Total: 110100 ns
[11.437s][info ][safepoint      ] Safepoint "ICBufferFull", Time since last: 44100 ns, Reaching safepoint: 93601 ns, At safepoint: 28500 ns, Total: 122101 ns
[11.437s][info ][safepoint      ] Safepoint "ICBufferFull", Time since last: 40300 ns, Reaching safepoint: 82300 ns, At safepoint: 27200 ns, Total: 109500 ns
[11.438s][info ][safepoint      ] Safepoint "ICBufferFull", Time since last: 35201 ns, Reaching safepoint: 82900 ns, At safepoint: 24500 ns, Total: 107400 ns
[11.438s][info ][safepoint      ] Safepoint "ICBufferFull", Time since last: 730403 ns, Reaching safepoint: 89901 ns, At safepoint: 11500 ns, Total: 101401 ns
[11.439s][info ][safepoint      ] Safepoint "ICBufferFull", Time since last: 703403 ns, Reaching safepoint: 62600 ns, At safepoint: 28000 ns, Total: 90600 ns
[11.439s][info ][safepoint      ] Safepoint "ICBufferFull", Time since last: 44900 ns, Reaching safepoint: 85301 ns, At safepoint: 20400 ns, Total: 105701 ns
[11.440s][info ][safepoint      ] Safepoint "ICBufferFull", Time since last: 55300 ns, Reaching safepoint: 83600 ns, At safepoint: 23200 ns, Total: 106800 ns
[11.440s][info ][safepoint      ] Safepoint "ICBufferFull", Time since last: 82201 ns, Reaching safepoint: 83300 ns, At safepoint: 23200 ns, Total: 106500 ns
[11.440s][info ][safepoint      ] Safepoint "ICBufferFull", Time since last: 34900 ns, Reaching safepoint: 82801 ns, At safepoint: 27700 ns, Total: 110501 ns
[11.441s][info ][safepoint      ] Safepoint "ICBufferFull", Time since last: 744903 ns, Reaching safepoint: 95200 ns, At safepoint: 18200 ns, Total: 113400 ns
[11.441s][info ][safepoint      ] Safepoint "ICBufferFull", Time since last: 56801 ns, Reaching safepoint: 94600 ns, At safepoint: 21900 ns, Total: 116500 ns
[11.441s][info ][safepoint      ] Safepoint "ICBufferFull", Time since last: 35400 ns, Reaching safepoint: 83601 ns, At safepoint: 20600 ns, Total: 104201 ns
[11.441s][info ][safepoint      ] Safepoint "ICBufferFull", Time since last: 71100 ns, Reaching safepoint: 106600 ns, At safepoint: 20201 ns, Total: 126801 ns
[11.441s][info ][safepoint      ] Safepoint "ICBufferFull", Time since last: 40400 ns, Reaching safepoint: 83800 ns, At safepoint: 21200 ns, Total: 105000 ns
[11.442s][info ][safepoint      ] Safepoint "ICBufferFull", Time since last: 67400 ns, Reaching safepoint: 92401 ns, At safepoint: 19200 ns, Total: 111601 ns
[11.442s][info ][safepoint      ] Safepoint "ICBufferFull", Time since last: 730103 ns, Reaching safepoint: 86000 ns, At safepoint: 12800 ns, Total: 98800 ns
[11.443s][info ][safepoint      ] Safepoint "ICBufferFull", Time since last: 58001 ns, Reaching safepoint: 84900 ns, At safepoint: 18100 ns, Total: 103000 ns
[11.443s][info ][safepoint      ] Safepoint "ICBufferFull", Time since last: 40900 ns, Reaching safepoint: 86601 ns, At safepoint: 22100 ns, Total: 108701 ns
[11.443s][info ][safepoint      ] Safepoint "ICBufferFull", Time since last: 39500 ns, Reaching safepoint: 83300 ns, At safepoint: 23900 ns, Total: 107200 ns
[11.443s][info ][safepoint      ] Safepoint "ICBufferFull", Time since last: 103101 ns, Reaching safepoint: 85100 ns, At safepoint: 26500 ns, Total: 111600 ns
[11.443s][info ][safepoint      ] Safepoint "ICBufferFull", Time since last: 31500 ns, Reaching safepoint: 84501 ns, At safepoint: 22900 ns, Total: 107401 ns
[11.444s][info ][safepoint      ] Safepoint "ICBufferFull", Time since last: 714303 ns, Reaching safepoint: 94600 ns, At safepoint: 9800 ns, Total: 104400 ns
[11.444s][info ][safepoint      ] Safepoint "ICBufferFull", Time since last: 54901 ns, Reaching safepoint: 82500 ns, At safepoint: 20900 ns, Total: 103400 ns
[11.444s][info ][safepoint      ] Safepoint "ICBufferFull", Time since last: 35700 ns, Reaching safepoint: 82001 ns, At safepoint: 21900 ns, Total: 103901 ns
[11.445s][info ][safepoint      ] Safepoint "ICBufferFull", Time since last: 741403 ns, Reaching safepoint: 104800 ns, At safepoint: 18200 ns, Total: 123000 ns
[11.445s][info ][safepoint      ] Safepoint "ICBufferFull", Time since last: 170201 ns, Reaching safepoint: 95200 ns, At safepoint: 20401 ns, Total: 115601 ns
[11.446s][info ][safepoint      ] Safepoint "ICBufferFull", Time since last: 76300 ns, Reaching safepoint: 87500 ns, At safepoint: 21900 ns, Total: 109400 ns
[11.446s][info ][safepoint      ] Safepoint "ICBufferFull", Time since last: 63301 ns, Reaching safepoint: 88200 ns, At safepoint: 22400 ns, Total: 110600 ns
[11.447s][info ][safepoint      ] Safepoint "ICBufferFull", Time since last: 682303 ns, Reaching safepoint: 97200 ns, At safepoint: 9300 ns, Total: 106500 ns
[11.447s][info ][safepoint      ] Safepoint "ICBufferFull", Time since last: 63801 ns, Reaching safepoint: 80400 ns, At safepoint: 23900 ns, Total: 104300 ns
[11.447s][info ][safepoint      ] Safepoint "ICBufferFull", Time since last: 30800 ns, Reaching safepoint: 84701 ns, At safepoint: 21100 ns, Total: 105801 ns
[11.447s][info ][safepoint      ] Safepoint "ICBufferFull", Time since last: 59800 ns, Reaching safepoint: 88200 ns, At safepoint: 25801 ns, Total: 114001 ns
[11.447s][info ][safepoint      ] Safepoint "ICBufferFull", Time since last: 37100 ns, Reaching safepoint: 96200 ns, At safepoint: 21300 ns, Total: 117500 ns
[11.447s][info ][safepoint      ] Safepoint "ICBufferFull", Time since last: 49500 ns, Reaching safepoint: 81901 ns, At safepoint: 20600 ns, Total: 102501 ns
[11.448s][info ][safepoint      ] Safepoint "ICBufferFull", Time since last: 700603 ns, Reaching safepoint: 97600 ns, At safepoint: 15900 ns, Total: 113500 ns
[11.448s][info ][safepoint      ] Safepoint "ICBufferFull", Time since last: 73001 ns, Reaching safepoint: 80600 ns, At safepoint: 17700 ns, Total: 98300 ns
[11.449s][info ][safepoint      ] Safepoint "ICBufferFull", Time since last: 46600 ns, Reaching safepoint: 87701 ns, At safepoint: 20000 ns, Total: 107701 ns
[11.449s][info ][safepoint      ] Safepoint "ICBufferFull", Time since last: 40300 ns, Reaching safepoint: 96600 ns, At safepoint: 20000 ns, Total: 116600 ns
[11.449s][info ][safepoint      ] Safepoint "ICBufferFull", Time since last: 48501 ns, Reaching safepoint: 89300 ns, At safepoint: 25900 ns, Total: 115200 ns
[11.452s][info ][safepoint      ] Safepoint "ICBufferFull", Time since last: 2601011 ns, Reaching safepoint: 91701 ns, At safepoint: 28200 ns, Total: 119901 ns
[11.452s][info ][safepoint      ] Safepoint "ICBufferFull", Time since last: 86100 ns, Reaching safepoint: 90200 ns, At safepoint: 29601 ns, Total: 119801 ns
[11.452s][info ][safepoint      ] Safepoint "ICBufferFull", Time since last: 141500 ns, Reaching safepoint: 87900 ns, At safepoint: 28001 ns, Total: 115901 ns
[11.452s][info ][safepoint      ] Safepoint "ICBufferFull", Time since last: 40200 ns, Reaching safepoint: 88300 ns, At safepoint: 27300 ns, Total: 115600 ns
[11.452s][info ][safepoint      ] Safepoint "ICBufferFull", Time since last: 64601 ns, Reaching safepoint: 97400 ns, At safepoint: 20400 ns, Total: 117800 ns
[11.453s][info ][safepoint      ] Safepoint "ICBufferFull", Time since last: 56300 ns, Reaching safepoint: 89501 ns, At safepoint: 26000 ns, Total: 115501 ns
[11.454s][info ][safepoint      ] Safepoint "ICBufferFull", Time since last: 869503 ns, Reaching safepoint: 99601 ns, At safepoint: 22100 ns, Total: 121701 ns
[11.454s][info ][safepoint      ] Safepoint "ICBufferFull", Time since last: 83000 ns, Reaching safepoint: 86801 ns, At safepoint: 24100 ns, Total: 110901 ns
[11.454s][info ][safepoint      ] Safepoint "ICBufferFull", Time since last: 124200 ns, Reaching safepoint: 87401 ns, At safepoint: 16200 ns, Total: 103601 ns
[11.455s][info ][safepoint      ] Safepoint "ICBufferFull", Time since last: 592502 ns, Reaching safepoint: 92901 ns, At safepoint: 21800 ns, Total: 114701 ns
[11.455s][info ][safepoint      ] Safepoint "ICBufferFull", Time since last: 88200 ns, Reaching safepoint: 85201 ns, At safepoint: 24000 ns, Total: 109201 ns
[11.455s][info ][safepoint      ] Safepoint "ICBufferFull", Time since last: 47700 ns, Reaching safepoint: 82800 ns, At safepoint: 24400 ns, Total: 107200 ns
[11.456s][info ][safepoint      ] Safepoint "ICBufferFull", Time since last: 772604 ns, Reaching safepoint: 86600 ns, At safepoint: 12500 ns, Total: 99100 ns
[11.456s][info ][safepoint      ] Safepoint "ICBufferFull", Time since last: 62600 ns, Reaching safepoint: 80901 ns, At safepoint: 23600 ns, Total: 104501 ns
[11.456s][info ][safepoint      ] Safepoint "ICBufferFull", Time since last: 32000 ns, Reaching safepoint: 83500 ns, At safepoint: 16500 ns, Total: 100000 ns
[11.456s][info ][safepoint      ] Safepoint "ICBufferFull", Time since last: 48001 ns, Reaching safepoint: 91900 ns, At safepoint: 19900 ns, Total: 111800 ns
[11.456s][info ][safepoint      ] Safepoint "ICBufferFull", Time since last: 46900 ns, Reaching safepoint: 88401 ns, At safepoint: 22200 ns, Total: 110601 ns
[11.457s][info ][safepoint      ] Safepoint "ICBufferFull", Time since last: 26400 ns, Reaching safepoint: 80000 ns, At safepoint: 23800 ns, Total: 103800 ns
[11.457s][info ][safepoint      ] Safepoint "ICBufferFull", Time since last: 705603 ns, Reaching safepoint: 86301 ns, At safepoint: 12000 ns, Total: 98301 ns
[11.458s][info ][safepoint      ] Safepoint "ICBufferFull", Time since last: 58600 ns, Reaching safepoint: 87900 ns, At safepoint: 18400 ns, Total: 106300 ns
[11.458s][info ][safepoint      ] Safepoint "ICBufferFull", Time since last: 31900 ns, Reaching safepoint: 83301 ns, At safepoint: 18000 ns, Total: 101301 ns
[11.458s][info ][safepoint      ] Safepoint "ICBufferFull", Time since last: 46500 ns, Reaching safepoint: 81900 ns, At safepoint: 29401 ns, Total: 111301 ns
[11.458s][info ][safepoint      ] Safepoint "ICBufferFull", Time since last: 25200 ns, Reaching safepoint: 89200 ns, At safepoint: 24700 ns, Total: 113900 ns
[11.458s][info ][safepoint      ] Safepoint "ICBufferFull", Time since last: 31100 ns, Reaching safepoint: 83601 ns, At safepoint: 28400 ns, Total: 112001 ns
[11.459s][info ][safepoint      ] Safepoint "ICBufferFull", Time since last: 767703 ns, Reaching safepoint: 94900 ns, At safepoint: 15601 ns, Total: 110501 ns
[11.459s][info ][safepoint      ] Safepoint "ICBufferFull", Time since last: 104300 ns, Reaching safepoint: 83800 ns, At safepoint: 24000 ns, Total: 107800 ns
[11.459s][info ][safepoint      ] Safepoint "ICBufferFull", Time since last: 61001 ns, Reaching safepoint: 84600 ns, At safepoint: 23800 ns, Total: 108400 ns
[11.460s][info ][safepoint      ] Safepoint "ICBufferFull", Time since last: 722303 ns, Reaching safepoint: 83601 ns, At safepoint: 10900 ns, Total: 94501 ns
[11.460s][info ][safepoint      ] Safepoint "ICBufferFull", Time since last: 66100 ns, Reaching safepoint: 82700 ns, At safepoint: 14300 ns, Total: 97000 ns
[11.461s][info ][safepoint      ] Safepoint "ICBufferFull", Time since last: 59001 ns, Reaching safepoint: 83400 ns, At safepoint: 21100 ns, Total: 104500 ns
[11.461s][info ][safepoint      ] Safepoint "ICBufferFull", Time since last: 47900 ns, Reaching safepoint: 83501 ns, At safepoint: 23400 ns, Total: 106901 ns
[11.461s][info ][safepoint      ] Safepoint "ICBufferFull", Time since last: 77500 ns, Reaching safepoint: 88700 ns, At safepoint: 24101 ns, Total: 112801 ns
[11.461s][info ][safepoint      ] Safepoint "ICBufferFull", Time since last: 64500 ns, Reaching safepoint: 85800 ns, At safepoint: 29900 ns, Total: 115700 ns
[11.462s][info ][safepoint      ] Safepoint "ICBufferFull", Time since last: 759104 ns, Reaching safepoint: 87300 ns, At safepoint: 17600 ns, Total: 104900 ns
[11.462s][info ][safepoint      ] Safepoint "ICBufferFull", Time since last: 70000 ns, Reaching safepoint: 83301 ns, At safepoint: 17200 ns, Total: 100501 ns
[11.462s][info ][safepoint      ] Safepoint "ICBufferFull", Time since last: 85400 ns, Reaching safepoint: 90000 ns, At safepoint: 21701 ns, Total: 111701 ns
[11.462s][info ][safepoint      ] Safepoint "ICBufferFull", Time since last: 44700 ns, Reaching safepoint: 84900 ns, At safepoint: 20300 ns, Total: 105200 ns
[11.465s][info ][safepoint      ] Safepoint "ICBufferFull", Time since last: 2736112 ns, Reaching safepoint: 99900 ns, At safepoint: 27200 ns, Total: 127100 ns
[11.467s][info ][safepoint      ] Safepoint "ICBufferFull", Time since last: 1067105 ns, Reaching safepoint: 96500 ns, At safepoint: 21800 ns, Total: 118300 ns
[11.467s][info ][safepoint      ] Safepoint "ICBufferFull", Time since last: 709103 ns, Reaching safepoint: 93001 ns, At safepoint: 17700 ns, Total: 110701 ns
[11.468s][info ][safepoint      ] Safepoint "ICBufferFull", Time since last: 40700 ns, Reaching safepoint: 86400 ns, At safepoint: 22301 ns, Total: 108701 ns
[11.469s][info ][safepoint      ] Safepoint "ICBufferFull", Time since last: 1748707 ns, Reaching safepoint: 102500 ns, At safepoint: 24401 ns, Total: 126901 ns
[11.470s][info ][safepoint      ] Safepoint "ICBufferFull", Time since last: 87000 ns, Reaching safepoint: 87800 ns, At safepoint: 17200 ns, Total: 105000 ns
[11.470s][info ][safepoint      ] Safepoint "ICBufferFull", Time since last: 642003 ns, Reaching safepoint: 99701 ns, At safepoint: 19000 ns, Total: 118701 ns
[11.471s][info ][safepoint      ] Safepoint "ICBufferFull", Time since last: 134700 ns, Reaching safepoint: 93601 ns, At safepoint: 18400 ns, Total: 112001 ns
[11.471s][info ][safepoint      ] Safepoint "ICBufferFull", Time since last: 154400 ns, Reaching safepoint: 97501 ns, At safepoint: 21300 ns, Total: 118801 ns
[11.472s][info ][safepoint      ] Safepoint "ICBufferFull", Time since last: 703903 ns, Reaching safepoint: 90600 ns, At safepoint: 15400 ns, Total: 106000 ns
[11.472s][info ][safepoint      ] Safepoint "ICBufferFull", Time since last: 272301 ns, Reaching safepoint: 93401 ns, At safepoint: 25300 ns, Total: 118701 ns
[11.472s][info ][safepoint      ] Safepoint "ICBufferFull", Time since last: 89800 ns, Reaching safepoint: 90201 ns, At safepoint: 13900 ns, Total: 104101 ns
[11.472s][info ][safepoint      ] Safepoint "ICBufferFull", Time since last: 33900 ns, Reaching safepoint: 82900 ns, At safepoint: 21000 ns, Total: 103900 ns
[11.473s][info ][safepoint      ] Safepoint "ICBufferFull", Time since last: 660803 ns, Reaching safepoint: 92201 ns, At safepoint: 10000 ns, Total: 102201 ns
[11.473s][info ][safepoint      ] Safepoint "ICBufferFull", Time since last: 83400 ns, Reaching safepoint: 81600 ns, At safepoint: 21200 ns, Total: 102800 ns
[11.474s][info ][safepoint      ] Safepoint "ICBufferFull", Time since last: 224301 ns, Reaching safepoint: 93901 ns, At safepoint: 17700 ns, Total: 111601 ns
[11.474s][info ][safepoint      ] Safepoint "ICBufferFull", Time since last: 124600 ns, Reaching safepoint: 83401 ns, At safepoint: 20400 ns, Total: 103801 ns
[11.474s][info ][safepoint      ] Safepoint "ICBufferFull", Time since last: 48000 ns, Reaching safepoint: 83500 ns, At safepoint: 22500 ns, Total: 106000 ns
[11.474s][info ][safepoint      ] Safepoint "ICBufferFull", Time since last: 52601 ns, Reaching safepoint: 85000 ns, At safepoint: 19500 ns, Total: 104500 ns
[11.475s][info ][safepoint      ] Safepoint "ICBufferFull", Time since last: 591403 ns, Reaching safepoint: 90600 ns, At safepoint: 14100 ns, Total: 104700 ns
[11.475s][info ][safepoint      ] Safepoint "ICBufferFull", Time since last: 47700 ns, Reaching safepoint: 83401 ns, At safepoint: 22000 ns, Total: 105401 ns
[11.476s][info ][safepoint      ] Safepoint "ICBufferFull", Time since last: 606402 ns, Reaching safepoint: 83601 ns, At safepoint: 21200 ns, Total: 104801 ns
[11.476s][info ][safepoint      ] Safepoint "ICBufferFull", Time since last: 52300 ns, Reaching safepoint: 39200 ns, At safepoint: 22800 ns, Total: 62000 ns
[11.476s][info ][safepoint      ] Safepoint "ICBufferFull", Time since last: 57700 ns, Reaching safepoint: 92101 ns, At safepoint: 23300 ns, Total: 115401 ns
[11.476s][info ][safepoint      ] Safepoint "ICBufferFull", Time since last: 81300 ns, Reaching safepoint: 94001 ns, At safepoint: 19000 ns, Total: 113001 ns
[11.476s][info ][safepoint      ] Safepoint "ICBufferFull", Time since last: 134000 ns, Reaching safepoint: 94301 ns, At safepoint: 20800 ns, Total: 115101 ns
[11.477s][info ][safepoint      ] Safepoint "ICBufferFull", Time since last: 92900 ns, Reaching safepoint: 94401 ns, At safepoint: 21900 ns, Total: 116301 ns
[11.477s][info ][safepoint      ] Safepoint "ICBufferFull", Time since last: 672103 ns, Reaching safepoint: 99000 ns, At safepoint: 18700 ns, Total: 117700 ns
[11.478s][info ][safepoint      ] Safepoint "ICBufferFull", Time since last: 58200 ns, Reaching safepoint: 91701 ns, At safepoint: 18900 ns, Total: 110601 ns
[11.478s][info ][safepoint      ] Safepoint "ICBufferFull", Time since last: 63400 ns, Reaching safepoint: 95401 ns, At safepoint: 20500 ns, Total: 115901 ns
[11.478s][info ][safepoint      ] Safepoint "ICBufferFull", Time since last: 32100 ns, Reaching safepoint: 83400 ns, At safepoint: 19200 ns, Total: 102600 ns
[11.478s][info ][safepoint      ] Safepoint "ICBufferFull", Time since last: 60800 ns, Reaching safepoint: 85101 ns, At safepoint: 19600 ns, Total: 104701 ns
[11.479s][info ][safepoint      ] Safepoint "ICBufferFull", Time since last: 654003 ns, Reaching safepoint: 86600 ns, At safepoint: 16400 ns, Total: 103000 ns
[11.479s][info ][safepoint      ] Safepoint "ICBufferFull", Time since last: 68600 ns, Reaching safepoint: 84801 ns, At safepoint: 14200 ns, Total: 99001 ns
[11.481s][info ][safepoint      ] Safepoint "ICBufferFull", Time since last: 2194109 ns, Reaching safepoint: 85901 ns, At safepoint: 15700 ns, Total: 101601 ns
[11.482s][info ][safepoint      ] Safepoint "ICBufferFull", Time since last: 63300 ns, Reaching safepoint: 86900 ns, At safepoint: 27000 ns, Total: 113900 ns
[11.483s][info ][safepoint      ] Safepoint "ICBufferFull", Time since last: 1070105 ns, Reaching safepoint: 84500 ns, At safepoint: 28800 ns, Total: 113300 ns
[11.483s][info ][safepoint      ] Safepoint "ICBufferFull", Time since last: 59701 ns, Reaching safepoint: 82900 ns, At safepoint: 24000 ns, Total: 106900 ns
[11.483s][info ][safepoint      ] Safepoint "ICBufferFull", Time since last: 47300 ns, Reaching safepoint: 86201 ns, At safepoint: 28300 ns, Total: 114501 ns
[11.483s][info ][safepoint      ] Safepoint "ICBufferFull", Time since last: 38300 ns, Reaching safepoint: 83200 ns, At safepoint: 22500 ns, Total: 105700 ns
[11.483s][info ][safepoint      ] Safepoint "ICBufferFull", Time since last: 35501 ns, Reaching safepoint: 84500 ns, At safepoint: 23100 ns, Total: 107600 ns
[11.484s][info ][safepoint      ] Safepoint "ICBufferFull", Time since last: 662203 ns, Reaching safepoint: 85000 ns, At safepoint: 22100 ns, Total: 107100 ns
[11.484s][info ][safepoint      ] Safepoint "ICBufferFull", Time since last: 70501 ns, Reaching safepoint: 83900 ns, At safepoint: 27600 ns, Total: 111500 ns
[11.485s][info ][safepoint      ] Safepoint "ICBufferFull", Time since last: 101501 ns, Reaching safepoint: 89800 ns, At safepoint: 18200 ns, Total: 108000 ns
[11.485s][info ][safepoint      ] Safepoint "ICBufferFull", Time since last: 90800 ns, Reaching safepoint: 85001 ns, At safepoint: 16300 ns, Total: 101301 ns
[11.485s][info ][safepoint      ] Safepoint "ICBufferFull", Time since last: 70100 ns, Reaching safepoint: 89900 ns, At safepoint: 22201 ns, Total: 112101 ns
[11.486s][info ][safepoint      ] Safepoint "ICBufferFull", Time since last: 968504 ns, Reaching safepoint: 90800 ns, At safepoint: 11600 ns, Total: 102400 ns
[11.486s][info ][safepoint      ] Safepoint "ICBufferFull", Time since last: 55400 ns, Reaching safepoint: 92701 ns, At safepoint: 21500 ns, Total: 114201 ns
[11.486s][info ][safepoint      ] Safepoint "ICBufferFull", Time since last: 41300 ns, Reaching safepoint: 86500 ns, At safepoint: 22001 ns, Total: 108501 ns
[11.486s][info ][safepoint      ] Safepoint "ICBufferFull", Time since last: 77400 ns, Reaching safepoint: 99600 ns, At safepoint: 19400 ns, Total: 119000 ns
[11.487s][info ][safepoint      ] Safepoint "ICBufferFull", Time since last: 49301 ns, Reaching safepoint: 88300 ns, At safepoint: 21700 ns, Total: 110000 ns
[11.487s][info ][safepoint      ] Safepoint "ICBufferFull", Time since last: 725203 ns, Reaching safepoint: 97901 ns, At safepoint: 19500 ns, Total: 117401 ns
[11.488s][info ][safepoint      ] Safepoint "ICBufferFull", Time since last: 70300 ns, Reaching safepoint: 83300 ns, At safepoint: 20900 ns, Total: 104200 ns
[11.488s][info ][safepoint      ] Safepoint "ICBufferFull", Time since last: 30800 ns, Reaching safepoint: 83101 ns, At safepoint: 22300 ns, Total: 105401 ns
[11.489s][info ][safepoint      ] Safepoint "ICBufferFull", Time since last: 738903 ns, Reaching safepoint: 89200 ns, At safepoint: 19701 ns, Total: 108901 ns
[11.489s][info ][safepoint      ] Safepoint "ICBufferFull", Time since last: 54600 ns, Reaching safepoint: 80700 ns, At safepoint: 25200 ns, Total: 105900 ns
[11.489s][info ][safepoint      ] Safepoint "ICBufferFull", Time since last: 67801 ns, Reaching safepoint: 89100 ns, At safepoint: 20400 ns, Total: 109500 ns
[11.489s][info ][safepoint      ] Safepoint "ICBufferFull", Time since last: 52000 ns, Reaching safepoint: 82601 ns, At safepoint: 27400 ns, Total: 110001 ns
[11.490s][info ][safepoint      ] Safepoint "ICBufferFull", Time since last: 1125504 ns, Reaching safepoint: 86801 ns, At safepoint: 21500 ns, Total: 108301 ns
[11.491s][info ][safepoint      ] Safepoint "ICBufferFull", Time since last: 59000 ns, Reaching safepoint: 85401 ns, At safepoint: 28000 ns, Total: 113401 ns
[11.491s][info ][safepoint      ] Safepoint "ICBufferFull", Time since last: 672503 ns, Reaching safepoint: 84400 ns, At safepoint: 25900 ns, Total: 110300 ns
[11.491s][info ][safepoint      ] Safepoint "ICBufferFull", Time since last: 58300 ns, Reaching safepoint: 83801 ns, At safepoint: 17200 ns, Total: 101001 ns
[11.492s][info ][safepoint      ] Safepoint "ICBufferFull", Time since last: 86000 ns, Reaching safepoint: 106301 ns, At safepoint: 14000 ns, Total: 120301 ns
[11.492s][info ][safepoint      ] Safepoint "ICBufferFull", Time since last: 82900 ns, Reaching safepoint: 88400 ns, At safepoint: 21100 ns, Total: 109500 ns
[11.492s][info ][safepoint      ] Safepoint "ICBufferFull", Time since last: 39401 ns, Reaching safepoint: 70600 ns, At safepoint: 23800 ns, Total: 94400 ns
[11.493s][info ][safepoint      ] Safepoint "ICBufferFull", Time since last: 675003 ns, Reaching safepoint: 99800 ns, At safepoint: 10200 ns, Total: 110000 ns
[11.493s][info ][safepoint      ] Safepoint "ICBufferFull", Time since last: 68501 ns, Reaching safepoint: 86400 ns, At safepoint: 11600 ns, Total: 98000 ns
[11.493s][info ][safepoint      ] Safepoint "ICBufferFull", Time since last: 41700 ns, Reaching safepoint: 86301 ns, At safepoint: 21100 ns, Total: 107401 ns
[11.493s][info ][safepoint      ] Safepoint "ICBufferFull", Time since last: 46500 ns, Reaching safepoint: 86300 ns, At safepoint: 25500 ns, Total: 111800 ns
[11.493s][info ][safepoint      ] Safepoint "ICBufferFull", Time since last: 97501 ns, Reaching safepoint: 103400 ns, At safepoint: 27000 ns, Total: 130400 ns
[11.494s][info ][safepoint      ] Safepoint "ICBufferFull", Time since last: 38200 ns, Reaching safepoint: 93901 ns, At safepoint: 21300 ns, Total: 115201 ns
[11.494s][info ][safepoint      ] Safepoint "ICBufferFull", Time since last: 697903 ns, Reaching safepoint: 99800 ns, At safepoint: 15000 ns, Total: 114800 ns
[11.495s][info ][safepoint      ] Safepoint "ICBufferFull", Time since last: 43301 ns, Reaching safepoint: 90200 ns, At safepoint: 20100 ns, Total: 110300 ns
[11.495s][info ][safepoint      ] Safepoint "ICBufferFull", Time since last: 65700 ns, Reaching safepoint: 85801 ns, At safepoint: 18700 ns, Total: 104501 ns
[11.495s][info ][safepoint      ] Safepoint "ICBufferFull", Time since last: 30500 ns, Reaching safepoint: 94600 ns, At safepoint: 22200 ns, Total: 116800 ns
[11.496s][info ][safepoint      ] Safepoint "ICBufferFull", Time since last: 708303 ns, Reaching safepoint: 91801 ns, At safepoint: 12600 ns, Total: 104401 ns
[11.496s][info ][safepoint      ] Safepoint "ICBufferFull", Time since last: 48500 ns, Reaching safepoint: 81800 ns, At safepoint: 23701 ns, Total: 105501 ns
[11.496s][info ][safepoint      ] Safepoint "ICBufferFull", Time since last: 35800 ns, Reaching safepoint: 80800 ns, At safepoint: 20900 ns, Total: 101700 ns
[11.496s][info ][safepoint      ] Safepoint "ICBufferFull", Time since last: 158901 ns, Reaching safepoint: 62200 ns, At safepoint: 21400 ns, Total: 83600 ns
[11.496s][info ][safepoint      ] Safepoint "ICBufferFull", Time since last: 48300 ns, Reaching safepoint: 85501 ns, At safepoint: 20900 ns, Total: 106401 ns
[11.497s][info ][safepoint      ] Safepoint "ICBufferFull", Time since last: 59000 ns, Reaching safepoint: 85300 ns, At safepoint: 27101 ns, Total: 112401 ns
[11.498s][info ][safepoint      ] Safepoint "ICBufferFull", Time since last: 814803 ns, Reaching safepoint: 86100 ns, At safepoint: 24000 ns, Total: 110100 ns
[11.498s][info ][safepoint      ] Safepoint "ICBufferFull", Time since last: 68201 ns, Reaching safepoint: 84200 ns, At safepoint: 28500 ns, Total: 112700 ns
[11.498s][info ][safepoint      ] Safepoint "ICBufferFull", Time since last: 56500 ns, Reaching safepoint: 84201 ns, At safepoint: 26000 ns, Total: 110201 ns
[11.498s][info ][safepoint      ] Safepoint "ICBufferFull", Time since last: 53100 ns, Reaching safepoint: 84501 ns, At safepoint: 25500 ns, Total: 110001 ns
[11.498s][info ][safepoint      ] Safepoint "ICBufferFull", Time since last: 62900 ns, Reaching safepoint: 83300 ns, At safepoint: 22100 ns, Total: 105400 ns
[11.498s][info ][safepoint      ] Safepoint "ICBufferFull", Time since last: 58601 ns, Reaching safepoint: 91300 ns, At safepoint: 22800 ns, Total: 114100 ns
[11.499s][info ][safepoint      ] Safepoint "ICBufferFull", Time since last: 687003 ns, Reaching safepoint: 87000 ns, At safepoint: 19400 ns, Total: 106400 ns
[11.500s][info ][safepoint      ] Safepoint "ICBufferFull", Time since last: 356402 ns, Reaching safepoint: 91700 ns, At safepoint: 28501 ns, Total: 120201 ns
[11.500s][info ][safepoint      ] Safepoint "ICBufferFull", Time since last: 33600 ns, Reaching safepoint: 83200 ns, At safepoint: 23900 ns, Total: 107100 ns
[11.500s][info ][safepoint      ] Safepoint "ICBufferFull", Time since last: 42400 ns, Reaching safepoint: 93001 ns, At safepoint: 20100 ns, Total: 113101 ns
[11.501s][info ][safepoint      ] Safepoint "ICBufferFull", Time since last: 695103 ns, Reaching safepoint: 98100 ns, At safepoint: 15000 ns, Total: 113100 ns
[11.501s][info ][safepoint      ] Safepoint "ICBufferFull", Time since last: 46800 ns, Reaching safepoint: 84401 ns, At safepoint: 21100 ns, Total: 105501 ns
[11.501s][info ][safepoint      ] Safepoint "ICBufferFull", Time since last: 71000 ns, Reaching safepoint: 83201 ns, At safepoint: 12500 ns, Total: 95701 ns
[11.501s][info ][safepoint      ] Safepoint "ICBufferFull", Time since last: 59300 ns, Reaching safepoint: 86100 ns, At safepoint: 25200 ns, Total: 111300 ns
[11.502s][info ][safepoint      ] Safepoint "ICBufferFull", Time since last: 690403 ns, Reaching safepoint: 50000 ns, At safepoint: 11101 ns, Total: 61101 ns
[11.502s][info ][safepoint      ] Safepoint "ICBufferFull", Time since last: 37600 ns, Reaching safepoint: 86100 ns, At safepoint: 16000 ns, Total: 102100 ns
[11.502s][info ][safepoint      ] Safepoint "ICBufferFull", Time since last: 44700 ns, Reaching safepoint: 85401 ns, At safepoint: 19400 ns, Total: 104801 ns
[11.502s][info ][safepoint      ] Safepoint "ICBufferFull", Time since last: 50300 ns, Reaching safepoint: 87400 ns, At safepoint: 20000 ns, Total: 107400 ns
[11.503s][info ][safepoint      ] Safepoint "ICBufferFull", Time since last: 41801 ns, Reaching safepoint: 81300 ns, At safepoint: 24000 ns, Total: 105300 ns
[11.503s][info ][safepoint      ] Safepoint "ICBufferFull", Time since last: 75900 ns, Reaching safepoint: 84501 ns, At safepoint: 26300 ns, Total: 110801 ns
[11.504s][info ][safepoint      ] Safepoint "ICBufferFull", Time since last: 688603 ns, Reaching safepoint: 91400 ns, At safepoint: 15000 ns, Total: 106400 ns
[11.504s][info ][safepoint      ] Safepoint "ICBufferFull", Time since last: 54300 ns, Reaching safepoint: 80301 ns, At safepoint: 16500 ns, Total: 96801 ns
[11.504s][info ][safepoint      ] Safepoint "ICBufferFull", Time since last: 40800 ns, Reaching safepoint: 80400 ns, At safepoint: 17100 ns, Total: 97500 ns
[11.504s][info ][safepoint      ] Safepoint "ICBufferFull", Time since last: 38501 ns, Reaching safepoint: 79900 ns, At safepoint: 19200 ns, Total: 99100 ns
[11.504s][info ][safepoint      ] Safepoint "ICBufferFull", Time since last: 268501 ns, Reaching safepoint: 91101 ns, At safepoint: 19700 ns, Total: 110801 ns
[11.505s][info ][safepoint      ] Safepoint "ICBufferFull", Time since last: 34400 ns, Reaching safepoint: 94500 ns, At safepoint: 19200 ns, Total: 113700 ns
[11.505s][info ][safepoint      ] Safepoint "ICBufferFull", Time since last: 769004 ns, Reaching safepoint: 49700 ns, At safepoint: 9900 ns, Total: 59600 ns
[11.506s][info ][safepoint      ] Safepoint "ICBufferFull", Time since last: 58600 ns, Reaching safepoint: 86400 ns, At safepoint: 19601 ns, Total: 106001 ns
[11.506s][info ][safepoint      ] Safepoint "ICBufferFull", Time since last: 35900 ns, Reaching safepoint: 101200 ns, At safepoint: 19400 ns, Total: 120600 ns
[11.506s][info ][safepoint      ] Safepoint "ICBufferFull", Time since last: 69600 ns, Reaching safepoint: 87301 ns, At safepoint: 18700 ns, Total: 106001 ns
[11.506s][info ][safepoint      ] Safepoint "ICBufferFull", Time since last: 96800 ns, Reaching safepoint: 89801 ns, At safepoint: 22400 ns, Total: 112201 ns
[11.507s][info ][safepoint      ] Safepoint "ICBufferFull", Time since last: 703503 ns, Reaching safepoint: 93900 ns, At safepoint: 11400 ns, Total: 105300 ns
[11.507s][info ][safepoint      ] Safepoint "ICBufferFull", Time since last: 49800 ns, Reaching safepoint: 86201 ns, At safepoint: 23400 ns, Total: 109601 ns
[11.507s][info ][safepoint      ] Safepoint "ICBufferFull", Time since last: 46500 ns, Reaching safepoint: 90001 ns, At safepoint: 20600 ns, Total: 110601 ns
[11.507s][info ][safepoint      ] Safepoint "ICBufferFull", Time since last: 45600 ns, Reaching safepoint: 87900 ns, At safepoint: 22100 ns, Total: 110000 ns
[11.507s][info ][safepoint      ] Safepoint "ICBufferFull", Time since last: 34400 ns, Reaching safepoint: 88301 ns, At safepoint: 20100 ns, Total: 108401 ns
[11.508s][info ][safepoint      ] Safepoint "ICBufferFull", Time since last: 32800 ns, Reaching safepoint: 87700 ns, At safepoint: 22601 ns, Total: 110301 ns
[11.508s][info ][safepoint      ] Safepoint "ICBufferFull", Time since last: 764203 ns, Reaching safepoint: 89900 ns, At safepoint: 15600 ns, Total: 105500 ns
[11.509s][info ][safepoint      ] Safepoint "ICBufferFull", Time since last: 65600 ns, Reaching safepoint: 85001 ns, At safepoint: 19900 ns, Total: 104901 ns
[11.513s][info ][safepoint      ] Safepoint "ICBufferFull", Time since last: 4561319 ns, Reaching safepoint: 65201 ns, At safepoint: 23700 ns, Total: 88901 ns
[11.514s][info ][safepoint      ] Safepoint "ICBufferFull", Time since last: 67400 ns, Reaching safepoint: 101500 ns, At safepoint: 21801 ns, Total: 123301 ns
[11.514s][info ][safepoint      ] Safepoint "ICBufferFull", Time since last: 108300 ns, Reaching safepoint: 88200 ns, At safepoint: 23401 ns, Total: 111601 ns
[11.514s][info ][safepoint      ] Safepoint "ICBufferFull", Time since last: 113200 ns, Reaching safepoint: 87100 ns, At safepoint: 22600 ns, Total: 109700 ns
[11.514s][info ][safepoint      ] Safepoint "ICBufferFull", Time since last: 45801 ns, Reaching safepoint: 88200 ns, At safepoint: 22700 ns, Total: 110900 ns
[11.515s][info ][safepoint      ] Safepoint "ICBufferFull", Time since last: 683503 ns, Reaching safepoint: 296201 ns, At safepoint: 19400 ns, Total: 315601 ns
[11.515s][info ][safepoint      ] Safepoint "ICBufferFull", Time since last: 45701 ns, Reaching safepoint: 83100 ns, At safepoint: 19000 ns, Total: 102100 ns
[11.515s][info ][safepoint      ] Safepoint "ICBufferFull", Time since last: 45000 ns, Reaching safepoint: 83701 ns, At safepoint: 20700 ns, Total: 104401 ns
[11.516s][info ][safepoint      ] Safepoint "ICBufferFull", Time since last: 26700 ns, Reaching safepoint: 84000 ns, At safepoint: 18000 ns, Total: 102000 ns
[11.517s][info ][safepoint      ] Safepoint "ICBufferFull", Time since last: 1715508 ns, Reaching safepoint: 101800 ns, At safepoint: 15700 ns, Total: 117500 ns
[11.518s][info ][safepoint      ] Safepoint "ICBufferFull", Time since last: 41800 ns, Reaching safepoint: 98501 ns, At safepoint: 14600 ns, Total: 113101 ns
[11.518s][info ][safepoint      ] Safepoint "ICBufferFull", Time since last: 38000 ns, Reaching safepoint: 88500 ns, At safepoint: 14900 ns, Total: 103400 ns
[11.518s][info ][safepoint      ] Safepoint "ICBufferFull", Time since last: 190501 ns, Reaching safepoint: 101501 ns, At safepoint: 19600 ns, Total: 121101 ns
[11.518s][info ][safepoint      ] Safepoint "ICBufferFull", Time since last: 42500 ns, Reaching safepoint: 86800 ns, At safepoint: 19600 ns, Total: 106400 ns
[11.519s][info ][safepoint      ] Safepoint "ICBufferFull", Time since last: 740003 ns, Reaching safepoint: 103901 ns, At safepoint: 12300 ns, Total: 116201 ns
[11.520s][info ][safepoint      ] Safepoint "ICBufferFull", Time since last: 985604 ns, Reaching safepoint: 98501 ns, At safepoint: 11900 ns, Total: 110401 ns
[11.520s][info ][safepoint      ] Safepoint "ICBufferFull", Time since last: 52200 ns, Reaching safepoint: 87200 ns, At safepoint: 17900 ns, Total: 105100 ns
[11.520s][info ][safepoint      ] Safepoint "ICBufferFull", Time since last: 148901 ns, Reaching safepoint: 90100 ns, At safepoint: 19700 ns, Total: 109800 ns
[11.521s][info ][safepoint      ] Safepoint "ICBufferFull", Time since last: 49301 ns, Reaching safepoint: 89700 ns, At safepoint: 20800 ns, Total: 110500 ns
[11.521s][info ][safepoint      ] Safepoint "ICBufferFull", Time since last: 39000 ns, Reaching safepoint: 92301 ns, At safepoint: 21800 ns, Total: 114101 ns
[11.521s][info ][safepoint      ] Safepoint "ICBufferFull", Time since last: 134200 ns, Reaching safepoint: 88401 ns, At safepoint: 22400 ns, Total: 110801 ns
[11.522s][info ][safepoint      ] Safepoint "ICBufferFull", Time since last: 693203 ns, Reaching safepoint: 99900 ns, At safepoint: 7600 ns, Total: 107500 ns
[11.522s][info ][safepoint      ] Safepoint "ICBufferFull", Time since last: 49300 ns, Reaching safepoint: 81301 ns, At safepoint: 18300 ns, Total: 99601 ns
[11.523s][info ][safepoint      ] Safepoint "ICBufferFull", Time since last: 963104 ns, Reaching safepoint: 99800 ns, At safepoint: 19900 ns, Total: 119700 ns
[11.523s][info ][safepoint      ] Safepoint "ICBufferFull", Time since last: 32901 ns, Reaching safepoint: 81600 ns, At safepoint: 25800 ns, Total: 107400 ns
[11.523s][info ][safepoint      ] Safepoint "ICBufferFull", Time since last: 42000 ns, Reaching safepoint: 78900 ns, At safepoint: 17201 ns, Total: 96101 ns
[11.523s][info ][safepoint      ] Safepoint "ICBufferFull", Time since last: 29500 ns, Reaching safepoint: 78700 ns, At safepoint: 19400 ns, Total: 98100 ns
[11.524s][info ][safepoint      ] Safepoint "ICBufferFull", Time since last: 140801 ns, Reaching safepoint: 92200 ns, At safepoint: 23400 ns, Total: 115600 ns
[11.525s][info ][safepoint      ] Safepoint "ICBufferFull", Time since last: 728103 ns, Reaching safepoint: 89501 ns, At safepoint: 18400 ns, Total: 107901 ns
[11.525s][info ][safepoint      ] Safepoint "ICBufferFull", Time since last: 681803 ns, Reaching safepoint: 89700 ns, At safepoint: 12700 ns, Total: 102400 ns
[11.526s][info ][safepoint      ] Safepoint "ICBufferFull", Time since last: 54100 ns, Reaching safepoint: 88601 ns, At safepoint: 16900 ns, Total: 105501 ns
[11.526s][info ][safepoint      ] Safepoint "ICBufferFull", Time since last: 44300 ns, Reaching safepoint: 87100 ns, At safepoint: 18800 ns, Total: 105900 ns
[11.526s][info ][safepoint      ] Safepoint "ICBufferFull", Time since last: 18500 ns, Reaching safepoint: 89601 ns, At safepoint: 22300 ns, Total: 111901 ns
[11.526s][info ][safepoint      ] Safepoint "ICBufferFull", Time since last: 51200 ns, Reaching safepoint: 89401 ns, At safepoint: 20700 ns, Total: 110101 ns
[11.527s][info ][safepoint      ] Safepoint "ICBufferFull", Time since last: 674403 ns, Reaching safepoint: 99200 ns, At safepoint: 15800 ns, Total: 115000 ns
[11.528s][info ][safepoint      ] Safepoint "ICBufferFull", Time since last: 931004 ns, Reaching safepoint: 102000 ns, At safepoint: 31001 ns, Total: 133001 ns
[11.528s][info ][safepoint      ] Safepoint "ICBufferFull", Time since last: 62200 ns, Reaching safepoint: 88700 ns, At safepoint: 16200 ns, Total: 104900 ns
[11.528s][info ][safepoint      ] Safepoint "ICBufferFull", Time since last: 36000 ns, Reaching safepoint: 111301 ns, At safepoint: 20000 ns, Total: 131301 ns
[11.529s][info ][safepoint      ] Safepoint "ICBufferFull", Time since last: 115300 ns, Reaching safepoint: 991205 ns, At safepoint: 17700 ns, Total: 1008905 ns
[11.530s][info ][safepoint      ] Safepoint "ICBufferFull", Time since last: 698603 ns, Reaching safepoint: 99900 ns, At safepoint: 10900 ns, Total: 110800 ns
[11.532s][info ][safepoint      ] Safepoint "ICBufferFull", Time since last: 2009209 ns, Reaching safepoint: 98300 ns, At safepoint: 6600 ns, Total: 104900 ns
[11.532s][info ][safepoint      ] Safepoint "ICBufferFull", Time since last: 59800 ns, Reaching safepoint: 81901 ns, At safepoint: 21600 ns, Total: 103501 ns
[11.533s][info ][safepoint      ] Safepoint "ICBufferFull", Time since last: 49500 ns, Reaching safepoint: 84900 ns, At safepoint: 19001 ns, Total: 103901 ns
[11.533s][info ][safepoint      ] Safepoint "ICBufferFull", Time since last: 70300 ns, Reaching safepoint: 82600 ns, At safepoint: 23600 ns, Total: 106200 ns
[11.533s][info ][safepoint      ] Safepoint "ICBufferFull", Time since last: 36600 ns, Reaching safepoint: 81901 ns, At safepoint: 28100 ns, Total: 110001 ns
[11.537s][info ][safepoint      ] Safepoint "ICBufferFull", Time since last: 4388819 ns, Reaching safepoint: 87100 ns, At safepoint: 21700 ns, Total: 108800 ns
[11.538s][info ][safepoint      ] Safepoint "ICBufferFull", Time since last: 65500 ns, Reaching safepoint: 83601 ns, At safepoint: 19500 ns, Total: 103101 ns
[11.538s][info ][safepoint      ] Safepoint "ICBufferFull", Time since last: 72500 ns, Reaching safepoint: 89801 ns, At safepoint: 26300 ns, Total: 116101 ns
[11.538s][info ][safepoint      ] Safepoint "ICBufferFull", Time since last: 57800 ns, Reaching safepoint: 87700 ns, At safepoint: 24800 ns, Total: 112500 ns
[11.538s][info ][safepoint      ] Safepoint "ICBufferFull", Time since last: 51901 ns, Reaching safepoint: 88200 ns, At safepoint: 20500 ns, Total: 108700 ns
[11.538s][info ][safepoint      ] Safepoint "ICBufferFull", Time since last: 41400 ns, Reaching safepoint: 90301 ns, At safepoint: 20900 ns, Total: 111201 ns
[11.539s][info ][safepoint      ] Safepoint "ICBufferFull", Time since last: 739403 ns, Reaching safepoint: 86600 ns, At safepoint: 13500 ns, Total: 100100 ns
[11.539s][info ][safepoint      ] Safepoint "ICBufferFull", Time since last: 61001 ns, Reaching safepoint: 83100 ns, At safepoint: 26100 ns, Total: 109200 ns
[11.539s][info ][safepoint      ] Safepoint "ICBufferFull", Time since last: 54800 ns, Reaching safepoint: 82601 ns, At safepoint: 17400 ns, Total: 100001 ns
[11.539s][info ][safepoint      ] Safepoint "ICBufferFull", Time since last: 53600 ns, Reaching safepoint: 51700 ns, At safepoint: 15500 ns, Total: 67200 ns
[11.540s][info ][safepoint      ] Safepoint "ICBufferFull", Time since last: 48100 ns, Reaching safepoint: 86901 ns, At safepoint: 26100 ns, Total: 113001 ns
[11.540s][info ][safepoint      ] Safepoint "ICBufferFull", Time since last: 61000 ns, Reaching safepoint: 90101 ns, At safepoint: 20600 ns, Total: 110701 ns
[11.541s][info ][safepoint      ] Safepoint "ICBufferFull", Time since last: 705303 ns, Reaching safepoint: 84900 ns, At safepoint: 11500 ns, Total: 96400 ns
[11.541s][info ][safepoint      ] Safepoint "ICBufferFull", Time since last: 56000 ns, Reaching safepoint: 66001 ns, At safepoint: 25900 ns, Total: 91901 ns
[11.541s][info ][safepoint      ] Safepoint "ICBufferFull", Time since last: 57300 ns, Reaching safepoint: 90200 ns, At safepoint: 19100 ns, Total: 109300 ns
[11.541s][info ][safepoint      ] Safepoint "ICBufferFull", Time since last: 45601 ns, Reaching safepoint: 83300 ns, At safepoint: 17900 ns, Total: 101200 ns
[11.541s][info ][safepoint      ] Safepoint "ICBufferFull", Time since last: 102500 ns, Reaching safepoint: 42001 ns, At safepoint: 22700 ns, Total: 64701 ns
[11.541s][info ][safepoint      ] Safepoint "ICBufferFull", Time since last: 45500 ns, Reaching safepoint: 86000 ns, At safepoint: 19900 ns, Total: 105900 ns
[11.542s][info ][safepoint      ] Safepoint "ICBufferFull", Time since last: 720903 ns, Reaching safepoint: 86201 ns, At safepoint: 14700 ns, Total: 100901 ns
[11.542s][info ][safepoint      ] Safepoint "ICBufferFull", Time since last: 54500 ns, Reaching safepoint: 91400 ns, At safepoint: 19501 ns, Total: 110901 ns
[11.543s][info ][safepoint      ] Safepoint "ICBufferFull", Time since last: 45100 ns, Reaching safepoint: 83300 ns, At safepoint: 17000 ns, Total: 100300 ns
[11.543s][info ][safepoint      ] Safepoint "ICBufferFull", Time since last: 67000 ns, Reaching safepoint: 87001 ns, At safepoint: 23600 ns, Total: 110601 ns
[11.543s][info ][safepoint      ] Safepoint "ICBufferFull", Time since last: 55300 ns, Reaching safepoint: 85201 ns, At safepoint: 22800 ns, Total: 108001 ns
[11.544s][info ][safepoint      ] Safepoint "ICBufferFull", Time since last: 728703 ns, Reaching safepoint: 78000 ns, At safepoint: 13100 ns, Total: 91100 ns
[11.544s][info ][safepoint      ] Safepoint "ICBufferFull", Time since last: 49800 ns, Reaching safepoint: 88901 ns, At safepoint: 20600 ns, Total: 109501 ns
[11.544s][info ][safepoint      ] Safepoint "ICBufferFull", Time since last: 41200 ns, Reaching safepoint: 84000 ns, At safepoint: 20700 ns, Total: 104700 ns
[11.544s][info ][safepoint      ] Safepoint "ICBufferFull", Time since last: 64801 ns, Reaching safepoint: 85200 ns, At safepoint: 18600 ns, Total: 103800 ns
[11.544s][info ][safepoint      ] Safepoint "ICBufferFull", Time since last: 54800 ns, Reaching safepoint: 91001 ns, At safepoint: 16600 ns, Total: 107601 ns
[11.545s][info ][safepoint      ] Safepoint "ICBufferFull", Time since last: 680903 ns, Reaching safepoint: 87500 ns, At safepoint: 15700 ns, Total: 103200 ns
[11.545s][info ][safepoint      ] Safepoint "ICBufferFull", Time since last: 137201 ns, Reaching safepoint: 87400 ns, At safepoint: 18400 ns, Total: 105800 ns
[11.549s][info ][safepoint      ] Safepoint "ICBufferFull", Time since last: 3898817 ns, Reaching safepoint: 98400 ns, At safepoint: 21400 ns, Total: 119800 ns
[11.550s][info ][safepoint      ] Safepoint "ICBufferFull", Time since last: 51501 ns, Reaching safepoint: 91800 ns, At safepoint: 23200 ns, Total: 115000 ns
[11.550s][info ][safepoint      ] Safepoint "ICBufferFull", Time since last: 33600 ns, Reaching safepoint: 91401 ns, At safepoint: 22600 ns, Total: 114001 ns
[11.550s][info ][safepoint      ] Safepoint "ICBufferFull", Time since last: 28800 ns, Reaching safepoint: 92500 ns, At safepoint: 18900 ns, Total: 111400 ns
[11.550s][info ][safepoint      ] Safepoint "ICBufferFull", Time since last: 38000 ns, Reaching safepoint: 86301 ns, At safepoint: 21300 ns, Total: 107601 ns
[11.550s][info ][safepoint      ] Safepoint "ICBufferFull", Time since last: 88100 ns, Reaching safepoint: 86801 ns, At safepoint: 29400 ns, Total: 116201 ns
[11.551s][info ][safepoint      ] Safepoint "ICBufferFull", Time since last: 710903 ns, Reaching safepoint: 99400 ns, At safepoint: 12300 ns, Total: 111700 ns
[11.551s][info ][safepoint      ] Safepoint "ICBufferFull", Time since last: 59501 ns, Reaching safepoint: 91700 ns, At safepoint: 21400 ns, Total: 113100 ns
[11.551s][info ][safepoint      ] Safepoint "ICBufferFull", Time since last: 54300 ns, Reaching safepoint: 86701 ns, At safepoint: 20000 ns, Total: 106701 ns
[11.551s][info ][safepoint      ] Safepoint "ICBufferFull", Time since last: 33900 ns, Reaching safepoint: 93800 ns, At safepoint: 22400 ns, Total: 116200 ns
[11.552s][info ][safepoint      ] Safepoint "ICBufferFull", Time since last: 38100 ns, Reaching safepoint: 87701 ns, At safepoint: 20900 ns, Total: 108601 ns
[11.552s][info ][safepoint      ] Safepoint "ICBufferFull", Time since last: 759103 ns, Reaching safepoint: 92501 ns, At safepoint: 11300 ns, Total: 103801 ns
[11.553s][info ][safepoint      ] Safepoint "ICBufferFull", Time since last: 66100 ns, Reaching safepoint: 82900 ns, At safepoint: 23100 ns, Total: 106000 ns
[11.553s][info ][safepoint      ] Safepoint "ICBufferFull", Time since last: 50501 ns, Reaching safepoint: 82600 ns, At safepoint: 24600 ns, Total: 107200 ns
[11.555s][info ][safepoint      ] Safepoint "ICBufferFull", Time since last: 1600707 ns, Reaching safepoint: 89600 ns, At safepoint: 22900 ns, Total: 112500 ns
[11.555s][info ][safepoint      ] Safepoint "ICBufferFull", Time since last: 61001 ns, Reaching safepoint: 83000 ns, At safepoint: 21200 ns, Total: 104200 ns
[11.555s][info ][safepoint      ] Safepoint "ICBufferFull", Time since last: 57300 ns, Reaching safepoint: 84701 ns, At safepoint: 18200 ns, Total: 102901 ns
[11.555s][info ][safepoint      ] Safepoint "ICBufferFull", Time since last: 67000 ns, Reaching safepoint: 83500 ns, At safepoint: 18400 ns, Total: 101900 ns
[11.555s][info ][safepoint      ] Safepoint "ICBufferFull", Time since last: 57401 ns, Reaching safepoint: 83700 ns, At safepoint: 25600 ns, Total: 109300 ns
[11.556s][info ][safepoint      ] Safepoint "ICBufferFull", Time since last: 760103 ns, Reaching safepoint: 85501 ns, At safepoint: 20500 ns, Total: 106001 ns
[11.556s][info ][safepoint      ] Safepoint "ICBufferFull", Time since last: 48400 ns, Reaching safepoint: 83000 ns, At safepoint: 19500 ns, Total: 102500 ns
[11.556s][info ][safepoint      ] Safepoint "ICBufferFull", Time since last: 108401 ns, Reaching safepoint: 94900 ns, At safepoint: 20900 ns, Total: 115800 ns
[11.557s][info ][safepoint      ] Safepoint "ICBufferFull", Time since last: 795704 ns, Reaching safepoint: 86200 ns, At safepoint: 15400 ns, Total: 101600 ns
[11.557s][info ][safepoint      ] Safepoint "ICBufferFull", Time since last: 64001 ns, Reaching safepoint: 82000 ns, At safepoint: 13600 ns, Total: 95600 ns
[11.558s][info ][safepoint      ] Safepoint "ICBufferFull", Time since last: 75300 ns, Reaching safepoint: 88701 ns, At safepoint: 19500 ns, Total: 108201 ns
[11.558s][info ][safepoint      ] Safepoint "ICBufferFull", Time since last: 53500 ns, Reaching safepoint: 85100 ns, At safepoint: 19500 ns, Total: 104600 ns
[11.558s][info ][safepoint      ] Safepoint "ICBufferFull", Time since last: 38201 ns, Reaching safepoint: 101300 ns, At safepoint: 23900 ns, Total: 125200 ns
[11.558s][info ][safepoint      ] Safepoint "ICBufferFull", Time since last: 38100 ns, Reaching safepoint: 83901 ns, At safepoint: 19200 ns, Total: 103101 ns
[11.559s][info ][safepoint      ] Safepoint "ICBufferFull", Time since last: 690503 ns, Reaching safepoint: 85100 ns, At safepoint: 17600 ns, Total: 102700 ns
[11.559s][info ][safepoint      ] Safepoint "ICBufferFull", Time since last: 56800 ns, Reaching safepoint: 83501 ns, At safepoint: 20000 ns, Total: 103501 ns
[11.559s][info ][safepoint      ] Safepoint "ICBufferFull", Time since last: 60100 ns, Reaching safepoint: 83500 ns, At safepoint: 21100 ns, Total: 104600 ns
[11.559s][info ][safepoint      ] Safepoint "ICBufferFull", Time since last: 35501 ns, Reaching safepoint: 79700 ns, At safepoint: 20700 ns, Total: 100400 ns
[11.560s][info ][safepoint      ] Safepoint "ICBufferFull", Time since last: 27500 ns, Reaching safepoint: 85901 ns, At safepoint: 21000 ns, Total: 106901 ns
[11.560s][info ][safepoint      ] Safepoint "ICBufferFull", Time since last: 782403 ns, Reaching safepoint: 86300 ns, At safepoint: 11500 ns, Total: 97800 ns
[11.561s][info ][safepoint      ] Safepoint "ICBufferFull", Time since last: 345702 ns, Reaching safepoint: 85300 ns, At safepoint: 21500 ns, Total: 106800 ns
[11.561s][info ][safepoint      ] Safepoint "ICBufferFull", Time since last: 43700 ns, Reaching safepoint: 84401 ns, At safepoint: 24000 ns, Total: 108401 ns
[11.561s][info ][safepoint      ] Safepoint "ICBufferFull", Time since last: 153101 ns, Reaching safepoint: 57100 ns, At safepoint: 17100 ns, Total: 74200 ns
[11.561s][info ][safepoint      ] Safepoint "ICBufferFull", Time since last: 60600 ns, Reaching safepoint: 53400 ns, At safepoint: 21400 ns, Total: 74800 ns
[11.561s][info ][safepoint      ] Safepoint "ICBufferFull", Time since last: 31701 ns, Reaching safepoint: 86100 ns, At safepoint: 20200 ns, Total: 106300 ns
[11.562s][info ][safepoint      ] Safepoint "ICBufferFull", Time since last: 700703 ns, Reaching safepoint: 86300 ns, At safepoint: 21001 ns, Total: 107301 ns
[11.562s][info ][safepoint      ] Safepoint "ICBufferFull", Time since last: 84800 ns, Reaching safepoint: 86800 ns, At safepoint: 20100 ns, Total: 106900 ns
[11.563s][info ][safepoint      ] Safepoint "ICBufferFull", Time since last: 51701 ns, Reaching safepoint: 83700 ns, At safepoint: 18600 ns, Total: 102300 ns
[11.563s][info ][safepoint      ] Safepoint "ICBufferFull", Time since last: 43400 ns, Reaching safepoint: 84601 ns, At safepoint: 19400 ns, Total: 104001 ns
[11.563s][info ][safepoint      ] Safepoint "ICBufferFull", Time since last: 20000 ns, Reaching safepoint: 84900 ns, At safepoint: 19700 ns, Total: 104600 ns
[11.564s][info ][safepoint      ] Safepoint "ICBufferFull", Time since last: 691503 ns, Reaching safepoint: 92600 ns, At safepoint: 9101 ns, Total: 101701 ns
[11.564s][info ][safepoint      ] Safepoint "ICBufferFull", Time since last: 41500 ns, Reaching safepoint: 89000 ns, At safepoint: 21800 ns, Total: 110800 ns
[11.569s][info ][safepoint      ] Safepoint "ICBufferFull", Time since last: 5368123 ns, Reaching safepoint: 89600 ns, At safepoint: 19601 ns, Total: 109201 ns
[11.570s][info ][safepoint      ] Safepoint "ICBufferFull", Time since last: 60500 ns, Reaching safepoint: 89100 ns, At safepoint: 13300 ns, Total: 102400 ns
[11.577s][info ][safepoint      ] Safepoint "ICBufferFull", Time since last: 7736033 ns, Reaching safepoint: 113101 ns, At safepoint: 17500 ns, Total: 130601 ns
[11.578s][info ][safepoint      ] Safepoint "ICBufferFull", Time since last: 66900 ns, Reaching safepoint: 85300 ns, At safepoint: 20200 ns, Total: 105500 ns
[11.578s][info ][safepoint      ] Safepoint "ICBufferFull", Time since last: 58401 ns, Reaching safepoint: 86500 ns, At safepoint: 24100 ns, Total: 110600 ns
[11.578s][info ][safepoint      ] Safepoint "ICBufferFull", Time since last: 370802 ns, Reaching safepoint: 102000 ns, At safepoint: 22900 ns, Total: 124900 ns
[11.579s][info ][safepoint      ] Safepoint "ICBufferFull", Time since last: 122001 ns, Reaching safepoint: 168901 ns, At safepoint: 15300 ns, Total: 184201 ns
[11.579s][info ][safepoint      ] Safepoint "ICBufferFull", Time since last: 125000 ns, Reaching safepoint: 134601 ns, At safepoint: 35900 ns, Total: 170501 ns
[11.579s][info ][safepoint      ] Safepoint "ICBufferFull", Time since last: 231701 ns, Reaching safepoint: 112500 ns, At safepoint: 24600 ns, Total: 137100 ns
[11.580s][info ][safepoint      ] Safepoint "ICBufferFull", Time since last: 818304 ns, Reaching safepoint: 95500 ns, At safepoint: 9200 ns, Total: 104700 ns
[11.580s][info ][safepoint      ] Safepoint "ICBufferFull", Time since last: 55601 ns, Reaching safepoint: 82600 ns, At safepoint: 23800 ns, Total: 106400 ns
[11.581s][info ][safepoint      ] Safepoint "ICBufferFull", Time since last: 1026504 ns, Reaching safepoint: 84301 ns, At safepoint: 18200 ns, Total: 102501 ns
[11.582s][info ][safepoint      ] Safepoint "ICBufferFull", Time since last: 51300 ns, Reaching safepoint: 83000 ns, At safepoint: 17501 ns, Total: 100501 ns
[11.582s][info ][safepoint      ] Safepoint "ICBufferFull", Time since last: 36200 ns, Reaching safepoint: 87100 ns, At safepoint: 22000 ns, Total: 109100 ns
[11.582s][info ][safepoint      ] Safepoint "ICBufferFull", Time since last: 42200 ns, Reaching safepoint: 85701 ns, At safepoint: 23000 ns, Total: 108701 ns
[11.582s][info ][safepoint      ] Safepoint "ICBufferFull", Time since last: 55100 ns, Reaching safepoint: 86300 ns, At safepoint: 23600 ns, Total: 109900 ns
[11.583s][info ][safepoint      ] Safepoint "ICBufferFull", Time since last: 775304 ns, Reaching safepoint: 235701 ns, At safepoint: 19800 ns, Total: 255501 ns
[11.584s][info ][safepoint      ] Safepoint "ICBufferFull", Time since last: 422702 ns, Reaching safepoint: 83100 ns, At safepoint: 27000 ns, Total: 110100 ns
[11.584s][info ][safepoint      ] Safepoint "ICBufferFull", Time since last: 107801 ns, Reaching safepoint: 101800 ns, At safepoint: 13300 ns, Total: 115100 ns
[11.584s][info ][safepoint      ] Safepoint "ICBufferFull", Time since last: 63400 ns, Reaching safepoint: 89801 ns, At safepoint: 24300 ns, Total: 114101 ns
[11.584s][info ][safepoint      ] Safepoint "ICBufferFull", Time since last: 62300 ns, Reaching safepoint: 85800 ns, At safepoint: 21801 ns, Total: 107601 ns
[11.584s][info ][safepoint      ] Safepoint "ICBufferFull", Time since last: 63400 ns, Reaching safepoint: 85900 ns, At safepoint: 20900 ns, Total: 106800 ns
[11.585s][info ][safepoint      ] Safepoint "ICBufferFull", Time since last: 734203 ns, Reaching safepoint: 67101 ns, At safepoint: 17300 ns, Total: 84401 ns
[11.587s][info ][safepoint      ] Safepoint "ICBufferFull", Time since last: 1303005 ns, Reaching safepoint: 80701 ns, At safepoint: 14700 ns, Total: 95401 ns
[11.587s][info ][safepoint      ] Safepoint "ICBufferFull", Time since last: 54500 ns, Reaching safepoint: 81900 ns, At safepoint: 17500 ns, Total: 99400 ns
[11.587s][info ][safepoint      ] Safepoint "ICBufferFull", Time since last: 43901 ns, Reaching safepoint: 89900 ns, At safepoint: 15800 ns, Total: 105700 ns
[11.587s][info ][safepoint      ] Safepoint "ICBufferFull", Time since last: 41800 ns, Reaching safepoint: 90801 ns, At safepoint: 15000 ns, Total: 105801 ns
[11.587s][info ][safepoint      ] Safepoint "ICBufferFull", Time since last: 37500 ns, Reaching safepoint: 85800 ns, At safepoint: 18100 ns, Total: 103900 ns
[11.587s][info ][safepoint      ] Safepoint "ICBufferFull", Time since last: 68701 ns, Reaching safepoint: 84000 ns, At safepoint: 23100 ns, Total: 107100 ns
[11.588s][info ][safepoint      ] Safepoint "ICBufferFull", Time since last: 620103 ns, Reaching safepoint: 85300 ns, At safepoint: 12000 ns, Total: 97300 ns
[11.588s][info ][safepoint      ] Safepoint "ICBufferFull", Time since last: 50600 ns, Reaching safepoint: 83301 ns, At safepoint: 19300 ns, Total: 102601 ns
[11.588s][info ][safepoint      ] Safepoint "ICBufferFull", Time since last: 48000 ns, Reaching safepoint: 88200 ns, At safepoint: 24400 ns, Total: 112600 ns
[11.589s][info ][safepoint      ] Safepoint "ICBufferFull", Time since last: 128301 ns, Reaching safepoint: 87300 ns, At safepoint: 21900 ns, Total: 109200 ns
[11.589s][info ][safepoint      ] Safepoint "ICBufferFull", Time since last: 709403 ns, Reaching safepoint: 86601 ns, At safepoint: 10100 ns, Total: 96701 ns
[11.590s][info ][safepoint      ] Safepoint "ICBufferFull", Time since last: 612902 ns, Reaching safepoint: 88401 ns, At safepoint: 24800 ns, Total: 113201 ns
[11.590s][info ][safepoint      ] Safepoint "ICBufferFull", Time since last: 47300 ns, Reaching safepoint: 84501 ns, At safepoint: 26600 ns, Total: 111101 ns
[11.590s][info ][safepoint      ] Safepoint "ICBufferFull", Time since last: 46800 ns, Reaching safepoint: 84700 ns, At safepoint: 22700 ns, Total: 107400 ns
[11.597s][info ][safepoint      ] Safepoint "ICBufferFull", Time since last: 6829329 ns, Reaching safepoint: 111301 ns, At safepoint: 31000 ns, Total: 142301 ns
[11.598s][info ][safepoint      ] Safepoint "ICBufferFull", Time since last: 63600 ns, Reaching safepoint: 85301 ns, At safepoint: 26600 ns, Total: 111901 ns
[11.598s][info ][safepoint      ] Safepoint "ICBufferFull", Time since last: 70700 ns, Reaching safepoint: 97200 ns, At safepoint: 27201 ns, Total: 124401 ns
[11.598s][info ][safepoint      ] Safepoint "ICBufferFull", Time since last: 530902 ns, Reaching safepoint: 98000 ns, At safepoint: 24100 ns, Total: 122100 ns
[11.599s][info ][safepoint      ] Safepoint "ICBufferFull", Time since last: 89801 ns, Reaching safepoint: 81000 ns, At safepoint: 23600 ns, Total: 104600 ns
[11.599s][info ][safepoint      ] Safepoint "ICBufferFull", Time since last: 61600 ns, Reaching safepoint: 82001 ns, At safepoint: 25500 ns, Total: 107501 ns
[11.600s][info ][safepoint      ] Safepoint "ICBufferFull", Time since last: 721303 ns, Reaching safepoint: 93200 ns, At safepoint: 21000 ns, Total: 114200 ns
[11.600s][info ][safepoint      ] Safepoint "ICBufferFull", Time since last: 47901 ns, Reaching safepoint: 86400 ns, At safepoint: 18700 ns, Total: 105100 ns
[11.600s][info ][safepoint      ] Safepoint "ICBufferFull", Time since last: 46500 ns, Reaching safepoint: 100601 ns, At safepoint: 18200 ns, Total: 118801 ns
[11.600s][info ][safepoint      ] Safepoint "ICBufferFull", Time since last: 29300 ns, Reaching safepoint: 84400 ns, At safepoint: 16000 ns, Total: 100400 ns
[11.600s][info ][safepoint      ] Safepoint "ICBufferFull", Time since last: 41301 ns, Reaching safepoint: 94100 ns, At safepoint: 22400 ns, Total: 116500 ns
[11.601s][info ][safepoint      ] Safepoint "ICBufferFull", Time since last: 700603 ns, Reaching safepoint: 71900 ns, At safepoint: 15500 ns, Total: 87400 ns
[11.602s][info ][safepoint      ] Safepoint "ICBufferFull", Time since last: 1352306 ns, Reaching safepoint: 93401 ns, At safepoint: 23600 ns, Total: 117001 ns
[11.603s][info ][safepoint      ] Safepoint "ICBufferFull", Time since last: 90300 ns, Reaching safepoint: 87200 ns, At safepoint: 23901 ns, Total: 111101 ns
[11.603s][info ][safepoint      ] Safepoint "ICBufferFull", Time since last: 93900 ns, Reaching safepoint: 92600 ns, At safepoint: 23800 ns, Total: 116400 ns
[11.603s][info ][safepoint      ] Safepoint "ICBufferFull", Time since last: 40001 ns, Reaching safepoint: 84300 ns, At safepoint: 27500 ns, Total: 111800 ns
[11.603s][info ][safepoint      ] Safepoint "ICBufferFull", Time since last: 42600 ns, Reaching safepoint: 90201 ns, At safepoint: 21100 ns, Total: 111301 ns
[11.606s][info ][safepoint      ] Safepoint "ICBufferFull", Time since last: 805503 ns, Reaching safepoint: 2094609 ns, At safepoint: 16300 ns, Total: 2110909 ns
[11.606s][info ][safepoint      ] Safepoint "ICBufferFull", Time since last: 58900 ns, Reaching safepoint: 82801 ns, At safepoint: 23000 ns, Total: 105801 ns
[11.606s][info ][safepoint      ] Safepoint "ICBufferFull", Time since last: 47700 ns, Reaching safepoint: 83900 ns, At safepoint: 22800 ns, Total: 106700 ns
[11.607s][info ][safepoint      ] Safepoint "ICBufferFull", Time since last: 61301 ns, Reaching safepoint: 85300 ns, At safepoint: 27100 ns, Total: 112400 ns
[11.607s][info ][safepoint      ] Safepoint "ICBufferFull", Time since last: 33300 ns, Reaching safepoint: 81501 ns, At safepoint: 26400 ns, Total: 107901 ns
[11.608s][info ][safepoint      ] Safepoint "ICBufferFull", Time since last: 1389606 ns, Reaching safepoint: 91400 ns, At safepoint: 7500 ns, Total: 98900 ns
[11.608s][info ][safepoint      ] Safepoint "ICBufferFull", Time since last: 53600 ns, Reaching safepoint: 92801 ns, At safepoint: 24100 ns, Total: 116901 ns
[11.609s][info ][safepoint      ] Safepoint "ICBufferFull", Time since last: 38400 ns, Reaching safepoint: 85100 ns, At safepoint: 14300 ns, Total: 99400 ns
[11.609s][info ][safepoint      ] Safepoint "ICBufferFull", Time since last: 110301 ns, Reaching safepoint: 83600 ns, At safepoint: 21600 ns, Total: 105200 ns
[11.609s][info ][safepoint      ] Safepoint "ICBufferFull", Time since last: 46801 ns, Reaching safepoint: 88300 ns, At safepoint: 18900 ns, Total: 107200 ns
[11.609s][info ][safepoint      ] Safepoint "ICBufferFull", Time since last: 57900 ns, Reaching safepoint: 90201 ns, At safepoint: 18500 ns, Total: 108701 ns
[11.610s][info ][safepoint      ] Safepoint "ICBufferFull", Time since last: 721003 ns, Reaching safepoint: 86600 ns, At safepoint: 15500 ns, Total: 102100 ns
[11.610s][info ][safepoint      ] Safepoint "ICBufferFull", Time since last: 58701 ns, Reaching safepoint: 88200 ns, At safepoint: 22000 ns, Total: 110200 ns
[11.610s][info ][safepoint      ] Safepoint "ICBufferFull", Time since last: 48200 ns, Reaching safepoint: 83701 ns, At safepoint: 19800 ns, Total: 103501 ns
[11.610s][info ][safepoint      ] Safepoint "ICBufferFull", Time since last: 69100 ns, Reaching safepoint: 84700 ns, At safepoint: 23100 ns, Total: 107800 ns
[11.611s][info ][safepoint      ] Safepoint "ICBufferFull", Time since last: 39901 ns, Reaching safepoint: 83400 ns, At safepoint: 23000 ns, Total: 106400 ns
[11.611s][info ][safepoint      ] Safepoint "ICBufferFull", Time since last: 40300 ns, Reaching safepoint: 86001 ns, At safepoint: 25700 ns, Total: 111701 ns
[11.612s][info ][safepoint      ] Safepoint "ICBufferFull", Time since last: 751303 ns, Reaching safepoint: 98900 ns, At safepoint: 9500 ns, Total: 108400 ns
[11.612s][info ][safepoint      ] Safepoint "ICBufferFull", Time since last: 47601 ns, Reaching safepoint: 89900 ns, At safepoint: 22900 ns, Total: 112800 ns
[11.612s][info ][safepoint      ] Safepoint "ICBufferFull", Time since last: 159701 ns, Reaching safepoint: 93400 ns, At safepoint: 14200 ns, Total: 107600 ns
[11.612s][info ][safepoint      ] Safepoint "ICBufferFull", Time since last: 59600 ns, Reaching safepoint: 88501 ns, At safepoint: 22100 ns, Total: 110601 ns
[11.612s][info ][safepoint      ] Safepoint "ICBufferFull", Time since last: 66400 ns, Reaching safepoint: 86301 ns, At safepoint: 19400 ns, Total: 105701 ns
[11.612s][info ][safepoint      ] Safepoint "ICBufferFull", Time since last: 30600 ns, Reaching safepoint: 86800 ns, At safepoint: 16600 ns, Total: 103400 ns
[11.613s][info ][safepoint      ] Safepoint "ICBufferFull", Time since last: 667603 ns, Reaching safepoint: 94300 ns, At safepoint: 16701 ns, Total: 111001 ns
[11.613s][info ][safepoint      ] Safepoint "ICBufferFull", Time since last: 69200 ns, Reaching safepoint: 87300 ns, At safepoint: 18800 ns, Total: 106100 ns
[11.614s][info ][safepoint      ] Safepoint "ICBufferFull", Time since last: 70301 ns, Reaching safepoint: 87000 ns, At safepoint: 18000 ns, Total: 105000 ns
[11.614s][info ][safepoint      ] Safepoint "ICBufferFull", Time since last: 25300 ns, Reaching safepoint: 85900 ns, At safepoint: 18901 ns, Total: 104801 ns
[11.614s][info ][safepoint      ] Safepoint "ICBufferFull", Time since last: 654602 ns, Reaching safepoint: 94301 ns, At safepoint: 9300 ns, Total: 103601 ns
[11.615s][info ][safepoint      ] Safepoint "ICBufferFull", Time since last: 67200 ns, Reaching safepoint: 96500 ns, At safepoint: 18001 ns, Total: 114501 ns
[11.615s][info ][safepoint      ] Safepoint "ICBufferFull", Time since last: 59200 ns, Reaching safepoint: 89000 ns, At safepoint: 12900 ns, Total: 101900 ns
[11.617s][info ][safepoint      ] Safepoint "ICBufferFull", Time since last: 2428011 ns, Reaching safepoint: 103300 ns, At safepoint: 21700 ns, Total: 125000 ns
[11.618s][info ][safepoint      ] Safepoint "ICBufferFull", Time since last: 61000 ns, Reaching safepoint: 96401 ns, At safepoint: 19500 ns, Total: 115901 ns
[11.624s][info ][safepoint      ] Safepoint "ICBufferFull", Time since last: 6628528 ns, Reaching safepoint: 103301 ns, At safepoint: 25100 ns, Total: 128401 ns
[11.624s][info ][safepoint      ] Safepoint "ICBufferFull", Time since last: 75000 ns, Reaching safepoint: 93200 ns, At safepoint: 22300 ns, Total: 115500 ns
[11.625s][info ][safepoint      ] Safepoint "ICBufferFull", Time since last: 50001 ns, Reaching safepoint: 87000 ns, At safepoint: 17900 ns, Total: 104900 ns
[11.625s][info ][safepoint      ] Safepoint "ICBufferFull", Time since last: 61400 ns, Reaching safepoint: 83801 ns, At safepoint: 26500 ns, Total: 110301 ns
[11.625s][info ][safepoint      ] Safepoint "ICBufferFull", Time since last: 104500 ns, Reaching safepoint: 84201 ns, At safepoint: 21700 ns, Total: 105901 ns
[11.625s][info ][safepoint      ] Safepoint "ICBufferFull", Time since last: 319701 ns, Reaching safepoint: 95501 ns, At safepoint: 17100 ns, Total: 112601 ns
[11.626s][info ][safepoint      ] Safepoint "ICBufferFull", Time since last: 751903 ns, Reaching safepoint: 99100 ns, At safepoint: 16400 ns, Total: 115500 ns
[11.627s][info ][safepoint      ] Safepoint "ICBufferFull", Time since last: 155901 ns, Reaching safepoint: 93100 ns, At safepoint: 20500 ns, Total: 113600 ns
[11.627s][info ][safepoint      ] Safepoint "ICBufferFull", Time since last: 137501 ns, Reaching safepoint: 91300 ns, At safepoint: 22201 ns, Total: 113501 ns
[11.627s][info ][safepoint      ] Safepoint "ICBufferFull", Time since last: 46500 ns, Reaching safepoint: 98700 ns, At safepoint: 21300 ns, Total: 120000 ns
[11.628s][info ][safepoint      ] Safepoint "ICBufferFull", Time since last: 743503 ns, Reaching safepoint: 88701 ns, At safepoint: 9500 ns, Total: 98201 ns
[11.628s][info ][safepoint      ] Safepoint "ICBufferFull", Time since last: 55100 ns, Reaching safepoint: 85300 ns, At safepoint: 17801 ns, Total: 103101 ns
[11.628s][info ][safepoint      ] Safepoint "ICBufferFull", Time since last: 55300 ns, Reaching safepoint: 84500 ns, At safepoint: 20200 ns, Total: 104700 ns
[11.628s][info ][safepoint      ] Safepoint "ICBufferFull", Time since last: 39100 ns, Reaching safepoint: 84601 ns, At safepoint: 20600 ns, Total: 105201 ns
[11.628s][info ][safepoint      ] Safepoint "ICBufferFull", Time since last: 52600 ns, Reaching safepoint: 95000 ns, At safepoint: 21001 ns, Total: 116001 ns
[11.629s][info ][safepoint      ] Safepoint "ICBufferFull", Time since last: 33200 ns, Reaching safepoint: 91200 ns, At safepoint: 19900 ns, Total: 111100 ns
[11.630s][info ][safepoint      ] Safepoint "ICBufferFull", Time since last: 781503 ns, Reaching safepoint: 92001 ns, At safepoint: 17300 ns, Total: 109301 ns
[11.630s][info ][safepoint      ] Safepoint "ICBufferFull", Time since last: 52900 ns, Reaching safepoint: 94401 ns, At safepoint: 24100 ns, Total: 118501 ns
[11.630s][info ][safepoint      ] Safepoint "ICBufferFull", Time since last: 60100 ns, Reaching safepoint: 88600 ns, At safepoint: 19900 ns, Total: 108500 ns
[11.630s][info ][safepoint      ] Safepoint "ICBufferFull", Time since last: 82001 ns, Reaching safepoint: 97500 ns, At safepoint: 19300 ns, Total: 116800 ns
[11.630s][info ][safepoint      ] Safepoint "ICBufferFull", Time since last: 51900 ns, Reaching safepoint: 86401 ns, At safepoint: 20600 ns, Total: 107001 ns
[11.630s][info ][safepoint      ] Safepoint "ICBufferFull", Time since last: 53100 ns, Reaching safepoint: 85700 ns, At safepoint: 23001 ns, Total: 108701 ns
[11.631s][info ][safepoint      ] Safepoint "ICBufferFull", Time since last: 751603 ns, Reaching safepoint: 87400 ns, At safepoint: 12400 ns, Total: 99800 ns
[11.633s][info ][safepoint      ] Safepoint "ICBufferFull", Time since last: 1366406 ns, Reaching safepoint: 98600 ns, At safepoint: 21701 ns, Total: 120301 ns
[11.633s][info ][safepoint      ] Safepoint "ICBufferFull", Time since last: 60800 ns, Reaching safepoint: 83100 ns, At safepoint: 22400 ns, Total: 105500 ns
[11.633s][info ][safepoint      ] Safepoint "ICBufferFull", Time since last: 49700 ns, Reaching safepoint: 81301 ns, At safepoint: 28400 ns, Total: 109701 ns
[11.633s][info ][safepoint      ] Safepoint "ICBufferFull", Time since last: 62400 ns, Reaching safepoint: 96601 ns, At safepoint: 20900 ns, Total: 117501 ns
[11.633s][info ][safepoint      ] Safepoint "ICBufferFull", Time since last: 91500 ns, Reaching safepoint: 89700 ns, At safepoint: 15301 ns, Total: 105001 ns
[11.634s][info ][safepoint      ] Safepoint "ICBufferFull", Time since last: 57300 ns, Reaching safepoint: 80200 ns, At safepoint: 24200 ns, Total: 104400 ns
[11.634s][info ][safepoint      ] Safepoint "ICBufferFull", Time since last: 669603 ns, Reaching safepoint: 89900 ns, At safepoint: 15201 ns, Total: 105101 ns
[11.634s][info ][safepoint      ] Safepoint "ICBufferFull", Time since last: 37400 ns, Reaching safepoint: 79800 ns, At safepoint: 26700 ns, Total: 106500 ns
[11.635s][info ][safepoint      ] Safepoint "ICBufferFull", Time since last: 49500 ns, Reaching safepoint: 86701 ns, At safepoint: 15400 ns, Total: 102101 ns
[11.635s][info ][safepoint      ] Safepoint "ICBufferFull", Time since last: 39700 ns, Reaching safepoint: 91800 ns, At safepoint: 24100 ns, Total: 115900 ns
[11.635s][info ][safepoint      ] Safepoint "ICBufferFull", Time since last: 45001 ns, Reaching safepoint: 95700 ns, At safepoint: 18900 ns, Total: 114600 ns
[11.635s][info ][safepoint      ] Safepoint "ICBufferFull", Time since last: 65500 ns, Reaching safepoint: 84401 ns, At safepoint: 24600 ns, Total: 109001 ns
[11.636s][info ][safepoint      ] Safepoint "ICBufferFull", Time since last: 728403 ns, Reaching safepoint: 95900 ns, At safepoint: 8100 ns, Total: 104000 ns
[11.636s][info ][safepoint      ] Safepoint "ICBufferFull", Time since last: 57301 ns, Reaching safepoint: 93700 ns, At safepoint: 17000 ns, Total: 110700 ns
[11.636s][info ][safepoint      ] Safepoint "ICBufferFull", Time since last: 31600 ns, Reaching safepoint: 80601 ns, At safepoint: 12600 ns, Total: 93201 ns
[11.636s][info ][safepoint      ] Safepoint "ICBufferFull", Time since last: 46400 ns, Reaching safepoint: 81200 ns, At safepoint: 18700 ns, Total: 99900 ns
[11.637s][info ][safepoint      ] Safepoint "ICBufferFull", Time since last: 36700 ns, Reaching safepoint: 80601 ns, At safepoint: 18800 ns, Total: 99401 ns
[11.637s][info ][safepoint      ] Safepoint "ICBufferFull", Time since last: 51000 ns, Reaching safepoint: 80900 ns, At safepoint: 22401 ns, Total: 103301 ns
[11.638s][info ][safepoint      ] Safepoint "ICBufferFull", Time since last: 757703 ns, Reaching safepoint: 90500 ns, At safepoint: 9000 ns, Total: 99500 ns
[11.638s][info ][safepoint      ] Safepoint "ICBufferFull", Time since last: 59400 ns, Reaching safepoint: 79201 ns, At safepoint: 17000 ns, Total: 96201 ns
[11.638s][info ][safepoint      ] Safepoint "ICBufferFull", Time since last: 28400 ns, Reaching safepoint: 79400 ns, At safepoint: 16100 ns, Total: 95500 ns
[11.638s][info ][safepoint      ] Safepoint "ICBufferFull", Time since last: 45401 ns, Reaching safepoint: 79900 ns, At safepoint: 22100 ns, Total: 102000 ns
[11.638s][info ][safepoint      ] Safepoint "ICBufferFull", Time since last: 41300 ns, Reaching safepoint: 88601 ns, At safepoint: 23300 ns, Total: 111901 ns
[11.638s][info ][safepoint      ] Safepoint "ICBufferFull", Time since last: 36700 ns, Reaching safepoint: 80600 ns, At safepoint: 19700 ns, Total: 100300 ns
[11.639s][info ][safepoint      ] Safepoint "ICBufferFull", Time since last: 718103 ns, Reaching safepoint: 95601 ns, At safepoint: 15400 ns, Total: 111001 ns
[11.639s][info ][safepoint      ] Safepoint "ICBufferFull", Time since last: 58000 ns, Reaching safepoint: 81100 ns, At safepoint: 21100 ns, Total: 102200 ns
[11.639s][info ][safepoint      ] Safepoint "ICBufferFull", Time since last: 37001 ns, Reaching safepoint: 82600 ns, At safepoint: 20800 ns, Total: 103400 ns
[11.640s][info ][safepoint      ] Safepoint "ICBufferFull", Time since last: 671903 ns, Reaching safepoint: 98500 ns, At safepoint: 8600 ns, Total: 107100 ns
[11.640s][info ][safepoint      ] Safepoint "ICBufferFull", Time since last: 38201 ns, Reaching safepoint: 84300 ns, At safepoint: 20600 ns, Total: 104900 ns
[11.640s][info ][safepoint      ] Safepoint "ICBufferFull", Time since last: 45900 ns, Reaching safepoint: 80601 ns, At safepoint: 19600 ns, Total: 100201 ns
[11.641s][info ][safepoint      ] Safepoint "ICBufferFull", Time since last: 80200 ns, Reaching safepoint: 85000 ns, At safepoint: 21300 ns, Total: 106300 ns
[11.641s][info ][safepoint      ] Safepoint "ICBufferFull", Time since last: 90401 ns, Reaching safepoint: 82700 ns, At safepoint: 16100 ns, Total: 98800 ns
[11.641s][info ][safepoint      ] Safepoint "ICBufferFull", Time since last: 25800 ns, Reaching safepoint: 81301 ns, At safepoint: 20300 ns, Total: 101601 ns
[11.642s][info ][safepoint      ] Safepoint "ICBufferFull", Time since last: 720803 ns, Reaching safepoint: 99900 ns, At safepoint: 19400 ns, Total: 119300 ns
[11.642s][info ][safepoint      ] Safepoint "ICBufferFull", Time since last: 87101 ns, Reaching safepoint: 83900 ns, At safepoint: 18200 ns, Total: 102100 ns
[11.642s][info ][safepoint      ] Safepoint "ICBufferFull", Time since last: 119701 ns, Reaching safepoint: 83200 ns, At safepoint: 22000 ns, Total: 105200 ns
[11.642s][info ][safepoint      ] Safepoint "ICBufferFull", Time since last: 53300 ns, Reaching safepoint: 82101 ns, At safepoint: 20900 ns, Total: 103001 ns
[11.643s][info ][safepoint      ] Safepoint "ICBufferFull", Time since last: 680903 ns, Reaching safepoint: 84200 ns, At safepoint: 15000 ns, Total: 99200 ns
[11.643s][info ][safepoint      ] Safepoint "ICBufferFull", Time since last: 57700 ns, Reaching safepoint: 84201 ns, At safepoint: 23500 ns, Total: 107701 ns
[11.644s][info ][safepoint      ] Safepoint "ICBufferFull", Time since last: 91400 ns, Reaching safepoint: 84801 ns, At safepoint: 19300 ns, Total: 104101 ns
[11.644s][info ][safepoint      ] Safepoint "ICBufferFull", Time since last: 65400 ns, Reaching safepoint: 89800 ns, At safepoint: 22400 ns, Total: 112200 ns
[11.644s][info ][safepoint      ] Safepoint "ICBufferFull", Time since last: 112901 ns, Reaching safepoint: 97600 ns, At safepoint: 16700 ns, Total: 114300 ns
[11.645s][info ][safepoint      ] Safepoint "ICBufferFull", Time since last: 695403 ns, Reaching safepoint: 100301 ns, At safepoint: 10600 ns, Total: 110901 ns
[11.645s][info ][safepoint      ] Safepoint "ICBufferFull", Time since last: 80100 ns, Reaching safepoint: 82100 ns, At safepoint: 20801 ns, Total: 102901 ns
[11.645s][info ][safepoint      ] Safepoint "ICBufferFull", Time since last: 51600 ns, Reaching safepoint: 90100 ns, At safepoint: 14500 ns, Total: 104600 ns
[11.645s][info ][safepoint      ] Safepoint "ICBufferFull", Time since last: 87901 ns, Reaching safepoint: 83300 ns, At safepoint: 14500 ns, Total: 97800 ns
[11.645s][info ][safepoint      ] Safepoint "ICBufferFull", Time since last: 53300 ns, Reaching safepoint: 82401 ns, At safepoint: 14500 ns, Total: 96901 ns
[11.646s][info ][safepoint      ] Safepoint "ICBufferFull", Time since last: 39700 ns, Reaching safepoint: 82000 ns, At safepoint: 23000 ns, Total: 105000 ns
[11.646s][info ][safepoint      ] Safepoint "ICBufferFull", Time since last: 737403 ns, Reaching safepoint: 96301 ns, At safepoint: 9200 ns, Total: 105501 ns
[11.647s][info ][safepoint      ] Safepoint "ICBufferFull", Time since last: 45400 ns, Reaching safepoint: 80900 ns, At safepoint: 19500 ns, Total: 100400 ns
[11.647s][info ][safepoint      ] Safepoint "ICBufferFull", Time since last: 52001 ns, Reaching safepoint: 80400 ns, At safepoint: 21500 ns, Total: 101900 ns
[11.647s][info ][safepoint      ] Safepoint "ICBufferFull", Time since last: 49500 ns, Reaching safepoint: 82401 ns, At safepoint: 17700 ns, Total: 100101 ns
[11.647s][info ][safepoint      ] Safepoint "ICBufferFull", Time since last: 118300 ns, Reaching safepoint: 84301 ns, At safepoint: 17600 ns, Total: 101901 ns
[11.647s][info ][safepoint      ] Safepoint "ICBufferFull", Time since last: 36000 ns, Reaching safepoint: 84700 ns, At safepoint: 19100 ns, Total: 103800 ns
[11.648s][info ][safepoint      ] Safepoint "ICBufferFull", Time since last: 733703 ns, Reaching safepoint: 105701 ns, At safepoint: 13800 ns, Total: 119501 ns
[11.648s][info ][safepoint      ] Safepoint "ICBufferFull", Time since last: 48100 ns, Reaching safepoint: 82901 ns, At safepoint: 20000 ns, Total: 102901 ns
[11.648s][info ][safepoint      ] Safepoint "ICBufferFull", Time since last: 41800 ns, Reaching safepoint: 86300 ns, At safepoint: 18300 ns, Total: 104600 ns
[11.649s][info ][safepoint      ] Safepoint "ICBufferFull", Time since last: 36800 ns, Reaching safepoint: 80701 ns, At safepoint: 22500 ns, Total: 103201 ns
[11.649s][info ][safepoint      ] Safepoint "ICBufferFull", Time since last: 86900 ns, Reaching safepoint: 87101 ns, At safepoint: 23700 ns, Total: 110801 ns
[11.649s][info ][safepoint      ] Safepoint "ICBufferFull", Time since last: 44100 ns, Reaching safepoint: 82000 ns, At safepoint: 23400 ns, Total: 105400 ns
[11.650s][info ][safepoint      ] Safepoint "ICBufferFull", Time since last: 687903 ns, Reaching safepoint: 94001 ns, At safepoint: 16800 ns, Total: 110801 ns
[11.650s][info ][safepoint      ] Safepoint "ICBufferFull", Time since last: 35700 ns, Reaching safepoint: 84700 ns, At safepoint: 21200 ns, Total: 105900 ns
[11.651s][info ][safepoint      ] Safepoint "ICBufferFull", Time since last: 1108105 ns, Reaching safepoint: 90100 ns, At safepoint: 18200 ns, Total: 108300 ns
[11.651s][info ][safepoint      ] Safepoint "ICBufferFull", Time since last: 62601 ns, Reaching safepoint: 78600 ns, At safepoint: 17200 ns, Total: 95800 ns
[11.651s][info ][safepoint      ] Safepoint "ICBufferFull", Time since last: 59300 ns, Reaching safepoint: 81501 ns, At safepoint: 17400 ns, Total: 98901 ns
[11.652s][info ][safepoint      ] Safepoint "ICBufferFull", Time since last: 186601 ns, Reaching safepoint: 44600 ns, At safepoint: 23300 ns, Total: 67900 ns
[11.652s][info ][safepoint      ] Safepoint "ICBufferFull", Time since last: 55200 ns, Reaching safepoint: 85801 ns, At safepoint: 20000 ns, Total: 105801 ns
[11.652s][info ][safepoint      ] Safepoint "ICBufferFull", Time since last: 46800 ns, Reaching safepoint: 86100 ns, At safepoint: 21800 ns, Total: 107900 ns
[11.653s][info ][safepoint      ] Safepoint "ICBufferFull", Time since last: 707903 ns, Reaching safepoint: 95301 ns, At safepoint: 12800 ns, Total: 108101 ns
[11.653s][info ][safepoint      ] Safepoint "ICBufferFull", Time since last: 58700 ns, Reaching safepoint: 88800 ns, At safepoint: 18400 ns, Total: 107200 ns
[11.653s][info ][safepoint      ] Safepoint "ICBufferFull", Time since last: 44401 ns, Reaching safepoint: 88300 ns, At safepoint: 18700 ns, Total: 107000 ns
[11.653s][info ][safepoint      ] Safepoint "ICBufferFull", Time since last: 34800 ns, Reaching safepoint: 80201 ns, At safepoint: 23800 ns, Total: 104001 ns
[11.653s][info ][safepoint      ] Safepoint "ICBufferFull", Time since last: 46100 ns, Reaching safepoint: 94100 ns, At safepoint: 19200 ns, Total: 113300 ns
[11.654s][info ][safepoint      ] Safepoint "ICBufferFull", Time since last: 723403 ns, Reaching safepoint: 85001 ns, At safepoint: 15500 ns, Total: 100501 ns
[11.654s][info ][safepoint      ] Safepoint "ICBufferFull", Time since last: 42000 ns, Reaching safepoint: 83200 ns, At safepoint: 17700 ns, Total: 100900 ns
[11.654s][info ][safepoint      ] Safepoint "ICBufferFull", Time since last: 35301 ns, Reaching safepoint: 85400 ns, At safepoint: 16300 ns, Total: 101700 ns
[11.655s][info ][safepoint      ] Safepoint "ICBufferFull", Time since last: 45500 ns, Reaching safepoint: 83401 ns, At safepoint: 17400 ns, Total: 100801 ns
[11.655s][info ][safepoint      ] Safepoint "ICBufferFull", Time since last: 786403 ns, Reaching safepoint: 94500 ns, At safepoint: 14901 ns, Total: 109401 ns
[11.656s][info ][safepoint      ] Safepoint "ICBufferFull", Time since last: 48900 ns, Reaching safepoint: 83000 ns, At safepoint: 21200 ns, Total: 104200 ns
[11.656s][info ][safepoint      ] Safepoint "ICBufferFull", Time since last: 25200 ns, Reaching safepoint: 225601 ns, At safepoint: 15900 ns, Total: 241501 ns
[11.657s][info ][safepoint      ] Safepoint "ICBufferFull", Time since last: 1478507 ns, Reaching safepoint: 87600 ns, At safepoint: 20100 ns, Total: 107700 ns
[11.658s][info ][safepoint      ] Safepoint "ICBufferFull", Time since last: 80200 ns, Reaching safepoint: 91401 ns, At safepoint: 13400 ns, Total: 104801 ns
[11.658s][info ][safepoint      ] Safepoint "ICBufferFull", Time since last: 52700 ns, Reaching safepoint: 82500 ns, At safepoint: 19001 ns, Total: 101501 ns
[11.658s][info ][safepoint      ] Safepoint "ICBufferFull", Time since last: 40700 ns, Reaching safepoint: 81800 ns, At safepoint: 26000 ns, Total: 107800 ns
[11.658s][info ][safepoint      ] Safepoint "ICBufferFull", Time since last: 60500 ns, Reaching safepoint: 83801 ns, At safepoint: 19900 ns, Total: 103701 ns
[11.658s][info ][safepoint      ] Safepoint "ICBufferFull", Time since last: 49100 ns, Reaching safepoint: 81300 ns, At safepoint: 23201 ns, Total: 104501 ns
[11.659s][info ][safepoint      ] Safepoint "ICBufferFull", Time since last: 730003 ns, Reaching safepoint: 85500 ns, At safepoint: 12000 ns, Total: 97500 ns
[11.659s][info ][safepoint      ] Safepoint "ICBufferFull", Time since last: 51200 ns, Reaching safepoint: 82801 ns, At safepoint: 23000 ns, Total: 105801 ns
[11.659s][info ][safepoint      ] Safepoint "ICBufferFull", Time since last: 22300 ns, Reaching safepoint: 83600 ns, At safepoint: 21400 ns, Total: 105000 ns
[11.660s][info ][safepoint      ] Safepoint "ICBufferFull", Time since last: 34700 ns, Reaching safepoint: 83301 ns, At safepoint: 15800 ns, Total: 99101 ns
[11.660s][info ][safepoint      ] Safepoint "ICBufferFull", Time since last: 54600 ns, Reaching safepoint: 82500 ns, At safepoint: 19200 ns, Total: 101700 ns
[11.661s][info ][safepoint      ] Safepoint "ICBufferFull", Time since last: 732204 ns, Reaching safepoint: 93300 ns, At safepoint: 8900 ns, Total: 102200 ns
[11.661s][info ][safepoint      ] Safepoint "ICBufferFull", Time since last: 60300 ns, Reaching safepoint: 78501 ns, At safepoint: 18900 ns, Total: 97401 ns
[11.661s][info ][safepoint      ] Safepoint "ICBufferFull", Time since last: 539202 ns, Reaching safepoint: 85900 ns, At safepoint: 14200 ns, Total: 100100 ns
[11.661s][info ][safepoint      ] Safepoint "ICBufferFull", Time since last: 70101 ns, Reaching safepoint: 91500 ns, At safepoint: 21300 ns, Total: 112800 ns
[11.662s][info ][safepoint      ] Safepoint "ICBufferFull", Time since last: 70001 ns, Reaching safepoint: 92100 ns, At safepoint: 16200 ns, Total: 108300 ns
[11.662s][info ][safepoint      ] Safepoint "ICBufferFull", Time since last: 88200 ns, Reaching safepoint: 82301 ns, At safepoint: 20600 ns, Total: 102901 ns
[11.666s][info ][safepoint      ] Safepoint "ICBufferFull", Time since last: 735003 ns, Reaching safepoint: 3168213 ns, At safepoint: 24001 ns, Total: 3192214 ns
[11.666s][info ][safepoint      ] Safepoint "ICBufferFull", Time since last: 282901 ns, Reaching safepoint: 103300 ns, At safepoint: 16700 ns, Total: 120000 ns
[11.666s][info ][safepoint      ] Safepoint "ICBufferFull", Time since last: 52100 ns, Reaching safepoint: 84801 ns, At safepoint: 17800 ns, Total: 102601 ns
[11.666s][info ][safepoint      ] Safepoint "ICBufferFull", Time since last: 36700 ns, Reaching safepoint: 84300 ns, At safepoint: 20400 ns, Total: 104700 ns
[11.667s][info ][safepoint      ] Safepoint "ICBufferFull", Time since last: 741604 ns, Reaching safepoint: 98100 ns, At safepoint: 15100 ns, Total: 113200 ns
[11.669s][info ][safepoint      ] Safepoint "ICBufferFull", Time since last: 1192905 ns, Reaching safepoint: 99801 ns, At safepoint: 18800 ns, Total: 118601 ns
[11.669s][info ][safepoint      ] Safepoint "ICBufferFull", Time since last: 243601 ns, Reaching safepoint: 97500 ns, At safepoint: 21400 ns, Total: 118900 ns
[11.670s][info ][safepoint      ] Safepoint "ICBufferFull", Time since last: 812404 ns, Reaching safepoint: 102400 ns, At safepoint: 19200 ns, Total: 121600 ns
[11.671s][info ][safepoint      ] Safepoint "ICBufferFull", Time since last: 449502 ns, Reaching safepoint: 89701 ns, At safepoint: 20600 ns, Total: 110301 ns
[11.671s][info ][safepoint      ] Safepoint "ICBufferFull", Time since last: 694503 ns, Reaching safepoint: 94600 ns, At safepoint: 14200 ns, Total: 108800 ns
[11.673s][info ][safepoint      ] Safepoint "ICBufferFull", Time since last: 1577107 ns, Reaching safepoint: 94700 ns, At safepoint: 14900 ns, Total: 109600 ns
[11.673s][info ][safepoint      ] Safepoint "ICBufferFull", Time since last: 59300 ns, Reaching safepoint: 85901 ns, At safepoint: 31600 ns, Total: 117501 ns
[11.673s][info ][safepoint      ] Safepoint "ICBufferFull", Time since last: 54300 ns, Reaching safepoint: 86101 ns, At safepoint: 16000 ns, Total: 102101 ns
[11.674s][info ][safepoint      ] Safepoint "ICBufferFull", Time since last: 124500 ns, Reaching safepoint: 85801 ns, At safepoint: 17500 ns, Total: 103301 ns
[11.674s][info ][safepoint      ] Safepoint "ICBufferFull", Time since last: 30100 ns, Reaching safepoint: 85700 ns, At safepoint: 16200 ns, Total: 101900 ns
[11.674s][info ][safepoint      ] Safepoint "ICBufferFull", Time since last: 106001 ns, Reaching safepoint: 82100 ns, At safepoint: 17100 ns, Total: 99200 ns
[11.675s][info ][safepoint      ] Safepoint "ICBufferFull", Time since last: 887004 ns, Reaching safepoint: 162001 ns, At safepoint: 14500 ns, Total: 176501 ns
[11.676s][info ][safepoint      ] Safepoint "ICBufferFull", Time since last: 916904 ns, Reaching safepoint: 94000 ns, At safepoint: 24100 ns, Total: 118100 ns
[11.676s][info ][safepoint      ] Safepoint "ICBufferFull", Time since last: 49700 ns, Reaching safepoint: 89101 ns, At safepoint: 23700 ns, Total: 112801 ns
[11.676s][info ][safepoint      ] Safepoint "ICBufferFull", Time since last: 44700 ns, Reaching safepoint: 93700 ns, At safepoint: 19200 ns, Total: 112900 ns
[11.677s][info ][safepoint      ] Safepoint "ICBufferFull", Time since last: 646303 ns, Reaching safepoint: 100501 ns, At safepoint: 19200 ns, Total: 119701 ns
[11.678s][info ][safepoint      ] Safepoint "ICBufferFull", Time since last: 739103 ns, Reaching safepoint: 102300 ns, At safepoint: 13400 ns, Total: 115700 ns
[11.679s][info ][safepoint      ] Safepoint "ICBufferFull", Time since last: 737103 ns, Reaching safepoint: 95901 ns, At safepoint: 18100 ns, Total: 114001 ns
[11.679s][info ][safepoint      ] Safepoint "ICBufferFull", Time since last: 102100 ns, Reaching safepoint: 84601 ns, At safepoint: 18100 ns, Total: 102701 ns
[11.679s][info ][safepoint      ] Safepoint "ICBufferFull", Time since last: 212401 ns, Reaching safepoint: 85600 ns, At safepoint: 12800 ns, Total: 98400 ns
[11.680s][info ][safepoint      ] Safepoint "ICBufferFull", Time since last: 765503 ns, Reaching safepoint: 94701 ns, At safepoint: 15300 ns, Total: 110001 ns
[11.681s][info ][safepoint      ] Safepoint "ICBufferFull", Time since last: 1055304 ns, Reaching safepoint: 87901 ns, At safepoint: 20400 ns, Total: 108301 ns
[11.682s][info ][safepoint      ] Safepoint "ICBufferFull", Time since last: 51300 ns, Reaching safepoint: 83300 ns, At safepoint: 19300 ns, Total: 102600 ns
[11.682s][info ][safepoint      ] Safepoint "ICBufferFull", Time since last: 40901 ns, Reaching safepoint: 90000 ns, At safepoint: 26000 ns, Total: 116000 ns
[11.682s][info ][safepoint      ] Safepoint "ICBufferFull", Time since last: 41500 ns, Reaching safepoint: 83501 ns, At safepoint: 20800 ns, Total: 104301 ns
[11.682s][info ][safepoint      ] Safepoint "ICBufferFull", Time since last: 45400 ns, Reaching safepoint: 84300 ns, At safepoint: 22500 ns, Total: 106800 ns
[11.683s][info ][safepoint      ] Safepoint "ICBufferFull", Time since last: 717503 ns, Reaching safepoint: 97401 ns, At safepoint: 11700 ns, Total: 109101 ns
[11.683s][info ][safepoint      ] Safepoint "ICBufferFull", Time since last: 64000 ns, Reaching safepoint: 84301 ns, At safepoint: 18100 ns, Total: 102401 ns
[11.683s][info ][safepoint      ] Safepoint "ICBufferFull", Time since last: 39800 ns, Reaching safepoint: 89000 ns, At safepoint: 18800 ns, Total: 107800 ns
[11.683s][info ][safepoint      ] Safepoint "ICBufferFull", Time since last: 105301 ns, Reaching safepoint: 84400 ns, At safepoint: 20300 ns, Total: 104700 ns
[11.683s][info ][safepoint      ] Safepoint "ICBufferFull", Time since last: 42600 ns, Reaching safepoint: 85401 ns, At safepoint: 23000 ns, Total: 108401 ns
[11.684s][info ][safepoint      ] Safepoint "ICBufferFull", Time since last: 41400 ns, Reaching safepoint: 84600 ns, At safepoint: 24500 ns, Total: 109100 ns
[11.684s][info ][safepoint      ] Safepoint "ICBufferFull", Time since last: 778304 ns, Reaching safepoint: 87600 ns, At safepoint: 17600 ns, Total: 105200 ns
[11.685s][info ][safepoint      ] Safepoint "ICBufferFull", Time since last: 40400 ns, Reaching safepoint: 95701 ns, At safepoint: 16400 ns, Total: 112101 ns
[11.685s][info ][safepoint      ] Safepoint "ICBufferFull", Time since last: 68900 ns, Reaching safepoint: 92701 ns, At safepoint: 16900 ns, Total: 109601 ns
[11.685s][info ][safepoint      ] Safepoint "ICBufferFull", Time since last: 70400 ns, Reaching safepoint: 90000 ns, At safepoint: 17200 ns, Total: 107200 ns
[11.686s][info ][safepoint      ] Safepoint "ICBufferFull", Time since last: 803204 ns, Reaching safepoint: 99300 ns, At safepoint: 15900 ns, Total: 115200 ns
[11.687s][info ][safepoint      ] Safepoint "ICBufferFull", Time since last: 972604 ns, Reaching safepoint: 92901 ns, At safepoint: 20600 ns, Total: 113501 ns
[11.687s][info ][safepoint      ] Safepoint "ICBufferFull", Time since last: 57900 ns, Reaching safepoint: 97001 ns, At safepoint: 20700 ns, Total: 117701 ns
[11.687s][info ][safepoint      ] Safepoint "ICBufferFull", Time since last: 48600 ns, Reaching safepoint: 88400 ns, At safepoint: 19600 ns, Total: 108000 ns
[11.688s][info ][safepoint      ] Safepoint "ICBufferFull", Time since last: 195001 ns, Reaching safepoint: 68900 ns, At safepoint: 19001 ns, Total: 87901 ns
[11.688s][info ][safepoint      ] Safepoint "ICBufferFull", Time since last: 39000 ns, Reaching safepoint: 86700 ns, At safepoint: 21400 ns, Total: 108100 ns
[11.689s][info ][safepoint      ] Safepoint "ICBufferFull", Time since last: 650903 ns, Reaching safepoint: 97600 ns, At safepoint: 12400 ns, Total: 110000 ns
[11.689s][info ][safepoint      ] Safepoint "ICBufferFull", Time since last: 66301 ns, Reaching safepoint: 90700 ns, At safepoint: 18200 ns, Total: 108900 ns
[11.689s][info ][safepoint      ] Safepoint "ICBufferFull", Time since last: 73200 ns, Reaching safepoint: 98901 ns, At safepoint: 17100 ns, Total: 116001 ns
[11.690s][info ][safepoint      ] Safepoint "ICBufferFull", Time since last: 812003 ns, Reaching safepoint: 90901 ns, At safepoint: 15700 ns, Total: 106601 ns
[11.690s][info ][safepoint      ] Safepoint "ICBufferFull", Time since last: 33800 ns, Reaching safepoint: 81800 ns, At safepoint: 17100 ns, Total: 98900 ns
[11.690s][info ][safepoint      ] Safepoint "ICBufferFull", Time since last: 52101 ns, Reaching safepoint: 82100 ns, At safepoint: 14600 ns, Total: 96700 ns
[11.691s][info ][safepoint      ] Safepoint "ICBufferFull", Time since last: 653403 ns, Reaching safepoint: 98500 ns, At safepoint: 18500 ns, Total: 117000 ns
[11.691s][info ][safepoint      ] Safepoint "ICBufferFull", Time since last: 62001 ns, Reaching safepoint: 88100 ns, At safepoint: 13700 ns, Total: 101800 ns
[11.691s][info ][safepoint      ] Safepoint "ICBufferFull", Time since last: 89600 ns, Reaching safepoint: 92201 ns, At safepoint: 16800 ns, Total: 109001 ns
[11.691s][info ][safepoint      ] Safepoint "ICBufferFull", Time since last: 50400 ns, Reaching safepoint: 87200 ns, At safepoint: 24001 ns, Total: 111201 ns
[11.692s][info ][safepoint      ] Safepoint "ICBufferFull", Time since last: 683402 ns, Reaching safepoint: 114401 ns, At safepoint: 14300 ns, Total: 128701 ns
[11.697s][info ][safepoint      ] Safepoint "ICBufferFull", Time since last: 4450819 ns, Reaching safepoint: 86500 ns, At safepoint: 22000 ns, Total: 108500 ns
[11.698s][info ][safepoint      ] Safepoint "ICBufferFull", Time since last: 1014005 ns, Reaching safepoint: 91700 ns, At safepoint: 24700 ns, Total: 116400 ns
[11.698s][info ][safepoint      ] Safepoint "ICBufferFull", Time since last: 66501 ns, Reaching safepoint: 84400 ns, At safepoint: 17300 ns, Total: 101700 ns
[11.698s][info ][safepoint      ] Safepoint "ICBufferFull", Time since last: 57900 ns, Reaching safepoint: 82101 ns, At safepoint: 17100 ns, Total: 99201 ns
[11.698s][info ][safepoint      ] Safepoint "ICBufferFull", Time since last: 34000 ns, Reaching safepoint: 80700 ns, At safepoint: 19200 ns, Total: 99900 ns
[11.699s][info ][safepoint      ] Safepoint "ICBufferFull", Time since last: 98201 ns, Reaching safepoint: 92200 ns, At safepoint: 18700 ns, Total: 110900 ns
[11.699s][info ][safepoint      ] Safepoint "ICBufferFull", Time since last: 34800 ns, Reaching safepoint: 87301 ns, At safepoint: 27100 ns, Total: 114401 ns
[11.700s][info ][safepoint      ] Safepoint "ICBufferFull", Time since last: 708503 ns, Reaching safepoint: 96500 ns, At safepoint: 19100 ns, Total: 115600 ns
[11.701s][info ][safepoint      ] Safepoint "ICBufferFull", Time since last: 966604 ns, Reaching safepoint: 93801 ns, At safepoint: 15400 ns, Total: 109201 ns
[11.701s][info ][safepoint      ] Safepoint "ICBufferFull", Time since last: 53100 ns, Reaching safepoint: 90900 ns, At safepoint: 20401 ns, Total: 111301 ns
[11.701s][info ][safepoint      ] Safepoint "ICBufferFull", Time since last: 43400 ns, Reaching safepoint: 82100 ns, At safepoint: 27100 ns, Total: 109200 ns
[11.701s][info ][safepoint      ] Safepoint "ICBufferFull", Time since last: 75501 ns, Reaching safepoint: 87600 ns, At safepoint: 15200 ns, Total: 102800 ns
[11.701s][info ][safepoint      ] Safepoint "ICBufferFull", Time since last: 54400 ns, Reaching safepoint: 83501 ns, At safepoint: 27100 ns, Total: 110601 ns
[11.702s][info ][safepoint      ] Safepoint "ICBufferFull", Time since last: 816203 ns, Reaching safepoint: 84101 ns, At safepoint: 18300 ns, Total: 102401 ns
[11.702s][info ][safepoint      ] Safepoint "ICBufferFull", Time since last: 67100 ns, Reaching safepoint: 81500 ns, At safepoint: 18400 ns, Total: 99900 ns
[11.702s][info ][safepoint      ] Safepoint "ICBufferFull", Time since last: 32800 ns, Reaching safepoint: 79701 ns, At safepoint: 23000 ns, Total: 102701 ns
[11.703s][info ][safepoint      ] Safepoint "ICBufferFull", Time since last: 747003 ns, Reaching safepoint: 85500 ns, At safepoint: 17101 ns, Total: 102601 ns
[11.704s][info ][safepoint      ] Safepoint "ICBufferFull", Time since last: 65000 ns, Reaching safepoint: 81700 ns, At safepoint: 22100 ns, Total: 103800 ns
[11.704s][info ][safepoint      ] Safepoint "ICBufferFull", Time since last: 42200 ns, Reaching safepoint: 79801 ns, At safepoint: 20400 ns, Total: 100201 ns
[11.704s][info ][safepoint      ] Safepoint "ICBufferFull", Time since last: 28800 ns, Reaching safepoint: 84800 ns, At safepoint: 21100 ns, Total: 105900 ns
[11.705s][info ][safepoint      ] Safepoint "ICBufferFull", Time since last: 736304 ns, Reaching safepoint: 87500 ns, At safepoint: 8600 ns, Total: 96100 ns
[11.709s][info ][safepoint      ] Safepoint "ICBufferFull", Time since last: 4624820 ns, Reaching safepoint: 95900 ns, At safepoint: 21300 ns, Total: 117200 ns
[11.710s][info ][safepoint      ] Safepoint "ICBufferFull", Time since last: 95101 ns, Reaching safepoint: 92200 ns, At safepoint: 13900 ns, Total: 106100 ns
[11.710s][info ][safepoint      ] Safepoint "ICBufferFull", Time since last: 88800 ns, Reaching safepoint: 98301 ns, At safepoint: 25500 ns, Total: 123801 ns
[11.710s][info ][safepoint      ] Safepoint "ICBufferFull", Time since last: 33200 ns, Reaching safepoint: 86000 ns, At safepoint: 22701 ns, Total: 108701 ns
[11.711s][info ][safepoint      ] Safepoint "ICBufferFull", Time since last: 917703 ns, Reaching safepoint: 86601 ns, At safepoint: 15800 ns, Total: 102401 ns
[11.711s][info ][safepoint      ] Safepoint "ICBufferFull", Time since last: 49400 ns, Reaching safepoint: 54500 ns, At safepoint: 23800 ns, Total: 78300 ns
[11.711s][info ][safepoint      ] Safepoint "ICBufferFull", Time since last: 43101 ns, Reaching safepoint: 84500 ns, At safepoint: 24700 ns, Total: 109200 ns
[11.711s][info ][safepoint      ] Safepoint "ICBufferFull", Time since last: 114201 ns, Reaching safepoint: 82300 ns, At safepoint: 21900 ns, Total: 104200 ns
[11.712s][info ][safepoint      ] Safepoint "ICBufferFull", Time since last: 61400 ns, Reaching safepoint: 87101 ns, At safepoint: 16400 ns, Total: 103501 ns
[11.713s][info ][safepoint      ] Safepoint "ICBufferFull", Time since last: 810403 ns, Reaching safepoint: 102801 ns, At safepoint: 15000 ns, Total: 117801 ns
[11.713s][info ][safepoint      ] Safepoint "ICBufferFull", Time since last: 702803 ns, Reaching safepoint: 88400 ns, At safepoint: 21300 ns, Total: 109700 ns
[11.714s][info ][safepoint      ] Safepoint "ICBufferFull", Time since last: 463102 ns, Reaching safepoint: 100601 ns, At safepoint: 15800 ns, Total: 116401 ns
[11.714s][info ][safepoint      ] Safepoint "ICBufferFull", Time since last: 214300 ns, Reaching safepoint: 55401 ns, At safepoint: 20000 ns, Total: 75401 ns
[11.714s][info ][safepoint      ] Safepoint "ICBufferFull", Time since last: 67900 ns, Reaching safepoint: 102301 ns, At safepoint: 23700 ns, Total: 126001 ns
[11.715s][info ][safepoint      ] Safepoint "ICBufferFull", Time since last: 760903 ns, Reaching safepoint: 107000 ns, At safepoint: 19500 ns, Total: 126500 ns
[11.717s][info ][safepoint      ] Safepoint "ICBufferFull", Time since last: 2019809 ns, Reaching safepoint: 123101 ns, At safepoint: 14700 ns, Total: 137801 ns
[11.718s][info ][safepoint      ] Safepoint "ICBufferFull", Time since last: 69500 ns, Reaching safepoint: 116300 ns, At safepoint: 24301 ns, Total: 140601 ns
[11.718s][info ][safepoint      ] Safepoint "ICBufferFull", Time since last: 116900 ns, Reaching safepoint: 121601 ns, At safepoint: 22100 ns, Total: 143701 ns
[11.718s][info ][safepoint      ] Safepoint "ICBufferFull", Time since last: 251601 ns, Reaching safepoint: 98000 ns, At safepoint: 22200 ns, Total: 120200 ns
[11.719s][info ][safepoint      ] Safepoint "ICBufferFull", Time since last: 171701 ns, Reaching safepoint: 99900 ns, At safepoint: 17900 ns, Total: 117800 ns
[11.721s][info ][safepoint      ] Safepoint "ICBufferFull", Time since last: 2654412 ns, Reaching safepoint: 96100 ns, At safepoint: 21400 ns, Total: 117500 ns
[11.722s][info ][safepoint      ] Safepoint "ICBufferFull", Time since last: 63101 ns, Reaching safepoint: 86000 ns, At safepoint: 24700 ns, Total: 110700 ns
[11.722s][info ][safepoint      ] Safepoint "ICBufferFull", Time since last: 116900 ns, Reaching safepoint: 83501 ns, At safepoint: 15000 ns, Total: 98501 ns
[11.722s][info ][safepoint      ] Safepoint "ICBufferFull", Time since last: 221501 ns, Reaching safepoint: 94400 ns, At safepoint: 22300 ns, Total: 116700 ns
[11.723s][info ][safepoint      ] Safepoint "ICBufferFull", Time since last: 652503 ns, Reaching safepoint: 101501 ns, At safepoint: 16000 ns, Total: 117501 ns
[11.723s][info ][safepoint      ] Safepoint "ICBufferFull", Time since last: 82800 ns, Reaching safepoint: 88900 ns, At safepoint: 25300 ns, Total: 114200 ns
[11.724s][info ][safepoint      ] Safepoint "ICBufferFull", Time since last: 913304 ns, Reaching safepoint: 89101 ns, At safepoint: 21100 ns, Total: 110201 ns
[11.724s][info ][safepoint      ] Safepoint "ICBufferFull", Time since last: 66300 ns, Reaching safepoint: 89000 ns, At safepoint: 15501 ns, Total: 104501 ns
[11.724s][info ][safepoint      ] Safepoint "ICBufferFull", Time since last: 78800 ns, Reaching safepoint: 86100 ns, At safepoint: 17000 ns, Total: 103100 ns
[11.725s][info ][safepoint      ] Safepoint "ICBufferFull", Time since last: 89801 ns, Reaching safepoint: 89500 ns, At safepoint: 19100 ns, Total: 108600 ns
[11.725s][info ][safepoint      ] Safepoint "ICBufferFull", Time since last: 176501 ns, Reaching safepoint: 87400 ns, At safepoint: 22100 ns, Total: 109500 ns
[11.726s][info ][safepoint      ] Safepoint "ICBufferFull", Time since last: 850504 ns, Reaching safepoint: 107700 ns, At safepoint: 14401 ns, Total: 122101 ns
[11.726s][info ][safepoint      ] Safepoint "ICBufferFull", Time since last: 70500 ns, Reaching safepoint: 97900 ns, At safepoint: 23500 ns, Total: 121400 ns
[11.726s][info ][safepoint      ] Safepoint "ICBufferFull", Time since last: 60901 ns, Reaching safepoint: 91100 ns, At safepoint: 18200 ns, Total: 109300 ns
[11.727s][info ][safepoint      ] Safepoint "ICBufferFull", Time since last: 130101 ns, Reaching safepoint: 110300 ns, At safepoint: 22000 ns, Total: 132300 ns
[11.727s][info ][safepoint      ] Safepoint "ICBufferFull", Time since last: 760903 ns, Reaching safepoint: 97501 ns, At safepoint: 16000 ns, Total: 113501 ns
[11.728s][info ][safepoint      ] Safepoint "ICBufferFull", Time since last: 56300 ns, Reaching safepoint: 99701 ns, At safepoint: 21900 ns, Total: 121601 ns
[11.728s][info ][safepoint      ] Safepoint "ICBufferFull", Time since last: 210201 ns, Reaching safepoint: 90700 ns, At safepoint: 16200 ns, Total: 106900 ns
[11.728s][info ][safepoint      ] Safepoint "ICBufferFull", Time since last: 261501 ns, Reaching safepoint: 100301 ns, At safepoint: 24000 ns, Total: 124301 ns
[11.728s][info ][safepoint      ] Safepoint "ICBufferFull", Time since last: 53800 ns, Reaching safepoint: 90900 ns, At safepoint: 25300 ns, Total: 116200 ns
[11.729s][info ][safepoint      ] Safepoint "ICBufferFull", Time since last: 725204 ns, Reaching safepoint: 102100 ns, At safepoint: 23000 ns, Total: 125100 ns
[11.730s][info ][safepoint      ] Safepoint "ICBufferFull", Time since last: 199601 ns, Reaching safepoint: 94200 ns, At safepoint: 18700 ns, Total: 112900 ns
[11.730s][info ][safepoint      ] Safepoint "ICBufferFull", Time since last: 740904 ns, Reaching safepoint: 88100 ns, At safepoint: 21800 ns, Total: 109900 ns
[11.731s][info ][safepoint      ] Safepoint "ICBufferFull", Time since last: 378902 ns, Reaching safepoint: 90400 ns, At safepoint: 22100 ns, Total: 112500 ns
[11.732s][info ][safepoint      ] Safepoint "ICBufferFull", Time since last: 867504 ns, Reaching safepoint: 101800 ns, At safepoint: 20000 ns, Total: 121800 ns
[11.732s][info ][safepoint      ] Safepoint "ICBufferFull", Time since last: 51001 ns, Reaching safepoint: 86300 ns, At safepoint: 22000 ns, Total: 108300 ns
[11.732s][info ][safepoint      ] Safepoint "ICBufferFull", Time since last: 167101 ns, Reaching safepoint: 89000 ns, At safepoint: 19500 ns, Total: 108500 ns
[11.733s][info ][safepoint      ] Safepoint "ICBufferFull", Time since last: 72300 ns, Reaching safepoint: 88401 ns, At safepoint: 23400 ns, Total: 111801 ns
[11.734s][info ][safepoint      ] Safepoint "ICBufferFull", Time since last: 943104 ns, Reaching safepoint: 89400 ns, At safepoint: 18100 ns, Total: 107500 ns
[11.734s][info ][safepoint      ] Safepoint "ICBufferFull", Time since last: 65101 ns, Reaching safepoint: 83700 ns, At safepoint: 18700 ns, Total: 102400 ns
[11.734s][info ][safepoint      ] Safepoint "ICBufferFull", Time since last: 42500 ns, Reaching safepoint: 83201 ns, At safepoint: 20700 ns, Total: 103901 ns
[11.734s][info ][safepoint      ] Safepoint "ICBufferFull", Time since last: 33500 ns, Reaching safepoint: 84200 ns, At safepoint: 23200 ns, Total: 107400 ns
[11.734s][info ][safepoint      ] Safepoint "ICBufferFull", Time since last: 93901 ns, Reaching safepoint: 84500 ns, At safepoint: 20000 ns, Total: 104500 ns
[11.735s][info ][safepoint      ] Safepoint "ICBufferFull", Time since last: 754103 ns, Reaching safepoint: 97101 ns, At safepoint: 9200 ns, Total: 106301 ns
[11.735s][info ][safepoint      ] Safepoint "ICBufferFull", Time since last: 83900 ns, Reaching safepoint: 83101 ns, At safepoint: 21500 ns, Total: 104601 ns
[11.735s][info ][safepoint      ] Safepoint "ICBufferFull", Time since last: 52000 ns, Reaching safepoint: 84500 ns, At safepoint: 23600 ns, Total: 108100 ns
[11.736s][info ][safepoint      ] Safepoint "ICBufferFull", Time since last: 741004 ns, Reaching safepoint: 85900 ns, At safepoint: 20700 ns, Total: 106600 ns
[11.737s][info ][safepoint      ] Safepoint "ICBufferFull", Time since last: 103200 ns, Reaching safepoint: 95001 ns, At safepoint: 29100 ns, Total: 124101 ns
[11.737s][info ][safepoint      ] Safepoint "ICBufferFull", Time since last: 101400 ns, Reaching safepoint: 96001 ns, At safepoint: 28300 ns, Total: 124301 ns
[11.737s][info ][safepoint      ] Safepoint "ICBufferFull", Time since last: 149601 ns, Reaching safepoint: 100400 ns, At safepoint: 24300 ns, Total: 124700 ns
[11.738s][info ][safepoint      ] Safepoint "ICBufferFull", Time since last: 801903 ns, Reaching safepoint: 238101 ns, At safepoint: 19101 ns, Total: 257202 ns
[11.738s][info ][safepoint      ] Safepoint "ICBufferFull", Time since last: 139500 ns, Reaching safepoint: 95501 ns, At safepoint: 23000 ns, Total: 118501 ns
[11.739s][info ][safepoint      ] Safepoint "ICBufferFull", Time since last: 43600 ns, Reaching safepoint: 91000 ns, At safepoint: 21800 ns, Total: 112800 ns
[11.739s][info ][safepoint      ] Safepoint "ICBufferFull", Time since last: 792804 ns, Reaching safepoint: 96100 ns, At safepoint: 13500 ns, Total: 109600 ns
[11.740s][info ][safepoint      ] Safepoint "ICBufferFull", Time since last: 57200 ns, Reaching safepoint: 82801 ns, At safepoint: 20500 ns, Total: 103301 ns
[11.740s][info ][safepoint      ] Safepoint "ICBufferFull", Time since last: 37800 ns, Reaching safepoint: 86800 ns, At safepoint: 24201 ns, Total: 111001 ns
[11.740s][info ][safepoint      ] Safepoint "ICBufferFull", Time since last: 36100 ns, Reaching safepoint: 98200 ns, At safepoint: 25400 ns, Total: 123600 ns
[11.741s][info ][safepoint      ] Safepoint "ICBufferFull", Time since last: 746203 ns, Reaching safepoint: 91601 ns, At safepoint: 20500 ns, Total: 112101 ns
[11.741s][info ][safepoint      ] Safepoint "ICBufferFull", Time since last: 45900 ns, Reaching safepoint: 84600 ns, At safepoint: 17700 ns, Total: 102300 ns
[11.741s][info ][safepoint      ] Safepoint "ICBufferFull", Time since last: 45001 ns, Reaching safepoint: 86500 ns, At safepoint: 13900 ns, Total: 100400 ns
[11.741s][info ][safepoint      ] Safepoint "ICBufferFull", Time since last: 37500 ns, Reaching safepoint: 83501 ns, At safepoint: 19600 ns, Total: 103101 ns
[11.742s][info ][safepoint      ] Safepoint "ICBufferFull", Time since last: 762203 ns, Reaching safepoint: 98900 ns, At safepoint: 18800 ns, Total: 117700 ns
[11.742s][info ][safepoint      ] Safepoint "ICBufferFull", Time since last: 82901 ns, Reaching safepoint: 85500 ns, At safepoint: 12800 ns, Total: 98300 ns
[11.742s][info ][safepoint      ] Safepoint "ICBufferFull", Time since last: 46600 ns, Reaching safepoint: 85201 ns, At safepoint: 16800 ns, Total: 102001 ns
[11.743s][info ][safepoint      ] Safepoint "ICBufferFull", Time since last: 36600 ns, Reaching safepoint: 85800 ns, At safepoint: 17400 ns, Total: 103200 ns
[11.743s][info ][safepoint      ] Safepoint "ICBufferFull", Time since last: 44001 ns, Reaching safepoint: 86100 ns, At safepoint: 22300 ns, Total: 108400 ns
[11.744s][info ][safepoint      ] Safepoint "ICBufferFull", Time since last: 753003 ns, Reaching safepoint: 85201 ns, At safepoint: 7800 ns, Total: 93001 ns
[11.744s][info ][safepoint      ] Safepoint "ICBufferFull", Time since last: 60900 ns, Reaching safepoint: 84700 ns, At safepoint: 15700 ns, Total: 100400 ns
[11.744s][info ][safepoint      ] Safepoint "ICBufferFull", Time since last: 49301 ns, Reaching safepoint: 85500 ns, At safepoint: 19000 ns, Total: 104500 ns
[11.744s][info ][safepoint      ] Safepoint "ICBufferFull", Time since last: 40300 ns, Reaching safepoint: 88001 ns, At safepoint: 20900 ns, Total: 108901 ns
[11.744s][info ][safepoint      ] Safepoint "ICBufferFull", Time since last: 92800 ns, Reaching safepoint: 88200 ns, At safepoint: 20301 ns, Total: 108501 ns
[11.744s][info ][safepoint      ] Safepoint "ICBufferFull", Time since last: 48300 ns, Reaching safepoint: 85500 ns, At safepoint: 25400 ns, Total: 110900 ns
[11.745s][info ][safepoint      ] Safepoint "ICBufferFull", Time since last: 727803 ns, Reaching safepoint: 85301 ns, At safepoint: 30500 ns, Total: 115801 ns
[11.749s][info ][safepoint      ] Safepoint "ICBufferFull", Time since last: 4030917 ns, Reaching safepoint: 95500 ns, At safepoint: 22000 ns, Total: 117500 ns
[11.749s][info ][safepoint      ] Safepoint "ICBufferFull", Time since last: 47401 ns, Reaching safepoint: 89600 ns, At safepoint: 29400 ns, Total: 119000 ns
[11.750s][info ][safepoint      ] Safepoint "ICBufferFull", Time since last: 43800 ns, Reaching safepoint: 81501 ns, At safepoint: 23300 ns, Total: 104801 ns
[11.750s][info ][safepoint      ] Safepoint "ICBufferFull", Time since last: 50800 ns, Reaching safepoint: 93500 ns, At safepoint: 28001 ns, Total: 121501 ns
[11.751s][info ][safepoint      ] Safepoint "ICBufferFull", Time since last: 745103 ns, Reaching safepoint: 99400 ns, At safepoint: 17600 ns, Total: 117000 ns
[11.751s][info ][safepoint      ] Safepoint "ICBufferFull", Time since last: 55500 ns, Reaching safepoint: 66801 ns, At safepoint: 15400 ns, Total: 82201 ns
[11.752s][info ][safepoint      ] Safepoint "ICBufferFull", Time since last: 1435506 ns, Reaching safepoint: 88200 ns, At safepoint: 25300 ns, Total: 113500 ns
[11.753s][info ][safepoint      ] Safepoint "ICBufferFull", Time since last: 48001 ns, Reaching safepoint: 82200 ns, At safepoint: 18900 ns, Total: 101100 ns
[11.753s][info ][safepoint      ] Safepoint "ICBufferFull", Time since last: 710203 ns, Reaching safepoint: 89500 ns, At safepoint: 18101 ns, Total: 107601 ns
[11.753s][info ][safepoint      ] Safepoint "ICBufferFull", Time since last: 52300 ns, Reaching safepoint: 82800 ns, At safepoint: 17200 ns, Total: 100000 ns
[11.754s][info ][safepoint      ] Safepoint "ICBufferFull", Time since last: 60400 ns, Reaching safepoint: 82901 ns, At safepoint: 22600 ns, Total: 105501 ns
[11.754s][info ][safepoint      ] Safepoint "ICBufferFull", Time since last: 47000 ns, Reaching safepoint: 86000 ns, At safepoint: 21901 ns, Total: 107901 ns
[11.755s][info ][safepoint      ] Safepoint "ICBufferFull", Time since last: 758403 ns, Reaching safepoint: 86800 ns, At safepoint: 16500 ns, Total: 103300 ns
[11.755s][info ][safepoint      ] Safepoint "ICBufferFull", Time since last: 54000 ns, Reaching safepoint: 82501 ns, At safepoint: 18500 ns, Total: 101001 ns
[11.756s][info ][safepoint      ] Safepoint "ICBufferFull", Time since last: 1365106 ns, Reaching safepoint: 100900 ns, At safepoint: 23700 ns, Total: 124600 ns
[11.756s][info ][safepoint      ] Safepoint "ICBufferFull", Time since last: 82401 ns, Reaching safepoint: 83700 ns, At safepoint: 18000 ns, Total: 101700 ns
[11.757s][info ][safepoint      ] Safepoint "ICBufferFull", Time since last: 78700 ns, Reaching safepoint: 90601 ns, At safepoint: 20100 ns, Total: 110701 ns
[11.757s][info ][safepoint      ] Safepoint "ICBufferFull", Time since last: 105800 ns, Reaching safepoint: 105701 ns, At safepoint: 22100 ns, Total: 127801 ns
[11.757s][info ][safepoint      ] Safepoint "ICBufferFull", Time since last: 92500 ns, Reaching safepoint: 89101 ns, At safepoint: 18500 ns, Total: 107601 ns
[11.757s][info ][safepoint      ] Safepoint "ICBufferFull", Time since last: 127700 ns, Reaching safepoint: 84401 ns, At safepoint: 21400 ns, Total: 105801 ns
[11.758s][info ][safepoint      ] Safepoint "ICBufferFull", Time since last: 855003 ns, Reaching safepoint: 87501 ns, At safepoint: 13400 ns, Total: 100901 ns
[11.759s][info ][safepoint      ] Safepoint "ICBufferFull", Time since last: 188401 ns, Reaching safepoint: 84100 ns, At safepoint: 23500 ns, Total: 107600 ns
[11.759s][info ][safepoint      ] Safepoint "ICBufferFull", Time since last: 164801 ns, Reaching safepoint: 89000 ns, At safepoint: 18100 ns, Total: 107100 ns
[11.759s][info ][safepoint      ] Safepoint "ICBufferFull", Time since last: 40900 ns, Reaching safepoint: 85301 ns, At safepoint: 17800 ns, Total: 103101 ns
[11.760s][info ][safepoint      ] Safepoint "ICBufferFull", Time since last: 781003 ns, Reaching safepoint: 87800 ns, At safepoint: 13001 ns, Total: 100801 ns
[11.761s][info ][safepoint      ] Safepoint "ICBufferFull", Time since last: 677302 ns, Reaching safepoint: 85901 ns, At safepoint: 23200 ns, Total: 109101 ns
[11.761s][info ][safepoint      ] Safepoint "ICBufferFull", Time since last: 58700 ns, Reaching safepoint: 100501 ns, At safepoint: 18800 ns, Total: 119301 ns
[11.761s][info ][safepoint      ] Safepoint "ICBufferFull", Time since last: 87700 ns, Reaching safepoint: 91000 ns, At safepoint: 19600 ns, Total: 110600 ns
[11.762s][info ][safepoint      ] Safepoint "ICBufferFull", Time since last: 799104 ns, Reaching safepoint: 95600 ns, At safepoint: 10000 ns, Total: 105600 ns
[11.762s][info ][safepoint      ] Safepoint "ICBufferFull", Time since last: 44901 ns, Reaching safepoint: 90500 ns, At safepoint: 18300 ns, Total: 108800 ns
[11.762s][info ][safepoint      ] Safepoint "ICBufferFull", Time since last: 74200 ns, Reaching safepoint: 81401 ns, At safepoint: 16400 ns, Total: 97801 ns
[11.766s][info ][safepoint      ] Safepoint "ICBufferFull", Time since last: 3127013 ns, Reaching safepoint: 97900 ns, At safepoint: 20601 ns, Total: 118501 ns
[11.771s][info ][safepoint      ] Safepoint "ICBufferFull", Time since last: 56200 ns, Reaching safepoint: 5305122 ns, At safepoint: 22301 ns, Total: 5327423 ns
[11.771s][info ][safepoint      ] Safepoint "ICBufferFull", Time since last: 59600 ns, Reaching safepoint: 80600 ns, At safepoint: 15000 ns, Total: 95600 ns
[11.771s][info ][safepoint      ] Safepoint "ICBufferFull", Time since last: 69800 ns, Reaching safepoint: 106101 ns, At safepoint: 21300 ns, Total: 127401 ns
[11.771s][info ][safepoint      ] Safepoint "ICBufferFull", Time since last: 106500 ns, Reaching safepoint: 89501 ns, At safepoint: 17900 ns, Total: 107401 ns
[11.772s][info ][safepoint      ] Safepoint "ICBufferFull", Time since last: 39100 ns, Reaching safepoint: 85400 ns, At safepoint: 21701 ns, Total: 107101 ns
[11.773s][info ][safepoint      ] Safepoint "ICBufferFull", Time since last: 1634907 ns, Reaching safepoint: 89400 ns, At safepoint: 7400 ns, Total: 96800 ns
[11.774s][info ][safepoint      ] Safepoint "ICBufferFull", Time since last: 63600 ns, Reaching safepoint: 90601 ns, At safepoint: 21100 ns, Total: 111701 ns
[11.775s][info ][safepoint      ] Safepoint "ICBufferFull", Time since last: 954404 ns, Reaching safepoint: 53400 ns, At safepoint: 22200 ns, Total: 75600 ns
[11.775s][info ][safepoint      ] Safepoint "ICBufferFull", Time since last: 43900 ns, Reaching safepoint: 84601 ns, At safepoint: 20700 ns, Total: 105301 ns
[11.775s][info ][safepoint      ] Safepoint "ICBufferFull", Time since last: 70600 ns, Reaching safepoint: 85300 ns, At safepoint: 18500 ns, Total: 103800 ns
[11.775s][info ][safepoint      ] Safepoint "ICBufferFull", Time since last: 52001 ns, Reaching safepoint: 83900 ns, At safepoint: 21700 ns, Total: 105600 ns
[11.775s][info ][safepoint      ] Safepoint "ICBufferFull", Time since last: 35800 ns, Reaching safepoint: 89601 ns, At safepoint: 19000 ns, Total: 108601 ns
[11.776s][info ][safepoint      ] Safepoint "ICBufferFull", Time since last: 864903 ns, Reaching safepoint: 93401 ns, At safepoint: 10300 ns, Total: 103701 ns
[11.777s][info ][safepoint      ] Safepoint "ICBufferFull", Time since last: 457102 ns, Reaching safepoint: 87900 ns, At safepoint: 25300 ns, Total: 113200 ns
[11.777s][info ][safepoint      ] Safepoint "ICBufferFull", Time since last: 88501 ns, Reaching safepoint: 90200 ns, At safepoint: 21200 ns, Total: 111400 ns
[11.778s][info ][safepoint      ] Safepoint "ICBufferFull", Time since last: 1250005 ns, Reaching safepoint: 90301 ns, At safepoint: 24300 ns, Total: 114601 ns
[11.778s][info ][safepoint      ] Safepoint "ICBufferFull", Time since last: 47300 ns, Reaching safepoint: 87701 ns, At safepoint: 19000 ns, Total: 106701 ns
[11.779s][info ][safepoint      ] Safepoint "ICBufferFull", Time since last: 77000 ns, Reaching safepoint: 86000 ns, At safepoint: 16900 ns, Total: 102900 ns
[11.779s][info ][safepoint      ] Safepoint "ICBufferFull", Time since last: 116801 ns, Reaching safepoint: 84100 ns, At safepoint: 18600 ns, Total: 102700 ns
[11.779s][info ][safepoint      ] Safepoint "ICBufferFull", Time since last: 89301 ns, Reaching safepoint: 93600 ns, At safepoint: 18700 ns, Total: 112300 ns
[11.780s][info ][safepoint      ] Safepoint "ICBufferFull", Time since last: 714603 ns, Reaching safepoint: 92801 ns, At safepoint: 17000 ns, Total: 109801 ns
[11.780s][info ][safepoint      ] Safepoint "ICBufferFull", Time since last: 42800 ns, Reaching safepoint: 84200 ns, At safepoint: 24000 ns, Total: 108200 ns
[11.780s][info ][safepoint      ] Safepoint "ICBufferFull", Time since last: 31800 ns, Reaching safepoint: 63401 ns, At safepoint: 16100 ns, Total: 79501 ns
[11.780s][info ][safepoint      ] Safepoint "ICBufferFull", Time since last: 82500 ns, Reaching safepoint: 90301 ns, At safepoint: 21200 ns, Total: 111501 ns
[11.781s][info ][safepoint      ] Safepoint "ICBufferFull", Time since last: 77300 ns, Reaching safepoint: 90000 ns, At safepoint: 18500 ns, Total: 108500 ns
[11.781s][info ][safepoint      ] Safepoint "ICBufferFull", Time since last: 750204 ns, Reaching safepoint: 93500 ns, At safepoint: 14400 ns, Total: 107900 ns
[11.782s][info ][safepoint      ] Safepoint "ICBufferFull", Time since last: 57300 ns, Reaching safepoint: 80901 ns, At safepoint: 22000 ns, Total: 102901 ns
[11.782s][info ][safepoint      ] Safepoint "ICBufferFull", Time since last: 40900 ns, Reaching safepoint: 91000 ns, At safepoint: 19100 ns, Total: 110100 ns
[11.782s][info ][safepoint      ] Safepoint "ICBufferFull", Time since last: 54501 ns, Reaching safepoint: 94800 ns, At safepoint: 23500 ns, Total: 118300 ns
[11.783s][info ][safepoint      ] Safepoint "ICBufferFull", Time since last: 747403 ns, Reaching safepoint: 93801 ns, At safepoint: 11100 ns, Total: 104901 ns
[11.783s][info ][safepoint      ] Safepoint "ICBufferFull", Time since last: 48400 ns, Reaching safepoint: 88200 ns, At safepoint: 19800 ns, Total: 108000 ns
[11.784s][info ][safepoint      ] Safepoint "ICBufferFull", Time since last: 674703 ns, Reaching safepoint: 92601 ns, At safepoint: 18600 ns, Total: 111201 ns
[11.784s][info ][safepoint      ] Safepoint "ICBufferFull", Time since last: 55900 ns, Reaching safepoint: 82500 ns, At safepoint: 18300 ns, Total: 100800 ns
[11.784s][info ][safepoint      ] Safepoint "ICBufferFull", Time since last: 51001 ns, Reaching safepoint: 82400 ns, At safepoint: 24800 ns, Total: 107200 ns
[11.784s][info ][safepoint      ] Safepoint "ICBufferFull", Time since last: 56600 ns, Reaching safepoint: 97801 ns, At safepoint: 20700 ns, Total: 118501 ns
[11.784s][info ][safepoint      ] Safepoint "ICBufferFull", Time since last: 124700 ns, Reaching safepoint: 90001 ns, At safepoint: 22000 ns, Total: 112001 ns
[11.785s][info ][safepoint      ] Safepoint "ICBufferFull", Time since last: 671603 ns, Reaching safepoint: 89400 ns, At safepoint: 17300 ns, Total: 106700 ns
[11.785s][info ][safepoint      ] Safepoint "ICBufferFull", Time since last: 68300 ns, Reaching safepoint: 87101 ns, At safepoint: 17500 ns, Total: 104601 ns
[11.787s][info ][safepoint      ] Safepoint "ICBufferFull", Time since last: 1093005 ns, Reaching safepoint: 95000 ns, At safepoint: 17400 ns, Total: 112400 ns
[11.787s][info ][safepoint      ] Safepoint "ICBufferFull", Time since last: 65100 ns, Reaching safepoint: 44801 ns, At safepoint: 17400 ns, Total: 62201 ns
[11.787s][info ][safepoint      ] Safepoint "ICBufferFull", Time since last: 58200 ns, Reaching safepoint: 84600 ns, At safepoint: 15200 ns, Total: 99800 ns
[11.787s][info ][safepoint      ] Safepoint "ICBufferFull", Time since last: 119601 ns, Reaching safepoint: 87100 ns, At safepoint: 18200 ns, Total: 105300 ns
[11.787s][info ][safepoint      ] Safepoint "ICBufferFull", Time since last: 63201 ns, Reaching safepoint: 85600 ns, At safepoint: 21200 ns, Total: 106800 ns
[11.787s][info ][safepoint      ] Safepoint "ICBufferFull", Time since last: 64300 ns, Reaching safepoint: 87701 ns, At safepoint: 20900 ns, Total: 108601 ns
[11.788s][info ][safepoint      ] Safepoint "ICBufferFull", Time since last: 756003 ns, Reaching safepoint: 95500 ns, At safepoint: 9400 ns, Total: 104900 ns
[11.788s][info ][safepoint      ] Safepoint "ICBufferFull", Time since last: 96501 ns, Reaching safepoint: 83200 ns, At safepoint: 11100 ns, Total: 94300 ns
[11.789s][info ][safepoint      ] Safepoint "ICBufferFull", Time since last: 204101 ns, Reaching safepoint: 84000 ns, At safepoint: 16800 ns, Total: 100800 ns
[11.789s][info ][safepoint      ] Safepoint "ICBufferFull", Time since last: 114601 ns, Reaching safepoint: 84900 ns, At safepoint: 21100 ns, Total: 106000 ns
[11.789s][info ][safepoint      ] Safepoint "ICBufferFull", Time since last: 36001 ns, Reaching safepoint: 82900 ns, At safepoint: 20700 ns, Total: 103600 ns
[11.790s][info ][safepoint      ] Safepoint "ICBufferFull", Time since last: 817404 ns, Reaching safepoint: 98900 ns, At safepoint: 9000 ns, Total: 107900 ns
[11.790s][info ][safepoint      ] Safepoint "ICBufferFull", Time since last: 58100 ns, Reaching safepoint: 84001 ns, At safepoint: 18400 ns, Total: 102401 ns
[11.790s][info ][safepoint      ] Safepoint "ICBufferFull", Time since last: 42500 ns, Reaching safepoint: 83300 ns, At safepoint: 17400 ns, Total: 100700 ns
[11.791s][info ][safepoint      ] Safepoint "ICBufferFull", Time since last: 95301 ns, Reaching safepoint: 88400 ns, At safepoint: 21200 ns, Total: 109600 ns
[11.791s][info ][safepoint      ] Safepoint "ICBufferFull", Time since last: 50400 ns, Reaching safepoint: 80801 ns, At safepoint: 24400 ns, Total: 105201 ns
[11.792s][info ][safepoint      ] Safepoint "ICBufferFull", Time since last: 811703 ns, Reaching safepoint: 94301 ns, At safepoint: 17100 ns, Total: 111401 ns
[11.792s][info ][safepoint      ] Safepoint "ICBufferFull", Time since last: 50500 ns, Reaching safepoint: 83700 ns, At safepoint: 20700 ns, Total: 104400 ns
[11.792s][info ][safepoint      ] Safepoint "ICBufferFull", Time since last: 63501 ns, Reaching safepoint: 87700 ns, At safepoint: 18200 ns, Total: 105900 ns
[11.792s][info ][safepoint      ] Safepoint "ICBufferFull", Time since last: 38100 ns, Reaching safepoint: 84601 ns, At safepoint: 17100 ns, Total: 101701 ns
[11.792s][info ][safepoint      ] Safepoint "ICBufferFull", Time since last: 64600 ns, Reaching safepoint: 85000 ns, At safepoint: 17900 ns, Total: 102900 ns
[11.793s][info ][safepoint      ] Safepoint "ICBufferFull", Time since last: 808304 ns, Reaching safepoint: 93600 ns, At safepoint: 31200 ns, Total: 124800 ns
[11.793s][info ][safepoint      ] Safepoint "ICBufferFull", Time since last: 174401 ns, Reaching safepoint: 86201 ns, At safepoint: 21400 ns, Total: 107601 ns
[11.797s][info ][safepoint      ] Safepoint "ICBufferFull", Time since last: 3749216 ns, Reaching safepoint: 88700 ns, At safepoint: 14300 ns, Total: 103000 ns
[11.798s][info ][safepoint      ] Safepoint "ICBufferFull", Time since last: 88500 ns, Reaching safepoint: 88801 ns, At safepoint: 11100 ns, Total: 99901 ns
[11.798s][info ][safepoint      ] Safepoint "ICBufferFull", Time since last: 62500 ns, Reaching safepoint: 42900 ns, At safepoint: 19300 ns, Total: 62200 ns
[11.798s][info ][safepoint      ] Safepoint "ICBufferFull", Time since last: 82901 ns, Reaching safepoint: 94400 ns, At safepoint: 20100 ns, Total: 114500 ns
[11.798s][info ][safepoint      ] Safepoint "ICBufferFull", Time since last: 32000 ns, Reaching safepoint: 79601 ns, At safepoint: 19100 ns, Total: 98701 ns
[11.798s][info ][safepoint      ] Safepoint "ICBufferFull", Time since last: 130200 ns, Reaching safepoint: 53001 ns, At safepoint: 20900 ns, Total: 73901 ns
[11.799s][info ][safepoint      ] Safepoint "ICBufferFull", Time since last: 672402 ns, Reaching safepoint: 90001 ns, At safepoint: 14600 ns, Total: 104601 ns
[11.799s][info ][safepoint      ] Safepoint "ICBufferFull", Time since last: 69900 ns, Reaching safepoint: 82901 ns, At safepoint: 20700 ns, Total: 103601 ns
[11.799s][info ][safepoint      ] Safepoint "ICBufferFull", Time since last: 39100 ns, Reaching safepoint: 92400 ns, At safepoint: 18300 ns, Total: 110700 ns
[11.799s][info ][safepoint      ] Safepoint "ICBufferFull", Time since last: 50701 ns, Reaching safepoint: 79600 ns, At safepoint: 19000 ns, Total: 98600 ns
[11.800s][info ][safepoint      ] Safepoint "ICBufferFull", Time since last: 56700 ns, Reaching safepoint: 81401 ns, At safepoint: 17000 ns, Total: 98401 ns
[11.800s][info ][safepoint      ] Safepoint "ICBufferFull", Time since last: 644702 ns, Reaching safepoint: 94301 ns, At safepoint: 15700 ns, Total: 110001 ns
[11.801s][info ][safepoint      ] Safepoint "ICBufferFull", Time since last: 102100 ns, Reaching safepoint: 82701 ns, At safepoint: 19500 ns, Total: 102201 ns
[11.801s][info ][safepoint      ] Safepoint "ICBufferFull", Time since last: 118800 ns, Reaching safepoint: 83001 ns, At safepoint: 19500 ns, Total: 102501 ns
[11.801s][info ][safepoint      ] Safepoint "ICBufferFull", Time since last: 61100 ns, Reaching safepoint: 82000 ns, At safepoint: 22900 ns, Total: 104900 ns
[11.802s][info ][safepoint      ] Safepoint "ICBufferFull", Time since last: 749604 ns, Reaching safepoint: 94900 ns, At safepoint: 10300 ns, Total: 105200 ns
[11.802s][info ][safepoint      ] Safepoint "ICBufferFull", Time since last: 60400 ns, Reaching safepoint: 92501 ns, At safepoint: 22200 ns, Total: 114701 ns
[11.802s][info ][safepoint      ] Safepoint "ICBufferFull", Time since last: 46800 ns, Reaching safepoint: 81500 ns, At safepoint: 15900 ns, Total: 97400 ns
[11.802s][info ][safepoint      ] Safepoint "ICBufferFull", Time since last: 34300 ns, Reaching safepoint: 83601 ns, At safepoint: 20600 ns, Total: 104201 ns
[11.802s][info ][safepoint      ] Safepoint "ICBufferFull", Time since last: 52800 ns, Reaching safepoint: 150901 ns, At safepoint: 15200 ns, Total: 166101 ns
[11.803s][info ][safepoint      ] Safepoint "ICBufferFull", Time since last: 160301 ns, Reaching safepoint: 87500 ns, At safepoint: 19700 ns, Total: 107200 ns
[11.804s][info ][safepoint      ] Safepoint "ICBufferFull", Time since last: 770103 ns, Reaching safepoint: 92801 ns, At safepoint: 8200 ns, Total: 101001 ns
[11.804s][info ][safepoint      ] Safepoint "ICBufferFull", Time since last: 53300 ns, Reaching safepoint: 80600 ns, At safepoint: 20700 ns, Total: 101300 ns
[11.804s][info ][safepoint      ] Safepoint "ICBufferFull", Time since last: 40201 ns, Reaching safepoint: 95000 ns, At safepoint: 22400 ns, Total: 117400 ns
[11.804s][info ][safepoint      ] Safepoint "ICBufferFull", Time since last: 50700 ns, Reaching safepoint: 86401 ns, At safepoint: 17700 ns, Total: 104101 ns
[11.804s][info ][safepoint      ] Safepoint "ICBufferFull", Time since last: 72400 ns, Reaching safepoint: 83100 ns, At safepoint: 20400 ns, Total: 103500 ns
[11.804s][info ][safepoint      ] Safepoint "ICBufferFull", Time since last: 100501 ns, Reaching safepoint: 95500 ns, At safepoint: 21100 ns, Total: 116600 ns
[11.805s][info ][safepoint      ] Safepoint "ICBufferFull", Time since last: 764404 ns, Reaching safepoint: 95300 ns, At safepoint: 16300 ns, Total: 111600 ns
[11.806s][info ][safepoint      ] Safepoint "ICBufferFull", Time since last: 557202 ns, Reaching safepoint: 87601 ns, At safepoint: 20500 ns, Total: 108101 ns
[11.806s][info ][safepoint      ] Safepoint "ICBufferFull", Time since last: 52200 ns, Reaching safepoint: 83601 ns, At safepoint: 15500 ns, Total: 99101 ns
[11.806s][info ][safepoint      ] Safepoint "ICBufferFull", Time since last: 36800 ns, Reaching safepoint: 82300 ns, At safepoint: 18500 ns, Total: 100800 ns
[11.807s][info ][safepoint      ] Safepoint "ICBufferFull", Time since last: 700203 ns, Reaching safepoint: 74300 ns, At safepoint: 15701 ns, Total: 90001 ns
[11.807s][info ][safepoint      ] Safepoint "ICBufferFull", Time since last: 70200 ns, Reaching safepoint: 88600 ns, At safepoint: 17900 ns, Total: 106500 ns
[11.807s][info ][safepoint      ] Safepoint "ICBufferFull", Time since last: 34300 ns, Reaching safepoint: 87301 ns, At safepoint: 22300 ns, Total: 109601 ns
[11.808s][info ][safepoint      ] Safepoint "ICBufferFull", Time since last: 707403 ns, Reaching safepoint: 98400 ns, At safepoint: 16100 ns, Total: 114500 ns
[11.809s][info ][safepoint      ] Safepoint "ICBufferFull", Time since last: 964805 ns, Reaching safepoint: 89600 ns, At safepoint: 20800 ns, Total: 110400 ns
[11.810s][info ][safepoint      ] Safepoint "ICBufferFull", Time since last: 370002 ns, Reaching safepoint: 90100 ns, At safepoint: 16300 ns, Total: 106400 ns
[11.810s][info ][safepoint      ] Safepoint "ICBufferFull", Time since last: 73500 ns, Reaching safepoint: 91101 ns, At safepoint: 18200 ns, Total: 109301 ns
[11.810s][info ][safepoint      ] Safepoint "ICBufferFull", Time since last: 49300 ns, Reaching safepoint: 91000 ns, At safepoint: 19300 ns, Total: 110300 ns
[11.811s][info ][safepoint      ] Safepoint "ICBufferFull", Time since last: 746904 ns, Reaching safepoint: 94200 ns, At safepoint: 15400 ns, Total: 109600 ns
[11.811s][info ][safepoint      ] Safepoint "ICBufferFull", Time since last: 51000 ns, Reaching safepoint: 81601 ns, At safepoint: 22000 ns, Total: 103601 ns
[11.811s][info ][safepoint      ] Safepoint "ICBufferFull", Time since last: 44400 ns, Reaching safepoint: 89500 ns, At safepoint: 21100 ns, Total: 110600 ns
[11.811s][info ][safepoint      ] Safepoint "ICBufferFull", Time since last: 99101 ns, Reaching safepoint: 84700 ns, At safepoint: 20100 ns, Total: 104800 ns
[11.812s][info ][safepoint      ] Safepoint "ICBufferFull", Time since last: 736903 ns, Reaching safepoint: 89501 ns, At safepoint: 21900 ns, Total: 111401 ns
[11.812s][info ][safepoint      ] Safepoint "ICBufferFull", Time since last: 45500 ns, Reaching safepoint: 85100 ns, At safepoint: 22301 ns, Total: 107401 ns
[11.817s][info ][safepoint      ] Safepoint "ICBufferFull", Time since last: 4742820 ns, Reaching safepoint: 102100 ns, At safepoint: 17400 ns, Total: 119500 ns
[11.818s][info ][safepoint      ] Safepoint "ICBufferFull", Time since last: 55501 ns, Reaching safepoint: 90200 ns, At safepoint: 19500 ns, Total: 109700 ns
[11.818s][info ][safepoint      ] Safepoint "ICBufferFull", Time since last: 51200 ns, Reaching safepoint: 84201 ns, At safepoint: 18600 ns, Total: 102801 ns
[11.818s][info ][safepoint      ] Safepoint "ICBufferFull", Time since last: 45600 ns, Reaching safepoint: 111900 ns, At safepoint: 17400 ns, Total: 129300 ns
[11.819s][info ][safepoint      ] Safepoint "ICBufferFull", Time since last: 729304 ns, Reaching safepoint: 105900 ns, At safepoint: 17500 ns, Total: 123400 ns
[11.821s][info ][safepoint      ] Safepoint "ICBufferFull", Time since last: 2547911 ns, Reaching safepoint: 101500 ns, At safepoint: 18800 ns, Total: 120300 ns
[11.822s][info ][safepoint      ] Safepoint "ICBufferFull", Time since last: 51601 ns, Reaching safepoint: 82200 ns, At safepoint: 16000 ns, Total: 98200 ns
[11.822s][info ][safepoint      ] Safepoint "ICBufferFull", Time since last: 49700 ns, Reaching safepoint: 89601 ns, At safepoint: 13400 ns, Total: 103001 ns
[11.825s][info ][safepoint      ] Safepoint "ICBufferFull", Time since last: 3578615 ns, Reaching safepoint: 92200 ns, At safepoint: 17200 ns, Total: 109400 ns
[11.826s][info ][safepoint      ] Safepoint "ICBufferFull", Time since last: 57901 ns, Reaching safepoint: 89000 ns, At safepoint: 21700 ns, Total: 110700 ns
[11.826s][info ][safepoint      ] Safepoint "ICBufferFull", Time since last: 99501 ns, Reaching safepoint: 89800 ns, At safepoint: 15700 ns, Total: 105500 ns
[11.826s][info ][safepoint      ] Safepoint "ICBufferFull", Time since last: 65200 ns, Reaching safepoint: 88001 ns, At safepoint: 20900 ns, Total: 108901 ns
[11.826s][info ][safepoint      ] Safepoint "ICBufferFull", Time since last: 48700 ns, Reaching safepoint: 84200 ns, At safepoint: 18600 ns, Total: 102800 ns
[11.826s][info ][safepoint      ] Safepoint "ICBufferFull", Time since last: 31501 ns, Reaching safepoint: 85900 ns, At safepoint: 20800 ns, Total: 106700 ns
[11.827s][info ][safepoint      ] Safepoint "ICBufferFull", Time since last: 760003 ns, Reaching safepoint: 86201 ns, At safepoint: 21900 ns, Total: 108101 ns
[11.833s][info ][safepoint      ] Safepoint "ICBufferFull", Time since last: 6195126 ns, Reaching safepoint: 86900 ns, At safepoint: 25701 ns, Total: 112601 ns
[11.834s][info ][safepoint      ] Safepoint "ICBufferFull", Time since last: 66600 ns, Reaching safepoint: 84000 ns, At safepoint: 20400 ns, Total: 104400 ns
[11.834s][info ][safepoint      ] Safepoint "ICBufferFull", Time since last: 33000 ns, Reaching safepoint: 83501 ns, At safepoint: 26000 ns, Total: 109501 ns
[11.834s][info ][safepoint      ] Safepoint "ICBufferFull", Time since last: 67300 ns, Reaching safepoint: 91301 ns, At safepoint: 25300 ns, Total: 116601 ns
[11.835s][info ][safepoint      ] Safepoint "ICBufferFull", Time since last: 705603 ns, Reaching safepoint: 86800 ns, At safepoint: 14800 ns, Total: 101600 ns
[11.837s][info ][safepoint      ] Safepoint "ICBufferFull", Time since last: 2603911 ns, Reaching safepoint: 87001 ns, At safepoint: 14600 ns, Total: 101601 ns
[11.838s][info ][safepoint      ] Safepoint "ICBufferFull", Time since last: 64500 ns, Reaching safepoint: 87400 ns, At safepoint: 24900 ns, Total: 112300 ns
[11.838s][info ][safepoint      ] Safepoint "ICBufferFull", Time since last: 47001 ns, Reaching safepoint: 88900 ns, At safepoint: 22800 ns, Total: 111700 ns
[11.838s][info ][safepoint      ] Safepoint "ICBufferFull", Time since last: 51000 ns, Reaching safepoint: 89801 ns, At safepoint: 26000 ns, Total: 115801 ns
[11.839s][info ][safepoint      ] Safepoint "ICBufferFull", Time since last: 733103 ns, Reaching safepoint: 89100 ns, At safepoint: 17400 ns, Total: 106500 ns
[11.840s][info ][safepoint      ] Safepoint "ICBufferFull", Time since last: 772804 ns, Reaching safepoint: 157300 ns, At safepoint: 32901 ns, Total: 190201 ns
[11.840s][info ][safepoint      ] Safepoint "ICBufferFull", Time since last: 83600 ns, Reaching safepoint: 91500 ns, At safepoint: 21300 ns, Total: 112800 ns
[11.840s][info ][safepoint      ] Safepoint "ICBufferFull", Time since last: 345802 ns, Reaching safepoint: 88600 ns, At safepoint: 18300 ns, Total: 106900 ns
[11.841s][info ][safepoint      ] Safepoint "ICBufferFull", Time since last: 83801 ns, Reaching safepoint: 100300 ns, At safepoint: 23500 ns, Total: 123800 ns
[11.841s][info ][safepoint      ] Safepoint "ICBufferFull", Time since last: 751503 ns, Reaching safepoint: 87601 ns, At safepoint: 16800 ns, Total: 104401 ns
[11.842s][info ][safepoint      ] Safepoint "ICBufferFull", Time since last: 66500 ns, Reaching safepoint: 92300 ns, At safepoint: 17901 ns, Total: 110201 ns
[11.842s][info ][safepoint      ] Safepoint "ICBufferFull", Time since last: 61700 ns, Reaching safepoint: 86200 ns, At safepoint: 13100 ns, Total: 99300 ns
[11.842s][info ][safepoint      ] Safepoint "ICBufferFull", Time since last: 69101 ns, Reaching safepoint: 83600 ns, At safepoint: 17400 ns, Total: 101000 ns
[11.842s][info ][safepoint      ] Safepoint "ICBufferFull", Time since last: 47100 ns, Reaching safepoint: 81201 ns, At safepoint: 19000 ns, Total: 100201 ns
[11.843s][info ][safepoint      ] Safepoint "ICBufferFull", Time since last: 709403 ns, Reaching safepoint: 89300 ns, At safepoint: 11100 ns, Total: 100400 ns
[11.843s][info ][safepoint      ] Safepoint "ICBufferFull", Time since last: 59100 ns, Reaching safepoint: 95101 ns, At safepoint: 23000 ns, Total: 118101 ns
[11.843s][info ][safepoint      ] Safepoint "ICBufferFull", Time since last: 53800 ns, Reaching safepoint: 92000 ns, At safepoint: 23901 ns, Total: 115901 ns
[11.843s][info ][safepoint      ] Safepoint "ICBufferFull", Time since last: 46800 ns, Reaching safepoint: 87900 ns, At safepoint: 24900 ns, Total: 112800 ns
[11.844s][info ][safepoint      ] Safepoint "ICBufferFull", Time since last: 95701 ns, Reaching safepoint: 93800 ns, At safepoint: 20500 ns, Total: 114300 ns
[11.845s][info ][safepoint      ] Safepoint "ICBufferFull", Time since last: 881004 ns, Reaching safepoint: 95900 ns, At safepoint: 17900 ns, Total: 113800 ns
[11.845s][info ][safepoint      ] Safepoint "ICBufferFull", Time since last: 58101 ns, Reaching safepoint: 81600 ns, At safepoint: 22000 ns, Total: 103600 ns
[11.845s][info ][safepoint      ] Safepoint "ICBufferFull", Time since last: 49900 ns, Reaching safepoint: 48400 ns, At safepoint: 16601 ns, Total: 65001 ns
[11.845s][info ][safepoint      ] Safepoint "ICBufferFull", Time since last: 73100 ns, Reaching safepoint: 87800 ns, At safepoint: 21900 ns, Total: 109700 ns
[11.845s][info ][safepoint      ] Safepoint "ICBufferFull", Time since last: 32700 ns, Reaching safepoint: 90601 ns, At safepoint: 31700 ns, Total: 122301 ns
[11.845s][info ][safepoint      ] Safepoint "ICBufferFull", Time since last: 43600 ns, Reaching safepoint: 87501 ns, At safepoint: 19200 ns, Total: 106701 ns
[11.846s][info ][safepoint      ] Safepoint "ICBufferFull", Time since last: 733103 ns, Reaching safepoint: 85200 ns, At safepoint: 15000 ns, Total: 100200 ns
[11.846s][info ][safepoint      ] Safepoint "ICBufferFull", Time since last: 56200 ns, Reaching safepoint: 85001 ns, At safepoint: 22100 ns, Total: 107101 ns
[11.847s][info ][safepoint      ] Safepoint "ICBufferFull", Time since last: 85100 ns, Reaching safepoint: 93101 ns, At safepoint: 23600 ns, Total: 116701 ns
[11.847s][info ][safepoint      ] Safepoint "ICBufferFull", Time since last: 92300 ns, Reaching safepoint: 87600 ns, At safepoint: 15401 ns, Total: 103001 ns
[11.847s][info ][safepoint      ] Safepoint "ICBufferFull", Time since last: 52300 ns, Reaching safepoint: 95600 ns, At safepoint: 25500 ns, Total: 121100 ns
[11.848s][info ][safepoint      ] Safepoint "ICBufferFull", Time since last: 759704 ns, Reaching safepoint: 92700 ns, At safepoint: 12900 ns, Total: 105600 ns
[11.849s][info ][safepoint      ] Safepoint "ICBufferFull", Time since last: 1481806 ns, Reaching safepoint: 85401 ns, At safepoint: 28000 ns, Total: 113401 ns
[11.853s][info ][safepoint      ] Safepoint "ICBufferFull", Time since last: 3854116 ns, Reaching safepoint: 83701 ns, At safepoint: 23100 ns, Total: 106801 ns
[11.853s][info ][safepoint      ] Safepoint "ICBufferFull", Time since last: 52600 ns, Reaching safepoint: 83100 ns, At safepoint: 30200 ns, Total: 113300 ns
[11.854s][info ][safepoint      ] Safepoint "ICBufferFull", Time since last: 58001 ns, Reaching safepoint: 81900 ns, At safepoint: 24500 ns, Total: 106400 ns
[11.854s][info ][safepoint      ] Safepoint "ICBufferFull", Time since last: 47300 ns, Reaching safepoint: 81801 ns, At safepoint: 26800 ns, Total: 108601 ns
[11.854s][info ][safepoint      ] Safepoint "ICBufferFull", Time since last: 287301 ns, Reaching safepoint: 83700 ns, At safepoint: 24000 ns, Total: 107700 ns
[11.854s][info ][safepoint      ] Safepoint "ICBufferFull", Time since last: 84901 ns, Reaching safepoint: 49000 ns, At safepoint: 23700 ns, Total: 72700 ns
[11.855s][info ][safepoint      ] Safepoint "ICBufferFull", Time since last: 30000 ns, Reaching safepoint: 81201 ns, At safepoint: 29100 ns, Total: 110301 ns
[11.856s][info ][safepoint      ] Safepoint "ICBufferFull", Time since last: 997104 ns, Reaching safepoint: 103800 ns, At safepoint: 18300 ns, Total: 122100 ns
[11.856s][info ][safepoint      ] Safepoint "ICBufferFull", Time since last: 57301 ns, Reaching safepoint: 82300 ns, At safepoint: 25400 ns, Total: 107700 ns
[11.856s][info ][safepoint      ] Safepoint "ICBufferFull", Time since last: 56100 ns, Reaching safepoint: 83501 ns, At safepoint: 23000 ns, Total: 106501 ns
[11.856s][info ][safepoint      ] Safepoint "ICBufferFull", Time since last: 79700 ns, Reaching safepoint: 413102 ns, At safepoint: 28000 ns, Total: 441102 ns
[11.858s][info ][safepoint      ] Safepoint "ICBufferFull", Time since last: 1034604 ns, Reaching safepoint: 554603 ns, At safepoint: 25300 ns, Total: 579903 ns
[11.858s][info ][safepoint      ] Safepoint "ICBufferFull", Time since last: 82400 ns, Reaching safepoint: 85301 ns, At safepoint: 27900 ns, Total: 113201 ns
[11.858s][info ][safepoint      ] Safepoint "ICBufferFull", Time since last: 43800 ns, Reaching safepoint: 88000 ns, At safepoint: 32500 ns, Total: 120500 ns
[11.859s][info ][safepoint      ] Safepoint "ICBufferFull", Time since last: 165001 ns, Reaching safepoint: 90801 ns, At safepoint: 27700 ns, Total: 118501 ns
[11.860s][info ][safepoint      ] Safepoint "ICBufferFull", Time since last: 1118304 ns, Reaching safepoint: 108601 ns, At safepoint: 25200 ns, Total: 133801 ns
[11.860s][info ][safepoint      ] Safepoint "ICBufferFull", Time since last: 110000 ns, Reaching safepoint: 93701 ns, At safepoint: 30300 ns, Total: 124001 ns
[11.860s][info ][safepoint      ] Safepoint "ICBufferFull", Time since last: 34400 ns, Reaching safepoint: 81901 ns, At safepoint: 22300 ns, Total: 104201 ns
[11.861s][info ][safepoint      ] Safepoint "ICBufferFull", Time since last: 454902 ns, Reaching safepoint: 94300 ns, At safepoint: 21900 ns, Total: 116200 ns
[11.862s][info ][safepoint      ] Safepoint "ICBufferFull", Time since last: 1110705 ns, Reaching safepoint: 97300 ns, At safepoint: 22000 ns, Total: 119300 ns
[11.862s][info ][safepoint      ] Safepoint "ICBufferFull", Time since last: 166101 ns, Reaching safepoint: 92500 ns, At safepoint: 20300 ns, Total: 112800 ns
[11.863s][info ][safepoint      ] Safepoint "ICBufferFull", Time since last: 67401 ns, Reaching safepoint: 86200 ns, At safepoint: 26000 ns, Total: 112200 ns
[11.863s][info ][safepoint      ] Safepoint "ICBufferFull", Time since last: 138601 ns, Reaching safepoint: 92600 ns, At safepoint: 20500 ns, Total: 113100 ns
[11.864s][info ][safepoint      ] Safepoint "ICBufferFull", Time since last: 1103505 ns, Reaching safepoint: 102200 ns, At safepoint: 18001 ns, Total: 120201 ns
[11.864s][info ][safepoint      ] Safepoint "ICBufferFull", Time since last: 66200 ns, Reaching safepoint: 306401 ns, At safepoint: 26900 ns, Total: 333301 ns
[11.865s][info ][safepoint      ] Safepoint "ICBufferFull", Time since last: 32200 ns, Reaching safepoint: 164401 ns, At safepoint: 28200 ns, Total: 192601 ns
[11.874s][info ][safepoint      ] Safepoint "ICBufferFull", Time since last: 1626307 ns, Reaching safepoint: 7435432 ns, At safepoint: 27700 ns, Total: 7463132 ns
[11.876s][info ][safepoint      ] Safepoint "ICBufferFull", Time since last: 1583907 ns, Reaching safepoint: 99100 ns, At safepoint: 24000 ns, Total: 123100 ns
[11.876s][info ][safepoint      ] Safepoint "ICBufferFull", Time since last: 64500 ns, Reaching safepoint: 83601 ns, At safepoint: 20400 ns, Total: 104001 ns
[11.876s][info ][safepoint      ] Safepoint "ICBufferFull", Time since last: 54300 ns, Reaching safepoint: 162001 ns, At safepoint: 22000 ns, Total: 184001 ns
[11.876s][info ][safepoint      ] Safepoint "ICBufferFull", Time since last: 143201 ns, Reaching safepoint: 160700 ns, At safepoint: 23700 ns, Total: 184400 ns
[11.878s][info ][safepoint      ] Safepoint "ICBufferFull", Time since last: 1173405 ns, Reaching safepoint: 347002 ns, At safepoint: 21900 ns, Total: 368902 ns
[11.880s][info ][safepoint      ] Safepoint "ICBufferFull", Time since last: 2271610 ns, Reaching safepoint: 67100 ns, At safepoint: 33900 ns, Total: 101000 ns
[11.881s][info ][safepoint      ] Safepoint "ICBufferFull", Time since last: 225701 ns, Reaching safepoint: 102400 ns, At safepoint: 29101 ns, Total: 131501 ns
[11.881s][info ][safepoint      ] Safepoint "ICBufferFull", Time since last: 42000 ns, Reaching safepoint: 82400 ns, At safepoint: 26600 ns, Total: 109000 ns
[11.881s][info ][safepoint      ] Safepoint "ICBufferFull", Time since last: 34000 ns, Reaching safepoint: 76501 ns, At safepoint: 22200 ns, Total: 98701 ns
[11.883s][info ][safepoint      ] Safepoint "ICBufferFull", Time since last: 1749707 ns, Reaching safepoint: 166201 ns, At safepoint: 21400 ns, Total: 187601 ns
[11.885s][info ][safepoint      ] Safepoint "ICBufferFull", Time since last: 2483811 ns, Reaching safepoint: 94900 ns, At safepoint: 19400 ns, Total: 114300 ns
[11.886s][info ][safepoint      ] Safepoint "ICBufferFull", Time since last: 110101 ns, Reaching safepoint: 81300 ns, At safepoint: 15000 ns, Total: 96300 ns
[11.886s][info ][safepoint      ] Safepoint "ICBufferFull", Time since last: 59500 ns, Reaching safepoint: 93801 ns, At safepoint: 27600 ns, Total: 121401 ns
[11.886s][info ][safepoint      ] Safepoint "ICBufferFull", Time since last: 74100 ns, Reaching safepoint: 81900 ns, At safepoint: 21901 ns, Total: 103801 ns
[11.886s][info ][safepoint      ] Safepoint "ICBufferFull", Time since last: 170900 ns, Reaching safepoint: 86501 ns, At safepoint: 22400 ns, Total: 108901 ns
[11.886s][info ][safepoint      ] Safepoint "ICBufferFull", Time since last: 62700 ns, Reaching safepoint: 83500 ns, At safepoint: 25200 ns, Total: 108700 ns
[11.886s][info ][safepoint      ] Safepoint "ICBufferFull", Time since last: 41301 ns, Reaching safepoint: 83100 ns, At safepoint: 23300 ns, Total: 106400 ns
[11.888s][info ][safepoint      ] Safepoint "ICBufferFull", Time since last: 1458606 ns, Reaching safepoint: 99701 ns, At safepoint: 26500 ns, Total: 126201 ns
[11.888s][info ][safepoint      ] Safepoint "ICBufferFull", Time since last: 66000 ns, Reaching safepoint: 92600 ns, At safepoint: 28201 ns, Total: 120801 ns
[11.888s][info ][safepoint      ] Safepoint "ICBufferFull", Time since last: 42900 ns, Reaching safepoint: 81800 ns, At safepoint: 24900 ns, Total: 106700 ns
[11.890s][info ][safepoint      ] Safepoint "ICBufferFull", Time since last: 1244606 ns, Reaching safepoint: 97900 ns, At safepoint: 17500 ns, Total: 115400 ns
[11.890s][info ][safepoint      ] Safepoint "ICBufferFull", Time since last: 52400 ns, Reaching safepoint: 92401 ns, At safepoint: 28900 ns, Total: 121301 ns
[11.890s][info ][safepoint      ] Safepoint "ICBufferFull", Time since last: 50800 ns, Reaching safepoint: 94200 ns, At safepoint: 20600 ns, Total: 114800 ns
[11.890s][info ][safepoint      ] Safepoint "ICBufferFull", Time since last: 71201 ns, Reaching safepoint: 95400 ns, At safepoint: 29700 ns, Total: 125100 ns
[11.891s][info ][safepoint      ] Safepoint "ICBufferFull", Time since last: 83501 ns, Reaching safepoint: 81900 ns, At safepoint: 26200 ns, Total: 108100 ns
[11.892s][info ][safepoint      ] Safepoint "ICBufferFull", Time since last: 1365506 ns, Reaching safepoint: 85700 ns, At safepoint: 22900 ns, Total: 108600 ns
[11.892s][info ][safepoint      ] Safepoint "ICBufferFull", Time since last: 55501 ns, Reaching safepoint: 82400 ns, At safepoint: 24400 ns, Total: 106800 ns
[11.892s][info ][safepoint      ] Safepoint "ICBufferFull", Time since last: 121001 ns, Reaching safepoint: 99600 ns, At safepoint: 19100 ns, Total: 118700 ns
[11.893s][info ][safepoint      ] Safepoint "ICBufferFull", Time since last: 79500 ns, Reaching safepoint: 97801 ns, At safepoint: 20300 ns, Total: 118101 ns
[11.893s][info ][safepoint      ] Safepoint "ICBufferFull", Time since last: 81100 ns, Reaching safepoint: 91301 ns, At safepoint: 24400 ns, Total: 115701 ns
[11.893s][info ][safepoint      ] Safepoint "ICBufferFull", Time since last: 46800 ns, Reaching safepoint: 92300 ns, At safepoint: 30301 ns, Total: 122601 ns
[11.894s][info ][safepoint      ] Safepoint "ICBufferFull", Time since last: 1205505 ns, Reaching safepoint: 93500 ns, At safepoint: 17300 ns, Total: 110800 ns
[11.894s][info ][safepoint      ] Safepoint "ICBufferFull", Time since last: 67000 ns, Reaching safepoint: 92601 ns, At safepoint: 28800 ns, Total: 121401 ns
[11.895s][info ][safepoint      ] Safepoint "ICBufferFull", Time since last: 92600 ns, Reaching safepoint: 90601 ns, At safepoint: 26500 ns, Total: 117101 ns
[11.895s][info ][safepoint      ] Safepoint "ICBufferFull", Time since last: 214501 ns, Reaching safepoint: 87800 ns, At safepoint: 27900 ns, Total: 115700 ns
[11.895s][info ][safepoint      ] Safepoint "ICBufferFull", Time since last: 56701 ns, Reaching safepoint: 162400 ns, At safepoint: 30900 ns, Total: 193300 ns
[11.896s][info ][safepoint      ] Safepoint "ICBufferFull", Time since last: 873604 ns, Reaching safepoint: 93400 ns, At safepoint: 18601 ns, Total: 112001 ns
[11.896s][info ][safepoint      ] Safepoint "ICBufferFull", Time since last: 65600 ns, Reaching safepoint: 86800 ns, At safepoint: 22100 ns, Total: 108900 ns
[11.897s][info ][safepoint      ] Safepoint "ICBufferFull", Time since last: 51400 ns, Reaching safepoint: 81801 ns, At safepoint: 25300 ns, Total: 107101 ns
[11.897s][info ][safepoint      ] Safepoint "ICBufferFull", Time since last: 45700 ns, Reaching safepoint: 87701 ns, At safepoint: 22500 ns, Total: 110201 ns
[11.897s][info ][safepoint      ] Safepoint "ICBufferFull", Time since last: 28400 ns, Reaching safepoint: 83200 ns, At safepoint: 24400 ns, Total: 107600 ns
[11.898s][info ][safepoint      ] Safepoint "ICBufferFull", Time since last: 852604 ns, Reaching safepoint: 97400 ns, At safepoint: 12700 ns, Total: 110100 ns
[11.898s][info ][safepoint      ] Safepoint "ICBufferFull", Time since last: 50301 ns, Reaching safepoint: 86200 ns, At safepoint: 23200 ns, Total: 109400 ns
[11.898s][info ][safepoint      ] Safepoint "ICBufferFull", Time since last: 35600 ns, Reaching safepoint: 79300 ns, At safepoint: 20301 ns, Total: 99601 ns
[11.898s][info ][safepoint      ] Safepoint "ICBufferFull", Time since last: 64300 ns, Reaching safepoint: 84300 ns, At safepoint: 30100 ns, Total: 114400 ns
[11.898s][info ][safepoint      ] Safepoint "ICBufferFull", Time since last: 48601 ns, Reaching safepoint: 88800 ns, At safepoint: 26900 ns, Total: 115700 ns
[11.900s][info ][safepoint      ] Safepoint "ICBufferFull", Time since last: 1147805 ns, Reaching safepoint: 57200 ns, At safepoint: 17000 ns, Total: 74200 ns
[11.900s][info ][safepoint      ] Safepoint "ICBufferFull", Time since last: 91001 ns, Reaching safepoint: 101400 ns, At safepoint: 16900 ns, Total: 118300 ns
[11.900s][info ][safepoint      ] Safepoint "ICBufferFull", Time since last: 86100 ns, Reaching safepoint: 82801 ns, At safepoint: 21700 ns, Total: 104501 ns
[11.900s][info ][safepoint      ] Safepoint "ICBufferFull", Time since last: 71600 ns, Reaching safepoint: 88201 ns, At safepoint: 22400 ns, Total: 110601 ns
[11.900s][info ][safepoint      ] Safepoint "ICBufferFull", Time since last: 38000 ns, Reaching safepoint: 93300 ns, At safepoint: 20200 ns, Total: 113500 ns
[11.902s][info ][safepoint      ] Safepoint "ICBufferFull", Time since last: 1575507 ns, Reaching safepoint: 100000 ns, At safepoint: 22001 ns, Total: 122001 ns
[11.902s][info ][safepoint      ] Safepoint "ICBufferFull", Time since last: 150600 ns, Reaching safepoint: 90601 ns, At safepoint: 25200 ns, Total: 115801 ns
[11.903s][info ][safepoint      ] Safepoint "ICBufferFull", Time since last: 52600 ns, Reaching safepoint: 85100 ns, At safepoint: 27300 ns, Total: 112400 ns
[11.903s][info ][safepoint      ] Safepoint "ICBufferFull", Time since last: 82701 ns, Reaching safepoint: 87000 ns, At safepoint: 22300 ns, Total: 109300 ns
[11.905s][info ][safepoint      ] Safepoint "ICBufferFull", Time since last: 1697907 ns, Reaching safepoint: 102901 ns, At safepoint: 17400 ns, Total: 120301 ns
[11.905s][info ][safepoint      ] Safepoint "ICBufferFull", Time since last: 64700 ns, Reaching safepoint: 95201 ns, At safepoint: 25700 ns, Total: 120901 ns
[11.905s][info ][safepoint      ] Safepoint "ICBufferFull", Time since last: 72500 ns, Reaching safepoint: 93400 ns, At safepoint: 27801 ns, Total: 121201 ns
[11.905s][info ][safepoint      ] Safepoint "ICBufferFull", Time since last: 60800 ns, Reaching safepoint: 84900 ns, At safepoint: 29400 ns, Total: 114300 ns
[11.906s][info ][safepoint      ] Safepoint "ICBufferFull", Time since last: 1297306 ns, Reaching safepoint: 61800 ns, At safepoint: 13000 ns, Total: 74800 ns
[11.913s][info ][safepoint      ] Safepoint "ICBufferFull", Time since last: 6762829 ns, Reaching safepoint: 102500 ns, At safepoint: 23801 ns, Total: 126301 ns
[11.914s][info ][safepoint      ] Safepoint "ICBufferFull", Time since last: 72900 ns, Reaching safepoint: 89200 ns, At safepoint: 27100 ns, Total: 116300 ns
[11.916s][info ][safepoint      ] Safepoint "ICBufferFull", Time since last: 2360210 ns, Reaching safepoint: 103101 ns, At safepoint: 21400 ns, Total: 124501 ns
[11.917s][info ][safepoint      ] Safepoint "ICBufferFull", Time since last: 1149205 ns, Reaching safepoint: 94900 ns, At safepoint: 18700 ns, Total: 113600 ns
[11.917s][info ][safepoint      ] Safepoint "ICBufferFull", Time since last: 44801 ns, Reaching safepoint: 90500 ns, At safepoint: 19400 ns, Total: 109900 ns
[11.919s][info ][safepoint      ] Safepoint "ICBufferFull", Time since last: 1069605 ns, Reaching safepoint: 98400 ns, At safepoint: 16500 ns, Total: 114900 ns
[11.919s][info ][safepoint      ] Safepoint "ICBufferFull", Time since last: 72600 ns, Reaching safepoint: 94601 ns, At safepoint: 19000 ns, Total: 113601 ns
[11.919s][info ][safepoint      ] Safepoint "ICBufferFull", Time since last: 41300 ns, Reaching safepoint: 90100 ns, At safepoint: 17300 ns, Total: 107400 ns
[11.919s][info ][safepoint      ] Safepoint "ICBufferFull", Time since last: 117601 ns, Reaching safepoint: 102000 ns, At safepoint: 22201 ns, Total: 124201 ns
[11.920s][info ][safepoint      ] Safepoint "ICBufferFull", Time since last: 762603 ns, Reaching safepoint: 90000 ns, At safepoint: 13600 ns, Total: 103600 ns
[11.920s][info ][safepoint      ] Safepoint "ICBufferFull", Time since last: 50100 ns, Reaching safepoint: 92601 ns, At safepoint: 17700 ns, Total: 110301 ns
[11.920s][info ][safepoint      ] Safepoint "ICBufferFull", Time since last: 66400 ns, Reaching safepoint: 86401 ns, At safepoint: 9800 ns, Total: 96201 ns
[11.921s][info ][safepoint      ] Safepoint "ICBufferFull", Time since last: 169500 ns, Reaching safepoint: 310602 ns, At safepoint: 22600 ns, Total: 333202 ns
[11.921s][info ][safepoint      ] Safepoint "ICBufferFull", Time since last: 41800 ns, Reaching safepoint: 93800 ns, At safepoint: 23900 ns, Total: 117700 ns
[11.922s][info ][safepoint      ] Safepoint "ICBufferFull", Time since last: 751704 ns, Reaching safepoint: 90300 ns, At safepoint: 13200 ns, Total: 103500 ns
[11.923s][info ][safepoint      ] Safepoint "ICBufferFull", Time since last: 1042205 ns, Reaching safepoint: 91400 ns, At safepoint: 8700 ns, Total: 100100 ns
[11.923s][info ][safepoint      ] Safepoint "ICBufferFull", Time since last: 53300 ns, Reaching safepoint: 88201 ns, At safepoint: 16200 ns, Total: 104401 ns
[11.923s][info ][safepoint      ] Safepoint "ICBufferFull", Time since last: 89300 ns, Reaching safepoint: 101100 ns, At safepoint: 20100 ns, Total: 121200 ns
[11.924s][info ][safepoint      ] Safepoint "ICBufferFull", Time since last: 165601 ns, Reaching safepoint: 87801 ns, At safepoint: 16900 ns, Total: 104701 ns
[11.924s][info ][safepoint      ] Safepoint "ICBufferFull", Time since last: 139500 ns, Reaching safepoint: 88001 ns, At safepoint: 18700 ns, Total: 106701 ns
[11.925s][info ][safepoint      ] Safepoint "ICBufferFull", Time since last: 743703 ns, Reaching safepoint: 87900 ns, At safepoint: 17100 ns, Total: 105000 ns
[11.929s][info ][safepoint      ] Safepoint "ICBufferFull", Time since last: 4171818 ns, Reaching safepoint: 90700 ns, At safepoint: 20601 ns, Total: 111301 ns
[11.929s][info ][safepoint      ] Safepoint "ICBufferFull", Time since last: 56400 ns, Reaching safepoint: 86300 ns, At safepoint: 29200 ns, Total: 115500 ns
[11.929s][info ][safepoint      ] Safepoint "ICBufferFull", Time since last: 63301 ns, Reaching safepoint: 85900 ns, At safepoint: 28300 ns, Total: 114200 ns
[11.930s][info ][safepoint      ] Safepoint "ICBufferFull", Time since last: 61900 ns, Reaching safepoint: 83601 ns, At safepoint: 24700 ns, Total: 108301 ns
[11.930s][info ][safepoint      ] Safepoint "ICBufferFull", Time since last: 54600 ns, Reaching safepoint: 94500 ns, At safepoint: 27301 ns, Total: 121801 ns
[11.931s][info ][safepoint      ] Safepoint "ICBufferFull", Time since last: 698803 ns, Reaching safepoint: 91800 ns, At safepoint: 6900 ns, Total: 98700 ns
[11.931s][info ][safepoint      ] Safepoint "ICBufferFull", Time since last: 61100 ns, Reaching safepoint: 79401 ns, At safepoint: 20600 ns, Total: 100001 ns
[11.931s][info ][safepoint      ] Safepoint "ICBufferFull", Time since last: 37300 ns, Reaching safepoint: 90900 ns, At safepoint: 20800 ns, Total: 111700 ns
[11.931s][info ][safepoint      ] Safepoint "ICBufferFull", Time since last: 113801 ns, Reaching safepoint: 83000 ns, At safepoint: 16100 ns, Total: 99100 ns
[11.931s][info ][safepoint      ] Safepoint "ICBufferFull", Time since last: 33000 ns, Reaching safepoint: 85601 ns, At safepoint: 22600 ns, Total: 108201 ns
[11.931s][info ][safepoint      ] Safepoint "ICBufferFull", Time since last: 32800 ns, Reaching safepoint: 80000 ns, At safepoint: 26400 ns, Total: 106400 ns
[11.932s][info ][safepoint      ] Safepoint "ICBufferFull", Time since last: 698303 ns, Reaching safepoint: 85901 ns, At safepoint: 19400 ns, Total: 105301 ns
[11.932s][info ][safepoint      ] Safepoint "ICBufferFull", Time since last: 57400 ns, Reaching safepoint: 87100 ns, At safepoint: 22101 ns, Total: 109201 ns
[11.932s][info ][safepoint      ] Safepoint "ICBufferFull", Time since last: 49000 ns, Reaching safepoint: 83100 ns, At safepoint: 19600 ns, Total: 102700 ns
[11.933s][info ][safepoint      ] Safepoint "ICBufferFull", Time since last: 51000 ns, Reaching safepoint: 82501 ns, At safepoint: 21100 ns, Total: 103601 ns
[11.933s][info ][safepoint      ] Safepoint "ICBufferFull", Time since last: 29100 ns, Reaching safepoint: 83200 ns, At safepoint: 21400 ns, Total: 104600 ns
[11.934s][info ][safepoint      ] Safepoint "ICBufferFull", Time since last: 643203 ns, Reaching safepoint: 91601 ns, At safepoint: 10100 ns, Total: 101701 ns
[11.934s][info ][safepoint      ] Safepoint "ICBufferFull", Time since last: 59600 ns, Reaching safepoint: 85800 ns, At safepoint: 22300 ns, Total: 108100 ns
[11.934s][info ][safepoint      ] Safepoint "ICBufferFull", Time since last: 42300 ns, Reaching safepoint: 85801 ns, At safepoint: 16300 ns, Total: 102101 ns
[11.934s][info ][safepoint      ] Safepoint "ICBufferFull", Time since last: 118200 ns, Reaching safepoint: 95501 ns, At safepoint: 25600 ns, Total: 121101 ns
[11.934s][info ][safepoint      ] Safepoint "ICBufferFull", Time since last: 34300 ns, Reaching safepoint: 90700 ns, At safepoint: 24701 ns, Total: 115401 ns
[11.935s][info ][safepoint      ] Safepoint "ICBufferFull", Time since last: 705303 ns, Reaching safepoint: 90100 ns, At safepoint: 9300 ns, Total: 99400 ns
[11.935s][info ][safepoint      ] Safepoint "ICBufferFull", Time since last: 57500 ns, Reaching safepoint: 85401 ns, At safepoint: 17800 ns, Total: 103201 ns
[11.935s][info ][safepoint      ] Safepoint "ICBufferFull", Time since last: 32000 ns, Reaching safepoint: 85100 ns, At safepoint: 21000 ns, Total: 106100 ns
[11.936s][info ][safepoint      ] Safepoint "ICBufferFull", Time since last: 143401 ns, Reaching safepoint: 85500 ns, At safepoint: 15500 ns, Total: 101000 ns
[11.936s][info ][safepoint      ] Safepoint "ICBufferFull", Time since last: 104101 ns, Reaching safepoint: 84800 ns, At safepoint: 19500 ns, Total: 104300 ns
[11.936s][info ][safepoint      ] Safepoint "ICBufferFull", Time since last: 34300 ns, Reaching safepoint: 66301 ns, At safepoint: 25700 ns, Total: 92001 ns
[11.937s][info ][safepoint      ] Safepoint "ICBufferFull", Time since last: 759303 ns, Reaching safepoint: 96700 ns, At safepoint: 10500 ns, Total: 107200 ns
[11.937s][info ][safepoint      ] Safepoint "ICBufferFull", Time since last: 71701 ns, Reaching safepoint: 82500 ns, At safepoint: 25000 ns, Total: 107500 ns
[11.937s][info ][safepoint      ] Safepoint "ICBufferFull", Time since last: 62800 ns, Reaching safepoint: 82601 ns, At safepoint: 21000 ns, Total: 103601 ns
[11.937s][info ][safepoint      ] Safepoint "ICBufferFull", Time since last: 55900 ns, Reaching safepoint: 80200 ns, At safepoint: 23401 ns, Total: 103601 ns
[11.938s][info ][safepoint      ] Safepoint "ICBufferFull", Time since last: 108300 ns, Reaching safepoint: 95000 ns, At safepoint: 19101 ns, Total: 114101 ns
[11.938s][info ][safepoint      ] Safepoint "ICBufferFull", Time since last: 113900 ns, Reaching safepoint: 90000 ns, At safepoint: 25900 ns, Total: 115900 ns
[11.939s][info ][safepoint      ] Safepoint "ICBufferFull", Time since last: 729304 ns, Reaching safepoint: 84000 ns, At safepoint: 18600 ns, Total: 102600 ns
[11.939s][info ][safepoint      ] Safepoint "ICBufferFull", Time since last: 55300 ns, Reaching safepoint: 81801 ns, At safepoint: 23000 ns, Total: 104801 ns
[11.939s][info ][safepoint      ] Safepoint "ICBufferFull", Time since last: 49900 ns, Reaching safepoint: 81000 ns, At safepoint: 17300 ns, Total: 98300 ns
[11.939s][info ][safepoint      ] Safepoint "ICBufferFull", Time since last: 42801 ns, Reaching safepoint: 88200 ns, At safepoint: 23900 ns, Total: 112100 ns
[11.939s][info ][safepoint      ] Safepoint "ICBufferFull", Time since last: 36200 ns, Reaching safepoint: 92701 ns, At safepoint: 22700 ns, Total: 115401 ns
[11.940s][info ][safepoint      ] Safepoint "ICBufferFull", Time since last: 691203 ns, Reaching safepoint: 87300 ns, At safepoint: 7100 ns, Total: 94400 ns
[11.940s][info ][safepoint      ] Safepoint "ICBufferFull", Time since last: 57700 ns, Reaching safepoint: 87801 ns, At safepoint: 16300 ns, Total: 104101 ns
[11.940s][info ][safepoint      ] Safepoint "ICBufferFull", Time since last: 48300 ns, Reaching safepoint: 86300 ns, At safepoint: 15600 ns, Total: 101900 ns
[11.940s][info ][safepoint      ] Safepoint "ICBufferFull", Time since last: 66701 ns, Reaching safepoint: 85100 ns, At safepoint: 22000 ns, Total: 107100 ns
[11.941s][info ][safepoint      ] Safepoint "ICBufferFull", Time since last: 56000 ns, Reaching safepoint: 93001 ns, At safepoint: 26900 ns, Total: 119901 ns
[11.941s][info ][safepoint      ] Safepoint "ICBufferFull", Time since last: 50700 ns, Reaching safepoint: 99200 ns, At safepoint: 22801 ns, Total: 122001 ns
[11.942s][info ][safepoint      ] Safepoint "ICBufferFull", Time since last: 678102 ns, Reaching safepoint: 95701 ns, At safepoint: 16300 ns, Total: 112001 ns
[11.942s][info ][safepoint      ] Safepoint "ICBufferFull", Time since last: 59200 ns, Reaching safepoint: 82101 ns, At safepoint: 16200 ns, Total: 98301 ns
[11.942s][info ][safepoint      ] Safepoint "ICBufferFull", Time since last: 44000 ns, Reaching safepoint: 81200 ns, At safepoint: 22700 ns, Total: 103900 ns
[11.945s][info ][safepoint      ] Safepoint "ICBufferFull", Time since last: 3335614 ns, Reaching safepoint: 84901 ns, At safepoint: 22200 ns, Total: 107101 ns
[11.945s][info ][safepoint      ] Safepoint "ICBufferFull", Time since last: 50200 ns, Reaching safepoint: 84000 ns, At safepoint: 18701 ns, Total: 102701 ns
[11.946s][info ][safepoint      ] Safepoint "ICBufferFull", Time since last: 515902 ns, Reaching safepoint: 86400 ns, At safepoint: 23000 ns, Total: 109400 ns
[11.946s][info ][safepoint      ] Safepoint "ICBufferFull", Time since last: 100901 ns, Reaching safepoint: 87500 ns, At safepoint: 18900 ns, Total: 106400 ns
[11.947s][info ][safepoint      ] Safepoint "ICBufferFull", Time since last: 82000 ns, Reaching safepoint: 94801 ns, At safepoint: 22300 ns, Total: 117101 ns
[11.949s][info ][safepoint      ] Safepoint "ICBufferFull", Time since last: 2704011 ns, Reaching safepoint: 87701 ns, At safepoint: 22800 ns, Total: 110501 ns
[11.949s][info ][safepoint      ] Safepoint "ICBufferFull", Time since last: 47500 ns, Reaching safepoint: 84001 ns, At safepoint: 20800 ns, Total: 104801 ns
[11.950s][info ][safepoint      ] Safepoint "ICBufferFull", Time since last: 54800 ns, Reaching safepoint: 84000 ns, At safepoint: 21700 ns, Total: 105700 ns
[11.950s][info ][safepoint      ] Safepoint "ICBufferFull", Time since last: 134801 ns, Reaching safepoint: 88100 ns, At safepoint: 22500 ns, Total: 110600 ns
[11.950s][info ][safepoint      ] Safepoint "ICBufferFull", Time since last: 33400 ns, Reaching safepoint: 83201 ns, At safepoint: 19300 ns, Total: 102501 ns
[11.951s][info ][safepoint      ] Safepoint "ICBufferFull", Time since last: 679403 ns, Reaching safepoint: 90500 ns, At safepoint: 11100 ns, Total: 101600 ns
[11.951s][info ][safepoint      ] Safepoint "ICBufferFull", Time since last: 56400 ns, Reaching safepoint: 87401 ns, At safepoint: 28000 ns, Total: 115401 ns
[11.951s][info ][safepoint      ] Safepoint "ICBufferFull", Time since last: 39600 ns, Reaching safepoint: 86301 ns, At safepoint: 28000 ns, Total: 114301 ns
[11.951s][info ][safepoint      ] Safepoint "ICBufferFull", Time since last: 62200 ns, Reaching safepoint: 84900 ns, At safepoint: 26500 ns, Total: 111400 ns
[11.951s][info ][safepoint      ] Safepoint "ICBufferFull", Time since last: 55901 ns, Reaching safepoint: 91400 ns, At safepoint: 20800 ns, Total: 112200 ns
[11.952s][info ][safepoint      ] Safepoint "ICBufferFull", Time since last: 83900 ns, Reaching safepoint: 94601 ns, At safepoint: 17100 ns, Total: 111701 ns
[11.952s][info ][safepoint      ] Safepoint "ICBufferFull", Time since last: 682803 ns, Reaching safepoint: 82600 ns, At safepoint: 17400 ns, Total: 100000 ns
[11.953s][info ][safepoint      ] Safepoint "ICBufferFull", Time since last: 51400 ns, Reaching safepoint: 81901 ns, At safepoint: 21900 ns, Total: 103801 ns
[11.953s][info ][safepoint      ] Safepoint "ICBufferFull", Time since last: 91400 ns, Reaching safepoint: 84201 ns, At safepoint: 20400 ns, Total: 104601 ns
[11.953s][info ][safepoint      ] Safepoint "ICBufferFull", Time since last: 52300 ns, Reaching safepoint: 83400 ns, At safepoint: 17900 ns, Total: 101300 ns
[11.954s][info ][safepoint      ] Safepoint "ICBufferFull", Time since last: 721603 ns, Reaching safepoint: 94701 ns, At safepoint: 8500 ns, Total: 103201 ns
[11.954s][info ][safepoint      ] Safepoint "ICBufferFull", Time since last: 70700 ns, Reaching safepoint: 86801 ns, At safepoint: 20700 ns, Total: 107501 ns
[11.954s][info ][safepoint      ] Safepoint "ICBufferFull", Time since last: 30400 ns, Reaching safepoint: 86300 ns, At safepoint: 15100 ns, Total: 101400 ns
[11.954s][info ][safepoint      ] Safepoint "ICBufferFull", Time since last: 45700 ns, Reaching safepoint: 84801 ns, At safepoint: 20600 ns, Total: 105401 ns
[11.954s][info ][safepoint      ] Safepoint "ICBufferFull", Time since last: 20500 ns, Reaching safepoint: 83700 ns, At safepoint: 17400 ns, Total: 101100 ns
[11.955s][info ][safepoint      ] Safepoint "ICBufferFull", Time since last: 70501 ns, Reaching safepoint: 64900 ns, At safepoint: 15800 ns, Total: 80700 ns
[11.955s][info ][safepoint      ] Safepoint "ICBufferFull", Time since last: 653803 ns, Reaching safepoint: 92900 ns, At safepoint: 10100 ns, Total: 103000 ns
[11.956s][info ][safepoint      ] Safepoint "ICBufferFull", Time since last: 623703 ns, Reaching safepoint: 91300 ns, At safepoint: 18000 ns, Total: 109300 ns
[11.956s][info ][safepoint      ] Safepoint "ICBufferFull", Time since last: 62001 ns, Reaching safepoint: 49800 ns, At safepoint: 18500 ns, Total: 68300 ns
[11.956s][info ][safepoint      ] Safepoint "ICBufferFull", Time since last: 130401 ns, Reaching safepoint: 88500 ns, At safepoint: 21400 ns, Total: 109900 ns
[11.957s][info ][safepoint      ] Safepoint "ICBufferFull", Time since last: 83200 ns, Reaching safepoint: 84501 ns, At safepoint: 22600 ns, Total: 107101 ns
[11.957s][info ][safepoint      ] Safepoint "ICBufferFull", Time since last: 95600 ns, Reaching safepoint: 86501 ns, At safepoint: 20700 ns, Total: 107201 ns
[11.958s][info ][safepoint      ] Safepoint "ICBufferFull", Time since last: 682103 ns, Reaching safepoint: 85400 ns, At safepoint: 8500 ns, Total: 93900 ns
[11.958s][info ][safepoint      ] Safepoint "ICBufferFull", Time since last: 63600 ns, Reaching safepoint: 84501 ns, At safepoint: 21200 ns, Total: 105701 ns
[11.958s][info ][safepoint      ] Safepoint "ICBufferFull", Time since last: 48500 ns, Reaching safepoint: 95400 ns, At safepoint: 25500 ns, Total: 120900 ns
[11.958s][info ][safepoint      ] Safepoint "ICBufferFull", Time since last: 62401 ns, Reaching safepoint: 91800 ns, At safepoint: 25000 ns, Total: 116800 ns
[11.958s][info ][safepoint      ] Safepoint "ICBufferFull", Time since last: 37400 ns, Reaching safepoint: 90201 ns, At safepoint: 24100 ns, Total: 114301 ns
[11.958s][info ][safepoint      ] Safepoint "ICBufferFull", Time since last: 123300 ns, Reaching safepoint: 89201 ns, At safepoint: 20600 ns, Total: 109801 ns
[11.959s][info ][safepoint      ] Safepoint "ICBufferFull", Time since last: 728403 ns, Reaching safepoint: 101500 ns, At safepoint: 16200 ns, Total: 117700 ns
[11.959s][info ][safepoint      ] Safepoint "ICBufferFull", Time since last: 58101 ns, Reaching safepoint: 91200 ns, At safepoint: 22300 ns, Total: 113500 ns
[11.960s][info ][safepoint      ] Safepoint "ICBufferFull", Time since last: 54900 ns, Reaching safepoint: 88901 ns, At safepoint: 22000 ns, Total: 110901 ns
[11.960s][info ][safepoint      ] Safepoint "ICBufferFull", Time since last: 47200 ns, Reaching safepoint: 89800 ns, At safepoint: 23301 ns, Total: 113101 ns
[11.960s][info ][safepoint      ] Safepoint "ICBufferFull", Time since last: 63300 ns, Reaching safepoint: 89500 ns, At safepoint: 22400 ns, Total: 111900 ns
[11.960s][info ][safepoint      ] Safepoint "ICBufferFull", Time since last: 73201 ns, Reaching safepoint: 91500 ns, At safepoint: 25800 ns, Total: 117300 ns
[11.961s][info ][safepoint      ] Safepoint "ICBufferFull", Time since last: 677803 ns, Reaching safepoint: 93500 ns, At safepoint: 13800 ns, Total: 107300 ns
[11.961s][info ][safepoint      ] Safepoint "ICBufferFull", Time since last: 49801 ns, Reaching safepoint: 81900 ns, At safepoint: 18700 ns, Total: 100600 ns
[11.961s][info ][safepoint      ] Safepoint "ICBufferFull", Time since last: 56700 ns, Reaching safepoint: 45601 ns, At safepoint: 25200 ns, Total: 70801 ns
[11.962s][info ][safepoint      ] Safepoint "ICBufferFull", Time since last: 378101 ns, Reaching safepoint: 88601 ns, At safepoint: 19400 ns, Total: 108001 ns
[11.962s][info ][safepoint      ] Safepoint "ICBufferFull", Time since last: 90700 ns, Reaching safepoint: 85000 ns, At safepoint: 22101 ns, Total: 107101 ns
[11.962s][info ][safepoint      ] Safepoint "ICBufferFull", Time since last: 35100 ns, Reaching safepoint: 82200 ns, At safepoint: 23200 ns, Total: 105400 ns
[11.966s][info ][safepoint      ] Safepoint "ICBufferFull", Time since last: 670703 ns, Reaching safepoint: 3146513 ns, At safepoint: 17400 ns, Total: 3163913 ns
[11.966s][info ][safepoint      ] Safepoint "ICBufferFull", Time since last: 57301 ns, Reaching safepoint: 85400 ns, At safepoint: 24100 ns, Total: 109500 ns
[11.966s][info ][safepoint      ] Safepoint "ICBufferFull", Time since last: 45500 ns, Reaching safepoint: 85301 ns, At safepoint: 20200 ns, Total: 105501 ns
[11.966s][info ][safepoint      ] Safepoint "ICBufferFull", Time since last: 47300 ns, Reaching safepoint: 88300 ns, At safepoint: 16700 ns, Total: 105000 ns
[11.967s][info ][safepoint      ] Safepoint "ICBufferFull", Time since last: 48701 ns, Reaching safepoint: 91800 ns, At safepoint: 20600 ns, Total: 112400 ns
[11.967s][info ][safepoint      ] Safepoint "ICBufferFull", Time since last: 769203 ns, Reaching safepoint: 85901 ns, At safepoint: 16200 ns, Total: 102101 ns
[11.973s][info ][safepoint      ] Safepoint "ICBufferFull", Time since last: 5071922 ns, Reaching safepoint: 95300 ns, At safepoint: 19400 ns, Total: 114700 ns
[11.973s][info ][safepoint      ] Safepoint "ICBufferFull", Time since last: 59700 ns, Reaching safepoint: 93301 ns, At safepoint: 25300 ns, Total: 118601 ns
[11.977s][info ][safepoint      ] Safepoint "ICBufferFull", Time since last: 4465419 ns, Reaching safepoint: 93000 ns, At safepoint: 18700 ns, Total: 111700 ns
[11.978s][info ][safepoint      ] Safepoint "ICBufferFull", Time since last: 76101 ns, Reaching safepoint: 98000 ns, At safepoint: 20600 ns, Total: 118600 ns
[11.978s][info ][safepoint      ] Safepoint "ICBufferFull", Time since last: 35500 ns, Reaching safepoint: 86501 ns, At safepoint: 21400 ns, Total: 107901 ns
[11.978s][info ][safepoint      ] Safepoint "ICBufferFull", Time since last: 42700 ns, Reaching safepoint: 97600 ns, At safepoint: 26900 ns, Total: 124500 ns
[11.978s][info ][safepoint      ] Safepoint "ICBufferFull", Time since last: 48701 ns, Reaching safepoint: 90900 ns, At safepoint: 19500 ns, Total: 110400 ns
[11.978s][info ][safepoint      ] Safepoint "ICBufferFull", Time since last: 33900 ns, Reaching safepoint: 89001 ns, At safepoint: 24900 ns, Total: 113901 ns
[11.979s][info ][safepoint      ] Safepoint "ICBufferFull", Time since last: 826803 ns, Reaching safepoint: 92401 ns, At safepoint: 19300 ns, Total: 111701 ns
[11.979s][info ][safepoint      ] Safepoint "ICBufferFull", Time since last: 78400 ns, Reaching safepoint: 87500 ns, At safepoint: 18201 ns, Total: 105701 ns
[11.979s][info ][safepoint      ] Safepoint "ICBufferFull", Time since last: 68900 ns, Reaching safepoint: 88100 ns, At safepoint: 19500 ns, Total: 107600 ns
[11.980s][info ][safepoint      ] Safepoint "ICBufferFull", Time since last: 34200 ns, Reaching safepoint: 100801 ns, At safepoint: 19700 ns, Total: 120501 ns
[11.980s][info ][safepoint      ] Safepoint "ICBufferFull", Time since last: 753503 ns, Reaching safepoint: 93701 ns, At safepoint: 15100 ns, Total: 108801 ns
[11.981s][info ][safepoint      ] Safepoint "ICBufferFull", Time since last: 55000 ns, Reaching safepoint: 80000 ns, At safepoint: 15800 ns, Total: 95800 ns
[11.982s][info ][safepoint      ] Safepoint "ICBufferFull", Time since last: 926504 ns, Reaching safepoint: 92701 ns, At safepoint: 22600 ns, Total: 115301 ns
[11.982s][info ][safepoint      ] Safepoint "ICBufferFull", Time since last: 48200 ns, Reaching safepoint: 86500 ns, At safepoint: 18700 ns, Total: 105200 ns
[11.982s][info ][safepoint      ] Safepoint "ICBufferFull", Time since last: 56401 ns, Reaching safepoint: 91100 ns, At safepoint: 18500 ns, Total: 109600 ns
[11.982s][info ][safepoint      ] Safepoint "ICBufferFull", Time since last: 40200 ns, Reaching safepoint: 79601 ns, At safepoint: 20800 ns, Total: 100401 ns
[11.982s][info ][safepoint      ] Safepoint "ICBufferFull", Time since last: 88100 ns, Reaching safepoint: 103400 ns, At safepoint: 19301 ns, Total: 122701 ns
[11.983s][info ][safepoint      ] Safepoint "ICBufferFull", Time since last: 729303 ns, Reaching safepoint: 90200 ns, At safepoint: 13200 ns, Total: 103400 ns
[11.983s][info ][safepoint      ] Safepoint "ICBufferFull", Time since last: 53600 ns, Reaching safepoint: 79801 ns, At safepoint: 22600 ns, Total: 102401 ns
[11.985s][info ][safepoint      ] Safepoint "ICBufferFull", Time since last: 1893008 ns, Reaching safepoint: 91900 ns, At safepoint: 24100 ns, Total: 116000 ns
[11.985s][info ][safepoint      ] Safepoint "ICBufferFull", Time since last: 48601 ns, Reaching safepoint: 76600 ns, At safepoint: 22200 ns, Total: 98800 ns
[11.986s][info ][safepoint      ] Safepoint "ICBufferFull", Time since last: 60000 ns, Reaching safepoint: 85301 ns, At safepoint: 17600 ns, Total: 102901 ns
[11.986s][info ][safepoint      ] Safepoint "ICBufferFull", Time since last: 48400 ns, Reaching safepoint: 84000 ns, At safepoint: 20400 ns, Total: 104400 ns
[11.986s][info ][safepoint      ] Safepoint "ICBufferFull", Time since last: 110201 ns, Reaching safepoint: 84800 ns, At safepoint: 22400 ns, Total: 107200 ns
[11.987s][info ][safepoint      ] Safepoint "ICBufferFull", Time since last: 646903 ns, Reaching safepoint: 86500 ns, At safepoint: 19800 ns, Total: 106300 ns
[11.987s][info ][safepoint      ] Safepoint "ICBufferFull", Time since last: 52901 ns, Reaching safepoint: 86900 ns, At safepoint: 19300 ns, Total: 106200 ns
[11.987s][info ][safepoint      ] Safepoint "ICBufferFull", Time since last: 48400 ns, Reaching safepoint: 81301 ns, At safepoint: 20700 ns, Total: 102001 ns
[11.987s][info ][safepoint      ] Safepoint "ICBufferFull", Time since last: 37200 ns, Reaching safepoint: 82000 ns, At safepoint: 20600 ns, Total: 102600 ns
[11.988s][info ][safepoint      ] Safepoint "ICBufferFull", Time since last: 683103 ns, Reaching safepoint: 85601 ns, At safepoint: 12600 ns, Total: 98201 ns
[11.988s][info ][safepoint      ] Safepoint "ICBufferFull", Time since last: 37200 ns, Reaching safepoint: 55700 ns, At safepoint: 23600 ns, Total: 79300 ns
[11.989s][info ][safepoint      ] Safepoint "ICBufferFull", Time since last: 955904 ns, Reaching safepoint: 83501 ns, At safepoint: 22500 ns, Total: 106001 ns
[11.989s][info ][safepoint      ] Safepoint "ICBufferFull", Time since last: 61000 ns, Reaching safepoint: 86000 ns, At safepoint: 22600 ns, Total: 108600 ns
[11.989s][info ][safepoint      ] Safepoint "ICBufferFull", Time since last: 23501 ns, Reaching safepoint: 82500 ns, At safepoint: 16400 ns, Total: 98900 ns
[11.990s][info ][safepoint      ] Safepoint "ICBufferFull", Time since last: 49400 ns, Reaching safepoint: 84301 ns, At safepoint: 23200 ns, Total: 107501 ns
[11.990s][info ][safepoint      ] Safepoint "ICBufferFull", Time since last: 29000 ns, Reaching safepoint: 83700 ns, At safepoint: 29300 ns, Total: 113000 ns
[11.991s][info ][safepoint      ] Safepoint "ICBufferFull", Time since last: 774804 ns, Reaching safepoint: 93600 ns, At safepoint: 8900 ns, Total: 102500 ns
[11.991s][info ][safepoint      ] Safepoint "ICBufferFull", Time since last: 65600 ns, Reaching safepoint: 89701 ns, At safepoint: 18100 ns, Total: 107801 ns
[11.991s][info ][safepoint      ] Safepoint "ICBufferFull", Time since last: 80200 ns, Reaching safepoint: 91900 ns, At safepoint: 17901 ns, Total: 109801 ns
[11.991s][info ][safepoint      ] Safepoint "ICBufferFull", Time since last: 111100 ns, Reaching safepoint: 93100 ns, At safepoint: 12900 ns, Total: 106000 ns
[11.991s][info ][safepoint      ] Safepoint "ICBufferFull", Time since last: 51601 ns, Reaching safepoint: 84800 ns, At safepoint: 24700 ns, Total: 109500 ns
[11.992s][info ][safepoint      ] Safepoint "ICBufferFull", Time since last: 44300 ns, Reaching safepoint: 82701 ns, At safepoint: 24100 ns, Total: 106801 ns
[11.992s][info ][safepoint      ] Safepoint "ICBufferFull", Time since last: 681703 ns, Reaching safepoint: 83900 ns, At safepoint: 14300 ns, Total: 98200 ns
[11.992s][info ][safepoint      ] Safepoint "ICBufferFull", Time since last: 96201 ns, Reaching safepoint: 82400 ns, At safepoint: 11600 ns, Total: 94000 ns
[11.993s][info ][safepoint      ] Safepoint "ICBufferFull", Time since last: 45300 ns, Reaching safepoint: 85600 ns, At safepoint: 17701 ns, Total: 103301 ns
[11.993s][info ][safepoint      ] Safepoint "ICBufferFull", Time since last: 74800 ns, Reaching safepoint: 85600 ns, At safepoint: 13900 ns, Total: 99500 ns
[11.993s][info ][safepoint      ] Safepoint "ICBufferFull", Time since last: 196501 ns, Reaching safepoint: 85700 ns, At safepoint: 15201 ns, Total: 100901 ns
[11.993s][info ][safepoint      ] Safepoint "ICBufferFull", Time since last: 80700 ns, Reaching safepoint: 93800 ns, At safepoint: 18500 ns, Total: 112300 ns
[11.994s][info ][safepoint      ] Safepoint "ICBufferFull", Time since last: 623503 ns, Reaching safepoint: 81800 ns, At safepoint: 16800 ns, Total: 98600 ns
[11.994s][info ][safepoint      ] Safepoint "ICBufferFull", Time since last: 45801 ns, Reaching safepoint: 79100 ns, At safepoint: 14400 ns, Total: 93500 ns
[11.994s][info ][safepoint      ] Safepoint "ICBufferFull", Time since last: 45400 ns, Reaching safepoint: 88001 ns, At safepoint: 21400 ns, Total: 109401 ns
[11.994s][info ][safepoint      ] Safepoint "ICBufferFull", Time since last: 54800 ns, Reaching safepoint: 78500 ns, At safepoint: 15000 ns, Total: 93500 ns
[11.995s][info ][safepoint      ] Safepoint "ICBufferFull", Time since last: 145901 ns, Reaching safepoint: 91000 ns, At safepoint: 26700 ns, Total: 117700 ns
[11.995s][info ][safepoint      ] Safepoint "ICBufferFull", Time since last: 24301 ns, Reaching safepoint: 80900 ns, At safepoint: 22900 ns, Total: 103800 ns
[11.996s][info ][safepoint      ] Safepoint "ICBufferFull", Time since last: 685103 ns, Reaching safepoint: 93200 ns, At safepoint: 16900 ns, Total: 110100 ns
[11.996s][info ][safepoint      ] Safepoint "ICBufferFull", Time since last: 52701 ns, Reaching safepoint: 84600 ns, At safepoint: 22700 ns, Total: 107300 ns
[11.996s][info ][safepoint      ] Safepoint "ICBufferFull", Time since last: 48700 ns, Reaching safepoint: 78901 ns, At safepoint: 17000 ns, Total: 95901 ns
[11.996s][info ][safepoint      ] Safepoint "ICBufferFull", Time since last: 22700 ns, Reaching safepoint: 98200 ns, At safepoint: 20900 ns, Total: 119100 ns
[11.997s][info ][safepoint      ] Safepoint "ICBufferFull", Time since last: 1117805 ns, Reaching safepoint: 84600 ns, At safepoint: 23601 ns, Total: 108201 ns
[11.998s][info ][safepoint      ] Safepoint "ICBufferFull", Time since last: 65900 ns, Reaching safepoint: 89700 ns, At safepoint: 23200 ns, Total: 112900 ns
[11.998s][info ][safepoint      ] Safepoint "ICBufferFull", Time since last: 57601 ns, Reaching safepoint: 85000 ns, At safepoint: 19200 ns, Total: 104200 ns
[11.998s][info ][safepoint      ] Safepoint "ICBufferFull", Time since last: 76500 ns, Reaching safepoint: 85701 ns, At safepoint: 20200 ns, Total: 105901 ns
[11.998s][info ][safepoint      ] Safepoint "ICBufferFull", Time since last: 59800 ns, Reaching safepoint: 94300 ns, At safepoint: 20801 ns, Total: 115101 ns
[11.998s][info ][safepoint      ] Safepoint "ICBufferFull", Time since last: 36200 ns, Reaching safepoint: 90900 ns, At safepoint: 21700 ns, Total: 112600 ns
[11.999s][info ][safepoint      ] Safepoint "ICBufferFull", Time since last: 664803 ns, Reaching safepoint: 86100 ns, At safepoint: 13000 ns, Total: 99100 ns
[11.999s][info ][safepoint      ] Safepoint "ICBufferFull", Time since last: 35501 ns, Reaching safepoint: 83300 ns, At safepoint: 21300 ns, Total: 104600 ns
[11.999s][info ][safepoint      ] Safepoint "ICBufferFull", Time since last: 45700 ns, Reaching safepoint: 84101 ns, At safepoint: 21700 ns, Total: 105801 ns
[11.999s][info ][safepoint      ] Safepoint "ICBufferFull", Time since last: 40700 ns, Reaching safepoint: 84300 ns, At safepoint: 22900 ns, Total: 107200 ns
[12.000s][info ][safepoint      ] Safepoint "ICBufferFull", Time since last: 54100 ns, Reaching safepoint: 85001 ns, At safepoint: 22400 ns, Total: 107401 ns
[12.000s][info ][safepoint      ] Safepoint "ICBufferFull", Time since last: 733303 ns, Reaching safepoint: 85500 ns, At safepoint: 13001 ns, Total: 98501 ns
[12.001s][info ][safepoint      ] Safepoint "ICBufferFull", Time since last: 53600 ns, Reaching safepoint: 83800 ns, At safepoint: 17100 ns, Total: 100900 ns
[12.001s][info ][safepoint      ] Safepoint "ICBufferFull", Time since last: 43200 ns, Reaching safepoint: 83301 ns, At safepoint: 14600 ns, Total: 97901 ns
[12.001s][info ][safepoint      ] Safepoint "ICBufferFull", Time since last: 545402 ns, Reaching safepoint: 97101 ns, At safepoint: 23700 ns, Total: 120801 ns
[12.001s][info ][safepoint      ] Safepoint "ICBufferFull", Time since last: 72700 ns, Reaching safepoint: 56000 ns, At safepoint: 23600 ns, Total: 79600 ns
[12.002s][info ][safepoint      ] Safepoint "ICBufferFull", Time since last: 24700 ns, Reaching safepoint: 83601 ns, At safepoint: 17400 ns, Total: 101001 ns
[12.002s][info ][safepoint      ] Safepoint "ICBufferFull", Time since last: 700903 ns, Reaching safepoint: 84900 ns, At safepoint: 11300 ns, Total: 96200 ns
[12.005s][info ][safepoint      ] Safepoint "ICBufferFull", Time since last: 2811012 ns, Reaching safepoint: 87101 ns, At safepoint: 20600 ns, Total: 107701 ns
[12.006s][info ][safepoint      ] Safepoint "ICBufferFull", Time since last: 61400 ns, Reaching safepoint: 85000 ns, At safepoint: 22200 ns, Total: 107200 ns
[12.006s][info ][safepoint      ] Safepoint "ICBufferFull", Time since last: 59601 ns, Reaching safepoint: 84100 ns, At safepoint: 22700 ns, Total: 106800 ns
[12.006s][info ][safepoint      ] Safepoint "ICBufferFull", Time since last: 37000 ns, Reaching safepoint: 87001 ns, At safepoint: 19000 ns, Total: 106001 ns
[12.009s][info ][safepoint      ] Safepoint "ICBufferFull", Time since last: 3411314 ns, Reaching safepoint: 88901 ns, At safepoint: 17700 ns, Total: 106601 ns
[12.009s][info ][safepoint      ] Safepoint "ICBufferFull", Time since last: 57500 ns, Reaching safepoint: 85400 ns, At safepoint: 22400 ns, Total: 107800 ns
[12.010s][info ][safepoint      ] Safepoint "ICBufferFull", Time since last: 48101 ns, Reaching safepoint: 85800 ns, At safepoint: 20600 ns, Total: 106400 ns
[12.010s][info ][safepoint      ] Safepoint "ICBufferFull", Time since last: 39400 ns, Reaching safepoint: 82601 ns, At safepoint: 21900 ns, Total: 104501 ns
[12.010s][info ][safepoint      ] Safepoint "ICBufferFull", Time since last: 166700 ns, Reaching safepoint: 84501 ns, At safepoint: 18700 ns, Total: 103201 ns
[12.010s][info ][safepoint      ] Safepoint "ICBufferFull", Time since last: 79500 ns, Reaching safepoint: 99501 ns, At safepoint: 20700 ns, Total: 120201 ns
[12.011s][info ][safepoint      ] Safepoint "ICBufferFull", Time since last: 700903 ns, Reaching safepoint: 87300 ns, At safepoint: 12300 ns, Total: 99600 ns
[12.011s][info ][safepoint      ] Safepoint "ICBufferFull", Time since last: 52100 ns, Reaching safepoint: 96101 ns, At safepoint: 18100 ns, Total: 114201 ns
[12.011s][info ][safepoint      ] Safepoint "ICBufferFull", Time since last: 47600 ns, Reaching safepoint: 90200 ns, At safepoint: 19700 ns, Total: 109900 ns
[12.012s][info ][safepoint      ] Safepoint "ICBufferFull", Time since last: 42201 ns, Reaching safepoint: 91800 ns, At safepoint: 20500 ns, Total: 112300 ns
[12.012s][info ][safepoint      ] Safepoint "ICBufferFull", Time since last: 41800 ns, Reaching safepoint: 85001 ns, At safepoint: 20300 ns, Total: 105301 ns
[12.012s][info ][safepoint      ] Safepoint "ICBufferFull", Time since last: 81000 ns, Reaching safepoint: 86000 ns, At safepoint: 24601 ns, Total: 110601 ns
[12.018s][info ][safepoint      ] Safepoint "ICBufferFull", Time since last: 628702 ns, Reaching safepoint: 5265423 ns, At safepoint: 19400 ns, Total: 5284823 ns
[12.018s][info ][safepoint      ] Safepoint "ICBufferFull", Time since last: 92200 ns, Reaching safepoint: 85800 ns, At safepoint: 18601 ns, Total: 104401 ns
[12.018s][info ][safepoint      ] Safepoint "ICBufferFull", Time since last: 79200 ns, Reaching safepoint: 86300 ns, At safepoint: 15300 ns, Total: 101600 ns
[12.019s][info ][safepoint      ] Safepoint "ICBufferFull", Time since last: 825804 ns, Reaching safepoint: 97200 ns, At safepoint: 17200 ns, Total: 114400 ns
[12.021s][info ][safepoint      ] Safepoint "ICBufferFull", Time since last: 2127409 ns, Reaching safepoint: 85801 ns, At safepoint: 18800 ns, Total: 104601 ns
[12.022s][info ][safepoint      ] Safepoint "ICBufferFull", Time since last: 52700 ns, Reaching safepoint: 88500 ns, At safepoint: 20201 ns, Total: 108701 ns
[12.022s][info ][safepoint      ] Safepoint "ICBufferFull", Time since last: 60700 ns, Reaching safepoint: 83400 ns, At safepoint: 19100 ns, Total: 102500 ns
[12.022s][info ][safepoint      ] Safepoint "ICBufferFull", Time since last: 50000 ns, Reaching safepoint: 86101 ns, At safepoint: 18800 ns, Total: 104901 ns
[12.022s][info ][safepoint      ] Safepoint "ICBufferFull", Time since last: 118400 ns, Reaching safepoint: 88201 ns, At safepoint: 20600 ns, Total: 108801 ns
[12.023s][info ][safepoint      ] Safepoint "ICBufferFull", Time since last: 725203 ns, Reaching safepoint: 93300 ns, At safepoint: 15100 ns, Total: 108400 ns
[12.023s][info ][safepoint      ] Safepoint "ICBufferFull", Time since last: 129401 ns, Reaching safepoint: 91600 ns, At safepoint: 24100 ns, Total: 115700 ns
[12.023s][info ][safepoint      ] Safepoint "ICBufferFull", Time since last: 58901 ns, Reaching safepoint: 91800 ns, At safepoint: 22700 ns, Total: 114500 ns
[12.023s][info ][safepoint      ] Safepoint "ICBufferFull", Time since last: 39500 ns, Reaching safepoint: 91301 ns, At safepoint: 22900 ns, Total: 114201 ns
[12.024s][info ][safepoint      ] Safepoint "ICBufferFull", Time since last: 747803 ns, Reaching safepoint: 94800 ns, At safepoint: 10101 ns, Total: 104901 ns
[12.025s][info ][safepoint      ] Safepoint "ICBufferFull", Time since last: 76000 ns, Reaching safepoint: 91900 ns, At safepoint: 24300 ns, Total: 116200 ns
[12.025s][info ][safepoint      ] Safepoint "ICBufferFull", Time since last: 74301 ns, Reaching safepoint: 90700 ns, At safepoint: 18800 ns, Total: 109500 ns
[12.025s][info ][safepoint      ] Safepoint "ICBufferFull", Time since last: 48800 ns, Reaching safepoint: 91501 ns, At safepoint: 21500 ns, Total: 113001 ns
[12.025s][info ][safepoint      ] Safepoint "ICBufferFull", Time since last: 51500 ns, Reaching safepoint: 93100 ns, At safepoint: 17300 ns, Total: 110400 ns
[12.025s][info ][safepoint      ] Safepoint "ICBufferFull", Time since last: 32401 ns, Reaching safepoint: 91900 ns, At safepoint: 18600 ns, Total: 110500 ns
[12.026s][info ][safepoint      ] Safepoint "ICBufferFull", Time since last: 755603 ns, Reaching safepoint: 85001 ns, At safepoint: 21000 ns, Total: 106001 ns
[12.026s][info ][safepoint      ] Safepoint "ICBufferFull", Time since last: 53700 ns, Reaching safepoint: 85000 ns, At safepoint: 20700 ns, Total: 105700 ns
[12.027s][info ][safepoint      ] Safepoint "ICBufferFull", Time since last: 690103 ns, Reaching safepoint: 91701 ns, At safepoint: 9500 ns, Total: 101201 ns
[12.027s][info ][safepoint      ] Safepoint "ICBufferFull", Time since last: 60300 ns, Reaching safepoint: 86500 ns, At safepoint: 18501 ns, Total: 105001 ns
[12.027s][info ][safepoint      ] Safepoint "ICBufferFull", Time since last: 51100 ns, Reaching safepoint: 85800 ns, At safepoint: 16800 ns, Total: 102600 ns
[12.027s][info ][safepoint      ] Safepoint "ICBufferFull", Time since last: 28400 ns, Reaching safepoint: 85001 ns, At safepoint: 15800 ns, Total: 100801 ns
[12.028s][info ][safepoint      ] Safepoint "ICBufferFull", Time since last: 32500 ns, Reaching safepoint: 84500 ns, At safepoint: 19100 ns, Total: 103600 ns
[12.028s][info ][safepoint      ] Safepoint "ICBufferFull", Time since last: 76301 ns, Reaching safepoint: 87100 ns, At safepoint: 21200 ns, Total: 108300 ns
[12.029s][info ][safepoint      ] Safepoint "ICBufferFull", Time since last: 690903 ns, Reaching safepoint: 86400 ns, At safepoint: 8200 ns, Total: 94600 ns
[12.029s][info ][safepoint      ] Safepoint "ICBufferFull", Time since last: 43301 ns, Reaching safepoint: 84000 ns, At safepoint: 14700 ns, Total: 98700 ns
[12.029s][info ][safepoint      ] Safepoint "ICBufferFull", Time since last: 46600 ns, Reaching safepoint: 92901 ns, At safepoint: 17100 ns, Total: 110001 ns
[12.029s][info ][safepoint      ] Safepoint "ICBufferFull", Time since last: 62100 ns, Reaching safepoint: 87200 ns, At safepoint: 18300 ns, Total: 105500 ns
[12.029s][info ][safepoint      ] Safepoint "ICBufferFull", Time since last: 31401 ns, Reaching safepoint: 90100 ns, At safepoint: 24000 ns, Total: 114100 ns
[12.030s][info ][safepoint      ] Safepoint "ICBufferFull", Time since last: 679803 ns, Reaching safepoint: 97300 ns, At safepoint: 18300 ns, Total: 115600 ns
[12.030s][info ][safepoint      ] Safepoint "ICBufferFull", Time since last: 101101 ns, Reaching safepoint: 92900 ns, At safepoint: 20400 ns, Total: 113300 ns
[12.030s][info ][safepoint      ] Safepoint "ICBufferFull", Time since last: 99801 ns, Reaching safepoint: 93700 ns, At safepoint: 24100 ns, Total: 117800 ns
[12.031s][info ][safepoint      ] Safepoint "ICBufferFull", Time since last: 37200 ns, Reaching safepoint: 93101 ns, At safepoint: 23800 ns, Total: 116901 ns
[12.031s][info ][safepoint      ] Safepoint "ICBufferFull", Time since last: 662403 ns, Reaching safepoint: 104600 ns, At safepoint: 12500 ns, Total: 117100 ns
[12.031s][info ][safepoint      ] Safepoint "ICBufferFull", Time since last: 61701 ns, Reaching safepoint: 87500 ns, At safepoint: 17900 ns, Total: 105400 ns
[12.032s][info ][safepoint      ] Safepoint "ICBufferFull", Time since last: 46900 ns, Reaching safepoint: 86401 ns, At safepoint: 24300 ns, Total: 110701 ns
[12.032s][info ][safepoint      ] Safepoint "ICBufferFull", Time since last: 58900 ns, Reaching safepoint: 86700 ns, At safepoint: 23500 ns, Total: 110200 ns
[12.032s][info ][safepoint      ] Safepoint "ICBufferFull", Time since last: 26500 ns, Reaching safepoint: 86501 ns, At safepoint: 18300 ns, Total: 104801 ns
[12.032s][info ][safepoint      ] Safepoint "ICBufferFull", Time since last: 43100 ns, Reaching safepoint: 88600 ns, At safepoint: 16501 ns, Total: 105101 ns
[12.033s][info ][safepoint      ] Safepoint "ICBufferFull", Time since last: 680002 ns, Reaching safepoint: 96701 ns, At safepoint: 8500 ns, Total: 105201 ns
[12.033s][info ][safepoint      ] Safepoint "ICBufferFull", Time since last: 57900 ns, Reaching safepoint: 91801 ns, At safepoint: 17300 ns, Total: 109101 ns
[12.033s][info ][safepoint      ] Safepoint "ICBufferFull", Time since last: 48700 ns, Reaching safepoint: 87700 ns, At safepoint: 35500 ns, Total: 123200 ns
[12.033s][info ][safepoint      ] Safepoint "ICBufferFull", Time since last: 37301 ns, Reaching safepoint: 87700 ns, At safepoint: 21500 ns, Total: 109200 ns
[12.033s][info ][safepoint      ] Safepoint "ICBufferFull", Time since last: 43800 ns, Reaching safepoint: 86401 ns, At safepoint: 19500 ns, Total: 105901 ns
[12.034s][info ][safepoint      ] Safepoint "ICBufferFull", Time since last: 27500 ns, Reaching safepoint: 86800 ns, At safepoint: 26100 ns, Total: 112900 ns
[12.034s][info ][safepoint      ] Safepoint "ICBufferFull", Time since last: 687803 ns, Reaching safepoint: 89901 ns, At safepoint: 15500 ns, Total: 105401 ns
[12.035s][info ][safepoint      ] Safepoint "ICBufferFull", Time since last: 54800 ns, Reaching safepoint: 86300 ns, At safepoint: 22800 ns, Total: 109100 ns
[12.035s][info ][safepoint      ] Safepoint "ICBufferFull", Time since last: 47901 ns, Reaching safepoint: 88700 ns, At safepoint: 23300 ns, Total: 112000 ns
[12.035s][info ][safepoint      ] Safepoint "ICBufferFull", Time since last: 29200 ns, Reaching safepoint: 88900 ns, At safepoint: 24701 ns, Total: 113601 ns
[12.035s][info ][safepoint      ] Safepoint "ICBufferFull", Time since last: 51600 ns, Reaching safepoint: 91500 ns, At safepoint: 23300 ns, Total: 114800 ns
[12.036s][info ][safepoint      ] Safepoint "ICBufferFull", Time since last: 783804 ns, Reaching safepoint: 91600 ns, At safepoint: 14500 ns, Total: 106100 ns
[12.036s][info ][safepoint      ] Safepoint "ICBufferFull", Time since last: 42300 ns, Reaching safepoint: 82601 ns, At safepoint: 27100 ns, Total: 109701 ns
[12.036s][info ][safepoint      ] Safepoint "ICBufferFull", Time since last: 85700 ns, Reaching safepoint: 94801 ns, At safepoint: 16800 ns, Total: 111601 ns
[12.036s][info ][safepoint      ] Safepoint "ICBufferFull", Time since last: 70800 ns, Reaching safepoint: 100800 ns, At safepoint: 27500 ns, Total: 128300 ns
[12.037s][info ][safepoint      ] Safepoint "ICBufferFull", Time since last: 70801 ns, Reaching safepoint: 93200 ns, At safepoint: 26700 ns, Total: 119900 ns
[12.038s][info ][safepoint      ] Safepoint "ICBufferFull", Time since last: 787204 ns, Reaching safepoint: 86400 ns, At safepoint: 9700 ns, Total: 96100 ns
[12.038s][info ][safepoint      ] Safepoint "ICBufferFull", Time since last: 54600 ns, Reaching safepoint: 90101 ns, At safepoint: 17700 ns, Total: 107801 ns
[12.038s][info ][safepoint      ] Safepoint "ICBufferFull", Time since last: 28100 ns, Reaching safepoint: 95500 ns, At safepoint: 18500 ns, Total: 114000 ns
[12.038s][info ][safepoint      ] Safepoint "ICBufferFull", Time since last: 76901 ns, Reaching safepoint: 86400 ns, At safepoint: 23600 ns, Total: 110000 ns
[12.038s][info ][safepoint      ] Safepoint "ICBufferFull", Time since last: 51700 ns, Reaching safepoint: 84901 ns, At safepoint: 23900 ns, Total: 108801 ns
[12.038s][info ][safepoint      ] Safepoint "ICBufferFull", Time since last: 98000 ns, Reaching safepoint: 85501 ns, At safepoint: 21600 ns, Total: 107101 ns
[12.039s][info ][safepoint      ] Safepoint "ICBufferFull", Time since last: 721403 ns, Reaching safepoint: 86800 ns, At safepoint: 9300 ns, Total: 96100 ns
[12.039s][info ][safepoint      ] Safepoint "ICBufferFull", Time since last: 61700 ns, Reaching safepoint: 82501 ns, At safepoint: 25200 ns, Total: 107701 ns
[12.040s][info ][safepoint      ] Safepoint "ICBufferFull", Time since last: 48300 ns, Reaching safepoint: 82200 ns, At safepoint: 24401 ns, Total: 106601 ns
[12.040s][info ][safepoint      ] Safepoint "ICBufferFull", Time since last: 67800 ns, Reaching safepoint: 84300 ns, At safepoint: 18400 ns, Total: 102700 ns
[12.040s][info ][safepoint      ] Safepoint "ICBufferFull", Time since last: 44100 ns, Reaching safepoint: 86901 ns, At safepoint: 19500 ns, Total: 106401 ns
[12.040s][info ][safepoint      ] Safepoint "ICBufferFull", Time since last: 36000 ns, Reaching safepoint: 74500 ns, At safepoint: 26000 ns, Total: 100500 ns
[12.041s][info ][safepoint      ] Safepoint "ICBufferFull", Time since last: 723104 ns, Reaching safepoint: 88900 ns, At safepoint: 12300 ns, Total: 101200 ns
[12.042s][info ][safepoint      ] Safepoint "ICBufferFull", Time since last: 682803 ns, Reaching safepoint: 87300 ns, At safepoint: 18200 ns, Total: 105500 ns
[12.042s][info ][safepoint      ] Safepoint "ICBufferFull", Time since last: 65101 ns, Reaching safepoint: 83800 ns, At safepoint: 21900 ns, Total: 105700 ns
[12.042s][info ][safepoint      ] Safepoint "ICBufferFull", Time since last: 47600 ns, Reaching safepoint: 85701 ns, At safepoint: 21100 ns, Total: 106801 ns
[12.042s][info ][safepoint      ] Safepoint "ICBufferFull", Time since last: 53200 ns, Reaching safepoint: 85800 ns, At safepoint: 20800 ns, Total: 106600 ns
[12.042s][info ][safepoint      ] Safepoint "ICBufferFull", Time since last: 63001 ns, Reaching safepoint: 86700 ns, At safepoint: 18000 ns, Total: 104700 ns
[12.043s][info ][safepoint      ] Safepoint "ICBufferFull", Time since last: 777603 ns, Reaching safepoint: 98601 ns, At safepoint: 11800 ns, Total: 110401 ns
[12.044s][info ][safepoint      ] Safepoint "ICBufferFull", Time since last: 686903 ns, Reaching safepoint: 89600 ns, At safepoint: 23900 ns, Total: 113500 ns
[12.044s][info ][safepoint      ] Safepoint "ICBufferFull", Time since last: 75901 ns, Reaching safepoint: 88300 ns, At safepoint: 22300 ns, Total: 110600 ns
[12.044s][info ][safepoint      ] Safepoint "ICBufferFull", Time since last: 41300 ns, Reaching safepoint: 85501 ns, At safepoint: 20700 ns, Total: 106201 ns
[12.044s][info ][safepoint      ] Safepoint "ICBufferFull", Time since last: 64200 ns, Reaching safepoint: 84000 ns, At safepoint: 18700 ns, Total: 102700 ns
[12.045s][info ][safepoint      ] Safepoint "ICBufferFull", Time since last: 50201 ns, Reaching safepoint: 83000 ns, At safepoint: 20200 ns, Total: 103200 ns
[12.045s][info ][safepoint      ] Safepoint "ICBufferFull", Time since last: 716203 ns, Reaching safepoint: 87601 ns, At safepoint: 6700 ns, Total: 94301 ns
[12.046s][info ][safepoint      ] Safepoint "ICBufferFull", Time since last: 79800 ns, Reaching safepoint: 83700 ns, At safepoint: 22200 ns, Total: 105900 ns
[12.046s][info ][safepoint      ] Safepoint "ICBufferFull", Time since last: 83801 ns, Reaching safepoint: 90000 ns, At safepoint: 23300 ns, Total: 113300 ns
[12.046s][info ][safepoint      ] Safepoint "ICBufferFull", Time since last: 50700 ns, Reaching safepoint: 84401 ns, At safepoint: 22400 ns, Total: 106801 ns
[12.046s][info ][safepoint      ] Safepoint "ICBufferFull", Time since last: 104800 ns, Reaching safepoint: 86301 ns, At safepoint: 23800 ns, Total: 110101 ns
[12.046s][info ][safepoint      ] Safepoint "ICBufferFull", Time since last: 36400 ns, Reaching safepoint: 84700 ns, At safepoint: 22400 ns, Total: 107100 ns
[12.047s][info ][safepoint      ] Safepoint "ICBufferFull", Time since last: 710003 ns, Reaching safepoint: 89801 ns, At safepoint: 9000 ns, Total: 98801 ns
[12.047s][info ][safepoint      ] Safepoint "ICBufferFull", Time since last: 57700 ns, Reaching safepoint: 84400 ns, At safepoint: 26801 ns, Total: 111201 ns
[12.047s][info ][safepoint      ] Safepoint "ICBufferFull", Time since last: 51300 ns, Reaching safepoint: 19000 ns, At safepoint: 22900 ns, Total: 41900 ns
[12.048s][info ][safepoint      ] Safepoint "ICBufferFull", Time since last: 82700 ns, Reaching safepoint: 86901 ns, At safepoint: 20700 ns, Total: 107601 ns
[12.048s][info ][safepoint      ] Safepoint "ICBufferFull", Time since last: 89600 ns, Reaching safepoint: 88001 ns, At safepoint: 23300 ns, Total: 111301 ns
[12.048s][info ][safepoint      ] Safepoint "ICBufferFull", Time since last: 43400 ns, Reaching safepoint: 87400 ns, At safepoint: 19300 ns, Total: 106700 ns
[12.049s][info ][safepoint      ] Safepoint "ICBufferFull", Time since last: 705303 ns, Reaching safepoint: 93801 ns, At safepoint: 11200 ns, Total: 105001 ns
[12.049s][info ][safepoint      ] Safepoint "ICBufferFull", Time since last: 69500 ns, Reaching safepoint: 87600 ns, At safepoint: 23000 ns, Total: 110600 ns
[12.049s][info ][safepoint      ] Safepoint "ICBufferFull", Time since last: 47601 ns, Reaching safepoint: 87000 ns, At safepoint: 21600 ns, Total: 108600 ns
[12.049s][info ][safepoint      ] Safepoint "ICBufferFull", Time since last: 48600 ns, Reaching safepoint: 83901 ns, At safepoint: 24100 ns, Total: 108001 ns
[12.049s][info ][safepoint      ] Safepoint "ICBufferFull", Time since last: 50500 ns, Reaching safepoint: 86600 ns, At safepoint: 23101 ns, Total: 109701 ns
[12.050s][info ][safepoint      ] Safepoint "ICBufferFull", Time since last: 48700 ns, Reaching safepoint: 85000 ns, At safepoint: 18200 ns, Total: 103200 ns
[12.050s][info ][safepoint      ] Safepoint "ICBufferFull", Time since last: 688603 ns, Reaching safepoint: 87600 ns, At safepoint: 11801 ns, Total: 99401 ns
[12.051s][info ][safepoint      ] Safepoint "ICBufferFull", Time since last: 59900 ns, Reaching safepoint: 87200 ns, At safepoint: 20300 ns, Total: 107500 ns
[12.051s][info ][safepoint      ] Safepoint "ICBufferFull", Time since last: 50600 ns, Reaching safepoint: 84801 ns, At safepoint: 19400 ns, Total: 104201 ns
[12.051s][info ][safepoint      ] Safepoint "ICBufferFull", Time since last: 44400 ns, Reaching safepoint: 84800 ns, At safepoint: 23401 ns, Total: 108201 ns
[12.051s][info ][safepoint      ] Safepoint "ICBufferFull", Time since last: 44900 ns, Reaching safepoint: 86900 ns, At safepoint: 23700 ns, Total: 110600 ns
[12.052s][info ][safepoint      ] Safepoint "ICBufferFull", Time since last: 748003 ns, Reaching safepoint: 88401 ns, At safepoint: 11400 ns, Total: 99801 ns
[12.052s][info ][safepoint      ] Safepoint "ICBufferFull", Time since last: 48900 ns, Reaching safepoint: 86700 ns, At safepoint: 19700 ns, Total: 106400 ns
[12.052s][info ][safepoint      ] Safepoint "ICBufferFull", Time since last: 47801 ns, Reaching safepoint: 85300 ns, At safepoint: 18800 ns, Total: 104100 ns
[12.052s][info ][safepoint      ] Safepoint "ICBufferFull", Time since last: 50600 ns, Reaching safepoint: 86101 ns, At safepoint: 24100 ns, Total: 110201 ns
[12.053s][info ][safepoint      ] Safepoint "ICBufferFull", Time since last: 90500 ns, Reaching safepoint: 84601 ns, At safepoint: 27500 ns, Total: 112101 ns
[12.053s][info ][safepoint      ] Safepoint "ICBufferFull", Time since last: 36500 ns, Reaching safepoint: 84200 ns, At safepoint: 20200 ns, Total: 104400 ns
[12.053s][info ][safepoint      ] Safepoint "ICBufferFull", Time since last: 728403 ns, Reaching safepoint: 99201 ns, At safepoint: 6700 ns, Total: 105901 ns
[12.054s][info ][safepoint      ] Safepoint "ICBufferFull", Time since last: 45900 ns, Reaching safepoint: 83800 ns, At safepoint: 16700 ns, Total: 100500 ns
[12.054s][info ][safepoint      ] Safepoint "ICBufferFull", Time since last: 34401 ns, Reaching safepoint: 83300 ns, At safepoint: 19200 ns, Total: 102500 ns
[12.054s][info ][safepoint      ] Safepoint "ICBufferFull", Time since last: 52000 ns, Reaching safepoint: 84201 ns, At safepoint: 24100 ns, Total: 108301 ns
[12.054s][info ][safepoint      ] Safepoint "ICBufferFull", Time since last: 48100 ns, Reaching safepoint: 89500 ns, At safepoint: 21000 ns, Total: 110500 ns
[12.054s][info ][safepoint      ] Safepoint "ICBufferFull", Time since last: 32801 ns, Reaching safepoint: 87200 ns, At safepoint: 21500 ns, Total: 108700 ns
[12.055s][info ][safepoint      ] Safepoint "ICBufferFull", Time since last: 707403 ns, Reaching safepoint: 87100 ns, At safepoint: 17900 ns, Total: 105000 ns
[12.055s][info ][safepoint      ] Safepoint "ICBufferFull", Time since last: 44801 ns, Reaching safepoint: 49500 ns, At safepoint: 19400 ns, Total: 68900 ns
[12.055s][info ][safepoint      ] Safepoint "ICBufferFull", Time since last: 49500 ns, Reaching safepoint: 82601 ns, At safepoint: 19400 ns, Total: 102001 ns
[12.056s][info ][safepoint      ] Safepoint "ICBufferFull", Time since last: 111200 ns, Reaching safepoint: 91400 ns, At safepoint: 18001 ns, Total: 109401 ns
[12.056s][info ][safepoint      ] Safepoint "ICBufferFull", Time since last: 107900 ns, Reaching safepoint: 88600 ns, At safepoint: 18500 ns, Total: 107100 ns
[12.057s][info ][safepoint      ] Safepoint "ICBufferFull", Time since last: 764504 ns, Reaching safepoint: 104700 ns, At safepoint: 22300 ns, Total: 127000 ns
[12.057s][info ][safepoint      ] Safepoint "ICBufferFull", Time since last: 627603 ns, Reaching safepoint: 90000 ns, At safepoint: 18900 ns, Total: 108900 ns
[12.058s][info ][safepoint      ] Safepoint "ICBufferFull", Time since last: 73901 ns, Reaching safepoint: 85800 ns, At safepoint: 20500 ns, Total: 106300 ns
[12.061s][info ][safepoint      ] Safepoint "ICBufferFull", Time since last: 3677016 ns, Reaching safepoint: 95800 ns, At safepoint: 19800 ns, Total: 115600 ns
[12.061s][info ][safepoint      ] Safepoint "ICBufferFull", Time since last: 51901 ns, Reaching safepoint: 83800 ns, At safepoint: 27200 ns, Total: 111000 ns
[12.062s][info ][safepoint      ] Safepoint "ICBufferFull", Time since last: 61900 ns, Reaching safepoint: 82401 ns, At safepoint: 26200 ns, Total: 108601 ns
[12.062s][info ][safepoint      ] Safepoint "ICBufferFull", Time since last: 105500 ns, Reaching safepoint: 84101 ns, At safepoint: 24000 ns, Total: 108101 ns
[12.062s][info ][safepoint      ] Safepoint "ICBufferFull", Time since last: 68100 ns, Reaching safepoint: 89000 ns, At safepoint: 18600 ns, Total: 107600 ns
[12.066s][info ][safepoint      ] Safepoint "ICBufferFull", Time since last: 717403 ns, Reaching safepoint: 3185414 ns, At safepoint: 11900 ns, Total: 3197314 ns
[12.068s][info ][safepoint      ] Safepoint "ICBufferFull", Time since last: 2358710 ns, Reaching safepoint: 89701 ns, At safepoint: 23400 ns, Total: 113101 ns
[12.070s][info ][safepoint      ] Safepoint "ICBufferFull", Time since last: 1041804 ns, Reaching safepoint: 92300 ns, At safepoint: 21901 ns, Total: 114201 ns
[12.071s][info ][safepoint      ] Safepoint "ICBufferFull", Time since last: 1660807 ns, Reaching safepoint: 93300 ns, At safepoint: 7200 ns, Total: 100500 ns
[12.072s][info ][safepoint      ] Safepoint "ICBufferFull", Time since last: 74900 ns, Reaching safepoint: 99701 ns, At safepoint: 22600 ns, Total: 122301 ns
[12.073s][info ][safepoint      ] Safepoint "ICBufferFull", Time since last: 1003604 ns, Reaching safepoint: 88401 ns, At safepoint: 19000 ns, Total: 107401 ns
[12.073s][info ][safepoint      ] Safepoint "ICBufferFull", Time since last: 52800 ns, Reaching safepoint: 83200 ns, At safepoint: 15100 ns, Total: 98300 ns
[12.073s][info ][safepoint      ] Safepoint "ICBufferFull", Time since last: 48400 ns, Reaching safepoint: 85901 ns, At safepoint: 20600 ns, Total: 106501 ns
[12.073s][info ][safepoint      ] Safepoint "ICBufferFull", Time since last: 98800 ns, Reaching safepoint: 86401 ns, At safepoint: 40500 ns, Total: 126901 ns
[12.077s][info ][safepoint      ] Safepoint "ICBufferFull", Time since last: 4045217 ns, Reaching safepoint: 90901 ns, At safepoint: 17400 ns, Total: 108301 ns
[12.078s][info ][safepoint      ] Safepoint "ICBufferFull", Time since last: 988804 ns, Reaching safepoint: 99600 ns, At safepoint: 22100 ns, Total: 121700 ns
[12.079s][info ][safepoint      ] Safepoint "ICBufferFull", Time since last: 72401 ns, Reaching safepoint: 84000 ns, At safepoint: 24100 ns, Total: 108100 ns
[12.079s][info ][safepoint      ] Safepoint "ICBufferFull", Time since last: 133701 ns, Reaching safepoint: 93700 ns, At safepoint: 26700 ns, Total: 120400 ns
[12.079s][info ][safepoint      ] Safepoint "ICBufferFull", Time since last: 103501 ns, Reaching safepoint: 93000 ns, At safepoint: 16300 ns, Total: 109300 ns
[12.079s][info ][safepoint      ] Safepoint "ICBufferFull", Time since last: 76800 ns, Reaching safepoint: 93201 ns, At safepoint: 20500 ns, Total: 113701 ns
[12.080s][info ][safepoint      ] Safepoint "ICBufferFull", Time since last: 762003 ns, Reaching safepoint: 103401 ns, At safepoint: 12700 ns, Total: 116101 ns
[12.080s][info ][safepoint      ] Safepoint "ICBufferFull", Time since last: 71000 ns, Reaching safepoint: 78700 ns, At safepoint: 23000 ns, Total: 101700 ns
[12.081s][info ][safepoint      ] Safepoint "ICBufferFull", Time since last: 59601 ns, Reaching safepoint: 79900 ns, At safepoint: 19600 ns, Total: 99500 ns
[12.081s][info ][safepoint      ] Safepoint "ICBufferFull", Time since last: 117201 ns, Reaching safepoint: 90800 ns, At safepoint: 15800 ns, Total: 106600 ns
[12.081s][info ][safepoint      ] Safepoint "ICBufferFull", Time since last: 64900 ns, Reaching safepoint: 89201 ns, At safepoint: 19600 ns, Total: 108801 ns
[12.081s][info ][safepoint      ] Safepoint "ICBufferFull", Time since last: 39600 ns, Reaching safepoint: 87900 ns, At safepoint: 22400 ns, Total: 110300 ns
[12.082s][info ][safepoint      ] Safepoint "ICBufferFull", Time since last: 764004 ns, Reaching safepoint: 86400 ns, At safepoint: 8900 ns, Total: 95300 ns
[12.082s][info ][safepoint      ] Safepoint "ICBufferFull", Time since last: 54900 ns, Reaching safepoint: 85001 ns, At safepoint: 20200 ns, Total: 105201 ns
[12.083s][info ][safepoint      ] Safepoint "ICBufferFull", Time since last: 1022104 ns, Reaching safepoint: 91201 ns, At safepoint: 15400 ns, Total: 106601 ns
[12.083s][info ][safepoint      ] Safepoint "ICBufferFull", Time since last: 36300 ns, Reaching safepoint: 84500 ns, At safepoint: 19100 ns, Total: 103600 ns
[12.084s][info ][safepoint      ] Safepoint "ICBufferFull", Time since last: 56000 ns, Reaching safepoint: 96401 ns, At safepoint: 16200 ns, Total: 112601 ns
[12.084s][info ][safepoint      ] Safepoint "ICBufferFull", Time since last: 132800 ns, Reaching safepoint: 88101 ns, At safepoint: 16600 ns, Total: 104701 ns
[12.084s][info ][safepoint      ] Safepoint "ICBufferFull", Time since last: 36000 ns, Reaching safepoint: 82500 ns, At safepoint: 22601 ns, Total: 105101 ns
[12.085s][info ][safepoint      ] Safepoint "ICBufferFull", Time since last: 732003 ns, Reaching safepoint: 88100 ns, At safepoint: 8300 ns, Total: 96400 ns
[12.085s][info ][safepoint      ] Safepoint "ICBufferFull", Time since last: 59100 ns, Reaching safepoint: 83601 ns, At safepoint: 20700 ns, Total: 104301 ns
[12.085s][info ][safepoint      ] Safepoint "ICBufferFull", Time since last: 41700 ns, Reaching safepoint: 83800 ns, At safepoint: 12300 ns, Total: 96100 ns
[12.085s][info ][safepoint      ] Safepoint "ICBufferFull", Time since last: 54301 ns, Reaching safepoint: 81000 ns, At safepoint: 41900 ns, Total: 122900 ns
[12.085s][info ][safepoint      ] Safepoint "ICBufferFull", Time since last: 73800 ns, Reaching safepoint: 86801 ns, At safepoint: 26200 ns, Total: 113001 ns
[12.086s][info ][safepoint      ] Safepoint "ICBufferFull", Time since last: 61800 ns, Reaching safepoint: 82700 ns, At safepoint: 21601 ns, Total: 104301 ns
[12.086s][info ][safepoint      ] Safepoint "ICBufferFull", Time since last: 740603 ns, Reaching safepoint: 94100 ns, At safepoint: 15000 ns, Total: 109100 ns
[12.087s][info ][safepoint      ] Safepoint "ICBufferFull", Time since last: 53800 ns, Reaching safepoint: 60801 ns, At safepoint: 16500 ns, Total: 77301 ns
[12.087s][info ][safepoint      ] Safepoint "ICBufferFull", Time since last: 29600 ns, Reaching safepoint: 84700 ns, At safepoint: 19300 ns, Total: 104000 ns
[12.087s][info ][safepoint      ] Safepoint "ICBufferFull", Time since last: 39200 ns, Reaching safepoint: 53601 ns, At safepoint: 22400 ns, Total: 76001 ns
[12.088s][info ][safepoint      ] Safepoint "ICBufferFull", Time since last: 758703 ns, Reaching safepoint: 91700 ns, At safepoint: 11000 ns, Total: 102700 ns
[12.089s][info ][safepoint      ] Safepoint "ICBufferFull", Time since last: 1241506 ns, Reaching safepoint: 84400 ns, At safepoint: 22200 ns, Total: 106600 ns
[12.089s][info ][safepoint      ] Safepoint "ICBufferFull", Time since last: 36800 ns, Reaching safepoint: 86001 ns, At safepoint: 18800 ns, Total: 104801 ns
[12.089s][info ][safepoint      ] Safepoint "ICBufferFull", Time since last: 154000 ns, Reaching safepoint: 86001 ns, At safepoint: 25300 ns, Total: 111301 ns
[12.090s][info ][safepoint      ] Safepoint "ICBufferFull", Time since last: 98500 ns, Reaching safepoint: 84901 ns, At safepoint: 22600 ns, Total: 107501 ns
[12.091s][info ][safepoint      ] Safepoint "ICBufferFull", Time since last: 1301705 ns, Reaching safepoint: 97301 ns, At safepoint: 20900 ns, Total: 118201 ns
[12.091s][info ][safepoint      ] Safepoint "ICBufferFull", Time since last: 43500 ns, Reaching safepoint: 82200 ns, At safepoint: 20001 ns, Total: 102201 ns
[12.091s][info ][safepoint      ] Safepoint "ICBufferFull", Time since last: 51800 ns, Reaching safepoint: 86200 ns, At safepoint: 21800 ns, Total: 108000 ns
[12.091s][info ][safepoint      ] Safepoint "ICBufferFull", Time since last: 61700 ns, Reaching safepoint: 81701 ns, At safepoint: 22000 ns, Total: 103701 ns
[12.092s][info ][safepoint      ] Safepoint "ICBufferFull", Time since last: 39300 ns, Reaching safepoint: 96100 ns, At safepoint: 16801 ns, Total: 112901 ns
[12.092s][info ][safepoint      ] Safepoint "ICBufferFull", Time since last: 38500 ns, Reaching safepoint: 92200 ns, At safepoint: 21600 ns, Total: 113800 ns
[12.093s][info ][safepoint      ] Safepoint "ICBufferFull", Time since last: 749203 ns, Reaching safepoint: 93101 ns, At safepoint: 11100 ns, Total: 104201 ns
[12.093s][info ][safepoint      ] Safepoint "ICBufferFull", Time since last: 571602 ns, Reaching safepoint: 62001 ns, At safepoint: 24700 ns, Total: 86701 ns
[12.093s][info ][safepoint      ] Safepoint "ICBufferFull", Time since last: 40800 ns, Reaching safepoint: 85300 ns, At safepoint: 24200 ns, Total: 109500 ns
[12.094s][info ][safepoint      ] Safepoint "ICBufferFull", Time since last: 79901 ns, Reaching safepoint: 71400 ns, At safepoint: 22000 ns, Total: 93400 ns
[12.094s][info ][safepoint      ] Safepoint "ICBufferFull", Time since last: 39200 ns, Reaching safepoint: 89601 ns, At safepoint: 22600 ns, Total: 112201 ns
[12.095s][info ][safepoint      ] Safepoint "ICBufferFull", Time since last: 636802 ns, Reaching safepoint: 95901 ns, At safepoint: 16100 ns, Total: 112001 ns
[12.095s][info ][safepoint      ] Safepoint "ICBufferFull", Time since last: 64400 ns, Reaching safepoint: 89201 ns, At safepoint: 22000 ns, Total: 111201 ns
[12.095s][info ][safepoint      ] Safepoint "ICBufferFull", Time since last: 46200 ns, Reaching safepoint: 83100 ns, At safepoint: 17100 ns, Total: 100200 ns
[12.095s][info ][safepoint      ] Safepoint "ICBufferFull", Time since last: 114801 ns, Reaching safepoint: 87200 ns, At safepoint: 16500 ns, Total: 103700 ns
[12.095s][info ][safepoint      ] Safepoint "ICBufferFull", Time since last: 134801 ns, Reaching safepoint: 84200 ns, At safepoint: 17100 ns, Total: 101300 ns
[12.096s][info ][safepoint      ] Safepoint "ICBufferFull", Time since last: 771703 ns, Reaching safepoint: 85701 ns, At safepoint: 11100 ns, Total: 96801 ns
[12.097s][info ][safepoint      ] Safepoint "ICBufferFull", Time since last: 1013304 ns, Reaching safepoint: 86901 ns, At safepoint: 20300 ns, Total: 107201 ns
[12.097s][info ][safepoint      ] Safepoint "ICBufferFull", Time since last: 59600 ns, Reaching safepoint: 85600 ns, At safepoint: 17000 ns, Total: 102600 ns
[12.098s][info ][safepoint      ] Safepoint "ICBufferFull", Time since last: 57001 ns, Reaching safepoint: 83700 ns, At safepoint: 25800 ns, Total: 109500 ns
[12.098s][info ][safepoint      ] Safepoint "ICBufferFull", Time since last: 61700 ns, Reaching safepoint: 85601 ns, At safepoint: 16800 ns, Total: 102401 ns
[12.098s][info ][safepoint      ] Safepoint "ICBufferFull", Time since last: 62800 ns, Reaching safepoint: 85200 ns, At safepoint: 21900 ns, Total: 107100 ns
[12.099s][info ][safepoint      ] Safepoint "ICBufferFull", Time since last: 705003 ns, Reaching safepoint: 88701 ns, At safepoint: 14800 ns, Total: 103501 ns
[12.099s][info ][safepoint      ] Safepoint "ICBufferFull", Time since last: 47500 ns, Reaching safepoint: 88301 ns, At safepoint: 20900 ns, Total: 109201 ns
[12.099s][info ][safepoint      ] Safepoint "ICBufferFull", Time since last: 32100 ns, Reaching safepoint: 84200 ns, At safepoint: 25500 ns, Total: 109700 ns
[12.100s][info ][safepoint      ] Safepoint "ICBufferFull", Time since last: 672003 ns, Reaching safepoint: 100600 ns, At safepoint: 9401 ns, Total: 110001 ns
[12.100s][info ][safepoint      ] Safepoint "ICBufferFull", Time since last: 33000 ns, Reaching safepoint: 81000 ns, At safepoint: 21600 ns, Total: 102600 ns
[12.100s][info ][safepoint      ] Safepoint "ICBufferFull", Time since last: 47600 ns, Reaching safepoint: 82001 ns, At safepoint: 24200 ns, Total: 106201 ns
[12.100s][info ][safepoint      ] Safepoint "ICBufferFull", Time since last: 32300 ns, Reaching safepoint: 81400 ns, At safepoint: 24200 ns, Total: 105600 ns
[12.100s][info ][safepoint      ] Safepoint "ICBufferFull", Time since last: 100201 ns, Reaching safepoint: 84700 ns, At safepoint: 21900 ns, Total: 106600 ns
[12.101s][info ][safepoint      ] Safepoint "ICBufferFull", Time since last: 673103 ns, Reaching safepoint: 94201 ns, At safepoint: 18100 ns, Total: 112301 ns
[12.102s][info ][safepoint      ] Safepoint "ICBufferFull", Time since last: 1011904 ns, Reaching safepoint: 90200 ns, At safepoint: 22800 ns, Total: 113000 ns
[12.103s][info ][safepoint      ] Safepoint "ICBufferFull", Time since last: 48701 ns, Reaching safepoint: 79700 ns, At safepoint: 25200 ns, Total: 104900 ns
[12.103s][info ][safepoint      ] Safepoint "ICBufferFull", Time since last: 44400 ns, Reaching safepoint: 79201 ns, At safepoint: 20100 ns, Total: 99301 ns
[12.103s][info ][safepoint      ] Safepoint "ICBufferFull", Time since last: 84900 ns, Reaching safepoint: 86100 ns, At safepoint: 20100 ns, Total: 106200 ns
[12.103s][info ][safepoint      ] Safepoint "ICBufferFull", Time since last: 37701 ns, Reaching safepoint: 86800 ns, At safepoint: 19000 ns, Total: 105800 ns
[12.104s][info ][safepoint      ] Safepoint "ICBufferFull", Time since last: 614003 ns, Reaching safepoint: 87700 ns, At safepoint: 13400 ns, Total: 101100 ns
[12.104s][info ][safepoint      ] Safepoint "ICBufferFull", Time since last: 55800 ns, Reaching safepoint: 85901 ns, At safepoint: 23200 ns, Total: 109101 ns
[12.104s][info ][safepoint      ] Safepoint "ICBufferFull", Time since last: 51600 ns, Reaching safepoint: 83000 ns, At safepoint: 19100 ns, Total: 102100 ns
[12.104s][info ][safepoint      ] Safepoint "ICBufferFull", Time since last: 97101 ns, Reaching safepoint: 86000 ns, At safepoint: 17900 ns, Total: 103900 ns
[12.104s][info ][safepoint      ] Safepoint "ICBufferFull", Time since last: 46601 ns, Reaching safepoint: 83400 ns, At safepoint: 15800 ns, Total: 99200 ns
[12.105s][info ][safepoint      ] Safepoint "ICBufferFull", Time since last: 31000 ns, Reaching safepoint: 80800 ns, At safepoint: 23101 ns, Total: 103901 ns
[12.105s][info ][safepoint      ] Safepoint "ICBufferFull", Time since last: 695702 ns, Reaching safepoint: 89201 ns, At safepoint: 20000 ns, Total: 109201 ns
[12.106s][info ][safepoint      ] Safepoint "ICBufferFull", Time since last: 55600 ns, Reaching safepoint: 83301 ns, At safepoint: 20200 ns, Total: 103501 ns
[12.106s][info ][safepoint      ] Safepoint "ICBufferFull", Time since last: 30900 ns, Reaching safepoint: 83300 ns, At safepoint: 23900 ns, Total: 107200 ns
[12.106s][info ][safepoint      ] Safepoint "ICBufferFull", Time since last: 27500 ns, Reaching safepoint: 83901 ns, At safepoint: 23400 ns, Total: 107301 ns
[12.107s][info ][safepoint      ] Safepoint "ICBufferFull", Time since last: 671603 ns, Reaching safepoint: 86600 ns, At safepoint: 9800 ns, Total: 96400 ns
[12.107s][info ][safepoint      ] Safepoint "ICBufferFull", Time since last: 57700 ns, Reaching safepoint: 81501 ns, At safepoint: 17100 ns, Total: 98601 ns
[12.108s][info ][safepoint      ] Safepoint "ICBufferFull", Time since last: 862703 ns, Reaching safepoint: 95601 ns, At safepoint: 26200 ns, Total: 121801 ns
[12.108s][info ][safepoint      ] Safepoint "ICBufferFull", Time since last: 82700 ns, Reaching safepoint: 85901 ns, At safepoint: 22000 ns, Total: 107901 ns
[12.108s][info ][safepoint      ] Safepoint "ICBufferFull", Time since last: 60900 ns, Reaching safepoint: 83200 ns, At safepoint: 16700 ns, Total: 99900 ns
[12.109s][info ][safepoint      ] Safepoint "ICBufferFull", Time since last: 1168705 ns, Reaching safepoint: 90401 ns, At safepoint: 21900 ns, Total: 112301 ns
[12.109s][info ][safepoint      ] Safepoint "ICBufferFull", Time since last: 55800 ns, Reaching safepoint: 43300 ns, At safepoint: 19100 ns, Total: 62400 ns
[12.110s][info ][safepoint      ] Safepoint "ICBufferFull", Time since last: 53501 ns, Reaching safepoint: 81600 ns, At safepoint: 17100 ns, Total: 98700 ns
[12.110s][info ][safepoint      ] Safepoint "ICBufferFull", Time since last: 98500 ns, Reaching safepoint: 86301 ns, At safepoint: 19800 ns, Total: 106101 ns
[12.110s][info ][safepoint      ] Safepoint "ICBufferFull", Time since last: 34500 ns, Reaching safepoint: 81200 ns, At safepoint: 19300 ns, Total: 100500 ns
[12.111s][info ][safepoint      ] Safepoint "ICBufferFull", Time since last: 747104 ns, Reaching safepoint: 96000 ns, At safepoint: 10100 ns, Total: 106100 ns
[12.111s][info ][safepoint      ] Safepoint "ICBufferFull", Time since last: 40000 ns, Reaching safepoint: 84801 ns, At safepoint: 20000 ns, Total: 104801 ns
[12.111s][info ][safepoint      ] Safepoint "ICBufferFull", Time since last: 42600 ns, Reaching safepoint: 83200 ns, At safepoint: 21200 ns, Total: 104400 ns
[12.111s][info ][safepoint      ] Safepoint "ICBufferFull", Time since last: 39001 ns, Reaching safepoint: 85700 ns, At safepoint: 19500 ns, Total: 105200 ns
[12.111s][info ][safepoint      ] Safepoint "ICBufferFull", Time since last: 30700 ns, Reaching safepoint: 84600 ns, At safepoint: 18101 ns, Total: 102701 ns
[12.112s][info ][safepoint      ] Safepoint "ICBufferFull", Time since last: 54600 ns, Reaching safepoint: 86200 ns, At safepoint: 24300 ns, Total: 110500 ns
[12.112s][info ][safepoint      ] Safepoint "ICBufferFull", Time since last: 733303 ns, Reaching safepoint: 85901 ns, At safepoint: 10800 ns, Total: 96701 ns
[12.113s][info ][safepoint      ] Safepoint "ICBufferFull", Time since last: 66900 ns, Reaching safepoint: 83700 ns, At safepoint: 17501 ns, Total: 101201 ns
[12.113s][info ][safepoint      ] Safepoint "ICBufferFull", Time since last: 94000 ns, Reaching safepoint: 85000 ns, At safepoint: 11100 ns, Total: 96100 ns
[12.113s][info ][safepoint      ] Safepoint "ICBufferFull", Time since last: 104301 ns, Reaching safepoint: 90600 ns, At safepoint: 18500 ns, Total: 109100 ns
[12.113s][info ][safepoint      ] Safepoint "ICBufferFull", Time since last: 41800 ns, Reaching safepoint: 90501 ns, At safepoint: 14300 ns, Total: 104801 ns
[12.113s][info ][safepoint      ] Safepoint "ICBufferFull", Time since last: 56800 ns, Reaching safepoint: 82900 ns, At safepoint: 20901 ns, Total: 103801 ns
[12.114s][info ][safepoint      ] Safepoint "ICBufferFull", Time since last: 697303 ns, Reaching safepoint: 92300 ns, At safepoint: 14900 ns, Total: 107200 ns
[12.114s][info ][safepoint      ] Safepoint "ICBufferFull", Time since last: 77400 ns, Reaching safepoint: 95301 ns, At safepoint: 19200 ns, Total: 114501 ns
[12.115s][info ][safepoint      ] Safepoint "ICBufferFull", Time since last: 739403 ns, Reaching safepoint: 93100 ns, At safepoint: 12700 ns, Total: 105800 ns
[12.115s][info ][safepoint      ] Safepoint "ICBufferFull", Time since last: 49101 ns, Reaching safepoint: 81600 ns, At safepoint: 17700 ns, Total: 99300 ns
[12.115s][info ][safepoint      ] Safepoint "ICBufferFull", Time since last: 106500 ns, Reaching safepoint: 81701 ns, At safepoint: 18200 ns, Total: 99901 ns
[12.116s][info ][safepoint      ] Safepoint "ICBufferFull", Time since last: 100400 ns, Reaching safepoint: 90401 ns, At safepoint: 15500 ns, Total: 105901 ns
[12.116s][info ][safepoint      ] Safepoint "ICBufferFull", Time since last: 75200 ns, Reaching safepoint: 87000 ns, At safepoint: 20301 ns, Total: 107301 ns
[12.117s][info ][safepoint      ] Safepoint "ICBufferFull", Time since last: 673602 ns, Reaching safepoint: 105601 ns, At safepoint: 8100 ns, Total: 113701 ns
[12.117s][info ][safepoint      ] Safepoint "ICBufferFull", Time since last: 76100 ns, Reaching safepoint: 90401 ns, At safepoint: 11400 ns, Total: 101801 ns
[12.117s][info ][safepoint      ] Safepoint "ICBufferFull", Time since last: 52300 ns, Reaching safepoint: 93800 ns, At safepoint: 17900 ns, Total: 111700 ns
[12.117s][info ][safepoint      ] Safepoint "ICBufferFull", Time since last: 53501 ns, Reaching safepoint: 85800 ns, At safepoint: 17700 ns, Total: 103500 ns
[12.121s][info ][safepoint      ] Safepoint "ICBufferFull", Time since last: 4137918 ns, Reaching safepoint: 93600 ns, At safepoint: 15700 ns, Total: 109300 ns
[12.122s][info ][safepoint      ] Safepoint "ICBufferFull", Time since last: 61500 ns, Reaching safepoint: 82201 ns, At safepoint: 22500 ns, Total: 104701 ns
[12.122s][info ][safepoint      ] Safepoint "ICBufferFull", Time since last: 47900 ns, Reaching safepoint: 81800 ns, At safepoint: 21901 ns, Total: 103701 ns
[12.122s][info ][safepoint      ] Safepoint "ICBufferFull", Time since last: 76300 ns, Reaching safepoint: 96900 ns, At safepoint: 16600 ns, Total: 113500 ns
[12.122s][info ][safepoint      ] Safepoint "ICBufferFull", Time since last: 41100 ns, Reaching safepoint: 95001 ns, At safepoint: 17200 ns, Total: 112201 ns
[12.122s][info ][safepoint      ] Safepoint "ICBufferFull", Time since last: 44500 ns, Reaching safepoint: 90001 ns, At safepoint: 21500 ns, Total: 111501 ns
[12.123s][info ][safepoint      ] Safepoint "ICBufferFull", Time since last: 762903 ns, Reaching safepoint: 98000 ns, At safepoint: 7400 ns, Total: 105400 ns
[12.123s][info ][safepoint      ] Safepoint "ICBufferFull", Time since last: 54501 ns, Reaching safepoint: 88400 ns, At safepoint: 15500 ns, Total: 103900 ns
[12.123s][info ][safepoint      ] Safepoint "ICBufferFull", Time since last: 42800 ns, Reaching safepoint: 78601 ns, At safepoint: 14900 ns, Total: 93501 ns
[12.123s][info ][safepoint      ] Safepoint "ICBufferFull", Time since last: 44900 ns, Reaching safepoint: 94900 ns, At safepoint: 13600 ns, Total: 108500 ns
[12.124s][info ][safepoint      ] Safepoint "ICBufferFull", Time since last: 66501 ns, Reaching safepoint: 92600 ns, At safepoint: 27800 ns, Total: 120400 ns
[12.125s][info ][safepoint      ] Safepoint "ICBufferFull", Time since last: 1230805 ns, Reaching safepoint: 96101 ns, At safepoint: 19500 ns, Total: 115601 ns
[12.131s][info ][safepoint      ] Safepoint "ICBufferFull", Time since last: 6177026 ns, Reaching safepoint: 90000 ns, At safepoint: 22701 ns, Total: 112701 ns
[12.131s][info ][safepoint      ] Safepoint "ICBufferFull", Time since last: 77300 ns, Reaching safepoint: 86800 ns, At safepoint: 23700 ns, Total: 110500 ns
[12.132s][info ][safepoint      ] Safepoint "ICBufferFull", Time since last: 60801 ns, Reaching safepoint: 424601 ns, At safepoint: 29401 ns, Total: 454002 ns
[12.132s][info ][safepoint      ] Safepoint "ICBufferFull", Time since last: 226001 ns, Reaching safepoint: 90900 ns, At safepoint: 30600 ns, Total: 121500 ns
[12.133s][info ][safepoint      ] Safepoint "ICBufferFull", Time since last: 909504 ns, Reaching safepoint: 91100 ns, At safepoint: 17900 ns, Total: 109000 ns
[12.134s][info ][safepoint      ] Safepoint "ICBufferFull", Time since last: 141801 ns, Reaching safepoint: 91700 ns, At safepoint: 20200 ns, Total: 111900 ns
[12.134s][info ][safepoint      ] Safepoint "ICBufferFull", Time since last: 55001 ns, Reaching safepoint: 83300 ns, At safepoint: 20400 ns, Total: 103700 ns
[12.134s][info ][safepoint      ] Safepoint "ICBufferFull", Time since last: 34500 ns, Reaching safepoint: 80201 ns, At safepoint: 28000 ns, Total: 108201 ns
[12.134s][info ][safepoint      ] Safepoint "ICBufferFull", Time since last: 51000 ns, Reaching safepoint: 90100 ns, At safepoint: 20700 ns, Total: 110800 ns
[12.135s][info ][safepoint      ] Safepoint "ICBufferFull", Time since last: 1021705 ns, Reaching safepoint: 100800 ns, At safepoint: 11400 ns, Total: 112200 ns
[12.137s][info ][safepoint      ] Safepoint "ICBufferFull", Time since last: 1989709 ns, Reaching safepoint: 85300 ns, At safepoint: 27500 ns, Total: 112800 ns
[12.137s][info ][safepoint      ] Safepoint "ICBufferFull", Time since last: 46600 ns, Reaching safepoint: 85001 ns, At safepoint: 24700 ns, Total: 109701 ns
[12.138s][info ][safepoint      ] Safepoint "ICBufferFull", Time since last: 54300 ns, Reaching safepoint: 83901 ns, At safepoint: 22600 ns, Total: 106501 ns
[12.138s][info ][safepoint      ] Safepoint "ICBufferFull", Time since last: 62400 ns, Reaching safepoint: 94800 ns, At safepoint: 25100 ns, Total: 119900 ns
[12.138s][info ][safepoint      ] Safepoint "ICBufferFull", Time since last: 47301 ns, Reaching safepoint: 85100 ns, At safepoint: 20400 ns, Total: 105500 ns
[12.140s][info ][safepoint      ] Safepoint "ICBufferFull", Time since last: 1413906 ns, Reaching safepoint: 93100 ns, At safepoint: 26001 ns, Total: 119101 ns
[12.140s][info ][safepoint      ] Safepoint "ICBufferFull", Time since last: 37800 ns, Reaching safepoint: 85000 ns, At safepoint: 22900 ns, Total: 107900 ns
[12.143s][info ][safepoint      ] Safepoint "ICBufferFull", Time since last: 2744712 ns, Reaching safepoint: 104600 ns, At safepoint: 15500 ns, Total: 120100 ns
[12.143s][info ][safepoint      ] Safepoint "ICBufferFull", Time since last: 63201 ns, Reaching safepoint: 83700 ns, At safepoint: 25700 ns, Total: 109400 ns
[12.143s][info ][safepoint      ] Safepoint "ICBufferFull", Time since last: 49400 ns, Reaching safepoint: 86801 ns, At safepoint: 25100 ns, Total: 111901 ns
[12.143s][info ][safepoint      ] Safepoint "ICBufferFull", Time since last: 47500 ns, Reaching safepoint: 83000 ns, At safepoint: 24800 ns, Total: 107800 ns
[12.143s][info ][safepoint      ] Safepoint "ICBufferFull", Time since last: 35801 ns, Reaching safepoint: 84700 ns, At safepoint: 20900 ns, Total: 105600 ns
[12.143s][info ][safepoint      ] Safepoint "ICBufferFull", Time since last: 37000 ns, Reaching safepoint: 83201 ns, At safepoint: 26600 ns, Total: 109801 ns
[12.145s][info ][safepoint      ] Safepoint "ICBufferFull", Time since last: 1904908 ns, Reaching safepoint: 96100 ns, At safepoint: 19600 ns, Total: 115700 ns
[12.149s][info ][safepoint      ] Safepoint "ICBufferFull", Time since last: 3148214 ns, Reaching safepoint: 96600 ns, At safepoint: 27100 ns, Total: 123700 ns
[12.149s][info ][safepoint      ] Safepoint "ICBufferFull", Time since last: 48100 ns, Reaching safepoint: 80001 ns, At safepoint: 27900 ns, Total: 107901 ns
[12.149s][info ][safepoint      ] Safepoint "ICBufferFull", Time since last: 54300 ns, Reaching safepoint: 85901 ns, At safepoint: 25300 ns, Total: 111201 ns
[12.153s][info ][safepoint      ] Safepoint "ICBufferFull", Time since last: 4310518 ns, Reaching safepoint: 100300 ns, At safepoint: 25601 ns, Total: 125901 ns
[12.154s][info ][safepoint      ] Safepoint "ICBufferFull", Time since last: 57000 ns, Reaching safepoint: 80400 ns, At safepoint: 24000 ns, Total: 104400 ns
[12.154s][info ][safepoint      ] Safepoint "ICBufferFull", Time since last: 56700 ns, Reaching safepoint: 79701 ns, At safepoint: 22800 ns, Total: 102501 ns
[12.154s][info ][safepoint      ] Safepoint "ICBufferFull", Time since last: 46900 ns, Reaching safepoint: 81000 ns, At safepoint: 23001 ns, Total: 104001 ns
[12.154s][info ][safepoint      ] Safepoint "ICBufferFull", Time since last: 43300 ns, Reaching safepoint: 80500 ns, At safepoint: 26600 ns, Total: 107100 ns
[12.154s][info ][safepoint      ] Safepoint "ICBufferFull", Time since last: 43200 ns, Reaching safepoint: 83001 ns, At safepoint: 25000 ns, Total: 108001 ns
[12.156s][info ][safepoint      ] Safepoint "ICBufferFull", Time since last: 1293705 ns, Reaching safepoint: 93701 ns, At safepoint: 16500 ns, Total: 110201 ns
[12.156s][info ][safepoint      ] Safepoint "ICBufferFull", Time since last: 69500 ns, Reaching safepoint: 91701 ns, At safepoint: 24600 ns, Total: 116301 ns
[12.156s][info ][safepoint      ] Safepoint "ICBufferFull", Time since last: 29100 ns, Reaching safepoint: 84300 ns, At safepoint: 16300 ns, Total: 100600 ns
[12.156s][info ][safepoint      ] Safepoint "ICBufferFull", Time since last: 89801 ns, Reaching safepoint: 83700 ns, At safepoint: 24500 ns, Total: 108200 ns
[12.157s][info ][safepoint      ] Safepoint "ICBufferFull", Time since last: 1011504 ns, Reaching safepoint: 93901 ns, At safepoint: 12900 ns, Total: 106801 ns
[12.157s][info ][safepoint      ] Safepoint "ICBufferFull", Time since last: 62000 ns, Reaching safepoint: 96400 ns, At safepoint: 25901 ns, Total: 122301 ns
[12.158s][info ][safepoint      ] Safepoint "ICBufferFull", Time since last: 47500 ns, Reaching safepoint: 93700 ns, At safepoint: 24500 ns, Total: 118200 ns
[12.158s][info ][safepoint      ] Safepoint "ICBufferFull", Time since last: 52801 ns, Reaching safepoint: 83900 ns, At safepoint: 25500 ns, Total: 109400 ns
[12.158s][info ][safepoint      ] Safepoint "ICBufferFull", Time since last: 38600 ns, Reaching safepoint: 101701 ns, At safepoint: 22500 ns, Total: 124201 ns
[12.158s][info ][safepoint      ] Safepoint "ICBufferFull", Time since last: 36800 ns, Reaching safepoint: 84900 ns, At safepoint: 25300 ns, Total: 110200 ns
[12.159s][info ][safepoint      ] Safepoint "ICBufferFull", Time since last: 996705 ns, Reaching safepoint: 88700 ns, At safepoint: 11700 ns, Total: 100400 ns
[12.161s][info ][safepoint      ] Safepoint "ICBufferFull", Time since last: 2170109 ns, Reaching safepoint: 94001 ns, At safepoint: 36000 ns, Total: 130001 ns
[12.162s][info ][safepoint      ] Safepoint "ICBufferFull", Time since last: 86600 ns, Reaching safepoint: 90301 ns, At safepoint: 26200 ns, Total: 116501 ns
[12.162s][info ][safepoint      ] Safepoint "ICBufferFull", Time since last: 76500 ns, Reaching safepoint: 85900 ns, At safepoint: 25400 ns, Total: 111300 ns
[12.162s][info ][safepoint      ] Safepoint "ICBufferFull", Time since last: 39101 ns, Reaching safepoint: 89300 ns, At safepoint: 31400 ns, Total: 120700 ns
[12.166s][info ][safepoint      ] Safepoint "ICBufferFull", Time since last: 910504 ns, Reaching safepoint: 3177414 ns, At safepoint: 20800 ns, Total: 3198214 ns
[12.169s][info ][safepoint      ] Safepoint "ICBufferFull", Time since last: 3212713 ns, Reaching safepoint: 110401 ns, At safepoint: 27000 ns, Total: 137401 ns
[12.170s][info ][safepoint      ] Safepoint "ICBufferFull", Time since last: 932304 ns, Reaching safepoint: 111600 ns, At safepoint: 24800 ns, Total: 136400 ns
[12.171s][info ][safepoint      ] Safepoint "ICBufferFull", Time since last: 56301 ns, Reaching safepoint: 90800 ns, At safepoint: 20600 ns, Total: 111400 ns
[12.171s][info ][safepoint      ] Safepoint "ICBufferFull", Time since last: 37700 ns, Reaching safepoint: 88901 ns, At safepoint: 21200 ns, Total: 110101 ns
[12.171s][info ][safepoint      ] Safepoint "ICBufferFull", Time since last: 26500 ns, Reaching safepoint: 88000 ns, At safepoint: 24900 ns, Total: 112900 ns
[12.171s][info ][safepoint      ] Safepoint "ICBufferFull", Time since last: 85201 ns, Reaching safepoint: 90300 ns, At safepoint: 21700 ns, Total: 112000 ns
[12.171s][info ][safepoint      ] Safepoint "ICBufferFull", Time since last: 242501 ns, Reaching safepoint: 95001 ns, At safepoint: 21900 ns, Total: 116901 ns
[12.173s][info ][safepoint      ] Safepoint "ICBufferFull", Time since last: 936804 ns, Reaching safepoint: 103000 ns, At safepoint: 22500 ns, Total: 125500 ns
[12.173s][info ][safepoint      ] Safepoint "ICBufferFull", Time since last: 704103 ns, Reaching safepoint: 107201 ns, At safepoint: 17000 ns, Total: 124201 ns
[12.174s][info ][safepoint      ] Safepoint "ICBufferFull", Time since last: 57000 ns, Reaching safepoint: 101501 ns, At safepoint: 23800 ns, Total: 125301 ns
[12.174s][info ][safepoint      ] Safepoint "ICBufferFull", Time since last: 514302 ns, Reaching safepoint: 89700 ns, At safepoint: 15600 ns, Total: 105300 ns
[12.174s][info ][safepoint      ] Safepoint "ICBufferFull", Time since last: 163501 ns, Reaching safepoint: 87700 ns, At safepoint: 21400 ns, Total: 109100 ns
[12.175s][info ][safepoint      ] Safepoint "ICBufferFull", Time since last: 119101 ns, Reaching safepoint: 92700 ns, At safepoint: 18500 ns, Total: 111200 ns
[12.175s][info ][safepoint      ] Safepoint "ICBufferFull", Time since last: 717903 ns, Reaching safepoint: 90801 ns, At safepoint: 17600 ns, Total: 108401 ns
[12.177s][info ][safepoint      ] Safepoint "ICBufferFull", Time since last: 1735007 ns, Reaching safepoint: 95901 ns, At safepoint: 18500 ns, Total: 114401 ns
[12.178s][info ][safepoint      ] Safepoint "ICBufferFull", Time since last: 689303 ns, Reaching safepoint: 298201 ns, At safepoint: 18000 ns, Total: 316201 ns
[12.179s][info ][safepoint      ] Safepoint "ICBufferFull", Time since last: 168601 ns, Reaching safepoint: 85400 ns, At safepoint: 20500 ns, Total: 105900 ns
[12.179s][info ][safepoint      ] Safepoint "ICBufferFull", Time since last: 94901 ns, Reaching safepoint: 82000 ns, At safepoint: 24400 ns, Total: 106400 ns
[12.180s][info ][safepoint      ] Safepoint "ICBufferFull", Time since last: 1059505 ns, Reaching safepoint: 87700 ns, At safepoint: 25200 ns, Total: 112900 ns
[12.180s][info ][safepoint      ] Safepoint "ICBufferFull", Time since last: 57200 ns, Reaching safepoint: 89001 ns, At safepoint: 18500 ns, Total: 107501 ns
[12.180s][info ][safepoint      ] Safepoint "ICBufferFull", Time since last: 78400 ns, Reaching safepoint: 87101 ns, At safepoint: 20900 ns, Total: 108001 ns
[12.181s][info ][safepoint      ] Safepoint "ICBufferFull", Time since last: 83600 ns, Reaching safepoint: 95400 ns, At safepoint: 31501 ns, Total: 126901 ns
[12.181s][info ][safepoint      ] Safepoint "ICBufferFull", Time since last: 39300 ns, Reaching safepoint: 88300 ns, At safepoint: 22100 ns, Total: 110400 ns
[12.182s][info ][safepoint      ] Safepoint "ICBufferFull", Time since last: 697003 ns, Reaching safepoint: 104901 ns, At safepoint: 17400 ns, Total: 122301 ns
[12.182s][info ][safepoint      ] Safepoint "ICBufferFull", Time since last: 128700 ns, Reaching safepoint: 86601 ns, At safepoint: 18700 ns, Total: 105301 ns
[12.182s][info ][safepoint      ] Safepoint "ICBufferFull", Time since last: 69700 ns, Reaching safepoint: 87700 ns, At safepoint: 25100 ns, Total: 112800 ns
[12.182s][info ][safepoint      ] Safepoint "ICBufferFull", Time since last: 45801 ns, Reaching safepoint: 83800 ns, At safepoint: 18400 ns, Total: 102200 ns
[12.183s][info ][safepoint      ] Safepoint "ICBufferFull", Time since last: 901204 ns, Reaching safepoint: 90300 ns, At safepoint: 9100 ns, Total: 99400 ns
[12.183s][info ][safepoint      ] Safepoint "ICBufferFull", Time since last: 61701 ns, Reaching safepoint: 80300 ns, At safepoint: 23500 ns, Total: 103800 ns
[12.183s][info ][safepoint      ] Safepoint "ICBufferFull", Time since last: 46800 ns, Reaching safepoint: 60800 ns, At safepoint: 21901 ns, Total: 82701 ns
[12.184s][info ][safepoint      ] Safepoint "ICBufferFull", Time since last: 49200 ns, Reaching safepoint: 85800 ns, At safepoint: 23000 ns, Total: 108800 ns
[12.184s][info ][safepoint      ] Safepoint "ICBufferFull", Time since last: 36200 ns, Reaching safepoint: 84201 ns, At safepoint: 24900 ns, Total: 109101 ns
[12.184s][info ][safepoint      ] Safepoint "ICBufferFull", Time since last: 40400 ns, Reaching safepoint: 91100 ns, At safepoint: 23101 ns, Total: 114201 ns
[12.185s][info ][safepoint      ] Safepoint "ICBufferFull", Time since last: 750903 ns, Reaching safepoint: 88100 ns, At safepoint: 25200 ns, Total: 113300 ns
[12.185s][info ][safepoint      ] Safepoint "ICBufferFull", Time since last: 104801 ns, Reaching safepoint: 86000 ns, At safepoint: 27100 ns, Total: 113100 ns
[12.185s][info ][safepoint      ] Safepoint "ICBufferFull", Time since last: 71000 ns, Reaching safepoint: 85401 ns, At safepoint: 23000 ns, Total: 108401 ns
[12.187s][info ][safepoint      ] Safepoint "ICBufferFull", Time since last: 785303 ns, Reaching safepoint: 676503 ns, At safepoint: 20700 ns, Total: 697203 ns
[12.187s][info ][safepoint      ] Safepoint "ICBufferFull", Time since last: 70001 ns, Reaching safepoint: 149700 ns, At safepoint: 25400 ns, Total: 175100 ns
[12.187s][info ][safepoint      ] Safepoint "ICBufferFull", Time since last: 41200 ns, Reaching safepoint: 84301 ns, At safepoint: 22800 ns, Total: 107101 ns
[12.187s][info ][safepoint      ] Safepoint "ICBufferFull", Time since last: 213701 ns, Reaching safepoint: 87000 ns, At safepoint: 26700 ns, Total: 113700 ns
[12.188s][info ][safepoint      ] Safepoint "ICBufferFull", Time since last: 661203 ns, Reaching safepoint: 85900 ns, At safepoint: 21801 ns, Total: 107701 ns
[12.190s][info ][safepoint      ] Safepoint "ICBufferFull", Time since last: 1925008 ns, Reaching safepoint: 95400 ns, At safepoint: 17200 ns, Total: 112600 ns
[12.191s][info ][safepoint      ] Safepoint "ICBufferFull", Time since last: 1137205 ns, Reaching safepoint: 100801 ns, At safepoint: 19600 ns, Total: 120401 ns
[12.192s][info ][safepoint      ] Safepoint "ICBufferFull", Time since last: 59600 ns, Reaching safepoint: 99100 ns, At safepoint: 19800 ns, Total: 118900 ns
[12.192s][info ][safepoint      ] Safepoint "ICBufferFull", Time since last: 219701 ns, Reaching safepoint: 94501 ns, At safepoint: 28200 ns, Total: 122701 ns
[12.192s][info ][safepoint      ] Safepoint "ICBufferFull", Time since last: 43300 ns, Reaching safepoint: 92800 ns, At safepoint: 24501 ns, Total: 117301 ns
[12.192s][info ][safepoint      ] Safepoint "ICBufferFull", Time since last: 47800 ns, Reaching safepoint: 91500 ns, At safepoint: 21200 ns, Total: 112700 ns
[12.192s][info ][safepoint      ] Safepoint "ICBufferFull", Time since last: 53700 ns, Reaching safepoint: 95601 ns, At safepoint: 21500 ns, Total: 117101 ns
[12.194s][info ][safepoint      ] Safepoint "ICBufferFull", Time since last: 1059104 ns, Reaching safepoint: 102401 ns, At safepoint: 14300 ns, Total: 116701 ns
[12.194s][info ][safepoint      ] Safepoint "ICBufferFull", Time since last: 90500 ns, Reaching safepoint: 92701 ns, At safepoint: 18500 ns, Total: 111201 ns
[12.194s][info ][safepoint      ] Safepoint "ICBufferFull", Time since last: 73700 ns, Reaching safepoint: 87601 ns, At safepoint: 18700 ns, Total: 106301 ns
[12.194s][info ][safepoint      ] Safepoint "ICBufferFull", Time since last: 30800 ns, Reaching safepoint: 87000 ns, At safepoint: 21700 ns, Total: 108700 ns
[12.194s][info ][safepoint      ] Safepoint "ICBufferFull", Time since last: 40800 ns, Reaching safepoint: 90401 ns, At safepoint: 23800 ns, Total: 114201 ns
[12.195s][info ][safepoint      ] Safepoint "ICBufferFull", Time since last: 1072704 ns, Reaching safepoint: 95501 ns, At safepoint: 12700 ns, Total: 108201 ns
[12.197s][info ][safepoint      ] Safepoint "ICBufferFull", Time since last: 1797608 ns, Reaching safepoint: 96000 ns, At safepoint: 24800 ns, Total: 120800 ns
[12.197s][info ][safepoint      ] Safepoint "ICBufferFull", Time since last: 38300 ns, Reaching safepoint: 88501 ns, At safepoint: 21500 ns, Total: 110001 ns
[12.198s][info ][safepoint      ] Safepoint "ICBufferFull", Time since last: 57200 ns, Reaching safepoint: 90100 ns, At safepoint: 26100 ns, Total: 116200 ns
[12.198s][info ][safepoint      ] Safepoint "ICBufferFull", Time since last: 53701 ns, Reaching safepoint: 87000 ns, At safepoint: 26800 ns, Total: 113800 ns
[12.198s][info ][safepoint      ] Safepoint "ICBufferFull", Time since last: 83300 ns, Reaching safepoint: 87301 ns, At safepoint: 27400 ns, Total: 114701 ns
[12.199s][info ][safepoint      ] Safepoint "ICBufferFull", Time since last: 1167205 ns, Reaching safepoint: 95800 ns, At safepoint: 11600 ns, Total: 107400 ns
[12.199s][info ][safepoint      ] Safepoint "ICBufferFull", Time since last: 44001 ns, Reaching safepoint: 82100 ns, At safepoint: 23600 ns, Total: 105700 ns
[12.200s][info ][safepoint      ] Safepoint "ICBufferFull", Time since last: 34700 ns, Reaching safepoint: 84101 ns, At safepoint: 26100 ns, Total: 110201 ns
[12.200s][info ][safepoint      ] Safepoint "ICBufferFull", Time since last: 58100 ns, Reaching safepoint: 85400 ns, At safepoint: 21600 ns, Total: 107000 ns
[12.200s][info ][safepoint      ] Safepoint "ICBufferFull", Time since last: 45301 ns, Reaching safepoint: 86400 ns, At safepoint: 29200 ns, Total: 115600 ns
[12.202s][info ][safepoint      ] Safepoint "ICBufferFull", Time since last: 1705907 ns, Reaching safepoint: 94301 ns, At safepoint: 23300 ns, Total: 117601 ns
[12.204s][info ][safepoint      ] Safepoint "ICBufferFull", Time since last: 1903208 ns, Reaching safepoint: 106300 ns, At safepoint: 21100 ns, Total: 127400 ns
[12.204s][info ][safepoint      ] Safepoint "ICBufferFull", Time since last: 51801 ns, Reaching safepoint: 93100 ns, At safepoint: 23600 ns, Total: 116700 ns
[12.204s][info ][safepoint      ] Safepoint "ICBufferFull", Time since last: 78401 ns, Reaching safepoint: 77700 ns, At safepoint: 21600 ns, Total: 99300 ns
[12.204s][info ][safepoint      ] Safepoint "ICBufferFull", Time since last: 51800 ns, Reaching safepoint: 92001 ns, At safepoint: 23900 ns, Total: 115901 ns
[12.205s][info ][safepoint      ] Safepoint "ICBufferFull", Time since last: 901904 ns, Reaching safepoint: 113900 ns, At safepoint: 10900 ns, Total: 124800 ns
[12.206s][info ][safepoint      ] Safepoint "ICBufferFull", Time since last: 89400 ns, Reaching safepoint: 92101 ns, At safepoint: 18500 ns, Total: 110601 ns
[12.206s][info ][safepoint      ] Safepoint "ICBufferFull", Time since last: 81900 ns, Reaching safepoint: 104101 ns, At safepoint: 25300 ns, Total: 129401 ns
[12.206s][info ][safepoint      ] Safepoint "ICBufferFull", Time since last: 77300 ns, Reaching safepoint: 85801 ns, At safepoint: 23700 ns, Total: 109501 ns
[12.206s][info ][safepoint      ] Safepoint "ICBufferFull", Time since last: 63900 ns, Reaching safepoint: 85600 ns, At safepoint: 23500 ns, Total: 109100 ns
[12.207s][info ][safepoint      ] Safepoint "ICBufferFull", Time since last: 1040405 ns, Reaching safepoint: 95100 ns, At safepoint: 18300 ns, Total: 113400 ns
[12.207s][info ][safepoint      ] Safepoint "ICBufferFull", Time since last: 57801 ns, Reaching safepoint: 81700 ns, At safepoint: 20200 ns, Total: 101900 ns
[12.209s][info ][safepoint      ] Safepoint "ICBufferFull", Time since last: 1393906 ns, Reaching safepoint: 85600 ns, At safepoint: 29000 ns, Total: 114600 ns
[12.209s][info ][safepoint      ] Safepoint "ICBufferFull", Time since last: 48901 ns, Reaching safepoint: 91200 ns, At safepoint: 22800 ns, Total: 114000 ns
[12.211s][info ][safepoint      ] Safepoint "ICBufferFull", Time since last: 1387606 ns, Reaching safepoint: 105200 ns, At safepoint: 23701 ns, Total: 128901 ns
[12.211s][info ][safepoint      ] Safepoint "ICBufferFull", Time since last: 226200 ns, Reaching safepoint: 76401 ns, At safepoint: 24500 ns, Total: 100901 ns
[12.211s][info ][safepoint      ] Safepoint "ICBufferFull", Time since last: 47400 ns, Reaching safepoint: 92601 ns, At safepoint: 24500 ns, Total: 117101 ns
[12.212s][info ][safepoint      ] Safepoint "ICBufferFull", Time since last: 1299005 ns, Reaching safepoint: 93701 ns, At safepoint: 14700 ns, Total: 108401 ns
[12.213s][info ][safepoint      ] Safepoint "ICBufferFull", Time since last: 137600 ns, Reaching safepoint: 89701 ns, At safepoint: 16000 ns, Total: 105701 ns
[12.213s][info ][safepoint      ] Safepoint "ICBufferFull", Time since last: 494802 ns, Reaching safepoint: 91500 ns, At safepoint: 21800 ns, Total: 113300 ns
[12.213s][info ][safepoint      ] Safepoint "ICBufferFull", Time since last: 31900 ns, Reaching safepoint: 86301 ns, At safepoint: 20000 ns, Total: 106301 ns
[12.214s][info ][safepoint      ] Safepoint "ICBufferFull", Time since last: 58900 ns, Reaching safepoint: 85300 ns, At safepoint: 24001 ns, Total: 109301 ns
[12.214s][info ][safepoint      ] Safepoint "ICBufferFull", Time since last: 75700 ns, Reaching safepoint: 86900 ns, At safepoint: 22800 ns, Total: 109700 ns
[12.215s][info ][safepoint      ] Safepoint "ICBufferFull", Time since last: 1053205 ns, Reaching safepoint: 95000 ns, At safepoint: 14500 ns, Total: 109500 ns
[12.216s][info ][safepoint      ] Safepoint "ICBufferFull", Time since last: 832404 ns, Reaching safepoint: 85400 ns, At safepoint: 18300 ns, Total: 103700 ns
[12.216s][info ][safepoint      ] Safepoint "ICBufferFull", Time since last: 268701 ns, Reaching safepoint: 166601 ns, At safepoint: 16900 ns, Total: 183501 ns
[12.217s][info ][safepoint      ] Safepoint "ICBufferFull", Time since last: 182301 ns, Reaching safepoint: 104600 ns, At safepoint: 25801 ns, Total: 130401 ns
[12.218s][info ][safepoint      ] Safepoint "ICBufferFull", Time since last: 1293105 ns, Reaching safepoint: 107101 ns, At safepoint: 14700 ns, Total: 121801 ns
[12.219s][info ][safepoint      ] Safepoint "ICBufferFull", Time since last: 400901 ns, Reaching safepoint: 113401 ns, At safepoint: 14600 ns, Total: 128001 ns
[12.219s][info ][safepoint      ] Safepoint "ICBufferFull", Time since last: 135000 ns, Reaching safepoint: 100001 ns, At safepoint: 15100 ns, Total: 115101 ns
[12.219s][info ][safepoint      ] Safepoint "ICBufferFull", Time since last: 162001 ns, Reaching safepoint: 109200 ns, At safepoint: 17000 ns, Total: 126200 ns
[12.219s][info ][safepoint      ] Safepoint "ICBufferFull", Time since last: 47300 ns, Reaching safepoint: 93901 ns, At safepoint: 20200 ns, Total: 114101 ns
[12.220s][info ][safepoint      ] Safepoint "ICBufferFull", Time since last: 722803 ns, Reaching safepoint: 89900 ns, At safepoint: 16500 ns, Total: 106400 ns
[12.223s][info ][safepoint      ] Safepoint "ICBufferFull", Time since last: 2592211 ns, Reaching safepoint: 102501 ns, At safepoint: 21300 ns, Total: 123801 ns
[12.223s][info ][safepoint      ] Safepoint "ICBufferFull", Time since last: 102800 ns, Reaching safepoint: 86801 ns, At safepoint: 19600 ns, Total: 106401 ns
[12.225s][info ][safepoint      ] Safepoint "ICBufferFull", Time since last: 2127709 ns, Reaching safepoint: 53700 ns, At safepoint: 30300 ns, Total: 84000 ns
[12.225s][info ][safepoint      ] Safepoint "ICBufferFull", Time since last: 70301 ns, Reaching safepoint: 80400 ns, At safepoint: 11500 ns, Total: 91900 ns
[12.226s][info ][safepoint      ] Safepoint "ICBufferFull", Time since last: 43900 ns, Reaching safepoint: 90201 ns, At safepoint: 24500 ns, Total: 114701 ns
[12.226s][info ][safepoint      ] Safepoint "ICBufferFull", Time since last: 116600 ns, Reaching safepoint: 90301 ns, At safepoint: 14700 ns, Total: 105001 ns
[12.226s][info ][safepoint      ] Safepoint "ICBufferFull", Time since last: 116100 ns, Reaching safepoint: 82900 ns, At safepoint: 18701 ns, Total: 101601 ns
[12.226s][info ][safepoint      ] Safepoint "ICBufferFull", Time since last: 47800 ns, Reaching safepoint: 84600 ns, At safepoint: 20700 ns, Total: 105300 ns
[12.227s][info ][safepoint      ] Safepoint "ICBufferFull", Time since last: 808004 ns, Reaching safepoint: 91900 ns, At safepoint: 14700 ns, Total: 106600 ns
[12.227s][info ][safepoint      ] Safepoint "ICBufferFull", Time since last: 47300 ns, Reaching safepoint: 91601 ns, At safepoint: 16400 ns, Total: 108001 ns
[12.228s][info ][safepoint      ] Safepoint "ICBufferFull", Time since last: 128100 ns, Reaching safepoint: 86801 ns, At safepoint: 17600 ns, Total: 104401 ns
[12.228s][info ][safepoint      ] Safepoint "ICBufferFull", Time since last: 836103 ns, Reaching safepoint: 89101 ns, At safepoint: 16800 ns, Total: 105901 ns
[12.229s][info ][safepoint      ] Safepoint "ICBufferFull", Time since last: 257401 ns, Reaching safepoint: 97600 ns, At safepoint: 16000 ns, Total: 113600 ns
[12.229s][info ][safepoint      ] Safepoint "ICBufferFull", Time since last: 28500 ns, Reaching safepoint: 89301 ns, At safepoint: 21400 ns, Total: 110701 ns
[12.230s][info ][safepoint      ] Safepoint "ICBufferFull", Time since last: 666603 ns, Reaching safepoint: 85100 ns, At safepoint: 15900 ns, Total: 101000 ns
[12.230s][info ][safepoint      ] Safepoint "ICBufferFull", Time since last: 49000 ns, Reaching safepoint: 83701 ns, At safepoint: 16500 ns, Total: 100201 ns
[12.230s][info ][safepoint      ] Safepoint "ICBufferFull", Time since last: 95400 ns, Reaching safepoint: 83101 ns, At safepoint: 17000 ns, Total: 100101 ns
[12.230s][info ][safepoint      ] Safepoint "ICBufferFull", Time since last: 77000 ns, Reaching safepoint: 91200 ns, At safepoint: 17900 ns, Total: 109100 ns
[12.230s][info ][safepoint      ] Safepoint "ICBufferFull", Time since last: 46401 ns, Reaching safepoint: 86300 ns, At safepoint: 17700 ns, Total: 104000 ns
[12.231s][info ][safepoint      ] Safepoint "ICBufferFull", Time since last: 805904 ns, Reaching safepoint: 93400 ns, At safepoint: 12400 ns, Total: 105800 ns
[12.232s][info ][safepoint      ] Safepoint "ICBufferFull", Time since last: 447602 ns, Reaching safepoint: 94700 ns, At safepoint: 17000 ns, Total: 111700 ns
[12.234s][info ][safepoint      ] Safepoint "ICBufferFull", Time since last: 1681908 ns, Reaching safepoint: 63100 ns, At safepoint: 11700 ns, Total: 74800 ns
[12.234s][info ][safepoint      ] Safepoint "ICBufferFull", Time since last: 63700 ns, Reaching safepoint: 81800 ns, At safepoint: 20201 ns, Total: 102001 ns
[12.234s][info ][safepoint      ] Safepoint "ICBufferFull", Time since last: 73800 ns, Reaching safepoint: 81600 ns, At safepoint: 11900 ns, Total: 93500 ns
[12.234s][info ][safepoint      ] Safepoint "ICBufferFull", Time since last: 71601 ns, Reaching safepoint: 84700 ns, At safepoint: 15200 ns, Total: 99900 ns
[12.234s][info ][safepoint      ] Safepoint "ICBufferFull", Time since last: 64200 ns, Reaching safepoint: 93101 ns, At safepoint: 16700 ns, Total: 109801 ns
[12.234s][info ][safepoint      ] Safepoint "ICBufferFull", Time since last: 38300 ns, Reaching safepoint: 81400 ns, At safepoint: 21700 ns, Total: 103100 ns
[12.235s][info ][safepoint      ] Safepoint "ICBufferFull", Time since last: 734303 ns, Reaching safepoint: 95101 ns, At safepoint: 19000 ns, Total: 114101 ns
[12.236s][info ][safepoint      ] Safepoint "ICBufferFull", Time since last: 898004 ns, Reaching safepoint: 93400 ns, At safepoint: 23500 ns, Total: 116900 ns
[12.237s][info ][safepoint      ] Safepoint "ICBufferFull", Time since last: 81301 ns, Reaching safepoint: 80300 ns, At safepoint: 14000 ns, Total: 94300 ns
[12.237s][info ][safepoint      ] Safepoint "ICBufferFull", Time since last: 53800 ns, Reaching safepoint: 80801 ns, At safepoint: 14800 ns, Total: 95601 ns
[12.237s][info ][safepoint      ] Safepoint "ICBufferFull", Time since last: 40100 ns, Reaching safepoint: 89000 ns, At safepoint: 22100 ns, Total: 111100 ns
[12.238s][info ][safepoint      ] Safepoint "ICBufferFull", Time since last: 760704 ns, Reaching safepoint: 93700 ns, At safepoint: 9100 ns, Total: 102800 ns
[12.238s][info ][safepoint      ] Safepoint "ICBufferFull", Time since last: 42500 ns, Reaching safepoint: 80201 ns, At safepoint: 18300 ns, Total: 98501 ns
[12.238s][info ][safepoint      ] Safepoint "ICBufferFull", Time since last: 57600 ns, Reaching safepoint: 87600 ns, At safepoint: 22000 ns, Total: 109600 ns
[12.238s][info ][safepoint      ] Safepoint "ICBufferFull", Time since last: 43100 ns, Reaching safepoint: 85201 ns, At safepoint: 23400 ns, Total: 108601 ns
[12.238s][info ][safepoint      ] Safepoint "ICBufferFull", Time since last: 66900 ns, Reaching safepoint: 80101 ns, At safepoint: 17800 ns, Total: 97901 ns
[12.239s][info ][safepoint      ] Safepoint "ICBufferFull", Time since last: 677903 ns, Reaching safepoint: 90000 ns, At safepoint: 15000 ns, Total: 105000 ns
[12.239s][info ][safepoint      ] Safepoint "ICBufferFull", Time since last: 33900 ns, Reaching safepoint: 86100 ns, At safepoint: 12701 ns, Total: 98801 ns
[12.239s][info ][safepoint      ] Safepoint "ICBufferFull", Time since last: 37200 ns, Reaching safepoint: 82100 ns, At safepoint: 17900 ns, Total: 100000 ns
[12.239s][info ][safepoint      ] Safepoint "ICBufferFull", Time since last: 25900 ns, Reaching safepoint: 80701 ns, At safepoint: 22000 ns, Total: 102701 ns
[12.240s][info ][safepoint      ] Safepoint "ICBufferFull", Time since last: 421501 ns, Reaching safepoint: 83601 ns, At safepoint: 24000 ns, Total: 107601 ns
[12.241s][info ][safepoint      ] Safepoint "ICBufferFull", Time since last: 729103 ns, Reaching safepoint: 85500 ns, At safepoint: 12200 ns, Total: 97700 ns
[12.241s][info ][safepoint      ] Safepoint "ICBufferFull", Time since last: 95401 ns, Reaching safepoint: 83500 ns, At safepoint: 20600 ns, Total: 104100 ns
[12.241s][info ][safepoint      ] Safepoint "ICBufferFull", Time since last: 34600 ns, Reaching safepoint: 84601 ns, At safepoint: 18600 ns, Total: 103201 ns
[12.241s][info ][safepoint      ] Safepoint "ICBufferFull", Time since last: 52900 ns, Reaching safepoint: 83400 ns, At safepoint: 23301 ns, Total: 106701 ns
[12.241s][info ][safepoint      ] Safepoint "ICBufferFull", Time since last: 57400 ns, Reaching safepoint: 83600 ns, At safepoint: 19100 ns, Total: 102700 ns
[12.242s][info ][safepoint      ] Safepoint "ICBufferFull", Time since last: 709103 ns, Reaching safepoint: 142701 ns, At safepoint: 13200 ns, Total: 155901 ns
[12.243s][info ][safepoint      ] Safepoint "ICBufferFull", Time since last: 53400 ns, Reaching safepoint: 82901 ns, At safepoint: 20800 ns, Total: 103701 ns
[12.243s][info ][safepoint      ] Safepoint "ICBufferFull", Time since last: 29100 ns, Reaching safepoint: 82200 ns, At safepoint: 17800 ns, Total: 100000 ns
[12.243s][info ][safepoint      ] Safepoint "ICBufferFull", Time since last: 41400 ns, Reaching safepoint: 91201 ns, At safepoint: 17400 ns, Total: 108601 ns
[12.243s][info ][safepoint      ] Safepoint "ICBufferFull", Time since last: 33900 ns, Reaching safepoint: 87900 ns, At safepoint: 18600 ns, Total: 106500 ns
[12.244s][info ][safepoint      ] Safepoint "ICBufferFull", Time since last: 723503 ns, Reaching safepoint: 204001 ns, At safepoint: 12300 ns, Total: 216301 ns
[12.244s][info ][safepoint      ] Safepoint "ICBufferFull", Time since last: 85101 ns, Reaching safepoint: 94000 ns, At safepoint: 15200 ns, Total: 109200 ns
[12.244s][info ][safepoint      ] Safepoint "ICBufferFull", Time since last: 64301 ns, Reaching safepoint: 80300 ns, At safepoint: 13900 ns, Total: 94200 ns
[12.244s][info ][safepoint      ] Safepoint "ICBufferFull", Time since last: 44000 ns, Reaching safepoint: 90500 ns, At safepoint: 18701 ns, Total: 109201 ns
[12.245s][info ][safepoint      ] Safepoint "ICBufferFull", Time since last: 59500 ns, Reaching safepoint: 81900 ns, At safepoint: 21900 ns, Total: 103800 ns
[12.245s][info ][safepoint      ] Safepoint "ICBufferFull", Time since last: 779504 ns, Reaching safepoint: 96600 ns, At safepoint: 14500 ns, Total: 111100 ns
[12.246s][info ][safepoint      ] Safepoint "ICBufferFull", Time since last: 66900 ns, Reaching safepoint: 81101 ns, At safepoint: 18900 ns, Total: 100001 ns
[12.246s][info ][safepoint      ] Safepoint "ICBufferFull", Time since last: 39200 ns, Reaching safepoint: 89700 ns, At safepoint: 14900 ns, Total: 104600 ns
[12.246s][info ][safepoint      ] Safepoint "ICBufferFull", Time since last: 64801 ns, Reaching safepoint: 82900 ns, At safepoint: 18800 ns, Total: 101700 ns
[12.247s][info ][safepoint      ] Safepoint "ICBufferFull", Time since last: 761103 ns, Reaching safepoint: 93601 ns, At safepoint: 6800 ns, Total: 100401 ns
[12.247s][info ][safepoint      ] Safepoint "ICBufferFull", Time since last: 58900 ns, Reaching safepoint: 79100 ns, At safepoint: 19700 ns, Total: 98800 ns
[12.247s][info ][safepoint      ] Safepoint "ICBufferFull", Time since last: 27401 ns, Reaching safepoint: 81500 ns, At safepoint: 13500 ns, Total: 95000 ns
[12.247s][info ][safepoint      ] Safepoint "ICBufferFull", Time since last: 50000 ns, Reaching safepoint: 85001 ns, At safepoint: 25200 ns, Total: 110201 ns
[12.247s][info ][safepoint      ] Safepoint "ICBufferFull", Time since last: 42800 ns, Reaching safepoint: 89500 ns, At safepoint: 25200 ns, Total: 114700 ns
[12.248s][info ][safepoint      ] Safepoint "ICBufferFull", Time since last: 97501 ns, Reaching safepoint: 90200 ns, At safepoint: 21300 ns, Total: 111500 ns
[12.248s][info ][safepoint      ] Safepoint "ICBufferFull", Time since last: 776304 ns, Reaching safepoint: 95900 ns, At safepoint: 6500 ns, Total: 102400 ns
[12.249s][info ][safepoint      ] Safepoint "ICBufferFull", Time since last: 53700 ns, Reaching safepoint: 90601 ns, At safepoint: 18400 ns, Total: 109001 ns
[12.249s][info ][safepoint      ] Safepoint "ICBufferFull", Time since last: 39500 ns, Reaching safepoint: 80400 ns, At safepoint: 18200 ns, Total: 98600 ns
[12.249s][info ][safepoint      ] Safepoint "ICBufferFull", Time since last: 91701 ns, Reaching safepoint: 80400 ns, At safepoint: 18100 ns, Total: 98500 ns
[12.249s][info ][safepoint      ] Safepoint "ICBufferFull", Time since last: 39400 ns, Reaching safepoint: 87901 ns, At safepoint: 20800 ns, Total: 108701 ns
[12.249s][info ][safepoint      ] Safepoint "ICBufferFull", Time since last: 62900 ns, Reaching safepoint: 48300 ns, At safepoint: 20600 ns, Total: 68900 ns
[12.250s][info ][safepoint      ] Safepoint "ICBufferFull", Time since last: 799304 ns, Reaching safepoint: 88700 ns, At safepoint: 10600 ns, Total: 99300 ns
[12.250s][info ][safepoint      ] Safepoint "ICBufferFull", Time since last: 48700 ns, Reaching safepoint: 78701 ns, At safepoint: 17900 ns, Total: 96601 ns
[12.250s][info ][safepoint      ] Safepoint "ICBufferFull", Time since last: 51100 ns, Reaching safepoint: 96800 ns, At safepoint: 18100 ns, Total: 114900 ns
[12.251s][info ][safepoint      ] Safepoint "ICBufferFull", Time since last: 34801 ns, Reaching safepoint: 81500 ns, At safepoint: 25000 ns, Total: 106500 ns
[12.251s][info ][safepoint      ] Safepoint "ICBufferFull", Time since last: 53500 ns, Reaching safepoint: 81101 ns, At safepoint: 27500 ns, Total: 108601 ns
[12.252s][info ][safepoint      ] Safepoint "ICBufferFull", Time since last: 671103 ns, Reaching safepoint: 91600 ns, At safepoint: 13600 ns, Total: 105200 ns
[12.252s][info ][safepoint      ] Safepoint "ICBufferFull", Time since last: 316101 ns, Reaching safepoint: 88801 ns, At safepoint: 17500 ns, Total: 106301 ns
[12.252s][info ][safepoint      ] Safepoint "ICBufferFull", Time since last: 63700 ns, Reaching safepoint: 113501 ns, At safepoint: 22200 ns, Total: 135701 ns
[12.252s][info ][safepoint      ] Safepoint "ICBufferFull", Time since last: 77100 ns, Reaching safepoint: 88600 ns, At safepoint: 19200 ns, Total: 107800 ns
[12.253s][info ][safepoint      ] Safepoint "ICBufferFull", Time since last: 741604 ns, Reaching safepoint: 97000 ns, At safepoint: 22300 ns, Total: 119300 ns
[12.253s][info ][safepoint      ] Safepoint "ICBufferFull", Time since last: 63500 ns, Reaching safepoint: 85001 ns, At safepoint: 19300 ns, Total: 104301 ns
[12.253s][info ][safepoint      ] Safepoint "ICBufferFull", Time since last: 48200 ns, Reaching safepoint: 82100 ns, At safepoint: 20100 ns, Total: 102200 ns
[12.254s][info ][safepoint      ] Safepoint "ICBufferFull", Time since last: 107401 ns, Reaching safepoint: 88200 ns, At safepoint: 20700 ns, Total: 108900 ns
[12.254s][info ][safepoint      ] Safepoint "ICBufferFull", Time since last: 38201 ns, Reaching safepoint: 84500 ns, At safepoint: 24200 ns, Total: 108700 ns
[12.255s][info ][safepoint      ] Safepoint "ICBufferFull", Time since last: 869504 ns, Reaching safepoint: 93900 ns, At safepoint: 6600 ns, Total: 100500 ns
[12.255s][info ][safepoint      ] Safepoint "ICBufferFull", Time since last: 59300 ns, Reaching safepoint: 83701 ns, At safepoint: 22500 ns, Total: 106201 ns
[12.255s][info ][safepoint      ] Safepoint "ICBufferFull", Time since last: 46600 ns, Reaching safepoint: 81800 ns, At safepoint: 27501 ns, Total: 109301 ns
[12.255s][info ][safepoint      ] Safepoint "ICBufferFull", Time since last: 90000 ns, Reaching safepoint: 92700 ns, At safepoint: 17900 ns, Total: 110600 ns
[12.256s][info ][safepoint      ] Safepoint "ICBufferFull", Time since last: 40101 ns, Reaching safepoint: 88500 ns, At safepoint: 17400 ns, Total: 105900 ns
[12.256s][info ][safepoint      ] Safepoint "ICBufferFull", Time since last: 48000 ns, Reaching safepoint: 81401 ns, At safepoint: 20400 ns, Total: 101801 ns
[12.257s][info ][safepoint      ] Safepoint "ICBufferFull", Time since last: 873103 ns, Reaching safepoint: 93901 ns, At safepoint: 10000 ns, Total: 103901 ns
[12.257s][info ][safepoint      ] Safepoint "ICBufferFull", Time since last: 73700 ns, Reaching safepoint: 83800 ns, At safepoint: 20701 ns, Total: 104501 ns
[12.257s][info ][safepoint      ] Safepoint "ICBufferFull", Time since last: 63900 ns, Reaching safepoint: 84800 ns, At safepoint: 23800 ns, Total: 108600 ns
[12.257s][info ][safepoint      ] Safepoint "ICBufferFull", Time since last: 41900 ns, Reaching safepoint: 89301 ns, At safepoint: 25500 ns, Total: 114801 ns
[12.257s][info ][safepoint      ] Safepoint "ICBufferFull", Time since last: 126900 ns, Reaching safepoint: 126901 ns, At safepoint: 26400 ns, Total: 153301 ns
[12.258s][info ][safepoint      ] Safepoint "ICBufferFull", Time since last: 41200 ns, Reaching safepoint: 84401 ns, At safepoint: 23800 ns, Total: 108201 ns
[12.258s][info ][safepoint      ] Safepoint "ICBufferFull", Time since last: 738503 ns, Reaching safepoint: 97000 ns, At safepoint: 18600 ns, Total: 115600 ns
[12.259s][info ][safepoint      ] Safepoint "ICBufferFull", Time since last: 289602 ns, Reaching safepoint: 88600 ns, At safepoint: 19300 ns, Total: 107900 ns
[12.259s][info ][safepoint      ] Safepoint "ICBufferFull", Time since last: 569703 ns, Reaching safepoint: 89200 ns, At safepoint: 18000 ns, Total: 107200 ns
[12.260s][info ][safepoint      ] Safepoint "ICBufferFull", Time since last: 165801 ns, Reaching safepoint: 87100 ns, At safepoint: 17300 ns, Total: 104400 ns
[12.261s][info ][safepoint      ] Safepoint "ICBufferFull", Time since last: 720803 ns, Reaching safepoint: 95201 ns, At safepoint: 18100 ns, Total: 113301 ns
[12.261s][info ][safepoint      ] Safepoint "ICBufferFull", Time since last: 86100 ns, Reaching safepoint: 93800 ns, At safepoint: 19601 ns, Total: 113401 ns
[12.261s][info ][safepoint      ] Safepoint "ICBufferFull", Time since last: 154400 ns, Reaching safepoint: 95301 ns, At safepoint: 23600 ns, Total: 118901 ns
[12.261s][info ][safepoint      ] Safepoint "ICBufferFull", Time since last: 41700 ns, Reaching safepoint: 89400 ns, At safepoint: 22900 ns, Total: 112300 ns
[12.262s][info ][safepoint      ] Safepoint "ICBufferFull", Time since last: 824004 ns, Reaching safepoint: 95800 ns, At safepoint: 19500 ns, Total: 115300 ns
[12.262s][info ][safepoint      ] Safepoint "ICBufferFull", Time since last: 50201 ns, Reaching safepoint: 82900 ns, At safepoint: 20900 ns, Total: 103800 ns
[12.266s][info ][safepoint      ] Safepoint "ICBufferFull", Time since last: 186801 ns, Reaching safepoint: 3179413 ns, At safepoint: 29701 ns, Total: 3209114 ns
[12.273s][info ][safepoint      ] Safepoint "ICBufferFull", Time since last: 6859629 ns, Reaching safepoint: 99200 ns, At safepoint: 15100 ns, Total: 114300 ns
[12.273s][info ][safepoint      ] Safepoint "ICBufferFull", Time since last: 192501 ns, Reaching safepoint: 91000 ns, At safepoint: 14101 ns, Total: 105101 ns
[12.273s][info ][safepoint      ] Safepoint "ICBufferFull", Time since last: 42900 ns, Reaching safepoint: 90000 ns, At safepoint: 17500 ns, Total: 107500 ns
[12.273s][info ][safepoint      ] Safepoint "ICBufferFull", Time since last: 32000 ns, Reaching safepoint: 111901 ns, At safepoint: 17800 ns, Total: 129701 ns
[12.273s][info ][safepoint      ] Safepoint "ICBufferFull", Time since last: 72400 ns, Reaching safepoint: 96601 ns, At safepoint: 21600 ns, Total: 118201 ns
[12.274s][info ][safepoint      ] Safepoint "ICBufferFull", Time since last: 47000 ns, Reaching safepoint: 91600 ns, At safepoint: 23100 ns, Total: 114700 ns
[12.275s][info ][safepoint      ] Safepoint "ICBufferFull", Time since last: 854104 ns, Reaching safepoint: 101100 ns, At safepoint: 20101 ns, Total: 121201 ns
[12.275s][info ][safepoint      ] Safepoint "ICBufferFull", Time since last: 73400 ns, Reaching safepoint: 81800 ns, At safepoint: 23600 ns, Total: 105400 ns
[12.277s][info ][safepoint      ] Safepoint "ICBufferFull", Time since last: 67801 ns, Reaching safepoint: 2082108 ns, At safepoint: 23101 ns, Total: 2105209 ns
[12.278s][info ][safepoint      ] Safepoint "ICBufferFull", Time since last: 818803 ns, Reaching safepoint: 100400 ns, At safepoint: 16701 ns, Total: 117101 ns
[12.278s][info ][safepoint      ] Safepoint "ICBufferFull", Time since last: 103200 ns, Reaching safepoint: 81800 ns, At safepoint: 15300 ns, Total: 97100 ns
[12.278s][info ][safepoint      ] Safepoint "ICBufferFull", Time since last: 55301 ns, Reaching safepoint: 81800 ns, At safepoint: 17500 ns, Total: 99300 ns
[12.279s][info ][safepoint      ] Safepoint "ICBufferFull", Time since last: 844204 ns, Reaching safepoint: 90800 ns, At safepoint: 15900 ns, Total: 106700 ns
[12.281s][info ][safepoint      ] Safepoint "ICBufferFull", Time since last: 2009009 ns, Reaching safepoint: 92500 ns, At safepoint: 17500 ns, Total: 110000 ns
[12.281s][info ][safepoint      ] Safepoint "ICBufferFull", Time since last: 42500 ns, Reaching safepoint: 82101 ns, At safepoint: 25400 ns, Total: 107501 ns
[12.282s][info ][safepoint      ] Safepoint "ICBufferFull", Time since last: 59800 ns, Reaching safepoint: 87800 ns, At safepoint: 17600 ns, Total: 105400 ns
[12.282s][info ][safepoint      ] Safepoint "ICBufferFull", Time since last: 76901 ns, Reaching safepoint: 95400 ns, At safepoint: 23700 ns, Total: 119100 ns
[12.283s][info ][safepoint      ] Safepoint "ICBufferFull", Time since last: 813304 ns, Reaching safepoint: 92700 ns, At safepoint: 17600 ns, Total: 110300 ns
[12.284s][info ][safepoint      ] Safepoint "ICBufferFull", Time since last: 1506507 ns, Reaching safepoint: 97000 ns, At safepoint: 8700 ns, Total: 105700 ns
[12.285s][info ][safepoint      ] Safepoint "ICBufferFull", Time since last: 58200 ns, Reaching safepoint: 91001 ns, At safepoint: 21700 ns, Total: 112701 ns
[12.285s][info ][safepoint      ] Safepoint "ICBufferFull", Time since last: 54000 ns, Reaching safepoint: 82600 ns, At safepoint: 26501 ns, Total: 109101 ns
[12.285s][info ][safepoint      ] Safepoint "ICBufferFull", Time since last: 47100 ns, Reaching safepoint: 93800 ns, At safepoint: 20200 ns, Total: 114000 ns
[12.285s][info ][safepoint      ] Safepoint "ICBufferFull", Time since last: 131901 ns, Reaching safepoint: 98700 ns, At safepoint: 17700 ns, Total: 116400 ns
[12.285s][info ][safepoint      ] Safepoint "ICBufferFull", Time since last: 33400 ns, Reaching safepoint: 95001 ns, At safepoint: 24500 ns, Total: 119501 ns
[12.286s][info ][safepoint      ] Safepoint "ICBufferFull", Time since last: 858504 ns, Reaching safepoint: 98300 ns, At safepoint: 8900 ns, Total: 107200 ns
[12.286s][info ][safepoint      ] Safepoint "ICBufferFull", Time since last: 48500 ns, Reaching safepoint: 87401 ns, At safepoint: 20400 ns, Total: 107801 ns
[12.287s][info ][safepoint      ] Safepoint "ICBufferFull", Time since last: 20000 ns, Reaching safepoint: 86600 ns, At safepoint: 14500 ns, Total: 101100 ns
[12.287s][info ][safepoint      ] Safepoint "ICBufferFull", Time since last: 65501 ns, Reaching safepoint: 87100 ns, At safepoint: 15100 ns, Total: 102200 ns
[12.287s][info ][safepoint      ] Safepoint "ICBufferFull", Time since last: 37600 ns, Reaching safepoint: 79600 ns, At safepoint: 21701 ns, Total: 101301 ns
[12.288s][info ][safepoint      ] Safepoint "ICBufferFull", Time since last: 759003 ns, Reaching safepoint: 88900 ns, At safepoint: 21400 ns, Total: 110300 ns
[12.288s][info ][safepoint      ] Safepoint "ICBufferFull", Time since last: 44700 ns, Reaching safepoint: 87001 ns, At safepoint: 20500 ns, Total: 107501 ns
[12.288s][info ][safepoint      ] Safepoint "ICBufferFull", Time since last: 44800 ns, Reaching safepoint: 84500 ns, At safepoint: 24501 ns, Total: 109001 ns
[12.288s][info ][safepoint      ] Safepoint "ICBufferFull", Time since last: 48100 ns, Reaching safepoint: 84200 ns, At safepoint: 24700 ns, Total: 108900 ns
[12.288s][info ][safepoint      ] Safepoint "ICBufferFull", Time since last: 123501 ns, Reaching safepoint: 85900 ns, At safepoint: 21400 ns, Total: 107300 ns
[12.289s][info ][safepoint      ] Safepoint "ICBufferFull", Time since last: 765003 ns, Reaching safepoint: 87001 ns, At safepoint: 20900 ns, Total: 107901 ns
[12.289s][info ][safepoint      ] Safepoint "ICBufferFull", Time since last: 46700 ns, Reaching safepoint: 90000 ns, At safepoint: 21401 ns, Total: 111401 ns
[12.290s][info ][safepoint      ] Safepoint "ICBufferFull", Time since last: 70600 ns, Reaching safepoint: 92300 ns, At safepoint: 16200 ns, Total: 108500 ns
[12.290s][info ][safepoint      ] Safepoint "ICBufferFull", Time since last: 67401 ns, Reaching safepoint: 91500 ns, At safepoint: 22100 ns, Total: 113600 ns
[12.290s][info ][safepoint      ] Safepoint "ICBufferFull", Time since last: 118201 ns, Reaching safepoint: 83800 ns, At safepoint: 22000 ns, Total: 105800 ns
[12.291s][info ][safepoint      ] Safepoint "ICBufferFull", Time since last: 647203 ns, Reaching safepoint: 96300 ns, At safepoint: 12400 ns, Total: 108700 ns
[12.293s][info ][safepoint      ] Safepoint "ICBufferFull", Time since last: 2463111 ns, Reaching safepoint: 79000 ns, At safepoint: 17400 ns, Total: 96400 ns
[12.294s][info ][safepoint      ] Safepoint "ICBufferFull", Time since last: 74201 ns, Reaching safepoint: 85600 ns, At safepoint: 18200 ns, Total: 103800 ns
[12.294s][info ][safepoint      ] Safepoint "ICBufferFull", Time since last: 67600 ns, Reaching safepoint: 93501 ns, At safepoint: 22100 ns, Total: 115601 ns
[12.294s][info ][safepoint      ] Safepoint "ICBufferFull", Time since last: 44600 ns, Reaching safepoint: 82700 ns, At safepoint: 18100 ns, Total: 100800 ns
[12.295s][info ][safepoint      ] Safepoint "ICBufferFull", Time since last: 741804 ns, Reaching safepoint: 86400 ns, At safepoint: 14000 ns, Total: 100400 ns
[12.295s][info ][safepoint      ] Safepoint "ICBufferFull", Time since last: 42800 ns, Reaching safepoint: 82100 ns, At safepoint: 25701 ns, Total: 107801 ns
[12.295s][info ][safepoint      ] Safepoint "ICBufferFull", Time since last: 50700 ns, Reaching safepoint: 83700 ns, At safepoint: 21800 ns, Total: 105500 ns
[12.295s][info ][safepoint      ] Safepoint "ICBufferFull", Time since last: 71501 ns, Reaching safepoint: 81800 ns, At safepoint: 25600 ns, Total: 107400 ns
[12.295s][info ][safepoint      ] Safepoint "ICBufferFull", Time since last: 83900 ns, Reaching safepoint: 101401 ns, At safepoint: 18700 ns, Total: 120101 ns
[12.296s][info ][safepoint      ] Safepoint "ICBufferFull", Time since last: 128400 ns, Reaching safepoint: 83801 ns, At safepoint: 24200 ns, Total: 108001 ns
[12.296s][info ][safepoint      ] Safepoint "ICBufferFull", Time since last: 673903 ns, Reaching safepoint: 86400 ns, At safepoint: 18500 ns, Total: 104900 ns
[12.297s][info ][safepoint      ] Safepoint "ICBufferFull", Time since last: 568503 ns, Reaching safepoint: 87600 ns, At safepoint: 20900 ns, Total: 108500 ns
[12.297s][info ][safepoint      ] Safepoint "ICBufferFull", Time since last: 41200 ns, Reaching safepoint: 98301 ns, At safepoint: 20800 ns, Total: 119101 ns
[12.298s][info ][safepoint      ] Safepoint "ICBufferFull", Time since last: 897404 ns, Reaching safepoint: 86800 ns, At safepoint: 11800 ns, Total: 98600 ns
[12.298s][info ][safepoint      ] Safepoint "ICBufferFull", Time since last: 144801 ns, Reaching safepoint: 85500 ns, At safepoint: 23200 ns, Total: 108700 ns
[12.299s][info ][safepoint      ] Safepoint "ICBufferFull", Time since last: 47900 ns, Reaching safepoint: 85801 ns, At safepoint: 19500 ns, Total: 105301 ns
[12.299s][info ][safepoint      ] Safepoint "ICBufferFull", Time since last: 58900 ns, Reaching safepoint: 86900 ns, At safepoint: 19400 ns, Total: 106300 ns
[12.300s][info ][safepoint      ] Safepoint "ICBufferFull", Time since last: 751804 ns, Reaching safepoint: 87100 ns, At safepoint: 12900 ns, Total: 100000 ns
[12.300s][info ][safepoint      ] Safepoint "ICBufferFull", Time since last: 47500 ns, Reaching safepoint: 97101 ns, At safepoint: 19200 ns, Total: 116301 ns
[12.300s][info ][safepoint      ] Safepoint "ICBufferFull", Time since last: 75100 ns, Reaching safepoint: 53900 ns, At safepoint: 20200 ns, Total: 74100 ns
[12.300s][info ][safepoint      ] Safepoint "ICBufferFull", Time since last: 313402 ns, Reaching safepoint: 89700 ns, At safepoint: 17400 ns, Total: 107100 ns
[12.301s][info ][safepoint      ] Safepoint "ICBufferFull", Time since last: 50400 ns, Reaching safepoint: 97101 ns, At safepoint: 17300 ns, Total: 114401 ns
[12.301s][info ][safepoint      ] Safepoint "ICBufferFull", Time since last: 678603 ns, Reaching safepoint: 89900 ns, At safepoint: 25600 ns, Total: 115500 ns
[12.302s][info ][safepoint      ] Safepoint "ICBufferFull", Time since last: 335302 ns, Reaching safepoint: 91000 ns, At safepoint: 14900 ns, Total: 105900 ns
[12.302s][info ][safepoint      ] Safepoint "ICBufferFull", Time since last: 42300 ns, Reaching safepoint: 93801 ns, At safepoint: 22600 ns, Total: 116401 ns
[12.302s][info ][safepoint      ] Safepoint "ICBufferFull", Time since last: 28700 ns, Reaching safepoint: 95700 ns, At safepoint: 23001 ns, Total: 118701 ns
[12.303s][info ][safepoint      ] Safepoint "ICBufferFull", Time since last: 703703 ns, Reaching safepoint: 106500 ns, At safepoint: 10200 ns, Total: 116700 ns
[12.303s][info ][safepoint      ] Safepoint "ICBufferFull", Time since last: 54100 ns, Reaching safepoint: 79801 ns, At safepoint: 22300 ns, Total: 102101 ns
[12.303s][info ][safepoint      ] Safepoint "ICBufferFull", Time since last: 40500 ns, Reaching safepoint: 88700 ns, At safepoint: 18600 ns, Total: 107300 ns
[12.303s][info ][safepoint      ] Safepoint "ICBufferFull", Time since last: 139601 ns, Reaching safepoint: 89300 ns, At safepoint: 22100 ns, Total: 111400 ns
[12.306s][info ][safepoint      ] Safepoint "ICBufferFull", Time since last: 31701 ns, Reaching safepoint: 2096008 ns, At safepoint: 24301 ns, Total: 2120309 ns
[12.306s][info ][safepoint      ] Safepoint "ICBufferFull", Time since last: 163600 ns, Reaching safepoint: 97201 ns, At safepoint: 19600 ns, Total: 116801 ns
[12.307s][info ][safepoint      ] Safepoint "ICBufferFull", Time since last: 953504 ns, Reaching safepoint: 98700 ns, At safepoint: 18000 ns, Total: 116700 ns
[12.307s][info ][safepoint      ] Safepoint "ICBufferFull", Time since last: 47001 ns, Reaching safepoint: 92800 ns, At safepoint: 16700 ns, Total: 109500 ns
[12.307s][info ][safepoint      ] Safepoint "ICBufferFull", Time since last: 48200 ns, Reaching safepoint: 80501 ns, At safepoint: 13300 ns, Total: 93801 ns
[12.307s][info ][safepoint      ] Safepoint "ICBufferFull", Time since last: 47200 ns, Reaching safepoint: 93500 ns, At safepoint: 17300 ns, Total: 110800 ns
[12.309s][info ][safepoint      ] Safepoint "ICBufferFull", Time since last: 1809708 ns, Reaching safepoint: 86400 ns, At safepoint: 27200 ns, Total: 113600 ns
[12.309s][info ][safepoint      ] Safepoint "ICBufferFull", Time since last: 54301 ns, Reaching safepoint: 86600 ns, At safepoint: 24300 ns, Total: 110900 ns
[12.310s][info ][safepoint      ] Safepoint "ICBufferFull", Time since last: 43800 ns, Reaching safepoint: 90001 ns, At safepoint: 24300 ns, Total: 114301 ns
[12.310s][info ][safepoint      ] Safepoint "ICBufferFull", Time since last: 62300 ns, Reaching safepoint: 87400 ns, At safepoint: 22101 ns, Total: 109501 ns
[12.310s][info ][safepoint      ] Safepoint "ICBufferFull", Time since last: 85500 ns, Reaching safepoint: 96900 ns, At safepoint: 16400 ns, Total: 113300 ns
[12.310s][info ][safepoint      ] Safepoint "ICBufferFull", Time since last: 125401 ns, Reaching safepoint: 94800 ns, At safepoint: 19800 ns, Total: 114600 ns
[12.311s][info ][safepoint      ] Safepoint "ICBufferFull", Time since last: 771404 ns, Reaching safepoint: 93100 ns, At safepoint: 11500 ns, Total: 104600 ns
[12.311s][info ][safepoint      ] Safepoint "ICBufferFull", Time since last: 48100 ns, Reaching safepoint: 82501 ns, At safepoint: 22100 ns, Total: 104601 ns
[12.311s][info ][safepoint      ] Safepoint "ICBufferFull", Time since last: 36900 ns, Reaching safepoint: 94100 ns, At safepoint: 24900 ns, Total: 119000 ns
[12.312s][info ][safepoint      ] Safepoint "ICBufferFull", Time since last: 83301 ns, Reaching safepoint: 96800 ns, At safepoint: 17400 ns, Total: 114200 ns
[12.312s][info ][safepoint      ] Safepoint "ICBufferFull", Time since last: 60701 ns, Reaching safepoint: 83900 ns, At safepoint: 26400 ns, Total: 110300 ns
[12.313s][info ][safepoint      ] Safepoint "ICBufferFull", Time since last: 739903 ns, Reaching safepoint: 693403 ns, At safepoint: 21400 ns, Total: 714803 ns
[12.313s][info ][safepoint      ] Safepoint "ICBufferFull", Time since last: 87501 ns, Reaching safepoint: 89400 ns, At safepoint: 18000 ns, Total: 107400 ns
[12.314s][info ][safepoint      ] Safepoint "ICBufferFull", Time since last: 159701 ns, Reaching safepoint: 94300 ns, At safepoint: 25100 ns, Total: 119400 ns
[12.314s][info ][safepoint      ] Safepoint "ICBufferFull", Time since last: 86201 ns, Reaching safepoint: 89700 ns, At safepoint: 20300 ns, Total: 110000 ns
[12.315s][info ][safepoint      ] Safepoint "ICBufferFull", Time since last: 827204 ns, Reaching safepoint: 98700 ns, At safepoint: 20100 ns, Total: 118800 ns
[12.316s][info ][safepoint      ] Safepoint "ICBufferFull", Time since last: 907804 ns, Reaching safepoint: 93800 ns, At safepoint: 19800 ns, Total: 113600 ns
[12.317s][info ][safepoint      ] Safepoint "ICBufferFull", Time since last: 1008005 ns, Reaching safepoint: 101900 ns, At safepoint: 22900 ns, Total: 124800 ns
[12.321s][info ][safepoint      ] Safepoint "ICBufferFull", Time since last: 160201 ns, Reaching safepoint: 4206718 ns, At safepoint: 26100 ns, Total: 4232818 ns
[12.322s][info ][safepoint      ] Safepoint "ICBufferFull", Time since last: 823404 ns, Reaching safepoint: 102500 ns, At safepoint: 29000 ns, Total: 131500 ns
[12.323s][info ][safepoint      ] Safepoint "ICBufferFull", Time since last: 46000 ns, Reaching safepoint: 90601 ns, At safepoint: 22200 ns, Total: 112801 ns
[12.323s][info ][safepoint      ] Safepoint "ICBufferFull", Time since last: 37700 ns, Reaching safepoint: 90600 ns, At safepoint: 23600 ns, Total: 114200 ns
[12.324s][info ][safepoint      ] Safepoint "ICBufferFull", Time since last: 931404 ns, Reaching safepoint: 100001 ns, At safepoint: 8500 ns, Total: 108501 ns
[12.324s][info ][safepoint      ] Safepoint "ICBufferFull", Time since last: 48400 ns, Reaching safepoint: 49100 ns, At safepoint: 23700 ns, Total: 72800 ns
[12.324s][info ][safepoint      ] Safepoint "ICBufferFull", Time since last: 57001 ns, Reaching safepoint: 95800 ns, At safepoint: 20300 ns, Total: 116100 ns
[12.324s][info ][safepoint      ] Safepoint "ICBufferFull", Time since last: 49500 ns, Reaching safepoint: 89001 ns, At safepoint: 16700 ns, Total: 105701 ns
[12.324s][info ][safepoint      ] Safepoint "ICBufferFull", Time since last: 41800 ns, Reaching safepoint: 88900 ns, At safepoint: 17900 ns, Total: 106800 ns
[12.325s][info ][safepoint      ] Safepoint "ICBufferFull", Time since last: 727004 ns, Reaching safepoint: 297601 ns, At safepoint: 21900 ns, Total: 319501 ns
[12.326s][info ][safepoint      ] Safepoint "ICBufferFull", Time since last: 97200 ns, Reaching safepoint: 144601 ns, At safepoint: 13100 ns, Total: 157701 ns
[12.326s][info ][safepoint      ] Safepoint "ICBufferFull", Time since last: 44600 ns, Reaching safepoint: 84301 ns, At safepoint: 21900 ns, Total: 106201 ns
[12.327s][info ][safepoint      ] Safepoint "ICBufferFull", Time since last: 903603 ns, Reaching safepoint: 88001 ns, At safepoint: 18600 ns, Total: 106601 ns
[12.327s][info ][safepoint      ] Safepoint "ICBufferFull", Time since last: 50200 ns, Reaching safepoint: 96701 ns, At safepoint: 18600 ns, Total: 115301 ns
[12.327s][info ][safepoint      ] Safepoint "ICBufferFull", Time since last: 65200 ns, Reaching safepoint: 89200 ns, At safepoint: 18700 ns, Total: 107900 ns
[12.327s][info ][safepoint      ] Safepoint "ICBufferFull", Time since last: 53701 ns, Reaching safepoint: 88000 ns, At safepoint: 17100 ns, Total: 105100 ns
[12.327s][info ][safepoint      ] Safepoint "ICBufferFull", Time since last: 64000 ns, Reaching safepoint: 94101 ns, At safepoint: 23300 ns, Total: 117401 ns
[12.329s][info ][safepoint      ] Safepoint "ICBufferFull", Time since last: 910504 ns, Reaching safepoint: 101400 ns, At safepoint: 16600 ns, Total: 118000 ns
[12.329s][info ][safepoint      ] Safepoint "ICBufferFull", Time since last: 51600 ns, Reaching safepoint: 98901 ns, At safepoint: 22200 ns, Total: 121101 ns
[12.329s][info ][safepoint      ] Safepoint "ICBufferFull", Time since last: 552602 ns, Reaching safepoint: 89301 ns, At safepoint: 20300 ns, Total: 109601 ns
[12.330s][info ][safepoint      ] Safepoint "ICBufferFull", Time since last: 71600 ns, Reaching safepoint: 95200 ns, At safepoint: 24701 ns, Total: 119901 ns
[12.330s][info ][safepoint      ] Safepoint "ICBufferFull", Time since last: 767103 ns, Reaching safepoint: 58300 ns, At safepoint: 14300 ns, Total: 72600 ns
[12.332s][info ][safepoint      ] Safepoint "ICBufferFull", Time since last: 1296606 ns, Reaching safepoint: 88800 ns, At safepoint: 29100 ns, Total: 117900 ns
[12.332s][info ][safepoint      ] Safepoint "ICBufferFull", Time since last: 59700 ns, Reaching safepoint: 87401 ns, At safepoint: 23200 ns, Total: 110601 ns
[12.332s][info ][safepoint      ] Safepoint "ICBufferFull", Time since last: 68200 ns, Reaching safepoint: 89501 ns, At safepoint: 25400 ns, Total: 114901 ns
[12.333s][info ][safepoint      ] Safepoint "ICBufferFull", Time since last: 1146805 ns, Reaching safepoint: 87900 ns, At safepoint: 17400 ns, Total: 105300 ns
[12.334s][info ][safepoint      ] Safepoint "ICBufferFull", Time since last: 60100 ns, Reaching safepoint: 83501 ns, At safepoint: 26400 ns, Total: 109901 ns
[12.334s][info ][safepoint      ] Safepoint "ICBufferFull", Time since last: 76300 ns, Reaching safepoint: 83600 ns, At safepoint: 23601 ns, Total: 107201 ns
[12.334s][info ][safepoint      ] Safepoint "ICBufferFull", Time since last: 34800 ns, Reaching safepoint: 81200 ns, At safepoint: 17800 ns, Total: 99000 ns
[12.334s][info ][safepoint      ] Safepoint "ICBufferFull", Time since last: 68200 ns, Reaching safepoint: 81901 ns, At safepoint: 21900 ns, Total: 103801 ns
[12.335s][info ][safepoint      ] Safepoint "ICBufferFull", Time since last: 797203 ns, Reaching safepoint: 93301 ns, At safepoint: 14900 ns, Total: 108201 ns
[12.336s][info ][safepoint      ] Safepoint "ICBufferFull", Time since last: 696703 ns, Reaching safepoint: 94600 ns, At safepoint: 20700 ns, Total: 115300 ns
[12.336s][info ][safepoint      ] Safepoint "ICBufferFull", Time since last: 65900 ns, Reaching safepoint: 84901 ns, At safepoint: 21200 ns, Total: 106101 ns
[12.336s][info ][safepoint      ] Safepoint "ICBufferFull", Time since last: 39800 ns, Reaching safepoint: 103501 ns, At safepoint: 18400 ns, Total: 121901 ns
[12.337s][info ][safepoint      ] Safepoint "ICBufferFull", Time since last: 895703 ns, Reaching safepoint: 94101 ns, At safepoint: 25000 ns, Total: 119101 ns
[12.338s][info ][safepoint      ] Safepoint "ICBufferFull", Time since last: 1019304 ns, Reaching safepoint: 49700 ns, At safepoint: 22301 ns, Total: 72001 ns
[12.338s][info ][safepoint      ] Safepoint "ICBufferFull", Time since last: 53000 ns, Reaching safepoint: 94200 ns, At safepoint: 27200 ns, Total: 121400 ns
[12.339s][info ][safepoint      ] Safepoint "ICBufferFull", Time since last: 36900 ns, Reaching safepoint: 87901 ns, At safepoint: 22000 ns, Total: 109901 ns
[12.339s][info ][safepoint      ] Safepoint "ICBufferFull", Time since last: 46900 ns, Reaching safepoint: 87000 ns, At safepoint: 23601 ns, Total: 110601 ns
[12.341s][info ][safepoint      ] Safepoint "ICBufferFull", Time since last: 2536210 ns, Reaching safepoint: 93401 ns, At safepoint: 21400 ns, Total: 114801 ns
[12.342s][info ][safepoint      ] Safepoint "ICBufferFull", Time since last: 54900 ns, Reaching safepoint: 90901 ns, At safepoint: 21800 ns, Total: 112701 ns
[12.343s][info ][safepoint      ] Safepoint "ICBufferFull", Time since last: 1542906 ns, Reaching safepoint: 93201 ns, At safepoint: 24000 ns, Total: 117201 ns
[12.343s][info ][safepoint      ] Safepoint "ICBufferFull", Time since last: 42100 ns, Reaching safepoint: 91100 ns, At safepoint: 24700 ns, Total: 115800 ns
[12.343s][info ][safepoint      ] Safepoint "ICBufferFull", Time since last: 26600 ns, Reaching safepoint: 94001 ns, At safepoint: 22000 ns, Total: 116001 ns
[12.344s][info ][safepoint      ] Safepoint "ICBufferFull", Time since last: 43500 ns, Reaching safepoint: 84701 ns, At safepoint: 17200 ns, Total: 101901 ns
[12.344s][info ][safepoint      ] Safepoint "ICBufferFull", Time since last: 53700 ns, Reaching safepoint: 82800 ns, At safepoint: 20300 ns, Total: 103100 ns
[12.345s][info ][safepoint      ] Safepoint "ICBufferFull", Time since last: 1494207 ns, Reaching safepoint: 88300 ns, At safepoint: 6500 ns, Total: 94800 ns
[12.346s][info ][safepoint      ] Safepoint "ICBufferFull", Time since last: 42500 ns, Reaching safepoint: 81701 ns, At safepoint: 19900 ns, Total: 101601 ns
[12.346s][info ][safepoint      ] Safepoint "ICBufferFull", Time since last: 67500 ns, Reaching safepoint: 70000 ns, At safepoint: 19500 ns, Total: 89500 ns
[12.346s][info ][safepoint      ] Safepoint "ICBufferFull", Time since last: 85401 ns, Reaching safepoint: 95400 ns, At safepoint: 17300 ns, Total: 112700 ns
[12.346s][info ][safepoint      ] Safepoint "ICBufferFull", Time since last: 64200 ns, Reaching safepoint: 83201 ns, At safepoint: 16500 ns, Total: 99701 ns
[12.346s][info ][safepoint      ] Safepoint "ICBufferFull", Time since last: 28900 ns, Reaching safepoint: 80700 ns, At safepoint: 18000 ns, Total: 98700 ns
[12.347s][info ][safepoint      ] Safepoint "ICBufferFull", Time since last: 707503 ns, Reaching safepoint: 95901 ns, At safepoint: 16900 ns, Total: 112801 ns
[12.347s][info ][safepoint      ] Safepoint "ICBufferFull", Time since last: 43000 ns, Reaching safepoint: 80700 ns, At safepoint: 24901 ns, Total: 105601 ns
[12.347s][info ][safepoint      ] Safepoint "ICBufferFull", Time since last: 77500 ns, Reaching safepoint: 89600 ns, At safepoint: 22500 ns, Total: 112100 ns
[12.348s][info ][safepoint      ] Safepoint "ICBufferFull", Time since last: 82101 ns, Reaching safepoint: 86600 ns, At safepoint: 22900 ns, Total: 109500 ns
[12.348s][info ][safepoint      ] Safepoint "ICBufferFull", Time since last: 798904 ns, Reaching safepoint: 99300 ns, At safepoint: 15400 ns, Total: 114700 ns
[12.349s][info ][safepoint      ] Safepoint "ICBufferFull", Time since last: 62500 ns, Reaching safepoint: 83901 ns, At safepoint: 17600 ns, Total: 101501 ns
[12.349s][info ][safepoint      ] Safepoint "ICBufferFull", Time since last: 73500 ns, Reaching safepoint: 83200 ns, At safepoint: 20201 ns, Total: 103401 ns
[12.349s][info ][safepoint      ] Safepoint "ICBufferFull", Time since last: 44100 ns, Reaching safepoint: 81600 ns, At safepoint: 16900 ns, Total: 98500 ns
[12.352s][info ][safepoint      ] Safepoint "ICBufferFull", Time since last: 2805912 ns, Reaching safepoint: 93700 ns, At safepoint: 9701 ns, Total: 103401 ns
[12.352s][info ][safepoint      ] Safepoint "ICBufferFull", Time since last: 52000 ns, Reaching safepoint: 94100 ns, At safepoint: 24300 ns, Total: 118400 ns
[12.352s][info ][safepoint      ] Safepoint "ICBufferFull", Time since last: 45900 ns, Reaching safepoint: 42701 ns, At safepoint: 26800 ns, Total: 69501 ns
[12.352s][info ][safepoint      ] Safepoint "ICBufferFull", Time since last: 91500 ns, Reaching safepoint: 91301 ns, At safepoint: 15400 ns, Total: 106701 ns
[12.352s][info ][safepoint      ] Safepoint "ICBufferFull", Time since last: 64800 ns, Reaching safepoint: 97800 ns, At safepoint: 21100 ns, Total: 118900 ns
[12.353s][info ][safepoint      ] Safepoint "ICBufferFull", Time since last: 69201 ns, Reaching safepoint: 83800 ns, At safepoint: 27600 ns, Total: 111400 ns
[12.354s][info ][safepoint      ] Safepoint "ICBufferFull", Time since last: 828404 ns, Reaching safepoint: 97500 ns, At safepoint: 15400 ns, Total: 112900 ns
[12.354s][info ][safepoint      ] Safepoint "ICBufferFull", Time since last: 96901 ns, Reaching safepoint: 93400 ns, At safepoint: 10700 ns, Total: 104100 ns
[12.354s][info ][safepoint      ] Safepoint "ICBufferFull", Time since last: 421802 ns, Reaching safepoint: 83800 ns, At safepoint: 24800 ns, Total: 108600 ns
[12.354s][info ][safepoint      ] Safepoint "ICBufferFull", Time since last: 36100 ns, Reaching safepoint: 83801 ns, At safepoint: 19500 ns, Total: 103301 ns
[12.355s][info ][safepoint      ] Safepoint "ICBufferFull", Time since last: 31800 ns, Reaching safepoint: 83200 ns, At safepoint: 22900 ns, Total: 106100 ns
[12.355s][info ][safepoint      ] Safepoint "ICBufferFull", Time since last: 713003 ns, Reaching safepoint: 90701 ns, At safepoint: 13400 ns, Total: 104101 ns
[12.356s][info ][safepoint      ] Safepoint "ICBufferFull", Time since last: 64900 ns, Reaching safepoint: 80701 ns, At safepoint: 20100 ns, Total: 100801 ns
[12.356s][info ][safepoint      ] Safepoint "ICBufferFull", Time since last: 119800 ns, Reaching safepoint: 85301 ns, At safepoint: 26500 ns, Total: 111801 ns
[12.356s][info ][safepoint      ] Safepoint "ICBufferFull", Time since last: 31500 ns, Reaching safepoint: 90700 ns, At safepoint: 20000 ns, Total: 110700 ns
[12.357s][info ][safepoint      ] Safepoint "ICBufferFull", Time since last: 739903 ns, Reaching safepoint: 90401 ns, At safepoint: 20300 ns, Total: 110701 ns
[12.357s][info ][safepoint      ] Safepoint "ICBufferFull", Time since last: 57700 ns, Reaching safepoint: 94601 ns, At safepoint: 21700 ns, Total: 116301 ns
[12.358s][info ][safepoint      ] Safepoint "ICBufferFull", Time since last: 711403 ns, Reaching safepoint: 86800 ns, At safepoint: 9000 ns, Total: 95800 ns
[12.358s][info ][safepoint      ] Safepoint "ICBufferFull", Time since last: 103800 ns, Reaching safepoint: 88201 ns, At safepoint: 11600 ns, Total: 99801 ns
[12.358s][info ][safepoint      ] Safepoint "ICBufferFull", Time since last: 104900 ns, Reaching safepoint: 88701 ns, At safepoint: 14700 ns, Total: 103401 ns
[12.358s][info ][safepoint      ] Safepoint "ICBufferFull", Time since last: 58100 ns, Reaching safepoint: 93200 ns, At safepoint: 26701 ns, Total: 119901 ns
[12.359s][info ][safepoint      ] Safepoint "ICBufferFull", Time since last: 166600 ns, Reaching safepoint: 90901 ns, At safepoint: 25300 ns, Total: 116201 ns
[12.360s][info ][safepoint      ] Safepoint "ICBufferFull", Time since last: 795903 ns, Reaching safepoint: 493702 ns, At safepoint: 27800 ns, Total: 521502 ns
[12.361s][info ][safepoint      ] Safepoint "ICBufferFull", Time since last: 44501 ns, Reaching safepoint: 1000704 ns, At safepoint: 26400 ns, Total: 1027104 ns
[12.362s][info ][safepoint      ] Safepoint "ICBufferFull", Time since last: 749503 ns, Reaching safepoint: 575703 ns, At safepoint: 17900 ns, Total: 593603 ns
[12.365s][info ][safepoint      ] Safepoint "ICBufferFull", Time since last: 2834812 ns, Reaching safepoint: 24400 ns, At safepoint: 15400 ns, Total: 39800 ns
[12.365s][info ][safepoint      ] Safepoint "ICBufferFull", Time since last: 61200 ns, Reaching safepoint: 94001 ns, At safepoint: 28200 ns, Total: 122201 ns
[12.370s][info ][safepoint      ] Safepoint "ICBufferFull", Time since last: 80300 ns, Reaching safepoint: 4249618 ns, At safepoint: 29100 ns, Total: 4278718 ns
[12.370s][info ][safepoint      ] Safepoint "ICBufferFull", Time since last: 57201 ns, Reaching safepoint: 157200 ns, At safepoint: 17700 ns, Total: 174900 ns
[12.371s][info ][safepoint      ] Safepoint "ICBufferFull", Time since last: 64501 ns, Reaching safepoint: 362401 ns, At safepoint: 27600 ns, Total: 390001 ns
[12.371s][info ][safepoint      ] Safepoint "ICBufferFull", Time since last: 43800 ns, Reaching safepoint: 86101 ns, At safepoint: 21900 ns, Total: 108001 ns
[12.372s][info ][safepoint      ] Safepoint "ICBufferFull", Time since last: 775503 ns, Reaching safepoint: 94601 ns, At safepoint: 6700 ns, Total: 101301 ns
[12.372s][info ][safepoint      ] Safepoint "ICBufferFull", Time since last: 53500 ns, Reaching safepoint: 90700 ns, At safepoint: 28400 ns, Total: 119100 ns
[12.378s][info ][safepoint      ] Safepoint "ICBufferFull", Time since last: 5941326 ns, Reaching safepoint: 94600 ns, At safepoint: 21400 ns, Total: 116000 ns
[12.378s][info ][safepoint      ] Safepoint "ICBufferFull", Time since last: 66800 ns, Reaching safepoint: 88101 ns, At safepoint: 25200 ns, Total: 113301 ns
[12.378s][info ][safepoint      ] Safepoint "ICBufferFull", Time since last: 43900 ns, Reaching safepoint: 83800 ns, At safepoint: 20401 ns, Total: 104201 ns
[12.378s][info ][safepoint      ] Safepoint "ICBufferFull", Time since last: 162600 ns, Reaching safepoint: 85901 ns, At safepoint: 20000 ns, Total: 105901 ns
[12.379s][info ][safepoint      ] Safepoint "ICBufferFull", Time since last: 93800 ns, Reaching safepoint: 85600 ns, At safepoint: 24201 ns, Total: 109801 ns
[12.379s][info ][safepoint      ] Safepoint "ICBufferFull", Time since last: 57200 ns, Reaching safepoint: 85200 ns, At safepoint: 26000 ns, Total: 111200 ns
[12.380s][info ][safepoint      ] Safepoint "ICBufferFull", Time since last: 791204 ns, Reaching safepoint: 85600 ns, At safepoint: 7000 ns, Total: 92600 ns
[12.380s][info ][safepoint      ] Safepoint "ICBufferFull", Time since last: 36200 ns, Reaching safepoint: 83001 ns, At safepoint: 19000 ns, Total: 102001 ns
[12.380s][info ][safepoint      ] Safepoint "ICBufferFull", Time since last: 46600 ns, Reaching safepoint: 82400 ns, At safepoint: 18800 ns, Total: 101200 ns
[12.380s][info ][safepoint      ] Safepoint "ICBufferFull", Time since last: 46000 ns, Reaching safepoint: 81701 ns, At safepoint: 19700 ns, Total: 101401 ns
[12.380s][info ][safepoint      ] Safepoint "ICBufferFull", Time since last: 102300 ns, Reaching safepoint: 95201 ns, At safepoint: 20400 ns, Total: 115601 ns
[12.380s][info ][safepoint      ] Safepoint "ICBufferFull", Time since last: 59800 ns, Reaching safepoint: 93900 ns, At safepoint: 18701 ns, Total: 112601 ns
[12.381s][info ][safepoint      ] Safepoint "ICBufferFull", Time since last: 690602 ns, Reaching safepoint: 94701 ns, At safepoint: 20900 ns, Total: 115601 ns
[12.381s][info ][safepoint      ] Safepoint "ICBufferFull", Time since last: 51200 ns, Reaching safepoint: 90001 ns, At safepoint: 21900 ns, Total: 111901 ns
[12.382s][info ][safepoint      ] Safepoint "ICBufferFull", Time since last: 832403 ns, Reaching safepoint: 96501 ns, At safepoint: 12700 ns, Total: 109201 ns
[12.383s][info ][safepoint      ] Safepoint "ICBufferFull", Time since last: 70200 ns, Reaching safepoint: 81700 ns, At safepoint: 20200 ns, Total: 101900 ns
[12.383s][info ][safepoint      ] Safepoint "ICBufferFull", Time since last: 47601 ns, Reaching safepoint: 79700 ns, At safepoint: 24300 ns, Total: 104000 ns
[12.383s][info ][safepoint      ] Safepoint "ICBufferFull", Time since last: 29600 ns, Reaching safepoint: 82401 ns, At safepoint: 20900 ns, Total: 103301 ns
[12.383s][info ][safepoint      ] Safepoint "ICBufferFull", Time since last: 115100 ns, Reaching safepoint: 90501 ns, At safepoint: 19000 ns, Total: 109501 ns
[12.384s][info ][safepoint      ] Safepoint "ICBufferFull", Time since last: 787403 ns, Reaching safepoint: 86000 ns, At safepoint: 17800 ns, Total: 103800 ns
[12.384s][info ][safepoint      ] Safepoint "ICBufferFull", Time since last: 51601 ns, Reaching safepoint: 81800 ns, At safepoint: 20000 ns, Total: 101800 ns
[12.384s][info ][safepoint      ] Safepoint "ICBufferFull", Time since last: 41400 ns, Reaching safepoint: 88901 ns, At safepoint: 20700 ns, Total: 109601 ns
[12.384s][info ][safepoint      ] Safepoint "ICBufferFull", Time since last: 140100 ns, Reaching safepoint: 88801 ns, At safepoint: 23000 ns, Total: 111801 ns
[12.385s][info ][safepoint      ] Safepoint "ICBufferFull", Time since last: 679503 ns, Reaching safepoint: 46100 ns, At safepoint: 17000 ns, Total: 63100 ns
[12.385s][info ][safepoint      ] Safepoint "ICBufferFull", Time since last: 54200 ns, Reaching safepoint: 83101 ns, At safepoint: 24400 ns, Total: 107501 ns
[12.386s][info ][safepoint      ] Safepoint "ICBufferFull", Time since last: 55200 ns, Reaching safepoint: 81500 ns, At safepoint: 18200 ns, Total: 99700 ns
[12.386s][info ][safepoint      ] Safepoint "ICBufferFull", Time since last: 53201 ns, Reaching safepoint: 83400 ns, At safepoint: 22800 ns, Total: 106200 ns
[12.387s][info ][safepoint      ] Safepoint "ICBufferFull", Time since last: 1533207 ns, Reaching safepoint: 93400 ns, At safepoint: 30800 ns, Total: 124200 ns
[12.388s][info ][safepoint      ] Safepoint "ICBufferFull", Time since last: 62900 ns, Reaching safepoint: 87901 ns, At safepoint: 21400 ns, Total: 109301 ns
[12.388s][info ][safepoint      ] Safepoint "ICBufferFull", Time since last: 41800 ns, Reaching safepoint: 89400 ns, At safepoint: 24500 ns, Total: 113900 ns
[12.388s][info ][safepoint      ] Safepoint "ICBufferFull", Time since last: 48301 ns, Reaching safepoint: 86600 ns, At safepoint: 24600 ns, Total: 111200 ns
[12.388s][info ][safepoint      ] Safepoint "ICBufferFull", Time since last: 52600 ns, Reaching safepoint: 88801 ns, At safepoint: 19100 ns, Total: 107901 ns
[12.388s][info ][safepoint      ] Safepoint "ICBufferFull", Time since last: 33400 ns, Reaching safepoint: 86000 ns, At safepoint: 23700 ns, Total: 109700 ns
[12.389s][info ][safepoint      ] Safepoint "ICBufferFull", Time since last: 731404 ns, Reaching safepoint: 102000 ns, At safepoint: 21200 ns, Total: 123200 ns
[12.389s][info ][safepoint      ] Safepoint "ICBufferFull", Time since last: 124901 ns, Reaching safepoint: 92400 ns, At safepoint: 24100 ns, Total: 116500 ns
[12.397s][info ][safepoint      ] Safepoint "ICBufferFull", Time since last: 7984834 ns, Reaching safepoint: 75900 ns, At safepoint: 22201 ns, Total: 98101 ns
[12.397s][info ][safepoint      ] Safepoint "ICBufferFull", Time since last: 60100 ns, Reaching safepoint: 81100 ns, At safepoint: 23600 ns, Total: 104700 ns
[12.398s][info ][safepoint      ] Safepoint "ICBufferFull", Time since last: 43400 ns, Reaching safepoint: 79301 ns, At safepoint: 20400 ns, Total: 99701 ns
[12.398s][info ][safepoint      ] Safepoint "ICBufferFull", Time since last: 58100 ns, Reaching safepoint: 80000 ns, At safepoint: 20101 ns, Total: 100101 ns
[12.398s][info ][safepoint      ] Safepoint "ICBufferFull", Time since last: 40600 ns, Reaching safepoint: 78800 ns, At safepoint: 22600 ns, Total: 101400 ns
[12.398s][info ][safepoint      ] Safepoint "ICBufferFull", Time since last: 52300 ns, Reaching safepoint: 113701 ns, At safepoint: 22300 ns, Total: 136001 ns
[12.399s][info ][safepoint      ] Safepoint "ICBufferFull", Time since last: 757903 ns, Reaching safepoint: 85501 ns, At safepoint: 9400 ns, Total: 94901 ns
[12.399s][info ][safepoint      ] Safepoint "ICBufferFull", Time since last: 51700 ns, Reaching safepoint: 84400 ns, At safepoint: 18100 ns, Total: 102500 ns
[12.400s][info ][safepoint      ] Safepoint "ICBufferFull", Time since last: 465002 ns, Reaching safepoint: 85101 ns, At safepoint: 23800 ns, Total: 108901 ns
[12.401s][info ][safepoint      ] Safepoint "ICBufferFull", Time since last: 1504706 ns, Reaching safepoint: 92300 ns, At safepoint: 20701 ns, Total: 113001 ns
[12.401s][info ][safepoint      ] Safepoint "ICBufferFull", Time since last: 64300 ns, Reaching safepoint: 80800 ns, At safepoint: 22400 ns, Total: 103200 ns
[12.402s][info ][safepoint      ] Safepoint "ICBufferFull", Time since last: 46300 ns, Reaching safepoint: 81401 ns, At safepoint: 23000 ns, Total: 104401 ns
[12.402s][info ][safepoint      ] Safepoint "ICBufferFull", Time since last: 50500 ns, Reaching safepoint: 76800 ns, At safepoint: 17401 ns, Total: 94201 ns
[12.402s][info ][safepoint      ] Safepoint "ICBufferFull", Time since last: 49600 ns, Reaching safepoint: 91600 ns, At safepoint: 23700 ns, Total: 115300 ns
[12.403s][info ][safepoint      ] Safepoint "ICBufferFull", Time since last: 786004 ns, Reaching safepoint: 95400 ns, At safepoint: 23900 ns, Total: 119300 ns
[12.403s][info ][safepoint      ] Safepoint "ICBufferFull", Time since last: 38400 ns, Reaching safepoint: 88601 ns, At safepoint: 21500 ns, Total: 110101 ns
[12.403s][info ][safepoint      ] Safepoint "ICBufferFull", Time since last: 49100 ns, Reaching safepoint: 87100 ns, At safepoint: 19400 ns, Total: 106500 ns
[12.403s][info ][safepoint      ] Safepoint "ICBufferFull", Time since last: 71401 ns, Reaching safepoint: 86500 ns, At safepoint: 20900 ns, Total: 107400 ns
[12.403s][info ][safepoint      ] Safepoint "ICBufferFull", Time since last: 34000 ns, Reaching safepoint: 88901 ns, At safepoint: 21700 ns, Total: 110601 ns
[12.404s][info ][safepoint      ] Safepoint "ICBufferFull", Time since last: 652603 ns, Reaching safepoint: 94400 ns, At safepoint: 7500 ns, Total: 101900 ns
[12.404s][info ][safepoint      ] Safepoint "ICBufferFull", Time since last: 51800 ns, Reaching safepoint: 82801 ns, At safepoint: 17600 ns, Total: 100401 ns
[12.405s][info ][safepoint      ] Safepoint "ICBufferFull", Time since last: 56500 ns, Reaching safepoint: 83600 ns, At safepoint: 17200 ns, Total: 100800 ns
[12.405s][info ][safepoint      ] Safepoint "ICBufferFull", Time since last: 51101 ns, Reaching safepoint: 84800 ns, At safepoint: 17400 ns, Total: 102200 ns
[12.405s][info ][safepoint      ] Safepoint "ICBufferFull", Time since last: 102300 ns, Reaching safepoint: 88301 ns, At safepoint: 18000 ns, Total: 106301 ns
[12.405s][info ][safepoint      ] Safepoint "ICBufferFull", Time since last: 198701 ns, Reaching safepoint: 93200 ns, At safepoint: 18100 ns, Total: 111300 ns
[12.406s][info ][safepoint      ] Safepoint "ICBufferFull", Time since last: 737103 ns, Reaching safepoint: 94601 ns, At safepoint: 9000 ns, Total: 103601 ns
[12.406s][info ][safepoint      ] Safepoint "ICBufferFull", Time since last: 60800 ns, Reaching safepoint: 81000 ns, At safepoint: 13400 ns, Total: 94400 ns
[12.406s][info ][safepoint      ] Safepoint "ICBufferFull", Time since last: 49601 ns, Reaching safepoint: 82300 ns, At safepoint: 22600 ns, Total: 104900 ns
[12.407s][info ][safepoint      ] Safepoint "ICBufferFull", Time since last: 48400 ns, Reaching safepoint: 79101 ns, At safepoint: 19400 ns, Total: 98501 ns
[12.407s][info ][safepoint      ] Safepoint "ICBufferFull", Time since last: 47000 ns, Reaching safepoint: 82400 ns, At safepoint: 25200 ns, Total: 107600 ns
[12.407s][info ][safepoint      ] Safepoint "ICBufferFull", Time since last: 38101 ns, Reaching safepoint: 85100 ns, At safepoint: 20800 ns, Total: 105900 ns
[12.408s][info ][safepoint      ] Safepoint "ICBufferFull", Time since last: 685103 ns, Reaching safepoint: 83500 ns, At safepoint: 13900 ns, Total: 97400 ns
[12.408s][info ][safepoint      ] Safepoint "ICBufferFull", Time since last: 83701 ns, Reaching safepoint: 83600 ns, At safepoint: 22000 ns, Total: 105600 ns
[12.408s][info ][safepoint      ] Safepoint "ICBufferFull", Time since last: 38100 ns, Reaching safepoint: 82401 ns, At safepoint: 18700 ns, Total: 101101 ns
[12.408s][info ][safepoint      ] Safepoint "ICBufferFull", Time since last: 27800 ns, Reaching safepoint: 82500 ns, At safepoint: 19700 ns, Total: 102200 ns
[12.409s][info ][safepoint      ] Safepoint "ICBufferFull", Time since last: 686503 ns, Reaching safepoint: 84701 ns, At safepoint: 10300 ns, Total: 95001 ns
[12.409s][info ][safepoint      ] Safepoint "ICBufferFull", Time since last: 37700 ns, Reaching safepoint: 84200 ns, At safepoint: 21800 ns, Total: 106000 ns
[12.409s][info ][safepoint      ] Safepoint "ICBufferFull", Time since last: 40400 ns, Reaching safepoint: 90401 ns, At safepoint: 20900 ns, Total: 111301 ns
[12.409s][info ][safepoint      ] Safepoint "ICBufferFull", Time since last: 53500 ns, Reaching safepoint: 224801 ns, At safepoint: 27600 ns, Total: 252401 ns
[12.410s][info ][safepoint      ] Safepoint "ICBufferFull", Time since last: 50000 ns, Reaching safepoint: 81801 ns, At safepoint: 21100 ns, Total: 102901 ns
[12.410s][info ][safepoint      ] Safepoint "ICBufferFull", Time since last: 66700 ns, Reaching safepoint: 81000 ns, At safepoint: 26601 ns, Total: 107601 ns
[12.411s][info ][safepoint      ] Safepoint "ICBufferFull", Time since last: 669902 ns, Reaching safepoint: 87801 ns, At safepoint: 9300 ns, Total: 97101 ns
[12.411s][info ][safepoint      ] Safepoint "ICBufferFull", Time since last: 50100 ns, Reaching safepoint: 87300 ns, At safepoint: 21600 ns, Total: 108900 ns
[12.411s][info ][safepoint      ] Safepoint "ICBufferFull", Time since last: 95001 ns, Reaching safepoint: 87400 ns, At safepoint: 22900 ns, Total: 110300 ns
[12.411s][info ][safepoint      ] Safepoint "ICBufferFull", Time since last: 67701 ns, Reaching safepoint: 86100 ns, At safepoint: 21700 ns, Total: 107800 ns
[12.411s][info ][safepoint      ] Safepoint "ICBufferFull", Time since last: 33800 ns, Reaching safepoint: 93701 ns, At safepoint: 22200 ns, Total: 115901 ns
[12.413s][info ][safepoint      ] Safepoint "ICBufferFull", Time since last: 2004608 ns, Reaching safepoint: 93401 ns, At safepoint: 21200 ns, Total: 114601 ns
[12.414s][info ][safepoint      ] Safepoint "ICBufferFull", Time since last: 946904 ns, Reaching safepoint: 90700 ns, At safepoint: 19100 ns, Total: 109800 ns
[12.415s][info ][safepoint      ] Safepoint "ICBufferFull", Time since last: 56801 ns, Reaching safepoint: 88500 ns, At safepoint: 20300 ns, Total: 108800 ns
[12.415s][info ][safepoint      ] Safepoint "ICBufferFull", Time since last: 47400 ns, Reaching safepoint: 87701 ns, At safepoint: 18600 ns, Total: 106301 ns
[12.415s][info ][safepoint      ] Safepoint "ICBufferFull", Time since last: 23100 ns, Reaching safepoint: 87100 ns, At safepoint: 16900 ns, Total: 104000 ns
[12.415s][info ][safepoint      ] Safepoint "ICBufferFull", Time since last: 30900 ns, Reaching safepoint: 85201 ns, At safepoint: 20300 ns, Total: 105501 ns
[12.418s][info ][safepoint      ] Safepoint "ICBufferFull", Time since last: 706103 ns, Reaching safepoint: 2098209 ns, At safepoint: 14200 ns, Total: 2112409 ns
[12.418s][info ][safepoint      ] Safepoint "ICBufferFull", Time since last: 62800 ns, Reaching safepoint: 90200 ns, At safepoint: 20901 ns, Total: 111101 ns
[12.418s][info ][safepoint      ] Safepoint "ICBufferFull", Time since last: 87300 ns, Reaching safepoint: 100900 ns, At safepoint: 16600 ns, Total: 117500 ns
[12.419s][info ][safepoint      ] Safepoint "ICBufferFull", Time since last: 277702 ns, Reaching safepoint: 102800 ns, At safepoint: 26200 ns, Total: 129000 ns
[12.419s][info ][safepoint      ] Safepoint "ICBufferFull", Time since last: 58800 ns, Reaching safepoint: 98301 ns, At safepoint: 18400 ns, Total: 116701 ns
[12.419s][info ][safepoint      ] Safepoint "ICBufferFull", Time since last: 146101 ns, Reaching safepoint: 103900 ns, At safepoint: 20600 ns, Total: 124500 ns
[12.420s][info ][safepoint      ] Safepoint "ICBufferFull", Time since last: 890504 ns, Reaching safepoint: 90900 ns, At safepoint: 9500 ns, Total: 100400 ns
[12.421s][info ][safepoint      ] Safepoint "ICBufferFull", Time since last: 1209805 ns, Reaching safepoint: 74201 ns, At safepoint: 23500 ns, Total: 97701 ns
[12.421s][info ][safepoint      ] Safepoint "ICBufferFull", Time since last: 47000 ns, Reaching safepoint: 87200 ns, At safepoint: 20601 ns, Total: 107801 ns
[12.422s][info ][safepoint      ] Safepoint "ICBufferFull", Time since last: 92600 ns, Reaching safepoint: 95700 ns, At safepoint: 25200 ns, Total: 120900 ns
[12.422s][info ][safepoint      ] Safepoint "ICBufferFull", Time since last: 83401 ns, Reaching safepoint: 95600 ns, At safepoint: 16700 ns, Total: 112300 ns
[12.422s][info ][safepoint      ] Safepoint "ICBufferFull", Time since last: 70801 ns, Reaching safepoint: 90300 ns, At safepoint: 59900 ns, Total: 150200 ns
[12.423s][info ][safepoint      ] Safepoint "ICBufferFull", Time since last: 630803 ns, Reaching safepoint: 95800 ns, At safepoint: 14100 ns, Total: 109900 ns
[12.423s][info ][safepoint      ] Safepoint "ICBufferFull", Time since last: 143401 ns, Reaching safepoint: 93400 ns, At safepoint: 22400 ns, Total: 115800 ns
[12.423s][info ][safepoint      ] Safepoint "ICBufferFull", Time since last: 72301 ns, Reaching safepoint: 89600 ns, At safepoint: 17900 ns, Total: 107500 ns
[12.423s][info ][safepoint      ] Safepoint "ICBufferFull", Time since last: 31800 ns, Reaching safepoint: 88201 ns, At safepoint: 23300 ns, Total: 111501 ns
[12.424s][info ][safepoint      ] Safepoint "ICBufferFull", Time since last: 691703 ns, Reaching safepoint: 107100 ns, At safepoint: 18100 ns, Total: 125200 ns
[12.424s][info ][safepoint      ] Safepoint "ICBufferFull", Time since last: 52201 ns, Reaching safepoint: 91400 ns, At safepoint: 20000 ns, Total: 111400 ns
[12.425s][info ][safepoint      ] Safepoint "ICBufferFull", Time since last: 55600 ns, Reaching safepoint: 89601 ns, At safepoint: 18400 ns, Total: 108001 ns
[12.426s][info ][safepoint      ] Safepoint "ICBufferFull", Time since last: 1114404 ns, Reaching safepoint: 96601 ns, At safepoint: 22300 ns, Total: 118901 ns
[12.426s][info ][safepoint      ] Safepoint "ICBufferFull", Time since last: 248601 ns, Reaching safepoint: 94400 ns, At safepoint: 15000 ns, Total: 109400 ns
[12.426s][info ][safepoint      ] Safepoint "ICBufferFull", Time since last: 77401 ns, Reaching safepoint: 89600 ns, At safepoint: 19600 ns, Total: 109200 ns
[12.427s][info ][safepoint      ] Safepoint "ICBufferFull", Time since last: 59601 ns, Reaching safepoint: 90700 ns, At safepoint: 19100 ns, Total: 109800 ns
[12.428s][info ][safepoint      ] Safepoint "ICBufferFull", Time since last: 734803 ns, Reaching safepoint: 230201 ns, At safepoint: 15000 ns, Total: 245201 ns
[12.428s][info ][safepoint      ] Safepoint "ICBufferFull", Time since last: 70900 ns, Reaching safepoint: 88701 ns, At safepoint: 19600 ns, Total: 108301 ns
[12.428s][info ][safepoint      ] Safepoint "ICBufferFull", Time since last: 69700 ns, Reaching safepoint: 86901 ns, At safepoint: 19400 ns, Total: 106301 ns
[12.428s][info ][safepoint      ] Safepoint "ICBufferFull", Time since last: 97400 ns, Reaching safepoint: 100401 ns, At safepoint: 21000 ns, Total: 121401 ns
[12.428s][info ][safepoint      ] Safepoint "ICBufferFull", Time since last: 118100 ns, Reaching safepoint: 91101 ns, At safepoint: 17700 ns, Total: 108801 ns
[12.429s][info ][safepoint      ] Safepoint "ICBufferFull", Time since last: 693103 ns, Reaching safepoint: 98200 ns, At safepoint: 6700 ns, Total: 104900 ns
[12.429s][info ][safepoint      ] Safepoint "ICBufferFull", Time since last: 51200 ns, Reaching safepoint: 52900 ns, At safepoint: 19901 ns, Total: 72801 ns
[12.437s][info ][safepoint      ] Safepoint "ICBufferFull", Time since last: 7465331 ns, Reaching safepoint: 104501 ns, At safepoint: 19900 ns, Total: 124401 ns
[12.437s][info ][safepoint      ] Safepoint "ICBufferFull", Time since last: 132600 ns, Reaching safepoint: 46901 ns, At safepoint: 13600 ns, Total: 60501 ns
[12.437s][info ][safepoint      ] Safepoint "ICBufferFull", Time since last: 41000 ns, Reaching safepoint: 85500 ns, At safepoint: 23600 ns, Total: 109100 ns
[12.437s][info ][safepoint      ] Safepoint "ICBufferFull", Time since last: 61001 ns, Reaching safepoint: 81800 ns, At safepoint: 27800 ns, Total: 109600 ns
[12.438s][info ][safepoint      ] Safepoint "ICBufferFull", Time since last: 175401 ns, Reaching safepoint: 88800 ns, At safepoint: 23700 ns, Total: 112500 ns
[12.438s][info ][safepoint      ] Safepoint "ICBufferFull", Time since last: 52001 ns, Reaching safepoint: 82800 ns, At safepoint: 23900 ns, Total: 106700 ns
[12.439s][info ][safepoint      ] Safepoint "ICBufferFull", Time since last: 685803 ns, Reaching safepoint: 85300 ns, At safepoint: 8200 ns, Total: 93500 ns
[12.439s][info ][safepoint      ] Safepoint "ICBufferFull", Time since last: 38700 ns, Reaching safepoint: 81101 ns, At safepoint: 20700 ns, Total: 101801 ns
[12.439s][info ][safepoint      ] Safepoint "ICBufferFull", Time since last: 46100 ns, Reaching safepoint: 80400 ns, At safepoint: 20801 ns, Total: 101201 ns
[12.439s][info ][safepoint      ] Safepoint "ICBufferFull", Time since last: 36100 ns, Reaching safepoint: 80000 ns, At safepoint: 23100 ns, Total: 103100 ns
[12.439s][info ][safepoint      ] Safepoint "ICBufferFull", Time since last: 74100 ns, Reaching safepoint: 85101 ns, At safepoint: 19900 ns, Total: 105001 ns
[12.439s][info ][safepoint      ] Safepoint "ICBufferFull", Time since last: 53800 ns, Reaching safepoint: 87300 ns, At safepoint: 24101 ns, Total: 111401 ns
[12.440s][info ][safepoint      ] Safepoint "ICBufferFull", Time since last: 709903 ns, Reaching safepoint: 87100 ns, At safepoint: 11500 ns, Total: 98600 ns
[12.441s][info ][safepoint      ] Safepoint "ICBufferFull", Time since last: 697203 ns, Reaching safepoint: 84100 ns, At safepoint: 17900 ns, Total: 102000 ns
[12.441s][info ][safepoint      ] Safepoint "ICBufferFull", Time since last: 37401 ns, Reaching safepoint: 85400 ns, At safepoint: 16800 ns, Total: 102200 ns
[12.441s][info ][safepoint      ] Safepoint "ICBufferFull", Time since last: 50900 ns, Reaching safepoint: 83101 ns, At safepoint: 17000 ns, Total: 100101 ns
[12.442s][info ][safepoint      ] Safepoint "ICBufferFull", Time since last: 623002 ns, Reaching safepoint: 85401 ns, At safepoint: 22000 ns, Total: 107401 ns
[12.442s][info ][safepoint      ] Safepoint "ICBufferFull", Time since last: 60400 ns, Reaching safepoint: 81600 ns, At safepoint: 21700 ns, Total: 103300 ns
[12.442s][info ][safepoint      ] Safepoint "ICBufferFull", Time since last: 36101 ns, Reaching safepoint: 90100 ns, At safepoint: 22300 ns, Total: 112400 ns
[12.442s][info ][safepoint      ] Safepoint "ICBufferFull", Time since last: 41500 ns, Reaching safepoint: 86301 ns, At safepoint: 25200 ns, Total: 111501 ns
[12.443s][info ][safepoint      ] Safepoint "ICBufferFull", Time since last: 747103 ns, Reaching safepoint: 84500 ns, At safepoint: 7800 ns, Total: 92300 ns
[12.443s][info ][safepoint      ] Safepoint "ICBufferFull", Time since last: 56301 ns, Reaching safepoint: 85000 ns, At safepoint: 11100 ns, Total: 96100 ns
[12.444s][info ][safepoint      ] Safepoint "ICBufferFull", Time since last: 37700 ns, Reaching safepoint: 84901 ns, At safepoint: 21200 ns, Total: 106101 ns
[12.444s][info ][safepoint      ] Safepoint "ICBufferFull", Time since last: 42200 ns, Reaching safepoint: 83400 ns, At safepoint: 16400 ns, Total: 99800 ns
[12.444s][info ][safepoint      ] Safepoint "ICBufferFull", Time since last: 39200 ns, Reaching safepoint: 84201 ns, At safepoint: 22300 ns, Total: 106501 ns
[12.444s][info ][safepoint      ] Safepoint "ICBufferFull", Time since last: 22700 ns, Reaching safepoint: 84300 ns, At safepoint: 20200 ns, Total: 104500 ns
[12.445s][info ][safepoint      ] Safepoint "ICBufferFull", Time since last: 622603 ns, Reaching safepoint: 85700 ns, At safepoint: 15700 ns, Total: 101400 ns
[12.445s][info ][safepoint      ] Safepoint "ICBufferFull", Time since last: 48901 ns, Reaching safepoint: 84400 ns, At safepoint: 23700 ns, Total: 108100 ns
[12.445s][info ][safepoint      ] Safepoint "ICBufferFull", Time since last: 50900 ns, Reaching safepoint: 88301 ns, At safepoint: 22300 ns, Total: 110601 ns
[12.445s][info ][safepoint      ] Safepoint "ICBufferFull", Time since last: 91500 ns, Reaching safepoint: 88501 ns, At safepoint: 21300 ns, Total: 109801 ns
[12.445s][info ][safepoint      ] Safepoint "ICBufferFull", Time since last: 67200 ns, Reaching safepoint: 93200 ns, At safepoint: 22600 ns, Total: 115800 ns
[12.446s][info ][safepoint      ] Safepoint "ICBufferFull", Time since last: 729904 ns, Reaching safepoint: 95300 ns, At safepoint: 10900 ns, Total: 106200 ns
[12.447s][info ][safepoint      ] Safepoint "ICBufferFull", Time since last: 673203 ns, Reaching safepoint: 92500 ns, At safepoint: 20100 ns, Total: 112600 ns
[12.447s][info ][safepoint      ] Safepoint "ICBufferFull", Time since last: 68701 ns, Reaching safepoint: 89600 ns, At safepoint: 19600 ns, Total: 109200 ns
[12.447s][info ][safepoint      ] Safepoint "ICBufferFull", Time since last: 50800 ns, Reaching safepoint: 82201 ns, At safepoint: 13600 ns, Total: 95801 ns
[12.448s][info ][safepoint      ] Safepoint "ICBufferFull", Time since last: 121200 ns, Reaching safepoint: 92301 ns, At safepoint: 15800 ns, Total: 108101 ns
[12.448s][info ][safepoint      ] Safepoint "ICBufferFull", Time since last: 36100 ns, Reaching safepoint: 134400 ns, At safepoint: 25401 ns, Total: 159801 ns
[12.449s][info ][safepoint      ] Safepoint "ICBufferFull", Time since last: 728203 ns, Reaching safepoint: 86100 ns, At safepoint: 8700 ns, Total: 94800 ns
[12.449s][info ][safepoint      ] Safepoint "ICBufferFull", Time since last: 69800 ns, Reaching safepoint: 89601 ns, At safepoint: 19700 ns, Total: 109301 ns
[12.449s][info ][safepoint      ] Safepoint "ICBufferFull", Time since last: 57200 ns, Reaching safepoint: 84600 ns, At safepoint: 17801 ns, Total: 102401 ns
[12.449s][info ][safepoint      ] Safepoint "ICBufferFull", Time since last: 52200 ns, Reaching safepoint: 96900 ns, At safepoint: 17600 ns, Total: 114500 ns
[12.449s][info ][safepoint      ] Safepoint "ICBufferFull", Time since last: 53200 ns, Reaching safepoint: 94501 ns, At safepoint: 17000 ns, Total: 111501 ns
[12.449s][info ][safepoint      ] Safepoint "ICBufferFull", Time since last: 61000 ns, Reaching safepoint: 84001 ns, At safepoint: 18100 ns, Total: 102101 ns
[12.450s][info ][safepoint      ] Safepoint "ICBufferFull", Time since last: 743203 ns, Reaching safepoint: 90800 ns, At safepoint: 12200 ns, Total: 103000 ns
[12.450s][info ][safepoint      ] Safepoint "ICBufferFull", Time since last: 43400 ns, Reaching safepoint: 87001 ns, At safepoint: 20700 ns, Total: 107701 ns
[12.451s][info ][safepoint      ] Safepoint "ICBufferFull", Time since last: 36200 ns, Reaching safepoint: 56400 ns, At safepoint: 25800 ns, Total: 82200 ns
[12.451s][info ][safepoint      ] Safepoint "ICBufferFull", Time since last: 54501 ns, Reaching safepoint: 82800 ns, At safepoint: 15800 ns, Total: 98600 ns
[12.451s][info ][safepoint      ] Safepoint "ICBufferFull", Time since last: 43300 ns, Reaching safepoint: 82701 ns, At safepoint: 22500 ns, Total: 105201 ns
[12.452s][info ][safepoint      ] Safepoint "ICBufferFull", Time since last: 851803 ns, Reaching safepoint: 87201 ns, At safepoint: 18300 ns, Total: 105501 ns
[12.452s][info ][safepoint      ] Safepoint "ICBufferFull", Time since last: 182101 ns, Reaching safepoint: 90800 ns, At safepoint: 15200 ns, Total: 106000 ns
[12.452s][info ][safepoint      ] Safepoint "ICBufferFull", Time since last: 50700 ns, Reaching safepoint: 79701 ns, At safepoint: 23000 ns, Total: 102701 ns
[12.452s][info ][safepoint      ] Safepoint "ICBufferFull", Time since last: 81500 ns, Reaching safepoint: 97800 ns, At safepoint: 19700 ns, Total: 117500 ns
[12.453s][info ][safepoint      ] Safepoint "ICBufferFull", Time since last: 64701 ns, Reaching safepoint: 88000 ns, At safepoint: 17700 ns, Total: 105700 ns
[12.453s][info ][safepoint      ] Safepoint "ICBufferFull", Time since last: 710103 ns, Reaching safepoint: 87901 ns, At safepoint: 13800 ns, Total: 101701 ns
[12.454s][info ][safepoint      ] Safepoint "ICBufferFull", Time since last: 53900 ns, Reaching safepoint: 88600 ns, At safepoint: 17200 ns, Total: 105800 ns
[12.454s][info ][safepoint      ] Safepoint "ICBufferFull", Time since last: 94801 ns, Reaching safepoint: 84300 ns, At safepoint: 14300 ns, Total: 98600 ns
[12.454s][info ][safepoint      ] Safepoint "ICBufferFull", Time since last: 88101 ns, Reaching safepoint: 84100 ns, At safepoint: 19100 ns, Total: 103200 ns
[12.454s][info ][safepoint      ] Safepoint "ICBufferFull", Time since last: 40800 ns, Reaching safepoint: 83101 ns, At safepoint: 18300 ns, Total: 101401 ns
[12.455s][info ][safepoint      ] Safepoint "ICBufferFull", Time since last: 710303 ns, Reaching safepoint: 90400 ns, At safepoint: 14300 ns, Total: 104700 ns
[12.455s][info ][safepoint      ] Safepoint "ICBufferFull", Time since last: 45100 ns, Reaching safepoint: 84801 ns, At safepoint: 22300 ns, Total: 107101 ns
[12.455s][info ][safepoint      ] Safepoint "ICBufferFull", Time since last: 89700 ns, Reaching safepoint: 90700 ns, At safepoint: 20401 ns, Total: 111101 ns
[12.455s][info ][safepoint      ] Safepoint "ICBufferFull", Time since last: 55400 ns, Reaching safepoint: 82800 ns, At safepoint: 22000 ns, Total: 104800 ns
[12.456s][info ][safepoint      ] Safepoint "ICBufferFull", Time since last: 742803 ns, Reaching safepoint: 94801 ns, At safepoint: 7700 ns, Total: 102501 ns
[12.456s][info ][safepoint      ] Safepoint "ICBufferFull", Time since last: 58000 ns, Reaching safepoint: 89400 ns, At safepoint: 18901 ns, Total: 108301 ns
[12.457s][info ][safepoint      ] Safepoint "ICBufferFull", Time since last: 80100 ns, Reaching safepoint: 88100 ns, At safepoint: 20300 ns, Total: 108400 ns
[12.457s][info ][safepoint      ] Safepoint "ICBufferFull", Time since last: 53101 ns, Reaching safepoint: 90100 ns, At safepoint: 21100 ns, Total: 111200 ns
[12.457s][info ][safepoint      ] Safepoint "ICBufferFull", Time since last: 52300 ns, Reaching safepoint: 84801 ns, At safepoint: 24300 ns, Total: 109101 ns
[12.457s][info ][safepoint      ] Safepoint "ICBufferFull", Time since last: 70900 ns, Reaching safepoint: 86900 ns, At safepoint: 21701 ns, Total: 108601 ns
[12.458s][info ][safepoint      ] Safepoint "ICBufferFull", Time since last: 739103 ns, Reaching safepoint: 88900 ns, At safepoint: 15600 ns, Total: 104500 ns
[12.458s][info ][safepoint      ] Safepoint "ICBufferFull", Time since last: 299401 ns, Reaching safepoint: 95001 ns, At safepoint: 22600 ns, Total: 117601 ns
[12.459s][info ][safepoint      ] Safepoint "ICBufferFull", Time since last: 45100 ns, Reaching safepoint: 82400 ns, At safepoint: 20401 ns, Total: 102801 ns
[12.459s][info ][safepoint      ] Safepoint "ICBufferFull", Time since last: 797903 ns, Reaching safepoint: 84900 ns, At safepoint: 8800 ns, Total: 93700 ns
[12.460s][info ][safepoint      ] Safepoint "ICBufferFull", Time since last: 44201 ns, Reaching safepoint: 82100 ns, At safepoint: 17400 ns, Total: 99500 ns
[12.461s][info ][safepoint      ] Safepoint "ICBufferFull", Time since last: 989404 ns, Reaching safepoint: 68200 ns, At safepoint: 23101 ns, Total: 91301 ns
[12.461s][info ][safepoint      ] Safepoint "ICBufferFull", Time since last: 47700 ns, Reaching safepoint: 86800 ns, At safepoint: 21700 ns, Total: 108500 ns
[12.461s][info ][safepoint      ] Safepoint "ICBufferFull", Time since last: 57600 ns, Reaching safepoint: 84501 ns, At safepoint: 20400 ns, Total: 104901 ns
[12.461s][info ][safepoint      ] Safepoint "ICBufferFull", Time since last: 118800 ns, Reaching safepoint: 102801 ns, At safepoint: 18900 ns, Total: 121701 ns
[12.461s][info ][safepoint      ] Safepoint "ICBufferFull", Time since last: 77300 ns, Reaching safepoint: 86501 ns, At safepoint: 19800 ns, Total: 106301 ns
[12.462s][info ][safepoint      ] Safepoint "ICBufferFull", Time since last: 719003 ns, Reaching safepoint: 122700 ns, At safepoint: 15000 ns, Total: 137700 ns
[12.462s][info ][safepoint      ] Safepoint "ICBufferFull", Time since last: 76201 ns, Reaching safepoint: 92800 ns, At safepoint: 21200 ns, Total: 114000 ns
[12.463s][info ][safepoint      ] Safepoint "ICBufferFull", Time since last: 57200 ns, Reaching safepoint: 100301 ns, At safepoint: 28500 ns, Total: 128801 ns
[12.463s][info ][safepoint      ] Safepoint "ICBufferFull", Time since last: 78800 ns, Reaching safepoint: 98901 ns, At safepoint: 17900 ns, Total: 116801 ns
[12.465s][info ][safepoint      ] Safepoint "ICBufferFull", Time since last: 2412010 ns, Reaching safepoint: 111501 ns, At safepoint: 20700 ns, Total: 132201 ns
[12.469s][info ][safepoint      ] Safepoint "ICBufferFull", Time since last: 3941816 ns, Reaching safepoint: 111901 ns, At safepoint: 12300 ns, Total: 124201 ns
[12.470s][info ][safepoint      ] Safepoint "ICBufferFull", Time since last: 71200 ns, Reaching safepoint: 92001 ns, At safepoint: 22100 ns, Total: 114101 ns
[12.470s][info ][safepoint      ] Safepoint "ICBufferFull", Time since last: 66100 ns, Reaching safepoint: 91300 ns, At safepoint: 24501 ns, Total: 115801 ns
[12.470s][info ][safepoint      ] Safepoint "ICBufferFull", Time since last: 158000 ns, Reaching safepoint: 96701 ns, At safepoint: 19800 ns, Total: 116501 ns
[12.470s][info ][safepoint      ] Safepoint "ICBufferFull", Time since last: 140600 ns, Reaching safepoint: 96601 ns, At safepoint: 23600 ns, Total: 120201 ns
[12.471s][info ][safepoint      ] Safepoint "ICBufferFull", Time since last: 46900 ns, Reaching safepoint: 96000 ns, At safepoint: 19101 ns, Total: 115101 ns
[12.471s][info ][safepoint      ] Safepoint "ICBufferFull", Time since last: 787303 ns, Reaching safepoint: 98700 ns, At safepoint: 12400 ns, Total: 111100 ns
[12.472s][info ][safepoint      ] Safepoint "ICBufferFull", Time since last: 95901 ns, Reaching safepoint: 85600 ns, At safepoint: 20100 ns, Total: 105700 ns
[12.472s][info ][safepoint      ] Safepoint "ICBufferFull", Time since last: 180901 ns, Reaching safepoint: 103800 ns, At safepoint: 20501 ns, Total: 124301 ns
[12.472s][info ][safepoint      ] Safepoint "ICBufferFull", Time since last: 69100 ns, Reaching safepoint: 89800 ns, At safepoint: 18100 ns, Total: 107900 ns
[12.473s][info ][safepoint      ] Safepoint "ICBufferFull", Time since last: 777604 ns, Reaching safepoint: 87300 ns, At safepoint: 17500 ns, Total: 104800 ns
[12.473s][info ][safepoint      ] Safepoint "ICBufferFull", Time since last: 57400 ns, Reaching safepoint: 104001 ns, At safepoint: 22300 ns, Total: 126301 ns
[12.474s][info ][safepoint      ] Safepoint "ICBufferFull", Time since last: 1002804 ns, Reaching safepoint: 91500 ns, At safepoint: 19701 ns, Total: 111201 ns
[12.477s][info ][safepoint      ] Safepoint "ICBufferFull", Time since last: 2179709 ns, Reaching safepoint: 106200 ns, At safepoint: 22800 ns, Total: 129000 ns
[12.477s][info ][safepoint      ] Safepoint "ICBufferFull", Time since last: 49101 ns, Reaching safepoint: 94400 ns, At safepoint: 19000 ns, Total: 113400 ns
[12.477s][info ][safepoint      ] Safepoint "ICBufferFull", Time since last: 73800 ns, Reaching safepoint: 102301 ns, At safepoint: 17400 ns, Total: 119701 ns
[12.477s][info ][safepoint      ] Safepoint "ICBufferFull", Time since last: 70600 ns, Reaching safepoint: 89901 ns, At safepoint: 22800 ns, Total: 112701 ns
[12.478s][info ][safepoint      ] Safepoint "ICBufferFull", Time since last: 340101 ns, Reaching safepoint: 86701 ns, At safepoint: 19700 ns, Total: 106401 ns
[12.478s][info ][safepoint      ] Safepoint "ICBufferFull", Time since last: 753303 ns, Reaching safepoint: 96700 ns, At safepoint: 21900 ns, Total: 118600 ns
[12.479s][info ][safepoint      ] Safepoint "ICBufferFull", Time since last: 172001 ns, Reaching safepoint: 99500 ns, At safepoint: 21701 ns, Total: 121201 ns
[12.479s][info ][safepoint      ] Safepoint "ICBufferFull", Time since last: 109400 ns, Reaching safepoint: 92700 ns, At safepoint: 22301 ns, Total: 115001 ns
[12.479s][info ][safepoint      ] Safepoint "ICBufferFull", Time since last: 58600 ns, Reaching safepoint: 89900 ns, At safepoint: 21400 ns, Total: 111300 ns
[12.480s][info ][safepoint      ] Safepoint "ICBufferFull", Time since last: 799204 ns, Reaching safepoint: 93300 ns, At safepoint: 13100 ns, Total: 106400 ns
[12.480s][info ][safepoint      ] Safepoint "ICBufferFull", Time since last: 55500 ns, Reaching safepoint: 92201 ns, At safepoint: 21900 ns, Total: 114101 ns
[12.480s][info ][safepoint      ] Safepoint "ICBufferFull", Time since last: 47700 ns, Reaching safepoint: 97600 ns, At safepoint: 22101 ns, Total: 119701 ns
[12.481s][info ][safepoint      ] Safepoint "ICBufferFull", Time since last: 56600 ns, Reaching safepoint: 81500 ns, At safepoint: 24000 ns, Total: 105500 ns
[12.481s][info ][safepoint      ] Safepoint "ICBufferFull", Time since last: 101001 ns, Reaching safepoint: 87100 ns, At safepoint: 25000 ns, Total: 112100 ns
[12.481s][info ][safepoint      ] Safepoint "ICBufferFull", Time since last: 90001 ns, Reaching safepoint: 95000 ns, At safepoint: 23300 ns, Total: 118300 ns
[12.482s][info ][safepoint      ] Safepoint "ICBufferFull", Time since last: 838004 ns, Reaching safepoint: 95500 ns, At safepoint: 6600 ns, Total: 102100 ns
[12.482s][info ][safepoint      ] Safepoint "ICBufferFull", Time since last: 41900 ns, Reaching safepoint: 83601 ns, At safepoint: 20200 ns, Total: 103801 ns
[12.482s][info ][safepoint      ] Safepoint "ICBufferFull", Time since last: 38600 ns, Reaching safepoint: 82200 ns, At safepoint: 18900 ns, Total: 101100 ns
[12.482s][info ][safepoint      ] Safepoint "ICBufferFull", Time since last: 49500 ns, Reaching safepoint: 85301 ns, At safepoint: 19200 ns, Total: 104501 ns
[12.483s][info ][safepoint      ] Safepoint "ICBufferFull", Time since last: 61800 ns, Reaching safepoint: 87401 ns, At safepoint: 21400 ns, Total: 108801 ns
[12.483s][info ][safepoint      ] Safepoint "ICBufferFull", Time since last: 46000 ns, Reaching safepoint: 90000 ns, At safepoint: 17100 ns, Total: 107100 ns
[12.483s][info ][safepoint      ] Safepoint "ICBufferFull", Time since last: 673003 ns, Reaching safepoint: 99401 ns, At safepoint: 9500 ns, Total: 108901 ns
[12.484s][info ][safepoint      ] Safepoint "ICBufferFull", Time since last: 49900 ns, Reaching safepoint: 81400 ns, At safepoint: 22800 ns, Total: 104200 ns
[12.484s][info ][safepoint      ] Safepoint "ICBufferFull", Time since last: 33500 ns, Reaching safepoint: 83001 ns, At safepoint: 21000 ns, Total: 104001 ns
[12.484s][info ][safepoint      ] Safepoint "ICBufferFull", Time since last: 42400 ns, Reaching safepoint: 83000 ns, At safepoint: 25501 ns, Total: 108501 ns
[12.484s][info ][safepoint      ] Safepoint "ICBufferFull", Time since last: 46800 ns, Reaching safepoint: 84000 ns, At safepoint: 24600 ns, Total: 108600 ns
[12.485s][info ][safepoint      ] Safepoint "ICBufferFull", Time since last: 693703 ns, Reaching safepoint: 99001 ns, At safepoint: 11800 ns, Total: 110801 ns
[12.485s][info ][safepoint      ] Safepoint "ICBufferFull", Time since last: 39700 ns, Reaching safepoint: 85100 ns, At safepoint: 22400 ns, Total: 107500 ns
[12.485s][info ][safepoint      ] Safepoint "ICBufferFull", Time since last: 46200 ns, Reaching safepoint: 83401 ns, At safepoint: 21300 ns, Total: 104701 ns
[12.485s][info ][safepoint      ] Safepoint "ICBufferFull", Time since last: 61000 ns, Reaching safepoint: 84900 ns, At safepoint: 17501 ns, Total: 102401 ns
[12.485s][info ][safepoint      ] Safepoint "ICBufferFull", Time since last: 53100 ns, Reaching safepoint: 97500 ns, At safepoint: 24700 ns, Total: 122200 ns
[12.486s][info ][safepoint      ] Safepoint "ICBufferFull", Time since last: 48201 ns, Reaching safepoint: 92500 ns, At safepoint: 24200 ns, Total: 116700 ns
[12.486s][info ][safepoint      ] Safepoint "ICBufferFull", Time since last: 717503 ns, Reaching safepoint: 95200 ns, At safepoint: 20401 ns, Total: 115601 ns
[12.487s][info ][safepoint      ] Safepoint "ICBufferFull", Time since last: 54700 ns, Reaching safepoint: 93700 ns, At safepoint: 17300 ns, Total: 111000 ns
[12.487s][info ][safepoint      ] Safepoint "ICBufferFull", Time since last: 53201 ns, Reaching safepoint: 92800 ns, At safepoint: 21200 ns, Total: 114000 ns
[12.487s][info ][safepoint      ] Safepoint "ICBufferFull", Time since last: 71300 ns, Reaching safepoint: 95001 ns, At safepoint: 21900 ns, Total: 116901 ns
[12.488s][info ][safepoint      ] Safepoint "ICBufferFull", Time since last: 718703 ns, Reaching safepoint: 62800 ns, At safepoint: 11500 ns, Total: 74300 ns
[12.488s][info ][safepoint      ] Safepoint "ICBufferFull", Time since last: 46900 ns, Reaching safepoint: 85401 ns, At safepoint: 21500 ns, Total: 106901 ns
[12.488s][info ][safepoint      ] Safepoint "ICBufferFull", Time since last: 65600 ns, Reaching safepoint: 82900 ns, At safepoint: 16201 ns, Total: 99101 ns
[12.488s][info ][safepoint      ] Safepoint "ICBufferFull", Time since last: 190600 ns, Reaching safepoint: 94001 ns, At safepoint: 16500 ns, Total: 110501 ns
[12.489s][info ][safepoint      ] Safepoint "ICBufferFull", Time since last: 74900 ns, Reaching safepoint: 94901 ns, At safepoint: 21500 ns, Total: 116401 ns
[12.489s][info ][safepoint      ] Safepoint "ICBufferFull", Time since last: 60300 ns, Reaching safepoint: 101500 ns, At safepoint: 19500 ns, Total: 121000 ns
[12.490s][info ][safepoint      ] Safepoint "ICBufferFull", Time since last: 707103 ns, Reaching safepoint: 76801 ns, At safepoint: 16500 ns, Total: 93301 ns
[12.490s][info ][safepoint      ] Safepoint "ICBufferFull", Time since last: 52700 ns, Reaching safepoint: 80900 ns, At safepoint: 23800 ns, Total: 104700 ns
[12.490s][info ][safepoint      ] Safepoint "ICBufferFull", Time since last: 45301 ns, Reaching safepoint: 89200 ns, At safepoint: 22500 ns, Total: 111700 ns
[12.490s][info ][safepoint      ] Safepoint "ICBufferFull", Time since last: 43000 ns, Reaching safepoint: 89201 ns, At safepoint: 21600 ns, Total: 110801 ns
[12.490s][info ][safepoint      ] Safepoint "ICBufferFull", Time since last: 91600 ns, Reaching safepoint: 91101 ns, At safepoint: 22800 ns, Total: 113901 ns
[12.491s][info ][safepoint      ] Safepoint "ICBufferFull", Time since last: 706103 ns, Reaching safepoint: 87600 ns, At safepoint: 14700 ns, Total: 102300 ns
[12.491s][info ][safepoint      ] Safepoint "ICBufferFull", Time since last: 107201 ns, Reaching safepoint: 87800 ns, At safepoint: 17700 ns, Total: 105500 ns
[12.491s][info ][safepoint      ] Safepoint "ICBufferFull", Time since last: 45000 ns, Reaching safepoint: 83201 ns, At safepoint: 21600 ns, Total: 104801 ns
[12.492s][info ][safepoint      ] Safepoint "ICBufferFull", Time since last: 57200 ns, Reaching safepoint: 84200 ns, At safepoint: 22100 ns, Total: 106300 ns
[12.492s][info ][safepoint      ] Safepoint "ICBufferFull", Time since last: 779604 ns, Reaching safepoint: 89300 ns, At safepoint: 20000 ns, Total: 109300 ns
[12.493s][info ][safepoint      ] Safepoint "ICBufferFull", Time since last: 56900 ns, Reaching safepoint: 81401 ns, At safepoint: 19600 ns, Total: 101001 ns
[12.493s][info ][safepoint      ] Safepoint "ICBufferFull", Time since last: 76900 ns, Reaching safepoint: 91001 ns, At safepoint: 17100 ns, Total: 108101 ns
[12.493s][info ][safepoint      ] Safepoint "ICBufferFull", Time since last: 39200 ns, Reaching safepoint: 89800 ns, At safepoint: 24300 ns, Total: 114100 ns
[12.494s][info ][safepoint      ] Safepoint "ICBufferFull", Time since last: 749903 ns, Reaching safepoint: 95701 ns, At safepoint: 7700 ns, Total: 103401 ns
[12.494s][info ][safepoint      ] Safepoint "ICBufferFull", Time since last: 43700 ns, Reaching safepoint: 81200 ns, At safepoint: 19901 ns, Total: 101101 ns
[12.494s][info ][safepoint      ] Safepoint "ICBufferFull", Time since last: 28300 ns, Reaching safepoint: 81600 ns, At safepoint: 18900 ns, Total: 100500 ns
[12.494s][info ][safepoint      ] Safepoint "ICBufferFull", Time since last: 35400 ns, Reaching safepoint: 82801 ns, At safepoint: 20200 ns, Total: 103001 ns
[12.494s][info ][safepoint      ] Safepoint "ICBufferFull", Time since last: 71200 ns, Reaching safepoint: 83200 ns, At safepoint: 19300 ns, Total: 102500 ns
[12.495s][info ][safepoint      ] Safepoint "ICBufferFull", Time since last: 32101 ns, Reaching safepoint: 84000 ns, At safepoint: 19800 ns, Total: 103800 ns
[12.495s][info ][safepoint      ] Safepoint "ICBufferFull", Time since last: 718003 ns, Reaching safepoint: 104900 ns, At safepoint: 14201 ns, Total: 119101 ns
[12.496s][info ][safepoint      ] Safepoint "ICBufferFull", Time since last: 36700 ns, Reaching safepoint: 82800 ns, At safepoint: 21700 ns, Total: 104500 ns
[12.496s][info ][safepoint      ] Safepoint "ICBufferFull", Time since last: 704603 ns, Reaching safepoint: 98601 ns, At safepoint: 20000 ns, Total: 118601 ns
[12.497s][info ][safepoint      ] Safepoint "ICBufferFull", Time since last: 828903 ns, Reaching safepoint: 91801 ns, At safepoint: 9000 ns, Total: 100801 ns
[12.497s][info ][safepoint      ] Safepoint "ICBufferFull", Time since last: 41700 ns, Reaching safepoint: 79200 ns, At safepoint: 20400 ns, Total: 99600 ns
[12.498s][info ][safepoint      ] Safepoint "ICBufferFull", Time since last: 50200 ns, Reaching safepoint: 79501 ns, At safepoint: 19900 ns, Total: 99401 ns
[12.498s][info ][safepoint      ] Safepoint "ICBufferFull", Time since last: 44000 ns, Reaching safepoint: 89300 ns, At safepoint: 22301 ns, Total: 111601 ns
[12.498s][info ][safepoint      ] Safepoint "ICBufferFull", Time since last: 43200 ns, Reaching safepoint: 81400 ns, At safepoint: 19400 ns, Total: 100800 ns
[12.499s][info ][safepoint      ] Safepoint "ICBufferFull", Time since last: 808004 ns, Reaching safepoint: 93100 ns, At safepoint: 19400 ns, Total: 112500 ns
[12.499s][info ][safepoint      ] Safepoint "ICBufferFull", Time since last: 49300 ns, Reaching safepoint: 81501 ns, At safepoint: 17100 ns, Total: 98601 ns
[12.499s][info ][safepoint      ] Safepoint "ICBufferFull", Time since last: 75500 ns, Reaching safepoint: 92700 ns, At safepoint: 19501 ns, Total: 112201 ns
[12.500s][info ][safepoint      ] Safepoint "ICBufferFull", Time since last: 801003 ns, Reaching safepoint: 105300 ns, At safepoint: 17600 ns, Total: 122900 ns
[12.504s][info ][safepoint      ] Safepoint "ICBufferFull", Time since last: 3384615 ns, Reaching safepoint: 85300 ns, At safepoint: 23100 ns, Total: 108400 ns
[12.504s][info ][safepoint      ] Safepoint "ICBufferFull", Time since last: 52301 ns, Reaching safepoint: 80400 ns, At safepoint: 24900 ns, Total: 105300 ns
[12.504s][info ][safepoint      ] Safepoint "ICBufferFull", Time since last: 44400 ns, Reaching safepoint: 49800 ns, At safepoint: 19400 ns, Total: 69200 ns
[12.504s][info ][safepoint      ] Safepoint "ICBufferFull", Time since last: 65501 ns, Reaching safepoint: 83600 ns, At safepoint: 24000 ns, Total: 107600 ns
[12.504s][info ][safepoint      ] Safepoint "ICBufferFull", Time since last: 54900 ns, Reaching safepoint: 81801 ns, At safepoint: 21100 ns, Total: 102901 ns
[12.505s][info ][safepoint      ] Safepoint "ICBufferFull", Time since last: 1075704 ns, Reaching safepoint: 85801 ns, At safepoint: 25100 ns, Total: 110901 ns
[12.506s][info ][safepoint      ] Safepoint "ICBufferFull", Time since last: 48300 ns, Reaching safepoint: 87301 ns, At safepoint: 25400 ns, Total: 112701 ns
[12.506s][info ][safepoint      ] Safepoint "ICBufferFull", Time since last: 51900 ns, Reaching safepoint: 83100 ns, At safepoint: 23200 ns, Total: 106300 ns
[12.506s][info ][safepoint      ] Safepoint "ICBufferFull", Time since last: 48201 ns, Reaching safepoint: 83500 ns, At safepoint: 23700 ns, Total: 107200 ns
[12.506s][info ][safepoint      ] Safepoint "ICBufferFull", Time since last: 81200 ns, Reaching safepoint: 86101 ns, At safepoint: 23300 ns, Total: 109401 ns
[12.506s][info ][safepoint      ] Safepoint "ICBufferFull", Time since last: 38800 ns, Reaching safepoint: 84800 ns, At safepoint: 23700 ns, Total: 108500 ns
[12.507s][info ][safepoint      ] Safepoint "ICBufferFull", Time since last: 764004 ns, Reaching safepoint: 65900 ns, At safepoint: 13900 ns, Total: 79800 ns
[12.507s][info ][safepoint      ] Safepoint "ICBufferFull", Time since last: 40400 ns, Reaching safepoint: 101301 ns, At safepoint: 19200 ns, Total: 120501 ns
[12.507s][info ][safepoint      ] Safepoint "ICBufferFull", Time since last: 36900 ns, Reaching safepoint: 86800 ns, At safepoint: 21700 ns, Total: 108500 ns
[12.508s][info ][safepoint      ] Safepoint "ICBufferFull", Time since last: 839404 ns, Reaching safepoint: 98600 ns, At safepoint: 12300 ns, Total: 110900 ns
[12.508s][info ][safepoint      ] Safepoint "ICBufferFull", Time since last: 43601 ns, Reaching safepoint: 80300 ns, At safepoint: 21300 ns, Total: 101600 ns
[12.509s][info ][safepoint      ] Safepoint "ICBufferFull", Time since last: 89100 ns, Reaching safepoint: 91301 ns, At safepoint: 24900 ns, Total: 116201 ns
[12.509s][info ][safepoint      ] Safepoint "ICBufferFull", Time since last: 170201 ns, Reaching safepoint: 48200 ns, At safepoint: 24200 ns, Total: 72400 ns
[12.510s][info ][safepoint      ] Safepoint "ICBufferFull", Time since last: 995504 ns, Reaching safepoint: 90901 ns, At safepoint: 20700 ns, Total: 111601 ns
[12.510s][info ][safepoint      ] Safepoint "ICBufferFull", Time since last: 33300 ns, Reaching safepoint: 82600 ns, At safepoint: 17800 ns, Total: 100400 ns
[12.510s][info ][safepoint      ] Safepoint "ICBufferFull", Time since last: 33700 ns, Reaching safepoint: 86001 ns, At safepoint: 19100 ns, Total: 105101 ns
[12.511s][info ][safepoint      ] Safepoint "ICBufferFull", Time since last: 858503 ns, Reaching safepoint: 88101 ns, At safepoint: 18800 ns, Total: 106901 ns
[12.511s][info ][safepoint      ] Safepoint "ICBufferFull", Time since last: 167401 ns, Reaching safepoint: 93700 ns, At safepoint: 22300 ns, Total: 116000 ns
[12.512s][info ][safepoint      ] Safepoint "ICBufferFull", Time since last: 88400 ns, Reaching safepoint: 86001 ns, At safepoint: 24200 ns, Total: 110201 ns
[12.513s][info ][safepoint      ] Safepoint "ICBufferFull", Time since last: 819303 ns, Reaching safepoint: 92201 ns, At safepoint: 19900 ns, Total: 112101 ns
[12.517s][info ][safepoint      ] Safepoint "ICBufferFull", Time since last: 4619320 ns, Reaching safepoint: 102500 ns, At safepoint: 20200 ns, Total: 122700 ns
[12.519s][info ][safepoint      ] Safepoint "ICBufferFull", Time since last: 1181505 ns, Reaching safepoint: 94401 ns, At safepoint: 21500 ns, Total: 115901 ns
[12.521s][info ][safepoint      ] Safepoint "ICBufferFull", Time since last: 2568311 ns, Reaching safepoint: 83400 ns, At safepoint: 23400 ns, Total: 106800 ns
[12.522s][info ][safepoint      ] Safepoint "ICBufferFull", Time since last: 86400 ns, Reaching safepoint: 90301 ns, At safepoint: 24900 ns, Total: 115201 ns
[12.522s][info ][safepoint      ] Safepoint "ICBufferFull", Time since last: 81200 ns, Reaching safepoint: 96701 ns, At safepoint: 27600 ns, Total: 124301 ns
[12.522s][info ][safepoint      ] Safepoint "ICBufferFull", Time since last: 121200 ns, Reaching safepoint: 102001 ns, At safepoint: 21700 ns, Total: 123701 ns
[12.522s][info ][safepoint      ] Safepoint "ICBufferFull", Time since last: 39900 ns, Reaching safepoint: 84700 ns, At safepoint: 22200 ns, Total: 106900 ns
[12.523s][info ][safepoint      ] Safepoint "ICBufferFull", Time since last: 827504 ns, Reaching safepoint: 101000 ns, At safepoint: 18201 ns, Total: 119201 ns
[12.523s][info ][safepoint      ] Safepoint "ICBufferFull", Time since last: 49700 ns, Reaching safepoint: 85400 ns, At safepoint: 17300 ns, Total: 102700 ns
[12.524s][info ][safepoint      ] Safepoint "ICBufferFull", Time since last: 284201 ns, Reaching safepoint: 87601 ns, At safepoint: 13600 ns, Total: 101201 ns
[12.525s][info ][safepoint      ] Safepoint "ICBufferFull", Time since last: 1379906 ns, Reaching safepoint: 87800 ns, At safepoint: 17900 ns, Total: 105700 ns
[12.525s][info ][safepoint      ] Safepoint "ICBufferFull", Time since last: 100301 ns, Reaching safepoint: 83500 ns, At safepoint: 14000 ns, Total: 97500 ns
[12.526s][info ][safepoint      ] Safepoint "ICBufferFull", Time since last: 718003 ns, Reaching safepoint: 87600 ns, At safepoint: 16200 ns, Total: 103800 ns
[12.526s][info ][safepoint      ] Safepoint "ICBufferFull", Time since last: 36101 ns, Reaching safepoint: 84900 ns, At safepoint: 19400 ns, Total: 104300 ns
[12.528s][info ][safepoint      ] Safepoint "ICBufferFull", Time since last: 1276606 ns, Reaching safepoint: 85600 ns, At safepoint: 16900 ns, Total: 102500 ns
[12.528s][info ][safepoint      ] Safepoint "ICBufferFull", Time since last: 61200 ns, Reaching safepoint: 85701 ns, At safepoint: 17700 ns, Total: 103401 ns
[12.528s][info ][safepoint      ] Safepoint "ICBufferFull", Time since last: 100900 ns, Reaching safepoint: 84800 ns, At safepoint: 16101 ns, Total: 100901 ns
[12.528s][info ][safepoint      ] Safepoint "ICBufferFull", Time since last: 68900 ns, Reaching safepoint: 85900 ns, At safepoint: 19700 ns, Total: 105600 ns
[12.528s][info ][safepoint      ] Safepoint "ICBufferFull", Time since last: 79301 ns, Reaching safepoint: 85000 ns, At safepoint: 20700 ns, Total: 105700 ns
[12.529s][info ][safepoint      ] Safepoint "ICBufferFull", Time since last: 769903 ns, Reaching safepoint: 95301 ns, At safepoint: 15400 ns, Total: 110701 ns
[12.532s][info ][safepoint      ] Safepoint "ICBufferFull", Time since last: 2545311 ns, Reaching safepoint: 100900 ns, At safepoint: 14100 ns, Total: 115000 ns
[12.532s][info ][safepoint      ] Safepoint "ICBufferFull", Time since last: 64300 ns, Reaching safepoint: 80501 ns, At safepoint: 25000 ns, Total: 105501 ns
[12.535s][info ][safepoint      ] Safepoint "ICBufferFull", Time since last: 2727711 ns, Reaching safepoint: 22301 ns, At safepoint: 6000 ns, Total: 28301 ns
[12.537s][info ][safepoint      ] Safepoint "ICBufferFull", Time since last: 2405310 ns, Reaching safepoint: 98100 ns, At safepoint: 23000 ns, Total: 121100 ns
[12.538s][info ][safepoint      ] Safepoint "ICBufferFull", Time since last: 44901 ns, Reaching safepoint: 92800 ns, At safepoint: 23000 ns, Total: 115800 ns
[12.538s][info ][safepoint      ] Safepoint "ICBufferFull", Time since last: 49300 ns, Reaching safepoint: 85001 ns, At safepoint: 16600 ns, Total: 101601 ns
[12.538s][info ][safepoint      ] Safepoint "ICBufferFull", Time since last: 48700 ns, Reaching safepoint: 89400 ns, At safepoint: 24800 ns, Total: 114200 ns
[12.538s][info ][safepoint      ] Safepoint "ICBufferFull", Time since last: 32201 ns, Reaching safepoint: 84900 ns, At safepoint: 20200 ns, Total: 105100 ns
[12.539s][info ][safepoint      ] Safepoint "ICBufferFull", Time since last: 673003 ns, Reaching safepoint: 85100 ns, At safepoint: 23400 ns, Total: 108500 ns
[12.539s][info ][safepoint      ] Safepoint "ICBufferFull", Time since last: 84501 ns, Reaching safepoint: 85000 ns, At safepoint: 25700 ns, Total: 110700 ns
[12.539s][info ][safepoint      ] Safepoint "ICBufferFull", Time since last: 99401 ns, Reaching safepoint: 84200 ns, At safepoint: 24400 ns, Total: 108600 ns
[12.540s][info ][safepoint      ] Safepoint "ICBufferFull", Time since last: 654503 ns, Reaching safepoint: 100300 ns, At safepoint: 14800 ns, Total: 115100 ns
[12.540s][info ][safepoint      ] Safepoint "ICBufferFull", Time since last: 31300 ns, Reaching safepoint: 91501 ns, At safepoint: 21400 ns, Total: 112901 ns
[12.540s][info ][safepoint      ] Safepoint "ICBufferFull", Time since last: 123900 ns, Reaching safepoint: 90501 ns, At safepoint: 16900 ns, Total: 107401 ns
[12.540s][info ][safepoint      ] Safepoint "ICBufferFull", Time since last: 38500 ns, Reaching safepoint: 66100 ns, At safepoint: 26200 ns, Total: 92300 ns
[12.541s][info ][safepoint      ] Safepoint "ICBufferFull", Time since last: 81101 ns, Reaching safepoint: 86200 ns, At safepoint: 19100 ns, Total: 105300 ns
[12.541s][info ][safepoint      ] Safepoint "ICBufferFull", Time since last: 677903 ns, Reaching safepoint: 98701 ns, At safepoint: 9500 ns, Total: 108201 ns
[12.542s][info ][safepoint      ] Safepoint "ICBufferFull", Time since last: 47700 ns, Reaching safepoint: 85100 ns, At safepoint: 20200 ns, Total: 105300 ns
[12.542s][info ][safepoint      ] Safepoint "ICBufferFull", Time since last: 46900 ns, Reaching safepoint: 83701 ns, At safepoint: 20800 ns, Total: 104501 ns
[12.542s][info ][safepoint      ] Safepoint "ICBufferFull", Time since last: 37900 ns, Reaching safepoint: 85700 ns, At safepoint: 19101 ns, Total: 104801 ns
[12.542s][info ][safepoint      ] Safepoint "ICBufferFull", Time since last: 37100 ns, Reaching safepoint: 84100 ns, At safepoint: 21400 ns, Total: 105500 ns
[12.543s][info ][safepoint      ] Safepoint "ICBufferFull", Time since last: 777903 ns, Reaching safepoint: 87101 ns, At safepoint: 12400 ns, Total: 99501 ns
[12.543s][info ][safepoint      ] Safepoint "ICBufferFull", Time since last: 78100 ns, Reaching safepoint: 84501 ns, At safepoint: 20900 ns, Total: 105401 ns
[12.543s][info ][safepoint      ] Safepoint "ICBufferFull", Time since last: 32500 ns, Reaching safepoint: 85100 ns, At safepoint: 18200 ns, Total: 103300 ns
[12.543s][info ][safepoint      ] Safepoint "ICBufferFull", Time since last: 27600 ns, Reaching safepoint: 84101 ns, At safepoint: 19000 ns, Total: 103101 ns
[12.544s][info ][safepoint      ] Safepoint "ICBufferFull", Time since last: 689503 ns, Reaching safepoint: 92300 ns, At safepoint: 12000 ns, Total: 104300 ns
[12.544s][info ][safepoint      ] Safepoint "ICBufferFull", Time since last: 53700 ns, Reaching safepoint: 89701 ns, At safepoint: 24900 ns, Total: 114601 ns
[12.544s][info ][safepoint      ] Safepoint "ICBufferFull", Time since last: 43600 ns, Reaching safepoint: 92800 ns, At safepoint: 22701 ns, Total: 115501 ns
[12.545s][info ][safepoint      ] Safepoint "ICBufferFull", Time since last: 37300 ns, Reaching safepoint: 94500 ns, At safepoint: 22800 ns, Total: 117300 ns
[12.545s][info ][safepoint      ] Safepoint "ICBufferFull", Time since last: 723203 ns, Reaching safepoint: 64601 ns, At safepoint: 19100 ns, Total: 83701 ns
[12.546s][info ][safepoint      ] Safepoint "ICBufferFull", Time since last: 41200 ns, Reaching safepoint: 85400 ns, At safepoint: 21200 ns, Total: 106600 ns
[12.546s][info ][safepoint      ] Safepoint "ICBufferFull", Time since last: 780304 ns, Reaching safepoint: 47100 ns, At safepoint: 18000 ns, Total: 65100 ns
[12.547s][info ][safepoint      ] Safepoint "ICBufferFull", Time since last: 54200 ns, Reaching safepoint: 79400 ns, At safepoint: 20401 ns, Total: 99801 ns
[12.547s][info ][safepoint      ] Safepoint "ICBufferFull", Time since last: 61900 ns, Reaching safepoint: 79100 ns, At safepoint: 20400 ns, Total: 99500 ns
[12.547s][info ][safepoint      ] Safepoint "ICBufferFull", Time since last: 151801 ns, Reaching safepoint: 91600 ns, At safepoint: 16900 ns, Total: 108500 ns
[12.547s][info ][safepoint      ] Safepoint "ICBufferFull", Time since last: 117601 ns, Reaching safepoint: 95100 ns, At safepoint: 15500 ns, Total: 110600 ns
[12.547s][info ][safepoint      ] Safepoint "ICBufferFull", Time since last: 61701 ns, Reaching safepoint: 92000 ns, At safepoint: 18100 ns, Total: 110100 ns
[12.548s][info ][safepoint      ] Safepoint "ICBufferFull", Time since last: 733703 ns, Reaching safepoint: 90901 ns, At safepoint: 10600 ns, Total: 101501 ns
[12.548s][info ][safepoint      ] Safepoint "ICBufferFull", Time since last: 52500 ns, Reaching safepoint: 81200 ns, At safepoint: 18800 ns, Total: 100000 ns
[12.549s][info ][safepoint      ] Safepoint "ICBufferFull", Time since last: 193101 ns, Reaching safepoint: 89200 ns, At safepoint: 16301 ns, Total: 105501 ns
[12.549s][info ][safepoint      ] Safepoint "ICBufferFull", Time since last: 97000 ns, Reaching safepoint: 85900 ns, At safepoint: 17200 ns, Total: 103100 ns
[12.549s][info ][safepoint      ] Safepoint "ICBufferFull", Time since last: 50601 ns, Reaching safepoint: 85200 ns, At safepoint: 24700 ns, Total: 109900 ns
[12.549s][info ][safepoint      ] Safepoint "ICBufferFull", Time since last: 47700 ns, Reaching safepoint: 86001 ns, At safepoint: 21300 ns, Total: 107301 ns
[12.550s][info ][safepoint      ] Safepoint "ICBufferFull", Time since last: 732203 ns, Reaching safepoint: 94900 ns, At safepoint: 8200 ns, Total: 103100 ns
[12.550s][info ][safepoint      ] Safepoint "ICBufferFull", Time since last: 50701 ns, Reaching safepoint: 80400 ns, At safepoint: 24400 ns, Total: 104800 ns
[12.550s][info ][safepoint      ] Safepoint "ICBufferFull", Time since last: 55500 ns, Reaching safepoint: 79201 ns, At safepoint: 22900 ns, Total: 102101 ns
[12.550s][info ][safepoint      ] Safepoint "ICBufferFull", Time since last: 48100 ns, Reaching safepoint: 84300 ns, At safepoint: 26100 ns, Total: 110400 ns
[12.551s][info ][safepoint      ] Safepoint "ICBufferFull", Time since last: 67701 ns, Reaching safepoint: 88400 ns, At safepoint: 25000 ns, Total: 113400 ns
[12.551s][info ][safepoint      ] Safepoint "ICBufferFull", Time since last: 58000 ns, Reaching safepoint: 85901 ns, At safepoint: 151300 ns, Total: 237201 ns
[12.552s][info ][safepoint      ] Safepoint "ICBufferFull", Time since last: 558303 ns, Reaching safepoint: 83100 ns, At safepoint: 8800 ns, Total: 91900 ns
[12.552s][info ][safepoint      ] Safepoint "ICBufferFull", Time since last: 57400 ns, Reaching safepoint: 88001 ns, At safepoint: 14900 ns, Total: 102901 ns
[12.552s][info ][safepoint      ] Safepoint "ICBufferFull", Time since last: 43000 ns, Reaching safepoint: 80900 ns, At safepoint: 14600 ns, Total: 95500 ns
[12.552s][info ][safepoint      ] Safepoint "ICBufferFull", Time since last: 100401 ns, Reaching safepoint: 80500 ns, At safepoint: 15200 ns, Total: 95700 ns
[12.552s][info ][safepoint      ] Safepoint "ICBufferFull", Time since last: 121601 ns, Reaching safepoint: 100000 ns, At safepoint: 28200 ns, Total: 128200 ns
[12.553s][info ][safepoint      ] Safepoint "ICBufferFull", Time since last: 881904 ns, Reaching safepoint: 95100 ns, At safepoint: 20901 ns, Total: 116001 ns
[12.553s][info ][safepoint      ] Safepoint "ICBufferFull", Time since last: 48000 ns, Reaching safepoint: 86900 ns, At safepoint: 21700 ns, Total: 108600 ns
[12.554s][info ][safepoint      ] Safepoint "ICBufferFull", Time since last: 30200 ns, Reaching safepoint: 81901 ns, At safepoint: 21000 ns, Total: 102901 ns
[12.554s][info ][safepoint      ] Safepoint "ICBufferFull", Time since last: 72100 ns, Reaching safepoint: 88500 ns, At safepoint: 18901 ns, Total: 107401 ns
[12.554s][info ][safepoint      ] Safepoint "ICBufferFull", Time since last: 35500 ns, Reaching safepoint: 81900 ns, At safepoint: 18500 ns, Total: 100400 ns
[12.555s][info ][safepoint      ] Safepoint "ICBufferFull", Time since last: 704803 ns, Reaching safepoint: 89801 ns, At safepoint: 6800 ns, Total: 96601 ns
[12.555s][info ][safepoint      ] Safepoint "ICBufferFull", Time since last: 105800 ns, Reaching safepoint: 90600 ns, At safepoint: 10000 ns, Total: 100600 ns
[12.555s][info ][safepoint      ] Safepoint "ICBufferFull", Time since last: 77101 ns, Reaching safepoint: 85800 ns, At safepoint: 13900 ns, Total: 99700 ns
[12.555s][info ][safepoint      ] Safepoint "ICBufferFull", Time since last: 104601 ns, Reaching safepoint: 89400 ns, At safepoint: 15800 ns, Total: 105200 ns
[12.555s][info ][safepoint      ] Safepoint "ICBufferFull", Time since last: 48800 ns, Reaching safepoint: 81701 ns, At safepoint: 20300 ns, Total: 102001 ns
[12.556s][info ][safepoint      ] Safepoint "ICBufferFull", Time since last: 39200 ns, Reaching safepoint: 82400 ns, At safepoint: 23500 ns, Total: 105900 ns
[12.556s][info ][safepoint      ] Safepoint "ICBufferFull", Time since last: 660303 ns, Reaching safepoint: 84401 ns, At safepoint: 17300 ns, Total: 101701 ns
[12.557s][info ][safepoint      ] Safepoint "ICBufferFull", Time since last: 516602 ns, Reaching safepoint: 85800 ns, At safepoint: 22800 ns, Total: 108600 ns
[12.557s][info ][safepoint      ] Safepoint "ICBufferFull", Time since last: 60201 ns, Reaching safepoint: 83300 ns, At safepoint: 32300 ns, Total: 115600 ns
[12.557s][info ][safepoint      ] Safepoint "ICBufferFull", Time since last: 55700 ns, Reaching safepoint: 97801 ns, At safepoint: 23900 ns, Total: 121701 ns
[12.558s][info ][safepoint      ] Safepoint "ICBufferFull", Time since last: 709703 ns, Reaching safepoint: 94900 ns, At safepoint: 7600 ns, Total: 102500 ns
[12.558s][info ][safepoint      ] Safepoint "ICBufferFull", Time since last: 72201 ns, Reaching safepoint: 65800 ns, At safepoint: 9600 ns, Total: 75400 ns
[12.558s][info ][safepoint      ] Safepoint "ICBufferFull", Time since last: 46000 ns, Reaching safepoint: 88700 ns, At safepoint: 21201 ns, Total: 109901 ns
[12.559s][info ][safepoint      ] Safepoint "ICBufferFull", Time since last: 55200 ns, Reaching safepoint: 89400 ns, At safepoint: 25800 ns, Total: 115200 ns
[12.559s][info ][safepoint      ] Safepoint "ICBufferFull", Time since last: 78301 ns, Reaching safepoint: 85600 ns, At safepoint: 19900 ns, Total: 105500 ns
[12.559s][info ][safepoint      ] Safepoint "ICBufferFull", Time since last: 55800 ns, Reaching safepoint: 89301 ns, At safepoint: 18600 ns, Total: 107901 ns
[12.560s][info ][safepoint      ] Safepoint "ICBufferFull", Time since last: 665103 ns, Reaching safepoint: 91500 ns, At safepoint: 8600 ns, Total: 100100 ns
[12.560s][info ][safepoint      ] Safepoint "ICBufferFull", Time since last: 57600 ns, Reaching safepoint: 80901 ns, At safepoint: 20300 ns, Total: 101201 ns
[12.560s][info ][safepoint      ] Safepoint "ICBufferFull", Time since last: 52600 ns, Reaching safepoint: 86200 ns, At safepoint: 21700 ns, Total: 107900 ns
[12.560s][info ][safepoint      ] Safepoint "ICBufferFull", Time since last: 137301 ns, Reaching safepoint: 85500 ns, At safepoint: 21300 ns, Total: 106800 ns
[12.560s][info ][safepoint      ] Safepoint "ICBufferFull", Time since last: 56101 ns, Reaching safepoint: 84300 ns, At safepoint: 22800 ns, Total: 107100 ns
[12.561s][info ][safepoint      ] Safepoint "ICBufferFull", Time since last: 690103 ns, Reaching safepoint: 88500 ns, At safepoint: 12900 ns, Total: 101400 ns
[12.561s][info ][safepoint      ] Safepoint "ICBufferFull", Time since last: 56301 ns, Reaching safepoint: 84700 ns, At safepoint: 22200 ns, Total: 106900 ns
[12.562s][info ][safepoint      ] Safepoint "ICBufferFull", Time since last: 59100 ns, Reaching safepoint: 86401 ns, At safepoint: 18000 ns, Total: 104401 ns
[12.562s][info ][safepoint      ] Safepoint "ICBufferFull", Time since last: 31500 ns, Reaching safepoint: 85800 ns, At safepoint: 18600 ns, Total: 104400 ns
[12.566s][info ][safepoint      ] Safepoint "ICBufferFull", Time since last: 704503 ns, Reaching safepoint: 3169614 ns, At safepoint: 12200 ns, Total: 3181814 ns
[12.569s][info ][safepoint      ] Safepoint "ICBufferFull", Time since last: 3610015 ns, Reaching safepoint: 101701 ns, At safepoint: 23300 ns, Total: 125001 ns
[12.570s][info ][safepoint      ] Safepoint "ICBufferFull", Time since last: 806603 ns, Reaching safepoint: 93901 ns, At safepoint: 20000 ns, Total: 113901 ns
[12.570s][info ][safepoint      ] Safepoint "ICBufferFull", Time since last: 54100 ns, Reaching safepoint: 96400 ns, At safepoint: 21401 ns, Total: 117801 ns
[12.571s][info ][safepoint      ] Safepoint "ICBufferFull", Time since last: 72400 ns, Reaching safepoint: 103600 ns, At safepoint: 21800 ns, Total: 125400 ns
[12.571s][info ][safepoint      ] Safepoint "ICBufferFull", Time since last: 55701 ns, Reaching safepoint: 86400 ns, At safepoint: 23400 ns, Total: 109800 ns
[12.571s][info ][safepoint      ] Safepoint "ICBufferFull", Time since last: 34200 ns, Reaching safepoint: 97701 ns, At safepoint: 19600 ns, Total: 117301 ns
[12.571s][info ][safepoint      ] Safepoint "ICBufferFull", Time since last: 102800 ns, Reaching safepoint: 85601 ns, At safepoint: 19300 ns, Total: 104901 ns
[12.572s][info ][safepoint      ] Safepoint "ICBufferFull", Time since last: 704103 ns, Reaching safepoint: 86600 ns, At safepoint: 11800 ns, Total: 98400 ns
[12.572s][info ][safepoint      ] Safepoint "ICBufferFull", Time since last: 39900 ns, Reaching safepoint: 94101 ns, At safepoint: 20600 ns, Total: 114701 ns
[12.572s][info ][safepoint      ] Safepoint "ICBufferFull", Time since last: 125600 ns, Reaching safepoint: 85301 ns, At safepoint: 15700 ns, Total: 101001 ns
[12.573s][info ][safepoint      ] Safepoint "ICBufferFull", Time since last: 82900 ns, Reaching safepoint: 93700 ns, At safepoint: 21301 ns, Total: 115001 ns
[12.573s][info ][safepoint      ] Safepoint "ICBufferFull", Time since last: 763303 ns, Reaching safepoint: 94600 ns, At safepoint: 10700 ns, Total: 105300 ns
[12.574s][info ][safepoint      ] Safepoint "ICBufferFull", Time since last: 58300 ns, Reaching safepoint: 81601 ns, At safepoint: 22400 ns, Total: 104001 ns
[12.574s][info ][safepoint      ] Safepoint "ICBufferFull", Time since last: 46600 ns, Reaching safepoint: 80300 ns, At safepoint: 18401 ns, Total: 98701 ns
[12.575s][info ][safepoint      ] Safepoint "ICBufferFull", Time since last: 1156004 ns, Reaching safepoint: 95401 ns, At safepoint: 23100 ns, Total: 118501 ns
[12.575s][info ][safepoint      ] Safepoint "ICBufferFull", Time since last: 42700 ns, Reaching safepoint: 92301 ns, At safepoint: 17600 ns, Total: 109901 ns
[12.577s][info ][safepoint      ] Safepoint "ICBufferFull", Time since last: 1579506 ns, Reaching safepoint: 59001 ns, At safepoint: 22900 ns, Total: 81901 ns
[12.577s][info ][safepoint      ] Safepoint "ICBufferFull", Time since last: 53900 ns, Reaching safepoint: 89700 ns, At safepoint: 15300 ns, Total: 105000 ns
[12.578s][info ][safepoint      ] Safepoint "ICBufferFull", Time since last: 1018305 ns, Reaching safepoint: 85600 ns, At safepoint: 21800 ns, Total: 107400 ns
[12.578s][info ][safepoint      ] Safepoint "ICBufferFull", Time since last: 52100 ns, Reaching safepoint: 65901 ns, At safepoint: 25000 ns, Total: 90901 ns
[12.579s][info ][safepoint      ] Safepoint "ICBufferFull", Time since last: 606002 ns, Reaching safepoint: 50901 ns, At safepoint: 25900 ns, Total: 76801 ns
[12.581s][info ][safepoint      ] Safepoint "ICBufferFull", Time since last: 1738107 ns, Reaching safepoint: 95701 ns, At safepoint: 26800 ns, Total: 122501 ns
[12.581s][info ][safepoint      ] Safepoint "ICBufferFull", Time since last: 50300 ns, Reaching safepoint: 87500 ns, At safepoint: 18200 ns, Total: 105700 ns
[12.581s][info ][safepoint      ] Safepoint "ICBufferFull", Time since last: 118701 ns, Reaching safepoint: 98900 ns, At safepoint: 22600 ns, Total: 121500 ns
[12.581s][info ][safepoint      ] Safepoint "ICBufferFull", Time since last: 45701 ns, Reaching safepoint: 89200 ns, At safepoint: 20300 ns, Total: 109500 ns
[12.582s][info ][safepoint      ] Safepoint "ICBufferFull", Time since last: 36100 ns, Reaching safepoint: 91001 ns, At safepoint: 19600 ns, Total: 110601 ns
[12.582s][info ][safepoint      ] Safepoint "ICBufferFull", Time since last: 723603 ns, Reaching safepoint: 91700 ns, At safepoint: 17700 ns, Total: 109400 ns
[12.582s][info ][safepoint      ] Safepoint "ICBufferFull", Time since last: 37500 ns, Reaching safepoint: 49701 ns, At safepoint: 25500 ns, Total: 75201 ns
[12.583s][info ][safepoint      ] Safepoint "ICBufferFull", Time since last: 57500 ns, Reaching safepoint: 88500 ns, At safepoint: 22100 ns, Total: 110600 ns
[12.583s][info ][safepoint      ] Safepoint "ICBufferFull", Time since last: 131001 ns, Reaching safepoint: 86500 ns, At safepoint: 19400 ns, Total: 105900 ns
[12.584s][info ][safepoint      ] Safepoint "ICBufferFull", Time since last: 724003 ns, Reaching safepoint: 87601 ns, At safepoint: 16600 ns, Total: 104201 ns
[12.584s][info ][safepoint      ] Safepoint "ICBufferFull", Time since last: 56900 ns, Reaching safepoint: 91301 ns, At safepoint: 21700 ns, Total: 113001 ns
[12.584s][info ][safepoint      ] Safepoint "ICBufferFull", Time since last: 50800 ns, Reaching safepoint: 86500 ns, At safepoint: 21300 ns, Total: 107800 ns
[12.584s][info ][safepoint      ] Safepoint "ICBufferFull", Time since last: 66301 ns, Reaching safepoint: 85300 ns, At safepoint: 17400 ns, Total: 102700 ns
[12.584s][info ][safepoint      ] Safepoint "ICBufferFull", Time since last: 42800 ns, Reaching safepoint: 95101 ns, At safepoint: 22500 ns, Total: 117601 ns
[12.585s][info ][safepoint      ] Safepoint "ICBufferFull", Time since last: 737703 ns, Reaching safepoint: 108600 ns, At safepoint: 13300 ns, Total: 121900 ns
[12.585s][info ][safepoint      ] Safepoint "ICBufferFull", Time since last: 48701 ns, Reaching safepoint: 58900 ns, At safepoint: 27100 ns, Total: 86000 ns
[12.585s][info ][safepoint      ] Safepoint "ICBufferFull", Time since last: 57200 ns, Reaching safepoint: 84001 ns, At safepoint: 18400 ns, Total: 102401 ns
[12.586s][info ][safepoint      ] Safepoint "ICBufferFull", Time since last: 93900 ns, Reaching safepoint: 89000 ns, At safepoint: 14900 ns, Total: 103900 ns
[12.587s][info ][safepoint      ] Safepoint "ICBufferFull", Time since last: 849004 ns, Reaching safepoint: 96901 ns, At safepoint: 20400 ns, Total: 117301 ns
[12.587s][info ][safepoint      ] Safepoint "ICBufferFull", Time since last: 80100 ns, Reaching safepoint: 95700 ns, At safepoint: 26500 ns, Total: 122200 ns
[12.588s][info ][safepoint      ] Safepoint "ICBufferFull", Time since last: 1432607 ns, Reaching safepoint: 96900 ns, At safepoint: 17000 ns, Total: 113900 ns
[12.589s][info ][safepoint      ] Safepoint "ICBufferFull", Time since last: 66400 ns, Reaching safepoint: 92001 ns, At safepoint: 21200 ns, Total: 113201 ns
[12.589s][info ][safepoint      ] Safepoint "ICBufferFull", Time since last: 45600 ns, Reaching safepoint: 90900 ns, At safepoint: 21600 ns, Total: 112500 ns
[12.589s][info ][safepoint      ] Safepoint "ICBufferFull", Time since last: 65101 ns, Reaching safepoint: 86700 ns, At safepoint: 18200 ns, Total: 104900 ns
[12.595s][info ][safepoint      ] Safepoint "ICBufferFull", Time since last: 5741925 ns, Reaching safepoint: 160300 ns, At safepoint: 26800 ns, Total: 187100 ns
[12.595s][info ][safepoint      ] Safepoint "ICBufferFull", Time since last: 72501 ns, Reaching safepoint: 85700 ns, At safepoint: 25100 ns, Total: 110800 ns
[12.595s][info ][safepoint      ] Safepoint "ICBufferFull", Time since last: 84401 ns, Reaching safepoint: 91300 ns, At safepoint: 15200 ns, Total: 106500 ns
[12.595s][info ][safepoint      ] Safepoint "ICBufferFull", Time since last: 52400 ns, Reaching safepoint: 80701 ns, At safepoint: 28300 ns, Total: 109001 ns
[12.596s][info ][safepoint      ] Safepoint "ICBufferFull", Time since last: 63800 ns, Reaching safepoint: 91800 ns, At safepoint: 25501 ns, Total: 117301 ns
[12.596s][info ][safepoint      ] Safepoint "ICBufferFull", Time since last: 752003 ns, Reaching safepoint: 104300 ns, At safepoint: 14100 ns, Total: 118400 ns
[12.597s][info ][safepoint      ] Safepoint "ICBufferFull", Time since last: 47900 ns, Reaching safepoint: 81401 ns, At safepoint: 15800 ns, Total: 97201 ns
[12.597s][info ][safepoint      ] Safepoint "ICBufferFull", Time since last: 651403 ns, Reaching safepoint: 96200 ns, At safepoint: 19200 ns, Total: 115400 ns
[12.598s][info ][safepoint      ] Safepoint "ICBufferFull", Time since last: 104001 ns, Reaching safepoint: 84800 ns, At safepoint: 24900 ns, Total: 109700 ns
[12.598s][info ][safepoint      ] Safepoint "ICBufferFull", Time since last: 764403 ns, Reaching safepoint: 96201 ns, At safepoint: 15600 ns, Total: 111801 ns
[12.603s][info ][safepoint      ] Safepoint "ICBufferFull", Time since last: 4174318 ns, Reaching safepoint: 86100 ns, At safepoint: 30900 ns, Total: 117000 ns
[12.603s][info ][safepoint      ] Safepoint "ICBufferFull", Time since last: 59500 ns, Reaching safepoint: 87101 ns, At safepoint: 30800 ns, Total: 117901 ns
[12.603s][info ][safepoint      ] Safepoint "ICBufferFull", Time since last: 23800 ns, Reaching safepoint: 85600 ns, At safepoint: 22100 ns, Total: 107700 ns
[12.603s][info ][safepoint      ] Safepoint "ICBufferFull", Time since last: 29801 ns, Reaching safepoint: 84500 ns, At safepoint: 25500 ns, Total: 110000 ns
[12.604s][info ][safepoint      ] Safepoint "ICBufferFull", Time since last: 787903 ns, Reaching safepoint: 87601 ns, At safepoint: 20700 ns, Total: 108301 ns
[12.604s][info ][safepoint      ] Safepoint "ICBufferFull", Time since last: 47000 ns, Reaching safepoint: 67800 ns, At safepoint: 26200 ns, Total: 94000 ns
[12.606s][info ][safepoint      ] Safepoint "ICBufferFull", Time since last: 1212806 ns, Reaching safepoint: 86000 ns, At safepoint: 14200 ns, Total: 100200 ns
[12.606s][info ][safepoint      ] Safepoint "ICBufferFull", Time since last: 55000 ns, Reaching safepoint: 83101 ns, At safepoint: 25000 ns, Total: 108101 ns
[12.606s][info ][safepoint      ] Safepoint "ICBufferFull", Time since last: 26800 ns, Reaching safepoint: 83100 ns, At safepoint: 21500 ns, Total: 104600 ns
[12.606s][info ][safepoint      ] Safepoint "ICBufferFull", Time since last: 34700 ns, Reaching safepoint: 82901 ns, At safepoint: 19800 ns, Total: 102701 ns
[12.606s][info ][safepoint      ] Safepoint "ICBufferFull", Time since last: 43700 ns, Reaching safepoint: 100600 ns, At safepoint: 27001 ns, Total: 127601 ns
[12.607s][info ][safepoint      ] Safepoint "ICBufferFull", Time since last: 712303 ns, Reaching safepoint: 93700 ns, At safepoint: 23500 ns, Total: 117200 ns
[12.607s][info ][safepoint      ] Safepoint "ICBufferFull", Time since last: 321301 ns, Reaching safepoint: 58701 ns, At safepoint: 22100 ns, Total: 80801 ns
[12.608s][info ][safepoint      ] Safepoint "ICBufferFull", Time since last: 55200 ns, Reaching safepoint: 87300 ns, At safepoint: 20101 ns, Total: 107401 ns
[12.608s][info ][safepoint      ] Safepoint "ICBufferFull", Time since last: 32200 ns, Reaching safepoint: 86200 ns, At safepoint: 22000 ns, Total: 108200 ns
[12.608s][info ][safepoint      ] Safepoint "ICBufferFull", Time since last: 682703 ns, Reaching safepoint: 92500 ns, At safepoint: 15800 ns, Total: 108300 ns
[12.609s][info ][safepoint      ] Safepoint "ICBufferFull", Time since last: 97801 ns, Reaching safepoint: 81700 ns, At safepoint: 19600 ns, Total: 101300 ns
[12.609s][info ][safepoint      ] Safepoint "ICBufferFull", Time since last: 138901 ns, Reaching safepoint: 96400 ns, At safepoint: 20100 ns, Total: 116500 ns
[12.609s][info ][safepoint      ] Safepoint "ICBufferFull", Time since last: 32501 ns, Reaching safepoint: 91900 ns, At safepoint: 25300 ns, Total: 117200 ns
[12.610s][info ][safepoint      ] Safepoint "ICBufferFull", Time since last: 667203 ns, Reaching safepoint: 99200 ns, At safepoint: 8800 ns, Total: 108000 ns
[12.610s][info ][safepoint      ] Safepoint "ICBufferFull", Time since last: 50501 ns, Reaching safepoint: 81800 ns, At safepoint: 15800 ns, Total: 97600 ns
[12.610s][info ][safepoint      ] Safepoint "ICBufferFull", Time since last: 29300 ns, Reaching safepoint: 80900 ns, At safepoint: 13601 ns, Total: 94501 ns
[12.610s][info ][safepoint      ] Safepoint "ICBufferFull", Time since last: 37400 ns, Reaching safepoint: 74600 ns, At safepoint: 12500 ns, Total: 87100 ns
[12.610s][info ][safepoint      ] Safepoint "ICBufferFull", Time since last: 26600 ns, Reaching safepoint: 80601 ns, At safepoint: 16900 ns, Total: 97501 ns
[12.610s][info ][safepoint      ] Safepoint "ICBufferFull", Time since last: 33100 ns, Reaching safepoint: 81800 ns, At safepoint: 17800 ns, Total: 99600 ns
[12.611s][info ][safepoint      ] Safepoint "ICBufferFull", Time since last: 754003 ns, Reaching safepoint: 101701 ns, At safepoint: 12300 ns, Total: 114001 ns
[12.613s][info ][safepoint      ] Safepoint "ICBufferFull", Time since last: 1881408 ns, Reaching safepoint: 99500 ns, At safepoint: 17400 ns, Total: 116900 ns
[12.614s][info ][safepoint      ] Safepoint "ICBufferFull", Time since last: 58101 ns, Reaching safepoint: 89900 ns, At safepoint: 25400 ns, Total: 115300 ns
[12.617s][info ][safepoint      ] Safepoint "ICBufferFull", Time since last: 3722416 ns, Reaching safepoint: 102100 ns, At safepoint: 24701 ns, Total: 126801 ns
[12.618s][info ][safepoint      ] Safepoint "ICBufferFull", Time since last: 60400 ns, Reaching safepoint: 87800 ns, At safepoint: 22900 ns, Total: 110700 ns
[12.618s][info ][safepoint      ] Safepoint "ICBufferFull", Time since last: 75301 ns, Reaching safepoint: 96100 ns, At safepoint: 21200 ns, Total: 117300 ns
[12.618s][info ][safepoint      ] Safepoint "ICBufferFull", Time since last: 57800 ns, Reaching safepoint: 97201 ns, At safepoint: 26900 ns, Total: 124101 ns
[12.621s][info ][safepoint      ] Safepoint "ICBufferFull", Time since last: 3317714 ns, Reaching safepoint: 102100 ns, At safepoint: 35201 ns, Total: 137301 ns
[12.625s][info ][safepoint      ] Safepoint "ICBufferFull", Time since last: 3855016 ns, Reaching safepoint: 93000 ns, At safepoint: 19900 ns, Total: 112900 ns
[12.626s][info ][safepoint      ] Safepoint "ICBufferFull", Time since last: 60201 ns, Reaching safepoint: 90800 ns, At safepoint: 23100 ns, Total: 113900 ns
[12.626s][info ][safepoint      ] Safepoint "ICBufferFull", Time since last: 64901 ns, Reaching safepoint: 88800 ns, At safepoint: 25300 ns, Total: 114100 ns
[12.626s][info ][safepoint      ] Safepoint "ICBufferFull", Time since last: 34900 ns, Reaching safepoint: 82200 ns, At safepoint: 19701 ns, Total: 101901 ns
[12.626s][info ][safepoint      ] Safepoint "ICBufferFull", Time since last: 28400 ns, Reaching safepoint: 81500 ns, At safepoint: 22600 ns, Total: 104100 ns
[12.626s][info ][safepoint      ] Safepoint "ICBufferFull", Time since last: 41500 ns, Reaching safepoint: 81801 ns, At safepoint: 24200 ns, Total: 106001 ns
[12.627s][info ][safepoint      ] Safepoint "ICBufferFull", Time since last: 776003 ns, Reaching safepoint: 94500 ns, At safepoint: 19401 ns, Total: 113901 ns
[12.629s][info ][safepoint      ] Safepoint "ICBufferFull", Time since last: 2220009 ns, Reaching safepoint: 86100 ns, At safepoint: 18200 ns, Total: 104300 ns
[12.629s][info ][safepoint      ] Safepoint "ICBufferFull", Time since last: 55301 ns, Reaching safepoint: 83500 ns, At safepoint: 21300 ns, Total: 104800 ns
[12.630s][info ][safepoint      ] Safepoint "ICBufferFull", Time since last: 45500 ns, Reaching safepoint: 84401 ns, At safepoint: 19700 ns, Total: 104101 ns
[12.633s][info ][safepoint      ] Safepoint "ICBufferFull", Time since last: 3216613 ns, Reaching safepoint: 94701 ns, At safepoint: 20900 ns, Total: 115601 ns
[12.633s][info ][safepoint      ] Safepoint "ICBufferFull", Time since last: 64300 ns, Reaching safepoint: 91001 ns, At safepoint: 20200 ns, Total: 111201 ns
[12.633s][info ][safepoint      ] Safepoint "ICBufferFull", Time since last: 69700 ns, Reaching safepoint: 84900 ns, At safepoint: 21100 ns, Total: 106000 ns
[12.634s][info ][safepoint      ] Safepoint "ICBufferFull", Time since last: 67301 ns, Reaching safepoint: 84700 ns, At safepoint: 28800 ns, Total: 113500 ns
[12.634s][info ][safepoint      ] Safepoint "ICBufferFull", Time since last: 92701 ns, Reaching safepoint: 85300 ns, At safepoint: 21900 ns, Total: 107200 ns
[12.634s][info ][safepoint      ] Safepoint "ICBufferFull", Time since last: 107801 ns, Reaching safepoint: 85500 ns, At safepoint: 25600 ns, Total: 111100 ns
[12.634s][info ][safepoint      ] Safepoint "ICBufferFull", Time since last: 36800 ns, Reaching safepoint: 85501 ns, At safepoint: 29500 ns, Total: 115001 ns
[12.635s][info ][safepoint      ] Safepoint "ICBufferFull", Time since last: 782603 ns, Reaching safepoint: 87200 ns, At safepoint: 12700 ns, Total: 99900 ns
[12.637s][info ][safepoint      ] Safepoint "ICBufferFull", Time since last: 2276010 ns, Reaching safepoint: 88401 ns, At safepoint: 24500 ns, Total: 112901 ns
[12.637s][info ][safepoint      ] Safepoint "ICBufferFull", Time since last: 61300 ns, Reaching safepoint: 59600 ns, At safepoint: 26400 ns, Total: 86000 ns
[12.638s][info ][safepoint      ] Safepoint "ICBufferFull", Time since last: 96201 ns, Reaching safepoint: 95900 ns, At safepoint: 18800 ns, Total: 114700 ns
[12.638s][info ][safepoint      ] Safepoint "ICBufferFull", Time since last: 35600 ns, Reaching safepoint: 82801 ns, At safepoint: 23900 ns, Total: 106701 ns
[12.639s][info ][safepoint      ] Safepoint "ICBufferFull", Time since last: 740403 ns, Reaching safepoint: 96100 ns, At safepoint: 16400 ns, Total: 112500 ns
[12.639s][info ][safepoint      ] Safepoint "ICBufferFull", Time since last: 55201 ns, Reaching safepoint: 89000 ns, At safepoint: 22400 ns, Total: 111400 ns
[12.641s][info ][safepoint      ] Safepoint "ICBufferFull", Time since last: 1961808 ns, Reaching safepoint: 89301 ns, At safepoint: 24200 ns, Total: 113501 ns
[12.641s][info ][safepoint      ] Safepoint "ICBufferFull", Time since last: 140601 ns, Reaching safepoint: 111600 ns, At safepoint: 22800 ns, Total: 134400 ns
[12.641s][info ][safepoint      ] Safepoint "ICBufferFull", Time since last: 69000 ns, Reaching safepoint: 86801 ns, At safepoint: 22100 ns, Total: 108901 ns
[12.642s][info ][safepoint      ] Safepoint "ICBufferFull", Time since last: 649603 ns, Reaching safepoint: 96500 ns, At safepoint: 17500 ns, Total: 114000 ns
[12.642s][info ][safepoint      ] Safepoint "ICBufferFull", Time since last: 42300 ns, Reaching safepoint: 84101 ns, At safepoint: 18300 ns, Total: 102401 ns
[12.642s][info ][safepoint      ] Safepoint "ICBufferFull", Time since last: 122900 ns, Reaching safepoint: 53901 ns, At safepoint: 19100 ns, Total: 73001 ns
[12.643s][info ][safepoint      ] Safepoint "ICBufferFull", Time since last: 466602 ns, Reaching safepoint: 85700 ns, At safepoint: 26600 ns, Total: 112300 ns
[12.644s][info ][safepoint      ] Safepoint "ICBufferFull", Time since last: 728403 ns, Reaching safepoint: 87301 ns, At safepoint: 12500 ns, Total: 99801 ns
[12.645s][info ][safepoint      ] Safepoint "ICBufferFull", Time since last: 1327105 ns, Reaching safepoint: 91601 ns, At safepoint: 20100 ns, Total: 111701 ns
[12.645s][info ][safepoint      ] Safepoint "ICBufferFull", Time since last: 51100 ns, Reaching safepoint: 79600 ns, At safepoint: 19200 ns, Total: 98800 ns
[12.646s][info ][safepoint      ] Safepoint "ICBufferFull", Time since last: 89401 ns, Reaching safepoint: 88800 ns, At safepoint: 13600 ns, Total: 102400 ns
[12.646s][info ][safepoint      ] Safepoint "ICBufferFull", Time since last: 111301 ns, Reaching safepoint: 92900 ns, At safepoint: 20300 ns, Total: 113200 ns
[12.646s][info ][safepoint      ] Safepoint "ICBufferFull", Time since last: 72600 ns, Reaching safepoint: 105901 ns, At safepoint: 21600 ns, Total: 127501 ns
[12.646s][info ][safepoint      ] Safepoint "ICBufferFull", Time since last: 68800 ns, Reaching safepoint: 81301 ns, At safepoint: 22800 ns, Total: 104101 ns
[12.647s][info ][safepoint      ] Safepoint "ICBufferFull", Time since last: 651903 ns, Reaching safepoint: 95600 ns, At safepoint: 13000 ns, Total: 108600 ns
[12.647s][info ][safepoint      ] Safepoint "ICBufferFull", Time since last: 62600 ns, Reaching safepoint: 83401 ns, At safepoint: 28100 ns, Total: 111501 ns
[12.647s][info ][safepoint      ] Safepoint "ICBufferFull", Time since last: 34700 ns, Reaching safepoint: 87700 ns, At safepoint: 24200 ns, Total: 111900 ns
[12.648s][info ][safepoint      ] Safepoint "ICBufferFull", Time since last: 52301 ns, Reaching safepoint: 174600 ns, At safepoint: 20300 ns, Total: 194900 ns
[12.648s][info ][safepoint      ] Safepoint "ICBufferFull", Time since last: 151401 ns, Reaching safepoint: 101600 ns, At safepoint: 20801 ns, Total: 122401 ns
[12.649s][info ][safepoint      ] Safepoint "ICBufferFull", Time since last: 769803 ns, Reaching safepoint: 86200 ns, At safepoint: 12100 ns, Total: 98300 ns
[12.649s][info ][safepoint      ] Safepoint "ICBufferFull", Time since last: 72501 ns, Reaching safepoint: 85500 ns, At safepoint: 19700 ns, Total: 105200 ns
[12.649s][info ][safepoint      ] Safepoint "ICBufferFull", Time since last: 47500 ns, Reaching safepoint: 85201 ns, At safepoint: 19800 ns, Total: 105001 ns
[12.649s][info ][safepoint      ] Safepoint "ICBufferFull", Time since last: 45900 ns, Reaching safepoint: 85000 ns, At safepoint: 22500 ns, Total: 107500 ns
[12.649s][info ][safepoint      ] Safepoint "ICBufferFull", Time since last: 60801 ns, Reaching safepoint: 84600 ns, At safepoint: 18700 ns, Total: 103300 ns
[12.650s][info ][safepoint      ] Safepoint "ICBufferFull", Time since last: 31000 ns, Reaching safepoint: 89301 ns, At safepoint: 21800 ns, Total: 111101 ns
[12.650s][info ][safepoint      ] Safepoint "ICBufferFull", Time since last: 653602 ns, Reaching safepoint: 86501 ns, At safepoint: 12800 ns, Total: 99301 ns
[12.651s][info ][safepoint      ] Safepoint "ICBufferFull", Time since last: 119800 ns, Reaching safepoint: 89601 ns, At safepoint: 14700 ns, Total: 104301 ns
[12.653s][info ][safepoint      ] Safepoint "ICBufferFull", Time since last: 2703911 ns, Reaching safepoint: 99001 ns, At safepoint: 19700 ns, Total: 118701 ns
[12.653s][info ][safepoint      ] Safepoint "ICBufferFull", Time since last: 47600 ns, Reaching safepoint: 79800 ns, At safepoint: 22400 ns, Total: 102200 ns
[12.654s][info ][safepoint      ] Safepoint "ICBufferFull", Time since last: 66201 ns, Reaching safepoint: 91600 ns, At safepoint: 15000 ns, Total: 106600 ns
[12.654s][info ][safepoint      ] Safepoint "ICBufferFull", Time since last: 61900 ns, Reaching safepoint: 82601 ns, At safepoint: 21100 ns, Total: 103701 ns
[12.654s][info ][safepoint      ] Safepoint "ICBufferFull", Time since last: 32900 ns, Reaching safepoint: 82000 ns, At safepoint: 27201 ns, Total: 109201 ns
[12.655s][info ][safepoint      ] Safepoint "ICBufferFull", Time since last: 727303 ns, Reaching safepoint: 97100 ns, At safepoint: 13500 ns, Total: 110600 ns
[12.655s][info ][safepoint      ] Safepoint "ICBufferFull", Time since last: 53800 ns, Reaching safepoint: 93701 ns, At safepoint: 14300 ns, Total: 108001 ns
[12.655s][info ][safepoint      ] Safepoint "ICBufferFull", Time since last: 44600 ns, Reaching safepoint: 96300 ns, At safepoint: 19500 ns, Total: 115800 ns
[12.656s][info ][safepoint      ] Safepoint "ICBufferFull", Time since last: 728304 ns, Reaching safepoint: 92100 ns, At safepoint: 16300 ns, Total: 108400 ns
[12.656s][info ][safepoint      ] Safepoint "ICBufferFull", Time since last: 179801 ns, Reaching safepoint: 105000 ns, At safepoint: 24000 ns, Total: 129000 ns
[12.656s][info ][safepoint      ] Safepoint "ICBufferFull", Time since last: 67001 ns, Reaching safepoint: 87800 ns, At safepoint: 17100 ns, Total: 104900 ns
[12.657s][info ][safepoint      ] Safepoint "ICBufferFull", Time since last: 75600 ns, Reaching safepoint: 97001 ns, At safepoint: 24100 ns, Total: 121101 ns
[12.657s][info ][safepoint      ] Safepoint "ICBufferFull", Time since last: 730503 ns, Reaching safepoint: 84000 ns, At safepoint: 16700 ns, Total: 100700 ns
[12.658s][info ][safepoint      ] Safepoint "ICBufferFull", Time since last: 138901 ns, Reaching safepoint: 83700 ns, At safepoint: 19600 ns, Total: 103300 ns
[12.658s][info ][safepoint      ] Safepoint "ICBufferFull", Time since last: 51001 ns, Reaching safepoint: 91600 ns, At safepoint: 18000 ns, Total: 109600 ns
[12.658s][info ][safepoint      ] Safepoint "ICBufferFull", Time since last: 60500 ns, Reaching safepoint: 84801 ns, At safepoint: 17600 ns, Total: 102401 ns
[12.658s][info ][safepoint      ] Safepoint "ICBufferFull", Time since last: 42800 ns, Reaching safepoint: 82900 ns, At safepoint: 20500 ns, Total: 103400 ns
[12.659s][info ][safepoint      ] Safepoint "ICBufferFull", Time since last: 676603 ns, Reaching safepoint: 92701 ns, At safepoint: 19900 ns, Total: 112601 ns
[12.659s][info ][safepoint      ] Safepoint "ICBufferFull", Time since last: 49600 ns, Reaching safepoint: 91200 ns, At safepoint: 23401 ns, Total: 114601 ns
[12.659s][info ][safepoint      ] Safepoint "ICBufferFull", Time since last: 77400 ns, Reaching safepoint: 87700 ns, At safepoint: 17400 ns, Total: 105100 ns
[12.659s][info ][safepoint      ] Safepoint "ICBufferFull", Time since last: 45501 ns, Reaching safepoint: 83900 ns, At safepoint: 17900 ns, Total: 101800 ns
[12.660s][info ][safepoint      ] Safepoint "ICBufferFull", Time since last: 108500 ns, Reaching safepoint: 87501 ns, At safepoint: 21900 ns, Total: 109401 ns
[12.661s][info ][safepoint      ] Safepoint "ICBufferFull", Time since last: 710703 ns, Reaching safepoint: 86200 ns, At safepoint: 25300 ns, Total: 111500 ns
[12.661s][info ][safepoint      ] Safepoint "ICBufferFull", Time since last: 57501 ns, Reaching safepoint: 86700 ns, At safepoint: 19800 ns, Total: 106500 ns
[12.661s][info ][safepoint      ] Safepoint "ICBufferFull", Time since last: 46200 ns, Reaching safepoint: 85401 ns, At safepoint: 26900 ns, Total: 112301 ns
[12.663s][info ][safepoint      ] Safepoint "ICBufferFull", Time since last: 2402810 ns, Reaching safepoint: 94700 ns, At safepoint: 7200 ns, Total: 101900 ns
[12.664s][info ][safepoint      ] Safepoint "ICBufferFull", Time since last: 62001 ns, Reaching safepoint: 83600 ns, At safepoint: 16400 ns, Total: 100000 ns
[12.664s][info ][safepoint      ] Safepoint "ICBufferFull", Time since last: 53500 ns, Reaching safepoint: 93301 ns, At safepoint: 21200 ns, Total: 114501 ns
[12.664s][info ][safepoint      ] Safepoint "ICBufferFull", Time since last: 65200 ns, Reaching safepoint: 88301 ns, At safepoint: 20500 ns, Total: 108801 ns
[12.664s][info ][safepoint      ] Safepoint "ICBufferFull", Time since last: 66200 ns, Reaching safepoint: 94800 ns, At safepoint: 20700 ns, Total: 115500 ns
[12.664s][info ][safepoint      ] Safepoint "ICBufferFull", Time since last: 66001 ns, Reaching safepoint: 90200 ns, At safepoint: 21300 ns, Total: 111500 ns
[12.665s][info ][safepoint      ] Safepoint "ICBufferFull", Time since last: 740403 ns, Reaching safepoint: 97801 ns, At safepoint: 14000 ns, Total: 111801 ns
[12.665s][info ][safepoint      ] Safepoint "ICBufferFull", Time since last: 57300 ns, Reaching safepoint: 95100 ns, At safepoint: 20200 ns, Total: 115300 ns
[12.665s][info ][safepoint      ] Safepoint "ICBufferFull", Time since last: 53001 ns, Reaching safepoint: 91900 ns, At safepoint: 20300 ns, Total: 112200 ns
[12.670s][info ][safepoint      ] Safepoint "ICBufferFull", Time since last: 1503607 ns, Reaching safepoint: 3167713 ns, At safepoint: 18900 ns, Total: 3186613 ns
[12.670s][info ][safepoint      ] Safepoint "ICBufferFull", Time since last: 72800 ns, Reaching safepoint: 97601 ns, At safepoint: 20200 ns, Total: 117801 ns
[12.671s][info ][safepoint      ] Safepoint "ICBufferFull", Time since last: 184501 ns, Reaching safepoint: 365201 ns, At safepoint: 27700 ns, Total: 392901 ns
[12.672s][info ][safepoint      ] Safepoint "ICBufferFull", Time since last: 894404 ns, Reaching safepoint: 91201 ns, At safepoint: 15600 ns, Total: 106801 ns
[12.672s][info ][safepoint      ] Safepoint "ICBufferFull", Time since last: 52100 ns, Reaching safepoint: 89100 ns, At safepoint: 22800 ns, Total: 111900 ns
[12.672s][info ][safepoint      ] Safepoint "ICBufferFull", Time since last: 43901 ns, Reaching safepoint: 88700 ns, At safepoint: 15500 ns, Total: 104200 ns
[12.672s][info ][safepoint      ] Safepoint "ICBufferFull", Time since last: 122601 ns, Reaching safepoint: 89100 ns, At safepoint: 19800 ns, Total: 108900 ns
[12.673s][info ][safepoint      ] Safepoint "ICBufferFull", Time since last: 34500 ns, Reaching safepoint: 105101 ns, At safepoint: 18800 ns, Total: 123901 ns
[12.673s][info ][safepoint      ] Safepoint "ICBufferFull", Time since last: 743403 ns, Reaching safepoint: 93700 ns, At safepoint: 13100 ns, Total: 106800 ns
[12.674s][info ][safepoint      ] Safepoint "ICBufferFull", Time since last: 632203 ns, Reaching safepoint: 98500 ns, At safepoint: 18901 ns, Total: 117401 ns
[12.676s][info ][safepoint      ] Safepoint "ICBufferFull", Time since last: 1472706 ns, Reaching safepoint: 97300 ns, At safepoint: 27800 ns, Total: 125100 ns
[12.676s][info ][safepoint      ] Safepoint "ICBufferFull", Time since last: 77601 ns, Reaching safepoint: 89400 ns, At safepoint: 15800 ns, Total: 105200 ns
[12.677s][info ][safepoint      ] Safepoint "ICBufferFull", Time since last: 1293906 ns, Reaching safepoint: 96400 ns, At safepoint: 25300 ns, Total: 121700 ns
[12.678s][info ][safepoint      ] Safepoint "ICBufferFull", Time since last: 52800 ns, Reaching safepoint: 94601 ns, At safepoint: 18000 ns, Total: 112601 ns
[12.678s][info ][safepoint      ] Safepoint "ICBufferFull", Time since last: 79800 ns, Reaching safepoint: 85901 ns, At safepoint: 16000 ns, Total: 101901 ns
[12.678s][info ][safepoint      ] Safepoint "ICBufferFull", Time since last: 39100 ns, Reaching safepoint: 84800 ns, At safepoint: 17400 ns, Total: 102200 ns
[12.678s][info ][safepoint      ] Safepoint "ICBufferFull", Time since last: 101901 ns, Reaching safepoint: 85100 ns, At safepoint: 21300 ns, Total: 106400 ns
[12.678s][info ][safepoint      ] Safepoint "ICBufferFull", Time since last: 49500 ns, Reaching safepoint: 103401 ns, At safepoint: 26000 ns, Total: 129401 ns
[12.679s][info ][safepoint      ] Safepoint "ICBufferFull", Time since last: 867404 ns, Reaching safepoint: 109500 ns, At safepoint: 16400 ns, Total: 125900 ns
[12.679s][info ][safepoint      ] Safepoint "ICBufferFull", Time since last: 51400 ns, Reaching safepoint: 96201 ns, At safepoint: 23200 ns, Total: 119401 ns
[12.680s][info ][safepoint      ] Safepoint "ICBufferFull", Time since last: 40800 ns, Reaching safepoint: 85400 ns, At safepoint: 21900 ns, Total: 107300 ns
[12.680s][info ][safepoint      ] Safepoint "ICBufferFull", Time since last: 69601 ns, Reaching safepoint: 82900 ns, At safepoint: 24300 ns, Total: 107200 ns
[12.680s][info ][safepoint      ] Safepoint "ICBufferFull", Time since last: 40300 ns, Reaching safepoint: 84101 ns, At safepoint: 21300 ns, Total: 105401 ns
[12.681s][info ][safepoint      ] Safepoint "ICBufferFull", Time since last: 844103 ns, Reaching safepoint: 110201 ns, At safepoint: 21800 ns, Total: 132001 ns
[12.681s][info ][safepoint      ] Safepoint "ICBufferFull", Time since last: 244201 ns, Reaching safepoint: 61600 ns, At safepoint: 37000 ns, Total: 98600 ns
[12.681s][info ][safepoint      ] Safepoint "ICBufferFull", Time since last: 71801 ns, Reaching safepoint: 64400 ns, At safepoint: 30700 ns, Total: 95100 ns
[12.682s][info ][safepoint      ] Safepoint "ICBufferFull", Time since last: 820504 ns, Reaching safepoint: 115800 ns, At safepoint: 15300 ns, Total: 131100 ns
[12.682s][info ][safepoint      ] Safepoint "ICBufferFull", Time since last: 40500 ns, Reaching safepoint: 83401 ns, At safepoint: 19800 ns, Total: 103201 ns
[12.683s][info ][safepoint      ] Safepoint "ICBufferFull", Time since last: 72500 ns, Reaching safepoint: 83901 ns, At safepoint: 23000 ns, Total: 106901 ns
[12.684s][info ][safepoint      ] Safepoint "ICBufferFull", Time since last: 887603 ns, Reaching safepoint: 100001 ns, At safepoint: 22600 ns, Total: 122601 ns
[12.684s][info ][safepoint      ] Safepoint "ICBufferFull", Time since last: 82400 ns, Reaching safepoint: 89801 ns, At safepoint: 31400 ns, Total: 121201 ns
[12.684s][info ][safepoint      ] Safepoint "ICBufferFull", Time since last: 48300 ns, Reaching safepoint: 89800 ns, At safepoint: 25801 ns, Total: 115601 ns
[12.684s][info ][safepoint      ] Safepoint "ICBufferFull", Time since last: 27100 ns, Reaching safepoint: 90700 ns, At safepoint: 18500 ns, Total: 109200 ns
[12.685s][info ][safepoint      ] Safepoint "ICBufferFull", Time since last: 953904 ns, Reaching safepoint: 98301 ns, At safepoint: 19700 ns, Total: 118001 ns
[12.685s][info ][safepoint      ] Safepoint "ICBufferFull", Time since last: 77000 ns, Reaching safepoint: 94000 ns, At safepoint: 21600 ns, Total: 115600 ns
[12.686s][info ][safepoint      ] Safepoint "ICBufferFull", Time since last: 531503 ns, Reaching safepoint: 100300 ns, At safepoint: 25500 ns, Total: 125800 ns
[12.687s][info ][safepoint      ] Safepoint "ICBufferFull", Time since last: 815804 ns, Reaching safepoint: 95600 ns, At safepoint: 17000 ns, Total: 112600 ns
[12.688s][info ][safepoint      ] Safepoint "ICBufferFull", Time since last: 449802 ns, Reaching safepoint: 151901 ns, At safepoint: 24400 ns, Total: 176301 ns
[12.690s][info ][safepoint      ] Safepoint "ICBufferFull", Time since last: 2183909 ns, Reaching safepoint: 104801 ns, At safepoint: 23600 ns, Total: 128401 ns
[12.690s][info ][safepoint      ] Safepoint "ICBufferFull", Time since last: 119100 ns, Reaching safepoint: 92501 ns, At safepoint: 19400 ns, Total: 111901 ns
[12.691s][info ][safepoint      ] Safepoint "ICBufferFull", Time since last: 1036804 ns, Reaching safepoint: 99101 ns, At safepoint: 16000 ns, Total: 115101 ns
[12.692s][info ][safepoint      ] Safepoint "ICBufferFull", Time since last: 150400 ns, Reaching safepoint: 61401 ns, At safepoint: 16900 ns, Total: 78301 ns
[12.692s][info ][safepoint      ] Safepoint "ICBufferFull", Time since last: 65100 ns, Reaching safepoint: 99200 ns, At safepoint: 21900 ns, Total: 121100 ns
[12.693s][info ][safepoint      ] Safepoint "ICBufferFull", Time since last: 968105 ns, Reaching safepoint: 95300 ns, At safepoint: 23100 ns, Total: 118400 ns
[12.699s][info ][safepoint      ] Safepoint "ICBufferFull", Time since last: 5973526 ns, Reaching safepoint: 114200 ns, At safepoint: 20300 ns, Total: 134500 ns
[12.699s][info ][safepoint      ] Safepoint "ICBufferFull", Time since last: 72200 ns, Reaching safepoint: 81001 ns, At safepoint: 33400 ns, Total: 114401 ns
[12.699s][info ][safepoint      ] Safepoint "ICBufferFull", Time since last: 56800 ns, Reaching safepoint: 81700 ns, At safepoint: 27101 ns, Total: 108801 ns
[12.699s][info ][safepoint      ] Safepoint "ICBufferFull", Time since last: 112800 ns, Reaching safepoint: 92200 ns, At safepoint: 26101 ns, Total: 118301 ns
[12.700s][info ][safepoint      ] Safepoint "ICBufferFull", Time since last: 41900 ns, Reaching safepoint: 94200 ns, At safepoint: 24900 ns, Total: 119100 ns
[12.701s][info ][safepoint      ] Safepoint "ICBufferFull", Time since last: 955004 ns, Reaching safepoint: 99601 ns, At safepoint: 11300 ns, Total: 110901 ns
[12.701s][info ][safepoint      ] Safepoint "ICBufferFull", Time since last: 89300 ns, Reaching safepoint: 90801 ns, At safepoint: 22900 ns, Total: 113701 ns
[12.701s][info ][safepoint      ] Safepoint "ICBufferFull", Time since last: 44400 ns, Reaching safepoint: 89200 ns, At safepoint: 22300 ns, Total: 111500 ns
[12.702s][info ][safepoint      ] Safepoint "ICBufferFull", Time since last: 300202 ns, Reaching safepoint: 88000 ns, At safepoint: 27400 ns, Total: 115400 ns
[12.702s][info ][safepoint      ] Safepoint "ICBufferFull", Time since last: 142001 ns, Reaching safepoint: 92000 ns, At safepoint: 27400 ns, Total: 119400 ns
[12.703s][info ][safepoint      ] Safepoint "ICBufferFull", Time since last: 796904 ns, Reaching safepoint: 92200 ns, At safepoint: 21800 ns, Total: 114000 ns
[12.703s][info ][safepoint      ] Safepoint "ICBufferFull", Time since last: 52500 ns, Reaching safepoint: 86901 ns, At safepoint: 22000 ns, Total: 108901 ns
[12.703s][info ][safepoint      ] Safepoint "ICBufferFull", Time since last: 49100 ns, Reaching safepoint: 87300 ns, At safepoint: 24600 ns, Total: 111900 ns
[12.703s][info ][safepoint      ] Safepoint "ICBufferFull", Time since last: 61901 ns, Reaching safepoint: 89000 ns, At safepoint: 30500 ns, Total: 119500 ns
[12.704s][info ][safepoint      ] Safepoint "ICBufferFull", Time since last: 993604 ns, Reaching safepoint: 117601 ns, At safepoint: 20000 ns, Total: 137601 ns
[12.705s][info ][safepoint      ] Safepoint "ICBufferFull", Time since last: 558602 ns, Reaching safepoint: 99201 ns, At safepoint: 25800 ns, Total: 125001 ns
[12.705s][info ][safepoint      ] Safepoint "ICBufferFull", Time since last: 48500 ns, Reaching safepoint: 96301 ns, At safepoint: 25100 ns, Total: 121401 ns
[12.706s][info ][safepoint      ] Safepoint "ICBufferFull", Time since last: 348101 ns, Reaching safepoint: 101701 ns, At safepoint: 22200 ns, Total: 123901 ns
[12.707s][info ][safepoint      ] Safepoint "ICBufferFull", Time since last: 772903 ns, Reaching safepoint: 100600 ns, At safepoint: 28801 ns, Total: 129401 ns
[12.707s][info ][safepoint      ] Safepoint "ICBufferFull", Time since last: 44600 ns, Reaching safepoint: 88600 ns, At safepoint: 29600 ns, Total: 118200 ns
[12.707s][info ][safepoint      ] Safepoint "ICBufferFull", Time since last: 35700 ns, Reaching safepoint: 94601 ns, At safepoint: 26800 ns, Total: 121401 ns
[12.709s][info ][safepoint      ] Safepoint "ICBufferFull", Time since last: 1656607 ns, Reaching safepoint: 97200 ns, At safepoint: 33601 ns, Total: 130801 ns
[12.709s][info ][safepoint      ] Safepoint "ICBufferFull", Time since last: 592202 ns, Reaching safepoint: 92400 ns, At safepoint: 25801 ns, Total: 118201 ns
[12.711s][info ][safepoint      ] Safepoint "ICBufferFull", Time since last: 1512406 ns, Reaching safepoint: 20100 ns, At safepoint: 18700 ns, Total: 38800 ns
[12.711s][info ][safepoint      ] Safepoint "ICBufferFull", Time since last: 62900 ns, Reaching safepoint: 95401 ns, At safepoint: 20900 ns, Total: 116301 ns
[12.711s][info ][safepoint      ] Safepoint "ICBufferFull", Time since last: 52100 ns, Reaching safepoint: 102001 ns, At safepoint: 23300 ns, Total: 125301 ns
[12.711s][info ][safepoint      ] Safepoint "ICBufferFull", Time since last: 52300 ns, Reaching safepoint: 30100 ns, At safepoint: 17100 ns, Total: 47200 ns
[12.712s][info ][safepoint      ] Safepoint "ICBufferFull", Time since last: 49800 ns, Reaching safepoint: 85201 ns, At safepoint: 15800 ns, Total: 101001 ns
[12.712s][info ][safepoint      ] Safepoint "ICBufferFull", Time since last: 63300 ns, Reaching safepoint: 84100 ns, At safepoint: 24001 ns, Total: 108101 ns
[12.712s][info ][safepoint      ] Safepoint "ICBufferFull", Time since last: 31300 ns, Reaching safepoint: 85800 ns, At safepoint: 23300 ns, Total: 109100 ns
[12.713s][info ][safepoint      ] Safepoint "ICBufferFull", Time since last: 784603 ns, Reaching safepoint: 618003 ns, At safepoint: 22400 ns, Total: 640403 ns
[12.713s][info ][safepoint      ] Safepoint "ICBufferFull", Time since last: 46000 ns, Reaching safepoint: 93101 ns, At safepoint: 20100 ns, Total: 113201 ns
[12.714s][info ][safepoint      ] Safepoint "ICBufferFull", Time since last: 682703 ns, Reaching safepoint: 95500 ns, At safepoint: 21500 ns, Total: 117000 ns
[12.715s][info ][safepoint      ] Safepoint "ICBufferFull", Time since last: 199501 ns, Reaching safepoint: 80800 ns, At safepoint: 18501 ns, Total: 99301 ns
[12.715s][info ][safepoint      ] Safepoint "ICBufferFull", Time since last: 167800 ns, Reaching safepoint: 94601 ns, At safepoint: 20500 ns, Total: 115101 ns
[12.722s][info ][safepoint      ] Safepoint "ICBufferFull", Time since last: 756703 ns, Reaching safepoint: 6324527 ns, At safepoint: 27900 ns, Total: 6352427 ns
[12.723s][info ][safepoint      ] Safepoint "ICBufferFull", Time since last: 1133205 ns, Reaching safepoint: 112200 ns, At safepoint: 28400 ns, Total: 140600 ns
[12.723s][info ][safepoint      ] Safepoint "ICBufferFull", Time since last: 125301 ns, Reaching safepoint: 88700 ns, At safepoint: 27801 ns, Total: 116501 ns
[12.724s][info ][safepoint      ] Safepoint "ICBufferFull", Time since last: 862403 ns, Reaching safepoint: 91201 ns, At safepoint: 28100 ns, Total: 119301 ns
[12.727s][info ][safepoint      ] Safepoint "ICBufferFull", Time since last: 2152309 ns, Reaching safepoint: 106600 ns, At safepoint: 22200 ns, Total: 128800 ns
[12.727s][info ][safepoint      ] Safepoint "ICBufferFull", Time since last: 126901 ns, Reaching safepoint: 92800 ns, At safepoint: 22700 ns, Total: 115500 ns
[12.729s][info ][safepoint      ] Safepoint "ICBufferFull", Time since last: 1574007 ns, Reaching safepoint: 102701 ns, At safepoint: 23800 ns, Total: 126501 ns
[12.729s][info ][safepoint      ] Safepoint "ICBufferFull", Time since last: 612102 ns, Reaching safepoint: 96901 ns, At safepoint: 19100 ns, Total: 116001 ns
[12.729s][info ][safepoint      ] Safepoint "ICBufferFull", Time since last: 53100 ns, Reaching safepoint: 80400 ns, At safepoint: 19200 ns, Total: 99600 ns
[12.730s][info ][safepoint      ] Safepoint "ICBufferFull", Time since last: 93601 ns, Reaching safepoint: 62500 ns, At safepoint: 17100 ns, Total: 79600 ns
[12.730s][info ][safepoint      ] Safepoint "ICBufferFull", Time since last: 173201 ns, Reaching safepoint: 95100 ns, At safepoint: 20300 ns, Total: 115400 ns
[12.730s][info ][safepoint      ] Safepoint "ICBufferFull", Time since last: 168301 ns, Reaching safepoint: 84701 ns, At safepoint: 21200 ns, Total: 105901 ns
[12.731s][info ][safepoint      ] Safepoint "ICBufferFull", Time since last: 786503 ns, Reaching safepoint: 86800 ns, At safepoint: 18400 ns, Total: 105200 ns
[12.731s][info ][safepoint      ] Safepoint "ICBufferFull", Time since last: 45301 ns, Reaching safepoint: 83100 ns, At safepoint: 18100 ns, Total: 101200 ns
[12.731s][info ][safepoint      ] Safepoint "ICBufferFull", Time since last: 100500 ns, Reaching safepoint: 83201 ns, At safepoint: 25100 ns, Total: 108301 ns
[12.732s][info ][safepoint      ] Safepoint "ICBufferFull", Time since last: 122900 ns, Reaching safepoint: 94801 ns, At safepoint: 19700 ns, Total: 114501 ns
[12.733s][info ][safepoint      ] Safepoint "ICBufferFull", Time since last: 795303 ns, Reaching safepoint: 99101 ns, At safepoint: 13200 ns, Total: 112301 ns
[12.733s][info ][safepoint      ] Safepoint "ICBufferFull", Time since last: 46500 ns, Reaching safepoint: 80600 ns, At safepoint: 20400 ns, Total: 101000 ns
[12.733s][info ][safepoint      ] Safepoint "ICBufferFull", Time since last: 69001 ns, Reaching safepoint: 93500 ns, At safepoint: 21300 ns, Total: 114800 ns
[12.733s][info ][safepoint      ] Safepoint "ICBufferFull", Time since last: 143801 ns, Reaching safepoint: 99800 ns, At safepoint: 28300 ns, Total: 128100 ns
[12.737s][info ][safepoint      ] Safepoint "ICBufferFull", Time since last: 871704 ns, Reaching safepoint: 3200014 ns, At safepoint: 26000 ns, Total: 3226014 ns
[12.738s][info ][safepoint      ] Safepoint "ICBufferFull", Time since last: 184801 ns, Reaching safepoint: 83700 ns, At safepoint: 28300 ns, Total: 112000 ns
[12.738s][info ][safepoint      ] Safepoint "ICBufferFull", Time since last: 57400 ns, Reaching safepoint: 90401 ns, At safepoint: 17200 ns, Total: 107601 ns
[12.738s][info ][safepoint      ] Safepoint "ICBufferFull", Time since last: 66200 ns, Reaching safepoint: 96400 ns, At safepoint: 22801 ns, Total: 119201 ns
[12.738s][info ][safepoint      ] Safepoint "ICBufferFull", Time since last: 45000 ns, Reaching safepoint: 89600 ns, At safepoint: 27800 ns, Total: 117400 ns
[12.739s][info ][safepoint      ] Safepoint "ICBufferFull", Time since last: 815604 ns, Reaching safepoint: 85200 ns, At safepoint: 18500 ns, Total: 103700 ns
[12.739s][info ][safepoint      ] Safepoint "ICBufferFull", Time since last: 273301 ns, Reaching safepoint: 92101 ns, At safepoint: 18100 ns, Total: 110201 ns
[12.741s][info ][safepoint      ] Safepoint "ICBufferFull", Time since last: 1180205 ns, Reaching safepoint: 53000 ns, At safepoint: 9700 ns, Total: 62700 ns
[12.741s][info ][safepoint      ] Safepoint "ICBufferFull", Time since last: 62100 ns, Reaching safepoint: 86101 ns, At safepoint: 22300 ns, Total: 108401 ns
[12.742s][info ][safepoint      ] Safepoint "ICBufferFull", Time since last: 1054404 ns, Reaching safepoint: 96201 ns, At safepoint: 6600 ns, Total: 102801 ns
[12.742s][info ][safepoint      ] Safepoint "ICBufferFull", Time since last: 70700 ns, Reaching safepoint: 87700 ns, At safepoint: 21801 ns, Total: 109501 ns
[12.742s][info ][safepoint      ] Safepoint "ICBufferFull", Time since last: 56100 ns, Reaching safepoint: 88600 ns, At safepoint: 23200 ns, Total: 111800 ns
[12.743s][info ][safepoint      ] Safepoint "ICBufferFull", Time since last: 54801 ns, Reaching safepoint: 88800 ns, At safepoint: 21600 ns, Total: 110400 ns
[12.743s][info ][safepoint      ] Safepoint "ICBufferFull", Time since last: 44500 ns, Reaching safepoint: 90601 ns, At safepoint: 20900 ns, Total: 111501 ns
[12.743s][info ][safepoint      ] Safepoint "ICBufferFull", Time since last: 71800 ns, Reaching safepoint: 86000 ns, At safepoint: 20800 ns, Total: 106800 ns
[12.744s][info ][safepoint      ] Safepoint "ICBufferFull", Time since last: 821204 ns, Reaching safepoint: 100800 ns, At safepoint: 20200 ns, Total: 121000 ns
[12.744s][info ][safepoint      ] Safepoint "ICBufferFull", Time since last: 48301 ns, Reaching safepoint: 87700 ns, At safepoint: 20500 ns, Total: 108200 ns
[12.744s][info ][safepoint      ] Safepoint "ICBufferFull", Time since last: 157601 ns, Reaching safepoint: 84700 ns, At safepoint: 20500 ns, Total: 105200 ns
[12.745s][info ][safepoint      ] Safepoint "ICBufferFull", Time since last: 841904 ns, Reaching safepoint: 98000 ns, At safepoint: 25200 ns, Total: 123200 ns
[12.745s][info ][safepoint      ] Safepoint "ICBufferFull", Time since last: 49701 ns, Reaching safepoint: 81200 ns, At safepoint: 20100 ns, Total: 101300 ns
[12.746s][info ][safepoint      ] Safepoint "ICBufferFull", Time since last: 641303 ns, Reaching safepoint: 91200 ns, At safepoint: 22900 ns, Total: 114100 ns
[12.747s][info ][safepoint      ] Safepoint "ICBufferFull", Time since last: 349402 ns, Reaching safepoint: 96700 ns, At safepoint: 17800 ns, Total: 114500 ns
[12.747s][info ][safepoint      ] Safepoint "ICBufferFull", Time since last: 70100 ns, Reaching safepoint: 85701 ns, At safepoint: 22200 ns, Total: 107901 ns
[12.748s][info ][safepoint      ] Safepoint "ICBufferFull", Time since last: 749603 ns, Reaching safepoint: 96601 ns, At safepoint: 46800 ns, Total: 143401 ns
[12.748s][info ][safepoint      ] Safepoint "ICBufferFull", Time since last: 55600 ns, Reaching safepoint: 109400 ns, At safepoint: 24401 ns, Total: 133801 ns
[12.748s][info ][safepoint      ] Safepoint "ICBufferFull", Time since last: 69800 ns, Reaching safepoint: 94800 ns, At safepoint: 22900 ns, Total: 117700 ns
[12.749s][info ][safepoint      ] Safepoint "ICBufferFull", Time since last: 772704 ns, Reaching safepoint: 102500 ns, At safepoint: 15800 ns, Total: 118300 ns
[12.749s][info ][safepoint      ] Safepoint "ICBufferFull", Time since last: 66000 ns, Reaching safepoint: 85501 ns, At safepoint: 23200 ns, Total: 108701 ns
[12.749s][info ][safepoint      ] Safepoint "ICBufferFull", Time since last: 39000 ns, Reaching safepoint: 106801 ns, At safepoint: 19900 ns, Total: 126701 ns
[12.749s][info ][safepoint      ] Safepoint "ICBufferFull", Time since last: 50400 ns, Reaching safepoint: 87900 ns, At safepoint: 23900 ns, Total: 111800 ns
[12.750s][info ][safepoint      ] Safepoint "ICBufferFull", Time since last: 778404 ns, Reaching safepoint: 85600 ns, At safepoint: 17700 ns, Total: 103300 ns
[12.753s][info ][safepoint      ] Safepoint "ICBufferFull", Time since last: 2939713 ns, Reaching safepoint: 76100 ns, At safepoint: 26200 ns, Total: 102300 ns
[12.754s][info ][safepoint      ] Safepoint "ICBufferFull", Time since last: 791003 ns, Reaching safepoint: 94601 ns, At safepoint: 18400 ns, Total: 113001 ns
[12.754s][info ][safepoint      ] Safepoint "ICBufferFull", Time since last: 69000 ns, Reaching safepoint: 86701 ns, At safepoint: 26400 ns, Total: 113101 ns
[12.755s][info ][safepoint      ] Safepoint "ICBufferFull", Time since last: 961804 ns, Reaching safepoint: 102000 ns, At safepoint: 14600 ns, Total: 116600 ns
[12.756s][info ][safepoint      ] Safepoint "ICBufferFull", Time since last: 41900 ns, Reaching safepoint: 98701 ns, At safepoint: 21600 ns, Total: 120301 ns
[12.757s][info ][safepoint      ] Safepoint "ICBufferFull", Time since last: 1587907 ns, Reaching safepoint: 96600 ns, At safepoint: 25000 ns, Total: 121600 ns
[12.761s][info ][safepoint      ] Safepoint "ICBufferFull", Time since last: 3878317 ns, Reaching safepoint: 93700 ns, At safepoint: 25800 ns, Total: 119500 ns
[12.762s][info ][safepoint      ] Safepoint "ICBufferFull", Time since last: 62801 ns, Reaching safepoint: 93100 ns, At safepoint: 22400 ns, Total: 115500 ns
[12.762s][info ][safepoint      ] Safepoint "ICBufferFull", Time since last: 35200 ns, Reaching safepoint: 91501 ns, At safepoint: 24700 ns, Total: 116201 ns
[12.762s][info ][safepoint      ] Safepoint "ICBufferFull", Time since last: 53700 ns, Reaching safepoint: 91100 ns, At safepoint: 27300 ns, Total: 118400 ns
[12.763s][info ][safepoint      ] Safepoint "ICBufferFull", Time since last: 932004 ns, Reaching safepoint: 100301 ns, At safepoint: 20800 ns, Total: 121101 ns
[12.764s][info ][safepoint      ] Safepoint "ICBufferFull", Time since last: 756803 ns, Reaching safepoint: 99401 ns, At safepoint: 20400 ns, Total: 119801 ns
[12.764s][info ][safepoint      ] Safepoint "ICBufferFull", Time since last: 243101 ns, Reaching safepoint: 95600 ns, At safepoint: 26900 ns, Total: 122500 ns
[12.766s][info ][safepoint      ] Safepoint "ICBufferFull", Time since last: 1566207 ns, Reaching safepoint: 100100 ns, At safepoint: 7200 ns, Total: 107300 ns
[12.766s][info ][safepoint      ] Safepoint "ICBufferFull", Time since last: 67301 ns, Reaching safepoint: 83600 ns, At safepoint: 19800 ns, Total: 103400 ns
[12.769s][info ][safepoint      ] Safepoint "ICBufferFull", Time since last: 3236014 ns, Reaching safepoint: 101600 ns, At safepoint: 23600 ns, Total: 125200 ns
[12.770s][info ][safepoint      ] Safepoint "ICBufferFull", Time since last: 61901 ns, Reaching safepoint: 87700 ns, At safepoint: 23300 ns, Total: 111000 ns
[12.770s][info ][safepoint      ] Safepoint "ICBufferFull", Time since last: 31600 ns, Reaching safepoint: 90701 ns, At safepoint: 22100 ns, Total: 112801 ns
[12.771s][info ][safepoint      ] Safepoint "ICBufferFull", Time since last: 1320805 ns, Reaching safepoint: 91901 ns, At safepoint: 15000 ns, Total: 106901 ns
[12.771s][info ][safepoint      ] Safepoint "ICBufferFull", Time since last: 203701 ns, Reaching safepoint: 77900 ns, At safepoint: 21800 ns, Total: 99700 ns
[12.772s][info ][safepoint      ] Safepoint "ICBufferFull", Time since last: 144701 ns, Reaching safepoint: 92700 ns, At safepoint: 17700 ns, Total: 110400 ns
[12.772s][info ][safepoint      ] Safepoint "ICBufferFull", Time since last: 67300 ns, Reaching safepoint: 86501 ns, At safepoint: 16200 ns, Total: 102701 ns
[12.772s][info ][safepoint      ] Safepoint "ICBufferFull", Time since last: 126200 ns, Reaching safepoint: 87901 ns, At safepoint: 23100 ns, Total: 111001 ns
[12.773s][info ][safepoint      ] Safepoint "ICBufferFull", Time since last: 792803 ns, Reaching safepoint: 100301 ns, At safepoint: 16300 ns, Total: 116601 ns
[12.775s][info ][safepoint      ] Safepoint "ICBufferFull", Time since last: 1439006 ns, Reaching safepoint: 103100 ns, At safepoint: 21600 ns, Total: 124700 ns
[12.775s][info ][safepoint      ] Safepoint "ICBufferFull", Time since last: 60001 ns, Reaching safepoint: 94800 ns, At safepoint: 19000 ns, Total: 113800 ns
[12.775s][info ][safepoint      ] Safepoint "ICBufferFull", Time since last: 75501 ns, Reaching safepoint: 87500 ns, At safepoint: 12100 ns, Total: 99600 ns
[12.775s][info ][safepoint      ] Safepoint "ICBufferFull", Time since last: 86100 ns, Reaching safepoint: 89401 ns, At safepoint: 16200 ns, Total: 105601 ns
[12.775s][info ][safepoint      ] Safepoint "ICBufferFull", Time since last: 37200 ns, Reaching safepoint: 86000 ns, At safepoint: 17200 ns, Total: 103200 ns
[12.776s][info ][safepoint      ] Safepoint "ICBufferFull", Time since last: 893804 ns, Reaching safepoint: 105601 ns, At safepoint: 18500 ns, Total: 124101 ns
[12.776s][info ][safepoint      ] Safepoint "ICBufferFull", Time since last: 53900 ns, Reaching safepoint: 89000 ns, At safepoint: 18200 ns, Total: 107200 ns
[12.777s][info ][safepoint      ] Safepoint "ICBufferFull", Time since last: 181201 ns, Reaching safepoint: 96801 ns, At safepoint: 17500 ns, Total: 114301 ns
[12.777s][info ][safepoint      ] Safepoint "ICBufferFull", Time since last: 80800 ns, Reaching safepoint: 85800 ns, At safepoint: 21900 ns, Total: 107700 ns
[12.778s][info ][safepoint      ] Safepoint "ICBufferFull", Time since last: 858804 ns, Reaching safepoint: 104001 ns, At safepoint: 14300 ns, Total: 118301 ns
[12.778s][info ][safepoint      ] Safepoint "ICBufferFull", Time since last: 66900 ns, Reaching safepoint: 85400 ns, At safepoint: 21800 ns, Total: 107200 ns
[12.778s][info ][safepoint      ] Safepoint "ICBufferFull", Time since last: 184301 ns, Reaching safepoint: 86501 ns, At safepoint: 16400 ns, Total: 102901 ns
[12.780s][info ][safepoint      ] Safepoint "ICBufferFull", Time since last: 1118504 ns, Reaching safepoint: 98701 ns, At safepoint: 17100 ns, Total: 115801 ns
[12.780s][info ][safepoint      ] Safepoint "ICBufferFull", Time since last: 56400 ns, Reaching safepoint: 83400 ns, At safepoint: 24101 ns, Total: 107501 ns
[12.780s][info ][safepoint      ] Safepoint "ICBufferFull", Time since last: 32000 ns, Reaching safepoint: 82000 ns, At safepoint: 19500 ns, Total: 101500 ns
[12.781s][info ][safepoint      ] Safepoint "ICBufferFull", Time since last: 842104 ns, Reaching safepoint: 96300 ns, At safepoint: 14800 ns, Total: 111100 ns
[12.781s][info ][safepoint      ] Safepoint "ICBufferFull", Time since last: 56000 ns, Reaching safepoint: 94601 ns, At safepoint: 20600 ns, Total: 115201 ns
[12.781s][info ][safepoint      ] Safepoint "ICBufferFull", Time since last: 141901 ns, Reaching safepoint: 70600 ns, At safepoint: 22700 ns, Total: 93300 ns
[12.781s][info ][safepoint      ] Safepoint "ICBufferFull", Time since last: 119300 ns, Reaching safepoint: 100801 ns, At safepoint: 22200 ns, Total: 123001 ns
[12.782s][info ][safepoint      ] Safepoint "ICBufferFull", Time since last: 60500 ns, Reaching safepoint: 83201 ns, At safepoint: 24900 ns, Total: 108101 ns
[12.782s][info ][safepoint      ] Safepoint "ICBufferFull", Time since last: 704803 ns, Reaching safepoint: 69300 ns, At safepoint: 20500 ns, Total: 89800 ns
[12.783s][info ][safepoint      ] Safepoint "ICBufferFull", Time since last: 72500 ns, Reaching safepoint: 85001 ns, At safepoint: 21300 ns, Total: 106301 ns
[12.783s][info ][safepoint      ] Safepoint "ICBufferFull", Time since last: 37300 ns, Reaching safepoint: 82500 ns, At safepoint: 21900 ns, Total: 104400 ns
[12.784s][info ][safepoint      ] Safepoint "ICBufferFull", Time since last: 768704 ns, Reaching safepoint: 100700 ns, At safepoint: 27700 ns, Total: 128400 ns
[12.785s][info ][safepoint      ] Safepoint "ICBufferFull", Time since last: 869704 ns, Reaching safepoint: 86400 ns, At safepoint: 23700 ns, Total: 110100 ns
[12.785s][info ][safepoint      ] Safepoint "ICBufferFull", Time since last: 602203 ns, Reaching safepoint: 91500 ns, At safepoint: 17300 ns, Total: 108800 ns
[12.786s][info ][safepoint      ] Safepoint "ICBufferFull", Time since last: 69601 ns, Reaching safepoint: 94500 ns, At safepoint: 20800 ns, Total: 115300 ns
[12.786s][info ][safepoint      ] Safepoint "ICBufferFull", Time since last: 60000 ns, Reaching safepoint: 84301 ns, At safepoint: 20500 ns, Total: 104801 ns
[12.787s][info ][safepoint      ] Safepoint "ICBufferFull", Time since last: 869604 ns, Reaching safepoint: 110900 ns, At safepoint: 21600 ns, Total: 132500 ns
[12.787s][info ][safepoint      ] Safepoint "ICBufferFull", Time since last: 50600 ns, Reaching safepoint: 82601 ns, At safepoint: 16900 ns, Total: 99501 ns
[12.788s][info ][safepoint      ] Safepoint "ICBufferFull", Time since last: 894004 ns, Reaching safepoint: 87200 ns, At safepoint: 7200 ns, Total: 94400 ns
[12.788s][info ][safepoint      ] Safepoint "ICBufferFull", Time since last: 63900 ns, Reaching safepoint: 80501 ns, At safepoint: 16100 ns, Total: 96601 ns
[12.788s][info ][safepoint      ] Safepoint "ICBufferFull", Time since last: 36900 ns, Reaching safepoint: 82300 ns, At safepoint: 17500 ns, Total: 99800 ns
[12.788s][info ][safepoint      ] Safepoint "ICBufferFull", Time since last: 50601 ns, Reaching safepoint: 81100 ns, At safepoint: 18700 ns, Total: 99800 ns
[12.788s][info ][safepoint      ] Safepoint "ICBufferFull", Time since last: 45100 ns, Reaching safepoint: 82701 ns, At safepoint: 23600 ns, Total: 106301 ns
[12.789s][info ][safepoint      ] Safepoint "ICBufferFull", Time since last: 29700 ns, Reaching safepoint: 81300 ns, At safepoint: 19300 ns, Total: 100600 ns
[12.790s][info ][safepoint      ] Safepoint "ICBufferFull", Time since last: 845704 ns, Reaching safepoint: 98700 ns, At safepoint: 13000 ns, Total: 111700 ns
[12.797s][info ][safepoint      ] Safepoint "ICBufferFull", Time since last: 7724433 ns, Reaching safepoint: 97301 ns, At safepoint: 25500 ns, Total: 122801 ns
[12.801s][info ][safepoint      ] Safepoint "ICBufferFull", Time since last: 3873616 ns, Reaching safepoint: 98201 ns, At safepoint: 24800 ns, Total: 123001 ns
[12.805s][info ][safepoint      ] Safepoint "ICBufferFull", Time since last: 3878916 ns, Reaching safepoint: 94601 ns, At safepoint: 29200 ns, Total: 123801 ns
[12.806s][info ][safepoint      ] Safepoint "ICBufferFull", Time since last: 67800 ns, Reaching safepoint: 91100 ns, At safepoint: 29101 ns, Total: 120201 ns
[12.806s][info ][safepoint      ] Safepoint "ICBufferFull", Time since last: 46500 ns, Reaching safepoint: 82300 ns, At safepoint: 27600 ns, Total: 109900 ns
[12.806s][info ][safepoint      ] Safepoint "ICBufferFull", Time since last: 74901 ns, Reaching safepoint: 92000 ns, At safepoint: 20100 ns, Total: 112100 ns
[12.806s][info ][safepoint      ] Safepoint "ICBufferFull", Time since last: 60600 ns, Reaching safepoint: 82901 ns, At safepoint: 19700 ns, Total: 102601 ns
[12.809s][info ][safepoint      ] Safepoint "ICBufferFull", Time since last: 3181113 ns, Reaching safepoint: 95401 ns, At safepoint: 24600 ns, Total: 120001 ns
[12.810s][info ][safepoint      ] Safepoint "ICBufferFull", Time since last: 45000 ns, Reaching safepoint: 83300 ns, At safepoint: 24900 ns, Total: 108200 ns
[12.810s][info ][safepoint      ] Safepoint "ICBufferFull", Time since last: 43201 ns, Reaching safepoint: 81300 ns, At safepoint: 29500 ns, Total: 110800 ns
[12.810s][info ][safepoint      ] Safepoint "ICBufferFull", Time since last: 69000 ns, Reaching safepoint: 81201 ns, At safepoint: 31800 ns, Total: 113001 ns
[12.810s][info ][safepoint      ] Safepoint "ICBufferFull", Time since last: 98300 ns, Reaching safepoint: 82401 ns, At safepoint: 17700 ns, Total: 100101 ns
[12.810s][info ][safepoint      ] Safepoint "ICBufferFull", Time since last: 108300 ns, Reaching safepoint: 94701 ns, At safepoint: 23900 ns, Total: 118601 ns
[12.810s][info ][safepoint      ] Safepoint "ICBufferFull", Time since last: 48600 ns, Reaching safepoint: 83100 ns, At safepoint: 19000 ns, Total: 102100 ns
[12.816s][info ][safepoint      ] Safepoint "ICBufferFull", Time since last: 861504 ns, Reaching safepoint: 4231618 ns, At safepoint: 19400 ns, Total: 4251018 ns
[12.819s][info ][safepoint      ] Safepoint "ICBufferFull", Time since last: 3419715 ns, Reaching safepoint: 439202 ns, At safepoint: 27300 ns, Total: 466502 ns
[12.820s][info ][safepoint      ] Safepoint "ICBufferFull", Time since last: 851303 ns, Reaching safepoint: 108401 ns, At safepoint: 35100 ns, Total: 143501 ns
[12.822s][info ][safepoint      ] Safepoint "ICBufferFull", Time since last: 1613607 ns, Reaching safepoint: 91900 ns, At safepoint: 18500 ns, Total: 110400 ns
[12.823s][info ][safepoint      ] Safepoint "ICBufferFull", Time since last: 312002 ns, Reaching safepoint: 99600 ns, At safepoint: 14900 ns, Total: 114500 ns
[12.823s][info ][safepoint      ] Safepoint "ICBufferFull", Time since last: 70800 ns, Reaching safepoint: 97101 ns, At safepoint: 18900 ns, Total: 116001 ns
[12.823s][info ][safepoint      ] Safepoint "ICBufferFull", Time since last: 265001 ns, Reaching safepoint: 54300 ns, At safepoint: 22100 ns, Total: 76400 ns
[12.823s][info ][safepoint      ] Safepoint "ICBufferFull", Time since last: 40801 ns, Reaching safepoint: 163800 ns, At safepoint: 21200 ns, Total: 185000 ns
[12.825s][info ][safepoint      ] Safepoint "ICBufferFull", Time since last: 1223706 ns, Reaching safepoint: 103900 ns, At safepoint: 18400 ns, Total: 122300 ns
[12.825s][info ][safepoint      ] Safepoint "ICBufferFull", Time since last: 713203 ns, Reaching safepoint: 106401 ns, At safepoint: 18300 ns, Total: 124701 ns
[12.826s][info ][safepoint      ] Safepoint "ICBufferFull", Time since last: 86100 ns, Reaching safepoint: 92500 ns, At safepoint: 19601 ns, Total: 112101 ns
[12.826s][info ][safepoint      ] Safepoint "ICBufferFull", Time since last: 143700 ns, Reaching safepoint: 91801 ns, At safepoint: 22200 ns, Total: 114001 ns
[12.827s][info ][safepoint      ] Safepoint "ICBufferFull", Time since last: 782203 ns, Reaching safepoint: 101600 ns, At safepoint: 12500 ns, Total: 114100 ns
[12.827s][info ][safepoint      ] Safepoint "ICBufferFull", Time since last: 85501 ns, Reaching safepoint: 87100 ns, At safepoint: 21000 ns, Total: 108100 ns
[12.827s][info ][safepoint      ] Safepoint "ICBufferFull", Time since last: 38400 ns, Reaching safepoint: 87301 ns, At safepoint: 20000 ns, Total: 107301 ns
[12.827s][info ][safepoint      ] Safepoint "ICBufferFull", Time since last: 45100 ns, Reaching safepoint: 88600 ns, At safepoint: 22201 ns, Total: 110801 ns
[12.828s][info ][safepoint      ] Safepoint "ICBufferFull", Time since last: 96800 ns, Reaching safepoint: 97600 ns, At safepoint: 23000 ns, Total: 120600 ns
[12.828s][info ][safepoint      ] Safepoint "ICBufferFull", Time since last: 50601 ns, Reaching safepoint: 96700 ns, At safepoint: 16200 ns, Total: 112900 ns
[12.829s][info ][safepoint      ] Safepoint "ICBufferFull", Time since last: 724903 ns, Reaching safepoint: 93001 ns, At safepoint: 18400 ns, Total: 111401 ns
[12.829s][info ][safepoint      ] Safepoint "ICBufferFull", Time since last: 666503 ns, Reaching safepoint: 84300 ns, At safepoint: 19900 ns, Total: 104200 ns
[12.830s][info ][safepoint      ] Safepoint "ICBufferFull", Time since last: 59400 ns, Reaching safepoint: 149701 ns, At safepoint: 19400 ns, Total: 169101 ns
[12.833s][info ][safepoint      ] Safepoint "ICBufferFull", Time since last: 3670816 ns, Reaching safepoint: 88100 ns, At safepoint: 21300 ns, Total: 109400 ns
[12.834s][info ][safepoint      ] Safepoint "ICBufferFull", Time since last: 68200 ns, Reaching safepoint: 84801 ns, At safepoint: 24100 ns, Total: 108901 ns
[12.834s][info ][safepoint      ] Safepoint "ICBufferFull", Time since last: 673103 ns, Reaching safepoint: 86900 ns, At safepoint: 20800 ns, Total: 107700 ns
[12.834s][info ][safepoint      ] Safepoint "ICBufferFull", Time since last: 62800 ns, Reaching safepoint: 83201 ns, At safepoint: 20500 ns, Total: 103701 ns
[12.835s][info ][safepoint      ] Safepoint "ICBufferFull", Time since last: 53800 ns, Reaching safepoint: 91501 ns, At safepoint: 21600 ns, Total: 113101 ns
[12.835s][info ][safepoint      ] Safepoint "ICBufferFull", Time since last: 106900 ns, Reaching safepoint: 82600 ns, At safepoint: 18001 ns, Total: 100601 ns
[12.835s][info ][safepoint      ] Safepoint "ICBufferFull", Time since last: 100000 ns, Reaching safepoint: 89400 ns, At safepoint: 28200 ns, Total: 117600 ns
[12.836s][info ][safepoint      ] Safepoint "ICBufferFull", Time since last: 770004 ns, Reaching safepoint: 104800 ns, At safepoint: 20200 ns, Total: 125000 ns
[12.836s][info ][safepoint      ] Safepoint "ICBufferFull", Time since last: 188001 ns, Reaching safepoint: 92000 ns, At safepoint: 17001 ns, Total: 109001 ns
[12.836s][info ][safepoint      ] Safepoint "ICBufferFull", Time since last: 45900 ns, Reaching safepoint: 98000 ns, At safepoint: 16300 ns, Total: 114300 ns
[12.837s][info ][safepoint      ] Safepoint "ICBufferFull", Time since last: 242701 ns, Reaching safepoint: 100201 ns, At safepoint: 24800 ns, Total: 125001 ns
[12.837s][info ][safepoint      ] Safepoint "ICBufferFull", Time since last: 109200 ns, Reaching safepoint: 91301 ns, At safepoint: 22700 ns, Total: 114001 ns
[12.838s][info ][safepoint      ] Safepoint "ICBufferFull", Time since last: 730803 ns, Reaching safepoint: 99000 ns, At safepoint: 9400 ns, Total: 108400 ns
[12.838s][info ][safepoint      ] Safepoint "ICBufferFull", Time since last: 56601 ns, Reaching safepoint: 96400 ns, At safepoint: 20000 ns, Total: 116400 ns
[12.838s][info ][safepoint      ] Safepoint "ICBufferFull", Time since last: 49900 ns, Reaching safepoint: 89001 ns, At safepoint: 20700 ns, Total: 109701 ns
[12.838s][info ][safepoint      ] Safepoint "ICBufferFull", Time since last: 51800 ns, Reaching safepoint: 150901 ns, At safepoint: 30400 ns, Total: 181301 ns
[12.839s][info ][safepoint      ] Safepoint "ICBufferFull", Time since last: 83700 ns, Reaching safepoint: 82200 ns, At safepoint: 18700 ns, Total: 100900 ns
[12.839s][info ][safepoint      ] Safepoint "ICBufferFull", Time since last: 57501 ns, Reaching safepoint: 88400 ns, At safepoint: 21000 ns, Total: 109400 ns
[12.840s][info ][safepoint      ] Safepoint "ICBufferFull", Time since last: 725003 ns, Reaching safepoint: 89201 ns, At safepoint: 15100 ns, Total: 104301 ns
[12.840s][info ][safepoint      ] Safepoint "ICBufferFull", Time since last: 635002 ns, Reaching safepoint: 84401 ns, At safepoint: 23500 ns, Total: 107901 ns
[12.840s][info ][safepoint      ] Safepoint "ICBufferFull", Time since last: 49600 ns, Reaching safepoint: 82900 ns, At safepoint: 21401 ns, Total: 104301 ns
[12.841s][info ][safepoint      ] Safepoint "ICBufferFull", Time since last: 34200 ns, Reaching safepoint: 90700 ns, At safepoint: 27100 ns, Total: 117800 ns
[12.841s][info ][safepoint      ] Safepoint "ICBufferFull", Time since last: 93801 ns, Reaching safepoint: 89800 ns, At safepoint: 18600 ns, Total: 108400 ns
[12.841s][info ][safepoint      ] Safepoint "ICBufferFull", Time since last: 177701 ns, Reaching safepoint: 86700 ns, At safepoint: 27500 ns, Total: 114200 ns
[12.842s][info ][safepoint      ] Safepoint "ICBufferFull", Time since last: 727203 ns, Reaching safepoint: 86601 ns, At safepoint: 10200 ns, Total: 96801 ns
[12.842s][info ][safepoint      ] Safepoint "ICBufferFull", Time since last: 60600 ns, Reaching safepoint: 90400 ns, At safepoint: 21201 ns, Total: 111601 ns
[12.842s][info ][safepoint      ] Safepoint "ICBufferFull", Time since last: 48000 ns, Reaching safepoint: 81800 ns, At safepoint: 20100 ns, Total: 101900 ns
[12.842s][info ][safepoint      ] Safepoint "ICBufferFull", Time since last: 88601 ns, Reaching safepoint: 83000 ns, At safepoint: 20600 ns, Total: 103600 ns
[12.845s][info ][safepoint      ] Safepoint "ICBufferFull", Time since last: 2756712 ns, Reaching safepoint: 96700 ns, At safepoint: 24400 ns, Total: 121100 ns
[12.845s][info ][safepoint      ] Safepoint "ICBufferFull", Time since last: 51101 ns, Reaching safepoint: 82700 ns, At safepoint: 20900 ns, Total: 103600 ns
[12.846s][info ][safepoint      ] Safepoint "ICBufferFull", Time since last: 38700 ns, Reaching safepoint: 96701 ns, At safepoint: 21700 ns, Total: 118401 ns
[12.846s][info ][safepoint      ] Safepoint "ICBufferFull", Time since last: 76700 ns, Reaching safepoint: 87000 ns, At safepoint: 25900 ns, Total: 112900 ns
[12.846s][info ][safepoint      ] Safepoint "ICBufferFull", Time since last: 58501 ns, Reaching safepoint: 92800 ns, At safepoint: 21100 ns, Total: 113900 ns
[12.846s][info ][safepoint      ] Safepoint "ICBufferFull", Time since last: 48000 ns, Reaching safepoint: 86501 ns, At safepoint: 27200 ns, Total: 113701 ns
[12.847s][info ][safepoint      ] Safepoint "ICBufferFull", Time since last: 717603 ns, Reaching safepoint: 84400 ns, At safepoint: 11500 ns, Total: 95900 ns
[12.847s][info ][safepoint      ] Safepoint "ICBufferFull", Time since last: 171401 ns, Reaching safepoint: 95100 ns, At safepoint: 17001 ns, Total: 112101 ns
[12.847s][info ][safepoint      ] Safepoint "ICBufferFull", Time since last: 40700 ns, Reaching safepoint: 92000 ns, At safepoint: 22500 ns, Total: 114500 ns
[12.848s][info ][safepoint      ] Safepoint "ICBufferFull", Time since last: 161701 ns, Reaching safepoint: 94400 ns, At safepoint: 27300 ns, Total: 121700 ns
[12.849s][info ][safepoint      ] Safepoint "ICBufferFull", Time since last: 1505807 ns, Reaching safepoint: 93400 ns, At safepoint: 16700 ns, Total: 110100 ns
[12.849s][info ][safepoint      ] Safepoint "ICBufferFull", Time since last: 41600 ns, Reaching safepoint: 79301 ns, At safepoint: 23800 ns, Total: 103101 ns
[12.850s][info ][safepoint      ] Safepoint "ICBufferFull", Time since last: 39900 ns, Reaching safepoint: 79500 ns, At safepoint: 23601 ns, Total: 103101 ns
[12.850s][info ][safepoint      ] Safepoint "ICBufferFull", Time since last: 46900 ns, Reaching safepoint: 80200 ns, At safepoint: 21300 ns, Total: 101500 ns
[12.850s][info ][safepoint      ] Safepoint "ICBufferFull", Time since last: 35700 ns, Reaching safepoint: 90801 ns, At safepoint: 24900 ns, Total: 115701 ns
[12.850s][info ][safepoint      ] Safepoint "ICBufferFull", Time since last: 100000 ns, Reaching safepoint: 89901 ns, At safepoint: 21400 ns, Total: 111301 ns
[12.851s][info ][safepoint      ] Safepoint "ICBufferFull", Time since last: 1099904 ns, Reaching safepoint: 90001 ns, At safepoint: 16900 ns, Total: 106901 ns
[12.853s][info ][safepoint      ] Safepoint "ICBufferFull", Time since last: 1876008 ns, Reaching safepoint: 93500 ns, At safepoint: 21000 ns, Total: 114500 ns
[12.853s][info ][safepoint      ] Safepoint "ICBufferFull", Time since last: 36000 ns, Reaching safepoint: 87501 ns, At safepoint: 25100 ns, Total: 112601 ns
[12.854s][info ][safepoint      ] Safepoint "ICBufferFull", Time since last: 44300 ns, Reaching safepoint: 98401 ns, At safepoint: 22100 ns, Total: 120501 ns
[12.854s][info ][safepoint      ] Safepoint "ICBufferFull", Time since last: 39700 ns, Reaching safepoint: 85700 ns, At safepoint: 28400 ns, Total: 114100 ns
[12.854s][info ][safepoint      ] Safepoint "ICBufferFull", Time since last: 28800 ns, Reaching safepoint: 93001 ns, At safepoint: 28800 ns, Total: 121801 ns
[12.855s][info ][safepoint      ] Safepoint "ICBufferFull", Time since last: 778903 ns, Reaching safepoint: 92901 ns, At safepoint: 16500 ns, Total: 109401 ns
[12.855s][info ][safepoint      ] Safepoint "ICBufferFull", Time since last: 202701 ns, Reaching safepoint: 84700 ns, At safepoint: 28900 ns, Total: 113600 ns
[12.861s][info ][safepoint      ] Safepoint "ICBufferFull", Time since last: 6071626 ns, Reaching safepoint: 89900 ns, At safepoint: 19700 ns, Total: 109600 ns
[12.862s][info ][safepoint      ] Safepoint "ICBufferFull", Time since last: 80001 ns, Reaching safepoint: 84900 ns, At safepoint: 21500 ns, Total: 106400 ns
[12.862s][info ][safepoint      ] Safepoint "ICBufferFull", Time since last: 52800 ns, Reaching safepoint: 87701 ns, At safepoint: 19700 ns, Total: 107401 ns
[12.862s][info ][safepoint      ] Safepoint "ICBufferFull", Time since last: 84200 ns, Reaching safepoint: 86401 ns, At safepoint: 13200 ns, Total: 99601 ns
[12.862s][info ][safepoint      ] Safepoint "ICBufferFull", Time since last: 40100 ns, Reaching safepoint: 85700 ns, At safepoint: 18600 ns, Total: 104300 ns
[12.862s][info ][safepoint      ] Safepoint "ICBufferFull", Time since last: 81001 ns, Reaching safepoint: 84600 ns, At safepoint: 18800 ns, Total: 103400 ns
[12.862s][info ][safepoint      ] Safepoint "ICBufferFull", Time since last: 34000 ns, Reaching safepoint: 85401 ns, At safepoint: 19400 ns, Total: 104801 ns
[12.865s][info ][safepoint      ] Safepoint "ICBufferFull", Time since last: 797403 ns, Reaching safepoint: 2141309 ns, At safepoint: 11500 ns, Total: 2152809 ns
[12.865s][info ][safepoint      ] Safepoint "ICBufferFull", Time since last: 66001 ns, Reaching safepoint: 91500 ns, At safepoint: 21000 ns, Total: 112500 ns
[12.867s][info ][safepoint      ] Safepoint "ICBufferFull", Time since last: 1202105 ns, Reaching safepoint: 98601 ns, At safepoint: 22000 ns, Total: 120601 ns
[12.867s][info ][safepoint      ] Safepoint "ICBufferFull", Time since last: 63200 ns, Reaching safepoint: 87100 ns, At safepoint: 22700 ns, Total: 109800 ns
[12.868s][info ][safepoint      ] Safepoint "ICBufferFull", Time since last: 1349706 ns, Reaching safepoint: 89801 ns, At safepoint: 5800 ns, Total: 95601 ns
[12.869s][info ][safepoint      ] Safepoint "ICBufferFull", Time since last: 76400 ns, Reaching safepoint: 86800 ns, At safepoint: 22400 ns, Total: 109200 ns
[12.870s][info ][safepoint      ] Safepoint "ICBufferFull", Time since last: 1074805 ns, Reaching safepoint: 101200 ns, At safepoint: 26201 ns, Total: 127401 ns
[12.870s][info ][safepoint      ] Safepoint "ICBufferFull", Time since last: 72600 ns, Reaching safepoint: 86200 ns, At safepoint: 21100 ns, Total: 107300 ns
[12.870s][info ][safepoint      ] Safepoint "ICBufferFull", Time since last: 54301 ns, Reaching safepoint: 87600 ns, At safepoint: 18000 ns, Total: 105600 ns
[12.870s][info ][safepoint      ] Safepoint "ICBufferFull", Time since last: 114700 ns, Reaching safepoint: 67701 ns, At safepoint: 27500 ns, Total: 95201 ns
[12.871s][info ][safepoint      ] Safepoint "ICBufferFull", Time since last: 81900 ns, Reaching safepoint: 91901 ns, At safepoint: 23200 ns, Total: 115101 ns
[12.871s][info ][safepoint      ] Safepoint "ICBufferFull", Time since last: 97800 ns, Reaching safepoint: 87700 ns, At safepoint: 22401 ns, Total: 110101 ns
[12.872s][info ][safepoint      ] Safepoint "ICBufferFull", Time since last: 820703 ns, Reaching safepoint: 99601 ns, At safepoint: 24400 ns, Total: 124001 ns
[12.872s][info ][safepoint      ] Safepoint "ICBufferFull", Time since last: 61200 ns, Reaching safepoint: 82000 ns, At safepoint: 18400 ns, Total: 100400 ns
[12.872s][info ][safepoint      ] Safepoint "ICBufferFull", Time since last: 45701 ns, Reaching safepoint: 82200 ns, At safepoint: 24400 ns, Total: 106600 ns
[12.872s][info ][safepoint      ] Safepoint "ICBufferFull", Time since last: 39500 ns, Reaching safepoint: 82600 ns, At safepoint: 18401 ns, Total: 101001 ns
[12.873s][info ][safepoint      ] Safepoint "ICBufferFull", Time since last: 841503 ns, Reaching safepoint: 108701 ns, At safepoint: 27000 ns, Total: 135701 ns
[12.875s][info ][safepoint      ] Safepoint "ICBufferFull", Time since last: 1433506 ns, Reaching safepoint: 103400 ns, At safepoint: 11400 ns, Total: 114800 ns
[12.876s][info ][safepoint      ] Safepoint "ICBufferFull", Time since last: 846804 ns, Reaching safepoint: 86100 ns, At safepoint: 29300 ns, Total: 115400 ns
[12.876s][info ][safepoint      ] Safepoint "ICBufferFull", Time since last: 72001 ns, Reaching safepoint: 91800 ns, At safepoint: 14600 ns, Total: 106400 ns
[12.877s][info ][safepoint      ] Safepoint "ICBufferFull", Time since last: 844204 ns, Reaching safepoint: 97000 ns, At safepoint: 25200 ns, Total: 122200 ns
[12.877s][info ][safepoint      ] Safepoint "ICBufferFull", Time since last: 38200 ns, Reaching safepoint: 90601 ns, At safepoint: 18400 ns, Total: 109001 ns
[12.877s][info ][safepoint      ] Safepoint "ICBufferFull", Time since last: 97300 ns, Reaching safepoint: 94801 ns, At safepoint: 17100 ns, Total: 111901 ns
[12.877s][info ][safepoint      ] Safepoint "ICBufferFull", Time since last: 132600 ns, Reaching safepoint: 98701 ns, At safepoint: 21200 ns, Total: 119901 ns
[12.878s][info ][safepoint      ] Safepoint "ICBufferFull", Time since last: 687303 ns, Reaching safepoint: 102600 ns, At safepoint: 12500 ns, Total: 115100 ns
[12.878s][info ][safepoint      ] Safepoint "ICBufferFull", Time since last: 41801 ns, Reaching safepoint: 85600 ns, At safepoint: 20800 ns, Total: 106400 ns
[12.878s][info ][safepoint      ] Safepoint "ICBufferFull", Time since last: 45600 ns, Reaching safepoint: 86901 ns, At safepoint: 18000 ns, Total: 104901 ns
[12.882s][info ][safepoint      ] Safepoint "ICBufferFull", Time since last: 3055813 ns, Reaching safepoint: 98100 ns, At safepoint: 15800 ns, Total: 113900 ns
[12.882s][info ][safepoint      ] Safepoint "ICBufferFull", Time since last: 43100 ns, Reaching safepoint: 90801 ns, At safepoint: 17500 ns, Total: 108301 ns
[12.882s][info ][safepoint      ] Safepoint "ICBufferFull", Time since last: 51700 ns, Reaching safepoint: 83800 ns, At safepoint: 17500 ns, Total: 101300 ns
[12.882s][info ][safepoint      ] Safepoint "ICBufferFull", Time since last: 63001 ns, Reaching safepoint: 85500 ns, At safepoint: 21400 ns, Total: 106900 ns
[12.882s][info ][safepoint      ] Safepoint "ICBufferFull", Time since last: 36600 ns, Reaching safepoint: 56101 ns, At safepoint: 22000 ns, Total: 78101 ns
[12.883s][info ][safepoint      ] Safepoint "ICBufferFull", Time since last: 843503 ns, Reaching safepoint: 54200 ns, At safepoint: 19301 ns, Total: 73501 ns
[12.883s][info ][safepoint      ] Safepoint "ICBufferFull", Time since last: 71900 ns, Reaching safepoint: 90600 ns, At safepoint: 17100 ns, Total: 107700 ns
[12.884s][info ][safepoint      ] Safepoint "ICBufferFull", Time since last: 57001 ns, Reaching safepoint: 82600 ns, At safepoint: 23200 ns, Total: 105800 ns
[12.884s][info ][safepoint      ] Safepoint "ICBufferFull", Time since last: 81600 ns, Reaching safepoint: 89801 ns, At safepoint: 19200 ns, Total: 109001 ns
[12.884s][info ][safepoint      ] Safepoint "ICBufferFull", Time since last: 87100 ns, Reaching safepoint: 96101 ns, At safepoint: 21900 ns, Total: 118001 ns
[12.885s][info ][safepoint      ] Safepoint "ICBufferFull", Time since last: 774703 ns, Reaching safepoint: 93400 ns, At safepoint: 11900 ns, Total: 105300 ns
[12.885s][info ][safepoint      ] Safepoint "ICBufferFull", Time since last: 66101 ns, Reaching safepoint: 94900 ns, At safepoint: 21600 ns, Total: 116500 ns
[12.885s][info ][safepoint      ] Safepoint "ICBufferFull", Time since last: 49000 ns, Reaching safepoint: 95101 ns, At safepoint: 19600 ns, Total: 114701 ns
[12.885s][info ][safepoint      ] Safepoint "ICBufferFull", Time since last: 62600 ns, Reaching safepoint: 87101 ns, At safepoint: 23800 ns, Total: 110901 ns
[12.885s][info ][safepoint      ] Safepoint "ICBufferFull", Time since last: 60200 ns, Reaching safepoint: 88000 ns, At safepoint: 25200 ns, Total: 113200 ns
[12.886s][info ][safepoint      ] Safepoint "ICBufferFull", Time since last: 73601 ns, Reaching safepoint: 88500 ns, At safepoint: 23900 ns, Total: 112400 ns
[12.887s][info ][safepoint      ] Safepoint "ICBufferFull", Time since last: 920504 ns, Reaching safepoint: 88500 ns, At safepoint: 16101 ns, Total: 104601 ns
[12.887s][info ][safepoint      ] Safepoint "ICBufferFull", Time since last: 51500 ns, Reaching safepoint: 85500 ns, At safepoint: 22600 ns, Total: 108100 ns
[12.887s][info ][safepoint      ] Safepoint "ICBufferFull", Time since last: 105001 ns, Reaching safepoint: 89000 ns, At safepoint: 24500 ns, Total: 113500 ns
[12.887s][info ][safepoint      ] Safepoint "ICBufferFull", Time since last: 48500 ns, Reaching safepoint: 104401 ns, At safepoint: 23500 ns, Total: 127901 ns
[12.887s][info ][safepoint      ] Safepoint "ICBufferFull", Time since last: 68900 ns, Reaching safepoint: 88801 ns, At safepoint: 24300 ns, Total: 113101 ns
[12.888s][info ][safepoint      ] Safepoint "ICBufferFull", Time since last: 87500 ns, Reaching safepoint: 85500 ns, At safepoint: 21401 ns, Total: 106901 ns
[12.888s][info ][safepoint      ] Safepoint "ICBufferFull", Time since last: 715503 ns, Reaching safepoint: 100200 ns, At safepoint: 16900 ns, Total: 117100 ns
[12.889s][info ][safepoint      ] Safepoint "ICBufferFull", Time since last: 68500 ns, Reaching safepoint: 85801 ns, At safepoint: 17700 ns, Total: 103501 ns
[12.889s][info ][safepoint      ] Safepoint "ICBufferFull", Time since last: 44200 ns, Reaching safepoint: 87200 ns, At safepoint: 18400 ns, Total: 105600 ns
[12.889s][info ][safepoint      ] Safepoint "ICBufferFull", Time since last: 127001 ns, Reaching safepoint: 87400 ns, At safepoint: 16900 ns, Total: 104300 ns
[12.889s][info ][safepoint      ] Safepoint "ICBufferFull", Time since last: 36801 ns, Reaching safepoint: 82200 ns, At safepoint: 16300 ns, Total: 98500 ns
[12.890s][info ][safepoint      ] Safepoint "ICBufferFull", Time since last: 728603 ns, Reaching safepoint: 109401 ns, At safepoint: 11300 ns, Total: 120701 ns
[12.890s][info ][safepoint      ] Safepoint "ICBufferFull", Time since last: 66700 ns, Reaching safepoint: 75800 ns, At safepoint: 24700 ns, Total: 100500 ns
[12.890s][info ][safepoint      ] Safepoint "ICBufferFull", Time since last: 43101 ns, Reaching safepoint: 86200 ns, At safepoint: 14200 ns, Total: 100400 ns
[12.890s][info ][safepoint      ] Safepoint "ICBufferFull", Time since last: 35400 ns, Reaching safepoint: 82600 ns, At safepoint: 24001 ns, Total: 106601 ns
[12.891s][info ][safepoint      ] Safepoint "ICBufferFull", Time since last: 46700 ns, Reaching safepoint: 86500 ns, At safepoint: 25700 ns, Total: 112200 ns
[12.891s][info ][safepoint      ] Safepoint "ICBufferFull", Time since last: 786504 ns, Reaching safepoint: 88500 ns, At safepoint: 16700 ns, Total: 105200 ns
[12.892s][info ][safepoint      ] Safepoint "ICBufferFull", Time since last: 58700 ns, Reaching safepoint: 86001 ns, At safepoint: 24700 ns, Total: 110701 ns
[12.892s][info ][safepoint      ] Safepoint "ICBufferFull", Time since last: 75300 ns, Reaching safepoint: 85600 ns, At safepoint: 17801 ns, Total: 103401 ns
[12.892s][info ][safepoint      ] Safepoint "ICBufferFull", Time since last: 45800 ns, Reaching safepoint: 84300 ns, At safepoint: 24300 ns, Total: 108600 ns
[12.892s][info ][safepoint      ] Safepoint "ICBufferFull", Time since last: 46700 ns, Reaching safepoint: 85101 ns, At safepoint: 22000 ns, Total: 107101 ns
[12.892s][info ][safepoint      ] Safepoint "ICBufferFull", Time since last: 57400 ns, Reaching safepoint: 89400 ns, At safepoint: 26801 ns, Total: 116201 ns
[12.893s][info ][safepoint      ] Safepoint "ICBufferFull", Time since last: 1058204 ns, Reaching safepoint: 88200 ns, At safepoint: 10701 ns, Total: 98901 ns
[12.894s][info ][safepoint      ] Safepoint "ICBufferFull", Time since last: 67400 ns, Reaching safepoint: 87300 ns, At safepoint: 19600 ns, Total: 106900 ns
[12.894s][info ][safepoint      ] Safepoint "ICBufferFull", Time since last: 662303 ns, Reaching safepoint: 90400 ns, At safepoint: 18601 ns, Total: 109001 ns
[12.895s][info ][safepoint      ] Safepoint "ICBufferFull", Time since last: 101700 ns, Reaching safepoint: 85000 ns, At safepoint: 8900 ns, Total: 93900 ns
[12.895s][info ][safepoint      ] Safepoint "ICBufferFull", Time since last: 51501 ns, Reaching safepoint: 84900 ns, At safepoint: 19600 ns, Total: 104500 ns
[12.895s][info ][safepoint      ] Safepoint "ICBufferFull", Time since last: 62500 ns, Reaching safepoint: 85601 ns, At safepoint: 21400 ns, Total: 107001 ns
[12.895s][info ][safepoint      ] Safepoint "ICBufferFull", Time since last: 90000 ns, Reaching safepoint: 88501 ns, At safepoint: 23500 ns, Total: 112001 ns
[12.895s][info ][safepoint      ] Safepoint "ICBufferFull", Time since last: 39500 ns, Reaching safepoint: 81400 ns, At safepoint: 20600 ns, Total: 102000 ns
[12.896s][info ][safepoint      ] Safepoint "ICBufferFull", Time since last: 728703 ns, Reaching safepoint: 94701 ns, At safepoint: 15600 ns, Total: 110301 ns
[12.896s][info ][safepoint      ] Safepoint "ICBufferFull", Time since last: 38300 ns, Reaching safepoint: 87500 ns, At safepoint: 18700 ns, Total: 106200 ns
[12.896s][info ][safepoint      ] Safepoint "ICBufferFull", Time since last: 24701 ns, Reaching safepoint: 80900 ns, At safepoint: 21900 ns, Total: 102800 ns
[12.897s][info ][safepoint      ] Safepoint "ICBufferFull", Time since last: 41100 ns, Reaching safepoint: 83801 ns, At safepoint: 23900 ns, Total: 107701 ns
[12.897s][info ][safepoint      ] Safepoint "ICBufferFull", Time since last: 752003 ns, Reaching safepoint: 88300 ns, At safepoint: 15700 ns, Total: 104000 ns
[12.898s][info ][safepoint      ] Safepoint "ICBufferFull", Time since last: 52100 ns, Reaching safepoint: 95801 ns, At safepoint: 19700 ns, Total: 115501 ns
[12.898s][info ][safepoint      ] Safepoint "ICBufferFull", Time since last: 59000 ns, Reaching safepoint: 83901 ns, At safepoint: 21500 ns, Total: 105401 ns
[12.898s][info ][safepoint      ] Safepoint "ICBufferFull", Time since last: 38400 ns, Reaching safepoint: 87600 ns, At safepoint: 20400 ns, Total: 108000 ns
[12.899s][info ][safepoint      ] Safepoint "ICBufferFull", Time since last: 707703 ns, Reaching safepoint: 90001 ns, At safepoint: 8900 ns, Total: 98901 ns
[12.899s][info ][safepoint      ] Safepoint "ICBufferFull", Time since last: 53200 ns, Reaching safepoint: 89200 ns, At safepoint: 24400 ns, Total: 113600 ns
[12.899s][info ][safepoint      ] Safepoint "ICBufferFull", Time since last: 51601 ns, Reaching safepoint: 87200 ns, At safepoint: 19600 ns, Total: 106800 ns
[12.899s][info ][safepoint      ] Safepoint "ICBufferFull", Time since last: 55400 ns, Reaching safepoint: 81201 ns, At safepoint: 29900 ns, Total: 111101 ns
[12.899s][info ][safepoint      ] Safepoint "ICBufferFull", Time since last: 60600 ns, Reaching safepoint: 79800 ns, At safepoint: 23801 ns, Total: 103601 ns
[12.900s][info ][safepoint      ] Safepoint "ICBufferFull", Time since last: 63600 ns, Reaching safepoint: 83900 ns, At safepoint: 24200 ns, Total: 108100 ns
[12.900s][info ][safepoint      ] Safepoint "ICBufferFull", Time since last: 749503 ns, Reaching safepoint: 94201 ns, At safepoint: 14500 ns, Total: 108701 ns
[12.901s][info ][safepoint      ] Safepoint "ICBufferFull", Time since last: 614903 ns, Reaching safepoint: 85400 ns, At safepoint: 22300 ns, Total: 107700 ns
[12.901s][info ][safepoint      ] Safepoint "ICBufferFull", Time since last: 125301 ns, Reaching safepoint: 93500 ns, At safepoint: 25800 ns, Total: 119300 ns
[12.902s][info ][safepoint      ] Safepoint "ICBufferFull", Time since last: 64500 ns, Reaching safepoint: 86701 ns, At safepoint: 20400 ns, Total: 107101 ns
[12.902s][info ][safepoint      ] Safepoint "ICBufferFull", Time since last: 761903 ns, Reaching safepoint: 96300 ns, At safepoint: 14200 ns, Total: 110500 ns
[12.903s][info ][safepoint      ] Safepoint "ICBufferFull", Time since last: 41801 ns, Reaching safepoint: 94800 ns, At safepoint: 24800 ns, Total: 119600 ns
[12.903s][info ][safepoint      ] Safepoint "ICBufferFull", Time since last: 756303 ns, Reaching safepoint: 68501 ns, At safepoint: 19500 ns, Total: 88001 ns
[12.904s][info ][safepoint      ] Safepoint "ICBufferFull", Time since last: 55000 ns, Reaching safepoint: 81400 ns, At safepoint: 22100 ns, Total: 103500 ns
[12.904s][info ][safepoint      ] Safepoint "ICBufferFull", Time since last: 47701 ns, Reaching safepoint: 94600 ns, At safepoint: 20400 ns, Total: 115000 ns
[12.904s][info ][safepoint      ] Safepoint "ICBufferFull", Time since last: 107101 ns, Reaching safepoint: 87900 ns, At safepoint: 23800 ns, Total: 111700 ns
[12.904s][info ][safepoint      ] Safepoint "ICBufferFull", Time since last: 42500 ns, Reaching safepoint: 82701 ns, At safepoint: 22400 ns, Total: 105101 ns
[12.905s][info ][safepoint      ] Safepoint "ICBufferFull", Time since last: 812503 ns, Reaching safepoint: 98401 ns, At safepoint: 16600 ns, Total: 115001 ns
[12.905s][info ][safepoint      ] Safepoint "ICBufferFull", Time since last: 67700 ns, Reaching safepoint: 86700 ns, At safepoint: 32800 ns, Total: 119500 ns
[12.905s][info ][safepoint      ] Safepoint "ICBufferFull", Time since last: 52601 ns, Reaching safepoint: 85100 ns, At safepoint: 15700 ns, Total: 100800 ns
[12.906s][info ][safepoint      ] Safepoint "ICBufferFull", Time since last: 144401 ns, Reaching safepoint: 85900 ns, At safepoint: 23600 ns, Total: 109500 ns
[12.906s][info ][safepoint      ] Safepoint "ICBufferFull", Time since last: 67500 ns, Reaching safepoint: 84901 ns, At safepoint: 20000 ns, Total: 104901 ns
[12.907s][info ][safepoint      ] Safepoint "ICBufferFull", Time since last: 713103 ns, Reaching safepoint: 87900 ns, At safepoint: 16700 ns, Total: 104600 ns
[12.907s][info ][safepoint      ] Safepoint "ICBufferFull", Time since last: 64801 ns, Reaching safepoint: 84600 ns, At safepoint: 17700 ns, Total: 102300 ns
[12.907s][info ][safepoint      ] Safepoint "ICBufferFull", Time since last: 111401 ns, Reaching safepoint: 83900 ns, At safepoint: 11800 ns, Total: 95700 ns
[12.907s][info ][safepoint      ] Safepoint "ICBufferFull", Time since last: 49800 ns, Reaching safepoint: 84201 ns, At safepoint: 19500 ns, Total: 103701 ns
[12.907s][info ][safepoint      ] Safepoint "ICBufferFull", Time since last: 90200 ns, Reaching safepoint: 99100 ns, At safepoint: 40601 ns, Total: 139701 ns
[12.908s][info ][safepoint      ] Safepoint "ICBufferFull", Time since last: 835203 ns, Reaching safepoint: 95801 ns, At safepoint: 12500 ns, Total: 108301 ns
[12.909s][info ][safepoint      ] Safepoint "ICBufferFull", Time since last: 622302 ns, Reaching safepoint: 94901 ns, At safepoint: 23400 ns, Total: 118301 ns
[12.909s][info ][safepoint      ] Safepoint "ICBufferFull", Time since last: 45700 ns, Reaching safepoint: 92500 ns, At safepoint: 30701 ns, Total: 123201 ns
[12.909s][info ][safepoint      ] Safepoint "ICBufferFull", Time since last: 36300 ns, Reaching safepoint: 94800 ns, At safepoint: 22700 ns, Total: 117500 ns
[12.910s][info ][safepoint      ] Safepoint "ICBufferFull", Time since last: 38900 ns, Reaching safepoint: 93301 ns, At safepoint: 25800 ns, Total: 119101 ns
[12.910s][info ][safepoint      ] Safepoint "ICBufferFull", Time since last: 711703 ns, Reaching safepoint: 62400 ns, At safepoint: 12300 ns, Total: 74700 ns
[12.910s][info ][safepoint      ] Safepoint "ICBufferFull", Time since last: 61301 ns, Reaching safepoint: 85300 ns, At safepoint: 21300 ns, Total: 106600 ns
[12.911s][info ][safepoint      ] Safepoint "ICBufferFull", Time since last: 613003 ns, Reaching safepoint: 87100 ns, At safepoint: 18800 ns, Total: 105900 ns
[12.911s][info ][safepoint      ] Safepoint "ICBufferFull", Time since last: 107700 ns, Reaching safepoint: 88701 ns, At safepoint: 18200 ns, Total: 106901 ns
[12.912s][info ][safepoint      ] Safepoint "ICBufferFull", Time since last: 58000 ns, Reaching safepoint: 86001 ns, At safepoint: 23700 ns, Total: 109701 ns
[12.912s][info ][gc,start       ] GC(11) Pause Young (Allocation Failure)
[13.126s][debug][gc,phases      ] GC(11) Scavenge 214.379ms
[13.126s][debug][gc,ref         ] GC(11) Skipped phase 1 of Reference Processing: no references
[13.126s][debug][gc,ref         ] GC(11) ReferenceProcessor::execute queues: 1, RefProcThreadModel::Single, marks_oops_alive: false
[13.126s][debug][gc,ref         ] GC(11) Skipped phase 3 of Reference Processing: no references
[13.126s][debug][gc,ref         ] GC(11) ReferenceProcessor::execute queues: 1, RefProcThreadModel::Single, marks_oops_alive: false
[13.126s][debug][gc,phases      ] GC(11) Reference Processing 0.183ms
[13.127s][debug][gc,phases      ] GC(11)   VM Weak                        Min:  0.0, Avg:  0.0, Max:  0.0, Diff:  0.0, Sum:  0.0, Workers: 4
[13.127s][debug][gc,phases      ] GC(11)     Dead                           Min: 0, Avg:  0.0, Max: 0, Diff: 0, Sum: 0, Workers: 4
[13.127s][debug][gc,phases      ] GC(11)     Total                          Min: 0, Avg: 151.2, Max: 413, Diff: 413, Sum: 605, Workers: 4
[13.127s][debug][gc,phases      ] GC(11)   ObjectSynchronizer Weak        Min:  0.0, Avg:  0.0, Max:  0.0, Diff:  0.0, Sum:  0.0, Workers: 4
[13.127s][debug][gc,phases      ] GC(11)     Dead                           Min: 0, Avg:  0.0, Max: 0, Diff: 0, Sum: 0, Workers: 4
[13.127s][debug][gc,phases      ] GC(11)     Total                          Min: 0, Avg: 77.8, Max: 128, Diff: 128, Sum: 311, Workers: 4
[13.127s][debug][gc,phases      ] GC(11)   JVMTI Tag Weak OopStorage      Min:  0.0, Avg:  0.0, Max:  0.0, Diff:  0.0, Sum:  0.0, Workers: 4
[13.127s][debug][gc,phases      ] GC(11)     Dead                           Min: 0, Avg:  0.0, Max: 0, Diff: 0, Sum: 0, Workers: 4
[13.127s][debug][gc,phases      ] GC(11)     Total                          Min: 0, Avg:  0.0, Max: 0, Diff: 0, Sum: 0, Workers: 4
[13.127s][debug][gc,phases      ] GC(11)   StringTable Weak               Min:  0.2, Avg:  0.2, Max:  0.2, Diff:  0.0, Sum:  1.0, Workers: 4
[13.127s][debug][gc,phases      ] GC(11)     Dead                           Min: 0, Avg:  3.2, Max: 11, Diff: 11, Sum: 13, Workers: 4
[13.127s][debug][gc,phases      ] GC(11)     Total                          Min: 8512, Avg: 10952.8, Max: 12579, Diff: 4067, Sum: 43811, Workers: 4
[13.127s][debug][gc,phases      ] GC(11)   ResolvedMethodTable Weak       Min:  0.0, Avg:  0.0, Max:  0.0, Diff:  0.0, Sum:  0.2, Workers: 4
[13.127s][debug][gc,phases      ] GC(11)     Dead                           Min: 1, Avg:  8.0, Max: 21, Diff: 20, Sum: 32, Workers: 4
[13.127s][debug][gc,phases      ] GC(11)     Total                          Min: 1152, Avg: 1764.8, Max: 2176, Diff: 1024, Sum: 7059, Workers: 4
[13.127s][debug][gc,phases      ] GC(11)   JNI Weak                       Min:  0.0, Avg:  0.0, Max:  0.0, Diff:  0.0, Sum:  0.0, Workers: 4
[13.127s][debug][gc,phases      ] GC(11)     Dead                           Min: 0, Avg:  0.0, Max: 0, Diff: 0, Sum: 0, Workers: 4
[13.127s][debug][gc,phases      ] GC(11)     Total                          Min: 0, Avg:  1.8, Max: 7, Diff: 7, Sum: 7, Workers: 4
[13.127s][debug][gc,phases      ] GC(11)   StringDedup Table Weak         Min:  0.0, Avg:  0.0, Max:  0.0, Diff:  0.0, Sum:  0.0, Workers: 4
[13.127s][debug][gc,phases      ] GC(11)     Dead                           Min: 0, Avg:  0.0, Max: 0, Diff: 0, Sum: 0, Workers: 4
[13.127s][debug][gc,phases      ] GC(11)     Total                          Min: 0, Avg:  0.0, Max: 0, Diff: 0, Sum: 0, Workers: 4
[13.127s][debug][gc,phases      ] GC(11)   StringDedup Requests0 Weak     Min:  0.0, Avg:  0.0, Max:  0.0, Diff:  0.0, Sum:  0.0, Workers: 4
[13.127s][debug][gc,phases      ] GC(11)     Dead                           Min: 0, Avg:  0.0, Max: 0, Diff: 0, Sum: 0, Workers: 4
[13.127s][debug][gc,phases      ] GC(11)     Total                          Min: 0, Avg:  0.0, Max: 0, Diff: 0, Sum: 0, Workers: 4
[13.127s][debug][gc,phases      ] GC(11)   StringDedup Requests1 Weak     Min:  0.0, Avg:  0.0, Max:  0.0, Diff:  0.0, Sum:  0.0, Workers: 4
[13.127s][debug][gc,phases      ] GC(11)     Dead                           Min: 0, Avg:  0.0, Max: 0, Diff: 0, Sum: 0, Workers: 4
[13.127s][debug][gc,phases      ] GC(11)     Total                          Min: 0, Avg:  0.0, Max: 0, Diff: 0, Sum: 0, Workers: 4
[13.127s][debug][gc,phases      ] GC(11)   Weak JFR Old Object Samples    Min:  0.0, Avg:  0.0, Max:  0.0, Diff:  0.0, Sum:  0.0, Workers: 4
[13.127s][debug][gc,phases      ] GC(11)     Dead                           Min: 0, Avg:  0.0, Max: 0, Diff: 0, Sum: 0, Workers: 4
[13.127s][debug][gc,phases      ] GC(11)     Total                          Min: 0, Avg:  0.0, Max: 0, Diff: 0, Sum: 0, Workers: 4
[13.127s][debug][gc,phases      ] GC(11) Weak Processing 0.468ms
[13.127s][debug][gc,age         ] GC(11) Desired survivor size 536870912 bytes, new threshold 5 (max threshold 15)
[13.127s][info ][gc,heap        ] GC(11) PSYoungGen: 1572854K(1572864K)->524257K(1572864K) Eden: 1048576K(1048576K)->0K(1048576K) From: 524278K(524288K)->524257K(524288K)
[13.127s][info ][gc,heap        ] GC(11) ParOldGen: 156678K(307712K)->184530K(307712K)
[13.127s][info ][gc,metaspace   ] GC(11) Metaspace: 69641K(70400K)->69641K(70400K) NonClass: 59433K(59840K)->59433K(59840K) Class: 10208K(10560K)->10208K(10560K)
[13.127s][info ][gc             ] GC(11) Pause Young (Allocation Failure) 1688M->692M(1836M) 215.131ms
[13.127s][info ][gc,cpu         ] GC(11) User=0.85s Sys=0.01s Real=0.21s
[13.127s][info ][safepoint      ] Safepoint "ParallelGCFailedAllocation", Time since last: 46900 ns, Reaching safepoint: 85100 ns, At safepoint: 215232718 ns, Total: 215317818 ns
[13.128s][info ][safepoint      ] Safepoint "ICBufferFull", Time since last: 821403 ns, Reaching safepoint: 99701 ns, At safepoint: 22300 ns, Total: 122001 ns
[13.129s][info ][safepoint      ] Safepoint "ICBufferFull", Time since last: 597803 ns, Reaching safepoint: 92900 ns, At safepoint: 25400 ns, Total: 118300 ns
[13.129s][info ][safepoint      ] Safepoint "ICBufferFull", Time since last: 170401 ns, Reaching safepoint: 89100 ns, At safepoint: 25800 ns, Total: 114900 ns
[13.130s][info ][safepoint      ] Safepoint "ICBufferFull", Time since last: 909304 ns, Reaching safepoint: 95401 ns, At safepoint: 24300 ns, Total: 119701 ns
[13.130s][info ][safepoint      ] Safepoint "ICBufferFull", Time since last: 63100 ns, Reaching safepoint: 85800 ns, At safepoint: 26500 ns, Total: 112300 ns
[13.130s][info ][safepoint      ] Safepoint "ICBufferFull", Time since last: 51101 ns, Reaching safepoint: 86600 ns, At safepoint: 26800 ns, Total: 113400 ns
[13.130s][info ][safepoint      ] Safepoint "ICBufferFull", Time since last: 86400 ns, Reaching safepoint: 86001 ns, At safepoint: 25600 ns, Total: 111601 ns
[13.131s][info ][safepoint      ] Safepoint "ICBufferFull", Time since last: 752103 ns, Reaching safepoint: 94601 ns, At safepoint: 17600 ns, Total: 112201 ns
[13.131s][info ][safepoint      ] Safepoint "ICBufferFull", Time since last: 52800 ns, Reaching safepoint: 85800 ns, At safepoint: 24300 ns, Total: 110100 ns
[13.132s][info ][safepoint      ] Safepoint "ICBufferFull", Time since last: 34600 ns, Reaching safepoint: 85201 ns, At safepoint: 22500 ns, Total: 107701 ns
[13.132s][info ][safepoint      ] Safepoint "ICBufferFull", Time since last: 702703 ns, Reaching safepoint: 97900 ns, At safepoint: 19200 ns, Total: 117100 ns
[13.133s][info ][safepoint      ] Safepoint "ICBufferFull", Time since last: 48501 ns, Reaching safepoint: 87400 ns, At safepoint: 20700 ns, Total: 108100 ns
[13.133s][info ][safepoint      ] Safepoint "ICBufferFull", Time since last: 24000 ns, Reaching safepoint: 86101 ns, At safepoint: 20800 ns, Total: 106901 ns
[13.134s][info ][safepoint      ] Safepoint "ICBufferFull", Time since last: 1109004 ns, Reaching safepoint: 97101 ns, At safepoint: 23000 ns, Total: 120101 ns
[13.134s][info ][safepoint      ] Safepoint "ICBufferFull", Time since last: 57700 ns, Reaching safepoint: 87601 ns, At safepoint: 18700 ns, Total: 106301 ns
[13.134s][info ][safepoint      ] Safepoint "ICBufferFull", Time since last: 104200 ns, Reaching safepoint: 82300 ns, At safepoint: 15300 ns, Total: 97600 ns
[13.134s][info ][safepoint      ] Safepoint "ICBufferFull", Time since last: 51701 ns, Reaching safepoint: 81000 ns, At safepoint: 20200 ns, Total: 101200 ns
[13.135s][info ][safepoint      ] Safepoint "ICBufferFull", Time since last: 42800 ns, Reaching safepoint: 81701 ns, At safepoint: 12700 ns, Total: 94401 ns
[13.136s][info ][safepoint      ] Safepoint "ICBufferFull", Time since last: 966604 ns, Reaching safepoint: 96400 ns, At safepoint: 17800 ns, Total: 114200 ns
[13.136s][info ][safepoint      ] Safepoint "ICBufferFull", Time since last: 27900 ns, Reaching safepoint: 81101 ns, At safepoint: 20500 ns, Total: 101601 ns
[13.137s][info ][safepoint      ] Safepoint "ICBufferFull", Time since last: 1096305 ns, Reaching safepoint: 84300 ns, At safepoint: 16500 ns, Total: 100800 ns
[13.137s][info ][safepoint      ] Safepoint "ICBufferFull", Time since last: 53900 ns, Reaching safepoint: 87601 ns, At safepoint: 15100 ns, Total: 102701 ns
[13.137s][info ][safepoint      ] Safepoint "ICBufferFull", Time since last: 56100 ns, Reaching safepoint: 80100 ns, At safepoint: 16000 ns, Total: 96100 ns
[13.137s][info ][safepoint      ] Safepoint "ICBufferFull", Time since last: 28000 ns, Reaching safepoint: 80201 ns, At safepoint: 18700 ns, Total: 98901 ns
[13.138s][info ][safepoint      ] Safepoint "ICBufferFull", Time since last: 106100 ns, Reaching safepoint: 83201 ns, At safepoint: 22900 ns, Total: 106101 ns
[13.138s][info ][safepoint      ] Safepoint "ICBufferFull", Time since last: 110800 ns, Reaching safepoint: 81501 ns, At safepoint: 16300 ns, Total: 97801 ns
[13.139s][info ][safepoint      ] Safepoint "ICBufferFull", Time since last: 775903 ns, Reaching safepoint: 92300 ns, At safepoint: 14000 ns, Total: 106300 ns
[13.139s][info ][safepoint      ] Safepoint "ICBufferFull", Time since last: 414802 ns, Reaching safepoint: 90201 ns, At safepoint: 17100 ns, Total: 107301 ns
[13.139s][info ][safepoint      ] Safepoint "ICBufferFull", Time since last: 69700 ns, Reaching safepoint: 90400 ns, At safepoint: 19700 ns, Total: 110100 ns
[13.140s][info ][safepoint      ] Safepoint "ICBufferFull", Time since last: 32301 ns, Reaching safepoint: 80700 ns, At safepoint: 18400 ns, Total: 99100 ns
[13.140s][info ][safepoint      ] Safepoint "ICBufferFull", Time since last: 730603 ns, Reaching safepoint: 94700 ns, At safepoint: 11200 ns, Total: 105900 ns
[13.141s][info ][safepoint      ] Safepoint "ICBufferFull", Time since last: 59501 ns, Reaching safepoint: 88800 ns, At safepoint: 15900 ns, Total: 104700 ns
[13.141s][info ][safepoint      ] Safepoint "ICBufferFull", Time since last: 50100 ns, Reaching safepoint: 44701 ns, At safepoint: 26600 ns, Total: 71301 ns
[13.141s][info ][safepoint      ] Safepoint "ICBufferFull", Time since last: 45600 ns, Reaching safepoint: 83800 ns, At safepoint: 21600 ns, Total: 105400 ns
[13.141s][info ][safepoint      ] Safepoint "ICBufferFull", Time since last: 67401 ns, Reaching safepoint: 92000 ns, At safepoint: 31000 ns, Total: 123000 ns
[13.142s][info ][safepoint      ] Safepoint "ICBufferFull", Time since last: 786104 ns, Reaching safepoint: 86100 ns, At safepoint: 18900 ns, Total: 105000 ns
[13.142s][info ][safepoint      ] Safepoint "ICBufferFull", Time since last: 72600 ns, Reaching safepoint: 83301 ns, At safepoint: 24400 ns, Total: 107701 ns
[13.142s][info ][safepoint      ] Safepoint "ICBufferFull", Time since last: 61200 ns, Reaching safepoint: 83400 ns, At safepoint: 22200 ns, Total: 105600 ns
[13.142s][info ][safepoint      ] Safepoint "ICBufferFull", Time since last: 84701 ns, Reaching safepoint: 84700 ns, At safepoint: 24900 ns, Total: 109600 ns
[13.143s][info ][safepoint      ] Safepoint "ICBufferFull", Time since last: 47500 ns, Reaching safepoint: 83901 ns, At safepoint: 25000 ns, Total: 108901 ns
[13.144s][info ][safepoint      ] Safepoint "ICBufferFull", Time since last: 856204 ns, Reaching safepoint: 94100 ns, At safepoint: 9700 ns, Total: 103800 ns
[13.144s][info ][safepoint      ] Safepoint "ICBufferFull", Time since last: 43400 ns, Reaching safepoint: 85201 ns, At safepoint: 27400 ns, Total: 112601 ns
[13.144s][info ][safepoint      ] Safepoint "ICBufferFull", Time since last: 46100 ns, Reaching safepoint: 84700 ns, At safepoint: 19900 ns, Total: 104600 ns
[13.144s][info ][safepoint      ] Safepoint "ICBufferFull", Time since last: 38101 ns, Reaching safepoint: 86400 ns, At safepoint: 32000 ns, Total: 118400 ns
[13.144s][info ][safepoint      ] Safepoint "ICBufferFull", Time since last: 28700 ns, Reaching safepoint: 85100 ns, At safepoint: 24901 ns, Total: 110001 ns
[13.145s][info ][safepoint      ] Safepoint "ICBufferFull", Time since last: 729503 ns, Reaching safepoint: 92100 ns, At safepoint: 9500 ns, Total: 101600 ns
[13.145s][info ][safepoint      ] Safepoint "ICBufferFull", Time since last: 61700 ns, Reaching safepoint: 79701 ns, At safepoint: 32400 ns, Total: 112101 ns
[13.145s][info ][safepoint      ] Safepoint "ICBufferFull", Time since last: 90700 ns, Reaching safepoint: 86301 ns, At safepoint: 19800 ns, Total: 106101 ns
[13.146s][info ][safepoint      ] Safepoint "ICBufferFull", Time since last: 41300 ns, Reaching safepoint: 80100 ns, At safepoint: 17700 ns, Total: 97800 ns
[13.146s][info ][safepoint      ] Safepoint "ICBufferFull", Time since last: 94001 ns, Reaching safepoint: 88900 ns, At safepoint: 21100 ns, Total: 110000 ns
[13.147s][info ][safepoint      ] Safepoint "ICBufferFull", Time since last: 743803 ns, Reaching safepoint: 93801 ns, At safepoint: 22300 ns, Total: 116101 ns
[13.147s][info ][safepoint      ] Safepoint "ICBufferFull", Time since last: 46500 ns, Reaching safepoint: 82000 ns, At safepoint: 19500 ns, Total: 101500 ns
[13.148s][info ][safepoint      ] Safepoint "ICBufferFull", Time since last: 824304 ns, Reaching safepoint: 59700 ns, At safepoint: 16700 ns, Total: 76400 ns
[13.148s][info ][safepoint      ] Safepoint "ICBufferFull", Time since last: 65101 ns, Reaching safepoint: 81000 ns, At safepoint: 26400 ns, Total: 107400 ns
[13.148s][info ][safepoint      ] Safepoint "ICBufferFull", Time since last: 63500 ns, Reaching safepoint: 73401 ns, At safepoint: 20600 ns, Total: 94001 ns
[13.148s][info ][safepoint      ] Safepoint "ICBufferFull", Time since last: 128100 ns, Reaching safepoint: 87301 ns, At safepoint: 22200 ns, Total: 109501 ns
[13.148s][info ][safepoint      ] Safepoint "ICBufferFull", Time since last: 80900 ns, Reaching safepoint: 83300 ns, At safepoint: 22501 ns, Total: 105801 ns
[13.149s][info ][safepoint      ] Safepoint "ICBufferFull", Time since last: 811503 ns, Reaching safepoint: 92300 ns, At safepoint: 16100 ns, Total: 108400 ns
[13.150s][info ][safepoint      ] Safepoint "ICBufferFull", Time since last: 733804 ns, Reaching safepoint: 95500 ns, At safepoint: 25400 ns, Total: 120900 ns
[13.150s][info ][safepoint      ] Safepoint "ICBufferFull", Time since last: 68400 ns, Reaching safepoint: 83801 ns, At safepoint: 20800 ns, Total: 104601 ns
[13.151s][info ][safepoint      ] Safepoint "ICBufferFull", Time since last: 90700 ns, Reaching safepoint: 83101 ns, At safepoint: 25000 ns, Total: 108101 ns
[13.151s][info ][safepoint      ] Safepoint "ICBufferFull", Time since last: 55700 ns, Reaching safepoint: 83200 ns, At safepoint: 29700 ns, Total: 112900 ns
[13.151s][info ][safepoint      ] Safepoint "ICBufferFull", Time since last: 50501 ns, Reaching safepoint: 85300 ns, At safepoint: 28600 ns, Total: 113900 ns
[13.152s][info ][safepoint      ] Safepoint "ICBufferFull", Time since last: 729603 ns, Reaching safepoint: 88801 ns, At safepoint: 11600 ns, Total: 100401 ns
[13.152s][info ][safepoint      ] Safepoint "ICBufferFull", Time since last: 70000 ns, Reaching safepoint: 81700 ns, At safepoint: 22900 ns, Total: 104600 ns
[13.152s][info ][safepoint      ] Safepoint "ICBufferFull", Time since last: 297802 ns, Reaching safepoint: 88400 ns, At safepoint: 19700 ns, Total: 108100 ns
[13.152s][info ][safepoint      ] Safepoint "ICBufferFull", Time since last: 86700 ns, Reaching safepoint: 86301 ns, At safepoint: 24700 ns, Total: 111001 ns
[13.153s][info ][safepoint      ] Safepoint "ICBufferFull", Time since last: 131001 ns, Reaching safepoint: 94400 ns, At safepoint: 22000 ns, Total: 116400 ns
[13.153s][info ][safepoint      ] Safepoint "ICBufferFull", Time since last: 24700 ns, Reaching safepoint: 86300 ns, At safepoint: 23201 ns, Total: 109501 ns
[13.154s][info ][safepoint      ] Safepoint "ICBufferFull", Time since last: 820103 ns, Reaching safepoint: 86400 ns, At safepoint: 16501 ns, Total: 102901 ns
[13.154s][info ][safepoint      ] Safepoint "ICBufferFull", Time since last: 101200 ns, Reaching safepoint: 85000 ns, At safepoint: 14100 ns, Total: 99100 ns
[13.154s][info ][safepoint      ] Safepoint "ICBufferFull", Time since last: 53601 ns, Reaching safepoint: 84000 ns, At safepoint: 21300 ns, Total: 105300 ns
[13.154s][info ][safepoint      ] Safepoint "ICBufferFull", Time since last: 33200 ns, Reaching safepoint: 85801 ns, At safepoint: 24100 ns, Total: 109901 ns
[13.154s][info ][safepoint      ] Safepoint "ICBufferFull", Time since last: 32000 ns, Reaching safepoint: 85600 ns, At safepoint: 24200 ns, Total: 109800 ns
[13.155s][info ][safepoint      ] Safepoint "ICBufferFull", Time since last: 784204 ns, Reaching safepoint: 100100 ns, At safepoint: 8600 ns, Total: 108700 ns
[13.155s][info ][safepoint      ] Safepoint "ICBufferFull", Time since last: 50300 ns, Reaching safepoint: 81101 ns, At safepoint: 20400 ns, Total: 101501 ns
[13.156s][info ][safepoint      ] Safepoint "ICBufferFull", Time since last: 51600 ns, Reaching safepoint: 85300 ns, At safepoint: 22600 ns, Total: 107900 ns
[13.156s][info ][safepoint      ] Safepoint "ICBufferFull", Time since last: 54801 ns, Reaching safepoint: 93600 ns, At safepoint: 21900 ns, Total: 115500 ns
[13.156s][info ][safepoint      ] Safepoint "ICBufferFull", Time since last: 41100 ns, Reaching safepoint: 86401 ns, At safepoint: 24900 ns, Total: 111301 ns
[13.156s][info ][safepoint      ] Safepoint "ICBufferFull", Time since last: 45300 ns, Reaching safepoint: 85500 ns, At safepoint: 21500 ns, Total: 107000 ns
[13.157s][info ][safepoint      ] Safepoint "ICBufferFull", Time since last: 720504 ns, Reaching safepoint: 86500 ns, At safepoint: 10500 ns, Total: 97000 ns
[13.157s][info ][safepoint      ] Safepoint "ICBufferFull", Time since last: 54200 ns, Reaching safepoint: 89001 ns, At safepoint: 23500 ns, Total: 112501 ns
[13.157s][info ][safepoint      ] Safepoint "ICBufferFull", Time since last: 50600 ns, Reaching safepoint: 39400 ns, At safepoint: 20800 ns, Total: 60200 ns
[13.157s][info ][safepoint      ] Safepoint "ICBufferFull", Time since last: 36800 ns, Reaching safepoint: 85801 ns, At safepoint: 24600 ns, Total: 110401 ns
[13.158s][info ][safepoint      ] Safepoint "ICBufferFull", Time since last: 45300 ns, Reaching safepoint: 83900 ns, At safepoint: 24800 ns, Total: 108700 ns
[13.158s][info ][safepoint      ] Safepoint "ICBufferFull", Time since last: 58301 ns, Reaching safepoint: 87300 ns, At safepoint: 26800 ns, Total: 114100 ns
[13.159s][info ][safepoint      ] Safepoint "ICBufferFull", Time since last: 878404 ns, Reaching safepoint: 101900 ns, At safepoint: 18600 ns, Total: 120500 ns
[13.159s][info ][safepoint      ] Safepoint "ICBufferFull", Time since last: 50601 ns, Reaching safepoint: 81500 ns, At safepoint: 26400 ns, Total: 107900 ns
[13.159s][info ][safepoint      ] Safepoint "ICBufferFull", Time since last: 49200 ns, Reaching safepoint: 81401 ns, At safepoint: 22800 ns, Total: 104201 ns
[13.159s][info ][safepoint      ] Safepoint "ICBufferFull", Time since last: 34800 ns, Reaching safepoint: 80500 ns, At safepoint: 24700 ns, Total: 105200 ns
[13.159s][info ][safepoint      ] Safepoint "ICBufferFull", Time since last: 30500 ns, Reaching safepoint: 97901 ns, At safepoint: 19400 ns, Total: 117301 ns
[13.160s][info ][safepoint      ] Safepoint "ICBufferFull", Time since last: 803803 ns, Reaching safepoint: 86301 ns, At safepoint: 10000 ns, Total: 96301 ns
[13.160s][info ][safepoint      ] Safepoint "ICBufferFull", Time since last: 60300 ns, Reaching safepoint: 82100 ns, At safepoint: 18900 ns, Total: 101000 ns
[13.160s][info ][safepoint      ] Safepoint "ICBufferFull", Time since last: 44901 ns, Reaching safepoint: 82300 ns, At safepoint: 20300 ns, Total: 102600 ns
[13.161s][info ][safepoint      ] Safepoint "ICBufferFull", Time since last: 48400 ns, Reaching safepoint: 82101 ns, At safepoint: 20300 ns, Total: 102401 ns
[13.161s][info ][safepoint      ] Safepoint "ICBufferFull", Time since last: 33000 ns, Reaching safepoint: 83500 ns, At safepoint: 24400 ns, Total: 107900 ns
[13.161s][info ][safepoint      ] Safepoint "ICBufferFull", Time since last: 40201 ns, Reaching safepoint: 83400 ns, At safepoint: 24300 ns, Total: 107700 ns
[13.162s][info ][safepoint      ] Safepoint "ICBufferFull", Time since last: 737803 ns, Reaching safepoint: 86300 ns, At safepoint: 9901 ns, Total: 96201 ns
[13.162s][info ][safepoint      ] Safepoint "ICBufferFull", Time since last: 62300 ns, Reaching safepoint: 98500 ns, At safepoint: 23000 ns, Total: 121500 ns
[13.162s][info ][safepoint      ] Safepoint "ICBufferFull", Time since last: 50001 ns, Reaching safepoint: 87200 ns, At safepoint: 21800 ns, Total: 109000 ns
[13.162s][info ][safepoint      ] Safepoint "ICBufferFull", Time since last: 51100 ns, Reaching safepoint: 89301 ns, At safepoint: 26000 ns, Total: 115301 ns
[13.162s][info ][safepoint      ] Safepoint "ICBufferFull", Time since last: 103400 ns, Reaching safepoint: 87301 ns, At safepoint: 25200 ns, Total: 112501 ns
[13.163s][info ][safepoint      ] Safepoint "ICBufferFull", Time since last: 38500 ns, Reaching safepoint: 89400 ns, At safepoint: 25700 ns, Total: 115100 ns
[13.163s][info ][safepoint      ] Safepoint "ICBufferFull", Time since last: 712903 ns, Reaching safepoint: 87301 ns, At safepoint: 13900 ns, Total: 101201 ns
[13.164s][info ][safepoint      ] Safepoint "ICBufferFull", Time since last: 67500 ns, Reaching safepoint: 84000 ns, At safepoint: 23600 ns, Total: 107600 ns
[13.165s][info ][safepoint      ] Safepoint "ICBufferFull", Time since last: 1592707 ns, Reaching safepoint: 88901 ns, At safepoint: 23600 ns, Total: 112501 ns
[13.166s][info ][safepoint      ] Safepoint "ICBufferFull", Time since last: 73300 ns, Reaching safepoint: 80500 ns, At safepoint: 22201 ns, Total: 102701 ns
[13.170s][info ][safepoint      ] Safepoint "ICBufferFull", Time since last: 37500 ns, Reaching safepoint: 4267218 ns, At safepoint: 31300 ns, Total: 4298518 ns
[13.170s][info ][safepoint      ] Safepoint "ICBufferFull", Time since last: 67700 ns, Reaching safepoint: 97701 ns, At safepoint: 24500 ns, Total: 122201 ns
[13.170s][info ][safepoint      ] Safepoint "ICBufferFull", Time since last: 37000 ns, Reaching safepoint: 91800 ns, At safepoint: 20900 ns, Total: 112700 ns
[13.170s][info ][safepoint      ] Safepoint "ICBufferFull", Time since last: 174501 ns, Reaching safepoint: 87601 ns, At safepoint: 18900 ns, Total: 106501 ns
[13.181s][info ][safepoint      ] Safepoint "ICBufferFull", Time since last: 10708145 ns, Reaching safepoint: 91901 ns, At safepoint: 31700 ns, Total: 123601 ns
[13.182s][info ][safepoint      ] Safepoint "ICBufferFull", Time since last: 78400 ns, Reaching safepoint: 86001 ns, At safepoint: 30400 ns, Total: 116401 ns
[13.182s][info ][safepoint      ] Safepoint "ICBufferFull", Time since last: 53400 ns, Reaching safepoint: 84800 ns, At safepoint: 32800 ns, Total: 117600 ns
[13.182s][info ][safepoint      ] Safepoint "ICBufferFull", Time since last: 100401 ns, Reaching safepoint: 87000 ns, At safepoint: 31600 ns, Total: 118600 ns
[13.182s][info ][safepoint      ] Safepoint "ICBufferFull", Time since last: 52901 ns, Reaching safepoint: 85200 ns, At safepoint: 26700 ns, Total: 111900 ns
[13.182s][info ][safepoint      ] Safepoint "ICBufferFull", Time since last: 53000 ns, Reaching safepoint: 82901 ns, At safepoint: 25800 ns, Total: 108701 ns
[13.183s][info ][safepoint      ] Safepoint "ICBufferFull", Time since last: 792503 ns, Reaching safepoint: 97601 ns, At safepoint: 12100 ns, Total: 109701 ns
[13.183s][info ][safepoint      ] Safepoint "ICBufferFull", Time since last: 63800 ns, Reaching safepoint: 95100 ns, At safepoint: 16100 ns, Total: 111200 ns
[13.183s][info ][safepoint      ] Safepoint "ICBufferFull", Time since last: 47001 ns, Reaching safepoint: 84100 ns, At safepoint: 21700 ns, Total: 105800 ns
[13.184s][info ][safepoint      ] Safepoint "ICBufferFull", Time since last: 29900 ns, Reaching safepoint: 85400 ns, At safepoint: 23201 ns, Total: 108601 ns
[13.184s][info ][safepoint      ] Safepoint "ICBufferFull", Time since last: 646902 ns, Reaching safepoint: 93601 ns, At safepoint: 24700 ns, Total: 118301 ns
[13.184s][info ][safepoint      ] Safepoint "ICBufferFull", Time since last: 33200 ns, Reaching safepoint: 81800 ns, At safepoint: 21800 ns, Total: 103600 ns
[13.185s][info ][safepoint      ] Safepoint "ICBufferFull", Time since last: 822304 ns, Reaching safepoint: 90100 ns, At safepoint: 13200 ns, Total: 103300 ns
[13.186s][info ][safepoint      ] Safepoint "ICBufferFull", Time since last: 40101 ns, Reaching safepoint: 95800 ns, At safepoint: 15800 ns, Total: 111600 ns
[13.186s][info ][safepoint      ] Safepoint "ICBufferFull", Time since last: 54100 ns, Reaching safepoint: 86701 ns, At safepoint: 24700 ns, Total: 111401 ns
[13.186s][info ][safepoint      ] Safepoint "ICBufferFull", Time since last: 69400 ns, Reaching safepoint: 48800 ns, At safepoint: 20400 ns, Total: 69200 ns
[13.186s][info ][safepoint      ] Safepoint "ICBufferFull", Time since last: 43800 ns, Reaching safepoint: 87501 ns, At safepoint: 25300 ns, Total: 112801 ns
[13.186s][info ][safepoint      ] Safepoint "ICBufferFull", Time since last: 34500 ns, Reaching safepoint: 86100 ns, At safepoint: 18401 ns, Total: 104501 ns
[13.187s][info ][safepoint      ] Safepoint "ICBufferFull", Time since last: 742303 ns, Reaching safepoint: 93900 ns, At safepoint: 14900 ns, Total: 108800 ns
[13.187s][info ][safepoint      ] Safepoint "ICBufferFull", Time since last: 73000 ns, Reaching safepoint: 80501 ns, At safepoint: 22100 ns, Total: 102601 ns
[13.187s][info ][safepoint      ] Safepoint "ICBufferFull", Time since last: 70100 ns, Reaching safepoint: 82701 ns, At safepoint: 24500 ns, Total: 107201 ns
[13.188s][info ][safepoint      ] Safepoint "ICBufferFull", Time since last: 58500 ns, Reaching safepoint: 88900 ns, At safepoint: 19400 ns, Total: 108300 ns
[13.188s][info ][safepoint      ] Safepoint "ICBufferFull", Time since last: 66001 ns, Reaching safepoint: 84100 ns, At safepoint: 25000 ns, Total: 109100 ns
[13.188s][info ][safepoint      ] Safepoint "ICBufferFull", Time since last: 130901 ns, Reaching safepoint: 96900 ns, At safepoint: 21100 ns, Total: 118000 ns
[13.189s][info ][safepoint      ] Safepoint "ICBufferFull", Time since last: 800004 ns, Reaching safepoint: 91900 ns, At safepoint: 9200 ns, Total: 101100 ns
[13.189s][info ][safepoint      ] Safepoint "ICBufferFull", Time since last: 57100 ns, Reaching safepoint: 81801 ns, At safepoint: 18000 ns, Total: 99801 ns
[13.189s][info ][safepoint      ] Safepoint "ICBufferFull", Time since last: 49100 ns, Reaching safepoint: 87300 ns, At safepoint: 25800 ns, Total: 113100 ns
[13.189s][info ][safepoint      ] Safepoint "ICBufferFull", Time since last: 46101 ns, Reaching safepoint: 80400 ns, At safepoint: 21600 ns, Total: 102000 ns
[13.189s][info ][safepoint      ] Safepoint "ICBufferFull", Time since last: 70100 ns, Reaching safepoint: 81801 ns, At safepoint: 17600 ns, Total: 99401 ns
[13.190s][info ][safepoint      ] Safepoint "ICBufferFull", Time since last: 67000 ns, Reaching safepoint: 88400 ns, At safepoint: 23001 ns, Total: 111401 ns
[13.191s][info ][safepoint      ] Safepoint "ICBufferFull", Time since last: 721003 ns, Reaching safepoint: 95500 ns, At safepoint: 8400 ns, Total: 103900 ns
[13.191s][info ][safepoint      ] Safepoint "ICBufferFull", Time since last: 827204 ns, Reaching safepoint: 95300 ns, At safepoint: 25700 ns, Total: 121000 ns
[13.192s][info ][safepoint      ] Safepoint "ICBufferFull", Time since last: 50600 ns, Reaching safepoint: 81301 ns, At safepoint: 22400 ns, Total: 103701 ns
[13.192s][info ][safepoint      ] Safepoint "ICBufferFull", Time since last: 69700 ns, Reaching safepoint: 86300 ns, At safepoint: 19700 ns, Total: 106000 ns
[13.192s][info ][safepoint      ] Safepoint "ICBufferFull", Time since last: 32101 ns, Reaching safepoint: 81000 ns, At safepoint: 19000 ns, Total: 100000 ns
[13.193s][info ][safepoint      ] Safepoint "ICBufferFull", Time since last: 808004 ns, Reaching safepoint: 98200 ns, At safepoint: 9000 ns, Total: 107200 ns
[13.193s][info ][safepoint      ] Safepoint "ICBufferFull", Time since last: 55300 ns, Reaching safepoint: 80001 ns, At safepoint: 18700 ns, Total: 98701 ns
[13.193s][info ][safepoint      ] Safepoint "ICBufferFull", Time since last: 49200 ns, Reaching safepoint: 80600 ns, At safepoint: 14800 ns, Total: 95400 ns
[13.193s][info ][safepoint      ] Safepoint "ICBufferFull", Time since last: 118601 ns, Reaching safepoint: 100100 ns, At safepoint: 22100 ns, Total: 122200 ns
[13.194s][info ][safepoint      ] Safepoint "ICBufferFull", Time since last: 57001 ns, Reaching safepoint: 91300 ns, At safepoint: 19600 ns, Total: 110900 ns
[13.194s][info ][safepoint      ] Safepoint "ICBufferFull", Time since last: 48400 ns, Reaching safepoint: 82701 ns, At safepoint: 20000 ns, Total: 102701 ns
[13.195s][info ][safepoint      ] Safepoint "ICBufferFull", Time since last: 731503 ns, Reaching safepoint: 99300 ns, At safepoint: 10500 ns, Total: 109800 ns
[13.195s][info ][safepoint      ] Safepoint "ICBufferFull", Time since last: 51500 ns, Reaching safepoint: 82101 ns, At safepoint: 19200 ns, Total: 101301 ns
[13.195s][info ][safepoint      ] Safepoint "ICBufferFull", Time since last: 43600 ns, Reaching safepoint: 88300 ns, At safepoint: 21001 ns, Total: 109301 ns
[13.195s][info ][safepoint      ] Safepoint "ICBufferFull", Time since last: 43500 ns, Reaching safepoint: 88000 ns, At safepoint: 24600 ns, Total: 112600 ns
[13.195s][info ][safepoint      ] Safepoint "ICBufferFull", Time since last: 49800 ns, Reaching safepoint: 89501 ns, At safepoint: 15300 ns, Total: 104801 ns
[13.195s][info ][safepoint      ] Safepoint "ICBufferFull", Time since last: 63600 ns, Reaching safepoint: 81300 ns, At safepoint: 22601 ns, Total: 103901 ns
[13.196s][info ][safepoint      ] Safepoint "ICBufferFull", Time since last: 890103 ns, Reaching safepoint: 99901 ns, At safepoint: 20100 ns, Total: 120001 ns
[13.197s][info ][safepoint      ] Safepoint "ICBufferFull", Time since last: 109600 ns, Reaching safepoint: 103401 ns, At safepoint: 23300 ns, Total: 126701 ns
[13.198s][info ][safepoint      ] Safepoint "ICBufferFull", Time since last: 983104 ns, Reaching safepoint: 99300 ns, At safepoint: 16701 ns, Total: 116001 ns
[13.198s][info ][safepoint      ] Safepoint "ICBufferFull", Time since last: 68800 ns, Reaching safepoint: 84600 ns, At safepoint: 22000 ns, Total: 106600 ns
[13.198s][info ][safepoint      ] Safepoint "ICBufferFull", Time since last: 51901 ns, Reaching safepoint: 83000 ns, At safepoint: 29500 ns, Total: 112500 ns
[13.198s][info ][safepoint      ] Safepoint "ICBufferFull", Time since last: 48200 ns, Reaching safepoint: 83901 ns, At safepoint: 27300 ns, Total: 111201 ns
[13.198s][info ][safepoint      ] Safepoint "ICBufferFull", Time since last: 60400 ns, Reaching safepoint: 86000 ns, At safepoint: 22800 ns, Total: 108800 ns
[13.199s][info ][safepoint      ] Safepoint "ICBufferFull", Time since last: 211701 ns, Reaching safepoint: 87901 ns, At safepoint: 24500 ns, Total: 112401 ns
[13.200s][info ][safepoint      ] Safepoint "ICBufferFull", Time since last: 881404 ns, Reaching safepoint: 87300 ns, At safepoint: 13400 ns, Total: 100700 ns
[13.200s][info ][safepoint      ] Safepoint "ICBufferFull", Time since last: 85500 ns, Reaching safepoint: 83501 ns, At safepoint: 23200 ns, Total: 106701 ns
[13.200s][info ][safepoint      ] Safepoint "ICBufferFull", Time since last: 56500 ns, Reaching safepoint: 83600 ns, At safepoint: 27201 ns, Total: 110801 ns
[13.200s][info ][safepoint      ] Safepoint "ICBufferFull", Time since last: 53400 ns, Reaching safepoint: 83100 ns, At safepoint: 25500 ns, Total: 108600 ns
[13.200s][info ][safepoint      ] Safepoint "ICBufferFull", Time since last: 47600 ns, Reaching safepoint: 83301 ns, At safepoint: 30500 ns, Total: 113801 ns
[13.200s][info ][safepoint      ] Safepoint "ICBufferFull", Time since last: 57600 ns, Reaching safepoint: 88701 ns, At safepoint: 21800 ns, Total: 110501 ns
[13.201s][info ][safepoint      ] Safepoint "ICBufferFull", Time since last: 893403 ns, Reaching safepoint: 99101 ns, At safepoint: 14600 ns, Total: 113701 ns
[13.202s][info ][safepoint      ] Safepoint "ICBufferFull", Time since last: 68200 ns, Reaching safepoint: 84201 ns, At safepoint: 20500 ns, Total: 104701 ns
[13.202s][info ][safepoint      ] Safepoint "ICBufferFull", Time since last: 62300 ns, Reaching safepoint: 83300 ns, At safepoint: 25800 ns, Total: 109100 ns
[13.202s][info ][safepoint      ] Safepoint "ICBufferFull", Time since last: 55001 ns, Reaching safepoint: 83300 ns, At safepoint: 22600 ns, Total: 105900 ns
[13.202s][info ][safepoint      ] Safepoint "ICBufferFull", Time since last: 139801 ns, Reaching safepoint: 84300 ns, At safepoint: 23300 ns, Total: 107600 ns
[13.203s][info ][safepoint      ] Safepoint "ICBufferFull", Time since last: 164801 ns, Reaching safepoint: 126000 ns, At safepoint: 24700 ns, Total: 150700 ns
[13.204s][info ][safepoint      ] Safepoint "ICBufferFull", Time since last: 859404 ns, Reaching safepoint: 84600 ns, At safepoint: 21301 ns, Total: 105901 ns
[13.205s][info ][safepoint      ] Safepoint "ICBufferFull", Time since last: 990204 ns, Reaching safepoint: 90100 ns, At safepoint: 26900 ns, Total: 117000 ns
[13.206s][info ][safepoint      ] Safepoint "ICBufferFull", Time since last: 1264906 ns, Reaching safepoint: 82900 ns, At safepoint: 24100 ns, Total: 107000 ns
[13.206s][info ][safepoint      ] Safepoint "ICBufferFull", Time since last: 49200 ns, Reaching safepoint: 80601 ns, At safepoint: 21500 ns, Total: 102101 ns
[13.206s][info ][safepoint      ] Safepoint "ICBufferFull", Time since last: 155100 ns, Reaching safepoint: 82501 ns, At safepoint: 17500 ns, Total: 100001 ns
[13.207s][info ][safepoint      ] Safepoint "ICBufferFull", Time since last: 78300 ns, Reaching safepoint: 98801 ns, At safepoint: 23100 ns, Total: 121901 ns
[13.207s][info ][safepoint      ] Safepoint "ICBufferFull", Time since last: 155000 ns, Reaching safepoint: 95601 ns, At safepoint: 24600 ns, Total: 120201 ns
[13.208s][info ][safepoint      ] Safepoint "ICBufferFull", Time since last: 816403 ns, Reaching safepoint: 89501 ns, At safepoint: 13700 ns, Total: 103201 ns
[13.208s][info ][safepoint      ] Safepoint "ICBufferFull", Time since last: 52100 ns, Reaching safepoint: 81900 ns, At safepoint: 22800 ns, Total: 104700 ns
[13.208s][info ][safepoint      ] Safepoint "ICBufferFull", Time since last: 46401 ns, Reaching safepoint: 87300 ns, At safepoint: 20900 ns, Total: 108200 ns
[13.208s][info ][safepoint      ] Safepoint "ICBufferFull", Time since last: 34800 ns, Reaching safepoint: 81801 ns, At safepoint: 23300 ns, Total: 105101 ns
[13.208s][info ][safepoint      ] Safepoint "ICBufferFull", Time since last: 40900 ns, Reaching safepoint: 80700 ns, At safepoint: 25800 ns, Total: 106500 ns
[13.209s][info ][safepoint      ] Safepoint "ICBufferFull", Time since last: 742304 ns, Reaching safepoint: 89600 ns, At safepoint: 7500 ns, Total: 97100 ns
[13.209s][info ][safepoint      ] Safepoint "ICBufferFull", Time since last: 42300 ns, Reaching safepoint: 83300 ns, At safepoint: 27201 ns, Total: 110501 ns
[13.210s][info ][safepoint      ] Safepoint "ICBufferFull", Time since last: 52800 ns, Reaching safepoint: 50100 ns, At safepoint: 32600 ns, Total: 82700 ns
[13.210s][info ][safepoint      ] Safepoint "ICBufferFull", Time since last: 67900 ns, Reaching safepoint: 87601 ns, At safepoint: 24200 ns, Total: 111801 ns
[13.210s][info ][safepoint      ] Safepoint "ICBufferFull", Time since last: 46200 ns, Reaching safepoint: 93201 ns, At safepoint: 22400 ns, Total: 115601 ns
[13.210s][info ][safepoint      ] Safepoint "ICBufferFull", Time since last: 30300 ns, Reaching safepoint: 110300 ns, At safepoint: 24500 ns, Total: 134800 ns
[13.211s][info ][safepoint      ] Safepoint "ICBufferFull", Time since last: 746904 ns, Reaching safepoint: 87000 ns, At safepoint: 19700 ns, Total: 106700 ns
[13.211s][info ][safepoint      ] Safepoint "ICBufferFull", Time since last: 46800 ns, Reaching safepoint: 87301 ns, At safepoint: 23700 ns, Total: 111001 ns
[13.211s][info ][safepoint      ] Safepoint "ICBufferFull", Time since last: 47300 ns, Reaching safepoint: 83800 ns, At safepoint: 23300 ns, Total: 107100 ns
[13.211s][info ][safepoint      ] Safepoint "ICBufferFull", Time since last: 88401 ns, Reaching safepoint: 88600 ns, At safepoint: 17000 ns, Total: 105600 ns
[13.212s][info ][safepoint      ] Safepoint "ICBufferFull", Time since last: 73000 ns, Reaching safepoint: 87301 ns, At safepoint: 19100 ns, Total: 106401 ns
[13.212s][info ][safepoint      ] Safepoint "ICBufferFull", Time since last: 55000 ns, Reaching safepoint: 87401 ns, At safepoint: 23400 ns, Total: 110801 ns
[13.213s][info ][safepoint      ] Safepoint "ICBufferFull", Time since last: 764303 ns, Reaching safepoint: 87000 ns, At safepoint: 21700 ns, Total: 108700 ns
[13.213s][info ][safepoint      ] Safepoint "ICBufferFull", Time since last: 56801 ns, Reaching safepoint: 83100 ns, At safepoint: 16900 ns, Total: 100000 ns
[13.213s][info ][safepoint      ] Safepoint "ICBufferFull", Time since last: 54500 ns, Reaching safepoint: 91501 ns, At safepoint: 17500 ns, Total: 109001 ns
[13.213s][info ][safepoint      ] Safepoint "ICBufferFull", Time since last: 51300 ns, Reaching safepoint: 41400 ns, At safepoint: 16900 ns, Total: 58300 ns
[13.213s][info ][safepoint      ] Safepoint "ICBufferFull", Time since last: 69000 ns, Reaching safepoint: 82501 ns, At safepoint: 24200 ns, Total: 106701 ns
[13.213s][info ][safepoint      ] Safepoint "ICBufferFull", Time since last: 40800 ns, Reaching safepoint: 80400 ns, At safepoint: 15500 ns, Total: 95900 ns
[13.214s][info ][safepoint      ] Safepoint "ICBufferFull", Time since last: 748304 ns, Reaching safepoint: 86600 ns, At safepoint: 11500 ns, Total: 98100 ns
[13.220s][info ][safepoint      ] Safepoint "ICBufferFull", Time since last: 5927825 ns, Reaching safepoint: 108401 ns, At safepoint: 28500 ns, Total: 136901 ns
[13.220s][info ][safepoint      ] Safepoint "ICBufferFull", Time since last: 65600 ns, Reaching safepoint: 82101 ns, At safepoint: 24000 ns, Total: 106101 ns
[13.221s][info ][safepoint      ] Safepoint "ICBufferFull", Time since last: 48500 ns, Reaching safepoint: 81000 ns, At safepoint: 19600 ns, Total: 100600 ns
[13.221s][info ][safepoint      ] Safepoint "ICBufferFull", Time since last: 110101 ns, Reaching safepoint: 94400 ns, At safepoint: 22100 ns, Total: 116500 ns
[13.221s][info ][safepoint      ] Safepoint "ICBufferFull", Time since last: 123001 ns, Reaching safepoint: 95100 ns, At safepoint: 20100 ns, Total: 115200 ns
[13.222s][info ][safepoint      ] Safepoint "ICBufferFull", Time since last: 893104 ns, Reaching safepoint: 103201 ns, At safepoint: 14700 ns, Total: 117901 ns
[13.222s][info ][safepoint      ] Safepoint "ICBufferFull", Time since last: 92400 ns, Reaching safepoint: 46000 ns, At safepoint: 16500 ns, Total: 62500 ns
[13.226s][info ][safepoint      ] Safepoint "ICBufferFull", Time since last: 4211918 ns, Reaching safepoint: 42400 ns, At safepoint: 23701 ns, Total: 66101 ns
[13.227s][info ][safepoint      ] Safepoint "ICBufferFull", Time since last: 64600 ns, Reaching safepoint: 84100 ns, At safepoint: 20700 ns, Total: 104800 ns
[13.227s][info ][safepoint      ] Safepoint "ICBufferFull", Time since last: 85701 ns, Reaching safepoint: 95000 ns, At safepoint: 15800 ns, Total: 110800 ns
[13.227s][info ][safepoint      ] Safepoint "ICBufferFull", Time since last: 76300 ns, Reaching safepoint: 83301 ns, At safepoint: 19100 ns, Total: 102401 ns
[13.227s][info ][safepoint      ] Safepoint "ICBufferFull", Time since last: 54500 ns, Reaching safepoint: 83300 ns, At safepoint: 19201 ns, Total: 102501 ns
[13.227s][info ][safepoint      ] Safepoint "ICBufferFull", Time since last: 47100 ns, Reaching safepoint: 81700 ns, At safepoint: 20900 ns, Total: 102600 ns
[13.227s][info ][safepoint      ] Safepoint "ICBufferFull", Time since last: 43700 ns, Reaching safepoint: 83801 ns, At safepoint: 20600 ns, Total: 104401 ns
[13.229s][info ][safepoint      ] Safepoint "ICBufferFull", Time since last: 1705107 ns, Reaching safepoint: 99400 ns, At safepoint: 9601 ns, Total: 109001 ns
[13.229s][info ][safepoint      ] Safepoint "ICBufferFull", Time since last: 75200 ns, Reaching safepoint: 83400 ns, At safepoint: 23000 ns, Total: 106400 ns
[13.230s][info ][safepoint      ] Safepoint "ICBufferFull", Time since last: 766104 ns, Reaching safepoint: 97700 ns, At safepoint: 28100 ns, Total: 125800 ns
[13.231s][info ][safepoint      ] Safepoint "ICBufferFull", Time since last: 64100 ns, Reaching safepoint: 84001 ns, At safepoint: 16500 ns, Total: 100501 ns
[13.231s][info ][safepoint      ] Safepoint "ICBufferFull", Time since last: 42300 ns, Reaching safepoint: 39800 ns, At safepoint: 23300 ns, Total: 63100 ns
[13.231s][info ][safepoint      ] Safepoint "ICBufferFull", Time since last: 62001 ns, Reaching safepoint: 90200 ns, At safepoint: 26800 ns, Total: 117000 ns
[13.231s][info ][safepoint      ] Safepoint "ICBufferFull", Time since last: 56600 ns, Reaching safepoint: 82601 ns, At safepoint: 26100 ns, Total: 108701 ns
[13.232s][info ][safepoint      ] Safepoint "ICBufferFull", Time since last: 884703 ns, Reaching safepoint: 96401 ns, At safepoint: 11300 ns, Total: 107701 ns
[13.232s][info ][safepoint      ] Safepoint "ICBufferFull", Time since last: 54300 ns, Reaching safepoint: 81001 ns, At safepoint: 16800 ns, Total: 97801 ns
[13.232s][info ][safepoint      ] Safepoint "ICBufferFull", Time since last: 58200 ns, Reaching safepoint: 88600 ns, At safepoint: 16800 ns, Total: 105400 ns
[13.232s][info ][safepoint      ] Safepoint "ICBufferFull", Time since last: 73301 ns, Reaching safepoint: 89300 ns, At safepoint: 17900 ns, Total: 107200 ns
[13.233s][info ][safepoint      ] Safepoint "ICBufferFull", Time since last: 99300 ns, Reaching safepoint: 96401 ns, At safepoint: 26100 ns, Total: 122501 ns
[13.234s][info ][safepoint      ] Safepoint "ICBufferFull", Time since last: 775803 ns, Reaching safepoint: 188501 ns, At safepoint: 22800 ns, Total: 211301 ns
[13.235s][info ][safepoint      ] Safepoint "ICBufferFull", Time since last: 833504 ns, Reaching safepoint: 97700 ns, At safepoint: 25300 ns, Total: 123000 ns
[13.235s][info ][safepoint      ] Safepoint "ICBufferFull", Time since last: 131401 ns, Reaching safepoint: 89900 ns, At safepoint: 29400 ns, Total: 119300 ns
[13.236s][info ][safepoint      ] Safepoint "ICBufferFull", Time since last: 903404 ns, Reaching safepoint: 103301 ns, At safepoint: 17300 ns, Total: 120601 ns
[13.237s][info ][safepoint      ] Safepoint "ICBufferFull", Time since last: 1297105 ns, Reaching safepoint: 103801 ns, At safepoint: 34100 ns, Total: 137901 ns
[13.239s][info ][safepoint      ] Safepoint "ICBufferFull", Time since last: 1439106 ns, Reaching safepoint: 90700 ns, At safepoint: 20500 ns, Total: 111200 ns
[13.239s][info ][safepoint      ] Safepoint "ICBufferFull", Time since last: 63301 ns, Reaching safepoint: 80400 ns, At safepoint: 17800 ns, Total: 98200 ns
[13.239s][info ][safepoint      ] Safepoint "ICBufferFull", Time since last: 58700 ns, Reaching safepoint: 79701 ns, At safepoint: 21300 ns, Total: 101001 ns
[13.239s][info ][safepoint      ] Safepoint "ICBufferFull", Time since last: 65300 ns, Reaching safepoint: 81500 ns, At safepoint: 19001 ns, Total: 100501 ns
[13.240s][info ][safepoint      ] Safepoint "ICBufferFull", Time since last: 61000 ns, Reaching safepoint: 82300 ns, At safepoint: 21500 ns, Total: 103800 ns
[13.240s][info ][safepoint      ] Safepoint "ICBufferFull", Time since last: 99801 ns, Reaching safepoint: 81400 ns, At safepoint: 22600 ns, Total: 104000 ns
[13.241s][info ][safepoint      ] Safepoint "ICBufferFull", Time since last: 645603 ns, Reaching safepoint: 93400 ns, At safepoint: 29500 ns, Total: 122900 ns
[13.241s][info ][safepoint      ] Safepoint "ICBufferFull", Time since last: 836304 ns, Reaching safepoint: 89400 ns, At safepoint: 25900 ns, Total: 115300 ns
[13.242s][info ][safepoint      ] Safepoint "ICBufferFull", Time since last: 55801 ns, Reaching safepoint: 80700 ns, At safepoint: 22300 ns, Total: 103000 ns
[13.242s][info ][safepoint      ] Safepoint "ICBufferFull", Time since last: 65100 ns, Reaching safepoint: 82401 ns, At safepoint: 19200 ns, Total: 101601 ns
[13.242s][info ][safepoint      ] Safepoint "ICBufferFull", Time since last: 40700 ns, Reaching safepoint: 90600 ns, At safepoint: 24901 ns, Total: 115501 ns
[13.242s][info ][safepoint      ] Safepoint "ICBufferFull", Time since last: 83900 ns, Reaching safepoint: 88200 ns, At safepoint: 28400 ns, Total: 116600 ns
[13.243s][info ][safepoint      ] Safepoint "ICBufferFull", Time since last: 831104 ns, Reaching safepoint: 95900 ns, At safepoint: 18100 ns, Total: 114000 ns
[13.243s][info ][safepoint      ] Safepoint "ICBufferFull", Time since last: 163701 ns, Reaching safepoint: 91000 ns, At safepoint: 29001 ns, Total: 120001 ns
[13.244s][info ][safepoint      ] Safepoint "ICBufferFull", Time since last: 920504 ns, Reaching safepoint: 92200 ns, At safepoint: 17800 ns, Total: 110000 ns
[13.245s][info ][safepoint      ] Safepoint "ICBufferFull", Time since last: 799303 ns, Reaching safepoint: 91801 ns, At safepoint: 19800 ns, Total: 111601 ns
[13.245s][info ][safepoint      ] Safepoint "ICBufferFull", Time since last: 59900 ns, Reaching safepoint: 27400 ns, At safepoint: 18900 ns, Total: 46300 ns
[13.246s][info ][safepoint      ] Safepoint "ICBufferFull", Time since last: 27300 ns, Reaching safepoint: 88401 ns, At safepoint: 20400 ns, Total: 108801 ns
[13.247s][info ][safepoint      ] Safepoint "ICBufferFull", Time since last: 919104 ns, Reaching safepoint: 94100 ns, At safepoint: 28800 ns, Total: 122900 ns
[13.247s][info ][safepoint      ] Safepoint "ICBufferFull", Time since last: 41901 ns, Reaching safepoint: 83500 ns, At safepoint: 26500 ns, Total: 110000 ns
[13.249s][info ][safepoint      ] Safepoint "ICBufferFull", Time since last: 2453810 ns, Reaching safepoint: 83001 ns, At safepoint: 17100 ns, Total: 100101 ns
[13.250s][info ][safepoint      ] Safepoint "ICBufferFull", Time since last: 118600 ns, Reaching safepoint: 86601 ns, At safepoint: 22500 ns, Total: 109101 ns
[13.250s][info ][safepoint      ] Safepoint "ICBufferFull", Time since last: 144400 ns, Reaching safepoint: 93501 ns, At safepoint: 20600 ns, Total: 114101 ns
[13.251s][info ][safepoint      ] Safepoint "ICBufferFull", Time since last: 1262105 ns, Reaching safepoint: 94701 ns, At safepoint: 21300 ns, Total: 116001 ns
[13.251s][info ][safepoint      ] Safepoint "ICBufferFull", Time since last: 63800 ns, Reaching safepoint: 90300 ns, At safepoint: 17201 ns, Total: 107501 ns
[13.252s][info ][safepoint      ] Safepoint "ICBufferFull", Time since last: 54700 ns, Reaching safepoint: 91300 ns, At safepoint: 23700 ns, Total: 115000 ns
[13.252s][info ][safepoint      ] Safepoint "ICBufferFull", Time since last: 64001 ns, Reaching safepoint: 95300 ns, At safepoint: 20300 ns, Total: 115600 ns
[13.252s][info ][safepoint      ] Safepoint "ICBufferFull", Time since last: 39400 ns, Reaching safepoint: 81001 ns, At safepoint: 23500 ns, Total: 104501 ns
[13.253s][info ][safepoint      ] Safepoint "ICBufferFull", Time since last: 883503 ns, Reaching safepoint: 99901 ns, At safepoint: 15600 ns, Total: 115501 ns
[13.253s][info ][safepoint      ] Safepoint "ICBufferFull", Time since last: 162801 ns, Reaching safepoint: 85900 ns, At safepoint: 17800 ns, Total: 103700 ns
[13.254s][info ][safepoint      ] Safepoint "ICBufferFull", Time since last: 1119605 ns, Reaching safepoint: 94200 ns, At safepoint: 21400 ns, Total: 115600 ns
[13.255s][info ][safepoint      ] Safepoint "ICBufferFull", Time since last: 59901 ns, Reaching safepoint: 78900 ns, At safepoint: 20700 ns, Total: 99600 ns
[13.255s][info ][safepoint      ] Safepoint "ICBufferFull", Time since last: 53400 ns, Reaching safepoint: 86101 ns, At safepoint: 17800 ns, Total: 103901 ns
[13.255s][info ][safepoint      ] Safepoint "ICBufferFull", Time since last: 65700 ns, Reaching safepoint: 88000 ns, At safepoint: 21100 ns, Total: 109100 ns
[13.255s][info ][safepoint      ] Safepoint "ICBufferFull", Time since last: 74601 ns, Reaching safepoint: 90100 ns, At safepoint: 10900 ns, Total: 101000 ns
[13.255s][info ][safepoint      ] Safepoint "ICBufferFull", Time since last: 145801 ns, Reaching safepoint: 80800 ns, At safepoint: 17700 ns, Total: 98500 ns
[13.255s][info ][safepoint      ] Safepoint "ICBufferFull", Time since last: 47500 ns, Reaching safepoint: 96801 ns, At safepoint: 25500 ns, Total: 122301 ns
[13.256s][info ][safepoint      ] Safepoint "ICBufferFull", Time since last: 796803 ns, Reaching safepoint: 232901 ns, At safepoint: 16300 ns, Total: 249201 ns
[13.257s][info ][safepoint      ] Safepoint "ICBufferFull", Time since last: 60901 ns, Reaching safepoint: 87400 ns, At safepoint: 21800 ns, Total: 109200 ns
[13.257s][info ][safepoint      ] Safepoint "ICBufferFull", Time since last: 192801 ns, Reaching safepoint: 83700 ns, At safepoint: 16700 ns, Total: 100400 ns
[13.257s][info ][safepoint      ] Safepoint "ICBufferFull", Time since last: 69901 ns, Reaching safepoint: 81100 ns, At safepoint: 23900 ns, Total: 105000 ns
[13.257s][info ][safepoint      ] Safepoint "ICBufferFull", Time since last: 41600 ns, Reaching safepoint: 89601 ns, At safepoint: 21000 ns, Total: 110601 ns
[13.258s][info ][safepoint      ] Safepoint "ICBufferFull", Time since last: 831603 ns, Reaching safepoint: 87701 ns, At safepoint: 16500 ns, Total: 104201 ns
[13.259s][info ][safepoint      ] Safepoint "ICBufferFull", Time since last: 647003 ns, Reaching safepoint: 86200 ns, At safepoint: 25600 ns, Total: 111800 ns
[13.261s][info ][safepoint      ] Safepoint "ICBufferFull", Time since last: 2263910 ns, Reaching safepoint: 88400 ns, At safepoint: 23800 ns, Total: 112200 ns
[13.262s][info ][safepoint      ] Safepoint "ICBufferFull", Time since last: 60400 ns, Reaching safepoint: 90601 ns, At safepoint: 30600 ns, Total: 121201 ns
[13.262s][info ][safepoint      ] Safepoint "ICBufferFull", Time since last: 44400 ns, Reaching safepoint: 87000 ns, At safepoint: 21701 ns, Total: 108701 ns
[13.262s][info ][safepoint      ] Safepoint "ICBufferFull", Time since last: 38000 ns, Reaching safepoint: 87800 ns, At safepoint: 24600 ns, Total: 112400 ns
[13.262s][info ][safepoint      ] Safepoint "ICBufferFull", Time since last: 46100 ns, Reaching safepoint: 88101 ns, At safepoint: 24300 ns, Total: 112401 ns
[13.266s][info ][safepoint      ] Safepoint "ICBufferFull", Time since last: 898604 ns, Reaching safepoint: 3192513 ns, At safepoint: 23400 ns, Total: 3215913 ns
[13.269s][info ][safepoint      ] Safepoint "ICBufferFull", Time since last: 3139914 ns, Reaching safepoint: 95500 ns, At safepoint: 20800 ns, Total: 116300 ns
[13.270s][info ][safepoint      ] Safepoint "ICBufferFull", Time since last: 70701 ns, Reaching safepoint: 83000 ns, At safepoint: 21600 ns, Total: 104600 ns
[13.270s][info ][safepoint      ] Safepoint "ICBufferFull", Time since last: 62700 ns, Reaching safepoint: 89501 ns, At safepoint: 24000 ns, Total: 113501 ns
[13.270s][info ][safepoint      ] Safepoint "ICBufferFull", Time since last: 394501 ns, Reaching safepoint: 94301 ns, At safepoint: 19000 ns, Total: 113301 ns
[13.273s][info ][safepoint      ] Safepoint "ICBufferFull", Time since last: 3013813 ns, Reaching safepoint: 85400 ns, At safepoint: 28000 ns, Total: 113400 ns
[13.274s][info ][safepoint      ] Safepoint "ICBufferFull", Time since last: 174601 ns, Reaching safepoint: 93000 ns, At safepoint: 26201 ns, Total: 119201 ns
[13.274s][info ][safepoint      ] Safepoint "ICBufferFull", Time since last: 92200 ns, Reaching safepoint: 92500 ns, At safepoint: 17900 ns, Total: 110400 ns
[13.274s][info ][safepoint      ] Safepoint "ICBufferFull", Time since last: 374602 ns, Reaching safepoint: 93600 ns, At safepoint: 15100 ns, Total: 108700 ns
[13.274s][info ][safepoint      ] Safepoint "ICBufferFull", Time since last: 51901 ns, Reaching safepoint: 80600 ns, At safepoint: 18400 ns, Total: 99000 ns
[13.275s][info ][safepoint      ] Safepoint "ICBufferFull", Time since last: 82100 ns, Reaching safepoint: 89401 ns, At safepoint: 15600 ns, Total: 105001 ns
[13.276s][info ][safepoint      ] Safepoint "ICBufferFull", Time since last: 1021104 ns, Reaching safepoint: 99601 ns, At safepoint: 25400 ns, Total: 125001 ns
[13.276s][info ][safepoint      ] Safepoint "ICBufferFull", Time since last: 53000 ns, Reaching safepoint: 83200 ns, At safepoint: 19300 ns, Total: 102500 ns
[13.276s][info ][safepoint      ] Safepoint "ICBufferFull", Time since last: 42901 ns, Reaching safepoint: 85900 ns, At safepoint: 26900 ns, Total: 112800 ns
[13.277s][info ][safepoint      ] Safepoint "ICBufferFull", Time since last: 750203 ns, Reaching safepoint: 94201 ns, At safepoint: 23000 ns, Total: 117201 ns
[13.278s][info ][safepoint      ] Safepoint "ICBufferFull", Time since last: 966204 ns, Reaching safepoint: 93900 ns, At safepoint: 21600 ns, Total: 115500 ns
[13.279s][info ][safepoint      ] Safepoint "ICBufferFull", Time since last: 1285806 ns, Reaching safepoint: 91200 ns, At safepoint: 23500 ns, Total: 114700 ns
[13.280s][info ][safepoint      ] Safepoint "ICBufferFull", Time since last: 73201 ns, Reaching safepoint: 83600 ns, At safepoint: 16600 ns, Total: 100200 ns
[13.280s][info ][safepoint      ] Safepoint "ICBufferFull", Time since last: 37900 ns, Reaching safepoint: 82701 ns, At safepoint: 25600 ns, Total: 108301 ns
[13.280s][info ][safepoint      ] Safepoint "ICBufferFull", Time since last: 540402 ns, Reaching safepoint: 91800 ns, At safepoint: 30001 ns, Total: 121801 ns
[13.281s][info ][safepoint      ] Safepoint "ICBufferFull", Time since last: 838703 ns, Reaching safepoint: 161401 ns, At safepoint: 24500 ns, Total: 185901 ns
[13.282s][info ][safepoint      ] Safepoint "ICBufferFull", Time since last: 343601 ns, Reaching safepoint: 89801 ns, At safepoint: 24700 ns, Total: 114501 ns
[13.282s][info ][safepoint      ] Safepoint "ICBufferFull", Time since last: 36400 ns, Reaching safepoint: 87100 ns, At safepoint: 23201 ns, Total: 110301 ns
[13.283s][info ][safepoint      ] Safepoint "ICBufferFull", Time since last: 972504 ns, Reaching safepoint: 75400 ns, At safepoint: 14300 ns, Total: 89700 ns
[13.283s][info ][safepoint      ] Safepoint "ICBufferFull", Time since last: 123701 ns, Reaching safepoint: 94600 ns, At safepoint: 16300 ns, Total: 110900 ns
[13.284s][info ][safepoint      ] Safepoint "ICBufferFull", Time since last: 668403 ns, Reaching safepoint: 88500 ns, At safepoint: 19400 ns, Total: 107900 ns
[13.284s][info ][safepoint      ] Safepoint "ICBufferFull", Time since last: 149401 ns, Reaching safepoint: 88500 ns, At safepoint: 22001 ns, Total: 110501 ns
[13.285s][info ][safepoint      ] Safepoint "ICBufferFull", Time since last: 908903 ns, Reaching safepoint: 90301 ns, At safepoint: 19700 ns, Total: 110001 ns
[13.294s][info ][safepoint      ] Safepoint "ICBufferFull", Time since last: 8145635 ns, Reaching safepoint: 110300 ns, At safepoint: 21200 ns, Total: 131500 ns
[13.294s][info ][safepoint      ] Safepoint "ICBufferFull", Time since last: 62200 ns, Reaching safepoint: 80601 ns, At safepoint: 13700 ns, Total: 94301 ns
[13.294s][info ][safepoint      ] Safepoint "ICBufferFull", Time since last: 55700 ns, Reaching safepoint: 82400 ns, At safepoint: 15800 ns, Total: 98200 ns
[13.294s][info ][safepoint      ] Safepoint "ICBufferFull", Time since last: 66901 ns, Reaching safepoint: 80700 ns, At safepoint: 21800 ns, Total: 102500 ns
[13.294s][info ][safepoint      ] Safepoint "ICBufferFull", Time since last: 68200 ns, Reaching safepoint: 88301 ns, At safepoint: 18400 ns, Total: 106701 ns
[13.296s][info ][safepoint      ] Safepoint "ICBufferFull", Time since last: 1220105 ns, Reaching safepoint: 86501 ns, At safepoint: 17000 ns, Total: 103501 ns
[13.296s][info ][safepoint      ] Safepoint "ICBufferFull", Time since last: 44000 ns, Reaching safepoint: 80000 ns, At safepoint: 22900 ns, Total: 102900 ns
[13.296s][info ][safepoint      ] Safepoint "ICBufferFull", Time since last: 44600 ns, Reaching safepoint: 78501 ns, At safepoint: 14000 ns, Total: 92501 ns
[13.296s][info ][safepoint      ] Safepoint "ICBufferFull", Time since last: 29000 ns, Reaching safepoint: 92500 ns, At safepoint: 25600 ns, Total: 118100 ns
[13.296s][info ][safepoint      ] Safepoint "ICBufferFull", Time since last: 33401 ns, Reaching safepoint: 84900 ns, At safepoint: 19500 ns, Total: 104400 ns
[13.297s][info ][safepoint      ] Safepoint "ICBufferFull", Time since last: 1075305 ns, Reaching safepoint: 96300 ns, At safepoint: 12400 ns, Total: 108700 ns
[13.298s][info ][safepoint      ] Safepoint "ICBufferFull", Time since last: 53700 ns, Reaching safepoint: 83801 ns, At safepoint: 20300 ns, Total: 104101 ns
[13.298s][info ][safepoint      ] Safepoint "ICBufferFull", Time since last: 29300 ns, Reaching safepoint: 84900 ns, At safepoint: 21200 ns, Total: 106100 ns
[13.299s][info ][safepoint      ] Safepoint "ICBufferFull", Time since last: 690103 ns, Reaching safepoint: 85301 ns, At safepoint: 20000 ns, Total: 105301 ns
[13.300s][info ][safepoint      ] Safepoint "ICBufferFull", Time since last: 1102104 ns, Reaching safepoint: 89801 ns, At safepoint: 17700 ns, Total: 107501 ns
[13.300s][info ][safepoint      ] Safepoint "ICBufferFull", Time since last: 63200 ns, Reaching safepoint: 90101 ns, At safepoint: 20600 ns, Total: 110701 ns
[13.300s][info ][safepoint      ] Safepoint "ICBufferFull", Time since last: 54700 ns, Reaching safepoint: 84400 ns, At safepoint: 23000 ns, Total: 107400 ns
[13.300s][info ][safepoint      ] Safepoint "ICBufferFull", Time since last: 25500 ns, Reaching safepoint: 85401 ns, At safepoint: 20400 ns, Total: 105801 ns
[13.300s][info ][safepoint      ] Safepoint "ICBufferFull", Time since last: 45800 ns, Reaching safepoint: 84900 ns, At safepoint: 21200 ns, Total: 106100 ns
[13.302s][info ][safepoint      ] Safepoint "ICBufferFull", Time since last: 1054005 ns, Reaching safepoint: 99100 ns, At safepoint: 20000 ns, Total: 119100 ns
[13.302s][info ][safepoint      ] Safepoint "ICBufferFull", Time since last: 112201 ns, Reaching safepoint: 40400 ns, At safepoint: 24200 ns, Total: 64600 ns
[13.302s][info ][safepoint      ] Safepoint "ICBufferFull", Time since last: 30700 ns, Reaching safepoint: 89801 ns, At safepoint: 27600 ns, Total: 117401 ns
[13.303s][info ][safepoint      ] Safepoint "ICBufferFull", Time since last: 981904 ns, Reaching safepoint: 84700 ns, At safepoint: 15200 ns, Total: 99900 ns
[13.303s][info ][safepoint      ] Safepoint "ICBufferFull", Time since last: 62101 ns, Reaching safepoint: 93800 ns, At safepoint: 29000 ns, Total: 122800 ns
[13.303s][info ][safepoint      ] Safepoint "ICBufferFull", Time since last: 51400 ns, Reaching safepoint: 84101 ns, At safepoint: 21300 ns, Total: 105401 ns
[13.304s][info ][safepoint      ] Safepoint "ICBufferFull", Time since last: 165201 ns, Reaching safepoint: 88100 ns, At safepoint: 24900 ns, Total: 113000 ns
[13.304s][info ][safepoint      ] Safepoint "ICBufferFull", Time since last: 34100 ns, Reaching safepoint: 97401 ns, At safepoint: 20500 ns, Total: 117901 ns
[13.305s][info ][safepoint      ] Safepoint "ICBufferFull", Time since last: 914104 ns, Reaching safepoint: 113300 ns, At safepoint: 14400 ns, Total: 127700 ns
[13.305s][info ][safepoint      ] Safepoint "ICBufferFull", Time since last: 59400 ns, Reaching safepoint: 82001 ns, At safepoint: 22300 ns, Total: 104301 ns
[13.305s][info ][safepoint      ] Safepoint "ICBufferFull", Time since last: 65300 ns, Reaching safepoint: 83801 ns, At safepoint: 15300 ns, Total: 99101 ns
[13.305s][info ][safepoint      ] Safepoint "ICBufferFull", Time since last: 131000 ns, Reaching safepoint: 59100 ns, At safepoint: 26301 ns, Total: 85401 ns
[13.307s][info ][safepoint      ] Safepoint "ICBufferFull", Time since last: 1233805 ns, Reaching safepoint: 78300 ns, At safepoint: 21800 ns, Total: 100100 ns
[13.307s][info ][safepoint      ] Safepoint "ICBufferFull", Time since last: 84701 ns, Reaching safepoint: 43100 ns, At safepoint: 23400 ns, Total: 66500 ns
[13.309s][info ][safepoint      ] Safepoint "ICBufferFull", Time since last: 2428410 ns, Reaching safepoint: 66401 ns, At safepoint: 20400 ns, Total: 86801 ns
[13.309s][info ][safepoint      ] Safepoint "ICBufferFull", Time since last: 57900 ns, Reaching safepoint: 83000 ns, At safepoint: 20200 ns, Total: 103200 ns
[13.310s][info ][safepoint      ] Safepoint "ICBufferFull", Time since last: 39500 ns, Reaching safepoint: 81301 ns, At safepoint: 18700 ns, Total: 100001 ns
[13.313s][info ][safepoint      ] Safepoint "ICBufferFull", Time since last: 3629715 ns, Reaching safepoint: 85901 ns, At safepoint: 25000 ns, Total: 110901 ns
[13.314s][info ][safepoint      ] Safepoint "ICBufferFull", Time since last: 59300 ns, Reaching safepoint: 81900 ns, At safepoint: 24101 ns, Total: 106001 ns
[13.314s][info ][safepoint      ] Safepoint "ICBufferFull", Time since last: 56500 ns, Reaching safepoint: 94600 ns, At safepoint: 23400 ns, Total: 118000 ns
[13.314s][info ][safepoint      ] Safepoint "ICBufferFull", Time since last: 35200 ns, Reaching safepoint: 86601 ns, At safepoint: 24600 ns, Total: 111201 ns
[13.317s][info ][safepoint      ] Safepoint "ICBufferFull", Time since last: 3402514 ns, Reaching safepoint: 98501 ns, At safepoint: 15200 ns, Total: 113701 ns
[13.318s][info ][safepoint      ] Safepoint "ICBufferFull", Time since last: 56400 ns, Reaching safepoint: 83400 ns, At safepoint: 19601 ns, Total: 103001 ns
[13.318s][info ][safepoint      ] Safepoint "ICBufferFull", Time since last: 88300 ns, Reaching safepoint: 87600 ns, At safepoint: 18300 ns, Total: 105900 ns
[13.321s][info ][safepoint      ] Safepoint "ICBufferFull", Time since last: 3577316 ns, Reaching safepoint: 98800 ns, At safepoint: 7600 ns, Total: 106400 ns
[13.322s][info ][safepoint      ] Safepoint "ICBufferFull", Time since last: 45100 ns, Reaching safepoint: 80801 ns, At safepoint: 13900 ns, Total: 94701 ns
[13.322s][info ][safepoint      ] Safepoint "ICBufferFull", Time since last: 56500 ns, Reaching safepoint: 94200 ns, At safepoint: 20300 ns, Total: 114500 ns
[13.322s][info ][safepoint      ] Safepoint "ICBufferFull", Time since last: 84101 ns, Reaching safepoint: 99100 ns, At safepoint: 22300 ns, Total: 121400 ns
[13.325s][info ][safepoint      ] Safepoint "ICBufferFull", Time since last: 3343815 ns, Reaching safepoint: 37200 ns, At safepoint: 18700 ns, Total: 55900 ns
[13.325s][info ][safepoint      ] Safepoint "ICBufferFull", Time since last: 70100 ns, Reaching safepoint: 85200 ns, At safepoint: 25701 ns, Total: 110901 ns
[13.326s][info ][safepoint      ] Safepoint "ICBufferFull", Time since last: 57400 ns, Reaching safepoint: 85200 ns, At safepoint: 20900 ns, Total: 106100 ns
[13.326s][info ][safepoint      ] Safepoint "ICBufferFull", Time since last: 50000 ns, Reaching safepoint: 87701 ns, At safepoint: 19300 ns, Total: 107001 ns
[13.326s][info ][safepoint      ] Safepoint "ICBufferFull", Time since last: 60700 ns, Reaching safepoint: 87801 ns, At safepoint: 23100 ns, Total: 110901 ns
[13.326s][info ][safepoint      ] Safepoint "ICBufferFull", Time since last: 155000 ns, Reaching safepoint: 95601 ns, At safepoint: 22700 ns, Total: 118301 ns
[13.327s][info ][safepoint      ] Safepoint "ICBufferFull", Time since last: 398402 ns, Reaching safepoint: 106300 ns, At safepoint: 31100 ns, Total: 137400 ns
[13.327s][info ][safepoint      ] Safepoint "ICBufferFull", Time since last: 478202 ns, Reaching safepoint: 98401 ns, At safepoint: 22100 ns, Total: 120501 ns
[13.329s][info ][safepoint      ] Safepoint "ICBufferFull", Time since last: 1470906 ns, Reaching safepoint: 101100 ns, At safepoint: 19800 ns, Total: 120900 ns
[13.330s][info ][safepoint      ] Safepoint "ICBufferFull", Time since last: 1137605 ns, Reaching safepoint: 94601 ns, At safepoint: 24800 ns, Total: 119401 ns
[13.331s][info ][safepoint      ] Safepoint "ICBufferFull", Time since last: 355401 ns, Reaching safepoint: 95801 ns, At safepoint: 24300 ns, Total: 120101 ns
[13.331s][info ][safepoint      ] Safepoint "ICBufferFull", Time since last: 45700 ns, Reaching safepoint: 81900 ns, At safepoint: 22001 ns, Total: 103901 ns
[13.332s][info ][safepoint      ] Safepoint "ICBufferFull", Time since last: 999604 ns, Reaching safepoint: 96300 ns, At safepoint: 14300 ns, Total: 110600 ns
[13.332s][info ][safepoint      ] Safepoint "ICBufferFull", Time since last: 355002 ns, Reaching safepoint: 87600 ns, At safepoint: 23700 ns, Total: 111300 ns
[13.333s][info ][safepoint      ] Safepoint "ICBufferFull", Time since last: 50800 ns, Reaching safepoint: 86901 ns, At safepoint: 21600 ns, Total: 108501 ns
[13.333s][info ][safepoint      ] Safepoint "ICBufferFull", Time since last: 182101 ns, Reaching safepoint: 105900 ns, At safepoint: 24600 ns, Total: 130500 ns
[13.334s][info ][safepoint      ] Safepoint "ICBufferFull", Time since last: 1080805 ns, Reaching safepoint: 54600 ns, At safepoint: 24500 ns, Total: 79100 ns
[13.334s][info ][safepoint      ] Safepoint "ICBufferFull", Time since last: 120301 ns, Reaching safepoint: 87200 ns, At safepoint: 22600 ns, Total: 109800 ns
[13.335s][info ][safepoint      ] Safepoint "ICBufferFull", Time since last: 1012904 ns, Reaching safepoint: 77201 ns, At safepoint: 21800 ns, Total: 99001 ns
[13.336s][info ][safepoint      ] Safepoint "ICBufferFull", Time since last: 160501 ns, Reaching safepoint: 85200 ns, At safepoint: 18500 ns, Total: 103700 ns
[13.336s][info ][safepoint      ] Safepoint "ICBufferFull", Time since last: 41600 ns, Reaching safepoint: 85701 ns, At safepoint: 24200 ns, Total: 109901 ns
[13.337s][info ][safepoint      ] Safepoint "ICBufferFull", Time since last: 1223405 ns, Reaching safepoint: 97000 ns, At safepoint: 22800 ns, Total: 119800 ns
[13.338s][info ][safepoint      ] Safepoint "ICBufferFull", Time since last: 448202 ns, Reaching safepoint: 97701 ns, At safepoint: 20400 ns, Total: 118101 ns
[13.339s][info ][safepoint      ] Safepoint "ICBufferFull", Time since last: 1281205 ns, Reaching safepoint: 99701 ns, At safepoint: 16400 ns, Total: 116101 ns
[13.341s][info ][safepoint      ] Safepoint "ICBufferFull", Time since last: 2100309 ns, Reaching safepoint: 92400 ns, At safepoint: 25100 ns, Total: 117500 ns
[13.342s][info ][safepoint      ] Safepoint "ICBufferFull", Time since last: 352102 ns, Reaching safepoint: 87100 ns, At safepoint: 21900 ns, Total: 109000 ns
[13.342s][info ][safepoint      ] Safepoint "ICBufferFull", Time since last: 38000 ns, Reaching safepoint: 85201 ns, At safepoint: 25400 ns, Total: 110601 ns
[13.343s][info ][safepoint      ] Safepoint "ICBufferFull", Time since last: 1099205 ns, Reaching safepoint: 87700 ns, At safepoint: 21000 ns, Total: 108700 ns
[13.343s][info ][safepoint      ] Safepoint "ICBufferFull", Time since last: 52400 ns, Reaching safepoint: 92301 ns, At safepoint: 22000 ns, Total: 114301 ns
[13.343s][info ][safepoint      ] Safepoint "ICBufferFull", Time since last: 57900 ns, Reaching safepoint: 87800 ns, At safepoint: 21800 ns, Total: 109600 ns
[13.344s][info ][safepoint      ] Safepoint "ICBufferFull", Time since last: 123501 ns, Reaching safepoint: 89500 ns, At safepoint: 20200 ns, Total: 109700 ns
[13.344s][info ][safepoint      ] Safepoint "ICBufferFull", Time since last: 168001 ns, Reaching safepoint: 102301 ns, At safepoint: 21100 ns, Total: 123401 ns
[13.345s][info ][safepoint      ] Safepoint "ICBufferFull", Time since last: 1064704 ns, Reaching safepoint: 59000 ns, At safepoint: 21801 ns, Total: 80801 ns
[13.349s][info ][safepoint      ] Safepoint "ICBufferFull", Time since last: 4061917 ns, Reaching safepoint: 88500 ns, At safepoint: 25900 ns, Total: 114400 ns
[13.350s][info ][safepoint      ] Safepoint "ICBufferFull", Time since last: 75001 ns, Reaching safepoint: 86000 ns, At safepoint: 20900 ns, Total: 106900 ns
[13.350s][info ][safepoint      ] Safepoint "ICBufferFull", Time since last: 25300 ns, Reaching safepoint: 83501 ns, At safepoint: 20700 ns, Total: 104201 ns
[13.351s][info ][safepoint      ] Safepoint "ICBufferFull", Time since last: 1014304 ns, Reaching safepoint: 101700 ns, At safepoint: 16000 ns, Total: 117700 ns
[13.352s][info ][safepoint      ] Safepoint "ICBufferFull", Time since last: 840604 ns, Reaching safepoint: 90600 ns, At safepoint: 19601 ns, Total: 110201 ns
[13.352s][info ][safepoint      ] Safepoint "ICBufferFull", Time since last: 45100 ns, Reaching safepoint: 153600 ns, At safepoint: 27001 ns, Total: 180601 ns
[13.352s][info ][safepoint      ] Safepoint "ICBufferFull", Time since last: 53900 ns, Reaching safepoint: 84400 ns, At safepoint: 25600 ns, Total: 110000 ns
[13.353s][info ][safepoint      ] Safepoint "ICBufferFull", Time since last: 1181605 ns, Reaching safepoint: 84701 ns, At safepoint: 17400 ns, Total: 102101 ns
[13.354s][info ][safepoint      ] Safepoint "ICBufferFull", Time since last: 77300 ns, Reaching safepoint: 82800 ns, At safepoint: 15600 ns, Total: 98400 ns
[13.354s][info ][safepoint      ] Safepoint "ICBufferFull", Time since last: 170901 ns, Reaching safepoint: 91501 ns, At safepoint: 19600 ns, Total: 111101 ns
[13.354s][info ][safepoint      ] Safepoint "ICBufferFull", Time since last: 38900 ns, Reaching safepoint: 105200 ns, At safepoint: 18700 ns, Total: 123900 ns
[13.355s][info ][safepoint      ] Safepoint "ICBufferFull", Time since last: 1005605 ns, Reaching safepoint: 92400 ns, At safepoint: 10400 ns, Total: 102800 ns
[13.356s][info ][safepoint      ] Safepoint "ICBufferFull", Time since last: 1128105 ns, Reaching safepoint: 93600 ns, At safepoint: 15700 ns, Total: 109300 ns
[13.357s][info ][safepoint      ] Safepoint "ICBufferFull", Time since last: 48601 ns, Reaching safepoint: 81600 ns, At safepoint: 18900 ns, Total: 100500 ns
[13.357s][info ][safepoint      ] Safepoint "ICBufferFull", Time since last: 60600 ns, Reaching safepoint: 84001 ns, At safepoint: 23700 ns, Total: 107701 ns
[13.357s][info ][safepoint      ] Safepoint "ICBufferFull", Time since last: 60400 ns, Reaching safepoint: 84400 ns, At safepoint: 25400 ns, Total: 109800 ns
[13.358s][info ][safepoint      ] Safepoint "ICBufferFull", Time since last: 944404 ns, Reaching safepoint: 85301 ns, At safepoint: 20800 ns, Total: 106101 ns
[13.358s][info ][safepoint      ] Safepoint "ICBufferFull", Time since last: 109600 ns, Reaching safepoint: 84801 ns, At safepoint: 20500 ns, Total: 105301 ns
[13.360s][info ][safepoint      ] Safepoint "ICBufferFull", Time since last: 1075504 ns, Reaching safepoint: 293902 ns, At safepoint: 16500 ns, Total: 310402 ns
[13.361s][info ][safepoint      ] Safepoint "ICBufferFull", Time since last: 1716607 ns, Reaching safepoint: 97400 ns, At safepoint: 27701 ns, Total: 125101 ns
[13.362s][info ][safepoint      ] Safepoint "ICBufferFull", Time since last: 143200 ns, Reaching safepoint: 520702 ns, At safepoint: 31801 ns, Total: 552503 ns
[13.369s][info ][safepoint      ] Safepoint "ICBufferFull", Time since last: 7292331 ns, Reaching safepoint: 118300 ns, At safepoint: 24300 ns, Total: 142600 ns
[13.370s][info ][safepoint      ] Safepoint "ICBufferFull", Time since last: 90601 ns, Reaching safepoint: 89600 ns, At safepoint: 20500 ns, Total: 110100 ns
[13.370s][info ][safepoint      ] Safepoint "ICBufferFull", Time since last: 231301 ns, Reaching safepoint: 84500 ns, At safepoint: 22901 ns, Total: 107401 ns
[13.370s][info ][safepoint      ] Safepoint "ICBufferFull", Time since last: 59900 ns, Reaching safepoint: 88800 ns, At safepoint: 27500 ns, Total: 116300 ns
[13.370s][info ][safepoint      ] Safepoint "ICBufferFull", Time since last: 100901 ns, Reaching safepoint: 102300 ns, At safepoint: 24200 ns, Total: 126500 ns
[13.372s][info ][safepoint      ] Safepoint "ICBufferFull", Time since last: 1259106 ns, Reaching safepoint: 101900 ns, At safepoint: 23100 ns, Total: 125000 ns
[13.373s][info ][safepoint      ] Safepoint "ICBufferFull", Time since last: 1424806 ns, Reaching safepoint: 97601 ns, At safepoint: 19300 ns, Total: 116901 ns
[13.374s][info ][safepoint      ] Safepoint "ICBufferFull", Time since last: 545802 ns, Reaching safepoint: 94800 ns, At safepoint: 20301 ns, Total: 115101 ns
[13.375s][info ][safepoint      ] Safepoint "ICBufferFull", Time since last: 1344605 ns, Reaching safepoint: 102101 ns, At safepoint: 17600 ns, Total: 119701 ns
[13.376s][info ][safepoint      ] Safepoint "ICBufferFull", Time since last: 57500 ns, Reaching safepoint: 87600 ns, At safepoint: 21501 ns, Total: 109101 ns
[13.376s][info ][safepoint      ] Safepoint "ICBufferFull", Time since last: 37300 ns, Reaching safepoint: 83400 ns, At safepoint: 20000 ns, Total: 103400 ns
[13.377s][info ][safepoint      ] Safepoint "ICBufferFull", Time since last: 1033405 ns, Reaching safepoint: 86900 ns, At safepoint: 19400 ns, Total: 106300 ns
[13.377s][info ][safepoint      ] Safepoint "ICBufferFull", Time since last: 49100 ns, Reaching safepoint: 82401 ns, At safepoint: 15800 ns, Total: 98201 ns
[13.377s][info ][safepoint      ] Safepoint "ICBufferFull", Time since last: 88700 ns, Reaching safepoint: 82000 ns, At safepoint: 20000 ns, Total: 102000 ns
[13.379s][info ][safepoint      ] Safepoint "ICBufferFull", Time since last: 1154105 ns, Reaching safepoint: 99201 ns, At safepoint: 23700 ns, Total: 122901 ns
[13.379s][info ][safepoint      ] Safepoint "ICBufferFull", Time since last: 46000 ns, Reaching safepoint: 92700 ns, At safepoint: 21501 ns, Total: 114201 ns
[13.381s][info ][safepoint      ] Safepoint "ICBufferFull", Time since last: 2156409 ns, Reaching safepoint: 92800 ns, At safepoint: 21400 ns, Total: 114200 ns
[13.381s][info ][safepoint      ] Safepoint "ICBufferFull", Time since last: 56600 ns, Reaching safepoint: 84401 ns, At safepoint: 24000 ns, Total: 108401 ns
[13.381s][info ][safepoint      ] Safepoint "ICBufferFull", Time since last: 72400 ns, Reaching safepoint: 86101 ns, At safepoint: 14100 ns, Total: 100201 ns
[13.382s][info ][safepoint      ] Safepoint "ICBufferFull", Time since last: 144800 ns, Reaching safepoint: 87001 ns, At safepoint: 19000 ns, Total: 106001 ns
[13.383s][info ][safepoint      ] Safepoint "ICBufferFull", Time since last: 1054904 ns, Reaching safepoint: 86101 ns, At safepoint: 18900 ns, Total: 105001 ns
[13.384s][info ][safepoint      ] Safepoint "ICBufferFull", Time since last: 1638007 ns, Reaching safepoint: 87000 ns, At safepoint: 22300 ns, Total: 109300 ns
[13.385s][info ][safepoint      ] Safepoint "ICBufferFull", Time since last: 78500 ns, Reaching safepoint: 84501 ns, At safepoint: 22600 ns, Total: 107101 ns
[13.385s][info ][safepoint      ] Safepoint "ICBufferFull", Time since last: 49400 ns, Reaching safepoint: 83600 ns, At safepoint: 20801 ns, Total: 104401 ns
[13.385s][info ][safepoint      ] Safepoint "ICBufferFull", Time since last: 72000 ns, Reaching safepoint: 82500 ns, At safepoint: 14300 ns, Total: 96800 ns
[13.385s][info ][safepoint      ] Safepoint "ICBufferFull", Time since last: 41400 ns, Reaching safepoint: 83801 ns, At safepoint: 24500 ns, Total: 108301 ns
[13.385s][info ][safepoint      ] Safepoint "ICBufferFull", Time since last: 161801 ns, Reaching safepoint: 85200 ns, At safepoint: 18600 ns, Total: 103800 ns
[13.387s][info ][safepoint      ] Safepoint "ICBufferFull", Time since last: 1171605 ns, Reaching safepoint: 113201 ns, At safepoint: 20700 ns, Total: 133901 ns
[13.387s][info ][safepoint      ] Safepoint "ICBufferFull", Time since last: 56000 ns, Reaching safepoint: 91300 ns, At safepoint: 23100 ns, Total: 114400 ns
[13.387s][info ][safepoint      ] Safepoint "ICBufferFull", Time since last: 45701 ns, Reaching safepoint: 105100 ns, At safepoint: 18000 ns, Total: 123100 ns
[13.388s][info ][safepoint      ] Safepoint "ICBufferFull", Time since last: 1042405 ns, Reaching safepoint: 91800 ns, At safepoint: 22200 ns, Total: 114000 ns
[13.400s][info ][safepoint      ] Safepoint "ICBufferFull", Time since last: 11754950 ns, Reaching safepoint: 113801 ns, At safepoint: 25300 ns, Total: 139101 ns
[13.400s][info ][safepoint      ] Safepoint "ICBufferFull", Time since last: 131900 ns, Reaching safepoint: 97901 ns, At safepoint: 17400 ns, Total: 115301 ns
[13.401s][info ][safepoint      ] Safepoint "ICBufferFull", Time since last: 68800 ns, Reaching safepoint: 93300 ns, At safepoint: 21501 ns, Total: 114801 ns
[13.401s][info ][safepoint      ] Safepoint "ICBufferFull", Time since last: 739603 ns, Reaching safepoint: 88800 ns, At safepoint: 20500 ns, Total: 109300 ns
[13.403s][info ][safepoint      ] Safepoint "ICBufferFull", Time since last: 1141805 ns, Reaching safepoint: 101600 ns, At safepoint: 19101 ns, Total: 120701 ns
[13.403s][info ][safepoint      ] Safepoint "ICBufferFull", Time since last: 45800 ns, Reaching safepoint: 89200 ns, At safepoint: 17800 ns, Total: 107000 ns
[13.403s][info ][safepoint      ] Safepoint "ICBufferFull", Time since last: 109801 ns, Reaching safepoint: 87800 ns, At safepoint: 17300 ns, Total: 105100 ns
[13.404s][info ][safepoint      ] Safepoint "ICBufferFull", Time since last: 1012804 ns, Reaching safepoint: 95801 ns, At safepoint: 16200 ns, Total: 112001 ns
[13.404s][info ][safepoint      ] Safepoint "ICBufferFull", Time since last: 59300 ns, Reaching safepoint: 92701 ns, At safepoint: 19400 ns, Total: 112101 ns
[13.404s][info ][safepoint      ] Safepoint "ICBufferFull", Time since last: 82200 ns, Reaching safepoint: 83900 ns, At safepoint: 18000 ns, Total: 101900 ns
[13.405s][info ][safepoint      ] Safepoint "ICBufferFull", Time since last: 37301 ns, Reaching safepoint: 80400 ns, At safepoint: 20200 ns, Total: 100600 ns
[13.406s][info ][safepoint      ] Safepoint "ICBufferFull", Time since last: 1236005 ns, Reaching safepoint: 100301 ns, At safepoint: 13600 ns, Total: 113901 ns
[13.409s][info ][safepoint      ] Safepoint "ICBufferFull", Time since last: 3348514 ns, Reaching safepoint: 91200 ns, At safepoint: 15201 ns, Total: 106401 ns
[13.410s][info ][safepoint      ] Safepoint "ICBufferFull", Time since last: 101100 ns, Reaching safepoint: 91000 ns, At safepoint: 18200 ns, Total: 109200 ns
[13.410s][info ][safepoint      ] Safepoint "ICBufferFull", Time since last: 70301 ns, Reaching safepoint: 87000 ns, At safepoint: 25800 ns, Total: 112800 ns
[13.410s][info ][safepoint      ] Safepoint "ICBufferFull", Time since last: 45700 ns, Reaching safepoint: 84601 ns, At safepoint: 18800 ns, Total: 103401 ns
[13.411s][info ][safepoint      ] Safepoint "ICBufferFull", Time since last: 1231805 ns, Reaching safepoint: 94500 ns, At safepoint: 21201 ns, Total: 115701 ns
[13.412s][info ][safepoint      ] Safepoint "ICBufferFull", Time since last: 283601 ns, Reaching safepoint: 83300 ns, At safepoint: 24200 ns, Total: 107500 ns
[13.413s][info ][safepoint      ] Safepoint "ICBufferFull", Time since last: 1067405 ns, Reaching safepoint: 485302 ns, At safepoint: 29900 ns, Total: 515202 ns
[13.413s][info ][safepoint      ] Safepoint "ICBufferFull", Time since last: 85500 ns, Reaching safepoint: 83001 ns, At safepoint: 21600 ns, Total: 104601 ns
[13.415s][info ][safepoint      ] Safepoint "ICBufferFull", Time since last: 1148105 ns, Reaching safepoint: 107800 ns, At safepoint: 21300 ns, Total: 129100 ns
[13.421s][info ][safepoint      ] Safepoint "ICBufferFull", Time since last: 6484828 ns, Reaching safepoint: 76400 ns, At safepoint: 25100 ns, Total: 101500 ns
[13.422s][info ][safepoint      ] Safepoint "ICBufferFull", Time since last: 190301 ns, Reaching safepoint: 88101 ns, At safepoint: 22000 ns, Total: 110101 ns
[13.423s][info ][safepoint      ] Safepoint "ICBufferFull", Time since last: 1264305 ns, Reaching safepoint: 96900 ns, At safepoint: 21401 ns, Total: 118301 ns
[13.423s][info ][safepoint      ] Safepoint "ICBufferFull", Time since last: 46200 ns, Reaching safepoint: 90300 ns, At safepoint: 18700 ns, Total: 109000 ns
[13.423s][info ][safepoint      ] Safepoint "ICBufferFull", Time since last: 51700 ns, Reaching safepoint: 84301 ns, At safepoint: 24300 ns, Total: 108601 ns
[13.425s][info ][safepoint      ] Safepoint "ICBufferFull", Time since last: 1315805 ns, Reaching safepoint: 94101 ns, At safepoint: 12600 ns, Total: 106701 ns
[13.425s][info ][safepoint      ] Safepoint "ICBufferFull", Time since last: 77500 ns, Reaching safepoint: 95101 ns, At safepoint: 18900 ns, Total: 114001 ns
[13.425s][info ][safepoint      ] Safepoint "ICBufferFull", Time since last: 41400 ns, Reaching safepoint: 83500 ns, At safepoint: 20300 ns, Total: 103800 ns
[13.429s][info ][safepoint      ] Safepoint "ICBufferFull", Time since last: 4123218 ns, Reaching safepoint: 87600 ns, At safepoint: 20800 ns, Total: 108400 ns
[13.429s][info ][safepoint      ] Safepoint "ICBufferFull", Time since last: 55301 ns, Reaching safepoint: 91700 ns, At safepoint: 19800 ns, Total: 111500 ns
[13.430s][info ][safepoint      ] Safepoint "ICBufferFull", Time since last: 64000 ns, Reaching safepoint: 89201 ns, At safepoint: 19900 ns, Total: 109101 ns
[13.430s][info ][safepoint      ] Safepoint "ICBufferFull", Time since last: 44700 ns, Reaching safepoint: 87400 ns, At safepoint: 16500 ns, Total: 103900 ns
[13.430s][info ][safepoint      ] Safepoint "ICBufferFull", Time since last: 178101 ns, Reaching safepoint: 90701 ns, At safepoint: 19600 ns, Total: 110301 ns
[13.430s][info ][safepoint      ] Safepoint "ICBufferFull", Time since last: 76400 ns, Reaching safepoint: 89800 ns, At safepoint: 18900 ns, Total: 108700 ns
[13.432s][info ][safepoint      ] Safepoint "ICBufferFull", Time since last: 1190206 ns, Reaching safepoint: 93100 ns, At safepoint: 14300 ns, Total: 107400 ns
[13.433s][info ][safepoint      ] Safepoint "ICBufferFull", Time since last: 1633807 ns, Reaching safepoint: 82700 ns, At safepoint: 20400 ns, Total: 103100 ns
[13.433s][info ][safepoint      ] Safepoint "ICBufferFull", Time since last: 44101 ns, Reaching safepoint: 80300 ns, At safepoint: 15700 ns, Total: 96000 ns
[13.434s][info ][safepoint      ] Safepoint "ICBufferFull", Time since last: 28500 ns, Reaching safepoint: 100801 ns, At safepoint: 18500 ns, Total: 119301 ns
[13.434s][info ][safepoint      ] Safepoint "ICBufferFull", Time since last: 43500 ns, Reaching safepoint: 91000 ns, At safepoint: 23400 ns, Total: 114400 ns
[13.435s][info ][safepoint      ] Safepoint "ICBufferFull", Time since last: 1096705 ns, Reaching safepoint: 96000 ns, At safepoint: 18801 ns, Total: 114801 ns
[13.435s][info ][safepoint      ] Safepoint "ICBufferFull", Time since last: 52800 ns, Reaching safepoint: 90300 ns, At safepoint: 23400 ns, Total: 113700 ns
[13.436s][info ][safepoint      ] Safepoint "ICBufferFull", Time since last: 489302 ns, Reaching safepoint: 88201 ns, At safepoint: 21500 ns, Total: 109701 ns
[13.437s][info ][safepoint      ] Safepoint "ICBufferFull", Time since last: 1279005 ns, Reaching safepoint: 104801 ns, At safepoint: 20300 ns, Total: 125101 ns
[13.437s][info ][safepoint      ] Safepoint "ICBufferFull", Time since last: 73000 ns, Reaching safepoint: 84800 ns, At safepoint: 16401 ns, Total: 101201 ns
[13.437s][info ][safepoint      ] Safepoint "ICBufferFull", Time since last: 65000 ns, Reaching safepoint: 86500 ns, At safepoint: 16100 ns, Total: 102600 ns
[13.438s][info ][safepoint      ] Safepoint "ICBufferFull", Time since last: 41800 ns, Reaching safepoint: 88901 ns, At safepoint: 22500 ns, Total: 111401 ns
[13.439s][info ][safepoint      ] Safepoint "ICBufferFull", Time since last: 1047204 ns, Reaching safepoint: 95001 ns, At safepoint: 20000 ns, Total: 115001 ns
[13.439s][info ][safepoint      ] Safepoint "ICBufferFull", Time since last: 46400 ns, Reaching safepoint: 96600 ns, At safepoint: 20901 ns, Total: 117501 ns
[13.439s][info ][safepoint      ] Safepoint "ICBufferFull", Time since last: 53500 ns, Reaching safepoint: 87700 ns, At safepoint: 18400 ns, Total: 106100 ns
[13.439s][info ][safepoint      ] Safepoint "ICBufferFull", Time since last: 39300 ns, Reaching safepoint: 91601 ns, At safepoint: 24400 ns, Total: 116001 ns
[13.440s][info ][safepoint      ] Safepoint "ICBufferFull", Time since last: 1031704 ns, Reaching safepoint: 102001 ns, At safepoint: 22100 ns, Total: 124101 ns
[13.441s][info ][safepoint      ] Safepoint "ICBufferFull", Time since last: 46300 ns, Reaching safepoint: 81600 ns, At safepoint: 22800 ns, Total: 104400 ns
[13.441s][info ][safepoint      ] Safepoint "ICBufferFull", Time since last: 221001 ns, Reaching safepoint: 94901 ns, At safepoint: 21300 ns, Total: 116201 ns
[13.443s][info ][safepoint      ] Safepoint "ICBufferFull", Time since last: 1496006 ns, Reaching safepoint: 88401 ns, At safepoint: 28300 ns, Total: 116701 ns
[13.443s][info ][safepoint      ] Safepoint "ICBufferFull", Time since last: 64400 ns, Reaching safepoint: 85100 ns, At safepoint: 20500 ns, Total: 105600 ns
[13.444s][info ][safepoint      ] Safepoint "ICBufferFull", Time since last: 737604 ns, Reaching safepoint: 90500 ns, At safepoint: 27100 ns, Total: 117600 ns
[13.444s][info ][safepoint      ] Safepoint "ICBufferFull", Time since last: 35500 ns, Reaching safepoint: 85801 ns, At safepoint: 24300 ns, Total: 110101 ns
[13.444s][info ][safepoint      ] Safepoint "ICBufferFull", Time since last: 54200 ns, Reaching safepoint: 84900 ns, At safepoint: 30400 ns, Total: 115300 ns
[13.445s][info ][safepoint      ] Safepoint "ICBufferFull", Time since last: 1092405 ns, Reaching safepoint: 93601 ns, At safepoint: 23200 ns, Total: 116801 ns
[13.445s][info ][safepoint      ] Safepoint "ICBufferFull", Time since last: 111100 ns, Reaching safepoint: 86900 ns, At safepoint: 28101 ns, Total: 115001 ns
[13.446s][info ][safepoint      ] Safepoint "ICBufferFull", Time since last: 1072904 ns, Reaching safepoint: 85701 ns, At safepoint: 21200 ns, Total: 106901 ns
[13.447s][info ][safepoint      ] Safepoint "ICBufferFull", Time since last: 60600 ns, Reaching safepoint: 82700 ns, At safepoint: 18300 ns, Total: 101000 ns
[13.447s][info ][safepoint      ] Safepoint "ICBufferFull", Time since last: 88101 ns, Reaching safepoint: 84900 ns, At safepoint: 22700 ns, Total: 107600 ns
[13.447s][info ][safepoint      ] Safepoint "ICBufferFull", Time since last: 197101 ns, Reaching safepoint: 86800 ns, At safepoint: 24000 ns, Total: 110800 ns
[13.448s][info ][safepoint      ] Safepoint "ICBufferFull", Time since last: 1200006 ns, Reaching safepoint: 89600 ns, At safepoint: 12300 ns, Total: 101900 ns
[13.449s][info ][safepoint      ] Safepoint "ICBufferFull", Time since last: 67500 ns, Reaching safepoint: 82401 ns, At safepoint: 27700 ns, Total: 110101 ns
[13.449s][info ][safepoint      ] Safepoint "ICBufferFull", Time since last: 71600 ns, Reaching safepoint: 86000 ns, At safepoint: 22101 ns, Total: 108101 ns
[13.449s][info ][safepoint      ] Safepoint "ICBufferFull", Time since last: 154900 ns, Reaching safepoint: 85701 ns, At safepoint: 25500 ns, Total: 111201 ns
[13.449s][info ][safepoint      ] Safepoint "ICBufferFull", Time since last: 40200 ns, Reaching safepoint: 66700 ns, At safepoint: 27500 ns, Total: 94200 ns
[13.450s][info ][safepoint      ] Safepoint "ICBufferFull", Time since last: 971504 ns, Reaching safepoint: 95901 ns, At safepoint: 15800 ns, Total: 111701 ns
[13.450s][info ][safepoint      ] Safepoint "ICBufferFull", Time since last: 46800 ns, Reaching safepoint: 92400 ns, At safepoint: 20701 ns, Total: 113101 ns
[13.451s][info ][safepoint      ] Safepoint "ICBufferFull", Time since last: 611602 ns, Reaching safepoint: 87301 ns, At safepoint: 21200 ns, Total: 108501 ns
[13.453s][info ][safepoint      ] Safepoint "ICBufferFull", Time since last: 1807107 ns, Reaching safepoint: 92001 ns, At safepoint: 13700 ns, Total: 105701 ns
[13.457s][info ][safepoint      ] Safepoint "ICBufferFull", Time since last: 4119417 ns, Reaching safepoint: 82201 ns, At safepoint: 23100 ns, Total: 105301 ns
[13.458s][info ][safepoint      ] Safepoint "ICBufferFull", Time since last: 1005004 ns, Reaching safepoint: 82900 ns, At safepoint: 23401 ns, Total: 106301 ns
[13.460s][info ][safepoint      ] Safepoint "ICBufferFull", Time since last: 1465406 ns, Reaching safepoint: 84400 ns, At safepoint: 17600 ns, Total: 102000 ns
[13.466s][info ][safepoint      ] Safepoint "ICBufferFull", Time since last: 5443323 ns, Reaching safepoint: 98801 ns, At safepoint: 17500 ns, Total: 116301 ns
[13.466s][info ][safepoint      ] Safepoint "ICBufferFull", Time since last: 92200 ns, Reaching safepoint: 93001 ns, At safepoint: 20100 ns, Total: 113101 ns
[13.469s][info ][safepoint      ] Safepoint "ICBufferFull", Time since last: 2796912 ns, Reaching safepoint: 91900 ns, At safepoint: 17500 ns, Total: 109400 ns
[13.469s][info ][safepoint      ] Safepoint "ICBufferFull", Time since last: 64300 ns, Reaching safepoint: 86501 ns, At safepoint: 15000 ns, Total: 101501 ns
[13.469s][info ][safepoint      ] Safepoint "ICBufferFull", Time since last: 55600 ns, Reaching safepoint: 88400 ns, At safepoint: 20001 ns, Total: 108401 ns
[13.469s][info ][safepoint      ] Safepoint "ICBufferFull", Time since last: 29400 ns, Reaching safepoint: 92900 ns, At safepoint: 14700 ns, Total: 107600 ns
[13.469s][info ][safepoint      ] Safepoint "ICBufferFull", Time since last: 57700 ns, Reaching safepoint: 86001 ns, At safepoint: 18900 ns, Total: 104901 ns
[13.470s][info ][safepoint      ] Safepoint "ICBufferFull", Time since last: 119300 ns, Reaching safepoint: 88801 ns, At safepoint: 23400 ns, Total: 112201 ns
[13.471s][info ][safepoint      ] Safepoint "ICBufferFull", Time since last: 1292505 ns, Reaching safepoint: 92801 ns, At safepoint: 13500 ns, Total: 106301 ns
[13.483s][info ][safepoint      ] Safepoint "ICBufferFull", Time since last: 11645849 ns, Reaching safepoint: 98701 ns, At safepoint: 20800 ns, Total: 119501 ns
[13.483s][info ][safepoint      ] Safepoint "ICBufferFull", Time since last: 54600 ns, Reaching safepoint: 88301 ns, At safepoint: 14000 ns, Total: 102301 ns
[13.483s][info ][safepoint      ] Safepoint "ICBufferFull", Time since last: 84000 ns, Reaching safepoint: 100300 ns, At safepoint: 22501 ns, Total: 122801 ns
[13.484s][info ][safepoint      ] Safepoint "ICBufferFull", Time since last: 1058504 ns, Reaching safepoint: 98000 ns, At safepoint: 16001 ns, Total: 114001 ns
[13.489s][info ][safepoint      ] Safepoint "ICBufferFull", Time since last: 4999421 ns, Reaching safepoint: 96700 ns, At safepoint: 23300 ns, Total: 120000 ns
[13.490s][info ][safepoint      ] Safepoint "ICBufferFull", Time since last: 227101 ns, Reaching safepoint: 100501 ns, At safepoint: 19400 ns, Total: 119901 ns
[13.490s][info ][safepoint      ] Safepoint "ICBufferFull", Time since last: 155600 ns, Reaching safepoint: 96001 ns, At safepoint: 22000 ns, Total: 118001 ns
[13.491s][info ][safepoint      ] Safepoint "ICBufferFull", Time since last: 1205605 ns, Reaching safepoint: 91101 ns, At safepoint: 12100 ns, Total: 103201 ns
[13.492s][info ][safepoint      ] Safepoint "ICBufferFull", Time since last: 998204 ns, Reaching safepoint: 92100 ns, At safepoint: 25400 ns, Total: 117500 ns
[13.493s][info ][safepoint      ] Safepoint "ICBufferFull", Time since last: 55801 ns, Reaching safepoint: 88900 ns, At safepoint: 21800 ns, Total: 110700 ns
[13.493s][info ][safepoint      ] Safepoint "ICBufferFull", Time since last: 48500 ns, Reaching safepoint: 88201 ns, At safepoint: 21400 ns, Total: 109601 ns
[13.493s][info ][safepoint      ] Safepoint "ICBufferFull", Time since last: 31300 ns, Reaching safepoint: 98100 ns, At safepoint: 25500 ns, Total: 123600 ns
[13.494s][info ][safepoint      ] Safepoint "ICBufferFull", Time since last: 1222806 ns, Reaching safepoint: 90000 ns, At safepoint: 19100 ns, Total: 109100 ns
[13.496s][info ][safepoint      ] Safepoint "ICBufferFull", Time since last: 1335106 ns, Reaching safepoint: 96800 ns, At safepoint: 20200 ns, Total: 117000 ns
[13.496s][info ][safepoint      ] Safepoint "ICBufferFull", Time since last: 40900 ns, Reaching safepoint: 84101 ns, At safepoint: 22300 ns, Total: 106401 ns
[13.496s][info ][safepoint      ] Safepoint "ICBufferFull", Time since last: 40100 ns, Reaching safepoint: 87000 ns, At safepoint: 18601 ns, Total: 105601 ns
[13.497s][info ][safepoint      ] Safepoint "ICBufferFull", Time since last: 1267905 ns, Reaching safepoint: 93300 ns, At safepoint: 24100 ns, Total: 117400 ns
[13.498s][info ][safepoint      ] Safepoint "ICBufferFull", Time since last: 135201 ns, Reaching safepoint: 93600 ns, At safepoint: 17500 ns, Total: 111100 ns
[13.499s][info ][safepoint      ] Safepoint "ICBufferFull", Time since last: 1009105 ns, Reaching safepoint: 85800 ns, At safepoint: 16700 ns, Total: 102500 ns
[13.499s][info ][safepoint      ] Safepoint "ICBufferFull", Time since last: 49500 ns, Reaching safepoint: 83601 ns, At safepoint: 16500 ns, Total: 100101 ns
[13.499s][info ][safepoint      ] Safepoint "ICBufferFull", Time since last: 45600 ns, Reaching safepoint: 87600 ns, At safepoint: 16800 ns, Total: 104400 ns
[13.500s][info ][safepoint      ] Safepoint "ICBufferFull", Time since last: 1253906 ns, Reaching safepoint: 89400 ns, At safepoint: 15700 ns, Total: 105100 ns
[13.501s][info ][safepoint      ] Safepoint "ICBufferFull", Time since last: 36500 ns, Reaching safepoint: 98101 ns, At safepoint: 15900 ns, Total: 114001 ns
[13.501s][info ][safepoint      ] Safepoint "ICBufferFull", Time since last: 91700 ns, Reaching safepoint: 88101 ns, At safepoint: 20400 ns, Total: 108501 ns
[13.502s][info ][safepoint      ] Safepoint "ICBufferFull", Time since last: 1350406 ns, Reaching safepoint: 88700 ns, At safepoint: 18100 ns, Total: 106800 ns
[13.504s][info ][safepoint      ] Safepoint "ICBufferFull", Time since last: 2144409 ns, Reaching safepoint: 99001 ns, At safepoint: 20900 ns, Total: 119901 ns
[13.505s][info ][safepoint      ] Safepoint "ICBufferFull", Time since last: 64500 ns, Reaching safepoint: 84400 ns, At safepoint: 22200 ns, Total: 106600 ns
[13.505s][info ][safepoint      ] Safepoint "ICBufferFull", Time since last: 41201 ns, Reaching safepoint: 82800 ns, At safepoint: 25700 ns, Total: 108500 ns
[13.505s][info ][safepoint      ] Safepoint "ICBufferFull", Time since last: 45200 ns, Reaching safepoint: 84101 ns, At safepoint: 27400 ns, Total: 111501 ns
[13.506s][info ][safepoint      ] Safepoint "ICBufferFull", Time since last: 1176205 ns, Reaching safepoint: 152400 ns, At safepoint: 11600 ns, Total: 164000 ns
[13.506s][info ][safepoint      ] Safepoint "ICBufferFull", Time since last: 45601 ns, Reaching safepoint: 93000 ns, At safepoint: 24400 ns, Total: 117400 ns
[13.507s][info ][safepoint      ] Safepoint "ICBufferFull", Time since last: 56700 ns, Reaching safepoint: 85501 ns, At safepoint: 21500 ns, Total: 107001 ns
[13.507s][info ][safepoint      ] Safepoint "ICBufferFull", Time since last: 179801 ns, Reaching safepoint: 58300 ns, At safepoint: 27300 ns, Total: 85600 ns
[13.507s][info ][safepoint      ] Safepoint "ICBufferFull", Time since last: 195601 ns, Reaching safepoint: 86900 ns, At safepoint: 24200 ns, Total: 111100 ns
[13.509s][info ][safepoint      ] Safepoint "ICBufferFull", Time since last: 2060309 ns, Reaching safepoint: 82800 ns, At safepoint: 19700 ns, Total: 102500 ns
[13.509s][info ][safepoint      ] Safepoint "ICBufferFull", Time since last: 50301 ns, Reaching safepoint: 92600 ns, At safepoint: 19200 ns, Total: 111800 ns
[13.510s][info ][safepoint      ] Safepoint "ICBufferFull", Time since last: 34200 ns, Reaching safepoint: 84201 ns, At safepoint: 26000 ns, Total: 110201 ns
[13.510s][info ][safepoint      ] Safepoint "ICBufferFull", Time since last: 114600 ns, Reaching safepoint: 86501 ns, At safepoint: 22000 ns, Total: 108501 ns
[13.511s][info ][safepoint      ] Safepoint "ICBufferFull", Time since last: 1062004 ns, Reaching safepoint: 86801 ns, At safepoint: 16600 ns, Total: 103401 ns
[13.511s][info ][safepoint      ] Safepoint "ICBufferFull", Time since last: 44200 ns, Reaching safepoint: 83900 ns, At safepoint: 24400 ns, Total: 108300 ns
[13.511s][info ][safepoint      ] Safepoint "ICBufferFull", Time since last: 26200 ns, Reaching safepoint: 83201 ns, At safepoint: 17900 ns, Total: 101101 ns
[13.512s][info ][safepoint      ] Safepoint "ICBufferFull", Time since last: 185001 ns, Reaching safepoint: 86900 ns, At safepoint: 24100 ns, Total: 111000 ns
[13.513s][info ][safepoint      ] Safepoint "ICBufferFull", Time since last: 1058905 ns, Reaching safepoint: 621502 ns, At safepoint: 18800 ns, Total: 640302 ns
[13.513s][info ][safepoint      ] Safepoint "ICBufferFull", Time since last: 41901 ns, Reaching safepoint: 85400 ns, At safepoint: 21700 ns, Total: 107100 ns
[13.515s][info ][safepoint      ] Safepoint "ICBufferFull", Time since last: 1903108 ns, Reaching safepoint: 88500 ns, At safepoint: 16801 ns, Total: 105301 ns
[13.516s][info ][safepoint      ] Safepoint "ICBufferFull", Time since last: 69400 ns, Reaching safepoint: 86000 ns, At safepoint: 14500 ns, Total: 100500 ns
[13.516s][info ][safepoint      ] Safepoint "ICBufferFull", Time since last: 45200 ns, Reaching safepoint: 84901 ns, At safepoint: 16500 ns, Total: 101401 ns
[13.528s][info ][safepoint      ] Safepoint "ICBufferFull", Time since last: 11960251 ns, Reaching safepoint: 105800 ns, At safepoint: 18300 ns, Total: 124100 ns
[13.528s][info ][safepoint      ] Safepoint "ICBufferFull", Time since last: 66001 ns, Reaching safepoint: 84400 ns, At safepoint: 18100 ns, Total: 102500 ns
[13.528s][info ][safepoint      ] Safepoint "ICBufferFull", Time since last: 265401 ns, Reaching safepoint: 93901 ns, At safepoint: 22700 ns, Total: 116601 ns
[13.529s][info ][safepoint      ] Safepoint "ICBufferFull", Time since last: 52400 ns, Reaching safepoint: 90500 ns, At safepoint: 20900 ns, Total: 111400 ns
[13.529s][info ][safepoint      ] Safepoint "ICBufferFull", Time since last: 46101 ns, Reaching safepoint: 162300 ns, At safepoint: 25600 ns, Total: 187900 ns
[13.530s][info ][safepoint      ] Safepoint "ICBufferFull", Time since last: 1005005 ns, Reaching safepoint: 98400 ns, At safepoint: 21900 ns, Total: 120300 ns
[13.530s][info ][safepoint      ] Safepoint "ICBufferFull", Time since last: 61701 ns, Reaching safepoint: 92800 ns, At safepoint: 26900 ns, Total: 119700 ns
[13.530s][info ][safepoint      ] Safepoint "ICBufferFull", Time since last: 41500 ns, Reaching safepoint: 93901 ns, At safepoint: 26400 ns, Total: 120301 ns
[13.530s][info ][safepoint      ] Safepoint "ICBufferFull", Time since last: 47300 ns, Reaching safepoint: 94400 ns, At safepoint: 28700 ns, Total: 123100 ns
[13.531s][info ][safepoint      ] Safepoint "ICBufferFull", Time since last: 31901 ns, Reaching safepoint: 93200 ns, At safepoint: 25200 ns, Total: 118400 ns
[13.532s][info ][safepoint      ] Safepoint "ICBufferFull", Time since last: 1029305 ns, Reaching safepoint: 91400 ns, At safepoint: 25100 ns, Total: 116500 ns
[13.532s][info ][safepoint      ] Safepoint "ICBufferFull", Time since last: 93700 ns, Reaching safepoint: 82701 ns, At safepoint: 26000 ns, Total: 108701 ns
[13.533s][info ][safepoint      ] Safepoint "ICBufferFull", Time since last: 1010904 ns, Reaching safepoint: 105201 ns, At safepoint: 29300 ns, Total: 134501 ns
[13.534s][info ][safepoint      ] Safepoint "ICBufferFull", Time since last: 940004 ns, Reaching safepoint: 63800 ns, At safepoint: 24600 ns, Total: 88400 ns
[13.534s][info ][safepoint      ] Safepoint "ICBufferFull", Time since last: 70000 ns, Reaching safepoint: 90701 ns, At safepoint: 25100 ns, Total: 115801 ns
[13.535s][info ][safepoint      ] Safepoint "ICBufferFull", Time since last: 1033604 ns, Reaching safepoint: 88201 ns, At safepoint: 15100 ns, Total: 103301 ns
[13.536s][info ][safepoint      ] Safepoint "ICBufferFull", Time since last: 39500 ns, Reaching safepoint: 84300 ns, At safepoint: 27000 ns, Total: 111300 ns
[13.536s][info ][safepoint      ] Safepoint "ICBufferFull", Time since last: 46601 ns, Reaching safepoint: 84600 ns, At safepoint: 27000 ns, Total: 111600 ns
[13.536s][info ][safepoint      ] Safepoint "ICBufferFull", Time since last: 34900 ns, Reaching safepoint: 92301 ns, At safepoint: 22500 ns, Total: 114801 ns
[13.540s][info ][safepoint      ] Safepoint "ICBufferFull", Time since last: 3132613 ns, Reaching safepoint: 785203 ns, At safepoint: 16801 ns, Total: 802004 ns
[13.540s][info ][safepoint      ] Safepoint "ICBufferFull", Time since last: 70300 ns, Reaching safepoint: 92300 ns, At safepoint: 22300 ns, Total: 114600 ns
[13.540s][info ][safepoint      ] Safepoint "ICBufferFull", Time since last: 45900 ns, Reaching safepoint: 93601 ns, At safepoint: 20500 ns, Total: 114101 ns
[13.540s][info ][safepoint      ] Safepoint "ICBufferFull", Time since last: 62000 ns, Reaching safepoint: 97201 ns, At safepoint: 20600 ns, Total: 117801 ns
[13.541s][info ][safepoint      ] Safepoint "ICBufferFull", Time since last: 158100 ns, Reaching safepoint: 758004 ns, At safepoint: 21300 ns, Total: 779304 ns
[13.543s][info ][safepoint      ] Safepoint "ICBufferFull", Time since last: 1111404 ns, Reaching safepoint: 103201 ns, At safepoint: 20400 ns, Total: 123601 ns
[13.543s][info ][safepoint      ] Safepoint "ICBufferFull", Time since last: 192901 ns, Reaching safepoint: 94100 ns, At safepoint: 23400 ns, Total: 117500 ns
[13.543s][info ][safepoint      ] Safepoint "ICBufferFull", Time since last: 473502 ns, Reaching safepoint: 95401 ns, At safepoint: 26800 ns, Total: 122201 ns
[13.545s][info ][safepoint      ] Safepoint "ICBufferFull", Time since last: 974804 ns, Reaching safepoint: 96100 ns, At safepoint: 18101 ns, Total: 114201 ns
[13.545s][info ][safepoint      ] Safepoint "ICBufferFull", Time since last: 69900 ns, Reaching safepoint: 86900 ns, At safepoint: 25900 ns, Total: 112800 ns
[13.545s][info ][safepoint      ] Safepoint "ICBufferFull", Time since last: 52801 ns, Reaching safepoint: 84800 ns, At safepoint: 21200 ns, Total: 106000 ns
[13.546s][info ][safepoint      ] Safepoint "ICBufferFull", Time since last: 1100405 ns, Reaching safepoint: 86500 ns, At safepoint: 20500 ns, Total: 107000 ns
[13.546s][info ][safepoint      ] Safepoint "ICBufferFull", Time since last: 53400 ns, Reaching safepoint: 83301 ns, At safepoint: 21800 ns, Total: 105101 ns
[13.546s][info ][safepoint      ] Safepoint "ICBufferFull", Time since last: 44400 ns, Reaching safepoint: 81500 ns, At safepoint: 28200 ns, Total: 109700 ns
[13.548s][info ][safepoint      ] Safepoint "ICBufferFull", Time since last: 1123705 ns, Reaching safepoint: 84601 ns, At safepoint: 18000 ns, Total: 102601 ns
[13.548s][info ][safepoint      ] Safepoint "ICBufferFull", Time since last: 51300 ns, Reaching safepoint: 80900 ns, At safepoint: 25000 ns, Total: 105900 ns
[13.549s][info ][safepoint      ] Safepoint "ICBufferFull", Time since last: 637403 ns, Reaching safepoint: 83500 ns, At safepoint: 28301 ns, Total: 111801 ns
[13.549s][info ][safepoint      ] Safepoint "ICBufferFull", Time since last: 60600 ns, Reaching safepoint: 85500 ns, At safepoint: 26500 ns, Total: 112000 ns
[13.549s][info ][safepoint      ] Safepoint "ICBufferFull", Time since last: 141001 ns, Reaching safepoint: 88800 ns, At safepoint: 25800 ns, Total: 114600 ns
[13.550s][info ][safepoint      ] Safepoint "ICBufferFull", Time since last: 1218206 ns, Reaching safepoint: 90200 ns, At safepoint: 20500 ns, Total: 110700 ns
[13.550s][info ][safepoint      ] Safepoint "ICBufferFull", Time since last: 51700 ns, Reaching safepoint: 84801 ns, At safepoint: 20100 ns, Total: 104901 ns
[13.551s][info ][safepoint      ] Safepoint "ICBufferFull", Time since last: 177600 ns, Reaching safepoint: 88201 ns, At safepoint: 29600 ns, Total: 117801 ns
[13.552s][info ][safepoint      ] Safepoint "ICBufferFull", Time since last: 1090705 ns, Reaching safepoint: 88400 ns, At safepoint: 27500 ns, Total: 115900 ns
[13.553s][info ][safepoint      ] Safepoint "ICBufferFull", Time since last: 664503 ns, Reaching safepoint: 83100 ns, At safepoint: 19300 ns, Total: 102400 ns
[13.553s][info ][safepoint      ] Safepoint "ICBufferFull", Time since last: 62101 ns, Reaching safepoint: 81100 ns, At safepoint: 23700 ns, Total: 104800 ns
[13.553s][info ][safepoint      ] Safepoint "ICBufferFull", Time since last: 162501 ns, Reaching safepoint: 82500 ns, At safepoint: 19500 ns, Total: 102000 ns
[13.555s][info ][safepoint      ] Safepoint "ICBufferFull", Time since last: 1606907 ns, Reaching safepoint: 98800 ns, At safepoint: 21501 ns, Total: 120301 ns
[13.556s][info ][safepoint      ] Safepoint "ICBufferFull", Time since last: 975104 ns, Reaching safepoint: 90000 ns, At safepoint: 31500 ns, Total: 121500 ns
[13.556s][info ][safepoint      ] Safepoint "ICBufferFull", Time since last: 79501 ns, Reaching safepoint: 88100 ns, At safepoint: 32000 ns, Total: 120100 ns
[13.556s][info ][safepoint      ] Safepoint "ICBufferFull", Time since last: 134701 ns, Reaching safepoint: 153700 ns, At safepoint: 23100 ns, Total: 176800 ns
[13.558s][info ][safepoint      ] Safepoint "ICBufferFull", Time since last: 1235706 ns, Reaching safepoint: 86700 ns, At safepoint: 20200 ns, Total: 106900 ns
[13.558s][info ][safepoint      ] Safepoint "ICBufferFull", Time since last: 63100 ns, Reaching safepoint: 83201 ns, At safepoint: 24600 ns, Total: 107801 ns
[13.558s][info ][safepoint      ] Safepoint "ICBufferFull", Time since last: 107000 ns, Reaching safepoint: 85001 ns, At safepoint: 24200 ns, Total: 109201 ns
[13.558s][info ][safepoint      ] Safepoint "ICBufferFull", Time since last: 73700 ns, Reaching safepoint: 86501 ns, At safepoint: 21800 ns, Total: 108301 ns
[13.560s][info ][safepoint      ] Safepoint "ICBufferFull", Time since last: 1076704 ns, Reaching safepoint: 99801 ns, At safepoint: 25400 ns, Total: 125201 ns
[13.561s][info ][safepoint      ] Safepoint "ICBufferFull", Time since last: 1122405 ns, Reaching safepoint: 102800 ns, At safepoint: 25800 ns, Total: 128600 ns
[13.562s][info ][safepoint      ] Safepoint "ICBufferFull", Time since last: 1332906 ns, Reaching safepoint: 110000 ns, At safepoint: 12600 ns, Total: 122600 ns
[13.563s][info ][safepoint      ] Safepoint "ICBufferFull", Time since last: 483702 ns, Reaching safepoint: 90201 ns, At safepoint: 24600 ns, Total: 114801 ns
[13.564s][info ][safepoint      ] Safepoint "ICBufferFull", Time since last: 1310805 ns, Reaching safepoint: 102501 ns, At safepoint: 28000 ns, Total: 130501 ns
[13.565s][info ][safepoint      ] Safepoint "ICBufferFull", Time since last: 89700 ns, Reaching safepoint: 104901 ns, At safepoint: 24300 ns, Total: 129201 ns
[13.565s][info ][safepoint      ] Safepoint "ICBufferFull", Time since last: 323001 ns, Reaching safepoint: 156601 ns, At safepoint: 22700 ns, Total: 179301 ns
[13.565s][info ][safepoint      ] Safepoint "ICBufferFull", Time since last: 315501 ns, Reaching safepoint: 87701 ns, At safepoint: 25000 ns, Total: 112701 ns
[13.570s][info ][safepoint      ] Safepoint "ICBufferFull", Time since last: 1002104 ns, Reaching safepoint: 3192214 ns, At safepoint: 19900 ns, Total: 3212114 ns
[13.570s][info ][safepoint      ] Safepoint "ICBufferFull", Time since last: 321201 ns, Reaching safepoint: 94001 ns, At safepoint: 21800 ns, Total: 115801 ns
[13.573s][info ][safepoint      ] Safepoint "ICBufferFull", Time since last: 2812012 ns, Reaching safepoint: 87700 ns, At safepoint: 22200 ns, Total: 109900 ns
[13.573s][info ][safepoint      ] Safepoint "ICBufferFull", Time since last: 53600 ns, Reaching safepoint: 84001 ns, At safepoint: 33400 ns, Total: 117401 ns
[13.573s][info ][safepoint      ] Safepoint "ICBufferFull", Time since last: 44300 ns, Reaching safepoint: 83600 ns, At safepoint: 21001 ns, Total: 104601 ns
[13.574s][info ][safepoint      ] Safepoint "ICBufferFull", Time since last: 84900 ns, Reaching safepoint: 83400 ns, At safepoint: 19900 ns, Total: 103300 ns
[13.575s][info ][safepoint      ] Safepoint "ICBufferFull", Time since last: 1033105 ns, Reaching safepoint: 96300 ns, At safepoint: 21500 ns, Total: 117800 ns
[13.575s][info ][safepoint      ] Safepoint "ICBufferFull", Time since last: 115101 ns, Reaching safepoint: 92400 ns, At safepoint: 23600 ns, Total: 116000 ns
[13.576s][info ][safepoint      ] Safepoint "ICBufferFull", Time since last: 1086405 ns, Reaching safepoint: 99500 ns, At safepoint: 26900 ns, Total: 126400 ns
[13.576s][info ][safepoint      ] Safepoint "ICBufferFull", Time since last: 132801 ns, Reaching safepoint: 89200 ns, At safepoint: 22200 ns, Total: 111400 ns
[13.577s][info ][safepoint      ] Safepoint "ICBufferFull", Time since last: 492603 ns, Reaching safepoint: 58000 ns, At safepoint: 23600 ns, Total: 81600 ns
[13.578s][info ][safepoint      ] Safepoint "ICBufferFull", Time since last: 1170205 ns, Reaching safepoint: 93900 ns, At safepoint: 23800 ns, Total: 117700 ns
[13.579s][info ][safepoint      ] Safepoint "ICBufferFull", Time since last: 964004 ns, Reaching safepoint: 92601 ns, At safepoint: 22800 ns, Total: 115401 ns
[13.579s][info ][safepoint      ] Safepoint "ICBufferFull", Time since last: 47600 ns, Reaching safepoint: 89101 ns, At safepoint: 19000 ns, Total: 108101 ns
[13.581s][info ][safepoint      ] Safepoint "ICBufferFull", Time since last: 1259405 ns, Reaching safepoint: 100600 ns, At safepoint: 20801 ns, Total: 121401 ns
[13.587s][info ][safepoint      ] Safepoint "ICBufferFull", Time since last: 6298126 ns, Reaching safepoint: 104401 ns, At safepoint: 22200 ns, Total: 126601 ns
[13.588s][info ][safepoint      ] Safepoint "ICBufferFull", Time since last: 664703 ns, Reaching safepoint: 93600 ns, At safepoint: 24100 ns, Total: 117700 ns
[13.588s][info ][safepoint      ] Safepoint "ICBufferFull", Time since last: 53600 ns, Reaching safepoint: 90401 ns, At safepoint: 23400 ns, Total: 113801 ns
[13.588s][info ][safepoint      ] Safepoint "ICBufferFull", Time since last: 33000 ns, Reaching safepoint: 80700 ns, At safepoint: 23401 ns, Total: 104101 ns
[13.589s][info ][safepoint      ] Safepoint "ICBufferFull", Time since last: 44800 ns, Reaching safepoint: 89800 ns, At safepoint: 21700 ns, Total: 111500 ns
[13.589s][info ][safepoint      ] Safepoint "ICBufferFull", Time since last: 40000 ns, Reaching safepoint: 86001 ns, At safepoint: 27700 ns, Total: 113701 ns
[13.590s][info ][safepoint      ] Safepoint "ICBufferFull", Time since last: 990604 ns, Reaching safepoint: 88800 ns, At safepoint: 19501 ns, Total: 108301 ns
[13.591s][info ][safepoint      ] Safepoint "ICBufferFull", Time since last: 606802 ns, Reaching safepoint: 90501 ns, At safepoint: 26200 ns, Total: 116701 ns
[13.591s][info ][safepoint      ] Safepoint "ICBufferFull", Time since last: 474302 ns, Reaching safepoint: 83200 ns, At safepoint: 29900 ns, Total: 113100 ns
[13.591s][info ][safepoint      ] Safepoint "ICBufferFull", Time since last: 101301 ns, Reaching safepoint: 90800 ns, At safepoint: 24500 ns, Total: 115300 ns
[13.592s][info ][safepoint      ] Safepoint "ICBufferFull", Time since last: 1061605 ns, Reaching safepoint: 88900 ns, At safepoint: 19300 ns, Total: 108200 ns
[13.593s][info ][safepoint      ] Safepoint "ICBufferFull", Time since last: 51900 ns, Reaching safepoint: 84201 ns, At safepoint: 23600 ns, Total: 107801 ns
[13.593s][info ][safepoint      ] Safepoint "ICBufferFull", Time since last: 44100 ns, Reaching safepoint: 85200 ns, At safepoint: 21900 ns, Total: 107100 ns
[13.593s][info ][safepoint      ] Safepoint "ICBufferFull", Time since last: 36301 ns, Reaching safepoint: 85200 ns, At safepoint: 26300 ns, Total: 111500 ns
[13.593s][info ][safepoint      ] Safepoint "ICBufferFull", Time since last: 219201 ns, Reaching safepoint: 86100 ns, At safepoint: 29300 ns, Total: 115400 ns
[13.594s][info ][safepoint      ] Safepoint "ICBufferFull", Time since last: 1054505 ns, Reaching safepoint: 97200 ns, At safepoint: 14300 ns, Total: 111500 ns
[13.595s][info ][safepoint      ] Safepoint "ICBufferFull", Time since last: 68801 ns, Reaching safepoint: 82500 ns, At safepoint: 17500 ns, Total: 100000 ns
[13.595s][info ][safepoint      ] Safepoint "ICBufferFull", Time since last: 53800 ns, Reaching safepoint: 82601 ns, At safepoint: 25200 ns, Total: 107801 ns
[13.595s][info ][safepoint      ] Safepoint "ICBufferFull", Time since last: 64500 ns, Reaching safepoint: 85800 ns, At safepoint: 23701 ns, Total: 109501 ns
[13.596s][info ][safepoint      ] Safepoint "ICBufferFull", Time since last: 1162705 ns, Reaching safepoint: 83800 ns, At safepoint: 13700 ns, Total: 97500 ns
[13.596s][info ][safepoint      ] Safepoint "ICBufferFull", Time since last: 61200 ns, Reaching safepoint: 83401 ns, At safepoint: 26500 ns, Total: 109901 ns
[13.602s][info ][safepoint      ] Safepoint "ICBufferFull", Time since last: 5819924 ns, Reaching safepoint: 98101 ns, At safepoint: 23500 ns, Total: 121601 ns
[13.602s][info ][safepoint      ] Safepoint "ICBufferFull", Time since last: 69300 ns, Reaching safepoint: 86301 ns, At safepoint: 24700 ns, Total: 111001 ns
[13.603s][info ][safepoint      ] Safepoint "ICBufferFull", Time since last: 53200 ns, Reaching safepoint: 83900 ns, At safepoint: 17400 ns, Total: 101300 ns
[13.603s][info ][safepoint      ] Safepoint "ICBufferFull", Time since last: 220001 ns, Reaching safepoint: 87801 ns, At safepoint: 20200 ns, Total: 108001 ns
[13.604s][info ][safepoint      ] Safepoint "ICBufferFull", Time since last: 1115505 ns, Reaching safepoint: 89300 ns, At safepoint: 11800 ns, Total: 101100 ns
[13.604s][info ][safepoint      ] Safepoint "ICBufferFull", Time since last: 45800 ns, Reaching safepoint: 85201 ns, At safepoint: 18200 ns, Total: 103401 ns
[13.604s][info ][safepoint      ] Safepoint "ICBufferFull", Time since last: 37500 ns, Reaching safepoint: 86200 ns, At safepoint: 16500 ns, Total: 102700 ns
[13.605s][info ][safepoint      ] Safepoint "ICBufferFull", Time since last: 390502 ns, Reaching safepoint: 88300 ns, At safepoint: 16700 ns, Total: 105000 ns
[13.608s][info ][safepoint      ] Safepoint "ICBufferFull", Time since last: 2574411 ns, Reaching safepoint: 48801 ns, At safepoint: 10800 ns, Total: 59601 ns
[13.608s][info ][safepoint      ] Safepoint "ICBufferFull", Time since last: 420301 ns, Reaching safepoint: 84001 ns, At safepoint: 21600 ns, Total: 105601 ns
[13.608s][info ][safepoint      ] Safepoint "ICBufferFull", Time since last: 32900 ns, Reaching safepoint: 84400 ns, At safepoint: 24100 ns, Total: 108500 ns
[13.608s][info ][safepoint      ] Safepoint "ICBufferFull", Time since last: 64401 ns, Reaching safepoint: 50900 ns, At safepoint: 29900 ns, Total: 80800 ns
[13.609s][info ][safepoint      ] Safepoint "ICBufferFull", Time since last: 90500 ns, Reaching safepoint: 87301 ns, At safepoint: 20800 ns, Total: 108101 ns
[13.613s][info ][safepoint      ] Safepoint "ICBufferFull", Time since last: 4590319 ns, Reaching safepoint: 86301 ns, At safepoint: 22000 ns, Total: 108301 ns
[13.619s][info ][safepoint      ] Safepoint "ICBufferFull", Time since last: 5683224 ns, Reaching safepoint: 108101 ns, At safepoint: 16300 ns, Total: 124401 ns
[13.620s][info ][safepoint      ] Safepoint "ICBufferFull", Time since last: 990504 ns, Reaching safepoint: 86900 ns, At safepoint: 17900 ns, Total: 104800 ns
[13.621s][info ][gc,start       ] GC(12) Pause Young (Allocation Failure)
[13.851s][debug][gc,phases      ] GC(12) Scavenge 229.640ms
[13.851s][debug][gc,ref         ] GC(12) Skipped phase 1 of Reference Processing: no references
[13.851s][debug][gc,ref         ] GC(12) ReferenceProcessor::execute queues: 1, RefProcThreadModel::Single, marks_oops_alive: false
[13.851s][debug][gc,ref         ] GC(12) Skipped phase 3 of Reference Processing: no references
[13.851s][debug][gc,ref         ] GC(12) ReferenceProcessor::execute queues: 1, RefProcThreadModel::Single, marks_oops_alive: false
[13.851s][debug][gc,phases      ] GC(12) Reference Processing 0.137ms
[13.852s][debug][gc,phases      ] GC(12)   VM Weak                        Min:  0.0, Avg:  0.0, Max:  0.0, Diff:  0.0, Sum:  0.0, Workers: 4
[13.852s][debug][gc,phases      ] GC(12)     Dead                           Min: 0, Avg:  0.0, Max: 0, Diff: 0, Sum: 0, Workers: 4
[13.852s][debug][gc,phases      ] GC(12)     Total                          Min: 0, Avg: 151.2, Max: 512, Diff: 512, Sum: 605, Workers: 4
[13.852s][debug][gc,phases      ] GC(12)   ObjectSynchronizer Weak        Min:  0.0, Avg:  0.0, Max:  0.0, Diff:  0.0, Sum:  0.0, Workers: 4
[13.852s][debug][gc,phases      ] GC(12)     Dead                           Min: 0, Avg:  0.0, Max: 0, Diff: 0, Sum: 0, Workers: 4
[13.852s][debug][gc,phases      ] GC(12)     Total                          Min: 0, Avg: 77.8, Max: 128, Diff: 128, Sum: 311, Workers: 4
[13.852s][debug][gc,phases      ] GC(12)   JVMTI Tag Weak OopStorage      Min:  0.0, Avg:  0.0, Max:  0.0, Diff:  0.0, Sum:  0.0, Workers: 4
[13.852s][debug][gc,phases      ] GC(12)     Dead                           Min: 0, Avg:  0.0, Max: 0, Diff: 0, Sum: 0, Workers: 4
[13.852s][debug][gc,phases      ] GC(12)     Total                          Min: 0, Avg:  0.0, Max: 0, Diff: 0, Sum: 0, Workers: 4
[13.852s][debug][gc,phases      ] GC(12)   StringTable Weak               Min:  0.2, Avg:  0.2, Max:  0.2, Diff:  0.0, Sum:  0.9, Workers: 4
[13.852s][debug][gc,phases      ] GC(12)     Dead                           Min: 0, Avg:  3.2, Max: 11, Diff: 11, Sum: 13, Workers: 4
[13.852s][debug][gc,phases      ] GC(12)     Total                          Min: 10513, Avg: 10964.0, Max: 11327, Diff: 814, Sum: 43856, Workers: 4
[13.852s][debug][gc,phases      ] GC(12)   ResolvedMethodTable Weak       Min:  0.0, Avg:  0.0, Max:  0.0, Diff:  0.0, Sum:  0.2, Workers: 4
[13.852s][debug][gc,phases      ] GC(12)     Dead                           Min: 0, Avg:  4.2, Max: 17, Diff: 17, Sum: 17, Workers: 4
[13.852s][debug][gc,phases      ] GC(12)     Total                          Min: 1660, Avg: 1769.8, Max: 2038, Diff: 378, Sum: 7079, Workers: 4
[13.852s][debug][gc,phases      ] GC(12)   JNI Weak                       Min:  0.0, Avg:  0.0, Max:  0.0, Diff:  0.0, Sum:  0.0, Workers: 4
[13.852s][debug][gc,phases      ] GC(12)     Dead                           Min: 0, Avg:  0.0, Max: 0, Diff: 0, Sum: 0, Workers: 4
[13.852s][debug][gc,phases      ] GC(12)     Total                          Min: 0, Avg:  2.5, Max: 10, Diff: 10, Sum: 10, Workers: 4
[13.852s][debug][gc,phases      ] GC(12)   StringDedup Table Weak         Min:  0.0, Avg:  0.0, Max:  0.0, Diff:  0.0, Sum:  0.0, Workers: 4
[13.852s][debug][gc,phases      ] GC(12)     Dead                           Min: 0, Avg:  0.0, Max: 0, Diff: 0, Sum: 0, Workers: 4
[13.852s][debug][gc,phases      ] GC(12)     Total                          Min: 0, Avg:  0.0, Max: 0, Diff: 0, Sum: 0, Workers: 4
[13.852s][debug][gc,phases      ] GC(12)   StringDedup Requests0 Weak     Min:  0.0, Avg:  0.0, Max:  0.0, Diff:  0.0, Sum:  0.0, Workers: 4
[13.852s][debug][gc,phases      ] GC(12)     Dead                           Min: 0, Avg:  0.0, Max: 0, Diff: 0, Sum: 0, Workers: 4
[13.852s][debug][gc,phases      ] GC(12)     Total                          Min: 0, Avg:  0.0, Max: 0, Diff: 0, Sum: 0, Workers: 4
[13.852s][debug][gc,phases      ] GC(12)   StringDedup Requests1 Weak     Min:  0.0, Avg:  0.0, Max:  0.0, Diff:  0.0, Sum:  0.0, Workers: 4
[13.852s][debug][gc,phases      ] GC(12)     Dead                           Min: 0, Avg:  0.0, Max: 0, Diff: 0, Sum: 0, Workers: 4
[13.852s][debug][gc,phases      ] GC(12)     Total                          Min: 0, Avg:  0.0, Max: 0, Diff: 0, Sum: 0, Workers: 4
[13.852s][debug][gc,phases      ] GC(12)   Weak JFR Old Object Samples    Min:  0.0, Avg:  0.0, Max:  0.0, Diff:  0.0, Sum:  0.0, Workers: 4
[13.852s][debug][gc,phases      ] GC(12)     Dead                           Min: 0, Avg:  0.0, Max: 0, Diff: 0, Sum: 0, Workers: 4
[13.852s][debug][gc,phases      ] GC(12)     Total                          Min: 0, Avg:  0.0, Max: 0, Diff: 0, Sum: 0, Workers: 4
[13.852s][debug][gc,phases      ] GC(12) Weak Processing 0.439ms
[13.852s][debug][gc,age         ] GC(12) Desired survivor size 536870912 bytes, new threshold 4 (max threshold 15)
[13.852s][info ][gc,heap        ] GC(12) PSYoungGen: 1572833K(1572864K)->474951K(1572864K) Eden: 1048576K(1048576K)->0K(1048576K) From: 524257K(524288K)->474951K(524288K)
[13.852s][info ][gc,heap        ] GC(12) ParOldGen: 184530K(307712K)->237531K(307712K)
[13.852s][info ][gc,metaspace   ] GC(12) Metaspace: 69793K(70528K)->69793K(70528K) NonClass: 59572K(59968K)->59572K(59968K) Class: 10220K(10560K)->10220K(10560K)
[13.852s][info ][gc             ] GC(12) Pause Young (Allocation Failure) 1716M->695M(1836M) 230.325ms
[13.852s][info ][gc,cpu         ] GC(12) User=0.89s Sys=0.02s Real=0.23s
[13.852s][debug][gc,phases      ] GC(13) Pre Compact 0.010ms
[13.852s][info ][gc,start       ] GC(13) Pause Full (Ergonomics)
[13.852s][info ][gc,phases,start] GC(13) Marking Phase
[14.027s][debug][gc,phases      ] GC(13) Par Mark 175.406ms
[14.027s][debug][gc,ref         ] GC(13) Skipped phase 1 of Reference Processing: no references
[14.027s][debug][gc,ref         ] GC(13) ReferenceProcessor::execute queues: 4, RefProcThreadModel::Multi, marks_oops_alive: false
[14.028s][debug][gc,ref         ] GC(13) Skipped phase 3 of Reference Processing: no references
[14.028s][debug][gc,ref         ] GC(13) ReferenceProcessor::execute queues: 1, RefProcThreadModel::Single, marks_oops_alive: false
[14.028s][debug][gc,phases      ] GC(13) Reference Processing 0.280ms
[14.028s][debug][gc,phases      ] GC(13)   VM Weak                        Min:  0.0, Avg:  0.0, Max:  0.0, Diff:  0.0, Sum:  0.0, Workers: 4
[14.028s][debug][gc,phases      ] GC(13)     Dead                           Min: 0, Avg:  0.0, Max: 0, Diff: 0, Sum: 0, Workers: 4
[14.028s][debug][gc,phases      ] GC(13)     Total                          Min: 0, Avg: 151.2, Max: 349, Diff: 349, Sum: 605, Workers: 4
[14.028s][debug][gc,phases      ] GC(13)   ObjectSynchronizer Weak        Min:  0.0, Avg:  0.0, Max:  0.0, Diff:  0.0, Sum:  0.0, Workers: 4
[14.028s][debug][gc,phases      ] GC(13)     Dead                           Min: 0, Avg:  0.0, Max: 0, Diff: 0, Sum: 0, Workers: 4
[14.028s][debug][gc,phases      ] GC(13)     Total                          Min: 0, Avg: 77.8, Max: 128, Diff: 128, Sum: 311, Workers: 4
[14.028s][debug][gc,phases      ] GC(13)   JVMTI Tag Weak OopStorage      Min:  0.0, Avg:  0.0, Max:  0.0, Diff:  0.0, Sum:  0.0, Workers: 4
[14.028s][debug][gc,phases      ] GC(13)     Dead                           Min: 0, Avg:  0.0, Max: 0, Diff: 0, Sum: 0, Workers: 4
[14.028s][debug][gc,phases      ] GC(13)     Total                          Min: 0, Avg:  0.0, Max: 0, Diff: 0, Sum: 0, Workers: 4
[14.028s][debug][gc,phases      ] GC(13)   StringTable Weak               Min:  0.2, Avg:  0.2, Max:  0.2, Diff:  0.0, Sum:  0.6, Workers: 4
[14.028s][debug][gc,phases      ] GC(13)     Dead                           Min: 0, Avg:  0.0, Max: 0, Diff: 0, Sum: 0, Workers: 4
[14.028s][debug][gc,phases      ] GC(13)     Total                          Min: 9280, Avg: 10964.0, Max: 12095, Diff: 2815, Sum: 43856, Workers: 4
[14.028s][debug][gc,phases      ] GC(13)   ResolvedMethodTable Weak       Min:  0.0, Avg:  0.0, Max:  0.0, Diff:  0.0, Sum:  0.1, Workers: 4
[14.028s][debug][gc,phases      ] GC(13)     Dead                           Min: 0, Avg:  0.0, Max: 0, Diff: 0, Sum: 0, Workers: 4
[14.028s][debug][gc,phases      ] GC(13)     Total                          Min: 1653, Avg: 1769.8, Max: 2102, Diff: 449, Sum: 7079, Workers: 4
[14.028s][debug][gc,phases      ] GC(13)   JNI Weak                       Min:  0.0, Avg:  0.0, Max:  0.0, Diff:  0.0, Sum:  0.0, Workers: 4
[14.028s][debug][gc,phases      ] GC(13)     Dead                           Min: 0, Avg:  0.0, Max: 0, Diff: 0, Sum: 0, Workers: 4
[14.028s][debug][gc,phases      ] GC(13)     Total                          Min: 0, Avg:  2.5, Max: 10, Diff: 10, Sum: 10, Workers: 4
[14.028s][debug][gc,phases      ] GC(13)   StringDedup Table Weak         Min:  0.0, Avg:  0.0, Max:  0.0, Diff:  0.0, Sum:  0.0, Workers: 4
[14.028s][debug][gc,phases      ] GC(13)     Dead                           Min: 0, Avg:  0.0, Max: 0, Diff: 0, Sum: 0, Workers: 4
[14.028s][debug][gc,phases      ] GC(13)     Total                          Min: 0, Avg:  0.0, Max: 0, Diff: 0, Sum: 0, Workers: 4
[14.028s][debug][gc,phases      ] GC(13)   StringDedup Requests0 Weak     Min:  0.0, Avg:  0.0, Max:  0.0, Diff:  0.0, Sum:  0.0, Workers: 4
[14.028s][debug][gc,phases      ] GC(13)     Dead                           Min: 0, Avg:  0.0, Max: 0, Diff: 0, Sum: 0, Workers: 4
[14.028s][debug][gc,phases      ] GC(13)     Total                          Min: 0, Avg:  0.0, Max: 0, Diff: 0, Sum: 0, Workers: 4
[14.028s][debug][gc,phases      ] GC(13)   StringDedup Requests1 Weak     Min:  0.0, Avg:  0.0, Max:  0.0, Diff:  0.0, Sum:  0.0, Workers: 4
[14.028s][debug][gc,phases      ] GC(13)     Dead                           Min: 0, Avg:  0.0, Max: 0, Diff: 0, Sum: 0, Workers: 4
[14.028s][debug][gc,phases      ] GC(13)     Total                          Min: 0, Avg:  0.0, Max: 0, Diff: 0, Sum: 0, Workers: 4
[14.028s][debug][gc,phases      ] GC(13)   Weak JFR Old Object Samples    Min:  0.0, Avg:  0.0, Max:  0.0, Diff:  0.0, Sum:  0.0, Workers: 4
[14.028s][debug][gc,phases      ] GC(13)     Dead                           Min: 0, Avg:  0.0, Max: 0, Diff: 0, Sum: 0, Workers: 4
[14.028s][debug][gc,phases      ] GC(13)     Total                          Min: 0, Avg:  0.0, Max: 0, Diff: 0, Sum: 0, Workers: 4
[14.028s][debug][gc,phases      ] GC(13) Weak Processing 0.327ms
[14.028s][debug][gc,phases      ] GC(13) ClassLoaderData 0.075ms
[14.028s][debug][gc,phases      ] GC(13) Trigger cleanups 0.000ms
[14.036s][debug][gc,phases      ] GC(13) Class Unloading 8.426ms
[14.036s][info ][gc,phases      ] GC(13) Marking Phase 184.579ms
[14.036s][info ][gc,phases,start] GC(13) Summary Phase
[14.036s][info ][gc,phases      ] GC(13) Summary Phase 0.024ms
[14.036s][info ][gc,phases,start] GC(13) Adjust Roots
[14.049s][info ][gc,phases      ] GC(13) Adjust Roots 12.998ms
[14.049s][info ][gc,phases,start] GC(13) Compaction Phase
[14.710s][info ][gc,phases      ] GC(13) Compaction Phase 660.934ms
[14.710s][info ][gc,phases,start] GC(13) Post Compact
[14.713s][info ][gc,phases      ] GC(13) Post Compact 2.279ms
[14.713s][info ][gc,heap        ] GC(13) PSYoungGen: 474951K(1572864K)->333119K(1572864K) Eden: 0K(1048576K)->0K(1048576K) From: 474951K(524288K)->333119K(524288K)
[14.713s][info ][gc,heap        ] GC(13) ParOldGen: 237531K(307712K)->307322K(460800K)
[14.713s][info ][gc,metaspace   ] GC(13) Metaspace: 69793K(70528K)->69793K(70528K) NonClass: 59572K(59968K)->59572K(59968K) Class: 10220K(10560K)->10220K(10560K)
[14.713s][info ][gc             ] GC(13) Pause Full (Ergonomics) 695M->625M(1986M) 861.123ms
[14.713s][info ][gc,cpu         ] GC(13) User=3.37s Sys=0.00s Real=0.86s
[14.713s][info ][safepoint      ] Safepoint "ParallelGCFailedAllocation", Time since last: 1008305 ns, Reaching safepoint: 95500 ns, At safepoint: 1091599056 ns, Total: 1091694556 ns
[14.713s][info ][safepoint      ] Safepoint "ICBufferFull", Time since last: 77700 ns, Reaching safepoint: 109101 ns, At safepoint: 14800 ns, Total: 123901 ns
[14.718s][info ][safepoint      ] Safepoint "ICBufferFull", Time since last: 4088817 ns, Reaching safepoint: 110701 ns, At safepoint: 589702 ns, Total: 700403 ns
[14.719s][info ][safepoint      ] Safepoint "ICBufferFull", Time since last: 831704 ns, Reaching safepoint: 93400 ns, At safepoint: 19800 ns, Total: 113200 ns
[14.721s][info ][safepoint      ] Safepoint "ICBufferFull", Time since last: 1496707 ns, Reaching safepoint: 94400 ns, At safepoint: 122301 ns, Total: 216701 ns
[14.722s][info ][safepoint      ] Safepoint "ICBufferFull", Time since last: 1152704 ns, Reaching safepoint: 90901 ns, At safepoint: 13300 ns, Total: 104201 ns
[14.722s][info ][safepoint      ] Safepoint "ICBufferFull", Time since last: 90600 ns, Reaching safepoint: 89801 ns, At safepoint: 16400 ns, Total: 106201 ns
[14.722s][info ][safepoint      ] Safepoint "ICBufferFull", Time since last: 253301 ns, Reaching safepoint: 88700 ns, At safepoint: 22400 ns, Total: 111100 ns
[14.724s][info ][safepoint      ] Safepoint "ICBufferFull", Time since last: 1299106 ns, Reaching safepoint: 88400 ns, At safepoint: 17100 ns, Total: 105500 ns
[14.725s][info ][safepoint      ] Safepoint "ICBufferFull", Time since last: 1420206 ns, Reaching safepoint: 91901 ns, At safepoint: 25800 ns, Total: 117701 ns
[14.725s][info ][safepoint      ] Safepoint "ICBufferFull", Time since last: 45000 ns, Reaching safepoint: 96200 ns, At safepoint: 17601 ns, Total: 113801 ns
[14.726s][info ][safepoint      ] Safepoint "ICBufferFull", Time since last: 246701 ns, Reaching safepoint: 89500 ns, At safepoint: 614503 ns, Total: 704003 ns
[14.728s][info ][safepoint      ] Safepoint "ICBufferFull", Time since last: 1895308 ns, Reaching safepoint: 88800 ns, At safepoint: 23700 ns, Total: 112500 ns
[14.729s][info ][safepoint      ] Safepoint "ICBufferFull", Time since last: 45700 ns, Reaching safepoint: 97601 ns, At safepoint: 714003 ns, Total: 811604 ns
[14.730s][info ][safepoint      ] Safepoint "ICBufferFull", Time since last: 822903 ns, Reaching safepoint: 88301 ns, At safepoint: 27400 ns, Total: 115701 ns
[14.730s][info ][safepoint      ] Safepoint "ICBufferFull", Time since last: 66000 ns, Reaching safepoint: 85900 ns, At safepoint: 16900 ns, Total: 102800 ns
[14.733s][info ][safepoint      ] Safepoint "ICBufferFull", Time since last: 2771212 ns, Reaching safepoint: 84401 ns, At safepoint: 19800 ns, Total: 104201 ns
[14.733s][info ][safepoint      ] Safepoint "ICBufferFull", Time since last: 72200 ns, Reaching safepoint: 86300 ns, At safepoint: 30001 ns, Total: 116301 ns
[14.734s][info ][safepoint      ] Safepoint "ICBufferFull", Time since last: 62700 ns, Reaching safepoint: 84300 ns, At safepoint: 28300 ns, Total: 112600 ns
[14.734s][info ][safepoint      ] Safepoint "ICBufferFull", Time since last: 50801 ns, Reaching safepoint: 83100 ns, At safepoint: 27100 ns, Total: 110200 ns
[14.734s][info ][safepoint      ] Safepoint "ICBufferFull", Time since last: 318401 ns, Reaching safepoint: 53901 ns, At safepoint: 28000 ns, Total: 81901 ns
[14.734s][info ][safepoint      ] Safepoint "ICBufferFull", Time since last: 110900 ns, Reaching safepoint: 84901 ns, At safepoint: 23600 ns, Total: 108501 ns
[14.736s][info ][safepoint      ] Safepoint "ICBufferFull", Time since last: 1103004 ns, Reaching safepoint: 98401 ns, At safepoint: 16400 ns, Total: 114801 ns
[14.736s][info ][safepoint      ] Safepoint "ICBufferFull", Time since last: 44900 ns, Reaching safepoint: 87100 ns, At safepoint: 20900 ns, Total: 108000 ns
[14.736s][info ][safepoint      ] Safepoint "ICBufferFull", Time since last: 29201 ns, Reaching safepoint: 84800 ns, At safepoint: 23800 ns, Total: 108600 ns
[14.736s][info ][safepoint      ] Safepoint "ICBufferFull", Time since last: 168901 ns, Reaching safepoint: 90600 ns, At safepoint: 24800 ns, Total: 115400 ns
[14.737s][info ][safepoint      ] Safepoint "ICBufferFull", Time since last: 1145305 ns, Reaching safepoint: 91201 ns, At safepoint: 27500 ns, Total: 118701 ns
[14.738s][info ][safepoint      ] Safepoint "ICBufferFull", Time since last: 112000 ns, Reaching safepoint: 88301 ns, At safepoint: 18500 ns, Total: 106801 ns
[14.739s][info ][safepoint      ] Safepoint "ICBufferFull", Time since last: 1112604 ns, Reaching safepoint: 92001 ns, At safepoint: 16800 ns, Total: 108801 ns
[14.739s][info ][safepoint      ] Safepoint "ICBufferFull", Time since last: 153800 ns, Reaching safepoint: 88301 ns, At safepoint: 20400 ns, Total: 108701 ns
[14.739s][info ][safepoint      ] Safepoint "ICBufferFull", Time since last: 137101 ns, Reaching safepoint: 95700 ns, At safepoint: 25200 ns, Total: 120900 ns
[14.742s][info ][safepoint      ] Safepoint "ICBufferFull", Time since last: 2022609 ns, Reaching safepoint: 99000 ns, At safepoint: 9400 ns, Total: 108400 ns
[14.742s][info ][safepoint      ] Safepoint "ICBufferFull", Time since last: 134201 ns, Reaching safepoint: 92600 ns, At safepoint: 23300 ns, Total: 115900 ns
[14.742s][info ][safepoint      ] Safepoint "ICBufferFull", Time since last: 91201 ns, Reaching safepoint: 92300 ns, At safepoint: 18600 ns, Total: 110900 ns
[14.743s][info ][safepoint      ] Safepoint "ICBufferFull", Time since last: 663903 ns, Reaching safepoint: 93200 ns, At safepoint: 17600 ns, Total: 110800 ns
[14.744s][info ][safepoint      ] Safepoint "ICBufferFull", Time since last: 1566207 ns, Reaching safepoint: 96100 ns, At safepoint: 15401 ns, Total: 111501 ns
[14.745s][info ][safepoint      ] Safepoint "ICBufferFull", Time since last: 49300 ns, Reaching safepoint: 80700 ns, At safepoint: 22600 ns, Total: 103300 ns
[14.745s][info ][safepoint      ] Safepoint "ICBufferFull", Time since last: 305701 ns, Reaching safepoint: 84801 ns, At safepoint: 19700 ns, Total: 104501 ns
[14.745s][info ][safepoint      ] Safepoint "ICBufferFull", Time since last: 227801 ns, Reaching safepoint: 83600 ns, At safepoint: 16800 ns, Total: 100400 ns
[14.747s][info ][safepoint      ] Safepoint "ICBufferFull", Time since last: 1783708 ns, Reaching safepoint: 84600 ns, At safepoint: 22400 ns, Total: 107000 ns
[14.747s][info ][safepoint      ] Safepoint "ICBufferFull", Time since last: 56601 ns, Reaching safepoint: 79900 ns, At safepoint: 21400 ns, Total: 101300 ns
[14.748s][info ][safepoint      ] Safepoint "ICBufferFull", Time since last: 29200 ns, Reaching safepoint: 99101 ns, At safepoint: 18400 ns, Total: 117501 ns
[14.748s][info ][safepoint      ] Safepoint "ICBufferFull", Time since last: 82500 ns, Reaching safepoint: 91900 ns, At safepoint: 20901 ns, Total: 112801 ns
[14.749s][info ][safepoint      ] Safepoint "ICBufferFull", Time since last: 1455506 ns, Reaching safepoint: 84700 ns, At safepoint: 20500 ns, Total: 105200 ns
[14.749s][info ][safepoint      ] Safepoint "ICBufferFull", Time since last: 45400 ns, Reaching safepoint: 80101 ns, At safepoint: 20800 ns, Total: 100901 ns
[14.750s][info ][safepoint      ] Safepoint "ICBufferFull", Time since last: 512502 ns, Reaching safepoint: 88800 ns, At safepoint: 28100 ns, Total: 116900 ns
[14.750s][info ][safepoint      ] Safepoint "ICBufferFull", Time since last: 109501 ns, Reaching safepoint: 95200 ns, At safepoint: 21200 ns, Total: 116400 ns
[14.752s][info ][safepoint      ] Safepoint "ICBufferFull", Time since last: 1435007 ns, Reaching safepoint: 84200 ns, At safepoint: 12600 ns, Total: 96800 ns
[14.752s][info ][safepoint      ] Safepoint "ICBufferFull", Time since last: 55400 ns, Reaching safepoint: 82401 ns, At safepoint: 19600 ns, Total: 102001 ns
[14.752s][info ][safepoint      ] Safepoint "ICBufferFull", Time since last: 43000 ns, Reaching safepoint: 80200 ns, At safepoint: 21700 ns, Total: 101900 ns
[14.753s][info ][safepoint      ] Safepoint "ICBufferFull", Time since last: 1127805 ns, Reaching safepoint: 90000 ns, At safepoint: 21501 ns, Total: 111501 ns
[14.754s][info ][safepoint      ] Safepoint "ICBufferFull", Time since last: 32800 ns, Reaching safepoint: 94100 ns, At safepoint: 13900 ns, Total: 108000 ns
[14.755s][info ][safepoint      ] Safepoint "ICBufferFull", Time since last: 1100505 ns, Reaching safepoint: 104200 ns, At safepoint: 23300 ns, Total: 127500 ns
[14.755s][info ][safepoint      ] Safepoint "ICBufferFull", Time since last: 62301 ns, Reaching safepoint: 81200 ns, At safepoint: 25300 ns, Total: 106500 ns
[14.755s][info ][safepoint      ] Safepoint "ICBufferFull", Time since last: 37400 ns, Reaching safepoint: 92101 ns, At safepoint: 23500 ns, Total: 115601 ns
[14.755s][info ][safepoint      ] Safepoint "ICBufferFull", Time since last: 118200 ns, Reaching safepoint: 215001 ns, At safepoint: 27100 ns, Total: 242101 ns
[14.756s][info ][safepoint      ] Safepoint "ICBufferFull", Time since last: 35100 ns, Reaching safepoint: 90601 ns, At safepoint: 20600 ns, Total: 111201 ns
[14.757s][info ][safepoint      ] Safepoint "ICBufferFull", Time since last: 1314406 ns, Reaching safepoint: 91100 ns, At safepoint: 17800 ns, Total: 108900 ns
[14.757s][info ][safepoint      ] Safepoint "ICBufferFull", Time since last: 67000 ns, Reaching safepoint: 96101 ns, At safepoint: 24400 ns, Total: 120501 ns
[14.757s][info ][safepoint      ] Safepoint "ICBufferFull", Time since last: 44500 ns, Reaching safepoint: 86400 ns, At safepoint: 21100 ns, Total: 107500 ns
[14.758s][info ][safepoint      ] Safepoint "ICBufferFull", Time since last: 145601 ns, Reaching safepoint: 86500 ns, At safepoint: 24801 ns, Total: 111301 ns
[14.759s][info ][safepoint      ] Safepoint "ICBufferFull", Time since last: 1312105 ns, Reaching safepoint: 88601 ns, At safepoint: 18900 ns, Total: 107501 ns
[14.759s][info ][safepoint      ] Safepoint "ICBufferFull", Time since last: 44200 ns, Reaching safepoint: 88700 ns, At safepoint: 25200 ns, Total: 113900 ns
[14.759s][info ][safepoint      ] Safepoint "ICBufferFull", Time since last: 79201 ns, Reaching safepoint: 89900 ns, At safepoint: 23900 ns, Total: 113800 ns
[14.760s][info ][safepoint      ] Safepoint "ICBufferFull", Time since last: 984704 ns, Reaching safepoint: 96101 ns, At safepoint: 18900 ns, Total: 115001 ns
[14.761s][info ][safepoint      ] Safepoint "ICBufferFull", Time since last: 169101 ns, Reaching safepoint: 92800 ns, At safepoint: 20700 ns, Total: 113500 ns
[14.761s][info ][safepoint      ] Safepoint "ICBufferFull", Time since last: 141401 ns, Reaching safepoint: 93700 ns, At safepoint: 21000 ns, Total: 114700 ns
[14.762s][info ][safepoint      ] Safepoint "ICBufferFull", Time since last: 1152105 ns, Reaching safepoint: 89700 ns, At safepoint: 20400 ns, Total: 110100 ns
[14.762s][info ][safepoint      ] Safepoint "ICBufferFull", Time since last: 57401 ns, Reaching safepoint: 88100 ns, At safepoint: 21200 ns, Total: 109300 ns
[14.766s][info ][safepoint      ] Safepoint "ICBufferFull", Time since last: 39300 ns, Reaching safepoint: 3167914 ns, At safepoint: 26700 ns, Total: 3194614 ns
[14.767s][info ][safepoint      ] Safepoint "ICBufferFull", Time since last: 1151405 ns, Reaching safepoint: 427902 ns, At safepoint: 21400 ns, Total: 449302 ns
[14.769s][info ][safepoint      ] Safepoint "ICBufferFull", Time since last: 1156005 ns, Reaching safepoint: 103800 ns, At safepoint: 19400 ns, Total: 123200 ns
[14.773s][info ][safepoint      ] Safepoint "ICBufferFull", Time since last: 4650420 ns, Reaching safepoint: 97901 ns, At safepoint: 22700 ns, Total: 120601 ns
[14.774s][info ][safepoint      ] Safepoint "ICBufferFull", Time since last: 84500 ns, Reaching safepoint: 84800 ns, At safepoint: 6800 ns, Total: 91600 ns
[14.774s][info ][safepoint      ] Safepoint "ICBufferFull", Time since last: 53501 ns, Reaching safepoint: 80500 ns, At safepoint: 21200 ns, Total: 101700 ns
[14.781s][info ][safepoint      ] Safepoint "ICBufferFull", Time since last: 7014430 ns, Reaching safepoint: 121700 ns, At safepoint: 27201 ns, Total: 148901 ns
[14.781s][info ][safepoint      ] Safepoint "ICBufferFull", Time since last: 226101 ns, Reaching safepoint: 89500 ns, At safepoint: 31600 ns, Total: 121100 ns
[14.781s][info ][safepoint      ] Safepoint "ICBufferFull", Time since last: 63800 ns, Reaching safepoint: 83101 ns, At safepoint: 26600 ns, Total: 109701 ns
[14.782s][info ][safepoint      ] Safepoint "ICBufferFull", Time since last: 47700 ns, Reaching safepoint: 81000 ns, At safepoint: 24400 ns, Total: 105400 ns
[14.783s][info ][safepoint      ] Safepoint "ICBufferFull", Time since last: 1168005 ns, Reaching safepoint: 366602 ns, At safepoint: 25100 ns, Total: 391702 ns
[14.784s][info ][safepoint      ] Safepoint "ICBufferFull", Time since last: 937304 ns, Reaching safepoint: 102401 ns, At safepoint: 19100 ns, Total: 121501 ns
[14.784s][info ][safepoint      ] Safepoint "ICBufferFull", Time since last: 203500 ns, Reaching safepoint: 96101 ns, At safepoint: 18600 ns, Total: 114701 ns
[14.786s][info ][safepoint      ] Safepoint "ICBufferFull", Time since last: 1430206 ns, Reaching safepoint: 96500 ns, At safepoint: 23001 ns, Total: 119501 ns
[14.789s][info ][safepoint      ] Safepoint "ICBufferFull", Time since last: 2409910 ns, Reaching safepoint: 107500 ns, At safepoint: 24500 ns, Total: 132000 ns
[14.790s][info ][safepoint      ] Safepoint "ICBufferFull", Time since last: 1275206 ns, Reaching safepoint: 94900 ns, At safepoint: 23600 ns, Total: 118500 ns
[14.790s][info ][safepoint      ] Safepoint "ICBufferFull", Time since last: 50801 ns, Reaching safepoint: 82700 ns, At safepoint: 23500 ns, Total: 106200 ns
[14.792s][info ][safepoint      ] Safepoint "ICBufferFull", Time since last: 1295406 ns, Reaching safepoint: 91300 ns, At safepoint: 24000 ns, Total: 115300 ns
[14.793s][info ][safepoint      ] Safepoint "ICBufferFull", Time since last: 1140005 ns, Reaching safepoint: 96700 ns, At safepoint: 18600 ns, Total: 115300 ns
[14.793s][info ][safepoint      ] Safepoint "ICBufferFull", Time since last: 49301 ns, Reaching safepoint: 79800 ns, At safepoint: 25100 ns, Total: 104900 ns
[14.794s][info ][safepoint      ] Safepoint "ICBufferFull", Time since last: 1324206 ns, Reaching safepoint: 100100 ns, At safepoint: 19600 ns, Total: 119700 ns
[14.796s][info ][safepoint      ] Safepoint "ICBufferFull", Time since last: 1407206 ns, Reaching safepoint: 96601 ns, At safepoint: 24600 ns, Total: 121201 ns
[14.798s][info ][safepoint      ] Safepoint "ICBufferFull", Time since last: 1539706 ns, Reaching safepoint: 91701 ns, At safepoint: 26700 ns, Total: 118401 ns
[14.799s][info ][safepoint      ] Safepoint "ICBufferFull", Time since last: 1521406 ns, Reaching safepoint: 100601 ns, At safepoint: 18900 ns, Total: 119501 ns
[14.799s][info ][safepoint      ] Safepoint "ICBufferFull", Time since last: 67000 ns, Reaching safepoint: 80600 ns, At safepoint: 23601 ns, Total: 104201 ns
[14.800s][info ][safepoint      ] Safepoint "ICBufferFull", Time since last: 233201 ns, Reaching safepoint: 99800 ns, At safepoint: 22200 ns, Total: 122000 ns
[14.801s][info ][safepoint      ] Safepoint "ICBufferFull", Time since last: 1169305 ns, Reaching safepoint: 96100 ns, At safepoint: 22201 ns, Total: 118301 ns
[14.801s][info ][safepoint      ] Safepoint "ICBufferFull", Time since last: 57400 ns, Reaching safepoint: 82100 ns, At safepoint: 19400 ns, Total: 101500 ns
[14.802s][info ][safepoint      ] Safepoint "ICBufferFull", Time since last: 1176605 ns, Reaching safepoint: 96501 ns, At safepoint: 23700 ns, Total: 120201 ns
[14.804s][info ][safepoint      ] Safepoint "ICBufferFull", Time since last: 1224905 ns, Reaching safepoint: 89000 ns, At safepoint: 17000 ns, Total: 106000 ns
[14.804s][info ][safepoint      ] Safepoint "ICBufferFull", Time since last: 53201 ns, Reaching safepoint: 93200 ns, At safepoint: 20900 ns, Total: 114100 ns
[14.804s][info ][safepoint      ] Safepoint "ICBufferFull", Time since last: 27700 ns, Reaching safepoint: 85101 ns, At safepoint: 21300 ns, Total: 106401 ns
[14.805s][info ][safepoint      ] Safepoint "ICBufferFull", Time since last: 1230305 ns, Reaching safepoint: 89800 ns, At safepoint: 20800 ns, Total: 110600 ns
[14.809s][info ][safepoint      ] Safepoint "ICBufferFull", Time since last: 3093814 ns, Reaching safepoint: 85100 ns, At safepoint: 9400 ns, Total: 94500 ns
[14.809s][info ][safepoint      ] Safepoint "ICBufferFull", Time since last: 68800 ns, Reaching safepoint: 87401 ns, At safepoint: 15800 ns, Total: 103201 ns
[14.809s][info ][safepoint      ] Safepoint "ICBufferFull", Time since last: 49200 ns, Reaching safepoint: 97700 ns, At safepoint: 18900 ns, Total: 116600 ns
[14.809s][info ][safepoint      ] Safepoint "ICBufferFull", Time since last: 45901 ns, Reaching safepoint: 100600 ns, At safepoint: 16000 ns, Total: 116600 ns
[14.809s][info ][safepoint      ] Safepoint "ICBufferFull", Time since last: 51400 ns, Reaching safepoint: 93001 ns, At safepoint: 15800 ns, Total: 108801 ns
[14.810s][info ][safepoint      ] Safepoint "ICBufferFull", Time since last: 205201 ns, Reaching safepoint: 67900 ns, At safepoint: 20600 ns, Total: 88500 ns
[14.811s][info ][safepoint      ] Safepoint "ICBufferFull", Time since last: 1162405 ns, Reaching safepoint: 153501 ns, At safepoint: 18000 ns, Total: 171501 ns
[14.811s][info ][safepoint      ] Safepoint "ICBufferFull", Time since last: 48100 ns, Reaching safepoint: 83600 ns, At safepoint: 18900 ns, Total: 102500 ns
[14.811s][info ][safepoint      ] Safepoint "ICBufferFull", Time since last: 185801 ns, Reaching safepoint: 87401 ns, At safepoint: 17800 ns, Total: 105201 ns
[14.814s][info ][safepoint      ] Safepoint "ICBufferFull", Time since last: 2518910 ns, Reaching safepoint: 96601 ns, At safepoint: 21400 ns, Total: 118001 ns
[14.815s][info ][safepoint      ] Safepoint "ICBufferFull", Time since last: 499902 ns, Reaching safepoint: 96400 ns, At safepoint: 24201 ns, Total: 120601 ns
[14.817s][info ][safepoint      ] Safepoint "ICBufferFull", Time since last: 2620411 ns, Reaching safepoint: 94800 ns, At safepoint: 17200 ns, Total: 112000 ns
[14.817s][info ][safepoint      ] Safepoint "ICBufferFull", Time since last: 55100 ns, Reaching safepoint: 86201 ns, At safepoint: 21400 ns, Total: 107601 ns
[14.821s][info ][safepoint      ] Safepoint "ICBufferFull", Time since last: 3278614 ns, Reaching safepoint: 87100 ns, At safepoint: 16800 ns, Total: 103900 ns
[14.821s][info ][safepoint      ] Safepoint "ICBufferFull", Time since last: 66801 ns, Reaching safepoint: 88000 ns, At safepoint: 17600 ns, Total: 105600 ns
[14.821s][info ][safepoint      ] Safepoint "ICBufferFull", Time since last: 50600 ns, Reaching safepoint: 81201 ns, At safepoint: 18400 ns, Total: 99601 ns
[14.821s][info ][safepoint      ] Safepoint "ICBufferFull", Time since last: 59200 ns, Reaching safepoint: 81100 ns, At safepoint: 17000 ns, Total: 98100 ns
[14.822s][info ][safepoint      ] Safepoint "ICBufferFull", Time since last: 70001 ns, Reaching safepoint: 97200 ns, At safepoint: 23200 ns, Total: 120400 ns
[14.823s][info ][safepoint      ] Safepoint "ICBufferFull", Time since last: 1206105 ns, Reaching safepoint: 86701 ns, At safepoint: 22700 ns, Total: 109401 ns
[14.823s][info ][safepoint      ] Safepoint "ICBufferFull", Time since last: 59300 ns, Reaching safepoint: 81800 ns, At safepoint: 25101 ns, Total: 106901 ns
[14.823s][info ][safepoint      ] Safepoint "ICBufferFull", Time since last: 52000 ns, Reaching safepoint: 81500 ns, At safepoint: 23300 ns, Total: 104800 ns
[14.829s][info ][safepoint      ] Safepoint "ICBufferFull", Time since last: 5411023 ns, Reaching safepoint: 104901 ns, At safepoint: 20400 ns, Total: 125301 ns
[14.829s][info ][safepoint      ] Safepoint "ICBufferFull", Time since last: 72300 ns, Reaching safepoint: 92201 ns, At safepoint: 21600 ns, Total: 113801 ns
[14.829s][info ][safepoint      ] Safepoint "ICBufferFull", Time since last: 281401 ns, Reaching safepoint: 91400 ns, At safepoint: 22000 ns, Total: 113400 ns
[14.830s][info ][safepoint      ] Safepoint "ICBufferFull", Time since last: 1033805 ns, Reaching safepoint: 90700 ns, At safepoint: 18700 ns, Total: 109400 ns
[14.831s][info ][safepoint      ] Safepoint "ICBufferFull", Time since last: 44400 ns, Reaching safepoint: 85401 ns, At safepoint: 22600 ns, Total: 108001 ns
[14.832s][info ][safepoint      ] Safepoint "ICBufferFull", Time since last: 1032304 ns, Reaching safepoint: 240801 ns, At safepoint: 22100 ns, Total: 262901 ns
[14.833s][info ][safepoint      ] Safepoint "ICBufferFull", Time since last: 1088705 ns, Reaching safepoint: 92700 ns, At safepoint: 23801 ns, Total: 116501 ns
[14.834s][info ][safepoint      ] Safepoint "ICBufferFull", Time since last: 1063404 ns, Reaching safepoint: 95300 ns, At safepoint: 19801 ns, Total: 115101 ns
[14.836s][info ][safepoint      ] Safepoint "ICBufferFull", Time since last: 1363305 ns, Reaching safepoint: 91501 ns, At safepoint: 21900 ns, Total: 113401 ns
[14.836s][info ][safepoint      ] Safepoint "ICBufferFull", Time since last: 38500 ns, Reaching safepoint: 89700 ns, At safepoint: 17800 ns, Total: 107500 ns
[14.836s][info ][safepoint      ] Safepoint "ICBufferFull", Time since last: 50301 ns, Reaching safepoint: 91200 ns, At safepoint: 21400 ns, Total: 112600 ns
[14.836s][info ][safepoint      ] Safepoint "ICBufferFull", Time since last: 51900 ns, Reaching safepoint: 90101 ns, At safepoint: 22800 ns, Total: 112901 ns
[14.836s][info ][safepoint      ] Safepoint "ICBufferFull", Time since last: 45600 ns, Reaching safepoint: 90000 ns, At safepoint: 19401 ns, Total: 109401 ns
[14.837s][info ][safepoint      ] Safepoint "ICBufferFull", Time since last: 85400 ns, Reaching safepoint: 86100 ns, At safepoint: 21200 ns, Total: 107300 ns
[14.838s][info ][safepoint      ] Safepoint "ICBufferFull", Time since last: 1481407 ns, Reaching safepoint: 87500 ns, At safepoint: 10600 ns, Total: 98100 ns
[14.838s][info ][safepoint      ] Safepoint "ICBufferFull", Time since last: 48500 ns, Reaching safepoint: 84801 ns, At safepoint: 18900 ns, Total: 103701 ns
[14.838s][info ][safepoint      ] Safepoint "ICBufferFull", Time since last: 43400 ns, Reaching safepoint: 91500 ns, At safepoint: 21500 ns, Total: 113000 ns
[14.839s][info ][safepoint      ] Safepoint "ICBufferFull", Time since last: 57101 ns, Reaching safepoint: 89500 ns, At safepoint: 19100 ns, Total: 108600 ns
[14.840s][info ][safepoint      ] Safepoint "ICBufferFull", Time since last: 1079405 ns, Reaching safepoint: 87500 ns, At safepoint: 9000 ns, Total: 96500 ns
[14.840s][info ][safepoint      ] Safepoint "ICBufferFull", Time since last: 49900 ns, Reaching safepoint: 83401 ns, At safepoint: 19400 ns, Total: 102801 ns
[14.840s][info ][safepoint      ] Safepoint "ICBufferFull", Time since last: 21700 ns, Reaching safepoint: 85400 ns, At safepoint: 17200 ns, Total: 102600 ns
[14.840s][info ][safepoint      ] Safepoint "ICBufferFull", Time since last: 46501 ns, Reaching safepoint: 92400 ns, At safepoint: 17900 ns, Total: 110300 ns
[14.842s][info ][safepoint      ] Safepoint "ICBufferFull", Time since last: 1346306 ns, Reaching safepoint: 86100 ns, At safepoint: 19900 ns, Total: 106000 ns
[14.845s][info ][safepoint      ] Safepoint "ICBufferFull", Time since last: 3351814 ns, Reaching safepoint: 91001 ns, At safepoint: 25400 ns, Total: 116401 ns
[14.845s][info ][safepoint      ] Safepoint "ICBufferFull", Time since last: 66800 ns, Reaching safepoint: 83701 ns, At safepoint: 21600 ns, Total: 105301 ns
[14.845s][info ][safepoint      ] Safepoint "ICBufferFull", Time since last: 35000 ns, Reaching safepoint: 94500 ns, At safepoint: 20800 ns, Total: 115300 ns
[14.847s][info ][safepoint      ] Safepoint "ICBufferFull", Time since last: 1640007 ns, Reaching safepoint: 87001 ns, At safepoint: 19900 ns, Total: 106901 ns
[14.849s][info ][safepoint      ] Safepoint "ICBufferFull", Time since last: 1481006 ns, Reaching safepoint: 91001 ns, At safepoint: 21400 ns, Total: 112401 ns
[14.850s][info ][safepoint      ] Safepoint "ICBufferFull", Time since last: 1172905 ns, Reaching safepoint: 89100 ns, At safepoint: 22600 ns, Total: 111700 ns
[14.854s][info ][safepoint      ] Safepoint "ICBufferFull", Time since last: 3740116 ns, Reaching safepoint: 103900 ns, At safepoint: 16801 ns, Total: 120701 ns
[14.854s][info ][safepoint      ] Safepoint "ICBufferFull", Time since last: 51300 ns, Reaching safepoint: 86500 ns, At safepoint: 22300 ns, Total: 108800 ns
[14.854s][info ][safepoint      ] Safepoint "ICBufferFull", Time since last: 29600 ns, Reaching safepoint: 86201 ns, At safepoint: 25300 ns, Total: 111501 ns
[14.856s][info ][safepoint      ] Safepoint "ICBufferFull", Time since last: 1249205 ns, Reaching safepoint: 91001 ns, At safepoint: 21000 ns, Total: 112001 ns
[14.857s][info ][safepoint      ] Safepoint "ICBufferFull", Time since last: 1060004 ns, Reaching safepoint: 90501 ns, At safepoint: 15100 ns, Total: 105601 ns
[14.857s][info ][safepoint      ] Safepoint "ICBufferFull", Time since last: 560002 ns, Reaching safepoint: 89700 ns, At safepoint: 24601 ns, Total: 114301 ns
[14.861s][info ][safepoint      ] Safepoint "ICBufferFull", Time since last: 3759316 ns, Reaching safepoint: 94100 ns, At safepoint: 27600 ns, Total: 121700 ns
[14.862s][info ][safepoint      ] Safepoint "ICBufferFull", Time since last: 67200 ns, Reaching safepoint: 82901 ns, At safepoint: 19900 ns, Total: 102801 ns
[14.862s][info ][safepoint      ] Safepoint "ICBufferFull", Time since last: 56100 ns, Reaching safepoint: 60600 ns, At safepoint: 22400 ns, Total: 83000 ns
[14.862s][info ][safepoint      ] Safepoint "ICBufferFull", Time since last: 60001 ns, Reaching safepoint: 80900 ns, At safepoint: 14800 ns, Total: 95700 ns
[14.862s][info ][safepoint      ] Safepoint "ICBufferFull", Time since last: 48300 ns, Reaching safepoint: 88801 ns, At safepoint: 20600 ns, Total: 109401 ns
[14.863s][info ][safepoint      ] Safepoint "ICBufferFull", Time since last: 1026604 ns, Reaching safepoint: 91600 ns, At safepoint: 25001 ns, Total: 116601 ns
[14.864s][info ][safepoint      ] Safepoint "ICBufferFull", Time since last: 336601 ns, Reaching safepoint: 87800 ns, At safepoint: 19000 ns, Total: 106800 ns
[14.865s][info ][safepoint      ] Safepoint "ICBufferFull", Time since last: 1433907 ns, Reaching safepoint: 92400 ns, At safepoint: 22300 ns, Total: 114700 ns
[14.869s][info ][safepoint      ] Safepoint "ICBufferFull", Time since last: 3877317 ns, Reaching safepoint: 294201 ns, At safepoint: 22300 ns, Total: 316501 ns
[14.871s][info ][safepoint      ] Safepoint "ICBufferFull", Time since last: 1097305 ns, Reaching safepoint: 98800 ns, At safepoint: 16100 ns, Total: 114900 ns
[14.872s][info ][safepoint      ] Safepoint "ICBufferFull", Time since last: 1069505 ns, Reaching safepoint: 99400 ns, At safepoint: 21400 ns, Total: 120800 ns
[14.873s][info ][safepoint      ] Safepoint "ICBufferFull", Time since last: 1040005 ns, Reaching safepoint: 96200 ns, At safepoint: 21400 ns, Total: 117600 ns
[14.874s][info ][safepoint      ] Safepoint "ICBufferFull", Time since last: 1282806 ns, Reaching safepoint: 105800 ns, At safepoint: 25300 ns, Total: 131100 ns
[14.879s][info ][safepoint      ] Safepoint "ICBufferFull", Time since last: 4571420 ns, Reaching safepoint: 101200 ns, At safepoint: 25300 ns, Total: 126500 ns
[14.879s][info ][safepoint      ] Safepoint "ICBufferFull", Time since last: 57401 ns, Reaching safepoint: 81900 ns, At safepoint: 18500 ns, Total: 100400 ns
[14.881s][info ][safepoint      ] Safepoint "ICBufferFull", Time since last: 1478606 ns, Reaching safepoint: 93701 ns, At safepoint: 22400 ns, Total: 116101 ns
[14.881s][info ][safepoint      ] Safepoint "ICBufferFull", Time since last: 63400 ns, Reaching safepoint: 100900 ns, At safepoint: 24001 ns, Total: 124901 ns
[14.881s][info ][safepoint      ] Safepoint "ICBufferFull", Time since last: 42600 ns, Reaching safepoint: 85500 ns, At safepoint: 23100 ns, Total: 108600 ns
[14.882s][info ][safepoint      ] Safepoint "ICBufferFull", Time since last: 1257906 ns, Reaching safepoint: 88600 ns, At safepoint: 21800 ns, Total: 110400 ns
[14.883s][info ][safepoint      ] Safepoint "ICBufferFull", Time since last: 63200 ns, Reaching safepoint: 84001 ns, At safepoint: 19200 ns, Total: 103201 ns
[14.884s][info ][safepoint      ] Safepoint "ICBufferFull", Time since last: 1102404 ns, Reaching safepoint: 97301 ns, At safepoint: 21200 ns, Total: 118501 ns
[14.885s][info ][safepoint      ] Safepoint "ICBufferFull", Time since last: 1217905 ns, Reaching safepoint: 91501 ns, At safepoint: 19500 ns, Total: 111001 ns
[14.885s][info ][safepoint      ] Safepoint "ICBufferFull", Time since last: 146000 ns, Reaching safepoint: 86701 ns, At safepoint: 21100 ns, Total: 107801 ns
[14.888s][info ][safepoint      ] Safepoint "ICBufferFull", Time since last: 2022608 ns, Reaching safepoint: 87601 ns, At safepoint: 10200 ns, Total: 97801 ns
[14.889s][info ][safepoint      ] Safepoint "ICBufferFull", Time since last: 1704207 ns, Reaching safepoint: 90300 ns, At safepoint: 18200 ns, Total: 108500 ns
[14.889s][info ][safepoint      ] Safepoint "ICBufferFull", Time since last: 28901 ns, Reaching safepoint: 79200 ns, At safepoint: 21000 ns, Total: 100200 ns
[14.890s][info ][safepoint      ] Safepoint "ICBufferFull", Time since last: 61700 ns, Reaching safepoint: 81301 ns, At safepoint: 19200 ns, Total: 100501 ns
[14.891s][info ][safepoint      ] Safepoint "ICBufferFull", Time since last: 1107204 ns, Reaching safepoint: 102201 ns, At safepoint: 16900 ns, Total: 119101 ns
[14.891s][info ][safepoint      ] Safepoint "ICBufferFull", Time since last: 46200 ns, Reaching safepoint: 93001 ns, At safepoint: 17900 ns, Total: 110901 ns
[14.891s][info ][safepoint      ] Safepoint "ICBufferFull", Time since last: 184100 ns, Reaching safepoint: 89401 ns, At safepoint: 21000 ns, Total: 110401 ns
[14.892s][info ][safepoint      ] Safepoint "ICBufferFull", Time since last: 159001 ns, Reaching safepoint: 85300 ns, At safepoint: 21100 ns, Total: 106400 ns
[14.893s][info ][safepoint      ] Safepoint "ICBufferFull", Time since last: 1122405 ns, Reaching safepoint: 99300 ns, At safepoint: 22500 ns, Total: 121800 ns
[14.897s][info ][safepoint      ] Safepoint "ICBufferFull", Time since last: 4393919 ns, Reaching safepoint: 52200 ns, At safepoint: 24300 ns, Total: 76500 ns
[14.897s][info ][safepoint      ] Safepoint "ICBufferFull", Time since last: 49201 ns, Reaching safepoint: 84900 ns, At safepoint: 25000 ns, Total: 109900 ns
[14.898s][info ][safepoint      ] Safepoint "ICBufferFull", Time since last: 55300 ns, Reaching safepoint: 83001 ns, At safepoint: 21700 ns, Total: 104701 ns
[14.898s][info ][safepoint      ] Safepoint "ICBufferFull", Time since last: 47800 ns, Reaching safepoint: 82100 ns, At safepoint: 19500 ns, Total: 101600 ns
[14.898s][info ][safepoint      ] Safepoint "ICBufferFull", Time since last: 150401 ns, Reaching safepoint: 66300 ns, At safepoint: 22500 ns, Total: 88800 ns
[14.898s][info ][safepoint      ] Safepoint "ICBufferFull", Time since last: 49801 ns, Reaching safepoint: 84400 ns, At safepoint: 20300 ns, Total: 104700 ns
[14.899s][info ][safepoint      ] Safepoint "ICBufferFull", Time since last: 1114105 ns, Reaching safepoint: 97400 ns, At safepoint: 20700 ns, Total: 118100 ns
[14.900s][info ][safepoint      ] Safepoint "ICBufferFull", Time since last: 46201 ns, Reaching safepoint: 82100 ns, At safepoint: 22500 ns, Total: 104600 ns
[14.901s][info ][safepoint      ] Safepoint "ICBufferFull", Time since last: 1036504 ns, Reaching safepoint: 86401 ns, At safepoint: 29000 ns, Total: 115401 ns
[14.901s][info ][safepoint      ] Safepoint "ICBufferFull", Time since last: 66300 ns, Reaching safepoint: 82501 ns, At safepoint: 22600 ns, Total: 105101 ns
[14.902s][info ][safepoint      ] Safepoint "ICBufferFull", Time since last: 1433606 ns, Reaching safepoint: 95800 ns, At safepoint: 13300 ns, Total: 109100 ns
[14.903s][info ][safepoint      ] Safepoint "ICBufferFull", Time since last: 55700 ns, Reaching safepoint: 80601 ns, At safepoint: 16700 ns, Total: 97301 ns
[14.903s][info ][safepoint      ] Safepoint "ICBufferFull", Time since last: 63100 ns, Reaching safepoint: 88901 ns, At safepoint: 18500 ns, Total: 107401 ns
[14.904s][info ][safepoint      ] Safepoint "ICBufferFull", Time since last: 1303905 ns, Reaching safepoint: 88301 ns, At safepoint: 18700 ns, Total: 107001 ns
[14.909s][info ][safepoint      ] Safepoint "ICBufferFull", Time since last: 4812220 ns, Reaching safepoint: 93601 ns, At safepoint: 20600 ns, Total: 114201 ns
[14.909s][info ][safepoint      ] Safepoint "ICBufferFull", Time since last: 96000 ns, Reaching safepoint: 82000 ns, At safepoint: 25100 ns, Total: 107100 ns
[14.911s][info ][safepoint      ] Safepoint "ICBufferFull", Time since last: 1212906 ns, Reaching safepoint: 105000 ns, At safepoint: 18400 ns, Total: 123400 ns
[14.911s][info ][safepoint      ] Safepoint "ICBufferFull", Time since last: 35700 ns, Reaching safepoint: 81301 ns, At safepoint: 19200 ns, Total: 100501 ns
[14.912s][info ][safepoint      ] Safepoint "ICBufferFull", Time since last: 1191605 ns, Reaching safepoint: 90000 ns, At safepoint: 9500 ns, Total: 99500 ns
[14.913s][info ][safepoint      ] Safepoint "ICBufferFull", Time since last: 1230006 ns, Reaching safepoint: 92100 ns, At safepoint: 14900 ns, Total: 107000 ns
[14.914s][info ][safepoint      ] Safepoint "ICBufferFull", Time since last: 36600 ns, Reaching safepoint: 89301 ns, At safepoint: 19800 ns, Total: 109101 ns
[14.914s][info ][safepoint      ] Safepoint "ICBufferFull", Time since last: 31200 ns, Reaching safepoint: 88800 ns, At safepoint: 17900 ns, Total: 106700 ns
[14.915s][info ][safepoint      ] Safepoint "ICBufferFull", Time since last: 1287406 ns, Reaching safepoint: 90800 ns, At safepoint: 16600 ns, Total: 107400 ns
[14.915s][info ][safepoint      ] Safepoint "ICBufferFull", Time since last: 53300 ns, Reaching safepoint: 95701 ns, At safepoint: 22200 ns, Total: 117901 ns
[14.915s][info ][safepoint      ] Safepoint "ICBufferFull", Time since last: 37200 ns, Reaching safepoint: 90100 ns, At safepoint: 18500 ns, Total: 108600 ns
[14.916s][info ][safepoint      ] Safepoint "ICBufferFull", Time since last: 118201 ns, Reaching safepoint: 96100 ns, At safepoint: 22101 ns, Total: 118201 ns
[14.917s][info ][safepoint      ] Safepoint "ICBufferFull", Time since last: 1563406 ns, Reaching safepoint: 121601 ns, At safepoint: 19600 ns, Total: 141201 ns
[14.921s][info ][safepoint      ] Safepoint "ICBufferFull", Time since last: 3438814 ns, Reaching safepoint: 89501 ns, At safepoint: 19700 ns, Total: 109201 ns
[14.921s][info ][safepoint      ] Safepoint "ICBufferFull", Time since last: 362601 ns, Reaching safepoint: 88801 ns, At safepoint: 19900 ns, Total: 108701 ns
[14.922s][info ][safepoint      ] Safepoint "ICBufferFull", Time since last: 1041604 ns, Reaching safepoint: 77001 ns, At safepoint: 19900 ns, Total: 96901 ns
[14.924s][info ][safepoint      ] Safepoint "ICBufferFull", Time since last: 1196005 ns, Reaching safepoint: 91800 ns, At safepoint: 17900 ns, Total: 109700 ns
[14.925s][info ][safepoint      ] Safepoint "ICBufferFull", Time since last: 1098105 ns, Reaching safepoint: 68500 ns, At safepoint: 21400 ns, Total: 89900 ns
[14.926s][info ][safepoint      ] Safepoint "ICBufferFull", Time since last: 1235006 ns, Reaching safepoint: 59700 ns, At safepoint: 22600 ns, Total: 82300 ns
[14.930s][info ][safepoint      ] Safepoint "ICBufferFull", Time since last: 3724816 ns, Reaching safepoint: 109200 ns, At safepoint: 18900 ns, Total: 128100 ns
[14.933s][info ][safepoint      ] Safepoint "ICBufferFull", Time since last: 2626112 ns, Reaching safepoint: 93700 ns, At safepoint: 18100 ns, Total: 111800 ns
[14.933s][info ][safepoint      ] Safepoint "ICBufferFull", Time since last: 47000 ns, Reaching safepoint: 82501 ns, At safepoint: 19100 ns, Total: 101601 ns
[14.933s][info ][safepoint      ] Safepoint "ICBufferFull", Time since last: 63500 ns, Reaching safepoint: 82700 ns, At safepoint: 33101 ns, Total: 115801 ns
[14.933s][info ][safepoint      ] Safepoint "ICBufferFull", Time since last: 50500 ns, Reaching safepoint: 86600 ns, At safepoint: 22100 ns, Total: 108700 ns
[14.933s][info ][safepoint      ] Safepoint "ICBufferFull", Time since last: 45900 ns, Reaching safepoint: 80901 ns, At safepoint: 20000 ns, Total: 100901 ns
[14.935s][info ][safepoint      ] Safepoint "ICBufferFull", Time since last: 1154505 ns, Reaching safepoint: 95800 ns, At safepoint: 17800 ns, Total: 113600 ns
[14.936s][info ][safepoint      ] Safepoint "ICBufferFull", Time since last: 1410006 ns, Reaching safepoint: 91901 ns, At safepoint: 18200 ns, Total: 110101 ns
[14.936s][info ][safepoint      ] Safepoint "ICBufferFull", Time since last: 56500 ns, Reaching safepoint: 87600 ns, At safepoint: 16900 ns, Total: 104500 ns
[14.937s][info ][safepoint      ] Safepoint "ICBufferFull", Time since last: 50101 ns, Reaching safepoint: 84500 ns, At safepoint: 23800 ns, Total: 108300 ns
[14.941s][info ][safepoint      ] Safepoint "ICBufferFull", Time since last: 3881217 ns, Reaching safepoint: 85100 ns, At safepoint: 24300 ns, Total: 109400 ns
[14.945s][info ][safepoint      ] Safepoint "ICBufferFull", Time since last: 4725520 ns, Reaching safepoint: 102201 ns, At safepoint: 20600 ns, Total: 122801 ns
[14.946s][info ][safepoint      ] Safepoint "ICBufferFull", Time since last: 44000 ns, Reaching safepoint: 83500 ns, At safepoint: 23700 ns, Total: 107200 ns
[14.946s][info ][safepoint      ] Safepoint "ICBufferFull", Time since last: 27701 ns, Reaching safepoint: 85000 ns, At safepoint: 22600 ns, Total: 107600 ns
[14.948s][info ][safepoint      ] Safepoint "ICBufferFull", Time since last: 1908908 ns, Reaching safepoint: 92101 ns, At safepoint: 20800 ns, Total: 112901 ns
[14.948s][info ][safepoint      ] Safepoint "ICBufferFull", Time since last: 297301 ns, Reaching safepoint: 51900 ns, At safepoint: 24300 ns, Total: 76200 ns
[14.949s][info ][safepoint      ] Safepoint "ICBufferFull", Time since last: 1022205 ns, Reaching safepoint: 93500 ns, At safepoint: 12500 ns, Total: 106000 ns
[14.949s][info ][safepoint      ] Safepoint "ICBufferFull", Time since last: 102001 ns, Reaching safepoint: 82300 ns, At safepoint: 25200 ns, Total: 107500 ns
[14.950s][info ][safepoint      ] Safepoint "ICBufferFull", Time since last: 42800 ns, Reaching safepoint: 80201 ns, At safepoint: 17100 ns, Total: 97301 ns
[14.950s][info ][safepoint      ] Safepoint "ICBufferFull", Time since last: 526402 ns, Reaching safepoint: 87600 ns, At safepoint: 16200 ns, Total: 103800 ns
[14.953s][info ][safepoint      ] Safepoint "ICBufferFull", Time since last: 2266310 ns, Reaching safepoint: 107700 ns, At safepoint: 19100 ns, Total: 126800 ns
[14.953s][info ][safepoint      ] Safepoint "ICBufferFull", Time since last: 42001 ns, Reaching safepoint: 83500 ns, At safepoint: 19700 ns, Total: 103200 ns
[14.954s][info ][safepoint      ] Safepoint "ICBufferFull", Time since last: 1341706 ns, Reaching safepoint: 94100 ns, At safepoint: 19400 ns, Total: 113500 ns
[14.954s][info ][safepoint      ] Safepoint "ICBufferFull", Time since last: 53501 ns, Reaching safepoint: 92200 ns, At safepoint: 23800 ns, Total: 116000 ns
[14.955s][info ][safepoint      ] Safepoint "ICBufferFull", Time since last: 23400 ns, Reaching safepoint: 79400 ns, At safepoint: 19901 ns, Total: 99301 ns
[14.956s][info ][safepoint      ] Safepoint "ICBufferFull", Time since last: 1557606 ns, Reaching safepoint: 97001 ns, At safepoint: 26500 ns, Total: 123501 ns
[14.958s][info ][safepoint      ] Safepoint "ICBufferFull", Time since last: 1475206 ns, Reaching safepoint: 95500 ns, At safepoint: 19701 ns, Total: 115201 ns
[14.961s][info ][safepoint      ] Safepoint "ICBufferFull", Time since last: 3496314 ns, Reaching safepoint: 89201 ns, At safepoint: 16200 ns, Total: 105401 ns
[14.968s][info ][safepoint      ] Safepoint "ICBufferFull", Time since last: 6309727 ns, Reaching safepoint: 98900 ns, At safepoint: 20300 ns, Total: 119200 ns
[14.968s][info ][safepoint      ] Safepoint "ICBufferFull", Time since last: 51801 ns, Reaching safepoint: 90400 ns, At safepoint: 19300 ns, Total: 109700 ns
[14.970s][info ][safepoint      ] Safepoint "ICBufferFull", Time since last: 1639107 ns, Reaching safepoint: 94500 ns, At safepoint: 23401 ns, Total: 117901 ns
[14.973s][info ][safepoint      ] Safepoint "ICBufferFull", Time since last: 3500514 ns, Reaching safepoint: 97701 ns, At safepoint: 18100 ns, Total: 115801 ns
[14.974s][info ][safepoint      ] Safepoint "ICBufferFull", Time since last: 57100 ns, Reaching safepoint: 84301 ns, At safepoint: 21000 ns, Total: 105301 ns
[14.974s][info ][safepoint      ] Safepoint "ICBufferFull", Time since last: 75200 ns, Reaching safepoint: 86000 ns, At safepoint: 14600 ns, Total: 100600 ns
[14.980s][info ][safepoint      ] Safepoint "ICBufferFull", Time since last: 6110626 ns, Reaching safepoint: 98701 ns, At safepoint: 13000 ns, Total: 111701 ns
[14.980s][info ][safepoint      ] Safepoint "ICBufferFull", Time since last: 78700 ns, Reaching safepoint: 95501 ns, At safepoint: 20600 ns, Total: 116101 ns
[14.981s][info ][gc,start       ] GC(14) Pause Young (Allocation Failure)
[15.177s][debug][gc,phases      ] GC(14) Scavenge 196.253ms
[15.177s][debug][gc,ref         ] GC(14) Skipped phase 1 of Reference Processing: no references
[15.177s][debug][gc,ref         ] GC(14) ReferenceProcessor::execute queues: 1, RefProcThreadModel::Single, marks_oops_alive: false
[15.177s][debug][gc,ref         ] GC(14) Skipped phase 3 of Reference Processing: no references
[15.177s][debug][gc,ref         ] GC(14) ReferenceProcessor::execute queues: 1, RefProcThreadModel::Single, marks_oops_alive: false
[15.177s][debug][gc,phases      ] GC(14) Reference Processing 0.099ms
[15.177s][debug][gc,phases      ] GC(14)   VM Weak                        Min:  0.0, Avg:  0.0, Max:  0.0, Diff:  0.0, Sum:  0.0, Workers: 4
[15.177s][debug][gc,phases      ] GC(14)     Dead                           Min: 0, Avg:  0.0, Max: 0, Diff: 0, Sum: 0, Workers: 4
[15.177s][debug][gc,phases      ] GC(14)     Total                          Min: 0, Avg: 151.2, Max: 384, Diff: 384, Sum: 605, Workers: 4
[15.177s][debug][gc,phases      ] GC(14)   ObjectSynchronizer Weak        Min:  0.0, Avg:  0.0, Max:  0.0, Diff:  0.0, Sum:  0.0, Workers: 4
[15.177s][debug][gc,phases      ] GC(14)     Dead                           Min: 0, Avg:  0.0, Max: 0, Diff: 0, Sum: 0, Workers: 4
[15.177s][debug][gc,phases      ] GC(14)     Total                          Min: 0, Avg: 77.8, Max: 128, Diff: 128, Sum: 311, Workers: 4
[15.177s][debug][gc,phases      ] GC(14)   JVMTI Tag Weak OopStorage      Min:  0.0, Avg:  0.0, Max:  0.0, Diff:  0.0, Sum:  0.0, Workers: 4
[15.177s][debug][gc,phases      ] GC(14)     Dead                           Min: 0, Avg:  0.0, Max: 0, Diff: 0, Sum: 0, Workers: 4
[15.177s][debug][gc,phases      ] GC(14)     Total                          Min: 0, Avg:  0.0, Max: 0, Diff: 0, Sum: 0, Workers: 4
[15.177s][debug][gc,phases      ] GC(14)   StringTable Weak               Min:  0.2, Avg:  0.2, Max:  0.2, Diff:  0.0, Sum:  0.7, Workers: 4
[15.177s][debug][gc,phases      ] GC(14)     Dead                           Min: 0, Avg:  2.8, Max: 10, Diff: 10, Sum: 11, Workers: 4
[15.177s][debug][gc,phases      ] GC(14)     Total                          Min: 10176, Avg: 10964.2, Max: 11740, Diff: 1564, Sum: 43857, Workers: 4
[15.177s][debug][gc,phases      ] GC(14)   ResolvedMethodTable Weak       Min:  0.1, Avg:  0.1, Max:  0.1, Diff:  0.0, Sum:  0.3, Workers: 4
[15.177s][debug][gc,phases      ] GC(14)     Dead                           Min: 0, Avg:  0.0, Max: 0, Diff: 0, Sum: 0, Workers: 4
[15.177s][debug][gc,phases      ] GC(14)     Total                          Min: 1406, Avg: 1769.8, Max: 1911, Diff: 505, Sum: 7079, Workers: 4
[15.177s][debug][gc,phases      ] GC(14)   JNI Weak                       Min:  0.0, Avg:  0.0, Max:  0.0, Diff:  0.0, Sum:  0.0, Workers: 4
[15.177s][debug][gc,phases      ] GC(14)     Dead                           Min: 0, Avg:  0.0, Max: 0, Diff: 0, Sum: 0, Workers: 4
[15.177s][debug][gc,phases      ] GC(14)     Total                          Min: 0, Avg:  5.5, Max: 22, Diff: 22, Sum: 22, Workers: 4
[15.177s][debug][gc,phases      ] GC(14)   StringDedup Table Weak         Min:  0.0, Avg:  0.0, Max:  0.0, Diff:  0.0, Sum:  0.0, Workers: 4
[15.177s][debug][gc,phases      ] GC(14)     Dead                           Min: 0, Avg:  0.0, Max: 0, Diff: 0, Sum: 0, Workers: 4
[15.177s][debug][gc,phases      ] GC(14)     Total                          Min: 0, Avg:  0.0, Max: 0, Diff: 0, Sum: 0, Workers: 4
[15.177s][debug][gc,phases      ] GC(14)   StringDedup Requests0 Weak     Min:  0.0, Avg:  0.0, Max:  0.0, Diff:  0.0, Sum:  0.0, Workers: 4
[15.177s][debug][gc,phases      ] GC(14)     Dead                           Min: 0, Avg:  0.0, Max: 0, Diff: 0, Sum: 0, Workers: 4
[15.177s][debug][gc,phases      ] GC(14)     Total                          Min: 0, Avg:  0.0, Max: 0, Diff: 0, Sum: 0, Workers: 4
[15.177s][debug][gc,phases      ] GC(14)   StringDedup Requests1 Weak     Min:  0.0, Avg:  0.0, Max:  0.0, Diff:  0.0, Sum:  0.0, Workers: 4
[15.177s][debug][gc,phases      ] GC(14)     Dead                           Min: 0, Avg:  0.0, Max: 0, Diff: 0, Sum: 0, Workers: 4
[15.177s][debug][gc,phases      ] GC(14)     Total                          Min: 0, Avg:  0.0, Max: 0, Diff: 0, Sum: 0, Workers: 4
[15.177s][debug][gc,phases      ] GC(14)   Weak JFR Old Object Samples    Min:  0.0, Avg:  0.0, Max:  0.0, Diff:  0.0, Sum:  0.0, Workers: 4
[15.177s][debug][gc,phases      ] GC(14)     Dead                           Min: 0, Avg:  0.0, Max: 0, Diff: 0, Sum: 0, Workers: 4
[15.177s][debug][gc,phases      ] GC(14)     Total                          Min: 0, Avg:  0.0, Max: 0, Diff: 0, Sum: 0, Workers: 4
[15.177s][debug][gc,phases      ] GC(14) Weak Processing 0.421ms
[15.177s][debug][gc,age         ] GC(14) Desired survivor size 536870912 bytes, new threshold 3 (max threshold 15)
[15.177s][info ][gc,heap        ] GC(14) PSYoungGen: 1381695K(1572864K)->49418K(1572864K) Eden: 1048576K(1048576K)->0K(1048576K) From: 333119K(524288K)->49418K(524288K)
[15.177s][info ][gc,heap        ] GC(14) ParOldGen: 307322K(460800K)->600475K(600576K)
[15.177s][info ][gc,metaspace   ] GC(14) Metaspace: 69800K(70528K)->69800K(70528K) NonClass: 59579K(59968K)->59579K(59968K) Class: 10220K(10560K)->10220K(10560K)
[15.177s][info ][gc             ] GC(14) Pause Young (Allocation Failure) 1649M->634M(2122M) 196.877ms
[15.177s][info ][gc,cpu         ] GC(14) User=0.71s Sys=0.10s Real=0.20s
[15.177s][debug][gc,phases      ] GC(15) Pre Compact 0.016ms
[15.177s][info ][gc,start       ] GC(15) Pause Full (Ergonomics)
[15.177s][info ][gc,phases,start] GC(15) Marking Phase
[15.377s][debug][gc,phases      ] GC(15) Par Mark 199.728ms
[15.377s][debug][gc,ref         ] GC(15) Skipped phase 1 of Reference Processing: no references
[15.377s][debug][gc,ref         ] GC(15) ReferenceProcessor::execute queues: 4, RefProcThreadModel::Multi, marks_oops_alive: false
[15.378s][debug][gc,ref         ] GC(15) Skipped phase 3 of Reference Processing: no references
[15.378s][debug][gc,ref         ] GC(15) ReferenceProcessor::execute queues: 1, RefProcThreadModel::Single, marks_oops_alive: false
[15.378s][debug][gc,phases      ] GC(15) Reference Processing 0.355ms
[15.378s][debug][gc,phases      ] GC(15)   VM Weak                        Min:  0.0, Avg:  0.0, Max:  0.0, Diff:  0.0, Sum:  0.0, Workers: 4
[15.378s][debug][gc,phases      ] GC(15)     Dead                           Min: 0, Avg:  0.0, Max: 0, Diff: 0, Sum: 0, Workers: 4
[15.378s][debug][gc,phases      ] GC(15)     Total                          Min: 0, Avg: 151.2, Max: 349, Diff: 349, Sum: 605, Workers: 4
[15.378s][debug][gc,phases      ] GC(15)   ObjectSynchronizer Weak        Min:  0.0, Avg:  0.0, Max:  0.0, Diff:  0.0, Sum:  0.0, Workers: 4
[15.378s][debug][gc,phases      ] GC(15)     Dead                           Min: 0, Avg:  0.0, Max: 0, Diff: 0, Sum: 0, Workers: 4
[15.378s][debug][gc,phases      ] GC(15)     Total                          Min: 55, Avg: 77.8, Max: 128, Diff: 73, Sum: 311, Workers: 4
[15.378s][debug][gc,phases      ] GC(15)   JVMTI Tag Weak OopStorage      Min:  0.0, Avg:  0.0, Max:  0.0, Diff:  0.0, Sum:  0.0, Workers: 4
[15.378s][debug][gc,phases      ] GC(15)     Dead                           Min: 0, Avg:  0.0, Max: 0, Diff: 0, Sum: 0, Workers: 4
[15.378s][debug][gc,phases      ] GC(15)     Total                          Min: 0, Avg:  0.0, Max: 0, Diff: 0, Sum: 0, Workers: 4
[15.378s][debug][gc,phases      ] GC(15)   StringTable Weak               Min:  0.2, Avg:  0.2, Max:  0.2, Diff:  0.0, Sum:  0.7, Workers: 4
[15.378s][debug][gc,phases      ] GC(15)     Dead                           Min: 0, Avg:  0.0, Max: 0, Diff: 0, Sum: 0, Workers: 4
[15.378s][debug][gc,phases      ] GC(15)     Total                          Min: 9408, Avg: 10964.2, Max: 11740, Diff: 2332, Sum: 43857, Workers: 4
[15.378s][debug][gc,phases      ] GC(15)   ResolvedMethodTable Weak       Min:  0.0, Avg:  0.0, Max:  0.0, Diff:  0.0, Sum:  0.1, Workers: 4
[15.378s][debug][gc,phases      ] GC(15)     Dead                           Min: 0, Avg:  0.0, Max: 0, Diff: 0, Sum: 0, Workers: 4
[15.378s][debug][gc,phases      ] GC(15)     Total                          Min: 1653, Avg: 1769.8, Max: 1910, Diff: 257, Sum: 7079, Workers: 4
[15.378s][debug][gc,phases      ] GC(15)   JNI Weak                       Min:  0.0, Avg:  0.0, Max:  0.0, Diff:  0.0, Sum:  0.0, Workers: 4
[15.378s][debug][gc,phases      ] GC(15)     Dead                           Min: 0, Avg:  0.0, Max: 0, Diff: 0, Sum: 0, Workers: 4
[15.378s][debug][gc,phases      ] GC(15)     Total                          Min: 0, Avg:  5.5, Max: 22, Diff: 22, Sum: 22, Workers: 4
[15.378s][debug][gc,phases      ] GC(15)   StringDedup Table Weak         Min:  0.0, Avg:  0.0, Max:  0.0, Diff:  0.0, Sum:  0.0, Workers: 4
[15.378s][debug][gc,phases      ] GC(15)     Dead                           Min: 0, Avg:  0.0, Max: 0, Diff: 0, Sum: 0, Workers: 4
[15.378s][debug][gc,phases      ] GC(15)     Total                          Min: 0, Avg:  0.0, Max: 0, Diff: 0, Sum: 0, Workers: 4
[15.378s][debug][gc,phases      ] GC(15)   StringDedup Requests0 Weak     Min:  0.0, Avg:  0.0, Max:  0.0, Diff:  0.0, Sum:  0.0, Workers: 4
[15.378s][debug][gc,phases      ] GC(15)     Dead                           Min: 0, Avg:  0.0, Max: 0, Diff: 0, Sum: 0, Workers: 4
[15.378s][debug][gc,phases      ] GC(15)     Total                          Min: 0, Avg:  0.0, Max: 0, Diff: 0, Sum: 0, Workers: 4
[15.378s][debug][gc,phases      ] GC(15)   StringDedup Requests1 Weak     Min:  0.0, Avg:  0.0, Max:  0.0, Diff:  0.0, Sum:  0.0, Workers: 4
[15.378s][debug][gc,phases      ] GC(15)     Dead                           Min: 0, Avg:  0.0, Max: 0, Diff: 0, Sum: 0, Workers: 4
[15.378s][debug][gc,phases      ] GC(15)     Total                          Min: 0, Avg:  0.0, Max: 0, Diff: 0, Sum: 0, Workers: 4
[15.378s][debug][gc,phases      ] GC(15)   Weak JFR Old Object Samples    Min:  0.0, Avg:  0.0, Max:  0.0, Diff:  0.0, Sum:  0.0, Workers: 4
[15.378s][debug][gc,phases      ] GC(15)     Dead                           Min: 0, Avg:  0.0, Max: 0, Diff: 0, Sum: 0, Workers: 4
[15.378s][debug][gc,phases      ] GC(15)     Total                          Min: 0, Avg:  0.0, Max: 0, Diff: 0, Sum: 0, Workers: 4
[15.378s][debug][gc,phases      ] GC(15) Weak Processing 0.351ms
[15.378s][debug][gc,phases      ] GC(15) ClassLoaderData 0.079ms
[15.378s][debug][gc,phases      ] GC(15) Trigger cleanups 0.000ms
[15.387s][debug][gc,phases      ] GC(15) Class Unloading 9.226ms
[15.387s][info ][gc,phases      ] GC(15) Marking Phase 209.802ms
[15.387s][info ][gc,phases,start] GC(15) Summary Phase
[15.387s][info ][gc,phases      ] GC(15) Summary Phase 0.010ms
[15.387s][info ][gc,phases,start] GC(15) Adjust Roots
[15.396s][info ][gc,phases      ] GC(15) Adjust Roots 8.596ms
[15.396s][info ][gc,phases,start] GC(15) Compaction Phase
[15.776s][info ][gc,phases      ] GC(15) Compaction Phase 380.343ms
[15.776s][info ][gc,phases,start] GC(15) Post Compact
[15.778s][info ][gc,phases      ] GC(15) Post Compact 1.336ms
[15.778s][info ][gc,heap        ] GC(15) PSYoungGen: 49418K(1572864K)->36102K(1572864K) Eden: 0K(1048576K)->0K(1048576K) From: 49418K(524288K)->36102K(524288K)
[15.778s][info ][gc,heap        ] GC(15) ParOldGen: 600475K(600576K)->600210K(876544K)
[15.778s][info ][gc,metaspace   ] GC(15) Metaspace: 69800K(70528K)->69800K(70528K) NonClass: 59579K(59968K)->59579K(59968K) Class: 10220K(10560K)->10220K(10560K)
[15.778s][info ][gc             ] GC(15) Pause Full (Ergonomics) 634M->621M(2392M) 600.499ms
[15.778s][info ][gc,cpu         ] GC(15) User=2.34s Sys=0.00s Real=0.60s
[15.778s][info ][safepoint      ] Safepoint "ParallelGCFailedAllocation", Time since last: 273801 ns, Reaching safepoint: 95300 ns, At safepoint: 797539003 ns, Total: 797634303 ns
[15.779s][info ][safepoint      ] Safepoint "ICBufferFull", Time since last: 1073205 ns, Reaching safepoint: 110600 ns, At safepoint: 22500 ns, Total: 133100 ns
[15.782s][info ][safepoint      ] Safepoint "ICBufferFull", Time since last: 2414111 ns, Reaching safepoint: 111700 ns, At safepoint: 14300 ns, Total: 126000 ns
[15.782s][info ][safepoint      ] Safepoint "ICBufferFull", Time since last: 66501 ns, Reaching safepoint: 86100 ns, At safepoint: 22600 ns, Total: 108700 ns
[15.783s][info ][safepoint      ] Safepoint "ICBufferFull", Time since last: 1377406 ns, Reaching safepoint: 89300 ns, At safepoint: 24800 ns, Total: 114100 ns
[15.787s][info ][safepoint      ] Safepoint "ICBufferFull", Time since last: 3202014 ns, Reaching safepoint: 102000 ns, At safepoint: 14401 ns, Total: 116401 ns
[15.787s][info ][safepoint      ] Safepoint "ICBufferFull", Time since last: 74700 ns, Reaching safepoint: 83600 ns, At safepoint: 25100 ns, Total: 108700 ns
[15.787s][info ][safepoint      ] Safepoint "ICBufferFull", Time since last: 39400 ns, Reaching safepoint: 99101 ns, At safepoint: 20200 ns, Total: 119301 ns
[15.787s][info ][safepoint      ] Safepoint "ICBufferFull", Time since last: 59600 ns, Reaching safepoint: 92401 ns, At safepoint: 26900 ns, Total: 119301 ns
[15.790s][info ][safepoint      ] Safepoint "ICBufferFull", Time since last: 2271709 ns, Reaching safepoint: 560003 ns, At safepoint: 26900 ns, Total: 586903 ns
[15.790s][info ][safepoint      ] Safepoint "ICBufferFull", Time since last: 178201 ns, Reaching safepoint: 98100 ns, At safepoint: 27600 ns, Total: 125700 ns
[15.791s][info ][safepoint      ] Safepoint "ICBufferFull", Time since last: 168901 ns, Reaching safepoint: 99600 ns, At safepoint: 29300 ns, Total: 128900 ns
[15.793s][info ][safepoint      ] Safepoint "ICBufferFull", Time since last: 2332610 ns, Reaching safepoint: 85901 ns, At safepoint: 38500 ns, Total: 124401 ns
[15.793s][info ][safepoint      ] Safepoint "ICBufferFull", Time since last: 68700 ns, Reaching safepoint: 83901 ns, At safepoint: 25300 ns, Total: 109201 ns
[15.796s][info ][safepoint      ] Safepoint "ICBufferFull", Time since last: 2727911 ns, Reaching safepoint: 92001 ns, At safepoint: 24100 ns, Total: 116101 ns
[15.796s][info ][safepoint      ] Safepoint "ICBufferFull", Time since last: 44300 ns, Reaching safepoint: 100100 ns, At safepoint: 30001 ns, Total: 130101 ns
[15.797s][info ][safepoint      ] Safepoint "ICBufferFull", Time since last: 56400 ns, Reaching safepoint: 84400 ns, At safepoint: 20000 ns, Total: 104400 ns
[15.797s][info ][safepoint      ] Safepoint "ICBufferFull", Time since last: 40600 ns, Reaching safepoint: 84901 ns, At safepoint: 17600 ns, Total: 102501 ns
[15.797s][info ][safepoint      ] Safepoint "ICBufferFull", Time since last: 119700 ns, Reaching safepoint: 90401 ns, At safepoint: 28900 ns, Total: 119301 ns
[15.801s][info ][safepoint      ] Safepoint "ICBufferFull", Time since last: 4290018 ns, Reaching safepoint: 66801 ns, At safepoint: 20300 ns, Total: 87101 ns
[15.801s][info ][safepoint      ] Safepoint "ICBufferFull", Time since last: 42100 ns, Reaching safepoint: 80900 ns, At safepoint: 15500 ns, Total: 96400 ns
[15.802s][info ][safepoint      ] Safepoint "ICBufferFull", Time since last: 62100 ns, Reaching safepoint: 80201 ns, At safepoint: 20300 ns, Total: 100501 ns
[15.809s][info ][safepoint      ] Safepoint "ICBufferFull", Time since last: 7177131 ns, Reaching safepoint: 98600 ns, At safepoint: 21800 ns, Total: 120400 ns
[15.809s][info ][safepoint      ] Safepoint "ICBufferFull", Time since last: 66900 ns, Reaching safepoint: 81801 ns, At safepoint: 26100 ns, Total: 107901 ns
[15.809s][info ][safepoint      ] Safepoint "ICBufferFull", Time since last: 54700 ns, Reaching safepoint: 84600 ns, At safepoint: 20500 ns, Total: 105100 ns
[15.810s][info ][safepoint      ] Safepoint "ICBufferFull", Time since last: 1079205 ns, Reaching safepoint: 94700 ns, At safepoint: 20201 ns, Total: 114901 ns
[15.811s][info ][safepoint      ] Safepoint "ICBufferFull", Time since last: 49200 ns, Reaching safepoint: 81700 ns, At safepoint: 26300 ns, Total: 108000 ns
[15.811s][info ][safepoint      ] Safepoint "ICBufferFull", Time since last: 39400 ns, Reaching safepoint: 81001 ns, At safepoint: 24300 ns, Total: 105301 ns
[15.811s][info ][safepoint      ] Safepoint "ICBufferFull", Time since last: 55100 ns, Reaching safepoint: 80600 ns, At safepoint: 22901 ns, Total: 103501 ns
[15.813s][info ][safepoint      ] Safepoint "ICBufferFull", Time since last: 1430906 ns, Reaching safepoint: 175200 ns, At safepoint: 26900 ns, Total: 202100 ns
[15.825s][info ][safepoint      ] Safepoint "ICBufferFull", Time since last: 12689055 ns, Reaching safepoint: 116800 ns, At safepoint: 22600 ns, Total: 139400 ns
[15.827s][info ][safepoint      ] Safepoint "ICBufferFull", Time since last: 1634707 ns, Reaching safepoint: 94501 ns, At safepoint: 25200 ns, Total: 119701 ns
[15.828s][info ][safepoint      ] Safepoint "ICBufferFull", Time since last: 719203 ns, Reaching safepoint: 106600 ns, At safepoint: 22000 ns, Total: 128600 ns
[15.829s][info ][safepoint      ] Safepoint "ICBufferFull", Time since last: 1168305 ns, Reaching safepoint: 81001 ns, At safepoint: 23600 ns, Total: 104601 ns
[15.831s][info ][safepoint      ] Safepoint "ICBufferFull", Time since last: 1481406 ns, Reaching safepoint: 93600 ns, At safepoint: 26301 ns, Total: 119901 ns
[15.835s][info ][safepoint      ] Safepoint "ICBufferFull", Time since last: 4127817 ns, Reaching safepoint: 94201 ns, At safepoint: 19600 ns, Total: 113801 ns
[15.836s][info ][safepoint      ] Safepoint "ICBufferFull", Time since last: 1047304 ns, Reaching safepoint: 93201 ns, At safepoint: 23900 ns, Total: 117101 ns
[15.837s][info ][safepoint      ] Safepoint "ICBufferFull", Time since last: 976304 ns, Reaching safepoint: 83300 ns, At safepoint: 22700 ns, Total: 106000 ns
[15.837s][info ][safepoint      ] Safepoint "ICBufferFull", Time since last: 41100 ns, Reaching safepoint: 81301 ns, At safepoint: 26700 ns, Total: 108001 ns
[15.838s][info ][safepoint      ] Safepoint "ICBufferFull", Time since last: 49700 ns, Reaching safepoint: 82600 ns, At safepoint: 15201 ns, Total: 97801 ns
[15.838s][info ][safepoint      ] Safepoint "ICBufferFull", Time since last: 32100 ns, Reaching safepoint: 80700 ns, At safepoint: 18400 ns, Total: 99100 ns
[15.839s][info ][safepoint      ] Safepoint "ICBufferFull", Time since last: 1257005 ns, Reaching safepoint: 96401 ns, At safepoint: 16600 ns, Total: 113001 ns
[15.841s][info ][safepoint      ] Safepoint "ICBufferFull", Time since last: 1324406 ns, Reaching safepoint: 95500 ns, At safepoint: 18900 ns, Total: 114400 ns
[15.842s][info ][safepoint      ] Safepoint "ICBufferFull", Time since last: 1504307 ns, Reaching safepoint: 97900 ns, At safepoint: 6800 ns, Total: 104700 ns
[15.842s][info ][safepoint      ] Safepoint "ICBufferFull", Time since last: 56900 ns, Reaching safepoint: 80901 ns, At safepoint: 19900 ns, Total: 100801 ns
[15.842s][info ][safepoint      ] Safepoint "ICBufferFull", Time since last: 37500 ns, Reaching safepoint: 80100 ns, At safepoint: 21300 ns, Total: 101400 ns
[15.843s][info ][safepoint      ] Safepoint "ICBufferFull", Time since last: 48100 ns, Reaching safepoint: 79601 ns, At safepoint: 19000 ns, Total: 98601 ns
[15.843s][info ][safepoint      ] Safepoint "ICBufferFull", Time since last: 46400 ns, Reaching safepoint: 99700 ns, At safepoint: 25401 ns, Total: 125101 ns
[15.843s][info ][safepoint      ] Safepoint "ICBufferFull", Time since last: 59200 ns, Reaching safepoint: 86200 ns, At safepoint: 24100 ns, Total: 110300 ns
[15.844s][info ][safepoint      ] Safepoint "ICBufferFull", Time since last: 696203 ns, Reaching safepoint: 90701 ns, At safepoint: 14800 ns, Total: 105501 ns
[15.844s][info ][safepoint      ] Safepoint "ICBufferFull", Time since last: 106500 ns, Reaching safepoint: 87101 ns, At safepoint: 19100 ns, Total: 106201 ns
[15.844s][info ][safepoint      ] Safepoint "ICBufferFull", Time since last: 103900 ns, Reaching safepoint: 87200 ns, At safepoint: 19101 ns, Total: 106301 ns
[15.844s][info ][safepoint      ] Safepoint "ICBufferFull", Time since last: 60400 ns, Reaching safepoint: 85100 ns, At safepoint: 22300 ns, Total: 107400 ns
[15.845s][info ][safepoint      ] Safepoint "ICBufferFull", Time since last: 63501 ns, Reaching safepoint: 85400 ns, At safepoint: 24500 ns, Total: 109900 ns
[15.845s][info ][safepoint      ] Safepoint "ICBufferFull", Time since last: 805503 ns, Reaching safepoint: 46801 ns, At safepoint: 10500 ns, Total: 57301 ns
[15.846s][info ][safepoint      ] Safepoint "ICBufferFull", Time since last: 51800 ns, Reaching safepoint: 83900 ns, At safepoint: 19100 ns, Total: 103000 ns
[15.846s][info ][safepoint      ] Safepoint "ICBufferFull", Time since last: 48701 ns, Reaching safepoint: 82300 ns, At safepoint: 17700 ns, Total: 100000 ns
[15.846s][info ][safepoint      ] Safepoint "ICBufferFull", Time since last: 66900 ns, Reaching safepoint: 84701 ns, At safepoint: 24300 ns, Total: 109001 ns
[15.846s][info ][safepoint      ] Safepoint "ICBufferFull", Time since last: 68800 ns, Reaching safepoint: 87900 ns, At safepoint: 25601 ns, Total: 113501 ns
[15.846s][info ][safepoint      ] Safepoint "ICBufferFull", Time since last: 78800 ns, Reaching safepoint: 91000 ns, At safepoint: 20700 ns, Total: 111700 ns
[15.847s][info ][safepoint      ] Safepoint "ICBufferFull", Time since last: 802804 ns, Reaching safepoint: 97300 ns, At safepoint: 12100 ns, Total: 109400 ns
[15.847s][info ][safepoint      ] Safepoint "ICBufferFull", Time since last: 49100 ns, Reaching safepoint: 82901 ns, At safepoint: 19400 ns, Total: 102301 ns
[15.847s][info ][safepoint      ] Safepoint "ICBufferFull", Time since last: 84200 ns, Reaching safepoint: 86701 ns, At safepoint: 12800 ns, Total: 99501 ns
[15.848s][info ][safepoint      ] Safepoint "ICBufferFull", Time since last: 64200 ns, Reaching safepoint: 83600 ns, At safepoint: 18200 ns, Total: 101800 ns
[15.848s][info ][safepoint      ] Safepoint "ICBufferFull", Time since last: 39101 ns, Reaching safepoint: 84300 ns, At safepoint: 20100 ns, Total: 104400 ns
[15.849s][info ][safepoint      ] Safepoint "ICBufferFull", Time since last: 716303 ns, Reaching safepoint: 100400 ns, At safepoint: 9000 ns, Total: 109400 ns
[15.849s][info ][safepoint      ] Safepoint "ICBufferFull", Time since last: 41901 ns, Reaching safepoint: 83500 ns, At safepoint: 18700 ns, Total: 102200 ns
[15.849s][info ][safepoint      ] Safepoint "ICBufferFull", Time since last: 47400 ns, Reaching safepoint: 83301 ns, At safepoint: 19100 ns, Total: 102401 ns
[15.849s][info ][safepoint      ] Safepoint "ICBufferFull", Time since last: 111500 ns, Reaching safepoint: 82901 ns, At safepoint: 21500 ns, Total: 104401 ns
[15.849s][info ][safepoint      ] Safepoint "ICBufferFull", Time since last: 68500 ns, Reaching safepoint: 83900 ns, At safepoint: 24200 ns, Total: 108100 ns
[15.850s][info ][safepoint      ] Safepoint "ICBufferFull", Time since last: 895904 ns, Reaching safepoint: 91501 ns, At safepoint: 13100 ns, Total: 104601 ns
[15.850s][info ][safepoint      ] Safepoint "ICBufferFull", Time since last: 54900 ns, Reaching safepoint: 84900 ns, At safepoint: 20400 ns, Total: 105300 ns
[15.851s][info ][safepoint      ] Safepoint "ICBufferFull", Time since last: 242001 ns, Reaching safepoint: 88701 ns, At safepoint: 16000 ns, Total: 104701 ns
[15.851s][info ][safepoint      ] Safepoint "ICBufferFull", Time since last: 63000 ns, Reaching safepoint: 88801 ns, At safepoint: 18300 ns, Total: 107101 ns
[15.851s][info ][safepoint      ] Safepoint "ICBufferFull", Time since last: 37800 ns, Reaching safepoint: 94000 ns, At safepoint: 21200 ns, Total: 115200 ns
[15.852s][info ][safepoint      ] Safepoint "ICBufferFull", Time since last: 819404 ns, Reaching safepoint: 86700 ns, At safepoint: 9100 ns, Total: 95800 ns
[15.852s][info ][safepoint      ] Safepoint "ICBufferFull", Time since last: 126201 ns, Reaching safepoint: 84300 ns, At safepoint: 8500 ns, Total: 92800 ns
[15.852s][info ][safepoint      ] Safepoint "ICBufferFull", Time since last: 67500 ns, Reaching safepoint: 81801 ns, At safepoint: 21300 ns, Total: 103101 ns
[15.853s][info ][safepoint      ] Safepoint "ICBufferFull", Time since last: 55900 ns, Reaching safepoint: 88500 ns, At safepoint: 23001 ns, Total: 111501 ns
[15.853s][info ][safepoint      ] Safepoint "ICBufferFull", Time since last: 86500 ns, Reaching safepoint: 83600 ns, At safepoint: 19500 ns, Total: 103100 ns
[15.853s][info ][safepoint      ] Safepoint "ICBufferFull", Time since last: 110201 ns, Reaching safepoint: 95700 ns, At safepoint: 19700 ns, Total: 115400 ns
[15.854s][info ][safepoint      ] Safepoint "ICBufferFull", Time since last: 757004 ns, Reaching safepoint: 89100 ns, At safepoint: 14300 ns, Total: 103400 ns
[15.854s][info ][safepoint      ] Safepoint "ICBufferFull", Time since last: 57200 ns, Reaching safepoint: 94901 ns, At safepoint: 15900 ns, Total: 110801 ns
[15.855s][info ][safepoint      ] Safepoint "ICBufferFull", Time since last: 476302 ns, Reaching safepoint: 81800 ns, At safepoint: 17000 ns, Total: 98800 ns
[15.855s][info ][safepoint      ] Safepoint "ICBufferFull", Time since last: 41900 ns, Reaching safepoint: 82201 ns, At safepoint: 16400 ns, Total: 98601 ns
[15.855s][info ][safepoint      ] Safepoint "ICBufferFull", Time since last: 20000 ns, Reaching safepoint: 82700 ns, At safepoint: 17700 ns, Total: 100400 ns
[15.855s][info ][safepoint      ] Safepoint "ICBufferFull", Time since last: 45600 ns, Reaching safepoint: 93401 ns, At safepoint: 18200 ns, Total: 111601 ns
[15.855s][info ][safepoint      ] Safepoint "ICBufferFull", Time since last: 82800 ns, Reaching safepoint: 82801 ns, At safepoint: 18500 ns, Total: 101301 ns
[15.856s][info ][safepoint      ] Safepoint "ICBufferFull", Time since last: 795103 ns, Reaching safepoint: 83100 ns, At safepoint: 21701 ns, Total: 104801 ns
[15.856s][info ][safepoint      ] Safepoint "ICBufferFull", Time since last: 100600 ns, Reaching safepoint: 85200 ns, At safepoint: 15100 ns, Total: 100300 ns
[15.856s][info ][safepoint      ] Safepoint "ICBufferFull", Time since last: 36801 ns, Reaching safepoint: 80900 ns, At safepoint: 20600 ns, Total: 101500 ns
[15.857s][info ][safepoint      ] Safepoint "ICBufferFull", Time since last: 706303 ns, Reaching safepoint: 102200 ns, At safepoint: 6400 ns, Total: 108600 ns
[15.857s][info ][safepoint      ] Safepoint "ICBufferFull", Time since last: 50301 ns, Reaching safepoint: 86300 ns, At safepoint: 19100 ns, Total: 105400 ns
[15.858s][info ][safepoint      ] Safepoint "ICBufferFull", Time since last: 872604 ns, Reaching safepoint: 90200 ns, At safepoint: 22500 ns, Total: 112700 ns
[15.859s][info ][safepoint      ] Safepoint "ICBufferFull", Time since last: 52301 ns, Reaching safepoint: 79500 ns, At safepoint: 19700 ns, Total: 99200 ns
[15.859s][info ][safepoint      ] Safepoint "ICBufferFull", Time since last: 54900 ns, Reaching safepoint: 79601 ns, At safepoint: 21900 ns, Total: 101501 ns
[15.859s][info ][safepoint      ] Safepoint "ICBufferFull", Time since last: 34300 ns, Reaching safepoint: 88200 ns, At safepoint: 17200 ns, Total: 105400 ns
[15.859s][info ][safepoint      ] Safepoint "ICBufferFull", Time since last: 90801 ns, Reaching safepoint: 81300 ns, At safepoint: 21400 ns, Total: 102700 ns
[15.859s][info ][safepoint      ] Safepoint "ICBufferFull", Time since last: 282501 ns, Reaching safepoint: 106701 ns, At safepoint: 19600 ns, Total: 126301 ns
[15.860s][info ][safepoint      ] Safepoint "ICBufferFull", Time since last: 711903 ns, Reaching safepoint: 89300 ns, At safepoint: 9300 ns, Total: 98600 ns
[15.860s][info ][safepoint      ] Safepoint "ICBufferFull", Time since last: 48100 ns, Reaching safepoint: 94701 ns, At safepoint: 21400 ns, Total: 116101 ns
[15.861s][info ][safepoint      ] Safepoint "ICBufferFull", Time since last: 40800 ns, Reaching safepoint: 95701 ns, At safepoint: 14100 ns, Total: 109801 ns
[15.861s][info ][safepoint      ] Safepoint "ICBufferFull", Time since last: 28100 ns, Reaching safepoint: 94100 ns, At safepoint: 17500 ns, Total: 111600 ns
[15.861s][info ][safepoint      ] Safepoint "ICBufferFull", Time since last: 73101 ns, Reaching safepoint: 86400 ns, At safepoint: 22400 ns, Total: 108800 ns
[15.862s][info ][safepoint      ] Safepoint "ICBufferFull", Time since last: 796403 ns, Reaching safepoint: 85401 ns, At safepoint: 13300 ns, Total: 98701 ns
[15.862s][info ][safepoint      ] Safepoint "ICBufferFull", Time since last: 65100 ns, Reaching safepoint: 83300 ns, At safepoint: 17401 ns, Total: 100701 ns
[15.862s][info ][safepoint      ] Safepoint "ICBufferFull", Time since last: 32400 ns, Reaching safepoint: 94800 ns, At safepoint: 18700 ns, Total: 113500 ns
[15.862s][info ][safepoint      ] Safepoint "ICBufferFull", Time since last: 32000 ns, Reaching safepoint: 83701 ns, At safepoint: 19800 ns, Total: 103501 ns
[15.862s][info ][safepoint      ] Safepoint "ICBufferFull", Time since last: 35300 ns, Reaching safepoint: 90300 ns, At safepoint: 20100 ns, Total: 110400 ns
[15.866s][info ][safepoint      ] Safepoint "ICBufferFull", Time since last: 684203 ns, Reaching safepoint: 3218114 ns, At safepoint: 20700 ns, Total: 3238814 ns
[15.873s][info ][safepoint      ] Safepoint "ICBufferFull", Time since last: 6912630 ns, Reaching safepoint: 103900 ns, At safepoint: 18500 ns, Total: 122400 ns
[15.874s][info ][safepoint      ] Safepoint "ICBufferFull", Time since last: 115001 ns, Reaching safepoint: 115900 ns, At safepoint: 19200 ns, Total: 135100 ns
[15.874s][info ][safepoint      ] Safepoint "ICBufferFull", Time since last: 129801 ns, Reaching safepoint: 88400 ns, At safepoint: 18100 ns, Total: 106500 ns
[15.874s][info ][safepoint      ] Safepoint "ICBufferFull", Time since last: 37800 ns, Reaching safepoint: 86501 ns, At safepoint: 16500 ns, Total: 103001 ns
[15.874s][info ][safepoint      ] Safepoint "ICBufferFull", Time since last: 84800 ns, Reaching safepoint: 86801 ns, At safepoint: 22800 ns, Total: 109601 ns
[15.875s][info ][safepoint      ] Safepoint "ICBufferFull", Time since last: 717103 ns, Reaching safepoint: 92200 ns, At safepoint: 15500 ns, Total: 107700 ns
[15.876s][info ][safepoint      ] Safepoint "ICBufferFull", Time since last: 679703 ns, Reaching safepoint: 83300 ns, At safepoint: 21900 ns, Total: 105200 ns
[15.876s][info ][safepoint      ] Safepoint "ICBufferFull", Time since last: 48601 ns, Reaching safepoint: 84500 ns, At safepoint: 17300 ns, Total: 101800 ns
[15.876s][info ][safepoint      ] Safepoint "ICBufferFull", Time since last: 105301 ns, Reaching safepoint: 88100 ns, At safepoint: 19200 ns, Total: 107300 ns
[15.878s][info ][safepoint      ] Safepoint "ICBufferFull", Time since last: 1248505 ns, Reaching safepoint: 109601 ns, At safepoint: 20500 ns, Total: 130101 ns
[15.878s][info ][safepoint      ] Safepoint "ICBufferFull", Time since last: 59400 ns, Reaching safepoint: 87201 ns, At safepoint: 20100 ns, Total: 107301 ns
[15.884s][info ][safepoint      ] Safepoint "ICBufferFull", Time since last: 5862925 ns, Reaching safepoint: 91600 ns, At safepoint: 8600 ns, Total: 100200 ns
[15.884s][info ][safepoint      ] Safepoint "ICBufferFull", Time since last: 51000 ns, Reaching safepoint: 88201 ns, At safepoint: 19600 ns, Total: 107801 ns
[15.884s][info ][safepoint      ] Safepoint "ICBufferFull", Time since last: 37600 ns, Reaching safepoint: 89300 ns, At safepoint: 22600 ns, Total: 111900 ns
[15.884s][info ][safepoint      ] Safepoint "ICBufferFull", Time since last: 59401 ns, Reaching safepoint: 88300 ns, At safepoint: 18900 ns, Total: 107200 ns
[15.884s][info ][safepoint      ] Safepoint "ICBufferFull", Time since last: 32200 ns, Reaching safepoint: 95501 ns, At safepoint: 18500 ns, Total: 114001 ns
[15.884s][info ][safepoint      ] Safepoint "ICBufferFull", Time since last: 36800 ns, Reaching safepoint: 84600 ns, At safepoint: 24800 ns, Total: 109400 ns
[15.885s][info ][safepoint      ] Safepoint "ICBufferFull", Time since last: 728103 ns, Reaching safepoint: 92901 ns, At safepoint: 20800 ns, Total: 113701 ns
[15.885s][info ][safepoint      ] Safepoint "ICBufferFull", Time since last: 38400 ns, Reaching safepoint: 82700 ns, At safepoint: 25501 ns, Total: 108201 ns
[15.886s][info ][safepoint      ] Safepoint "ICBufferFull", Time since last: 46500 ns, Reaching safepoint: 83200 ns, At safepoint: 20500 ns, Total: 103700 ns
[15.886s][info ][safepoint      ] Safepoint "ICBufferFull", Time since last: 48400 ns, Reaching safepoint: 87701 ns, At safepoint: 22700 ns, Total: 110401 ns
[15.886s][info ][safepoint      ] Safepoint "ICBufferFull", Time since last: 43300 ns, Reaching safepoint: 61600 ns, At safepoint: 22000 ns, Total: 83600 ns
[15.887s][info ][safepoint      ] Safepoint "ICBufferFull", Time since last: 824904 ns, Reaching safepoint: 89000 ns, At safepoint: 14500 ns, Total: 103500 ns
[15.887s][info ][safepoint      ] Safepoint "ICBufferFull", Time since last: 57101 ns, Reaching safepoint: 84100 ns, At safepoint: 22000 ns, Total: 106100 ns
[15.887s][info ][safepoint      ] Safepoint "ICBufferFull", Time since last: 48600 ns, Reaching safepoint: 85501 ns, At safepoint: 15000 ns, Total: 100501 ns
[15.887s][info ][safepoint      ] Safepoint "ICBufferFull", Time since last: 45000 ns, Reaching safepoint: 90100 ns, At safepoint: 18400 ns, Total: 108500 ns
[15.887s][info ][safepoint      ] Safepoint "ICBufferFull", Time since last: 47601 ns, Reaching safepoint: 88500 ns, At safepoint: 24500 ns, Total: 113000 ns
[15.888s][info ][safepoint      ] Safepoint "ICBufferFull", Time since last: 881204 ns, Reaching safepoint: 96800 ns, At safepoint: 18400 ns, Total: 115200 ns
[15.889s][info ][safepoint      ] Safepoint "ICBufferFull", Time since last: 47601 ns, Reaching safepoint: 82600 ns, At safepoint: 20400 ns, Total: 103000 ns
[15.889s][info ][safepoint      ] Safepoint "ICBufferFull", Time since last: 71300 ns, Reaching safepoint: 80701 ns, At safepoint: 17800 ns, Total: 98501 ns
[15.890s][info ][safepoint      ] Safepoint "ICBufferFull", Time since last: 872303 ns, Reaching safepoint: 91201 ns, At safepoint: 16000 ns, Total: 107201 ns
[15.890s][info ][safepoint      ] Safepoint "ICBufferFull", Time since last: 53800 ns, Reaching safepoint: 144401 ns, At safepoint: 22900 ns, Total: 167301 ns
[15.890s][info ][safepoint      ] Safepoint "ICBufferFull", Time since last: 41400 ns, Reaching safepoint: 79200 ns, At safepoint: 22500 ns, Total: 101700 ns
[15.890s][info ][safepoint      ] Safepoint "ICBufferFull", Time since last: 49801 ns, Reaching safepoint: 79900 ns, At safepoint: 17900 ns, Total: 97800 ns
[15.890s][info ][safepoint      ] Safepoint "ICBufferFull", Time since last: 32300 ns, Reaching safepoint: 89601 ns, At safepoint: 25500 ns, Total: 115101 ns
[15.893s][info ][safepoint      ] Safepoint "ICBufferFull", Time since last: 2637211 ns, Reaching safepoint: 88000 ns, At safepoint: 21000 ns, Total: 109000 ns
[15.893s][info ][safepoint      ] Safepoint "ICBufferFull", Time since last: 44501 ns, Reaching safepoint: 83800 ns, At safepoint: 27000 ns, Total: 110800 ns
[15.893s][info ][safepoint      ] Safepoint "ICBufferFull", Time since last: 60000 ns, Reaching safepoint: 82701 ns, At safepoint: 23800 ns, Total: 106501 ns
[15.894s][info ][safepoint      ] Safepoint "ICBufferFull", Time since last: 136700 ns, Reaching safepoint: 82001 ns, At safepoint: 21400 ns, Total: 103401 ns
[15.894s][info ][safepoint      ] Safepoint "ICBufferFull", Time since last: 43000 ns, Reaching safepoint: 82900 ns, At safepoint: 22600 ns, Total: 105500 ns
[15.895s][info ][safepoint      ] Safepoint "ICBufferFull", Time since last: 736004 ns, Reaching safepoint: 90100 ns, At safepoint: 11300 ns, Total: 101400 ns
[15.895s][info ][safepoint      ] Safepoint "ICBufferFull", Time since last: 64300 ns, Reaching safepoint: 80801 ns, At safepoint: 19600 ns, Total: 100401 ns
[15.895s][info ][safepoint      ] Safepoint "ICBufferFull", Time since last: 163800 ns, Reaching safepoint: 81301 ns, At safepoint: 16700 ns, Total: 98001 ns
[15.895s][info ][safepoint      ] Safepoint "ICBufferFull", Time since last: 62800 ns, Reaching safepoint: 89800 ns, At safepoint: 17901 ns, Total: 107701 ns
[15.895s][info ][safepoint      ] Safepoint "ICBufferFull", Time since last: 40800 ns, Reaching safepoint: 90000 ns, At safepoint: 24000 ns, Total: 114000 ns
[15.896s][info ][safepoint      ] Safepoint "ICBufferFull", Time since last: 35600 ns, Reaching safepoint: 80801 ns, At safepoint: 24200 ns, Total: 105001 ns
[15.896s][info ][safepoint      ] Safepoint "ICBufferFull", Time since last: 670603 ns, Reaching safepoint: 83200 ns, At safepoint: 13300 ns, Total: 96500 ns
[15.896s][info ][safepoint      ] Safepoint "ICBufferFull", Time since last: 55300 ns, Reaching safepoint: 80401 ns, At safepoint: 20700 ns, Total: 101101 ns
[15.897s][info ][safepoint      ] Safepoint "ICBufferFull", Time since last: 50100 ns, Reaching safepoint: 79400 ns, At safepoint: 23100 ns, Total: 102500 ns
[15.897s][info ][safepoint      ] Safepoint "ICBufferFull", Time since last: 49001 ns, Reaching safepoint: 88100 ns, At safepoint: 24200 ns, Total: 112300 ns
[15.897s][info ][safepoint      ] Safepoint "ICBufferFull", Time since last: 65500 ns, Reaching safepoint: 89401 ns, At safepoint: 18600 ns, Total: 108001 ns
[15.897s][info ][safepoint      ] Safepoint "ICBufferFull", Time since last: 36400 ns, Reaching safepoint: 80800 ns, At safepoint: 26600 ns, Total: 107400 ns
[15.898s][info ][safepoint      ] Safepoint "ICBufferFull", Time since last: 702103 ns, Reaching safepoint: 82201 ns, At safepoint: 21500 ns, Total: 103701 ns
[15.898s][info ][safepoint      ] Safepoint "ICBufferFull", Time since last: 55500 ns, Reaching safepoint: 83501 ns, At safepoint: 20400 ns, Total: 103901 ns
[15.898s][info ][safepoint      ] Safepoint "ICBufferFull", Time since last: 53300 ns, Reaching safepoint: 82600 ns, At safepoint: 23700 ns, Total: 106300 ns
[15.898s][info ][safepoint      ] Safepoint "ICBufferFull", Time since last: 29700 ns, Reaching safepoint: 82301 ns, At safepoint: 21200 ns, Total: 103501 ns
[15.899s][info ][safepoint      ] Safepoint "ICBufferFull", Time since last: 50500 ns, Reaching safepoint: 88300 ns, At safepoint: 17601 ns, Total: 105901 ns
[15.899s][info ][safepoint      ] Safepoint "ICBufferFull", Time since last: 40500 ns, Reaching safepoint: 90500 ns, At safepoint: 19900 ns, Total: 110400 ns
[15.900s][info ][safepoint      ] Safepoint "ICBufferFull", Time since last: 822604 ns, Reaching safepoint: 90100 ns, At safepoint: 15100 ns, Total: 105200 ns
[15.900s][info ][safepoint      ] Safepoint "ICBufferFull", Time since last: 54400 ns, Reaching safepoint: 80501 ns, At safepoint: 21000 ns, Total: 101501 ns
[15.900s][info ][safepoint      ] Safepoint "ICBufferFull", Time since last: 41500 ns, Reaching safepoint: 79900 ns, At safepoint: 20100 ns, Total: 100000 ns
[15.900s][info ][safepoint      ] Safepoint "ICBufferFull", Time since last: 39401 ns, Reaching safepoint: 80100 ns, At safepoint: 13900 ns, Total: 94000 ns
[15.900s][info ][safepoint      ] Safepoint "ICBufferFull", Time since last: 25200 ns, Reaching safepoint: 90600 ns, At safepoint: 18401 ns, Total: 109001 ns
[15.901s][info ][safepoint      ] Safepoint "ICBufferFull", Time since last: 696602 ns, Reaching safepoint: 89001 ns, At safepoint: 9400 ns, Total: 98401 ns
[15.901s][info ][safepoint      ] Safepoint "ICBufferFull", Time since last: 53400 ns, Reaching safepoint: 79100 ns, At safepoint: 18301 ns, Total: 97401 ns
[15.901s][info ][safepoint      ] Safepoint "ICBufferFull", Time since last: 39700 ns, Reaching safepoint: 43000 ns, At safepoint: 18600 ns, Total: 61600 ns
[15.901s][info ][safepoint      ] Safepoint "ICBufferFull", Time since last: 39300 ns, Reaching safepoint: 78100 ns, At safepoint: 22301 ns, Total: 100401 ns
[15.902s][info ][safepoint      ] Safepoint "ICBufferFull", Time since last: 54000 ns, Reaching safepoint: 88900 ns, At safepoint: 18800 ns, Total: 107700 ns
[15.902s][info ][safepoint      ] Safepoint "ICBufferFull", Time since last: 48100 ns, Reaching safepoint: 85901 ns, At safepoint: 22000 ns, Total: 107901 ns
[15.903s][info ][safepoint      ] Safepoint "ICBufferFull", Time since last: 749603 ns, Reaching safepoint: 86201 ns, At safepoint: 12100 ns, Total: 98301 ns
[15.903s][info ][safepoint      ] Safepoint "ICBufferFull", Time since last: 52800 ns, Reaching safepoint: 84600 ns, At safepoint: 21200 ns, Total: 105800 ns
[15.903s][info ][safepoint      ] Safepoint "ICBufferFull", Time since last: 21400 ns, Reaching safepoint: 86001 ns, At safepoint: 17200 ns, Total: 103201 ns
[15.903s][info ][safepoint      ] Safepoint "ICBufferFull", Time since last: 433102 ns, Reaching safepoint: 88200 ns, At safepoint: 23000 ns, Total: 111200 ns
[15.903s][info ][safepoint      ] Safepoint "ICBufferFull", Time since last: 32100 ns, Reaching safepoint: 80201 ns, At safepoint: 25400 ns, Total: 105601 ns
[15.904s][info ][safepoint      ] Safepoint "ICBufferFull", Time since last: 757203 ns, Reaching safepoint: 90000 ns, At safepoint: 9300 ns, Total: 99300 ns
[15.905s][info ][safepoint      ] Safepoint "ICBufferFull", Time since last: 53301 ns, Reaching safepoint: 93600 ns, At safepoint: 25100 ns, Total: 118700 ns
[15.905s][info ][safepoint      ] Safepoint "ICBufferFull", Time since last: 49000 ns, Reaching safepoint: 91401 ns, At safepoint: 21400 ns, Total: 112801 ns
[15.905s][info ][safepoint      ] Safepoint "ICBufferFull", Time since last: 47600 ns, Reaching safepoint: 84000 ns, At safepoint: 28100 ns, Total: 112100 ns
[15.905s][info ][safepoint      ] Safepoint "ICBufferFull", Time since last: 68801 ns, Reaching safepoint: 93000 ns, At safepoint: 21300 ns, Total: 114300 ns
[15.905s][info ][safepoint      ] Safepoint "ICBufferFull", Time since last: 35500 ns, Reaching safepoint: 90001 ns, At safepoint: 22400 ns, Total: 112401 ns
[15.906s][info ][safepoint      ] Safepoint "ICBufferFull", Time since last: 678603 ns, Reaching safepoint: 85200 ns, At safepoint: 22300 ns, Total: 107500 ns
[15.906s][info ][safepoint      ] Safepoint "ICBufferFull", Time since last: 65900 ns, Reaching safepoint: 81301 ns, At safepoint: 20000 ns, Total: 101301 ns
[15.906s][info ][safepoint      ] Safepoint "ICBufferFull", Time since last: 121700 ns, Reaching safepoint: 85501 ns, At safepoint: 24100 ns, Total: 109601 ns
[15.907s][info ][safepoint      ] Safepoint "ICBufferFull", Time since last: 745403 ns, Reaching safepoint: 94900 ns, At safepoint: 9101 ns, Total: 104001 ns
[15.907s][info ][safepoint      ] Safepoint "ICBufferFull", Time since last: 58600 ns, Reaching safepoint: 82900 ns, At safepoint: 21700 ns, Total: 104600 ns
[15.908s][info ][safepoint      ] Safepoint "ICBufferFull", Time since last: 62100 ns, Reaching safepoint: 91201 ns, At safepoint: 20600 ns, Total: 111801 ns
[15.908s][info ][safepoint      ] Safepoint "ICBufferFull", Time since last: 44900 ns, Reaching safepoint: 88801 ns, At safepoint: 22200 ns, Total: 111001 ns
[15.908s][info ][safepoint      ] Safepoint "ICBufferFull", Time since last: 31700 ns, Reaching safepoint: 92700 ns, At safepoint: 22200 ns, Total: 114900 ns
[15.908s][info ][safepoint      ] Safepoint "ICBufferFull", Time since last: 34200 ns, Reaching safepoint: 91401 ns, At safepoint: 22400 ns, Total: 113801 ns
[15.909s][info ][safepoint      ] Safepoint "ICBufferFull", Time since last: 747003 ns, Reaching safepoint: 65100 ns, At safepoint: 13100 ns, Total: 78200 ns
[15.909s][info ][safepoint      ] Safepoint "ICBufferFull", Time since last: 67201 ns, Reaching safepoint: 90200 ns, At safepoint: 18500 ns, Total: 108700 ns
[15.909s][info ][safepoint      ] Safepoint "ICBufferFull", Time since last: 40600 ns, Reaching safepoint: 91901 ns, At safepoint: 19700 ns, Total: 111601 ns
[15.909s][info ][safepoint      ] Safepoint "ICBufferFull", Time since last: 61400 ns, Reaching safepoint: 88000 ns, At safepoint: 23301 ns, Total: 111301 ns
[15.909s][info ][safepoint      ] Safepoint "ICBufferFull", Time since last: 45900 ns, Reaching safepoint: 85900 ns, At safepoint: 17000 ns, Total: 102900 ns
[15.910s][info ][safepoint      ] Safepoint "ICBufferFull", Time since last: 34200 ns, Reaching safepoint: 95001 ns, At safepoint: 25300 ns, Total: 120301 ns
[15.910s][info ][safepoint      ] Safepoint "ICBufferFull", Time since last: 671203 ns, Reaching safepoint: 101900 ns, At safepoint: 17100 ns, Total: 119000 ns
[15.911s][info ][safepoint      ] Safepoint "ICBufferFull", Time since last: 40600 ns, Reaching safepoint: 101701 ns, At safepoint: 22100 ns, Total: 123801 ns
[15.911s][info ][safepoint      ] Safepoint "ICBufferFull", Time since last: 38900 ns, Reaching safepoint: 87100 ns, At safepoint: 18201 ns, Total: 105301 ns
[15.912s][info ][safepoint      ] Safepoint "ICBufferFull", Time since last: 728203 ns, Reaching safepoint: 88100 ns, At safepoint: 13200 ns, Total: 101300 ns
[15.912s][info ][safepoint      ] Safepoint "ICBufferFull", Time since last: 100101 ns, Reaching safepoint: 91300 ns, At safepoint: 14900 ns, Total: 106200 ns
[15.912s][info ][safepoint      ] Safepoint "ICBufferFull", Time since last: 39300 ns, Reaching safepoint: 96501 ns, At safepoint: 16800 ns, Total: 113301 ns
[15.912s][info ][safepoint      ] Safepoint "ICBufferFull", Time since last: 28100 ns, Reaching safepoint: 90100 ns, At safepoint: 22200 ns, Total: 112300 ns
[15.912s][info ][safepoint      ] Safepoint "ICBufferFull", Time since last: 32800 ns, Reaching safepoint: 90001 ns, At safepoint: 22100 ns, Total: 112101 ns
[15.913s][info ][safepoint      ] Safepoint "ICBufferFull", Time since last: 739803 ns, Reaching safepoint: 305201 ns, At safepoint: 12600 ns, Total: 317801 ns
[15.914s][info ][safepoint      ] Safepoint "ICBufferFull", Time since last: 537203 ns, Reaching safepoint: 88600 ns, At safepoint: 24600 ns, Total: 113200 ns
[15.914s][info ][safepoint      ] Safepoint "ICBufferFull", Time since last: 56200 ns, Reaching safepoint: 62901 ns, At safepoint: 22500 ns, Total: 85401 ns
[15.914s][info ][safepoint      ] Safepoint "ICBufferFull", Time since last: 62500 ns, Reaching safepoint: 86300 ns, At safepoint: 26300 ns, Total: 112600 ns
[15.914s][info ][safepoint      ] Safepoint "ICBufferFull", Time since last: 47601 ns, Reaching safepoint: 86000 ns, At safepoint: 21400 ns, Total: 107400 ns
[15.915s][info ][safepoint      ] Safepoint "ICBufferFull", Time since last: 150101 ns, Reaching safepoint: 417602 ns, At safepoint: 23200 ns, Total: 440802 ns
[15.918s][info ][safepoint      ] Safepoint "ICBufferFull", Time since last: 735703 ns, Reaching safepoint: 2141609 ns, At safepoint: 18800 ns, Total: 2160409 ns
[15.921s][info ][safepoint      ] Safepoint "ICBufferFull", Time since last: 3378714 ns, Reaching safepoint: 84401 ns, At safepoint: 21000 ns, Total: 105401 ns
[15.922s][info ][safepoint      ] Safepoint "ICBufferFull", Time since last: 772103 ns, Reaching safepoint: 82401 ns, At safepoint: 21400 ns, Total: 103801 ns
[15.922s][info ][safepoint      ] Safepoint "ICBufferFull", Time since last: 43500 ns, Reaching safepoint: 83000 ns, At safepoint: 19500 ns, Total: 102500 ns
[15.922s][info ][safepoint      ] Safepoint "ICBufferFull", Time since last: 25600 ns, Reaching safepoint: 84501 ns, At safepoint: 21600 ns, Total: 106101 ns
[15.923s][info ][safepoint      ] Safepoint "ICBufferFull", Time since last: 43300 ns, Reaching safepoint: 93300 ns, At safepoint: 23500 ns, Total: 116800 ns
[15.923s][info ][safepoint      ] Safepoint "ICBufferFull", Time since last: 106901 ns, Reaching safepoint: 108700 ns, At safepoint: 22601 ns, Total: 131301 ns
[15.924s][info ][safepoint      ] Safepoint "ICBufferFull", Time since last: 800803 ns, Reaching safepoint: 92700 ns, At safepoint: 25800 ns, Total: 118500 ns
[15.924s][info ][safepoint      ] Safepoint "ICBufferFull", Time since last: 76301 ns, Reaching safepoint: 83900 ns, At safepoint: 23100 ns, Total: 107000 ns
[15.924s][info ][safepoint      ] Safepoint "ICBufferFull", Time since last: 144801 ns, Reaching safepoint: 92600 ns, At safepoint: 19100 ns, Total: 111700 ns
[15.924s][info ][safepoint      ] Safepoint "ICBufferFull", Time since last: 76101 ns, Reaching safepoint: 83500 ns, At safepoint: 24300 ns, Total: 107800 ns
[15.925s][info ][safepoint      ] Safepoint "ICBufferFull", Time since last: 260501 ns, Reaching safepoint: 84901 ns, At safepoint: 19200 ns, Total: 104101 ns
[15.925s][info ][safepoint      ] Safepoint "ICBufferFull", Time since last: 40200 ns, Reaching safepoint: 82100 ns, At safepoint: 20500 ns, Total: 102600 ns
[15.926s][info ][safepoint      ] Safepoint "ICBufferFull", Time since last: 687503 ns, Reaching safepoint: 89701 ns, At safepoint: 15100 ns, Total: 104801 ns
[15.926s][info ][safepoint      ] Safepoint "ICBufferFull", Time since last: 56000 ns, Reaching safepoint: 80800 ns, At safepoint: 22100 ns, Total: 102900 ns
[15.929s][info ][safepoint      ] Safepoint "ICBufferFull", Time since last: 3340015 ns, Reaching safepoint: 56500 ns, At safepoint: 18700 ns, Total: 75200 ns
[15.929s][info ][safepoint      ] Safepoint "ICBufferFull", Time since last: 64900 ns, Reaching safepoint: 93001 ns, At safepoint: 28600 ns, Total: 121601 ns
[15.930s][info ][safepoint      ] Safepoint "ICBufferFull", Time since last: 93200 ns, Reaching safepoint: 88400 ns, At safepoint: 22901 ns, Total: 111301 ns
[15.930s][info ][safepoint      ] Safepoint "ICBufferFull", Time since last: 37000 ns, Reaching safepoint: 91900 ns, At safepoint: 22000 ns, Total: 113900 ns
[15.930s][info ][safepoint      ] Safepoint "ICBufferFull", Time since last: 136101 ns, Reaching safepoint: 77900 ns, At safepoint: 21700 ns, Total: 99600 ns
[15.931s][info ][safepoint      ] Safepoint "ICBufferFull", Time since last: 675303 ns, Reaching safepoint: 92800 ns, At safepoint: 21701 ns, Total: 114501 ns
[15.931s][info ][safepoint      ] Safepoint "ICBufferFull", Time since last: 71600 ns, Reaching safepoint: 84600 ns, At safepoint: 16800 ns, Total: 101400 ns
[15.931s][info ][safepoint      ] Safepoint "ICBufferFull", Time since last: 66101 ns, Reaching safepoint: 82900 ns, At safepoint: 18600 ns, Total: 101500 ns
[15.931s][info ][safepoint      ] Safepoint "ICBufferFull", Time since last: 37800 ns, Reaching safepoint: 82201 ns, At safepoint: 20300 ns, Total: 102501 ns
[15.932s][info ][safepoint      ] Safepoint "ICBufferFull", Time since last: 676003 ns, Reaching safepoint: 85300 ns, At safepoint: 18600 ns, Total: 103900 ns
[15.933s][info ][safepoint      ] Safepoint "ICBufferFull", Time since last: 729103 ns, Reaching safepoint: 83400 ns, At safepoint: 23701 ns, Total: 107101 ns
[15.933s][info ][safepoint      ] Safepoint "ICBufferFull", Time since last: 49000 ns, Reaching safepoint: 83100 ns, At safepoint: 26900 ns, Total: 110000 ns
[15.933s][info ][safepoint      ] Safepoint "ICBufferFull", Time since last: 76101 ns, Reaching safepoint: 93100 ns, At safepoint: 19700 ns, Total: 112800 ns
[15.934s][info ][safepoint      ] Safepoint "ICBufferFull", Time since last: 509902 ns, Reaching safepoint: 89901 ns, At safepoint: 13400 ns, Total: 103301 ns
[15.934s][info ][safepoint      ] Safepoint "ICBufferFull", Time since last: 42800 ns, Reaching safepoint: 87800 ns, At safepoint: 23500 ns, Total: 111300 ns
[15.934s][info ][safepoint      ] Safepoint "ICBufferFull", Time since last: 52301 ns, Reaching safepoint: 89900 ns, At safepoint: 20600 ns, Total: 110500 ns
[15.934s][info ][safepoint      ] Safepoint "ICBufferFull", Time since last: 58200 ns, Reaching safepoint: 87701 ns, At safepoint: 19200 ns, Total: 106901 ns
[15.935s][info ][safepoint      ] Safepoint "ICBufferFull", Time since last: 51900 ns, Reaching safepoint: 87400 ns, At safepoint: 26500 ns, Total: 113900 ns
[15.935s][info ][safepoint      ] Safepoint "ICBufferFull", Time since last: 141601 ns, Reaching safepoint: 88700 ns, At safepoint: 13100 ns, Total: 101800 ns
[15.936s][info ][safepoint      ] Safepoint "ICBufferFull", Time since last: 751804 ns, Reaching safepoint: 94800 ns, At safepoint: 6600 ns, Total: 101400 ns
[15.936s][info ][safepoint      ] Safepoint "ICBufferFull", Time since last: 58100 ns, Reaching safepoint: 79801 ns, At safepoint: 17000 ns, Total: 96801 ns
[15.936s][info ][safepoint      ] Safepoint "ICBufferFull", Time since last: 46400 ns, Reaching safepoint: 93400 ns, At safepoint: 20000 ns, Total: 113400 ns
[15.936s][info ][safepoint      ] Safepoint "ICBufferFull", Time since last: 94601 ns, Reaching safepoint: 83800 ns, At safepoint: 17600 ns, Total: 101400 ns
[15.936s][info ][safepoint      ] Safepoint "ICBufferFull", Time since last: 40200 ns, Reaching safepoint: 83801 ns, At safepoint: 18800 ns, Total: 102601 ns
[15.936s][info ][safepoint      ] Safepoint "ICBufferFull", Time since last: 48000 ns, Reaching safepoint: 89800 ns, At safepoint: 20101 ns, Total: 109901 ns
[15.937s][info ][safepoint      ] Safepoint "ICBufferFull", Time since last: 745603 ns, Reaching safepoint: 92400 ns, At safepoint: 9100 ns, Total: 101500 ns
[15.937s][info ][safepoint      ] Safepoint "ICBufferFull", Time since last: 50000 ns, Reaching safepoint: 80001 ns, At safepoint: 19200 ns, Total: 99201 ns
[15.938s][info ][safepoint      ] Safepoint "ICBufferFull", Time since last: 47800 ns, Reaching safepoint: 81200 ns, At safepoint: 18600 ns, Total: 99800 ns
[15.938s][info ][safepoint      ] Safepoint "ICBufferFull", Time since last: 86901 ns, Reaching safepoint: 90600 ns, At safepoint: 16500 ns, Total: 107100 ns
[15.938s][info ][safepoint      ] Safepoint "ICBufferFull", Time since last: 47400 ns, Reaching safepoint: 68501 ns, At safepoint: 20600 ns, Total: 89101 ns
[15.938s][info ][safepoint      ] Safepoint "ICBufferFull", Time since last: 37200 ns, Reaching safepoint: 80400 ns, At safepoint: 17100 ns, Total: 97500 ns
[15.939s][info ][safepoint      ] Safepoint "ICBufferFull", Time since last: 748004 ns, Reaching safepoint: 94200 ns, At safepoint: 16000 ns, Total: 110200 ns
[15.939s][info ][safepoint      ] Safepoint "ICBufferFull", Time since last: 48200 ns, Reaching safepoint: 79301 ns, At safepoint: 19900 ns, Total: 99201 ns
[15.939s][info ][safepoint      ] Safepoint "ICBufferFull", Time since last: 31800 ns, Reaching safepoint: 79600 ns, At safepoint: 16100 ns, Total: 95700 ns
[15.939s][info ][safepoint      ] Safepoint "ICBufferFull", Time since last: 19100 ns, Reaching safepoint: 78001 ns, At safepoint: 23700 ns, Total: 101701 ns
[15.939s][info ][safepoint      ] Safepoint "ICBufferFull", Time since last: 27200 ns, Reaching safepoint: 83800 ns, At safepoint: 25500 ns, Total: 109300 ns
[15.940s][info ][safepoint      ] Safepoint "ICBufferFull", Time since last: 692603 ns, Reaching safepoint: 96001 ns, At safepoint: 9600 ns, Total: 105601 ns
[15.940s][info ][safepoint      ] Safepoint "ICBufferFull", Time since last: 41800 ns, Reaching safepoint: 81500 ns, At safepoint: 17100 ns, Total: 98600 ns
[15.941s][info ][safepoint      ] Safepoint "ICBufferFull", Time since last: 42401 ns, Reaching safepoint: 82300 ns, At safepoint: 21400 ns, Total: 103700 ns
[15.941s][info ][safepoint      ] Safepoint "ICBufferFull", Time since last: 36300 ns, Reaching safepoint: 81500 ns, At safepoint: 21401 ns, Total: 102901 ns
[15.941s][info ][safepoint      ] Safepoint "ICBufferFull", Time since last: 47500 ns, Reaching safepoint: 82400 ns, At safepoint: 18600 ns, Total: 101000 ns
[15.941s][info ][safepoint      ] Safepoint "ICBufferFull", Time since last: 32500 ns, Reaching safepoint: 91301 ns, At safepoint: 23600 ns, Total: 114901 ns
[15.942s][info ][safepoint      ] Safepoint "ICBufferFull", Time since last: 764303 ns, Reaching safepoint: 94601 ns, At safepoint: 16100 ns, Total: 110701 ns
[15.942s][info ][safepoint      ] Safepoint "ICBufferFull", Time since last: 84800 ns, Reaching safepoint: 91900 ns, At safepoint: 15400 ns, Total: 107300 ns
[15.942s][info ][safepoint      ] Safepoint "ICBufferFull", Time since last: 50901 ns, Reaching safepoint: 94200 ns, At safepoint: 19000 ns, Total: 113200 ns
[15.942s][info ][safepoint      ] Safepoint "ICBufferFull", Time since last: 65800 ns, Reaching safepoint: 88501 ns, At safepoint: 20800 ns, Total: 109301 ns
[15.943s][info ][safepoint      ] Safepoint "ICBufferFull", Time since last: 30300 ns, Reaching safepoint: 86600 ns, At safepoint: 24400 ns, Total: 111000 ns
[15.943s][info ][safepoint      ] Safepoint "ICBufferFull", Time since last: 785604 ns, Reaching safepoint: 92200 ns, At safepoint: 9100 ns, Total: 101300 ns
[15.944s][info ][safepoint      ] Safepoint "ICBufferFull", Time since last: 61200 ns, Reaching safepoint: 82101 ns, At safepoint: 24900 ns, Total: 107001 ns
[15.944s][info ][safepoint      ] Safepoint "ICBufferFull", Time since last: 51200 ns, Reaching safepoint: 81001 ns, At safepoint: 19700 ns, Total: 100701 ns
[15.944s][info ][safepoint      ] Safepoint "ICBufferFull", Time since last: 65600 ns, Reaching safepoint: 83200 ns, At safepoint: 24700 ns, Total: 107900 ns
[15.944s][info ][safepoint      ] Safepoint "ICBufferFull", Time since last: 68701 ns, Reaching safepoint: 90000 ns, At safepoint: 20800 ns, Total: 110800 ns
[15.945s][info ][safepoint      ] Safepoint "ICBufferFull", Time since last: 1113805 ns, Reaching safepoint: 98100 ns, At safepoint: 23100 ns, Total: 121200 ns
[15.946s][info ][safepoint      ] Safepoint "ICBufferFull", Time since last: 82301 ns, Reaching safepoint: 81800 ns, At safepoint: 14900 ns, Total: 96700 ns
[15.946s][info ][safepoint      ] Safepoint "ICBufferFull", Time since last: 61100 ns, Reaching safepoint: 82701 ns, At safepoint: 29900 ns, Total: 112601 ns
[15.946s][info ][safepoint      ] Safepoint "ICBufferFull", Time since last: 87000 ns, Reaching safepoint: 83901 ns, At safepoint: 20400 ns, Total: 104301 ns
[15.946s][info ][safepoint      ] Safepoint "ICBufferFull", Time since last: 116800 ns, Reaching safepoint: 92001 ns, At safepoint: 21300 ns, Total: 113301 ns
[15.947s][info ][safepoint      ] Safepoint "ICBufferFull", Time since last: 795003 ns, Reaching safepoint: 93900 ns, At safepoint: 8301 ns, Total: 102201 ns
[15.947s][info ][safepoint      ] Safepoint "ICBufferFull", Time since last: 70300 ns, Reaching safepoint: 84900 ns, At safepoint: 25400 ns, Total: 110300 ns
[15.947s][info ][safepoint      ] Safepoint "ICBufferFull", Time since last: 68201 ns, Reaching safepoint: 87100 ns, At safepoint: 19700 ns, Total: 106800 ns
[15.948s][info ][safepoint      ] Safepoint "ICBufferFull", Time since last: 63500 ns, Reaching safepoint: 84001 ns, At safepoint: 20200 ns, Total: 104201 ns
[15.948s][info ][safepoint      ] Safepoint "ICBufferFull", Time since last: 74100 ns, Reaching safepoint: 87100 ns, At safepoint: 18401 ns, Total: 105501 ns
[15.948s][info ][safepoint      ] Safepoint "ICBufferFull", Time since last: 41600 ns, Reaching safepoint: 224901 ns, At safepoint: 33600 ns, Total: 258501 ns
[15.949s][info ][safepoint      ] Safepoint "ICBufferFull", Time since last: 734303 ns, Reaching safepoint: 82500 ns, At safepoint: 17100 ns, Total: 99600 ns
[15.949s][info ][safepoint      ] Safepoint "ICBufferFull", Time since last: 57701 ns, Reaching safepoint: 80900 ns, At safepoint: 26400 ns, Total: 107300 ns
[15.949s][info ][safepoint      ] Safepoint "ICBufferFull", Time since last: 67200 ns, Reaching safepoint: 89601 ns, At safepoint: 15100 ns, Total: 104701 ns
[15.949s][info ][safepoint      ] Safepoint "ICBufferFull", Time since last: 42200 ns, Reaching safepoint: 89200 ns, At safepoint: 22700 ns, Total: 111900 ns
[15.950s][info ][safepoint      ] Safepoint "ICBufferFull", Time since last: 786804 ns, Reaching safepoint: 82600 ns, At safepoint: 11700 ns, Total: 94300 ns
[15.950s][info ][safepoint      ] Safepoint "ICBufferFull", Time since last: 60300 ns, Reaching safepoint: 80001 ns, At safepoint: 14900 ns, Total: 94901 ns
[15.951s][info ][safepoint      ] Safepoint "ICBufferFull", Time since last: 51200 ns, Reaching safepoint: 79100 ns, At safepoint: 15200 ns, Total: 94300 ns
[15.951s][info ][safepoint      ] Safepoint "ICBufferFull", Time since last: 34501 ns, Reaching safepoint: 92900 ns, At safepoint: 23700 ns, Total: 116600 ns
[15.952s][info ][safepoint      ] Safepoint "ICBufferFull", Time since last: 797704 ns, Reaching safepoint: 81700 ns, At safepoint: 14000 ns, Total: 95700 ns
[15.952s][info ][safepoint      ] Safepoint "ICBufferFull", Time since last: 56700 ns, Reaching safepoint: 86801 ns, At safepoint: 25000 ns, Total: 111801 ns
[15.952s][info ][safepoint      ] Safepoint "ICBufferFull", Time since last: 44600 ns, Reaching safepoint: 78900 ns, At safepoint: 19300 ns, Total: 98200 ns
[15.952s][info ][safepoint      ] Safepoint "ICBufferFull", Time since last: 84801 ns, Reaching safepoint: 80000 ns, At safepoint: 16100 ns, Total: 96100 ns
[15.952s][info ][safepoint      ] Safepoint "ICBufferFull", Time since last: 84800 ns, Reaching safepoint: 105801 ns, At safepoint: 20700 ns, Total: 126501 ns
[15.952s][info ][safepoint      ] Safepoint "ICBufferFull", Time since last: 45300 ns, Reaching safepoint: 93901 ns, At safepoint: 22700 ns, Total: 116601 ns
[15.953s][info ][safepoint      ] Safepoint "ICBufferFull", Time since last: 690603 ns, Reaching safepoint: 82800 ns, At safepoint: 6100 ns, Total: 88900 ns
[15.953s][info ][safepoint      ] Safepoint "ICBufferFull", Time since last: 48000 ns, Reaching safepoint: 79001 ns, At safepoint: 14200 ns, Total: 93201 ns
[15.954s][info ][safepoint      ] Safepoint "ICBufferFull", Time since last: 84200 ns, Reaching safepoint: 86500 ns, At safepoint: 14900 ns, Total: 101400 ns
[15.954s][info ][safepoint      ] Safepoint "ICBufferFull", Time since last: 92901 ns, Reaching safepoint: 83800 ns, At safepoint: 13700 ns, Total: 97500 ns
[15.954s][info ][safepoint      ] Safepoint "ICBufferFull", Time since last: 117301 ns, Reaching safepoint: 81600 ns, At safepoint: 19300 ns, Total: 100900 ns
[15.954s][info ][safepoint      ] Safepoint "ICBufferFull", Time since last: 54900 ns, Reaching safepoint: 100301 ns, At safepoint: 25400 ns, Total: 125701 ns
[15.955s][info ][safepoint      ] Safepoint "ICBufferFull", Time since last: 730603 ns, Reaching safepoint: 96000 ns, At safepoint: 18000 ns, Total: 114000 ns
[15.955s][info ][safepoint      ] Safepoint "ICBufferFull", Time since last: 50901 ns, Reaching safepoint: 90200 ns, At safepoint: 23500 ns, Total: 113700 ns
[15.955s][info ][safepoint      ] Safepoint "ICBufferFull", Time since last: 123401 ns, Reaching safepoint: 90300 ns, At safepoint: 24300 ns, Total: 114600 ns
[15.956s][info ][safepoint      ] Safepoint "ICBufferFull", Time since last: 759803 ns, Reaching safepoint: 94501 ns, At safepoint: 9000 ns, Total: 103501 ns
[15.956s][info ][safepoint      ] Safepoint "ICBufferFull", Time since last: 44000 ns, Reaching safepoint: 92700 ns, At safepoint: 24701 ns, Total: 117401 ns
[15.957s][info ][safepoint      ] Safepoint "ICBufferFull", Time since last: 47700 ns, Reaching safepoint: 101000 ns, At safepoint: 20100 ns, Total: 121100 ns
[15.957s][info ][safepoint      ] Safepoint "ICBufferFull", Time since last: 56101 ns, Reaching safepoint: 91500 ns, At safepoint: 20900 ns, Total: 112400 ns
[15.957s][info ][safepoint      ] Safepoint "ICBufferFull", Time since last: 74700 ns, Reaching safepoint: 83201 ns, At safepoint: 11700 ns, Total: 94901 ns
[15.957s][info ][safepoint      ] Safepoint "ICBufferFull", Time since last: 115100 ns, Reaching safepoint: 67201 ns, At safepoint: 16100 ns, Total: 83301 ns
[15.958s][info ][safepoint      ] Safepoint "ICBufferFull", Time since last: 729003 ns, Reaching safepoint: 83500 ns, At safepoint: 9600 ns, Total: 93100 ns
[15.958s][info ][safepoint      ] Safepoint "ICBufferFull", Time since last: 45900 ns, Reaching safepoint: 87001 ns, At safepoint: 23900 ns, Total: 110901 ns
[15.958s][info ][safepoint      ] Safepoint "ICBufferFull", Time since last: 67000 ns, Reaching safepoint: 85400 ns, At safepoint: 19300 ns, Total: 104700 ns
[15.958s][info ][safepoint      ] Safepoint "ICBufferFull", Time since last: 24701 ns, Reaching safepoint: 81300 ns, At safepoint: 19400 ns, Total: 100700 ns
[15.959s][info ][safepoint      ] Safepoint "ICBufferFull", Time since last: 67200 ns, Reaching safepoint: 87001 ns, At safepoint: 24300 ns, Total: 111301 ns
[15.959s][info ][safepoint      ] Safepoint "ICBufferFull", Time since last: 30300 ns, Reaching safepoint: 81100 ns, At safepoint: 18400 ns, Total: 99500 ns
[15.959s][info ][safepoint      ] Safepoint "ICBufferFull", Time since last: 683403 ns, Reaching safepoint: 82001 ns, At safepoint: 11800 ns, Total: 93801 ns
[15.960s][info ][safepoint      ] Safepoint "ICBufferFull", Time since last: 27600 ns, Reaching safepoint: 91300 ns, At safepoint: 21300 ns, Total: 112600 ns
[15.960s][info ][safepoint      ] Safepoint "ICBufferFull", Time since last: 76301 ns, Reaching safepoint: 91000 ns, At safepoint: 16900 ns, Total: 107900 ns
[15.960s][info ][safepoint      ] Safepoint "ICBufferFull", Time since last: 125101 ns, Reaching safepoint: 83100 ns, At safepoint: 18600 ns, Total: 101700 ns
[15.961s][info ][safepoint      ] Safepoint "ICBufferFull", Time since last: 696403 ns, Reaching safepoint: 92200 ns, At safepoint: 18400 ns, Total: 110600 ns
[15.961s][info ][safepoint      ] Safepoint "ICBufferFull", Time since last: 452602 ns, Reaching safepoint: 87101 ns, At safepoint: 19400 ns, Total: 106501 ns
[15.962s][info ][safepoint      ] Safepoint "ICBufferFull", Time since last: 44300 ns, Reaching safepoint: 80100 ns, At safepoint: 17400 ns, Total: 97500 ns
[15.962s][info ][safepoint      ] Safepoint "ICBufferFull", Time since last: 69101 ns, Reaching safepoint: 82600 ns, At safepoint: 19400 ns, Total: 102000 ns
[15.962s][info ][safepoint      ] Safepoint "ICBufferFull", Time since last: 49300 ns, Reaching safepoint: 80101 ns, At safepoint: 21000 ns, Total: 101101 ns
[15.962s][info ][safepoint      ] Safepoint "ICBufferFull", Time since last: 60200 ns, Reaching safepoint: 90100 ns, At safepoint: 23001 ns, Total: 113101 ns
[15.963s][info ][safepoint      ] Safepoint "ICBufferFull", Time since last: 681502 ns, Reaching safepoint: 97101 ns, At safepoint: 14000 ns, Total: 111101 ns
[15.963s][info ][safepoint      ] Safepoint "ICBufferFull", Time since last: 52200 ns, Reaching safepoint: 86501 ns, At safepoint: 18200 ns, Total: 104701 ns
[15.963s][info ][safepoint      ] Safepoint "ICBufferFull", Time since last: 53300 ns, Reaching safepoint: 88500 ns, At safepoint: 16200 ns, Total: 104700 ns
[15.965s][info ][safepoint      ] Safepoint "ICBufferFull", Time since last: 2084209 ns, Reaching safepoint: 96501 ns, At safepoint: 18300 ns, Total: 114801 ns
[15.966s][info ][safepoint      ] Safepoint "ICBufferFull", Time since last: 67100 ns, Reaching safepoint: 81100 ns, At safepoint: 16900 ns, Total: 98000 ns
[15.966s][info ][safepoint      ] Safepoint "ICBufferFull", Time since last: 45701 ns, Reaching safepoint: 79800 ns, At safepoint: 17100 ns, Total: 96900 ns
[15.966s][info ][safepoint      ] Safepoint "ICBufferFull", Time since last: 56100 ns, Reaching safepoint: 84701 ns, At safepoint: 12700 ns, Total: 97401 ns
[15.966s][info ][safepoint      ] Safepoint "ICBufferFull", Time since last: 49200 ns, Reaching safepoint: 82200 ns, At safepoint: 14000 ns, Total: 96200 ns
[15.966s][info ][safepoint      ] Safepoint "ICBufferFull", Time since last: 46600 ns, Reaching safepoint: 81301 ns, At safepoint: 18900 ns, Total: 100201 ns
[15.967s][info ][safepoint      ] Safepoint "ICBufferFull", Time since last: 745803 ns, Reaching safepoint: 82400 ns, At safepoint: 13000 ns, Total: 95400 ns
[15.968s][info ][safepoint      ] Safepoint "ICBufferFull", Time since last: 1088805 ns, Reaching safepoint: 94601 ns, At safepoint: 20100 ns, Total: 114701 ns
[15.969s][info ][safepoint      ] Safepoint "ICBufferFull", Time since last: 455302 ns, Reaching safepoint: 94200 ns, At safepoint: 16800 ns, Total: 111000 ns
[15.973s][info ][safepoint      ] Safepoint "ICBufferFull", Time since last: 4539019 ns, Reaching safepoint: 85801 ns, At safepoint: 21900 ns, Total: 107701 ns
[15.974s][info ][safepoint      ] Safepoint "ICBufferFull", Time since last: 61600 ns, Reaching safepoint: 98401 ns, At safepoint: 24200 ns, Total: 122601 ns
[15.974s][info ][safepoint      ] Safepoint "ICBufferFull", Time since last: 97900 ns, Reaching safepoint: 95300 ns, At safepoint: 23001 ns, Total: 118301 ns
[15.974s][info ][safepoint      ] Safepoint "ICBufferFull", Time since last: 58000 ns, Reaching safepoint: 92000 ns, At safepoint: 26200 ns, Total: 118200 ns
[15.974s][info ][safepoint      ] Safepoint "ICBufferFull", Time since last: 92601 ns, Reaching safepoint: 92000 ns, At safepoint: 23400 ns, Total: 115400 ns
[15.975s][info ][safepoint      ] Safepoint "ICBufferFull", Time since last: 737503 ns, Reaching safepoint: 105501 ns, At safepoint: 23800 ns, Total: 129301 ns
[15.976s][info ][safepoint      ] Safepoint "ICBufferFull", Time since last: 466602 ns, Reaching safepoint: 88100 ns, At safepoint: 19600 ns, Total: 107700 ns
[15.976s][info ][safepoint      ] Safepoint "ICBufferFull", Time since last: 68301 ns, Reaching safepoint: 88000 ns, At safepoint: 22800 ns, Total: 110800 ns
[15.976s][info ][safepoint      ] Safepoint "ICBufferFull", Time since last: 444202 ns, Reaching safepoint: 93300 ns, At safepoint: 23601 ns, Total: 116901 ns
[15.976s][info ][safepoint      ] Safepoint "ICBufferFull", Time since last: 41300 ns, Reaching safepoint: 85800 ns, At safepoint: 21600 ns, Total: 107400 ns
[15.977s][info ][safepoint      ] Safepoint "ICBufferFull", Time since last: 85201 ns, Reaching safepoint: 87900 ns, At safepoint: 29800 ns, Total: 117700 ns
[15.978s][info ][safepoint      ] Safepoint "ICBufferFull", Time since last: 739203 ns, Reaching safepoint: 198701 ns, At safepoint: 13400 ns, Total: 212101 ns
[15.978s][info ][safepoint      ] Safepoint "ICBufferFull", Time since last: 48500 ns, Reaching safepoint: 82801 ns, At safepoint: 18600 ns, Total: 101401 ns
[15.978s][info ][safepoint      ] Safepoint "ICBufferFull", Time since last: 25900 ns, Reaching safepoint: 83400 ns, At safepoint: 16900 ns, Total: 100300 ns
[15.978s][info ][safepoint      ] Safepoint "ICBufferFull", Time since last: 70501 ns, Reaching safepoint: 87200 ns, At safepoint: 19500 ns, Total: 106700 ns
[15.978s][info ][safepoint      ] Safepoint "ICBufferFull", Time since last: 54700 ns, Reaching safepoint: 81101 ns, At safepoint: 21900 ns, Total: 103001 ns
[15.979s][info ][safepoint      ] Safepoint "ICBufferFull", Time since last: 767203 ns, Reaching safepoint: 97600 ns, At safepoint: 15300 ns, Total: 112900 ns
[15.979s][info ][safepoint      ] Safepoint "ICBufferFull", Time since last: 68001 ns, Reaching safepoint: 86400 ns, At safepoint: 21600 ns, Total: 108000 ns
[15.981s][info ][safepoint      ] Safepoint "ICBufferFull", Time since last: 1277806 ns, Reaching safepoint: 90700 ns, At safepoint: 29700 ns, Total: 120400 ns
[15.981s][info ][safepoint      ] Safepoint "ICBufferFull", Time since last: 36800 ns, Reaching safepoint: 86801 ns, At safepoint: 26600 ns, Total: 113401 ns
[15.981s][info ][safepoint      ] Safepoint "ICBufferFull", Time since last: 37300 ns, Reaching safepoint: 83100 ns, At safepoint: 23800 ns, Total: 106900 ns
[15.981s][info ][safepoint      ] Safepoint "ICBufferFull", Time since last: 58201 ns, Reaching safepoint: 91600 ns, At safepoint: 27100 ns, Total: 118700 ns
[15.982s][info ][safepoint      ] Safepoint "ICBufferFull", Time since last: 769003 ns, Reaching safepoint: 94001 ns, At safepoint: 15400 ns, Total: 109401 ns
[15.982s][info ][safepoint      ] Safepoint "ICBufferFull", Time since last: 74400 ns, Reaching safepoint: 80101 ns, At safepoint: 31100 ns, Total: 111201 ns
[15.982s][info ][safepoint      ] Safepoint "ICBufferFull", Time since last: 44500 ns, Reaching safepoint: 89800 ns, At safepoint: 21700 ns, Total: 111500 ns
[15.983s][info ][safepoint      ] Safepoint "ICBufferFull", Time since last: 94101 ns, Reaching safepoint: 82900 ns, At safepoint: 21800 ns, Total: 104700 ns
[15.983s][info ][safepoint      ] Safepoint "ICBufferFull", Time since last: 98201 ns, Reaching safepoint: 82500 ns, At safepoint: 28000 ns, Total: 110500 ns
[15.983s][info ][safepoint      ] Safepoint "ICBufferFull", Time since last: 37900 ns, Reaching safepoint: 82001 ns, At safepoint: 25300 ns, Total: 107301 ns
[15.984s][info ][safepoint      ] Safepoint "ICBufferFull", Time since last: 723403 ns, Reaching safepoint: 87000 ns, At safepoint: 10300 ns, Total: 97300 ns
[15.984s][info ][safepoint      ] Safepoint "ICBufferFull", Time since last: 44800 ns, Reaching safepoint: 93301 ns, At safepoint: 22000 ns, Total: 115301 ns
[15.984s][info ][safepoint      ] Safepoint "ICBufferFull", Time since last: 35300 ns, Reaching safepoint: 85100 ns, At safepoint: 20601 ns, Total: 105701 ns
[15.984s][info ][safepoint      ] Safepoint "ICBufferFull", Time since last: 57800 ns, Reaching safepoint: 94600 ns, At safepoint: 19800 ns, Total: 114400 ns
[15.984s][info ][safepoint      ] Safepoint "ICBufferFull", Time since last: 40800 ns, Reaching safepoint: 96201 ns, At safepoint: 18300 ns, Total: 114501 ns
[15.985s][info ][safepoint      ] Safepoint "ICBufferFull", Time since last: 66900 ns, Reaching safepoint: 85901 ns, At safepoint: 23300 ns, Total: 109201 ns
[15.985s][info ][safepoint      ] Safepoint "ICBufferFull", Time since last: 690803 ns, Reaching safepoint: 85200 ns, At safepoint: 15300 ns, Total: 100500 ns
[15.985s][info ][safepoint      ] Safepoint "ICBufferFull", Time since last: 51600 ns, Reaching safepoint: 81201 ns, At safepoint: 16500 ns, Total: 97701 ns
[15.986s][info ][safepoint      ] Safepoint "ICBufferFull", Time since last: 40700 ns, Reaching safepoint: 81900 ns, At safepoint: 17600 ns, Total: 99500 ns
[15.986s][info ][safepoint      ] Safepoint "ICBufferFull", Time since last: 69901 ns, Reaching safepoint: 82300 ns, At safepoint: 27100 ns, Total: 109400 ns
[15.986s][info ][safepoint      ] Safepoint "ICBufferFull", Time since last: 37800 ns, Reaching safepoint: 81401 ns, At safepoint: 23700 ns, Total: 105101 ns
[15.990s][info ][safepoint      ] Safepoint "ICBufferFull", Time since last: 698503 ns, Reaching safepoint: 3147813 ns, At safepoint: 4900 ns, Total: 3152713 ns
[15.990s][info ][safepoint      ] Safepoint "ICBufferFull", Time since last: 64600 ns, Reaching safepoint: 80901 ns, At safepoint: 23800 ns, Total: 104701 ns
[15.990s][info ][safepoint      ] Safepoint "ICBufferFull", Time since last: 56800 ns, Reaching safepoint: 93100 ns, At safepoint: 17301 ns, Total: 110401 ns
[15.990s][info ][safepoint      ] Safepoint "ICBufferFull", Time since last: 58000 ns, Reaching safepoint: 86100 ns, At safepoint: 20900 ns, Total: 107000 ns
[15.990s][info ][safepoint      ] Safepoint "ICBufferFull", Time since last: 46900 ns, Reaching safepoint: 84301 ns, At safepoint: 19900 ns, Total: 104201 ns
[15.991s][info ][safepoint      ] Safepoint "ICBufferFull", Time since last: 27600 ns, Reaching safepoint: 82500 ns, At safepoint: 14700 ns, Total: 97200 ns
[15.991s][info ][safepoint      ] Safepoint "ICBufferFull", Time since last: 38501 ns, Reaching safepoint: 79200 ns, At safepoint: 18400 ns, Total: 97600 ns
[15.992s][info ][safepoint      ] Safepoint "ICBufferFull", Time since last: 768603 ns, Reaching safepoint: 642803 ns, At safepoint: 12700 ns, Total: 655503 ns
[15.993s][info ][safepoint      ] Safepoint "ICBufferFull", Time since last: 584003 ns, Reaching safepoint: 94300 ns, At safepoint: 20200 ns, Total: 114500 ns
[15.993s][info ][safepoint      ] Safepoint "ICBufferFull", Time since last: 73000 ns, Reaching safepoint: 87201 ns, At safepoint: 17300 ns, Total: 104501 ns
[15.993s][info ][safepoint      ] Safepoint "ICBufferFull", Time since last: 66000 ns, Reaching safepoint: 90900 ns, At safepoint: 26401 ns, Total: 117301 ns
[15.994s][info ][safepoint      ] Safepoint "ICBufferFull", Time since last: 31200 ns, Reaching safepoint: 350601 ns, At safepoint: 23700 ns, Total: 374301 ns
[15.994s][info ][safepoint      ] Safepoint "ICBufferFull", Time since last: 35300 ns, Reaching safepoint: 78301 ns, At safepoint: 17200 ns, Total: 95501 ns
[15.994s][info ][safepoint      ] Safepoint "ICBufferFull", Time since last: 48900 ns, Reaching safepoint: 81100 ns, At safepoint: 16501 ns, Total: 97601 ns
[15.995s][info ][safepoint      ] Safepoint "ICBufferFull", Time since last: 771003 ns, Reaching safepoint: 85500 ns, At safepoint: 12400 ns, Total: 97900 ns
[15.995s][info ][safepoint      ] Safepoint "ICBufferFull", Time since last: 40900 ns, Reaching safepoint: 80401 ns, At safepoint: 17300 ns, Total: 97701 ns
[15.995s][info ][safepoint      ] Safepoint "ICBufferFull", Time since last: 50800 ns, Reaching safepoint: 49700 ns, At safepoint: 24600 ns, Total: 74300 ns
[15.996s][info ][safepoint      ] Safepoint "ICBufferFull", Time since last: 524303 ns, Reaching safepoint: 90100 ns, At safepoint: 21300 ns, Total: 111400 ns
[15.996s][info ][safepoint      ] Safepoint "ICBufferFull", Time since last: 102701 ns, Reaching safepoint: 75000 ns, At safepoint: 15800 ns, Total: 90800 ns
[15.999s][info ][safepoint      ] Safepoint "ICBufferFull", Time since last: 2886012 ns, Reaching safepoint: 93601 ns, At safepoint: 20900 ns, Total: 114501 ns
[15.999s][info ][safepoint      ] Safepoint "ICBufferFull", Time since last: 60900 ns, Reaching safepoint: 78900 ns, At safepoint: 26200 ns, Total: 105100 ns
[15.999s][info ][safepoint      ] Safepoint "ICBufferFull", Time since last: 48101 ns, Reaching safepoint: 85600 ns, At safepoint: 25300 ns, Total: 110900 ns
[15.999s][info ][safepoint      ] Safepoint "ICBufferFull", Time since last: 51800 ns, Reaching safepoint: 78801 ns, At safepoint: 27600 ns, Total: 106401 ns
[15.999s][info ][safepoint      ] Safepoint "ICBufferFull", Time since last: 39900 ns, Reaching safepoint: 79200 ns, At safepoint: 17200 ns, Total: 96400 ns
[16.000s][info ][safepoint      ] Safepoint "ICBufferFull", Time since last: 41301 ns, Reaching safepoint: 89100 ns, At safepoint: 19600 ns, Total: 108700 ns
[16.000s][info ][safepoint      ] Safepoint "ICBufferFull", Time since last: 43000 ns, Reaching safepoint: 87801 ns, At safepoint: 26100 ns, Total: 113901 ns
[16.001s][info ][safepoint      ] Safepoint "ICBufferFull", Time since last: 751403 ns, Reaching safepoint: 83700 ns, At safepoint: 11400 ns, Total: 95100 ns
[16.001s][info ][safepoint      ] Safepoint "ICBufferFull", Time since last: 57901 ns, Reaching safepoint: 82600 ns, At safepoint: 21400 ns, Total: 104000 ns
[16.001s][info ][safepoint      ] Safepoint "ICBufferFull", Time since last: 81900 ns, Reaching safepoint: 84301 ns, At safepoint: 13900 ns, Total: 98201 ns
[16.001s][info ][safepoint      ] Safepoint "ICBufferFull", Time since last: 82900 ns, Reaching safepoint: 82100 ns, At safepoint: 18801 ns, Total: 100901 ns
[16.001s][info ][safepoint      ] Safepoint "ICBufferFull", Time since last: 56300 ns, Reaching safepoint: 82000 ns, At safepoint: 20600 ns, Total: 102600 ns
[16.005s][info ][safepoint      ] Safepoint "ICBufferFull", Time since last: 3921817 ns, Reaching safepoint: 96200 ns, At safepoint: 19300 ns, Total: 115500 ns
[16.006s][info ][safepoint      ] Safepoint "ICBufferFull", Time since last: 65301 ns, Reaching safepoint: 85900 ns, At safepoint: 17700 ns, Total: 103600 ns
[16.006s][info ][safepoint      ] Safepoint "ICBufferFull", Time since last: 52200 ns, Reaching safepoint: 92801 ns, At safepoint: 21300 ns, Total: 114101 ns
[16.006s][info ][safepoint      ] Safepoint "ICBufferFull", Time since last: 57800 ns, Reaching safepoint: 86900 ns, At safepoint: 17201 ns, Total: 104101 ns
[16.006s][info ][safepoint      ] Safepoint "ICBufferFull", Time since last: 36300 ns, Reaching safepoint: 86500 ns, At safepoint: 18900 ns, Total: 105400 ns
[16.006s][info ][safepoint      ] Safepoint "ICBufferFull", Time since last: 103601 ns, Reaching safepoint: 90600 ns, At safepoint: 20100 ns, Total: 110700 ns
[16.007s][info ][safepoint      ] Safepoint "ICBufferFull", Time since last: 677003 ns, Reaching safepoint: 90800 ns, At safepoint: 14400 ns, Total: 105200 ns
[16.007s][info ][safepoint      ] Safepoint "ICBufferFull", Time since last: 52201 ns, Reaching safepoint: 87300 ns, At safepoint: 19400 ns, Total: 106700 ns
[16.008s][info ][safepoint      ] Safepoint "ICBufferFull", Time since last: 332002 ns, Reaching safepoint: 85500 ns, At safepoint: 17100 ns, Total: 102600 ns
[16.008s][info ][safepoint      ] Safepoint "ICBufferFull", Time since last: 18500 ns, Reaching safepoint: 87200 ns, At safepoint: 20600 ns, Total: 107800 ns
[16.009s][info ][safepoint      ] Safepoint "ICBufferFull", Time since last: 1281806 ns, Reaching safepoint: 84700 ns, At safepoint: 32600 ns, Total: 117300 ns
[16.010s][info ][safepoint      ] Safepoint "ICBufferFull", Time since last: 901204 ns, Reaching safepoint: 86301 ns, At safepoint: 24200 ns, Total: 110501 ns
[16.017s][info ][safepoint      ] Safepoint "ICBufferFull", Time since last: 7133330 ns, Reaching safepoint: 102201 ns, At safepoint: 26000 ns, Total: 128201 ns
[16.018s][info ][safepoint      ] Safepoint "ICBufferFull", Time since last: 120000 ns, Reaching safepoint: 89201 ns, At safepoint: 10900 ns, Total: 100101 ns
[16.018s][info ][safepoint      ] Safepoint "ICBufferFull", Time since last: 59200 ns, Reaching safepoint: 95800 ns, At safepoint: 14800 ns, Total: 110600 ns
[16.018s][info ][safepoint      ] Safepoint "ICBufferFull", Time since last: 126101 ns, Reaching safepoint: 85900 ns, At safepoint: 13000 ns, Total: 98900 ns
[16.018s][info ][safepoint      ] Safepoint "ICBufferFull", Time since last: 248801 ns, Reaching safepoint: 169301 ns, At safepoint: 17800 ns, Total: 187101 ns
[16.022s][info ][safepoint      ] Safepoint "ICBufferFull", Time since last: 3743316 ns, Reaching safepoint: 98301 ns, At safepoint: 24700 ns, Total: 123001 ns
[16.023s][info ][safepoint      ] Safepoint "ICBufferFull", Time since last: 783803 ns, Reaching safepoint: 92600 ns, At safepoint: 17901 ns, Total: 110501 ns
[16.023s][info ][safepoint      ] Safepoint "ICBufferFull", Time since last: 61300 ns, Reaching safepoint: 88200 ns, At safepoint: 24100 ns, Total: 112300 ns
[16.024s][info ][safepoint      ] Safepoint "ICBufferFull", Time since last: 79301 ns, Reaching safepoint: 91000 ns, At safepoint: 16700 ns, Total: 107700 ns
[16.024s][info ][safepoint      ] Safepoint "ICBufferFull", Time since last: 67900 ns, Reaching safepoint: 87201 ns, At safepoint: 19900 ns, Total: 107101 ns
[16.024s][info ][safepoint      ] Safepoint "ICBufferFull", Time since last: 87600 ns, Reaching safepoint: 84801 ns, At safepoint: 22400 ns, Total: 107201 ns
[16.024s][info ][safepoint      ] Safepoint "ICBufferFull", Time since last: 45900 ns, Reaching safepoint: 85100 ns, At safepoint: 19700 ns, Total: 104800 ns
[16.025s][info ][safepoint      ] Safepoint "ICBufferFull", Time since last: 849904 ns, Reaching safepoint: 237301 ns, At safepoint: 14900 ns, Total: 252201 ns
[16.025s][info ][safepoint      ] Safepoint "ICBufferFull", Time since last: 76600 ns, Reaching safepoint: 87101 ns, At safepoint: 20600 ns, Total: 107701 ns
[16.026s][info ][safepoint      ] Safepoint "ICBufferFull", Time since last: 50100 ns, Reaching safepoint: 88400 ns, At safepoint: 18700 ns, Total: 107100 ns
[16.026s][info ][safepoint      ] Safepoint "ICBufferFull", Time since last: 44701 ns, Reaching safepoint: 87300 ns, At safepoint: 21000 ns, Total: 108300 ns
[16.026s][info ][safepoint      ] Safepoint "ICBufferFull", Time since last: 100101 ns, Reaching safepoint: 89000 ns, At safepoint: 20100 ns, Total: 109100 ns
[16.026s][info ][safepoint      ] Safepoint "ICBufferFull", Time since last: 53300 ns, Reaching safepoint: 87601 ns, At safepoint: 22000 ns, Total: 109601 ns
[16.027s][info ][safepoint      ] Safepoint "ICBufferFull", Time since last: 718303 ns, Reaching safepoint: 87700 ns, At safepoint: 12900 ns, Total: 100600 ns
[16.037s][info ][safepoint      ] Safepoint "ICBufferFull", Time since last: 10084643 ns, Reaching safepoint: 102301 ns, At safepoint: 28100 ns, Total: 130401 ns
[16.037s][info ][safepoint      ] Safepoint "ICBufferFull", Time since last: 59600 ns, Reaching safepoint: 82500 ns, At safepoint: 27101 ns, Total: 109601 ns
[16.038s][info ][safepoint      ] Safepoint "ICBufferFull", Time since last: 937304 ns, Reaching safepoint: 99700 ns, At safepoint: 29100 ns, Total: 128800 ns
[16.040s][info ][safepoint      ] Safepoint "ICBufferFull", Time since last: 1886408 ns, Reaching safepoint: 103301 ns, At safepoint: 17900 ns, Total: 121201 ns
[16.040s][info ][safepoint      ] Safepoint "ICBufferFull", Time since last: 46900 ns, Reaching safepoint: 86300 ns, At safepoint: 18900 ns, Total: 105200 ns
[16.136s][info ][gc,start       ] GC(16) Pause Young (Allocation Failure)
[16.205s][debug][gc,phases      ] GC(16) Scavenge 69.250ms
[16.205s][debug][gc,ref         ] GC(16) Skipped phase 1 of Reference Processing: no references
[16.205s][debug][gc,ref         ] GC(16) ReferenceProcessor::execute queues: 1, RefProcThreadModel::Single, marks_oops_alive: false
[16.205s][debug][gc,ref         ] GC(16) Skipped phase 3 of Reference Processing: no references
[16.205s][debug][gc,ref         ] GC(16) ReferenceProcessor::execute queues: 1, RefProcThreadModel::Single, marks_oops_alive: false
[16.205s][debug][gc,phases      ] GC(16) Reference Processing 0.110ms
[16.206s][debug][gc,phases      ] GC(16)   VM Weak                        Min:  0.0, Avg:  0.0, Max:  0.0, Diff:  0.0, Sum:  0.0, Workers: 4
[16.206s][debug][gc,phases      ] GC(16)     Dead                           Min: 0, Avg:  0.0, Max: 0, Diff: 0, Sum: 0, Workers: 4
[16.206s][debug][gc,phases      ] GC(16)     Total                          Min: 0, Avg: 152.5, Max: 546, Diff: 546, Sum: 610, Workers: 4
[16.206s][debug][gc,phases      ] GC(16)   ObjectSynchronizer Weak        Min:  0.0, Avg:  0.0, Max:  0.0, Diff:  0.0, Sum:  0.0, Workers: 4
[16.206s][debug][gc,phases      ] GC(16)     Dead                           Min: 0, Avg:  0.0, Max: 0, Diff: 0, Sum: 0, Workers: 4
[16.206s][debug][gc,phases      ] GC(16)     Total                          Min: 0, Avg: 77.8, Max: 128, Diff: 128, Sum: 311, Workers: 4
[16.206s][debug][gc,phases      ] GC(16)   JVMTI Tag Weak OopStorage      Min:  0.0, Avg:  0.0, Max:  0.0, Diff:  0.0, Sum:  0.0, Workers: 4
[16.206s][debug][gc,phases      ] GC(16)     Dead                           Min: 0, Avg:  0.0, Max: 0, Diff: 0, Sum: 0, Workers: 4
[16.206s][debug][gc,phases      ] GC(16)     Total                          Min: 0, Avg:  0.0, Max: 0, Diff: 0, Sum: 0, Workers: 4
[16.206s][debug][gc,phases      ] GC(16)   StringTable Weak               Min:  0.1, Avg:  0.1, Max:  0.1, Diff:  0.0, Sum:  0.4, Workers: 4
[16.206s][debug][gc,phases      ] GC(16)     Dead                           Min: 0, Avg:  2.8, Max: 11, Diff: 11, Sum: 11, Workers: 4
[16.206s][debug][gc,phases      ] GC(16)     Total                          Min: 8953, Avg: 10974.2, Max: 13248, Diff: 4295, Sum: 43897, Workers: 4
[16.206s][debug][gc,phases      ] GC(16)   ResolvedMethodTable Weak       Min:  0.0, Avg:  0.0, Max:  0.0, Diff:  0.0, Sum:  0.1, Workers: 4
[16.206s][debug][gc,phases      ] GC(16)     Dead                           Min: 0, Avg:  4.5, Max: 17, Diff: 17, Sum: 18, Workers: 4
[16.206s][debug][gc,phases      ] GC(16)     Total                          Min: 1464, Avg: 1782.5, Max: 2111, Diff: 647, Sum: 7130, Workers: 4
[16.206s][debug][gc,phases      ] GC(16)   JNI Weak                       Min:  0.0, Avg:  0.0, Max:  0.0, Diff:  0.0, Sum:  0.0, Workers: 4
[16.206s][debug][gc,phases      ] GC(16)     Dead                           Min: 0, Avg:  0.0, Max: 0, Diff: 0, Sum: 0, Workers: 4
[16.206s][debug][gc,phases      ] GC(16)     Total                          Min: 0, Avg:  5.8, Max: 23, Diff: 23, Sum: 23, Workers: 4
[16.206s][debug][gc,phases      ] GC(16)   StringDedup Table Weak         Min:  0.0, Avg:  0.0, Max:  0.0, Diff:  0.0, Sum:  0.0, Workers: 4
[16.206s][debug][gc,phases      ] GC(16)     Dead                           Min: 0, Avg:  0.0, Max: 0, Diff: 0, Sum: 0, Workers: 4
[16.206s][debug][gc,phases      ] GC(16)     Total                          Min: 0, Avg:  0.0, Max: 0, Diff: 0, Sum: 0, Workers: 4
[16.206s][debug][gc,phases      ] GC(16)   StringDedup Requests0 Weak     Min:  0.0, Avg:  0.0, Max:  0.0, Diff:  0.0, Sum:  0.0, Workers: 4
[16.206s][debug][gc,phases      ] GC(16)     Dead                           Min: 0, Avg:  0.0, Max: 0, Diff: 0, Sum: 0, Workers: 4
[16.206s][debug][gc,phases      ] GC(16)     Total                          Min: 0, Avg:  0.0, Max: 0, Diff: 0, Sum: 0, Workers: 4
[16.206s][debug][gc,phases      ] GC(16)   StringDedup Requests1 Weak     Min:  0.0, Avg:  0.0, Max:  0.0, Diff:  0.0, Sum:  0.0, Workers: 4
[16.206s][debug][gc,phases      ] GC(16)     Dead                           Min: 0, Avg:  0.0, Max: 0, Diff: 0, Sum: 0, Workers: 4
[16.206s][debug][gc,phases      ] GC(16)     Total                          Min: 0, Avg:  0.0, Max: 0, Diff: 0, Sum: 0, Workers: 4
[16.206s][debug][gc,phases      ] GC(16)   Weak JFR Old Object Samples    Min:  0.0, Avg:  0.0, Max:  0.0, Diff:  0.0, Sum:  0.0, Workers: 4
[16.206s][debug][gc,phases      ] GC(16)     Dead                           Min: 0, Avg:  0.0, Max: 0, Diff: 0, Sum: 0, Workers: 4
[16.206s][debug][gc,phases      ] GC(16)     Total                          Min: 0, Avg:  0.0, Max: 0, Diff: 0, Sum: 0, Workers: 4
[16.206s][debug][gc,phases      ] GC(16) Weak Processing 0.280ms
[16.206s][debug][gc,age         ] GC(16) Desired survivor size 536870912 bytes, new threshold 2 (max threshold 15)
[16.206s][info ][gc,heap        ] GC(16) PSYoungGen: 1084678K(1572864K)->25704K(1572864K) Eden: 1048576K(1048576K)->0K(1048576K) From: 36102K(524288K)->25704K(524288K)
[16.206s][info ][gc,heap        ] GC(16) ParOldGen: 600210K(876544K)->619586K(876544K)
[16.206s][info ][gc,metaspace   ] GC(16) Metaspace: 69992K(70784K)->69992K(70784K) NonClass: 59744K(60160K)->59744K(60160K) Class: 10248K(10624K)->10248K(10624K)
[16.206s][info ][gc             ] GC(16) Pause Young (Allocation Failure) 1645M->630M(2392M) 69.759ms
[16.206s][info ][gc,cpu         ] GC(16) User=0.27s Sys=0.00s Real=0.07s
[16.206s][info ][safepoint      ] Safepoint "ParallelGCFailedAllocation", Time since last: 95351007 ns, Reaching safepoint: 133101 ns, At safepoint: 69853898 ns, Total: 69986999 ns
[16.336s][info ][gc,start       ] GC(17) Pause Young (Allocation Failure)
[16.360s][debug][gc,phases      ] GC(17) Scavenge 23.707ms
[16.360s][debug][gc,ref         ] GC(17) Skipped phase 1 of Reference Processing: no references
[16.360s][debug][gc,ref         ] GC(17) ReferenceProcessor::execute queues: 1, RefProcThreadModel::Single, marks_oops_alive: false
[16.360s][debug][gc,ref         ] GC(17) Skipped phase 3 of Reference Processing: no references
[16.360s][debug][gc,ref         ] GC(17) ReferenceProcessor::execute queues: 1, RefProcThreadModel::Single, marks_oops_alive: false
[16.360s][debug][gc,phases      ] GC(17) Reference Processing 0.099ms
[16.360s][debug][gc,phases      ] GC(17)   VM Weak                        Min:  0.0, Avg:  0.0, Max:  0.0, Diff:  0.0, Sum:  0.0, Workers: 4
[16.360s][debug][gc,phases      ] GC(17)     Dead                           Min: 0, Avg:  0.0, Max: 0, Diff: 0, Sum: 0, Workers: 4
[16.360s][debug][gc,phases      ] GC(17)     Total                          Min: 0, Avg: 152.5, Max: 610, Diff: 610, Sum: 610, Workers: 4
[16.360s][debug][gc,phases      ] GC(17)   ObjectSynchronizer Weak        Min:  0.0, Avg:  0.0, Max:  0.0, Diff:  0.0, Sum:  0.0, Workers: 4
[16.360s][debug][gc,phases      ] GC(17)     Dead                           Min: 0, Avg:  0.0, Max: 0, Diff: 0, Sum: 0, Workers: 4
[16.360s][debug][gc,phases      ] GC(17)     Total                          Min: 0, Avg: 77.8, Max: 247, Diff: 247, Sum: 311, Workers: 4
[16.360s][debug][gc,phases      ] GC(17)   JVMTI Tag Weak OopStorage      Min:  0.0, Avg:  0.0, Max:  0.0, Diff:  0.0, Sum:  0.0, Workers: 4
[16.360s][debug][gc,phases      ] GC(17)     Dead                           Min: 0, Avg:  0.0, Max: 0, Diff: 0, Sum: 0, Workers: 4
[16.360s][debug][gc,phases      ] GC(17)     Total                          Min: 0, Avg:  0.0, Max: 0, Diff: 0, Sum: 0, Workers: 4
[16.360s][debug][gc,phases      ] GC(17)   StringTable Weak               Min:  0.1, Avg:  0.1, Max:  0.1, Diff:  0.0, Sum:  0.3, Workers: 4
[16.360s][debug][gc,phases      ] GC(17)     Dead                           Min: 0, Avg:  2.8, Max: 7, Diff: 7, Sum: 11, Workers: 4
[16.361s][debug][gc,phases      ] GC(17)     Total                          Min: 10304, Avg: 10975.0, Max: 11264, Diff: 960, Sum: 43900, Workers: 4
[16.361s][debug][gc,phases      ] GC(17)   ResolvedMethodTable Weak       Min:  0.0, Avg:  0.0, Max:  0.0, Diff:  0.0, Sum:  0.1, Workers: 4
[16.361s][debug][gc,phases      ] GC(17)     Dead                           Min: 0, Avg:  0.0, Max: 0, Diff: 0, Sum: 0, Workers: 4
[16.361s][debug][gc,phases      ] GC(17)     Total                          Min: 1656, Avg: 1782.5, Max: 1954, Diff: 298, Sum: 7130, Workers: 4
[16.361s][debug][gc,phases      ] GC(17)   JNI Weak                       Min:  0.0, Avg:  0.0, Max:  0.0, Diff:  0.0, Sum:  0.0, Workers: 4
[16.361s][debug][gc,phases      ] GC(17)     Dead                           Min: 0, Avg:  0.0, Max: 0, Diff: 0, Sum: 0, Workers: 4
[16.361s][debug][gc,phases      ] GC(17)     Total                          Min: 0, Avg:  3.2, Max: 13, Diff: 13, Sum: 13, Workers: 4
[16.361s][debug][gc,phases      ] GC(17)   StringDedup Table Weak         Min:  0.0, Avg:  0.0, Max:  0.0, Diff:  0.0, Sum:  0.0, Workers: 4
[16.361s][debug][gc,phases      ] GC(17)     Dead                           Min: 0, Avg:  0.0, Max: 0, Diff: 0, Sum: 0, Workers: 4
[16.361s][debug][gc,phases      ] GC(17)     Total                          Min: 0, Avg:  0.0, Max: 0, Diff: 0, Sum: 0, Workers: 4
[16.361s][debug][gc,phases      ] GC(17)   StringDedup Requests0 Weak     Min:  0.0, Avg:  0.0, Max:  0.0, Diff:  0.0, Sum:  0.0, Workers: 4
[16.361s][debug][gc,phases      ] GC(17)     Dead                           Min: 0, Avg:  0.0, Max: 0, Diff: 0, Sum: 0, Workers: 4
[16.361s][debug][gc,phases      ] GC(17)     Total                          Min: 0, Avg:  0.0, Max: 0, Diff: 0, Sum: 0, Workers: 4
[16.361s][debug][gc,phases      ] GC(17)   StringDedup Requests1 Weak     Min:  0.0, Avg:  0.0, Max:  0.0, Diff:  0.0, Sum:  0.0, Workers: 4
[16.361s][debug][gc,phases      ] GC(17)     Dead                           Min: 0, Avg:  0.0, Max: 0, Diff: 0, Sum: 0, Workers: 4
[16.361s][debug][gc,phases      ] GC(17)     Total                          Min: 0, Avg:  0.0, Max: 0, Diff: 0, Sum: 0, Workers: 4
[16.361s][debug][gc,phases      ] GC(17)   Weak JFR Old Object Samples    Min:  0.0, Avg:  0.0, Max:  0.0, Diff:  0.0, Sum:  0.0, Workers: 4
[16.361s][debug][gc,phases      ] GC(17)     Dead                           Min: 0, Avg:  0.0, Max: 0, Diff: 0, Sum: 0, Workers: 4
[16.361s][debug][gc,phases      ] GC(17)     Total                          Min: 0, Avg:  0.0, Max: 0, Diff: 0, Sum: 0, Workers: 4
[16.361s][debug][gc,phases      ] GC(17) Weak Processing 0.239ms
[16.361s][debug][gc,age         ] GC(17) Desired survivor size 536870912 bytes, new threshold 1 (max threshold 15)
[16.361s][info ][gc,heap        ] GC(17) PSYoungGen: 1074280K(1572864K)->14471K(1572864K) Eden: 1048576K(1048576K)->0K(1048576K) From: 25704K(524288K)->14471K(524288K)
[16.361s][info ][gc,heap        ] GC(17) ParOldGen: 619586K(876544K)->636705K(876544K)
[16.361s][info ][gc,metaspace   ] GC(17) Metaspace: 70044K(70848K)->70044K(70848K) NonClass: 59794K(60224K)->59794K(60224K) Class: 10249K(10624K)->10249K(10624K)
[16.361s][info ][gc             ] GC(17) Pause Young (Allocation Failure) 1654M->635M(2392M) 24.165ms
[16.361s][info ][gc,cpu         ] GC(17) User=0.09s Sys=0.00s Real=0.02s
[16.361s][info ][safepoint      ] Safepoint "ParallelGCFailedAllocation", Time since last: 130467057 ns, Reaching safepoint: 146100 ns, At safepoint: 24255104 ns, Total: 24401204 ns
[16.499s][info ][gc,start       ] GC(18) Pause Young (Allocation Failure)
[16.524s][debug][gc,phases      ] GC(18) Scavenge 24.330ms
[16.524s][debug][gc,ref         ] GC(18) Skipped phase 1 of Reference Processing: no references
[16.524s][debug][gc,ref         ] GC(18) Skipped phase 2 of Reference Processing: no references
[16.524s][debug][gc,ref         ] GC(18) Skipped phase 3 of Reference Processing: no references
[16.524s][debug][gc,ref         ] GC(18) ReferenceProcessor::execute queues: 1, RefProcThreadModel::Single, marks_oops_alive: false
[16.524s][debug][gc,phases      ] GC(18) Reference Processing 0.104ms
[16.524s][debug][gc,phases      ] GC(18)   VM Weak                        Min:  0.0, Avg:  0.0, Max:  0.0, Diff:  0.0, Sum:  0.0, Workers: 4
[16.524s][debug][gc,phases      ] GC(18)     Dead                           Min: 0, Avg:  0.0, Max: 0, Diff: 0, Sum: 0, Workers: 4
[16.524s][debug][gc,phases      ] GC(18)     Total                          Min: 0, Avg: 152.5, Max: 576, Diff: 576, Sum: 610, Workers: 4
[16.524s][debug][gc,phases      ] GC(18)   ObjectSynchronizer Weak        Min:  0.0, Avg:  0.0, Max:  0.0, Diff:  0.0, Sum:  0.0, Workers: 4
[16.524s][debug][gc,phases      ] GC(18)     Dead                           Min: 0, Avg:  0.0, Max: 0, Diff: 0, Sum: 0, Workers: 4
[16.524s][debug][gc,phases      ] GC(18)     Total                          Min: 0, Avg: 77.8, Max: 183, Diff: 183, Sum: 311, Workers: 4
[16.524s][debug][gc,phases      ] GC(18)   JVMTI Tag Weak OopStorage      Min:  0.0, Avg:  0.0, Max:  0.0, Diff:  0.0, Sum:  0.0, Workers: 4
[16.524s][debug][gc,phases      ] GC(18)     Dead                           Min: 0, Avg:  0.0, Max: 0, Diff: 0, Sum: 0, Workers: 4
[16.524s][debug][gc,phases      ] GC(18)     Total                          Min: 0, Avg:  0.0, Max: 0, Diff: 0, Sum: 0, Workers: 4
[16.524s][debug][gc,phases      ] GC(18)   StringTable Weak               Min:  0.1, Avg:  0.1, Max:  0.1, Diff:  0.0, Sum:  0.5, Workers: 4
[16.524s][debug][gc,phases      ] GC(18)     Dead                           Min: 0, Avg:  0.0, Max: 0, Diff: 0, Sum: 0, Workers: 4
[16.524s][debug][gc,phases      ] GC(18)     Total                          Min: 9600, Avg: 10975.2, Max: 11712, Diff: 2112, Sum: 43901, Workers: 4
[16.524s][debug][gc,phases      ] GC(18)   ResolvedMethodTable Weak       Min:  0.0, Avg:  0.0, Max:  0.0, Diff:  0.0, Sum:  0.1, Workers: 4
[16.524s][debug][gc,phases      ] GC(18)     Dead                           Min: 0, Avg:  0.0, Max: 0, Diff: 0, Sum: 0, Workers: 4
[16.524s][debug][gc,phases      ] GC(18)     Total                          Min: 1571, Avg: 1782.5, Max: 1919, Diff: 348, Sum: 7130, Workers: 4
[16.524s][debug][gc,phases      ] GC(18)   JNI Weak                       Min:  0.0, Avg:  0.0, Max:  0.0, Diff:  0.0, Sum:  0.0, Workers: 4
[16.524s][debug][gc,phases      ] GC(18)     Dead                           Min: 0, Avg:  0.0, Max: 0, Diff: 0, Sum: 0, Workers: 4
[16.524s][debug][gc,phases      ] GC(18)     Total                          Min: 0, Avg:  5.2, Max: 21, Diff: 21, Sum: 21, Workers: 4
[16.524s][debug][gc,phases      ] GC(18)   StringDedup Table Weak         Min:  0.0, Avg:  0.0, Max:  0.0, Diff:  0.0, Sum:  0.0, Workers: 4
[16.524s][debug][gc,phases      ] GC(18)     Dead                           Min: 0, Avg:  0.0, Max: 0, Diff: 0, Sum: 0, Workers: 4
[16.524s][debug][gc,phases      ] GC(18)     Total                          Min: 0, Avg:  0.0, Max: 0, Diff: 0, Sum: 0, Workers: 4
[16.524s][debug][gc,phases      ] GC(18)   StringDedup Requests0 Weak     Min:  0.0, Avg:  0.0, Max:  0.0, Diff:  0.0, Sum:  0.0, Workers: 4
[16.524s][debug][gc,phases      ] GC(18)     Dead                           Min: 0, Avg:  0.0, Max: 0, Diff: 0, Sum: 0, Workers: 4
[16.524s][debug][gc,phases      ] GC(18)     Total                          Min: 0, Avg:  0.0, Max: 0, Diff: 0, Sum: 0, Workers: 4
[16.524s][debug][gc,phases      ] GC(18)   StringDedup Requests1 Weak     Min:  0.0, Avg:  0.0, Max:  0.0, Diff:  0.0, Sum:  0.0, Workers: 4
[16.524s][debug][gc,phases      ] GC(18)     Dead                           Min: 0, Avg:  0.0, Max: 0, Diff: 0, Sum: 0, Workers: 4
[16.524s][debug][gc,phases      ] GC(18)     Total                          Min: 0, Avg:  0.0, Max: 0, Diff: 0, Sum: 0, Workers: 4
[16.524s][debug][gc,phases      ] GC(18)   Weak JFR Old Object Samples    Min:  0.0, Avg:  0.0, Max:  0.0, Diff:  0.0, Sum:  0.0, Workers: 4
[16.524s][debug][gc,phases      ] GC(18)     Dead                           Min: 0, Avg:  0.0, Max: 0, Diff: 0, Sum: 0, Workers: 4
[16.524s][debug][gc,phases      ] GC(18)     Total                          Min: 0, Avg:  0.0, Max: 0, Diff: 0, Sum: 0, Workers: 4
[16.524s][debug][gc,phases      ] GC(18) Weak Processing 0.291ms
[16.524s][debug][gc,age         ] GC(18) Desired survivor size 536870912 bytes, new threshold 1 (max threshold 15)
[16.524s][info ][gc,heap        ] GC(18) PSYoungGen: 1063047K(1572864K)->12599K(1572864K) Eden: 1048576K(1048576K)->0K(1048576K) From: 14471K(524288K)->12599K(524288K)
[16.524s][info ][gc,heap        ] GC(18) ParOldGen: 636705K(876544K)->650631K(876544K)
[16.524s][info ][gc,metaspace   ] GC(18) Metaspace: 70083K(70912K)->70083K(70912K) NonClass: 59833K(60288K)->59833K(60288K) Class: 10249K(10624K)->10249K(10624K)
[16.524s][info ][gc             ] GC(18) Pause Young (Allocation Failure) 1659M->647M(2392M) 24.854ms
[16.524s][info ][gc,cpu         ] GC(18) User=0.08s Sys=0.01s Real=0.03s
[16.524s][info ][safepoint      ] Safepoint "ParallelGCFailedAllocation", Time since last: 138658792 ns, Reaching safepoint: 142400 ns, At safepoint: 24949007 ns, Total: 25091407 ns
[16.834s][info ][safepoint      ] Safepoint "ICBufferFull", Time since last: 308892718 ns, Reaching safepoint: 239901 ns, At safepoint: 14000 ns, Total: 253901 ns
[17.170s][info ][gc,start       ] GC(19) Pause Young (Allocation Failure)
[17.192s][debug][gc,phases      ] GC(19) Scavenge 22.355ms
[17.192s][debug][gc,ref         ] GC(19) Skipped phase 1 of Reference Processing: no references
[17.192s][debug][gc,ref         ] GC(19) ReferenceProcessor::execute queues: 1, RefProcThreadModel::Single, marks_oops_alive: false
[17.192s][debug][gc,ref         ] GC(19) Skipped phase 3 of Reference Processing: no references
[17.192s][debug][gc,ref         ] GC(19) ReferenceProcessor::execute queues: 1, RefProcThreadModel::Single, marks_oops_alive: false
[17.192s][debug][gc,phases      ] GC(19) Reference Processing 0.114ms
[17.192s][debug][gc,phases      ] GC(19)   VM Weak                        Min:  0.0, Avg:  0.0, Max:  0.0, Diff:  0.0, Sum:  0.0, Workers: 4
[17.192s][debug][gc,phases      ] GC(19)     Dead                           Min: 0, Avg:  0.0, Max: 0, Diff: 0, Sum: 0, Workers: 4
[17.192s][debug][gc,phases      ] GC(19)     Total                          Min: 0, Avg: 152.8, Max: 448, Diff: 448, Sum: 611, Workers: 4
[17.192s][debug][gc,phases      ] GC(19)   ObjectSynchronizer Weak        Min:  0.0, Avg:  0.0, Max:  0.0, Diff:  0.0, Sum:  0.0, Workers: 4
[17.192s][debug][gc,phases      ] GC(19)     Dead                           Min: 0, Avg:  0.0, Max: 0, Diff: 0, Sum: 0, Workers: 4
[17.192s][debug][gc,phases      ] GC(19)     Total                          Min: 0, Avg: 77.8, Max: 183, Diff: 183, Sum: 311, Workers: 4
[17.192s][debug][gc,phases      ] GC(19)   JVMTI Tag Weak OopStorage      Min:  0.0, Avg:  0.0, Max:  0.0, Diff:  0.0, Sum:  0.0, Workers: 4
[17.192s][debug][gc,phases      ] GC(19)     Dead                           Min: 0, Avg:  0.0, Max: 0, Diff: 0, Sum: 0, Workers: 4
[17.192s][debug][gc,phases      ] GC(19)     Total                          Min: 0, Avg:  0.0, Max: 0, Diff: 0, Sum: 0, Workers: 4
[17.192s][debug][gc,phases      ] GC(19)   StringTable Weak               Min:  0.1, Avg:  0.1, Max:  0.1, Diff:  0.0, Sum:  0.4, Workers: 4
[17.192s][debug][gc,phases      ] GC(19)     Dead                           Min: 0, Avg:  3.0, Max: 12, Diff: 12, Sum: 12, Workers: 4
[17.192s][debug][gc,phases      ] GC(19)     Total                          Min: 8512, Avg: 10989.2, Max: 13376, Diff: 4864, Sum: 43957, Workers: 4
[17.192s][debug][gc,phases      ] GC(19)   ResolvedMethodTable Weak       Min:  0.0, Avg:  0.0, Max:  0.0, Diff:  0.0, Sum:  0.1, Workers: 4
[17.192s][debug][gc,phases      ] GC(19)     Dead                           Min: 0, Avg:  4.8, Max: 19, Diff: 19, Sum: 19, Workers: 4
[17.192s][debug][gc,phases      ] GC(19)     Total                          Min: 1280, Avg: 1789.0, Max: 2171, Diff: 891, Sum: 7156, Workers: 4
[17.192s][debug][gc,phases      ] GC(19)   JNI Weak                       Min:  0.0, Avg:  0.0, Max:  0.0, Diff:  0.0, Sum:  0.0, Workers: 4
[17.192s][debug][gc,phases      ] GC(19)     Dead                           Min: 0, Avg:  0.0, Max: 0, Diff: 0, Sum: 0, Workers: 4
[17.192s][debug][gc,phases      ] GC(19)     Total                          Min: 0, Avg:  0.5, Max: 2, Diff: 2, Sum: 2, Workers: 4
[17.192s][debug][gc,phases      ] GC(19)   StringDedup Table Weak         Min:  0.0, Avg:  0.0, Max:  0.0, Diff:  0.0, Sum:  0.0, Workers: 4
[17.192s][debug][gc,phases      ] GC(19)     Dead                           Min: 0, Avg:  0.0, Max: 0, Diff: 0, Sum: 0, Workers: 4
[17.192s][debug][gc,phases      ] GC(19)     Total                          Min: 0, Avg:  0.0, Max: 0, Diff: 0, Sum: 0, Workers: 4
[17.192s][debug][gc,phases      ] GC(19)   StringDedup Requests0 Weak     Min:  0.0, Avg:  0.0, Max:  0.0, Diff:  0.0, Sum:  0.0, Workers: 4
[17.192s][debug][gc,phases      ] GC(19)     Dead                           Min: 0, Avg:  0.0, Max: 0, Diff: 0, Sum: 0, Workers: 4
[17.192s][debug][gc,phases      ] GC(19)     Total                          Min: 0, Avg:  0.0, Max: 0, Diff: 0, Sum: 0, Workers: 4
[17.192s][debug][gc,phases      ] GC(19)   StringDedup Requests1 Weak     Min:  0.0, Avg:  0.0, Max:  0.0, Diff:  0.0, Sum:  0.0, Workers: 4
[17.192s][debug][gc,phases      ] GC(19)     Dead                           Min: 0, Avg:  0.0, Max: 0, Diff: 0, Sum: 0, Workers: 4
[17.192s][debug][gc,phases      ] GC(19)     Total                          Min: 0, Avg:  0.0, Max: 0, Diff: 0, Sum: 0, Workers: 4
[17.192s][debug][gc,phases      ] GC(19)   Weak JFR Old Object Samples    Min:  0.0, Avg:  0.0, Max:  0.0, Diff:  0.0, Sum:  0.0, Workers: 4
[17.192s][debug][gc,phases      ] GC(19)     Dead                           Min: 0, Avg:  0.0, Max: 0, Diff: 0, Sum: 0, Workers: 4
[17.192s][debug][gc,phases      ] GC(19)     Total                          Min: 0, Avg:  0.0, Max: 0, Diff: 0, Sum: 0, Workers: 4
[17.192s][debug][gc,phases      ] GC(19) Weak Processing 0.265ms
[17.192s][debug][gc,age         ] GC(19) Desired survivor size 536870912 bytes, new threshold 1 (max threshold 15)
[17.192s][info ][gc,heap        ] GC(19) PSYoungGen: 1061175K(1572864K)->27712K(1572864K) Eden: 1048576K(1048576K)->0K(1048576K) From: 12599K(524288K)->27712K(524288K)
[17.192s][info ][gc,heap        ] GC(19) ParOldGen: 650631K(876544K)->662767K(876544K)
[17.192s][info ][gc,metaspace   ] GC(19) Metaspace: 70161K(70912K)->70161K(70912K) NonClass: 59901K(60288K)->59901K(60288K) Class: 10259K(10624K)->10259K(10624K)
[17.192s][info ][gc             ] GC(19) Pause Young (Allocation Failure) 1671M->674M(2392M) 22.857ms
[17.192s][info ][gc,cpu         ] GC(19) User=0.07s Sys=0.02s Real=0.02s
[17.193s][info ][safepoint      ] Safepoint "ParallelGCFailedAllocation", Time since last: 335771634 ns, Reaching safepoint: 225301 ns, At safepoint: 22942998 ns, Total: 23168299 ns
[18.193s][info ][safepoint      ] Safepoint "Cleanup", Time since last: 1000096070 ns, Reaching safepoint: 204401 ns, At safepoint: 18400 ns, Total: 222801 ns
[18.280s][info ][safepoint      ] Safepoint "ICBufferFull", Time since last: 86548870 ns, Reaching safepoint: 183701 ns, At safepoint: 15000 ns, Total: 198701 ns
[18.724s][info ][safepoint      ] Safepoint "ICBufferFull", Time since last: 443847395 ns, Reaching safepoint: 254401 ns, At safepoint: 13501 ns, Total: 267902 ns
[19.031s][info ][safepoint      ] Safepoint "ICBufferFull", Time since last: 307052911 ns, Reaching safepoint: 256601 ns, At safepoint: 7500 ns, Total: 264101 ns
[19.103s][info ][safepoint      ] Safepoint "ICBufferFull", Time since last: 71624106 ns, Reaching safepoint: 206001 ns, At safepoint: 17500 ns, Total: 223501 ns
[19.168s][info ][safepoint      ] Safepoint "ICBufferFull", Time since last: 64679177 ns, Reaching safepoint: 258101 ns, At safepoint: 11400 ns, Total: 269501 ns
[19.254s][info ][safepoint      ] Safepoint "ICBufferFull", Time since last: 85828166 ns, Reaching safepoint: 252802 ns, At safepoint: 20200 ns, Total: 273002 ns
[19.560s][info ][safepoint      ] Safepoint "ICBufferFull", Time since last: 305514405 ns, Reaching safepoint: 224801 ns, At safepoint: 12100 ns, Total: 236901 ns
[19.785s][info ][safepoint      ] Safepoint "ICBufferFull", Time since last: 224725860 ns, Reaching safepoint: 214501 ns, At safepoint: 24100 ns, Total: 238601 ns
[19.815s][info ][safepoint      ] Safepoint "ParallelGCFailedAllocation", Time since last: 30505830 ns, Reaching safepoint: 120601 ns, At safepoint: 17500 ns, Total: 138101 ns
[19.815s][info ][gc,start       ] GC(20) Pause Young (GCLocker Initiated GC)
[19.871s][debug][gc,phases      ] GC(20) Scavenge 55.502ms
[19.871s][debug][gc,ref         ] GC(20) Skipped phase 1 of Reference Processing: no references
[19.871s][debug][gc,ref         ] GC(20) ReferenceProcessor::execute queues: 1, RefProcThreadModel::Single, marks_oops_alive: false
[19.871s][debug][gc,ref         ] GC(20) Skipped phase 3 of Reference Processing: no references
[19.871s][debug][gc,ref         ] GC(20) ReferenceProcessor::execute queues: 1, RefProcThreadModel::Single, marks_oops_alive: false
[19.871s][debug][gc,phases      ] GC(20) Reference Processing 0.139ms
[19.871s][debug][gc,phases      ] GC(20)   VM Weak                        Min:  0.0, Avg:  0.0, Max:  0.0, Diff:  0.0, Sum:  0.0, Workers: 4
[19.871s][debug][gc,phases      ] GC(20)     Dead                           Min: 0, Avg:  0.0, Max: 0, Diff: 0, Sum: 0, Workers: 4
[19.871s][debug][gc,phases      ] GC(20)     Total                          Min: 0, Avg: 156.5, Max: 562, Diff: 562, Sum: 626, Workers: 4
[19.871s][debug][gc,phases      ] GC(20)   ObjectSynchronizer Weak        Min:  0.0, Avg:  0.0, Max:  0.0, Diff:  0.0, Sum:  0.0, Workers: 4
[19.871s][debug][gc,phases      ] GC(20)     Dead                           Min: 0, Avg:  0.0, Max: 0, Diff: 0, Sum: 0, Workers: 4
[19.871s][debug][gc,phases      ] GC(20)     Total                          Min: 0, Avg: 77.8, Max: 192, Diff: 192, Sum: 311, Workers: 4
[19.871s][debug][gc,phases      ] GC(20)   JVMTI Tag Weak OopStorage      Min:  0.0, Avg:  0.0, Max:  0.0, Diff:  0.0, Sum:  0.0, Workers: 4
[19.871s][debug][gc,phases      ] GC(20)     Dead                           Min: 0, Avg:  0.0, Max: 0, Diff: 0, Sum: 0, Workers: 4
[19.871s][debug][gc,phases      ] GC(20)     Total                          Min: 0, Avg:  0.0, Max: 0, Diff: 0, Sum: 0, Workers: 4
[19.871s][debug][gc,phases      ] GC(20)   StringTable Weak               Min:  0.1, Avg:  0.1, Max:  0.1, Diff:  0.0, Sum:  0.4, Workers: 4
[19.871s][debug][gc,phases      ] GC(20)     Dead                           Min: 1, Avg:  3.8, Max: 11, Diff: 10, Sum: 15, Workers: 4
[19.871s][debug][gc,phases      ] GC(20)     Total                          Min: 8448, Avg: 11207.0, Max: 12892, Diff: 4444, Sum: 44828, Workers: 4
[19.871s][debug][gc,phases      ] GC(20)   ResolvedMethodTable Weak       Min:  0.0, Avg:  0.0, Max:  0.0, Diff:  0.0, Sum:  0.1, Workers: 4
[19.871s][debug][gc,phases      ] GC(20)     Dead                           Min: 0, Avg: 17.0, Max: 26, Diff: 26, Sum: 68, Workers: 4
[19.871s][debug][gc,phases      ] GC(20)     Total                          Min: 1344, Avg: 1901.5, Max: 2112, Diff: 768, Sum: 7606, Workers: 4
[19.871s][debug][gc,phases      ] GC(20)   JNI Weak                       Min:  0.0, Avg:  0.0, Max:  0.0, Diff:  0.0, Sum:  0.0, Workers: 4
[19.871s][debug][gc,phases      ] GC(20)     Dead                           Min: 0, Avg:  0.0, Max: 0, Diff: 0, Sum: 0, Workers: 4
[19.871s][debug][gc,phases      ] GC(20)     Total                          Min: 0, Avg:  0.5, Max: 2, Diff: 2, Sum: 2, Workers: 4
[19.871s][debug][gc,phases      ] GC(20)   StringDedup Table Weak         Min:  0.0, Avg:  0.0, Max:  0.0, Diff:  0.0, Sum:  0.0, Workers: 4
[19.871s][debug][gc,phases      ] GC(20)     Dead                           Min: 0, Avg:  0.0, Max: 0, Diff: 0, Sum: 0, Workers: 4
[19.871s][debug][gc,phases      ] GC(20)     Total                          Min: 0, Avg:  0.0, Max: 0, Diff: 0, Sum: 0, Workers: 4
[19.871s][debug][gc,phases      ] GC(20)   StringDedup Requests0 Weak     Min:  0.0, Avg:  0.0, Max:  0.0, Diff:  0.0, Sum:  0.0, Workers: 4
[19.871s][debug][gc,phases      ] GC(20)     Dead                           Min: 0, Avg:  0.0, Max: 0, Diff: 0, Sum: 0, Workers: 4
[19.871s][debug][gc,phases      ] GC(20)     Total                          Min: 0, Avg:  0.0, Max: 0, Diff: 0, Sum: 0, Workers: 4
[19.871s][debug][gc,phases      ] GC(20)   StringDedup Requests1 Weak     Min:  0.0, Avg:  0.0, Max:  0.0, Diff:  0.0, Sum:  0.0, Workers: 4
[19.871s][debug][gc,phases      ] GC(20)     Dead                           Min: 0, Avg:  0.0, Max: 0, Diff: 0, Sum: 0, Workers: 4
[19.871s][debug][gc,phases      ] GC(20)     Total                          Min: 0, Avg:  0.0, Max: 0, Diff: 0, Sum: 0, Workers: 4
[19.871s][debug][gc,phases      ] GC(20)   Weak JFR Old Object Samples    Min:  0.0, Avg:  0.0, Max:  0.0, Diff:  0.0, Sum:  0.0, Workers: 4
[19.871s][debug][gc,phases      ] GC(20)     Dead                           Min: 0, Avg:  0.0, Max: 0, Diff: 0, Sum: 0, Workers: 4
[19.871s][debug][gc,phases      ] GC(20)     Total                          Min: 0, Avg:  0.0, Max: 0, Diff: 0, Sum: 0, Workers: 4
[19.871s][debug][gc,phases      ] GC(20) Weak Processing 0.277ms
[19.871s][debug][gc,age         ] GC(20) Desired survivor size 536870912 bytes, new threshold 1 (max threshold 15)
[19.871s][info ][gc,heap        ] GC(20) PSYoungGen: 1076288K(1572864K)->49136K(1572864K) Eden: 1048576K(1048576K)->0K(1048576K) From: 27712K(524288K)->49136K(524288K)
[19.871s][info ][gc,heap        ] GC(20) ParOldGen: 662783K(876544K)->691206K(876544K)
[19.871s][info ][gc,metaspace   ] GC(20) Metaspace: 73064K(73856K)->73064K(73856K) NonClass: 62486K(62912K)->62486K(62912K) Class: 10577K(10944K)->10577K(10944K)
[19.871s][info ][gc             ] GC(20) Pause Young (GCLocker Initiated GC) 1698M->722M(2392M) 56.017ms
[19.871s][info ][gc,cpu         ] GC(20) User=0.20s Sys=0.01s Real=0.06s
[19.872s][info ][safepoint      ] Safepoint "ParallelGCSystemGC", Time since last: 68500 ns, Reaching safepoint: 86701 ns, At safepoint: 56089239 ns, Total: 56175940 ns
[20.086s][info ][safepoint      ] Safepoint "ICBufferFull", Time since last: 213996515 ns, Reaching safepoint: 209301 ns, At safepoint: 13800 ns, Total: 223101 ns
[20.129s][info ][safepoint      ] Safepoint "ICBufferFull", Time since last: 42895283 ns, Reaching safepoint: 208901 ns, At safepoint: 16500 ns, Total: 225401 ns
[20.225s][info ][safepoint      ] Safepoint "ICBufferFull", Time since last: 95481708 ns, Reaching safepoint: 213301 ns, At safepoint: 10300 ns, Total: 223601 ns
[20.464s][info ][safepoint      ] Safepoint "ICBufferFull", Time since last: 238879921 ns, Reaching safepoint: 240901 ns, At safepoint: 13100 ns, Total: 254001 ns
[20.756s][info ][safepoint      ] Safepoint "ICBufferFull", Time since last: 292261449 ns, Reaching safepoint: 216401 ns, At safepoint: 10800 ns, Total: 227201 ns
[21.164s][info ][safepoint      ] Safepoint "ICBufferFull", Time since last: 407303141 ns, Reaching safepoint: 252201 ns, At safepoint: 18100 ns, Total: 270301 ns
[21.462s][info ][safepoint      ] Safepoint "ICBufferFull", Time since last: 298138575 ns, Reaching safepoint: 294401 ns, At safepoint: 7800 ns, Total: 302201 ns
[22.002s][info ][safepoint      ] Safepoint "ICBufferFull", Time since last: 539747008 ns, Reaching safepoint: 215301 ns, At safepoint: 8700 ns, Total: 224001 ns
[22.855s][info ][safepoint      ] Safepoint "ICBufferFull", Time since last: 852612146 ns, Reaching safepoint: 232901 ns, At safepoint: 11200 ns, Total: 244101 ns
[23.676s][info ][safepoint      ] Safepoint "ICBufferFull", Time since last: 821227513 ns, Reaching safepoint: 238401 ns, At safepoint: 10300 ns, Total: 248701 ns
[23.961s][info ][safepoint      ] Safepoint "ICBufferFull", Time since last: 284080715 ns, Reaching safepoint: 243301 ns, At safepoint: 7700 ns, Total: 251001 ns
[24.435s][info ][safepoint      ] Safepoint "ICBufferFull", Time since last: 473788428 ns, Reaching safepoint: 253001 ns, At safepoint: 10200 ns, Total: 263201 ns
[24.548s][info ][safepoint      ] Safepoint "ICBufferFull", Time since last: 112890983 ns, Reaching safepoint: 247701 ns, At safepoint: 8700 ns, Total: 256401 ns
[24.635s][info ][safepoint      ] Safepoint "ICBufferFull", Time since last: 86536470 ns, Reaching safepoint: 297302 ns, At safepoint: 14800 ns, Total: 312102 ns
[24.716s][info ][safepoint      ] Safepoint "ICBufferFull", Time since last: 80616945 ns, Reaching safepoint: 348101 ns, At safepoint: 13300 ns, Total: 361401 ns
[24.931s][info ][safepoint      ] Safepoint "ICBufferFull", Time since last: 214655819 ns, Reaching safepoint: 244801 ns, At safepoint: 11600 ns, Total: 256401 ns
[25.013s][info ][safepoint      ] Safepoint "ICBufferFull", Time since last: 82275452 ns, Reaching safepoint: 226101 ns, At safepoint: 11700 ns, Total: 237801 ns
[25.243s][info ][safepoint      ] Safepoint "ICBufferFull", Time since last: 229617683 ns, Reaching safepoint: 222701 ns, At safepoint: 13400 ns, Total: 236101 ns
[25.954s][info ][safepoint      ] Safepoint "ICBufferFull", Time since last: 710349041 ns, Reaching safepoint: 189101 ns, At safepoint: 2800 ns, Total: 191901 ns
[26.954s][info ][safepoint      ] Safepoint "Cleanup", Time since last: 1000107282 ns, Reaching safepoint: 157601 ns, At safepoint: 14400 ns, Total: 172001 ns
[27.800s][info ][safepoint      ] Safepoint "ICBufferFull", Time since last: 845514821 ns, Reaching safepoint: 186801 ns, At safepoint: 8700 ns, Total: 195501 ns
[28.156s][info ][safepoint      ] Safepoint "ICBufferFull", Time since last: 355974225 ns, Reaching safepoint: 198201 ns, At safepoint: 7200 ns, Total: 205401 ns
[28.549s][info ][safepoint      ] Safepoint "ICBufferFull", Time since last: 392876783 ns, Reaching safepoint: 163401 ns, At safepoint: 6100 ns, Total: 169501 ns
[29.258s][info ][safepoint      ] Safepoint "ICBufferFull", Time since last: 708559236 ns, Reaching safepoint: 293602 ns, At safepoint: 12000 ns, Total: 305602 ns
[30.258s][info ][safepoint      ] Safepoint "Cleanup", Time since last: 1000102987 ns, Reaching safepoint: 81800 ns, At safepoint: 8300 ns, Total: 90100 ns
[31.258s][info ][safepoint      ] Safepoint "Cleanup", Time since last: 1000095488 ns, Reaching safepoint: 175501 ns, At safepoint: 8200 ns, Total: 183701 ns
[32.258s][info ][safepoint      ] Safepoint "Cleanup", Time since last: 1000097189 ns, Reaching safepoint: 102401 ns, At safepoint: 13200 ns, Total: 115601 ns
[33.259s][info ][safepoint      ] Safepoint "Cleanup", Time since last: 1000108291 ns, Reaching safepoint: 83200 ns, At safepoint: 10000 ns, Total: 93200 ns
[34.259s][info ][safepoint      ] Safepoint "Cleanup", Time since last: 1000100092 ns, Reaching safepoint: 86101 ns, At safepoint: 6300 ns, Total: 92401 ns
[35.355s][info ][safepoint      ] Safepoint "ICBufferFull", Time since last: 1095813004 ns, Reaching safepoint: 220801 ns, At safepoint: 6500 ns, Total: 227301 ns
[35.856s][info ][gc,start       ] GC(21) Pause Young (Allocation Failure)
[35.890s][debug][gc,phases      ] GC(21) Scavenge 34.836ms
[35.890s][debug][gc,ref         ] GC(21) Skipped phase 1 of Reference Processing: no references
[35.890s][debug][gc,ref         ] GC(21) ReferenceProcessor::execute queues: 1, RefProcThreadModel::Single, marks_oops_alive: false
[35.891s][debug][gc,ref         ] GC(21) ReferenceProcessor::execute queues: 4, RefProcThreadModel::Multi, marks_oops_alive: true
[35.891s][debug][gc,ref         ] GC(21) ReferenceProcessor::execute queues: 1, RefProcThreadModel::Single, marks_oops_alive: false
[35.891s][debug][gc,phases      ] GC(21) Reference Processing 0.223ms
[35.891s][debug][gc,phases      ] GC(21)   VM Weak                        Min:  0.0, Avg:  0.0, Max:  0.0, Diff:  0.0, Sum:  0.0, Workers: 4
[35.891s][debug][gc,phases      ] GC(21)     Dead                           Min: 0, Avg:  0.0, Max: 0, Diff: 0, Sum: 0, Workers: 4
[35.891s][debug][gc,phases      ] GC(21)     Total                          Min: 0, Avg: 166.0, Max: 384, Diff: 384, Sum: 664, Workers: 4
[35.891s][debug][gc,phases      ] GC(21)   ObjectSynchronizer Weak        Min:  0.0, Avg:  0.0, Max:  0.0, Diff:  0.0, Sum:  0.0, Workers: 4
[35.891s][debug][gc,phases      ] GC(21)     Dead                           Min: 0, Avg:  0.2, Max: 1, Diff: 1, Sum: 1, Workers: 4
[35.891s][debug][gc,phases      ] GC(21)     Total                          Min: 0, Avg: 78.8, Max: 251, Diff: 251, Sum: 315, Workers: 4
[35.891s][debug][gc,phases      ] GC(21)   JVMTI Tag Weak OopStorage      Min:  0.0, Avg:  0.0, Max:  0.0, Diff:  0.0, Sum:  0.0, Workers: 4
[35.891s][debug][gc,phases      ] GC(21)     Dead                           Min: 0, Avg:  0.0, Max: 0, Diff: 0, Sum: 0, Workers: 4
[35.891s][debug][gc,phases      ] GC(21)     Total                          Min: 0, Avg:  0.0, Max: 0, Diff: 0, Sum: 0, Workers: 4
[35.891s][debug][gc,phases      ] GC(21)   StringTable Weak               Min:  0.1, Avg:  0.1, Max:  0.1, Diff:  0.0, Sum:  0.4, Workers: 4
[35.891s][debug][gc,phases      ] GC(21)     Dead                           Min: 0, Avg:  1.2, Max: 2, Diff: 2, Sum: 5, Workers: 4
[35.891s][debug][gc,phases      ] GC(21)     Total                          Min: 11528, Avg: 12098.0, Max: 12352, Diff: 824, Sum: 48392, Workers: 4
[35.891s][debug][gc,phases      ] GC(21)   ResolvedMethodTable Weak       Min:  0.0, Avg:  0.0, Max:  0.0, Diff:  0.0, Sum:  0.1, Workers: 4
[35.891s][debug][gc,phases      ] GC(21)     Dead                           Min: 2, Avg: 30.8, Max: 51, Diff: 49, Sum: 123, Workers: 4
[35.891s][debug][gc,phases      ] GC(21)     Total                          Min: 1792, Avg: 2059.2, Max: 2221, Diff: 429, Sum: 8237, Workers: 4
[35.891s][debug][gc,phases      ] GC(21)   JNI Weak                       Min:  0.0, Avg:  0.0, Max:  0.0, Diff:  0.0, Sum:  0.0, Workers: 4
[35.891s][debug][gc,phases      ] GC(21)     Dead                           Min: 0, Avg:  0.0, Max: 0, Diff: 0, Sum: 0, Workers: 4
[35.891s][debug][gc,phases      ] GC(21)     Total                          Min: 0, Avg:  0.0, Max: 0, Diff: 0, Sum: 0, Workers: 4
[35.891s][debug][gc,phases      ] GC(21)   StringDedup Table Weak         Min:  0.0, Avg:  0.0, Max:  0.0, Diff:  0.0, Sum:  0.0, Workers: 4
[35.891s][debug][gc,phases      ] GC(21)     Dead                           Min: 0, Avg:  0.0, Max: 0, Diff: 0, Sum: 0, Workers: 4
[35.891s][debug][gc,phases      ] GC(21)     Total                          Min: 0, Avg:  0.0, Max: 0, Diff: 0, Sum: 0, Workers: 4
[35.891s][debug][gc,phases      ] GC(21)   StringDedup Requests0 Weak     Min:  0.0, Avg:  0.0, Max:  0.0, Diff:  0.0, Sum:  0.0, Workers: 4
[35.891s][debug][gc,phases      ] GC(21)     Dead                           Min: 0, Avg:  0.0, Max: 0, Diff: 0, Sum: 0, Workers: 4
[35.891s][debug][gc,phases      ] GC(21)     Total                          Min: 0, Avg:  0.0, Max: 0, Diff: 0, Sum: 0, Workers: 4
[35.891s][debug][gc,phases      ] GC(21)   StringDedup Requests1 Weak     Min:  0.0, Avg:  0.0, Max:  0.0, Diff:  0.0, Sum:  0.0, Workers: 4
[35.891s][debug][gc,phases      ] GC(21)     Dead                           Min: 0, Avg:  0.0, Max: 0, Diff: 0, Sum: 0, Workers: 4
[35.891s][debug][gc,phases      ] GC(21)     Total                          Min: 0, Avg:  0.0, Max: 0, Diff: 0, Sum: 0, Workers: 4
[35.891s][debug][gc,phases      ] GC(21)   Weak JFR Old Object Samples    Min:  0.0, Avg:  0.0, Max:  0.0, Diff:  0.0, Sum:  0.0, Workers: 4
[35.891s][debug][gc,phases      ] GC(21)     Dead                           Min: 0, Avg:  0.0, Max: 0, Diff: 0, Sum: 0, Workers: 4
[35.891s][debug][gc,phases      ] GC(21)     Total                          Min: 0, Avg:  0.0, Max: 0, Diff: 0, Sum: 0, Workers: 4
[35.891s][debug][gc,phases      ] GC(21) Weak Processing 0.270ms
[35.891s][debug][gc,age         ] GC(21) Desired survivor size 536870912 bytes, new threshold 1 (max threshold 15)
[35.891s][info ][gc,heap        ] GC(21) PSYoungGen: 1097712K(1572864K)->15064K(1572864K) Eden: 1048576K(1048576K)->0K(1048576K) From: 49136K(524288K)->15064K(524288K)
[35.891s][info ][gc,heap        ] GC(21) ParOldGen: 691208K(876544K)->740062K(876544K)
[35.891s][info ][gc,metaspace   ] GC(21) Metaspace: 82301K(83136K)->82301K(83136K) NonClass: 70533K(70976K)->70533K(70976K) Class: 11767K(12160K)->11767K(12160K)
[35.891s][info ][gc             ] GC(21) Pause Young (Allocation Failure) 1746M->737M(2392M) 35.448ms
[35.891s][info ][gc,cpu         ] GC(21) User=0.11s Sys=0.03s Real=0.04s
[35.891s][debug][gc,phases      ] GC(22) Pre Compact 0.007ms
[35.891s][info ][gc,start       ] GC(22) Pause Full (Ergonomics)
[35.891s][info ][gc,phases,start] GC(22) Marking Phase
[35.956s][debug][gc,phases      ] GC(22) Par Mark 64.660ms
[35.956s][debug][gc,ref         ] GC(22) Skipped phase 1 of Reference Processing: no references
[35.956s][debug][gc,ref         ] GC(22) ReferenceProcessor::execute queues: 3, RefProcThreadModel::Multi, marks_oops_alive: false
[35.956s][debug][gc,ref         ] GC(22) Skipped phase 3 of Reference Processing: no references
[35.956s][debug][gc,ref         ] GC(22) ReferenceProcessor::execute queues: 1, RefProcThreadModel::Single, marks_oops_alive: false
[35.956s][debug][gc,phases      ] GC(22) Reference Processing 0.360ms
[35.956s][debug][gc,phases      ] GC(22)   VM Weak                        Min:  0.0, Avg:  0.0, Max:  0.0, Diff:  0.0, Sum:  0.0, Workers: 4
[35.956s][debug][gc,phases      ] GC(22)     Dead                           Min: 0, Avg:  0.0, Max: 0, Diff: 0, Sum: 0, Workers: 4
[35.956s][debug][gc,phases      ] GC(22)     Total                          Min: 0, Avg: 166.0, Max: 344, Diff: 344, Sum: 664, Workers: 4
[35.956s][debug][gc,phases      ] GC(22)   ObjectSynchronizer Weak        Min:  0.0, Avg:  0.0, Max:  0.0, Diff:  0.0, Sum:  0.0, Workers: 4
[35.956s][debug][gc,phases      ] GC(22)     Dead                           Min: 0, Avg:  0.0, Max: 0, Diff: 0, Sum: 0, Workers: 4
[35.956s][debug][gc,phases      ] GC(22)     Total                          Min: 0, Avg: 78.8, Max: 128, Diff: 128, Sum: 315, Workers: 4
[35.956s][debug][gc,phases      ] GC(22)   JVMTI Tag Weak OopStorage      Min:  0.0, Avg:  0.0, Max:  0.0, Diff:  0.0, Sum:  0.0, Workers: 4
[35.956s][debug][gc,phases      ] GC(22)     Dead                           Min: 0, Avg:  0.0, Max: 0, Diff: 0, Sum: 0, Workers: 4
[35.956s][debug][gc,phases      ] GC(22)     Total                          Min: 0, Avg:  0.0, Max: 0, Diff: 0, Sum: 0, Workers: 4
[35.956s][debug][gc,phases      ] GC(22)   StringTable Weak               Min:  0.2, Avg:  0.2, Max:  0.2, Diff:  0.0, Sum:  0.6, Workers: 4
[35.956s][debug][gc,phases      ] GC(22)     Dead                           Min: 0, Avg:  0.0, Max: 0, Diff: 0, Sum: 0, Workers: 4
[35.956s][debug][gc,phases      ] GC(22)     Total                          Min: 11392, Avg: 12098.0, Max: 12416, Diff: 1024, Sum: 48392, Workers: 4
[35.956s][debug][gc,phases      ] GC(22)   ResolvedMethodTable Weak       Min:  0.0, Avg:  0.0, Max:  0.0, Diff:  0.0, Sum:  0.1, Workers: 4
[35.956s][debug][gc,phases      ] GC(22)     Dead                           Min: 0, Avg:  0.0, Max: 0, Diff: 0, Sum: 0, Workers: 4
[35.956s][debug][gc,phases      ] GC(22)     Total                          Min: 1984, Avg: 2059.2, Max: 2157, Diff: 173, Sum: 8237, Workers: 4
[35.956s][debug][gc,phases      ] GC(22)   JNI Weak                       Min:  0.0, Avg:  0.0, Max:  0.0, Diff:  0.0, Sum:  0.0, Workers: 4
[35.956s][debug][gc,phases      ] GC(22)     Dead                           Min: 0, Avg:  0.0, Max: 0, Diff: 0, Sum: 0, Workers: 4
[35.956s][debug][gc,phases      ] GC(22)     Total                          Min: 0, Avg:  0.0, Max: 0, Diff: 0, Sum: 0, Workers: 4
[35.956s][debug][gc,phases      ] GC(22)   StringDedup Table Weak         Min:  0.0, Avg:  0.0, Max:  0.0, Diff:  0.0, Sum:  0.0, Workers: 4
[35.956s][debug][gc,phases      ] GC(22)     Dead                           Min: 0, Avg:  0.0, Max: 0, Diff: 0, Sum: 0, Workers: 4
[35.956s][debug][gc,phases      ] GC(22)     Total                          Min: 0, Avg:  0.0, Max: 0, Diff: 0, Sum: 0, Workers: 4
[35.956s][debug][gc,phases      ] GC(22)   StringDedup Requests0 Weak     Min:  0.0, Avg:  0.0, Max:  0.0, Diff:  0.0, Sum:  0.0, Workers: 4
[35.956s][debug][gc,phases      ] GC(22)     Dead                           Min: 0, Avg:  0.0, Max: 0, Diff: 0, Sum: 0, Workers: 4
[35.956s][debug][gc,phases      ] GC(22)     Total                          Min: 0, Avg:  0.0, Max: 0, Diff: 0, Sum: 0, Workers: 4
[35.956s][debug][gc,phases      ] GC(22)   StringDedup Requests1 Weak     Min:  0.0, Avg:  0.0, Max:  0.0, Diff:  0.0, Sum:  0.0, Workers: 4
[35.956s][debug][gc,phases      ] GC(22)     Dead                           Min: 0, Avg:  0.0, Max: 0, Diff: 0, Sum: 0, Workers: 4
[35.956s][debug][gc,phases      ] GC(22)     Total                          Min: 0, Avg:  0.0, Max: 0, Diff: 0, Sum: 0, Workers: 4
[35.956s][debug][gc,phases      ] GC(22)   Weak JFR Old Object Samples    Min:  0.0, Avg:  0.0, Max:  0.0, Diff:  0.0, Sum:  0.0, Workers: 4
[35.956s][debug][gc,phases      ] GC(22)     Dead                           Min: 0, Avg:  0.0, Max: 0, Diff: 0, Sum: 0, Workers: 4
[35.956s][debug][gc,phases      ] GC(22)     Total                          Min: 0, Avg:  0.0, Max: 0, Diff: 0, Sum: 0, Workers: 4
[35.956s][debug][gc,phases      ] GC(22) Weak Processing 0.332ms
[35.957s][debug][gc,phases      ] GC(22) ClassLoaderData 0.082ms
[35.957s][debug][gc,phases      ] GC(22) Trigger cleanups 0.000ms
[35.970s][debug][gc,phases      ] GC(22) Class Unloading 13.458ms
[35.970s][info ][gc,phases      ] GC(22) Marking Phase 78.948ms
[35.970s][info ][gc,phases,start] GC(22) Summary Phase
[35.970s][info ][gc,phases      ] GC(22) Summary Phase 0.022ms
[35.970s][info ][gc,phases,start] GC(22) Adjust Roots
[35.984s][info ][gc,phases      ] GC(22) Adjust Roots 13.751ms
[35.984s][info ][gc,phases,start] GC(22) Compaction Phase
[36.185s][info ][gc,phases      ] GC(22) Compaction Phase 201.512ms
[36.185s][info ][gc,phases,start] GC(22) Post Compact
[36.187s][info ][gc,phases      ] GC(22) Post Compact 1.870ms
[36.189s][info ][gc,heap        ] GC(22) PSYoungGen: 15064K(1572864K)->0K(1572864K) Eden: 0K(1048576K)->0K(1048576K) From: 15064K(524288K)->0K(524288K)
[36.189s][info ][gc,heap        ] GC(22) ParOldGen: 740062K(876544K)->285066K(537600K)
[36.189s][info ][gc,metaspace   ] GC(22) Metaspace: 82301K(83136K)->82301K(83136K) NonClass: 70533K(70976K)->70533K(70976K) Class: 11767K(12160K)->11767K(12160K)
[36.189s][info ][gc             ] GC(22) Pause Full (Ergonomics) 737M->278M(2061M) 298.418ms
[36.189s][info ][gc,cpu         ] GC(22) User=1.10s Sys=0.00s Real=0.30s
[36.189s][info ][safepoint      ] Safepoint "ParallelGCFailedAllocation", Time since last: 500549249 ns, Reaching safepoint: 57201 ns, At safepoint: 333978934 ns, Total: 334036135 ns
[37.190s][info ][safepoint      ] Safepoint "Cleanup", Time since last: 1000082096 ns, Reaching safepoint: 116801 ns, At safepoint: 5800 ns, Total: 122601 ns
[38.190s][info ][safepoint      ] Safepoint "Cleanup", Time since last: 1000103097 ns, Reaching safepoint: 107700 ns, At safepoint: 9600 ns, Total: 117300 ns
[39.190s][info ][safepoint      ] Safepoint "Cleanup", Time since last: 1000107599 ns, Reaching safepoint: 114901 ns, At safepoint: 9600 ns, Total: 124501 ns
[40.190s][info ][safepoint      ] Safepoint "Cleanup", Time since last: 1000105700 ns, Reaching safepoint: 113600 ns, At safepoint: 9300 ns, Total: 122900 ns
[41.191s][info ][safepoint      ] Safepoint "Cleanup", Time since last: 1000084401 ns, Reaching safepoint: 91901 ns, At safepoint: 5600 ns, Total: 97501 ns
[42.191s][info ][safepoint      ] Safepoint "Cleanup", Time since last: 1000091502 ns, Reaching safepoint: 77501 ns, At safepoint: 12400 ns, Total: 89901 ns
[43.191s][info ][safepoint      ] Safepoint "Cleanup", Time since last: 1000106704 ns, Reaching safepoint: 90800 ns, At safepoint: 5500 ns, Total: 96300 ns
[44.191s][info ][safepoint      ] Safepoint "Cleanup", Time since last: 1000104405 ns, Reaching safepoint: 90201 ns, At safepoint: 5200 ns, Total: 95401 ns
[45.191s][info ][safepoint      ] Safepoint "Cleanup", Time since last: 1000085606 ns, Reaching safepoint: 62401 ns, At safepoint: 5800 ns, Total: 68201 ns
[46.191s][info ][safepoint      ] Safepoint "Cleanup", Time since last: 1000111808 ns, Reaching safepoint: 45700 ns, At safepoint: 3100 ns, Total: 48800 ns
[47.192s][info ][safepoint      ] Safepoint "Cleanup", Time since last: 1000125409 ns, Reaching safepoint: 50000 ns, At safepoint: 2800 ns, Total: 52800 ns
[48.809s][info ][safepoint      ] Safepoint "Cleanup", Time since last: 1617470072 ns, Reaching safepoint: 139401 ns, At safepoint: 5600 ns, Total: 145001 ns
[50.770s][info ][safepoint      ] Safepoint "Cleanup", Time since last: 1960598655 ns, Reaching safepoint: 77901 ns, At safepoint: 5400 ns, Total: 83301 ns
[51.770s][info ][safepoint      ] Safepoint "Cleanup", Time since last: 1000117115 ns, Reaching safepoint: 60500 ns, At safepoint: 8800 ns, Total: 69300 ns
[52.770s][info ][safepoint      ] Safepoint "Cleanup", Time since last: 1000112116 ns, Reaching safepoint: 58601 ns, At safepoint: 10800 ns, Total: 69401 ns
[53.770s][info ][safepoint      ] Safepoint "Cleanup", Time since last: 1000107317 ns, Reaching safepoint: 71001 ns, At safepoint: 6300 ns, Total: 77301 ns
[54.771s][info ][safepoint      ] Safepoint "Cleanup", Time since last: 1000124319 ns, Reaching safepoint: 60700 ns, At safepoint: 8600 ns, Total: 69300 ns
[55.771s][info ][safepoint      ] Safepoint "Cleanup", Time since last: 1000110620 ns, Reaching safepoint: 51300 ns, At safepoint: 7700 ns, Total: 59000 ns
[56.771s][info ][safepoint      ] Safepoint "Cleanup", Time since last: 1000112322 ns, Reaching safepoint: 51400 ns, At safepoint: 2700 ns, Total: 54100 ns
[57.771s][info ][safepoint      ] Safepoint "Cleanup", Time since last: 1000114523 ns, Reaching safepoint: 53200 ns, At safepoint: 6900 ns, Total: 60100 ns
[58.771s][info ][safepoint      ] Safepoint "Cleanup", Time since last: 1000112424 ns, Reaching safepoint: 59800 ns, At safepoint: 5600 ns, Total: 65400 ns
[59.772s][info ][safepoint      ] Safepoint "Cleanup", Time since last: 1000118626 ns, Reaching safepoint: 63000 ns, At safepoint: 7800 ns, Total: 70800 ns
[60.772s][info ][safepoint      ] Safepoint "Cleanup", Time since last: 1000109627 ns, Reaching safepoint: 61200 ns, At safepoint: 8700 ns, Total: 69900 ns
[61.772s][info ][safepoint      ] Safepoint "Cleanup", Time since last: 1000099728 ns, Reaching safepoint: 60600 ns, At safepoint: 3800 ns, Total: 64400 ns
[62.772s][info ][safepoint      ] Safepoint "Cleanup", Time since last: 1000097529 ns, Reaching safepoint: 60800 ns, At safepoint: 6400 ns, Total: 67200 ns
[63.772s][info ][safepoint      ] Safepoint "Cleanup", Time since last: 1000109131 ns, Reaching safepoint: 56300 ns, At safepoint: 11200 ns, Total: 67500 ns
[64.772s][info ][safepoint      ] Safepoint "Cleanup", Time since last: 1000116232 ns, Reaching safepoint: 67800 ns, At safepoint: 8400 ns, Total: 76200 ns
[65.773s][info ][safepoint      ] Safepoint "Cleanup", Time since last: 1000103133 ns, Reaching safepoint: 57300 ns, At safepoint: 5900 ns, Total: 63200 ns
[66.773s][info ][safepoint      ] Safepoint "Cleanup", Time since last: 1000114034 ns, Reaching safepoint: 57100 ns, At safepoint: 6400 ns, Total: 63500 ns
[67.773s][info ][safepoint      ] Safepoint "Cleanup", Time since last: 1000103236 ns, Reaching safepoint: 60800 ns, At safepoint: 5800 ns, Total: 66600 ns
[68.773s][info ][safepoint      ] Safepoint "Cleanup", Time since last: 1000101337 ns, Reaching safepoint: 51100 ns, At safepoint: 3300 ns, Total: 54400 ns
[69.773s][info ][safepoint      ] Safepoint "Cleanup", Time since last: 1000104238 ns, Reaching safepoint: 69700 ns, At safepoint: 6700 ns, Total: 76400 ns
[70.773s][info ][safepoint      ] Safepoint "Cleanup", Time since last: 1000102039 ns, Reaching safepoint: 47200 ns, At safepoint: 3200 ns, Total: 50400 ns
[72.774s][info ][safepoint      ] Safepoint "Cleanup", Time since last: 2000176982 ns, Reaching safepoint: 62100 ns, At safepoint: 13000 ns, Total: 75100 ns
[73.774s][info ][safepoint      ] Safepoint "Cleanup", Time since last: 1000120443 ns, Reaching safepoint: 50600 ns, At safepoint: 3400 ns, Total: 54000 ns
[74.774s][info ][safepoint      ] Safepoint "Cleanup", Time since last: 1000107544 ns, Reaching safepoint: 52700 ns, At safepoint: 7700 ns, Total: 60400 ns
[76.774s][info ][safepoint      ] Safepoint "Cleanup", Time since last: 2000188492 ns, Reaching safepoint: 60500 ns, At safepoint: 12200 ns, Total: 72700 ns
[77.774s][info ][safepoint      ] Safepoint "Cleanup", Time since last: 1000116548 ns, Reaching safepoint: 66100 ns, At safepoint: 9700 ns, Total: 75800 ns
[78.775s][info ][safepoint      ] Safepoint "Cleanup", Time since last: 1000133249 ns, Reaching safepoint: 113401 ns, At safepoint: 8100 ns, Total: 121501 ns
[80.101s][info ][safepoint      ] Safepoint "Cleanup", Time since last: 1326065368 ns, Reaching safepoint: 218501 ns, At safepoint: 7500 ns, Total: 226001 ns
[81.101s][info ][safepoint      ] Safepoint "Cleanup", Time since last: 1000135052 ns, Reaching safepoint: 94000 ns, At safepoint: 13500 ns, Total: 107500 ns
[82.101s][info ][safepoint      ] Safepoint "Cleanup", Time since last: 1000099853 ns, Reaching safepoint: 53400 ns, At safepoint: 9601 ns, Total: 63001 ns
[82.255s][info ][gc,start       ] GC(23) Pause Young (Allocation Failure)
[82.258s][debug][gc,phases      ] GC(23) Scavenge 2.538ms
[82.258s][debug][gc,ref         ] GC(23) Skipped phase 1 of Reference Processing: no references
[82.258s][debug][gc,ref         ] GC(23) ReferenceProcessor::execute queues: 1, RefProcThreadModel::Single, marks_oops_alive: false
[82.258s][debug][gc,ref         ] GC(23) Skipped phase 3 of Reference Processing: no references
[82.258s][debug][gc,ref         ] GC(23) ReferenceProcessor::execute queues: 1, RefProcThreadModel::Single, marks_oops_alive: false
[82.258s][debug][gc,phases      ] GC(23) Reference Processing 0.153ms
[82.258s][debug][gc,phases      ] GC(23)   VM Weak                        Min:  0.0, Avg:  0.0, Max:  0.0, Diff:  0.0, Sum:  0.0, Workers: 4
[82.258s][debug][gc,phases      ] GC(23)     Dead                           Min: 0, Avg:  0.0, Max: 0, Diff: 0, Sum: 0, Workers: 4
[82.258s][debug][gc,phases      ] GC(23)     Total                          Min: 0, Avg: 166.2, Max: 512, Diff: 512, Sum: 665, Workers: 4
[82.258s][debug][gc,phases      ] GC(23)   ObjectSynchronizer Weak        Min:  0.0, Avg:  0.0, Max:  0.0, Diff:  0.0, Sum:  0.0, Workers: 4
[82.258s][debug][gc,phases      ] GC(23)     Dead                           Min: 0, Avg:  0.0, Max: 0, Diff: 0, Sum: 0, Workers: 4
[82.258s][debug][gc,phases      ] GC(23)     Total                          Min: 0, Avg: 78.8, Max: 187, Diff: 187, Sum: 315, Workers: 4
[82.258s][debug][gc,phases      ] GC(23)   JVMTI Tag Weak OopStorage      Min:  0.0, Avg:  0.0, Max:  0.0, Diff:  0.0, Sum:  0.0, Workers: 4
[82.258s][debug][gc,phases      ] GC(23)     Dead                           Min: 0, Avg:  0.0, Max: 0, Diff: 0, Sum: 0, Workers: 4
[82.258s][debug][gc,phases      ] GC(23)     Total                          Min: 0, Avg:  0.0, Max: 0, Diff: 0, Sum: 0, Workers: 4
[82.258s][debug][gc,phases      ] GC(23)   StringTable Weak               Min:  0.0, Avg:  0.2, Max:  0.3, Diff:  0.3, Sum:  0.7, Workers: 4
[82.258s][debug][gc,phases      ] GC(23)     Dead                           Min: 0, Avg:  0.5, Max: 2, Diff: 2, Sum: 2, Workers: 4
[82.258s][debug][gc,phases      ] GC(23)     Total                          Min: 0, Avg: 12133.2, Max: 25471, Diff: 25471, Sum: 48533, Workers: 4
[82.258s][debug][gc,phases      ] GC(23)   ResolvedMethodTable Weak       Min:  0.0, Avg:  0.0, Max:  0.0, Diff:  0.0, Sum:  0.1, Workers: 4
[82.258s][debug][gc,phases      ] GC(23)     Dead                           Min: 0, Avg:  0.0, Max: 0, Diff: 0, Sum: 0, Workers: 4
[82.258s][debug][gc,phases      ] GC(23)     Total                          Min: 0, Avg: 2025.2, Max: 4120, Diff: 4120, Sum: 8101, Workers: 4
[82.258s][debug][gc,phases      ] GC(23)   JNI Weak                       Min:  0.0, Avg:  0.0, Max:  0.0, Diff:  0.0, Sum:  0.0, Workers: 4
[82.258s][debug][gc,phases      ] GC(23)     Dead                           Min: 0, Avg:  0.0, Max: 0, Diff: 0, Sum: 0, Workers: 4
[82.258s][debug][gc,phases      ] GC(23)     Total                          Min: 0, Avg:  0.0, Max: 0, Diff: 0, Sum: 0, Workers: 4
[82.258s][debug][gc,phases      ] GC(23)   StringDedup Table Weak         Min:  0.0, Avg:  0.0, Max:  0.0, Diff:  0.0, Sum:  0.0, Workers: 4
[82.258s][debug][gc,phases      ] GC(23)     Dead                           Min: 0, Avg:  0.0, Max: 0, Diff: 0, Sum: 0, Workers: 4
[82.258s][debug][gc,phases      ] GC(23)     Total                          Min: 0, Avg:  0.0, Max: 0, Diff: 0, Sum: 0, Workers: 4
[82.258s][debug][gc,phases      ] GC(23)   StringDedup Requests0 Weak     Min:  0.0, Avg:  0.0, Max:  0.0, Diff:  0.0, Sum:  0.0, Workers: 4
[82.258s][debug][gc,phases      ] GC(23)     Dead                           Min: 0, Avg:  0.0, Max: 0, Diff: 0, Sum: 0, Workers: 4
[82.258s][debug][gc,phases      ] GC(23)     Total                          Min: 0, Avg:  0.0, Max: 0, Diff: 0, Sum: 0, Workers: 4
[82.258s][debug][gc,phases      ] GC(23)   StringDedup Requests1 Weak     Min:  0.0, Avg:  0.0, Max:  0.0, Diff:  0.0, Sum:  0.0, Workers: 4
[82.258s][debug][gc,phases      ] GC(23)     Dead                           Min: 0, Avg:  0.0, Max: 0, Diff: 0, Sum: 0, Workers: 4
[82.258s][debug][gc,phases      ] GC(23)     Total                          Min: 0, Avg:  0.0, Max: 0, Diff: 0, Sum: 0, Workers: 4
[82.258s][debug][gc,phases      ] GC(23)   Weak JFR Old Object Samples    Min:  0.0, Avg:  0.0, Max:  0.0, Diff:  0.0, Sum:  0.0, Workers: 4
[82.258s][debug][gc,phases      ] GC(23)     Dead                           Min: 0, Avg:  0.0, Max: 0, Diff: 0, Sum: 0, Workers: 4
[82.258s][debug][gc,phases      ] GC(23)     Total                          Min: 0, Avg:  0.0, Max: 0, Diff: 0, Sum: 0, Workers: 4
[82.258s][debug][gc,phases      ] GC(23) Weak Processing 0.545ms
[82.258s][debug][gc,age         ] GC(23) Desired survivor size 536870912 bytes, new threshold 1 (max threshold 15)
[82.258s][info ][gc,heap        ] GC(23) PSYoungGen: 1048576K(1572864K)->1344K(1572864K) Eden: 1048576K(1048576K)->0K(1048576K) From: 0K(524288K)->1344K(524288K)
[82.259s][info ][gc,heap        ] GC(23) ParOldGen: 285066K(537600K)->285074K(537600K)
[82.259s][info ][gc,metaspace   ] GC(23) Metaspace: 82823K(83648K)->82823K(83648K) NonClass: 71017K(71488K)->71017K(71488K) Class: 11805K(12160K)->11805K(12160K)
[82.259s][info ][gc             ] GC(23) Pause Young (Allocation Failure) 1302M->279M(2061M) 3.366ms
[82.259s][info ][gc,cpu         ] GC(23) User=0.00s Sys=0.00s Real=0.00s
[82.259s][info ][safepoint      ] Safepoint "ParallelGCFailedAllocation", Time since last: 153682069 ns, Reaching safepoint: 31400 ns, At safepoint: 3443815 ns, Total: 3475215 ns
[83.261s][info ][safepoint      ] Safepoint "Cleanup", Time since last: 1000080154 ns, Reaching safepoint: 2127109 ns, At safepoint: 15100 ns, Total: 2142209 ns
[84.261s][info ][safepoint      ] Safepoint "Cleanup", Time since last: 1000103656 ns, Reaching safepoint: 50600 ns, At safepoint: 13100 ns, Total: 63700 ns
[86.261s][info ][safepoint      ] Safepoint "Cleanup", Time since last: 2000180015 ns, Reaching safepoint: 119400 ns, At safepoint: 10100 ns, Total: 129500 ns
[87.261s][info ][safepoint      ] Safepoint "Cleanup", Time since last: 1000108759 ns, Reaching safepoint: 94401 ns, At safepoint: 11500 ns, Total: 105901 ns
[89.262s][info ][safepoint      ] Safepoint "Cleanup", Time since last: 2000162021 ns, Reaching safepoint: 44301 ns, At safepoint: 2500 ns, Total: 46801 ns
[90.262s][info ][safepoint      ] Safepoint "Cleanup", Time since last: 1000100462 ns, Reaching safepoint: 57801 ns, At safepoint: 6100 ns, Total: 63901 ns
[92.262s][info ][safepoint      ] Safepoint "Cleanup", Time since last: 2000160528 ns, Reaching safepoint: 48801 ns, At safepoint: 2500 ns, Total: 51301 ns
[93.262s][info ][safepoint      ] Safepoint "Cleanup", Time since last: 1000111266 ns, Reaching safepoint: 52900 ns, At safepoint: 6700 ns, Total: 59600 ns
[94.262s][info ][safepoint      ] Safepoint "Cleanup", Time since last: 1000083268 ns, Reaching safepoint: 45000 ns, At safepoint: 7500 ns, Total: 52500 ns
[95.263s][info ][safepoint      ] Safepoint "Cleanup", Time since last: 1000091168 ns, Reaching safepoint: 61101 ns, At safepoint: 9500 ns, Total: 70601 ns
[96.263s][info ][safepoint      ] Safepoint "Cleanup", Time since last: 1000095069 ns, Reaching safepoint: 84101 ns, At safepoint: 5400 ns, Total: 89501 ns
[97.507s][info ][safepoint      ] Safepoint "Cleanup", Time since last: 1244602440 ns, Reaching safepoint: 142600 ns, At safepoint: 7800 ns, Total: 150400 ns
[98.508s][info ][safepoint      ] Safepoint "Cleanup", Time since last: 1000109073 ns, Reaching safepoint: 60900 ns, At safepoint: 7800 ns, Total: 68700 ns
[99.508s][info ][safepoint      ] Safepoint "Cleanup", Time since last: 1000103574 ns, Reaching safepoint: 54000 ns, At safepoint: 2100 ns, Total: 56100 ns
[100.508s][info ][safepoint      ] Safepoint "Cleanup", Time since last: 1000106775 ns, Reaching safepoint: 48100 ns, At safepoint: 6000 ns, Total: 54100 ns
[101.508s][info ][safepoint      ] Safepoint "Cleanup", Time since last: 1000111776 ns, Reaching safepoint: 48500 ns, At safepoint: 2200 ns, Total: 50700 ns
[102.508s][info ][safepoint      ] Safepoint "Cleanup", Time since last: 1000102977 ns, Reaching safepoint: 59001 ns, At safepoint: 12000 ns, Total: 71001 ns
[103.508s][info ][safepoint      ] Safepoint "Cleanup", Time since last: 1000100078 ns, Reaching safepoint: 44800 ns, At safepoint: 2900 ns, Total: 47700 ns
[104.509s][info ][safepoint      ] Safepoint "Cleanup", Time since last: 1000062979 ns, Reaching safepoint: 47901 ns, At safepoint: 7300 ns, Total: 55201 ns
[105.509s][info ][safepoint      ] Safepoint "Cleanup", Time since last: 1000109480 ns, Reaching safepoint: 45500 ns, At safepoint: 6201 ns, Total: 51701 ns
[106.509s][info ][safepoint      ] Safepoint "Cleanup", Time since last: 1000097781 ns, Reaching safepoint: 52300 ns, At safepoint: 5301 ns, Total: 57601 ns
[107.509s][info ][safepoint      ] Safepoint "Cleanup", Time since last: 1000103482 ns, Reaching safepoint: 170001 ns, At safepoint: 12200 ns, Total: 182201 ns
[108.509s][info ][safepoint      ] Safepoint "Cleanup", Time since last: 1000116484 ns, Reaching safepoint: 73401 ns, At safepoint: 5300 ns, Total: 78701 ns
[109.510s][info ][safepoint      ] Safepoint "Cleanup", Time since last: 1000094885 ns, Reaching safepoint: 54100 ns, At safepoint: 5800 ns, Total: 59900 ns
[110.033s][info ][safepoint      ] Safepoint "ICBufferFull", Time since last: 523013294 ns, Reaching safepoint: 254101 ns, At safepoint: 9700 ns, Total: 263801 ns
[110.444s][info ][gc,start       ] GC(24) Pause Young (Allocation Failure)
[110.450s][debug][gc,phases      ] GC(24) Scavenge 5.995ms
[110.450s][debug][gc,ref         ] GC(24) Skipped phase 1 of Reference Processing: no references
[110.451s][debug][gc,ref         ] GC(24) ReferenceProcessor::execute queues: 1, RefProcThreadModel::Single, marks_oops_alive: false
[110.451s][debug][gc,ref         ] GC(24) Skipped phase 3 of Reference Processing: no references
[110.451s][debug][gc,ref         ] GC(24) ReferenceProcessor::execute queues: 1, RefProcThreadModel::Single, marks_oops_alive: false
[110.451s][debug][gc,phases      ] GC(24) Reference Processing 0.122ms
[110.451s][debug][gc,phases      ] GC(24)   VM Weak                        Min:  0.0, Avg:  0.0, Max:  0.0, Diff:  0.0, Sum:  0.0, Workers: 4
[110.451s][debug][gc,phases      ] GC(24)     Dead                           Min: 0, Avg:  0.0, Max: 0, Diff: 0, Sum: 0, Workers: 4
[110.451s][debug][gc,phases      ] GC(24)     Total                          Min: 0, Avg: 172.0, Max: 368, Diff: 368, Sum: 688, Workers: 4
[110.451s][debug][gc,phases      ] GC(24)   ObjectSynchronizer Weak        Min:  0.0, Avg:  0.0, Max:  0.0, Diff:  0.0, Sum:  0.0, Workers: 4
[110.451s][debug][gc,phases      ] GC(24)     Dead                           Min: 0, Avg:  0.0, Max: 0, Diff: 0, Sum: 0, Workers: 4
[110.451s][debug][gc,phases      ] GC(24)     Total                          Min: 0, Avg: 78.8, Max: 192, Diff: 192, Sum: 315, Workers: 4
[110.451s][debug][gc,phases      ] GC(24)   JVMTI Tag Weak OopStorage      Min:  0.0, Avg:  0.0, Max:  0.0, Diff:  0.0, Sum:  0.0, Workers: 4
[110.451s][debug][gc,phases      ] GC(24)     Dead                           Min: 0, Avg:  0.0, Max: 0, Diff: 0, Sum: 0, Workers: 4
[110.451s][debug][gc,phases      ] GC(24)     Total                          Min: 0, Avg:  0.0, Max: 0, Diff: 0, Sum: 0, Workers: 4
[110.451s][debug][gc,phases      ] GC(24)   StringTable Weak               Min:  0.1, Avg:  0.1, Max:  0.1, Diff:  0.0, Sum:  0.4, Workers: 4
[110.451s][debug][gc,phases      ] GC(24)     Dead                           Min: 0, Avg:  0.8, Max: 2, Diff: 2, Sum: 3, Workers: 4
[110.451s][debug][gc,phases      ] GC(24)     Total                          Min: 9472, Avg: 12182.2, Max: 14976, Diff: 5504, Sum: 48729, Workers: 4
[110.451s][debug][gc,phases      ] GC(24)   ResolvedMethodTable Weak       Min:  0.0, Avg:  0.0, Max:  0.0, Diff:  0.0, Sum:  0.1, Workers: 4
[110.451s][debug][gc,phases      ] GC(24)     Dead                           Min: 0, Avg:  0.2, Max: 1, Diff: 1, Sum: 1, Workers: 4
[110.451s][debug][gc,phases      ] GC(24)     Total                          Min: 1536, Avg: 2075.0, Max: 2624, Diff: 1088, Sum: 8300, Workers: 4
[110.451s][debug][gc,phases      ] GC(24)   JNI Weak                       Min:  0.0, Avg:  0.0, Max:  0.0, Diff:  0.0, Sum:  0.0, Workers: 4
[110.451s][debug][gc,phases      ] GC(24)     Dead                           Min: 0, Avg:  0.0, Max: 0, Diff: 0, Sum: 0, Workers: 4
[110.451s][debug][gc,phases      ] GC(24)     Total                          Min: 0, Avg:  3.5, Max: 14, Diff: 14, Sum: 14, Workers: 4
[110.451s][debug][gc,phases      ] GC(24)   StringDedup Table Weak         Min:  0.0, Avg:  0.0, Max:  0.0, Diff:  0.0, Sum:  0.0, Workers: 4
[110.451s][debug][gc,phases      ] GC(24)     Dead                           Min: 0, Avg:  0.0, Max: 0, Diff: 0, Sum: 0, Workers: 4
[110.451s][debug][gc,phases      ] GC(24)     Total                          Min: 0, Avg:  0.0, Max: 0, Diff: 0, Sum: 0, Workers: 4
[110.451s][debug][gc,phases      ] GC(24)   StringDedup Requests0 Weak     Min:  0.0, Avg:  0.0, Max:  0.0, Diff:  0.0, Sum:  0.0, Workers: 4
[110.451s][debug][gc,phases      ] GC(24)     Dead                           Min: 0, Avg:  0.0, Max: 0, Diff: 0, Sum: 0, Workers: 4
[110.451s][debug][gc,phases      ] GC(24)     Total                          Min: 0, Avg:  0.0, Max: 0, Diff: 0, Sum: 0, Workers: 4
[110.451s][debug][gc,phases      ] GC(24)   StringDedup Requests1 Weak     Min:  0.0, Avg:  0.0, Max:  0.0, Diff:  0.0, Sum:  0.0, Workers: 4
[110.451s][debug][gc,phases      ] GC(24)     Dead                           Min: 0, Avg:  0.0, Max: 0, Diff: 0, Sum: 0, Workers: 4
[110.451s][debug][gc,phases      ] GC(24)     Total                          Min: 0, Avg:  0.0, Max: 0, Diff: 0, Sum: 0, Workers: 4
[110.451s][debug][gc,phases      ] GC(24)   Weak JFR Old Object Samples    Min:  0.0, Avg:  0.0, Max:  0.0, Diff:  0.0, Sum:  0.0, Workers: 4
[110.451s][debug][gc,phases      ] GC(24)     Dead                           Min: 0, Avg:  0.0, Max: 0, Diff: 0, Sum: 0, Workers: 4
[110.451s][debug][gc,phases      ] GC(24)     Total                          Min: 0, Avg:  0.0, Max: 0, Diff: 0, Sum: 0, Workers: 4
[110.451s][debug][gc,phases      ] GC(24) Weak Processing 0.298ms
[110.451s][debug][gc,age         ] GC(24) Desired survivor size 536870912 bytes, new threshold 1 (max threshold 15)
[110.451s][info ][gc,heap        ] GC(24) PSYoungGen: 1049920K(1572864K)->13822K(1572864K) Eden: 1048576K(1048576K)->0K(1048576K) From: 1344K(524288K)->13822K(524288K)
[110.451s][info ][gc,heap        ] GC(24) ParOldGen: 285074K(537600K)->285775K(537600K)
[110.451s][info ][gc,metaspace   ] GC(24) Metaspace: 83500K(84352K)->83500K(84352K) NonClass: 71589K(72064K)->71589K(72064K) Class: 11911K(12288K)->11911K(12288K)
[110.451s][info ][gc             ] GC(24) Pause Young (Allocation Failure) 1303M->292M(2061M) 6.522ms
[110.451s][info ][gc,cpu         ] GC(24) User=0.03s Sys=0.00s Real=0.01s
[110.451s][info ][safepoint      ] Safepoint "ParallelGCFailedAllocation", Time since last: 411496605 ns, Reaching safepoint: 40300 ns, At safepoint: 6588429 ns, Total: 6628729 ns
[110.806s][info ][safepoint      ] Safepoint "ICBufferFull", Time since last: 355021257 ns, Reaching safepoint: 218301 ns, At safepoint: 29400 ns, Total: 247701 ns
[110.961s][info ][safepoint      ] Safepoint "ICBufferFull", Time since last: 154277877 ns, Reaching safepoint: 276101 ns, At safepoint: 9900 ns, Total: 286001 ns
[111.131s][info ][safepoint      ] Safepoint "ICBufferFull", Time since last: 169585745 ns, Reaching safepoint: 206700 ns, At safepoint: 10500 ns, Total: 217200 ns
[111.410s][info ][safepoint      ] Safepoint "ICBufferFull", Time since last: 278698623 ns, Reaching safepoint: 243101 ns, At safepoint: 22100 ns, Total: 265201 ns
[111.880s][info ][safepoint      ] Safepoint "ICBufferFull", Time since last: 470429464 ns, Reaching safepoint: 188001 ns, At safepoint: 6600 ns, Total: 194601 ns
[112.848s][info ][safepoint      ] Safepoint "ICBufferFull", Time since last: 967165845 ns, Reaching safepoint: 252701 ns, At safepoint: 9500 ns, Total: 262201 ns
[113.848s][info ][safepoint      ] Safepoint "Cleanup", Time since last: 1000114990 ns, Reaching safepoint: 122101 ns, At safepoint: 9900 ns, Total: 132001 ns
[114.848s][info ][safepoint      ] Safepoint "Cleanup", Time since last: 1000101491 ns, Reaching safepoint: 53000 ns, At safepoint: 11700 ns, Total: 64700 ns
[115.848s][info ][safepoint      ] Safepoint "Cleanup", Time since last: 1000102593 ns, Reaching safepoint: 55200 ns, At safepoint: 3500 ns, Total: 58700 ns
[116.848s][info ][safepoint      ] Safepoint "Cleanup", Time since last: 1000110494 ns, Reaching safepoint: 167400 ns, At safepoint: 8800 ns, Total: 176200 ns
[117.849s][info ][safepoint      ] Safepoint "Cleanup", Time since last: 1000106595 ns, Reaching safepoint: 164901 ns, At safepoint: 9000 ns, Total: 173901 ns
[119.849s][info ][safepoint      ] Safepoint "Cleanup", Time since last: 2000169393 ns, Reaching safepoint: 178400 ns, At safepoint: 8300 ns, Total: 186700 ns
[120.849s][info ][safepoint      ] Safepoint "Cleanup", Time since last: 1000116199 ns, Reaching safepoint: 123600 ns, At safepoint: 9600 ns, Total: 133200 ns
[121.850s][info ][safepoint      ] Safepoint "Cleanup", Time since last: 1000106099 ns, Reaching safepoint: 121601 ns, At safepoint: 12900 ns, Total: 134501 ns
[122.957s][info ][safepoint      ] Safepoint "Cleanup", Time since last: 1107150372 ns, Reaching safepoint: 50600 ns, At safepoint: 6400 ns, Total: 57000 ns
[123.957s][info ][safepoint      ] Safepoint "Cleanup", Time since last: 1000099801 ns, Reaching safepoint: 67701 ns, At safepoint: 5100 ns, Total: 72801 ns
[124.957s][info ][safepoint      ] Safepoint "Cleanup", Time since last: 1000099202 ns, Reaching safepoint: 41801 ns, At safepoint: 10800 ns, Total: 52601 ns
[125.499s][info ][gc,start       ] GC(25) Pause Young (Allocation Failure)
[125.508s][debug][gc,phases      ] GC(25) Scavenge 9.094ms
[125.508s][debug][gc,ref         ] GC(25) Skipped phase 1 of Reference Processing: no references
[125.508s][debug][gc,ref         ] GC(25) ReferenceProcessor::execute queues: 1, RefProcThreadModel::Single, marks_oops_alive: false
[125.508s][debug][gc,ref         ] GC(25) Skipped phase 3 of Reference Processing: no references
[125.508s][debug][gc,ref         ] GC(25) ReferenceProcessor::execute queues: 1, RefProcThreadModel::Single, marks_oops_alive: false
[125.508s][debug][gc,phases      ] GC(25) Reference Processing 0.140ms
[125.508s][debug][gc,phases      ] GC(25)   VM Weak                        Min:  0.0, Avg:  0.0, Max:  0.0, Diff:  0.0, Sum:  0.0, Workers: 4
[125.508s][debug][gc,phases      ] GC(25)     Dead                           Min: 0, Avg:  0.0, Max: 0, Diff: 0, Sum: 0, Workers: 4
[125.508s][debug][gc,phases      ] GC(25)     Total                          Min: 0, Avg: 192.0, Max: 576, Diff: 576, Sum: 768, Workers: 4
[125.508s][debug][gc,phases      ] GC(25)   ObjectSynchronizer Weak        Min:  0.0, Avg:  0.0, Max:  0.0, Diff:  0.0, Sum:  0.0, Workers: 4
[125.508s][debug][gc,phases      ] GC(25)     Dead                           Min: 0, Avg:  3.8, Max: 12, Diff: 12, Sum: 15, Workers: 4
[125.508s][debug][gc,phases      ] GC(25)     Total                          Min: 0, Avg: 87.8, Max: 192, Diff: 192, Sum: 351, Workers: 4
[125.508s][debug][gc,phases      ] GC(25)   JVMTI Tag Weak OopStorage      Min:  0.0, Avg:  0.0, Max:  0.0, Diff:  0.0, Sum:  0.0, Workers: 4
[125.508s][debug][gc,phases      ] GC(25)     Dead                           Min: 0, Avg:  0.0, Max: 0, Diff: 0, Sum: 0, Workers: 4
[125.508s][debug][gc,phases      ] GC(25)     Total                          Min: 0, Avg:  0.0, Max: 0, Diff: 0, Sum: 0, Workers: 4
[125.508s][debug][gc,phases      ] GC(25)   StringTable Weak               Min:  0.1, Avg:  0.1, Max:  0.1, Diff:  0.0, Sum:  0.4, Workers: 4
[125.508s][debug][gc,phases      ] GC(25)     Dead                           Min: 0, Avg:  2.2, Max: 4, Diff: 4, Sum: 9, Workers: 4
[125.508s][debug][gc,phases      ] GC(25)     Total                          Min: 10432, Avg: 12289.5, Max: 14726, Diff: 4294, Sum: 49158, Workers: 4
[125.508s][debug][gc,phases      ] GC(25)   ResolvedMethodTable Weak       Min:  0.0, Avg:  0.0, Max:  0.0, Diff:  0.0, Sum:  0.1, Workers: 4
[125.508s][debug][gc,phases      ] GC(25)     Dead                           Min: 0, Avg: 11.8, Max: 24, Diff: 24, Sum: 47, Workers: 4
[125.508s][debug][gc,phases      ] GC(25)     Total                          Min: 1792, Avg: 2188.2, Max: 2545, Diff: 753, Sum: 8753, Workers: 4
[125.509s][debug][gc,phases      ] GC(25)   JNI Weak                       Min:  0.0, Avg:  0.0, Max:  0.0, Diff:  0.0, Sum:  0.0, Workers: 4
[125.509s][debug][gc,phases      ] GC(25)     Dead                           Min: 0, Avg:  0.0, Max: 0, Diff: 0, Sum: 0, Workers: 4
[125.509s][debug][gc,phases      ] GC(25)     Total                          Min: 0, Avg:  0.0, Max: 0, Diff: 0, Sum: 0, Workers: 4
[125.509s][debug][gc,phases      ] GC(25)   StringDedup Table Weak         Min:  0.0, Avg:  0.0, Max:  0.0, Diff:  0.0, Sum:  0.0, Workers: 4
[125.509s][debug][gc,phases      ] GC(25)     Dead                           Min: 0, Avg:  0.0, Max: 0, Diff: 0, Sum: 0, Workers: 4
[125.509s][debug][gc,phases      ] GC(25)     Total                          Min: 0, Avg:  0.0, Max: 0, Diff: 0, Sum: 0, Workers: 4
[125.509s][debug][gc,phases      ] GC(25)   StringDedup Requests0 Weak     Min:  0.0, Avg:  0.0, Max:  0.0, Diff:  0.0, Sum:  0.0, Workers: 4
[125.509s][debug][gc,phases      ] GC(25)     Dead                           Min: 0, Avg:  0.0, Max: 0, Diff: 0, Sum: 0, Workers: 4
[125.509s][debug][gc,phases      ] GC(25)     Total                          Min: 0, Avg:  0.0, Max: 0, Diff: 0, Sum: 0, Workers: 4
[125.509s][debug][gc,phases      ] GC(25)   StringDedup Requests1 Weak     Min:  0.0, Avg:  0.0, Max:  0.0, Diff:  0.0, Sum:  0.0, Workers: 4
[125.509s][debug][gc,phases      ] GC(25)     Dead                           Min: 0, Avg:  0.0, Max: 0, Diff: 0, Sum: 0, Workers: 4
[125.509s][debug][gc,phases      ] GC(25)     Total                          Min: 0, Avg:  0.0, Max: 0, Diff: 0, Sum: 0, Workers: 4
[125.509s][debug][gc,phases      ] GC(25)   Weak JFR Old Object Samples    Min:  0.0, Avg:  0.0, Max:  0.0, Diff:  0.0, Sum:  0.0, Workers: 4
[125.509s][debug][gc,phases      ] GC(25)     Dead                           Min: 0, Avg:  0.0, Max: 0, Diff: 0, Sum: 0, Workers: 4
[125.509s][debug][gc,phases      ] GC(25)     Total                          Min: 0, Avg:  0.0, Max: 0, Diff: 0, Sum: 0, Workers: 4
[125.509s][debug][gc,phases      ] GC(25) Weak Processing 0.324ms
[125.509s][debug][gc,age         ] GC(25) Desired survivor size 536870912 bytes, new threshold 1 (max threshold 15)
[125.509s][info ][gc,heap        ] GC(25) PSYoungGen: 1062398K(1572864K)->11627K(1572864K) Eden: 1048576K(1048576K)->0K(1048576K) From: 13822K(524288K)->11627K(524288K)
[125.509s][info ][gc,heap        ] GC(25) ParOldGen: 285775K(537600K)->294298K(537600K)
[125.509s][info ][gc,metaspace   ] GC(25) Metaspace: 85387K(86336K)->85387K(86336K) NonClass: 73196K(73728K)->73196K(73728K) Class: 12191K(12608K)->12191K(12608K)
[125.509s][info ][gc             ] GC(25) Pause Young (Allocation Failure) 1316M->298M(2061M) 9.651ms
[125.509s][info ][gc,cpu         ] GC(25) User=0.04s Sys=0.00s Real=0.01s
[125.509s][info ][safepoint      ] Safepoint "ParallelGCFailedAllocation", Time since last: 541698985 ns, Reaching safepoint: 129800 ns, At safepoint: 9731843 ns, Total: 9861643 ns
[127.210s][info ][safepoint      ] Safepoint "Cleanup", Time since last: 1700975792 ns, Reaching safepoint: 179401 ns, At safepoint: 7900 ns, Total: 187301 ns
[128.210s][info ][safepoint      ] Safepoint "Cleanup", Time since last: 1000115606 ns, Reaching safepoint: 45500 ns, At safepoint: 8000 ns, Total: 53500 ns
[129.210s][info ][safepoint      ] Safepoint "Cleanup", Time since last: 1000107608 ns, Reaching safepoint: 56100 ns, At safepoint: 5100 ns, Total: 61200 ns
[130.210s][info ][safepoint      ] Safepoint "Cleanup", Time since last: 1000106809 ns, Reaching safepoint: 106800 ns, At safepoint: 6200 ns, Total: 113000 ns
[131.211s][info ][safepoint      ] Safepoint "Cleanup", Time since last: 1000107710 ns, Reaching safepoint: 72400 ns, At safepoint: 6200 ns, Total: 78600 ns
[132.211s][info ][safepoint      ] Safepoint "Cleanup", Time since last: 1000098711 ns, Reaching safepoint: 52900 ns, At safepoint: 2600 ns, Total: 55500 ns
[133.211s][info ][safepoint      ] Safepoint "Cleanup", Time since last: 1000109112 ns, Reaching safepoint: 46400 ns, At safepoint: 5300 ns, Total: 51700 ns
[134.211s][info ][safepoint      ] Safepoint "Cleanup", Time since last: 1000104813 ns, Reaching safepoint: 46500 ns, At safepoint: 2600 ns, Total: 49100 ns
[135.211s][info ][safepoint      ] Safepoint "Cleanup", Time since last: 1000108814 ns, Reaching safepoint: 44800 ns, At safepoint: 2200 ns, Total: 47000 ns
[136.211s][info ][safepoint      ] Safepoint "Cleanup", Time since last: 1000098215 ns, Reaching safepoint: 48401 ns, At safepoint: 2400 ns, Total: 50801 ns
[137.211s][info ][safepoint      ] Safepoint "Cleanup", Time since last: 1000098716 ns, Reaching safepoint: 54200 ns, At safepoint: 8100 ns, Total: 62300 ns
[138.212s][info ][safepoint      ] Safepoint "Cleanup", Time since last: 1000104617 ns, Reaching safepoint: 48901 ns, At safepoint: 2900 ns, Total: 51801 ns
[139.212s][info ][safepoint      ] Safepoint "Cleanup", Time since last: 1000108018 ns, Reaching safepoint: 57600 ns, At safepoint: 5600 ns, Total: 63200 ns
[140.212s][info ][safepoint      ] Safepoint "Cleanup", Time since last: 1000108520 ns, Reaching safepoint: 56000 ns, At safepoint: 3000 ns, Total: 59000 ns
[141.212s][info ][safepoint      ] Safepoint "Cleanup", Time since last: 1000130421 ns, Reaching safepoint: 61600 ns, At safepoint: 7200 ns, Total: 68800 ns
[142.212s][info ][safepoint      ] Safepoint "Cleanup", Time since last: 1000104522 ns, Reaching safepoint: 66400 ns, At safepoint: 4500 ns, Total: 70900 ns
[143.213s][info ][safepoint      ] Safepoint "Cleanup", Time since last: 1000107523 ns, Reaching safepoint: 60300 ns, At safepoint: 5800 ns, Total: 66100 ns
[144.213s][info ][safepoint      ] Safepoint "Cleanup", Time since last: 1000101524 ns, Reaching safepoint: 60800 ns, At safepoint: 9900 ns, Total: 70700 ns
[145.213s][info ][safepoint      ] Safepoint "Cleanup", Time since last: 1000100725 ns, Reaching safepoint: 61200 ns, At safepoint: 6900 ns, Total: 68100 ns
[146.213s][info ][safepoint      ] Safepoint "Cleanup", Time since last: 1000104326 ns, Reaching safepoint: 103800 ns, At safepoint: 8900 ns, Total: 112700 ns
[147.213s][info ][safepoint      ] Safepoint "Cleanup", Time since last: 1000102227 ns, Reaching safepoint: 83501 ns, At safepoint: 6700 ns, Total: 90201 ns
[148.213s][info ][safepoint      ] Safepoint "Cleanup", Time since last: 1000100428 ns, Reaching safepoint: 52900 ns, At safepoint: 6700 ns, Total: 59600 ns
[149.214s][info ][safepoint      ] Safepoint "Cleanup", Time since last: 1000096129 ns, Reaching safepoint: 45700 ns, At safepoint: 10000 ns, Total: 55700 ns
[150.214s][info ][safepoint      ] Safepoint "Cleanup", Time since last: 1000083030 ns, Reaching safepoint: 49801 ns, At safepoint: 4200 ns, Total: 54001 ns
[151.214s][info ][safepoint      ] Safepoint "Cleanup", Time since last: 1000110031 ns, Reaching safepoint: 49100 ns, At safepoint: 3000 ns, Total: 52100 ns
[152.214s][info ][safepoint      ] Safepoint "Cleanup", Time since last: 1000068432 ns, Reaching safepoint: 48100 ns, At safepoint: 5200 ns, Total: 53300 ns
[152.777s][info ][gc,start       ] GC(26) Pause Young (Allocation Failure)
[152.784s][debug][gc,phases      ] GC(26) Scavenge 7.064ms
[152.784s][debug][gc,ref         ] GC(26) Skipped phase 1 of Reference Processing: no references
[152.785s][debug][gc,ref         ] GC(26) ReferenceProcessor::execute queues: 1, RefProcThreadModel::Single, marks_oops_alive: false
[152.785s][debug][gc,ref         ] GC(26) Skipped phase 3 of Reference Processing: no references
[152.785s][debug][gc,ref         ] GC(26) ReferenceProcessor::execute queues: 1, RefProcThreadModel::Single, marks_oops_alive: false
[152.785s][debug][gc,phases      ] GC(26) Reference Processing 0.090ms
[152.785s][debug][gc,phases      ] GC(26)   VM Weak                        Min:  0.0, Avg:  0.0, Max:  0.0, Diff:  0.0, Sum:  0.0, Workers: 4
[152.785s][debug][gc,phases      ] GC(26)     Dead                           Min: 0, Avg:  0.0, Max: 0, Diff: 0, Sum: 0, Workers: 4
[152.785s][debug][gc,phases      ] GC(26)     Total                          Min: 0, Avg: 193.0, Max: 640, Diff: 640, Sum: 772, Workers: 4
[152.785s][debug][gc,phases      ] GC(26)   ObjectSynchronizer Weak        Min:  0.0, Avg:  0.0, Max:  0.0, Diff:  0.0, Sum:  0.0, Workers: 4
[152.785s][debug][gc,phases      ] GC(26)     Dead                           Min: 0, Avg:  0.0, Max: 0, Diff: 0, Sum: 0, Workers: 4
[152.785s][debug][gc,phases      ] GC(26)     Total                          Min: 0, Avg: 88.2, Max: 192, Diff: 192, Sum: 353, Workers: 4
[152.785s][debug][gc,phases      ] GC(26)   JVMTI Tag Weak OopStorage      Min:  0.0, Avg:  0.0, Max:  0.0, Diff:  0.0, Sum:  0.0, Workers: 4
[152.785s][debug][gc,phases      ] GC(26)     Dead                           Min: 0, Avg:  0.0, Max: 0, Diff: 0, Sum: 0, Workers: 4
[152.785s][debug][gc,phases      ] GC(26)     Total                          Min: 0, Avg:  0.0, Max: 0, Diff: 0, Sum: 0, Workers: 4
[152.785s][debug][gc,phases      ] GC(26)   StringTable Weak               Min:  0.1, Avg:  0.1, Max:  0.1, Diff:  0.0, Sum:  0.5, Workers: 4
[152.785s][debug][gc,phases      ] GC(26)     Dead                           Min: 0, Avg:  0.2, Max: 1, Diff: 1, Sum: 1, Workers: 4
[152.785s][debug][gc,phases      ] GC(26)     Total                          Min: 11648, Avg: 12305.2, Max: 13568, Diff: 1920, Sum: 49221, Workers: 4
[152.785s][debug][gc,phases      ] GC(26)   ResolvedMethodTable Weak       Min:  0.0, Avg:  0.0, Max:  0.0, Diff:  0.0, Sum:  0.1, Workers: 4
[152.785s][debug][gc,phases      ] GC(26)     Dead                           Min: 0, Avg:  0.0, Max: 0, Diff: 0, Sum: 0, Workers: 4
[152.785s][debug][gc,phases      ] GC(26)     Total                          Min: 2048, Avg: 2193.8, Max: 2368, Diff: 320, Sum: 8775, Workers: 4
[152.785s][debug][gc,phases      ] GC(26)   JNI Weak                       Min:  0.0, Avg:  0.0, Max:  0.0, Diff:  0.0, Sum:  0.0, Workers: 4
[152.785s][debug][gc,phases      ] GC(26)     Dead                           Min: 0, Avg:  0.0, Max: 0, Diff: 0, Sum: 0, Workers: 4
[152.785s][debug][gc,phases      ] GC(26)     Total                          Min: 0, Avg:  1.0, Max: 4, Diff: 4, Sum: 4, Workers: 4
[152.785s][debug][gc,phases      ] GC(26)   StringDedup Table Weak         Min:  0.0, Avg:  0.0, Max:  0.0, Diff:  0.0, Sum:  0.0, Workers: 4
[152.785s][debug][gc,phases      ] GC(26)     Dead                           Min: 0, Avg:  0.0, Max: 0, Diff: 0, Sum: 0, Workers: 4
[152.785s][debug][gc,phases      ] GC(26)     Total                          Min: 0, Avg:  0.0, Max: 0, Diff: 0, Sum: 0, Workers: 4
[152.785s][debug][gc,phases      ] GC(26)   StringDedup Requests0 Weak     Min:  0.0, Avg:  0.0, Max:  0.0, Diff:  0.0, Sum:  0.0, Workers: 4
[152.785s][debug][gc,phases      ] GC(26)     Dead                           Min: 0, Avg:  0.0, Max: 0, Diff: 0, Sum: 0, Workers: 4
[152.785s][debug][gc,phases      ] GC(26)     Total                          Min: 0, Avg:  0.0, Max: 0, Diff: 0, Sum: 0, Workers: 4
[152.785s][debug][gc,phases      ] GC(26)   StringDedup Requests1 Weak     Min:  0.0, Avg:  0.0, Max:  0.0, Diff:  0.0, Sum:  0.0, Workers: 4
[152.785s][debug][gc,phases      ] GC(26)     Dead                           Min: 0, Avg:  0.0, Max: 0, Diff: 0, Sum: 0, Workers: 4
[152.785s][debug][gc,phases      ] GC(26)     Total                          Min: 0, Avg:  0.0, Max: 0, Diff: 0, Sum: 0, Workers: 4
[152.785s][debug][gc,phases      ] GC(26)   Weak JFR Old Object Samples    Min:  0.0, Avg:  0.0, Max:  0.0, Diff:  0.0, Sum:  0.0, Workers: 4
[152.785s][debug][gc,phases      ] GC(26)     Dead                           Min: 0, Avg:  0.0, Max: 0, Diff: 0, Sum: 0, Workers: 4
[152.785s][debug][gc,phases      ] GC(26)     Total                          Min: 0, Avg:  0.0, Max: 0, Diff: 0, Sum: 0, Workers: 4
[152.785s][debug][gc,phases      ] GC(26) Weak Processing 0.314ms
[152.785s][debug][gc,age         ] GC(26) Desired survivor size 536870912 bytes, new threshold 1 (max threshold 15)
[152.785s][info ][gc,heap        ] GC(26) PSYoungGen: 1060203K(1572864K)->4672K(1572864K) Eden: 1048576K(1048576K)->0K(1048576K) From: 11627K(524288K)->4672K(524288K)
[152.785s][info ][gc,heap        ] GC(26) ParOldGen: 294298K(537600K)->305062K(537600K)
[152.785s][info ][gc,metaspace   ] GC(26) Metaspace: 85599K(86528K)->85599K(86528K) NonClass: 73399K(73920K)->73399K(73920K) Class: 12199K(12608K)->12199K(12608K)
[152.785s][info ][gc             ] GC(26) Pause Young (Allocation Failure) 1322M->302M(2061M) 7.583ms
[152.785s][info ][gc,cpu         ] GC(26) User=0.03s Sys=0.00s Real=0.01s
[152.785s][info ][safepoint      ] Safepoint "ParallelGCFailedAllocation", Time since last: 563207597 ns, Reaching safepoint: 67200 ns, At safepoint: 7661434 ns, Total: 7728634 ns
[153.785s][info ][safepoint      ] Safepoint "Cleanup", Time since last: 1000085034 ns, Reaching safepoint: 214801 ns, At safepoint: 11100 ns, Total: 225901 ns
[154.785s][info ][safepoint      ] Safepoint "Cleanup", Time since last: 1000106135 ns, Reaching safepoint: 86500 ns, At safepoint: 10900 ns, Total: 97400 ns
[155.786s][info ][safepoint      ] Safepoint "Cleanup", Time since last: 1000107536 ns, Reaching safepoint: 88401 ns, At safepoint: 6500 ns, Total: 94901 ns
[156.786s][info ][safepoint      ] Safepoint "Cleanup", Time since last: 1000112537 ns, Reaching safepoint: 63400 ns, At safepoint: 10600 ns, Total: 74000 ns
[157.786s][info ][safepoint      ] Safepoint "Cleanup", Time since last: 1000104938 ns, Reaching safepoint: 61501 ns, At safepoint: 8600 ns, Total: 70101 ns
[159.215s][info ][safepoint      ] Safepoint "Cleanup", Time since last: 1429054943 ns, Reaching safepoint: 184801 ns, At safepoint: 8500 ns, Total: 193301 ns
[160.215s][info ][safepoint      ] Safepoint "Cleanup", Time since last: 1000108741 ns, Reaching safepoint: 65700 ns, At safepoint: 8800 ns, Total: 74500 ns
[161.216s][info ][safepoint      ] Safepoint "Cleanup", Time since last: 1000111142 ns, Reaching safepoint: 89000 ns, At safepoint: 6100 ns, Total: 95100 ns
[162.759s][info ][safepoint      ] Safepoint "Cleanup", Time since last: 1543201256 ns, Reaching safepoint: 142500 ns, At safepoint: 11000 ns, Total: 153500 ns
[163.759s][info ][safepoint      ] Safepoint "Cleanup", Time since last: 1000103645 ns, Reaching safepoint: 199801 ns, At safepoint: 25100 ns, Total: 224901 ns
[164.866s][info ][safepoint      ] Safepoint "Cleanup", Time since last: 1106494118 ns, Reaching safepoint: 131701 ns, At safepoint: 11700 ns, Total: 143401 ns
[165.866s][info ][safepoint      ] Safepoint "Cleanup", Time since last: 1000113646 ns, Reaching safepoint: 68601 ns, At safepoint: 8300 ns, Total: 76901 ns
[166.866s][info ][safepoint      ] Safepoint "Cleanup", Time since last: 1000115347 ns, Reaching safepoint: 50300 ns, At safepoint: 4600 ns, Total: 54900 ns
[167.867s][info ][safepoint      ] Safepoint "Cleanup", Time since last: 1000119749 ns, Reaching safepoint: 59800 ns, At safepoint: 5800 ns, Total: 65600 ns
[169.034s][info ][safepoint      ] Safepoint "Cleanup", Time since last: 1166925492 ns, Reaching safepoint: 118801 ns, At safepoint: 8600 ns, Total: 127401 ns
[170.034s][info ][safepoint      ] Safepoint "Cleanup", Time since last: 1000111651 ns, Reaching safepoint: 70100 ns, At safepoint: 10000 ns, Total: 80100 ns
[171.034s][info ][safepoint      ] Safepoint "Cleanup", Time since last: 1000125252 ns, Reaching safepoint: 51500 ns, At safepoint: 5900 ns, Total: 57400 ns
[172.034s][info ][safepoint      ] Safepoint "Cleanup", Time since last: 1000106753 ns, Reaching safepoint: 100900 ns, At safepoint: 2700 ns, Total: 103600 ns
[172.579s][info ][gc,start       ] GC(27) Pause Young (Allocation Failure)
[172.586s][debug][gc,phases      ] GC(27) Scavenge 6.374ms
[172.586s][debug][gc,ref         ] GC(27) Skipped phase 1 of Reference Processing: no references
[172.586s][debug][gc,ref         ] GC(27) ReferenceProcessor::execute queues: 1, RefProcThreadModel::Single, marks_oops_alive: false
[172.586s][debug][gc,ref         ] GC(27) Skipped phase 3 of Reference Processing: no references
[172.586s][debug][gc,ref         ] GC(27) ReferenceProcessor::execute queues: 1, RefProcThreadModel::Single, marks_oops_alive: false
[172.586s][debug][gc,phases      ] GC(27) Reference Processing 0.107ms
[172.586s][debug][gc,phases      ] GC(27)   VM Weak                        Min:  0.0, Avg:  0.0, Max:  0.0, Diff:  0.0, Sum:  0.0, Workers: 4
[172.586s][debug][gc,phases      ] GC(27)     Dead                           Min: 0, Avg:  0.0, Max: 0, Diff: 0, Sum: 0, Workers: 4
[172.586s][debug][gc,phases      ] GC(27)     Total                          Min: 0, Avg: 195.8, Max: 719, Diff: 719, Sum: 783, Workers: 4
[172.586s][debug][gc,phases      ] GC(27)   ObjectSynchronizer Weak        Min:  0.0, Avg:  0.0, Max:  0.0, Diff:  0.0, Sum:  0.0, Workers: 4
[172.586s][debug][gc,phases      ] GC(27)     Dead                           Min: 0, Avg:  0.0, Max: 0, Diff: 0, Sum: 0, Workers: 4
[172.586s][debug][gc,phases      ] GC(27)     Total                          Min: 0, Avg: 88.8, Max: 163, Diff: 163, Sum: 355, Workers: 4
[172.586s][debug][gc,phases      ] GC(27)   JVMTI Tag Weak OopStorage      Min:  0.0, Avg:  0.0, Max:  0.0, Diff:  0.0, Sum:  0.0, Workers: 4
[172.586s][debug][gc,phases      ] GC(27)     Dead                           Min: 0, Avg:  0.0, Max: 0, Diff: 0, Sum: 0, Workers: 4
[172.586s][debug][gc,phases      ] GC(27)     Total                          Min: 0, Avg:  0.0, Max: 0, Diff: 0, Sum: 0, Workers: 4
[172.586s][debug][gc,phases      ] GC(27)   StringTable Weak               Min:  0.1, Avg:  0.1, Max:  0.1, Diff:  0.0, Sum:  0.5, Workers: 4
[172.586s][debug][gc,phases      ] GC(27)     Dead                           Min: 0, Avg:  0.5, Max: 1, Diff: 1, Sum: 2, Workers: 4
[172.586s][debug][gc,phases      ] GC(27)     Total                          Min: 12096, Avg: 12329.0, Max: 12480, Diff: 384, Sum: 49316, Workers: 4
[172.586s][debug][gc,phases      ] GC(27)   ResolvedMethodTable Weak       Min:  0.0, Avg:  0.0, Max:  0.0, Diff:  0.0, Sum:  0.1, Workers: 4
[172.586s][debug][gc,phases      ] GC(27)     Dead                           Min: 0, Avg:  0.0, Max: 0, Diff: 0, Sum: 0, Workers: 4
[172.586s][debug][gc,phases      ] GC(27)     Total                          Min: 2112, Avg: 2225.8, Max: 2368, Diff: 256, Sum: 8903, Workers: 4
[172.586s][debug][gc,phases      ] GC(27)   JNI Weak                       Min:  0.0, Avg:  0.0, Max:  0.0, Diff:  0.0, Sum:  0.0, Workers: 4
[172.586s][debug][gc,phases      ] GC(27)     Dead                           Min: 0, Avg:  0.0, Max: 0, Diff: 0, Sum: 0, Workers: 4
[172.586s][debug][gc,phases      ] GC(27)     Total                          Min: 0, Avg:  0.0, Max: 0, Diff: 0, Sum: 0, Workers: 4
[172.586s][debug][gc,phases      ] GC(27)   StringDedup Table Weak         Min:  0.0, Avg:  0.0, Max:  0.0, Diff:  0.0, Sum:  0.0, Workers: 4
[172.586s][debug][gc,phases      ] GC(27)     Dead                           Min: 0, Avg:  0.0, Max: 0, Diff: 0, Sum: 0, Workers: 4
[172.586s][debug][gc,phases      ] GC(27)     Total                          Min: 0, Avg:  0.0, Max: 0, Diff: 0, Sum: 0, Workers: 4
[172.586s][debug][gc,phases      ] GC(27)   StringDedup Requests0 Weak     Min:  0.0, Avg:  0.0, Max:  0.0, Diff:  0.0, Sum:  0.0, Workers: 4
[172.586s][debug][gc,phases      ] GC(27)     Dead                           Min: 0, Avg:  0.0, Max: 0, Diff: 0, Sum: 0, Workers: 4
[172.586s][debug][gc,phases      ] GC(27)     Total                          Min: 0, Avg:  0.0, Max: 0, Diff: 0, Sum: 0, Workers: 4
[172.586s][debug][gc,phases      ] GC(27)   StringDedup Requests1 Weak     Min:  0.0, Avg:  0.0, Max:  0.0, Diff:  0.0, Sum:  0.0, Workers: 4
[172.586s][debug][gc,phases      ] GC(27)     Dead                           Min: 0, Avg:  0.0, Max: 0, Diff: 0, Sum: 0, Workers: 4
[172.586s][debug][gc,phases      ] GC(27)     Total                          Min: 0, Avg:  0.0, Max: 0, Diff: 0, Sum: 0, Workers: 4
[172.586s][debug][gc,phases      ] GC(27)   Weak JFR Old Object Samples    Min:  0.0, Avg:  0.0, Max:  0.0, Diff:  0.0, Sum:  0.0, Workers: 4
[172.586s][debug][gc,phases      ] GC(27)     Dead                           Min: 0, Avg:  0.0, Max: 0, Diff: 0, Sum: 0, Workers: 4
[172.586s][debug][gc,phases      ] GC(27)     Total                          Min: 0, Avg:  0.0, Max: 0, Diff: 0, Sum: 0, Workers: 4
[172.586s][debug][gc,phases      ] GC(27) Weak Processing 0.329ms
[172.586s][debug][gc,age         ] GC(27) Desired survivor size 536870912 bytes, new threshold 1 (max threshold 15)
[172.586s][info ][gc,heap        ] GC(27) PSYoungGen: 1053248K(1572864K)->7056K(1572864K) Eden: 1048576K(1048576K)->0K(1048576K) From: 4672K(524288K)->7056K(524288K)
[172.586s][info ][gc,heap        ] GC(27) ParOldGen: 305062K(537600K)->308488K(537600K)
[172.586s][info ][gc,metaspace   ] GC(27) Metaspace: 85986K(86912K)->85986K(86912K) NonClass: 73736K(74240K)->73736K(74240K) Class: 12250K(12672K)->12250K(12672K)
[172.586s][info ][gc             ] GC(27) Pause Young (Allocation Failure) 1326M->308M(2061M) 6.909ms
[172.586s][info ][gc,cpu         ] GC(27) User=0.03s Sys=0.00s Real=0.01s
[172.586s][info ][safepoint      ] Safepoint "ParallelGCFailedAllocation", Time since last: 545232028 ns, Reaching safepoint: 49101 ns, At safepoint: 6990131 ns, Total: 7039232 ns
[173.587s][info ][safepoint      ] Safepoint "Cleanup", Time since last: 1000083754 ns, Reaching safepoint: 80400 ns, At safepoint: 8300 ns, Total: 88700 ns
[174.587s][info ][safepoint      ] Safepoint "Cleanup", Time since last: 1000113456 ns, Reaching safepoint: 50800 ns, At safepoint: 5600 ns, Total: 56400 ns
[175.587s][info ][safepoint      ] Safepoint "Cleanup", Time since last: 1000114856 ns, Reaching safepoint: 66201 ns, At safepoint: 9200 ns, Total: 75401 ns
[176.587s][info ][safepoint      ] Safepoint "Cleanup", Time since last: 1000110257 ns, Reaching safepoint: 59300 ns, At safepoint: 2900 ns, Total: 62200 ns
[177.587s][info ][safepoint      ] Safepoint "Cleanup", Time since last: 1000110559 ns, Reaching safepoint: 50000 ns, At safepoint: 2600 ns, Total: 52600 ns
[178.587s][info ][safepoint      ] Safepoint "Cleanup", Time since last: 1000105060 ns, Reaching safepoint: 51800 ns, At safepoint: 5500 ns, Total: 57300 ns
[179.588s][info ][safepoint      ] Safepoint "Cleanup", Time since last: 1000111960 ns, Reaching safepoint: 52700 ns, At safepoint: 2701 ns, Total: 55401 ns
[180.588s][info ][safepoint      ] Safepoint "Cleanup", Time since last: 1000106661 ns, Reaching safepoint: 59500 ns, At safepoint: 6300 ns, Total: 65800 ns
[181.588s][info ][safepoint      ] Safepoint "Cleanup", Time since last: 1000108163 ns, Reaching safepoint: 52900 ns, At safepoint: 5900 ns, Total: 58800 ns
[182.588s][info ][safepoint      ] Safepoint "Cleanup", Time since last: 1000113063 ns, Reaching safepoint: 50501 ns, At safepoint: 10100 ns, Total: 60601 ns
[183.588s][info ][safepoint      ] Safepoint "Cleanup", Time since last: 1000116064 ns, Reaching safepoint: 73100 ns, At safepoint: 7200 ns, Total: 80300 ns
[184.589s][info ][safepoint      ] Safepoint "Cleanup", Time since last: 1000120266 ns, Reaching safepoint: 77600 ns, At safepoint: 12500 ns, Total: 90100 ns
[185.589s][info ][safepoint      ] Safepoint "Cleanup", Time since last: 1000096067 ns, Reaching safepoint: 48900 ns, At safepoint: 2500 ns, Total: 51400 ns
[186.589s][info ][safepoint      ] Safepoint "Cleanup", Time since last: 1000104967 ns, Reaching safepoint: 44700 ns, At safepoint: 2800 ns, Total: 47500 ns
[187.589s][info ][safepoint      ] Safepoint "Cleanup", Time since last: 1000136869 ns, Reaching safepoint: 62700 ns, At safepoint: 6200 ns, Total: 68900 ns
[188.589s][info ][safepoint      ] Safepoint "Cleanup", Time since last: 1000115270 ns, Reaching safepoint: 52900 ns, At safepoint: 7700 ns, Total: 60600 ns
[189.589s][info ][safepoint      ] Safepoint "Cleanup", Time since last: 1000098270 ns, Reaching safepoint: 45300 ns, At safepoint: 3400 ns, Total: 48700 ns
[190.590s][info ][safepoint      ] Safepoint "Cleanup", Time since last: 1000102972 ns, Reaching safepoint: 49200 ns, At safepoint: 3000 ns, Total: 52200 ns
[191.590s][info ][safepoint      ] Safepoint "Cleanup", Time since last: 1000117372 ns, Reaching safepoint: 54001 ns, At safepoint: 9000 ns, Total: 63001 ns
[192.590s][info ][safepoint      ] Safepoint "Cleanup", Time since last: 1000111773 ns, Reaching safepoint: 54500 ns, At safepoint: 4500 ns, Total: 59000 ns
[193.590s][info ][safepoint      ] Safepoint "Cleanup", Time since last: 1000108974 ns, Reaching safepoint: 95001 ns, At safepoint: 7500 ns, Total: 102501 ns
[195.163s][info ][safepoint      ] Safepoint "Cleanup", Time since last: 1572612237 ns, Reaching safepoint: 154901 ns, At safepoint: 8200 ns, Total: 163101 ns
[196.163s][info ][safepoint      ] Safepoint "Cleanup", Time since last: 1000094277 ns, Reaching safepoint: 49100 ns, At safepoint: 5800 ns, Total: 54900 ns
[197.163s][info ][safepoint      ] Safepoint "Cleanup", Time since last: 1000101878 ns, Reaching safepoint: 52700 ns, At safepoint: 5500 ns, Total: 58200 ns
[198.163s][info ][safepoint      ] Safepoint "Cleanup", Time since last: 1000101679 ns, Reaching safepoint: 136600 ns, At safepoint: 11400 ns, Total: 148000 ns
[199.164s][info ][safepoint      ] Safepoint "Cleanup", Time since last: 1000094180 ns, Reaching safepoint: 50800 ns, At safepoint: 5200 ns, Total: 56000 ns
[200.164s][info ][safepoint      ] Safepoint "Cleanup", Time since last: 1000108281 ns, Reaching safepoint: 64200 ns, At safepoint: 7100 ns, Total: 71300 ns
[201.164s][info ][safepoint      ] Safepoint "Cleanup", Time since last: 1000121982 ns, Reaching safepoint: 60400 ns, At safepoint: 11300 ns, Total: 71700 ns
[202.164s][info ][safepoint      ] Safepoint "Cleanup", Time since last: 1000111083 ns, Reaching safepoint: 64500 ns, At safepoint: 5500 ns, Total: 70000 ns
[203.052s][info ][gc,start       ] GC(28) Pause Young (Allocation Failure)
[203.055s][debug][gc,phases      ] GC(28) Scavenge 3.761ms
[203.055s][debug][gc,ref         ] GC(28) Skipped phase 1 of Reference Processing: no references
[203.055s][debug][gc,ref         ] GC(28) ReferenceProcessor::execute queues: 1, RefProcThreadModel::Single, marks_oops_alive: false
[203.055s][debug][gc,ref         ] GC(28) Skipped phase 3 of Reference Processing: no references
[203.055s][debug][gc,ref         ] GC(28) ReferenceProcessor::execute queues: 1, RefProcThreadModel::Single, marks_oops_alive: false
[203.055s][debug][gc,phases      ] GC(28) Reference Processing 0.093ms
[203.056s][debug][gc,phases      ] GC(28)   VM Weak                        Min:  0.0, Avg:  0.0, Max:  0.0, Diff:  0.0, Sum:  0.0, Workers: 4
[203.056s][debug][gc,phases      ] GC(28)     Dead                           Min: 0, Avg:  0.0, Max: 0, Diff: 0, Sum: 0, Workers: 4
[203.056s][debug][gc,phases      ] GC(28)     Total                          Min: 0, Avg: 197.0, Max: 576, Diff: 576, Sum: 788, Workers: 4
[203.056s][debug][gc,phases      ] GC(28)   ObjectSynchronizer Weak        Min:  0.0, Avg:  0.0, Max:  0.0, Diff:  0.0, Sum:  0.0, Workers: 4
[203.056s][debug][gc,phases      ] GC(28)     Dead                           Min: 0, Avg:  0.0, Max: 0, Diff: 0, Sum: 0, Workers: 4
[203.056s][debug][gc,phases      ] GC(28)     Total                          Min: 0, Avg: 88.8, Max: 192, Diff: 192, Sum: 355, Workers: 4
[203.056s][debug][gc,phases      ] GC(28)   JVMTI Tag Weak OopStorage      Min:  0.0, Avg:  0.0, Max:  0.0, Diff:  0.0, Sum:  0.0, Workers: 4
[203.056s][debug][gc,phases      ] GC(28)     Dead                           Min: 0, Avg:  0.0, Max: 0, Diff: 0, Sum: 0, Workers: 4
[203.056s][debug][gc,phases      ] GC(28)     Total                          Min: 0, Avg:  0.0, Max: 0, Diff: 0, Sum: 0, Workers: 4
[203.056s][debug][gc,phases      ] GC(28)   StringTable Weak               Min:  0.1, Avg:  0.1, Max:  0.1, Diff:  0.0, Sum:  0.3, Workers: 4
[203.056s][debug][gc,phases      ] GC(28)     Dead                           Min: 0, Avg:  0.0, Max: 0, Diff: 0, Sum: 0, Workers: 4
[203.056s][debug][gc,phases      ] GC(28)     Total                          Min: 11681, Avg: 12344.2, Max: 13184, Diff: 1503, Sum: 49377, Workers: 4
[203.056s][debug][gc,phases      ] GC(28)   ResolvedMethodTable Weak       Min:  0.0, Avg:  0.0, Max:  0.0, Diff:  0.0, Sum:  0.1, Workers: 4
[203.056s][debug][gc,phases      ] GC(28)     Dead                           Min: 0, Avg:  0.0, Max: 0, Diff: 0, Sum: 0, Workers: 4
[203.056s][debug][gc,phases      ] GC(28)     Total                          Min: 2012, Avg: 2231.0, Max: 2368, Diff: 356, Sum: 8924, Workers: 4
[203.056s][debug][gc,phases      ] GC(28)   JNI Weak                       Min:  0.0, Avg:  0.0, Max:  0.0, Diff:  0.0, Sum:  0.0, Workers: 4
[203.056s][debug][gc,phases      ] GC(28)     Dead                           Min: 0, Avg:  0.0, Max: 0, Diff: 0, Sum: 0, Workers: 4
[203.056s][debug][gc,phases      ] GC(28)     Total                          Min: 0, Avg:  0.0, Max: 0, Diff: 0, Sum: 0, Workers: 4
[203.056s][debug][gc,phases      ] GC(28)   StringDedup Table Weak         Min:  0.0, Avg:  0.0, Max:  0.0, Diff:  0.0, Sum:  0.0, Workers: 4
[203.056s][debug][gc,phases      ] GC(28)     Dead                           Min: 0, Avg:  0.0, Max: 0, Diff: 0, Sum: 0, Workers: 4
[203.056s][debug][gc,phases      ] GC(28)     Total                          Min: 0, Avg:  0.0, Max: 0, Diff: 0, Sum: 0, Workers: 4
[203.056s][debug][gc,phases      ] GC(28)   StringDedup Requests0 Weak     Min:  0.0, Avg:  0.0, Max:  0.0, Diff:  0.0, Sum:  0.0, Workers: 4
[203.056s][debug][gc,phases      ] GC(28)     Dead                           Min: 0, Avg:  0.0, Max: 0, Diff: 0, Sum: 0, Workers: 4
[203.056s][debug][gc,phases      ] GC(28)     Total                          Min: 0, Avg:  0.0, Max: 0, Diff: 0, Sum: 0, Workers: 4
[203.056s][debug][gc,phases      ] GC(28)   StringDedup Requests1 Weak     Min:  0.0, Avg:  0.0, Max:  0.0, Diff:  0.0, Sum:  0.0, Workers: 4
[203.056s][debug][gc,phases      ] GC(28)     Dead                           Min: 0, Avg:  0.0, Max: 0, Diff: 0, Sum: 0, Workers: 4
[203.056s][debug][gc,phases      ] GC(28)     Total                          Min: 0, Avg:  0.0, Max: 0, Diff: 0, Sum: 0, Workers: 4
[203.056s][debug][gc,phases      ] GC(28)   Weak JFR Old Object Samples    Min:  0.0, Avg:  0.0, Max:  0.0, Diff:  0.0, Sum:  0.0, Workers: 4
[203.056s][debug][gc,phases      ] GC(28)     Dead                           Min: 0, Avg:  0.0, Max: 0, Diff: 0, Sum: 0, Workers: 4
[203.056s][debug][gc,phases      ] GC(28)     Total                          Min: 0, Avg:  0.0, Max: 0, Diff: 0, Sum: 0, Workers: 4
[203.056s][debug][gc,phases      ] GC(28) Weak Processing 0.263ms
[203.056s][debug][gc,age         ] GC(28) Desired survivor size 536870912 bytes, new threshold 1 (max threshold 15)
[203.056s][info ][gc,heap        ] GC(28) PSYoungGen: 1055632K(1572864K)->2160K(1572864K) Eden: 1048576K(1048576K)->0K(1048576K) From: 7056K(524288K)->2160K(524288K)
[203.056s][info ][gc,heap        ] GC(28) ParOldGen: 308488K(537600K)->313598K(537600K)
[203.056s][info ][gc,metaspace   ] GC(28) Metaspace: 86152K(87104K)->86152K(87104K) NonClass: 73893K(74432K)->73893K(74432K) Class: 12258K(12672K)->12258K(12672K)
[203.056s][info ][gc             ] GC(28) Pause Young (Allocation Failure) 1332M->308M(2061M) 4.213ms
[203.056s][info ][gc,cpu         ] GC(28) User=0.01s Sys=0.00s Real=0.00s
[203.056s][info ][safepoint      ] Safepoint "ParallelGCFailedAllocation", Time since last: 887219777 ns, Reaching safepoint: 116601 ns, At safepoint: 4291119 ns, Total: 4407720 ns
[204.056s][info ][safepoint      ] Safepoint "Cleanup", Time since last: 1000075184 ns, Reaching safepoint: 49800 ns, At safepoint: 8200 ns, Total: 58000 ns
[205.056s][info ][safepoint      ] Safepoint "Cleanup", Time since last: 1000115486 ns, Reaching safepoint: 115000 ns, At safepoint: 11400 ns, Total: 126400 ns
[206.056s][info ][safepoint      ] Safepoint "Cleanup", Time since last: 1000101387 ns, Reaching safepoint: 143600 ns, At safepoint: 8100 ns, Total: 151700 ns
[207.057s][info ][safepoint      ] Safepoint "Cleanup", Time since last: 1000092887 ns, Reaching safepoint: 46101 ns, At safepoint: 15900 ns, Total: 62001 ns
[208.057s][info ][safepoint      ] Safepoint "Cleanup", Time since last: 1000101588 ns, Reaching safepoint: 63100 ns, At safepoint: 16600 ns, Total: 79700 ns
[209.057s][info ][safepoint      ] Safepoint "Cleanup", Time since last: 1000097489 ns, Reaching safepoint: 114601 ns, At safepoint: 8400 ns, Total: 123001 ns
[210.057s][info ][safepoint      ] Safepoint "Cleanup", Time since last: 1000058690 ns, Reaching safepoint: 51800 ns, At safepoint: 7900 ns, Total: 59700 ns
[211.057s][info ][safepoint      ] Safepoint "Cleanup", Time since last: 1000110391 ns, Reaching safepoint: 50000 ns, At safepoint: 7700 ns, Total: 57700 ns
[212.057s][info ][safepoint      ] Safepoint "Cleanup", Time since last: 1000104892 ns, Reaching safepoint: 50200 ns, At safepoint: 8400 ns, Total: 58600 ns
[213.058s][info ][safepoint      ] Safepoint "Cleanup", Time since last: 1000094393 ns, Reaching safepoint: 49900 ns, At safepoint: 5900 ns, Total: 55800 ns
[214.058s][info ][safepoint      ] Safepoint "Cleanup", Time since last: 1000104094 ns, Reaching safepoint: 44600 ns, At safepoint: 3600 ns, Total: 48200 ns
[215.058s][info ][safepoint      ] Safepoint "Cleanup", Time since last: 1000106195 ns, Reaching safepoint: 48900 ns, At safepoint: 5700 ns, Total: 54600 ns
[216.058s][info ][safepoint      ] Safepoint "Cleanup", Time since last: 1000099996 ns, Reaching safepoint: 41300 ns, At safepoint: 7800 ns, Total: 49100 ns
[217.058s][info ][safepoint      ] Safepoint "Cleanup", Time since last: 1000101097 ns, Reaching safepoint: 61500 ns, At safepoint: 6100 ns, Total: 67600 ns
[218.058s][info ][safepoint      ] Safepoint "Cleanup", Time since last: 1000110597 ns, Reaching safepoint: 46201 ns, At safepoint: 12500 ns, Total: 58701 ns
[219.059s][info ][safepoint      ] Safepoint "Cleanup", Time since last: 1000104398 ns, Reaching safepoint: 61800 ns, At safepoint: 5900 ns, Total: 67700 ns
[220.059s][info ][safepoint      ] Safepoint "Cleanup", Time since last: 1000115200 ns, Reaching safepoint: 127000 ns, At safepoint: 10200 ns, Total: 137200 ns
[221.059s][info ][safepoint      ] Safepoint "Cleanup", Time since last: 1000111301 ns, Reaching safepoint: 70000 ns, At safepoint: 12000 ns, Total: 82000 ns
[222.059s][info ][safepoint      ] Safepoint "Cleanup", Time since last: 1000110101 ns, Reaching safepoint: 45901 ns, At safepoint: 10200 ns, Total: 56101 ns
[223.059s][info ][safepoint      ] Safepoint "Cleanup", Time since last: 1000101702 ns, Reaching safepoint: 52500 ns, At safepoint: 4400 ns, Total: 56900 ns
[224.059s][info ][safepoint      ] Safepoint "Cleanup", Time since last: 1000100603 ns, Reaching safepoint: 84900 ns, At safepoint: 10600 ns, Total: 95500 ns
[225.060s][info ][safepoint      ] Safepoint "Cleanup", Time since last: 1000135905 ns, Reaching safepoint: 72700 ns, At safepoint: 13500 ns, Total: 86200 ns
[226.060s][info ][safepoint      ] Safepoint "Cleanup", Time since last: 1000109305 ns, Reaching safepoint: 43200 ns, At safepoint: 2800 ns, Total: 46000 ns
[227.060s][info ][safepoint      ] Safepoint "Cleanup", Time since last: 1000104406 ns, Reaching safepoint: 39800 ns, At safepoint: 2400 ns, Total: 42200 ns
[228.060s][info ][safepoint      ] Safepoint "Cleanup", Time since last: 1000113007 ns, Reaching safepoint: 75500 ns, At safepoint: 7900 ns, Total: 83400 ns
[229.060s][info ][safepoint      ] Safepoint "Cleanup", Time since last: 1000107708 ns, Reaching safepoint: 57500 ns, At safepoint: 8400 ns, Total: 65900 ns
[230.061s][info ][safepoint      ] Safepoint "Cleanup", Time since last: 1000107909 ns, Reaching safepoint: 55400 ns, At safepoint: 3100 ns, Total: 58500 ns
[231.061s][info ][safepoint      ] Safepoint "Cleanup", Time since last: 1000123209 ns, Reaching safepoint: 42101 ns, At safepoint: 2000 ns, Total: 44101 ns
[232.061s][info ][safepoint      ] Safepoint "Cleanup", Time since last: 1000060810 ns, Reaching safepoint: 54600 ns, At safepoint: 11100 ns, Total: 65700 ns
[233.061s][info ][safepoint      ] Safepoint "Cleanup", Time since last: 1000107811 ns, Reaching safepoint: 52000 ns, At safepoint: 6301 ns, Total: 58301 ns
[234.791s][info ][safepoint      ] Safepoint "Cleanup", Time since last: 1730183106 ns, Reaching safepoint: 116101 ns, At safepoint: 12000 ns, Total: 128101 ns
[235.792s][info ][safepoint      ] Safepoint "Cleanup", Time since last: 1000109813 ns, Reaching safepoint: 54101 ns, At safepoint: 9400 ns, Total: 63501 ns
[236.792s][info ][safepoint      ] Safepoint "Cleanup", Time since last: 1000060514 ns, Reaching safepoint: 48600 ns, At safepoint: 3600 ns, Total: 52200 ns
[237.104s][info ][gc,start       ] GC(29) Pause Young (Allocation Failure)
[237.107s][debug][gc,phases      ] GC(29) Scavenge 2.409ms
[237.107s][debug][gc,ref         ] GC(29) Skipped phase 1 of Reference Processing: no references
[237.107s][debug][gc,ref         ] GC(29) ReferenceProcessor::execute queues: 1, RefProcThreadModel::Single, marks_oops_alive: false
[237.107s][debug][gc,ref         ] GC(29) Skipped phase 3 of Reference Processing: no references
[237.107s][debug][gc,ref         ] GC(29) ReferenceProcessor::execute queues: 1, RefProcThreadModel::Single, marks_oops_alive: false
[237.107s][debug][gc,phases      ] GC(29) Reference Processing 0.101ms
[237.107s][debug][gc,phases      ] GC(29)   VM Weak                        Min:  0.0, Avg:  0.0, Max:  0.0, Diff:  0.0, Sum:  0.0, Workers: 4
[237.107s][debug][gc,phases      ] GC(29)     Dead                           Min: 0, Avg:  0.0, Max: 0, Diff: 0, Sum: 0, Workers: 4
[237.107s][debug][gc,phases      ] GC(29)     Total                          Min: 0, Avg: 197.0, Max: 660, Diff: 660, Sum: 788, Workers: 4
[237.107s][debug][gc,phases      ] GC(29)   ObjectSynchronizer Weak        Min:  0.0, Avg:  0.0, Max:  0.0, Diff:  0.0, Sum:  0.0, Workers: 4
[237.107s][debug][gc,phases      ] GC(29)     Dead                           Min: 0, Avg:  0.0, Max: 0, Diff: 0, Sum: 0, Workers: 4
[237.107s][debug][gc,phases      ] GC(29)     Total                          Min: 0, Avg: 88.8, Max: 192, Diff: 192, Sum: 355, Workers: 4
[237.107s][debug][gc,phases      ] GC(29)   JVMTI Tag Weak OopStorage      Min:  0.0, Avg:  0.0, Max:  0.0, Diff:  0.0, Sum:  0.0, Workers: 4
[237.107s][debug][gc,phases      ] GC(29)     Dead                           Min: 0, Avg:  0.0, Max: 0, Diff: 0, Sum: 0, Workers: 4
[237.107s][debug][gc,phases      ] GC(29)     Total                          Min: 0, Avg:  0.0, Max: 0, Diff: 0, Sum: 0, Workers: 4
[237.107s][debug][gc,phases      ] GC(29)   StringTable Weak               Min:  0.1, Avg:  0.1, Max:  0.1, Diff:  0.0, Sum:  0.4, Workers: 4
[237.107s][debug][gc,phases      ] GC(29)     Dead                           Min: 0, Avg:  0.0, Max: 0, Diff: 0, Sum: 0, Workers: 4
[237.107s][debug][gc,phases      ] GC(29)     Total                          Min: 10880, Avg: 12361.0, Max: 13540, Diff: 2660, Sum: 49444, Workers: 4
[237.107s][debug][gc,phases      ] GC(29)   ResolvedMethodTable Weak       Min:  0.0, Avg:  0.0, Max:  0.0, Diff:  0.0, Sum:  0.1, Workers: 4
[237.107s][debug][gc,phases      ] GC(29)     Dead                           Min: 0, Avg:  0.0, Max: 0, Diff: 0, Sum: 0, Workers: 4
[237.107s][debug][gc,phases      ] GC(29)     Total                          Min: 1792, Avg: 2231.5, Max: 2432, Diff: 640, Sum: 8926, Workers: 4
[237.107s][debug][gc,phases      ] GC(29)   JNI Weak                       Min:  0.0, Avg:  0.0, Max:  0.0, Diff:  0.0, Sum:  0.0, Workers: 4
[237.107s][debug][gc,phases      ] GC(29)     Dead                           Min: 0, Avg:  0.0, Max: 0, Diff: 0, Sum: 0, Workers: 4
[237.107s][debug][gc,phases      ] GC(29)     Total                          Min: 0, Avg:  0.0, Max: 0, Diff: 0, Sum: 0, Workers: 4
[237.107s][debug][gc,phases      ] GC(29)   StringDedup Table Weak         Min:  0.0, Avg:  0.0, Max:  0.0, Diff:  0.0, Sum:  0.0, Workers: 4
[237.107s][debug][gc,phases      ] GC(29)     Dead                           Min: 0, Avg:  0.0, Max: 0, Diff: 0, Sum: 0, Workers: 4
[237.107s][debug][gc,phases      ] GC(29)     Total                          Min: 0, Avg:  0.0, Max: 0, Diff: 0, Sum: 0, Workers: 4
[237.107s][debug][gc,phases      ] GC(29)   StringDedup Requests0 Weak     Min:  0.0, Avg:  0.0, Max:  0.0, Diff:  0.0, Sum:  0.0, Workers: 4
[237.107s][debug][gc,phases      ] GC(29)     Dead                           Min: 0, Avg:  0.0, Max: 0, Diff: 0, Sum: 0, Workers: 4
[237.107s][debug][gc,phases      ] GC(29)     Total                          Min: 0, Avg:  0.0, Max: 0, Diff: 0, Sum: 0, Workers: 4
[237.107s][debug][gc,phases      ] GC(29)   StringDedup Requests1 Weak     Min:  0.0, Avg:  0.0, Max:  0.0, Diff:  0.0, Sum:  0.0, Workers: 4
[237.107s][debug][gc,phases      ] GC(29)     Dead                           Min: 0, Avg:  0.0, Max: 0, Diff: 0, Sum: 0, Workers: 4
[237.107s][debug][gc,phases      ] GC(29)     Total                          Min: 0, Avg:  0.0, Max: 0, Diff: 0, Sum: 0, Workers: 4
[237.107s][debug][gc,phases      ] GC(29)   Weak JFR Old Object Samples    Min:  0.0, Avg:  0.0, Max:  0.0, Diff:  0.0, Sum:  0.0, Workers: 4
[237.107s][debug][gc,phases      ] GC(29)     Dead                           Min: 0, Avg:  0.0, Max: 0, Diff: 0, Sum: 0, Workers: 4
[237.107s][debug][gc,phases      ] GC(29)     Total                          Min: 0, Avg:  0.0, Max: 0, Diff: 0, Sum: 0, Workers: 4
[237.107s][debug][gc,phases      ] GC(29) Weak Processing 0.283ms
[237.107s][debug][gc,age         ] GC(29) Desired survivor size 536870912 bytes, new threshold 1 (max threshold 15)
[237.107s][info ][gc,heap        ] GC(29) PSYoungGen: 1050736K(1572864K)->2016K(1572864K) Eden: 1048576K(1048576K)->0K(1048576K) From: 2160K(524288K)->2016K(524288K)
[237.107s][info ][gc,heap        ] GC(29) ParOldGen: 313598K(537600K)->314418K(537600K)
[237.107s][info ][gc,metaspace   ] GC(29) Metaspace: 86233K(87168K)->86233K(87168K) NonClass: 73975K(74496K)->73975K(74496K) Class: 12258K(12672K)->12258K(12672K)
[237.107s][info ][gc             ] GC(29) Pause Young (Allocation Failure) 1332M->309M(2061M) 2.891ms
[237.107s][info ][gc,cpu         ] GC(29) User=0.01s Sys=0.00s Real=0.00s
[237.107s][info ][safepoint      ] Safepoint "ParallelGCFailedAllocation", Time since last: 312434611 ns, Reaching safepoint: 30700 ns, At safepoint: 2959013 ns, Total: 2989713 ns
[238.107s][info ][safepoint      ] Safepoint "Cleanup", Time since last: 1000080816 ns, Reaching safepoint: 38600 ns, At safepoint: 2700 ns, Total: 41300 ns
[239.107s][info ][safepoint      ] Safepoint "Cleanup", Time since last: 1000096317 ns, Reaching safepoint: 49200 ns, At safepoint: 4600 ns, Total: 53800 ns
[240.107s][info ][safepoint      ] Safepoint "Cleanup", Time since last: 1000108318 ns, Reaching safepoint: 51200 ns, At safepoint: 4200 ns, Total: 55400 ns
[241.350s][info ][safepoint      ] Safepoint "Cleanup", Time since last: 1242434613 ns, Reaching safepoint: 120301 ns, At safepoint: 9000 ns, Total: 129301 ns
[242.350s][info ][safepoint      ] Safepoint "Cleanup", Time since last: 1000109619 ns, Reaching safepoint: 115901 ns, At safepoint: 11100 ns, Total: 127001 ns
[243.351s][info ][safepoint      ] Safepoint "Cleanup", Time since last: 1000107920 ns, Reaching safepoint: 123701 ns, At safepoint: 13000 ns, Total: 136701 ns
[244.351s][info ][safepoint      ] Safepoint "Cleanup", Time since last: 1000109121 ns, Reaching safepoint: 111401 ns, At safepoint: 10400 ns, Total: 121801 ns
[245.351s][info ][safepoint      ] Safepoint "Cleanup", Time since last: 1000114022 ns, Reaching safepoint: 118901 ns, At safepoint: 10700 ns, Total: 129601 ns
[246.351s][info ][safepoint      ] Safepoint "Cleanup", Time since last: 1000095523 ns, Reaching safepoint: 120900 ns, At safepoint: 9800 ns, Total: 130700 ns
[247.351s][info ][safepoint      ] Safepoint "Cleanup", Time since last: 1000119424 ns, Reaching safepoint: 114401 ns, At safepoint: 29200 ns, Total: 143601 ns
[248.352s][info ][safepoint      ] Safepoint "Cleanup", Time since last: 1000098625 ns, Reaching safepoint: 109400 ns, At safepoint: 9400 ns, Total: 118800 ns
[249.352s][info ][safepoint      ] Safepoint "Cleanup", Time since last: 1000120126 ns, Reaching safepoint: 127701 ns, At safepoint: 10500 ns, Total: 138201 ns
[250.352s][info ][safepoint      ] Safepoint "Cleanup", Time since last: 1000112426 ns, Reaching safepoint: 112501 ns, At safepoint: 6600 ns, Total: 119101 ns
[251.352s][info ][safepoint      ] Safepoint "Cleanup", Time since last: 1000115827 ns, Reaching safepoint: 156701 ns, At safepoint: 7600 ns, Total: 164301 ns
[252.353s][info ][safepoint      ] Safepoint "Cleanup", Time since last: 1000110228 ns, Reaching safepoint: 129501 ns, At safepoint: 19200 ns, Total: 148701 ns
[253.353s][info ][safepoint      ] Safepoint "Cleanup", Time since last: 1000103729 ns, Reaching safepoint: 119801 ns, At safepoint: 9400 ns, Total: 129201 ns
[254.755s][info ][safepoint      ] Safepoint "Cleanup", Time since last: 1401989650 ns, Reaching safepoint: 154501 ns, At safepoint: 9000 ns, Total: 163501 ns
[255.755s][info ][safepoint      ] Safepoint "Cleanup", Time since last: 1000107531 ns, Reaching safepoint: 128901 ns, At safepoint: 14000 ns, Total: 142901 ns
[256.756s][info ][safepoint      ] Safepoint "Cleanup", Time since last: 1000112132 ns, Reaching safepoint: 126601 ns, At safepoint: 8300 ns, Total: 134901 ns
[257.756s][info ][safepoint      ] Safepoint "Cleanup", Time since last: 1000109033 ns, Reaching safepoint: 65300 ns, At safepoint: 9600 ns, Total: 74900 ns
[258.756s][info ][safepoint      ] Safepoint "Cleanup", Time since last: 1000105534 ns, Reaching safepoint: 60200 ns, At safepoint: 5400 ns, Total: 65600 ns
[259.756s][info ][safepoint      ] Safepoint "Cleanup", Time since last: 1000099235 ns, Reaching safepoint: 55100 ns, At safepoint: 5100 ns, Total: 60200 ns
[260.756s][info ][safepoint      ] Safepoint "Cleanup", Time since last: 1000055135 ns, Reaching safepoint: 47801 ns, At safepoint: 5500 ns, Total: 53301 ns
[261.756s][info ][safepoint      ] Safepoint "Cleanup", Time since last: 1000098636 ns, Reaching safepoint: 59000 ns, At safepoint: 10800 ns, Total: 69800 ns
[262.757s][info ][safepoint      ] Safepoint "Cleanup", Time since last: 1000100838 ns, Reaching safepoint: 56300 ns, At safepoint: 8300 ns, Total: 64600 ns
[263.757s][info ][safepoint      ] Safepoint "Cleanup", Time since last: 1000101738 ns, Reaching safepoint: 51200 ns, At safepoint: 2500 ns, Total: 53700 ns
[264.757s][info ][safepoint      ] Safepoint "Cleanup", Time since last: 1000103039 ns, Reaching safepoint: 56600 ns, At safepoint: 11800 ns, Total: 68400 ns
[265.757s][info ][safepoint      ] Safepoint "Cleanup", Time since last: 1000106440 ns, Reaching safepoint: 37000 ns, At safepoint: 3500 ns, Total: 40500 ns
[266.757s][info ][safepoint      ] Safepoint "Cleanup", Time since last: 1000100241 ns, Reaching safepoint: 54700 ns, At safepoint: 2900 ns, Total: 57600 ns
[267.757s][info ][safepoint      ] Safepoint "Cleanup", Time since last: 1000110442 ns, Reaching safepoint: 50700 ns, At safepoint: 3400 ns, Total: 54100 ns
[268.704s][info ][gc,start       ] GC(30) Pause Young (Allocation Failure)
[268.707s][debug][gc,phases      ] GC(30) Scavenge 2.705ms
[268.707s][debug][gc,ref         ] GC(30) Skipped phase 1 of Reference Processing: no references
[268.707s][debug][gc,ref         ] GC(30) ReferenceProcessor::execute queues: 1, RefProcThreadModel::Single, marks_oops_alive: false
[268.707s][debug][gc,ref         ] GC(30) Skipped phase 3 of Reference Processing: no references
[268.707s][debug][gc,ref         ] GC(30) ReferenceProcessor::execute queues: 1, RefProcThreadModel::Single, marks_oops_alive: false
[268.707s][debug][gc,phases      ] GC(30) Reference Processing 0.093ms
[268.707s][debug][gc,phases      ] GC(30)   VM Weak                        Min:  0.0, Avg:  0.0, Max:  0.0, Diff:  0.0, Sum:  0.0, Workers: 4
[268.707s][debug][gc,phases      ] GC(30)     Dead                           Min: 0, Avg:  0.0, Max: 0, Diff: 0, Sum: 0, Workers: 4
[268.707s][debug][gc,phases      ] GC(30)     Total                          Min: 0, Avg: 197.2, Max: 789, Diff: 789, Sum: 789, Workers: 4
[268.707s][debug][gc,phases      ] GC(30)   ObjectSynchronizer Weak        Min:  0.0, Avg:  0.0, Max:  0.0, Diff:  0.0, Sum:  0.0, Workers: 4
[268.707s][debug][gc,phases      ] GC(30)     Dead                           Min: 0, Avg:  0.0, Max: 0, Diff: 0, Sum: 0, Workers: 4
[268.707s][debug][gc,phases      ] GC(30)     Total                          Min: 0, Avg: 88.8, Max: 355, Diff: 355, Sum: 355, Workers: 4
[268.707s][debug][gc,phases      ] GC(30)   JVMTI Tag Weak OopStorage      Min:  0.0, Avg:  0.0, Max:  0.0, Diff:  0.0, Sum:  0.0, Workers: 4
[268.707s][debug][gc,phases      ] GC(30)     Dead                           Min: 0, Avg:  0.0, Max: 0, Diff: 0, Sum: 0, Workers: 4
[268.707s][debug][gc,phases      ] GC(30)     Total                          Min: 0, Avg:  0.0, Max: 0, Diff: 0, Sum: 0, Workers: 4
[268.707s][debug][gc,phases      ] GC(30)   StringTable Weak               Min:  0.1, Avg:  0.1, Max:  0.1, Diff:  0.0, Sum:  0.3, Workers: 4
[268.707s][debug][gc,phases      ] GC(30)     Dead                           Min: 0, Avg:  0.0, Max: 0, Diff: 0, Sum: 0, Workers: 4
[268.707s][debug][gc,phases      ] GC(30)     Total                          Min: 11520, Avg: 12367.8, Max: 13439, Diff: 1919, Sum: 49471, Workers: 4
[268.707s][debug][gc,phases      ] GC(30)   ResolvedMethodTable Weak       Min:  0.0, Avg:  0.0, Max:  0.0, Diff:  0.0, Sum:  0.1, Workers: 4
[268.707s][debug][gc,phases      ] GC(30)     Dead                           Min: 0, Avg:  0.0, Max: 0, Diff: 0, Sum: 0, Workers: 4
[268.707s][debug][gc,phases      ] GC(30)     Total                          Min: 1856, Avg: 2233.2, Max: 2469, Diff: 613, Sum: 8933, Workers: 4
[268.707s][debug][gc,phases      ] GC(30)   JNI Weak                       Min:  0.0, Avg:  0.0, Max:  0.0, Diff:  0.0, Sum:  0.0, Workers: 4
[268.707s][debug][gc,phases      ] GC(30)     Dead                           Min: 0, Avg:  0.0, Max: 0, Diff: 0, Sum: 0, Workers: 4
[268.707s][debug][gc,phases      ] GC(30)     Total                          Min: 0, Avg:  0.0, Max: 0, Diff: 0, Sum: 0, Workers: 4
[268.707s][debug][gc,phases      ] GC(30)   StringDedup Table Weak         Min:  0.0, Avg:  0.0, Max:  0.0, Diff:  0.0, Sum:  0.0, Workers: 4
[268.707s][debug][gc,phases      ] GC(30)     Dead                           Min: 0, Avg:  0.0, Max: 0, Diff: 0, Sum: 0, Workers: 4
[268.707s][debug][gc,phases      ] GC(30)     Total                          Min: 0, Avg:  0.0, Max: 0, Diff: 0, Sum: 0, Workers: 4
[268.707s][debug][gc,phases      ] GC(30)   StringDedup Requests0 Weak     Min:  0.0, Avg:  0.0, Max:  0.0, Diff:  0.0, Sum:  0.0, Workers: 4
[268.707s][debug][gc,phases      ] GC(30)     Dead                           Min: 0, Avg:  0.0, Max: 0, Diff: 0, Sum: 0, Workers: 4
[268.707s][debug][gc,phases      ] GC(30)     Total                          Min: 0, Avg:  0.0, Max: 0, Diff: 0, Sum: 0, Workers: 4
[268.707s][debug][gc,phases      ] GC(30)   StringDedup Requests1 Weak     Min:  0.0, Avg:  0.0, Max:  0.0, Diff:  0.0, Sum:  0.0, Workers: 4
[268.707s][debug][gc,phases      ] GC(30)     Dead                           Min: 0, Avg:  0.0, Max: 0, Diff: 0, Sum: 0, Workers: 4
[268.707s][debug][gc,phases      ] GC(30)     Total                          Min: 0, Avg:  0.0, Max: 0, Diff: 0, Sum: 0, Workers: 4
[268.707s][debug][gc,phases      ] GC(30)   Weak JFR Old Object Samples    Min:  0.0, Avg:  0.0, Max:  0.0, Diff:  0.0, Sum:  0.0, Workers: 4
[268.707s][debug][gc,phases      ] GC(30)     Dead                           Min: 0, Avg:  0.0, Max: 0, Diff: 0, Sum: 0, Workers: 4
[268.707s][debug][gc,phases      ] GC(30)     Total                          Min: 0, Avg:  0.0, Max: 0, Diff: 0, Sum: 0, Workers: 4
[268.707s][debug][gc,phases      ] GC(30) Weak Processing 0.262ms
[268.707s][debug][gc,age         ] GC(30) Desired survivor size 536870912 bytes, new threshold 1 (max threshold 15)
[268.707s][info ][gc,heap        ] GC(30) PSYoungGen: 1050592K(1572864K)->3632K(1572864K) Eden: 1048576K(1048576K)->0K(1048576K) From: 2016K(524288K)->3632K(524288K)
[268.707s][info ][gc,heap        ] GC(30) ParOldGen: 314418K(537600K)->315094K(537600K)
[268.707s][info ][gc,metaspace   ] GC(30) Metaspace: 86301K(87296K)->86301K(87296K) NonClass: 74038K(74624K)->74038K(74624K) Class: 12262K(12672K)->12262K(12672K)
[268.707s][info ][gc             ] GC(30) Pause Young (Allocation Failure) 1333M->311M(2061M) 3.152ms
[268.707s][info ][gc,cpu         ] GC(30) User=0.01s Sys=0.00s Real=0.00s
[268.708s][info ][safepoint      ] Safepoint "ParallelGCFailedAllocation", Time since last: 946808400 ns, Reaching safepoint: 120701 ns, At safepoint: 3223614 ns, Total: 3344315 ns
[269.708s][info ][safepoint      ] Safepoint "Cleanup", Time since last: 1000083144 ns, Reaching safepoint: 48300 ns, At safepoint: 2500 ns, Total: 50800 ns
[270.708s][info ][safepoint      ] Safepoint "Cleanup", Time since last: 1000106644 ns, Reaching safepoint: 53600 ns, At safepoint: 5800 ns, Total: 59400 ns
[271.708s][info ][safepoint      ] Safepoint "Cleanup", Time since last: 1000120145 ns, Reaching safepoint: 46100 ns, At safepoint: 5700 ns, Total: 51800 ns
[272.708s][info ][safepoint      ] Safepoint "Cleanup", Time since last: 1000110446 ns, Reaching safepoint: 50400 ns, At safepoint: 6200 ns, Total: 56600 ns
[273.708s][info ][safepoint      ] Safepoint "Cleanup", Time since last: 1000105046 ns, Reaching safepoint: 55201 ns, At safepoint: 9700 ns, Total: 64901 ns
[274.708s][info ][safepoint      ] Safepoint "Cleanup", Time since last: 1000103547 ns, Reaching safepoint: 44600 ns, At safepoint: 3500 ns, Total: 48100 ns
[275.709s][info ][safepoint      ] Safepoint "Cleanup", Time since last: 1000110348 ns, Reaching safepoint: 44301 ns, At safepoint: 2300 ns, Total: 46601 ns
[276.709s][info ][safepoint      ] Safepoint "Cleanup", Time since last: 1000105049 ns, Reaching safepoint: 41400 ns, At safepoint: 2900 ns, Total: 44300 ns
[277.709s][info ][safepoint      ] Safepoint "Cleanup", Time since last: 1000104550 ns, Reaching safepoint: 52000 ns, At safepoint: 3600 ns, Total: 55600 ns
[278.709s][info ][safepoint      ] Safepoint "Cleanup", Time since last: 1000109850 ns, Reaching safepoint: 62801 ns, At safepoint: 7200 ns, Total: 70001 ns
[279.709s][info ][safepoint      ] Safepoint "Cleanup", Time since last: 1000104251 ns, Reaching safepoint: 45100 ns, At safepoint: 2900 ns, Total: 48000 ns
[280.709s][info ][safepoint      ] Safepoint "Cleanup", Time since last: 1000104553 ns, Reaching safepoint: 47600 ns, At safepoint: 8100 ns, Total: 55700 ns
[281.710s][info ][safepoint      ] Safepoint "Cleanup", Time since last: 1000102153 ns, Reaching safepoint: 119300 ns, At safepoint: 7801 ns, Total: 127101 ns
[283.358s][info ][safepoint      ] Safepoint "Cleanup", Time since last: 1648325406 ns, Reaching safepoint: 80400 ns, At safepoint: 9200 ns, Total: 89600 ns
[284.358s][info ][safepoint      ] Safepoint "Cleanup", Time since last: 1000057355 ns, Reaching safepoint: 60800 ns, At safepoint: 5900 ns, Total: 66700 ns
[285.358s][info ][safepoint      ] Safepoint "Cleanup", Time since last: 1000098856 ns, Reaching safepoint: 34000 ns, At safepoint: 3200 ns, Total: 37200 ns
[286.358s][info ][safepoint      ] Safepoint "Cleanup", Time since last: 1000078057 ns, Reaching safepoint: 46500 ns, At safepoint: 5300 ns, Total: 51800 ns
[287.359s][info ][safepoint      ] Safepoint "Cleanup", Time since last: 1000090458 ns, Reaching safepoint: 38500 ns, At safepoint: 7700 ns, Total: 46200 ns
[288.359s][info ][safepoint      ] Safepoint "Cleanup", Time since last: 1000108259 ns, Reaching safepoint: 50000 ns, At safepoint: 6100 ns, Total: 56100 ns
[289.359s][info ][safepoint      ] Safepoint "Cleanup", Time since last: 1000099459 ns, Reaching safepoint: 44801 ns, At safepoint: 3500 ns, Total: 48301 ns
[290.359s][info ][safepoint      ] Safepoint "Cleanup", Time since last: 1000069259 ns, Reaching safepoint: 49001 ns, At safepoint: 5200 ns, Total: 54201 ns
[291.359s][info ][safepoint      ] Safepoint "Cleanup", Time since last: 1000112661 ns, Reaching safepoint: 44400 ns, At safepoint: 4200 ns, Total: 48600 ns
[292.359s][info ][safepoint      ] Safepoint "Cleanup", Time since last: 1000066261 ns, Reaching safepoint: 51201 ns, At safepoint: 3000 ns, Total: 54201 ns
[293.359s][info ][safepoint      ] Safepoint "Cleanup", Time since last: 1000098462 ns, Reaching safepoint: 45000 ns, At safepoint: 2200 ns, Total: 47200 ns
[293.979s][info ][safepoint      ] Safepoint "ParallelGCFailedAllocation", Time since last: 619515727 ns, Reaching safepoint: 204301 ns, At safepoint: 35300 ns, Total: 239601 ns
[293.979s][info ][gc,start       ] GC(31) Pause Young (GCLocker Initiated GC)
[293.985s][debug][gc,phases      ] GC(31) Scavenge 5.583ms
[293.985s][debug][gc,ref         ] GC(31) Skipped phase 1 of Reference Processing: no references
[293.985s][debug][gc,ref         ] GC(31) ReferenceProcessor::execute queues: 1, RefProcThreadModel::Single, marks_oops_alive: false
[293.985s][debug][gc,ref         ] GC(31) Skipped phase 3 of Reference Processing: no references
[293.985s][debug][gc,ref         ] GC(31) ReferenceProcessor::execute queues: 1, RefProcThreadModel::Single, marks_oops_alive: false
[293.985s][debug][gc,phases      ] GC(31) Reference Processing 0.092ms
[293.985s][debug][gc,phases      ] GC(31)   VM Weak                        Min:  0.0, Avg:  0.0, Max:  0.0, Diff:  0.0, Sum:  0.0, Workers: 4
[293.985s][debug][gc,phases      ] GC(31)     Dead                           Min: 0, Avg:  0.0, Max: 0, Diff: 0, Sum: 0, Workers: 4
[293.985s][debug][gc,phases      ] GC(31)     Total                          Min: 0, Avg: 198.2, Max: 768, Diff: 768, Sum: 793, Workers: 4
[293.985s][debug][gc,phases      ] GC(31)   ObjectSynchronizer Weak        Min:  0.0, Avg:  0.0, Max:  0.0, Diff:  0.0, Sum:  0.0, Workers: 4
[293.985s][debug][gc,phases      ] GC(31)     Dead                           Min: 0, Avg:  0.0, Max: 0, Diff: 0, Sum: 0, Workers: 4
[293.985s][debug][gc,phases      ] GC(31)     Total                          Min: 0, Avg: 88.8, Max: 192, Diff: 192, Sum: 355, Workers: 4
[293.985s][debug][gc,phases      ] GC(31)   JVMTI Tag Weak OopStorage      Min:  0.0, Avg:  0.0, Max:  0.0, Diff:  0.0, Sum:  0.0, Workers: 4
[293.985s][debug][gc,phases      ] GC(31)     Dead                           Min: 0, Avg:  0.0, Max: 0, Diff: 0, Sum: 0, Workers: 4
[293.985s][debug][gc,phases      ] GC(31)     Total                          Min: 0, Avg:  0.0, Max: 0, Diff: 0, Sum: 0, Workers: 4
[293.985s][debug][gc,phases      ] GC(31)   StringTable Weak               Min:  0.1, Avg:  0.1, Max:  0.1, Diff:  0.0, Sum:  0.4, Workers: 4
[293.985s][debug][gc,phases      ] GC(31)     Dead                           Min: 0, Avg:  0.0, Max: 0, Diff: 0, Sum: 0, Workers: 4
[293.985s][debug][gc,phases      ] GC(31)     Total                          Min: 10240, Avg: 12386.5, Max: 14794, Diff: 4554, Sum: 49546, Workers: 4
[293.985s][debug][gc,phases      ] GC(31)   ResolvedMethodTable Weak       Min:  0.0, Avg:  0.0, Max:  0.0, Diff:  0.0, Sum:  0.1, Workers: 4
[293.985s][debug][gc,phases      ] GC(31)     Dead                           Min: 0, Avg:  0.0, Max: 0, Diff: 0, Sum: 0, Workers: 4
[293.985s][debug][gc,phases      ] GC(31)     Total                          Min: 1746, Avg: 2244.5, Max: 2688, Diff: 942, Sum: 8978, Workers: 4
[293.985s][debug][gc,phases      ] GC(31)   JNI Weak                       Min:  0.0, Avg:  0.0, Max:  0.0, Diff:  0.0, Sum:  0.0, Workers: 4
[293.985s][debug][gc,phases      ] GC(31)     Dead                           Min: 0, Avg:  0.0, Max: 0, Diff: 0, Sum: 0, Workers: 4
[293.985s][debug][gc,phases      ] GC(31)     Total                          Min: 0, Avg:  1.5, Max: 6, Diff: 6, Sum: 6, Workers: 4
[293.985s][debug][gc,phases      ] GC(31)   StringDedup Table Weak         Min:  0.0, Avg:  0.0, Max:  0.0, Diff:  0.0, Sum:  0.0, Workers: 4
[293.985s][debug][gc,phases      ] GC(31)     Dead                           Min: 0, Avg:  0.0, Max: 0, Diff: 0, Sum: 0, Workers: 4
[293.985s][debug][gc,phases      ] GC(31)     Total                          Min: 0, Avg:  0.0, Max: 0, Diff: 0, Sum: 0, Workers: 4
[293.985s][debug][gc,phases      ] GC(31)   StringDedup Requests0 Weak     Min:  0.0, Avg:  0.0, Max:  0.0, Diff:  0.0, Sum:  0.0, Workers: 4
[293.985s][debug][gc,phases      ] GC(31)     Dead                           Min: 0, Avg:  0.0, Max: 0, Diff: 0, Sum: 0, Workers: 4
[293.985s][debug][gc,phases      ] GC(31)     Total                          Min: 0, Avg:  0.0, Max: 0, Diff: 0, Sum: 0, Workers: 4
[293.985s][debug][gc,phases      ] GC(31)   StringDedup Requests1 Weak     Min:  0.0, Avg:  0.0, Max:  0.0, Diff:  0.0, Sum:  0.0, Workers: 4
[293.985s][debug][gc,phases      ] GC(31)     Dead                           Min: 0, Avg:  0.0, Max: 0, Diff: 0, Sum: 0, Workers: 4
[293.985s][debug][gc,phases      ] GC(31)     Total                          Min: 0, Avg:  0.0, Max: 0, Diff: 0, Sum: 0, Workers: 4
[293.985s][debug][gc,phases      ] GC(31)   Weak JFR Old Object Samples    Min:  0.0, Avg:  0.0, Max:  0.0, Diff:  0.0, Sum:  0.0, Workers: 4
[293.985s][debug][gc,phases      ] GC(31)     Dead                           Min: 0, Avg:  0.0, Max: 0, Diff: 0, Sum: 0, Workers: 4
[293.985s][debug][gc,phases      ] GC(31)     Total                          Min: 0, Avg:  0.0, Max: 0, Diff: 0, Sum: 0, Workers: 4
[293.985s][debug][gc,phases      ] GC(31) Weak Processing 0.290ms
[293.985s][debug][gc,age         ] GC(31) Desired survivor size 529530880 bytes, new threshold 2 (max threshold 15)
[293.985s][info ][gc,heap        ] GC(31) PSYoungGen: 1052208K(1572864K)->10520K(1572864K) Eden: 1048576K(1048576K)->0K(1048576K) From: 3632K(524288K)->10520K(524288K)
[293.985s][info ][gc,heap        ] GC(31) ParOldGen: 315150K(537600K)->317163K(537600K)
[293.985s][info ][gc,metaspace   ] GC(31) Metaspace: 86464K(87488K)->86464K(87488K) NonClass: 74181K(74752K)->74181K(74752K) Class: 12283K(12736K)->12283K(12736K)
[293.985s][info ][gc             ] GC(31) Pause Young (GCLocker Initiated GC) 1335M->320M(2061M) 6.037ms
[293.985s][info ][gc,cpu         ] GC(31) User=0.02s Sys=0.01s Real=0.01s
[293.986s][info ][safepoint      ] Safepoint "ParallelGCSystemGC", Time since last: 82300 ns, Reaching safepoint: 100501 ns, At safepoint: 6097428 ns, Total: 6197929 ns
[294.649s][info ][safepoint      ] Safepoint "ICBufferFull", Time since last: 663777729 ns, Reaching safepoint: 179300 ns, At safepoint: 7201 ns, Total: 186501 ns
[295.650s][info ][safepoint      ] Safepoint "Cleanup", Time since last: 1000107164 ns, Reaching safepoint: 82600 ns, At safepoint: 6700 ns, Total: 89300 ns
[297.650s][info ][safepoint      ] Safepoint "Cleanup", Time since last: 2000166831 ns, Reaching safepoint: 117101 ns, At safepoint: 8700 ns, Total: 125801 ns
[298.650s][info ][safepoint      ] Safepoint "Cleanup", Time since last: 1000097066 ns, Reaching safepoint: 110801 ns, At safepoint: 3200 ns, Total: 114001 ns
[299.651s][info ][safepoint      ] Safepoint "Cleanup", Time since last: 1000102867 ns, Reaching safepoint: 219801 ns, At safepoint: 16101 ns, Total: 235902 ns
[300.651s][info ][safepoint      ] Safepoint "Cleanup", Time since last: 1000125968 ns, Reaching safepoint: 111100 ns, At safepoint: 8701 ns, Total: 119801 ns
[301.651s][info ][safepoint      ] Safepoint "Cleanup", Time since last: 1000104369 ns, Reaching safepoint: 111600 ns, At safepoint: 9200 ns, Total: 120800 ns
[302.651s][info ][safepoint      ] Safepoint "Cleanup", Time since last: 1000104270 ns, Reaching safepoint: 132201 ns, At safepoint: 11700 ns, Total: 143901 ns
[303.651s][info ][safepoint      ] Safepoint "Cleanup", Time since last: 1000083370 ns, Reaching safepoint: 106201 ns, At safepoint: 8600 ns, Total: 114801 ns
[304.652s][info ][safepoint      ] Safepoint "Cleanup", Time since last: 1000106271 ns, Reaching safepoint: 111301 ns, At safepoint: 7900 ns, Total: 119201 ns
[305.652s][info ][safepoint      ] Safepoint "Cleanup", Time since last: 1000075472 ns, Reaching safepoint: 114600 ns, At safepoint: 5501 ns, Total: 120101 ns
[306.652s][info ][safepoint      ] Safepoint "Cleanup", Time since last: 1000118073 ns, Reaching safepoint: 113300 ns, At safepoint: 11300 ns, Total: 124600 ns
[307.652s][info ][safepoint      ] Safepoint "Cleanup", Time since last: 1000104674 ns, Reaching safepoint: 120001 ns, At safepoint: 6700 ns, Total: 126701 ns
[308.653s][info ][safepoint      ] Safepoint "Cleanup", Time since last: 1000103674 ns, Reaching safepoint: 115401 ns, At safepoint: 26700 ns, Total: 142101 ns
[309.653s][info ][safepoint      ] Safepoint "Cleanup", Time since last: 1000100975 ns, Reaching safepoint: 113801 ns, At safepoint: 8500 ns, Total: 122301 ns
[311.607s][info ][safepoint      ] Safepoint "Cleanup", Time since last: 1954011141 ns, Reaching safepoint: 60701 ns, At safepoint: 11900 ns, Total: 72601 ns
[312.607s][info ][safepoint      ] Safepoint "Cleanup", Time since last: 1000102177 ns, Reaching safepoint: 51501 ns, At safepoint: 3400 ns, Total: 54901 ns
[313.607s][info ][safepoint      ] Safepoint "Cleanup", Time since last: 1000099478 ns, Reaching safepoint: 38500 ns, At safepoint: 3000 ns, Total: 41500 ns
[314.607s][info ][safepoint      ] Safepoint "Cleanup", Time since last: 1000101879 ns, Reaching safepoint: 42701 ns, At safepoint: 2500 ns, Total: 45201 ns
[315.607s][info ][safepoint      ] Safepoint "Cleanup", Time since last: 1000097179 ns, Reaching safepoint: 38001 ns, At safepoint: 2600 ns, Total: 40601 ns
[316.608s][info ][safepoint      ] Safepoint "Cleanup", Time since last: 1000091380 ns, Reaching safepoint: 53001 ns, At safepoint: 5600 ns, Total: 58601 ns
[317.608s][info ][safepoint      ] Safepoint "Cleanup", Time since last: 1000096581 ns, Reaching safepoint: 54500 ns, At safepoint: 7900 ns, Total: 62400 ns
[318.608s][info ][safepoint      ] Safepoint "Cleanup", Time since last: 1000097783 ns, Reaching safepoint: 47100 ns, At safepoint: 2500 ns, Total: 49600 ns
[319.608s][info ][safepoint      ] Safepoint "Cleanup", Time since last: 1000117883 ns, Reaching safepoint: 96500 ns, At safepoint: 6600 ns, Total: 103100 ns
[320.001s][info ][gc,start       ] GC(32) Pause Young (Allocation Failure)
[320.009s][debug][gc,phases      ] GC(32) Scavenge 7.204ms
[320.009s][debug][gc,ref         ] GC(32) Skipped phase 1 of Reference Processing: no references
[320.009s][debug][gc,ref         ] GC(32) ReferenceProcessor::execute queues: 1, RefProcThreadModel::Single, marks_oops_alive: false
[320.009s][debug][gc,ref         ] GC(32) Skipped phase 3 of Reference Processing: no references
[320.009s][debug][gc,ref         ] GC(32) ReferenceProcessor::execute queues: 1, RefProcThreadModel::Single, marks_oops_alive: false
[320.009s][debug][gc,phases      ] GC(32) Reference Processing 0.111ms
[320.009s][debug][gc,phases      ] GC(32)   VM Weak                        Min:  0.0, Avg:  0.0, Max:  0.0, Diff:  0.0, Sum:  0.0, Workers: 4
[320.009s][debug][gc,phases      ] GC(32)     Dead                           Min: 0, Avg:  0.0, Max: 0, Diff: 0, Sum: 0, Workers: 4
[320.009s][debug][gc,phases      ] GC(32)     Total                          Min: 0, Avg: 198.2, Max: 793, Diff: 793, Sum: 793, Workers: 4
[320.009s][debug][gc,phases      ] GC(32)   ObjectSynchronizer Weak        Min:  0.0, Avg:  0.0, Max:  0.0, Diff:  0.0, Sum:  0.0, Workers: 4
[320.009s][debug][gc,phases      ] GC(32)     Dead                           Min: 0, Avg:  0.0, Max: 0, Diff: 0, Sum: 0, Workers: 4
[320.009s][debug][gc,phases      ] GC(32)     Total                          Min: 0, Avg: 88.8, Max: 227, Diff: 227, Sum: 355, Workers: 4
[320.009s][debug][gc,phases      ] GC(32)   JVMTI Tag Weak OopStorage      Min:  0.0, Avg:  0.0, Max:  0.0, Diff:  0.0, Sum:  0.0, Workers: 4
[320.009s][debug][gc,phases      ] GC(32)     Dead                           Min: 0, Avg:  0.0, Max: 0, Diff: 0, Sum: 0, Workers: 4
[320.009s][debug][gc,phases      ] GC(32)     Total                          Min: 0, Avg:  0.0, Max: 0, Diff: 0, Sum: 0, Workers: 4
[320.009s][debug][gc,phases      ] GC(32)   StringTable Weak               Min:  0.1, Avg:  0.1, Max:  0.1, Diff:  0.0, Sum:  0.3, Workers: 4
[320.009s][debug][gc,phases      ] GC(32)     Dead                           Min: 0, Avg:  0.0, Max: 0, Diff: 0, Sum: 0, Workers: 4
[320.009s][debug][gc,phases      ] GC(32)     Total                          Min: 11456, Avg: 12396.2, Max: 12864, Diff: 1408, Sum: 49585, Workers: 4
[320.009s][debug][gc,phases      ] GC(32)   ResolvedMethodTable Weak       Min:  0.0, Avg:  0.0, Max:  0.0, Diff:  0.0, Sum:  0.1, Workers: 4
[320.009s][debug][gc,phases      ] GC(32)     Dead                           Min: 0, Avg:  0.2, Max: 1, Diff: 1, Sum: 1, Workers: 4
[320.009s][debug][gc,phases      ] GC(32)     Total                          Min: 1438, Avg: 2247.5, Max: 2624, Diff: 1186, Sum: 8990, Workers: 4
[320.009s][debug][gc,phases      ] GC(32)   JNI Weak                       Min:  0.0, Avg:  0.0, Max:  0.0, Diff:  0.0, Sum:  0.0, Workers: 4
[320.009s][debug][gc,phases      ] GC(32)     Dead                           Min: 0, Avg:  0.0, Max: 0, Diff: 0, Sum: 0, Workers: 4
[320.009s][debug][gc,phases      ] GC(32)     Total                          Min: 0, Avg:  0.0, Max: 0, Diff: 0, Sum: 0, Workers: 4
[320.009s][debug][gc,phases      ] GC(32)   StringDedup Table Weak         Min:  0.0, Avg:  0.0, Max:  0.0, Diff:  0.0, Sum:  0.0, Workers: 4
[320.009s][debug][gc,phases      ] GC(32)     Dead                           Min: 0, Avg:  0.0, Max: 0, Diff: 0, Sum: 0, Workers: 4
[320.009s][debug][gc,phases      ] GC(32)     Total                          Min: 0, Avg:  0.0, Max: 0, Diff: 0, Sum: 0, Workers: 4
[320.009s][debug][gc,phases      ] GC(32)   StringDedup Requests0 Weak     Min:  0.0, Avg:  0.0, Max:  0.0, Diff:  0.0, Sum:  0.0, Workers: 4
[320.009s][debug][gc,phases      ] GC(32)     Dead                           Min: 0, Avg:  0.0, Max: 0, Diff: 0, Sum: 0, Workers: 4
[320.009s][debug][gc,phases      ] GC(32)     Total                          Min: 0, Avg:  0.0, Max: 0, Diff: 0, Sum: 0, Workers: 4
[320.009s][debug][gc,phases      ] GC(32)   StringDedup Requests1 Weak     Min:  0.0, Avg:  0.0, Max:  0.0, Diff:  0.0, Sum:  0.0, Workers: 4
[320.009s][debug][gc,phases      ] GC(32)     Dead                           Min: 0, Avg:  0.0, Max: 0, Diff: 0, Sum: 0, Workers: 4
[320.009s][debug][gc,phases      ] GC(32)     Total                          Min: 0, Avg:  0.0, Max: 0, Diff: 0, Sum: 0, Workers: 4
[320.009s][debug][gc,phases      ] GC(32)   Weak JFR Old Object Samples    Min:  0.0, Avg:  0.0, Max:  0.0, Diff:  0.0, Sum:  0.0, Workers: 4
[320.009s][debug][gc,phases      ] GC(32)     Dead                           Min: 0, Avg:  0.0, Max: 0, Diff: 0, Sum: 0, Workers: 4
[320.009s][debug][gc,phases      ] GC(32)     Total                          Min: 0, Avg:  0.0, Max: 0, Diff: 0, Sum: 0, Workers: 4
[320.009s][debug][gc,phases      ] GC(32) Weak Processing 0.295ms
[320.009s][debug][gc,age         ] GC(32) Desired survivor size 495976448 bytes, new threshold 3 (max threshold 15)
[320.009s][info ][gc,heap        ] GC(32) PSYoungGen: 1059096K(1572864K)->16288K(1612800K) Eden: 1048576K(1048576K)->0K(1095680K) From: 10520K(524288K)->16288K(517120K)
[320.009s][info ][gc,heap        ] GC(32) ParOldGen: 317166K(537600K)->317174K(537600K)
[320.009s][info ][gc,metaspace   ] GC(32) Metaspace: 86545K(87552K)->86545K(87552K) NonClass: 74256K(74816K)->74256K(74816K) Class: 12289K(12736K)->12289K(12736K)
[320.009s][info ][gc             ] GC(32) Pause Young (Allocation Failure) 1344M->325M(2100M) 7.718ms
[320.009s][info ][gc,cpu         ] GC(32) User=0.03s Sys=0.00s Real=0.00s
[320.009s][info ][safepoint      ] Safepoint "ParallelGCFailedAllocation", Time since last: 393040702 ns, Reaching safepoint: 41400 ns, At safepoint: 7784136 ns, Total: 7825536 ns
[321.009s][info ][safepoint      ] Safepoint "Cleanup", Time since last: 1000077383 ns, Reaching safepoint: 43401 ns, At safepoint: 2600 ns, Total: 46001 ns
[322.009s][info ][safepoint      ] Safepoint "Cleanup", Time since last: 1000131085 ns, Reaching safepoint: 52700 ns, At safepoint: 20900 ns, Total: 73600 ns
[323.009s][info ][safepoint      ] Safepoint "Cleanup", Time since last: 1000108886 ns, Reaching safepoint: 41100 ns, At safepoint: 2100 ns, Total: 43200 ns
[324.010s][info ][safepoint      ] Safepoint "Cleanup", Time since last: 1000134786 ns, Reaching safepoint: 41800 ns, At safepoint: 3101 ns, Total: 44901 ns
[325.010s][info ][safepoint      ] Safepoint "Cleanup", Time since last: 1000112887 ns, Reaching safepoint: 48200 ns, At safepoint: 8900 ns, Total: 57100 ns
[326.010s][info ][safepoint      ] Safepoint "Cleanup", Time since last: 1000105288 ns, Reaching safepoint: 55700 ns, At safepoint: 9700 ns, Total: 65400 ns
[327.010s][info ][safepoint      ] Safepoint "Cleanup", Time since last: 1000104589 ns, Reaching safepoint: 48100 ns, At safepoint: 7500 ns, Total: 55600 ns
[328.010s][info ][safepoint      ] Safepoint "Cleanup", Time since last: 1000104989 ns, Reaching safepoint: 40101 ns, At safepoint: 2300 ns, Total: 42401 ns
[329.010s][info ][safepoint      ] Safepoint "Cleanup", Time since last: 1000089690 ns, Reaching safepoint: 37200 ns, At safepoint: 2300 ns, Total: 39500 ns
[330.011s][info ][safepoint      ] Safepoint "Cleanup", Time since last: 1000109491 ns, Reaching safepoint: 34400 ns, At safepoint: 2500 ns, Total: 36900 ns
[331.011s][info ][safepoint      ] Safepoint "Cleanup", Time since last: 1000098391 ns, Reaching safepoint: 52401 ns, At safepoint: 8200 ns, Total: 60601 ns
[334.011s][info ][safepoint      ] Safepoint "Cleanup", Time since last: 3000234279 ns, Reaching safepoint: 54500 ns, At safepoint: 6100 ns, Total: 60600 ns
[335.011s][info ][safepoint      ] Safepoint "Cleanup", Time since last: 1000104394 ns, Reaching safepoint: 51001 ns, At safepoint: 3800 ns, Total: 54801 ns
[336.011s][info ][safepoint      ] Safepoint "Cleanup", Time since last: 1000099495 ns, Reaching safepoint: 60400 ns, At safepoint: 9900 ns, Total: 70300 ns
[337.012s][info ][safepoint      ] Safepoint "Cleanup", Time since last: 1000099396 ns, Reaching safepoint: 49701 ns, At safepoint: 7000 ns, Total: 56701 ns
[338.012s][info ][safepoint      ] Safepoint "Cleanup", Time since last: 1000100096 ns, Reaching safepoint: 39300 ns, At safepoint: 3201 ns, Total: 42501 ns
[339.012s][info ][safepoint      ] Safepoint "Cleanup", Time since last: 1000097597 ns, Reaching safepoint: 47500 ns, At safepoint: 4500 ns, Total: 52000 ns
[340.012s][info ][safepoint      ] Safepoint "Cleanup", Time since last: 1000099398 ns, Reaching safepoint: 72601 ns, At safepoint: 28100 ns, Total: 100701 ns
[341.012s][info ][safepoint      ] Safepoint "Cleanup", Time since last: 1000094199 ns, Reaching safepoint: 59300 ns, At safepoint: 6400 ns, Total: 65700 ns
[342.012s][info ][safepoint      ] Safepoint "Cleanup", Time since last: 1000111000 ns, Reaching safepoint: 48600 ns, At safepoint: 2600 ns, Total: 51200 ns
[343.013s][info ][safepoint      ] Safepoint "Cleanup", Time since last: 1000104901 ns, Reaching safepoint: 55200 ns, At safepoint: 5200 ns, Total: 60400 ns
[344.013s][info ][safepoint      ] Safepoint "Cleanup", Time since last: 1000125801 ns, Reaching safepoint: 53700 ns, At safepoint: 4600 ns, Total: 58300 ns
[345.013s][info ][safepoint      ] Safepoint "Cleanup", Time since last: 1000107002 ns, Reaching safepoint: 50900 ns, At safepoint: 10101 ns, Total: 61001 ns
[346.013s][info ][safepoint      ] Safepoint "Cleanup", Time since last: 1000095002 ns, Reaching safepoint: 43400 ns, At safepoint: 3800 ns, Total: 47200 ns
[347.013s][info ][safepoint      ] Safepoint "Cleanup", Time since last: 1000102504 ns, Reaching safepoint: 49700 ns, At safepoint: 8900 ns, Total: 58600 ns
[348.013s][info ][safepoint      ] Safepoint "Cleanup", Time since last: 1000120104 ns, Reaching safepoint: 58600 ns, At safepoint: 6200 ns, Total: 64800 ns
[349.014s][info ][safepoint      ] Safepoint "Cleanup", Time since last: 1000107205 ns, Reaching safepoint: 43500 ns, At safepoint: 5500 ns, Total: 49000 ns
[350.014s][info ][safepoint      ] Safepoint "Cleanup", Time since last: 1000101506 ns, Reaching safepoint: 45400 ns, At safepoint: 2300 ns, Total: 47700 ns
[351.014s][info ][safepoint      ] Safepoint "Cleanup", Time since last: 1000068506 ns, Reaching safepoint: 39700 ns, At safepoint: 8300 ns, Total: 48000 ns
[352.014s][info ][safepoint      ] Safepoint "Cleanup", Time since last: 1000114807 ns, Reaching safepoint: 39000 ns, At safepoint: 2300 ns, Total: 41300 ns
[353.014s][info ][safepoint      ] Safepoint "Cleanup", Time since last: 1000095408 ns, Reaching safepoint: 66400 ns, At safepoint: 6800 ns, Total: 73200 ns
[354.014s][info ][safepoint      ] Safepoint "Cleanup", Time since last: 1000086909 ns, Reaching safepoint: 56900 ns, At safepoint: 7800 ns, Total: 64700 ns
[354.458s][info ][safepoint      ] Safepoint "ICBufferFull", Time since last: 443316143 ns, Reaching safepoint: 132901 ns, At safepoint: 5700 ns, Total: 138601 ns
[354.550s][info ][safepoint      ] Safepoint "ICBufferFull", Time since last: 92433626 ns, Reaching safepoint: 112700 ns, At safepoint: 10400 ns, Total: 123100 ns
[354.634s][info ][safepoint      ] Safepoint "ICBufferFull", Time since last: 84062788 ns, Reaching safepoint: 57200 ns, At safepoint: 1700 ns, Total: 58900 ns
[355.635s][info ][safepoint      ] Safepoint "Cleanup", Time since last: 1000105109 ns, Reaching safepoint: 143101 ns, At safepoint: 8100 ns, Total: 151201 ns
[356.635s][info ][safepoint      ] Safepoint "Cleanup", Time since last: 1000103810 ns, Reaching safepoint: 73401 ns, At safepoint: 6000 ns, Total: 79401 ns
[357.635s][info ][safepoint      ] Safepoint "Cleanup", Time since last: 1000105011 ns, Reaching safepoint: 54300 ns, At safepoint: 4100 ns, Total: 58400 ns
[358.635s][info ][safepoint      ] Safepoint "Cleanup", Time since last: 1000114311 ns, Reaching safepoint: 56801 ns, At safepoint: 3400 ns, Total: 60201 ns
[360.012s][info ][safepoint      ] Safepoint "Cleanup", Time since last: 1376368448 ns, Reaching safepoint: 106300 ns, At safepoint: 6300 ns, Total: 112600 ns
[361.012s][info ][safepoint      ] Safepoint "Cleanup", Time since last: 1000077713 ns, Reaching safepoint: 48600 ns, At safepoint: 2300 ns, Total: 50900 ns
[362.012s][info ][safepoint      ] Safepoint "Cleanup", Time since last: 1000104014 ns, Reaching safepoint: 43201 ns, At safepoint: 6100 ns, Total: 49301 ns
[363.012s][info ][safepoint      ] Safepoint "Cleanup", Time since last: 1000100714 ns, Reaching safepoint: 41601 ns, At safepoint: 3000 ns, Total: 44601 ns
[364.012s][info ][safepoint      ] Safepoint "Cleanup", Time since last: 1000101715 ns, Reaching safepoint: 51000 ns, At safepoint: 5700 ns, Total: 56700 ns
[364.308s][info ][gc,start       ] GC(33) Pause Young (Allocation Failure)
[364.315s][debug][gc,phases      ] GC(33) Scavenge 6.945ms
[364.315s][debug][gc,ref         ] GC(33) Skipped phase 1 of Reference Processing: no references
[364.315s][debug][gc,ref         ] GC(33) ReferenceProcessor::execute queues: 1, RefProcThreadModel::Single, marks_oops_alive: false
[364.315s][debug][gc,ref         ] GC(33) Skipped phase 3 of Reference Processing: no references
[364.315s][debug][gc,ref         ] GC(33) ReferenceProcessor::execute queues: 1, RefProcThreadModel::Single, marks_oops_alive: false
[364.315s][debug][gc,phases      ] GC(33) Reference Processing 0.101ms
[364.316s][debug][gc,phases      ] GC(33)   VM Weak                        Min:  0.0, Avg:  0.0, Max:  0.0, Diff:  0.0, Sum:  0.0, Workers: 4
[364.316s][debug][gc,phases      ] GC(33)     Dead                           Min: 0, Avg:  0.0, Max: 0, Diff: 0, Sum: 0, Workers: 4
[364.316s][debug][gc,phases      ] GC(33)     Total                          Min: 0, Avg: 199.5, Max: 798, Diff: 798, Sum: 798, Workers: 4
[364.316s][debug][gc,phases      ] GC(33)   ObjectSynchronizer Weak        Min:  0.0, Avg:  0.0, Max:  0.0, Diff:  0.0, Sum:  0.0, Workers: 4
[364.316s][debug][gc,phases      ] GC(33)     Dead                           Min: 0, Avg:  0.2, Max: 1, Diff: 1, Sum: 1, Workers: 4
[364.316s][debug][gc,phases      ] GC(33)     Total                          Min: 0, Avg: 89.2, Max: 229, Diff: 229, Sum: 357, Workers: 4
[364.316s][debug][gc,phases      ] GC(33)   JVMTI Tag Weak OopStorage      Min:  0.0, Avg:  0.0, Max:  0.0, Diff:  0.0, Sum:  0.0, Workers: 4
[364.316s][debug][gc,phases      ] GC(33)     Dead                           Min: 0, Avg:  0.0, Max: 0, Diff: 0, Sum: 0, Workers: 4
[364.316s][debug][gc,phases      ] GC(33)     Total                          Min: 0, Avg:  0.0, Max: 0, Diff: 0, Sum: 0, Workers: 4
[364.316s][debug][gc,phases      ] GC(33)   StringTable Weak               Min:  0.1, Avg:  0.1, Max:  0.1, Diff:  0.0, Sum:  0.4, Workers: 4
[364.316s][debug][gc,phases      ] GC(33)     Dead                           Min: 0, Avg:  0.2, Max: 1, Diff: 1, Sum: 1, Workers: 4
[364.316s][debug][gc,phases      ] GC(33)     Total                          Min: 9902, Avg: 12411.5, Max: 14208, Diff: 4306, Sum: 49646, Workers: 4
[364.316s][debug][gc,phases      ] GC(33)   ResolvedMethodTable Weak       Min:  0.0, Avg:  0.0, Max:  0.0, Diff:  0.0, Sum:  0.1, Workers: 4
[364.316s][debug][gc,phases      ] GC(33)     Dead                           Min: 0, Avg:  0.0, Max: 0, Diff: 0, Sum: 0, Workers: 4
[364.316s][debug][gc,phases      ] GC(33)     Total                          Min: 1536, Avg: 2255.0, Max: 2496, Diff: 960, Sum: 9020, Workers: 4
[364.316s][debug][gc,phases      ] GC(33)   JNI Weak                       Min:  0.0, Avg:  0.0, Max:  0.0, Diff:  0.0, Sum:  0.0, Workers: 4
[364.316s][debug][gc,phases      ] GC(33)     Dead                           Min: 0, Avg:  0.0, Max: 0, Diff: 0, Sum: 0, Workers: 4
[364.316s][debug][gc,phases      ] GC(33)     Total                          Min: 0, Avg:  0.0, Max: 0, Diff: 0, Sum: 0, Workers: 4
[364.316s][debug][gc,phases      ] GC(33)   StringDedup Table Weak         Min:  0.0, Avg:  0.0, Max:  0.0, Diff:  0.0, Sum:  0.0, Workers: 4
[364.316s][debug][gc,phases      ] GC(33)     Dead                           Min: 0, Avg:  0.0, Max: 0, Diff: 0, Sum: 0, Workers: 4
[364.316s][debug][gc,phases      ] GC(33)     Total                          Min: 0, Avg:  0.0, Max: 0, Diff: 0, Sum: 0, Workers: 4
[364.316s][debug][gc,phases      ] GC(33)   StringDedup Requests0 Weak     Min:  0.0, Avg:  0.0, Max:  0.0, Diff:  0.0, Sum:  0.0, Workers: 4
[364.316s][debug][gc,phases      ] GC(33)     Dead                           Min: 0, Avg:  0.0, Max: 0, Diff: 0, Sum: 0, Workers: 4
[364.316s][debug][gc,phases      ] GC(33)     Total                          Min: 0, Avg:  0.0, Max: 0, Diff: 0, Sum: 0, Workers: 4
[364.316s][debug][gc,phases      ] GC(33)   StringDedup Requests1 Weak     Min:  0.0, Avg:  0.0, Max:  0.0, Diff:  0.0, Sum:  0.0, Workers: 4
[364.316s][debug][gc,phases      ] GC(33)     Dead                           Min: 0, Avg:  0.0, Max: 0, Diff: 0, Sum: 0, Workers: 4
[364.316s][debug][gc,phases      ] GC(33)     Total                          Min: 0, Avg:  0.0, Max: 0, Diff: 0, Sum: 0, Workers: 4
[364.316s][debug][gc,phases      ] GC(33)   Weak JFR Old Object Samples    Min:  0.0, Avg:  0.0, Max:  0.0, Diff:  0.0, Sum:  0.0, Workers: 4
[364.316s][debug][gc,phases      ] GC(33)     Dead                           Min: 0, Avg:  0.0, Max: 0, Diff: 0, Sum: 0, Workers: 4
[364.316s][debug][gc,phases      ] GC(33)     Total                          Min: 0, Avg:  0.0, Max: 0, Diff: 0, Sum: 0, Workers: 4
[364.316s][debug][gc,phases      ] GC(33) Weak Processing 0.297ms
[364.316s][debug][gc,age         ] GC(33) Desired survivor size 464519168 bytes, new threshold 4 (max threshold 15)
[364.316s][info ][gc,heap        ] GC(33) PSYoungGen: 1111968K(1612800K)->16144K(1580032K) Eden: 1095680K(1095680K)->0K(1095680K) From: 16288K(517120K)->16144K(484352K)
[364.316s][info ][gc,heap        ] GC(33) ParOldGen: 317174K(537600K)->317174K(537600K)
[364.316s][info ][gc,metaspace   ] GC(33) Metaspace: 86737K(87680K)->86737K(87680K) NonClass: 74426K(74944K)->74426K(74944K) Class: 12310K(12736K)->12310K(12736K)
[364.316s][info ][gc             ] GC(33) Pause Young (Allocation Failure) 1395M->325M(2068M) 7.466ms
[364.316s][info ][gc,cpu         ] GC(33) User=0.03s Sys=0.00s Real=0.01s
[364.316s][info ][safepoint      ] Safepoint "ParallelGCFailedAllocation", Time since last: 295938666 ns, Reaching safepoint: 29600 ns, At safepoint: 7541035 ns, Total: 7570635 ns
[366.316s][info ][safepoint      ] Safepoint "Cleanup", Time since last: 2000146033 ns, Reaching safepoint: 62200 ns, At safepoint: 8500 ns, Total: 70700 ns
[367.316s][info ][safepoint      ] Safepoint "Cleanup", Time since last: 1000130418 ns, Reaching safepoint: 76001 ns, At safepoint: 8100 ns, Total: 84101 ns
[368.316s][info ][safepoint      ] Safepoint "Cleanup", Time since last: 1000113218 ns, Reaching safepoint: 60000 ns, At safepoint: 14600 ns, Total: 74600 ns
[370.317s][info ][safepoint      ] Safepoint "Cleanup", Time since last: 2000201039 ns, Reaching safepoint: 34500 ns, At safepoint: 25300 ns, Total: 59800 ns
[372.317s][info ][safepoint      ] Safepoint "Cleanup", Time since last: 2000171942 ns, Reaching safepoint: 57400 ns, At safepoint: 11900 ns, Total: 69300 ns
[373.317s][info ][safepoint      ] Safepoint "Cleanup", Time since last: 1000120922 ns, Reaching safepoint: 58400 ns, At safepoint: 10300 ns, Total: 68700 ns
[397.319s][info ][safepoint      ] Safepoint "Cleanup", Time since last: 24001594623 ns, Reaching safepoint: 35400 ns, At safepoint: 3700 ns, Total: 39100 ns
[421.320s][info ][safepoint      ] Safepoint "Cleanup", Time since last: 24001607598 ns, Reaching safepoint: 56401 ns, At safepoint: 3600 ns, Total: 60001 ns
[442.322s][info ][safepoint      ] Safepoint "Cleanup", Time since last: 21001499156 ns, Reaching safepoint: 56301 ns, At safepoint: 3400 ns, Total: 59701 ns
[453.323s][info ][safepoint      ] Safepoint "Cleanup", Time since last: 11000724964 ns, Reaching safepoint: 46200 ns, At safepoint: 10000 ns, Total: 56200 ns
[473.324s][info ][safepoint      ] Safepoint "Cleanup", Time since last: 20001426170 ns, Reaching safepoint: 59301 ns, At safepoint: 4200 ns, Total: 63501 ns
[474.324s][info ][safepoint      ] Safepoint "Cleanup", Time since last: 1000121784 ns, Reaching safepoint: 47301 ns, At safepoint: 5700 ns, Total: 53001 ns
[477.325s][info ][safepoint      ] Safepoint "Cleanup", Time since last: 3000261857 ns, Reaching safepoint: 61600 ns, At safepoint: 11300 ns, Total: 72900 ns
[481.325s][info ][safepoint      ] Safepoint "Cleanup", Time since last: 4000299050 ns, Reaching safepoint: 41501 ns, At safepoint: 3100 ns, Total: 44601 ns
[503.327s][info ][safepoint      ] Safepoint "Cleanup", Time since last: 22001493883 ns, Reaching safepoint: 65000 ns, At safepoint: 2600 ns, Total: 67600 ns
[517.328s][info ][safepoint      ] Safepoint "Cleanup", Time since last: 14000940260 ns, Reaching safepoint: 48400 ns, At safepoint: 3300 ns, Total: 51700 ns
[601.333s][info ][safepoint      ] Safepoint "Cleanup", Time since last: 84005608891 ns, Reaching safepoint: 42001 ns, At safepoint: 2500 ns, Total: 44501 ns
[617.334s][info ][safepoint      ] Safepoint "Cleanup", Time since last: 16000976545 ns, Reaching safepoint: 34900 ns, At safepoint: 27400 ns, Total: 62300 ns
[619.335s][info ][safepoint      ] Safepoint "Cleanup", Time since last: 2000161680 ns, Reaching safepoint: 57600 ns, At safepoint: 5600 ns, Total: 63200 ns
[679.339s][info ][safepoint      ] Safepoint "Cleanup", Time since last: 60003967090 ns, Reaching safepoint: 133701 ns, At safepoint: 15300 ns, Total: 149001 ns
[680.081s][info ][gc,heap,exit   ] Heap
[680.081s][info ][gc,heap,exit   ]  PSYoungGen      total 1580032K, used 1094974K [0x0000000780000000, 0x0000000800000000, 0x0000000800000000)
[680.081s][info ][gc,heap,exit   ]   eden space 1095680K, 98% used [0x0000000780000000,0x00000007c1d8b5b8,0x00000007c2e00000)
[680.081s][info ][gc,heap,exit   ]   from space 484352K, 3% used [0x00000007c2e00000,0x00000007c3dc42c8,0x00000007e0700000)
[680.081s][info ][gc,heap,exit   ]   to   space 453632K, 0% used [0x00000007e4500000,0x00000007e4500000,0x0000000800000000)
[680.081s][info ][gc,heap,exit   ]  ParOldGen       total 537600K, used 317174K [0x0000000740000000, 0x0000000760d00000, 0x0000000780000000)
[680.081s][info ][gc,heap,exit   ]   object space 537600K, 58% used [0x0000000740000000,0x00000007535bd928,0x0000000760d00000)
[680.081s][info ][gc,heap,exit   ]  Metaspace       used 86823K, committed 87744K, reserved 1130496K
[680.081s][info ][gc,heap,exit   ]   class space    used 12318K, committed 12736K, reserved 1048576K
