[0.003s][info][gc] Using Parallel
[0.004s][info][gc,init] Version: 17.0.4+8-LTS (release)
[0.004s][info][gc,init] CPUs: 8 total, 8 available
[0.004s][info][gc,init] Memory: 32112M
[0.004s][info][gc,init] Large Page Support: Disabled
[0.004s][info][gc,init] NUMA Support: Disabled
[0.005s][info][gc,init] Compressed Oops: Enabled (Zero based)
[0.005s][info][gc,init] Alignments: Space 512K, Generation 512K, Heap 2M
[0.005s][info][gc,init] Heap Min Capacity: 2054M
[0.005s][info][gc,init] Heap Initial Capacity: 2054M
[0.005s][info][gc,init] Heap Max Capacity: 3G
[0.005s][info][gc,init] Pre-touch: Disabled
[0.005s][info][gc,init] Parallel Workers: 4
[0.005s][info][gc,metaspace] CDS archive(s) not mapped
[0.005s][info][gc,metaspace] Compressed class space mapped at: 0x0000000800000000-0x0000000840000000, reserved size: 1073741824
[0.005s][info][gc,metaspace] Narrow klass base: 0x0000000800000000, Narrow klass shift: 0, Narrow klass range: 0x40000000
[0.687s][info][safepoint   ] Safepoint "ICBufferFull", Time since last: 661761438 ns, Reaching safepoint: 139301 ns, At safepoint: 2600 ns, Total: 141901 ns
[1.090s][info][safepoint   ] Safepoint "ICBufferFull", Time since last: 402196193 ns, Reaching safepoint: 358702 ns, At safepoint: 8200 ns, Total: 366902 ns
[1.133s][info][gc,start    ] GC(0) Pause Young (Metadata GC Threshold)
[1.144s][debug][gc,phases   ] GC(0) Scavenge 10.779ms
[1.144s][debug][gc,ref      ] GC(0) Skipped phase 1 of Reference Processing: no references
[1.144s][debug][gc,ref      ] GC(0) ReferenceProcessor::execute queues: 1, RefProcThreadModel::Single, marks_oops_alive: false
[1.144s][debug][gc,ref      ] GC(0) Skipped phase 3 of Reference Processing: no references
[1.144s][debug][gc,ref      ] GC(0) ReferenceProcessor::execute queues: 1, RefProcThreadModel::Single, marks_oops_alive: false
[1.144s][debug][gc,phases   ] GC(0) Reference Processing 0.197ms
[1.144s][debug][gc,phases   ] GC(0)   VM Weak                        Min:  0.0, Avg:  0.0, Max:  0.0, Diff:  0.0, Sum:  0.0, Workers: 4
[1.144s][debug][gc,phases   ] GC(0)     Dead                           Min: 0, Avg:  0.0, Max: 0, Diff: 0, Sum: 0, Workers: 4
[1.144s][debug][gc,phases   ] GC(0)     Total                          Min: 0, Avg: 26.8, Max: 64, Diff: 64, Sum: 107, Workers: 4
[1.144s][debug][gc,phases   ] GC(0)   ObjectSynchronizer Weak        Min:  0.0, Avg:  0.0, Max:  0.0, Diff:  0.0, Sum:  0.0, Workers: 4
[1.144s][debug][gc,phases   ] GC(0)     Dead                           Min: 0, Avg:  0.5, Max: 2, Diff: 2, Sum: 2, Workers: 4
[1.144s][debug][gc,phases   ] GC(0)     Total                          Min: 0, Avg:  1.2, Max: 5, Diff: 5, Sum: 5, Workers: 4
[1.144s][debug][gc,phases   ] GC(0)   JVMTI Tag Weak OopStorage      Min:  0.0, Avg:  0.0, Max:  0.0, Diff:  0.0, Sum:  0.0, Workers: 4
[1.144s][debug][gc,phases   ] GC(0)     Dead                           Min: 0, Avg:  0.0, Max: 0, Diff: 0, Sum: 0, Workers: 4
[1.144s][debug][gc,phases   ] GC(0)     Total                          Min: 0, Avg:  0.0, Max: 0, Diff: 0, Sum: 0, Workers: 4
[1.144s][debug][gc,phases   ] GC(0)   StringTable Weak               Min:  0.1, Avg:  0.1, Max:  0.1, Diff:  0.0, Sum:  0.2, Workers: 4
[1.144s][debug][gc,phases   ] GC(0)     Dead                           Min: 2, Avg:  6.2, Max: 13, Diff: 11, Sum: 25, Workers: 4
[1.144s][debug][gc,phases   ] GC(0)     Total                          Min: 1920, Avg: 2844.0, Max: 4032, Diff: 2112, Sum: 11376, Workers: 4
[1.144s][debug][gc,phases   ] GC(0)   ResolvedMethodTable Weak       Min:  0.0, Avg:  0.0, Max:  0.0, Diff:  0.0, Sum:  0.0, Workers: 4
[1.144s][debug][gc,phases   ] GC(0)     Dead                           Min: 0, Avg:  6.8, Max: 14, Diff: 14, Sum: 27, Workers: 4
[1.144s][debug][gc,phases   ] GC(0)     Total                          Min: 64, Avg: 172.5, Max: 306, Diff: 242, Sum: 690, Workers: 4
[1.144s][debug][gc,phases   ] GC(0)   JNI Weak                       Min:  0.0, Avg:  0.0, Max:  0.0, Diff:  0.0, Sum:  0.0, Workers: 4
[1.144s][debug][gc,phases   ] GC(0)     Dead                           Min: 0, Avg:  0.0, Max: 0, Diff: 0, Sum: 0, Workers: 4
[1.144s][debug][gc,phases   ] GC(0)     Total                          Min: 0, Avg:  0.0, Max: 0, Diff: 0, Sum: 0, Workers: 4
[1.144s][debug][gc,phases   ] GC(0)   StringDedup Table Weak         Min:  0.0, Avg:  0.0, Max:  0.0, Diff:  0.0, Sum:  0.0, Workers: 4
[1.144s][debug][gc,phases   ] GC(0)     Dead                           Min: 0, Avg:  0.0, Max: 0, Diff: 0, Sum: 0, Workers: 4
[1.144s][debug][gc,phases   ] GC(0)     Total                          Min: 0, Avg:  0.0, Max: 0, Diff: 0, Sum: 0, Workers: 4
[1.144s][debug][gc,phases   ] GC(0)   StringDedup Requests0 Weak     Min:  0.0, Avg:  0.0, Max:  0.0, Diff:  0.0, Sum:  0.0, Workers: 4
[1.144s][debug][gc,phases   ] GC(0)     Dead                           Min: 0, Avg:  0.0, Max: 0, Diff: 0, Sum: 0, Workers: 4
[1.144s][debug][gc,phases   ] GC(0)     Total                          Min: 0, Avg:  0.0, Max: 0, Diff: 0, Sum: 0, Workers: 4
[1.144s][debug][gc,phases   ] GC(0)   StringDedup Requests1 Weak     Min:  0.0, Avg:  0.0, Max:  0.0, Diff:  0.0, Sum:  0.0, Workers: 4
[1.144s][debug][gc,phases   ] GC(0)     Dead                           Min: 0, Avg:  0.0, Max: 0, Diff: 0, Sum: 0, Workers: 4
[1.144s][debug][gc,phases   ] GC(0)     Total                          Min: 0, Avg:  0.0, Max: 0, Diff: 0, Sum: 0, Workers: 4
[1.144s][debug][gc,phases   ] GC(0)   Weak JFR Old Object Samples    Min:  0.0, Avg:  0.0, Max:  0.0, Diff:  0.0, Sum:  0.0, Workers: 4
[1.144s][debug][gc,phases   ] GC(0)     Dead                           Min: 0, Avg:  0.0, Max: 0, Diff: 0, Sum: 0, Workers: 4
[1.144s][debug][gc,phases   ] GC(0)     Total                          Min: 0, Avg:  0.0, Max: 0, Diff: 0, Sum: 0, Workers: 4
[1.144s][debug][gc,phases   ] GC(0) Weak Processing 0.231ms
[1.144s][debug][gc,age      ] GC(0) Desired survivor size 536870912 bytes, new threshold 7 (max threshold 15)
[1.144s][info ][gc,heap     ] GC(0) PSYoungGen: 230687K(1572864K)->24917K(1572864K) Eden: 230687K(1048576K)->0K(1048576K) From: 0K(524288K)->24917K(524288K)
[1.144s][info ][gc,heap     ] GC(0) ParOldGen: 0K(6144K)->88K(6144K)
[1.144s][info ][gc,metaspace] GC(0) Metaspace: 21250K(21504K)->21250K(21504K) NonClass: 18769K(18880K)->18769K(18880K) Class: 2481K(2624K)->2481K(2624K)
[1.144s][info ][gc          ] GC(0) Pause Young (Metadata GC Threshold) 225M->24M(1542M) 11.549ms
[1.144s][info ][gc,cpu      ] GC(0) User=0.02s Sys=0.03s Real=0.01s
[1.144s][debug][gc,phases   ] GC(1) Pre Compact 0.010ms
[1.144s][info ][gc,start    ] GC(1) Pause Full (Metadata GC Threshold)
[1.144s][info ][gc,phases,start] GC(1) Marking Phase
[1.151s][debug][gc,phases      ] GC(1) Par Mark 6.914ms
[1.151s][debug][gc,ref         ] GC(1) Skipped phase 1 of Reference Processing: no references
[1.151s][debug][gc,ref         ] GC(1) ReferenceProcessor::execute queues: 1, RefProcThreadModel::Single, marks_oops_alive: false
[1.151s][debug][gc,ref         ] GC(1) Skipped phase 3 of Reference Processing: no references
[1.151s][debug][gc,ref         ] GC(1) ReferenceProcessor::execute queues: 1, RefProcThreadModel::Single, marks_oops_alive: false
[1.151s][debug][gc,phases      ] GC(1) Reference Processing 0.041ms
[1.151s][debug][gc,phases      ] GC(1)   VM Weak                        Min:  0.0, Avg:  0.0, Max:  0.0, Diff:  0.0, Sum:  0.0, Workers: 4
[1.151s][debug][gc,phases      ] GC(1)     Dead                           Min: 0, Avg:  0.0, Max: 0, Diff: 0, Sum: 0, Workers: 4
[1.151s][debug][gc,phases      ] GC(1)     Total                          Min: 0, Avg: 26.8, Max: 107, Diff: 107, Sum: 107, Workers: 4
[1.151s][debug][gc,phases      ] GC(1)   ObjectSynchronizer Weak        Min:  0.0, Avg:  0.0, Max:  0.0, Diff:  0.0, Sum:  0.0, Workers: 4
[1.151s][debug][gc,phases      ] GC(1)     Dead                           Min: 0, Avg:  0.0, Max: 0, Diff: 0, Sum: 0, Workers: 4
[1.151s][debug][gc,phases      ] GC(1)     Total                          Min: 0, Avg:  1.2, Max: 5, Diff: 5, Sum: 5, Workers: 4
[1.151s][debug][gc,phases      ] GC(1)   JVMTI Tag Weak OopStorage      Min:  0.0, Avg:  0.0, Max:  0.0, Diff:  0.0, Sum:  0.0, Workers: 4
[1.151s][debug][gc,phases      ] GC(1)     Dead                           Min: 0, Avg:  0.0, Max: 0, Diff: 0, Sum: 0, Workers: 4
[1.151s][debug][gc,phases      ] GC(1)     Total                          Min: 0, Avg:  0.0, Max: 0, Diff: 0, Sum: 0, Workers: 4
[1.151s][debug][gc,phases      ] GC(1)   StringTable Weak               Min:  0.0, Avg:  0.0, Max:  0.0, Diff:  0.0, Sum:  0.1, Workers: 4
[1.151s][debug][gc,phases      ] GC(1)     Dead                           Min: 0, Avg:  0.0, Max: 0, Diff: 0, Sum: 0, Workers: 4
[1.151s][debug][gc,phases      ] GC(1)     Total                          Min: 2624, Avg: 2844.0, Max: 3328, Diff: 704, Sum: 11376, Workers: 4
[1.151s][debug][gc,phases      ] GC(1)   ResolvedMethodTable Weak       Min:  0.0, Avg:  0.0, Max:  0.0, Diff:  0.0, Sum:  0.0, Workers: 4
[1.151s][debug][gc,phases      ] GC(1)     Dead                           Min: 0, Avg:  0.0, Max: 0, Diff: 0, Sum: 0, Workers: 4
[1.151s][debug][gc,phases      ] GC(1)     Total                          Min: 128, Avg: 172.5, Max: 242, Diff: 114, Sum: 690, Workers: 4
[1.151s][debug][gc,phases      ] GC(1)   JNI Weak                       Min:  0.0, Avg:  0.0, Max:  0.0, Diff:  0.0, Sum:  0.0, Workers: 4
[1.151s][debug][gc,phases      ] GC(1)     Dead                           Min: 0, Avg:  0.0, Max: 0, Diff: 0, Sum: 0, Workers: 4
[1.151s][debug][gc,phases      ] GC(1)     Total                          Min: 0, Avg:  0.0, Max: 0, Diff: 0, Sum: 0, Workers: 4
[1.151s][debug][gc,phases      ] GC(1)   StringDedup Table Weak         Min:  0.0, Avg:  0.0, Max:  0.0, Diff:  0.0, Sum:  0.0, Workers: 4
[1.151s][debug][gc,phases      ] GC(1)     Dead                           Min: 0, Avg:  0.0, Max: 0, Diff: 0, Sum: 0, Workers: 4
[1.151s][debug][gc,phases      ] GC(1)     Total                          Min: 0, Avg:  0.0, Max: 0, Diff: 0, Sum: 0, Workers: 4
[1.151s][debug][gc,phases      ] GC(1)   StringDedup Requests0 Weak     Min:  0.0, Avg:  0.0, Max:  0.0, Diff:  0.0, Sum:  0.0, Workers: 4
[1.151s][debug][gc,phases      ] GC(1)     Dead                           Min: 0, Avg:  0.0, Max: 0, Diff: 0, Sum: 0, Workers: 4
[1.151s][debug][gc,phases      ] GC(1)     Total                          Min: 0, Avg:  0.0, Max: 0, Diff: 0, Sum: 0, Workers: 4
[1.151s][debug][gc,phases      ] GC(1)   StringDedup Requests1 Weak     Min:  0.0, Avg:  0.0, Max:  0.0, Diff:  0.0, Sum:  0.0, Workers: 4
[1.151s][debug][gc,phases      ] GC(1)     Dead                           Min: 0, Avg:  0.0, Max: 0, Diff: 0, Sum: 0, Workers: 4
[1.151s][debug][gc,phases      ] GC(1)     Total                          Min: 0, Avg:  0.0, Max: 0, Diff: 0, Sum: 0, Workers: 4
[1.151s][debug][gc,phases      ] GC(1)   Weak JFR Old Object Samples    Min:  0.0, Avg:  0.0, Max:  0.0, Diff:  0.0, Sum:  0.0, Workers: 4
[1.151s][debug][gc,phases      ] GC(1)     Dead                           Min: 0, Avg:  0.0, Max: 0, Diff: 0, Sum: 0, Workers: 4
[1.151s][debug][gc,phases      ] GC(1)     Total                          Min: 0, Avg:  0.0, Max: 0, Diff: 0, Sum: 0, Workers: 4
[1.151s][debug][gc,phases      ] GC(1) Weak Processing 0.178ms
[1.151s][debug][gc,phases      ] GC(1) ClassLoaderData 0.006ms
[1.151s][debug][gc,phases      ] GC(1) Trigger cleanups 0.000ms
[1.153s][debug][gc,phases      ] GC(1) Class Unloading 1.768ms
[1.153s][info ][gc,phases      ] GC(1) Marking Phase 8.965ms
[1.153s][info ][gc,phases,start] GC(1) Summary Phase
[1.153s][info ][gc,phases      ] GC(1) Summary Phase 0.005ms
[1.153s][info ][gc,phases,start] GC(1) Adjust Roots
[1.155s][info ][gc,phases      ] GC(1) Adjust Roots 2.289ms
[1.155s][info ][gc,phases,start] GC(1) Compaction Phase
[1.169s][info ][gc,phases      ] GC(1) Compaction Phase 13.089ms
[1.169s][info ][gc,phases,start] GC(1) Post Compact
[1.169s][info ][gc,phases      ] GC(1) Post Compact 0.494ms
[1.169s][info ][gc,heap        ] GC(1) PSYoungGen: 24917K(1572864K)->19161K(1572864K) Eden: 0K(1048576K)->0K(1048576K) From: 24917K(524288K)->19161K(524288K)
[1.169s][info ][gc,heap        ] GC(1) ParOldGen: 88K(6144K)->5692K(6144K)
[1.169s][info ][gc,metaspace   ] GC(1) Metaspace: 21250K(21504K)->21250K(21504K) NonClass: 18769K(18880K)->18769K(18880K) Class: 2481K(2624K)->2481K(2624K)
[1.169s][info ][gc             ] GC(1) Pause Full (Metadata GC Threshold) 24M->24M(1542M) 24.951ms
[1.169s][info ][gc,cpu         ] GC(1) User=0.09s Sys=0.00s Real=0.03s
[1.169s][info ][safepoint      ] Safepoint "CollectForMetadataAllocation", Time since last: 42619653 ns, Reaching safepoint: 119401 ns, At safepoint: 36605418 ns, Total: 36724819 ns
[1.573s][info ][safepoint      ] Safepoint "ICBufferFull", Time since last: 403478200 ns, Reaching safepoint: 150401 ns, At safepoint: 10300 ns, Total: 160701 ns
[1.621s][info ][safepoint      ] Safepoint "ICBufferFull", Time since last: 48557688 ns, Reaching safepoint: 161001 ns, At safepoint: 8400 ns, Total: 169401 ns
[1.708s][info ][safepoint      ] Safepoint "ICBufferFull", Time since last: 86294914 ns, Reaching safepoint: 215601 ns, At safepoint: 7200 ns, Total: 222801 ns
[1.865s][info ][safepoint      ] Safepoint "ICBufferFull", Time since last: 156561331 ns, Reaching safepoint: 178201 ns, At safepoint: 4800 ns, Total: 183001 ns
[2.099s][info ][safepoint      ] Safepoint "ICBufferFull", Time since last: 234403094 ns, Reaching safepoint: 158201 ns, At safepoint: 5400 ns, Total: 163601 ns
[2.216s][info ][safepoint      ] Safepoint "ICBufferFull", Time since last: 116405493 ns, Reaching safepoint: 177801 ns, At safepoint: 7200 ns, Total: 185001 ns
[2.285s][info ][gc,start       ] GC(2) Pause Young (Metadata GC Threshold)
[2.317s][debug][gc,phases      ] GC(2) Scavenge 32.579ms
[2.317s][debug][gc,ref         ] GC(2) Skipped phase 1 of Reference Processing: no references
[2.317s][debug][gc,ref         ] GC(2) ReferenceProcessor::execute queues: 2, RefProcThreadModel::Multi, marks_oops_alive: false
[2.317s][debug][gc,ref         ] GC(2) Skipped phase 3 of Reference Processing: no references
[2.317s][debug][gc,ref         ] GC(2) ReferenceProcessor::execute queues: 1, RefProcThreadModel::Single, marks_oops_alive: false
[2.317s][debug][gc,phases      ] GC(2) Reference Processing 0.264ms
[2.318s][debug][gc,phases      ] GC(2)   VM Weak                        Min:  0.0, Avg:  0.0, Max:  0.0, Diff:  0.0, Sum:  0.0, Workers: 4
[2.318s][debug][gc,phases      ] GC(2)     Dead                           Min: 0, Avg:  0.0, Max: 0, Diff: 0, Sum: 0, Workers: 4
[2.318s][debug][gc,phases      ] GC(2)     Total                          Min: 0, Avg: 75.5, Max: 174, Diff: 174, Sum: 302, Workers: 4
[2.318s][debug][gc,phases      ] GC(2)   ObjectSynchronizer Weak        Min:  0.0, Avg:  0.0, Max:  0.0, Diff:  0.0, Sum:  0.0, Workers: 4
[2.318s][debug][gc,phases      ] GC(2)     Dead                           Min: 0, Avg:  0.2, Max: 1, Diff: 1, Sum: 1, Workers: 4
[2.318s][debug][gc,phases      ] GC(2)     Total                          Min: 0, Avg:  2.5, Max: 10, Diff: 10, Sum: 10, Workers: 4
[2.318s][debug][gc,phases      ] GC(2)   JVMTI Tag Weak OopStorage      Min:  0.0, Avg:  0.0, Max:  0.0, Diff:  0.0, Sum:  0.0, Workers: 4
[2.318s][debug][gc,phases      ] GC(2)     Dead                           Min: 0, Avg:  0.0, Max: 0, Diff: 0, Sum: 0, Workers: 4
[2.318s][debug][gc,phases      ] GC(2)     Total                          Min: 0, Avg:  0.0, Max: 0, Diff: 0, Sum: 0, Workers: 4
[2.318s][debug][gc,phases      ] GC(2)   StringTable Weak               Min:  0.1, Avg:  0.1, Max:  0.1, Diff:  0.0, Sum:  0.6, Workers: 4
[2.318s][debug][gc,phases      ] GC(2)     Dead                           Min: 1, Avg:  7.8, Max: 17, Diff: 16, Sum: 31, Workers: 4
[2.318s][debug][gc,phases      ] GC(2)     Total                          Min: 4160, Avg: 5005.8, Max: 6327, Diff: 2167, Sum: 20023, Workers: 4
[2.318s][debug][gc,phases      ] GC(2)   ResolvedMethodTable Weak       Min:  0.0, Avg:  0.0, Max:  0.0, Diff:  0.0, Sum:  0.1, Workers: 4
[2.318s][debug][gc,phases      ] GC(2)     Dead                           Min: 3, Avg: 17.5, Max: 36, Diff: 33, Sum: 70, Workers: 4
[2.318s][debug][gc,phases      ] GC(2)     Total                          Min: 384, Avg: 491.2, Max: 640, Diff: 256, Sum: 1965, Workers: 4
[2.318s][debug][gc,phases      ] GC(2)   JNI Weak                       Min:  0.0, Avg:  0.0, Max:  0.0, Diff:  0.0, Sum:  0.0, Workers: 4
[2.318s][debug][gc,phases      ] GC(2)     Dead                           Min: 0, Avg:  0.0, Max: 0, Diff: 0, Sum: 0, Workers: 4
[2.318s][debug][gc,phases      ] GC(2)     Total                          Min: 0, Avg:  0.0, Max: 0, Diff: 0, Sum: 0, Workers: 4
[2.318s][debug][gc,phases      ] GC(2)   StringDedup Table Weak         Min:  0.0, Avg:  0.0, Max:  0.0, Diff:  0.0, Sum:  0.0, Workers: 4
[2.318s][debug][gc,phases      ] GC(2)     Dead                           Min: 0, Avg:  0.0, Max: 0, Diff: 0, Sum: 0, Workers: 4
[2.318s][debug][gc,phases      ] GC(2)     Total                          Min: 0, Avg:  0.0, Max: 0, Diff: 0, Sum: 0, Workers: 4
[2.318s][debug][gc,phases      ] GC(2)   StringDedup Requests0 Weak     Min:  0.0, Avg:  0.0, Max:  0.0, Diff:  0.0, Sum:  0.0, Workers: 4
[2.318s][debug][gc,phases      ] GC(2)     Dead                           Min: 0, Avg:  0.0, Max: 0, Diff: 0, Sum: 0, Workers: 4
[2.318s][debug][gc,phases      ] GC(2)     Total                          Min: 0, Avg:  0.0, Max: 0, Diff: 0, Sum: 0, Workers: 4
[2.318s][debug][gc,phases      ] GC(2)   StringDedup Requests1 Weak     Min:  0.0, Avg:  0.0, Max:  0.0, Diff:  0.0, Sum:  0.0, Workers: 4
[2.318s][debug][gc,phases      ] GC(2)     Dead                           Min: 0, Avg:  0.0, Max: 0, Diff: 0, Sum: 0, Workers: 4
[2.318s][debug][gc,phases      ] GC(2)     Total                          Min: 0, Avg:  0.0, Max: 0, Diff: 0, Sum: 0, Workers: 4
[2.318s][debug][gc,phases      ] GC(2)   Weak JFR Old Object Samples    Min:  0.0, Avg:  0.0, Max:  0.0, Diff:  0.0, Sum:  0.0, Workers: 4
[2.318s][debug][gc,phases      ] GC(2)     Dead                           Min: 0, Avg:  0.0, Max: 0, Diff: 0, Sum: 0, Workers: 4
[2.318s][debug][gc,phases      ] GC(2)     Total                          Min: 0, Avg:  0.0, Max: 0, Diff: 0, Sum: 0, Workers: 4
[2.318s][debug][gc,phases      ] GC(2) Weak Processing 0.316ms
[2.318s][debug][gc,age         ] GC(2) Desired survivor size 536870912 bytes, new threshold 7 (max threshold 15)
[2.318s][info ][gc,heap        ] GC(2) PSYoungGen: 485778K(1572864K)->65882K(1572864K) Eden: 466617K(1048576K)->0K(1048576K) From: 19161K(524288K)->65882K(524288K)
[2.318s][info ][gc,heap        ] GC(2) ParOldGen: 5692K(6144K)->5700K(6144K)
[2.318s][info ][gc,metaspace   ] GC(2) Metaspace: 35393K(35840K)->35393K(35840K) NonClass: 30881K(31104K)->30881K(31104K) Class: 4511K(4736K)->4511K(4736K)
[2.318s][info ][gc             ] GC(2) Pause Young (Metadata GC Threshold) 479M->69M(1542M) 33.272ms
[2.318s][info ][gc,cpu         ] GC(2) User=0.14s Sys=0.00s Real=0.03s
[2.318s][debug][gc,phases      ] GC(3) Pre Compact 0.008ms
[2.318s][info ][gc,start       ] GC(3) Pause Full (Metadata GC Threshold)
[2.318s][info ][gc,phases,start] GC(3) Marking Phase
[2.334s][debug][gc,phases      ] GC(3) Par Mark 16.606ms
[2.335s][debug][gc,ref         ] GC(3) Skipped phase 1 of Reference Processing: no references
[2.335s][debug][gc,ref         ] GC(3) ReferenceProcessor::execute queues: 2, RefProcThreadModel::Multi, marks_oops_alive: false
[2.335s][debug][gc,ref         ] GC(3) Skipped phase 3 of Reference Processing: no references
[2.335s][debug][gc,ref         ] GC(3) ReferenceProcessor::execute queues: 1, RefProcThreadModel::Single, marks_oops_alive: false
[2.335s][debug][gc,phases      ] GC(3) Reference Processing 0.130ms
[2.335s][debug][gc,phases      ] GC(3)   VM Weak                        Min:  0.0, Avg:  0.0, Max:  0.0, Diff:  0.0, Sum:  0.0, Workers: 4
[2.335s][debug][gc,phases      ] GC(3)     Dead                           Min: 0, Avg:  0.0, Max: 0, Diff: 0, Sum: 0, Workers: 4
[2.335s][debug][gc,phases      ] GC(3)     Total                          Min: 0, Avg: 75.5, Max: 192, Diff: 192, Sum: 302, Workers: 4
[2.335s][debug][gc,phases      ] GC(3)   ObjectSynchronizer Weak        Min:  0.0, Avg:  0.0, Max:  0.0, Diff:  0.0, Sum:  0.0, Workers: 4
[2.335s][debug][gc,phases      ] GC(3)     Dead                           Min: 0, Avg:  0.0, Max: 0, Diff: 0, Sum: 0, Workers: 4
[2.335s][debug][gc,phases      ] GC(3)     Total                          Min: 0, Avg:  2.5, Max: 10, Diff: 10, Sum: 10, Workers: 4
[2.335s][debug][gc,phases      ] GC(3)   JVMTI Tag Weak OopStorage      Min:  0.0, Avg:  0.0, Max:  0.0, Diff:  0.0, Sum:  0.0, Workers: 4
[2.335s][debug][gc,phases      ] GC(3)     Dead                           Min: 0, Avg:  0.0, Max: 0, Diff: 0, Sum: 0, Workers: 4
[2.335s][debug][gc,phases      ] GC(3)     Total                          Min: 0, Avg:  0.0, Max: 0, Diff: 0, Sum: 0, Workers: 4
[2.335s][debug][gc,phases      ] GC(3)   StringTable Weak               Min:  0.1, Avg:  0.1, Max:  0.1, Diff:  0.0, Sum:  0.2, Workers: 4
[2.335s][debug][gc,phases      ] GC(3)     Dead                           Min: 0, Avg:  0.2, Max: 1, Diff: 1, Sum: 1, Workers: 4
[2.335s][debug][gc,phases      ] GC(3)     Total                          Min: 4151, Avg: 5005.8, Max: 5952, Diff: 1801, Sum: 20023, Workers: 4
[2.335s][debug][gc,phases      ] GC(3)   ResolvedMethodTable Weak       Min:  0.0, Avg:  0.0, Max:  0.0, Diff:  0.0, Sum:  0.0, Workers: 4
[2.335s][debug][gc,phases      ] GC(3)     Dead                           Min: 0, Avg:  0.0, Max: 0, Diff: 0, Sum: 0, Workers: 4
[2.335s][debug][gc,phases      ] GC(3)     Total                          Min: 384, Avg: 491.2, Max: 576, Diff: 192, Sum: 1965, Workers: 4
[2.335s][debug][gc,phases      ] GC(3)   JNI Weak                       Min:  0.0, Avg:  0.0, Max:  0.0, Diff:  0.0, Sum:  0.0, Workers: 4
[2.335s][debug][gc,phases      ] GC(3)     Dead                           Min: 0, Avg:  0.0, Max: 0, Diff: 0, Sum: 0, Workers: 4
[2.335s][debug][gc,phases      ] GC(3)     Total                          Min: 0, Avg:  0.0, Max: 0, Diff: 0, Sum: 0, Workers: 4
[2.335s][debug][gc,phases      ] GC(3)   StringDedup Table Weak         Min:  0.0, Avg:  0.0, Max:  0.0, Diff:  0.0, Sum:  0.0, Workers: 4
[2.335s][debug][gc,phases      ] GC(3)     Dead                           Min: 0, Avg:  0.0, Max: 0, Diff: 0, Sum: 0, Workers: 4
[2.335s][debug][gc,phases      ] GC(3)     Total                          Min: 0, Avg:  0.0, Max: 0, Diff: 0, Sum: 0, Workers: 4
[2.335s][debug][gc,phases      ] GC(3)   StringDedup Requests0 Weak     Min:  0.0, Avg:  0.0, Max:  0.0, Diff:  0.0, Sum:  0.0, Workers: 4
[2.335s][debug][gc,phases      ] GC(3)     Dead                           Min: 0, Avg:  0.0, Max: 0, Diff: 0, Sum: 0, Workers: 4
[2.335s][debug][gc,phases      ] GC(3)     Total                          Min: 0, Avg:  0.0, Max: 0, Diff: 0, Sum: 0, Workers: 4
[2.335s][debug][gc,phases      ] GC(3)   StringDedup Requests1 Weak     Min:  0.0, Avg:  0.0, Max:  0.0, Diff:  0.0, Sum:  0.0, Workers: 4
[2.335s][debug][gc,phases      ] GC(3)     Dead                           Min: 0, Avg:  0.0, Max: 0, Diff: 0, Sum: 0, Workers: 4
[2.335s][debug][gc,phases      ] GC(3)     Total                          Min: 0, Avg:  0.0, Max: 0, Diff: 0, Sum: 0, Workers: 4
[2.335s][debug][gc,phases      ] GC(3)   Weak JFR Old Object Samples    Min:  0.0, Avg:  0.0, Max:  0.0, Diff:  0.0, Sum:  0.0, Workers: 4
[2.335s][debug][gc,phases      ] GC(3)     Dead                           Min: 0, Avg:  0.0, Max: 0, Diff: 0, Sum: 0, Workers: 4
[2.335s][debug][gc,phases      ] GC(3)     Total                          Min: 0, Avg:  0.0, Max: 0, Diff: 0, Sum: 0, Workers: 4
[2.335s][debug][gc,phases      ] GC(3) Weak Processing 0.214ms
[2.335s][debug][gc,phases      ] GC(3) ClassLoaderData 0.036ms
[2.335s][debug][gc,phases      ] GC(3) Trigger cleanups 0.000ms
[2.338s][debug][gc,phases      ] GC(3) Class Unloading 3.317ms
[2.338s][info ][gc,phases      ] GC(3) Marking Phase 20.354ms
[2.338s][info ][gc,phases,start] GC(3) Summary Phase
[2.338s][info ][gc,phases      ] GC(3) Summary Phase 0.006ms
[2.338s][info ][gc,phases,start] GC(3) Adjust Roots
[2.342s][info ][gc,phases      ] GC(3) Adjust Roots 3.867ms
[2.342s][info ][gc,phases,start] GC(3) Compaction Phase
[2.443s][info ][gc,phases      ] GC(3) Compaction Phase 101.275ms
[2.443s][info ][gc,phases,start] GC(3) Post Compact
[2.444s][info ][gc,phases      ] GC(3) Post Compact 0.584ms
[2.444s][info ][gc,heap        ] GC(3) PSYoungGen: 65882K(1572864K)->58847K(1572864K) Eden: 0K(1048576K)->0K(1048576K) From: 65882K(524288K)->58847K(524288K)
[2.444s][info ][gc,heap        ] GC(3) ParOldGen: 5700K(6144K)->5645K(6144K)
[2.444s][info ][gc,metaspace   ] GC(3) Metaspace: 35393K(35840K)->35393K(35840K) NonClass: 30881K(31104K)->30881K(31104K) Class: 4511K(4736K)->4511K(4736K)
[2.444s][info ][gc             ] GC(3) Pause Full (Metadata GC Threshold) 69M->62M(1542M) 126.192ms
[2.444s][info ][gc,cpu         ] GC(3) User=0.43s Sys=0.00s Real=0.13s
[2.444s][info ][safepoint      ] Safepoint "CollectForMetadataAllocation", Time since last: 68554407 ns, Reaching safepoint: 44801 ns, At safepoint: 159562748 ns, Total: 159607549 ns
[2.616s][info ][safepoint      ] Safepoint "ICBufferFull", Time since last: 172258024 ns, Reaching safepoint: 139201 ns, At safepoint: 5100 ns, Total: 144301 ns
[3.012s][info ][safepoint      ] Safepoint "ICBufferFull", Time since last: 395262650 ns, Reaching safepoint: 160701 ns, At safepoint: 5300 ns, Total: 166001 ns
[3.257s][info ][safepoint      ] Safepoint "ICBufferFull", Time since last: 245040457 ns, Reaching safepoint: 139101 ns, At safepoint: 5900 ns, Total: 145001 ns
[3.560s][info ][safepoint      ] Safepoint "ICBufferFull", Time since last: 303181302 ns, Reaching safepoint: 162101 ns, At safepoint: 5800 ns, Total: 167901 ns
[3.603s][info ][safepoint      ] Safepoint "ICBufferFull", Time since last: 42433952 ns, Reaching safepoint: 136101 ns, At safepoint: 10200 ns, Total: 146301 ns
[3.678s][info ][safepoint      ] Safepoint "ICBufferFull", Time since last: 74449342 ns, Reaching safepoint: 147001 ns, At safepoint: 5800 ns, Total: 152801 ns
[3.733s][info ][safepoint      ] Safepoint "ICBufferFull", Time since last: 55120728 ns, Reaching safepoint: 144900 ns, At safepoint: 9600 ns, Total: 154500 ns
[3.990s][info ][safepoint      ] Safepoint "ICBufferFull", Time since last: 257223629 ns, Reaching safepoint: 167701 ns, At safepoint: 13500 ns, Total: 181201 ns
[4.038s][info ][safepoint      ] Safepoint "ICBufferFull", Time since last: 47819184 ns, Reaching safepoint: 242902 ns, At safepoint: 7400 ns, Total: 250302 ns
[4.308s][info ][safepoint      ] Safepoint "ICBufferFull", Time since last: 269717803 ns, Reaching safepoint: 262501 ns, At safepoint: 19800 ns, Total: 282301 ns
[4.471s][info ][gc,start       ] GC(4) Pause Young (Metadata GC Threshold)
[4.521s][debug][gc,phases      ] GC(4) Scavenge 50.001ms
[4.521s][debug][gc,ref         ] GC(4) Skipped phase 1 of Reference Processing: no references
[4.521s][debug][gc,ref         ] GC(4) ReferenceProcessor::execute queues: 4, RefProcThreadModel::Multi, marks_oops_alive: false
[4.521s][debug][gc,ref         ] GC(4) Skipped phase 3 of Reference Processing: no references
[4.521s][debug][gc,ref         ] GC(4) ReferenceProcessor::execute queues: 4, RefProcThreadModel::Multi, marks_oops_alive: false
[4.521s][debug][gc,phases      ] GC(4) Reference Processing 0.356ms
[4.521s][debug][gc,phases      ] GC(4)   VM Weak                        Min:  0.0, Avg:  0.0, Max:  0.0, Diff:  0.0, Sum:  0.0, Workers: 4
[4.521s][debug][gc,phases      ] GC(4)     Dead                           Min: 0, Avg:  0.0, Max: 0, Diff: 0, Sum: 0, Workers: 4
[4.521s][debug][gc,phases      ] GC(4)     Total                          Min: 0, Avg: 120.0, Max: 352, Diff: 352, Sum: 480, Workers: 4
[4.521s][debug][gc,phases      ] GC(4)   ObjectSynchronizer Weak        Min:  0.0, Avg:  0.0, Max:  0.0, Diff:  0.0, Sum:  0.0, Workers: 4
[4.521s][debug][gc,phases      ] GC(4)     Dead                           Min: 0, Avg:  1.2, Max: 5, Diff: 5, Sum: 5, Workers: 4
[4.521s][debug][gc,phases      ] GC(4)     Total                          Min: 0, Avg:  7.8, Max: 31, Diff: 31, Sum: 31, Workers: 4
[4.521s][debug][gc,phases      ] GC(4)   JVMTI Tag Weak OopStorage      Min:  0.0, Avg:  0.0, Max:  0.0, Diff:  0.0, Sum:  0.0, Workers: 4
[4.521s][debug][gc,phases      ] GC(4)     Dead                           Min: 0, Avg:  0.0, Max: 0, Diff: 0, Sum: 0, Workers: 4
[4.521s][debug][gc,phases      ] GC(4)     Total                          Min: 0, Avg:  0.0, Max: 0, Diff: 0, Sum: 0, Workers: 4
[4.521s][debug][gc,phases      ] GC(4)   StringTable Weak               Min:  0.2, Avg:  0.2, Max:  0.2, Diff:  0.0, Sum:  0.9, Workers: 4
[4.521s][debug][gc,phases      ] GC(4)     Dead                           Min: 2, Avg:  7.2, Max: 21, Diff: 19, Sum: 29, Workers: 4
[4.521s][debug][gc,phases      ] GC(4)     Total                          Min: 8256, Avg: 10173.5, Max: 12150, Diff: 3894, Sum: 40694, Workers: 4
[4.521s][debug][gc,phases      ] GC(4)   ResolvedMethodTable Weak       Min:  0.0, Avg:  0.0, Max:  0.0, Diff:  0.0, Sum:  0.2, Workers: 4
[4.521s][debug][gc,phases      ] GC(4)     Dead                           Min: 45, Avg: 52.2, Max: 57, Diff: 12, Sum: 209, Workers: 4
[4.521s][debug][gc,phases      ] GC(4)     Total                          Min: 1216, Avg: 1525.5, Max: 2006, Diff: 790, Sum: 6102, Workers: 4
[4.521s][debug][gc,phases      ] GC(4)   JNI Weak                       Min:  0.0, Avg:  0.0, Max:  0.0, Diff:  0.0, Sum:  0.0, Workers: 4
[4.521s][debug][gc,phases      ] GC(4)     Dead                           Min: 0, Avg:  0.0, Max: 0, Diff: 0, Sum: 0, Workers: 4
[4.521s][debug][gc,phases      ] GC(4)     Total                          Min: 0, Avg:  0.8, Max: 3, Diff: 3, Sum: 3, Workers: 4
[4.521s][debug][gc,phases      ] GC(4)   StringDedup Table Weak         Min:  0.0, Avg:  0.0, Max:  0.0, Diff:  0.0, Sum:  0.0, Workers: 4
[4.521s][debug][gc,phases      ] GC(4)     Dead                           Min: 0, Avg:  0.0, Max: 0, Diff: 0, Sum: 0, Workers: 4
[4.521s][debug][gc,phases      ] GC(4)     Total                          Min: 0, Avg:  0.0, Max: 0, Diff: 0, Sum: 0, Workers: 4
[4.521s][debug][gc,phases      ] GC(4)   StringDedup Requests0 Weak     Min:  0.0, Avg:  0.0, Max:  0.0, Diff:  0.0, Sum:  0.0, Workers: 4
[4.521s][debug][gc,phases      ] GC(4)     Dead                           Min: 0, Avg:  0.0, Max: 0, Diff: 0, Sum: 0, Workers: 4
[4.521s][debug][gc,phases      ] GC(4)     Total                          Min: 0, Avg:  0.0, Max: 0, Diff: 0, Sum: 0, Workers: 4
[4.521s][debug][gc,phases      ] GC(4)   StringDedup Requests1 Weak     Min:  0.0, Avg:  0.0, Max:  0.0, Diff:  0.0, Sum:  0.0, Workers: 4
[4.521s][debug][gc,phases      ] GC(4)     Dead                           Min: 0, Avg:  0.0, Max: 0, Diff: 0, Sum: 0, Workers: 4
[4.521s][debug][gc,phases      ] GC(4)     Total                          Min: 0, Avg:  0.0, Max: 0, Diff: 0, Sum: 0, Workers: 4
[4.521s][debug][gc,phases      ] GC(4)   Weak JFR Old Object Samples    Min:  0.0, Avg:  0.0, Max:  0.0, Diff:  0.0, Sum:  0.0, Workers: 4
[4.521s][debug][gc,phases      ] GC(4)     Dead                           Min: 0, Avg:  0.0, Max: 0, Diff: 0, Sum: 0, Workers: 4
[4.521s][debug][gc,phases      ] GC(4)     Total                          Min: 0, Avg:  0.0, Max: 0, Diff: 0, Sum: 0, Workers: 4
[4.521s][debug][gc,phases      ] GC(4) Weak Processing 0.511ms
[4.521s][debug][gc,age         ] GC(4) Desired survivor size 536870912 bytes, new threshold 7 (max threshold 15)
[4.521s][info ][gc,heap        ] GC(4) PSYoungGen: 656756K(1572864K)->106961K(1572864K) Eden: 597909K(1048576K)->0K(1048576K) From: 58847K(524288K)->106961K(524288K)
[4.522s][info ][gc,heap        ] GC(4) ParOldGen: 5645K(6144K)->5661K(6144K)
[4.522s][info ][gc,metaspace   ] GC(4) Metaspace: 59127K(59776K)->59127K(59776K) NonClass: 50290K(50624K)->50290K(50624K) Class: 8837K(9152K)->8837K(9152K)
[4.522s][info ][gc             ] GC(4) Pause Young (Metadata GC Threshold) 646M->109M(1542M) 51.009ms
[4.522s][info ][gc,cpu         ] GC(4) User=0.22s Sys=0.01s Real=0.05s
[4.522s][debug][gc,phases      ] GC(5) Pre Compact 0.013ms
[4.522s][info ][gc,start       ] GC(5) Pause Full (Metadata GC Threshold)
[4.522s][info ][gc,phases,start] GC(5) Marking Phase
[4.552s][debug][gc,phases      ] GC(5) Par Mark 30.084ms
[4.552s][debug][gc,ref         ] GC(5) Skipped phase 1 of Reference Processing: no references
[4.552s][debug][gc,ref         ] GC(5) ReferenceProcessor::execute queues: 4, RefProcThreadModel::Multi, marks_oops_alive: false
[4.552s][debug][gc,ref         ] GC(5) Skipped phase 3 of Reference Processing: no references
[4.552s][debug][gc,ref         ] GC(5) ReferenceProcessor::execute queues: 1, RefProcThreadModel::Single, marks_oops_alive: false
[4.552s][debug][gc,phases      ] GC(5) Reference Processing 0.432ms
[4.552s][debug][gc,phases      ] GC(5)   VM Weak                        Min:  0.0, Avg:  0.0, Max:  0.0, Diff:  0.0, Sum:  0.0, Workers: 4
[4.552s][debug][gc,phases      ] GC(5)     Dead                           Min: 0, Avg:  0.0, Max: 0, Diff: 0, Sum: 0, Workers: 4
[4.552s][debug][gc,phases      ] GC(5)     Total                          Min: 0, Avg: 120.0, Max: 288, Diff: 288, Sum: 480, Workers: 4
[4.552s][debug][gc,phases      ] GC(5)   ObjectSynchronizer Weak        Min:  0.0, Avg:  0.0, Max:  0.0, Diff:  0.0, Sum:  0.0, Workers: 4
[4.552s][debug][gc,phases      ] GC(5)     Dead                           Min: 0, Avg:  0.0, Max: 0, Diff: 0, Sum: 0, Workers: 4
[4.552s][debug][gc,phases      ] GC(5)     Total                          Min: 0, Avg:  7.8, Max: 31, Diff: 31, Sum: 31, Workers: 4
[4.552s][debug][gc,phases      ] GC(5)   JVMTI Tag Weak OopStorage      Min:  0.0, Avg:  0.0, Max:  0.0, Diff:  0.0, Sum:  0.0, Workers: 4
[4.552s][debug][gc,phases      ] GC(5)     Dead                           Min: 0, Avg:  0.0, Max: 0, Diff: 0, Sum: 0, Workers: 4
[4.552s][debug][gc,phases      ] GC(5)     Total                          Min: 0, Avg:  0.0, Max: 0, Diff: 0, Sum: 0, Workers: 4
[4.552s][debug][gc,phases      ] GC(5)   StringTable Weak               Min:  0.1, Avg:  0.1, Max:  0.1, Diff:  0.0, Sum:  0.4, Workers: 4
[4.552s][debug][gc,phases      ] GC(5)     Dead                           Min: 0, Avg:  0.0, Max: 0, Diff: 0, Sum: 0, Workers: 4
[4.552s][debug][gc,phases      ] GC(5)     Total                          Min: 9846, Avg: 10173.5, Max: 10560, Diff: 714, Sum: 40694, Workers: 4
[4.552s][debug][gc,phases      ] GC(5)   ResolvedMethodTable Weak       Min:  0.0, Avg:  0.0, Max:  0.0, Diff:  0.0, Sum:  0.1, Workers: 4
[4.552s][debug][gc,phases      ] GC(5)     Dead                           Min: 0, Avg:  0.0, Max: 0, Diff: 0, Sum: 0, Workers: 4
[4.552s][debug][gc,phases      ] GC(5)     Total                          Min: 1408, Avg: 1525.5, Max: 1622, Diff: 214, Sum: 6102, Workers: 4
[4.552s][debug][gc,phases      ] GC(5)   JNI Weak                       Min:  0.0, Avg:  0.0, Max:  0.0, Diff:  0.0, Sum:  0.0, Workers: 4
[4.552s][debug][gc,phases      ] GC(5)     Dead                           Min: 0, Avg:  0.0, Max: 0, Diff: 0, Sum: 0, Workers: 4
[4.552s][debug][gc,phases      ] GC(5)     Total                          Min: 0, Avg:  0.8, Max: 3, Diff: 3, Sum: 3, Workers: 4
[4.553s][debug][gc,phases      ] GC(5)   StringDedup Table Weak         Min:  0.0, Avg:  0.0, Max:  0.0, Diff:  0.0, Sum:  0.0, Workers: 4
[4.553s][debug][gc,phases      ] GC(5)     Dead                           Min: 0, Avg:  0.0, Max: 0, Diff: 0, Sum: 0, Workers: 4
[4.553s][debug][gc,phases      ] GC(5)     Total                          Min: 0, Avg:  0.0, Max: 0, Diff: 0, Sum: 0, Workers: 4
[4.553s][debug][gc,phases      ] GC(5)   StringDedup Requests0 Weak     Min:  0.0, Avg:  0.0, Max:  0.0, Diff:  0.0, Sum:  0.0, Workers: 4
[4.553s][debug][gc,phases      ] GC(5)     Dead                           Min: 0, Avg:  0.0, Max: 0, Diff: 0, Sum: 0, Workers: 4
[4.553s][debug][gc,phases      ] GC(5)     Total                          Min: 0, Avg:  0.0, Max: 0, Diff: 0, Sum: 0, Workers: 4
[4.553s][debug][gc,phases      ] GC(5)   StringDedup Requests1 Weak     Min:  0.0, Avg:  0.0, Max:  0.0, Diff:  0.0, Sum:  0.0, Workers: 4
[4.553s][debug][gc,phases      ] GC(5)     Dead                           Min: 0, Avg:  0.0, Max: 0, Diff: 0, Sum: 0, Workers: 4
[4.553s][debug][gc,phases      ] GC(5)     Total                          Min: 0, Avg:  0.0, Max: 0, Diff: 0, Sum: 0, Workers: 4
[4.553s][debug][gc,phases      ] GC(5)   Weak JFR Old Object Samples    Min:  0.0, Avg:  0.0, Max:  0.0, Diff:  0.0, Sum:  0.0, Workers: 4
[4.553s][debug][gc,phases      ] GC(5)     Dead                           Min: 0, Avg:  0.0, Max: 0, Diff: 0, Sum: 0, Workers: 4
[4.553s][debug][gc,phases      ] GC(5)     Total                          Min: 0, Avg:  0.0, Max: 0, Diff: 0, Sum: 0, Workers: 4
[4.553s][debug][gc,phases      ] GC(5) Weak Processing 0.342ms
[4.553s][debug][gc,phases      ] GC(5) ClassLoaderData 0.058ms
[4.553s][debug][gc,phases      ] GC(5) Trigger cleanups 0.000ms
[4.560s][debug][gc,phases      ] GC(5) Class Unloading 6.975ms
[4.560s][info ][gc,phases      ] GC(5) Marking Phase 37.976ms
[4.560s][info ][gc,phases,start] GC(5) Summary Phase
[4.560s][info ][gc,phases      ] GC(5) Summary Phase 0.008ms
[4.560s][info ][gc,phases,start] GC(5) Adjust Roots
[4.569s][info ][gc,phases      ] GC(5) Adjust Roots 9.250ms
[4.569s][info ][gc,phases,start] GC(5) Compaction Phase
[5.012s][info ][gc,phases      ] GC(5) Compaction Phase 443.220ms
[5.012s][info ][gc,phases,start] GC(5) Post Compact
[5.013s][info ][gc,phases      ] GC(5) Post Compact 1.275ms
[5.013s][info ][gc,heap        ] GC(5) PSYoungGen: 106961K(1572864K)->106618K(1572864K) Eden: 0K(1048576K)->0K(1048576K) From: 106961K(524288K)->106618K(524288K)
[5.013s][info ][gc,heap        ] GC(5) ParOldGen: 5661K(6144K)->5527K(6144K)
[5.013s][info ][gc,metaspace   ] GC(5) Metaspace: 59127K(59776K)->59127K(59776K) NonClass: 50290K(50624K)->50290K(50624K) Class: 8837K(9152K)->8837K(9152K)
[5.013s][info ][gc             ] GC(5) Pause Full (Metadata GC Threshold) 109M->109M(1542M) 491.885ms
[5.013s][info ][gc,cpu         ] GC(5) User=1.05s Sys=0.00s Real=0.49s
[5.014s][info ][safepoint      ] Safepoint "CollectForMetadataAllocation", Time since last: 162021463 ns, Reaching safepoint: 108601 ns, At safepoint: 543337627 ns, Total: 543446228 ns
[5.247s][info ][safepoint      ] Safepoint "ICBufferFull", Time since last: 232514882 ns, Reaching safepoint: 196001 ns, At safepoint: 7000 ns, Total: 203001 ns
[5.306s][info ][safepoint      ] Safepoint "ICBufferFull", Time since last: 58862650 ns, Reaching safepoint: 152801 ns, At safepoint: 2700 ns, Total: 155501 ns
[5.521s][info ][safepoint      ] Safepoint "ICBufferFull", Time since last: 215300778 ns, Reaching safepoint: 185401 ns, At safepoint: 7500 ns, Total: 192901 ns
[5.709s][info ][safepoint      ] Safepoint "ICBufferFull", Time since last: 187506714 ns, Reaching safepoint: 147301 ns, At safepoint: 11600 ns, Total: 158901 ns
[5.788s][info ][safepoint      ] Safepoint "ICBufferFull", Time since last: 79322071 ns, Reaching safepoint: 246001 ns, At safepoint: 7900 ns, Total: 253901 ns
[5.984s][info ][safepoint      ] Safepoint "ICBufferFull", Time since last: 195941764 ns, Reaching safepoint: 237301 ns, At safepoint: 6100 ns, Total: 243401 ns
[6.139s][info ][safepoint      ] Safepoint "ICBufferFull", Time since last: 154327017 ns, Reaching safepoint: 268002 ns, At safepoint: 7400 ns, Total: 275402 ns
[6.311s][info ][safepoint      ] Safepoint "ICBufferFull", Time since last: 171732419 ns, Reaching safepoint: 239002 ns, At safepoint: 34000 ns, Total: 273002 ns
[6.733s][info ][safepoint      ] Safepoint "ParallelGCFailedAllocation", Time since last: 419437090 ns, Reaching safepoint: 2265113 ns, At safepoint: 36101 ns, Total: 2301214 ns
[6.739s][info ][gc,start       ] GC(6) Pause Young (GCLocker Initiated GC)
[6.869s][debug][gc,phases      ] GC(6) Scavenge 129.282ms
[6.869s][debug][gc,ref         ] GC(6) Skipped phase 1 of Reference Processing: no references
[6.869s][debug][gc,ref         ] GC(6) ReferenceProcessor::execute queues: 4, RefProcThreadModel::Multi, marks_oops_alive: false
[6.869s][debug][gc,ref         ] GC(6) Skipped phase 3 of Reference Processing: no references
[6.869s][debug][gc,ref         ] GC(6) ReferenceProcessor::execute queues: 1, RefProcThreadModel::Single, marks_oops_alive: false
[6.869s][debug][gc,phases      ] GC(6) Reference Processing 0.371ms
[6.869s][debug][gc,phases      ] GC(6)   VM Weak                        Min:  0.0, Avg:  0.0, Max:  0.0, Diff:  0.0, Sum:  0.0, Workers: 4
[6.869s][debug][gc,phases      ] GC(6)     Dead                           Min: 0, Avg:  0.0, Max: 0, Diff: 0, Sum: 0, Workers: 4
[6.869s][debug][gc,phases      ] GC(6)     Total                          Min: 0, Avg: 145.0, Max: 324, Diff: 324, Sum: 580, Workers: 4
[6.869s][debug][gc,phases      ] GC(6)   ObjectSynchronizer Weak        Min:  0.0, Avg:  0.0, Max:  0.0, Diff:  0.0, Sum:  0.0, Workers: 4
[6.869s][debug][gc,phases      ] GC(6)     Dead                           Min: 0, Avg:  1.0, Max: 4, Diff: 4, Sum: 4, Workers: 4
[6.869s][debug][gc,phases      ] GC(6)     Total                          Min: 0, Avg: 10.2, Max: 41, Diff: 41, Sum: 41, Workers: 4
[6.869s][debug][gc,phases      ] GC(6)   JVMTI Tag Weak OopStorage      Min:  0.0, Avg:  0.0, Max:  0.0, Diff:  0.0, Sum:  0.0, Workers: 4
[6.869s][debug][gc,phases      ] GC(6)     Dead                           Min: 0, Avg:  0.0, Max: 0, Diff: 0, Sum: 0, Workers: 4
[6.869s][debug][gc,phases      ] GC(6)     Total                          Min: 0, Avg:  0.0, Max: 0, Diff: 0, Sum: 0, Workers: 4
[6.869s][debug][gc,phases      ] GC(6)   StringTable Weak               Min:  0.3, Avg:  0.3, Max:  0.3, Diff:  0.0, Sum:  1.1, Workers: 4
[6.869s][debug][gc,phases      ] GC(6)     Dead                           Min: 1, Avg:  6.0, Max: 14, Diff: 13, Sum: 24, Workers: 4
[6.869s][debug][gc,phases      ] GC(6)     Total                          Min: 8320, Avg: 10810.5, Max: 13034, Diff: 4714, Sum: 43242, Workers: 4
[6.869s][debug][gc,phases      ] GC(6)   ResolvedMethodTable Weak       Min:  0.0, Avg:  0.0, Max:  0.0, Diff:  0.0, Sum:  0.2, Workers: 4
[6.869s][debug][gc,phases      ] GC(6)     Dead                           Min: 11, Avg: 53.8, Max: 134, Diff: 123, Sum: 215, Workers: 4
[6.869s][debug][gc,phases      ] GC(6)     Total                          Min: 1152, Avg: 1700.0, Max: 2128, Diff: 976, Sum: 6800, Workers: 4
[6.869s][debug][gc,phases      ] GC(6)   JNI Weak                       Min:  0.0, Avg:  0.0, Max:  0.0, Diff:  0.0, Sum:  0.0, Workers: 4
[6.869s][debug][gc,phases      ] GC(6)     Dead                           Min: 0, Avg:  0.0, Max: 0, Diff: 0, Sum: 0, Workers: 4
[6.869s][debug][gc,phases      ] GC(6)     Total                          Min: 0, Avg: 13.2, Max: 28, Diff: 28, Sum: 53, Workers: 4
[6.869s][debug][gc,phases      ] GC(6)   StringDedup Table Weak         Min:  0.0, Avg:  0.0, Max:  0.0, Diff:  0.0, Sum:  0.0, Workers: 4
[6.869s][debug][gc,phases      ] GC(6)     Dead                           Min: 0, Avg:  0.0, Max: 0, Diff: 0, Sum: 0, Workers: 4
[6.869s][debug][gc,phases      ] GC(6)     Total                          Min: 0, Avg:  0.0, Max: 0, Diff: 0, Sum: 0, Workers: 4
[6.869s][debug][gc,phases      ] GC(6)   StringDedup Requests0 Weak     Min:  0.0, Avg:  0.0, Max:  0.0, Diff:  0.0, Sum:  0.0, Workers: 4
[6.869s][debug][gc,phases      ] GC(6)     Dead                           Min: 0, Avg:  0.0, Max: 0, Diff: 0, Sum: 0, Workers: 4
[6.869s][debug][gc,phases      ] GC(6)     Total                          Min: 0, Avg:  0.0, Max: 0, Diff: 0, Sum: 0, Workers: 4
[6.869s][debug][gc,phases      ] GC(6)   StringDedup Requests1 Weak     Min:  0.0, Avg:  0.0, Max:  0.0, Diff:  0.0, Sum:  0.0, Workers: 4
[6.869s][debug][gc,phases      ] GC(6)     Dead                           Min: 0, Avg:  0.0, Max: 0, Diff: 0, Sum: 0, Workers: 4
[6.869s][debug][gc,phases      ] GC(6)     Total                          Min: 0, Avg:  0.0, Max: 0, Diff: 0, Sum: 0, Workers: 4
[6.869s][debug][gc,phases      ] GC(6)   Weak JFR Old Object Samples    Min:  0.0, Avg:  0.0, Max:  0.0, Diff:  0.0, Sum:  0.0, Workers: 4
[6.869s][debug][gc,phases      ] GC(6)     Dead                           Min: 0, Avg:  0.0, Max: 0, Diff: 0, Sum: 0, Workers: 4
[6.869s][debug][gc,phases      ] GC(6)     Total                          Min: 0, Avg:  0.0, Max: 0, Diff: 0, Sum: 0, Workers: 4
[6.869s][debug][gc,phases      ] GC(6) Weak Processing 0.495ms
[6.869s][debug][gc,age         ] GC(6) Desired survivor size 536870912 bytes, new threshold 7 (max threshold 15)
[6.869s][info ][gc,heap        ] GC(6) PSYoungGen: 1155194K(1572864K)->291285K(1572864K) Eden: 1048576K(1048576K)->0K(1048576K) From: 106618K(524288K)->291285K(524288K)
[6.869s][info ][gc,heap        ] GC(6) ParOldGen: 6000K(6144K)->6036K(6144K)
[6.869s][info ][gc,metaspace   ] GC(6) Metaspace: 67400K(68224K)->67400K(68224K) NonClass: 57498K(57920K)->57498K(57920K) Class: 9902K(10304K)->9902K(10304K)
[6.870s][info ][gc             ] GC(6) Pause Young (GCLocker Initiated GC) 1133M->290M(1542M) 130.258ms
[6.870s][info ][gc,cpu         ] GC(6) User=0.43s Sys=0.09s Real=0.14s
[6.870s][info ][safepoint      ] Safepoint "ParallelGCSystemGC", Time since last: 78400 ns, Reaching safepoint: 6314338 ns, At safepoint: 130379174 ns, Total: 136693512 ns
[7.416s][debug][gc,phases      ] GC(7) Pre Compact 0.025ms
[7.416s][info ][gc,start       ] GC(7) Pause Full (Ergonomics)
[7.416s][info ][gc,phases,start] GC(7) Marking Phase
[7.611s][debug][gc,phases      ] GC(7) Par Mark 194.823ms
[7.611s][debug][gc,ref         ] GC(7) Skipped phase 1 of Reference Processing: no references
[7.611s][debug][gc,ref         ] GC(7) ReferenceProcessor::execute queues: 1, RefProcThreadModel::Single, marks_oops_alive: false
[7.611s][debug][gc,ref         ] GC(7) Skipped phase 3 of Reference Processing: no references
[7.611s][debug][gc,ref         ] GC(7) ReferenceProcessor::execute queues: 1, RefProcThreadModel::Single, marks_oops_alive: false
[7.611s][debug][gc,phases      ] GC(7) Reference Processing 0.130ms
[7.612s][debug][gc,phases      ] GC(7)   VM Weak                        Min:  0.0, Avg:  0.0, Max:  0.0, Diff:  0.0, Sum:  0.0, Workers: 4
[7.612s][debug][gc,phases      ] GC(7)     Dead                           Min: 0, Avg:  0.0, Max: 0, Diff: 0, Sum: 0, Workers: 4
[7.612s][debug][gc,phases      ] GC(7)     Total                          Min: 0, Avg: 145.0, Max: 384, Diff: 384, Sum: 580, Workers: 4
[7.612s][debug][gc,phases      ] GC(7)   ObjectSynchronizer Weak        Min:  0.0, Avg:  0.0, Max:  0.0, Diff:  0.0, Sum:  0.0, Workers: 4
[7.612s][debug][gc,phases      ] GC(7)     Dead                           Min: 0, Avg:  0.0, Max: 0, Diff: 0, Sum: 0, Workers: 4
[7.612s][debug][gc,phases      ] GC(7)     Total                          Min: 0, Avg: 10.2, Max: 41, Diff: 41, Sum: 41, Workers: 4
[7.612s][debug][gc,phases      ] GC(7)   JVMTI Tag Weak OopStorage      Min:  0.0, Avg:  0.0, Max:  0.0, Diff:  0.0, Sum:  0.0, Workers: 4
[7.612s][debug][gc,phases      ] GC(7)     Dead                           Min: 0, Avg:  0.0, Max: 0, Diff: 0, Sum: 0, Workers: 4
[7.612s][debug][gc,phases      ] GC(7)     Total                          Min: 0, Avg:  0.0, Max: 0, Diff: 0, Sum: 0, Workers: 4
[7.612s][debug][gc,phases      ] GC(7)   StringTable Weak               Min:  0.2, Avg:  0.2, Max:  0.2, Diff:  0.0, Sum:  0.6, Workers: 4
[7.612s][debug][gc,phases      ] GC(7)     Dead                           Min: 0, Avg:  3.2, Max: 12, Diff: 12, Sum: 13, Workers: 4
[7.612s][debug][gc,phases      ] GC(7)     Total                          Min: 9984, Avg: 10826.2, Max: 11177, Diff: 1193, Sum: 43305, Workers: 4
[7.612s][debug][gc,phases      ] GC(7)   ResolvedMethodTable Weak       Min:  0.0, Avg:  0.0, Max:  0.0, Diff:  0.0, Sum:  0.1, Workers: 4
[7.612s][debug][gc,phases      ] GC(7)     Dead                           Min: 0, Avg:  0.5, Max: 2, Diff: 2, Sum: 2, Workers: 4
[7.612s][debug][gc,phases      ] GC(7)     Total                          Min: 1477, Avg: 1647.2, Max: 1778, Diff: 301, Sum: 6589, Workers: 4
[7.612s][debug][gc,phases      ] GC(7)   JNI Weak                       Min:  0.0, Avg:  0.0, Max:  0.0, Diff:  0.0, Sum:  0.0, Workers: 4
[7.612s][debug][gc,phases      ] GC(7)     Dead                           Min: 0, Avg:  0.0, Max: 0, Diff: 0, Sum: 0, Workers: 4
[7.612s][debug][gc,phases      ] GC(7)     Total                          Min: 0, Avg: 15.2, Max: 36, Diff: 36, Sum: 61, Workers: 4
[7.612s][debug][gc,phases      ] GC(7)   StringDedup Table Weak         Min:  0.0, Avg:  0.0, Max:  0.0, Diff:  0.0, Sum:  0.0, Workers: 4
[7.612s][debug][gc,phases      ] GC(7)     Dead                           Min: 0, Avg:  0.0, Max: 0, Diff: 0, Sum: 0, Workers: 4
[7.612s][debug][gc,phases      ] GC(7)     Total                          Min: 0, Avg:  0.0, Max: 0, Diff: 0, Sum: 0, Workers: 4
[7.612s][debug][gc,phases      ] GC(7)   StringDedup Requests0 Weak     Min:  0.0, Avg:  0.0, Max:  0.0, Diff:  0.0, Sum:  0.0, Workers: 4
[7.612s][debug][gc,phases      ] GC(7)     Dead                           Min: 0, Avg:  0.0, Max: 0, Diff: 0, Sum: 0, Workers: 4
[7.612s][debug][gc,phases      ] GC(7)     Total                          Min: 0, Avg:  0.0, Max: 0, Diff: 0, Sum: 0, Workers: 4
[7.612s][debug][gc,phases      ] GC(7)   StringDedup Requests1 Weak     Min:  0.0, Avg:  0.0, Max:  0.0, Diff:  0.0, Sum:  0.0, Workers: 4
[7.612s][debug][gc,phases      ] GC(7)     Dead                           Min: 0, Avg:  0.0, Max: 0, Diff: 0, Sum: 0, Workers: 4
[7.612s][debug][gc,phases      ] GC(7)     Total                          Min: 0, Avg:  0.0, Max: 0, Diff: 0, Sum: 0, Workers: 4
[7.612s][debug][gc,phases      ] GC(7)   Weak JFR Old Object Samples    Min:  0.0, Avg:  0.0, Max:  0.0, Diff:  0.0, Sum:  0.0, Workers: 4
[7.612s][debug][gc,phases      ] GC(7)     Dead                           Min: 0, Avg:  0.0, Max: 0, Diff: 0, Sum: 0, Workers: 4
[7.612s][debug][gc,phases      ] GC(7)     Total                          Min: 0, Avg:  0.0, Max: 0, Diff: 0, Sum: 0, Workers: 4
[7.612s][debug][gc,phases      ] GC(7) Weak Processing 0.358ms
[7.612s][debug][gc,phases      ] GC(7) ClassLoaderData 0.075ms
[7.612s][debug][gc,phases      ] GC(7) Trigger cleanups 0.000ms
[7.620s][debug][gc,phases      ] GC(7) Class Unloading 8.319ms
[7.620s][info ][gc,phases      ] GC(7) Marking Phase 203.791ms
[7.620s][info ][gc,phases,start] GC(7) Summary Phase
[7.620s][info ][gc,phases      ] GC(7) Summary Phase 0.034ms
[7.620s][info ][gc,phases,start] GC(7) Adjust Roots
[7.631s][info ][gc,phases      ] GC(7) Adjust Roots 11.358ms
[7.632s][info ][gc,phases,start] GC(7) Compaction Phase
[8.204s][info ][gc,phases      ] GC(7) Compaction Phase 572.034ms
[8.204s][info ][gc,phases,start] GC(7) Post Compact
[8.207s][info ][gc,phases      ] GC(7) Post Compact 3.568ms
[8.207s][info ][gc,heap        ] GC(7) PSYoungGen: 1339861K(1572864K)->519367K(1572864K) Eden: 1048576K(1048576K)->519367K(1048576K) From: 291285K(524288K)->0K(524288K)
[8.207s][info ][gc,heap        ] GC(7) ParOldGen: 6071K(6144K)->6104K(18432K)
[8.207s][info ][gc,metaspace   ] GC(7) Metaspace: 67532K(68288K)->67532K(68288K) NonClass: 57629K(57984K)->57629K(57984K) Class: 9903K(10304K)->9903K(10304K)
[8.207s][info ][gc             ] GC(7) Pause Full (Ergonomics) 1314M->513M(1554M) 790.957ms
[8.207s][info ][gc,cpu         ] GC(7) User=3.27s Sys=0.01s Real=0.79s
[8.207s][info ][safepoint      ] Safepoint "ParallelGCFailedAllocation", Time since last: 546468143 ns, Reaching safepoint: 148701 ns, At safepoint: 791081495 ns, Total: 791230196 ns
[8.464s][info ][gc,start       ] GC(8) Pause Young (Allocation Failure)
[8.714s][debug][gc,phases      ] GC(8) Scavenge 250.208ms
[8.714s][debug][gc,ref         ] GC(8) Skipped phase 1 of Reference Processing: no references
[8.714s][debug][gc,ref         ] GC(8) ReferenceProcessor::execute queues: 4, RefProcThreadModel::Multi, marks_oops_alive: false
[8.714s][debug][gc,ref         ] GC(8) Skipped phase 3 of Reference Processing: no references
[8.714s][debug][gc,ref         ] GC(8) ReferenceProcessor::execute queues: 1, RefProcThreadModel::Single, marks_oops_alive: false
[8.714s][debug][gc,phases      ] GC(8) Reference Processing 0.334ms
[8.715s][debug][gc,phases      ] GC(8)   VM Weak                        Min:  0.0, Avg:  0.0, Max:  0.0, Diff:  0.0, Sum:  0.0, Workers: 4
[8.715s][debug][gc,phases      ] GC(8)     Dead                           Min: 0, Avg:  0.0, Max: 0, Diff: 0, Sum: 0, Workers: 4
[8.715s][debug][gc,phases      ] GC(8)     Total                          Min: 0, Avg: 145.0, Max: 452, Diff: 452, Sum: 580, Workers: 4
[8.715s][debug][gc,phases      ] GC(8)   ObjectSynchronizer Weak        Min:  0.0, Avg:  0.0, Max:  0.0, Diff:  0.0, Sum:  0.0, Workers: 4
[8.715s][debug][gc,phases      ] GC(8)     Dead                           Min: 0, Avg:  0.0, Max: 0, Diff: 0, Sum: 0, Workers: 4
[8.715s][debug][gc,phases      ] GC(8)     Total                          Min: 0, Avg: 10.2, Max: 41, Diff: 41, Sum: 41, Workers: 4
[8.715s][debug][gc,phases      ] GC(8)   JVMTI Tag Weak OopStorage      Min:  0.0, Avg:  0.0, Max:  0.0, Diff:  0.0, Sum:  0.0, Workers: 4
[8.715s][debug][gc,phases      ] GC(8)     Dead                           Min: 0, Avg:  0.0, Max: 0, Diff: 0, Sum: 0, Workers: 4
[8.715s][debug][gc,phases      ] GC(8)     Total                          Min: 0, Avg:  0.0, Max: 0, Diff: 0, Sum: 0, Workers: 4
[8.715s][debug][gc,phases      ] GC(8)   StringTable Weak               Min:  0.3, Avg:  0.3, Max:  0.3, Diff:  0.0, Sum:  1.1, Workers: 4
[8.715s][debug][gc,phases      ] GC(8)     Dead                           Min: 0, Avg:  3.0, Max: 12, Diff: 12, Sum: 12, Workers: 4
[8.715s][debug][gc,phases      ] GC(8)     Total                          Min: 8064, Avg: 10829.5, Max: 12928, Diff: 4864, Sum: 43318, Workers: 4
[8.715s][debug][gc,phases      ] GC(8)   ResolvedMethodTable Weak       Min:  0.1, Avg:  0.1, Max:  0.1, Diff:  0.0, Sum:  0.2, Workers: 4
[8.715s][debug][gc,phases      ] GC(8)     Dead                           Min: 0, Avg:  0.0, Max: 0, Diff: 0, Sum: 0, Workers: 4
[8.715s][debug][gc,phases      ] GC(8)     Total                          Min: 1452, Avg: 1647.2, Max: 1913, Diff: 461, Sum: 6589, Workers: 4
[8.715s][debug][gc,phases      ] GC(8)   JNI Weak                       Min:  0.0, Avg:  0.0, Max:  0.0, Diff:  0.0, Sum:  0.0, Workers: 4
[8.715s][debug][gc,phases      ] GC(8)     Dead                           Min: 0, Avg:  0.0, Max: 0, Diff: 0, Sum: 0, Workers: 4
[8.715s][debug][gc,phases      ] GC(8)     Total                          Min: 0, Avg: 13.8, Max: 39, Diff: 39, Sum: 55, Workers: 4
[8.715s][debug][gc,phases      ] GC(8)   StringDedup Table Weak         Min:  0.0, Avg:  0.0, Max:  0.0, Diff:  0.0, Sum:  0.0, Workers: 4
[8.715s][debug][gc,phases      ] GC(8)     Dead                           Min: 0, Avg:  0.0, Max: 0, Diff: 0, Sum: 0, Workers: 4
[8.715s][debug][gc,phases      ] GC(8)     Total                          Min: 0, Avg:  0.0, Max: 0, Diff: 0, Sum: 0, Workers: 4
[8.715s][debug][gc,phases      ] GC(8)   StringDedup Requests0 Weak     Min:  0.0, Avg:  0.0, Max:  0.0, Diff:  0.0, Sum:  0.0, Workers: 4
[8.715s][debug][gc,phases      ] GC(8)     Dead                           Min: 0, Avg:  0.0, Max: 0, Diff: 0, Sum: 0, Workers: 4
[8.715s][debug][gc,phases      ] GC(8)     Total                          Min: 0, Avg:  0.0, Max: 0, Diff: 0, Sum: 0, Workers: 4
[8.715s][debug][gc,phases      ] GC(8)   StringDedup Requests1 Weak     Min:  0.0, Avg:  0.0, Max:  0.0, Diff:  0.0, Sum:  0.0, Workers: 4
[8.715s][debug][gc,phases      ] GC(8)     Dead                           Min: 0, Avg:  0.0, Max: 0, Diff: 0, Sum: 0, Workers: 4
[8.715s][debug][gc,phases      ] GC(8)     Total                          Min: 0, Avg:  0.0, Max: 0, Diff: 0, Sum: 0, Workers: 4
[8.715s][debug][gc,phases      ] GC(8)   Weak JFR Old Object Samples    Min:  0.0, Avg:  0.0, Max:  0.0, Diff:  0.0, Sum:  0.0, Workers: 4
[8.715s][debug][gc,phases      ] GC(8)     Dead                           Min: 0, Avg:  0.0, Max: 0, Diff: 0, Sum: 0, Workers: 4
[8.715s][debug][gc,phases      ] GC(8)     Total                          Min: 0, Avg:  0.0, Max: 0, Diff: 0, Sum: 0, Workers: 4
[8.715s][debug][gc,phases      ] GC(8) Weak Processing 0.509ms
[8.715s][debug][gc,age         ] GC(8) Desired survivor size 536870912 bytes, new threshold 6 (max threshold 15)
[8.715s][info ][gc,heap        ] GC(8) PSYoungGen: 1048576K(1572864K)->524261K(1572864K) Eden: 1048576K(1048576K)->0K(1048576K) From: 0K(524288K)->524261K(524288K)
[8.715s][info ][gc,heap        ] GC(8) ParOldGen: 6104K(18432K)->90785K(91136K)
[8.715s][info ][gc,metaspace   ] GC(8) Metaspace: 67536K(68352K)->67536K(68352K) NonClass: 57633K(58048K)->57633K(58048K) Class: 9903K(10304K)->9903K(10304K)
[8.715s][info ][gc             ] GC(8) Pause Young (Allocation Failure) 1029M->600M(1625M) 251.172ms
[8.715s][info ][gc,cpu         ] GC(8) User=0.85s Sys=0.16s Real=0.25s
[8.715s][debug][gc,phases      ] GC(9) Pre Compact 0.009ms
[8.715s][info ][gc,start       ] GC(9) Pause Full (Ergonomics)
[8.715s][info ][gc,phases,start] GC(9) Marking Phase
[8.887s][debug][gc,phases      ] GC(9) Par Mark 172.363ms
[8.887s][debug][gc,ref         ] GC(9) Skipped phase 1 of Reference Processing: no references
[8.887s][debug][gc,ref         ] GC(9) ReferenceProcessor::execute queues: 1, RefProcThreadModel::Single, marks_oops_alive: false
[8.888s][debug][gc,ref         ] GC(9) Skipped phase 3 of Reference Processing: no references
[8.888s][debug][gc,ref         ] GC(9) ReferenceProcessor::execute queues: 1, RefProcThreadModel::Single, marks_oops_alive: false
[8.888s][debug][gc,phases      ] GC(9) Reference Processing 0.123ms
[8.888s][debug][gc,phases      ] GC(9)   VM Weak                        Min:  0.0, Avg:  0.0, Max:  0.0, Diff:  0.0, Sum:  0.0, Workers: 4
[8.888s][debug][gc,phases      ] GC(9)     Dead                           Min: 0, Avg:  0.0, Max: 0, Diff: 0, Sum: 0, Workers: 4
[8.888s][debug][gc,phases      ] GC(9)     Total                          Min: 0, Avg: 145.0, Max: 384, Diff: 384, Sum: 580, Workers: 4
[8.888s][debug][gc,phases      ] GC(9)   ObjectSynchronizer Weak        Min:  0.0, Avg:  0.0, Max:  0.0, Diff:  0.0, Sum:  0.0, Workers: 4
[8.888s][debug][gc,phases      ] GC(9)     Dead                           Min: 0, Avg:  0.0, Max: 0, Diff: 0, Sum: 0, Workers: 4
[8.888s][debug][gc,phases      ] GC(9)     Total                          Min: 0, Avg: 10.2, Max: 41, Diff: 41, Sum: 41, Workers: 4
[8.888s][debug][gc,phases      ] GC(9)   JVMTI Tag Weak OopStorage      Min:  0.0, Avg:  0.0, Max:  0.0, Diff:  0.0, Sum:  0.0, Workers: 4
[8.888s][debug][gc,phases      ] GC(9)     Dead                           Min: 0, Avg:  0.0, Max: 0, Diff: 0, Sum: 0, Workers: 4
[8.888s][debug][gc,phases      ] GC(9)     Total                          Min: 0, Avg:  0.0, Max: 0, Diff: 0, Sum: 0, Workers: 4
[8.888s][debug][gc,phases      ] GC(9)   StringTable Weak               Min:  0.1, Avg:  0.2, Max:  0.2, Diff:  0.0, Sum:  0.6, Workers: 4
[8.888s][debug][gc,phases      ] GC(9)     Dead                           Min: 0, Avg:  0.0, Max: 0, Diff: 0, Sum: 0, Workers: 4
[8.888s][debug][gc,phases      ] GC(9)     Total                          Min: 9600, Avg: 10829.5, Max: 11510, Diff: 1910, Sum: 43318, Workers: 4
[8.888s][debug][gc,phases      ] GC(9)   ResolvedMethodTable Weak       Min:  0.0, Avg:  0.0, Max:  0.0, Diff:  0.0, Sum:  0.1, Workers: 4
[8.888s][debug][gc,phases      ] GC(9)     Dead                           Min: 0, Avg:  0.0, Max: 0, Diff: 0, Sum: 0, Workers: 4
[8.888s][debug][gc,phases      ] GC(9)     Total                          Min: 1515, Avg: 1647.2, Max: 1740, Diff: 225, Sum: 6589, Workers: 4
[8.888s][debug][gc,phases      ] GC(9)   JNI Weak                       Min:  0.0, Avg:  0.0, Max:  0.0, Diff:  0.0, Sum:  0.0, Workers: 4
[8.888s][debug][gc,phases      ] GC(9)     Dead                           Min: 0, Avg:  0.0, Max: 0, Diff: 0, Sum: 0, Workers: 4
[8.888s][debug][gc,phases      ] GC(9)     Total                          Min: 0, Avg: 13.8, Max: 39, Diff: 39, Sum: 55, Workers: 4
[8.888s][debug][gc,phases      ] GC(9)   StringDedup Table Weak         Min:  0.0, Avg:  0.0, Max:  0.0, Diff:  0.0, Sum:  0.0, Workers: 4
[8.888s][debug][gc,phases      ] GC(9)     Dead                           Min: 0, Avg:  0.0, Max: 0, Diff: 0, Sum: 0, Workers: 4
[8.888s][debug][gc,phases      ] GC(9)     Total                          Min: 0, Avg:  0.0, Max: 0, Diff: 0, Sum: 0, Workers: 4
[8.888s][debug][gc,phases      ] GC(9)   StringDedup Requests0 Weak     Min:  0.0, Avg:  0.0, Max:  0.0, Diff:  0.0, Sum:  0.0, Workers: 4
[8.888s][debug][gc,phases      ] GC(9)     Dead                           Min: 0, Avg:  0.0, Max: 0, Diff: 0, Sum: 0, Workers: 4
[8.888s][debug][gc,phases      ] GC(9)     Total                          Min: 0, Avg:  0.0, Max: 0, Diff: 0, Sum: 0, Workers: 4
[8.888s][debug][gc,phases      ] GC(9)   StringDedup Requests1 Weak     Min:  0.0, Avg:  0.0, Max:  0.0, Diff:  0.0, Sum:  0.0, Workers: 4
[8.888s][debug][gc,phases      ] GC(9)     Dead                           Min: 0, Avg:  0.0, Max: 0, Diff: 0, Sum: 0, Workers: 4
[8.888s][debug][gc,phases      ] GC(9)     Total                          Min: 0, Avg:  0.0, Max: 0, Diff: 0, Sum: 0, Workers: 4
[8.888s][debug][gc,phases      ] GC(9)   Weak JFR Old Object Samples    Min:  0.0, Avg:  0.0, Max:  0.0, Diff:  0.0, Sum:  0.0, Workers: 4
[8.888s][debug][gc,phases      ] GC(9)     Dead                           Min: 0, Avg:  0.0, Max: 0, Diff: 0, Sum: 0, Workers: 4
[8.888s][debug][gc,phases      ] GC(9)     Total                          Min: 0, Avg:  0.0, Max: 0, Diff: 0, Sum: 0, Workers: 4
[8.888s][debug][gc,phases      ] GC(9) Weak Processing 0.331ms
[8.888s][debug][gc,phases      ] GC(9) ClassLoaderData 0.073ms
[8.888s][debug][gc,phases      ] GC(9) Trigger cleanups 0.000ms
[8.895s][debug][gc,phases      ] GC(9) Class Unloading 7.589ms
[8.895s][info ][gc,phases      ] GC(9) Marking Phase 180.540ms
[8.895s][info ][gc,phases,start] GC(9) Summary Phase
[8.895s][info ][gc,phases      ] GC(9) Summary Phase 0.012ms
[8.895s][info ][gc,phases,start] GC(9) Adjust Roots
[8.907s][info ][gc,phases      ] GC(9) Adjust Roots 11.458ms
[8.907s][info ][gc,phases,start] GC(9) Compaction Phase
[9.591s][info ][gc,phases      ] GC(9) Compaction Phase 683.790ms
[9.591s][info ][gc,phases,start] GC(9) Post Compact
[9.593s][info ][gc,phases      ] GC(9) Post Compact 2.088ms
[9.593s][info ][gc,heap        ] GC(9) PSYoungGen: 524261K(1572864K)->519751K(1572864K) Eden: 0K(1048576K)->0K(1048576K) From: 524261K(524288K)->519751K(524288K)
[9.593s][info ][gc,heap        ] GC(9) ParOldGen: 90785K(91136K)->90666K(171008K)
[9.593s][info ][gc,metaspace   ] GC(9) Metaspace: 67536K(68352K)->67536K(68352K) NonClass: 57633K(58048K)->57633K(58048K) Class: 9903K(10304K)->9903K(10304K)
[9.593s][info ][gc             ] GC(9) Pause Full (Ergonomics) 600M->596M(1703M) 878.094ms
[9.593s][info ][gc,cpu         ] GC(9) User=3.43s Sys=0.00s Real=0.88s
[9.594s][info ][safepoint      ] Safepoint "ParallelGCFailedAllocation", Time since last: 255205914 ns, Reaching safepoint: 1102407 ns, At safepoint: 1130506605 ns, Total: 1131609012 ns
[10.019s][info ][gc,start       ] GC(10) Pause Young (Allocation Failure)
[10.261s][debug][gc,phases      ] GC(10) Scavenge 241.966ms
[10.261s][debug][gc,ref         ] GC(10) Skipped phase 1 of Reference Processing: no references
[10.261s][debug][gc,ref         ] GC(10) ReferenceProcessor::execute queues: 4, RefProcThreadModel::Multi, marks_oops_alive: false
[10.261s][debug][gc,ref         ] GC(10) Skipped phase 3 of Reference Processing: no references
[10.261s][debug][gc,ref         ] GC(10) ReferenceProcessor::execute queues: 1, RefProcThreadModel::Single, marks_oops_alive: false
[10.261s][debug][gc,phases      ] GC(10) Reference Processing 0.286ms
[10.262s][debug][gc,phases      ] GC(10)   VM Weak                        Min:  0.0, Avg:  0.0, Max:  0.0, Diff:  0.0, Sum:  0.0, Workers: 4
[10.262s][debug][gc,phases      ] GC(10)     Dead                           Min: 0, Avg:  0.0, Max: 0, Diff: 0, Sum: 0, Workers: 4
[10.262s][debug][gc,phases      ] GC(10)     Total                          Min: 0, Avg: 150.2, Max: 409, Diff: 409, Sum: 601, Workers: 4
[10.262s][debug][gc,phases      ] GC(10)   ObjectSynchronizer Weak        Min:  0.0, Avg:  0.0, Max:  0.0, Diff:  0.0, Sum:  0.0, Workers: 4
[10.262s][debug][gc,phases      ] GC(10)     Dead                           Min: 0, Avg:  0.0, Max: 0, Diff: 0, Sum: 0, Workers: 4
[10.262s][debug][gc,phases      ] GC(10)     Total                          Min: 0, Avg: 10.2, Max: 41, Diff: 41, Sum: 41, Workers: 4
[10.262s][debug][gc,phases      ] GC(10)   JVMTI Tag Weak OopStorage      Min:  0.0, Avg:  0.0, Max:  0.0, Diff:  0.0, Sum:  0.0, Workers: 4
[10.262s][debug][gc,phases      ] GC(10)     Dead                           Min: 0, Avg:  0.0, Max: 0, Diff: 0, Sum: 0, Workers: 4
[10.262s][debug][gc,phases      ] GC(10)     Total                          Min: 0, Avg:  0.0, Max: 0, Diff: 0, Sum: 0, Workers: 4
[10.262s][debug][gc,phases      ] GC(10)   StringTable Weak               Min:  0.3, Avg:  0.3, Max:  0.3, Diff:  0.0, Sum:  1.1, Workers: 4
[10.262s][debug][gc,phases      ] GC(10)     Dead                           Min: 0, Avg:  4.0, Max: 13, Diff: 13, Sum: 16, Workers: 4
[10.262s][debug][gc,phases      ] GC(10)     Total                          Min: 7744, Avg: 10871.2, Max: 13632, Diff: 5888, Sum: 43485, Workers: 4
[10.262s][debug][gc,phases      ] GC(10)   ResolvedMethodTable Weak       Min:  0.0, Avg:  0.1, Max:  0.1, Diff:  0.0, Sum:  0.2, Workers: 4
[10.262s][debug][gc,phases      ] GC(10)     Dead                           Min: 2, Avg:  8.8, Max: 22, Diff: 20, Sum: 35, Workers: 4
[10.262s][debug][gc,phases      ] GC(10)     Total                          Min: 1233, Avg: 1700.2, Max: 2496, Diff: 1263, Sum: 6801, Workers: 4
[10.262s][debug][gc,phases      ] GC(10)   JNI Weak                       Min:  0.0, Avg:  0.0, Max:  0.0, Diff:  0.0, Sum:  0.0, Workers: 4
[10.262s][debug][gc,phases      ] GC(10)     Dead                           Min: 0, Avg:  0.0, Max: 0, Diff: 0, Sum: 0, Workers: 4
[10.262s][debug][gc,phases      ] GC(10)     Total                          Min: 0, Avg: 14.2, Max: 44, Diff: 44, Sum: 57, Workers: 4
[10.262s][debug][gc,phases      ] GC(10)   StringDedup Table Weak         Min:  0.0, Avg:  0.0, Max:  0.0, Diff:  0.0, Sum:  0.0, Workers: 4
[10.262s][debug][gc,phases      ] GC(10)     Dead                           Min: 0, Avg:  0.0, Max: 0, Diff: 0, Sum: 0, Workers: 4
[10.262s][debug][gc,phases      ] GC(10)     Total                          Min: 0, Avg:  0.0, Max: 0, Diff: 0, Sum: 0, Workers: 4
[10.262s][debug][gc,phases      ] GC(10)   StringDedup Requests0 Weak     Min:  0.0, Avg:  0.0, Max:  0.0, Diff:  0.0, Sum:  0.0, Workers: 4
[10.262s][debug][gc,phases      ] GC(10)     Dead                           Min: 0, Avg:  0.0, Max: 0, Diff: 0, Sum: 0, Workers: 4
[10.262s][debug][gc,phases      ] GC(10)     Total                          Min: 0, Avg:  0.0, Max: 0, Diff: 0, Sum: 0, Workers: 4
[10.262s][debug][gc,phases      ] GC(10)   StringDedup Requests1 Weak     Min:  0.0, Avg:  0.0, Max:  0.0, Diff:  0.0, Sum:  0.0, Workers: 4
[10.262s][debug][gc,phases      ] GC(10)     Dead                           Min: 0, Avg:  0.0, Max: 0, Diff: 0, Sum: 0, Workers: 4
[10.262s][debug][gc,phases      ] GC(10)     Total                          Min: 0, Avg:  0.0, Max: 0, Diff: 0, Sum: 0, Workers: 4
[10.262s][debug][gc,phases      ] GC(10)   Weak JFR Old Object Samples    Min:  0.0, Avg:  0.0, Max:  0.0, Diff:  0.0, Sum:  0.0, Workers: 4
[10.262s][debug][gc,phases      ] GC(10)     Dead                           Min: 0, Avg:  0.0, Max: 0, Diff: 0, Sum: 0, Workers: 4
[10.262s][debug][gc,phases      ] GC(10)     Total                          Min: 0, Avg:  0.0, Max: 0, Diff: 0, Sum: 0, Workers: 4
[10.262s][debug][gc,phases      ] GC(10) Weak Processing 0.484ms
[10.262s][debug][gc,age         ] GC(10) Desired survivor size 536870912 bytes, new threshold 5 (max threshold 15)
[10.262s][info ][gc,heap        ] GC(10) PSYoungGen: 1568327K(1572864K)->524271K(1572864K) Eden: 1048576K(1048576K)->0K(1048576K) From: 519751K(524288K)->524271K(524288K)
[10.262s][info ][gc,heap        ] GC(10) ParOldGen: 90666K(171008K)->177643K(177664K)
[10.262s][info ][gc,metaspace   ] GC(10) Metaspace: 68295K(69056K)->68295K(69056K) NonClass: 58272K(58688K)->58272K(58688K) Class: 10023K(10368K)->10023K(10368K)
[10.262s][info ][gc             ] GC(10) Pause Young (Allocation Failure) 1620M->685M(1709M) 242.861ms
[10.262s][info ][gc,cpu         ] GC(10) User=0.80s Sys=0.16s Real=0.25s
[10.262s][debug][gc,phases      ] GC(11) Pre Compact 0.009ms
[10.262s][info ][gc,start       ] GC(11) Pause Full (Ergonomics)
[10.262s][info ][gc,phases,start] GC(11) Marking Phase
[10.472s][debug][gc,phases      ] GC(11) Par Mark 209.748ms
[10.472s][debug][gc,ref         ] GC(11) Skipped phase 1 of Reference Processing: no references
[10.472s][debug][gc,ref         ] GC(11) ReferenceProcessor::execute queues: 4, RefProcThreadModel::Multi, marks_oops_alive: false
[10.472s][debug][gc,ref         ] GC(11) Skipped phase 3 of Reference Processing: no references
[10.472s][debug][gc,ref         ] GC(11) ReferenceProcessor::execute queues: 1, RefProcThreadModel::Single, marks_oops_alive: false
[10.472s][debug][gc,phases      ] GC(11) Reference Processing 0.336ms
[10.472s][debug][gc,phases      ] GC(11)   VM Weak                        Min:  0.0, Avg:  0.0, Max:  0.0, Diff:  0.0, Sum:  0.0, Workers: 4
[10.472s][debug][gc,phases      ] GC(11)     Dead                           Min: 0, Avg:  0.0, Max: 0, Diff: 0, Sum: 0, Workers: 4
[10.472s][debug][gc,phases      ] GC(11)     Total                          Min: 0, Avg: 150.2, Max: 256, Diff: 256, Sum: 601, Workers: 4
[10.472s][debug][gc,phases      ] GC(11)   ObjectSynchronizer Weak        Min:  0.0, Avg:  0.0, Max:  0.0, Diff:  0.0, Sum:  0.0, Workers: 4
[10.472s][debug][gc,phases      ] GC(11)     Dead                           Min: 0, Avg:  0.0, Max: 0, Diff: 0, Sum: 0, Workers: 4
[10.472s][debug][gc,phases      ] GC(11)     Total                          Min: 0, Avg: 10.2, Max: 41, Diff: 41, Sum: 41, Workers: 4
[10.472s][debug][gc,phases      ] GC(11)   JVMTI Tag Weak OopStorage      Min:  0.0, Avg:  0.0, Max:  0.0, Diff:  0.0, Sum:  0.0, Workers: 4
[10.472s][debug][gc,phases      ] GC(11)     Dead                           Min: 0, Avg:  0.0, Max: 0, Diff: 0, Sum: 0, Workers: 4
[10.472s][debug][gc,phases      ] GC(11)     Total                          Min: 0, Avg:  0.0, Max: 0, Diff: 0, Sum: 0, Workers: 4
[10.472s][debug][gc,phases      ] GC(11)   StringTable Weak               Min:  0.2, Avg:  0.2, Max:  0.2, Diff:  0.0, Sum:  0.6, Workers: 4
[10.472s][debug][gc,phases      ] GC(11)     Dead                           Min: 0, Avg:  0.0, Max: 0, Diff: 0, Sum: 0, Workers: 4
[10.472s][debug][gc,phases      ] GC(11)     Total                          Min: 10048, Avg: 10871.2, Max: 12125, Diff: 2077, Sum: 43485, Workers: 4
[10.472s][debug][gc,phases      ] GC(11)   ResolvedMethodTable Weak       Min:  0.0, Avg:  0.0, Max:  0.0, Diff:  0.0, Sum:  0.1, Workers: 4
[10.472s][debug][gc,phases      ] GC(11)     Dead                           Min: 0, Avg:  0.0, Max: 0, Diff: 0, Sum: 0, Workers: 4
[10.472s][debug][gc,phases      ] GC(11)     Total                          Min: 1489, Avg: 1700.2, Max: 1920, Diff: 431, Sum: 6801, Workers: 4
[10.472s][debug][gc,phases      ] GC(11)   JNI Weak                       Min:  0.0, Avg:  0.0, Max:  0.0, Diff:  0.0, Sum:  0.0, Workers: 4
[10.472s][debug][gc,phases      ] GC(11)     Dead                           Min: 0, Avg:  0.0, Max: 0, Diff: 0, Sum: 0, Workers: 4
[10.472s][debug][gc,phases      ] GC(11)     Total                          Min: 0, Avg: 14.2, Max: 44, Diff: 44, Sum: 57, Workers: 4
[10.472s][debug][gc,phases      ] GC(11)   StringDedup Table Weak         Min:  0.0, Avg:  0.0, Max:  0.0, Diff:  0.0, Sum:  0.0, Workers: 4
[10.472s][debug][gc,phases      ] GC(11)     Dead                           Min: 0, Avg:  0.0, Max: 0, Diff: 0, Sum: 0, Workers: 4
[10.472s][debug][gc,phases      ] GC(11)     Total                          Min: 0, Avg:  0.0, Max: 0, Diff: 0, Sum: 0, Workers: 4
[10.472s][debug][gc,phases      ] GC(11)   StringDedup Requests0 Weak     Min:  0.0, Avg:  0.0, Max:  0.0, Diff:  0.0, Sum:  0.0, Workers: 4
[10.472s][debug][gc,phases      ] GC(11)     Dead                           Min: 0, Avg:  0.0, Max: 0, Diff: 0, Sum: 0, Workers: 4
[10.472s][debug][gc,phases      ] GC(11)     Total                          Min: 0, Avg:  0.0, Max: 0, Diff: 0, Sum: 0, Workers: 4
[10.472s][debug][gc,phases      ] GC(11)   StringDedup Requests1 Weak     Min:  0.0, Avg:  0.0, Max:  0.0, Diff:  0.0, Sum:  0.0, Workers: 4
[10.472s][debug][gc,phases      ] GC(11)     Dead                           Min: 0, Avg:  0.0, Max: 0, Diff: 0, Sum: 0, Workers: 4
[10.472s][debug][gc,phases      ] GC(11)     Total                          Min: 0, Avg:  0.0, Max: 0, Diff: 0, Sum: 0, Workers: 4
[10.472s][debug][gc,phases      ] GC(11)   Weak JFR Old Object Samples    Min:  0.0, Avg:  0.0, Max:  0.0, Diff:  0.0, Sum:  0.0, Workers: 4
[10.472s][debug][gc,phases      ] GC(11)     Dead                           Min: 0, Avg:  0.0, Max: 0, Diff: 0, Sum: 0, Workers: 4
[10.472s][debug][gc,phases      ] GC(11)     Total                          Min: 0, Avg:  0.0, Max: 0, Diff: 0, Sum: 0, Workers: 4
[10.472s][debug][gc,phases      ] GC(11) Weak Processing 0.330ms
[10.473s][debug][gc,phases      ] GC(11) ClassLoaderData 0.074ms
[10.473s][debug][gc,phases      ] GC(11) Trigger cleanups 0.000ms
[10.480s][debug][gc,phases      ] GC(11) Class Unloading 7.961ms
[10.480s][info ][gc,phases      ] GC(11) Marking Phase 218.507ms
[10.480s][info ][gc,phases,start] GC(11) Summary Phase
[10.480s][info ][gc,phases      ] GC(11) Summary Phase 0.013ms
[10.480s][info ][gc,phases,start] GC(11) Adjust Roots
[10.492s][info ][gc,phases      ] GC(11) Adjust Roots 11.493ms
[10.492s][info ][gc,phases,start] GC(11) Compaction Phase
[11.148s][info ][gc,phases      ] GC(11) Compaction Phase 656.055ms
[11.148s][info ][gc,phases,start] GC(11) Post Compact
[11.150s][info ][gc,phases      ] GC(11) Post Compact 2.235ms
[11.150s][info ][gc,heap        ] GC(11) PSYoungGen: 524271K(1572864K)->515575K(1572864K) Eden: 0K(1048576K)->0K(1048576K) From: 524271K(524288K)->515575K(524288K)
[11.150s][info ][gc,heap        ] GC(11) ParOldGen: 177643K(177664K)->177160K(302592K)
[11.150s][info ][gc,metaspace   ] GC(11) Metaspace: 68295K(69056K)->68295K(69056K) NonClass: 58272K(58688K)->58272K(58688K) Class: 10023K(10368K)->10023K(10368K)
[11.150s][info ][gc             ] GC(11) Pause Full (Ergonomics) 685M->676M(1831M) 888.584ms
[11.151s][info ][gc,cpu         ] GC(11) User=3.49s Sys=0.00s Real=0.89s
[11.157s][info ][safepoint      ] Safepoint "ParallelGCFailedAllocation", Time since last: 422631006 ns, Reaching safepoint: 2228714 ns, At safepoint: 1138259548 ns, Total: 1140488262 ns
[11.354s][info ][gc,start       ] GC(12) Pause Young (Allocation Failure)
[11.544s][debug][gc,phases      ] GC(12) Scavenge 189.117ms
[11.544s][debug][gc,ref         ] GC(12) Skipped phase 1 of Reference Processing: no references
[11.544s][debug][gc,ref         ] GC(12) ReferenceProcessor::execute queues: 1, RefProcThreadModel::Single, marks_oops_alive: false
[11.544s][debug][gc,ref         ] GC(12) Skipped phase 3 of Reference Processing: no references
[11.544s][debug][gc,ref         ] GC(12) ReferenceProcessor::execute queues: 1, RefProcThreadModel::Single, marks_oops_alive: false
[11.544s][debug][gc,phases      ] GC(12) Reference Processing 0.141ms
[11.544s][debug][gc,phases      ] GC(12)   VM Weak                        Min:  0.0, Avg:  0.0, Max:  0.0, Diff:  0.0, Sum:  0.0, Workers: 4
[11.544s][debug][gc,phases      ] GC(12)     Dead                           Min: 0, Avg:  0.0, Max: 0, Diff: 0, Sum: 0, Workers: 4
[11.544s][debug][gc,phases      ] GC(12)     Total                          Min: 0, Avg: 150.5, Max: 346, Diff: 346, Sum: 602, Workers: 4
[11.544s][debug][gc,phases      ] GC(12)   ObjectSynchronizer Weak        Min:  0.0, Avg:  0.0, Max:  0.0, Diff:  0.0, Sum:  0.0, Workers: 4
[11.544s][debug][gc,phases      ] GC(12)     Dead                           Min: 0, Avg:  0.0, Max: 0, Diff: 0, Sum: 0, Workers: 4
[11.544s][debug][gc,phases      ] GC(12)     Total                          Min: 0, Avg: 10.2, Max: 41, Diff: 41, Sum: 41, Workers: 4
[11.544s][debug][gc,phases      ] GC(12)   JVMTI Tag Weak OopStorage      Min:  0.0, Avg:  0.0, Max:  0.0, Diff:  0.0, Sum:  0.0, Workers: 4
[11.544s][debug][gc,phases      ] GC(12)     Dead                           Min: 0, Avg:  0.0, Max: 0, Diff: 0, Sum: 0, Workers: 4
[11.544s][debug][gc,phases      ] GC(12)     Total                          Min: 0, Avg:  0.0, Max: 0, Diff: 0, Sum: 0, Workers: 4
[11.544s][debug][gc,phases      ] GC(12)   StringTable Weak               Min:  0.2, Avg:  0.2, Max:  0.3, Diff:  0.0, Sum:  1.0, Workers: 4
[11.544s][debug][gc,phases      ] GC(12)     Dead                           Min: 0, Avg:  3.0, Max: 12, Diff: 12, Sum: 12, Workers: 4
[11.544s][debug][gc,phases      ] GC(12)     Total                          Min: 8704, Avg: 10877.2, Max: 13440, Diff: 4736, Sum: 43509, Workers: 4
[11.544s][debug][gc,phases      ] GC(12)   ResolvedMethodTable Weak       Min:  0.0, Avg:  0.1, Max:  0.1, Diff:  0.0, Sum:  0.2, Workers: 4
[11.544s][debug][gc,phases      ] GC(12)     Dead                           Min: 0, Avg:  0.0, Max: 0, Diff: 0, Sum: 0, Workers: 4
[11.544s][debug][gc,phases      ] GC(12)     Total                          Min: 1280, Avg: 1701.8, Max: 2176, Diff: 896, Sum: 6807, Workers: 4
[11.544s][debug][gc,phases      ] GC(12)   JNI Weak                       Min:  0.0, Avg:  0.0, Max:  0.0, Diff:  0.0, Sum:  0.0, Workers: 4
[11.544s][debug][gc,phases      ] GC(12)     Dead                           Min: 0, Avg:  0.0, Max: 0, Diff: 0, Sum: 0, Workers: 4
[11.544s][debug][gc,phases      ] GC(12)     Total                          Min: 0, Avg: 14.5, Max: 45, Diff: 45, Sum: 58, Workers: 4
[11.544s][debug][gc,phases      ] GC(12)   StringDedup Table Weak         Min:  0.0, Avg:  0.0, Max:  0.0, Diff:  0.0, Sum:  0.0, Workers: 4
[11.544s][debug][gc,phases      ] GC(12)     Dead                           Min: 0, Avg:  0.0, Max: 0, Diff: 0, Sum: 0, Workers: 4
[11.544s][debug][gc,phases      ] GC(12)     Total                          Min: 0, Avg:  0.0, Max: 0, Diff: 0, Sum: 0, Workers: 4
[11.544s][debug][gc,phases      ] GC(12)   StringDedup Requests0 Weak     Min:  0.0, Avg:  0.0, Max:  0.0, Diff:  0.0, Sum:  0.0, Workers: 4
[11.544s][debug][gc,phases      ] GC(12)     Dead                           Min: 0, Avg:  0.0, Max: 0, Diff: 0, Sum: 0, Workers: 4
[11.544s][debug][gc,phases      ] GC(12)     Total                          Min: 0, Avg:  0.0, Max: 0, Diff: 0, Sum: 0, Workers: 4
[11.544s][debug][gc,phases      ] GC(12)   StringDedup Requests1 Weak     Min:  0.0, Avg:  0.0, Max:  0.0, Diff:  0.0, Sum:  0.0, Workers: 4
[11.544s][debug][gc,phases      ] GC(12)     Dead                           Min: 0, Avg:  0.0, Max: 0, Diff: 0, Sum: 0, Workers: 4
[11.544s][debug][gc,phases      ] GC(12)     Total                          Min: 0, Avg:  0.0, Max: 0, Diff: 0, Sum: 0, Workers: 4
[11.544s][debug][gc,phases      ] GC(12)   Weak JFR Old Object Samples    Min:  0.0, Avg:  0.0, Max:  0.0, Diff:  0.0, Sum:  0.0, Workers: 4
[11.544s][debug][gc,phases      ] GC(12)     Dead                           Min: 0, Avg:  0.0, Max: 0, Diff: 0, Sum: 0, Workers: 4
[11.544s][debug][gc,phases      ] GC(12)     Total                          Min: 0, Avg:  0.0, Max: 0, Diff: 0, Sum: 0, Workers: 4
[11.544s][debug][gc,phases      ] GC(12) Weak Processing 0.460ms
[11.544s][debug][gc,age         ] GC(12) Desired survivor size 536870912 bytes, new threshold 4 (max threshold 15)
[11.544s][info ][gc,heap        ] GC(12) PSYoungGen: 1564151K(1572864K)->476779K(1572864K) Eden: 1048576K(1048576K)->0K(1048576K) From: 515575K(524288K)->476779K(524288K)
[11.544s][info ][gc,heap        ] GC(12) ParOldGen: 177160K(302592K)->227655K(302592K)
[11.544s][info ][gc,metaspace   ] GC(12) Metaspace: 68526K(69376K)->68526K(69376K) NonClass: 58478K(58944K)->58478K(58944K) Class: 10047K(10432K)->10047K(10432K)
[11.544s][info ][gc             ] GC(12) Pause Young (Allocation Failure) 1700M->687M(1831M) 189.837ms
[11.544s][info ][gc,cpu         ] GC(12) User=0.74s Sys=0.01s Real=0.19s
[11.544s][debug][gc,phases      ] GC(13) Pre Compact 0.009ms
[11.544s][info ][gc,start       ] GC(13) Pause Full (Ergonomics)
[11.544s][info ][gc,phases,start] GC(13) Marking Phase
[11.759s][debug][gc,phases      ] GC(13) Par Mark 214.143ms
[11.759s][debug][gc,ref         ] GC(13) Skipped phase 1 of Reference Processing: no references
[11.759s][debug][gc,ref         ] GC(13) ReferenceProcessor::execute queues: 4, RefProcThreadModel::Multi, marks_oops_alive: false
[11.759s][debug][gc,ref         ] GC(13) Skipped phase 3 of Reference Processing: no references
[11.759s][debug][gc,ref         ] GC(13) ReferenceProcessor::execute queues: 1, RefProcThreadModel::Single, marks_oops_alive: false
[11.759s][debug][gc,phases      ] GC(13) Reference Processing 0.339ms
[11.759s][debug][gc,phases      ] GC(13)   VM Weak                        Min:  0.0, Avg:  0.0, Max:  0.0, Diff:  0.0, Sum:  0.0, Workers: 4
[11.759s][debug][gc,phases      ] GC(13)     Dead                           Min: 0, Avg:  0.0, Max: 0, Diff: 0, Sum: 0, Workers: 4
[11.759s][debug][gc,phases      ] GC(13)     Total                          Min: 0, Avg: 150.5, Max: 384, Diff: 384, Sum: 602, Workers: 4
[11.759s][debug][gc,phases      ] GC(13)   ObjectSynchronizer Weak        Min:  0.0, Avg:  0.0, Max:  0.0, Diff:  0.0, Sum:  0.0, Workers: 4
[11.759s][debug][gc,phases      ] GC(13)     Dead                           Min: 0, Avg:  0.0, Max: 0, Diff: 0, Sum: 0, Workers: 4
[11.759s][debug][gc,phases      ] GC(13)     Total                          Min: 0, Avg: 10.2, Max: 41, Diff: 41, Sum: 41, Workers: 4
[11.759s][debug][gc,phases      ] GC(13)   JVMTI Tag Weak OopStorage      Min:  0.0, Avg:  0.0, Max:  0.0, Diff:  0.0, Sum:  0.0, Workers: 4
[11.759s][debug][gc,phases      ] GC(13)     Dead                           Min: 0, Avg:  0.0, Max: 0, Diff: 0, Sum: 0, Workers: 4
[11.759s][debug][gc,phases      ] GC(13)     Total                          Min: 0, Avg:  0.0, Max: 0, Diff: 0, Sum: 0, Workers: 4
[11.759s][debug][gc,phases      ] GC(13)   StringTable Weak               Min:  0.1, Avg:  0.1, Max:  0.1, Diff:  0.0, Sum:  0.6, Workers: 4
[11.759s][debug][gc,phases      ] GC(13)     Dead                           Min: 0, Avg:  0.0, Max: 0, Diff: 0, Sum: 0, Workers: 4
[11.759s][debug][gc,phases      ] GC(13)     Total                          Min: 9461, Avg: 10877.2, Max: 12544, Diff: 3083, Sum: 43509, Workers: 4
[11.759s][debug][gc,phases      ] GC(13)   ResolvedMethodTable Weak       Min:  0.0, Avg:  0.0, Max:  0.0, Diff:  0.0, Sum:  0.1, Workers: 4
[11.759s][debug][gc,phases      ] GC(13)     Dead                           Min: 0, Avg:  0.0, Max: 0, Diff: 0, Sum: 0, Workers: 4
[11.759s][debug][gc,phases      ] GC(13)     Total                          Min: 1495, Avg: 1701.8, Max: 1920, Diff: 425, Sum: 6807, Workers: 4
[11.759s][debug][gc,phases      ] GC(13)   JNI Weak                       Min:  0.0, Avg:  0.0, Max:  0.0, Diff:  0.0, Sum:  0.0, Workers: 4
[11.759s][debug][gc,phases      ] GC(13)     Dead                           Min: 0, Avg:  0.0, Max: 0, Diff: 0, Sum: 0, Workers: 4
[11.759s][debug][gc,phases      ] GC(13)     Total                          Min: 0, Avg: 14.5, Max: 45, Diff: 45, Sum: 58, Workers: 4
[11.759s][debug][gc,phases      ] GC(13)   StringDedup Table Weak         Min:  0.0, Avg:  0.0, Max:  0.0, Diff:  0.0, Sum:  0.0, Workers: 4
[11.759s][debug][gc,phases      ] GC(13)     Dead                           Min: 0, Avg:  0.0, Max: 0, Diff: 0, Sum: 0, Workers: 4
[11.759s][debug][gc,phases      ] GC(13)     Total                          Min: 0, Avg:  0.0, Max: 0, Diff: 0, Sum: 0, Workers: 4
[11.759s][debug][gc,phases      ] GC(13)   StringDedup Requests0 Weak     Min:  0.0, Avg:  0.0, Max:  0.0, Diff:  0.0, Sum:  0.0, Workers: 4
[11.759s][debug][gc,phases      ] GC(13)     Dead                           Min: 0, Avg:  0.0, Max: 0, Diff: 0, Sum: 0, Workers: 4
[11.759s][debug][gc,phases      ] GC(13)     Total                          Min: 0, Avg:  0.0, Max: 0, Diff: 0, Sum: 0, Workers: 4
[11.759s][debug][gc,phases      ] GC(13)   StringDedup Requests1 Weak     Min:  0.0, Avg:  0.0, Max:  0.0, Diff:  0.0, Sum:  0.0, Workers: 4
[11.759s][debug][gc,phases      ] GC(13)     Dead                           Min: 0, Avg:  0.0, Max: 0, Diff: 0, Sum: 0, Workers: 4
[11.759s][debug][gc,phases      ] GC(13)     Total                          Min: 0, Avg:  0.0, Max: 0, Diff: 0, Sum: 0, Workers: 4
[11.759s][debug][gc,phases      ] GC(13)   Weak JFR Old Object Samples    Min:  0.0, Avg:  0.0, Max:  0.0, Diff:  0.0, Sum:  0.0, Workers: 4
[11.759s][debug][gc,phases      ] GC(13)     Dead                           Min: 0, Avg:  0.0, Max: 0, Diff: 0, Sum: 0, Workers: 4
[11.759s][debug][gc,phases      ] GC(13)     Total                          Min: 0, Avg:  0.0, Max: 0, Diff: 0, Sum: 0, Workers: 4
[11.759s][debug][gc,phases      ] GC(13) Weak Processing 0.307ms
[11.759s][debug][gc,phases      ] GC(13) ClassLoaderData 0.075ms
[11.759s][debug][gc,phases      ] GC(13) Trigger cleanups 0.000ms
[11.767s][debug][gc,phases      ] GC(13) Class Unloading 7.966ms
[11.767s][info ][gc,phases      ] GC(13) Marking Phase 222.895ms
[11.767s][info ][gc,phases,start] GC(13) Summary Phase
[11.767s][info ][gc,phases      ] GC(13) Summary Phase 0.019ms
[11.767s][info ][gc,phases,start] GC(13) Adjust Roots
[11.778s][info ][gc,phases      ] GC(13) Adjust Roots 11.089ms
[11.778s][info ][gc,phases,start] GC(13) Compaction Phase
[12.431s][info ][gc,phases      ] GC(13) Compaction Phase 652.798ms
[12.431s][info ][gc,phases,start] GC(13) Post Compact
[12.433s][info ][gc,phases      ] GC(13) Post Compact 1.968ms
[12.433s][info ][gc,heap        ] GC(13) PSYoungGen: 476779K(1572864K)->389240K(1572864K) Eden: 0K(1048576K)->0K(1048576K) From: 476779K(524288K)->389240K(524288K)
[12.433s][info ][gc,heap        ] GC(13) ParOldGen: 227655K(302592K)->302211K(448000K)
[12.433s][info ][gc,metaspace   ] GC(13) Metaspace: 68526K(69376K)->68526K(69376K) NonClass: 58478K(58944K)->58478K(58944K) Class: 10047K(10432K)->10047K(10432K)
[12.433s][info ][gc             ] GC(13) Pause Full (Ergonomics) 687M->675M(1973M) 889.114ms
[12.433s][info ][gc,cpu         ] GC(13) User=3.48s Sys=0.01s Real=0.89s
[12.439s][info ][safepoint      ] Safepoint "ParallelGCFailedAllocation", Time since last: 196999667 ns, Reaching safepoint: 144901 ns, At safepoint: 1084704028 ns, Total: 1084848929 ns
[12.656s][info ][gc,start       ] GC(14) Pause Young (Allocation Failure)
[12.824s][debug][gc,phases      ] GC(14) Scavenge 168.516ms
[12.824s][debug][gc,ref         ] GC(14) Skipped phase 1 of Reference Processing: no references
[12.824s][debug][gc,ref         ] GC(14) ReferenceProcessor::execute queues: 1, RefProcThreadModel::Single, marks_oops_alive: false
[12.824s][debug][gc,ref         ] GC(14) Skipped phase 3 of Reference Processing: no references
[12.824s][debug][gc,ref         ] GC(14) ReferenceProcessor::execute queues: 1, RefProcThreadModel::Single, marks_oops_alive: false
[12.824s][debug][gc,phases      ] GC(14) Reference Processing 0.107ms
[12.825s][debug][gc,phases      ] GC(14)   VM Weak                        Min:  0.0, Avg:  0.0, Max:  0.0, Diff:  0.0, Sum:  0.0, Workers: 4
[12.825s][debug][gc,phases      ] GC(14)     Dead                           Min: 0, Avg:  0.0, Max: 0, Diff: 0, Sum: 0, Workers: 4
[12.825s][debug][gc,phases      ] GC(14)     Total                          Min: 0, Avg: 152.0, Max: 544, Diff: 544, Sum: 608, Workers: 4
[12.825s][debug][gc,phases      ] GC(14)   ObjectSynchronizer Weak        Min:  0.0, Avg:  0.0, Max:  0.0, Diff:  0.0, Sum:  0.0, Workers: 4
[12.825s][debug][gc,phases      ] GC(14)     Dead                           Min: 0, Avg:  0.0, Max: 0, Diff: 0, Sum: 0, Workers: 4
[12.825s][debug][gc,phases      ] GC(14)     Total                          Min: 0, Avg: 10.2, Max: 41, Diff: 41, Sum: 41, Workers: 4
[12.825s][debug][gc,phases      ] GC(14)   JVMTI Tag Weak OopStorage      Min:  0.0, Avg:  0.0, Max:  0.0, Diff:  0.0, Sum:  0.0, Workers: 4
[12.825s][debug][gc,phases      ] GC(14)     Dead                           Min: 0, Avg:  0.0, Max: 0, Diff: 0, Sum: 0, Workers: 4
[12.825s][debug][gc,phases      ] GC(14)     Total                          Min: 0, Avg:  0.0, Max: 0, Diff: 0, Sum: 0, Workers: 4
[12.825s][debug][gc,phases      ] GC(14)   StringTable Weak               Min:  0.2, Avg:  0.2, Max:  0.2, Diff:  0.0, Sum:  0.8, Workers: 4
[12.825s][debug][gc,phases      ] GC(14)     Dead                           Min: 0, Avg:  3.0, Max: 11, Diff: 11, Sum: 12, Workers: 4
[12.825s][debug][gc,phases      ] GC(14)     Total                          Min: 9856, Avg: 10879.0, Max: 13056, Diff: 3200, Sum: 43516, Workers: 4
[12.825s][debug][gc,phases      ] GC(14)   ResolvedMethodTable Weak       Min:  0.0, Avg:  0.0, Max:  0.0, Diff:  0.0, Sum:  0.2, Workers: 4
[12.825s][debug][gc,phases      ] GC(14)     Dead                           Min: 0, Avg:  0.0, Max: 0, Diff: 0, Sum: 0, Workers: 4
[12.825s][debug][gc,phases      ] GC(14)     Total                          Min: 1569, Avg: 1704.2, Max: 1920, Diff: 351, Sum: 6817, Workers: 4
[12.825s][debug][gc,phases      ] GC(14)   JNI Weak                       Min:  0.0, Avg:  0.0, Max:  0.0, Diff:  0.0, Sum:  0.0, Workers: 4
[12.825s][debug][gc,phases      ] GC(14)     Dead                           Min: 0, Avg:  0.0, Max: 0, Diff: 0, Sum: 0, Workers: 4
[12.825s][debug][gc,phases      ] GC(14)     Total                          Min: 0, Avg: 13.2, Max: 53, Diff: 53, Sum: 53, Workers: 4
[12.825s][debug][gc,phases      ] GC(14)   StringDedup Table Weak         Min:  0.0, Avg:  0.0, Max:  0.0, Diff:  0.0, Sum:  0.0, Workers: 4
[12.825s][debug][gc,phases      ] GC(14)     Dead                           Min: 0, Avg:  0.0, Max: 0, Diff: 0, Sum: 0, Workers: 4
[12.825s][debug][gc,phases      ] GC(14)     Total                          Min: 0, Avg:  0.0, Max: 0, Diff: 0, Sum: 0, Workers: 4
[12.825s][debug][gc,phases      ] GC(14)   StringDedup Requests0 Weak     Min:  0.0, Avg:  0.0, Max:  0.0, Diff:  0.0, Sum:  0.0, Workers: 4
[12.825s][debug][gc,phases      ] GC(14)     Dead                           Min: 0, Avg:  0.0, Max: 0, Diff: 0, Sum: 0, Workers: 4
[12.825s][debug][gc,phases      ] GC(14)     Total                          Min: 0, Avg:  0.0, Max: 0, Diff: 0, Sum: 0, Workers: 4
[12.825s][debug][gc,phases      ] GC(14)   StringDedup Requests1 Weak     Min:  0.0, Avg:  0.0, Max:  0.0, Diff:  0.0, Sum:  0.0, Workers: 4
[12.825s][debug][gc,phases      ] GC(14)     Dead                           Min: 0, Avg:  0.0, Max: 0, Diff: 0, Sum: 0, Workers: 4
[12.825s][debug][gc,phases      ] GC(14)     Total                          Min: 0, Avg:  0.0, Max: 0, Diff: 0, Sum: 0, Workers: 4
[12.825s][debug][gc,phases      ] GC(14)   Weak JFR Old Object Samples    Min:  0.0, Avg:  0.0, Max:  0.0, Diff:  0.0, Sum:  0.0, Workers: 4
[12.825s][debug][gc,phases      ] GC(14)     Dead                           Min: 0, Avg:  0.0, Max: 0, Diff: 0, Sum: 0, Workers: 4
[12.825s][debug][gc,phases      ] GC(14)     Total                          Min: 0, Avg:  0.0, Max: 0, Diff: 0, Sum: 0, Workers: 4
[12.825s][debug][gc,phases      ] GC(14) Weak Processing 0.525ms
[12.825s][debug][gc,age         ] GC(14) Desired survivor size 536870912 bytes, new threshold 3 (max threshold 15)
[12.825s][info ][gc,heap        ] GC(14) PSYoungGen: 1437816K(1572864K)->266291K(1572864K) Eden: 1048576K(1048576K)->0K(1048576K) From: 389240K(524288K)->266291K(524288K)
[12.825s][info ][gc,heap        ] GC(14) ParOldGen: 302211K(448000K)->430878K(448000K)
[12.825s][info ][gc,metaspace   ] GC(14) Metaspace: 68600K(69440K)->68600K(69440K) NonClass: 58548K(59008K)->58548K(59008K) Class: 10052K(10432K)->10052K(10432K)
[12.825s][info ][gc             ] GC(14) Pause Young (Allocation Failure) 1699M->680M(1973M) 169.289ms
[12.825s][info ][gc,cpu         ] GC(14) User=0.60s Sys=0.08s Real=0.17s
[12.825s][debug][gc,phases      ] GC(15) Pre Compact 0.016ms
[12.825s][info ][gc,start       ] GC(15) Pause Full (Ergonomics)
[12.825s][info ][gc,phases,start] GC(15) Marking Phase
[13.060s][debug][gc,phases      ] GC(15) Par Mark 234.649ms
[13.060s][debug][gc,ref         ] GC(15) Skipped phase 1 of Reference Processing: no references
[13.060s][debug][gc,ref         ] GC(15) ReferenceProcessor::execute queues: 4, RefProcThreadModel::Multi, marks_oops_alive: false
[13.060s][debug][gc,ref         ] GC(15) Skipped phase 3 of Reference Processing: no references
[13.060s][debug][gc,ref         ] GC(15) ReferenceProcessor::execute queues: 1, RefProcThreadModel::Single, marks_oops_alive: false
[13.060s][debug][gc,phases      ] GC(15) Reference Processing 0.371ms
[13.061s][debug][gc,phases      ] GC(15)   VM Weak                        Min:  0.0, Avg:  0.0, Max:  0.0, Diff:  0.0, Sum:  0.0, Workers: 4
[13.061s][debug][gc,phases      ] GC(15)     Dead                           Min: 0, Avg:  0.0, Max: 0, Diff: 0, Sum: 0, Workers: 4
[13.061s][debug][gc,phases      ] GC(15)     Total                          Min: 64, Avg: 152.0, Max: 256, Diff: 192, Sum: 608, Workers: 4
[13.061s][debug][gc,phases      ] GC(15)   ObjectSynchronizer Weak        Min:  0.0, Avg:  0.0, Max:  0.0, Diff:  0.0, Sum:  0.0, Workers: 4
[13.061s][debug][gc,phases      ] GC(15)     Dead                           Min: 0, Avg:  0.0, Max: 0, Diff: 0, Sum: 0, Workers: 4
[13.061s][debug][gc,phases      ] GC(15)     Total                          Min: 0, Avg: 10.2, Max: 41, Diff: 41, Sum: 41, Workers: 4
[13.061s][debug][gc,phases      ] GC(15)   JVMTI Tag Weak OopStorage      Min:  0.0, Avg:  0.0, Max:  0.0, Diff:  0.0, Sum:  0.0, Workers: 4
[13.061s][debug][gc,phases      ] GC(15)     Dead                           Min: 0, Avg:  0.0, Max: 0, Diff: 0, Sum: 0, Workers: 4
[13.061s][debug][gc,phases      ] GC(15)     Total                          Min: 0, Avg:  0.0, Max: 0, Diff: 0, Sum: 0, Workers: 4
[13.061s][debug][gc,phases      ] GC(15)   StringTable Weak               Min:  0.2, Avg:  0.2, Max:  0.2, Diff:  0.0, Sum:  0.7, Workers: 4
[13.061s][debug][gc,phases      ] GC(15)     Dead                           Min: 0, Avg:  0.0, Max: 0, Diff: 0, Sum: 0, Workers: 4
[13.061s][debug][gc,phases      ] GC(15)     Total                          Min: 10684, Avg: 10879.0, Max: 11200, Diff: 516, Sum: 43516, Workers: 4
[13.061s][debug][gc,phases      ] GC(15)   ResolvedMethodTable Weak       Min:  0.0, Avg:  0.0, Max:  0.0, Diff:  0.0, Sum:  0.1, Workers: 4
[13.061s][debug][gc,phases      ] GC(15)     Dead                           Min: 0, Avg:  0.0, Max: 0, Diff: 0, Sum: 0, Workers: 4
[13.061s][debug][gc,phases      ] GC(15)     Total                          Min: 1633, Avg: 1704.2, Max: 1792, Diff: 159, Sum: 6817, Workers: 4
[13.061s][debug][gc,phases      ] GC(15)   JNI Weak                       Min:  0.0, Avg:  0.0, Max:  0.0, Diff:  0.0, Sum:  0.0, Workers: 4
[13.061s][debug][gc,phases      ] GC(15)     Dead                           Min: 0, Avg:  0.0, Max: 0, Diff: 0, Sum: 0, Workers: 4
[13.061s][debug][gc,phases      ] GC(15)     Total                          Min: 0, Avg: 13.2, Max: 43, Diff: 43, Sum: 53, Workers: 4
[13.061s][debug][gc,phases      ] GC(15)   StringDedup Table Weak         Min:  0.0, Avg:  0.0, Max:  0.0, Diff:  0.0, Sum:  0.0, Workers: 4
[13.061s][debug][gc,phases      ] GC(15)     Dead                           Min: 0, Avg:  0.0, Max: 0, Diff: 0, Sum: 0, Workers: 4
[13.061s][debug][gc,phases      ] GC(15)     Total                          Min: 0, Avg:  0.0, Max: 0, Diff: 0, Sum: 0, Workers: 4
[13.061s][debug][gc,phases      ] GC(15)   StringDedup Requests0 Weak     Min:  0.0, Avg:  0.0, Max:  0.0, Diff:  0.0, Sum:  0.0, Workers: 4
[13.061s][debug][gc,phases      ] GC(15)     Dead                           Min: 0, Avg:  0.0, Max: 0, Diff: 0, Sum: 0, Workers: 4
[13.061s][debug][gc,phases      ] GC(15)     Total                          Min: 0, Avg:  0.0, Max: 0, Diff: 0, Sum: 0, Workers: 4
[13.061s][debug][gc,phases      ] GC(15)   StringDedup Requests1 Weak     Min:  0.0, Avg:  0.0, Max:  0.0, Diff:  0.0, Sum:  0.0, Workers: 4
[13.061s][debug][gc,phases      ] GC(15)     Dead                           Min: 0, Avg:  0.0, Max: 0, Diff: 0, Sum: 0, Workers: 4
[13.061s][debug][gc,phases      ] GC(15)     Total                          Min: 0, Avg:  0.0, Max: 0, Diff: 0, Sum: 0, Workers: 4
[13.061s][debug][gc,phases      ] GC(15)   Weak JFR Old Object Samples    Min:  0.0, Avg:  0.0, Max:  0.0, Diff:  0.0, Sum:  0.0, Workers: 4
[13.061s][debug][gc,phases      ] GC(15)     Dead                           Min: 0, Avg:  0.0, Max: 0, Diff: 0, Sum: 0, Workers: 4
[13.061s][debug][gc,phases      ] GC(15)     Total                          Min: 0, Avg:  0.0, Max: 0, Diff: 0, Sum: 0, Workers: 4
[13.061s][debug][gc,phases      ] GC(15) Weak Processing 0.353ms
[13.061s][debug][gc,phases      ] GC(15) ClassLoaderData 0.079ms
[13.061s][debug][gc,phases      ] GC(15) Trigger cleanups 0.000ms
[13.070s][debug][gc,phases      ] GC(15) Class Unloading 9.740ms
[13.070s][info ][gc,phases      ] GC(15) Marking Phase 245.262ms
[13.070s][info ][gc,phases,start] GC(15) Summary Phase
[13.070s][info ][gc,phases      ] GC(15) Summary Phase 0.012ms
[13.070s][info ][gc,phases,start] GC(15) Adjust Roots
[13.081s][info ][gc,phases      ] GC(15) Adjust Roots 10.351ms
[13.081s][info ][gc,phases,start] GC(15) Compaction Phase
[13.593s][info ][gc,phases      ] GC(15) Compaction Phase 512.303ms
[13.593s][info ][gc,phases,start] GC(15) Post Compact
[13.595s][info ][gc,phases      ] GC(15) Post Compact 1.359ms
[13.595s][info ][gc,heap        ] GC(15) PSYoungGen: 266291K(1572864K)->241783K(1572864K) Eden: 0K(1048576K)->0K(1048576K) From: 266291K(524288K)->241783K(524288K)
[13.595s][info ][gc,heap        ] GC(15) ParOldGen: 430878K(448000K)->447563K(647168K)
[13.595s][info ][gc,metaspace   ] GC(15) Metaspace: 68600K(69440K)->68600K(69440K) NonClass: 58548K(59008K)->58548K(59008K) Class: 10052K(10432K)->10052K(10432K)
[13.595s][info ][gc             ] GC(15) Pause Full (Ergonomics) 680M->673M(2168M) 769.709ms
[13.595s][info ][gc,cpu         ] GC(15) User=3.01s Sys=0.00s Real=0.77s
[13.616s][info ][safepoint      ] Safepoint "ParallelGCFailedAllocation", Time since last: 216519982 ns, Reaching safepoint: 163601 ns, At safepoint: 960428489 ns, Total: 960592090 ns
[14.034s][info ][safepoint      ] Safepoint "ICBufferFull", Time since last: 417624873 ns, Reaching safepoint: 203501 ns, At safepoint: 10600 ns, Total: 214101 ns
[14.600s][info ][safepoint      ] Safepoint "ICBufferFull", Time since last: 565164346 ns, Reaching safepoint: 341902 ns, At safepoint: 12500 ns, Total: 354402 ns
[15.880s][info ][safepoint      ] Safepoint "Cleanup", Time since last: 1280683880 ns, Reaching safepoint: 230801 ns, At safepoint: 13400 ns, Total: 244201 ns
[16.508s][info ][safepoint      ] Safepoint "ICBufferFull", Time since last: 624102893 ns, Reaching safepoint: 3594521 ns, At safepoint: 14400 ns, Total: 3608921 ns
[17.509s][info ][safepoint      ] Safepoint "Cleanup", Time since last: 1000110316 ns, Reaching safepoint: 248001 ns, At safepoint: 16300 ns, Total: 264301 ns
[17.815s][info ][safepoint      ] Safepoint "ICBufferFull", Time since last: 306258311 ns, Reaching safepoint: 268702 ns, At safepoint: 11400 ns, Total: 280102 ns
[18.485s][info ][gc,start       ] GC(16) Pause Young (Allocation Failure)
[18.686s][debug][gc,phases      ] GC(16) Scavenge 201.063ms
[18.686s][debug][gc,ref         ] GC(16) Skipped phase 1 of Reference Processing: no references
[18.686s][debug][gc,ref         ] GC(16) ReferenceProcessor::execute queues: 1, RefProcThreadModel::Single, marks_oops_alive: false
[18.686s][debug][gc,ref         ] GC(16) Skipped phase 3 of Reference Processing: no references
[18.686s][debug][gc,ref         ] GC(16) ReferenceProcessor::execute queues: 1, RefProcThreadModel::Single, marks_oops_alive: false
[18.686s][debug][gc,phases      ] GC(16) Reference Processing 0.147ms
[18.687s][debug][gc,phases      ] GC(16)   VM Weak                        Min:  0.0, Avg:  0.0, Max:  0.0, Diff:  0.0, Sum:  0.0, Workers: 4
[18.687s][debug][gc,phases      ] GC(16)     Dead                           Min: 0, Avg:  0.0, Max: 0, Diff: 0, Sum: 0, Workers: 4
[18.687s][debug][gc,phases      ] GC(16)     Total                          Min: 0, Avg: 152.5, Max: 354, Diff: 354, Sum: 610, Workers: 4
[18.687s][debug][gc,phases      ] GC(16)   ObjectSynchronizer Weak        Min:  0.0, Avg:  0.0, Max:  0.0, Diff:  0.0, Sum:  0.0, Workers: 4
[18.687s][debug][gc,phases      ] GC(16)     Dead                           Min: 0, Avg:  0.0, Max: 0, Diff: 0, Sum: 0, Workers: 4
[18.687s][debug][gc,phases      ] GC(16)     Total                          Min: 0, Avg: 10.2, Max: 41, Diff: 41, Sum: 41, Workers: 4
[18.687s][debug][gc,phases      ] GC(16)   JVMTI Tag Weak OopStorage      Min:  0.0, Avg:  0.0, Max:  0.0, Diff:  0.0, Sum:  0.0, Workers: 4
[18.687s][debug][gc,phases      ] GC(16)     Dead                           Min: 0, Avg:  0.0, Max: 0, Diff: 0, Sum: 0, Workers: 4
[18.687s][debug][gc,phases      ] GC(16)     Total                          Min: 0, Avg:  0.0, Max: 0, Diff: 0, Sum: 0, Workers: 4
[18.687s][debug][gc,phases      ] GC(16)   StringTable Weak               Min:  0.0, Avg:  0.1, Max:  0.2, Diff:  0.2, Sum:  0.5, Workers: 4
[18.687s][debug][gc,phases      ] GC(16)     Dead                           Min: 0, Avg:  3.5, Max: 8, Diff: 8, Sum: 14, Workers: 4
[18.687s][debug][gc,phases      ] GC(16)     Total                          Min: 0, Avg: 10932.2, Max: 23121, Diff: 23121, Sum: 43729, Workers: 4
[18.687s][debug][gc,phases      ] GC(16)   ResolvedMethodTable Weak       Min:  0.0, Avg:  0.0, Max:  0.0, Diff:  0.0, Sum:  0.1, Workers: 4
[18.687s][debug][gc,phases      ] GC(16)     Dead                           Min: 0, Avg:  9.5, Max: 29, Diff: 29, Sum: 38, Workers: 4
[18.687s][debug][gc,phases      ] GC(16)     Total                          Min: 0, Avg: 1726.0, Max: 3512, Diff: 3512, Sum: 6904, Workers: 4
[18.687s][debug][gc,phases      ] GC(16)   JNI Weak                       Min:  0.0, Avg:  0.0, Max:  0.0, Diff:  0.0, Sum:  0.0, Workers: 4
[18.687s][debug][gc,phases      ] GC(16)     Dead                           Min: 0, Avg:  0.0, Max: 0, Diff: 0, Sum: 0, Workers: 4
[18.687s][debug][gc,phases      ] GC(16)     Total                          Min: 0, Avg:  0.0, Max: 0, Diff: 0, Sum: 0, Workers: 4
[18.687s][debug][gc,phases      ] GC(16)   StringDedup Table Weak         Min:  0.0, Avg:  0.0, Max:  0.0, Diff:  0.0, Sum:  0.0, Workers: 4
[18.687s][debug][gc,phases      ] GC(16)     Dead                           Min: 0, Avg:  0.0, Max: 0, Diff: 0, Sum: 0, Workers: 4
[18.687s][debug][gc,phases      ] GC(16)     Total                          Min: 0, Avg:  0.0, Max: 0, Diff: 0, Sum: 0, Workers: 4
[18.687s][debug][gc,phases      ] GC(16)   StringDedup Requests0 Weak     Min:  0.0, Avg:  0.0, Max:  0.0, Diff:  0.0, Sum:  0.0, Workers: 4
[18.687s][debug][gc,phases      ] GC(16)     Dead                           Min: 0, Avg:  0.0, Max: 0, Diff: 0, Sum: 0, Workers: 4
[18.687s][debug][gc,phases      ] GC(16)     Total                          Min: 0, Avg:  0.0, Max: 0, Diff: 0, Sum: 0, Workers: 4
[18.687s][debug][gc,phases      ] GC(16)   StringDedup Requests1 Weak     Min:  0.0, Avg:  0.0, Max:  0.0, Diff:  0.0, Sum:  0.0, Workers: 4
[18.687s][debug][gc,phases      ] GC(16)     Dead                           Min: 0, Avg:  0.0, Max: 0, Diff: 0, Sum: 0, Workers: 4
[18.687s][debug][gc,phases      ] GC(16)     Total                          Min: 0, Avg:  0.0, Max: 0, Diff: 0, Sum: 0, Workers: 4
[18.687s][debug][gc,phases      ] GC(16)   Weak JFR Old Object Samples    Min:  0.0, Avg:  0.0, Max:  0.0, Diff:  0.0, Sum:  0.0, Workers: 4
[18.687s][debug][gc,phases      ] GC(16)     Dead                           Min: 0, Avg:  0.0, Max: 0, Diff: 0, Sum: 0, Workers: 4
[18.687s][debug][gc,phases      ] GC(16)     Total                          Min: 0, Avg:  0.0, Max: 0, Diff: 0, Sum: 0, Workers: 4
[18.687s][debug][gc,phases      ] GC(16) Weak Processing 0.517ms
[18.687s][debug][gc,age         ] GC(16) Desired survivor size 536870912 bytes, new threshold 2 (max threshold 15)
[18.687s][info ][gc,heap        ] GC(16) PSYoungGen: 1290359K(1572864K)->99318K(1572864K) Eden: 1048576K(1048576K)->0K(1048576K) From: 241783K(524288K)->99318K(524288K)
[18.687s][info ][gc,heap        ] GC(16) ParOldGen: 447563K(647168K)->654272K(654336K)
[18.687s][info ][gc,metaspace   ] GC(16) Metaspace: 69288K(70080K)->69288K(70080K) NonClass: 59183K(59584K)->59183K(59584K) Class: 10105K(10496K)->10105K(10496K)
[18.687s][info ][gc             ] GC(16) Pause Young (Allocation Failure) 1697M->735M(2175M) 201.873ms
[18.687s][info ][gc,cpu         ] GC(16) User=0.66s Sys=0.06s Real=0.20s
[18.687s][debug][gc,phases      ] GC(17) Pre Compact 0.014ms
[18.687s][info ][gc,start       ] GC(17) Pause Full (Ergonomics)
[18.687s][info ][gc,phases,start] GC(17) Marking Phase
[18.902s][debug][gc,phases      ] GC(17) Par Mark 214.676ms
[18.902s][debug][gc,ref         ] GC(17) Skipped phase 1 of Reference Processing: no references
[18.902s][debug][gc,ref         ] GC(17) ReferenceProcessor::execute queues: 4, RefProcThreadModel::Multi, marks_oops_alive: false
[18.902s][debug][gc,ref         ] GC(17) Skipped phase 3 of Reference Processing: no references
[18.902s][debug][gc,ref         ] GC(17) ReferenceProcessor::execute queues: 1, RefProcThreadModel::Single, marks_oops_alive: false
[18.902s][debug][gc,phases      ] GC(17) Reference Processing 0.585ms
[18.903s][debug][gc,phases      ] GC(17)   VM Weak                        Min:  0.0, Avg:  0.0, Max:  0.0, Diff:  0.0, Sum:  0.0, Workers: 4
[18.903s][debug][gc,phases      ] GC(17)     Dead                           Min: 0, Avg:  0.0, Max: 0, Diff: 0, Sum: 0, Workers: 4
[18.903s][debug][gc,phases      ] GC(17)     Total                          Min: 0, Avg: 152.5, Max: 384, Diff: 384, Sum: 610, Workers: 4
[18.903s][debug][gc,phases      ] GC(17)   ObjectSynchronizer Weak        Min:  0.0, Avg:  0.0, Max:  0.0, Diff:  0.0, Sum:  0.0, Workers: 4
[18.903s][debug][gc,phases      ] GC(17)     Dead                           Min: 0, Avg:  0.0, Max: 0, Diff: 0, Sum: 0, Workers: 4
[18.903s][debug][gc,phases      ] GC(17)     Total                          Min: 0, Avg: 10.2, Max: 41, Diff: 41, Sum: 41, Workers: 4
[18.903s][debug][gc,phases      ] GC(17)   JVMTI Tag Weak OopStorage      Min:  0.0, Avg:  0.0, Max:  0.0, Diff:  0.0, Sum:  0.0, Workers: 4
[18.903s][debug][gc,phases      ] GC(17)     Dead                           Min: 0, Avg:  0.0, Max: 0, Diff: 0, Sum: 0, Workers: 4
[18.903s][debug][gc,phases      ] GC(17)     Total                          Min: 0, Avg:  0.0, Max: 0, Diff: 0, Sum: 0, Workers: 4
[18.903s][debug][gc,phases      ] GC(17)   StringTable Weak               Min:  0.0, Avg:  0.2, Max:  0.2, Diff:  0.2, Sum:  0.7, Workers: 4
[18.903s][debug][gc,phases      ] GC(17)     Dead                           Min: 0, Avg:  0.0, Max: 0, Diff: 0, Sum: 0, Workers: 4
[18.903s][debug][gc,phases      ] GC(17)     Total                          Min: 1472, Avg: 10932.2, Max: 14289, Diff: 12817, Sum: 43729, Workers: 4
[18.903s][debug][gc,phases      ] GC(17)   ResolvedMethodTable Weak       Min:  0.0, Avg:  0.0, Max:  0.0, Diff:  0.0, Sum:  0.1, Workers: 4
[18.903s][debug][gc,phases      ] GC(17)     Dead                           Min: 0, Avg:  0.0, Max: 0, Diff: 0, Sum: 0, Workers: 4
[18.903s][debug][gc,phases      ] GC(17)     Total                          Min: 1600, Avg: 1726.0, Max: 1920, Diff: 320, Sum: 6904, Workers: 4
[18.903s][debug][gc,phases      ] GC(17)   JNI Weak                       Min:  0.0, Avg:  0.0, Max:  0.0, Diff:  0.0, Sum:  0.0, Workers: 4
[18.903s][debug][gc,phases      ] GC(17)     Dead                           Min: 0, Avg:  0.0, Max: 0, Diff: 0, Sum: 0, Workers: 4
[18.903s][debug][gc,phases      ] GC(17)     Total                          Min: 0, Avg:  0.0, Max: 0, Diff: 0, Sum: 0, Workers: 4
[18.903s][debug][gc,phases      ] GC(17)   StringDedup Table Weak         Min:  0.0, Avg:  0.0, Max:  0.0, Diff:  0.0, Sum:  0.0, Workers: 4
[18.903s][debug][gc,phases      ] GC(17)     Dead                           Min: 0, Avg:  0.0, Max: 0, Diff: 0, Sum: 0, Workers: 4
[18.903s][debug][gc,phases      ] GC(17)     Total                          Min: 0, Avg:  0.0, Max: 0, Diff: 0, Sum: 0, Workers: 4
[18.903s][debug][gc,phases      ] GC(17)   StringDedup Requests0 Weak     Min:  0.0, Avg:  0.0, Max:  0.0, Diff:  0.0, Sum:  0.0, Workers: 4
[18.903s][debug][gc,phases      ] GC(17)     Dead                           Min: 0, Avg:  0.0, Max: 0, Diff: 0, Sum: 0, Workers: 4
[18.903s][debug][gc,phases      ] GC(17)     Total                          Min: 0, Avg:  0.0, Max: 0, Diff: 0, Sum: 0, Workers: 4
[18.903s][debug][gc,phases      ] GC(17)   StringDedup Requests1 Weak     Min:  0.0, Avg:  0.0, Max:  0.0, Diff:  0.0, Sum:  0.0, Workers: 4
[18.903s][debug][gc,phases      ] GC(17)     Dead                           Min: 0, Avg:  0.0, Max: 0, Diff: 0, Sum: 0, Workers: 4
[18.903s][debug][gc,phases      ] GC(17)     Total                          Min: 0, Avg:  0.0, Max: 0, Diff: 0, Sum: 0, Workers: 4
[18.903s][debug][gc,phases      ] GC(17)   Weak JFR Old Object Samples    Min:  0.0, Avg:  0.0, Max:  0.0, Diff:  0.0, Sum:  0.0, Workers: 4
[18.903s][debug][gc,phases      ] GC(17)     Dead                           Min: 0, Avg:  0.0, Max: 0, Diff: 0, Sum: 0, Workers: 4
[18.903s][debug][gc,phases      ] GC(17)     Total                          Min: 0, Avg:  0.0, Max: 0, Diff: 0, Sum: 0, Workers: 4
[18.903s][debug][gc,phases      ] GC(17) Weak Processing 0.398ms
[18.903s][debug][gc,phases      ] GC(17) ClassLoaderData 0.082ms
[18.903s][debug][gc,phases      ] GC(17) Trigger cleanups 0.000ms
[18.912s][debug][gc,phases      ] GC(17) Class Unloading 8.617ms
[18.912s][info ][gc,phases      ] GC(17) Marking Phase 224.430ms
[18.912s][info ][gc,phases,start] GC(17) Summary Phase
[18.912s][info ][gc,phases      ] GC(17) Summary Phase 0.019ms
[18.912s][info ][gc,phases,start] GC(17) Adjust Roots
[18.920s][info ][gc,phases      ] GC(17) Adjust Roots 8.125ms
[18.920s][info ][gc,phases,start] GC(17) Compaction Phase
[19.404s][info ][gc,phases      ] GC(17) Compaction Phase 483.992ms
[19.404s][info ][gc,phases,start] GC(17) Post Compact
[19.405s][info ][gc,phases      ] GC(17) Post Compact 1.706ms
[19.406s][info ][gc,heap        ] GC(17) PSYoungGen: 99318K(1572864K)->0K(1572864K) Eden: 0K(1048576K)->0K(1048576K) From: 99318K(524288K)->0K(524288K)
[19.406s][info ][gc,heap        ] GC(17) ParOldGen: 654272K(654336K)->616541K(897024K)
[19.406s][info ][gc,metaspace   ] GC(17) Metaspace: 69288K(70080K)->69288K(70080K) NonClass: 59183K(59584K)->59183K(59584K) Class: 10105K(10496K)->10105K(10496K)
[19.406s][info ][gc             ] GC(17) Pause Full (Ergonomics) 735M->602M(2412M) 718.708ms
[19.406s][info ][gc,cpu         ] GC(17) User=2.74s Sys=0.00s Real=0.72s
[19.406s][info ][safepoint      ] Safepoint "ParallelGCFailedAllocation", Time since last: 669788760 ns, Reaching safepoint: 236901 ns, At safepoint: 920735343 ns, Total: 920972244 ns
[20.406s][info ][safepoint      ] Safepoint "Cleanup", Time since last: 1000084909 ns, Reaching safepoint: 168801 ns, At safepoint: 10500 ns, Total: 179301 ns
[21.406s][info ][safepoint      ] Safepoint "Cleanup", Time since last: 1000105207 ns, Reaching safepoint: 173201 ns, At safepoint: 17300 ns, Total: 190501 ns
[21.568s][info ][safepoint      ] Safepoint "ICBufferFull", Time since last: 161189852 ns, Reaching safepoint: 237501 ns, At safepoint: 26701 ns, Total: 264202 ns
[22.218s][info ][safepoint      ] Safepoint "ICBufferFull", Time since last: 650185939 ns, Reaching safepoint: 245901 ns, At safepoint: 7900 ns, Total: 253801 ns
[22.411s][info ][safepoint      ] Safepoint "ICBufferFull", Time since last: 192099634 ns, Reaching safepoint: 251902 ns, At safepoint: 11500 ns, Total: 263402 ns
[22.606s][info ][safepoint      ] Safepoint "ICBufferFull", Time since last: 195129852 ns, Reaching safepoint: 252701 ns, At safepoint: 9200 ns, Total: 261901 ns
[22.744s][info ][safepoint      ] Safepoint "ICBufferFull", Time since last: 137961814 ns, Reaching safepoint: 273202 ns, At safepoint: 10200 ns, Total: 283402 ns
[23.080s][info ][safepoint      ] Safepoint "ICBufferFull", Time since last: 329337344 ns, Reaching safepoint: 6586739 ns, At safepoint: 23500 ns, Total: 6610239 ns
[23.173s][info ][safepoint      ] Safepoint "ICBufferFull", Time since last: 92200444 ns, Reaching safepoint: 215402 ns, At safepoint: 17300 ns, Total: 232702 ns
[23.284s][info ][safepoint      ] Safepoint "ICBufferFull", Time since last: 111343057 ns, Reaching safepoint: 248501 ns, At safepoint: 20600 ns, Total: 269101 ns
[23.572s][info ][gc,start       ] GC(18) Pause Young (Allocation Failure)
[23.679s][debug][gc,phases      ] GC(18) Scavenge 106.369ms
[23.679s][debug][gc,ref         ] GC(18) Skipped phase 1 of Reference Processing: no references
[23.679s][debug][gc,ref         ] GC(18) ReferenceProcessor::execute queues: 1, RefProcThreadModel::Single, marks_oops_alive: false
[23.679s][debug][gc,ref         ] GC(18) Skipped phase 3 of Reference Processing: no references
[23.679s][debug][gc,ref         ] GC(18) ReferenceProcessor::execute queues: 1, RefProcThreadModel::Single, marks_oops_alive: false
[23.679s][debug][gc,phases      ] GC(18) Reference Processing 0.146ms
[23.679s][debug][gc,phases      ] GC(18)   VM Weak                        Min:  0.0, Avg:  0.0, Max:  0.0, Diff:  0.0, Sum:  0.0, Workers: 4
[23.679s][debug][gc,phases      ] GC(18)     Dead                           Min: 0, Avg:  0.0, Max: 0, Diff: 0, Sum: 0, Workers: 4
[23.679s][debug][gc,phases      ] GC(18)     Total                          Min: 0, Avg: 159.5, Max: 576, Diff: 576, Sum: 638, Workers: 4
[23.679s][debug][gc,phases      ] GC(18)   ObjectSynchronizer Weak        Min:  0.0, Avg:  0.0, Max:  0.0, Diff:  0.0, Sum:  0.0, Workers: 4
[23.679s][debug][gc,phases      ] GC(18)     Dead                           Min: 0, Avg:  0.0, Max: 0, Diff: 0, Sum: 0, Workers: 4
[23.679s][debug][gc,phases      ] GC(18)     Total                          Min: 0, Avg: 10.2, Max: 41, Diff: 41, Sum: 41, Workers: 4
[23.679s][debug][gc,phases      ] GC(18)   JVMTI Tag Weak OopStorage      Min:  0.0, Avg:  0.0, Max:  0.0, Diff:  0.0, Sum:  0.0, Workers: 4
[23.679s][debug][gc,phases      ] GC(18)     Dead                           Min: 0, Avg:  0.0, Max: 0, Diff: 0, Sum: 0, Workers: 4
[23.679s][debug][gc,phases      ] GC(18)     Total                          Min: 0, Avg:  0.0, Max: 0, Diff: 0, Sum: 0, Workers: 4
[23.679s][debug][gc,phases      ] GC(18)   StringTable Weak               Min:  0.1, Avg:  0.1, Max:  0.1, Diff:  0.0, Sum:  0.5, Workers: 4
[23.679s][debug][gc,phases      ] GC(18)     Dead                           Min: 1, Avg:  4.0, Max: 12, Diff: 11, Sum: 16, Workers: 4
[23.679s][debug][gc,phases      ] GC(18)     Total                          Min: 9216, Avg: 11166.5, Max: 14906, Diff: 5690, Sum: 44666, Workers: 4
[23.679s][debug][gc,phases      ] GC(18)   ResolvedMethodTable Weak       Min:  0.0, Avg:  0.0, Max:  0.0, Diff:  0.0, Sum:  0.1, Workers: 4
[23.679s][debug][gc,phases      ] GC(18)     Dead                           Min: 0, Avg: 17.2, Max: 34, Diff: 34, Sum: 69, Workers: 4
[23.679s][debug][gc,phases      ] GC(18)     Total                          Min: 1728, Avg: 1844.0, Max: 1984, Diff: 256, Sum: 7376, Workers: 4
[23.679s][debug][gc,phases      ] GC(18)   JNI Weak                       Min:  0.0, Avg:  0.0, Max:  0.0, Diff:  0.0, Sum:  0.0, Workers: 4
[23.679s][debug][gc,phases      ] GC(18)     Dead                           Min: 0, Avg:  0.0, Max: 0, Diff: 0, Sum: 0, Workers: 4
[23.679s][debug][gc,phases      ] GC(18)     Total                          Min: 0, Avg: 18.5, Max: 39, Diff: 39, Sum: 74, Workers: 4
[23.679s][debug][gc,phases      ] GC(18)   StringDedup Table Weak         Min:  0.0, Avg:  0.0, Max:  0.0, Diff:  0.0, Sum:  0.0, Workers: 4
[23.679s][debug][gc,phases      ] GC(18)     Dead                           Min: 0, Avg:  0.0, Max: 0, Diff: 0, Sum: 0, Workers: 4
[23.679s][debug][gc,phases      ] GC(18)     Total                          Min: 0, Avg:  0.0, Max: 0, Diff: 0, Sum: 0, Workers: 4
[23.679s][debug][gc,phases      ] GC(18)   StringDedup Requests0 Weak     Min:  0.0, Avg:  0.0, Max:  0.0, Diff:  0.0, Sum:  0.0, Workers: 4
[23.679s][debug][gc,phases      ] GC(18)     Dead                           Min: 0, Avg:  0.0, Max: 0, Diff: 0, Sum: 0, Workers: 4
[23.679s][debug][gc,phases      ] GC(18)     Total                          Min: 0, Avg:  0.0, Max: 0, Diff: 0, Sum: 0, Workers: 4
[23.679s][debug][gc,phases      ] GC(18)   StringDedup Requests1 Weak     Min:  0.0, Avg:  0.0, Max:  0.0, Diff:  0.0, Sum:  0.0, Workers: 4
[23.679s][debug][gc,phases      ] GC(18)     Dead                           Min: 0, Avg:  0.0, Max: 0, Diff: 0, Sum: 0, Workers: 4
[23.679s][debug][gc,phases      ] GC(18)     Total                          Min: 0, Avg:  0.0, Max: 0, Diff: 0, Sum: 0, Workers: 4
[23.679s][debug][gc,phases      ] GC(18)   Weak JFR Old Object Samples    Min:  0.0, Avg:  0.0, Max:  0.0, Diff:  0.0, Sum:  0.0, Workers: 4
[23.679s][debug][gc,phases      ] GC(18)     Dead                           Min: 0, Avg:  0.0, Max: 0, Diff: 0, Sum: 0, Workers: 4
[23.679s][debug][gc,phases      ] GC(18)     Total                          Min: 0, Avg:  0.0, Max: 0, Diff: 0, Sum: 0, Workers: 4
[23.679s][debug][gc,phases      ] GC(18) Weak Processing 0.283ms
[23.679s][debug][gc,age         ] GC(18) Desired survivor size 536870912 bytes, new threshold 1 (max threshold 15)
[23.679s][info ][gc,heap        ] GC(18) PSYoungGen: 1048576K(1572864K)->68784K(1572864K) Eden: 1048576K(1048576K)->0K(1048576K) From: 0K(524288K)->68784K(524288K)
[23.679s][info ][gc,heap        ] GC(18) ParOldGen: 616541K(897024K)->616549K(897024K)
[23.679s][info ][gc,metaspace   ] GC(18) Metaspace: 72737K(73472K)->72737K(73472K) NonClass: 62263K(62656K)->62263K(62656K) Class: 10473K(10816K)->10473K(10816K)
[23.679s][info ][gc             ] GC(18) Pause Young (Allocation Failure) 1626M->669M(2412M) 106.940ms
[23.679s][info ][gc,cpu         ] GC(18) User=0.29s Sys=0.01s Real=0.10s
[23.679s][info ][safepoint      ] Safepoint "ParallelGCFailedAllocation", Time since last: 287867899 ns, Reaching safepoint: 181801 ns, At safepoint: 107041032 ns, Total: 107222833 ns
[24.177s][info ][safepoint      ] Safepoint "ICBufferFull", Time since last: 497109033 ns, Reaching safepoint: 216701 ns, At safepoint: 9300 ns, Total: 226001 ns
[24.511s][info ][safepoint      ] Safepoint "ICBufferFull", Time since last: 334302872 ns, Reaching safepoint: 250102 ns, At safepoint: 18800 ns, Total: 268902 ns
[24.728s][info ][safepoint      ] Safepoint "ICBufferFull", Time since last: 210985045 ns, Reaching safepoint: 6081035 ns, At safepoint: 14901 ns, Total: 6095936 ns
[25.172s][info ][safepoint      ] Safepoint "ICBufferFull", Time since last: 439648193 ns, Reaching safepoint: 4188624 ns, At safepoint: 18801 ns, Total: 4207425 ns
[25.501s][info ][safepoint      ] Safepoint "ICBufferFull", Time since last: 328626638 ns, Reaching safepoint: 272901 ns, At safepoint: 8000 ns, Total: 280901 ns
[25.586s][info ][safepoint      ] Safepoint "ICBufferFull", Time since last: 84825500 ns, Reaching safepoint: 264802 ns, At safepoint: 16700 ns, Total: 281502 ns
[25.634s][info ][safepoint      ] Safepoint "ICBufferFull", Time since last: 47813982 ns, Reaching safepoint: 311502 ns, At safepoint: 17700 ns, Total: 329202 ns
[25.635s][info ][safepoint      ] Safepoint "ICBufferFull", Time since last: 62800 ns, Reaching safepoint: 104601 ns, At safepoint: 8500 ns, Total: 113101 ns
[25.818s][info ][safepoint      ] Safepoint "ICBufferFull", Time since last: 182683577 ns, Reaching safepoint: 305202 ns, At safepoint: 19000 ns, Total: 324202 ns
[26.007s][info ][safepoint      ] Safepoint "ICBufferFull", Time since last: 185257592 ns, Reaching safepoint: 4009124 ns, At safepoint: 15100 ns, Total: 4024224 ns
[26.321s][info ][gc,start       ] GC(19) Pause Young (Allocation Failure)
[26.401s][debug][gc,phases      ] GC(19) Scavenge 80.411ms
[26.401s][debug][gc,ref         ] GC(19) Skipped phase 1 of Reference Processing: no references
[26.401s][debug][gc,ref         ] GC(19) ReferenceProcessor::execute queues: 1, RefProcThreadModel::Single, marks_oops_alive: false
[26.401s][debug][gc,ref         ] GC(19) Skipped phase 3 of Reference Processing: no references
[26.401s][debug][gc,ref         ] GC(19) ReferenceProcessor::execute queues: 1, RefProcThreadModel::Single, marks_oops_alive: false
[26.401s][debug][gc,phases      ] GC(19) Reference Processing 0.151ms
[26.402s][debug][gc,phases      ] GC(19)   VM Weak                        Min:  0.0, Avg:  0.0, Max:  0.0, Diff:  0.0, Sum:  0.0, Workers: 4
[26.402s][debug][gc,phases      ] GC(19)     Dead                           Min: 0, Avg:  0.0, Max: 0, Diff: 0, Sum: 0, Workers: 4
[26.402s][debug][gc,phases      ] GC(19)     Total                          Min: 0, Avg: 167.5, Max: 670, Diff: 670, Sum: 670, Workers: 4
[26.402s][debug][gc,phases      ] GC(19)   ObjectSynchronizer Weak        Min:  0.0, Avg:  0.0, Max:  0.0, Diff:  0.0, Sum:  0.0, Workers: 4
[26.402s][debug][gc,phases      ] GC(19)     Dead                           Min: 0, Avg:  0.5, Max: 2, Diff: 2, Sum: 2, Workers: 4
[26.402s][debug][gc,phases      ] GC(19)     Total                          Min: 0, Avg: 11.0, Max: 44, Diff: 44, Sum: 44, Workers: 4
[26.402s][debug][gc,phases      ] GC(19)   JVMTI Tag Weak OopStorage      Min:  0.0, Avg:  0.0, Max:  0.0, Diff:  0.0, Sum:  0.0, Workers: 4
[26.402s][debug][gc,phases      ] GC(19)     Dead                           Min: 0, Avg:  0.0, Max: 0, Diff: 0, Sum: 0, Workers: 4
[26.402s][debug][gc,phases      ] GC(19)     Total                          Min: 0, Avg:  0.0, Max: 0, Diff: 0, Sum: 0, Workers: 4
[26.402s][debug][gc,phases      ] GC(19)   StringTable Weak               Min:  0.1, Avg:  0.1, Max:  0.1, Diff:  0.0, Sum:  0.6, Workers: 4
[26.402s][debug][gc,phases      ] GC(19)     Dead                           Min: 0, Avg:  1.5, Max: 2, Diff: 2, Sum: 6, Workers: 4
[26.402s][debug][gc,phases      ] GC(19)     Total                          Min: 11200, Avg: 11906.8, Max: 12811, Diff: 1611, Sum: 47627, Workers: 4
[26.402s][debug][gc,phases      ] GC(19)   ResolvedMethodTable Weak       Min:  0.0, Avg:  0.0, Max:  0.0, Diff:  0.0, Sum:  0.1, Workers: 4
[26.402s][debug][gc,phases      ] GC(19)     Dead                           Min: 1, Avg: 29.0, Max: 61, Diff: 60, Sum: 116, Workers: 4
[26.402s][debug][gc,phases      ] GC(19)     Total                          Min: 1663, Avg: 1983.2, Max: 2175, Diff: 512, Sum: 7933, Workers: 4
[26.402s][debug][gc,phases      ] GC(19)   JNI Weak                       Min:  0.0, Avg:  0.0, Max:  0.0, Diff:  0.0, Sum:  0.0, Workers: 4
[26.402s][debug][gc,phases      ] GC(19)     Dead                           Min: 0, Avg:  0.0, Max: 0, Diff: 0, Sum: 0, Workers: 4
[26.402s][debug][gc,phases      ] GC(19)     Total                          Min: 0, Avg: 19.0, Max: 76, Diff: 76, Sum: 76, Workers: 4
[26.402s][debug][gc,phases      ] GC(19)   StringDedup Table Weak         Min:  0.0, Avg:  0.0, Max:  0.0, Diff:  0.0, Sum:  0.0, Workers: 4
[26.402s][debug][gc,phases      ] GC(19)     Dead                           Min: 0, Avg:  0.0, Max: 0, Diff: 0, Sum: 0, Workers: 4
[26.402s][debug][gc,phases      ] GC(19)     Total                          Min: 0, Avg:  0.0, Max: 0, Diff: 0, Sum: 0, Workers: 4
[26.402s][debug][gc,phases      ] GC(19)   StringDedup Requests0 Weak     Min:  0.0, Avg:  0.0, Max:  0.0, Diff:  0.0, Sum:  0.0, Workers: 4
[26.402s][debug][gc,phases      ] GC(19)     Dead                           Min: 0, Avg:  0.0, Max: 0, Diff: 0, Sum: 0, Workers: 4
[26.402s][debug][gc,phases      ] GC(19)     Total                          Min: 0, Avg:  0.0, Max: 0, Diff: 0, Sum: 0, Workers: 4
[26.402s][debug][gc,phases      ] GC(19)   StringDedup Requests1 Weak     Min:  0.0, Avg:  0.0, Max:  0.0, Diff:  0.0, Sum:  0.0, Workers: 4
[26.402s][debug][gc,phases      ] GC(19)     Dead                           Min: 0, Avg:  0.0, Max: 0, Diff: 0, Sum: 0, Workers: 4
[26.402s][debug][gc,phases      ] GC(19)     Total                          Min: 0, Avg:  0.0, Max: 0, Diff: 0, Sum: 0, Workers: 4
[26.402s][debug][gc,phases      ] GC(19)   Weak JFR Old Object Samples    Min:  0.0, Avg:  0.0, Max:  0.0, Diff:  0.0, Sum:  0.0, Workers: 4
[26.402s][debug][gc,phases      ] GC(19)     Dead                           Min: 0, Avg:  0.0, Max: 0, Diff: 0, Sum: 0, Workers: 4
[26.402s][debug][gc,phases      ] GC(19)     Total                          Min: 0, Avg:  0.0, Max: 0, Diff: 0, Sum: 0, Workers: 4
[26.402s][debug][gc,phases      ] GC(19) Weak Processing 0.335ms
[26.402s][debug][gc,age         ] GC(19) Desired survivor size 536870912 bytes, new threshold 1 (max threshold 15)
[26.402s][info ][gc,heap        ] GC(19) PSYoungGen: 1117360K(1572864K)->44297K(1572864K) Eden: 1048576K(1048576K)->0K(1048576K) From: 68784K(524288K)->44297K(524288K)
[26.402s][info ][gc,heap        ] GC(19) ParOldGen: 616549K(897024K)->674327K(897024K)
[26.402s][info ][gc,metaspace   ] GC(19) Metaspace: 80798K(81664K)->80798K(81664K) NonClass: 69224K(69696K)->69224K(69696K) Class: 11573K(11968K)->11573K(11968K)
[26.402s][info ][gc             ] GC(19) Pause Young (Allocation Failure) 1693M->701M(2412M) 81.016ms
[26.402s][info ][gc,cpu         ] GC(19) User=0.23s Sys=0.02s Real=0.08s
[26.402s][info ][safepoint      ] Safepoint "ParallelGCFailedAllocation", Time since last: 305164499 ns, Reaching safepoint: 8581551 ns, At safepoint: 81120478 ns, Total: 89702029 ns
[27.724s][info ][safepoint      ] Safepoint "ICBufferFull", Time since last: 1322101092 ns, Reaching safepoint: 234102 ns, At safepoint: 14800 ns, Total: 248902 ns
[28.176s][info ][gc,start       ] GC(20) Pause Young (Allocation Failure)
[28.194s][debug][gc,phases      ] GC(20) Scavenge 17.823ms
[28.194s][debug][gc,ref         ] GC(20) Skipped phase 1 of Reference Processing: no references
[28.194s][debug][gc,ref         ] GC(20) ReferenceProcessor::execute queues: 1, RefProcThreadModel::Single, marks_oops_alive: false
[28.194s][debug][gc,ref         ] GC(20) Skipped phase 3 of Reference Processing: no references
[28.194s][debug][gc,ref         ] GC(20) ReferenceProcessor::execute queues: 1, RefProcThreadModel::Single, marks_oops_alive: false
[28.194s][debug][gc,phases      ] GC(20) Reference Processing 0.095ms
[28.194s][debug][gc,phases      ] GC(20)   VM Weak                        Min:  0.0, Avg:  0.0, Max:  0.0, Diff:  0.0, Sum:  0.0, Workers: 4
[28.194s][debug][gc,phases      ] GC(20)     Dead                           Min: 0, Avg:  0.0, Max: 0, Diff: 0, Sum: 0, Workers: 4
[28.194s][debug][gc,phases      ] GC(20)     Total                          Min: 0, Avg: 168.0, Max: 640, Diff: 640, Sum: 672, Workers: 4
[28.194s][debug][gc,phases      ] GC(20)   ObjectSynchronizer Weak        Min:  0.0, Avg:  0.0, Max:  0.0, Diff:  0.0, Sum:  0.0, Workers: 4
[28.194s][debug][gc,phases      ] GC(20)     Dead                           Min: 0, Avg:  0.0, Max: 0, Diff: 0, Sum: 0, Workers: 4
[28.194s][debug][gc,phases      ] GC(20)     Total                          Min: 0, Avg: 11.5, Max: 46, Diff: 46, Sum: 46, Workers: 4
[28.194s][debug][gc,phases      ] GC(20)   JVMTI Tag Weak OopStorage      Min:  0.0, Avg:  0.0, Max:  0.0, Diff:  0.0, Sum:  0.0, Workers: 4
[28.194s][debug][gc,phases      ] GC(20)     Dead                           Min: 0, Avg:  0.0, Max: 0, Diff: 0, Sum: 0, Workers: 4
[28.194s][debug][gc,phases      ] GC(20)     Total                          Min: 0, Avg:  0.0, Max: 0, Diff: 0, Sum: 0, Workers: 4
[28.194s][debug][gc,phases      ] GC(20)   StringTable Weak               Min:  0.0, Avg:  0.1, Max:  0.2, Diff:  0.2, Sum:  0.6, Workers: 4
[28.194s][debug][gc,phases      ] GC(20)     Dead                           Min: 0, Avg:  0.0, Max: 0, Diff: 0, Sum: 0, Workers: 4
[28.194s][debug][gc,phases      ] GC(20)     Total                          Min: 0, Avg: 11921.0, Max: 17092, Diff: 17092, Sum: 47684, Workers: 4
[28.194s][debug][gc,phases      ] GC(20)   ResolvedMethodTable Weak       Min:  0.0, Avg:  0.0, Max:  0.0, Diff:  0.0, Sum:  0.1, Workers: 4
[28.194s][debug][gc,phases      ] GC(20)     Dead                           Min: 0, Avg:  0.0, Max: 0, Diff: 0, Sum: 0, Workers: 4
[28.194s][debug][gc,phases      ] GC(20)     Total                          Min: 0, Avg: 1987.5, Max: 2816, Diff: 2816, Sum: 7950, Workers: 4
[28.194s][debug][gc,phases      ] GC(20)   JNI Weak                       Min:  0.0, Avg:  0.0, Max:  0.0, Diff:  0.0, Sum:  0.0, Workers: 4
[28.194s][debug][gc,phases      ] GC(20)     Dead                           Min: 0, Avg:  0.0, Max: 0, Diff: 0, Sum: 0, Workers: 4
[28.194s][debug][gc,phases      ] GC(20)     Total                          Min: 0, Avg: 12.8, Max: 35, Diff: 35, Sum: 51, Workers: 4
[28.194s][debug][gc,phases      ] GC(20)   StringDedup Table Weak         Min:  0.0, Avg:  0.0, Max:  0.0, Diff:  0.0, Sum:  0.0, Workers: 4
[28.194s][debug][gc,phases      ] GC(20)     Dead                           Min: 0, Avg:  0.0, Max: 0, Diff: 0, Sum: 0, Workers: 4
[28.194s][debug][gc,phases      ] GC(20)     Total                          Min: 0, Avg:  0.0, Max: 0, Diff: 0, Sum: 0, Workers: 4
[28.194s][debug][gc,phases      ] GC(20)   StringDedup Requests0 Weak     Min:  0.0, Avg:  0.0, Max:  0.0, Diff:  0.0, Sum:  0.0, Workers: 4
[28.194s][debug][gc,phases      ] GC(20)     Dead                           Min: 0, Avg:  0.0, Max: 0, Diff: 0, Sum: 0, Workers: 4
[28.194s][debug][gc,phases      ] GC(20)     Total                          Min: 0, Avg:  0.0, Max: 0, Diff: 0, Sum: 0, Workers: 4
[28.194s][debug][gc,phases      ] GC(20)   StringDedup Requests1 Weak     Min:  0.0, Avg:  0.0, Max:  0.0, Diff:  0.0, Sum:  0.0, Workers: 4
[28.194s][debug][gc,phases      ] GC(20)     Dead                           Min: 0, Avg:  0.0, Max: 0, Diff: 0, Sum: 0, Workers: 4
[28.194s][debug][gc,phases      ] GC(20)     Total                          Min: 0, Avg:  0.0, Max: 0, Diff: 0, Sum: 0, Workers: 4
[28.194s][debug][gc,phases      ] GC(20)   Weak JFR Old Object Samples    Min:  0.0, Avg:  0.0, Max:  0.0, Diff:  0.0, Sum:  0.0, Workers: 4
[28.194s][debug][gc,phases      ] GC(20)     Dead                           Min: 0, Avg:  0.0, Max: 0, Diff: 0, Sum: 0, Workers: 4
[28.195s][debug][gc,phases      ] GC(20)     Total                          Min: 0, Avg:  0.0, Max: 0, Diff: 0, Sum: 0, Workers: 4
[28.195s][debug][gc,phases      ] GC(20) Weak Processing 0.489ms
[28.195s][debug][gc,age         ] GC(20) Desired survivor size 536870912 bytes, new threshold 1 (max threshold 15)
[28.195s][info ][gc,heap        ] GC(20) PSYoungGen: 1092873K(1572864K)->22044K(1572864K) Eden: 1048576K(1048576K)->0K(1048576K) From: 44297K(524288K)->22044K(524288K)
[28.195s][info ][gc,heap        ] GC(20) ParOldGen: 674327K(897024K)->689524K(897024K)
[28.195s][info ][gc,metaspace   ] GC(20) Metaspace: 81261K(82176K)->81261K(82176K) NonClass: 69670K(70144K)->69670K(70144K) Class: 11590K(12032K)->11590K(12032K)
[28.195s][info ][gc             ] GC(20) Pause Young (Allocation Failure) 1725M->694M(2412M) 18.557ms
[28.195s][info ][gc,cpu         ] GC(20) User=0.06s Sys=0.00s Real=0.02s
[28.195s][info ][safepoint      ] Safepoint "ParallelGCFailedAllocation", Time since last: 451738161 ns, Reaching safepoint: 156901 ns, At safepoint: 18645810 ns, Total: 18802711 ns
[28.746s][info ][safepoint      ] Safepoint "ICBufferFull", Time since last: 551596250 ns, Reaching safepoint: 233101 ns, At safepoint: 14100 ns, Total: 247201 ns
[29.722s][info ][safepoint      ] Safepoint "ICBufferFull", Time since last: 975285044 ns, Reaching safepoint: 201201 ns, At safepoint: 9100 ns, Total: 210301 ns
[29.952s][info ][safepoint      ] Safepoint "ICBufferFull", Time since last: 229900854 ns, Reaching safepoint: 261201 ns, At safepoint: 9600 ns, Total: 270801 ns
[30.326s][info ][safepoint      ] Safepoint "ICBufferFull", Time since last: 373306298 ns, Reaching safepoint: 219002 ns, At safepoint: 13200 ns, Total: 232202 ns
[31.249s][info ][safepoint      ] Safepoint "ICBufferFull", Time since last: 922682631 ns, Reaching safepoint: 201601 ns, At safepoint: 31800 ns, Total: 233401 ns
[32.750s][info ][safepoint      ] Safepoint "ICBufferFull", Time since last: 1501300633 ns, Reaching safepoint: 244801 ns, At safepoint: 8301 ns, Total: 253102 ns
[33.678s][info ][safepoint      ] Safepoint "ICBufferFull", Time since last: 927288453 ns, Reaching safepoint: 237501 ns, At safepoint: 10301 ns, Total: 247802 ns
[34.506s][info ][safepoint      ] Safepoint "ICBufferFull", Time since last: 827957168 ns, Reaching safepoint: 222101 ns, At safepoint: 10700 ns, Total: 232801 ns
[35.506s][info ][safepoint      ] Safepoint "Cleanup", Time since last: 1000129078 ns, Reaching safepoint: 178601 ns, At safepoint: 7000 ns, Total: 185601 ns
[36.825s][info ][safepoint      ] Safepoint "ICBufferFull", Time since last: 1318241745 ns, Reaching safepoint: 212601 ns, At safepoint: 6700 ns, Total: 219301 ns
[37.304s][info ][safepoint      ] Safepoint "ICBufferFull", Time since last: 479422716 ns, Reaching safepoint: 202002 ns, At safepoint: 11200 ns, Total: 213202 ns
[37.434s][info ][safepoint      ] Safepoint "ICBufferFull", Time since last: 129988363 ns, Reaching safepoint: 163101 ns, At safepoint: 10900 ns, Total: 174001 ns
[37.634s][info ][safepoint      ] Safepoint "ICBufferFull", Time since last: 199586472 ns, Reaching safepoint: 150901 ns, At safepoint: 4200 ns, Total: 155101 ns
[37.904s][info ][safepoint      ] Safepoint "ICBufferFull", Time since last: 269856284 ns, Reaching safepoint: 233002 ns, At safepoint: 8100 ns, Total: 241102 ns
[37.904s][info ][safepoint      ] Safepoint "ICBufferFull", Time since last: 97300 ns, Reaching safepoint: 86401 ns, At safepoint: 12800 ns, Total: 99201 ns
[37.905s][info ][safepoint      ] Safepoint "ICBufferFull", Time since last: 37200 ns, Reaching safepoint: 83501 ns, At safepoint: 9800 ns, Total: 93301 ns
[37.905s][info ][safepoint      ] Safepoint "ICBufferFull", Time since last: 190001 ns, Reaching safepoint: 94800 ns, At safepoint: 18700 ns, Total: 113500 ns
[38.042s][info ][gc,start       ] GC(21) Pause Young (Allocation Failure)
[38.067s][debug][gc,phases      ] GC(21) Scavenge 24.525ms
[38.067s][debug][gc,ref         ] GC(21) Skipped phase 1 of Reference Processing: no references
[38.067s][debug][gc,ref         ] GC(21) ReferenceProcessor::execute queues: 1, RefProcThreadModel::Single, marks_oops_alive: false
[38.067s][debug][gc,ref         ] GC(21) Skipped phase 3 of Reference Processing: no references
[38.067s][debug][gc,ref         ] GC(21) ReferenceProcessor::execute queues: 1, RefProcThreadModel::Single, marks_oops_alive: false
[38.067s][debug][gc,phases      ] GC(21) Reference Processing 0.176ms
[38.067s][debug][gc,phases      ] GC(21)   VM Weak                        Min:  0.0, Avg:  0.0, Max:  0.0, Diff:  0.0, Sum:  0.0, Workers: 4
[38.067s][debug][gc,phases      ] GC(21)     Dead                           Min: 0, Avg:  0.0, Max: 0, Diff: 0, Sum: 0, Workers: 4
[38.067s][debug][gc,phases      ] GC(21)     Total                          Min: 0, Avg: 184.2, Max: 481, Diff: 481, Sum: 737, Workers: 4
[38.067s][debug][gc,phases      ] GC(21)   ObjectSynchronizer Weak        Min:  0.0, Avg:  0.0, Max:  0.0, Diff:  0.0, Sum:  0.0, Workers: 4
[38.067s][debug][gc,phases      ] GC(21)     Dead                           Min: 0, Avg:  4.8, Max: 13, Diff: 13, Sum: 19, Workers: 4
[38.067s][debug][gc,phases      ] GC(21)     Total                          Min: 0, Avg: 23.8, Max: 64, Diff: 64, Sum: 95, Workers: 4
[38.067s][debug][gc,phases      ] GC(21)   JVMTI Tag Weak OopStorage      Min:  0.0, Avg:  0.0, Max:  0.0, Diff:  0.0, Sum:  0.0, Workers: 4
[38.067s][debug][gc,phases      ] GC(21)     Dead                           Min: 0, Avg:  0.0, Max: 0, Diff: 0, Sum: 0, Workers: 4
[38.067s][debug][gc,phases      ] GC(21)     Total                          Min: 0, Avg:  0.0, Max: 0, Diff: 0, Sum: 0, Workers: 4
[38.067s][debug][gc,phases      ] GC(21)   StringTable Weak               Min:  0.1, Avg:  0.1, Max:  0.1, Diff:  0.0, Sum:  0.5, Workers: 4
[38.067s][debug][gc,phases      ] GC(21)     Dead                           Min: 0, Avg:  0.8, Max: 1, Diff: 1, Sum: 3, Workers: 4
[38.067s][debug][gc,phases      ] GC(21)     Total                          Min: 10176, Avg: 12093.0, Max: 16639, Diff: 6463, Sum: 48372, Workers: 4
[38.067s][debug][gc,phases      ] GC(21)   ResolvedMethodTable Weak       Min:  0.0, Avg:  0.0, Max:  0.0, Diff:  0.0, Sum:  0.1, Workers: 4
[38.067s][debug][gc,phases      ] GC(21)     Dead                           Min: 13, Avg: 26.2, Max: 41, Diff: 28, Sum: 105, Workers: 4
[38.067s][debug][gc,phases      ] GC(21)     Total                          Min: 1344, Avg: 2122.2, Max: 2814, Diff: 1470, Sum: 8489, Workers: 4
[38.067s][debug][gc,phases      ] GC(21)   JNI Weak                       Min:  0.0, Avg:  0.0, Max:  0.0, Diff:  0.0, Sum:  0.0, Workers: 4
[38.067s][debug][gc,phases      ] GC(21)     Dead                           Min: 0, Avg:  0.0, Max: 0, Diff: 0, Sum: 0, Workers: 4
[38.067s][debug][gc,phases      ] GC(21)     Total                          Min: 0, Avg:  0.5, Max: 2, Diff: 2, Sum: 2, Workers: 4
[38.067s][debug][gc,phases      ] GC(21)   StringDedup Table Weak         Min:  0.0, Avg:  0.0, Max:  0.0, Diff:  0.0, Sum:  0.0, Workers: 4
[38.067s][debug][gc,phases      ] GC(21)     Dead                           Min: 0, Avg:  0.0, Max: 0, Diff: 0, Sum: 0, Workers: 4
[38.067s][debug][gc,phases      ] GC(21)     Total                          Min: 0, Avg:  0.0, Max: 0, Diff: 0, Sum: 0, Workers: 4
[38.067s][debug][gc,phases      ] GC(21)   StringDedup Requests0 Weak     Min:  0.0, Avg:  0.0, Max:  0.0, Diff:  0.0, Sum:  0.0, Workers: 4
[38.067s][debug][gc,phases      ] GC(21)     Dead                           Min: 0, Avg:  0.0, Max: 0, Diff: 0, Sum: 0, Workers: 4
[38.067s][debug][gc,phases      ] GC(21)     Total                          Min: 0, Avg:  0.0, Max: 0, Diff: 0, Sum: 0, Workers: 4
[38.067s][debug][gc,phases      ] GC(21)   StringDedup Requests1 Weak     Min:  0.0, Avg:  0.0, Max:  0.0, Diff:  0.0, Sum:  0.0, Workers: 4
[38.067s][debug][gc,phases      ] GC(21)     Dead                           Min: 0, Avg:  0.0, Max: 0, Diff: 0, Sum: 0, Workers: 4
[38.068s][debug][gc,phases      ] GC(21)     Total                          Min: 0, Avg:  0.0, Max: 0, Diff: 0, Sum: 0, Workers: 4
[38.068s][debug][gc,phases      ] GC(21)   Weak JFR Old Object Samples    Min:  0.0, Avg:  0.0, Max:  0.0, Diff:  0.0, Sum:  0.0, Workers: 4
[38.068s][debug][gc,phases      ] GC(21)     Dead                           Min: 0, Avg:  0.0, Max: 0, Diff: 0, Sum: 0, Workers: 4
[38.068s][debug][gc,phases      ] GC(21)     Total                          Min: 0, Avg:  0.0, Max: 0, Diff: 0, Sum: 0, Workers: 4
[38.068s][debug][gc,phases      ] GC(21) Weak Processing 0.310ms
[38.068s][debug][gc,age         ] GC(21) Desired survivor size 536870912 bytes, new threshold 1 (max threshold 15)
[38.068s][info ][gc,heap        ] GC(21) PSYoungGen: 1070620K(1572864K)->34416K(1572864K) Eden: 1048576K(1048576K)->0K(1048576K) From: 22044K(524288K)->34416K(524288K)
[38.068s][info ][gc,heap        ] GC(21) ParOldGen: 689524K(897024K)->708733K(897024K)
[38.068s][info ][gc,metaspace   ] GC(21) Metaspace: 83099K(84032K)->83099K(84032K) NonClass: 71187K(71680K)->71187K(71680K) Class: 11911K(12352K)->11911K(12352K)
[38.068s][info ][gc             ] GC(21) Pause Young (Allocation Failure) 1718M->725M(2412M) 25.145ms
[38.068s][info ][gc,cpu         ] GC(21) User=0.09s Sys=0.01s Real=0.02s
[38.068s][info ][safepoint      ] Safepoint "ParallelGCFailedAllocation", Time since last: 137364007 ns, Reaching safepoint: 110401 ns, At safepoint: 25226248 ns, Total: 25336649 ns
[38.463s][info ][safepoint      ] Safepoint "ICBufferFull", Time since last: 395047019 ns, Reaching safepoint: 168601 ns, At safepoint: 6700 ns, Total: 175301 ns
[38.784s][info ][safepoint      ] Safepoint "ICBufferFull", Time since last: 320877184 ns, Reaching safepoint: 250401 ns, At safepoint: 23900 ns, Total: 274301 ns
[38.983s][info ][safepoint      ] Safepoint "ICBufferFull", Time since last: 190144116 ns, Reaching safepoint: 8586151 ns, At safepoint: 20600 ns, Total: 8606751 ns
[39.239s][info ][safepoint      ] Safepoint "ICBufferFull", Time since last: 256462905 ns, Reaching safepoint: 219002 ns, At safepoint: 10000 ns, Total: 229002 ns
[40.188s][info ][safepoint      ] Safepoint "ICBufferFull", Time since last: 948607666 ns, Reaching safepoint: 208001 ns, At safepoint: 10000 ns, Total: 218001 ns
[40.575s][info ][safepoint      ] Safepoint "ICBufferFull", Time since last: 386991971 ns, Reaching safepoint: 195901 ns, At safepoint: 3300 ns, Total: 199201 ns
[40.805s][info ][safepoint      ] Safepoint "ICBufferFull", Time since last: 224829119 ns, Reaching safepoint: 4379225 ns, At safepoint: 12100 ns, Total: 4391325 ns
[41.356s][info ][safepoint      ] Safepoint "ICBufferFull", Time since last: 551533635 ns, Reaching safepoint: 267302 ns, At safepoint: 10200 ns, Total: 277502 ns
[42.337s][info ][safepoint      ] Safepoint "ICBufferFull", Time since last: 980601950 ns, Reaching safepoint: 192201 ns, At safepoint: 11300 ns, Total: 203501 ns
[43.338s][info ][safepoint      ] Safepoint "Cleanup", Time since last: 1000109063 ns, Reaching safepoint: 227201 ns, At safepoint: 6800 ns, Total: 234001 ns
[44.338s][info ][safepoint      ] Safepoint "Cleanup", Time since last: 1000101960 ns, Reaching safepoint: 118401 ns, At safepoint: 9400 ns, Total: 127801 ns
[45.338s][info ][safepoint      ] Safepoint "Cleanup", Time since last: 1000097958 ns, Reaching safepoint: 147201 ns, At safepoint: 10400 ns, Total: 157601 ns
[46.338s][info ][safepoint      ] Safepoint "Cleanup", Time since last: 1000098857 ns, Reaching safepoint: 136600 ns, At safepoint: 14301 ns, Total: 150901 ns
[47.034s][info ][gc,start       ] GC(22) Pause Young (Allocation Failure)
[47.056s][debug][gc,phases      ] GC(22) Scavenge 21.655ms
[47.056s][debug][gc,ref         ] GC(22) Skipped phase 1 of Reference Processing: no references
[47.056s][debug][gc,ref         ] GC(22) ReferenceProcessor::execute queues: 1, RefProcThreadModel::Single, marks_oops_alive: false
[47.056s][debug][gc,ref         ] GC(22) Skipped phase 3 of Reference Processing: no references
[47.056s][debug][gc,ref         ] GC(22) ReferenceProcessor::execute queues: 1, RefProcThreadModel::Single, marks_oops_alive: false
[47.056s][debug][gc,phases      ] GC(22) Reference Processing 0.181ms
[47.056s][debug][gc,phases      ] GC(22)   VM Weak                        Min:  0.0, Avg:  0.0, Max:  0.0, Diff:  0.0, Sum:  0.0, Workers: 4
[47.056s][debug][gc,phases      ] GC(22)     Dead                           Min: 0, Avg:  0.0, Max: 0, Diff: 0, Sum: 0, Workers: 4
[47.056s][debug][gc,phases      ] GC(22)     Total                          Min: 0, Avg: 200.5, Max: 640, Diff: 640, Sum: 802, Workers: 4
[47.056s][debug][gc,phases      ] GC(22)   ObjectSynchronizer Weak        Min:  0.0, Avg:  0.0, Max:  0.0, Diff:  0.0, Sum:  0.0, Workers: 4
[47.056s][debug][gc,phases      ] GC(22)     Dead                           Min: 0, Avg:  2.8, Max: 11, Diff: 11, Sum: 11, Workers: 4
[47.056s][debug][gc,phases      ] GC(22)     Total                          Min: 0, Avg: 31.5, Max: 64, Diff: 64, Sum: 126, Workers: 4
[47.056s][debug][gc,phases      ] GC(22)   JVMTI Tag Weak OopStorage      Min:  0.0, Avg:  0.0, Max:  0.0, Diff:  0.0, Sum:  0.0, Workers: 4
[47.056s][debug][gc,phases      ] GC(22)     Dead                           Min: 0, Avg:  0.0, Max: 0, Diff: 0, Sum: 0, Workers: 4
[47.056s][debug][gc,phases      ] GC(22)     Total                          Min: 0, Avg:  0.0, Max: 0, Diff: 0, Sum: 0, Workers: 4
[47.056s][debug][gc,phases      ] GC(22)   StringTable Weak               Min:  0.1, Avg:  0.1, Max:  0.1, Diff:  0.0, Sum:  0.6, Workers: 4
[47.056s][debug][gc,phases      ] GC(22)     Dead                           Min: 0, Avg:  2.0, Max: 5, Diff: 5, Sum: 8, Workers: 4
[47.056s][debug][gc,phases      ] GC(22)     Total                          Min: 11672, Avg: 12214.0, Max: 12800, Diff: 1128, Sum: 48856, Workers: 4
[47.056s][debug][gc,phases      ] GC(22)   ResolvedMethodTable Weak       Min:  0.0, Avg:  0.0, Max:  0.0, Diff:  0.0, Sum:  0.1, Workers: 4
[47.056s][debug][gc,phases      ] GC(22)     Dead                           Min: 3, Avg:  9.5, Max: 22, Diff: 19, Sum: 38, Workers: 4
[47.056s][debug][gc,phases      ] GC(22)     Total                          Min: 1516, Avg: 2139.0, Max: 2432, Diff: 916, Sum: 8556, Workers: 4
[47.056s][debug][gc,phases      ] GC(22)   JNI Weak                       Min:  0.0, Avg:  0.0, Max:  0.0, Diff:  0.0, Sum:  0.0, Workers: 4
[47.056s][debug][gc,phases      ] GC(22)     Dead                           Min: 0, Avg:  0.0, Max: 0, Diff: 0, Sum: 0, Workers: 4
[47.056s][debug][gc,phases      ] GC(22)     Total                          Min: 0, Avg:  0.5, Max: 2, Diff: 2, Sum: 2, Workers: 4
[47.056s][debug][gc,phases      ] GC(22)   StringDedup Table Weak         Min:  0.0, Avg:  0.0, Max:  0.0, Diff:  0.0, Sum:  0.0, Workers: 4
[47.056s][debug][gc,phases      ] GC(22)     Dead                           Min: 0, Avg:  0.0, Max: 0, Diff: 0, Sum: 0, Workers: 4
[47.056s][debug][gc,phases      ] GC(22)     Total                          Min: 0, Avg:  0.0, Max: 0, Diff: 0, Sum: 0, Workers: 4
[47.056s][debug][gc,phases      ] GC(22)   StringDedup Requests0 Weak     Min:  0.0, Avg:  0.0, Max:  0.0, Diff:  0.0, Sum:  0.0, Workers: 4
[47.056s][debug][gc,phases      ] GC(22)     Dead                           Min: 0, Avg:  0.0, Max: 0, Diff: 0, Sum: 0, Workers: 4
[47.056s][debug][gc,phases      ] GC(22)     Total                          Min: 0, Avg:  0.0, Max: 0, Diff: 0, Sum: 0, Workers: 4
[47.056s][debug][gc,phases      ] GC(22)   StringDedup Requests1 Weak     Min:  0.0, Avg:  0.0, Max:  0.0, Diff:  0.0, Sum:  0.0, Workers: 4
[47.056s][debug][gc,phases      ] GC(22)     Dead                           Min: 0, Avg:  0.0, Max: 0, Diff: 0, Sum: 0, Workers: 4
[47.056s][debug][gc,phases      ] GC(22)     Total                          Min: 0, Avg:  0.0, Max: 0, Diff: 0, Sum: 0, Workers: 4
[47.056s][debug][gc,phases      ] GC(22)   Weak JFR Old Object Samples    Min:  0.0, Avg:  0.0, Max:  0.0, Diff:  0.0, Sum:  0.0, Workers: 4
[47.056s][debug][gc,phases      ] GC(22)     Dead                           Min: 0, Avg:  0.0, Max: 0, Diff: 0, Sum: 0, Workers: 4
[47.056s][debug][gc,phases      ] GC(22)     Total                          Min: 0, Avg:  0.0, Max: 0, Diff: 0, Sum: 0, Workers: 4
[47.056s][debug][gc,phases      ] GC(22) Weak Processing 0.461ms
[47.056s][debug][gc,age         ] GC(22) Desired survivor size 536870912 bytes, new threshold 1 (max threshold 15)
[47.056s][info ][gc,heap        ] GC(22) PSYoungGen: 1082992K(1572864K)->8246K(1572864K) Eden: 1048576K(1048576K)->0K(1048576K) From: 34416K(524288K)->8246K(524288K)
[47.056s][info ][gc,heap        ] GC(22) ParOldGen: 708733K(897024K)->732700K(897024K)
[47.057s][info ][gc,metaspace   ] GC(22) Metaspace: 84357K(85376K)->84357K(85376K) NonClass: 72271K(72832K)->72271K(72832K) Class: 12085K(12544K)->12085K(12544K)
[47.057s][info ][gc             ] GC(22) Pause Young (Allocation Failure) 1749M->723M(2412M) 22.429ms
[47.057s][info ][gc,cpu         ] GC(22) User=0.08s Sys=0.01s Real=0.02s
[47.057s][info ][safepoint      ] Safepoint "ParallelGCFailedAllocation", Time since last: 695444871 ns, Reaching safepoint: 248001 ns, At safepoint: 22531532 ns, Total: 22779533 ns
[48.083s][info ][safepoint      ] Safepoint "Cleanup", Time since last: 1026537707 ns, Reaching safepoint: 106501 ns, At safepoint: 8100 ns, Total: 114601 ns
[49.084s][info ][safepoint      ] Safepoint "Cleanup", Time since last: 1000201652 ns, Reaching safepoint: 186801 ns, At safepoint: 6100 ns, Total: 192901 ns
[49.479s][info ][safepoint      ] Safepoint "ICBufferFull", Time since last: 395213411 ns, Reaching safepoint: 236102 ns, At safepoint: 11600 ns, Total: 247702 ns
[49.899s][info ][safepoint      ] Safepoint "ICBufferFull", Time since last: 419182351 ns, Reaching safepoint: 244402 ns, At safepoint: 24400 ns, Total: 268802 ns
[50.556s][info ][safepoint      ] Safepoint "ICBufferFull", Time since last: 657422944 ns, Reaching safepoint: 270201 ns, At safepoint: 22100 ns, Total: 292301 ns
[50.800s][info ][gc,start       ] GC(23) Pause Young (Allocation Failure)
[50.818s][debug][gc,phases      ] GC(23) Scavenge 18.859ms
[50.818s][debug][gc,ref         ] GC(23) Skipped phase 1 of Reference Processing: no references
[50.819s][debug][gc,ref         ] GC(23) ReferenceProcessor::execute queues: 1, RefProcThreadModel::Single, marks_oops_alive: false
[50.819s][debug][gc,ref         ] GC(23) Skipped phase 3 of Reference Processing: no references
[50.819s][debug][gc,ref         ] GC(23) ReferenceProcessor::execute queues: 1, RefProcThreadModel::Single, marks_oops_alive: false
[50.819s][debug][gc,phases      ] GC(23) Reference Processing 0.100ms
[50.819s][debug][gc,phases      ] GC(23)   VM Weak                        Min:  0.0, Avg:  0.0, Max:  0.0, Diff:  0.0, Sum:  0.0, Workers: 4
[50.819s][debug][gc,phases      ] GC(23)     Dead                           Min: 0, Avg:  0.0, Max: 0, Diff: 0, Sum: 0, Workers: 4
[50.819s][debug][gc,phases      ] GC(23)     Total                          Min: 0, Avg: 200.5, Max: 512, Diff: 512, Sum: 802, Workers: 4
[50.819s][debug][gc,phases      ] GC(23)   ObjectSynchronizer Weak        Min:  0.0, Avg:  0.0, Max:  0.0, Diff:  0.0, Sum:  0.0, Workers: 4
[50.819s][debug][gc,phases      ] GC(23)     Dead                           Min: 0, Avg:  0.0, Max: 0, Diff: 0, Sum: 0, Workers: 4
[50.819s][debug][gc,phases      ] GC(23)     Total                          Min: 0, Avg: 35.8, Max: 79, Diff: 79, Sum: 143, Workers: 4
[50.819s][debug][gc,phases      ] GC(23)   JVMTI Tag Weak OopStorage      Min:  0.0, Avg:  0.0, Max:  0.0, Diff:  0.0, Sum:  0.0, Workers: 4
[50.819s][debug][gc,phases      ] GC(23)     Dead                           Min: 0, Avg:  0.0, Max: 0, Diff: 0, Sum: 0, Workers: 4
[50.819s][debug][gc,phases      ] GC(23)     Total                          Min: 0, Avg:  0.0, Max: 0, Diff: 0, Sum: 0, Workers: 4
[50.819s][debug][gc,phases      ] GC(23)   StringTable Weak               Min:  0.1, Avg:  0.1, Max:  0.2, Diff:  0.0, Sum:  0.6, Workers: 4
[50.819s][debug][gc,phases      ] GC(23)     Dead                           Min: 0, Avg:  0.2, Max: 1, Diff: 1, Sum: 1, Workers: 4
[50.819s][debug][gc,phases      ] GC(23)     Total                          Min: 9563, Avg: 12230.8, Max: 13248, Diff: 3685, Sum: 48923, Workers: 4
[50.819s][debug][gc,phases      ] GC(23)   ResolvedMethodTable Weak       Min:  0.0, Avg:  0.0, Max:  0.0, Diff:  0.0, Sum:  0.1, Workers: 4
[50.819s][debug][gc,phases      ] GC(23)     Dead                           Min: 0, Avg:  1.0, Max: 4, Diff: 4, Sum: 4, Workers: 4
[50.819s][debug][gc,phases      ] GC(23)     Total                          Min: 1874, Avg: 2148.5, Max: 2304, Diff: 430, Sum: 8594, Workers: 4
[50.819s][debug][gc,phases      ] GC(23)   JNI Weak                       Min:  0.0, Avg:  0.0, Max:  0.0, Diff:  0.0, Sum:  0.0, Workers: 4
[50.819s][debug][gc,phases      ] GC(23)     Dead                           Min: 0, Avg:  0.0, Max: 0, Diff: 0, Sum: 0, Workers: 4
[50.819s][debug][gc,phases      ] GC(23)     Total                          Min: 0, Avg:  4.2, Max: 17, Diff: 17, Sum: 17, Workers: 4
[50.819s][debug][gc,phases      ] GC(23)   StringDedup Table Weak         Min:  0.0, Avg:  0.0, Max:  0.0, Diff:  0.0, Sum:  0.0, Workers: 4
[50.819s][debug][gc,phases      ] GC(23)     Dead                           Min: 0, Avg:  0.0, Max: 0, Diff: 0, Sum: 0, Workers: 4
[50.819s][debug][gc,phases      ] GC(23)     Total                          Min: 0, Avg:  0.0, Max: 0, Diff: 0, Sum: 0, Workers: 4
[50.819s][debug][gc,phases      ] GC(23)   StringDedup Requests0 Weak     Min:  0.0, Avg:  0.0, Max:  0.0, Diff:  0.0, Sum:  0.0, Workers: 4
[50.819s][debug][gc,phases      ] GC(23)     Dead                           Min: 0, Avg:  0.0, Max: 0, Diff: 0, Sum: 0, Workers: 4
[50.819s][debug][gc,phases      ] GC(23)     Total                          Min: 0, Avg:  0.0, Max: 0, Diff: 0, Sum: 0, Workers: 4
[50.819s][debug][gc,phases      ] GC(23)   StringDedup Requests1 Weak     Min:  0.0, Avg:  0.0, Max:  0.0, Diff:  0.0, Sum:  0.0, Workers: 4
[50.819s][debug][gc,phases      ] GC(23)     Dead                           Min: 0, Avg:  0.0, Max: 0, Diff: 0, Sum: 0, Workers: 4
[50.819s][debug][gc,phases      ] GC(23)     Total                          Min: 0, Avg:  0.0, Max: 0, Diff: 0, Sum: 0, Workers: 4
[50.819s][debug][gc,phases      ] GC(23)   Weak JFR Old Object Samples    Min:  0.0, Avg:  0.0, Max:  0.0, Diff:  0.0, Sum:  0.0, Workers: 4
[50.819s][debug][gc,phases      ] GC(23)     Dead                           Min: 0, Avg:  0.0, Max: 0, Diff: 0, Sum: 0, Workers: 4
[50.819s][debug][gc,phases      ] GC(23)     Total                          Min: 0, Avg:  0.0, Max: 0, Diff: 0, Sum: 0, Workers: 4
[50.819s][debug][gc,phases      ] GC(23) Weak Processing 0.338ms
[50.819s][debug][gc,age         ] GC(23) Desired survivor size 536870912 bytes, new threshold 1 (max threshold 15)
[50.819s][info ][gc,heap        ] GC(23) PSYoungGen: 1056822K(1572864K)->21792K(1572864K) Eden: 1048576K(1048576K)->0K(1048576K) From: 8246K(524288K)->21792K(524288K)
[50.819s][info ][gc,heap        ] GC(23) ParOldGen: 732700K(897024K)->738794K(897024K)
[50.819s][info ][gc,metaspace   ] GC(23) Metaspace: 84654K(85632K)->84654K(85632K) NonClass: 72550K(73088K)->72550K(73088K) Class: 12103K(12544K)->12103K(12544K)
[50.819s][info ][gc             ] GC(23) Pause Young (Allocation Failure) 1747M->742M(2412M) 19.415ms
[50.819s][info ][gc,cpu         ] GC(23) User=0.10s Sys=0.00s Real=0.02s
[50.819s][info ][safepoint      ] Safepoint "ParallelGCFailedAllocation", Time since last: 243000121 ns, Reaching safepoint: 230401 ns, At safepoint: 19511114 ns, Total: 19741515 ns
[51.271s][info ][safepoint      ] Safepoint "ICBufferFull", Time since last: 451447240 ns, Reaching safepoint: 247101 ns, At safepoint: 30800 ns, Total: 277901 ns
[52.206s][info ][safepoint      ] Safepoint "ICBufferFull", Time since last: 934589862 ns, Reaching safepoint: 237201 ns, At safepoint: 10800 ns, Total: 248001 ns
[52.875s][info ][safepoint      ] Safepoint "ICBufferFull", Time since last: 668823108 ns, Reaching safepoint: 214301 ns, At safepoint: 14800 ns, Total: 229101 ns
[53.469s][info ][gc,start       ] GC(24) Pause Young (Allocation Failure)
[53.496s][debug][gc,phases      ] GC(24) Scavenge 26.488ms
[53.496s][debug][gc,ref         ] GC(24) Skipped phase 1 of Reference Processing: no references
[53.496s][debug][gc,ref         ] GC(24) ReferenceProcessor::execute queues: 1, RefProcThreadModel::Single, marks_oops_alive: false
[53.496s][debug][gc,ref         ] GC(24) Skipped phase 3 of Reference Processing: no references
[53.496s][debug][gc,ref         ] GC(24) ReferenceProcessor::execute queues: 1, RefProcThreadModel::Single, marks_oops_alive: false
[53.496s][debug][gc,phases      ] GC(24) Reference Processing 0.144ms
[53.496s][debug][gc,phases      ] GC(24)   VM Weak                        Min:  0.0, Avg:  0.0, Max:  0.0, Diff:  0.0, Sum:  0.0, Workers: 4
[53.496s][debug][gc,phases      ] GC(24)     Dead                           Min: 0, Avg:  0.0, Max: 0, Diff: 0, Sum: 0, Workers: 4
[53.496s][debug][gc,phases      ] GC(24)     Total                          Min: 0, Avg: 200.5, Max: 482, Diff: 482, Sum: 802, Workers: 4
[53.496s][debug][gc,phases      ] GC(24)   ObjectSynchronizer Weak        Min:  0.0, Avg:  0.0, Max:  0.0, Diff:  0.0, Sum:  0.0, Workers: 4
[53.496s][debug][gc,phases      ] GC(24)     Dead                           Min: 0, Avg:  0.0, Max: 0, Diff: 0, Sum: 0, Workers: 4
[53.496s][debug][gc,phases      ] GC(24)     Total                          Min: 0, Avg: 36.0, Max: 80, Diff: 80, Sum: 144, Workers: 4
[53.496s][debug][gc,phases      ] GC(24)   JVMTI Tag Weak OopStorage      Min:  0.0, Avg:  0.0, Max:  0.0, Diff:  0.0, Sum:  0.0, Workers: 4
[53.497s][debug][gc,phases      ] GC(24)     Dead                           Min: 0, Avg:  0.0, Max: 0, Diff: 0, Sum: 0, Workers: 4
[53.497s][debug][gc,phases      ] GC(24)     Total                          Min: 0, Avg:  0.0, Max: 0, Diff: 0, Sum: 0, Workers: 4
[53.497s][debug][gc,phases      ] GC(24)   StringTable Weak               Min:  0.0, Avg:  0.1, Max:  0.2, Diff:  0.2, Sum:  0.6, Workers: 4
[53.497s][debug][gc,phases      ] GC(24)     Dead                           Min: 0, Avg:  0.0, Max: 0, Diff: 0, Sum: 0, Workers: 4
[53.497s][debug][gc,phases      ] GC(24)     Total                          Min: 0, Avg: 12239.0, Max: 16576, Diff: 16576, Sum: 48956, Workers: 4
[53.497s][debug][gc,phases      ] GC(24)   ResolvedMethodTable Weak       Min:  0.0, Avg:  0.0, Max:  0.0, Diff:  0.0, Sum:  0.1, Workers: 4
[53.497s][debug][gc,phases      ] GC(24)     Dead                           Min: 0, Avg:  0.0, Max: 0, Diff: 0, Sum: 0, Workers: 4
[53.497s][debug][gc,phases      ] GC(24)     Total                          Min: 0, Avg: 2150.8, Max: 3035, Diff: 3035, Sum: 8603, Workers: 4
[53.497s][debug][gc,phases      ] GC(24)   JNI Weak                       Min:  0.0, Avg:  0.0, Max:  0.0, Diff:  0.0, Sum:  0.0, Workers: 4
[53.497s][debug][gc,phases      ] GC(24)     Dead                           Min: 0, Avg:  0.0, Max: 0, Diff: 0, Sum: 0, Workers: 4
[53.497s][debug][gc,phases      ] GC(24)     Total                          Min: 0, Avg:  5.2, Max: 21, Diff: 21, Sum: 21, Workers: 4
[53.497s][debug][gc,phases      ] GC(24)   StringDedup Table Weak         Min:  0.0, Avg:  0.0, Max:  0.0, Diff:  0.0, Sum:  0.0, Workers: 4
[53.497s][debug][gc,phases      ] GC(24)     Dead                           Min: 0, Avg:  0.0, Max: 0, Diff: 0, Sum: 0, Workers: 4
[53.497s][debug][gc,phases      ] GC(24)     Total                          Min: 0, Avg:  0.0, Max: 0, Diff: 0, Sum: 0, Workers: 4
[53.497s][debug][gc,phases      ] GC(24)   StringDedup Requests0 Weak     Min:  0.0, Avg:  0.0, Max:  0.0, Diff:  0.0, Sum:  0.0, Workers: 4
[53.497s][debug][gc,phases      ] GC(24)     Dead                           Min: 0, Avg:  0.0, Max: 0, Diff: 0, Sum: 0, Workers: 4
[53.497s][debug][gc,phases      ] GC(24)     Total                          Min: 0, Avg:  0.0, Max: 0, Diff: 0, Sum: 0, Workers: 4
[53.497s][debug][gc,phases      ] GC(24)   StringDedup Requests1 Weak     Min:  0.0, Avg:  0.0, Max:  0.0, Diff:  0.0, Sum:  0.0, Workers: 4
[53.497s][debug][gc,phases      ] GC(24)     Dead                           Min: 0, Avg:  0.0, Max: 0, Diff: 0, Sum: 0, Workers: 4
[53.497s][debug][gc,phases      ] GC(24)     Total                          Min: 0, Avg:  0.0, Max: 0, Diff: 0, Sum: 0, Workers: 4
[53.497s][debug][gc,phases      ] GC(24)   Weak JFR Old Object Samples    Min:  0.0, Avg:  0.0, Max:  0.0, Diff:  0.0, Sum:  0.0, Workers: 4
[53.497s][debug][gc,phases      ] GC(24)     Dead                           Min: 0, Avg:  0.0, Max: 0, Diff: 0, Sum: 0, Workers: 4
[53.497s][debug][gc,phases      ] GC(24)     Total                          Min: 0, Avg:  0.0, Max: 0, Diff: 0, Sum: 0, Workers: 4
[53.497s][debug][gc,phases      ] GC(24) Weak Processing 0.450ms
[53.497s][debug][gc,age         ] GC(24) Desired survivor size 536870912 bytes, new threshold 1 (max threshold 15)
[53.497s][info ][gc,heap        ] GC(24) PSYoungGen: 1070368K(1572864K)->28951K(1572864K) Eden: 1048576K(1048576K)->0K(1048576K) From: 21792K(524288K)->28951K(524288K)
[53.497s][info ][gc,heap        ] GC(24) ParOldGen: 738794K(897024K)->755940K(897024K)
[53.497s][info ][gc,metaspace   ] GC(24) Metaspace: 84842K(85824K)->84842K(85824K) NonClass: 72734K(73280K)->72734K(73280K) Class: 12108K(12544K)->12108K(12544K)
[53.497s][info ][gc             ] GC(24) Pause Young (Allocation Failure) 1766M->766M(2412M) 27.283ms
[53.497s][info ][gc,cpu         ] GC(24) User=0.09s Sys=0.02s Real=0.02s
[53.497s][debug][gc,phases      ] GC(25) Pre Compact 0.014ms
[53.497s][info ][gc,start       ] GC(25) Pause Full (Ergonomics)
[53.497s][info ][gc,phases,start] GC(25) Marking Phase
[53.606s][debug][gc,phases      ] GC(25) Par Mark 108.642ms
[53.606s][debug][gc,ref         ] GC(25) Skipped phase 1 of Reference Processing: no references
[53.606s][debug][gc,ref         ] GC(25) ReferenceProcessor::execute queues: 4, RefProcThreadModel::Multi, marks_oops_alive: false
[53.606s][debug][gc,ref         ] GC(25) ReferenceProcessor::execute queues: 4, RefProcThreadModel::Multi, marks_oops_alive: true
[53.606s][debug][gc,ref         ] GC(25) ReferenceProcessor::execute queues: 1, RefProcThreadModel::Single, marks_oops_alive: false
[53.607s][debug][gc,phases      ] GC(25) Reference Processing 0.941ms
[53.607s][debug][gc,phases      ] GC(25)   VM Weak                        Min:  0.0, Avg:  0.0, Max:  0.0, Diff:  0.0, Sum:  0.0, Workers: 4
[53.607s][debug][gc,phases      ] GC(25)     Dead                           Min: 0, Avg: 16.0, Max: 38, Diff: 38, Sum: 64, Workers: 4
[53.607s][debug][gc,phases      ] GC(25)     Total                          Min: 64, Avg: 200.5, Max: 384, Diff: 320, Sum: 802, Workers: 4
[53.607s][debug][gc,phases      ] GC(25)   ObjectSynchronizer Weak        Min:  0.0, Avg:  0.0, Max:  0.0, Diff:  0.0, Sum:  0.0, Workers: 4
[53.607s][debug][gc,phases      ] GC(25)     Dead                           Min: 0, Avg:  0.5, Max: 1, Diff: 1, Sum: 2, Workers: 4
[53.607s][debug][gc,phases      ] GC(25)     Total                          Min: 0, Avg: 36.0, Max: 64, Diff: 64, Sum: 144, Workers: 4
[53.607s][debug][gc,phases      ] GC(25)   JVMTI Tag Weak OopStorage      Min:  0.0, Avg:  0.0, Max:  0.0, Diff:  0.0, Sum:  0.0, Workers: 4
[53.607s][debug][gc,phases      ] GC(25)     Dead                           Min: 0, Avg:  0.0, Max: 0, Diff: 0, Sum: 0, Workers: 4
[53.607s][debug][gc,phases      ] GC(25)     Total                          Min: 0, Avg:  0.0, Max: 0, Diff: 0, Sum: 0, Workers: 4
[53.607s][debug][gc,phases      ] GC(25)   StringTable Weak               Min:  0.2, Avg:  0.2, Max:  0.2, Diff:  0.0, Sum:  0.8, Workers: 4
[53.607s][debug][gc,phases      ] GC(25)     Dead                           Min: 0, Avg:  0.0, Max: 0, Diff: 0, Sum: 0, Workers: 4
[53.607s][debug][gc,phases      ] GC(25)     Total                          Min: 11264, Avg: 12239.0, Max: 13308, Diff: 2044, Sum: 48956, Workers: 4
[53.607s][debug][gc,phases      ] GC(25)   ResolvedMethodTable Weak       Min:  0.0, Avg:  0.0, Max:  0.0, Diff:  0.0, Sum:  0.1, Workers: 4
[53.607s][debug][gc,phases      ] GC(25)     Dead                           Min: 6, Avg: 16.0, Max: 37, Diff: 31, Sum: 64, Workers: 4
[53.607s][debug][gc,phases      ] GC(25)     Total                          Min: 2011, Avg: 2150.8, Max: 2368, Diff: 357, Sum: 8603, Workers: 4
[53.607s][debug][gc,phases      ] GC(25)   JNI Weak                       Min:  0.0, Avg:  0.0, Max:  0.0, Diff:  0.0, Sum:  0.0, Workers: 4
[53.607s][debug][gc,phases      ] GC(25)     Dead                           Min: 0, Avg:  0.0, Max: 0, Diff: 0, Sum: 0, Workers: 4
[53.607s][debug][gc,phases      ] GC(25)     Total                          Min: 0, Avg:  5.2, Max: 21, Diff: 21, Sum: 21, Workers: 4
[53.607s][debug][gc,phases      ] GC(25)   StringDedup Table Weak         Min:  0.0, Avg:  0.0, Max:  0.0, Diff:  0.0, Sum:  0.0, Workers: 4
[53.607s][debug][gc,phases      ] GC(25)     Dead                           Min: 0, Avg:  0.0, Max: 0, Diff: 0, Sum: 0, Workers: 4
[53.607s][debug][gc,phases      ] GC(25)     Total                          Min: 0, Avg:  0.0, Max: 0, Diff: 0, Sum: 0, Workers: 4
[53.607s][debug][gc,phases      ] GC(25)   StringDedup Requests0 Weak     Min:  0.0, Avg:  0.0, Max:  0.0, Diff:  0.0, Sum:  0.0, Workers: 4
[53.607s][debug][gc,phases      ] GC(25)     Dead                           Min: 0, Avg:  0.0, Max: 0, Diff: 0, Sum: 0, Workers: 4
[53.607s][debug][gc,phases      ] GC(25)     Total                          Min: 0, Avg:  0.0, Max: 0, Diff: 0, Sum: 0, Workers: 4
[53.607s][debug][gc,phases      ] GC(25)   StringDedup Requests1 Weak     Min:  0.0, Avg:  0.0, Max:  0.0, Diff:  0.0, Sum:  0.0, Workers: 4
[53.607s][debug][gc,phases      ] GC(25)     Dead                           Min: 0, Avg:  0.0, Max: 0, Diff: 0, Sum: 0, Workers: 4
[53.607s][debug][gc,phases      ] GC(25)     Total                          Min: 0, Avg:  0.0, Max: 0, Diff: 0, Sum: 0, Workers: 4
[53.607s][debug][gc,phases      ] GC(25)   Weak JFR Old Object Samples    Min:  0.0, Avg:  0.0, Max:  0.0, Diff:  0.0, Sum:  0.0, Workers: 4
[53.607s][debug][gc,phases      ] GC(25)     Dead                           Min: 0, Avg:  0.0, Max: 0, Diff: 0, Sum: 0, Workers: 4
[53.607s][debug][gc,phases      ] GC(25)     Total                          Min: 0, Avg:  0.0, Max: 0, Diff: 0, Sum: 0, Workers: 4
[53.607s][debug][gc,phases      ] GC(25) Weak Processing 0.392ms
[53.607s][debug][gc,phases      ] GC(25) ClassLoaderData 0.400ms
[53.607s][debug][gc,phases      ] GC(25) Trigger cleanups 0.001ms
[53.635s][debug][gc,phases      ] GC(25) Class Unloading 28.468ms
[53.635s][info ][gc,phases      ] GC(25) Marking Phase 138.670ms
[53.635s][info ][gc,phases,start] GC(25) Summary Phase
[53.635s][info ][gc,phases      ] GC(25) Summary Phase 0.026ms
[53.635s][info ][gc,phases,start] GC(25) Adjust Roots
[53.653s][info ][gc,phases      ] GC(25) Adjust Roots 17.278ms
[53.653s][info ][gc,phases,start] GC(25) Compaction Phase
[53.934s][info ][gc,phases      ] GC(25) Compaction Phase 281.406ms
[53.934s][info ][gc,phases,start] GC(25) Post Compact
[53.936s][info ][gc,phases      ] GC(25) Post Compact 1.839ms
[53.937s][info ][gc,heap        ] GC(25) PSYoungGen: 28951K(1572864K)->0K(1572864K) Eden: 0K(1048576K)->0K(1048576K) From: 28951K(524288K)->0K(524288K)
[53.937s][info ][gc,heap        ] GC(25) ParOldGen: 755940K(897024K)->351579K(616960K)
[53.937s][info ][gc,metaspace   ] GC(25) Metaspace: 84842K(85824K)->84731K(85824K) NonClass: 72734K(73280K)->72655K(73280K) Class: 12108K(12544K)->12076K(12544K)
[53.937s][info ][gc             ] GC(25) Pause Full (Ergonomics) 766M->343M(2138M) 439.813ms
[53.937s][info ][gc,cpu         ] GC(25) User=1.54s Sys=0.01s Real=0.44s
[53.950s][info ][safepoint      ] Safepoint "ParallelGCFailedAllocation", Time since last: 594425272 ns, Reaching safepoint: 338402 ns, At safepoint: 480226705 ns, Total: 480565107 ns
[55.265s][info ][safepoint      ] Safepoint "Cleanup", Time since last: 1315270379 ns, Reaching safepoint: 246702 ns, At safepoint: 10900 ns, Total: 257602 ns
[55.879s][info ][safepoint      ] Safepoint "ParallelGCFailedAllocation", Time since last: 614096484 ns, Reaching safepoint: 161301 ns, At safepoint: 21200 ns, Total: 182501 ns
[55.880s][info ][gc,start       ] GC(26) Pause Young (GCLocker Initiated GC)
[55.906s][debug][gc,phases      ] GC(26) Scavenge 25.917ms
[55.906s][debug][gc,ref         ] GC(26) Skipped phase 1 of Reference Processing: no references
[55.906s][debug][gc,ref         ] GC(26) ReferenceProcessor::execute queues: 1, RefProcThreadModel::Single, marks_oops_alive: false
[55.906s][debug][gc,ref         ] GC(26) Skipped phase 3 of Reference Processing: no references
[55.906s][debug][gc,ref         ] GC(26) ReferenceProcessor::execute queues: 1, RefProcThreadModel::Single, marks_oops_alive: false
[55.906s][debug][gc,phases      ] GC(26) Reference Processing 0.103ms
[55.906s][debug][gc,phases      ] GC(26)   VM Weak                        Min:  0.0, Avg:  0.0, Max:  0.0, Diff:  0.0, Sum:  0.0, Workers: 4
[55.906s][debug][gc,phases      ] GC(26)     Dead                           Min: 0, Avg:  0.0, Max: 0, Diff: 0, Sum: 0, Workers: 4
[55.906s][debug][gc,phases      ] GC(26)     Total                          Min: 0, Avg: 184.5, Max: 738, Diff: 738, Sum: 738, Workers: 4
[55.906s][debug][gc,phases      ] GC(26)   ObjectSynchronizer Weak        Min:  0.0, Avg:  0.0, Max:  0.0, Diff:  0.0, Sum:  0.0, Workers: 4
[55.906s][debug][gc,phases      ] GC(26)     Dead                           Min: 0, Avg: 13.0, Max: 26, Diff: 26, Sum: 52, Workers: 4
[55.906s][debug][gc,phases      ] GC(26)     Total                          Min: 0, Avg: 195.5, Max: 320, Diff: 320, Sum: 782, Workers: 4
[55.906s][debug][gc,phases      ] GC(26)   JVMTI Tag Weak OopStorage      Min:  0.0, Avg:  0.0, Max:  0.0, Diff:  0.0, Sum:  0.0, Workers: 4
[55.906s][debug][gc,phases      ] GC(26)     Dead                           Min: 0, Avg:  0.0, Max: 0, Diff: 0, Sum: 0, Workers: 4
[55.906s][debug][gc,phases      ] GC(26)     Total                          Min: 0, Avg:  0.0, Max: 0, Diff: 0, Sum: 0, Workers: 4
[55.906s][debug][gc,phases      ] GC(26)   StringTable Weak               Min:  0.0, Avg:  0.1, Max:  0.2, Diff:  0.2, Sum:  0.5, Workers: 4
[55.906s][debug][gc,phases      ] GC(26)     Dead                           Min: 0, Avg:  0.0, Max: 0, Diff: 0, Sum: 0, Workers: 4
[55.906s][debug][gc,phases      ] GC(26)     Total                          Min: 0, Avg: 12242.5, Max: 21632, Diff: 21632, Sum: 48970, Workers: 4
[55.906s][debug][gc,phases      ] GC(26)   ResolvedMethodTable Weak       Min:  0.0, Avg:  0.0, Max:  0.0, Diff:  0.0, Sum:  0.1, Workers: 4
[55.906s][debug][gc,phases      ] GC(26)     Dead                           Min: 0, Avg:  0.0, Max: 0, Diff: 0, Sum: 0, Workers: 4
[55.906s][debug][gc,phases      ] GC(26)     Total                          Min: 0, Avg: 2153.5, Max: 3712, Diff: 3712, Sum: 8614, Workers: 4
[55.906s][debug][gc,phases      ] GC(26)   JNI Weak                       Min:  0.0, Avg:  0.0, Max:  0.0, Diff:  0.0, Sum:  0.0, Workers: 4
[55.906s][debug][gc,phases      ] GC(26)     Dead                           Min: 0, Avg:  0.0, Max: 0, Diff: 0, Sum: 0, Workers: 4
[55.906s][debug][gc,phases      ] GC(26)     Total                          Min: 0, Avg:  3.5, Max: 14, Diff: 14, Sum: 14, Workers: 4
[55.906s][debug][gc,phases      ] GC(26)   StringDedup Table Weak         Min:  0.0, Avg:  0.0, Max:  0.0, Diff:  0.0, Sum:  0.0, Workers: 4
[55.906s][debug][gc,phases      ] GC(26)     Dead                           Min: 0, Avg:  0.0, Max: 0, Diff: 0, Sum: 0, Workers: 4
[55.906s][debug][gc,phases      ] GC(26)     Total                          Min: 0, Avg:  0.0, Max: 0, Diff: 0, Sum: 0, Workers: 4
[55.906s][debug][gc,phases      ] GC(26)   StringDedup Requests0 Weak     Min:  0.0, Avg:  0.0, Max:  0.0, Diff:  0.0, Sum:  0.0, Workers: 4
[55.906s][debug][gc,phases      ] GC(26)     Dead                           Min: 0, Avg:  0.0, Max: 0, Diff: 0, Sum: 0, Workers: 4
[55.906s][debug][gc,phases      ] GC(26)     Total                          Min: 0, Avg:  0.0, Max: 0, Diff: 0, Sum: 0, Workers: 4
[55.906s][debug][gc,phases      ] GC(26)   StringDedup Requests1 Weak     Min:  0.0, Avg:  0.0, Max:  0.0, Diff:  0.0, Sum:  0.0, Workers: 4
[55.906s][debug][gc,phases      ] GC(26)     Dead                           Min: 0, Avg:  0.0, Max: 0, Diff: 0, Sum: 0, Workers: 4
[55.906s][debug][gc,phases      ] GC(26)     Total                          Min: 0, Avg:  0.0, Max: 0, Diff: 0, Sum: 0, Workers: 4
[55.906s][debug][gc,phases      ] GC(26)   Weak JFR Old Object Samples    Min:  0.0, Avg:  0.0, Max:  0.0, Diff:  0.0, Sum:  0.0, Workers: 4
[55.906s][debug][gc,phases      ] GC(26)     Dead                           Min: 0, Avg:  0.0, Max: 0, Diff: 0, Sum: 0, Workers: 4
[55.906s][debug][gc,phases      ] GC(26)     Total                          Min: 0, Avg:  0.0, Max: 0, Diff: 0, Sum: 0, Workers: 4
[55.906s][debug][gc,phases      ] GC(26) Weak Processing 0.352ms
[55.906s][debug][gc,age         ] GC(26) Desired survivor size 536870912 bytes, new threshold 1 (max threshold 15)
[55.906s][info ][gc,heap        ] GC(26) PSYoungGen: 1048576K(1572864K)->42917K(1572864K) Eden: 1048576K(1048576K)->0K(1048576K) From: 0K(524288K)->42917K(524288K)
[55.906s][info ][gc,heap        ] GC(26) ParOldGen: 351583K(616960K)->351591K(616960K)
[55.906s][info ][gc,metaspace   ] GC(26) Metaspace: 84834K(85888K)->84834K(85888K) NonClass: 72753K(73344K)->72753K(73344K) Class: 12081K(12544K)->12081K(12544K)
[55.906s][info ][gc             ] GC(26) Pause Young (GCLocker Initiated GC) 1367M->385M(2138M) 26.475ms
[55.906s][info ][gc,cpu         ] GC(26) User=0.12s Sys=0.00s Real=0.03s
[55.906s][info ][safepoint      ] Safepoint "ParallelGCSystemGC", Time since last: 104700 ns, Reaching safepoint: 97601 ns, At safepoint: 26606255 ns, Total: 26703856 ns
[56.906s][info ][safepoint      ] Safepoint "Cleanup", Time since last: 1000093936 ns, Reaching safepoint: 129501 ns, At safepoint: 7800 ns, Total: 137301 ns
[57.907s][info ][safepoint      ] Safepoint "Cleanup", Time since last: 1000118333 ns, Reaching safepoint: 165501 ns, At safepoint: 11900 ns, Total: 177401 ns
[59.193s][info ][safepoint      ] Safepoint "ICBufferFull", Time since last: 1286000899 ns, Reaching safepoint: 255101 ns, At safepoint: 16100 ns, Total: 271201 ns
[59.400s][info ][safepoint      ] Safepoint "ICBufferFull", Time since last: 206306703 ns, Reaching safepoint: 285902 ns, At safepoint: 14500 ns, Total: 300402 ns
[59.450s][info ][gc,start       ] GC(27) Pause Young (Allocation Failure)
[59.484s][debug][gc,phases      ] GC(27) Scavenge 33.975ms
[59.484s][debug][gc,ref         ] GC(27) Skipped phase 1 of Reference Processing: no references
[59.484s][debug][gc,ref         ] GC(27) ReferenceProcessor::execute queues: 1, RefProcThreadModel::Single, marks_oops_alive: false
[59.484s][debug][gc,ref         ] GC(27) Skipped phase 3 of Reference Processing: no references
[59.484s][debug][gc,ref         ] GC(27) ReferenceProcessor::execute queues: 1, RefProcThreadModel::Single, marks_oops_alive: false
[59.484s][debug][gc,phases      ] GC(27) Reference Processing 0.141ms
[59.484s][debug][gc,phases      ] GC(27)   VM Weak                        Min:  0.0, Avg:  0.0, Max:  0.0, Diff:  0.0, Sum:  0.0, Workers: 4
[59.484s][debug][gc,phases      ] GC(27)     Dead                           Min: 0, Avg:  0.0, Max: 0, Diff: 0, Sum: 0, Workers: 4
[59.484s][debug][gc,phases      ] GC(27)     Total                          Min: 0, Avg: 184.5, Max: 492, Diff: 492, Sum: 738, Workers: 4
[59.484s][debug][gc,phases      ] GC(27)   ObjectSynchronizer Weak        Min:  0.0, Avg:  0.0, Max:  0.0, Diff:  0.0, Sum:  0.0, Workers: 4
[59.484s][debug][gc,phases      ] GC(27)     Dead                           Min: 0, Avg:  0.0, Max: 0, Diff: 0, Sum: 0, Workers: 4
[59.484s][debug][gc,phases      ] GC(27)     Total                          Min: 0, Avg: 195.5, Max: 448, Diff: 448, Sum: 782, Workers: 4
[59.485s][debug][gc,phases      ] GC(27)   JVMTI Tag Weak OopStorage      Min:  0.0, Avg:  0.0, Max:  0.0, Diff:  0.0, Sum:  0.0, Workers: 4
[59.485s][debug][gc,phases      ] GC(27)     Dead                           Min: 0, Avg:  0.0, Max: 0, Diff: 0, Sum: 0, Workers: 4
[59.485s][debug][gc,phases      ] GC(27)     Total                          Min: 0, Avg:  0.0, Max: 0, Diff: 0, Sum: 0, Workers: 4
[59.485s][debug][gc,phases      ] GC(27)   StringTable Weak               Min:  0.0, Avg:  0.2, Max:  0.2, Diff:  0.2, Sum:  0.7, Workers: 4
[59.485s][debug][gc,phases      ] GC(27)     Dead                           Min: 0, Avg:  0.0, Max: 0, Diff: 0, Sum: 0, Workers: 4
[59.485s][debug][gc,phases      ] GC(27)     Total                          Min: 0, Avg: 12267.5, Max: 23918, Diff: 23918, Sum: 49070, Workers: 4
[59.485s][debug][gc,phases      ] GC(27)   ResolvedMethodTable Weak       Min:  0.0, Avg:  0.0, Max:  0.0, Diff:  0.0, Sum:  0.1, Workers: 4
[59.485s][debug][gc,phases      ] GC(27)     Dead                           Min: 0, Avg:  0.0, Max: 0, Diff: 0, Sum: 0, Workers: 4
[59.485s][debug][gc,phases      ] GC(27)     Total                          Min: 0, Avg: 2156.2, Max: 4401, Diff: 4401, Sum: 8625, Workers: 4
[59.485s][debug][gc,phases      ] GC(27)   JNI Weak                       Min:  0.0, Avg:  0.0, Max:  0.0, Diff:  0.0, Sum:  0.0, Workers: 4
[59.485s][debug][gc,phases      ] GC(27)     Dead                           Min: 0, Avg:  0.0, Max: 0, Diff: 0, Sum: 0, Workers: 4
[59.485s][debug][gc,phases      ] GC(27)     Total                          Min: 0, Avg:  0.8, Max: 3, Diff: 3, Sum: 3, Workers: 4
[59.485s][debug][gc,phases      ] GC(27)   StringDedup Table Weak         Min:  0.0, Avg:  0.0, Max:  0.0, Diff:  0.0, Sum:  0.0, Workers: 4
[59.485s][debug][gc,phases      ] GC(27)     Dead                           Min: 0, Avg:  0.0, Max: 0, Diff: 0, Sum: 0, Workers: 4
[59.485s][debug][gc,phases      ] GC(27)     Total                          Min: 0, Avg:  0.0, Max: 0, Diff: 0, Sum: 0, Workers: 4
[59.485s][debug][gc,phases      ] GC(27)   StringDedup Requests0 Weak     Min:  0.0, Avg:  0.0, Max:  0.0, Diff:  0.0, Sum:  0.0, Workers: 4
[59.485s][debug][gc,phases      ] GC(27)     Dead                           Min: 0, Avg:  0.0, Max: 0, Diff: 0, Sum: 0, Workers: 4
[59.485s][debug][gc,phases      ] GC(27)     Total                          Min: 0, Avg:  0.0, Max: 0, Diff: 0, Sum: 0, Workers: 4
[59.485s][debug][gc,phases      ] GC(27)   StringDedup Requests1 Weak     Min:  0.0, Avg:  0.0, Max:  0.0, Diff:  0.0, Sum:  0.0, Workers: 4
[59.485s][debug][gc,phases      ] GC(27)     Dead                           Min: 0, Avg:  0.0, Max: 0, Diff: 0, Sum: 0, Workers: 4
[59.485s][debug][gc,phases      ] GC(27)     Total                          Min: 0, Avg:  0.0, Max: 0, Diff: 0, Sum: 0, Workers: 4
[59.485s][debug][gc,phases      ] GC(27)   Weak JFR Old Object Samples    Min:  0.0, Avg:  0.0, Max:  0.0, Diff:  0.0, Sum:  0.0, Workers: 4
[59.485s][debug][gc,phases      ] GC(27)     Dead                           Min: 0, Avg:  0.0, Max: 0, Diff: 0, Sum: 0, Workers: 4
[59.485s][debug][gc,phases      ] GC(27)     Total                          Min: 0, Avg:  0.0, Max: 0, Diff: 0, Sum: 0, Workers: 4
[59.485s][debug][gc,phases      ] GC(27) Weak Processing 0.569ms
[59.485s][debug][gc,age         ] GC(27) Desired survivor size 536870912 bytes, new threshold 1 (max threshold 15)
[59.485s][info ][gc,heap        ] GC(27) PSYoungGen: 1091493K(1572864K)->11776K(1572864K) Eden: 1048576K(1048576K)->0K(1048576K) From: 42917K(524288K)->11776K(524288K)
[59.485s][info ][gc,heap        ] GC(27) ParOldGen: 351645K(616960K)->392218K(616960K)
[59.485s][info ][gc,metaspace   ] GC(27) Metaspace: 84893K(85888K)->84893K(85888K) NonClass: 72808K(73344K)->72808K(73344K) Class: 12085K(12544K)->12085K(12544K)
[59.485s][info ][gc             ] GC(27) Pause Young (Allocation Failure) 1409M->394M(2138M) 34.822ms
[59.485s][info ][gc,cpu         ] GC(27) User=0.10s Sys=0.00s Real=0.03s
[59.485s][info ][safepoint      ] Safepoint "ParallelGCFailedAllocation", Time since last: 45016462 ns, Reaching safepoint: 5197730 ns, At safepoint: 34930604 ns, Total: 40128334 ns
[60.485s][info ][safepoint      ] Safepoint "Cleanup", Time since last: 1000083528 ns, Reaching safepoint: 149801 ns, At safepoint: 6200 ns, Total: 156001 ns
[61.485s][info ][safepoint      ] Safepoint "Cleanup", Time since last: 1000045627 ns, Reaching safepoint: 104300 ns, At safepoint: 6200 ns, Total: 110500 ns
[62.485s][info ][safepoint      ] Safepoint "Cleanup", Time since last: 1000097125 ns, Reaching safepoint: 83901 ns, At safepoint: 8900 ns, Total: 92801 ns
[63.486s][info ][safepoint      ] Safepoint "Cleanup", Time since last: 1000110122 ns, Reaching safepoint: 68601 ns, At safepoint: 5500 ns, Total: 74101 ns
[64.486s][info ][safepoint      ] Safepoint "Cleanup", Time since last: 1000114921 ns, Reaching safepoint: 64400 ns, At safepoint: 12000 ns, Total: 76400 ns
[65.486s][info ][safepoint      ] Safepoint "Cleanup", Time since last: 1000105719 ns, Reaching safepoint: 72301 ns, At safepoint: 5600 ns, Total: 77901 ns
[66.486s][info ][safepoint      ] Safepoint "Cleanup", Time since last: 1000112117 ns, Reaching safepoint: 61200 ns, At safepoint: 12200 ns, Total: 73400 ns
[67.486s][info ][safepoint      ] Safepoint "Cleanup", Time since last: 1000079515 ns, Reaching safepoint: 78301 ns, At safepoint: 7300 ns, Total: 85601 ns
[68.486s][info ][safepoint      ] Safepoint "Cleanup", Time since last: 1000104513 ns, Reaching safepoint: 40300 ns, At safepoint: 3500 ns, Total: 43800 ns
[69.487s][info ][safepoint      ] Safepoint "Cleanup", Time since last: 1000089911 ns, Reaching safepoint: 178501 ns, At safepoint: 16600 ns, Total: 195101 ns
[70.487s][info ][safepoint      ] Safepoint "Cleanup", Time since last: 1000098810 ns, Reaching safepoint: 67800 ns, At safepoint: 11000 ns, Total: 78800 ns
[71.487s][info ][safepoint      ] Safepoint "Cleanup", Time since last: 1000096208 ns, Reaching safepoint: 55100 ns, At safepoint: 6300 ns, Total: 61400 ns
[71.927s][info ][gc,start       ] GC(28) Pause Young (Allocation Failure)
[71.932s][debug][gc,phases      ] GC(28) Scavenge 5.048ms
[71.932s][debug][gc,ref         ] GC(28) Skipped phase 1 of Reference Processing: no references
[71.932s][debug][gc,ref         ] GC(28) ReferenceProcessor::execute queues: 1, RefProcThreadModel::Single, marks_oops_alive: false
[71.932s][debug][gc,ref         ] GC(28) Skipped phase 3 of Reference Processing: no references
[71.932s][debug][gc,ref         ] GC(28) ReferenceProcessor::execute queues: 1, RefProcThreadModel::Single, marks_oops_alive: false
[71.932s][debug][gc,phases      ] GC(28) Reference Processing 0.094ms
[71.933s][debug][gc,phases      ] GC(28)   VM Weak                        Min:  0.0, Avg:  0.0, Max:  0.0, Diff:  0.0, Sum:  0.0, Workers: 4
[71.933s][debug][gc,phases      ] GC(28)     Dead                           Min: 0, Avg:  0.0, Max: 0, Diff: 0, Sum: 0, Workers: 4
[71.933s][debug][gc,phases      ] GC(28)     Total                          Min: 0, Avg: 184.8, Max: 502, Diff: 502, Sum: 739, Workers: 4
[71.933s][debug][gc,phases      ] GC(28)   ObjectSynchronizer Weak        Min:  0.0, Avg:  0.0, Max:  0.0, Diff:  0.0, Sum:  0.0, Workers: 4
[71.933s][debug][gc,phases      ] GC(28)     Dead                           Min: 0, Avg:  0.0, Max: 0, Diff: 0, Sum: 0, Workers: 4
[71.933s][debug][gc,phases      ] GC(28)     Total                          Min: 0, Avg: 195.5, Max: 398, Diff: 398, Sum: 782, Workers: 4
[71.933s][debug][gc,phases      ] GC(28)   JVMTI Tag Weak OopStorage      Min:  0.0, Avg:  0.0, Max:  0.0, Diff:  0.0, Sum:  0.0, Workers: 4
[71.933s][debug][gc,phases      ] GC(28)     Dead                           Min: 0, Avg:  0.0, Max: 0, Diff: 0, Sum: 0, Workers: 4
[71.933s][debug][gc,phases      ] GC(28)     Total                          Min: 0, Avg:  0.0, Max: 0, Diff: 0, Sum: 0, Workers: 4
[71.933s][debug][gc,phases      ] GC(28)   StringTable Weak               Min:  0.1, Avg:  0.1, Max:  0.1, Diff:  0.0, Sum:  0.5, Workers: 4
[71.933s][debug][gc,phases      ] GC(28)     Dead                           Min: 0, Avg:  0.0, Max: 0, Diff: 0, Sum: 0, Workers: 4
[71.933s][debug][gc,phases      ] GC(28)     Total                          Min: 9984, Avg: 12276.0, Max: 17616, Diff: 7632, Sum: 49104, Workers: 4
[71.933s][debug][gc,phases      ] GC(28)   ResolvedMethodTable Weak       Min:  0.0, Avg:  0.0, Max:  0.0, Diff:  0.0, Sum:  0.1, Workers: 4
[71.933s][debug][gc,phases      ] GC(28)     Dead                           Min: 0, Avg:  0.0, Max: 0, Diff: 0, Sum: 0, Workers: 4
[71.933s][debug][gc,phases      ] GC(28)     Total                          Min: 1088, Avg: 2159.2, Max: 3392, Diff: 2304, Sum: 8637, Workers: 4
[71.933s][debug][gc,phases      ] GC(28)   JNI Weak                       Min:  0.0, Avg:  0.0, Max:  0.0, Diff:  0.0, Sum:  0.0, Workers: 4
[71.933s][debug][gc,phases      ] GC(28)     Dead                           Min: 0, Avg:  0.0, Max: 0, Diff: 0, Sum: 0, Workers: 4
[71.933s][debug][gc,phases      ] GC(28)     Total                          Min: 0, Avg:  0.0, Max: 0, Diff: 0, Sum: 0, Workers: 4
[71.933s][debug][gc,phases      ] GC(28)   StringDedup Table Weak         Min:  0.0, Avg:  0.0, Max:  0.0, Diff:  0.0, Sum:  0.0, Workers: 4
[71.933s][debug][gc,phases      ] GC(28)     Dead                           Min: 0, Avg:  0.0, Max: 0, Diff: 0, Sum: 0, Workers: 4
[71.933s][debug][gc,phases      ] GC(28)     Total                          Min: 0, Avg:  0.0, Max: 0, Diff: 0, Sum: 0, Workers: 4
[71.933s][debug][gc,phases      ] GC(28)   StringDedup Requests0 Weak     Min:  0.0, Avg:  0.0, Max:  0.0, Diff:  0.0, Sum:  0.0, Workers: 4
[71.933s][debug][gc,phases      ] GC(28)     Dead                           Min: 0, Avg:  0.0, Max: 0, Diff: 0, Sum: 0, Workers: 4
[71.933s][debug][gc,phases      ] GC(28)     Total                          Min: 0, Avg:  0.0, Max: 0, Diff: 0, Sum: 0, Workers: 4
[71.933s][debug][gc,phases      ] GC(28)   StringDedup Requests1 Weak     Min:  0.0, Avg:  0.0, Max:  0.0, Diff:  0.0, Sum:  0.0, Workers: 4
[71.933s][debug][gc,phases      ] GC(28)     Dead                           Min: 0, Avg:  0.0, Max: 0, Diff: 0, Sum: 0, Workers: 4
[71.933s][debug][gc,phases      ] GC(28)     Total                          Min: 0, Avg:  0.0, Max: 0, Diff: 0, Sum: 0, Workers: 4
[71.933s][debug][gc,phases      ] GC(28)   Weak JFR Old Object Samples    Min:  0.0, Avg:  0.0, Max:  0.0, Diff:  0.0, Sum:  0.0, Workers: 4
[71.933s][debug][gc,phases      ] GC(28)     Dead                           Min: 0, Avg:  0.0, Max: 0, Diff: 0, Sum: 0, Workers: 4
[71.933s][debug][gc,phases      ] GC(28)     Total                          Min: 0, Avg:  0.0, Max: 0, Diff: 0, Sum: 0, Workers: 4
[71.933s][debug][gc,phases      ] GC(28) Weak Processing 0.296ms
[71.933s][debug][gc,age         ] GC(28) Desired survivor size 536870912 bytes, new threshold 1 (max threshold 15)
[71.933s][info ][gc,heap        ] GC(28) PSYoungGen: 1060352K(1572864K)->4304K(1572864K) Eden: 1048576K(1048576K)->0K(1048576K) From: 11776K(524288K)->4304K(524288K)
[71.933s][info ][gc,heap        ] GC(28) ParOldGen: 392218K(616960K)->399989K(616960K)
[71.933s][info ][gc,metaspace   ] GC(28) Metaspace: 84969K(85952K)->84969K(85952K) NonClass: 72879K(73408K)->72879K(73408K) Class: 12090K(12544K)->12090K(12544K)
[71.933s][info ][gc             ] GC(28) Pause Young (Allocation Failure) 1418M->394M(2138M) 5.547ms
[71.933s][info ][gc,cpu         ] GC(28) User=0.02s Sys=0.00s Real=0.01s
[71.933s][info ][safepoint      ] Safepoint "ParallelGCFailedAllocation", Time since last: 440051355 ns, Reaching safepoint: 127400 ns, At safepoint: 5616333 ns, Total: 5743733 ns
[72.933s][info ][safepoint      ] Safepoint "Cleanup", Time since last: 1000083105 ns, Reaching safepoint: 81000 ns, At safepoint: 5100 ns, Total: 86100 ns
[73.933s][info ][safepoint      ] Safepoint "Cleanup", Time since last: 1000095703 ns, Reaching safepoint: 60000 ns, At safepoint: 6700 ns, Total: 66700 ns
[74.933s][info ][safepoint      ] Safepoint "Cleanup", Time since last: 1000109802 ns, Reaching safepoint: 65200 ns, At safepoint: 14000 ns, Total: 79200 ns
[75.934s][info ][safepoint      ] Safepoint "Cleanup", Time since last: 1000103499 ns, Reaching safepoint: 44900 ns, At safepoint: 8000 ns, Total: 52900 ns
[76.934s][info ][safepoint      ] Safepoint "Cleanup", Time since last: 1000151498 ns, Reaching safepoint: 44800 ns, At safepoint: 6100 ns, Total: 50900 ns
[77.934s][info ][safepoint      ] Safepoint "Cleanup", Time since last: 1000094996 ns, Reaching safepoint: 39800 ns, At safepoint: 3500 ns, Total: 43300 ns
[78.934s][info ][safepoint      ] Safepoint "Cleanup", Time since last: 1000100393 ns, Reaching safepoint: 59801 ns, At safepoint: 8700 ns, Total: 68501 ns
[79.934s][info ][safepoint      ] Safepoint "Cleanup", Time since last: 1000094091 ns, Reaching safepoint: 43901 ns, At safepoint: 5500 ns, Total: 49401 ns
[80.934s][info ][safepoint      ] Safepoint "Cleanup", Time since last: 1000094889 ns, Reaching safepoint: 48401 ns, At safepoint: 8400 ns, Total: 56801 ns
[81.934s][info ][safepoint      ] Safepoint "Cleanup", Time since last: 1000102588 ns, Reaching safepoint: 53800 ns, At safepoint: 6300 ns, Total: 60100 ns
[82.935s][info ][safepoint      ] Safepoint "Cleanup", Time since last: 1000095086 ns, Reaching safepoint: 128801 ns, At safepoint: 12000 ns, Total: 140801 ns
[83.935s][info ][safepoint      ] Safepoint "Cleanup", Time since last: 1000104884 ns, Reaching safepoint: 40800 ns, At safepoint: 5400 ns, Total: 46200 ns
[84.935s][info ][safepoint      ] Safepoint "Cleanup", Time since last: 1000098683 ns, Reaching safepoint: 68300 ns, At safepoint: 3400 ns, Total: 71700 ns
[85.935s][info ][safepoint      ] Safepoint "Cleanup", Time since last: 1000097380 ns, Reaching safepoint: 50501 ns, At safepoint: 10700 ns, Total: 61201 ns
[86.935s][info ][safepoint      ] Safepoint "Cleanup", Time since last: 1000111778 ns, Reaching safepoint: 59601 ns, At safepoint: 11200 ns, Total: 70801 ns
[87.936s][info ][safepoint      ] Safepoint "Cleanup", Time since last: 1000106377 ns, Reaching safepoint: 39800 ns, At safepoint: 3200 ns, Total: 43000 ns
[88.936s][info ][safepoint      ] Safepoint "Cleanup", Time since last: 1000117775 ns, Reaching safepoint: 49100 ns, At safepoint: 5300 ns, Total: 54400 ns
[90.936s][info ][safepoint      ] Safepoint "Cleanup", Time since last: 2000178345 ns, Reaching safepoint: 68400 ns, At safepoint: 10800 ns, Total: 79200 ns
[93.936s][info ][safepoint      ] Safepoint "Cleanup", Time since last: 3000247503 ns, Reaching safepoint: 48100 ns, At safepoint: 4200 ns, Total: 52300 ns
[94.936s][info ][safepoint      ] Safepoint "Cleanup", Time since last: 1000116564 ns, Reaching safepoint: 53101 ns, At safepoint: 12100 ns, Total: 65201 ns
[95.937s][info ][safepoint      ] Safepoint "Cleanup", Time since last: 1000115562 ns, Reaching safepoint: 42500 ns, At safepoint: 3400 ns, Total: 45900 ns
[96.937s][info ][safepoint      ] Safepoint "Cleanup", Time since last: 1000115061 ns, Reaching safepoint: 64600 ns, At safepoint: 12300 ns, Total: 76900 ns
[97.937s][info ][safepoint      ] Safepoint "Cleanup", Time since last: 1000104359 ns, Reaching safepoint: 46800 ns, At safepoint: 5300 ns, Total: 52100 ns
[98.937s][info ][safepoint      ] Safepoint "Cleanup", Time since last: 1000112657 ns, Reaching safepoint: 53401 ns, At safepoint: 8700 ns, Total: 62101 ns
[99.937s][info ][safepoint      ] Safepoint "Cleanup", Time since last: 1000104455 ns, Reaching safepoint: 39800 ns, At safepoint: 3800 ns, Total: 43600 ns
[100.937s][info ][safepoint      ] Safepoint "Cleanup", Time since last: 1000122853 ns, Reaching safepoint: 60201 ns, At safepoint: 7300 ns, Total: 67501 ns
[102.285s][info ][safepoint      ] Safepoint "Cleanup", Time since last: 1347315848 ns, Reaching safepoint: 98600 ns, At safepoint: 8000 ns, Total: 106600 ns
[103.285s][info ][safepoint      ] Safepoint "Cleanup", Time since last: 1000101950 ns, Reaching safepoint: 47600 ns, At safepoint: 3100 ns, Total: 50700 ns
[106.285s][info ][safepoint      ] Safepoint "Cleanup", Time since last: 3000227136 ns, Reaching safepoint: 44400 ns, At safepoint: 2600 ns, Total: 47000 ns
[107.285s][info ][safepoint      ] Safepoint "Cleanup", Time since last: 1000111142 ns, Reaching safepoint: 44501 ns, At safepoint: 3100 ns, Total: 47601 ns
[107.927s][info ][gc,start       ] GC(29) Pause Young (Allocation Failure)
[107.929s][debug][gc,phases      ] GC(29) Scavenge 2.150ms
[107.929s][debug][gc,ref         ] GC(29) Skipped phase 1 of Reference Processing: no references
[107.929s][debug][gc,ref         ] GC(29) ReferenceProcessor::execute queues: 1, RefProcThreadModel::Single, marks_oops_alive: false
[107.929s][debug][gc,ref         ] GC(29) Skipped phase 3 of Reference Processing: no references
[107.929s][debug][gc,ref         ] GC(29) ReferenceProcessor::execute queues: 1, RefProcThreadModel::Single, marks_oops_alive: false
[107.929s][debug][gc,phases      ] GC(29) Reference Processing 0.090ms
[107.930s][debug][gc,phases      ] GC(29)   VM Weak                        Min:  0.0, Avg:  0.0, Max:  0.0, Diff:  0.0, Sum:  0.0, Workers: 4
[107.930s][debug][gc,phases      ] GC(29)     Dead                           Min: 0, Avg:  0.0, Max: 0, Diff: 0, Sum: 0, Workers: 4
[107.930s][debug][gc,phases      ] GC(29)     Total                          Min: 0, Avg: 185.0, Max: 630, Diff: 630, Sum: 740, Workers: 4
[107.930s][debug][gc,phases      ] GC(29)   ObjectSynchronizer Weak        Min:  0.0, Avg:  0.0, Max:  0.0, Diff:  0.0, Sum:  0.0, Workers: 4
[107.930s][debug][gc,phases      ] GC(29)     Dead                           Min: 0, Avg:  1.0, Max: 4, Diff: 4, Sum: 4, Workers: 4
[107.930s][debug][gc,phases      ] GC(29)     Total                          Min: 0, Avg: 196.5, Max: 338, Diff: 338, Sum: 786, Workers: 4
[107.930s][debug][gc,phases      ] GC(29)   JVMTI Tag Weak OopStorage      Min:  0.0, Avg:  0.0, Max:  0.0, Diff:  0.0, Sum:  0.0, Workers: 4
[107.930s][debug][gc,phases      ] GC(29)     Dead                           Min: 0, Avg:  0.0, Max: 0, Diff: 0, Sum: 0, Workers: 4
[107.930s][debug][gc,phases      ] GC(29)     Total                          Min: 0, Avg:  0.0, Max: 0, Diff: 0, Sum: 0, Workers: 4
[107.930s][debug][gc,phases      ] GC(29)   StringTable Weak               Min:  0.1, Avg:  0.1, Max:  0.1, Diff:  0.0, Sum:  0.4, Workers: 4
[107.930s][debug][gc,phases      ] GC(29)     Dead                           Min: 0, Avg:  0.5, Max: 2, Diff: 2, Sum: 2, Workers: 4
[107.930s][debug][gc,phases      ] GC(29)     Total                          Min: 9408, Avg: 12328.8, Max: 15552, Diff: 6144, Sum: 49315, Workers: 4
[107.930s][debug][gc,phases      ] GC(29)   ResolvedMethodTable Weak       Min:  0.0, Avg:  0.0, Max:  0.0, Diff:  0.0, Sum:  0.1, Workers: 4
[107.930s][debug][gc,phases      ] GC(29)     Dead                           Min: 0, Avg:  0.0, Max: 0, Diff: 0, Sum: 0, Workers: 4
[107.930s][debug][gc,phases      ] GC(29)     Total                          Min: 1664, Avg: 2170.8, Max: 2816, Diff: 1152, Sum: 8683, Workers: 4
[107.930s][debug][gc,phases      ] GC(29)   JNI Weak                       Min:  0.0, Avg:  0.0, Max:  0.0, Diff:  0.0, Sum:  0.0, Workers: 4
[107.930s][debug][gc,phases      ] GC(29)     Dead                           Min: 0, Avg:  0.0, Max: 0, Diff: 0, Sum: 0, Workers: 4
[107.930s][debug][gc,phases      ] GC(29)     Total                          Min: 0, Avg:  0.0, Max: 0, Diff: 0, Sum: 0, Workers: 4
[107.930s][debug][gc,phases      ] GC(29)   StringDedup Table Weak         Min:  0.0, Avg:  0.0, Max:  0.0, Diff:  0.0, Sum:  0.0, Workers: 4
[107.930s][debug][gc,phases      ] GC(29)     Dead                           Min: 0, Avg:  0.0, Max: 0, Diff: 0, Sum: 0, Workers: 4
[107.930s][debug][gc,phases      ] GC(29)     Total                          Min: 0, Avg:  0.0, Max: 0, Diff: 0, Sum: 0, Workers: 4
[107.930s][debug][gc,phases      ] GC(29)   StringDedup Requests0 Weak     Min:  0.0, Avg:  0.0, Max:  0.0, Diff:  0.0, Sum:  0.0, Workers: 4
[107.930s][debug][gc,phases      ] GC(29)     Dead                           Min: 0, Avg:  0.0, Max: 0, Diff: 0, Sum: 0, Workers: 4
[107.930s][debug][gc,phases      ] GC(29)     Total                          Min: 0, Avg:  0.0, Max: 0, Diff: 0, Sum: 0, Workers: 4
[107.930s][debug][gc,phases      ] GC(29)   StringDedup Requests1 Weak     Min:  0.0, Avg:  0.0, Max:  0.0, Diff:  0.0, Sum:  0.0, Workers: 4
[107.930s][debug][gc,phases      ] GC(29)     Dead                           Min: 0, Avg:  0.0, Max: 0, Diff: 0, Sum: 0, Workers: 4
[107.930s][debug][gc,phases      ] GC(29)     Total                          Min: 0, Avg:  0.0, Max: 0, Diff: 0, Sum: 0, Workers: 4
[107.930s][debug][gc,phases      ] GC(29)   Weak JFR Old Object Samples    Min:  0.0, Avg:  0.0, Max:  0.0, Diff:  0.0, Sum:  0.0, Workers: 4
[107.930s][debug][gc,phases      ] GC(29)     Dead                           Min: 0, Avg:  0.0, Max: 0, Diff: 0, Sum: 0, Workers: 4
[107.930s][debug][gc,phases      ] GC(29)     Total                          Min: 0, Avg:  0.0, Max: 0, Diff: 0, Sum: 0, Workers: 4
[107.930s][debug][gc,phases      ] GC(29) Weak Processing 0.271ms
[107.930s][debug][gc,age         ] GC(29) Desired survivor size 533200896 bytes, new threshold 2 (max threshold 15)
[107.930s][info ][gc,heap        ] GC(29) PSYoungGen: 1052880K(1572864K)->1328K(1572864K) Eden: 1048576K(1048576K)->0K(1048576K) From: 4304K(524288K)->1328K(524288K)
[107.930s][info ][gc,heap        ] GC(29) ParOldGen: 399989K(616960K)->403199K(616960K)
[107.930s][info ][gc,metaspace   ] GC(29) Metaspace: 85177K(86144K)->85177K(86144K) NonClass: 73056K(73536K)->73056K(73536K) Class: 12121K(12608K)->12121K(12608K)
[107.930s][info ][gc             ] GC(29) Pause Young (Allocation Failure) 1418M->395M(2138M) 2.594ms
[107.930s][info ][gc,cpu         ] GC(29) User=0.01s Sys=0.00s Real=0.01s
[107.930s][info ][safepoint      ] Safepoint "ParallelGCFailedAllocation", Time since last: 641613382 ns, Reaching safepoint: 38700 ns, At safepoint: 2658516 ns, Total: 2697216 ns
[109.930s][info ][safepoint      ] Safepoint "Cleanup", Time since last: 2000142976 ns, Reaching safepoint: 41700 ns, At safepoint: 7700 ns, Total: 49400 ns
[110.930s][info ][safepoint      ] Safepoint "Cleanup", Time since last: 1000102036 ns, Reaching safepoint: 44800 ns, At safepoint: 4000 ns, Total: 48800 ns
[111.930s][info ][safepoint      ] Safepoint "Cleanup", Time since last: 1000106334 ns, Reaching safepoint: 41200 ns, At safepoint: 3400 ns, Total: 44600 ns
[113.930s][info ][safepoint      ] Safepoint "Cleanup", Time since last: 2000179562 ns, Reaching safepoint: 42601 ns, At safepoint: 3100 ns, Total: 45701 ns
[114.985s][info ][safepoint      ] Safepoint "Cleanup", Time since last: 1054186638 ns, Reaching safepoint: 66400 ns, At safepoint: 6100 ns, Total: 72500 ns
[115.985s][info ][safepoint      ] Safepoint "Cleanup", Time since last: 1000099627 ns, Reaching safepoint: 48600 ns, At safepoint: 4900 ns, Total: 53500 ns
[116.985s][info ][safepoint      ] Safepoint "Cleanup", Time since last: 1000106525 ns, Reaching safepoint: 45901 ns, At safepoint: 3000 ns, Total: 48901 ns
[117.985s][info ][safepoint      ] Safepoint "Cleanup", Time since last: 1000100623 ns, Reaching safepoint: 47100 ns, At safepoint: 5500 ns, Total: 52600 ns
[119.985s][info ][safepoint      ] Safepoint "Cleanup", Time since last: 2000159841 ns, Reaching safepoint: 37901 ns, At safepoint: 2500 ns, Total: 40401 ns
[121.225s][info ][safepoint      ] Safepoint "Cleanup", Time since last: 1239208885 ns, Reaching safepoint: 116100 ns, At safepoint: 9000 ns, Total: 125100 ns
[123.225s][info ][safepoint      ] Safepoint "Cleanup", Time since last: 2000128330 ns, Reaching safepoint: 115801 ns, At safepoint: 11100 ns, Total: 126901 ns
[124.225s][info ][safepoint      ] Safepoint "Cleanup", Time since last: 1000104913 ns, Reaching safepoint: 122600 ns, At safepoint: 15900 ns, Total: 138500 ns
[125.225s][info ][safepoint      ] Safepoint "Cleanup", Time since last: 1000111011 ns, Reaching safepoint: 47001 ns, At safepoint: 8500 ns, Total: 55501 ns
[126.226s][info ][safepoint      ] Safepoint "Cleanup", Time since last: 1000101509 ns, Reaching safepoint: 113700 ns, At safepoint: 6000 ns, Total: 119700 ns
[127.226s][info ][safepoint      ] Safepoint "Cleanup", Time since last: 1000102508 ns, Reaching safepoint: 107601 ns, At safepoint: 10500 ns, Total: 118101 ns
[128.226s][info ][safepoint      ] Safepoint "Cleanup", Time since last: 1000111105 ns, Reaching safepoint: 116501 ns, At safepoint: 15500 ns, Total: 132001 ns
[129.226s][info ][safepoint      ] Safepoint "Cleanup", Time since last: 1000110604 ns, Reaching safepoint: 46901 ns, At safepoint: 11700 ns, Total: 58601 ns
[131.226s][info ][safepoint      ] Safepoint "Cleanup", Time since last: 2000180502 ns, Reaching safepoint: 37801 ns, At safepoint: 5300 ns, Total: 43101 ns
[132.227s][info ][safepoint      ] Safepoint "Cleanup", Time since last: 1000099899 ns, Reaching safepoint: 100900 ns, At safepoint: 4900 ns, Total: 105800 ns
[133.227s][info ][safepoint      ] Safepoint "Cleanup", Time since last: 1000082498 ns, Reaching safepoint: 39200 ns, At safepoint: 2800 ns, Total: 42000 ns
[134.227s][info ][safepoint      ] Safepoint "Cleanup", Time since last: 1000106395 ns, Reaching safepoint: 34101 ns, At safepoint: 2900 ns, Total: 37001 ns
[135.227s][info ][safepoint      ] Safepoint "Cleanup", Time since last: 1000103094 ns, Reaching safepoint: 37600 ns, At safepoint: 2700 ns, Total: 40300 ns
[137.227s][info ][safepoint      ] Safepoint "Cleanup", Time since last: 2000176383 ns, Reaching safepoint: 48000 ns, At safepoint: 4200 ns, Total: 52200 ns
[139.228s][info ][safepoint      ] Safepoint "Cleanup", Time since last: 2000164776 ns, Reaching safepoint: 37300 ns, At safepoint: 2600 ns, Total: 39900 ns
[140.228s][info ][safepoint      ] Safepoint "Cleanup", Time since last: 1000100798 ns, Reaching safepoint: 107101 ns, At safepoint: 5200 ns, Total: 112301 ns
[143.228s][info ][safepoint      ] Safepoint "Cleanup", Time since last: 3000233813 ns, Reaching safepoint: 42000 ns, At safepoint: 3000 ns, Total: 45000 ns
[144.228s][info ][safepoint      ] Safepoint "Cleanup", Time since last: 1000099033 ns, Reaching safepoint: 40100 ns, At safepoint: 4000 ns, Total: 44100 ns
[145.228s][info ][safepoint      ] Safepoint "Cleanup", Time since last: 1000131332 ns, Reaching safepoint: 51201 ns, At safepoint: 10900 ns, Total: 62101 ns
[145.822s][info ][gc,start       ] GC(30) Pause Young (Allocation Failure)
[145.823s][debug][gc,phases      ] GC(30) Scavenge 1.315ms
[145.823s][debug][gc,ref         ] GC(30) Skipped phase 1 of Reference Processing: no references
[145.823s][debug][gc,ref         ] GC(30) ReferenceProcessor::execute queues: 1, RefProcThreadModel::Single, marks_oops_alive: false
[145.823s][debug][gc,ref         ] GC(30) Skipped phase 3 of Reference Processing: no references
[145.823s][debug][gc,ref         ] GC(30) ReferenceProcessor::execute queues: 1, RefProcThreadModel::Single, marks_oops_alive: false
[145.823s][debug][gc,phases      ] GC(30) Reference Processing 0.090ms
[145.824s][debug][gc,phases      ] GC(30)   VM Weak                        Min:  0.0, Avg:  0.0, Max:  0.0, Diff:  0.0, Sum:  0.0, Workers: 4
[145.824s][debug][gc,phases      ] GC(30)     Dead                           Min: 0, Avg:  0.0, Max: 0, Diff: 0, Sum: 0, Workers: 4
[145.824s][debug][gc,phases      ] GC(30)     Total                          Min: 0, Avg: 185.5, Max: 630, Diff: 630, Sum: 742, Workers: 4
[145.824s][debug][gc,phases      ] GC(30)   ObjectSynchronizer Weak        Min:  0.0, Avg:  0.0, Max:  0.0, Diff:  0.0, Sum:  0.0, Workers: 4
[145.824s][debug][gc,phases      ] GC(30)     Dead                           Min: 0, Avg:  0.0, Max: 0, Diff: 0, Sum: 0, Workers: 4
[145.824s][debug][gc,phases      ] GC(30)     Total                          Min: 0, Avg: 196.8, Max: 467, Diff: 467, Sum: 787, Workers: 4
[145.824s][debug][gc,phases      ] GC(30)   JVMTI Tag Weak OopStorage      Min:  0.0, Avg:  0.0, Max:  0.0, Diff:  0.0, Sum:  0.0, Workers: 4
[145.824s][debug][gc,phases      ] GC(30)     Dead                           Min: 0, Avg:  0.0, Max: 0, Diff: 0, Sum: 0, Workers: 4
[145.824s][debug][gc,phases      ] GC(30)     Total                          Min: 0, Avg:  0.0, Max: 0, Diff: 0, Sum: 0, Workers: 4
[145.824s][debug][gc,phases      ] GC(30)   StringTable Weak               Min:  0.1, Avg:  0.1, Max:  0.1, Diff:  0.0, Sum:  0.3, Workers: 4
[145.824s][debug][gc,phases      ] GC(30)     Dead                           Min: 0, Avg:  0.0, Max: 0, Diff: 0, Sum: 0, Workers: 4
[145.824s][debug][gc,phases      ] GC(30)     Total                          Min: 11904, Avg: 12352.5, Max: 12610, Diff: 706, Sum: 49410, Workers: 4
[145.824s][debug][gc,phases      ] GC(30)   ResolvedMethodTable Weak       Min:  0.0, Avg:  0.0, Max:  0.0, Diff:  0.0, Sum:  0.1, Workers: 4
[145.824s][debug][gc,phases      ] GC(30)     Dead                           Min: 0, Avg:  0.2, Max: 1, Diff: 1, Sum: 1, Workers: 4
[145.824s][debug][gc,phases      ] GC(30)     Total                          Min: 2112, Avg: 2179.2, Max: 2304, Diff: 192, Sum: 8717, Workers: 4
[145.824s][debug][gc,phases      ] GC(30)   JNI Weak                       Min:  0.0, Avg:  0.0, Max:  0.0, Diff:  0.0, Sum:  0.0, Workers: 4
[145.824s][debug][gc,phases      ] GC(30)     Dead                           Min: 0, Avg:  0.0, Max: 0, Diff: 0, Sum: 0, Workers: 4
[145.824s][debug][gc,phases      ] GC(30)     Total                          Min: 0, Avg:  0.0, Max: 0, Diff: 0, Sum: 0, Workers: 4
[145.824s][debug][gc,phases      ] GC(30)   StringDedup Table Weak         Min:  0.0, Avg:  0.0, Max:  0.0, Diff:  0.0, Sum:  0.0, Workers: 4
[145.824s][debug][gc,phases      ] GC(30)     Dead                           Min: 0, Avg:  0.0, Max: 0, Diff: 0, Sum: 0, Workers: 4
[145.824s][debug][gc,phases      ] GC(30)     Total                          Min: 0, Avg:  0.0, Max: 0, Diff: 0, Sum: 0, Workers: 4
[145.824s][debug][gc,phases      ] GC(30)   StringDedup Requests0 Weak     Min:  0.0, Avg:  0.0, Max:  0.0, Diff:  0.0, Sum:  0.0, Workers: 4
[145.824s][debug][gc,phases      ] GC(30)     Dead                           Min: 0, Avg:  0.0, Max: 0, Diff: 0, Sum: 0, Workers: 4
[145.824s][debug][gc,phases      ] GC(30)     Total                          Min: 0, Avg:  0.0, Max: 0, Diff: 0, Sum: 0, Workers: 4
[145.824s][debug][gc,phases      ] GC(30)   StringDedup Requests1 Weak     Min:  0.0, Avg:  0.0, Max:  0.0, Diff:  0.0, Sum:  0.0, Workers: 4
[145.824s][debug][gc,phases      ] GC(30)     Dead                           Min: 0, Avg:  0.0, Max: 0, Diff: 0, Sum: 0, Workers: 4
[145.824s][debug][gc,phases      ] GC(30)     Total                          Min: 0, Avg:  0.0, Max: 0, Diff: 0, Sum: 0, Workers: 4
[145.824s][debug][gc,phases      ] GC(30)   Weak JFR Old Object Samples    Min:  0.0, Avg:  0.0, Max:  0.0, Diff:  0.0, Sum:  0.0, Workers: 4
[145.824s][debug][gc,phases      ] GC(30)     Dead                           Min: 0, Avg:  0.0, Max: 0, Diff: 0, Sum: 0, Workers: 4
[145.824s][debug][gc,phases      ] GC(30)     Total                          Min: 0, Avg:  0.0, Max: 0, Diff: 0, Sum: 0, Workers: 4
[145.824s][debug][gc,phases      ] GC(30) Weak Processing 0.258ms
[145.824s][debug][gc,age         ] GC(30) Desired survivor size 508035072 bytes, new threshold 3 (max threshold 15)
[145.824s][info ][gc,heap        ] GC(30) PSYoungGen: 1049904K(1572864K)->1376K(1601024K) Eden: 1048576K(1048576K)->0K(1080320K) From: 1328K(524288K)->1376K(520704K)
[145.824s][info ][gc,heap        ] GC(30) ParOldGen: 403199K(616960K)->403207K(616960K)
[145.824s][info ][gc,metaspace   ] GC(30) Metaspace: 85355K(86272K)->85355K(86272K) NonClass: 73214K(73664K)->73214K(73664K) Class: 12140K(12608K)->12140K(12608K)
[145.824s][info ][gc             ] GC(30) Pause Young (Allocation Failure) 1419M->395M(2166M) 1.756ms
[145.824s][info ][gc,cpu         ] GC(30) User=0.00s Sys=0.00s Real=0.00s
[145.824s][info ][safepoint      ] Safepoint "ParallelGCFailedAllocation", Time since last: 593546941 ns, Reaching safepoint: 30600 ns, At safepoint: 1821711 ns, Total: 1852311 ns
[146.824s][info ][safepoint      ] Safepoint "Cleanup", Time since last: 1000106329 ns, Reaching safepoint: 128501 ns, At safepoint: 19300 ns, Total: 147801 ns
[147.824s][info ][safepoint      ] Safepoint "Cleanup", Time since last: 1000127028 ns, Reaching safepoint: 98400 ns, At safepoint: 7900 ns, Total: 106300 ns
[148.824s][info ][safepoint      ] Safepoint "Cleanup", Time since last: 1000104627 ns, Reaching safepoint: 110400 ns, At safepoint: 7800 ns, Total: 118200 ns
[151.825s][info ][safepoint      ] Safepoint "Cleanup", Time since last: 3000240070 ns, Reaching safepoint: 110101 ns, At safepoint: 8600 ns, Total: 118701 ns
[154.826s][info ][safepoint      ] Safepoint "Cleanup", Time since last: 3000852059 ns, Reaching safepoint: 112801 ns, At safepoint: 6600 ns, Total: 119401 ns
[155.826s][info ][safepoint      ] Safepoint "Cleanup", Time since last: 1000103816 ns, Reaching safepoint: 117801 ns, At safepoint: 14100 ns, Total: 131901 ns
[156.826s][info ][safepoint      ] Safepoint "Cleanup", Time since last: 1000102414 ns, Reaching safepoint: 124501 ns, At safepoint: 11000 ns, Total: 135501 ns
[159.827s][info ][safepoint      ] Safepoint "Cleanup", Time since last: 3000238834 ns, Reaching safepoint: 106201 ns, At safepoint: 6200 ns, Total: 112401 ns
[163.827s][info ][safepoint      ] Safepoint "Cleanup", Time since last: 4000321024 ns, Reaching safepoint: 42601 ns, At safepoint: 2800 ns, Total: 45401 ns
[164.827s][info ][safepoint      ] Safepoint "Cleanup", Time since last: 1000108502 ns, Reaching safepoint: 32101 ns, At safepoint: 5900 ns, Total: 38001 ns
[165.827s][info ][safepoint      ] Safepoint "Cleanup", Time since last: 1000116901 ns, Reaching safepoint: 133801 ns, At safepoint: 11200 ns, Total: 145001 ns
[166.828s][info ][safepoint      ] Safepoint "Cleanup", Time since last: 1000103700 ns, Reaching safepoint: 132300 ns, At safepoint: 7500 ns, Total: 139800 ns
[167.828s][info ][safepoint      ] Safepoint "Cleanup", Time since last: 1000107599 ns, Reaching safepoint: 118300 ns, At safepoint: 21501 ns, Total: 139801 ns
[170.828s][info ][safepoint      ] Safepoint "Cleanup", Time since last: 3000258686 ns, Reaching safepoint: 57700 ns, At safepoint: 13000 ns, Total: 70700 ns
[172.828s][info ][safepoint      ] Safepoint "Cleanup", Time since last: 2000177984 ns, Reaching safepoint: 50900 ns, At safepoint: 6800 ns, Total: 57700 ns
[173.829s][info ][safepoint      ] Safepoint "Cleanup", Time since last: 1000122290 ns, Reaching safepoint: 111900 ns, At safepoint: 10400 ns, Total: 122300 ns
[174.829s][info ][safepoint      ] Safepoint "Cleanup", Time since last: 1000096289 ns, Reaching safepoint: 48800 ns, At safepoint: 9700 ns, Total: 58500 ns
[175.829s][info ][safepoint      ] Safepoint "Cleanup", Time since last: 1000108687 ns, Reaching safepoint: 60300 ns, At safepoint: 9600 ns, Total: 69900 ns
[177.326s][info ][safepoint      ] Safepoint "Cleanup", Time since last: 1497276762 ns, Reaching safepoint: 66900 ns, At safepoint: 6200 ns, Total: 73100 ns
[178.327s][info ][safepoint      ] Safepoint "Cleanup", Time since last: 1000120884 ns, Reaching safepoint: 122201 ns, At safepoint: 8200 ns, Total: 130401 ns
[181.327s][info ][safepoint      ] Safepoint "Cleanup", Time since last: 3000255041 ns, Reaching safepoint: 52100 ns, At safepoint: 5600 ns, Total: 57700 ns
[182.327s][info ][safepoint      ] Safepoint "Cleanup", Time since last: 1000110178 ns, Reaching safepoint: 106300 ns, At safepoint: 8801 ns, Total: 115101 ns
[183.327s][info ][safepoint      ] Safepoint "Cleanup", Time since last: 1000112776 ns, Reaching safepoint: 58900 ns, At safepoint: 8800 ns, Total: 67700 ns
[184.780s][info ][gc,start       ] GC(31) Pause Young (Allocation Failure)
[184.782s][debug][gc,phases      ] GC(31) Scavenge 2.287ms
[184.782s][debug][gc,ref         ] GC(31) Skipped phase 1 of Reference Processing: no references
[184.782s][debug][gc,ref         ] GC(31) ReferenceProcessor::execute queues: 1, RefProcThreadModel::Single, marks_oops_alive: false
[184.782s][debug][gc,ref         ] GC(31) Skipped phase 3 of Reference Processing: no references
[184.782s][debug][gc,ref         ] GC(31) Skipped phase 4 of Reference Processing: no references
[184.782s][debug][gc,phases      ] GC(31) Reference Processing 0.078ms
[184.782s][debug][gc,phases      ] GC(31)   VM Weak                        Min:  0.0, Avg:  0.0, Max:  0.0, Diff:  0.0, Sum:  0.0, Workers: 4
[184.782s][debug][gc,phases      ] GC(31)     Dead                           Min: 0, Avg:  0.0, Max: 0, Diff: 0, Sum: 0, Workers: 4
[184.782s][debug][gc,phases      ] GC(31)     Total                          Min: 0, Avg: 185.5, Max: 374, Diff: 374, Sum: 742, Workers: 4
[184.782s][debug][gc,phases      ] GC(31)   ObjectSynchronizer Weak        Min:  0.0, Avg:  0.0, Max:  0.0, Diff:  0.0, Sum:  0.0, Workers: 4
[184.782s][debug][gc,phases      ] GC(31)     Dead                           Min: 0, Avg:  0.0, Max: 0, Diff: 0, Sum: 0, Workers: 4
[184.782s][debug][gc,phases      ] GC(31)     Total                          Min: 19, Avg: 196.8, Max: 384, Diff: 365, Sum: 787, Workers: 4
[184.782s][debug][gc,phases      ] GC(31)   JVMTI Tag Weak OopStorage      Min:  0.0, Avg:  0.0, Max:  0.0, Diff:  0.0, Sum:  0.0, Workers: 4
[184.782s][debug][gc,phases      ] GC(31)     Dead                           Min: 0, Avg:  0.0, Max: 0, Diff: 0, Sum: 0, Workers: 4
[184.782s][debug][gc,phases      ] GC(31)     Total                          Min: 0, Avg:  0.0, Max: 0, Diff: 0, Sum: 0, Workers: 4
[184.782s][debug][gc,phases      ] GC(31)   StringTable Weak               Min:  0.1, Avg:  0.1, Max:  0.1, Diff:  0.0, Sum:  0.5, Workers: 4
[184.782s][debug][gc,phases      ] GC(31)     Dead                           Min: 0, Avg:  0.0, Max: 0, Diff: 0, Sum: 0, Workers: 4
[184.782s][debug][gc,phases      ] GC(31)     Total                          Min: 12096, Avg: 12356.8, Max: 12672, Diff: 576, Sum: 49427, Workers: 4
[184.782s][debug][gc,phases      ] GC(31)   ResolvedMethodTable Weak       Min:  0.0, Avg:  0.0, Max:  0.0, Diff:  0.0, Sum:  0.1, Workers: 4
[184.782s][debug][gc,phases      ] GC(31)     Dead                           Min: 0, Avg:  0.0, Max: 0, Diff: 0, Sum: 0, Workers: 4
[184.782s][debug][gc,phases      ] GC(31)     Total                          Min: 2048, Avg: 2179.2, Max: 2496, Diff: 448, Sum: 8717, Workers: 4
[184.782s][debug][gc,phases      ] GC(31)   JNI Weak                       Min:  0.0, Avg:  0.0, Max:  0.0, Diff:  0.0, Sum:  0.0, Workers: 4
[184.782s][debug][gc,phases      ] GC(31)     Dead                           Min: 0, Avg:  0.0, Max: 0, Diff: 0, Sum: 0, Workers: 4
[184.782s][debug][gc,phases      ] GC(31)     Total                          Min: 0, Avg:  0.0, Max: 0, Diff: 0, Sum: 0, Workers: 4
[184.782s][debug][gc,phases      ] GC(31)   StringDedup Table Weak         Min:  0.0, Avg:  0.0, Max:  0.0, Diff:  0.0, Sum:  0.0, Workers: 4
[184.782s][debug][gc,phases      ] GC(31)     Dead                           Min: 0, Avg:  0.0, Max: 0, Diff: 0, Sum: 0, Workers: 4
[184.782s][debug][gc,phases      ] GC(31)     Total                          Min: 0, Avg:  0.0, Max: 0, Diff: 0, Sum: 0, Workers: 4
[184.782s][debug][gc,phases      ] GC(31)   StringDedup Requests0 Weak     Min:  0.0, Avg:  0.0, Max:  0.0, Diff:  0.0, Sum:  0.0, Workers: 4
[184.782s][debug][gc,phases      ] GC(31)     Dead                           Min: 0, Avg:  0.0, Max: 0, Diff: 0, Sum: 0, Workers: 4
[184.782s][debug][gc,phases      ] GC(31)     Total                          Min: 0, Avg:  0.0, Max: 0, Diff: 0, Sum: 0, Workers: 4
[184.782s][debug][gc,phases      ] GC(31)   StringDedup Requests1 Weak     Min:  0.0, Avg:  0.0, Max:  0.0, Diff:  0.0, Sum:  0.0, Workers: 4
[184.782s][debug][gc,phases      ] GC(31)     Dead                           Min: 0, Avg:  0.0, Max: 0, Diff: 0, Sum: 0, Workers: 4
[184.782s][debug][gc,phases      ] GC(31)     Total                          Min: 0, Avg:  0.0, Max: 0, Diff: 0, Sum: 0, Workers: 4
[184.782s][debug][gc,phases      ] GC(31)   Weak JFR Old Object Samples    Min:  0.0, Avg:  0.0, Max:  0.0, Diff:  0.0, Sum:  0.0, Workers: 4
[184.782s][debug][gc,phases      ] GC(31)     Dead                           Min: 0, Avg:  0.0, Max: 0, Diff: 0, Sum: 0, Workers: 4
[184.782s][debug][gc,phases      ] GC(31)     Total                          Min: 0, Avg:  0.0, Max: 0, Diff: 0, Sum: 0, Workers: 4
[184.782s][debug][gc,phases      ] GC(31) Weak Processing 0.409ms
[184.782s][debug][gc,age         ] GC(31) Desired survivor size 482869248 bytes, new threshold 4 (max threshold 15)
[184.782s][info ][gc,heap        ] GC(31) PSYoungGen: 1081696K(1601024K)->1888K(1576448K) Eden: 1080320K(1080320K)->0K(1080320K) From: 1376K(520704K)->1888K(496128K)
[184.782s][info ][gc,heap        ] GC(31) ParOldGen: 403207K(616960K)->403215K(616960K)
[184.782s][info ][gc,metaspace   ] GC(31) Metaspace: 85427K(86400K)->85427K(86400K) NonClass: 73285K(73792K)->73285K(73792K) Class: 12141K(12608K)->12141K(12608K)
[184.782s][info ][gc             ] GC(31) Pause Young (Allocation Failure) 1450M->395M(2142M) 2.878ms
[184.782s][info ][gc,cpu         ] GC(31) User=0.02s Sys=0.00s Real=0.01s
[184.783s][info ][safepoint      ] Safepoint "ParallelGCFailedAllocation", Time since last: 1452102894 ns, Reaching safepoint: 104901 ns, At safepoint: 2963316 ns, Total: 3068217 ns
[186.783s][info ][safepoint      ] Safepoint "Cleanup", Time since last: 2000144844 ns, Reaching safepoint: 46700 ns, At safepoint: 4200 ns, Total: 50900 ns
[190.783s][info ][safepoint      ] Safepoint "Cleanup", Time since last: 4000307572 ns, Reaching safepoint: 51400 ns, At safepoint: 9500 ns, Total: 60900 ns
[193.783s][info ][safepoint      ] Safepoint "Cleanup", Time since last: 3000229089 ns, Reaching safepoint: 44400 ns, At safepoint: 3700 ns, Total: 48100 ns
[194.784s][info ][safepoint      ] Safepoint "Cleanup", Time since last: 1000100361 ns, Reaching safepoint: 46600 ns, At safepoint: 3000 ns, Total: 49600 ns
[197.784s][info ][safepoint      ] Safepoint "Cleanup", Time since last: 3000241472 ns, Reaching safepoint: 47401 ns, At safepoint: 6600 ns, Total: 54001 ns
[198.784s][info ][safepoint      ] Safepoint "Cleanup", Time since last: 1000106655 ns, Reaching safepoint: 51400 ns, At safepoint: 7800 ns, Total: 59200 ns
[199.784s][info ][safepoint      ] Safepoint "Cleanup", Time since last: 1000107254 ns, Reaching safepoint: 40300 ns, At safepoint: 3000 ns, Total: 43300 ns
[201.784s][info ][safepoint      ] Safepoint "Cleanup", Time since last: 2000171803 ns, Reaching safepoint: 55400 ns, At safepoint: 6800 ns, Total: 62200 ns
[204.785s][info ][safepoint      ] Safepoint "Cleanup", Time since last: 3000219144 ns, Reaching safepoint: 38600 ns, At safepoint: 3100 ns, Total: 41700 ns
[209.785s][info ][safepoint      ] Safepoint "Cleanup", Time since last: 5000344513 ns, Reaching safepoint: 40900 ns, At safepoint: 11600 ns, Total: 52500 ns
[210.785s][info ][safepoint      ] Safepoint "Cleanup", Time since last: 1000099739 ns, Reaching safepoint: 48500 ns, At safepoint: 6100 ns, Total: 54600 ns
[212.785s][info ][safepoint      ] Safepoint "Cleanup", Time since last: 2000165974 ns, Reaching safepoint: 59600 ns, At safepoint: 13200 ns, Total: 72800 ns
[213.786s][info ][safepoint      ] Safepoint "Cleanup", Time since last: 1000115535 ns, Reaching safepoint: 53600 ns, At safepoint: 11100 ns, Total: 64700 ns
[215.786s][info ][safepoint      ] Safepoint "Cleanup", Time since last: 2000140266 ns, Reaching safepoint: 44400 ns, At safepoint: 5800 ns, Total: 50200 ns
[224.227s][info ][gc,start       ] GC(32) Pause Young (Allocation Failure)
[224.228s][debug][gc,phases      ] GC(32) Scavenge 1.448ms
[224.229s][debug][gc,ref         ] GC(32) Skipped phase 1 of Reference Processing: no references
[224.229s][debug][gc,ref         ] GC(32) ReferenceProcessor::execute queues: 1, RefProcThreadModel::Single, marks_oops_alive: false
[224.229s][debug][gc,ref         ] GC(32) Skipped phase 3 of Reference Processing: no references
[224.229s][debug][gc,ref         ] GC(32) Skipped phase 4 of Reference Processing: no references
[224.229s][debug][gc,phases      ] GC(32) Reference Processing 0.090ms
[224.229s][debug][gc,phases      ] GC(32)   VM Weak                        Min:  0.0, Avg:  0.0, Max:  0.0, Diff:  0.0, Sum:  0.0, Workers: 4
[224.229s][debug][gc,phases      ] GC(32)     Dead                           Min: 0, Avg:  0.0, Max: 0, Diff: 0, Sum: 0, Workers: 4
[224.229s][debug][gc,phases      ] GC(32)     Total                          Min: 0, Avg: 185.5, Max: 630, Diff: 630, Sum: 742, Workers: 4
[224.229s][debug][gc,phases      ] GC(32)   ObjectSynchronizer Weak        Min:  0.0, Avg:  0.0, Max:  0.0, Diff:  0.0, Sum:  0.0, Workers: 4
[224.229s][debug][gc,phases      ] GC(32)     Dead                           Min: 0, Avg:  0.0, Max: 0, Diff: 0, Sum: 0, Workers: 4
[224.229s][debug][gc,phases      ] GC(32)     Total                          Min: 0, Avg: 196.8, Max: 384, Diff: 384, Sum: 787, Workers: 4
[224.229s][debug][gc,phases      ] GC(32)   JVMTI Tag Weak OopStorage      Min:  0.0, Avg:  0.0, Max:  0.0, Diff:  0.0, Sum:  0.0, Workers: 4
[224.229s][debug][gc,phases      ] GC(32)     Dead                           Min: 0, Avg:  0.0, Max: 0, Diff: 0, Sum: 0, Workers: 4
[224.229s][debug][gc,phases      ] GC(32)     Total                          Min: 0, Avg:  0.0, Max: 0, Diff: 0, Sum: 0, Workers: 4
[224.229s][debug][gc,phases      ] GC(32)   StringTable Weak               Min:  0.1, Avg:  0.1, Max:  0.1, Diff:  0.0, Sum:  0.5, Workers: 4
[224.229s][debug][gc,phases      ] GC(32)     Dead                           Min: 0, Avg:  0.0, Max: 0, Diff: 0, Sum: 0, Workers: 4
[224.229s][debug][gc,phases      ] GC(32)     Total                          Min: 10717, Avg: 12359.2, Max: 16256, Diff: 5539, Sum: 49437, Workers: 4
[224.229s][debug][gc,phases      ] GC(32)   ResolvedMethodTable Weak       Min:  0.0, Avg:  0.0, Max:  0.0, Diff:  0.0, Sum:  0.1, Workers: 4
[224.229s][debug][gc,phases      ] GC(32)     Dead                           Min: 0, Avg:  0.0, Max: 0, Diff: 0, Sum: 0, Workers: 4
[224.229s][debug][gc,phases      ] GC(32)     Total                          Min: 1792, Avg: 2179.2, Max: 3021, Diff: 1229, Sum: 8717, Workers: 4
[224.229s][debug][gc,phases      ] GC(32)   JNI Weak                       Min:  0.0, Avg:  0.0, Max:  0.0, Diff:  0.0, Sum:  0.0, Workers: 4
[224.229s][debug][gc,phases      ] GC(32)     Dead                           Min: 0, Avg:  0.0, Max: 0, Diff: 0, Sum: 0, Workers: 4
[224.229s][debug][gc,phases      ] GC(32)     Total                          Min: 0, Avg:  0.0, Max: 0, Diff: 0, Sum: 0, Workers: 4
[224.229s][debug][gc,phases      ] GC(32)   StringDedup Table Weak         Min:  0.0, Avg:  0.0, Max:  0.0, Diff:  0.0, Sum:  0.0, Workers: 4
[224.229s][debug][gc,phases      ] GC(32)     Dead                           Min: 0, Avg:  0.0, Max: 0, Diff: 0, Sum: 0, Workers: 4
[224.229s][debug][gc,phases      ] GC(32)     Total                          Min: 0, Avg:  0.0, Max: 0, Diff: 0, Sum: 0, Workers: 4
[224.229s][debug][gc,phases      ] GC(32)   StringDedup Requests0 Weak     Min:  0.0, Avg:  0.0, Max:  0.0, Diff:  0.0, Sum:  0.0, Workers: 4
[224.229s][debug][gc,phases      ] GC(32)     Dead                           Min: 0, Avg:  0.0, Max: 0, Diff: 0, Sum: 0, Workers: 4
[224.229s][debug][gc,phases      ] GC(32)     Total                          Min: 0, Avg:  0.0, Max: 0, Diff: 0, Sum: 0, Workers: 4
[224.229s][debug][gc,phases      ] GC(32)   StringDedup Requests1 Weak     Min:  0.0, Avg:  0.0, Max:  0.0, Diff:  0.0, Sum:  0.0, Workers: 4
[224.229s][debug][gc,phases      ] GC(32)     Dead                           Min: 0, Avg:  0.0, Max: 0, Diff: 0, Sum: 0, Workers: 4
[224.229s][debug][gc,phases      ] GC(32)     Total                          Min: 0, Avg:  0.0, Max: 0, Diff: 0, Sum: 0, Workers: 4
[224.229s][debug][gc,phases      ] GC(32)   Weak JFR Old Object Samples    Min:  0.0, Avg:  0.0, Max:  0.0, Diff:  0.0, Sum:  0.0, Workers: 4
[224.229s][debug][gc,phases      ] GC(32)     Dead                           Min: 0, Avg:  0.0, Max: 0, Diff: 0, Sum: 0, Workers: 4
[224.229s][debug][gc,phases      ] GC(32)     Total                          Min: 0, Avg:  0.0, Max: 0, Diff: 0, Sum: 0, Workers: 4
[224.229s][debug][gc,phases      ] GC(32) Weak Processing 0.296ms
[224.229s][debug][gc,age         ] GC(32) Desired survivor size 457179136 bytes, new threshold 5 (max threshold 15)
[224.229s][info ][gc,heap        ] GC(32) PSYoungGen: 1082208K(1576448K)->1504K(1650688K) Eden: 1080320K(1080320K)->0K(1179136K) From: 1888K(496128K)->1504K(471552K)
[224.229s][info ][gc,heap        ] GC(32) ParOldGen: 403215K(616960K)->403223K(616960K)
[224.229s][info ][gc,metaspace   ] GC(32) Metaspace: 85476K(86464K)->85476K(86464K) NonClass: 73334K(73856K)->73334K(73856K) Class: 12141K(12608K)->12141K(12608K)
[224.229s][info ][gc             ] GC(32) Pause Young (Allocation Failure) 1450M->395M(2214M) 1.945ms
[224.229s][info ][gc,cpu         ] GC(32) User=0.01s Sys=0.00s Real=0.01s
[224.229s][info ][safepoint      ] Safepoint "ParallelGCFailedAllocation", Time since last: 8441111541 ns, Reaching safepoint: 45000 ns, At safepoint: 2015111 ns, Total: 2060111 ns
[225.229s][info ][safepoint      ] Safepoint "Cleanup", Time since last: 1000081120 ns, Reaching safepoint: 40100 ns, At safepoint: 3200 ns, Total: 43300 ns
[227.229s][info ][safepoint      ] Safepoint "Cleanup", Time since last: 2000164736 ns, Reaching safepoint: 48200 ns, At safepoint: 6600 ns, Total: 54800 ns
[232.230s][info ][safepoint      ] Safepoint "Cleanup", Time since last: 5000364966 ns, Reaching safepoint: 35100 ns, At safepoint: 4000 ns, Total: 39100 ns
[237.230s][info ][safepoint      ] Safepoint "Cleanup", Time since last: 5000381235 ns, Reaching safepoint: 46100 ns, At safepoint: 2800 ns, Total: 48900 ns
[238.230s][info ][safepoint      ] Safepoint "Cleanup", Time since last: 1000104003 ns, Reaching safepoint: 46301 ns, At safepoint: 7600 ns, Total: 53901 ns
[240.230s][info ][safepoint      ] Safepoint "Cleanup", Time since last: 2000158402 ns, Reaching safepoint: 29500 ns, At safepoint: 2700 ns, Total: 32200 ns
[242.233s][info ][safepoint      ] Safepoint "Cleanup", Time since last: 2000188598 ns, Reaching safepoint: 2142212 ns, At safepoint: 11900 ns, Total: 2154112 ns
[243.233s][info ][safepoint      ] Safepoint "Cleanup", Time since last: 1000131497 ns, Reaching safepoint: 60900 ns, At safepoint: 3900 ns, Total: 64800 ns
[245.233s][info ][safepoint      ] Safepoint "Cleanup", Time since last: 2000176990 ns, Reaching safepoint: 36400 ns, At safepoint: 3500 ns, Total: 39900 ns
[249.234s][info ][safepoint      ] Safepoint "Cleanup", Time since last: 4000299465 ns, Reaching safepoint: 50201 ns, At safepoint: 10400 ns, Total: 60601 ns
[260.234s][info ][safepoint      ] Safepoint "Cleanup", Time since last: 11000742402 ns, Reaching safepoint: 44600 ns, At safepoint: 6800 ns, Total: 51400 ns
[263.235s][info ][safepoint      ] Safepoint "Cleanup", Time since last: 3000238821 ns, Reaching safepoint: 48100 ns, At safepoint: 3600 ns, Total: 51700 ns
[267.126s][info ][gc,start       ] GC(33) Pause Young (Allocation Failure)
[267.128s][debug][gc,phases      ] GC(33) Scavenge 1.326ms
[267.128s][debug][gc,ref         ] GC(33) Skipped phase 1 of Reference Processing: no references
[267.128s][debug][gc,ref         ] GC(33) ReferenceProcessor::execute queues: 1, RefProcThreadModel::Single, marks_oops_alive: false
[267.128s][debug][gc,ref         ] GC(33) Skipped phase 3 of Reference Processing: no references
[267.128s][debug][gc,ref         ] GC(33) Skipped phase 4 of Reference Processing: no references
[267.128s][debug][gc,phases      ] GC(33) Reference Processing 0.089ms
[267.128s][debug][gc,phases      ] GC(33)   VM Weak                        Min:  0.0, Avg:  0.0, Max:  0.0, Diff:  0.0, Sum:  0.0, Workers: 4
[267.128s][debug][gc,phases      ] GC(33)     Dead                           Min: 0, Avg:  0.0, Max: 0, Diff: 0, Sum: 0, Workers: 4
[267.128s][debug][gc,phases      ] GC(33)     Total                          Min: 0, Avg: 185.5, Max: 614, Diff: 614, Sum: 742, Workers: 4
[267.128s][debug][gc,phases      ] GC(33)   ObjectSynchronizer Weak        Min:  0.0, Avg:  0.0, Max:  0.0, Diff:  0.0, Sum:  0.0, Workers: 4
[267.128s][debug][gc,phases      ] GC(33)     Dead                           Min: 0, Avg:  0.0, Max: 0, Diff: 0, Sum: 0, Workers: 4
[267.128s][debug][gc,phases      ] GC(33)     Total                          Min: 0, Avg: 196.8, Max: 403, Diff: 403, Sum: 787, Workers: 4
[267.128s][debug][gc,phases      ] GC(33)   JVMTI Tag Weak OopStorage      Min:  0.0, Avg:  0.0, Max:  0.0, Diff:  0.0, Sum:  0.0, Workers: 4
[267.128s][debug][gc,phases      ] GC(33)     Dead                           Min: 0, Avg:  0.0, Max: 0, Diff: 0, Sum: 0, Workers: 4
[267.128s][debug][gc,phases      ] GC(33)     Total                          Min: 0, Avg:  0.0, Max: 0, Diff: 0, Sum: 0, Workers: 4
[267.128s][debug][gc,phases      ] GC(33)   StringTable Weak               Min:  0.1, Avg:  0.1, Max:  0.1, Diff:  0.0, Sum:  0.4, Workers: 4
[267.128s][debug][gc,phases      ] GC(33)     Dead                           Min: 0, Avg:  0.0, Max: 0, Diff: 0, Sum: 0, Workers: 4
[267.128s][debug][gc,phases      ] GC(33)     Total                          Min: 9472, Avg: 12365.5, Max: 18240, Diff: 8768, Sum: 49462, Workers: 4
[267.128s][debug][gc,phases      ] GC(33)   ResolvedMethodTable Weak       Min:  0.0, Avg:  0.0, Max:  0.0, Diff:  0.0, Sum:  0.1, Workers: 4
[267.128s][debug][gc,phases      ] GC(33)     Dead                           Min: 0, Avg:  0.0, Max: 0, Diff: 0, Sum: 0, Workers: 4
[267.128s][debug][gc,phases      ] GC(33)     Total                          Min: 1920, Avg: 2179.2, Max: 2752, Diff: 832, Sum: 8717, Workers: 4
[267.128s][debug][gc,phases      ] GC(33)   JNI Weak                       Min:  0.0, Avg:  0.0, Max:  0.0, Diff:  0.0, Sum:  0.0, Workers: 4
[267.128s][debug][gc,phases      ] GC(33)     Dead                           Min: 0, Avg:  0.0, Max: 0, Diff: 0, Sum: 0, Workers: 4
[267.128s][debug][gc,phases      ] GC(33)     Total                          Min: 0, Avg:  0.0, Max: 0, Diff: 0, Sum: 0, Workers: 4
[267.128s][debug][gc,phases      ] GC(33)   StringDedup Table Weak         Min:  0.0, Avg:  0.0, Max:  0.0, Diff:  0.0, Sum:  0.0, Workers: 4
[267.128s][debug][gc,phases      ] GC(33)     Dead                           Min: 0, Avg:  0.0, Max: 0, Diff: 0, Sum: 0, Workers: 4
[267.128s][debug][gc,phases      ] GC(33)     Total                          Min: 0, Avg:  0.0, Max: 0, Diff: 0, Sum: 0, Workers: 4
[267.128s][debug][gc,phases      ] GC(33)   StringDedup Requests0 Weak     Min:  0.0, Avg:  0.0, Max:  0.0, Diff:  0.0, Sum:  0.0, Workers: 4
[267.128s][debug][gc,phases      ] GC(33)     Dead                           Min: 0, Avg:  0.0, Max: 0, Diff: 0, Sum: 0, Workers: 4
[267.128s][debug][gc,phases      ] GC(33)     Total                          Min: 0, Avg:  0.0, Max: 0, Diff: 0, Sum: 0, Workers: 4
[267.128s][debug][gc,phases      ] GC(33)   StringDedup Requests1 Weak     Min:  0.0, Avg:  0.0, Max:  0.0, Diff:  0.0, Sum:  0.0, Workers: 4
[267.128s][debug][gc,phases      ] GC(33)     Dead                           Min: 0, Avg:  0.0, Max: 0, Diff: 0, Sum: 0, Workers: 4
[267.128s][debug][gc,phases      ] GC(33)     Total                          Min: 0, Avg:  0.0, Max: 0, Diff: 0, Sum: 0, Workers: 4
[267.128s][debug][gc,phases      ] GC(33)   Weak JFR Old Object Samples    Min:  0.0, Avg:  0.0, Max:  0.0, Diff:  0.0, Sum:  0.0, Workers: 4
[267.128s][debug][gc,phases      ] GC(33)     Dead                           Min: 0, Avg:  0.0, Max: 0, Diff: 0, Sum: 0, Workers: 4
[267.128s][debug][gc,phases      ] GC(33)     Total                          Min: 0, Avg:  0.0, Max: 0, Diff: 0, Sum: 0, Workers: 4
[267.128s][debug][gc,phases      ] GC(33) Weak Processing 0.318ms
[267.128s][debug][gc,age         ] GC(33) Desired survivor size 432537600 bytes, new threshold 6 (max threshold 15)
[267.128s][info ][gc,heap        ] GC(33) PSYoungGen: 1180640K(1650688K)->1856K(1625600K) Eden: 1179136K(1179136K)->0K(1179136K) From: 1504K(471552K)->1856K(446464K)
[267.128s][info ][gc,heap        ] GC(33) ParOldGen: 403223K(616960K)->403231K(616960K)
[267.128s][info ][gc,metaspace   ] GC(33) Metaspace: 85487K(86464K)->85487K(86464K) NonClass: 73344K(73856K)->73344K(73856K) Class: 12142K(12608K)->12142K(12608K)
[267.128s][info ][gc             ] GC(33) Pause Young (Allocation Failure) 1546M->395M(2190M) 1.820ms
[267.128s][info ][gc,cpu         ] GC(33) User=0.00s Sys=0.00s Real=0.01s
[267.128s][info ][safepoint      ] Safepoint "ParallelGCFailedAllocation", Time since last: 3891529383 ns, Reaching safepoint: 44100 ns, At safepoint: 1893110 ns, Total: 1937210 ns
[268.128s][info ][safepoint      ] Safepoint "Cleanup", Time since last: 1000072167 ns, Reaching safepoint: 50500 ns, At safepoint: 5000 ns, Total: 55500 ns
[275.129s][info ][safepoint      ] Safepoint "Cleanup", Time since last: 7000500532 ns, Reaching safepoint: 34500 ns, At safepoint: 4401 ns, Total: 38901 ns
[276.129s][info ][safepoint      ] Safepoint "Cleanup", Time since last: 1000110257 ns, Reaching safepoint: 58400 ns, At safepoint: 11500 ns, Total: 69900 ns
[277.129s][info ][safepoint      ] Safepoint "Cleanup", Time since last: 1000102456 ns, Reaching safepoint: 41400 ns, At safepoint: 3300 ns, Total: 44700 ns
[279.129s][info ][safepoint      ] Safepoint "Cleanup", Time since last: 2000176109 ns, Reaching safepoint: 40900 ns, At safepoint: 13900 ns, Total: 54800 ns
[284.130s][info ][safepoint      ] Safepoint "Cleanup", Time since last: 5000372451 ns, Reaching safepoint: 50100 ns, At safepoint: 10200 ns, Total: 60300 ns
[286.130s][info ][safepoint      ] Safepoint "Cleanup", Time since last: 2000130292 ns, Reaching safepoint: 44600 ns, At safepoint: 5600 ns, Total: 50200 ns
[287.130s][info ][safepoint      ] Safepoint "Cleanup", Time since last: 1000117545 ns, Reaching safepoint: 47300 ns, At safepoint: 3300 ns, Total: 50600 ns
[290.130s][info ][safepoint      ] Safepoint "Cleanup", Time since last: 3000242726 ns, Reaching safepoint: 46401 ns, At safepoint: 4100 ns, Total: 50501 ns
[291.131s][info ][safepoint      ] Safepoint "Cleanup", Time since last: 1000105740 ns, Reaching safepoint: 56100 ns, At safepoint: 8000 ns, Total: 64100 ns
[294.131s][info ][safepoint      ] Safepoint "Cleanup", Time since last: 3000234712 ns, Reaching safepoint: 45101 ns, At safepoint: 15000 ns, Total: 60101 ns
[300.131s][info ][safepoint      ] Safepoint "Cleanup", Time since last: 6000351894 ns, Reaching safepoint: 55100 ns, At safepoint: 7800 ns, Total: 62900 ns
[302.132s][info ][safepoint      ] Safepoint "Cleanup", Time since last: 2000169656 ns, Reaching safepoint: 55101 ns, At safepoint: 6700 ns, Total: 61801 ns
[308.132s][info ][safepoint      ] Safepoint "Cleanup", Time since last: 6000386540 ns, Reaching safepoint: 46401 ns, At safepoint: 2600 ns, Total: 49001 ns
[310.322s][info ][gc,start       ] GC(34) Pause Young (Allocation Failure)
[310.323s][debug][gc,phases      ] GC(34) Scavenge 1.261ms
[310.323s][debug][gc,ref         ] GC(34) Skipped phase 1 of Reference Processing: no references
[310.324s][debug][gc,ref         ] GC(34) ReferenceProcessor::execute queues: 1, RefProcThreadModel::Single, marks_oops_alive: false
[310.324s][debug][gc,ref         ] GC(34) Skipped phase 3 of Reference Processing: no references
[310.324s][debug][gc,ref         ] GC(34) Skipped phase 4 of Reference Processing: no references
[310.324s][debug][gc,phases      ] GC(34) Reference Processing 0.091ms
[310.324s][debug][gc,phases      ] GC(34)   VM Weak                        Min:  0.0, Avg:  0.0, Max:  0.0, Diff:  0.0, Sum:  0.0, Workers: 4
[310.324s][debug][gc,phases      ] GC(34)     Dead                           Min: 0, Avg:  0.0, Max: 0, Diff: 0, Sum: 0, Workers: 4
[310.324s][debug][gc,phases      ] GC(34)     Total                          Min: 0, Avg: 185.5, Max: 448, Diff: 448, Sum: 742, Workers: 4
[310.324s][debug][gc,phases      ] GC(34)   ObjectSynchronizer Weak        Min:  0.0, Avg:  0.0, Max:  0.0, Diff:  0.0, Sum:  0.0, Workers: 4
[310.324s][debug][gc,phases      ] GC(34)     Dead                           Min: 0, Avg:  0.0, Max: 0, Diff: 0, Sum: 0, Workers: 4
[310.324s][debug][gc,phases      ] GC(34)     Total                          Min: 0, Avg: 196.8, Max: 339, Diff: 339, Sum: 787, Workers: 4
[310.324s][debug][gc,phases      ] GC(34)   JVMTI Tag Weak OopStorage      Min:  0.0, Avg:  0.0, Max:  0.0, Diff:  0.0, Sum:  0.0, Workers: 4
[310.324s][debug][gc,phases      ] GC(34)     Dead                           Min: 0, Avg:  0.0, Max: 0, Diff: 0, Sum: 0, Workers: 4
[310.324s][debug][gc,phases      ] GC(34)     Total                          Min: 0, Avg:  0.0, Max: 0, Diff: 0, Sum: 0, Workers: 4
[310.324s][debug][gc,phases      ] GC(34)   StringTable Weak               Min:  0.1, Avg:  0.1, Max:  0.1, Diff:  0.0, Sum:  0.4, Workers: 4
[310.324s][debug][gc,phases      ] GC(34)     Dead                           Min: 0, Avg:  0.0, Max: 0, Diff: 0, Sum: 0, Workers: 4
[310.324s][debug][gc,phases      ] GC(34)     Total                          Min: 8704, Avg: 12367.5, Max: 14464, Diff: 5760, Sum: 49470, Workers: 4
[310.324s][debug][gc,phases      ] GC(34)   ResolvedMethodTable Weak       Min:  0.0, Avg:  0.0, Max:  0.0, Diff:  0.0, Sum:  0.1, Workers: 4
[310.324s][debug][gc,phases      ] GC(34)     Dead                           Min: 0, Avg:  0.2, Max: 1, Diff: 1, Sum: 1, Workers: 4
[310.324s][debug][gc,phases      ] GC(34)     Total                          Min: 1536, Avg: 2179.2, Max: 2510, Diff: 974, Sum: 8717, Workers: 4
[310.324s][debug][gc,phases      ] GC(34)   JNI Weak                       Min:  0.0, Avg:  0.0, Max:  0.0, Diff:  0.0, Sum:  0.0, Workers: 4
[310.324s][debug][gc,phases      ] GC(34)     Dead                           Min: 0, Avg:  0.0, Max: 0, Diff: 0, Sum: 0, Workers: 4
[310.324s][debug][gc,phases      ] GC(34)     Total                          Min: 0, Avg:  0.0, Max: 0, Diff: 0, Sum: 0, Workers: 4
[310.324s][debug][gc,phases      ] GC(34)   StringDedup Table Weak         Min:  0.0, Avg:  0.0, Max:  0.0, Diff:  0.0, Sum:  0.0, Workers: 4
[310.324s][debug][gc,phases      ] GC(34)     Dead                           Min: 0, Avg:  0.0, Max: 0, Diff: 0, Sum: 0, Workers: 4
[310.324s][debug][gc,phases      ] GC(34)     Total                          Min: 0, Avg:  0.0, Max: 0, Diff: 0, Sum: 0, Workers: 4
[310.324s][debug][gc,phases      ] GC(34)   StringDedup Requests0 Weak     Min:  0.0, Avg:  0.0, Max:  0.0, Diff:  0.0, Sum:  0.0, Workers: 4
[310.324s][debug][gc,phases      ] GC(34)     Dead                           Min: 0, Avg:  0.0, Max: 0, Diff: 0, Sum: 0, Workers: 4
[310.324s][debug][gc,phases      ] GC(34)     Total                          Min: 0, Avg:  0.0, Max: 0, Diff: 0, Sum: 0, Workers: 4
[310.324s][debug][gc,phases      ] GC(34)   StringDedup Requests1 Weak     Min:  0.0, Avg:  0.0, Max:  0.0, Diff:  0.0, Sum:  0.0, Workers: 4
[310.324s][debug][gc,phases      ] GC(34)     Dead                           Min: 0, Avg:  0.0, Max: 0, Diff: 0, Sum: 0, Workers: 4
[310.324s][debug][gc,phases      ] GC(34)     Total                          Min: 0, Avg:  0.0, Max: 0, Diff: 0, Sum: 0, Workers: 4
[310.324s][debug][gc,phases      ] GC(34)   Weak JFR Old Object Samples    Min:  0.0, Avg:  0.0, Max:  0.0, Diff:  0.0, Sum:  0.0, Workers: 4
[310.324s][debug][gc,phases      ] GC(34)     Dead                           Min: 0, Avg:  0.0, Max: 0, Diff: 0, Sum: 0, Workers: 4
[310.324s][debug][gc,phases      ] GC(34)     Total                          Min: 0, Avg:  0.0, Max: 0, Diff: 0, Sum: 0, Workers: 4
[310.324s][debug][gc,phases      ] GC(34) Weak Processing 0.300ms
[310.324s][debug][gc,age         ] GC(34) Desired survivor size 407896064 bytes, new threshold 7 (max threshold 15)
[310.324s][info ][gc,heap        ] GC(34) PSYoungGen: 1180992K(1625600K)->1568K(1698816K) Eden: 1179136K(1179136K)->0K(1276416K) From: 1856K(446464K)->1568K(422400K)
[310.324s][info ][gc,heap        ] GC(34) ParOldGen: 403231K(616960K)->403231K(616960K)
[310.324s][info ][gc,metaspace   ] GC(34) Metaspace: 85494K(86464K)->85494K(86464K) NonClass: 73351K(73856K)->73351K(73856K) Class: 12142K(12608K)->12142K(12608K)
[310.324s][info ][gc             ] GC(34) Pause Young (Allocation Failure) 1547M->395M(2261M) 1.748ms
[310.324s][info ][gc,cpu         ] GC(34) User=0.01s Sys=0.00s Real=0.00s
[310.324s][info ][safepoint      ] Safepoint "ParallelGCFailedAllocation", Time since last: 2190056067 ns, Reaching safepoint: 44100 ns, At safepoint: 1815310 ns, Total: 1859410 ns
[313.324s][info ][safepoint      ] Safepoint "Cleanup", Time since last: 3000217348 ns, Reaching safepoint: 111701 ns, At safepoint: 4800 ns, Total: 116501 ns
[315.325s][info ][safepoint      ] Safepoint "Cleanup", Time since last: 2000187327 ns, Reaching safepoint: 115701 ns, At safepoint: 10000 ns, Total: 125701 ns
[317.325s][info ][safepoint      ] Safepoint "Cleanup", Time since last: 2000178323 ns, Reaching safepoint: 116900 ns, At safepoint: 10800 ns, Total: 127700 ns
[318.325s][info ][safepoint      ] Safepoint "Cleanup", Time since last: 1000120810 ns, Reaching safepoint: 121801 ns, At safepoint: 5700 ns, Total: 127501 ns
[319.325s][info ][safepoint      ] Safepoint "Cleanup", Time since last: 1000113909 ns, Reaching safepoint: 51500 ns, At safepoint: 11000 ns, Total: 62500 ns
[320.326s][info ][safepoint      ] Safepoint "Cleanup", Time since last: 1000113108 ns, Reaching safepoint: 114200 ns, At safepoint: 10200 ns, Total: 124400 ns
[322.326s][info ][safepoint      ] Safepoint "Cleanup", Time since last: 2000160112 ns, Reaching safepoint: 154101 ns, At safepoint: 9100 ns, Total: 163201 ns
[325.326s][info ][safepoint      ] Safepoint "Cleanup", Time since last: 3000197510 ns, Reaching safepoint: 51500 ns, At safepoint: 7600 ns, Total: 59100 ns
[328.326s][info ][safepoint      ] Safepoint "Cleanup", Time since last: 3000247401 ns, Reaching safepoint: 120200 ns, At safepoint: 14400 ns, Total: 134600 ns
[331.327s][info ][safepoint      ] Safepoint "Cleanup", Time since last: 3000246791 ns, Reaching safepoint: 43500 ns, At safepoint: 6700 ns, Total: 50200 ns
[332.327s][info ][safepoint      ] Safepoint "Cleanup", Time since last: 1000103095 ns, Reaching safepoint: 153801 ns, At safepoint: 5400 ns, Total: 159201 ns
[333.327s][info ][safepoint      ] Safepoint "Cleanup", Time since last: 1000105594 ns, Reaching safepoint: 51100 ns, At safepoint: 11300 ns, Total: 62400 ns
[334.327s][info ][safepoint      ] Safepoint "Cleanup", Time since last: 1000063993 ns, Reaching safepoint: 49500 ns, At safepoint: 5800 ns, Total: 55300 ns
[335.328s][info ][safepoint      ] Safepoint "Cleanup", Time since last: 1000101392 ns, Reaching safepoint: 56900 ns, At safepoint: 9400 ns, Total: 66300 ns
[336.328s][info ][safepoint      ] Safepoint "Cleanup", Time since last: 1000122291 ns, Reaching safepoint: 41101 ns, At safepoint: 5000 ns, Total: 46101 ns
[337.328s][info ][safepoint      ] Safepoint "Cleanup", Time since last: 1000101889 ns, Reaching safepoint: 60001 ns, At safepoint: 6700 ns, Total: 66701 ns
[338.328s][info ][safepoint      ] Safepoint "Cleanup", Time since last: 1000102488 ns, Reaching safepoint: 41801 ns, At safepoint: 8500 ns, Total: 50301 ns
[339.328s][info ][safepoint      ] Safepoint "Cleanup", Time since last: 1000116787 ns, Reaching safepoint: 42601 ns, At safepoint: 5900 ns, Total: 48501 ns
[340.419s][info ][safepoint      ] Safepoint "Cleanup", Time since last: 1091019276 ns, Reaching safepoint: 82800 ns, At safepoint: 8100 ns, Total: 90900 ns
[343.420s][info ][safepoint      ] Safepoint "Cleanup", Time since last: 3000221653 ns, Reaching safepoint: 44101 ns, At safepoint: 3000 ns, Total: 47101 ns
[344.420s][info ][safepoint      ] Safepoint "Cleanup", Time since last: 1000103682 ns, Reaching safepoint: 48200 ns, At safepoint: 3800 ns, Total: 52000 ns
[345.420s][info ][safepoint      ] Safepoint "Cleanup", Time since last: 1000100782 ns, Reaching safepoint: 39500 ns, At safepoint: 2500 ns, Total: 42000 ns
[346.420s][info ][safepoint      ] Safepoint "Cleanup", Time since last: 1000098880 ns, Reaching safepoint: 45400 ns, At safepoint: 2600 ns, Total: 48000 ns
[347.420s][info ][safepoint      ] Safepoint "Cleanup", Time since last: 1000104680 ns, Reaching safepoint: 41700 ns, At safepoint: 2900 ns, Total: 44600 ns
[349.420s][info ][safepoint      ] Safepoint "Cleanup", Time since last: 2000148055 ns, Reaching safepoint: 52001 ns, At safepoint: 10800 ns, Total: 62801 ns
[350.420s][info ][safepoint      ] Safepoint "Cleanup", Time since last: 1000076176 ns, Reaching safepoint: 43600 ns, At safepoint: 4700 ns, Total: 48300 ns
[350.975s][info ][gc,start       ] GC(35) Pause Young (Allocation Failure)
[350.978s][debug][gc,phases      ] GC(35) Scavenge 2.260ms
[350.978s][debug][gc,ref         ] GC(35) Skipped phase 1 of Reference Processing: no references
[350.978s][debug][gc,ref         ] GC(35) ReferenceProcessor::execute queues: 1, RefProcThreadModel::Single, marks_oops_alive: false
[350.978s][debug][gc,ref         ] GC(35) ReferenceProcessor::execute queues: 4, RefProcThreadModel::Multi, marks_oops_alive: true
[350.978s][debug][gc,ref         ] GC(35) ReferenceProcessor::execute queues: 1, RefProcThreadModel::Single, marks_oops_alive: false
[350.978s][debug][gc,phases      ] GC(35) Reference Processing 0.183ms
[350.978s][debug][gc,phases      ] GC(35)   VM Weak                        Min:  0.0, Avg:  0.0, Max:  0.0, Diff:  0.0, Sum:  0.0, Workers: 4
[350.978s][debug][gc,phases      ] GC(35)     Dead                           Min: 0, Avg:  0.0, Max: 0, Diff: 0, Sum: 0, Workers: 4
[350.978s][debug][gc,phases      ] GC(35)     Total                          Min: 0, Avg: 185.8, Max: 502, Diff: 502, Sum: 743, Workers: 4
[350.978s][debug][gc,phases      ] GC(35)   ObjectSynchronizer Weak        Min:  0.0, Avg:  0.0, Max:  0.0, Diff:  0.0, Sum:  0.0, Workers: 4
[350.978s][debug][gc,phases      ] GC(35)     Dead                           Min: 0, Avg:  0.8, Max: 3, Diff: 3, Sum: 3, Workers: 4
[350.978s][debug][gc,phases      ] GC(35)     Total                          Min: 64, Avg: 197.5, Max: 320, Diff: 256, Sum: 790, Workers: 4
[350.978s][debug][gc,phases      ] GC(35)   JVMTI Tag Weak OopStorage      Min:  0.0, Avg:  0.0, Max:  0.0, Diff:  0.0, Sum:  0.0, Workers: 4
[350.978s][debug][gc,phases      ] GC(35)     Dead                           Min: 0, Avg:  0.0, Max: 0, Diff: 0, Sum: 0, Workers: 4
[350.978s][debug][gc,phases      ] GC(35)     Total                          Min: 0, Avg:  0.0, Max: 0, Diff: 0, Sum: 0, Workers: 4
[350.978s][debug][gc,phases      ] GC(35)   StringTable Weak               Min:  0.1, Avg:  0.1, Max:  0.1, Diff:  0.0, Sum:  0.4, Workers: 4
[350.978s][debug][gc,phases      ] GC(35)     Dead                           Min: 0, Avg:  0.5, Max: 2, Diff: 2, Sum: 2, Workers: 4
[350.978s][debug][gc,phases      ] GC(35)     Total                          Min: 10496, Avg: 12386.0, Max: 17664, Diff: 7168, Sum: 49544, Workers: 4
[350.978s][debug][gc,phases      ] GC(35)   ResolvedMethodTable Weak       Min:  0.0, Avg:  0.0, Max:  0.0, Diff:  0.0, Sum:  0.1, Workers: 4
[350.978s][debug][gc,phases      ] GC(35)     Dead                           Min: 0, Avg:  0.0, Max: 0, Diff: 0, Sum: 0, Workers: 4
[350.978s][debug][gc,phases      ] GC(35)     Total                          Min: 1791, Avg: 2191.0, Max: 3133, Diff: 1342, Sum: 8764, Workers: 4
[350.978s][debug][gc,phases      ] GC(35)   JNI Weak                       Min:  0.0, Avg:  0.0, Max:  0.0, Diff:  0.0, Sum:  0.0, Workers: 4
[350.978s][debug][gc,phases      ] GC(35)     Dead                           Min: 0, Avg:  0.0, Max: 0, Diff: 0, Sum: 0, Workers: 4
[350.978s][debug][gc,phases      ] GC(35)     Total                          Min: 0, Avg:  0.0, Max: 0, Diff: 0, Sum: 0, Workers: 4
[350.978s][debug][gc,phases      ] GC(35)   StringDedup Table Weak         Min:  0.0, Avg:  0.0, Max:  0.0, Diff:  0.0, Sum:  0.0, Workers: 4
[350.978s][debug][gc,phases      ] GC(35)     Dead                           Min: 0, Avg:  0.0, Max: 0, Diff: 0, Sum: 0, Workers: 4
[350.978s][debug][gc,phases      ] GC(35)     Total                          Min: 0, Avg:  0.0, Max: 0, Diff: 0, Sum: 0, Workers: 4
[350.978s][debug][gc,phases      ] GC(35)   StringDedup Requests0 Weak     Min:  0.0, Avg:  0.0, Max:  0.0, Diff:  0.0, Sum:  0.0, Workers: 4
[350.978s][debug][gc,phases      ] GC(35)     Dead                           Min: 0, Avg:  0.0, Max: 0, Diff: 0, Sum: 0, Workers: 4
[350.978s][debug][gc,phases      ] GC(35)     Total                          Min: 0, Avg:  0.0, Max: 0, Diff: 0, Sum: 0, Workers: 4
[350.978s][debug][gc,phases      ] GC(35)   StringDedup Requests1 Weak     Min:  0.0, Avg:  0.0, Max:  0.0, Diff:  0.0, Sum:  0.0, Workers: 4
[350.978s][debug][gc,phases      ] GC(35)     Dead                           Min: 0, Avg:  0.0, Max: 0, Diff: 0, Sum: 0, Workers: 4
[350.978s][debug][gc,phases      ] GC(35)     Total                          Min: 0, Avg:  0.0, Max: 0, Diff: 0, Sum: 0, Workers: 4
[350.978s][debug][gc,phases      ] GC(35)   Weak JFR Old Object Samples    Min:  0.0, Avg:  0.0, Max:  0.0, Diff:  0.0, Sum:  0.0, Workers: 4
[350.978s][debug][gc,phases      ] GC(35)     Dead                           Min: 0, Avg:  0.0, Max: 0, Diff: 0, Sum: 0, Workers: 4
[350.978s][debug][gc,phases      ] GC(35)     Total                          Min: 0, Avg:  0.0, Max: 0, Diff: 0, Sum: 0, Workers: 4
[350.978s][debug][gc,phases      ] GC(35) Weak Processing 0.281ms
[350.978s][debug][gc,age         ] GC(35) Desired survivor size 383778816 bytes, new threshold 8 (max threshold 15)
[350.978s][info ][gc,heap        ] GC(35) PSYoungGen: 1277984K(1698816K)->1728K(1674752K) Eden: 1276416K(1276416K)->0K(1276416K) From: 1568K(422400K)->1728K(398336K)
[350.978s][info ][gc,heap        ] GC(35) ParOldGen: 403231K(616960K)->403239K(616960K)
[350.978s][info ][gc,metaspace   ] GC(35) Metaspace: 85737K(86656K)->85737K(86656K) NonClass: 73551K(74048K)->73551K(74048K) Class: 12186K(12608K)->12186K(12608K)
[350.978s][info ][gc             ] GC(35) Pause Young (Allocation Failure) 1641M->395M(2238M) 2.815ms
[350.978s][info ][gc,cpu         ] GC(35) User=0.01s Sys=0.00s Real=0.00s
[350.978s][info ][safepoint      ] Safepoint "ParallelGCFailedAllocation", Time since last: 554819782 ns, Reaching safepoint: 43101 ns, At safepoint: 2882515 ns, Total: 2925616 ns
[351.978s][info ][safepoint      ] Safepoint "Cleanup", Time since last: 1000084375 ns, Reaching safepoint: 45800 ns, At safepoint: 4900 ns, Total: 50700 ns
[353.526s][info ][safepoint      ] Safepoint "Cleanup", Time since last: 1547474514 ns, Reaching safepoint: 121901 ns, At safepoint: 13800 ns, Total: 135701 ns
[354.526s][info ][safepoint      ] Safepoint "Cleanup", Time since last: 1000112372 ns, Reaching safepoint: 159301 ns, At safepoint: 16800 ns, Total: 176101 ns
[355.526s][info ][safepoint      ] Safepoint "Cleanup", Time since last: 1000101171 ns, Reaching safepoint: 110801 ns, At safepoint: 16600 ns, Total: 127401 ns
[356.527s][info ][safepoint      ] Safepoint "Cleanup", Time since last: 1000110870 ns, Reaching safepoint: 49101 ns, At safepoint: 11100 ns, Total: 60201 ns
[358.318s][info ][safepoint      ] Safepoint "Cleanup", Time since last: 1791587417 ns, Reaching safepoint: 64301 ns, At safepoint: 6500 ns, Total: 70801 ns
[359.318s][info ][safepoint      ] Safepoint "Cleanup", Time since last: 1000082567 ns, Reaching safepoint: 38400 ns, At safepoint: 3700 ns, Total: 42100 ns
[360.319s][info ][safepoint      ] Safepoint "Cleanup", Time since last: 1000099167 ns, Reaching safepoint: 43600 ns, At safepoint: 7400 ns, Total: 51000 ns
[361.319s][info ][safepoint      ] Safepoint "Cleanup", Time since last: 1000105265 ns, Reaching safepoint: 50001 ns, At safepoint: 3000 ns, Total: 53001 ns
[362.319s][info ][safepoint      ] Safepoint "Cleanup", Time since last: 1000100564 ns, Reaching safepoint: 35000 ns, At safepoint: 2700 ns, Total: 37700 ns
[363.319s][info ][safepoint      ] Safepoint "Cleanup", Time since last: 1000069663 ns, Reaching safepoint: 67701 ns, At safepoint: 5300 ns, Total: 73001 ns
[365.319s][info ][safepoint      ] Safepoint "Cleanup", Time since last: 2000139823 ns, Reaching safepoint: 44301 ns, At safepoint: 5800 ns, Total: 50101 ns
[366.319s][info ][safepoint      ] Safepoint "Cleanup", Time since last: 1000104260 ns, Reaching safepoint: 66800 ns, At safepoint: 8001 ns, Total: 74801 ns
[367.320s][info ][safepoint      ] Safepoint "Cleanup", Time since last: 1000107159 ns, Reaching safepoint: 43900 ns, At safepoint: 5500 ns, Total: 49400 ns
[369.320s][info ][safepoint      ] Safepoint "Cleanup", Time since last: 2000143016 ns, Reaching safepoint: 44000 ns, At safepoint: 15000 ns, Total: 59000 ns
[371.320s][info ][safepoint      ] Safepoint "Cleanup", Time since last: 2000120212 ns, Reaching safepoint: 48000 ns, At safepoint: 9100 ns, Total: 57100 ns
[372.320s][info ][safepoint      ] Safepoint "Cleanup", Time since last: 1000110255 ns, Reaching safepoint: 49600 ns, At safepoint: 7200 ns, Total: 56800 ns
[374.320s][info ][safepoint      ] Safepoint "Cleanup", Time since last: 2000147406 ns, Reaching safepoint: 47301 ns, At safepoint: 3300 ns, Total: 50601 ns
[375.320s][info ][safepoint      ] Safepoint "Cleanup", Time since last: 1000109551 ns, Reaching safepoint: 44401 ns, At safepoint: 3800 ns, Total: 48201 ns
[376.321s][info ][safepoint      ] Safepoint "Cleanup", Time since last: 1000119950 ns, Reaching safepoint: 32001 ns, At safepoint: 3100 ns, Total: 35101 ns
[377.321s][info ][safepoint      ] Safepoint "Cleanup", Time since last: 1000106649 ns, Reaching safepoint: 39201 ns, At safepoint: 3000 ns, Total: 42201 ns
[381.321s][info ][safepoint      ] Safepoint "Cleanup", Time since last: 4000295589 ns, Reaching safepoint: 47000 ns, At safepoint: 2900 ns, Total: 49900 ns
[384.321s][info ][safepoint      ] Safepoint "Cleanup", Time since last: 3000234932 ns, Reaching safepoint: 51700 ns, At safepoint: 8400 ns, Total: 60100 ns
[389.322s][info ][safepoint      ] Safepoint "Cleanup", Time since last: 5000316801 ns, Reaching safepoint: 112000 ns, At safepoint: 5300 ns, Total: 117300 ns
[390.322s][info ][safepoint      ] Safepoint "Cleanup", Time since last: 1000102838 ns, Reaching safepoint: 120100 ns, At safepoint: 9900 ns, Total: 130000 ns
[391.322s][info ][safepoint      ] Safepoint "Cleanup", Time since last: 1000104237 ns, Reaching safepoint: 96200 ns, At safepoint: 4400 ns, Total: 100600 ns
[391.927s][info ][gc,start       ] GC(36) Pause Young (Allocation Failure)
[391.929s][debug][gc,phases      ] GC(36) Scavenge 1.606ms
[391.929s][debug][gc,ref         ] GC(36) Skipped phase 1 of Reference Processing: no references
[391.929s][debug][gc,ref         ] GC(36) ReferenceProcessor::execute queues: 1, RefProcThreadModel::Single, marks_oops_alive: false
[391.929s][debug][gc,ref         ] GC(36) Skipped phase 3 of Reference Processing: no references
[391.929s][debug][gc,ref         ] GC(36) ReferenceProcessor::execute queues: 1, RefProcThreadModel::Single, marks_oops_alive: false
[391.929s][debug][gc,phases      ] GC(36) Reference Processing 0.093ms
[391.929s][debug][gc,phases      ] GC(36)   VM Weak                        Min:  0.0, Avg:  0.0, Max:  0.0, Diff:  0.0, Sum:  0.0, Workers: 4
[391.929s][debug][gc,phases      ] GC(36)     Dead                           Min: 0, Avg:  0.0, Max: 0, Diff: 0, Sum: 0, Workers: 4
[391.929s][debug][gc,phases      ] GC(36)     Total                          Min: 0, Avg: 186.0, Max: 474, Diff: 474, Sum: 744, Workers: 4
[391.929s][debug][gc,phases      ] GC(36)   ObjectSynchronizer Weak        Min:  0.0, Avg:  0.0, Max:  0.0, Diff:  0.0, Sum:  0.0, Workers: 4
[391.929s][debug][gc,phases      ] GC(36)     Dead                           Min: 0, Avg:  0.0, Max: 0, Diff: 0, Sum: 0, Workers: 4
[391.929s][debug][gc,phases      ] GC(36)     Total                          Min: 0, Avg: 197.5, Max: 342, Diff: 342, Sum: 790, Workers: 4
[391.929s][debug][gc,phases      ] GC(36)   JVMTI Tag Weak OopStorage      Min:  0.0, Avg:  0.0, Max:  0.0, Diff:  0.0, Sum:  0.0, Workers: 4
[391.929s][debug][gc,phases      ] GC(36)     Dead                           Min: 0, Avg:  0.0, Max: 0, Diff: 0, Sum: 0, Workers: 4
[391.929s][debug][gc,phases      ] GC(36)     Total                          Min: 0, Avg:  0.0, Max: 0, Diff: 0, Sum: 0, Workers: 4
[391.929s][debug][gc,phases      ] GC(36)   StringTable Weak               Min:  0.1, Avg:  0.1, Max:  0.1, Diff:  0.0, Sum:  0.4, Workers: 4
[391.929s][debug][gc,phases      ] GC(36)     Dead                           Min: 0, Avg:  0.2, Max: 1, Diff: 1, Sum: 1, Workers: 4
[391.929s][debug][gc,phases      ] GC(36)     Total                          Min: 9427, Avg: 12388.8, Max: 16832, Diff: 7405, Sum: 49555, Workers: 4
[391.929s][debug][gc,phases      ] GC(36)   ResolvedMethodTable Weak       Min:  0.0, Avg:  0.0, Max:  0.0, Diff:  0.0, Sum:  0.1, Workers: 4
[391.929s][debug][gc,phases      ] GC(36)     Dead                           Min: 0, Avg:  0.0, Max: 0, Diff: 0, Sum: 0, Workers: 4
[391.929s][debug][gc,phases      ] GC(36)     Total                          Min: 1728, Avg: 2193.5, Max: 3008, Diff: 1280, Sum: 8774, Workers: 4
[391.929s][debug][gc,phases      ] GC(36)   JNI Weak                       Min:  0.0, Avg:  0.0, Max:  0.0, Diff:  0.0, Sum:  0.0, Workers: 4
[391.929s][debug][gc,phases      ] GC(36)     Dead                           Min: 0, Avg:  0.0, Max: 0, Diff: 0, Sum: 0, Workers: 4
[391.929s][debug][gc,phases      ] GC(36)     Total                          Min: 0, Avg:  0.0, Max: 0, Diff: 0, Sum: 0, Workers: 4
[391.929s][debug][gc,phases      ] GC(36)   StringDedup Table Weak         Min:  0.0, Avg:  0.0, Max:  0.0, Diff:  0.0, Sum:  0.0, Workers: 4
[391.929s][debug][gc,phases      ] GC(36)     Dead                           Min: 0, Avg:  0.0, Max: 0, Diff: 0, Sum: 0, Workers: 4
[391.929s][debug][gc,phases      ] GC(36)     Total                          Min: 0, Avg:  0.0, Max: 0, Diff: 0, Sum: 0, Workers: 4
[391.929s][debug][gc,phases      ] GC(36)   StringDedup Requests0 Weak     Min:  0.0, Avg:  0.0, Max:  0.0, Diff:  0.0, Sum:  0.0, Workers: 4
[391.929s][debug][gc,phases      ] GC(36)     Dead                           Min: 0, Avg:  0.0, Max: 0, Diff: 0, Sum: 0, Workers: 4
[391.929s][debug][gc,phases      ] GC(36)     Total                          Min: 0, Avg:  0.0, Max: 0, Diff: 0, Sum: 0, Workers: 4
[391.929s][debug][gc,phases      ] GC(36)   StringDedup Requests1 Weak     Min:  0.0, Avg:  0.0, Max:  0.0, Diff:  0.0, Sum:  0.0, Workers: 4
[391.929s][debug][gc,phases      ] GC(36)     Dead                           Min: 0, Avg:  0.0, Max: 0, Diff: 0, Sum: 0, Workers: 4
[391.929s][debug][gc,phases      ] GC(36)     Total                          Min: 0, Avg:  0.0, Max: 0, Diff: 0, Sum: 0, Workers: 4
[391.929s][debug][gc,phases      ] GC(36)   Weak JFR Old Object Samples    Min:  0.0, Avg:  0.0, Max:  0.0, Diff:  0.0, Sum:  0.0, Workers: 4
[391.929s][debug][gc,phases      ] GC(36)     Dead                           Min: 0, Avg:  0.0, Max: 0, Diff: 0, Sum: 0, Workers: 4
[391.929s][debug][gc,phases      ] GC(36)     Total                          Min: 0, Avg:  0.0, Max: 0, Diff: 0, Sum: 0, Workers: 4
[391.929s][debug][gc,phases      ] GC(36) Weak Processing 0.303ms
[391.929s][debug][gc,age         ] GC(36) Desired survivor size 360185856 bytes, new threshold 9 (max threshold 15)
[391.929s][info ][gc,heap        ] GC(36) PSYoungGen: 1278144K(1674752K)->2000K(1745408K) Eden: 1276416K(1276416K)->0K(1370624K) From: 1728K(398336K)->2000K(374784K)
[391.929s][info ][gc,heap        ] GC(36) ParOldGen: 403239K(616960K)->403239K(616960K)
[391.929s][info ][gc,metaspace   ] GC(36) Metaspace: 85795K(86656K)->85795K(86656K) NonClass: 73605K(74048K)->73605K(74048K) Class: 12190K(12608K)->12190K(12608K)
[391.929s][info ][gc             ] GC(36) Pause Young (Allocation Failure) 1641M->395M(2307M) 2.110ms
[391.929s][info ][gc,cpu         ] GC(36) User=0.01s Sys=0.00s Real=0.01s
[391.929s][info ][safepoint      ] Safepoint "ParallelGCFailedAllocation", Time since last: 604495325 ns, Reaching safepoint: 31701 ns, At safepoint: 2184911 ns, Total: 2216612 ns
[404.930s][info ][safepoint      ] Safepoint "Cleanup", Time since last: 13000767581 ns, Reaching safepoint: 45900 ns, At safepoint: 13600 ns, Total: 59500 ns
[406.930s][info ][safepoint      ] Safepoint "Cleanup", Time since last: 2000163545 ns, Reaching safepoint: 41300 ns, At safepoint: 2700 ns, Total: 44000 ns
[414.931s][info ][safepoint      ] Safepoint "Cleanup", Time since last: 8000559744 ns, Reaching safepoint: 55200 ns, At safepoint: 6000 ns, Total: 61200 ns
[415.931s][info ][safepoint      ] Safepoint "Cleanup", Time since last: 1000089714 ns, Reaching safepoint: 40000 ns, At safepoint: 3700 ns, Total: 43700 ns
[422.931s][info ][safepoint      ] Safepoint "Cleanup", Time since last: 7000455973 ns, Reaching safepoint: 46500 ns, At safepoint: 3000 ns, Total: 49500 ns
[424.931s][info ][safepoint      ] Safepoint "Cleanup", Time since last: 2000171713 ns, Reaching safepoint: 29100 ns, At safepoint: 2700 ns, Total: 31800 ns
[435.932s][info ][safepoint      ] Safepoint "Cleanup", Time since last: 11000676408 ns, Reaching safepoint: 38201 ns, At safepoint: 6100 ns, Total: 44301 ns
[438.933s][info ][safepoint      ] Safepoint "Cleanup", Time since last: 3000243684 ns, Reaching safepoint: 66800 ns, At safepoint: 6000 ns, Total: 72800 ns
[440.933s][info ][safepoint      ] Safepoint "Cleanup", Time since last: 2000188186 ns, Reaching safepoint: 48100 ns, At safepoint: 4400 ns, Total: 52500 ns
[441.465s][info ][gc,start       ] GC(37) Pause Young (Allocation Failure)
[441.467s][debug][gc,phases      ] GC(37) Scavenge 1.515ms
[441.467s][debug][gc,ref         ] GC(37) Skipped phase 1 of Reference Processing: no references
[441.467s][debug][gc,ref         ] GC(37) ReferenceProcessor::execute queues: 1, RefProcThreadModel::Single, marks_oops_alive: false
[441.467s][debug][gc,ref         ] GC(37) Skipped phase 3 of Reference Processing: no references
[441.467s][debug][gc,ref         ] GC(37) ReferenceProcessor::execute queues: 1, RefProcThreadModel::Single, marks_oops_alive: false
[441.467s][debug][gc,phases      ] GC(37) Reference Processing 0.088ms
[441.467s][debug][gc,phases      ] GC(37)   VM Weak                        Min:  0.0, Avg:  0.0, Max:  0.0, Diff:  0.0, Sum:  0.0, Workers: 4
[441.467s][debug][gc,phases      ] GC(37)     Dead                           Min: 0, Avg:  0.0, Max: 0, Diff: 0, Sum: 0, Workers: 4
[441.467s][debug][gc,phases      ] GC(37)     Total                          Min: 0, Avg: 186.2, Max: 410, Diff: 410, Sum: 745, Workers: 4
[441.467s][debug][gc,phases      ] GC(37)   ObjectSynchronizer Weak        Min:  0.0, Avg:  0.0, Max:  0.0, Diff:  0.0, Sum:  0.0, Workers: 4
[441.467s][debug][gc,phases      ] GC(37)     Dead                           Min: 0, Avg:  0.0, Max: 0, Diff: 0, Sum: 0, Workers: 4
[441.467s][debug][gc,phases      ] GC(37)     Total                          Min: 0, Avg: 197.8, Max: 343, Diff: 343, Sum: 791, Workers: 4
[441.467s][debug][gc,phases      ] GC(37)   JVMTI Tag Weak OopStorage      Min:  0.0, Avg:  0.0, Max:  0.0, Diff:  0.0, Sum:  0.0, Workers: 4
[441.467s][debug][gc,phases      ] GC(37)     Dead                           Min: 0, Avg:  0.0, Max: 0, Diff: 0, Sum: 0, Workers: 4
[441.467s][debug][gc,phases      ] GC(37)     Total                          Min: 0, Avg:  0.0, Max: 0, Diff: 0, Sum: 0, Workers: 4
[441.467s][debug][gc,phases      ] GC(37)   StringTable Weak               Min:  0.1, Avg:  0.1, Max:  0.1, Diff:  0.0, Sum:  0.4, Workers: 4
[441.467s][debug][gc,phases      ] GC(37)     Dead                           Min: 0, Avg:  0.0, Max: 0, Diff: 0, Sum: 0, Workers: 4
[441.467s][debug][gc,phases      ] GC(37)     Total                          Min: 8576, Avg: 12392.2, Max: 14208, Diff: 5632, Sum: 49569, Workers: 4
[441.467s][debug][gc,phases      ] GC(37)   ResolvedMethodTable Weak       Min:  0.0, Avg:  0.0, Max:  0.0, Diff:  0.0, Sum:  0.1, Workers: 4
[441.467s][debug][gc,phases      ] GC(37)     Dead                           Min: 0, Avg:  0.0, Max: 0, Diff: 0, Sum: 0, Workers: 4
[441.467s][debug][gc,phases      ] GC(37)     Total                          Min: 1792, Avg: 2194.0, Max: 2440, Diff: 648, Sum: 8776, Workers: 4
[441.467s][debug][gc,phases      ] GC(37)   JNI Weak                       Min:  0.0, Avg:  0.0, Max:  0.0, Diff:  0.0, Sum:  0.0, Workers: 4
[441.467s][debug][gc,phases      ] GC(37)     Dead                           Min: 0, Avg:  0.0, Max: 0, Diff: 0, Sum: 0, Workers: 4
[441.467s][debug][gc,phases      ] GC(37)     Total                          Min: 0, Avg:  0.0, Max: 0, Diff: 0, Sum: 0, Workers: 4
[441.467s][debug][gc,phases      ] GC(37)   StringDedup Table Weak         Min:  0.0, Avg:  0.0, Max:  0.0, Diff:  0.0, Sum:  0.0, Workers: 4
[441.467s][debug][gc,phases      ] GC(37)     Dead                           Min: 0, Avg:  0.0, Max: 0, Diff: 0, Sum: 0, Workers: 4
[441.467s][debug][gc,phases      ] GC(37)     Total                          Min: 0, Avg:  0.0, Max: 0, Diff: 0, Sum: 0, Workers: 4
[441.467s][debug][gc,phases      ] GC(37)   StringDedup Requests0 Weak     Min:  0.0, Avg:  0.0, Max:  0.0, Diff:  0.0, Sum:  0.0, Workers: 4
[441.467s][debug][gc,phases      ] GC(37)     Dead                           Min: 0, Avg:  0.0, Max: 0, Diff: 0, Sum: 0, Workers: 4
[441.467s][debug][gc,phases      ] GC(37)     Total                          Min: 0, Avg:  0.0, Max: 0, Diff: 0, Sum: 0, Workers: 4
[441.467s][debug][gc,phases      ] GC(37)   StringDedup Requests1 Weak     Min:  0.0, Avg:  0.0, Max:  0.0, Diff:  0.0, Sum:  0.0, Workers: 4
[441.467s][debug][gc,phases      ] GC(37)     Dead                           Min: 0, Avg:  0.0, Max: 0, Diff: 0, Sum: 0, Workers: 4
[441.467s][debug][gc,phases      ] GC(37)     Total                          Min: 0, Avg:  0.0, Max: 0, Diff: 0, Sum: 0, Workers: 4
[441.467s][debug][gc,phases      ] GC(37)   Weak JFR Old Object Samples    Min:  0.0, Avg:  0.0, Max:  0.0, Diff:  0.0, Sum:  0.0, Workers: 4
[441.467s][debug][gc,phases      ] GC(37)     Dead                           Min: 0, Avg:  0.0, Max: 0, Diff: 0, Sum: 0, Workers: 4
[441.467s][debug][gc,phases      ] GC(37)     Total                          Min: 0, Avg:  0.0, Max: 0, Diff: 0, Sum: 0, Workers: 4
[441.467s][debug][gc,phases      ] GC(37) Weak Processing 0.276ms
[441.467s][debug][gc,age         ] GC(37) Desired survivor size 338165760 bytes, new threshold 10 (max threshold 15)
[441.467s][info ][gc,heap        ] GC(37) PSYoungGen: 1372624K(1745408K)->1776K(1722368K) Eden: 1370624K(1370624K)->0K(1370624K) From: 2000K(374784K)->1776K(351744K)
[441.467s][info ][gc,heap        ] GC(37) ParOldGen: 403239K(616960K)->403247K(616960K)
[441.467s][info ][gc,metaspace   ] GC(37) Metaspace: 85860K(86784K)->85860K(86784K) NonClass: 73666K(74176K)->73666K(74176K) Class: 12194K(12608K)->12194K(12608K)
[441.467s][info ][gc             ] GC(37) Pause Young (Allocation Failure) 1734M->395M(2284M) 1.966ms
[441.467s][info ][gc,cpu         ] GC(37) User=0.01s Sys=0.00s Real=0.00s
[441.467s][info ][safepoint      ] Safepoint "ParallelGCFailedAllocation", Time since last: 532579118 ns, Reaching safepoint: 29300 ns, At safepoint: 2033611 ns, Total: 2062911 ns
[445.468s][info ][safepoint      ] Safepoint "Cleanup", Time since last: 4000265959 ns, Reaching safepoint: 46500 ns, At safepoint: 5300 ns, Total: 51800 ns
[455.468s][info ][safepoint      ] Safepoint "Cleanup", Time since last: 10000564437 ns, Reaching safepoint: 49200 ns, At safepoint: 9900 ns, Total: 59100 ns
[468.469s][info ][safepoint      ] Safepoint "Cleanup", Time since last: 13000816766 ns, Reaching safepoint: 46600 ns, At safepoint: 7500 ns, Total: 54100 ns
[469.469s][info ][safepoint      ] Safepoint "Cleanup", Time since last: 1000104969 ns, Reaching safepoint: 143401 ns, At safepoint: 15700 ns, Total: 159101 ns
[469.945s][info ][gc,heap,exit   ] Heap
[469.945s][info ][gc,heap,exit   ]  PSYoungGen      total 1722368K, used 1284768K [0x0000000780000000, 0x0000000800000000, 0x0000000800000000)
[469.945s][info ][gc,heap,exit   ]   eden space 1370624K, 93% used [0x0000000780000000,0x00000007ce4ec048,0x00000007d3a80000)
[469.945s][info ][gc,heap,exit   ]   from space 351744K, 0% used [0x00000007d3a80000,0x00000007d3c3c0b8,0x00000007e9200000)
[469.945s][info ][gc,heap,exit   ]   to   space 330240K, 0% used [0x00000007ebd80000,0x00000007ebd80000,0x0000000800000000)
[469.945s][info ][gc,heap,exit   ]  ParOldGen       total 616960K, used 403247K [0x0000000740000000, 0x0000000765a80000, 0x0000000780000000)
[469.945s][info ][gc,heap,exit   ]   object space 616960K, 65% used [0x0000000740000000,0x00000007589cbc80,0x0000000765a80000)
[469.945s][info ][gc,heap,exit   ]  Metaspace       used 85940K, committed 86848K, reserved 1130496K
[469.945s][info ][gc,heap,exit   ]   class space    used 12200K, committed 12608K, reserved 1048576K
