[0.003s][info][gc] Using Parallel
[0.006s][info][gc,init] Version: 17.0.3+7-LTS (release)
[0.006s][info][gc,init] CPUs: 8 total, 8 available
[0.006s][info][gc,init] Memory: 32112M
[0.006s][info][gc,init] Large Page Support: Disabled
[0.006s][info][gc,init] NUMA Support: Disabled
[0.006s][info][gc,init] Compressed Oops: Enabled (Zero based)
[0.006s][info][gc,init] Alignments: Space 512K, Generation 512K, Heap 2M
[0.006s][info][gc,init] Heap Min Capacity: 2054M
[0.006s][info][gc,init] Heap Initial Capacity: 2054M
[0.006s][info][gc,init] Heap Max Capacity: 3G
[0.006s][info][gc,init] Pre-touch: Disabled
[0.006s][info][gc,init] Parallel Workers: 4
[0.006s][info][gc,metaspace] CDS archive(s) not mapped
[0.006s][info][gc,metaspace] Compressed class space mapped at: 0x0000000800000000-0x0000000840000000, reserved size: 1073741824
[0.006s][info][gc,metaspace] Narrow klass base: 0x0000000800000000, Narrow klass shift: 0, Narrow klass range: 0x40000000
[0.710s][info][safepoint   ] Safepoint "ICBufferFull", Time since last: 683606842 ns, Reaching safepoint: 129705 ns, At safepoint: 10300 ns, Total: 140005 ns
[0.980s][info][safepoint   ] Safepoint "ICBufferFull", Time since last: 269805556 ns, Reaching safepoint: 203608 ns, At safepoint: 4300 ns, Total: 207908 ns
[1.131s][info][gc,start    ] GC(0) Pause Young (Metadata GC Threshold)
[1.139s][debug][gc,phases   ] GC(0) Scavenge 7.846ms
[1.139s][debug][gc,ref      ] GC(0) Skipped phase 1 of Reference Processing: no references
[1.140s][debug][gc,ref      ] GC(0) ReferenceProcessor::execute queues: 1, RefProcThreadModel::Single, marks_oops_alive: false
[1.140s][debug][gc,ref      ] GC(0) Skipped phase 3 of Reference Processing: no references
[1.140s][debug][gc,ref      ] GC(0) ReferenceProcessor::execute queues: 1, RefProcThreadModel::Single, marks_oops_alive: false
[1.140s][debug][gc,phases   ] GC(0) Reference Processing 0.225ms
[1.140s][debug][gc,phases   ] GC(0)   VM Weak                        Min:  0.0, Avg:  0.0, Max:  0.0, Diff:  0.0, Sum:  0.0, Workers: 4
[1.140s][debug][gc,phases   ] GC(0)     Dead                           Min: 0, Avg:  0.0, Max: 0, Diff: 0, Sum: 0, Workers: 4
[1.140s][debug][gc,phases   ] GC(0)     Total                          Min: 0, Avg: 26.8, Max: 107, Diff: 107, Sum: 107, Workers: 4
[1.140s][debug][gc,phases   ] GC(0)   ObjectSynchronizer Weak        Min:  0.0, Avg:  0.0, Max:  0.0, Diff:  0.0, Sum:  0.0, Workers: 4
[1.140s][debug][gc,phases   ] GC(0)     Dead                           Min: 0, Avg:  0.2, Max: 1, Diff: 1, Sum: 1, Workers: 4
[1.140s][debug][gc,phases   ] GC(0)     Total                          Min: 0, Avg:  1.0, Max: 4, Diff: 4, Sum: 4, Workers: 4
[1.140s][debug][gc,phases   ] GC(0)   JVMTI Tag Weak OopStorage      Min:  0.0, Avg:  0.0, Max:  0.0, Diff:  0.0, Sum:  0.0, Workers: 4
[1.140s][debug][gc,phases   ] GC(0)     Dead                           Min: 0, Avg:  0.0, Max: 0, Diff: 0, Sum: 0, Workers: 4
[1.140s][debug][gc,phases   ] GC(0)     Total                          Min: 0, Avg:  0.0, Max: 0, Diff: 0, Sum: 0, Workers: 4
[1.140s][debug][gc,phases   ] GC(0)   StringTable Weak               Min:  0.1, Avg:  0.1, Max:  0.1, Diff:  0.0, Sum:  0.3, Workers: 4
[1.140s][debug][gc,phases   ] GC(0)     Dead                           Min: 3, Avg:  6.5, Max: 13, Diff: 10, Sum: 26, Workers: 4
[1.140s][debug][gc,phases   ] GC(0)     Total                          Min: 2304, Avg: 2854.5, Max: 3418, Diff: 1114, Sum: 11418, Workers: 4
[1.140s][debug][gc,phases   ] GC(0)   ResolvedMethodTable Weak       Min:  0.0, Avg:  0.0, Max:  0.0, Diff:  0.0, Sum:  0.0, Workers: 4
[1.140s][debug][gc,phases   ] GC(0)     Dead                           Min: 0, Avg:  6.8, Max: 14, Diff: 14, Sum: 27, Workers: 4
[1.140s][debug][gc,phases   ] GC(0)     Total                          Min: 128, Avg: 172.5, Max: 192, Diff: 64, Sum: 690, Workers: 4
[1.140s][debug][gc,phases   ] GC(0)   JNI Weak                       Min:  0.0, Avg:  0.0, Max:  0.0, Diff:  0.0, Sum:  0.0, Workers: 4
[1.140s][debug][gc,phases   ] GC(0)     Dead                           Min: 0, Avg:  0.0, Max: 0, Diff: 0, Sum: 0, Workers: 4
[1.140s][debug][gc,phases   ] GC(0)     Total                          Min: 0, Avg:  0.0, Max: 0, Diff: 0, Sum: 0, Workers: 4
[1.140s][debug][gc,phases   ] GC(0)   StringDedup Table Weak         Min:  0.0, Avg:  0.0, Max:  0.0, Diff:  0.0, Sum:  0.0, Workers: 4
[1.140s][debug][gc,phases   ] GC(0)     Dead                           Min: 0, Avg:  0.0, Max: 0, Diff: 0, Sum: 0, Workers: 4
[1.140s][debug][gc,phases   ] GC(0)     Total                          Min: 0, Avg:  0.0, Max: 0, Diff: 0, Sum: 0, Workers: 4
[1.140s][debug][gc,phases   ] GC(0)   StringDedup Requests0 Weak     Min:  0.0, Avg:  0.0, Max:  0.0, Diff:  0.0, Sum:  0.0, Workers: 4
[1.140s][debug][gc,phases   ] GC(0)     Dead                           Min: 0, Avg:  0.0, Max: 0, Diff: 0, Sum: 0, Workers: 4
[1.140s][debug][gc,phases   ] GC(0)     Total                          Min: 0, Avg:  0.0, Max: 0, Diff: 0, Sum: 0, Workers: 4
[1.140s][debug][gc,phases   ] GC(0)   StringDedup Requests1 Weak     Min:  0.0, Avg:  0.0, Max:  0.0, Diff:  0.0, Sum:  0.0, Workers: 4
[1.140s][debug][gc,phases   ] GC(0)     Dead                           Min: 0, Avg:  0.0, Max: 0, Diff: 0, Sum: 0, Workers: 4
[1.140s][debug][gc,phases   ] GC(0)     Total                          Min: 0, Avg:  0.0, Max: 0, Diff: 0, Sum: 0, Workers: 4
[1.140s][debug][gc,phases   ] GC(0)   Weak JFR Old Object Samples    Min:  0.0, Avg:  0.0, Max:  0.0, Diff:  0.0, Sum:  0.0, Workers: 4
[1.140s][debug][gc,phases   ] GC(0)     Dead                           Min: 0, Avg:  0.0, Max: 0, Diff: 0, Sum: 0, Workers: 4
[1.140s][debug][gc,phases   ] GC(0)     Total                          Min: 0, Avg:  0.0, Max: 0, Diff: 0, Sum: 0, Workers: 4
[1.140s][debug][gc,phases   ] GC(0) Weak Processing 0.266ms
[1.140s][debug][gc,age      ] GC(0) Desired survivor size 536870912 bytes, new threshold 7 (max threshold 15)
[1.140s][info ][gc,heap     ] GC(0) PSYoungGen: 209716K(1572864K)->17331K(1572864K) Eden: 209716K(1048576K)->0K(1048576K) From: 0K(524288K)->17331K(524288K)
[1.140s][info ][gc,heap     ] GC(0) ParOldGen: 0K(6144K)->88K(6144K)
[1.140s][info ][gc,metaspace] GC(0) Metaspace: 21255K(21504K)->21255K(21504K) NonClass: 18771K(18880K)->18771K(18880K) Class: 2484K(2624K)->2484K(2624K)
[1.140s][info ][gc          ] GC(0) Pause Young (Metadata GC Threshold) 204M->17M(1542M) 8.664ms
[1.140s][info ][gc,cpu      ] GC(0) User=0.04s Sys=0.00s Real=0.01s
[1.140s][debug][gc,phases   ] GC(1) Pre Compact 0.010ms
[1.140s][info ][gc,start    ] GC(1) Pause Full (Metadata GC Threshold)
[1.140s][info ][gc,phases,start] GC(1) Marking Phase
[1.145s][debug][gc,phases      ] GC(1) Par Mark 4.936ms
[1.145s][debug][gc,ref         ] GC(1) Skipped phase 1 of Reference Processing: no references
[1.145s][debug][gc,ref         ] GC(1) ReferenceProcessor::execute queues: 1, RefProcThreadModel::Single, marks_oops_alive: false
[1.145s][debug][gc,ref         ] GC(1) Skipped phase 3 of Reference Processing: no references
[1.145s][debug][gc,ref         ] GC(1) ReferenceProcessor::execute queues: 1, RefProcThreadModel::Single, marks_oops_alive: false
[1.145s][debug][gc,phases      ] GC(1) Reference Processing 0.057ms
[1.145s][debug][gc,phases      ] GC(1)   VM Weak                        Min:  0.0, Avg:  0.0, Max:  0.0, Diff:  0.0, Sum:  0.0, Workers: 4
[1.145s][debug][gc,phases      ] GC(1)     Dead                           Min: 0, Avg:  0.0, Max: 0, Diff: 0, Sum: 0, Workers: 4
[1.145s][debug][gc,phases      ] GC(1)     Total                          Min: 0, Avg: 26.8, Max: 107, Diff: 107, Sum: 107, Workers: 4
[1.145s][debug][gc,phases      ] GC(1)   ObjectSynchronizer Weak        Min:  0.0, Avg:  0.0, Max:  0.0, Diff:  0.0, Sum:  0.0, Workers: 4
[1.145s][debug][gc,phases      ] GC(1)     Dead                           Min: 0, Avg:  0.0, Max: 0, Diff: 0, Sum: 0, Workers: 4
[1.145s][debug][gc,phases      ] GC(1)     Total                          Min: 0, Avg:  1.0, Max: 4, Diff: 4, Sum: 4, Workers: 4
[1.145s][debug][gc,phases      ] GC(1)   JVMTI Tag Weak OopStorage      Min:  0.0, Avg:  0.0, Max:  0.0, Diff:  0.0, Sum:  0.0, Workers: 4
[1.145s][debug][gc,phases      ] GC(1)     Dead                           Min: 0, Avg:  0.0, Max: 0, Diff: 0, Sum: 0, Workers: 4
[1.145s][debug][gc,phases      ] GC(1)     Total                          Min: 0, Avg:  0.0, Max: 0, Diff: 0, Sum: 0, Workers: 4
[1.145s][debug][gc,phases      ] GC(1)   StringTable Weak               Min:  0.0, Avg:  0.0, Max:  0.0, Diff:  0.0, Sum:  0.1, Workers: 4
[1.145s][debug][gc,phases      ] GC(1)     Dead                           Min: 0, Avg:  0.0, Max: 0, Diff: 0, Sum: 0, Workers: 4
[1.145s][debug][gc,phases      ] GC(1)     Total                          Min: 2496, Avg: 2854.5, Max: 3354, Diff: 858, Sum: 11418, Workers: 4
[1.145s][debug][gc,phases      ] GC(1)   ResolvedMethodTable Weak       Min:  0.0, Avg:  0.0, Max:  0.0, Diff:  0.0, Sum:  0.0, Workers: 4
[1.145s][debug][gc,phases      ] GC(1)     Dead                           Min: 0, Avg:  0.0, Max: 0, Diff: 0, Sum: 0, Workers: 4
[1.145s][debug][gc,phases      ] GC(1)     Total                          Min: 0, Avg: 172.5, Max: 256, Diff: 256, Sum: 690, Workers: 4
[1.145s][debug][gc,phases      ] GC(1)   JNI Weak                       Min:  0.0, Avg:  0.0, Max:  0.0, Diff:  0.0, Sum:  0.0, Workers: 4
[1.145s][debug][gc,phases      ] GC(1)     Dead                           Min: 0, Avg:  0.0, Max: 0, Diff: 0, Sum: 0, Workers: 4
[1.145s][debug][gc,phases      ] GC(1)     Total                          Min: 0, Avg:  0.0, Max: 0, Diff: 0, Sum: 0, Workers: 4
[1.145s][debug][gc,phases      ] GC(1)   StringDedup Table Weak         Min:  0.0, Avg:  0.0, Max:  0.0, Diff:  0.0, Sum:  0.0, Workers: 4
[1.145s][debug][gc,phases      ] GC(1)     Dead                           Min: 0, Avg:  0.0, Max: 0, Diff: 0, Sum: 0, Workers: 4
[1.145s][debug][gc,phases      ] GC(1)     Total                          Min: 0, Avg:  0.0, Max: 0, Diff: 0, Sum: 0, Workers: 4
[1.145s][debug][gc,phases      ] GC(1)   StringDedup Requests0 Weak     Min:  0.0, Avg:  0.0, Max:  0.0, Diff:  0.0, Sum:  0.0, Workers: 4
[1.145s][debug][gc,phases      ] GC(1)     Dead                           Min: 0, Avg:  0.0, Max: 0, Diff: 0, Sum: 0, Workers: 4
[1.145s][debug][gc,phases      ] GC(1)     Total                          Min: 0, Avg:  0.0, Max: 0, Diff: 0, Sum: 0, Workers: 4
[1.145s][debug][gc,phases      ] GC(1)   StringDedup Requests1 Weak     Min:  0.0, Avg:  0.0, Max:  0.0, Diff:  0.0, Sum:  0.0, Workers: 4
[1.145s][debug][gc,phases      ] GC(1)     Dead                           Min: 0, Avg:  0.0, Max: 0, Diff: 0, Sum: 0, Workers: 4
[1.145s][debug][gc,phases      ] GC(1)     Total                          Min: 0, Avg:  0.0, Max: 0, Diff: 0, Sum: 0, Workers: 4
[1.145s][debug][gc,phases      ] GC(1)   Weak JFR Old Object Samples    Min:  0.0, Avg:  0.0, Max:  0.0, Diff:  0.0, Sum:  0.0, Workers: 4
[1.145s][debug][gc,phases      ] GC(1)     Dead                           Min: 0, Avg:  0.0, Max: 0, Diff: 0, Sum: 0, Workers: 4
[1.145s][debug][gc,phases      ] GC(1)     Total                          Min: 0, Avg:  0.0, Max: 0, Diff: 0, Sum: 0, Workers: 4
[1.145s][debug][gc,phases      ] GC(1) Weak Processing 0.223ms
[1.145s][debug][gc,phases      ] GC(1) ClassLoaderData 0.013ms
[1.145s][debug][gc,phases      ] GC(1) Trigger cleanups 0.000ms
[1.147s][debug][gc,phases      ] GC(1) Class Unloading 1.946ms
[1.147s][info ][gc,phases      ] GC(1) Marking Phase 7.236ms
[1.147s][info ][gc,phases,start] GC(1) Summary Phase
[1.147s][info ][gc,phases      ] GC(1) Summary Phase 0.005ms
[1.147s][info ][gc,phases,start] GC(1) Adjust Roots
[1.150s][info ][gc,phases      ] GC(1) Adjust Roots 2.773ms
[1.150s][info ][gc,phases,start] GC(1) Compaction Phase
[1.160s][info ][gc,phases      ] GC(1) Compaction Phase 9.740ms
[1.160s][info ][gc,phases,start] GC(1) Post Compact
[1.160s][info ][gc,phases      ] GC(1) Post Compact 0.520ms
[1.160s][info ][gc,heap        ] GC(1) PSYoungGen: 17331K(1572864K)->10563K(1572864K) Eden: 0K(1048576K)->0K(1048576K) From: 17331K(524288K)->10563K(524288K)
[1.160s][info ][gc,heap        ] GC(1) ParOldGen: 88K(6144K)->5665K(6144K)
[1.160s][info ][gc,metaspace   ] GC(1) Metaspace: 21255K(21504K)->21255K(21504K) NonClass: 18771K(18880K)->18771K(18880K) Class: 2484K(2624K)->2484K(2624K)
[1.160s][info ][gc             ] GC(1) Pause Full (Metadata GC Threshold) 17M->15M(1542M) 20.397ms
[1.160s][info ][gc,cpu         ] GC(1) User=0.07s Sys=0.00s Real=0.02s
[1.160s][info ][safepoint      ] Safepoint "CollectForMetadataAllocation", Time since last: 150845890 ns, Reaching safepoint: 154106 ns, At safepoint: 29201421 ns, Total: 29355527 ns
[1.589s][info ][safepoint      ] Safepoint "ICBufferFull", Time since last: 428733754 ns, Reaching safepoint: 136505 ns, At safepoint: 5101 ns, Total: 141606 ns
[1.606s][info ][safepoint      ] Safepoint "ICBufferFull", Time since last: 17027653 ns, Reaching safepoint: 29701 ns, At safepoint: 2900 ns, Total: 32601 ns
[1.620s][info ][safepoint      ] Safepoint "ICBufferFull", Time since last: 13903134 ns, Reaching safepoint: 65402 ns, At safepoint: 2300 ns, Total: 67702 ns
[1.626s][info ][safepoint      ] Safepoint "ICBufferFull", Time since last: 5855025 ns, Reaching safepoint: 54502 ns, At safepoint: 2100 ns, Total: 56602 ns
[1.632s][info ][safepoint      ] Safepoint "ICBufferFull", Time since last: 6109935 ns, Reaching safepoint: 54302 ns, At safepoint: 5300 ns, Total: 59602 ns
[1.636s][info ][safepoint      ] Safepoint "ICBufferFull", Time since last: 3186522 ns, Reaching safepoint: 50002 ns, At safepoint: 5600 ns, Total: 55602 ns
[1.639s][info ][safepoint      ] Safepoint "ICBufferFull", Time since last: 2889111 ns, Reaching safepoint: 36202 ns, At safepoint: 6200 ns, Total: 42402 ns
[1.641s][info ][safepoint      ] Safepoint "ICBufferFull", Time since last: 2788307 ns, Reaching safepoint: 22501 ns, At safepoint: 5900 ns, Total: 28401 ns
[1.645s][info ][safepoint      ] Safepoint "ICBufferFull", Time since last: 3039517 ns, Reaching safepoint: 52802 ns, At safepoint: 2200 ns, Total: 55002 ns
[1.649s][info ][safepoint      ] Safepoint "ICBufferFull", Time since last: 3999053 ns, Reaching safepoint: 56902 ns, At safepoint: 5801 ns, Total: 62703 ns
[1.651s][info ][safepoint      ] Safepoint "ICBufferFull", Time since last: 2009077 ns, Reaching safepoint: 33201 ns, At safepoint: 2000 ns, Total: 35201 ns
[1.654s][info ][safepoint      ] Safepoint "ICBufferFull", Time since last: 3370129 ns, Reaching safepoint: 92904 ns, At safepoint: 7500 ns, Total: 100404 ns
[1.656s][info ][safepoint      ] Safepoint "ICBufferFull", Time since last: 1657064 ns, Reaching safepoint: 17901 ns, At safepoint: 7400 ns, Total: 25301 ns
[1.658s][info ][safepoint      ] Safepoint "ICBufferFull", Time since last: 1929274 ns, Reaching safepoint: 19701 ns, At safepoint: 6600 ns, Total: 26301 ns
[1.664s][info ][safepoint      ] Safepoint "ICBufferFull", Time since last: 6216838 ns, Reaching safepoint: 112805 ns, At safepoint: 4900 ns, Total: 117705 ns
[1.665s][info ][safepoint      ] Safepoint "ICBufferFull", Time since last: 507719 ns, Reaching safepoint: 19901 ns, At safepoint: 1200 ns, Total: 21101 ns
[1.671s][info ][safepoint      ] Safepoint "ICBufferFull", Time since last: 6607054 ns, Reaching safepoint: 117004 ns, At safepoint: 9601 ns, Total: 126605 ns
[1.724s][info ][safepoint      ] Safepoint "ICBufferFull", Time since last: 52683921 ns, Reaching safepoint: 68803 ns, At safepoint: 7600 ns, Total: 76403 ns
[1.725s][info ][safepoint      ] Safepoint "ICBufferFull", Time since last: 1280649 ns, Reaching safepoint: 33902 ns, At safepoint: 900 ns, Total: 34802 ns
[1.726s][info ][safepoint      ] Safepoint "ICBufferFull", Time since last: 814331 ns, Reaching safepoint: 17001 ns, At safepoint: 900 ns, Total: 17901 ns
[1.727s][info ][safepoint      ] Safepoint "ICBufferFull", Time since last: 1062240 ns, Reaching safepoint: 16001 ns, At safepoint: 1000 ns, Total: 17001 ns
[1.728s][info ][safepoint      ] Safepoint "ICBufferFull", Time since last: 795931 ns, Reaching safepoint: 85703 ns, At safepoint: 6900 ns, Total: 92603 ns
[1.729s][info ][safepoint      ] Safepoint "ICBufferFull", Time since last: 1099642 ns, Reaching safepoint: 31502 ns, At safepoint: 4500 ns, Total: 36002 ns
[1.730s][info ][safepoint      ] Safepoint "ICBufferFull", Time since last: 806031 ns, Reaching safepoint: 30401 ns, At safepoint: 1000 ns, Total: 31401 ns
[1.731s][info ][safepoint      ] Safepoint "ICBufferFull", Time since last: 1151844 ns, Reaching safepoint: 16601 ns, At safepoint: 900 ns, Total: 17501 ns
[1.732s][info ][safepoint      ] Safepoint "ICBufferFull", Time since last: 788730 ns, Reaching safepoint: 18501 ns, At safepoint: 1500 ns, Total: 20001 ns
[1.733s][info ][safepoint      ] Safepoint "ICBufferFull", Time since last: 1045240 ns, Reaching safepoint: 20301 ns, At safepoint: 1900 ns, Total: 22201 ns
[1.734s][info ][safepoint      ] Safepoint "ICBufferFull", Time since last: 771829 ns, Reaching safepoint: 18401 ns, At safepoint: 1400 ns, Total: 19801 ns
[1.735s][info ][safepoint      ] Safepoint "ICBufferFull", Time since last: 1168145 ns, Reaching safepoint: 19301 ns, At safepoint: 1500 ns, Total: 20801 ns
[1.736s][info ][safepoint      ] Safepoint "ICBufferFull", Time since last: 1045240 ns, Reaching safepoint: 90603 ns, At safepoint: 5401 ns, Total: 96004 ns
[1.737s][info ][safepoint      ] Safepoint "ICBufferFull", Time since last: 493419 ns, Reaching safepoint: 86403 ns, At safepoint: 4300 ns, Total: 90703 ns
[1.740s][info ][safepoint      ] Safepoint "ICBufferFull", Time since last: 3437132 ns, Reaching safepoint: 49402 ns, At safepoint: 5000 ns, Total: 54402 ns
[1.749s][info ][safepoint      ] Safepoint "ICBufferFull", Time since last: 8428023 ns, Reaching safepoint: 47102 ns, At safepoint: 2000 ns, Total: 49102 ns
[1.757s][info ][safepoint      ] Safepoint "ICBufferFull", Time since last: 8439024 ns, Reaching safepoint: 43202 ns, At safepoint: 7200 ns, Total: 50402 ns
[1.774s][info ][safepoint      ] Safepoint "ICBufferFull", Time since last: 16312426 ns, Reaching safepoint: 44802 ns, At safepoint: 1700 ns, Total: 46502 ns
[1.807s][info ][safepoint      ] Safepoint "ICBufferFull", Time since last: 33101170 ns, Reaching safepoint: 73703 ns, At safepoint: 5300 ns, Total: 79003 ns
[1.809s][info ][safepoint      ] Safepoint "ICBufferFull", Time since last: 1525259 ns, Reaching safepoint: 32301 ns, At safepoint: 1300 ns, Total: 33601 ns
[1.812s][info ][safepoint      ] Safepoint "ICBufferFull", Time since last: 3270025 ns, Reaching safepoint: 33002 ns, At safepoint: 2100 ns, Total: 35102 ns
[1.814s][info ][safepoint      ] Safepoint "ICBufferFull", Time since last: 1918573 ns, Reaching safepoint: 105604 ns, At safepoint: 5101 ns, Total: 110705 ns
[1.863s][info ][safepoint      ] Safepoint "ICBufferFull", Time since last: 48683568 ns, Reaching safepoint: 53602 ns, At safepoint: 3000 ns, Total: 56602 ns
[1.865s][info ][safepoint      ] Safepoint "ICBufferFull", Time since last: 2561798 ns, Reaching safepoint: 42102 ns, At safepoint: 1500 ns, Total: 43602 ns
[1.866s][info ][safepoint      ] Safepoint "ICBufferFull", Time since last: 1135544 ns, Reaching safepoint: 30701 ns, At safepoint: 1000 ns, Total: 31701 ns
[1.868s][info ][safepoint      ] Safepoint "ICBufferFull", Time since last: 1873772 ns, Reaching safepoint: 15300 ns, At safepoint: 1000 ns, Total: 16300 ns
[1.869s][info ][safepoint      ] Safepoint "ICBufferFull", Time since last: 1076042 ns, Reaching safepoint: 15500 ns, At safepoint: 1200 ns, Total: 16700 ns
[1.871s][info ][safepoint      ] Safepoint "ICBufferFull", Time since last: 1905073 ns, Reaching safepoint: 19101 ns, At safepoint: 5400 ns, Total: 24501 ns
[1.873s][info ][safepoint      ] Safepoint "ICBufferFull", Time since last: 1638463 ns, Reaching safepoint: 16001 ns, At safepoint: 1100 ns, Total: 17101 ns
[1.874s][info ][safepoint      ] Safepoint "ICBufferFull", Time since last: 1024639 ns, Reaching safepoint: 17201 ns, At safepoint: 1300 ns, Total: 18501 ns
[1.874s][info ][safepoint      ] Safepoint "ICBufferFull", Time since last: 481118 ns, Reaching safepoint: 16301 ns, At safepoint: 900 ns, Total: 17201 ns
[1.875s][info ][safepoint      ] Safepoint "ICBufferFull", Time since last: 848033 ns, Reaching safepoint: 14700 ns, At safepoint: 1100 ns, Total: 15800 ns
[1.877s][info ][safepoint      ] Safepoint "ICBufferFull", Time since last: 2145782 ns, Reaching safepoint: 15201 ns, At safepoint: 1000 ns, Total: 16201 ns
[1.878s][info ][safepoint      ] Safepoint "ICBufferFull", Time since last: 838132 ns, Reaching safepoint: 13001 ns, At safepoint: 900 ns, Total: 13901 ns
[1.879s][info ][safepoint      ] Safepoint "ICBufferFull", Time since last: 785330 ns, Reaching safepoint: 17501 ns, At safepoint: 1100 ns, Total: 18601 ns
[1.880s][info ][safepoint      ] Safepoint "ICBufferFull", Time since last: 776729 ns, Reaching safepoint: 20901 ns, At safepoint: 1700 ns, Total: 22601 ns
[1.881s][info ][safepoint      ] Safepoint "ICBufferFull", Time since last: 795431 ns, Reaching safepoint: 13300 ns, At safepoint: 900 ns, Total: 14200 ns
[1.883s][info ][safepoint      ] Safepoint "ICBufferFull", Time since last: 1874872 ns, Reaching safepoint: 15801 ns, At safepoint: 1200 ns, Total: 17001 ns
[1.885s][info ][safepoint      ] Safepoint "ICBufferFull", Time since last: 2058679 ns, Reaching safepoint: 24001 ns, At safepoint: 6600 ns, Total: 30601 ns
[1.886s][info ][safepoint      ] Safepoint "ICBufferFull", Time since last: 1136944 ns, Reaching safepoint: 63002 ns, At safepoint: 1500 ns, Total: 64502 ns
[1.887s][info ][safepoint      ] Safepoint "ICBufferFull", Time since last: 1016939 ns, Reaching safepoint: 17001 ns, At safepoint: 1500 ns, Total: 18501 ns
[1.889s][info ][safepoint      ] Safepoint "ICBufferFull", Time since last: 2299188 ns, Reaching safepoint: 23001 ns, At safepoint: 1900 ns, Total: 24901 ns
[1.891s][info ][safepoint      ] Safepoint "ICBufferFull", Time since last: 1688665 ns, Reaching safepoint: 22001 ns, At safepoint: 1900 ns, Total: 23901 ns
[1.899s][info ][safepoint      ] Safepoint "ICBufferFull", Time since last: 8027508 ns, Reaching safepoint: 53302 ns, At safepoint: 3400 ns, Total: 56702 ns
[1.900s][info ][safepoint      ] Safepoint "ICBufferFull", Time since last: 1321351 ns, Reaching safepoint: 19501 ns, At safepoint: 1500 ns, Total: 21001 ns
[1.903s][info ][safepoint      ] Safepoint "ICBufferFull", Time since last: 2707804 ns, Reaching safepoint: 43201 ns, At safepoint: 2200 ns, Total: 45401 ns
[1.905s][info ][safepoint      ] Safepoint "ICBufferFull", Time since last: 1825470 ns, Reaching safepoint: 37802 ns, At safepoint: 1400 ns, Total: 39202 ns
[1.907s][info ][safepoint      ] Safepoint "ICBufferFull", Time since last: 1764168 ns, Reaching safepoint: 32901 ns, At safepoint: 1300 ns, Total: 34201 ns
[1.909s][info ][safepoint      ] Safepoint "ICBufferFull", Time since last: 1805869 ns, Reaching safepoint: 18101 ns, At safepoint: 1000 ns, Total: 19101 ns
[1.910s][info ][safepoint      ] Safepoint "ICBufferFull", Time since last: 1629162 ns, Reaching safepoint: 17401 ns, At safepoint: 1100 ns, Total: 18501 ns
[1.912s][info ][safepoint      ] Safepoint "ICBufferFull", Time since last: 1597461 ns, Reaching safepoint: 16901 ns, At safepoint: 800 ns, Total: 17701 ns
[1.912s][info ][safepoint      ] Safepoint "ICBufferFull", Time since last: 492519 ns, Reaching safepoint: 16401 ns, At safepoint: 800 ns, Total: 17201 ns
[1.914s][info ][safepoint      ] Safepoint "ICBufferFull", Time since last: 1624162 ns, Reaching safepoint: 19201 ns, At safepoint: 1800 ns, Total: 21001 ns
[1.917s][info ][safepoint      ] Safepoint "ICBufferFull", Time since last: 2903511 ns, Reaching safepoint: 37902 ns, At safepoint: 2200 ns, Total: 40102 ns
[1.919s][info ][safepoint      ] Safepoint "ICBufferFull", Time since last: 1538659 ns, Reaching safepoint: 28201 ns, At safepoint: 1100 ns, Total: 29301 ns
[1.920s][info ][safepoint      ] Safepoint "ICBufferFull", Time since last: 1459056 ns, Reaching safepoint: 30201 ns, At safepoint: 1400 ns, Total: 31601 ns
[1.923s][info ][safepoint      ] Safepoint "ICBufferFull", Time since last: 2746505 ns, Reaching safepoint: 34502 ns, At safepoint: 1800 ns, Total: 36302 ns
[1.924s][info ][safepoint      ] Safepoint "ICBufferFull", Time since last: 613423 ns, Reaching safepoint: 27201 ns, At safepoint: 900 ns, Total: 28101 ns
[1.926s][info ][safepoint      ] Safepoint "ICBufferFull", Time since last: 2461895 ns, Reaching safepoint: 22501 ns, At safepoint: 1600 ns, Total: 24101 ns
[1.929s][info ][safepoint      ] Safepoint "ICBufferFull", Time since last: 2700904 ns, Reaching safepoint: 32701 ns, At safepoint: 1400 ns, Total: 34101 ns
[1.929s][info ][safepoint      ] Safepoint "ICBufferFull", Time since last: 490719 ns, Reaching safepoint: 15900 ns, At safepoint: 1100 ns, Total: 17000 ns
[1.939s][info ][safepoint      ] Safepoint "ICBufferFull", Time since last: 10087287 ns, Reaching safepoint: 41702 ns, At safepoint: 2500 ns, Total: 44202 ns
[1.941s][info ][safepoint      ] Safepoint "ICBufferFull", Time since last: 1280449 ns, Reaching safepoint: 19201 ns, At safepoint: 1100 ns, Total: 20301 ns
[1.943s][info ][safepoint      ] Safepoint "ICBufferFull", Time since last: 1860171 ns, Reaching safepoint: 26601 ns, At safepoint: 2501 ns, Total: 29102 ns
[1.945s][info ][safepoint      ] Safepoint "ICBufferFull", Time since last: 2190484 ns, Reaching safepoint: 31001 ns, At safepoint: 1700 ns, Total: 32701 ns
[1.945s][info ][safepoint      ] Safepoint "ICBufferFull", Time since last: 506519 ns, Reaching safepoint: 16801 ns, At safepoint: 1700 ns, Total: 18501 ns
[1.948s][info ][safepoint      ] Safepoint "ICBufferFull", Time since last: 2483495 ns, Reaching safepoint: 43602 ns, At safepoint: 1400 ns, Total: 45002 ns
[1.951s][info ][safepoint      ] Safepoint "ICBufferFull", Time since last: 2915612 ns, Reaching safepoint: 38001 ns, At safepoint: 1900 ns, Total: 39901 ns
[1.957s][info ][safepoint      ] Safepoint "ICBufferFull", Time since last: 5818624 ns, Reaching safepoint: 35401 ns, At safepoint: 2000 ns, Total: 37401 ns
[1.961s][info ][safepoint      ] Safepoint "ICBufferFull", Time since last: 4746882 ns, Reaching safepoint: 39702 ns, At safepoint: 1800 ns, Total: 41502 ns
[1.963s][info ][safepoint      ] Safepoint "ICBufferFull", Time since last: 1397454 ns, Reaching safepoint: 23300 ns, At safepoint: 800 ns, Total: 24100 ns
[1.963s][info ][safepoint      ] Safepoint "ICBufferFull", Time since last: 474919 ns, Reaching safepoint: 25601 ns, At safepoint: 700 ns, Total: 26301 ns
[1.967s][info ][safepoint      ] Safepoint "ICBufferFull", Time since last: 3402630 ns, Reaching safepoint: 30001 ns, At safepoint: 1500 ns, Total: 31501 ns
[1.968s][info ][safepoint      ] Safepoint "ICBufferFull", Time since last: 1033940 ns, Reaching safepoint: 28801 ns, At safepoint: 1200 ns, Total: 30001 ns
[1.971s][info ][safepoint      ] Safepoint "ICBufferFull", Time since last: 3108820 ns, Reaching safepoint: 31601 ns, At safepoint: 1400 ns, Total: 33001 ns
[1.972s][info ][safepoint      ] Safepoint "ICBufferFull", Time since last: 494119 ns, Reaching safepoint: 46302 ns, At safepoint: 1800 ns, Total: 48102 ns
[1.973s][info ][safepoint      ] Safepoint "ICBufferFull", Time since last: 1856671 ns, Reaching safepoint: 60702 ns, At safepoint: 2000 ns, Total: 62702 ns
[1.976s][info ][safepoint      ] Safepoint "ICBufferFull", Time since last: 2199885 ns, Reaching safepoint: 42801 ns, At safepoint: 2100 ns, Total: 44901 ns
[1.976s][info ][safepoint      ] Safepoint "ICBufferFull", Time since last: 523121 ns, Reaching safepoint: 21400 ns, At safepoint: 1500 ns, Total: 22900 ns
[1.980s][info ][safepoint      ] Safepoint "ICBufferFull", Time since last: 3686742 ns, Reaching safepoint: 32401 ns, At safepoint: 1700 ns, Total: 34101 ns
[1.981s][info ][safepoint      ] Safepoint "ICBufferFull", Time since last: 501219 ns, Reaching safepoint: 17701 ns, At safepoint: 1000 ns, Total: 18701 ns
[1.997s][info ][safepoint      ] Safepoint "ICBufferFull", Time since last: 16052616 ns, Reaching safepoint: 56102 ns, At safepoint: 2900 ns, Total: 59002 ns
[2.013s][info ][safepoint      ] Safepoint "ICBufferFull", Time since last: 16718942 ns, Reaching safepoint: 52802 ns, At safepoint: 2100 ns, Total: 54902 ns
[2.014s][info ][safepoint      ] Safepoint "ICBufferFull", Time since last: 841332 ns, Reaching safepoint: 28101 ns, At safepoint: 801 ns, Total: 28902 ns
[2.015s][info ][safepoint      ] Safepoint "ICBufferFull", Time since last: 1122643 ns, Reaching safepoint: 13100 ns, At safepoint: 700 ns, Total: 13800 ns
[2.016s][info ][safepoint      ] Safepoint "ICBufferFull", Time since last: 883234 ns, Reaching safepoint: 17901 ns, At safepoint: 1200 ns, Total: 19101 ns
[2.017s][info ][safepoint      ] Safepoint "ICBufferFull", Time since last: 776730 ns, Reaching safepoint: 12100 ns, At safepoint: 600 ns, Total: 12700 ns
[2.019s][info ][safepoint      ] Safepoint "ICBufferFull", Time since last: 1895773 ns, Reaching safepoint: 22301 ns, At safepoint: 3700 ns, Total: 26001 ns
[2.021s][info ][safepoint      ] Safepoint "ICBufferFull", Time since last: 2112081 ns, Reaching safepoint: 28201 ns, At safepoint: 900 ns, Total: 29101 ns
[2.022s][info ][safepoint      ] Safepoint "ICBufferFull", Time since last: 867633 ns, Reaching safepoint: 23601 ns, At safepoint: 800 ns, Total: 24401 ns
[2.023s][info ][safepoint      ] Safepoint "ICBufferFull", Time since last: 997538 ns, Reaching safepoint: 14601 ns, At safepoint: 1100 ns, Total: 15701 ns
[2.025s][info ][safepoint      ] Safepoint "ICBufferFull", Time since last: 2312889 ns, Reaching safepoint: 15200 ns, At safepoint: 900 ns, Total: 16100 ns
[2.026s][info ][safepoint      ] Safepoint "ICBufferFull", Time since last: 1085542 ns, Reaching safepoint: 25301 ns, At safepoint: 1100 ns, Total: 26401 ns
[2.028s][info ][safepoint      ] Safepoint "ICBufferFull", Time since last: 1117143 ns, Reaching safepoint: 24301 ns, At safepoint: 3900 ns, Total: 28201 ns
[2.029s][info ][safepoint      ] Safepoint "ICBufferFull", Time since last: 983638 ns, Reaching safepoint: 89403 ns, At safepoint: 4000 ns, Total: 93403 ns
[2.034s][info ][safepoint      ] Safepoint "ICBufferFull", Time since last: 4789984 ns, Reaching safepoint: 26601 ns, At safepoint: 8001 ns, Total: 34602 ns
[2.035s][info ][safepoint      ] Safepoint "ICBufferFull", Time since last: 1170844 ns, Reaching safepoint: 17901 ns, At safepoint: 1400 ns, Total: 19301 ns
[2.037s][info ][safepoint      ] Safepoint "ICBufferFull", Time since last: 2053579 ns, Reaching safepoint: 16801 ns, At safepoint: 6900 ns, Total: 23701 ns
[2.037s][info ][safepoint      ] Safepoint "ICBufferFull", Time since last: 604923 ns, Reaching safepoint: 17801 ns, At safepoint: 1200 ns, Total: 19001 ns
[2.039s][info ][safepoint      ] Safepoint "ICBufferFull", Time since last: 1846671 ns, Reaching safepoint: 29001 ns, At safepoint: 4700 ns, Total: 33701 ns
[2.041s][info ][safepoint      ] Safepoint "ICBufferFull", Time since last: 1392953 ns, Reaching safepoint: 96704 ns, At safepoint: 3700 ns, Total: 100404 ns
[2.042s][info ][safepoint      ] Safepoint "ICBufferFull", Time since last: 1559560 ns, Reaching safepoint: 25601 ns, At safepoint: 3400 ns, Total: 29001 ns
[2.044s][info ][safepoint      ] Safepoint "ICBufferFull", Time since last: 1351952 ns, Reaching safepoint: 29201 ns, At safepoint: 1400 ns, Total: 30601 ns
[2.045s][info ][safepoint      ] Safepoint "ICBufferFull", Time since last: 1604462 ns, Reaching safepoint: 19801 ns, At safepoint: 1700 ns, Total: 21501 ns
[2.047s][info ][safepoint      ] Safepoint "ICBufferFull", Time since last: 1373952 ns, Reaching safepoint: 17401 ns, At safepoint: 1100 ns, Total: 18501 ns
[2.048s][info ][safepoint      ] Safepoint "ICBufferFull", Time since last: 1279949 ns, Reaching safepoint: 32402 ns, At safepoint: 1000 ns, Total: 33402 ns
[2.049s][info ][safepoint      ] Safepoint "ICBufferFull", Time since last: 1255448 ns, Reaching safepoint: 23101 ns, At safepoint: 1200 ns, Total: 24301 ns
[2.051s][info ][safepoint      ] Safepoint "ICBufferFull", Time since last: 1489057 ns, Reaching safepoint: 33701 ns, At safepoint: 4600 ns, Total: 38301 ns
[2.052s][info ][safepoint      ] Safepoint "ICBufferFull", Time since last: 1333351 ns, Reaching safepoint: 33002 ns, At safepoint: 1100 ns, Total: 34102 ns
[2.054s][info ][safepoint      ] Safepoint "ICBufferFull", Time since last: 1973275 ns, Reaching safepoint: 18501 ns, At safepoint: 1300 ns, Total: 19801 ns
[2.056s][info ][safepoint      ] Safepoint "ICBufferFull", Time since last: 1230647 ns, Reaching safepoint: 16201 ns, At safepoint: 900 ns, Total: 17101 ns
[2.057s][info ][safepoint      ] Safepoint "ICBufferFull", Time since last: 1473057 ns, Reaching safepoint: 17200 ns, At safepoint: 1000 ns, Total: 18200 ns
[2.058s][info ][safepoint      ] Safepoint "ICBufferFull", Time since last: 1220847 ns, Reaching safepoint: 16801 ns, At safepoint: 6000 ns, Total: 22801 ns
[2.060s][info ][safepoint      ] Safepoint "ICBufferFull", Time since last: 1307250 ns, Reaching safepoint: 55902 ns, At safepoint: 5801 ns, Total: 61703 ns
[2.061s][info ][safepoint      ] Safepoint "ICBufferFull", Time since last: 1274649 ns, Reaching safepoint: 17100 ns, At safepoint: 1100 ns, Total: 18200 ns
[2.061s][info ][safepoint      ] Safepoint "ICBufferFull", Time since last: 501419 ns, Reaching safepoint: 26901 ns, At safepoint: 1201 ns, Total: 28102 ns
[2.063s][info ][safepoint      ] Safepoint "ICBufferFull", Time since last: 1626962 ns, Reaching safepoint: 16301 ns, At safepoint: 1400 ns, Total: 17701 ns
[2.065s][info ][safepoint      ] Safepoint "ICBufferFull", Time since last: 1714765 ns, Reaching safepoint: 25501 ns, At safepoint: 900 ns, Total: 26401 ns
[2.067s][info ][safepoint      ] Safepoint "ICBufferFull", Time since last: 2337190 ns, Reaching safepoint: 29201 ns, At safepoint: 1500 ns, Total: 30701 ns
[2.068s][info ][safepoint      ] Safepoint "ICBufferFull", Time since last: 1091842 ns, Reaching safepoint: 27201 ns, At safepoint: 1100 ns, Total: 28301 ns
[2.070s][info ][safepoint      ] Safepoint "ICBufferFull", Time since last: 1514258 ns, Reaching safepoint: 93204 ns, At safepoint: 4400 ns, Total: 97604 ns
[2.071s][info ][safepoint      ] Safepoint "ICBufferFull", Time since last: 1490257 ns, Reaching safepoint: 17901 ns, At safepoint: 1200 ns, Total: 19101 ns
[2.072s][info ][safepoint      ] Safepoint "ICBufferFull", Time since last: 484319 ns, Reaching safepoint: 22101 ns, At safepoint: 1300 ns, Total: 23401 ns
[2.073s][info ][safepoint      ] Safepoint "ICBufferFull", Time since last: 1494057 ns, Reaching safepoint: 14900 ns, At safepoint: 901 ns, Total: 15801 ns
[2.075s][info ][safepoint      ] Safepoint "ICBufferFull", Time since last: 1693064 ns, Reaching safepoint: 25101 ns, At safepoint: 4401 ns, Total: 29502 ns
[2.076s][info ][safepoint      ] Safepoint "ICBufferFull", Time since last: 666925 ns, Reaching safepoint: 17601 ns, At safepoint: 5400 ns, Total: 23001 ns
[2.077s][info ][safepoint      ] Safepoint "ICBufferFull", Time since last: 1418255 ns, Reaching safepoint: 94703 ns, At safepoint: 5200 ns, Total: 99903 ns
[2.079s][info ][safepoint      ] Safepoint "ICBufferFull", Time since last: 1283250 ns, Reaching safepoint: 15600 ns, At safepoint: 10201 ns, Total: 25801 ns
[2.080s][info ][safepoint      ] Safepoint "ICBufferFull", Time since last: 1080441 ns, Reaching safepoint: 16201 ns, At safepoint: 5300 ns, Total: 21501 ns
[2.081s][info ][safepoint      ] Safepoint "ICBufferFull", Time since last: 1044240 ns, Reaching safepoint: 15801 ns, At safepoint: 1000 ns, Total: 16801 ns
[2.082s][info ][safepoint      ] Safepoint "ICBufferFull", Time since last: 1099242 ns, Reaching safepoint: 19301 ns, At safepoint: 1300 ns, Total: 20601 ns
[2.083s][info ][safepoint      ] Safepoint "ICBufferFull", Time since last: 1212546 ns, Reaching safepoint: 39502 ns, At safepoint: 1600 ns, Total: 41102 ns
[2.084s][info ][safepoint      ] Safepoint "ICBufferFull", Time since last: 1065741 ns, Reaching safepoint: 27701 ns, At safepoint: 1400 ns, Total: 29101 ns
[2.085s][info ][safepoint      ] Safepoint "ICBufferFull", Time since last: 1013239 ns, Reaching safepoint: 37501 ns, At safepoint: 5100 ns, Total: 42601 ns
[2.086s][info ][safepoint      ] Safepoint "ICBufferFull", Time since last: 680626 ns, Reaching safepoint: 26701 ns, At safepoint: 1200 ns, Total: 27901 ns
[2.087s][info ][safepoint      ] Safepoint "ICBufferFull", Time since last: 671826 ns, Reaching safepoint: 40802 ns, At safepoint: 1300 ns, Total: 42102 ns
[2.088s][info ][safepoint      ] Safepoint "ICBufferFull", Time since last: 704327 ns, Reaching safepoint: 30201 ns, At safepoint: 1400 ns, Total: 31601 ns
[2.088s][info ][safepoint      ] Safepoint "ICBufferFull", Time since last: 699127 ns, Reaching safepoint: 18301 ns, At safepoint: 1600 ns, Total: 19901 ns
[2.089s][info ][safepoint      ] Safepoint "ICBufferFull", Time since last: 605923 ns, Reaching safepoint: 15300 ns, At safepoint: 1100 ns, Total: 16400 ns
[2.091s][info ][safepoint      ] Safepoint "ICBufferFull", Time since last: 1633063 ns, Reaching safepoint: 123505 ns, At safepoint: 7200 ns, Total: 130705 ns
[2.091s][info ][safepoint      ] Safepoint "ICBufferFull", Time since last: 649525 ns, Reaching safepoint: 18201 ns, At safepoint: 1200 ns, Total: 19401 ns
[2.092s][info ][safepoint      ] Safepoint "ICBufferFull", Time since last: 669826 ns, Reaching safepoint: 23400 ns, At safepoint: 1000 ns, Total: 24400 ns
[2.093s][info ][safepoint      ] Safepoint "ICBufferFull", Time since last: 611224 ns, Reaching safepoint: 17201 ns, At safepoint: 1000 ns, Total: 18201 ns
[2.094s][info ][safepoint      ] Safepoint "ICBufferFull", Time since last: 758229 ns, Reaching safepoint: 122604 ns, At safepoint: 6901 ns, Total: 129505 ns
[2.095s][info ][safepoint      ] Safepoint "ICBufferFull", Time since last: 1107542 ns, Reaching safepoint: 208808 ns, At safepoint: 2000 ns, Total: 210808 ns
[2.096s][info ][safepoint      ] Safepoint "ICBufferFull", Time since last: 627924 ns, Reaching safepoint: 17601 ns, At safepoint: 6400 ns, Total: 24001 ns
[2.096s][info ][safepoint      ] Safepoint "ICBufferFull", Time since last: 628624 ns, Reaching safepoint: 18201 ns, At safepoint: 7000 ns, Total: 25201 ns
[2.097s][info ][safepoint      ] Safepoint "ICBufferFull", Time since last: 627324 ns, Reaching safepoint: 19601 ns, At safepoint: 1400 ns, Total: 21001 ns
[2.097s][info ][safepoint      ] Safepoint "ICBufferFull", Time since last: 628924 ns, Reaching safepoint: 17301 ns, At safepoint: 1400 ns, Total: 18701 ns
[2.188s][info ][safepoint      ] Safepoint "ICBufferFull", Time since last: 90842486 ns, Reaching safepoint: 151006 ns, At safepoint: 5900 ns, Total: 156906 ns
[2.364s][info ][safepoint      ] Safepoint "ICBufferFull", Time since last: 175551337 ns, Reaching safepoint: 230309 ns, At safepoint: 7800 ns, Total: 238109 ns
[2.506s][info ][gc,start       ] GC(2) Pause Young (Metadata GC Threshold)
[2.537s][debug][gc,phases      ] GC(2) Scavenge 30.557ms
[2.537s][debug][gc,ref         ] GC(2) Skipped phase 1 of Reference Processing: no references
[2.537s][debug][gc,ref         ] GC(2) ReferenceProcessor::execute queues: 2, RefProcThreadModel::Multi, marks_oops_alive: false
[2.537s][debug][gc,ref         ] GC(2) Skipped phase 3 of Reference Processing: no references
[2.537s][debug][gc,ref         ] GC(2) ReferenceProcessor::execute queues: 1, RefProcThreadModel::Single, marks_oops_alive: false
[2.537s][debug][gc,phases      ] GC(2) Reference Processing 0.320ms
[2.537s][debug][gc,phases      ] GC(2)   VM Weak                        Min:  0.0, Avg:  0.0, Max:  0.0, Diff:  0.0, Sum:  0.0, Workers: 4
[2.537s][debug][gc,phases      ] GC(2)     Dead                           Min: 0, Avg:  0.0, Max: 0, Diff: 0, Sum: 0, Workers: 4
[2.537s][debug][gc,phases      ] GC(2)     Total                          Min: 0, Avg: 75.5, Max: 174, Diff: 174, Sum: 302, Workers: 4
[2.537s][debug][gc,phases      ] GC(2)   ObjectSynchronizer Weak        Min:  0.0, Avg:  0.0, Max:  0.0, Diff:  0.0, Sum:  0.0, Workers: 4
[2.537s][debug][gc,phases      ] GC(2)     Dead                           Min: 0, Avg:  0.2, Max: 1, Diff: 1, Sum: 1, Workers: 4
[2.537s][debug][gc,phases      ] GC(2)     Total                          Min: 0, Avg:  2.8, Max: 11, Diff: 11, Sum: 11, Workers: 4
[2.537s][debug][gc,phases      ] GC(2)   JVMTI Tag Weak OopStorage      Min:  0.0, Avg:  0.0, Max:  0.0, Diff:  0.0, Sum:  0.0, Workers: 4
[2.537s][debug][gc,phases      ] GC(2)     Dead                           Min: 0, Avg:  0.0, Max: 0, Diff: 0, Sum: 0, Workers: 4
[2.537s][debug][gc,phases      ] GC(2)     Total                          Min: 0, Avg:  0.0, Max: 0, Diff: 0, Sum: 0, Workers: 4
[2.537s][debug][gc,phases      ] GC(2)   StringTable Weak               Min:  0.2, Avg:  0.2, Max:  0.2, Diff:  0.0, Sum:  0.7, Workers: 4
[2.537s][debug][gc,phases      ] GC(2)     Dead                           Min: 2, Avg:  7.8, Max: 18, Diff: 16, Sum: 31, Workers: 4
[2.537s][debug][gc,phases      ] GC(2)     Total                          Min: 3776, Avg: 5010.0, Max: 6472, Diff: 2696, Sum: 20040, Workers: 4
[2.537s][debug][gc,phases      ] GC(2)   ResolvedMethodTable Weak       Min:  0.0, Avg:  0.0, Max:  0.0, Diff:  0.0, Sum:  0.1, Workers: 4
[2.537s][debug][gc,phases      ] GC(2)     Dead                           Min: 9, Avg: 17.5, Max: 40, Diff: 31, Sum: 70, Workers: 4
[2.537s][debug][gc,phases      ] GC(2)     Total                          Min: 384, Avg: 491.2, Max: 621, Diff: 237, Sum: 1965, Workers: 4
[2.537s][debug][gc,phases      ] GC(2)   JNI Weak                       Min:  0.0, Avg:  0.0, Max:  0.0, Diff:  0.0, Sum:  0.0, Workers: 4
[2.537s][debug][gc,phases      ] GC(2)     Dead                           Min: 0, Avg:  0.0, Max: 0, Diff: 0, Sum: 0, Workers: 4
[2.537s][debug][gc,phases      ] GC(2)     Total                          Min: 0, Avg:  0.0, Max: 0, Diff: 0, Sum: 0, Workers: 4
[2.537s][debug][gc,phases      ] GC(2)   StringDedup Table Weak         Min:  0.0, Avg:  0.0, Max:  0.0, Diff:  0.0, Sum:  0.0, Workers: 4
[2.537s][debug][gc,phases      ] GC(2)     Dead                           Min: 0, Avg:  0.0, Max: 0, Diff: 0, Sum: 0, Workers: 4
[2.537s][debug][gc,phases      ] GC(2)     Total                          Min: 0, Avg:  0.0, Max: 0, Diff: 0, Sum: 0, Workers: 4
[2.537s][debug][gc,phases      ] GC(2)   StringDedup Requests0 Weak     Min:  0.0, Avg:  0.0, Max:  0.0, Diff:  0.0, Sum:  0.0, Workers: 4
[2.537s][debug][gc,phases      ] GC(2)     Dead                           Min: 0, Avg:  0.0, Max: 0, Diff: 0, Sum: 0, Workers: 4
[2.537s][debug][gc,phases      ] GC(2)     Total                          Min: 0, Avg:  0.0, Max: 0, Diff: 0, Sum: 0, Workers: 4
[2.537s][debug][gc,phases      ] GC(2)   StringDedup Requests1 Weak     Min:  0.0, Avg:  0.0, Max:  0.0, Diff:  0.0, Sum:  0.0, Workers: 4
[2.537s][debug][gc,phases      ] GC(2)     Dead                           Min: 0, Avg:  0.0, Max: 0, Diff: 0, Sum: 0, Workers: 4
[2.537s][debug][gc,phases      ] GC(2)     Total                          Min: 0, Avg:  0.0, Max: 0, Diff: 0, Sum: 0, Workers: 4
[2.537s][debug][gc,phases      ] GC(2)   Weak JFR Old Object Samples    Min:  0.0, Avg:  0.0, Max:  0.0, Diff:  0.0, Sum:  0.0, Workers: 4
[2.537s][debug][gc,phases      ] GC(2)     Dead                           Min: 0, Avg:  0.0, Max: 0, Diff: 0, Sum: 0, Workers: 4
[2.537s][debug][gc,phases      ] GC(2)     Total                          Min: 0, Avg:  0.0, Max: 0, Diff: 0, Sum: 0, Workers: 4
[2.537s][debug][gc,phases      ] GC(2) Weak Processing 0.405ms
[2.537s][debug][gc,age         ] GC(2) Desired survivor size 536870912 bytes, new threshold 7 (max threshold 15)
[2.537s][info ][gc,heap        ] GC(2) PSYoungGen: 503153K(1572864K)->59998K(1572864K) Eden: 492590K(1048576K)->0K(1048576K) From: 10563K(524288K)->59998K(524288K)
[2.537s][info ][gc,heap        ] GC(2) ParOldGen: 5665K(6144K)->5681K(6144K)
[2.537s][info ][gc,metaspace   ] GC(2) Metaspace: 35393K(35840K)->35393K(35840K) NonClass: 30883K(31104K)->30883K(31104K) Class: 4509K(4736K)->4509K(4736K)
[2.537s][info ][gc             ] GC(2) Pause Young (Metadata GC Threshold) 496M->64M(1542M) 31.408ms
[2.537s][info ][gc,cpu         ] GC(2) User=0.10s Sys=0.03s Real=0.03s
[2.537s][debug][gc,phases      ] GC(3) Pre Compact 0.008ms
[2.537s][info ][gc,start       ] GC(3) Pause Full (Metadata GC Threshold)
[2.537s][info ][gc,phases,start] GC(3) Marking Phase
[2.556s][debug][gc,phases      ] GC(3) Par Mark 18.576ms
[2.556s][debug][gc,ref         ] GC(3) Skipped phase 1 of Reference Processing: no references
[2.556s][debug][gc,ref         ] GC(3) ReferenceProcessor::execute queues: 2, RefProcThreadModel::Multi, marks_oops_alive: false
[2.556s][debug][gc,ref         ] GC(3) Skipped phase 3 of Reference Processing: no references
[2.556s][debug][gc,ref         ] GC(3) ReferenceProcessor::execute queues: 1, RefProcThreadModel::Single, marks_oops_alive: false
[2.556s][debug][gc,phases      ] GC(3) Reference Processing 0.134ms
[2.556s][debug][gc,phases      ] GC(3)   VM Weak                        Min:  0.0, Avg:  0.0, Max:  0.0, Diff:  0.0, Sum:  0.0, Workers: 4
[2.556s][debug][gc,phases      ] GC(3)     Dead                           Min: 0, Avg:  0.0, Max: 0, Diff: 0, Sum: 0, Workers: 4
[2.556s][debug][gc,phases      ] GC(3)     Total                          Min: 0, Avg: 75.5, Max: 192, Diff: 192, Sum: 302, Workers: 4
[2.556s][debug][gc,phases      ] GC(3)   ObjectSynchronizer Weak        Min:  0.0, Avg:  0.0, Max:  0.0, Diff:  0.0, Sum:  0.0, Workers: 4
[2.556s][debug][gc,phases      ] GC(3)     Dead                           Min: 0, Avg:  0.0, Max: 0, Diff: 0, Sum: 0, Workers: 4
[2.556s][debug][gc,phases      ] GC(3)     Total                          Min: 0, Avg:  2.8, Max: 11, Diff: 11, Sum: 11, Workers: 4
[2.556s][debug][gc,phases      ] GC(3)   JVMTI Tag Weak OopStorage      Min:  0.0, Avg:  0.0, Max:  0.0, Diff:  0.0, Sum:  0.0, Workers: 4
[2.556s][debug][gc,phases      ] GC(3)     Dead                           Min: 0, Avg:  0.0, Max: 0, Diff: 0, Sum: 0, Workers: 4
[2.556s][debug][gc,phases      ] GC(3)     Total                          Min: 0, Avg:  0.0, Max: 0, Diff: 0, Sum: 0, Workers: 4
[2.556s][debug][gc,phases      ] GC(3)   StringTable Weak               Min:  0.1, Avg:  0.1, Max:  0.1, Diff:  0.0, Sum:  0.2, Workers: 4
[2.556s][debug][gc,phases      ] GC(3)     Dead                           Min: 0, Avg:  0.0, Max: 0, Diff: 0, Sum: 0, Workers: 4
[2.556s][debug][gc,phases      ] GC(3)     Total                          Min: 4680, Avg: 5010.0, Max: 5440, Diff: 760, Sum: 20040, Workers: 4
[2.556s][debug][gc,phases      ] GC(3)   ResolvedMethodTable Weak       Min:  0.0, Avg:  0.0, Max:  0.0, Diff:  0.0, Sum:  0.0, Workers: 4
[2.556s][debug][gc,phases      ] GC(3)     Dead                           Min: 0, Avg:  0.0, Max: 0, Diff: 0, Sum: 0, Workers: 4
[2.556s][debug][gc,phases      ] GC(3)     Total                          Min: 429, Avg: 491.2, Max: 512, Diff: 83, Sum: 1965, Workers: 4
[2.556s][debug][gc,phases      ] GC(3)   JNI Weak                       Min:  0.0, Avg:  0.0, Max:  0.0, Diff:  0.0, Sum:  0.0, Workers: 4
[2.556s][debug][gc,phases      ] GC(3)     Dead                           Min: 0, Avg:  0.0, Max: 0, Diff: 0, Sum: 0, Workers: 4
[2.556s][debug][gc,phases      ] GC(3)     Total                          Min: 0, Avg:  0.0, Max: 0, Diff: 0, Sum: 0, Workers: 4
[2.556s][debug][gc,phases      ] GC(3)   StringDedup Table Weak         Min:  0.0, Avg:  0.0, Max:  0.0, Diff:  0.0, Sum:  0.0, Workers: 4
[2.556s][debug][gc,phases      ] GC(3)     Dead                           Min: 0, Avg:  0.0, Max: 0, Diff: 0, Sum: 0, Workers: 4
[2.556s][debug][gc,phases      ] GC(3)     Total                          Min: 0, Avg:  0.0, Max: 0, Diff: 0, Sum: 0, Workers: 4
[2.556s][debug][gc,phases      ] GC(3)   StringDedup Requests0 Weak     Min:  0.0, Avg:  0.0, Max:  0.0, Diff:  0.0, Sum:  0.0, Workers: 4
[2.556s][debug][gc,phases      ] GC(3)     Dead                           Min: 0, Avg:  0.0, Max: 0, Diff: 0, Sum: 0, Workers: 4
[2.556s][debug][gc,phases      ] GC(3)     Total                          Min: 0, Avg:  0.0, Max: 0, Diff: 0, Sum: 0, Workers: 4
[2.556s][debug][gc,phases      ] GC(3)   StringDedup Requests1 Weak     Min:  0.0, Avg:  0.0, Max:  0.0, Diff:  0.0, Sum:  0.0, Workers: 4
[2.556s][debug][gc,phases      ] GC(3)     Dead                           Min: 0, Avg:  0.0, Max: 0, Diff: 0, Sum: 0, Workers: 4
[2.556s][debug][gc,phases      ] GC(3)     Total                          Min: 0, Avg:  0.0, Max: 0, Diff: 0, Sum: 0, Workers: 4
[2.557s][debug][gc,phases      ] GC(3)   Weak JFR Old Object Samples    Min:  0.0, Avg:  0.0, Max:  0.0, Diff:  0.0, Sum:  0.0, Workers: 4
[2.557s][debug][gc,phases      ] GC(3)     Dead                           Min: 0, Avg:  0.0, Max: 0, Diff: 0, Sum: 0, Workers: 4
[2.557s][debug][gc,phases      ] GC(3)     Total                          Min: 0, Avg:  0.0, Max: 0, Diff: 0, Sum: 0, Workers: 4
[2.557s][debug][gc,phases      ] GC(3) Weak Processing 0.237ms
[2.557s][debug][gc,phases      ] GC(3) ClassLoaderData 0.036ms
[2.557s][debug][gc,phases      ] GC(3) Trigger cleanups 0.000ms
[2.560s][debug][gc,phases      ] GC(3) Class Unloading 3.530ms
[2.560s][info ][gc,phases      ] GC(3) Marking Phase 22.571ms
[2.560s][info ][gc,phases,start] GC(3) Summary Phase
[2.560s][info ][gc,phases      ] GC(3) Summary Phase 0.006ms
[2.560s][info ][gc,phases,start] GC(3) Adjust Roots
[2.564s][info ][gc,phases      ] GC(3) Adjust Roots 4.056ms
[2.564s][info ][gc,phases,start] GC(3) Compaction Phase
[2.698s][info ][gc,phases      ] GC(3) Compaction Phase 133.919ms
[2.698s][info ][gc,phases,start] GC(3) Post Compact
[2.699s][info ][gc,phases      ] GC(3) Post Compact 0.579ms
[2.699s][info ][gc,heap        ] GC(3) PSYoungGen: 59998K(1572864K)->58322K(1572864K) Eden: 0K(1048576K)->0K(1048576K) From: 59998K(524288K)->58322K(524288K)
[2.699s][info ][gc,heap        ] GC(3) ParOldGen: 5681K(6144K)->6119K(6144K)
[2.699s][info ][gc,metaspace   ] GC(3) Metaspace: 35393K(35840K)->35393K(35840K) NonClass: 30883K(31104K)->30883K(31104K) Class: 4509K(4736K)->4509K(4736K)
[2.699s][info ][gc             ] GC(3) Pause Full (Metadata GC Threshold) 64M->62M(1542M) 161.234ms
[2.699s][info ][gc,cpu         ] GC(3) User=0.48s Sys=0.01s Real=0.16s
[2.699s][info ][safepoint      ] Safepoint "CollectForMetadataAllocation", Time since last: 141691436 ns, Reaching safepoint: 58802 ns, At safepoint: 192754295 ns, Total: 192813097 ns
[2.988s][info ][safepoint      ] Safepoint "ICBufferFull", Time since last: 288627273 ns, Reaching safepoint: 159606 ns, At safepoint: 6601 ns, Total: 166207 ns
[3.475s][info ][safepoint      ] Safepoint "ICBufferFull", Time since last: 487140587 ns, Reaching safepoint: 175007 ns, At safepoint: 2600 ns, Total: 177607 ns
[3.497s][info ][safepoint      ] Safepoint "ICBufferFull", Time since last: 22373858 ns, Reaching safepoint: 54803 ns, At safepoint: 10400 ns, Total: 65203 ns
[3.498s][info ][safepoint      ] Safepoint "ICBufferFull", Time since last: 590523 ns, Reaching safepoint: 40001 ns, At safepoint: 1500 ns, Total: 41501 ns
[3.498s][info ][safepoint      ] Safepoint "ICBufferFull", Time since last: 496819 ns, Reaching safepoint: 20101 ns, At safepoint: 1300 ns, Total: 21401 ns
[3.499s][info ][safepoint      ] Safepoint "ICBufferFull", Time since last: 490919 ns, Reaching safepoint: 20001 ns, At safepoint: 1200 ns, Total: 21201 ns
[3.500s][info ][safepoint      ] Safepoint "ICBufferFull", Time since last: 503019 ns, Reaching safepoint: 29301 ns, At safepoint: 1600 ns, Total: 30901 ns
[3.500s][info ][safepoint      ] Safepoint "ICBufferFull", Time since last: 522320 ns, Reaching safepoint: 19601 ns, At safepoint: 1200 ns, Total: 20801 ns
[3.501s][info ][safepoint      ] Safepoint "ICBufferFull", Time since last: 514920 ns, Reaching safepoint: 18000 ns, At safepoint: 1500 ns, Total: 19500 ns
[3.501s][info ][safepoint      ] Safepoint "ICBufferFull", Time since last: 488719 ns, Reaching safepoint: 19301 ns, At safepoint: 1200 ns, Total: 20501 ns
[3.502s][info ][safepoint      ] Safepoint "ICBufferFull", Time since last: 512520 ns, Reaching safepoint: 31701 ns, At safepoint: 1600 ns, Total: 33301 ns
[3.502s][info ][safepoint      ] Safepoint "ICBufferFull", Time since last: 517020 ns, Reaching safepoint: 19801 ns, At safepoint: 1200 ns, Total: 21001 ns
[3.503s][info ][safepoint      ] Safepoint "ICBufferFull", Time since last: 530520 ns, Reaching safepoint: 21101 ns, At safepoint: 3900 ns, Total: 25001 ns
[3.503s][info ][safepoint      ] Safepoint "ICBufferFull", Time since last: 497619 ns, Reaching safepoint: 28801 ns, At safepoint: 8400 ns, Total: 37201 ns
[3.504s][info ][safepoint      ] Safepoint "ICBufferFull", Time since last: 505620 ns, Reaching safepoint: 21101 ns, At safepoint: 5400 ns, Total: 26501 ns
[3.504s][info ][safepoint      ] Safepoint "ICBufferFull", Time since last: 486118 ns, Reaching safepoint: 17701 ns, At safepoint: 4200 ns, Total: 21901 ns
[3.505s][info ][safepoint      ] Safepoint "ICBufferFull", Time since last: 492319 ns, Reaching safepoint: 15001 ns, At safepoint: 3600 ns, Total: 18601 ns
[3.505s][info ][safepoint      ] Safepoint "ICBufferFull", Time since last: 533920 ns, Reaching safepoint: 20401 ns, At safepoint: 900 ns, Total: 21301 ns
[3.506s][info ][safepoint      ] Safepoint "ICBufferFull", Time since last: 472918 ns, Reaching safepoint: 12601 ns, At safepoint: 3100 ns, Total: 15701 ns
[3.506s][info ][safepoint      ] Safepoint "ICBufferFull", Time since last: 498719 ns, Reaching safepoint: 17701 ns, At safepoint: 900 ns, Total: 18601 ns
[3.507s][info ][safepoint      ] Safepoint "ICBufferFull", Time since last: 492919 ns, Reaching safepoint: 12800 ns, At safepoint: 800 ns, Total: 13600 ns
[3.507s][info ][safepoint      ] Safepoint "ICBufferFull", Time since last: 500319 ns, Reaching safepoint: 12901 ns, At safepoint: 800 ns, Total: 13701 ns
[3.508s][info ][safepoint      ] Safepoint "ICBufferFull", Time since last: 479318 ns, Reaching safepoint: 14801 ns, At safepoint: 1000 ns, Total: 15801 ns
[3.508s][info ][safepoint      ] Safepoint "ICBufferFull", Time since last: 484819 ns, Reaching safepoint: 14600 ns, At safepoint: 700 ns, Total: 15300 ns
[3.509s][info ][safepoint      ] Safepoint "ICBufferFull", Time since last: 486619 ns, Reaching safepoint: 12400 ns, At safepoint: 800 ns, Total: 13200 ns
[3.509s][info ][safepoint      ] Safepoint "ICBufferFull", Time since last: 517320 ns, Reaching safepoint: 20301 ns, At safepoint: 1500 ns, Total: 21801 ns
[3.510s][info ][safepoint      ] Safepoint "ICBufferFull", Time since last: 488719 ns, Reaching safepoint: 86103 ns, At safepoint: 5700 ns, Total: 91803 ns
[3.555s][info ][safepoint      ] Safepoint "ICBufferFull", Time since last: 44903723 ns, Reaching safepoint: 43201 ns, At safepoint: 2900 ns, Total: 46101 ns
[3.555s][info ][safepoint      ] Safepoint "ICBufferFull", Time since last: 504320 ns, Reaching safepoint: 26801 ns, At safepoint: 800 ns, Total: 27601 ns
[3.556s][info ][safepoint      ] Safepoint "ICBufferFull", Time since last: 500519 ns, Reaching safepoint: 27201 ns, At safepoint: 1000 ns, Total: 28201 ns
[3.557s][info ][safepoint      ] Safepoint "ICBufferFull", Time since last: 489119 ns, Reaching safepoint: 19700 ns, At safepoint: 801 ns, Total: 20501 ns
[3.557s][info ][safepoint      ] Safepoint "ICBufferFull", Time since last: 478818 ns, Reaching safepoint: 22101 ns, At safepoint: 900 ns, Total: 23001 ns
[3.558s][info ][safepoint      ] Safepoint "ICBufferFull", Time since last: 484618 ns, Reaching safepoint: 21601 ns, At safepoint: 800 ns, Total: 22401 ns
[3.558s][info ][safepoint      ] Safepoint "ICBufferFull", Time since last: 498919 ns, Reaching safepoint: 23801 ns, At safepoint: 700 ns, Total: 24501 ns
[3.559s][info ][safepoint      ] Safepoint "ICBufferFull", Time since last: 485219 ns, Reaching safepoint: 13200 ns, At safepoint: 700 ns, Total: 13900 ns
[3.559s][info ][safepoint      ] Safepoint "ICBufferFull", Time since last: 477519 ns, Reaching safepoint: 22301 ns, At safepoint: 800 ns, Total: 23101 ns
[3.560s][info ][safepoint      ] Safepoint "ICBufferFull", Time since last: 488918 ns, Reaching safepoint: 12901 ns, At safepoint: 800 ns, Total: 13701 ns
[3.560s][info ][safepoint      ] Safepoint "ICBufferFull", Time since last: 476718 ns, Reaching safepoint: 30201 ns, At safepoint: 1000 ns, Total: 31201 ns
[3.561s][info ][safepoint      ] Safepoint "ICBufferFull", Time since last: 514320 ns, Reaching safepoint: 27301 ns, At safepoint: 5800 ns, Total: 33101 ns
[3.561s][info ][safepoint      ] Safepoint "ICBufferFull", Time since last: 486319 ns, Reaching safepoint: 26101 ns, At safepoint: 5700 ns, Total: 31801 ns
[3.562s][info ][safepoint      ] Safepoint "ICBufferFull", Time since last: 483619 ns, Reaching safepoint: 21501 ns, At safepoint: 5600 ns, Total: 27101 ns
[3.562s][info ][safepoint      ] Safepoint "ICBufferFull", Time since last: 495919 ns, Reaching safepoint: 22601 ns, At safepoint: 6300 ns, Total: 28901 ns
[3.563s][info ][safepoint      ] Safepoint "ICBufferFull", Time since last: 491419 ns, Reaching safepoint: 33101 ns, At safepoint: 3800 ns, Total: 36901 ns
[3.563s][info ][safepoint      ] Safepoint "ICBufferFull", Time since last: 472318 ns, Reaching safepoint: 23301 ns, At safepoint: 6000 ns, Total: 29301 ns
[3.564s][info ][safepoint      ] Safepoint "ICBufferFull", Time since last: 473119 ns, Reaching safepoint: 21800 ns, At safepoint: 5801 ns, Total: 27601 ns
[3.564s][info ][safepoint      ] Safepoint "ICBufferFull", Time since last: 473118 ns, Reaching safepoint: 14300 ns, At safepoint: 1000 ns, Total: 15300 ns
[3.565s][info ][safepoint      ] Safepoint "ICBufferFull", Time since last: 475719 ns, Reaching safepoint: 15500 ns, At safepoint: 900 ns, Total: 16400 ns
[3.565s][info ][safepoint      ] Safepoint "ICBufferFull", Time since last: 480019 ns, Reaching safepoint: 14900 ns, At safepoint: 900 ns, Total: 15800 ns
[3.566s][info ][safepoint      ] Safepoint "ICBufferFull", Time since last: 495919 ns, Reaching safepoint: 13701 ns, At safepoint: 1000 ns, Total: 14701 ns
[3.566s][info ][safepoint      ] Safepoint "ICBufferFull", Time since last: 494619 ns, Reaching safepoint: 16701 ns, At safepoint: 1100 ns, Total: 17801 ns
[3.567s][info ][safepoint      ] Safepoint "ICBufferFull", Time since last: 484418 ns, Reaching safepoint: 14701 ns, At safepoint: 1000 ns, Total: 15701 ns
[3.567s][info ][safepoint      ] Safepoint "ICBufferFull", Time since last: 492319 ns, Reaching safepoint: 14500 ns, At safepoint: 1100 ns, Total: 15600 ns
[3.568s][info ][safepoint      ] Safepoint "ICBufferFull", Time since last: 471618 ns, Reaching safepoint: 14501 ns, At safepoint: 1000 ns, Total: 15501 ns
[3.568s][info ][safepoint      ] Safepoint "ICBufferFull", Time since last: 472118 ns, Reaching safepoint: 14201 ns, At safepoint: 1000 ns, Total: 15201 ns
[3.569s][info ][safepoint      ] Safepoint "ICBufferFull", Time since last: 496519 ns, Reaching safepoint: 14800 ns, At safepoint: 900 ns, Total: 15700 ns
[3.909s][info ][safepoint      ] Safepoint "ICBufferFull", Time since last: 340495360 ns, Reaching safepoint: 141706 ns, At safepoint: 2000 ns, Total: 143706 ns
[3.983s][info ][safepoint      ] Safepoint "ICBufferFull", Time since last: 73170106 ns, Reaching safepoint: 142006 ns, At safepoint: 3800 ns, Total: 145806 ns
[3.988s][info ][safepoint      ] Safepoint "ICBufferFull", Time since last: 5557813 ns, Reaching safepoint: 52602 ns, At safepoint: 2500 ns, Total: 55102 ns
[3.993s][info ][safepoint      ] Safepoint "ICBufferFull", Time since last: 4474472 ns, Reaching safepoint: 42901 ns, At safepoint: 1900 ns, Total: 44801 ns
[3.995s][info ][safepoint      ] Safepoint "ICBufferFull", Time since last: 2249587 ns, Reaching safepoint: 37401 ns, At safepoint: 6600 ns, Total: 44001 ns
[3.999s][info ][safepoint      ] Safepoint "ICBufferFull", Time since last: 3571337 ns, Reaching safepoint: 40602 ns, At safepoint: 6000 ns, Total: 46602 ns
[4.001s][info ][safepoint      ] Safepoint "ICBufferFull", Time since last: 2134482 ns, Reaching safepoint: 36201 ns, At safepoint: 4100 ns, Total: 40301 ns
[4.003s][info ][safepoint      ] Safepoint "ICBufferFull", Time since last: 2133782 ns, Reaching safepoint: 31802 ns, At safepoint: 7400 ns, Total: 39202 ns
[4.006s][info ][safepoint      ] Safepoint "ICBufferFull", Time since last: 2394992 ns, Reaching safepoint: 82103 ns, At safepoint: 7800 ns, Total: 89903 ns
[4.007s][info ][safepoint      ] Safepoint "ICBufferFull", Time since last: 1766168 ns, Reaching safepoint: 101604 ns, At safepoint: 4900 ns, Total: 106504 ns
[4.010s][info ][safepoint      ] Safepoint "ICBufferFull", Time since last: 2479395 ns, Reaching safepoint: 35001 ns, At safepoint: 9201 ns, Total: 44202 ns
[4.012s][info ][safepoint      ] Safepoint "ICBufferFull", Time since last: 1776268 ns, Reaching safepoint: 39801 ns, At safepoint: 4701 ns, Total: 44502 ns
[4.014s][info ][safepoint      ] Safepoint "ICBufferFull", Time since last: 1792968 ns, Reaching safepoint: 29101 ns, At safepoint: 4701 ns, Total: 33802 ns
[4.015s][info ][safepoint      ] Safepoint "ICBufferFull", Time since last: 1694865 ns, Reaching safepoint: 33001 ns, At safepoint: 6100 ns, Total: 39101 ns
[4.017s][info ][safepoint      ] Safepoint "ICBufferFull", Time since last: 1539559 ns, Reaching safepoint: 99604 ns, At safepoint: 5700 ns, Total: 105304 ns
[4.018s][info ][safepoint      ] Safepoint "ICBufferFull", Time since last: 1502058 ns, Reaching safepoint: 17401 ns, At safepoint: 9500 ns, Total: 26901 ns
[4.020s][info ][safepoint      ] Safepoint "ICBufferFull", Time since last: 1508758 ns, Reaching safepoint: 17700 ns, At safepoint: 5101 ns, Total: 22801 ns
[4.021s][info ][safepoint      ] Safepoint "ICBufferFull", Time since last: 1337751 ns, Reaching safepoint: 34301 ns, At safepoint: 5800 ns, Total: 40101 ns
[4.023s][info ][safepoint      ] Safepoint "ICBufferFull", Time since last: 1428555 ns, Reaching safepoint: 33702 ns, At safepoint: 4700 ns, Total: 38402 ns
[4.024s][info ][safepoint      ] Safepoint "ICBufferFull", Time since last: 1472356 ns, Reaching safepoint: 33401 ns, At safepoint: 2301 ns, Total: 35702 ns
[4.026s][info ][safepoint      ] Safepoint "ICBufferFull", Time since last: 1307650 ns, Reaching safepoint: 37301 ns, At safepoint: 5700 ns, Total: 43001 ns
[4.027s][info ][safepoint      ] Safepoint "ICBufferFull", Time since last: 1323051 ns, Reaching safepoint: 33401 ns, At safepoint: 2201 ns, Total: 35602 ns
[4.029s][info ][safepoint      ] Safepoint "ICBufferFull", Time since last: 1440955 ns, Reaching safepoint: 108804 ns, At safepoint: 6800 ns, Total: 115604 ns
[4.030s][info ][safepoint      ] Safepoint "ICBufferFull", Time since last: 1472157 ns, Reaching safepoint: 29301 ns, At safepoint: 1100 ns, Total: 30401 ns
[4.032s][info ][safepoint      ] Safepoint "ICBufferFull", Time since last: 1379053 ns, Reaching safepoint: 33101 ns, At safepoint: 1800 ns, Total: 34901 ns
[4.033s][info ][safepoint      ] Safepoint "ICBufferFull", Time since last: 1529259 ns, Reaching safepoint: 36201 ns, At safepoint: 1300 ns, Total: 37501 ns
[4.035s][info ][safepoint      ] Safepoint "ICBufferFull", Time since last: 1474757 ns, Reaching safepoint: 35101 ns, At safepoint: 4600 ns, Total: 39701 ns
[4.036s][info ][safepoint      ] Safepoint "ICBufferFull", Time since last: 1354652 ns, Reaching safepoint: 32501 ns, At safepoint: 1301 ns, Total: 33802 ns
[4.037s][info ][safepoint      ] Safepoint "ICBufferFull", Time since last: 1292749 ns, Reaching safepoint: 16301 ns, At safepoint: 900 ns, Total: 17201 ns
[4.039s][info ][safepoint      ] Safepoint "ICBufferFull", Time since last: 1343151 ns, Reaching safepoint: 87504 ns, At safepoint: 6600 ns, Total: 94104 ns
[4.040s][info ][safepoint      ] Safepoint "ICBufferFull", Time since last: 1472856 ns, Reaching safepoint: 32102 ns, At safepoint: 4800 ns, Total: 36902 ns
[4.042s][info ][safepoint      ] Safepoint "ICBufferFull", Time since last: 1659363 ns, Reaching safepoint: 36702 ns, At safepoint: 6100 ns, Total: 42802 ns
[4.043s][info ][safepoint      ] Safepoint "ICBufferFull", Time since last: 1346752 ns, Reaching safepoint: 22901 ns, At safepoint: 1500 ns, Total: 24401 ns
[4.046s][info ][safepoint      ] Safepoint "ICBufferFull", Time since last: 2200884 ns, Reaching safepoint: 41502 ns, At safepoint: 1800 ns, Total: 43302 ns
[4.047s][info ][safepoint      ] Safepoint "ICBufferFull", Time since last: 1389153 ns, Reaching safepoint: 18401 ns, At safepoint: 2100 ns, Total: 20501 ns
[4.048s][info ][safepoint      ] Safepoint "ICBufferFull", Time since last: 1236047 ns, Reaching safepoint: 19601 ns, At safepoint: 1500 ns, Total: 21101 ns
[4.050s][info ][safepoint      ] Safepoint "ICBufferFull", Time since last: 1416254 ns, Reaching safepoint: 36002 ns, At safepoint: 5800 ns, Total: 41802 ns
[4.053s][info ][safepoint      ] Safepoint "ICBufferFull", Time since last: 3401230 ns, Reaching safepoint: 49902 ns, At safepoint: 6301 ns, Total: 56203 ns
[4.054s][info ][safepoint      ] Safepoint "ICBufferFull", Time since last: 1128043 ns, Reaching safepoint: 21101 ns, At safepoint: 1400 ns, Total: 22501 ns
[4.055s][info ][safepoint      ] Safepoint "ICBufferFull", Time since last: 1077341 ns, Reaching safepoint: 29401 ns, At safepoint: 8000 ns, Total: 37401 ns
[4.057s][info ][safepoint      ] Safepoint "ICBufferFull", Time since last: 1076442 ns, Reaching safepoint: 32801 ns, At safepoint: 1100 ns, Total: 33901 ns
[4.058s][info ][safepoint      ] Safepoint "ICBufferFull", Time since last: 1078241 ns, Reaching safepoint: 25001 ns, At safepoint: 1100 ns, Total: 26101 ns
[4.138s][info ][safepoint      ] Safepoint "ICBufferFull", Time since last: 79968868 ns, Reaching safepoint: 131705 ns, At safepoint: 6800 ns, Total: 138505 ns
[4.145s][info ][safepoint      ] Safepoint "ICBufferFull", Time since last: 7051970 ns, Reaching safepoint: 65403 ns, At safepoint: 5800 ns, Total: 71203 ns
[4.152s][info ][safepoint      ] Safepoint "ICBufferFull", Time since last: 7299880 ns, Reaching safepoint: 45402 ns, At safepoint: 5200 ns, Total: 50602 ns
[4.157s][info ][safepoint      ] Safepoint "ICBufferFull", Time since last: 4941090 ns, Reaching safepoint: 38301 ns, At safepoint: 5700 ns, Total: 44001 ns
[4.164s][info ][safepoint      ] Safepoint "ICBufferFull", Time since last: 6555552 ns, Reaching safepoint: 55602 ns, At safepoint: 2400 ns, Total: 58002 ns
[4.169s][info ][safepoint      ] Safepoint "ICBufferFull", Time since last: 5450009 ns, Reaching safepoint: 25001 ns, At safepoint: 5400 ns, Total: 30401 ns
[4.177s][info ][safepoint      ] Safepoint "ICBufferFull", Time since last: 7602192 ns, Reaching safepoint: 108704 ns, At safepoint: 5400 ns, Total: 114104 ns
[4.184s][info ][safepoint      ] Safepoint "ICBufferFull", Time since last: 7098472 ns, Reaching safepoint: 51602 ns, At safepoint: 3100 ns, Total: 54702 ns
[4.191s][info ][safepoint      ] Safepoint "ICBufferFull", Time since last: 7024570 ns, Reaching safepoint: 55402 ns, At safepoint: 2500 ns, Total: 57902 ns
[4.199s][info ][safepoint      ] Safepoint "ICBufferFull", Time since last: 7859202 ns, Reaching safepoint: 122304 ns, At safepoint: 10001 ns, Total: 132305 ns
[4.207s][info ][safepoint      ] Safepoint "ICBufferFull", Time since last: 7907603 ns, Reaching safepoint: 45302 ns, At safepoint: 2100 ns, Total: 47402 ns
[4.212s][info ][safepoint      ] Safepoint "ICBufferFull", Time since last: 4214261 ns, Reaching safepoint: 104904 ns, At safepoint: 6201 ns, Total: 111105 ns
[4.216s][info ][safepoint      ] Safepoint "ICBufferFull", Time since last: 4198261 ns, Reaching safepoint: 96803 ns, At safepoint: 4401 ns, Total: 101204 ns
[4.221s][info ][safepoint      ] Safepoint "ICBufferFull", Time since last: 5616115 ns, Reaching safepoint: 37701 ns, At safepoint: 5401 ns, Total: 43102 ns
[4.227s][info ][safepoint      ] Safepoint "ICBufferFull", Time since last: 5959928 ns, Reaching safepoint: 38902 ns, At safepoint: 5000 ns, Total: 43902 ns
[4.232s][info ][safepoint      ] Safepoint "ICBufferFull", Time since last: 4156159 ns, Reaching safepoint: 27301 ns, At safepoint: 1800 ns, Total: 29101 ns
[4.236s][info ][safepoint      ] Safepoint "ICBufferFull", Time since last: 3878749 ns, Reaching safepoint: 43802 ns, At safepoint: 7200 ns, Total: 51002 ns
[4.241s][info ][safepoint      ] Safepoint "ICBufferFull", Time since last: 5465810 ns, Reaching safepoint: 86503 ns, At safepoint: 11601 ns, Total: 98104 ns
[4.246s][info ][safepoint      ] Safepoint "ICBufferFull", Time since last: 5095795 ns, Reaching safepoint: 41302 ns, At safepoint: 2700 ns, Total: 44002 ns
[4.250s][info ][safepoint      ] Safepoint "ICBufferFull", Time since last: 3578437 ns, Reaching safepoint: 41802 ns, At safepoint: 2400 ns, Total: 44202 ns
[4.254s][info ][safepoint      ] Safepoint "ICBufferFull", Time since last: 3626439 ns, Reaching safepoint: 42201 ns, At safepoint: 6201 ns, Total: 48402 ns
[4.258s][info ][safepoint      ] Safepoint "ICBufferFull", Time since last: 4001553 ns, Reaching safepoint: 40902 ns, At safepoint: 2700 ns, Total: 43602 ns
[4.260s][info ][safepoint      ] Safepoint "ICBufferFull", Time since last: 2613900 ns, Reaching safepoint: 28901 ns, At safepoint: 3100 ns, Total: 32001 ns
[4.263s][info ][safepoint      ] Safepoint "ICBufferFull", Time since last: 2439994 ns, Reaching safepoint: 24301 ns, At safepoint: 1800 ns, Total: 26101 ns
[4.265s][info ][safepoint      ] Safepoint "ICBufferFull", Time since last: 2322589 ns, Reaching safepoint: 158906 ns, At safepoint: 13301 ns, Total: 172207 ns
[4.268s][info ][safepoint      ] Safepoint "ICBufferFull", Time since last: 2622400 ns, Reaching safepoint: 23701 ns, At safepoint: 1800 ns, Total: 25501 ns
[4.270s][info ][safepoint      ] Safepoint "ICBufferFull", Time since last: 2082880 ns, Reaching safepoint: 20101 ns, At safepoint: 1400 ns, Total: 21501 ns
[4.272s][info ][safepoint      ] Safepoint "ICBufferFull", Time since last: 1742667 ns, Reaching safepoint: 18800 ns, At safepoint: 1100 ns, Total: 19900 ns
[4.274s][info ][safepoint      ] Safepoint "ICBufferFull", Time since last: 1713366 ns, Reaching safepoint: 18701 ns, At safepoint: 1100 ns, Total: 19801 ns
[4.275s][info ][safepoint      ] Safepoint "ICBufferFull", Time since last: 1778568 ns, Reaching safepoint: 19301 ns, At safepoint: 1200 ns, Total: 20501 ns
[4.277s][info ][safepoint      ] Safepoint "ICBufferFull", Time since last: 1730066 ns, Reaching safepoint: 29501 ns, At safepoint: 1300 ns, Total: 30801 ns
[4.279s][info ][safepoint      ] Safepoint "ICBufferFull", Time since last: 1844971 ns, Reaching safepoint: 22201 ns, At safepoint: 1400 ns, Total: 23601 ns
[4.281s][info ][safepoint      ] Safepoint "ICBufferFull", Time since last: 1655864 ns, Reaching safepoint: 19100 ns, At safepoint: 1500 ns, Total: 20600 ns
[4.282s][info ][safepoint      ] Safepoint "ICBufferFull", Time since last: 1708566 ns, Reaching safepoint: 22601 ns, At safepoint: 1300 ns, Total: 23901 ns
[4.284s][info ][safepoint      ] Safepoint "ICBufferFull", Time since last: 1752067 ns, Reaching safepoint: 26701 ns, At safepoint: 1500 ns, Total: 28201 ns
[4.299s][info ][safepoint      ] Safepoint "ICBufferFull", Time since last: 14837269 ns, Reaching safepoint: 57002 ns, At safepoint: 4501 ns, Total: 61503 ns
[4.317s][info ][safepoint      ] Safepoint "ICBufferFull", Time since last: 18134095 ns, Reaching safepoint: 63903 ns, At safepoint: 2800 ns, Total: 66703 ns
[4.341s][info ][safepoint      ] Safepoint "ICBufferFull", Time since last: 23550903 ns, Reaching safepoint: 55702 ns, At safepoint: 3500 ns, Total: 59202 ns
[4.366s][info ][safepoint      ] Safepoint "ICBufferFull", Time since last: 25092463 ns, Reaching safepoint: 43201 ns, At safepoint: 7101 ns, Total: 50302 ns
[4.374s][info ][safepoint      ] Safepoint "ICBufferFull", Time since last: 8086010 ns, Reaching safepoint: 49001 ns, At safepoint: 3001 ns, Total: 52002 ns
[4.438s][info ][safepoint      ] Safepoint "ICBufferFull", Time since last: 63935951 ns, Reaching safepoint: 78103 ns, At safepoint: 2600 ns, Total: 80703 ns
[4.631s][info ][safepoint      ] Safepoint "ICBufferFull", Time since last: 193139807 ns, Reaching safepoint: 151905 ns, At safepoint: 12801 ns, Total: 164706 ns
[4.871s][info ][safepoint      ] Safepoint "ICBufferFull", Time since last: 239400180 ns, Reaching safepoint: 227709 ns, At safepoint: 14600 ns, Total: 242309 ns
[5.080s][debug][gc,phases      ] GC(4) Pre Compact 0.018ms
[5.080s][info ][gc,start       ] GC(4) Pause Full (Metadata GC Threshold)
[5.080s][info ][gc,phases,start] GC(4) Marking Phase
[5.125s][debug][gc,phases      ] GC(4) Par Mark 45.416ms
[5.125s][debug][gc,ref         ] GC(4) Skipped phase 1 of Reference Processing: no references
[5.126s][debug][gc,ref         ] GC(4) ReferenceProcessor::execute queues: 4, RefProcThreadModel::Multi, marks_oops_alive: false
[5.126s][debug][gc,ref         ] GC(4) Skipped phase 3 of Reference Processing: no references
[5.126s][debug][gc,ref         ] GC(4) ReferenceProcessor::execute queues: 4, RefProcThreadModel::Multi, marks_oops_alive: false
[5.126s][debug][gc,phases      ] GC(4) Reference Processing 1.284ms
[5.127s][debug][gc,phases      ] GC(4)   VM Weak                        Min:  0.0, Avg:  0.0, Max:  0.0, Diff:  0.0, Sum:  0.0, Workers: 4
[5.127s][debug][gc,phases      ] GC(4)     Dead                           Min: 0, Avg:  0.8, Max: 3, Diff: 3, Sum: 3, Workers: 4
[5.127s][debug][gc,phases      ] GC(4)     Total                          Min: 0, Avg: 120.5, Max: 290, Diff: 290, Sum: 482, Workers: 4
[5.127s][debug][gc,phases      ] GC(4)   ObjectSynchronizer Weak        Min:  0.0, Avg:  0.0, Max:  0.0, Diff:  0.0, Sum:  0.0, Workers: 4
[5.127s][debug][gc,phases      ] GC(4)     Dead                           Min: 0, Avg:  3.5, Max: 14, Diff: 14, Sum: 14, Workers: 4
[5.127s][debug][gc,phases      ] GC(4)     Total                          Min: 0, Avg: 12.0, Max: 48, Diff: 48, Sum: 48, Workers: 4
[5.127s][debug][gc,phases      ] GC(4)   JVMTI Tag Weak OopStorage      Min:  0.0, Avg:  0.0, Max:  0.0, Diff:  0.0, Sum:  0.0, Workers: 4
[5.127s][debug][gc,phases      ] GC(4)     Dead                           Min: 0, Avg:  0.0, Max: 0, Diff: 0, Sum: 0, Workers: 4
[5.127s][debug][gc,phases      ] GC(4)     Total                          Min: 0, Avg:  0.0, Max: 0, Diff: 0, Sum: 0, Workers: 4
[5.127s][debug][gc,phases      ] GC(4)   StringTable Weak               Min:  0.1, Avg:  0.1, Max:  0.2, Diff:  0.0, Sum:  0.6, Workers: 4
[5.127s][debug][gc,phases      ] GC(4)     Dead                           Min: 3, Avg:  7.5, Max: 16, Diff: 13, Sum: 30, Workers: 4
[5.127s][debug][gc,phases      ] GC(4)     Total                          Min: 9028, Avg: 10177.0, Max: 11584, Diff: 2556, Sum: 40708, Workers: 4
[5.127s][debug][gc,phases      ] GC(4)   ResolvedMethodTable Weak       Min:  0.0, Avg:  0.0, Max:  0.0, Diff:  0.0, Sum:  0.1, Workers: 4
[5.127s][debug][gc,phases      ] GC(4)     Dead                           Min: 36, Avg: 57.0, Max: 86, Diff: 50, Sum: 228, Workers: 4
[5.127s][debug][gc,phases      ] GC(4)     Total                          Min: 1230, Avg: 1523.5, Max: 1728, Diff: 498, Sum: 6094, Workers: 4
[5.127s][debug][gc,phases      ] GC(4)   JNI Weak                       Min:  0.0, Avg:  0.0, Max:  0.0, Diff:  0.0, Sum:  0.0, Workers: 4
[5.127s][debug][gc,phases      ] GC(4)     Dead                           Min: 0, Avg:  0.0, Max: 0, Diff: 0, Sum: 0, Workers: 4
[5.127s][debug][gc,phases      ] GC(4)     Total                          Min: 0, Avg:  2.0, Max: 8, Diff: 8, Sum: 8, Workers: 4
[5.127s][debug][gc,phases      ] GC(4)   StringDedup Table Weak         Min:  0.0, Avg:  0.0, Max:  0.0, Diff:  0.0, Sum:  0.0, Workers: 4
[5.127s][debug][gc,phases      ] GC(4)     Dead                           Min: 0, Avg:  0.0, Max: 0, Diff: 0, Sum: 0, Workers: 4
[5.127s][debug][gc,phases      ] GC(4)     Total                          Min: 0, Avg:  0.0, Max: 0, Diff: 0, Sum: 0, Workers: 4
[5.127s][debug][gc,phases      ] GC(4)   StringDedup Requests0 Weak     Min:  0.0, Avg:  0.0, Max:  0.0, Diff:  0.0, Sum:  0.0, Workers: 4
[5.127s][debug][gc,phases      ] GC(4)     Dead                           Min: 0, Avg:  0.0, Max: 0, Diff: 0, Sum: 0, Workers: 4
[5.127s][debug][gc,phases      ] GC(4)     Total                          Min: 0, Avg:  0.0, Max: 0, Diff: 0, Sum: 0, Workers: 4
[5.127s][debug][gc,phases      ] GC(4)   StringDedup Requests1 Weak     Min:  0.0, Avg:  0.0, Max:  0.0, Diff:  0.0, Sum:  0.0, Workers: 4
[5.127s][debug][gc,phases      ] GC(4)     Dead                           Min: 0, Avg:  0.0, Max: 0, Diff: 0, Sum: 0, Workers: 4
[5.127s][debug][gc,phases      ] GC(4)     Total                          Min: 0, Avg:  0.0, Max: 0, Diff: 0, Sum: 0, Workers: 4
[5.127s][debug][gc,phases      ] GC(4)   Weak JFR Old Object Samples    Min:  0.0, Avg:  0.0, Max:  0.0, Diff:  0.0, Sum:  0.0, Workers: 4
[5.127s][debug][gc,phases      ] GC(4)     Dead                           Min: 0, Avg:  0.0, Max: 0, Diff: 0, Sum: 0, Workers: 4
[5.127s][debug][gc,phases      ] GC(4)     Total                          Min: 0, Avg:  0.0, Max: 0, Diff: 0, Sum: 0, Workers: 4
[5.127s][debug][gc,phases      ] GC(4) Weak Processing 0.371ms
[5.127s][debug][gc,phases      ] GC(4) ClassLoaderData 0.154ms
[5.127s][debug][gc,phases      ] GC(4) Trigger cleanups 0.001ms
[5.137s][debug][gc,phases      ] GC(4) Class Unloading 10.370ms
[5.137s][info ][gc,phases      ] GC(4) Marking Phase 57.599ms
[5.137s][info ][gc,phases,start] GC(4) Summary Phase
[5.137s][info ][gc,phases      ] GC(4) Summary Phase 0.019ms
[5.137s][info ][gc,phases,start] GC(4) Adjust Roots
[5.146s][info ][gc,phases      ] GC(4) Adjust Roots 8.437ms
[5.146s][info ][gc,phases,start] GC(4) Compaction Phase
[5.252s][info ][gc,phases      ] GC(4) Compaction Phase 106.585ms
[5.252s][info ][gc,phases,start] GC(4) Post Compact
[5.255s][info ][gc,phases      ] GC(4) Post Compact 2.896ms
[5.255s][info ][gc,heap        ] GC(4) PSYoungGen: 685638K(1572864K)->107947K(1572864K) Eden: 627316K(1048576K)->107947K(1048576K) From: 58322K(524288K)->0K(524288K)
[5.255s][info ][gc,heap        ] GC(4) ParOldGen: 6119K(6144K)->6136K(6144K)
[5.255s][info ][gc,metaspace   ] GC(4) Metaspace: 59172K(59776K)->59166K(59776K) NonClass: 50325K(50624K)->50321K(50624K) Class: 8846K(9152K)->8844K(9152K)
[5.255s][info ][gc             ] GC(4) Pause Full (Metadata GC Threshold) 675M->111M(1542M) 175.738ms
[5.255s][info ][gc,cpu         ] GC(4) User=0.64s Sys=0.01s Real=0.18s
[5.255s][info ][safepoint      ] Safepoint "CollectForMetadataAllocation", Time since last: 208421292 ns, Reaching safepoint: 102604 ns, At safepoint: 175857444 ns, Total: 175960048 ns
[5.472s][info ][safepoint      ] Safepoint "ICBufferFull", Time since last: 216399297 ns, Reaching safepoint: 170406 ns, At safepoint: 5101 ns, Total: 175507 ns
[5.567s][info ][safepoint      ] Safepoint "ICBufferFull", Time since last: 94947440 ns, Reaching safepoint: 249609 ns, At safepoint: 5300 ns, Total: 254909 ns
[5.880s][info ][safepoint      ] Safepoint "ICBufferFull", Time since last: 313008900 ns, Reaching safepoint: 173807 ns, At safepoint: 3100 ns, Total: 176907 ns
[6.026s][info ][safepoint      ] Safepoint "ICBufferFull", Time since last: 144949557 ns, Reaching safepoint: 170206 ns, At safepoint: 5300 ns, Total: 175506 ns
[6.075s][info ][safepoint      ] Safepoint "ICBufferFull", Time since last: 48901475 ns, Reaching safepoint: 137505 ns, At safepoint: 14101 ns, Total: 151606 ns
[6.161s][info ][safepoint      ] Safepoint "ICBufferFull", Time since last: 86053499 ns, Reaching safepoint: 184607 ns, At safepoint: 5300 ns, Total: 189907 ns
[6.473s][info ][safepoint      ] Safepoint "ICBufferFull", Time since last: 312305072 ns, Reaching safepoint: 184007 ns, At safepoint: 2700 ns, Total: 186707 ns
[6.747s][info ][safepoint      ] Safepoint "ICBufferFull", Time since last: 273899098 ns, Reaching safepoint: 232009 ns, At safepoint: 6600 ns, Total: 238609 ns
[7.300s][info ][safepoint      ] Safepoint "ICBufferFull", Time since last: 552229166 ns, Reaching safepoint: 205308 ns, At safepoint: 21601 ns, Total: 226909 ns
[7.363s][debug][gc,phases      ] GC(5) Pre Compact 0.025ms
[7.363s][info ][gc,start       ] GC(5) Pause Full (Ergonomics)
[7.363s][info ][gc,phases,start] GC(5) Marking Phase
[7.555s][debug][gc,phases      ] GC(5) Par Mark 192.541ms
[7.555s][debug][gc,ref         ] GC(5) Skipped phase 1 of Reference Processing: no references
[7.556s][debug][gc,ref         ] GC(5) ReferenceProcessor::execute queues: 2, RefProcThreadModel::Multi, marks_oops_alive: false
[7.556s][debug][gc,ref         ] GC(5) Skipped phase 3 of Reference Processing: no references
[7.556s][debug][gc,ref         ] GC(5) ReferenceProcessor::execute queues: 1, RefProcThreadModel::Single, marks_oops_alive: false
[7.556s][debug][gc,phases      ] GC(5) Reference Processing 0.424ms
[7.556s][debug][gc,phases      ] GC(5)   VM Weak                        Min:  0.0, Avg:  0.0, Max:  0.0, Diff:  0.0, Sum:  0.0, Workers: 4
[7.556s][debug][gc,phases      ] GC(5)     Dead                           Min: 0, Avg:  0.0, Max: 0, Diff: 0, Sum: 0, Workers: 4
[7.556s][debug][gc,phases      ] GC(5)     Total                          Min: 0, Avg: 145.2, Max: 453, Diff: 453, Sum: 581, Workers: 4
[7.556s][debug][gc,phases      ] GC(5)   ObjectSynchronizer Weak        Min:  0.0, Avg:  0.0, Max:  0.0, Diff:  0.0, Sum:  0.0, Workers: 4
[7.556s][debug][gc,phases      ] GC(5)     Dead                           Min: 0, Avg:  0.0, Max: 0, Diff: 0, Sum: 0, Workers: 4
[7.556s][debug][gc,phases      ] GC(5)     Total                          Min: 0, Avg: 12.2, Max: 49, Diff: 49, Sum: 49, Workers: 4
[7.556s][debug][gc,phases      ] GC(5)   JVMTI Tag Weak OopStorage      Min:  0.0, Avg:  0.0, Max:  0.0, Diff:  0.0, Sum:  0.0, Workers: 4
[7.556s][debug][gc,phases      ] GC(5)     Dead                           Min: 0, Avg:  0.0, Max: 0, Diff: 0, Sum: 0, Workers: 4
[7.556s][debug][gc,phases      ] GC(5)     Total                          Min: 0, Avg:  0.0, Max: 0, Diff: 0, Sum: 0, Workers: 4
[7.556s][debug][gc,phases      ] GC(5)   StringTable Weak               Min:  0.1, Avg:  0.1, Max:  0.1, Diff:  0.0, Sum:  0.6, Workers: 4
[7.556s][debug][gc,phases      ] GC(5)     Dead                           Min: 0, Avg:  6.0, Max: 15, Diff: 15, Sum: 24, Workers: 4
[7.556s][debug][gc,phases      ] GC(5)     Total                          Min: 8729, Avg: 10774.2, Max: 12352, Diff: 3623, Sum: 43097, Workers: 4
[7.556s][debug][gc,phases      ] GC(5)   ResolvedMethodTable Weak       Min:  0.0, Avg:  0.0, Max:  0.0, Diff:  0.0, Sum:  0.1, Workers: 4
[7.556s][debug][gc,phases      ] GC(5)     Dead                           Min: 13, Avg: 50.8, Max: 129, Diff: 116, Sum: 203, Workers: 4
[7.556s][debug][gc,phases      ] GC(5)     Total                          Min: 1344, Avg: 1657.8, Max: 1984, Diff: 640, Sum: 6631, Workers: 4
[7.556s][debug][gc,phases      ] GC(5)   JNI Weak                       Min:  0.0, Avg:  0.0, Max:  0.0, Diff:  0.0, Sum:  0.0, Workers: 4
[7.556s][debug][gc,phases      ] GC(5)     Dead                           Min: 0, Avg:  0.0, Max: 0, Diff: 0, Sum: 0, Workers: 4
[7.556s][debug][gc,phases      ] GC(5)     Total                          Min: 0, Avg:  1.0, Max: 4, Diff: 4, Sum: 4, Workers: 4
[7.556s][debug][gc,phases      ] GC(5)   StringDedup Table Weak         Min:  0.0, Avg:  0.0, Max:  0.0, Diff:  0.0, Sum:  0.0, Workers: 4
[7.556s][debug][gc,phases      ] GC(5)     Dead                           Min: 0, Avg:  0.0, Max: 0, Diff: 0, Sum: 0, Workers: 4
[7.556s][debug][gc,phases      ] GC(5)     Total                          Min: 0, Avg:  0.0, Max: 0, Diff: 0, Sum: 0, Workers: 4
[7.556s][debug][gc,phases      ] GC(5)   StringDedup Requests0 Weak     Min:  0.0, Avg:  0.0, Max:  0.0, Diff:  0.0, Sum:  0.0, Workers: 4
[7.556s][debug][gc,phases      ] GC(5)     Dead                           Min: 0, Avg:  0.0, Max: 0, Diff: 0, Sum: 0, Workers: 4
[7.556s][debug][gc,phases      ] GC(5)     Total                          Min: 0, Avg:  0.0, Max: 0, Diff: 0, Sum: 0, Workers: 4
[7.556s][debug][gc,phases      ] GC(5)   StringDedup Requests1 Weak     Min:  0.0, Avg:  0.0, Max:  0.0, Diff:  0.0, Sum:  0.0, Workers: 4
[7.556s][debug][gc,phases      ] GC(5)     Dead                           Min: 0, Avg:  0.0, Max: 0, Diff: 0, Sum: 0, Workers: 4
[7.556s][debug][gc,phases      ] GC(5)     Total                          Min: 0, Avg:  0.0, Max: 0, Diff: 0, Sum: 0, Workers: 4
[7.556s][debug][gc,phases      ] GC(5)   Weak JFR Old Object Samples    Min:  0.0, Avg:  0.0, Max:  0.0, Diff:  0.0, Sum:  0.0, Workers: 4
[7.556s][debug][gc,phases      ] GC(5)     Dead                           Min: 0, Avg:  0.0, Max: 0, Diff: 0, Sum: 0, Workers: 4
[7.556s][debug][gc,phases      ] GC(5)     Total                          Min: 0, Avg:  0.0, Max: 0, Diff: 0, Sum: 0, Workers: 4
[7.556s][debug][gc,phases      ] GC(5) Weak Processing 0.361ms
[7.556s][debug][gc,phases      ] GC(5) ClassLoaderData 0.117ms
[7.556s][debug][gc,phases      ] GC(5) Trigger cleanups 0.000ms
[7.565s][debug][gc,phases      ] GC(5) Class Unloading 8.781ms
[7.565s][info ][gc,phases      ] GC(5) Marking Phase 202.269ms
[7.565s][info ][gc,phases,start] GC(5) Summary Phase
[7.565s][info ][gc,phases      ] GC(5) Summary Phase 0.027ms
[7.565s][info ][gc,phases,start] GC(5) Adjust Roots
[7.574s][info ][gc,phases      ] GC(5) Adjust Roots 9.270ms
[7.574s][info ][gc,phases,start] GC(5) Compaction Phase
[8.077s][info ][gc,phases      ] GC(5) Compaction Phase 502.745ms
[8.077s][info ][gc,phases,start] GC(5) Post Compact
[8.081s][info ][gc,phases      ] GC(5) Post Compact 4.079ms
[8.081s][info ][gc,heap        ] GC(5) PSYoungGen: 1048576K(1572864K)->545233K(1572864K) Eden: 1048576K(1048576K)->545233K(1048576K) From: 0K(524288K)->0K(524288K)
[8.081s][info ][gc,heap        ] GC(5) ParOldGen: 6136K(6144K)->6132K(18944K)
[8.081s][info ][gc,metaspace   ] GC(5) Metaspace: 66822K(67584K)->66822K(67584K) NonClass: 57024K(57408K)->57024K(57408K) Class: 9797K(10176K)->9797K(10176K)
[8.081s][info ][gc             ] GC(5) Pause Full (Ergonomics) 1029M->538M(1554M) 718.620ms
[8.081s][info ][gc,cpu         ] GC(5) User=2.75s Sys=0.02s Real=0.72s
[8.082s][info ][safepoint      ] Safepoint "ParallelGCFailedAllocation", Time since last: 62526096 ns, Reaching safepoint: 127405 ns, At safepoint: 719321563 ns, Total: 719448968 ns
[8.222s][info ][safepoint      ] Safepoint "ICBufferFull", Time since last: 139558248 ns, Reaching safepoint: 184707 ns, At safepoint: 9200 ns, Total: 193907 ns
[8.300s][info ][safepoint      ] Safepoint "ICBufferFull", Time since last: 78458307 ns, Reaching safepoint: 169406 ns, At safepoint: 9800 ns, Total: 179206 ns
[9.161s][info ][safepoint      ] Safepoint "ICBufferFull", Time since last: 860407662 ns, Reaching safepoint: 222409 ns, At safepoint: 10200 ns, Total: 232609 ns
[9.436s][info ][gc,start       ] GC(6) Pause Young (Allocation Failure)
[9.797s][debug][gc,phases      ] GC(6) Scavenge 361.122ms
[9.797s][debug][gc,ref         ] GC(6) Skipped phase 1 of Reference Processing: no references
[9.798s][debug][gc,ref         ] GC(6) ReferenceProcessor::execute queues: 4, RefProcThreadModel::Multi, marks_oops_alive: false
[9.798s][debug][gc,ref         ] GC(6) Skipped phase 3 of Reference Processing: no references
[9.798s][debug][gc,ref         ] GC(6) ReferenceProcessor::execute queues: 1, RefProcThreadModel::Single, marks_oops_alive: false
[9.798s][debug][gc,phases      ] GC(6) Reference Processing 0.403ms
[9.798s][debug][gc,phases      ] GC(6)   VM Weak                        Min:  0.0, Avg:  0.0, Max:  0.0, Diff:  0.0, Sum:  0.0, Workers: 4
[9.798s][debug][gc,phases      ] GC(6)     Dead                           Min: 0, Avg:  0.0, Max: 0, Diff: 0, Sum: 0, Workers: 4
[9.798s][debug][gc,phases      ] GC(6)     Total                          Min: 0, Avg: 151.8, Max: 607, Diff: 607, Sum: 607, Workers: 4
[9.798s][debug][gc,phases      ] GC(6)   ObjectSynchronizer Weak        Min:  0.0, Avg:  0.0, Max:  0.0, Diff:  0.0, Sum:  0.0, Workers: 4
[9.798s][debug][gc,phases      ] GC(6)     Dead                           Min: 0, Avg:  0.0, Max: 0, Diff: 0, Sum: 0, Workers: 4
[9.798s][debug][gc,phases      ] GC(6)     Total                          Min: 0, Avg: 12.2, Max: 49, Diff: 49, Sum: 49, Workers: 4
[9.798s][debug][gc,phases      ] GC(6)   JVMTI Tag Weak OopStorage      Min:  0.0, Avg:  0.0, Max:  0.0, Diff:  0.0, Sum:  0.0, Workers: 4
[9.798s][debug][gc,phases      ] GC(6)     Dead                           Min: 0, Avg:  0.0, Max: 0, Diff: 0, Sum: 0, Workers: 4
[9.798s][debug][gc,phases      ] GC(6)     Total                          Min: 0, Avg:  0.0, Max: 0, Diff: 0, Sum: 0, Workers: 4
[9.798s][debug][gc,phases      ] GC(6)   StringTable Weak               Min:  0.3, Avg:  0.3, Max:  0.4, Diff:  0.0, Sum:  1.4, Workers: 4
[9.798s][debug][gc,phases      ] GC(6)     Dead                           Min: 0, Avg:  4.0, Max: 12, Diff: 12, Sum: 16, Workers: 4
[9.798s][debug][gc,phases      ] GC(6)     Total                          Min: 6592, Avg: 10856.0, Max: 13792, Diff: 7200, Sum: 43424, Workers: 4
[9.798s][debug][gc,phases      ] GC(6)   ResolvedMethodTable Weak       Min:  0.1, Avg:  0.1, Max:  0.1, Diff:  0.0, Sum:  0.2, Workers: 4
[9.798s][debug][gc,phases      ] GC(6)     Dead                           Min: 0, Avg: 11.5, Max: 28, Diff: 28, Sum: 46, Workers: 4
[9.798s][debug][gc,phases      ] GC(6)     Total                          Min: 1088, Avg: 1671.0, Max: 2112, Diff: 1024, Sum: 6684, Workers: 4
[9.798s][debug][gc,phases      ] GC(6)   JNI Weak                       Min:  0.0, Avg:  0.0, Max:  0.0, Diff:  0.0, Sum:  0.0, Workers: 4
[9.798s][debug][gc,phases      ] GC(6)     Dead                           Min: 0, Avg:  0.0, Max: 0, Diff: 0, Sum: 0, Workers: 4
[9.798s][debug][gc,phases      ] GC(6)     Total                          Min: 0, Avg:  5.2, Max: 21, Diff: 21, Sum: 21, Workers: 4
[9.798s][debug][gc,phases      ] GC(6)   StringDedup Table Weak         Min:  0.0, Avg:  0.0, Max:  0.0, Diff:  0.0, Sum:  0.0, Workers: 4
[9.798s][debug][gc,phases      ] GC(6)     Dead                           Min: 0, Avg:  0.0, Max: 0, Diff: 0, Sum: 0, Workers: 4
[9.798s][debug][gc,phases      ] GC(6)     Total                          Min: 0, Avg:  0.0, Max: 0, Diff: 0, Sum: 0, Workers: 4
[9.798s][debug][gc,phases      ] GC(6)   StringDedup Requests0 Weak     Min:  0.0, Avg:  0.0, Max:  0.0, Diff:  0.0, Sum:  0.0, Workers: 4
[9.798s][debug][gc,phases      ] GC(6)     Dead                           Min: 0, Avg:  0.0, Max: 0, Diff: 0, Sum: 0, Workers: 4
[9.798s][debug][gc,phases      ] GC(6)     Total                          Min: 0, Avg:  0.0, Max: 0, Diff: 0, Sum: 0, Workers: 4
[9.798s][debug][gc,phases      ] GC(6)   StringDedup Requests1 Weak     Min:  0.0, Avg:  0.0, Max:  0.0, Diff:  0.0, Sum:  0.0, Workers: 4
[9.798s][debug][gc,phases      ] GC(6)     Dead                           Min: 0, Avg:  0.0, Max: 0, Diff: 0, Sum: 0, Workers: 4
[9.798s][debug][gc,phases      ] GC(6)     Total                          Min: 0, Avg:  0.0, Max: 0, Diff: 0, Sum: 0, Workers: 4
[9.798s][debug][gc,phases      ] GC(6)   Weak JFR Old Object Samples    Min:  0.0, Avg:  0.0, Max:  0.0, Diff:  0.0, Sum:  0.0, Workers: 4
[9.798s][debug][gc,phases      ] GC(6)     Dead                           Min: 0, Avg:  0.0, Max: 0, Diff: 0, Sum: 0, Workers: 4
[9.798s][debug][gc,phases      ] GC(6)     Total                          Min: 0, Avg:  0.0, Max: 0, Diff: 0, Sum: 0, Workers: 4
[9.799s][debug][gc,phases      ] GC(6) Weak Processing 0.613ms
[9.799s][debug][gc,age         ] GC(6) Desired survivor size 536870912 bytes, new threshold 7 (max threshold 15)
[9.799s][info ][gc,heap        ] GC(6) PSYoungGen: 1048576K(1572864K)->524273K(1572864K) Eden: 1048576K(1048576K)->0K(1048576K) From: 0K(524288K)->524273K(524288K)
[9.799s][info ][gc,heap        ] GC(6) ParOldGen: 6132K(18944K)->149296K(149504K)
[9.799s][info ][gc,metaspace   ] GC(6) Metaspace: 68308K(69120K)->68308K(69120K) NonClass: 58331K(58752K)->58331K(58752K) Class: 9976K(10368K)->9976K(10368K)
[9.799s][info ][gc             ] GC(6) Pause Young (Allocation Failure) 1029M->657M(1682M) 362.274ms
[9.799s][info ][gc,cpu         ] GC(6) User=1.19s Sys=0.25s Real=0.36s
[9.799s][debug][gc,phases      ] GC(7) Pre Compact 0.010ms
[9.799s][info ][gc,start       ] GC(7) Pause Full (Ergonomics)
[9.799s][info ][gc,phases,start] GC(7) Marking Phase
[9.998s][debug][gc,phases      ] GC(7) Par Mark 199.750ms
[9.998s][debug][gc,ref         ] GC(7) Skipped phase 1 of Reference Processing: no references
[9.999s][debug][gc,ref         ] GC(7) ReferenceProcessor::execute queues: 4, RefProcThreadModel::Multi, marks_oops_alive: false
[9.999s][debug][gc,ref         ] GC(7) Skipped phase 3 of Reference Processing: no references
[9.999s][debug][gc,ref         ] GC(7) ReferenceProcessor::execute queues: 1, RefProcThreadModel::Single, marks_oops_alive: false
[9.999s][debug][gc,phases      ] GC(7) Reference Processing 0.309ms
[9.999s][debug][gc,phases      ] GC(7)   VM Weak                        Min:  0.0, Avg:  0.0, Max:  0.0, Diff:  0.0, Sum:  0.0, Workers: 4
[9.999s][debug][gc,phases      ] GC(7)     Dead                           Min: 0, Avg:  0.0, Max: 0, Diff: 0, Sum: 0, Workers: 4
[9.999s][debug][gc,phases      ] GC(7)     Total                          Min: 0, Avg: 151.8, Max: 384, Diff: 384, Sum: 607, Workers: 4
[9.999s][debug][gc,phases      ] GC(7)   ObjectSynchronizer Weak        Min:  0.0, Avg:  0.0, Max:  0.0, Diff:  0.0, Sum:  0.0, Workers: 4
[9.999s][debug][gc,phases      ] GC(7)     Dead                           Min: 0, Avg:  0.0, Max: 0, Diff: 0, Sum: 0, Workers: 4
[9.999s][debug][gc,phases      ] GC(7)     Total                          Min: 0, Avg: 12.2, Max: 49, Diff: 49, Sum: 49, Workers: 4
[9.999s][debug][gc,phases      ] GC(7)   JVMTI Tag Weak OopStorage      Min:  0.0, Avg:  0.0, Max:  0.0, Diff:  0.0, Sum:  0.0, Workers: 4
[9.999s][debug][gc,phases      ] GC(7)     Dead                           Min: 0, Avg:  0.0, Max: 0, Diff: 0, Sum: 0, Workers: 4
[9.999s][debug][gc,phases      ] GC(7)     Total                          Min: 0, Avg:  0.0, Max: 0, Diff: 0, Sum: 0, Workers: 4
[9.999s][debug][gc,phases      ] GC(7)   StringTable Weak               Min:  0.1, Avg:  0.1, Max:  0.1, Diff:  0.0, Sum:  0.6, Workers: 4
[9.999s][debug][gc,phases      ] GC(7)     Dead                           Min: 0, Avg:  0.0, Max: 0, Diff: 0, Sum: 0, Workers: 4
[9.999s][debug][gc,phases      ] GC(7)     Total                          Min: 9504, Avg: 10856.0, Max: 12032, Diff: 2528, Sum: 43424, Workers: 4
[9.999s][debug][gc,phases      ] GC(7)   ResolvedMethodTable Weak       Min:  0.0, Avg:  0.0, Max:  0.0, Diff:  0.0, Sum:  0.1, Workers: 4
[9.999s][debug][gc,phases      ] GC(7)     Dead                           Min: 0, Avg:  0.0, Max: 0, Diff: 0, Sum: 0, Workers: 4
[9.999s][debug][gc,phases      ] GC(7)     Total                          Min: 1408, Avg: 1671.0, Max: 1792, Diff: 384, Sum: 6684, Workers: 4
[9.999s][debug][gc,phases      ] GC(7)   JNI Weak                       Min:  0.0, Avg:  0.0, Max:  0.0, Diff:  0.0, Sum:  0.0, Workers: 4
[9.999s][debug][gc,phases      ] GC(7)     Dead                           Min: 0, Avg:  0.0, Max: 0, Diff: 0, Sum: 0, Workers: 4
[9.999s][debug][gc,phases      ] GC(7)     Total                          Min: 0, Avg:  5.2, Max: 21, Diff: 21, Sum: 21, Workers: 4
[9.999s][debug][gc,phases      ] GC(7)   StringDedup Table Weak         Min:  0.0, Avg:  0.0, Max:  0.0, Diff:  0.0, Sum:  0.0, Workers: 4
[9.999s][debug][gc,phases      ] GC(7)     Dead                           Min: 0, Avg:  0.0, Max: 0, Diff: 0, Sum: 0, Workers: 4
[9.999s][debug][gc,phases      ] GC(7)     Total                          Min: 0, Avg:  0.0, Max: 0, Diff: 0, Sum: 0, Workers: 4
[9.999s][debug][gc,phases      ] GC(7)   StringDedup Requests0 Weak     Min:  0.0, Avg:  0.0, Max:  0.0, Diff:  0.0, Sum:  0.0, Workers: 4
[9.999s][debug][gc,phases      ] GC(7)     Dead                           Min: 0, Avg:  0.0, Max: 0, Diff: 0, Sum: 0, Workers: 4
[9.999s][debug][gc,phases      ] GC(7)     Total                          Min: 0, Avg:  0.0, Max: 0, Diff: 0, Sum: 0, Workers: 4
[9.999s][debug][gc,phases      ] GC(7)   StringDedup Requests1 Weak     Min:  0.0, Avg:  0.0, Max:  0.0, Diff:  0.0, Sum:  0.0, Workers: 4
[9.999s][debug][gc,phases      ] GC(7)     Dead                           Min: 0, Avg:  0.0, Max: 0, Diff: 0, Sum: 0, Workers: 4
[9.999s][debug][gc,phases      ] GC(7)     Total                          Min: 0, Avg:  0.0, Max: 0, Diff: 0, Sum: 0, Workers: 4
[9.999s][debug][gc,phases      ] GC(7)   Weak JFR Old Object Samples    Min:  0.0, Avg:  0.0, Max:  0.0, Diff:  0.0, Sum:  0.0, Workers: 4
[9.999s][debug][gc,phases      ] GC(7)     Dead                           Min: 0, Avg:  0.0, Max: 0, Diff: 0, Sum: 0, Workers: 4
[9.999s][debug][gc,phases      ] GC(7)     Total                          Min: 0, Avg:  0.0, Max: 0, Diff: 0, Sum: 0, Workers: 4
[9.999s][debug][gc,phases      ] GC(7) Weak Processing 0.346ms
[9.999s][debug][gc,phases      ] GC(7) ClassLoaderData 0.077ms
[9.999s][debug][gc,phases      ] GC(7) Trigger cleanups 0.000ms
[10.007s][debug][gc,phases      ] GC(7) Class Unloading 7.816ms
[10.007s][info ][gc,phases      ] GC(7) Marking Phase 208.390ms
[10.007s][info ][gc,phases,start] GC(7) Summary Phase
[10.007s][info ][gc,phases      ] GC(7) Summary Phase 0.015ms
[10.007s][info ][gc,phases,start] GC(7) Adjust Roots
[10.018s][info ][gc,phases      ] GC(7) Adjust Roots 11.040ms
[10.018s][info ][gc,phases,start] GC(7) Compaction Phase
[10.709s][info ][gc,phases      ] GC(7) Compaction Phase 690.966ms
[10.709s][info ][gc,phases,start] GC(7) Post Compact
[10.712s][info ][gc,phases      ] GC(7) Post Compact 2.707ms
[10.712s][info ][gc,heap        ] GC(7) PSYoungGen: 524273K(1572864K)->516888K(1572864K) Eden: 0K(1048576K)->0K(1048576K) From: 524273K(524288K)->516888K(524288K)
[10.712s][info ][gc,heap        ] GC(7) ParOldGen: 149296K(149504K)->149132K(315904K)
[10.712s][info ][gc,metaspace   ] GC(7) Metaspace: 68308K(69120K)->68308K(69120K) NonClass: 58331K(58752K)->58331K(58752K) Class: 9976K(10368K)->9976K(10368K)
[10.712s][info ][gc             ] GC(7) Pause Full (Ergonomics) 657M->650M(1844M) 913.492ms
[10.712s][info ][gc,cpu         ] GC(7) User=3.57s Sys=0.01s Real=0.91s
[10.712s][info ][safepoint      ] Safepoint "ParallelGCFailedAllocation", Time since last: 275046736 ns, Reaching safepoint: 247810 ns, At safepoint: 1275914964 ns, Total: 1276162774 ns
[11.712s][info ][safepoint      ] Safepoint "Cleanup", Time since last: 1000087691 ns, Reaching safepoint: 221208 ns, At safepoint: 12401 ns, Total: 233609 ns
[12.346s][info ][safepoint      ] Safepoint "ICBufferFull", Time since last: 633593455 ns, Reaching safepoint: 247709 ns, At safepoint: 9000 ns, Total: 256709 ns
[12.567s][info ][safepoint      ] Safepoint "ICBufferFull", Time since last: 220912455 ns, Reaching safepoint: 208608 ns, At safepoint: 12901 ns, Total: 221509 ns
[13.446s][info ][safepoint      ] Safepoint "ICBufferFull", Time since last: 878175909 ns, Reaching safepoint: 325912 ns, At safepoint: 13601 ns, Total: 339513 ns
[14.117s][info ][gc,start       ] GC(8) Pause Young (Allocation Failure)
[14.355s][debug][gc,phases      ] GC(8) Scavenge 237.793ms
[14.355s][debug][gc,ref         ] GC(8) Skipped phase 1 of Reference Processing: no references
[14.355s][debug][gc,ref         ] GC(8) ReferenceProcessor::execute queues: 2, RefProcThreadModel::Multi, marks_oops_alive: false
[14.355s][debug][gc,ref         ] GC(8) Skipped phase 3 of Reference Processing: no references
[14.355s][debug][gc,ref         ] GC(8) ReferenceProcessor::execute queues: 1, RefProcThreadModel::Single, marks_oops_alive: false
[14.355s][debug][gc,phases      ] GC(8) Reference Processing 0.218ms
[14.356s][debug][gc,phases      ] GC(8)   VM Weak                        Min:  0.0, Avg:  0.0, Max:  0.0, Diff:  0.0, Sum:  0.0, Workers: 4
[14.356s][debug][gc,phases      ] GC(8)     Dead                           Min: 0, Avg:  0.0, Max: 0, Diff: 0, Sum: 0, Workers: 4
[14.356s][debug][gc,phases      ] GC(8)     Total                          Min: 0, Avg: 152.0, Max: 256, Diff: 256, Sum: 608, Workers: 4
[14.356s][debug][gc,phases      ] GC(8)   ObjectSynchronizer Weak        Min:  0.0, Avg:  0.0, Max:  0.0, Diff:  0.0, Sum:  0.0, Workers: 4
[14.356s][debug][gc,phases      ] GC(8)     Dead                           Min: 0, Avg:  0.0, Max: 0, Diff: 0, Sum: 0, Workers: 4
[14.356s][debug][gc,phases      ] GC(8)     Total                          Min: 0, Avg: 12.2, Max: 49, Diff: 49, Sum: 49, Workers: 4
[14.356s][debug][gc,phases      ] GC(8)   JVMTI Tag Weak OopStorage      Min:  0.0, Avg:  0.0, Max:  0.0, Diff:  0.0, Sum:  0.0, Workers: 4
[14.356s][debug][gc,phases      ] GC(8)     Dead                           Min: 0, Avg:  0.0, Max: 0, Diff: 0, Sum: 0, Workers: 4
[14.356s][debug][gc,phases      ] GC(8)     Total                          Min: 0, Avg:  0.0, Max: 0, Diff: 0, Sum: 0, Workers: 4
[14.356s][debug][gc,phases      ] GC(8)   StringTable Weak               Min:  0.5, Avg:  0.5, Max:  0.5, Diff:  0.0, Sum:  1.8, Workers: 4
[14.356s][debug][gc,phases      ] GC(8)     Dead                           Min: 0, Avg:  3.2, Max: 11, Diff: 11, Sum: 13, Workers: 4
[14.356s][debug][gc,phases      ] GC(8)     Total                          Min: 9024, Avg: 10874.8, Max: 12160, Diff: 3136, Sum: 43499, Workers: 4
[14.356s][debug][gc,phases      ] GC(8)   ResolvedMethodTable Weak       Min:  0.1, Avg:  0.1, Max:  0.1, Diff:  0.0, Sum:  0.3, Workers: 4
[14.356s][debug][gc,phases      ] GC(8)     Dead                           Min: 0, Avg:  4.5, Max: 18, Diff: 18, Sum: 18, Workers: 4
[14.356s][debug][gc,phases      ] GC(8)     Total                          Min: 1280, Avg: 1678.0, Max: 1977, Diff: 697, Sum: 6712, Workers: 4
[14.356s][debug][gc,phases      ] GC(8)   JNI Weak                       Min:  0.0, Avg:  0.0, Max:  0.0, Diff:  0.0, Sum:  0.0, Workers: 4
[14.356s][debug][gc,phases      ] GC(8)     Dead                           Min: 0, Avg:  0.0, Max: 0, Diff: 0, Sum: 0, Workers: 4
[14.356s][debug][gc,phases      ] GC(8)     Total                          Min: 0, Avg:  0.0, Max: 0, Diff: 0, Sum: 0, Workers: 4
[14.356s][debug][gc,phases      ] GC(8)   StringDedup Table Weak         Min:  0.0, Avg:  0.0, Max:  0.0, Diff:  0.0, Sum:  0.0, Workers: 4
[14.356s][debug][gc,phases      ] GC(8)     Dead                           Min: 0, Avg:  0.0, Max: 0, Diff: 0, Sum: 0, Workers: 4
[14.356s][debug][gc,phases      ] GC(8)     Total                          Min: 0, Avg:  0.0, Max: 0, Diff: 0, Sum: 0, Workers: 4
[14.356s][debug][gc,phases      ] GC(8)   StringDedup Requests0 Weak     Min:  0.0, Avg:  0.0, Max:  0.0, Diff:  0.0, Sum:  0.0, Workers: 4
[14.356s][debug][gc,phases      ] GC(8)     Dead                           Min: 0, Avg:  0.0, Max: 0, Diff: 0, Sum: 0, Workers: 4
[14.356s][debug][gc,phases      ] GC(8)     Total                          Min: 0, Avg:  0.0, Max: 0, Diff: 0, Sum: 0, Workers: 4
[14.356s][debug][gc,phases      ] GC(8)   StringDedup Requests1 Weak     Min:  0.0, Avg:  0.0, Max:  0.0, Diff:  0.0, Sum:  0.0, Workers: 4
[14.356s][debug][gc,phases      ] GC(8)     Dead                           Min: 0, Avg:  0.0, Max: 0, Diff: 0, Sum: 0, Workers: 4
[14.356s][debug][gc,phases      ] GC(8)     Total                          Min: 0, Avg:  0.0, Max: 0, Diff: 0, Sum: 0, Workers: 4
[14.356s][debug][gc,phases      ] GC(8)   Weak JFR Old Object Samples    Min:  0.0, Avg:  0.0, Max:  0.0, Diff:  0.0, Sum:  0.0, Workers: 4
[14.356s][debug][gc,phases      ] GC(8)     Dead                           Min: 0, Avg:  0.0, Max: 0, Diff: 0, Sum: 0, Workers: 4
[14.356s][debug][gc,phases      ] GC(8)     Total                          Min: 0, Avg:  0.0, Max: 0, Diff: 0, Sum: 0, Workers: 4
[14.356s][debug][gc,phases      ] GC(8) Weak Processing 0.768ms
[14.356s][debug][gc,age         ] GC(8) Desired survivor size 536870912 bytes, new threshold 7 (max threshold 15)
[14.356s][info ][gc,heap        ] GC(8) PSYoungGen: 1565464K(1572864K)->518442K(1572864K) Eden: 1048576K(1048576K)->0K(1048576K) From: 516888K(524288K)->518442K(524288K)
[14.356s][info ][gc,heap        ] GC(8) ParOldGen: 149132K(315904K)->149140K(315904K)
[14.356s][info ][gc,metaspace   ] GC(8) Metaspace: 68483K(69312K)->68483K(69312K) NonClass: 58491K(58944K)->58491K(58944K) Class: 9991K(10368K)->9991K(10368K)
[14.356s][info ][gc             ] GC(8) Pause Young (Allocation Failure) 1674M->651M(1844M) 238.921ms
[14.356s][info ][gc,cpu         ] GC(8) User=0.72s Sys=0.22s Real=0.24s
[14.356s][info ][safepoint      ] Safepoint "ParallelGCFailedAllocation", Time since last: 671003975 ns, Reaching safepoint: 127405 ns, At safepoint: 239007645 ns, Total: 239135050 ns
[15.356s][info ][safepoint      ] Safepoint "Cleanup", Time since last: 1000092457 ns, Reaching safepoint: 153406 ns, At safepoint: 14801 ns, Total: 168207 ns
[15.860s][info ][safepoint      ] Safepoint "ICBufferFull", Time since last: 503580859 ns, Reaching safepoint: 180507 ns, At safepoint: 19401 ns, Total: 199908 ns
[16.241s][info ][safepoint      ] Safepoint "ICBufferFull", Time since last: 380173940 ns, Reaching safepoint: 265410 ns, At safepoint: 17100 ns, Total: 282510 ns
[16.634s][info ][safepoint      ] Safepoint "ICBufferFull", Time since last: 393208036 ns, Reaching safepoint: 281211 ns, At safepoint: 16801 ns, Total: 298012 ns
[16.683s][info ][safepoint      ] Safepoint "ICBufferFull", Time since last: 49003173 ns, Reaching safepoint: 244910 ns, At safepoint: 15000 ns, Total: 259910 ns
[16.809s][info ][safepoint      ] Safepoint "ICBufferFull", Time since last: 125814011 ns, Reaching safepoint: 269910 ns, At safepoint: 10401 ns, Total: 280311 ns
[16.927s][info ][safepoint      ] Safepoint "ICBufferFull", Time since last: 117400488 ns, Reaching safepoint: 260810 ns, At safepoint: 15801 ns, Total: 276611 ns
[17.247s][info ][safepoint      ] Safepoint "ICBufferFull", Time since last: 319481016 ns, Reaching safepoint: 199507 ns, At safepoint: 14101 ns, Total: 213608 ns
[18.061s][info ][safepoint      ] Safepoint "ICBufferFull", Time since last: 813423995 ns, Reaching safepoint: 251010 ns, At safepoint: 9300 ns, Total: 260310 ns
[18.473s][info ][gc,start       ] GC(9) Pause Young (Allocation Failure)
[18.541s][debug][gc,phases      ] GC(9) Scavenge 67.451ms
[18.541s][debug][gc,ref         ] GC(9) Skipped phase 1 of Reference Processing: no references
[18.541s][debug][gc,ref         ] GC(9) ReferenceProcessor::execute queues: 2, RefProcThreadModel::Multi, marks_oops_alive: false
[18.541s][debug][gc,ref         ] GC(9) Skipped phase 3 of Reference Processing: no references
[18.541s][debug][gc,ref         ] GC(9) ReferenceProcessor::execute queues: 1, RefProcThreadModel::Single, marks_oops_alive: false
[18.541s][debug][gc,phases      ] GC(9) Reference Processing 0.303ms
[18.541s][debug][gc,phases      ] GC(9)   VM Weak                        Min:  0.0, Avg:  0.0, Max:  0.0, Diff:  0.0, Sum:  0.0, Workers: 4
[18.541s][debug][gc,phases      ] GC(9)     Dead                           Min: 0, Avg:  0.0, Max: 0, Diff: 0, Sum: 0, Workers: 4
[18.541s][debug][gc,phases      ] GC(9)     Total                          Min: 0, Avg: 159.8, Max: 256, Diff: 256, Sum: 639, Workers: 4
[18.541s][debug][gc,phases      ] GC(9)   ObjectSynchronizer Weak        Min:  0.0, Avg:  0.0, Max:  0.0, Diff:  0.0, Sum:  0.0, Workers: 4
[18.541s][debug][gc,phases      ] GC(9)     Dead                           Min: 0, Avg:  0.0, Max: 0, Diff: 0, Sum: 0, Workers: 4
[18.541s][debug][gc,phases      ] GC(9)     Total                          Min: 0, Avg: 12.2, Max: 49, Diff: 49, Sum: 49, Workers: 4
[18.541s][debug][gc,phases      ] GC(9)   JVMTI Tag Weak OopStorage      Min:  0.0, Avg:  0.0, Max:  0.0, Diff:  0.0, Sum:  0.0, Workers: 4
[18.541s][debug][gc,phases      ] GC(9)     Dead                           Min: 0, Avg:  0.0, Max: 0, Diff: 0, Sum: 0, Workers: 4
[18.541s][debug][gc,phases      ] GC(9)     Total                          Min: 0, Avg:  0.0, Max: 0, Diff: 0, Sum: 0, Workers: 4
[18.541s][debug][gc,phases      ] GC(9)   StringTable Weak               Min:  0.3, Avg:  0.3, Max:  0.3, Diff:  0.0, Sum:  1.3, Workers: 4
[18.541s][debug][gc,phases      ] GC(9)     Dead                           Min: 0, Avg:  4.0, Max: 11, Diff: 11, Sum: 16, Workers: 4
[18.541s][debug][gc,phases      ] GC(9)     Total                          Min: 8000, Avg: 11111.2, Max: 14429, Diff: 6429, Sum: 44445, Workers: 4
[18.541s][debug][gc,phases      ] GC(9)   ResolvedMethodTable Weak       Min:  0.1, Avg:  0.1, Max:  0.1, Diff:  0.0, Sum:  0.3, Workers: 4
[18.541s][debug][gc,phases      ] GC(9)     Dead                           Min: 0, Avg: 19.2, Max: 77, Diff: 77, Sum: 77, Workers: 4
[18.541s][debug][gc,phases      ] GC(9)     Total                          Min: 1280, Avg: 1806.5, Max: 2235, Diff: 955, Sum: 7226, Workers: 4
[18.541s][debug][gc,phases      ] GC(9)   JNI Weak                       Min:  0.0, Avg:  0.0, Max:  0.0, Diff:  0.0, Sum:  0.0, Workers: 4
[18.541s][debug][gc,phases      ] GC(9)     Dead                           Min: 0, Avg:  0.0, Max: 0, Diff: 0, Sum: 0, Workers: 4
[18.541s][debug][gc,phases      ] GC(9)     Total                          Min: 0, Avg: 15.0, Max: 32, Diff: 32, Sum: 60, Workers: 4
[18.541s][debug][gc,phases      ] GC(9)   StringDedup Table Weak         Min:  0.0, Avg:  0.0, Max:  0.0, Diff:  0.0, Sum:  0.0, Workers: 4
[18.541s][debug][gc,phases      ] GC(9)     Dead                           Min: 0, Avg:  0.0, Max: 0, Diff: 0, Sum: 0, Workers: 4
[18.541s][debug][gc,phases      ] GC(9)     Total                          Min: 0, Avg:  0.0, Max: 0, Diff: 0, Sum: 0, Workers: 4
[18.541s][debug][gc,phases      ] GC(9)   StringDedup Requests0 Weak     Min:  0.0, Avg:  0.0, Max:  0.0, Diff:  0.0, Sum:  0.0, Workers: 4
[18.541s][debug][gc,phases      ] GC(9)     Dead                           Min: 0, Avg:  0.0, Max: 0, Diff: 0, Sum: 0, Workers: 4
[18.541s][debug][gc,phases      ] GC(9)     Total                          Min: 0, Avg:  0.0, Max: 0, Diff: 0, Sum: 0, Workers: 4
[18.541s][debug][gc,phases      ] GC(9)   StringDedup Requests1 Weak     Min:  0.0, Avg:  0.0, Max:  0.0, Diff:  0.0, Sum:  0.0, Workers: 4
[18.541s][debug][gc,phases      ] GC(9)     Dead                           Min: 0, Avg:  0.0, Max: 0, Diff: 0, Sum: 0, Workers: 4
[18.541s][debug][gc,phases      ] GC(9)     Total                          Min: 0, Avg:  0.0, Max: 0, Diff: 0, Sum: 0, Workers: 4
[18.541s][debug][gc,phases      ] GC(9)   Weak JFR Old Object Samples    Min:  0.0, Avg:  0.0, Max:  0.0, Diff:  0.0, Sum:  0.0, Workers: 4
[18.542s][debug][gc,phases      ] GC(9)     Dead                           Min: 0, Avg:  0.0, Max: 0, Diff: 0, Sum: 0, Workers: 4
[18.542s][debug][gc,phases      ] GC(9)     Total                          Min: 0, Avg:  0.0, Max: 0, Diff: 0, Sum: 0, Workers: 4
[18.542s][debug][gc,phases      ] GC(9) Weak Processing 0.587ms
[18.542s][debug][gc,age         ] GC(9) Desired survivor size 536870912 bytes, new threshold 6 (max threshold 15)
[18.542s][info ][gc,heap        ] GC(9) PSYoungGen: 1567018K(1572864K)->227890K(1572864K) Eden: 1048576K(1048576K)->0K(1048576K) From: 518442K(524288K)->227890K(524288K)
[18.542s][info ][gc,heap        ] GC(9) ParOldGen: 149140K(315904K)->149156K(315904K)
[18.542s][info ][gc,metaspace   ] GC(9) Metaspace: 72206K(72960K)->72206K(72960K) NonClass: 61826K(62208K)->61826K(62208K) Class: 10380K(10752K)->10380K(10752K)
[18.542s][info ][gc             ] GC(9) Pause Young (Allocation Failure) 1675M->368M(1844M) 68.469ms
[18.542s][info ][gc,cpu         ] GC(9) User=0.27s Sys=0.00s Real=0.07s
[18.542s][info ][safepoint      ] Safepoint "ParallelGCFailedAllocation", Time since last: 412352462 ns, Reaching safepoint: 171207 ns, At safepoint: 68553020 ns, Total: 68724227 ns
[18.775s][info ][safepoint      ] Safepoint "ICBufferFull", Time since last: 233077507 ns, Reaching safepoint: 218609 ns, At safepoint: 10500 ns, Total: 229109 ns
[19.119s][info ][safepoint      ] Safepoint "ICBufferFull", Time since last: 344312159 ns, Reaching safepoint: 222509 ns, At safepoint: 12300 ns, Total: 234809 ns
[19.373s][info ][safepoint      ] Safepoint "ICBufferFull", Time since last: 252947567 ns, Reaching safepoint: 240309 ns, At safepoint: 13701 ns, Total: 254010 ns
[19.463s][info ][safepoint      ] Safepoint "ICBufferFull", Time since last: 89765129 ns, Reaching safepoint: 271111 ns, At safepoint: 8200 ns, Total: 279311 ns
[19.835s][info ][safepoint      ] Safepoint "ICBufferFull", Time since last: 372418430 ns, Reaching safepoint: 237609 ns, At safepoint: 12400 ns, Total: 250009 ns
[19.970s][info ][safepoint      ] Safepoint "ICBufferFull", Time since last: 134335033 ns, Reaching safepoint: 201508 ns, At safepoint: 12100 ns, Total: 213608 ns
[20.279s][info ][safepoint      ] Safepoint "ICBufferFull", Time since last: 308592291 ns, Reaching safepoint: 229109 ns, At safepoint: 5100 ns, Total: 234209 ns
[20.488s][info ][safepoint      ] Safepoint "ICBufferFull", Time since last: 209281595 ns, Reaching safepoint: 218809 ns, At safepoint: 13000 ns, Total: 231809 ns
[20.632s][info ][safepoint      ] Safepoint "ICBufferFull", Time since last: 143649488 ns, Reaching safepoint: 198307 ns, At safepoint: 8200 ns, Total: 206507 ns
[20.633s][info ][safepoint      ] Safepoint "ICBufferFull", Time since last: 980338 ns, Reaching safepoint: 32601 ns, At safepoint: 3400 ns, Total: 36001 ns
[20.643s][info ][safepoint      ] Safepoint "ICBufferFull", Time since last: 9531564 ns, Reaching safepoint: 52002 ns, At safepoint: 6101 ns, Total: 58103 ns
[20.644s][info ][safepoint      ] Safepoint "ICBufferFull", Time since last: 1071841 ns, Reaching safepoint: 38401 ns, At safepoint: 3300 ns, Total: 41701 ns
[20.645s][info ][safepoint      ] Safepoint "ICBufferFull", Time since last: 1201946 ns, Reaching safepoint: 35801 ns, At safepoint: 3401 ns, Total: 39202 ns
[20.657s][info ][safepoint      ] Safepoint "ICBufferFull", Time since last: 11975457 ns, Reaching safepoint: 60802 ns, At safepoint: 8101 ns, Total: 68903 ns
[20.658s][info ][safepoint      ] Safepoint "ICBufferFull", Time since last: 836032 ns, Reaching safepoint: 29301 ns, At safepoint: 5200 ns, Total: 34501 ns
[20.659s][info ][safepoint      ] Safepoint "ICBufferFull", Time since last: 753529 ns, Reaching safepoint: 26101 ns, At safepoint: 5300 ns, Total: 31401 ns
[20.669s][info ][safepoint      ] Safepoint "ICBufferFull", Time since last: 10515102 ns, Reaching safepoint: 120604 ns, At safepoint: 7900 ns, Total: 128504 ns
[20.670s][info ][safepoint      ] Safepoint "ICBufferFull", Time since last: 990538 ns, Reaching safepoint: 32302 ns, At safepoint: 4500 ns, Total: 36802 ns
[20.671s][info ][safepoint      ] Safepoint "ICBufferFull", Time since last: 940136 ns, Reaching safepoint: 24201 ns, At safepoint: 9400 ns, Total: 33601 ns
[20.681s][info ][safepoint      ] Safepoint "ICBufferFull", Time since last: 9666369 ns, Reaching safepoint: 38902 ns, At safepoint: 2300 ns, Total: 41202 ns
[20.682s][info ][safepoint      ] Safepoint "ICBufferFull", Time since last: 707127 ns, Reaching safepoint: 31701 ns, At safepoint: 1900 ns, Total: 33601 ns
[20.683s][info ][safepoint      ] Safepoint "ICBufferFull", Time since last: 706927 ns, Reaching safepoint: 108704 ns, At safepoint: 5400 ns, Total: 114104 ns
[20.684s][info ][safepoint      ] Safepoint "ICBufferFull", Time since last: 837632 ns, Reaching safepoint: 53402 ns, At safepoint: 2001 ns, Total: 55403 ns
[20.693s][info ][safepoint      ] Safepoint "ICBufferFull", Time since last: 9048945 ns, Reaching safepoint: 46702 ns, At safepoint: 5800 ns, Total: 52502 ns
[20.693s][info ][safepoint      ] Safepoint "ICBufferFull", Time since last: 761229 ns, Reaching safepoint: 43502 ns, At safepoint: 2500 ns, Total: 46002 ns
[20.694s][info ][safepoint      ] Safepoint "ICBufferFull", Time since last: 681626 ns, Reaching safepoint: 42102 ns, At safepoint: 3000 ns, Total: 45102 ns
[20.695s][info ][safepoint      ] Safepoint "ICBufferFull", Time since last: 655225 ns, Reaching safepoint: 23401 ns, At safepoint: 1400 ns, Total: 24801 ns
[20.704s][info ][safepoint      ] Safepoint "ICBufferFull", Time since last: 8916840 ns, Reaching safepoint: 48602 ns, At safepoint: 2400 ns, Total: 51002 ns
[20.705s][info ][safepoint      ] Safepoint "ICBufferFull", Time since last: 698127 ns, Reaching safepoint: 28601 ns, At safepoint: 900 ns, Total: 29501 ns
[20.705s][info ][safepoint      ] Safepoint "ICBufferFull", Time since last: 655925 ns, Reaching safepoint: 47202 ns, At safepoint: 3300 ns, Total: 50502 ns
[20.706s][info ][safepoint      ] Safepoint "ICBufferFull", Time since last: 698127 ns, Reaching safepoint: 36201 ns, At safepoint: 1800 ns, Total: 38001 ns
[20.715s][info ][safepoint      ] Safepoint "ICBufferFull", Time since last: 8839538 ns, Reaching safepoint: 39801 ns, At safepoint: 2201 ns, Total: 42002 ns
[20.716s][info ][safepoint      ] Safepoint "ICBufferFull", Time since last: 670725 ns, Reaching safepoint: 35601 ns, At safepoint: 1601 ns, Total: 37202 ns
[20.716s][info ][safepoint      ] Safepoint "ICBufferFull", Time since last: 624523 ns, Reaching safepoint: 32902 ns, At safepoint: 1400 ns, Total: 34302 ns
[20.717s][info ][safepoint      ] Safepoint "ICBufferFull", Time since last: 686826 ns, Reaching safepoint: 34201 ns, At safepoint: 1800 ns, Total: 36001 ns
[20.726s][info ][safepoint      ] Safepoint "ICBufferFull", Time since last: 8674232 ns, Reaching safepoint: 37301 ns, At safepoint: 2300 ns, Total: 39601 ns
[20.726s][info ][safepoint      ] Safepoint "ICBufferFull", Time since last: 660525 ns, Reaching safepoint: 26601 ns, At safepoint: 1601 ns, Total: 28202 ns
[20.727s][info ][safepoint      ] Safepoint "ICBufferFull", Time since last: 612823 ns, Reaching safepoint: 31601 ns, At safepoint: 2300 ns, Total: 33901 ns
[20.728s][info ][safepoint      ] Safepoint "ICBufferFull", Time since last: 644725 ns, Reaching safepoint: 38901 ns, At safepoint: 2300 ns, Total: 41201 ns
[20.736s][info ][safepoint      ] Safepoint "ICBufferFull", Time since last: 8487225 ns, Reaching safepoint: 52902 ns, At safepoint: 3300 ns, Total: 56202 ns
[20.737s][info ][safepoint      ] Safepoint "ICBufferFull", Time since last: 684926 ns, Reaching safepoint: 33101 ns, At safepoint: 1700 ns, Total: 34801 ns
[20.738s][info ][safepoint      ] Safepoint "ICBufferFull", Time since last: 593323 ns, Reaching safepoint: 33601 ns, At safepoint: 1200 ns, Total: 34801 ns
[20.738s][info ][safepoint      ] Safepoint "ICBufferFull", Time since last: 616524 ns, Reaching safepoint: 30901 ns, At safepoint: 2800 ns, Total: 33701 ns
[20.745s][info ][safepoint      ] Safepoint "ICBufferFull", Time since last: 6718857 ns, Reaching safepoint: 49202 ns, At safepoint: 5600 ns, Total: 54802 ns
[20.746s][info ][safepoint      ] Safepoint "ICBufferFull", Time since last: 677526 ns, Reaching safepoint: 34901 ns, At safepoint: 6300 ns, Total: 41201 ns
[20.746s][info ][safepoint      ] Safepoint "ICBufferFull", Time since last: 612724 ns, Reaching safepoint: 96303 ns, At safepoint: 5201 ns, Total: 101504 ns
[20.747s][info ][safepoint      ] Safepoint "ICBufferFull", Time since last: 621823 ns, Reaching safepoint: 38902 ns, At safepoint: 2000 ns, Total: 40902 ns
[20.756s][info ][safepoint      ] Safepoint "ICBufferFull", Time since last: 8661831 ns, Reaching safepoint: 52702 ns, At safepoint: 2600 ns, Total: 55302 ns
[20.757s][info ][safepoint      ] Safepoint "ICBufferFull", Time since last: 786430 ns, Reaching safepoint: 16201 ns, At safepoint: 1200 ns, Total: 17401 ns
[20.765s][info ][safepoint      ] Safepoint "ICBufferFull", Time since last: 8174312 ns, Reaching safepoint: 41201 ns, At safepoint: 6801 ns, Total: 48002 ns
[20.772s][info ][safepoint      ] Safepoint "ICBufferFull", Time since last: 7221176 ns, Reaching safepoint: 40401 ns, At safepoint: 2900 ns, Total: 43301 ns
[20.773s][info ][safepoint      ] Safepoint "ICBufferFull", Time since last: 780430 ns, Reaching safepoint: 23601 ns, At safepoint: 1300 ns, Total: 24901 ns
[20.780s][info ][safepoint      ] Safepoint "ICBufferFull", Time since last: 7453185 ns, Reaching safepoint: 38801 ns, At safepoint: 1700 ns, Total: 40501 ns
[20.781s][info ][safepoint      ] Safepoint "ICBufferFull", Time since last: 749229 ns, Reaching safepoint: 37701 ns, At safepoint: 2900 ns, Total: 40601 ns
[20.789s][info ][safepoint      ] Safepoint "ICBufferFull", Time since last: 7541888 ns, Reaching safepoint: 45302 ns, At safepoint: 5300 ns, Total: 50602 ns
[20.796s][info ][safepoint      ] Safepoint "ICBufferFull", Time since last: 7455385 ns, Reaching safepoint: 43602 ns, At safepoint: 5600 ns, Total: 49202 ns
[20.797s][info ][safepoint      ] Safepoint "ICBufferFull", Time since last: 782630 ns, Reaching safepoint: 33001 ns, At safepoint: 2800 ns, Total: 35801 ns
[20.805s][info ][safepoint      ] Safepoint "ICBufferFull", Time since last: 7395083 ns, Reaching safepoint: 52702 ns, At safepoint: 2700 ns, Total: 55402 ns
[20.805s][info ][safepoint      ] Safepoint "ICBufferFull", Time since last: 776530 ns, Reaching safepoint: 40201 ns, At safepoint: 1500 ns, Total: 41701 ns
[20.813s][info ][safepoint      ] Safepoint "ICBufferFull", Time since last: 7280778 ns, Reaching safepoint: 37302 ns, At safepoint: 2300 ns, Total: 39602 ns
[20.823s][info ][safepoint      ] Safepoint "ICBufferFull", Time since last: 10356095 ns, Reaching safepoint: 143106 ns, At safepoint: 8800 ns, Total: 151906 ns
[20.827s][info ][safepoint      ] Safepoint "ICBufferFull", Time since last: 3291726 ns, Reaching safepoint: 34001 ns, At safepoint: 6901 ns, Total: 40902 ns
[20.832s][info ][safepoint      ] Safepoint "ICBufferFull", Time since last: 5429207 ns, Reaching safepoint: 117504 ns, At safepoint: 10201 ns, Total: 127705 ns
[20.838s][info ][safepoint      ] Safepoint "ICBufferFull", Time since last: 5426907 ns, Reaching safepoint: 43102 ns, At safepoint: 8100 ns, Total: 51202 ns
[20.839s][info ][safepoint      ] Safepoint "ICBufferFull", Time since last: 1235247 ns, Reaching safepoint: 30401 ns, At safepoint: 1600 ns, Total: 32001 ns
[20.850s][info ][safepoint      ] Safepoint "ICBufferFull", Time since last: 10818714 ns, Reaching safepoint: 44001 ns, At safepoint: 2801 ns, Total: 46802 ns
[20.860s][info ][safepoint      ] Safepoint "ICBufferFull", Time since last: 10147487 ns, Reaching safepoint: 39802 ns, At safepoint: 2300 ns, Total: 42102 ns
[20.861s][info ][safepoint      ] Safepoint "ICBufferFull", Time since last: 854832 ns, Reaching safepoint: 29502 ns, At safepoint: 1100 ns, Total: 30602 ns
[20.888s][info ][safepoint      ] Safepoint "ICBufferFull", Time since last: 27351844 ns, Reaching safepoint: 250810 ns, At safepoint: 17201 ns, Total: 268011 ns
[21.084s][info ][safepoint      ] Safepoint "ICBufferFull", Time since last: 195707076 ns, Reaching safepoint: 270810 ns, At safepoint: 28201 ns, Total: 299011 ns
[21.102s][info ][safepoint      ] Safepoint "ICBufferFull", Time since last: 17345963 ns, Reaching safepoint: 71002 ns, At safepoint: 10701 ns, Total: 81703 ns
[21.102s][info ][safepoint      ] Safepoint "ICBufferFull", Time since last: 241009 ns, Reaching safepoint: 96604 ns, At safepoint: 23301 ns, Total: 119905 ns
[21.102s][info ][safepoint      ] Safepoint "ICBufferFull", Time since last: 66502 ns, Reaching safepoint: 93904 ns, At safepoint: 30701 ns, Total: 124605 ns
[21.103s][info ][safepoint      ] Safepoint "ICBufferFull", Time since last: 49902 ns, Reaching safepoint: 105004 ns, At safepoint: 28501 ns, Total: 133505 ns
[21.103s][info ][safepoint      ] Safepoint "ICBufferFull", Time since last: 453717 ns, Reaching safepoint: 93104 ns, At safepoint: 25501 ns, Total: 118605 ns
[21.103s][info ][safepoint      ] Safepoint "ICBufferFull", Time since last: 43701 ns, Reaching safepoint: 96604 ns, At safepoint: 25301 ns, Total: 121905 ns
[21.120s][info ][safepoint      ] Safepoint "ICBufferFull", Time since last: 16717239 ns, Reaching safepoint: 190907 ns, At safepoint: 18401 ns, Total: 209308 ns
[21.123s][info ][safepoint      ] Safepoint "ICBufferFull", Time since last: 2510096 ns, Reaching safepoint: 111204 ns, At safepoint: 26101 ns, Total: 137305 ns
[21.123s][info ][safepoint      ] Safepoint "ICBufferFull", Time since last: 431716 ns, Reaching safepoint: 89904 ns, At safepoint: 29301 ns, Total: 119205 ns
[21.124s][info ][safepoint      ] Safepoint "ICBufferFull", Time since last: 45202 ns, Reaching safepoint: 88403 ns, At safepoint: 24701 ns, Total: 113104 ns
[21.126s][info ][safepoint      ] Safepoint "ICBufferFull", Time since last: 2327189 ns, Reaching safepoint: 69502 ns, At safepoint: 31602 ns, Total: 101104 ns
[21.127s][info ][safepoint      ] Safepoint "ICBufferFull", Time since last: 448617 ns, Reaching safepoint: 144205 ns, At safepoint: 25801 ns, Total: 170006 ns
[21.129s][info ][safepoint      ] Safepoint "ICBufferFull", Time since last: 2167683 ns, Reaching safepoint: 111804 ns, At safepoint: 34002 ns, Total: 145806 ns
[21.129s][info ][safepoint      ] Safepoint "ICBufferFull", Time since last: 41801 ns, Reaching safepoint: 111605 ns, At safepoint: 26001 ns, Total: 137606 ns
[21.131s][info ][safepoint      ] Safepoint "ICBufferFull", Time since last: 1521758 ns, Reaching safepoint: 93403 ns, At safepoint: 26601 ns, Total: 120004 ns
[21.135s][info ][safepoint      ] Safepoint "ICBufferFull", Time since last: 1806569 ns, Reaching safepoint: 2136982 ns, At safepoint: 29901 ns, Total: 2166883 ns
[21.135s][info ][safepoint      ] Safepoint "ICBufferFull", Time since last: 124305 ns, Reaching safepoint: 98704 ns, At safepoint: 21900 ns, Total: 120604 ns
[21.140s][info ][safepoint      ] Safepoint "ICBufferFull", Time since last: 4681079 ns, Reaching safepoint: 58002 ns, At safepoint: 24101 ns, Total: 82103 ns
[21.140s][info ][safepoint      ] Safepoint "ICBufferFull", Time since last: 104004 ns, Reaching safepoint: 88104 ns, At safepoint: 22501 ns, Total: 110605 ns
[21.151s][info ][safepoint      ] Safepoint "ICBufferFull", Time since last: 6656554 ns, Reaching safepoint: 4277963 ns, At safepoint: 29501 ns, Total: 4307464 ns
[21.152s][info ][safepoint      ] Safepoint "ICBufferFull", Time since last: 920736 ns, Reaching safepoint: 112604 ns, At safepoint: 26001 ns, Total: 138605 ns
[21.154s][info ][safepoint      ] Safepoint "ICBufferFull", Time since last: 2198984 ns, Reaching safepoint: 108204 ns, At safepoint: 16701 ns, Total: 124905 ns
[21.155s][info ][safepoint      ] Safepoint "ICBufferFull", Time since last: 444617 ns, Reaching safepoint: 93603 ns, At safepoint: 29101 ns, Total: 122704 ns
[21.155s][info ][safepoint      ] Safepoint "ICBufferFull", Time since last: 129805 ns, Reaching safepoint: 88104 ns, At safepoint: 23000 ns, Total: 111104 ns
[21.155s][info ][safepoint      ] Safepoint "ICBufferFull", Time since last: 53603 ns, Reaching safepoint: 97203 ns, At safepoint: 22801 ns, Total: 120004 ns
[21.157s][info ][safepoint      ] Safepoint "ICBufferFull", Time since last: 860433 ns, Reaching safepoint: 434117 ns, At safepoint: 20900 ns, Total: 455017 ns
[21.157s][info ][safepoint      ] Safepoint "ICBufferFull", Time since last: 234609 ns, Reaching safepoint: 106304 ns, At safepoint: 27801 ns, Total: 134105 ns
[21.157s][info ][safepoint      ] Safepoint "ICBufferFull", Time since last: 35702 ns, Reaching safepoint: 94703 ns, At safepoint: 26501 ns, Total: 121204 ns
[21.171s][info ][safepoint      ] Safepoint "ICBufferFull", Time since last: 13402012 ns, Reaching safepoint: 58003 ns, At safepoint: 27501 ns, Total: 85504 ns
[21.171s][info ][safepoint      ] Safepoint "ICBufferFull", Time since last: 69902 ns, Reaching safepoint: 87304 ns, At safepoint: 16900 ns, Total: 104204 ns
[21.186s][info ][safepoint      ] Safepoint "ICBufferFull", Time since last: 11233429 ns, Reaching safepoint: 4273564 ns, At safepoint: 31101 ns, Total: 4304665 ns
[21.202s][info ][safepoint      ] Safepoint "ICBufferFull", Time since last: 15164879 ns, Reaching safepoint: 155406 ns, At safepoint: 26701 ns, Total: 182107 ns
[21.206s][info ][safepoint      ] Safepoint "ICBufferFull", Time since last: 3707442 ns, Reaching safepoint: 113604 ns, At safepoint: 27801 ns, Total: 141405 ns
[21.210s][info ][safepoint      ] Safepoint "ICBufferFull", Time since last: 3975252 ns, Reaching safepoint: 117704 ns, At safepoint: 23701 ns, Total: 141405 ns
[21.210s][info ][safepoint      ] Safepoint "ICBufferFull", Time since last: 151806 ns, Reaching safepoint: 87104 ns, At safepoint: 35501 ns, Total: 122605 ns
[21.211s][info ][safepoint      ] Safepoint "ICBufferFull", Time since last: 513919 ns, Reaching safepoint: 103704 ns, At safepoint: 22501 ns, Total: 126205 ns
[21.211s][info ][safepoint      ] Safepoint "ICBufferFull", Time since last: 99204 ns, Reaching safepoint: 91904 ns, At safepoint: 20500 ns, Total: 112404 ns
[21.211s][info ][safepoint      ] Safepoint "ICBufferFull", Time since last: 271111 ns, Reaching safepoint: 67302 ns, At safepoint: 22401 ns, Total: 89703 ns
[21.213s][info ][safepoint      ] Safepoint "ICBufferFull", Time since last: 2015977 ns, Reaching safepoint: 109104 ns, At safepoint: 23001 ns, Total: 132105 ns
[21.217s][info ][safepoint      ] Safepoint "ICBufferFull", Time since last: 3847047 ns, Reaching safepoint: 64703 ns, At safepoint: 29901 ns, Total: 94604 ns
[21.218s][info ][safepoint      ] Safepoint "ICBufferFull", Time since last: 85203 ns, Reaching safepoint: 96704 ns, At safepoint: 29001 ns, Total: 125705 ns
[21.218s][info ][safepoint      ] Safepoint "ICBufferFull", Time since last: 494119 ns, Reaching safepoint: 93003 ns, At safepoint: 23601 ns, Total: 116604 ns
[21.218s][info ][safepoint      ] Safepoint "ICBufferFull", Time since last: 68803 ns, Reaching safepoint: 98404 ns, At safepoint: 23600 ns, Total: 122004 ns
[21.219s][info ][safepoint      ] Safepoint "ICBufferFull", Time since last: 294412 ns, Reaching safepoint: 94003 ns, At safepoint: 22601 ns, Total: 116604 ns
[21.219s][info ][safepoint      ] Safepoint "ICBufferFull", Time since last: 174507 ns, Reaching safepoint: 99604 ns, At safepoint: 23701 ns, Total: 123305 ns
[21.219s][info ][safepoint      ] Safepoint "ICBufferFull", Time since last: 130705 ns, Reaching safepoint: 97303 ns, At safepoint: 23801 ns, Total: 121104 ns
[21.220s][info ][safepoint      ] Safepoint "ICBufferFull", Time since last: 1065741 ns, Reaching safepoint: 101904 ns, At safepoint: 21101 ns, Total: 123005 ns
[21.221s][info ][safepoint      ] Safepoint "ICBufferFull", Time since last: 42601 ns, Reaching safepoint: 86003 ns, At safepoint: 19601 ns, Total: 105604 ns
[21.221s][info ][safepoint      ] Safepoint "ICBufferFull", Time since last: 49302 ns, Reaching safepoint: 93804 ns, At safepoint: 22101 ns, Total: 115905 ns
[21.221s][info ][safepoint      ] Safepoint "ICBufferFull", Time since last: 40701 ns, Reaching safepoint: 87903 ns, At safepoint: 19701 ns, Total: 107604 ns
[21.222s][info ][safepoint      ] Safepoint "ICBufferFull", Time since last: 1254048 ns, Reaching safepoint: 95504 ns, At safepoint: 13800 ns, Total: 109304 ns
[21.222s][info ][safepoint      ] Safepoint "ICBufferFull", Time since last: 63803 ns, Reaching safepoint: 86703 ns, At safepoint: 24401 ns, Total: 111104 ns
[21.223s][info ][safepoint      ] Safepoint "ICBufferFull", Time since last: 29601 ns, Reaching safepoint: 87703 ns, At safepoint: 25001 ns, Total: 112704 ns
[21.223s][info ][safepoint      ] Safepoint "ICBufferFull", Time since last: 234709 ns, Reaching safepoint: 91804 ns, At safepoint: 25201 ns, Total: 117005 ns
[21.223s][info ][safepoint      ] Safepoint "ICBufferFull", Time since last: 125105 ns, Reaching safepoint: 92903 ns, At safepoint: 25901 ns, Total: 118804 ns
[21.225s][info ][safepoint      ] Safepoint "ICBufferFull", Time since last: 1255148 ns, Reaching safepoint: 94304 ns, At safepoint: 23801 ns, Total: 118105 ns
[21.225s][info ][safepoint      ] Safepoint "ICBufferFull", Time since last: 49001 ns, Reaching safepoint: 89304 ns, At safepoint: 21301 ns, Total: 110605 ns
[21.226s][info ][safepoint      ] Safepoint "ICBufferFull", Time since last: 1047440 ns, Reaching safepoint: 101904 ns, At safepoint: 16000 ns, Total: 117904 ns
[21.226s][info ][safepoint      ] Safepoint "ICBufferFull", Time since last: 68603 ns, Reaching safepoint: 95704 ns, At safepoint: 24700 ns, Total: 120404 ns
[21.232s][info ][safepoint      ] Safepoint "ICBufferFull", Time since last: 5643416 ns, Reaching safepoint: 103804 ns, At safepoint: 27101 ns, Total: 130905 ns
[21.232s][info ][safepoint      ] Safepoint "ICBufferFull", Time since last: 70703 ns, Reaching safepoint: 87103 ns, At safepoint: 11100 ns, Total: 98203 ns
[21.232s][info ][safepoint      ] Safepoint "ICBufferFull", Time since last: 219109 ns, Reaching safepoint: 98704 ns, At safepoint: 14800 ns, Total: 113504 ns
[21.233s][info ][safepoint      ] Safepoint "ICBufferFull", Time since last: 49302 ns, Reaching safepoint: 85303 ns, At safepoint: 17101 ns, Total: 102404 ns
[21.233s][info ][safepoint      ] Safepoint "ICBufferFull", Time since last: 27301 ns, Reaching safepoint: 86303 ns, At safepoint: 21101 ns, Total: 107404 ns
[21.233s][info ][safepoint      ] Safepoint "ICBufferFull", Time since last: 73503 ns, Reaching safepoint: 88403 ns, At safepoint: 19201 ns, Total: 107604 ns
[21.234s][info ][safepoint      ] Safepoint "ICBufferFull", Time since last: 1098542 ns, Reaching safepoint: 102504 ns, At safepoint: 14300 ns, Total: 116804 ns
[21.240s][info ][safepoint      ] Safepoint "ICBufferFull", Time since last: 5381706 ns, Reaching safepoint: 127905 ns, At safepoint: 19901 ns, Total: 147806 ns
[21.240s][info ][safepoint      ] Safepoint "ICBufferFull", Time since last: 91703 ns, Reaching safepoint: 174607 ns, At safepoint: 27601 ns, Total: 202208 ns
[21.240s][info ][safepoint      ] Safepoint "ICBufferFull", Time since last: 40901 ns, Reaching safepoint: 91004 ns, At safepoint: 22601 ns, Total: 113605 ns
[21.240s][info ][safepoint      ] Safepoint "ICBufferFull", Time since last: 35601 ns, Reaching safepoint: 84703 ns, At safepoint: 28202 ns, Total: 112905 ns
[21.240s][info ][safepoint      ] Safepoint "ICBufferFull", Time since last: 157406 ns, Reaching safepoint: 103403 ns, At safepoint: 23701 ns, Total: 127104 ns
[21.246s][info ][safepoint      ] Safepoint "ICBufferFull", Time since last: 4837385 ns, Reaching safepoint: 733528 ns, At safepoint: 28101 ns, Total: 761629 ns
[21.250s][info ][safepoint      ] Safepoint "ICBufferFull", Time since last: 3899449 ns, Reaching safepoint: 186807 ns, At safepoint: 24701 ns, Total: 211508 ns
[21.258s][info ][safepoint      ] Safepoint "ICBufferFull", Time since last: 7813299 ns, Reaching safepoint: 113704 ns, At safepoint: 29801 ns, Total: 143505 ns
[21.260s][info ][safepoint      ] Safepoint "ICBufferFull", Time since last: 1326451 ns, Reaching safepoint: 101704 ns, At safepoint: 26701 ns, Total: 128405 ns
[21.263s][info ][safepoint      ] Safepoint "ICBufferFull", Time since last: 3572136 ns, Reaching safepoint: 104104 ns, At safepoint: 27601 ns, Total: 131705 ns
[21.263s][info ][safepoint      ] Safepoint "ICBufferFull", Time since last: 73803 ns, Reaching safepoint: 92204 ns, At safepoint: 22901 ns, Total: 115105 ns
[21.264s][info ][safepoint      ] Safepoint "ICBufferFull", Time since last: 162606 ns, Reaching safepoint: 106704 ns, At safepoint: 19701 ns, Total: 126405 ns
[21.264s][info ][safepoint      ] Safepoint "ICBufferFull", Time since last: 111804 ns, Reaching safepoint: 87503 ns, At safepoint: 21101 ns, Total: 108604 ns
[21.264s][info ][safepoint      ] Safepoint "ICBufferFull", Time since last: 91203 ns, Reaching safepoint: 89504 ns, At safepoint: 24701 ns, Total: 114205 ns
[21.264s][info ][safepoint      ] Safepoint "ICBufferFull", Time since last: 66302 ns, Reaching safepoint: 88004 ns, At safepoint: 21401 ns, Total: 109405 ns
[21.266s][info ][safepoint      ] Safepoint "ICBufferFull", Time since last: 1671363 ns, Reaching safepoint: 103404 ns, At safepoint: 24401 ns, Total: 127805 ns
[21.272s][info ][safepoint      ] Safepoint "ICBufferFull", Time since last: 6204337 ns, Reaching safepoint: 121005 ns, At safepoint: 22301 ns, Total: 143306 ns
[21.273s][info ][safepoint      ] Safepoint "ICBufferFull", Time since last: 49102 ns, Reaching safepoint: 88703 ns, At safepoint: 19101 ns, Total: 107804 ns
[21.275s][info ][safepoint      ] Safepoint "ICBufferFull", Time since last: 1973675 ns, Reaching safepoint: 90804 ns, At safepoint: 18600 ns, Total: 109404 ns
[21.275s][info ][safepoint      ] Safepoint "ICBufferFull", Time since last: 44602 ns, Reaching safepoint: 92804 ns, At safepoint: 25301 ns, Total: 118105 ns
[21.276s][info ][safepoint      ] Safepoint "ICBufferFull", Time since last: 1219546 ns, Reaching safepoint: 106404 ns, At safepoint: 26001 ns, Total: 132405 ns
[21.278s][info ][safepoint      ] Safepoint "ICBufferFull", Time since last: 1718066 ns, Reaching safepoint: 100704 ns, At safepoint: 30801 ns, Total: 131505 ns
[21.278s][info ][safepoint      ] Safepoint "ICBufferFull", Time since last: 65702 ns, Reaching safepoint: 89804 ns, At safepoint: 26301 ns, Total: 116105 ns
[21.278s][info ][safepoint      ] Safepoint "ICBufferFull", Time since last: 36201 ns, Reaching safepoint: 89204 ns, At safepoint: 22700 ns, Total: 111904 ns
[21.279s][info ][safepoint      ] Safepoint "ICBufferFull", Time since last: 118105 ns, Reaching safepoint: 86503 ns, At safepoint: 27901 ns, Total: 114404 ns
[21.280s][info ][safepoint      ] Safepoint "ICBufferFull", Time since last: 976038 ns, Reaching safepoint: 91803 ns, At safepoint: 21401 ns, Total: 113204 ns
[21.281s][info ][safepoint      ] Safepoint "ICBufferFull", Time since last: 1236447 ns, Reaching safepoint: 92104 ns, At safepoint: 20000 ns, Total: 112104 ns
[21.281s][info ][safepoint      ] Safepoint "ICBufferFull", Time since last: 40802 ns, Reaching safepoint: 88203 ns, At safepoint: 23801 ns, Total: 112004 ns
[21.281s][info ][safepoint      ] Safepoint "ICBufferFull", Time since last: 61703 ns, Reaching safepoint: 90503 ns, At safepoint: 28701 ns, Total: 119204 ns
[21.283s][info ][safepoint      ] Safepoint "ICBufferFull", Time since last: 1025439 ns, Reaching safepoint: 112205 ns, At safepoint: 22400 ns, Total: 134605 ns
[21.283s][info ][safepoint      ] Safepoint "ICBufferFull", Time since last: 63903 ns, Reaching safepoint: 94104 ns, At safepoint: 16300 ns, Total: 110404 ns
[21.283s][info ][safepoint      ] Safepoint "ICBufferFull", Time since last: 35101 ns, Reaching safepoint: 94404 ns, At safepoint: 24901 ns, Total: 119305 ns
[21.289s][info ][safepoint      ] Safepoint "ICBufferFull", Time since last: 5976628 ns, Reaching safepoint: 116805 ns, At safepoint: 31701 ns, Total: 148506 ns
[21.299s][info ][safepoint      ] Safepoint "ICBufferFull", Time since last: 5467709 ns, Reaching safepoint: 4264063 ns, At safepoint: 29701 ns, Total: 4293764 ns
[21.302s][info ][safepoint      ] Safepoint "ICBufferFull", Time since last: 2835408 ns, Reaching safepoint: 117405 ns, At safepoint: 27001 ns, Total: 144406 ns
[21.302s][info ][safepoint      ] Safepoint "ICBufferFull", Time since last: 97603 ns, Reaching safepoint: 92604 ns, At safepoint: 31801 ns, Total: 124405 ns
[21.303s][info ][safepoint      ] Safepoint "ICBufferFull", Time since last: 1319051 ns, Reaching safepoint: 102804 ns, At safepoint: 28001 ns, Total: 130805 ns
[21.304s][info ][safepoint      ] Safepoint "ICBufferFull", Time since last: 37301 ns, Reaching safepoint: 98604 ns, At safepoint: 24401 ns, Total: 123005 ns
[21.306s][info ][safepoint      ] Safepoint "ICBufferFull", Time since last: 2453593 ns, Reaching safepoint: 108205 ns, At safepoint: 24801 ns, Total: 133006 ns
[21.314s][info ][safepoint      ] Safepoint "ICBufferFull", Time since last: 7947303 ns, Reaching safepoint: 185907 ns, At safepoint: 29701 ns, Total: 215608 ns
[21.321s][info ][safepoint      ] Safepoint "ICBufferFull", Time since last: 6445647 ns, Reaching safepoint: 84203 ns, At safepoint: 21101 ns, Total: 105304 ns
[21.321s][info ][safepoint      ] Safepoint "ICBufferFull", Time since last: 60302 ns, Reaching safepoint: 86203 ns, At safepoint: 24901 ns, Total: 111104 ns
[21.328s][info ][safepoint      ] Safepoint "ICBufferFull", Time since last: 6524949 ns, Reaching safepoint: 106204 ns, At safepoint: 25701 ns, Total: 131905 ns
[21.335s][info ][safepoint      ] Safepoint "ICBufferFull", Time since last: 4704080 ns, Reaching safepoint: 2146282 ns, At safepoint: 14501 ns, Total: 2160783 ns
[21.341s][info ][safepoint      ] Safepoint "ICBufferFull", Time since last: 6193936 ns, Reaching safepoint: 108504 ns, At safepoint: 23201 ns, Total: 131705 ns
[21.341s][info ][safepoint      ] Safepoint "ICBufferFull", Time since last: 83704 ns, Reaching safepoint: 94903 ns, At safepoint: 19901 ns, Total: 114804 ns
[21.342s][info ][safepoint      ] Safepoint "ICBufferFull", Time since last: 481518 ns, Reaching safepoint: 87304 ns, At safepoint: 21100 ns, Total: 108404 ns
[21.342s][info ][safepoint      ] Safepoint "ICBufferFull", Time since last: 156606 ns, Reaching safepoint: 54402 ns, At safepoint: 23901 ns, Total: 78303 ns
[21.342s][info ][safepoint      ] Safepoint "ICBufferFull", Time since last: 142406 ns, Reaching safepoint: 89003 ns, At safepoint: 23201 ns, Total: 112204 ns
[21.343s][info ][safepoint      ] Safepoint "ICBufferFull", Time since last: 1121043 ns, Reaching safepoint: 95104 ns, At safepoint: 25301 ns, Total: 120405 ns
[21.348s][info ][safepoint      ] Safepoint "ICBufferFull", Time since last: 4839684 ns, Reaching safepoint: 116505 ns, At safepoint: 20201 ns, Total: 136706 ns
[21.349s][info ][safepoint      ] Safepoint "ICBufferFull", Time since last: 93703 ns, Reaching safepoint: 16801 ns, At safepoint: 8100 ns, Total: 24901 ns
[21.349s][info ][safepoint      ] Safepoint "ICBufferFull", Time since last: 53802 ns, Reaching safepoint: 100804 ns, At safepoint: 19201 ns, Total: 120005 ns
[21.349s][info ][safepoint      ] Safepoint "ICBufferFull", Time since last: 43901 ns, Reaching safepoint: 95904 ns, At safepoint: 14201 ns, Total: 110105 ns
[21.349s][info ][safepoint      ] Safepoint "ICBufferFull", Time since last: 44301 ns, Reaching safepoint: 85804 ns, At safepoint: 19900 ns, Total: 105704 ns
[21.349s][info ][safepoint      ] Safepoint "ICBufferFull", Time since last: 80404 ns, Reaching safepoint: 101503 ns, At safepoint: 20001 ns, Total: 121504 ns
[21.349s][info ][safepoint      ] Safepoint "ICBufferFull", Time since last: 98704 ns, Reaching safepoint: 97904 ns, At safepoint: 19500 ns, Total: 117404 ns
[21.350s][info ][safepoint      ] Safepoint "ICBufferFull", Time since last: 797731 ns, Reaching safepoint: 98104 ns, At safepoint: 11000 ns, Total: 109104 ns
[21.351s][info ][safepoint      ] Safepoint "ICBufferFull", Time since last: 67603 ns, Reaching safepoint: 87803 ns, At safepoint: 22101 ns, Total: 109904 ns
[21.351s][info ][safepoint      ] Safepoint "ICBufferFull", Time since last: 72703 ns, Reaching safepoint: 88003 ns, At safepoint: 18501 ns, Total: 106504 ns
[21.351s][info ][safepoint      ] Safepoint "ICBufferFull", Time since last: 100304 ns, Reaching safepoint: 99503 ns, At safepoint: 18701 ns, Total: 118204 ns
[21.351s][info ][safepoint      ] Safepoint "ICBufferFull", Time since last: 95704 ns, Reaching safepoint: 95103 ns, At safepoint: 23501 ns, Total: 118604 ns
[21.351s][info ][safepoint      ] Safepoint "ICBufferFull", Time since last: 40102 ns, Reaching safepoint: 89103 ns, At safepoint: 18801 ns, Total: 107904 ns
[21.353s][info ][safepoint      ] Safepoint "ICBufferFull", Time since last: 1249848 ns, Reaching safepoint: 106604 ns, At safepoint: 27701 ns, Total: 134305 ns
[21.356s][info ][safepoint      ] Safepoint "ICBufferFull", Time since last: 3119419 ns, Reaching safepoint: 112704 ns, At safepoint: 12201 ns, Total: 124905 ns
[21.356s][info ][safepoint      ] Safepoint "ICBufferFull", Time since last: 65902 ns, Reaching safepoint: 88004 ns, At safepoint: 17800 ns, Total: 105804 ns
[21.356s][info ][safepoint      ] Safepoint "ICBufferFull", Time since last: 40602 ns, Reaching safepoint: 89903 ns, At safepoint: 22501 ns, Total: 112404 ns
[21.357s][info ][safepoint      ] Safepoint "ICBufferFull", Time since last: 151306 ns, Reaching safepoint: 91603 ns, At safepoint: 21601 ns, Total: 113204 ns
[21.360s][info ][safepoint      ] Safepoint "ICBufferFull", Time since last: 3189422 ns, Reaching safepoint: 98604 ns, At safepoint: 17400 ns, Total: 116004 ns
[21.360s][info ][safepoint      ] Safepoint "ICBufferFull", Time since last: 64303 ns, Reaching safepoint: 85603 ns, At safepoint: 11201 ns, Total: 96804 ns
[21.360s][info ][safepoint      ] Safepoint "ICBufferFull", Time since last: 57802 ns, Reaching safepoint: 86503 ns, At safepoint: 23801 ns, Total: 110304 ns
[21.360s][info ][safepoint      ] Safepoint "ICBufferFull", Time since last: 51102 ns, Reaching safepoint: 86503 ns, At safepoint: 18601 ns, Total: 105104 ns
[21.360s][info ][safepoint      ] Safepoint "ICBufferFull", Time since last: 36401 ns, Reaching safepoint: 89604 ns, At safepoint: 16400 ns, Total: 106004 ns
[21.361s][info ][safepoint      ] Safepoint "ICBufferFull", Time since last: 840132 ns, Reaching safepoint: 103004 ns, At safepoint: 24501 ns, Total: 127505 ns
[21.362s][info ][safepoint      ] Safepoint "ICBufferFull", Time since last: 260410 ns, Reaching safepoint: 94104 ns, At safepoint: 26701 ns, Total: 120805 ns
[21.369s][info ][safepoint      ] Safepoint "ICBufferFull", Time since last: 7359681 ns, Reaching safepoint: 107504 ns, At safepoint: 26501 ns, Total: 134005 ns
[21.371s][info ][safepoint      ] Safepoint "ICBufferFull", Time since last: 1153544 ns, Reaching safepoint: 107904 ns, At safepoint: 23501 ns, Total: 131405 ns
[21.371s][info ][safepoint      ] Safepoint "ICBufferFull", Time since last: 43402 ns, Reaching safepoint: 89103 ns, At safepoint: 21601 ns, Total: 110704 ns
[21.372s][info ][safepoint      ] Safepoint "ICBufferFull", Time since last: 1421254 ns, Reaching safepoint: 92604 ns, At safepoint: 23201 ns, Total: 115805 ns
[21.372s][info ][safepoint      ] Safepoint "ICBufferFull", Time since last: 45801 ns, Reaching safepoint: 93804 ns, At safepoint: 18901 ns, Total: 112705 ns
[21.386s][info ][safepoint      ] Safepoint "ICBufferFull", Time since last: 12626882 ns, Reaching safepoint: 926335 ns, At safepoint: 28501 ns, Total: 954836 ns
[21.389s][info ][safepoint      ] Safepoint "ICBufferFull", Time since last: 3356229 ns, Reaching safepoint: 108004 ns, At safepoint: 13700 ns, Total: 121704 ns
[21.390s][info ][safepoint      ] Safepoint "ICBufferFull", Time since last: 85104 ns, Reaching safepoint: 83203 ns, At safepoint: 18600 ns, Total: 101803 ns
[21.393s][info ][safepoint      ] Safepoint "ICBufferFull", Time since last: 3268425 ns, Reaching safepoint: 101104 ns, At safepoint: 20301 ns, Total: 121405 ns
[21.393s][info ][safepoint      ] Safepoint "ICBufferFull", Time since last: 90703 ns, Reaching safepoint: 96804 ns, At safepoint: 14601 ns, Total: 111405 ns
[21.394s][info ][safepoint      ] Safepoint "ICBufferFull", Time since last: 246909 ns, Reaching safepoint: 105604 ns, At safepoint: 15901 ns, Total: 121505 ns
[21.394s][info ][safepoint      ] Safepoint "ICBufferFull", Time since last: 36501 ns, Reaching safepoint: 118305 ns, At safepoint: 19900 ns, Total: 138205 ns
[21.396s][info ][safepoint      ] Safepoint "ICBufferFull", Time since last: 1598361 ns, Reaching safepoint: 102904 ns, At safepoint: 20601 ns, Total: 123505 ns
[21.397s][info ][safepoint      ] Safepoint "ICBufferFull", Time since last: 1393153 ns, Reaching safepoint: 91704 ns, At safepoint: 21601 ns, Total: 113305 ns
[21.397s][info ][safepoint      ] Safepoint "ICBufferFull", Time since last: 86703 ns, Reaching safepoint: 87003 ns, At safepoint: 23701 ns, Total: 110704 ns
[21.400s][info ][safepoint      ] Safepoint "ICBufferFull", Time since last: 2144782 ns, Reaching safepoint: 108004 ns, At safepoint: 19701 ns, Total: 127705 ns
[21.407s][info ][safepoint      ] Safepoint "ICBufferFull", Time since last: 7770997 ns, Reaching safepoint: 116204 ns, At safepoint: 27601 ns, Total: 143805 ns
[21.409s][info ][safepoint      ] Safepoint "ICBufferFull", Time since last: 1328451 ns, Reaching safepoint: 104404 ns, At safepoint: 22301 ns, Total: 126705 ns
[21.413s][info ][safepoint      ] Safepoint "ICBufferFull", Time since last: 3928250 ns, Reaching safepoint: 116604 ns, At safepoint: 19701 ns, Total: 136305 ns
[21.413s][info ][safepoint      ] Safepoint "ICBufferFull", Time since last: 74003 ns, Reaching safepoint: 85003 ns, At safepoint: 22301 ns, Total: 107304 ns
[21.413s][info ][safepoint      ] Safepoint "ICBufferFull", Time since last: 34301 ns, Reaching safepoint: 85304 ns, At safepoint: 27701 ns, Total: 113005 ns
[21.413s][info ][safepoint      ] Safepoint "ICBufferFull", Time since last: 56002 ns, Reaching safepoint: 91703 ns, At safepoint: 30701 ns, Total: 122404 ns
[21.415s][info ][safepoint      ] Safepoint "ICBufferFull", Time since last: 1194846 ns, Reaching safepoint: 97804 ns, At safepoint: 20001 ns, Total: 117805 ns
[21.415s][info ][safepoint      ] Safepoint "ICBufferFull", Time since last: 49101 ns, Reaching safepoint: 86704 ns, At safepoint: 14600 ns, Total: 101304 ns
[21.416s][info ][safepoint      ] Safepoint "ICBufferFull", Time since last: 613924 ns, Reaching safepoint: 106404 ns, At safepoint: 30401 ns, Total: 136805 ns
[21.417s][info ][safepoint      ] Safepoint "ICBufferFull", Time since last: 858333 ns, Reaching safepoint: 90103 ns, At safepoint: 7000 ns, Total: 97103 ns
[21.417s][info ][safepoint      ] Safepoint "ICBufferFull", Time since last: 54103 ns, Reaching safepoint: 88103 ns, At safepoint: 16201 ns, Total: 104304 ns
[21.417s][info ][safepoint      ] Safepoint "ICBufferFull", Time since last: 41901 ns, Reaching safepoint: 86903 ns, At safepoint: 19501 ns, Total: 106404 ns
[21.417s][info ][safepoint      ] Safepoint "ICBufferFull", Time since last: 395815 ns, Reaching safepoint: 97704 ns, At safepoint: 25501 ns, Total: 123205 ns
[21.418s][info ][safepoint      ] Safepoint "ICBufferFull", Time since last: 86403 ns, Reaching safepoint: 85204 ns, At safepoint: 24500 ns, Total: 109704 ns
[21.419s][info ][safepoint      ] Safepoint "ICBufferFull", Time since last: 1157945 ns, Reaching safepoint: 109904 ns, At safepoint: 18701 ns, Total: 128605 ns
[21.419s][info ][safepoint      ] Safepoint "ICBufferFull", Time since last: 50702 ns, Reaching safepoint: 84903 ns, At safepoint: 24101 ns, Total: 109004 ns
[21.420s][info ][safepoint      ] Safepoint "ICBufferFull", Time since last: 381414 ns, Reaching safepoint: 110604 ns, At safepoint: 22101 ns, Total: 132705 ns
[21.425s][info ][safepoint      ] Safepoint "ICBufferFull", Time since last: 5042493 ns, Reaching safepoint: 104404 ns, At safepoint: 24901 ns, Total: 129305 ns
[21.430s][info ][safepoint      ] Safepoint "ICBufferFull", Time since last: 5166897 ns, Reaching safepoint: 104904 ns, At safepoint: 22701 ns, Total: 127605 ns
[21.435s][info ][safepoint      ] Safepoint "ICBufferFull", Time since last: 1741167 ns, Reaching safepoint: 3204522 ns, At safepoint: 26601 ns, Total: 3231123 ns
[21.438s][info ][safepoint      ] Safepoint "ICBufferFull", Time since last: 2909411 ns, Reaching safepoint: 175007 ns, At safepoint: 31501 ns, Total: 206508 ns
[21.447s][info ][safepoint      ] Safepoint "ICBufferFull", Time since last: 6300341 ns, Reaching safepoint: 2160682 ns, At safepoint: 27301 ns, Total: 2187983 ns
[21.455s][info ][safepoint      ] Safepoint "ICBufferFull", Time since last: 8476824 ns, Reaching safepoint: 119904 ns, At safepoint: 24401 ns, Total: 144305 ns
[21.458s][info ][safepoint      ] Safepoint "ICBufferFull", Time since last: 2711304 ns, Reaching safepoint: 93403 ns, At safepoint: 17001 ns, Total: 110404 ns
[21.458s][info ][safepoint      ] Safepoint "ICBufferFull", Time since last: 89204 ns, Reaching safepoint: 87203 ns, At safepoint: 19701 ns, Total: 106904 ns
[21.464s][info ][safepoint      ] Safepoint "ICBufferFull", Time since last: 5417407 ns, Reaching safepoint: 192107 ns, At safepoint: 21501 ns, Total: 213608 ns
[21.464s][info ][safepoint      ] Safepoint "ICBufferFull", Time since last: 81703 ns, Reaching safepoint: 96303 ns, At safepoint: 26301 ns, Total: 122604 ns
[21.464s][info ][safepoint      ] Safepoint "ICBufferFull", Time since last: 138506 ns, Reaching safepoint: 92503 ns, At safepoint: 18401 ns, Total: 110904 ns
[21.465s][info ][safepoint      ] Safepoint "ICBufferFull", Time since last: 94304 ns, Reaching safepoint: 93003 ns, At safepoint: 19901 ns, Total: 112904 ns
[21.465s][info ][safepoint      ] Safepoint "ICBufferFull", Time since last: 72003 ns, Reaching safepoint: 90303 ns, At safepoint: 20201 ns, Total: 110504 ns
[21.465s][info ][safepoint      ] Safepoint "ICBufferFull", Time since last: 132805 ns, Reaching safepoint: 92203 ns, At safepoint: 21401 ns, Total: 113604 ns
[21.466s][info ][safepoint      ] Safepoint "ICBufferFull", Time since last: 1391253 ns, Reaching safepoint: 93104 ns, At safepoint: 13701 ns, Total: 106805 ns
[21.467s][info ][safepoint      ] Safepoint "ICBufferFull", Time since last: 46301 ns, Reaching safepoint: 86504 ns, At safepoint: 17500 ns, Total: 104004 ns
[21.470s][info ][safepoint      ] Safepoint "ICBufferFull", Time since last: 3314727 ns, Reaching safepoint: 96504 ns, At safepoint: 22700 ns, Total: 119204 ns
[21.470s][info ][safepoint      ] Safepoint "ICBufferFull", Time since last: 92104 ns, Reaching safepoint: 94804 ns, At safepoint: 23200 ns, Total: 118004 ns
[21.470s][info ][safepoint      ] Safepoint "ICBufferFull", Time since last: 27801 ns, Reaching safepoint: 85504 ns, At safepoint: 26201 ns, Total: 111705 ns
[21.472s][info ][safepoint      ] Safepoint "ICBufferFull", Time since last: 1139543 ns, Reaching safepoint: 53602 ns, At safepoint: 27801 ns, Total: 81403 ns
[21.477s][info ][safepoint      ] Safepoint "ICBufferFull", Time since last: 5142297 ns, Reaching safepoint: 97303 ns, At safepoint: 21001 ns, Total: 118304 ns
[21.477s][info ][safepoint      ] Safepoint "ICBufferFull", Time since last: 62403 ns, Reaching safepoint: 85603 ns, At safepoint: 16701 ns, Total: 102304 ns
[21.477s][info ][safepoint      ] Safepoint "ICBufferFull", Time since last: 31201 ns, Reaching safepoint: 85603 ns, At safepoint: 17601 ns, Total: 103204 ns
[21.479s][info ][safepoint      ] Safepoint "ICBufferFull", Time since last: 1160044 ns, Reaching safepoint: 166606 ns, At safepoint: 25901 ns, Total: 192507 ns
[21.479s][info ][safepoint      ] Safepoint "ICBufferFull", Time since last: 502420 ns, Reaching safepoint: 89503 ns, At safepoint: 17001 ns, Total: 106504 ns
[21.480s][info ][safepoint      ] Safepoint "ICBufferFull", Time since last: 249609 ns, Reaching safepoint: 90904 ns, At safepoint: 18200 ns, Total: 109104 ns
[21.480s][info ][safepoint      ] Safepoint "ICBufferFull", Time since last: 54702 ns, Reaching safepoint: 91604 ns, At safepoint: 20401 ns, Total: 112005 ns
[21.481s][info ][safepoint      ] Safepoint "ICBufferFull", Time since last: 927835 ns, Reaching safepoint: 101404 ns, At safepoint: 8700 ns, Total: 110104 ns
[21.481s][info ][safepoint      ] Safepoint "ICBufferFull", Time since last: 61403 ns, Reaching safepoint: 92403 ns, At safepoint: 21101 ns, Total: 113504 ns
[21.481s][info ][safepoint      ] Safepoint "ICBufferFull", Time since last: 29801 ns, Reaching safepoint: 88204 ns, At safepoint: 16500 ns, Total: 104704 ns
[21.481s][info ][safepoint      ] Safepoint "ICBufferFull", Time since last: 42802 ns, Reaching safepoint: 87503 ns, At safepoint: 18501 ns, Total: 106004 ns
[21.481s][info ][safepoint      ] Safepoint "ICBufferFull", Time since last: 58802 ns, Reaching safepoint: 89303 ns, At safepoint: 20401 ns, Total: 109704 ns
[21.482s][info ][safepoint      ] Safepoint "ICBufferFull", Time since last: 812231 ns, Reaching safepoint: 50402 ns, At safepoint: 19601 ns, Total: 70003 ns
[21.483s][info ][safepoint      ] Safepoint "ICBufferFull", Time since last: 240609 ns, Reaching safepoint: 87203 ns, At safepoint: 15201 ns, Total: 102404 ns
[21.483s][info ][safepoint      ] Safepoint "ICBufferFull", Time since last: 372914 ns, Reaching safepoint: 89004 ns, At safepoint: 16400 ns, Total: 105404 ns
[21.485s][info ][safepoint      ] Safepoint "ICBufferFull", Time since last: 1310050 ns, Reaching safepoint: 106404 ns, At safepoint: 65803 ns, Total: 172207 ns
[21.491s][info ][safepoint      ] Safepoint "ICBufferFull", Time since last: 6263639 ns, Reaching safepoint: 115105 ns, At safepoint: 30301 ns, Total: 145406 ns
[21.497s][info ][safepoint      ] Safepoint "ICBufferFull", Time since last: 5590213 ns, Reaching safepoint: 122105 ns, At safepoint: 17501 ns, Total: 139606 ns
[21.503s][info ][safepoint      ] Safepoint "ICBufferFull", Time since last: 5749919 ns, Reaching safepoint: 133205 ns, At safepoint: 19101 ns, Total: 152306 ns
[21.503s][info ][safepoint      ] Safepoint "ICBufferFull", Time since last: 64102 ns, Reaching safepoint: 95304 ns, At safepoint: 23001 ns, Total: 118305 ns
[21.517s][info ][safepoint      ] Safepoint "ICBufferFull", Time since last: 14063537 ns, Reaching safepoint: 117504 ns, At safepoint: 22601 ns, Total: 140105 ns
[21.520s][info ][safepoint      ] Safepoint "ICBufferFull", Time since last: 2901011 ns, Reaching safepoint: 102704 ns, At safepoint: 21301 ns, Total: 124005 ns
[21.520s][info ][safepoint      ] Safepoint "ICBufferFull", Time since last: 42501 ns, Reaching safepoint: 86704 ns, At safepoint: 15800 ns, Total: 102504 ns
[21.522s][info ][safepoint      ] Safepoint "ICBufferFull", Time since last: 1267349 ns, Reaching safepoint: 111004 ns, At safepoint: 24301 ns, Total: 135305 ns
[21.522s][info ][safepoint      ] Safepoint "ICBufferFull", Time since last: 43902 ns, Reaching safepoint: 98203 ns, At safepoint: 22701 ns, Total: 120904 ns
[21.522s][info ][safepoint      ] Safepoint "ICBufferFull", Time since last: 37902 ns, Reaching safepoint: 88003 ns, At safepoint: 19901 ns, Total: 107904 ns
[21.523s][info ][safepoint      ] Safepoint "ICBufferFull", Time since last: 1398953 ns, Reaching safepoint: 98704 ns, At safepoint: 21101 ns, Total: 119805 ns
[21.524s][info ][safepoint      ] Safepoint "ICBufferFull", Time since last: 35101 ns, Reaching safepoint: 86103 ns, At safepoint: 14301 ns, Total: 100404 ns
[21.534s][info ][safepoint      ] Safepoint "ICBufferFull", Time since last: 7412383 ns, Reaching safepoint: 3239324 ns, At safepoint: 38201 ns, Total: 3277525 ns
[21.536s][info ][safepoint      ] Safepoint "ICBufferFull", Time since last: 1293250 ns, Reaching safepoint: 79603 ns, At safepoint: 15700 ns, Total: 95303 ns
[21.536s][info ][safepoint      ] Safepoint "ICBufferFull", Time since last: 61003 ns, Reaching safepoint: 88603 ns, At safepoint: 20101 ns, Total: 108704 ns
[21.536s][info ][safepoint      ] Safepoint "ICBufferFull", Time since last: 37601 ns, Reaching safepoint: 91904 ns, At safepoint: 20501 ns, Total: 112405 ns
[21.537s][info ][safepoint      ] Safepoint "ICBufferFull", Time since last: 1358851 ns, Reaching safepoint: 104504 ns, At safepoint: 12901 ns, Total: 117405 ns
[21.538s][info ][safepoint      ] Safepoint "ICBufferFull", Time since last: 427916 ns, Reaching safepoint: 122705 ns, At safepoint: 26101 ns, Total: 148806 ns
[21.538s][info ][safepoint      ] Safepoint "ICBufferFull", Time since last: 75503 ns, Reaching safepoint: 88503 ns, At safepoint: 20301 ns, Total: 108804 ns
[21.538s][info ][safepoint      ] Safepoint "ICBufferFull", Time since last: 35601 ns, Reaching safepoint: 89104 ns, At safepoint: 21001 ns, Total: 110105 ns
[21.538s][info ][safepoint      ] Safepoint "ICBufferFull", Time since last: 70702 ns, Reaching safepoint: 90704 ns, At safepoint: 24101 ns, Total: 114805 ns
[21.540s][info ][safepoint      ] Safepoint "ICBufferFull", Time since last: 1197745 ns, Reaching safepoint: 96404 ns, At safepoint: 26001 ns, Total: 122405 ns
[21.542s][info ][safepoint      ] Safepoint "ICBufferFull", Time since last: 1833970 ns, Reaching safepoint: 371514 ns, At safepoint: 24901 ns, Total: 396415 ns
[21.546s][info ][safepoint      ] Safepoint "ICBufferFull", Time since last: 4150259 ns, Reaching safepoint: 116204 ns, At safepoint: 18301 ns, Total: 134505 ns
[21.547s][info ][safepoint      ] Safepoint "ICBufferFull", Time since last: 283111 ns, Reaching safepoint: 89703 ns, At safepoint: 16101 ns, Total: 105804 ns
[21.547s][info ][safepoint      ] Safepoint "ICBufferFull", Time since last: 54902 ns, Reaching safepoint: 88103 ns, At safepoint: 21301 ns, Total: 109404 ns
[21.548s][info ][safepoint      ] Safepoint "ICBufferFull", Time since last: 1157644 ns, Reaching safepoint: 114605 ns, At safepoint: 16900 ns, Total: 131505 ns
[21.548s][info ][safepoint      ] Safepoint "ICBufferFull", Time since last: 55902 ns, Reaching safepoint: 89304 ns, At safepoint: 19400 ns, Total: 108704 ns
[21.549s][info ][safepoint      ] Safepoint "ICBufferFull", Time since last: 760330 ns, Reaching safepoint: 105304 ns, At safepoint: 18600 ns, Total: 123904 ns
[21.551s][info ][safepoint      ] Safepoint "ICBufferFull", Time since last: 1549759 ns, Reaching safepoint: 111005 ns, At safepoint: 17500 ns, Total: 128505 ns
[21.551s][info ][safepoint      ] Safepoint "ICBufferFull", Time since last: 369514 ns, Reaching safepoint: 100704 ns, At safepoint: 16301 ns, Total: 117005 ns
[21.556s][info ][safepoint      ] Safepoint "ICBufferFull", Time since last: 4539073 ns, Reaching safepoint: 118805 ns, At safepoint: 19901 ns, Total: 138706 ns
[21.556s][info ][safepoint      ] Safepoint "ICBufferFull", Time since last: 57702 ns, Reaching safepoint: 86003 ns, At safepoint: 15401 ns, Total: 101404 ns
[21.559s][info ][safepoint      ] Safepoint "ICBufferFull", Time since last: 2245685 ns, Reaching safepoint: 118605 ns, At safepoint: 19501 ns, Total: 138106 ns
[21.561s][info ][safepoint      ] Safepoint "ICBufferFull", Time since last: 1916273 ns, Reaching safepoint: 104604 ns, At safepoint: 24901 ns, Total: 129505 ns
[21.561s][info ][safepoint      ] Safepoint "ICBufferFull", Time since last: 78803 ns, Reaching safepoint: 98104 ns, At safepoint: 21400 ns, Total: 119504 ns
[21.569s][info ][safepoint      ] Safepoint "ICBufferFull", Time since last: 8397621 ns, Reaching safepoint: 124305 ns, At safepoint: 20201 ns, Total: 144506 ns
[21.575s][info ][safepoint      ] Safepoint "ICBufferFull", Time since last: 5250300 ns, Reaching safepoint: 107604 ns, At safepoint: 25001 ns, Total: 132605 ns
[21.575s][info ][safepoint      ] Safepoint "ICBufferFull", Time since last: 524820 ns, Reaching safepoint: 88804 ns, At safepoint: 20800 ns, Total: 109604 ns
[21.581s][info ][safepoint      ] Safepoint "ICBufferFull", Time since last: 5257301 ns, Reaching safepoint: 110104 ns, At safepoint: 24401 ns, Total: 134505 ns
[21.591s][info ][safepoint      ] Safepoint "ICBufferFull", Time since last: 9265554 ns, Reaching safepoint: 536621 ns, At safepoint: 33201 ns, Total: 569822 ns
[21.595s][info ][safepoint      ] Safepoint "ICBufferFull", Time since last: 1783068 ns, Reaching safepoint: 2128381 ns, At safepoint: 22201 ns, Total: 2150582 ns
[21.596s][info ][safepoint      ] Safepoint "ICBufferFull", Time since last: 1570660 ns, Reaching safepoint: 104304 ns, At safepoint: 16201 ns, Total: 120505 ns
[21.596s][info ][safepoint      ] Safepoint "ICBufferFull", Time since last: 100804 ns, Reaching safepoint: 86303 ns, At safepoint: 18101 ns, Total: 104404 ns
[21.598s][info ][safepoint      ] Safepoint "ICBufferFull", Time since last: 1485456 ns, Reaching safepoint: 37102 ns, At safepoint: 14100 ns, Total: 51202 ns
[21.598s][info ][safepoint      ] Safepoint "ICBufferFull", Time since last: 63703 ns, Reaching safepoint: 87903 ns, At safepoint: 15301 ns, Total: 103204 ns
[21.598s][info ][safepoint      ] Safepoint "ICBufferFull", Time since last: 53302 ns, Reaching safepoint: 88203 ns, At safepoint: 17201 ns, Total: 105404 ns
[21.599s][info ][safepoint      ] Safepoint "ICBufferFull", Time since last: 400415 ns, Reaching safepoint: 92004 ns, At safepoint: 19800 ns, Total: 111804 ns
[21.599s][info ][safepoint      ] Safepoint "ICBufferFull", Time since last: 73703 ns, Reaching safepoint: 84803 ns, At safepoint: 20701 ns, Total: 105504 ns
[21.600s][info ][safepoint      ] Safepoint "ICBufferFull", Time since last: 887434 ns, Reaching safepoint: 90103 ns, At safepoint: 17501 ns, Total: 107604 ns
[21.600s][info ][safepoint      ] Safepoint "ICBufferFull", Time since last: 42102 ns, Reaching safepoint: 91003 ns, At safepoint: 17501 ns, Total: 108504 ns
[21.600s][info ][safepoint      ] Safepoint "ICBufferFull", Time since last: 49302 ns, Reaching safepoint: 91903 ns, At safepoint: 16501 ns, Total: 108404 ns
[21.601s][info ][safepoint      ] Safepoint "ICBufferFull", Time since last: 1078941 ns, Reaching safepoint: 88604 ns, At safepoint: 19300 ns, Total: 107904 ns
[21.602s][info ][safepoint      ] Safepoint "ICBufferFull", Time since last: 116905 ns, Reaching safepoint: 91803 ns, At safepoint: 18501 ns, Total: 110304 ns
[21.603s][info ][safepoint      ] Safepoint "ICBufferFull", Time since last: 1230247 ns, Reaching safepoint: 94804 ns, At safepoint: 20600 ns, Total: 115404 ns
[21.604s][info ][safepoint      ] Safepoint "ICBufferFull", Time since last: 351714 ns, Reaching safepoint: 87903 ns, At safepoint: 21301 ns, Total: 109204 ns
[21.610s][info ][safepoint      ] Safepoint "ICBufferFull", Time since last: 6286440 ns, Reaching safepoint: 125905 ns, At safepoint: 24001 ns, Total: 149906 ns
[21.611s][info ][safepoint      ] Safepoint "ICBufferFull", Time since last: 697726 ns, Reaching safepoint: 90804 ns, At safepoint: 17501 ns, Total: 108305 ns
[21.612s][info ][safepoint      ] Safepoint "ICBufferFull", Time since last: 991337 ns, Reaching safepoint: 108105 ns, At safepoint: 22100 ns, Total: 130205 ns
[21.613s][info ][safepoint      ] Safepoint "ICBufferFull", Time since last: 874534 ns, Reaching safepoint: 96003 ns, At safepoint: 16601 ns, Total: 112604 ns
[21.614s][info ][safepoint      ] Safepoint "ICBufferFull", Time since last: 1267248 ns, Reaching safepoint: 98704 ns, At safepoint: 22601 ns, Total: 121305 ns
[21.627s][info ][safepoint      ] Safepoint "ICBufferFull", Time since last: 12100862 ns, Reaching safepoint: 113905 ns, At safepoint: 24401 ns, Total: 138306 ns
[21.630s][info ][gc,start       ] GC(10) Pause Young (Allocation Failure)
[21.757s][debug][gc,phases      ] GC(10) Scavenge 126.749ms
[21.757s][debug][gc,ref         ] GC(10) Skipped phase 1 of Reference Processing: no references
[21.757s][debug][gc,ref         ] GC(10) ReferenceProcessor::execute queues: 4, RefProcThreadModel::Multi, marks_oops_alive: false
[21.757s][debug][gc,ref         ] GC(10) Skipped phase 3 of Reference Processing: no references
[21.757s][debug][gc,ref         ] GC(10) ReferenceProcessor::execute queues: 1, RefProcThreadModel::Single, marks_oops_alive: false
[21.757s][debug][gc,phases      ] GC(10) Reference Processing 0.385ms
[21.758s][debug][gc,phases      ] GC(10)   VM Weak                        Min:  0.0, Avg:  0.0, Max:  0.0, Diff:  0.0, Sum:  0.0, Workers: 4
[21.758s][debug][gc,phases      ] GC(10)     Dead                           Min: 0, Avg:  0.0, Max: 0, Diff: 0, Sum: 0, Workers: 4
[21.758s][debug][gc,phases      ] GC(10)     Total                          Min: 64, Avg: 182.0, Max: 280, Diff: 216, Sum: 728, Workers: 4
[21.758s][debug][gc,phases      ] GC(10)   ObjectSynchronizer Weak        Min:  0.0, Avg:  0.0, Max:  0.0, Diff:  0.0, Sum:  0.0, Workers: 4
[21.758s][debug][gc,phases      ] GC(10)     Dead                           Min: 0, Avg:  5.0, Max: 16, Diff: 16, Sum: 20, Workers: 4
[21.758s][debug][gc,phases      ] GC(10)     Total                          Min: 0, Avg: 26.2, Max: 64, Diff: 64, Sum: 105, Workers: 4
[21.758s][debug][gc,phases      ] GC(10)   JVMTI Tag Weak OopStorage      Min:  0.0, Avg:  0.0, Max:  0.0, Diff:  0.0, Sum:  0.0, Workers: 4
[21.758s][debug][gc,phases      ] GC(10)     Dead                           Min: 0, Avg:  0.0, Max: 0, Diff: 0, Sum: 0, Workers: 4
[21.758s][debug][gc,phases      ] GC(10)     Total                          Min: 0, Avg:  0.0, Max: 0, Diff: 0, Sum: 0, Workers: 4
[21.758s][debug][gc,phases      ] GC(10)   StringTable Weak               Min:  0.4, Avg:  0.5, Max:  0.6, Diff:  0.1, Sum:  1.9, Workers: 4
[21.758s][debug][gc,phases      ] GC(10)     Dead                           Min: 0, Avg:  1.0, Max: 3, Diff: 3, Sum: 4, Workers: 4
[21.758s][debug][gc,phases      ] GC(10)     Total                          Min: 8832, Avg: 11989.2, Max: 14720, Diff: 5888, Sum: 47957, Workers: 4
[21.758s][debug][gc,phases      ] GC(10)   ResolvedMethodTable Weak       Min:  0.0, Avg:  0.1, Max:  0.1, Diff:  0.1, Sum:  0.3, Workers: 4
[21.758s][debug][gc,phases      ] GC(10)     Dead                           Min: 0, Avg: 66.5, Max: 107, Diff: 107, Sum: 266, Workers: 4
[21.758s][debug][gc,phases      ] GC(10)     Total                          Min: 0, Avg: 2097.5, Max: 3142, Diff: 3142, Sum: 8390, Workers: 4
[21.758s][debug][gc,phases      ] GC(10)   JNI Weak                       Min:  0.0, Avg:  0.0, Max:  0.0, Diff:  0.0, Sum:  0.0, Workers: 4
[21.758s][debug][gc,phases      ] GC(10)     Dead                           Min: 0, Avg:  0.0, Max: 0, Diff: 0, Sum: 0, Workers: 4
[21.758s][debug][gc,phases      ] GC(10)     Total                          Min: 0, Avg:  7.0, Max: 28, Diff: 28, Sum: 28, Workers: 4
[21.758s][debug][gc,phases      ] GC(10)   StringDedup Table Weak         Min:  0.0, Avg:  0.0, Max:  0.0, Diff:  0.0, Sum:  0.0, Workers: 4
[21.758s][debug][gc,phases      ] GC(10)     Dead                           Min: 0, Avg:  0.0, Max: 0, Diff: 0, Sum: 0, Workers: 4
[21.758s][debug][gc,phases      ] GC(10)     Total                          Min: 0, Avg:  0.0, Max: 0, Diff: 0, Sum: 0, Workers: 4
[21.758s][debug][gc,phases      ] GC(10)   StringDedup Requests0 Weak     Min:  0.0, Avg:  0.0, Max:  0.0, Diff:  0.0, Sum:  0.0, Workers: 4
[21.758s][debug][gc,phases      ] GC(10)     Dead                           Min: 0, Avg:  0.0, Max: 0, Diff: 0, Sum: 0, Workers: 4
[21.758s][debug][gc,phases      ] GC(10)     Total                          Min: 0, Avg:  0.0, Max: 0, Diff: 0, Sum: 0, Workers: 4
[21.758s][debug][gc,phases      ] GC(10)   StringDedup Requests1 Weak     Min:  0.0, Avg:  0.0, Max:  0.0, Diff:  0.0, Sum:  0.0, Workers: 4
[21.758s][debug][gc,phases      ] GC(10)     Dead                           Min: 0, Avg:  0.0, Max: 0, Diff: 0, Sum: 0, Workers: 4
[21.758s][debug][gc,phases      ] GC(10)     Total                          Min: 0, Avg:  0.0, Max: 0, Diff: 0, Sum: 0, Workers: 4
[21.758s][debug][gc,phases      ] GC(10)   Weak JFR Old Object Samples    Min:  0.0, Avg:  0.0, Max:  0.0, Diff:  0.0, Sum:  0.0, Workers: 4
[21.758s][debug][gc,phases      ] GC(10)     Dead                           Min: 0, Avg:  0.0, Max: 0, Diff: 0, Sum: 0, Workers: 4
[21.758s][debug][gc,phases      ] GC(10)     Total                          Min: 0, Avg:  0.0, Max: 0, Diff: 0, Sum: 0, Workers: 4
[21.758s][debug][gc,phases      ] GC(10) Weak Processing 0.780ms
[21.758s][debug][gc,age         ] GC(10) Desired survivor size 536870912 bytes, new threshold 5 (max threshold 15)
[21.758s][info ][gc,heap        ] GC(10) PSYoungGen: 1276466K(1572864K)->346212K(1572864K) Eden: 1048576K(1048576K)->0K(1048576K) From: 227890K(524288K)->346212K(524288K)
[21.758s][info ][gc,heap        ] GC(10) ParOldGen: 149156K(315904K)->149172K(315904K)
[21.758s][info ][gc,metaspace   ] GC(10) Metaspace: 81738K(82624K)->81738K(82624K) NonClass: 69889K(70400K)->69889K(70400K) Class: 11848K(12224K)->11848K(12224K)
[21.758s][info ][gc             ] GC(10) Pause Young (Allocation Failure) 1392M->483M(1844M) 128.081ms
[21.758s][info ][gc,cpu         ] GC(10) User=0.63s Sys=0.02s Real=0.13s
[21.758s][info ][safepoint      ] Safepoint "ParallelGCFailedAllocation", Time since last: 3250324 ns, Reaching safepoint: 90203 ns, At safepoint: 128182495 ns, Total: 128272698 ns
[21.767s][info ][safepoint      ] Safepoint "ICBufferFull", Time since last: 5800122 ns, Reaching safepoint: 3169921 ns, At safepoint: 38402 ns, Total: 3208323 ns
[21.771s][info ][safepoint      ] Safepoint "ICBufferFull", Time since last: 3980752 ns, Reaching safepoint: 112404 ns, At safepoint: 25701 ns, Total: 138105 ns
[21.773s][info ][safepoint      ] Safepoint "ICBufferFull", Time since last: 1736766 ns, Reaching safepoint: 103604 ns, At safepoint: 20201 ns, Total: 123805 ns
[21.779s][info ][safepoint      ] Safepoint "ICBufferFull", Time since last: 5594614 ns, Reaching safepoint: 106004 ns, At safepoint: 42101 ns, Total: 148105 ns
[21.782s][info ][safepoint      ] Safepoint "ICBufferFull", Time since last: 3247324 ns, Reaching safepoint: 35502 ns, At safepoint: 16800 ns, Total: 52302 ns
[21.782s][info ][safepoint      ] Safepoint "ICBufferFull", Time since last: 114205 ns, Reaching safepoint: 86503 ns, At safepoint: 20001 ns, Total: 106504 ns
[21.782s][info ][safepoint      ] Safepoint "ICBufferFull", Time since last: 67102 ns, Reaching safepoint: 97004 ns, At safepoint: 20601 ns, Total: 117605 ns
[21.784s][info ][safepoint      ] Safepoint "ICBufferFull", Time since last: 1042540 ns, Reaching safepoint: 101503 ns, At safepoint: 18701 ns, Total: 120204 ns
[21.784s][info ][safepoint      ] Safepoint "ICBufferFull", Time since last: 47802 ns, Reaching safepoint: 114904 ns, At safepoint: 21801 ns, Total: 136705 ns
[21.787s][info ][safepoint      ] Safepoint "ICBufferFull", Time since last: 3062517 ns, Reaching safepoint: 112504 ns, At safepoint: 20201 ns, Total: 132705 ns
[21.788s][info ][safepoint      ] Safepoint "ICBufferFull", Time since last: 1155344 ns, Reaching safepoint: 119905 ns, At safepoint: 24101 ns, Total: 144006 ns
[21.788s][info ][safepoint      ] Safepoint "ICBufferFull", Time since last: 38901 ns, Reaching safepoint: 91604 ns, At safepoint: 26601 ns, Total: 118205 ns
[21.798s][info ][safepoint      ] Safepoint "ICBufferFull", Time since last: 3261924 ns, Reaching safepoint: 6450147 ns, At safepoint: 27301 ns, Total: 6477448 ns
[21.801s][info ][safepoint      ] Safepoint "ICBufferFull", Time since last: 2442993 ns, Reaching safepoint: 112504 ns, At safepoint: 26201 ns, Total: 138705 ns
[21.801s][info ][safepoint      ] Safepoint "ICBufferFull", Time since last: 107004 ns, Reaching safepoint: 79303 ns, At safepoint: 28102 ns, Total: 107405 ns
[21.802s][info ][safepoint      ] Safepoint "ICBufferFull", Time since last: 1323750 ns, Reaching safepoint: 91204 ns, At safepoint: 24701 ns, Total: 115905 ns
[21.803s][info ][safepoint      ] Safepoint "ICBufferFull", Time since last: 71202 ns, Reaching safepoint: 103604 ns, At safepoint: 21601 ns, Total: 125205 ns
[21.803s][info ][safepoint      ] Safepoint "ICBufferFull", Time since last: 419816 ns, Reaching safepoint: 110204 ns, At safepoint: 24901 ns, Total: 135105 ns
[21.803s][info ][safepoint      ] Safepoint "ICBufferFull", Time since last: 48702 ns, Reaching safepoint: 91004 ns, At safepoint: 21800 ns, Total: 112804 ns
[21.805s][info ][safepoint      ] Safepoint "ICBufferFull", Time since last: 1086442 ns, Reaching safepoint: 101404 ns, At safepoint: 22701 ns, Total: 124105 ns
[21.814s][info ][safepoint      ] Safepoint "ICBufferFull", Time since last: 9303555 ns, Reaching safepoint: 65802 ns, At safepoint: 18701 ns, Total: 84503 ns
[21.814s][info ][safepoint      ] Safepoint "ICBufferFull", Time since last: 90704 ns, Reaching safepoint: 95603 ns, At safepoint: 24601 ns, Total: 120204 ns
[21.814s][info ][safepoint      ] Safepoint "ICBufferFull", Time since last: 49402 ns, Reaching safepoint: 90604 ns, At safepoint: 16100 ns, Total: 106704 ns
[21.814s][info ][safepoint      ] Safepoint "ICBufferFull", Time since last: 62103 ns, Reaching safepoint: 89103 ns, At safepoint: 19001 ns, Total: 108104 ns
[21.815s][info ][safepoint      ] Safepoint "ICBufferFull", Time since last: 38401 ns, Reaching safepoint: 87703 ns, At safepoint: 26101 ns, Total: 113804 ns
[21.816s][info ][safepoint      ] Safepoint "ICBufferFull", Time since last: 1258749 ns, Reaching safepoint: 107904 ns, At safepoint: 21600 ns, Total: 129504 ns
[21.820s][info ][safepoint      ] Safepoint "ICBufferFull", Time since last: 3452032 ns, Reaching safepoint: 99904 ns, At safepoint: 16001 ns, Total: 115905 ns
[21.820s][info ][safepoint      ] Safepoint "ICBufferFull", Time since last: 61802 ns, Reaching safepoint: 96504 ns, At safepoint: 14500 ns, Total: 111004 ns
[21.821s][info ][safepoint      ] Safepoint "ICBufferFull", Time since last: 1019739 ns, Reaching safepoint: 97204 ns, At safepoint: 22901 ns, Total: 120105 ns
[21.826s][info ][safepoint      ] Safepoint "ICBufferFull", Time since last: 4549074 ns, Reaching safepoint: 119404 ns, At safepoint: 10801 ns, Total: 130205 ns
[21.826s][info ][safepoint      ] Safepoint "ICBufferFull", Time since last: 64202 ns, Reaching safepoint: 89403 ns, At safepoint: 17801 ns, Total: 107204 ns
[21.826s][info ][safepoint      ] Safepoint "ICBufferFull", Time since last: 49902 ns, Reaching safepoint: 85103 ns, At safepoint: 30101 ns, Total: 115204 ns
[21.826s][info ][safepoint      ] Safepoint "ICBufferFull", Time since last: 32602 ns, Reaching safepoint: 83103 ns, At safepoint: 14900 ns, Total: 98003 ns
[21.826s][info ][safepoint      ] Safepoint "ICBufferFull", Time since last: 47502 ns, Reaching safepoint: 87604 ns, At safepoint: 20300 ns, Total: 107904 ns
[21.826s][info ][safepoint      ] Safepoint "ICBufferFull", Time since last: 141306 ns, Reaching safepoint: 75503 ns, At safepoint: 24301 ns, Total: 99804 ns
[21.831s][info ][safepoint      ] Safepoint "ICBufferFull", Time since last: 4104756 ns, Reaching safepoint: 103504 ns, At safepoint: 29801 ns, Total: 133305 ns
[21.835s][info ][safepoint      ] Safepoint "ICBufferFull", Time since last: 1794069 ns, Reaching safepoint: 2140082 ns, At safepoint: 29101 ns, Total: 2169183 ns
[21.838s][info ][safepoint      ] Safepoint "ICBufferFull", Time since last: 2817507 ns, Reaching safepoint: 28501 ns, At safepoint: 9501 ns, Total: 38002 ns
[21.838s][info ][safepoint      ] Safepoint "ICBufferFull", Time since last: 81903 ns, Reaching safepoint: 39101 ns, At safepoint: 20901 ns, Total: 60002 ns
[21.838s][info ][safepoint      ] Safepoint "ICBufferFull", Time since last: 268511 ns, Reaching safepoint: 96903 ns, At safepoint: 9801 ns, Total: 106704 ns
[21.838s][info ][safepoint      ] Safepoint "ICBufferFull", Time since last: 73902 ns, Reaching safepoint: 90704 ns, At safepoint: 24401 ns, Total: 115105 ns
[21.838s][info ][safepoint      ] Safepoint "ICBufferFull", Time since last: 55902 ns, Reaching safepoint: 97004 ns, At safepoint: 20400 ns, Total: 117404 ns
[21.839s][info ][safepoint      ] Safepoint "ICBufferFull", Time since last: 160807 ns, Reaching safepoint: 88803 ns, At safepoint: 23101 ns, Total: 111904 ns
[21.847s][info ][safepoint      ] Safepoint "ICBufferFull", Time since last: 2797007 ns, Reaching safepoint: 5329403 ns, At safepoint: 30001 ns, Total: 5359404 ns
[21.852s][info ][safepoint      ] Safepoint "ICBufferFull", Time since last: 4683579 ns, Reaching safepoint: 106204 ns, At safepoint: 22901 ns, Total: 129105 ns
[21.852s][info ][safepoint      ] Safepoint "ICBufferFull", Time since last: 453117 ns, Reaching safepoint: 95504 ns, At safepoint: 25701 ns, Total: 121205 ns
[21.858s][info ][safepoint      ] Safepoint "ICBufferFull", Time since last: 5779921 ns, Reaching safepoint: 116804 ns, At safepoint: 24501 ns, Total: 141305 ns
[21.860s][info ][safepoint      ] Safepoint "ICBufferFull", Time since last: 1295650 ns, Reaching safepoint: 98603 ns, At safepoint: 17901 ns, Total: 116504 ns
[21.860s][info ][safepoint      ] Safepoint "ICBufferFull", Time since last: 71003 ns, Reaching safepoint: 85003 ns, At safepoint: 17801 ns, Total: 102804 ns
[21.860s][info ][safepoint      ] Safepoint "ICBufferFull", Time since last: 27901 ns, Reaching safepoint: 85703 ns, At safepoint: 21401 ns, Total: 107104 ns
[21.862s][info ][safepoint      ] Safepoint "ICBufferFull", Time since last: 2114081 ns, Reaching safepoint: 96303 ns, At safepoint: 18401 ns, Total: 114704 ns
[21.862s][info ][safepoint      ] Safepoint "ICBufferFull", Time since last: 42602 ns, Reaching safepoint: 84703 ns, At safepoint: 17701 ns, Total: 102404 ns
[21.862s][info ][safepoint      ] Safepoint "ICBufferFull", Time since last: 69302 ns, Reaching safepoint: 99704 ns, At safepoint: 19101 ns, Total: 118805 ns
[21.863s][info ][safepoint      ] Safepoint "ICBufferFull", Time since last: 41001 ns, Reaching safepoint: 83004 ns, At safepoint: 20600 ns, Total: 103604 ns
[21.863s][info ][safepoint      ] Safepoint "ICBufferFull", Time since last: 25101 ns, Reaching safepoint: 104804 ns, At safepoint: 28901 ns, Total: 133705 ns
[21.866s][info ][safepoint      ] Safepoint "ICBufferFull", Time since last: 2830008 ns, Reaching safepoint: 100604 ns, At safepoint: 25501 ns, Total: 126105 ns
[21.869s][info ][safepoint      ] Safepoint "ICBufferFull", Time since last: 3241624 ns, Reaching safepoint: 105504 ns, At safepoint: 26401 ns, Total: 131905 ns
[21.874s][info ][safepoint      ] Safepoint "ICBufferFull", Time since last: 4689579 ns, Reaching safepoint: 110404 ns, At safepoint: 16301 ns, Total: 126705 ns
[21.874s][info ][safepoint      ] Safepoint "ICBufferFull", Time since last: 398515 ns, Reaching safepoint: 102104 ns, At safepoint: 24301 ns, Total: 126405 ns
[21.876s][info ][safepoint      ] Safepoint "ICBufferFull", Time since last: 1030139 ns, Reaching safepoint: 100104 ns, At safepoint: 19601 ns, Total: 119705 ns
[21.878s][info ][safepoint      ] Safepoint "ICBufferFull", Time since last: 2421092 ns, Reaching safepoint: 93004 ns, At safepoint: 21101 ns, Total: 114105 ns
[21.878s][info ][safepoint      ] Safepoint "ICBufferFull", Time since last: 90603 ns, Reaching safepoint: 87004 ns, At safepoint: 26601 ns, Total: 113605 ns
[21.882s][info ][safepoint      ] Safepoint "ICBufferFull", Time since last: 3545835 ns, Reaching safepoint: 184007 ns, At safepoint: 22901 ns, Total: 206908 ns
[21.885s][info ][safepoint      ] Safepoint "ICBufferFull", Time since last: 2818408 ns, Reaching safepoint: 112704 ns, At safepoint: 10100 ns, Total: 122804 ns
[21.885s][info ][safepoint      ] Safepoint "ICBufferFull", Time since last: 66803 ns, Reaching safepoint: 86103 ns, At safepoint: 16101 ns, Total: 102204 ns
[21.885s][info ][safepoint      ] Safepoint "ICBufferFull", Time since last: 76503 ns, Reaching safepoint: 96103 ns, At safepoint: 18801 ns, Total: 114904 ns
[21.888s][info ][safepoint      ] Safepoint "ICBufferFull", Time since last: 2389291 ns, Reaching safepoint: 106404 ns, At safepoint: 20601 ns, Total: 127005 ns
[21.889s][info ][safepoint      ] Safepoint "ICBufferFull", Time since last: 1149644 ns, Reaching safepoint: 102804 ns, At safepoint: 22401 ns, Total: 125205 ns
[21.889s][info ][safepoint      ] Safepoint "ICBufferFull", Time since last: 38201 ns, Reaching safepoint: 88704 ns, At safepoint: 19900 ns, Total: 108604 ns
[21.896s][info ][safepoint      ] Safepoint "ICBufferFull", Time since last: 6365844 ns, Reaching safepoint: 116804 ns, At safepoint: 14001 ns, Total: 130805 ns
[21.900s][info ][safepoint      ] Safepoint "ICBufferFull", Time since last: 3897648 ns, Reaching safepoint: 115005 ns, At safepoint: 13500 ns, Total: 128505 ns
[21.900s][info ][safepoint      ] Safepoint "ICBufferFull", Time since last: 63603 ns, Reaching safepoint: 91103 ns, At safepoint: 22901 ns, Total: 114004 ns
[21.900s][info ][safepoint      ] Safepoint "ICBufferFull", Time since last: 50702 ns, Reaching safepoint: 89503 ns, At safepoint: 19301 ns, Total: 108804 ns
[21.900s][info ][safepoint      ] Safepoint "ICBufferFull", Time since last: 40802 ns, Reaching safepoint: 92103 ns, At safepoint: 18201 ns, Total: 110304 ns
[21.908s][info ][safepoint      ] Safepoint "ICBufferFull", Time since last: 7337380 ns, Reaching safepoint: 117705 ns, At safepoint: 22201 ns, Total: 139906 ns
[21.908s][info ][safepoint      ] Safepoint "ICBufferFull", Time since last: 77402 ns, Reaching safepoint: 90004 ns, At safepoint: 18101 ns, Total: 108105 ns
[21.908s][info ][safepoint      ] Safepoint "ICBufferFull", Time since last: 39001 ns, Reaching safepoint: 86903 ns, At safepoint: 21501 ns, Total: 108404 ns
[21.909s][info ][safepoint      ] Safepoint "ICBufferFull", Time since last: 1205746 ns, Reaching safepoint: 97804 ns, At safepoint: 16601 ns, Total: 114405 ns
[21.910s][info ][safepoint      ] Safepoint "ICBufferFull", Time since last: 34201 ns, Reaching safepoint: 92203 ns, At safepoint: 22501 ns, Total: 114704 ns
[21.910s][info ][safepoint      ] Safepoint "ICBufferFull", Time since last: 54602 ns, Reaching safepoint: 87804 ns, At safepoint: 23401 ns, Total: 111205 ns
[21.911s][info ][safepoint      ] Safepoint "ICBufferFull", Time since last: 1066740 ns, Reaching safepoint: 96304 ns, At safepoint: 18201 ns, Total: 114505 ns
[21.912s][info ][safepoint      ] Safepoint "ICBufferFull", Time since last: 1087441 ns, Reaching safepoint: 244210 ns, At safepoint: 24801 ns, Total: 269011 ns
[21.915s][info ][safepoint      ] Safepoint "ICBufferFull", Time since last: 2154382 ns, Reaching safepoint: 106504 ns, At safepoint: 30001 ns, Total: 136505 ns
[21.921s][info ][safepoint      ] Safepoint "ICBufferFull", Time since last: 6650354 ns, Reaching safepoint: 102704 ns, At safepoint: 18501 ns, Total: 121205 ns
[21.921s][info ][safepoint      ] Safepoint "ICBufferFull", Time since last: 39201 ns, Reaching safepoint: 85803 ns, At safepoint: 19601 ns, Total: 105404 ns
[21.923s][info ][safepoint      ] Safepoint "ICBufferFull", Time since last: 1221647 ns, Reaching safepoint: 101604 ns, At safepoint: 14200 ns, Total: 115804 ns
[21.923s][info ][safepoint      ] Safepoint "ICBufferFull", Time since last: 51002 ns, Reaching safepoint: 84103 ns, At safepoint: 24901 ns, Total: 109004 ns
[21.923s][info ][safepoint      ] Safepoint "ICBufferFull", Time since last: 35502 ns, Reaching safepoint: 83903 ns, At safepoint: 24701 ns, Total: 108604 ns
[21.926s][info ][safepoint      ] Safepoint "ICBufferFull", Time since last: 2308388 ns, Reaching safepoint: 92704 ns, At safepoint: 22000 ns, Total: 114704 ns
[21.934s][info ][safepoint      ] Safepoint "ICBufferFull", Time since last: 6587652 ns, Reaching safepoint: 2095980 ns, At safepoint: 22901 ns, Total: 2118881 ns
[21.939s][info ][safepoint      ] Safepoint "ICBufferFull", Time since last: 4429369 ns, Reaching safepoint: 111704 ns, At safepoint: 21701 ns, Total: 133405 ns
[21.939s][info ][safepoint      ] Safepoint "ICBufferFull", Time since last: 182807 ns, Reaching safepoint: 101604 ns, At safepoint: 23801 ns, Total: 125405 ns
[21.939s][info ][safepoint      ] Safepoint "ICBufferFull", Time since last: 33501 ns, Reaching safepoint: 87204 ns, At safepoint: 20400 ns, Total: 107604 ns
[21.942s][info ][safepoint      ] Safepoint "ICBufferFull", Time since last: 2206885 ns, Reaching safepoint: 591722 ns, At safepoint: 32501 ns, Total: 624223 ns
[21.949s][info ][safepoint      ] Safepoint "ICBufferFull", Time since last: 4481672 ns, Reaching safepoint: 2150382 ns, At safepoint: 28201 ns, Total: 2178583 ns
[21.949s][info ][safepoint      ] Safepoint "ICBufferFull", Time since last: 59702 ns, Reaching safepoint: 103704 ns, At safepoint: 24801 ns, Total: 128505 ns
[21.959s][info ][safepoint      ] Safepoint "ICBufferFull", Time since last: 9596267 ns, Reaching safepoint: 250209 ns, At safepoint: 28701 ns, Total: 278910 ns
[21.961s][info ][safepoint      ] Safepoint "ICBufferFull", Time since last: 2023877 ns, Reaching safepoint: 115505 ns, At safepoint: 24701 ns, Total: 140206 ns
[21.961s][info ][safepoint      ] Safepoint "ICBufferFull", Time since last: 297411 ns, Reaching safepoint: 99204 ns, At safepoint: 31401 ns, Total: 130605 ns
[21.962s][info ][safepoint      ] Safepoint "ICBufferFull", Time since last: 719328 ns, Reaching safepoint: 171806 ns, At safepoint: 30201 ns, Total: 202007 ns
[21.963s][info ][safepoint      ] Safepoint "ICBufferFull", Time since last: 992738 ns, Reaching safepoint: 108004 ns, At safepoint: 25601 ns, Total: 133605 ns
[21.964s][info ][safepoint      ] Safepoint "ICBufferFull", Time since last: 52902 ns, Reaching safepoint: 76103 ns, At safepoint: 19101 ns, Total: 95204 ns
[21.965s][info ][safepoint      ] Safepoint "ICBufferFull", Time since last: 1239747 ns, Reaching safepoint: 92204 ns, At safepoint: 21801 ns, Total: 114005 ns
[21.971s][info ][safepoint      ] Safepoint "ICBufferFull", Time since last: 5607114 ns, Reaching safepoint: 97704 ns, At safepoint: 24301 ns, Total: 122005 ns
[21.971s][info ][safepoint      ] Safepoint "ICBufferFull", Time since last: 56402 ns, Reaching safepoint: 83203 ns, At safepoint: 17601 ns, Total: 100804 ns
[21.971s][info ][safepoint      ] Safepoint "ICBufferFull", Time since last: 37101 ns, Reaching safepoint: 83903 ns, At safepoint: 18101 ns, Total: 102004 ns
[21.971s][info ][safepoint      ] Safepoint "ICBufferFull", Time since last: 70503 ns, Reaching safepoint: 86203 ns, At safepoint: 23801 ns, Total: 110004 ns
[21.972s][info ][safepoint      ] Safepoint "ICBufferFull", Time since last: 882633 ns, Reaching safepoint: 92704 ns, At safepoint: 17501 ns, Total: 110205 ns
[21.972s][info ][safepoint      ] Safepoint "ICBufferFull", Time since last: 52802 ns, Reaching safepoint: 84603 ns, At safepoint: 16201 ns, Total: 100804 ns
[21.972s][info ][safepoint      ] Safepoint "ICBufferFull", Time since last: 36501 ns, Reaching safepoint: 83503 ns, At safepoint: 21001 ns, Total: 104504 ns
[21.974s][info ][safepoint      ] Safepoint "ICBufferFull", Time since last: 1195046 ns, Reaching safepoint: 87603 ns, At safepoint: 19101 ns, Total: 106704 ns
[21.974s][info ][safepoint      ] Safepoint "ICBufferFull", Time since last: 53102 ns, Reaching safepoint: 83403 ns, At safepoint: 30301 ns, Total: 113704 ns
[21.974s][info ][safepoint      ] Safepoint "ICBufferFull", Time since last: 30101 ns, Reaching safepoint: 83303 ns, At safepoint: 20001 ns, Total: 103304 ns
[21.974s][info ][safepoint      ] Safepoint "ICBufferFull", Time since last: 168006 ns, Reaching safepoint: 98204 ns, At safepoint: 21001 ns, Total: 119205 ns
[21.976s][info ][safepoint      ] Safepoint "ICBufferFull", Time since last: 1270049 ns, Reaching safepoint: 90003 ns, At safepoint: 18401 ns, Total: 108404 ns
[21.978s][info ][safepoint      ] Safepoint "ICBufferFull", Time since last: 2233585 ns, Reaching safepoint: 99004 ns, At safepoint: 21001 ns, Total: 120005 ns
[21.978s][info ][safepoint      ] Safepoint "ICBufferFull", Time since last: 33201 ns, Reaching safepoint: 83503 ns, At safepoint: 21601 ns, Total: 105104 ns
[21.980s][info ][safepoint      ] Safepoint "ICBufferFull", Time since last: 1221246 ns, Reaching safepoint: 93204 ns, At safepoint: 22601 ns, Total: 115805 ns
[21.980s][info ][safepoint      ] Safepoint "ICBufferFull", Time since last: 36001 ns, Reaching safepoint: 86304 ns, At safepoint: 16200 ns, Total: 102504 ns
[21.981s][info ][safepoint      ] Safepoint "ICBufferFull", Time since last: 1526659 ns, Reaching safepoint: 93903 ns, At safepoint: 22701 ns, Total: 116604 ns
[21.988s][info ][safepoint      ] Safepoint "ICBufferFull", Time since last: 6496248 ns, Reaching safepoint: 121305 ns, At safepoint: 27301 ns, Total: 148606 ns
[21.997s][info ][safepoint      ] Safepoint "ICBufferFull", Time since last: 7304379 ns, Reaching safepoint: 2130981 ns, At safepoint: 29001 ns, Total: 2159982 ns
[22.006s][info ][safepoint      ] Safepoint "ICBufferFull", Time since last: 8898640 ns, Reaching safepoint: 121005 ns, At safepoint: 25401 ns, Total: 146406 ns
[22.009s][info ][safepoint      ] Safepoint "ICBufferFull", Time since last: 2203684 ns, Reaching safepoint: 107104 ns, At safepoint: 25701 ns, Total: 132805 ns
[22.016s][info ][safepoint      ] Safepoint "ICBufferFull", Time since last: 7312179 ns, Reaching safepoint: 118205 ns, At safepoint: 22800 ns, Total: 141005 ns
[22.018s][info ][safepoint      ] Safepoint "ICBufferFull", Time since last: 1703866 ns, Reaching safepoint: 98303 ns, At safepoint: 19101 ns, Total: 117404 ns
[22.018s][info ][safepoint      ] Safepoint "ICBufferFull", Time since last: 54102 ns, Reaching safepoint: 85903 ns, At safepoint: 19101 ns, Total: 105004 ns
[22.018s][info ][safepoint      ] Safepoint "ICBufferFull", Time since last: 46802 ns, Reaching safepoint: 92503 ns, At safepoint: 22701 ns, Total: 115204 ns
[22.020s][info ][safepoint      ] Safepoint "ICBufferFull", Time since last: 1104542 ns, Reaching safepoint: 102504 ns, At safepoint: 19101 ns, Total: 121605 ns
[22.020s][info ][safepoint      ] Safepoint "ICBufferFull", Time since last: 124005 ns, Reaching safepoint: 91203 ns, At safepoint: 18901 ns, Total: 110104 ns
[22.020s][info ][safepoint      ] Safepoint "ICBufferFull", Time since last: 49802 ns, Reaching safepoint: 88703 ns, At safepoint: 24501 ns, Total: 113204 ns
[22.021s][info ][safepoint      ] Safepoint "ICBufferFull", Time since last: 920335 ns, Reaching safepoint: 89504 ns, At safepoint: 16000 ns, Total: 105504 ns
[22.021s][info ][safepoint      ] Safepoint "ICBufferFull", Time since last: 67803 ns, Reaching safepoint: 90804 ns, At safepoint: 26001 ns, Total: 116805 ns
[22.021s][info ][safepoint      ] Safepoint "ICBufferFull", Time since last: 44201 ns, Reaching safepoint: 86404 ns, At safepoint: 20100 ns, Total: 106504 ns
[22.022s][info ][safepoint      ] Safepoint "ICBufferFull", Time since last: 87704 ns, Reaching safepoint: 87703 ns, At safepoint: 19701 ns, Total: 107404 ns
[22.023s][info ][safepoint      ] Safepoint "ICBufferFull", Time since last: 1020539 ns, Reaching safepoint: 88903 ns, At safepoint: 15301 ns, Total: 104204 ns
[22.023s][info ][safepoint      ] Safepoint "ICBufferFull", Time since last: 62202 ns, Reaching safepoint: 100404 ns, At safepoint: 16601 ns, Total: 117005 ns
[22.023s][info ][safepoint      ] Safepoint "ICBufferFull", Time since last: 104004 ns, Reaching safepoint: 93103 ns, At safepoint: 26201 ns, Total: 119304 ns
[22.025s][info ][safepoint      ] Safepoint "ICBufferFull", Time since last: 1527958 ns, Reaching safepoint: 107405 ns, At safepoint: 29301 ns, Total: 136706 ns
[22.030s][info ][safepoint      ] Safepoint "ICBufferFull", Time since last: 4843785 ns, Reaching safepoint: 126104 ns, At safepoint: 23801 ns, Total: 149905 ns
[22.038s][info ][safepoint      ] Safepoint "ICBufferFull", Time since last: 3949151 ns, Reaching safepoint: 4217861 ns, At safepoint: 31501 ns, Total: 4249362 ns
[22.046s][info ][safepoint      ] Safepoint "ICBufferFull", Time since last: 7965805 ns, Reaching safepoint: 38501 ns, At safepoint: 10701 ns, Total: 49202 ns
[22.046s][info ][safepoint      ] Safepoint "ICBufferFull", Time since last: 100103 ns, Reaching safepoint: 20301 ns, At safepoint: 8300 ns, Total: 28601 ns
[22.046s][info ][safepoint      ] Safepoint "ICBufferFull", Time since last: 62803 ns, Reaching safepoint: 22701 ns, At safepoint: 14300 ns, Total: 37001 ns
[22.048s][info ][safepoint      ] Safepoint "ICBufferFull", Time since last: 1516358 ns, Reaching safepoint: 100604 ns, At safepoint: 19901 ns, Total: 120505 ns
[22.048s][info ][safepoint      ] Safepoint "ICBufferFull", Time since last: 43401 ns, Reaching safepoint: 92204 ns, At safepoint: 18101 ns, Total: 110305 ns
[22.056s][info ][safepoint      ] Safepoint "ICBufferFull", Time since last: 7874600 ns, Reaching safepoint: 120205 ns, At safepoint: 26901 ns, Total: 147106 ns
[22.057s][info ][safepoint      ] Safepoint "ICBufferFull", Time since last: 738528 ns, Reaching safepoint: 98804 ns, At safepoint: 21601 ns, Total: 120405 ns
[22.057s][info ][safepoint      ] Safepoint "ICBufferFull", Time since last: 61302 ns, Reaching safepoint: 157806 ns, At safepoint: 18801 ns, Total: 176607 ns
[22.058s][info ][safepoint      ] Safepoint "ICBufferFull", Time since last: 1030339 ns, Reaching safepoint: 86604 ns, At safepoint: 22700 ns, Total: 109304 ns
[22.058s][info ][safepoint      ] Safepoint "ICBufferFull", Time since last: 99704 ns, Reaching safepoint: 89904 ns, At safepoint: 26801 ns, Total: 116705 ns
[22.060s][info ][safepoint      ] Safepoint "ICBufferFull", Time since last: 1133143 ns, Reaching safepoint: 77403 ns, At safepoint: 18801 ns, Total: 96204 ns
[22.060s][info ][safepoint      ] Safepoint "ICBufferFull", Time since last: 44001 ns, Reaching safepoint: 86304 ns, At safepoint: 16100 ns, Total: 102404 ns
[22.060s][info ][safepoint      ] Safepoint "ICBufferFull", Time since last: 30701 ns, Reaching safepoint: 83504 ns, At safepoint: 18900 ns, Total: 102404 ns
[22.064s][info ][safepoint      ] Safepoint "ICBufferFull", Time since last: 4252863 ns, Reaching safepoint: 82403 ns, At safepoint: 28101 ns, Total: 110504 ns
[22.066s][info ][safepoint      ] Safepoint "ICBufferFull", Time since last: 1171745 ns, Reaching safepoint: 103404 ns, At safepoint: 25101 ns, Total: 128505 ns
[22.070s][info ][safepoint      ] Safepoint "ICBufferFull", Time since last: 2385991 ns, Reaching safepoint: 2138181 ns, At safepoint: 27101 ns, Total: 2165282 ns
[22.073s][info ][safepoint      ] Safepoint "ICBufferFull", Time since last: 2377891 ns, Reaching safepoint: 104204 ns, At safepoint: 32501 ns, Total: 136705 ns
[22.079s][info ][safepoint      ] Safepoint "ICBufferFull", Time since last: 6088933 ns, Reaching safepoint: 105004 ns, At safepoint: 29101 ns, Total: 134105 ns
[22.081s][info ][safepoint      ] Safepoint "ICBufferFull", Time since last: 1715466 ns, Reaching safepoint: 108804 ns, At safepoint: 24401 ns, Total: 133205 ns
[22.090s][info ][safepoint      ] Safepoint "ICBufferFull", Time since last: 7454684 ns, Reaching safepoint: 2128982 ns, At safepoint: 23401 ns, Total: 2152383 ns
[22.094s][info ][safepoint      ] Safepoint "ICBufferFull", Time since last: 1703565 ns, Reaching safepoint: 2128281 ns, At safepoint: 24201 ns, Total: 2152482 ns
[22.095s][info ][safepoint      ] Safepoint "ICBufferFull", Time since last: 805831 ns, Reaching safepoint: 75103 ns, At safepoint: 22300 ns, Total: 97403 ns
[22.098s][info ][safepoint      ] Safepoint "ICBufferFull", Time since last: 2810108 ns, Reaching safepoint: 111204 ns, At safepoint: 20001 ns, Total: 131205 ns
[22.098s][info ][safepoint      ] Safepoint "ICBufferFull", Time since last: 86303 ns, Reaching safepoint: 17201 ns, At safepoint: 15400 ns, Total: 32601 ns
[22.098s][info ][safepoint      ] Safepoint "ICBufferFull", Time since last: 41802 ns, Reaching safepoint: 88503 ns, At safepoint: 21001 ns, Total: 109504 ns
[22.099s][info ][safepoint      ] Safepoint "ICBufferFull", Time since last: 46302 ns, Reaching safepoint: 87903 ns, At safepoint: 23701 ns, Total: 111604 ns
[22.099s][info ][safepoint      ] Safepoint "ICBufferFull", Time since last: 53302 ns, Reaching safepoint: 87403 ns, At safepoint: 22201 ns, Total: 109604 ns
[22.099s][info ][safepoint      ] Safepoint "ICBufferFull", Time since last: 32602 ns, Reaching safepoint: 85703 ns, At safepoint: 15900 ns, Total: 101603 ns
[22.099s][info ][safepoint      ] Safepoint "ICBufferFull", Time since last: 28502 ns, Reaching safepoint: 85003 ns, At safepoint: 19201 ns, Total: 104204 ns
[22.100s][info ][safepoint      ] Safepoint "ICBufferFull", Time since last: 1382452 ns, Reaching safepoint: 93804 ns, At safepoint: 20101 ns, Total: 113905 ns
[22.101s][info ][safepoint      ] Safepoint "ICBufferFull", Time since last: 49902 ns, Reaching safepoint: 85903 ns, At safepoint: 19101 ns, Total: 105004 ns
[22.103s][info ][safepoint      ] Safepoint "ICBufferFull", Time since last: 2082679 ns, Reaching safepoint: 119705 ns, At safepoint: 15900 ns, Total: 135605 ns
[22.103s][info ][safepoint      ] Safepoint "ICBufferFull", Time since last: 411316 ns, Reaching safepoint: 99104 ns, At safepoint: 20501 ns, Total: 119605 ns
[22.104s][info ][safepoint      ] Safepoint "ICBufferFull", Time since last: 74602 ns, Reaching safepoint: 96204 ns, At safepoint: 20601 ns, Total: 116805 ns
[22.105s][info ][safepoint      ] Safepoint "ICBufferFull", Time since last: 981137 ns, Reaching safepoint: 103104 ns, At safepoint: 15601 ns, Total: 118705 ns
[22.106s][info ][safepoint      ] Safepoint "ICBufferFull", Time since last: 1446455 ns, Reaching safepoint: 96704 ns, At safepoint: 23701 ns, Total: 120405 ns
[22.106s][info ][safepoint      ] Safepoint "ICBufferFull", Time since last: 73103 ns, Reaching safepoint: 88803 ns, At safepoint: 23901 ns, Total: 112704 ns
[22.107s][info ][safepoint      ] Safepoint "ICBufferFull", Time since last: 44802 ns, Reaching safepoint: 96303 ns, At safepoint: 20101 ns, Total: 116404 ns
[22.110s][info ][safepoint      ] Safepoint "ICBufferFull", Time since last: 906735 ns, Reaching safepoint: 2124781 ns, At safepoint: 14500 ns, Total: 2139281 ns
[22.110s][info ][safepoint      ] Safepoint "ICBufferFull", Time since last: 46702 ns, Reaching safepoint: 84303 ns, At safepoint: 24001 ns, Total: 108304 ns
[22.110s][info ][safepoint      ] Safepoint "ICBufferFull", Time since last: 124205 ns, Reaching safepoint: 61002 ns, At safepoint: 16501 ns, Total: 77503 ns
[22.110s][info ][safepoint      ] Safepoint "ICBufferFull", Time since last: 40501 ns, Reaching safepoint: 83104 ns, At safepoint: 21100 ns, Total: 104204 ns
[22.111s][info ][safepoint      ] Safepoint "ICBufferFull", Time since last: 1118143 ns, Reaching safepoint: 99404 ns, At safepoint: 12900 ns, Total: 112304 ns
[22.112s][info ][safepoint      ] Safepoint "ICBufferFull", Time since last: 161907 ns, Reaching safepoint: 102804 ns, At safepoint: 18900 ns, Total: 121704 ns
[22.112s][info ][safepoint      ] Safepoint "ICBufferFull", Time since last: 38502 ns, Reaching safepoint: 114104 ns, At safepoint: 21001 ns, Total: 135105 ns
[22.112s][info ][safepoint      ] Safepoint "ICBufferFull", Time since last: 88103 ns, Reaching safepoint: 93204 ns, At safepoint: 24901 ns, Total: 118105 ns
[22.113s][info ][safepoint      ] Safepoint "ICBufferFull", Time since last: 960836 ns, Reaching safepoint: 99504 ns, At safepoint: 26101 ns, Total: 125605 ns
[22.114s][info ][safepoint      ] Safepoint "ICBufferFull", Time since last: 1043140 ns, Reaching safepoint: 89904 ns, At safepoint: 19900 ns, Total: 109804 ns
[22.115s][info ][safepoint      ] Safepoint "ICBufferFull", Time since last: 588923 ns, Reaching safepoint: 85503 ns, At safepoint: 20001 ns, Total: 105504 ns
[22.115s][info ][safepoint      ] Safepoint "ICBufferFull", Time since last: 57702 ns, Reaching safepoint: 85603 ns, At safepoint: 20601 ns, Total: 106204 ns
[22.115s][info ][safepoint      ] Safepoint "ICBufferFull", Time since last: 37201 ns, Reaching safepoint: 86104 ns, At safepoint: 15700 ns, Total: 101804 ns
[22.116s][info ][safepoint      ] Safepoint "ICBufferFull", Time since last: 1045040 ns, Reaching safepoint: 88104 ns, At safepoint: 10000 ns, Total: 98104 ns
[22.117s][info ][safepoint      ] Safepoint "ICBufferFull", Time since last: 52102 ns, Reaching safepoint: 83803 ns, At safepoint: 16101 ns, Total: 99904 ns
[22.117s][info ][safepoint      ] Safepoint "ICBufferFull", Time since last: 44202 ns, Reaching safepoint: 84103 ns, At safepoint: 16300 ns, Total: 100403 ns
[22.117s][info ][safepoint      ] Safepoint "ICBufferFull", Time since last: 31602 ns, Reaching safepoint: 89003 ns, At safepoint: 26001 ns, Total: 115004 ns
[22.117s][info ][safepoint      ] Safepoint "ICBufferFull", Time since last: 77703 ns, Reaching safepoint: 55502 ns, At safepoint: 22401 ns, Total: 77903 ns
[22.118s][info ][safepoint      ] Safepoint "ICBufferFull", Time since last: 800830 ns, Reaching safepoint: 96204 ns, At safepoint: 16501 ns, Total: 112705 ns
[22.118s][info ][safepoint      ] Safepoint "ICBufferFull", Time since last: 62502 ns, Reaching safepoint: 93204 ns, At safepoint: 16000 ns, Total: 109204 ns
[22.118s][info ][safepoint      ] Safepoint "ICBufferFull", Time since last: 50602 ns, Reaching safepoint: 84304 ns, At safepoint: 18100 ns, Total: 102404 ns
[22.118s][info ][safepoint      ] Safepoint "ICBufferFull", Time since last: 75203 ns, Reaching safepoint: 88503 ns, At safepoint: 14801 ns, Total: 103304 ns
[22.119s][info ][safepoint      ] Safepoint "ICBufferFull", Time since last: 31401 ns, Reaching safepoint: 94204 ns, At safepoint: 14700 ns, Total: 108904 ns
[22.120s][info ][safepoint      ] Safepoint "ICBufferFull", Time since last: 902835 ns, Reaching safepoint: 90803 ns, At safepoint: 13601 ns, Total: 104404 ns
[22.120s][info ][safepoint      ] Safepoint "ICBufferFull", Time since last: 51602 ns, Reaching safepoint: 84203 ns, At safepoint: 23801 ns, Total: 108004 ns
[22.120s][info ][safepoint      ] Safepoint "ICBufferFull", Time since last: 36001 ns, Reaching safepoint: 85004 ns, At safepoint: 19300 ns, Total: 104304 ns
[22.120s][info ][safepoint      ] Safepoint "ICBufferFull", Time since last: 31401 ns, Reaching safepoint: 86104 ns, At safepoint: 24001 ns, Total: 110105 ns
[22.121s][info ][safepoint      ] Safepoint "ICBufferFull", Time since last: 1064040 ns, Reaching safepoint: 96804 ns, At safepoint: 19601 ns, Total: 116405 ns
[22.121s][info ][safepoint      ] Safepoint "ICBufferFull", Time since last: 47102 ns, Reaching safepoint: 91203 ns, At safepoint: 23401 ns, Total: 114604 ns
[22.123s][info ][safepoint      ] Safepoint "ICBufferFull", Time since last: 1263248 ns, Reaching safepoint: 101304 ns, At safepoint: 20001 ns, Total: 121305 ns
[22.123s][info ][safepoint      ] Safepoint "ICBufferFull", Time since last: 71603 ns, Reaching safepoint: 85903 ns, At safepoint: 18601 ns, Total: 104504 ns
[22.123s][info ][safepoint      ] Safepoint "ICBufferFull", Time since last: 38801 ns, Reaching safepoint: 86903 ns, At safepoint: 19001 ns, Total: 105904 ns
[22.125s][info ][safepoint      ] Safepoint "ICBufferFull", Time since last: 2258886 ns, Reaching safepoint: 118805 ns, At safepoint: 21701 ns, Total: 140506 ns
[22.127s][info ][safepoint      ] Safepoint "ICBufferFull", Time since last: 1781568 ns, Reaching safepoint: 106404 ns, At safepoint: 26701 ns, Total: 133105 ns
[22.128s][info ][safepoint      ] Safepoint "ICBufferFull", Time since last: 65102 ns, Reaching safepoint: 105704 ns, At safepoint: 22301 ns, Total: 128005 ns
[22.128s][info ][safepoint      ] Safepoint "ICBufferFull", Time since last: 43702 ns, Reaching safepoint: 85503 ns, At safepoint: 16301 ns, Total: 101804 ns
[22.128s][info ][safepoint      ] Safepoint "ICBufferFull", Time since last: 51702 ns, Reaching safepoint: 88203 ns, At safepoint: 20501 ns, Total: 108704 ns
[22.129s][info ][safepoint      ] Safepoint "ICBufferFull", Time since last: 1317650 ns, Reaching safepoint: 104204 ns, At safepoint: 21501 ns, Total: 125705 ns
[22.130s][info ][safepoint      ] Safepoint "ICBufferFull", Time since last: 875433 ns, Reaching safepoint: 103604 ns, At safepoint: 22201 ns, Total: 125805 ns
[22.131s][info ][safepoint      ] Safepoint "ICBufferFull", Time since last: 713528 ns, Reaching safepoint: 97303 ns, At safepoint: 12301 ns, Total: 109604 ns
[22.131s][info ][safepoint      ] Safepoint "ICBufferFull", Time since last: 55502 ns, Reaching safepoint: 93203 ns, At safepoint: 18001 ns, Total: 111204 ns
[22.131s][info ][safepoint      ] Safepoint "ICBufferFull", Time since last: 27901 ns, Reaching safepoint: 85703 ns, At safepoint: 15201 ns, Total: 100904 ns
[22.132s][info ][safepoint      ] Safepoint "ICBufferFull", Time since last: 40402 ns, Reaching safepoint: 84803 ns, At safepoint: 20901 ns, Total: 105704 ns
[22.132s][info ][safepoint      ] Safepoint "ICBufferFull", Time since last: 782029 ns, Reaching safepoint: 26901 ns, At safepoint: 5101 ns, Total: 32002 ns
[22.132s][info ][safepoint      ] Safepoint "ICBufferFull", Time since last: 44101 ns, Reaching safepoint: 18001 ns, At safepoint: 17901 ns, Total: 35902 ns
[22.133s][info ][safepoint      ] Safepoint "ICBufferFull", Time since last: 60902 ns, Reaching safepoint: 85103 ns, At safepoint: 20201 ns, Total: 105304 ns
[22.133s][info ][safepoint      ] Safepoint "ICBufferFull", Time since last: 113904 ns, Reaching safepoint: 84104 ns, At safepoint: 14300 ns, Total: 98404 ns
[22.133s][info ][safepoint      ] Safepoint "ICBufferFull", Time since last: 43402 ns, Reaching safepoint: 86003 ns, At safepoint: 16201 ns, Total: 102204 ns
[22.133s][info ][safepoint      ] Safepoint "ICBufferFull", Time since last: 37401 ns, Reaching safepoint: 92304 ns, At safepoint: 18300 ns, Total: 110604 ns
[22.133s][info ][safepoint      ] Safepoint "ICBufferFull", Time since last: 136506 ns, Reaching safepoint: 97703 ns, At safepoint: 20001 ns, Total: 117704 ns
[22.135s][info ][safepoint      ] Safepoint "ICBufferFull", Time since last: 1281649 ns, Reaching safepoint: 102204 ns, At safepoint: 16201 ns, Total: 118405 ns
[22.135s][info ][safepoint      ] Safepoint "ICBufferFull", Time since last: 236509 ns, Reaching safepoint: 95403 ns, At safepoint: 19901 ns, Total: 115304 ns
[22.135s][info ][safepoint      ] Safepoint "ICBufferFull", Time since last: 45402 ns, Reaching safepoint: 94703 ns, At safepoint: 21101 ns, Total: 115804 ns
[22.137s][info ][safepoint      ] Safepoint "ICBufferFull", Time since last: 1096642 ns, Reaching safepoint: 108404 ns, At safepoint: 14801 ns, Total: 123205 ns
[22.138s][info ][safepoint      ] Safepoint "ICBufferFull", Time since last: 1467556 ns, Reaching safepoint: 104004 ns, At safepoint: 39401 ns, Total: 143405 ns
[22.140s][info ][safepoint      ] Safepoint "ICBufferFull", Time since last: 1669364 ns, Reaching safepoint: 124905 ns, At safepoint: 22301 ns, Total: 147206 ns
[22.141s][info ][safepoint      ] Safepoint "ICBufferFull", Time since last: 1234047 ns, Reaching safepoint: 105504 ns, At safepoint: 16700 ns, Total: 122204 ns
[22.141s][info ][safepoint      ] Safepoint "ICBufferFull", Time since last: 64303 ns, Reaching safepoint: 24301 ns, At safepoint: 17400 ns, Total: 41701 ns
[22.141s][info ][safepoint      ] Safepoint "ICBufferFull", Time since last: 58403 ns, Reaching safepoint: 15300 ns, At safepoint: 13401 ns, Total: 28701 ns
[22.142s][info ][safepoint      ] Safepoint "ICBufferFull", Time since last: 185907 ns, Reaching safepoint: 91703 ns, At safepoint: 23001 ns, Total: 114704 ns
[22.142s][info ][safepoint      ] Safepoint "ICBufferFull", Time since last: 288111 ns, Reaching safepoint: 94504 ns, At safepoint: 19501 ns, Total: 114005 ns
[22.142s][info ][safepoint      ] Safepoint "ICBufferFull", Time since last: 49602 ns, Reaching safepoint: 88203 ns, At safepoint: 21201 ns, Total: 109404 ns
[22.144s][info ][safepoint      ] Safepoint "ICBufferFull", Time since last: 1865171 ns, Reaching safepoint: 103404 ns, At safepoint: 8700 ns, Total: 112104 ns
[22.146s][info ][safepoint      ] Safepoint "ICBufferFull", Time since last: 1645263 ns, Reaching safepoint: 101904 ns, At safepoint: 20601 ns, Total: 122505 ns
[22.146s][info ][safepoint      ] Safepoint "ICBufferFull", Time since last: 96103 ns, Reaching safepoint: 86104 ns, At safepoint: 21001 ns, Total: 107105 ns
[22.146s][info ][safepoint      ] Safepoint "ICBufferFull", Time since last: 72002 ns, Reaching safepoint: 94404 ns, At safepoint: 19801 ns, Total: 114205 ns
[22.147s][info ][safepoint      ] Safepoint "ICBufferFull", Time since last: 168806 ns, Reaching safepoint: 96904 ns, At safepoint: 23901 ns, Total: 120805 ns
[22.147s][info ][safepoint      ] Safepoint "ICBufferFull", Time since last: 167206 ns, Reaching safepoint: 94804 ns, At safepoint: 21701 ns, Total: 116505 ns
[22.149s][info ][safepoint      ] Safepoint "ICBufferFull", Time since last: 1751966 ns, Reaching safepoint: 204208 ns, At safepoint: 19801 ns, Total: 224009 ns
[22.149s][info ][safepoint      ] Safepoint "ICBufferFull", Time since last: 313312 ns, Reaching safepoint: 96404 ns, At safepoint: 21300 ns, Total: 117704 ns
[22.150s][info ][safepoint      ] Safepoint "ICBufferFull", Time since last: 223809 ns, Reaching safepoint: 95604 ns, At safepoint: 24401 ns, Total: 120005 ns
[22.152s][info ][safepoint      ] Safepoint "ICBufferFull", Time since last: 1716865 ns, Reaching safepoint: 111304 ns, At safepoint: 18601 ns, Total: 129905 ns
[22.152s][info ][safepoint      ] Safepoint "ICBufferFull", Time since last: 54602 ns, Reaching safepoint: 88004 ns, At safepoint: 21500 ns, Total: 109504 ns
[22.154s][info ][safepoint      ] Safepoint "ICBufferFull", Time since last: 1565760 ns, Reaching safepoint: 107504 ns, At safepoint: 20901 ns, Total: 128405 ns
[22.154s][info ][safepoint      ] Safepoint "ICBufferFull", Time since last: 70603 ns, Reaching safepoint: 154106 ns, At safepoint: 20700 ns, Total: 174806 ns
[22.155s][info ][safepoint      ] Safepoint "ICBufferFull", Time since last: 1227947 ns, Reaching safepoint: 174907 ns, At safepoint: 15901 ns, Total: 190808 ns
[22.155s][info ][safepoint      ] Safepoint "ICBufferFull", Time since last: 84803 ns, Reaching safepoint: 90803 ns, At safepoint: 22301 ns, Total: 113104 ns
[22.156s][info ][safepoint      ] Safepoint "ICBufferFull", Time since last: 41402 ns, Reaching safepoint: 154006 ns, At safepoint: 20900 ns, Total: 174906 ns
[22.157s][info ][safepoint      ] Safepoint "ICBufferFull", Time since last: 1394354 ns, Reaching safepoint: 104904 ns, At safepoint: 17300 ns, Total: 122204 ns
[22.157s][info ][safepoint      ] Safepoint "ICBufferFull", Time since last: 51402 ns, Reaching safepoint: 253010 ns, At safepoint: 22201 ns, Total: 275211 ns
[22.158s][info ][safepoint      ] Safepoint "ICBufferFull", Time since last: 349113 ns, Reaching safepoint: 93004 ns, At safepoint: 20901 ns, Total: 113905 ns
[22.160s][info ][safepoint      ] Safepoint "ICBufferFull", Time since last: 1572760 ns, Reaching safepoint: 387414 ns, At safepoint: 23901 ns, Total: 411315 ns
[22.161s][info ][safepoint      ] Safepoint "ICBufferFull", Time since last: 1481757 ns, Reaching safepoint: 90803 ns, At safepoint: 17401 ns, Total: 108204 ns
[22.162s][info ][safepoint      ] Safepoint "ICBufferFull", Time since last: 43302 ns, Reaching safepoint: 84503 ns, At safepoint: 16501 ns, Total: 101004 ns
[22.162s][info ][safepoint      ] Safepoint "ICBufferFull", Time since last: 428116 ns, Reaching safepoint: 88303 ns, At safepoint: 14801 ns, Total: 103104 ns
[22.163s][info ][safepoint      ] Safepoint "ICBufferFull", Time since last: 306312 ns, Reaching safepoint: 158206 ns, At safepoint: 17700 ns, Total: 175906 ns
[22.163s][info ][safepoint      ] Safepoint "ICBufferFull", Time since last: 41202 ns, Reaching safepoint: 153506 ns, At safepoint: 19600 ns, Total: 173106 ns
[22.164s][info ][safepoint      ] Safepoint "ICBufferFull", Time since last: 956937 ns, Reaching safepoint: 165806 ns, At safepoint: 14901 ns, Total: 180707 ns
[22.164s][info ][safepoint      ] Safepoint "ICBufferFull", Time since last: 220008 ns, Reaching safepoint: 152506 ns, At safepoint: 18101 ns, Total: 170607 ns
[22.165s][info ][safepoint      ] Safepoint "ICBufferFull", Time since last: 400215 ns, Reaching safepoint: 274311 ns, At safepoint: 50701 ns, Total: 325012 ns
[22.166s][info ][safepoint      ] Safepoint "ICBufferFull", Time since last: 418316 ns, Reaching safepoint: 90904 ns, At safepoint: 19301 ns, Total: 110205 ns
[22.167s][info ][safepoint      ] Safepoint "ICBufferFull", Time since last: 1202146 ns, Reaching safepoint: 93303 ns, At safepoint: 21401 ns, Total: 114704 ns
[22.167s][info ][safepoint      ] Safepoint "ICBufferFull", Time since last: 166706 ns, Reaching safepoint: 91204 ns, At safepoint: 18501 ns, Total: 109705 ns
[22.169s][info ][safepoint      ] Safepoint "ICBufferFull", Time since last: 1879871 ns, Reaching safepoint: 104104 ns, At safepoint: 17101 ns, Total: 121205 ns
[22.169s][info ][safepoint      ] Safepoint "ICBufferFull", Time since last: 169806 ns, Reaching safepoint: 87604 ns, At safepoint: 16600 ns, Total: 104204 ns
[22.170s][info ][safepoint      ] Safepoint "ICBufferFull", Time since last: 255610 ns, Reaching safepoint: 90504 ns, At safepoint: 20100 ns, Total: 110604 ns
[22.172s][info ][safepoint      ] Safepoint "ICBufferFull", Time since last: 1603362 ns, Reaching safepoint: 105904 ns, At safepoint: 11600 ns, Total: 117504 ns
[22.172s][info ][safepoint      ] Safepoint "ICBufferFull", Time since last: 44902 ns, Reaching safepoint: 96303 ns, At safepoint: 20301 ns, Total: 116604 ns
[22.172s][info ][safepoint      ] Safepoint "ICBufferFull", Time since last: 501119 ns, Reaching safepoint: 88304 ns, At safepoint: 21001 ns, Total: 109305 ns
[22.173s][info ][safepoint      ] Safepoint "ICBufferFull", Time since last: 559621 ns, Reaching safepoint: 104404 ns, At safepoint: 24601 ns, Total: 129005 ns
[22.174s][info ][safepoint      ] Safepoint "ICBufferFull", Time since last: 1275049 ns, Reaching safepoint: 106704 ns, At safepoint: 23001 ns, Total: 129705 ns
[22.176s][info ][safepoint      ] Safepoint "ICBufferFull", Time since last: 1801568 ns, Reaching safepoint: 103804 ns, At safepoint: 19101 ns, Total: 122905 ns
[22.178s][info ][safepoint      ] Safepoint "ICBufferFull", Time since last: 1070541 ns, Reaching safepoint: 103004 ns, At safepoint: 22401 ns, Total: 125405 ns
[22.179s][info ][safepoint      ] Safepoint "ICBufferFull", Time since last: 1357852 ns, Reaching safepoint: 168106 ns, At safepoint: 22201 ns, Total: 190307 ns
[22.181s][info ][safepoint      ] Safepoint "ICBufferFull", Time since last: 1501657 ns, Reaching safepoint: 94604 ns, At safepoint: 10200 ns, Total: 104804 ns
[22.183s][info ][safepoint      ] Safepoint "ICBufferFull", Time since last: 65803 ns, Reaching safepoint: 2102580 ns, At safepoint: 28001 ns, Total: 2130581 ns
[22.183s][info ][safepoint      ] Safepoint "ICBufferFull", Time since last: 61102 ns, Reaching safepoint: 103904 ns, At safepoint: 22301 ns, Total: 126205 ns
[22.184s][info ][safepoint      ] Safepoint "ICBufferFull", Time since last: 465418 ns, Reaching safepoint: 91303 ns, At safepoint: 19401 ns, Total: 110704 ns
[22.184s][info ][safepoint      ] Safepoint "ICBufferFull", Time since last: 417016 ns, Reaching safepoint: 101804 ns, At safepoint: 22501 ns, Total: 124305 ns
[22.186s][info ][safepoint      ] Safepoint "ICBufferFull", Time since last: 1532358 ns, Reaching safepoint: 93604 ns, At safepoint: 13501 ns, Total: 107105 ns
[22.186s][info ][safepoint      ] Safepoint "ICBufferFull", Time since last: 70602 ns, Reaching safepoint: 85103 ns, At safepoint: 18601 ns, Total: 103704 ns
[22.186s][info ][safepoint      ] Safepoint "ICBufferFull", Time since last: 46802 ns, Reaching safepoint: 86303 ns, At safepoint: 14201 ns, Total: 100504 ns
[22.187s][info ][safepoint      ] Safepoint "ICBufferFull", Time since last: 458517 ns, Reaching safepoint: 103704 ns, At safepoint: 15801 ns, Total: 119505 ns
[22.187s][info ][safepoint      ] Safepoint "ICBufferFull", Time since last: 49302 ns, Reaching safepoint: 83303 ns, At safepoint: 15601 ns, Total: 98904 ns
[22.187s][info ][safepoint      ] Safepoint "ICBufferFull", Time since last: 141405 ns, Reaching safepoint: 88203 ns, At safepoint: 208308 ns, Total: 296511 ns
[22.188s][info ][safepoint      ] Safepoint "ICBufferFull", Time since last: 909235 ns, Reaching safepoint: 99504 ns, At safepoint: 17000 ns, Total: 116504 ns
[22.189s][info ][safepoint      ] Safepoint "ICBufferFull", Time since last: 44602 ns, Reaching safepoint: 90804 ns, At safepoint: 15400 ns, Total: 106204 ns
[22.189s][info ][safepoint      ] Safepoint "ICBufferFull", Time since last: 165807 ns, Reaching safepoint: 89603 ns, At safepoint: 20601 ns, Total: 110204 ns
[22.190s][info ][safepoint      ] Safepoint "ICBufferFull", Time since last: 1164544 ns, Reaching safepoint: 91804 ns, At safepoint: 17800 ns, Total: 109604 ns
[22.190s][info ][safepoint      ] Safepoint "ICBufferFull", Time since last: 62103 ns, Reaching safepoint: 61602 ns, At safepoint: 21301 ns, Total: 82903 ns
[22.190s][info ][safepoint      ] Safepoint "ICBufferFull", Time since last: 163406 ns, Reaching safepoint: 89704 ns, At safepoint: 19100 ns, Total: 108804 ns
[22.191s][info ][safepoint      ] Safepoint "ICBufferFull", Time since last: 150206 ns, Reaching safepoint: 50602 ns, At safepoint: 19501 ns, Total: 70103 ns
[22.194s][info ][safepoint      ] Safepoint "ICBufferFull", Time since last: 3249424 ns, Reaching safepoint: 161706 ns, At safepoint: 22701 ns, Total: 184407 ns
[22.194s][info ][safepoint      ] Safepoint "ICBufferFull", Time since last: 92503 ns, Reaching safepoint: 13701 ns, At safepoint: 1600 ns, Total: 15301 ns
[22.194s][info ][safepoint      ] Safepoint "ICBufferFull", Time since last: 35001 ns, Reaching safepoint: 94804 ns, At safepoint: 19801 ns, Total: 114605 ns
[22.195s][info ][safepoint      ] Safepoint "ICBufferFull", Time since last: 46801 ns, Reaching safepoint: 104204 ns, At safepoint: 12901 ns, Total: 117105 ns
[22.195s][info ][safepoint      ] Safepoint "ICBufferFull", Time since last: 56902 ns, Reaching safepoint: 94104 ns, At safepoint: 13900 ns, Total: 108004 ns
[22.195s][info ][safepoint      ] Safepoint "ICBufferFull", Time since last: 222309 ns, Reaching safepoint: 101004 ns, At safepoint: 24101 ns, Total: 125105 ns
[22.195s][info ][safepoint      ] Safepoint "ICBufferFull", Time since last: 120104 ns, Reaching safepoint: 83403 ns, At safepoint: 25001 ns, Total: 108404 ns
[22.196s][info ][safepoint      ] Safepoint "ICBufferFull", Time since last: 1033840 ns, Reaching safepoint: 95503 ns, At safepoint: 15001 ns, Total: 110504 ns
[22.199s][info ][safepoint      ] Safepoint "ICBufferFull", Time since last: 2311788 ns, Reaching safepoint: 101404 ns, At safepoint: 5000 ns, Total: 106404 ns
[22.199s][info ][safepoint      ] Safepoint "ICBufferFull", Time since last: 73103 ns, Reaching safepoint: 88403 ns, At safepoint: 29302 ns, Total: 117705 ns
[22.202s][info ][safepoint      ] Safepoint "ICBufferFull", Time since last: 2912811 ns, Reaching safepoint: 109204 ns, At safepoint: 18601 ns, Total: 127805 ns
[22.202s][info ][safepoint      ] Safepoint "ICBufferFull", Time since last: 189507 ns, Reaching safepoint: 170706 ns, At safepoint: 25901 ns, Total: 196607 ns
[22.203s][info ][safepoint      ] Safepoint "ICBufferFull", Time since last: 52302 ns, Reaching safepoint: 157406 ns, At safepoint: 22001 ns, Total: 179407 ns
[22.203s][info ][safepoint      ] Safepoint "ICBufferFull", Time since last: 150306 ns, Reaching safepoint: 90504 ns, At safepoint: 17000 ns, Total: 107504 ns
[22.203s][info ][safepoint      ] Safepoint "ICBufferFull", Time since last: 217708 ns, Reaching safepoint: 89004 ns, At safepoint: 22801 ns, Total: 111805 ns
[22.205s][info ][safepoint      ] Safepoint "ICBufferFull", Time since last: 1683364 ns, Reaching safepoint: 86703 ns, At safepoint: 23001 ns, Total: 109704 ns
[22.206s][info ][safepoint      ] Safepoint "ICBufferFull", Time since last: 648325 ns, Reaching safepoint: 259010 ns, At safepoint: 26501 ns, Total: 285511 ns
[22.208s][info ][safepoint      ] Safepoint "ICBufferFull", Time since last: 1460156 ns, Reaching safepoint: 107004 ns, At safepoint: 18800 ns, Total: 125804 ns
[22.208s][info ][safepoint      ] Safepoint "ICBufferFull", Time since last: 74703 ns, Reaching safepoint: 87704 ns, At safepoint: 21900 ns, Total: 109604 ns
[22.209s][info ][safepoint      ] Safepoint "ICBufferFull", Time since last: 1473957 ns, Reaching safepoint: 101804 ns, At safepoint: 25701 ns, Total: 127505 ns
[22.211s][info ][safepoint      ] Safepoint "ICBufferFull", Time since last: 1187145 ns, Reaching safepoint: 167706 ns, At safepoint: 21501 ns, Total: 189207 ns
[22.211s][info ][safepoint      ] Safepoint "ICBufferFull", Time since last: 427317 ns, Reaching safepoint: 84703 ns, At safepoint: 24401 ns, Total: 109104 ns
[22.212s][info ][safepoint      ] Safepoint "ICBufferFull", Time since last: 80603 ns, Reaching safepoint: 87803 ns, At safepoint: 17601 ns, Total: 105404 ns
[22.212s][info ][safepoint      ] Safepoint "ICBufferFull", Time since last: 35001 ns, Reaching safepoint: 149606 ns, At safepoint: 27401 ns, Total: 177007 ns
[22.213s][info ][safepoint      ] Safepoint "ICBufferFull", Time since last: 963437 ns, Reaching safepoint: 95203 ns, At safepoint: 13001 ns, Total: 108204 ns
[22.213s][info ][safepoint      ] Safepoint "ICBufferFull", Time since last: 62902 ns, Reaching safepoint: 85904 ns, At safepoint: 22300 ns, Total: 108204 ns
[22.213s][info ][safepoint      ] Safepoint "ICBufferFull", Time since last: 54002 ns, Reaching safepoint: 83504 ns, At safepoint: 18200 ns, Total: 101704 ns
[22.213s][info ][safepoint      ] Safepoint "ICBufferFull", Time since last: 42902 ns, Reaching safepoint: 83103 ns, At safepoint: 25501 ns, Total: 108604 ns
[22.213s][info ][safepoint      ] Safepoint "ICBufferFull", Time since last: 33701 ns, Reaching safepoint: 82704 ns, At safepoint: 25801 ns, Total: 108505 ns
[22.214s][info ][safepoint      ] Safepoint "ICBufferFull", Time since last: 146905 ns, Reaching safepoint: 102904 ns, At safepoint: 28201 ns, Total: 131105 ns
[22.215s][info ][safepoint      ] Safepoint "ICBufferFull", Time since last: 860033 ns, Reaching safepoint: 166506 ns, At safepoint: 16701 ns, Total: 183207 ns
[22.215s][info ][safepoint      ] Safepoint "ICBufferFull", Time since last: 60502 ns, Reaching safepoint: 83203 ns, At safepoint: 22501 ns, Total: 105704 ns
[22.215s][info ][safepoint      ] Safepoint "ICBufferFull", Time since last: 47202 ns, Reaching safepoint: 82803 ns, At safepoint: 21001 ns, Total: 103804 ns
[22.215s][info ][safepoint      ] Safepoint "ICBufferFull", Time since last: 52602 ns, Reaching safepoint: 82303 ns, At safepoint: 26501 ns, Total: 108804 ns
[22.215s][info ][safepoint      ] Safepoint "ICBufferFull", Time since last: 37802 ns, Reaching safepoint: 117404 ns, At safepoint: 24301 ns, Total: 141705 ns
[22.216s][info ][safepoint      ] Safepoint "ICBufferFull", Time since last: 39702 ns, Reaching safepoint: 83203 ns, At safepoint: 24101 ns, Total: 107304 ns
[22.217s][info ][safepoint      ] Safepoint "ICBufferFull", Time since last: 1109442 ns, Reaching safepoint: 103304 ns, At safepoint: 21101 ns, Total: 124405 ns
[22.217s][info ][safepoint      ] Safepoint "ICBufferFull", Time since last: 79703 ns, Reaching safepoint: 84903 ns, At safepoint: 22701 ns, Total: 107604 ns
[22.217s][info ][safepoint      ] Safepoint "ICBufferFull", Time since last: 48002 ns, Reaching safepoint: 84703 ns, At safepoint: 25201 ns, Total: 109904 ns
[22.217s][info ][safepoint      ] Safepoint "ICBufferFull", Time since last: 31801 ns, Reaching safepoint: 84603 ns, At safepoint: 24101 ns, Total: 108704 ns
[22.218s][info ][safepoint      ] Safepoint "ICBufferFull", Time since last: 1084442 ns, Reaching safepoint: 90203 ns, At safepoint: 21201 ns, Total: 111404 ns
[22.219s][info ][safepoint      ] Safepoint "ICBufferFull", Time since last: 137005 ns, Reaching safepoint: 101304 ns, At safepoint: 21001 ns, Total: 122305 ns
[22.220s][info ][safepoint      ] Safepoint "ICBufferFull", Time since last: 1287849 ns, Reaching safepoint: 98204 ns, At safepoint: 18801 ns, Total: 117005 ns
[22.220s][info ][safepoint      ] Safepoint "ICBufferFull", Time since last: 65502 ns, Reaching safepoint: 85203 ns, At safepoint: 24801 ns, Total: 110004 ns
[22.221s][info ][safepoint      ] Safepoint "ICBufferFull", Time since last: 475619 ns, Reaching safepoint: 89103 ns, At safepoint: 26101 ns, Total: 115204 ns
[22.221s][info ][safepoint      ] Safepoint "ICBufferFull", Time since last: 45202 ns, Reaching safepoint: 154106 ns, At safepoint: 28201 ns, Total: 182307 ns
[22.221s][info ][safepoint      ] Safepoint "ICBufferFull", Time since last: 52602 ns, Reaching safepoint: 86203 ns, At safepoint: 26101 ns, Total: 112304 ns
[22.223s][info ][safepoint      ] Safepoint "ICBufferFull", Time since last: 1391253 ns, Reaching safepoint: 103604 ns, At safepoint: 25201 ns, Total: 128805 ns
[22.226s][info ][safepoint      ] Safepoint "ICBufferFull", Time since last: 3141520 ns, Reaching safepoint: 93303 ns, At safepoint: 23501 ns, Total: 116804 ns
[22.226s][info ][safepoint      ] Safepoint "ICBufferFull", Time since last: 73403 ns, Reaching safepoint: 86503 ns, At safepoint: 24501 ns, Total: 111004 ns
[22.226s][info ][safepoint      ] Safepoint "ICBufferFull", Time since last: 87704 ns, Reaching safepoint: 87503 ns, At safepoint: 18401 ns, Total: 105904 ns
[22.227s][info ][safepoint      ] Safepoint "ICBufferFull", Time since last: 66902 ns, Reaching safepoint: 86104 ns, At safepoint: 23601 ns, Total: 109705 ns
[22.227s][info ][safepoint      ] Safepoint "ICBufferFull", Time since last: 69602 ns, Reaching safepoint: 98504 ns, At safepoint: 21001 ns, Total: 119505 ns
[22.227s][info ][safepoint      ] Safepoint "ICBufferFull", Time since last: 34601 ns, Reaching safepoint: 82503 ns, At safepoint: 22001 ns, Total: 104504 ns
[22.227s][info ][safepoint      ] Safepoint "ICBufferFull", Time since last: 29601 ns, Reaching safepoint: 83203 ns, At safepoint: 23401 ns, Total: 106604 ns
[22.228s][info ][safepoint      ] Safepoint "ICBufferFull", Time since last: 931136 ns, Reaching safepoint: 94503 ns, At safepoint: 22001 ns, Total: 116504 ns
[22.228s][info ][safepoint      ] Safepoint "ICBufferFull", Time since last: 242110 ns, Reaching safepoint: 100003 ns, At safepoint: 19201 ns, Total: 119204 ns
[22.230s][info ][safepoint      ] Safepoint "ICBufferFull", Time since last: 1842370 ns, Reaching safepoint: 117405 ns, At safepoint: 24101 ns, Total: 141506 ns
[22.235s][info ][safepoint      ] Safepoint "ICBufferFull", Time since last: 1936674 ns, Reaching safepoint: 2126681 ns, At safepoint: 25701 ns, Total: 2152382 ns
[22.236s][info ][safepoint      ] Safepoint "ICBufferFull", Time since last: 1056240 ns, Reaching safepoint: 695327 ns, At safepoint: 23701 ns, Total: 719028 ns
[22.238s][info ][safepoint      ] Safepoint "ICBufferFull", Time since last: 1660363 ns, Reaching safepoint: 33102 ns, At safepoint: 19500 ns, Total: 52602 ns
[22.238s][info ][safepoint      ] Safepoint "ICBufferFull", Time since last: 62503 ns, Reaching safepoint: 95403 ns, At safepoint: 23101 ns, Total: 118504 ns
[22.238s][info ][safepoint      ] Safepoint "ICBufferFull", Time since last: 56102 ns, Reaching safepoint: 99204 ns, At safepoint: 20601 ns, Total: 119805 ns
[22.239s][info ][safepoint      ] Safepoint "ICBufferFull", Time since last: 82903 ns, Reaching safepoint: 98704 ns, At safepoint: 19901 ns, Total: 118605 ns
[22.240s][info ][safepoint      ] Safepoint "ICBufferFull", Time since last: 1017638 ns, Reaching safepoint: 55203 ns, At safepoint: 21100 ns, Total: 76303 ns
[22.241s][info ][safepoint      ] Safepoint "ICBufferFull", Time since last: 1115243 ns, Reaching safepoint: 82403 ns, At safepoint: 6600 ns, Total: 89003 ns
[22.241s][info ][safepoint      ] Safepoint "ICBufferFull", Time since last: 49202 ns, Reaching safepoint: 112705 ns, At safepoint: 21900 ns, Total: 134605 ns
[22.241s][info ][safepoint      ] Safepoint "ICBufferFull", Time since last: 67503 ns, Reaching safepoint: 90803 ns, At safepoint: 20701 ns, Total: 111504 ns
[22.241s][info ][safepoint      ] Safepoint "ICBufferFull", Time since last: 47602 ns, Reaching safepoint: 85903 ns, At safepoint: 21101 ns, Total: 107004 ns
[22.242s][info ][safepoint      ] Safepoint "ICBufferFull", Time since last: 32501 ns, Reaching safepoint: 84704 ns, At safepoint: 16600 ns, Total: 101304 ns
[22.242s][info ][safepoint      ] Safepoint "ICBufferFull", Time since last: 84703 ns, Reaching safepoint: 96004 ns, At safepoint: 26401 ns, Total: 122405 ns
[22.243s][info ][safepoint      ] Safepoint "ICBufferFull", Time since last: 924535 ns, Reaching safepoint: 29102 ns, At safepoint: 2500 ns, Total: 31602 ns
[22.243s][info ][safepoint      ] Safepoint "ICBufferFull", Time since last: 59402 ns, Reaching safepoint: 16601 ns, At safepoint: 12900 ns, Total: 29501 ns
[22.243s][info ][safepoint      ] Safepoint "ICBufferFull", Time since last: 46802 ns, Reaching safepoint: 87503 ns, At safepoint: 21201 ns, Total: 108704 ns
[22.243s][info ][safepoint      ] Safepoint "ICBufferFull", Time since last: 55102 ns, Reaching safepoint: 98704 ns, At safepoint: 16600 ns, Total: 115304 ns
[22.244s][info ][safepoint      ] Safepoint "ICBufferFull", Time since last: 52002 ns, Reaching safepoint: 973438 ns, At safepoint: 24101 ns, Total: 997539 ns
[22.244s][info ][safepoint      ] Safepoint "ICBufferFull", Time since last: 93503 ns, Reaching safepoint: 84503 ns, At safepoint: 25401 ns, Total: 109904 ns
[22.245s][info ][safepoint      ] Safepoint "ICBufferFull", Time since last: 65303 ns, Reaching safepoint: 89903 ns, At safepoint: 24201 ns, Total: 114104 ns
[22.246s][info ][safepoint      ] Safepoint "ICBufferFull", Time since last: 984338 ns, Reaching safepoint: 94603 ns, At safepoint: 15901 ns, Total: 110504 ns
[22.247s][info ][safepoint      ] Safepoint "ICBufferFull", Time since last: 1479256 ns, Reaching safepoint: 96304 ns, At safepoint: 12301 ns, Total: 108605 ns
[22.247s][info ][safepoint      ] Safepoint "ICBufferFull", Time since last: 127205 ns, Reaching safepoint: 86303 ns, At safepoint: 23101 ns, Total: 109404 ns
[22.248s][info ][safepoint      ] Safepoint "ICBufferFull", Time since last: 179707 ns, Reaching safepoint: 92203 ns, At safepoint: 16401 ns, Total: 108604 ns
[22.248s][info ][safepoint      ] Safepoint "ICBufferFull", Time since last: 100604 ns, Reaching safepoint: 95303 ns, At safepoint: 20301 ns, Total: 115604 ns
[22.248s][info ][safepoint      ] Safepoint "ICBufferFull", Time since last: 36501 ns, Reaching safepoint: 102304 ns, At safepoint: 20201 ns, Total: 122505 ns
[22.250s][info ][safepoint      ] Safepoint "ICBufferFull", Time since last: 1465556 ns, Reaching safepoint: 106504 ns, At safepoint: 20601 ns, Total: 127105 ns
[22.251s][info ][safepoint      ] Safepoint "ICBufferFull", Time since last: 1094942 ns, Reaching safepoint: 103304 ns, At safepoint: 26701 ns, Total: 130005 ns
[22.252s][info ][safepoint      ] Safepoint "ICBufferFull", Time since last: 1023139 ns, Reaching safepoint: 111204 ns, At safepoint: 22201 ns, Total: 133405 ns
[22.254s][info ][safepoint      ] Safepoint "ICBufferFull", Time since last: 1290949 ns, Reaching safepoint: 87903 ns, At safepoint: 20801 ns, Total: 108704 ns
[22.254s][info ][safepoint      ] Safepoint "ICBufferFull", Time since last: 307212 ns, Reaching safepoint: 129205 ns, At safepoint: 21101 ns, Total: 150306 ns
[22.256s][info ][safepoint      ] Safepoint "ICBufferFull", Time since last: 1515858 ns, Reaching safepoint: 100303 ns, At safepoint: 23101 ns, Total: 123404 ns
[22.256s][info ][safepoint      ] Safepoint "ICBufferFull", Time since last: 89804 ns, Reaching safepoint: 95203 ns, At safepoint: 23301 ns, Total: 118504 ns
[22.257s][info ][safepoint      ] Safepoint "ICBufferFull", Time since last: 1070841 ns, Reaching safepoint: 102704 ns, At safepoint: 20901 ns, Total: 123605 ns
[22.258s][info ][safepoint      ] Safepoint "ICBufferFull", Time since last: 936736 ns, Reaching safepoint: 97403 ns, At safepoint: 35402 ns, Total: 132805 ns
[22.259s][info ][safepoint      ] Safepoint "ICBufferFull", Time since last: 1076141 ns, Reaching safepoint: 109104 ns, At safepoint: 15901 ns, Total: 125005 ns
[22.260s][info ][safepoint      ] Safepoint "ICBufferFull", Time since last: 170906 ns, Reaching safepoint: 90604 ns, At safepoint: 22800 ns, Total: 113404 ns
[22.260s][info ][safepoint      ] Safepoint "ICBufferFull", Time since last: 128805 ns, Reaching safepoint: 90104 ns, At safepoint: 29801 ns, Total: 119905 ns
[22.261s][info ][safepoint      ] Safepoint "ICBufferFull", Time since last: 896434 ns, Reaching safepoint: 507620 ns, At safepoint: 26101 ns, Total: 533721 ns
[22.262s][info ][safepoint      ] Safepoint "ICBufferFull", Time since last: 467117 ns, Reaching safepoint: 103704 ns, At safepoint: 18501 ns, Total: 122205 ns
[22.263s][info ][safepoint      ] Safepoint "ICBufferFull", Time since last: 718928 ns, Reaching safepoint: 50901 ns, At safepoint: 22001 ns, Total: 72902 ns
[22.263s][info ][safepoint      ] Safepoint "ICBufferFull", Time since last: 643025 ns, Reaching safepoint: 89503 ns, At safepoint: 20801 ns, Total: 110304 ns
[22.265s][info ][safepoint      ] Safepoint "ICBufferFull", Time since last: 1255648 ns, Reaching safepoint: 98004 ns, At safepoint: 23001 ns, Total: 121005 ns
[22.265s][info ][safepoint      ] Safepoint "ICBufferFull", Time since last: 42501 ns, Reaching safepoint: 90604 ns, At safepoint: 24501 ns, Total: 115105 ns
[22.266s][info ][safepoint      ] Safepoint "ICBufferFull", Time since last: 1363652 ns, Reaching safepoint: 102804 ns, At safepoint: 20400 ns, Total: 123204 ns
[22.267s][info ][safepoint      ] Safepoint "ICBufferFull", Time since last: 884734 ns, Reaching safepoint: 99104 ns, At safepoint: 14901 ns, Total: 114005 ns
[22.268s][info ][safepoint      ] Safepoint "ICBufferFull", Time since last: 51002 ns, Reaching safepoint: 96103 ns, At safepoint: 19501 ns, Total: 115604 ns
[22.275s][info ][safepoint      ] Safepoint "ICBufferFull", Time since last: 826032 ns, Reaching safepoint: 6355342 ns, At safepoint: 15601 ns, Total: 6370943 ns
[22.277s][info ][safepoint      ] Safepoint "ICBufferFull", Time since last: 1635262 ns, Reaching safepoint: 100304 ns, At safepoint: 17501 ns, Total: 117805 ns
[22.277s][info ][safepoint      ] Safepoint "ICBufferFull", Time since last: 77803 ns, Reaching safepoint: 97904 ns, At safepoint: 19200 ns, Total: 117104 ns
[22.278s][info ][safepoint      ] Safepoint "ICBufferFull", Time since last: 1090842 ns, Reaching safepoint: 108804 ns, At safepoint: 19301 ns, Total: 128105 ns
[22.278s][info ][safepoint      ] Safepoint "ICBufferFull", Time since last: 46202 ns, Reaching safepoint: 87703 ns, At safepoint: 19401 ns, Total: 107104 ns
[22.279s][info ][safepoint      ] Safepoint "ICBufferFull", Time since last: 1250247 ns, Reaching safepoint: 97604 ns, At safepoint: 14601 ns, Total: 112205 ns
[22.280s][info ][safepoint      ] Safepoint "ICBufferFull", Time since last: 883633 ns, Reaching safepoint: 93504 ns, At safepoint: 19501 ns, Total: 113005 ns
[22.281s][info ][safepoint      ] Safepoint "ICBufferFull", Time since last: 45101 ns, Reaching safepoint: 89204 ns, At safepoint: 20401 ns, Total: 109605 ns
[22.282s][info ][safepoint      ] Safepoint "ICBufferFull", Time since last: 1275048 ns, Reaching safepoint: 107704 ns, At safepoint: 13501 ns, Total: 121205 ns
[22.282s][info ][safepoint      ] Safepoint "ICBufferFull", Time since last: 279611 ns, Reaching safepoint: 104504 ns, At safepoint: 19300 ns, Total: 123804 ns
[22.283s][info ][safepoint      ] Safepoint "ICBufferFull", Time since last: 166507 ns, Reaching safepoint: 88103 ns, At safepoint: 17501 ns, Total: 105604 ns
[22.284s][info ][safepoint      ] Safepoint "ICBufferFull", Time since last: 1202346 ns, Reaching safepoint: 102704 ns, At safepoint: 10400 ns, Total: 113104 ns
[22.284s][info ][safepoint      ] Safepoint "ICBufferFull", Time since last: 200608 ns, Reaching safepoint: 88903 ns, At safepoint: 18401 ns, Total: 107304 ns
[22.284s][info ][safepoint      ] Safepoint "ICBufferFull", Time since last: 45502 ns, Reaching safepoint: 99003 ns, At safepoint: 12701 ns, Total: 111704 ns
[22.285s][info ][safepoint      ] Safepoint "ICBufferFull", Time since last: 247609 ns, Reaching safepoint: 105904 ns, At safepoint: 15801 ns, Total: 121705 ns
[22.285s][info ][safepoint      ] Safepoint "ICBufferFull", Time since last: 194607 ns, Reaching safepoint: 94504 ns, At safepoint: 16101 ns, Total: 110605 ns
[22.287s][info ][safepoint      ] Safepoint "ICBufferFull", Time since last: 1360752 ns, Reaching safepoint: 96703 ns, At safepoint: 17301 ns, Total: 114004 ns
[22.288s][info ][safepoint      ] Safepoint "ICBufferFull", Time since last: 1172445 ns, Reaching safepoint: 102204 ns, At safepoint: 14900 ns, Total: 117104 ns
[22.290s][info ][safepoint      ] Safepoint "ICBufferFull", Time since last: 2300988 ns, Reaching safepoint: 129205 ns, At safepoint: 14400 ns, Total: 143605 ns
[22.298s][info ][safepoint      ] Safepoint "ICBufferFull", Time since last: 1313551 ns, Reaching safepoint: 6410644 ns, At safepoint: 36802 ns, Total: 6447446 ns
[22.300s][info ][safepoint      ] Safepoint "ICBufferFull", Time since last: 1539759 ns, Reaching safepoint: 117304 ns, At safepoint: 20301 ns, Total: 137605 ns
[22.301s][info ][safepoint      ] Safepoint "ICBufferFull", Time since last: 825631 ns, Reaching safepoint: 102004 ns, At safepoint: 21501 ns, Total: 123505 ns
[22.303s][info ][safepoint      ] Safepoint "ICBufferFull", Time since last: 1765568 ns, Reaching safepoint: 99103 ns, At safepoint: 20401 ns, Total: 119504 ns
[22.304s][info ][safepoint      ] Safepoint "ICBufferFull", Time since last: 949236 ns, Reaching safepoint: 570622 ns, At safepoint: 16601 ns, Total: 587223 ns
[22.304s][info ][safepoint      ] Safepoint "ICBufferFull", Time since last: 69703 ns, Reaching safepoint: 98003 ns, At safepoint: 18601 ns, Total: 116604 ns
[22.305s][info ][safepoint      ] Safepoint "ICBufferFull", Time since last: 126805 ns, Reaching safepoint: 97404 ns, At safepoint: 19600 ns, Total: 117004 ns
[22.306s][info ][safepoint      ] Safepoint "ICBufferFull", Time since last: 1185546 ns, Reaching safepoint: 108304 ns, At safepoint: 11300 ns, Total: 119604 ns
[22.307s][info ][safepoint      ] Safepoint "ICBufferFull", Time since last: 656125 ns, Reaching safepoint: 86903 ns, At safepoint: 24201 ns, Total: 111104 ns
[22.307s][info ][safepoint      ] Safepoint "ICBufferFull", Time since last: 62103 ns, Reaching safepoint: 87303 ns, At safepoint: 20701 ns, Total: 108004 ns
[22.307s][info ][safepoint      ] Safepoint "ICBufferFull", Time since last: 101204 ns, Reaching safepoint: 89503 ns, At safepoint: 21901 ns, Total: 111404 ns
[22.308s][info ][safepoint      ] Safepoint "ICBufferFull", Time since last: 1017939 ns, Reaching safepoint: 101904 ns, At safepoint: 15300 ns, Total: 117204 ns
[22.308s][info ][safepoint      ] Safepoint "ICBufferFull", Time since last: 214309 ns, Reaching safepoint: 86703 ns, At safepoint: 17801 ns, Total: 104504 ns
[22.309s][info ][safepoint      ] Safepoint "ICBufferFull", Time since last: 58502 ns, Reaching safepoint: 84603 ns, At safepoint: 22301 ns, Total: 106904 ns
[22.310s][info ][safepoint      ] Safepoint "ICBufferFull", Time since last: 1199246 ns, Reaching safepoint: 113204 ns, At safepoint: 14301 ns, Total: 127505 ns
[22.310s][info ][safepoint      ] Safepoint "ICBufferFull", Time since last: 312611 ns, Reaching safepoint: 87004 ns, At safepoint: 20401 ns, Total: 107405 ns
[22.311s][info ][safepoint      ] Safepoint "ICBufferFull", Time since last: 93003 ns, Reaching safepoint: 87203 ns, At safepoint: 19701 ns, Total: 106904 ns
[22.311s][info ][safepoint      ] Safepoint "ICBufferFull", Time since last: 50102 ns, Reaching safepoint: 15201 ns, At safepoint: 18600 ns, Total: 33801 ns
[22.311s][info ][safepoint      ] Safepoint "ICBufferFull", Time since last: 31702 ns, Reaching safepoint: 89203 ns, At safepoint: 21901 ns, Total: 111104 ns
[22.311s][info ][safepoint      ] Safepoint "ICBufferFull", Time since last: 27901 ns, Reaching safepoint: 90203 ns, At safepoint: 18201 ns, Total: 108404 ns
[22.312s][info ][safepoint      ] Safepoint "ICBufferFull", Time since last: 867333 ns, Reaching safepoint: 102104 ns, At safepoint: 19801 ns, Total: 121905 ns
[22.313s][info ][safepoint      ] Safepoint "ICBufferFull", Time since last: 845932 ns, Reaching safepoint: 95804 ns, At safepoint: 10000 ns, Total: 105804 ns
[22.314s][info ][safepoint      ] Safepoint "ICBufferFull", Time since last: 1060641 ns, Reaching safepoint: 108904 ns, At safepoint: 21501 ns, Total: 130405 ns
[22.314s][info ][safepoint      ] Safepoint "ICBufferFull", Time since last: 62802 ns, Reaching safepoint: 98504 ns, At safepoint: 19001 ns, Total: 117505 ns
[22.314s][info ][safepoint      ] Safepoint "ICBufferFull", Time since last: 31001 ns, Reaching safepoint: 104604 ns, At safepoint: 22201 ns, Total: 126805 ns
[22.315s][info ][safepoint      ] Safepoint "ICBufferFull", Time since last: 63902 ns, Reaching safepoint: 111204 ns, At safepoint: 24701 ns, Total: 135905 ns
[22.316s][info ][safepoint      ] Safepoint "ICBufferFull", Time since last: 915735 ns, Reaching safepoint: 103704 ns, At safepoint: 19701 ns, Total: 123405 ns
[22.316s][info ][safepoint      ] Safepoint "ICBufferFull", Time since last: 35501 ns, Reaching safepoint: 85104 ns, At safepoint: 14500 ns, Total: 99604 ns
[22.317s][info ][safepoint      ] Safepoint "ICBufferFull", Time since last: 994938 ns, Reaching safepoint: 45402 ns, At safepoint: 10900 ns, Total: 56302 ns
[22.318s][info ][safepoint      ] Safepoint "ICBufferFull", Time since last: 608423 ns, Reaching safepoint: 92304 ns, At safepoint: 17701 ns, Total: 110005 ns
[22.318s][info ][safepoint      ] Safepoint "ICBufferFull", Time since last: 32701 ns, Reaching safepoint: 95804 ns, At safepoint: 23300 ns, Total: 119104 ns
[22.318s][info ][safepoint      ] Safepoint "ICBufferFull", Time since last: 28802 ns, Reaching safepoint: 85903 ns, At safepoint: 18901 ns, Total: 104804 ns
[22.318s][info ][safepoint      ] Safepoint "ICBufferFull", Time since last: 31601 ns, Reaching safepoint: 156806 ns, At safepoint: 22201 ns, Total: 179007 ns
[22.319s][info ][safepoint      ] Safepoint "ICBufferFull", Time since last: 915435 ns, Reaching safepoint: 92403 ns, At safepoint: 24201 ns, Total: 116604 ns
[22.320s][info ][safepoint      ] Safepoint "ICBufferFull", Time since last: 452617 ns, Reaching safepoint: 91704 ns, At safepoint: 24601 ns, Total: 116305 ns
[22.321s][info ][safepoint      ] Safepoint "ICBufferFull", Time since last: 1089341 ns, Reaching safepoint: 103804 ns, At safepoint: 24101 ns, Total: 127905 ns
[22.321s][info ][safepoint      ] Safepoint "ICBufferFull", Time since last: 41102 ns, Reaching safepoint: 89303 ns, At safepoint: 22101 ns, Total: 111404 ns
[22.322s][info ][safepoint      ] Safepoint "ICBufferFull", Time since last: 1125443 ns, Reaching safepoint: 103104 ns, At safepoint: 14201 ns, Total: 117305 ns
[22.322s][info ][safepoint      ] Safepoint "ICBufferFull", Time since last: 57402 ns, Reaching safepoint: 93703 ns, At safepoint: 21501 ns, Total: 115204 ns
[22.323s][info ][safepoint      ] Safepoint "ICBufferFull", Time since last: 41302 ns, Reaching safepoint: 87303 ns, At safepoint: 20101 ns, Total: 107404 ns
[22.323s][info ][safepoint      ] Safepoint "ICBufferFull", Time since last: 22601 ns, Reaching safepoint: 86003 ns, At safepoint: 21201 ns, Total: 107204 ns
[22.325s][info ][safepoint      ] Safepoint "ICBufferFull", Time since last: 1851370 ns, Reaching safepoint: 106705 ns, At safepoint: 21800 ns, Total: 128505 ns
[22.325s][info ][safepoint      ] Safepoint "ICBufferFull", Time since last: 58603 ns, Reaching safepoint: 84103 ns, At safepoint: 17100 ns, Total: 101203 ns
[22.325s][info ][safepoint      ] Safepoint "ICBufferFull", Time since last: 46102 ns, Reaching safepoint: 82603 ns, At safepoint: 21601 ns, Total: 104204 ns
[22.326s][info ][safepoint      ] Safepoint "ICBufferFull", Time since last: 1169745 ns, Reaching safepoint: 101304 ns, At safepoint: 21701 ns, Total: 123005 ns
[22.327s][info ][safepoint      ] Safepoint "ICBufferFull", Time since last: 292611 ns, Reaching safepoint: 98504 ns, At safepoint: 27401 ns, Total: 125905 ns
[22.327s][info ][safepoint      ] Safepoint "ICBufferFull", Time since last: 74602 ns, Reaching safepoint: 90704 ns, At safepoint: 28501 ns, Total: 119205 ns
[22.328s][info ][safepoint      ] Safepoint "ICBufferFull", Time since last: 955536 ns, Reaching safepoint: 106505 ns, At safepoint: 22300 ns, Total: 128805 ns
[22.328s][info ][safepoint      ] Safepoint "ICBufferFull", Time since last: 45602 ns, Reaching safepoint: 87103 ns, At safepoint: 23001 ns, Total: 110104 ns
[22.328s][info ][safepoint      ] Safepoint "ICBufferFull", Time since last: 43902 ns, Reaching safepoint: 89003 ns, At safepoint: 28802 ns, Total: 117805 ns
[22.329s][info ][safepoint      ] Safepoint "ICBufferFull", Time since last: 920935 ns, Reaching safepoint: 108604 ns, At safepoint: 24201 ns, Total: 132805 ns
[22.330s][info ][safepoint      ] Safepoint "ICBufferFull", Time since last: 55902 ns, Reaching safepoint: 90203 ns, At safepoint: 34502 ns, Total: 124705 ns
[22.330s][info ][safepoint      ] Safepoint "ICBufferFull", Time since last: 38401 ns, Reaching safepoint: 402816 ns, At safepoint: 27001 ns, Total: 429817 ns
[22.330s][info ][safepoint      ] Safepoint "ICBufferFull", Time since last: 270910 ns, Reaching safepoint: 100304 ns, At safepoint: 23601 ns, Total: 123905 ns
[22.331s][info ][safepoint      ] Safepoint "ICBufferFull", Time since last: 47001 ns, Reaching safepoint: 97804 ns, At safepoint: 26801 ns, Total: 124605 ns
[22.338s][info ][safepoint      ] Safepoint "ICBufferFull", Time since last: 7209175 ns, Reaching safepoint: 119605 ns, At safepoint: 13001 ns, Total: 132606 ns
[22.338s][info ][safepoint      ] Safepoint "ICBufferFull", Time since last: 90903 ns, Reaching safepoint: 85103 ns, At safepoint: 21401 ns, Total: 106504 ns
[22.338s][info ][safepoint      ] Safepoint "ICBufferFull", Time since last: 42602 ns, Reaching safepoint: 86803 ns, At safepoint: 20101 ns, Total: 106904 ns
[22.338s][info ][safepoint      ] Safepoint "ICBufferFull", Time since last: 21501 ns, Reaching safepoint: 85603 ns, At safepoint: 22401 ns, Total: 108004 ns
[22.339s][info ][safepoint      ] Safepoint "ICBufferFull", Time since last: 52002 ns, Reaching safepoint: 86403 ns, At safepoint: 22101 ns, Total: 108504 ns
[22.339s][info ][safepoint      ] Safepoint "ICBufferFull", Time since last: 27601 ns, Reaching safepoint: 90303 ns, At safepoint: 25801 ns, Total: 116104 ns
[22.340s][info ][safepoint      ] Safepoint "ICBufferFull", Time since last: 1028040 ns, Reaching safepoint: 98203 ns, At safepoint: 10401 ns, Total: 108604 ns
[22.340s][info ][safepoint      ] Safepoint "ICBufferFull", Time since last: 55102 ns, Reaching safepoint: 89003 ns, At safepoint: 18201 ns, Total: 107204 ns
[22.340s][info ][safepoint      ] Safepoint "ICBufferFull", Time since last: 78703 ns, Reaching safepoint: 90703 ns, At safepoint: 14401 ns, Total: 105104 ns
[22.340s][info ][safepoint      ] Safepoint "ICBufferFull", Time since last: 26901 ns, Reaching safepoint: 89703 ns, At safepoint: 20501 ns, Total: 110204 ns
[22.342s][info ][safepoint      ] Safepoint "ICBufferFull", Time since last: 1200046 ns, Reaching safepoint: 440717 ns, At safepoint: 21501 ns, Total: 462218 ns
[22.343s][info ][safepoint      ] Safepoint "ICBufferFull", Time since last: 1006638 ns, Reaching safepoint: 97704 ns, At safepoint: 24901 ns, Total: 122605 ns
[22.344s][info ][safepoint      ] Safepoint "ICBufferFull", Time since last: 770529 ns, Reaching safepoint: 87904 ns, At safepoint: 14000 ns, Total: 101904 ns
[22.344s][info ][safepoint      ] Safepoint "ICBufferFull", Time since last: 38302 ns, Reaching safepoint: 85203 ns, At safepoint: 21301 ns, Total: 106504 ns
[22.345s][info ][safepoint      ] Safepoint "ICBufferFull", Time since last: 1064040 ns, Reaching safepoint: 134905 ns, At safepoint: 34302 ns, Total: 169207 ns
[22.346s][info ][safepoint      ] Safepoint "ICBufferFull", Time since last: 82003 ns, Reaching safepoint: 118004 ns, At safepoint: 24801 ns, Total: 142805 ns
[22.347s][info ][safepoint      ] Safepoint "ICBufferFull", Time since last: 1062641 ns, Reaching safepoint: 106104 ns, At safepoint: 9800 ns, Total: 115904 ns
[22.347s][info ][safepoint      ] Safepoint "ICBufferFull", Time since last: 61803 ns, Reaching safepoint: 88603 ns, At safepoint: 19201 ns, Total: 107804 ns
[22.347s][info ][safepoint      ] Safepoint "ICBufferFull", Time since last: 52402 ns, Reaching safepoint: 87303 ns, At safepoint: 17601 ns, Total: 104904 ns
[22.347s][info ][safepoint      ] Safepoint "ICBufferFull", Time since last: 95504 ns, Reaching safepoint: 100603 ns, At safepoint: 19501 ns, Total: 120104 ns
[22.348s][info ][safepoint      ] Safepoint "ICBufferFull", Time since last: 241009 ns, Reaching safepoint: 103204 ns, At safepoint: 20901 ns, Total: 124105 ns
[22.348s][info ][safepoint      ] Safepoint "ICBufferFull", Time since last: 29801 ns, Reaching safepoint: 97604 ns, At safepoint: 22301 ns, Total: 119905 ns
[22.349s][info ][safepoint      ] Safepoint "ICBufferFull", Time since last: 868733 ns, Reaching safepoint: 103804 ns, At safepoint: 20001 ns, Total: 123805 ns
[22.349s][info ][safepoint      ] Safepoint "ICBufferFull", Time since last: 100203 ns, Reaching safepoint: 86404 ns, At safepoint: 23701 ns, Total: 110105 ns
[22.350s][info ][safepoint      ] Safepoint "ICBufferFull", Time since last: 1220546 ns, Reaching safepoint: 93404 ns, At safepoint: 23501 ns, Total: 116905 ns
[22.351s][info ][safepoint      ] Safepoint "ICBufferFull", Time since last: 439317 ns, Reaching safepoint: 87003 ns, At safepoint: 16000 ns, Total: 103003 ns
[22.352s][info ][gc,start       ] GC(11) Pause Young (Allocation Failure)
[22.469s][debug][gc,phases      ] GC(11) Scavenge 117.348ms
[22.469s][debug][gc,ref         ] GC(11) Skipped phase 1 of Reference Processing: no references
[22.469s][debug][gc,ref         ] GC(11) ReferenceProcessor::execute queues: 3, RefProcThreadModel::Multi, marks_oops_alive: false
[22.469s][debug][gc,ref         ] GC(11) Skipped phase 3 of Reference Processing: no references
[22.469s][debug][gc,ref         ] GC(11) ReferenceProcessor::execute queues: 1, RefProcThreadModel::Single, marks_oops_alive: false
[22.469s][debug][gc,phases      ] GC(11) Reference Processing 0.239ms
[22.470s][debug][gc,phases      ] GC(11)   VM Weak                        Min:  0.0, Avg:  0.0, Max:  0.0, Diff:  0.0, Sum:  0.0, Workers: 4
[22.470s][debug][gc,phases      ] GC(11)     Dead                           Min: 0, Avg:  0.0, Max: 0, Diff: 0, Sum: 0, Workers: 4
[22.470s][debug][gc,phases      ] GC(11)     Total                          Min: 0, Avg: 182.0, Max: 384, Diff: 384, Sum: 728, Workers: 4
[22.470s][debug][gc,phases      ] GC(11)   ObjectSynchronizer Weak        Min:  0.0, Avg:  0.0, Max:  0.0, Diff:  0.0, Sum:  0.0, Workers: 4
[22.470s][debug][gc,phases      ] GC(11)     Dead                           Min: 0, Avg:  0.2, Max: 1, Diff: 1, Sum: 1, Workers: 4
[22.470s][debug][gc,phases      ] GC(11)     Total                          Min: 0, Avg: 26.2, Max: 64, Diff: 64, Sum: 105, Workers: 4
[22.470s][debug][gc,phases      ] GC(11)   JVMTI Tag Weak OopStorage      Min:  0.0, Avg:  0.0, Max:  0.0, Diff:  0.0, Sum:  0.0, Workers: 4
[22.470s][debug][gc,phases      ] GC(11)     Dead                           Min: 0, Avg:  0.0, Max: 0, Diff: 0, Sum: 0, Workers: 4
[22.470s][debug][gc,phases      ] GC(11)     Total                          Min: 0, Avg:  0.0, Max: 0, Diff: 0, Sum: 0, Workers: 4
[22.470s][debug][gc,phases      ] GC(11)   StringTable Weak               Min:  0.3, Avg:  0.3, Max:  0.3, Diff:  0.0, Sum:  1.3, Workers: 4
[22.470s][debug][gc,phases      ] GC(11)     Dead                           Min: 0, Avg:  0.0, Max: 0, Diff: 0, Sum: 0, Workers: 4
[22.470s][debug][gc,phases      ] GC(11)     Total                          Min: 11520, Avg: 11998.5, Max: 12672, Diff: 1152, Sum: 47994, Workers: 4
[22.470s][debug][gc,phases      ] GC(11)   ResolvedMethodTable Weak       Min:  0.1, Avg:  0.1, Max:  0.1, Diff:  0.0, Sum:  0.2, Workers: 4
[22.470s][debug][gc,phases      ] GC(11)     Dead                           Min: 0, Avg:  4.5, Max: 18, Diff: 18, Sum: 18, Workers: 4
[22.470s][debug][gc,phases      ] GC(11)     Total                          Min: 1918, Avg: 2027.0, Max: 2158, Diff: 240, Sum: 8108, Workers: 4
[22.470s][debug][gc,phases      ] GC(11)   JNI Weak                       Min:  0.0, Avg:  0.0, Max:  0.0, Diff:  0.0, Sum:  0.0, Workers: 4
[22.470s][debug][gc,phases      ] GC(11)     Dead                           Min: 0, Avg:  0.0, Max: 0, Diff: 0, Sum: 0, Workers: 4
[22.470s][debug][gc,phases      ] GC(11)     Total                          Min: 0, Avg:  7.0, Max: 28, Diff: 28, Sum: 28, Workers: 4
[22.470s][debug][gc,phases      ] GC(11)   StringDedup Table Weak         Min:  0.0, Avg:  0.0, Max:  0.0, Diff:  0.0, Sum:  0.0, Workers: 4
[22.470s][debug][gc,phases      ] GC(11)     Dead                           Min: 0, Avg:  0.0, Max: 0, Diff: 0, Sum: 0, Workers: 4
[22.470s][debug][gc,phases      ] GC(11)     Total                          Min: 0, Avg:  0.0, Max: 0, Diff: 0, Sum: 0, Workers: 4
[22.470s][debug][gc,phases      ] GC(11)   StringDedup Requests0 Weak     Min:  0.0, Avg:  0.0, Max:  0.0, Diff:  0.0, Sum:  0.0, Workers: 4
[22.470s][debug][gc,phases      ] GC(11)     Dead                           Min: 0, Avg:  0.0, Max: 0, Diff: 0, Sum: 0, Workers: 4
[22.470s][debug][gc,phases      ] GC(11)     Total                          Min: 0, Avg:  0.0, Max: 0, Diff: 0, Sum: 0, Workers: 4
[22.470s][debug][gc,phases      ] GC(11)   StringDedup Requests1 Weak     Min:  0.0, Avg:  0.0, Max:  0.0, Diff:  0.0, Sum:  0.0, Workers: 4
[22.470s][debug][gc,phases      ] GC(11)     Dead                           Min: 0, Avg:  0.0, Max: 0, Diff: 0, Sum: 0, Workers: 4
[22.470s][debug][gc,phases      ] GC(11)     Total                          Min: 0, Avg:  0.0, Max: 0, Diff: 0, Sum: 0, Workers: 4
[22.470s][debug][gc,phases      ] GC(11)   Weak JFR Old Object Samples    Min:  0.0, Avg:  0.0, Max:  0.0, Diff:  0.0, Sum:  0.0, Workers: 4
[22.470s][debug][gc,phases      ] GC(11)     Dead                           Min: 0, Avg:  0.0, Max: 0, Diff: 0, Sum: 0, Workers: 4
[22.470s][debug][gc,phases      ] GC(11)     Total                          Min: 0, Avg:  0.0, Max: 0, Diff: 0, Sum: 0, Workers: 4
[22.470s][debug][gc,phases      ] GC(11) Weak Processing 0.570ms
[22.470s][debug][gc,age         ] GC(11) Desired survivor size 536870912 bytes, new threshold 4 (max threshold 15)
[22.470s][info ][gc,heap        ] GC(11) PSYoungGen: 1394788K(1572864K)->295382K(1572864K) Eden: 1048576K(1048576K)->0K(1048576K) From: 346212K(524288K)->295382K(524288K)
[22.470s][info ][gc,heap        ] GC(11) ParOldGen: 149172K(315904K)->204230K(315904K)
[22.470s][info ][gc,metaspace   ] GC(11) Metaspace: 81864K(82752K)->81864K(82752K) NonClass: 70000K(70464K)->70000K(70464K) Class: 11863K(12288K)->11863K(12288K)
[22.470s][info ][gc             ] GC(11) Pause Young (Allocation Failure) 1507M->487M(1844M) 118.287ms
[22.470s][info ][gc,cpu         ] GC(11) User=0.48s Sys=0.03s Real=0.12s
[22.470s][debug][gc,phases      ] GC(12) Pre Compact 0.009ms
[22.470s][info ][gc,start       ] GC(12) Pause Full (Ergonomics)
[22.470s][info ][gc,phases,start] GC(12) Marking Phase
[22.558s][debug][gc,phases      ] GC(12) Par Mark 88.328ms
[22.558s][debug][gc,ref         ] GC(12) Skipped phase 1 of Reference Processing: no references
[22.559s][debug][gc,ref         ] GC(12) ReferenceProcessor::execute queues: 4, RefProcThreadModel::Multi, marks_oops_alive: false
[22.559s][debug][gc,ref         ] GC(12) Skipped phase 3 of Reference Processing: no references
[22.559s][debug][gc,ref         ] GC(12) ReferenceProcessor::execute queues: 1, RefProcThreadModel::Single, marks_oops_alive: false
[22.559s][debug][gc,phases      ] GC(12) Reference Processing 0.402ms
[22.559s][debug][gc,phases      ] GC(12)   VM Weak                        Min:  0.0, Avg:  0.0, Max:  0.0, Diff:  0.0, Sum:  0.0, Workers: 4
[22.559s][debug][gc,phases      ] GC(12)     Dead                           Min: 0, Avg:  9.2, Max: 23, Diff: 23, Sum: 37, Workers: 4
[22.559s][debug][gc,phases      ] GC(12)     Total                          Min: 0, Avg: 182.0, Max: 384, Diff: 384, Sum: 728, Workers: 4
[22.559s][debug][gc,phases      ] GC(12)   ObjectSynchronizer Weak        Min:  0.0, Avg:  0.0, Max:  0.0, Diff:  0.0, Sum:  0.0, Workers: 4
[22.559s][debug][gc,phases      ] GC(12)     Dead                           Min: 0, Avg:  0.2, Max: 1, Diff: 1, Sum: 1, Workers: 4
[22.559s][debug][gc,phases      ] GC(12)     Total                          Min: 0, Avg: 26.2, Max: 64, Diff: 64, Sum: 105, Workers: 4
[22.559s][debug][gc,phases      ] GC(12)   JVMTI Tag Weak OopStorage      Min:  0.0, Avg:  0.0, Max:  0.0, Diff:  0.0, Sum:  0.0, Workers: 4
[22.559s][debug][gc,phases      ] GC(12)     Dead                           Min: 0, Avg:  0.0, Max: 0, Diff: 0, Sum: 0, Workers: 4
[22.559s][debug][gc,phases      ] GC(12)     Total                          Min: 0, Avg:  0.0, Max: 0, Diff: 0, Sum: 0, Workers: 4
[22.559s][debug][gc,phases      ] GC(12)   StringTable Weak               Min:  0.1, Avg:  0.2, Max:  0.2, Diff:  0.1, Sum:  0.6, Workers: 4
[22.559s][debug][gc,phases      ] GC(12)     Dead                           Min: 0, Avg:  0.0, Max: 0, Diff: 0, Sum: 0, Workers: 4
[22.559s][debug][gc,phases      ] GC(12)     Total                          Min: 8250, Avg: 11998.5, Max: 13824, Diff: 5574, Sum: 47994, Workers: 4
[22.559s][debug][gc,phases      ] GC(12)   ResolvedMethodTable Weak       Min:  0.0, Avg:  0.0, Max:  0.0, Diff:  0.0, Sum:  0.1, Workers: 4
[22.559s][debug][gc,phases      ] GC(12)     Dead                           Min: 0, Avg:  9.2, Max: 19, Diff: 19, Sum: 37, Workers: 4
[22.559s][debug][gc,phases      ] GC(12)     Total                          Min: 1877, Avg: 2027.0, Max: 2237, Diff: 360, Sum: 8108, Workers: 4
[22.559s][debug][gc,phases      ] GC(12)   JNI Weak                       Min:  0.0, Avg:  0.0, Max:  0.0, Diff:  0.0, Sum:  0.0, Workers: 4
[22.559s][debug][gc,phases      ] GC(12)     Dead                           Min: 0, Avg:  0.0, Max: 0, Diff: 0, Sum: 0, Workers: 4
[22.559s][debug][gc,phases      ] GC(12)     Total                          Min: 0, Avg:  7.0, Max: 28, Diff: 28, Sum: 28, Workers: 4
[22.559s][debug][gc,phases      ] GC(12)   StringDedup Table Weak         Min:  0.0, Avg:  0.0, Max:  0.0, Diff:  0.0, Sum:  0.0, Workers: 4
[22.559s][debug][gc,phases      ] GC(12)     Dead                           Min: 0, Avg:  0.0, Max: 0, Diff: 0, Sum: 0, Workers: 4
[22.559s][debug][gc,phases      ] GC(12)     Total                          Min: 0, Avg:  0.0, Max: 0, Diff: 0, Sum: 0, Workers: 4
[22.559s][debug][gc,phases      ] GC(12)   StringDedup Requests0 Weak     Min:  0.0, Avg:  0.0, Max:  0.0, Diff:  0.0, Sum:  0.0, Workers: 4
[22.559s][debug][gc,phases      ] GC(12)     Dead                           Min: 0, Avg:  0.0, Max: 0, Diff: 0, Sum: 0, Workers: 4
[22.559s][debug][gc,phases      ] GC(12)     Total                          Min: 0, Avg:  0.0, Max: 0, Diff: 0, Sum: 0, Workers: 4
[22.559s][debug][gc,phases      ] GC(12)   StringDedup Requests1 Weak     Min:  0.0, Avg:  0.0, Max:  0.0, Diff:  0.0, Sum:  0.0, Workers: 4
[22.559s][debug][gc,phases      ] GC(12)     Dead                           Min: 0, Avg:  0.0, Max: 0, Diff: 0, Sum: 0, Workers: 4
[22.559s][debug][gc,phases      ] GC(12)     Total                          Min: 0, Avg:  0.0, Max: 0, Diff: 0, Sum: 0, Workers: 4
[22.559s][debug][gc,phases      ] GC(12)   Weak JFR Old Object Samples    Min:  0.0, Avg:  0.0, Max:  0.0, Diff:  0.0, Sum:  0.0, Workers: 4
[22.559s][debug][gc,phases      ] GC(12)     Dead                           Min: 0, Avg:  0.0, Max: 0, Diff: 0, Sum: 0, Workers: 4
[22.559s][debug][gc,phases      ] GC(12)     Total                          Min: 0, Avg:  0.0, Max: 0, Diff: 0, Sum: 0, Workers: 4
[22.559s][debug][gc,phases      ] GC(12) Weak Processing 0.385ms
[22.560s][debug][gc,phases      ] GC(12) ClassLoaderData 0.338ms
[22.560s][debug][gc,phases      ] GC(12) Trigger cleanups 0.008ms
[22.580s][debug][gc,phases      ] GC(12) Class Unloading 20.770ms
[22.580s][info ][gc,phases      ] GC(12) Marking Phase 110.080ms
[22.580s][info ][gc,phases,start] GC(12) Summary Phase
[22.580s][info ][gc,phases      ] GC(12) Summary Phase 0.027ms
[22.580s][info ][gc,phases,start] GC(12) Adjust Roots
[22.596s][info ][gc,phases      ] GC(12) Adjust Roots 15.471ms
[22.596s][info ][gc,phases,start] GC(12) Compaction Phase
[22.929s][info ][gc,phases      ] GC(12) Compaction Phase 333.115ms
[22.929s][info ][gc,phases,start] GC(12) Post Compact
[22.932s][info ][gc,phases      ] GC(12) Post Compact 2.867ms
[22.932s][info ][gc,heap        ] GC(12) PSYoungGen: 295382K(1572864K)->78349K(1572864K) Eden: 0K(1048576K)->0K(1048576K) From: 295382K(524288K)->78349K(524288K)
[22.932s][info ][gc,heap        ] GC(12) ParOldGen: 204230K(315904K)->315877K(470016K)
[22.932s][info ][gc,metaspace   ] GC(12) Metaspace: 81864K(82752K)->81799K(82752K) NonClass: 70000K(70464K)->69955K(70464K) Class: 11863K(12288K)->11844K(12288K)
[22.932s][info ][gc             ] GC(12) Pause Full (Ergonomics) 487M->384M(1995M) 461.958ms
[22.932s][info ][gc,cpu         ] GC(12) User=1.73s Sys=0.01s Real=0.46s
[22.933s][info ][safepoint      ] Safepoint "ParallelGCFailedAllocation", Time since last: 578123 ns, Reaching safepoint: 99803 ns, At safepoint: 581092588 ns, Total: 581192391 ns
[22.936s][info ][safepoint      ] Safepoint "ICBufferFull", Time since last: 1313850 ns, Reaching safepoint: 988537 ns, At safepoint: 886434 ns, Total: 1874971 ns
[22.938s][info ][safepoint      ] Safepoint "ICBufferFull", Time since last: 1946175 ns, Reaching safepoint: 479518 ns, At safepoint: 22401 ns, Total: 501919 ns
[22.943s][info ][safepoint      ] Safepoint "ICBufferFull", Time since last: 3640339 ns, Reaching safepoint: 508719 ns, At safepoint: 27601 ns, Total: 536320 ns
[22.945s][info ][safepoint      ] Safepoint "ICBufferFull", Time since last: 98004 ns, Reaching safepoint: 2136482 ns, At safepoint: 30101 ns, Total: 2166583 ns
[22.947s][info ][safepoint      ] Safepoint "ICBufferFull", Time since last: 103804 ns, Reaching safepoint: 2127481 ns, At safepoint: 24301 ns, Total: 2151782 ns
[22.949s][info ][safepoint      ] Safepoint "ICBufferFull", Time since last: 66602 ns, Reaching safepoint: 2099381 ns, At safepoint: 28401 ns, Total: 2127782 ns
[22.951s][info ][safepoint      ] Safepoint "ICBufferFull", Time since last: 1057940 ns, Reaching safepoint: 979837 ns, At safepoint: 27001 ns, Total: 1006838 ns
[22.953s][info ][safepoint      ] Safepoint "ICBufferFull", Time since last: 925836 ns, Reaching safepoint: 507519 ns, At safepoint: 10801 ns, Total: 518320 ns
[22.953s][info ][safepoint      ] Safepoint "ICBufferFull", Time since last: 88303 ns, Reaching safepoint: 87103 ns, At safepoint: 9801 ns, Total: 96904 ns
[22.953s][info ][safepoint      ] Safepoint "ICBufferFull", Time since last: 65602 ns, Reaching safepoint: 87604 ns, At safepoint: 137405 ns, Total: 225009 ns
[22.953s][info ][safepoint      ] Safepoint "ICBufferFull", Time since last: 61902 ns, Reaching safepoint: 89704 ns, At safepoint: 26301 ns, Total: 116005 ns
[22.954s][info ][safepoint      ] Safepoint "ICBufferFull", Time since last: 113904 ns, Reaching safepoint: 86703 ns, At safepoint: 23701 ns, Total: 110404 ns
[22.955s][info ][safepoint      ] Safepoint "ICBufferFull", Time since last: 848233 ns, Reaching safepoint: 101503 ns, At safepoint: 12201 ns, Total: 113704 ns
[22.955s][info ][safepoint      ] Safepoint "ICBufferFull", Time since last: 73003 ns, Reaching safepoint: 95703 ns, At safepoint: 20201 ns, Total: 115904 ns
[22.955s][info ][safepoint      ] Safepoint "ICBufferFull", Time since last: 58002 ns, Reaching safepoint: 83403 ns, At safepoint: 24201 ns, Total: 107604 ns
[22.955s][info ][safepoint      ] Safepoint "ICBufferFull", Time since last: 48902 ns, Reaching safepoint: 95604 ns, At safepoint: 17101 ns, Total: 112705 ns
[22.955s][info ][safepoint      ] Safepoint "ICBufferFull", Time since last: 44301 ns, Reaching safepoint: 94104 ns, At safepoint: 24401 ns, Total: 118505 ns
[22.956s][info ][safepoint      ] Safepoint "ICBufferFull", Time since last: 410415 ns, Reaching safepoint: 102404 ns, At safepoint: 22301 ns, Total: 124705 ns
[22.957s][info ][safepoint      ] Safepoint "ICBufferFull", Time since last: 920335 ns, Reaching safepoint: 103204 ns, At safepoint: 10101 ns, Total: 113305 ns
[22.957s][info ][safepoint      ] Safepoint "ICBufferFull", Time since last: 64702 ns, Reaching safepoint: 87803 ns, At safepoint: 21401 ns, Total: 109204 ns
[22.957s][info ][safepoint      ] Safepoint "ICBufferFull", Time since last: 47602 ns, Reaching safepoint: 88203 ns, At safepoint: 24201 ns, Total: 112404 ns
[22.957s][info ][safepoint      ] Safepoint "ICBufferFull", Time since last: 31502 ns, Reaching safepoint: 89603 ns, At safepoint: 19101 ns, Total: 108704 ns
[22.959s][info ][safepoint      ] Safepoint "ICBufferFull", Time since last: 61202 ns, Reaching safepoint: 92604 ns, At safepoint: 1105942 ns, Total: 1198546 ns
[22.959s][info ][safepoint      ] Safepoint "ICBufferFull", Time since last: 79203 ns, Reaching safepoint: 25101 ns, At safepoint: 15100 ns, Total: 40201 ns
[22.959s][info ][safepoint      ] Safepoint "ICBufferFull", Time since last: 39402 ns, Reaching safepoint: 96204 ns, At safepoint: 21100 ns, Total: 117304 ns
[22.959s][info ][safepoint      ] Safepoint "ICBufferFull", Time since last: 52402 ns, Reaching safepoint: 87704 ns, At safepoint: 14100 ns, Total: 101804 ns
[22.959s][info ][safepoint      ] Safepoint "ICBufferFull", Time since last: 75703 ns, Reaching safepoint: 88504 ns, At safepoint: 17700 ns, Total: 106204 ns
[22.959s][info ][safepoint      ] Safepoint "ICBufferFull", Time since last: 50002 ns, Reaching safepoint: 86603 ns, At safepoint: 15701 ns, Total: 102304 ns
[22.959s][info ][safepoint      ] Safepoint "ICBufferFull", Time since last: 43202 ns, Reaching safepoint: 87703 ns, At safepoint: 22201 ns, Total: 109904 ns
[22.960s][info ][safepoint      ] Safepoint "ICBufferFull", Time since last: 835332 ns, Reaching safepoint: 104104 ns, At safepoint: 16300 ns, Total: 120404 ns
[22.961s][info ][safepoint      ] Safepoint "ICBufferFull", Time since last: 52502 ns, Reaching safepoint: 105704 ns, At safepoint: 20701 ns, Total: 126405 ns
[22.961s][info ][safepoint      ] Safepoint "ICBufferFull", Time since last: 80603 ns, Reaching safepoint: 102204 ns, At safepoint: 28901 ns, Total: 131105 ns
[22.961s][info ][safepoint      ] Safepoint "ICBufferFull", Time since last: 30701 ns, Reaching safepoint: 87904 ns, At safepoint: 20101 ns, Total: 108005 ns
[22.962s][info ][safepoint      ] Safepoint "ICBufferFull", Time since last: 808630 ns, Reaching safepoint: 102204 ns, At safepoint: 22001 ns, Total: 124205 ns
[22.962s][info ][safepoint      ] Safepoint "ICBufferFull", Time since last: 65503 ns, Reaching safepoint: 105404 ns, At safepoint: 19300 ns, Total: 124704 ns
[22.962s][info ][safepoint      ] Safepoint "ICBufferFull", Time since last: 51802 ns, Reaching safepoint: 88204 ns, At safepoint: 22701 ns, Total: 110905 ns
[22.962s][info ][safepoint      ] Safepoint "ICBufferFull", Time since last: 41301 ns, Reaching safepoint: 96404 ns, At safepoint: 22201 ns, Total: 118605 ns
[22.963s][info ][safepoint      ] Safepoint "ICBufferFull", Time since last: 838232 ns, Reaching safepoint: 107604 ns, At safepoint: 22101 ns, Total: 129705 ns
[22.964s][info ][safepoint      ] Safepoint "ICBufferFull", Time since last: 66702 ns, Reaching safepoint: 91204 ns, At safepoint: 14300 ns, Total: 105504 ns
[22.964s][info ][safepoint      ] Safepoint "ICBufferFull", Time since last: 54102 ns, Reaching safepoint: 89104 ns, At safepoint: 18301 ns, Total: 107405 ns
[22.964s][info ][safepoint      ] Safepoint "ICBufferFull", Time since last: 45001 ns, Reaching safepoint: 88504 ns, At safepoint: 19300 ns, Total: 107804 ns
[22.965s][info ][safepoint      ] Safepoint "ICBufferFull", Time since last: 224209 ns, Reaching safepoint: 98704 ns, At safepoint: 960536 ns, Total: 1059240 ns
[22.965s][info ][safepoint      ] Safepoint "ICBufferFull", Time since last: 162207 ns, Reaching safepoint: 108204 ns, At safepoint: 17500 ns, Total: 125704 ns
[22.966s][info ][safepoint      ] Safepoint "ICBufferFull", Time since last: 54502 ns, Reaching safepoint: 90704 ns, At safepoint: 26601 ns, Total: 117305 ns
[22.968s][info ][safepoint      ] Safepoint "ICBufferFull", Time since last: 2196784 ns, Reaching safepoint: 111404 ns, At safepoint: 19001 ns, Total: 130405 ns
[22.968s][info ][safepoint      ] Safepoint "ICBufferFull", Time since last: 54702 ns, Reaching safepoint: 88603 ns, At safepoint: 20501 ns, Total: 109104 ns
[22.968s][info ][safepoint      ] Safepoint "ICBufferFull", Time since last: 47802 ns, Reaching safepoint: 88503 ns, At safepoint: 21101 ns, Total: 109604 ns
[22.971s][info ][safepoint      ] Safepoint "ICBufferFull", Time since last: 2339989 ns, Reaching safepoint: 23401 ns, At safepoint: 2300 ns, Total: 25701 ns
[22.971s][info ][safepoint      ] Safepoint "ICBufferFull", Time since last: 73103 ns, Reaching safepoint: 19501 ns, At safepoint: 6000 ns, Total: 25501 ns
[22.971s][info ][safepoint      ] Safepoint "ICBufferFull", Time since last: 52502 ns, Reaching safepoint: 88804 ns, At safepoint: 15500 ns, Total: 104304 ns
[22.971s][info ][safepoint      ] Safepoint "ICBufferFull", Time since last: 61502 ns, Reaching safepoint: 85904 ns, At safepoint: 16300 ns, Total: 102204 ns
[22.971s][info ][safepoint      ] Safepoint "ICBufferFull", Time since last: 110505 ns, Reaching safepoint: 85903 ns, At safepoint: 18701 ns, Total: 104604 ns
[22.971s][info ][safepoint      ] Safepoint "ICBufferFull", Time since last: 42201 ns, Reaching safepoint: 85303 ns, At safepoint: 22001 ns, Total: 107304 ns
[22.972s][info ][safepoint      ] Safepoint "ICBufferFull", Time since last: 37902 ns, Reaching safepoint: 83503 ns, At safepoint: 20701 ns, Total: 104204 ns
[22.973s][info ][safepoint      ] Safepoint "ICBufferFull", Time since last: 981837 ns, Reaching safepoint: 67303 ns, At safepoint: 16900 ns, Total: 84203 ns
[22.974s][info ][safepoint      ] Safepoint "ICBufferFull", Time since last: 1543859 ns, Reaching safepoint: 97104 ns, At safepoint: 20201 ns, Total: 117305 ns
[22.974s][info ][safepoint      ] Safepoint "ICBufferFull", Time since last: 60702 ns, Reaching safepoint: 53802 ns, At safepoint: 22901 ns, Total: 76703 ns
[22.978s][info ][safepoint      ] Safepoint "ICBufferFull", Time since last: 3558136 ns, Reaching safepoint: 101504 ns, At safepoint: 24001 ns, Total: 125505 ns
[22.978s][info ][safepoint      ] Safepoint "ICBufferFull", Time since last: 38401 ns, Reaching safepoint: 83903 ns, At safepoint: 23601 ns, Total: 107504 ns
[22.978s][info ][safepoint      ] Safepoint "ICBufferFull", Time since last: 60603 ns, Reaching safepoint: 82903 ns, At safepoint: 19301 ns, Total: 102204 ns
[22.979s][info ][safepoint      ] Safepoint "ICBufferFull", Time since last: 48101 ns, Reaching safepoint: 84904 ns, At safepoint: 27401 ns, Total: 112305 ns
[22.979s][info ][safepoint      ] Safepoint "ICBufferFull", Time since last: 40501 ns, Reaching safepoint: 85003 ns, At safepoint: 21501 ns, Total: 106504 ns
[22.980s][info ][safepoint      ] Safepoint "ICBufferFull", Time since last: 1155044 ns, Reaching safepoint: 100604 ns, At safepoint: 19401 ns, Total: 120005 ns
[22.980s][info ][safepoint      ] Safepoint "ICBufferFull", Time since last: 60302 ns, Reaching safepoint: 86404 ns, At safepoint: 22700 ns, Total: 109104 ns
[22.980s][info ][safepoint      ] Safepoint "ICBufferFull", Time since last: 51902 ns, Reaching safepoint: 96704 ns, At safepoint: 17401 ns, Total: 114105 ns
[22.981s][info ][safepoint      ] Safepoint "ICBufferFull", Time since last: 101904 ns, Reaching safepoint: 103004 ns, At safepoint: 22400 ns, Total: 125404 ns
[22.987s][info ][safepoint      ] Safepoint "ICBufferFull", Time since last: 834632 ns, Reaching safepoint: 5346304 ns, At safepoint: 15801 ns, Total: 5362105 ns
[22.987s][info ][safepoint      ] Safepoint "ICBufferFull", Time since last: 71903 ns, Reaching safepoint: 84103 ns, At safepoint: 15101 ns, Total: 99204 ns
[22.987s][info ][safepoint      ] Safepoint "ICBufferFull", Time since last: 47901 ns, Reaching safepoint: 82504 ns, At safepoint: 16400 ns, Total: 98904 ns
[22.987s][info ][safepoint      ] Safepoint "ICBufferFull", Time since last: 47102 ns, Reaching safepoint: 87203 ns, At safepoint: 22401 ns, Total: 109604 ns
[22.987s][info ][safepoint      ] Safepoint "ICBufferFull", Time since last: 35501 ns, Reaching safepoint: 85804 ns, At safepoint: 23301 ns, Total: 109105 ns
[22.988s][info ][safepoint      ] Safepoint "ICBufferFull", Time since last: 881833 ns, Reaching safepoint: 98604 ns, At safepoint: 6700 ns, Total: 105304 ns
[22.989s][info ][safepoint      ] Safepoint "ICBufferFull", Time since last: 65203 ns, Reaching safepoint: 84303 ns, At safepoint: 25001 ns, Total: 109304 ns
[22.989s][info ][safepoint      ] Safepoint "ICBufferFull", Time since last: 76503 ns, Reaching safepoint: 83403 ns, At safepoint: 17601 ns, Total: 101004 ns
[22.989s][info ][safepoint      ] Safepoint "ICBufferFull", Time since last: 49102 ns, Reaching safepoint: 95603 ns, At safepoint: 19701 ns, Total: 115304 ns
[22.989s][info ][safepoint      ] Safepoint "ICBufferFull", Time since last: 57802 ns, Reaching safepoint: 84003 ns, At safepoint: 19401 ns, Total: 103404 ns
[22.989s][info ][safepoint      ] Safepoint "ICBufferFull", Time since last: 41402 ns, Reaching safepoint: 85303 ns, At safepoint: 20801 ns, Total: 106104 ns
[22.989s][info ][safepoint      ] Safepoint "ICBufferFull", Time since last: 100204 ns, Reaching safepoint: 94003 ns, At safepoint: 22701 ns, Total: 116704 ns
[22.990s][info ][safepoint      ] Safepoint "ICBufferFull", Time since last: 827032 ns, Reaching safepoint: 56002 ns, At safepoint: 12300 ns, Total: 68302 ns
[22.990s][info ][safepoint      ] Safepoint "ICBufferFull", Time since last: 52002 ns, Reaching safepoint: 36202 ns, At safepoint: 22301 ns, Total: 58503 ns
[22.991s][info ][safepoint      ] Safepoint "ICBufferFull", Time since last: 59302 ns, Reaching safepoint: 84803 ns, At safepoint: 20201 ns, Total: 105004 ns
[22.991s][info ][safepoint      ] Safepoint "ICBufferFull", Time since last: 186407 ns, Reaching safepoint: 86903 ns, At safepoint: 19401 ns, Total: 106304 ns
[22.992s][info ][safepoint      ] Safepoint "ICBufferFull", Time since last: 893534 ns, Reaching safepoint: 439417 ns, At safepoint: 15500 ns, Total: 454917 ns
[22.992s][info ][safepoint      ] Safepoint "ICBufferFull", Time since last: 61803 ns, Reaching safepoint: 92603 ns, At safepoint: 25001 ns, Total: 117604 ns
[22.993s][info ][safepoint      ] Safepoint "ICBufferFull", Time since last: 92904 ns, Reaching safepoint: 87003 ns, At safepoint: 21601 ns, Total: 108604 ns
[22.993s][info ][safepoint      ] Safepoint "ICBufferFull", Time since last: 651325 ns, Reaching safepoint: 91203 ns, At safepoint: 24201 ns, Total: 115404 ns
[22.995s][info ][safepoint      ] Safepoint "ICBufferFull", Time since last: 938236 ns, Reaching safepoint: 640625 ns, At safepoint: 18300 ns, Total: 658925 ns
[22.995s][info ][safepoint      ] Safepoint "ICBufferFull", Time since last: 38302 ns, Reaching safepoint: 158706 ns, At safepoint: 20001 ns, Total: 178707 ns
[22.997s][info ][safepoint      ] Safepoint "ICBufferFull", Time since last: 1367452 ns, Reaching safepoint: 94603 ns, At safepoint: 11701 ns, Total: 106304 ns
[22.997s][info ][safepoint      ] Safepoint "ICBufferFull", Time since last: 61802 ns, Reaching safepoint: 88404 ns, At safepoint: 24300 ns, Total: 112704 ns
[23.002s][info ][safepoint      ] Safepoint "ICBufferFull", Time since last: 5150897 ns, Reaching safepoint: 35802 ns, At safepoint: 10900 ns, Total: 46702 ns
[23.002s][info ][safepoint      ] Safepoint "ICBufferFull", Time since last: 69703 ns, Reaching safepoint: 93603 ns, At safepoint: 22001 ns, Total: 115604 ns
[23.002s][info ][safepoint      ] Safepoint "ICBufferFull", Time since last: 60202 ns, Reaching safepoint: 84104 ns, At safepoint: 20300 ns, Total: 104404 ns
[23.003s][info ][safepoint      ] Safepoint "ICBufferFull", Time since last: 79103 ns, Reaching safepoint: 100804 ns, At safepoint: 24801 ns, Total: 125605 ns
[23.003s][info ][safepoint      ] Safepoint "ICBufferFull", Time since last: 50702 ns, Reaching safepoint: 94804 ns, At safepoint: 30001 ns, Total: 124805 ns
[23.004s][info ][safepoint      ] Safepoint "ICBufferFull", Time since last: 950036 ns, Reaching safepoint: 108704 ns, At safepoint: 28001 ns, Total: 136705 ns
[23.006s][info ][safepoint      ] Safepoint "ICBufferFull", Time since last: 2039778 ns, Reaching safepoint: 117705 ns, At safepoint: 12700 ns, Total: 130405 ns
[23.008s][info ][safepoint      ] Safepoint "ICBufferFull", Time since last: 1936174 ns, Reaching safepoint: 105204 ns, At safepoint: 22101 ns, Total: 127305 ns
[23.008s][info ][safepoint      ] Safepoint "ICBufferFull", Time since last: 78603 ns, Reaching safepoint: 86703 ns, At safepoint: 19501 ns, Total: 106204 ns
[23.009s][info ][safepoint      ] Safepoint "ICBufferFull", Time since last: 1018739 ns, Reaching safepoint: 96404 ns, At safepoint: 23300 ns, Total: 119704 ns
[23.010s][info ][safepoint      ] Safepoint "ICBufferFull", Time since last: 592223 ns, Reaching safepoint: 93504 ns, At safepoint: 26701 ns, Total: 120205 ns
[23.011s][info ][safepoint      ] Safepoint "ICBufferFull", Time since last: 1077941 ns, Reaching safepoint: 105804 ns, At safepoint: 21801 ns, Total: 127605 ns
[23.011s][info ][safepoint      ] Safepoint "ICBufferFull", Time since last: 52402 ns, Reaching safepoint: 88603 ns, At safepoint: 19801 ns, Total: 108404 ns
[23.013s][info ][safepoint      ] Safepoint "ICBufferFull", Time since last: 1017339 ns, Reaching safepoint: 102104 ns, At safepoint: 20700 ns, Total: 122804 ns
[23.013s][info ][safepoint      ] Safepoint "ICBufferFull", Time since last: 47402 ns, Reaching safepoint: 92304 ns, At safepoint: 21001 ns, Total: 113305 ns
[23.013s][info ][safepoint      ] Safepoint "ICBufferFull", Time since last: 420016 ns, Reaching safepoint: 95503 ns, At safepoint: 22901 ns, Total: 118404 ns
[23.015s][info ][safepoint      ] Safepoint "ICBufferFull", Time since last: 1220447 ns, Reaching safepoint: 103604 ns, At safepoint: 19800 ns, Total: 123404 ns
[23.015s][info ][safepoint      ] Safepoint "ICBufferFull", Time since last: 78103 ns, Reaching safepoint: 89104 ns, At safepoint: 21801 ns, Total: 110905 ns
[23.016s][info ][safepoint      ] Safepoint "ICBufferFull", Time since last: 1061640 ns, Reaching safepoint: 97704 ns, At safepoint: 22801 ns, Total: 120505 ns
[23.016s][info ][safepoint      ] Safepoint "ICBufferFull", Time since last: 141805 ns, Reaching safepoint: 49102 ns, At safepoint: 22401 ns, Total: 71503 ns
[23.017s][info ][safepoint      ] Safepoint "ICBufferFull", Time since last: 790030 ns, Reaching safepoint: 96604 ns, At safepoint: 15100 ns, Total: 111704 ns
[23.017s][info ][safepoint      ] Safepoint "ICBufferFull", Time since last: 72003 ns, Reaching safepoint: 88303 ns, At safepoint: 16901 ns, Total: 105204 ns
[23.017s][info ][safepoint      ] Safepoint "ICBufferFull", Time since last: 69703 ns, Reaching safepoint: 88403 ns, At safepoint: 16101 ns, Total: 104504 ns
[23.018s][info ][safepoint      ] Safepoint "ICBufferFull", Time since last: 66302 ns, Reaching safepoint: 85804 ns, At safepoint: 19300 ns, Total: 105104 ns
[23.019s][info ][safepoint      ] Safepoint "ICBufferFull", Time since last: 892634 ns, Reaching safepoint: 95404 ns, At safepoint: 13201 ns, Total: 108605 ns
[23.019s][info ][safepoint      ] Safepoint "ICBufferFull", Time since last: 59502 ns, Reaching safepoint: 83403 ns, At safepoint: 20801 ns, Total: 104204 ns
[23.019s][info ][safepoint      ] Safepoint "ICBufferFull", Time since last: 32201 ns, Reaching safepoint: 81803 ns, At safepoint: 15201 ns, Total: 97004 ns
[23.019s][info ][safepoint      ] Safepoint "ICBufferFull", Time since last: 51502 ns, Reaching safepoint: 81603 ns, At safepoint: 21701 ns, Total: 103304 ns
[23.020s][info ][safepoint      ] Safepoint "ICBufferFull", Time since last: 852032 ns, Reaching safepoint: 101304 ns, At safepoint: 23101 ns, Total: 124405 ns
[23.020s][info ][safepoint      ] Safepoint "ICBufferFull", Time since last: 40701 ns, Reaching safepoint: 83104 ns, At safepoint: 18600 ns, Total: 101704 ns
[23.020s][info ][safepoint      ] Safepoint "ICBufferFull", Time since last: 29701 ns, Reaching safepoint: 94704 ns, At safepoint: 25601 ns, Total: 120305 ns
[23.021s][info ][safepoint      ] Safepoint "ICBufferFull", Time since last: 876934 ns, Reaching safepoint: 95803 ns, At safepoint: 12101 ns, Total: 107904 ns
[23.022s][info ][safepoint      ] Safepoint "ICBufferFull", Time since last: 48402 ns, Reaching safepoint: 82003 ns, At safepoint: 19000 ns, Total: 101003 ns
[23.022s][info ][safepoint      ] Safepoint "ICBufferFull", Time since last: 65703 ns, Reaching safepoint: 83703 ns, At safepoint: 22901 ns, Total: 106604 ns
[23.022s][info ][safepoint      ] Safepoint "ICBufferFull", Time since last: 29901 ns, Reaching safepoint: 96804 ns, At safepoint: 26701 ns, Total: 123505 ns
[23.023s][info ][safepoint      ] Safepoint "ICBufferFull", Time since last: 1035939 ns, Reaching safepoint: 91404 ns, At safepoint: 22101 ns, Total: 113505 ns
[23.023s][info ][safepoint      ] Safepoint "ICBufferFull", Time since last: 55002 ns, Reaching safepoint: 87603 ns, At safepoint: 18101 ns, Total: 105704 ns
[23.023s][info ][safepoint      ] Safepoint "ICBufferFull", Time since last: 30501 ns, Reaching safepoint: 87303 ns, At safepoint: 22601 ns, Total: 109904 ns
[23.025s][info ][safepoint      ] Safepoint "ICBufferFull", Time since last: 1721766 ns, Reaching safepoint: 106704 ns, At safepoint: 19501 ns, Total: 126205 ns
[23.025s][info ][safepoint      ] Safepoint "ICBufferFull", Time since last: 82703 ns, Reaching safepoint: 88803 ns, At safepoint: 28701 ns, Total: 117504 ns
[23.025s][info ][safepoint      ] Safepoint "ICBufferFull", Time since last: 43302 ns, Reaching safepoint: 86603 ns, At safepoint: 31402 ns, Total: 118005 ns
[23.027s][info ][safepoint      ] Safepoint "ICBufferFull", Time since last: 1388653 ns, Reaching safepoint: 109104 ns, At safepoint: 19600 ns, Total: 128704 ns
[23.029s][info ][safepoint      ] Safepoint "ICBufferFull", Time since last: 1740467 ns, Reaching safepoint: 27201 ns, At safepoint: 16301 ns, Total: 43502 ns
[23.029s][info ][safepoint      ] Safepoint "ICBufferFull", Time since last: 49501 ns, Reaching safepoint: 83704 ns, At safepoint: 25701 ns, Total: 109405 ns
[23.029s][info ][safepoint      ] Safepoint "ICBufferFull", Time since last: 43201 ns, Reaching safepoint: 91104 ns, At safepoint: 23201 ns, Total: 114305 ns
[23.029s][info ][safepoint      ] Safepoint "ICBufferFull", Time since last: 46101 ns, Reaching safepoint: 84304 ns, At safepoint: 20900 ns, Total: 105204 ns
[23.029s][info ][safepoint      ] Safepoint "ICBufferFull", Time since last: 65503 ns, Reaching safepoint: 84803 ns, At safepoint: 23801 ns, Total: 108604 ns
[23.030s][info ][safepoint      ] Safepoint "ICBufferFull", Time since last: 56402 ns, Reaching safepoint: 84203 ns, At safepoint: 21101 ns, Total: 105304 ns
[23.030s][info ][safepoint      ] Safepoint "ICBufferFull", Time since last: 29601 ns, Reaching safepoint: 84104 ns, At safepoint: 23901 ns, Total: 108005 ns
[23.031s][info ][safepoint      ] Safepoint "ICBufferFull", Time since last: 837332 ns, Reaching safepoint: 98903 ns, At safepoint: 28401 ns, Total: 127304 ns
[23.032s][info ][safepoint      ] Safepoint "ICBufferFull", Time since last: 1053341 ns, Reaching safepoint: 95803 ns, At safepoint: 17001 ns, Total: 112804 ns
[23.032s][info ][safepoint      ] Safepoint "ICBufferFull", Time since last: 80703 ns, Reaching safepoint: 87203 ns, At safepoint: 17601 ns, Total: 104804 ns
[23.033s][info ][safepoint      ] Safepoint "ICBufferFull", Time since last: 1077541 ns, Reaching safepoint: 66703 ns, At safepoint: 26401 ns, Total: 93104 ns
[23.033s][info ][safepoint      ] Safepoint "ICBufferFull", Time since last: 40401 ns, Reaching safepoint: 92904 ns, At safepoint: 21901 ns, Total: 114805 ns
[23.035s][info ][safepoint      ] Safepoint "ICBufferFull", Time since last: 1224646 ns, Reaching safepoint: 89804 ns, At safepoint: 19101 ns, Total: 108905 ns
[23.036s][info ][safepoint      ] Safepoint "ICBufferFull", Time since last: 1172244 ns, Reaching safepoint: 101704 ns, At safepoint: 22601 ns, Total: 124305 ns
[23.036s][info ][safepoint      ] Safepoint "ICBufferFull", Time since last: 83603 ns, Reaching safepoint: 100204 ns, At safepoint: 19201 ns, Total: 119405 ns
[23.037s][info ][safepoint      ] Safepoint "ICBufferFull", Time since last: 315612 ns, Reaching safepoint: 88503 ns, At safepoint: 28101 ns, Total: 116604 ns
[23.038s][info ][safepoint      ] Safepoint "ICBufferFull", Time since last: 825332 ns, Reaching safepoint: 101904 ns, At safepoint: 16400 ns, Total: 118304 ns
[23.038s][info ][safepoint      ] Safepoint "ICBufferFull", Time since last: 746529 ns, Reaching safepoint: 112004 ns, At safepoint: 27301 ns, Total: 139305 ns
[23.039s][info ][safepoint      ] Safepoint "ICBufferFull", Time since last: 95204 ns, Reaching safepoint: 91703 ns, At safepoint: 23801 ns, Total: 115504 ns
[23.039s][info ][safepoint      ] Safepoint "ICBufferFull", Time since last: 32001 ns, Reaching safepoint: 93504 ns, At safepoint: 22201 ns, Total: 115705 ns
[23.040s][info ][safepoint      ] Safepoint "ICBufferFull", Time since last: 921535 ns, Reaching safepoint: 115204 ns, At safepoint: 13501 ns, Total: 128705 ns
[23.040s][info ][safepoint      ] Safepoint "ICBufferFull", Time since last: 77603 ns, Reaching safepoint: 88503 ns, At safepoint: 24101 ns, Total: 112604 ns
[23.040s][info ][safepoint      ] Safepoint "ICBufferFull", Time since last: 264110 ns, Reaching safepoint: 93504 ns, At safepoint: 22201 ns, Total: 115705 ns
[23.041s][info ][safepoint      ] Safepoint "ICBufferFull", Time since last: 230908 ns, Reaching safepoint: 87204 ns, At safepoint: 15600 ns, Total: 102804 ns
[23.041s][info ][safepoint      ] Safepoint "ICBufferFull", Time since last: 77803 ns, Reaching safepoint: 80803 ns, At safepoint: 19201 ns, Total: 100004 ns
[23.041s][info ][safepoint      ] Safepoint "ICBufferFull", Time since last: 51202 ns, Reaching safepoint: 93104 ns, At safepoint: 20701 ns, Total: 113805 ns
[23.042s][info ][safepoint      ] Safepoint "ICBufferFull", Time since last: 1234647 ns, Reaching safepoint: 65702 ns, At safepoint: 25301 ns, Total: 91003 ns
[23.046s][info ][safepoint      ] Safepoint "ICBufferFull", Time since last: 48702 ns, Reaching safepoint: 3178421 ns, At safepoint: 25001 ns, Total: 3203422 ns
[23.046s][info ][safepoint      ] Safepoint "ICBufferFull", Time since last: 115605 ns, Reaching safepoint: 107004 ns, At safepoint: 16100 ns, Total: 123104 ns
[23.047s][info ][safepoint      ] Safepoint "ICBufferFull", Time since last: 1263549 ns, Reaching safepoint: 105004 ns, At safepoint: 19900 ns, Total: 124904 ns
[23.048s][info ][safepoint      ] Safepoint "ICBufferFull", Time since last: 185708 ns, Reaching safepoint: 99103 ns, At safepoint: 20201 ns, Total: 119304 ns
[23.048s][info ][safepoint      ] Safepoint "ICBufferFull", Time since last: 708127 ns, Reaching safepoint: 92104 ns, At safepoint: 25201 ns, Total: 117305 ns
[23.050s][info ][safepoint      ] Safepoint "ICBufferFull", Time since last: 1121742 ns, Reaching safepoint: 103104 ns, At safepoint: 20101 ns, Total: 123205 ns
[23.050s][info ][safepoint      ] Safepoint "ICBufferFull", Time since last: 42802 ns, Reaching safepoint: 88103 ns, At safepoint: 20901 ns, Total: 109004 ns
[23.052s][info ][safepoint      ] Safepoint "ICBufferFull", Time since last: 1529558 ns, Reaching safepoint: 112905 ns, At safepoint: 22200 ns, Total: 135105 ns
[23.052s][info ][safepoint      ] Safepoint "ICBufferFull", Time since last: 58203 ns, Reaching safepoint: 95503 ns, At safepoint: 22801 ns, Total: 118304 ns
[23.052s][info ][safepoint      ] Safepoint "ICBufferFull", Time since last: 205108 ns, Reaching safepoint: 101604 ns, At safepoint: 24901 ns, Total: 126505 ns
[23.054s][info ][safepoint      ] Safepoint "ICBufferFull", Time since last: 1558459 ns, Reaching safepoint: 112105 ns, At safepoint: 21100 ns, Total: 133205 ns
[23.054s][info ][safepoint      ] Safepoint "ICBufferFull", Time since last: 50402 ns, Reaching safepoint: 90204 ns, At safepoint: 19101 ns, Total: 109305 ns
[23.055s][info ][safepoint      ] Safepoint "ICBufferFull", Time since last: 899834 ns, Reaching safepoint: 99404 ns, At safepoint: 14100 ns, Total: 113504 ns
[23.055s][info ][safepoint      ] Safepoint "ICBufferFull", Time since last: 457718 ns, Reaching safepoint: 104604 ns, At safepoint: 18900 ns, Total: 123504 ns
[23.056s][info ][safepoint      ] Safepoint "ICBufferFull", Time since last: 40602 ns, Reaching safepoint: 97204 ns, At safepoint: 19300 ns, Total: 116504 ns
[23.057s][info ][safepoint      ] Safepoint "ICBufferFull", Time since last: 1195546 ns, Reaching safepoint: 97304 ns, At safepoint: 19601 ns, Total: 116905 ns
[23.057s][info ][safepoint      ] Safepoint "ICBufferFull", Time since last: 67202 ns, Reaching safepoint: 84903 ns, At safepoint: 16201 ns, Total: 101104 ns
[23.058s][info ][safepoint      ] Safepoint "ICBufferFull", Time since last: 861333 ns, Reaching safepoint: 98504 ns, At safepoint: 16200 ns, Total: 114704 ns
[23.058s][info ][safepoint      ] Safepoint "ICBufferFull", Time since last: 49602 ns, Reaching safepoint: 83503 ns, At safepoint: 20101 ns, Total: 103604 ns
[23.058s][info ][safepoint      ] Safepoint "ICBufferFull", Time since last: 35301 ns, Reaching safepoint: 86804 ns, At safepoint: 24201 ns, Total: 111005 ns
[23.059s][info ][safepoint      ] Safepoint "ICBufferFull", Time since last: 951536 ns, Reaching safepoint: 103404 ns, At safepoint: 21001 ns, Total: 124405 ns
[23.060s][info ][safepoint      ] Safepoint "ICBufferFull", Time since last: 370214 ns, Reaching safepoint: 91603 ns, At safepoint: 17501 ns, Total: 109104 ns
[23.060s][info ][safepoint      ] Safepoint "ICBufferFull", Time since last: 86403 ns, Reaching safepoint: 100504 ns, At safepoint: 26101 ns, Total: 126605 ns
[23.060s][info ][safepoint      ] Safepoint "ICBufferFull", Time since last: 51302 ns, Reaching safepoint: 91604 ns, At safepoint: 21200 ns, Total: 112804 ns
[23.062s][info ][safepoint      ] Safepoint "ICBufferFull", Time since last: 1057341 ns, Reaching safepoint: 138805 ns, At safepoint: 29001 ns, Total: 167806 ns
[23.062s][info ][safepoint      ] Safepoint "ICBufferFull", Time since last: 70903 ns, Reaching safepoint: 89103 ns, At safepoint: 20801 ns, Total: 109904 ns
[23.063s][info ][safepoint      ] Safepoint "ICBufferFull", Time since last: 914435 ns, Reaching safepoint: 88803 ns, At safepoint: 14701 ns, Total: 103504 ns
[23.063s][info ][safepoint      ] Safepoint "ICBufferFull", Time since last: 59702 ns, Reaching safepoint: 82303 ns, At safepoint: 16601 ns, Total: 98904 ns
[23.063s][info ][safepoint      ] Safepoint "ICBufferFull", Time since last: 54602 ns, Reaching safepoint: 84503 ns, At safepoint: 17801 ns, Total: 102304 ns
[23.063s][info ][safepoint      ] Safepoint "ICBufferFull", Time since last: 56802 ns, Reaching safepoint: 84403 ns, At safepoint: 23901 ns, Total: 108304 ns
[23.063s][info ][safepoint      ] Safepoint "ICBufferFull", Time since last: 40602 ns, Reaching safepoint: 83803 ns, At safepoint: 21501 ns, Total: 105304 ns
[23.064s][info ][safepoint      ] Safepoint "ICBufferFull", Time since last: 811431 ns, Reaching safepoint: 85003 ns, At safepoint: 11301 ns, Total: 96304 ns
[23.064s][info ][safepoint      ] Safepoint "ICBufferFull", Time since last: 63002 ns, Reaching safepoint: 84203 ns, At safepoint: 28001 ns, Total: 112204 ns
[23.065s][info ][safepoint      ] Safepoint "ICBufferFull", Time since last: 45402 ns, Reaching safepoint: 96604 ns, At safepoint: 24401 ns, Total: 121005 ns
[23.065s][info ][safepoint      ] Safepoint "ICBufferFull", Time since last: 44901 ns, Reaching safepoint: 230909 ns, At safepoint: 25501 ns, Total: 256410 ns
[23.067s][info ][safepoint      ] Safepoint "ICBufferFull", Time since last: 1660964 ns, Reaching safepoint: 74202 ns, At safepoint: 20501 ns, Total: 94703 ns
[23.067s][info ][safepoint      ] Safepoint "ICBufferFull", Time since last: 60903 ns, Reaching safepoint: 86503 ns, At safepoint: 17400 ns, Total: 103903 ns
[23.067s][info ][safepoint      ] Safepoint "ICBufferFull", Time since last: 132106 ns, Reaching safepoint: 87303 ns, At safepoint: 19701 ns, Total: 107004 ns
[23.067s][info ][safepoint      ] Safepoint "ICBufferFull", Time since last: 78603 ns, Reaching safepoint: 101003 ns, At safepoint: 25901 ns, Total: 126904 ns
[23.067s][info ][safepoint      ] Safepoint "ICBufferFull", Time since last: 66003 ns, Reaching safepoint: 96004 ns, At safepoint: 18800 ns, Total: 114804 ns
[23.068s][info ][safepoint      ] Safepoint "ICBufferFull", Time since last: 805331 ns, Reaching safepoint: 97104 ns, At safepoint: 9600 ns, Total: 106704 ns
[23.069s][info ][safepoint      ] Safepoint "ICBufferFull", Time since last: 54802 ns, Reaching safepoint: 83403 ns, At safepoint: 17201 ns, Total: 100604 ns
[23.069s][info ][safepoint      ] Safepoint "ICBufferFull", Time since last: 71903 ns, Reaching safepoint: 85803 ns, At safepoint: 15101 ns, Total: 100904 ns
[23.069s][info ][safepoint      ] Safepoint "ICBufferFull", Time since last: 33601 ns, Reaching safepoint: 87103 ns, At safepoint: 19101 ns, Total: 106204 ns
[23.069s][info ][safepoint      ] Safepoint "ICBufferFull", Time since last: 71203 ns, Reaching safepoint: 85703 ns, At safepoint: 17501 ns, Total: 103204 ns
[23.070s][info ][safepoint      ] Safepoint "ICBufferFull", Time since last: 1078541 ns, Reaching safepoint: 99904 ns, At safepoint: 24001 ns, Total: 123905 ns
[23.076s][info ][safepoint      ] Safepoint "ICBufferFull", Time since last: 5247800 ns, Reaching safepoint: 107204 ns, At safepoint: 17501 ns, Total: 124705 ns
[23.076s][info ][safepoint      ] Safepoint "ICBufferFull", Time since last: 89203 ns, Reaching safepoint: 20201 ns, At safepoint: 13800 ns, Total: 34001 ns
[23.076s][info ][safepoint      ] Safepoint "ICBufferFull", Time since last: 57703 ns, Reaching safepoint: 87003 ns, At safepoint: 19601 ns, Total: 106604 ns
[23.076s][info ][safepoint      ] Safepoint "ICBufferFull", Time since last: 49002 ns, Reaching safepoint: 91303 ns, At safepoint: 16901 ns, Total: 108204 ns
[23.076s][info ][safepoint      ] Safepoint "ICBufferFull", Time since last: 33601 ns, Reaching safepoint: 93204 ns, At safepoint: 21700 ns, Total: 114904 ns
[23.076s][info ][safepoint      ] Safepoint "ICBufferFull", Time since last: 50202 ns, Reaching safepoint: 95304 ns, At safepoint: 21501 ns, Total: 116805 ns
[23.077s][info ][safepoint      ] Safepoint "ICBufferFull", Time since last: 27101 ns, Reaching safepoint: 94303 ns, At safepoint: 24001 ns, Total: 118304 ns
[23.079s][info ][safepoint      ] Safepoint "ICBufferFull", Time since last: 1999577 ns, Reaching safepoint: 99603 ns, At safepoint: 17801 ns, Total: 117404 ns
[23.080s][info ][safepoint      ] Safepoint "ICBufferFull", Time since last: 1697965 ns, Reaching safepoint: 90103 ns, At safepoint: 24401 ns, Total: 114504 ns
[23.081s][info ][safepoint      ] Safepoint "ICBufferFull", Time since last: 65903 ns, Reaching safepoint: 85103 ns, At safepoint: 20601 ns, Total: 105704 ns
[23.081s][info ][safepoint      ] Safepoint "ICBufferFull", Time since last: 32201 ns, Reaching safepoint: 83803 ns, At safepoint: 22001 ns, Total: 105804 ns
[23.081s][info ][safepoint      ] Safepoint "ICBufferFull", Time since last: 126205 ns, Reaching safepoint: 91804 ns, At safepoint: 19700 ns, Total: 111504 ns
[23.083s][info ][safepoint      ] Safepoint "ICBufferFull", Time since last: 1796769 ns, Reaching safepoint: 101004 ns, At safepoint: 23201 ns, Total: 124205 ns
[23.083s][info ][safepoint      ] Safepoint "ICBufferFull", Time since last: 388414 ns, Reaching safepoint: 97504 ns, At safepoint: 20901 ns, Total: 118405 ns
[23.084s][info ][safepoint      ] Safepoint "ICBufferFull", Time since last: 884534 ns, Reaching safepoint: 92203 ns, At safepoint: 20001 ns, Total: 112204 ns
[23.085s][info ][safepoint      ] Safepoint "ICBufferFull", Time since last: 607423 ns, Reaching safepoint: 96304 ns, At safepoint: 23401 ns, Total: 119705 ns
[23.086s][info ][safepoint      ] Safepoint "ICBufferFull", Time since last: 1009638 ns, Reaching safepoint: 170307 ns, At safepoint: 19001 ns, Total: 189308 ns
[23.087s][info ][safepoint      ] Safepoint "ICBufferFull", Time since last: 728627 ns, Reaching safepoint: 164107 ns, At safepoint: 21100 ns, Total: 185207 ns
[23.087s][info ][safepoint      ] Safepoint "ICBufferFull", Time since last: 52102 ns, Reaching safepoint: 92204 ns, At safepoint: 21801 ns, Total: 114005 ns
[23.088s][info ][safepoint      ] Safepoint "ICBufferFull", Time since last: 107104 ns, Reaching safepoint: 94303 ns, At safepoint: 24901 ns, Total: 119204 ns
[23.089s][info ][safepoint      ] Safepoint "ICBufferFull", Time since last: 1066741 ns, Reaching safepoint: 105304 ns, At safepoint: 16901 ns, Total: 122205 ns
[23.089s][info ][safepoint      ] Safepoint "ICBufferFull", Time since last: 297011 ns, Reaching safepoint: 93104 ns, At safepoint: 19600 ns, Total: 112704 ns
[23.089s][info ][safepoint      ] Safepoint "ICBufferFull", Time since last: 46502 ns, Reaching safepoint: 91504 ns, At safepoint: 22901 ns, Total: 114405 ns
[23.090s][info ][safepoint      ] Safepoint "ICBufferFull", Time since last: 37301 ns, Reaching safepoint: 97004 ns, At safepoint: 18200 ns, Total: 115204 ns
[23.091s][info ][safepoint      ] Safepoint "ICBufferFull", Time since last: 1317351 ns, Reaching safepoint: 102904 ns, At safepoint: 20600 ns, Total: 123504 ns
[23.093s][info ][safepoint      ] Safepoint "ICBufferFull", Time since last: 1864872 ns, Reaching safepoint: 109204 ns, At safepoint: 15500 ns, Total: 124704 ns
[23.093s][info ][safepoint      ] Safepoint "ICBufferFull", Time since last: 100704 ns, Reaching safepoint: 86504 ns, At safepoint: 16300 ns, Total: 102804 ns
[23.098s][info ][safepoint      ] Safepoint "ICBufferFull", Time since last: 4797183 ns, Reaching safepoint: 104304 ns, At safepoint: 25101 ns, Total: 129405 ns
[23.098s][info ][safepoint      ] Safepoint "ICBufferFull", Time since last: 124005 ns, Reaching safepoint: 89203 ns, At safepoint: 16501 ns, Total: 105704 ns
[23.099s][info ][safepoint      ] Safepoint "ICBufferFull", Time since last: 59102 ns, Reaching safepoint: 83103 ns, At safepoint: 24101 ns, Total: 107204 ns
[23.101s][info ][safepoint      ] Safepoint "ICBufferFull", Time since last: 2473495 ns, Reaching safepoint: 108504 ns, At safepoint: 18801 ns, Total: 127305 ns
[23.101s][info ][safepoint      ] Safepoint "ICBufferFull", Time since last: 73103 ns, Reaching safepoint: 99903 ns, At safepoint: 21401 ns, Total: 121304 ns
[23.102s][info ][safepoint      ] Safepoint "ICBufferFull", Time since last: 124605 ns, Reaching safepoint: 91203 ns, At safepoint: 17801 ns, Total: 109004 ns
[23.102s][info ][safepoint      ] Safepoint "ICBufferFull", Time since last: 76303 ns, Reaching safepoint: 102904 ns, At safepoint: 22101 ns, Total: 125005 ns
[23.104s][info ][safepoint      ] Safepoint "ICBufferFull", Time since last: 1770367 ns, Reaching safepoint: 109405 ns, At safepoint: 19900 ns, Total: 129305 ns
[23.106s][info ][safepoint      ] Safepoint "ICBufferFull", Time since last: 2688103 ns, Reaching safepoint: 118104 ns, At safepoint: 21101 ns, Total: 139205 ns
[23.107s][info ][safepoint      ] Safepoint "ICBufferFull", Time since last: 100304 ns, Reaching safepoint: 93804 ns, At safepoint: 24301 ns, Total: 118105 ns
[23.107s][info ][safepoint      ] Safepoint "ICBufferFull", Time since last: 73702 ns, Reaching safepoint: 92404 ns, At safepoint: 21101 ns, Total: 113505 ns
[23.107s][info ][safepoint      ] Safepoint "ICBufferFull", Time since last: 43401 ns, Reaching safepoint: 84204 ns, At safepoint: 23100 ns, Total: 107304 ns
[23.107s][info ][safepoint      ] Safepoint "ICBufferFull", Time since last: 39602 ns, Reaching safepoint: 99704 ns, At safepoint: 18901 ns, Total: 118605 ns
[23.107s][info ][safepoint      ] Safepoint "ICBufferFull", Time since last: 73502 ns, Reaching safepoint: 86804 ns, At safepoint: 27901 ns, Total: 114705 ns
[23.109s][info ][safepoint      ] Safepoint "ICBufferFull", Time since last: 1619662 ns, Reaching safepoint: 84503 ns, At safepoint: 21801 ns, Total: 106304 ns
[23.109s][info ][safepoint      ] Safepoint "ICBufferFull", Time since last: 167806 ns, Reaching safepoint: 91503 ns, At safepoint: 26101 ns, Total: 117604 ns
[23.110s][info ][safepoint      ] Safepoint "ICBufferFull", Time since last: 32302 ns, Reaching safepoint: 87303 ns, At safepoint: 24701 ns, Total: 112004 ns
[23.111s][info ][safepoint      ] Safepoint "ICBufferFull", Time since last: 1162544 ns, Reaching safepoint: 88804 ns, At safepoint: 19601 ns, Total: 108405 ns
[23.111s][info ][safepoint      ] Safepoint "ICBufferFull", Time since last: 53202 ns, Reaching safepoint: 96803 ns, At safepoint: 25001 ns, Total: 121804 ns
[23.111s][info ][safepoint      ] Safepoint "ICBufferFull", Time since last: 31901 ns, Reaching safepoint: 89404 ns, At safepoint: 19101 ns, Total: 108505 ns
[23.111s][info ][safepoint      ] Safepoint "ICBufferFull", Time since last: 44101 ns, Reaching safepoint: 84603 ns, At safepoint: 22001 ns, Total: 106604 ns
[23.112s][info ][safepoint      ] Safepoint "ICBufferFull", Time since last: 1062241 ns, Reaching safepoint: 91903 ns, At safepoint: 22601 ns, Total: 114504 ns
[23.113s][info ][safepoint      ] Safepoint "ICBufferFull", Time since last: 40602 ns, Reaching safepoint: 86103 ns, At safepoint: 28701 ns, Total: 114804 ns
[23.114s][info ][safepoint      ] Safepoint "ICBufferFull", Time since last: 1689665 ns, Reaching safepoint: 185607 ns, At safepoint: 23401 ns, Total: 209008 ns
[23.115s][info ][safepoint      ] Safepoint "ICBufferFull", Time since last: 51302 ns, Reaching safepoint: 98803 ns, At safepoint: 23301 ns, Total: 122104 ns
[23.115s][info ][safepoint      ] Safepoint "ICBufferFull", Time since last: 36702 ns, Reaching safepoint: 87003 ns, At safepoint: 25801 ns, Total: 112804 ns
[23.117s][info ][safepoint      ] Safepoint "ICBufferFull", Time since last: 1718966 ns, Reaching safepoint: 122304 ns, At safepoint: 31202 ns, Total: 153506 ns
[23.118s][info ][safepoint      ] Safepoint "ICBufferFull", Time since last: 1539558 ns, Reaching safepoint: 109604 ns, At safepoint: 23501 ns, Total: 133105 ns
[23.120s][info ][safepoint      ] Safepoint "ICBufferFull", Time since last: 1540459 ns, Reaching safepoint: 105004 ns, At safepoint: 15801 ns, Total: 120805 ns
[23.122s][info ][safepoint      ] Safepoint "ICBufferFull", Time since last: 1542859 ns, Reaching safepoint: 86803 ns, At safepoint: 27201 ns, Total: 114004 ns
[23.122s][info ][safepoint      ] Safepoint "ICBufferFull", Time since last: 55402 ns, Reaching safepoint: 46102 ns, At safepoint: 18601 ns, Total: 64703 ns
[23.122s][info ][safepoint      ] Safepoint "ICBufferFull", Time since last: 90103 ns, Reaching safepoint: 57902 ns, At safepoint: 24001 ns, Total: 81903 ns
[23.123s][info ][safepoint      ] Safepoint "ICBufferFull", Time since last: 1182845 ns, Reaching safepoint: 156606 ns, At safepoint: 26101 ns, Total: 182707 ns
[23.124s][info ][safepoint      ] Safepoint "ICBufferFull", Time since last: 649125 ns, Reaching safepoint: 91204 ns, At safepoint: 29801 ns, Total: 121005 ns
[23.125s][info ][safepoint      ] Safepoint "ICBufferFull", Time since last: 1278049 ns, Reaching safepoint: 91003 ns, At safepoint: 16801 ns, Total: 107804 ns
[23.126s][info ][safepoint      ] Safepoint "ICBufferFull", Time since last: 76903 ns, Reaching safepoint: 85003 ns, At safepoint: 18901 ns, Total: 103904 ns
[23.126s][info ][safepoint      ] Safepoint "ICBufferFull", Time since last: 49601 ns, Reaching safepoint: 85404 ns, At safepoint: 22801 ns, Total: 108205 ns
[23.127s][info ][safepoint      ] Safepoint "ICBufferFull", Time since last: 1246847 ns, Reaching safepoint: 98704 ns, At safepoint: 14901 ns, Total: 113605 ns
[23.127s][info ][safepoint      ] Safepoint "ICBufferFull", Time since last: 81203 ns, Reaching safepoint: 85003 ns, At safepoint: 23701 ns, Total: 108704 ns
[23.128s][info ][safepoint      ] Safepoint "ICBufferFull", Time since last: 64502 ns, Reaching safepoint: 67103 ns, At safepoint: 17500 ns, Total: 84603 ns
[23.128s][info ][safepoint      ] Safepoint "ICBufferFull", Time since last: 303212 ns, Reaching safepoint: 100304 ns, At safepoint: 21701 ns, Total: 122005 ns
[23.128s][info ][safepoint      ] Safepoint "ICBufferFull", Time since last: 186007 ns, Reaching safepoint: 90403 ns, At safepoint: 15101 ns, Total: 105504 ns
[23.128s][info ][safepoint      ] Safepoint "ICBufferFull", Time since last: 73003 ns, Reaching safepoint: 91803 ns, At safepoint: 20901 ns, Total: 112704 ns
[23.130s][info ][safepoint      ] Safepoint "ICBufferFull", Time since last: 976737 ns, Reaching safepoint: 96504 ns, At safepoint: 22001 ns, Total: 118505 ns
[23.130s][info ][safepoint      ] Safepoint "ICBufferFull", Time since last: 171206 ns, Reaching safepoint: 89404 ns, At safepoint: 18300 ns, Total: 107704 ns
[23.134s][info ][safepoint      ] Safepoint "ICBufferFull", Time since last: 1440255 ns, Reaching safepoint: 3162021 ns, At safepoint: 25101 ns, Total: 3187122 ns
[23.135s][info ][safepoint      ] Safepoint "ICBufferFull", Time since last: 124005 ns, Reaching safepoint: 86303 ns, At safepoint: 18001 ns, Total: 104304 ns
[23.136s][info ][safepoint      ] Safepoint "ICBufferFull", Time since last: 912735 ns, Reaching safepoint: 94703 ns, At safepoint: 20001 ns, Total: 114704 ns
[23.139s][info ][safepoint      ] Safepoint "ICBufferFull", Time since last: 3559036 ns, Reaching safepoint: 144305 ns, At safepoint: 28102 ns, Total: 172407 ns
[23.142s][info ][safepoint      ] Safepoint "ICBufferFull", Time since last: 2411592 ns, Reaching safepoint: 126104 ns, At safepoint: 25501 ns, Total: 151605 ns
[23.144s][info ][safepoint      ] Safepoint "ICBufferFull", Time since last: 1663064 ns, Reaching safepoint: 100004 ns, At safepoint: 25001 ns, Total: 125005 ns
[23.144s][info ][safepoint      ] Safepoint "ICBufferFull", Time since last: 72702 ns, Reaching safepoint: 91304 ns, At safepoint: 24101 ns, Total: 115405 ns
[23.150s][info ][safepoint      ] Safepoint "ICBufferFull", Time since last: 5633915 ns, Reaching safepoint: 128205 ns, At safepoint: 23601 ns, Total: 151806 ns
[23.158s][info ][safepoint      ] Safepoint "ICBufferFull", Time since last: 7827399 ns, Reaching safepoint: 37801 ns, At safepoint: 19001 ns, Total: 56802 ns
[23.158s][info ][safepoint      ] Safepoint "ICBufferFull", Time since last: 93903 ns, Reaching safepoint: 17601 ns, At safepoint: 12401 ns, Total: 30002 ns
[23.158s][info ][safepoint      ] Safepoint "ICBufferFull", Time since last: 48401 ns, Reaching safepoint: 89004 ns, At safepoint: 32001 ns, Total: 121005 ns
[23.158s][info ][safepoint      ] Safepoint "ICBufferFull", Time since last: 55102 ns, Reaching safepoint: 95304 ns, At safepoint: 27101 ns, Total: 122405 ns
[23.158s][info ][safepoint      ] Safepoint "ICBufferFull", Time since last: 45902 ns, Reaching safepoint: 82603 ns, At safepoint: 13800 ns, Total: 96403 ns
[23.158s][info ][safepoint      ] Safepoint "ICBufferFull", Time since last: 20901 ns, Reaching safepoint: 92604 ns, At safepoint: 19600 ns, Total: 112204 ns
[23.159s][info ][safepoint      ] Safepoint "ICBufferFull", Time since last: 92204 ns, Reaching safepoint: 86703 ns, At safepoint: 24401 ns, Total: 111104 ns
[23.162s][info ][safepoint      ] Safepoint "ICBufferFull", Time since last: 3719742 ns, Reaching safepoint: 117005 ns, At safepoint: 26101 ns, Total: 143106 ns
[23.166s][info ][safepoint      ] Safepoint "ICBufferFull", Time since last: 3589137 ns, Reaching safepoint: 107104 ns, At safepoint: 18100 ns, Total: 125204 ns
[23.166s][info ][safepoint      ] Safepoint "ICBufferFull", Time since last: 87704 ns, Reaching safepoint: 97503 ns, At safepoint: 19401 ns, Total: 116904 ns
[23.167s][info ][safepoint      ] Safepoint "ICBufferFull", Time since last: 446217 ns, Reaching safepoint: 91504 ns, At safepoint: 23201 ns, Total: 114705 ns
[23.167s][info ][safepoint      ] Safepoint "ICBufferFull", Time since last: 44901 ns, Reaching safepoint: 92104 ns, At safepoint: 21601 ns, Total: 113705 ns
[23.170s][info ][safepoint      ] Safepoint "ICBufferFull", Time since last: 2454893 ns, Reaching safepoint: 85504 ns, At safepoint: 19900 ns, Total: 105404 ns
[23.170s][info ][safepoint      ] Safepoint "ICBufferFull", Time since last: 65603 ns, Reaching safepoint: 88003 ns, At safepoint: 16901 ns, Total: 104904 ns
[23.170s][info ][safepoint      ] Safepoint "ICBufferFull", Time since last: 40401 ns, Reaching safepoint: 87704 ns, At safepoint: 34401 ns, Total: 122105 ns
[23.170s][info ][safepoint      ] Safepoint "ICBufferFull", Time since last: 190507 ns, Reaching safepoint: 99704 ns, At safepoint: 18201 ns, Total: 117905 ns
[23.174s][info ][safepoint      ] Safepoint "ICBufferFull", Time since last: 3572336 ns, Reaching safepoint: 110204 ns, At safepoint: 24101 ns, Total: 134305 ns
[23.177s][info ][safepoint      ] Safepoint "ICBufferFull", Time since last: 3092018 ns, Reaching safepoint: 123105 ns, At safepoint: 16801 ns, Total: 139906 ns
[23.178s][info ][safepoint      ] Safepoint "ICBufferFull", Time since last: 369314 ns, Reaching safepoint: 99204 ns, At safepoint: 23001 ns, Total: 122205 ns
[23.180s][info ][safepoint      ] Safepoint "ICBufferFull", Time since last: 2220784 ns, Reaching safepoint: 112905 ns, At safepoint: 16400 ns, Total: 129305 ns
[23.181s][info ][safepoint      ] Safepoint "ICBufferFull", Time since last: 329513 ns, Reaching safepoint: 91603 ns, At safepoint: 21501 ns, Total: 113104 ns
[23.181s][info ][safepoint      ] Safepoint "ICBufferFull", Time since last: 40602 ns, Reaching safepoint: 95303 ns, At safepoint: 23401 ns, Total: 118704 ns
[23.187s][info ][safepoint      ] Safepoint "ICBufferFull", Time since last: 2938412 ns, Reaching safepoint: 3217223 ns, At safepoint: 31202 ns, Total: 3248425 ns
[23.190s][info ][safepoint      ] Safepoint "ICBufferFull", Time since last: 3364128 ns, Reaching safepoint: 115304 ns, At safepoint: 29501 ns, Total: 144805 ns
[23.198s][info ][safepoint      ] Safepoint "ICBufferFull", Time since last: 7830999 ns, Reaching safepoint: 136906 ns, At safepoint: 26501 ns, Total: 163407 ns
[23.199s][info ][safepoint      ] Safepoint "ICBufferFull", Time since last: 67102 ns, Reaching safepoint: 92004 ns, At safepoint: 23501 ns, Total: 115505 ns
[23.229s][info ][gc,start       ] GC(13) Pause Young (Allocation Failure)
[23.286s][debug][gc,phases      ] GC(13) Scavenge 56.479ms
[23.286s][debug][gc,ref         ] GC(13) Skipped phase 1 of Reference Processing: no references
[23.286s][debug][gc,ref         ] GC(13) ReferenceProcessor::execute queues: 1, RefProcThreadModel::Single, marks_oops_alive: false
[23.286s][debug][gc,ref         ] GC(13) Skipped phase 3 of Reference Processing: no references
[23.286s][debug][gc,ref         ] GC(13) ReferenceProcessor::execute queues: 1, RefProcThreadModel::Single, marks_oops_alive: false
[23.286s][debug][gc,phases      ] GC(13) Reference Processing 0.125ms
[23.286s][debug][gc,phases      ] GC(13)   VM Weak                        Min:  0.0, Avg:  0.0, Max:  0.0, Diff:  0.0, Sum:  0.0, Workers: 4
[23.286s][debug][gc,phases      ] GC(13)     Dead                           Min: 0, Avg:  0.0, Max: 0, Diff: 0, Sum: 0, Workers: 4
[23.286s][debug][gc,phases      ] GC(13)     Total                          Min: 0, Avg: 172.8, Max: 691, Diff: 691, Sum: 691, Workers: 4
[23.286s][debug][gc,phases      ] GC(13)   ObjectSynchronizer Weak        Min:  0.0, Avg:  0.0, Max:  0.0, Diff:  0.0, Sum:  0.0, Workers: 4
[23.286s][debug][gc,phases      ] GC(13)     Dead                           Min: 0, Avg:  0.0, Max: 0, Diff: 0, Sum: 0, Workers: 4
[23.286s][debug][gc,phases      ] GC(13)     Total                          Min: 0, Avg: 26.2, Max: 64, Diff: 64, Sum: 105, Workers: 4
[23.286s][debug][gc,phases      ] GC(13)   JVMTI Tag Weak OopStorage      Min:  0.0, Avg:  0.0, Max:  0.0, Diff:  0.0, Sum:  0.0, Workers: 4
[23.286s][debug][gc,phases      ] GC(13)     Dead                           Min: 0, Avg:  0.0, Max: 0, Diff: 0, Sum: 0, Workers: 4
[23.286s][debug][gc,phases      ] GC(13)     Total                          Min: 0, Avg:  0.0, Max: 0, Diff: 0, Sum: 0, Workers: 4
[23.286s][debug][gc,phases      ] GC(13)   StringTable Weak               Min:  0.1, Avg:  0.1, Max:  0.1, Diff:  0.0, Sum:  0.5, Workers: 4
[23.286s][debug][gc,phases      ] GC(13)     Dead                           Min: 0, Avg:  0.0, Max: 0, Diff: 0, Sum: 0, Workers: 4
[23.286s][debug][gc,phases      ] GC(13)     Total                          Min: 11392, Avg: 11999.2, Max: 12413, Diff: 1021, Sum: 47997, Workers: 4
[23.286s][debug][gc,phases      ] GC(13)   ResolvedMethodTable Weak       Min:  0.0, Avg:  0.0, Max:  0.0, Diff:  0.0, Sum:  0.1, Workers: 4
[23.286s][debug][gc,phases      ] GC(13)     Dead                           Min: 0, Avg:  0.0, Max: 0, Diff: 0, Sum: 0, Workers: 4
[23.286s][debug][gc,phases      ] GC(13)     Total                          Min: 1865, Avg: 2027.5, Max: 2362, Diff: 497, Sum: 8110, Workers: 4
[23.286s][debug][gc,phases      ] GC(13)   JNI Weak                       Min:  0.0, Avg:  0.0, Max:  0.0, Diff:  0.0, Sum:  0.0, Workers: 4
[23.286s][debug][gc,phases      ] GC(13)     Dead                           Min: 0, Avg:  0.0, Max: 0, Diff: 0, Sum: 0, Workers: 4
[23.286s][debug][gc,phases      ] GC(13)     Total                          Min: 0, Avg:  4.2, Max: 17, Diff: 17, Sum: 17, Workers: 4
[23.286s][debug][gc,phases      ] GC(13)   StringDedup Table Weak         Min:  0.0, Avg:  0.0, Max:  0.0, Diff:  0.0, Sum:  0.0, Workers: 4
[23.286s][debug][gc,phases      ] GC(13)     Dead                           Min: 0, Avg:  0.0, Max: 0, Diff: 0, Sum: 0, Workers: 4
[23.286s][debug][gc,phases      ] GC(13)     Total                          Min: 0, Avg:  0.0, Max: 0, Diff: 0, Sum: 0, Workers: 4
[23.286s][debug][gc,phases      ] GC(13)   StringDedup Requests0 Weak     Min:  0.0, Avg:  0.0, Max:  0.0, Diff:  0.0, Sum:  0.0, Workers: 4
[23.286s][debug][gc,phases      ] GC(13)     Dead                           Min: 0, Avg:  0.0, Max: 0, Diff: 0, Sum: 0, Workers: 4
[23.286s][debug][gc,phases      ] GC(13)     Total                          Min: 0, Avg:  0.0, Max: 0, Diff: 0, Sum: 0, Workers: 4
[23.286s][debug][gc,phases      ] GC(13)   StringDedup Requests1 Weak     Min:  0.0, Avg:  0.0, Max:  0.0, Diff:  0.0, Sum:  0.0, Workers: 4
[23.286s][debug][gc,phases      ] GC(13)     Dead                           Min: 0, Avg:  0.0, Max: 0, Diff: 0, Sum: 0, Workers: 4
[23.286s][debug][gc,phases      ] GC(13)     Total                          Min: 0, Avg:  0.0, Max: 0, Diff: 0, Sum: 0, Workers: 4
[23.286s][debug][gc,phases      ] GC(13)   Weak JFR Old Object Samples    Min:  0.0, Avg:  0.0, Max:  0.0, Diff:  0.0, Sum:  0.0, Workers: 4
[23.286s][debug][gc,phases      ] GC(13)     Dead                           Min: 0, Avg:  0.0, Max: 0, Diff: 0, Sum: 0, Workers: 4
[23.286s][debug][gc,phases      ] GC(13)     Total                          Min: 0, Avg:  0.0, Max: 0, Diff: 0, Sum: 0, Workers: 4
[23.286s][debug][gc,phases      ] GC(13) Weak Processing 0.338ms
[23.286s][debug][gc,age         ] GC(13) Desired survivor size 536870912 bytes, new threshold 3 (max threshold 15)
[23.286s][info ][gc,heap        ] GC(13) PSYoungGen: 1126925K(1572864K)->28234K(1572864K) Eden: 1048576K(1048576K)->0K(1048576K) From: 78349K(524288K)->28234K(524288K)
[23.286s][info ][gc,heap        ] GC(13) ParOldGen: 315877K(470016K)->381856K(470016K)
[23.286s][info ][gc,metaspace   ] GC(13) Metaspace: 81843K(82752K)->81843K(82752K) NonClass: 69998K(70464K)->69998K(70464K) Class: 11845K(12288K)->11845K(12288K)
[23.286s][info ][gc             ] GC(13) Pause Young (Allocation Failure) 1408M->400M(1995M) 57.083ms
[23.286s][info ][gc,cpu         ] GC(13) User=0.22s Sys=0.02s Real=0.06s
[23.286s][debug][gc,phases      ] GC(14) Pre Compact 0.009ms
[23.286s][info ][gc,start       ] GC(14) Pause Full (Ergonomics)
[23.286s][info ][gc,phases,start] GC(14) Marking Phase
[23.377s][debug][gc,phases      ] GC(14) Par Mark 90.939ms
[23.378s][debug][gc,ref         ] GC(14) Skipped phase 1 of Reference Processing: no references
[23.378s][debug][gc,ref         ] GC(14) ReferenceProcessor::execute queues: 4, RefProcThreadModel::Multi, marks_oops_alive: false
[23.378s][debug][gc,ref         ] GC(14) Skipped phase 3 of Reference Processing: no references
[23.378s][debug][gc,ref         ] GC(14) ReferenceProcessor::execute queues: 1, RefProcThreadModel::Single, marks_oops_alive: false
[23.378s][debug][gc,phases      ] GC(14) Reference Processing 0.390ms
[23.378s][debug][gc,phases      ] GC(14)   VM Weak                        Min:  0.0, Avg:  0.0, Max:  0.0, Diff:  0.0, Sum:  0.0, Workers: 4
[23.378s][debug][gc,phases      ] GC(14)     Dead                           Min: 0, Avg:  0.0, Max: 0, Diff: 0, Sum: 0, Workers: 4
[23.378s][debug][gc,phases      ] GC(14)     Total                          Min: 0, Avg: 172.8, Max: 330, Diff: 330, Sum: 691, Workers: 4
[23.378s][debug][gc,phases      ] GC(14)   ObjectSynchronizer Weak        Min:  0.0, Avg:  0.0, Max:  0.0, Diff:  0.0, Sum:  0.0, Workers: 4
[23.378s][debug][gc,phases      ] GC(14)     Dead                           Min: 0, Avg:  0.0, Max: 0, Diff: 0, Sum: 0, Workers: 4
[23.378s][debug][gc,phases      ] GC(14)     Total                          Min: 0, Avg: 26.2, Max: 64, Diff: 64, Sum: 105, Workers: 4
[23.378s][debug][gc,phases      ] GC(14)   JVMTI Tag Weak OopStorage      Min:  0.0, Avg:  0.0, Max:  0.0, Diff:  0.0, Sum:  0.0, Workers: 4
[23.378s][debug][gc,phases      ] GC(14)     Dead                           Min: 0, Avg:  0.0, Max: 0, Diff: 0, Sum: 0, Workers: 4
[23.378s][debug][gc,phases      ] GC(14)     Total                          Min: 0, Avg:  0.0, Max: 0, Diff: 0, Sum: 0, Workers: 4
[23.378s][debug][gc,phases      ] GC(14)   StringTable Weak               Min:  0.1, Avg:  0.1, Max:  0.2, Diff:  0.0, Sum:  0.6, Workers: 4
[23.378s][debug][gc,phases      ] GC(14)     Dead                           Min: 0, Avg:  0.0, Max: 0, Diff: 0, Sum: 0, Workers: 4
[23.378s][debug][gc,phases      ] GC(14)     Total                          Min: 11584, Avg: 11999.2, Max: 12416, Diff: 832, Sum: 47997, Workers: 4
[23.378s][debug][gc,phases      ] GC(14)   ResolvedMethodTable Weak       Min:  0.0, Avg:  0.0, Max:  0.0, Diff:  0.0, Sum:  0.1, Workers: 4
[23.378s][debug][gc,phases      ] GC(14)     Dead                           Min: 0, Avg:  0.0, Max: 0, Diff: 0, Sum: 0, Workers: 4
[23.378s][debug][gc,phases      ] GC(14)     Total                          Min: 1973, Avg: 2027.5, Max: 2173, Diff: 200, Sum: 8110, Workers: 4
[23.378s][debug][gc,phases      ] GC(14)   JNI Weak                       Min:  0.0, Avg:  0.0, Max:  0.0, Diff:  0.0, Sum:  0.0, Workers: 4
[23.378s][debug][gc,phases      ] GC(14)     Dead                           Min: 0, Avg:  0.0, Max: 0, Diff: 0, Sum: 0, Workers: 4
[23.378s][debug][gc,phases      ] GC(14)     Total                          Min: 0, Avg:  4.2, Max: 17, Diff: 17, Sum: 17, Workers: 4
[23.378s][debug][gc,phases      ] GC(14)   StringDedup Table Weak         Min:  0.0, Avg:  0.0, Max:  0.0, Diff:  0.0, Sum:  0.0, Workers: 4
[23.378s][debug][gc,phases      ] GC(14)     Dead                           Min: 0, Avg:  0.0, Max: 0, Diff: 0, Sum: 0, Workers: 4
[23.378s][debug][gc,phases      ] GC(14)     Total                          Min: 0, Avg:  0.0, Max: 0, Diff: 0, Sum: 0, Workers: 4
[23.378s][debug][gc,phases      ] GC(14)   StringDedup Requests0 Weak     Min:  0.0, Avg:  0.0, Max:  0.0, Diff:  0.0, Sum:  0.0, Workers: 4
[23.378s][debug][gc,phases      ] GC(14)     Dead                           Min: 0, Avg:  0.0, Max: 0, Diff: 0, Sum: 0, Workers: 4
[23.378s][debug][gc,phases      ] GC(14)     Total                          Min: 0, Avg:  0.0, Max: 0, Diff: 0, Sum: 0, Workers: 4
[23.378s][debug][gc,phases      ] GC(14)   StringDedup Requests1 Weak     Min:  0.0, Avg:  0.0, Max:  0.0, Diff:  0.0, Sum:  0.0, Workers: 4
[23.378s][debug][gc,phases      ] GC(14)     Dead                           Min: 0, Avg:  0.0, Max: 0, Diff: 0, Sum: 0, Workers: 4
[23.378s][debug][gc,phases      ] GC(14)     Total                          Min: 0, Avg:  0.0, Max: 0, Diff: 0, Sum: 0, Workers: 4
[23.378s][debug][gc,phases      ] GC(14)   Weak JFR Old Object Samples    Min:  0.0, Avg:  0.0, Max:  0.0, Diff:  0.0, Sum:  0.0, Workers: 4
[23.378s][debug][gc,phases      ] GC(14)     Dead                           Min: 0, Avg:  0.0, Max: 0, Diff: 0, Sum: 0, Workers: 4
[23.378s][debug][gc,phases      ] GC(14)     Total                          Min: 0, Avg:  0.0, Max: 0, Diff: 0, Sum: 0, Workers: 4
[23.378s][debug][gc,phases      ] GC(14) Weak Processing 0.378ms
[23.378s][debug][gc,phases      ] GC(14) ClassLoaderData 0.089ms
[23.378s][debug][gc,phases      ] GC(14) Trigger cleanups 0.000ms
[23.391s][debug][gc,phases      ] GC(14) Class Unloading 12.754ms
[23.391s][info ][gc,phases      ] GC(14) Marking Phase 104.653ms
[23.391s][info ][gc,phases,start] GC(14) Summary Phase
[23.391s][info ][gc,phases      ] GC(14) Summary Phase 0.015ms
[23.391s][info ][gc,phases,start] GC(14) Adjust Roots
[23.401s][info ][gc,phases      ] GC(14) Adjust Roots 9.545ms
[23.401s][info ][gc,phases,start] GC(14) Compaction Phase
[23.491s][info ][gc,phases      ] GC(14) Compaction Phase 90.439ms
[23.491s][info ][gc,phases,start] GC(14) Post Compact
[23.492s][info ][gc,phases      ] GC(14) Post Compact 1.150ms
[23.492s][info ][gc,heap        ] GC(14) PSYoungGen: 28234K(1572864K)->0K(1572864K) Eden: 0K(1048576K)->0K(1048576K) From: 28234K(524288K)->0K(524288K)
[23.492s][info ][gc,heap        ] GC(14) ParOldGen: 381856K(470016K)->391831K(569344K)
[23.493s][info ][gc,metaspace   ] GC(14) Metaspace: 81843K(82752K)->81843K(82752K) NonClass: 69998K(70464K)->69998K(70464K) Class: 11845K(12288K)->11845K(12288K)
[23.493s][info ][gc             ] GC(14) Pause Full (Ergonomics) 400M->382M(2092M) 206.100ms
[23.493s][info ][gc,cpu         ] GC(14) User=0.74s Sys=0.00s Real=0.20s
[23.493s][info ][safepoint      ] Safepoint "ParallelGCFailedAllocation", Time since last: 30583267 ns, Reaching safepoint: 131005 ns, At safepoint: 263358155 ns, Total: 263489160 ns
[23.587s][info ][safepoint      ] Safepoint "ICBufferFull", Time since last: 94474506 ns, Reaching safepoint: 147706 ns, At safepoint: 23301 ns, Total: 171007 ns
[23.591s][info ][safepoint      ] Safepoint "ICBufferFull", Time since last: 3240823 ns, Reaching safepoint: 126205 ns, At safepoint: 24801 ns, Total: 151006 ns
[23.598s][info ][safepoint      ] Safepoint "ICBufferFull", Time since last: 7643292 ns, Reaching safepoint: 39301 ns, At safepoint: 8901 ns, Total: 48202 ns
[23.600s][info ][safepoint      ] Safepoint "ICBufferFull", Time since last: 1340151 ns, Reaching safepoint: 96703 ns, At safepoint: 7001 ns, Total: 103704 ns
[23.601s][info ][safepoint      ] Safepoint "ICBufferFull", Time since last: 1273048 ns, Reaching safepoint: 63303 ns, At safepoint: 11300 ns, Total: 74603 ns
[23.605s][info ][safepoint      ] Safepoint "ICBufferFull", Time since last: 3569936 ns, Reaching safepoint: 111305 ns, At safepoint: 10100 ns, Total: 121405 ns
[23.606s][info ][safepoint      ] Safepoint "ICBufferFull", Time since last: 1283449 ns, Reaching safepoint: 102804 ns, At safepoint: 13601 ns, Total: 116405 ns
[23.608s][info ][safepoint      ] Safepoint "ICBufferFull", Time since last: 1351751 ns, Reaching safepoint: 87803 ns, At safepoint: 14501 ns, Total: 102304 ns
[23.609s][info ][safepoint      ] Safepoint "ICBufferFull", Time since last: 955737 ns, Reaching safepoint: 79103 ns, At safepoint: 8900 ns, Total: 88003 ns
[23.613s][info ][safepoint      ] Safepoint "ICBufferFull", Time since last: 3704041 ns, Reaching safepoint: 101704 ns, At safepoint: 10701 ns, Total: 112405 ns
[23.614s][info ][safepoint      ] Safepoint "ICBufferFull", Time since last: 972637 ns, Reaching safepoint: 99603 ns, At safepoint: 6601 ns, Total: 106204 ns
[23.625s][info ][safepoint      ] Safepoint "ICBufferFull", Time since last: 11475038 ns, Reaching safepoint: 126205 ns, At safepoint: 29301 ns, Total: 155506 ns
[23.648s][info ][safepoint      ] Safepoint "ICBufferFull", Time since last: 22668665 ns, Reaching safepoint: 140905 ns, At safepoint: 19601 ns, Total: 160506 ns
[23.662s][info ][safepoint      ] Safepoint "ICBufferFull", Time since last: 13556318 ns, Reaching safepoint: 132705 ns, At safepoint: 16600 ns, Total: 149305 ns
[23.663s][info ][safepoint      ] Safepoint "ICBufferFull", Time since last: 1314951 ns, Reaching safepoint: 95303 ns, At safepoint: 14601 ns, Total: 109904 ns
[23.665s][info ][safepoint      ] Safepoint "ICBufferFull", Time since last: 1197445 ns, Reaching safepoint: 181507 ns, At safepoint: 15201 ns, Total: 196708 ns
[23.666s][info ][safepoint      ] Safepoint "ICBufferFull", Time since last: 1254848 ns, Reaching safepoint: 96004 ns, At safepoint: 7800 ns, Total: 103804 ns
[23.666s][info ][safepoint      ] Safepoint "ICBufferFull", Time since last: 43401 ns, Reaching safepoint: 83404 ns, At safepoint: 8900 ns, Total: 92304 ns
[23.666s][info ][safepoint      ] Safepoint "ICBufferFull", Time since last: 27401 ns, Reaching safepoint: 81503 ns, At safepoint: 11801 ns, Total: 93304 ns
[23.667s][info ][safepoint      ] Safepoint "ICBufferFull", Time since last: 1091441 ns, Reaching safepoint: 84904 ns, At safepoint: 11900 ns, Total: 96804 ns
[23.669s][info ][safepoint      ] Safepoint "ICBufferFull", Time since last: 1186045 ns, Reaching safepoint: 88004 ns, At safepoint: 16400 ns, Total: 104404 ns
[23.670s][info ][safepoint      ] Safepoint "ICBufferFull", Time since last: 1192146 ns, Reaching safepoint: 53002 ns, At safepoint: 13700 ns, Total: 66702 ns
[23.671s][info ][safepoint      ] Safepoint "ICBufferFull", Time since last: 1329151 ns, Reaching safepoint: 102704 ns, At safepoint: 17201 ns, Total: 119905 ns
[23.673s][info ][safepoint      ] Safepoint "ICBufferFull", Time since last: 1202045 ns, Reaching safepoint: 105104 ns, At safepoint: 15301 ns, Total: 120405 ns
[23.674s][info ][safepoint      ] Safepoint "ICBufferFull", Time since last: 1171445 ns, Reaching safepoint: 99804 ns, At safepoint: 20800 ns, Total: 120604 ns
[23.674s][info ][safepoint      ] Safepoint "ICBufferFull", Time since last: 34902 ns, Reaching safepoint: 62302 ns, At safepoint: 17101 ns, Total: 79403 ns
[23.675s][info ][safepoint      ] Safepoint "ICBufferFull", Time since last: 1087841 ns, Reaching safepoint: 95904 ns, At safepoint: 16201 ns, Total: 112105 ns
[23.677s][info ][safepoint      ] Safepoint "ICBufferFull", Time since last: 1194045 ns, Reaching safepoint: 101304 ns, At safepoint: 13201 ns, Total: 114505 ns
[23.688s][info ][safepoint      ] Safepoint "ICBufferFull", Time since last: 11453837 ns, Reaching safepoint: 49202 ns, At safepoint: 15000 ns, Total: 64202 ns
[23.689s][info ][safepoint      ] Safepoint "ICBufferFull", Time since last: 1131343 ns, Reaching safepoint: 84704 ns, At safepoint: 19300 ns, Total: 104004 ns
[23.690s][info ][safepoint      ] Safepoint "ICBufferFull", Time since last: 884034 ns, Reaching safepoint: 68803 ns, At safepoint: 18400 ns, Total: 87203 ns
[23.692s][info ][safepoint      ] Safepoint "ICBufferFull", Time since last: 1056741 ns, Reaching safepoint: 101304 ns, At safepoint: 15900 ns, Total: 117204 ns
[23.693s][info ][safepoint      ] Safepoint "ICBufferFull", Time since last: 1136044 ns, Reaching safepoint: 92803 ns, At safepoint: 15401 ns, Total: 108204 ns
[23.694s][info ][safepoint      ] Safepoint "ICBufferFull", Time since last: 993238 ns, Reaching safepoint: 94003 ns, At safepoint: 14701 ns, Total: 108704 ns
[23.697s][info ][safepoint      ] Safepoint "ICBufferFull", Time since last: 2500495 ns, Reaching safepoint: 105004 ns, At safepoint: 17201 ns, Total: 122205 ns
[23.698s][info ][safepoint      ] Safepoint "ICBufferFull", Time since last: 1290949 ns, Reaching safepoint: 111904 ns, At safepoint: 14201 ns, Total: 126105 ns
[23.698s][info ][safepoint      ] Safepoint "ICBufferFull", Time since last: 41602 ns, Reaching safepoint: 83303 ns, At safepoint: 9700 ns, Total: 93003 ns
[23.739s][info ][safepoint      ] Safepoint "ICBufferFull", Time since last: 40830459 ns, Reaching safepoint: 123504 ns, At safepoint: 13501 ns, Total: 137005 ns
[23.740s][info ][safepoint      ] Safepoint "ICBufferFull", Time since last: 1265248 ns, Reaching safepoint: 102704 ns, At safepoint: 15501 ns, Total: 118205 ns
[23.761s][info ][gc,start       ] GC(15) Pause Young (Allocation Failure)
[23.774s][debug][gc,phases      ] GC(15) Scavenge 12.728ms
[23.774s][debug][gc,ref         ] GC(15) Skipped phase 1 of Reference Processing: no references
[23.774s][debug][gc,ref         ] GC(15) ReferenceProcessor::execute queues: 1, RefProcThreadModel::Single, marks_oops_alive: false
[23.774s][debug][gc,ref         ] GC(15) Skipped phase 3 of Reference Processing: no references
[23.774s][debug][gc,ref         ] GC(15) ReferenceProcessor::execute queues: 1, RefProcThreadModel::Single, marks_oops_alive: false
[23.774s][debug][gc,phases      ] GC(15) Reference Processing 0.118ms
[23.774s][debug][gc,phases      ] GC(15)   VM Weak                        Min:  0.0, Avg:  0.0, Max:  0.0, Diff:  0.0, Sum:  0.0, Workers: 4
[23.774s][debug][gc,phases      ] GC(15)     Dead                           Min: 0, Avg:  0.0, Max: 0, Diff: 0, Sum: 0, Workers: 4
[23.774s][debug][gc,phases      ] GC(15)     Total                          Min: 0, Avg: 172.8, Max: 425, Diff: 425, Sum: 691, Workers: 4
[23.774s][debug][gc,phases      ] GC(15)   ObjectSynchronizer Weak        Min:  0.0, Avg:  0.0, Max:  0.0, Diff:  0.0, Sum:  0.0, Workers: 4
[23.774s][debug][gc,phases      ] GC(15)     Dead                           Min: 0, Avg:  0.0, Max: 0, Diff: 0, Sum: 0, Workers: 4
[23.774s][debug][gc,phases      ] GC(15)     Total                          Min: 0, Avg: 26.2, Max: 64, Diff: 64, Sum: 105, Workers: 4
[23.774s][debug][gc,phases      ] GC(15)   JVMTI Tag Weak OopStorage      Min:  0.0, Avg:  0.0, Max:  0.0, Diff:  0.0, Sum:  0.0, Workers: 4
[23.774s][debug][gc,phases      ] GC(15)     Dead                           Min: 0, Avg:  0.0, Max: 0, Diff: 0, Sum: 0, Workers: 4
[23.774s][debug][gc,phases      ] GC(15)     Total                          Min: 0, Avg:  0.0, Max: 0, Diff: 0, Sum: 0, Workers: 4
[23.774s][debug][gc,phases      ] GC(15)   StringTable Weak               Min:  0.1, Avg:  0.1, Max:  0.1, Diff:  0.0, Sum:  0.5, Workers: 4
[23.774s][debug][gc,phases      ] GC(15)     Dead                           Min: 0, Avg:  0.2, Max: 1, Diff: 1, Sum: 1, Workers: 4
[23.774s][debug][gc,phases      ] GC(15)     Total                          Min: 11391, Avg: 12003.5, Max: 12751, Diff: 1360, Sum: 48014, Workers: 4
[23.774s][debug][gc,phases      ] GC(15)   ResolvedMethodTable Weak       Min:  0.0, Avg:  0.0, Max:  0.0, Diff:  0.0, Sum:  0.1, Workers: 4
[23.774s][debug][gc,phases      ] GC(15)     Dead                           Min: 0, Avg:  0.0, Max: 0, Diff: 0, Sum: 0, Workers: 4
[23.774s][debug][gc,phases      ] GC(15)     Total                          Min: 1930, Avg: 2031.8, Max: 2222, Diff: 292, Sum: 8127, Workers: 4
[23.774s][debug][gc,phases      ] GC(15)   JNI Weak                       Min:  0.0, Avg:  0.0, Max:  0.0, Diff:  0.0, Sum:  0.0, Workers: 4
[23.774s][debug][gc,phases      ] GC(15)     Dead                           Min: 0, Avg:  0.0, Max: 0, Diff: 0, Sum: 0, Workers: 4
[23.774s][debug][gc,phases      ] GC(15)     Total                          Min: 0, Avg:  4.8, Max: 19, Diff: 19, Sum: 19, Workers: 4
[23.774s][debug][gc,phases      ] GC(15)   StringDedup Table Weak         Min:  0.0, Avg:  0.0, Max:  0.0, Diff:  0.0, Sum:  0.0, Workers: 4
[23.774s][debug][gc,phases      ] GC(15)     Dead                           Min: 0, Avg:  0.0, Max: 0, Diff: 0, Sum: 0, Workers: 4
[23.774s][debug][gc,phases      ] GC(15)     Total                          Min: 0, Avg:  0.0, Max: 0, Diff: 0, Sum: 0, Workers: 4
[23.774s][debug][gc,phases      ] GC(15)   StringDedup Requests0 Weak     Min:  0.0, Avg:  0.0, Max:  0.0, Diff:  0.0, Sum:  0.0, Workers: 4
[23.774s][debug][gc,phases      ] GC(15)     Dead                           Min: 0, Avg:  0.0, Max: 0, Diff: 0, Sum: 0, Workers: 4
[23.774s][debug][gc,phases      ] GC(15)     Total                          Min: 0, Avg:  0.0, Max: 0, Diff: 0, Sum: 0, Workers: 4
[23.774s][debug][gc,phases      ] GC(15)   StringDedup Requests1 Weak     Min:  0.0, Avg:  0.0, Max:  0.0, Diff:  0.0, Sum:  0.0, Workers: 4
[23.774s][debug][gc,phases      ] GC(15)     Dead                           Min: 0, Avg:  0.0, Max: 0, Diff: 0, Sum: 0, Workers: 4
[23.774s][debug][gc,phases      ] GC(15)     Total                          Min: 0, Avg:  0.0, Max: 0, Diff: 0, Sum: 0, Workers: 4
[23.774s][debug][gc,phases      ] GC(15)   Weak JFR Old Object Samples    Min:  0.0, Avg:  0.0, Max:  0.0, Diff:  0.0, Sum:  0.0, Workers: 4
[23.774s][debug][gc,phases      ] GC(15)     Dead                           Min: 0, Avg:  0.0, Max: 0, Diff: 0, Sum: 0, Workers: 4
[23.774s][debug][gc,phases      ] GC(15)     Total                          Min: 0, Avg:  0.0, Max: 0, Diff: 0, Sum: 0, Workers: 4
[23.774s][debug][gc,phases      ] GC(15) Weak Processing 0.335ms
[23.774s][debug][gc,age         ] GC(15) Desired survivor size 536870912 bytes, new threshold 2 (max threshold 15)
[23.774s][info ][gc,heap        ] GC(15) PSYoungGen: 1048576K(1572864K)->15466K(1572864K) Eden: 1048576K(1048576K)->0K(1048576K) From: 0K(524288K)->15466K(524288K)
[23.774s][info ][gc,heap        ] GC(15) ParOldGen: 391831K(569344K)->391831K(569344K)
[23.774s][info ][gc,metaspace   ] GC(15) Metaspace: 81861K(82752K)->81861K(82752K) NonClass: 70010K(70464K)->70010K(70464K) Class: 11850K(12288K)->11850K(12288K)
[23.774s][info ][gc             ] GC(15) Pause Young (Allocation Failure) 1406M->397M(2092M) 13.320ms
[23.774s][info ][gc,cpu         ] GC(15) User=0.06s Sys=0.01s Real=0.02s
[23.775s][info ][safepoint      ] Safepoint "ParallelGCFailedAllocation", Time since last: 20602786 ns, Reaching safepoint: 109904 ns, At safepoint: 13420513 ns, Total: 13530417 ns
[23.795s][info ][safepoint      ] Safepoint "ICBufferFull", Time since last: 20677689 ns, Reaching safepoint: 58902 ns, At safepoint: 17401 ns, Total: 76303 ns
[23.797s][info ][safepoint      ] Safepoint "ICBufferFull", Time since last: 1192946 ns, Reaching safepoint: 103003 ns, At safepoint: 15901 ns, Total: 118904 ns
[23.797s][info ][safepoint      ] Safepoint "ICBufferFull", Time since last: 44102 ns, Reaching safepoint: 87403 ns, At safepoint: 14901 ns, Total: 102304 ns
[23.798s][info ][safepoint      ] Safepoint "ICBufferFull", Time since last: 1073441 ns, Reaching safepoint: 126504 ns, At safepoint: 16301 ns, Total: 142805 ns
[24.020s][info ][gc,start       ] GC(16) Pause Young (Allocation Failure)
[24.038s][debug][gc,phases      ] GC(16) Scavenge 17.869ms
[24.038s][debug][gc,ref         ] GC(16) Skipped phase 1 of Reference Processing: no references
[24.038s][debug][gc,ref         ] GC(16) ReferenceProcessor::execute queues: 1, RefProcThreadModel::Single, marks_oops_alive: false
[24.038s][debug][gc,ref         ] GC(16) Skipped phase 3 of Reference Processing: no references
[24.038s][debug][gc,ref         ] GC(16) ReferenceProcessor::execute queues: 1, RefProcThreadModel::Single, marks_oops_alive: false
[24.038s][debug][gc,phases      ] GC(16) Reference Processing 0.110ms
[24.038s][debug][gc,phases      ] GC(16)   VM Weak                        Min:  0.0, Avg:  0.0, Max:  0.0, Diff:  0.0, Sum:  0.0, Workers: 4
[24.038s][debug][gc,phases      ] GC(16)     Dead                           Min: 0, Avg:  0.0, Max: 0, Diff: 0, Sum: 0, Workers: 4
[24.038s][debug][gc,phases      ] GC(16)     Total                          Min: 0, Avg: 172.8, Max: 681, Diff: 681, Sum: 691, Workers: 4
[24.038s][debug][gc,phases      ] GC(16)   ObjectSynchronizer Weak        Min:  0.0, Avg:  0.0, Max:  0.0, Diff:  0.0, Sum:  0.0, Workers: 4
[24.038s][debug][gc,phases      ] GC(16)     Dead                           Min: 0, Avg:  0.0, Max: 0, Diff: 0, Sum: 0, Workers: 4
[24.038s][debug][gc,phases      ] GC(16)     Total                          Min: 0, Avg: 31.2, Max: 64, Diff: 64, Sum: 125, Workers: 4
[24.038s][debug][gc,phases      ] GC(16)   JVMTI Tag Weak OopStorage      Min:  0.0, Avg:  0.0, Max:  0.0, Diff:  0.0, Sum:  0.0, Workers: 4
[24.038s][debug][gc,phases      ] GC(16)     Dead                           Min: 0, Avg:  0.0, Max: 0, Diff: 0, Sum: 0, Workers: 4
[24.038s][debug][gc,phases      ] GC(16)     Total                          Min: 0, Avg:  0.0, Max: 0, Diff: 0, Sum: 0, Workers: 4
[24.038s][debug][gc,phases      ] GC(16)   StringTable Weak               Min:  0.1, Avg:  0.1, Max:  0.1, Diff:  0.0, Sum:  0.4, Workers: 4
[24.038s][debug][gc,phases      ] GC(16)     Dead                           Min: 0, Avg:  0.0, Max: 0, Diff: 0, Sum: 0, Workers: 4
[24.038s][debug][gc,phases      ] GC(16)     Total                          Min: 10496, Avg: 12006.2, Max: 13248, Diff: 2752, Sum: 48025, Workers: 4
[24.038s][debug][gc,phases      ] GC(16)   ResolvedMethodTable Weak       Min:  0.0, Avg:  0.0, Max:  0.0, Diff:  0.0, Sum:  0.1, Workers: 4
[24.038s][debug][gc,phases      ] GC(16)     Dead                           Min: 0, Avg:  1.2, Max: 5, Diff: 5, Sum: 5, Workers: 4
[24.038s][debug][gc,phases      ] GC(16)     Total                          Min: 1781, Avg: 2035.2, Max: 2254, Diff: 473, Sum: 8141, Workers: 4
[24.038s][debug][gc,phases      ] GC(16)   JNI Weak                       Min:  0.0, Avg:  0.0, Max:  0.0, Diff:  0.0, Sum:  0.0, Workers: 4
[24.038s][debug][gc,phases      ] GC(16)     Dead                           Min: 0, Avg:  0.0, Max: 0, Diff: 0, Sum: 0, Workers: 4
[24.038s][debug][gc,phases      ] GC(16)     Total                          Min: 0, Avg:  4.0, Max: 16, Diff: 16, Sum: 16, Workers: 4
[24.038s][debug][gc,phases      ] GC(16)   StringDedup Table Weak         Min:  0.0, Avg:  0.0, Max:  0.0, Diff:  0.0, Sum:  0.0, Workers: 4
[24.038s][debug][gc,phases      ] GC(16)     Dead                           Min: 0, Avg:  0.0, Max: 0, Diff: 0, Sum: 0, Workers: 4
[24.038s][debug][gc,phases      ] GC(16)     Total                          Min: 0, Avg:  0.0, Max: 0, Diff: 0, Sum: 0, Workers: 4
[24.038s][debug][gc,phases      ] GC(16)   StringDedup Requests0 Weak     Min:  0.0, Avg:  0.0, Max:  0.0, Diff:  0.0, Sum:  0.0, Workers: 4
[24.038s][debug][gc,phases      ] GC(16)     Dead                           Min: 0, Avg:  0.0, Max: 0, Diff: 0, Sum: 0, Workers: 4
[24.038s][debug][gc,phases      ] GC(16)     Total                          Min: 0, Avg:  0.0, Max: 0, Diff: 0, Sum: 0, Workers: 4
[24.038s][debug][gc,phases      ] GC(16)   StringDedup Requests1 Weak     Min:  0.0, Avg:  0.0, Max:  0.0, Diff:  0.0, Sum:  0.0, Workers: 4
[24.038s][debug][gc,phases      ] GC(16)     Dead                           Min: 0, Avg:  0.0, Max: 0, Diff: 0, Sum: 0, Workers: 4
[24.038s][debug][gc,phases      ] GC(16)     Total                          Min: 0, Avg:  0.0, Max: 0, Diff: 0, Sum: 0, Workers: 4
[24.038s][debug][gc,phases      ] GC(16)   Weak JFR Old Object Samples    Min:  0.0, Avg:  0.0, Max:  0.0, Diff:  0.0, Sum:  0.0, Workers: 4
[24.039s][debug][gc,phases      ] GC(16)     Dead                           Min: 0, Avg:  0.0, Max: 0, Diff: 0, Sum: 0, Workers: 4
[24.039s][debug][gc,phases      ] GC(16)     Total                          Min: 0, Avg:  0.0, Max: 0, Diff: 0, Sum: 0, Workers: 4
[24.039s][debug][gc,phases      ] GC(16) Weak Processing 0.310ms
[24.039s][debug][gc,age         ] GC(16) Desired survivor size 536870912 bytes, new threshold 1 (max threshold 15)
[24.039s][info ][gc,heap        ] GC(16) PSYoungGen: 1064042K(1572864K)->26426K(1572864K) Eden: 1048576K(1048576K)->0K(1048576K) From: 15466K(524288K)->26426K(524288K)
[24.039s][info ][gc,heap        ] GC(16) ParOldGen: 391831K(569344K)->391839K(569344K)
[24.039s][info ][gc,metaspace   ] GC(16) Metaspace: 81921K(82816K)->81921K(82816K) NonClass: 70062K(70528K)->70062K(70528K) Class: 11859K(12288K)->11859K(12288K)
[24.039s][info ][gc             ] GC(16) Pause Young (Allocation Failure) 1421M->408M(2092M) 18.435ms
[24.039s][info ][gc,cpu         ] GC(16) User=0.07s Sys=0.00s Real=0.02s
[24.039s][info ][safepoint      ] Safepoint "ParallelGCFailedAllocation", Time since last: 221930272 ns, Reaching safepoint: 192207 ns, At safepoint: 18537408 ns, Total: 18729615 ns
[24.319s][info ][safepoint      ] Safepoint "ICBufferFull", Time since last: 280293199 ns, Reaching safepoint: 249410 ns, At safepoint: 9000 ns, Total: 258410 ns
[24.728s][info ][safepoint      ] Safepoint "ICBufferFull", Time since last: 408834703 ns, Reaching safepoint: 165807 ns, At safepoint: 5000 ns, Total: 170807 ns
[25.017s][info ][safepoint      ] Safepoint "ICBufferFull", Time since last: 288090794 ns, Reaching safepoint: 254210 ns, At safepoint: 27601 ns, Total: 281811 ns
[25.564s][info ][safepoint      ] Safepoint "ICBufferFull", Time since last: 546898070 ns, Reaching safepoint: 275010 ns, At safepoint: 7701 ns, Total: 282711 ns
[26.265s][info ][safepoint      ] Safepoint "ICBufferFull", Time since last: 701501366 ns, Reaching safepoint: 193007 ns, At safepoint: 9400 ns, Total: 202407 ns
[26.711s][info ][gc,start       ] GC(17) Pause Young (Allocation Failure)
[26.743s][debug][gc,phases      ] GC(17) Scavenge 32.332ms
[26.743s][debug][gc,ref         ] GC(17) Skipped phase 1 of Reference Processing: no references
[26.743s][debug][gc,ref         ] GC(17) ReferenceProcessor::execute queues: 1, RefProcThreadModel::Single, marks_oops_alive: false
[26.743s][debug][gc,ref         ] GC(17) Skipped phase 3 of Reference Processing: no references
[26.743s][debug][gc,ref         ] GC(17) ReferenceProcessor::execute queues: 1, RefProcThreadModel::Single, marks_oops_alive: false
[26.743s][debug][gc,phases      ] GC(17) Reference Processing 0.151ms
[26.744s][debug][gc,phases      ] GC(17)   VM Weak                        Min:  0.0, Avg:  0.0, Max:  0.0, Diff:  0.0, Sum:  0.0, Workers: 4
[26.744s][debug][gc,phases      ] GC(17)     Dead                           Min: 0, Avg:  0.0, Max: 0, Diff: 0, Sum: 0, Workers: 4
[26.744s][debug][gc,phases      ] GC(17)     Total                          Min: 0, Avg: 174.2, Max: 569, Diff: 569, Sum: 697, Workers: 4
[26.744s][debug][gc,phases      ] GC(17)   ObjectSynchronizer Weak        Min:  0.0, Avg:  0.0, Max:  0.0, Diff:  0.0, Sum:  0.0, Workers: 4
[26.744s][debug][gc,phases      ] GC(17)     Dead                           Min: 0, Avg:  0.0, Max: 0, Diff: 0, Sum: 0, Workers: 4
[26.744s][debug][gc,phases      ] GC(17)     Total                          Min: 0, Avg: 31.2, Max: 125, Diff: 125, Sum: 125, Workers: 4
[26.744s][debug][gc,phases      ] GC(17)   JVMTI Tag Weak OopStorage      Min:  0.0, Avg:  0.0, Max:  0.0, Diff:  0.0, Sum:  0.0, Workers: 4
[26.744s][debug][gc,phases      ] GC(17)     Dead                           Min: 0, Avg:  0.0, Max: 0, Diff: 0, Sum: 0, Workers: 4
[26.744s][debug][gc,phases      ] GC(17)     Total                          Min: 0, Avg:  0.0, Max: 0, Diff: 0, Sum: 0, Workers: 4
[26.744s][debug][gc,phases      ] GC(17)   StringTable Weak               Min:  0.1, Avg:  0.1, Max:  0.1, Diff:  0.0, Sum:  0.5, Workers: 4
[26.744s][debug][gc,phases      ] GC(17)     Dead                           Min: 0, Avg:  0.0, Max: 0, Diff: 0, Sum: 0, Workers: 4
[26.744s][debug][gc,phases      ] GC(17)     Total                          Min: 10944, Avg: 12041.0, Max: 12992, Diff: 2048, Sum: 48164, Workers: 4
[26.744s][debug][gc,phases      ] GC(17)   ResolvedMethodTable Weak       Min:  0.0, Avg:  0.0, Max:  0.0, Diff:  0.0, Sum:  0.1, Workers: 4
[26.744s][debug][gc,phases      ] GC(17)     Dead                           Min: 0, Avg:  0.2, Max: 1, Diff: 1, Sum: 1, Workers: 4
[26.744s][debug][gc,phases      ] GC(17)     Total                          Min: 1781, Avg: 2052.5, Max: 2336, Diff: 555, Sum: 8210, Workers: 4
[26.744s][debug][gc,phases      ] GC(17)   JNI Weak                       Min:  0.0, Avg:  0.0, Max:  0.0, Diff:  0.0, Sum:  0.0, Workers: 4
[26.744s][debug][gc,phases      ] GC(17)     Dead                           Min: 0, Avg:  0.0, Max: 0, Diff: 0, Sum: 0, Workers: 4
[26.744s][debug][gc,phases      ] GC(17)     Total                          Min: 0, Avg:  0.2, Max: 1, Diff: 1, Sum: 1, Workers: 4
[26.744s][debug][gc,phases      ] GC(17)   StringDedup Table Weak         Min:  0.0, Avg:  0.0, Max:  0.0, Diff:  0.0, Sum:  0.0, Workers: 4
[26.744s][debug][gc,phases      ] GC(17)     Dead                           Min: 0, Avg:  0.0, Max: 0, Diff: 0, Sum: 0, Workers: 4
[26.744s][debug][gc,phases      ] GC(17)     Total                          Min: 0, Avg:  0.0, Max: 0, Diff: 0, Sum: 0, Workers: 4
[26.744s][debug][gc,phases      ] GC(17)   StringDedup Requests0 Weak     Min:  0.0, Avg:  0.0, Max:  0.0, Diff:  0.0, Sum:  0.0, Workers: 4
[26.744s][debug][gc,phases      ] GC(17)     Dead                           Min: 0, Avg:  0.0, Max: 0, Diff: 0, Sum: 0, Workers: 4
[26.744s][debug][gc,phases      ] GC(17)     Total                          Min: 0, Avg:  0.0, Max: 0, Diff: 0, Sum: 0, Workers: 4
[26.744s][debug][gc,phases      ] GC(17)   StringDedup Requests1 Weak     Min:  0.0, Avg:  0.0, Max:  0.0, Diff:  0.0, Sum:  0.0, Workers: 4
[26.744s][debug][gc,phases      ] GC(17)     Dead                           Min: 0, Avg:  0.0, Max: 0, Diff: 0, Sum: 0, Workers: 4
[26.744s][debug][gc,phases      ] GC(17)     Total                          Min: 0, Avg:  0.0, Max: 0, Diff: 0, Sum: 0, Workers: 4
[26.744s][debug][gc,phases      ] GC(17)   Weak JFR Old Object Samples    Min:  0.0, Avg:  0.0, Max:  0.0, Diff:  0.0, Sum:  0.0, Workers: 4
[26.744s][debug][gc,phases      ] GC(17)     Dead                           Min: 0, Avg:  0.0, Max: 0, Diff: 0, Sum: 0, Workers: 4
[26.744s][debug][gc,phases      ] GC(17)     Total                          Min: 0, Avg:  0.0, Max: 0, Diff: 0, Sum: 0, Workers: 4
[26.744s][debug][gc,phases      ] GC(17) Weak Processing 0.399ms
[26.744s][debug][gc,age         ] GC(17) Desired survivor size 536870912 bytes, new threshold 1 (max threshold 15)
[26.744s][info ][gc,heap        ] GC(17) PSYoungGen: 1075002K(1572864K)->13695K(1572864K) Eden: 1048576K(1048576K)->0K(1048576K) From: 26426K(524288K)->13695K(524288K)
[26.744s][info ][gc,heap        ] GC(17) ParOldGen: 391839K(569344K)->416031K(569344K)
[26.744s][info ][gc,metaspace   ] GC(17) Metaspace: 82756K(83584K)->82756K(83584K) NonClass: 70849K(71296K)->70849K(71296K) Class: 11907K(12288K)->11907K(12288K)
[26.744s][info ][gc             ] GC(17) Pause Young (Allocation Failure) 1432M->419M(2092M) 33.027ms
[26.744s][info ][gc,cpu         ] GC(17) User=0.10s Sys=0.03s Real=0.03s
[26.744s][info ][safepoint      ] Safepoint "ParallelGCFailedAllocation", Time since last: 445220284 ns, Reaching safepoint: 108505 ns, At safepoint: 33114063 ns, Total: 33222568 ns
[27.192s][info ][safepoint      ] Safepoint "ICBufferFull", Time since last: 447338364 ns, Reaching safepoint: 246009 ns, At safepoint: 32201 ns, Total: 278210 ns
[27.504s][info ][gc,start       ] GC(18) Pause Young (Allocation Failure)
[27.536s][debug][gc,phases      ] GC(18) Scavenge 32.124ms
[27.536s][debug][gc,ref         ] GC(18) Skipped phase 1 of Reference Processing: no references
[27.536s][debug][gc,ref         ] GC(18) ReferenceProcessor::execute queues: 1, RefProcThreadModel::Single, marks_oops_alive: false
[27.536s][debug][gc,ref         ] GC(18) Skipped phase 3 of Reference Processing: no references
[27.536s][debug][gc,ref         ] GC(18) ReferenceProcessor::execute queues: 1, RefProcThreadModel::Single, marks_oops_alive: false
[27.536s][debug][gc,phases      ] GC(18) Reference Processing 0.119ms
[27.536s][debug][gc,phases      ] GC(18)   VM Weak                        Min:  0.0, Avg:  0.0, Max:  0.0, Diff:  0.0, Sum:  0.0, Workers: 4
[27.536s][debug][gc,phases      ] GC(18)     Dead                           Min: 0, Avg:  0.0, Max: 0, Diff: 0, Sum: 0, Workers: 4
[27.536s][debug][gc,phases      ] GC(18)     Total                          Min: 0, Avg: 175.2, Max: 430, Diff: 430, Sum: 701, Workers: 4
[27.536s][debug][gc,phases      ] GC(18)   ObjectSynchronizer Weak        Min:  0.0, Avg:  0.0, Max:  0.0, Diff:  0.0, Sum:  0.0, Workers: 4
[27.536s][debug][gc,phases      ] GC(18)     Dead                           Min: 2, Avg:  5.8, Max: 10, Diff: 8, Sum: 23, Workers: 4
[27.536s][debug][gc,phases      ] GC(18)     Total                          Min: 128, Avg: 203.0, Max: 319, Diff: 191, Sum: 812, Workers: 4
[27.536s][debug][gc,phases      ] GC(18)   JVMTI Tag Weak OopStorage      Min:  0.0, Avg:  0.0, Max:  0.0, Diff:  0.0, Sum:  0.0, Workers: 4
[27.536s][debug][gc,phases      ] GC(18)     Dead                           Min: 0, Avg:  0.0, Max: 0, Diff: 0, Sum: 0, Workers: 4
[27.536s][debug][gc,phases      ] GC(18)     Total                          Min: 0, Avg:  0.0, Max: 0, Diff: 0, Sum: 0, Workers: 4
[27.536s][debug][gc,phases      ] GC(18)   StringTable Weak               Min:  0.1, Avg:  0.1, Max:  0.1, Diff:  0.0, Sum:  0.5, Workers: 4
[27.536s][debug][gc,phases      ] GC(18)     Dead                           Min: 0, Avg:  0.0, Max: 0, Diff: 0, Sum: 0, Workers: 4
[27.536s][debug][gc,phases      ] GC(18)     Total                          Min: 11329, Avg: 12064.2, Max: 12672, Diff: 1343, Sum: 48257, Workers: 4
[27.536s][debug][gc,phases      ] GC(18)   ResolvedMethodTable Weak       Min:  0.0, Avg:  0.0, Max:  0.0, Diff:  0.0, Sum:  0.1, Workers: 4
[27.536s][debug][gc,phases      ] GC(18)     Dead                           Min: 0, Avg:  4.5, Max: 15, Diff: 15, Sum: 18, Workers: 4
[27.536s][debug][gc,phases      ] GC(18)     Total                          Min: 1809, Avg: 2070.2, Max: 2342, Diff: 533, Sum: 8281, Workers: 4
[27.536s][debug][gc,phases      ] GC(18)   JNI Weak                       Min:  0.0, Avg:  0.0, Max:  0.0, Diff:  0.0, Sum:  0.0, Workers: 4
[27.536s][debug][gc,phases      ] GC(18)     Dead                           Min: 0, Avg:  0.0, Max: 0, Diff: 0, Sum: 0, Workers: 4
[27.536s][debug][gc,phases      ] GC(18)     Total                          Min: 0, Avg:  4.0, Max: 16, Diff: 16, Sum: 16, Workers: 4
[27.536s][debug][gc,phases      ] GC(18)   StringDedup Table Weak         Min:  0.0, Avg:  0.0, Max:  0.0, Diff:  0.0, Sum:  0.0, Workers: 4
[27.536s][debug][gc,phases      ] GC(18)     Dead                           Min: 0, Avg:  0.0, Max: 0, Diff: 0, Sum: 0, Workers: 4
[27.536s][debug][gc,phases      ] GC(18)     Total                          Min: 0, Avg:  0.0, Max: 0, Diff: 0, Sum: 0, Workers: 4
[27.536s][debug][gc,phases      ] GC(18)   StringDedup Requests0 Weak     Min:  0.0, Avg:  0.0, Max:  0.0, Diff:  0.0, Sum:  0.0, Workers: 4
[27.536s][debug][gc,phases      ] GC(18)     Dead                           Min: 0, Avg:  0.0, Max: 0, Diff: 0, Sum: 0, Workers: 4
[27.536s][debug][gc,phases      ] GC(18)     Total                          Min: 0, Avg:  0.0, Max: 0, Diff: 0, Sum: 0, Workers: 4
[27.536s][debug][gc,phases      ] GC(18)   StringDedup Requests1 Weak     Min:  0.0, Avg:  0.0, Max:  0.0, Diff:  0.0, Sum:  0.0, Workers: 4
[27.536s][debug][gc,phases      ] GC(18)     Dead                           Min: 0, Avg:  0.0, Max: 0, Diff: 0, Sum: 0, Workers: 4
[27.536s][debug][gc,phases      ] GC(18)     Total                          Min: 0, Avg:  0.0, Max: 0, Diff: 0, Sum: 0, Workers: 4
[27.536s][debug][gc,phases      ] GC(18)   Weak JFR Old Object Samples    Min:  0.0, Avg:  0.0, Max:  0.0, Diff:  0.0, Sum:  0.0, Workers: 4
[27.536s][debug][gc,phases      ] GC(18)     Dead                           Min: 0, Avg:  0.0, Max: 0, Diff: 0, Sum: 0, Workers: 4
[27.536s][debug][gc,phases      ] GC(18)     Total                          Min: 0, Avg:  0.0, Max: 0, Diff: 0, Sum: 0, Workers: 4
[27.536s][debug][gc,phases      ] GC(18) Weak Processing 0.359ms
[27.536s][debug][gc,age         ] GC(18) Desired survivor size 536870912 bytes, new threshold 1 (max threshold 15)
[27.536s][info ][gc,heap        ] GC(18) PSYoungGen: 1062271K(1572864K)->59173K(1572864K) Eden: 1048576K(1048576K)->0K(1048576K) From: 13695K(524288K)->59173K(524288K)
[27.536s][info ][gc,heap        ] GC(18) ParOldGen: 416031K(569344K)->428722K(569344K)
[27.536s][info ][gc,metaspace   ] GC(18) Metaspace: 82968K(83776K)->82968K(83776K) NonClass: 71034K(71488K)->71034K(71488K) Class: 11933K(12288K)->11933K(12288K)
[27.536s][info ][gc             ] GC(18) Pause Young (Allocation Failure) 1443M->476M(2092M) 32.750ms
[27.536s][info ][gc,cpu         ] GC(18) User=0.14s Sys=0.01s Real=0.04s
[27.536s][info ][safepoint      ] Safepoint "ParallelGCFailedAllocation", Time since last: 311717590 ns, Reaching safepoint: 266710 ns, At safepoint: 32853253 ns, Total: 33119963 ns
[28.016s][info ][gc,start       ] GC(19) Pause Young (Allocation Failure)
[28.058s][debug][gc,phases      ] GC(19) Scavenge 42.618ms
[28.058s][debug][gc,ref         ] GC(19) Skipped phase 1 of Reference Processing: no references
[28.058s][debug][gc,ref         ] GC(19) ReferenceProcessor::execute queues: 1, RefProcThreadModel::Single, marks_oops_alive: false
[28.058s][debug][gc,ref         ] GC(19) Skipped phase 3 of Reference Processing: no references
[28.058s][debug][gc,ref         ] GC(19) ReferenceProcessor::execute queues: 1, RefProcThreadModel::Single, marks_oops_alive: false
[28.058s][debug][gc,phases      ] GC(19) Reference Processing 0.136ms
[28.059s][debug][gc,phases      ] GC(19)   VM Weak                        Min:  0.0, Avg:  0.0, Max:  0.0, Diff:  0.0, Sum:  0.0, Workers: 4
[28.059s][debug][gc,phases      ] GC(19)     Dead                           Min: 0, Avg:  0.0, Max: 0, Diff: 0, Sum: 0, Workers: 4
[28.059s][debug][gc,phases      ] GC(19)     Total                          Min: 0, Avg: 176.2, Max: 434, Diff: 434, Sum: 705, Workers: 4
[28.059s][debug][gc,phases      ] GC(19)   ObjectSynchronizer Weak        Min:  0.0, Avg:  0.0, Max:  0.0, Diff:  0.0, Sum:  0.1, Workers: 4
[28.059s][debug][gc,phases      ] GC(19)     Dead                           Min: 1, Avg:  4.5, Max: 10, Diff: 9, Sum: 18, Workers: 4
[28.059s][debug][gc,phases      ] GC(19)     Total                          Min: 256, Avg: 321.8, Max: 448, Diff: 192, Sum: 1287, Workers: 4
[28.059s][debug][gc,phases      ] GC(19)   JVMTI Tag Weak OopStorage      Min:  0.0, Avg:  0.0, Max:  0.0, Diff:  0.0, Sum:  0.0, Workers: 4
[28.059s][debug][gc,phases      ] GC(19)     Dead                           Min: 0, Avg:  0.0, Max: 0, Diff: 0, Sum: 0, Workers: 4
[28.059s][debug][gc,phases      ] GC(19)     Total                          Min: 0, Avg:  0.0, Max: 0, Diff: 0, Sum: 0, Workers: 4
[28.059s][debug][gc,phases      ] GC(19)   StringTable Weak               Min:  0.1, Avg:  0.1, Max:  0.1, Diff:  0.0, Sum:  0.5, Workers: 4
[28.059s][debug][gc,phases      ] GC(19)     Dead                           Min: 0, Avg:  0.2, Max: 1, Diff: 1, Sum: 1, Workers: 4
[28.059s][debug][gc,phases      ] GC(19)     Total                          Min: 11200, Avg: 12070.2, Max: 12634, Diff: 1434, Sum: 48281, Workers: 4
[28.059s][debug][gc,phases      ] GC(19)   ResolvedMethodTable Weak       Min:  0.0, Avg:  0.0, Max:  0.0, Diff:  0.0, Sum:  0.1, Workers: 4
[28.059s][debug][gc,phases      ] GC(19)     Dead                           Min: 0, Avg:  0.8, Max: 3, Diff: 3, Sum: 3, Workers: 4
[28.059s][debug][gc,phases      ] GC(19)     Total                          Min: 1888, Avg: 2080.5, Max: 2235, Diff: 347, Sum: 8322, Workers: 4
[28.059s][debug][gc,phases      ] GC(19)   JNI Weak                       Min:  0.0, Avg:  0.0, Max:  0.0, Diff:  0.0, Sum:  0.0, Workers: 4
[28.059s][debug][gc,phases      ] GC(19)     Dead                           Min: 0, Avg:  0.0, Max: 0, Diff: 0, Sum: 0, Workers: 4
[28.059s][debug][gc,phases      ] GC(19)     Total                          Min: 0, Avg:  2.0, Max: 8, Diff: 8, Sum: 8, Workers: 4
[28.059s][debug][gc,phases      ] GC(19)   StringDedup Table Weak         Min:  0.0, Avg:  0.0, Max:  0.0, Diff:  0.0, Sum:  0.0, Workers: 4
[28.059s][debug][gc,phases      ] GC(19)     Dead                           Min: 0, Avg:  0.0, Max: 0, Diff: 0, Sum: 0, Workers: 4
[28.059s][debug][gc,phases      ] GC(19)     Total                          Min: 0, Avg:  0.0, Max: 0, Diff: 0, Sum: 0, Workers: 4
[28.059s][debug][gc,phases      ] GC(19)   StringDedup Requests0 Weak     Min:  0.0, Avg:  0.0, Max:  0.0, Diff:  0.0, Sum:  0.0, Workers: 4
[28.059s][debug][gc,phases      ] GC(19)     Dead                           Min: 0, Avg:  0.0, Max: 0, Diff: 0, Sum: 0, Workers: 4
[28.059s][debug][gc,phases      ] GC(19)     Total                          Min: 0, Avg:  0.0, Max: 0, Diff: 0, Sum: 0, Workers: 4
[28.059s][debug][gc,phases      ] GC(19)   StringDedup Requests1 Weak     Min:  0.0, Avg:  0.0, Max:  0.0, Diff:  0.0, Sum:  0.0, Workers: 4
[28.059s][debug][gc,phases      ] GC(19)     Dead                           Min: 0, Avg:  0.0, Max: 0, Diff: 0, Sum: 0, Workers: 4
[28.059s][debug][gc,phases      ] GC(19)     Total                          Min: 0, Avg:  0.0, Max: 0, Diff: 0, Sum: 0, Workers: 4
[28.059s][debug][gc,phases      ] GC(19)   Weak JFR Old Object Samples    Min:  0.0, Avg:  0.0, Max:  0.0, Diff:  0.0, Sum:  0.0, Workers: 4
[28.059s][debug][gc,phases      ] GC(19)     Dead                           Min: 0, Avg:  0.0, Max: 0, Diff: 0, Sum: 0, Workers: 4
[28.059s][debug][gc,phases      ] GC(19)     Total                          Min: 0, Avg:  0.0, Max: 0, Diff: 0, Sum: 0, Workers: 4
[28.059s][debug][gc,phases      ] GC(19) Weak Processing 0.357ms
[28.059s][debug][gc,age         ] GC(19) Desired survivor size 536870912 bytes, new threshold 1 (max threshold 15)
[28.059s][info ][gc,heap        ] GC(19) PSYoungGen: 1107749K(1572864K)->22655K(1572864K) Eden: 1048576K(1048576K)->0K(1048576K) From: 59173K(524288K)->22655K(524288K)
[28.059s][info ][gc,heap        ] GC(19) ParOldGen: 428722K(569344K)->484533K(569344K)
[28.059s][info ][gc,metaspace   ] GC(19) Metaspace: 83126K(83968K)->83126K(83968K) NonClass: 71164K(71616K)->71164K(71616K) Class: 11961K(12352K)->11961K(12352K)
[28.059s][info ][gc             ] GC(19) Pause Young (Allocation Failure) 1500M->495M(2092M) 43.252ms
[28.059s][info ][gc,cpu         ] GC(19) User=0.15s Sys=0.02s Real=0.04s
[28.059s][debug][gc,phases      ] GC(20) Pre Compact 0.015ms
[28.059s][info ][gc,start       ] GC(20) Pause Full (Ergonomics)
[28.059s][info ][gc,phases,start] GC(20) Marking Phase
[28.173s][debug][gc,phases      ] GC(20) Par Mark 114.426ms
[28.174s][debug][gc,ref         ] GC(20) Skipped phase 1 of Reference Processing: no references
[28.174s][debug][gc,ref         ] GC(20) ReferenceProcessor::execute queues: 4, RefProcThreadModel::Multi, marks_oops_alive: false
[28.174s][debug][gc,ref         ] GC(20) Skipped phase 3 of Reference Processing: no references
[28.174s][debug][gc,ref         ] GC(20) ReferenceProcessor::execute queues: 1, RefProcThreadModel::Single, marks_oops_alive: false
[28.174s][debug][gc,phases      ] GC(20) Reference Processing 0.430ms
[28.174s][debug][gc,phases      ] GC(20)   VM Weak                        Min:  0.0, Avg:  0.0, Max:  0.0, Diff:  0.0, Sum:  0.0, Workers: 4
[28.174s][debug][gc,phases      ] GC(20)     Dead                           Min: 0, Avg:  0.0, Max: 0, Diff: 0, Sum: 0, Workers: 4
[28.174s][debug][gc,phases      ] GC(20)     Total                          Min: 0, Avg: 176.2, Max: 498, Diff: 498, Sum: 705, Workers: 4
[28.174s][debug][gc,phases      ] GC(20)   ObjectSynchronizer Weak        Min:  0.0, Avg:  0.0, Max:  0.0, Diff:  0.0, Sum:  0.0, Workers: 4
[28.174s][debug][gc,phases      ] GC(20)     Dead                           Min: 0, Avg:  1.0, Max: 4, Diff: 4, Sum: 4, Workers: 4
[28.174s][debug][gc,phases      ] GC(20)     Total                          Min: 192, Avg: 321.8, Max: 384, Diff: 192, Sum: 1287, Workers: 4
[28.174s][debug][gc,phases      ] GC(20)   JVMTI Tag Weak OopStorage      Min:  0.0, Avg:  0.0, Max:  0.0, Diff:  0.0, Sum:  0.0, Workers: 4
[28.174s][debug][gc,phases      ] GC(20)     Dead                           Min: 0, Avg:  0.0, Max: 0, Diff: 0, Sum: 0, Workers: 4
[28.174s][debug][gc,phases      ] GC(20)     Total                          Min: 0, Avg:  0.0, Max: 0, Diff: 0, Sum: 0, Workers: 4
[28.174s][debug][gc,phases      ] GC(20)   StringTable Weak               Min:  0.2, Avg:  0.2, Max:  0.2, Diff:  0.0, Sum:  0.6, Workers: 4
[28.174s][debug][gc,phases      ] GC(20)     Dead                           Min: 0, Avg:  0.0, Max: 0, Diff: 0, Sum: 0, Workers: 4
[28.174s][debug][gc,phases      ] GC(20)     Total                          Min: 10368, Avg: 12070.2, Max: 14105, Diff: 3737, Sum: 48281, Workers: 4
[28.174s][debug][gc,phases      ] GC(20)   ResolvedMethodTable Weak       Min:  0.0, Avg:  0.0, Max:  0.0, Diff:  0.0, Sum:  0.1, Workers: 4
[28.174s][debug][gc,phases      ] GC(20)     Dead                           Min: 0, Avg:  0.0, Max: 0, Diff: 0, Sum: 0, Workers: 4
[28.174s][debug][gc,phases      ] GC(20)     Total                          Min: 1880, Avg: 2080.5, Max: 2330, Diff: 450, Sum: 8322, Workers: 4
[28.174s][debug][gc,phases      ] GC(20)   JNI Weak                       Min:  0.0, Avg:  0.0, Max:  0.0, Diff:  0.0, Sum:  0.0, Workers: 4
[28.174s][debug][gc,phases      ] GC(20)     Dead                           Min: 0, Avg:  0.0, Max: 0, Diff: 0, Sum: 0, Workers: 4
[28.174s][debug][gc,phases      ] GC(20)     Total                          Min: 0, Avg:  2.0, Max: 8, Diff: 8, Sum: 8, Workers: 4
[28.174s][debug][gc,phases      ] GC(20)   StringDedup Table Weak         Min:  0.0, Avg:  0.0, Max:  0.0, Diff:  0.0, Sum:  0.0, Workers: 4
[28.174s][debug][gc,phases      ] GC(20)     Dead                           Min: 0, Avg:  0.0, Max: 0, Diff: 0, Sum: 0, Workers: 4
[28.174s][debug][gc,phases      ] GC(20)     Total                          Min: 0, Avg:  0.0, Max: 0, Diff: 0, Sum: 0, Workers: 4
[28.174s][debug][gc,phases      ] GC(20)   StringDedup Requests0 Weak     Min:  0.0, Avg:  0.0, Max:  0.0, Diff:  0.0, Sum:  0.0, Workers: 4
[28.174s][debug][gc,phases      ] GC(20)     Dead                           Min: 0, Avg:  0.0, Max: 0, Diff: 0, Sum: 0, Workers: 4
[28.174s][debug][gc,phases      ] GC(20)     Total                          Min: 0, Avg:  0.0, Max: 0, Diff: 0, Sum: 0, Workers: 4
[28.174s][debug][gc,phases      ] GC(20)   StringDedup Requests1 Weak     Min:  0.0, Avg:  0.0, Max:  0.0, Diff:  0.0, Sum:  0.0, Workers: 4
[28.174s][debug][gc,phases      ] GC(20)     Dead                           Min: 0, Avg:  0.0, Max: 0, Diff: 0, Sum: 0, Workers: 4
[28.174s][debug][gc,phases      ] GC(20)     Total                          Min: 0, Avg:  0.0, Max: 0, Diff: 0, Sum: 0, Workers: 4
[28.174s][debug][gc,phases      ] GC(20)   Weak JFR Old Object Samples    Min:  0.0, Avg:  0.0, Max:  0.0, Diff:  0.0, Sum:  0.0, Workers: 4
[28.174s][debug][gc,phases      ] GC(20)     Dead                           Min: 0, Avg:  0.0, Max: 0, Diff: 0, Sum: 0, Workers: 4
[28.174s][debug][gc,phases      ] GC(20)     Total                          Min: 0, Avg:  0.0, Max: 0, Diff: 0, Sum: 0, Workers: 4
[28.174s][debug][gc,phases      ] GC(20) Weak Processing 0.375ms
[28.174s][debug][gc,phases      ] GC(20) ClassLoaderData 0.091ms
[28.174s][debug][gc,phases      ] GC(20) Trigger cleanups 0.000ms
[28.189s][debug][gc,phases      ] GC(20) Class Unloading 14.173ms
[28.189s][info ][gc,phases      ] GC(20) Marking Phase 129.598ms
[28.189s][info ][gc,phases,start] GC(20) Summary Phase
[28.189s][info ][gc,phases      ] GC(20) Summary Phase 0.018ms
[28.189s][info ][gc,phases,start] GC(20) Adjust Roots
[28.203s][info ][gc,phases      ] GC(20) Adjust Roots 14.047ms
[28.203s][info ][gc,phases,start] GC(20) Compaction Phase
[28.414s][info ][gc,phases      ] GC(20) Compaction Phase 211.016ms
[28.414s][info ][gc,phases,start] GC(20) Post Compact
[28.415s][info ][gc,phases      ] GC(20) Post Compact 1.389ms
[28.415s][info ][gc,heap        ] GC(20) PSYoungGen: 22655K(1572864K)->0K(1572864K) Eden: 0K(1048576K)->0K(1048576K) From: 22655K(524288K)->0K(524288K)
[28.415s][info ][gc,heap        ] GC(20) ParOldGen: 484533K(569344K)->434401K(610816K)
[28.415s][info ][gc,metaspace   ] GC(20) Metaspace: 83126K(83968K)->83126K(83968K) NonClass: 71164K(71616K)->71164K(71616K) Class: 11961K(12352K)->11961K(12352K)
[28.415s][info ][gc             ] GC(20) Pause Full (Ergonomics) 495M->424M(2132M) 356.319ms
[28.415s][info ][gc,cpu         ] GC(20) User=1.32s Sys=0.01s Real=0.36s
[28.416s][info ][safepoint      ] Safepoint "ParallelGCFailedAllocation", Time since last: 478974067 ns, Reaching safepoint: 284611 ns, At safepoint: 400323666 ns, Total: 400608277 ns
[29.264s][info ][safepoint      ] Safepoint "ICBufferFull", Time since last: 848267343 ns, Reaching safepoint: 173707 ns, At safepoint: 12700 ns, Total: 186407 ns
[30.135s][info ][safepoint      ] Safepoint "ICBufferFull", Time since last: 870881198 ns, Reaching safepoint: 206008 ns, At safepoint: 3600 ns, Total: 209608 ns
[30.710s][info ][safepoint      ] Safepoint "ICBufferFull", Time since last: 574670203 ns, Reaching safepoint: 192908 ns, At safepoint: 5800 ns, Total: 198708 ns
[31.483s][info ][safepoint      ] Safepoint "ICBufferFull", Time since last: 772115325 ns, Reaching safepoint: 262210 ns, At safepoint: 7600 ns, Total: 269810 ns
[32.483s][info ][safepoint      ] Safepoint "Cleanup", Time since last: 1000116405 ns, Reaching safepoint: 121604 ns, At safepoint: 15801 ns, Total: 137405 ns
[33.483s][info ][safepoint      ] Safepoint "Cleanup", Time since last: 1000115196 ns, Reaching safepoint: 155906 ns, At safepoint: 13701 ns, Total: 169607 ns
[34.484s][info ][safepoint      ] Safepoint "Cleanup", Time since last: 1000119287 ns, Reaching safepoint: 223709 ns, At safepoint: 9900 ns, Total: 233609 ns
[35.484s][info ][safepoint      ] Safepoint "Cleanup", Time since last: 1000102378 ns, Reaching safepoint: 102704 ns, At safepoint: 8400 ns, Total: 111104 ns
[36.211s][info ][safepoint      ] Safepoint "ParallelGCFailedAllocation", Time since last: 723339735 ns, Reaching safepoint: 3298426 ns, At safepoint: 42802 ns, Total: 3341228 ns
[36.211s][info ][gc,start       ] GC(21) Pause Young (GCLocker Initiated GC)
[36.228s][debug][gc,phases      ] GC(21) Scavenge 16.385ms
[36.228s][debug][gc,ref         ] GC(21) Skipped phase 1 of Reference Processing: no references
[36.228s][debug][gc,ref         ] GC(21) ReferenceProcessor::execute queues: 1, RefProcThreadModel::Single, marks_oops_alive: false
[36.228s][debug][gc,ref         ] GC(21) Skipped phase 3 of Reference Processing: no references
[36.228s][debug][gc,ref         ] GC(21) ReferenceProcessor::execute queues: 1, RefProcThreadModel::Single, marks_oops_alive: false
[36.228s][debug][gc,phases      ] GC(21) Reference Processing 0.110ms
[36.228s][debug][gc,phases      ] GC(21)   VM Weak                        Min:  0.0, Avg:  0.0, Max:  0.0, Diff:  0.0, Sum:  0.0, Workers: 4
[36.228s][debug][gc,phases      ] GC(21)     Dead                           Min: 0, Avg:  0.0, Max: 0, Diff: 0, Sum: 0, Workers: 4
[36.228s][debug][gc,phases      ] GC(21)     Total                          Min: 0, Avg: 176.2, Max: 370, Diff: 370, Sum: 705, Workers: 4
[36.228s][debug][gc,phases      ] GC(21)   ObjectSynchronizer Weak        Min:  0.0, Avg:  0.0, Max:  0.0, Diff:  0.0, Sum:  0.0, Workers: 4
[36.228s][debug][gc,phases      ] GC(21)     Dead                           Min: 0, Avg:  0.0, Max: 0, Diff: 0, Sum: 0, Workers: 4
[36.228s][debug][gc,phases      ] GC(21)     Total                          Min: 0, Avg: 322.0, Max: 640, Diff: 640, Sum: 1288, Workers: 4
[36.228s][debug][gc,phases      ] GC(21)   JVMTI Tag Weak OopStorage      Min:  0.0, Avg:  0.0, Max:  0.0, Diff:  0.0, Sum:  0.0, Workers: 4
[36.228s][debug][gc,phases      ] GC(21)     Dead                           Min: 0, Avg:  0.0, Max: 0, Diff: 0, Sum: 0, Workers: 4
[36.228s][debug][gc,phases      ] GC(21)     Total                          Min: 0, Avg:  0.0, Max: 0, Diff: 0, Sum: 0, Workers: 4
[36.228s][debug][gc,phases      ] GC(21)   StringTable Weak               Min:  0.1, Avg:  0.1, Max:  0.1, Diff:  0.0, Sum:  0.4, Workers: 4
[36.228s][debug][gc,phases      ] GC(21)     Dead                           Min: 0, Avg:  0.0, Max: 0, Diff: 0, Sum: 0, Workers: 4
[36.228s][debug][gc,phases      ] GC(21)     Total                          Min: 11200, Avg: 12107.0, Max: 12928, Diff: 1728, Sum: 48428, Workers: 4
[36.228s][debug][gc,phases      ] GC(21)   ResolvedMethodTable Weak       Min:  0.0, Avg:  0.0, Max:  0.0, Diff:  0.0, Sum:  0.1, Workers: 4
[36.228s][debug][gc,phases      ] GC(21)     Dead                           Min: 0, Avg:  0.0, Max: 0, Diff: 0, Sum: 0, Workers: 4
[36.228s][debug][gc,phases      ] GC(21)     Total                          Min: 1798, Avg: 2082.0, Max: 2351, Diff: 553, Sum: 8328, Workers: 4
[36.228s][debug][gc,phases      ] GC(21)   JNI Weak                       Min:  0.0, Avg:  0.0, Max:  0.0, Diff:  0.0, Sum:  0.0, Workers: 4
[36.228s][debug][gc,phases      ] GC(21)     Dead                           Min: 0, Avg:  0.0, Max: 0, Diff: 0, Sum: 0, Workers: 4
[36.228s][debug][gc,phases      ] GC(21)     Total                          Min: 0, Avg:  2.2, Max: 9, Diff: 9, Sum: 9, Workers: 4
[36.228s][debug][gc,phases      ] GC(21)   StringDedup Table Weak         Min:  0.0, Avg:  0.0, Max:  0.0, Diff:  0.0, Sum:  0.0, Workers: 4
[36.228s][debug][gc,phases      ] GC(21)     Dead                           Min: 0, Avg:  0.0, Max: 0, Diff: 0, Sum: 0, Workers: 4
[36.228s][debug][gc,phases      ] GC(21)     Total                          Min: 0, Avg:  0.0, Max: 0, Diff: 0, Sum: 0, Workers: 4
[36.228s][debug][gc,phases      ] GC(21)   StringDedup Requests0 Weak     Min:  0.0, Avg:  0.0, Max:  0.0, Diff:  0.0, Sum:  0.0, Workers: 4
[36.228s][debug][gc,phases      ] GC(21)     Dead                           Min: 0, Avg:  0.0, Max: 0, Diff: 0, Sum: 0, Workers: 4
[36.228s][debug][gc,phases      ] GC(21)     Total                          Min: 0, Avg:  0.0, Max: 0, Diff: 0, Sum: 0, Workers: 4
[36.228s][debug][gc,phases      ] GC(21)   StringDedup Requests1 Weak     Min:  0.0, Avg:  0.0, Max:  0.0, Diff:  0.0, Sum:  0.0, Workers: 4
[36.228s][debug][gc,phases      ] GC(21)     Dead                           Min: 0, Avg:  0.0, Max: 0, Diff: 0, Sum: 0, Workers: 4
[36.228s][debug][gc,phases      ] GC(21)     Total                          Min: 0, Avg:  0.0, Max: 0, Diff: 0, Sum: 0, Workers: 4
[36.228s][debug][gc,phases      ] GC(21)   Weak JFR Old Object Samples    Min:  0.0, Avg:  0.0, Max:  0.0, Diff:  0.0, Sum:  0.0, Workers: 4
[36.228s][debug][gc,phases      ] GC(21)     Dead                           Min: 0, Avg:  0.0, Max: 0, Diff: 0, Sum: 0, Workers: 4
[36.228s][debug][gc,phases      ] GC(21)     Total                          Min: 0, Avg:  0.0, Max: 0, Diff: 0, Sum: 0, Workers: 4
[36.228s][debug][gc,phases      ] GC(21) Weak Processing 0.308ms
[36.228s][debug][gc,age         ] GC(21) Desired survivor size 536870912 bytes, new threshold 1 (max threshold 15)
[36.228s][info ][gc,heap        ] GC(21) PSYoungGen: 1048576K(1572864K)->33037K(1572864K) Eden: 1048576K(1048576K)->0K(1048576K) From: 0K(524288K)->33037K(524288K)
[36.228s][info ][gc,heap        ] GC(21) ParOldGen: 434500K(610816K)->434508K(610816K)
[36.228s][info ][gc,metaspace   ] GC(21) Metaspace: 83472K(84288K)->83472K(84288K) NonClass: 71501K(71936K)->71501K(71936K) Class: 11971K(12352K)->11971K(12352K)
[36.228s][info ][gc             ] GC(21) Pause Young (GCLocker Initiated GC) 1448M->456M(2132M) 16.915ms
[36.228s][info ][gc,cpu         ] GC(21) User=0.07s Sys=0.00s Real=0.02s
[36.228s][info ][safepoint      ] Safepoint "ParallelGCSystemGC", Time since last: 681926 ns, Reaching safepoint: 91503 ns, At safepoint: 17007847 ns, Total: 17099350 ns
[36.391s][info ][gc,start       ] GC(22) Pause Young (Allocation Failure)
[36.418s][debug][gc,phases      ] GC(22) Scavenge 26.338ms
[36.418s][debug][gc,ref         ] GC(22) Skipped phase 1 of Reference Processing: no references
[36.418s][debug][gc,ref         ] GC(22) ReferenceProcessor::execute queues: 1, RefProcThreadModel::Single, marks_oops_alive: false
[36.418s][debug][gc,ref         ] GC(22) Skipped phase 3 of Reference Processing: no references
[36.418s][debug][gc,ref         ] GC(22) ReferenceProcessor::execute queues: 1, RefProcThreadModel::Single, marks_oops_alive: false
[36.418s][debug][gc,phases      ] GC(22) Reference Processing 0.113ms
[36.418s][debug][gc,phases      ] GC(22)   VM Weak                        Min:  0.0, Avg:  0.0, Max:  0.0, Diff:  0.0, Sum:  0.0, Workers: 4
[36.418s][debug][gc,phases      ] GC(22)     Dead                           Min: 0, Avg:  0.0, Max: 0, Diff: 0, Sum: 0, Workers: 4
[36.418s][debug][gc,phases      ] GC(22)     Total                          Min: 0, Avg: 176.2, Max: 463, Diff: 463, Sum: 705, Workers: 4
[36.418s][debug][gc,phases      ] GC(22)   ObjectSynchronizer Weak        Min:  0.0, Avg:  0.0, Max:  0.0, Diff:  0.0, Sum:  0.0, Workers: 4
[36.418s][debug][gc,phases      ] GC(22)     Dead                           Min: 0, Avg:  0.0, Max: 0, Diff: 0, Sum: 0, Workers: 4
[36.418s][debug][gc,phases      ] GC(22)     Total                          Min: 0, Avg: 322.0, Max: 456, Diff: 456, Sum: 1288, Workers: 4
[36.418s][debug][gc,phases      ] GC(22)   JVMTI Tag Weak OopStorage      Min:  0.0, Avg:  0.0, Max:  0.0, Diff:  0.0, Sum:  0.1, Workers: 4
[36.418s][debug][gc,phases      ] GC(22)     Dead                           Min: 0, Avg:  0.0, Max: 0, Diff: 0, Sum: 0, Workers: 4
[36.418s][debug][gc,phases      ] GC(22)     Total                          Min: 0, Avg:  0.0, Max: 0, Diff: 0, Sum: 0, Workers: 4
[36.418s][debug][gc,phases      ] GC(22)   StringTable Weak               Min:  0.1, Avg:  0.1, Max:  0.1, Diff:  0.0, Sum:  0.5, Workers: 4
[36.418s][debug][gc,phases      ] GC(22)     Dead                           Min: 0, Avg:  0.2, Max: 1, Diff: 1, Sum: 1, Workers: 4
[36.418s][debug][gc,phases      ] GC(22)     Total                          Min: 11135, Avg: 12109.5, Max: 13376, Diff: 2241, Sum: 48438, Workers: 4
[36.418s][debug][gc,phases      ] GC(22)   ResolvedMethodTable Weak       Min:  0.0, Avg:  0.0, Max:  0.0, Diff:  0.0, Sum:  0.1, Workers: 4
[36.418s][debug][gc,phases      ] GC(22)     Dead                           Min: 0, Avg:  0.0, Max: 0, Diff: 0, Sum: 0, Workers: 4
[36.418s][debug][gc,phases      ] GC(22)     Total                          Min: 1961, Avg: 2083.2, Max: 2223, Diff: 262, Sum: 8333, Workers: 4
[36.418s][debug][gc,phases      ] GC(22)   JNI Weak                       Min:  0.0, Avg:  0.0, Max:  0.0, Diff:  0.0, Sum:  0.0, Workers: 4
[36.418s][debug][gc,phases      ] GC(22)     Dead                           Min: 0, Avg:  0.0, Max: 0, Diff: 0, Sum: 0, Workers: 4
[36.418s][debug][gc,phases      ] GC(22)     Total                          Min: 0, Avg:  3.2, Max: 13, Diff: 13, Sum: 13, Workers: 4
[36.418s][debug][gc,phases      ] GC(22)   StringDedup Table Weak         Min:  0.0, Avg:  0.0, Max:  0.0, Diff:  0.0, Sum:  0.0, Workers: 4
[36.418s][debug][gc,phases      ] GC(22)     Dead                           Min: 0, Avg:  0.0, Max: 0, Diff: 0, Sum: 0, Workers: 4
[36.418s][debug][gc,phases      ] GC(22)     Total                          Min: 0, Avg:  0.0, Max: 0, Diff: 0, Sum: 0, Workers: 4
[36.418s][debug][gc,phases      ] GC(22)   StringDedup Requests0 Weak     Min:  0.0, Avg:  0.0, Max:  0.0, Diff:  0.0, Sum:  0.0, Workers: 4
[36.418s][debug][gc,phases      ] GC(22)     Dead                           Min: 0, Avg:  0.0, Max: 0, Diff: 0, Sum: 0, Workers: 4
[36.418s][debug][gc,phases      ] GC(22)     Total                          Min: 0, Avg:  0.0, Max: 0, Diff: 0, Sum: 0, Workers: 4
[36.418s][debug][gc,phases      ] GC(22)   StringDedup Requests1 Weak     Min:  0.0, Avg:  0.0, Max:  0.0, Diff:  0.0, Sum:  0.0, Workers: 4
[36.418s][debug][gc,phases      ] GC(22)     Dead                           Min: 0, Avg:  0.0, Max: 0, Diff: 0, Sum: 0, Workers: 4
[36.418s][debug][gc,phases      ] GC(22)     Total                          Min: 0, Avg:  0.0, Max: 0, Diff: 0, Sum: 0, Workers: 4
[36.418s][debug][gc,phases      ] GC(22)   Weak JFR Old Object Samples    Min:  0.0, Avg:  0.0, Max:  0.0, Diff:  0.0, Sum:  0.0, Workers: 4
[36.418s][debug][gc,phases      ] GC(22)     Dead                           Min: 0, Avg:  0.0, Max: 0, Diff: 0, Sum: 0, Workers: 4
[36.418s][debug][gc,phases      ] GC(22)     Total                          Min: 0, Avg:  0.0, Max: 0, Diff: 0, Sum: 0, Workers: 4
[36.418s][debug][gc,phases      ] GC(22) Weak Processing 0.387ms
[36.418s][debug][gc,age         ] GC(22) Desired survivor size 536870912 bytes, new threshold 1 (max threshold 15)
[36.418s][info ][gc,heap        ] GC(22) PSYoungGen: 1081613K(1572864K)->33659K(1572864K) Eden: 1048576K(1048576K)->0K(1048576K) From: 33037K(524288K)->33659K(524288K)
[36.418s][info ][gc,heap        ] GC(22) ParOldGen: 435106K(610816K)->464133K(610816K)
[36.418s][info ][gc,metaspace   ] GC(22) Metaspace: 83493K(84288K)->83493K(84288K) NonClass: 71519K(71936K)->71519K(71936K) Class: 11974K(12352K)->11974K(12352K)
[36.418s][info ][gc             ] GC(22) Pause Young (Allocation Failure) 1481M->486M(2132M) 26.987ms
[36.418s][info ][gc,cpu         ] GC(22) User=0.13s Sys=0.00s Real=0.03s
[36.418s][info ][safepoint      ] Safepoint "ParallelGCFailedAllocation", Time since last: 162755096 ns, Reaching safepoint: 240109 ns, At safepoint: 27092131 ns, Total: 27332240 ns
[36.598s][info ][gc,start       ] GC(23) Pause Young (Allocation Failure)
[36.615s][debug][gc,phases      ] GC(23) Scavenge 16.910ms
[36.615s][debug][gc,ref         ] GC(23) Skipped phase 1 of Reference Processing: no references
[36.615s][debug][gc,ref         ] GC(23) ReferenceProcessor::execute queues: 1, RefProcThreadModel::Single, marks_oops_alive: false
[36.615s][debug][gc,ref         ] GC(23) Skipped phase 3 of Reference Processing: no references
[36.615s][debug][gc,ref         ] GC(23) ReferenceProcessor::execute queues: 1, RefProcThreadModel::Single, marks_oops_alive: false
[36.615s][debug][gc,phases      ] GC(23) Reference Processing 0.106ms
[36.615s][debug][gc,phases      ] GC(23)   VM Weak                        Min:  0.0, Avg:  0.0, Max:  0.0, Diff:  0.0, Sum:  0.0, Workers: 4
[36.615s][debug][gc,phases      ] GC(23)     Dead                           Min: 0, Avg:  0.0, Max: 0, Diff: 0, Sum: 0, Workers: 4
[36.615s][debug][gc,phases      ] GC(23)     Total                          Min: 0, Avg: 176.2, Max: 690, Diff: 690, Sum: 705, Workers: 4
[36.615s][debug][gc,phases      ] GC(23)   ObjectSynchronizer Weak        Min:  0.0, Avg:  0.0, Max:  0.0, Diff:  0.0, Sum:  0.0, Workers: 4
[36.615s][debug][gc,phases      ] GC(23)     Dead                           Min: 0, Avg:  0.0, Max: 0, Diff: 0, Sum: 0, Workers: 4
[36.615s][debug][gc,phases      ] GC(23)     Total                          Min: 0, Avg: 322.0, Max: 512, Diff: 512, Sum: 1288, Workers: 4
[36.615s][debug][gc,phases      ] GC(23)   JVMTI Tag Weak OopStorage      Min:  0.0, Avg:  0.0, Max:  0.0, Diff:  0.0, Sum:  0.0, Workers: 4
[36.615s][debug][gc,phases      ] GC(23)     Dead                           Min: 0, Avg:  0.0, Max: 0, Diff: 0, Sum: 0, Workers: 4
[36.615s][debug][gc,phases      ] GC(23)     Total                          Min: 0, Avg:  0.0, Max: 0, Diff: 0, Sum: 0, Workers: 4
[36.615s][debug][gc,phases      ] GC(23)   StringTable Weak               Min:  0.1, Avg:  0.1, Max:  0.1, Diff:  0.0, Sum:  0.5, Workers: 4
[36.615s][debug][gc,phases      ] GC(23)     Dead                           Min: 0, Avg:  0.0, Max: 0, Diff: 0, Sum: 0, Workers: 4
[36.615s][debug][gc,phases      ] GC(23)     Total                          Min: 11576, Avg: 12109.8, Max: 12543, Diff: 967, Sum: 48439, Workers: 4
[36.615s][debug][gc,phases      ] GC(23)   ResolvedMethodTable Weak       Min:  0.0, Avg:  0.0, Max:  0.0, Diff:  0.0, Sum:  0.1, Workers: 4
[36.615s][debug][gc,phases      ] GC(23)     Dead                           Min: 0, Avg:  0.0, Max: 0, Diff: 0, Sum: 0, Workers: 4
[36.615s][debug][gc,phases      ] GC(23)     Total                          Min: 2008, Avg: 2084.2, Max: 2272, Diff: 264, Sum: 8337, Workers: 4
[36.615s][debug][gc,phases      ] GC(23)   JNI Weak                       Min:  0.0, Avg:  0.0, Max:  0.0, Diff:  0.0, Sum:  0.0, Workers: 4
[36.615s][debug][gc,phases      ] GC(23)     Dead                           Min: 0, Avg:  0.0, Max: 0, Diff: 0, Sum: 0, Workers: 4
[36.615s][debug][gc,phases      ] GC(23)     Total                          Min: 0, Avg:  4.0, Max: 16, Diff: 16, Sum: 16, Workers: 4
[36.615s][debug][gc,phases      ] GC(23)   StringDedup Table Weak         Min:  0.0, Avg:  0.0, Max:  0.0, Diff:  0.0, Sum:  0.0, Workers: 4
[36.615s][debug][gc,phases      ] GC(23)     Dead                           Min: 0, Avg:  0.0, Max: 0, Diff: 0, Sum: 0, Workers: 4
[36.615s][debug][gc,phases      ] GC(23)     Total                          Min: 0, Avg:  0.0, Max: 0, Diff: 0, Sum: 0, Workers: 4
[36.615s][debug][gc,phases      ] GC(23)   StringDedup Requests0 Weak     Min:  0.0, Avg:  0.0, Max:  0.0, Diff:  0.0, Sum:  0.0, Workers: 4
[36.615s][debug][gc,phases      ] GC(23)     Dead                           Min: 0, Avg:  0.0, Max: 0, Diff: 0, Sum: 0, Workers: 4
[36.615s][debug][gc,phases      ] GC(23)     Total                          Min: 0, Avg:  0.0, Max: 0, Diff: 0, Sum: 0, Workers: 4
[36.615s][debug][gc,phases      ] GC(23)   StringDedup Requests1 Weak     Min:  0.0, Avg:  0.0, Max:  0.0, Diff:  0.0, Sum:  0.0, Workers: 4
[36.615s][debug][gc,phases      ] GC(23)     Dead                           Min: 0, Avg:  0.0, Max: 0, Diff: 0, Sum: 0, Workers: 4
[36.615s][debug][gc,phases      ] GC(23)     Total                          Min: 0, Avg:  0.0, Max: 0, Diff: 0, Sum: 0, Workers: 4
[36.615s][debug][gc,phases      ] GC(23)   Weak JFR Old Object Samples    Min:  0.0, Avg:  0.0, Max:  0.0, Diff:  0.0, Sum:  0.0, Workers: 4
[36.615s][debug][gc,phases      ] GC(23)     Dead                           Min: 0, Avg:  0.0, Max: 0, Diff: 0, Sum: 0, Workers: 4
[36.615s][debug][gc,phases      ] GC(23)     Total                          Min: 0, Avg:  0.0, Max: 0, Diff: 0, Sum: 0, Workers: 4
[36.615s][debug][gc,phases      ] GC(23) Weak Processing 0.327ms
[36.615s][debug][gc,age         ] GC(23) Desired survivor size 536870912 bytes, new threshold 1 (max threshold 15)
[36.616s][info ][gc,heap        ] GC(23) PSYoungGen: 1082235K(1572864K)->7145K(1572864K) Eden: 1048576K(1048576K)->0K(1048576K) From: 33659K(524288K)->7145K(524288K)
[36.616s][info ][gc,heap        ] GC(23) ParOldGen: 464133K(610816K)->498695K(610816K)
[36.616s][info ][gc,metaspace   ] GC(23) Metaspace: 83503K(84352K)->83503K(84352K) NonClass: 71527K(72000K)->71527K(72000K) Class: 11976K(12352K)->11976K(12352K)
[36.616s][info ][gc             ] GC(23) Pause Young (Allocation Failure) 1510M->493M(2132M) 17.476ms
[36.616s][info ][gc,cpu         ] GC(23) User=0.07s Sys=0.00s Real=0.02s
[36.616s][info ][safepoint      ] Safepoint "ParallelGCFailedAllocation", Time since last: 179321124 ns, Reaching safepoint: 330513 ns, At safepoint: 17586769 ns, Total: 17917282 ns
[36.762s][info ][gc,start       ] GC(24) Pause Young (Allocation Failure)
[36.772s][debug][gc,phases      ] GC(24) Scavenge 9.352ms
[36.772s][debug][gc,ref         ] GC(24) Skipped phase 1 of Reference Processing: no references
[36.772s][debug][gc,ref         ] GC(24) Skipped phase 2 of Reference Processing: no references
[36.772s][debug][gc,ref         ] GC(24) Skipped phase 3 of Reference Processing: no references
[36.772s][debug][gc,ref         ] GC(24) ReferenceProcessor::execute queues: 1, RefProcThreadModel::Single, marks_oops_alive: false
[36.772s][debug][gc,phases      ] GC(24) Reference Processing 0.111ms
[36.772s][debug][gc,phases      ] GC(24)   VM Weak                        Min:  0.0, Avg:  0.0, Max:  0.0, Diff:  0.0, Sum:  0.0, Workers: 4
[36.772s][debug][gc,phases      ] GC(24)     Dead                           Min: 0, Avg:  0.0, Max: 0, Diff: 0, Sum: 0, Workers: 4
[36.772s][debug][gc,phases      ] GC(24)     Total                          Min: 0, Avg: 176.2, Max: 576, Diff: 576, Sum: 705, Workers: 4
[36.772s][debug][gc,phases      ] GC(24)   ObjectSynchronizer Weak        Min:  0.0, Avg:  0.0, Max:  0.0, Diff:  0.0, Sum:  0.0, Workers: 4
[36.772s][debug][gc,phases      ] GC(24)     Dead                           Min: 0, Avg:  0.0, Max: 0, Diff: 0, Sum: 0, Workers: 4
[36.772s][debug][gc,phases      ] GC(24)     Total                          Min: 0, Avg: 322.0, Max: 448, Diff: 448, Sum: 1288, Workers: 4
[36.772s][debug][gc,phases      ] GC(24)   JVMTI Tag Weak OopStorage      Min:  0.0, Avg:  0.0, Max:  0.0, Diff:  0.0, Sum:  0.0, Workers: 4
[36.772s][debug][gc,phases      ] GC(24)     Dead                           Min: 0, Avg:  0.0, Max: 0, Diff: 0, Sum: 0, Workers: 4
[36.772s][debug][gc,phases      ] GC(24)     Total                          Min: 0, Avg:  0.0, Max: 0, Diff: 0, Sum: 0, Workers: 4
[36.772s][debug][gc,phases      ] GC(24)   StringTable Weak               Min:  0.1, Avg:  0.1, Max:  0.1, Diff:  0.0, Sum:  0.4, Workers: 4
[36.772s][debug][gc,phases      ] GC(24)     Dead                           Min: 0, Avg:  0.0, Max: 0, Diff: 0, Sum: 0, Workers: 4
[36.772s][debug][gc,phases      ] GC(24)     Total                          Min: 11520, Avg: 12109.8, Max: 12416, Diff: 896, Sum: 48439, Workers: 4
[36.772s][debug][gc,phases      ] GC(24)   ResolvedMethodTable Weak       Min:  0.0, Avg:  0.0, Max:  0.0, Diff:  0.0, Sum:  0.1, Workers: 4
[36.772s][debug][gc,phases      ] GC(24)     Dead                           Min: 0, Avg:  0.0, Max: 0, Diff: 0, Sum: 0, Workers: 4
[36.772s][debug][gc,phases      ] GC(24)     Total                          Min: 1897, Avg: 2084.2, Max: 2287, Diff: 390, Sum: 8337, Workers: 4
[36.772s][debug][gc,phases      ] GC(24)   JNI Weak                       Min:  0.0, Avg:  0.0, Max:  0.0, Diff:  0.0, Sum:  0.0, Workers: 4
[36.772s][debug][gc,phases      ] GC(24)     Dead                           Min: 0, Avg:  0.0, Max: 0, Diff: 0, Sum: 0, Workers: 4
[36.772s][debug][gc,phases      ] GC(24)     Total                          Min: 0, Avg:  3.0, Max: 12, Diff: 12, Sum: 12, Workers: 4
[36.772s][debug][gc,phases      ] GC(24)   StringDedup Table Weak         Min:  0.0, Avg:  0.0, Max:  0.0, Diff:  0.0, Sum:  0.0, Workers: 4
[36.772s][debug][gc,phases      ] GC(24)     Dead                           Min: 0, Avg:  0.0, Max: 0, Diff: 0, Sum: 0, Workers: 4
[36.772s][debug][gc,phases      ] GC(24)     Total                          Min: 0, Avg:  0.0, Max: 0, Diff: 0, Sum: 0, Workers: 4
[36.772s][debug][gc,phases      ] GC(24)   StringDedup Requests0 Weak     Min:  0.0, Avg:  0.0, Max:  0.0, Diff:  0.0, Sum:  0.0, Workers: 4
[36.772s][debug][gc,phases      ] GC(24)     Dead                           Min: 0, Avg:  0.0, Max: 0, Diff: 0, Sum: 0, Workers: 4
[36.772s][debug][gc,phases      ] GC(24)     Total                          Min: 0, Avg:  0.0, Max: 0, Diff: 0, Sum: 0, Workers: 4
[36.772s][debug][gc,phases      ] GC(24)   StringDedup Requests1 Weak     Min:  0.0, Avg:  0.0, Max:  0.0, Diff:  0.0, Sum:  0.0, Workers: 4
[36.772s][debug][gc,phases      ] GC(24)     Dead                           Min: 0, Avg:  0.0, Max: 0, Diff: 0, Sum: 0, Workers: 4
[36.772s][debug][gc,phases      ] GC(24)     Total                          Min: 0, Avg:  0.0, Max: 0, Diff: 0, Sum: 0, Workers: 4
[36.772s][debug][gc,phases      ] GC(24)   Weak JFR Old Object Samples    Min:  0.0, Avg:  0.0, Max:  0.0, Diff:  0.0, Sum:  0.0, Workers: 4
[36.772s][debug][gc,phases      ] GC(24)     Dead                           Min: 0, Avg:  0.0, Max: 0, Diff: 0, Sum: 0, Workers: 4
[36.772s][debug][gc,phases      ] GC(24)     Total                          Min: 0, Avg:  0.0, Max: 0, Diff: 0, Sum: 0, Workers: 4
[36.772s][debug][gc,phases      ] GC(24) Weak Processing 0.327ms
[36.772s][debug][gc,age         ] GC(24) Desired survivor size 535822336 bytes, new threshold 2 (max threshold 15)
[36.772s][info ][gc,heap        ] GC(24) PSYoungGen: 1055721K(1572864K)->9042K(1573888K) Eden: 1048576K(1048576K)->0K(1049600K) From: 7145K(524288K)->9042K(524288K)
[36.772s][info ][gc,heap        ] GC(24) ParOldGen: 498695K(610816K)->505415K(610816K)
[36.772s][info ][gc,metaspace   ] GC(24) Metaspace: 83510K(84352K)->83510K(84352K) NonClass: 71534K(72000K)->71534K(72000K) Class: 11976K(12352K)->11976K(12352K)
[36.772s][info ][gc             ] GC(24) Pause Young (Allocation Failure) 1517M->502M(2133M) 9.930ms
[36.772s][info ][gc,cpu         ] GC(24) User=0.05s Sys=0.00s Real=0.01s
[36.772s][info ][safepoint      ] Safepoint "ParallelGCFailedAllocation", Time since last: 146475075 ns, Reaching safepoint: 269310 ns, At safepoint: 10035482 ns, Total: 10304792 ns
[36.931s][info ][gc,start       ] GC(25) Pause Young (Allocation Failure)
[36.939s][debug][gc,phases      ] GC(25) Scavenge 8.006ms
[36.939s][debug][gc,ref         ] GC(25) Skipped phase 1 of Reference Processing: no references
[36.939s][debug][gc,ref         ] GC(25) Skipped phase 2 of Reference Processing: no references
[36.939s][debug][gc,ref         ] GC(25) Skipped phase 3 of Reference Processing: no references
[36.939s][debug][gc,ref         ] GC(25) ReferenceProcessor::execute queues: 1, RefProcThreadModel::Single, marks_oops_alive: false
[36.939s][debug][gc,phases      ] GC(25) Reference Processing 0.097ms
[36.939s][debug][gc,phases      ] GC(25)   VM Weak                        Min:  0.0, Avg:  0.0, Max:  0.0, Diff:  0.0, Sum:  0.0, Workers: 4
[36.939s][debug][gc,phases      ] GC(25)     Dead                           Min: 0, Avg:  0.0, Max: 0, Diff: 0, Sum: 0, Workers: 4
[36.939s][debug][gc,phases      ] GC(25)     Total                          Min: 0, Avg: 176.2, Max: 591, Diff: 591, Sum: 705, Workers: 4
[36.939s][debug][gc,phases      ] GC(25)   ObjectSynchronizer Weak        Min:  0.0, Avg:  0.0, Max:  0.0, Diff:  0.0, Sum:  0.0, Workers: 4
[36.939s][debug][gc,phases      ] GC(25)     Dead                           Min: 0, Avg:  0.0, Max: 0, Diff: 0, Sum: 0, Workers: 4
[36.939s][debug][gc,phases      ] GC(25)     Total                          Min: 64, Avg: 322.0, Max: 520, Diff: 456, Sum: 1288, Workers: 4
[36.939s][debug][gc,phases      ] GC(25)   JVMTI Tag Weak OopStorage      Min:  0.0, Avg:  0.0, Max:  0.0, Diff:  0.0, Sum:  0.0, Workers: 4
[36.939s][debug][gc,phases      ] GC(25)     Dead                           Min: 0, Avg:  0.0, Max: 0, Diff: 0, Sum: 0, Workers: 4
[36.939s][debug][gc,phases      ] GC(25)     Total                          Min: 0, Avg:  0.0, Max: 0, Diff: 0, Sum: 0, Workers: 4
[36.939s][debug][gc,phases      ] GC(25)   StringTable Weak               Min:  0.1, Avg:  0.1, Max:  0.1, Diff:  0.0, Sum:  0.4, Workers: 4
[36.939s][debug][gc,phases      ] GC(25)     Dead                           Min: 0, Avg:  0.0, Max: 0, Diff: 0, Sum: 0, Workers: 4
[36.939s][debug][gc,phases      ] GC(25)     Total                          Min: 11263, Avg: 12111.0, Max: 13376, Diff: 2113, Sum: 48444, Workers: 4
[36.939s][debug][gc,phases      ] GC(25)   ResolvedMethodTable Weak       Min:  0.0, Avg:  0.0, Max:  0.0, Diff:  0.0, Sum:  0.1, Workers: 4
[36.939s][debug][gc,phases      ] GC(25)     Dead                           Min: 0, Avg:  0.0, Max: 0, Diff: 0, Sum: 0, Workers: 4
[36.939s][debug][gc,phases      ] GC(25)     Total                          Min: 1944, Avg: 2084.5, Max: 2385, Diff: 441, Sum: 8338, Workers: 4
[36.939s][debug][gc,phases      ] GC(25)   JNI Weak                       Min:  0.0, Avg:  0.0, Max:  0.0, Diff:  0.0, Sum:  0.0, Workers: 4
[36.939s][debug][gc,phases      ] GC(25)     Dead                           Min: 0, Avg:  0.0, Max: 0, Diff: 0, Sum: 0, Workers: 4
[36.939s][debug][gc,phases      ] GC(25)     Total                          Min: 0, Avg:  2.5, Max: 10, Diff: 10, Sum: 10, Workers: 4
[36.939s][debug][gc,phases      ] GC(25)   StringDedup Table Weak         Min:  0.0, Avg:  0.0, Max:  0.0, Diff:  0.0, Sum:  0.0, Workers: 4
[36.939s][debug][gc,phases      ] GC(25)     Dead                           Min: 0, Avg:  0.0, Max: 0, Diff: 0, Sum: 0, Workers: 4
[36.939s][debug][gc,phases      ] GC(25)     Total                          Min: 0, Avg:  0.0, Max: 0, Diff: 0, Sum: 0, Workers: 4
[36.939s][debug][gc,phases      ] GC(25)   StringDedup Requests0 Weak     Min:  0.0, Avg:  0.0, Max:  0.0, Diff:  0.0, Sum:  0.0, Workers: 4
[36.939s][debug][gc,phases      ] GC(25)     Dead                           Min: 0, Avg:  0.0, Max: 0, Diff: 0, Sum: 0, Workers: 4
[36.939s][debug][gc,phases      ] GC(25)     Total                          Min: 0, Avg:  0.0, Max: 0, Diff: 0, Sum: 0, Workers: 4
[36.939s][debug][gc,phases      ] GC(25)   StringDedup Requests1 Weak     Min:  0.0, Avg:  0.0, Max:  0.0, Diff:  0.0, Sum:  0.0, Workers: 4
[36.939s][debug][gc,phases      ] GC(25)     Dead                           Min: 0, Avg:  0.0, Max: 0, Diff: 0, Sum: 0, Workers: 4
[36.939s][debug][gc,phases      ] GC(25)     Total                          Min: 0, Avg:  0.0, Max: 0, Diff: 0, Sum: 0, Workers: 4
[36.939s][debug][gc,phases      ] GC(25)   Weak JFR Old Object Samples    Min:  0.0, Avg:  0.0, Max:  0.0, Diff:  0.0, Sum:  0.0, Workers: 4
[36.939s][debug][gc,phases      ] GC(25)     Dead                           Min: 0, Avg:  0.0, Max: 0, Diff: 0, Sum: 0, Workers: 4
[36.939s][debug][gc,phases      ] GC(25)     Total                          Min: 0, Avg:  0.0, Max: 0, Diff: 0, Sum: 0, Workers: 4
[36.939s][debug][gc,phases      ] GC(25) Weak Processing 0.309ms
[36.939s][debug][gc,age         ] GC(25) Desired survivor size 512753664 bytes, new threshold 3 (max threshold 15)
[36.939s][info ][gc,heap        ] GC(25) PSYoungGen: 1058642K(1573888K)->12851K(1572864K) Eden: 1049600K(1049600K)->0K(1049600K) From: 9042K(524288K)->12851K(523264K)
[36.939s][info ][gc,heap        ] GC(25) ParOldGen: 505415K(610816K)->505423K(610816K)
[36.939s][info ][gc,metaspace   ] GC(25) Metaspace: 83528K(84352K)->83528K(84352K) NonClass: 71551K(72000K)->71551K(72000K) Class: 11977K(12352K)->11977K(12352K)
[36.939s][info ][gc             ] GC(25) Pause Young (Allocation Failure) 1527M->506M(2132M) 8.562ms
[36.939s][info ][gc,cpu         ] GC(25) User=0.02s Sys=0.01s Real=0.01s
[36.939s][info ][safepoint      ] Safepoint "ParallelGCFailedAllocation", Time since last: 157975612 ns, Reaching safepoint: 356514 ns, At safepoint: 8673730 ns, Total: 9030244 ns
[38.298s][info ][safepoint      ] Safepoint "Cleanup", Time since last: 1358334787 ns, Reaching safepoint: 175307 ns, At safepoint: 9200 ns, Total: 184507 ns
[39.298s][info ][safepoint      ] Safepoint "Cleanup", Time since last: 1000112645 ns, Reaching safepoint: 115505 ns, At safepoint: 9100 ns, Total: 124605 ns
[39.714s][info ][gc,start       ] GC(26) Pause Young (Allocation Failure)
[39.727s][debug][gc,phases      ] GC(26) Scavenge 12.525ms
[39.727s][debug][gc,ref         ] GC(26) Skipped phase 1 of Reference Processing: no references
[39.727s][debug][gc,ref         ] GC(26) ReferenceProcessor::execute queues: 1, RefProcThreadModel::Single, marks_oops_alive: false
[39.727s][debug][gc,ref         ] GC(26) Skipped phase 3 of Reference Processing: no references
[39.727s][debug][gc,ref         ] GC(26) ReferenceProcessor::execute queues: 1, RefProcThreadModel::Single, marks_oops_alive: false
[39.727s][debug][gc,phases      ] GC(26) Reference Processing 0.102ms
[39.727s][debug][gc,phases      ] GC(26)   VM Weak                        Min:  0.0, Avg:  0.0, Max:  0.0, Diff:  0.0, Sum:  0.0, Workers: 4
[39.727s][debug][gc,phases      ] GC(26)     Dead                           Min: 0, Avg:  0.0, Max: 0, Diff: 0, Sum: 0, Workers: 4
[39.727s][debug][gc,phases      ] GC(26)     Total                          Min: 0, Avg: 176.2, Max: 690, Diff: 690, Sum: 705, Workers: 4
[39.727s][debug][gc,phases      ] GC(26)   ObjectSynchronizer Weak        Min:  0.0, Avg:  0.0, Max:  0.0, Diff:  0.0, Sum:  0.0, Workers: 4
[39.727s][debug][gc,phases      ] GC(26)     Dead                           Min: 0, Avg:  0.0, Max: 0, Diff: 0, Sum: 0, Workers: 4
[39.727s][debug][gc,phases      ] GC(26)     Total                          Min: 0, Avg: 322.0, Max: 448, Diff: 448, Sum: 1288, Workers: 4
[39.727s][debug][gc,phases      ] GC(26)   JVMTI Tag Weak OopStorage      Min:  0.0, Avg:  0.0, Max:  0.0, Diff:  0.0, Sum:  0.0, Workers: 4
[39.727s][debug][gc,phases      ] GC(26)     Dead                           Min: 0, Avg:  0.0, Max: 0, Diff: 0, Sum: 0, Workers: 4
[39.727s][debug][gc,phases      ] GC(26)     Total                          Min: 0, Avg:  0.0, Max: 0, Diff: 0, Sum: 0, Workers: 4
[39.727s][debug][gc,phases      ] GC(26)   StringTable Weak               Min:  0.1, Avg:  0.1, Max:  0.1, Diff:  0.0, Sum:  0.4, Workers: 4
[39.727s][debug][gc,phases      ] GC(26)     Dead                           Min: 0, Avg:  0.0, Max: 0, Diff: 0, Sum: 0, Workers: 4
[39.727s][debug][gc,phases      ] GC(26)     Total                          Min: 11264, Avg: 12125.5, Max: 13302, Diff: 2038, Sum: 48502, Workers: 4
[39.727s][debug][gc,phases      ] GC(26)   ResolvedMethodTable Weak       Min:  0.0, Avg:  0.0, Max:  0.0, Diff:  0.0, Sum:  0.1, Workers: 4
[39.727s][debug][gc,phases      ] GC(26)     Dead                           Min: 0, Avg:  4.0, Max: 16, Diff: 16, Sum: 16, Workers: 4
[39.727s][debug][gc,phases      ] GC(26)     Total                          Min: 1024, Avg: 2087.5, Max: 2664, Diff: 1640, Sum: 8350, Workers: 4
[39.727s][debug][gc,phases      ] GC(26)   JNI Weak                       Min:  0.0, Avg:  0.0, Max:  0.0, Diff:  0.0, Sum:  0.0, Workers: 4
[39.727s][debug][gc,phases      ] GC(26)     Dead                           Min: 0, Avg:  0.0, Max: 0, Diff: 0, Sum: 0, Workers: 4
[39.727s][debug][gc,phases      ] GC(26)     Total                          Min: 0, Avg:  0.0, Max: 0, Diff: 0, Sum: 0, Workers: 4
[39.727s][debug][gc,phases      ] GC(26)   StringDedup Table Weak         Min:  0.0, Avg:  0.0, Max:  0.0, Diff:  0.0, Sum:  0.0, Workers: 4
[39.727s][debug][gc,phases      ] GC(26)     Dead                           Min: 0, Avg:  0.0, Max: 0, Diff: 0, Sum: 0, Workers: 4
[39.727s][debug][gc,phases      ] GC(26)     Total                          Min: 0, Avg:  0.0, Max: 0, Diff: 0, Sum: 0, Workers: 4
[39.727s][debug][gc,phases      ] GC(26)   StringDedup Requests0 Weak     Min:  0.0, Avg:  0.0, Max:  0.0, Diff:  0.0, Sum:  0.0, Workers: 4
[39.727s][debug][gc,phases      ] GC(26)     Dead                           Min: 0, Avg:  0.0, Max: 0, Diff: 0, Sum: 0, Workers: 4
[39.727s][debug][gc,phases      ] GC(26)     Total                          Min: 0, Avg:  0.0, Max: 0, Diff: 0, Sum: 0, Workers: 4
[39.727s][debug][gc,phases      ] GC(26)   StringDedup Requests1 Weak     Min:  0.0, Avg:  0.0, Max:  0.0, Diff:  0.0, Sum:  0.0, Workers: 4
[39.727s][debug][gc,phases      ] GC(26)     Dead                           Min: 0, Avg:  0.0, Max: 0, Diff: 0, Sum: 0, Workers: 4
[39.727s][debug][gc,phases      ] GC(26)     Total                          Min: 0, Avg:  0.0, Max: 0, Diff: 0, Sum: 0, Workers: 4
[39.727s][debug][gc,phases      ] GC(26)   Weak JFR Old Object Samples    Min:  0.0, Avg:  0.0, Max:  0.0, Diff:  0.0, Sum:  0.0, Workers: 4
[39.727s][debug][gc,phases      ] GC(26)     Dead                           Min: 0, Avg:  0.0, Max: 0, Diff: 0, Sum: 0, Workers: 4
[39.727s][debug][gc,phases      ] GC(26)     Total                          Min: 0, Avg:  0.0, Max: 0, Diff: 0, Sum: 0, Workers: 4
[39.727s][debug][gc,phases      ] GC(26) Weak Processing 0.321ms
[39.727s][debug][gc,age         ] GC(26) Desired survivor size 486539264 bytes, new threshold 4 (max threshold 15)
[39.727s][info ][gc,heap        ] GC(26) PSYoungGen: 1062451K(1572864K)->26243K(1622016K) Eden: 1049600K(1049600K)->0K(1121280K) From: 12851K(523264K)->26243K(500736K)
[39.727s][info ][gc,heap        ] GC(26) ParOldGen: 505423K(610816K)->505423K(610816K)
[39.727s][info ][gc,metaspace   ] GC(26) Metaspace: 83605K(84416K)->83605K(84416K) NonClass: 71625K(72064K)->71625K(72064K) Class: 11980K(12352K)->11980K(12352K)
[39.727s][info ][gc             ] GC(26) Pause Young (Allocation Failure) 1531M->519M(2180M) 13.074ms
[39.727s][info ][gc,cpu         ] GC(26) User=0.06s Sys=0.00s Real=0.01s
[39.727s][info ][safepoint      ] Safepoint "ParallelGCFailedAllocation", Time since last: 415925019 ns, Reaching safepoint: 47302 ns, At safepoint: 13151900 ns, Total: 13199202 ns
[40.885s][info ][safepoint      ] Safepoint "Cleanup", Time since last: 1157400013 ns, Reaching safepoint: 94404 ns, At safepoint: 6300 ns, Total: 100704 ns
[41.885s][info ][safepoint      ] Safepoint "Cleanup", Time since last: 1000059021 ns, Reaching safepoint: 55302 ns, At safepoint: 7600 ns, Total: 62902 ns
[42.885s][info ][safepoint      ] Safepoint "Cleanup", Time since last: 1000108314 ns, Reaching safepoint: 155506 ns, At safepoint: 9300 ns, Total: 164806 ns
[43.885s][info ][safepoint      ] Safepoint "Cleanup", Time since last: 1000107605 ns, Reaching safepoint: 87504 ns, At safepoint: 7600 ns, Total: 95104 ns
[44.886s][info ][safepoint      ] Safepoint "Cleanup", Time since last: 1000100596 ns, Reaching safepoint: 103904 ns, At safepoint: 11301 ns, Total: 115205 ns
[45.886s][info ][safepoint      ] Safepoint "Cleanup", Time since last: 1000108688 ns, Reaching safepoint: 71402 ns, At safepoint: 10501 ns, Total: 81903 ns
[46.886s][info ][safepoint      ] Safepoint "Cleanup", Time since last: 1000113980 ns, Reaching safepoint: 80503 ns, At safepoint: 7100 ns, Total: 87603 ns
[47.886s][info ][safepoint      ] Safepoint "Cleanup", Time since last: 1000107971 ns, Reaching safepoint: 138905 ns, At safepoint: 7800 ns, Total: 146705 ns
[48.886s][info ][safepoint      ] Safepoint "Cleanup", Time since last: 1000104663 ns, Reaching safepoint: 66502 ns, At safepoint: 5800 ns, Total: 72302 ns
[49.887s][info ][safepoint      ] Safepoint "Cleanup", Time since last: 1000114254 ns, Reaching safepoint: 61103 ns, At safepoint: 7600 ns, Total: 68703 ns
[50.887s][info ][safepoint      ] Safepoint "Cleanup", Time since last: 1000106445 ns, Reaching safepoint: 44502 ns, At safepoint: 7000 ns, Total: 51502 ns
[51.887s][info ][safepoint      ] Safepoint "Cleanup", Time since last: 1000102237 ns, Reaching safepoint: 54902 ns, At safepoint: 10300 ns, Total: 65202 ns
[52.086s][info ][gc,start       ] GC(27) Pause Young (Allocation Failure)
[52.103s][debug][gc,phases      ] GC(27) Scavenge 16.828ms
[52.103s][debug][gc,ref         ] GC(27) Skipped phase 1 of Reference Processing: no references
[52.103s][debug][gc,ref         ] GC(27) Skipped phase 2 of Reference Processing: no references
[52.103s][debug][gc,ref         ] GC(27) Skipped phase 3 of Reference Processing: no references
[52.103s][debug][gc,ref         ] GC(27) ReferenceProcessor::execute queues: 1, RefProcThreadModel::Single, marks_oops_alive: false
[52.103s][debug][gc,phases      ] GC(27) Reference Processing 0.099ms
[52.103s][debug][gc,phases      ] GC(27)   VM Weak                        Min:  0.0, Avg:  0.0, Max:  0.0, Diff:  0.0, Sum:  0.0, Workers: 4
[52.103s][debug][gc,phases      ] GC(27)     Dead                           Min: 0, Avg:  0.0, Max: 0, Diff: 0, Sum: 0, Workers: 4
[52.103s][debug][gc,phases      ] GC(27)     Total                          Min: 0, Avg: 176.2, Max: 562, Diff: 562, Sum: 705, Workers: 4
[52.103s][debug][gc,phases      ] GC(27)   ObjectSynchronizer Weak        Min:  0.0, Avg:  0.0, Max:  0.0, Diff:  0.0, Sum:  0.0, Workers: 4
[52.103s][debug][gc,phases      ] GC(27)     Dead                           Min: 0, Avg:  0.0, Max: 0, Diff: 0, Sum: 0, Workers: 4
[52.103s][debug][gc,phases      ] GC(27)     Total                          Min: 0, Avg: 322.0, Max: 576, Diff: 576, Sum: 1288, Workers: 4
[52.103s][debug][gc,phases      ] GC(27)   JVMTI Tag Weak OopStorage      Min:  0.0, Avg:  0.0, Max:  0.0, Diff:  0.0, Sum:  0.0, Workers: 4
[52.103s][debug][gc,phases      ] GC(27)     Dead                           Min: 0, Avg:  0.0, Max: 0, Diff: 0, Sum: 0, Workers: 4
[52.103s][debug][gc,phases      ] GC(27)     Total                          Min: 0, Avg:  0.0, Max: 0, Diff: 0, Sum: 0, Workers: 4
[52.103s][debug][gc,phases      ] GC(27)   StringTable Weak               Min:  0.1, Avg:  0.1, Max:  0.1, Diff:  0.0, Sum:  0.5, Workers: 4
[52.103s][debug][gc,phases      ] GC(27)     Dead                           Min: 0, Avg:  0.0, Max: 0, Diff: 0, Sum: 0, Workers: 4
[52.103s][debug][gc,phases      ] GC(27)     Total                          Min: 9920, Avg: 12155.8, Max: 13248, Diff: 3328, Sum: 48623, Workers: 4
[52.103s][debug][gc,phases      ] GC(27)   ResolvedMethodTable Weak       Min:  0.0, Avg:  0.0, Max:  0.0, Diff:  0.0, Sum:  0.1, Workers: 4
[52.103s][debug][gc,phases      ] GC(27)     Dead                           Min: 0, Avg:  0.0, Max: 0, Diff: 0, Sum: 0, Workers: 4
[52.103s][debug][gc,phases      ] GC(27)     Total                          Min: 1970, Avg: 2087.5, Max: 2304, Diff: 334, Sum: 8350, Workers: 4
[52.103s][debug][gc,phases      ] GC(27)   JNI Weak                       Min:  0.0, Avg:  0.0, Max:  0.0, Diff:  0.0, Sum:  0.0, Workers: 4
[52.103s][debug][gc,phases      ] GC(27)     Dead                           Min: 0, Avg:  0.0, Max: 0, Diff: 0, Sum: 0, Workers: 4
[52.103s][debug][gc,phases      ] GC(27)     Total                          Min: 0, Avg:  1.5, Max: 6, Diff: 6, Sum: 6, Workers: 4
[52.103s][debug][gc,phases      ] GC(27)   StringDedup Table Weak         Min:  0.0, Avg:  0.0, Max:  0.0, Diff:  0.0, Sum:  0.0, Workers: 4
[52.103s][debug][gc,phases      ] GC(27)     Dead                           Min: 0, Avg:  0.0, Max: 0, Diff: 0, Sum: 0, Workers: 4
[52.103s][debug][gc,phases      ] GC(27)     Total                          Min: 0, Avg:  0.0, Max: 0, Diff: 0, Sum: 0, Workers: 4
[52.103s][debug][gc,phases      ] GC(27)   StringDedup Requests0 Weak     Min:  0.0, Avg:  0.0, Max:  0.0, Diff:  0.0, Sum:  0.0, Workers: 4
[52.103s][debug][gc,phases      ] GC(27)     Dead                           Min: 0, Avg:  0.0, Max: 0, Diff: 0, Sum: 0, Workers: 4
[52.103s][debug][gc,phases      ] GC(27)     Total                          Min: 0, Avg:  0.0, Max: 0, Diff: 0, Sum: 0, Workers: 4
[52.103s][debug][gc,phases      ] GC(27)   StringDedup Requests1 Weak     Min:  0.0, Avg:  0.0, Max:  0.0, Diff:  0.0, Sum:  0.0, Workers: 4
[52.103s][debug][gc,phases      ] GC(27)     Dead                           Min: 0, Avg:  0.0, Max: 0, Diff: 0, Sum: 0, Workers: 4
[52.103s][debug][gc,phases      ] GC(27)     Total                          Min: 0, Avg:  0.0, Max: 0, Diff: 0, Sum: 0, Workers: 4
[52.103s][debug][gc,phases      ] GC(27)   Weak JFR Old Object Samples    Min:  0.0, Avg:  0.0, Max:  0.0, Diff:  0.0, Sum:  0.0, Workers: 4
[52.103s][debug][gc,phases      ] GC(27)     Dead                           Min: 0, Avg:  0.0, Max: 0, Diff: 0, Sum: 0, Workers: 4
[52.103s][debug][gc,phases      ] GC(27)     Total                          Min: 0, Avg:  0.0, Max: 0, Diff: 0, Sum: 0, Workers: 4
[52.103s][debug][gc,phases      ] GC(27) Weak Processing 0.328ms
[52.103s][debug][gc,age         ] GC(27) Desired survivor size 458227712 bytes, new threshold 5 (max threshold 15)
[52.103s][info ][gc,heap        ] GC(27) PSYoungGen: 1147523K(1622016K)->43075K(1596416K) Eden: 1121280K(1121280K)->0K(1121280K) From: 26243K(500736K)->43075K(475136K)
[52.103s][info ][gc,heap        ] GC(27) ParOldGen: 505423K(610816K)->505431K(610816K)
[52.103s][info ][gc,metaspace   ] GC(27) Metaspace: 83771K(84608K)->83771K(84608K) NonClass: 71790K(72256K)->71790K(72256K) Class: 11980K(12352K)->11980K(12352K)
[52.103s][info ][gc             ] GC(27) Pause Young (Allocation Failure) 1614M->535M(2155M) 17.388ms
[52.103s][info ][gc,cpu         ] GC(27) User=0.07s Sys=0.00s Real=0.01s
[52.104s][info ][safepoint      ] Safepoint "ParallelGCFailedAllocation", Time since last: 198499029 ns, Reaching safepoint: 585222 ns, At safepoint: 17499764 ns, Total: 18084986 ns
[52.861s][info ][safepoint      ] Safepoint "ICBufferFull", Time since last: 757345421 ns, Reaching safepoint: 196107 ns, At safepoint: 7201 ns, Total: 203308 ns
[53.861s][info ][safepoint      ] Safepoint "Cleanup", Time since last: 1000117220 ns, Reaching safepoint: 161706 ns, At safepoint: 12301 ns, Total: 174007 ns
[54.862s][info ][safepoint      ] Safepoint "Cleanup", Time since last: 1000114512 ns, Reaching safepoint: 116204 ns, At safepoint: 11000 ns, Total: 127204 ns
[55.862s][info ][safepoint      ] Safepoint "Cleanup", Time since last: 1000111104 ns, Reaching safepoint: 154906 ns, At safepoint: 8100 ns, Total: 163006 ns
[56.580s][info ][gc,start       ] GC(28) Pause Young (Allocation Failure)
[56.624s][debug][gc,phases      ] GC(28) Scavenge 43.988ms
[56.624s][debug][gc,ref         ] GC(28) Skipped phase 1 of Reference Processing: no references
[56.624s][debug][gc,ref         ] GC(28) ReferenceProcessor::execute queues: 1, RefProcThreadModel::Single, marks_oops_alive: false
[56.624s][debug][gc,ref         ] GC(28) Skipped phase 3 of Reference Processing: no references
[56.624s][debug][gc,ref         ] GC(28) ReferenceProcessor::execute queues: 1, RefProcThreadModel::Single, marks_oops_alive: false
[56.624s][debug][gc,phases      ] GC(28) Reference Processing 0.123ms
[56.624s][debug][gc,phases      ] GC(28)   VM Weak                        Min:  0.0, Avg:  0.0, Max:  0.0, Diff:  0.0, Sum:  0.0, Workers: 4
[56.624s][debug][gc,phases      ] GC(28)     Dead                           Min: 0, Avg:  0.0, Max: 0, Diff: 0, Sum: 0, Workers: 4
[56.624s][debug][gc,phases      ] GC(28)     Total                          Min: 0, Avg: 176.5, Max: 371, Diff: 371, Sum: 706, Workers: 4
[56.624s][debug][gc,phases      ] GC(28)   ObjectSynchronizer Weak        Min:  0.0, Avg:  0.0, Max:  0.0, Diff:  0.0, Sum:  0.0, Workers: 4
[56.624s][debug][gc,phases      ] GC(28)     Dead                           Min: 0, Avg:  0.2, Max: 1, Diff: 1, Sum: 1, Workers: 4
[56.624s][debug][gc,phases      ] GC(28)     Total                          Min: 0, Avg: 322.5, Max: 704, Diff: 704, Sum: 1290, Workers: 4
[56.624s][debug][gc,phases      ] GC(28)   JVMTI Tag Weak OopStorage      Min:  0.0, Avg:  0.0, Max:  0.0, Diff:  0.0, Sum:  0.0, Workers: 4
[56.624s][debug][gc,phases      ] GC(28)     Dead                           Min: 0, Avg:  0.0, Max: 0, Diff: 0, Sum: 0, Workers: 4
[56.624s][debug][gc,phases      ] GC(28)     Total                          Min: 0, Avg:  0.0, Max: 0, Diff: 0, Sum: 0, Workers: 4
[56.624s][debug][gc,phases      ] GC(28)   StringTable Weak               Min:  0.0, Avg:  0.1, Max:  0.2, Diff:  0.2, Sum:  0.4, Workers: 4
[56.624s][debug][gc,phases      ] GC(28)     Dead                           Min: 0, Avg:  0.8, Max: 3, Diff: 3, Sum: 3, Workers: 4
[56.624s][debug][gc,phases      ] GC(28)     Total                          Min: 0, Avg: 12165.0, Max: 24512, Diff: 24512, Sum: 48660, Workers: 4
[56.624s][debug][gc,phases      ] GC(28)   ResolvedMethodTable Weak       Min:  0.0, Avg:  0.0, Max:  0.0, Diff:  0.0, Sum:  0.1, Workers: 4
[56.624s][debug][gc,phases      ] GC(28)     Dead                           Min: 0, Avg:  0.0, Max: 0, Diff: 0, Sum: 0, Workers: 4
[56.624s][debug][gc,phases      ] GC(28)     Total                          Min: 0, Avg: 2100.2, Max: 4386, Diff: 4386, Sum: 8401, Workers: 4
[56.624s][debug][gc,phases      ] GC(28)   JNI Weak                       Min:  0.0, Avg:  0.0, Max:  0.0, Diff:  0.0, Sum:  0.0, Workers: 4
[56.625s][debug][gc,phases      ] GC(28)     Dead                           Min: 0, Avg:  0.0, Max: 0, Diff: 0, Sum: 0, Workers: 4
[56.625s][debug][gc,phases      ] GC(28)     Total                          Min: 0, Avg:  4.0, Max: 16, Diff: 16, Sum: 16, Workers: 4
[56.625s][debug][gc,phases      ] GC(28)   StringDedup Table Weak         Min:  0.0, Avg:  0.0, Max:  0.0, Diff:  0.0, Sum:  0.0, Workers: 4
[56.625s][debug][gc,phases      ] GC(28)     Dead                           Min: 0, Avg:  0.0, Max: 0, Diff: 0, Sum: 0, Workers: 4
[56.625s][debug][gc,phases      ] GC(28)     Total                          Min: 0, Avg:  0.0, Max: 0, Diff: 0, Sum: 0, Workers: 4
[56.625s][debug][gc,phases      ] GC(28)   StringDedup Requests0 Weak     Min:  0.0, Avg:  0.0, Max:  0.0, Diff:  0.0, Sum:  0.0, Workers: 4
[56.625s][debug][gc,phases      ] GC(28)     Dead                           Min: 0, Avg:  0.0, Max: 0, Diff: 0, Sum: 0, Workers: 4
[56.625s][debug][gc,phases      ] GC(28)     Total                          Min: 0, Avg:  0.0, Max: 0, Diff: 0, Sum: 0, Workers: 4
[56.625s][debug][gc,phases      ] GC(28)   StringDedup Requests1 Weak     Min:  0.0, Avg:  0.0, Max:  0.0, Diff:  0.0, Sum:  0.0, Workers: 4
[56.625s][debug][gc,phases      ] GC(28)     Dead                           Min: 0, Avg:  0.0, Max: 0, Diff: 0, Sum: 0, Workers: 4
[56.625s][debug][gc,phases      ] GC(28)     Total                          Min: 0, Avg:  0.0, Max: 0, Diff: 0, Sum: 0, Workers: 4
[56.625s][debug][gc,phases      ] GC(28)   Weak JFR Old Object Samples    Min:  0.0, Avg:  0.0, Max:  0.0, Diff:  0.0, Sum:  0.0, Workers: 4
[56.625s][debug][gc,phases      ] GC(28)     Dead                           Min: 0, Avg:  0.0, Max: 0, Diff: 0, Sum: 0, Workers: 4
[56.625s][debug][gc,phases      ] GC(28)     Total                          Min: 0, Avg:  0.0, Max: 0, Diff: 0, Sum: 0, Workers: 4
[56.625s][debug][gc,phases      ] GC(28) Weak Processing 0.496ms
[56.625s][debug][gc,age         ] GC(28) Desired survivor size 429391872 bytes, new threshold 6 (max threshold 15)
[56.625s][info ][gc,heap        ] GC(28) PSYoungGen: 1164355K(1596416K)->49217K(1677824K) Eden: 1121280K(1121280K)->0K(1230336K) From: 43075K(475136K)->49217K(447488K)
[56.625s][info ][gc,heap        ] GC(28) ParOldGen: 505431K(610816K)->505439K(610816K)
[56.625s][info ][gc,metaspace   ] GC(28) Metaspace: 83939K(84800K)->83939K(84800K) NonClass: 71928K(72384K)->71928K(72384K) Class: 12010K(12416K)->12010K(12416K)
[56.625s][info ][gc             ] GC(28) Pause Young (Allocation Failure) 1630M->541M(2235M) 44.752ms
[56.625s][info ][gc,cpu         ] GC(28) User=0.10s Sys=0.00s Real=0.04s
[56.625s][info ][safepoint      ] Safepoint "ParallelGCFailedAllocation", Time since last: 717697395 ns, Reaching safepoint: 288611 ns, At safepoint: 44862200 ns, Total: 45150811 ns
[56.911s][info ][safepoint      ] Safepoint "ParallelGCFailedAllocation", Time since last: 286551956 ns, Reaching safepoint: 82003 ns, At safepoint: 29001 ns, Total: 111004 ns
[56.914s][info ][gc,start       ] GC(29) Pause Young (GCLocker Initiated GC)
[56.975s][debug][gc,phases      ] GC(29) Scavenge 60.645ms
[56.975s][debug][gc,ref         ] GC(29) Skipped phase 1 of Reference Processing: no references
[56.975s][debug][gc,ref         ] GC(29) ReferenceProcessor::execute queues: 1, RefProcThreadModel::Single, marks_oops_alive: false
[56.975s][debug][gc,ref         ] GC(29) Skipped phase 3 of Reference Processing: no references
[56.975s][debug][gc,ref         ] GC(29) ReferenceProcessor::execute queues: 1, RefProcThreadModel::Single, marks_oops_alive: false
[56.975s][debug][gc,phases      ] GC(29) Reference Processing 0.136ms
[56.975s][debug][gc,phases      ] GC(29)   VM Weak                        Min:  0.0, Avg:  0.0, Max:  0.0, Diff:  0.0, Sum:  0.0, Workers: 4
[56.975s][debug][gc,phases      ] GC(29)     Dead                           Min: 0, Avg:  0.0, Max: 0, Diff: 0, Sum: 0, Workers: 4
[56.975s][debug][gc,phases      ] GC(29)     Total                          Min: 0, Avg: 176.5, Max: 563, Diff: 563, Sum: 706, Workers: 4
[56.975s][debug][gc,phases      ] GC(29)   ObjectSynchronizer Weak        Min:  0.0, Avg:  0.0, Max:  0.0, Diff:  0.0, Sum:  0.0, Workers: 4
[56.975s][debug][gc,phases      ] GC(29)     Dead                           Min: 0, Avg:  0.5, Max: 1, Diff: 1, Sum: 2, Workers: 4
[56.975s][debug][gc,phases      ] GC(29)     Total                          Min: 157, Avg: 343.2, Max: 512, Diff: 355, Sum: 1373, Workers: 4
[56.975s][debug][gc,phases      ] GC(29)   JVMTI Tag Weak OopStorage      Min:  0.0, Avg:  0.0, Max:  0.0, Diff:  0.0, Sum:  0.0, Workers: 4
[56.975s][debug][gc,phases      ] GC(29)     Dead                           Min: 0, Avg:  0.0, Max: 0, Diff: 0, Sum: 0, Workers: 4
[56.975s][debug][gc,phases      ] GC(29)     Total                          Min: 0, Avg:  0.0, Max: 0, Diff: 0, Sum: 0, Workers: 4
[56.975s][debug][gc,phases      ] GC(29)   StringTable Weak               Min:  0.1, Avg:  0.1, Max:  0.1, Diff:  0.0, Sum:  0.5, Workers: 4
[56.975s][debug][gc,phases      ] GC(29)     Dead                           Min: 0, Avg:  0.0, Max: 0, Diff: 0, Sum: 0, Workers: 4
[56.975s][debug][gc,phases      ] GC(29)     Total                          Min: 10843, Avg: 12166.8, Max: 13056, Diff: 2213, Sum: 48667, Workers: 4
[56.975s][debug][gc,phases      ] GC(29)   ResolvedMethodTable Weak       Min:  0.0, Avg:  0.0, Max:  0.0, Diff:  0.0, Sum:  0.1, Workers: 4
[56.975s][debug][gc,phases      ] GC(29)     Dead                           Min: 0, Avg:  0.0, Max: 0, Diff: 0, Sum: 0, Workers: 4
[56.975s][debug][gc,phases      ] GC(29)     Total                          Min: 1847, Avg: 2102.2, Max: 2304, Diff: 457, Sum: 8409, Workers: 4
[56.975s][debug][gc,phases      ] GC(29)   JNI Weak                       Min:  0.0, Avg:  0.0, Max:  0.0, Diff:  0.0, Sum:  0.0, Workers: 4
[56.975s][debug][gc,phases      ] GC(29)     Dead                           Min: 0, Avg:  0.0, Max: 0, Diff: 0, Sum: 0, Workers: 4
[56.975s][debug][gc,phases      ] GC(29)     Total                          Min: 0, Avg:  4.5, Max: 18, Diff: 18, Sum: 18, Workers: 4
[56.975s][debug][gc,phases      ] GC(29)   StringDedup Table Weak         Min:  0.0, Avg:  0.0, Max:  0.0, Diff:  0.0, Sum:  0.0, Workers: 4
[56.975s][debug][gc,phases      ] GC(29)     Dead                           Min: 0, Avg:  0.0, Max: 0, Diff: 0, Sum: 0, Workers: 4
[56.975s][debug][gc,phases      ] GC(29)     Total                          Min: 0, Avg:  0.0, Max: 0, Diff: 0, Sum: 0, Workers: 4
[56.975s][debug][gc,phases      ] GC(29)   StringDedup Requests0 Weak     Min:  0.0, Avg:  0.0, Max:  0.0, Diff:  0.0, Sum:  0.0, Workers: 4
[56.975s][debug][gc,phases      ] GC(29)     Dead                           Min: 0, Avg:  0.0, Max: 0, Diff: 0, Sum: 0, Workers: 4
[56.975s][debug][gc,phases      ] GC(29)     Total                          Min: 0, Avg:  0.0, Max: 0, Diff: 0, Sum: 0, Workers: 4
[56.975s][debug][gc,phases      ] GC(29)   StringDedup Requests1 Weak     Min:  0.0, Avg:  0.0, Max:  0.0, Diff:  0.0, Sum:  0.0, Workers: 4
[56.975s][debug][gc,phases      ] GC(29)     Dead                           Min: 0, Avg:  0.0, Max: 0, Diff: 0, Sum: 0, Workers: 4
[56.975s][debug][gc,phases      ] GC(29)     Total                          Min: 0, Avg:  0.0, Max: 0, Diff: 0, Sum: 0, Workers: 4
[56.975s][debug][gc,phases      ] GC(29)   Weak JFR Old Object Samples    Min:  0.0, Avg:  0.0, Max:  0.0, Diff:  0.0, Sum:  0.0, Workers: 4
[56.975s][debug][gc,phases      ] GC(29)     Dead                           Min: 0, Avg:  0.0, Max: 0, Diff: 0, Sum: 0, Workers: 4
[56.975s][debug][gc,phases      ] GC(29)     Total                          Min: 0, Avg:  0.0, Max: 0, Diff: 0, Sum: 0, Workers: 4
[56.975s][debug][gc,phases      ] GC(29) Weak Processing 0.399ms
[56.975s][debug][gc,age         ] GC(29) Desired survivor size 406323200 bytes, new threshold 7 (max threshold 15)
[56.975s][info ][gc,heap        ] GC(29) PSYoungGen: 1279553K(1677824K)->116967K(1649664K) Eden: 1230336K(1230336K)->0K(1230336K) From: 49217K(447488K)->116967K(419328K)
[56.975s][info ][gc,heap        ] GC(29) ParOldGen: 505441K(610816K)->505449K(610816K)
[56.975s][info ][gc,metaspace   ] GC(29) Metaspace: 83960K(84800K)->83960K(84800K) NonClass: 71947K(72384K)->71947K(72384K) Class: 12013K(12416K)->12013K(12416K)
[56.975s][info ][gc             ] GC(29) Pause Young (GCLocker Initiated GC) 1743M->607M(2207M) 61.316ms
[56.975s][info ][gc,cpu         ] GC(29) User=0.26s Sys=0.00s Real=0.06s
[56.976s][info ][safepoint      ] Safepoint "ParallelGCSystemGC", Time since last: 2624100 ns, Reaching safepoint: 106204 ns, At safepoint: 61415827 ns, Total: 61522031 ns
[57.327s][info ][safepoint      ] Safepoint "ParallelGCFailedAllocation", Time since last: 351507017 ns, Reaching safepoint: 177607 ns, At safepoint: 23601 ns, Total: 201208 ns
[57.328s][info ][gc,start       ] GC(30) Pause Young (GCLocker Initiated GC)
[57.378s][debug][gc,phases      ] GC(30) Scavenge 49.577ms
[57.378s][debug][gc,ref         ] GC(30) Skipped phase 1 of Reference Processing: no references
[57.378s][debug][gc,ref         ] GC(30) ReferenceProcessor::execute queues: 1, RefProcThreadModel::Single, marks_oops_alive: false
[57.378s][debug][gc,ref         ] GC(30) Skipped phase 3 of Reference Processing: no references
[57.378s][debug][gc,ref         ] GC(30) ReferenceProcessor::execute queues: 1, RefProcThreadModel::Single, marks_oops_alive: false
[57.378s][debug][gc,phases      ] GC(30) Reference Processing 0.118ms
[57.378s][debug][gc,phases      ] GC(30)   VM Weak                        Min:  0.0, Avg:  0.0, Max:  0.0, Diff:  0.0, Sum:  0.0, Workers: 4
[57.378s][debug][gc,phases      ] GC(30)     Dead                           Min: 0, Avg:  0.0, Max: 0, Diff: 0, Sum: 0, Workers: 4
[57.378s][debug][gc,phases      ] GC(30)     Total                          Min: 0, Avg: 176.5, Max: 463, Diff: 463, Sum: 706, Workers: 4
[57.378s][debug][gc,phases      ] GC(30)   ObjectSynchronizer Weak        Min:  0.0, Avg:  0.0, Max:  0.0, Diff:  0.0, Sum:  0.0, Workers: 4
[57.378s][debug][gc,phases      ] GC(30)     Dead                           Min: 0, Avg:  2.5, Max: 7, Diff: 7, Sum: 10, Workers: 4
[57.378s][debug][gc,phases      ] GC(30)     Total                          Min: 64, Avg: 376.5, Max: 512, Diff: 448, Sum: 1506, Workers: 4
[57.378s][debug][gc,phases      ] GC(30)   JVMTI Tag Weak OopStorage      Min:  0.0, Avg:  0.0, Max:  0.0, Diff:  0.0, Sum:  0.0, Workers: 4
[57.378s][debug][gc,phases      ] GC(30)     Dead                           Min: 0, Avg:  0.0, Max: 0, Diff: 0, Sum: 0, Workers: 4
[57.378s][debug][gc,phases      ] GC(30)     Total                          Min: 0, Avg:  0.0, Max: 0, Diff: 0, Sum: 0, Workers: 4
[57.378s][debug][gc,phases      ] GC(30)   StringTable Weak               Min:  0.1, Avg:  0.1, Max:  0.1, Diff:  0.0, Sum:  0.5, Workers: 4
[57.378s][debug][gc,phases      ] GC(30)     Dead                           Min: 0, Avg:  0.0, Max: 0, Diff: 0, Sum: 0, Workers: 4
[57.378s][debug][gc,phases      ] GC(30)     Total                          Min: 11456, Avg: 12168.8, Max: 13120, Diff: 1664, Sum: 48675, Workers: 4
[57.378s][debug][gc,phases      ] GC(30)   ResolvedMethodTable Weak       Min:  0.0, Avg:  0.0, Max:  0.0, Diff:  0.0, Sum:  0.1, Workers: 4
[57.378s][debug][gc,phases      ] GC(30)     Dead                           Min: 0, Avg:  0.0, Max: 0, Diff: 0, Sum: 0, Workers: 4
[57.378s][debug][gc,phases      ] GC(30)     Total                          Min: 1847, Avg: 2102.2, Max: 2299, Diff: 452, Sum: 8409, Workers: 4
[57.378s][debug][gc,phases      ] GC(30)   JNI Weak                       Min:  0.0, Avg:  0.0, Max:  0.0, Diff:  0.0, Sum:  0.0, Workers: 4
[57.378s][debug][gc,phases      ] GC(30)     Dead                           Min: 0, Avg:  0.0, Max: 0, Diff: 0, Sum: 0, Workers: 4
[57.378s][debug][gc,phases      ] GC(30)     Total                          Min: 0, Avg:  3.5, Max: 14, Diff: 14, Sum: 14, Workers: 4
[57.378s][debug][gc,phases      ] GC(30)   StringDedup Table Weak         Min:  0.0, Avg:  0.0, Max:  0.0, Diff:  0.0, Sum:  0.0, Workers: 4
[57.378s][debug][gc,phases      ] GC(30)     Dead                           Min: 0, Avg:  0.0, Max: 0, Diff: 0, Sum: 0, Workers: 4
[57.378s][debug][gc,phases      ] GC(30)     Total                          Min: 0, Avg:  0.0, Max: 0, Diff: 0, Sum: 0, Workers: 4
[57.378s][debug][gc,phases      ] GC(30)   StringDedup Requests0 Weak     Min:  0.0, Avg:  0.0, Max:  0.0, Diff:  0.0, Sum:  0.0, Workers: 4
[57.378s][debug][gc,phases      ] GC(30)     Dead                           Min: 0, Avg:  0.0, Max: 0, Diff: 0, Sum: 0, Workers: 4
[57.378s][debug][gc,phases      ] GC(30)     Total                          Min: 0, Avg:  0.0, Max: 0, Diff: 0, Sum: 0, Workers: 4
[57.378s][debug][gc,phases      ] GC(30)   StringDedup Requests1 Weak     Min:  0.0, Avg:  0.0, Max:  0.0, Diff:  0.0, Sum:  0.0, Workers: 4
[57.378s][debug][gc,phases      ] GC(30)     Dead                           Min: 0, Avg:  0.0, Max: 0, Diff: 0, Sum: 0, Workers: 4
[57.378s][debug][gc,phases      ] GC(30)     Total                          Min: 0, Avg:  0.0, Max: 0, Diff: 0, Sum: 0, Workers: 4
[57.378s][debug][gc,phases      ] GC(30)   Weak JFR Old Object Samples    Min:  0.0, Avg:  0.0, Max:  0.0, Diff:  0.0, Sum:  0.0, Workers: 4
[57.378s][debug][gc,phases      ] GC(30)     Dead                           Min: 0, Avg:  0.0, Max: 0, Diff: 0, Sum: 0, Workers: 4
[57.378s][debug][gc,phases      ] GC(30)     Total                          Min: 0, Avg:  0.0, Max: 0, Diff: 0, Sum: 0, Workers: 4
[57.378s][debug][gc,phases      ] GC(30) Weak Processing 0.385ms
[57.378s][debug][gc,age         ] GC(30) Desired survivor size 393216000 bytes, new threshold 8 (max threshold 15)
[57.378s][info ][gc,heap        ] GC(30) PSYoungGen: 1347303K(1649664K)->139352K(1713152K) Eden: 1230336K(1230336K)->0K(1316352K) From: 116967K(419328K)->139352K(396800K)
[57.378s][info ][gc,heap        ] GC(30) ParOldGen: 505484K(610816K)->505484K(610816K)
[57.378s][info ][gc,metaspace   ] GC(30) Metaspace: 83979K(84800K)->83979K(84800K) NonClass: 71965K(72384K)->71965K(72384K) Class: 12014K(12416K)->12014K(12416K)
[57.378s][info ][gc             ] GC(30) Pause Young (GCLocker Initiated GC) 1809M->629M(2269M) 50.203ms
[57.378s][info ][gc,cpu         ] GC(30) User=0.19s Sys=0.00s Real=0.05s
[57.378s][info ][safepoint      ] Safepoint "ParallelGCSystemGC", Time since last: 553521 ns, Reaching safepoint: 91403 ns, At safepoint: 50295105 ns, Total: 50386508 ns
[57.670s][info ][gc,start       ] GC(31) Pause Young (Allocation Failure)
[57.719s][debug][gc,phases      ] GC(31) Scavenge 49.057ms
[57.719s][debug][gc,ref         ] GC(31) Skipped phase 1 of Reference Processing: no references
[57.719s][debug][gc,ref         ] GC(31) ReferenceProcessor::execute queues: 1, RefProcThreadModel::Single, marks_oops_alive: false
[57.719s][debug][gc,ref         ] GC(31) Skipped phase 3 of Reference Processing: no references
[57.719s][debug][gc,ref         ] GC(31) ReferenceProcessor::execute queues: 1, RefProcThreadModel::Single, marks_oops_alive: false
[57.719s][debug][gc,phases      ] GC(31) Reference Processing 0.119ms
[57.719s][debug][gc,phases      ] GC(31)   VM Weak                        Min:  0.0, Avg:  0.0, Max:  0.0, Diff:  0.0, Sum:  0.0, Workers: 4
[57.719s][debug][gc,phases      ] GC(31)     Dead                           Min: 0, Avg:  0.0, Max: 0, Diff: 0, Sum: 0, Workers: 4
[57.719s][debug][gc,phases      ] GC(31)     Total                          Min: 0, Avg: 176.5, Max: 591, Diff: 591, Sum: 706, Workers: 4
[57.719s][debug][gc,phases      ] GC(31)   ObjectSynchronizer Weak        Min:  0.0, Avg:  0.0, Max:  0.0, Diff:  0.0, Sum:  0.0, Workers: 4
[57.719s][debug][gc,phases      ] GC(31)     Dead                           Min: 0, Avg:  1.5, Max: 3, Diff: 3, Sum: 6, Workers: 4
[57.719s][debug][gc,phases      ] GC(31)     Total                          Min: 64, Avg: 428.5, Max: 576, Diff: 512, Sum: 1714, Workers: 4
[57.719s][debug][gc,phases      ] GC(31)   JVMTI Tag Weak OopStorage      Min:  0.0, Avg:  0.0, Max:  0.0, Diff:  0.0, Sum:  0.0, Workers: 4
[57.719s][debug][gc,phases      ] GC(31)     Dead                           Min: 0, Avg:  0.0, Max: 0, Diff: 0, Sum: 0, Workers: 4
[57.719s][debug][gc,phases      ] GC(31)     Total                          Min: 0, Avg:  0.0, Max: 0, Diff: 0, Sum: 0, Workers: 4
[57.719s][debug][gc,phases      ] GC(31)   StringTable Weak               Min:  0.1, Avg:  0.1, Max:  0.1, Diff:  0.0, Sum:  0.5, Workers: 4
[57.719s][debug][gc,phases      ] GC(31)     Dead                           Min: 0, Avg:  0.2, Max: 1, Diff: 1, Sum: 1, Workers: 4
[57.719s][debug][gc,phases      ] GC(31)     Total                          Min: 10943, Avg: 12169.0, Max: 12928, Diff: 1985, Sum: 48676, Workers: 4
[57.719s][debug][gc,phases      ] GC(31)   ResolvedMethodTable Weak       Min:  0.0, Avg:  0.0, Max:  0.0, Diff:  0.0, Sum:  0.1, Workers: 4
[57.719s][debug][gc,phases      ] GC(31)     Dead                           Min: 0, Avg:  0.0, Max: 0, Diff: 0, Sum: 0, Workers: 4
[57.719s][debug][gc,phases      ] GC(31)     Total                          Min: 1975, Avg: 2102.2, Max: 2287, Diff: 312, Sum: 8409, Workers: 4
[57.719s][debug][gc,phases      ] GC(31)   JNI Weak                       Min:  0.0, Avg:  0.0, Max:  0.0, Diff:  0.0, Sum:  0.0, Workers: 4
[57.719s][debug][gc,phases      ] GC(31)     Dead                           Min: 0, Avg:  0.0, Max: 0, Diff: 0, Sum: 0, Workers: 4
[57.719s][debug][gc,phases      ] GC(31)     Total                          Min: 0, Avg:  5.0, Max: 20, Diff: 20, Sum: 20, Workers: 4
[57.719s][debug][gc,phases      ] GC(31)   StringDedup Table Weak         Min:  0.0, Avg:  0.0, Max:  0.0, Diff:  0.0, Sum:  0.0, Workers: 4
[57.719s][debug][gc,phases      ] GC(31)     Dead                           Min: 0, Avg:  0.0, Max: 0, Diff: 0, Sum: 0, Workers: 4
[57.719s][debug][gc,phases      ] GC(31)     Total                          Min: 0, Avg:  0.0, Max: 0, Diff: 0, Sum: 0, Workers: 4
[57.719s][debug][gc,phases      ] GC(31)   StringDedup Requests0 Weak     Min:  0.0, Avg:  0.0, Max:  0.0, Diff:  0.0, Sum:  0.0, Workers: 4
[57.719s][debug][gc,phases      ] GC(31)     Dead                           Min: 0, Avg:  0.0, Max: 0, Diff: 0, Sum: 0, Workers: 4
[57.719s][debug][gc,phases      ] GC(31)     Total                          Min: 0, Avg:  0.0, Max: 0, Diff: 0, Sum: 0, Workers: 4
[57.719s][debug][gc,phases      ] GC(31)   StringDedup Requests1 Weak     Min:  0.0, Avg:  0.0, Max:  0.0, Diff:  0.0, Sum:  0.0, Workers: 4
[57.719s][debug][gc,phases      ] GC(31)     Dead                           Min: 0, Avg:  0.0, Max: 0, Diff: 0, Sum: 0, Workers: 4
[57.719s][debug][gc,phases      ] GC(31)     Total                          Min: 0, Avg:  0.0, Max: 0, Diff: 0, Sum: 0, Workers: 4
[57.719s][debug][gc,phases      ] GC(31)   Weak JFR Old Object Samples    Min:  0.0, Avg:  0.0, Max:  0.0, Diff:  0.0, Sum:  0.0, Workers: 4
[57.719s][debug][gc,phases      ] GC(31)     Dead                           Min: 0, Avg:  0.0, Max: 0, Diff: 0, Sum: 0, Workers: 4
[57.719s][debug][gc,phases      ] GC(31)     Total                          Min: 0, Avg:  0.0, Max: 0, Diff: 0, Sum: 0, Workers: 4
[57.719s][debug][gc,phases      ] GC(31) Weak Processing 0.353ms
[57.719s][debug][gc,age         ] GC(31) Desired survivor size 376438784 bytes, new threshold 9 (max threshold 15)
[57.719s][info ][gc,heap        ] GC(31) PSYoungGen: 1455704K(1713152K)->130693K(1700352K) Eden: 1316352K(1316352K)->0K(1316352K) From: 139352K(396800K)->130693K(384000K)
[57.719s][info ][gc,heap        ] GC(31) ParOldGen: 505529K(610816K)->505529K(610816K)
[57.719s][info ][gc,metaspace   ] GC(31) Metaspace: 84001K(84864K)->84001K(84864K) NonClass: 71986K(72448K)->71986K(72448K) Class: 12014K(12416K)->12014K(12416K)
[57.720s][info ][gc             ] GC(31) Pause Young (Allocation Failure) 1915M->621M(2257M) 49.651ms
[57.720s][info ][gc,cpu         ] GC(31) User=0.25s Sys=0.00s Real=0.05s
[57.720s][info ][safepoint      ] Safepoint "ParallelGCFailedAllocation", Time since last: 291508642 ns, Reaching safepoint: 136505 ns, At safepoint: 49755485 ns, Total: 49891990 ns
[57.937s][info ][safepoint      ] Safepoint "ParallelGCFailedAllocation", Time since last: 217143025 ns, Reaching safepoint: 151906 ns, At safepoint: 37601 ns, Total: 189507 ns
[57.937s][info ][gc,start       ] GC(32) Pause Young (GCLocker Initiated GC)
[57.980s][debug][gc,phases      ] GC(32) Scavenge 42.650ms
[57.980s][debug][gc,ref         ] GC(32) Skipped phase 1 of Reference Processing: no references
[57.980s][debug][gc,ref         ] GC(32) ReferenceProcessor::execute queues: 1, RefProcThreadModel::Single, marks_oops_alive: false
[57.980s][debug][gc,ref         ] GC(32) Skipped phase 3 of Reference Processing: no references
[57.980s][debug][gc,ref         ] GC(32) ReferenceProcessor::execute queues: 1, RefProcThreadModel::Single, marks_oops_alive: false
[57.980s][debug][gc,phases      ] GC(32) Reference Processing 0.115ms
[57.980s][debug][gc,phases      ] GC(32)   VM Weak                        Min:  0.0, Avg:  0.0, Max:  0.0, Diff:  0.0, Sum:  0.0, Workers: 4
[57.980s][debug][gc,phases      ] GC(32)     Dead                           Min: 0, Avg:  0.0, Max: 0, Diff: 0, Sum: 0, Workers: 4
[57.980s][debug][gc,phases      ] GC(32)     Total                          Min: 0, Avg: 176.5, Max: 499, Diff: 499, Sum: 706, Workers: 4
[57.980s][debug][gc,phases      ] GC(32)   ObjectSynchronizer Weak        Min:  0.0, Avg:  0.0, Max:  0.0, Diff:  0.0, Sum:  0.0, Workers: 4
[57.980s][debug][gc,phases      ] GC(32)     Dead                           Min: 0, Avg:  0.0, Max: 0, Diff: 0, Sum: 0, Workers: 4
[57.980s][debug][gc,phases      ] GC(32)     Total                          Min: 178, Avg: 428.5, Max: 512, Diff: 334, Sum: 1714, Workers: 4
[57.980s][debug][gc,phases      ] GC(32)   JVMTI Tag Weak OopStorage      Min:  0.0, Avg:  0.0, Max:  0.0, Diff:  0.0, Sum:  0.0, Workers: 4
[57.980s][debug][gc,phases      ] GC(32)     Dead                           Min: 0, Avg:  0.0, Max: 0, Diff: 0, Sum: 0, Workers: 4
[57.980s][debug][gc,phases      ] GC(32)     Total                          Min: 0, Avg:  0.0, Max: 0, Diff: 0, Sum: 0, Workers: 4
[57.980s][debug][gc,phases      ] GC(32)   StringTable Weak               Min:  0.1, Avg:  0.1, Max:  0.1, Diff:  0.0, Sum:  0.5, Workers: 4
[57.980s][debug][gc,phases      ] GC(32)     Dead                           Min: 0, Avg:  0.0, Max: 0, Diff: 0, Sum: 0, Workers: 4
[57.980s][debug][gc,phases      ] GC(32)     Total                          Min: 11328, Avg: 12169.0, Max: 12900, Diff: 1572, Sum: 48676, Workers: 4
[57.980s][debug][gc,phases      ] GC(32)   ResolvedMethodTable Weak       Min:  0.0, Avg:  0.0, Max:  0.0, Diff:  0.0, Sum:  0.1, Workers: 4
[57.980s][debug][gc,phases      ] GC(32)     Dead                           Min: 0, Avg:  0.0, Max: 0, Diff: 0, Sum: 0, Workers: 4
[57.980s][debug][gc,phases      ] GC(32)     Total                          Min: 1963, Avg: 2102.2, Max: 2168, Diff: 205, Sum: 8409, Workers: 4
[57.980s][debug][gc,phases      ] GC(32)   JNI Weak                       Min:  0.0, Avg:  0.0, Max:  0.0, Diff:  0.0, Sum:  0.0, Workers: 4
[57.980s][debug][gc,phases      ] GC(32)     Dead                           Min: 0, Avg:  0.0, Max: 0, Diff: 0, Sum: 0, Workers: 4
[57.980s][debug][gc,phases      ] GC(32)     Total                          Min: 0, Avg:  5.0, Max: 20, Diff: 20, Sum: 20, Workers: 4
[57.980s][debug][gc,phases      ] GC(32)   StringDedup Table Weak         Min:  0.0, Avg:  0.0, Max:  0.0, Diff:  0.0, Sum:  0.0, Workers: 4
[57.980s][debug][gc,phases      ] GC(32)     Dead                           Min: 0, Avg:  0.0, Max: 0, Diff: 0, Sum: 0, Workers: 4
[57.980s][debug][gc,phases      ] GC(32)     Total                          Min: 0, Avg:  0.0, Max: 0, Diff: 0, Sum: 0, Workers: 4
[57.980s][debug][gc,phases      ] GC(32)   StringDedup Requests0 Weak     Min:  0.0, Avg:  0.0, Max:  0.0, Diff:  0.0, Sum:  0.0, Workers: 4
[57.980s][debug][gc,phases      ] GC(32)     Dead                           Min: 0, Avg:  0.0, Max: 0, Diff: 0, Sum: 0, Workers: 4
[57.980s][debug][gc,phases      ] GC(32)     Total                          Min: 0, Avg:  0.0, Max: 0, Diff: 0, Sum: 0, Workers: 4
[57.980s][debug][gc,phases      ] GC(32)   StringDedup Requests1 Weak     Min:  0.0, Avg:  0.0, Max:  0.0, Diff:  0.0, Sum:  0.0, Workers: 4
[57.980s][debug][gc,phases      ] GC(32)     Dead                           Min: 0, Avg:  0.0, Max: 0, Diff: 0, Sum: 0, Workers: 4
[57.980s][debug][gc,phases      ] GC(32)     Total                          Min: 0, Avg:  0.0, Max: 0, Diff: 0, Sum: 0, Workers: 4
[57.980s][debug][gc,phases      ] GC(32)   Weak JFR Old Object Samples    Min:  0.0, Avg:  0.0, Max:  0.0, Diff:  0.0, Sum:  0.0, Workers: 4
[57.980s][debug][gc,phases      ] GC(32)     Dead                           Min: 0, Avg:  0.0, Max: 0, Diff: 0, Sum: 0, Workers: 4
[57.980s][debug][gc,phases      ] GC(32)     Total                          Min: 0, Avg:  0.0, Max: 0, Diff: 0, Sum: 0, Workers: 4
[57.980s][debug][gc,phases      ] GC(32) Weak Processing 0.336ms
[57.980s][debug][gc,age         ] GC(32) Desired survivor size 359137280 bytes, new threshold 10 (max threshold 15)
[57.980s][info ][gc,heap        ] GC(32) PSYoungGen: 1447045K(1700352K)->126316K(1746432K) Eden: 1316352K(1316352K)->0K(1378816K) From: 130693K(384000K)->126316K(367616K)
[57.980s][info ][gc,heap        ] GC(32) ParOldGen: 505574K(610816K)->505582K(610816K)
[57.980s][info ][gc,metaspace   ] GC(32) Metaspace: 84015K(84864K)->84015K(84864K) NonClass: 72000K(72448K)->72000K(72448K) Class: 12014K(12416K)->12014K(12416K)
[57.980s][info ][gc             ] GC(32) Pause Young (GCLocker Initiated GC) 1906M->617M(2302M) 43.231ms
[57.980s][info ][gc,cpu         ] GC(32) User=0.17s Sys=0.00s Real=0.04s
[57.980s][info ][safepoint      ] Safepoint "ParallelGCSystemGC", Time since last: 110104 ns, Reaching safepoint: 90504 ns, At safepoint: 43332841 ns, Total: 43423345 ns
[58.191s][info ][safepoint      ] Safepoint "ParallelGCFailedAllocation", Time since last: 209898351 ns, Reaching safepoint: 135805 ns, At safepoint: 31001 ns, Total: 166806 ns
[58.192s][info ][gc,start       ] GC(33) Pause Young (GCLocker Initiated GC)
[58.236s][debug][gc,phases      ] GC(33) Scavenge 43.851ms
[58.236s][debug][gc,ref         ] GC(33) Skipped phase 1 of Reference Processing: no references
[58.236s][debug][gc,ref         ] GC(33) ReferenceProcessor::execute queues: 1, RefProcThreadModel::Single, marks_oops_alive: false
[58.236s][debug][gc,ref         ] GC(33) Skipped phase 3 of Reference Processing: no references
[58.236s][debug][gc,ref         ] GC(33) ReferenceProcessor::execute queues: 1, RefProcThreadModel::Single, marks_oops_alive: false
[58.236s][debug][gc,phases      ] GC(33) Reference Processing 0.127ms
[58.236s][debug][gc,phases      ] GC(33)   VM Weak                        Min:  0.0, Avg:  0.0, Max:  0.0, Diff:  0.0, Sum:  0.0, Workers: 4
[58.236s][debug][gc,phases      ] GC(33)     Dead                           Min: 0, Avg:  0.0, Max: 0, Diff: 0, Sum: 0, Workers: 4
[58.236s][debug][gc,phases      ] GC(33)     Total                          Min: 0, Avg: 176.5, Max: 384, Diff: 384, Sum: 706, Workers: 4
[58.236s][debug][gc,phases      ] GC(33)   ObjectSynchronizer Weak        Min:  0.0, Avg:  0.0, Max:  0.0, Diff:  0.0, Sum:  0.0, Workers: 4
[58.236s][debug][gc,phases      ] GC(33)     Dead                           Min: 0, Avg:  0.0, Max: 0, Diff: 0, Sum: 0, Workers: 4
[58.236s][debug][gc,phases      ] GC(33)     Total                          Min: 320, Avg: 428.5, Max: 512, Diff: 192, Sum: 1714, Workers: 4
[58.236s][debug][gc,phases      ] GC(33)   JVMTI Tag Weak OopStorage      Min:  0.0, Avg:  0.0, Max:  0.0, Diff:  0.0, Sum:  0.0, Workers: 4
[58.236s][debug][gc,phases      ] GC(33)     Dead                           Min: 0, Avg:  0.0, Max: 0, Diff: 0, Sum: 0, Workers: 4
[58.236s][debug][gc,phases      ] GC(33)     Total                          Min: 0, Avg:  0.0, Max: 0, Diff: 0, Sum: 0, Workers: 4
[58.236s][debug][gc,phases      ] GC(33)   StringTable Weak               Min:  0.1, Avg:  0.1, Max:  0.1, Diff:  0.0, Sum:  0.5, Workers: 4
[58.236s][debug][gc,phases      ] GC(33)     Dead                           Min: 0, Avg:  0.0, Max: 0, Diff: 0, Sum: 0, Workers: 4
[58.236s][debug][gc,phases      ] GC(33)     Total                          Min: 11776, Avg: 12169.0, Max: 12544, Diff: 768, Sum: 48676, Workers: 4
[58.236s][debug][gc,phases      ] GC(33)   ResolvedMethodTable Weak       Min:  0.0, Avg:  0.0, Max:  0.0, Diff:  0.0, Sum:  0.1, Workers: 4
[58.236s][debug][gc,phases      ] GC(33)     Dead                           Min: 0, Avg:  0.0, Max: 0, Diff: 0, Sum: 0, Workers: 4
[58.236s][debug][gc,phases      ] GC(33)     Total                          Min: 1719, Avg: 2102.2, Max: 2351, Diff: 632, Sum: 8409, Workers: 4
[58.236s][debug][gc,phases      ] GC(33)   JNI Weak                       Min:  0.0, Avg:  0.0, Max:  0.0, Diff:  0.0, Sum:  0.0, Workers: 4
[58.236s][debug][gc,phases      ] GC(33)     Dead                           Min: 0, Avg:  0.0, Max: 0, Diff: 0, Sum: 0, Workers: 4
[58.236s][debug][gc,phases      ] GC(33)     Total                          Min: 0, Avg:  4.0, Max: 16, Diff: 16, Sum: 16, Workers: 4
[58.236s][debug][gc,phases      ] GC(33)   StringDedup Table Weak         Min:  0.0, Avg:  0.0, Max:  0.0, Diff:  0.0, Sum:  0.0, Workers: 4
[58.236s][debug][gc,phases      ] GC(33)     Dead                           Min: 0, Avg:  0.0, Max: 0, Diff: 0, Sum: 0, Workers: 4
[58.236s][debug][gc,phases      ] GC(33)     Total                          Min: 0, Avg:  0.0, Max: 0, Diff: 0, Sum: 0, Workers: 4
[58.236s][debug][gc,phases      ] GC(33)   StringDedup Requests0 Weak     Min:  0.0, Avg:  0.0, Max:  0.0, Diff:  0.0, Sum:  0.0, Workers: 4
[58.236s][debug][gc,phases      ] GC(33)     Dead                           Min: 0, Avg:  0.0, Max: 0, Diff: 0, Sum: 0, Workers: 4
[58.236s][debug][gc,phases      ] GC(33)     Total                          Min: 0, Avg:  0.0, Max: 0, Diff: 0, Sum: 0, Workers: 4
[58.236s][debug][gc,phases      ] GC(33)   StringDedup Requests1 Weak     Min:  0.0, Avg:  0.0, Max:  0.0, Diff:  0.0, Sum:  0.0, Workers: 4
[58.236s][debug][gc,phases      ] GC(33)     Dead                           Min: 0, Avg:  0.0, Max: 0, Diff: 0, Sum: 0, Workers: 4
[58.236s][debug][gc,phases      ] GC(33)     Total                          Min: 0, Avg:  0.0, Max: 0, Diff: 0, Sum: 0, Workers: 4
[58.236s][debug][gc,phases      ] GC(33)   Weak JFR Old Object Samples    Min:  0.0, Avg:  0.0, Max:  0.0, Diff:  0.0, Sum:  0.0, Workers: 4
[58.236s][debug][gc,phases      ] GC(33)     Dead                           Min: 0, Avg:  0.0, Max: 0, Diff: 0, Sum: 0, Workers: 4
[58.236s][debug][gc,phases      ] GC(33)     Total                          Min: 0, Avg:  0.0, Max: 0, Diff: 0, Sum: 0, Workers: 4
[58.236s][debug][gc,phases      ] GC(33) Weak Processing 0.335ms
[58.236s][debug][gc,age         ] GC(33) Desired survivor size 341835776 bytes, new threshold 11 (max threshold 15)
[58.236s][info ][gc,heap        ] GC(33) PSYoungGen: 1505132K(1746432K)->123709K(1729536K) Eden: 1378816K(1378816K)->0K(1378816K) From: 126316K(367616K)->123709K(350720K)
[58.236s][info ][gc,heap        ] GC(33) ParOldGen: 505858K(610816K)->505858K(610816K)
[58.236s][info ][gc,metaspace   ] GC(33) Metaspace: 84017K(84864K)->84017K(84864K) NonClass: 72002K(72448K)->72002K(72448K) Class: 12014K(12416K)->12014K(12416K)
[58.236s][info ][gc             ] GC(33) Pause Young (GCLocker Initiated GC) 1963M->614M(2285M) 44.426ms
[58.236s][info ][gc,cpu         ] GC(33) User=0.18s Sys=0.00s Real=0.05s
[58.236s][info ][safepoint      ] Safepoint "ParallelGCSystemGC", Time since last: 1031339 ns, Reaching safepoint: 92304 ns, At safepoint: 44517086 ns, Total: 44609390 ns
[58.450s][info ][safepoint      ] Safepoint "ParallelGCFailedAllocation", Time since last: 213565988 ns, Reaching safepoint: 139706 ns, At safepoint: 24901 ns, Total: 164607 ns
[58.452s][info ][gc,start       ] GC(34) Pause Young (GCLocker Initiated GC)
[58.498s][debug][gc,phases      ] GC(34) Scavenge 46.436ms
[58.498s][debug][gc,ref         ] GC(34) Skipped phase 1 of Reference Processing: no references
[58.498s][debug][gc,ref         ] GC(34) ReferenceProcessor::execute queues: 1, RefProcThreadModel::Single, marks_oops_alive: false
[58.498s][debug][gc,ref         ] GC(34) Skipped phase 3 of Reference Processing: no references
[58.498s][debug][gc,ref         ] GC(34) ReferenceProcessor::execute queues: 1, RefProcThreadModel::Single, marks_oops_alive: false
[58.498s][debug][gc,phases      ] GC(34) Reference Processing 0.118ms
[58.498s][debug][gc,phases      ] GC(34)   VM Weak                        Min:  0.0, Avg:  0.0, Max:  0.0, Diff:  0.0, Sum:  0.0, Workers: 4
[58.498s][debug][gc,phases      ] GC(34)     Dead                           Min: 0, Avg:  0.0, Max: 0, Diff: 0, Sum: 0, Workers: 4
[58.498s][debug][gc,phases      ] GC(34)     Total                          Min: 0, Avg: 176.5, Max: 527, Diff: 527, Sum: 706, Workers: 4
[58.498s][debug][gc,phases      ] GC(34)   ObjectSynchronizer Weak        Min:  0.0, Avg:  0.0, Max:  0.0, Diff:  0.0, Sum:  0.0, Workers: 4
[58.498s][debug][gc,phases      ] GC(34)     Dead                           Min: 0, Avg:  0.0, Max: 0, Diff: 0, Sum: 0, Workers: 4
[58.498s][debug][gc,phases      ] GC(34)     Total                          Min: 128, Avg: 428.5, Max: 818, Diff: 690, Sum: 1714, Workers: 4
[58.498s][debug][gc,phases      ] GC(34)   JVMTI Tag Weak OopStorage      Min:  0.0, Avg:  0.0, Max:  0.0, Diff:  0.0, Sum:  0.0, Workers: 4
[58.498s][debug][gc,phases      ] GC(34)     Dead                           Min: 0, Avg:  0.0, Max: 0, Diff: 0, Sum: 0, Workers: 4
[58.498s][debug][gc,phases      ] GC(34)     Total                          Min: 0, Avg:  0.0, Max: 0, Diff: 0, Sum: 0, Workers: 4
[58.498s][debug][gc,phases      ] GC(34)   StringTable Weak               Min:  0.1, Avg:  0.1, Max:  0.1, Diff:  0.0, Sum:  0.4, Workers: 4
[58.498s][debug][gc,phases      ] GC(34)     Dead                           Min: 0, Avg:  0.0, Max: 0, Diff: 0, Sum: 0, Workers: 4
[58.498s][debug][gc,phases      ] GC(34)     Total                          Min: 11520, Avg: 12173.8, Max: 13248, Diff: 1728, Sum: 48695, Workers: 4
[58.498s][debug][gc,phases      ] GC(34)   ResolvedMethodTable Weak       Min:  0.0, Avg:  0.0, Max:  0.0, Diff:  0.0, Sum:  0.1, Workers: 4
[58.498s][debug][gc,phases      ] GC(34)     Dead                           Min: 0, Avg:  0.0, Max: 0, Diff: 0, Sum: 0, Workers: 4
[58.498s][debug][gc,phases      ] GC(34)     Total                          Min: 1775, Avg: 2102.2, Max: 2487, Diff: 712, Sum: 8409, Workers: 4
[58.498s][debug][gc,phases      ] GC(34)   JNI Weak                       Min:  0.0, Avg:  0.0, Max:  0.0, Diff:  0.0, Sum:  0.0, Workers: 4
[58.498s][debug][gc,phases      ] GC(34)     Dead                           Min: 0, Avg:  0.0, Max: 0, Diff: 0, Sum: 0, Workers: 4
[58.498s][debug][gc,phases      ] GC(34)     Total                          Min: 0, Avg:  3.2, Max: 13, Diff: 13, Sum: 13, Workers: 4
[58.498s][debug][gc,phases      ] GC(34)   StringDedup Table Weak         Min:  0.0, Avg:  0.0, Max:  0.0, Diff:  0.0, Sum:  0.0, Workers: 4
[58.498s][debug][gc,phases      ] GC(34)     Dead                           Min: 0, Avg:  0.0, Max: 0, Diff: 0, Sum: 0, Workers: 4
[58.498s][debug][gc,phases      ] GC(34)     Total                          Min: 0, Avg:  0.0, Max: 0, Diff: 0, Sum: 0, Workers: 4
[58.498s][debug][gc,phases      ] GC(34)   StringDedup Requests0 Weak     Min:  0.0, Avg:  0.0, Max:  0.0, Diff:  0.0, Sum:  0.0, Workers: 4
[58.498s][debug][gc,phases      ] GC(34)     Dead                           Min: 0, Avg:  0.0, Max: 0, Diff: 0, Sum: 0, Workers: 4
[58.498s][debug][gc,phases      ] GC(34)     Total                          Min: 0, Avg:  0.0, Max: 0, Diff: 0, Sum: 0, Workers: 4
[58.498s][debug][gc,phases      ] GC(34)   StringDedup Requests1 Weak     Min:  0.0, Avg:  0.0, Max:  0.0, Diff:  0.0, Sum:  0.0, Workers: 4
[58.498s][debug][gc,phases      ] GC(34)     Dead                           Min: 0, Avg:  0.0, Max: 0, Diff: 0, Sum: 0, Workers: 4
[58.498s][debug][gc,phases      ] GC(34)     Total                          Min: 0, Avg:  0.0, Max: 0, Diff: 0, Sum: 0, Workers: 4
[58.498s][debug][gc,phases      ] GC(34)   Weak JFR Old Object Samples    Min:  0.0, Avg:  0.0, Max:  0.0, Diff:  0.0, Sum:  0.0, Workers: 4
[58.498s][debug][gc,phases      ] GC(34)     Dead                           Min: 0, Avg:  0.0, Max: 0, Diff: 0, Sum: 0, Workers: 4
[58.498s][debug][gc,phases      ] GC(34)     Total                          Min: 0, Avg:  0.0, Max: 0, Diff: 0, Sum: 0, Workers: 4
[58.498s][debug][gc,phases      ] GC(34) Weak Processing 0.332ms
[58.498s][debug][gc,age         ] GC(34) Desired survivor size 325582848 bytes, new threshold 12 (max threshold 15)
[58.498s][info ][gc,heap        ] GC(34) PSYoungGen: 1502525K(1729536K)->124222K(1779200K) Eden: 1378816K(1378816K)->0K(1445376K) From: 123709K(350720K)->124222K(333824K)
[58.498s][info ][gc,heap        ] GC(34) ParOldGen: 506977K(610816K)->506977K(610816K)
[58.499s][info ][gc,metaspace   ] GC(34) Metaspace: 84022K(84864K)->84022K(84864K) NonClass: 72008K(72448K)->72008K(72448K) Class: 12014K(12416K)->12014K(12416K)
[58.499s][info ][gc             ] GC(34) Pause Young (GCLocker Initiated GC) 1962M->616M(2334M) 47.010ms
[58.499s][info ][gc,cpu         ] GC(34) User=0.18s Sys=0.00s Real=0.05s
[58.499s][info ][safepoint      ] Safepoint "ParallelGCSystemGC", Time since last: 1353451 ns, Reaching safepoint: 242009 ns, At safepoint: 47110584 ns, Total: 47352593 ns
[58.886s][info ][safepoint      ] Safepoint "ICBufferFull", Time since last: 387720983 ns, Reaching safepoint: 183407 ns, At safepoint: 10800 ns, Total: 194207 ns
[59.081s][info ][safepoint      ] Safepoint "ICBufferFull", Time since last: 194104851 ns, Reaching safepoint: 178907 ns, At safepoint: 14400 ns, Total: 193307 ns
[59.278s][info ][safepoint      ] Safepoint "ICBufferFull", Time since last: 197101365 ns, Reaching safepoint: 229008 ns, At safepoint: 11501 ns, Total: 240509 ns
[60.279s][info ][safepoint      ] Safepoint "Cleanup", Time since last: 1000117066 ns, Reaching safepoint: 240709 ns, At safepoint: 12101 ns, Total: 252810 ns
[61.079s][info ][safepoint      ] Safepoint "ICBufferFull", Time since last: 800563904 ns, Reaching safepoint: 261510 ns, At safepoint: 17201 ns, Total: 278711 ns
[61.547s][info ][safepoint      ] Safepoint "ICBufferFull", Time since last: 467864008 ns, Reaching safepoint: 231709 ns, At safepoint: 12801 ns, Total: 244510 ns
[62.010s][info ][safepoint      ] Safepoint "ICBufferFull", Time since last: 462155690 ns, Reaching safepoint: 231509 ns, At safepoint: 12400 ns, Total: 243909 ns
[62.400s][info ][safepoint      ] Safepoint "ICBufferFull", Time since last: 389604144 ns, Reaching safepoint: 278611 ns, At safepoint: 14700 ns, Total: 293311 ns
[62.865s][info ][gc,start       ] GC(35) Pause Young (Allocation Failure)
[62.908s][debug][gc,phases      ] GC(35) Scavenge 42.406ms
[62.908s][debug][gc,ref         ] GC(35) Skipped phase 1 of Reference Processing: no references
[62.908s][debug][gc,ref         ] GC(35) ReferenceProcessor::execute queues: 1, RefProcThreadModel::Single, marks_oops_alive: false
[62.908s][debug][gc,ref         ] GC(35) Skipped phase 3 of Reference Processing: no references
[62.908s][debug][gc,ref         ] GC(35) ReferenceProcessor::execute queues: 1, RefProcThreadModel::Single, marks_oops_alive: false
[62.908s][debug][gc,phases      ] GC(35) Reference Processing 0.172ms
[62.908s][debug][gc,phases      ] GC(35)   VM Weak                        Min:  0.0, Avg:  0.0, Max:  0.0, Diff:  0.0, Sum:  0.0, Workers: 4
[62.908s][debug][gc,phases      ] GC(35)     Dead                           Min: 0, Avg:  0.0, Max: 0, Diff: 0, Sum: 0, Workers: 4
[62.908s][debug][gc,phases      ] GC(35)     Total                          Min: 0, Avg: 191.2, Max: 512, Diff: 512, Sum: 765, Workers: 4
[62.908s][debug][gc,phases      ] GC(35)   ObjectSynchronizer Weak        Min:  0.0, Avg:  0.0, Max:  0.0, Diff:  0.0, Sum:  0.0, Workers: 4
[62.908s][debug][gc,phases      ] GC(35)     Dead                           Min: 0, Avg:  0.2, Max: 1, Diff: 1, Sum: 1, Workers: 4
[62.908s][debug][gc,phases      ] GC(35)     Total                          Min: 320, Avg: 429.8, Max: 567, Diff: 247, Sum: 1719, Workers: 4
[62.908s][debug][gc,phases      ] GC(35)   JVMTI Tag Weak OopStorage      Min:  0.0, Avg:  0.0, Max:  0.0, Diff:  0.0, Sum:  0.0, Workers: 4
[62.908s][debug][gc,phases      ] GC(35)     Dead                           Min: 0, Avg:  0.0, Max: 0, Diff: 0, Sum: 0, Workers: 4
[62.908s][debug][gc,phases      ] GC(35)     Total                          Min: 0, Avg:  0.0, Max: 0, Diff: 0, Sum: 0, Workers: 4
[62.908s][debug][gc,phases      ] GC(35)   StringTable Weak               Min:  0.1, Avg:  0.1, Max:  0.1, Diff:  0.0, Sum:  0.5, Workers: 4
[62.908s][debug][gc,phases      ] GC(35)     Dead                           Min: 0, Avg:  1.8, Max: 4, Diff: 4, Sum: 7, Workers: 4
[62.908s][debug][gc,phases      ] GC(35)     Total                          Min: 11392, Avg: 12253.8, Max: 13047, Diff: 1655, Sum: 49015, Workers: 4
[62.908s][debug][gc,phases      ] GC(35)   ResolvedMethodTable Weak       Min:  0.0, Avg:  0.0, Max:  0.0, Diff:  0.0, Sum:  0.1, Workers: 4
[62.908s][debug][gc,phases      ] GC(35)     Dead                           Min: 1, Avg:  9.2, Max: 24, Diff: 23, Sum: 37, Workers: 4
[62.908s][debug][gc,phases      ] GC(35)     Total                          Min: 2047, Avg: 2191.8, Max: 2432, Diff: 385, Sum: 8767, Workers: 4
[62.908s][debug][gc,phases      ] GC(35)   JNI Weak                       Min:  0.0, Avg:  0.0, Max:  0.0, Diff:  0.0, Sum:  0.0, Workers: 4
[62.908s][debug][gc,phases      ] GC(35)     Dead                           Min: 0, Avg:  0.0, Max: 0, Diff: 0, Sum: 0, Workers: 4
[62.908s][debug][gc,phases      ] GC(35)     Total                          Min: 0, Avg:  8.5, Max: 34, Diff: 34, Sum: 34, Workers: 4
[62.908s][debug][gc,phases      ] GC(35)   StringDedup Table Weak         Min:  0.0, Avg:  0.0, Max:  0.0, Diff:  0.0, Sum:  0.0, Workers: 4
[62.908s][debug][gc,phases      ] GC(35)     Dead                           Min: 0, Avg:  0.0, Max: 0, Diff: 0, Sum: 0, Workers: 4
[62.908s][debug][gc,phases      ] GC(35)     Total                          Min: 0, Avg:  0.0, Max: 0, Diff: 0, Sum: 0, Workers: 4
[62.908s][debug][gc,phases      ] GC(35)   StringDedup Requests0 Weak     Min:  0.0, Avg:  0.0, Max:  0.0, Diff:  0.0, Sum:  0.0, Workers: 4
[62.908s][debug][gc,phases      ] GC(35)     Dead                           Min: 0, Avg:  0.0, Max: 0, Diff: 0, Sum: 0, Workers: 4
[62.908s][debug][gc,phases      ] GC(35)     Total                          Min: 0, Avg:  0.0, Max: 0, Diff: 0, Sum: 0, Workers: 4
[62.908s][debug][gc,phases      ] GC(35)   StringDedup Requests1 Weak     Min:  0.0, Avg:  0.0, Max:  0.0, Diff:  0.0, Sum:  0.0, Workers: 4
[62.908s][debug][gc,phases      ] GC(35)     Dead                           Min: 0, Avg:  0.0, Max: 0, Diff: 0, Sum: 0, Workers: 4
[62.908s][debug][gc,phases      ] GC(35)     Total                          Min: 0, Avg:  0.0, Max: 0, Diff: 0, Sum: 0, Workers: 4
[62.908s][debug][gc,phases      ] GC(35)   Weak JFR Old Object Samples    Min:  0.0, Avg:  0.0, Max:  0.0, Diff:  0.0, Sum:  0.0, Workers: 4
[62.908s][debug][gc,phases      ] GC(35)     Dead                           Min: 0, Avg:  0.0, Max: 0, Diff: 0, Sum: 0, Workers: 4
[62.908s][debug][gc,phases      ] GC(35)     Total                          Min: 0, Avg:  0.0, Max: 0, Diff: 0, Sum: 0, Workers: 4
[62.908s][debug][gc,phases      ] GC(35) Weak Processing 0.356ms
[62.908s][debug][gc,age         ] GC(35) Desired survivor size 304087040 bytes, new threshold 13 (max threshold 15)
[62.908s][info ][gc,heap        ] GC(35) PSYoungGen: 1569598K(1779200K)->106546K(1763328K) Eden: 1445376K(1445376K)->0K(1445376K) From: 124222K(333824K)->106546K(317952K)
[62.908s][info ][gc,heap        ] GC(35) ParOldGen: 506978K(610816K)->506986K(610816K)
[62.908s][info ][gc,metaspace   ] GC(35) Metaspace: 85279K(86144K)->85279K(86144K) NonClass: 73081K(73536K)->73081K(73536K) Class: 12197K(12608K)->12197K(12608K)
[62.908s][info ][gc             ] GC(35) Pause Young (Allocation Failure) 2027M->599M(2318M) 43.072ms
[62.908s][info ][gc,cpu         ] GC(35) User=0.17s Sys=0.00s Real=0.05s
[62.908s][info ][safepoint      ] Safepoint "ParallelGCFailedAllocation", Time since last: 465292905 ns, Reaching safepoint: 215108 ns, At safepoint: 43177934 ns, Total: 43393042 ns
[63.296s][info ][safepoint      ] Safepoint "ICBufferFull", Time since last: 386850237 ns, Reaching safepoint: 262610 ns, At safepoint: 11301 ns, Total: 273911 ns
[64.428s][info ][safepoint      ] Safepoint "ICBufferFull", Time since last: 1132272231 ns, Reaching safepoint: 208908 ns, At safepoint: 6200 ns, Total: 215108 ns
[64.940s][info ][safepoint      ] Safepoint "ICBufferFull", Time since last: 511764755 ns, Reaching safepoint: 214208 ns, At safepoint: 19101 ns, Total: 233309 ns
[65.406s][info ][safepoint      ] Safepoint "ICBufferFull", Time since last: 465203294 ns, Reaching safepoint: 245609 ns, At safepoint: 18601 ns, Total: 264210 ns
[65.528s][info ][gc,start       ] GC(36) Pause Young (Allocation Failure)
[65.572s][debug][gc,phases      ] GC(36) Scavenge 43.428ms
[65.572s][debug][gc,ref         ] GC(36) Skipped phase 1 of Reference Processing: no references
[65.572s][debug][gc,ref         ] GC(36) ReferenceProcessor::execute queues: 1, RefProcThreadModel::Single, marks_oops_alive: false
[65.572s][debug][gc,ref         ] GC(36) Skipped phase 3 of Reference Processing: no references
[65.572s][debug][gc,ref         ] GC(36) ReferenceProcessor::execute queues: 1, RefProcThreadModel::Single, marks_oops_alive: false
[65.572s][debug][gc,phases      ] GC(36) Reference Processing 0.154ms
[65.572s][debug][gc,phases      ] GC(36)   VM Weak                        Min:  0.0, Avg:  0.0, Max:  0.0, Diff:  0.0, Sum:  0.0, Workers: 4
[65.572s][debug][gc,phases      ] GC(36)     Dead                           Min: 0, Avg:  0.0, Max: 0, Diff: 0, Sum: 0, Workers: 4
[65.572s][debug][gc,phases      ] GC(36)     Total                          Min: 0, Avg: 192.5, Max: 450, Diff: 450, Sum: 770, Workers: 4
[65.572s][debug][gc,phases      ] GC(36)   ObjectSynchronizer Weak        Min:  0.0, Avg:  0.0, Max:  0.0, Diff:  0.0, Sum:  0.0, Workers: 4
[65.572s][debug][gc,phases      ] GC(36)     Dead                           Min: 0, Avg:  0.2, Max: 1, Diff: 1, Sum: 1, Workers: 4
[65.572s][debug][gc,phases      ] GC(36)     Total                          Min: 128, Avg: 430.2, Max: 569, Diff: 441, Sum: 1721, Workers: 4
[65.572s][debug][gc,phases      ] GC(36)   JVMTI Tag Weak OopStorage      Min:  0.0, Avg:  0.0, Max:  0.0, Diff:  0.0, Sum:  0.0, Workers: 4
[65.572s][debug][gc,phases      ] GC(36)     Dead                           Min: 0, Avg:  0.0, Max: 0, Diff: 0, Sum: 0, Workers: 4
[65.572s][debug][gc,phases      ] GC(36)     Total                          Min: 0, Avg:  0.0, Max: 0, Diff: 0, Sum: 0, Workers: 4
[65.572s][debug][gc,phases      ] GC(36)   StringTable Weak               Min:  0.1, Avg:  0.1, Max:  0.1, Diff:  0.0, Sum:  0.5, Workers: 4
[65.572s][debug][gc,phases      ] GC(36)     Dead                           Min: 0, Avg:  0.0, Max: 0, Diff: 0, Sum: 0, Workers: 4
[65.572s][debug][gc,phases      ] GC(36)     Total                          Min: 11456, Avg: 12263.0, Max: 12672, Diff: 1216, Sum: 49052, Workers: 4
[65.572s][debug][gc,phases      ] GC(36)   ResolvedMethodTable Weak       Min:  0.0, Avg:  0.0, Max:  0.0, Diff:  0.0, Sum:  0.1, Workers: 4
[65.572s][debug][gc,phases      ] GC(36)     Dead                           Min: 0, Avg:  0.0, Max: 0, Diff: 0, Sum: 0, Workers: 4
[65.572s][debug][gc,phases      ] GC(36)     Total                          Min: 1984, Avg: 2197.8, Max: 2496, Diff: 512, Sum: 8791, Workers: 4
[65.572s][debug][gc,phases      ] GC(36)   JNI Weak                       Min:  0.0, Avg:  0.0, Max:  0.0, Diff:  0.0, Sum:  0.0, Workers: 4
[65.572s][debug][gc,phases      ] GC(36)     Dead                           Min: 0, Avg:  0.0, Max: 0, Diff: 0, Sum: 0, Workers: 4
[65.572s][debug][gc,phases      ] GC(36)     Total                          Min: 0, Avg:  2.2, Max: 9, Diff: 9, Sum: 9, Workers: 4
[65.572s][debug][gc,phases      ] GC(36)   StringDedup Table Weak         Min:  0.0, Avg:  0.0, Max:  0.0, Diff:  0.0, Sum:  0.0, Workers: 4
[65.572s][debug][gc,phases      ] GC(36)     Dead                           Min: 0, Avg:  0.0, Max: 0, Diff: 0, Sum: 0, Workers: 4
[65.572s][debug][gc,phases      ] GC(36)     Total                          Min: 0, Avg:  0.0, Max: 0, Diff: 0, Sum: 0, Workers: 4
[65.572s][debug][gc,phases      ] GC(36)   StringDedup Requests0 Weak     Min:  0.0, Avg:  0.0, Max:  0.0, Diff:  0.0, Sum:  0.0, Workers: 4
[65.572s][debug][gc,phases      ] GC(36)     Dead                           Min: 0, Avg:  0.0, Max: 0, Diff: 0, Sum: 0, Workers: 4
[65.572s][debug][gc,phases      ] GC(36)     Total                          Min: 0, Avg:  0.0, Max: 0, Diff: 0, Sum: 0, Workers: 4
[65.572s][debug][gc,phases      ] GC(36)   StringDedup Requests1 Weak     Min:  0.0, Avg:  0.0, Max:  0.0, Diff:  0.0, Sum:  0.0, Workers: 4
[65.572s][debug][gc,phases      ] GC(36)     Dead                           Min: 0, Avg:  0.0, Max: 0, Diff: 0, Sum: 0, Workers: 4
[65.572s][debug][gc,phases      ] GC(36)     Total                          Min: 0, Avg:  0.0, Max: 0, Diff: 0, Sum: 0, Workers: 4
[65.572s][debug][gc,phases      ] GC(36)   Weak JFR Old Object Samples    Min:  0.0, Avg:  0.0, Max:  0.0, Diff:  0.0, Sum:  0.0, Workers: 4
[65.572s][debug][gc,phases      ] GC(36)     Dead                           Min: 0, Avg:  0.0, Max: 0, Diff: 0, Sum: 0, Workers: 4
[65.572s][debug][gc,phases      ] GC(36)     Total                          Min: 0, Avg:  0.0, Max: 0, Diff: 0, Sum: 0, Workers: 4
[65.572s][debug][gc,phases      ] GC(36) Weak Processing 0.342ms
[65.572s][debug][gc,age         ] GC(36) Desired survivor size 285736960 bytes, new threshold 14 (max threshold 15)
[65.572s][info ][gc,heap        ] GC(36) PSYoungGen: 1551922K(1763328K)->110116K(1818112K) Eden: 1445376K(1445376K)->0K(1521152K) From: 106546K(317952K)->110116K(296960K)
[65.572s][info ][gc,heap        ] GC(36) ParOldGen: 506986K(610816K)->506994K(610816K)
[65.572s][info ][gc,metaspace   ] GC(36) Metaspace: 85499K(86400K)->85499K(86400K) NonClass: 73292K(73792K)->73292K(73792K) Class: 12206K(12608K)->12206K(12608K)
[65.572s][info ][gc             ] GC(36) Pause Young (Allocation Failure) 2010M->602M(2372M) 44.049ms
[65.572s][info ][gc,cpu         ] GC(36) User=0.18s Sys=0.00s Real=0.04s
[65.572s][info ][safepoint      ] Safepoint "ParallelGCFailedAllocation", Time since last: 122639437 ns, Reaching safepoint: 137505 ns, At safepoint: 44127068 ns, Total: 44264573 ns
[66.573s][info ][safepoint      ] Safepoint "Cleanup", Time since last: 1000079313 ns, Reaching safepoint: 106604 ns, At safepoint: 5501 ns, Total: 112105 ns
[67.573s][info ][safepoint      ] Safepoint "Cleanup", Time since last: 1000108705 ns, Reaching safepoint: 69103 ns, At safepoint: 8000 ns, Total: 77103 ns
[68.573s][info ][safepoint      ] Safepoint "Cleanup", Time since last: 1000108098 ns, Reaching safepoint: 71102 ns, At safepoint: 5501 ns, Total: 76603 ns
[70.198s][info ][safepoint      ] Safepoint "Cleanup", Time since last: 1624562880 ns, Reaching safepoint: 174707 ns, At safepoint: 8800 ns, Total: 183507 ns
[71.198s][info ][safepoint      ] Safepoint "Cleanup", Time since last: 1000109176 ns, Reaching safepoint: 73303 ns, At safepoint: 6200 ns, Total: 79503 ns
[72.198s][info ][safepoint      ] Safepoint "Cleanup", Time since last: 1000110468 ns, Reaching safepoint: 93003 ns, At safepoint: 5300 ns, Total: 98303 ns
[73.198s][info ][safepoint      ] Safepoint "Cleanup", Time since last: 1000112260 ns, Reaching safepoint: 79403 ns, At safepoint: 8401 ns, Total: 87804 ns
[74.199s][info ][safepoint      ] Safepoint "Cleanup", Time since last: 1000119151 ns, Reaching safepoint: 77103 ns, At safepoint: 8401 ns, Total: 85504 ns
[75.199s][info ][safepoint      ] Safepoint "Cleanup", Time since last: 1000111743 ns, Reaching safepoint: 66403 ns, At safepoint: 5500 ns, Total: 71903 ns
[76.199s][info ][safepoint      ] Safepoint "Cleanup", Time since last: 1000110435 ns, Reaching safepoint: 82303 ns, At safepoint: 7701 ns, Total: 90004 ns
[77.779s][info ][safepoint      ] Safepoint "Cleanup", Time since last: 1570284532 ns, Reaching safepoint: 9937674 ns, At safepoint: 13601 ns, Total: 9951275 ns
[78.779s][info ][safepoint      ] Safepoint "Cleanup", Time since last: 1000106314 ns, Reaching safepoint: 69703 ns, At safepoint: 11300 ns, Total: 81003 ns
[79.780s][info ][safepoint      ] Safepoint "Cleanup", Time since last: 1000096806 ns, Reaching safepoint: 95504 ns, At safepoint: 4300 ns, Total: 99804 ns
[80.780s][info ][safepoint      ] Safepoint "Cleanup", Time since last: 1000100598 ns, Reaching safepoint: 64203 ns, At safepoint: 5100 ns, Total: 69303 ns
[81.780s][info ][safepoint      ] Safepoint "Cleanup", Time since last: 1000091390 ns, Reaching safepoint: 59002 ns, At safepoint: 9200 ns, Total: 68202 ns
[82.780s][info ][safepoint      ] Safepoint "Cleanup", Time since last: 1000103082 ns, Reaching safepoint: 44102 ns, At safepoint: 3300 ns, Total: 47402 ns
[83.780s][info ][safepoint      ] Safepoint "Cleanup", Time since last: 1000116975 ns, Reaching safepoint: 53402 ns, At safepoint: 2500 ns, Total: 55902 ns
[85.295s][info ][safepoint      ] Safepoint "Cleanup", Time since last: 1514630642 ns, Reaching safepoint: 116404 ns, At safepoint: 5801 ns, Total: 122205 ns
[86.295s][info ][safepoint      ] Safepoint "Cleanup", Time since last: 1000115754 ns, Reaching safepoint: 46102 ns, At safepoint: 8100 ns, Total: 54202 ns
[87.680s][info ][safepoint      ] Safepoint "Cleanup", Time since last: 1385217540 ns, Reaching safepoint: 57003 ns, At safepoint: 8800 ns, Total: 65803 ns
[88.681s][info ][safepoint      ] Safepoint "Cleanup", Time since last: 1000116836 ns, Reaching safepoint: 46401 ns, At safepoint: 4301 ns, Total: 50702 ns
[91.681s][info ][safepoint      ] Safepoint "Cleanup", Time since last: 3000234255 ns, Reaching safepoint: 55102 ns, At safepoint: 6101 ns, Total: 61203 ns
[92.681s][info ][safepoint      ] Safepoint "Cleanup", Time since last: 1000113304 ns, Reaching safepoint: 52802 ns, At safepoint: 4200 ns, Total: 57002 ns
[93.681s][info ][safepoint      ] Safepoint "Cleanup", Time since last: 1000114596 ns, Reaching safepoint: 46102 ns, At safepoint: 11100 ns, Total: 57202 ns
[95.263s][info ][gc,start       ] GC(37) Pause Young (Allocation Failure)
[95.294s][debug][gc,phases      ] GC(37) Scavenge 30.464ms
[95.294s][debug][gc,ref         ] GC(37) Skipped phase 1 of Reference Processing: no references
[95.294s][debug][gc,ref         ] GC(37) ReferenceProcessor::execute queues: 1, RefProcThreadModel::Single, marks_oops_alive: false
[95.294s][debug][gc,ref         ] GC(37) ReferenceProcessor::execute queues: 4, RefProcThreadModel::Multi, marks_oops_alive: true
[95.294s][debug][gc,ref         ] GC(37) ReferenceProcessor::execute queues: 1, RefProcThreadModel::Single, marks_oops_alive: false
[95.294s][debug][gc,phases      ] GC(37) Reference Processing 0.323ms
[95.295s][debug][gc,phases      ] GC(37)   VM Weak                        Min:  0.0, Avg:  0.0, Max:  0.0, Diff:  0.0, Sum:  0.0, Workers: 4
[95.295s][debug][gc,phases      ] GC(37)     Dead                           Min: 0, Avg:  0.0, Max: 0, Diff: 0, Sum: 0, Workers: 4
[95.295s][debug][gc,phases      ] GC(37)     Total                          Min: 0, Avg: 193.0, Max: 640, Diff: 640, Sum: 772, Workers: 4
[95.295s][debug][gc,phases      ] GC(37)   ObjectSynchronizer Weak        Min:  0.0, Avg:  0.0, Max:  0.0, Diff:  0.0, Sum:  0.0, Workers: 4
[95.295s][debug][gc,phases      ] GC(37)     Dead                           Min: 0, Avg:  1.0, Max: 4, Diff: 4, Sum: 4, Workers: 4
[95.295s][debug][gc,phases      ] GC(37)     Total                          Min: 256, Avg: 431.5, Max: 574, Diff: 318, Sum: 1726, Workers: 4
[95.295s][debug][gc,phases      ] GC(37)   JVMTI Tag Weak OopStorage      Min:  0.0, Avg:  0.0, Max:  0.0, Diff:  0.0, Sum:  0.0, Workers: 4
[95.295s][debug][gc,phases      ] GC(37)     Dead                           Min: 0, Avg:  0.0, Max: 0, Diff: 0, Sum: 0, Workers: 4
[95.295s][debug][gc,phases      ] GC(37)     Total                          Min: 0, Avg:  0.0, Max: 0, Diff: 0, Sum: 0, Workers: 4
[95.295s][debug][gc,phases      ] GC(37)   StringTable Weak               Min:  0.1, Avg:  0.1, Max:  0.1, Diff:  0.0, Sum:  0.5, Workers: 4
[95.295s][debug][gc,phases      ] GC(37)     Dead                           Min: 0, Avg:  0.8, Max: 2, Diff: 2, Sum: 3, Workers: 4
[95.295s][debug][gc,phases      ] GC(37)     Total                          Min: 12143, Avg: 12347.8, Max: 12544, Diff: 401, Sum: 49391, Workers: 4
[95.295s][debug][gc,phases      ] GC(37)   ResolvedMethodTable Weak       Min:  0.0, Avg:  0.0, Max:  0.0, Diff:  0.0, Sum:  0.1, Workers: 4
[95.295s][debug][gc,phases      ] GC(37)     Dead                           Min: 0, Avg:  0.2, Max: 1, Diff: 1, Sum: 1, Workers: 4
[95.295s][debug][gc,phases      ] GC(37)     Total                          Min: 2004, Avg: 2213.0, Max: 2624, Diff: 620, Sum: 8852, Workers: 4
[95.295s][debug][gc,phases      ] GC(37)   JNI Weak                       Min:  0.0, Avg:  0.0, Max:  0.0, Diff:  0.0, Sum:  0.0, Workers: 4
[95.295s][debug][gc,phases      ] GC(37)     Dead                           Min: 0, Avg:  0.0, Max: 0, Diff: 0, Sum: 0, Workers: 4
[95.295s][debug][gc,phases      ] GC(37)     Total                          Min: 0, Avg:  0.0, Max: 0, Diff: 0, Sum: 0, Workers: 4
[95.295s][debug][gc,phases      ] GC(37)   StringDedup Table Weak         Min:  0.0, Avg:  0.0, Max:  0.0, Diff:  0.0, Sum:  0.0, Workers: 4
[95.295s][debug][gc,phases      ] GC(37)     Dead                           Min: 0, Avg:  0.0, Max: 0, Diff: 0, Sum: 0, Workers: 4
[95.295s][debug][gc,phases      ] GC(37)     Total                          Min: 0, Avg:  0.0, Max: 0, Diff: 0, Sum: 0, Workers: 4
[95.295s][debug][gc,phases      ] GC(37)   StringDedup Requests0 Weak     Min:  0.0, Avg:  0.0, Max:  0.0, Diff:  0.0, Sum:  0.0, Workers: 4
[95.295s][debug][gc,phases      ] GC(37)     Dead                           Min: 0, Avg:  0.0, Max: 0, Diff: 0, Sum: 0, Workers: 4
[95.295s][debug][gc,phases      ] GC(37)     Total                          Min: 0, Avg:  0.0, Max: 0, Diff: 0, Sum: 0, Workers: 4
[95.295s][debug][gc,phases      ] GC(37)   StringDedup Requests1 Weak     Min:  0.0, Avg:  0.0, Max:  0.0, Diff:  0.0, Sum:  0.0, Workers: 4
[95.295s][debug][gc,phases      ] GC(37)     Dead                           Min: 0, Avg:  0.0, Max: 0, Diff: 0, Sum: 0, Workers: 4
[95.295s][debug][gc,phases      ] GC(37)     Total                          Min: 0, Avg:  0.0, Max: 0, Diff: 0, Sum: 0, Workers: 4
[95.295s][debug][gc,phases      ] GC(37)   Weak JFR Old Object Samples    Min:  0.0, Avg:  0.0, Max:  0.0, Diff:  0.0, Sum:  0.0, Workers: 4
[95.295s][debug][gc,phases      ] GC(37)     Dead                           Min: 0, Avg:  0.0, Max: 0, Diff: 0, Sum: 0, Workers: 4
[95.295s][debug][gc,phases      ] GC(37)     Total                          Min: 0, Avg:  0.0, Max: 0, Diff: 0, Sum: 0, Workers: 4
[95.295s][debug][gc,phases      ] GC(37) Weak Processing 0.416ms
[95.295s][debug][gc,age         ] GC(37) Desired survivor size 269484032 bytes, new threshold 15 (max threshold 15)
[95.295s][info ][gc,heap        ] GC(37) PSYoungGen: 1631268K(1818112K)->99199K(1800192K) Eden: 1521152K(1521152K)->0K(1521152K) From: 110116K(296960K)->99199K(279040K)
[95.295s][info ][gc,heap        ] GC(37) ParOldGen: 506994K(610816K)->507002K(610816K)
[95.295s][info ][gc,metaspace   ] GC(37) Metaspace: 85858K(86784K)->85858K(86784K) NonClass: 73617K(74112K)->73617K(74112K) Class: 12241K(12672K)->12241K(12672K)
[95.295s][info ][gc             ] GC(37) Pause Young (Allocation Failure) 2088M->591M(2354M) 31.365ms
[95.295s][info ][gc,cpu         ] GC(37) User=0.12s Sys=0.00s Real=0.04s
[95.295s][info ][safepoint      ] Safepoint "ParallelGCFailedAllocation", Time since last: 1582177762 ns, Reaching safepoint: 53802 ns, At safepoint: 31460183 ns, Total: 31513985 ns
[96.295s][info ][safepoint      ] Safepoint "Cleanup", Time since last: 1000096375 ns, Reaching safepoint: 53302 ns, At safepoint: 12600 ns, Total: 65902 ns
[97.295s][info ][safepoint      ] Safepoint "Cleanup", Time since last: 1000111669 ns, Reaching safepoint: 51802 ns, At safepoint: 3300 ns, Total: 55102 ns
[100.295s][info ][safepoint      ] Safepoint "Cleanup", Time since last: 3000199852 ns, Reaching safepoint: 50102 ns, At safepoint: 5901 ns, Total: 56003 ns
[102.296s][info ][safepoint      ] Safepoint "Cleanup", Time since last: 2000176864 ns, Reaching safepoint: 56303 ns, At safepoint: 2900 ns, Total: 59203 ns
[104.296s][info ][safepoint      ] Safepoint "Cleanup", Time since last: 2000173834 ns, Reaching safepoint: 55402 ns, At safepoint: 8900 ns, Total: 64302 ns
[112.297s][info ][safepoint      ] Safepoint "Cleanup", Time since last: 8000579027 ns, Reaching safepoint: 60202 ns, At safepoint: 8801 ns, Total: 69003 ns
[115.297s][info ][safepoint      ] Safepoint "Cleanup", Time since last: 3000242311 ns, Reaching safepoint: 56402 ns, At safepoint: 16701 ns, Total: 73103 ns
[119.297s][info ][safepoint      ] Safepoint "Cleanup", Time since last: 4000334343 ns, Reaching safepoint: 54102 ns, At safepoint: 3901 ns, Total: 58003 ns
[120.297s][info ][safepoint      ] Safepoint "Cleanup", Time since last: 1000113693 ns, Reaching safepoint: 55302 ns, At safepoint: 5500 ns, Total: 60802 ns
[121.298s][info ][safepoint      ] Safepoint "Cleanup", Time since last: 1000070885 ns, Reaching safepoint: 47402 ns, At safepoint: 3300 ns, Total: 50702 ns
[122.298s][info ][safepoint      ] Safepoint "Cleanup", Time since last: 1000111178 ns, Reaching safepoint: 50102 ns, At safepoint: 6300 ns, Total: 56402 ns
[124.298s][info ][safepoint      ] Safepoint "Cleanup", Time since last: 2000182534 ns, Reaching safepoint: 48602 ns, At safepoint: 6600 ns, Total: 55202 ns
[127.298s][info ][safepoint      ] Safepoint "Cleanup", Time since last: 3000245144 ns, Reaching safepoint: 55202 ns, At safepoint: 5900 ns, Total: 61102 ns
[128.299s][info ][safepoint      ] Safepoint "Cleanup", Time since last: 1000116235 ns, Reaching safepoint: 61402 ns, At safepoint: 11101 ns, Total: 72503 ns
[130.299s][info ][safepoint      ] Safepoint "Cleanup", Time since last: 2000180145 ns, Reaching safepoint: 60102 ns, At safepoint: 9201 ns, Total: 69303 ns
[131.299s][info ][safepoint      ] Safepoint "Cleanup", Time since last: 1000115912 ns, Reaching safepoint: 59003 ns, At safepoint: 3900 ns, Total: 62903 ns
[132.299s][info ][safepoint      ] Safepoint "Cleanup", Time since last: 1000107905 ns, Reaching safepoint: 51202 ns, At safepoint: 3400 ns, Total: 54602 ns
[140.300s][info ][safepoint      ] Safepoint "Cleanup", Time since last: 8000584271 ns, Reaching safepoint: 66203 ns, At safepoint: 11500 ns, Total: 77703 ns
[141.300s][info ][safepoint      ] Safepoint "Cleanup", Time since last: 1000134042 ns, Reaching safepoint: 54702 ns, At safepoint: 3500 ns, Total: 58202 ns
[142.300s][info ][safepoint      ] Safepoint "Cleanup", Time since last: 1000112233 ns, Reaching safepoint: 53502 ns, At safepoint: 6001 ns, Total: 59503 ns
[146.300s][info ][safepoint      ] Safepoint "Cleanup", Time since last: 4000305857 ns, Reaching safepoint: 53302 ns, At safepoint: 7601 ns, Total: 60903 ns
[162.302s][info ][safepoint      ] Safepoint "Cleanup", Time since last: 16001114308 ns, Reaching safepoint: 48401 ns, At safepoint: 6001 ns, Total: 54402 ns
[165.302s][info ][safepoint      ] Safepoint "Cleanup", Time since last: 3000254538 ns, Reaching safepoint: 50601 ns, At safepoint: 8001 ns, Total: 58602 ns
[172.303s][info ][safepoint      ] Safepoint "Cleanup", Time since last: 7000515215 ns, Reaching safepoint: 48102 ns, At safepoint: 3900 ns, Total: 52002 ns
[173.303s][info ][safepoint      ] Safepoint "Cleanup", Time since last: 1000111619 ns, Reaching safepoint: 49602 ns, At safepoint: 4100 ns, Total: 53702 ns
[178.303s][info ][safepoint      ] Safepoint "Cleanup", Time since last: 5000374891 ns, Reaching safepoint: 50502 ns, At safepoint: 3000 ns, Total: 53502 ns
[182.304s][info ][safepoint      ] Safepoint "Cleanup", Time since last: 4000313374 ns, Reaching safepoint: 52802 ns, At safepoint: 5400 ns, Total: 58202 ns
[195.304s][info ][safepoint      ] Safepoint "Cleanup", Time since last: 13000859062 ns, Reaching safepoint: 54302 ns, At safepoint: 6200 ns, Total: 60502 ns
[196.305s][info ][safepoint      ] Safepoint "Cleanup", Time since last: 1000109269 ns, Reaching safepoint: 50502 ns, At safepoint: 2900 ns, Total: 53402 ns
[207.305s][info ][safepoint      ] Safepoint "Cleanup", Time since last: 11000765922 ns, Reaching safepoint: 54002 ns, At safepoint: 5700 ns, Total: 59702 ns
[208.306s][info ][safepoint      ] Safepoint "Cleanup", Time since last: 1000111493 ns, Reaching safepoint: 38602 ns, At safepoint: 4000 ns, Total: 42602 ns
[210.306s][info ][safepoint      ] Safepoint "Cleanup", Time since last: 2000173765 ns, Reaching safepoint: 46002 ns, At safepoint: 3500 ns, Total: 49502 ns
[212.306s][info ][safepoint      ] Safepoint "Cleanup", Time since last: 2000175141 ns, Reaching safepoint: 47102 ns, At safepoint: 2500 ns, Total: 49602 ns
[222.307s][info ][safepoint      ] Safepoint "Cleanup", Time since last: 10000580422 ns, Reaching safepoint: 50802 ns, At safepoint: 8601 ns, Total: 59403 ns
[241.308s][info ][safepoint      ] Safepoint "Cleanup", Time since last: 19001276254 ns, Reaching safepoint: 48802 ns, At safepoint: 4500 ns, Total: 53302 ns
[242.308s][info ][safepoint      ] Safepoint "Cleanup", Time since last: 1000119488 ns, Reaching safepoint: 51102 ns, At safepoint: 7300 ns, Total: 58402 ns
[243.308s][info ][safepoint      ] Safepoint "Cleanup", Time since last: 1000083980 ns, Reaching safepoint: 61103 ns, At safepoint: 7500 ns, Total: 68603 ns
[262.310s][info ][safepoint      ] Safepoint "Cleanup", Time since last: 19001218620 ns, Reaching safepoint: 38902 ns, At safepoint: 2500 ns, Total: 41402 ns
[263.801s][info ][gc,start       ] GC(38) Pause Young (Allocation Failure)
[263.833s][debug][gc,phases      ] GC(38) Scavenge 32.210ms
[263.833s][debug][gc,ref         ] GC(38) Skipped phase 1 of Reference Processing: no references
[263.833s][debug][gc,ref         ] GC(38) ReferenceProcessor::execute queues: 1, RefProcThreadModel::Single, marks_oops_alive: false
[263.833s][debug][gc,ref         ] GC(38) Skipped phase 3 of Reference Processing: no references
[263.833s][debug][gc,ref         ] GC(38) ReferenceProcessor::execute queues: 1, RefProcThreadModel::Single, marks_oops_alive: false
[263.833s][debug][gc,phases      ] GC(38) Reference Processing 0.172ms
[263.834s][debug][gc,phases      ] GC(38)   VM Weak                        Min:  0.0, Avg:  0.0, Max:  0.0, Diff:  0.0, Sum:  0.0, Workers: 4
[263.834s][debug][gc,phases      ] GC(38)     Dead                           Min: 0, Avg:  0.0, Max: 0, Diff: 0, Sum: 0, Workers: 4
[263.834s][debug][gc,phases      ] GC(38)     Total                          Min: 0, Avg: 193.0, Max: 388, Diff: 388, Sum: 772, Workers: 4
[263.834s][debug][gc,phases      ] GC(38)   ObjectSynchronizer Weak        Min:  0.0, Avg:  0.0, Max:  0.0, Diff:  0.0, Sum:  0.0, Workers: 4
[263.834s][debug][gc,phases      ] GC(38)     Dead                           Min: 0, Avg:  0.0, Max: 0, Diff: 0, Sum: 0, Workers: 4
[263.834s][debug][gc,phases      ] GC(38)     Total                          Min: 0, Avg: 431.8, Max: 831, Diff: 831, Sum: 1727, Workers: 4
[263.834s][debug][gc,phases      ] GC(38)   JVMTI Tag Weak OopStorage      Min:  0.0, Avg:  0.0, Max:  0.0, Diff:  0.0, Sum:  0.0, Workers: 4
[263.834s][debug][gc,phases      ] GC(38)     Dead                           Min: 0, Avg:  0.0, Max: 0, Diff: 0, Sum: 0, Workers: 4
[263.834s][debug][gc,phases      ] GC(38)     Total                          Min: 0, Avg:  0.0, Max: 0, Diff: 0, Sum: 0, Workers: 4
[263.834s][debug][gc,phases      ] GC(38)   StringTable Weak               Min:  0.1, Avg:  0.1, Max:  0.1, Diff:  0.0, Sum:  0.5, Workers: 4
[263.834s][debug][gc,phases      ] GC(38)     Dead                           Min: 0, Avg:  0.0, Max: 0, Diff: 0, Sum: 0, Workers: 4
[263.834s][debug][gc,phases      ] GC(38)     Total                          Min: 10432, Avg: 12367.2, Max: 13632, Diff: 3200, Sum: 49469, Workers: 4
[263.834s][debug][gc,phases      ] GC(38)   ResolvedMethodTable Weak       Min:  0.0, Avg:  0.0, Max:  0.0, Diff:  0.0, Sum:  0.1, Workers: 4
[263.834s][debug][gc,phases      ] GC(38)     Dead                           Min: 0, Avg:  0.0, Max: 0, Diff: 0, Sum: 0, Workers: 4
[263.834s][debug][gc,phases      ] GC(38)     Total                          Min: 2048, Avg: 2213.0, Max: 2432, Diff: 384, Sum: 8852, Workers: 4
[263.834s][debug][gc,phases      ] GC(38)   JNI Weak                       Min:  0.0, Avg:  0.0, Max:  0.0, Diff:  0.0, Sum:  0.0, Workers: 4
[263.834s][debug][gc,phases      ] GC(38)     Dead                           Min: 0, Avg:  0.0, Max: 0, Diff: 0, Sum: 0, Workers: 4
[263.834s][debug][gc,phases      ] GC(38)     Total                          Min: 0, Avg:  0.0, Max: 0, Diff: 0, Sum: 0, Workers: 4
[263.834s][debug][gc,phases      ] GC(38)   StringDedup Table Weak         Min:  0.0, Avg:  0.0, Max:  0.0, Diff:  0.0, Sum:  0.0, Workers: 4
[263.834s][debug][gc,phases      ] GC(38)     Dead                           Min: 0, Avg:  0.0, Max: 0, Diff: 0, Sum: 0, Workers: 4
[263.834s][debug][gc,phases      ] GC(38)     Total                          Min: 0, Avg:  0.0, Max: 0, Diff: 0, Sum: 0, Workers: 4
[263.834s][debug][gc,phases      ] GC(38)   StringDedup Requests0 Weak     Min:  0.0, Avg:  0.0, Max:  0.0, Diff:  0.0, Sum:  0.0, Workers: 4
[263.834s][debug][gc,phases      ] GC(38)     Dead                           Min: 0, Avg:  0.0, Max: 0, Diff: 0, Sum: 0, Workers: 4
[263.834s][debug][gc,phases      ] GC(38)     Total                          Min: 0, Avg:  0.0, Max: 0, Diff: 0, Sum: 0, Workers: 4
[263.834s][debug][gc,phases      ] GC(38)   StringDedup Requests1 Weak     Min:  0.0, Avg:  0.0, Max:  0.0, Diff:  0.0, Sum:  0.0, Workers: 4
[263.834s][debug][gc,phases      ] GC(38)     Dead                           Min: 0, Avg:  0.0, Max: 0, Diff: 0, Sum: 0, Workers: 4
[263.834s][debug][gc,phases      ] GC(38)     Total                          Min: 0, Avg:  0.0, Max: 0, Diff: 0, Sum: 0, Workers: 4
[263.834s][debug][gc,phases      ] GC(38)   Weak JFR Old Object Samples    Min:  0.0, Avg:  0.0, Max:  0.0, Diff:  0.0, Sum:  0.0, Workers: 4
[263.834s][debug][gc,phases      ] GC(38)     Dead                           Min: 0, Avg:  0.0, Max: 0, Diff: 0, Sum: 0, Workers: 4
[263.834s][debug][gc,phases      ] GC(38)     Total                          Min: 0, Avg:  0.0, Max: 0, Diff: 0, Sum: 0, Workers: 4
[263.834s][debug][gc,phases      ] GC(38) Weak Processing 0.369ms
[263.834s][debug][gc,age         ] GC(38) Desired survivor size 254803968 bytes, new threshold 15 (max threshold 15)
[263.834s][info ][gc,heap        ] GC(38) PSYoungGen: 1620351K(1800192K)->99084K(1848320K) Eden: 1521152K(1521152K)->0K(1585152K) From: 99199K(279040K)->99084K(263168K)
[263.834s][info ][gc,heap        ] GC(38) ParOldGen: 507002K(610816K)->507010K(610816K)
[263.834s][info ][gc,metaspace   ] GC(38) Metaspace: 86046K(86976K)->86046K(86976K) NonClass: 73805K(74304K)->73805K(74304K) Class: 12241K(12672K)->12241K(12672K)
[263.834s][info ][gc             ] GC(38) Pause Young (Allocation Failure) 2077M->591M(2401M) 32.884ms
[263.834s][info ][gc,cpu         ] GC(38) User=0.13s Sys=0.00s Real=0.03s
[263.834s][info ][safepoint      ] Safepoint "ParallelGCFailedAllocation", Time since last: 1491260273 ns, Reaching safepoint: 36701 ns, At safepoint: 32972102 ns, Total: 33008803 ns
[291.836s][info ][safepoint      ] Safepoint "Cleanup", Time since last: 28001817811 ns, Reaching safepoint: 48601 ns, At safepoint: 6801 ns, Total: 55402 ns
[300.836s][info ][safepoint      ] Safepoint "Cleanup", Time since last: 9000586448 ns, Reaching safepoint: 55902 ns, At safepoint: 5500 ns, Total: 61402 ns
[301.837s][info ][safepoint      ] Safepoint "Cleanup", Time since last: 1000106759 ns, Reaching safepoint: 48501 ns, At safepoint: 5901 ns, Total: 54402 ns
[311.837s][info ][safepoint      ] Safepoint "Cleanup", Time since last: 10000658585 ns, Reaching safepoint: 58502 ns, At safepoint: 33901 ns, Total: 92403 ns
[316.838s][info ][safepoint      ] Safepoint "Cleanup", Time since last: 5000360852 ns, Reaching safepoint: 45002 ns, At safepoint: 3400 ns, Total: 48402 ns
[320.838s][info ][safepoint      ] Safepoint "Cleanup", Time since last: 4000310871 ns, Reaching safepoint: 45402 ns, At safepoint: 8200 ns, Total: 53602 ns
[321.838s][info ][safepoint      ] Safepoint "Cleanup", Time since last: 1000092656 ns, Reaching safepoint: 52902 ns, At safepoint: 7000 ns, Total: 59902 ns
[351.840s][info ][safepoint      ] Safepoint "Cleanup", Time since last: 30001882459 ns, Reaching safepoint: 48401 ns, At safepoint: 6501 ns, Total: 54902 ns
[359.841s][info ][safepoint      ] Safepoint "Cleanup", Time since last: 8000557103 ns, Reaching safepoint: 35001 ns, At safepoint: 3100 ns, Total: 38101 ns
[361.841s][info ][safepoint      ] Safepoint "Cleanup", Time since last: 2000176731 ns, Reaching safepoint: 54802 ns, At safepoint: 9500 ns, Total: 64302 ns
[371.842s][info ][safepoint      ] Safepoint "Cleanup", Time since last: 10000640568 ns, Reaching safepoint: 53402 ns, At safepoint: 7200 ns, Total: 60602 ns
[416.845s][info ][safepoint      ] Safepoint "Cleanup", Time since last: 45002968271 ns, Reaching safepoint: 57002 ns, At safepoint: 13400 ns, Total: 70402 ns
[425.845s][info ][safepoint      ] Safepoint "Cleanup", Time since last: 9000655802 ns, Reaching safepoint: 50202 ns, At safepoint: 3400 ns, Total: 53602 ns
[437.139s][info ][safepoint      ] Safepoint "ParallelGCFailedAllocation", Time since last: 11293373481 ns, Reaching safepoint: 111003 ns, At safepoint: 18901 ns, Total: 129904 ns
[437.139s][info ][gc,start       ] GC(39) Pause Young (GCLocker Initiated GC)
[437.173s][debug][gc,phases      ] GC(39) Scavenge 33.918ms
[437.173s][debug][gc,ref         ] GC(39) Skipped phase 1 of Reference Processing: no references
[437.173s][debug][gc,ref         ] GC(39) ReferenceProcessor::execute queues: 1, RefProcThreadModel::Single, marks_oops_alive: false
[437.173s][debug][gc,ref         ] GC(39) Skipped phase 3 of Reference Processing: no references
[437.173s][debug][gc,ref         ] GC(39) ReferenceProcessor::execute queues: 1, RefProcThreadModel::Single, marks_oops_alive: false
[437.173s][debug][gc,phases      ] GC(39) Reference Processing 0.153ms
[437.173s][debug][gc,phases      ] GC(39)   VM Weak                        Min:  0.0, Avg:  0.0, Max:  0.0, Diff:  0.0, Sum:  0.0, Workers: 4
[437.173s][debug][gc,phases      ] GC(39)     Dead                           Min: 0, Avg:  0.0, Max: 0, Diff: 0, Sum: 0, Workers: 4
[437.173s][debug][gc,phases      ] GC(39)     Total                          Min: 0, Avg: 193.0, Max: 708, Diff: 708, Sum: 772, Workers: 4
[437.173s][debug][gc,phases      ] GC(39)   ObjectSynchronizer Weak        Min:  0.0, Avg:  0.0, Max:  0.0, Diff:  0.0, Sum:  0.0, Workers: 4
[437.173s][debug][gc,phases      ] GC(39)     Dead                           Min: 0, Avg:  0.2, Max: 1, Diff: 1, Sum: 1, Workers: 4
[437.173s][debug][gc,phases      ] GC(39)     Total                          Min: 128, Avg: 432.0, Max: 576, Diff: 448, Sum: 1728, Workers: 4
[437.173s][debug][gc,phases      ] GC(39)   JVMTI Tag Weak OopStorage      Min:  0.0, Avg:  0.0, Max:  0.0, Diff:  0.0, Sum:  0.0, Workers: 4
[437.173s][debug][gc,phases      ] GC(39)     Dead                           Min: 0, Avg:  0.0, Max: 0, Diff: 0, Sum: 0, Workers: 4
[437.174s][debug][gc,phases      ] GC(39)     Total                          Min: 0, Avg:  0.0, Max: 0, Diff: 0, Sum: 0, Workers: 4
[437.174s][debug][gc,phases      ] GC(39)   StringTable Weak               Min:  0.1, Avg:  0.1, Max:  0.1, Diff:  0.0, Sum:  0.5, Workers: 4
[437.174s][debug][gc,phases      ] GC(39)     Dead                           Min: 0, Avg:  0.2, Max: 1, Diff: 1, Sum: 1, Workers: 4
[437.174s][debug][gc,phases      ] GC(39)     Total                          Min: 11840, Avg: 12376.2, Max: 12863, Diff: 1023, Sum: 49505, Workers: 4
[437.174s][debug][gc,phases      ] GC(39)   ResolvedMethodTable Weak       Min:  0.0, Avg:  0.0, Max:  0.0, Diff:  0.0, Sum:  0.1, Workers: 4
[437.174s][debug][gc,phases      ] GC(39)     Dead                           Min: 0, Avg:  0.2, Max: 1, Diff: 1, Sum: 1, Workers: 4
[437.174s][debug][gc,phases      ] GC(39)     Total                          Min: 1984, Avg: 2214.8, Max: 2587, Diff: 603, Sum: 8859, Workers: 4
[437.174s][debug][gc,phases      ] GC(39)   JNI Weak                       Min:  0.0, Avg:  0.0, Max:  0.0, Diff:  0.0, Sum:  0.0, Workers: 4
[437.174s][debug][gc,phases      ] GC(39)     Dead                           Min: 0, Avg:  0.0, Max: 0, Diff: 0, Sum: 0, Workers: 4
[437.174s][debug][gc,phases      ] GC(39)     Total                          Min: 0, Avg:  0.2, Max: 1, Diff: 1, Sum: 1, Workers: 4
[437.174s][debug][gc,phases      ] GC(39)   StringDedup Table Weak         Min:  0.0, Avg:  0.0, Max:  0.0, Diff:  0.0, Sum:  0.0, Workers: 4
[437.174s][debug][gc,phases      ] GC(39)     Dead                           Min: 0, Avg:  0.0, Max: 0, Diff: 0, Sum: 0, Workers: 4
[437.174s][debug][gc,phases      ] GC(39)     Total                          Min: 0, Avg:  0.0, Max: 0, Diff: 0, Sum: 0, Workers: 4
[437.174s][debug][gc,phases      ] GC(39)   StringDedup Requests0 Weak     Min:  0.0, Avg:  0.0, Max:  0.0, Diff:  0.0, Sum:  0.0, Workers: 4
[437.174s][debug][gc,phases      ] GC(39)     Dead                           Min: 0, Avg:  0.0, Max: 0, Diff: 0, Sum: 0, Workers: 4
[437.174s][debug][gc,phases      ] GC(39)     Total                          Min: 0, Avg:  0.0, Max: 0, Diff: 0, Sum: 0, Workers: 4
[437.174s][debug][gc,phases      ] GC(39)   StringDedup Requests1 Weak     Min:  0.0, Avg:  0.0, Max:  0.0, Diff:  0.0, Sum:  0.0, Workers: 4
[437.174s][debug][gc,phases      ] GC(39)     Dead                           Min: 0, Avg:  0.0, Max: 0, Diff: 0, Sum: 0, Workers: 4
[437.174s][debug][gc,phases      ] GC(39)     Total                          Min: 0, Avg:  0.0, Max: 0, Diff: 0, Sum: 0, Workers: 4
[437.174s][debug][gc,phases      ] GC(39)   Weak JFR Old Object Samples    Min:  0.0, Avg:  0.0, Max:  0.0, Diff:  0.0, Sum:  0.0, Workers: 4
[437.174s][debug][gc,phases      ] GC(39)     Dead                           Min: 0, Avg:  0.0, Max: 0, Diff: 0, Sum: 0, Workers: 4
[437.174s][debug][gc,phases      ] GC(39)     Total                          Min: 0, Avg:  0.0, Max: 0, Diff: 0, Sum: 0, Workers: 4
[437.174s][debug][gc,phases      ] GC(39) Weak Processing 0.351ms
[437.174s][debug][gc,age         ] GC(39) Desired survivor size 242221056 bytes, new threshold 15 (max threshold 15)
[437.174s][info ][gc,heap        ] GC(39) PSYoungGen: 1684236K(1848320K)->94498K(1833984K) Eden: 1585152K(1585152K)->0K(1585152K) From: 99084K(263168K)->94498K(248832K)
[437.174s][info ][gc,heap        ] GC(39) ParOldGen: 507026K(610816K)->513479K(610816K)
[437.174s][info ][gc,metaspace   ] GC(39) Metaspace: 86118K(87040K)->86118K(87040K) NonClass: 73873K(74368K)->73873K(74368K) Class: 12245K(12672K)->12245K(12672K)
[437.174s][info ][gc             ] GC(39) Pause Young (GCLocker Initiated GC) 2139M->593M(2387M) 34.534ms
[437.174s][info ][gc,cpu         ] GC(39) User=0.14s Sys=0.00s Real=0.03s
[437.174s][info ][safepoint      ] Safepoint "ParallelGCSystemGC", Time since last: 59502 ns, Reaching safepoint: 88803 ns, At safepoint: 34605834 ns, Total: 34694637 ns
[438.174s][info ][safepoint      ] Safepoint "Cleanup", Time since last: 1000080234 ns, Reaching safepoint: 74503 ns, At safepoint: 8500 ns, Total: 83003 ns
[438.323s][info ][gc,heap,exit   ] Heap
[438.323s][info ][gc,heap,exit   ]  PSYoungGen      total 1833984K, used 989283K [0x0000000780000000, 0x0000000800000000, 0x0000000800000000)
[438.323s][info ][gc,heap,exit   ]   eden space 1585152K, 56% used [0x0000000780000000,0x00000007b69d01c0,0x00000007e0c00000)
[438.323s][info ][gc,heap,exit   ]   from space 248832K, 37% used [0x00000007e0c00000,0x00000007e6848bc0,0x00000007eff00000)
[438.323s][info ][gc,heap,exit   ]   to   space 236544K, 0% used [0x00000007f1900000,0x00000007f1900000,0x0000000800000000)
[438.323s][info ][gc,heap,exit   ]  ParOldGen       total 610816K, used 513479K [0x0000000740000000, 0x0000000765480000, 0x0000000780000000)
[438.323s][info ][gc,heap,exit   ]   object space 610816K, 84% used [0x0000000740000000,0x000000075f571d08,0x0000000765480000)
[438.323s][info ][gc,heap,exit   ]  Metaspace       used 86166K, committed 87040K, reserved 1130496K
[438.323s][info ][gc,heap,exit   ]   class space    used 12249K, committed 12672K, reserved 1048576K
