[0.003s][info][gc] Using Parallel
[0.004s][info][gc,init] Version: 17.0.3+7-LTS (release)
[0.004s][info][gc,init] CPUs: 8 total, 8 available
[0.004s][info][gc,init] Memory: 32112M
[0.004s][info][gc,init] Large Page Support: Disabled
[0.004s][info][gc,init] NUMA Support: Disabled
[0.004s][info][gc,init] Compressed Oops: Enabled (Zero based)
[0.004s][info][gc,init] Alignments: Space 512K, Generation 512K, Heap 2M
[0.004s][info][gc,init] Heap Min Capacity: 2054M
[0.004s][info][gc,init] Heap Initial Capacity: 2054M
[0.004s][info][gc,init] Heap Max Capacity: 3G
[0.004s][info][gc,init] Pre-touch: Disabled
[0.004s][info][gc,init] Parallel Workers: 4
[0.004s][info][gc,metaspace] CDS archive(s) not mapped
[0.004s][info][gc,metaspace] Compressed class space mapped at: 0x0000000800000000-0x0000000840000000, reserved size: 1073741824
[0.004s][info][gc,metaspace] Narrow klass base: 0x0000000800000000, Narrow klass shift: 0, Narrow klass range: 0x40000000
[0.750s][info][safepoint   ] Safepoint "ICBufferFull", Time since last: 723230757 ns, Reaching safepoint: 138605 ns, At safepoint: 5600 ns, Total: 144205 ns
[1.060s][info][safepoint   ] Safepoint "ICBufferFull", Time since last: 309620697 ns, Reaching safepoint: 295411 ns, At safepoint: 6900 ns, Total: 302311 ns
[1.181s][info][gc,start    ] GC(0) Pause Young (Metadata GC Threshold)
[1.189s][debug][gc,phases   ] GC(0) Scavenge 6.331ms
[1.189s][debug][gc,ref      ] GC(0) Skipped phase 1 of Reference Processing: no references
[1.189s][debug][gc,ref      ] GC(0) ReferenceProcessor::execute queues: 2, RefProcThreadModel::Multi, marks_oops_alive: false
[1.189s][debug][gc,ref      ] GC(0) Skipped phase 3 of Reference Processing: no references
[1.189s][debug][gc,ref      ] GC(0) ReferenceProcessor::execute queues: 1, RefProcThreadModel::Single, marks_oops_alive: false
[1.189s][debug][gc,phases   ] GC(0) Reference Processing 0.241ms
[1.189s][debug][gc,phases   ] GC(0)   VM Weak                        Min:  0.0, Avg:  0.0, Max:  0.0, Diff:  0.0, Sum:  0.0, Workers: 4
[1.189s][debug][gc,phases   ] GC(0)     Dead                           Min: 0, Avg:  0.0, Max: 0, Diff: 0, Sum: 0, Workers: 4
[1.189s][debug][gc,phases   ] GC(0)     Total                          Min: 0, Avg: 27.5, Max: 110, Diff: 110, Sum: 110, Workers: 4
[1.189s][debug][gc,phases   ] GC(0)   ObjectSynchronizer Weak        Min:  0.0, Avg:  0.0, Max:  0.0, Diff:  0.0, Sum:  0.0, Workers: 4
[1.189s][debug][gc,phases   ] GC(0)     Dead                           Min: 0, Avg:  0.2, Max: 1, Diff: 1, Sum: 1, Workers: 4
[1.189s][debug][gc,phases   ] GC(0)     Total                          Min: 0, Avg:  1.5, Max: 6, Diff: 6, Sum: 6, Workers: 4
[1.189s][debug][gc,phases   ] GC(0)   JVMTI Tag Weak OopStorage      Min:  0.0, Avg:  0.0, Max:  0.0, Diff:  0.0, Sum:  0.0, Workers: 4
[1.189s][debug][gc,phases   ] GC(0)     Dead                           Min: 0, Avg:  0.0, Max: 0, Diff: 0, Sum: 0, Workers: 4
[1.189s][debug][gc,phases   ] GC(0)     Total                          Min: 0, Avg:  0.0, Max: 0, Diff: 0, Sum: 0, Workers: 4
[1.189s][debug][gc,phases   ] GC(0)   StringTable Weak               Min:  0.1, Avg:  0.1, Max:  0.1, Diff:  0.0, Sum:  0.3, Workers: 4
[1.189s][debug][gc,phases   ] GC(0)     Dead                           Min: 1, Avg:  6.2, Max: 12, Diff: 11, Sum: 25, Workers: 4
[1.189s][debug][gc,phases   ] GC(0)     Total                          Min: 2432, Avg: 2681.8, Max: 2944, Diff: 512, Sum: 10727, Workers: 4
[1.189s][debug][gc,phases   ] GC(0)   ResolvedMethodTable Weak       Min:  0.0, Avg:  0.0, Max:  0.0, Diff:  0.0, Sum:  0.0, Workers: 4
[1.189s][debug][gc,phases   ] GC(0)     Dead                           Min: 0, Avg:  6.2, Max: 14, Diff: 14, Sum: 25, Workers: 4
[1.189s][debug][gc,phases   ] GC(0)     Total                          Min: 128, Avg: 171.2, Max: 192, Diff: 64, Sum: 685, Workers: 4
[1.189s][debug][gc,phases   ] GC(0)   JNI Weak                       Min:  0.0, Avg:  0.0, Max:  0.0, Diff:  0.0, Sum:  0.0, Workers: 4
[1.189s][debug][gc,phases   ] GC(0)     Dead                           Min: 0, Avg:  0.0, Max: 0, Diff: 0, Sum: 0, Workers: 4
[1.189s][debug][gc,phases   ] GC(0)     Total                          Min: 0, Avg:  0.0, Max: 0, Diff: 0, Sum: 0, Workers: 4
[1.189s][debug][gc,phases   ] GC(0)   StringDedup Table Weak         Min:  0.0, Avg:  0.0, Max:  0.0, Diff:  0.0, Sum:  0.0, Workers: 4
[1.189s][debug][gc,phases   ] GC(0)     Dead                           Min: 0, Avg:  0.0, Max: 0, Diff: 0, Sum: 0, Workers: 4
[1.189s][debug][gc,phases   ] GC(0)     Total                          Min: 0, Avg:  0.0, Max: 0, Diff: 0, Sum: 0, Workers: 4
[1.189s][debug][gc,phases   ] GC(0)   StringDedup Requests0 Weak     Min:  0.0, Avg:  0.0, Max:  0.0, Diff:  0.0, Sum:  0.0, Workers: 4
[1.189s][debug][gc,phases   ] GC(0)     Dead                           Min: 0, Avg:  0.0, Max: 0, Diff: 0, Sum: 0, Workers: 4
[1.189s][debug][gc,phases   ] GC(0)     Total                          Min: 0, Avg:  0.0, Max: 0, Diff: 0, Sum: 0, Workers: 4
[1.189s][debug][gc,phases   ] GC(0)   StringDedup Requests1 Weak     Min:  0.0, Avg:  0.0, Max:  0.0, Diff:  0.0, Sum:  0.0, Workers: 4
[1.189s][debug][gc,phases   ] GC(0)     Dead                           Min: 0, Avg:  0.0, Max: 0, Diff: 0, Sum: 0, Workers: 4
[1.189s][debug][gc,phases   ] GC(0)     Total                          Min: 0, Avg:  0.0, Max: 0, Diff: 0, Sum: 0, Workers: 4
[1.189s][debug][gc,phases   ] GC(0)   Weak JFR Old Object Samples    Min:  0.0, Avg:  0.0, Max:  0.0, Diff:  0.0, Sum:  0.0, Workers: 4
[1.189s][debug][gc,phases   ] GC(0)     Dead                           Min: 0, Avg:  0.0, Max: 0, Diff: 0, Sum: 0, Workers: 4
[1.189s][debug][gc,phases   ] GC(0)     Total                          Min: 0, Avg:  0.0, Max: 0, Diff: 0, Sum: 0, Workers: 4
[1.189s][debug][gc,phases   ] GC(0) Weak Processing 0.271ms
[1.189s][debug][gc,age      ] GC(0) Desired survivor size 536870912 bytes, new threshold 7 (max threshold 15)
[1.189s][info ][gc,heap     ] GC(0) PSYoungGen: 251659K(1572864K)->12929K(1572864K) Eden: 251659K(1048576K)->0K(1048576K) From: 0K(524288K)->12929K(524288K)
[1.189s][info ][gc,heap     ] GC(0) ParOldGen: 0K(6144K)->88K(6144K)
[1.189s][info ][gc,metaspace] GC(0) Metaspace: 21318K(21504K)->21318K(21504K) NonClass: 18808K(18944K)->18808K(18944K) Class: 2509K(2560K)->2509K(2560K)
[1.189s][info ][gc          ] GC(0) Pause Young (Metadata GC Threshold) 245M->12M(1542M) 8.405ms
[1.189s][info ][gc,cpu      ] GC(0) User=0.02s Sys=0.01s Real=0.00s
[1.190s][debug][gc,phases   ] GC(1) Pre Compact 0.012ms
[1.190s][info ][gc,start    ] GC(1) Pause Full (Metadata GC Threshold)
[1.190s][info ][gc,phases,start] GC(1) Marking Phase
[1.194s][debug][gc,phases      ] GC(1) Par Mark 4.029ms
[1.194s][debug][gc,ref         ] GC(1) Skipped phase 1 of Reference Processing: no references
[1.194s][debug][gc,ref         ] GC(1) ReferenceProcessor::execute queues: 1, RefProcThreadModel::Single, marks_oops_alive: false
[1.194s][debug][gc,ref         ] GC(1) Skipped phase 3 of Reference Processing: no references
[1.194s][debug][gc,ref         ] GC(1) ReferenceProcessor::execute queues: 1, RefProcThreadModel::Single, marks_oops_alive: false
[1.194s][debug][gc,phases      ] GC(1) Reference Processing 0.055ms
[1.194s][debug][gc,phases      ] GC(1)   VM Weak                        Min:  0.0, Avg:  0.0, Max:  0.0, Diff:  0.0, Sum:  0.0, Workers: 4
[1.194s][debug][gc,phases      ] GC(1)     Dead                           Min: 0, Avg:  0.0, Max: 0, Diff: 0, Sum: 0, Workers: 4
[1.194s][debug][gc,phases      ] GC(1)     Total                          Min: 0, Avg: 27.5, Max: 110, Diff: 110, Sum: 110, Workers: 4
[1.194s][debug][gc,phases      ] GC(1)   ObjectSynchronizer Weak        Min:  0.0, Avg:  0.0, Max:  0.0, Diff:  0.0, Sum:  0.0, Workers: 4
[1.194s][debug][gc,phases      ] GC(1)     Dead                           Min: 0, Avg:  0.0, Max: 0, Diff: 0, Sum: 0, Workers: 4
[1.194s][debug][gc,phases      ] GC(1)     Total                          Min: 0, Avg:  1.5, Max: 6, Diff: 6, Sum: 6, Workers: 4
[1.194s][debug][gc,phases      ] GC(1)   JVMTI Tag Weak OopStorage      Min:  0.0, Avg:  0.0, Max:  0.0, Diff:  0.0, Sum:  0.0, Workers: 4
[1.194s][debug][gc,phases      ] GC(1)     Dead                           Min: 0, Avg:  0.0, Max: 0, Diff: 0, Sum: 0, Workers: 4
[1.194s][debug][gc,phases      ] GC(1)     Total                          Min: 0, Avg:  0.0, Max: 0, Diff: 0, Sum: 0, Workers: 4
[1.194s][debug][gc,phases      ] GC(1)   StringTable Weak               Min:  0.0, Avg:  0.0, Max:  0.0, Diff:  0.0, Sum:  0.1, Workers: 4
[1.194s][debug][gc,phases      ] GC(1)     Dead                           Min: 0, Avg:  0.0, Max: 0, Diff: 0, Sum: 0, Workers: 4
[1.194s][debug][gc,phases      ] GC(1)     Total                          Min: 2087, Avg: 2681.8, Max: 3072, Diff: 985, Sum: 10727, Workers: 4
[1.194s][debug][gc,phases      ] GC(1)   ResolvedMethodTable Weak       Min:  0.0, Avg:  0.0, Max:  0.0, Diff:  0.0, Sum:  0.0, Workers: 4
[1.194s][debug][gc,phases      ] GC(1)     Dead                           Min: 0, Avg:  0.0, Max: 0, Diff: 0, Sum: 0, Workers: 4
[1.194s][debug][gc,phases      ] GC(1)     Total                          Min: 128, Avg: 171.2, Max: 192, Diff: 64, Sum: 685, Workers: 4
[1.194s][debug][gc,phases      ] GC(1)   JNI Weak                       Min:  0.0, Avg:  0.0, Max:  0.0, Diff:  0.0, Sum:  0.0, Workers: 4
[1.194s][debug][gc,phases      ] GC(1)     Dead                           Min: 0, Avg:  0.0, Max: 0, Diff: 0, Sum: 0, Workers: 4
[1.194s][debug][gc,phases      ] GC(1)     Total                          Min: 0, Avg:  0.0, Max: 0, Diff: 0, Sum: 0, Workers: 4
[1.194s][debug][gc,phases      ] GC(1)   StringDedup Table Weak         Min:  0.0, Avg:  0.0, Max:  0.0, Diff:  0.0, Sum:  0.0, Workers: 4
[1.194s][debug][gc,phases      ] GC(1)     Dead                           Min: 0, Avg:  0.0, Max: 0, Diff: 0, Sum: 0, Workers: 4
[1.194s][debug][gc,phases      ] GC(1)     Total                          Min: 0, Avg:  0.0, Max: 0, Diff: 0, Sum: 0, Workers: 4
[1.194s][debug][gc,phases      ] GC(1)   StringDedup Requests0 Weak     Min:  0.0, Avg:  0.0, Max:  0.0, Diff:  0.0, Sum:  0.0, Workers: 4
[1.194s][debug][gc,phases      ] GC(1)     Dead                           Min: 0, Avg:  0.0, Max: 0, Diff: 0, Sum: 0, Workers: 4
[1.194s][debug][gc,phases      ] GC(1)     Total                          Min: 0, Avg:  0.0, Max: 0, Diff: 0, Sum: 0, Workers: 4
[1.194s][debug][gc,phases      ] GC(1)   StringDedup Requests1 Weak     Min:  0.0, Avg:  0.0, Max:  0.0, Diff:  0.0, Sum:  0.0, Workers: 4
[1.194s][debug][gc,phases      ] GC(1)     Dead                           Min: 0, Avg:  0.0, Max: 0, Diff: 0, Sum: 0, Workers: 4
[1.194s][debug][gc,phases      ] GC(1)     Total                          Min: 0, Avg:  0.0, Max: 0, Diff: 0, Sum: 0, Workers: 4
[1.194s][debug][gc,phases      ] GC(1)   Weak JFR Old Object Samples    Min:  0.0, Avg:  0.0, Max:  0.0, Diff:  0.0, Sum:  0.0, Workers: 4
[1.194s][debug][gc,phases      ] GC(1)     Dead                           Min: 0, Avg:  0.0, Max: 0, Diff: 0, Sum: 0, Workers: 4
[1.194s][debug][gc,phases      ] GC(1)     Total                          Min: 0, Avg:  0.0, Max: 0, Diff: 0, Sum: 0, Workers: 4
[1.194s][debug][gc,phases      ] GC(1) Weak Processing 0.247ms
[1.194s][debug][gc,phases      ] GC(1) ClassLoaderData 0.011ms
[1.194s][debug][gc,phases      ] GC(1) Trigger cleanups 0.001ms
[1.196s][debug][gc,phases      ] GC(1) Class Unloading 1.879ms
[1.196s][info ][gc,phases      ] GC(1) Marking Phase 6.281ms
[1.196s][info ][gc,phases,start] GC(1) Summary Phase
[1.196s][info ][gc,phases      ] GC(1) Summary Phase 0.005ms
[1.196s][info ][gc,phases,start] GC(1) Adjust Roots
[1.198s][info ][gc,phases      ] GC(1) Adjust Roots 2.487ms
[1.198s][info ][gc,phases,start] GC(1) Compaction Phase
[1.207s][info ][gc,phases      ] GC(1) Compaction Phase 8.191ms
[1.207s][info ][gc,phases,start] GC(1) Post Compact
[1.207s][info ][gc,phases      ] GC(1) Post Compact 0.764ms
[1.207s][info ][gc,heap        ] GC(1) PSYoungGen: 12929K(1572864K)->7173K(1572864K) Eden: 0K(1048576K)->0K(1048576K) From: 12929K(524288K)->7173K(524288K)
[1.207s][info ][gc,heap        ] GC(1) ParOldGen: 88K(6144K)->5650K(6144K)
[1.207s][info ][gc,metaspace   ] GC(1) Metaspace: 21318K(21504K)->21318K(21504K) NonClass: 18808K(18944K)->18808K(18944K) Class: 2509K(2560K)->2509K(2560K)
[1.207s][info ][gc             ] GC(1) Pause Full (Metadata GC Threshold) 12M->12M(1542M) 17.900ms
[1.207s][info ][gc,cpu         ] GC(1) User=0.04s Sys=0.01s Real=0.02s
[1.208s][info ][safepoint      ] Safepoint "CollectForMetadataAllocation", Time since last: 120490574 ns, Reaching safepoint: 212008 ns, At safepoint: 26472683 ns, Total: 26684691 ns
[1.772s][info ][safepoint      ] Safepoint "ICBufferFull", Time since last: 560623013 ns, Reaching safepoint: 3982348 ns, At safepoint: 11800 ns, Total: 3994148 ns
[1.797s][info ][safepoint      ] Safepoint "ICBufferFull", Time since last: 24912325 ns, Reaching safepoint: 80403 ns, At safepoint: 6600 ns, Total: 87003 ns
[1.820s][info ][safepoint      ] Safepoint "ICBufferFull", Time since last: 22753545 ns, Reaching safepoint: 62202 ns, At safepoint: 6001 ns, Total: 68203 ns
[1.825s][info ][safepoint      ] Safepoint "ICBufferFull", Time since last: 5101889 ns, Reaching safepoint: 43202 ns, At safepoint: 2400 ns, Total: 45602 ns
[1.832s][info ][safepoint      ] Safepoint "ICBufferFull", Time since last: 6487441 ns, Reaching safepoint: 53602 ns, At safepoint: 5700 ns, Total: 59302 ns
[1.835s][info ][safepoint      ] Safepoint "ICBufferFull", Time since last: 3467229 ns, Reaching safepoint: 42101 ns, At safepoint: 1900 ns, Total: 44001 ns
[1.838s][info ][safepoint      ] Safepoint "ICBufferFull", Time since last: 3003012 ns, Reaching safepoint: 37601 ns, At safepoint: 6900 ns, Total: 44501 ns
[1.841s][info ][safepoint      ] Safepoint "ICBufferFull", Time since last: 2704601 ns, Reaching safepoint: 22801 ns, At safepoint: 2300 ns, Total: 25101 ns
[1.844s][info ][safepoint      ] Safepoint "ICBufferFull", Time since last: 3184718 ns, Reaching safepoint: 42901 ns, At safepoint: 6301 ns, Total: 49202 ns
[1.848s][info ][safepoint      ] Safepoint "ICBufferFull", Time since last: 3464428 ns, Reaching safepoint: 42502 ns, At safepoint: 6100 ns, Total: 48602 ns
[1.850s][info ][safepoint      ] Safepoint "ICBufferFull", Time since last: 2366088 ns, Reaching safepoint: 38901 ns, At safepoint: 2500 ns, Total: 41401 ns
[1.856s][info ][safepoint      ] Safepoint "ICBufferFull", Time since last: 6052625 ns, Reaching safepoint: 50202 ns, At safepoint: 2800 ns, Total: 53002 ns
[1.861s][info ][safepoint      ] Safepoint "ICBufferFull", Time since last: 3931746 ns, Reaching safepoint: 694926 ns, At safepoint: 8600 ns, Total: 703526 ns
[1.864s][info ][safepoint      ] Safepoint "ICBufferFull", Time since last: 2646598 ns, Reaching safepoint: 136206 ns, At safepoint: 10200 ns, Total: 146406 ns
[1.872s][info ][safepoint      ] Safepoint "ICBufferFull", Time since last: 8360910 ns, Reaching safepoint: 48502 ns, At safepoint: 2800 ns, Total: 51302 ns
[1.873s][info ][safepoint      ] Safepoint "ICBufferFull", Time since last: 685126 ns, Reaching safepoint: 101103 ns, At safepoint: 4901 ns, Total: 106004 ns
[1.898s][info ][safepoint      ] Safepoint "ICBufferFull", Time since last: 24985527 ns, Reaching safepoint: 67603 ns, At safepoint: 6300 ns, Total: 73903 ns
[1.955s][info ][safepoint      ] Safepoint "ICBufferFull", Time since last: 56668804 ns, Reaching safepoint: 78903 ns, At safepoint: 3100 ns, Total: 82003 ns
[1.956s][info ][safepoint      ] Safepoint "ICBufferFull", Time since last: 1675262 ns, Reaching safepoint: 30901 ns, At safepoint: 2800 ns, Total: 33701 ns
[1.958s][info ][safepoint      ] Safepoint "ICBufferFull", Time since last: 1306449 ns, Reaching safepoint: 24500 ns, At safepoint: 3001 ns, Total: 27501 ns
[1.959s][info ][safepoint      ] Safepoint "ICBufferFull", Time since last: 1016737 ns, Reaching safepoint: 25601 ns, At safepoint: 6701 ns, Total: 32302 ns
[1.961s][info ][safepoint      ] Safepoint "ICBufferFull", Time since last: 1760165 ns, Reaching safepoint: 44502 ns, At safepoint: 2700 ns, Total: 47202 ns
[1.962s][info ][safepoint      ] Safepoint "ICBufferFull", Time since last: 1048739 ns, Reaching safepoint: 28901 ns, At safepoint: 2500 ns, Total: 31401 ns
[1.963s][info ][safepoint      ] Safepoint "ICBufferFull", Time since last: 1434753 ns, Reaching safepoint: 34901 ns, At safepoint: 2500 ns, Total: 37401 ns
[1.964s][info ][safepoint      ] Safepoint "ICBufferFull", Time since last: 1061540 ns, Reaching safepoint: 30001 ns, At safepoint: 2400 ns, Total: 32401 ns
[1.966s][info ][safepoint      ] Safepoint "ICBufferFull", Time since last: 1679862 ns, Reaching safepoint: 62403 ns, At safepoint: 2600 ns, Total: 65003 ns
[1.967s][info ][safepoint      ] Safepoint "ICBufferFull", Time since last: 1046839 ns, Reaching safepoint: 23501 ns, At safepoint: 3200 ns, Total: 26701 ns
[1.969s][info ][safepoint      ] Safepoint "ICBufferFull", Time since last: 1839768 ns, Reaching safepoint: 30401 ns, At safepoint: 2200 ns, Total: 32601 ns
[1.970s][info ][safepoint      ] Safepoint "ICBufferFull", Time since last: 1196545 ns, Reaching safepoint: 25401 ns, At safepoint: 1800 ns, Total: 27201 ns
[1.971s][info ][safepoint      ] Safepoint "ICBufferFull", Time since last: 1172643 ns, Reaching safepoint: 29301 ns, At safepoint: 2500 ns, Total: 31801 ns
[1.974s][info ][safepoint      ] Safepoint "ICBufferFull", Time since last: 2335787 ns, Reaching safepoint: 98604 ns, At safepoint: 6400 ns, Total: 105004 ns
[1.976s][info ][safepoint      ] Safepoint "ICBufferFull", Time since last: 1914571 ns, Reaching safepoint: 47402 ns, At safepoint: 6400 ns, Total: 53802 ns
[1.988s][info ][safepoint      ] Safepoint "ICBufferFull", Time since last: 12415461 ns, Reaching safepoint: 45302 ns, At safepoint: 4000 ns, Total: 49302 ns
[1.997s][info ][safepoint      ] Safepoint "ICBufferFull", Time since last: 8722724 ns, Reaching safepoint: 54502 ns, At safepoint: 3200 ns, Total: 57702 ns
[2.015s][info ][safepoint      ] Safepoint "ICBufferFull", Time since last: 18111072 ns, Reaching safepoint: 52902 ns, At safepoint: 3300 ns, Total: 56202 ns
[2.052s][info ][safepoint      ] Safepoint "ICBufferFull", Time since last: 37032675 ns, Reaching safepoint: 82003 ns, At safepoint: 3200 ns, Total: 85203 ns
[2.053s][info ][safepoint      ] Safepoint "ICBufferFull", Time since last: 689526 ns, Reaching safepoint: 100703 ns, At safepoint: 5701 ns, Total: 106404 ns
[2.058s][info ][safepoint      ] Safepoint "ICBufferFull", Time since last: 4717875 ns, Reaching safepoint: 152605 ns, At safepoint: 7901 ns, Total: 160506 ns
[2.061s][info ][safepoint      ] Safepoint "ICBufferFull", Time since last: 3069314 ns, Reaching safepoint: 61702 ns, At safepoint: 7300 ns, Total: 69002 ns
[2.130s][info ][safepoint      ] Safepoint "ICBufferFull", Time since last: 69025463 ns, Reaching safepoint: 56702 ns, At safepoint: 2600 ns, Total: 59302 ns
[2.133s][info ][safepoint      ] Safepoint "ICBufferFull", Time since last: 3025112 ns, Reaching safepoint: 32301 ns, At safepoint: 2900 ns, Total: 35201 ns
[2.134s][info ][safepoint      ] Safepoint "ICBufferFull", Time since last: 1156143 ns, Reaching safepoint: 40002 ns, At safepoint: 2000 ns, Total: 42002 ns
[2.136s][info ][safepoint      ] Safepoint "ICBufferFull", Time since last: 1703663 ns, Reaching safepoint: 43102 ns, At safepoint: 2400 ns, Total: 45502 ns
[2.138s][info ][safepoint      ] Safepoint "ICBufferFull", Time since last: 1682162 ns, Reaching safepoint: 19601 ns, At safepoint: 1800 ns, Total: 21401 ns
[2.139s][info ][safepoint      ] Safepoint "ICBufferFull", Time since last: 1349150 ns, Reaching safepoint: 18401 ns, At safepoint: 2200 ns, Total: 20601 ns
[2.142s][info ][safepoint      ] Safepoint "ICBufferFull", Time since last: 2326986 ns, Reaching safepoint: 20301 ns, At safepoint: 2400 ns, Total: 22701 ns
[2.143s][info ][safepoint      ] Safepoint "ICBufferFull", Time since last: 1017338 ns, Reaching safepoint: 18601 ns, At safepoint: 2300 ns, Total: 20901 ns
[2.144s][info ][safepoint      ] Safepoint "ICBufferFull", Time since last: 1103241 ns, Reaching safepoint: 16100 ns, At safepoint: 1700 ns, Total: 17800 ns
[2.144s][info ][safepoint      ] Safepoint "ICBufferFull", Time since last: 710427 ns, Reaching safepoint: 17900 ns, At safepoint: 2100 ns, Total: 20000 ns
[2.148s][info ][safepoint      ] Safepoint "ICBufferFull", Time since last: 3372526 ns, Reaching safepoint: 24501 ns, At safepoint: 2400 ns, Total: 26901 ns
[2.149s][info ][safepoint      ] Safepoint "ICBufferFull", Time since last: 1085740 ns, Reaching safepoint: 21301 ns, At safepoint: 2500 ns, Total: 23801 ns
[2.150s][info ][safepoint      ] Safepoint "ICBufferFull", Time since last: 859532 ns, Reaching safepoint: 16600 ns, At safepoint: 1900 ns, Total: 18500 ns
[2.151s][info ][safepoint      ] Safepoint "ICBufferFull", Time since last: 1021638 ns, Reaching safepoint: 30401 ns, At safepoint: 1901 ns, Total: 32302 ns
[2.158s][info ][safepoint      ] Safepoint "ICBufferFull", Time since last: 7098463 ns, Reaching safepoint: 48402 ns, At safepoint: 4500 ns, Total: 52902 ns
[2.159s][info ][safepoint      ] Safepoint "ICBufferFull", Time since last: 1044639 ns, Reaching safepoint: 27201 ns, At safepoint: 2100 ns, Total: 29301 ns
[2.163s][info ][safepoint      ] Safepoint "ICBufferFull", Time since last: 4261058 ns, Reaching safepoint: 47402 ns, At safepoint: 3900 ns, Total: 51302 ns
[2.165s][info ][safepoint      ] Safepoint "ICBufferFull", Time since last: 1797967 ns, Reaching safepoint: 27601 ns, At safepoint: 2200 ns, Total: 29801 ns
[2.166s][info ][safepoint      ] Safepoint "ICBufferFull", Time since last: 1085840 ns, Reaching safepoint: 23301 ns, At safepoint: 2100 ns, Total: 25401 ns
[2.171s][info ][safepoint      ] Safepoint "ICBufferFull", Time since last: 4130353 ns, Reaching safepoint: 33802 ns, At safepoint: 2800 ns, Total: 36602 ns
[2.172s][info ][safepoint      ] Safepoint "ICBufferFull", Time since last: 1440553 ns, Reaching safepoint: 27401 ns, At safepoint: 1900 ns, Total: 29301 ns
[2.183s][info ][safepoint      ] Safepoint "ICBufferFull", Time since last: 10562492 ns, Reaching safepoint: 91104 ns, At safepoint: 3500 ns, Total: 94604 ns
[2.185s][info ][safepoint      ] Safepoint "ICBufferFull", Time since last: 1976073 ns, Reaching safepoint: 25701 ns, At safepoint: 2700 ns, Total: 28401 ns
[2.188s][info ][safepoint      ] Safepoint "ICBufferFull", Time since last: 3253321 ns, Reaching safepoint: 35902 ns, At safepoint: 2500 ns, Total: 38402 ns
[2.190s][info ][safepoint      ] Safepoint "ICBufferFull", Time since last: 2459191 ns, Reaching safepoint: 37801 ns, At safepoint: 2700 ns, Total: 40501 ns
[2.193s][info ][safepoint      ] Safepoint "ICBufferFull", Time since last: 2247284 ns, Reaching safepoint: 31001 ns, At safepoint: 2100 ns, Total: 33101 ns
[2.195s][info ][safepoint      ] Safepoint "ICBufferFull", Time since last: 2122079 ns, Reaching safepoint: 29101 ns, At safepoint: 1700 ns, Total: 30801 ns
[2.197s][info ][safepoint      ] Safepoint "ICBufferFull", Time since last: 2443291 ns, Reaching safepoint: 31501 ns, At safepoint: 2800 ns, Total: 34301 ns
[2.200s][info ][safepoint      ] Safepoint "ICBufferFull", Time since last: 2134779 ns, Reaching safepoint: 26601 ns, At safepoint: 1800 ns, Total: 28401 ns
[2.202s][info ][safepoint      ] Safepoint "ICBufferFull", Time since last: 2105578 ns, Reaching safepoint: 31702 ns, At safepoint: 2400 ns, Total: 34102 ns
[2.205s][info ][safepoint      ] Safepoint "ICBufferFull", Time since last: 3680336 ns, Reaching safepoint: 43002 ns, At safepoint: 3000 ns, Total: 46002 ns
[2.208s][info ][safepoint      ] Safepoint "ICBufferFull", Time since last: 2332487 ns, Reaching safepoint: 43501 ns, At safepoint: 3200 ns, Total: 46701 ns
[2.210s][info ][safepoint      ] Safepoint "ICBufferFull", Time since last: 2171381 ns, Reaching safepoint: 39001 ns, At safepoint: 2701 ns, Total: 41702 ns
[2.212s][info ][safepoint      ] Safepoint "ICBufferFull", Time since last: 2288684 ns, Reaching safepoint: 65303 ns, At safepoint: 3500 ns, Total: 68803 ns
[2.214s][info ][safepoint      ] Safepoint "ICBufferFull", Time since last: 2081177 ns, Reaching safepoint: 38502 ns, At safepoint: 2800 ns, Total: 41302 ns
[2.215s][info ][safepoint      ] Safepoint "ICBufferFull", Time since last: 858032 ns, Reaching safepoint: 27201 ns, At safepoint: 1600 ns, Total: 28801 ns
[2.220s][info ][safepoint      ] Safepoint "ICBufferFull", Time since last: 4229757 ns, Reaching safepoint: 32101 ns, At safepoint: 1800 ns, Total: 33901 ns
[2.223s][info ][safepoint      ] Safepoint "ICBufferFull", Time since last: 2854006 ns, Reaching safepoint: 38601 ns, At safepoint: 3001 ns, Total: 41602 ns
[2.235s][info ][safepoint      ] Safepoint "ICBufferFull", Time since last: 11931042 ns, Reaching safepoint: 45802 ns, At safepoint: 12001 ns, Total: 57803 ns
[2.236s][info ][safepoint      ] Safepoint "ICBufferFull", Time since last: 1045238 ns, Reaching safepoint: 32802 ns, At safepoint: 1900 ns, Total: 34702 ns
[2.236s][info ][safepoint      ] Safepoint "ICBufferFull", Time since last: 485218 ns, Reaching safepoint: 18000 ns, At safepoint: 1900 ns, Total: 19900 ns
[2.238s][info ][safepoint      ] Safepoint "ICBufferFull", Time since last: 1930572 ns, Reaching safepoint: 32601 ns, At safepoint: 6001 ns, Total: 38602 ns
[2.240s][info ][safepoint      ] Safepoint "ICBufferFull", Time since last: 1955272 ns, Reaching safepoint: 15801 ns, At safepoint: 1800 ns, Total: 17601 ns
[2.241s][info ][safepoint      ] Safepoint "ICBufferFull", Time since last: 523019 ns, Reaching safepoint: 17501 ns, At safepoint: 1800 ns, Total: 19301 ns
[2.243s][info ][safepoint      ] Safepoint "ICBufferFull", Time since last: 1947972 ns, Reaching safepoint: 27001 ns, At safepoint: 1900 ns, Total: 28901 ns
[2.246s][info ][safepoint      ] Safepoint "ICBufferFull", Time since last: 2978611 ns, Reaching safepoint: 91803 ns, At safepoint: 5400 ns, Total: 97203 ns
[2.252s][info ][safepoint      ] Safepoint "ICBufferFull", Time since last: 6064126 ns, Reaching safepoint: 28301 ns, At safepoint: 2800 ns, Total: 31101 ns
[2.259s][info ][safepoint      ] Safepoint "ICBufferFull", Time since last: 6979859 ns, Reaching safepoint: 51902 ns, At safepoint: 7400 ns, Total: 59302 ns
[2.261s][info ][safepoint      ] Safepoint "ICBufferFull", Time since last: 1990374 ns, Reaching safepoint: 61702 ns, At safepoint: 3000 ns, Total: 64702 ns
[2.262s][info ][safepoint      ] Safepoint "ICBufferFull", Time since last: 646524 ns, Reaching safepoint: 28301 ns, At safepoint: 2100 ns, Total: 30401 ns
[2.266s][info ][safepoint      ] Safepoint "ICBufferFull", Time since last: 4538769 ns, Reaching safepoint: 31401 ns, At safepoint: 5800 ns, Total: 37201 ns
[2.267s][info ][safepoint      ] Safepoint "ICBufferFull", Time since last: 1242746 ns, Reaching safepoint: 22601 ns, At safepoint: 6601 ns, Total: 29202 ns
[2.270s][info ][safepoint      ] Safepoint "ICBufferFull", Time since last: 3037012 ns, Reaching safepoint: 33502 ns, At safepoint: 6400 ns, Total: 39902 ns
[2.271s][info ][safepoint      ] Safepoint "ICBufferFull", Time since last: 504119 ns, Reaching safepoint: 86003 ns, At safepoint: 5700 ns, Total: 91703 ns
[2.273s][info ][safepoint      ] Safepoint "ICBufferFull", Time since last: 1821168 ns, Reaching safepoint: 46801 ns, At safepoint: 5900 ns, Total: 52701 ns
[2.275s][info ][safepoint      ] Safepoint "ICBufferFull", Time since last: 1772866 ns, Reaching safepoint: 26401 ns, At safepoint: 2400 ns, Total: 28801 ns
[2.275s][info ][safepoint      ] Safepoint "ICBufferFull", Time since last: 505419 ns, Reaching safepoint: 10801 ns, At safepoint: 2000 ns, Total: 12801 ns
[2.279s][info ][safepoint      ] Safepoint "ICBufferFull", Time since last: 4072251 ns, Reaching safepoint: 32601 ns, At safepoint: 2500 ns, Total: 35101 ns
[2.297s][info ][safepoint      ] Safepoint "ICBufferFull", Time since last: 17662756 ns, Reaching safepoint: 54502 ns, At safepoint: 3900 ns, Total: 58402 ns
[2.298s][info ][safepoint      ] Safepoint "ICBufferFull", Time since last: 522519 ns, Reaching safepoint: 29901 ns, At safepoint: 1500 ns, Total: 31401 ns
[2.317s][info ][safepoint      ] Safepoint "ICBufferFull", Time since last: 19595928 ns, Reaching safepoint: 48702 ns, At safepoint: 3500 ns, Total: 52202 ns
[2.319s][info ][safepoint      ] Safepoint "ICBufferFull", Time since last: 1888670 ns, Reaching safepoint: 32401 ns, At safepoint: 2400 ns, Total: 34801 ns
[2.320s][info ][safepoint      ] Safepoint "ICBufferFull", Time since last: 1233846 ns, Reaching safepoint: 17500 ns, At safepoint: 2101 ns, Total: 19601 ns
[2.322s][info ][safepoint      ] Safepoint "ICBufferFull", Time since last: 1235645 ns, Reaching safepoint: 34902 ns, At safepoint: 2200 ns, Total: 37102 ns
[2.323s][info ][safepoint      ] Safepoint "ICBufferFull", Time since last: 1504356 ns, Reaching safepoint: 17200 ns, At safepoint: 2000 ns, Total: 19200 ns
[2.325s][info ][safepoint      ] Safepoint "ICBufferFull", Time since last: 2059477 ns, Reaching safepoint: 19600 ns, At safepoint: 2001 ns, Total: 21601 ns
[2.328s][info ][safepoint      ] Safepoint "ICBufferFull", Time since last: 2242183 ns, Reaching safepoint: 40901 ns, At safepoint: 3100 ns, Total: 44001 ns
[2.329s][info ][safepoint      ] Safepoint "ICBufferFull", Time since last: 922235 ns, Reaching safepoint: 17100 ns, At safepoint: 2000 ns, Total: 19100 ns
[2.330s][info ][safepoint      ] Safepoint "ICBufferFull", Time since last: 1247247 ns, Reaching safepoint: 17200 ns, At safepoint: 2000 ns, Total: 19200 ns
[2.333s][info ][safepoint      ] Safepoint "ICBufferFull", Time since last: 3041413 ns, Reaching safepoint: 17501 ns, At safepoint: 1800 ns, Total: 19301 ns
[2.334s][info ][safepoint      ] Safepoint "ICBufferFull", Time since last: 1178644 ns, Reaching safepoint: 23301 ns, At safepoint: 3900 ns, Total: 27201 ns
[2.335s][info ][safepoint      ] Safepoint "ICBufferFull", Time since last: 1331349 ns, Reaching safepoint: 34801 ns, At safepoint: 1900 ns, Total: 36701 ns
[2.337s][info ][safepoint      ] Safepoint "ICBufferFull", Time since last: 1899871 ns, Reaching safepoint: 31401 ns, At safepoint: 1900 ns, Total: 33301 ns
[2.342s][info ][safepoint      ] Safepoint "ICBufferFull", Time since last: 4338861 ns, Reaching safepoint: 58802 ns, At safepoint: 5701 ns, Total: 64503 ns
[2.342s][info ][safepoint      ] Safepoint "ICBufferFull", Time since last: 539120 ns, Reaching safepoint: 104004 ns, At safepoint: 6400 ns, Total: 110404 ns
[2.345s][info ][safepoint      ] Safepoint "ICBufferFull", Time since last: 2188081 ns, Reaching safepoint: 27601 ns, At safepoint: 1900 ns, Total: 29501 ns
[2.346s][info ][safepoint      ] Safepoint "ICBufferFull", Time since last: 1101441 ns, Reaching safepoint: 15901 ns, At safepoint: 2100 ns, Total: 18001 ns
[2.347s][info ][safepoint      ] Safepoint "ICBufferFull", Time since last: 1287747 ns, Reaching safepoint: 33002 ns, At safepoint: 2100 ns, Total: 35102 ns
[2.349s][info ][safepoint      ] Safepoint "ICBufferFull", Time since last: 1453754 ns, Reaching safepoint: 33301 ns, At safepoint: 4600 ns, Total: 37901 ns
[2.350s][info ][safepoint      ] Safepoint "ICBufferFull", Time since last: 1384451 ns, Reaching safepoint: 27902 ns, At safepoint: 2000 ns, Total: 29902 ns
[2.351s][info ][safepoint      ] Safepoint "ICBufferFull", Time since last: 1434953 ns, Reaching safepoint: 13200 ns, At safepoint: 2000 ns, Total: 15200 ns
[2.353s][info ][safepoint      ] Safepoint "ICBufferFull", Time since last: 1662862 ns, Reaching safepoint: 29401 ns, At safepoint: 3300 ns, Total: 32701 ns
[2.355s][info ][safepoint      ] Safepoint "ICBufferFull", Time since last: 1402252 ns, Reaching safepoint: 31202 ns, At safepoint: 2000 ns, Total: 33202 ns
[2.358s][info ][safepoint      ] Safepoint "ICBufferFull", Time since last: 2911108 ns, Reaching safepoint: 28401 ns, At safepoint: 2800 ns, Total: 31201 ns
[2.359s][info ][safepoint      ] Safepoint "ICBufferFull", Time since last: 1400452 ns, Reaching safepoint: 38301 ns, At safepoint: 7701 ns, Total: 46002 ns
[2.361s][info ][safepoint      ] Safepoint "ICBufferFull", Time since last: 1922871 ns, Reaching safepoint: 33201 ns, At safepoint: 2700 ns, Total: 35901 ns
[2.362s][info ][safepoint      ] Safepoint "ICBufferFull", Time since last: 1427953 ns, Reaching safepoint: 33201 ns, At safepoint: 2401 ns, Total: 35602 ns
[2.364s][info ][safepoint      ] Safepoint "ICBufferFull", Time since last: 1861269 ns, Reaching safepoint: 22600 ns, At safepoint: 2701 ns, Total: 25301 ns
[2.366s][info ][safepoint      ] Safepoint "ICBufferFull", Time since last: 1357650 ns, Reaching safepoint: 16801 ns, At safepoint: 2000 ns, Total: 18801 ns
[2.367s][info ][safepoint      ] Safepoint "ICBufferFull", Time since last: 1242246 ns, Reaching safepoint: 19400 ns, At safepoint: 2101 ns, Total: 21501 ns
[2.368s][info ][safepoint      ] Safepoint "ICBufferFull", Time since last: 1300848 ns, Reaching safepoint: 19701 ns, At safepoint: 2200 ns, Total: 21901 ns
[2.370s][info ][safepoint      ] Safepoint "ICBufferFull", Time since last: 1425453 ns, Reaching safepoint: 17500 ns, At safepoint: 2100 ns, Total: 19600 ns
[2.371s][info ][safepoint      ] Safepoint "ICBufferFull", Time since last: 1337750 ns, Reaching safepoint: 19501 ns, At safepoint: 2100 ns, Total: 21601 ns
[2.373s][info ][safepoint      ] Safepoint "ICBufferFull", Time since last: 1563258 ns, Reaching safepoint: 28901 ns, At safepoint: 6600 ns, Total: 35501 ns
[2.373s][info ][safepoint      ] Safepoint "ICBufferFull", Time since last: 555821 ns, Reaching safepoint: 15200 ns, At safepoint: 4400 ns, Total: 19600 ns
[2.375s][info ][safepoint      ] Safepoint "ICBufferFull", Time since last: 1661562 ns, Reaching safepoint: 40002 ns, At safepoint: 4700 ns, Total: 44702 ns
[2.377s][info ][safepoint      ] Safepoint "ICBufferFull", Time since last: 2398989 ns, Reaching safepoint: 29001 ns, At safepoint: 2300 ns, Total: 31301 ns
[2.379s][info ][safepoint      ] Safepoint "ICBufferFull", Time since last: 1291948 ns, Reaching safepoint: 17901 ns, At safepoint: 2000 ns, Total: 19901 ns
[2.380s][info ][safepoint      ] Safepoint "ICBufferFull", Time since last: 1451754 ns, Reaching safepoint: 32101 ns, At safepoint: 2200 ns, Total: 34301 ns
[2.382s][info ][safepoint      ] Safepoint "ICBufferFull", Time since last: 1778466 ns, Reaching safepoint: 17400 ns, At safepoint: 2001 ns, Total: 19401 ns
[2.382s][info ][safepoint      ] Safepoint "ICBufferFull", Time since last: 481317 ns, Reaching safepoint: 19601 ns, At safepoint: 2100 ns, Total: 21701 ns
[2.384s][info ][safepoint      ] Safepoint "ICBufferFull", Time since last: 1497856 ns, Reaching safepoint: 28801 ns, At safepoint: 2100 ns, Total: 30901 ns
[2.386s][info ][safepoint      ] Safepoint "ICBufferFull", Time since last: 1806267 ns, Reaching safepoint: 19701 ns, At safepoint: 2400 ns, Total: 22101 ns
[2.388s][info ][safepoint      ] Safepoint "ICBufferFull", Time since last: 1752565 ns, Reaching safepoint: 37001 ns, At safepoint: 3000 ns, Total: 40001 ns
[2.388s][info ][safepoint      ] Safepoint "ICBufferFull", Time since last: 776829 ns, Reaching safepoint: 32801 ns, At safepoint: 6001 ns, Total: 38802 ns
[2.390s][info ][safepoint      ] Safepoint "ICBufferFull", Time since last: 1598059 ns, Reaching safepoint: 19301 ns, At safepoint: 2500 ns, Total: 21801 ns
[2.391s][info ][safepoint      ] Safepoint "ICBufferFull", Time since last: 1243546 ns, Reaching safepoint: 16500 ns, At safepoint: 1901 ns, Total: 18401 ns
[2.392s][info ][safepoint      ] Safepoint "ICBufferFull", Time since last: 1023738 ns, Reaching safepoint: 18000 ns, At safepoint: 2400 ns, Total: 20400 ns
[2.394s][info ][safepoint      ] Safepoint "ICBufferFull", Time since last: 1184044 ns, Reaching safepoint: 19001 ns, At safepoint: 2100 ns, Total: 21101 ns
[2.395s][info ][safepoint      ] Safepoint "ICBufferFull", Time since last: 1367551 ns, Reaching safepoint: 22001 ns, At safepoint: 6500 ns, Total: 28501 ns
[2.396s][info ][safepoint      ] Safepoint "ICBufferFull", Time since last: 864232 ns, Reaching safepoint: 28101 ns, At safepoint: 4300 ns, Total: 32401 ns
[2.397s][info ][safepoint      ] Safepoint "ICBufferFull", Time since last: 1067140 ns, Reaching safepoint: 84803 ns, At safepoint: 5300 ns, Total: 90103 ns
[2.398s][info ][safepoint      ] Safepoint "ICBufferFull", Time since last: 685225 ns, Reaching safepoint: 15501 ns, At safepoint: 5300 ns, Total: 20801 ns
[2.398s][info ][safepoint      ] Safepoint "ICBufferFull", Time since last: 684526 ns, Reaching safepoint: 15200 ns, At safepoint: 1500 ns, Total: 16700 ns
[2.399s][info ][safepoint      ] Safepoint "ICBufferFull", Time since last: 726027 ns, Reaching safepoint: 31701 ns, At safepoint: 4701 ns, Total: 36402 ns
[2.400s][info ][safepoint      ] Safepoint "ICBufferFull", Time since last: 805829 ns, Reaching safepoint: 20301 ns, At safepoint: 2200 ns, Total: 22501 ns
[2.401s][info ][safepoint      ] Safepoint "ICBufferFull", Time since last: 520520 ns, Reaching safepoint: 85703 ns, At safepoint: 6300 ns, Total: 92003 ns
[2.402s][info ][safepoint      ] Safepoint "ICBufferFull", Time since last: 1541157 ns, Reaching safepoint: 24401 ns, At safepoint: 2300 ns, Total: 26701 ns
[2.403s][info ][safepoint      ] Safepoint "ICBufferFull", Time since last: 906134 ns, Reaching safepoint: 19501 ns, At safepoint: 2100 ns, Total: 21601 ns
[2.404s][info ][safepoint      ] Safepoint "ICBufferFull", Time since last: 871432 ns, Reaching safepoint: 20601 ns, At safepoint: 9500 ns, Total: 30101 ns
[2.405s][info ][safepoint      ] Safepoint "ICBufferFull", Time since last: 902334 ns, Reaching safepoint: 61902 ns, At safepoint: 6300 ns, Total: 68202 ns
[2.407s][info ][safepoint      ] Safepoint "ICBufferFull", Time since last: 2040276 ns, Reaching safepoint: 37001 ns, At safepoint: 2900 ns, Total: 39901 ns
[2.408s][info ][safepoint      ] Safepoint "ICBufferFull", Time since last: 902834 ns, Reaching safepoint: 35301 ns, At safepoint: 2200 ns, Total: 37501 ns
[2.409s][info ][safepoint      ] Safepoint "ICBufferFull", Time since last: 682326 ns, Reaching safepoint: 39701 ns, At safepoint: 3100 ns, Total: 42801 ns
[2.409s][info ][safepoint      ] Safepoint "ICBufferFull", Time since last: 638924 ns, Reaching safepoint: 31601 ns, At safepoint: 1900 ns, Total: 33501 ns
[2.410s][info ][safepoint      ] Safepoint "ICBufferFull", Time since last: 634524 ns, Reaching safepoint: 30101 ns, At safepoint: 1700 ns, Total: 31801 ns
[2.411s][info ][safepoint      ] Safepoint "ICBufferFull", Time since last: 681425 ns, Reaching safepoint: 26501 ns, At safepoint: 2000 ns, Total: 28501 ns
[2.412s][info ][safepoint      ] Safepoint "ICBufferFull", Time since last: 755228 ns, Reaching safepoint: 174807 ns, At safepoint: 6600 ns, Total: 181407 ns
[2.413s][info ][safepoint      ] Safepoint "ICBufferFull", Time since last: 873332 ns, Reaching safepoint: 29201 ns, At safepoint: 2501 ns, Total: 31702 ns
[2.413s][info ][safepoint      ] Safepoint "ICBufferFull", Time since last: 827530 ns, Reaching safepoint: 25801 ns, At safepoint: 2500 ns, Total: 28301 ns
[2.415s][info ][safepoint      ] Safepoint "ICBufferFull", Time since last: 1154443 ns, Reaching safepoint: 28001 ns, At safepoint: 2000 ns, Total: 30001 ns
[2.415s][info ][safepoint      ] Safepoint "ICBufferFull", Time since last: 792430 ns, Reaching safepoint: 25501 ns, At safepoint: 1900 ns, Total: 27401 ns
[2.416s][info ][safepoint      ] Safepoint "ICBufferFull", Time since last: 876732 ns, Reaching safepoint: 32301 ns, At safepoint: 2301 ns, Total: 34602 ns
[2.419s][info ][safepoint      ] Safepoint "ICBufferFull", Time since last: 2973910 ns, Reaching safepoint: 21301 ns, At safepoint: 3300 ns, Total: 24601 ns
[2.422s][info ][safepoint      ] Safepoint "ICBufferFull", Time since last: 2835105 ns, Reaching safepoint: 20901 ns, At safepoint: 2600 ns, Total: 23501 ns
[2.425s][info ][safepoint      ] Safepoint "ICBufferFull", Time since last: 2764303 ns, Reaching safepoint: 20900 ns, At safepoint: 6901 ns, Total: 27801 ns
[2.428s][info ][safepoint      ] Safepoint "ICBufferFull", Time since last: 2736501 ns, Reaching safepoint: 18201 ns, At safepoint: 2300 ns, Total: 20501 ns
[2.430s][info ][safepoint      ] Safepoint "ICBufferFull", Time since last: 2542194 ns, Reaching safepoint: 39802 ns, At safepoint: 2100 ns, Total: 41902 ns
[2.433s][info ][safepoint      ] Safepoint "ICBufferFull", Time since last: 2516293 ns, Reaching safepoint: 33001 ns, At safepoint: 2801 ns, Total: 35802 ns
[2.434s][info ][safepoint      ] Safepoint "ICBufferFull", Time since last: 1349950 ns, Reaching safepoint: 20400 ns, At safepoint: 2500 ns, Total: 22900 ns
[2.435s][info ][safepoint      ] Safepoint "ICBufferFull", Time since last: 1119242 ns, Reaching safepoint: 18501 ns, At safepoint: 2300 ns, Total: 20801 ns
[2.437s][info ][safepoint      ] Safepoint "ICBufferFull", Time since last: 1184544 ns, Reaching safepoint: 17300 ns, At safepoint: 1900 ns, Total: 19200 ns
[2.438s][info ][safepoint      ] Safepoint "ICBufferFull", Time since last: 1107742 ns, Reaching safepoint: 16600 ns, At safepoint: 1500 ns, Total: 18100 ns
[2.439s][info ][safepoint      ] Safepoint "ICBufferFull", Time since last: 1268747 ns, Reaching safepoint: 16901 ns, At safepoint: 1800 ns, Total: 18701 ns
[2.441s][info ][safepoint      ] Safepoint "ICBufferFull", Time since last: 1705463 ns, Reaching safepoint: 17801 ns, At safepoint: 1900 ns, Total: 19701 ns
[2.444s][info ][safepoint      ] Safepoint "ICBufferFull", Time since last: 3532131 ns, Reaching safepoint: 30701 ns, At safepoint: 2700 ns, Total: 33401 ns
[2.445s][info ][safepoint      ] Safepoint "ICBufferFull", Time since last: 504619 ns, Reaching safepoint: 15501 ns, At safepoint: 3100 ns, Total: 18601 ns
[2.447s][info ][safepoint      ] Safepoint "ICBufferFull", Time since last: 2374088 ns, Reaching safepoint: 17901 ns, At safepoint: 1700 ns, Total: 19601 ns
[2.449s][info ][safepoint      ] Safepoint "ICBufferFull", Time since last: 1717363 ns, Reaching safepoint: 19301 ns, At safepoint: 2100 ns, Total: 21401 ns
[2.450s][info ][safepoint      ] Safepoint "ICBufferFull", Time since last: 1301048 ns, Reaching safepoint: 17401 ns, At safepoint: 1600 ns, Total: 19001 ns
[2.451s][info ][safepoint      ] Safepoint "ICBufferFull", Time since last: 713727 ns, Reaching safepoint: 16000 ns, At safepoint: 1500 ns, Total: 17500 ns
[2.452s][info ][safepoint      ] Safepoint "ICBufferFull", Time since last: 642724 ns, Reaching safepoint: 17601 ns, At safepoint: 1800 ns, Total: 19401 ns
[2.452s][info ][safepoint      ] Safepoint "ICBufferFull", Time since last: 711726 ns, Reaching safepoint: 17101 ns, At safepoint: 1700 ns, Total: 18801 ns
[2.453s][info ][safepoint      ] Safepoint "ICBufferFull", Time since last: 778429 ns, Reaching safepoint: 13300 ns, At safepoint: 1900 ns, Total: 15200 ns
[2.454s][info ][safepoint      ] Safepoint "ICBufferFull", Time since last: 857132 ns, Reaching safepoint: 22701 ns, At safepoint: 2300 ns, Total: 25001 ns
[2.455s][info ][safepoint      ] Safepoint "ICBufferFull", Time since last: 975736 ns, Reaching safepoint: 16801 ns, At safepoint: 1800 ns, Total: 18601 ns
[2.456s][info ][safepoint      ] Safepoint "ICBufferFull", Time since last: 824331 ns, Reaching safepoint: 35201 ns, At safepoint: 2900 ns, Total: 38101 ns
[2.457s][info ][safepoint      ] Safepoint "ICBufferFull", Time since last: 907434 ns, Reaching safepoint: 30501 ns, At safepoint: 2300 ns, Total: 32801 ns
[2.458s][info ][safepoint      ] Safepoint "ICBufferFull", Time since last: 848932 ns, Reaching safepoint: 22900 ns, At safepoint: 2300 ns, Total: 25200 ns
[2.459s][info ][safepoint      ] Safepoint "ICBufferFull", Time since last: 1031439 ns, Reaching safepoint: 22101 ns, At safepoint: 2100 ns, Total: 24201 ns
[2.461s][info ][safepoint      ] Safepoint "ICBufferFull", Time since last: 1801266 ns, Reaching safepoint: 36002 ns, At safepoint: 6700 ns, Total: 42702 ns
[2.464s][info ][safepoint      ] Safepoint "ICBufferFull", Time since last: 3317723 ns, Reaching safepoint: 30501 ns, At safepoint: 3000 ns, Total: 33501 ns
[2.465s][info ][safepoint      ] Safepoint "ICBufferFull", Time since last: 709627 ns, Reaching safepoint: 21401 ns, At safepoint: 2200 ns, Total: 23601 ns
[2.465s][info ][safepoint      ] Safepoint "ICBufferFull", Time since last: 640323 ns, Reaching safepoint: 20501 ns, At safepoint: 2300 ns, Total: 22801 ns
[2.466s][info ][safepoint      ] Safepoint "ICBufferFull", Time since last: 747028 ns, Reaching safepoint: 30401 ns, At safepoint: 7300 ns, Total: 37701 ns
[2.467s][info ][safepoint      ] Safepoint "ICBufferFull", Time since last: 849832 ns, Reaching safepoint: 14300 ns, At safepoint: 2101 ns, Total: 16401 ns
[2.468s][info ][safepoint      ] Safepoint "ICBufferFull", Time since last: 968636 ns, Reaching safepoint: 84103 ns, At safepoint: 10200 ns, Total: 94303 ns
[2.469s][info ][safepoint      ] Safepoint "ICBufferFull", Time since last: 606823 ns, Reaching safepoint: 36701 ns, At safepoint: 6500 ns, Total: 43201 ns
[2.470s][info ][safepoint      ] Safepoint "ICBufferFull", Time since last: 919734 ns, Reaching safepoint: 17701 ns, At safepoint: 2200 ns, Total: 19901 ns
[2.471s][info ][safepoint      ] Safepoint "ICBufferFull", Time since last: 994337 ns, Reaching safepoint: 17501 ns, At safepoint: 2200 ns, Total: 19701 ns
[2.472s][info ][safepoint      ] Safepoint "ICBufferFull", Time since last: 959035 ns, Reaching safepoint: 32001 ns, At safepoint: 1801 ns, Total: 33802 ns
[2.473s][info ][safepoint      ] Safepoint "ICBufferFull", Time since last: 1423552 ns, Reaching safepoint: 22901 ns, At safepoint: 7000 ns, Total: 29901 ns
[2.476s][info ][safepoint      ] Safepoint "ICBufferFull", Time since last: 2556995 ns, Reaching safepoint: 100304 ns, At safepoint: 8000 ns, Total: 108304 ns
[2.477s][info ][safepoint      ] Safepoint "ICBufferFull", Time since last: 772029 ns, Reaching safepoint: 27301 ns, At safepoint: 4500 ns, Total: 31801 ns
[2.479s][info ][safepoint      ] Safepoint "ICBufferFull", Time since last: 2072077 ns, Reaching safepoint: 15501 ns, At safepoint: 4300 ns, Total: 19801 ns
[2.480s][info ][safepoint      ] Safepoint "ICBufferFull", Time since last: 1399052 ns, Reaching safepoint: 15100 ns, At safepoint: 1600 ns, Total: 16700 ns
[2.481s][info ][safepoint      ] Safepoint "ICBufferFull", Time since last: 512119 ns, Reaching safepoint: 16001 ns, At safepoint: 2100 ns, Total: 18101 ns
[2.482s][info ][safepoint      ] Safepoint "ICBufferFull", Time since last: 1344450 ns, Reaching safepoint: 16801 ns, At safepoint: 2000 ns, Total: 18801 ns
[2.484s][info ][safepoint      ] Safepoint "ICBufferFull", Time since last: 1482455 ns, Reaching safepoint: 32501 ns, At safepoint: 1900 ns, Total: 34401 ns
[2.484s][info ][safepoint      ] Safepoint "ICBufferFull", Time since last: 487918 ns, Reaching safepoint: 28301 ns, At safepoint: 3400 ns, Total: 31701 ns
[2.485s][info ][safepoint      ] Safepoint "ICBufferFull", Time since last: 1254647 ns, Reaching safepoint: 20701 ns, At safepoint: 8900 ns, Total: 29601 ns
[2.487s][info ][safepoint      ] Safepoint "ICBufferFull", Time since last: 1448854 ns, Reaching safepoint: 34601 ns, At safepoint: 1700 ns, Total: 36301 ns
[2.488s][info ][safepoint      ] Safepoint "ICBufferFull", Time since last: 1220645 ns, Reaching safepoint: 14701 ns, At safepoint: 14200 ns, Total: 28901 ns
[2.489s][info ][safepoint      ] Safepoint "ICBufferFull", Time since last: 502419 ns, Reaching safepoint: 22301 ns, At safepoint: 5400 ns, Total: 27701 ns
[2.490s][info ][safepoint      ] Safepoint "ICBufferFull", Time since last: 1241346 ns, Reaching safepoint: 16801 ns, At safepoint: 5800 ns, Total: 22601 ns
[2.684s][info ][safepoint      ] Safepoint "ICBufferFull", Time since last: 194102004 ns, Reaching safepoint: 198607 ns, At safepoint: 6201 ns, Total: 204808 ns
[2.876s][info ][gc,start       ] GC(2) Pause Young (Metadata GC Threshold)
[2.907s][debug][gc,phases      ] GC(2) Scavenge 30.649ms
[2.907s][debug][gc,ref         ] GC(2) Skipped phase 1 of Reference Processing: no references
[2.907s][debug][gc,ref         ] GC(2) ReferenceProcessor::execute queues: 2, RefProcThreadModel::Multi, marks_oops_alive: false
[2.907s][debug][gc,ref         ] GC(2) Skipped phase 3 of Reference Processing: no references
[2.907s][debug][gc,ref         ] GC(2) ReferenceProcessor::execute queues: 1, RefProcThreadModel::Single, marks_oops_alive: false
[2.907s][debug][gc,phases      ] GC(2) Reference Processing 0.379ms
[2.908s][debug][gc,phases      ] GC(2)   VM Weak                        Min:  0.0, Avg:  0.0, Max:  0.0, Diff:  0.0, Sum:  0.0, Workers: 4
[2.908s][debug][gc,phases      ] GC(2)     Dead                           Min: 0, Avg:  0.0, Max: 0, Diff: 0, Sum: 0, Workers: 4
[2.908s][debug][gc,phases      ] GC(2)     Total                          Min: 0, Avg: 75.5, Max: 238, Diff: 238, Sum: 302, Workers: 4
[2.908s][debug][gc,phases      ] GC(2)   ObjectSynchronizer Weak        Min:  0.0, Avg:  0.0, Max:  0.0, Diff:  0.0, Sum:  0.0, Workers: 4
[2.908s][debug][gc,phases      ] GC(2)     Dead                           Min: 0, Avg:  1.0, Max: 4, Diff: 4, Sum: 4, Workers: 4
[2.908s][debug][gc,phases      ] GC(2)     Total                          Min: 0, Avg:  3.8, Max: 15, Diff: 15, Sum: 15, Workers: 4
[2.908s][debug][gc,phases      ] GC(2)   JVMTI Tag Weak OopStorage      Min:  0.0, Avg:  0.0, Max:  0.0, Diff:  0.0, Sum:  0.0, Workers: 4
[2.908s][debug][gc,phases      ] GC(2)     Dead                           Min: 0, Avg:  0.0, Max: 0, Diff: 0, Sum: 0, Workers: 4
[2.908s][debug][gc,phases      ] GC(2)     Total                          Min: 0, Avg:  0.0, Max: 0, Diff: 0, Sum: 0, Workers: 4
[2.908s][debug][gc,phases      ] GC(2)   StringTable Weak               Min:  0.0, Avg:  0.2, Max:  0.4, Diff:  0.4, Sum:  0.7, Workers: 4
[2.908s][debug][gc,phases      ] GC(2)     Dead                           Min: 0, Avg:  8.0, Max: 24, Diff: 24, Sum: 32, Workers: 4
[2.908s][debug][gc,phases      ] GC(2)     Total                          Min: 0, Avg: 5013.2, Max: 10197, Diff: 10197, Sum: 20053, Workers: 4
[2.908s][debug][gc,phases      ] GC(2)   ResolvedMethodTable Weak       Min:  0.0, Avg:  0.0, Max:  0.0, Diff:  0.0, Sum:  0.1, Workers: 4
[2.908s][debug][gc,phases      ] GC(2)     Dead                           Min: 0, Avg: 18.0, Max: 50, Diff: 50, Sum: 72, Workers: 4
[2.908s][debug][gc,phases      ] GC(2)     Total                          Min: 0, Avg: 495.8, Max: 1087, Diff: 1087, Sum: 1983, Workers: 4
[2.908s][debug][gc,phases      ] GC(2)   JNI Weak                       Min:  0.0, Avg:  0.0, Max:  0.0, Diff:  0.0, Sum:  0.0, Workers: 4
[2.908s][debug][gc,phases      ] GC(2)     Dead                           Min: 0, Avg:  0.0, Max: 0, Diff: 0, Sum: 0, Workers: 4
[2.908s][debug][gc,phases      ] GC(2)     Total                          Min: 0, Avg:  0.0, Max: 0, Diff: 0, Sum: 0, Workers: 4
[2.908s][debug][gc,phases      ] GC(2)   StringDedup Table Weak         Min:  0.0, Avg:  0.0, Max:  0.0, Diff:  0.0, Sum:  0.0, Workers: 4
[2.908s][debug][gc,phases      ] GC(2)     Dead                           Min: 0, Avg:  0.0, Max: 0, Diff: 0, Sum: 0, Workers: 4
[2.908s][debug][gc,phases      ] GC(2)     Total                          Min: 0, Avg:  0.0, Max: 0, Diff: 0, Sum: 0, Workers: 4
[2.908s][debug][gc,phases      ] GC(2)   StringDedup Requests0 Weak     Min:  0.0, Avg:  0.0, Max:  0.0, Diff:  0.0, Sum:  0.0, Workers: 4
[2.908s][debug][gc,phases      ] GC(2)     Dead                           Min: 0, Avg:  0.0, Max: 0, Diff: 0, Sum: 0, Workers: 4
[2.908s][debug][gc,phases      ] GC(2)     Total                          Min: 0, Avg:  0.0, Max: 0, Diff: 0, Sum: 0, Workers: 4
[2.908s][debug][gc,phases      ] GC(2)   StringDedup Requests1 Weak     Min:  0.0, Avg:  0.0, Max:  0.0, Diff:  0.0, Sum:  0.0, Workers: 4
[2.908s][debug][gc,phases      ] GC(2)     Dead                           Min: 0, Avg:  0.0, Max: 0, Diff: 0, Sum: 0, Workers: 4
[2.908s][debug][gc,phases      ] GC(2)     Total                          Min: 0, Avg:  0.0, Max: 0, Diff: 0, Sum: 0, Workers: 4
[2.908s][debug][gc,phases      ] GC(2)   Weak JFR Old Object Samples    Min:  0.0, Avg:  0.0, Max:  0.0, Diff:  0.0, Sum:  0.0, Workers: 4
[2.908s][debug][gc,phases      ] GC(2)     Dead                           Min: 0, Avg:  0.0, Max: 0, Diff: 0, Sum: 0, Workers: 4
[2.908s][debug][gc,phases      ] GC(2)     Total                          Min: 0, Avg:  0.0, Max: 0, Diff: 0, Sum: 0, Workers: 4
[2.908s][debug][gc,phases      ] GC(2) Weak Processing 0.682ms
[2.908s][debug][gc,age         ] GC(2) Desired survivor size 536870912 bytes, new threshold 7 (max threshold 15)
[2.908s][info ][gc,heap        ] GC(2) PSYoungGen: 481132K(1572864K)->59046K(1572864K) Eden: 473959K(1048576K)->0K(1048576K) From: 7173K(524288K)->59046K(524288K)
[2.908s][info ][gc,heap        ] GC(2) ParOldGen: 5650K(6144K)->5658K(6144K)
[2.908s][info ][gc,metaspace   ] GC(2) Metaspace: 35429K(35840K)->35429K(35840K) NonClass: 30913K(31168K)->30913K(31168K) Class: 4516K(4672K)->4516K(4672K)
[2.908s][info ][gc             ] GC(2) Pause Young (Metadata GC Threshold) 475M->63M(1542M) 31.865ms
[2.908s][info ][gc,cpu         ] GC(2) User=0.10s Sys=0.02s Real=0.03s
[2.908s][debug][gc,phases      ] GC(3) Pre Compact 0.013ms
[2.908s][info ][gc,start       ] GC(3) Pause Full (Metadata GC Threshold)
[2.908s][info ][gc,phases,start] GC(3) Marking Phase
[2.931s][debug][gc,phases      ] GC(3) Par Mark 22.724ms
[2.931s][debug][gc,ref         ] GC(3) Skipped phase 1 of Reference Processing: no references
[2.931s][debug][gc,ref         ] GC(3) ReferenceProcessor::execute queues: 2, RefProcThreadModel::Multi, marks_oops_alive: false
[2.931s][debug][gc,ref         ] GC(3) Skipped phase 3 of Reference Processing: no references
[2.931s][debug][gc,ref         ] GC(3) ReferenceProcessor::execute queues: 1, RefProcThreadModel::Single, marks_oops_alive: false
[2.931s][debug][gc,phases      ] GC(3) Reference Processing 0.232ms
[2.931s][debug][gc,phases      ] GC(3)   VM Weak                        Min:  0.0, Avg:  0.0, Max:  0.0, Diff:  0.0, Sum:  0.0, Workers: 4
[2.931s][debug][gc,phases      ] GC(3)     Dead                           Min: 0, Avg:  0.0, Max: 0, Diff: 0, Sum: 0, Workers: 4
[2.931s][debug][gc,phases      ] GC(3)     Total                          Min: 0, Avg: 75.5, Max: 238, Diff: 238, Sum: 302, Workers: 4
[2.931s][debug][gc,phases      ] GC(3)   ObjectSynchronizer Weak        Min:  0.0, Avg:  0.0, Max:  0.0, Diff:  0.0, Sum:  0.0, Workers: 4
[2.931s][debug][gc,phases      ] GC(3)     Dead                           Min: 0, Avg:  0.0, Max: 0, Diff: 0, Sum: 0, Workers: 4
[2.931s][debug][gc,phases      ] GC(3)     Total                          Min: 0, Avg:  3.8, Max: 15, Diff: 15, Sum: 15, Workers: 4
[2.931s][debug][gc,phases      ] GC(3)   JVMTI Tag Weak OopStorage      Min:  0.0, Avg:  0.0, Max:  0.0, Diff:  0.0, Sum:  0.0, Workers: 4
[2.931s][debug][gc,phases      ] GC(3)     Dead                           Min: 0, Avg:  0.0, Max: 0, Diff: 0, Sum: 0, Workers: 4
[2.931s][debug][gc,phases      ] GC(3)     Total                          Min: 0, Avg:  0.0, Max: 0, Diff: 0, Sum: 0, Workers: 4
[2.931s][debug][gc,phases      ] GC(3)   StringTable Weak               Min:  0.1, Avg:  0.1, Max:  0.1, Diff:  0.0, Sum:  0.3, Workers: 4
[2.931s][debug][gc,phases      ] GC(3)     Dead                           Min: 0, Avg:  0.0, Max: 0, Diff: 0, Sum: 0, Workers: 4
[2.931s][debug][gc,phases      ] GC(3)     Total                          Min: 4736, Avg: 5013.2, Max: 5205, Diff: 469, Sum: 20053, Workers: 4
[2.931s][debug][gc,phases      ] GC(3)   ResolvedMethodTable Weak       Min:  0.0, Avg:  0.0, Max:  0.0, Diff:  0.0, Sum:  0.0, Workers: 4
[2.931s][debug][gc,phases      ] GC(3)     Dead                           Min: 0, Avg:  0.0, Max: 0, Diff: 0, Sum: 0, Workers: 4
[2.932s][debug][gc,phases      ] GC(3)     Total                          Min: 448, Avg: 495.8, Max: 512, Diff: 64, Sum: 1983, Workers: 4
[2.932s][debug][gc,phases      ] GC(3)   JNI Weak                       Min:  0.0, Avg:  0.0, Max:  0.0, Diff:  0.0, Sum:  0.0, Workers: 4
[2.932s][debug][gc,phases      ] GC(3)     Dead                           Min: 0, Avg:  0.0, Max: 0, Diff: 0, Sum: 0, Workers: 4
[2.932s][debug][gc,phases      ] GC(3)     Total                          Min: 0, Avg:  0.0, Max: 0, Diff: 0, Sum: 0, Workers: 4
[2.932s][debug][gc,phases      ] GC(3)   StringDedup Table Weak         Min:  0.0, Avg:  0.0, Max:  0.0, Diff:  0.0, Sum:  0.0, Workers: 4
[2.932s][debug][gc,phases      ] GC(3)     Dead                           Min: 0, Avg:  0.0, Max: 0, Diff: 0, Sum: 0, Workers: 4
[2.932s][debug][gc,phases      ] GC(3)     Total                          Min: 0, Avg:  0.0, Max: 0, Diff: 0, Sum: 0, Workers: 4
[2.932s][debug][gc,phases      ] GC(3)   StringDedup Requests0 Weak     Min:  0.0, Avg:  0.0, Max:  0.0, Diff:  0.0, Sum:  0.0, Workers: 4
[2.932s][debug][gc,phases      ] GC(3)     Dead                           Min: 0, Avg:  0.0, Max: 0, Diff: 0, Sum: 0, Workers: 4
[2.932s][debug][gc,phases      ] GC(3)     Total                          Min: 0, Avg:  0.0, Max: 0, Diff: 0, Sum: 0, Workers: 4
[2.932s][debug][gc,phases      ] GC(3)   StringDedup Requests1 Weak     Min:  0.0, Avg:  0.0, Max:  0.0, Diff:  0.0, Sum:  0.0, Workers: 4
[2.932s][debug][gc,phases      ] GC(3)     Dead                           Min: 0, Avg:  0.0, Max: 0, Diff: 0, Sum: 0, Workers: 4
[2.932s][debug][gc,phases      ] GC(3)     Total                          Min: 0, Avg:  0.0, Max: 0, Diff: 0, Sum: 0, Workers: 4
[2.932s][debug][gc,phases      ] GC(3)   Weak JFR Old Object Samples    Min:  0.0, Avg:  0.0, Max:  0.0, Diff:  0.0, Sum:  0.0, Workers: 4
[2.932s][debug][gc,phases      ] GC(3)     Dead                           Min: 0, Avg:  0.0, Max: 0, Diff: 0, Sum: 0, Workers: 4
[2.932s][debug][gc,phases      ] GC(3)     Total                          Min: 0, Avg:  0.0, Max: 0, Diff: 0, Sum: 0, Workers: 4
[2.932s][debug][gc,phases      ] GC(3) Weak Processing 0.271ms
[2.932s][debug][gc,phases      ] GC(3) ClassLoaderData 0.042ms
[2.932s][debug][gc,phases      ] GC(3) Trigger cleanups 0.001ms
[2.935s][debug][gc,phases      ] GC(3) Class Unloading 3.781ms
[2.935s][info ][gc,phases      ] GC(3) Marking Phase 27.122ms
[2.935s][info ][gc,phases,start] GC(3) Summary Phase
[2.935s][info ][gc,phases      ] GC(3) Summary Phase 0.007ms
[2.935s][info ][gc,phases,start] GC(3) Adjust Roots
[2.939s][info ][gc,phases      ] GC(3) Adjust Roots 4.001ms
[2.939s][info ][gc,phases,start] GC(3) Compaction Phase
[3.206s][info ][gc,phases      ] GC(3) Compaction Phase 266.260ms
[3.206s][info ][gc,phases,start] GC(3) Post Compact
[3.206s][info ][gc,phases      ] GC(3) Post Compact 0.702ms
[3.206s][info ][gc,heap        ] GC(3) PSYoungGen: 59046K(1572864K)->58390K(1572864K) Eden: 0K(1048576K)->0K(1048576K) From: 59046K(524288K)->58390K(524288K)
[3.206s][info ][gc,heap        ] GC(3) ParOldGen: 5658K(6144K)->6065K(6144K)
[3.206s][info ][gc,metaspace   ] GC(3) Metaspace: 35429K(35840K)->35429K(35840K) NonClass: 30913K(31168K)->30913K(31168K) Class: 4516K(4672K)->4516K(4672K)
[3.206s][info ][gc             ] GC(3) Pause Full (Metadata GC Threshold) 63M->62M(1542M) 298.227ms
[3.206s][info ][gc,cpu         ] GC(3) User=0.65s Sys=0.01s Real=0.30s
[3.207s][info ][safepoint      ] Safepoint "CollectForMetadataAllocation", Time since last: 191959724 ns, Reaching safepoint: 110104 ns, At safepoint: 330255558 ns, Total: 330365662 ns
[3.474s][info ][safepoint      ] Safepoint "ICBufferFull", Time since last: 266986507 ns, Reaching safepoint: 131605 ns, At safepoint: 3000 ns, Total: 134605 ns
[4.068s][info ][safepoint      ] Safepoint "ICBufferFull", Time since last: 594473659 ns, Reaching safepoint: 182807 ns, At safepoint: 9300 ns, Total: 192107 ns
[4.095s][info ][safepoint      ] Safepoint "ICBufferFull", Time since last: 26910399 ns, Reaching safepoint: 56302 ns, At safepoint: 6000 ns, Total: 62302 ns
[4.096s][info ][safepoint      ] Safepoint "ICBufferFull", Time since last: 573321 ns, Reaching safepoint: 25901 ns, At safepoint: 2200 ns, Total: 28101 ns
[4.096s][info ][safepoint      ] Safepoint "ICBufferFull", Time since last: 510419 ns, Reaching safepoint: 29801 ns, At safepoint: 2601 ns, Total: 32402 ns
[4.097s][info ][safepoint      ] Safepoint "ICBufferFull", Time since last: 527519 ns, Reaching safepoint: 28801 ns, At safepoint: 5400 ns, Total: 34201 ns
[4.098s][info ][safepoint      ] Safepoint "ICBufferFull", Time since last: 524220 ns, Reaching safepoint: 29901 ns, At safepoint: 5600 ns, Total: 35501 ns
[4.098s][info ][safepoint      ] Safepoint "ICBufferFull", Time since last: 528420 ns, Reaching safepoint: 20100 ns, At safepoint: 2201 ns, Total: 22301 ns
[4.099s][info ][safepoint      ] Safepoint "ICBufferFull", Time since last: 697125 ns, Reaching safepoint: 17201 ns, At safepoint: 2000 ns, Total: 19201 ns
[4.100s][info ][safepoint      ] Safepoint "ICBufferFull", Time since last: 640124 ns, Reaching safepoint: 30801 ns, At safepoint: 2100 ns, Total: 32901 ns
[4.100s][info ][safepoint      ] Safepoint "ICBufferFull", Time since last: 658025 ns, Reaching safepoint: 24300 ns, At safepoint: 2101 ns, Total: 26401 ns
[4.101s][info ][safepoint      ] Safepoint "ICBufferFull", Time since last: 705626 ns, Reaching safepoint: 31601 ns, At safepoint: 2000 ns, Total: 33601 ns
[4.102s][info ][safepoint      ] Safepoint "ICBufferFull", Time since last: 659224 ns, Reaching safepoint: 17901 ns, At safepoint: 1900 ns, Total: 19801 ns
[4.102s][info ][safepoint      ] Safepoint "ICBufferFull", Time since last: 664625 ns, Reaching safepoint: 18300 ns, At safepoint: 2001 ns, Total: 20301 ns
[4.103s][info ][safepoint      ] Safepoint "ICBufferFull", Time since last: 664424 ns, Reaching safepoint: 27401 ns, At safepoint: 2000 ns, Total: 29401 ns
[4.104s][info ][safepoint      ] Safepoint "ICBufferFull", Time since last: 643124 ns, Reaching safepoint: 166206 ns, At safepoint: 5901 ns, Total: 172107 ns
[4.105s][info ][safepoint      ] Safepoint "ICBufferFull", Time since last: 679825 ns, Reaching safepoint: 23801 ns, At safepoint: 6200 ns, Total: 30001 ns
[4.105s][info ][safepoint      ] Safepoint "ICBufferFull", Time since last: 685725 ns, Reaching safepoint: 27801 ns, At safepoint: 2000 ns, Total: 29801 ns
[4.106s][info ][safepoint      ] Safepoint "ICBufferFull", Time since last: 714727 ns, Reaching safepoint: 21401 ns, At safepoint: 5000 ns, Total: 26401 ns
[4.107s][info ][safepoint      ] Safepoint "ICBufferFull", Time since last: 712126 ns, Reaching safepoint: 28201 ns, At safepoint: 2200 ns, Total: 30401 ns
[4.107s][info ][safepoint      ] Safepoint "ICBufferFull", Time since last: 680926 ns, Reaching safepoint: 28801 ns, At safepoint: 1900 ns, Total: 30701 ns
[4.108s][info ][safepoint      ] Safepoint "ICBufferFull", Time since last: 717527 ns, Reaching safepoint: 24200 ns, At safepoint: 1900 ns, Total: 26100 ns
[4.109s][info ][safepoint      ] Safepoint "ICBufferFull", Time since last: 653625 ns, Reaching safepoint: 29401 ns, At safepoint: 1900 ns, Total: 31301 ns
[4.110s][info ][safepoint      ] Safepoint "ICBufferFull", Time since last: 649724 ns, Reaching safepoint: 18901 ns, At safepoint: 1900 ns, Total: 20801 ns
[4.110s][info ][safepoint      ] Safepoint "ICBufferFull", Time since last: 688825 ns, Reaching safepoint: 26601 ns, At safepoint: 2000 ns, Total: 28601 ns
[4.111s][info ][safepoint      ] Safepoint "ICBufferFull", Time since last: 678326 ns, Reaching safepoint: 30401 ns, At safepoint: 1900 ns, Total: 32301 ns
[4.112s][info ][safepoint      ] Safepoint "ICBufferFull", Time since last: 1354350 ns, Reaching safepoint: 29001 ns, At safepoint: 2400 ns, Total: 31401 ns
[4.113s][info ][safepoint      ] Safepoint "ICBufferFull", Time since last: 961036 ns, Reaching safepoint: 28301 ns, At safepoint: 2100 ns, Total: 30401 ns
[4.596s][info ][safepoint      ] Safepoint "ICBufferFull", Time since last: 482196790 ns, Reaching safepoint: 140805 ns, At safepoint: 5900 ns, Total: 146705 ns
[4.767s][info ][safepoint      ] Safepoint "ICBufferFull", Time since last: 170703433 ns, Reaching safepoint: 198708 ns, At safepoint: 8600 ns, Total: 207308 ns
[4.776s][info ][safepoint      ] Safepoint "ICBufferFull", Time since last: 9681559 ns, Reaching safepoint: 78803 ns, At safepoint: 5900 ns, Total: 84703 ns
[4.780s][info ][safepoint      ] Safepoint "ICBufferFull", Time since last: 3248621 ns, Reaching safepoint: 38401 ns, At safepoint: 1900 ns, Total: 40301 ns
[4.782s][info ][safepoint      ] Safepoint "ICBufferFull", Time since last: 2183881 ns, Reaching safepoint: 34802 ns, At safepoint: 2000 ns, Total: 36802 ns
[4.784s][info ][safepoint      ] Safepoint "ICBufferFull", Time since last: 1770265 ns, Reaching safepoint: 31501 ns, At safepoint: 5101 ns, Total: 36602 ns
[4.785s][info ][safepoint      ] Safepoint "ICBufferFull", Time since last: 1720563 ns, Reaching safepoint: 26001 ns, At safepoint: 7401 ns, Total: 33402 ns
[4.789s][info ][safepoint      ] Safepoint "ICBufferFull", Time since last: 3776040 ns, Reaching safepoint: 36601 ns, At safepoint: 4900 ns, Total: 41501 ns
[4.792s][info ][safepoint      ] Safepoint "ICBufferFull", Time since last: 2645898 ns, Reaching safepoint: 38802 ns, At safepoint: 2200 ns, Total: 41002 ns
[4.796s][info ][safepoint      ] Safepoint "ICBufferFull", Time since last: 3922345 ns, Reaching safepoint: 41402 ns, At safepoint: 6500 ns, Total: 47902 ns
[4.798s][info ][safepoint      ] Safepoint "ICBufferFull", Time since last: 2427790 ns, Reaching safepoint: 36802 ns, At safepoint: 4900 ns, Total: 41702 ns
[4.801s][info ][safepoint      ] Safepoint "ICBufferFull", Time since last: 2388989 ns, Reaching safepoint: 16900 ns, At safepoint: 6800 ns, Total: 23700 ns
[4.803s][info ][safepoint      ] Safepoint "ICBufferFull", Time since last: 2537795 ns, Reaching safepoint: 115004 ns, At safepoint: 9600 ns, Total: 124604 ns
[4.808s][info ][safepoint      ] Safepoint "ICBufferFull", Time since last: 4700075 ns, Reaching safepoint: 51301 ns, At safepoint: 2501 ns, Total: 53802 ns
[4.811s][info ][safepoint      ] Safepoint "ICBufferFull", Time since last: 2643398 ns, Reaching safepoint: 35201 ns, At safepoint: 2500 ns, Total: 37701 ns
[4.814s][info ][safepoint      ] Safepoint "ICBufferFull", Time since last: 3398126 ns, Reaching safepoint: 39702 ns, At safepoint: 2300 ns, Total: 42002 ns
[4.817s][info ][safepoint      ] Safepoint "ICBufferFull", Time since last: 2269484 ns, Reaching safepoint: 25401 ns, At safepoint: 2400 ns, Total: 27801 ns
[4.819s][info ][safepoint      ] Safepoint "ICBufferFull", Time since last: 1889870 ns, Reaching safepoint: 32301 ns, At safepoint: 5600 ns, Total: 37901 ns
[4.820s][info ][safepoint      ] Safepoint "ICBufferFull", Time since last: 1594560 ns, Reaching safepoint: 20200 ns, At safepoint: 4100 ns, Total: 24300 ns
[4.822s][info ][safepoint      ] Safepoint "ICBufferFull", Time since last: 1492856 ns, Reaching safepoint: 31801 ns, At safepoint: 3100 ns, Total: 34901 ns
[4.824s][info ][safepoint      ] Safepoint "ICBufferFull", Time since last: 1938872 ns, Reaching safepoint: 27601 ns, At safepoint: 1800 ns, Total: 29401 ns
[4.826s][info ][safepoint      ] Safepoint "ICBufferFull", Time since last: 2102478 ns, Reaching safepoint: 28201 ns, At safepoint: 1500 ns, Total: 29701 ns
[4.827s][info ][safepoint      ] Safepoint "ICBufferFull", Time since last: 1620960 ns, Reaching safepoint: 40802 ns, At safepoint: 5400 ns, Total: 46202 ns
[4.829s][info ][safepoint      ] Safepoint "ICBufferFull", Time since last: 1658062 ns, Reaching safepoint: 27301 ns, At safepoint: 1500 ns, Total: 28801 ns
[4.831s][info ][safepoint      ] Safepoint "ICBufferFull", Time since last: 1608159 ns, Reaching safepoint: 40202 ns, At safepoint: 2100 ns, Total: 42302 ns
[4.833s][info ][safepoint      ] Safepoint "ICBufferFull", Time since last: 1730564 ns, Reaching safepoint: 19301 ns, At safepoint: 6000 ns, Total: 25301 ns
[4.834s][info ][safepoint      ] Safepoint "ICBufferFull", Time since last: 1516756 ns, Reaching safepoint: 20301 ns, At safepoint: 2400 ns, Total: 22701 ns
[4.836s][info ][safepoint      ] Safepoint "ICBufferFull", Time since last: 1523657 ns, Reaching safepoint: 18300 ns, At safepoint: 2100 ns, Total: 20400 ns
[4.837s][info ][safepoint      ] Safepoint "ICBufferFull", Time since last: 1435354 ns, Reaching safepoint: 27801 ns, At safepoint: 2000 ns, Total: 29801 ns
[4.839s][info ][safepoint      ] Safepoint "ICBufferFull", Time since last: 1502055 ns, Reaching safepoint: 19201 ns, At safepoint: 2400 ns, Total: 21601 ns
[4.840s][info ][safepoint      ] Safepoint "ICBufferFull", Time since last: 1451354 ns, Reaching safepoint: 102904 ns, At safepoint: 5400 ns, Total: 108304 ns
[4.878s][info ][safepoint      ] Safepoint "ICBufferFull", Time since last: 37354786 ns, Reaching safepoint: 83103 ns, At safepoint: 5900 ns, Total: 89003 ns
[4.946s][info ][safepoint      ] Safepoint "ICBufferFull", Time since last: 68331335 ns, Reaching safepoint: 122505 ns, At safepoint: 6900 ns, Total: 129405 ns
[4.953s][info ][safepoint      ] Safepoint "ICBufferFull", Time since last: 6772951 ns, Reaching safepoint: 122105 ns, At safepoint: 6400 ns, Total: 128505 ns
[4.965s][info ][safepoint      ] Safepoint "ICBufferFull", Time since last: 11691034 ns, Reaching safepoint: 53102 ns, At safepoint: 5500 ns, Total: 58602 ns
[4.972s][info ][safepoint      ] Safepoint "ICBufferFull", Time since last: 7580481 ns, Reaching safepoint: 43102 ns, At safepoint: 8400 ns, Total: 51502 ns
[4.980s][info ][safepoint      ] Safepoint "ICBufferFull", Time since last: 7249569 ns, Reaching safepoint: 94803 ns, At safepoint: 7101 ns, Total: 101904 ns
[4.988s][info ][safepoint      ] Safepoint "ICBufferFull", Time since last: 7921794 ns, Reaching safepoint: 45801 ns, At safepoint: 2900 ns, Total: 48701 ns
[4.993s][info ][safepoint      ] Safepoint "ICBufferFull", Time since last: 5514005 ns, Reaching safepoint: 61102 ns, At safepoint: 5400 ns, Total: 66502 ns
[4.996s][info ][safepoint      ] Safepoint "ICBufferFull", Time since last: 2976111 ns, Reaching safepoint: 35001 ns, At safepoint: 4700 ns, Total: 39701 ns
[5.001s][info ][safepoint      ] Safepoint "ICBufferFull", Time since last: 4364962 ns, Reaching safepoint: 43702 ns, At safepoint: 6300 ns, Total: 50002 ns
[5.004s][info ][safepoint      ] Safepoint "ICBufferFull", Time since last: 3130716 ns, Reaching safepoint: 44802 ns, At safepoint: 2200 ns, Total: 47002 ns
[5.011s][info ][safepoint      ] Safepoint "ICBufferFull", Time since last: 6639446 ns, Reaching safepoint: 120305 ns, At safepoint: 7100 ns, Total: 127405 ns
[5.018s][info ][safepoint      ] Safepoint "ICBufferFull", Time since last: 7651084 ns, Reaching safepoint: 53502 ns, At safepoint: 3400 ns, Total: 56902 ns
[5.025s][info ][safepoint      ] Safepoint "ICBufferFull", Time since last: 6663247 ns, Reaching safepoint: 34001 ns, At safepoint: 2901 ns, Total: 36902 ns
[5.033s][info ][safepoint      ] Safepoint "ICBufferFull", Time since last: 7663784 ns, Reaching safepoint: 40001 ns, At safepoint: 3100 ns, Total: 43101 ns
[5.039s][info ][safepoint      ] Safepoint "ICBufferFull", Time since last: 5771915 ns, Reaching safepoint: 30001 ns, At safepoint: 8000 ns, Total: 38001 ns
[5.045s][info ][safepoint      ] Safepoint "ICBufferFull", Time since last: 6623046 ns, Reaching safepoint: 33101 ns, At safepoint: 5300 ns, Total: 38401 ns
[5.050s][info ][safepoint      ] Safepoint "ICBufferFull", Time since last: 4882581 ns, Reaching safepoint: 35602 ns, At safepoint: 5100 ns, Total: 40702 ns
[5.054s][info ][safepoint      ] Safepoint "ICBufferFull", Time since last: 3689637 ns, Reaching safepoint: 43301 ns, At safepoint: 5900 ns, Total: 49201 ns
[5.058s][info ][safepoint      ] Safepoint "ICBufferFull", Time since last: 4503568 ns, Reaching safepoint: 47501 ns, At safepoint: 7301 ns, Total: 54802 ns
[5.063s][info ][safepoint      ] Safepoint "ICBufferFull", Time since last: 4262258 ns, Reaching safepoint: 40401 ns, At safepoint: 2600 ns, Total: 43001 ns
[5.065s][info ][safepoint      ] Safepoint "ICBufferFull", Time since last: 2522194 ns, Reaching safepoint: 41401 ns, At safepoint: 3401 ns, Total: 44802 ns
[5.068s][info ][safepoint      ] Safepoint "ICBufferFull", Time since last: 2819404 ns, Reaching safepoint: 104704 ns, At safepoint: 6300 ns, Total: 111004 ns
[5.071s][info ][safepoint      ] Safepoint "ICBufferFull", Time since last: 2913108 ns, Reaching safepoint: 106804 ns, At safepoint: 7701 ns, Total: 114505 ns
[5.074s][info ][safepoint      ] Safepoint "ICBufferFull", Time since last: 2393588 ns, Reaching safepoint: 45502 ns, At safepoint: 5900 ns, Total: 51402 ns
[5.076s][info ][safepoint      ] Safepoint "ICBufferFull", Time since last: 2493293 ns, Reaching safepoint: 33401 ns, At safepoint: 7300 ns, Total: 40701 ns
[5.078s][info ][safepoint      ] Safepoint "ICBufferFull", Time since last: 1916771 ns, Reaching safepoint: 20701 ns, At safepoint: 5900 ns, Total: 26601 ns
[5.080s][info ][safepoint      ] Safepoint "ICBufferFull", Time since last: 1675063 ns, Reaching safepoint: 17300 ns, At safepoint: 2100 ns, Total: 19400 ns
[5.082s][info ][safepoint      ] Safepoint "ICBufferFull", Time since last: 1792667 ns, Reaching safepoint: 35501 ns, At safepoint: 7700 ns, Total: 43201 ns
[5.083s][info ][safepoint      ] Safepoint "ICBufferFull", Time since last: 1573059 ns, Reaching safepoint: 24401 ns, At safepoint: 6600 ns, Total: 31001 ns
[5.085s][info ][safepoint      ] Safepoint "ICBufferFull", Time since last: 1479955 ns, Reaching safepoint: 14400 ns, At safepoint: 2100 ns, Total: 16500 ns
[5.086s][info ][safepoint      ] Safepoint "ICBufferFull", Time since last: 1624761 ns, Reaching safepoint: 27801 ns, At safepoint: 1900 ns, Total: 29701 ns
[5.088s][info ][safepoint      ] Safepoint "ICBufferFull", Time since last: 1458854 ns, Reaching safepoint: 27701 ns, At safepoint: 11300 ns, Total: 39001 ns
[5.090s][info ][safepoint      ] Safepoint "ICBufferFull", Time since last: 1503156 ns, Reaching safepoint: 25101 ns, At safepoint: 2100 ns, Total: 27201 ns
[5.091s][info ][safepoint      ] Safepoint "ICBufferFull", Time since last: 1370351 ns, Reaching safepoint: 29301 ns, At safepoint: 1400 ns, Total: 30701 ns
[5.092s][info ][safepoint      ] Safepoint "ICBufferFull", Time since last: 1541157 ns, Reaching safepoint: 27101 ns, At safepoint: 1900 ns, Total: 29001 ns
[5.094s][info ][safepoint      ] Safepoint "ICBufferFull", Time since last: 1558758 ns, Reaching safepoint: 21701 ns, At safepoint: 1800 ns, Total: 23501 ns
[5.122s][info ][safepoint      ] Safepoint "ICBufferFull", Time since last: 27361215 ns, Reaching safepoint: 62602 ns, At safepoint: 6001 ns, Total: 68603 ns
[5.140s][info ][safepoint      ] Safepoint "ICBufferFull", Time since last: 18214775 ns, Reaching safepoint: 128605 ns, At safepoint: 6200 ns, Total: 134805 ns
[5.151s][info ][safepoint      ] Safepoint "ICBufferFull", Time since last: 11284019 ns, Reaching safepoint: 117904 ns, At safepoint: 2900 ns, Total: 120804 ns
[5.174s][info ][safepoint      ] Safepoint "ICBufferFull", Time since last: 22697342 ns, Reaching safepoint: 42002 ns, At safepoint: 3000 ns, Total: 45002 ns
[5.181s][info ][safepoint      ] Safepoint "ICBufferFull", Time since last: 6533743 ns, Reaching safepoint: 43201 ns, At safepoint: 2800 ns, Total: 46001 ns
[5.253s][info ][safepoint      ] Safepoint "ICBufferFull", Time since last: 71861466 ns, Reaching safepoint: 80203 ns, At safepoint: 3200 ns, Total: 83403 ns
[5.504s][info ][safepoint      ] Safepoint "ICBufferFull", Time since last: 251222118 ns, Reaching safepoint: 124605 ns, At safepoint: 3400 ns, Total: 128005 ns
[5.837s][debug][gc,phases      ] GC(4) Pre Compact 0.019ms
[5.837s][info ][gc,start       ] GC(4) Pause Full (Metadata GC Threshold)
[5.837s][info ][gc,phases,start] GC(4) Marking Phase
[5.891s][debug][gc,phases      ] GC(4) Par Mark 53.576ms
[5.891s][debug][gc,ref         ] GC(4) Skipped phase 1 of Reference Processing: no references
[5.891s][debug][gc,ref         ] GC(4) ReferenceProcessor::execute queues: 4, RefProcThreadModel::Multi, marks_oops_alive: false
[5.892s][debug][gc,ref         ] GC(4) Skipped phase 3 of Reference Processing: no references
[5.893s][debug][gc,ref         ] GC(4) ReferenceProcessor::execute queues: 4, RefProcThreadModel::Multi, marks_oops_alive: false
[5.893s][debug][gc,phases      ] GC(4) Reference Processing 2.254ms
[5.894s][debug][gc,phases      ] GC(4)   VM Weak                        Min:  0.0, Avg:  0.0, Max:  0.0, Diff:  0.0, Sum:  0.0, Workers: 4
[5.894s][debug][gc,phases      ] GC(4)     Dead                           Min: 0, Avg:  0.0, Max: 0, Diff: 0, Sum: 0, Workers: 4
[5.894s][debug][gc,phases      ] GC(4)     Total                          Min: 0, Avg: 121.5, Max: 320, Diff: 320, Sum: 486, Workers: 4
[5.894s][debug][gc,phases      ] GC(4)   ObjectSynchronizer Weak        Min:  0.0, Avg:  0.0, Max:  0.0, Diff:  0.0, Sum:  0.0, Workers: 4
[5.894s][debug][gc,phases      ] GC(4)     Dead                           Min: 0, Avg:  1.0, Max: 4, Diff: 4, Sum: 4, Workers: 4
[5.894s][debug][gc,phases      ] GC(4)     Total                          Min: 0, Avg:  5.0, Max: 20, Diff: 20, Sum: 20, Workers: 4
[5.894s][debug][gc,phases      ] GC(4)   JVMTI Tag Weak OopStorage      Min:  0.0, Avg:  0.0, Max:  0.0, Diff:  0.0, Sum:  0.0, Workers: 4
[5.894s][debug][gc,phases      ] GC(4)     Dead                           Min: 0, Avg:  0.0, Max: 0, Diff: 0, Sum: 0, Workers: 4
[5.894s][debug][gc,phases      ] GC(4)     Total                          Min: 0, Avg:  0.0, Max: 0, Diff: 0, Sum: 0, Workers: 4
[5.894s][debug][gc,phases      ] GC(4)   StringTable Weak               Min:  0.0, Avg:  0.2, Max:  0.4, Diff:  0.4, Sum:  0.9, Workers: 4
[5.894s][debug][gc,phases      ] GC(4)     Dead                           Min: 0, Avg:  7.2, Max: 19, Diff: 19, Sum: 29, Workers: 4
[5.894s][debug][gc,phases      ] GC(4)     Total                          Min: 0, Avg: 10160.0, Max: 22848, Diff: 22848, Sum: 40640, Workers: 4
[5.894s][debug][gc,phases      ] GC(4)   ResolvedMethodTable Weak       Min:  0.0, Avg:  0.0, Max:  0.0, Diff:  0.0, Sum:  0.1, Workers: 4
[5.894s][debug][gc,phases      ] GC(4)     Dead                           Min: 0, Avg: 46.5, Max: 112, Diff: 112, Sum: 186, Workers: 4
[5.894s][debug][gc,phases      ] GC(4)     Total                          Min: 0, Avg: 1569.2, Max: 3461, Diff: 3461, Sum: 6277, Workers: 4
[5.894s][debug][gc,phases      ] GC(4)   JNI Weak                       Min:  0.0, Avg:  0.0, Max:  0.0, Diff:  0.0, Sum:  0.0, Workers: 4
[5.894s][debug][gc,phases      ] GC(4)     Dead                           Min: 0, Avg:  0.0, Max: 0, Diff: 0, Sum: 0, Workers: 4
[5.894s][debug][gc,phases      ] GC(4)     Total                          Min: 0, Avg:  0.5, Max: 2, Diff: 2, Sum: 2, Workers: 4
[5.894s][debug][gc,phases      ] GC(4)   StringDedup Table Weak         Min:  0.0, Avg:  0.0, Max:  0.0, Diff:  0.0, Sum:  0.0, Workers: 4
[5.894s][debug][gc,phases      ] GC(4)     Dead                           Min: 0, Avg:  0.0, Max: 0, Diff: 0, Sum: 0, Workers: 4
[5.894s][debug][gc,phases      ] GC(4)     Total                          Min: 0, Avg:  0.0, Max: 0, Diff: 0, Sum: 0, Workers: 4
[5.894s][debug][gc,phases      ] GC(4)   StringDedup Requests0 Weak     Min:  0.0, Avg:  0.0, Max:  0.0, Diff:  0.0, Sum:  0.0, Workers: 4
[5.894s][debug][gc,phases      ] GC(4)     Dead                           Min: 0, Avg:  0.0, Max: 0, Diff: 0, Sum: 0, Workers: 4
[5.894s][debug][gc,phases      ] GC(4)     Total                          Min: 0, Avg:  0.0, Max: 0, Diff: 0, Sum: 0, Workers: 4
[5.894s][debug][gc,phases      ] GC(4)   StringDedup Requests1 Weak     Min:  0.0, Avg:  0.0, Max:  0.0, Diff:  0.0, Sum:  0.0, Workers: 4
[5.894s][debug][gc,phases      ] GC(4)     Dead                           Min: 0, Avg:  0.0, Max: 0, Diff: 0, Sum: 0, Workers: 4
[5.894s][debug][gc,phases      ] GC(4)     Total                          Min: 0, Avg:  0.0, Max: 0, Diff: 0, Sum: 0, Workers: 4
[5.894s][debug][gc,phases      ] GC(4)   Weak JFR Old Object Samples    Min:  0.0, Avg:  0.0, Max:  0.0, Diff:  0.0, Sum:  0.0, Workers: 4
[5.894s][debug][gc,phases      ] GC(4)     Dead                           Min: 0, Avg:  0.0, Max: 0, Diff: 0, Sum: 0, Workers: 4
[5.894s][debug][gc,phases      ] GC(4)     Total                          Min: 0, Avg:  0.0, Max: 0, Diff: 0, Sum: 0, Workers: 4
[5.894s][debug][gc,phases      ] GC(4) Weak Processing 0.703ms
[5.894s][debug][gc,phases      ] GC(4) ClassLoaderData 0.065ms
[5.894s][debug][gc,phases      ] GC(4) Trigger cleanups 0.001ms
[5.899s][debug][gc,phases      ] GC(4) Class Unloading 5.575ms
[5.899s][info ][gc,phases      ] GC(4) Marking Phase 62.260ms
[5.899s][info ][gc,phases,start] GC(4) Summary Phase
[5.899s][info ][gc,phases      ] GC(4) Summary Phase 0.028ms
[5.899s][info ][gc,phases,start] GC(4) Adjust Roots
[5.915s][info ][gc,phases      ] GC(4) Adjust Roots 15.346ms
[5.915s][info ][gc,phases,start] GC(4) Compaction Phase
[6.055s][info ][gc,phases      ] GC(4) Compaction Phase 139.984ms
[6.055s][info ][gc,phases,start] GC(4) Post Compact
[6.058s][info ][gc,phases      ] GC(4) Post Compact 3.358ms
[6.058s][info ][gc,heap        ] GC(4) PSYoungGen: 582686K(1572864K)->98607K(1572864K) Eden: 524296K(1048576K)->98607K(1048576K) From: 58390K(524288K)->0K(524288K)
[6.058s][info ][gc,heap        ] GC(4) ParOldGen: 6065K(6144K)->6127K(6144K)
[6.058s][info ][gc,metaspace   ] GC(4) Metaspace: 59137K(59776K)->59137K(59776K) NonClass: 50216K(50560K)->50216K(50560K) Class: 8920K(9216K)->8920K(9216K)
[6.058s][info ][gc             ] GC(4) Pause Full (Metadata GC Threshold) 574M->102M(1542M) 221.185ms
[6.058s][info ][gc,cpu         ] GC(4) User=0.71s Sys=0.01s Real=0.22s
[6.064s][info ][safepoint      ] Safepoint "CollectForMetadataAllocation", Time since last: 332911848 ns, Reaching safepoint: 205207 ns, At safepoint: 226514602 ns, Total: 226719809 ns
[6.468s][info ][safepoint      ] Safepoint "ICBufferFull", Time since last: 404366596 ns, Reaching safepoint: 160306 ns, At safepoint: 6500 ns, Total: 166806 ns
[6.629s][info ][safepoint      ] Safepoint "ICBufferFull", Time since last: 161099074 ns, Reaching safepoint: 170506 ns, At safepoint: 11501 ns, Total: 182007 ns
[6.776s][info ][safepoint      ] Safepoint "ICBufferFull", Time since last: 146975850 ns, Reaching safepoint: 166906 ns, At safepoint: 5800 ns, Total: 172706 ns
[6.948s][info ][safepoint      ] Safepoint "ICBufferFull", Time since last: 171819771 ns, Reaching safepoint: 189907 ns, At safepoint: 3400 ns, Total: 193307 ns
[7.033s][info ][safepoint      ] Safepoint "ICBufferFull", Time since last: 84776344 ns, Reaching safepoint: 117404 ns, At safepoint: 3001 ns, Total: 120405 ns
[7.113s][info ][safepoint      ] Safepoint "ICBufferFull", Time since last: 79022130 ns, Reaching safepoint: 154605 ns, At safepoint: 7901 ns, Total: 162506 ns
[7.211s][info ][safepoint      ] Safepoint "ICBufferFull", Time since last: 97727424 ns, Reaching safepoint: 208507 ns, At safepoint: 10501 ns, Total: 219008 ns
[7.595s][info ][safepoint      ] Safepoint "ICBufferFull", Time since last: 384472954 ns, Reaching safepoint: 211008 ns, At safepoint: 4100 ns, Total: 215108 ns
[7.883s][info ][safepoint      ] Safepoint "ICBufferFull", Time since last: 280981017 ns, Reaching safepoint: 6540142 ns, At safepoint: 19901 ns, Total: 6560043 ns
[7.884s][info ][safepoint      ] Safepoint "ICBufferFull", Time since last: 1007537 ns, Reaching safepoint: 95904 ns, At safepoint: 20101 ns, Total: 116005 ns
[7.884s][info ][safepoint      ] Safepoint "ICBufferFull", Time since last: 58302 ns, Reaching safepoint: 98903 ns, At safepoint: 18301 ns, Total: 117204 ns
[8.063s][info ][safepoint      ] Safepoint "ICBufferFull", Time since last: 178506518 ns, Reaching safepoint: 209508 ns, At safepoint: 15200 ns, Total: 224708 ns
[8.474s][info ][safepoint      ] Safepoint "ParallelGCFailedAllocation", Time since last: 411023536 ns, Reaching safepoint: 169007 ns, At safepoint: 24901 ns, Total: 193908 ns
[8.474s][debug][gc,phases      ] GC(5) Pre Compact 0.028ms
[8.474s][info ][gc,start       ] GC(5) Pause Full (Ergonomics)
[8.474s][info ][gc,phases,start] GC(5) Marking Phase
[8.655s][debug][gc,phases      ] GC(5) Par Mark 180.360ms
[8.655s][debug][gc,ref         ] GC(5) Skipped phase 1 of Reference Processing: no references
[8.655s][debug][gc,ref         ] GC(5) ReferenceProcessor::execute queues: 4, RefProcThreadModel::Multi, marks_oops_alive: false
[8.656s][debug][gc,ref         ] GC(5) Skipped phase 3 of Reference Processing: no references
[8.656s][debug][gc,ref         ] GC(5) ReferenceProcessor::execute queues: 1, RefProcThreadModel::Single, marks_oops_alive: false
[8.656s][debug][gc,phases      ] GC(5) Reference Processing 0.889ms
[8.658s][debug][gc,phases      ] GC(5)   VM Weak                        Min:  0.0, Avg:  0.5, Max:  1.8, Diff:  1.8, Sum:  1.8, Workers: 4
[8.658s][debug][gc,phases      ] GC(5)     Dead                           Min: 0, Avg:  0.0, Max: 0, Diff: 0, Sum: 0, Workers: 4
[8.658s][debug][gc,phases      ] GC(5)     Total                          Min: 0, Avg: 147.0, Max: 320, Diff: 320, Sum: 588, Workers: 4
[8.658s][debug][gc,phases      ] GC(5)   ObjectSynchronizer Weak        Min:  0.0, Avg:  0.0, Max:  0.0, Diff:  0.0, Sum:  0.0, Workers: 4
[8.658s][debug][gc,phases      ] GC(5)     Dead                           Min: 0, Avg:  0.8, Max: 3, Diff: 3, Sum: 3, Workers: 4
[8.658s][debug][gc,phases      ] GC(5)     Total                          Min: 0, Avg:  8.8, Max: 35, Diff: 35, Sum: 35, Workers: 4
[8.658s][debug][gc,phases      ] GC(5)   JVMTI Tag Weak OopStorage      Min:  0.0, Avg:  0.0, Max:  0.0, Diff:  0.0, Sum:  0.0, Workers: 4
[8.658s][debug][gc,phases      ] GC(5)     Dead                           Min: 0, Avg:  0.0, Max: 0, Diff: 0, Sum: 0, Workers: 4
[8.658s][debug][gc,phases      ] GC(5)     Total                          Min: 0, Avg:  0.0, Max: 0, Diff: 0, Sum: 0, Workers: 4
[8.658s][debug][gc,phases      ] GC(5)   StringTable Weak               Min:  0.0, Avg:  0.2, Max:  0.7, Diff:  0.7, Sum:  0.7, Workers: 4
[8.658s][debug][gc,phases      ] GC(5)     Dead                           Min: 0, Avg:  6.5, Max: 26, Diff: 26, Sum: 26, Workers: 4
[8.658s][debug][gc,phases      ] GC(5)     Total                          Min: 0, Avg: 10852.0, Max: 43408, Diff: 43408, Sum: 43408, Workers: 4
[8.658s][debug][gc,phases      ] GC(5)   ResolvedMethodTable Weak       Min:  0.0, Avg:  0.0, Max:  0.1, Diff:  0.1, Sum:  0.1, Workers: 4
[8.658s][debug][gc,phases      ] GC(5)     Dead                           Min: 0, Avg: 55.0, Max: 220, Diff: 220, Sum: 220, Workers: 4
[8.658s][debug][gc,phases      ] GC(5)     Total                          Min: 0, Avg: 1746.2, Max: 6985, Diff: 6985, Sum: 6985, Workers: 4
[8.658s][debug][gc,phases      ] GC(5)   JNI Weak                       Min:  0.0, Avg:  0.0, Max:  0.0, Diff:  0.0, Sum:  0.0, Workers: 4
[8.658s][debug][gc,phases      ] GC(5)     Dead                           Min: 0, Avg:  0.0, Max: 0, Diff: 0, Sum: 0, Workers: 4
[8.658s][debug][gc,phases      ] GC(5)     Total                          Min: 0, Avg:  4.5, Max: 18, Diff: 18, Sum: 18, Workers: 4
[8.658s][debug][gc,phases      ] GC(5)   StringDedup Table Weak         Min:  0.0, Avg:  0.0, Max:  0.0, Diff:  0.0, Sum:  0.0, Workers: 4
[8.658s][debug][gc,phases      ] GC(5)     Dead                           Min: 0, Avg:  0.0, Max: 0, Diff: 0, Sum: 0, Workers: 4
[8.658s][debug][gc,phases      ] GC(5)     Total                          Min: 0, Avg:  0.0, Max: 0, Diff: 0, Sum: 0, Workers: 4
[8.658s][debug][gc,phases      ] GC(5)   StringDedup Requests0 Weak     Min:  0.0, Avg:  0.0, Max:  0.0, Diff:  0.0, Sum:  0.0, Workers: 4
[8.658s][debug][gc,phases      ] GC(5)     Dead                           Min: 0, Avg:  0.0, Max: 0, Diff: 0, Sum: 0, Workers: 4
[8.658s][debug][gc,phases      ] GC(5)     Total                          Min: 0, Avg:  0.0, Max: 0, Diff: 0, Sum: 0, Workers: 4
[8.658s][debug][gc,phases      ] GC(5)   StringDedup Requests1 Weak     Min:  0.0, Avg:  0.0, Max:  0.0, Diff:  0.0, Sum:  0.0, Workers: 4
[8.658s][debug][gc,phases      ] GC(5)     Dead                           Min: 0, Avg:  0.0, Max: 0, Diff: 0, Sum: 0, Workers: 4
[8.658s][debug][gc,phases      ] GC(5)     Total                          Min: 0, Avg:  0.0, Max: 0, Diff: 0, Sum: 0, Workers: 4
[8.658s][debug][gc,phases      ] GC(5)   Weak JFR Old Object Samples    Min:  0.0, Avg:  0.0, Max:  0.0, Diff:  0.0, Sum:  0.0, Workers: 4
[8.658s][debug][gc,phases      ] GC(5)     Dead                           Min: 0, Avg:  0.0, Max: 0, Diff: 0, Sum: 0, Workers: 4
[8.658s][debug][gc,phases      ] GC(5)     Total                          Min: 0, Avg:  0.0, Max: 0, Diff: 0, Sum: 0, Workers: 4
[8.658s][debug][gc,phases      ] GC(5) Weak Processing 2.037ms
[8.658s][debug][gc,phases      ] GC(5) ClassLoaderData 0.078ms
[8.658s][debug][gc,phases      ] GC(5) Trigger cleanups 0.000ms
[8.668s][debug][gc,phases      ] GC(5) Class Unloading 9.978ms
[8.668s][info ][gc,phases      ] GC(5) Marking Phase 193.464ms
[8.668s][info ][gc,phases,start] GC(5) Summary Phase
[8.668s][info ][gc,phases      ] GC(5) Summary Phase 0.036ms
[8.668s][info ][gc,phases,start] GC(5) Adjust Roots
[8.679s][info ][gc,phases      ] GC(5) Adjust Roots 11.039ms
[8.679s][info ][gc,phases,start] GC(5) Compaction Phase
[9.191s][info ][gc,phases      ] GC(5) Compaction Phase 511.907ms
[9.191s][info ][gc,phases,start] GC(5) Post Compact
[9.195s][info ][gc,phases      ] GC(5) Post Compact 4.057ms
[9.195s][info ][gc,heap        ] GC(5) PSYoungGen: 1048576K(1572864K)->403525K(1572864K) Eden: 1048576K(1048576K)->403525K(1048576K) From: 0K(524288K)->0K(524288K)
[9.195s][info ][gc,heap        ] GC(5) ParOldGen: 6127K(6144K)->6086K(18944K)
[9.195s][info ][gc,metaspace   ] GC(5) Metaspace: 67628K(68352K)->67628K(68352K) NonClass: 57655K(58048K)->57655K(58048K) Class: 9972K(10304K)->9972K(10304K)
[9.195s][info ][gc             ] GC(5) Pause Full (Ergonomics) 1029M->400M(1554M) 720.762ms
[9.195s][info ][gc,cpu         ] GC(5) User=2.46s Sys=0.02s Real=0.72s
[9.195s][info ][safepoint      ] Safepoint "ParallelGCSystemGC", Time since last: 78402 ns, Reaching safepoint: 98904 ns, At safepoint: 720892720 ns, Total: 720991624 ns
[9.315s][info ][safepoint      ] Safepoint "ICBufferFull", Time since last: 119509329 ns, Reaching safepoint: 220608 ns, At safepoint: 26901 ns, Total: 247509 ns
[9.322s][info ][safepoint      ] Safepoint "ICBufferFull", Time since last: 7082963 ns, Reaching safepoint: 124704 ns, At safepoint: 31601 ns, Total: 156305 ns
[9.328s][info ][safepoint      ] Safepoint "ICBufferFull", Time since last: 6122127 ns, Reaching safepoint: 110704 ns, At safepoint: 23401 ns, Total: 134105 ns
[9.329s][info ][safepoint      ] Safepoint "ICBufferFull", Time since last: 88504 ns, Reaching safepoint: 89203 ns, At safepoint: 29901 ns, Total: 119104 ns
[9.329s][info ][safepoint      ] Safepoint "ICBufferFull", Time since last: 56002 ns, Reaching safepoint: 99404 ns, At safepoint: 24601 ns, Total: 124005 ns
[9.329s][info ][safepoint      ] Safepoint "ICBufferFull", Time since last: 50502 ns, Reaching safepoint: 98803 ns, At safepoint: 27301 ns, Total: 126104 ns
[9.336s][info ][safepoint      ] Safepoint "ICBufferFull", Time since last: 6895756 ns, Reaching safepoint: 114104 ns, At safepoint: 32801 ns, Total: 146905 ns
[9.336s][info ][safepoint      ] Safepoint "ICBufferFull", Time since last: 71603 ns, Reaching safepoint: 91203 ns, At safepoint: 38302 ns, Total: 129505 ns
[9.337s][info ][safepoint      ] Safepoint "ICBufferFull", Time since last: 349413 ns, Reaching safepoint: 84003 ns, At safepoint: 29101 ns, Total: 113104 ns
[9.339s][info ][safepoint      ] Safepoint "ICBufferFull", Time since last: 2371188 ns, Reaching safepoint: 109004 ns, At safepoint: 31001 ns, Total: 140005 ns
[9.340s][info ][safepoint      ] Safepoint "ICBufferFull", Time since last: 640324 ns, Reaching safepoint: 112004 ns, At safepoint: 30501 ns, Total: 142505 ns
[9.340s][info ][safepoint      ] Safepoint "ICBufferFull", Time since last: 274310 ns, Reaching safepoint: 102304 ns, At safepoint: 29701 ns, Total: 132005 ns
[9.340s][info ][safepoint      ] Safepoint "ICBufferFull", Time since last: 57602 ns, Reaching safepoint: 105904 ns, At safepoint: 29401 ns, Total: 135305 ns
[9.341s][info ][safepoint      ] Safepoint "ICBufferFull", Time since last: 78403 ns, Reaching safepoint: 105904 ns, At safepoint: 29601 ns, Total: 135505 ns
[9.342s][info ][safepoint      ] Safepoint "ICBufferFull", Time since last: 1039639 ns, Reaching safepoint: 117304 ns, At safepoint: 31601 ns, Total: 148905 ns
[9.342s][info ][safepoint      ] Safepoint "ICBufferFull", Time since last: 233609 ns, Reaching safepoint: 93703 ns, At safepoint: 28101 ns, Total: 121804 ns
[9.342s][info ][safepoint      ] Safepoint "ICBufferFull", Time since last: 36102 ns, Reaching safepoint: 91403 ns, At safepoint: 36001 ns, Total: 127404 ns
[9.345s][info ][safepoint      ] Safepoint "ICBufferFull", Time since last: 2265784 ns, Reaching safepoint: 112104 ns, At safepoint: 22301 ns, Total: 134405 ns
[9.350s][info ][safepoint      ] Safepoint "ICBufferFull", Time since last: 4931683 ns, Reaching safepoint: 116104 ns, At safepoint: 31501 ns, Total: 147605 ns
[9.351s][info ][safepoint      ] Safepoint "ICBufferFull", Time since last: 383015 ns, Reaching safepoint: 379614 ns, At safepoint: 26501 ns, Total: 406115 ns
[9.351s][info ][safepoint      ] Safepoint "ICBufferFull", Time since last: 53002 ns, Reaching safepoint: 92603 ns, At safepoint: 30801 ns, Total: 123404 ns
[9.352s][info ][safepoint      ] Safepoint "ICBufferFull", Time since last: 1141542 ns, Reaching safepoint: 115305 ns, At safepoint: 43301 ns, Total: 158606 ns
[9.356s][info ][safepoint      ] Safepoint "ICBufferFull", Time since last: 971436 ns, Reaching safepoint: 3211519 ns, At safepoint: 23901 ns, Total: 3235420 ns
[9.359s][info ][safepoint      ] Safepoint "ICBufferFull", Time since last: 2043076 ns, Reaching safepoint: 110804 ns, At safepoint: 22901 ns, Total: 133705 ns
[9.359s][info ][safepoint      ] Safepoint "ICBufferFull", Time since last: 71303 ns, Reaching safepoint: 102303 ns, At safepoint: 21501 ns, Total: 123804 ns
[9.359s][info ][safepoint      ] Safepoint "ICBufferFull", Time since last: 53102 ns, Reaching safepoint: 88103 ns, At safepoint: 20801 ns, Total: 108904 ns
[9.359s][info ][safepoint      ] Safepoint "ICBufferFull", Time since last: 46502 ns, Reaching safepoint: 86703 ns, At safepoint: 23201 ns, Total: 109904 ns
[9.359s][info ][safepoint      ] Safepoint "ICBufferFull", Time since last: 314412 ns, Reaching safepoint: 90303 ns, At safepoint: 21301 ns, Total: 111604 ns
[9.361s][info ][safepoint      ] Safepoint "ICBufferFull", Time since last: 1205244 ns, Reaching safepoint: 107304 ns, At safepoint: 18401 ns, Total: 125705 ns
[9.361s][info ][safepoint      ] Safepoint "ICBufferFull", Time since last: 174907 ns, Reaching safepoint: 91603 ns, At safepoint: 26701 ns, Total: 118304 ns
[9.361s][info ][safepoint      ] Safepoint "ICBufferFull", Time since last: 31801 ns, Reaching safepoint: 90003 ns, At safepoint: 26401 ns, Total: 116404 ns
[9.362s][info ][safepoint      ] Safepoint "ICBufferFull", Time since last: 736228 ns, Reaching safepoint: 96903 ns, At safepoint: 28201 ns, Total: 125104 ns
[9.363s][info ][safepoint      ] Safepoint "ICBufferFull", Time since last: 979337 ns, Reaching safepoint: 111104 ns, At safepoint: 17800 ns, Total: 128904 ns
[9.366s][info ][safepoint      ] Safepoint "ICBufferFull", Time since last: 2244284 ns, Reaching safepoint: 115704 ns, At safepoint: 19101 ns, Total: 134805 ns
[9.366s][info ][safepoint      ] Safepoint "ICBufferFull", Time since last: 77402 ns, Reaching safepoint: 85904 ns, At safepoint: 21000 ns, Total: 106904 ns
[9.366s][info ][safepoint      ] Safepoint "ICBufferFull", Time since last: 74303 ns, Reaching safepoint: 98804 ns, At safepoint: 24101 ns, Total: 122905 ns
[9.366s][info ][safepoint      ] Safepoint "ICBufferFull", Time since last: 179706 ns, Reaching safepoint: 105604 ns, At safepoint: 25501 ns, Total: 131105 ns
[9.367s][info ][safepoint      ] Safepoint "ICBufferFull", Time since last: 137905 ns, Reaching safepoint: 75603 ns, At safepoint: 24701 ns, Total: 100304 ns
[9.367s][info ][safepoint      ] Safepoint "ICBufferFull", Time since last: 73403 ns, Reaching safepoint: 68502 ns, At safepoint: 25101 ns, Total: 93603 ns
[9.368s][info ][safepoint      ] Safepoint "ICBufferFull", Time since last: 1380151 ns, Reaching safepoint: 135705 ns, At safepoint: 20601 ns, Total: 156306 ns
[9.372s][info ][safepoint      ] Safepoint "ICBufferFull", Time since last: 3950247 ns, Reaching safepoint: 93103 ns, At safepoint: 34501 ns, Total: 127604 ns
[9.372s][info ][safepoint      ] Safepoint "ICBufferFull", Time since last: 50102 ns, Reaching safepoint: 88603 ns, At safepoint: 32702 ns, Total: 121305 ns
[9.373s][info ][safepoint      ] Safepoint "ICBufferFull", Time since last: 468617 ns, Reaching safepoint: 101804 ns, At safepoint: 50502 ns, Total: 152306 ns
[9.373s][info ][safepoint      ] Safepoint "ICBufferFull", Time since last: 258509 ns, Reaching safepoint: 97404 ns, At safepoint: 30801 ns, Total: 128205 ns
[9.374s][info ][safepoint      ] Safepoint "ICBufferFull", Time since last: 150206 ns, Reaching safepoint: 97203 ns, At safepoint: 34001 ns, Total: 131204 ns
[9.375s][info ][safepoint      ] Safepoint "ICBufferFull", Time since last: 770029 ns, Reaching safepoint: 107104 ns, At safepoint: 22501 ns, Total: 129605 ns
[9.375s][info ][safepoint      ] Safepoint "ICBufferFull", Time since last: 552820 ns, Reaching safepoint: 89404 ns, At safepoint: 20900 ns, Total: 110304 ns
[9.375s][info ][safepoint      ] Safepoint "ICBufferFull", Time since last: 57902 ns, Reaching safepoint: 85504 ns, At safepoint: 18900 ns, Total: 104404 ns
[9.376s][info ][safepoint      ] Safepoint "ICBufferFull", Time since last: 149106 ns, Reaching safepoint: 101404 ns, At safepoint: 23600 ns, Total: 125004 ns
[9.377s][info ][safepoint      ] Safepoint "ICBufferFull", Time since last: 963836 ns, Reaching safepoint: 107704 ns, At safepoint: 24501 ns, Total: 132205 ns
[9.377s][info ][safepoint      ] Safepoint "ICBufferFull", Time since last: 173007 ns, Reaching safepoint: 88703 ns, At safepoint: 23501 ns, Total: 112204 ns
[9.378s][info ][safepoint      ] Safepoint "ICBufferFull", Time since last: 771128 ns, Reaching safepoint: 104904 ns, At safepoint: 23801 ns, Total: 128705 ns
[9.378s][info ][safepoint      ] Safepoint "ICBufferFull", Time since last: 55302 ns, Reaching safepoint: 86503 ns, At safepoint: 22601 ns, Total: 109104 ns
[9.378s][info ][safepoint      ] Safepoint "ICBufferFull", Time since last: 36201 ns, Reaching safepoint: 90104 ns, At safepoint: 28801 ns, Total: 118905 ns
[9.379s][info ][safepoint      ] Safepoint "ICBufferFull", Time since last: 34301 ns, Reaching safepoint: 162306 ns, At safepoint: 25601 ns, Total: 187907 ns
[9.380s][info ][safepoint      ] Safepoint "ICBufferFull", Time since last: 930935 ns, Reaching safepoint: 118004 ns, At safepoint: 24501 ns, Total: 142505 ns
[9.384s][info ][safepoint      ] Safepoint "ICBufferFull", Time since last: 4516567 ns, Reaching safepoint: 111004 ns, At safepoint: 24301 ns, Total: 135305 ns
[9.384s][info ][safepoint      ] Safepoint "ICBufferFull", Time since last: 80003 ns, Reaching safepoint: 88103 ns, At safepoint: 24301 ns, Total: 112404 ns
[9.385s][info ][safepoint      ] Safepoint "ICBufferFull", Time since last: 848832 ns, Reaching safepoint: 92803 ns, At safepoint: 25601 ns, Total: 118404 ns
[9.386s][info ][safepoint      ] Safepoint "ICBufferFull", Time since last: 40202 ns, Reaching safepoint: 85403 ns, At safepoint: 24501 ns, Total: 109904 ns
[9.386s][info ][safepoint      ] Safepoint "ICBufferFull", Time since last: 133305 ns, Reaching safepoint: 102504 ns, At safepoint: 23400 ns, Total: 125904 ns
[9.386s][info ][safepoint      ] Safepoint "ICBufferFull", Time since last: 193208 ns, Reaching safepoint: 102703 ns, At safepoint: 23701 ns, Total: 126404 ns
[9.387s][info ][safepoint      ] Safepoint "ICBufferFull", Time since last: 1060040 ns, Reaching safepoint: 119304 ns, At safepoint: 16801 ns, Total: 136105 ns
[9.389s][info ][safepoint      ] Safepoint "ICBufferFull", Time since last: 1321849 ns, Reaching safepoint: 91203 ns, At safepoint: 24601 ns, Total: 115804 ns
[9.389s][info ][safepoint      ] Safepoint "ICBufferFull", Time since last: 52002 ns, Reaching safepoint: 87403 ns, At safepoint: 25201 ns, Total: 112604 ns
[9.390s][info ][safepoint      ] Safepoint "ICBufferFull", Time since last: 1271047 ns, Reaching safepoint: 171706 ns, At safepoint: 25701 ns, Total: 197407 ns
[9.391s][info ][safepoint      ] Safepoint "ICBufferFull", Time since last: 758028 ns, Reaching safepoint: 109904 ns, At safepoint: 30602 ns, Total: 140506 ns
[9.392s][info ][safepoint      ] Safepoint "ICBufferFull", Time since last: 257309 ns, Reaching safepoint: 109804 ns, At safepoint: 24101 ns, Total: 133905 ns
[9.393s][info ][safepoint      ] Safepoint "ICBufferFull", Time since last: 1563958 ns, Reaching safepoint: 124205 ns, At safepoint: 29901 ns, Total: 154106 ns
[9.395s][info ][safepoint      ] Safepoint "ICBufferFull", Time since last: 1036738 ns, Reaching safepoint: 117405 ns, At safepoint: 26601 ns, Total: 144006 ns
[9.396s][info ][safepoint      ] Safepoint "ICBufferFull", Time since last: 989536 ns, Reaching safepoint: 111704 ns, At safepoint: 32702 ns, Total: 144406 ns
[9.397s][info ][safepoint      ] Safepoint "ICBufferFull", Time since last: 1000137 ns, Reaching safepoint: 114504 ns, At safepoint: 30701 ns, Total: 145205 ns
[9.397s][info ][safepoint      ] Safepoint "ICBufferFull", Time since last: 340113 ns, Reaching safepoint: 89703 ns, At safepoint: 30401 ns, Total: 120104 ns
[9.398s][info ][safepoint      ] Safepoint "ICBufferFull", Time since last: 224808 ns, Reaching safepoint: 160306 ns, At safepoint: 32002 ns, Total: 192308 ns
[9.399s][info ][safepoint      ] Safepoint "ICBufferFull", Time since last: 763228 ns, Reaching safepoint: 113204 ns, At safepoint: 27001 ns, Total: 140205 ns
[9.399s][info ][safepoint      ] Safepoint "ICBufferFull", Time since last: 460417 ns, Reaching safepoint: 100104 ns, At safepoint: 23501 ns, Total: 123605 ns
[9.401s][info ][safepoint      ] Safepoint "ICBufferFull", Time since last: 1169443 ns, Reaching safepoint: 108004 ns, At safepoint: 25801 ns, Total: 133805 ns
[9.401s][info ][safepoint      ] Safepoint "ICBufferFull", Time since last: 143605 ns, Reaching safepoint: 90804 ns, At safepoint: 31701 ns, Total: 122505 ns
[9.402s][info ][safepoint      ] Safepoint "ICBufferFull", Time since last: 1421552 ns, Reaching safepoint: 181307 ns, At safepoint: 28701 ns, Total: 210008 ns
[9.409s][info ][safepoint      ] Safepoint "ICBufferFull", Time since last: 2110478 ns, Reaching safepoint: 4298460 ns, At safepoint: 39001 ns, Total: 4337461 ns
[9.411s][info ][safepoint      ] Safepoint "ICBufferFull", Time since last: 2224983 ns, Reaching safepoint: 187607 ns, At safepoint: 27501 ns, Total: 215108 ns
[9.413s][info ][safepoint      ] Safepoint "ICBufferFull", Time since last: 1142342 ns, Reaching safepoint: 117004 ns, At safepoint: 28101 ns, Total: 145105 ns
[9.415s][info ][safepoint      ] Safepoint "ICBufferFull", Time since last: 2476092 ns, Reaching safepoint: 102104 ns, At safepoint: 29301 ns, Total: 131405 ns
[9.424s][info ][safepoint      ] Safepoint "ICBufferFull", Time since last: 8901030 ns, Reaching safepoint: 122104 ns, At safepoint: 25401 ns, Total: 147505 ns
[9.425s][info ][safepoint      ] Safepoint "ICBufferFull", Time since last: 83803 ns, Reaching safepoint: 83303 ns, At safepoint: 29502 ns, Total: 112805 ns
[9.425s][info ][safepoint      ] Safepoint "ICBufferFull", Time since last: 49201 ns, Reaching safepoint: 88904 ns, At safepoint: 22900 ns, Total: 111804 ns
[9.430s][info ][safepoint      ] Safepoint "ICBufferFull", Time since last: 5098789 ns, Reaching safepoint: 99804 ns, At safepoint: 35401 ns, Total: 135205 ns
[9.430s][info ][safepoint      ] Safepoint "ICBufferFull", Time since last: 212408 ns, Reaching safepoint: 102504 ns, At safepoint: 27101 ns, Total: 129605 ns
[9.467s][info ][safepoint      ] Safepoint "ICBufferFull", Time since last: 35432813 ns, Reaching safepoint: 1119542 ns, At safepoint: 30801 ns, Total: 1150343 ns
[9.469s][info ][safepoint      ] Safepoint "ICBufferFull", Time since last: 1699863 ns, Reaching safepoint: 185407 ns, At safepoint: 30101 ns, Total: 215508 ns
[9.470s][info ][safepoint      ] Safepoint "ICBufferFull", Time since last: 1221345 ns, Reaching safepoint: 107804 ns, At safepoint: 29001 ns, Total: 136805 ns
[9.471s][info ][safepoint      ] Safepoint "ICBufferFull", Time since last: 875333 ns, Reaching safepoint: 96303 ns, At safepoint: 22901 ns, Total: 119204 ns
[9.477s][info ][safepoint      ] Safepoint "ICBufferFull", Time since last: 5471203 ns, Reaching safepoint: 104804 ns, At safepoint: 27601 ns, Total: 132405 ns
[9.477s][info ][safepoint      ] Safepoint "ICBufferFull", Time since last: 66202 ns, Reaching safepoint: 91203 ns, At safepoint: 22601 ns, Total: 113804 ns
[9.480s][info ][safepoint      ] Safepoint "ICBufferFull", Time since last: 1951973 ns, Reaching safepoint: 1590359 ns, At safepoint: 27801 ns, Total: 1618160 ns
[9.482s][info ][safepoint      ] Safepoint "ICBufferFull", Time since last: 965735 ns, Reaching safepoint: 89404 ns, At safepoint: 30501 ns, Total: 119905 ns
[9.482s][info ][safepoint      ] Safepoint "ICBufferFull", Time since last: 212608 ns, Reaching safepoint: 103203 ns, At safepoint: 24901 ns, Total: 128104 ns
[9.483s][info ][safepoint      ] Safepoint "ICBufferFull", Time since last: 1467155 ns, Reaching safepoint: 113304 ns, At safepoint: 26401 ns, Total: 139705 ns
[9.486s][info ][safepoint      ] Safepoint "ICBufferFull", Time since last: 2478692 ns, Reaching safepoint: 105504 ns, At safepoint: 27301 ns, Total: 132805 ns
[9.488s][info ][safepoint      ] Safepoint "ICBufferFull", Time since last: 1509656 ns, Reaching safepoint: 103003 ns, At safepoint: 34202 ns, Total: 137205 ns
[9.490s][info ][safepoint      ] Safepoint "ICBufferFull", Time since last: 2265184 ns, Reaching safepoint: 143005 ns, At safepoint: 23001 ns, Total: 166006 ns
[9.490s][info ][safepoint      ] Safepoint "ICBufferFull", Time since last: 97603 ns, Reaching safepoint: 91804 ns, At safepoint: 25001 ns, Total: 116805 ns
[9.491s][info ][safepoint      ] Safepoint "ICBufferFull", Time since last: 25701 ns, Reaching safepoint: 87703 ns, At safepoint: 23501 ns, Total: 111204 ns
[9.492s][info ][safepoint      ] Safepoint "ICBufferFull", Time since last: 883333 ns, Reaching safepoint: 102803 ns, At safepoint: 25201 ns, Total: 128004 ns
[9.493s][info ][safepoint      ] Safepoint "ICBufferFull", Time since last: 1522757 ns, Reaching safepoint: 106604 ns, At safepoint: 26001 ns, Total: 132605 ns
[9.493s][info ][safepoint      ] Safepoint "ICBufferFull", Time since last: 85803 ns, Reaching safepoint: 96703 ns, At safepoint: 22501 ns, Total: 119204 ns
[9.496s][info ][safepoint      ] Safepoint "ICBufferFull", Time since last: 2149380 ns, Reaching safepoint: 110804 ns, At safepoint: 26901 ns, Total: 137705 ns
[9.496s][info ][safepoint      ] Safepoint "ICBufferFull", Time since last: 62402 ns, Reaching safepoint: 84803 ns, At safepoint: 22801 ns, Total: 107604 ns
[9.496s][info ][safepoint      ] Safepoint "ICBufferFull", Time since last: 40202 ns, Reaching safepoint: 94303 ns, At safepoint: 27701 ns, Total: 122004 ns
[9.496s][info ][safepoint      ] Safepoint "ICBufferFull", Time since last: 46702 ns, Reaching safepoint: 63702 ns, At safepoint: 23601 ns, Total: 87303 ns
[9.496s][info ][safepoint      ] Safepoint "ICBufferFull", Time since last: 120105 ns, Reaching safepoint: 87803 ns, At safepoint: 25801 ns, Total: 113604 ns
[9.497s][info ][safepoint      ] Safepoint "ICBufferFull", Time since last: 906834 ns, Reaching safepoint: 102303 ns, At safepoint: 27201 ns, Total: 129504 ns
[9.498s][info ][safepoint      ] Safepoint "ICBufferFull", Time since last: 34802 ns, Reaching safepoint: 88203 ns, At safepoint: 26001 ns, Total: 114204 ns
[9.498s][info ][safepoint      ] Safepoint "ICBufferFull", Time since last: 734027 ns, Reaching safepoint: 98404 ns, At safepoint: 29201 ns, Total: 127605 ns
[9.499s][info ][safepoint      ] Safepoint "ICBufferFull", Time since last: 771428 ns, Reaching safepoint: 110604 ns, At safepoint: 24401 ns, Total: 135005 ns
[9.500s][info ][safepoint      ] Safepoint "ICBufferFull", Time since last: 44202 ns, Reaching safepoint: 87903 ns, At safepoint: 25101 ns, Total: 113004 ns
[9.500s][info ][safepoint      ] Safepoint "ICBufferFull", Time since last: 700526 ns, Reaching safepoint: 96904 ns, At safepoint: 28401 ns, Total: 125305 ns
[9.501s][info ][safepoint      ] Safepoint "ICBufferFull", Time since last: 83703 ns, Reaching safepoint: 91303 ns, At safepoint: 31501 ns, Total: 122804 ns
[9.502s][info ][safepoint      ] Safepoint "ICBufferFull", Time since last: 1210945 ns, Reaching safepoint: 680826 ns, At safepoint: 22200 ns, Total: 703026 ns
[9.503s][info ][safepoint      ] Safepoint "ICBufferFull", Time since last: 205508 ns, Reaching safepoint: 97804 ns, At safepoint: 22100 ns, Total: 119904 ns
[9.510s][info ][safepoint      ] Safepoint "ICBufferFull", Time since last: 6727750 ns, Reaching safepoint: 128605 ns, At safepoint: 25300 ns, Total: 153905 ns
[9.510s][info ][safepoint      ] Safepoint "ICBufferFull", Time since last: 73103 ns, Reaching safepoint: 88103 ns, At safepoint: 22401 ns, Total: 110504 ns
[9.510s][info ][safepoint      ] Safepoint "ICBufferFull", Time since last: 63203 ns, Reaching safepoint: 90903 ns, At safepoint: 19101 ns, Total: 110004 ns
[9.512s][info ][safepoint      ] Safepoint "ICBufferFull", Time since last: 2216682 ns, Reaching safepoint: 122604 ns, At safepoint: 19801 ns, Total: 142405 ns
[9.520s][info ][safepoint      ] Safepoint "ICBufferFull", Time since last: 7802089 ns, Reaching safepoint: 113504 ns, At safepoint: 30202 ns, Total: 143706 ns
[9.526s][info ][safepoint      ] Safepoint "ICBufferFull", Time since last: 5987021 ns, Reaching safepoint: 91704 ns, At safepoint: 22701 ns, Total: 114405 ns
[9.530s][info ][safepoint      ] Safepoint "ICBufferFull", Time since last: 3018912 ns, Reaching safepoint: 105203 ns, At safepoint: 16801 ns, Total: 122004 ns
[9.530s][info ][safepoint      ] Safepoint "ICBufferFull", Time since last: 85103 ns, Reaching safepoint: 86703 ns, At safepoint: 25601 ns, Total: 112304 ns
[9.531s][info ][safepoint      ] Safepoint "ICBufferFull", Time since last: 57502 ns, Reaching safepoint: 838132 ns, At safepoint: 28401 ns, Total: 866533 ns
[9.531s][info ][safepoint      ] Safepoint "ICBufferFull", Time since last: 83103 ns, Reaching safepoint: 99903 ns, At safepoint: 20401 ns, Total: 120304 ns
[9.531s][info ][safepoint      ] Safepoint "ICBufferFull", Time since last: 154606 ns, Reaching safepoint: 98303 ns, At safepoint: 29802 ns, Total: 128105 ns
[9.531s][info ][safepoint      ] Safepoint "ICBufferFull", Time since last: 148005 ns, Reaching safepoint: 96504 ns, At safepoint: 27701 ns, Total: 124205 ns
[9.533s][info ][safepoint      ] Safepoint "ICBufferFull", Time since last: 1753165 ns, Reaching safepoint: 124604 ns, At safepoint: 26701 ns, Total: 151305 ns
[9.534s][info ][safepoint      ] Safepoint "ICBufferFull", Time since last: 82003 ns, Reaching safepoint: 103504 ns, At safepoint: 25401 ns, Total: 128905 ns
[9.536s][info ][safepoint      ] Safepoint "ICBufferFull", Time since last: 2430290 ns, Reaching safepoint: 79403 ns, At safepoint: 23701 ns, Total: 103104 ns
[9.536s][info ][safepoint      ] Safepoint "ICBufferFull", Time since last: 92403 ns, Reaching safepoint: 90804 ns, At safepoint: 22301 ns, Total: 113105 ns
[9.537s][info ][safepoint      ] Safepoint "ICBufferFull", Time since last: 280510 ns, Reaching safepoint: 103004 ns, At safepoint: 29301 ns, Total: 132305 ns
[9.538s][info ][safepoint      ] Safepoint "ICBufferFull", Time since last: 1073240 ns, Reaching safepoint: 111104 ns, At safepoint: 20801 ns, Total: 131905 ns
[9.538s][info ][safepoint      ] Safepoint "ICBufferFull", Time since last: 60802 ns, Reaching safepoint: 88703 ns, At safepoint: 25001 ns, Total: 113704 ns
[9.538s][info ][safepoint      ] Safepoint "ICBufferFull", Time since last: 132605 ns, Reaching safepoint: 107604 ns, At safepoint: 31101 ns, Total: 138705 ns
[9.539s][info ][safepoint      ] Safepoint "ICBufferFull", Time since last: 164106 ns, Reaching safepoint: 106204 ns, At safepoint: 29501 ns, Total: 135705 ns
[9.540s][info ][safepoint      ] Safepoint "ICBufferFull", Time since last: 1080940 ns, Reaching safepoint: 108404 ns, At safepoint: 23101 ns, Total: 131505 ns
[9.541s][info ][safepoint      ] Safepoint "ICBufferFull", Time since last: 654424 ns, Reaching safepoint: 114705 ns, At safepoint: 28801 ns, Total: 143506 ns
[9.543s][info ][safepoint      ] Safepoint "ICBufferFull", Time since last: 2436990 ns, Reaching safepoint: 115504 ns, At safepoint: 20101 ns, Total: 135605 ns
[9.552s][info ][safepoint      ] Safepoint "ICBufferFull", Time since last: 8161702 ns, Reaching safepoint: 101104 ns, At safepoint: 19201 ns, Total: 120305 ns
[9.552s][info ][safepoint      ] Safepoint "ICBufferFull", Time since last: 112804 ns, Reaching safepoint: 89403 ns, At safepoint: 17401 ns, Total: 106804 ns
[9.552s][info ][safepoint      ] Safepoint "ICBufferFull", Time since last: 87203 ns, Reaching safepoint: 88404 ns, At safepoint: 15300 ns, Total: 103704 ns
[9.553s][info ][safepoint      ] Safepoint "ICBufferFull", Time since last: 537620 ns, Reaching safepoint: 104904 ns, At safepoint: 22601 ns, Total: 127505 ns
[9.553s][info ][safepoint      ] Safepoint "ICBufferFull", Time since last: 118504 ns, Reaching safepoint: 104304 ns, At safepoint: 25101 ns, Total: 129405 ns
[9.564s][info ][safepoint      ] Safepoint "ICBufferFull", Time since last: 5996322 ns, Reaching safepoint: 5378999 ns, At safepoint: 34302 ns, Total: 5413301 ns
[9.570s][info ][safepoint      ] Safepoint "ICBufferFull", Time since last: 5581007 ns, Reaching safepoint: 126404 ns, At safepoint: 28201 ns, Total: 154605 ns
[9.575s][info ][safepoint      ] Safepoint "ICBufferFull", Time since last: 4811679 ns, Reaching safepoint: 121604 ns, At safepoint: 28601 ns, Total: 150205 ns
[9.575s][info ][gc,start       ] GC(6) Pause Young (Allocation Failure)
[9.907s][debug][gc,phases      ] GC(6) Scavenge 331.418ms
[9.907s][debug][gc,ref         ] GC(6) Skipped phase 1 of Reference Processing: no references
[9.907s][debug][gc,ref         ] GC(6) ReferenceProcessor::execute queues: 1, RefProcThreadModel::Single, marks_oops_alive: false
[9.907s][debug][gc,ref         ] GC(6) Skipped phase 3 of Reference Processing: no references
[9.907s][debug][gc,ref         ] GC(6) ReferenceProcessor::execute queues: 1, RefProcThreadModel::Single, marks_oops_alive: false
[9.907s][debug][gc,phases      ] GC(6) Reference Processing 0.234ms
[9.908s][debug][gc,phases      ] GC(6)   VM Weak                        Min:  0.0, Avg:  0.0, Max:  0.0, Diff:  0.0, Sum:  0.0, Workers: 4
[9.908s][debug][gc,phases      ] GC(6)     Dead                           Min: 0, Avg:  0.0, Max: 0, Diff: 0, Sum: 0, Workers: 4
[9.908s][debug][gc,phases      ] GC(6)     Total                          Min: 0, Avg: 156.0, Max: 320, Diff: 320, Sum: 624, Workers: 4
[9.908s][debug][gc,phases      ] GC(6)   ObjectSynchronizer Weak        Min:  0.0, Avg:  0.0, Max:  0.0, Diff:  0.0, Sum:  0.0, Workers: 4
[9.908s][debug][gc,phases      ] GC(6)     Dead                           Min: 0, Avg:  3.8, Max: 13, Diff: 13, Sum: 15, Workers: 4
[9.908s][debug][gc,phases      ] GC(6)     Total                          Min: 0, Avg: 16.8, Max: 64, Diff: 64, Sum: 67, Workers: 4
[9.908s][debug][gc,phases      ] GC(6)   JVMTI Tag Weak OopStorage      Min:  0.0, Avg:  0.0, Max:  0.0, Diff:  0.0, Sum:  0.0, Workers: 4
[9.908s][debug][gc,phases      ] GC(6)     Dead                           Min: 0, Avg:  0.0, Max: 0, Diff: 0, Sum: 0, Workers: 4
[9.908s][debug][gc,phases      ] GC(6)     Total                          Min: 0, Avg:  0.0, Max: 0, Diff: 0, Sum: 0, Workers: 4
[9.908s][debug][gc,phases      ] GC(6)   StringTable Weak               Min:  0.0, Avg:  0.5, Max:  0.8, Diff:  0.8, Sum:  2.2, Workers: 4
[9.908s][debug][gc,phases      ] GC(6)     Dead                           Min: 0, Avg:  4.0, Max: 14, Diff: 14, Sum: 16, Workers: 4
[9.908s][debug][gc,phases      ] GC(6)     Total                          Min: 157, Avg: 10935.2, Max: 20032, Diff: 19875, Sum: 43741, Workers: 4
[9.908s][debug][gc,phases      ] GC(6)   ResolvedMethodTable Weak       Min:  0.1, Avg:  0.1, Max:  0.2, Diff:  0.1, Sum:  0.5, Workers: 4
[9.908s][debug][gc,phases      ] GC(6)     Dead                           Min: 0, Avg: 17.2, Max: 33, Diff: 33, Sum: 69, Workers: 4
[9.908s][debug][gc,phases      ] GC(6)     Total                          Min: 640, Avg: 1787.2, Max: 2496, Diff: 1856, Sum: 7149, Workers: 4
[9.908s][debug][gc,phases      ] GC(6)   JNI Weak                       Min:  0.0, Avg:  0.0, Max:  0.0, Diff:  0.0, Sum:  0.0, Workers: 4
[9.908s][debug][gc,phases      ] GC(6)     Dead                           Min: 0, Avg:  0.0, Max: 0, Diff: 0, Sum: 0, Workers: 4
[9.908s][debug][gc,phases      ] GC(6)     Total                          Min: 0, Avg:  7.8, Max: 31, Diff: 31, Sum: 31, Workers: 4
[9.908s][debug][gc,phases      ] GC(6)   StringDedup Table Weak         Min:  0.0, Avg:  0.0, Max:  0.0, Diff:  0.0, Sum:  0.0, Workers: 4
[9.908s][debug][gc,phases      ] GC(6)     Dead                           Min: 0, Avg:  0.0, Max: 0, Diff: 0, Sum: 0, Workers: 4
[9.908s][debug][gc,phases      ] GC(6)     Total                          Min: 0, Avg:  0.0, Max: 0, Diff: 0, Sum: 0, Workers: 4
[9.908s][debug][gc,phases      ] GC(6)   StringDedup Requests0 Weak     Min:  0.0, Avg:  0.0, Max:  0.0, Diff:  0.0, Sum:  0.0, Workers: 4
[9.908s][debug][gc,phases      ] GC(6)     Dead                           Min: 0, Avg:  0.0, Max: 0, Diff: 0, Sum: 0, Workers: 4
[9.908s][debug][gc,phases      ] GC(6)     Total                          Min: 0, Avg:  0.0, Max: 0, Diff: 0, Sum: 0, Workers: 4
[9.908s][debug][gc,phases      ] GC(6)   StringDedup Requests1 Weak     Min:  0.0, Avg:  0.0, Max:  0.0, Diff:  0.0, Sum:  0.0, Workers: 4
[9.908s][debug][gc,phases      ] GC(6)     Dead                           Min: 0, Avg:  0.0, Max: 0, Diff: 0, Sum: 0, Workers: 4
[9.908s][debug][gc,phases      ] GC(6)     Total                          Min: 0, Avg:  0.0, Max: 0, Diff: 0, Sum: 0, Workers: 4
[9.908s][debug][gc,phases      ] GC(6)   Weak JFR Old Object Samples    Min:  0.0, Avg:  0.0, Max:  0.0, Diff:  0.0, Sum:  0.0, Workers: 4
[9.908s][debug][gc,phases      ] GC(6)     Dead                           Min: 0, Avg:  0.0, Max: 0, Diff: 0, Sum: 0, Workers: 4
[9.908s][debug][gc,phases      ] GC(6)     Total                          Min: 0, Avg:  0.0, Max: 0, Diff: 0, Sum: 0, Workers: 4
[9.908s][debug][gc,phases      ] GC(6) Weak Processing 1.233ms
[9.908s][debug][gc,age         ] GC(6) Desired survivor size 536870912 bytes, new threshold 7 (max threshold 15)
[9.908s][info ][gc,heap        ] GC(6) PSYoungGen: 1048576K(1572864K)->524279K(1572864K) Eden: 1048576K(1048576K)->0K(1048576K) From: 0K(524288K)->524279K(524288K)
[9.908s][info ][gc,heap        ] GC(6) ParOldGen: 6382K(18944K)->119495K(119808K)
[9.908s][info ][gc,metaspace   ] GC(6) Metaspace: 69039K(69824K)->69039K(69824K) NonClass: 58825K(59264K)->58825K(59264K) Class: 10213K(10560K)->10213K(10560K)
[9.908s][info ][gc             ] GC(6) Pause Young (Allocation Failure) 1030M->628M(1653M) 333.026ms
[9.908s][info ][gc,cpu         ] GC(6) User=1.11s Sys=0.21s Real=0.33s
[9.908s][debug][gc,phases      ] GC(7) Pre Compact 0.013ms
[9.908s][info ][gc,start       ] GC(7) Pause Full (Ergonomics)
[9.908s][info ][gc,phases,start] GC(7) Marking Phase
[10.106s][debug][gc,phases      ] GC(7) Par Mark 198.073ms
[10.107s][debug][gc,ref         ] GC(7) Skipped phase 1 of Reference Processing: no references
[10.107s][debug][gc,ref         ] GC(7) ReferenceProcessor::execute queues: 4, RefProcThreadModel::Multi, marks_oops_alive: false
[10.108s][debug][gc,ref         ] GC(7) Skipped phase 3 of Reference Processing: no references
[10.108s][debug][gc,ref         ] GC(7) ReferenceProcessor::execute queues: 1, RefProcThreadModel::Single, marks_oops_alive: false
[10.108s][debug][gc,phases      ] GC(7) Reference Processing 1.095ms
[10.108s][debug][gc,phases      ] GC(7)   VM Weak                        Min:  0.0, Avg:  0.0, Max:  0.0, Diff:  0.0, Sum:  0.0, Workers: 4
[10.108s][debug][gc,phases      ] GC(7)     Dead                           Min: 0, Avg:  3.2, Max: 13, Diff: 13, Sum: 13, Workers: 4
[10.108s][debug][gc,phases      ] GC(7)     Total                          Min: 0, Avg: 156.0, Max: 320, Diff: 320, Sum: 624, Workers: 4
[10.108s][debug][gc,phases      ] GC(7)   ObjectSynchronizer Weak        Min:  0.0, Avg:  0.0, Max:  0.0, Diff:  0.0, Sum:  0.0, Workers: 4
[10.108s][debug][gc,phases      ] GC(7)     Dead                           Min: 0, Avg:  0.0, Max: 0, Diff: 0, Sum: 0, Workers: 4
[10.108s][debug][gc,phases      ] GC(7)     Total                          Min: 0, Avg: 16.8, Max: 64, Diff: 64, Sum: 67, Workers: 4
[10.108s][debug][gc,phases      ] GC(7)   JVMTI Tag Weak OopStorage      Min:  0.0, Avg:  0.0, Max:  0.0, Diff:  0.0, Sum:  0.0, Workers: 4
[10.108s][debug][gc,phases      ] GC(7)     Dead                           Min: 0, Avg:  0.0, Max: 0, Diff: 0, Sum: 0, Workers: 4
[10.108s][debug][gc,phases      ] GC(7)     Total                          Min: 0, Avg:  0.0, Max: 0, Diff: 0, Sum: 0, Workers: 4
[10.108s][debug][gc,phases      ] GC(7)   StringTable Weak               Min:  0.2, Avg:  0.2, Max:  0.2, Diff:  0.0, Sum:  0.7, Workers: 4
[10.108s][debug][gc,phases      ] GC(7)     Dead                           Min: 0, Avg:  0.0, Max: 0, Diff: 0, Sum: 0, Workers: 4
[10.108s][debug][gc,phases      ] GC(7)     Total                          Min: 9920, Avg: 10935.2, Max: 11805, Diff: 1885, Sum: 43741, Workers: 4
[10.108s][debug][gc,phases      ] GC(7)   ResolvedMethodTable Weak       Min:  0.0, Avg:  0.0, Max:  0.0, Diff:  0.0, Sum:  0.1, Workers: 4
[10.108s][debug][gc,phases      ] GC(7)     Dead                           Min: 1, Avg:  3.2, Max: 7, Diff: 6, Sum: 13, Workers: 4
[10.108s][debug][gc,phases      ] GC(7)     Total                          Min: 1600, Avg: 1787.2, Max: 1856, Diff: 256, Sum: 7149, Workers: 4
[10.108s][debug][gc,phases      ] GC(7)   JNI Weak                       Min:  0.0, Avg:  0.0, Max:  0.0, Diff:  0.0, Sum:  0.0, Workers: 4
[10.108s][debug][gc,phases      ] GC(7)     Dead                           Min: 0, Avg:  0.0, Max: 0, Diff: 0, Sum: 0, Workers: 4
[10.108s][debug][gc,phases      ] GC(7)     Total                          Min: 0, Avg:  7.8, Max: 31, Diff: 31, Sum: 31, Workers: 4
[10.108s][debug][gc,phases      ] GC(7)   StringDedup Table Weak         Min:  0.0, Avg:  0.0, Max:  0.0, Diff:  0.0, Sum:  0.0, Workers: 4
[10.108s][debug][gc,phases      ] GC(7)     Dead                           Min: 0, Avg:  0.0, Max: 0, Diff: 0, Sum: 0, Workers: 4
[10.108s][debug][gc,phases      ] GC(7)     Total                          Min: 0, Avg:  0.0, Max: 0, Diff: 0, Sum: 0, Workers: 4
[10.108s][debug][gc,phases      ] GC(7)   StringDedup Requests0 Weak     Min:  0.0, Avg:  0.0, Max:  0.0, Diff:  0.0, Sum:  0.0, Workers: 4
[10.108s][debug][gc,phases      ] GC(7)     Dead                           Min: 0, Avg:  0.0, Max: 0, Diff: 0, Sum: 0, Workers: 4
[10.108s][debug][gc,phases      ] GC(7)     Total                          Min: 0, Avg:  0.0, Max: 0, Diff: 0, Sum: 0, Workers: 4
[10.108s][debug][gc,phases      ] GC(7)   StringDedup Requests1 Weak     Min:  0.0, Avg:  0.0, Max:  0.0, Diff:  0.0, Sum:  0.0, Workers: 4
[10.108s][debug][gc,phases      ] GC(7)     Dead                           Min: 0, Avg:  0.0, Max: 0, Diff: 0, Sum: 0, Workers: 4
[10.108s][debug][gc,phases      ] GC(7)     Total                          Min: 0, Avg:  0.0, Max: 0, Diff: 0, Sum: 0, Workers: 4
[10.108s][debug][gc,phases      ] GC(7)   Weak JFR Old Object Samples    Min:  0.0, Avg:  0.0, Max:  0.0, Diff:  0.0, Sum:  0.0, Workers: 4
[10.108s][debug][gc,phases      ] GC(7)     Dead                           Min: 0, Avg:  0.0, Max: 0, Diff: 0, Sum: 0, Workers: 4
[10.108s][debug][gc,phases      ] GC(7)     Total                          Min: 0, Avg:  0.0, Max: 0, Diff: 0, Sum: 0, Workers: 4
[10.108s][debug][gc,phases      ] GC(7) Weak Processing 0.468ms
[10.108s][debug][gc,phases      ] GC(7) ClassLoaderData 0.285ms
[10.108s][debug][gc,phases      ] GC(7) Trigger cleanups 0.010ms
[10.126s][debug][gc,phases      ] GC(7) Class Unloading 17.741ms
[10.126s][info ][gc,phases      ] GC(7) Marking Phase 217.587ms
[10.126s][info ][gc,phases,start] GC(7) Summary Phase
[10.126s][info ][gc,phases      ] GC(7) Summary Phase 0.015ms
[10.126s][info ][gc,phases,start] GC(7) Adjust Roots
[10.139s][info ][gc,phases      ] GC(7) Adjust Roots 12.655ms
[10.139s][info ][gc,phases,start] GC(7) Compaction Phase
[10.957s][info ][gc,phases      ] GC(7) Compaction Phase 818.448ms
[10.957s][info ][gc,phases,start] GC(7) Post Compact
[10.961s][info ][gc,phases      ] GC(7) Post Compact 3.632ms
[10.961s][info ][gc,heap        ] GC(7) PSYoungGen: 524279K(1572864K)->518473K(1572864K) Eden: 0K(1048576K)->0K(1048576K) From: 524279K(524288K)->518473K(524288K)
[10.961s][info ][gc,heap        ] GC(7) ParOldGen: 119495K(119808K)->119366K(256000K)
[10.961s][info ][gc,metaspace   ] GC(7) Metaspace: 69039K(69824K)->69016K(69824K) NonClass: 58825K(59264K)->58809K(59264K) Class: 10213K(10560K)->10207K(10560K)
[10.961s][info ][gc             ] GC(7) Pause Full (Ergonomics) 628M->622M(1786M) 1052.796ms
[10.961s][info ][gc,cpu         ] GC(7) User=4.02s Sys=0.01s Real=1.06s
[10.972s][info ][safepoint      ] Safepoint "ParallelGCFailedAllocation", Time since last: 97704 ns, Reaching safepoint: 98103 ns, At safepoint: 1396623948 ns, Total: 1396722051 ns
[10.977s][info ][safepoint      ] Safepoint "ICBufferFull", Time since last: 4370262 ns, Reaching safepoint: 446817 ns, At safepoint: 15700 ns, Total: 462517 ns
[10.977s][info ][safepoint      ] Safepoint "ICBufferFull", Time since last: 107004 ns, Reaching safepoint: 85904 ns, At safepoint: 12600 ns, Total: 98504 ns
[10.980s][info ][safepoint      ] Safepoint "ICBufferFull", Time since last: 2926108 ns, Reaching safepoint: 127105 ns, At safepoint: 7500 ns, Total: 134605 ns
[10.980s][info ][safepoint      ] Safepoint "ICBufferFull", Time since last: 100404 ns, Reaching safepoint: 96604 ns, At safepoint: 10700 ns, Total: 107304 ns
[10.985s][info ][safepoint      ] Safepoint "ICBufferFull", Time since last: 4727375 ns, Reaching safepoint: 117205 ns, At safepoint: 12600 ns, Total: 129805 ns
[10.990s][info ][safepoint      ] Safepoint "ICBufferFull", Time since last: 4582970 ns, Reaching safepoint: 114404 ns, At safepoint: 15301 ns, Total: 129705 ns
[10.990s][info ][safepoint      ] Safepoint "ICBufferFull", Time since last: 99803 ns, Reaching safepoint: 91404 ns, At safepoint: 19400 ns, Total: 110804 ns
[10.995s][info ][safepoint      ] Safepoint "ICBufferFull", Time since last: 5171592 ns, Reaching safepoint: 136205 ns, At safepoint: 8700 ns, Total: 144905 ns
[11.001s][info ][safepoint      ] Safepoint "ICBufferFull", Time since last: 2352188 ns, Reaching safepoint: 3723137 ns, At safepoint: 12501 ns, Total: 3735638 ns
[11.038s][info ][safepoint      ] Safepoint "ICBufferFull", Time since last: 29056276 ns, Reaching safepoint: 7357673 ns, At safepoint: 15901 ns, Total: 7373574 ns
[11.045s][info ][safepoint      ] Safepoint "ICBufferFull", Time since last: 6354635 ns, Reaching safepoint: 463117 ns, At safepoint: 15201 ns, Total: 478318 ns
[11.047s][info ][safepoint      ] Safepoint "ICBufferFull", Time since last: 2283584 ns, Reaching safepoint: 125705 ns, At safepoint: 4800 ns, Total: 130505 ns
[11.047s][info ][safepoint      ] Safepoint "ICBufferFull", Time since last: 62902 ns, Reaching safepoint: 84704 ns, At safepoint: 14200 ns, Total: 98904 ns
[11.053s][info ][safepoint      ] Safepoint "ICBufferFull", Time since last: 5494804 ns, Reaching safepoint: 118904 ns, At safepoint: 4400 ns, Total: 123304 ns
[11.053s][info ][safepoint      ] Safepoint "ICBufferFull", Time since last: 70003 ns, Reaching safepoint: 86903 ns, At safepoint: 5400 ns, Total: 92303 ns
[11.057s][info ][safepoint      ] Safepoint "ICBufferFull", Time since last: 4282159 ns, Reaching safepoint: 118504 ns, At safepoint: 10901 ns, Total: 129405 ns
[11.060s][info ][safepoint      ] Safepoint "ICBufferFull", Time since last: 262409 ns, Reaching safepoint: 2490093 ns, At safepoint: 13600 ns, Total: 2503693 ns
[11.061s][info ][safepoint      ] Safepoint "ICBufferFull", Time since last: 385115 ns, Reaching safepoint: 96603 ns, At safepoint: 11200 ns, Total: 107803 ns
[11.065s][info ][safepoint      ] Safepoint "ICBufferFull", Time since last: 2293485 ns, Reaching safepoint: 2119079 ns, At safepoint: 15901 ns, Total: 2134980 ns
[11.073s][info ][safepoint      ] Safepoint "ICBufferFull", Time since last: 7912493 ns, Reaching safepoint: 115204 ns, At safepoint: 14200 ns, Total: 129404 ns
[11.081s][info ][safepoint      ] Safepoint "ICBufferFull", Time since last: 79503 ns, Reaching safepoint: 7500678 ns, At safepoint: 26901 ns, Total: 7527579 ns
[11.088s][info ][safepoint      ] Safepoint "ICBufferFull", Time since last: 92504 ns, Reaching safepoint: 7462776 ns, At safepoint: 27401 ns, Total: 7490177 ns
[11.089s][info ][safepoint      ] Safepoint "ICBufferFull", Time since last: 81503 ns, Reaching safepoint: 820331 ns, At safepoint: 20200 ns, Total: 840531 ns
[11.090s][info ][safepoint      ] Safepoint "ICBufferFull", Time since last: 962936 ns, Reaching safepoint: 104104 ns, At safepoint: 17801 ns, Total: 121905 ns
[11.092s][info ][safepoint      ] Safepoint "ICBufferFull", Time since last: 1401552 ns, Reaching safepoint: 103403 ns, At safepoint: 13701 ns, Total: 117104 ns
[11.092s][info ][safepoint      ] Safepoint "ICBufferFull", Time since last: 228708 ns, Reaching safepoint: 91404 ns, At safepoint: 13800 ns, Total: 105204 ns
[11.100s][info ][safepoint      ] Safepoint "ICBufferFull", Time since last: 8090900 ns, Reaching safepoint: 122405 ns, At safepoint: 25200 ns, Total: 147605 ns
[11.101s][info ][safepoint      ] Safepoint "ICBufferFull", Time since last: 78703 ns, Reaching safepoint: 92904 ns, At safepoint: 21701 ns, Total: 114605 ns
[11.101s][info ][safepoint      ] Safepoint "ICBufferFull", Time since last: 31501 ns, Reaching safepoint: 104304 ns, At safepoint: 22700 ns, Total: 127004 ns
[11.101s][info ][safepoint      ] Safepoint "ICBufferFull", Time since last: 111505 ns, Reaching safepoint: 102803 ns, At safepoint: 18301 ns, Total: 121104 ns
[11.113s][info ][safepoint      ] Safepoint "ICBufferFull", Time since last: 6219031 ns, Reaching safepoint: 5485503 ns, At safepoint: 26701 ns, Total: 5512204 ns
[11.116s][info ][safepoint      ] Safepoint "ICBufferFull", Time since last: 3544831 ns, Reaching safepoint: 120405 ns, At safepoint: 20200 ns, Total: 140605 ns
[11.117s][info ][safepoint      ] Safepoint "ICBufferFull", Time since last: 77903 ns, Reaching safepoint: 107604 ns, At safepoint: 25901 ns, Total: 133505 ns
[11.122s][info ][safepoint      ] Safepoint "ICBufferFull", Time since last: 3654335 ns, Reaching safepoint: 2154880 ns, At safepoint: 28601 ns, Total: 2183481 ns
[11.132s][info ][safepoint      ] Safepoint "ICBufferFull", Time since last: 9800463 ns, Reaching safepoint: 107604 ns, At safepoint: 19901 ns, Total: 127505 ns
[11.132s][info ][safepoint      ] Safepoint "ICBufferFull", Time since last: 86603 ns, Reaching safepoint: 87704 ns, At safepoint: 28301 ns, Total: 116005 ns
[11.133s][info ][safepoint      ] Safepoint "ICBufferFull", Time since last: 39501 ns, Reaching safepoint: 88103 ns, At safepoint: 20901 ns, Total: 109004 ns
[11.133s][info ][safepoint      ] Safepoint "ICBufferFull", Time since last: 41802 ns, Reaching safepoint: 89303 ns, At safepoint: 16901 ns, Total: 106204 ns
[11.133s][info ][safepoint      ] Safepoint "ICBufferFull", Time since last: 316611 ns, Reaching safepoint: 114705 ns, At safepoint: 20900 ns, Total: 135605 ns
[11.133s][info ][safepoint      ] Safepoint "ICBufferFull", Time since last: 106904 ns, Reaching safepoint: 100804 ns, At safepoint: 19801 ns, Total: 120605 ns
[11.134s][info ][safepoint      ] Safepoint "ICBufferFull", Time since last: 75003 ns, Reaching safepoint: 88303 ns, At safepoint: 21201 ns, Total: 109504 ns
[11.135s][info ][safepoint      ] Safepoint "ICBufferFull", Time since last: 1534457 ns, Reaching safepoint: 108804 ns, At safepoint: 22700 ns, Total: 131504 ns
[11.137s][info ][safepoint      ] Safepoint "ICBufferFull", Time since last: 2010375 ns, Reaching safepoint: 80303 ns, At safepoint: 28801 ns, Total: 109104 ns
[11.138s][info ][safepoint      ] Safepoint "ICBufferFull", Time since last: 448917 ns, Reaching safepoint: 97303 ns, At safepoint: 20501 ns, Total: 117804 ns
[11.138s][info ][safepoint      ] Safepoint "ICBufferFull", Time since last: 48402 ns, Reaching safepoint: 56602 ns, At safepoint: 18200 ns, Total: 74802 ns
[11.138s][info ][safepoint      ] Safepoint "ICBufferFull", Time since last: 236709 ns, Reaching safepoint: 94104 ns, At safepoint: 13700 ns, Total: 107804 ns
[11.144s][info ][safepoint      ] Safepoint "ICBufferFull", Time since last: 2587196 ns, Reaching safepoint: 3206519 ns, At safepoint: 24601 ns, Total: 3231120 ns
[11.148s][info ][safepoint      ] Safepoint "ICBufferFull", Time since last: 4030749 ns, Reaching safepoint: 121705 ns, At safepoint: 15300 ns, Total: 137005 ns
[11.160s][info ][safepoint      ] Safepoint "ICBufferFull", Time since last: 10395085 ns, Reaching safepoint: 1224146 ns, At safepoint: 18500 ns, Total: 1242646 ns
[11.167s][info ][safepoint      ] Safepoint "ICBufferFull", Time since last: 6535442 ns, Reaching safepoint: 134205 ns, At safepoint: 17001 ns, Total: 151206 ns
[11.167s][info ][safepoint      ] Safepoint "ICBufferFull", Time since last: 83103 ns, Reaching safepoint: 106604 ns, At safepoint: 15601 ns, Total: 122205 ns
[11.167s][info ][safepoint      ] Safepoint "ICBufferFull", Time since last: 144205 ns, Reaching safepoint: 91403 ns, At safepoint: 18001 ns, Total: 109404 ns
[11.167s][info ][safepoint      ] Safepoint "ICBufferFull", Time since last: 27301 ns, Reaching safepoint: 92304 ns, At safepoint: 14300 ns, Total: 106604 ns
[11.170s][info ][safepoint      ] Safepoint "ICBufferFull", Time since last: 699226 ns, Reaching safepoint: 2086777 ns, At safepoint: 24301 ns, Total: 2111078 ns
[11.174s][info ][safepoint      ] Safepoint "ICBufferFull", Time since last: 2765003 ns, Reaching safepoint: 924834 ns, At safepoint: 27501 ns, Total: 952335 ns
[11.179s][info ][safepoint      ] Safepoint "ICBufferFull", Time since last: 5084688 ns, Reaching safepoint: 113504 ns, At safepoint: 23101 ns, Total: 136605 ns
[11.184s][info ][safepoint      ] Safepoint "ICBufferFull", Time since last: 4901082 ns, Reaching safepoint: 134405 ns, At safepoint: 13000 ns, Total: 147405 ns
[11.193s][info ][safepoint      ] Safepoint "ICBufferFull", Time since last: 8223005 ns, Reaching safepoint: 101404 ns, At safepoint: 20401 ns, Total: 121805 ns
[11.193s][info ][safepoint      ] Safepoint "ICBufferFull", Time since last: 82903 ns, Reaching safepoint: 92803 ns, At safepoint: 21901 ns, Total: 114704 ns
[11.200s][info ][safepoint      ] Safepoint "ICBufferFull", Time since last: 7439275 ns, Reaching safepoint: 122705 ns, At safepoint: 13300 ns, Total: 136005 ns
[11.204s][info ][safepoint      ] Safepoint "ICBufferFull", Time since last: 3743839 ns, Reaching safepoint: 118105 ns, At safepoint: 7100 ns, Total: 125205 ns
[11.204s][info ][safepoint      ] Safepoint "ICBufferFull", Time since last: 88803 ns, Reaching safepoint: 88303 ns, At safepoint: 15901 ns, Total: 104204 ns
[11.205s][info ][safepoint      ] Safepoint "ICBufferFull", Time since last: 53602 ns, Reaching safepoint: 86503 ns, At safepoint: 20201 ns, Total: 106704 ns
[11.205s][info ][safepoint      ] Safepoint "ICBufferFull", Time since last: 44602 ns, Reaching safepoint: 89103 ns, At safepoint: 18201 ns, Total: 107304 ns
[11.208s][info ][safepoint      ] Safepoint "ICBufferFull", Time since last: 2908707 ns, Reaching safepoint: 188107 ns, At safepoint: 20401 ns, Total: 208508 ns
[11.213s][info ][safepoint      ] Safepoint "ICBufferFull", Time since last: 4281759 ns, Reaching safepoint: 436816 ns, At safepoint: 21601 ns, Total: 458417 ns
[11.213s][info ][safepoint      ] Safepoint "ICBufferFull", Time since last: 154705 ns, Reaching safepoint: 89904 ns, At safepoint: 13400 ns, Total: 103304 ns
[11.221s][info ][safepoint      ] Safepoint "ICBufferFull", Time since last: 7981896 ns, Reaching safepoint: 116804 ns, At safepoint: 12301 ns, Total: 129105 ns
[11.224s][info ][safepoint      ] Safepoint "ICBufferFull", Time since last: 3262021 ns, Reaching safepoint: 119604 ns, At safepoint: 15601 ns, Total: 135205 ns
[11.224s][info ][safepoint      ] Safepoint "ICBufferFull", Time since last: 84903 ns, Reaching safepoint: 90503 ns, At safepoint: 21301 ns, Total: 111804 ns
[11.226s][info ][safepoint      ] Safepoint "ICBufferFull", Time since last: 1378051 ns, Reaching safepoint: 115004 ns, At safepoint: 28901 ns, Total: 143905 ns
[11.232s][info ][safepoint      ] Safepoint "ICBufferFull", Time since last: 6168029 ns, Reaching safepoint: 130105 ns, At safepoint: 22200 ns, Total: 152305 ns
[11.233s][info ][safepoint      ] Safepoint "ICBufferFull", Time since last: 73603 ns, Reaching safepoint: 94104 ns, At safepoint: 20100 ns, Total: 114204 ns
[11.236s][info ][safepoint      ] Safepoint "ICBufferFull", Time since last: 3307023 ns, Reaching safepoint: 130405 ns, At safepoint: 20900 ns, Total: 151305 ns
[11.240s][info ][safepoint      ] Safepoint "ICBufferFull", Time since last: 4191456 ns, Reaching safepoint: 116604 ns, At safepoint: 22301 ns, Total: 138905 ns
[11.241s][info ][safepoint      ] Safepoint "ICBufferFull", Time since last: 80803 ns, Reaching safepoint: 95303 ns, At safepoint: 14901 ns, Total: 110204 ns
[11.241s][info ][safepoint      ] Safepoint "ICBufferFull", Time since last: 351413 ns, Reaching safepoint: 109804 ns, At safepoint: 18601 ns, Total: 128405 ns
[11.242s][info ][safepoint      ] Safepoint "ICBufferFull", Time since last: 413515 ns, Reaching safepoint: 98804 ns, At safepoint: 19800 ns, Total: 118604 ns
[11.242s][info ][safepoint      ] Safepoint "ICBufferFull", Time since last: 105204 ns, Reaching safepoint: 91104 ns, At safepoint: 17500 ns, Total: 108604 ns
[11.243s][info ][safepoint      ] Safepoint "ICBufferFull", Time since last: 1108241 ns, Reaching safepoint: 106804 ns, At safepoint: 17201 ns, Total: 124005 ns
[11.248s][info ][safepoint      ] Safepoint "ICBufferFull", Time since last: 4547069 ns, Reaching safepoint: 118104 ns, At safepoint: 24201 ns, Total: 142305 ns
[11.249s][info ][safepoint      ] Safepoint "ICBufferFull", Time since last: 1569658 ns, Reaching safepoint: 105504 ns, At safepoint: 9700 ns, Total: 115204 ns
[11.250s][info ][safepoint      ] Safepoint "ICBufferFull", Time since last: 73303 ns, Reaching safepoint: 95303 ns, At safepoint: 25301 ns, Total: 120604 ns
[11.250s][info ][safepoint      ] Safepoint "ICBufferFull", Time since last: 215408 ns, Reaching safepoint: 86204 ns, At safepoint: 22700 ns, Total: 108904 ns
[11.250s][info ][safepoint      ] Safepoint "ICBufferFull", Time since last: 95504 ns, Reaching safepoint: 86403 ns, At safepoint: 20901 ns, Total: 107304 ns
[11.250s][info ][safepoint      ] Safepoint "ICBufferFull", Time since last: 34401 ns, Reaching safepoint: 87503 ns, At safepoint: 21301 ns, Total: 108804 ns
[11.259s][info ][safepoint      ] Safepoint "ICBufferFull", Time since last: 8201004 ns, Reaching safepoint: 133705 ns, At safepoint: 15901 ns, Total: 149606 ns
[11.259s][info ][safepoint      ] Safepoint "ICBufferFull", Time since last: 172906 ns, Reaching safepoint: 93403 ns, At safepoint: 18601 ns, Total: 112004 ns
[11.264s][info ][safepoint      ] Safepoint "ICBufferFull", Time since last: 5055887 ns, Reaching safepoint: 120005 ns, At safepoint: 20401 ns, Total: 140406 ns
[11.264s][info ][safepoint      ] Safepoint "ICBufferFull", Time since last: 68102 ns, Reaching safepoint: 44702 ns, At safepoint: 14500 ns, Total: 59202 ns
[11.268s][info ][safepoint      ] Safepoint "ICBufferFull", Time since last: 4027150 ns, Reaching safepoint: 119604 ns, At safepoint: 23501 ns, Total: 143105 ns
[11.271s][info ][safepoint      ] Safepoint "ICBufferFull", Time since last: 2521793 ns, Reaching safepoint: 120605 ns, At safepoint: 22201 ns, Total: 142806 ns
[11.278s][info ][safepoint      ] Safepoint "ICBufferFull", Time since last: 6785351 ns, Reaching safepoint: 111404 ns, At safepoint: 23901 ns, Total: 135305 ns
[11.278s][info ][safepoint      ] Safepoint "ICBufferFull", Time since last: 86303 ns, Reaching safepoint: 91704 ns, At safepoint: 21600 ns, Total: 113304 ns
[11.278s][info ][safepoint      ] Safepoint "ICBufferFull", Time since last: 77803 ns, Reaching safepoint: 86803 ns, At safepoint: 16301 ns, Total: 103104 ns
[11.278s][info ][safepoint      ] Safepoint "ICBufferFull", Time since last: 90303 ns, Reaching safepoint: 89404 ns, At safepoint: 19500 ns, Total: 108904 ns
[11.280s][info ][safepoint      ] Safepoint "ICBufferFull", Time since last: 1674563 ns, Reaching safepoint: 176906 ns, At safepoint: 17101 ns, Total: 194007 ns
[11.281s][info ][safepoint      ] Safepoint "ICBufferFull", Time since last: 259409 ns, Reaching safepoint: 91004 ns, At safepoint: 20100 ns, Total: 111104 ns
[11.281s][info ][safepoint      ] Safepoint "ICBufferFull", Time since last: 54902 ns, Reaching safepoint: 88404 ns, At safepoint: 20901 ns, Total: 109305 ns
[11.281s][info ][safepoint      ] Safepoint "ICBufferFull", Time since last: 57602 ns, Reaching safepoint: 86403 ns, At safepoint: 13700 ns, Total: 100103 ns
[11.281s][info ][safepoint      ] Safepoint "ICBufferFull", Time since last: 55202 ns, Reaching safepoint: 91504 ns, At safepoint: 14700 ns, Total: 106204 ns
[11.281s][info ][safepoint      ] Safepoint "ICBufferFull", Time since last: 39802 ns, Reaching safepoint: 90003 ns, At safepoint: 19501 ns, Total: 109504 ns
[11.284s][info ][safepoint      ] Safepoint "ICBufferFull", Time since last: 138905 ns, Reaching safepoint: 2635898 ns, At safepoint: 21900 ns, Total: 2657798 ns
[11.288s][info ][safepoint      ] Safepoint "ICBufferFull", Time since last: 3877144 ns, Reaching safepoint: 253509 ns, At safepoint: 22201 ns, Total: 275710 ns
[11.302s][info ][safepoint      ] Safepoint "ICBufferFull", Time since last: 11836739 ns, Reaching safepoint: 2120578 ns, At safepoint: 19001 ns, Total: 2139579 ns
[11.320s][info ][safepoint      ] Safepoint "ICBufferFull", Time since last: 13853813 ns, Reaching safepoint: 4043850 ns, At safepoint: 17501 ns, Total: 4061351 ns
[11.324s][info ][safepoint      ] Safepoint "ICBufferFull", Time since last: 4033749 ns, Reaching safepoint: 171606 ns, At safepoint: 13401 ns, Total: 185007 ns
[11.325s][info ][safepoint      ] Safepoint "ICBufferFull", Time since last: 134805 ns, Reaching safepoint: 155106 ns, At safepoint: 14800 ns, Total: 169906 ns
[11.325s][info ][safepoint      ] Safepoint "ICBufferFull", Time since last: 215208 ns, Reaching safepoint: 105904 ns, At safepoint: 13900 ns, Total: 119804 ns
[11.328s][info ][safepoint      ] Safepoint "ICBufferFull", Time since last: 2253884 ns, Reaching safepoint: 309511 ns, At safepoint: 10901 ns, Total: 320412 ns
[11.332s][info ][safepoint      ] Safepoint "ICBufferFull", Time since last: 1564958 ns, Reaching safepoint: 3180018 ns, At safepoint: 15600 ns, Total: 3195618 ns
[11.344s][info ][safepoint      ] Safepoint "ICBufferFull", Time since last: 4500667 ns, Reaching safepoint: 7430075 ns, At safepoint: 14701 ns, Total: 7444776 ns
[11.351s][info ][safepoint      ] Safepoint "ICBufferFull", Time since last: 6156828 ns, Reaching safepoint: 105204 ns, At safepoint: 13000 ns, Total: 118204 ns
[11.354s][info ][safepoint      ] Safepoint "ICBufferFull", Time since last: 2727401 ns, Reaching safepoint: 180907 ns, At safepoint: 9800 ns, Total: 190707 ns
[11.355s][info ][safepoint      ] Safepoint "ICBufferFull", Time since last: 1207045 ns, Reaching safepoint: 184507 ns, At safepoint: 15900 ns, Total: 200407 ns
[11.355s][info ][safepoint      ] Safepoint "ICBufferFull", Time since last: 55502 ns, Reaching safepoint: 85003 ns, At safepoint: 16501 ns, Total: 101504 ns
[11.355s][info ][safepoint      ] Safepoint "ICBufferFull", Time since last: 39902 ns, Reaching safepoint: 98003 ns, At safepoint: 10401 ns, Total: 108404 ns
[11.357s][info ][safepoint      ] Safepoint "ICBufferFull", Time since last: 1402052 ns, Reaching safepoint: 108204 ns, At safepoint: 8000 ns, Total: 116204 ns
[11.366s][info ][safepoint      ] Safepoint "ICBufferFull", Time since last: 9434549 ns, Reaching safepoint: 122705 ns, At safepoint: 22001 ns, Total: 144706 ns
[11.367s][info ][safepoint      ] Safepoint "ICBufferFull", Time since last: 63902 ns, Reaching safepoint: 89903 ns, At safepoint: 14901 ns, Total: 104804 ns
[11.367s][info ][safepoint      ] Safepoint "ICBufferFull", Time since last: 275110 ns, Reaching safepoint: 97504 ns, At safepoint: 21500 ns, Total: 119004 ns
[11.368s][info ][safepoint      ] Safepoint "ICBufferFull", Time since last: 834931 ns, Reaching safepoint: 109604 ns, At safepoint: 19101 ns, Total: 128705 ns
[11.372s][info ][safepoint      ] Safepoint "ICBufferFull", Time since last: 4286459 ns, Reaching safepoint: 100604 ns, At safepoint: 18900 ns, Total: 119504 ns
[11.372s][info ][safepoint      ] Safepoint "ICBufferFull", Time since last: 69203 ns, Reaching safepoint: 91703 ns, At safepoint: 23801 ns, Total: 115504 ns
[11.379s][info ][safepoint      ] Safepoint "ICBufferFull", Time since last: 6265132 ns, Reaching safepoint: 117005 ns, At safepoint: 21400 ns, Total: 138405 ns
[11.379s][info ][safepoint      ] Safepoint "ICBufferFull", Time since last: 80203 ns, Reaching safepoint: 86104 ns, At safepoint: 18700 ns, Total: 104804 ns
[11.379s][info ][safepoint      ] Safepoint "ICBufferFull", Time since last: 159306 ns, Reaching safepoint: 107904 ns, At safepoint: 22101 ns, Total: 130005 ns
[11.379s][info ][safepoint      ] Safepoint "ICBufferFull", Time since last: 50602 ns, Reaching safepoint: 87903 ns, At safepoint: 16001 ns, Total: 103904 ns
[11.380s][info ][safepoint      ] Safepoint "ICBufferFull", Time since last: 75802 ns, Reaching safepoint: 86404 ns, At safepoint: 15200 ns, Total: 101604 ns
[11.382s][info ][safepoint      ] Safepoint "ICBufferFull", Time since last: 2545995 ns, Reaching safepoint: 119404 ns, At safepoint: 20801 ns, Total: 140205 ns
[11.387s][info ][safepoint      ] Safepoint "ICBufferFull", Time since last: 4935683 ns, Reaching safepoint: 133105 ns, At safepoint: 24700 ns, Total: 157805 ns
[11.390s][info ][safepoint      ] Safepoint "ICBufferFull", Time since last: 2158280 ns, Reaching safepoint: 118605 ns, At safepoint: 25301 ns, Total: 143906 ns
[11.394s][info ][safepoint      ] Safepoint "ICBufferFull", Time since last: 3910445 ns, Reaching safepoint: 128704 ns, At safepoint: 22101 ns, Total: 150805 ns
[11.397s][info ][safepoint      ] Safepoint "ICBufferFull", Time since last: 3300822 ns, Reaching safepoint: 311712 ns, At safepoint: 15901 ns, Total: 327613 ns
[11.409s][info ][safepoint      ] Safepoint "ICBufferFull", Time since last: 8606818 ns, Reaching safepoint: 3193019 ns, At safepoint: 22000 ns, Total: 3215019 ns
[11.412s][info ][safepoint      ] Safepoint "ICBufferFull", Time since last: 2806404 ns, Reaching safepoint: 92504 ns, At safepoint: 18500 ns, Total: 111004 ns
[11.412s][info ][safepoint      ] Safepoint "ICBufferFull", Time since last: 56603 ns, Reaching safepoint: 174006 ns, At safepoint: 24401 ns, Total: 198407 ns
[11.413s][info ][safepoint      ] Safepoint "ICBufferFull", Time since last: 73503 ns, Reaching safepoint: 163206 ns, At safepoint: 20200 ns, Total: 183406 ns
[11.415s][info ][safepoint      ] Safepoint "ICBufferFull", Time since last: 2167381 ns, Reaching safepoint: 115904 ns, At safepoint: 25701 ns, Total: 141605 ns
[11.420s][info ][safepoint      ] Safepoint "ICBufferFull", Time since last: 5185692 ns, Reaching safepoint: 123005 ns, At safepoint: 19400 ns, Total: 142405 ns
[11.421s][info ][safepoint      ] Safepoint "ICBufferFull", Time since last: 302411 ns, Reaching safepoint: 94904 ns, At safepoint: 13901 ns, Total: 108805 ns
[11.423s][info ][safepoint      ] Safepoint "ICBufferFull", Time since last: 2196381 ns, Reaching safepoint: 77803 ns, At safepoint: 23801 ns, Total: 101604 ns
[11.423s][info ][safepoint      ] Safepoint "ICBufferFull", Time since last: 58002 ns, Reaching safepoint: 91003 ns, At safepoint: 18501 ns, Total: 109504 ns
[11.423s][info ][safepoint      ] Safepoint "ICBufferFull", Time since last: 57302 ns, Reaching safepoint: 91603 ns, At safepoint: 18601 ns, Total: 110204 ns
[11.427s][info ][safepoint      ] Safepoint "ICBufferFull", Time since last: 3403326 ns, Reaching safepoint: 115804 ns, At safepoint: 15601 ns, Total: 131405 ns
[11.428s][info ][safepoint      ] Safepoint "ICBufferFull", Time since last: 761428 ns, Reaching safepoint: 105804 ns, At safepoint: 16701 ns, Total: 122505 ns
[11.429s][info ][safepoint      ] Safepoint "ICBufferFull", Time since last: 1076540 ns, Reaching safepoint: 106704 ns, At safepoint: 16600 ns, Total: 123304 ns
[11.431s][info ][safepoint      ] Safepoint "ICBufferFull", Time since last: 1897670 ns, Reaching safepoint: 114205 ns, At safepoint: 16400 ns, Total: 130605 ns
[11.434s][info ][safepoint      ] Safepoint "ICBufferFull", Time since last: 2449291 ns, Reaching safepoint: 125605 ns, At safepoint: 17300 ns, Total: 142905 ns
[11.436s][info ][safepoint      ] Safepoint "ICBufferFull", Time since last: 56202 ns, Reaching safepoint: 2123379 ns, At safepoint: 24901 ns, Total: 2148280 ns
[11.436s][info ][safepoint      ] Safepoint "ICBufferFull", Time since last: 504019 ns, Reaching safepoint: 99703 ns, At safepoint: 24901 ns, Total: 124604 ns
[11.437s][info ][safepoint      ] Safepoint "ICBufferFull", Time since last: 43502 ns, Reaching safepoint: 91703 ns, At safepoint: 20101 ns, Total: 111804 ns
[11.441s][info ][safepoint      ] Safepoint "ICBufferFull", Time since last: 4350661 ns, Reaching safepoint: 118805 ns, At safepoint: 17300 ns, Total: 136105 ns
[11.441s][info ][safepoint      ] Safepoint "ICBufferFull", Time since last: 86603 ns, Reaching safepoint: 85604 ns, At safepoint: 24800 ns, Total: 110404 ns
[11.443s][info ][safepoint      ] Safepoint "ICBufferFull", Time since last: 1903471 ns, Reaching safepoint: 105804 ns, At safepoint: 32901 ns, Total: 138705 ns
[11.444s][info ][safepoint      ] Safepoint "ICBufferFull", Time since last: 362414 ns, Reaching safepoint: 89603 ns, At safepoint: 24601 ns, Total: 114204 ns
[11.444s][info ][safepoint      ] Safepoint "ICBufferFull", Time since last: 31001 ns, Reaching safepoint: 90003 ns, At safepoint: 26301 ns, Total: 116304 ns
[11.445s][info ][safepoint      ] Safepoint "ICBufferFull", Time since last: 901534 ns, Reaching safepoint: 100403 ns, At safepoint: 25601 ns, Total: 126004 ns
[11.448s][info ][safepoint      ] Safepoint "ICBufferFull", Time since last: 3188218 ns, Reaching safepoint: 113605 ns, At safepoint: 20900 ns, Total: 134505 ns
[11.448s][info ][safepoint      ] Safepoint "ICBufferFull", Time since last: 68003 ns, Reaching safepoint: 89803 ns, At safepoint: 22201 ns, Total: 112004 ns
[11.452s][info ][safepoint      ] Safepoint "ICBufferFull", Time since last: 3694237 ns, Reaching safepoint: 73003 ns, At safepoint: 15800 ns, Total: 88803 ns
[11.456s][info ][safepoint      ] Safepoint "ICBufferFull", Time since last: 3667736 ns, Reaching safepoint: 115404 ns, At safepoint: 24701 ns, Total: 140105 ns
[11.456s][info ][safepoint      ] Safepoint "ICBufferFull", Time since last: 148806 ns, Reaching safepoint: 86903 ns, At safepoint: 25701 ns, Total: 112604 ns
[11.461s][info ][safepoint      ] Safepoint "ICBufferFull", Time since last: 4706674 ns, Reaching safepoint: 113504 ns, At safepoint: 12701 ns, Total: 126205 ns
[11.461s][info ][safepoint      ] Safepoint "ICBufferFull", Time since last: 184807 ns, Reaching safepoint: 103404 ns, At safepoint: 19400 ns, Total: 122804 ns
[11.462s][info ][safepoint      ] Safepoint "ICBufferFull", Time since last: 265510 ns, Reaching safepoint: 101904 ns, At safepoint: 20201 ns, Total: 122105 ns
[11.462s][info ][safepoint      ] Safepoint "ICBufferFull", Time since last: 40401 ns, Reaching safepoint: 92404 ns, At safepoint: 18500 ns, Total: 110904 ns
[11.468s][info ][safepoint      ] Safepoint "ICBufferFull", Time since last: 6150428 ns, Reaching safepoint: 118404 ns, At safepoint: 14701 ns, Total: 133105 ns
[11.472s][info ][safepoint      ] Safepoint "ICBufferFull", Time since last: 3866943 ns, Reaching safepoint: 108904 ns, At safepoint: 19201 ns, Total: 128105 ns
[11.474s][info ][safepoint      ] Safepoint "ICBufferFull", Time since last: 1614160 ns, Reaching safepoint: 99503 ns, At safepoint: 17201 ns, Total: 116704 ns
[11.475s][info ][safepoint      ] Safepoint "ICBufferFull", Time since last: 1103141 ns, Reaching safepoint: 112004 ns, At safepoint: 24401 ns, Total: 136405 ns
[11.477s][info ][safepoint      ] Safepoint "ICBufferFull", Time since last: 1346550 ns, Reaching safepoint: 752928 ns, At safepoint: 26601 ns, Total: 779529 ns
[11.481s][info ][safepoint      ] Safepoint "ICBufferFull", Time since last: 3058213 ns, Reaching safepoint: 113804 ns, At safepoint: 25001 ns, Total: 138805 ns
[11.481s][info ][safepoint      ] Safepoint "ICBufferFull", Time since last: 58702 ns, Reaching safepoint: 85903 ns, At safepoint: 20801 ns, Total: 106704 ns
[11.485s][info ][safepoint      ] Safepoint "ICBufferFull", Time since last: 2248084 ns, Reaching safepoint: 2132579 ns, At safepoint: 29601 ns, Total: 2162180 ns
[11.485s][info ][safepoint      ] Safepoint "ICBufferFull", Time since last: 79103 ns, Reaching safepoint: 98803 ns, At safepoint: 23201 ns, Total: 122004 ns
[11.487s][info ][safepoint      ] Safepoint "ICBufferFull", Time since last: 1497256 ns, Reaching safepoint: 98103 ns, At safepoint: 19501 ns, Total: 117604 ns
[11.487s][info ][safepoint      ] Safepoint "ICBufferFull", Time since last: 49002 ns, Reaching safepoint: 91703 ns, At safepoint: 93804 ns, Total: 185507 ns
[11.493s][info ][safepoint      ] Safepoint "ICBufferFull", Time since last: 6066024 ns, Reaching safepoint: 111404 ns, At safepoint: 21801 ns, Total: 133205 ns
[11.494s][info ][safepoint      ] Safepoint "ICBufferFull", Time since last: 72003 ns, Reaching safepoint: 91603 ns, At safepoint: 25101 ns, Total: 116704 ns
[11.497s][info ][safepoint      ] Safepoint "ICBufferFull", Time since last: 3539531 ns, Reaching safepoint: 111904 ns, At safepoint: 21501 ns, Total: 133405 ns
[11.499s][info ][safepoint      ] Safepoint "ICBufferFull", Time since last: 1447954 ns, Reaching safepoint: 124504 ns, At safepoint: 22101 ns, Total: 146605 ns
[11.501s][info ][safepoint      ] Safepoint "ICBufferFull", Time since last: 1620960 ns, Reaching safepoint: 118605 ns, At safepoint: 23801 ns, Total: 142406 ns
[11.503s][info ][safepoint      ] Safepoint "ICBufferFull", Time since last: 1763565 ns, Reaching safepoint: 113304 ns, At safepoint: 20201 ns, Total: 133505 ns
[11.505s][info ][safepoint      ] Safepoint "ICBufferFull", Time since last: 353813 ns, Reaching safepoint: 2149180 ns, At safepoint: 31901 ns, Total: 2181081 ns
[11.512s][info ][safepoint      ] Safepoint "ICBufferFull", Time since last: 7158265 ns, Reaching safepoint: 128505 ns, At safepoint: 27601 ns, Total: 156106 ns
[11.515s][info ][safepoint      ] Safepoint "ICBufferFull", Time since last: 2237883 ns, Reaching safepoint: 123804 ns, At safepoint: 19101 ns, Total: 142905 ns
[11.522s][info ][safepoint      ] Safepoint "ICBufferFull", Time since last: 7528179 ns, Reaching safepoint: 119504 ns, At safepoint: 24401 ns, Total: 143905 ns
[11.523s][info ][safepoint      ] Safepoint "ICBufferFull", Time since last: 84103 ns, Reaching safepoint: 98004 ns, At safepoint: 22201 ns, Total: 120205 ns
[11.523s][info ][safepoint      ] Safepoint "ICBufferFull", Time since last: 49801 ns, Reaching safepoint: 89504 ns, At safepoint: 16000 ns, Total: 105504 ns
[11.527s][info ][safepoint      ] Safepoint "ICBufferFull", Time since last: 4360562 ns, Reaching safepoint: 112704 ns, At safepoint: 23201 ns, Total: 135905 ns
[11.528s][info ][safepoint      ] Safepoint "ICBufferFull", Time since last: 359613 ns, Reaching safepoint: 95204 ns, At safepoint: 20801 ns, Total: 116005 ns
[11.528s][info ][safepoint      ] Safepoint "ICBufferFull", Time since last: 43401 ns, Reaching safepoint: 95804 ns, At safepoint: 20700 ns, Total: 116504 ns
[11.531s][info ][safepoint      ] Safepoint "ICBufferFull", Time since last: 3366925 ns, Reaching safepoint: 110604 ns, At safepoint: 15801 ns, Total: 126405 ns
[11.532s][info ][safepoint      ] Safepoint "ICBufferFull", Time since last: 68202 ns, Reaching safepoint: 96104 ns, At safepoint: 16201 ns, Total: 112305 ns
[11.536s][info ][safepoint      ] Safepoint "ICBufferFull", Time since last: 4587169 ns, Reaching safepoint: 99304 ns, At safepoint: 21901 ns, Total: 121205 ns
[11.537s][info ][safepoint      ] Safepoint "ICBufferFull", Time since last: 818930 ns, Reaching safepoint: 109604 ns, At safepoint: 18401 ns, Total: 128005 ns
[11.541s][info ][safepoint      ] Safepoint "ICBufferFull", Time since last: 3169417 ns, Reaching safepoint: 104004 ns, At safepoint: 20601 ns, Total: 124605 ns
[11.544s][info ][safepoint      ] Safepoint "ICBufferFull", Time since last: 2992111 ns, Reaching safepoint: 118104 ns, At safepoint: 19101 ns, Total: 137205 ns
[11.548s][info ][safepoint      ] Safepoint "ICBufferFull", Time since last: 4473266 ns, Reaching safepoint: 105203 ns, At safepoint: 16101 ns, Total: 121304 ns
[11.548s][info ][safepoint      ] Safepoint "ICBufferFull", Time since last: 97604 ns, Reaching safepoint: 99403 ns, At safepoint: 19701 ns, Total: 119104 ns
[11.549s][info ][safepoint      ] Safepoint "ICBufferFull", Time since last: 48502 ns, Reaching safepoint: 105604 ns, At safepoint: 26501 ns, Total: 132105 ns
[11.549s][info ][safepoint      ] Safepoint "ICBufferFull", Time since last: 148305 ns, Reaching safepoint: 90804 ns, At safepoint: 20300 ns, Total: 111104 ns
[11.551s][info ][safepoint      ] Safepoint "ICBufferFull", Time since last: 2193682 ns, Reaching safepoint: 118404 ns, At safepoint: 26301 ns, Total: 144705 ns
[11.561s][info ][safepoint      ] Safepoint "ICBufferFull", Time since last: 2279684 ns, Reaching safepoint: 7463877 ns, At safepoint: 27501 ns, Total: 7491378 ns
[11.562s][info ][safepoint      ] Safepoint "ICBufferFull", Time since last: 729527 ns, Reaching safepoint: 520819 ns, At safepoint: 18001 ns, Total: 538820 ns
[11.567s][info ][safepoint      ] Safepoint "ICBufferFull", Time since last: 4855080 ns, Reaching safepoint: 107104 ns, At safepoint: 25301 ns, Total: 132405 ns
[11.567s][info ][safepoint      ] Safepoint "ICBufferFull", Time since last: 79103 ns, Reaching safepoint: 87703 ns, At safepoint: 22601 ns, Total: 110304 ns
[11.570s][info ][safepoint      ] Safepoint "ICBufferFull", Time since last: 2403289 ns, Reaching safepoint: 110204 ns, At safepoint: 19600 ns, Total: 129804 ns
[11.572s][info ][safepoint      ] Safepoint "ICBufferFull", Time since last: 2155280 ns, Reaching safepoint: 80603 ns, At safepoint: 23401 ns, Total: 104004 ns
[11.572s][info ][safepoint      ] Safepoint "ICBufferFull", Time since last: 72703 ns, Reaching safepoint: 88903 ns, At safepoint: 21701 ns, Total: 110604 ns
[11.580s][info ][safepoint      ] Safepoint "ICBufferFull", Time since last: 6937757 ns, Reaching safepoint: 136305 ns, At safepoint: 21401 ns, Total: 157706 ns
[11.587s][info ][safepoint      ] Safepoint "ICBufferFull", Time since last: 7207167 ns, Reaching safepoint: 107804 ns, At safepoint: 17300 ns, Total: 125104 ns
[11.592s][info ][safepoint      ] Safepoint "ICBufferFull", Time since last: 5030787 ns, Reaching safepoint: 119704 ns, At safepoint: 22801 ns, Total: 142505 ns
[11.593s][info ][safepoint      ] Safepoint "ICBufferFull", Time since last: 637024 ns, Reaching safepoint: 69402 ns, At safepoint: 23301 ns, Total: 92703 ns
[11.596s][info ][safepoint      ] Safepoint "ICBufferFull", Time since last: 3401826 ns, Reaching safepoint: 91203 ns, At safepoint: 22501 ns, Total: 113704 ns
[11.597s][info ][safepoint      ] Safepoint "ICBufferFull", Time since last: 76803 ns, Reaching safepoint: 111304 ns, At safepoint: 26101 ns, Total: 137405 ns
[11.597s][info ][safepoint      ] Safepoint "ICBufferFull", Time since last: 65403 ns, Reaching safepoint: 87303 ns, At safepoint: 23401 ns, Total: 110704 ns
[11.599s][info ][safepoint      ] Safepoint "ICBufferFull", Time since last: 2046575 ns, Reaching safepoint: 119005 ns, At safepoint: 20201 ns, Total: 139206 ns
[11.599s][info ][safepoint      ] Safepoint "ICBufferFull", Time since last: 88403 ns, Reaching safepoint: 195507 ns, At safepoint: 34001 ns, Total: 229508 ns
[11.600s][info ][safepoint      ] Safepoint "ICBufferFull", Time since last: 349113 ns, Reaching safepoint: 743228 ns, At safepoint: 27801 ns, Total: 771029 ns
[11.601s][info ][safepoint      ] Safepoint "ICBufferFull", Time since last: 834131 ns, Reaching safepoint: 91903 ns, At safepoint: 17201 ns, Total: 109104 ns
[11.601s][info ][safepoint      ] Safepoint "ICBufferFull", Time since last: 37301 ns, Reaching safepoint: 87203 ns, At safepoint: 20901 ns, Total: 108104 ns
[11.602s][info ][safepoint      ] Safepoint "ICBufferFull", Time since last: 836331 ns, Reaching safepoint: 103404 ns, At safepoint: 22901 ns, Total: 126305 ns
[11.603s][info ][safepoint      ] Safepoint "ICBufferFull", Time since last: 55702 ns, Reaching safepoint: 88803 ns, At safepoint: 20001 ns, Total: 108804 ns
[11.612s][info ][safepoint      ] Safepoint "ICBufferFull", Time since last: 9656058 ns, Reaching safepoint: 126504 ns, At safepoint: 18801 ns, Total: 145305 ns
[11.616s][info ][safepoint      ] Safepoint "ICBufferFull", Time since last: 3853743 ns, Reaching safepoint: 117804 ns, At safepoint: 24601 ns, Total: 142405 ns
[11.617s][info ][safepoint      ] Safepoint "ICBufferFull", Time since last: 98204 ns, Reaching safepoint: 101803 ns, At safepoint: 18101 ns, Total: 119904 ns
[11.618s][info ][safepoint      ] Safepoint "ICBufferFull", Time since last: 1011238 ns, Reaching safepoint: 96803 ns, At safepoint: 18701 ns, Total: 115504 ns
[11.618s][info ][safepoint      ] Safepoint "ICBufferFull", Time since last: 42001 ns, Reaching safepoint: 70303 ns, At safepoint: 25701 ns, Total: 96004 ns
[11.624s][info ][safepoint      ] Safepoint "ICBufferFull", Time since last: 3403626 ns, Reaching safepoint: 3189218 ns, At safepoint: 14101 ns, Total: 3203319 ns
[11.625s][info ][safepoint      ] Safepoint "ICBufferFull", Time since last: 95603 ns, Reaching safepoint: 95504 ns, At safepoint: 23001 ns, Total: 118505 ns
[11.625s][info ][safepoint      ] Safepoint "ICBufferFull", Time since last: 57502 ns, Reaching safepoint: 90803 ns, At safepoint: 24001 ns, Total: 114804 ns
[11.625s][info ][safepoint      ] Safepoint "ICBufferFull", Time since last: 63102 ns, Reaching safepoint: 92304 ns, At safepoint: 16900 ns, Total: 109204 ns
[11.625s][info ][safepoint      ] Safepoint "ICBufferFull", Time since last: 223609 ns, Reaching safepoint: 95303 ns, At safepoint: 23201 ns, Total: 118504 ns
[11.625s][info ][safepoint      ] Safepoint "ICBufferFull", Time since last: 39902 ns, Reaching safepoint: 93103 ns, At safepoint: 19601 ns, Total: 112704 ns
[11.626s][info ][safepoint      ] Safepoint "ICBufferFull", Time since last: 856831 ns, Reaching safepoint: 105204 ns, At safepoint: 18001 ns, Total: 123205 ns
[11.628s][info ][safepoint      ] Safepoint "ICBufferFull", Time since last: 1746365 ns, Reaching safepoint: 95403 ns, At safepoint: 23601 ns, Total: 119004 ns
[11.633s][info ][safepoint      ] Safepoint "ICBufferFull", Time since last: 5008786 ns, Reaching safepoint: 125404 ns, At safepoint: 22601 ns, Total: 148005 ns
[11.636s][info ][safepoint      ] Safepoint "ICBufferFull", Time since last: 2549395 ns, Reaching safepoint: 98903 ns, At safepoint: 25601 ns, Total: 124504 ns
[11.636s][info ][safepoint      ] Safepoint "ICBufferFull", Time since last: 94404 ns, Reaching safepoint: 88803 ns, At safepoint: 24401 ns, Total: 113204 ns
[11.637s][info ][safepoint      ] Safepoint "ICBufferFull", Time since last: 81003 ns, Reaching safepoint: 89503 ns, At safepoint: 24901 ns, Total: 114404 ns
[11.645s][info ][safepoint      ] Safepoint "ICBufferFull", Time since last: 8200504 ns, Reaching safepoint: 95903 ns, At safepoint: 12301 ns, Total: 108204 ns
[11.645s][info ][safepoint      ] Safepoint "ICBufferFull", Time since last: 105904 ns, Reaching safepoint: 85903 ns, At safepoint: 19201 ns, Total: 105104 ns
[11.645s][info ][safepoint      ] Safepoint "ICBufferFull", Time since last: 63702 ns, Reaching safepoint: 85803 ns, At safepoint: 21901 ns, Total: 107704 ns
[11.645s][info ][safepoint      ] Safepoint "ICBufferFull", Time since last: 143705 ns, Reaching safepoint: 66903 ns, At safepoint: 26801 ns, Total: 93704 ns
[11.646s][info ][safepoint      ] Safepoint "ICBufferFull", Time since last: 42101 ns, Reaching safepoint: 94204 ns, At safepoint: 21201 ns, Total: 115405 ns
[11.646s][info ][safepoint      ] Safepoint "ICBufferFull", Time since last: 32701 ns, Reaching safepoint: 102004 ns, At safepoint: 27401 ns, Total: 129405 ns
[11.647s][info ][safepoint      ] Safepoint "ICBufferFull", Time since last: 1372850 ns, Reaching safepoint: 101104 ns, At safepoint: 18601 ns, Total: 119705 ns
[11.652s][info ][safepoint      ] Safepoint "ICBufferFull", Time since last: 4920982 ns, Reaching safepoint: 101304 ns, At safepoint: 24701 ns, Total: 126005 ns
[11.653s][info ][safepoint      ] Safepoint "ICBufferFull", Time since last: 105804 ns, Reaching safepoint: 101003 ns, At safepoint: 24801 ns, Total: 125804 ns
[11.655s][info ][safepoint      ] Safepoint "ICBufferFull", Time since last: 2323086 ns, Reaching safepoint: 127305 ns, At safepoint: 12201 ns, Total: 139506 ns
[11.660s][info ][safepoint      ] Safepoint "ICBufferFull", Time since last: 5140590 ns, Reaching safepoint: 120204 ns, At safepoint: 10601 ns, Total: 130805 ns
[11.662s][info ][safepoint      ] Safepoint "ICBufferFull", Time since last: 1344850 ns, Reaching safepoint: 94503 ns, At safepoint: 24401 ns, Total: 118904 ns
[11.662s][info ][safepoint      ] Safepoint "ICBufferFull", Time since last: 37901 ns, Reaching safepoint: 88004 ns, At safepoint: 19200 ns, Total: 107204 ns
[11.664s][info ][safepoint      ] Safepoint "ICBufferFull", Time since last: 2255184 ns, Reaching safepoint: 115504 ns, At safepoint: 61003 ns, Total: 176507 ns
[11.665s][info ][safepoint      ] Safepoint "ICBufferFull", Time since last: 326212 ns, Reaching safepoint: 104103 ns, At safepoint: 19701 ns, Total: 123804 ns
[11.668s][info ][safepoint      ] Safepoint "ICBufferFull", Time since last: 3406426 ns, Reaching safepoint: 110904 ns, At safepoint: 22901 ns, Total: 133805 ns
[11.672s][info ][safepoint      ] Safepoint "ICBufferFull", Time since last: 3834742 ns, Reaching safepoint: 106204 ns, At safepoint: 26301 ns, Total: 132505 ns
[11.674s][info ][safepoint      ] Safepoint "ICBufferFull", Time since last: 1385652 ns, Reaching safepoint: 84703 ns, At safepoint: 29101 ns, Total: 113804 ns
[11.674s][info ][safepoint      ] Safepoint "ICBufferFull", Time since last: 83303 ns, Reaching safepoint: 86503 ns, At safepoint: 22301 ns, Total: 108804 ns
[11.674s][info ][safepoint      ] Safepoint "ICBufferFull", Time since last: 117204 ns, Reaching safepoint: 84603 ns, At safepoint: 13701 ns, Total: 98304 ns
[11.674s][info ][safepoint      ] Safepoint "ICBufferFull", Time since last: 85003 ns, Reaching safepoint: 105704 ns, At safepoint: 20201 ns, Total: 125905 ns
[11.677s][info ][safepoint      ] Safepoint "ICBufferFull", Time since last: 2175980 ns, Reaching safepoint: 63203 ns, At safepoint: 29201 ns, Total: 92404 ns
[11.677s][info ][safepoint      ] Safepoint "ICBufferFull", Time since last: 64402 ns, Reaching safepoint: 96304 ns, At safepoint: 26101 ns, Total: 122405 ns
[11.677s][info ][safepoint      ] Safepoint "ICBufferFull", Time since last: 43301 ns, Reaching safepoint: 95404 ns, At safepoint: 24801 ns, Total: 120205 ns
[11.677s][info ][safepoint      ] Safepoint "ICBufferFull", Time since last: 83303 ns, Reaching safepoint: 69802 ns, At safepoint: 25301 ns, Total: 95103 ns
[11.677s][info ][safepoint      ] Safepoint "ICBufferFull", Time since last: 64903 ns, Reaching safepoint: 98303 ns, At safepoint: 18301 ns, Total: 116604 ns
[11.678s][info ][safepoint      ] Safepoint "ICBufferFull", Time since last: 911334 ns, Reaching safepoint: 106804 ns, At safepoint: 8200 ns, Total: 115004 ns
[11.679s][info ][safepoint      ] Safepoint "ICBufferFull", Time since last: 54602 ns, Reaching safepoint: 86103 ns, At safepoint: 22301 ns, Total: 108404 ns
[11.679s][info ][safepoint      ] Safepoint "ICBufferFull", Time since last: 58902 ns, Reaching safepoint: 87004 ns, At safepoint: 24700 ns, Total: 111704 ns
[11.680s][info ][safepoint      ] Safepoint "ICBufferFull", Time since last: 1505156 ns, Reaching safepoint: 176607 ns, At safepoint: 18500 ns, Total: 195107 ns
[11.681s][info ][safepoint      ] Safepoint "ICBufferFull", Time since last: 90304 ns, Reaching safepoint: 102904 ns, At safepoint: 19800 ns, Total: 122704 ns
[11.682s][info ][safepoint      ] Safepoint "ICBufferFull", Time since last: 1066440 ns, Reaching safepoint: 58602 ns, At safepoint: 24201 ns, Total: 82803 ns
[11.684s][info ][safepoint      ] Safepoint "ICBufferFull", Time since last: 2342387 ns, Reaching safepoint: 110704 ns, At safepoint: 24701 ns, Total: 135405 ns
[11.684s][info ][safepoint      ] Safepoint "ICBufferFull", Time since last: 44101 ns, Reaching safepoint: 96804 ns, At safepoint: 19601 ns, Total: 116405 ns
[11.690s][info ][safepoint      ] Safepoint "ICBufferFull", Time since last: 4915482 ns, Reaching safepoint: 112304 ns, At safepoint: 24901 ns, Total: 137205 ns
[11.692s][info ][safepoint      ] Safepoint "ICBufferFull", Time since last: 2664998 ns, Reaching safepoint: 111905 ns, At safepoint: 44001 ns, Total: 155906 ns
[11.693s][info ][safepoint      ] Safepoint "ICBufferFull", Time since last: 373614 ns, Reaching safepoint: 98304 ns, At safepoint: 28201 ns, Total: 126505 ns
[11.693s][info ][gc,start       ] GC(8) Pause Young (Allocation Failure)
[11.945s][debug][gc,phases      ] GC(8) Scavenge 252.028ms
[11.945s][debug][gc,ref         ] GC(8) Skipped phase 1 of Reference Processing: no references
[11.945s][debug][gc,ref         ] GC(8) ReferenceProcessor::execute queues: 1, RefProcThreadModel::Single, marks_oops_alive: false
[11.945s][debug][gc,ref         ] GC(8) Skipped phase 3 of Reference Processing: no references
[11.945s][debug][gc,ref         ] GC(8) ReferenceProcessor::execute queues: 1, RefProcThreadModel::Single, marks_oops_alive: false
[11.945s][debug][gc,phases      ] GC(8) Reference Processing 0.149ms
[11.946s][debug][gc,phases      ] GC(8)   VM Weak                        Min:  0.0, Avg:  0.0, Max:  0.0, Diff:  0.0, Sum:  0.0, Workers: 4
[11.946s][debug][gc,phases      ] GC(8)     Dead                           Min: 0, Avg:  0.0, Max: 0, Diff: 0, Sum: 0, Workers: 4
[11.946s][debug][gc,phases      ] GC(8)     Total                          Min: 39, Avg: 153.8, Max: 384, Diff: 345, Sum: 615, Workers: 4
[11.946s][debug][gc,phases      ] GC(8)   ObjectSynchronizer Weak        Min:  0.0, Avg:  0.0, Max:  0.0, Diff:  0.0, Sum:  0.0, Workers: 4
[11.946s][debug][gc,phases      ] GC(8)     Dead                           Min: 0, Avg:  0.0, Max: 0, Diff: 0, Sum: 0, Workers: 4
[11.946s][debug][gc,phases      ] GC(8)     Total                          Min: 0, Avg: 16.8, Max: 64, Diff: 64, Sum: 67, Workers: 4
[11.946s][debug][gc,phases      ] GC(8)   JVMTI Tag Weak OopStorage      Min:  0.0, Avg:  0.0, Max:  0.0, Diff:  0.0, Sum:  0.0, Workers: 4
[11.946s][debug][gc,phases      ] GC(8)     Dead                           Min: 0, Avg:  0.0, Max: 0, Diff: 0, Sum: 0, Workers: 4
[11.946s][debug][gc,phases      ] GC(8)     Total                          Min: 0, Avg:  0.0, Max: 0, Diff: 0, Sum: 0, Workers: 4
[11.946s][debug][gc,phases      ] GC(8)   StringTable Weak               Min:  0.4, Avg:  0.4, Max:  0.4, Diff:  0.0, Sum:  1.5, Workers: 4
[11.946s][debug][gc,phases      ] GC(8)     Dead                           Min: 0, Avg:  3.2, Max: 12, Diff: 12, Sum: 13, Workers: 4
[11.946s][debug][gc,phases      ] GC(8)     Total                          Min: 8768, Avg: 10945.2, Max: 14405, Diff: 5637, Sum: 43781, Workers: 4
[11.946s][debug][gc,phases      ] GC(8)   ResolvedMethodTable Weak       Min:  0.1, Avg:  0.1, Max:  0.1, Diff:  0.0, Sum:  0.3, Workers: 4
[11.946s][debug][gc,phases      ] GC(8)     Dead                           Min: 0, Avg:  0.0, Max: 0, Diff: 0, Sum: 0, Workers: 4
[11.946s][debug][gc,phases      ] GC(8)     Total                          Min: 1408, Avg: 1795.5, Max: 2752, Diff: 1344, Sum: 7182, Workers: 4
[11.946s][debug][gc,phases      ] GC(8)   JNI Weak                       Min:  0.0, Avg:  0.0, Max:  0.0, Diff:  0.0, Sum:  0.0, Workers: 4
[11.946s][debug][gc,phases      ] GC(8)     Dead                           Min: 0, Avg:  0.0, Max: 0, Diff: 0, Sum: 0, Workers: 4
[11.946s][debug][gc,phases      ] GC(8)     Total                          Min: 0, Avg:  6.0, Max: 24, Diff: 24, Sum: 24, Workers: 4
[11.946s][debug][gc,phases      ] GC(8)   StringDedup Table Weak         Min:  0.0, Avg:  0.0, Max:  0.0, Diff:  0.0, Sum:  0.0, Workers: 4
[11.946s][debug][gc,phases      ] GC(8)     Dead                           Min: 0, Avg:  0.0, Max: 0, Diff: 0, Sum: 0, Workers: 4
[11.946s][debug][gc,phases      ] GC(8)     Total                          Min: 0, Avg:  0.0, Max: 0, Diff: 0, Sum: 0, Workers: 4
[11.946s][debug][gc,phases      ] GC(8)   StringDedup Requests0 Weak     Min:  0.0, Avg:  0.0, Max:  0.0, Diff:  0.0, Sum:  0.0, Workers: 4
[11.946s][debug][gc,phases      ] GC(8)     Dead                           Min: 0, Avg:  0.0, Max: 0, Diff: 0, Sum: 0, Workers: 4
[11.946s][debug][gc,phases      ] GC(8)     Total                          Min: 0, Avg:  0.0, Max: 0, Diff: 0, Sum: 0, Workers: 4
[11.946s][debug][gc,phases      ] GC(8)   StringDedup Requests1 Weak     Min:  0.0, Avg:  0.0, Max:  0.0, Diff:  0.0, Sum:  0.0, Workers: 4
[11.946s][debug][gc,phases      ] GC(8)     Dead                           Min: 0, Avg:  0.0, Max: 0, Diff: 0, Sum: 0, Workers: 4
[11.946s][debug][gc,phases      ] GC(8)     Total                          Min: 0, Avg:  0.0, Max: 0, Diff: 0, Sum: 0, Workers: 4
[11.946s][debug][gc,phases      ] GC(8)   Weak JFR Old Object Samples    Min:  0.0, Avg:  0.0, Max:  0.0, Diff:  0.0, Sum:  0.0, Workers: 4
[11.946s][debug][gc,phases      ] GC(8)     Dead                           Min: 0, Avg:  0.0, Max: 0, Diff: 0, Sum: 0, Workers: 4
[11.946s][debug][gc,phases      ] GC(8)     Total                          Min: 0, Avg:  0.0, Max: 0, Diff: 0, Sum: 0, Workers: 4
[11.946s][debug][gc,phases      ] GC(8) Weak Processing 0.652ms
[11.946s][debug][gc,age         ] GC(8) Desired survivor size 536870912 bytes, new threshold 7 (max threshold 15)
[11.946s][info ][gc,heap        ] GC(8) PSYoungGen: 1567049K(1572864K)->524269K(1572864K) Eden: 1048576K(1048576K)->0K(1048576K) From: 518473K(524288K)->524269K(524288K)
[11.946s][info ][gc,heap        ] GC(8) ParOldGen: 119366K(256000K)->124110K(256000K)
[11.946s][info ][gc,metaspace   ] GC(8) Metaspace: 69361K(70144K)->69361K(70144K) NonClass: 59139K(59584K)->59139K(59584K) Class: 10222K(10560K)->10222K(10560K)
[11.946s][info ][gc             ] GC(8) Pause Young (Allocation Failure) 1646M->633M(1786M) 252.953ms
[11.946s][info ][gc,cpu         ] GC(8) User=0.73s Sys=0.26s Real=0.25s
[11.946s][info ][safepoint      ] Safepoint "ParallelGCFailedAllocation", Time since last: 190907 ns, Reaching safepoint: 104504 ns, At safepoint: 253066373 ns, Total: 253170877 ns
[11.949s][info ][safepoint      ] Safepoint "ICBufferFull", Time since last: 2703900 ns, Reaching safepoint: 193808 ns, At safepoint: 21600 ns, Total: 215408 ns
[11.950s][info ][safepoint      ] Safepoint "ICBufferFull", Time since last: 972436 ns, Reaching safepoint: 108404 ns, At safepoint: 21801 ns, Total: 130205 ns
[11.961s][info ][safepoint      ] Safepoint "ICBufferFull", Time since last: 6038124 ns, Reaching safepoint: 4294759 ns, At safepoint: 31401 ns, Total: 4326160 ns
[11.977s][info ][safepoint      ] Safepoint "ICBufferFull", Time since last: 1365551 ns, Reaching safepoint: 15281766 ns, At safepoint: 35001 ns, Total: 15316767 ns
[11.997s][info ][safepoint      ] Safepoint "ICBufferFull", Time since last: 10875303 ns, Reaching safepoint: 9274543 ns, At safepoint: 21501 ns, Total: 9296044 ns
[12.020s][info ][safepoint      ] Safepoint "ICBufferFull", Time since last: 8851028 ns, Reaching safepoint: 13703207 ns, At safepoint: 25001 ns, Total: 13728208 ns
[12.057s][info ][safepoint      ] Safepoint "ICBufferFull", Time since last: 26687789 ns, Reaching safepoint: 10067173 ns, At safepoint: 14100 ns, Total: 10081273 ns
[12.076s][info ][safepoint      ] Safepoint "ICBufferFull", Time since last: 7359873 ns, Reaching safepoint: 11979544 ns, At safepoint: 29201 ns, Total: 12008745 ns
[12.093s][info ][safepoint      ] Safepoint "ICBufferFull", Time since last: 12020145 ns, Reaching safepoint: 5187492 ns, At safepoint: 15501 ns, Total: 5202993 ns
[12.096s][info ][safepoint      ] Safepoint "ICBufferFull", Time since last: 2816204 ns, Reaching safepoint: 99104 ns, At safepoint: 13500 ns, Total: 112604 ns
[12.097s][info ][safepoint      ] Safepoint "ICBufferFull", Time since last: 289411 ns, Reaching safepoint: 708526 ns, At safepoint: 22801 ns, Total: 731327 ns
[12.097s][info ][safepoint      ] Safepoint "ICBufferFull", Time since last: 36601 ns, Reaching safepoint: 87004 ns, At safepoint: 20900 ns, Total: 107904 ns
[12.099s][info ][safepoint      ] Safepoint "ICBufferFull", Time since last: 1131842 ns, Reaching safepoint: 159406 ns, At safepoint: 24301 ns, Total: 183707 ns
[12.099s][info ][safepoint      ] Safepoint "ICBufferFull", Time since last: 73103 ns, Reaching safepoint: 150305 ns, At safepoint: 22101 ns, Total: 172406 ns
[12.100s][info ][safepoint      ] Safepoint "ICBufferFull", Time since last: 1052439 ns, Reaching safepoint: 101504 ns, At safepoint: 18301 ns, Total: 119805 ns
[12.101s][info ][safepoint      ] Safepoint "ICBufferFull", Time since last: 161706 ns, Reaching safepoint: 769828 ns, At safepoint: 24001 ns, Total: 793829 ns
[12.105s][info ][safepoint      ] Safepoint "ICBufferFull", Time since last: 422016 ns, Reaching safepoint: 3169417 ns, At safepoint: 21501 ns, Total: 3190918 ns
[12.112s][info ][safepoint      ] Safepoint "ICBufferFull", Time since last: 7033560 ns, Reaching safepoint: 122905 ns, At safepoint: 7600 ns, Total: 130505 ns
[12.112s][info ][safepoint      ] Safepoint "ICBufferFull", Time since last: 141305 ns, Reaching safepoint: 67103 ns, At safepoint: 8200 ns, Total: 75303 ns
[12.113s][info ][safepoint      ] Safepoint "ICBufferFull", Time since last: 905834 ns, Reaching safepoint: 119304 ns, At safepoint: 16201 ns, Total: 135505 ns
[12.113s][info ][safepoint      ] Safepoint "ICBufferFull", Time since last: 47201 ns, Reaching safepoint: 86904 ns, At safepoint: 13000 ns, Total: 99904 ns
[12.118s][info ][safepoint      ] Safepoint "ICBufferFull", Time since last: 4573070 ns, Reaching safepoint: 46101 ns, At safepoint: 20301 ns, Total: 66402 ns
[12.119s][info ][safepoint      ] Safepoint "ICBufferFull", Time since last: 911634 ns, Reaching safepoint: 91603 ns, At safepoint: 17601 ns, Total: 109204 ns
[12.119s][info ][safepoint      ] Safepoint "ICBufferFull", Time since last: 33701 ns, Reaching safepoint: 86403 ns, At safepoint: 19001 ns, Total: 105404 ns
[12.119s][info ][safepoint      ] Safepoint "ICBufferFull", Time since last: 110204 ns, Reaching safepoint: 91903 ns, At safepoint: 14501 ns, Total: 106404 ns
[12.120s][info ][safepoint      ] Safepoint "ICBufferFull", Time since last: 965236 ns, Reaching safepoint: 97003 ns, At safepoint: 21501 ns, Total: 118504 ns
[12.122s][info ][safepoint      ] Safepoint "ICBufferFull", Time since last: 998537 ns, Reaching safepoint: 120405 ns, At safepoint: 22500 ns, Total: 142905 ns
[12.123s][info ][safepoint      ] Safepoint "ICBufferFull", Time since last: 938135 ns, Reaching safepoint: 102604 ns, At safepoint: 25601 ns, Total: 128205 ns
[12.128s][info ][safepoint      ] Safepoint "ICBufferFull", Time since last: 5473003 ns, Reaching safepoint: 113304 ns, At safepoint: 34201 ns, Total: 147505 ns
[12.132s][info ][safepoint      ] Safepoint "ICBufferFull", Time since last: 2011575 ns, Reaching safepoint: 2119178 ns, At safepoint: 29701 ns, Total: 2148879 ns
[12.134s][info ][safepoint      ] Safepoint "ICBufferFull", Time since last: 378214 ns, Reaching safepoint: 993837 ns, At safepoint: 22701 ns, Total: 1016538 ns
[12.134s][info ][safepoint      ] Safepoint "ICBufferFull", Time since last: 132505 ns, Reaching safepoint: 79803 ns, At safepoint: 24001 ns, Total: 103804 ns
[12.134s][info ][safepoint      ] Safepoint "ICBufferFull", Time since last: 240909 ns, Reaching safepoint: 102903 ns, At safepoint: 19901 ns, Total: 122804 ns
[12.135s][info ][safepoint      ] Safepoint "ICBufferFull", Time since last: 36001 ns, Reaching safepoint: 89304 ns, At safepoint: 24301 ns, Total: 113605 ns
[12.136s][info ][safepoint      ] Safepoint "ICBufferFull", Time since last: 921934 ns, Reaching safepoint: 112304 ns, At safepoint: 21701 ns, Total: 134005 ns
[12.137s][info ][safepoint      ] Safepoint "ICBufferFull", Time since last: 1422552 ns, Reaching safepoint: 113305 ns, At safepoint: 22800 ns, Total: 136105 ns
[12.137s][info ][safepoint      ] Safepoint "ICBufferFull", Time since last: 50502 ns, Reaching safepoint: 95404 ns, At safepoint: 19801 ns, Total: 115205 ns
[12.139s][info ][safepoint      ] Safepoint "ICBufferFull", Time since last: 994536 ns, Reaching safepoint: 707127 ns, At safepoint: 30001 ns, Total: 737128 ns
[12.139s][info ][safepoint      ] Safepoint "ICBufferFull", Time since last: 67902 ns, Reaching safepoint: 92804 ns, At safepoint: 25801 ns, Total: 118605 ns
[12.140s][info ][safepoint      ] Safepoint "ICBufferFull", Time since last: 51502 ns, Reaching safepoint: 161306 ns, At safepoint: 27201 ns, Total: 188507 ns
[12.141s][info ][safepoint      ] Safepoint "ICBufferFull", Time since last: 1825867 ns, Reaching safepoint: 103304 ns, At safepoint: 23401 ns, Total: 126705 ns
[12.147s][info ][safepoint      ] Safepoint "ICBufferFull", Time since last: 5239194 ns, Reaching safepoint: 136705 ns, At safepoint: 29301 ns, Total: 166006 ns
[12.149s][info ][safepoint      ] Safepoint "ICBufferFull", Time since last: 1689363 ns, Reaching safepoint: 116804 ns, At safepoint: 23001 ns, Total: 139805 ns
[12.152s][info ][safepoint      ] Safepoint "ICBufferFull", Time since last: 3301422 ns, Reaching safepoint: 93204 ns, At safepoint: 36701 ns, Total: 129905 ns
[12.152s][info ][safepoint      ] Safepoint "ICBufferFull", Time since last: 81703 ns, Reaching safepoint: 88203 ns, At safepoint: 21801 ns, Total: 110004 ns
[12.160s][info ][safepoint      ] Safepoint "ICBufferFull", Time since last: 5590707 ns, Reaching safepoint: 2133079 ns, At safepoint: 23701 ns, Total: 2156780 ns
[12.165s][info ][safepoint      ] Safepoint "ICBufferFull", Time since last: 150506 ns, Reaching safepoint: 4282758 ns, At safepoint: 34601 ns, Total: 4317359 ns
[12.165s][info ][safepoint      ] Safepoint "ICBufferFull", Time since last: 106904 ns, Reaching safepoint: 180707 ns, At safepoint: 31901 ns, Total: 212608 ns
[12.166s][info ][safepoint      ] Safepoint "ICBufferFull", Time since last: 45302 ns, Reaching safepoint: 699226 ns, At safepoint: 25901 ns, Total: 725127 ns
[12.169s][info ][safepoint      ] Safepoint "ICBufferFull", Time since last: 1296248 ns, Reaching safepoint: 2092077 ns, At safepoint: 18901 ns, Total: 2110978 ns
[12.180s][info ][safepoint      ] Safepoint "ICBufferFull", Time since last: 11118212 ns, Reaching safepoint: 118204 ns, At safepoint: 23001 ns, Total: 141205 ns
[12.180s][info ][safepoint      ] Safepoint "ICBufferFull", Time since last: 73203 ns, Reaching safepoint: 87103 ns, At safepoint: 25201 ns, Total: 112304 ns
[12.182s][info ][safepoint      ] Safepoint "ICBufferFull", Time since last: 1231546 ns, Reaching safepoint: 91403 ns, At safepoint: 17201 ns, Total: 108604 ns
[12.182s][info ][safepoint      ] Safepoint "ICBufferFull", Time since last: 346112 ns, Reaching safepoint: 78103 ns, At safepoint: 27801 ns, Total: 105904 ns
[12.186s][info ][safepoint      ] Safepoint "ICBufferFull", Time since last: 3172618 ns, Reaching safepoint: 114904 ns, At safepoint: 34201 ns, Total: 149105 ns
[12.186s][info ][safepoint      ] Safepoint "ICBufferFull", Time since last: 102104 ns, Reaching safepoint: 75403 ns, At safepoint: 18701 ns, Total: 94104 ns
[12.188s][info ][safepoint      ] Safepoint "ICBufferFull", Time since last: 2373688 ns, Reaching safepoint: 94303 ns, At safepoint: 21001 ns, Total: 115304 ns
[12.191s][info ][safepoint      ] Safepoint "ICBufferFull", Time since last: 3100715 ns, Reaching safepoint: 90003 ns, At safepoint: 21901 ns, Total: 111904 ns
[12.192s][info ][safepoint      ] Safepoint "ICBufferFull", Time since last: 45702 ns, Reaching safepoint: 87403 ns, At safepoint: 24701 ns, Total: 112104 ns
[12.192s][info ][safepoint      ] Safepoint "ICBufferFull", Time since last: 59602 ns, Reaching safepoint: 88903 ns, At safepoint: 24601 ns, Total: 113504 ns
[12.192s][info ][safepoint      ] Safepoint "ICBufferFull", Time since last: 84003 ns, Reaching safepoint: 100404 ns, At safepoint: 27101 ns, Total: 127505 ns
[12.196s][info ][safepoint      ] Safepoint "ICBufferFull", Time since last: 4231857 ns, Reaching safepoint: 98703 ns, At safepoint: 11001 ns, Total: 109704 ns
[12.197s][info ][safepoint      ] Safepoint "ICBufferFull", Time since last: 80903 ns, Reaching safepoint: 49802 ns, At safepoint: 24100 ns, Total: 73902 ns
[12.197s][info ][safepoint      ] Safepoint "ICBufferFull", Time since last: 50402 ns, Reaching safepoint: 88804 ns, At safepoint: 18000 ns, Total: 106804 ns
[12.197s][info ][safepoint      ] Safepoint "ICBufferFull", Time since last: 63203 ns, Reaching safepoint: 88003 ns, At safepoint: 22001 ns, Total: 110004 ns
[12.197s][info ][safepoint      ] Safepoint "ICBufferFull", Time since last: 34901 ns, Reaching safepoint: 99104 ns, At safepoint: 23401 ns, Total: 122505 ns
[12.198s][info ][safepoint      ] Safepoint "ICBufferFull", Time since last: 783829 ns, Reaching safepoint: 92203 ns, At safepoint: 25001 ns, Total: 117204 ns
[12.198s][info ][safepoint      ] Safepoint "ICBufferFull", Time since last: 84503 ns, Reaching safepoint: 89603 ns, At safepoint: 20401 ns, Total: 110004 ns
[12.202s][info ][safepoint      ] Safepoint "ICBufferFull", Time since last: 3379625 ns, Reaching safepoint: 142206 ns, At safepoint: 24800 ns, Total: 167006 ns
[12.223s][info ][safepoint      ] Safepoint "ICBufferFull", Time since last: 17685956 ns, Reaching safepoint: 3242320 ns, At safepoint: 29701 ns, Total: 3272021 ns
[12.227s][info ][safepoint      ] Safepoint "ICBufferFull", Time since last: 4192555 ns, Reaching safepoint: 267410 ns, At safepoint: 16801 ns, Total: 284211 ns
[12.229s][info ][safepoint      ] Safepoint "ICBufferFull", Time since last: 2222182 ns, Reaching safepoint: 106804 ns, At safepoint: 22301 ns, Total: 129105 ns
[12.231s][info ][safepoint      ] Safepoint "ICBufferFull", Time since last: 1859469 ns, Reaching safepoint: 108304 ns, At safepoint: 23000 ns, Total: 131304 ns
[12.232s][info ][safepoint      ] Safepoint "ICBufferFull", Time since last: 492219 ns, Reaching safepoint: 95303 ns, At safepoint: 20801 ns, Total: 116104 ns
[12.235s][info ][safepoint      ] Safepoint "ICBufferFull", Time since last: 2503193 ns, Reaching safepoint: 107404 ns, At safepoint: 15000 ns, Total: 122404 ns
[12.235s][info ][safepoint      ] Safepoint "ICBufferFull", Time since last: 71403 ns, Reaching safepoint: 93603 ns, At safepoint: 23201 ns, Total: 116804 ns
[12.235s][info ][safepoint      ] Safepoint "ICBufferFull", Time since last: 265110 ns, Reaching safepoint: 102304 ns, At safepoint: 15600 ns, Total: 117904 ns
[12.238s][info ][safepoint      ] Safepoint "ICBufferFull", Time since last: 2299586 ns, Reaching safepoint: 129404 ns, At safepoint: 22401 ns, Total: 151805 ns
[12.238s][info ][safepoint      ] Safepoint "ICBufferFull", Time since last: 390615 ns, Reaching safepoint: 78903 ns, At safepoint: 23000 ns, Total: 101903 ns
[12.245s][info ][safepoint      ] Safepoint "ICBufferFull", Time since last: 6425038 ns, Reaching safepoint: 110804 ns, At safepoint: 20001 ns, Total: 130805 ns
[12.251s][info ][safepoint      ] Safepoint "ICBufferFull", Time since last: 6370936 ns, Reaching safepoint: 109704 ns, At safepoint: 28701 ns, Total: 138405 ns
[12.252s][info ][safepoint      ] Safepoint "ICBufferFull", Time since last: 933735 ns, Reaching safepoint: 91103 ns, At safepoint: 30001 ns, Total: 121104 ns
[12.253s][info ][safepoint      ] Safepoint "ICBufferFull", Time since last: 75903 ns, Reaching safepoint: 96104 ns, At safepoint: 19400 ns, Total: 115504 ns
[12.253s][info ][safepoint      ] Safepoint "ICBufferFull", Time since last: 273811 ns, Reaching safepoint: 95103 ns, At safepoint: 20301 ns, Total: 115404 ns
[12.263s][info ][safepoint      ] Safepoint "ICBufferFull", Time since last: 3302922 ns, Reaching safepoint: 6366136 ns, At safepoint: 32301 ns, Total: 6398437 ns
[12.263s][info ][safepoint      ] Safepoint "ICBufferFull", Time since last: 75603 ns, Reaching safepoint: 98304 ns, At safepoint: 26601 ns, Total: 124905 ns
[12.271s][info ][safepoint      ] Safepoint "ICBufferFull", Time since last: 8214504 ns, Reaching safepoint: 198607 ns, At safepoint: 12501 ns, Total: 211108 ns
[12.276s][info ][safepoint      ] Safepoint "ICBufferFull", Time since last: 4953783 ns, Reaching safepoint: 114304 ns, At safepoint: 17301 ns, Total: 131605 ns
[12.293s][info ][safepoint      ] Safepoint "ICBufferFull", Time since last: 13510500 ns, Reaching safepoint: 3191219 ns, At safepoint: 13200 ns, Total: 3204419 ns
[12.300s][info ][safepoint      ] Safepoint "ICBufferFull", Time since last: 6887155 ns, Reaching safepoint: 120005 ns, At safepoint: 13800 ns, Total: 133805 ns
[12.332s][info ][safepoint      ] Safepoint "ICBufferFull", Time since last: 25219034 ns, Reaching safepoint: 6914356 ns, At safepoint: 10000 ns, Total: 6924356 ns
[12.336s][info ][safepoint      ] Safepoint "ICBufferFull", Time since last: 3964547 ns, Reaching safepoint: 168607 ns, At safepoint: 6000 ns, Total: 174607 ns
[12.347s][info ][safepoint      ] Safepoint "ICBufferFull", Time since last: 10490088 ns, Reaching safepoint: 165106 ns, At safepoint: 8201 ns, Total: 173307 ns
[12.349s][info ][safepoint      ] Safepoint "ICBufferFull", Time since last: 2269784 ns, Reaching safepoint: 113504 ns, At safepoint: 11600 ns, Total: 125104 ns
[12.356s][info ][safepoint      ] Safepoint "ICBufferFull", Time since last: 6671547 ns, Reaching safepoint: 116305 ns, At safepoint: 17200 ns, Total: 133505 ns
[12.362s][info ][safepoint      ] Safepoint "ICBufferFull", Time since last: 5956921 ns, Reaching safepoint: 124604 ns, At safepoint: 14201 ns, Total: 138805 ns
[12.366s][info ][safepoint      ] Safepoint "ICBufferFull", Time since last: 3835942 ns, Reaching safepoint: 134605 ns, At safepoint: 19001 ns, Total: 153606 ns
[12.366s][info ][safepoint      ] Safepoint "ICBufferFull", Time since last: 82503 ns, Reaching safepoint: 88403 ns, At safepoint: 20901 ns, Total: 109304 ns
[12.368s][info ][safepoint      ] Safepoint "ICBufferFull", Time since last: 1066839 ns, Reaching safepoint: 113205 ns, At safepoint: 22100 ns, Total: 135305 ns
[12.369s][info ][safepoint      ] Safepoint "ICBufferFull", Time since last: 833131 ns, Reaching safepoint: 114104 ns, At safepoint: 22801 ns, Total: 136905 ns
[12.371s][info ][safepoint      ] Safepoint "ICBufferFull", Time since last: 1798367 ns, Reaching safepoint: 113904 ns, At safepoint: 19801 ns, Total: 133705 ns
[12.373s][info ][safepoint      ] Safepoint "ICBufferFull", Time since last: 2312485 ns, Reaching safepoint: 107904 ns, At safepoint: 19701 ns, Total: 127605 ns
[12.384s][info ][safepoint      ] Safepoint "ICBufferFull", Time since last: 11166414 ns, Reaching safepoint: 123404 ns, At safepoint: 18001 ns, Total: 141405 ns
[12.391s][info ][safepoint      ] Safepoint "ICBufferFull", Time since last: 6478840 ns, Reaching safepoint: 129905 ns, At safepoint: 19700 ns, Total: 149605 ns
[12.393s][info ][safepoint      ] Safepoint "ICBufferFull", Time since last: 98504 ns, Reaching safepoint: 2160980 ns, At safepoint: 20301 ns, Total: 2181281 ns
[12.396s][info ][safepoint      ] Safepoint "ICBufferFull", Time since last: 2968310 ns, Reaching safepoint: 107004 ns, At safepoint: 18600 ns, Total: 125604 ns
[12.397s][info ][safepoint      ] Safepoint "ICBufferFull", Time since last: 222509 ns, Reaching safepoint: 105704 ns, At safepoint: 21000 ns, Total: 126704 ns
[12.397s][info ][safepoint      ] Safepoint "ICBufferFull", Time since last: 58202 ns, Reaching safepoint: 93804 ns, At safepoint: 23501 ns, Total: 117305 ns
[12.397s][info ][safepoint      ] Safepoint "ICBufferFull", Time since last: 30701 ns, Reaching safepoint: 86703 ns, At safepoint: 20001 ns, Total: 106704 ns
[12.397s][info ][safepoint      ] Safepoint "ICBufferFull", Time since last: 41101 ns, Reaching safepoint: 98504 ns, At safepoint: 23601 ns, Total: 122105 ns
[12.401s][info ][safepoint      ] Safepoint "ICBufferFull", Time since last: 3896344 ns, Reaching safepoint: 119505 ns, At safepoint: 23001 ns, Total: 142506 ns
[12.415s][info ][safepoint      ] Safepoint "ICBufferFull", Time since last: 13646705 ns, Reaching safepoint: 115804 ns, At safepoint: 16701 ns, Total: 132505 ns
[12.415s][info ][safepoint      ] Safepoint "ICBufferFull", Time since last: 58802 ns, Reaching safepoint: 373414 ns, At safepoint: 16600 ns, Total: 390014 ns
[12.417s][info ][safepoint      ] Safepoint "ICBufferFull", Time since last: 1136242 ns, Reaching safepoint: 112205 ns, At safepoint: 17400 ns, Total: 129605 ns
[12.419s][info ][safepoint      ] Safepoint "ICBufferFull", Time since last: 2121179 ns, Reaching safepoint: 115904 ns, At safepoint: 23601 ns, Total: 139505 ns
[12.419s][info ][safepoint      ] Safepoint "ICBufferFull", Time since last: 236409 ns, Reaching safepoint: 99503 ns, At safepoint: 25101 ns, Total: 124604 ns
[12.421s][info ][safepoint      ] Safepoint "ICBufferFull", Time since last: 1210845 ns, Reaching safepoint: 112104 ns, At safepoint: 20801 ns, Total: 132905 ns
[12.426s][info ][safepoint      ] Safepoint "ICBufferFull", Time since last: 5091189 ns, Reaching safepoint: 130405 ns, At safepoint: 19300 ns, Total: 149705 ns
[12.428s][info ][safepoint      ] Safepoint "ICBufferFull", Time since last: 2295085 ns, Reaching safepoint: 100904 ns, At safepoint: 18001 ns, Total: 118905 ns
[12.428s][info ][safepoint      ] Safepoint "ICBufferFull", Time since last: 59002 ns, Reaching safepoint: 98803 ns, At safepoint: 21101 ns, Total: 119904 ns
[12.429s][info ][safepoint      ] Safepoint "ICBufferFull", Time since last: 44402 ns, Reaching safepoint: 89603 ns, At safepoint: 21701 ns, Total: 111304 ns
[12.429s][info ][safepoint      ] Safepoint "ICBufferFull", Time since last: 55702 ns, Reaching safepoint: 91503 ns, At safepoint: 19801 ns, Total: 111304 ns
[12.429s][info ][safepoint      ] Safepoint "ICBufferFull", Time since last: 179907 ns, Reaching safepoint: 97703 ns, At safepoint: 18101 ns, Total: 115804 ns
[12.429s][info ][safepoint      ] Safepoint "ICBufferFull", Time since last: 123505 ns, Reaching safepoint: 89703 ns, At safepoint: 19101 ns, Total: 108804 ns
[12.430s][info ][safepoint      ] Safepoint "ICBufferFull", Time since last: 946535 ns, Reaching safepoint: 113004 ns, At safepoint: 23201 ns, Total: 136205 ns
[12.431s][info ][safepoint      ] Safepoint "ICBufferFull", Time since last: 37901 ns, Reaching safepoint: 91504 ns, At safepoint: 25501 ns, Total: 117005 ns
[12.432s][info ][safepoint      ] Safepoint "ICBufferFull", Time since last: 1196944 ns, Reaching safepoint: 104404 ns, At safepoint: 17400 ns, Total: 121804 ns
[12.439s][info ][safepoint      ] Safepoint "ICBufferFull", Time since last: 7394374 ns, Reaching safepoint: 101704 ns, At safepoint: 19801 ns, Total: 121505 ns
[12.444s][info ][safepoint      ] Safepoint "ICBufferFull", Time since last: 4773977 ns, Reaching safepoint: 100303 ns, At safepoint: 24701 ns, Total: 125004 ns
[12.445s][info ][safepoint      ] Safepoint "ICBufferFull", Time since last: 93204 ns, Reaching safepoint: 91503 ns, At safepoint: 24101 ns, Total: 115604 ns
[12.445s][info ][safepoint      ] Safepoint "ICBufferFull", Time since last: 63802 ns, Reaching safepoint: 39802 ns, At safepoint: 23501 ns, Total: 63303 ns
[12.445s][info ][safepoint      ] Safepoint "ICBufferFull", Time since last: 79603 ns, Reaching safepoint: 95903 ns, At safepoint: 19801 ns, Total: 115704 ns
[12.445s][info ][safepoint      ] Safepoint "ICBufferFull", Time since last: 197107 ns, Reaching safepoint: 99104 ns, At safepoint: 27301 ns, Total: 126405 ns
[12.445s][info ][safepoint      ] Safepoint "ICBufferFull", Time since last: 49202 ns, Reaching safepoint: 105704 ns, At safepoint: 27001 ns, Total: 132705 ns
[12.446s][info ][safepoint      ] Safepoint "ICBufferFull", Time since last: 213007 ns, Reaching safepoint: 81603 ns, At safepoint: 25601 ns, Total: 107204 ns
[12.447s][info ][safepoint      ] Safepoint "ICBufferFull", Time since last: 841432 ns, Reaching safepoint: 102503 ns, At safepoint: 21001 ns, Total: 123504 ns
[12.452s][info ][safepoint      ] Safepoint "ICBufferFull", Time since last: 5633909 ns, Reaching safepoint: 122704 ns, At safepoint: 17101 ns, Total: 139805 ns
[12.453s][info ][safepoint      ] Safepoint "ICBufferFull", Time since last: 176906 ns, Reaching safepoint: 97304 ns, At safepoint: 27701 ns, Total: 125005 ns
[12.453s][info ][safepoint      ] Safepoint "ICBufferFull", Time since last: 94104 ns, Reaching safepoint: 91903 ns, At safepoint: 17801 ns, Total: 109704 ns
[12.457s][info ][safepoint      ] Safepoint "ICBufferFull", Time since last: 319011 ns, Reaching safepoint: 3258021 ns, At safepoint: 25001 ns, Total: 3283022 ns
[12.460s][info ][safepoint      ] Safepoint "ICBufferFull", Time since last: 1690663 ns, Reaching safepoint: 2140379 ns, At safepoint: 20101 ns, Total: 2160480 ns
[12.464s][info ][safepoint      ] Safepoint "ICBufferFull", Time since last: 3833342 ns, Reaching safepoint: 126304 ns, At safepoint: 19601 ns, Total: 145905 ns
[12.465s][info ][safepoint      ] Safepoint "ICBufferFull", Time since last: 195907 ns, Reaching safepoint: 94404 ns, At safepoint: 15500 ns, Total: 109904 ns
[12.465s][info ][safepoint      ] Safepoint "ICBufferFull", Time since last: 270710 ns, Reaching safepoint: 109704 ns, At safepoint: 18801 ns, Total: 128505 ns
[12.468s][info ][safepoint      ] Safepoint "ICBufferFull", Time since last: 2434090 ns, Reaching safepoint: 117905 ns, At safepoint: 12800 ns, Total: 130705 ns
[12.472s][info ][safepoint      ] Safepoint "ICBufferFull", Time since last: 4607571 ns, Reaching safepoint: 125304 ns, At safepoint: 27401 ns, Total: 152705 ns
[12.476s][info ][safepoint      ] Safepoint "ICBufferFull", Time since last: 3825942 ns, Reaching safepoint: 120705 ns, At safepoint: 19000 ns, Total: 139705 ns
[12.477s][info ][safepoint      ] Safepoint "ICBufferFull", Time since last: 94704 ns, Reaching safepoint: 103204 ns, At safepoint: 18300 ns, Total: 121504 ns
[12.477s][info ][safepoint      ] Safepoint "ICBufferFull", Time since last: 82403 ns, Reaching safepoint: 71803 ns, At safepoint: 17901 ns, Total: 89704 ns
[12.477s][info ][safepoint      ] Safepoint "ICBufferFull", Time since last: 195207 ns, Reaching safepoint: 90203 ns, At safepoint: 17201 ns, Total: 107404 ns
[12.477s][info ][safepoint      ] Safepoint "ICBufferFull", Time since last: 272210 ns, Reaching safepoint: 100604 ns, At safepoint: 18900 ns, Total: 119504 ns
[12.482s][info ][safepoint      ] Safepoint "ICBufferFull", Time since last: 4291259 ns, Reaching safepoint: 121505 ns, At safepoint: 18400 ns, Total: 139905 ns
[12.487s][info ][safepoint      ] Safepoint "ICBufferFull", Time since last: 5489704 ns, Reaching safepoint: 117804 ns, At safepoint: 20201 ns, Total: 138005 ns
[12.489s][info ][safepoint      ] Safepoint "ICBufferFull", Time since last: 1705363 ns, Reaching safepoint: 109604 ns, At safepoint: 16401 ns, Total: 126005 ns
[12.490s][info ][safepoint      ] Safepoint "ICBufferFull", Time since last: 994236 ns, Reaching safepoint: 97904 ns, At safepoint: 8900 ns, Total: 106804 ns
[12.491s][info ][safepoint      ] Safepoint "ICBufferFull", Time since last: 56102 ns, Reaching safepoint: 97504 ns, At safepoint: 16201 ns, Total: 113705 ns
[12.494s][info ][safepoint      ] Safepoint "ICBufferFull", Time since last: 3596433 ns, Reaching safepoint: 114504 ns, At safepoint: 16901 ns, Total: 131405 ns
[12.501s][info ][safepoint      ] Safepoint "ICBufferFull", Time since last: 6766150 ns, Reaching safepoint: 108204 ns, At safepoint: 12501 ns, Total: 120705 ns
[12.501s][info ][safepoint      ] Safepoint "ICBufferFull", Time since last: 59902 ns, Reaching safepoint: 85903 ns, At safepoint: 9101 ns, Total: 95004 ns
[12.512s][info ][safepoint      ] Safepoint "ICBufferFull", Time since last: 10134475 ns, Reaching safepoint: 121804 ns, At safepoint: 6101 ns, Total: 127905 ns
[12.512s][info ][safepoint      ] Safepoint "ICBufferFull", Time since last: 205107 ns, Reaching safepoint: 101304 ns, At safepoint: 7100 ns, Total: 108404 ns
[12.512s][info ][safepoint      ] Safepoint "ICBufferFull", Time since last: 169606 ns, Reaching safepoint: 141106 ns, At safepoint: 9400 ns, Total: 150506 ns
[12.513s][info ][safepoint      ] Safepoint "ICBufferFull", Time since last: 973436 ns, Reaching safepoint: 112304 ns, At safepoint: 8501 ns, Total: 120805 ns
[12.518s][info ][safepoint      ] Safepoint "ICBufferFull", Time since last: 4496866 ns, Reaching safepoint: 117604 ns, At safepoint: 16801 ns, Total: 134405 ns
[12.518s][info ][safepoint      ] Safepoint "ICBufferFull", Time since last: 97504 ns, Reaching safepoint: 90403 ns, At safepoint: 15001 ns, Total: 105404 ns
[12.518s][info ][safepoint      ] Safepoint "ICBufferFull", Time since last: 29801 ns, Reaching safepoint: 86603 ns, At safepoint: 22501 ns, Total: 109104 ns
[12.518s][info ][safepoint      ] Safepoint "ICBufferFull", Time since last: 26401 ns, Reaching safepoint: 94303 ns, At safepoint: 21101 ns, Total: 115404 ns
[12.520s][info ][safepoint      ] Safepoint "ICBufferFull", Time since last: 1024838 ns, Reaching safepoint: 108604 ns, At safepoint: 10700 ns, Total: 119304 ns
[12.532s][info ][safepoint      ] Safepoint "ICBufferFull", Time since last: 4418764 ns, Reaching safepoint: 7612582 ns, At safepoint: 14900 ns, Total: 7627482 ns
[12.536s][info ][safepoint      ] Safepoint "ICBufferFull", Time since last: 4497867 ns, Reaching safepoint: 104004 ns, At safepoint: 12000 ns, Total: 116004 ns
[12.542s][info ][safepoint      ] Safepoint "ICBufferFull", Time since last: 3900345 ns, Reaching safepoint: 2078577 ns, At safepoint: 12700 ns, Total: 2091277 ns
[12.544s][info ][safepoint      ] Safepoint "ICBufferFull", Time since last: 1470355 ns, Reaching safepoint: 127504 ns, At safepoint: 8001 ns, Total: 135505 ns
[12.548s][info ][safepoint      ] Safepoint "ICBufferFull", Time since last: 4291259 ns, Reaching safepoint: 139005 ns, At safepoint: 9500 ns, Total: 148505 ns
[12.553s][info ][safepoint      ] Safepoint "ICBufferFull", Time since last: 4246657 ns, Reaching safepoint: 206508 ns, At safepoint: 13700 ns, Total: 220208 ns
[12.580s][info ][safepoint      ] Safepoint "ICBufferFull", Time since last: 27326812 ns, Reaching safepoint: 99004 ns, At safepoint: 8200 ns, Total: 107204 ns
[12.580s][info ][safepoint      ] Safepoint "ICBufferFull", Time since last: 102204 ns, Reaching safepoint: 90603 ns, At safepoint: 15501 ns, Total: 106104 ns
[12.581s][info ][safepoint      ] Safepoint "ICBufferFull", Time since last: 52002 ns, Reaching safepoint: 97304 ns, At safepoint: 9900 ns, Total: 107204 ns
[12.581s][info ][safepoint      ] Safepoint "ICBufferFull", Time since last: 37901 ns, Reaching safepoint: 93004 ns, At safepoint: 14600 ns, Total: 107604 ns
[12.581s][info ][safepoint      ] Safepoint "ICBufferFull", Time since last: 28401 ns, Reaching safepoint: 87004 ns, At safepoint: 11900 ns, Total: 98904 ns
[12.582s][info ][safepoint      ] Safepoint "ICBufferFull", Time since last: 936935 ns, Reaching safepoint: 116904 ns, At safepoint: 18601 ns, Total: 135505 ns
[12.587s][info ][safepoint      ] Safepoint "ICBufferFull", Time since last: 5114489 ns, Reaching safepoint: 139005 ns, At safepoint: 20001 ns, Total: 159006 ns
[12.590s][info ][safepoint      ] Safepoint "ICBufferFull", Time since last: 2337687 ns, Reaching safepoint: 111104 ns, At safepoint: 19500 ns, Total: 130604 ns
[12.597s][info ][safepoint      ] Safepoint "ICBufferFull", Time since last: 3192219 ns, Reaching safepoint: 4303659 ns, At safepoint: 22101 ns, Total: 4325760 ns
[12.609s][info ][safepoint      ] Safepoint "ICBufferFull", Time since last: 12039246 ns, Reaching safepoint: 128504 ns, At safepoint: 12701 ns, Total: 141205 ns
[12.616s][info ][safepoint      ] Safepoint "ICBufferFull", Time since last: 6550943 ns, Reaching safepoint: 108104 ns, At safepoint: 7100 ns, Total: 115204 ns
[12.616s][info ][safepoint      ] Safepoint "ICBufferFull", Time since last: 93303 ns, Reaching safepoint: 49702 ns, At safepoint: 12801 ns, Total: 62503 ns
[12.624s][info ][safepoint      ] Safepoint "ICBufferFull", Time since last: 8041297 ns, Reaching safepoint: 132805 ns, At safepoint: 19501 ns, Total: 152306 ns
[12.628s][info ][safepoint      ] Safepoint "ICBufferFull", Time since last: 45002 ns, Reaching safepoint: 3185418 ns, At safepoint: 21800 ns, Total: 3207218 ns
[12.632s][info ][safepoint      ] Safepoint "ICBufferFull", Time since last: 4324861 ns, Reaching safepoint: 109904 ns, At safepoint: 18900 ns, Total: 128804 ns
[12.633s][info ][safepoint      ] Safepoint "ICBufferFull", Time since last: 1030038 ns, Reaching safepoint: 101004 ns, At safepoint: 24601 ns, Total: 125605 ns
[12.634s][info ][safepoint      ] Safepoint "ICBufferFull", Time since last: 326012 ns, Reaching safepoint: 87203 ns, At safepoint: 18401 ns, Total: 105604 ns
[12.634s][info ][safepoint      ] Safepoint "ICBufferFull", Time since last: 59302 ns, Reaching safepoint: 87404 ns, At safepoint: 20200 ns, Total: 107604 ns
[12.634s][info ][safepoint      ] Safepoint "ICBufferFull", Time since last: 64803 ns, Reaching safepoint: 87603 ns, At safepoint: 15301 ns, Total: 102904 ns
[12.639s][info ][safepoint      ] Safepoint "ICBufferFull", Time since last: 4528967 ns, Reaching safepoint: 145406 ns, At safepoint: 19600 ns, Total: 165006 ns
[12.644s][info ][safepoint      ] Safepoint "ICBufferFull", Time since last: 4913182 ns, Reaching safepoint: 108404 ns, At safepoint: 13801 ns, Total: 122205 ns
[12.648s][info ][safepoint      ] Safepoint "ICBufferFull", Time since last: 4485766 ns, Reaching safepoint: 115304 ns, At safepoint: 19201 ns, Total: 134505 ns
[12.650s][info ][safepoint      ] Safepoint "ICBufferFull", Time since last: 1204645 ns, Reaching safepoint: 97903 ns, At safepoint: 15401 ns, Total: 113304 ns
[12.650s][info ][safepoint      ] Safepoint "ICBufferFull", Time since last: 46001 ns, Reaching safepoint: 102504 ns, At safepoint: 17701 ns, Total: 120205 ns
[12.651s][info ][safepoint      ] Safepoint "ICBufferFull", Time since last: 922534 ns, Reaching safepoint: 109504 ns, At safepoint: 16001 ns, Total: 125505 ns
[12.652s][info ][safepoint      ] Safepoint "ICBufferFull", Time since last: 1302348 ns, Reaching safepoint: 90103 ns, At safepoint: 21501 ns, Total: 111604 ns
[12.653s][info ][safepoint      ] Safepoint "ICBufferFull", Time since last: 215708 ns, Reaching safepoint: 99604 ns, At safepoint: 19400 ns, Total: 119004 ns
[12.653s][info ][safepoint      ] Safepoint "ICBufferFull", Time since last: 50002 ns, Reaching safepoint: 96304 ns, At safepoint: 22901 ns, Total: 119205 ns
[12.661s][info ][safepoint      ] Safepoint "ICBufferFull", Time since last: 418315 ns, Reaching safepoint: 7490578 ns, At safepoint: 34601 ns, Total: 7525179 ns
[12.663s][info ][safepoint      ] Safepoint "ICBufferFull", Time since last: 2203081 ns, Reaching safepoint: 120005 ns, At safepoint: 16900 ns, Total: 136905 ns
[12.663s][info ][safepoint      ] Safepoint "ICBufferFull", Time since last: 52302 ns, Reaching safepoint: 100904 ns, At safepoint: 21501 ns, Total: 122405 ns
[12.664s][info ][safepoint      ] Safepoint "ICBufferFull", Time since last: 256309 ns, Reaching safepoint: 100204 ns, At safepoint: 15301 ns, Total: 115505 ns
[12.669s][info ][safepoint      ] Safepoint "ICBufferFull", Time since last: 5522004 ns, Reaching safepoint: 117705 ns, At safepoint: 23000 ns, Total: 140705 ns
[12.672s][info ][safepoint      ] Safepoint "ICBufferFull", Time since last: 2929209 ns, Reaching safepoint: 114104 ns, At safepoint: 18101 ns, Total: 132205 ns
[12.673s][info ][safepoint      ] Safepoint "ICBufferFull", Time since last: 91803 ns, Reaching safepoint: 88203 ns, At safepoint: 19501 ns, Total: 107704 ns
[12.673s][info ][safepoint      ] Safepoint "ICBufferFull", Time since last: 31901 ns, Reaching safepoint: 87904 ns, At safepoint: 16500 ns, Total: 104404 ns
[12.673s][info ][safepoint      ] Safepoint "ICBufferFull", Time since last: 217308 ns, Reaching safepoint: 104104 ns, At safepoint: 16401 ns, Total: 120505 ns
[12.676s][info ][safepoint      ] Safepoint "ICBufferFull", Time since last: 2530193 ns, Reaching safepoint: 96404 ns, At safepoint: 19001 ns, Total: 115405 ns
[12.676s][info ][safepoint      ] Safepoint "ICBufferFull", Time since last: 68302 ns, Reaching safepoint: 87603 ns, At safepoint: 18401 ns, Total: 106004 ns
[12.676s][info ][safepoint      ] Safepoint "ICBufferFull", Time since last: 61602 ns, Reaching safepoint: 88504 ns, At safepoint: 17100 ns, Total: 105604 ns
[12.676s][info ][safepoint      ] Safepoint "ICBufferFull", Time since last: 367014 ns, Reaching safepoint: 88003 ns, At safepoint: 15301 ns, Total: 103304 ns
[12.677s][info ][safepoint      ] Safepoint "ICBufferFull", Time since last: 45901 ns, Reaching safepoint: 87504 ns, At safepoint: 22301 ns, Total: 109805 ns
[12.677s][info ][safepoint      ] Safepoint "ICBufferFull", Time since last: 129904 ns, Reaching safepoint: 90804 ns, At safepoint: 18700 ns, Total: 109504 ns
[12.677s][info ][safepoint      ] Safepoint "ICBufferFull", Time since last: 233209 ns, Reaching safepoint: 95004 ns, At safepoint: 20200 ns, Total: 115204 ns
[12.678s][info ][safepoint      ] Safepoint "ICBufferFull", Time since last: 1076340 ns, Reaching safepoint: 102004 ns, At safepoint: 14400 ns, Total: 116404 ns
[12.679s][info ][safepoint      ] Safepoint "ICBufferFull", Time since last: 183607 ns, Reaching safepoint: 89904 ns, At safepoint: 17600 ns, Total: 107504 ns
[12.679s][info ][safepoint      ] Safepoint "ICBufferFull", Time since last: 34602 ns, Reaching safepoint: 90903 ns, At safepoint: 19701 ns, Total: 110604 ns
[12.680s][info ][safepoint      ] Safepoint "ICBufferFull", Time since last: 1258346 ns, Reaching safepoint: 106504 ns, At safepoint: 12501 ns, Total: 119005 ns
[12.680s][info ][safepoint      ] Safepoint "ICBufferFull", Time since last: 55902 ns, Reaching safepoint: 88103 ns, At safepoint: 19501 ns, Total: 107604 ns
[12.682s][info ][safepoint      ] Safepoint "ICBufferFull", Time since last: 1247346 ns, Reaching safepoint: 98804 ns, At safepoint: 5400 ns, Total: 104204 ns
[12.682s][info ][safepoint      ] Safepoint "ICBufferFull", Time since last: 59802 ns, Reaching safepoint: 88603 ns, At safepoint: 20401 ns, Total: 109004 ns
[12.682s][info ][safepoint      ] Safepoint "ICBufferFull", Time since last: 54602 ns, Reaching safepoint: 86103 ns, At safepoint: 20401 ns, Total: 106504 ns
[12.687s][info ][safepoint      ] Safepoint "ICBufferFull", Time since last: 5146291 ns, Reaching safepoint: 119604 ns, At safepoint: 22801 ns, Total: 142405 ns
[12.688s][info ][safepoint      ] Safepoint "ICBufferFull", Time since last: 309311 ns, Reaching safepoint: 93404 ns, At safepoint: 26401 ns, Total: 119805 ns
[12.688s][info ][safepoint      ] Safepoint "ICBufferFull", Time since last: 67002 ns, Reaching safepoint: 87703 ns, At safepoint: 21701 ns, Total: 109404 ns
[12.690s][info ][safepoint      ] Safepoint "ICBufferFull", Time since last: 1471855 ns, Reaching safepoint: 109204 ns, At safepoint: 16900 ns, Total: 126104 ns
[12.692s][info ][safepoint      ] Safepoint "ICBufferFull", Time since last: 2621798 ns, Reaching safepoint: 117204 ns, At safepoint: 19001 ns, Total: 136205 ns
[12.693s][info ][safepoint      ] Safepoint "ICBufferFull", Time since last: 742927 ns, Reaching safepoint: 102004 ns, At safepoint: 23801 ns, Total: 125805 ns
[12.693s][info ][safepoint      ] Safepoint "ICBufferFull", Time since last: 159506 ns, Reaching safepoint: 91703 ns, At safepoint: 23301 ns, Total: 115004 ns
[12.694s][info ][safepoint      ] Safepoint "ICBufferFull", Time since last: 911334 ns, Reaching safepoint: 110304 ns, At safepoint: 22101 ns, Total: 132405 ns
[12.702s][info ][safepoint      ] Safepoint "ICBufferFull", Time since last: 7323471 ns, Reaching safepoint: 129805 ns, At safepoint: 21400 ns, Total: 151205 ns
[12.702s][info ][safepoint      ] Safepoint "ICBufferFull", Time since last: 90904 ns, Reaching safepoint: 88003 ns, At safepoint: 23201 ns, Total: 111204 ns
[12.702s][info ][safepoint      ] Safepoint "ICBufferFull", Time since last: 93203 ns, Reaching safepoint: 91304 ns, At safepoint: 19300 ns, Total: 110604 ns
[12.703s][info ][safepoint      ] Safepoint "ICBufferFull", Time since last: 103004 ns, Reaching safepoint: 87603 ns, At safepoint: 17001 ns, Total: 104604 ns
[12.704s][info ][safepoint      ] Safepoint "ICBufferFull", Time since last: 1404152 ns, Reaching safepoint: 245609 ns, At safepoint: 18801 ns, Total: 264410 ns
[12.716s][info ][safepoint      ] Safepoint "ICBufferFull", Time since last: 11927442 ns, Reaching safepoint: 122204 ns, At safepoint: 17901 ns, Total: 140105 ns
[12.717s][info ][safepoint      ] Safepoint "ICBufferFull", Time since last: 127904 ns, Reaching safepoint: 89004 ns, At safepoint: 17400 ns, Total: 106404 ns
[12.719s][info ][safepoint      ] Safepoint "ICBufferFull", Time since last: 2255884 ns, Reaching safepoint: 100204 ns, At safepoint: 20100 ns, Total: 120304 ns
[12.719s][info ][safepoint      ] Safepoint "ICBufferFull", Time since last: 43502 ns, Reaching safepoint: 92903 ns, At safepoint: 15201 ns, Total: 108104 ns
[12.728s][info ][safepoint      ] Safepoint "ICBufferFull", Time since last: 8859628 ns, Reaching safepoint: 115804 ns, At safepoint: 20801 ns, Total: 136605 ns
[12.728s][info ][safepoint      ] Safepoint "ICBufferFull", Time since last: 109104 ns, Reaching safepoint: 88203 ns, At safepoint: 19001 ns, Total: 107204 ns
[12.735s][info ][safepoint      ] Safepoint "ICBufferFull", Time since last: 6113927 ns, Reaching safepoint: 118704 ns, At safepoint: 7000 ns, Total: 125704 ns
[12.735s][info ][safepoint      ] Safepoint "ICBufferFull", Time since last: 78303 ns, Reaching safepoint: 92504 ns, At safepoint: 12100 ns, Total: 104604 ns
[12.735s][info ][gc,start       ] GC(9) Pause Young (Allocation Failure)
[13.002s][debug][gc,phases      ] GC(9) Scavenge 266.612ms
[13.002s][debug][gc,ref         ] GC(9) Skipped phase 1 of Reference Processing: no references
[13.002s][debug][gc,ref         ] GC(9) ReferenceProcessor::execute queues: 1, RefProcThreadModel::Single, marks_oops_alive: false
[13.002s][debug][gc,ref         ] GC(9) Skipped phase 3 of Reference Processing: no references
[13.002s][debug][gc,ref         ] GC(9) ReferenceProcessor::execute queues: 1, RefProcThreadModel::Single, marks_oops_alive: false
[13.002s][debug][gc,phases      ] GC(9) Reference Processing 0.166ms
[13.002s][debug][gc,phases      ] GC(9)   VM Weak                        Min:  0.0, Avg:  0.0, Max:  0.0, Diff:  0.0, Sum:  0.0, Workers: 4
[13.002s][debug][gc,phases      ] GC(9)     Dead                           Min: 0, Avg:  0.0, Max: 0, Diff: 0, Sum: 0, Workers: 4
[13.002s][debug][gc,phases      ] GC(9)     Total                          Min: 0, Avg: 153.8, Max: 384, Diff: 384, Sum: 615, Workers: 4
[13.002s][debug][gc,phases      ] GC(9)   ObjectSynchronizer Weak        Min:  0.0, Avg:  0.0, Max:  0.0, Diff:  0.0, Sum:  0.0, Workers: 4
[13.002s][debug][gc,phases      ] GC(9)     Dead                           Min: 0, Avg:  0.0, Max: 0, Diff: 0, Sum: 0, Workers: 4
[13.002s][debug][gc,phases      ] GC(9)     Total                          Min: 0, Avg: 16.8, Max: 64, Diff: 64, Sum: 67, Workers: 4
[13.002s][debug][gc,phases      ] GC(9)   JVMTI Tag Weak OopStorage      Min:  0.0, Avg:  0.0, Max:  0.0, Diff:  0.0, Sum:  0.0, Workers: 4
[13.002s][debug][gc,phases      ] GC(9)     Dead                           Min: 0, Avg:  0.0, Max: 0, Diff: 0, Sum: 0, Workers: 4
[13.002s][debug][gc,phases      ] GC(9)     Total                          Min: 0, Avg:  0.0, Max: 0, Diff: 0, Sum: 0, Workers: 4
[13.002s][debug][gc,phases      ] GC(9)   StringTable Weak               Min:  0.0, Avg:  0.4, Max:  0.5, Diff:  0.5, Sum:  1.5, Workers: 4
[13.003s][debug][gc,phases      ] GC(9)     Dead                           Min: 0, Avg:  2.8, Max: 11, Diff: 11, Sum: 11, Workers: 4
[13.003s][debug][gc,phases      ] GC(9)     Total                          Min: 0, Avg: 10947.0, Max: 16855, Diff: 16855, Sum: 43788, Workers: 4
[13.003s][debug][gc,phases      ] GC(9)   ResolvedMethodTable Weak       Min:  0.0, Avg:  0.1, Max:  0.1, Diff:  0.1, Sum:  0.3, Workers: 4
[13.003s][debug][gc,phases      ] GC(9)     Dead                           Min: 0, Avg:  0.0, Max: 0, Diff: 0, Sum: 0, Workers: 4
[13.003s][debug][gc,phases      ] GC(9)     Total                          Min: 0, Avg: 1796.0, Max: 2880, Diff: 2880, Sum: 7184, Workers: 4
[13.003s][debug][gc,phases      ] GC(9)   JNI Weak                       Min:  0.0, Avg:  0.0, Max:  0.0, Diff:  0.0, Sum:  0.0, Workers: 4
[13.003s][debug][gc,phases      ] GC(9)     Dead                           Min: 0, Avg:  0.0, Max: 0, Diff: 0, Sum: 0, Workers: 4
[13.003s][debug][gc,phases      ] GC(9)     Total                          Min: 0, Avg:  5.8, Max: 23, Diff: 23, Sum: 23, Workers: 4
[13.003s][debug][gc,phases      ] GC(9)   StringDedup Table Weak         Min:  0.0, Avg:  0.0, Max:  0.0, Diff:  0.0, Sum:  0.0, Workers: 4
[13.003s][debug][gc,phases      ] GC(9)     Dead                           Min: 0, Avg:  0.0, Max: 0, Diff: 0, Sum: 0, Workers: 4
[13.003s][debug][gc,phases      ] GC(9)     Total                          Min: 0, Avg:  0.0, Max: 0, Diff: 0, Sum: 0, Workers: 4
[13.003s][debug][gc,phases      ] GC(9)   StringDedup Requests0 Weak     Min:  0.0, Avg:  0.0, Max:  0.0, Diff:  0.0, Sum:  0.0, Workers: 4
[13.003s][debug][gc,phases      ] GC(9)     Dead                           Min: 0, Avg:  0.0, Max: 0, Diff: 0, Sum: 0, Workers: 4
[13.003s][debug][gc,phases      ] GC(9)     Total                          Min: 0, Avg:  0.0, Max: 0, Diff: 0, Sum: 0, Workers: 4
[13.003s][debug][gc,phases      ] GC(9)   StringDedup Requests1 Weak     Min:  0.0, Avg:  0.0, Max:  0.0, Diff:  0.0, Sum:  0.0, Workers: 4
[13.003s][debug][gc,phases      ] GC(9)     Dead                           Min: 0, Avg:  0.0, Max: 0, Diff: 0, Sum: 0, Workers: 4
[13.003s][debug][gc,phases      ] GC(9)     Total                          Min: 0, Avg:  0.0, Max: 0, Diff: 0, Sum: 0, Workers: 4
[13.003s][debug][gc,phases      ] GC(9)   Weak JFR Old Object Samples    Min:  0.0, Avg:  0.0, Max:  0.0, Diff:  0.0, Sum:  0.0, Workers: 4
[13.003s][debug][gc,phases      ] GC(9)     Dead                           Min: 0, Avg:  0.0, Max: 0, Diff: 0, Sum: 0, Workers: 4
[13.003s][debug][gc,phases      ] GC(9)     Total                          Min: 0, Avg:  0.0, Max: 0, Diff: 0, Sum: 0, Workers: 4
[13.003s][debug][gc,phases      ] GC(9) Weak Processing 0.855ms
[13.003s][debug][gc,age         ] GC(9) Desired survivor size 536870912 bytes, new threshold 6 (max threshold 15)
[13.003s][info ][gc,heap        ] GC(9) PSYoungGen: 1572845K(1572864K)->524273K(1572864K) Eden: 1048576K(1048576K)->0K(1048576K) From: 524269K(524288K)->524273K(524288K)
[13.003s][info ][gc,heap        ] GC(9) ParOldGen: 124110K(256000K)->126807K(256000K)
[13.003s][info ][gc,metaspace   ] GC(9) Metaspace: 69419K(70144K)->69419K(70144K) NonClass: 59195K(59584K)->59195K(59584K) Class: 10223K(10560K)->10223K(10560K)
[13.003s][info ][gc             ] GC(9) Pause Young (Allocation Failure) 1657M->635M(1786M) 267.773ms
[13.003s][info ][gc,cpu         ] GC(9) User=1.00s Sys=0.01s Real=0.27s
[13.004s][info ][safepoint      ] Safepoint "ParallelGCFailedAllocation", Time since last: 34501 ns, Reaching safepoint: 102604 ns, At safepoint: 268988261 ns, Total: 269090865 ns
[13.015s][info ][safepoint      ] Safepoint "ICBufferFull", Time since last: 10793300 ns, Reaching safepoint: 142505 ns, At safepoint: 5300 ns, Total: 147805 ns
[13.024s][info ][safepoint      ] Safepoint "ICBufferFull", Time since last: 9342146 ns, Reaching safepoint: 100204 ns, At safepoint: 6100 ns, Total: 106304 ns
[13.025s][info ][safepoint      ] Safepoint "ICBufferFull", Time since last: 1027438 ns, Reaching safepoint: 97404 ns, At safepoint: 15500 ns, Total: 112904 ns
[13.026s][info ][safepoint      ] Safepoint "ICBufferFull", Time since last: 46602 ns, Reaching safepoint: 88803 ns, At safepoint: 24901 ns, Total: 113704 ns
[13.026s][info ][safepoint      ] Safepoint "ICBufferFull", Time since last: 135805 ns, Reaching safepoint: 98404 ns, At safepoint: 14701 ns, Total: 113105 ns
[13.026s][info ][safepoint      ] Safepoint "ICBufferFull", Time since last: 211907 ns, Reaching safepoint: 89004 ns, At safepoint: 19500 ns, Total: 108504 ns
[13.027s][info ][safepoint      ] Safepoint "ICBufferFull", Time since last: 877233 ns, Reaching safepoint: 106604 ns, At safepoint: 21301 ns, Total: 127905 ns
[13.029s][info ][safepoint      ] Safepoint "ICBufferFull", Time since last: 2052576 ns, Reaching safepoint: 111004 ns, At safepoint: 22101 ns, Total: 133105 ns
[13.032s][info ][safepoint      ] Safepoint "ICBufferFull", Time since last: 2955509 ns, Reaching safepoint: 114304 ns, At safepoint: 9301 ns, Total: 123605 ns
[13.048s][info ][safepoint      ] Safepoint "ICBufferFull", Time since last: 15751983 ns, Reaching safepoint: 127305 ns, At safepoint: 8700 ns, Total: 136005 ns
[13.049s][info ][safepoint      ] Safepoint "ICBufferFull", Time since last: 1065039 ns, Reaching safepoint: 94504 ns, At safepoint: 23801 ns, Total: 118305 ns
[13.050s][info ][safepoint      ] Safepoint "ICBufferFull", Time since last: 52802 ns, Reaching safepoint: 93003 ns, At safepoint: 46502 ns, Total: 139505 ns
[13.052s][info ][safepoint      ] Safepoint "ICBufferFull", Time since last: 1856669 ns, Reaching safepoint: 112004 ns, At safepoint: 6000 ns, Total: 118004 ns
[13.052s][info ][safepoint      ] Safepoint "ICBufferFull", Time since last: 60802 ns, Reaching safepoint: 101304 ns, At safepoint: 24801 ns, Total: 126105 ns
[13.052s][info ][safepoint      ] Safepoint "ICBufferFull", Time since last: 60602 ns, Reaching safepoint: 88903 ns, At safepoint: 21601 ns, Total: 110504 ns
[13.052s][info ][safepoint      ] Safepoint "ICBufferFull", Time since last: 133005 ns, Reaching safepoint: 99404 ns, At safepoint: 20001 ns, Total: 119405 ns
[13.052s][info ][safepoint      ] Safepoint "ICBufferFull", Time since last: 66302 ns, Reaching safepoint: 96604 ns, At safepoint: 17400 ns, Total: 114004 ns
[13.059s][info ][safepoint      ] Safepoint "ICBufferFull", Time since last: 6670647 ns, Reaching safepoint: 117605 ns, At safepoint: 15200 ns, Total: 132805 ns
[13.059s][info ][safepoint      ] Safepoint "ICBufferFull", Time since last: 71803 ns, Reaching safepoint: 88103 ns, At safepoint: 19301 ns, Total: 107404 ns
[13.065s][info ][safepoint      ] Safepoint "ICBufferFull", Time since last: 5169591 ns, Reaching safepoint: 116305 ns, At safepoint: 16400 ns, Total: 132705 ns
[13.066s][info ][safepoint      ] Safepoint "ICBufferFull", Time since last: 849332 ns, Reaching safepoint: 91503 ns, At safepoint: 14901 ns, Total: 106404 ns
[13.076s][info ][safepoint      ] Safepoint "ICBufferFull", Time since last: 10522989 ns, Reaching safepoint: 135305 ns, At safepoint: 17601 ns, Total: 152906 ns
[13.077s][info ][safepoint      ] Safepoint "ICBufferFull", Time since last: 272310 ns, Reaching safepoint: 107504 ns, At safepoint: 18001 ns, Total: 125505 ns
[13.080s][info ][safepoint      ] Safepoint "ICBufferFull", Time since last: 3464428 ns, Reaching safepoint: 98804 ns, At safepoint: 18200 ns, Total: 117004 ns
[13.080s][info ][safepoint      ] Safepoint "ICBufferFull", Time since last: 43202 ns, Reaching safepoint: 90103 ns, At safepoint: 19601 ns, Total: 109704 ns
[13.081s][info ][safepoint      ] Safepoint "ICBufferFull", Time since last: 34401 ns, Reaching safepoint: 90904 ns, At safepoint: 22500 ns, Total: 113404 ns
[13.084s][info ][safepoint      ] Safepoint "ICBufferFull", Time since last: 3217220 ns, Reaching safepoint: 124104 ns, At safepoint: 24301 ns, Total: 148405 ns
[13.085s][info ][safepoint      ] Safepoint "ICBufferFull", Time since last: 1276547 ns, Reaching safepoint: 110104 ns, At safepoint: 20101 ns, Total: 130205 ns
[13.091s][info ][safepoint      ] Safepoint "ICBufferFull", Time since last: 5761414 ns, Reaching safepoint: 124904 ns, At safepoint: 24401 ns, Total: 149305 ns
[13.091s][info ][safepoint      ] Safepoint "ICBufferFull", Time since last: 87703 ns, Reaching safepoint: 89004 ns, At safepoint: 13700 ns, Total: 102704 ns
[13.093s][info ][safepoint      ] Safepoint "ICBufferFull", Time since last: 1186544 ns, Reaching safepoint: 89803 ns, At safepoint: 24801 ns, Total: 114604 ns
[13.093s][info ][safepoint      ] Safepoint "ICBufferFull", Time since last: 222108 ns, Reaching safepoint: 96104 ns, At safepoint: 19401 ns, Total: 115505 ns
[13.097s][info ][safepoint      ] Safepoint "ICBufferFull", Time since last: 4232356 ns, Reaching safepoint: 121905 ns, At safepoint: 15501 ns, Total: 137406 ns
[13.099s][info ][safepoint      ] Safepoint "ICBufferFull", Time since last: 1753165 ns, Reaching safepoint: 115804 ns, At safepoint: 24101 ns, Total: 139905 ns
[13.100s][info ][safepoint      ] Safepoint "ICBufferFull", Time since last: 39001 ns, Reaching safepoint: 89003 ns, At safepoint: 17301 ns, Total: 106304 ns
[13.108s][info ][safepoint      ] Safepoint "ICBufferFull", Time since last: 6528042 ns, Reaching safepoint: 2166680 ns, At safepoint: 18701 ns, Total: 2185381 ns
[13.112s][info ][safepoint      ] Safepoint "ICBufferFull", Time since last: 3156817 ns, Reaching safepoint: 211907 ns, At safepoint: 18901 ns, Total: 230808 ns
[13.120s][info ][safepoint      ] Safepoint "ICBufferFull", Time since last: 8550317 ns, Reaching safepoint: 106404 ns, At safepoint: 19300 ns, Total: 125704 ns
[13.121s][info ][safepoint      ] Safepoint "ICBufferFull", Time since last: 45402 ns, Reaching safepoint: 156106 ns, At safepoint: 16801 ns, Total: 172907 ns
[13.121s][info ][safepoint      ] Safepoint "ICBufferFull", Time since last: 33201 ns, Reaching safepoint: 91503 ns, At safepoint: 17501 ns, Total: 109004 ns
[13.121s][info ][safepoint      ] Safepoint "ICBufferFull", Time since last: 415115 ns, Reaching safepoint: 107404 ns, At safepoint: 23301 ns, Total: 130705 ns
[13.125s][info ][safepoint      ] Safepoint "ICBufferFull", Time since last: 3194518 ns, Reaching safepoint: 125405 ns, At safepoint: 23701 ns, Total: 149106 ns
[13.125s][info ][safepoint      ] Safepoint "ICBufferFull", Time since last: 80803 ns, Reaching safepoint: 103604 ns, At safepoint: 20100 ns, Total: 123704 ns
[13.126s][info ][safepoint      ] Safepoint "ICBufferFull", Time since last: 850732 ns, Reaching safepoint: 103004 ns, At safepoint: 18700 ns, Total: 121704 ns
[13.127s][info ][safepoint      ] Safepoint "ICBufferFull", Time since last: 1583659 ns, Reaching safepoint: 94704 ns, At safepoint: 27001 ns, Total: 121705 ns
[13.128s][info ][safepoint      ] Safepoint "ICBufferFull", Time since last: 55902 ns, Reaching safepoint: 95103 ns, At safepoint: 15701 ns, Total: 110804 ns
[13.129s][info ][safepoint      ] Safepoint "ICBufferFull", Time since last: 72102 ns, Reaching safepoint: 854832 ns, At safepoint: 17301 ns, Total: 872133 ns
[13.129s][info ][safepoint      ] Safepoint "ICBufferFull", Time since last: 93903 ns, Reaching safepoint: 96204 ns, At safepoint: 22101 ns, Total: 118305 ns
[13.131s][info ][safepoint      ] Safepoint "ICBufferFull", Time since last: 375313 ns, Reaching safepoint: 2145080 ns, At safepoint: 25701 ns, Total: 2170781 ns
[13.136s][info ][safepoint      ] Safepoint "ICBufferFull", Time since last: 4885181 ns, Reaching safepoint: 108804 ns, At safepoint: 17800 ns, Total: 126604 ns
[13.147s][info ][safepoint      ] Safepoint "ICBufferFull", Time since last: 10522890 ns, Reaching safepoint: 123005 ns, At safepoint: 22901 ns, Total: 145906 ns
[13.147s][info ][safepoint      ] Safepoint "ICBufferFull", Time since last: 150405 ns, Reaching safepoint: 91103 ns, At safepoint: 20601 ns, Total: 111704 ns
[13.147s][info ][safepoint      ] Safepoint "ICBufferFull", Time since last: 89704 ns, Reaching safepoint: 86003 ns, At safepoint: 23501 ns, Total: 109504 ns
[13.148s][info ][safepoint      ] Safepoint "ICBufferFull", Time since last: 45601 ns, Reaching safepoint: 86804 ns, At safepoint: 17500 ns, Total: 104304 ns
[13.149s][info ][safepoint      ] Safepoint "ICBufferFull", Time since last: 953135 ns, Reaching safepoint: 92104 ns, At safepoint: 20301 ns, Total: 112405 ns
[13.149s][info ][safepoint      ] Safepoint "ICBufferFull", Time since last: 55902 ns, Reaching safepoint: 90503 ns, At safepoint: 22901 ns, Total: 113404 ns
[13.150s][info ][safepoint      ] Safepoint "ICBufferFull", Time since last: 1506956 ns, Reaching safepoint: 83703 ns, At safepoint: 22001 ns, Total: 105704 ns
[13.161s][info ][safepoint      ] Safepoint "ICBufferFull", Time since last: 9991270 ns, Reaching safepoint: 120804 ns, At safepoint: 15901 ns, Total: 136705 ns
[13.161s][info ][safepoint      ] Safepoint "ICBufferFull", Time since last: 89103 ns, Reaching safepoint: 89103 ns, At safepoint: 17101 ns, Total: 106204 ns
[13.161s][info ][safepoint      ] Safepoint "ICBufferFull", Time since last: 283210 ns, Reaching safepoint: 100704 ns, At safepoint: 18401 ns, Total: 119105 ns
[13.162s][info ][safepoint      ] Safepoint "ICBufferFull", Time since last: 481618 ns, Reaching safepoint: 92703 ns, At safepoint: 19001 ns, Total: 111704 ns
[13.168s][info ][safepoint      ] Safepoint "ICBufferFull", Time since last: 6418637 ns, Reaching safepoint: 119305 ns, At safepoint: 21701 ns, Total: 141006 ns
[13.172s][info ][safepoint      ] Safepoint "ICBufferFull", Time since last: 3853142 ns, Reaching safepoint: 97004 ns, At safepoint: 23901 ns, Total: 120905 ns
[13.172s][info ][safepoint      ] Safepoint "ICBufferFull", Time since last: 61902 ns, Reaching safepoint: 91304 ns, At safepoint: 26501 ns, Total: 117805 ns
[13.176s][info ][safepoint      ] Safepoint "ICBufferFull", Time since last: 3723537 ns, Reaching safepoint: 104904 ns, At safepoint: 23201 ns, Total: 128105 ns
[13.177s][info ][safepoint      ] Safepoint "ICBufferFull", Time since last: 72803 ns, Reaching safepoint: 86403 ns, At safepoint: 24401 ns, Total: 110804 ns
[13.177s][info ][safepoint      ] Safepoint "ICBufferFull", Time since last: 58202 ns, Reaching safepoint: 85403 ns, At safepoint: 20801 ns, Total: 106204 ns
[13.177s][info ][safepoint      ] Safepoint "ICBufferFull", Time since last: 32601 ns, Reaching safepoint: 85103 ns, At safepoint: 19301 ns, Total: 104404 ns
[13.186s][info ][safepoint      ] Safepoint "ICBufferFull", Time since last: 9342946 ns, Reaching safepoint: 120105 ns, At safepoint: 25700 ns, Total: 145805 ns
[13.186s][info ][safepoint      ] Safepoint "ICBufferFull", Time since last: 69003 ns, Reaching safepoint: 92303 ns, At safepoint: 24201 ns, Total: 116504 ns
[13.187s][info ][safepoint      ] Safepoint "ICBufferFull", Time since last: 50002 ns, Reaching safepoint: 98704 ns, At safepoint: 20801 ns, Total: 119505 ns
[13.187s][info ][safepoint      ] Safepoint "ICBufferFull", Time since last: 139005 ns, Reaching safepoint: 92703 ns, At safepoint: 23801 ns, Total: 116504 ns
[13.188s][info ][safepoint      ] Safepoint "ICBufferFull", Time since last: 862832 ns, Reaching safepoint: 112204 ns, At safepoint: 21401 ns, Total: 133605 ns
[13.196s][info ][safepoint      ] Safepoint "ICBufferFull", Time since last: 8291607 ns, Reaching safepoint: 113904 ns, At safepoint: 16301 ns, Total: 130205 ns
[13.197s][info ][safepoint      ] Safepoint "ICBufferFull", Time since last: 68002 ns, Reaching safepoint: 86104 ns, At safepoint: 26601 ns, Total: 112705 ns
[13.197s][info ][safepoint      ] Safepoint "ICBufferFull", Time since last: 61202 ns, Reaching safepoint: 85803 ns, At safepoint: 22101 ns, Total: 107904 ns
[13.197s][info ][safepoint      ] Safepoint "ICBufferFull", Time since last: 25301 ns, Reaching safepoint: 85503 ns, At safepoint: 27201 ns, Total: 112704 ns
[13.197s][info ][safepoint      ] Safepoint "ICBufferFull", Time since last: 151706 ns, Reaching safepoint: 94203 ns, At safepoint: 26001 ns, Total: 120204 ns
[13.197s][info ][safepoint      ] Safepoint "ICBufferFull", Time since last: 56402 ns, Reaching safepoint: 96004 ns, At safepoint: 26001 ns, Total: 122005 ns
[13.198s][info ][safepoint      ] Safepoint "ICBufferFull", Time since last: 841531 ns, Reaching safepoint: 101504 ns, At safepoint: 15200 ns, Total: 116704 ns
[13.200s][info ][safepoint      ] Safepoint "ICBufferFull", Time since last: 1941572 ns, Reaching safepoint: 97804 ns, At safepoint: 25401 ns, Total: 123205 ns
[13.201s][info ][safepoint      ] Safepoint "ICBufferFull", Time since last: 890233 ns, Reaching safepoint: 87703 ns, At safepoint: 25001 ns, Total: 112704 ns
[13.201s][info ][safepoint      ] Safepoint "ICBufferFull", Time since last: 60902 ns, Reaching safepoint: 100004 ns, At safepoint: 22400 ns, Total: 122404 ns
[13.203s][info ][safepoint      ] Safepoint "ICBufferFull", Time since last: 952736 ns, Reaching safepoint: 111804 ns, At safepoint: 25801 ns, Total: 137605 ns
[13.203s][info ][safepoint      ] Safepoint "ICBufferFull", Time since last: 125505 ns, Reaching safepoint: 87403 ns, At safepoint: 26501 ns, Total: 113904 ns
[13.215s][info ][safepoint      ] Safepoint "ICBufferFull", Time since last: 9354346 ns, Reaching safepoint: 3171318 ns, At safepoint: 18700 ns, Total: 3190018 ns
[13.216s][info ][safepoint      ] Safepoint "ICBufferFull", Time since last: 822031 ns, Reaching safepoint: 103304 ns, At safepoint: 27701 ns, Total: 131005 ns
[13.216s][info ][safepoint      ] Safepoint "ICBufferFull", Time since last: 73202 ns, Reaching safepoint: 84903 ns, At safepoint: 22701 ns, Total: 107604 ns
[13.217s][info ][safepoint      ] Safepoint "ICBufferFull", Time since last: 55402 ns, Reaching safepoint: 89704 ns, At safepoint: 30901 ns, Total: 120605 ns
[13.217s][info ][safepoint      ] Safepoint "ICBufferFull", Time since last: 264910 ns, Reaching safepoint: 98003 ns, At safepoint: 27501 ns, Total: 125504 ns
[13.217s][info ][safepoint      ] Safepoint "ICBufferFull", Time since last: 195507 ns, Reaching safepoint: 88104 ns, At safepoint: 25301 ns, Total: 113405 ns
[13.218s][info ][safepoint      ] Safepoint "ICBufferFull", Time since last: 933134 ns, Reaching safepoint: 95004 ns, At safepoint: 25401 ns, Total: 120405 ns
[13.219s][info ][safepoint      ] Safepoint "ICBufferFull", Time since last: 86903 ns, Reaching safepoint: 225508 ns, At safepoint: 25801 ns, Total: 251309 ns
[13.219s][info ][safepoint      ] Safepoint "ICBufferFull", Time since last: 173807 ns, Reaching safepoint: 161406 ns, At safepoint: 24301 ns, Total: 185707 ns
[13.220s][info ][safepoint      ] Safepoint "ICBufferFull", Time since last: 828830 ns, Reaching safepoint: 90004 ns, At safepoint: 23400 ns, Total: 113404 ns
[13.220s][info ][safepoint      ] Safepoint "ICBufferFull", Time since last: 129105 ns, Reaching safepoint: 90804 ns, At safepoint: 26901 ns, Total: 117705 ns
[13.221s][info ][safepoint      ] Safepoint "ICBufferFull", Time since last: 305811 ns, Reaching safepoint: 90003 ns, At safepoint: 24101 ns, Total: 114104 ns
[13.222s][info ][safepoint      ] Safepoint "ICBufferFull", Time since last: 1039439 ns, Reaching safepoint: 95003 ns, At safepoint: 17801 ns, Total: 112804 ns
[13.222s][info ][safepoint      ] Safepoint "ICBufferFull", Time since last: 59702 ns, Reaching safepoint: 87903 ns, At safepoint: 24801 ns, Total: 112704 ns
[13.222s][info ][safepoint      ] Safepoint "ICBufferFull", Time since last: 62002 ns, Reaching safepoint: 89004 ns, At safepoint: 20200 ns, Total: 109204 ns
[13.222s][info ][safepoint      ] Safepoint "ICBufferFull", Time since last: 40702 ns, Reaching safepoint: 88803 ns, At safepoint: 24401 ns, Total: 113204 ns
[13.223s][info ][safepoint      ] Safepoint "ICBufferFull", Time since last: 52502 ns, Reaching safepoint: 88203 ns, At safepoint: 22301 ns, Total: 110504 ns
[13.224s][info ][safepoint      ] Safepoint "ICBufferFull", Time since last: 1075940 ns, Reaching safepoint: 92003 ns, At safepoint: 24901 ns, Total: 116904 ns
[13.225s][info ][safepoint      ] Safepoint "ICBufferFull", Time since last: 1365751 ns, Reaching safepoint: 101804 ns, At safepoint: 24301 ns, Total: 126105 ns
[13.231s][info ][safepoint      ] Safepoint "ICBufferFull", Time since last: 5899318 ns, Reaching safepoint: 122105 ns, At safepoint: 26001 ns, Total: 148106 ns
[13.231s][info ][safepoint      ] Safepoint "ICBufferFull", Time since last: 79203 ns, Reaching safepoint: 91303 ns, At safepoint: 21801 ns, Total: 113104 ns
[13.232s][info ][safepoint      ] Safepoint "ICBufferFull", Time since last: 50702 ns, Reaching safepoint: 97003 ns, At safepoint: 19601 ns, Total: 116604 ns
[13.232s][info ][safepoint      ] Safepoint "ICBufferFull", Time since last: 40301 ns, Reaching safepoint: 84504 ns, At safepoint: 27101 ns, Total: 111605 ns
[13.232s][info ][safepoint      ] Safepoint "ICBufferFull", Time since last: 43001 ns, Reaching safepoint: 64903 ns, At safepoint: 26701 ns, Total: 91604 ns
[13.233s][info ][safepoint      ] Safepoint "ICBufferFull", Time since last: 863331 ns, Reaching safepoint: 101704 ns, At safepoint: 15301 ns, Total: 117005 ns
[13.233s][info ][safepoint      ] Safepoint "ICBufferFull", Time since last: 56402 ns, Reaching safepoint: 84403 ns, At safepoint: 23601 ns, Total: 108004 ns
[13.233s][info ][safepoint      ] Safepoint "ICBufferFull", Time since last: 50002 ns, Reaching safepoint: 86303 ns, At safepoint: 17801 ns, Total: 104104 ns
[13.233s][info ][safepoint      ] Safepoint "ICBufferFull", Time since last: 55302 ns, Reaching safepoint: 94603 ns, At safepoint: 25701 ns, Total: 120304 ns
[13.234s][info ][safepoint      ] Safepoint "ICBufferFull", Time since last: 227309 ns, Reaching safepoint: 100503 ns, At safepoint: 25201 ns, Total: 125704 ns
[13.235s][info ][safepoint      ] Safepoint "ICBufferFull", Time since last: 823031 ns, Reaching safepoint: 98603 ns, At safepoint: 12501 ns, Total: 111104 ns
[13.235s][info ][safepoint      ] Safepoint "ICBufferFull", Time since last: 40801 ns, Reaching safepoint: 84903 ns, At safepoint: 24501 ns, Total: 109404 ns
[13.236s][info ][safepoint      ] Safepoint "ICBufferFull", Time since last: 965336 ns, Reaching safepoint: 100404 ns, At safepoint: 18801 ns, Total: 119205 ns
[13.236s][info ][safepoint      ] Safepoint "ICBufferFull", Time since last: 76002 ns, Reaching safepoint: 95204 ns, At safepoint: 20701 ns, Total: 115905 ns
[13.237s][info ][safepoint      ] Safepoint "ICBufferFull", Time since last: 389314 ns, Reaching safepoint: 79003 ns, At safepoint: 22401 ns, Total: 101404 ns
[13.238s][info ][safepoint      ] Safepoint "ICBufferFull", Time since last: 889233 ns, Reaching safepoint: 105004 ns, At safepoint: 23200 ns, Total: 128204 ns
[13.238s][info ][safepoint      ] Safepoint "ICBufferFull", Time since last: 39802 ns, Reaching safepoint: 85803 ns, At safepoint: 20501 ns, Total: 106304 ns
[13.239s][info ][safepoint      ] Safepoint "ICBufferFull", Time since last: 1016538 ns, Reaching safepoint: 104903 ns, At safepoint: 20501 ns, Total: 125404 ns
[13.239s][info ][safepoint      ] Safepoint "ICBufferFull", Time since last: 68703 ns, Reaching safepoint: 85603 ns, At safepoint: 22701 ns, Total: 108304 ns
[13.240s][info ][safepoint      ] Safepoint "ICBufferFull", Time since last: 970136 ns, Reaching safepoint: 96203 ns, At safepoint: 24601 ns, Total: 120804 ns
[13.240s][info ][safepoint      ] Safepoint "ICBufferFull", Time since last: 148006 ns, Reaching safepoint: 97603 ns, At safepoint: 22401 ns, Total: 120004 ns
[13.241s][info ][safepoint      ] Safepoint "ICBufferFull", Time since last: 831531 ns, Reaching safepoint: 109704 ns, At safepoint: 18401 ns, Total: 128105 ns
[13.242s][info ][safepoint      ] Safepoint "ICBufferFull", Time since last: 45601 ns, Reaching safepoint: 95504 ns, At safepoint: 23201 ns, Total: 118705 ns
[13.244s][info ][safepoint      ] Safepoint "ICBufferFull", Time since last: 2672699 ns, Reaching safepoint: 107004 ns, At safepoint: 26201 ns, Total: 133205 ns
[13.260s][info ][safepoint      ] Safepoint "ICBufferFull", Time since last: 15810885 ns, Reaching safepoint: 131105 ns, At safepoint: 6200 ns, Total: 137305 ns
[13.261s][info ][safepoint      ] Safepoint "ICBufferFull", Time since last: 83903 ns, Reaching safepoint: 101104 ns, At safepoint: 20601 ns, Total: 121705 ns
[13.261s][info ][safepoint      ] Safepoint "ICBufferFull", Time since last: 65002 ns, Reaching safepoint: 87003 ns, At safepoint: 19901 ns, Total: 106904 ns
[13.261s][info ][safepoint      ] Safepoint "ICBufferFull", Time since last: 249709 ns, Reaching safepoint: 102704 ns, At safepoint: 20701 ns, Total: 123405 ns
[13.261s][info ][safepoint      ] Safepoint "ICBufferFull", Time since last: 78903 ns, Reaching safepoint: 88703 ns, At safepoint: 13701 ns, Total: 102404 ns
[13.262s][info ][safepoint      ] Safepoint "ICBufferFull", Time since last: 554120 ns, Reaching safepoint: 91404 ns, At safepoint: 19400 ns, Total: 110804 ns
[13.264s][info ][safepoint      ] Safepoint "ICBufferFull", Time since last: 2285985 ns, Reaching safepoint: 115304 ns, At safepoint: 20201 ns, Total: 135505 ns
[13.265s][info ][safepoint      ] Safepoint "ICBufferFull", Time since last: 77603 ns, Reaching safepoint: 89603 ns, At safepoint: 20801 ns, Total: 110404 ns
[13.265s][info ][safepoint      ] Safepoint "ICBufferFull", Time since last: 33601 ns, Reaching safepoint: 87603 ns, At safepoint: 22501 ns, Total: 110104 ns
[13.265s][info ][safepoint      ] Safepoint "ICBufferFull", Time since last: 34702 ns, Reaching safepoint: 95103 ns, At safepoint: 20501 ns, Total: 115604 ns
[13.266s][info ][safepoint      ] Safepoint "ICBufferFull", Time since last: 900233 ns, Reaching safepoint: 104004 ns, At safepoint: 12600 ns, Total: 116604 ns
[13.266s][info ][safepoint      ] Safepoint "ICBufferFull", Time since last: 38602 ns, Reaching safepoint: 85503 ns, At safepoint: 20501 ns, Total: 106004 ns
[13.266s][info ][safepoint      ] Safepoint "ICBufferFull", Time since last: 122604 ns, Reaching safepoint: 89104 ns, At safepoint: 17300 ns, Total: 106404 ns
[13.266s][info ][safepoint      ] Safepoint "ICBufferFull", Time since last: 138105 ns, Reaching safepoint: 92304 ns, At safepoint: 23501 ns, Total: 115805 ns
[13.267s][info ][safepoint      ] Safepoint "ICBufferFull", Time since last: 786829 ns, Reaching safepoint: 54602 ns, At safepoint: 12500 ns, Total: 67102 ns
[13.267s][info ][safepoint      ] Safepoint "ICBufferFull", Time since last: 55102 ns, Reaching safepoint: 92704 ns, At safepoint: 18900 ns, Total: 111604 ns
[13.272s][info ][safepoint      ] Safepoint "ICBufferFull", Time since last: 4692574 ns, Reaching safepoint: 105204 ns, At safepoint: 12501 ns, Total: 117705 ns
[13.272s][info ][safepoint      ] Safepoint "ICBufferFull", Time since last: 50802 ns, Reaching safepoint: 96603 ns, At safepoint: 22101 ns, Total: 118704 ns
[13.273s][info ][safepoint      ] Safepoint "ICBufferFull", Time since last: 27401 ns, Reaching safepoint: 86403 ns, At safepoint: 25001 ns, Total: 111404 ns
[13.273s][info ][safepoint      ] Safepoint "ICBufferFull", Time since last: 173606 ns, Reaching safepoint: 103304 ns, At safepoint: 26601 ns, Total: 129905 ns
[13.274s][info ][safepoint      ] Safepoint "ICBufferFull", Time since last: 760828 ns, Reaching safepoint: 100104 ns, At safepoint: 15801 ns, Total: 115905 ns
[13.274s][info ][safepoint      ] Safepoint "ICBufferFull", Time since last: 45701 ns, Reaching safepoint: 85704 ns, At safepoint: 21100 ns, Total: 106804 ns
[13.274s][info ][safepoint      ] Safepoint "ICBufferFull", Time since last: 54702 ns, Reaching safepoint: 91004 ns, At safepoint: 27401 ns, Total: 118405 ns
[13.274s][info ][safepoint      ] Safepoint "ICBufferFull", Time since last: 45301 ns, Reaching safepoint: 87704 ns, At safepoint: 25901 ns, Total: 113605 ns
[13.274s][info ][safepoint      ] Safepoint "ICBufferFull", Time since last: 25101 ns, Reaching safepoint: 87203 ns, At safepoint: 22901 ns, Total: 110104 ns
[13.275s][info ][safepoint      ] Safepoint "ICBufferFull", Time since last: 779629 ns, Reaching safepoint: 97903 ns, At safepoint: 17401 ns, Total: 115304 ns
[13.276s][info ][safepoint      ] Safepoint "ICBufferFull", Time since last: 226208 ns, Reaching safepoint: 89604 ns, At safepoint: 21700 ns, Total: 111304 ns
[13.276s][info ][safepoint      ] Safepoint "ICBufferFull", Time since last: 83103 ns, Reaching safepoint: 108404 ns, At safepoint: 31002 ns, Total: 139406 ns
[13.276s][info ][safepoint      ] Safepoint "ICBufferFull", Time since last: 65902 ns, Reaching safepoint: 90203 ns, At safepoint: 28001 ns, Total: 118204 ns
[13.280s][info ][safepoint      ] Safepoint "ICBufferFull", Time since last: 4153454 ns, Reaching safepoint: 102804 ns, At safepoint: 21201 ns, Total: 124005 ns
[13.280s][info ][safepoint      ] Safepoint "ICBufferFull", Time since last: 57402 ns, Reaching safepoint: 95103 ns, At safepoint: 20901 ns, Total: 116004 ns
[13.281s][info ][safepoint      ] Safepoint "ICBufferFull", Time since last: 54802 ns, Reaching safepoint: 94104 ns, At safepoint: 14300 ns, Total: 108404 ns
[13.282s][info ][safepoint      ] Safepoint "ICBufferFull", Time since last: 928235 ns, Reaching safepoint: 86303 ns, At safepoint: 26401 ns, Total: 112704 ns
[13.282s][info ][safepoint      ] Safepoint "ICBufferFull", Time since last: 57602 ns, Reaching safepoint: 88103 ns, At safepoint: 22901 ns, Total: 111004 ns
[13.282s][info ][safepoint      ] Safepoint "ICBufferFull", Time since last: 63802 ns, Reaching safepoint: 87004 ns, At safepoint: 26001 ns, Total: 113005 ns
[13.282s][info ][safepoint      ] Safepoint "ICBufferFull", Time since last: 34201 ns, Reaching safepoint: 98504 ns, At safepoint: 25200 ns, Total: 123704 ns
[13.282s][info ][safepoint      ] Safepoint "ICBufferFull", Time since last: 53402 ns, Reaching safepoint: 87804 ns, At safepoint: 27601 ns, Total: 115405 ns
[13.284s][info ][safepoint      ] Safepoint "ICBufferFull", Time since last: 1951672 ns, Reaching safepoint: 106204 ns, At safepoint: 18701 ns, Total: 124905 ns
[13.285s][info ][safepoint      ] Safepoint "ICBufferFull", Time since last: 75102 ns, Reaching safepoint: 63403 ns, At safepoint: 17500 ns, Total: 80903 ns
[13.285s][info ][safepoint      ] Safepoint "ICBufferFull", Time since last: 54702 ns, Reaching safepoint: 90904 ns, At safepoint: 25701 ns, Total: 116605 ns
[13.287s][info ][safepoint      ] Safepoint "ICBufferFull", Time since last: 1834568 ns, Reaching safepoint: 186607 ns, At safepoint: 24500 ns, Total: 211107 ns
[13.287s][info ][safepoint      ] Safepoint "ICBufferFull", Time since last: 52602 ns, Reaching safepoint: 89104 ns, At safepoint: 28101 ns, Total: 117205 ns
[13.289s][info ][safepoint      ] Safepoint "ICBufferFull", Time since last: 2054176 ns, Reaching safepoint: 123304 ns, At safepoint: 24501 ns, Total: 147805 ns
[13.290s][info ][safepoint      ] Safepoint "ICBufferFull", Time since last: 883433 ns, Reaching safepoint: 106104 ns, At safepoint: 21401 ns, Total: 127505 ns
[13.292s][info ][safepoint      ] Safepoint "ICBufferFull", Time since last: 1679262 ns, Reaching safepoint: 106004 ns, At safepoint: 28901 ns, Total: 134905 ns
[13.292s][info ][safepoint      ] Safepoint "ICBufferFull", Time since last: 65302 ns, Reaching safepoint: 88804 ns, At safepoint: 26501 ns, Total: 115305 ns
[13.292s][info ][safepoint      ] Safepoint "ICBufferFull", Time since last: 120604 ns, Reaching safepoint: 86203 ns, At safepoint: 10901 ns, Total: 97104 ns
[13.293s][info ][safepoint      ] Safepoint "ICBufferFull", Time since last: 37701 ns, Reaching safepoint: 40401 ns, At safepoint: 20101 ns, Total: 60502 ns
[13.293s][info ][safepoint      ] Safepoint "ICBufferFull", Time since last: 547020 ns, Reaching safepoint: 107004 ns, At safepoint: 29102 ns, Total: 136106 ns
[13.293s][info ][safepoint      ] Safepoint "ICBufferFull", Time since last: 109304 ns, Reaching safepoint: 86003 ns, At safepoint: 27401 ns, Total: 113404 ns
[13.294s][info ][safepoint      ] Safepoint "ICBufferFull", Time since last: 44201 ns, Reaching safepoint: 84704 ns, At safepoint: 25100 ns, Total: 109804 ns
[13.294s][info ][safepoint      ] Safepoint "ICBufferFull", Time since last: 759429 ns, Reaching safepoint: 99203 ns, At safepoint: 8701 ns, Total: 107904 ns
[13.296s][info ][safepoint      ] Safepoint "ICBufferFull", Time since last: 1739464 ns, Reaching safepoint: 85403 ns, At safepoint: 23101 ns, Total: 108504 ns
[13.296s][info ][safepoint      ] Safepoint "ICBufferFull", Time since last: 64002 ns, Reaching safepoint: 85204 ns, At safepoint: 20300 ns, Total: 105504 ns
[13.297s][info ][safepoint      ] Safepoint "ICBufferFull", Time since last: 50302 ns, Reaching safepoint: 85503 ns, At safepoint: 15701 ns, Total: 101204 ns
[13.297s][info ][safepoint      ] Safepoint "ICBufferFull", Time since last: 50302 ns, Reaching safepoint: 87303 ns, At safepoint: 21301 ns, Total: 108604 ns
[13.297s][info ][safepoint      ] Safepoint "ICBufferFull", Time since last: 274310 ns, Reaching safepoint: 99604 ns, At safepoint: 27701 ns, Total: 127305 ns
[13.297s][info ][safepoint      ] Safepoint "ICBufferFull", Time since last: 71102 ns, Reaching safepoint: 87404 ns, At safepoint: 27401 ns, Total: 114805 ns
[13.300s][info ][safepoint      ] Safepoint "ICBufferFull", Time since last: 810630 ns, Reaching safepoint: 2141679 ns, At safepoint: 17500 ns, Total: 2159179 ns
[13.301s][info ][safepoint      ] Safepoint "ICBufferFull", Time since last: 108805 ns, Reaching safepoint: 96303 ns, At safepoint: 22501 ns, Total: 118804 ns
[13.301s][info ][safepoint      ] Safepoint "ICBufferFull", Time since last: 43902 ns, Reaching safepoint: 90903 ns, At safepoint: 22901 ns, Total: 113804 ns
[13.301s][info ][safepoint      ] Safepoint "ICBufferFull", Time since last: 70702 ns, Reaching safepoint: 89704 ns, At safepoint: 25001 ns, Total: 114705 ns
[13.302s][info ][safepoint      ] Safepoint "ICBufferFull", Time since last: 904133 ns, Reaching safepoint: 108304 ns, At safepoint: 16201 ns, Total: 124505 ns
[13.302s][info ][safepoint      ] Safepoint "ICBufferFull", Time since last: 73302 ns, Reaching safepoint: 89704 ns, At safepoint: 22601 ns, Total: 112305 ns
[13.309s][info ][safepoint      ] Safepoint "ICBufferFull", Time since last: 4481265 ns, Reaching safepoint: 2171281 ns, At safepoint: 22901 ns, Total: 2194182 ns
[13.310s][info ][safepoint      ] Safepoint "ICBufferFull", Time since last: 1077440 ns, Reaching safepoint: 93703 ns, At safepoint: 20101 ns, Total: 113804 ns
[13.311s][info ][safepoint      ] Safepoint "ICBufferFull", Time since last: 845931 ns, Reaching safepoint: 103704 ns, At safepoint: 23001 ns, Total: 126705 ns
[13.312s][info ][safepoint      ] Safepoint "ICBufferFull", Time since last: 1123741 ns, Reaching safepoint: 111705 ns, At safepoint: 20000 ns, Total: 131705 ns
[13.316s][info ][safepoint      ] Safepoint "ICBufferFull", Time since last: 3990548 ns, Reaching safepoint: 113504 ns, At safepoint: 11201 ns, Total: 124705 ns
[13.317s][info ][safepoint      ] Safepoint "ICBufferFull", Time since last: 78003 ns, Reaching safepoint: 103703 ns, At safepoint: 21401 ns, Total: 125104 ns
[13.317s][info ][safepoint      ] Safepoint "ICBufferFull", Time since last: 25501 ns, Reaching safepoint: 98104 ns, At safepoint: 21701 ns, Total: 119805 ns
[13.317s][info ][safepoint      ] Safepoint "ICBufferFull", Time since last: 58402 ns, Reaching safepoint: 90203 ns, At safepoint: 18201 ns, Total: 108404 ns
[13.317s][info ][safepoint      ] Safepoint "ICBufferFull", Time since last: 50302 ns, Reaching safepoint: 87503 ns, At safepoint: 22501 ns, Total: 110004 ns
[13.318s][info ][safepoint      ] Safepoint "ICBufferFull", Time since last: 1007637 ns, Reaching safepoint: 105204 ns, At safepoint: 13600 ns, Total: 118804 ns
[13.318s][info ][safepoint      ] Safepoint "ICBufferFull", Time since last: 65503 ns, Reaching safepoint: 101904 ns, At safepoint: 19800 ns, Total: 121704 ns
[13.319s][info ][safepoint      ] Safepoint "ICBufferFull", Time since last: 125605 ns, Reaching safepoint: 94503 ns, At safepoint: 20201 ns, Total: 114704 ns
[13.319s][info ][safepoint      ] Safepoint "ICBufferFull", Time since last: 43202 ns, Reaching safepoint: 87103 ns, At safepoint: 17001 ns, Total: 104104 ns
[13.320s][info ][safepoint      ] Safepoint "ICBufferFull", Time since last: 1029238 ns, Reaching safepoint: 104304 ns, At safepoint: 13900 ns, Total: 118204 ns
[13.320s][info ][safepoint      ] Safepoint "ICBufferFull", Time since last: 334013 ns, Reaching safepoint: 85403 ns, At safepoint: 19400 ns, Total: 104803 ns
[13.320s][info ][safepoint      ] Safepoint "ICBufferFull", Time since last: 63003 ns, Reaching safepoint: 95003 ns, At safepoint: 19801 ns, Total: 114804 ns
[13.321s][info ][safepoint      ] Safepoint "ICBufferFull", Time since last: 166206 ns, Reaching safepoint: 101304 ns, At safepoint: 21401 ns, Total: 122705 ns
[13.322s][info ][safepoint      ] Safepoint "ICBufferFull", Time since last: 947735 ns, Reaching safepoint: 98803 ns, At safepoint: 17001 ns, Total: 115804 ns
[13.322s][info ][safepoint      ] Safepoint "ICBufferFull", Time since last: 39802 ns, Reaching safepoint: 94903 ns, At safepoint: 23901 ns, Total: 118804 ns
[13.323s][info ][safepoint      ] Safepoint "ICBufferFull", Time since last: 915034 ns, Reaching safepoint: 48902 ns, At safepoint: 26201 ns, Total: 75103 ns
[13.324s][info ][safepoint      ] Safepoint "ICBufferFull", Time since last: 947635 ns, Reaching safepoint: 108804 ns, At safepoint: 16100 ns, Total: 124904 ns
[13.332s][info ][safepoint      ] Safepoint "ICBufferFull", Time since last: 8152102 ns, Reaching safepoint: 109604 ns, At safepoint: 22801 ns, Total: 132405 ns
[13.336s][info ][safepoint      ] Safepoint "ICBufferFull", Time since last: 3848642 ns, Reaching safepoint: 80003 ns, At safepoint: 20901 ns, Total: 100904 ns
[13.336s][info ][safepoint      ] Safepoint "ICBufferFull", Time since last: 60002 ns, Reaching safepoint: 87504 ns, At safepoint: 20400 ns, Total: 107904 ns
[13.337s][info ][safepoint      ] Safepoint "ICBufferFull", Time since last: 53002 ns, Reaching safepoint: 94904 ns, At safepoint: 18601 ns, Total: 113505 ns
[13.337s][info ][safepoint      ] Safepoint "ICBufferFull", Time since last: 143305 ns, Reaching safepoint: 94803 ns, At safepoint: 19601 ns, Total: 114404 ns
[13.338s][info ][safepoint      ] Safepoint "ICBufferFull", Time since last: 853032 ns, Reaching safepoint: 104804 ns, At safepoint: 16400 ns, Total: 121204 ns
[13.338s][info ][safepoint      ] Safepoint "ICBufferFull", Time since last: 63003 ns, Reaching safepoint: 91503 ns, At safepoint: 19201 ns, Total: 110704 ns
[13.338s][info ][safepoint      ] Safepoint "ICBufferFull", Time since last: 48301 ns, Reaching safepoint: 86904 ns, At safepoint: 24701 ns, Total: 111605 ns
[13.339s][info ][safepoint      ] Safepoint "ICBufferFull", Time since last: 961235 ns, Reaching safepoint: 108804 ns, At safepoint: 14901 ns, Total: 123705 ns
[13.339s][info ][safepoint      ] Safepoint "ICBufferFull", Time since last: 38301 ns, Reaching safepoint: 86403 ns, At safepoint: 29401 ns, Total: 115804 ns
[13.340s][info ][safepoint      ] Safepoint "ICBufferFull", Time since last: 53702 ns, Reaching safepoint: 86604 ns, At safepoint: 19900 ns, Total: 106504 ns
[13.341s][info ][safepoint      ] Safepoint "ICBufferFull", Time since last: 862732 ns, Reaching safepoint: 101204 ns, At safepoint: 23201 ns, Total: 124405 ns
[13.341s][info ][safepoint      ] Safepoint "ICBufferFull", Time since last: 107604 ns, Reaching safepoint: 90803 ns, At safepoint: 21401 ns, Total: 112204 ns
[13.342s][info ][safepoint      ] Safepoint "ICBufferFull", Time since last: 1004937 ns, Reaching safepoint: 90504 ns, At safepoint: 22300 ns, Total: 112804 ns
[13.342s][info ][safepoint      ] Safepoint "ICBufferFull", Time since last: 361414 ns, Reaching safepoint: 89003 ns, At safepoint: 21201 ns, Total: 110204 ns
[13.343s][info ][safepoint      ] Safepoint "ICBufferFull", Time since last: 890533 ns, Reaching safepoint: 89603 ns, At safepoint: 22301 ns, Total: 111904 ns
[13.344s][info ][safepoint      ] Safepoint "ICBufferFull", Time since last: 62402 ns, Reaching safepoint: 89904 ns, At safepoint: 18200 ns, Total: 108104 ns
[13.344s][info ][safepoint      ] Safepoint "ICBufferFull", Time since last: 140306 ns, Reaching safepoint: 70502 ns, At safepoint: 29601 ns, Total: 100103 ns
[13.345s][info ][safepoint      ] Safepoint "ICBufferFull", Time since last: 1066240 ns, Reaching safepoint: 78503 ns, At safepoint: 18600 ns, Total: 97103 ns
[13.345s][info ][safepoint      ] Safepoint "ICBufferFull", Time since last: 55702 ns, Reaching safepoint: 87704 ns, At safepoint: 23200 ns, Total: 110904 ns
[13.345s][info ][safepoint      ] Safepoint "ICBufferFull", Time since last: 27601 ns, Reaching safepoint: 94404 ns, At safepoint: 21901 ns, Total: 116305 ns
[13.346s][info ][safepoint      ] Safepoint "ICBufferFull", Time since last: 880332 ns, Reaching safepoint: 111205 ns, At safepoint: 14700 ns, Total: 125905 ns
[13.346s][info ][safepoint      ] Safepoint "ICBufferFull", Time since last: 84603 ns, Reaching safepoint: 85003 ns, At safepoint: 17001 ns, Total: 102004 ns
[13.347s][info ][safepoint      ] Safepoint "ICBufferFull", Time since last: 874832 ns, Reaching safepoint: 109304 ns, At safepoint: 17401 ns, Total: 126705 ns
[13.348s][info ][safepoint      ] Safepoint "ICBufferFull", Time since last: 43102 ns, Reaching safepoint: 93403 ns, At safepoint: 28201 ns, Total: 121604 ns
[13.349s][info ][safepoint      ] Safepoint "ICBufferFull", Time since last: 890833 ns, Reaching safepoint: 107604 ns, At safepoint: 26801 ns, Total: 134405 ns
[13.350s][info ][safepoint      ] Safepoint "ICBufferFull", Time since last: 955235 ns, Reaching safepoint: 104104 ns, At safepoint: 17601 ns, Total: 121705 ns
[13.350s][info ][safepoint      ] Safepoint "ICBufferFull", Time since last: 31601 ns, Reaching safepoint: 84403 ns, At safepoint: 21801 ns, Total: 106204 ns
[13.351s][info ][safepoint      ] Safepoint "ICBufferFull", Time since last: 1054139 ns, Reaching safepoint: 107704 ns, At safepoint: 18201 ns, Total: 125905 ns
[13.351s][info ][safepoint      ] Safepoint "ICBufferFull", Time since last: 41901 ns, Reaching safepoint: 96704 ns, At safepoint: 20501 ns, Total: 117205 ns
[13.353s][info ][safepoint      ] Safepoint "ICBufferFull", Time since last: 1011537 ns, Reaching safepoint: 931035 ns, At safepoint: 15900 ns, Total: 946935 ns
[13.354s][info ][safepoint      ] Safepoint "ICBufferFull", Time since last: 1061739 ns, Reaching safepoint: 103304 ns, At safepoint: 18501 ns, Total: 121805 ns
[13.354s][info ][safepoint      ] Safepoint "ICBufferFull", Time since last: 59002 ns, Reaching safepoint: 93304 ns, At safepoint: 16600 ns, Total: 109904 ns
[13.355s][info ][safepoint      ] Safepoint "ICBufferFull", Time since last: 200308 ns, Reaching safepoint: 96503 ns, At safepoint: 13801 ns, Total: 110304 ns
[13.355s][info ][safepoint      ] Safepoint "ICBufferFull", Time since last: 409615 ns, Reaching safepoint: 102004 ns, At safepoint: 19300 ns, Total: 121304 ns
[13.358s][info ][safepoint      ] Safepoint "ICBufferFull", Time since last: 1594459 ns, Reaching safepoint: 579122 ns, At safepoint: 24701 ns, Total: 603823 ns
[13.360s][info ][safepoint      ] Safepoint "ICBufferFull", Time since last: 2673399 ns, Reaching safepoint: 64902 ns, At safepoint: 9100 ns, Total: 74002 ns
[13.367s][info ][safepoint      ] Safepoint "ICBufferFull", Time since last: 6710049 ns, Reaching safepoint: 126205 ns, At safepoint: 20600 ns, Total: 146805 ns
[13.367s][info ][safepoint      ] Safepoint "ICBufferFull", Time since last: 88204 ns, Reaching safepoint: 92103 ns, At safepoint: 19801 ns, Total: 111904 ns
[13.369s][info ][safepoint      ] Safepoint "ICBufferFull", Time since last: 1095840 ns, Reaching safepoint: 106204 ns, At safepoint: 22201 ns, Total: 128405 ns
[13.369s][info ][safepoint      ] Safepoint "ICBufferFull", Time since last: 191807 ns, Reaching safepoint: 97204 ns, At safepoint: 28101 ns, Total: 125305 ns
[13.370s][info ][safepoint      ] Safepoint "ICBufferFull", Time since last: 874032 ns, Reaching safepoint: 178107 ns, At safepoint: 21501 ns, Total: 199608 ns
[13.371s][info ][safepoint      ] Safepoint "ICBufferFull", Time since last: 819630 ns, Reaching safepoint: 94103 ns, At safepoint: 20901 ns, Total: 115004 ns
[13.371s][info ][safepoint      ] Safepoint "ICBufferFull", Time since last: 58202 ns, Reaching safepoint: 92204 ns, At safepoint: 21301 ns, Total: 113505 ns
[13.371s][info ][safepoint      ] Safepoint "ICBufferFull", Time since last: 39101 ns, Reaching safepoint: 86003 ns, At safepoint: 24601 ns, Total: 110604 ns
[13.372s][info ][safepoint      ] Safepoint "ICBufferFull", Time since last: 760828 ns, Reaching safepoint: 100604 ns, At safepoint: 17401 ns, Total: 118005 ns
[13.372s][info ][safepoint      ] Safepoint "ICBufferFull", Time since last: 97303 ns, Reaching safepoint: 90604 ns, At safepoint: 18400 ns, Total: 109004 ns
[13.376s][info ][safepoint      ] Safepoint "ICBufferFull", Time since last: 3878444 ns, Reaching safepoint: 107604 ns, At safepoint: 27901 ns, Total: 135505 ns
[13.376s][info ][safepoint      ] Safepoint "ICBufferFull", Time since last: 58502 ns, Reaching safepoint: 95404 ns, At safepoint: 22300 ns, Total: 117704 ns
[13.377s][info ][safepoint      ] Safepoint "ICBufferFull", Time since last: 49302 ns, Reaching safepoint: 99304 ns, At safepoint: 24601 ns, Total: 123905 ns
[13.378s][info ][safepoint      ] Safepoint "ICBufferFull", Time since last: 794229 ns, Reaching safepoint: 104604 ns, At safepoint: 17001 ns, Total: 121605 ns
[13.378s][info ][safepoint      ] Safepoint "ICBufferFull", Time since last: 48902 ns, Reaching safepoint: 96603 ns, At safepoint: 20401 ns, Total: 117004 ns
[13.378s][info ][safepoint      ] Safepoint "ICBufferFull", Time since last: 29101 ns, Reaching safepoint: 85703 ns, At safepoint: 22201 ns, Total: 107904 ns
[13.379s][info ][safepoint      ] Safepoint "ICBufferFull", Time since last: 878532 ns, Reaching safepoint: 103304 ns, At safepoint: 20901 ns, Total: 124205 ns
[13.379s][info ][safepoint      ] Safepoint "ICBufferFull", Time since last: 33801 ns, Reaching safepoint: 361814 ns, At safepoint: 26001 ns, Total: 387815 ns
[13.385s][info ][safepoint      ] Safepoint "ICBufferFull", Time since last: 5495603 ns, Reaching safepoint: 99404 ns, At safepoint: 16000 ns, Total: 115404 ns
[13.385s][info ][safepoint      ] Safepoint "ICBufferFull", Time since last: 107704 ns, Reaching safepoint: 92004 ns, At safepoint: 16900 ns, Total: 108904 ns
[13.385s][info ][safepoint      ] Safepoint "ICBufferFull", Time since last: 46302 ns, Reaching safepoint: 84603 ns, At safepoint: 23801 ns, Total: 108404 ns
[13.386s][info ][safepoint      ] Safepoint "ICBufferFull", Time since last: 956936 ns, Reaching safepoint: 102803 ns, At safepoint: 17101 ns, Total: 119904 ns
[13.387s][info ][safepoint      ] Safepoint "ICBufferFull", Time since last: 41302 ns, Reaching safepoint: 101403 ns, At safepoint: 19301 ns, Total: 120704 ns
[13.388s][info ][safepoint      ] Safepoint "ICBufferFull", Time since last: 942935 ns, Reaching safepoint: 93503 ns, At safepoint: 19501 ns, Total: 113004 ns
[13.389s][info ][safepoint      ] Safepoint "ICBufferFull", Time since last: 966536 ns, Reaching safepoint: 96203 ns, At safepoint: 23701 ns, Total: 119904 ns
[13.390s][info ][safepoint      ] Safepoint "ICBufferFull", Time since last: 991337 ns, Reaching safepoint: 94404 ns, At safepoint: 21500 ns, Total: 115904 ns
[13.391s][info ][safepoint      ] Safepoint "ICBufferFull", Time since last: 1093541 ns, Reaching safepoint: 99903 ns, At safepoint: 19401 ns, Total: 119304 ns
[13.392s][info ][safepoint      ] Safepoint "ICBufferFull", Time since last: 952035 ns, Reaching safepoint: 115505 ns, At safepoint: 27501 ns, Total: 143006 ns
[13.394s][info ][safepoint      ] Safepoint "ICBufferFull", Time since last: 1469254 ns, Reaching safepoint: 106004 ns, At safepoint: 24301 ns, Total: 130305 ns
[13.395s][info ][safepoint      ] Safepoint "ICBufferFull", Time since last: 992237 ns, Reaching safepoint: 97103 ns, At safepoint: 21401 ns, Total: 118504 ns
[13.396s][info ][safepoint      ] Safepoint "ICBufferFull", Time since last: 1020938 ns, Reaching safepoint: 104904 ns, At safepoint: 19801 ns, Total: 124705 ns
[13.396s][info ][safepoint      ] Safepoint "ICBufferFull", Time since last: 52001 ns, Reaching safepoint: 85904 ns, At safepoint: 21800 ns, Total: 107704 ns
[13.396s][info ][safepoint      ] Safepoint "ICBufferFull", Time since last: 48202 ns, Reaching safepoint: 87503 ns, At safepoint: 22501 ns, Total: 110004 ns
[13.397s][info ][safepoint      ] Safepoint "ICBufferFull", Time since last: 1058939 ns, Reaching safepoint: 104504 ns, At safepoint: 24601 ns, Total: 129105 ns
[13.399s][info ][safepoint      ] Safepoint "ICBufferFull", Time since last: 1016838 ns, Reaching safepoint: 107504 ns, At safepoint: 21701 ns, Total: 129205 ns
[13.400s][info ][safepoint      ] Safepoint "ICBufferFull", Time since last: 1039738 ns, Reaching safepoint: 102204 ns, At safepoint: 23001 ns, Total: 125205 ns
[13.400s][info ][safepoint      ] Safepoint "ICBufferFull", Time since last: 181407 ns, Reaching safepoint: 98703 ns, At safepoint: 25601 ns, Total: 124304 ns
[13.401s][info ][safepoint      ] Safepoint "ICBufferFull", Time since last: 1213745 ns, Reaching safepoint: 105204 ns, At safepoint: 18301 ns, Total: 123505 ns
[13.402s][info ][safepoint      ] Safepoint "ICBufferFull", Time since last: 45901 ns, Reaching safepoint: 97604 ns, At safepoint: 18601 ns, Total: 116205 ns
[13.403s][info ][safepoint      ] Safepoint "ICBufferFull", Time since last: 963535 ns, Reaching safepoint: 79603 ns, At safepoint: 15801 ns, Total: 95404 ns
[13.403s][info ][safepoint      ] Safepoint "ICBufferFull", Time since last: 47102 ns, Reaching safepoint: 84703 ns, At safepoint: 19400 ns, Total: 104103 ns
[13.409s][info ][safepoint      ] Safepoint "ICBufferFull", Time since last: 1658362 ns, Reaching safepoint: 4238257 ns, At safepoint: 24801 ns, Total: 4263058 ns
[13.410s][info ][safepoint      ] Safepoint "ICBufferFull", Time since last: 1041738 ns, Reaching safepoint: 381514 ns, At safepoint: 18301 ns, Total: 399815 ns
[13.411s][info ][safepoint      ] Safepoint "ICBufferFull", Time since last: 912934 ns, Reaching safepoint: 104204 ns, At safepoint: 10600 ns, Total: 114804 ns
[13.411s][info ][safepoint      ] Safepoint "ICBufferFull", Time since last: 40002 ns, Reaching safepoint: 85003 ns, At safepoint: 15100 ns, Total: 100103 ns
[13.412s][info ][safepoint      ] Safepoint "ICBufferFull", Time since last: 806930 ns, Reaching safepoint: 58302 ns, At safepoint: 14501 ns, Total: 72803 ns
[13.412s][info ][safepoint      ] Safepoint "ICBufferFull", Time since last: 51802 ns, Reaching safepoint: 102804 ns, At safepoint: 19500 ns, Total: 122304 ns
[13.413s][info ][safepoint      ] Safepoint "ICBufferFull", Time since last: 755228 ns, Reaching safepoint: 98404 ns, At safepoint: 16101 ns, Total: 114505 ns
[13.418s][info ][safepoint      ] Safepoint "ICBufferFull", Time since last: 4921682 ns, Reaching safepoint: 114004 ns, At safepoint: 18401 ns, Total: 132405 ns
[13.419s][info ][safepoint      ] Safepoint "ICBufferFull", Time since last: 127704 ns, Reaching safepoint: 103204 ns, At safepoint: 20201 ns, Total: 123405 ns
[13.420s][info ][safepoint      ] Safepoint "ICBufferFull", Time since last: 1020138 ns, Reaching safepoint: 99403 ns, At safepoint: 19001 ns, Total: 118404 ns
[13.421s][info ][safepoint      ] Safepoint "ICBufferFull", Time since last: 1026238 ns, Reaching safepoint: 100304 ns, At safepoint: 20001 ns, Total: 120305 ns
[13.421s][info ][safepoint      ] Safepoint "ICBufferFull", Time since last: 38701 ns, Reaching safepoint: 101004 ns, At safepoint: 19200 ns, Total: 120204 ns
[13.422s][info ][safepoint      ] Safepoint "ICBufferFull", Time since last: 1014838 ns, Reaching safepoint: 107304 ns, At safepoint: 20101 ns, Total: 127405 ns
[13.422s][info ][safepoint      ] Safepoint "ICBufferFull", Time since last: 63502 ns, Reaching safepoint: 95904 ns, At safepoint: 21000 ns, Total: 116904 ns
[13.422s][info ][safepoint      ] Safepoint "ICBufferFull", Time since last: 38802 ns, Reaching safepoint: 90203 ns, At safepoint: 19201 ns, Total: 109404 ns
[13.424s][info ][safepoint      ] Safepoint "ICBufferFull", Time since last: 1757065 ns, Reaching safepoint: 100304 ns, At safepoint: 18300 ns, Total: 118604 ns
[13.424s][info ][safepoint      ] Safepoint "ICBufferFull", Time since last: 36702 ns, Reaching safepoint: 87403 ns, At safepoint: 24101 ns, Total: 111504 ns
[13.425s][info ][safepoint      ] Safepoint "ICBufferFull", Time since last: 49602 ns, Reaching safepoint: 86303 ns, At safepoint: 28501 ns, Total: 114804 ns
[13.425s][info ][safepoint      ] Safepoint "ICBufferFull", Time since last: 25401 ns, Reaching safepoint: 86303 ns, At safepoint: 22501 ns, Total: 108804 ns
[13.425s][info ][safepoint      ] Safepoint "ICBufferFull", Time since last: 67902 ns, Reaching safepoint: 86604 ns, At safepoint: 27301 ns, Total: 113905 ns
[13.426s][info ][safepoint      ] Safepoint "ICBufferFull", Time since last: 945735 ns, Reaching safepoint: 106304 ns, At safepoint: 20500 ns, Total: 126804 ns
[13.427s][info ][safepoint      ] Safepoint "ICBufferFull", Time since last: 993237 ns, Reaching safepoint: 75403 ns, At safepoint: 16200 ns, Total: 91603 ns
[13.427s][info ][safepoint      ] Safepoint "ICBufferFull", Time since last: 44802 ns, Reaching safepoint: 86403 ns, At safepoint: 19101 ns, Total: 105504 ns
[13.428s][info ][safepoint      ] Safepoint "ICBufferFull", Time since last: 1036438 ns, Reaching safepoint: 102204 ns, At safepoint: 13201 ns, Total: 115405 ns
[13.429s][info ][safepoint      ] Safepoint "ICBufferFull", Time since last: 52402 ns, Reaching safepoint: 85903 ns, At safepoint: 23401 ns, Total: 109304 ns
[13.430s][info ][safepoint      ] Safepoint "ICBufferFull", Time since last: 1151742 ns, Reaching safepoint: 108804 ns, At safepoint: 19301 ns, Total: 128105 ns
[13.431s][info ][safepoint      ] Safepoint "ICBufferFull", Time since last: 600022 ns, Reaching safepoint: 65903 ns, At safepoint: 19100 ns, Total: 85003 ns
[13.432s][info ][safepoint      ] Safepoint "ICBufferFull", Time since last: 901734 ns, Reaching safepoint: 85803 ns, At safepoint: 17101 ns, Total: 102904 ns
[13.432s][info ][safepoint      ] Safepoint "ICBufferFull", Time since last: 53802 ns, Reaching safepoint: 88803 ns, At safepoint: 21101 ns, Total: 109904 ns
[13.433s][info ][safepoint      ] Safepoint "ICBufferFull", Time since last: 1019137 ns, Reaching safepoint: 92104 ns, At safepoint: 12200 ns, Total: 104304 ns
[13.433s][info ][safepoint      ] Safepoint "ICBufferFull", Time since last: 42702 ns, Reaching safepoint: 86903 ns, At safepoint: 14201 ns, Total: 101104 ns
[13.434s][info ][safepoint      ] Safepoint "ICBufferFull", Time since last: 938434 ns, Reaching safepoint: 77503 ns, At safepoint: 20401 ns, Total: 97904 ns
[13.435s][info ][safepoint      ] Safepoint "ICBufferFull", Time since last: 862832 ns, Reaching safepoint: 101304 ns, At safepoint: 16200 ns, Total: 117504 ns
[13.435s][info ][safepoint      ] Safepoint "ICBufferFull", Time since last: 48802 ns, Reaching safepoint: 85503 ns, At safepoint: 22601 ns, Total: 108104 ns
[13.436s][info ][safepoint      ] Safepoint "ICBufferFull", Time since last: 880733 ns, Reaching safepoint: 114504 ns, At safepoint: 18901 ns, Total: 133405 ns
[13.436s][info ][safepoint      ] Safepoint "ICBufferFull", Time since last: 50801 ns, Reaching safepoint: 88904 ns, At safepoint: 18600 ns, Total: 107504 ns
[13.437s][info ][safepoint      ] Safepoint "ICBufferFull", Time since last: 719527 ns, Reaching safepoint: 131505 ns, At safepoint: 19701 ns, Total: 151206 ns
[13.441s][info ][safepoint      ] Safepoint "ICBufferFull", Time since last: 3523430 ns, Reaching safepoint: 86603 ns, At safepoint: 19801 ns, Total: 106404 ns
[13.441s][info ][safepoint      ] Safepoint "ICBufferFull", Time since last: 33101 ns, Reaching safepoint: 85403 ns, At safepoint: 19201 ns, Total: 104604 ns
[13.442s][info ][safepoint      ] Safepoint "ICBufferFull", Time since last: 853032 ns, Reaching safepoint: 98803 ns, At safepoint: 10801 ns, Total: 109604 ns
[13.442s][info ][safepoint      ] Safepoint "ICBufferFull", Time since last: 44701 ns, Reaching safepoint: 85504 ns, At safepoint: 16300 ns, Total: 101804 ns
[13.442s][info ][safepoint      ] Safepoint "ICBufferFull", Time since last: 53702 ns, Reaching safepoint: 90604 ns, At safepoint: 16100 ns, Total: 106704 ns
[13.443s][info ][safepoint      ] Safepoint "ICBufferFull", Time since last: 935535 ns, Reaching safepoint: 74903 ns, At safepoint: 12200 ns, Total: 87103 ns
[13.443s][info ][safepoint      ] Safepoint "ICBufferFull", Time since last: 44302 ns, Reaching safepoint: 89603 ns, At safepoint: 14201 ns, Total: 103804 ns
[13.444s][info ][safepoint      ] Safepoint "ICBufferFull", Time since last: 40301 ns, Reaching safepoint: 96304 ns, At safepoint: 19100 ns, Total: 115404 ns
[13.445s][info ][safepoint      ] Safepoint "ICBufferFull", Time since last: 910634 ns, Reaching safepoint: 104604 ns, At safepoint: 10000 ns, Total: 114604 ns
[13.445s][info ][safepoint      ] Safepoint "ICBufferFull", Time since last: 759928 ns, Reaching safepoint: 96104 ns, At safepoint: 19501 ns, Total: 115605 ns
[13.446s][info ][safepoint      ] Safepoint "ICBufferFull", Time since last: 59302 ns, Reaching safepoint: 86703 ns, At safepoint: 21201 ns, Total: 107904 ns
[13.447s][info ][safepoint      ] Safepoint "ICBufferFull", Time since last: 1020938 ns, Reaching safepoint: 94203 ns, At safepoint: 10601 ns, Total: 104804 ns
[13.447s][info ][safepoint      ] Safepoint "ICBufferFull", Time since last: 53802 ns, Reaching safepoint: 93903 ns, At safepoint: 21501 ns, Total: 115404 ns
[13.447s][info ][safepoint      ] Safepoint "ICBufferFull", Time since last: 32201 ns, Reaching safepoint: 90803 ns, At safepoint: 25401 ns, Total: 116204 ns
[13.448s][info ][safepoint      ] Safepoint "ICBufferFull", Time since last: 804530 ns, Reaching safepoint: 99004 ns, At safepoint: 11700 ns, Total: 110704 ns
[13.448s][info ][safepoint      ] Safepoint "ICBufferFull", Time since last: 58402 ns, Reaching safepoint: 99704 ns, At safepoint: 18101 ns, Total: 117805 ns
[13.448s][info ][safepoint      ] Safepoint "ICBufferFull", Time since last: 48301 ns, Reaching safepoint: 89004 ns, At safepoint: 23101 ns, Total: 112105 ns
[13.448s][info ][safepoint      ] Safepoint "ICBufferFull", Time since last: 31001 ns, Reaching safepoint: 84403 ns, At safepoint: 16001 ns, Total: 100404 ns
[13.449s][info ][safepoint      ] Safepoint "ICBufferFull", Time since last: 63202 ns, Reaching safepoint: 87603 ns, At safepoint: 22201 ns, Total: 109804 ns
[13.449s][info ][safepoint      ] Safepoint "ICBufferFull", Time since last: 673725 ns, Reaching safepoint: 87803 ns, At safepoint: 8800 ns, Total: 96603 ns
[13.450s][info ][safepoint      ] Safepoint "ICBufferFull", Time since last: 57803 ns, Reaching safepoint: 83903 ns, At safepoint: 20800 ns, Total: 104703 ns
[13.450s][info ][safepoint      ] Safepoint "ICBufferFull", Time since last: 58603 ns, Reaching safepoint: 84803 ns, At safepoint: 21501 ns, Total: 106304 ns
[13.450s][info ][safepoint      ] Safepoint "ICBufferFull", Time since last: 47501 ns, Reaching safepoint: 90904 ns, At safepoint: 20600 ns, Total: 111504 ns
[13.450s][info ][safepoint      ] Safepoint "ICBufferFull", Time since last: 102504 ns, Reaching safepoint: 85403 ns, At safepoint: 21301 ns, Total: 106704 ns
[13.450s][info ][safepoint      ] Safepoint "ICBufferFull", Time since last: 53302 ns, Reaching safepoint: 86303 ns, At safepoint: 24601 ns, Total: 110904 ns
[13.452s][info ][safepoint      ] Safepoint "ICBufferFull", Time since last: 1329749 ns, Reaching safepoint: 90504 ns, At safepoint: 15500 ns, Total: 106004 ns
[13.454s][info ][safepoint      ] Safepoint "ICBufferFull", Time since last: 2450791 ns, Reaching safepoint: 113504 ns, At safepoint: 14101 ns, Total: 127605 ns
[13.454s][info ][safepoint      ] Safepoint "ICBufferFull", Time since last: 131605 ns, Reaching safepoint: 97903 ns, At safepoint: 11801 ns, Total: 109704 ns
[13.460s][info ][safepoint      ] Safepoint "ICBufferFull", Time since last: 5716411 ns, Reaching safepoint: 119105 ns, At safepoint: 14500 ns, Total: 133605 ns
[13.464s][info ][safepoint      ] Safepoint "ICBufferFull", Time since last: 3874544 ns, Reaching safepoint: 119404 ns, At safepoint: 19701 ns, Total: 139105 ns
[13.465s][info ][safepoint      ] Safepoint "ICBufferFull", Time since last: 81903 ns, Reaching safepoint: 89103 ns, At safepoint: 17501 ns, Total: 106604 ns
[13.465s][info ][safepoint      ] Safepoint "ICBufferFull", Time since last: 432016 ns, Reaching safepoint: 98804 ns, At safepoint: 16200 ns, Total: 115004 ns
[13.466s][info ][safepoint      ] Safepoint "ICBufferFull", Time since last: 982937 ns, Reaching safepoint: 90003 ns, At safepoint: 13600 ns, Total: 103603 ns
[13.466s][info ][safepoint      ] Safepoint "ICBufferFull", Time since last: 49402 ns, Reaching safepoint: 86203 ns, At safepoint: 18001 ns, Total: 104204 ns
[13.467s][info ][safepoint      ] Safepoint "ICBufferFull", Time since last: 1071040 ns, Reaching safepoint: 75203 ns, At safepoint: 15700 ns, Total: 90903 ns
[13.468s][info ][safepoint      ] Safepoint "ICBufferFull", Time since last: 33501 ns, Reaching safepoint: 60003 ns, At safepoint: 29001 ns, Total: 89004 ns
[13.468s][info ][safepoint      ] Safepoint "ICBufferFull", Time since last: 32401 ns, Reaching safepoint: 86903 ns, At safepoint: 18601 ns, Total: 105504 ns
[13.470s][info ][safepoint      ] Safepoint "ICBufferFull", Time since last: 2104278 ns, Reaching safepoint: 103604 ns, At safepoint: 16300 ns, Total: 119904 ns
[13.476s][info ][safepoint      ] Safepoint "ICBufferFull", Time since last: 6192729 ns, Reaching safepoint: 107504 ns, At safepoint: 16901 ns, Total: 124405 ns
[13.476s][info ][safepoint      ] Safepoint "ICBufferFull", Time since last: 80703 ns, Reaching safepoint: 95604 ns, At safepoint: 20500 ns, Total: 116104 ns
[13.477s][info ][safepoint      ] Safepoint "ICBufferFull", Time since last: 69903 ns, Reaching safepoint: 100404 ns, At safepoint: 17600 ns, Total: 118004 ns
[13.478s][info ][safepoint      ] Safepoint "ICBufferFull", Time since last: 1512456 ns, Reaching safepoint: 89904 ns, At safepoint: 15200 ns, Total: 105104 ns
[13.478s][info ][safepoint      ] Safepoint "ICBufferFull", Time since last: 51402 ns, Reaching safepoint: 85403 ns, At safepoint: 19601 ns, Total: 105004 ns
[13.479s][info ][safepoint      ] Safepoint "ICBufferFull", Time since last: 783129 ns, Reaching safepoint: 90803 ns, At safepoint: 15401 ns, Total: 106204 ns
[13.481s][info ][safepoint      ] Safepoint "ICBufferFull", Time since last: 1059139 ns, Reaching safepoint: 98004 ns, At safepoint: 14900 ns, Total: 112904 ns
[13.481s][info ][safepoint      ] Safepoint "ICBufferFull", Time since last: 41602 ns, Reaching safepoint: 85203 ns, At safepoint: 12000 ns, Total: 97203 ns
[13.481s][info ][safepoint      ] Safepoint "ICBufferFull", Time since last: 35502 ns, Reaching safepoint: 101603 ns, At safepoint: 19101 ns, Total: 120704 ns
[13.482s][info ][safepoint      ] Safepoint "ICBufferFull", Time since last: 754128 ns, Reaching safepoint: 52502 ns, At safepoint: 15201 ns, Total: 67703 ns
[13.482s][info ][safepoint      ] Safepoint "ICBufferFull", Time since last: 50902 ns, Reaching safepoint: 99403 ns, At safepoint: 14701 ns, Total: 114104 ns
[13.482s][info ][safepoint      ] Safepoint "ICBufferFull", Time since last: 35701 ns, Reaching safepoint: 90703 ns, At safepoint: 18101 ns, Total: 108804 ns
[13.483s][info ][safepoint      ] Safepoint "ICBufferFull", Time since last: 954935 ns, Reaching safepoint: 67403 ns, At safepoint: 23801 ns, Total: 91204 ns
[13.484s][info ][safepoint      ] Safepoint "ICBufferFull", Time since last: 943135 ns, Reaching safepoint: 96503 ns, At safepoint: 20701 ns, Total: 117204 ns
[13.484s][info ][safepoint      ] Safepoint "ICBufferFull", Time since last: 157506 ns, Reaching safepoint: 107504 ns, At safepoint: 17501 ns, Total: 125005 ns
[13.487s][info ][safepoint      ] Safepoint "ICBufferFull", Time since last: 2547694 ns, Reaching safepoint: 96503 ns, At safepoint: 22801 ns, Total: 119304 ns
[13.487s][info ][safepoint      ] Safepoint "ICBufferFull", Time since last: 79603 ns, Reaching safepoint: 90304 ns, At safepoint: 23500 ns, Total: 113804 ns
[13.487s][info ][safepoint      ] Safepoint "ICBufferFull", Time since last: 74903 ns, Reaching safepoint: 89204 ns, At safepoint: 21400 ns, Total: 110604 ns
[13.488s][info ][safepoint      ] Safepoint "ICBufferFull", Time since last: 77903 ns, Reaching safepoint: 87203 ns, At safepoint: 21301 ns, Total: 108504 ns
[13.488s][info ][safepoint      ] Safepoint "ICBufferFull", Time since last: 81603 ns, Reaching safepoint: 90004 ns, At safepoint: 25000 ns, Total: 115004 ns
[13.489s][info ][safepoint      ] Safepoint "ICBufferFull", Time since last: 941135 ns, Reaching safepoint: 96504 ns, At safepoint: 11400 ns, Total: 107904 ns
[13.489s][info ][safepoint      ] Safepoint "ICBufferFull", Time since last: 47202 ns, Reaching safepoint: 103204 ns, At safepoint: 62002 ns, Total: 165206 ns
[13.489s][info ][safepoint      ] Safepoint "ICBufferFull", Time since last: 74803 ns, Reaching safepoint: 98404 ns, At safepoint: 14600 ns, Total: 113004 ns
[13.490s][info ][safepoint      ] Safepoint "ICBufferFull", Time since last: 925634 ns, Reaching safepoint: 107904 ns, At safepoint: 13101 ns, Total: 121005 ns
[13.490s][info ][safepoint      ] Safepoint "ICBufferFull", Time since last: 43301 ns, Reaching safepoint: 89604 ns, At safepoint: 14400 ns, Total: 104004 ns
[13.491s][info ][safepoint      ] Safepoint "ICBufferFull", Time since last: 35302 ns, Reaching safepoint: 84303 ns, At safepoint: 15400 ns, Total: 99703 ns
[13.492s][info ][safepoint      ] Safepoint "ICBufferFull", Time since last: 937335 ns, Reaching safepoint: 114804 ns, At safepoint: 13801 ns, Total: 128605 ns
[13.492s][info ][safepoint      ] Safepoint "ICBufferFull", Time since last: 541320 ns, Reaching safepoint: 84603 ns, At safepoint: 17501 ns, Total: 102104 ns
[13.493s][info ][safepoint      ] Safepoint "ICBufferFull", Time since last: 930334 ns, Reaching safepoint: 101904 ns, At safepoint: 17000 ns, Total: 118904 ns
[13.493s][info ][safepoint      ] Safepoint "ICBufferFull", Time since last: 39002 ns, Reaching safepoint: 88603 ns, At safepoint: 12701 ns, Total: 101304 ns
[13.494s][info ][safepoint      ] Safepoint "ICBufferFull", Time since last: 921034 ns, Reaching safepoint: 96303 ns, At safepoint: 16401 ns, Total: 112704 ns
[13.500s][info ][safepoint      ] Safepoint "ICBufferFull", Time since last: 5696611 ns, Reaching safepoint: 95903 ns, At safepoint: 16001 ns, Total: 111904 ns
[13.500s][info ][safepoint      ] Safepoint "ICBufferFull", Time since last: 58002 ns, Reaching safepoint: 86303 ns, At safepoint: 14801 ns, Total: 101104 ns
[13.501s][info ][safepoint      ] Safepoint "ICBufferFull", Time since last: 25001 ns, Reaching safepoint: 90103 ns, At safepoint: 18001 ns, Total: 108104 ns
[13.502s][info ][safepoint      ] Safepoint "ICBufferFull", Time since last: 883533 ns, Reaching safepoint: 90103 ns, At safepoint: 20501 ns, Total: 110604 ns
[13.502s][info ][safepoint      ] Safepoint "ICBufferFull", Time since last: 43601 ns, Reaching safepoint: 92204 ns, At safepoint: 22600 ns, Total: 114804 ns
[13.503s][info ][safepoint      ] Safepoint "ICBufferFull", Time since last: 1020238 ns, Reaching safepoint: 94804 ns, At safepoint: 18500 ns, Total: 113304 ns
[13.504s][info ][safepoint      ] Safepoint "ICBufferFull", Time since last: 1141243 ns, Reaching safepoint: 94303 ns, At safepoint: 11001 ns, Total: 105304 ns
[13.504s][info ][safepoint      ] Safepoint "ICBufferFull", Time since last: 69302 ns, Reaching safepoint: 89203 ns, At safepoint: 19601 ns, Total: 108804 ns
[13.505s][info ][safepoint      ] Safepoint "ICBufferFull", Time since last: 704326 ns, Reaching safepoint: 93004 ns, At safepoint: 18200 ns, Total: 111204 ns
[13.505s][info ][safepoint      ] Safepoint "ICBufferFull", Time since last: 75903 ns, Reaching safepoint: 93704 ns, At safepoint: 19900 ns, Total: 113604 ns
[13.508s][info ][safepoint      ] Safepoint "ICBufferFull", Time since last: 1961373 ns, Reaching safepoint: 930334 ns, At safepoint: 12001 ns, Total: 942335 ns
[13.512s][info ][safepoint      ] Safepoint "ICBufferFull", Time since last: 3990448 ns, Reaching safepoint: 113804 ns, At safepoint: 11100 ns, Total: 124904 ns
[13.516s][info ][safepoint      ] Safepoint "ICBufferFull", Time since last: 3886944 ns, Reaching safepoint: 96104 ns, At safepoint: 22601 ns, Total: 118705 ns
[13.516s][info ][safepoint      ] Safepoint "ICBufferFull", Time since last: 69602 ns, Reaching safepoint: 57802 ns, At safepoint: 24801 ns, Total: 82603 ns
[13.517s][info ][safepoint      ] Safepoint "ICBufferFull", Time since last: 40102 ns, Reaching safepoint: 85003 ns, At safepoint: 18801 ns, Total: 103804 ns
[13.517s][info ][safepoint      ] Safepoint "ICBufferFull", Time since last: 207007 ns, Reaching safepoint: 86103 ns, At safepoint: 25401 ns, Total: 111504 ns
[13.520s][info ][safepoint      ] Safepoint "ICBufferFull", Time since last: 3252721 ns, Reaching safepoint: 104104 ns, At safepoint: 21800 ns, Total: 125904 ns
[13.520s][info ][safepoint      ] Safepoint "ICBufferFull", Time since last: 64003 ns, Reaching safepoint: 85403 ns, At safepoint: 22001 ns, Total: 107404 ns
[13.521s][info ][safepoint      ] Safepoint "ICBufferFull", Time since last: 52102 ns, Reaching safepoint: 95703 ns, At safepoint: 17201 ns, Total: 112904 ns
[13.521s][info ][safepoint      ] Safepoint "ICBufferFull", Time since last: 55902 ns, Reaching safepoint: 86903 ns, At safepoint: 20401 ns, Total: 107304 ns
[13.521s][info ][safepoint      ] Safepoint "ICBufferFull", Time since last: 51202 ns, Reaching safepoint: 86103 ns, At safepoint: 23501 ns, Total: 109604 ns
[13.521s][info ][safepoint      ] Safepoint "ICBufferFull", Time since last: 36901 ns, Reaching safepoint: 91004 ns, At safepoint: 25101 ns, Total: 116105 ns
[13.522s][info ][safepoint      ] Safepoint "ICBufferFull", Time since last: 728426 ns, Reaching safepoint: 104504 ns, At safepoint: 9801 ns, Total: 114305 ns
[13.522s][info ][safepoint      ] Safepoint "ICBufferFull", Time since last: 120804 ns, Reaching safepoint: 92304 ns, At safepoint: 10600 ns, Total: 102904 ns
[13.522s][info ][safepoint      ] Safepoint "ICBufferFull", Time since last: 43602 ns, Reaching safepoint: 85303 ns, At safepoint: 19400 ns, Total: 104703 ns
[13.522s][info ][safepoint      ] Safepoint "ICBufferFull", Time since last: 49002 ns, Reaching safepoint: 85903 ns, At safepoint: 19001 ns, Total: 104904 ns
[13.523s][info ][safepoint      ] Safepoint "ICBufferFull", Time since last: 117905 ns, Reaching safepoint: 89703 ns, At safepoint: 20901 ns, Total: 110604 ns
[13.523s][info ][safepoint      ] Safepoint "ICBufferFull", Time since last: 72302 ns, Reaching safepoint: 90304 ns, At safepoint: 18800 ns, Total: 109104 ns
[13.524s][info ][safepoint      ] Safepoint "ICBufferFull", Time since last: 790130 ns, Reaching safepoint: 90703 ns, At safepoint: 18001 ns, Total: 108704 ns
[13.524s][info ][safepoint      ] Safepoint "ICBufferFull", Time since last: 67602 ns, Reaching safepoint: 90203 ns, At safepoint: 20701 ns, Total: 110904 ns
[13.530s][info ][safepoint      ] Safepoint "ICBufferFull", Time since last: 6344735 ns, Reaching safepoint: 59002 ns, At safepoint: 24801 ns, Total: 83803 ns
[13.531s][info ][safepoint      ] Safepoint "ICBufferFull", Time since last: 57202 ns, Reaching safepoint: 91504 ns, At safepoint: 23501 ns, Total: 115005 ns
[13.531s][info ][safepoint      ] Safepoint "ICBufferFull", Time since last: 51402 ns, Reaching safepoint: 90103 ns, At safepoint: 20901 ns, Total: 111004 ns
[13.531s][info ][safepoint      ] Safepoint "ICBufferFull", Time since last: 127604 ns, Reaching safepoint: 91604 ns, At safepoint: 21901 ns, Total: 113505 ns
[13.531s][info ][safepoint      ] Safepoint "ICBufferFull", Time since last: 64102 ns, Reaching safepoint: 90803 ns, At safepoint: 24301 ns, Total: 115104 ns
[13.532s][info ][safepoint      ] Safepoint "ICBufferFull", Time since last: 893833 ns, Reaching safepoint: 94304 ns, At safepoint: 14000 ns, Total: 108304 ns
[13.532s][info ][safepoint      ] Safepoint "ICBufferFull", Time since last: 76703 ns, Reaching safepoint: 90303 ns, At safepoint: 19501 ns, Total: 109804 ns
[13.533s][info ][safepoint      ] Safepoint "ICBufferFull", Time since last: 86303 ns, Reaching safepoint: 90604 ns, At safepoint: 18800 ns, Total: 109404 ns
[13.533s][info ][safepoint      ] Safepoint "ICBufferFull", Time since last: 60203 ns, Reaching safepoint: 90103 ns, At safepoint: 24201 ns, Total: 114304 ns
[13.534s][info ][safepoint      ] Safepoint "ICBufferFull", Time since last: 875332 ns, Reaching safepoint: 91504 ns, At safepoint: 15700 ns, Total: 107204 ns
[13.534s][info ][safepoint      ] Safepoint "ICBufferFull", Time since last: 40502 ns, Reaching safepoint: 88003 ns, At safepoint: 17101 ns, Total: 105104 ns
[13.534s][info ][safepoint      ] Safepoint "ICBufferFull", Time since last: 29001 ns, Reaching safepoint: 88003 ns, At safepoint: 23701 ns, Total: 111704 ns
[13.534s][info ][safepoint      ] Safepoint "ICBufferFull", Time since last: 25801 ns, Reaching safepoint: 89803 ns, At safepoint: 18401 ns, Total: 108204 ns
[13.535s][info ][safepoint      ] Safepoint "ICBufferFull", Time since last: 740027 ns, Reaching safepoint: 89304 ns, At safepoint: 14400 ns, Total: 103704 ns
[13.535s][info ][safepoint      ] Safepoint "ICBufferFull", Time since last: 50702 ns, Reaching safepoint: 88403 ns, At safepoint: 15401 ns, Total: 103804 ns
[13.535s][info ][safepoint      ] Safepoint "ICBufferFull", Time since last: 47602 ns, Reaching safepoint: 87703 ns, At safepoint: 19301 ns, Total: 107004 ns
[13.535s][info ][safepoint      ] Safepoint "ICBufferFull", Time since last: 84003 ns, Reaching safepoint: 88103 ns, At safepoint: 17801 ns, Total: 105904 ns
[13.536s][info ][safepoint      ] Safepoint "ICBufferFull", Time since last: 865332 ns, Reaching safepoint: 90603 ns, At safepoint: 17901 ns, Total: 108504 ns
[13.537s][info ][safepoint      ] Safepoint "ICBufferFull", Time since last: 80303 ns, Reaching safepoint: 103803 ns, At safepoint: 15001 ns, Total: 118804 ns
[13.537s][info ][safepoint      ] Safepoint "ICBufferFull", Time since last: 35801 ns, Reaching safepoint: 89504 ns, At safepoint: 19900 ns, Total: 109404 ns
[13.538s][info ][safepoint      ] Safepoint "ICBufferFull", Time since last: 899834 ns, Reaching safepoint: 109804 ns, At safepoint: 11500 ns, Total: 121304 ns
[13.538s][info ][safepoint      ] Safepoint "ICBufferFull", Time since last: 40602 ns, Reaching safepoint: 91503 ns, At safepoint: 18301 ns, Total: 109804 ns
[13.538s][info ][safepoint      ] Safepoint "ICBufferFull", Time since last: 44901 ns, Reaching safepoint: 86104 ns, At safepoint: 22000 ns, Total: 108104 ns
[13.539s][info ][safepoint      ] Safepoint "ICBufferFull", Time since last: 849232 ns, Reaching safepoint: 87603 ns, At safepoint: 14801 ns, Total: 102404 ns
[13.539s][info ][safepoint      ] Safepoint "ICBufferFull", Time since last: 68502 ns, Reaching safepoint: 85603 ns, At safepoint: 14601 ns, Total: 100204 ns
[13.539s][info ][safepoint      ] Safepoint "ICBufferFull", Time since last: 66902 ns, Reaching safepoint: 86504 ns, At safepoint: 21300 ns, Total: 107804 ns
[13.540s][info ][safepoint      ] Safepoint "ICBufferFull", Time since last: 888033 ns, Reaching safepoint: 104904 ns, At safepoint: 17101 ns, Total: 122005 ns
[13.541s][info ][safepoint      ] Safepoint "ICBufferFull", Time since last: 55902 ns, Reaching safepoint: 94703 ns, At safepoint: 19701 ns, Total: 114404 ns
[13.542s][info ][safepoint      ] Safepoint "ICBufferFull", Time since last: 1016838 ns, Reaching safepoint: 90003 ns, At safepoint: 15701 ns, Total: 105704 ns
[13.542s][info ][safepoint      ] Safepoint "ICBufferFull", Time since last: 53602 ns, Reaching safepoint: 88303 ns, At safepoint: 19301 ns, Total: 107604 ns
[13.543s][info ][safepoint      ] Safepoint "ICBufferFull", Time since last: 1048038 ns, Reaching safepoint: 92204 ns, At safepoint: 21401 ns, Total: 113605 ns
[13.543s][info ][safepoint      ] Safepoint "ICBufferFull", Time since last: 78903 ns, Reaching safepoint: 89303 ns, At safepoint: 18100 ns, Total: 107403 ns
[13.543s][info ][safepoint      ] Safepoint "ICBufferFull", Time since last: 80703 ns, Reaching safepoint: 89504 ns, At safepoint: 21901 ns, Total: 111405 ns
[13.544s][info ][safepoint      ] Safepoint "ICBufferFull", Time since last: 73502 ns, Reaching safepoint: 95404 ns, At safepoint: 27001 ns, Total: 122405 ns
[13.544s][info ][safepoint      ] Safepoint "ICBufferFull", Time since last: 183807 ns, Reaching safepoint: 109104 ns, At safepoint: 18600 ns, Total: 127704 ns
[13.545s][info ][safepoint      ] Safepoint "ICBufferFull", Time since last: 848432 ns, Reaching safepoint: 104704 ns, At safepoint: 13300 ns, Total: 118004 ns
[13.545s][info ][safepoint      ] Safepoint "ICBufferFull", Time since last: 40402 ns, Reaching safepoint: 108504 ns, At safepoint: 16900 ns, Total: 125404 ns
[13.545s][info ][safepoint      ] Safepoint "ICBufferFull", Time since last: 35102 ns, Reaching safepoint: 88303 ns, At safepoint: 18401 ns, Total: 106704 ns
[13.546s][info ][safepoint      ] Safepoint "ICBufferFull", Time since last: 935734 ns, Reaching safepoint: 100404 ns, At safepoint: 13200 ns, Total: 113604 ns
[13.546s][info ][safepoint      ] Safepoint "ICBufferFull", Time since last: 38402 ns, Reaching safepoint: 95303 ns, At safepoint: 14801 ns, Total: 110104 ns
[13.547s][info ][safepoint      ] Safepoint "ICBufferFull", Time since last: 750028 ns, Reaching safepoint: 98303 ns, At safepoint: 12701 ns, Total: 111004 ns
[13.547s][info ][safepoint      ] Safepoint "ICBufferFull", Time since last: 36101 ns, Reaching safepoint: 86003 ns, At safepoint: 18801 ns, Total: 104804 ns
[13.548s][info ][safepoint      ] Safepoint "ICBufferFull", Time since last: 30601 ns, Reaching safepoint: 74503 ns, At safepoint: 20201 ns, Total: 94704 ns
[13.548s][info ][safepoint      ] Safepoint "ICBufferFull", Time since last: 807330 ns, Reaching safepoint: 88303 ns, At safepoint: 12900 ns, Total: 101203 ns
[13.549s][info ][safepoint      ] Safepoint "ICBufferFull", Time since last: 73703 ns, Reaching safepoint: 86903 ns, At safepoint: 14101 ns, Total: 101004 ns
[13.549s][info ][safepoint      ] Safepoint "ICBufferFull", Time since last: 39901 ns, Reaching safepoint: 85203 ns, At safepoint: 21301 ns, Total: 106504 ns
[13.552s][info ][safepoint      ] Safepoint "ICBufferFull", Time since last: 3524831 ns, Reaching safepoint: 102803 ns, At safepoint: 24901 ns, Total: 127704 ns
[13.553s][info ][safepoint      ] Safepoint "ICBufferFull", Time since last: 37202 ns, Reaching safepoint: 81603 ns, At safepoint: 13900 ns, Total: 95503 ns
[13.554s][info ][safepoint      ] Safepoint "ICBufferFull", Time since last: 1010938 ns, Reaching safepoint: 90403 ns, At safepoint: 17001 ns, Total: 107404 ns
[13.554s][info ][safepoint      ] Safepoint "ICBufferFull", Time since last: 41201 ns, Reaching safepoint: 92704 ns, At safepoint: 17900 ns, Total: 110604 ns
[13.555s][info ][safepoint      ] Safepoint "ICBufferFull", Time since last: 899234 ns, Reaching safepoint: 92503 ns, At safepoint: 14001 ns, Total: 106504 ns
[13.555s][info ][safepoint      ] Safepoint "ICBufferFull", Time since last: 35701 ns, Reaching safepoint: 90103 ns, At safepoint: 14201 ns, Total: 104304 ns
[13.556s][info ][safepoint      ] Safepoint "ICBufferFull", Time since last: 960035 ns, Reaching safepoint: 92204 ns, At safepoint: 18700 ns, Total: 110904 ns
[13.556s][info ][safepoint      ] Safepoint "ICBufferFull", Time since last: 40402 ns, Reaching safepoint: 93003 ns, At safepoint: 15001 ns, Total: 108004 ns
[13.558s][info ][safepoint      ] Safepoint "ICBufferFull", Time since last: 1529857 ns, Reaching safepoint: 581721 ns, At safepoint: 17001 ns, Total: 598722 ns
[13.559s][info ][safepoint      ] Safepoint "ICBufferFull", Time since last: 388114 ns, Reaching safepoint: 94604 ns, At safepoint: 20700 ns, Total: 115304 ns
[13.560s][info ][safepoint      ] Safepoint "ICBufferFull", Time since last: 819331 ns, Reaching safepoint: 97603 ns, At safepoint: 15601 ns, Total: 113204 ns
[13.560s][info ][safepoint      ] Safepoint "ICBufferFull", Time since last: 32201 ns, Reaching safepoint: 105304 ns, At safepoint: 17901 ns, Total: 123205 ns
[13.563s][info ][safepoint      ] Safepoint "ICBufferFull", Time since last: 3297322 ns, Reaching safepoint: 110304 ns, At safepoint: 17400 ns, Total: 127704 ns
[13.568s][info ][safepoint      ] Safepoint "ICBufferFull", Time since last: 4874681 ns, Reaching safepoint: 108604 ns, At safepoint: 14900 ns, Total: 123504 ns
[13.569s][info ][safepoint      ] Safepoint "ICBufferFull", Time since last: 82004 ns, Reaching safepoint: 89403 ns, At safepoint: 26001 ns, Total: 115404 ns
[13.569s][info ][safepoint      ] Safepoint "ICBufferFull", Time since last: 40401 ns, Reaching safepoint: 89704 ns, At safepoint: 22100 ns, Total: 111804 ns
[13.569s][info ][safepoint      ] Safepoint "ICBufferFull", Time since last: 35102 ns, Reaching safepoint: 90103 ns, At safepoint: 25301 ns, Total: 115404 ns
[13.570s][info ][safepoint      ] Safepoint "ICBufferFull", Time since last: 809530 ns, Reaching safepoint: 85703 ns, At safepoint: 12501 ns, Total: 98204 ns
[13.570s][info ][safepoint      ] Safepoint "ICBufferFull", Time since last: 51602 ns, Reaching safepoint: 87503 ns, At safepoint: 23101 ns, Total: 110604 ns
[13.570s][info ][safepoint      ] Safepoint "ICBufferFull", Time since last: 76802 ns, Reaching safepoint: 93504 ns, At safepoint: 19801 ns, Total: 113305 ns
[13.570s][info ][safepoint      ] Safepoint "ICBufferFull", Time since last: 72402 ns, Reaching safepoint: 72403 ns, At safepoint: 22701 ns, Total: 95104 ns
[13.571s][info ][safepoint      ] Safepoint "ICBufferFull", Time since last: 745427 ns, Reaching safepoint: 99404 ns, At safepoint: 14101 ns, Total: 113505 ns
[13.571s][info ][safepoint      ] Safepoint "ICBufferFull", Time since last: 48701 ns, Reaching safepoint: 90504 ns, At safepoint: 21401 ns, Total: 111905 ns
[13.571s][info ][safepoint      ] Safepoint "ICBufferFull", Time since last: 26501 ns, Reaching safepoint: 84903 ns, At safepoint: 23001 ns, Total: 107904 ns
[13.572s][info ][safepoint      ] Safepoint "ICBufferFull", Time since last: 26701 ns, Reaching safepoint: 154405 ns, At safepoint: 23201 ns, Total: 177606 ns
[13.572s][info ][safepoint      ] Safepoint "ICBufferFull", Time since last: 762428 ns, Reaching safepoint: 104304 ns, At safepoint: 21801 ns, Total: 126105 ns
[13.573s][info ][safepoint      ] Safepoint "ICBufferFull", Time since last: 65302 ns, Reaching safepoint: 97104 ns, At safepoint: 23601 ns, Total: 120705 ns
[13.573s][info ][safepoint      ] Safepoint "ICBufferFull", Time since last: 82103 ns, Reaching safepoint: 85803 ns, At safepoint: 21201 ns, Total: 107004 ns
[13.573s][info ][safepoint      ] Safepoint "ICBufferFull", Time since last: 95903 ns, Reaching safepoint: 80603 ns, At safepoint: 20301 ns, Total: 100904 ns
[13.573s][info ][safepoint      ] Safepoint "ICBufferFull", Time since last: 46502 ns, Reaching safepoint: 87403 ns, At safepoint: 25701 ns, Total: 113104 ns
[13.574s][info ][safepoint      ] Safepoint "ICBufferFull", Time since last: 731027 ns, Reaching safepoint: 100004 ns, At safepoint: 17201 ns, Total: 117205 ns
[13.574s][info ][safepoint      ] Safepoint "ICBufferFull", Time since last: 54302 ns, Reaching safepoint: 85003 ns, At safepoint: 18700 ns, Total: 103703 ns
[13.574s][info ][safepoint      ] Safepoint "ICBufferFull", Time since last: 60703 ns, Reaching safepoint: 85703 ns, At safepoint: 21401 ns, Total: 107104 ns
[13.575s][info ][safepoint      ] Safepoint "ICBufferFull", Time since last: 867532 ns, Reaching safepoint: 103404 ns, At safepoint: 14300 ns, Total: 117704 ns
[13.576s][info ][safepoint      ] Safepoint "ICBufferFull", Time since last: 48402 ns, Reaching safepoint: 104204 ns, At safepoint: 13600 ns, Total: 117804 ns
[13.576s][info ][safepoint      ] Safepoint "ICBufferFull", Time since last: 36902 ns, Reaching safepoint: 86503 ns, At safepoint: 16800 ns, Total: 103303 ns
[13.577s][info ][safepoint      ] Safepoint "ICBufferFull", Time since last: 836031 ns, Reaching safepoint: 97604 ns, At safepoint: 14601 ns, Total: 112205 ns
[13.577s][info ][safepoint      ] Safepoint "ICBufferFull", Time since last: 44501 ns, Reaching safepoint: 100404 ns, At safepoint: 13100 ns, Total: 113504 ns
[13.577s][info ][safepoint      ] Safepoint "ICBufferFull", Time since last: 53802 ns, Reaching safepoint: 86604 ns, At safepoint: 16600 ns, Total: 103204 ns
[13.578s][info ][safepoint      ] Safepoint "ICBufferFull", Time since last: 745928 ns, Reaching safepoint: 112404 ns, At safepoint: 15901 ns, Total: 128305 ns
[13.578s][info ][safepoint      ] Safepoint "ICBufferFull", Time since last: 55802 ns, Reaching safepoint: 85803 ns, At safepoint: 17300 ns, Total: 103103 ns
[13.578s][info ][safepoint      ] Safepoint "ICBufferFull", Time since last: 31502 ns, Reaching safepoint: 84003 ns, At safepoint: 16900 ns, Total: 100903 ns
[13.579s][info ][safepoint      ] Safepoint "ICBufferFull", Time since last: 868532 ns, Reaching safepoint: 89904 ns, At safepoint: 19701 ns, Total: 109605 ns
[13.579s][info ][safepoint      ] Safepoint "ICBufferFull", Time since last: 57402 ns, Reaching safepoint: 56302 ns, At safepoint: 18500 ns, Total: 74802 ns
[13.583s][info ][safepoint      ] Safepoint "ICBufferFull", Time since last: 4055551 ns, Reaching safepoint: 112104 ns, At safepoint: 15000 ns, Total: 127104 ns
[13.584s][info ][safepoint      ] Safepoint "ICBufferFull", Time since last: 37702 ns, Reaching safepoint: 98003 ns, At safepoint: 21301 ns, Total: 119304 ns
[13.584s][info ][safepoint      ] Safepoint "ICBufferFull", Time since last: 35001 ns, Reaching safepoint: 83903 ns, At safepoint: 19001 ns, Total: 102904 ns
[13.585s][info ][safepoint      ] Safepoint "ICBufferFull", Time since last: 869932 ns, Reaching safepoint: 105404 ns, At safepoint: 12401 ns, Total: 117805 ns
[13.585s][info ][safepoint      ] Safepoint "ICBufferFull", Time since last: 68402 ns, Reaching safepoint: 88604 ns, At safepoint: 15900 ns, Total: 104504 ns
[13.585s][info ][safepoint      ] Safepoint "ICBufferFull", Time since last: 43402 ns, Reaching safepoint: 86703 ns, At safepoint: 15801 ns, Total: 102504 ns
[13.586s][info ][safepoint      ] Safepoint "ICBufferFull", Time since last: 952935 ns, Reaching safepoint: 99404 ns, At safepoint: 11600 ns, Total: 111004 ns
[13.586s][info ][safepoint      ] Safepoint "ICBufferFull", Time since last: 48102 ns, Reaching safepoint: 85403 ns, At safepoint: 17601 ns, Total: 103004 ns
[13.586s][info ][safepoint      ] Safepoint "ICBufferFull", Time since last: 39401 ns, Reaching safepoint: 102204 ns, At safepoint: 20001 ns, Total: 122205 ns
[13.587s][info ][safepoint      ] Safepoint "ICBufferFull", Time since last: 823530 ns, Reaching safepoint: 57602 ns, At safepoint: 20501 ns, Total: 78103 ns
[13.587s][info ][safepoint      ] Safepoint "ICBufferFull", Time since last: 47002 ns, Reaching safepoint: 74302 ns, At safepoint: 23801 ns, Total: 98103 ns
[13.588s][info ][safepoint      ] Safepoint "ICBufferFull", Time since last: 915934 ns, Reaching safepoint: 93204 ns, At safepoint: 14200 ns, Total: 107404 ns
[13.589s][info ][safepoint      ] Safepoint "ICBufferFull", Time since last: 94904 ns, Reaching safepoint: 93203 ns, At safepoint: 14401 ns, Total: 107604 ns
[13.589s][info ][safepoint      ] Safepoint "ICBufferFull", Time since last: 82203 ns, Reaching safepoint: 86603 ns, At safepoint: 15100 ns, Total: 101703 ns
[13.590s][info ][safepoint      ] Safepoint "ICBufferFull", Time since last: 887633 ns, Reaching safepoint: 99304 ns, At safepoint: 10600 ns, Total: 109904 ns
[13.590s][info ][safepoint      ] Safepoint "ICBufferFull", Time since last: 54402 ns, Reaching safepoint: 92404 ns, At safepoint: 12600 ns, Total: 105004 ns
[13.590s][info ][safepoint      ] Safepoint "ICBufferFull", Time since last: 46502 ns, Reaching safepoint: 96104 ns, At safepoint: 17600 ns, Total: 113704 ns
[13.591s][info ][safepoint      ] Safepoint "ICBufferFull", Time since last: 866332 ns, Reaching safepoint: 103704 ns, At safepoint: 15101 ns, Total: 118805 ns
[13.591s][info ][safepoint      ] Safepoint "ICBufferFull", Time since last: 31101 ns, Reaching safepoint: 86203 ns, At safepoint: 16601 ns, Total: 102804 ns
[13.592s][info ][safepoint      ] Safepoint "ICBufferFull", Time since last: 983336 ns, Reaching safepoint: 97204 ns, At safepoint: 15600 ns, Total: 112804 ns
[13.593s][info ][safepoint      ] Safepoint "ICBufferFull", Time since last: 756528 ns, Reaching safepoint: 87604 ns, At safepoint: 12900 ns, Total: 100504 ns
[13.593s][info ][safepoint      ] Safepoint "ICBufferFull", Time since last: 52102 ns, Reaching safepoint: 89403 ns, At safepoint: 19701 ns, Total: 109104 ns
[13.595s][info ][safepoint      ] Safepoint "ICBufferFull", Time since last: 1053239 ns, Reaching safepoint: 104704 ns, At safepoint: 16900 ns, Total: 121604 ns
[13.595s][info ][safepoint      ] Safepoint "ICBufferFull", Time since last: 64703 ns, Reaching safepoint: 87203 ns, At safepoint: 17501 ns, Total: 104704 ns
[13.596s][info ][safepoint      ] Safepoint "ICBufferFull", Time since last: 1091440 ns, Reaching safepoint: 109404 ns, At safepoint: 15201 ns, Total: 124605 ns
[13.597s][info ][safepoint      ] Safepoint "ICBufferFull", Time since last: 639323 ns, Reaching safepoint: 104304 ns, At safepoint: 21701 ns, Total: 126005 ns
[13.597s][info ][safepoint      ] Safepoint "ICBufferFull", Time since last: 141805 ns, Reaching safepoint: 88104 ns, At safepoint: 23200 ns, Total: 111304 ns
[13.598s][info ][safepoint      ] Safepoint "ICBufferFull", Time since last: 839332 ns, Reaching safepoint: 90303 ns, At safepoint: 18301 ns, Total: 108604 ns
[13.599s][info ][safepoint      ] Safepoint "ICBufferFull", Time since last: 891233 ns, Reaching safepoint: 105803 ns, At safepoint: 26001 ns, Total: 131804 ns
[13.599s][info ][safepoint      ] Safepoint "ICBufferFull", Time since last: 59903 ns, Reaching safepoint: 87803 ns, At safepoint: 22301 ns, Total: 110104 ns
[13.599s][info ][safepoint      ] Safepoint "ICBufferFull", Time since last: 26201 ns, Reaching safepoint: 86703 ns, At safepoint: 23401 ns, Total: 110104 ns
[13.599s][info ][safepoint      ] Safepoint "ICBufferFull", Time since last: 72202 ns, Reaching safepoint: 99004 ns, At safepoint: 20801 ns, Total: 119805 ns
[13.600s][info ][safepoint      ] Safepoint "ICBufferFull", Time since last: 871732 ns, Reaching safepoint: 100504 ns, At safepoint: 12700 ns, Total: 113204 ns
[13.601s][info ][safepoint      ] Safepoint "ICBufferFull", Time since last: 57202 ns, Reaching safepoint: 87204 ns, At safepoint: 19700 ns, Total: 106904 ns
[13.601s][info ][safepoint      ] Safepoint "ICBufferFull", Time since last: 49902 ns, Reaching safepoint: 87804 ns, At safepoint: 20200 ns, Total: 108004 ns
[13.601s][info ][safepoint      ] Safepoint "ICBufferFull", Time since last: 129905 ns, Reaching safepoint: 88003 ns, At safepoint: 23201 ns, Total: 111204 ns
[13.601s][info ][safepoint      ] Safepoint "ICBufferFull", Time since last: 290111 ns, Reaching safepoint: 176906 ns, At safepoint: 26701 ns, Total: 203607 ns
[13.603s][info ][safepoint      ] Safepoint "ICBufferFull", Time since last: 991437 ns, Reaching safepoint: 107104 ns, At safepoint: 16101 ns, Total: 123205 ns
[13.603s][info ][safepoint      ] Safepoint "ICBufferFull", Time since last: 29201 ns, Reaching safepoint: 85303 ns, At safepoint: 20501 ns, Total: 105804 ns
[13.603s][info ][safepoint      ] Safepoint "ICBufferFull", Time since last: 42901 ns, Reaching safepoint: 107204 ns, At safepoint: 16801 ns, Total: 124005 ns
[13.604s][info ][safepoint      ] Safepoint "ICBufferFull", Time since last: 857232 ns, Reaching safepoint: 252209 ns, At safepoint: 11400 ns, Total: 263609 ns
[13.605s][info ][safepoint      ] Safepoint "ICBufferFull", Time since last: 1052539 ns, Reaching safepoint: 97004 ns, At safepoint: 13400 ns, Total: 110404 ns
[13.608s][info ][safepoint      ] Safepoint "ICBufferFull", Time since last: 2784004 ns, Reaching safepoint: 92903 ns, At safepoint: 17701 ns, Total: 110604 ns
[13.611s][info ][safepoint      ] Safepoint "ICBufferFull", Time since last: 2867506 ns, Reaching safepoint: 124504 ns, At safepoint: 19701 ns, Total: 144205 ns
[13.613s][info ][safepoint      ] Safepoint "ICBufferFull", Time since last: 1305548 ns, Reaching safepoint: 109005 ns, At safepoint: 13500 ns, Total: 122505 ns
[13.613s][info ][safepoint      ] Safepoint "ICBufferFull", Time since last: 63602 ns, Reaching safepoint: 98404 ns, At safepoint: 20601 ns, Total: 119005 ns
[13.613s][info ][safepoint      ] Safepoint "ICBufferFull", Time since last: 88903 ns, Reaching safepoint: 89303 ns, At safepoint: 22701 ns, Total: 112004 ns
[13.614s][info ][safepoint      ] Safepoint "ICBufferFull", Time since last: 1025738 ns, Reaching safepoint: 98904 ns, At safepoint: 17100 ns, Total: 116004 ns
[13.614s][info ][safepoint      ] Safepoint "ICBufferFull", Time since last: 38902 ns, Reaching safepoint: 87603 ns, At safepoint: 19401 ns, Total: 107004 ns
[13.615s][info ][safepoint      ] Safepoint "ICBufferFull", Time since last: 988136 ns, Reaching safepoint: 274411 ns, At safepoint: 17300 ns, Total: 291711 ns
[13.616s][info ][safepoint      ] Safepoint "ICBufferFull", Time since last: 711727 ns, Reaching safepoint: 67602 ns, At safepoint: 15101 ns, Total: 82703 ns
[13.616s][info ][safepoint      ] Safepoint "ICBufferFull", Time since last: 50002 ns, Reaching safepoint: 80603 ns, At safepoint: 20400 ns, Total: 101003 ns
[13.617s][info ][safepoint      ] Safepoint "ICBufferFull", Time since last: 893433 ns, Reaching safepoint: 100504 ns, At safepoint: 13701 ns, Total: 114205 ns
[13.618s][info ][safepoint      ] Safepoint "ICBufferFull", Time since last: 40101 ns, Reaching safepoint: 87003 ns, At safepoint: 15701 ns, Total: 102704 ns
[13.618s][info ][safepoint      ] Safepoint "ICBufferFull", Time since last: 39801 ns, Reaching safepoint: 94004 ns, At safepoint: 19301 ns, Total: 113305 ns
[13.619s][info ][safepoint      ] Safepoint "ICBufferFull", Time since last: 847731 ns, Reaching safepoint: 109804 ns, At safepoint: 16201 ns, Total: 126005 ns
[13.619s][info ][safepoint      ] Safepoint "ICBufferFull", Time since last: 35901 ns, Reaching safepoint: 91103 ns, At safepoint: 16001 ns, Total: 107104 ns
[13.619s][info ][safepoint      ] Safepoint "ICBufferFull", Time since last: 40701 ns, Reaching safepoint: 87404 ns, At safepoint: 17400 ns, Total: 104804 ns
[13.620s][info ][safepoint      ] Safepoint "ICBufferFull", Time since last: 815030 ns, Reaching safepoint: 99504 ns, At safepoint: 13501 ns, Total: 113005 ns
[13.620s][info ][safepoint      ] Safepoint "ICBufferFull", Time since last: 38201 ns, Reaching safepoint: 87803 ns, At safepoint: 19901 ns, Total: 107704 ns
[13.620s][info ][safepoint      ] Safepoint "ICBufferFull", Time since last: 34601 ns, Reaching safepoint: 86103 ns, At safepoint: 17001 ns, Total: 103104 ns
[13.621s][info ][safepoint      ] Safepoint "ICBufferFull", Time since last: 843531 ns, Reaching safepoint: 98904 ns, At safepoint: 12500 ns, Total: 111404 ns
[13.621s][info ][safepoint      ] Safepoint "ICBufferFull", Time since last: 71603 ns, Reaching safepoint: 91504 ns, At safepoint: 16400 ns, Total: 107904 ns
[13.621s][info ][safepoint      ] Safepoint "ICBufferFull", Time since last: 38102 ns, Reaching safepoint: 89203 ns, At safepoint: 19901 ns, Total: 109104 ns
[13.623s][info ][safepoint      ] Safepoint "ICBufferFull", Time since last: 976436 ns, Reaching safepoint: 122004 ns, At safepoint: 16701 ns, Total: 138705 ns
[13.624s][info ][safepoint      ] Safepoint "ICBufferFull", Time since last: 1177443 ns, Reaching safepoint: 112605 ns, At safepoint: 24901 ns, Total: 137506 ns
[13.624s][info ][safepoint      ] Safepoint "ICBufferFull", Time since last: 45901 ns, Reaching safepoint: 98704 ns, At safepoint: 21701 ns, Total: 120405 ns
[13.624s][info ][safepoint      ] Safepoint "ICBufferFull", Time since last: 32101 ns, Reaching safepoint: 87803 ns, At safepoint: 23101 ns, Total: 110904 ns
[13.625s][info ][safepoint      ] Safepoint "ICBufferFull", Time since last: 898133 ns, Reaching safepoint: 99804 ns, At safepoint: 11600 ns, Total: 111404 ns
[13.625s][info ][safepoint      ] Safepoint "ICBufferFull", Time since last: 51002 ns, Reaching safepoint: 87904 ns, At safepoint: 16500 ns, Total: 104404 ns
[13.626s][info ][safepoint      ] Safepoint "ICBufferFull", Time since last: 32401 ns, Reaching safepoint: 100104 ns, At safepoint: 22801 ns, Total: 122905 ns
[13.626s][info ][safepoint      ] Safepoint "ICBufferFull", Time since last: 800830 ns, Reaching safepoint: 101903 ns, At safepoint: 12901 ns, Total: 114804 ns
[13.627s][info ][safepoint      ] Safepoint "ICBufferFull", Time since last: 69602 ns, Reaching safepoint: 87904 ns, At safepoint: 15500 ns, Total: 103404 ns
[13.627s][info ][safepoint      ] Safepoint "ICBufferFull", Time since last: 78003 ns, Reaching safepoint: 91603 ns, At safepoint: 18501 ns, Total: 110104 ns
[13.628s][info ][safepoint      ] Safepoint "ICBufferFull", Time since last: 806530 ns, Reaching safepoint: 100004 ns, At safepoint: 12700 ns, Total: 112704 ns
[13.628s][info ][safepoint      ] Safepoint "ICBufferFull", Time since last: 44202 ns, Reaching safepoint: 87403 ns, At safepoint: 19901 ns, Total: 107304 ns
[13.628s][info ][safepoint      ] Safepoint "ICBufferFull", Time since last: 25801 ns, Reaching safepoint: 87303 ns, At safepoint: 17701 ns, Total: 105004 ns
[13.629s][info ][safepoint      ] Safepoint "ICBufferFull", Time since last: 858931 ns, Reaching safepoint: 111905 ns, At safepoint: 18800 ns, Total: 130705 ns
[13.629s][info ][safepoint      ] Safepoint "ICBufferFull", Time since last: 42302 ns, Reaching safepoint: 155306 ns, At safepoint: 21400 ns, Total: 176706 ns
[13.630s][info ][safepoint      ] Safepoint "ICBufferFull", Time since last: 819431 ns, Reaching safepoint: 88903 ns, At safepoint: 19601 ns, Total: 108504 ns
[13.630s][info ][safepoint      ] Safepoint "ICBufferFull", Time since last: 56502 ns, Reaching safepoint: 86503 ns, At safepoint: 18001 ns, Total: 104504 ns
[13.630s][info ][safepoint      ] Safepoint "ICBufferFull", Time since last: 41901 ns, Reaching safepoint: 94504 ns, At safepoint: 18400 ns, Total: 112904 ns
[13.631s][info ][safepoint      ] Safepoint "ICBufferFull", Time since last: 839031 ns, Reaching safepoint: 100504 ns, At safepoint: 10301 ns, Total: 110805 ns
[13.632s][info ][safepoint      ] Safepoint "ICBufferFull", Time since last: 66102 ns, Reaching safepoint: 83703 ns, At safepoint: 15101 ns, Total: 98804 ns
[13.632s][info ][safepoint      ] Safepoint "ICBufferFull", Time since last: 44101 ns, Reaching safepoint: 92404 ns, At safepoint: 20901 ns, Total: 113305 ns
[13.633s][info ][safepoint      ] Safepoint "ICBufferFull", Time since last: 932034 ns, Reaching safepoint: 89803 ns, At safepoint: 19701 ns, Total: 109504 ns
[13.633s][info ][safepoint      ] Safepoint "ICBufferFull", Time since last: 129505 ns, Reaching safepoint: 89003 ns, At safepoint: 18601 ns, Total: 107604 ns
[13.634s][info ][safepoint      ] Safepoint "ICBufferFull", Time since last: 940735 ns, Reaching safepoint: 44501 ns, At safepoint: 18201 ns, Total: 62702 ns
[13.634s][info ][safepoint      ] Safepoint "ICBufferFull", Time since last: 41802 ns, Reaching safepoint: 98503 ns, At safepoint: 16201 ns, Total: 114704 ns
[13.635s][info ][safepoint      ] Safepoint "ICBufferFull", Time since last: 997537 ns, Reaching safepoint: 102804 ns, At safepoint: 19200 ns, Total: 122004 ns
[13.636s][info ][safepoint      ] Safepoint "ICBufferFull", Time since last: 1057539 ns, Reaching safepoint: 98804 ns, At safepoint: 19201 ns, Total: 118005 ns
[13.637s][info ][safepoint      ] Safepoint "ICBufferFull", Time since last: 58302 ns, Reaching safepoint: 84203 ns, At safepoint: 19401 ns, Total: 103604 ns
[13.637s][info ][safepoint      ] Safepoint "ICBufferFull", Time since last: 28301 ns, Reaching safepoint: 96303 ns, At safepoint: 23901 ns, Total: 120204 ns
[13.638s][info ][safepoint      ] Safepoint "ICBufferFull", Time since last: 1013138 ns, Reaching safepoint: 98003 ns, At safepoint: 14401 ns, Total: 112404 ns
[13.638s][info ][safepoint      ] Safepoint "ICBufferFull", Time since last: 380314 ns, Reaching safepoint: 98504 ns, At safepoint: 19500 ns, Total: 118004 ns
[13.640s][info ][safepoint      ] Safepoint "ICBufferFull", Time since last: 1044839 ns, Reaching safepoint: 97304 ns, At safepoint: 12600 ns, Total: 109904 ns
[13.640s][info ][safepoint      ] Safepoint "ICBufferFull", Time since last: 39802 ns, Reaching safepoint: 85703 ns, At safepoint: 16000 ns, Total: 101703 ns
[13.641s][info ][safepoint      ] Safepoint "ICBufferFull", Time since last: 976837 ns, Reaching safepoint: 401214 ns, At safepoint: 21301 ns, Total: 422515 ns
[13.641s][info ][safepoint      ] Safepoint "ICBufferFull", Time since last: 41102 ns, Reaching safepoint: 91503 ns, At safepoint: 20101 ns, Total: 111604 ns
[13.642s][info ][safepoint      ] Safepoint "ICBufferFull", Time since last: 1006037 ns, Reaching safepoint: 103904 ns, At safepoint: 19501 ns, Total: 123405 ns
[13.643s][info ][safepoint      ] Safepoint "ICBufferFull", Time since last: 91203 ns, Reaching safepoint: 89603 ns, At safepoint: 20801 ns, Total: 110404 ns
[13.644s][info ][safepoint      ] Safepoint "ICBufferFull", Time since last: 965736 ns, Reaching safepoint: 107504 ns, At safepoint: 17401 ns, Total: 124905 ns
[13.644s][info ][safepoint      ] Safepoint "ICBufferFull", Time since last: 38801 ns, Reaching safepoint: 88903 ns, At safepoint: 18901 ns, Total: 107804 ns
[13.645s][info ][safepoint      ] Safepoint "ICBufferFull", Time since last: 883133 ns, Reaching safepoint: 73102 ns, At safepoint: 12301 ns, Total: 85403 ns
[13.645s][info ][safepoint      ] Safepoint "ICBufferFull", Time since last: 46001 ns, Reaching safepoint: 94604 ns, At safepoint: 15101 ns, Total: 109705 ns
[13.645s][info ][safepoint      ] Safepoint "ICBufferFull", Time since last: 39201 ns, Reaching safepoint: 97504 ns, At safepoint: 14400 ns, Total: 111904 ns
[13.646s][info ][safepoint      ] Safepoint "ICBufferFull", Time since last: 746528 ns, Reaching safepoint: 104004 ns, At safepoint: 14700 ns, Total: 118704 ns
[13.646s][info ][safepoint      ] Safepoint "ICBufferFull", Time since last: 46102 ns, Reaching safepoint: 93103 ns, At safepoint: 17301 ns, Total: 110404 ns
[13.646s][info ][safepoint      ] Safepoint "ICBufferFull", Time since last: 29801 ns, Reaching safepoint: 90803 ns, At safepoint: 16101 ns, Total: 106904 ns
[13.647s][info ][safepoint      ] Safepoint "ICBufferFull", Time since last: 849231 ns, Reaching safepoint: 97904 ns, At safepoint: 15301 ns, Total: 113205 ns
[13.647s][info ][safepoint      ] Safepoint "ICBufferFull", Time since last: 31601 ns, Reaching safepoint: 86903 ns, At safepoint: 14201 ns, Total: 101104 ns
[13.652s][info ][safepoint      ] Safepoint "ICBufferFull", Time since last: 4240757 ns, Reaching safepoint: 322912 ns, At safepoint: 22900 ns, Total: 345812 ns
[13.661s][info ][safepoint      ] Safepoint "ICBufferFull", Time since last: 6399437 ns, Reaching safepoint: 2184281 ns, At safepoint: 19401 ns, Total: 2203682 ns
[13.663s][info ][safepoint      ] Safepoint "ICBufferFull", Time since last: 2339487 ns, Reaching safepoint: 110904 ns, At safepoint: 23400 ns, Total: 134304 ns
[13.664s][info ][safepoint      ] Safepoint "ICBufferFull", Time since last: 804730 ns, Reaching safepoint: 95804 ns, At safepoint: 27401 ns, Total: 123205 ns
[13.665s][info ][safepoint      ] Safepoint "ICBufferFull", Time since last: 1132742 ns, Reaching safepoint: 102804 ns, At safepoint: 20000 ns, Total: 122804 ns
[13.666s][info ][safepoint      ] Safepoint "ICBufferFull", Time since last: 783329 ns, Reaching safepoint: 118605 ns, At safepoint: 206007 ns, Total: 324612 ns
[13.672s][info ][safepoint      ] Safepoint "ICBufferFull", Time since last: 5909119 ns, Reaching safepoint: 113804 ns, At safepoint: 22701 ns, Total: 136505 ns
[13.673s][info ][safepoint      ] Safepoint "ICBufferFull", Time since last: 73803 ns, Reaching safepoint: 86203 ns, At safepoint: 21601 ns, Total: 107804 ns
[13.675s][info ][safepoint      ] Safepoint "ICBufferFull", Time since last: 1925871 ns, Reaching safepoint: 106004 ns, At safepoint: 18301 ns, Total: 124305 ns
[13.675s][info ][safepoint      ] Safepoint "ICBufferFull", Time since last: 45902 ns, Reaching safepoint: 85803 ns, At safepoint: 16400 ns, Total: 102203 ns
[13.678s][info ][safepoint      ] Safepoint "ICBufferFull", Time since last: 3292222 ns, Reaching safepoint: 118505 ns, At safepoint: 13800 ns, Total: 132305 ns
[13.678s][info ][safepoint      ] Safepoint "ICBufferFull", Time since last: 84203 ns, Reaching safepoint: 87203 ns, At safepoint: 17401 ns, Total: 104604 ns
[13.678s][info ][safepoint      ] Safepoint "ICBufferFull", Time since last: 55102 ns, Reaching safepoint: 87403 ns, At safepoint: 18001 ns, Total: 105404 ns
[13.681s][info ][safepoint      ] Safepoint "ICBufferFull", Time since last: 2400589 ns, Reaching safepoint: 109104 ns, At safepoint: 20901 ns, Total: 130005 ns
[13.685s][info ][safepoint      ] Safepoint "ICBufferFull", Time since last: 3900944 ns, Reaching safepoint: 119805 ns, At safepoint: 16900 ns, Total: 136705 ns
[13.693s][info ][safepoint      ] Safepoint "ICBufferFull", Time since last: 7735387 ns, Reaching safepoint: 118604 ns, At safepoint: 25001 ns, Total: 143605 ns
[13.693s][info ][safepoint      ] Safepoint "ICBufferFull", Time since last: 71203 ns, Reaching safepoint: 95103 ns, At safepoint: 23601 ns, Total: 118704 ns
[13.694s][info ][safepoint      ] Safepoint "ICBufferFull", Time since last: 1241146 ns, Reaching safepoint: 64302 ns, At safepoint: 15601 ns, Total: 79903 ns
[13.698s][info ][safepoint      ] Safepoint "ICBufferFull", Time since last: 3518430 ns, Reaching safepoint: 119805 ns, At safepoint: 15900 ns, Total: 135705 ns
[13.698s][info ][safepoint      ] Safepoint "ICBufferFull", Time since last: 78703 ns, Reaching safepoint: 85003 ns, At safepoint: 17601 ns, Total: 102604 ns
[13.700s][info ][safepoint      ] Safepoint "ICBufferFull", Time since last: 1732564 ns, Reaching safepoint: 71903 ns, At safepoint: 34801 ns, Total: 106704 ns
[13.702s][info ][safepoint      ] Safepoint "ICBufferFull", Time since last: 1506756 ns, Reaching safepoint: 112704 ns, At safepoint: 17701 ns, Total: 130405 ns
[13.702s][info ][safepoint      ] Safepoint "ICBufferFull", Time since last: 78202 ns, Reaching safepoint: 87204 ns, At safepoint: 15900 ns, Total: 103104 ns
[13.709s][info ][safepoint      ] Safepoint "ICBufferFull", Time since last: 3447328 ns, Reaching safepoint: 3246220 ns, At safepoint: 26301 ns, Total: 3272521 ns
[13.709s][info ][safepoint      ] Safepoint "ICBufferFull", Time since last: 81403 ns, Reaching safepoint: 101404 ns, At safepoint: 19001 ns, Total: 120405 ns
[13.712s][info ][safepoint      ] Safepoint "ICBufferFull", Time since last: 3167117 ns, Reaching safepoint: 130905 ns, At safepoint: 24301 ns, Total: 155206 ns
[13.712s][info ][safepoint      ] Safepoint "ICBufferFull", Time since last: 60302 ns, Reaching safepoint: 94903 ns, At safepoint: 21301 ns, Total: 116204 ns
[13.714s][info ][safepoint      ] Safepoint "ICBufferFull", Time since last: 1331449 ns, Reaching safepoint: 117505 ns, At safepoint: 20000 ns, Total: 137505 ns
[13.714s][info ][safepoint      ] Safepoint "ICBufferFull", Time since last: 69303 ns, Reaching safepoint: 100404 ns, At safepoint: 14800 ns, Total: 115204 ns
[13.714s][info ][safepoint      ] Safepoint "ICBufferFull", Time since last: 38102 ns, Reaching safepoint: 88103 ns, At safepoint: 18401 ns, Total: 106504 ns
[13.715s][info ][safepoint      ] Safepoint "ICBufferFull", Time since last: 1068639 ns, Reaching safepoint: 118705 ns, At safepoint: 16100 ns, Total: 134805 ns
[13.716s][info ][safepoint      ] Safepoint "ICBufferFull", Time since last: 53502 ns, Reaching safepoint: 97304 ns, At safepoint: 19700 ns, Total: 117004 ns
[13.716s][info ][safepoint      ] Safepoint "ICBufferFull", Time since last: 32902 ns, Reaching safepoint: 105604 ns, At safepoint: 22500 ns, Total: 128104 ns
[13.721s][info ][safepoint      ] Safepoint "ICBufferFull", Time since last: 4815479 ns, Reaching safepoint: 112404 ns, At safepoint: 18101 ns, Total: 130505 ns
[13.722s][info ][safepoint      ] Safepoint "ICBufferFull", Time since last: 792429 ns, Reaching safepoint: 97604 ns, At safepoint: 15800 ns, Total: 113404 ns
[13.722s][info ][safepoint      ] Safepoint "ICBufferFull", Time since last: 808430 ns, Reaching safepoint: 113804 ns, At safepoint: 10801 ns, Total: 124605 ns
[13.723s][info ][safepoint      ] Safepoint "ICBufferFull", Time since last: 51802 ns, Reaching safepoint: 91203 ns, At safepoint: 18301 ns, Total: 109504 ns
[13.723s][info ][safepoint      ] Safepoint "ICBufferFull", Time since last: 80903 ns, Reaching safepoint: 69302 ns, At safepoint: 16301 ns, Total: 85603 ns
[13.723s][info ][safepoint      ] Safepoint "ICBufferFull", Time since last: 69702 ns, Reaching safepoint: 99304 ns, At safepoint: 18301 ns, Total: 117605 ns
[13.724s][info ][safepoint      ] Safepoint "ICBufferFull", Time since last: 829330 ns, Reaching safepoint: 106504 ns, At safepoint: 14901 ns, Total: 121405 ns
[13.724s][info ][safepoint      ] Safepoint "ICBufferFull", Time since last: 45202 ns, Reaching safepoint: 91903 ns, At safepoint: 13400 ns, Total: 105303 ns
[13.724s][info ][safepoint      ] Safepoint "ICBufferFull", Time since last: 54803 ns, Reaching safepoint: 101803 ns, At safepoint: 15101 ns, Total: 116904 ns
[13.724s][info ][safepoint      ] Safepoint "ICBufferFull", Time since last: 59502 ns, Reaching safepoint: 92303 ns, At safepoint: 19701 ns, Total: 112004 ns
[13.725s][info ][safepoint      ] Safepoint "ICBufferFull", Time since last: 933435 ns, Reaching safepoint: 83703 ns, At safepoint: 18301 ns, Total: 102004 ns
[13.726s][info ][safepoint      ] Safepoint "ICBufferFull", Time since last: 56202 ns, Reaching safepoint: 88603 ns, At safepoint: 20401 ns, Total: 109004 ns
[13.726s][info ][safepoint      ] Safepoint "ICBufferFull", Time since last: 37501 ns, Reaching safepoint: 97604 ns, At safepoint: 13900 ns, Total: 111504 ns
[13.727s][info ][safepoint      ] Safepoint "ICBufferFull", Time since last: 880433 ns, Reaching safepoint: 95903 ns, At safepoint: 13101 ns, Total: 109004 ns
[13.727s][info ][safepoint      ] Safepoint "ICBufferFull", Time since last: 550220 ns, Reaching safepoint: 95504 ns, At safepoint: 14900 ns, Total: 110404 ns
[13.729s][info ][safepoint      ] Safepoint "ICBufferFull", Time since last: 1017638 ns, Reaching safepoint: 104604 ns, At safepoint: 16800 ns, Total: 121404 ns
[13.729s][info ][safepoint      ] Safepoint "ICBufferFull", Time since last: 48402 ns, Reaching safepoint: 84703 ns, At safepoint: 10401 ns, Total: 95104 ns
[13.729s][info ][safepoint      ] Safepoint "ICBufferFull", Time since last: 55602 ns, Reaching safepoint: 96003 ns, At safepoint: 16001 ns, Total: 112004 ns
[13.730s][info ][safepoint      ] Safepoint "ICBufferFull", Time since last: 962036 ns, Reaching safepoint: 124004 ns, At safepoint: 19301 ns, Total: 143305 ns
[13.732s][info ][safepoint      ] Safepoint "ICBufferFull", Time since last: 2327986 ns, Reaching safepoint: 50302 ns, At safepoint: 18301 ns, Total: 68603 ns
[13.742s][info ][safepoint      ] Safepoint "ICBufferFull", Time since last: 9065635 ns, Reaching safepoint: 113604 ns, At safepoint: 25301 ns, Total: 138905 ns
[13.742s][info ][safepoint      ] Safepoint "ICBufferFull", Time since last: 99504 ns, Reaching safepoint: 93104 ns, At safepoint: 14700 ns, Total: 107804 ns
[13.742s][info ][safepoint      ] Safepoint "ICBufferFull", Time since last: 44902 ns, Reaching safepoint: 91003 ns, At safepoint: 26501 ns, Total: 117504 ns
[13.742s][info ][safepoint      ] Safepoint "ICBufferFull", Time since last: 38201 ns, Reaching safepoint: 92104 ns, At safepoint: 27301 ns, Total: 119405 ns
[13.742s][info ][safepoint      ] Safepoint "ICBufferFull", Time since last: 51502 ns, Reaching safepoint: 92103 ns, At safepoint: 26001 ns, Total: 118104 ns
[13.742s][info ][safepoint      ] Safepoint "ICBufferFull", Time since last: 85703 ns, Reaching safepoint: 90404 ns, At safepoint: 23501 ns, Total: 113905 ns
[13.744s][info ][safepoint      ] Safepoint "ICBufferFull", Time since last: 1411952 ns, Reaching safepoint: 120604 ns, At safepoint: 20701 ns, Total: 141305 ns
[13.745s][info ][safepoint      ] Safepoint "ICBufferFull", Time since last: 988737 ns, Reaching safepoint: 104504 ns, At safepoint: 20800 ns, Total: 125304 ns
[13.746s][info ][safepoint      ] Safepoint "ICBufferFull", Time since last: 969736 ns, Reaching safepoint: 100104 ns, At safepoint: 22001 ns, Total: 122105 ns
[13.748s][info ][safepoint      ] Safepoint "ICBufferFull", Time since last: 1245846 ns, Reaching safepoint: 100104 ns, At safepoint: 22000 ns, Total: 122104 ns
[13.752s][info ][gc,start       ] GC(10) Pause Young (Allocation Failure)
[13.978s][debug][gc,phases      ] GC(10) Scavenge 225.289ms
[13.978s][debug][gc,ref         ] GC(10) Skipped phase 1 of Reference Processing: no references
[13.978s][debug][gc,ref         ] GC(10) ReferenceProcessor::execute queues: 1, RefProcThreadModel::Single, marks_oops_alive: false
[13.978s][debug][gc,ref         ] GC(10) Skipped phase 3 of Reference Processing: no references
[13.978s][debug][gc,ref         ] GC(10) ReferenceProcessor::execute queues: 1, RefProcThreadModel::Single, marks_oops_alive: false
[13.978s][debug][gc,phases      ] GC(10) Reference Processing 0.144ms
[13.978s][debug][gc,phases      ] GC(10)   VM Weak                        Min:  0.0, Avg:  0.0, Max:  0.0, Diff:  0.0, Sum:  0.0, Workers: 4
[13.978s][debug][gc,phases      ] GC(10)     Dead                           Min: 0, Avg:  0.0, Max: 0, Diff: 0, Sum: 0, Workers: 4
[13.978s][debug][gc,phases      ] GC(10)     Total                          Min: 0, Avg: 154.0, Max: 360, Diff: 360, Sum: 616, Workers: 4
[13.978s][debug][gc,phases      ] GC(10)   ObjectSynchronizer Weak        Min:  0.0, Avg:  0.0, Max:  0.0, Diff:  0.0, Sum:  0.0, Workers: 4
[13.978s][debug][gc,phases      ] GC(10)     Dead                           Min: 0, Avg:  6.2, Max: 14, Diff: 14, Sum: 25, Workers: 4
[13.978s][debug][gc,phases      ] GC(10)     Total                          Min: 0, Avg: 50.2, Max: 128, Diff: 128, Sum: 201, Workers: 4
[13.978s][debug][gc,phases      ] GC(10)   JVMTI Tag Weak OopStorage      Min:  0.0, Avg:  0.0, Max:  0.0, Diff:  0.0, Sum:  0.0, Workers: 4
[13.978s][debug][gc,phases      ] GC(10)     Dead                           Min: 0, Avg:  0.0, Max: 0, Diff: 0, Sum: 0, Workers: 4
[13.978s][debug][gc,phases      ] GC(10)     Total                          Min: 0, Avg:  0.0, Max: 0, Diff: 0, Sum: 0, Workers: 4
[13.978s][debug][gc,phases      ] GC(10)   StringTable Weak               Min:  0.3, Avg:  0.3, Max:  0.3, Diff:  0.0, Sum:  1.3, Workers: 4
[13.978s][debug][gc,phases      ] GC(10)     Dead                           Min: 0, Avg:  2.8, Max: 11, Diff: 11, Sum: 11, Workers: 4
[13.978s][debug][gc,phases      ] GC(10)     Total                          Min: 7936, Avg: 10952.2, Max: 13729, Diff: 5793, Sum: 43809, Workers: 4
[13.978s][debug][gc,phases      ] GC(10)   ResolvedMethodTable Weak       Min:  0.1, Avg:  0.1, Max:  0.1, Diff:  0.0, Sum:  0.3, Workers: 4
[13.978s][debug][gc,phases      ] GC(10)     Dead                           Min: 0, Avg:  0.0, Max: 0, Diff: 0, Sum: 0, Workers: 4
[13.978s][debug][gc,phases      ] GC(10)     Total                          Min: 1280, Avg: 1798.8, Max: 2331, Diff: 1051, Sum: 7195, Workers: 4
[13.978s][debug][gc,phases      ] GC(10)   JNI Weak                       Min:  0.0, Avg:  0.0, Max:  0.0, Diff:  0.0, Sum:  0.0, Workers: 4
[13.978s][debug][gc,phases      ] GC(10)     Dead                           Min: 0, Avg:  0.0, Max: 0, Diff: 0, Sum: 0, Workers: 4
[13.978s][debug][gc,phases      ] GC(10)     Total                          Min: 0, Avg:  4.2, Max: 17, Diff: 17, Sum: 17, Workers: 4
[13.978s][debug][gc,phases      ] GC(10)   StringDedup Table Weak         Min:  0.0, Avg:  0.0, Max:  0.0, Diff:  0.0, Sum:  0.0, Workers: 4
[13.978s][debug][gc,phases      ] GC(10)     Dead                           Min: 0, Avg:  0.0, Max: 0, Diff: 0, Sum: 0, Workers: 4
[13.978s][debug][gc,phases      ] GC(10)     Total                          Min: 0, Avg:  0.0, Max: 0, Diff: 0, Sum: 0, Workers: 4
[13.978s][debug][gc,phases      ] GC(10)   StringDedup Requests0 Weak     Min:  0.0, Avg:  0.0, Max:  0.0, Diff:  0.0, Sum:  0.0, Workers: 4
[13.978s][debug][gc,phases      ] GC(10)     Dead                           Min: 0, Avg:  0.0, Max: 0, Diff: 0, Sum: 0, Workers: 4
[13.978s][debug][gc,phases      ] GC(10)     Total                          Min: 0, Avg:  0.0, Max: 0, Diff: 0, Sum: 0, Workers: 4
[13.978s][debug][gc,phases      ] GC(10)   StringDedup Requests1 Weak     Min:  0.0, Avg:  0.0, Max:  0.0, Diff:  0.0, Sum:  0.0, Workers: 4
[13.978s][debug][gc,phases      ] GC(10)     Dead                           Min: 0, Avg:  0.0, Max: 0, Diff: 0, Sum: 0, Workers: 4
[13.978s][debug][gc,phases      ] GC(10)     Total                          Min: 0, Avg:  0.0, Max: 0, Diff: 0, Sum: 0, Workers: 4
[13.978s][debug][gc,phases      ] GC(10)   Weak JFR Old Object Samples    Min:  0.0, Avg:  0.0, Max:  0.0, Diff:  0.0, Sum:  0.0, Workers: 4
[13.978s][debug][gc,phases      ] GC(10)     Dead                           Min: 0, Avg:  0.0, Max: 0, Diff: 0, Sum: 0, Workers: 4
[13.978s][debug][gc,phases      ] GC(10)     Total                          Min: 0, Avg:  0.0, Max: 0, Diff: 0, Sum: 0, Workers: 4
[13.978s][debug][gc,phases      ] GC(10) Weak Processing 0.587ms
[13.978s][debug][gc,age         ] GC(10) Desired survivor size 536870912 bytes, new threshold 5 (max threshold 15)
[13.978s][info ][gc,heap        ] GC(10) PSYoungGen: 1572849K(1572864K)->524265K(1572864K) Eden: 1048576K(1048576K)->0K(1048576K) From: 524273K(524288K)->524265K(524288K)
[13.978s][info ][gc,heap        ] GC(10) ParOldGen: 126807K(256000K)->138353K(256000K)
[13.978s][info ][gc,metaspace   ] GC(10) Metaspace: 69588K(70272K)->69588K(70272K) NonClass: 59353K(59712K)->59353K(59712K) Class: 10235K(10560K)->10235K(10560K)
[13.978s][info ][gc             ] GC(10) Pause Young (Allocation Failure) 1659M->647M(1786M) 226.162ms
[13.978s][info ][gc,cpu         ] GC(10) User=0.98s Sys=0.00s Real=0.22s
[13.978s][info ][safepoint      ] Safepoint "ParallelGCFailedAllocation", Time since last: 4558769 ns, Reaching safepoint: 33101 ns, At safepoint: 226257177 ns, Total: 226290278 ns
[13.979s][info ][safepoint      ] Safepoint "ICBufferFull", Time since last: 897833 ns, Reaching safepoint: 66603 ns, At safepoint: 25701 ns, Total: 92304 ns
[13.981s][info ][safepoint      ] Safepoint "ICBufferFull", Time since last: 1005037 ns, Reaching safepoint: 95104 ns, At safepoint: 14400 ns, Total: 109504 ns
[13.981s][info ][safepoint      ] Safepoint "ICBufferFull", Time since last: 45102 ns, Reaching safepoint: 86003 ns, At safepoint: 24401 ns, Total: 110404 ns
[13.982s][info ][safepoint      ] Safepoint "ICBufferFull", Time since last: 837331 ns, Reaching safepoint: 108004 ns, At safepoint: 23301 ns, Total: 131305 ns
[13.983s][info ][safepoint      ] Safepoint "ICBufferFull", Time since last: 903933 ns, Reaching safepoint: 114104 ns, At safepoint: 14101 ns, Total: 128205 ns
[13.983s][info ][safepoint      ] Safepoint "ICBufferFull", Time since last: 48002 ns, Reaching safepoint: 92803 ns, At safepoint: 16501 ns, Total: 109304 ns
[13.984s][info ][safepoint      ] Safepoint "ICBufferFull", Time since last: 1007337 ns, Reaching safepoint: 92403 ns, At safepoint: 22101 ns, Total: 114504 ns
[13.984s][info ][safepoint      ] Safepoint "ICBufferFull", Time since last: 45202 ns, Reaching safepoint: 103304 ns, At safepoint: 23301 ns, Total: 126605 ns
[13.984s][info ][safepoint      ] Safepoint "ICBufferFull", Time since last: 109204 ns, Reaching safepoint: 87503 ns, At safepoint: 20601 ns, Total: 108104 ns
[13.992s][info ][safepoint      ] Safepoint "ICBufferFull", Time since last: 7045261 ns, Reaching safepoint: 107203 ns, At safepoint: 14801 ns, Total: 122004 ns
[13.992s][info ][safepoint      ] Safepoint "ICBufferFull", Time since last: 55202 ns, Reaching safepoint: 87603 ns, At safepoint: 25501 ns, Total: 113104 ns
[13.992s][info ][safepoint      ] Safepoint "ICBufferFull", Time since last: 64703 ns, Reaching safepoint: 85203 ns, At safepoint: 23001 ns, Total: 108204 ns
[13.992s][info ][safepoint      ] Safepoint "ICBufferFull", Time since last: 51202 ns, Reaching safepoint: 86603 ns, At safepoint: 24701 ns, Total: 111304 ns
[13.992s][info ][safepoint      ] Safepoint "ICBufferFull", Time since last: 52102 ns, Reaching safepoint: 84003 ns, At safepoint: 22701 ns, Total: 106704 ns
[13.993s][info ][safepoint      ] Safepoint "ICBufferFull", Time since last: 885232 ns, Reaching safepoint: 70303 ns, At safepoint: 15701 ns, Total: 86004 ns
[13.993s][info ][safepoint      ] Safepoint "ICBufferFull", Time since last: 68802 ns, Reaching safepoint: 88003 ns, At safepoint: 23201 ns, Total: 111204 ns
[13.994s][info ][safepoint      ] Safepoint "ICBufferFull", Time since last: 74103 ns, Reaching safepoint: 88703 ns, At safepoint: 22201 ns, Total: 110904 ns
[13.994s][info ][safepoint      ] Safepoint "ICBufferFull", Time since last: 78203 ns, Reaching safepoint: 91703 ns, At safepoint: 20101 ns, Total: 111804 ns
[13.994s][info ][safepoint      ] Safepoint "ICBufferFull", Time since last: 75203 ns, Reaching safepoint: 91203 ns, At safepoint: 200908 ns, Total: 292111 ns
[13.994s][info ][safepoint      ] Safepoint "ICBufferFull", Time since last: 42701 ns, Reaching safepoint: 91704 ns, At safepoint: 19700 ns, Total: 111404 ns
[13.995s][info ][safepoint      ] Safepoint "ICBufferFull", Time since last: 814331 ns, Reaching safepoint: 102903 ns, At safepoint: 20001 ns, Total: 122904 ns
[13.995s][info ][safepoint      ] Safepoint "ICBufferFull", Time since last: 36401 ns, Reaching safepoint: 94104 ns, At safepoint: 23401 ns, Total: 117505 ns
[13.996s][info ][safepoint      ] Safepoint "ICBufferFull", Time since last: 855031 ns, Reaching safepoint: 53102 ns, At safepoint: 14801 ns, Total: 67903 ns
[13.996s][info ][safepoint      ] Safepoint "ICBufferFull", Time since last: 92403 ns, Reaching safepoint: 91304 ns, At safepoint: 20500 ns, Total: 111804 ns
[13.997s][info ][safepoint      ] Safepoint "ICBufferFull", Time since last: 49302 ns, Reaching safepoint: 93704 ns, At safepoint: 20201 ns, Total: 113905 ns
[13.997s][info ][safepoint      ] Safepoint "ICBufferFull", Time since last: 100003 ns, Reaching safepoint: 98204 ns, At safepoint: 22301 ns, Total: 120505 ns
[13.998s][info ][safepoint      ] Safepoint "ICBufferFull", Time since last: 963635 ns, Reaching safepoint: 100304 ns, At safepoint: 22101 ns, Total: 122405 ns
[13.998s][info ][safepoint      ] Safepoint "ICBufferFull", Time since last: 49602 ns, Reaching safepoint: 95803 ns, At safepoint: 23101 ns, Total: 118904 ns
[13.998s][info ][safepoint      ] Safepoint "ICBufferFull", Time since last: 27701 ns, Reaching safepoint: 84903 ns, At safepoint: 20001 ns, Total: 104904 ns
[14.001s][info ][safepoint      ] Safepoint "ICBufferFull", Time since last: 2561395 ns, Reaching safepoint: 112204 ns, At safepoint: 16201 ns, Total: 128405 ns
[14.001s][info ][safepoint      ] Safepoint "ICBufferFull", Time since last: 80803 ns, Reaching safepoint: 94403 ns, At safepoint: 22201 ns, Total: 116604 ns
[14.001s][info ][safepoint      ] Safepoint "ICBufferFull", Time since last: 37301 ns, Reaching safepoint: 95204 ns, At safepoint: 26001 ns, Total: 121205 ns
[14.009s][info ][safepoint      ] Safepoint "ICBufferFull", Time since last: 3115315 ns, Reaching safepoint: 4275458 ns, At safepoint: 27501 ns, Total: 4302959 ns
[14.009s][info ][safepoint      ] Safepoint "ICBufferFull", Time since last: 148506 ns, Reaching safepoint: 101104 ns, At safepoint: 23501 ns, Total: 124605 ns
[14.010s][info ][safepoint      ] Safepoint "ICBufferFull", Time since last: 1080940 ns, Reaching safepoint: 110704 ns, At safepoint: 23601 ns, Total: 134305 ns
[14.010s][info ][safepoint      ] Safepoint "ICBufferFull", Time since last: 44501 ns, Reaching safepoint: 91904 ns, At safepoint: 18600 ns, Total: 110504 ns
[14.014s][info ][safepoint      ] Safepoint "ICBufferFull", Time since last: 3932546 ns, Reaching safepoint: 158906 ns, At safepoint: 24301 ns, Total: 183207 ns
[14.016s][info ][safepoint      ] Safepoint "ICBufferFull", Time since last: 1203244 ns, Reaching safepoint: 116805 ns, At safepoint: 22800 ns, Total: 139605 ns
[14.018s][info ][safepoint      ] Safepoint "ICBufferFull", Time since last: 1819968 ns, Reaching safepoint: 92303 ns, At safepoint: 19701 ns, Total: 112004 ns
[14.018s][info ][safepoint      ] Safepoint "ICBufferFull", Time since last: 100704 ns, Reaching safepoint: 102403 ns, At safepoint: 17601 ns, Total: 120004 ns
[14.019s][info ][safepoint      ] Safepoint "ICBufferFull", Time since last: 858432 ns, Reaching safepoint: 97703 ns, At safepoint: 20701 ns, Total: 118404 ns
[14.019s][info ][safepoint      ] Safepoint "ICBufferFull", Time since last: 46202 ns, Reaching safepoint: 92603 ns, At safepoint: 25201 ns, Total: 117804 ns
[14.020s][info ][safepoint      ] Safepoint "ICBufferFull", Time since last: 873733 ns, Reaching safepoint: 146505 ns, At safepoint: 11601 ns, Total: 158106 ns
[14.020s][info ][safepoint      ] Safepoint "ICBufferFull", Time since last: 48101 ns, Reaching safepoint: 86804 ns, At safepoint: 20900 ns, Total: 107704 ns
[14.021s][info ][safepoint      ] Safepoint "ICBufferFull", Time since last: 940635 ns, Reaching safepoint: 102204 ns, At safepoint: 16001 ns, Total: 118205 ns
[14.022s][info ][safepoint      ] Safepoint "ICBufferFull", Time since last: 130104 ns, Reaching safepoint: 73703 ns, At safepoint: 19701 ns, Total: 93404 ns
[14.023s][info ][safepoint      ] Safepoint "ICBufferFull", Time since last: 803630 ns, Reaching safepoint: 103903 ns, At safepoint: 20501 ns, Total: 124404 ns
[14.023s][info ][safepoint      ] Safepoint "ICBufferFull", Time since last: 157006 ns, Reaching safepoint: 92003 ns, At safepoint: 18701 ns, Total: 110704 ns
[14.024s][info ][safepoint      ] Safepoint "ICBufferFull", Time since last: 916834 ns, Reaching safepoint: 102304 ns, At safepoint: 27801 ns, Total: 130105 ns
[14.024s][info ][safepoint      ] Safepoint "ICBufferFull", Time since last: 39601 ns, Reaching safepoint: 95504 ns, At safepoint: 17500 ns, Total: 113004 ns
[14.025s][info ][safepoint      ] Safepoint "ICBufferFull", Time since last: 1063940 ns, Reaching safepoint: 113104 ns, At safepoint: 18901 ns, Total: 132005 ns
[14.025s][info ][safepoint      ] Safepoint "ICBufferFull", Time since last: 49902 ns, Reaching safepoint: 89503 ns, At safepoint: 23101 ns, Total: 112604 ns
[14.026s][info ][safepoint      ] Safepoint "ICBufferFull", Time since last: 38201 ns, Reaching safepoint: 93804 ns, At safepoint: 20100 ns, Total: 113904 ns
[14.026s][info ][safepoint      ] Safepoint "ICBufferFull", Time since last: 858632 ns, Reaching safepoint: 103004 ns, At safepoint: 18301 ns, Total: 121305 ns
[14.027s][info ][safepoint      ] Safepoint "ICBufferFull", Time since last: 72302 ns, Reaching safepoint: 88104 ns, At safepoint: 16700 ns, Total: 104804 ns
[14.028s][info ][safepoint      ] Safepoint "ICBufferFull", Time since last: 866132 ns, Reaching safepoint: 98004 ns, At safepoint: 16001 ns, Total: 114005 ns
[14.028s][info ][safepoint      ] Safepoint "ICBufferFull", Time since last: 40101 ns, Reaching safepoint: 86903 ns, At safepoint: 21301 ns, Total: 108204 ns
[14.029s][info ][safepoint      ] Safepoint "ICBufferFull", Time since last: 913834 ns, Reaching safepoint: 103404 ns, At safepoint: 19700 ns, Total: 123104 ns
[14.029s][info ][safepoint      ] Safepoint "ICBufferFull", Time since last: 50102 ns, Reaching safepoint: 90904 ns, At safepoint: 20900 ns, Total: 111804 ns
[14.030s][info ][safepoint      ] Safepoint "ICBufferFull", Time since last: 892033 ns, Reaching safepoint: 102604 ns, At safepoint: 25701 ns, Total: 128305 ns
[14.030s][info ][safepoint      ] Safepoint "ICBufferFull", Time since last: 31601 ns, Reaching safepoint: 88204 ns, At safepoint: 26001 ns, Total: 114205 ns
[14.031s][info ][safepoint      ] Safepoint "ICBufferFull", Time since last: 1097040 ns, Reaching safepoint: 126405 ns, At safepoint: 20401 ns, Total: 146806 ns
[14.036s][info ][safepoint      ] Safepoint "ICBufferFull", Time since last: 4171254 ns, Reaching safepoint: 134505 ns, At safepoint: 23101 ns, Total: 157606 ns
[14.037s][info ][safepoint      ] Safepoint "ICBufferFull", Time since last: 935535 ns, Reaching safepoint: 117604 ns, At safepoint: 23501 ns, Total: 141105 ns
[14.037s][info ][safepoint      ] Safepoint "ICBufferFull", Time since last: 537920 ns, Reaching safepoint: 105704 ns, At safepoint: 25201 ns, Total: 130905 ns
[14.039s][info ][safepoint      ] Safepoint "ICBufferFull", Time since last: 970135 ns, Reaching safepoint: 113405 ns, At safepoint: 16500 ns, Total: 129905 ns
[14.039s][info ][safepoint      ] Safepoint "ICBufferFull", Time since last: 47102 ns, Reaching safepoint: 86203 ns, At safepoint: 26701 ns, Total: 112904 ns
[14.040s][info ][safepoint      ] Safepoint "ICBufferFull", Time since last: 643224 ns, Reaching safepoint: 175306 ns, At safepoint: 19501 ns, Total: 194807 ns
[14.041s][info ][safepoint      ] Safepoint "ICBufferFull", Time since last: 1012138 ns, Reaching safepoint: 108704 ns, At safepoint: 17600 ns, Total: 126304 ns
[14.041s][info ][safepoint      ] Safepoint "ICBufferFull", Time since last: 86404 ns, Reaching safepoint: 91503 ns, At safepoint: 19901 ns, Total: 111404 ns
[14.042s][info ][safepoint      ] Safepoint "ICBufferFull", Time since last: 1369650 ns, Reaching safepoint: 110704 ns, At safepoint: 22301 ns, Total: 133005 ns
[14.043s][info ][safepoint      ] Safepoint "ICBufferFull", Time since last: 51302 ns, Reaching safepoint: 90604 ns, At safepoint: 20500 ns, Total: 111104 ns
[14.044s][info ][safepoint      ] Safepoint "ICBufferFull", Time since last: 1094741 ns, Reaching safepoint: 105604 ns, At safepoint: 20000 ns, Total: 125604 ns
[14.045s][info ][safepoint      ] Safepoint "ICBufferFull", Time since last: 955236 ns, Reaching safepoint: 91503 ns, At safepoint: 18301 ns, Total: 109804 ns
[14.045s][info ][safepoint      ] Safepoint "ICBufferFull", Time since last: 34501 ns, Reaching safepoint: 109804 ns, At safepoint: 20001 ns, Total: 129805 ns
[14.051s][info ][safepoint      ] Safepoint "ICBufferFull", Time since last: 6001222 ns, Reaching safepoint: 113904 ns, At safepoint: 19601 ns, Total: 133505 ns
[14.051s][info ][safepoint      ] Safepoint "ICBufferFull", Time since last: 85703 ns, Reaching safepoint: 96504 ns, At safepoint: 20901 ns, Total: 117405 ns
[14.052s][info ][safepoint      ] Safepoint "ICBufferFull", Time since last: 184506 ns, Reaching safepoint: 94304 ns, At safepoint: 22101 ns, Total: 116405 ns
[14.052s][info ][safepoint      ] Safepoint "ICBufferFull", Time since last: 63202 ns, Reaching safepoint: 105504 ns, At safepoint: 21301 ns, Total: 126805 ns
[14.053s][info ][safepoint      ] Safepoint "ICBufferFull", Time since last: 1222345 ns, Reaching safepoint: 95704 ns, At safepoint: 25501 ns, Total: 121205 ns
[14.055s][info ][safepoint      ] Safepoint "ICBufferFull", Time since last: 2086977 ns, Reaching safepoint: 97003 ns, At safepoint: 21701 ns, Total: 118704 ns
[14.058s][info ][safepoint      ] Safepoint "ICBufferFull", Time since last: 2131279 ns, Reaching safepoint: 108704 ns, At safepoint: 18601 ns, Total: 127305 ns
[14.058s][info ][safepoint      ] Safepoint "ICBufferFull", Time since last: 45602 ns, Reaching safepoint: 85403 ns, At safepoint: 16600 ns, Total: 102003 ns
[14.059s][info ][safepoint      ] Safepoint "ICBufferFull", Time since last: 1087841 ns, Reaching safepoint: 106904 ns, At safepoint: 24400 ns, Total: 131304 ns
[14.068s][info ][safepoint      ] Safepoint "ICBufferFull", Time since last: 9153339 ns, Reaching safepoint: 115205 ns, At safepoint: 13600 ns, Total: 128805 ns
[14.068s][info ][safepoint      ] Safepoint "ICBufferFull", Time since last: 82303 ns, Reaching safepoint: 88003 ns, At safepoint: 16401 ns, Total: 104404 ns
[14.069s][info ][safepoint      ] Safepoint "ICBufferFull", Time since last: 30401 ns, Reaching safepoint: 87503 ns, At safepoint: 20401 ns, Total: 107904 ns
[14.069s][info ][safepoint      ] Safepoint "ICBufferFull", Time since last: 29901 ns, Reaching safepoint: 85703 ns, At safepoint: 23201 ns, Total: 108904 ns
[14.070s][info ][safepoint      ] Safepoint "ICBufferFull", Time since last: 745428 ns, Reaching safepoint: 101804 ns, At safepoint: 19600 ns, Total: 121404 ns
[14.070s][info ][safepoint      ] Safepoint "ICBufferFull", Time since last: 155506 ns, Reaching safepoint: 97104 ns, At safepoint: 18000 ns, Total: 115104 ns
[14.071s][info ][safepoint      ] Safepoint "ICBufferFull", Time since last: 998837 ns, Reaching safepoint: 102804 ns, At safepoint: 11501 ns, Total: 114305 ns
[14.071s][info ][safepoint      ] Safepoint "ICBufferFull", Time since last: 47101 ns, Reaching safepoint: 84903 ns, At safepoint: 15601 ns, Total: 100504 ns
[14.071s][info ][safepoint      ] Safepoint "ICBufferFull", Time since last: 32901 ns, Reaching safepoint: 84803 ns, At safepoint: 13601 ns, Total: 98404 ns
[14.072s][info ][safepoint      ] Safepoint "ICBufferFull", Time since last: 854232 ns, Reaching safepoint: 103603 ns, At safepoint: 15201 ns, Total: 118804 ns
[14.072s][info ][safepoint      ] Safepoint "ICBufferFull", Time since last: 40701 ns, Reaching safepoint: 90304 ns, At safepoint: 19201 ns, Total: 109505 ns
[14.074s][info ][safepoint      ] Safepoint "ICBufferFull", Time since last: 1106640 ns, Reaching safepoint: 105004 ns, At safepoint: 19301 ns, Total: 124305 ns
[14.075s][info ][safepoint      ] Safepoint "ICBufferFull", Time since last: 1146143 ns, Reaching safepoint: 104903 ns, At safepoint: 18401 ns, Total: 123304 ns
[14.076s][info ][safepoint      ] Safepoint "ICBufferFull", Time since last: 898233 ns, Reaching safepoint: 105204 ns, At safepoint: 13001 ns, Total: 118205 ns
[14.076s][info ][safepoint      ] Safepoint "ICBufferFull", Time since last: 56002 ns, Reaching safepoint: 87703 ns, At safepoint: 18101 ns, Total: 105804 ns
[14.076s][info ][safepoint      ] Safepoint "ICBufferFull", Time since last: 47201 ns, Reaching safepoint: 85804 ns, At safepoint: 17700 ns, Total: 103504 ns
[14.077s][info ][safepoint      ] Safepoint "ICBufferFull", Time since last: 955936 ns, Reaching safepoint: 100003 ns, At safepoint: 15701 ns, Total: 115704 ns
[14.077s][info ][safepoint      ] Safepoint "ICBufferFull", Time since last: 40001 ns, Reaching safepoint: 99904 ns, At safepoint: 15201 ns, Total: 115105 ns
[14.079s][info ][safepoint      ] Safepoint "ICBufferFull", Time since last: 973336 ns, Reaching safepoint: 102004 ns, At safepoint: 20100 ns, Total: 122104 ns
[14.082s][info ][safepoint      ] Safepoint "ICBufferFull", Time since last: 3214819 ns, Reaching safepoint: 113004 ns, At safepoint: 24501 ns, Total: 137505 ns
[14.083s][info ][safepoint      ] Safepoint "ICBufferFull", Time since last: 1075540 ns, Reaching safepoint: 102804 ns, At safepoint: 23301 ns, Total: 126105 ns
[14.084s][info ][safepoint      ] Safepoint "ICBufferFull", Time since last: 1008337 ns, Reaching safepoint: 105404 ns, At safepoint: 22501 ns, Total: 127905 ns
[14.085s][info ][safepoint      ] Safepoint "ICBufferFull", Time since last: 946435 ns, Reaching safepoint: 100804 ns, At safepoint: 19400 ns, Total: 120204 ns
[14.087s][info ][safepoint      ] Safepoint "ICBufferFull", Time since last: 1836068 ns, Reaching safepoint: 111605 ns, At safepoint: 21300 ns, Total: 132905 ns
[14.090s][info ][safepoint      ] Safepoint "ICBufferFull", Time since last: 2304486 ns, Reaching safepoint: 123704 ns, At safepoint: 20501 ns, Total: 144205 ns
[14.090s][info ][safepoint      ] Safepoint "ICBufferFull", Time since last: 56802 ns, Reaching safepoint: 81403 ns, At safepoint: 22801 ns, Total: 104204 ns
[14.091s][info ][safepoint      ] Safepoint "ICBufferFull", Time since last: 1349750 ns, Reaching safepoint: 102604 ns, At safepoint: 21400 ns, Total: 124004 ns
[14.092s][info ][safepoint      ] Safepoint "ICBufferFull", Time since last: 65103 ns, Reaching safepoint: 88303 ns, At safepoint: 29601 ns, Total: 117904 ns
[14.092s][info ][safepoint      ] Safepoint "ICBufferFull", Time since last: 59402 ns, Reaching safepoint: 91004 ns, At safepoint: 23901 ns, Total: 114905 ns
[14.092s][info ][safepoint      ] Safepoint "ICBufferFull", Time since last: 121704 ns, Reaching safepoint: 99904 ns, At safepoint: 27901 ns, Total: 127805 ns
[14.093s][info ][safepoint      ] Safepoint "ICBufferFull", Time since last: 848931 ns, Reaching safepoint: 97704 ns, At safepoint: 15101 ns, Total: 112805 ns
[14.096s][info ][safepoint      ] Safepoint "ICBufferFull", Time since last: 2971710 ns, Reaching safepoint: 101703 ns, At safepoint: 26301 ns, Total: 128004 ns
[14.096s][info ][safepoint      ] Safepoint "ICBufferFull", Time since last: 100504 ns, Reaching safepoint: 89103 ns, At safepoint: 10301 ns, Total: 99404 ns
[14.096s][info ][safepoint      ] Safepoint "ICBufferFull", Time since last: 62302 ns, Reaching safepoint: 55702 ns, At safepoint: 15601 ns, Total: 71303 ns
[14.097s][info ][safepoint      ] Safepoint "ICBufferFull", Time since last: 78103 ns, Reaching safepoint: 89603 ns, At safepoint: 22701 ns, Total: 112304 ns
[14.097s][info ][safepoint      ] Safepoint "ICBufferFull", Time since last: 85303 ns, Reaching safepoint: 99704 ns, At safepoint: 23600 ns, Total: 123304 ns
[14.097s][info ][safepoint      ] Safepoint "ICBufferFull", Time since last: 62003 ns, Reaching safepoint: 91203 ns, At safepoint: 28701 ns, Total: 119904 ns
[14.099s][info ][safepoint      ] Safepoint "ICBufferFull", Time since last: 767329 ns, Reaching safepoint: 952935 ns, At safepoint: 19701 ns, Total: 972636 ns
[14.099s][info ][safepoint      ] Safepoint "ICBufferFull", Time since last: 41801 ns, Reaching safepoint: 87403 ns, At safepoint: 27301 ns, Total: 114704 ns
[14.100s][info ][safepoint      ] Safepoint "ICBufferFull", Time since last: 885633 ns, Reaching safepoint: 434116 ns, At safepoint: 11601 ns, Total: 445717 ns
[14.103s][info ][safepoint      ] Safepoint "ICBufferFull", Time since last: 2796803 ns, Reaching safepoint: 121205 ns, At safepoint: 26601 ns, Total: 147806 ns
[14.103s][info ][safepoint      ] Safepoint "ICBufferFull", Time since last: 86403 ns, Reaching safepoint: 105304 ns, At safepoint: 24101 ns, Total: 129405 ns
[14.108s][info ][safepoint      ] Safepoint "ICBufferFull", Time since last: 4840579 ns, Reaching safepoint: 105304 ns, At safepoint: 16800 ns, Total: 122104 ns
[14.109s][info ][safepoint      ] Safepoint "ICBufferFull", Time since last: 86104 ns, Reaching safepoint: 89103 ns, At safepoint: 22401 ns, Total: 111504 ns
[14.109s][info ][safepoint      ] Safepoint "ICBufferFull", Time since last: 115204 ns, Reaching safepoint: 91503 ns, At safepoint: 17001 ns, Total: 108504 ns
[14.110s][info ][safepoint      ] Safepoint "ICBufferFull", Time since last: 694926 ns, Reaching safepoint: 103704 ns, At safepoint: 15000 ns, Total: 118704 ns
[14.110s][info ][safepoint      ] Safepoint "ICBufferFull", Time since last: 283711 ns, Reaching safepoint: 94103 ns, At safepoint: 18801 ns, Total: 112904 ns
[14.110s][info ][safepoint      ] Safepoint "ICBufferFull", Time since last: 247209 ns, Reaching safepoint: 101204 ns, At safepoint: 17500 ns, Total: 118704 ns
[14.111s][info ][safepoint      ] Safepoint "ICBufferFull", Time since last: 752828 ns, Reaching safepoint: 93204 ns, At safepoint: 17300 ns, Total: 110504 ns
[14.116s][info ][safepoint      ] Safepoint "ICBufferFull", Time since last: 5021586 ns, Reaching safepoint: 114204 ns, At safepoint: 18301 ns, Total: 132505 ns
[14.117s][info ][safepoint      ] Safepoint "ICBufferFull", Time since last: 107904 ns, Reaching safepoint: 88903 ns, At safepoint: 23101 ns, Total: 112004 ns
[14.117s][info ][safepoint      ] Safepoint "ICBufferFull", Time since last: 133705 ns, Reaching safepoint: 87103 ns, At safepoint: 22301 ns, Total: 109404 ns
[14.118s][info ][safepoint      ] Safepoint "ICBufferFull", Time since last: 867932 ns, Reaching safepoint: 90104 ns, At safepoint: 14900 ns, Total: 105004 ns
[14.118s][info ][safepoint      ] Safepoint "ICBufferFull", Time since last: 83703 ns, Reaching safepoint: 90404 ns, At safepoint: 23801 ns, Total: 114205 ns
[14.118s][info ][safepoint      ] Safepoint "ICBufferFull", Time since last: 69602 ns, Reaching safepoint: 88704 ns, At safepoint: 25100 ns, Total: 113804 ns
[14.118s][info ][safepoint      ] Safepoint "ICBufferFull", Time since last: 103104 ns, Reaching safepoint: 93104 ns, At safepoint: 21601 ns, Total: 114705 ns
[14.119s][info ][safepoint      ] Safepoint "ICBufferFull", Time since last: 94903 ns, Reaching safepoint: 85803 ns, At safepoint: 25501 ns, Total: 111304 ns
[14.120s][info ][safepoint      ] Safepoint "ICBufferFull", Time since last: 906834 ns, Reaching safepoint: 110704 ns, At safepoint: 14900 ns, Total: 125604 ns
[14.120s][info ][safepoint      ] Safepoint "ICBufferFull", Time since last: 49102 ns, Reaching safepoint: 86103 ns, At safepoint: 19901 ns, Total: 106004 ns
[14.121s][info ][safepoint      ] Safepoint "ICBufferFull", Time since last: 1074440 ns, Reaching safepoint: 107104 ns, At safepoint: 17501 ns, Total: 124605 ns
[14.121s][info ][safepoint      ] Safepoint "ICBufferFull", Time since last: 88103 ns, Reaching safepoint: 88603 ns, At safepoint: 19601 ns, Total: 108204 ns
[14.122s][info ][safepoint      ] Safepoint "ICBufferFull", Time since last: 1051439 ns, Reaching safepoint: 66102 ns, At safepoint: 14001 ns, Total: 80103 ns
[14.122s][info ][safepoint      ] Safepoint "ICBufferFull", Time since last: 59102 ns, Reaching safepoint: 88403 ns, At safepoint: 16301 ns, Total: 104704 ns
[14.123s][info ][safepoint      ] Safepoint "ICBufferFull", Time since last: 37301 ns, Reaching safepoint: 86903 ns, At safepoint: 19501 ns, Total: 106404 ns
[14.124s][info ][safepoint      ] Safepoint "ICBufferFull", Time since last: 879833 ns, Reaching safepoint: 105504 ns, At safepoint: 17600 ns, Total: 123104 ns
[14.124s][info ][safepoint      ] Safepoint "ICBufferFull", Time since last: 41502 ns, Reaching safepoint: 85703 ns, At safepoint: 17701 ns, Total: 103404 ns
[14.125s][info ][safepoint      ] Safepoint "ICBufferFull", Time since last: 958135 ns, Reaching safepoint: 107904 ns, At safepoint: 16701 ns, Total: 124605 ns
[14.127s][info ][safepoint      ] Safepoint "ICBufferFull", Time since last: 1830467 ns, Reaching safepoint: 91804 ns, At safepoint: 18600 ns, Total: 110404 ns
[14.128s][info ][safepoint      ] Safepoint "ICBufferFull", Time since last: 1050039 ns, Reaching safepoint: 104904 ns, At safepoint: 25001 ns, Total: 129905 ns
[14.128s][info ][safepoint      ] Safepoint "ICBufferFull", Time since last: 36902 ns, Reaching safepoint: 84503 ns, At safepoint: 20100 ns, Total: 104603 ns
[14.130s][info ][safepoint      ] Safepoint "ICBufferFull", Time since last: 1826568 ns, Reaching safepoint: 116504 ns, At safepoint: 22101 ns, Total: 138605 ns
[14.130s][info ][safepoint      ] Safepoint "ICBufferFull", Time since last: 96404 ns, Reaching safepoint: 97303 ns, At safepoint: 27101 ns, Total: 124404 ns
[14.134s][info ][safepoint      ] Safepoint "ICBufferFull", Time since last: 3107815 ns, Reaching safepoint: 108104 ns, At safepoint: 18001 ns, Total: 126105 ns
[14.135s][info ][safepoint      ] Safepoint "ICBufferFull", Time since last: 1320449 ns, Reaching safepoint: 116204 ns, At safepoint: 20101 ns, Total: 136305 ns
[14.137s][info ][safepoint      ] Safepoint "ICBufferFull", Time since last: 2136379 ns, Reaching safepoint: 104304 ns, At safepoint: 15101 ns, Total: 119405 ns
[14.137s][info ][safepoint      ] Safepoint "ICBufferFull", Time since last: 59702 ns, Reaching safepoint: 86103 ns, At safepoint: 21801 ns, Total: 107904 ns
[14.138s][info ][safepoint      ] Safepoint "ICBufferFull", Time since last: 894533 ns, Reaching safepoint: 107504 ns, At safepoint: 18501 ns, Total: 126005 ns
[14.140s][info ][safepoint      ] Safepoint "ICBufferFull", Time since last: 1067939 ns, Reaching safepoint: 100704 ns, At safepoint: 20601 ns, Total: 121305 ns
[14.142s][info ][safepoint      ] Safepoint "ICBufferFull", Time since last: 1957372 ns, Reaching safepoint: 109404 ns, At safepoint: 15501 ns, Total: 124905 ns
[14.142s][info ][safepoint      ] Safepoint "ICBufferFull", Time since last: 52502 ns, Reaching safepoint: 84803 ns, At safepoint: 14500 ns, Total: 99303 ns
[14.143s][info ][safepoint      ] Safepoint "ICBufferFull", Time since last: 1159643 ns, Reaching safepoint: 103604 ns, At safepoint: 19001 ns, Total: 122605 ns
[14.143s][info ][safepoint      ] Safepoint "ICBufferFull", Time since last: 55502 ns, Reaching safepoint: 93703 ns, At safepoint: 18301 ns, Total: 112004 ns
[14.144s][info ][safepoint      ] Safepoint "ICBufferFull", Time since last: 1025338 ns, Reaching safepoint: 102904 ns, At safepoint: 17200 ns, Total: 120104 ns
[14.145s][info ][safepoint      ] Safepoint "ICBufferFull", Time since last: 36802 ns, Reaching safepoint: 88603 ns, At safepoint: 17701 ns, Total: 106304 ns
[14.146s][info ][safepoint      ] Safepoint "ICBufferFull", Time since last: 892933 ns, Reaching safepoint: 89103 ns, At safepoint: 13901 ns, Total: 103004 ns
[14.146s][info ][safepoint      ] Safepoint "ICBufferFull", Time since last: 47501 ns, Reaching safepoint: 88204 ns, At safepoint: 19300 ns, Total: 107504 ns
[14.146s][info ][safepoint      ] Safepoint "ICBufferFull", Time since last: 53802 ns, Reaching safepoint: 87503 ns, At safepoint: 19901 ns, Total: 107404 ns
[14.147s][info ][safepoint      ] Safepoint "ICBufferFull", Time since last: 796930 ns, Reaching safepoint: 94003 ns, At safepoint: 20001 ns, Total: 114004 ns
[14.147s][info ][safepoint      ] Safepoint "ICBufferFull", Time since last: 49502 ns, Reaching safepoint: 88103 ns, At safepoint: 17301 ns, Total: 105404 ns
[14.147s][info ][safepoint      ] Safepoint "ICBufferFull", Time since last: 34301 ns, Reaching safepoint: 88203 ns, At safepoint: 18501 ns, Total: 106704 ns
[14.148s][info ][safepoint      ] Safepoint "ICBufferFull", Time since last: 954235 ns, Reaching safepoint: 102904 ns, At safepoint: 18501 ns, Total: 121405 ns
[14.148s][info ][safepoint      ] Safepoint "ICBufferFull", Time since last: 42401 ns, Reaching safepoint: 91704 ns, At safepoint: 20400 ns, Total: 112104 ns
[14.149s][info ][safepoint      ] Safepoint "ICBufferFull", Time since last: 794630 ns, Reaching safepoint: 104804 ns, At safepoint: 15100 ns, Total: 119904 ns
[14.149s][info ][safepoint      ] Safepoint "ICBufferFull", Time since last: 45002 ns, Reaching safepoint: 93703 ns, At safepoint: 18101 ns, Total: 111804 ns
[14.150s][info ][safepoint      ] Safepoint "ICBufferFull", Time since last: 843031 ns, Reaching safepoint: 98604 ns, At safepoint: 11700 ns, Total: 110304 ns
[14.151s][info ][safepoint      ] Safepoint "ICBufferFull", Time since last: 318012 ns, Reaching safepoint: 110404 ns, At safepoint: 23201 ns, Total: 133605 ns
[14.151s][info ][safepoint      ] Safepoint "ICBufferFull", Time since last: 325512 ns, Reaching safepoint: 103704 ns, At safepoint: 18201 ns, Total: 121905 ns
[14.153s][info ][safepoint      ] Safepoint "ICBufferFull", Time since last: 1228545 ns, Reaching safepoint: 107104 ns, At safepoint: 18901 ns, Total: 126005 ns
[14.156s][info ][safepoint      ] Safepoint "ICBufferFull", Time since last: 2849005 ns, Reaching safepoint: 753928 ns, At safepoint: 18401 ns, Total: 772329 ns
[14.160s][info ][safepoint      ] Safepoint "ICBufferFull", Time since last: 3969447 ns, Reaching safepoint: 45002 ns, At safepoint: 19200 ns, Total: 64202 ns
[14.160s][info ][safepoint      ] Safepoint "ICBufferFull", Time since last: 74503 ns, Reaching safepoint: 102504 ns, At safepoint: 16900 ns, Total: 119404 ns
[14.161s][info ][safepoint      ] Safepoint "ICBufferFull", Time since last: 37002 ns, Reaching safepoint: 106904 ns, At safepoint: 17500 ns, Total: 124404 ns
[14.162s][info ][safepoint      ] Safepoint "ICBufferFull", Time since last: 1031839 ns, Reaching safepoint: 182806 ns, At safepoint: 19601 ns, Total: 202407 ns
[14.168s][info ][safepoint      ] Safepoint "ICBufferFull", Time since last: 6333635 ns, Reaching safepoint: 136105 ns, At safepoint: 20400 ns, Total: 156505 ns
[14.169s][info ][safepoint      ] Safepoint "ICBufferFull", Time since last: 76903 ns, Reaching safepoint: 90204 ns, At safepoint: 23200 ns, Total: 113404 ns
[14.170s][info ][safepoint      ] Safepoint "ICBufferFull", Time since last: 919834 ns, Reaching safepoint: 104704 ns, At safepoint: 13401 ns, Total: 118105 ns
[14.170s][info ][safepoint      ] Safepoint "ICBufferFull", Time since last: 72203 ns, Reaching safepoint: 87603 ns, At safepoint: 25301 ns, Total: 112904 ns
[14.170s][info ][safepoint      ] Safepoint "ICBufferFull", Time since last: 68702 ns, Reaching safepoint: 90504 ns, At safepoint: 17200 ns, Total: 107704 ns
[14.170s][info ][safepoint      ] Safepoint "ICBufferFull", Time since last: 43402 ns, Reaching safepoint: 104804 ns, At safepoint: 25701 ns, Total: 130505 ns
[14.170s][info ][safepoint      ] Safepoint "ICBufferFull", Time since last: 43601 ns, Reaching safepoint: 95304 ns, At safepoint: 26301 ns, Total: 121605 ns
[14.171s][info ][safepoint      ] Safepoint "ICBufferFull", Time since last: 958335 ns, Reaching safepoint: 101804 ns, At safepoint: 15901 ns, Total: 117705 ns
[14.172s][info ][safepoint      ] Safepoint "ICBufferFull", Time since last: 63602 ns, Reaching safepoint: 88903 ns, At safepoint: 14801 ns, Total: 103704 ns
[14.172s][info ][safepoint      ] Safepoint "ICBufferFull", Time since last: 46802 ns, Reaching safepoint: 89803 ns, At safepoint: 19501 ns, Total: 109304 ns
[14.172s][info ][safepoint      ] Safepoint "ICBufferFull", Time since last: 491518 ns, Reaching safepoint: 94903 ns, At safepoint: 23001 ns, Total: 117904 ns
[14.173s][info ][safepoint      ] Safepoint "ICBufferFull", Time since last: 891633 ns, Reaching safepoint: 100704 ns, At safepoint: 20201 ns, Total: 120905 ns
[14.173s][info ][safepoint      ] Safepoint "ICBufferFull", Time since last: 69302 ns, Reaching safepoint: 92804 ns, At safepoint: 21800 ns, Total: 114604 ns
[14.174s][info ][safepoint      ] Safepoint "ICBufferFull", Time since last: 88204 ns, Reaching safepoint: 104304 ns, At safepoint: 17200 ns, Total: 121504 ns
[14.180s][info ][safepoint      ] Safepoint "ICBufferFull", Time since last: 6500641 ns, Reaching safepoint: 112104 ns, At safepoint: 21901 ns, Total: 134005 ns
[14.180s][info ][safepoint      ] Safepoint "ICBufferFull", Time since last: 81103 ns, Reaching safepoint: 87303 ns, At safepoint: 17501 ns, Total: 104804 ns
[14.181s][info ][safepoint      ] Safepoint "ICBufferFull", Time since last: 61002 ns, Reaching safepoint: 87603 ns, At safepoint: 22501 ns, Total: 110104 ns
[14.181s][info ][safepoint      ] Safepoint "ICBufferFull", Time since last: 62802 ns, Reaching safepoint: 92504 ns, At safepoint: 24601 ns, Total: 117105 ns
[14.181s][info ][safepoint      ] Safepoint "ICBufferFull", Time since last: 212108 ns, Reaching safepoint: 88403 ns, At safepoint: 20901 ns, Total: 109304 ns
[14.181s][info ][safepoint      ] Safepoint "ICBufferFull", Time since last: 231208 ns, Reaching safepoint: 57602 ns, At safepoint: 20301 ns, Total: 77903 ns
[14.182s][info ][safepoint      ] Safepoint "ICBufferFull", Time since last: 827331 ns, Reaching safepoint: 98103 ns, At safepoint: 20001 ns, Total: 118104 ns
[14.183s][info ][safepoint      ] Safepoint "ICBufferFull", Time since last: 56902 ns, Reaching safepoint: 85103 ns, At safepoint: 20301 ns, Total: 105404 ns
[14.184s][info ][safepoint      ] Safepoint "ICBufferFull", Time since last: 1060139 ns, Reaching safepoint: 94004 ns, At safepoint: 15600 ns, Total: 109604 ns
[14.184s][info ][safepoint      ] Safepoint "ICBufferFull", Time since last: 64203 ns, Reaching safepoint: 89603 ns, At safepoint: 22701 ns, Total: 112304 ns
[14.184s][info ][safepoint      ] Safepoint "ICBufferFull", Time since last: 44902 ns, Reaching safepoint: 72902 ns, At safepoint: 20901 ns, Total: 93803 ns
[14.184s][info ][safepoint      ] Safepoint "ICBufferFull", Time since last: 48502 ns, Reaching safepoint: 91303 ns, At safepoint: 19301 ns, Total: 110604 ns
[14.185s][info ][safepoint      ] Safepoint "ICBufferFull", Time since last: 963736 ns, Reaching safepoint: 101803 ns, At safepoint: 16201 ns, Total: 118004 ns
[14.186s][info ][safepoint      ] Safepoint "ICBufferFull", Time since last: 91903 ns, Reaching safepoint: 86704 ns, At safepoint: 18000 ns, Total: 104704 ns
[14.186s][info ][safepoint      ] Safepoint "ICBufferFull", Time since last: 132905 ns, Reaching safepoint: 87203 ns, At safepoint: 17701 ns, Total: 104904 ns
[14.187s][info ][safepoint      ] Safepoint "ICBufferFull", Time since last: 859632 ns, Reaching safepoint: 98604 ns, At safepoint: 13400 ns, Total: 112004 ns
[14.188s][info ][safepoint      ] Safepoint "ICBufferFull", Time since last: 1449254 ns, Reaching safepoint: 93403 ns, At safepoint: 22801 ns, Total: 116204 ns
[14.188s][info ][safepoint      ] Safepoint "ICBufferFull", Time since last: 57202 ns, Reaching safepoint: 91404 ns, At safepoint: 22300 ns, Total: 113704 ns
[14.189s][info ][safepoint      ] Safepoint "ICBufferFull", Time since last: 154106 ns, Reaching safepoint: 89603 ns, At safepoint: 21901 ns, Total: 111504 ns
[14.190s][info ][safepoint      ] Safepoint "ICBufferFull", Time since last: 955136 ns, Reaching safepoint: 100203 ns, At safepoint: 16301 ns, Total: 116504 ns
[14.190s][info ][safepoint      ] Safepoint "ICBufferFull", Time since last: 64602 ns, Reaching safepoint: 91604 ns, At safepoint: 15500 ns, Total: 107104 ns
[14.190s][info ][safepoint      ] Safepoint "ICBufferFull", Time since last: 106904 ns, Reaching safepoint: 89403 ns, At safepoint: 18601 ns, Total: 108004 ns
[14.191s][info ][safepoint      ] Safepoint "ICBufferFull", Time since last: 1060139 ns, Reaching safepoint: 94904 ns, At safepoint: 13500 ns, Total: 108404 ns
[14.192s][info ][safepoint      ] Safepoint "ICBufferFull", Time since last: 51702 ns, Reaching safepoint: 89104 ns, At safepoint: 17700 ns, Total: 106804 ns
[14.192s][info ][safepoint      ] Safepoint "ICBufferFull", Time since last: 31301 ns, Reaching safepoint: 108204 ns, At safepoint: 19501 ns, Total: 127705 ns
[14.193s][info ][safepoint      ] Safepoint "ICBufferFull", Time since last: 950835 ns, Reaching safepoint: 98504 ns, At safepoint: 17001 ns, Total: 115505 ns
[14.193s][info ][safepoint      ] Safepoint "ICBufferFull", Time since last: 38401 ns, Reaching safepoint: 90403 ns, At safepoint: 17901 ns, Total: 108304 ns
[14.194s][info ][safepoint      ] Safepoint "ICBufferFull", Time since last: 913434 ns, Reaching safepoint: 91603 ns, At safepoint: 19401 ns, Total: 111004 ns
[14.194s][info ][safepoint      ] Safepoint "ICBufferFull", Time since last: 35201 ns, Reaching safepoint: 165106 ns, At safepoint: 20001 ns, Total: 185107 ns
[14.195s][info ][safepoint      ] Safepoint "ICBufferFull", Time since last: 912234 ns, Reaching safepoint: 96104 ns, At safepoint: 18100 ns, Total: 114204 ns
[14.195s][info ][safepoint      ] Safepoint "ICBufferFull", Time since last: 108304 ns, Reaching safepoint: 87103 ns, At safepoint: 18501 ns, Total: 105604 ns
[14.197s][info ][safepoint      ] Safepoint "ICBufferFull", Time since last: 1034638 ns, Reaching safepoint: 105204 ns, At safepoint: 13401 ns, Total: 118605 ns
[14.197s][info ][safepoint      ] Safepoint "ICBufferFull", Time since last: 54102 ns, Reaching safepoint: 87103 ns, At safepoint: 17401 ns, Total: 104504 ns
[14.200s][info ][safepoint      ] Safepoint "ICBufferFull", Time since last: 3484029 ns, Reaching safepoint: 92903 ns, At safepoint: 15301 ns, Total: 108204 ns
[14.200s][info ][safepoint      ] Safepoint "ICBufferFull", Time since last: 57402 ns, Reaching safepoint: 89603 ns, At safepoint: 19601 ns, Total: 109204 ns
[14.201s][info ][safepoint      ] Safepoint "ICBufferFull", Time since last: 33301 ns, Reaching safepoint: 59402 ns, At safepoint: 18101 ns, Total: 77503 ns
[14.201s][info ][safepoint      ] Safepoint "ICBufferFull", Time since last: 829131 ns, Reaching safepoint: 90703 ns, At safepoint: 15001 ns, Total: 105704 ns
[14.202s][info ][safepoint      ] Safepoint "ICBufferFull", Time since last: 47401 ns, Reaching safepoint: 99104 ns, At safepoint: 11900 ns, Total: 111004 ns
[14.202s][info ][safepoint      ] Safepoint "ICBufferFull", Time since last: 30502 ns, Reaching safepoint: 88703 ns, At safepoint: 18901 ns, Total: 107604 ns
[14.203s][info ][safepoint      ] Safepoint "ICBufferFull", Time since last: 966335 ns, Reaching safepoint: 103504 ns, At safepoint: 13201 ns, Total: 116705 ns
[14.205s][info ][safepoint      ] Safepoint "ICBufferFull", Time since last: 41801 ns, Reaching safepoint: 1937472 ns, At safepoint: 25701 ns, Total: 1963173 ns
[14.208s][info ][safepoint      ] Safepoint "ICBufferFull", Time since last: 2005774 ns, Reaching safepoint: 669025 ns, At safepoint: 25301 ns, Total: 694326 ns
[14.209s][info ][safepoint      ] Safepoint "ICBufferFull", Time since last: 1078640 ns, Reaching safepoint: 112104 ns, At safepoint: 23201 ns, Total: 135305 ns
[14.209s][info ][safepoint      ] Safepoint "ICBufferFull", Time since last: 56602 ns, Reaching safepoint: 90303 ns, At safepoint: 20801 ns, Total: 111104 ns
[14.212s][info ][safepoint      ] Safepoint "ICBufferFull", Time since last: 3392326 ns, Reaching safepoint: 105403 ns, At safepoint: 20701 ns, Total: 126104 ns
[14.214s][info ][safepoint      ] Safepoint "ICBufferFull", Time since last: 967936 ns, Reaching safepoint: 251709 ns, At safepoint: 22301 ns, Total: 274010 ns
[14.214s][info ][safepoint      ] Safepoint "ICBufferFull", Time since last: 199808 ns, Reaching safepoint: 98103 ns, At safepoint: 20901 ns, Total: 119004 ns
[14.220s][info ][safepoint      ] Safepoint "ICBufferFull", Time since last: 5870617 ns, Reaching safepoint: 68803 ns, At safepoint: 28001 ns, Total: 96804 ns
[14.220s][info ][safepoint      ] Safepoint "ICBufferFull", Time since last: 55702 ns, Reaching safepoint: 95004 ns, At safepoint: 17100 ns, Total: 112104 ns
[14.221s][info ][safepoint      ] Safepoint "ICBufferFull", Time since last: 889733 ns, Reaching safepoint: 90703 ns, At safepoint: 16501 ns, Total: 107204 ns
[14.221s][info ][safepoint      ] Safepoint "ICBufferFull", Time since last: 47302 ns, Reaching safepoint: 101204 ns, At safepoint: 17800 ns, Total: 119004 ns
[14.221s][info ][safepoint      ] Safepoint "ICBufferFull", Time since last: 40402 ns, Reaching safepoint: 87903 ns, At safepoint: 22301 ns, Total: 110204 ns
[14.222s][info ][safepoint      ] Safepoint "ICBufferFull", Time since last: 853031 ns, Reaching safepoint: 91604 ns, At safepoint: 17200 ns, Total: 108804 ns
[14.226s][info ][safepoint      ] Safepoint "ICBufferFull", Time since last: 3861243 ns, Reaching safepoint: 107004 ns, At safepoint: 13601 ns, Total: 120605 ns
[14.227s][info ][safepoint      ] Safepoint "ICBufferFull", Time since last: 65902 ns, Reaching safepoint: 83703 ns, At safepoint: 18301 ns, Total: 102004 ns
[14.227s][info ][safepoint      ] Safepoint "ICBufferFull", Time since last: 47502 ns, Reaching safepoint: 84203 ns, At safepoint: 16701 ns, Total: 100904 ns
[14.227s][info ][safepoint      ] Safepoint "ICBufferFull", Time since last: 38201 ns, Reaching safepoint: 83903 ns, At safepoint: 17001 ns, Total: 100904 ns
[14.227s][info ][safepoint      ] Safepoint "ICBufferFull", Time since last: 152605 ns, Reaching safepoint: 79903 ns, At safepoint: 17701 ns, Total: 97604 ns
[14.227s][info ][safepoint      ] Safepoint "ICBufferFull", Time since last: 197107 ns, Reaching safepoint: 90104 ns, At safepoint: 23900 ns, Total: 114004 ns
[14.228s][info ][safepoint      ] Safepoint "ICBufferFull", Time since last: 780129 ns, Reaching safepoint: 96304 ns, At safepoint: 20301 ns, Total: 116605 ns
[14.228s][info ][safepoint      ] Safepoint "ICBufferFull", Time since last: 45701 ns, Reaching safepoint: 86004 ns, At safepoint: 24000 ns, Total: 110004 ns
[14.229s][info ][safepoint      ] Safepoint "ICBufferFull", Time since last: 51202 ns, Reaching safepoint: 85304 ns, At safepoint: 20000 ns, Total: 105304 ns
[14.229s][info ][safepoint      ] Safepoint "ICBufferFull", Time since last: 45902 ns, Reaching safepoint: 85003 ns, At safepoint: 23101 ns, Total: 108104 ns
[14.229s][info ][safepoint      ] Safepoint "ICBufferFull", Time since last: 34101 ns, Reaching safepoint: 94604 ns, At safepoint: 24301 ns, Total: 118905 ns
[14.230s][info ][safepoint      ] Safepoint "ICBufferFull", Time since last: 735127 ns, Reaching safepoint: 97703 ns, At safepoint: 16601 ns, Total: 114304 ns
[14.230s][info ][safepoint      ] Safepoint "ICBufferFull", Time since last: 86803 ns, Reaching safepoint: 88704 ns, At safepoint: 20500 ns, Total: 109204 ns
[14.230s][info ][safepoint      ] Safepoint "ICBufferFull", Time since last: 115605 ns, Reaching safepoint: 94303 ns, At safepoint: 29501 ns, Total: 123804 ns
[14.230s][info ][safepoint      ] Safepoint "ICBufferFull", Time since last: 73603 ns, Reaching safepoint: 96503 ns, At safepoint: 27001 ns, Total: 123504 ns
[14.231s][info ][safepoint      ] Safepoint "ICBufferFull", Time since last: 48202 ns, Reaching safepoint: 160606 ns, At safepoint: 22601 ns, Total: 183207 ns
[14.232s][info ][safepoint      ] Safepoint "ICBufferFull", Time since last: 853032 ns, Reaching safepoint: 108904 ns, At safepoint: 20900 ns, Total: 129804 ns
[14.232s][info ][safepoint      ] Safepoint "ICBufferFull", Time since last: 64603 ns, Reaching safepoint: 100604 ns, At safepoint: 22900 ns, Total: 123504 ns
[14.232s][info ][safepoint      ] Safepoint "ICBufferFull", Time since last: 63003 ns, Reaching safepoint: 96603 ns, At safepoint: 20801 ns, Total: 117404 ns
[14.232s][info ][safepoint      ] Safepoint "ICBufferFull", Time since last: 49902 ns, Reaching safepoint: 151106 ns, At safepoint: 28501 ns, Total: 179607 ns
[14.233s][info ][safepoint      ] Safepoint "ICBufferFull", Time since last: 887132 ns, Reaching safepoint: 102804 ns, At safepoint: 12501 ns, Total: 115305 ns
[14.233s][info ][safepoint      ] Safepoint "ICBufferFull", Time since last: 54802 ns, Reaching safepoint: 87103 ns, At safepoint: 20701 ns, Total: 107804 ns
[14.234s][info ][safepoint      ] Safepoint "ICBufferFull", Time since last: 47601 ns, Reaching safepoint: 87304 ns, At safepoint: 22801 ns, Total: 110105 ns
[14.234s][info ][safepoint      ] Safepoint "ICBufferFull", Time since last: 26401 ns, Reaching safepoint: 88103 ns, At safepoint: 20001 ns, Total: 108104 ns
[14.235s][info ][safepoint      ] Safepoint "ICBufferFull", Time since last: 865232 ns, Reaching safepoint: 107704 ns, At safepoint: 19700 ns, Total: 127404 ns
[14.235s][info ][safepoint      ] Safepoint "ICBufferFull", Time since last: 55302 ns, Reaching safepoint: 89204 ns, At safepoint: 21900 ns, Total: 111104 ns
[14.235s][info ][safepoint      ] Safepoint "ICBufferFull", Time since last: 39402 ns, Reaching safepoint: 89603 ns, At safepoint: 19301 ns, Total: 108904 ns
[14.236s][info ][safepoint      ] Safepoint "ICBufferFull", Time since last: 816830 ns, Reaching safepoint: 102204 ns, At safepoint: 17101 ns, Total: 119305 ns
[14.236s][info ][safepoint      ] Safepoint "ICBufferFull", Time since last: 48801 ns, Reaching safepoint: 90604 ns, At safepoint: 20401 ns, Total: 111005 ns
[14.236s][info ][safepoint      ] Safepoint "ICBufferFull", Time since last: 43801 ns, Reaching safepoint: 92204 ns, At safepoint: 21600 ns, Total: 113804 ns
[14.237s][info ][safepoint      ] Safepoint "ICBufferFull", Time since last: 773429 ns, Reaching safepoint: 100604 ns, At safepoint: 13900 ns, Total: 114504 ns
[14.237s][info ][safepoint      ] Safepoint "ICBufferFull", Time since last: 64803 ns, Reaching safepoint: 101903 ns, At safepoint: 16201 ns, Total: 118104 ns
[14.237s][info ][safepoint      ] Safepoint "ICBufferFull", Time since last: 46402 ns, Reaching safepoint: 87303 ns, At safepoint: 23201 ns, Total: 110504 ns
[14.239s][info ][safepoint      ] Safepoint "ICBufferFull", Time since last: 977636 ns, Reaching safepoint: 105704 ns, At safepoint: 16101 ns, Total: 121805 ns
[14.239s][info ][safepoint      ] Safepoint "ICBufferFull", Time since last: 61502 ns, Reaching safepoint: 88103 ns, At safepoint: 23701 ns, Total: 111804 ns
[14.239s][info ][safepoint      ] Safepoint "ICBufferFull", Time since last: 39301 ns, Reaching safepoint: 87604 ns, At safepoint: 21600 ns, Total: 109204 ns
[14.240s][info ][safepoint      ] Safepoint "ICBufferFull", Time since last: 1069640 ns, Reaching safepoint: 100904 ns, At safepoint: 18800 ns, Total: 119704 ns
[14.240s][info ][safepoint      ] Safepoint "ICBufferFull", Time since last: 51902 ns, Reaching safepoint: 88304 ns, At safepoint: 17200 ns, Total: 105504 ns
[14.241s][info ][safepoint      ] Safepoint "ICBufferFull", Time since last: 991037 ns, Reaching safepoint: 107604 ns, At safepoint: 18901 ns, Total: 126505 ns
[14.242s][info ][safepoint      ] Safepoint "ICBufferFull", Time since last: 56502 ns, Reaching safepoint: 396414 ns, At safepoint: 23901 ns, Total: 420315 ns
[14.242s][info ][safepoint      ] Safepoint "ICBufferFull", Time since last: 200508 ns, Reaching safepoint: 95103 ns, At safepoint: 17301 ns, Total: 112404 ns
[14.243s][info ][safepoint      ] Safepoint "ICBufferFull", Time since last: 808630 ns, Reaching safepoint: 107604 ns, At safepoint: 13300 ns, Total: 120904 ns
[14.243s][info ][safepoint      ] Safepoint "ICBufferFull", Time since last: 55402 ns, Reaching safepoint: 88504 ns, At safepoint: 14500 ns, Total: 103004 ns
[14.244s][info ][safepoint      ] Safepoint "ICBufferFull", Time since last: 34701 ns, Reaching safepoint: 226509 ns, At safepoint: 19301 ns, Total: 245810 ns
[14.245s][info ][safepoint      ] Safepoint "ICBufferFull", Time since last: 875532 ns, Reaching safepoint: 100304 ns, At safepoint: 15500 ns, Total: 115804 ns
[14.245s][info ][safepoint      ] Safepoint "ICBufferFull", Time since last: 78403 ns, Reaching safepoint: 97704 ns, At safepoint: 22401 ns, Total: 120105 ns
[14.246s][info ][safepoint      ] Safepoint "ICBufferFull", Time since last: 865732 ns, Reaching safepoint: 103203 ns, At safepoint: 14901 ns, Total: 118104 ns
[14.246s][info ][safepoint      ] Safepoint "ICBufferFull", Time since last: 41502 ns, Reaching safepoint: 87003 ns, At safepoint: 21801 ns, Total: 108804 ns
[14.247s][info ][safepoint      ] Safepoint "ICBufferFull", Time since last: 902533 ns, Reaching safepoint: 114204 ns, At safepoint: 20401 ns, Total: 134605 ns
[14.248s][info ][safepoint      ] Safepoint "ICBufferFull", Time since last: 565821 ns, Reaching safepoint: 103904 ns, At safepoint: 19601 ns, Total: 123505 ns
[14.249s][info ][safepoint      ] Safepoint "ICBufferFull", Time since last: 984536 ns, Reaching safepoint: 106604 ns, At safepoint: 15100 ns, Total: 121704 ns
[14.250s][info ][safepoint      ] Safepoint "ICBufferFull", Time since last: 902334 ns, Reaching safepoint: 67002 ns, At safepoint: 15801 ns, Total: 82803 ns
[14.252s][info ][safepoint      ] Safepoint "ICBufferFull", Time since last: 2499292 ns, Reaching safepoint: 96804 ns, At safepoint: 18101 ns, Total: 114905 ns
[14.253s][info ][safepoint      ] Safepoint "ICBufferFull", Time since last: 959435 ns, Reaching safepoint: 95504 ns, At safepoint: 21001 ns, Total: 116505 ns
[14.255s][info ][safepoint      ] Safepoint "ICBufferFull", Time since last: 1029638 ns, Reaching safepoint: 105104 ns, At safepoint: 16700 ns, Total: 121804 ns
[14.256s][info ][safepoint      ] Safepoint "ICBufferFull", Time since last: 959036 ns, Reaching safepoint: 100803 ns, At safepoint: 22401 ns, Total: 123204 ns
[14.256s][info ][safepoint      ] Safepoint "ICBufferFull", Time since last: 43902 ns, Reaching safepoint: 154306 ns, At safepoint: 22800 ns, Total: 177106 ns
[14.258s][info ][safepoint      ] Safepoint "ICBufferFull", Time since last: 1045439 ns, Reaching safepoint: 712027 ns, At safepoint: 26300 ns, Total: 738327 ns
[14.258s][info ][safepoint      ] Safepoint "ICBufferFull", Time since last: 49202 ns, Reaching safepoint: 94104 ns, At safepoint: 17900 ns, Total: 112004 ns
[14.259s][info ][safepoint      ] Safepoint "ICBufferFull", Time since last: 1097441 ns, Reaching safepoint: 253609 ns, At safepoint: 22401 ns, Total: 276010 ns
[14.259s][info ][safepoint      ] Safepoint "ICBufferFull", Time since last: 63303 ns, Reaching safepoint: 91103 ns, At safepoint: 19201 ns, Total: 110304 ns
[14.260s][info ][safepoint      ] Safepoint "ICBufferFull", Time since last: 918534 ns, Reaching safepoint: 107204 ns, At safepoint: 21801 ns, Total: 129005 ns
[14.262s][info ][safepoint      ] Safepoint "ICBufferFull", Time since last: 1080340 ns, Reaching safepoint: 175206 ns, At safepoint: 22001 ns, Total: 197207 ns
[14.263s][info ][safepoint      ] Safepoint "ICBufferFull", Time since last: 967036 ns, Reaching safepoint: 106404 ns, At safepoint: 17300 ns, Total: 123704 ns
[14.264s][info ][safepoint      ] Safepoint "ICBufferFull", Time since last: 1023438 ns, Reaching safepoint: 103904 ns, At safepoint: 18101 ns, Total: 122005 ns
[14.265s][info ][safepoint      ] Safepoint "ICBufferFull", Time since last: 1091940 ns, Reaching safepoint: 103104 ns, At safepoint: 23401 ns, Total: 126505 ns
[14.266s][info ][safepoint      ] Safepoint "ICBufferFull", Time since last: 799729 ns, Reaching safepoint: 442217 ns, At safepoint: 13100 ns, Total: 455317 ns
[14.267s][info ][safepoint      ] Safepoint "ICBufferFull", Time since last: 52302 ns, Reaching safepoint: 89603 ns, At safepoint: 18601 ns, Total: 108204 ns
[14.267s][info ][safepoint      ] Safepoint "ICBufferFull", Time since last: 219608 ns, Reaching safepoint: 101704 ns, At safepoint: 24101 ns, Total: 125805 ns
[14.268s][info ][safepoint      ] Safepoint "ICBufferFull", Time since last: 1428453 ns, Reaching safepoint: 94003 ns, At safepoint: 15101 ns, Total: 109104 ns
[14.269s][info ][safepoint      ] Safepoint "ICBufferFull", Time since last: 44902 ns, Reaching safepoint: 96203 ns, At safepoint: 15201 ns, Total: 111404 ns
[14.270s][info ][safepoint      ] Safepoint "ICBufferFull", Time since last: 1407252 ns, Reaching safepoint: 113404 ns, At safepoint: 14000 ns, Total: 127404 ns
[14.272s][info ][safepoint      ] Safepoint "ICBufferFull", Time since last: 2095778 ns, Reaching safepoint: 119804 ns, At safepoint: 15701 ns, Total: 135505 ns
[14.273s][info ][safepoint      ] Safepoint "ICBufferFull", Time since last: 91603 ns, Reaching safepoint: 97204 ns, At safepoint: 14601 ns, Total: 111805 ns
[14.274s][info ][safepoint      ] Safepoint "ICBufferFull", Time since last: 918734 ns, Reaching safepoint: 100003 ns, At safepoint: 20201 ns, Total: 120204 ns
[14.274s][info ][safepoint      ] Safepoint "ICBufferFull", Time since last: 38701 ns, Reaching safepoint: 85604 ns, At safepoint: 21700 ns, Total: 107304 ns
[14.275s][info ][safepoint      ] Safepoint "ICBufferFull", Time since last: 920535 ns, Reaching safepoint: 94903 ns, At safepoint: 16501 ns, Total: 111404 ns
[14.275s][info ][safepoint      ] Safepoint "ICBufferFull", Time since last: 30401 ns, Reaching safepoint: 90803 ns, At safepoint: 11901 ns, Total: 102704 ns
[14.276s][info ][safepoint      ] Safepoint "ICBufferFull", Time since last: 932034 ns, Reaching safepoint: 101904 ns, At safepoint: 20801 ns, Total: 122705 ns
[14.278s][info ][safepoint      ] Safepoint "ICBufferFull", Time since last: 1546857 ns, Reaching safepoint: 112104 ns, At safepoint: 18601 ns, Total: 130705 ns
[14.278s][info ][safepoint      ] Safepoint "ICBufferFull", Time since last: 57102 ns, Reaching safepoint: 102804 ns, At safepoint: 20000 ns, Total: 122804 ns
[14.280s][info ][safepoint      ] Safepoint "ICBufferFull", Time since last: 824831 ns, Reaching safepoint: 895633 ns, At safepoint: 19101 ns, Total: 914734 ns
[14.281s][info ][safepoint      ] Safepoint "ICBufferFull", Time since last: 1062239 ns, Reaching safepoint: 75003 ns, At safepoint: 11400 ns, Total: 86403 ns
[14.281s][info ][safepoint      ] Safepoint "ICBufferFull", Time since last: 48002 ns, Reaching safepoint: 63102 ns, At safepoint: 19201 ns, Total: 82303 ns
[14.281s][info ][safepoint      ] Safepoint "ICBufferFull", Time since last: 273710 ns, Reaching safepoint: 54202 ns, At safepoint: 16801 ns, Total: 71003 ns
[14.282s][info ][safepoint      ] Safepoint "ICBufferFull", Time since last: 840331 ns, Reaching safepoint: 91303 ns, At safepoint: 18201 ns, Total: 109504 ns
[14.282s][info ][safepoint      ] Safepoint "ICBufferFull", Time since last: 43002 ns, Reaching safepoint: 92503 ns, At safepoint: 13901 ns, Total: 106404 ns
[14.282s][info ][safepoint      ] Safepoint "ICBufferFull", Time since last: 83803 ns, Reaching safepoint: 88103 ns, At safepoint: 15901 ns, Total: 104004 ns
[14.283s][info ][safepoint      ] Safepoint "ICBufferFull", Time since last: 800729 ns, Reaching safepoint: 104104 ns, At safepoint: 18701 ns, Total: 122805 ns
[14.283s][info ][safepoint      ] Safepoint "ICBufferFull", Time since last: 35801 ns, Reaching safepoint: 86103 ns, At safepoint: 13201 ns, Total: 99304 ns
[14.284s][info ][safepoint      ] Safepoint "ICBufferFull", Time since last: 33601 ns, Reaching safepoint: 87303 ns, At safepoint: 15901 ns, Total: 103204 ns
[14.285s][info ][safepoint      ] Safepoint "ICBufferFull", Time since last: 877532 ns, Reaching safepoint: 100004 ns, At safepoint: 18001 ns, Total: 118005 ns
[14.288s][info ][safepoint      ] Safepoint "ICBufferFull", Time since last: 3557331 ns, Reaching safepoint: 92604 ns, At safepoint: 17300 ns, Total: 109904 ns
[14.289s][info ][safepoint      ] Safepoint "ICBufferFull", Time since last: 996537 ns, Reaching safepoint: 109504 ns, At safepoint: 14401 ns, Total: 123905 ns
[14.290s][info ][safepoint      ] Safepoint "ICBufferFull", Time since last: 43302 ns, Reaching safepoint: 86903 ns, At safepoint: 17200 ns, Total: 104103 ns
[14.290s][info ][safepoint      ] Safepoint "ICBufferFull", Time since last: 776829 ns, Reaching safepoint: 102304 ns, At safepoint: 17801 ns, Total: 120105 ns
[14.291s][info ][safepoint      ] Safepoint "ICBufferFull", Time since last: 64302 ns, Reaching safepoint: 100704 ns, At safepoint: 19200 ns, Total: 119904 ns
[14.292s][info ][safepoint      ] Safepoint "ICBufferFull", Time since last: 921034 ns, Reaching safepoint: 101704 ns, At safepoint: 14701 ns, Total: 116405 ns
[14.292s][info ][safepoint      ] Safepoint "ICBufferFull", Time since last: 60002 ns, Reaching safepoint: 87803 ns, At safepoint: 13701 ns, Total: 101504 ns
[14.293s][info ][safepoint      ] Safepoint "ICBufferFull", Time since last: 1045638 ns, Reaching safepoint: 104904 ns, At safepoint: 22301 ns, Total: 127205 ns
[14.294s][info ][safepoint      ] Safepoint "ICBufferFull", Time since last: 1031738 ns, Reaching safepoint: 102304 ns, At safepoint: 15501 ns, Total: 117805 ns
[14.295s][info ][safepoint      ] Safepoint "ICBufferFull", Time since last: 919334 ns, Reaching safepoint: 89803 ns, At safepoint: 12201 ns, Total: 102004 ns
[14.295s][info ][safepoint      ] Safepoint "ICBufferFull", Time since last: 81703 ns, Reaching safepoint: 88103 ns, At safepoint: 21801 ns, Total: 109904 ns
[14.296s][info ][safepoint      ] Safepoint "ICBufferFull", Time since last: 46201 ns, Reaching safepoint: 86104 ns, At safepoint: 15100 ns, Total: 101204 ns
[14.296s][info ][safepoint      ] Safepoint "ICBufferFull", Time since last: 246509 ns, Reaching safepoint: 93304 ns, At safepoint: 16700 ns, Total: 110004 ns
[14.296s][info ][safepoint      ] Safepoint "ICBufferFull", Time since last: 75403 ns, Reaching safepoint: 92103 ns, At safepoint: 23801 ns, Total: 115904 ns
[14.296s][info ][safepoint      ] Safepoint "ICBufferFull", Time since last: 86004 ns, Reaching safepoint: 91403 ns, At safepoint: 25001 ns, Total: 116404 ns
[14.297s][info ][safepoint      ] Safepoint "ICBufferFull", Time since last: 730127 ns, Reaching safepoint: 92003 ns, At safepoint: 16801 ns, Total: 108804 ns
[14.297s][info ][safepoint      ] Safepoint "ICBufferFull", Time since last: 56502 ns, Reaching safepoint: 96604 ns, At safepoint: 21400 ns, Total: 118004 ns
[14.297s][info ][safepoint      ] Safepoint "ICBufferFull", Time since last: 35102 ns, Reaching safepoint: 88603 ns, At safepoint: 26301 ns, Total: 114904 ns
[14.298s][info ][safepoint      ] Safepoint "ICBufferFull", Time since last: 26001 ns, Reaching safepoint: 89703 ns, At safepoint: 25401 ns, Total: 115104 ns
[14.299s][info ][safepoint      ] Safepoint "ICBufferFull", Time since last: 831531 ns, Reaching safepoint: 92903 ns, At safepoint: 27701 ns, Total: 120604 ns
[14.299s][info ][safepoint      ] Safepoint "ICBufferFull", Time since last: 59003 ns, Reaching safepoint: 88303 ns, At safepoint: 25701 ns, Total: 114004 ns
[14.299s][info ][safepoint      ] Safepoint "ICBufferFull", Time since last: 33301 ns, Reaching safepoint: 89803 ns, At safepoint: 27201 ns, Total: 117004 ns
[14.300s][info ][safepoint      ] Safepoint "ICBufferFull", Time since last: 776329 ns, Reaching safepoint: 99204 ns, At safepoint: 19200 ns, Total: 118404 ns
[14.300s][info ][safepoint      ] Safepoint "ICBufferFull", Time since last: 418016 ns, Reaching safepoint: 91903 ns, At safepoint: 30001 ns, Total: 121904 ns
[14.300s][info ][safepoint      ] Safepoint "ICBufferFull", Time since last: 68803 ns, Reaching safepoint: 92803 ns, At safepoint: 32002 ns, Total: 124805 ns
[14.302s][info ][safepoint      ] Safepoint "ICBufferFull", Time since last: 1265946 ns, Reaching safepoint: 109505 ns, At safepoint: 21500 ns, Total: 131005 ns
[14.304s][info ][safepoint      ] Safepoint "ICBufferFull", Time since last: 1937172 ns, Reaching safepoint: 408515 ns, At safepoint: 26601 ns, Total: 435116 ns
[14.309s][info ][safepoint      ] Safepoint "ICBufferFull", Time since last: 1065340 ns, Reaching safepoint: 3276721 ns, At safepoint: 26901 ns, Total: 3303622 ns
[14.312s][info ][safepoint      ] Safepoint "ICBufferFull", Time since last: 3599733 ns, Reaching safepoint: 125905 ns, At safepoint: 20200 ns, Total: 146105 ns
[14.316s][info ][safepoint      ] Safepoint "ICBufferFull", Time since last: 3830042 ns, Reaching safepoint: 104604 ns, At safepoint: 27801 ns, Total: 132405 ns
[14.317s][info ][safepoint      ] Safepoint "ICBufferFull", Time since last: 88303 ns, Reaching safepoint: 94004 ns, At safepoint: 28901 ns, Total: 122905 ns
[14.317s][info ][safepoint      ] Safepoint "ICBufferFull", Time since last: 52602 ns, Reaching safepoint: 90903 ns, At safepoint: 24601 ns, Total: 115504 ns
[14.320s][info ][safepoint      ] Safepoint "ICBufferFull", Time since last: 3473729 ns, Reaching safepoint: 102704 ns, At safepoint: 18600 ns, Total: 121304 ns
[14.321s][info ][safepoint      ] Safepoint "ICBufferFull", Time since last: 189607 ns, Reaching safepoint: 96704 ns, At safepoint: 23201 ns, Total: 119905 ns
[14.321s][info ][safepoint      ] Safepoint "ICBufferFull", Time since last: 30101 ns, Reaching safepoint: 92003 ns, At safepoint: 20401 ns, Total: 112404 ns
[14.322s][info ][safepoint      ] Safepoint "ICBufferFull", Time since last: 727127 ns, Reaching safepoint: 108304 ns, At safepoint: 26501 ns, Total: 134805 ns
[14.322s][info ][safepoint      ] Safepoint "ICBufferFull", Time since last: 59302 ns, Reaching safepoint: 88603 ns, At safepoint: 16601 ns, Total: 105204 ns
[14.322s][info ][safepoint      ] Safepoint "ICBufferFull", Time since last: 271310 ns, Reaching safepoint: 96504 ns, At safepoint: 24401 ns, Total: 120905 ns
[14.323s][info ][safepoint      ] Safepoint "ICBufferFull", Time since last: 862031 ns, Reaching safepoint: 109504 ns, At safepoint: 20701 ns, Total: 130205 ns
[14.328s][info ][safepoint      ] Safepoint "ICBufferFull", Time since last: 5012286 ns, Reaching safepoint: 111404 ns, At safepoint: 20201 ns, Total: 131605 ns
[14.329s][info ][safepoint      ] Safepoint "ICBufferFull", Time since last: 85403 ns, Reaching safepoint: 85103 ns, At safepoint: 28701 ns, Total: 113804 ns
[14.329s][info ][safepoint      ] Safepoint "ICBufferFull", Time since last: 496818 ns, Reaching safepoint: 104204 ns, At safepoint: 23901 ns, Total: 128105 ns
[14.329s][info ][safepoint      ] Safepoint "ICBufferFull", Time since last: 46902 ns, Reaching safepoint: 92103 ns, At safepoint: 25501 ns, Total: 117604 ns
[14.329s][info ][safepoint      ] Safepoint "ICBufferFull", Time since last: 35202 ns, Reaching safepoint: 87703 ns, At safepoint: 24001 ns, Total: 111704 ns
[14.331s][info ][safepoint      ] Safepoint "ICBufferFull", Time since last: 950435 ns, Reaching safepoint: 102204 ns, At safepoint: 16100 ns, Total: 118304 ns
[14.331s][info ][safepoint      ] Safepoint "ICBufferFull", Time since last: 103104 ns, Reaching safepoint: 90103 ns, At safepoint: 18401 ns, Total: 108504 ns
[14.331s][info ][safepoint      ] Safepoint "ICBufferFull", Time since last: 63102 ns, Reaching safepoint: 90304 ns, At safepoint: 18100 ns, Total: 108404 ns
[14.331s][info ][safepoint      ] Safepoint "ICBufferFull", Time since last: 162606 ns, Reaching safepoint: 97504 ns, At safepoint: 19701 ns, Total: 117205 ns
[14.332s][info ][safepoint      ] Safepoint "ICBufferFull", Time since last: 808530 ns, Reaching safepoint: 100703 ns, At safepoint: 18201 ns, Total: 118904 ns
[14.332s][info ][safepoint      ] Safepoint "ICBufferFull", Time since last: 71803 ns, Reaching safepoint: 84703 ns, At safepoint: 18401 ns, Total: 103104 ns
[14.336s][info ][safepoint      ] Safepoint "ICBufferFull", Time since last: 3900744 ns, Reaching safepoint: 106304 ns, At safepoint: 20401 ns, Total: 126705 ns
[14.337s][info ][safepoint      ] Safepoint "ICBufferFull", Time since last: 115904 ns, Reaching safepoint: 87203 ns, At safepoint: 27701 ns, Total: 114904 ns
[14.337s][info ][safepoint      ] Safepoint "ICBufferFull", Time since last: 500119 ns, Reaching safepoint: 104704 ns, At safepoint: 26901 ns, Total: 131605 ns
[14.341s][info ][safepoint      ] Safepoint "ICBufferFull", Time since last: 753827 ns, Reaching safepoint: 3180018 ns, At safepoint: 28001 ns, Total: 3208019 ns
[14.341s][info ][safepoint      ] Safepoint "ICBufferFull", Time since last: 184307 ns, Reaching safepoint: 90203 ns, At safepoint: 24201 ns, Total: 114404 ns
[14.344s][info ][safepoint      ] Safepoint "ICBufferFull", Time since last: 2856906 ns, Reaching safepoint: 98104 ns, At safepoint: 21000 ns, Total: 119104 ns
[14.345s][info ][safepoint      ] Safepoint "ICBufferFull", Time since last: 95004 ns, Reaching safepoint: 94503 ns, At safepoint: 18001 ns, Total: 112504 ns
[14.345s][info ][safepoint      ] Safepoint "ICBufferFull", Time since last: 122005 ns, Reaching safepoint: 100103 ns, At safepoint: 20601 ns, Total: 120704 ns
[14.345s][info ][safepoint      ] Safepoint "ICBufferFull", Time since last: 41102 ns, Reaching safepoint: 86103 ns, At safepoint: 26601 ns, Total: 112704 ns
[14.345s][info ][safepoint      ] Safepoint "ICBufferFull", Time since last: 37301 ns, Reaching safepoint: 86903 ns, At safepoint: 23601 ns, Total: 110504 ns
[14.348s][info ][safepoint      ] Safepoint "ICBufferFull", Time since last: 3014912 ns, Reaching safepoint: 106204 ns, At safepoint: 22101 ns, Total: 128305 ns
[14.348s][info ][safepoint      ] Safepoint "ICBufferFull", Time since last: 52202 ns, Reaching safepoint: 87403 ns, At safepoint: 25101 ns, Total: 112504 ns
[14.349s][info ][safepoint      ] Safepoint "ICBufferFull", Time since last: 45901 ns, Reaching safepoint: 86604 ns, At safepoint: 24601 ns, Total: 111205 ns
[14.349s][info ][safepoint      ] Safepoint "ICBufferFull", Time since last: 36001 ns, Reaching safepoint: 90303 ns, At safepoint: 25801 ns, Total: 116104 ns
[14.352s][info ][safepoint      ] Safepoint "ICBufferFull", Time since last: 3396926 ns, Reaching safepoint: 106804 ns, At safepoint: 18501 ns, Total: 125305 ns
[14.352s][info ][safepoint      ] Safepoint "ICBufferFull", Time since last: 84603 ns, Reaching safepoint: 88903 ns, At safepoint: 21301 ns, Total: 110204 ns
[14.353s][info ][safepoint      ] Safepoint "ICBufferFull", Time since last: 65702 ns, Reaching safepoint: 87003 ns, At safepoint: 13501 ns, Total: 100504 ns
[14.353s][info ][safepoint      ] Safepoint "ICBufferFull", Time since last: 37101 ns, Reaching safepoint: 86003 ns, At safepoint: 18401 ns, Total: 104404 ns
[14.353s][info ][safepoint      ] Safepoint "ICBufferFull", Time since last: 41802 ns, Reaching safepoint: 88903 ns, At safepoint: 21001 ns, Total: 109904 ns
[14.360s][info ][safepoint      ] Safepoint "ICBufferFull", Time since last: 7237968 ns, Reaching safepoint: 119504 ns, At safepoint: 26901 ns, Total: 146405 ns
[14.368s][info ][safepoint      ] Safepoint "ICBufferFull", Time since last: 7849091 ns, Reaching safepoint: 121104 ns, At safepoint: 17101 ns, Total: 138205 ns
[14.369s][info ][safepoint      ] Safepoint "ICBufferFull", Time since last: 90703 ns, Reaching safepoint: 88903 ns, At safepoint: 22601 ns, Total: 111504 ns
[14.369s][info ][safepoint      ] Safepoint "ICBufferFull", Time since last: 65003 ns, Reaching safepoint: 96103 ns, At safepoint: 26001 ns, Total: 122104 ns
[14.369s][info ][safepoint      ] Safepoint "ICBufferFull", Time since last: 47702 ns, Reaching safepoint: 90803 ns, At safepoint: 23801 ns, Total: 114604 ns
[14.369s][info ][safepoint      ] Safepoint "ICBufferFull", Time since last: 55602 ns, Reaching safepoint: 89004 ns, At safepoint: 18400 ns, Total: 107404 ns
[14.369s][info ][safepoint      ] Safepoint "ICBufferFull", Time since last: 47202 ns, Reaching safepoint: 89703 ns, At safepoint: 22701 ns, Total: 112404 ns
[14.370s][info ][safepoint      ] Safepoint "ICBufferFull", Time since last: 815230 ns, Reaching safepoint: 101704 ns, At safepoint: 16701 ns, Total: 118405 ns
[14.372s][info ][safepoint      ] Safepoint "ICBufferFull", Time since last: 2050576 ns, Reaching safepoint: 100003 ns, At safepoint: 23301 ns, Total: 123304 ns
[14.372s][info ][safepoint      ] Safepoint "ICBufferFull", Time since last: 57402 ns, Reaching safepoint: 85303 ns, At safepoint: 24401 ns, Total: 109704 ns
[14.373s][info ][safepoint      ] Safepoint "ICBufferFull", Time since last: 178807 ns, Reaching safepoint: 88203 ns, At safepoint: 26801 ns, Total: 115004 ns
[14.374s][info ][safepoint      ] Safepoint "ICBufferFull", Time since last: 965436 ns, Reaching safepoint: 61602 ns, At safepoint: 19101 ns, Total: 80703 ns
[14.379s][info ][safepoint      ] Safepoint "ICBufferFull", Time since last: 4998185 ns, Reaching safepoint: 115304 ns, At safepoint: 22001 ns, Total: 137305 ns
[14.379s][info ][safepoint      ] Safepoint "ICBufferFull", Time since last: 132805 ns, Reaching safepoint: 92503 ns, At safepoint: 15101 ns, Total: 107604 ns
[14.380s][info ][safepoint      ] Safepoint "ICBufferFull", Time since last: 244509 ns, Reaching safepoint: 92803 ns, At safepoint: 25001 ns, Total: 117804 ns
[14.380s][info ][safepoint      ] Safepoint "ICBufferFull", Time since last: 75403 ns, Reaching safepoint: 101304 ns, At safepoint: 19101 ns, Total: 120405 ns
[14.381s][info ][safepoint      ] Safepoint "ICBufferFull", Time since last: 1210444 ns, Reaching safepoint: 93104 ns, At safepoint: 20601 ns, Total: 113705 ns
[14.382s][info ][safepoint      ] Safepoint "ICBufferFull", Time since last: 907833 ns, Reaching safepoint: 62402 ns, At safepoint: 22401 ns, Total: 84803 ns
[14.382s][info ][safepoint      ] Safepoint "ICBufferFull", Time since last: 132205 ns, Reaching safepoint: 100504 ns, At safepoint: 26401 ns, Total: 126905 ns
[14.383s][info ][safepoint      ] Safepoint "ICBufferFull", Time since last: 704226 ns, Reaching safepoint: 105204 ns, At safepoint: 20801 ns, Total: 126005 ns
[14.384s][info ][safepoint      ] Safepoint "ICBufferFull", Time since last: 995436 ns, Reaching safepoint: 97604 ns, At safepoint: 16201 ns, Total: 113805 ns
[14.384s][info ][safepoint      ] Safepoint "ICBufferFull", Time since last: 56402 ns, Reaching safepoint: 83203 ns, At safepoint: 18501 ns, Total: 101704 ns
[14.385s][info ][safepoint      ] Safepoint "ICBufferFull", Time since last: 185206 ns, Reaching safepoint: 98504 ns, At safepoint: 17101 ns, Total: 115605 ns
[14.385s][info ][safepoint      ] Safepoint "ICBufferFull", Time since last: 245509 ns, Reaching safepoint: 97003 ns, At safepoint: 20401 ns, Total: 117404 ns
[14.386s][info ][safepoint      ] Safepoint "ICBufferFull", Time since last: 908934 ns, Reaching safepoint: 89003 ns, At safepoint: 21601 ns, Total: 110604 ns
[14.386s][info ][safepoint      ] Safepoint "ICBufferFull", Time since last: 53702 ns, Reaching safepoint: 87103 ns, At safepoint: 18101 ns, Total: 105204 ns
[14.387s][info ][safepoint      ] Safepoint "ICBufferFull", Time since last: 155605 ns, Reaching safepoint: 100904 ns, At safepoint: 18501 ns, Total: 119405 ns
[14.387s][info ][safepoint      ] Safepoint "ICBufferFull", Time since last: 182707 ns, Reaching safepoint: 96403 ns, At safepoint: 18101 ns, Total: 114504 ns
[14.389s][info ][safepoint      ] Safepoint "ICBufferFull", Time since last: 2211282 ns, Reaching safepoint: 102804 ns, At safepoint: 18000 ns, Total: 120804 ns
[14.389s][info ][safepoint      ] Safepoint "ICBufferFull", Time since last: 80403 ns, Reaching safepoint: 90104 ns, At safepoint: 13900 ns, Total: 104004 ns
[14.390s][info ][safepoint      ] Safepoint "ICBufferFull", Time since last: 48202 ns, Reaching safepoint: 88103 ns, At safepoint: 20201 ns, Total: 108304 ns
[14.390s][info ][safepoint      ] Safepoint "ICBufferFull", Time since last: 39101 ns, Reaching safepoint: 86904 ns, At safepoint: 22300 ns, Total: 109204 ns
[14.390s][info ][safepoint      ] Safepoint "ICBufferFull", Time since last: 26501 ns, Reaching safepoint: 89904 ns, At safepoint: 20100 ns, Total: 110004 ns
[14.391s][info ][safepoint      ] Safepoint "ICBufferFull", Time since last: 868633 ns, Reaching safepoint: 105503 ns, At safepoint: 17801 ns, Total: 123304 ns
[14.396s][info ][safepoint      ] Safepoint "ICBufferFull", Time since last: 5230494 ns, Reaching safepoint: 138705 ns, At safepoint: 17700 ns, Total: 156405 ns
[14.396s][info ][safepoint      ] Safepoint "ICBufferFull", Time since last: 99104 ns, Reaching safepoint: 90104 ns, At safepoint: 18000 ns, Total: 108104 ns
[14.397s][info ][safepoint      ] Safepoint "ICBufferFull", Time since last: 70403 ns, Reaching safepoint: 89203 ns, At safepoint: 20901 ns, Total: 110104 ns
[14.397s][info ][safepoint      ] Safepoint "ICBufferFull", Time since last: 145705 ns, Reaching safepoint: 95404 ns, At safepoint: 22301 ns, Total: 117705 ns
[14.397s][info ][safepoint      ] Safepoint "ICBufferFull", Time since last: 133305 ns, Reaching safepoint: 88503 ns, At safepoint: 24701 ns, Total: 113204 ns
[14.398s][info ][safepoint      ] Safepoint "ICBufferFull", Time since last: 760228 ns, Reaching safepoint: 89503 ns, At safepoint: 20201 ns, Total: 109704 ns
[14.398s][info ][safepoint      ] Safepoint "ICBufferFull", Time since last: 38601 ns, Reaching safepoint: 91204 ns, At safepoint: 23101 ns, Total: 114305 ns
[14.398s][info ][safepoint      ] Safepoint "ICBufferFull", Time since last: 44301 ns, Reaching safepoint: 158706 ns, At safepoint: 29001 ns, Total: 187707 ns
[14.398s][info ][safepoint      ] Safepoint "ICBufferFull", Time since last: 37402 ns, Reaching safepoint: 87903 ns, At safepoint: 26701 ns, Total: 114604 ns
[14.399s][info ][safepoint      ] Safepoint "ICBufferFull", Time since last: 808530 ns, Reaching safepoint: 103204 ns, At safepoint: 22500 ns, Total: 125704 ns
[14.404s][info ][safepoint      ] Safepoint "ICBufferFull", Time since last: 4800378 ns, Reaching safepoint: 102204 ns, At safepoint: 15700 ns, Total: 117904 ns
[14.405s][info ][safepoint      ] Safepoint "ICBufferFull", Time since last: 83204 ns, Reaching safepoint: 90703 ns, At safepoint: 18401 ns, Total: 109104 ns
[14.405s][info ][safepoint      ] Safepoint "ICBufferFull", Time since last: 34001 ns, Reaching safepoint: 91603 ns, At safepoint: 19801 ns, Total: 111404 ns
[14.405s][info ][safepoint      ] Safepoint "ICBufferFull", Time since last: 229608 ns, Reaching safepoint: 169807 ns, At safepoint: 17500 ns, Total: 187307 ns
[14.406s][info ][safepoint      ] Safepoint "ICBufferFull", Time since last: 1065440 ns, Reaching safepoint: 116904 ns, At safepoint: 14301 ns, Total: 131205 ns
[14.413s][info ][safepoint      ] Safepoint "ICBufferFull", Time since last: 6082925 ns, Reaching safepoint: 129005 ns, At safepoint: 14000 ns, Total: 143005 ns
[14.414s][info ][safepoint      ] Safepoint "ICBufferFull", Time since last: 1857769 ns, Reaching safepoint: 70202 ns, At safepoint: 26301 ns, Total: 96503 ns
[14.415s][info ][safepoint      ] Safepoint "ICBufferFull", Time since last: 76803 ns, Reaching safepoint: 99904 ns, At safepoint: 30701 ns, Total: 130605 ns
[14.415s][info ][safepoint      ] Safepoint "ICBufferFull", Time since last: 439216 ns, Reaching safepoint: 110004 ns, At safepoint: 38302 ns, Total: 148306 ns
[14.416s][info ][safepoint      ] Safepoint "ICBufferFull", Time since last: 161906 ns, Reaching safepoint: 90003 ns, At safepoint: 22701 ns, Total: 112704 ns
[14.420s][info ][safepoint      ] Safepoint "ICBufferFull", Time since last: 4650172 ns, Reaching safepoint: 106004 ns, At safepoint: 20401 ns, Total: 126405 ns
[14.420s][info ][safepoint      ] Safepoint "ICBufferFull", Time since last: 54102 ns, Reaching safepoint: 88603 ns, At safepoint: 24401 ns, Total: 113004 ns
[14.421s][info ][safepoint      ] Safepoint "ICBufferFull", Time since last: 32501 ns, Reaching safepoint: 90404 ns, At safepoint: 22500 ns, Total: 112904 ns
[14.421s][info ][safepoint      ] Safepoint "ICBufferFull", Time since last: 92304 ns, Reaching safepoint: 88403 ns, At safepoint: 23001 ns, Total: 111404 ns
[14.421s][info ][safepoint      ] Safepoint "ICBufferFull", Time since last: 39101 ns, Reaching safepoint: 89104 ns, At safepoint: 26801 ns, Total: 115905 ns
[14.421s][info ][safepoint      ] Safepoint "ICBufferFull", Time since last: 192207 ns, Reaching safepoint: 90303 ns, At safepoint: 28701 ns, Total: 119004 ns
[14.422s][info ][safepoint      ] Safepoint "ICBufferFull", Time since last: 786529 ns, Reaching safepoint: 104404 ns, At safepoint: 17001 ns, Total: 121405 ns
[14.422s][info ][safepoint      ] Safepoint "ICBufferFull", Time since last: 56102 ns, Reaching safepoint: 89703 ns, At safepoint: 28101 ns, Total: 117804 ns
[14.423s][info ][safepoint      ] Safepoint "ICBufferFull", Time since last: 80903 ns, Reaching safepoint: 100904 ns, At safepoint: 26301 ns, Total: 127205 ns
[14.423s][info ][safepoint      ] Safepoint "ICBufferFull", Time since last: 60802 ns, Reaching safepoint: 97104 ns, At safepoint: 23501 ns, Total: 120605 ns
[14.424s][info ][safepoint      ] Safepoint "ICBufferFull", Time since last: 782129 ns, Reaching safepoint: 91403 ns, At safepoint: 16801 ns, Total: 108204 ns
[14.424s][info ][safepoint      ] Safepoint "ICBufferFull", Time since last: 86403 ns, Reaching safepoint: 91503 ns, At safepoint: 22601 ns, Total: 114104 ns
[14.424s][info ][safepoint      ] Safepoint "ICBufferFull", Time since last: 64302 ns, Reaching safepoint: 89304 ns, At safepoint: 22801 ns, Total: 112105 ns
[14.424s][info ][safepoint      ] Safepoint "ICBufferFull", Time since last: 205807 ns, Reaching safepoint: 100704 ns, At safepoint: 39301 ns, Total: 140005 ns
[14.425s][info ][safepoint      ] Safepoint "ICBufferFull", Time since last: 142506 ns, Reaching safepoint: 90003 ns, At safepoint: 25501 ns, Total: 115504 ns
[14.425s][info ][safepoint      ] Safepoint "ICBufferFull", Time since last: 748428 ns, Reaching safepoint: 97003 ns, At safepoint: 15101 ns, Total: 112104 ns
[14.426s][info ][safepoint      ] Safepoint "ICBufferFull", Time since last: 793329 ns, Reaching safepoint: 96204 ns, At safepoint: 22801 ns, Total: 119005 ns
[14.427s][info ][safepoint      ] Safepoint "ICBufferFull", Time since last: 63202 ns, Reaching safepoint: 88603 ns, At safepoint: 22601 ns, Total: 111204 ns
[14.427s][info ][safepoint      ] Safepoint "ICBufferFull", Time since last: 40301 ns, Reaching safepoint: 87204 ns, At safepoint: 23601 ns, Total: 110805 ns
[14.427s][info ][safepoint      ] Safepoint "ICBufferFull", Time since last: 123004 ns, Reaching safepoint: 91204 ns, At safepoint: 30501 ns, Total: 121705 ns
[14.427s][info ][safepoint      ] Safepoint "ICBufferFull", Time since last: 70202 ns, Reaching safepoint: 88504 ns, At safepoint: 28101 ns, Total: 116605 ns
[14.428s][info ][safepoint      ] Safepoint "ICBufferFull", Time since last: 782829 ns, Reaching safepoint: 97803 ns, At safepoint: 16101 ns, Total: 113904 ns
[14.428s][info ][safepoint      ] Safepoint "ICBufferFull", Time since last: 73502 ns, Reaching safepoint: 90104 ns, At safepoint: 24701 ns, Total: 114805 ns
[14.429s][info ][safepoint      ] Safepoint "ICBufferFull", Time since last: 318712 ns, Reaching safepoint: 130604 ns, At safepoint: 25701 ns, Total: 156305 ns
[14.429s][info ][safepoint      ] Safepoint "ICBufferFull", Time since last: 61103 ns, Reaching safepoint: 384014 ns, At safepoint: 28001 ns, Total: 412015 ns
[14.429s][info ][safepoint      ] Safepoint "ICBufferFull", Time since last: 106704 ns, Reaching safepoint: 88403 ns, At safepoint: 23701 ns, Total: 112104 ns
[14.430s][info ][safepoint      ] Safepoint "ICBufferFull", Time since last: 795029 ns, Reaching safepoint: 92504 ns, At safepoint: 19100 ns, Total: 111604 ns
[14.430s][info ][safepoint      ] Safepoint "ICBufferFull", Time since last: 50902 ns, Reaching safepoint: 86304 ns, At safepoint: 20200 ns, Total: 106504 ns
[14.432s][info ][safepoint      ] Safepoint "ICBufferFull", Time since last: 932035 ns, Reaching safepoint: 102904 ns, At safepoint: 21100 ns, Total: 124004 ns
[14.432s][info ][safepoint      ] Safepoint "ICBufferFull", Time since last: 53302 ns, Reaching safepoint: 88804 ns, At safepoint: 30301 ns, Total: 119105 ns
[14.432s][info ][safepoint      ] Safepoint "ICBufferFull", Time since last: 251109 ns, Reaching safepoint: 89503 ns, At safepoint: 25401 ns, Total: 114904 ns
[14.433s][info ][safepoint      ] Safepoint "ICBufferFull", Time since last: 423016 ns, Reaching safepoint: 104804 ns, At safepoint: 24601 ns, Total: 129405 ns
[14.433s][info ][safepoint      ] Safepoint "ICBufferFull", Time since last: 768428 ns, Reaching safepoint: 93204 ns, At safepoint: 14800 ns, Total: 108004 ns
[14.436s][info ][safepoint      ] Safepoint "ICBufferFull", Time since last: 2667899 ns, Reaching safepoint: 83403 ns, At safepoint: 21501 ns, Total: 104904 ns
[14.436s][info ][safepoint      ] Safepoint "ICBufferFull", Time since last: 73203 ns, Reaching safepoint: 85503 ns, At safepoint: 24001 ns, Total: 109504 ns
[14.437s][info ][safepoint      ] Safepoint "ICBufferFull", Time since last: 38801 ns, Reaching safepoint: 84803 ns, At safepoint: 21001 ns, Total: 105804 ns
[14.439s][info ][safepoint      ] Safepoint "ICBufferFull", Time since last: 2367488 ns, Reaching safepoint: 108004 ns, At safepoint: 15500 ns, Total: 123504 ns
[14.439s][info ][safepoint      ] Safepoint "ICBufferFull", Time since last: 42902 ns, Reaching safepoint: 86003 ns, At safepoint: 17001 ns, Total: 103004 ns
[14.439s][info ][safepoint      ] Safepoint "ICBufferFull", Time since last: 58802 ns, Reaching safepoint: 86003 ns, At safepoint: 24201 ns, Total: 110204 ns
[14.441s][info ][safepoint      ] Safepoint "ICBufferFull", Time since last: 1555857 ns, Reaching safepoint: 104004 ns, At safepoint: 21701 ns, Total: 125705 ns
[14.441s][info ][safepoint      ] Safepoint "ICBufferFull", Time since last: 127905 ns, Reaching safepoint: 98603 ns, At safepoint: 16001 ns, Total: 114604 ns
[14.442s][info ][safepoint      ] Safepoint "ICBufferFull", Time since last: 82403 ns, Reaching safepoint: 93304 ns, At safepoint: 21300 ns, Total: 114604 ns
[14.442s][info ][safepoint      ] Safepoint "ICBufferFull", Time since last: 51302 ns, Reaching safepoint: 90104 ns, At safepoint: 21700 ns, Total: 111804 ns
[14.443s][info ][safepoint      ] Safepoint "ICBufferFull", Time since last: 861332 ns, Reaching safepoint: 94604 ns, At safepoint: 12700 ns, Total: 107304 ns
[14.443s][info ][safepoint      ] Safepoint "ICBufferFull", Time since last: 47602 ns, Reaching safepoint: 94904 ns, At safepoint: 20300 ns, Total: 115204 ns
[14.443s][info ][safepoint      ] Safepoint "ICBufferFull", Time since last: 36002 ns, Reaching safepoint: 86403 ns, At safepoint: 19200 ns, Total: 105603 ns
[14.443s][info ][safepoint      ] Safepoint "ICBufferFull", Time since last: 52402 ns, Reaching safepoint: 90404 ns, At safepoint: 23701 ns, Total: 114105 ns
[14.443s][info ][safepoint      ] Safepoint "ICBufferFull", Time since last: 47401 ns, Reaching safepoint: 94404 ns, At safepoint: 23901 ns, Total: 118305 ns
[14.444s][info ][safepoint      ] Safepoint "ICBufferFull", Time since last: 721326 ns, Reaching safepoint: 107504 ns, At safepoint: 14801 ns, Total: 122305 ns
[14.445s][info ][safepoint      ] Safepoint "ICBufferFull", Time since last: 53402 ns, Reaching safepoint: 367214 ns, At safepoint: 23900 ns, Total: 391114 ns
[14.445s][info ][safepoint      ] Safepoint "ICBufferFull", Time since last: 168607 ns, Reaching safepoint: 76803 ns, At safepoint: 25801 ns, Total: 102604 ns
[14.445s][info ][safepoint      ] Safepoint "ICBufferFull", Time since last: 48701 ns, Reaching safepoint: 90404 ns, At safepoint: 31001 ns, Total: 121405 ns
[14.446s][info ][safepoint      ] Safepoint "ICBufferFull", Time since last: 852731 ns, Reaching safepoint: 93304 ns, At safepoint: 13000 ns, Total: 106304 ns
[14.446s][info ][safepoint      ] Safepoint "ICBufferFull", Time since last: 71403 ns, Reaching safepoint: 87603 ns, At safepoint: 20801 ns, Total: 108404 ns
[14.446s][info ][safepoint      ] Safepoint "ICBufferFull", Time since last: 23901 ns, Reaching safepoint: 86403 ns, At safepoint: 22501 ns, Total: 108904 ns
[14.447s][info ][safepoint      ] Safepoint "ICBufferFull", Time since last: 827731 ns, Reaching safepoint: 87203 ns, At safepoint: 25501 ns, Total: 112704 ns
[14.447s][info ][safepoint      ] Safepoint "ICBufferFull", Time since last: 137905 ns, Reaching safepoint: 97903 ns, At safepoint: 23801 ns, Total: 121704 ns
[14.448s][info ][safepoint      ] Safepoint "ICBufferFull", Time since last: 778729 ns, Reaching safepoint: 109504 ns, At safepoint: 18701 ns, Total: 128205 ns
[14.450s][info ][safepoint      ] Safepoint "ICBufferFull", Time since last: 1236346 ns, Reaching safepoint: 89103 ns, At safepoint: 19501 ns, Total: 108604 ns
[14.450s][info ][safepoint      ] Safepoint "ICBufferFull", Time since last: 57502 ns, Reaching safepoint: 84203 ns, At safepoint: 22301 ns, Total: 106504 ns
[14.450s][info ][safepoint      ] Safepoint "ICBufferFull", Time since last: 34401 ns, Reaching safepoint: 84903 ns, At safepoint: 22601 ns, Total: 107504 ns
[14.450s][info ][safepoint      ] Safepoint "ICBufferFull", Time since last: 29101 ns, Reaching safepoint: 84103 ns, At safepoint: 24801 ns, Total: 108904 ns
[14.450s][info ][safepoint      ] Safepoint "ICBufferFull", Time since last: 52202 ns, Reaching safepoint: 99904 ns, At safepoint: 18800 ns, Total: 118704 ns
[14.450s][info ][safepoint      ] Safepoint "ICBufferFull", Time since last: 34502 ns, Reaching safepoint: 87103 ns, At safepoint: 17101 ns, Total: 104204 ns
[14.452s][info ][safepoint      ] Safepoint "ICBufferFull", Time since last: 920634 ns, Reaching safepoint: 88303 ns, At safepoint: 22601 ns, Total: 110904 ns
[14.452s][info ][safepoint      ] Safepoint "ICBufferFull", Time since last: 62302 ns, Reaching safepoint: 87203 ns, At safepoint: 21501 ns, Total: 108704 ns
[14.452s][info ][safepoint      ] Safepoint "ICBufferFull", Time since last: 43602 ns, Reaching safepoint: 86003 ns, At safepoint: 18501 ns, Total: 104504 ns
[14.463s][info ][safepoint      ] Safepoint "ICBufferFull", Time since last: 10616593 ns, Reaching safepoint: 117304 ns, At safepoint: 18101 ns, Total: 135405 ns
[14.464s][info ][safepoint      ] Safepoint "ICBufferFull", Time since last: 1578958 ns, Reaching safepoint: 103004 ns, At safepoint: 20001 ns, Total: 123005 ns
[14.464s][info ][safepoint      ] Safepoint "ICBufferFull", Time since last: 66902 ns, Reaching safepoint: 90503 ns, At safepoint: 16301 ns, Total: 106804 ns
[14.468s][info ][safepoint      ] Safepoint "ICBufferFull", Time since last: 3706837 ns, Reaching safepoint: 104404 ns, At safepoint: 25801 ns, Total: 130205 ns
[14.469s][info ][safepoint      ] Safepoint "ICBufferFull", Time since last: 71803 ns, Reaching safepoint: 97803 ns, At safepoint: 18901 ns, Total: 116704 ns
[14.469s][info ][safepoint      ] Safepoint "ICBufferFull", Time since last: 46002 ns, Reaching safepoint: 45601 ns, At safepoint: 18301 ns, Total: 63902 ns
[14.469s][info ][safepoint      ] Safepoint "ICBufferFull", Time since last: 53102 ns, Reaching safepoint: 88903 ns, At safepoint: 24301 ns, Total: 113204 ns
[14.469s][info ][safepoint      ] Safepoint "ICBufferFull", Time since last: 85203 ns, Reaching safepoint: 89004 ns, At safepoint: 21700 ns, Total: 110704 ns
[14.470s][info ][safepoint      ] Safepoint "ICBufferFull", Time since last: 861932 ns, Reaching safepoint: 173707 ns, At safepoint: 13600 ns, Total: 187307 ns
[14.470s][info ][safepoint      ] Safepoint "ICBufferFull", Time since last: 61003 ns, Reaching safepoint: 88703 ns, At safepoint: 16800 ns, Total: 105503 ns
[14.470s][info ][safepoint      ] Safepoint "ICBufferFull", Time since last: 141306 ns, Reaching safepoint: 98303 ns, At safepoint: 26201 ns, Total: 124504 ns
[14.471s][info ][safepoint      ] Safepoint "ICBufferFull", Time since last: 91804 ns, Reaching safepoint: 101203 ns, At safepoint: 21001 ns, Total: 122204 ns
[14.472s][info ][safepoint      ] Safepoint "ICBufferFull", Time since last: 766229 ns, Reaching safepoint: 90403 ns, At safepoint: 25201 ns, Total: 115604 ns
[14.472s][info ][safepoint      ] Safepoint "ICBufferFull", Time since last: 679325 ns, Reaching safepoint: 99204 ns, At safepoint: 24301 ns, Total: 123505 ns
[14.473s][info ][safepoint      ] Safepoint "ICBufferFull", Time since last: 128104 ns, Reaching safepoint: 91104 ns, At safepoint: 28001 ns, Total: 119105 ns
[14.474s][info ][safepoint      ] Safepoint "ICBufferFull", Time since last: 785829 ns, Reaching safepoint: 96403 ns, At safepoint: 28701 ns, Total: 125104 ns
[14.480s][info ][safepoint      ] Safepoint "ICBufferFull", Time since last: 6690848 ns, Reaching safepoint: 117204 ns, At safepoint: 23701 ns, Total: 140905 ns
[14.481s][info ][safepoint      ] Safepoint "ICBufferFull", Time since last: 74203 ns, Reaching safepoint: 99604 ns, At safepoint: 26401 ns, Total: 126005 ns
[14.482s][info ][safepoint      ] Safepoint "ICBufferFull", Time since last: 1138742 ns, Reaching safepoint: 102404 ns, At safepoint: 26401 ns, Total: 128805 ns
[14.483s][info ][safepoint      ] Safepoint "ICBufferFull", Time since last: 994836 ns, Reaching safepoint: 119205 ns, At safepoint: 23701 ns, Total: 142906 ns
[14.483s][info ][safepoint      ] Safepoint "ICBufferFull", Time since last: 103504 ns, Reaching safepoint: 89203 ns, At safepoint: 23301 ns, Total: 112504 ns
[14.485s][info ][safepoint      ] Safepoint "ICBufferFull", Time since last: 1244346 ns, Reaching safepoint: 100904 ns, At safepoint: 27501 ns, Total: 128405 ns
[14.485s][info ][safepoint      ] Safepoint "ICBufferFull", Time since last: 37401 ns, Reaching safepoint: 86203 ns, At safepoint: 27501 ns, Total: 113704 ns
[14.486s][info ][safepoint      ] Safepoint "ICBufferFull", Time since last: 806130 ns, Reaching safepoint: 101504 ns, At safepoint: 23801 ns, Total: 125305 ns
[14.489s][info ][safepoint      ] Safepoint "ICBufferFull", Time since last: 2913807 ns, Reaching safepoint: 96704 ns, At safepoint: 18001 ns, Total: 114705 ns
[14.489s][info ][safepoint      ] Safepoint "ICBufferFull", Time since last: 55602 ns, Reaching safepoint: 85403 ns, At safepoint: 18001 ns, Total: 103404 ns
[14.489s][info ][safepoint      ] Safepoint "ICBufferFull", Time since last: 53502 ns, Reaching safepoint: 85003 ns, At safepoint: 21101 ns, Total: 106104 ns
[14.489s][info ][safepoint      ] Safepoint "ICBufferFull", Time since last: 52001 ns, Reaching safepoint: 84604 ns, At safepoint: 19400 ns, Total: 104004 ns
[14.489s][info ][safepoint      ] Safepoint "ICBufferFull", Time since last: 64003 ns, Reaching safepoint: 87203 ns, At safepoint: 22501 ns, Total: 109704 ns
[14.490s][info ][safepoint      ] Safepoint "ICBufferFull", Time since last: 111804 ns, Reaching safepoint: 89203 ns, At safepoint: 24301 ns, Total: 113504 ns
[14.490s][info ][safepoint      ] Safepoint "ICBufferFull", Time since last: 750128 ns, Reaching safepoint: 89803 ns, At safepoint: 23801 ns, Total: 113604 ns
[14.491s][info ][safepoint      ] Safepoint "ICBufferFull", Time since last: 51402 ns, Reaching safepoint: 87003 ns, At safepoint: 19901 ns, Total: 106904 ns
[14.491s][info ][safepoint      ] Safepoint "ICBufferFull", Time since last: 179107 ns, Reaching safepoint: 90403 ns, At safepoint: 20901 ns, Total: 111304 ns
[14.491s][info ][safepoint      ] Safepoint "ICBufferFull", Time since last: 76802 ns, Reaching safepoint: 88404 ns, At safepoint: 20000 ns, Total: 108404 ns
[14.491s][info ][safepoint      ] Safepoint "ICBufferFull", Time since last: 36702 ns, Reaching safepoint: 91303 ns, At safepoint: 22701 ns, Total: 114004 ns
[14.492s][info ][safepoint      ] Safepoint "ICBufferFull", Time since last: 793629 ns, Reaching safepoint: 92304 ns, At safepoint: 19101 ns, Total: 111405 ns
[14.492s][info ][safepoint      ] Safepoint "ICBufferFull", Time since last: 86203 ns, Reaching safepoint: 92303 ns, At safepoint: 25001 ns, Total: 117304 ns
[14.492s][info ][safepoint      ] Safepoint "ICBufferFull", Time since last: 67703 ns, Reaching safepoint: 88303 ns, At safepoint: 22501 ns, Total: 110804 ns
[14.493s][info ][safepoint      ] Safepoint "ICBufferFull", Time since last: 640723 ns, Reaching safepoint: 104004 ns, At safepoint: 22901 ns, Total: 126905 ns
[14.494s][info ][safepoint      ] Safepoint "ICBufferFull", Time since last: 789429 ns, Reaching safepoint: 114305 ns, At safepoint: 18700 ns, Total: 133005 ns
[14.494s][info ][safepoint      ] Safepoint "ICBufferFull", Time since last: 44002 ns, Reaching safepoint: 95503 ns, At safepoint: 18101 ns, Total: 113604 ns
[14.495s][info ][safepoint      ] Safepoint "ICBufferFull", Time since last: 861732 ns, Reaching safepoint: 105104 ns, At safepoint: 17801 ns, Total: 122905 ns
[14.495s][info ][safepoint      ] Safepoint "ICBufferFull", Time since last: 48601 ns, Reaching safepoint: 95404 ns, At safepoint: 15900 ns, Total: 111304 ns
[14.496s][info ][safepoint      ] Safepoint "ICBufferFull", Time since last: 54702 ns, Reaching safepoint: 91304 ns, At safepoint: 23301 ns, Total: 114605 ns
[14.496s][info ][safepoint      ] Safepoint "ICBufferFull", Time since last: 728127 ns, Reaching safepoint: 106404 ns, At safepoint: 17200 ns, Total: 123604 ns
[14.497s][info ][safepoint      ] Safepoint "ICBufferFull", Time since last: 158006 ns, Reaching safepoint: 90303 ns, At safepoint: 18601 ns, Total: 108904 ns
[14.497s][info ][safepoint      ] Safepoint "ICBufferFull", Time since last: 52302 ns, Reaching safepoint: 96804 ns, At safepoint: 25701 ns, Total: 122505 ns
[14.498s][info ][safepoint      ] Safepoint "ICBufferFull", Time since last: 730627 ns, Reaching safepoint: 97403 ns, At safepoint: 12301 ns, Total: 109704 ns
[14.498s][info ][safepoint      ] Safepoint "ICBufferFull", Time since last: 59302 ns, Reaching safepoint: 89203 ns, At safepoint: 24401 ns, Total: 113604 ns
[14.498s][info ][safepoint      ] Safepoint "ICBufferFull", Time since last: 51602 ns, Reaching safepoint: 85203 ns, At safepoint: 25701 ns, Total: 110904 ns
[14.498s][info ][safepoint      ] Safepoint "ICBufferFull", Time since last: 122805 ns, Reaching safepoint: 89103 ns, At safepoint: 26001 ns, Total: 115104 ns
[14.499s][info ][safepoint      ] Safepoint "ICBufferFull", Time since last: 108204 ns, Reaching safepoint: 90903 ns, At safepoint: 23101 ns, Total: 114004 ns
[14.499s][info ][safepoint      ] Safepoint "ICBufferFull", Time since last: 806830 ns, Reaching safepoint: 97004 ns, At safepoint: 17300 ns, Total: 114304 ns
[14.507s][info ][safepoint      ] Safepoint "ICBufferFull", Time since last: 7766188 ns, Reaching safepoint: 110904 ns, At safepoint: 19201 ns, Total: 130105 ns
[14.508s][info ][safepoint      ] Safepoint "ICBufferFull", Time since last: 82503 ns, Reaching safepoint: 90603 ns, At safepoint: 16801 ns, Total: 107404 ns
[14.508s][info ][safepoint      ] Safepoint "ICBufferFull", Time since last: 149105 ns, Reaching safepoint: 104904 ns, At safepoint: 17801 ns, Total: 122705 ns
[14.509s][info ][safepoint      ] Safepoint "ICBufferFull", Time since last: 1031838 ns, Reaching safepoint: 102404 ns, At safepoint: 17300 ns, Total: 119704 ns
[14.509s][info ][safepoint      ] Safepoint "ICBufferFull", Time since last: 65103 ns, Reaching safepoint: 90603 ns, At safepoint: 24701 ns, Total: 115304 ns
[14.510s][info ][safepoint      ] Safepoint "ICBufferFull", Time since last: 1161543 ns, Reaching safepoint: 98204 ns, At safepoint: 22000 ns, Total: 120204 ns
[14.512s][info ][safepoint      ] Safepoint "ICBufferFull", Time since last: 1728964 ns, Reaching safepoint: 95004 ns, At safepoint: 18401 ns, Total: 113405 ns
[14.514s][info ][safepoint      ] Safepoint "ICBufferFull", Time since last: 1430753 ns, Reaching safepoint: 103003 ns, At safepoint: 21701 ns, Total: 124704 ns
[14.514s][info ][safepoint      ] Safepoint "ICBufferFull", Time since last: 318312 ns, Reaching safepoint: 95403 ns, At safepoint: 14701 ns, Total: 110104 ns
[14.516s][info ][safepoint      ] Safepoint "ICBufferFull", Time since last: 1131942 ns, Reaching safepoint: 103704 ns, At safepoint: 31601 ns, Total: 135305 ns
[14.516s][info ][safepoint      ] Safepoint "ICBufferFull", Time since last: 59602 ns, Reaching safepoint: 99604 ns, At safepoint: 23901 ns, Total: 123505 ns
[14.516s][info ][safepoint      ] Safepoint "ICBufferFull", Time since last: 61102 ns, Reaching safepoint: 85703 ns, At safepoint: 33301 ns, Total: 119004 ns
[14.516s][info ][safepoint      ] Safepoint "ICBufferFull", Time since last: 46602 ns, Reaching safepoint: 57302 ns, At safepoint: 26201 ns, Total: 83503 ns
[14.516s][info ][safepoint      ] Safepoint "ICBufferFull", Time since last: 48702 ns, Reaching safepoint: 86803 ns, At safepoint: 29301 ns, Total: 116104 ns
[14.520s][info ][safepoint      ] Safepoint "ICBufferFull", Time since last: 3995948 ns, Reaching safepoint: 56002 ns, At safepoint: 27701 ns, Total: 83703 ns
[14.520s][info ][safepoint      ] Safepoint "ICBufferFull", Time since last: 76003 ns, Reaching safepoint: 94204 ns, At safepoint: 29401 ns, Total: 123605 ns
[14.521s][info ][safepoint      ] Safepoint "ICBufferFull", Time since last: 590222 ns, Reaching safepoint: 102403 ns, At safepoint: 27101 ns, Total: 129504 ns
[14.524s][info ][safepoint      ] Safepoint "ICBufferFull", Time since last: 3031112 ns, Reaching safepoint: 94104 ns, At safepoint: 8500 ns, Total: 102604 ns
[14.524s][info ][safepoint      ] Safepoint "ICBufferFull", Time since last: 55002 ns, Reaching safepoint: 87504 ns, At safepoint: 25000 ns, Total: 112504 ns
[14.525s][info ][safepoint      ] Safepoint "ICBufferFull", Time since last: 73303 ns, Reaching safepoint: 89204 ns, At safepoint: 22800 ns, Total: 112004 ns
[14.525s][info ][safepoint      ] Safepoint "ICBufferFull", Time since last: 29401 ns, Reaching safepoint: 90304 ns, At safepoint: 23801 ns, Total: 114105 ns
[14.525s][info ][safepoint      ] Safepoint "ICBufferFull", Time since last: 64702 ns, Reaching safepoint: 88503 ns, At safepoint: 22301 ns, Total: 110804 ns
[14.525s][info ][safepoint      ] Safepoint "ICBufferFull", Time since last: 61902 ns, Reaching safepoint: 88904 ns, At safepoint: 27201 ns, Total: 116105 ns
[14.526s][info ][safepoint      ] Safepoint "ICBufferFull", Time since last: 1133542 ns, Reaching safepoint: 113904 ns, At safepoint: 25701 ns, Total: 139605 ns
[14.527s][info ][safepoint      ] Safepoint "ICBufferFull", Time since last: 100304 ns, Reaching safepoint: 90403 ns, At safepoint: 28401 ns, Total: 118804 ns
[14.527s][info ][safepoint      ] Safepoint "ICBufferFull", Time since last: 90603 ns, Reaching safepoint: 91804 ns, At safepoint: 30501 ns, Total: 122305 ns
[14.528s][info ][safepoint      ] Safepoint "ICBufferFull", Time since last: 1150742 ns, Reaching safepoint: 105504 ns, At safepoint: 21901 ns, Total: 127405 ns
[14.530s][info ][safepoint      ] Safepoint "ICBufferFull", Time since last: 2049476 ns, Reaching safepoint: 118704 ns, At safepoint: 24101 ns, Total: 142805 ns
[14.532s][info ][safepoint      ] Safepoint "ICBufferFull", Time since last: 1243946 ns, Reaching safepoint: 106604 ns, At safepoint: 25701 ns, Total: 132305 ns
[14.532s][info ][safepoint      ] Safepoint "ICBufferFull", Time since last: 59402 ns, Reaching safepoint: 101704 ns, At safepoint: 24501 ns, Total: 126205 ns
[14.532s][info ][safepoint      ] Safepoint "ICBufferFull", Time since last: 58002 ns, Reaching safepoint: 99904 ns, At safepoint: 28401 ns, Total: 128305 ns
[14.532s][info ][safepoint      ] Safepoint "ICBufferFull", Time since last: 230909 ns, Reaching safepoint: 102903 ns, At safepoint: 25901 ns, Total: 128804 ns
[14.534s][info ][safepoint      ] Safepoint "ICBufferFull", Time since last: 945335 ns, Reaching safepoint: 333313 ns, At safepoint: 27201 ns, Total: 360514 ns
[14.534s][info ][safepoint      ] Safepoint "ICBufferFull", Time since last: 58902 ns, Reaching safepoint: 94003 ns, At safepoint: 28201 ns, Total: 122204 ns
[14.538s][info ][safepoint      ] Safepoint "ICBufferFull", Time since last: 4121953 ns, Reaching safepoint: 99704 ns, At safepoint: 24801 ns, Total: 124505 ns
[14.538s][info ][safepoint      ] Safepoint "ICBufferFull", Time since last: 142505 ns, Reaching safepoint: 88903 ns, At safepoint: 12801 ns, Total: 101704 ns
[14.540s][info ][safepoint      ] Safepoint "ICBufferFull", Time since last: 1134842 ns, Reaching safepoint: 96403 ns, At safepoint: 11501 ns, Total: 107904 ns
[14.540s][info ][safepoint      ] Safepoint "ICBufferFull", Time since last: 50201 ns, Reaching safepoint: 94104 ns, At safepoint: 22801 ns, Total: 116905 ns
[14.540s][info ][safepoint      ] Safepoint "ICBufferFull", Time since last: 39301 ns, Reaching safepoint: 88104 ns, At safepoint: 20900 ns, Total: 109004 ns
[14.544s][info ][safepoint      ] Safepoint "ICBufferFull", Time since last: 4239057 ns, Reaching safepoint: 99704 ns, At safepoint: 13500 ns, Total: 113204 ns
[14.545s][info ][safepoint      ] Safepoint "ICBufferFull", Time since last: 52602 ns, Reaching safepoint: 98504 ns, At safepoint: 26801 ns, Total: 125305 ns
[14.545s][info ][safepoint      ] Safepoint "ICBufferFull", Time since last: 48902 ns, Reaching safepoint: 87703 ns, At safepoint: 26901 ns, Total: 114604 ns
[14.545s][info ][safepoint      ] Safepoint "ICBufferFull", Time since last: 223108 ns, Reaching safepoint: 97604 ns, At safepoint: 23601 ns, Total: 121205 ns
[14.545s][info ][safepoint      ] Safepoint "ICBufferFull", Time since last: 75603 ns, Reaching safepoint: 100503 ns, At safepoint: 22901 ns, Total: 123404 ns
[14.545s][info ][safepoint      ] Safepoint "ICBufferFull", Time since last: 37502 ns, Reaching safepoint: 94003 ns, At safepoint: 22401 ns, Total: 116404 ns
[14.546s][info ][safepoint      ] Safepoint "ICBufferFull", Time since last: 810130 ns, Reaching safepoint: 106104 ns, At safepoint: 23101 ns, Total: 129205 ns
[14.548s][info ][safepoint      ] Safepoint "ICBufferFull", Time since last: 1846968 ns, Reaching safepoint: 94503 ns, At safepoint: 23101 ns, Total: 117604 ns
[14.549s][info ][safepoint      ] Safepoint "ICBufferFull", Time since last: 115905 ns, Reaching safepoint: 90603 ns, At safepoint: 26901 ns, Total: 117504 ns
[14.550s][info ][safepoint      ] Safepoint "ICBufferFull", Time since last: 1135942 ns, Reaching safepoint: 94103 ns, At safepoint: 27301 ns, Total: 121404 ns
[14.550s][info ][safepoint      ] Safepoint "ICBufferFull", Time since last: 45602 ns, Reaching safepoint: 103304 ns, At safepoint: 24301 ns, Total: 127605 ns
[14.550s][info ][safepoint      ] Safepoint "ICBufferFull", Time since last: 36701 ns, Reaching safepoint: 90204 ns, At safepoint: 29801 ns, Total: 120005 ns
[14.551s][info ][safepoint      ] Safepoint "ICBufferFull", Time since last: 1029238 ns, Reaching safepoint: 103304 ns, At safepoint: 25101 ns, Total: 128405 ns
[14.551s][info ][safepoint      ] Safepoint "ICBufferFull", Time since last: 49601 ns, Reaching safepoint: 86704 ns, At safepoint: 21600 ns, Total: 108304 ns
[14.552s][info ][safepoint      ] Safepoint "ICBufferFull", Time since last: 54902 ns, Reaching safepoint: 89104 ns, At safepoint: 23701 ns, Total: 112805 ns
[14.562s][info ][safepoint      ] Safepoint "ICBufferFull", Time since last: 10696296 ns, Reaching safepoint: 124804 ns, At safepoint: 25201 ns, Total: 150005 ns
[14.564s][info ][safepoint      ] Safepoint "ICBufferFull", Time since last: 1739364 ns, Reaching safepoint: 92304 ns, At safepoint: 25801 ns, Total: 118105 ns
[14.568s][info ][safepoint      ] Safepoint "ICBufferFull", Time since last: 3892744 ns, Reaching safepoint: 111204 ns, At safepoint: 16201 ns, Total: 127405 ns
[14.568s][info ][safepoint      ] Safepoint "ICBufferFull", Time since last: 73702 ns, Reaching safepoint: 87504 ns, At safepoint: 20200 ns, Total: 107704 ns
[14.569s][info ][safepoint      ] Safepoint "ICBufferFull", Time since last: 62503 ns, Reaching safepoint: 88703 ns, At safepoint: 19801 ns, Total: 108504 ns
[14.569s][info ][safepoint      ] Safepoint "ICBufferFull", Time since last: 52402 ns, Reaching safepoint: 86503 ns, At safepoint: 21401 ns, Total: 107904 ns
[14.570s][info ][safepoint      ] Safepoint "ICBufferFull", Time since last: 1247046 ns, Reaching safepoint: 103104 ns, At safepoint: 5300 ns, Total: 108404 ns
[14.570s][info ][safepoint      ] Safepoint "ICBufferFull", Time since last: 61802 ns, Reaching safepoint: 85703 ns, At safepoint: 20001 ns, Total: 105704 ns
[14.571s][info ][safepoint      ] Safepoint "ICBufferFull", Time since last: 53702 ns, Reaching safepoint: 84503 ns, At safepoint: 24201 ns, Total: 108704 ns
[14.571s][info ][safepoint      ] Safepoint "ICBufferFull", Time since last: 54902 ns, Reaching safepoint: 86603 ns, At safepoint: 21401 ns, Total: 108004 ns
[14.571s][info ][safepoint      ] Safepoint "ICBufferFull", Time since last: 25301 ns, Reaching safepoint: 90703 ns, At safepoint: 18601 ns, Total: 109304 ns
[14.571s][info ][safepoint      ] Safepoint "ICBufferFull", Time since last: 85403 ns, Reaching safepoint: 92204 ns, At safepoint: 26901 ns, Total: 119105 ns
[14.571s][info ][safepoint      ] Safepoint "ICBufferFull", Time since last: 65802 ns, Reaching safepoint: 89403 ns, At safepoint: 21101 ns, Total: 110504 ns
[14.572s][info ][safepoint      ] Safepoint "ICBufferFull", Time since last: 778129 ns, Reaching safepoint: 97804 ns, At safepoint: 9900 ns, Total: 107704 ns
[14.578s][info ][safepoint      ] Safepoint "ICBufferFull", Time since last: 5898818 ns, Reaching safepoint: 92304 ns, At safepoint: 24601 ns, Total: 116905 ns
[14.578s][info ][safepoint      ] Safepoint "ICBufferFull", Time since last: 46701 ns, Reaching safepoint: 96504 ns, At safepoint: 23201 ns, Total: 119705 ns
[14.578s][info ][safepoint      ] Safepoint "ICBufferFull", Time since last: 76203 ns, Reaching safepoint: 96903 ns, At safepoint: 19301 ns, Total: 116204 ns
[14.579s][info ][safepoint      ] Safepoint "ICBufferFull", Time since last: 65602 ns, Reaching safepoint: 88604 ns, At safepoint: 21700 ns, Total: 110304 ns
[14.579s][info ][safepoint      ] Safepoint "ICBufferFull", Time since last: 107304 ns, Reaching safepoint: 92204 ns, At safepoint: 25301 ns, Total: 117505 ns
[14.580s][info ][safepoint      ] Safepoint "ICBufferFull", Time since last: 894833 ns, Reaching safepoint: 102104 ns, At safepoint: 9100 ns, Total: 111204 ns
[14.580s][info ][safepoint      ] Safepoint "ICBufferFull", Time since last: 265010 ns, Reaching safepoint: 97303 ns, At safepoint: 22101 ns, Total: 119404 ns
[14.583s][info ][safepoint      ] Safepoint "ICBufferFull", Time since last: 2175681 ns, Reaching safepoint: 118204 ns, At safepoint: 10200 ns, Total: 128404 ns
[14.583s][info ][safepoint      ] Safepoint "ICBufferFull", Time since last: 48902 ns, Reaching safepoint: 93104 ns, At safepoint: 28501 ns, Total: 121605 ns
[14.583s][info ][safepoint      ] Safepoint "ICBufferFull", Time since last: 59202 ns, Reaching safepoint: 89303 ns, At safepoint: 24201 ns, Total: 113504 ns
[14.583s][info ][safepoint      ] Safepoint "ICBufferFull", Time since last: 71903 ns, Reaching safepoint: 93403 ns, At safepoint: 24901 ns, Total: 118304 ns
[14.583s][info ][safepoint      ] Safepoint "ICBufferFull", Time since last: 61202 ns, Reaching safepoint: 92804 ns, At safepoint: 23401 ns, Total: 116205 ns
[14.583s][info ][safepoint      ] Safepoint "ICBufferFull", Time since last: 83103 ns, Reaching safepoint: 100904 ns, At safepoint: 25901 ns, Total: 126805 ns
[14.584s][info ][safepoint      ] Safepoint "ICBufferFull", Time since last: 766628 ns, Reaching safepoint: 102604 ns, At safepoint: 11800 ns, Total: 114404 ns
[14.585s][info ][safepoint      ] Safepoint "ICBufferFull", Time since last: 63602 ns, Reaching safepoint: 90704 ns, At safepoint: 15500 ns, Total: 106204 ns
[14.585s][info ][safepoint      ] Safepoint "ICBufferFull", Time since last: 56703 ns, Reaching safepoint: 90403 ns, At safepoint: 19901 ns, Total: 110304 ns
[14.585s][info ][safepoint      ] Safepoint "ICBufferFull", Time since last: 40501 ns, Reaching safepoint: 92804 ns, At safepoint: 19900 ns, Total: 112704 ns
[14.585s][info ][safepoint      ] Safepoint "ICBufferFull", Time since last: 46002 ns, Reaching safepoint: 95504 ns, At safepoint: 23200 ns, Total: 118704 ns
[14.586s][info ][safepoint      ] Safepoint "ICBufferFull", Time since last: 910034 ns, Reaching safepoint: 105804 ns, At safepoint: 17201 ns, Total: 123005 ns
[14.587s][info ][safepoint      ] Safepoint "ICBufferFull", Time since last: 464317 ns, Reaching safepoint: 108304 ns, At safepoint: 18000 ns, Total: 126304 ns
[14.587s][info ][safepoint      ] Safepoint "ICBufferFull", Time since last: 289511 ns, Reaching safepoint: 106804 ns, At safepoint: 22601 ns, Total: 129405 ns
[14.588s][info ][safepoint      ] Safepoint "ICBufferFull", Time since last: 833131 ns, Reaching safepoint: 117704 ns, At safepoint: 18401 ns, Total: 136105 ns
[14.588s][info ][safepoint      ] Safepoint "ICBufferFull", Time since last: 212908 ns, Reaching safepoint: 90803 ns, At safepoint: 21201 ns, Total: 112004 ns
[14.589s][info ][safepoint      ] Safepoint "ICBufferFull", Time since last: 53302 ns, Reaching safepoint: 87903 ns, At safepoint: 19501 ns, Total: 107404 ns
[14.589s][info ][safepoint      ] Safepoint "ICBufferFull", Time since last: 48902 ns, Reaching safepoint: 90203 ns, At safepoint: 24301 ns, Total: 114504 ns
[14.590s][info ][safepoint      ] Safepoint "ICBufferFull", Time since last: 795529 ns, Reaching safepoint: 99904 ns, At safepoint: 14801 ns, Total: 114705 ns
[14.590s][info ][safepoint      ] Safepoint "ICBufferFull", Time since last: 49701 ns, Reaching safepoint: 101004 ns, At safepoint: 23801 ns, Total: 124805 ns
[14.590s][info ][safepoint      ] Safepoint "ICBufferFull", Time since last: 251509 ns, Reaching safepoint: 97704 ns, At safepoint: 19701 ns, Total: 117405 ns
[14.591s][info ][safepoint      ] Safepoint "ICBufferFull", Time since last: 685025 ns, Reaching safepoint: 99104 ns, At safepoint: 22401 ns, Total: 121505 ns
[14.592s][info ][safepoint      ] Safepoint "ICBufferFull", Time since last: 1010237 ns, Reaching safepoint: 60402 ns, At safepoint: 22901 ns, Total: 83303 ns
[14.592s][info ][safepoint      ] Safepoint "ICBufferFull", Time since last: 68103 ns, Reaching safepoint: 65402 ns, At safepoint: 23401 ns, Total: 88803 ns
[14.592s][info ][safepoint      ] Safepoint "ICBufferFull", Time since last: 41701 ns, Reaching safepoint: 92104 ns, At safepoint: 20401 ns, Total: 112505 ns
[14.592s][info ][safepoint      ] Safepoint "ICBufferFull", Time since last: 37901 ns, Reaching safepoint: 85503 ns, At safepoint: 17501 ns, Total: 103004 ns
[14.596s][info ][safepoint      ] Safepoint "ICBufferFull", Time since last: 3055213 ns, Reaching safepoint: 82403 ns, At safepoint: 26801 ns, Total: 109204 ns
[14.596s][info ][safepoint      ] Safepoint "ICBufferFull", Time since last: 72303 ns, Reaching safepoint: 92403 ns, At safepoint: 19301 ns, Total: 111704 ns
[14.596s][info ][safepoint      ] Safepoint "ICBufferFull", Time since last: 34601 ns, Reaching safepoint: 84703 ns, At safepoint: 21801 ns, Total: 106504 ns
[14.596s][info ][safepoint      ] Safepoint "ICBufferFull", Time since last: 52902 ns, Reaching safepoint: 93603 ns, At safepoint: 36602 ns, Total: 130205 ns
[14.596s][info ][safepoint      ] Safepoint "ICBufferFull", Time since last: 66502 ns, Reaching safepoint: 93204 ns, At safepoint: 23300 ns, Total: 116504 ns
[14.602s][info ][safepoint      ] Safepoint "ICBufferFull", Time since last: 5377900 ns, Reaching safepoint: 106503 ns, At safepoint: 16101 ns, Total: 122604 ns
[14.602s][info ][safepoint      ] Safepoint "ICBufferFull", Time since last: 74303 ns, Reaching safepoint: 88603 ns, At safepoint: 22901 ns, Total: 111504 ns
[14.602s][info ][safepoint      ] Safepoint "ICBufferFull", Time since last: 51102 ns, Reaching safepoint: 90403 ns, At safepoint: 21701 ns, Total: 112104 ns
[14.602s][info ][safepoint      ] Safepoint "ICBufferFull", Time since last: 48602 ns, Reaching safepoint: 53602 ns, At safepoint: 24501 ns, Total: 78103 ns
[14.603s][info ][safepoint      ] Safepoint "ICBufferFull", Time since last: 152205 ns, Reaching safepoint: 115905 ns, At safepoint: 24300 ns, Total: 140205 ns
[14.609s][info ][safepoint      ] Safepoint "ICBufferFull", Time since last: 951236 ns, Reaching safepoint: 5351598 ns, At safepoint: 30701 ns, Total: 5382299 ns
[14.614s][info ][safepoint      ] Safepoint "ICBufferFull", Time since last: 4441964 ns, Reaching safepoint: 119105 ns, At safepoint: 15600 ns, Total: 134705 ns
[14.614s][info ][safepoint      ] Safepoint "ICBufferFull", Time since last: 90704 ns, Reaching safepoint: 92503 ns, At safepoint: 25701 ns, Total: 118204 ns
[14.614s][info ][safepoint      ] Safepoint "ICBufferFull", Time since last: 61002 ns, Reaching safepoint: 92704 ns, At safepoint: 26201 ns, Total: 118905 ns
[14.616s][info ][safepoint      ] Safepoint "ICBufferFull", Time since last: 2297685 ns, Reaching safepoint: 109804 ns, At safepoint: 15300 ns, Total: 125104 ns
[14.616s][info ][safepoint      ] Safepoint "ICBufferFull", Time since last: 52602 ns, Reaching safepoint: 87604 ns, At safepoint: 23600 ns, Total: 111204 ns
[14.617s][info ][safepoint      ] Safepoint "ICBufferFull", Time since last: 147906 ns, Reaching safepoint: 89703 ns, At safepoint: 17901 ns, Total: 107604 ns
[14.617s][info ][safepoint      ] Safepoint "ICBufferFull", Time since last: 54502 ns, Reaching safepoint: 85303 ns, At safepoint: 19501 ns, Total: 104804 ns
[14.617s][info ][safepoint      ] Safepoint "ICBufferFull", Time since last: 29001 ns, Reaching safepoint: 85703 ns, At safepoint: 21801 ns, Total: 107504 ns
[14.617s][info ][safepoint      ] Safepoint "ICBufferFull", Time since last: 87603 ns, Reaching safepoint: 87703 ns, At safepoint: 24701 ns, Total: 112404 ns
[14.618s][info ][safepoint      ] Safepoint "ICBufferFull", Time since last: 810830 ns, Reaching safepoint: 103204 ns, At safepoint: 24601 ns, Total: 127805 ns
[14.620s][info ][safepoint      ] Safepoint "ICBufferFull", Time since last: 1989174 ns, Reaching safepoint: 95903 ns, At safepoint: 27501 ns, Total: 123404 ns
[14.620s][info ][safepoint      ] Safepoint "ICBufferFull", Time since last: 53902 ns, Reaching safepoint: 86103 ns, At safepoint: 29501 ns, Total: 115604 ns
[14.621s][info ][safepoint      ] Safepoint "ICBufferFull", Time since last: 118905 ns, Reaching safepoint: 101804 ns, At safepoint: 23801 ns, Total: 125605 ns
[14.622s][info ][safepoint      ] Safepoint "ICBufferFull", Time since last: 1112841 ns, Reaching safepoint: 108204 ns, At safepoint: 19400 ns, Total: 127604 ns
[14.623s][info ][safepoint      ] Safepoint "ICBufferFull", Time since last: 909734 ns, Reaching safepoint: 104304 ns, At safepoint: 27401 ns, Total: 131705 ns
[14.624s][info ][safepoint      ] Safepoint "ICBufferFull", Time since last: 859032 ns, Reaching safepoint: 106804 ns, At safepoint: 32001 ns, Total: 138805 ns
[14.624s][info ][safepoint      ] Safepoint "ICBufferFull", Time since last: 125805 ns, Reaching safepoint: 91203 ns, At safepoint: 27901 ns, Total: 119104 ns
[14.628s][info ][safepoint      ] Safepoint "ICBufferFull", Time since last: 3963547 ns, Reaching safepoint: 107904 ns, At safepoint: 19600 ns, Total: 127504 ns
[14.631s][info ][safepoint      ] Safepoint "ICBufferFull", Time since last: 2249884 ns, Reaching safepoint: 94403 ns, At safepoint: 26301 ns, Total: 120704 ns
[14.631s][info ][safepoint      ] Safepoint "ICBufferFull", Time since last: 78003 ns, Reaching safepoint: 90203 ns, At safepoint: 22401 ns, Total: 112604 ns
[14.631s][info ][safepoint      ] Safepoint "ICBufferFull", Time since last: 95204 ns, Reaching safepoint: 87703 ns, At safepoint: 20601 ns, Total: 108304 ns
[14.631s][info ][safepoint      ] Safepoint "ICBufferFull", Time since last: 56402 ns, Reaching safepoint: 96203 ns, At safepoint: 27201 ns, Total: 123404 ns
[14.632s][info ][safepoint      ] Safepoint "ICBufferFull", Time since last: 782729 ns, Reaching safepoint: 182107 ns, At safepoint: 24201 ns, Total: 206308 ns
[14.634s][info ][safepoint      ] Safepoint "ICBufferFull", Time since last: 1875869 ns, Reaching safepoint: 109505 ns, At safepoint: 25600 ns, Total: 135105 ns
[14.634s][info ][safepoint      ] Safepoint "ICBufferFull", Time since last: 53002 ns, Reaching safepoint: 90504 ns, At safepoint: 27001 ns, Total: 117505 ns
[14.635s][info ][safepoint      ] Safepoint "ICBufferFull", Time since last: 98703 ns, Reaching safepoint: 89904 ns, At safepoint: 24901 ns, Total: 114805 ns
[14.635s][info ][safepoint      ] Safepoint "ICBufferFull", Time since last: 741927 ns, Reaching safepoint: 91204 ns, At safepoint: 20500 ns, Total: 111704 ns
[14.636s][info ][safepoint      ] Safepoint "ICBufferFull", Time since last: 68003 ns, Reaching safepoint: 93803 ns, At safepoint: 24501 ns, Total: 118304 ns
[14.636s][info ][safepoint      ] Safepoint "ICBufferFull", Time since last: 34501 ns, Reaching safepoint: 88504 ns, At safepoint: 24601 ns, Total: 113105 ns
[14.636s][info ][safepoint      ] Safepoint "ICBufferFull", Time since last: 50402 ns, Reaching safepoint: 89603 ns, At safepoint: 25401 ns, Total: 115004 ns
[14.637s][info ][safepoint      ] Safepoint "ICBufferFull", Time since last: 1204344 ns, Reaching safepoint: 94404 ns, At safepoint: 16600 ns, Total: 111004 ns
[14.640s][info ][safepoint      ] Safepoint "ICBufferFull", Time since last: 2249584 ns, Reaching safepoint: 106804 ns, At safepoint: 25001 ns, Total: 131805 ns
[14.641s][info ][safepoint      ] Safepoint "ICBufferFull", Time since last: 1020137 ns, Reaching safepoint: 106804 ns, At safepoint: 17101 ns, Total: 123905 ns
[14.641s][info ][safepoint      ] Safepoint "ICBufferFull", Time since last: 64402 ns, Reaching safepoint: 84503 ns, At safepoint: 17401 ns, Total: 101904 ns
[14.641s][info ][safepoint      ] Safepoint "ICBufferFull", Time since last: 40302 ns, Reaching safepoint: 100803 ns, At safepoint: 21001 ns, Total: 121804 ns
[14.641s][info ][safepoint      ] Safepoint "ICBufferFull", Time since last: 38502 ns, Reaching safepoint: 83803 ns, At safepoint: 26101 ns, Total: 109904 ns
[14.641s][info ][safepoint      ] Safepoint "ICBufferFull", Time since last: 41401 ns, Reaching safepoint: 84803 ns, At safepoint: 18201 ns, Total: 103004 ns
[14.642s][info ][safepoint      ] Safepoint "ICBufferFull", Time since last: 33201 ns, Reaching safepoint: 85403 ns, At safepoint: 20901 ns, Total: 106304 ns
[14.642s][info ][safepoint      ] Safepoint "ICBufferFull", Time since last: 646924 ns, Reaching safepoint: 97204 ns, At safepoint: 17400 ns, Total: 114604 ns
[14.643s][info ][safepoint      ] Safepoint "ICBufferFull", Time since last: 55002 ns, Reaching safepoint: 99104 ns, At safepoint: 22501 ns, Total: 121605 ns
[14.643s][info ][safepoint      ] Safepoint "ICBufferFull", Time since last: 781929 ns, Reaching safepoint: 104204 ns, At safepoint: 22600 ns, Total: 126804 ns
[14.644s][info ][safepoint      ] Safepoint "ICBufferFull", Time since last: 225909 ns, Reaching safepoint: 93603 ns, At safepoint: 24301 ns, Total: 117904 ns
[14.644s][info ][safepoint      ] Safepoint "ICBufferFull", Time since last: 48102 ns, Reaching safepoint: 88603 ns, At safepoint: 27401 ns, Total: 116004 ns
[14.645s][info ][safepoint      ] Safepoint "ICBufferFull", Time since last: 843031 ns, Reaching safepoint: 100304 ns, At safepoint: 14101 ns, Total: 114405 ns
[14.647s][info ][safepoint      ] Safepoint "ICBufferFull", Time since last: 1528256 ns, Reaching safepoint: 92104 ns, At safepoint: 26001 ns, Total: 118105 ns
[14.647s][info ][safepoint      ] Safepoint "ICBufferFull", Time since last: 78703 ns, Reaching safepoint: 89203 ns, At safepoint: 21201 ns, Total: 110404 ns
[14.648s][info ][safepoint      ] Safepoint "ICBufferFull", Time since last: 1432153 ns, Reaching safepoint: 94003 ns, At safepoint: 24701 ns, Total: 118704 ns
[14.648s][info ][safepoint      ] Safepoint "ICBufferFull", Time since last: 65602 ns, Reaching safepoint: 90804 ns, At safepoint: 18301 ns, Total: 109105 ns
[14.649s][info ][safepoint      ] Safepoint "ICBufferFull", Time since last: 52701 ns, Reaching safepoint: 88804 ns, At safepoint: 23801 ns, Total: 112605 ns
[14.649s][info ][safepoint      ] Safepoint "ICBufferFull", Time since last: 48701 ns, Reaching safepoint: 90104 ns, At safepoint: 23001 ns, Total: 113105 ns
[14.652s][info ][safepoint      ] Safepoint "ICBufferFull", Time since last: 3375025 ns, Reaching safepoint: 100403 ns, At safepoint: 16101 ns, Total: 116504 ns
[14.652s][info ][safepoint      ] Safepoint "ICBufferFull", Time since last: 82903 ns, Reaching safepoint: 87303 ns, At safepoint: 22801 ns, Total: 110104 ns
[14.653s][info ][safepoint      ] Safepoint "ICBufferFull", Time since last: 39801 ns, Reaching safepoint: 88604 ns, At safepoint: 21201 ns, Total: 109805 ns
[14.653s][info ][safepoint      ] Safepoint "ICBufferFull", Time since last: 35501 ns, Reaching safepoint: 88503 ns, At safepoint: 20401 ns, Total: 108904 ns
[14.660s][info ][safepoint      ] Safepoint "ICBufferFull", Time since last: 34701 ns, Reaching safepoint: 7436875 ns, At safepoint: 31202 ns, Total: 7468077 ns
[14.662s][info ][safepoint      ] Safepoint "ICBufferFull", Time since last: 1254646 ns, Reaching safepoint: 114504 ns, At safepoint: 16801 ns, Total: 131305 ns
[14.666s][info ][safepoint      ] Safepoint "ICBufferFull", Time since last: 3915245 ns, Reaching safepoint: 99604 ns, At safepoint: 14600 ns, Total: 114204 ns
[14.666s][info ][safepoint      ] Safepoint "ICBufferFull", Time since last: 90303 ns, Reaching safepoint: 88004 ns, At safepoint: 23301 ns, Total: 111305 ns
[14.666s][info ][safepoint      ] Safepoint "ICBufferFull", Time since last: 32901 ns, Reaching safepoint: 69802 ns, At safepoint: 25501 ns, Total: 95303 ns
[14.666s][info ][safepoint      ] Safepoint "ICBufferFull", Time since last: 69403 ns, Reaching safepoint: 90203 ns, At safepoint: 22801 ns, Total: 113004 ns
[14.666s][info ][safepoint      ] Safepoint "ICBufferFull", Time since last: 110804 ns, Reaching safepoint: 87803 ns, At safepoint: 21401 ns, Total: 109204 ns
[14.667s][info ][safepoint      ] Safepoint "ICBufferFull", Time since last: 28201 ns, Reaching safepoint: 88203 ns, At safepoint: 23601 ns, Total: 111804 ns
[14.667s][info ][safepoint      ] Safepoint "ICBufferFull", Time since last: 777929 ns, Reaching safepoint: 97104 ns, At safepoint: 19200 ns, Total: 116304 ns
[14.668s][info ][safepoint      ] Safepoint "ICBufferFull", Time since last: 245310 ns, Reaching safepoint: 92103 ns, At safepoint: 27601 ns, Total: 119704 ns
[14.668s][info ][safepoint      ] Safepoint "ICBufferFull", Time since last: 31101 ns, Reaching safepoint: 88603 ns, At safepoint: 22901 ns, Total: 111504 ns
[14.669s][info ][safepoint      ] Safepoint "ICBufferFull", Time since last: 993237 ns, Reaching safepoint: 109404 ns, At safepoint: 18101 ns, Total: 127505 ns
[14.669s][info ][safepoint      ] Safepoint "ICBufferFull", Time since last: 62102 ns, Reaching safepoint: 88203 ns, At safepoint: 16801 ns, Total: 105004 ns
[14.672s][info ][safepoint      ] Safepoint "ICBufferFull", Time since last: 2851205 ns, Reaching safepoint: 111305 ns, At safepoint: 29801 ns, Total: 141106 ns
[14.672s][info ][safepoint      ] Safepoint "ICBufferFull", Time since last: 87803 ns, Reaching safepoint: 89603 ns, At safepoint: 26301 ns, Total: 115904 ns
[14.673s][info ][safepoint      ] Safepoint "ICBufferFull", Time since last: 52402 ns, Reaching safepoint: 91004 ns, At safepoint: 20300 ns, Total: 111304 ns
[14.673s][info ][safepoint      ] Safepoint "ICBufferFull", Time since last: 172107 ns, Reaching safepoint: 95703 ns, At safepoint: 23301 ns, Total: 119004 ns
[14.673s][info ][safepoint      ] Safepoint "ICBufferFull", Time since last: 51202 ns, Reaching safepoint: 90503 ns, At safepoint: 25901 ns, Total: 116404 ns
[14.673s][info ][safepoint      ] Safepoint "ICBufferFull", Time since last: 149806 ns, Reaching safepoint: 89103 ns, At safepoint: 23801 ns, Total: 112904 ns
[14.674s][info ][safepoint      ] Safepoint "ICBufferFull", Time since last: 885333 ns, Reaching safepoint: 103204 ns, At safepoint: 19500 ns, Total: 122704 ns
[14.675s][info ][safepoint      ] Safepoint "ICBufferFull", Time since last: 119805 ns, Reaching safepoint: 87203 ns, At safepoint: 19401 ns, Total: 106604 ns
[14.675s][info ][safepoint      ] Safepoint "ICBufferFull", Time since last: 86803 ns, Reaching safepoint: 88303 ns, At safepoint: 22801 ns, Total: 111104 ns
[14.675s][info ][safepoint      ] Safepoint "ICBufferFull", Time since last: 47402 ns, Reaching safepoint: 92003 ns, At safepoint: 26201 ns, Total: 118204 ns
[14.676s][info ][safepoint      ] Safepoint "ICBufferFull", Time since last: 841031 ns, Reaching safepoint: 95004 ns, At safepoint: 21401 ns, Total: 116405 ns
[14.684s][info ][safepoint      ] Safepoint "ICBufferFull", Time since last: 8296607 ns, Reaching safepoint: 108404 ns, At safepoint: 16800 ns, Total: 125204 ns
[14.684s][info ][safepoint      ] Safepoint "ICBufferFull", Time since last: 69203 ns, Reaching safepoint: 88003 ns, At safepoint: 25901 ns, Total: 113904 ns
[14.685s][info ][safepoint      ] Safepoint "ICBufferFull", Time since last: 51402 ns, Reaching safepoint: 111904 ns, At safepoint: 24301 ns, Total: 136205 ns
[14.688s][info ][safepoint      ] Safepoint "ICBufferFull", Time since last: 3489829 ns, Reaching safepoint: 108304 ns, At safepoint: 17001 ns, Total: 125305 ns
[14.689s][info ][safepoint      ] Safepoint "ICBufferFull", Time since last: 96203 ns, Reaching safepoint: 87404 ns, At safepoint: 19200 ns, Total: 106604 ns
[14.689s][info ][safepoint      ] Safepoint "ICBufferFull", Time since last: 61903 ns, Reaching safepoint: 85303 ns, At safepoint: 20701 ns, Total: 106004 ns
[14.689s][info ][safepoint      ] Safepoint "ICBufferFull", Time since last: 57402 ns, Reaching safepoint: 96503 ns, At safepoint: 19001 ns, Total: 115504 ns
[14.689s][info ][safepoint      ] Safepoint "ICBufferFull", Time since last: 47002 ns, Reaching safepoint: 84903 ns, At safepoint: 17200 ns, Total: 102103 ns
[14.689s][info ][safepoint      ] Safepoint "ICBufferFull", Time since last: 46102 ns, Reaching safepoint: 86603 ns, At safepoint: 22101 ns, Total: 108704 ns
[14.690s][info ][safepoint      ] Safepoint "ICBufferFull", Time since last: 818330 ns, Reaching safepoint: 102204 ns, At safepoint: 17701 ns, Total: 119905 ns
[14.690s][info ][safepoint      ] Safepoint "ICBufferFull", Time since last: 76503 ns, Reaching safepoint: 93703 ns, At safepoint: 19001 ns, Total: 112704 ns
[14.691s][info ][safepoint      ] Safepoint "ICBufferFull", Time since last: 220508 ns, Reaching safepoint: 92003 ns, At safepoint: 23601 ns, Total: 115604 ns
[14.691s][info ][safepoint      ] Safepoint "ICBufferFull", Time since last: 43602 ns, Reaching safepoint: 87403 ns, At safepoint: 24101 ns, Total: 111504 ns
[14.692s][info ][safepoint      ] Safepoint "ICBufferFull", Time since last: 811830 ns, Reaching safepoint: 106804 ns, At safepoint: 23101 ns, Total: 129905 ns
[14.692s][info ][safepoint      ] Safepoint "ICBufferFull", Time since last: 56602 ns, Reaching safepoint: 88603 ns, At safepoint: 23001 ns, Total: 111604 ns
[14.692s][info ][safepoint      ] Safepoint "ICBufferFull", Time since last: 78003 ns, Reaching safepoint: 88503 ns, At safepoint: 20301 ns, Total: 108804 ns
[14.692s][info ][safepoint      ] Safepoint "ICBufferFull", Time since last: 61202 ns, Reaching safepoint: 159706 ns, At safepoint: 24101 ns, Total: 183807 ns
[14.693s][info ][safepoint      ] Safepoint "ICBufferFull", Time since last: 859932 ns, Reaching safepoint: 112104 ns, At safepoint: 22301 ns, Total: 134405 ns
[14.693s][info ][safepoint      ] Safepoint "ICBufferFull", Time since last: 43402 ns, Reaching safepoint: 98303 ns, At safepoint: 24801 ns, Total: 123104 ns
[14.695s][info ][safepoint      ] Safepoint "ICBufferFull", Time since last: 968036 ns, Reaching safepoint: 105604 ns, At safepoint: 24601 ns, Total: 130205 ns
[14.695s][info ][safepoint      ] Safepoint "ICBufferFull", Time since last: 646324 ns, Reaching safepoint: 103204 ns, At safepoint: 21000 ns, Total: 124204 ns
[14.700s][info ][safepoint      ] Safepoint "ICBufferFull", Time since last: 4840579 ns, Reaching safepoint: 115405 ns, At safepoint: 22301 ns, Total: 137706 ns
[14.701s][info ][safepoint      ] Safepoint "ICBufferFull", Time since last: 96803 ns, Reaching safepoint: 93004 ns, At safepoint: 23600 ns, Total: 116604 ns
[14.701s][info ][safepoint      ] Safepoint "ICBufferFull", Time since last: 68903 ns, Reaching safepoint: 88203 ns, At safepoint: 20401 ns, Total: 108604 ns
[14.712s][info ][safepoint      ] Safepoint "ICBufferFull", Time since last: 11475525 ns, Reaching safepoint: 121204 ns, At safepoint: 24701 ns, Total: 145905 ns
[14.713s][info ][safepoint      ] Safepoint "ICBufferFull", Time since last: 88203 ns, Reaching safepoint: 98504 ns, At safepoint: 19801 ns, Total: 118305 ns
[14.715s][info ][safepoint      ] Safepoint "ICBufferFull", Time since last: 2657998 ns, Reaching safepoint: 111404 ns, At safepoint: 32202 ns, Total: 143606 ns
[14.716s][info ][safepoint      ] Safepoint "ICBufferFull", Time since last: 906033 ns, Reaching safepoint: 89903 ns, At safepoint: 9601 ns, Total: 99504 ns
[14.717s][info ][safepoint      ] Safepoint "ICBufferFull", Time since last: 71202 ns, Reaching safepoint: 89504 ns, At safepoint: 19300 ns, Total: 108804 ns
[14.717s][info ][safepoint      ] Safepoint "ICBufferFull", Time since last: 32502 ns, Reaching safepoint: 99203 ns, At safepoint: 19201 ns, Total: 118404 ns
[14.717s][info ][safepoint      ] Safepoint "ICBufferFull", Time since last: 488318 ns, Reaching safepoint: 100004 ns, At safepoint: 25801 ns, Total: 125805 ns
[14.720s][info ][safepoint      ] Safepoint "ICBufferFull", Time since last: 2877806 ns, Reaching safepoint: 101204 ns, At safepoint: 24901 ns, Total: 126105 ns
[14.720s][info ][safepoint      ] Safepoint "ICBufferFull", Time since last: 103404 ns, Reaching safepoint: 86203 ns, At safepoint: 11600 ns, Total: 97803 ns
[14.724s][info ][safepoint      ] Safepoint "ICBufferFull", Time since last: 3704838 ns, Reaching safepoint: 115804 ns, At safepoint: 27801 ns, Total: 143605 ns
[14.725s][info ][safepoint      ] Safepoint "ICBufferFull", Time since last: 94403 ns, Reaching safepoint: 89704 ns, At safepoint: 25501 ns, Total: 115205 ns
[14.725s][info ][safepoint      ] Safepoint "ICBufferFull", Time since last: 116404 ns, Reaching safepoint: 94103 ns, At safepoint: 27701 ns, Total: 121804 ns
[14.726s][info ][safepoint      ] Safepoint "ICBufferFull", Time since last: 883933 ns, Reaching safepoint: 99904 ns, At safepoint: 15500 ns, Total: 115404 ns
[14.726s][info ][safepoint      ] Safepoint "ICBufferFull", Time since last: 53902 ns, Reaching safepoint: 95204 ns, At safepoint: 22001 ns, Total: 117205 ns
[14.726s][info ][safepoint      ] Safepoint "ICBufferFull", Time since last: 27901 ns, Reaching safepoint: 83603 ns, At safepoint: 23601 ns, Total: 107204 ns
[14.732s][info ][safepoint      ] Safepoint "ICBufferFull", Time since last: 6079725 ns, Reaching safepoint: 102304 ns, At safepoint: 13600 ns, Total: 115904 ns
[14.732s][info ][safepoint      ] Safepoint "ICBufferFull", Time since last: 83103 ns, Reaching safepoint: 95804 ns, At safepoint: 24501 ns, Total: 120305 ns
[14.733s][info ][safepoint      ] Safepoint "ICBufferFull", Time since last: 96603 ns, Reaching safepoint: 102004 ns, At safepoint: 15901 ns, Total: 117905 ns
[14.733s][info ][safepoint      ] Safepoint "ICBufferFull", Time since last: 64102 ns, Reaching safepoint: 93603 ns, At safepoint: 20001 ns, Total: 113604 ns
[14.733s][info ][safepoint      ] Safepoint "ICBufferFull", Time since last: 31101 ns, Reaching safepoint: 94304 ns, At safepoint: 25201 ns, Total: 119505 ns
[14.733s][info ][safepoint      ] Safepoint "ICBufferFull", Time since last: 137505 ns, Reaching safepoint: 102204 ns, At safepoint: 22700 ns, Total: 124904 ns
[14.734s][info ][safepoint      ] Safepoint "ICBufferFull", Time since last: 798930 ns, Reaching safepoint: 98904 ns, At safepoint: 8400 ns, Total: 107304 ns
[14.734s][info ][safepoint      ] Safepoint "ICBufferFull", Time since last: 74803 ns, Reaching safepoint: 88403 ns, At safepoint: 26801 ns, Total: 115204 ns
[14.735s][info ][safepoint      ] Safepoint "ICBufferFull", Time since last: 758628 ns, Reaching safepoint: 91003 ns, At safepoint: 27301 ns, Total: 118304 ns
[14.735s][info ][safepoint      ] Safepoint "ICBufferFull", Time since last: 46402 ns, Reaching safepoint: 89503 ns, At safepoint: 26901 ns, Total: 116404 ns
[14.736s][info ][safepoint      ] Safepoint "ICBufferFull", Time since last: 49102 ns, Reaching safepoint: 87904 ns, At safepoint: 27401 ns, Total: 115305 ns
[14.736s][info ][safepoint      ] Safepoint "ICBufferFull", Time since last: 51801 ns, Reaching safepoint: 89604 ns, At safepoint: 25001 ns, Total: 114605 ns
[14.736s][info ][safepoint      ] Safepoint "ICBufferFull", Time since last: 86903 ns, Reaching safepoint: 89403 ns, At safepoint: 29801 ns, Total: 119204 ns
[14.737s][info ][safepoint      ] Safepoint "ICBufferFull", Time since last: 742328 ns, Reaching safepoint: 98803 ns, At safepoint: 17401 ns, Total: 116204 ns
[14.737s][info ][safepoint      ] Safepoint "ICBufferFull", Time since last: 94304 ns, Reaching safepoint: 93503 ns, At safepoint: 12501 ns, Total: 106004 ns
[14.737s][info ][safepoint      ] Safepoint "ICBufferFull", Time since last: 50701 ns, Reaching safepoint: 90204 ns, At safepoint: 27301 ns, Total: 117505 ns
[14.737s][info ][safepoint      ] Safepoint "ICBufferFull", Time since last: 90203 ns, Reaching safepoint: 88503 ns, At safepoint: 21901 ns, Total: 110404 ns
[14.738s][info ][safepoint      ] Safepoint "ICBufferFull", Time since last: 144906 ns, Reaching safepoint: 88103 ns, At safepoint: 25701 ns, Total: 113804 ns
[14.738s][info ][safepoint      ] Safepoint "ICBufferFull", Time since last: 62302 ns, Reaching safepoint: 90403 ns, At safepoint: 26301 ns, Total: 116704 ns
[14.739s][info ][safepoint      ] Safepoint "ICBufferFull", Time since last: 782729 ns, Reaching safepoint: 91204 ns, At safepoint: 13600 ns, Total: 104804 ns
[14.739s][info ][safepoint      ] Safepoint "ICBufferFull", Time since last: 58302 ns, Reaching safepoint: 86504 ns, At safepoint: 18300 ns, Total: 104804 ns
[14.739s][info ][safepoint      ] Safepoint "ICBufferFull", Time since last: 36402 ns, Reaching safepoint: 86203 ns, At safepoint: 20301 ns, Total: 106504 ns
[14.739s][info ][safepoint      ] Safepoint "ICBufferFull", Time since last: 108904 ns, Reaching safepoint: 87603 ns, At safepoint: 20501 ns, Total: 108104 ns
[14.739s][info ][safepoint      ] Safepoint "ICBufferFull", Time since last: 124204 ns, Reaching safepoint: 88403 ns, At safepoint: 22501 ns, Total: 110904 ns
[14.740s][info ][safepoint      ] Safepoint "ICBufferFull", Time since last: 751228 ns, Reaching safepoint: 98004 ns, At safepoint: 16700 ns, Total: 114704 ns
[14.741s][info ][safepoint      ] Safepoint "ICBufferFull", Time since last: 53602 ns, Reaching safepoint: 88304 ns, At safepoint: 22200 ns, Total: 110504 ns
[14.741s][info ][safepoint      ] Safepoint "ICBufferFull", Time since last: 61503 ns, Reaching safepoint: 89003 ns, At safepoint: 17501 ns, Total: 106504 ns
[14.741s][info ][safepoint      ] Safepoint "ICBufferFull", Time since last: 109504 ns, Reaching safepoint: 94403 ns, At safepoint: 19901 ns, Total: 114304 ns
[14.741s][info ][safepoint      ] Safepoint "ICBufferFull", Time since last: 54002 ns, Reaching safepoint: 99804 ns, At safepoint: 25801 ns, Total: 125605 ns
[14.742s][info ][safepoint      ] Safepoint "ICBufferFull", Time since last: 704126 ns, Reaching safepoint: 99203 ns, At safepoint: 18201 ns, Total: 117404 ns
[14.742s][info ][safepoint      ] Safepoint "ICBufferFull", Time since last: 47702 ns, Reaching safepoint: 84603 ns, At safepoint: 17501 ns, Total: 102104 ns
[14.742s][info ][safepoint      ] Safepoint "ICBufferFull", Time since last: 193007 ns, Reaching safepoint: 98803 ns, At safepoint: 20001 ns, Total: 118804 ns
[14.743s][info ][safepoint      ] Safepoint "ICBufferFull", Time since last: 117104 ns, Reaching safepoint: 98504 ns, At safepoint: 23601 ns, Total: 122105 ns
[14.743s][info ][safepoint      ] Safepoint "ICBufferFull", Time since last: 39501 ns, Reaching safepoint: 99904 ns, At safepoint: 25601 ns, Total: 125505 ns
[14.744s][info ][safepoint      ] Safepoint "ICBufferFull", Time since last: 646724 ns, Reaching safepoint: 111104 ns, At safepoint: 19801 ns, Total: 130905 ns
[14.744s][info ][safepoint      ] Safepoint "ICBufferFull", Time since last: 52102 ns, Reaching safepoint: 88103 ns, At safepoint: 22201 ns, Total: 110304 ns
[14.744s][info ][safepoint      ] Safepoint "ICBufferFull", Time since last: 117904 ns, Reaching safepoint: 97304 ns, At safepoint: 17600 ns, Total: 114904 ns
[14.744s][info ][safepoint      ] Safepoint "ICBufferFull", Time since last: 100504 ns, Reaching safepoint: 112204 ns, At safepoint: 20701 ns, Total: 132905 ns
[14.744s][info ][safepoint      ] Safepoint "ICBufferFull", Time since last: 64002 ns, Reaching safepoint: 91704 ns, At safepoint: 22201 ns, Total: 113905 ns
[14.745s][info ][safepoint      ] Safepoint "ICBufferFull", Time since last: 824130 ns, Reaching safepoint: 105304 ns, At safepoint: 13101 ns, Total: 118405 ns
[14.745s][info ][safepoint      ] Safepoint "ICBufferFull", Time since last: 53502 ns, Reaching safepoint: 86403 ns, At safepoint: 19100 ns, Total: 105503 ns
[14.746s][info ][safepoint      ] Safepoint "ICBufferFull", Time since last: 41502 ns, Reaching safepoint: 85503 ns, At safepoint: 25301 ns, Total: 110804 ns
[14.746s][info ][safepoint      ] Safepoint "ICBufferFull", Time since last: 29401 ns, Reaching safepoint: 92704 ns, At safepoint: 22600 ns, Total: 115304 ns
[14.746s][info ][safepoint      ] Safepoint "ICBufferFull", Time since last: 85404 ns, Reaching safepoint: 99603 ns, At safepoint: 24101 ns, Total: 123704 ns
[14.747s][info ][safepoint      ] Safepoint "ICBufferFull", Time since last: 872632 ns, Reaching safepoint: 96804 ns, At safepoint: 21301 ns, Total: 118105 ns
[14.747s][info ][safepoint      ] Safepoint "ICBufferFull", Time since last: 65102 ns, Reaching safepoint: 98704 ns, At safepoint: 20401 ns, Total: 119105 ns
[14.748s][info ][safepoint      ] Safepoint "ICBufferFull", Time since last: 986436 ns, Reaching safepoint: 102604 ns, At safepoint: 13500 ns, Total: 116104 ns
[14.748s][info ][safepoint      ] Safepoint "ICBufferFull", Time since last: 73203 ns, Reaching safepoint: 90504 ns, At safepoint: 20300 ns, Total: 110804 ns
[14.749s][info ][safepoint      ] Safepoint "ICBufferFull", Time since last: 895733 ns, Reaching safepoint: 94404 ns, At safepoint: 22701 ns, Total: 117105 ns
[14.750s][info ][safepoint      ] Safepoint "ICBufferFull", Time since last: 42201 ns, Reaching safepoint: 88504 ns, At safepoint: 24601 ns, Total: 113105 ns
[14.750s][info ][safepoint      ] Safepoint "ICBufferFull", Time since last: 45401 ns, Reaching safepoint: 92904 ns, At safepoint: 23301 ns, Total: 116205 ns
[14.751s][info ][safepoint      ] Safepoint "ICBufferFull", Time since last: 867732 ns, Reaching safepoint: 100303 ns, At safepoint: 21801 ns, Total: 122104 ns
[14.751s][info ][safepoint      ] Safepoint "ICBufferFull", Time since last: 445517 ns, Reaching safepoint: 89503 ns, At safepoint: 29001 ns, Total: 118504 ns
[14.752s][info ][safepoint      ] Safepoint "ICBufferFull", Time since last: 95804 ns, Reaching safepoint: 102103 ns, At safepoint: 20501 ns, Total: 122604 ns
[14.752s][info ][safepoint      ] Safepoint "ICBufferFull", Time since last: 139205 ns, Reaching safepoint: 97704 ns, At safepoint: 31301 ns, Total: 129005 ns
[14.753s][info ][safepoint      ] Safepoint "ICBufferFull", Time since last: 882233 ns, Reaching safepoint: 98903 ns, At safepoint: 12401 ns, Total: 111304 ns
[14.753s][info ][safepoint      ] Safepoint "ICBufferFull", Time since last: 53802 ns, Reaching safepoint: 103804 ns, At safepoint: 16700 ns, Total: 120504 ns
[14.761s][info ][safepoint      ] Safepoint "ICBufferFull", Time since last: 7988196 ns, Reaching safepoint: 120504 ns, At safepoint: 21201 ns, Total: 141705 ns
[14.761s][info ][safepoint      ] Safepoint "ICBufferFull", Time since last: 89104 ns, Reaching safepoint: 100903 ns, At safepoint: 18601 ns, Total: 119504 ns
[14.762s][info ][safepoint      ] Safepoint "ICBufferFull", Time since last: 800730 ns, Reaching safepoint: 100203 ns, At safepoint: 17101 ns, Total: 117304 ns
[14.764s][info ][safepoint      ] Safepoint "ICBufferFull", Time since last: 1970473 ns, Reaching safepoint: 107004 ns, At safepoint: 24101 ns, Total: 131105 ns
[14.764s][info ][safepoint      ] Safepoint "ICBufferFull", Time since last: 56202 ns, Reaching safepoint: 84803 ns, At safepoint: 27701 ns, Total: 112504 ns
[14.765s][info ][safepoint      ] Safepoint "ICBufferFull", Time since last: 48102 ns, Reaching safepoint: 88703 ns, At safepoint: 26101 ns, Total: 114804 ns
[14.765s][info ][safepoint      ] Safepoint "ICBufferFull", Time since last: 184307 ns, Reaching safepoint: 92703 ns, At safepoint: 17401 ns, Total: 110104 ns
[14.765s][info ][gc,start       ] GC(11) Pause Young (Allocation Failure)
[14.985s][debug][gc,phases      ] GC(11) Scavenge 219.810ms
[14.985s][debug][gc,ref         ] GC(11) Skipped phase 1 of Reference Processing: no references
[14.985s][debug][gc,ref         ] GC(11) ReferenceProcessor::execute queues: 1, RefProcThreadModel::Single, marks_oops_alive: false
[14.985s][debug][gc,ref         ] GC(11) Skipped phase 3 of Reference Processing: no references
[14.985s][debug][gc,ref         ] GC(11) ReferenceProcessor::execute queues: 1, RefProcThreadModel::Single, marks_oops_alive: false
[14.985s][debug][gc,phases      ] GC(11) Reference Processing 0.174ms
[14.986s][debug][gc,phases      ] GC(11)   VM Weak                        Min:  0.0, Avg:  0.0, Max:  0.0, Diff:  0.0, Sum:  0.0, Workers: 4
[14.986s][debug][gc,phases      ] GC(11)     Dead                           Min: 0, Avg:  0.0, Max: 0, Diff: 0, Sum: 0, Workers: 4
[14.986s][debug][gc,phases      ] GC(11)     Total                          Min: 0, Avg: 156.5, Max: 306, Diff: 306, Sum: 626, Workers: 4
[14.986s][debug][gc,phases      ] GC(11)   ObjectSynchronizer Weak        Min:  0.0, Avg:  0.0, Max:  0.0, Diff:  0.0, Sum:  0.0, Workers: 4
[14.986s][debug][gc,phases      ] GC(11)     Dead                           Min: 0, Avg:  3.0, Max: 10, Diff: 10, Sum: 12, Workers: 4
[14.986s][debug][gc,phases      ] GC(11)     Total                          Min: 51, Avg: 76.8, Max: 128, Diff: 77, Sum: 307, Workers: 4
[14.986s][debug][gc,phases      ] GC(11)   JVMTI Tag Weak OopStorage      Min:  0.0, Avg:  0.0, Max:  0.0, Diff:  0.0, Sum:  0.0, Workers: 4
[14.986s][debug][gc,phases      ] GC(11)     Dead                           Min: 0, Avg:  0.0, Max: 0, Diff: 0, Sum: 0, Workers: 4
[14.986s][debug][gc,phases      ] GC(11)     Total                          Min: 0, Avg:  0.0, Max: 0, Diff: 0, Sum: 0, Workers: 4
[14.986s][debug][gc,phases      ] GC(11)   StringTable Weak               Min:  0.4, Avg:  0.4, Max:  0.4, Diff:  0.0, Sum:  1.4, Workers: 4
[14.986s][debug][gc,phases      ] GC(11)     Dead                           Min: 0, Avg:  2.8, Max: 11, Diff: 11, Sum: 11, Workers: 4
[14.986s][debug][gc,phases      ] GC(11)     Total                          Min: 8576, Avg: 10977.5, Max: 13376, Diff: 4800, Sum: 43910, Workers: 4
[14.986s][debug][gc,phases      ] GC(11)   ResolvedMethodTable Weak       Min:  0.1, Avg:  0.1, Max:  0.1, Diff:  0.0, Sum:  0.3, Workers: 4
[14.986s][debug][gc,phases      ] GC(11)     Dead                           Min: 0, Avg:  8.0, Max: 19, Diff: 19, Sum: 32, Workers: 4
[14.986s][debug][gc,phases      ] GC(11)     Total                          Min: 1600, Avg: 1824.2, Max: 2176, Diff: 576, Sum: 7297, Workers: 4
[14.986s][debug][gc,phases      ] GC(11)   JNI Weak                       Min:  0.0, Avg:  0.0, Max:  0.0, Diff:  0.0, Sum:  0.0, Workers: 4
[14.986s][debug][gc,phases      ] GC(11)     Dead                           Min: 0, Avg:  0.0, Max: 0, Diff: 0, Sum: 0, Workers: 4
[14.986s][debug][gc,phases      ] GC(11)     Total                          Min: 0, Avg:  1.8, Max: 7, Diff: 7, Sum: 7, Workers: 4
[14.986s][debug][gc,phases      ] GC(11)   StringDedup Table Weak         Min:  0.0, Avg:  0.0, Max:  0.0, Diff:  0.0, Sum:  0.0, Workers: 4
[14.986s][debug][gc,phases      ] GC(11)     Dead                           Min: 0, Avg:  0.0, Max: 0, Diff: 0, Sum: 0, Workers: 4
[14.986s][debug][gc,phases      ] GC(11)     Total                          Min: 0, Avg:  0.0, Max: 0, Diff: 0, Sum: 0, Workers: 4
[14.986s][debug][gc,phases      ] GC(11)   StringDedup Requests0 Weak     Min:  0.0, Avg:  0.0, Max:  0.0, Diff:  0.0, Sum:  0.0, Workers: 4
[14.986s][debug][gc,phases      ] GC(11)     Dead                           Min: 0, Avg:  0.0, Max: 0, Diff: 0, Sum: 0, Workers: 4
[14.986s][debug][gc,phases      ] GC(11)     Total                          Min: 0, Avg:  0.0, Max: 0, Diff: 0, Sum: 0, Workers: 4
[14.986s][debug][gc,phases      ] GC(11)   StringDedup Requests1 Weak     Min:  0.0, Avg:  0.0, Max:  0.0, Diff:  0.0, Sum:  0.0, Workers: 4
[14.986s][debug][gc,phases      ] GC(11)     Dead                           Min: 0, Avg:  0.0, Max: 0, Diff: 0, Sum: 0, Workers: 4
[14.986s][debug][gc,phases      ] GC(11)     Total                          Min: 0, Avg:  0.0, Max: 0, Diff: 0, Sum: 0, Workers: 4
[14.986s][debug][gc,phases      ] GC(11)   Weak JFR Old Object Samples    Min:  0.0, Avg:  0.0, Max:  0.0, Diff:  0.0, Sum:  0.0, Workers: 4
[14.986s][debug][gc,phases      ] GC(11)     Dead                           Min: 0, Avg:  0.0, Max: 0, Diff: 0, Sum: 0, Workers: 4
[14.986s][debug][gc,phases      ] GC(11)     Total                          Min: 0, Avg:  0.0, Max: 0, Diff: 0, Sum: 0, Workers: 4
[14.986s][debug][gc,phases      ] GC(11) Weak Processing 0.649ms
[14.986s][debug][gc,age         ] GC(11) Desired survivor size 536870912 bytes, new threshold 4 (max threshold 15)
[14.986s][info ][gc,heap        ] GC(11) PSYoungGen: 1572841K(1572864K)->478305K(1572864K) Eden: 1048576K(1048576K)->0K(1048576K) From: 524265K(524288K)->478305K(524288K)
[14.986s][info ][gc,heap        ] GC(11) ParOldGen: 138353K(256000K)->193622K(256000K)
[14.986s][info ][gc,metaspace   ] GC(11) Metaspace: 69874K(70656K)->69874K(70656K) NonClass: 59592K(60032K)->59592K(60032K) Class: 10281K(10624K)->10281K(10624K)
[14.986s][info ][gc             ] GC(11) Pause Young (Allocation Failure) 1671M->656M(1786M) 220.876ms
[14.986s][info ][gc,cpu         ] GC(11) User=0.84s Sys=0.03s Real=0.22s
[14.986s][debug][gc,phases      ] GC(12) Pre Compact 0.010ms
[14.986s][info ][gc,start       ] GC(12) Pause Full (Ergonomics)
[14.986s][info ][gc,phases,start] GC(12) Marking Phase
[15.230s][debug][gc,phases      ] GC(12) Par Mark 243.812ms
[15.230s][debug][gc,ref         ] GC(12) Skipped phase 1 of Reference Processing: no references
[15.230s][debug][gc,ref         ] GC(12) ReferenceProcessor::execute queues: 4, RefProcThreadModel::Multi, marks_oops_alive: false
[15.231s][debug][gc,ref         ] GC(12) Skipped phase 3 of Reference Processing: no references
[15.231s][debug][gc,ref         ] GC(12) ReferenceProcessor::execute queues: 1, RefProcThreadModel::Single, marks_oops_alive: false
[15.231s][debug][gc,phases      ] GC(12) Reference Processing 0.426ms
[15.231s][debug][gc,phases      ] GC(12)   VM Weak                        Min:  0.0, Avg:  0.0, Max:  0.0, Diff:  0.0, Sum:  0.0, Workers: 4
[15.231s][debug][gc,phases      ] GC(12)     Dead                           Min: 0, Avg:  0.0, Max: 0, Diff: 0, Sum: 0, Workers: 4
[15.231s][debug][gc,phases      ] GC(12)     Total                          Min: 0, Avg: 156.5, Max: 320, Diff: 320, Sum: 626, Workers: 4
[15.231s][debug][gc,phases      ] GC(12)   ObjectSynchronizer Weak        Min:  0.0, Avg:  0.0, Max:  0.0, Diff:  0.0, Sum:  0.0, Workers: 4
[15.231s][debug][gc,phases      ] GC(12)     Dead                           Min: 0, Avg:  0.0, Max: 0, Diff: 0, Sum: 0, Workers: 4
[15.231s][debug][gc,phases      ] GC(12)     Total                          Min: 0, Avg: 76.8, Max: 128, Diff: 128, Sum: 307, Workers: 4
[15.231s][debug][gc,phases      ] GC(12)   JVMTI Tag Weak OopStorage      Min:  0.0, Avg:  0.0, Max:  0.0, Diff:  0.0, Sum:  0.0, Workers: 4
[15.231s][debug][gc,phases      ] GC(12)     Dead                           Min: 0, Avg:  0.0, Max: 0, Diff: 0, Sum: 0, Workers: 4
[15.231s][debug][gc,phases      ] GC(12)     Total                          Min: 0, Avg:  0.0, Max: 0, Diff: 0, Sum: 0, Workers: 4
[15.231s][debug][gc,phases      ] GC(12)   StringTable Weak               Min:  0.1, Avg:  0.2, Max:  0.3, Diff:  0.2, Sum:  0.8, Workers: 4
[15.231s][debug][gc,phases      ] GC(12)     Dead                           Min: 0, Avg:  0.0, Max: 0, Diff: 0, Sum: 0, Workers: 4
[15.231s][debug][gc,phases      ] GC(12)     Total                          Min: 7040, Avg: 10977.5, Max: 14976, Diff: 7936, Sum: 43910, Workers: 4
[15.231s][debug][gc,phases      ] GC(12)   ResolvedMethodTable Weak       Min:  0.0, Avg:  0.0, Max:  0.0, Diff:  0.0, Sum:  0.1, Workers: 4
[15.231s][debug][gc,phases      ] GC(12)     Dead                           Min: 0, Avg:  0.0, Max: 0, Diff: 0, Sum: 0, Workers: 4
[15.231s][debug][gc,phases      ] GC(12)     Total                          Min: 0, Avg: 1824.2, Max: 2625, Diff: 2625, Sum: 7297, Workers: 4
[15.231s][debug][gc,phases      ] GC(12)   JNI Weak                       Min:  0.0, Avg:  0.0, Max:  0.0, Diff:  0.0, Sum:  0.0, Workers: 4
[15.231s][debug][gc,phases      ] GC(12)     Dead                           Min: 0, Avg:  0.0, Max: 0, Diff: 0, Sum: 0, Workers: 4
[15.231s][debug][gc,phases      ] GC(12)     Total                          Min: 0, Avg:  1.8, Max: 7, Diff: 7, Sum: 7, Workers: 4
[15.231s][debug][gc,phases      ] GC(12)   StringDedup Table Weak         Min:  0.0, Avg:  0.0, Max:  0.0, Diff:  0.0, Sum:  0.0, Workers: 4
[15.231s][debug][gc,phases      ] GC(12)     Dead                           Min: 0, Avg:  0.0, Max: 0, Diff: 0, Sum: 0, Workers: 4
[15.231s][debug][gc,phases      ] GC(12)     Total                          Min: 0, Avg:  0.0, Max: 0, Diff: 0, Sum: 0, Workers: 4
[15.231s][debug][gc,phases      ] GC(12)   StringDedup Requests0 Weak     Min:  0.0, Avg:  0.0, Max:  0.0, Diff:  0.0, Sum:  0.0, Workers: 4
[15.231s][debug][gc,phases      ] GC(12)     Dead                           Min: 0, Avg:  0.0, Max: 0, Diff: 0, Sum: 0, Workers: 4
[15.231s][debug][gc,phases      ] GC(12)     Total                          Min: 0, Avg:  0.0, Max: 0, Diff: 0, Sum: 0, Workers: 4
[15.231s][debug][gc,phases      ] GC(12)   StringDedup Requests1 Weak     Min:  0.0, Avg:  0.0, Max:  0.0, Diff:  0.0, Sum:  0.0, Workers: 4
[15.231s][debug][gc,phases      ] GC(12)     Dead                           Min: 0, Avg:  0.0, Max: 0, Diff: 0, Sum: 0, Workers: 4
[15.231s][debug][gc,phases      ] GC(12)     Total                          Min: 0, Avg:  0.0, Max: 0, Diff: 0, Sum: 0, Workers: 4
[15.231s][debug][gc,phases      ] GC(12)   Weak JFR Old Object Samples    Min:  0.0, Avg:  0.0, Max:  0.0, Diff:  0.0, Sum:  0.0, Workers: 4
[15.231s][debug][gc,phases      ] GC(12)     Dead                           Min: 0, Avg:  0.0, Max: 0, Diff: 0, Sum: 0, Workers: 4
[15.231s][debug][gc,phases      ] GC(12)     Total                          Min: 0, Avg:  0.0, Max: 0, Diff: 0, Sum: 0, Workers: 4
[15.231s][debug][gc,phases      ] GC(12) Weak Processing 0.535ms
[15.231s][debug][gc,phases      ] GC(12) ClassLoaderData 0.087ms
[15.231s][debug][gc,phases      ] GC(12) Trigger cleanups 0.001ms
[15.243s][debug][gc,phases      ] GC(12) Class Unloading 11.559ms
[15.243s][info ][gc,phases      ] GC(12) Marking Phase 256.541ms
[15.243s][info ][gc,phases,start] GC(12) Summary Phase
[15.243s][info ][gc,phases      ] GC(12) Summary Phase 0.033ms
[15.243s][info ][gc,phases,start] GC(12) Adjust Roots
[15.261s][info ][gc,phases      ] GC(12) Adjust Roots 17.978ms
[15.261s][info ][gc,phases,start] GC(12) Compaction Phase
[16.089s][info ][gc,phases      ] GC(12) Compaction Phase 828.008ms
[16.089s][info ][gc,phases,start] GC(12) Post Compact
[16.091s][info ][gc,phases      ] GC(12) Post Compact 2.379ms
[16.091s][info ][gc,heap        ] GC(12) PSYoungGen: 478305K(1572864K)->391349K(1572864K) Eden: 0K(1048576K)->0K(1048576K) From: 478305K(524288K)->391349K(524288K)
[16.091s][info ][gc,heap        ] GC(12) ParOldGen: 193622K(256000K)->255959K(386048K)
[16.091s][info ][gc,metaspace   ] GC(12) Metaspace: 69874K(70656K)->69874K(70656K) NonClass: 59592K(60032K)->59592K(60032K) Class: 10281K(10624K)->10281K(10624K)
[16.091s][info ][gc             ] GC(12) Pause Full (Ergonomics) 656M->632M(1913M) 1105.329ms
[16.092s][info ][gc,cpu         ] GC(12) User=4.20s Sys=0.04s Real=1.10s
[16.092s][info ][safepoint      ] Safepoint "ParallelGCFailedAllocation", Time since last: 147805 ns, Reaching safepoint: 101304 ns, At safepoint: 1326417291 ns, Total: 1326518595 ns
[16.095s][info ][safepoint      ] Safepoint "ICBufferFull", Time since last: 1184243 ns, Reaching safepoint: 116805 ns, At safepoint: 2413189 ns, Total: 2529994 ns
[16.096s][info ][safepoint      ] Safepoint "ICBufferFull", Time since last: 112404 ns, Reaching safepoint: 109404 ns, At safepoint: 10501 ns, Total: 119905 ns
[16.096s][info ][safepoint      ] Safepoint "ICBufferFull", Time since last: 46601 ns, Reaching safepoint: 92304 ns, At safepoint: 9800 ns, Total: 102104 ns
[16.098s][info ][safepoint      ] Safepoint "ICBufferFull", Time since last: 1849069 ns, Reaching safepoint: 93303 ns, At safepoint: 15701 ns, Total: 109004 ns
[16.099s][info ][safepoint      ] Safepoint "ICBufferFull", Time since last: 1311948 ns, Reaching safepoint: 99804 ns, At safepoint: 12200 ns, Total: 112004 ns
[16.099s][info ][safepoint      ] Safepoint "ICBufferFull", Time since last: 274310 ns, Reaching safepoint: 102904 ns, At safepoint: 13401 ns, Total: 116305 ns
[16.103s][info ][safepoint      ] Safepoint "ICBufferFull", Time since last: 3761339 ns, Reaching safepoint: 124305 ns, At safepoint: 9400 ns, Total: 133705 ns
[16.105s][info ][safepoint      ] Safepoint "ICBufferFull", Time since last: 1319249 ns, Reaching safepoint: 101304 ns, At safepoint: 12400 ns, Total: 113704 ns
[16.105s][info ][safepoint      ] Safepoint "ICBufferFull", Time since last: 340213 ns, Reaching safepoint: 101803 ns, At safepoint: 78903 ns, Total: 180706 ns
[16.110s][info ][safepoint      ] Safepoint "ICBufferFull", Time since last: 3695437 ns, Reaching safepoint: 715526 ns, At safepoint: 14101 ns, Total: 729627 ns
[16.111s][info ][safepoint      ] Safepoint "ICBufferFull", Time since last: 1071140 ns, Reaching safepoint: 112304 ns, At safepoint: 15100 ns, Total: 127404 ns
[16.111s][info ][safepoint      ] Safepoint "ICBufferFull", Time since last: 65503 ns, Reaching safepoint: 106504 ns, At safepoint: 15800 ns, Total: 122304 ns
[16.112s][info ][safepoint      ] Safepoint "ICBufferFull", Time since last: 703526 ns, Reaching safepoint: 135505 ns, At safepoint: 161406 ns, Total: 296911 ns
[16.113s][info ][safepoint      ] Safepoint "ICBufferFull", Time since last: 504219 ns, Reaching safepoint: 158706 ns, At safepoint: 175706 ns, Total: 334412 ns
[16.114s][info ][safepoint      ] Safepoint "ICBufferFull", Time since last: 722327 ns, Reaching safepoint: 106904 ns, At safepoint: 13501 ns, Total: 120405 ns
[16.115s][info ][safepoint      ] Safepoint "ICBufferFull", Time since last: 1016437 ns, Reaching safepoint: 109104 ns, At safepoint: 12301 ns, Total: 121405 ns
[16.115s][info ][safepoint      ] Safepoint "ICBufferFull", Time since last: 67302 ns, Reaching safepoint: 93104 ns, At safepoint: 14400 ns, Total: 107504 ns
[16.115s][info ][safepoint      ] Safepoint "ICBufferFull", Time since last: 137405 ns, Reaching safepoint: 95904 ns, At safepoint: 14300 ns, Total: 110204 ns
[16.116s][info ][safepoint      ] Safepoint "ICBufferFull", Time since last: 76303 ns, Reaching safepoint: 105804 ns, At safepoint: 36501 ns, Total: 142305 ns
[16.117s][info ][safepoint      ] Safepoint "ICBufferFull", Time since last: 886733 ns, Reaching safepoint: 104004 ns, At safepoint: 11600 ns, Total: 115604 ns
[16.118s][info ][safepoint      ] Safepoint "ICBufferFull", Time since last: 1220446 ns, Reaching safepoint: 98103 ns, At safepoint: 12101 ns, Total: 110204 ns
[16.119s][info ][safepoint      ] Safepoint "ICBufferFull", Time since last: 835131 ns, Reaching safepoint: 102803 ns, At safepoint: 14301 ns, Total: 117104 ns
[16.120s][info ][safepoint      ] Safepoint "ICBufferFull", Time since last: 170106 ns, Reaching safepoint: 975836 ns, At safepoint: 19401 ns, Total: 995237 ns
[16.122s][info ][safepoint      ] Safepoint "ICBufferFull", Time since last: 54502 ns, Reaching safepoint: 2142879 ns, At safepoint: 19701 ns, Total: 2162580 ns
[16.128s][info ][safepoint      ] Safepoint "ICBufferFull", Time since last: 960336 ns, Reaching safepoint: 4253557 ns, At safepoint: 82903 ns, Total: 4336460 ns
[16.128s][info ][safepoint      ] Safepoint "ICBufferFull", Time since last: 617923 ns, Reaching safepoint: 92403 ns, At safepoint: 18201 ns, Total: 110604 ns
[16.129s][info ][safepoint      ] Safepoint "ICBufferFull", Time since last: 119305 ns, Reaching safepoint: 151605 ns, At safepoint: 55602 ns, Total: 207207 ns
[16.130s][info ][safepoint      ] Safepoint "ICBufferFull", Time since last: 954836 ns, Reaching safepoint: 89803 ns, At safepoint: 19701 ns, Total: 109504 ns
[16.138s][info ][safepoint      ] Safepoint "ICBufferFull", Time since last: 7815989 ns, Reaching safepoint: 117004 ns, At safepoint: 24201 ns, Total: 141205 ns
[16.138s][info ][safepoint      ] Safepoint "ICBufferFull", Time since last: 81303 ns, Reaching safepoint: 85103 ns, At safepoint: 17601 ns, Total: 102704 ns
[16.139s][info ][safepoint      ] Safepoint "ICBufferFull", Time since last: 1051539 ns, Reaching safepoint: 105304 ns, At safepoint: 17700 ns, Total: 123004 ns
[16.140s][info ][safepoint      ] Safepoint "ICBufferFull", Time since last: 1035839 ns, Reaching safepoint: 120804 ns, At safepoint: 14501 ns, Total: 135305 ns
[16.143s][info ][safepoint      ] Safepoint "ICBufferFull", Time since last: 74702 ns, Reaching safepoint: 3168318 ns, At safepoint: 15900 ns, Total: 3184218 ns
[16.144s][info ][safepoint      ] Safepoint "ICBufferFull", Time since last: 58402 ns, Reaching safepoint: 723027 ns, At safepoint: 18801 ns, Total: 741828 ns
[16.145s][info ][safepoint      ] Safepoint "ICBufferFull", Time since last: 288711 ns, Reaching safepoint: 42201 ns, At safepoint: 113804 ns, Total: 156005 ns
[16.146s][info ][safepoint      ] Safepoint "ICBufferFull", Time since last: 917534 ns, Reaching safepoint: 106104 ns, At safepoint: 36902 ns, Total: 143006 ns
[16.147s][info ][safepoint      ] Safepoint "ICBufferFull", Time since last: 1197244 ns, Reaching safepoint: 104704 ns, At safepoint: 48702 ns, Total: 153406 ns
[16.147s][info ][safepoint      ] Safepoint "ICBufferFull", Time since last: 218408 ns, Reaching safepoint: 110004 ns, At safepoint: 22601 ns, Total: 132605 ns
[16.149s][info ][safepoint      ] Safepoint "ICBufferFull", Time since last: 1125941 ns, Reaching safepoint: 97704 ns, At safepoint: 21701 ns, Total: 119405 ns
[16.149s][info ][safepoint      ] Safepoint "ICBufferFull", Time since last: 260409 ns, Reaching safepoint: 111504 ns, At safepoint: 22501 ns, Total: 134005 ns
[16.150s][info ][safepoint      ] Safepoint "ICBufferFull", Time since last: 917634 ns, Reaching safepoint: 296311 ns, At safepoint: 14501 ns, Total: 310812 ns
[16.153s][info ][safepoint      ] Safepoint "ICBufferFull", Time since last: 2518693 ns, Reaching safepoint: 117104 ns, At safepoint: 16901 ns, Total: 134005 ns
[16.161s][info ][safepoint      ] Safepoint "ICBufferFull", Time since last: 4083151 ns, Reaching safepoint: 4281958 ns, At safepoint: 24101 ns, Total: 4306059 ns
[16.163s][info ][safepoint      ] Safepoint "ICBufferFull", Time since last: 1602460 ns, Reaching safepoint: 116904 ns, At safepoint: 15701 ns, Total: 132605 ns
[16.166s][info ][safepoint      ] Safepoint "ICBufferFull", Time since last: 2972910 ns, Reaching safepoint: 127904 ns, At safepoint: 10101 ns, Total: 138005 ns
[16.168s][info ][safepoint      ] Safepoint "ICBufferFull", Time since last: 1197444 ns, Reaching safepoint: 109504 ns, At safepoint: 9300 ns, Total: 118804 ns
[16.170s][info ][safepoint      ] Safepoint "ICBufferFull", Time since last: 2662299 ns, Reaching safepoint: 121904 ns, At safepoint: 17701 ns, Total: 139605 ns
[16.171s][info ][safepoint      ] Safepoint "ICBufferFull", Time since last: 91103 ns, Reaching safepoint: 110805 ns, At safepoint: 23000 ns, Total: 133805 ns
[16.172s][info ][safepoint      ] Safepoint "ICBufferFull", Time since last: 1637761 ns, Reaching safepoint: 121304 ns, At safepoint: 20901 ns, Total: 142205 ns
[16.177s][info ][safepoint      ] Safepoint "ICBufferFull", Time since last: 4532968 ns, Reaching safepoint: 110904 ns, At safepoint: 24201 ns, Total: 135105 ns
[16.177s][info ][safepoint      ] Safepoint "ICBufferFull", Time since last: 95404 ns, Reaching safepoint: 95203 ns, At safepoint: 13901 ns, Total: 109104 ns
[16.177s][info ][safepoint      ] Safepoint "ICBufferFull", Time since last: 32801 ns, Reaching safepoint: 83603 ns, At safepoint: 23501 ns, Total: 107104 ns
[16.177s][info ][safepoint      ] Safepoint "ICBufferFull", Time since last: 52502 ns, Reaching safepoint: 93103 ns, At safepoint: 17801 ns, Total: 110904 ns
[16.178s][info ][safepoint      ] Safepoint "ICBufferFull", Time since last: 50902 ns, Reaching safepoint: 96103 ns, At safepoint: 15501 ns, Total: 111604 ns
[16.178s][info ][safepoint      ] Safepoint "ICBufferFull", Time since last: 65102 ns, Reaching safepoint: 94104 ns, At safepoint: 19200 ns, Total: 113304 ns
[16.179s][info ][safepoint      ] Safepoint "ICBufferFull", Time since last: 754328 ns, Reaching safepoint: 105704 ns, At safepoint: 14301 ns, Total: 120005 ns
[16.180s][info ][safepoint      ] Safepoint "ICBufferFull", Time since last: 768928 ns, Reaching safepoint: 104004 ns, At safepoint: 15801 ns, Total: 119805 ns
[16.180s][info ][safepoint      ] Safepoint "ICBufferFull", Time since last: 72102 ns, Reaching safepoint: 95304 ns, At safepoint: 14000 ns, Total: 109304 ns
[16.180s][info ][safepoint      ] Safepoint "ICBufferFull", Time since last: 357514 ns, Reaching safepoint: 101003 ns, At safepoint: 17601 ns, Total: 118604 ns
[16.184s][info ][safepoint      ] Safepoint "ICBufferFull", Time since last: 747828 ns, Reaching safepoint: 3180117 ns, At safepoint: 22401 ns, Total: 3202518 ns
[16.189s][info ][safepoint      ] Safepoint "ICBufferFull", Time since last: 43002 ns, Reaching safepoint: 4256857 ns, At safepoint: 25301 ns, Total: 4282158 ns
[16.190s][info ][safepoint      ] Safepoint "ICBufferFull", Time since last: 1204145 ns, Reaching safepoint: 91703 ns, At safepoint: 22201 ns, Total: 113904 ns
[16.190s][info ][safepoint      ] Safepoint "ICBufferFull", Time since last: 368014 ns, Reaching safepoint: 102103 ns, At safepoint: 17901 ns, Total: 120004 ns
[16.191s][info ][safepoint      ] Safepoint "ICBufferFull", Time since last: 299111 ns, Reaching safepoint: 94704 ns, At safepoint: 23801 ns, Total: 118505 ns
[16.192s][info ][safepoint      ] Safepoint "ICBufferFull", Time since last: 745827 ns, Reaching safepoint: 93804 ns, At safepoint: 22200 ns, Total: 116004 ns
[16.192s][info ][safepoint      ] Safepoint "ICBufferFull", Time since last: 59903 ns, Reaching safepoint: 89603 ns, At safepoint: 25601 ns, Total: 115204 ns
[16.199s][info ][safepoint      ] Safepoint "ICBufferFull", Time since last: 7294170 ns, Reaching safepoint: 126805 ns, At safepoint: 20100 ns, Total: 146905 ns
[16.200s][info ][safepoint      ] Safepoint "ICBufferFull", Time since last: 382314 ns, Reaching safepoint: 102204 ns, At safepoint: 15701 ns, Total: 117905 ns
[16.204s][info ][safepoint      ] Safepoint "ICBufferFull", Time since last: 39901 ns, Reaching safepoint: 4384763 ns, At safepoint: 19100 ns, Total: 4403863 ns
[16.210s][info ][safepoint      ] Safepoint "ICBufferFull", Time since last: 5586007 ns, Reaching safepoint: 146205 ns, At safepoint: 13401 ns, Total: 159606 ns
[16.214s][info ][safepoint      ] Safepoint "ICBufferFull", Time since last: 4261958 ns, Reaching safepoint: 113204 ns, At safepoint: 8500 ns, Total: 121704 ns
[16.214s][info ][safepoint      ] Safepoint "ICBufferFull", Time since last: 67003 ns, Reaching safepoint: 87203 ns, At safepoint: 9600 ns, Total: 96803 ns
[16.215s][info ][safepoint      ] Safepoint "ICBufferFull", Time since last: 33301 ns, Reaching safepoint: 85204 ns, At safepoint: 8300 ns, Total: 93504 ns
[16.220s][info ][safepoint      ] Safepoint "ICBufferFull", Time since last: 5452702 ns, Reaching safepoint: 129104 ns, At safepoint: 10101 ns, Total: 139205 ns
[16.220s][info ][safepoint      ] Safepoint "ICBufferFull", Time since last: 58002 ns, Reaching safepoint: 90103 ns, At safepoint: 6400 ns, Total: 96503 ns
[16.221s][info ][safepoint      ] Safepoint "ICBufferFull", Time since last: 65603 ns, Reaching safepoint: 97504 ns, At safepoint: 8300 ns, Total: 105804 ns
[16.221s][info ][safepoint      ] Safepoint "ICBufferFull", Time since last: 311211 ns, Reaching safepoint: 99004 ns, At safepoint: 17701 ns, Total: 116705 ns
[16.221s][info ][safepoint      ] Safepoint "ICBufferFull", Time since last: 267510 ns, Reaching safepoint: 103303 ns, At safepoint: 18201 ns, Total: 121504 ns
[16.222s][info ][safepoint      ] Safepoint "ICBufferFull", Time since last: 258810 ns, Reaching safepoint: 105004 ns, At safepoint: 18500 ns, Total: 123504 ns
[16.224s][info ][safepoint      ] Safepoint "ICBufferFull", Time since last: 2464491 ns, Reaching safepoint: 176207 ns, At safepoint: 21701 ns, Total: 197908 ns
[16.225s][info ][safepoint      ] Safepoint "ICBufferFull", Time since last: 39301 ns, Reaching safepoint: 89304 ns, At safepoint: 14900 ns, Total: 104204 ns
[16.225s][info ][safepoint      ] Safepoint "ICBufferFull", Time since last: 223808 ns, Reaching safepoint: 102104 ns, At safepoint: 18001 ns, Total: 120105 ns
[16.226s][info ][safepoint      ] Safepoint "ICBufferFull", Time since last: 763328 ns, Reaching safepoint: 104704 ns, At safepoint: 9400 ns, Total: 114104 ns
[16.226s][info ][safepoint      ] Safepoint "ICBufferFull", Time since last: 57202 ns, Reaching safepoint: 93204 ns, At safepoint: 15100 ns, Total: 108304 ns
[16.226s][info ][safepoint      ] Safepoint "ICBufferFull", Time since last: 36502 ns, Reaching safepoint: 88203 ns, At safepoint: 13901 ns, Total: 102104 ns
[16.231s][info ][safepoint      ] Safepoint "ICBufferFull", Time since last: 4500666 ns, Reaching safepoint: 87203 ns, At safepoint: 18801 ns, Total: 106004 ns
[16.231s][info ][safepoint      ] Safepoint "ICBufferFull", Time since last: 68002 ns, Reaching safepoint: 91204 ns, At safepoint: 22001 ns, Total: 113205 ns
[16.231s][info ][safepoint      ] Safepoint "ICBufferFull", Time since last: 46701 ns, Reaching safepoint: 97904 ns, At safepoint: 16701 ns, Total: 114605 ns
[16.231s][info ][safepoint      ] Safepoint "ICBufferFull", Time since last: 39201 ns, Reaching safepoint: 90603 ns, At safepoint: 21801 ns, Total: 112404 ns
[16.232s][info ][safepoint      ] Safepoint "ICBufferFull", Time since last: 801830 ns, Reaching safepoint: 107504 ns, At safepoint: 18001 ns, Total: 125505 ns
[16.236s][info ][safepoint      ] Safepoint "ICBufferFull", Time since last: 318611 ns, Reaching safepoint: 3184618 ns, At safepoint: 25601 ns, Total: 3210219 ns
[16.236s][info ][safepoint      ] Safepoint "ICBufferFull", Time since last: 215508 ns, Reaching safepoint: 92704 ns, At safepoint: 22000 ns, Total: 114704 ns
[16.237s][info ][safepoint      ] Safepoint "ICBufferFull", Time since last: 785129 ns, Reaching safepoint: 105504 ns, At safepoint: 22801 ns, Total: 128305 ns
[16.240s][info ][safepoint      ] Safepoint "ICBufferFull", Time since last: 3314323 ns, Reaching safepoint: 117304 ns, At safepoint: 29801 ns, Total: 147105 ns
[16.240s][info ][safepoint      ] Safepoint "ICBufferFull", Time since last: 72303 ns, Reaching safepoint: 91703 ns, At safepoint: 21601 ns, Total: 113304 ns
[16.241s][info ][safepoint      ] Safepoint "ICBufferFull", Time since last: 31301 ns, Reaching safepoint: 88404 ns, At safepoint: 20000 ns, Total: 108404 ns
[16.241s][info ][safepoint      ] Safepoint "ICBufferFull", Time since last: 124005 ns, Reaching safepoint: 94303 ns, At safepoint: 20701 ns, Total: 115004 ns
[16.241s][info ][safepoint      ] Safepoint "ICBufferFull", Time since last: 51502 ns, Reaching safepoint: 92304 ns, At safepoint: 21400 ns, Total: 113704 ns
[16.241s][info ][safepoint      ] Safepoint "ICBufferFull", Time since last: 96004 ns, Reaching safepoint: 106404 ns, At safepoint: 23201 ns, Total: 129605 ns
[16.242s][info ][safepoint      ] Safepoint "ICBufferFull", Time since last: 850131 ns, Reaching safepoint: 171006 ns, At safepoint: 17901 ns, Total: 188907 ns
[16.245s][info ][safepoint      ] Safepoint "ICBufferFull", Time since last: 2211782 ns, Reaching safepoint: 166306 ns, At safepoint: 31201 ns, Total: 197507 ns
[16.245s][info ][safepoint      ] Safepoint "ICBufferFull", Time since last: 39802 ns, Reaching safepoint: 90803 ns, At safepoint: 23001 ns, Total: 113804 ns
[16.247s][info ][safepoint      ] Safepoint "ICBufferFull", Time since last: 1686762 ns, Reaching safepoint: 110604 ns, At safepoint: 23001 ns, Total: 133605 ns
[16.247s][info ][safepoint      ] Safepoint "ICBufferFull", Time since last: 45302 ns, Reaching safepoint: 91303 ns, At safepoint: 21101 ns, Total: 112404 ns
[16.247s][info ][safepoint      ] Safepoint "ICBufferFull", Time since last: 48202 ns, Reaching safepoint: 89903 ns, At safepoint: 27001 ns, Total: 116904 ns
[16.251s][info ][safepoint      ] Safepoint "ICBufferFull", Time since last: 4306160 ns, Reaching safepoint: 113104 ns, At safepoint: 14100 ns, Total: 127204 ns
[16.252s][info ][safepoint      ] Safepoint "ICBufferFull", Time since last: 72803 ns, Reaching safepoint: 89603 ns, At safepoint: 18301 ns, Total: 107904 ns
[16.252s][info ][safepoint      ] Safepoint "ICBufferFull", Time since last: 154506 ns, Reaching safepoint: 103904 ns, At safepoint: 17600 ns, Total: 121504 ns
[16.252s][info ][safepoint      ] Safepoint "ICBufferFull", Time since last: 86103 ns, Reaching safepoint: 92204 ns, At safepoint: 23201 ns, Total: 115405 ns
[16.256s][info ][safepoint      ] Safepoint "ICBufferFull", Time since last: 939634 ns, Reaching safepoint: 3200919 ns, At safepoint: 25401 ns, Total: 3226320 ns
[16.264s][info ][safepoint      ] Safepoint "ICBufferFull", Time since last: 7329971 ns, Reaching safepoint: 55102 ns, At safepoint: 11701 ns, Total: 66803 ns
[16.264s][info ][safepoint      ] Safepoint "ICBufferFull", Time since last: 328012 ns, Reaching safepoint: 101003 ns, At safepoint: 12601 ns, Total: 113604 ns
[16.264s][info ][safepoint      ] Safepoint "ICBufferFull", Time since last: 141605 ns, Reaching safepoint: 104904 ns, At safepoint: 15601 ns, Total: 120505 ns
[16.265s][info ][safepoint      ] Safepoint "ICBufferFull", Time since last: 152105 ns, Reaching safepoint: 98504 ns, At safepoint: 14400 ns, Total: 112904 ns
[16.268s][info ][safepoint      ] Safepoint "ICBufferFull", Time since last: 3539131 ns, Reaching safepoint: 106104 ns, At safepoint: 24301 ns, Total: 130405 ns
[16.269s][info ][safepoint      ] Safepoint "ICBufferFull", Time since last: 91904 ns, Reaching safepoint: 90703 ns, At safepoint: 20601 ns, Total: 111304 ns
[16.269s][info ][safepoint      ] Safepoint "ICBufferFull", Time since last: 188207 ns, Reaching safepoint: 93203 ns, At safepoint: 24101 ns, Total: 117304 ns
[16.269s][info ][safepoint      ] Safepoint "ICBufferFull", Time since last: 163806 ns, Reaching safepoint: 94204 ns, At safepoint: 22200 ns, Total: 116404 ns
[16.271s][info ][safepoint      ] Safepoint "ICBufferFull", Time since last: 1691563 ns, Reaching safepoint: 118104 ns, At safepoint: 15101 ns, Total: 133205 ns
[16.272s][info ][safepoint      ] Safepoint "ICBufferFull", Time since last: 1271047 ns, Reaching safepoint: 99804 ns, At safepoint: 19100 ns, Total: 118904 ns
[16.275s][info ][safepoint      ] Safepoint "ICBufferFull", Time since last: 42402 ns, Reaching safepoint: 2132679 ns, At safepoint: 24901 ns, Total: 2157580 ns
[16.275s][info ][safepoint      ] Safepoint "ICBufferFull", Time since last: 422615 ns, Reaching safepoint: 115405 ns, At safepoint: 29201 ns, Total: 144606 ns
[16.275s][info ][safepoint      ] Safepoint "ICBufferFull", Time since last: 65402 ns, Reaching safepoint: 96704 ns, At safepoint: 23101 ns, Total: 119805 ns
[16.276s][info ][safepoint      ] Safepoint "ICBufferFull", Time since last: 152605 ns, Reaching safepoint: 96204 ns, At safepoint: 23101 ns, Total: 119305 ns
[16.278s][info ][safepoint      ] Safepoint "ICBufferFull", Time since last: 942235 ns, Reaching safepoint: 1074839 ns, At safepoint: 21801 ns, Total: 1096640 ns
[16.278s][info ][safepoint      ] Safepoint "ICBufferFull", Time since last: 129505 ns, Reaching safepoint: 111704 ns, At safepoint: 40402 ns, Total: 152106 ns
[16.278s][info ][safepoint      ] Safepoint "ICBufferFull", Time since last: 91203 ns, Reaching safepoint: 91303 ns, At safepoint: 20201 ns, Total: 111504 ns
[16.278s][info ][safepoint      ] Safepoint "ICBufferFull", Time since last: 36301 ns, Reaching safepoint: 89804 ns, At safepoint: 24801 ns, Total: 114605 ns
[16.280s][info ][safepoint      ] Safepoint "ICBufferFull", Time since last: 994336 ns, Reaching safepoint: 325312 ns, At safepoint: 18501 ns, Total: 343813 ns
[16.280s][info ][safepoint      ] Safepoint "ICBufferFull", Time since last: 53902 ns, Reaching safepoint: 94704 ns, At safepoint: 22000 ns, Total: 116704 ns
[16.280s][info ][safepoint      ] Safepoint "ICBufferFull", Time since last: 31602 ns, Reaching safepoint: 89003 ns, At safepoint: 21201 ns, Total: 110204 ns
[16.281s][info ][safepoint      ] Safepoint "ICBufferFull", Time since last: 973736 ns, Reaching safepoint: 111604 ns, At safepoint: 24201 ns, Total: 135805 ns
[16.281s][info ][safepoint      ] Safepoint "ICBufferFull", Time since last: 59202 ns, Reaching safepoint: 59302 ns, At safepoint: 26501 ns, Total: 85803 ns
[16.282s][info ][safepoint      ] Safepoint "ICBufferFull", Time since last: 1036339 ns, Reaching safepoint: 212007 ns, At safepoint: 20001 ns, Total: 232008 ns
[16.283s][info ][safepoint      ] Safepoint "ICBufferFull", Time since last: 120505 ns, Reaching safepoint: 102103 ns, At safepoint: 23901 ns, Total: 126004 ns
[16.284s][info ][safepoint      ] Safepoint "ICBufferFull", Time since last: 969036 ns, Reaching safepoint: 96604 ns, At safepoint: 14100 ns, Total: 110704 ns
[16.284s][info ][safepoint      ] Safepoint "ICBufferFull", Time since last: 41202 ns, Reaching safepoint: 393514 ns, At safepoint: 17901 ns, Total: 411415 ns
[16.284s][info ][safepoint      ] Safepoint "ICBufferFull", Time since last: 127505 ns, Reaching safepoint: 168306 ns, At safepoint: 20701 ns, Total: 189007 ns
[16.285s][info ][safepoint      ] Safepoint "ICBufferFull", Time since last: 157005 ns, Reaching safepoint: 115005 ns, At safepoint: 21200 ns, Total: 136205 ns
[16.286s][info ][safepoint      ] Safepoint "ICBufferFull", Time since last: 1150643 ns, Reaching safepoint: 107104 ns, At safepoint: 14701 ns, Total: 121805 ns
[16.286s][info ][safepoint      ] Safepoint "ICBufferFull", Time since last: 78302 ns, Reaching safepoint: 92704 ns, At safepoint: 18201 ns, Total: 110905 ns
[16.286s][info ][safepoint      ] Safepoint "ICBufferFull", Time since last: 96103 ns, Reaching safepoint: 96704 ns, At safepoint: 17800 ns, Total: 114504 ns
[16.287s][info ][safepoint      ] Safepoint "ICBufferFull", Time since last: 62803 ns, Reaching safepoint: 83003 ns, At safepoint: 23701 ns, Total: 106704 ns
[16.287s][info ][safepoint      ] Safepoint "ICBufferFull", Time since last: 29601 ns, Reaching safepoint: 90303 ns, At safepoint: 24701 ns, Total: 115004 ns
[16.287s][info ][safepoint      ] Safepoint "ICBufferFull", Time since last: 385014 ns, Reaching safepoint: 101304 ns, At safepoint: 20401 ns, Total: 121705 ns
[16.293s][info ][safepoint      ] Safepoint "ICBufferFull", Time since last: 1035138 ns, Reaching safepoint: 4274658 ns, At safepoint: 24701 ns, Total: 4299359 ns
[16.296s][info ][safepoint      ] Safepoint "ICBufferFull", Time since last: 654924 ns, Reaching safepoint: 3190118 ns, At safepoint: 18101 ns, Total: 3208219 ns
[16.298s][info ][safepoint      ] Safepoint "ICBufferFull", Time since last: 169006 ns, Reaching safepoint: 912334 ns, At safepoint: 25601 ns, Total: 937935 ns
[16.298s][info ][safepoint      ] Safepoint "ICBufferFull", Time since last: 51902 ns, Reaching safepoint: 96203 ns, At safepoint: 25501 ns, Total: 121704 ns
[16.299s][info ][safepoint      ] Safepoint "ICBufferFull", Time since last: 914634 ns, Reaching safepoint: 107804 ns, At safepoint: 23901 ns, Total: 131705 ns
[16.299s][info ][safepoint      ] Safepoint "ICBufferFull", Time since last: 154706 ns, Reaching safepoint: 97403 ns, At safepoint: 22301 ns, Total: 119704 ns
[16.299s][info ][safepoint      ] Safepoint "ICBufferFull", Time since last: 65303 ns, Reaching safepoint: 106704 ns, At safepoint: 26501 ns, Total: 133205 ns
[16.300s][info ][safepoint      ] Safepoint "ICBufferFull", Time since last: 948035 ns, Reaching safepoint: 96303 ns, At safepoint: 22901 ns, Total: 119204 ns
[16.309s][info ][safepoint      ] Safepoint "ICBufferFull", Time since last: 8730923 ns, Reaching safepoint: 133405 ns, At safepoint: 10500 ns, Total: 143905 ns
[16.312s][info ][safepoint      ] Safepoint "ICBufferFull", Time since last: 2980211 ns, Reaching safepoint: 106704 ns, At safepoint: 13100 ns, Total: 119804 ns
[16.314s][info ][safepoint      ] Safepoint "ICBufferFull", Time since last: 1661562 ns, Reaching safepoint: 117904 ns, At safepoint: 17801 ns, Total: 135705 ns
[16.322s][info ][safepoint      ] Safepoint "ICBufferFull", Time since last: 7299770 ns, Reaching safepoint: 117004 ns, At safepoint: 22201 ns, Total: 139205 ns
[16.322s][info ][safepoint      ] Safepoint "ICBufferFull", Time since last: 123804 ns, Reaching safepoint: 117405 ns, At safepoint: 20401 ns, Total: 137806 ns
[16.326s][info ][safepoint      ] Safepoint "ICBufferFull", Time since last: 4095351 ns, Reaching safepoint: 62202 ns, At safepoint: 17101 ns, Total: 79303 ns
[16.326s][info ][safepoint      ] Safepoint "ICBufferFull", Time since last: 71703 ns, Reaching safepoint: 60402 ns, At safepoint: 12500 ns, Total: 72902 ns
[16.328s][info ][safepoint      ] Safepoint "ICBufferFull", Time since last: 2066777 ns, Reaching safepoint: 109904 ns, At safepoint: 9900 ns, Total: 119804 ns
[16.328s][info ][safepoint      ] Safepoint "ICBufferFull", Time since last: 51702 ns, Reaching safepoint: 101404 ns, At safepoint: 14700 ns, Total: 116104 ns
[16.330s][info ][safepoint      ] Safepoint "ICBufferFull", Time since last: 1005938 ns, Reaching safepoint: 104804 ns, At safepoint: 11300 ns, Total: 116104 ns
[16.333s][info ][safepoint      ] Safepoint "ICBufferFull", Time since last: 1035938 ns, Reaching safepoint: 2117579 ns, At safepoint: 17200 ns, Total: 2134779 ns
[16.334s][info ][safepoint      ] Safepoint "ICBufferFull", Time since last: 902434 ns, Reaching safepoint: 71202 ns, At safepoint: 16201 ns, Total: 87403 ns
[16.334s][info ][safepoint      ] Safepoint "ICBufferFull", Time since last: 183707 ns, Reaching safepoint: 101103 ns, At safepoint: 18901 ns, Total: 120004 ns
[16.335s][info ][safepoint      ] Safepoint "ICBufferFull", Time since last: 1233946 ns, Reaching safepoint: 102804 ns, At safepoint: 16400 ns, Total: 119204 ns
[16.336s][info ][safepoint      ] Safepoint "ICBufferFull", Time since last: 68703 ns, Reaching safepoint: 90603 ns, At safepoint: 14101 ns, Total: 104704 ns
[16.336s][info ][safepoint      ] Safepoint "ICBufferFull", Time since last: 515319 ns, Reaching safepoint: 64302 ns, At safepoint: 16901 ns, Total: 81203 ns
[16.337s][info ][safepoint      ] Safepoint "ICBufferFull", Time since last: 894033 ns, Reaching safepoint: 103004 ns, At safepoint: 22300 ns, Total: 125304 ns
[16.348s][info ][safepoint      ] Safepoint "ICBufferFull", Time since last: 10967906 ns, Reaching safepoint: 104204 ns, At safepoint: 16701 ns, Total: 120905 ns
[16.349s][info ][safepoint      ] Safepoint "ICBufferFull", Time since last: 924634 ns, Reaching safepoint: 99404 ns, At safepoint: 14100 ns, Total: 113504 ns
[16.358s][info ][safepoint      ] Safepoint "ICBufferFull", Time since last: 8802226 ns, Reaching safepoint: 120104 ns, At safepoint: 12601 ns, Total: 132705 ns
[16.360s][info ][safepoint      ] Safepoint "ICBufferFull", Time since last: 1906270 ns, Reaching safepoint: 92104 ns, At safepoint: 12800 ns, Total: 104904 ns
[16.361s][info ][safepoint      ] Safepoint "ICBufferFull", Time since last: 1101641 ns, Reaching safepoint: 113604 ns, At safepoint: 12501 ns, Total: 126105 ns
[16.364s][info ][safepoint      ] Safepoint "ICBufferFull", Time since last: 2682599 ns, Reaching safepoint: 103804 ns, At safepoint: 15600 ns, Total: 119404 ns
[16.366s][info ][safepoint      ] Safepoint "ICBufferFull", Time since last: 1102941 ns, Reaching safepoint: 103104 ns, At safepoint: 22201 ns, Total: 125305 ns
[16.366s][info ][safepoint      ] Safepoint "ICBufferFull", Time since last: 42701 ns, Reaching safepoint: 85803 ns, At safepoint: 12701 ns, Total: 98504 ns
[16.366s][info ][safepoint      ] Safepoint "ICBufferFull", Time since last: 61302 ns, Reaching safepoint: 90503 ns, At safepoint: 20301 ns, Total: 110804 ns
[16.367s][info ][safepoint      ] Safepoint "ICBufferFull", Time since last: 857332 ns, Reaching safepoint: 91003 ns, At safepoint: 7801 ns, Total: 98804 ns
[16.367s][info ][safepoint      ] Safepoint "ICBufferFull", Time since last: 41101 ns, Reaching safepoint: 154506 ns, At safepoint: 24601 ns, Total: 179107 ns
[16.368s][info ][safepoint      ] Safepoint "ICBufferFull", Time since last: 1163143 ns, Reaching safepoint: 159206 ns, At safepoint: 26501 ns, Total: 185707 ns
[16.370s][info ][safepoint      ] Safepoint "ICBufferFull", Time since last: 1918971 ns, Reaching safepoint: 103403 ns, At safepoint: 33702 ns, Total: 137105 ns
[16.371s][info ][safepoint      ] Safepoint "ICBufferFull", Time since last: 29901 ns, Reaching safepoint: 90303 ns, At safepoint: 25601 ns, Total: 115904 ns
[16.372s][info ][safepoint      ] Safepoint "ICBufferFull", Time since last: 1579759 ns, Reaching safepoint: 85003 ns, At safepoint: 17500 ns, Total: 102503 ns
[16.372s][info ][safepoint      ] Safepoint "ICBufferFull", Time since last: 59103 ns, Reaching safepoint: 87803 ns, At safepoint: 26401 ns, Total: 114204 ns
[16.373s][info ][safepoint      ] Safepoint "ICBufferFull", Time since last: 48802 ns, Reaching safepoint: 87103 ns, At safepoint: 28901 ns, Total: 116004 ns
[16.373s][info ][safepoint      ] Safepoint "ICBufferFull", Time since last: 43301 ns, Reaching safepoint: 87904 ns, At safepoint: 27401 ns, Total: 115305 ns
[16.373s][info ][safepoint      ] Safepoint "ICBufferFull", Time since last: 107504 ns, Reaching safepoint: 100703 ns, At safepoint: 26201 ns, Total: 126904 ns
[16.374s][info ][safepoint      ] Safepoint "ICBufferFull", Time since last: 882633 ns, Reaching safepoint: 93704 ns, At safepoint: 17500 ns, Total: 111204 ns
[16.378s][info ][safepoint      ] Safepoint "ICBufferFull", Time since last: 4004848 ns, Reaching safepoint: 140506 ns, At safepoint: 26701 ns, Total: 167207 ns
[16.378s][info ][safepoint      ] Safepoint "ICBufferFull", Time since last: 101303 ns, Reaching safepoint: 90304 ns, At safepoint: 25901 ns, Total: 116205 ns
[16.379s][info ][safepoint      ] Safepoint "ICBufferFull", Time since last: 85503 ns, Reaching safepoint: 90103 ns, At safepoint: 23401 ns, Total: 113504 ns
[16.380s][info ][safepoint      ] Safepoint "ICBufferFull", Time since last: 1160743 ns, Reaching safepoint: 107704 ns, At safepoint: 15800 ns, Total: 123504 ns
[16.386s][info ][safepoint      ] Safepoint "ICBufferFull", Time since last: 5545306 ns, Reaching safepoint: 114704 ns, At safepoint: 28101 ns, Total: 142805 ns
[16.386s][info ][safepoint      ] Safepoint "ICBufferFull", Time since last: 75403 ns, Reaching safepoint: 91203 ns, At safepoint: 20501 ns, Total: 111704 ns
[16.386s][info ][safepoint      ] Safepoint "ICBufferFull", Time since last: 217608 ns, Reaching safepoint: 104604 ns, At safepoint: 20901 ns, Total: 125505 ns
[16.387s][info ][safepoint      ] Safepoint "ICBufferFull", Time since last: 1010037 ns, Reaching safepoint: 102304 ns, At safepoint: 16100 ns, Total: 118404 ns
[16.387s][info ][safepoint      ] Safepoint "ICBufferFull", Time since last: 39602 ns, Reaching safepoint: 88703 ns, At safepoint: 18201 ns, Total: 106904 ns
[16.387s][info ][safepoint      ] Safepoint "ICBufferFull", Time since last: 25801 ns, Reaching safepoint: 86103 ns, At safepoint: 16700 ns, Total: 102803 ns
[16.389s][info ][safepoint      ] Safepoint "ICBufferFull", Time since last: 999237 ns, Reaching safepoint: 103904 ns, At safepoint: 18101 ns, Total: 122005 ns
[16.389s][info ][safepoint      ] Safepoint "ICBufferFull", Time since last: 575121 ns, Reaching safepoint: 88904 ns, At safepoint: 19500 ns, Total: 108404 ns
[16.390s][info ][safepoint      ] Safepoint "ICBufferFull", Time since last: 187507 ns, Reaching safepoint: 87703 ns, At safepoint: 18501 ns, Total: 106204 ns
[16.391s][info ][safepoint      ] Safepoint "ICBufferFull", Time since last: 963936 ns, Reaching safepoint: 107204 ns, At safepoint: 21501 ns, Total: 128705 ns
[16.392s][info ][safepoint      ] Safepoint "ICBufferFull", Time since last: 1333949 ns, Reaching safepoint: 229908 ns, At safepoint: 18001 ns, Total: 247909 ns
[16.396s][info ][safepoint      ] Safepoint "ICBufferFull", Time since last: 3928445 ns, Reaching safepoint: 104604 ns, At safepoint: 27601 ns, Total: 132205 ns
[16.397s][info ][safepoint      ] Safepoint "ICBufferFull", Time since last: 77503 ns, Reaching safepoint: 95604 ns, At safepoint: 25701 ns, Total: 121305 ns
[16.400s][info ][safepoint      ] Safepoint "ICBufferFull", Time since last: 75902 ns, Reaching safepoint: 3337924 ns, At safepoint: 30801 ns, Total: 3368725 ns
[16.400s][info ][safepoint      ] Safepoint "ICBufferFull", Time since last: 75903 ns, Reaching safepoint: 113904 ns, At safepoint: 24201 ns, Total: 138105 ns
[16.404s][info ][safepoint      ] Safepoint "ICBufferFull", Time since last: 4008248 ns, Reaching safepoint: 111304 ns, At safepoint: 22701 ns, Total: 134005 ns
[16.409s][info ][safepoint      ] Safepoint "ICBufferFull", Time since last: 4083551 ns, Reaching safepoint: 101104 ns, At safepoint: 18301 ns, Total: 119405 ns
[16.409s][info ][safepoint      ] Safepoint "ICBufferFull", Time since last: 141805 ns, Reaching safepoint: 98104 ns, At safepoint: 20900 ns, Total: 119004 ns
[16.409s][info ][safepoint      ] Safepoint "ICBufferFull", Time since last: 27301 ns, Reaching safepoint: 87504 ns, At safepoint: 21400 ns, Total: 108904 ns
[16.410s][info ][safepoint      ] Safepoint "ICBufferFull", Time since last: 1066040 ns, Reaching safepoint: 111204 ns, At safepoint: 18001 ns, Total: 129205 ns
[16.412s][info ][safepoint      ] Safepoint "ICBufferFull", Time since last: 1170843 ns, Reaching safepoint: 517419 ns, At safepoint: 23001 ns, Total: 540420 ns
[16.412s][info ][safepoint      ] Safepoint "ICBufferFull", Time since last: 75503 ns, Reaching safepoint: 91103 ns, At safepoint: 15601 ns, Total: 106704 ns
[16.419s][info ][safepoint      ] Safepoint "ICBufferFull", Time since last: 6643546 ns, Reaching safepoint: 108204 ns, At safepoint: 23500 ns, Total: 131704 ns
[16.419s][info ][safepoint      ] Safepoint "ICBufferFull", Time since last: 104604 ns, Reaching safepoint: 86803 ns, At safepoint: 20001 ns, Total: 106804 ns
[16.420s][info ][safepoint      ] Safepoint "ICBufferFull", Time since last: 1181344 ns, Reaching safepoint: 93003 ns, At safepoint: 18401 ns, Total: 111404 ns
[16.421s][info ][safepoint      ] Safepoint "ICBufferFull", Time since last: 161306 ns, Reaching safepoint: 135805 ns, At safepoint: 18701 ns, Total: 154506 ns
[16.423s][info ][safepoint      ] Safepoint "ICBufferFull", Time since last: 2562495 ns, Reaching safepoint: 110904 ns, At safepoint: 6400 ns, Total: 117304 ns
[16.424s][info ][safepoint      ] Safepoint "ICBufferFull", Time since last: 1013537 ns, Reaching safepoint: 87204 ns, At safepoint: 12600 ns, Total: 99804 ns
[16.428s][info ][safepoint      ] Safepoint "ICBufferFull", Time since last: 3532031 ns, Reaching safepoint: 100203 ns, At safepoint: 24301 ns, Total: 124504 ns
[16.428s][info ][safepoint      ] Safepoint "ICBufferFull", Time since last: 42702 ns, Reaching safepoint: 68002 ns, At safepoint: 23301 ns, Total: 91303 ns
[16.428s][info ][safepoint      ] Safepoint "ICBufferFull", Time since last: 46302 ns, Reaching safepoint: 105804 ns, At safepoint: 21101 ns, Total: 126905 ns
[16.429s][info ][safepoint      ] Safepoint "ICBufferFull", Time since last: 77203 ns, Reaching safepoint: 97303 ns, At safepoint: 15401 ns, Total: 112704 ns
[16.431s][info ][safepoint      ] Safepoint "ICBufferFull", Time since last: 2133279 ns, Reaching safepoint: 92203 ns, At safepoint: 19501 ns, Total: 111704 ns
[16.431s][info ][safepoint      ] Safepoint "ICBufferFull", Time since last: 47502 ns, Reaching safepoint: 90103 ns, At safepoint: 22101 ns, Total: 112204 ns
[16.431s][info ][safepoint      ] Safepoint "ICBufferFull", Time since last: 373514 ns, Reaching safepoint: 109704 ns, At safepoint: 19800 ns, Total: 129504 ns
[16.434s][info ][safepoint      ] Safepoint "ICBufferFull", Time since last: 179707 ns, Reaching safepoint: 2118878 ns, At safepoint: 22901 ns, Total: 2141779 ns
[16.435s][info ][safepoint      ] Safepoint "ICBufferFull", Time since last: 1100441 ns, Reaching safepoint: 376114 ns, At safepoint: 21401 ns, Total: 397515 ns
[16.436s][info ][safepoint      ] Safepoint "ICBufferFull", Time since last: 295311 ns, Reaching safepoint: 94203 ns, At safepoint: 20801 ns, Total: 115004 ns
[16.436s][info ][safepoint      ] Safepoint "ICBufferFull", Time since last: 78503 ns, Reaching safepoint: 101904 ns, At safepoint: 24300 ns, Total: 126204 ns
[16.437s][info ][safepoint      ] Safepoint "ICBufferFull", Time since last: 830531 ns, Reaching safepoint: 97604 ns, At safepoint: 8600 ns, Total: 106204 ns
[16.437s][info ][safepoint      ] Safepoint "ICBufferFull", Time since last: 70503 ns, Reaching safepoint: 89203 ns, At safepoint: 24001 ns, Total: 113204 ns
[16.442s][info ][safepoint      ] Safepoint "ICBufferFull", Time since last: 4874680 ns, Reaching safepoint: 93804 ns, At safepoint: 19900 ns, Total: 113704 ns
[16.442s][info ][safepoint      ] Safepoint "ICBufferFull", Time since last: 69603 ns, Reaching safepoint: 89203 ns, At safepoint: 22701 ns, Total: 111904 ns
[16.442s][info ][safepoint      ] Safepoint "ICBufferFull", Time since last: 49602 ns, Reaching safepoint: 87203 ns, At safepoint: 21601 ns, Total: 108804 ns
[16.443s][info ][safepoint      ] Safepoint "ICBufferFull", Time since last: 122905 ns, Reaching safepoint: 96903 ns, At safepoint: 20101 ns, Total: 117004 ns
[16.443s][info ][safepoint      ] Safepoint "ICBufferFull", Time since last: 279910 ns, Reaching safepoint: 89204 ns, At safepoint: 23000 ns, Total: 112204 ns
[16.444s][info ][safepoint      ] Safepoint "ICBufferFull", Time since last: 1210145 ns, Reaching safepoint: 33701 ns, At safepoint: 11301 ns, Total: 45002 ns
[16.444s][info ][safepoint      ] Safepoint "ICBufferFull", Time since last: 44801 ns, Reaching safepoint: 88104 ns, At safepoint: 23901 ns, Total: 112005 ns
[16.445s][info ][safepoint      ] Safepoint "ICBufferFull", Time since last: 90403 ns, Reaching safepoint: 88303 ns, At safepoint: 20901 ns, Total: 109204 ns
[16.445s][info ][safepoint      ] Safepoint "ICBufferFull", Time since last: 163906 ns, Reaching safepoint: 100804 ns, At safepoint: 22001 ns, Total: 122805 ns
[16.445s][info ][safepoint      ] Safepoint "ICBufferFull", Time since last: 146105 ns, Reaching safepoint: 90003 ns, At safepoint: 23501 ns, Total: 113504 ns
[16.446s][info ][safepoint      ] Safepoint "ICBufferFull", Time since last: 843431 ns, Reaching safepoint: 95204 ns, At safepoint: 15301 ns, Total: 110505 ns
[16.446s][info ][safepoint      ] Safepoint "ICBufferFull", Time since last: 56102 ns, Reaching safepoint: 85003 ns, At safepoint: 24001 ns, Total: 109004 ns
[16.446s][info ][safepoint      ] Safepoint "ICBufferFull", Time since last: 38201 ns, Reaching safepoint: 85303 ns, At safepoint: 18401 ns, Total: 103704 ns
[16.449s][info ][safepoint      ] Safepoint "ICBufferFull", Time since last: 2690899 ns, Reaching safepoint: 113705 ns, At safepoint: 19500 ns, Total: 133205 ns
[16.449s][info ][safepoint      ] Safepoint "ICBufferFull", Time since last: 62603 ns, Reaching safepoint: 86703 ns, At safepoint: 14400 ns, Total: 101103 ns
[16.450s][info ][safepoint      ] Safepoint "ICBufferFull", Time since last: 55502 ns, Reaching safepoint: 84604 ns, At safepoint: 14600 ns, Total: 99204 ns
[16.454s][info ][safepoint      ] Safepoint "ICBufferFull", Time since last: 4351161 ns, Reaching safepoint: 106704 ns, At safepoint: 24601 ns, Total: 131305 ns
[16.454s][info ][safepoint      ] Safepoint "ICBufferFull", Time since last: 52702 ns, Reaching safepoint: 100104 ns, At safepoint: 19400 ns, Total: 119504 ns
[16.455s][info ][safepoint      ] Safepoint "ICBufferFull", Time since last: 1187344 ns, Reaching safepoint: 107204 ns, At safepoint: 15501 ns, Total: 122705 ns
[16.459s][info ][safepoint      ] Safepoint "ICBufferFull", Time since last: 1518656 ns, Reaching safepoint: 2116678 ns, At safepoint: 22001 ns, Total: 2138679 ns
[16.463s][info ][safepoint      ] Safepoint "ICBufferFull", Time since last: 275910 ns, Reaching safepoint: 3193419 ns, At safepoint: 30301 ns, Total: 3223720 ns
[16.463s][info ][safepoint      ] Safepoint "ICBufferFull", Time since last: 117404 ns, Reaching safepoint: 94403 ns, At safepoint: 22701 ns, Total: 117104 ns
[16.464s][info ][safepoint      ] Safepoint "ICBufferFull", Time since last: 988037 ns, Reaching safepoint: 100404 ns, At safepoint: 22500 ns, Total: 122904 ns
[16.464s][info ][safepoint      ] Safepoint "ICBufferFull", Time since last: 32902 ns, Reaching safepoint: 89503 ns, At safepoint: 34001 ns, Total: 123504 ns
[16.465s][info ][safepoint      ] Safepoint "ICBufferFull", Time since last: 1157943 ns, Reaching safepoint: 107004 ns, At safepoint: 18901 ns, Total: 125905 ns
[16.466s][info ][safepoint      ] Safepoint "ICBufferFull", Time since last: 44001 ns, Reaching safepoint: 94904 ns, At safepoint: 22701 ns, Total: 117605 ns
[16.468s][info ][safepoint      ] Safepoint "ICBufferFull", Time since last: 901333 ns, Reaching safepoint: 1006637 ns, At safepoint: 26201 ns, Total: 1032838 ns
[16.476s][info ][safepoint      ] Safepoint "ICBufferFull", Time since last: 8629920 ns, Reaching safepoint: 117804 ns, At safepoint: 20501 ns, Total: 138305 ns
[16.476s][info ][safepoint      ] Safepoint "ICBufferFull", Time since last: 93103 ns, Reaching safepoint: 86503 ns, At safepoint: 21301 ns, Total: 107804 ns
[16.477s][info ][safepoint      ] Safepoint "ICBufferFull", Time since last: 51302 ns, Reaching safepoint: 87203 ns, At safepoint: 20201 ns, Total: 107404 ns
[16.480s][info ][safepoint      ] Safepoint "ICBufferFull", Time since last: 3528531 ns, Reaching safepoint: 93803 ns, At safepoint: 19601 ns, Total: 113404 ns
[16.480s][info ][safepoint      ] Safepoint "ICBufferFull", Time since last: 71802 ns, Reaching safepoint: 87604 ns, At safepoint: 22800 ns, Total: 110404 ns
[16.481s][info ][safepoint      ] Safepoint "ICBufferFull", Time since last: 49202 ns, Reaching safepoint: 88604 ns, At safepoint: 30901 ns, Total: 119505 ns
[16.481s][info ][safepoint      ] Safepoint "ICBufferFull", Time since last: 44201 ns, Reaching safepoint: 89704 ns, At safepoint: 20200 ns, Total: 109904 ns
[16.481s][info ][safepoint      ] Safepoint "ICBufferFull", Time since last: 110304 ns, Reaching safepoint: 103104 ns, At safepoint: 20701 ns, Total: 123805 ns
[16.481s][info ][safepoint      ] Safepoint "ICBufferFull", Time since last: 39802 ns, Reaching safepoint: 92803 ns, At safepoint: 27101 ns, Total: 119904 ns
[16.482s][info ][safepoint      ] Safepoint "ICBufferFull", Time since last: 940335 ns, Reaching safepoint: 93803 ns, At safepoint: 13701 ns, Total: 107504 ns
[16.482s][info ][safepoint      ] Safepoint "ICBufferFull", Time since last: 72302 ns, Reaching safepoint: 91904 ns, At safepoint: 25801 ns, Total: 117705 ns
[16.483s][info ][safepoint      ] Safepoint "ICBufferFull", Time since last: 89503 ns, Reaching safepoint: 89403 ns, At safepoint: 24401 ns, Total: 113804 ns
[16.483s][info ][safepoint      ] Safepoint "ICBufferFull", Time since last: 154806 ns, Reaching safepoint: 92203 ns, At safepoint: 24901 ns, Total: 117104 ns
[16.483s][info ][safepoint      ] Safepoint "ICBufferFull", Time since last: 60403 ns, Reaching safepoint: 90203 ns, At safepoint: 26601 ns, Total: 116804 ns
[16.484s][info ][safepoint      ] Safepoint "ICBufferFull", Time since last: 1091140 ns, Reaching safepoint: 104204 ns, At safepoint: 21801 ns, Total: 126005 ns
[16.484s][info ][safepoint      ] Safepoint "ICBufferFull", Time since last: 52302 ns, Reaching safepoint: 88103 ns, At safepoint: 24901 ns, Total: 113004 ns
[16.485s][info ][safepoint      ] Safepoint "ICBufferFull", Time since last: 73003 ns, Reaching safepoint: 63202 ns, At safepoint: 19601 ns, Total: 82803 ns
[16.485s][info ][safepoint      ] Safepoint "ICBufferFull", Time since last: 45401 ns, Reaching safepoint: 92604 ns, At safepoint: 25301 ns, Total: 117905 ns
[16.486s][info ][safepoint      ] Safepoint "ICBufferFull", Time since last: 853431 ns, Reaching safepoint: 93104 ns, At safepoint: 19801 ns, Total: 112905 ns
[16.486s][info ][safepoint      ] Safepoint "ICBufferFull", Time since last: 50201 ns, Reaching safepoint: 90604 ns, At safepoint: 26001 ns, Total: 116605 ns
[16.486s][info ][safepoint      ] Safepoint "ICBufferFull", Time since last: 38301 ns, Reaching safepoint: 89904 ns, At safepoint: 25200 ns, Total: 115104 ns
[16.487s][info ][safepoint      ] Safepoint "ICBufferFull", Time since last: 883333 ns, Reaching safepoint: 92604 ns, At safepoint: 14000 ns, Total: 106604 ns
[16.487s][info ][safepoint      ] Safepoint "ICBufferFull", Time since last: 109104 ns, Reaching safepoint: 87903 ns, At safepoint: 16501 ns, Total: 104404 ns
[16.487s][info ][safepoint      ] Safepoint "ICBufferFull", Time since last: 98904 ns, Reaching safepoint: 91103 ns, At safepoint: 16801 ns, Total: 107904 ns
[16.488s][info ][safepoint      ] Safepoint "ICBufferFull", Time since last: 205107 ns, Reaching safepoint: 92204 ns, At safepoint: 18500 ns, Total: 110704 ns
[16.488s][info ][safepoint      ] Safepoint "ICBufferFull", Time since last: 360514 ns, Reaching safepoint: 92503 ns, At safepoint: 27501 ns, Total: 120004 ns
[16.489s][info ][safepoint      ] Safepoint "ICBufferFull", Time since last: 1009537 ns, Reaching safepoint: 106204 ns, At safepoint: 13901 ns, Total: 120105 ns
[16.490s][info ][safepoint      ] Safepoint "ICBufferFull", Time since last: 49202 ns, Reaching safepoint: 84503 ns, At safepoint: 21001 ns, Total: 105504 ns
[16.490s][info ][safepoint      ] Safepoint "ICBufferFull", Time since last: 71602 ns, Reaching safepoint: 93704 ns, At safepoint: 15200 ns, Total: 108904 ns
[16.490s][info ][safepoint      ] Safepoint "ICBufferFull", Time since last: 57902 ns, Reaching safepoint: 94304 ns, At safepoint: 22501 ns, Total: 116805 ns
[16.490s][info ][safepoint      ] Safepoint "ICBufferFull", Time since last: 188807 ns, Reaching safepoint: 93203 ns, At safepoint: 31501 ns, Total: 124704 ns
[16.491s][info ][safepoint      ] Safepoint "ICBufferFull", Time since last: 832631 ns, Reaching safepoint: 92904 ns, At safepoint: 21800 ns, Total: 114704 ns
[16.493s][info ][safepoint      ] Safepoint "ICBufferFull", Time since last: 1313349 ns, Reaching safepoint: 92003 ns, At safepoint: 15401 ns, Total: 107404 ns
[16.493s][info ][safepoint      ] Safepoint "ICBufferFull", Time since last: 76903 ns, Reaching safepoint: 91003 ns, At safepoint: 15201 ns, Total: 106204 ns
[16.494s][info ][safepoint      ] Safepoint "ICBufferFull", Time since last: 931034 ns, Reaching safepoint: 99504 ns, At safepoint: 14400 ns, Total: 113904 ns
[16.494s][info ][safepoint      ] Safepoint "ICBufferFull", Time since last: 67003 ns, Reaching safepoint: 89803 ns, At safepoint: 24601 ns, Total: 114404 ns
[16.494s][info ][safepoint      ] Safepoint "ICBufferFull", Time since last: 359713 ns, Reaching safepoint: 90104 ns, At safepoint: 23201 ns, Total: 113305 ns
[16.495s][info ][safepoint      ] Safepoint "ICBufferFull", Time since last: 274010 ns, Reaching safepoint: 99703 ns, At safepoint: 25101 ns, Total: 124804 ns
[16.496s][info ][safepoint      ] Safepoint "ICBufferFull", Time since last: 865632 ns, Reaching safepoint: 94804 ns, At safepoint: 17701 ns, Total: 112505 ns
[16.496s][info ][safepoint      ] Safepoint "ICBufferFull", Time since last: 63802 ns, Reaching safepoint: 84803 ns, At safepoint: 23801 ns, Total: 108604 ns
[16.496s][info ][safepoint      ] Safepoint "ICBufferFull", Time since last: 51602 ns, Reaching safepoint: 86603 ns, At safepoint: 19501 ns, Total: 106104 ns
[16.497s][info ][safepoint      ] Safepoint "ICBufferFull", Time since last: 880332 ns, Reaching safepoint: 99704 ns, At safepoint: 23801 ns, Total: 123505 ns
[16.497s][info ][safepoint      ] Safepoint "ICBufferFull", Time since last: 74603 ns, Reaching safepoint: 87203 ns, At safepoint: 22801 ns, Total: 110004 ns
[16.498s][info ][safepoint      ] Safepoint "ICBufferFull", Time since last: 99603 ns, Reaching safepoint: 97504 ns, At safepoint: 21401 ns, Total: 118905 ns
[16.499s][info ][safepoint      ] Safepoint "ICBufferFull", Time since last: 828230 ns, Reaching safepoint: 107004 ns, At safepoint: 13201 ns, Total: 120205 ns
[16.499s][info ][safepoint      ] Safepoint "ICBufferFull", Time since last: 728227 ns, Reaching safepoint: 88703 ns, At safepoint: 21601 ns, Total: 110304 ns
[16.500s][info ][safepoint      ] Safepoint "ICBufferFull", Time since last: 58202 ns, Reaching safepoint: 85803 ns, At safepoint: 19501 ns, Total: 105304 ns
[16.500s][info ][safepoint      ] Safepoint "ICBufferFull", Time since last: 54702 ns, Reaching safepoint: 92103 ns, At safepoint: 18701 ns, Total: 110804 ns
[16.500s][info ][safepoint      ] Safepoint "ICBufferFull", Time since last: 44302 ns, Reaching safepoint: 91703 ns, At safepoint: 22001 ns, Total: 113704 ns
[16.500s][info ][safepoint      ] Safepoint "ICBufferFull", Time since last: 51602 ns, Reaching safepoint: 87903 ns, At safepoint: 23901 ns, Total: 111804 ns
[16.501s][info ][safepoint      ] Safepoint "ICBufferFull", Time since last: 831431 ns, Reaching safepoint: 94903 ns, At safepoint: 15401 ns, Total: 110304 ns
[16.501s][info ][safepoint      ] Safepoint "ICBufferFull", Time since last: 68002 ns, Reaching safepoint: 88404 ns, At safepoint: 19500 ns, Total: 107904 ns
[16.504s][info ][safepoint      ] Safepoint "ICBufferFull", Time since last: 3024212 ns, Reaching safepoint: 97004 ns, At safepoint: 18001 ns, Total: 115005 ns
[16.508s][info ][safepoint      ] Safepoint "ICBufferFull", Time since last: 3882843 ns, Reaching safepoint: 101604 ns, At safepoint: 15300 ns, Total: 116904 ns
[16.508s][info ][safepoint      ] Safepoint "ICBufferFull", Time since last: 81003 ns, Reaching safepoint: 88204 ns, At safepoint: 18100 ns, Total: 106304 ns
[16.509s][info ][safepoint      ] Safepoint "ICBufferFull", Time since last: 345013 ns, Reaching safepoint: 99304 ns, At safepoint: 23301 ns, Total: 122605 ns
[16.509s][info ][safepoint      ] Safepoint "ICBufferFull", Time since last: 70702 ns, Reaching safepoint: 92204 ns, At safepoint: 15200 ns, Total: 107404 ns
[16.510s][info ][safepoint      ] Safepoint "ICBufferFull", Time since last: 799730 ns, Reaching safepoint: 103904 ns, At safepoint: 8400 ns, Total: 112304 ns
[16.512s][info ][safepoint      ] Safepoint "ICBufferFull", Time since last: 2143179 ns, Reaching safepoint: 101704 ns, At safepoint: 20201 ns, Total: 121905 ns
[16.524s][info ][safepoint      ] Safepoint "ICBufferFull", Time since last: 11729634 ns, Reaching safepoint: 116504 ns, At safepoint: 29501 ns, Total: 146005 ns
[16.524s][info ][safepoint      ] Safepoint "ICBufferFull", Time since last: 68503 ns, Reaching safepoint: 87103 ns, At safepoint: 21201 ns, Total: 108304 ns
[16.525s][info ][safepoint      ] Safepoint "ICBufferFull", Time since last: 40601 ns, Reaching safepoint: 87704 ns, At safepoint: 26601 ns, Total: 114305 ns
[16.525s][info ][safepoint      ] Safepoint "ICBufferFull", Time since last: 45701 ns, Reaching safepoint: 89003 ns, At safepoint: 19501 ns, Total: 108504 ns
[16.525s][info ][safepoint      ] Safepoint "ICBufferFull", Time since last: 55402 ns, Reaching safepoint: 89304 ns, At safepoint: 25501 ns, Total: 114805 ns
[16.525s][info ][safepoint      ] Safepoint "ICBufferFull", Time since last: 32501 ns, Reaching safepoint: 89603 ns, At safepoint: 25501 ns, Total: 115104 ns
[16.526s][info ][safepoint      ] Safepoint "ICBufferFull", Time since last: 1031738 ns, Reaching safepoint: 107604 ns, At safepoint: 24601 ns, Total: 132205 ns
[16.529s][info ][safepoint      ] Safepoint "ICBufferFull", Time since last: 2572195 ns, Reaching safepoint: 109304 ns, At safepoint: 23401 ns, Total: 132705 ns
[16.529s][info ][safepoint      ] Safepoint "ICBufferFull", Time since last: 80403 ns, Reaching safepoint: 87203 ns, At safepoint: 24101 ns, Total: 111304 ns
[16.529s][info ][safepoint      ] Safepoint "ICBufferFull", Time since last: 97504 ns, Reaching safepoint: 89403 ns, At safepoint: 26401 ns, Total: 115804 ns
[16.530s][info ][safepoint      ] Safepoint "ICBufferFull", Time since last: 277710 ns, Reaching safepoint: 87804 ns, At safepoint: 25301 ns, Total: 113105 ns
[16.536s][info ][safepoint      ] Safepoint "ICBufferFull", Time since last: 6536141 ns, Reaching safepoint: 117605 ns, At safepoint: 23601 ns, Total: 141206 ns
[16.537s][info ][safepoint      ] Safepoint "ICBufferFull", Time since last: 75502 ns, Reaching safepoint: 84304 ns, At safepoint: 24500 ns, Total: 108804 ns
[16.537s][info ][safepoint      ] Safepoint "ICBufferFull", Time since last: 47502 ns, Reaching safepoint: 92304 ns, At safepoint: 26701 ns, Total: 119005 ns
[16.537s][info ][safepoint      ] Safepoint "ICBufferFull", Time since last: 55102 ns, Reaching safepoint: 98103 ns, At safepoint: 27101 ns, Total: 125204 ns
[16.537s][info ][safepoint      ] Safepoint "ICBufferFull", Time since last: 132905 ns, Reaching safepoint: 100104 ns, At safepoint: 18401 ns, Total: 118505 ns
[16.537s][info ][safepoint      ] Safepoint "ICBufferFull", Time since last: 39201 ns, Reaching safepoint: 96304 ns, At safepoint: 26601 ns, Total: 122905 ns
[16.538s][info ][safepoint      ] Safepoint "ICBufferFull", Time since last: 842731 ns, Reaching safepoint: 115704 ns, At safepoint: 20401 ns, Total: 136105 ns
[16.538s][info ][safepoint      ] Safepoint "ICBufferFull", Time since last: 41201 ns, Reaching safepoint: 92804 ns, At safepoint: 21401 ns, Total: 114205 ns
[16.539s][info ][safepoint      ] Safepoint "ICBufferFull", Time since last: 29201 ns, Reaching safepoint: 91403 ns, At safepoint: 21601 ns, Total: 113004 ns
[16.539s][info ][safepoint      ] Safepoint "ICBufferFull", Time since last: 826530 ns, Reaching safepoint: 97504 ns, At safepoint: 20301 ns, Total: 117805 ns
[16.540s][info ][safepoint      ] Safepoint "ICBufferFull", Time since last: 72802 ns, Reaching safepoint: 91904 ns, At safepoint: 24501 ns, Total: 116405 ns
[16.540s][info ][safepoint      ] Safepoint "ICBufferFull", Time since last: 32601 ns, Reaching safepoint: 89703 ns, At safepoint: 16601 ns, Total: 106304 ns
[16.540s][info ][safepoint      ] Safepoint "ICBufferFull", Time since last: 39601 ns, Reaching safepoint: 85904 ns, At safepoint: 23000 ns, Total: 108904 ns
[16.541s][info ][safepoint      ] Safepoint "ICBufferFull", Time since last: 1384652 ns, Reaching safepoint: 97103 ns, At safepoint: 20901 ns, Total: 118004 ns
[16.542s][info ][safepoint      ] Safepoint "ICBufferFull", Time since last: 68502 ns, Reaching safepoint: 92304 ns, At safepoint: 21801 ns, Total: 114105 ns
[16.542s][info ][safepoint      ] Safepoint "ICBufferFull", Time since last: 38801 ns, Reaching safepoint: 93604 ns, At safepoint: 26101 ns, Total: 119705 ns
[16.544s][info ][safepoint      ] Safepoint "ICBufferFull", Time since last: 1836968 ns, Reaching safepoint: 111004 ns, At safepoint: 25701 ns, Total: 136705 ns
[16.544s][info ][safepoint      ] Safepoint "ICBufferFull", Time since last: 61702 ns, Reaching safepoint: 98304 ns, At safepoint: 30001 ns, Total: 128305 ns
[16.546s][info ][safepoint      ] Safepoint "ICBufferFull", Time since last: 2349187 ns, Reaching safepoint: 109904 ns, At safepoint: 30801 ns, Total: 140705 ns
[16.547s][info ][safepoint      ] Safepoint "ICBufferFull", Time since last: 117104 ns, Reaching safepoint: 91103 ns, At safepoint: 24301 ns, Total: 115404 ns
[16.548s][info ][safepoint      ] Safepoint "ICBufferFull", Time since last: 1451354 ns, Reaching safepoint: 104304 ns, At safepoint: 23601 ns, Total: 127905 ns
[16.552s][info ][safepoint      ] Safepoint "ICBufferFull", Time since last: 3906344 ns, Reaching safepoint: 128405 ns, At safepoint: 31101 ns, Total: 159506 ns
[16.557s][info ][safepoint      ] Safepoint "ICBufferFull", Time since last: 2315386 ns, Reaching safepoint: 2138879 ns, At safepoint: 31801 ns, Total: 2170680 ns
[16.562s][info ][safepoint      ] Safepoint "ICBufferFull", Time since last: 4511067 ns, Reaching safepoint: 749728 ns, At safepoint: 26701 ns, Total: 776429 ns
[16.565s][info ][safepoint      ] Safepoint "ICBufferFull", Time since last: 2183981 ns, Reaching safepoint: 425115 ns, At safepoint: 30001 ns, Total: 455116 ns
[16.565s][info ][safepoint      ] Safepoint "ICBufferFull", Time since last: 73603 ns, Reaching safepoint: 96804 ns, At safepoint: 23101 ns, Total: 119905 ns
[16.573s][info ][safepoint      ] Safepoint "ICBufferFull", Time since last: 8124500 ns, Reaching safepoint: 105904 ns, At safepoint: 23101 ns, Total: 129005 ns
[16.573s][info ][safepoint      ] Safepoint "ICBufferFull", Time since last: 84703 ns, Reaching safepoint: 89703 ns, At safepoint: 25301 ns, Total: 115004 ns
[16.574s][info ][safepoint      ] Safepoint "ICBufferFull", Time since last: 56702 ns, Reaching safepoint: 97004 ns, At safepoint: 20001 ns, Total: 117005 ns
[16.574s][info ][safepoint      ] Safepoint "ICBufferFull", Time since last: 28501 ns, Reaching safepoint: 54502 ns, At safepoint: 24801 ns, Total: 79303 ns
[16.574s][info ][safepoint      ] Safepoint "ICBufferFull", Time since last: 43101 ns, Reaching safepoint: 101004 ns, At safepoint: 25601 ns, Total: 126605 ns
[16.578s][info ][safepoint      ] Safepoint "ICBufferFull", Time since last: 4033449 ns, Reaching safepoint: 121805 ns, At safepoint: 25301 ns, Total: 147106 ns
[16.584s][info ][safepoint      ] Safepoint "ICBufferFull", Time since last: 6008922 ns, Reaching safepoint: 199807 ns, At safepoint: 26501 ns, Total: 226308 ns
[16.595s][info ][safepoint      ] Safepoint "ICBufferFull", Time since last: 10489989 ns, Reaching safepoint: 622823 ns, At safepoint: 28001 ns, Total: 650824 ns
[16.598s][info ][safepoint      ] Safepoint "ICBufferFull", Time since last: 2550494 ns, Reaching safepoint: 123205 ns, At safepoint: 21300 ns, Total: 144505 ns
[16.598s][info ][safepoint      ] Safepoint "ICBufferFull", Time since last: 63703 ns, Reaching safepoint: 86403 ns, At safepoint: 15800 ns, Total: 102203 ns
[16.604s][info ][safepoint      ] Safepoint "ICBufferFull", Time since last: 5815316 ns, Reaching safepoint: 144205 ns, At safepoint: 17601 ns, Total: 161806 ns
[16.615s][info ][safepoint      ] Safepoint "ICBufferFull", Time since last: 11025008 ns, Reaching safepoint: 136505 ns, At safepoint: 23600 ns, Total: 160105 ns
[16.619s][info ][safepoint      ] Safepoint "ICBufferFull", Time since last: 3396126 ns, Reaching safepoint: 126705 ns, At safepoint: 24801 ns, Total: 151506 ns
[16.631s][info ][safepoint      ] Safepoint "ICBufferFull", Time since last: 11799636 ns, Reaching safepoint: 127905 ns, At safepoint: 18601 ns, Total: 146506 ns
[16.631s][info ][safepoint      ] Safepoint "ICBufferFull", Time since last: 100903 ns, Reaching safepoint: 58503 ns, At safepoint: 27601 ns, Total: 86104 ns
[16.631s][info ][safepoint      ] Safepoint "ICBufferFull", Time since last: 82903 ns, Reaching safepoint: 90503 ns, At safepoint: 23001 ns, Total: 113504 ns
[16.632s][info ][safepoint      ] Safepoint "ICBufferFull", Time since last: 109204 ns, Reaching safepoint: 89403 ns, At safepoint: 25601 ns, Total: 115004 ns
[16.633s][info ][safepoint      ] Safepoint "ICBufferFull", Time since last: 1378751 ns, Reaching safepoint: 104004 ns, At safepoint: 18501 ns, Total: 122505 ns
[16.633s][info ][safepoint      ] Safepoint "ICBufferFull", Time since last: 51702 ns, Reaching safepoint: 85603 ns, At safepoint: 20601 ns, Total: 106204 ns
[16.633s][info ][safepoint      ] Safepoint "ICBufferFull", Time since last: 166206 ns, Reaching safepoint: 102104 ns, At safepoint: 27301 ns, Total: 129405 ns
[16.637s][info ][safepoint      ] Safepoint "ICBufferFull", Time since last: 3486329 ns, Reaching safepoint: 234708 ns, At safepoint: 23701 ns, Total: 258409 ns
[16.637s][info ][safepoint      ] Safepoint "ICBufferFull", Time since last: 85003 ns, Reaching safepoint: 86403 ns, At safepoint: 28501 ns, Total: 114904 ns
[16.638s][info ][safepoint      ] Safepoint "ICBufferFull", Time since last: 62103 ns, Reaching safepoint: 85803 ns, At safepoint: 22601 ns, Total: 108404 ns
[16.638s][info ][safepoint      ] Safepoint "ICBufferFull", Time since last: 52402 ns, Reaching safepoint: 88703 ns, At safepoint: 21101 ns, Total: 109804 ns
[16.639s][info ][safepoint      ] Safepoint "ICBufferFull", Time since last: 1420852 ns, Reaching safepoint: 92904 ns, At safepoint: 13800 ns, Total: 106704 ns
[16.639s][info ][safepoint      ] Safepoint "ICBufferFull", Time since last: 71503 ns, Reaching safepoint: 87203 ns, At safepoint: 15401 ns, Total: 102604 ns
[16.640s][info ][safepoint      ] Safepoint "ICBufferFull", Time since last: 734227 ns, Reaching safepoint: 94603 ns, At safepoint: 19601 ns, Total: 114204 ns
[16.640s][info ][safepoint      ] Safepoint "ICBufferFull", Time since last: 37802 ns, Reaching safepoint: 87803 ns, At safepoint: 27901 ns, Total: 115704 ns
[16.646s][info ][safepoint      ] Safepoint "ICBufferFull", Time since last: 5661209 ns, Reaching safepoint: 114905 ns, At safepoint: 21000 ns, Total: 135905 ns
[16.646s][info ][safepoint      ] Safepoint "ICBufferFull", Time since last: 126205 ns, Reaching safepoint: 89803 ns, At safepoint: 19101 ns, Total: 108904 ns
[16.647s][info ][safepoint      ] Safepoint "ICBufferFull", Time since last: 314912 ns, Reaching safepoint: 91603 ns, At safepoint: 27701 ns, Total: 119304 ns
[16.647s][info ][safepoint      ] Safepoint "ICBufferFull", Time since last: 366814 ns, Reaching safepoint: 105304 ns, At safepoint: 25600 ns, Total: 130904 ns
[16.650s][info ][safepoint      ] Safepoint "ICBufferFull", Time since last: 2546995 ns, Reaching safepoint: 132005 ns, At safepoint: 27801 ns, Total: 159806 ns
[16.651s][info ][safepoint      ] Safepoint "ICBufferFull", Time since last: 662324 ns, Reaching safepoint: 103604 ns, At safepoint: 22301 ns, Total: 125905 ns
[16.653s][info ][safepoint      ] Safepoint "ICBufferFull", Time since last: 1541457 ns, Reaching safepoint: 108904 ns, At safepoint: 27701 ns, Total: 136605 ns
[16.661s][info ][safepoint      ] Safepoint "ICBufferFull", Time since last: 5193592 ns, Reaching safepoint: 3208519 ns, At safepoint: 26701 ns, Total: 3235220 ns
[16.665s][info ][safepoint      ] Safepoint "ICBufferFull", Time since last: 3352624 ns, Reaching safepoint: 127604 ns, At safepoint: 16601 ns, Total: 144205 ns
[16.667s][info ][safepoint      ] Safepoint "ICBufferFull", Time since last: 1884370 ns, Reaching safepoint: 100704 ns, At safepoint: 24500 ns, Total: 125204 ns
[16.667s][info ][safepoint      ] Safepoint "ICBufferFull", Time since last: 65003 ns, Reaching safepoint: 91503 ns, At safepoint: 22701 ns, Total: 114204 ns
[16.669s][info ][safepoint      ] Safepoint "ICBufferFull", Time since last: 1940272 ns, Reaching safepoint: 113104 ns, At safepoint: 19901 ns, Total: 133005 ns
[16.671s][info ][safepoint      ] Safepoint "ICBufferFull", Time since last: 1985173 ns, Reaching safepoint: 112104 ns, At safepoint: 35402 ns, Total: 147506 ns
[16.675s][info ][safepoint      ] Safepoint "ICBufferFull", Time since last: 3569832 ns, Reaching safepoint: 139705 ns, At safepoint: 21801 ns, Total: 161506 ns
[16.679s][info ][safepoint      ] Safepoint "ICBufferFull", Time since last: 3806741 ns, Reaching safepoint: 115804 ns, At safepoint: 14800 ns, Total: 130604 ns
[16.680s][info ][safepoint      ] Safepoint "ICBufferFull", Time since last: 1282748 ns, Reaching safepoint: 98104 ns, At safepoint: 30901 ns, Total: 129005 ns
[16.680s][info ][safepoint      ] Safepoint "ICBufferFull", Time since last: 61702 ns, Reaching safepoint: 97904 ns, At safepoint: 22900 ns, Total: 120804 ns
[16.683s][info ][safepoint      ] Safepoint "ICBufferFull", Time since last: 2143480 ns, Reaching safepoint: 180506 ns, At safepoint: 25801 ns, Total: 206307 ns
[16.684s][info ][safepoint      ] Safepoint "ICBufferFull", Time since last: 973136 ns, Reaching safepoint: 93604 ns, At safepoint: 24101 ns, Total: 117705 ns
[16.694s][info ][safepoint      ] Safepoint "ICBufferFull", Time since last: 9736960 ns, Reaching safepoint: 130105 ns, At safepoint: 26301 ns, Total: 156406 ns
[16.699s][info ][safepoint      ] Safepoint "ICBufferFull", Time since last: 5235993 ns, Reaching safepoint: 128705 ns, At safepoint: 22201 ns, Total: 150906 ns
[16.699s][info ][safepoint      ] Safepoint "ICBufferFull", Time since last: 78803 ns, Reaching safepoint: 103304 ns, At safepoint: 27201 ns, Total: 130505 ns
[16.706s][info ][safepoint      ] Safepoint "ICBufferFull", Time since last: 4472065 ns, Reaching safepoint: 2173181 ns, At safepoint: 37201 ns, Total: 2210382 ns
[16.709s][info ][safepoint      ] Safepoint "ICBufferFull", Time since last: 2683299 ns, Reaching safepoint: 741428 ns, At safepoint: 25201 ns, Total: 766629 ns
[16.713s][info ][gc,start       ] GC(13) Pause Young (Allocation Failure)
[16.937s][debug][gc,phases      ] GC(13) Scavenge 223.324ms
[16.937s][debug][gc,ref         ] GC(13) Skipped phase 1 of Reference Processing: no references
[16.937s][debug][gc,ref         ] GC(13) ReferenceProcessor::execute queues: 1, RefProcThreadModel::Single, marks_oops_alive: false
[16.937s][debug][gc,ref         ] GC(13) Skipped phase 3 of Reference Processing: no references
[16.937s][debug][gc,ref         ] GC(13) ReferenceProcessor::execute queues: 1, RefProcThreadModel::Single, marks_oops_alive: false
[16.937s][debug][gc,phases      ] GC(13) Reference Processing 0.134ms
[16.937s][debug][gc,phases      ] GC(13)   VM Weak                        Min:  0.0, Avg:  0.0, Max:  0.0, Diff:  0.0, Sum:  0.0, Workers: 4
[16.937s][debug][gc,phases      ] GC(13)     Dead                           Min: 0, Avg:  0.0, Max: 0, Diff: 0, Sum: 0, Workers: 4
[16.937s][debug][gc,phases      ] GC(13)     Total                          Min: 0, Avg: 156.5, Max: 626, Diff: 626, Sum: 626, Workers: 4
[16.937s][debug][gc,phases      ] GC(13)   ObjectSynchronizer Weak        Min:  0.0, Avg:  0.0, Max:  0.0, Diff:  0.0, Sum:  0.0, Workers: 4
[16.937s][debug][gc,phases      ] GC(13)     Dead                           Min: 0, Avg:  0.0, Max: 0, Diff: 0, Sum: 0, Workers: 4
[16.937s][debug][gc,phases      ] GC(13)     Total                          Min: 0, Avg: 76.8, Max: 179, Diff: 179, Sum: 307, Workers: 4
[16.937s][debug][gc,phases      ] GC(13)   JVMTI Tag Weak OopStorage      Min:  0.0, Avg:  0.0, Max:  0.0, Diff:  0.0, Sum:  0.0, Workers: 4
[16.937s][debug][gc,phases      ] GC(13)     Dead                           Min: 0, Avg:  0.0, Max: 0, Diff: 0, Sum: 0, Workers: 4
[16.937s][debug][gc,phases      ] GC(13)     Total                          Min: 0, Avg:  0.0, Max: 0, Diff: 0, Sum: 0, Workers: 4
[16.937s][debug][gc,phases      ] GC(13)   StringTable Weak               Min:  0.2, Avg:  0.2, Max:  0.2, Diff:  0.0, Sum:  0.9, Workers: 4
[16.937s][debug][gc,phases      ] GC(13)     Dead                           Min: 0, Avg:  3.0, Max: 12, Diff: 12, Sum: 12, Workers: 4
[16.937s][debug][gc,phases      ] GC(13)     Total                          Min: 9728, Avg: 10985.0, Max: 12260, Diff: 2532, Sum: 43940, Workers: 4
[16.937s][debug][gc,phases      ] GC(13)   ResolvedMethodTable Weak       Min:  0.1, Avg:  0.1, Max:  0.1, Diff:  0.0, Sum:  0.2, Workers: 4
[16.937s][debug][gc,phases      ] GC(13)     Dead                           Min: 0, Avg:  0.0, Max: 0, Diff: 0, Sum: 0, Workers: 4
[16.937s][debug][gc,phases      ] GC(13)     Total                          Min: 1161, Avg: 1826.0, Max: 2368, Diff: 1207, Sum: 7304, Workers: 4
[16.937s][debug][gc,phases      ] GC(13)   JNI Weak                       Min:  0.0, Avg:  0.0, Max:  0.0, Diff:  0.0, Sum:  0.0, Workers: 4
[16.937s][debug][gc,phases      ] GC(13)     Dead                           Min: 0, Avg:  0.0, Max: 0, Diff: 0, Sum: 0, Workers: 4
[16.937s][debug][gc,phases      ] GC(13)     Total                          Min: 0, Avg:  1.2, Max: 5, Diff: 5, Sum: 5, Workers: 4
[16.937s][debug][gc,phases      ] GC(13)   StringDedup Table Weak         Min:  0.0, Avg:  0.0, Max:  0.0, Diff:  0.0, Sum:  0.0, Workers: 4
[16.937s][debug][gc,phases      ] GC(13)     Dead                           Min: 0, Avg:  0.0, Max: 0, Diff: 0, Sum: 0, Workers: 4
[16.937s][debug][gc,phases      ] GC(13)     Total                          Min: 0, Avg:  0.0, Max: 0, Diff: 0, Sum: 0, Workers: 4
[16.937s][debug][gc,phases      ] GC(13)   StringDedup Requests0 Weak     Min:  0.0, Avg:  0.0, Max:  0.0, Diff:  0.0, Sum:  0.0, Workers: 4
[16.937s][debug][gc,phases      ] GC(13)     Dead                           Min: 0, Avg:  0.0, Max: 0, Diff: 0, Sum: 0, Workers: 4
[16.937s][debug][gc,phases      ] GC(13)     Total                          Min: 0, Avg:  0.0, Max: 0, Diff: 0, Sum: 0, Workers: 4
[16.937s][debug][gc,phases      ] GC(13)   StringDedup Requests1 Weak     Min:  0.0, Avg:  0.0, Max:  0.0, Diff:  0.0, Sum:  0.0, Workers: 4
[16.937s][debug][gc,phases      ] GC(13)     Dead                           Min: 0, Avg:  0.0, Max: 0, Diff: 0, Sum: 0, Workers: 4
[16.937s][debug][gc,phases      ] GC(13)     Total                          Min: 0, Avg:  0.0, Max: 0, Diff: 0, Sum: 0, Workers: 4
[16.937s][debug][gc,phases      ] GC(13)   Weak JFR Old Object Samples    Min:  0.0, Avg:  0.0, Max:  0.0, Diff:  0.0, Sum:  0.0, Workers: 4
[16.937s][debug][gc,phases      ] GC(13)     Dead                           Min: 0, Avg:  0.0, Max: 0, Diff: 0, Sum: 0, Workers: 4
[16.937s][debug][gc,phases      ] GC(13)     Total                          Min: 0, Avg:  0.0, Max: 0, Diff: 0, Sum: 0, Workers: 4
[16.937s][debug][gc,phases      ] GC(13) Weak Processing 0.493ms
[16.937s][debug][gc,age         ] GC(13) Desired survivor size 536870912 bytes, new threshold 3 (max threshold 15)
[16.937s][info ][gc,heap        ] GC(13) PSYoungGen: 1439925K(1572864K)->26401K(1572864K) Eden: 1048576K(1048576K)->0K(1048576K) From: 391349K(524288K)->26401K(524288K)
[16.937s][info ][gc,heap        ] GC(13) ParOldGen: 255959K(386048K)->636972K(637440K)
[16.937s][info ][gc,metaspace   ] GC(13) Metaspace: 69933K(70656K)->69933K(70656K) NonClass: 59649K(60032K)->59649K(60032K) Class: 10284K(10624K)->10284K(10624K)
[16.937s][info ][gc             ] GC(13) Pause Young (Allocation Failure) 1656M->647M(2158M) 224.103ms
[16.937s][info ][gc,cpu         ] GC(13) User=0.79s Sys=0.10s Real=0.22s
[16.937s][debug][gc,phases      ] GC(14) Pre Compact 0.011ms
[16.937s][info ][gc,start       ] GC(14) Pause Full (Ergonomics)
[16.937s][info ][gc,phases,start] GC(14) Marking Phase
[17.146s][debug][gc,phases      ] GC(14) Par Mark 208.321ms
[17.146s][debug][gc,ref         ] GC(14) Skipped phase 1 of Reference Processing: no references
[17.146s][debug][gc,ref         ] GC(14) ReferenceProcessor::execute queues: 4, RefProcThreadModel::Multi, marks_oops_alive: false
[17.146s][debug][gc,ref         ] GC(14) Skipped phase 3 of Reference Processing: no references
[17.146s][debug][gc,ref         ] GC(14) ReferenceProcessor::execute queues: 1, RefProcThreadModel::Single, marks_oops_alive: false
[17.146s][debug][gc,phases      ] GC(14) Reference Processing 0.355ms
[17.147s][debug][gc,phases      ] GC(14)   VM Weak                        Min:  0.0, Avg:  0.0, Max:  0.0, Diff:  0.0, Sum:  0.0, Workers: 4
[17.147s][debug][gc,phases      ] GC(14)     Dead                           Min: 0, Avg:  0.0, Max: 0, Diff: 0, Sum: 0, Workers: 4
[17.147s][debug][gc,phases      ] GC(14)     Total                          Min: 0, Avg: 156.5, Max: 384, Diff: 384, Sum: 626, Workers: 4
[17.147s][debug][gc,phases      ] GC(14)   ObjectSynchronizer Weak        Min:  0.0, Avg:  0.0, Max:  0.0, Diff:  0.0, Sum:  0.0, Workers: 4
[17.147s][debug][gc,phases      ] GC(14)     Dead                           Min: 0, Avg:  0.0, Max: 0, Diff: 0, Sum: 0, Workers: 4
[17.147s][debug][gc,phases      ] GC(14)     Total                          Min: 0, Avg: 76.8, Max: 128, Diff: 128, Sum: 307, Workers: 4
[17.147s][debug][gc,phases      ] GC(14)   JVMTI Tag Weak OopStorage      Min:  0.0, Avg:  0.0, Max:  0.0, Diff:  0.0, Sum:  0.0, Workers: 4
[17.147s][debug][gc,phases      ] GC(14)     Dead                           Min: 0, Avg:  0.0, Max: 0, Diff: 0, Sum: 0, Workers: 4
[17.147s][debug][gc,phases      ] GC(14)     Total                          Min: 0, Avg:  0.0, Max: 0, Diff: 0, Sum: 0, Workers: 4
[17.147s][debug][gc,phases      ] GC(14)   StringTable Weak               Min:  0.1, Avg:  0.1, Max:  0.1, Diff:  0.0, Sum:  0.5, Workers: 4
[17.147s][debug][gc,phases      ] GC(14)     Dead                           Min: 0, Avg:  0.0, Max: 0, Diff: 0, Sum: 0, Workers: 4
[17.147s][debug][gc,phases      ] GC(14)     Total                          Min: 9381, Avg: 10985.0, Max: 12543, Diff: 3162, Sum: 43940, Workers: 4
[17.147s][debug][gc,phases      ] GC(14)   ResolvedMethodTable Weak       Min:  0.0, Avg:  0.0, Max:  0.0, Diff:  0.0, Sum:  0.1, Workers: 4
[17.147s][debug][gc,phases      ] GC(14)     Dead                           Min: 0, Avg:  0.0, Max: 0, Diff: 0, Sum: 0, Workers: 4
[17.147s][debug][gc,phases      ] GC(14)     Total                          Min: 1728, Avg: 1826.0, Max: 2048, Diff: 320, Sum: 7304, Workers: 4
[17.147s][debug][gc,phases      ] GC(14)   JNI Weak                       Min:  0.0, Avg:  0.0, Max:  0.0, Diff:  0.0, Sum:  0.0, Workers: 4
[17.147s][debug][gc,phases      ] GC(14)     Dead                           Min: 0, Avg:  0.0, Max: 0, Diff: 0, Sum: 0, Workers: 4
[17.147s][debug][gc,phases      ] GC(14)     Total                          Min: 0, Avg:  1.2, Max: 5, Diff: 5, Sum: 5, Workers: 4
[17.147s][debug][gc,phases      ] GC(14)   StringDedup Table Weak         Min:  0.0, Avg:  0.0, Max:  0.0, Diff:  0.0, Sum:  0.0, Workers: 4
[17.147s][debug][gc,phases      ] GC(14)     Dead                           Min: 0, Avg:  0.0, Max: 0, Diff: 0, Sum: 0, Workers: 4
[17.147s][debug][gc,phases      ] GC(14)     Total                          Min: 0, Avg:  0.0, Max: 0, Diff: 0, Sum: 0, Workers: 4
[17.147s][debug][gc,phases      ] GC(14)   StringDedup Requests0 Weak     Min:  0.0, Avg:  0.0, Max:  0.0, Diff:  0.0, Sum:  0.0, Workers: 4
[17.147s][debug][gc,phases      ] GC(14)     Dead                           Min: 0, Avg:  0.0, Max: 0, Diff: 0, Sum: 0, Workers: 4
[17.147s][debug][gc,phases      ] GC(14)     Total                          Min: 0, Avg:  0.0, Max: 0, Diff: 0, Sum: 0, Workers: 4
[17.147s][debug][gc,phases      ] GC(14)   StringDedup Requests1 Weak     Min:  0.0, Avg:  0.0, Max:  0.0, Diff:  0.0, Sum:  0.0, Workers: 4
[17.147s][debug][gc,phases      ] GC(14)     Dead                           Min: 0, Avg:  0.0, Max: 0, Diff: 0, Sum: 0, Workers: 4
[17.147s][debug][gc,phases      ] GC(14)     Total                          Min: 0, Avg:  0.0, Max: 0, Diff: 0, Sum: 0, Workers: 4
[17.147s][debug][gc,phases      ] GC(14)   Weak JFR Old Object Samples    Min:  0.0, Avg:  0.0, Max:  0.0, Diff:  0.0, Sum:  0.0, Workers: 4
[17.147s][debug][gc,phases      ] GC(14)     Dead                           Min: 0, Avg:  0.0, Max: 0, Diff: 0, Sum: 0, Workers: 4
[17.147s][debug][gc,phases      ] GC(14)     Total                          Min: 0, Avg:  0.0, Max: 0, Diff: 0, Sum: 0, Workers: 4
[17.147s][debug][gc,phases      ] GC(14) Weak Processing 0.347ms
[17.147s][debug][gc,phases      ] GC(14) ClassLoaderData 0.083ms
[17.147s][debug][gc,phases      ] GC(14) Trigger cleanups 0.000ms
[17.156s][debug][gc,phases      ] GC(14) Class Unloading 9.437ms
[17.156s][info ][gc,phases      ] GC(14) Marking Phase 218.668ms
[17.156s][info ][gc,phases,start] GC(14) Summary Phase
[17.156s][info ][gc,phases      ] GC(14) Summary Phase 0.012ms
[17.156s][info ][gc,phases,start] GC(14) Adjust Roots
[17.167s][info ][gc,phases      ] GC(14) Adjust Roots 10.860ms
[17.167s][info ][gc,phases,start] GC(14) Compaction Phase
[17.572s][info ][gc,phases      ] GC(14) Compaction Phase 405.273ms
[17.572s][info ][gc,phases,start] GC(14) Post Compact
[17.574s][info ][gc,phases      ] GC(14) Post Compact 1.652ms
[17.574s][info ][gc,heap        ] GC(14) PSYoungGen: 26401K(1572864K)->9456K(1572864K) Eden: 0K(1048576K)->0K(1048576K) From: 26401K(524288K)->9456K(524288K)
[17.574s][info ][gc,heap        ] GC(14) ParOldGen: 636972K(637440K)->637136K(929280K)
[17.574s][info ][gc,metaspace   ] GC(14) Metaspace: 69933K(70656K)->69933K(70656K) NonClass: 59649K(60032K)->59649K(60032K) Class: 10284K(10624K)->10284K(10624K)
[17.574s][info ][gc             ] GC(14) Pause Full (Ergonomics) 647M->631M(2443M) 636.986ms
[17.574s][info ][gc,cpu         ] GC(14) User=2.45s Sys=0.03s Real=0.64s
[17.576s][info ][safepoint      ] Safepoint "ParallelGCFailedAllocation", Time since last: 3875743 ns, Reaching safepoint: 132605 ns, At safepoint: 863064530 ns, Total: 863197135 ns
[17.584s][info ][safepoint      ] Safepoint "ICBufferFull", Time since last: 7054061 ns, Reaching safepoint: 124404 ns, At safepoint: 23801 ns, Total: 148205 ns
[17.584s][info ][safepoint      ] Safepoint "ICBufferFull", Time since last: 122705 ns, Reaching safepoint: 97103 ns, At safepoint: 18901 ns, Total: 116004 ns
[17.584s][info ][safepoint      ] Safepoint "ICBufferFull", Time since last: 60002 ns, Reaching safepoint: 86703 ns, At safepoint: 22501 ns, Total: 109204 ns
[17.591s][info ][safepoint      ] Safepoint "ICBufferFull", Time since last: 6615045 ns, Reaching safepoint: 127905 ns, At safepoint: 28901 ns, Total: 156806 ns
[17.600s][info ][safepoint      ] Safepoint "ICBufferFull", Time since last: 9548653 ns, Reaching safepoint: 133205 ns, At safepoint: 23501 ns, Total: 156706 ns
[17.604s][info ][safepoint      ] Safepoint "ICBufferFull", Time since last: 3783240 ns, Reaching safepoint: 115404 ns, At safepoint: 19501 ns, Total: 134905 ns
[17.608s][info ][safepoint      ] Safepoint "ICBufferFull", Time since last: 3207718 ns, Reaching safepoint: 677025 ns, At safepoint: 20701 ns, Total: 697726 ns
[17.608s][info ][safepoint      ] Safepoint "ICBufferFull", Time since last: 63202 ns, Reaching safepoint: 96404 ns, At safepoint: 16601 ns, Total: 113005 ns
[17.613s][info ][safepoint      ] Safepoint "ICBufferFull", Time since last: 3985247 ns, Reaching safepoint: 129005 ns, At safepoint: 23601 ns, Total: 152606 ns
[17.613s][info ][safepoint      ] Safepoint "ICBufferFull", Time since last: 255109 ns, Reaching safepoint: 95504 ns, At safepoint: 20700 ns, Total: 116204 ns
[17.627s][info ][safepoint      ] Safepoint "ICBufferFull", Time since last: 13971117 ns, Reaching safepoint: 134105 ns, At safepoint: 23301 ns, Total: 157406 ns
[17.632s][info ][safepoint      ] Safepoint "ICBufferFull", Time since last: 5213393 ns, Reaching safepoint: 114704 ns, At safepoint: 21601 ns, Total: 136305 ns
[17.640s][info ][safepoint      ] Safepoint "ICBufferFull", Time since last: 7778388 ns, Reaching safepoint: 128204 ns, At safepoint: 21901 ns, Total: 150105 ns
[17.644s][info ][safepoint      ] Safepoint "ICBufferFull", Time since last: 3866243 ns, Reaching safepoint: 103304 ns, At safepoint: 32001 ns, Total: 135305 ns
[17.645s][info ][safepoint      ] Safepoint "ICBufferFull", Time since last: 65703 ns, Reaching safepoint: 156605 ns, At safepoint: 25001 ns, Total: 181606 ns
[17.647s][info ][safepoint      ] Safepoint "ICBufferFull", Time since last: 2397089 ns, Reaching safepoint: 259710 ns, At safepoint: 37601 ns, Total: 297311 ns
[17.652s][info ][safepoint      ] Safepoint "ICBufferFull", Time since last: 4927782 ns, Reaching safepoint: 55602 ns, At safepoint: 17001 ns, Total: 72603 ns
[17.652s][info ][safepoint      ] Safepoint "ICBufferFull", Time since last: 79003 ns, Reaching safepoint: 69902 ns, At safepoint: 22301 ns, Total: 92203 ns
[17.659s][info ][safepoint      ] Safepoint "ICBufferFull", Time since last: 6135427 ns, Reaching safepoint: 123805 ns, At safepoint: 22501 ns, Total: 146306 ns
[17.664s][info ][safepoint      ] Safepoint "ICBufferFull", Time since last: 4987984 ns, Reaching safepoint: 142405 ns, At safepoint: 26601 ns, Total: 169006 ns
[17.672s][info ][safepoint      ] Safepoint "ICBufferFull", Time since last: 7228368 ns, Reaching safepoint: 393214 ns, At safepoint: 28001 ns, Total: 421215 ns
[17.674s][info ][safepoint      ] Safepoint "ICBufferFull", Time since last: 1848669 ns, Reaching safepoint: 195507 ns, At safepoint: 25401 ns, Total: 220908 ns
[17.674s][info ][safepoint      ] Safepoint "ICBufferFull", Time since last: 296411 ns, Reaching safepoint: 106704 ns, At safepoint: 23501 ns, Total: 130205 ns
[17.677s][info ][safepoint      ] Safepoint "ICBufferFull", Time since last: 2467391 ns, Reaching safepoint: 110804 ns, At safepoint: 18401 ns, Total: 129205 ns
[17.677s][info ][safepoint      ] Safepoint "ICBufferFull", Time since last: 217208 ns, Reaching safepoint: 85303 ns, At safepoint: 25801 ns, Total: 111104 ns
[17.677s][info ][safepoint      ] Safepoint "ICBufferFull", Time since last: 37101 ns, Reaching safepoint: 90104 ns, At safepoint: 22500 ns, Total: 112604 ns
[17.679s][info ][safepoint      ] Safepoint "ICBufferFull", Time since last: 2120879 ns, Reaching safepoint: 109704 ns, At safepoint: 22501 ns, Total: 132205 ns
[17.680s][info ][safepoint      ] Safepoint "ICBufferFull", Time since last: 53502 ns, Reaching safepoint: 97603 ns, At safepoint: 22301 ns, Total: 119904 ns
[17.681s][info ][safepoint      ] Safepoint "ICBufferFull", Time since last: 1736264 ns, Reaching safepoint: 104304 ns, At safepoint: 42302 ns, Total: 146606 ns
[17.683s][info ][safepoint      ] Safepoint "ICBufferFull", Time since last: 1411852 ns, Reaching safepoint: 93303 ns, At safepoint: 29502 ns, Total: 122805 ns
[17.687s][info ][safepoint      ] Safepoint "ICBufferFull", Time since last: 4313059 ns, Reaching safepoint: 182207 ns, At safepoint: 24801 ns, Total: 207008 ns
[17.688s][info ][safepoint      ] Safepoint "ICBufferFull", Time since last: 71102 ns, Reaching safepoint: 86104 ns, At safepoint: 24400 ns, Total: 110504 ns
[17.688s][info ][safepoint      ] Safepoint "ICBufferFull", Time since last: 50502 ns, Reaching safepoint: 85904 ns, At safepoint: 21100 ns, Total: 107004 ns
[17.688s][info ][safepoint      ] Safepoint "ICBufferFull", Time since last: 193007 ns, Reaching safepoint: 92404 ns, At safepoint: 36701 ns, Total: 129105 ns
[17.688s][info ][safepoint      ] Safepoint "ICBufferFull", Time since last: 42302 ns, Reaching safepoint: 91203 ns, At safepoint: 22201 ns, Total: 113404 ns
[17.690s][info ][safepoint      ] Safepoint "ICBufferFull", Time since last: 1421953 ns, Reaching safepoint: 324812 ns, At safepoint: 20400 ns, Total: 345212 ns
[17.703s][info ][safepoint      ] Safepoint "ICBufferFull", Time since last: 12374658 ns, Reaching safepoint: 125105 ns, At safepoint: 20200 ns, Total: 145305 ns
[17.703s][info ][safepoint      ] Safepoint "ICBufferFull", Time since last: 130005 ns, Reaching safepoint: 100404 ns, At safepoint: 17301 ns, Total: 117705 ns
[17.703s][info ][safepoint      ] Safepoint "ICBufferFull", Time since last: 42201 ns, Reaching safepoint: 93104 ns, At safepoint: 19300 ns, Total: 112404 ns
[17.703s][info ][safepoint      ] Safepoint "ICBufferFull", Time since last: 40602 ns, Reaching safepoint: 93403 ns, At safepoint: 18501 ns, Total: 111904 ns
[17.703s][info ][safepoint      ] Safepoint "ICBufferFull", Time since last: 32801 ns, Reaching safepoint: 93804 ns, At safepoint: 32901 ns, Total: 126705 ns
[17.706s][info ][safepoint      ] Safepoint "ICBufferFull", Time since last: 1613860 ns, Reaching safepoint: 887832 ns, At safepoint: 26101 ns, Total: 913933 ns
[17.716s][info ][safepoint      ] Safepoint "ICBufferFull", Time since last: 9944068 ns, Reaching safepoint: 129105 ns, At safepoint: 29401 ns, Total: 158506 ns
[17.717s][info ][safepoint      ] Safepoint "ICBufferFull", Time since last: 855032 ns, Reaching safepoint: 448316 ns, At safepoint: 25801 ns, Total: 474117 ns
[17.719s][info ][safepoint      ] Safepoint "ICBufferFull", Time since last: 1358751 ns, Reaching safepoint: 105903 ns, At safepoint: 22801 ns, Total: 128704 ns
[17.719s][info ][safepoint      ] Safepoint "ICBufferFull", Time since last: 58402 ns, Reaching safepoint: 94504 ns, At safepoint: 22201 ns, Total: 116705 ns
[17.719s][info ][safepoint      ] Safepoint "ICBufferFull", Time since last: 27301 ns, Reaching safepoint: 94403 ns, At safepoint: 23901 ns, Total: 118304 ns
[17.720s][info ][safepoint      ] Safepoint "ICBufferFull", Time since last: 1179044 ns, Reaching safepoint: 102804 ns, At safepoint: 21500 ns, Total: 124304 ns
[17.721s][info ][safepoint      ] Safepoint "ICBufferFull", Time since last: 42202 ns, Reaching safepoint: 84903 ns, At safepoint: 26401 ns, Total: 111304 ns
[17.721s][info ][safepoint      ] Safepoint "ICBufferFull", Time since last: 30601 ns, Reaching safepoint: 85303 ns, At safepoint: 18001 ns, Total: 103304 ns
[17.722s][info ][safepoint      ] Safepoint "ICBufferFull", Time since last: 1505056 ns, Reaching safepoint: 95703 ns, At safepoint: 28701 ns, Total: 124404 ns
[17.725s][info ][safepoint      ] Safepoint "ICBufferFull", Time since last: 2314886 ns, Reaching safepoint: 111904 ns, At safepoint: 25201 ns, Total: 137105 ns
[17.725s][info ][safepoint      ] Safepoint "ICBufferFull", Time since last: 83403 ns, Reaching safepoint: 89303 ns, At safepoint: 20801 ns, Total: 110104 ns
[17.728s][info ][safepoint      ] Safepoint "ICBufferFull", Time since last: 2654398 ns, Reaching safepoint: 105904 ns, At safepoint: 21801 ns, Total: 127705 ns
[17.728s][info ][safepoint      ] Safepoint "ICBufferFull", Time since last: 485418 ns, Reaching safepoint: 93603 ns, At safepoint: 27301 ns, Total: 120904 ns
[17.734s][info ][safepoint      ] Safepoint "ICBufferFull", Time since last: 5256895 ns, Reaching safepoint: 117504 ns, At safepoint: 21501 ns, Total: 139005 ns
[17.734s][info ][safepoint      ] Safepoint "ICBufferFull", Time since last: 71203 ns, Reaching safepoint: 89903 ns, At safepoint: 23901 ns, Total: 113804 ns
[17.734s][info ][safepoint      ] Safepoint "ICBufferFull", Time since last: 79003 ns, Reaching safepoint: 86703 ns, At safepoint: 13601 ns, Total: 100304 ns
[17.734s][info ][safepoint      ] Safepoint "ICBufferFull", Time since last: 54402 ns, Reaching safepoint: 85403 ns, At safepoint: 26501 ns, Total: 111904 ns
[17.734s][info ][safepoint      ] Safepoint "ICBufferFull", Time since last: 52402 ns, Reaching safepoint: 86003 ns, At safepoint: 24301 ns, Total: 110304 ns
[17.735s][info ][safepoint      ] Safepoint "ICBufferFull", Time since last: 36801 ns, Reaching safepoint: 90803 ns, At safepoint: 23401 ns, Total: 114204 ns
[17.736s][info ][safepoint      ] Safepoint "ICBufferFull", Time since last: 1004537 ns, Reaching safepoint: 105704 ns, At safepoint: 24401 ns, Total: 130105 ns
[17.736s][info ][safepoint      ] Safepoint "ICBufferFull", Time since last: 51102 ns, Reaching safepoint: 101304 ns, At safepoint: 26301 ns, Total: 127605 ns
[17.738s][info ][safepoint      ] Safepoint "ICBufferFull", Time since last: 2350087 ns, Reaching safepoint: 107204 ns, At safepoint: 28301 ns, Total: 135505 ns
[17.739s][info ][safepoint      ] Safepoint "ICBufferFull", Time since last: 75003 ns, Reaching safepoint: 85203 ns, At safepoint: 24501 ns, Total: 109704 ns
[17.739s][info ][safepoint      ] Safepoint "ICBufferFull", Time since last: 61102 ns, Reaching safepoint: 87503 ns, At safepoint: 24901 ns, Total: 112404 ns
[17.739s][info ][safepoint      ] Safepoint "ICBufferFull", Time since last: 54002 ns, Reaching safepoint: 87103 ns, At safepoint: 29701 ns, Total: 116804 ns
[17.740s][info ][safepoint      ] Safepoint "ICBufferFull", Time since last: 1437854 ns, Reaching safepoint: 109204 ns, At safepoint: 21800 ns, Total: 131004 ns
[17.743s][info ][safepoint      ] Safepoint "ICBufferFull", Time since last: 1986574 ns, Reaching safepoint: 112704 ns, At safepoint: 23101 ns, Total: 135805 ns
[17.743s][info ][safepoint      ] Safepoint "ICBufferFull", Time since last: 106204 ns, Reaching safepoint: 109904 ns, At safepoint: 24601 ns, Total: 134505 ns
[17.743s][info ][safepoint      ] Safepoint "ICBufferFull", Time since last: 64702 ns, Reaching safepoint: 93204 ns, At safepoint: 23201 ns, Total: 116405 ns
[17.745s][info ][safepoint      ] Safepoint "ICBufferFull", Time since last: 1275647 ns, Reaching safepoint: 234108 ns, At safepoint: 14901 ns, Total: 249009 ns
[17.745s][info ][safepoint      ] Safepoint "ICBufferFull", Time since last: 55902 ns, Reaching safepoint: 89703 ns, At safepoint: 26001 ns, Total: 115704 ns
[17.746s][info ][safepoint      ] Safepoint "ICBufferFull", Time since last: 1507756 ns, Reaching safepoint: 78003 ns, At safepoint: 25101 ns, Total: 103104 ns
[17.748s][info ][safepoint      ] Safepoint "ICBufferFull", Time since last: 1879569 ns, Reaching safepoint: 118405 ns, At safepoint: 23401 ns, Total: 141806 ns
[17.748s][info ][safepoint      ] Safepoint "ICBufferFull", Time since last: 59102 ns, Reaching safepoint: 87003 ns, At safepoint: 24301 ns, Total: 111304 ns
[17.749s][info ][safepoint      ] Safepoint "ICBufferFull", Time since last: 47502 ns, Reaching safepoint: 51602 ns, At safepoint: 27001 ns, Total: 78603 ns
[17.749s][info ][safepoint      ] Safepoint "ICBufferFull", Time since last: 43601 ns, Reaching safepoint: 90204 ns, At safepoint: 24200 ns, Total: 114404 ns
[17.750s][info ][safepoint      ] Safepoint "ICBufferFull", Time since last: 1572659 ns, Reaching safepoint: 95303 ns, At safepoint: 23601 ns, Total: 118904 ns
[17.752s][info ][safepoint      ] Safepoint "ICBufferFull", Time since last: 1419753 ns, Reaching safepoint: 99103 ns, At safepoint: 27401 ns, Total: 126504 ns
[17.762s][info ][safepoint      ] Safepoint "ICBufferFull", Time since last: 4654672 ns, Reaching safepoint: 5315097 ns, At safepoint: 30301 ns, Total: 5345398 ns
[17.767s][info ][safepoint      ] Safepoint "ICBufferFull", Time since last: 4480366 ns, Reaching safepoint: 132605 ns, At safepoint: 29401 ns, Total: 162006 ns
[17.768s][info ][safepoint      ] Safepoint "ICBufferFull", Time since last: 1096740 ns, Reaching safepoint: 90304 ns, At safepoint: 21301 ns, Total: 111605 ns
[17.771s][info ][safepoint      ] Safepoint "ICBufferFull", Time since last: 3036112 ns, Reaching safepoint: 100104 ns, At safepoint: 20100 ns, Total: 120204 ns
[17.774s][info ][safepoint      ] Safepoint "ICBufferFull", Time since last: 3284122 ns, Reaching safepoint: 108804 ns, At safepoint: 21601 ns, Total: 130405 ns
[17.775s][info ][safepoint      ] Safepoint "ICBufferFull", Time since last: 94503 ns, Reaching safepoint: 97304 ns, At safepoint: 25201 ns, Total: 122505 ns
[17.775s][info ][safepoint      ] Safepoint "ICBufferFull", Time since last: 58002 ns, Reaching safepoint: 96303 ns, At safepoint: 26001 ns, Total: 122304 ns
[17.776s][info ][safepoint      ] Safepoint "ICBufferFull", Time since last: 1045739 ns, Reaching safepoint: 101404 ns, At safepoint: 24101 ns, Total: 125505 ns
[17.777s][info ][safepoint      ] Safepoint "ICBufferFull", Time since last: 1099740 ns, Reaching safepoint: 92604 ns, At safepoint: 25801 ns, Total: 118405 ns
[17.778s][info ][safepoint      ] Safepoint "ICBufferFull", Time since last: 1062639 ns, Reaching safepoint: 79703 ns, At safepoint: 25001 ns, Total: 104704 ns
[17.779s][info ][safepoint      ] Safepoint "ICBufferFull", Time since last: 59702 ns, Reaching safepoint: 89903 ns, At safepoint: 21801 ns, Total: 111704 ns
[17.780s][info ][safepoint      ] Safepoint "ICBufferFull", Time since last: 1653761 ns, Reaching safepoint: 103904 ns, At safepoint: 23701 ns, Total: 127605 ns
[17.785s][info ][safepoint      ] Safepoint "ICBufferFull", Time since last: 4804578 ns, Reaching safepoint: 131605 ns, At safepoint: 21900 ns, Total: 153505 ns
[17.789s][info ][gc,start       ] GC(15) Pause Young (Allocation Failure)
[17.850s][debug][gc,phases      ] GC(15) Scavenge 60.732ms
[17.850s][debug][gc,ref         ] GC(15) Skipped phase 1 of Reference Processing: no references
[17.850s][debug][gc,ref         ] GC(15) ReferenceProcessor::execute queues: 1, RefProcThreadModel::Single, marks_oops_alive: false
[17.850s][debug][gc,ref         ] GC(15) Skipped phase 3 of Reference Processing: no references
[17.850s][debug][gc,ref         ] GC(15) ReferenceProcessor::execute queues: 1, RefProcThreadModel::Single, marks_oops_alive: false
[17.850s][debug][gc,phases      ] GC(15) Reference Processing 0.120ms
[17.850s][debug][gc,phases      ] GC(15)   VM Weak                        Min:  0.0, Avg:  0.0, Max:  0.0, Diff:  0.0, Sum:  0.0, Workers: 4
[17.850s][debug][gc,phases      ] GC(15)     Dead                           Min: 0, Avg:  0.0, Max: 0, Diff: 0, Sum: 0, Workers: 4
[17.850s][debug][gc,phases      ] GC(15)     Total                          Min: 0, Avg: 156.5, Max: 448, Diff: 448, Sum: 626, Workers: 4
[17.850s][debug][gc,phases      ] GC(15)   ObjectSynchronizer Weak        Min:  0.0, Avg:  0.0, Max:  0.0, Diff:  0.0, Sum:  0.0, Workers: 4
[17.850s][debug][gc,phases      ] GC(15)     Dead                           Min: 0, Avg:  0.0, Max: 0, Diff: 0, Sum: 0, Workers: 4
[17.850s][debug][gc,phases      ] GC(15)     Total                          Min: 0, Avg: 76.8, Max: 128, Diff: 128, Sum: 307, Workers: 4
[17.850s][debug][gc,phases      ] GC(15)   JVMTI Tag Weak OopStorage      Min:  0.0, Avg:  0.0, Max:  0.0, Diff:  0.0, Sum:  0.0, Workers: 4
[17.850s][debug][gc,phases      ] GC(15)     Dead                           Min: 0, Avg:  0.0, Max: 0, Diff: 0, Sum: 0, Workers: 4
[17.850s][debug][gc,phases      ] GC(15)     Total                          Min: 0, Avg:  0.0, Max: 0, Diff: 0, Sum: 0, Workers: 4
[17.850s][debug][gc,phases      ] GC(15)   StringTable Weak               Min:  0.1, Avg:  0.1, Max:  0.1, Diff:  0.0, Sum:  0.4, Workers: 4
[17.850s][debug][gc,phases      ] GC(15)     Dead                           Min: 0, Avg:  2.8, Max: 11, Diff: 11, Sum: 11, Workers: 4
[17.850s][debug][gc,phases      ] GC(15)     Total                          Min: 10240, Avg: 10986.2, Max: 11584, Diff: 1344, Sum: 43945, Workers: 4
[17.850s][debug][gc,phases      ] GC(15)   ResolvedMethodTable Weak       Min:  0.0, Avg:  0.0, Max:  0.0, Diff:  0.0, Sum:  0.1, Workers: 4
[17.850s][debug][gc,phases      ] GC(15)     Dead                           Min: 0, Avg:  0.0, Max: 0, Diff: 0, Sum: 0, Workers: 4
[17.850s][debug][gc,phases      ] GC(15)     Total                          Min: 1600, Avg: 1826.0, Max: 2056, Diff: 456, Sum: 7304, Workers: 4
[17.850s][debug][gc,phases      ] GC(15)   JNI Weak                       Min:  0.0, Avg:  0.0, Max:  0.0, Diff:  0.0, Sum:  0.0, Workers: 4
[17.850s][debug][gc,phases      ] GC(15)     Dead                           Min: 0, Avg:  0.0, Max: 0, Diff: 0, Sum: 0, Workers: 4
[17.850s][debug][gc,phases      ] GC(15)     Total                          Min: 0, Avg:  2.0, Max: 8, Diff: 8, Sum: 8, Workers: 4
[17.850s][debug][gc,phases      ] GC(15)   StringDedup Table Weak         Min:  0.0, Avg:  0.0, Max:  0.0, Diff:  0.0, Sum:  0.0, Workers: 4
[17.850s][debug][gc,phases      ] GC(15)     Dead                           Min: 0, Avg:  0.0, Max: 0, Diff: 0, Sum: 0, Workers: 4
[17.850s][debug][gc,phases      ] GC(15)     Total                          Min: 0, Avg:  0.0, Max: 0, Diff: 0, Sum: 0, Workers: 4
[17.850s][debug][gc,phases      ] GC(15)   StringDedup Requests0 Weak     Min:  0.0, Avg:  0.0, Max:  0.0, Diff:  0.0, Sum:  0.0, Workers: 4
[17.850s][debug][gc,phases      ] GC(15)     Dead                           Min: 0, Avg:  0.0, Max: 0, Diff: 0, Sum: 0, Workers: 4
[17.850s][debug][gc,phases      ] GC(15)     Total                          Min: 0, Avg:  0.0, Max: 0, Diff: 0, Sum: 0, Workers: 4
[17.850s][debug][gc,phases      ] GC(15)   StringDedup Requests1 Weak     Min:  0.0, Avg:  0.0, Max:  0.0, Diff:  0.0, Sum:  0.0, Workers: 4
[17.850s][debug][gc,phases      ] GC(15)     Dead                           Min: 0, Avg:  0.0, Max: 0, Diff: 0, Sum: 0, Workers: 4
[17.850s][debug][gc,phases      ] GC(15)     Total                          Min: 0, Avg:  0.0, Max: 0, Diff: 0, Sum: 0, Workers: 4
[17.850s][debug][gc,phases      ] GC(15)   Weak JFR Old Object Samples    Min:  0.0, Avg:  0.0, Max:  0.0, Diff:  0.0, Sum:  0.0, Workers: 4
[17.850s][debug][gc,phases      ] GC(15)     Dead                           Min: 0, Avg:  0.0, Max: 0, Diff: 0, Sum: 0, Workers: 4
[17.850s][debug][gc,phases      ] GC(15)     Total                          Min: 0, Avg:  0.0, Max: 0, Diff: 0, Sum: 0, Workers: 4
[17.850s][debug][gc,phases      ] GC(15) Weak Processing 0.316ms
[17.850s][debug][gc,age         ] GC(15) Desired survivor size 536870912 bytes, new threshold 2 (max threshold 15)
[17.850s][info ][gc,heap        ] GC(15) PSYoungGen: 1057802K(1572864K)->6485K(1572864K) Eden: 1048345K(1048576K)->0K(1048576K) From: 9456K(524288K)->6485K(524288K)
[17.850s][info ][gc,heap        ] GC(15) ParOldGen: 637136K(929280K)->642600K(929280K)
[17.850s][info ][gc,metaspace   ] GC(15) Metaspace: 69952K(70720K)->69952K(70720K) NonClass: 59667K(60096K)->59667K(60096K) Class: 10284K(10624K)->10284K(10624K)
[17.850s][info ][gc             ] GC(15) Pause Young (Allocation Failure) 1655M->633M(2443M) 61.321ms
[17.850s][info ][gc,cpu         ] GC(15) User=0.24s Sys=0.00s Real=0.06s
[17.850s][info ][safepoint      ] Safepoint "ParallelGCFailedAllocation", Time since last: 1614960 ns, Reaching safepoint: 2119679 ns, At safepoint: 61435972 ns, Total: 63555651 ns
[17.853s][info ][safepoint      ] Safepoint "ICBufferFull", Time since last: 2763202 ns, Reaching safepoint: 190607 ns, At safepoint: 26501 ns, Total: 217108 ns
[17.856s][info ][safepoint      ] Safepoint "ICBufferFull", Time since last: 2737402 ns, Reaching safepoint: 120404 ns, At safepoint: 24501 ns, Total: 144905 ns
[17.859s][info ][safepoint      ] Safepoint "ICBufferFull", Time since last: 70603 ns, Reaching safepoint: 2140579 ns, At safepoint: 23701 ns, Total: 2164280 ns
[17.860s][info ][safepoint      ] Safepoint "ICBufferFull", Time since last: 1606359 ns, Reaching safepoint: 109104 ns, At safepoint: 19701 ns, Total: 128805 ns
[17.861s][info ][safepoint      ] Safepoint "ICBufferFull", Time since last: 423816 ns, Reaching safepoint: 91503 ns, At safepoint: 19901 ns, Total: 111404 ns
[17.861s][info ][safepoint      ] Safepoint "ICBufferFull", Time since last: 29301 ns, Reaching safepoint: 108404 ns, At safepoint: 20501 ns, Total: 128905 ns
[17.871s][info ][safepoint      ] Safepoint "ICBufferFull", Time since last: 9608055 ns, Reaching safepoint: 69302 ns, At safepoint: 15401 ns, Total: 84703 ns
[17.871s][info ][safepoint      ] Safepoint "ICBufferFull", Time since last: 100804 ns, Reaching safepoint: 89503 ns, At safepoint: 22101 ns, Total: 111604 ns
[17.871s][info ][safepoint      ] Safepoint "ICBufferFull", Time since last: 61402 ns, Reaching safepoint: 88603 ns, At safepoint: 24601 ns, Total: 113204 ns
[17.871s][info ][safepoint      ] Safepoint "ICBufferFull", Time since last: 85904 ns, Reaching safepoint: 92703 ns, At safepoint: 19101 ns, Total: 111804 ns
[17.871s][info ][safepoint      ] Safepoint "ICBufferFull", Time since last: 72102 ns, Reaching safepoint: 89604 ns, At safepoint: 20500 ns, Total: 110104 ns
[17.872s][info ][safepoint      ] Safepoint "ICBufferFull", Time since last: 47902 ns, Reaching safepoint: 106004 ns, At safepoint: 24101 ns, Total: 130105 ns
[17.873s][info ][safepoint      ] Safepoint "ICBufferFull", Time since last: 1415952 ns, Reaching safepoint: 107904 ns, At safepoint: 18501 ns, Total: 126405 ns
[17.875s][info ][safepoint      ] Safepoint "ICBufferFull", Time since last: 1574058 ns, Reaching safepoint: 105904 ns, At safepoint: 18801 ns, Total: 124705 ns
[17.875s][info ][safepoint      ] Safepoint "ICBufferFull", Time since last: 133805 ns, Reaching safepoint: 89703 ns, At safepoint: 9901 ns, Total: 99604 ns
[17.875s][info ][safepoint      ] Safepoint "ICBufferFull", Time since last: 79702 ns, Reaching safepoint: 89204 ns, At safepoint: 23101 ns, Total: 112305 ns
[17.875s][info ][safepoint      ] Safepoint "ICBufferFull", Time since last: 58102 ns, Reaching safepoint: 90103 ns, At safepoint: 23501 ns, Total: 113604 ns
[17.876s][info ][safepoint      ] Safepoint "ICBufferFull", Time since last: 50202 ns, Reaching safepoint: 103804 ns, At safepoint: 24401 ns, Total: 128205 ns
[17.876s][info ][safepoint      ] Safepoint "ICBufferFull", Time since last: 56802 ns, Reaching safepoint: 94003 ns, At safepoint: 23101 ns, Total: 117104 ns
[17.880s][info ][safepoint      ] Safepoint "ICBufferFull", Time since last: 4395763 ns, Reaching safepoint: 105204 ns, At safepoint: 19000 ns, Total: 124204 ns
[17.881s][info ][safepoint      ] Safepoint "ICBufferFull", Time since last: 88203 ns, Reaching safepoint: 92204 ns, At safepoint: 25501 ns, Total: 117705 ns
[17.881s][info ][safepoint      ] Safepoint "ICBufferFull", Time since last: 54102 ns, Reaching safepoint: 93003 ns, At safepoint: 21401 ns, Total: 114404 ns
[17.881s][info ][safepoint      ] Safepoint "ICBufferFull", Time since last: 495618 ns, Reaching safepoint: 92104 ns, At safepoint: 26301 ns, Total: 118405 ns
[17.883s][info ][safepoint      ] Safepoint "ICBufferFull", Time since last: 1913271 ns, Reaching safepoint: 112004 ns, At safepoint: 20200 ns, Total: 132204 ns
[17.886s][info ][safepoint      ] Safepoint "ICBufferFull", Time since last: 2150680 ns, Reaching safepoint: 106804 ns, At safepoint: 25701 ns, Total: 132505 ns
[17.888s][info ][safepoint      ] Safepoint "ICBufferFull", Time since last: 2539594 ns, Reaching safepoint: 107704 ns, At safepoint: 21101 ns, Total: 128805 ns
[17.889s][info ][safepoint      ] Safepoint "ICBufferFull", Time since last: 98203 ns, Reaching safepoint: 89004 ns, At safepoint: 20300 ns, Total: 109304 ns
[17.889s][info ][safepoint      ] Safepoint "ICBufferFull", Time since last: 80903 ns, Reaching safepoint: 87704 ns, At safepoint: 20900 ns, Total: 108604 ns
[17.889s][info ][safepoint      ] Safepoint "ICBufferFull", Time since last: 68603 ns, Reaching safepoint: 88703 ns, At safepoint: 24001 ns, Total: 112704 ns
[17.889s][info ][safepoint      ] Safepoint "ICBufferFull", Time since last: 199207 ns, Reaching safepoint: 88804 ns, At safepoint: 24601 ns, Total: 113405 ns
[17.895s][info ][safepoint      ] Safepoint "ICBufferFull", Time since last: 4960083 ns, Reaching safepoint: 323612 ns, At safepoint: 30401 ns, Total: 354013 ns
[17.896s][info ][safepoint      ] Safepoint "ICBufferFull", Time since last: 1260847 ns, Reaching safepoint: 95203 ns, At safepoint: 28001 ns, Total: 123204 ns
[17.896s][info ][safepoint      ] Safepoint "ICBufferFull", Time since last: 46102 ns, Reaching safepoint: 89003 ns, At safepoint: 25601 ns, Total: 114604 ns
[17.898s][info ][safepoint      ] Safepoint "ICBufferFull", Time since last: 1781766 ns, Reaching safepoint: 117205 ns, At safepoint: 21400 ns, Total: 138605 ns
[17.900s][info ][safepoint      ] Safepoint "ICBufferFull", Time since last: 1717264 ns, Reaching safepoint: 112804 ns, At safepoint: 25001 ns, Total: 137805 ns
[17.911s][info ][safepoint      ] Safepoint "ICBufferFull", Time since last: 4718274 ns, Reaching safepoint: 6399737 ns, At safepoint: 36702 ns, Total: 6436439 ns
[17.912s][info ][safepoint      ] Safepoint "ICBufferFull", Time since last: 1181543 ns, Reaching safepoint: 110404 ns, At safepoint: 24101 ns, Total: 134505 ns
[17.924s][info ][safepoint      ] Safepoint "ICBufferFull", Time since last: 11868639 ns, Reaching safepoint: 155406 ns, At safepoint: 26801 ns, Total: 182207 ns
[17.925s][info ][safepoint      ] Safepoint "ICBufferFull", Time since last: 156406 ns, Reaching safepoint: 89003 ns, At safepoint: 24401 ns, Total: 113404 ns
[17.926s][info ][safepoint      ] Safepoint "ICBufferFull", Time since last: 878632 ns, Reaching safepoint: 107504 ns, At safepoint: 24001 ns, Total: 131505 ns
[17.928s][info ][safepoint      ] Safepoint "ICBufferFull", Time since last: 1879870 ns, Reaching safepoint: 122004 ns, At safepoint: 34102 ns, Total: 156106 ns
[17.928s][info ][safepoint      ] Safepoint "ICBufferFull", Time since last: 46801 ns, Reaching safepoint: 96504 ns, At safepoint: 20501 ns, Total: 117005 ns
[17.928s][info ][safepoint      ] Safepoint "ICBufferFull", Time since last: 48701 ns, Reaching safepoint: 84404 ns, At safepoint: 19500 ns, Total: 103904 ns
[17.930s][info ][safepoint      ] Safepoint "ICBufferFull", Time since last: 2292485 ns, Reaching safepoint: 99904 ns, At safepoint: 23601 ns, Total: 123505 ns
[17.936s][info ][safepoint      ] Safepoint "ICBufferFull", Time since last: 5778913 ns, Reaching safepoint: 75803 ns, At safepoint: 16401 ns, Total: 92204 ns
[17.940s][info ][safepoint      ] Safepoint "ICBufferFull", Time since last: 3924145 ns, Reaching safepoint: 115904 ns, At safepoint: 29701 ns, Total: 145605 ns
[17.941s][info ][safepoint      ] Safepoint "ICBufferFull", Time since last: 204608 ns, Reaching safepoint: 88203 ns, At safepoint: 26001 ns, Total: 114204 ns
[17.941s][info ][safepoint      ] Safepoint "ICBufferFull", Time since last: 48102 ns, Reaching safepoint: 91903 ns, At safepoint: 28901 ns, Total: 120804 ns
[17.944s][info ][safepoint      ] Safepoint "ICBufferFull", Time since last: 3326724 ns, Reaching safepoint: 96503 ns, At safepoint: 10400 ns, Total: 106903 ns
[17.944s][info ][safepoint      ] Safepoint "ICBufferFull", Time since last: 88004 ns, Reaching safepoint: 91503 ns, At safepoint: 18501 ns, Total: 110004 ns
[17.945s][info ][safepoint      ] Safepoint "ICBufferFull", Time since last: 56102 ns, Reaching safepoint: 90103 ns, At safepoint: 18501 ns, Total: 108604 ns
[17.945s][info ][safepoint      ] Safepoint "ICBufferFull", Time since last: 53402 ns, Reaching safepoint: 89103 ns, At safepoint: 23501 ns, Total: 112604 ns
[17.945s][info ][safepoint      ] Safepoint "ICBufferFull", Time since last: 36801 ns, Reaching safepoint: 81803 ns, At safepoint: 22201 ns, Total: 104004 ns
[17.945s][info ][safepoint      ] Safepoint "ICBufferFull", Time since last: 53102 ns, Reaching safepoint: 85603 ns, At safepoint: 24401 ns, Total: 110004 ns
[17.947s][info ][safepoint      ] Safepoint "ICBufferFull", Time since last: 1500856 ns, Reaching safepoint: 105804 ns, At safepoint: 24801 ns, Total: 130605 ns
[17.949s][info ][safepoint      ] Safepoint "ICBufferFull", Time since last: 2375988 ns, Reaching safepoint: 114904 ns, At safepoint: 20501 ns, Total: 135405 ns
[17.949s][info ][safepoint      ] Safepoint "ICBufferFull", Time since last: 92303 ns, Reaching safepoint: 85803 ns, At safepoint: 22201 ns, Total: 108004 ns
[17.950s][info ][safepoint      ] Safepoint "ICBufferFull", Time since last: 201807 ns, Reaching safepoint: 64903 ns, At safepoint: 25801 ns, Total: 90704 ns
[17.950s][info ][safepoint      ] Safepoint "ICBufferFull", Time since last: 36401 ns, Reaching safepoint: 84303 ns, At safepoint: 18501 ns, Total: 102804 ns
[17.952s][info ][safepoint      ] Safepoint "ICBufferFull", Time since last: 1890770 ns, Reaching safepoint: 119504 ns, At safepoint: 21601 ns, Total: 141105 ns
[17.953s][info ][safepoint      ] Safepoint "ICBufferFull", Time since last: 466017 ns, Reaching safepoint: 101804 ns, At safepoint: 21001 ns, Total: 122805 ns
[17.968s][info ][safepoint      ] Safepoint "ICBufferFull", Time since last: 15695980 ns, Reaching safepoint: 122705 ns, At safepoint: 18201 ns, Total: 140906 ns
[17.969s][info ][safepoint      ] Safepoint "ICBufferFull", Time since last: 98403 ns, Reaching safepoint: 87004 ns, At safepoint: 23700 ns, Total: 110704 ns
[17.976s][info ][safepoint      ] Safepoint "ICBufferFull", Time since last: 7023760 ns, Reaching safepoint: 111804 ns, At safepoint: 27801 ns, Total: 139605 ns
[17.976s][info ][safepoint      ] Safepoint "ICBufferFull", Time since last: 84203 ns, Reaching safepoint: 87604 ns, At safepoint: 24401 ns, Total: 112005 ns
[17.976s][info ][safepoint      ] Safepoint "ICBufferFull", Time since last: 59402 ns, Reaching safepoint: 90703 ns, At safepoint: 27801 ns, Total: 118504 ns
[17.988s][info ][safepoint      ] Safepoint "ICBufferFull", Time since last: 12071947 ns, Reaching safepoint: 122804 ns, At safepoint: 10501 ns, Total: 133305 ns
[17.989s][info ][safepoint      ] Safepoint "ICBufferFull", Time since last: 89903 ns, Reaching safepoint: 90803 ns, At safepoint: 28401 ns, Total: 119204 ns
[17.989s][info ][safepoint      ] Safepoint "ICBufferFull", Time since last: 51302 ns, Reaching safepoint: 86904 ns, At safepoint: 22500 ns, Total: 109404 ns
[17.991s][info ][safepoint      ] Safepoint "ICBufferFull", Time since last: 2146480 ns, Reaching safepoint: 95903 ns, At safepoint: 28101 ns, Total: 124004 ns
[17.992s][info ][safepoint      ] Safepoint "ICBufferFull", Time since last: 1243946 ns, Reaching safepoint: 92004 ns, At safepoint: 25901 ns, Total: 117905 ns
[17.992s][info ][safepoint      ] Safepoint "ICBufferFull", Time since last: 40801 ns, Reaching safepoint: 88203 ns, At safepoint: 26201 ns, Total: 114404 ns
[17.993s][info ][safepoint      ] Safepoint "ICBufferFull", Time since last: 34302 ns, Reaching safepoint: 87603 ns, At safepoint: 25001 ns, Total: 112604 ns
[17.998s][info ][safepoint      ] Safepoint "ICBufferFull", Time since last: 5764813 ns, Reaching safepoint: 108904 ns, At safepoint: 24201 ns, Total: 133105 ns
[17.999s][info ][safepoint      ] Safepoint "ICBufferFull", Time since last: 179307 ns, Reaching safepoint: 90303 ns, At safepoint: 25401 ns, Total: 115704 ns
[17.999s][info ][safepoint      ] Safepoint "ICBufferFull", Time since last: 161306 ns, Reaching safepoint: 88203 ns, At safepoint: 21701 ns, Total: 109904 ns
[18.013s][info ][safepoint      ] Safepoint "ICBufferFull", Time since last: 7548779 ns, Reaching safepoint: 6413337 ns, At safepoint: 45302 ns, Total: 6458639 ns
[18.013s][info ][safepoint      ] Safepoint "ICBufferFull", Time since last: 95904 ns, Reaching safepoint: 95503 ns, At safepoint: 26101 ns, Total: 121604 ns
[18.020s][info ][safepoint      ] Safepoint "ICBufferFull", Time since last: 6398437 ns, Reaching safepoint: 122104 ns, At safepoint: 26301 ns, Total: 148405 ns
[18.021s][info ][safepoint      ] Safepoint "ICBufferFull", Time since last: 902634 ns, Reaching safepoint: 105004 ns, At safepoint: 25401 ns, Total: 130405 ns
[18.023s][info ][safepoint      ] Safepoint "ICBufferFull", Time since last: 1976973 ns, Reaching safepoint: 103404 ns, At safepoint: 26500 ns, Total: 129904 ns
[18.024s][info ][safepoint      ] Safepoint "ICBufferFull", Time since last: 1349750 ns, Reaching safepoint: 103904 ns, At safepoint: 24701 ns, Total: 128605 ns
[18.026s][info ][safepoint      ] Safepoint "ICBufferFull", Time since last: 1636261 ns, Reaching safepoint: 114904 ns, At safepoint: 20701 ns, Total: 135605 ns
[18.029s][info ][safepoint      ] Safepoint "ICBufferFull", Time since last: 3038312 ns, Reaching safepoint: 123705 ns, At safepoint: 22201 ns, Total: 145906 ns
[18.035s][info ][safepoint      ] Safepoint "ICBufferFull", Time since last: 5634608 ns, Reaching safepoint: 132305 ns, At safepoint: 24201 ns, Total: 156506 ns
[18.038s][info ][safepoint      ] Safepoint "ICBufferFull", Time since last: 2198081 ns, Reaching safepoint: 112104 ns, At safepoint: 21301 ns, Total: 133405 ns
[18.039s][info ][safepoint      ] Safepoint "ICBufferFull", Time since last: 1041538 ns, Reaching safepoint: 113705 ns, At safepoint: 24501 ns, Total: 138206 ns
[18.040s][info ][safepoint      ] Safepoint "ICBufferFull", Time since last: 1146042 ns, Reaching safepoint: 102504 ns, At safepoint: 27601 ns, Total: 130105 ns
[18.040s][info ][safepoint      ] Safepoint "ICBufferFull", Time since last: 58802 ns, Reaching safepoint: 97804 ns, At safepoint: 27201 ns, Total: 125005 ns
[18.044s][info ][safepoint      ] Safepoint "ICBufferFull", Time since last: 4026349 ns, Reaching safepoint: 100503 ns, At safepoint: 27701 ns, Total: 128204 ns
[18.045s][info ][safepoint      ] Safepoint "ICBufferFull", Time since last: 112804 ns, Reaching safepoint: 91104 ns, At safepoint: 26301 ns, Total: 117405 ns
[18.046s][info ][safepoint      ] Safepoint "ICBufferFull", Time since last: 1188244 ns, Reaching safepoint: 94203 ns, At safepoint: 21301 ns, Total: 115504 ns
[18.046s][info ][safepoint      ] Safepoint "ICBufferFull", Time since last: 81003 ns, Reaching safepoint: 90103 ns, At safepoint: 20401 ns, Total: 110504 ns
[18.046s][info ][safepoint      ] Safepoint "ICBufferFull", Time since last: 38802 ns, Reaching safepoint: 93003 ns, At safepoint: 22401 ns, Total: 115404 ns
[18.048s][info ][safepoint      ] Safepoint "ICBufferFull", Time since last: 1366950 ns, Reaching safepoint: 97504 ns, At safepoint: 22401 ns, Total: 119905 ns
[18.048s][info ][safepoint      ] Safepoint "ICBufferFull", Time since last: 128905 ns, Reaching safepoint: 91603 ns, At safepoint: 25001 ns, Total: 116604 ns
[18.050s][info ][safepoint      ] Safepoint "ICBufferFull", Time since last: 1530357 ns, Reaching safepoint: 92503 ns, At safepoint: 24001 ns, Total: 116504 ns
[18.052s][info ][safepoint      ] Safepoint "ICBufferFull", Time since last: 2589396 ns, Reaching safepoint: 47101 ns, At safepoint: 25001 ns, Total: 72102 ns
[18.061s][info ][safepoint      ] Safepoint "ICBufferFull", Time since last: 8329908 ns, Reaching safepoint: 111205 ns, At safepoint: 9700 ns, Total: 120905 ns
[18.061s][info ][safepoint      ] Safepoint "ICBufferFull", Time since last: 84303 ns, Reaching safepoint: 89703 ns, At safepoint: 19101 ns, Total: 108804 ns
[18.066s][info ][safepoint      ] Safepoint "ICBufferFull", Time since last: 5194792 ns, Reaching safepoint: 102804 ns, At safepoint: 25201 ns, Total: 128005 ns
[18.066s][info ][safepoint      ] Safepoint "ICBufferFull", Time since last: 83103 ns, Reaching safepoint: 90903 ns, At safepoint: 18201 ns, Total: 109104 ns
[18.067s][info ][safepoint      ] Safepoint "ICBufferFull", Time since last: 516019 ns, Reaching safepoint: 99204 ns, At safepoint: 29001 ns, Total: 128205 ns
[18.067s][info ][safepoint      ] Safepoint "ICBufferFull", Time since last: 41001 ns, Reaching safepoint: 94404 ns, At safepoint: 26501 ns, Total: 120905 ns
[18.069s][info ][safepoint      ] Safepoint "ICBufferFull", Time since last: 1268247 ns, Reaching safepoint: 95603 ns, At safepoint: 21301 ns, Total: 116904 ns
[18.070s][info ][safepoint      ] Safepoint "ICBufferFull", Time since last: 1387351 ns, Reaching safepoint: 106404 ns, At safepoint: 22301 ns, Total: 128705 ns
[18.070s][info ][safepoint      ] Safepoint "ICBufferFull", Time since last: 59802 ns, Reaching safepoint: 92104 ns, At safepoint: 30901 ns, Total: 123005 ns
[18.071s][info ][safepoint      ] Safepoint "ICBufferFull", Time since last: 64202 ns, Reaching safepoint: 95504 ns, At safepoint: 80103 ns, Total: 175607 ns
[18.074s][info ][safepoint      ] Safepoint "ICBufferFull", Time since last: 3784440 ns, Reaching safepoint: 113804 ns, At safepoint: 23601 ns, Total: 137405 ns
[18.075s][info ][safepoint      ] Safepoint "ICBufferFull", Time since last: 157806 ns, Reaching safepoint: 87803 ns, At safepoint: 20601 ns, Total: 108404 ns
[18.083s][info ][safepoint      ] Safepoint "ICBufferFull", Time since last: 6198929 ns, Reaching safepoint: 2124879 ns, At safepoint: 30201 ns, Total: 2155080 ns
[18.085s][info ][safepoint      ] Safepoint "ICBufferFull", Time since last: 1790566 ns, Reaching safepoint: 120704 ns, At safepoint: 48202 ns, Total: 168906 ns
[18.088s][info ][safepoint      ] Safepoint "ICBufferFull", Time since last: 3195118 ns, Reaching safepoint: 121905 ns, At safepoint: 25101 ns, Total: 147006 ns
[18.091s][info ][safepoint      ] Safepoint "ICBufferFull", Time since last: 2365887 ns, Reaching safepoint: 107504 ns, At safepoint: 41102 ns, Total: 148606 ns
[18.093s][info ][safepoint      ] Safepoint "ICBufferFull", Time since last: 1538357 ns, Reaching safepoint: 100303 ns, At safepoint: 21801 ns, Total: 122104 ns
[18.100s][info ][safepoint      ] Safepoint "ICBufferFull", Time since last: 7625682 ns, Reaching safepoint: 122205 ns, At safepoint: 25401 ns, Total: 147606 ns
[18.100s][info ][safepoint      ] Safepoint "ICBufferFull", Time since last: 59102 ns, Reaching safepoint: 90103 ns, At safepoint: 20901 ns, Total: 111004 ns
[18.106s][info ][safepoint      ] Safepoint "ICBufferFull", Time since last: 5368499 ns, Reaching safepoint: 123704 ns, At safepoint: 20401 ns, Total: 144105 ns
[18.110s][info ][safepoint      ] Safepoint "ICBufferFull", Time since last: 4167154 ns, Reaching safepoint: 136405 ns, At safepoint: 25001 ns, Total: 161406 ns
[18.112s][info ][safepoint      ] Safepoint "ICBufferFull", Time since last: 1678662 ns, Reaching safepoint: 131905 ns, At safepoint: 22801 ns, Total: 154706 ns
[18.112s][info ][safepoint      ] Safepoint "ICBufferFull", Time since last: 51302 ns, Reaching safepoint: 90903 ns, At safepoint: 15201 ns, Total: 106104 ns
[18.114s][info ][safepoint      ] Safepoint "ICBufferFull", Time since last: 1845568 ns, Reaching safepoint: 128705 ns, At safepoint: 27001 ns, Total: 155706 ns
[18.117s][info ][safepoint      ] Safepoint "ICBufferFull", Time since last: 2099577 ns, Reaching safepoint: 104704 ns, At safepoint: 21801 ns, Total: 126505 ns
[18.117s][info ][safepoint      ] Safepoint "ICBufferFull", Time since last: 620123 ns, Reaching safepoint: 89503 ns, At safepoint: 30501 ns, Total: 120004 ns
[18.118s][info ][safepoint      ] Safepoint "ICBufferFull", Time since last: 317612 ns, Reaching safepoint: 250910 ns, At safepoint: 22300 ns, Total: 273210 ns
[18.119s][info ][safepoint      ] Safepoint "ICBufferFull", Time since last: 1178544 ns, Reaching safepoint: 102904 ns, At safepoint: 16800 ns, Total: 119704 ns
[18.119s][info ][safepoint      ] Safepoint "ICBufferFull", Time since last: 43002 ns, Reaching safepoint: 95403 ns, At safepoint: 23901 ns, Total: 119304 ns
[18.120s][info ][safepoint      ] Safepoint "ICBufferFull", Time since last: 35702 ns, Reaching safepoint: 91303 ns, At safepoint: 26901 ns, Total: 118204 ns
[18.121s][info ][safepoint      ] Safepoint "ICBufferFull", Time since last: 1027338 ns, Reaching safepoint: 94204 ns, At safepoint: 24600 ns, Total: 118804 ns
[18.122s][info ][safepoint      ] Safepoint "ICBufferFull", Time since last: 788930 ns, Reaching safepoint: 95003 ns, At safepoint: 18201 ns, Total: 113204 ns
[18.124s][info ][safepoint      ] Safepoint "ICBufferFull", Time since last: 2656898 ns, Reaching safepoint: 101504 ns, At safepoint: 20101 ns, Total: 121605 ns
[18.125s][info ][safepoint      ] Safepoint "ICBufferFull", Time since last: 108504 ns, Reaching safepoint: 87503 ns, At safepoint: 22501 ns, Total: 110004 ns
[18.128s][info ][safepoint      ] Safepoint "ICBufferFull", Time since last: 3663635 ns, Reaching safepoint: 111504 ns, At safepoint: 15201 ns, Total: 126705 ns
[18.129s][info ][safepoint      ] Safepoint "ICBufferFull", Time since last: 67602 ns, Reaching safepoint: 90504 ns, At safepoint: 18500 ns, Total: 109004 ns
[18.131s][info ][safepoint      ] Safepoint "ICBufferFull", Time since last: 1903771 ns, Reaching safepoint: 72803 ns, At safepoint: 21500 ns, Total: 94303 ns
[18.134s][info ][safepoint      ] Safepoint "ICBufferFull", Time since last: 3727138 ns, Reaching safepoint: 128905 ns, At safepoint: 27001 ns, Total: 155906 ns
[18.137s][info ][safepoint      ] Safepoint "ICBufferFull", Time since last: 2149779 ns, Reaching safepoint: 119205 ns, At safepoint: 22101 ns, Total: 141306 ns
[18.146s][info ][gc,start       ] GC(16) Pause Young (Allocation Failure)
[18.154s][debug][gc,phases      ] GC(16) Scavenge 8.581ms
[18.154s][debug][gc,ref         ] GC(16) Skipped phase 1 of Reference Processing: no references
[18.154s][debug][gc,ref         ] GC(16) Skipped phase 2 of Reference Processing: no references
[18.154s][debug][gc,ref         ] GC(16) Skipped phase 3 of Reference Processing: no references
[18.154s][debug][gc,ref         ] GC(16) Skipped phase 4 of Reference Processing: no references
[18.154s][debug][gc,phases      ] GC(16) Reference Processing 0.036ms
[18.155s][debug][gc,phases      ] GC(16)   VM Weak                        Min:  0.0, Avg:  0.0, Max:  0.0, Diff:  0.0, Sum:  0.0, Workers: 4
[18.155s][debug][gc,phases      ] GC(16)     Dead                           Min: 0, Avg:  0.0, Max: 0, Diff: 0, Sum: 0, Workers: 4
[18.155s][debug][gc,phases      ] GC(16)     Total                          Min: 0, Avg: 156.5, Max: 448, Diff: 448, Sum: 626, Workers: 4
[18.155s][debug][gc,phases      ] GC(16)   ObjectSynchronizer Weak        Min:  0.0, Avg:  0.0, Max:  0.0, Diff:  0.0, Sum:  0.0, Workers: 4
[18.155s][debug][gc,phases      ] GC(16)     Dead                           Min: 0, Avg:  0.0, Max: 0, Diff: 0, Sum: 0, Workers: 4
[18.155s][debug][gc,phases      ] GC(16)     Total                          Min: 0, Avg: 76.8, Max: 192, Diff: 192, Sum: 307, Workers: 4
[18.155s][debug][gc,phases      ] GC(16)   JVMTI Tag Weak OopStorage      Min:  0.0, Avg:  0.0, Max:  0.0, Diff:  0.0, Sum:  0.0, Workers: 4
[18.155s][debug][gc,phases      ] GC(16)     Dead                           Min: 0, Avg:  0.0, Max: 0, Diff: 0, Sum: 0, Workers: 4
[18.155s][debug][gc,phases      ] GC(16)     Total                          Min: 0, Avg:  0.0, Max: 0, Diff: 0, Sum: 0, Workers: 4
[18.155s][debug][gc,phases      ] GC(16)   StringTable Weak               Min:  0.1, Avg:  0.1, Max:  0.1, Diff:  0.0, Sum:  0.5, Workers: 4
[18.155s][debug][gc,phases      ] GC(16)     Dead                           Min: 0, Avg:  2.8, Max: 11, Diff: 11, Sum: 11, Workers: 4
[18.155s][debug][gc,phases      ] GC(16)     Total                          Min: 10368, Avg: 10986.8, Max: 11627, Diff: 1259, Sum: 43947, Workers: 4
[18.155s][debug][gc,phases      ] GC(16)   ResolvedMethodTable Weak       Min:  0.0, Avg:  0.0, Max:  0.0, Diff:  0.0, Sum:  0.1, Workers: 4
[18.155s][debug][gc,phases      ] GC(16)     Dead                           Min: 0, Avg:  0.0, Max: 0, Diff: 0, Sum: 0, Workers: 4
[18.155s][debug][gc,phases      ] GC(16)     Total                          Min: 1663, Avg: 1826.0, Max: 1920, Diff: 257, Sum: 7304, Workers: 4
[18.155s][debug][gc,phases      ] GC(16)   JNI Weak                       Min:  0.0, Avg:  0.0, Max:  0.0, Diff:  0.0, Sum:  0.0, Workers: 4
[18.155s][debug][gc,phases      ] GC(16)     Dead                           Min: 0, Avg:  0.0, Max: 0, Diff: 0, Sum: 0, Workers: 4
[18.155s][debug][gc,phases      ] GC(16)     Total                          Min: 0, Avg:  4.0, Max: 16, Diff: 16, Sum: 16, Workers: 4
[18.155s][debug][gc,phases      ] GC(16)   StringDedup Table Weak         Min:  0.0, Avg:  0.0, Max:  0.0, Diff:  0.0, Sum:  0.0, Workers: 4
[18.155s][debug][gc,phases      ] GC(16)     Dead                           Min: 0, Avg:  0.0, Max: 0, Diff: 0, Sum: 0, Workers: 4
[18.155s][debug][gc,phases      ] GC(16)     Total                          Min: 0, Avg:  0.0, Max: 0, Diff: 0, Sum: 0, Workers: 4
[18.155s][debug][gc,phases      ] GC(16)   StringDedup Requests0 Weak     Min:  0.0, Avg:  0.0, Max:  0.0, Diff:  0.0, Sum:  0.0, Workers: 4
[18.155s][debug][gc,phases      ] GC(16)     Dead                           Min: 0, Avg:  0.0, Max: 0, Diff: 0, Sum: 0, Workers: 4
[18.155s][debug][gc,phases      ] GC(16)     Total                          Min: 0, Avg:  0.0, Max: 0, Diff: 0, Sum: 0, Workers: 4
[18.155s][debug][gc,phases      ] GC(16)   StringDedup Requests1 Weak     Min:  0.0, Avg:  0.0, Max:  0.0, Diff:  0.0, Sum:  0.0, Workers: 4
[18.155s][debug][gc,phases      ] GC(16)     Dead                           Min: 0, Avg:  0.0, Max: 0, Diff: 0, Sum: 0, Workers: 4
[18.155s][debug][gc,phases      ] GC(16)     Total                          Min: 0, Avg:  0.0, Max: 0, Diff: 0, Sum: 0, Workers: 4
[18.155s][debug][gc,phases      ] GC(16)   Weak JFR Old Object Samples    Min:  0.0, Avg:  0.0, Max:  0.0, Diff:  0.0, Sum:  0.0, Workers: 4
[18.155s][debug][gc,phases      ] GC(16)     Dead                           Min: 0, Avg:  0.0, Max: 0, Diff: 0, Sum: 0, Workers: 4
[18.155s][debug][gc,phases      ] GC(16)     Total                          Min: 0, Avg:  0.0, Max: 0, Diff: 0, Sum: 0, Workers: 4
[18.155s][debug][gc,phases      ] GC(16) Weak Processing 0.396ms
[18.155s][debug][gc,age         ] GC(16) Desired survivor size 536870912 bytes, new threshold 1 (max threshold 15)
[18.155s][info ][gc,heap        ] GC(16) PSYoungGen: 1055061K(1572864K)->7959K(1572864K) Eden: 1048576K(1048576K)->0K(1048576K) From: 6485K(524288K)->7959K(524288K)
[18.155s][info ][gc,heap        ] GC(16) ParOldGen: 642600K(929280K)->645740K(929280K)
[18.155s][info ][gc,metaspace   ] GC(16) Metaspace: 69993K(70720K)->69993K(70720K) NonClass: 59708K(60096K)->59708K(60096K) Class: 10284K(10624K)->10284K(10624K)
[18.155s][info ][gc             ] GC(16) Pause Young (Allocation Failure) 1657M->638M(2443M) 9.188ms
[18.155s][info ][gc,cpu         ] GC(16) User=0.05s Sys=0.00s Real=0.01s
[18.155s][info ][safepoint      ] Safepoint "ParallelGCFailedAllocation", Time since last: 8876628 ns, Reaching safepoint: 130705 ns, At safepoint: 9306644 ns, Total: 9437349 ns
[18.161s][info ][safepoint      ] Safepoint "ICBufferFull", Time since last: 5566906 ns, Reaching safepoint: 133605 ns, At safepoint: 23501 ns, Total: 157106 ns
[18.169s][info ][safepoint      ] Safepoint "ICBufferFull", Time since last: 5683410 ns, Reaching safepoint: 2161380 ns, At safepoint: 27301 ns, Total: 2188681 ns
[18.170s][info ][safepoint      ] Safepoint "ICBufferFull", Time since last: 881433 ns, Reaching safepoint: 93803 ns, At safepoint: 17601 ns, Total: 111404 ns
[18.174s][info ][safepoint      ] Safepoint "ICBufferFull", Time since last: 4606270 ns, Reaching safepoint: 118005 ns, At safepoint: 24600 ns, Total: 142605 ns
[18.174s][info ][safepoint      ] Safepoint "ICBufferFull", Time since last: 88704 ns, Reaching safepoint: 27401 ns, At safepoint: 20301 ns, Total: 47702 ns
[18.175s][info ][safepoint      ] Safepoint "ICBufferFull", Time since last: 692725 ns, Reaching safepoint: 91204 ns, At safepoint: 19300 ns, Total: 110504 ns
[18.177s][info ][safepoint      ] Safepoint "ICBufferFull", Time since last: 1195544 ns, Reaching safepoint: 120805 ns, At safepoint: 18901 ns, Total: 139706 ns
[18.177s][info ][safepoint      ] Safepoint "ICBufferFull", Time since last: 51202 ns, Reaching safepoint: 90203 ns, At safepoint: 18401 ns, Total: 108604 ns
[18.180s][info ][safepoint      ] Safepoint "ICBufferFull", Time since last: 2993010 ns, Reaching safepoint: 83103 ns, At safepoint: 26301 ns, Total: 109404 ns
[18.181s][info ][safepoint      ] Safepoint "ICBufferFull", Time since last: 976136 ns, Reaching safepoint: 98104 ns, At safepoint: 15401 ns, Total: 113505 ns
[18.184s][info ][safepoint      ] Safepoint "ICBufferFull", Time since last: 3219019 ns, Reaching safepoint: 91403 ns, At safepoint: 22001 ns, Total: 113404 ns
[18.184s][info ][safepoint      ] Safepoint "ICBufferFull", Time since last: 84103 ns, Reaching safepoint: 88103 ns, At safepoint: 20701 ns, Total: 108804 ns
[18.185s][info ][safepoint      ] Safepoint "ICBufferFull", Time since last: 28501 ns, Reaching safepoint: 85803 ns, At safepoint: 19301 ns, Total: 105104 ns
[18.198s][info ][safepoint      ] Safepoint "ICBufferFull", Time since last: 13468198 ns, Reaching safepoint: 85203 ns, At safepoint: 23501 ns, Total: 108704 ns
[18.202s][info ][safepoint      ] Safepoint "ICBufferFull", Time since last: 3223619 ns, Reaching safepoint: 130505 ns, At safepoint: 21901 ns, Total: 152406 ns
[18.213s][info ][safepoint      ] Safepoint "ICBufferFull", Time since last: 6784051 ns, Reaching safepoint: 4320560 ns, At safepoint: 27801 ns, Total: 4348361 ns
[18.217s][info ][safepoint      ] Safepoint "ICBufferFull", Time since last: 4154654 ns, Reaching safepoint: 110304 ns, At safepoint: 21200 ns, Total: 131504 ns
[18.217s][info ][safepoint      ] Safepoint "ICBufferFull", Time since last: 72503 ns, Reaching safepoint: 88803 ns, At safepoint: 20001 ns, Total: 108804 ns
[18.219s][info ][safepoint      ] Safepoint "ICBufferFull", Time since last: 1548657 ns, Reaching safepoint: 97104 ns, At safepoint: 24101 ns, Total: 121205 ns
[18.221s][info ][safepoint      ] Safepoint "ICBufferFull", Time since last: 2297285 ns, Reaching safepoint: 102304 ns, At safepoint: 22700 ns, Total: 125004 ns
[18.227s][info ][safepoint      ] Safepoint "ICBufferFull", Time since last: 5954021 ns, Reaching safepoint: 122404 ns, At safepoint: 18201 ns, Total: 140605 ns
[18.228s][info ][safepoint      ] Safepoint "ICBufferFull", Time since last: 125305 ns, Reaching safepoint: 94203 ns, At safepoint: 13401 ns, Total: 107604 ns
[18.228s][info ][safepoint      ] Safepoint "ICBufferFull", Time since last: 64302 ns, Reaching safepoint: 101204 ns, At safepoint: 22800 ns, Total: 124004 ns
[18.228s][info ][safepoint      ] Safepoint "ICBufferFull", Time since last: 33702 ns, Reaching safepoint: 88403 ns, At safepoint: 11300 ns, Total: 99703 ns
[18.228s][info ][safepoint      ] Safepoint "ICBufferFull", Time since last: 33702 ns, Reaching safepoint: 93603 ns, At safepoint: 24501 ns, Total: 118104 ns
[18.240s][info ][safepoint      ] Safepoint "ICBufferFull", Time since last: 12119048 ns, Reaching safepoint: 107204 ns, At safepoint: 20101 ns, Total: 127305 ns
[18.243s][info ][safepoint      ] Safepoint "ICBufferFull", Time since last: 2338587 ns, Reaching safepoint: 64602 ns, At safepoint: 22301 ns, Total: 86903 ns
[18.243s][info ][safepoint      ] Safepoint "ICBufferFull", Time since last: 66702 ns, Reaching safepoint: 90204 ns, At safepoint: 21000 ns, Total: 111204 ns
[18.243s][info ][safepoint      ] Safepoint "ICBufferFull", Time since last: 37402 ns, Reaching safepoint: 87003 ns, At safepoint: 22301 ns, Total: 109304 ns
[18.243s][info ][safepoint      ] Safepoint "ICBufferFull", Time since last: 31701 ns, Reaching safepoint: 101404 ns, At safepoint: 23901 ns, Total: 125305 ns
[18.243s][info ][safepoint      ] Safepoint "ICBufferFull", Time since last: 35301 ns, Reaching safepoint: 88103 ns, At safepoint: 24201 ns, Total: 112304 ns
[18.244s][info ][safepoint      ] Safepoint "ICBufferFull", Time since last: 165306 ns, Reaching safepoint: 90603 ns, At safepoint: 22201 ns, Total: 112804 ns
[18.245s][info ][safepoint      ] Safepoint "ICBufferFull", Time since last: 1083640 ns, Reaching safepoint: 91004 ns, At safepoint: 21001 ns, Total: 112005 ns
[18.249s][info ][safepoint      ] Safepoint "ICBufferFull", Time since last: 3606633 ns, Reaching safepoint: 104104 ns, At safepoint: 33101 ns, Total: 137205 ns
[18.250s][info ][safepoint      ] Safepoint "ICBufferFull", Time since last: 1336849 ns, Reaching safepoint: 96904 ns, At safepoint: 17501 ns, Total: 114405 ns
[18.250s][info ][safepoint      ] Safepoint "ICBufferFull", Time since last: 65202 ns, Reaching safepoint: 88603 ns, At safepoint: 23101 ns, Total: 111704 ns
[18.250s][info ][safepoint      ] Safepoint "ICBufferFull", Time since last: 75803 ns, Reaching safepoint: 90603 ns, At safepoint: 26401 ns, Total: 117004 ns
[18.252s][info ][safepoint      ] Safepoint "ICBufferFull", Time since last: 1299148 ns, Reaching safepoint: 74003 ns, At safepoint: 22001 ns, Total: 96004 ns
[18.252s][info ][safepoint      ] Safepoint "ICBufferFull", Time since last: 49602 ns, Reaching safepoint: 87703 ns, At safepoint: 17301 ns, Total: 105004 ns
[18.260s][info ][safepoint      ] Safepoint "ICBufferFull", Time since last: 5059787 ns, Reaching safepoint: 3197218 ns, At safepoint: 28301 ns, Total: 3225519 ns
[18.262s][info ][safepoint      ] Safepoint "ICBufferFull", Time since last: 1210645 ns, Reaching safepoint: 102004 ns, At safepoint: 21501 ns, Total: 123505 ns
[18.262s][info ][safepoint      ] Safepoint "ICBufferFull", Time since last: 47501 ns, Reaching safepoint: 92604 ns, At safepoint: 17400 ns, Total: 110004 ns
[18.266s][info ][safepoint      ] Safepoint "ICBufferFull", Time since last: 3082314 ns, Reaching safepoint: 1067340 ns, At safepoint: 24401 ns, Total: 1091741 ns
[18.268s][info ][safepoint      ] Safepoint "ICBufferFull", Time since last: 1577458 ns, Reaching safepoint: 99404 ns, At safepoint: 23001 ns, Total: 122405 ns
[18.269s][info ][safepoint      ] Safepoint "ICBufferFull", Time since last: 1665961 ns, Reaching safepoint: 118205 ns, At safepoint: 33201 ns, Total: 151406 ns
[18.273s][info ][safepoint      ] Safepoint "ICBufferFull", Time since last: 3048013 ns, Reaching safepoint: 123204 ns, At safepoint: 25301 ns, Total: 148505 ns
[18.280s][info ][safepoint      ] Safepoint "ICBufferFull", Time since last: 7213967 ns, Reaching safepoint: 75303 ns, At safepoint: 26701 ns, Total: 102004 ns
[18.285s][info ][safepoint      ] Safepoint "ICBufferFull", Time since last: 4636471 ns, Reaching safepoint: 98404 ns, At safepoint: 28101 ns, Total: 126505 ns
[18.294s][info ][safepoint      ] Safepoint "ICBufferFull", Time since last: 9432349 ns, Reaching safepoint: 122904 ns, At safepoint: 26101 ns, Total: 149005 ns
[18.302s][info ][safepoint      ] Safepoint "ICBufferFull", Time since last: 7186366 ns, Reaching safepoint: 117504 ns, At safepoint: 23901 ns, Total: 141405 ns
[18.302s][info ][safepoint      ] Safepoint "ICBufferFull", Time since last: 91504 ns, Reaching safepoint: 85703 ns, At safepoint: 25901 ns, Total: 111604 ns
[18.302s][info ][safepoint      ] Safepoint "ICBufferFull", Time since last: 41401 ns, Reaching safepoint: 86603 ns, At safepoint: 24001 ns, Total: 110604 ns
[18.308s][info ][safepoint      ] Safepoint "ICBufferFull", Time since last: 6279533 ns, Reaching safepoint: 122904 ns, At safepoint: 32801 ns, Total: 155705 ns
[18.309s][info ][safepoint      ] Safepoint "ICBufferFull", Time since last: 79003 ns, Reaching safepoint: 561621 ns, At safepoint: 27401 ns, Total: 589022 ns
[18.319s][info ][safepoint      ] Safepoint "ICBufferFull", Time since last: 8053598 ns, Reaching safepoint: 2164080 ns, At safepoint: 36501 ns, Total: 2200581 ns
[18.325s][info ][safepoint      ] Safepoint "ICBufferFull", Time since last: 5360899 ns, Reaching safepoint: 126404 ns, At safepoint: 19201 ns, Total: 145605 ns
[18.328s][info ][safepoint      ] Safepoint "ICBufferFull", Time since last: 3406226 ns, Reaching safepoint: 113104 ns, At safepoint: 31301 ns, Total: 144405 ns
[18.337s][info ][safepoint      ] Safepoint "ICBufferFull", Time since last: 6903156 ns, Reaching safepoint: 2153379 ns, At safepoint: 28701 ns, Total: 2182080 ns
[18.338s][info ][safepoint      ] Safepoint "ICBufferFull", Time since last: 82403 ns, Reaching safepoint: 89504 ns, At safepoint: 22000 ns, Total: 111504 ns
[18.345s][info ][safepoint      ] Safepoint "ICBufferFull", Time since last: 6883955 ns, Reaching safepoint: 132805 ns, At safepoint: 26801 ns, Total: 159606 ns
[18.357s][info ][safepoint      ] Safepoint "ICBufferFull", Time since last: 12193651 ns, Reaching safepoint: 108704 ns, At safepoint: 20201 ns, Total: 128905 ns
[18.358s][info ][safepoint      ] Safepoint "ICBufferFull", Time since last: 1310348 ns, Reaching safepoint: 92603 ns, At safepoint: 22001 ns, Total: 114604 ns
[18.359s][info ][safepoint      ] Safepoint "ICBufferFull", Time since last: 68403 ns, Reaching safepoint: 88103 ns, At safepoint: 19901 ns, Total: 108004 ns
[18.364s][info ][safepoint      ] Safepoint "ICBufferFull", Time since last: 5678110 ns, Reaching safepoint: 121604 ns, At safepoint: 19301 ns, Total: 140905 ns
[18.365s][info ][safepoint      ] Safepoint "ICBufferFull", Time since last: 776829 ns, Reaching safepoint: 100703 ns, At safepoint: 25001 ns, Total: 125704 ns
[18.366s][info ][safepoint      ] Safepoint "ICBufferFull", Time since last: 43002 ns, Reaching safepoint: 100104 ns, At safepoint: 22401 ns, Total: 122505 ns
[18.370s][info ][safepoint      ] Safepoint "ICBufferFull", Time since last: 4364261 ns, Reaching safepoint: 123904 ns, At safepoint: 26501 ns, Total: 150405 ns
[18.376s][info ][safepoint      ] Safepoint "ICBufferFull", Time since last: 5506404 ns, Reaching safepoint: 120805 ns, At safepoint: 14400 ns, Total: 135205 ns
[18.376s][info ][safepoint      ] Safepoint "ICBufferFull", Time since last: 509819 ns, Reaching safepoint: 101204 ns, At safepoint: 21701 ns, Total: 122905 ns
[18.376s][info ][safepoint      ] Safepoint "ICBufferFull", Time since last: 51201 ns, Reaching safepoint: 88204 ns, At safepoint: 24601 ns, Total: 112805 ns
[18.377s][info ][safepoint      ] Safepoint "ICBufferFull", Time since last: 194807 ns, Reaching safepoint: 89403 ns, At safepoint: 20201 ns, Total: 109604 ns
[18.382s][info ][safepoint      ] Safepoint "ICBufferFull", Time since last: 5466802 ns, Reaching safepoint: 128105 ns, At safepoint: 21401 ns, Total: 149506 ns
[18.383s][info ][safepoint      ] Safepoint "ICBufferFull", Time since last: 94603 ns, Reaching safepoint: 91203 ns, At safepoint: 20901 ns, Total: 112104 ns
[18.384s][info ][safepoint      ] Safepoint "ICBufferFull", Time since last: 1563958 ns, Reaching safepoint: 103304 ns, At safepoint: 44401 ns, Total: 147705 ns
[18.392s][info ][safepoint      ] Safepoint "ICBufferFull", Time since last: 7915593 ns, Reaching safepoint: 116004 ns, At safepoint: 17901 ns, Total: 133905 ns
[18.393s][info ][safepoint      ] Safepoint "ICBufferFull", Time since last: 99104 ns, Reaching safepoint: 87903 ns, At safepoint: 21301 ns, Total: 109204 ns
[18.393s][info ][safepoint      ] Safepoint "ICBufferFull", Time since last: 44902 ns, Reaching safepoint: 87203 ns, At safepoint: 22901 ns, Total: 110104 ns
[18.397s][info ][safepoint      ] Safepoint "ICBufferFull", Time since last: 4549068 ns, Reaching safepoint: 107004 ns, At safepoint: 27701 ns, Total: 134705 ns
[18.400s][info ][gc,start       ] GC(17) Pause Young (Allocation Failure)
[18.409s][debug][gc,phases      ] GC(17) Scavenge 8.894ms
[18.409s][debug][gc,ref         ] GC(17) Skipped phase 1 of Reference Processing: no references
[18.409s][debug][gc,ref         ] GC(17) Skipped phase 2 of Reference Processing: no references
[18.409s][debug][gc,ref         ] GC(17) Skipped phase 3 of Reference Processing: no references
[18.409s][debug][gc,ref         ] GC(17) Skipped phase 4 of Reference Processing: no references
[18.409s][debug][gc,phases      ] GC(17) Reference Processing 0.028ms
[18.409s][debug][gc,phases      ] GC(17)   VM Weak                        Min:  0.0, Avg:  0.0, Max:  0.0, Diff:  0.0, Sum:  0.0, Workers: 4
[18.409s][debug][gc,phases      ] GC(17)     Dead                           Min: 0, Avg:  0.0, Max: 0, Diff: 0, Sum: 0, Workers: 4
[18.409s][debug][gc,phases      ] GC(17)     Total                          Min: 0, Avg: 156.5, Max: 320, Diff: 320, Sum: 626, Workers: 4
[18.409s][debug][gc,phases      ] GC(17)   ObjectSynchronizer Weak        Min:  0.0, Avg:  0.0, Max:  0.0, Diff:  0.0, Sum:  0.0, Workers: 4
[18.409s][debug][gc,phases      ] GC(17)     Dead                           Min: 0, Avg:  0.0, Max: 0, Diff: 0, Sum: 0, Workers: 4
[18.409s][debug][gc,phases      ] GC(17)     Total                          Min: 0, Avg: 76.8, Max: 179, Diff: 179, Sum: 307, Workers: 4
[18.409s][debug][gc,phases      ] GC(17)   JVMTI Tag Weak OopStorage      Min:  0.0, Avg:  0.0, Max:  0.0, Diff:  0.0, Sum:  0.0, Workers: 4
[18.409s][debug][gc,phases      ] GC(17)     Dead                           Min: 0, Avg:  0.0, Max: 0, Diff: 0, Sum: 0, Workers: 4
[18.409s][debug][gc,phases      ] GC(17)     Total                          Min: 0, Avg:  0.0, Max: 0, Diff: 0, Sum: 0, Workers: 4
[18.409s][debug][gc,phases      ] GC(17)   StringTable Weak               Min:  0.1, Avg:  0.1, Max:  0.1, Diff:  0.0, Sum:  0.4, Workers: 4
[18.409s][debug][gc,phases      ] GC(17)     Dead                           Min: 0, Avg:  0.0, Max: 0, Diff: 0, Sum: 0, Workers: 4
[18.409s][debug][gc,phases      ] GC(17)     Total                          Min: 9664, Avg: 10986.8, Max: 12288, Diff: 2624, Sum: 43947, Workers: 4
[18.409s][debug][gc,phases      ] GC(17)   ResolvedMethodTable Weak       Min:  0.0, Avg:  0.0, Max:  0.0, Diff:  0.0, Sum:  0.1, Workers: 4
[18.409s][debug][gc,phases      ] GC(17)     Dead                           Min: 0, Avg:  0.0, Max: 0, Diff: 0, Sum: 0, Workers: 4
[18.409s][debug][gc,phases      ] GC(17)     Total                          Min: 1737, Avg: 1826.0, Max: 1920, Diff: 183, Sum: 7304, Workers: 4
[18.409s][debug][gc,phases      ] GC(17)   JNI Weak                       Min:  0.0, Avg:  0.0, Max:  0.0, Diff:  0.0, Sum:  0.0, Workers: 4
[18.409s][debug][gc,phases      ] GC(17)     Dead                           Min: 0, Avg:  0.0, Max: 0, Diff: 0, Sum: 0, Workers: 4
[18.409s][debug][gc,phases      ] GC(17)     Total                          Min: 0, Avg:  5.0, Max: 20, Diff: 20, Sum: 20, Workers: 4
[18.409s][debug][gc,phases      ] GC(17)   StringDedup Table Weak         Min:  0.0, Avg:  0.0, Max:  0.0, Diff:  0.0, Sum:  0.0, Workers: 4
[18.409s][debug][gc,phases      ] GC(17)     Dead                           Min: 0, Avg:  0.0, Max: 0, Diff: 0, Sum: 0, Workers: 4
[18.409s][debug][gc,phases      ] GC(17)     Total                          Min: 0, Avg:  0.0, Max: 0, Diff: 0, Sum: 0, Workers: 4
[18.409s][debug][gc,phases      ] GC(17)   StringDedup Requests0 Weak     Min:  0.0, Avg:  0.0, Max:  0.0, Diff:  0.0, Sum:  0.0, Workers: 4
[18.409s][debug][gc,phases      ] GC(17)     Dead                           Min: 0, Avg:  0.0, Max: 0, Diff: 0, Sum: 0, Workers: 4
[18.409s][debug][gc,phases      ] GC(17)     Total                          Min: 0, Avg:  0.0, Max: 0, Diff: 0, Sum: 0, Workers: 4
[18.410s][debug][gc,phases      ] GC(17)   StringDedup Requests1 Weak     Min:  0.0, Avg:  0.0, Max:  0.0, Diff:  0.0, Sum:  0.0, Workers: 4
[18.410s][debug][gc,phases      ] GC(17)     Dead                           Min: 0, Avg:  0.0, Max: 0, Diff: 0, Sum: 0, Workers: 4
[18.410s][debug][gc,phases      ] GC(17)     Total                          Min: 0, Avg:  0.0, Max: 0, Diff: 0, Sum: 0, Workers: 4
[18.410s][debug][gc,phases      ] GC(17)   Weak JFR Old Object Samples    Min:  0.0, Avg:  0.0, Max:  0.0, Diff:  0.0, Sum:  0.0, Workers: 4
[18.410s][debug][gc,phases      ] GC(17)     Dead                           Min: 0, Avg:  0.0, Max: 0, Diff: 0, Sum: 0, Workers: 4
[18.410s][debug][gc,phases      ] GC(17)     Total                          Min: 0, Avg:  0.0, Max: 0, Diff: 0, Sum: 0, Workers: 4
[18.410s][debug][gc,phases      ] GC(17) Weak Processing 0.316ms
[18.410s][debug][gc,age         ] GC(17) Desired survivor size 536870912 bytes, new threshold 1 (max threshold 15)
[18.410s][info ][gc,heap        ] GC(17) PSYoungGen: 1056535K(1572864K)->3365K(1572864K) Eden: 1048576K(1048576K)->0K(1048576K) From: 7959K(524288K)->3365K(524288K)
[18.410s][info ][gc,heap        ] GC(17) ParOldGen: 645740K(929280K)->651498K(929280K)
[18.410s][info ][gc,metaspace   ] GC(17) Metaspace: 70007K(70720K)->70007K(70720K) NonClass: 59722K(60096K)->59722K(60096K) Class: 10284K(10624K)->10284K(10624K)
[18.410s][info ][gc             ] GC(17) Pause Young (Allocation Failure) 1662M->639M(2443M) 9.377ms
[18.410s][info ][gc,cpu         ] GC(17) User=0.03s Sys=0.02s Real=0.00s
[18.410s][info ][safepoint      ] Safepoint "ParallelGCFailedAllocation", Time since last: 2619297 ns, Reaching safepoint: 140305 ns, At safepoint: 9473550 ns, Total: 9613855 ns
[18.417s][info ][safepoint      ] Safepoint "ICBufferFull", Time since last: 6737949 ns, Reaching safepoint: 130305 ns, At safepoint: 25101 ns, Total: 155406 ns
[18.420s][info ][safepoint      ] Safepoint "ICBufferFull", Time since last: 3662636 ns, Reaching safepoint: 138105 ns, At safepoint: 27501 ns, Total: 165606 ns
[18.431s][info ][safepoint      ] Safepoint "ICBufferFull", Time since last: 9603955 ns, Reaching safepoint: 772228 ns, At safepoint: 26601 ns, Total: 798829 ns
[18.438s][info ][safepoint      ] Safepoint "ICBufferFull", Time since last: 7064162 ns, Reaching safepoint: 107504 ns, At safepoint: 17300 ns, Total: 124804 ns
[18.438s][info ][safepoint      ] Safepoint "ICBufferFull", Time since last: 94904 ns, Reaching safepoint: 104304 ns, At safepoint: 18500 ns, Total: 122804 ns
[18.438s][info ][safepoint      ] Safepoint "ICBufferFull", Time since last: 53102 ns, Reaching safepoint: 89104 ns, At safepoint: 23300 ns, Total: 112404 ns
[18.438s][info ][safepoint      ] Safepoint "ICBufferFull", Time since last: 37702 ns, Reaching safepoint: 105204 ns, At safepoint: 21701 ns, Total: 126905 ns
[18.441s][info ][safepoint      ] Safepoint "ICBufferFull", Time since last: 2699399 ns, Reaching safepoint: 103104 ns, At safepoint: 30901 ns, Total: 134005 ns
[18.448s][info ][safepoint      ] Safepoint "ICBufferFull", Time since last: 6842453 ns, Reaching safepoint: 107304 ns, At safepoint: 23701 ns, Total: 131005 ns
[18.448s][info ][safepoint      ] Safepoint "ICBufferFull", Time since last: 81603 ns, Reaching safepoint: 84803 ns, At safepoint: 25601 ns, Total: 110404 ns
[18.449s][info ][safepoint      ] Safepoint "ICBufferFull", Time since last: 50902 ns, Reaching safepoint: 84403 ns, At safepoint: 27401 ns, Total: 111804 ns
[18.449s][info ][safepoint      ] Safepoint "ICBufferFull", Time since last: 51602 ns, Reaching safepoint: 90004 ns, At safepoint: 21800 ns, Total: 111804 ns
[18.449s][info ][safepoint      ] Safepoint "ICBufferFull", Time since last: 171307 ns, Reaching safepoint: 91403 ns, At safepoint: 22101 ns, Total: 113504 ns
[18.450s][info ][safepoint      ] Safepoint "ICBufferFull", Time since last: 98004 ns, Reaching safepoint: 273610 ns, At safepoint: 29901 ns, Total: 303511 ns
[18.465s][info ][safepoint      ] Safepoint "ICBufferFull", Time since last: 12156449 ns, Reaching safepoint: 3213119 ns, At safepoint: 27101 ns, Total: 3240220 ns
[18.468s][info ][safepoint      ] Safepoint "ICBufferFull", Time since last: 2937209 ns, Reaching safepoint: 78203 ns, At safepoint: 28001 ns, Total: 106204 ns
[18.470s][info ][safepoint      ] Safepoint "ICBufferFull", Time since last: 1810767 ns, Reaching safepoint: 654924 ns, At safepoint: 31801 ns, Total: 686725 ns
[18.473s][info ][safepoint      ] Safepoint "ICBufferFull", Time since last: 2030475 ns, Reaching safepoint: 111504 ns, At safepoint: 28401 ns, Total: 139905 ns
[18.481s][info ][safepoint      ] Safepoint "ICBufferFull", Time since last: 7959495 ns, Reaching safepoint: 122904 ns, At safepoint: 25501 ns, Total: 148405 ns
[18.488s][info ][safepoint      ] Safepoint "ICBufferFull", Time since last: 7168765 ns, Reaching safepoint: 132105 ns, At safepoint: 33401 ns, Total: 165506 ns
[18.493s][info ][safepoint      ] Safepoint "ICBufferFull", Time since last: 4812878 ns, Reaching safepoint: 120705 ns, At safepoint: 27301 ns, Total: 148006 ns
[18.499s][info ][safepoint      ] Safepoint "ICBufferFull", Time since last: 6221630 ns, Reaching safepoint: 119004 ns, At safepoint: 27901 ns, Total: 146905 ns
[18.500s][info ][safepoint      ] Safepoint "ICBufferFull", Time since last: 761629 ns, Reaching safepoint: 107004 ns, At safepoint: 27001 ns, Total: 134005 ns
[18.525s][info ][safepoint      ] Safepoint "ICBufferFull", Time since last: 24205695 ns, Reaching safepoint: 92003 ns, At safepoint: 29801 ns, Total: 121804 ns
[18.533s][info ][safepoint      ] Safepoint "ICBufferFull", Time since last: 8665821 ns, Reaching safepoint: 185707 ns, At safepoint: 32601 ns, Total: 218308 ns
[18.541s][info ][safepoint      ] Safepoint "ICBufferFull", Time since last: 7777587 ns, Reaching safepoint: 137706 ns, At safepoint: 26601 ns, Total: 164307 ns
[18.549s][info ][safepoint      ] Safepoint "ICBufferFull", Time since last: 7094762 ns, Reaching safepoint: 117604 ns, At safepoint: 26601 ns, Total: 144205 ns
[18.549s][info ][safepoint      ] Safepoint "ICBufferFull", Time since last: 73403 ns, Reaching safepoint: 85203 ns, At safepoint: 22001 ns, Total: 107204 ns
[18.552s][info ][safepoint      ] Safepoint "ICBufferFull", Time since last: 3309322 ns, Reaching safepoint: 86803 ns, At safepoint: 25901 ns, Total: 112704 ns
[18.561s][info ][safepoint      ] Safepoint "ICBufferFull", Time since last: 6082225 ns, Reaching safepoint: 2164280 ns, At safepoint: 24201 ns, Total: 2188481 ns
[18.566s][info ][safepoint      ] Safepoint "ICBufferFull", Time since last: 5119990 ns, Reaching safepoint: 110804 ns, At safepoint: 25001 ns, Total: 135805 ns
[18.573s][info ][safepoint      ] Safepoint "ICBufferFull", Time since last: 6762850 ns, Reaching safepoint: 130305 ns, At safepoint: 31301 ns, Total: 161606 ns
[18.576s][info ][safepoint      ] Safepoint "ICBufferFull", Time since last: 3239120 ns, Reaching safepoint: 127004 ns, At safepoint: 47202 ns, Total: 174206 ns
[18.584s][info ][safepoint      ] Safepoint "ICBufferFull", Time since last: 8112400 ns, Reaching safepoint: 137305 ns, At safepoint: 27301 ns, Total: 164606 ns
[18.591s][info ][safepoint      ] Safepoint "ICBufferFull", Time since last: 6536542 ns, Reaching safepoint: 116304 ns, At safepoint: 23601 ns, Total: 139905 ns
[18.592s][info ][safepoint      ] Safepoint "ICBufferFull", Time since last: 1253646 ns, Reaching safepoint: 96504 ns, At safepoint: 21401 ns, Total: 117905 ns
[18.602s][info ][safepoint      ] Safepoint "ICBufferFull", Time since last: 9451349 ns, Reaching safepoint: 122505 ns, At safepoint: 22201 ns, Total: 144706 ns
[18.604s][info ][safepoint      ] Safepoint "ICBufferFull", Time since last: 1985073 ns, Reaching safepoint: 100704 ns, At safepoint: 24501 ns, Total: 125205 ns
[18.609s][info ][gc,start       ] GC(18) Pause Young (Allocation Failure)
[18.617s][debug][gc,phases      ] GC(18) Scavenge 8.150ms
[18.617s][debug][gc,ref         ] GC(18) Skipped phase 1 of Reference Processing: no references
[18.617s][debug][gc,ref         ] GC(18) Skipped phase 2 of Reference Processing: no references
[18.617s][debug][gc,ref         ] GC(18) Skipped phase 3 of Reference Processing: no references
[18.617s][debug][gc,ref         ] GC(18) Skipped phase 4 of Reference Processing: no references
[18.617s][debug][gc,phases      ] GC(18) Reference Processing 0.027ms
[18.617s][debug][gc,phases      ] GC(18)   VM Weak                        Min:  0.0, Avg:  0.0, Max:  0.0, Diff:  0.0, Sum:  0.0, Workers: 4
[18.617s][debug][gc,phases      ] GC(18)     Dead                           Min: 0, Avg:  0.0, Max: 0, Diff: 0, Sum: 0, Workers: 4
[18.617s][debug][gc,phases      ] GC(18)     Total                          Min: 0, Avg: 156.5, Max: 498, Diff: 498, Sum: 626, Workers: 4
[18.617s][debug][gc,phases      ] GC(18)   ObjectSynchronizer Weak        Min:  0.0, Avg:  0.0, Max:  0.0, Diff:  0.0, Sum:  0.0, Workers: 4
[18.617s][debug][gc,phases      ] GC(18)     Dead                           Min: 0, Avg:  0.0, Max: 0, Diff: 0, Sum: 0, Workers: 4
[18.617s][debug][gc,phases      ] GC(18)     Total                          Min: 0, Avg: 76.8, Max: 179, Diff: 179, Sum: 307, Workers: 4
[18.617s][debug][gc,phases      ] GC(18)   JVMTI Tag Weak OopStorage      Min:  0.0, Avg:  0.0, Max:  0.0, Diff:  0.0, Sum:  0.0, Workers: 4
[18.617s][debug][gc,phases      ] GC(18)     Dead                           Min: 0, Avg:  0.0, Max: 0, Diff: 0, Sum: 0, Workers: 4
[18.617s][debug][gc,phases      ] GC(18)     Total                          Min: 0, Avg:  0.0, Max: 0, Diff: 0, Sum: 0, Workers: 4
[18.617s][debug][gc,phases      ] GC(18)   StringTable Weak               Min:  0.1, Avg:  0.1, Max:  0.1, Diff:  0.0, Sum:  0.4, Workers: 4
[18.617s][debug][gc,phases      ] GC(18)     Dead                           Min: 0, Avg:  2.8, Max: 11, Diff: 11, Sum: 11, Workers: 4
[18.617s][debug][gc,phases      ] GC(18)     Total                          Min: 10048, Avg: 10988.5, Max: 11904, Diff: 1856, Sum: 43954, Workers: 4
[18.617s][debug][gc,phases      ] GC(18)   ResolvedMethodTable Weak       Min:  0.0, Avg:  0.0, Max:  0.0, Diff:  0.0, Sum:  0.1, Workers: 4
[18.617s][debug][gc,phases      ] GC(18)     Dead                           Min: 0, Avg:  0.0, Max: 0, Diff: 0, Sum: 0, Workers: 4
[18.617s][debug][gc,phases      ] GC(18)     Total                          Min: 1600, Avg: 1826.0, Max: 2431, Diff: 831, Sum: 7304, Workers: 4
[18.617s][debug][gc,phases      ] GC(18)   JNI Weak                       Min:  0.0, Avg:  0.0, Max:  0.0, Diff:  0.0, Sum:  0.0, Workers: 4
[18.617s][debug][gc,phases      ] GC(18)     Dead                           Min: 0, Avg:  0.0, Max: 0, Diff: 0, Sum: 0, Workers: 4
[18.617s][debug][gc,phases      ] GC(18)     Total                          Min: 0, Avg:  2.0, Max: 8, Diff: 8, Sum: 8, Workers: 4
[18.617s][debug][gc,phases      ] GC(18)   StringDedup Table Weak         Min:  0.0, Avg:  0.0, Max:  0.0, Diff:  0.0, Sum:  0.0, Workers: 4
[18.617s][debug][gc,phases      ] GC(18)     Dead                           Min: 0, Avg:  0.0, Max: 0, Diff: 0, Sum: 0, Workers: 4
[18.617s][debug][gc,phases      ] GC(18)     Total                          Min: 0, Avg:  0.0, Max: 0, Diff: 0, Sum: 0, Workers: 4
[18.617s][debug][gc,phases      ] GC(18)   StringDedup Requests0 Weak     Min:  0.0, Avg:  0.0, Max:  0.0, Diff:  0.0, Sum:  0.0, Workers: 4
[18.617s][debug][gc,phases      ] GC(18)     Dead                           Min: 0, Avg:  0.0, Max: 0, Diff: 0, Sum: 0, Workers: 4
[18.617s][debug][gc,phases      ] GC(18)     Total                          Min: 0, Avg:  0.0, Max: 0, Diff: 0, Sum: 0, Workers: 4
[18.617s][debug][gc,phases      ] GC(18)   StringDedup Requests1 Weak     Min:  0.0, Avg:  0.0, Max:  0.0, Diff:  0.0, Sum:  0.0, Workers: 4
[18.617s][debug][gc,phases      ] GC(18)     Dead                           Min: 0, Avg:  0.0, Max: 0, Diff: 0, Sum: 0, Workers: 4
[18.617s][debug][gc,phases      ] GC(18)     Total                          Min: 0, Avg:  0.0, Max: 0, Diff: 0, Sum: 0, Workers: 4
[18.617s][debug][gc,phases      ] GC(18)   Weak JFR Old Object Samples    Min:  0.0, Avg:  0.0, Max:  0.0, Diff:  0.0, Sum:  0.0, Workers: 4
[18.617s][debug][gc,phases      ] GC(18)     Dead                           Min: 0, Avg:  0.0, Max: 0, Diff: 0, Sum: 0, Workers: 4
[18.617s][debug][gc,phases      ] GC(18)     Total                          Min: 0, Avg:  0.0, Max: 0, Diff: 0, Sum: 0, Workers: 4
[18.617s][debug][gc,phases      ] GC(18) Weak Processing 0.318ms
[18.617s][debug][gc,age         ] GC(18) Desired survivor size 536870912 bytes, new threshold 1 (max threshold 15)
[18.617s][info ][gc,heap        ] GC(18) PSYoungGen: 1051941K(1572864K)->4497K(1572864K) Eden: 1048576K(1048576K)->0K(1048576K) From: 3365K(524288K)->4497K(524288K)
[18.617s][info ][gc,heap        ] GC(18) ParOldGen: 651498K(929280K)->654146K(929280K)
[18.617s][info ][gc,metaspace   ] GC(18) Metaspace: 70017K(70720K)->70017K(70720K) NonClass: 59732K(60096K)->59732K(60096K) Class: 10284K(10624K)->10284K(10624K)
[18.617s][info ][gc             ] GC(18) Pause Young (Allocation Failure) 1663M->643M(2443M) 8.615ms
[18.617s][info ][gc,cpu         ] GC(18) User=0.03s Sys=0.00s Real=0.01s
[18.617s][info ][safepoint      ] Safepoint "ParallelGCFailedAllocation", Time since last: 4242757 ns, Reaching safepoint: 104803 ns, At safepoint: 8706622 ns, Total: 8811425 ns
[18.620s][info ][safepoint      ] Safepoint "ICBufferFull", Time since last: 2971410 ns, Reaching safepoint: 104204 ns, At safepoint: 21201 ns, Total: 125405 ns
[18.628s][info ][safepoint      ] Safepoint "ICBufferFull", Time since last: 7526578 ns, Reaching safepoint: 122005 ns, At safepoint: 29301 ns, Total: 151306 ns
[18.637s][info ][safepoint      ] Safepoint "ICBufferFull", Time since last: 9014633 ns, Reaching safepoint: 110504 ns, At safepoint: 26401 ns, Total: 136905 ns
[18.637s][info ][safepoint      ] Safepoint "ICBufferFull", Time since last: 177507 ns, Reaching safepoint: 91803 ns, At safepoint: 22201 ns, Total: 114004 ns
[18.638s][info ][safepoint      ] Safepoint "ICBufferFull", Time since last: 54602 ns, Reaching safepoint: 86303 ns, At safepoint: 26101 ns, Total: 112404 ns
[18.638s][info ][safepoint      ] Safepoint "ICBufferFull", Time since last: 36602 ns, Reaching safepoint: 91803 ns, At safepoint: 24001 ns, Total: 115804 ns
[18.649s][info ][safepoint      ] Safepoint "ICBufferFull", Time since last: 4985984 ns, Reaching safepoint: 6344535 ns, At safepoint: 24501 ns, Total: 6369036 ns
[18.656s][info ][safepoint      ] Safepoint "ICBufferFull", Time since last: 7102963 ns, Reaching safepoint: 140205 ns, At safepoint: 13100 ns, Total: 153305 ns
[18.663s][info ][safepoint      ] Safepoint "ICBufferFull", Time since last: 6464639 ns, Reaching safepoint: 133105 ns, At safepoint: 17801 ns, Total: 150906 ns
[18.663s][info ][safepoint      ] Safepoint "ICBufferFull", Time since last: 62102 ns, Reaching safepoint: 107504 ns, At safepoint: 17701 ns, Total: 125205 ns
[18.670s][info ][safepoint      ] Safepoint "ICBufferFull", Time since last: 6882054 ns, Reaching safepoint: 115205 ns, At safepoint: 13100 ns, Total: 128305 ns
[18.670s][info ][safepoint      ] Safepoint "ICBufferFull", Time since last: 88503 ns, Reaching safepoint: 92104 ns, At safepoint: 19700 ns, Total: 111804 ns
[18.671s][info ][safepoint      ] Safepoint "ICBufferFull", Time since last: 37902 ns, Reaching safepoint: 87903 ns, At safepoint: 20201 ns, Total: 108104 ns
[18.671s][info ][safepoint      ] Safepoint "ICBufferFull", Time since last: 35101 ns, Reaching safepoint: 87103 ns, At safepoint: 15301 ns, Total: 102404 ns
[18.671s][info ][safepoint      ] Safepoint "ICBufferFull", Time since last: 434616 ns, Reaching safepoint: 93303 ns, At safepoint: 19401 ns, Total: 112704 ns
[18.671s][info ][safepoint      ] Safepoint "ICBufferFull", Time since last: 49502 ns, Reaching safepoint: 86603 ns, At safepoint: 18101 ns, Total: 104704 ns
[18.673s][info ][safepoint      ] Safepoint "ICBufferFull", Time since last: 1347750 ns, Reaching safepoint: 96803 ns, At safepoint: 19601 ns, Total: 116404 ns
[18.673s][info ][safepoint      ] Safepoint "ICBufferFull", Time since last: 63002 ns, Reaching safepoint: 94704 ns, At safepoint: 18801 ns, Total: 113505 ns
[18.673s][info ][safepoint      ] Safepoint "ICBufferFull", Time since last: 50301 ns, Reaching safepoint: 91604 ns, At safepoint: 17900 ns, Total: 109504 ns
[18.676s][info ][safepoint      ] Safepoint "ICBufferFull", Time since last: 3006812 ns, Reaching safepoint: 116304 ns, At safepoint: 12800 ns, Total: 129104 ns
[18.684s][info ][safepoint      ] Safepoint "ICBufferFull", Time since last: 7651983 ns, Reaching safepoint: 130105 ns, At safepoint: 13001 ns, Total: 143106 ns
[18.693s][info ][safepoint      ] Safepoint "ICBufferFull", Time since last: 8430211 ns, Reaching safepoint: 129505 ns, At safepoint: 12501 ns, Total: 142006 ns
[18.695s][info ][safepoint      ] Safepoint "ICBufferFull", Time since last: 2101577 ns, Reaching safepoint: 113005 ns, At safepoint: 17900 ns, Total: 130905 ns
[18.695s][info ][safepoint      ] Safepoint "ICBufferFull", Time since last: 122805 ns, Reaching safepoint: 91003 ns, At safepoint: 10601 ns, Total: 101604 ns
[18.717s][info ][safepoint      ] Safepoint "ICBufferFull", Time since last: 21405991 ns, Reaching safepoint: 133705 ns, At safepoint: 36402 ns, Total: 170107 ns
[18.719s][info ][safepoint      ] Safepoint "ICBufferFull", Time since last: 1833467 ns, Reaching safepoint: 78903 ns, At safepoint: 18601 ns, Total: 97504 ns
[18.719s][info ][safepoint      ] Safepoint "ICBufferFull", Time since last: 64202 ns, Reaching safepoint: 92004 ns, At safepoint: 20400 ns, Total: 112404 ns
[18.719s][info ][safepoint      ] Safepoint "ICBufferFull", Time since last: 158906 ns, Reaching safepoint: 88404 ns, At safepoint: 20600 ns, Total: 109004 ns
[18.720s][info ][safepoint      ] Safepoint "ICBufferFull", Time since last: 383815 ns, Reaching safepoint: 91103 ns, At safepoint: 15501 ns, Total: 106604 ns
[18.722s][info ][safepoint      ] Safepoint "ICBufferFull", Time since last: 1953472 ns, Reaching safepoint: 100603 ns, At safepoint: 9201 ns, Total: 109804 ns
[18.722s][info ][safepoint      ] Safepoint "ICBufferFull", Time since last: 110504 ns, Reaching safepoint: 88103 ns, At safepoint: 9501 ns, Total: 97604 ns
[18.728s][info ][safepoint      ] Safepoint "ICBufferFull", Time since last: 5890917 ns, Reaching safepoint: 110004 ns, At safepoint: 18401 ns, Total: 128405 ns
[18.728s][info ][safepoint      ] Safepoint "ICBufferFull", Time since last: 141305 ns, Reaching safepoint: 113005 ns, At safepoint: 20700 ns, Total: 133705 ns
[18.728s][info ][safepoint      ] Safepoint "ICBufferFull", Time since last: 113404 ns, Reaching safepoint: 78503 ns, At safepoint: 17201 ns, Total: 95704 ns
[18.729s][info ][safepoint      ] Safepoint "ICBufferFull", Time since last: 978736 ns, Reaching safepoint: 112004 ns, At safepoint: 10201 ns, Total: 122205 ns
[18.732s][info ][safepoint      ] Safepoint "ICBufferFull", Time since last: 2722200 ns, Reaching safepoint: 124905 ns, At safepoint: 16701 ns, Total: 141606 ns
[18.741s][info ][safepoint      ] Safepoint "ICBufferFull", Time since last: 8562016 ns, Reaching safepoint: 105504 ns, At safepoint: 14601 ns, Total: 120105 ns
[18.741s][info ][safepoint      ] Safepoint "ICBufferFull", Time since last: 88103 ns, Reaching safepoint: 88503 ns, At safepoint: 20001 ns, Total: 108504 ns
[18.741s][info ][safepoint      ] Safepoint "ICBufferFull", Time since last: 35601 ns, Reaching safepoint: 87004 ns, At safepoint: 20400 ns, Total: 107404 ns
[18.742s][info ][safepoint      ] Safepoint "ICBufferFull", Time since last: 262710 ns, Reaching safepoint: 89703 ns, At safepoint: 20701 ns, Total: 110404 ns
[18.743s][info ][safepoint      ] Safepoint "ICBufferFull", Time since last: 944135 ns, Reaching safepoint: 89903 ns, At safepoint: 11301 ns, Total: 101204 ns
[18.745s][info ][safepoint      ] Safepoint "ICBufferFull", Time since last: 2264584 ns, Reaching safepoint: 63602 ns, At safepoint: 18001 ns, Total: 81603 ns
[18.745s][info ][safepoint      ] Safepoint "ICBufferFull", Time since last: 38501 ns, Reaching safepoint: 310211 ns, At safepoint: 15701 ns, Total: 325912 ns
[18.746s][info ][safepoint      ] Safepoint "ICBufferFull", Time since last: 492518 ns, Reaching safepoint: 104804 ns, At safepoint: 21401 ns, Total: 126205 ns
[18.748s][info ][safepoint      ] Safepoint "ICBufferFull", Time since last: 2123278 ns, Reaching safepoint: 98504 ns, At safepoint: 12801 ns, Total: 111305 ns
[18.761s][info ][safepoint      ] Safepoint "ICBufferFull", Time since last: 4461765 ns, Reaching safepoint: 114104 ns, At safepoint: 19600 ns, Total: 133704 ns
[18.761s][info ][safepoint      ] Safepoint "ICBufferFull", Time since last: 7840090 ns, Reaching safepoint: 110004 ns, At safepoint: 19301 ns, Total: 129305 ns
[18.761s][info ][safepoint      ] Safepoint "ICBufferFull", Time since last: 41202 ns, Reaching safepoint: 83803 ns, At safepoint: 13700 ns, Total: 97503 ns
[18.765s][info ][safepoint      ] Safepoint "ICBufferFull", Time since last: 3974447 ns, Reaching safepoint: 120405 ns, At safepoint: 23901 ns, Total: 144306 ns
[18.765s][info ][safepoint      ] Safepoint "ICBufferFull", Time since last: 90003 ns, Reaching safepoint: 86303 ns, At safepoint: 12601 ns, Total: 98904 ns
[18.768s][info ][safepoint      ] Safepoint "ICBufferFull", Time since last: 2089577 ns, Reaching safepoint: 107204 ns, At safepoint: 23501 ns, Total: 130705 ns
[18.768s][info ][safepoint      ] Safepoint "ICBufferFull", Time since last: 62802 ns, Reaching safepoint: 100104 ns, At safepoint: 21501 ns, Total: 121605 ns
[18.769s][info ][safepoint      ] Safepoint "ICBufferFull", Time since last: 678425 ns, Reaching safepoint: 96603 ns, At safepoint: 25201 ns, Total: 121804 ns
[18.769s][info ][safepoint      ] Safepoint "ICBufferFull", Time since last: 56502 ns, Reaching safepoint: 88504 ns, At safepoint: 24200 ns, Total: 112704 ns
[18.769s][info ][safepoint      ] Safepoint "ICBufferFull", Time since last: 107004 ns, Reaching safepoint: 91904 ns, At safepoint: 21201 ns, Total: 113105 ns
[18.771s][info ][safepoint      ] Safepoint "ICBufferFull", Time since last: 2233682 ns, Reaching safepoint: 99404 ns, At safepoint: 22501 ns, Total: 121905 ns
[18.800s][info ][safepoint      ] Safepoint "ICBufferFull", Time since last: 19608925 ns, Reaching safepoint: 9237141 ns, At safepoint: 32502 ns, Total: 9269643 ns
[18.829s][info ][safepoint      ] Safepoint "ICBufferFull", Time since last: 4008848 ns, Reaching safepoint: 25059127 ns, At safepoint: 35501 ns, Total: 25094628 ns
[18.832s][info ][safepoint      ] Safepoint "ICBufferFull", Time since last: 2213682 ns, Reaching safepoint: 756328 ns, At safepoint: 13900 ns, Total: 770228 ns
[18.837s][info ][safepoint      ] Safepoint "ICBufferFull", Time since last: 54402 ns, Reaching safepoint: 4908682 ns, At safepoint: 28001 ns, Total: 4936683 ns
[18.844s][info ][safepoint      ] Safepoint "ICBufferFull", Time since last: 449917 ns, Reaching safepoint: 6473039 ns, At safepoint: 26401 ns, Total: 6499440 ns
[18.856s][info ][safepoint      ] Safepoint "ICBufferFull", Time since last: 840431 ns, Reaching safepoint: 11106211 ns, At safepoint: 40601 ns, Total: 11146812 ns
[18.872s][info ][safepoint      ] Safepoint "ICBufferFull", Time since last: 1343050 ns, Reaching safepoint: 14646742 ns, At safepoint: 29601 ns, Total: 14676343 ns
[18.877s][info ][safepoint      ] Safepoint "ICBufferFull", Time since last: 90403 ns, Reaching safepoint: 4940783 ns, At safepoint: 27601 ns, Total: 4968384 ns
[18.881s][info ][safepoint      ] Safepoint "ICBufferFull", Time since last: 87403 ns, Reaching safepoint: 3182218 ns, At safepoint: 25201 ns, Total: 3207419 ns
[18.885s][info ][safepoint      ] Safepoint "ICBufferFull", Time since last: 1403551 ns, Reaching safepoint: 3199019 ns, At safepoint: 15700 ns, Total: 3214719 ns
[18.892s][info ][safepoint      ] Safepoint "ICBufferFull", Time since last: 7027360 ns, Reaching safepoint: 128705 ns, At safepoint: 21501 ns, Total: 150206 ns
[18.893s][info ][safepoint      ] Safepoint "ICBufferFull", Time since last: 827930 ns, Reaching safepoint: 100204 ns, At safepoint: 19801 ns, Total: 120005 ns
[18.897s][info ][safepoint      ] Safepoint "ICBufferFull", Time since last: 1634560 ns, Reaching safepoint: 2141080 ns, At safepoint: 22100 ns, Total: 2163180 ns
[18.904s][info ][safepoint      ] Safepoint "ICBufferFull", Time since last: 7098763 ns, Reaching safepoint: 197407 ns, At safepoint: 20701 ns, Total: 218108 ns
[18.905s][info ][safepoint      ] Safepoint "ICBufferFull", Time since last: 355913 ns, Reaching safepoint: 108904 ns, At safepoint: 17401 ns, Total: 126305 ns
[18.910s][info ][safepoint      ] Safepoint "ICBufferFull", Time since last: 1100340 ns, Reaching safepoint: 3617134 ns, At safepoint: 27701 ns, Total: 3644835 ns
[18.913s][info ][safepoint      ] Safepoint "ICBufferFull", Time since last: 3580833 ns, Reaching safepoint: 200807 ns, At safepoint: 23901 ns, Total: 224708 ns
[18.919s][info ][safepoint      ] Safepoint "ICBufferFull", Time since last: 5138590 ns, Reaching safepoint: 130905 ns, At safepoint: 21801 ns, Total: 152706 ns
[18.922s][info ][safepoint      ] Safepoint "ICBufferFull", Time since last: 3442827 ns, Reaching safepoint: 131405 ns, At safepoint: 28101 ns, Total: 159506 ns
[18.923s][info ][safepoint      ] Safepoint "ICBufferFull", Time since last: 83003 ns, Reaching safepoint: 87903 ns, At safepoint: 24501 ns, Total: 112404 ns
[18.928s][info ][safepoint      ] Safepoint "ICBufferFull", Time since last: 5622708 ns, Reaching safepoint: 124805 ns, At safepoint: 24501 ns, Total: 149306 ns
[18.928s][info ][safepoint      ] Safepoint "ICBufferFull", Time since last: 68402 ns, Reaching safepoint: 88203 ns, At safepoint: 18201 ns, Total: 106404 ns
[18.929s][info ][safepoint      ] Safepoint "ICBufferFull", Time since last: 31601 ns, Reaching safepoint: 87803 ns, At safepoint: 20201 ns, Total: 108004 ns
[18.933s][info ][safepoint      ] Safepoint "ICBufferFull", Time since last: 4647072 ns, Reaching safepoint: 114404 ns, At safepoint: 23601 ns, Total: 138005 ns
[18.934s][info ][safepoint      ] Safepoint "ICBufferFull", Time since last: 67103 ns, Reaching safepoint: 89903 ns, At safepoint: 26101 ns, Total: 116004 ns
[18.941s][info ][safepoint      ] Safepoint "ICBufferFull", Time since last: 6796651 ns, Reaching safepoint: 109704 ns, At safepoint: 28001 ns, Total: 137705 ns
[18.945s][info ][safepoint      ] Safepoint "ICBufferFull", Time since last: 82903 ns, Reaching safepoint: 4237557 ns, At safepoint: 25301 ns, Total: 4262858 ns
[18.946s][info ][safepoint      ] Safepoint "ICBufferFull", Time since last: 1058539 ns, Reaching safepoint: 98904 ns, At safepoint: 22501 ns, Total: 121405 ns
[18.947s][info ][safepoint      ] Safepoint "ICBufferFull", Time since last: 1082940 ns, Reaching safepoint: 96203 ns, At safepoint: 23001 ns, Total: 119204 ns
[18.949s][info ][safepoint      ] Safepoint "ICBufferFull", Time since last: 1523557 ns, Reaching safepoint: 123404 ns, At safepoint: 23001 ns, Total: 146405 ns
[18.950s][info ][safepoint      ] Safepoint "ICBufferFull", Time since last: 415315 ns, Reaching safepoint: 154606 ns, At safepoint: 25401 ns, Total: 180007 ns
[18.954s][info ][safepoint      ] Safepoint "ICBufferFull", Time since last: 2485392 ns, Reaching safepoint: 2119478 ns, At safepoint: 19401 ns, Total: 2138879 ns
[18.960s][info ][safepoint      ] Safepoint "ICBufferFull", Time since last: 5129790 ns, Reaching safepoint: 992036 ns, At safepoint: 14301 ns, Total: 1006337 ns
[18.969s][info ][safepoint      ] Safepoint "ICBufferFull", Time since last: 7915693 ns, Reaching safepoint: 662024 ns, At safepoint: 11601 ns, Total: 673625 ns
[18.969s][info ][safepoint      ] Safepoint "ICBufferFull", Time since last: 88203 ns, Reaching safepoint: 47402 ns, At safepoint: 26501 ns, Total: 73903 ns
[18.969s][info ][safepoint      ] Safepoint "ICBufferFull", Time since last: 40501 ns, Reaching safepoint: 88403 ns, At safepoint: 18601 ns, Total: 107004 ns
[18.972s][info ][safepoint      ] Safepoint "ICBufferFull", Time since last: 2226382 ns, Reaching safepoint: 112705 ns, At safepoint: 26700 ns, Total: 139405 ns
[18.976s][info ][safepoint      ] Safepoint "ICBufferFull", Time since last: 4659373 ns, Reaching safepoint: 106804 ns, At safepoint: 20601 ns, Total: 127405 ns
[18.977s][info ][safepoint      ] Safepoint "ICBufferFull", Time since last: 94603 ns, Reaching safepoint: 101004 ns, At safepoint: 9500 ns, Total: 110504 ns
[18.977s][info ][safepoint      ] Safepoint "ICBufferFull", Time since last: 56702 ns, Reaching safepoint: 86303 ns, At safepoint: 16801 ns, Total: 103104 ns
[18.977s][info ][safepoint      ] Safepoint "ICBufferFull", Time since last: 535320 ns, Reaching safepoint: 89303 ns, At safepoint: 13201 ns, Total: 102504 ns
[18.987s][info ][safepoint      ] Safepoint "ICBufferFull", Time since last: 9880765 ns, Reaching safepoint: 102104 ns, At safepoint: 22601 ns, Total: 124705 ns
[18.992s][info ][safepoint      ] Safepoint "ICBufferFull", Time since last: 4855579 ns, Reaching safepoint: 96504 ns, At safepoint: 15000 ns, Total: 111504 ns
[18.992s][info ][safepoint      ] Safepoint "ICBufferFull", Time since last: 54402 ns, Reaching safepoint: 87704 ns, At safepoint: 18700 ns, Total: 106404 ns
[18.993s][info ][safepoint      ] Safepoint "ICBufferFull", Time since last: 46402 ns, Reaching safepoint: 86903 ns, At safepoint: 20301 ns, Total: 107204 ns
[18.993s][info ][safepoint      ] Safepoint "ICBufferFull", Time since last: 40501 ns, Reaching safepoint: 92504 ns, At safepoint: 19701 ns, Total: 112205 ns
[19.005s][info ][safepoint      ] Safepoint "ICBufferFull", Time since last: 12050045 ns, Reaching safepoint: 120005 ns, At safepoint: 16900 ns, Total: 136905 ns
[19.006s][info ][safepoint      ] Safepoint "ICBufferFull", Time since last: 1258747 ns, Reaching safepoint: 97703 ns, At safepoint: 10301 ns, Total: 108004 ns
[19.012s][info ][safepoint      ] Safepoint "ICBufferFull", Time since last: 5997822 ns, Reaching safepoint: 109304 ns, At safepoint: 12600 ns, Total: 121904 ns
[19.016s][info ][safepoint      ] Safepoint "ICBufferFull", Time since last: 3777640 ns, Reaching safepoint: 122504 ns, At safepoint: 28001 ns, Total: 150505 ns
[19.023s][info ][safepoint      ] Safepoint "ICBufferFull", Time since last: 6066725 ns, Reaching safepoint: 104904 ns, At safepoint: 14900 ns, Total: 119804 ns
[19.025s][info ][safepoint      ] Safepoint "ICBufferFull", Time since last: 2821005 ns, Reaching safepoint: 105403 ns, At safepoint: 17801 ns, Total: 123204 ns
[19.026s][info ][safepoint      ] Safepoint "ICBufferFull", Time since last: 453917 ns, Reaching safepoint: 99304 ns, At safepoint: 22300 ns, Total: 121604 ns
[19.026s][info ][safepoint      ] Safepoint "ICBufferFull", Time since last: 278711 ns, Reaching safepoint: 90403 ns, At safepoint: 24401 ns, Total: 114804 ns
[19.029s][info ][safepoint      ] Safepoint "ICBufferFull", Time since last: 1950472 ns, Reaching safepoint: 124305 ns, At safepoint: 22000 ns, Total: 146305 ns
[19.031s][info ][safepoint      ] Safepoint "ICBufferFull", Time since last: 2000474 ns, Reaching safepoint: 123505 ns, At safepoint: 20301 ns, Total: 143806 ns
[19.031s][info ][safepoint      ] Safepoint "ICBufferFull", Time since last: 293811 ns, Reaching safepoint: 112904 ns, At safepoint: 21301 ns, Total: 134205 ns
[19.034s][info ][safepoint      ] Safepoint "ICBufferFull", Time since last: 2459891 ns, Reaching safepoint: 131204 ns, At safepoint: 21901 ns, Total: 153105 ns
[19.039s][info ][safepoint      ] Safepoint "ICBufferFull", Time since last: 4656072 ns, Reaching safepoint: 127305 ns, At safepoint: 23601 ns, Total: 150906 ns
[19.040s][info ][safepoint      ] Safepoint "ICBufferFull", Time since last: 1190644 ns, Reaching safepoint: 102104 ns, At safepoint: 27301 ns, Total: 129405 ns
[19.041s][info ][safepoint      ] Safepoint "ICBufferFull", Time since last: 1301048 ns, Reaching safepoint: 101904 ns, At safepoint: 21100 ns, Total: 123004 ns
[19.041s][info ][safepoint      ] Safepoint "ICBufferFull", Time since last: 46102 ns, Reaching safepoint: 89404 ns, At safepoint: 22100 ns, Total: 111504 ns
[19.044s][info ][safepoint      ] Safepoint "ICBufferFull", Time since last: 1978974 ns, Reaching safepoint: 112604 ns, At safepoint: 26201 ns, Total: 138805 ns
[19.053s][info ][safepoint      ] Safepoint "ICBufferFull", Time since last: 1126641 ns, Reaching safepoint: 8489514 ns, At safepoint: 27401 ns, Total: 8516915 ns
[19.061s][info ][safepoint      ] Safepoint "ICBufferFull", Time since last: 2978510 ns, Reaching safepoint: 4518468 ns, At safepoint: 36801 ns, Total: 4555269 ns
[19.068s][info ][safepoint      ] Safepoint "ICBufferFull", Time since last: 7122163 ns, Reaching safepoint: 175007 ns, At safepoint: 39501 ns, Total: 214508 ns
[19.069s][info ][safepoint      ] Safepoint "ICBufferFull", Time since last: 1002637 ns, Reaching safepoint: 107604 ns, At safepoint: 22301 ns, Total: 129905 ns
[19.071s][info ][safepoint      ] Safepoint "ICBufferFull", Time since last: 1330649 ns, Reaching safepoint: 108004 ns, At safepoint: 25301 ns, Total: 133305 ns
[19.071s][info ][safepoint      ] Safepoint "ICBufferFull", Time since last: 56902 ns, Reaching safepoint: 88604 ns, At safepoint: 20900 ns, Total: 109504 ns
[19.072s][info ][safepoint      ] Safepoint "ICBufferFull", Time since last: 569621 ns, Reaching safepoint: 163807 ns, At safepoint: 21600 ns, Total: 185407 ns
[19.074s][info ][safepoint      ] Safepoint "ICBufferFull", Time since last: 2320386 ns, Reaching safepoint: 115904 ns, At safepoint: 29402 ns, Total: 145306 ns
[19.074s][info ][safepoint      ] Safepoint "ICBufferFull", Time since last: 53601 ns, Reaching safepoint: 162406 ns, At safepoint: 21601 ns, Total: 184007 ns
[19.075s][info ][safepoint      ] Safepoint "ICBufferFull", Time since last: 148906 ns, Reaching safepoint: 90103 ns, At safepoint: 22301 ns, Total: 112404 ns
[19.080s][info ][safepoint      ] Safepoint "ICBufferFull", Time since last: 4792977 ns, Reaching safepoint: 133905 ns, At safepoint: 21501 ns, Total: 155406 ns
[19.088s][info ][safepoint      ] Safepoint "ICBufferFull", Time since last: 8647820 ns, Reaching safepoint: 115704 ns, At safepoint: 6300 ns, Total: 122004 ns
[19.096s][info ][safepoint      ] Safepoint "ICBufferFull", Time since last: 7880092 ns, Reaching safepoint: 30901 ns, At safepoint: 17901 ns, Total: 48802 ns
[19.096s][info ][safepoint      ] Safepoint "ICBufferFull", Time since last: 79202 ns, Reaching safepoint: 92704 ns, At safepoint: 18201 ns, Total: 110905 ns
[19.097s][info ][safepoint      ] Safepoint "ICBufferFull", Time since last: 110504 ns, Reaching safepoint: 88503 ns, At safepoint: 16301 ns, Total: 104804 ns
[19.097s][info ][safepoint      ] Safepoint "ICBufferFull", Time since last: 188506 ns, Reaching safepoint: 98304 ns, At safepoint: 19601 ns, Total: 117905 ns
[19.097s][info ][safepoint      ] Safepoint "ICBufferFull", Time since last: 35301 ns, Reaching safepoint: 93804 ns, At safepoint: 19800 ns, Total: 113604 ns
[19.099s][info ][safepoint      ] Safepoint "ICBufferFull", Time since last: 1307849 ns, Reaching safepoint: 95403 ns, At safepoint: 20101 ns, Total: 115504 ns
[19.136s][info ][safepoint      ] Safepoint "ICBufferFull", Time since last: 28098839 ns, Reaching safepoint: 9519652 ns, At safepoint: 30501 ns, Total: 9550153 ns
[19.149s][info ][safepoint      ] Safepoint "ICBufferFull", Time since last: 8006496 ns, Reaching safepoint: 5061788 ns, At safepoint: 20800 ns, Total: 5082588 ns
[19.165s][info ][safepoint      ] Safepoint "ICBufferFull", Time since last: 3740739 ns, Reaching safepoint: 12258153 ns, At safepoint: 22501 ns, Total: 12280654 ns
[19.183s][info ][gc,start       ] GC(19) Pause Young (Allocation Failure)
[19.200s][debug][gc,phases      ] GC(19) Scavenge 16.721ms
[19.200s][debug][gc,ref         ] GC(19) Skipped phase 1 of Reference Processing: no references
[19.200s][debug][gc,ref         ] GC(19) Skipped phase 2 of Reference Processing: no references
[19.200s][debug][gc,ref         ] GC(19) Skipped phase 3 of Reference Processing: no references
[19.200s][debug][gc,ref         ] GC(19) Skipped phase 4 of Reference Processing: no references
[19.200s][debug][gc,phases      ] GC(19) Reference Processing 0.044ms
[19.201s][debug][gc,phases      ] GC(19)   VM Weak                        Min:  0.0, Avg:  0.0, Max:  0.0, Diff:  0.0, Sum:  0.0, Workers: 4
[19.201s][debug][gc,phases      ] GC(19)     Dead                           Min: 0, Avg:  0.0, Max: 0, Diff: 0, Sum: 0, Workers: 4
[19.201s][debug][gc,phases      ] GC(19)     Total                          Min: 0, Avg: 156.5, Max: 626, Diff: 626, Sum: 626, Workers: 4
[19.201s][debug][gc,phases      ] GC(19)   ObjectSynchronizer Weak        Min:  0.0, Avg:  0.0, Max:  0.0, Diff:  0.0, Sum:  0.0, Workers: 4
[19.201s][debug][gc,phases      ] GC(19)     Dead                           Min: 0, Avg:  0.0, Max: 0, Diff: 0, Sum: 0, Workers: 4
[19.201s][debug][gc,phases      ] GC(19)     Total                          Min: 0, Avg: 76.8, Max: 307, Diff: 307, Sum: 307, Workers: 4
[19.201s][debug][gc,phases      ] GC(19)   JVMTI Tag Weak OopStorage      Min:  0.0, Avg:  0.0, Max:  0.0, Diff:  0.0, Sum:  0.0, Workers: 4
[19.201s][debug][gc,phases      ] GC(19)     Dead                           Min: 0, Avg:  0.0, Max: 0, Diff: 0, Sum: 0, Workers: 4
[19.201s][debug][gc,phases      ] GC(19)     Total                          Min: 0, Avg:  0.0, Max: 0, Diff: 0, Sum: 0, Workers: 4
[19.201s][debug][gc,phases      ] GC(19)   StringTable Weak               Min:  0.0, Avg:  0.1, Max:  0.3, Diff:  0.3, Sum:  0.3, Workers: 4
[19.201s][debug][gc,phases      ] GC(19)     Dead                           Min: 0, Avg:  2.8, Max: 11, Diff: 11, Sum: 11, Workers: 4
[19.201s][debug][gc,phases      ] GC(19)     Total                          Min: 0, Avg: 10991.8, Max: 43967, Diff: 43967, Sum: 43967, Workers: 4
[19.201s][debug][gc,phases      ] GC(19)   ResolvedMethodTable Weak       Min:  0.0, Avg:  0.0, Max:  0.1, Diff:  0.1, Sum:  0.1, Workers: 4
[19.201s][debug][gc,phases      ] GC(19)     Dead                           Min: 0, Avg:  0.0, Max: 0, Diff: 0, Sum: 0, Workers: 4
[19.201s][debug][gc,phases      ] GC(19)     Total                          Min: 0, Avg: 1826.0, Max: 7304, Diff: 7304, Sum: 7304, Workers: 4
[19.201s][debug][gc,phases      ] GC(19)   JNI Weak                       Min:  0.0, Avg:  0.0, Max:  0.0, Diff:  0.0, Sum:  0.0, Workers: 4
[19.201s][debug][gc,phases      ] GC(19)     Dead                           Min: 0, Avg:  0.0, Max: 0, Diff: 0, Sum: 0, Workers: 4
[19.201s][debug][gc,phases      ] GC(19)     Total                          Min: 0, Avg:  0.8, Max: 3, Diff: 3, Sum: 3, Workers: 4
[19.201s][debug][gc,phases      ] GC(19)   StringDedup Table Weak         Min:  0.0, Avg:  0.0, Max:  0.0, Diff:  0.0, Sum:  0.0, Workers: 4
[19.201s][debug][gc,phases      ] GC(19)     Dead                           Min: 0, Avg:  0.0, Max: 0, Diff: 0, Sum: 0, Workers: 4
[19.201s][debug][gc,phases      ] GC(19)     Total                          Min: 0, Avg:  0.0, Max: 0, Diff: 0, Sum: 0, Workers: 4
[19.201s][debug][gc,phases      ] GC(19)   StringDedup Requests0 Weak     Min:  0.0, Avg:  0.0, Max:  0.0, Diff:  0.0, Sum:  0.0, Workers: 4
[19.201s][debug][gc,phases      ] GC(19)     Dead                           Min: 0, Avg:  0.0, Max: 0, Diff: 0, Sum: 0, Workers: 4
[19.201s][debug][gc,phases      ] GC(19)     Total                          Min: 0, Avg:  0.0, Max: 0, Diff: 0, Sum: 0, Workers: 4
[19.201s][debug][gc,phases      ] GC(19)   StringDedup Requests1 Weak     Min:  0.0, Avg:  0.0, Max:  0.0, Diff:  0.0, Sum:  0.0, Workers: 4
[19.201s][debug][gc,phases      ] GC(19)     Dead                           Min: 0, Avg:  0.0, Max: 0, Diff: 0, Sum: 0, Workers: 4
[19.201s][debug][gc,phases      ] GC(19)     Total                          Min: 0, Avg:  0.0, Max: 0, Diff: 0, Sum: 0, Workers: 4
[19.201s][debug][gc,phases      ] GC(19)   Weak JFR Old Object Samples    Min:  0.0, Avg:  0.0, Max:  0.0, Diff:  0.0, Sum:  0.0, Workers: 4
[19.201s][debug][gc,phases      ] GC(19)     Dead                           Min: 0, Avg:  0.0, Max: 0, Diff: 0, Sum: 0, Workers: 4
[19.201s][debug][gc,phases      ] GC(19)     Total                          Min: 0, Avg:  0.0, Max: 0, Diff: 0, Sum: 0, Workers: 4
[19.201s][debug][gc,phases      ] GC(19) Weak Processing 0.644ms
[19.201s][debug][gc,age         ] GC(19) Desired survivor size 536870912 bytes, new threshold 1 (max threshold 15)
[19.201s][info ][gc,heap        ] GC(19) PSYoungGen: 1053073K(1572864K)->4045K(1572864K) Eden: 1048576K(1048576K)->0K(1048576K) From: 4497K(524288K)->4045K(524288K)
[19.201s][info ][gc,heap        ] GC(19) ParOldGen: 654146K(929280K)->657594K(929280K)
[19.201s][info ][gc,metaspace   ] GC(19) Metaspace: 70070K(70784K)->70070K(70784K) NonClass: 59786K(60160K)->59786K(60160K) Class: 10284K(10624K)->10284K(10624K)
[19.201s][info ][gc             ] GC(19) Pause Young (Allocation Failure) 1667M->646M(2443M) 17.573ms
[19.201s][info ][gc,cpu         ] GC(19) User=0.03s Sys=0.00s Real=0.02s
[19.201s][info ][safepoint      ] Safepoint "ParallelGCFailedAllocation", Time since last: 7204766 ns, Reaching safepoint: 10885503 ns, At safepoint: 17685254 ns, Total: 28570757 ns
[19.204s][info ][safepoint      ] Safepoint "ICBufferFull", Time since last: 3110915 ns, Reaching safepoint: 112904 ns, At safepoint: 9201 ns, Total: 122105 ns
[19.206s][info ][safepoint      ] Safepoint "ICBufferFull", Time since last: 1119541 ns, Reaching safepoint: 527819 ns, At safepoint: 13601 ns, Total: 541420 ns
[19.207s][info ][safepoint      ] Safepoint "ICBufferFull", Time since last: 1236546 ns, Reaching safepoint: 118604 ns, At safepoint: 10900 ns, Total: 129504 ns
[19.214s][info ][safepoint      ] Safepoint "ICBufferFull", Time since last: 5548006 ns, Reaching safepoint: 1109841 ns, At safepoint: 11800 ns, Total: 1121641 ns
[19.222s][info ][safepoint      ] Safepoint "ICBufferFull", Time since last: 8114700 ns, Reaching safepoint: 90604 ns, At safepoint: 28101 ns, Total: 118705 ns
[19.222s][info ][safepoint      ] Safepoint "ICBufferFull", Time since last: 108404 ns, Reaching safepoint: 92703 ns, At safepoint: 19501 ns, Total: 112204 ns
[19.223s][info ][safepoint      ] Safepoint "ICBufferFull", Time since last: 37301 ns, Reaching safepoint: 90903 ns, At safepoint: 26801 ns, Total: 117704 ns
[19.224s][info ][safepoint      ] Safepoint "ICBufferFull", Time since last: 1156743 ns, Reaching safepoint: 113504 ns, At safepoint: 18001 ns, Total: 131505 ns
[19.230s][info ][safepoint      ] Safepoint "ICBufferFull", Time since last: 4286159 ns, Reaching safepoint: 2125178 ns, At safepoint: 25101 ns, Total: 2150279 ns
[19.237s][info ][safepoint      ] Safepoint "ICBufferFull", Time since last: 2627597 ns, Reaching safepoint: 4272758 ns, At safepoint: 27001 ns, Total: 4299759 ns
[19.249s][info ][safepoint      ] Safepoint "ICBufferFull", Time since last: 11190814 ns, Reaching safepoint: 209608 ns, At safepoint: 34201 ns, Total: 243809 ns
[19.250s][info ][safepoint      ] Safepoint "ICBufferFull", Time since last: 1152143 ns, Reaching safepoint: 99704 ns, At safepoint: 28901 ns, Total: 128605 ns
[19.251s][info ][safepoint      ] Safepoint "ICBufferFull", Time since last: 1149842 ns, Reaching safepoint: 96304 ns, At safepoint: 27301 ns, Total: 123605 ns
[19.253s][info ][safepoint      ] Safepoint "ICBufferFull", Time since last: 1141842 ns, Reaching safepoint: 122004 ns, At safepoint: 27601 ns, Total: 149605 ns
[19.257s][info ][safepoint      ] Safepoint "ICBufferFull", Time since last: 1195145 ns, Reaching safepoint: 3228519 ns, At safepoint: 25501 ns, Total: 3254020 ns
[19.264s][info ][safepoint      ] Safepoint "ICBufferFull", Time since last: 4050450 ns, Reaching safepoint: 3252920 ns, At safepoint: 31501 ns, Total: 3284421 ns
[19.269s][info ][safepoint      ] Safepoint "ICBufferFull", Time since last: 1224546 ns, Reaching safepoint: 3173717 ns, At safepoint: 28601 ns, Total: 3202318 ns
[19.271s][info ][safepoint      ] Safepoint "ICBufferFull", Time since last: 2119878 ns, Reaching safepoint: 101004 ns, At safepoint: 13001 ns, Total: 114005 ns
[19.271s][info ][safepoint      ] Safepoint "ICBufferFull", Time since last: 76602 ns, Reaching safepoint: 90404 ns, At safepoint: 24301 ns, Total: 114705 ns
[19.272s][info ][safepoint      ] Safepoint "ICBufferFull", Time since last: 1139742 ns, Reaching safepoint: 92003 ns, At safepoint: 16501 ns, Total: 108504 ns
[19.273s][info ][safepoint      ] Safepoint "ICBufferFull", Time since last: 51702 ns, Reaching safepoint: 92903 ns, At safepoint: 23901 ns, Total: 116804 ns
[19.273s][info ][safepoint      ] Safepoint "ICBufferFull", Time since last: 113204 ns, Reaching safepoint: 89304 ns, At safepoint: 18500 ns, Total: 107804 ns
[19.273s][info ][safepoint      ] Safepoint "ICBufferFull", Time since last: 63203 ns, Reaching safepoint: 100003 ns, At safepoint: 23501 ns, Total: 123504 ns
[19.280s][info ][safepoint      ] Safepoint "ICBufferFull", Time since last: 7215467 ns, Reaching safepoint: 98204 ns, At safepoint: 15600 ns, Total: 113804 ns
[19.280s][info ][safepoint      ] Safepoint "ICBufferFull", Time since last: 70303 ns, Reaching safepoint: 86303 ns, At safepoint: 22601 ns, Total: 108904 ns
[19.284s][info ][safepoint      ] Safepoint "ICBufferFull", Time since last: 3363324 ns, Reaching safepoint: 113704 ns, At safepoint: 29601 ns, Total: 143305 ns
[19.285s][info ][safepoint      ] Safepoint "ICBufferFull", Time since last: 528620 ns, Reaching safepoint: 90103 ns, At safepoint: 28601 ns, Total: 118704 ns
[19.285s][info ][safepoint      ] Safepoint "ICBufferFull", Time since last: 38002 ns, Reaching safepoint: 91603 ns, At safepoint: 21701 ns, Total: 113304 ns
[19.294s][info ][safepoint      ] Safepoint "ICBufferFull", Time since last: 9284643 ns, Reaching safepoint: 71103 ns, At safepoint: 23701 ns, Total: 94804 ns
[19.294s][info ][safepoint      ] Safepoint "ICBufferFull", Time since last: 74203 ns, Reaching safepoint: 89103 ns, At safepoint: 27001 ns, Total: 116104 ns
[19.295s][info ][safepoint      ] Safepoint "ICBufferFull", Time since last: 59302 ns, Reaching safepoint: 88103 ns, At safepoint: 27101 ns, Total: 115204 ns
[19.295s][info ][safepoint      ] Safepoint "ICBufferFull", Time since last: 153506 ns, Reaching safepoint: 91803 ns, At safepoint: 25401 ns, Total: 117204 ns
[19.295s][info ][safepoint      ] Safepoint "ICBufferFull", Time since last: 40302 ns, Reaching safepoint: 89003 ns, At safepoint: 23201 ns, Total: 112204 ns
[19.296s][info ][safepoint      ] Safepoint "ICBufferFull", Time since last: 32701 ns, Reaching safepoint: 713427 ns, At safepoint: 23100 ns, Total: 736527 ns
[19.299s][info ][safepoint      ] Safepoint "ICBufferFull", Time since last: 2802004 ns, Reaching safepoint: 133205 ns, At safepoint: 20701 ns, Total: 153906 ns
[19.312s][info ][safepoint      ] Safepoint "ICBufferFull", Time since last: 9092836 ns, Reaching safepoint: 4546268 ns, At safepoint: 25901 ns, Total: 4572169 ns
[19.314s][info ][safepoint      ] Safepoint "ICBufferFull", Time since last: 1146342 ns, Reaching safepoint: 104904 ns, At safepoint: 17301 ns, Total: 122205 ns
[19.318s][info ][safepoint      ] Safepoint "ICBufferFull", Time since last: 4252857 ns, Reaching safepoint: 126705 ns, At safepoint: 22001 ns, Total: 148706 ns
[19.328s][info ][safepoint      ] Safepoint "ICBufferFull", Time since last: 9987669 ns, Reaching safepoint: 153106 ns, At safepoint: 16500 ns, Total: 169606 ns
[19.336s][info ][safepoint      ] Safepoint "ICBufferFull", Time since last: 8007796 ns, Reaching safepoint: 104704 ns, At safepoint: 21801 ns, Total: 126505 ns
[19.336s][info ][safepoint      ] Safepoint "ICBufferFull", Time since last: 76403 ns, Reaching safepoint: 90303 ns, At safepoint: 16401 ns, Total: 106704 ns
[19.337s][info ][safepoint      ] Safepoint "ICBufferFull", Time since last: 68602 ns, Reaching safepoint: 90704 ns, At safepoint: 20700 ns, Total: 111404 ns
[19.337s][info ][safepoint      ] Safepoint "ICBufferFull", Time since last: 154806 ns, Reaching safepoint: 91403 ns, At safepoint: 18601 ns, Total: 110004 ns
[19.338s][info ][safepoint      ] Safepoint "ICBufferFull", Time since last: 1151643 ns, Reaching safepoint: 92503 ns, At safepoint: 15301 ns, Total: 107804 ns
[19.338s][info ][safepoint      ] Safepoint "ICBufferFull", Time since last: 59302 ns, Reaching safepoint: 87403 ns, At safepoint: 12801 ns, Total: 100204 ns
[19.346s][info ][safepoint      ] Safepoint "ICBufferFull", Time since last: 7932293 ns, Reaching safepoint: 136305 ns, At safepoint: 16901 ns, Total: 153206 ns
[19.348s][info ][safepoint      ] Safepoint "ICBufferFull", Time since last: 1102140 ns, Reaching safepoint: 95804 ns, At safepoint: 13700 ns, Total: 109504 ns
[19.352s][info ][safepoint      ] Safepoint "ICBufferFull", Time since last: 4530068 ns, Reaching safepoint: 111304 ns, At safepoint: 14300 ns, Total: 125604 ns
[19.354s][info ][safepoint      ] Safepoint "ICBufferFull", Time since last: 1121042 ns, Reaching safepoint: 104204 ns, At safepoint: 12300 ns, Total: 116504 ns
[19.355s][info ][safepoint      ] Safepoint "ICBufferFull", Time since last: 1069340 ns, Reaching safepoint: 103804 ns, At safepoint: 14000 ns, Total: 117804 ns
[19.357s][info ][safepoint      ] Safepoint "ICBufferFull", Time since last: 1055139 ns, Reaching safepoint: 1610160 ns, At safepoint: 16500 ns, Total: 1626660 ns
[19.365s][info ][safepoint      ] Safepoint "ICBufferFull", Time since last: 1090441 ns, Reaching safepoint: 6372635 ns, At safepoint: 23101 ns, Total: 6395736 ns
[19.365s][info ][safepoint      ] Safepoint "ICBufferFull", Time since last: 79703 ns, Reaching safepoint: 501419 ns, At safepoint: 22300 ns, Total: 523719 ns
[19.366s][info ][safepoint      ] Safepoint "ICBufferFull", Time since last: 33702 ns, Reaching safepoint: 89403 ns, At safepoint: 15700 ns, Total: 105103 ns
[19.370s][info ][safepoint      ] Safepoint "ICBufferFull", Time since last: 4200956 ns, Reaching safepoint: 133705 ns, At safepoint: 16500 ns, Total: 150205 ns
[19.370s][info ][safepoint      ] Safepoint "ICBufferFull", Time since last: 67403 ns, Reaching safepoint: 91903 ns, At safepoint: 16601 ns, Total: 108504 ns
[19.372s][info ][safepoint      ] Safepoint "ICBufferFull", Time since last: 1165443 ns, Reaching safepoint: 173606 ns, At safepoint: 17101 ns, Total: 190707 ns
[19.374s][info ][safepoint      ] Safepoint "ICBufferFull", Time since last: 2404189 ns, Reaching safepoint: 125605 ns, At safepoint: 20900 ns, Total: 146505 ns
[19.381s][info ][safepoint      ] Safepoint "ICBufferFull", Time since last: 285911 ns, Reaching safepoint: 6380736 ns, At safepoint: 22601 ns, Total: 6403337 ns
[19.382s][info ][safepoint      ] Safepoint "ICBufferFull", Time since last: 1409452 ns, Reaching safepoint: 104504 ns, At safepoint: 25801 ns, Total: 130305 ns
[19.384s][info ][safepoint      ] Safepoint "ICBufferFull", Time since last: 1157742 ns, Reaching safepoint: 104004 ns, At safepoint: 16001 ns, Total: 120005 ns
[19.385s][info ][safepoint      ] Safepoint "ICBufferFull", Time since last: 1199344 ns, Reaching safepoint: 102104 ns, At safepoint: 20701 ns, Total: 122805 ns
[19.388s][info ][safepoint      ] Safepoint "ICBufferFull", Time since last: 1004037 ns, Reaching safepoint: 2143679 ns, At safepoint: 25001 ns, Total: 2168680 ns
[19.388s][info ][safepoint      ] Safepoint "ICBufferFull", Time since last: 250109 ns, Reaching safepoint: 89204 ns, At safepoint: 22900 ns, Total: 112104 ns
[19.392s][info ][safepoint      ] Safepoint "ICBufferFull", Time since last: 3444628 ns, Reaching safepoint: 111004 ns, At safepoint: 20901 ns, Total: 131905 ns
[19.392s][info ][safepoint      ] Safepoint "ICBufferFull", Time since last: 293010 ns, Reaching safepoint: 93104 ns, At safepoint: 19601 ns, Total: 112705 ns
[19.396s][info ][safepoint      ] Safepoint "ICBufferFull", Time since last: 3776839 ns, Reaching safepoint: 99504 ns, At safepoint: 20501 ns, Total: 120005 ns
[19.396s][info ][safepoint      ] Safepoint "ICBufferFull", Time since last: 59202 ns, Reaching safepoint: 90803 ns, At safepoint: 19801 ns, Total: 110604 ns
[19.418s][info ][safepoint      ] Safepoint "ICBufferFull", Time since last: 21585598 ns, Reaching safepoint: 119005 ns, At safepoint: 20400 ns, Total: 139405 ns
[19.418s][info ][safepoint      ] Safepoint "ICBufferFull", Time since last: 93004 ns, Reaching safepoint: 94603 ns, At safepoint: 19501 ns, Total: 114104 ns
[19.428s][info ][safepoint      ] Safepoint "ICBufferFull", Time since last: 9746860 ns, Reaching safepoint: 185007 ns, At safepoint: 22601 ns, Total: 207608 ns
[19.430s][info ][safepoint      ] Safepoint "ICBufferFull", Time since last: 1482655 ns, Reaching safepoint: 105804 ns, At safepoint: 21201 ns, Total: 127005 ns
[19.573s][info ][gc,start       ] GC(20) Pause Young (Allocation Failure)
[19.587s][debug][gc,phases      ] GC(20) Scavenge 14.378ms
[19.588s][debug][gc,ref         ] GC(20) Skipped phase 1 of Reference Processing: no references
[19.588s][debug][gc,ref         ] GC(20) ReferenceProcessor::execute queues: 1, RefProcThreadModel::Single, marks_oops_alive: false
[19.588s][debug][gc,ref         ] GC(20) Skipped phase 3 of Reference Processing: no references
[19.588s][debug][gc,ref         ] GC(20) ReferenceProcessor::execute queues: 1, RefProcThreadModel::Single, marks_oops_alive: false
[19.588s][debug][gc,phases      ] GC(20) Reference Processing 0.152ms
[19.588s][debug][gc,phases      ] GC(20)   VM Weak                        Min:  0.0, Avg:  0.0, Max:  0.0, Diff:  0.0, Sum:  0.0, Workers: 4
[19.588s][debug][gc,phases      ] GC(20)     Dead                           Min: 0, Avg:  0.0, Max: 0, Diff: 0, Sum: 0, Workers: 4
[19.588s][debug][gc,phases      ] GC(20)     Total                          Min: 0, Avg: 156.5, Max: 512, Diff: 512, Sum: 626, Workers: 4
[19.588s][debug][gc,phases      ] GC(20)   ObjectSynchronizer Weak        Min:  0.0, Avg:  0.0, Max:  0.0, Diff:  0.0, Sum:  0.0, Workers: 4
[19.588s][debug][gc,phases      ] GC(20)     Dead                           Min: 0, Avg:  0.0, Max: 0, Diff: 0, Sum: 0, Workers: 4
[19.588s][debug][gc,phases      ] GC(20)     Total                          Min: 0, Avg: 76.8, Max: 179, Diff: 179, Sum: 307, Workers: 4
[19.588s][debug][gc,phases      ] GC(20)   JVMTI Tag Weak OopStorage      Min:  0.0, Avg:  0.0, Max:  0.0, Diff:  0.0, Sum:  0.0, Workers: 4
[19.588s][debug][gc,phases      ] GC(20)     Dead                           Min: 0, Avg:  0.0, Max: 0, Diff: 0, Sum: 0, Workers: 4
[19.588s][debug][gc,phases      ] GC(20)     Total                          Min: 0, Avg:  0.0, Max: 0, Diff: 0, Sum: 0, Workers: 4
[19.588s][debug][gc,phases      ] GC(20)   StringTable Weak               Min:  0.0, Avg:  0.1, Max:  0.1, Diff:  0.1, Sum:  0.4, Workers: 4
[19.588s][debug][gc,phases      ] GC(20)     Dead                           Min: 0, Avg:  0.0, Max: 0, Diff: 0, Sum: 0, Workers: 4
[19.588s][debug][gc,phases      ] GC(20)     Total                          Min: 0, Avg: 10992.2, Max: 15680, Diff: 15680, Sum: 43969, Workers: 4
[19.588s][debug][gc,phases      ] GC(20)   ResolvedMethodTable Weak       Min:  0.0, Avg:  0.0, Max:  0.0, Diff:  0.0, Sum:  0.1, Workers: 4
[19.588s][debug][gc,phases      ] GC(20)     Dead                           Min: 0, Avg:  0.0, Max: 0, Diff: 0, Sum: 0, Workers: 4
[19.588s][debug][gc,phases      ] GC(20)     Total                          Min: 0, Avg: 1826.8, Max: 3020, Diff: 3020, Sum: 7307, Workers: 4
[19.588s][debug][gc,phases      ] GC(20)   JNI Weak                       Min:  0.0, Avg:  0.0, Max:  0.0, Diff:  0.0, Sum:  0.0, Workers: 4
[19.588s][debug][gc,phases      ] GC(20)     Dead                           Min: 0, Avg:  0.0, Max: 0, Diff: 0, Sum: 0, Workers: 4
[19.588s][debug][gc,phases      ] GC(20)     Total                          Min: 0, Avg:  1.2, Max: 5, Diff: 5, Sum: 5, Workers: 4
[19.588s][debug][gc,phases      ] GC(20)   StringDedup Table Weak         Min:  0.0, Avg:  0.0, Max:  0.0, Diff:  0.0, Sum:  0.0, Workers: 4
[19.588s][debug][gc,phases      ] GC(20)     Dead                           Min: 0, Avg:  0.0, Max: 0, Diff: 0, Sum: 0, Workers: 4
[19.588s][debug][gc,phases      ] GC(20)     Total                          Min: 0, Avg:  0.0, Max: 0, Diff: 0, Sum: 0, Workers: 4
[19.588s][debug][gc,phases      ] GC(20)   StringDedup Requests0 Weak     Min:  0.0, Avg:  0.0, Max:  0.0, Diff:  0.0, Sum:  0.0, Workers: 4
[19.588s][debug][gc,phases      ] GC(20)     Dead                           Min: 0, Avg:  0.0, Max: 0, Diff: 0, Sum: 0, Workers: 4
[19.588s][debug][gc,phases      ] GC(20)     Total                          Min: 0, Avg:  0.0, Max: 0, Diff: 0, Sum: 0, Workers: 4
[19.588s][debug][gc,phases      ] GC(20)   StringDedup Requests1 Weak     Min:  0.0, Avg:  0.0, Max:  0.0, Diff:  0.0, Sum:  0.0, Workers: 4
[19.588s][debug][gc,phases      ] GC(20)     Dead                           Min: 0, Avg:  0.0, Max: 0, Diff: 0, Sum: 0, Workers: 4
[19.588s][debug][gc,phases      ] GC(20)     Total                          Min: 0, Avg:  0.0, Max: 0, Diff: 0, Sum: 0, Workers: 4
[19.588s][debug][gc,phases      ] GC(20)   Weak JFR Old Object Samples    Min:  0.0, Avg:  0.0, Max:  0.0, Diff:  0.0, Sum:  0.0, Workers: 4
[19.588s][debug][gc,phases      ] GC(20)     Dead                           Min: 0, Avg:  0.0, Max: 0, Diff: 0, Sum: 0, Workers: 4
[19.588s][debug][gc,phases      ] GC(20)     Total                          Min: 0, Avg:  0.0, Max: 0, Diff: 0, Sum: 0, Workers: 4
[19.588s][debug][gc,phases      ] GC(20) Weak Processing 0.426ms
[19.588s][debug][gc,age         ] GC(20) Desired survivor size 536870912 bytes, new threshold 1 (max threshold 15)
[19.588s][info ][gc,heap        ] GC(20) PSYoungGen: 1052621K(1572864K)->4155K(1572864K) Eden: 1048576K(1048576K)->0K(1048576K) From: 4045K(524288K)->4155K(524288K)
[19.588s][info ][gc,heap        ] GC(20) ParOldGen: 657594K(929280K)->661010K(929280K)
[19.588s][info ][gc,metaspace   ] GC(20) Metaspace: 70079K(70784K)->70079K(70784K) NonClass: 59792K(60160K)->59792K(60160K) Class: 10287K(10624K)->10287K(10624K)
[19.588s][info ][gc             ] GC(20) Pause Young (Allocation Failure) 1670M->649M(2443M) 15.131ms
[19.588s][info ][gc,cpu         ] GC(20) User=0.03s Sys=0.00s Real=0.01s
[19.588s][info ][safepoint      ] Safepoint "ParallelGCFailedAllocation", Time since last: 142852481 ns, Reaching safepoint: 158406 ns, At safepoint: 15233163 ns, Total: 15391569 ns
[19.776s][info ][gc,start       ] GC(21) Pause Young (Allocation Failure)
[19.783s][debug][gc,phases      ] GC(21) Scavenge 7.034ms
[19.783s][debug][gc,ref         ] GC(21) Skipped phase 1 of Reference Processing: no references
[19.783s][debug][gc,ref         ] GC(21) Skipped phase 2 of Reference Processing: no references
[19.783s][debug][gc,ref         ] GC(21) Skipped phase 3 of Reference Processing: no references
[19.783s][debug][gc,ref         ] GC(21) Skipped phase 4 of Reference Processing: no references
[19.783s][debug][gc,phases      ] GC(21) Reference Processing 0.043ms
[19.783s][debug][gc,phases      ] GC(21)   VM Weak                        Min:  0.0, Avg:  0.0, Max:  0.0, Diff:  0.0, Sum:  0.0, Workers: 4
[19.783s][debug][gc,phases      ] GC(21)     Dead                           Min: 0, Avg:  0.0, Max: 0, Diff: 0, Sum: 0, Workers: 4
[19.783s][debug][gc,phases      ] GC(21)     Total                          Min: 0, Avg: 156.5, Max: 626, Diff: 626, Sum: 626, Workers: 4
[19.783s][debug][gc,phases      ] GC(21)   ObjectSynchronizer Weak        Min:  0.0, Avg:  0.0, Max:  0.0, Diff:  0.0, Sum:  0.0, Workers: 4
[19.783s][debug][gc,phases      ] GC(21)     Dead                           Min: 0, Avg:  0.0, Max: 0, Diff: 0, Sum: 0, Workers: 4
[19.783s][debug][gc,phases      ] GC(21)     Total                          Min: 0, Avg: 76.8, Max: 179, Diff: 179, Sum: 307, Workers: 4
[19.783s][debug][gc,phases      ] GC(21)   JVMTI Tag Weak OopStorage      Min:  0.0, Avg:  0.0, Max:  0.0, Diff:  0.0, Sum:  0.0, Workers: 4
[19.783s][debug][gc,phases      ] GC(21)     Dead                           Min: 0, Avg:  0.0, Max: 0, Diff: 0, Sum: 0, Workers: 4
[19.783s][debug][gc,phases      ] GC(21)     Total                          Min: 0, Avg:  0.0, Max: 0, Diff: 0, Sum: 0, Workers: 4
[19.783s][debug][gc,phases      ] GC(21)   StringTable Weak               Min:  0.1, Avg:  0.1, Max:  0.1, Diff:  0.0, Sum:  0.4, Workers: 4
[19.783s][debug][gc,phases      ] GC(21)     Dead                           Min: 0, Avg:  2.8, Max: 11, Diff: 11, Sum: 11, Workers: 4
[19.783s][debug][gc,phases      ] GC(21)     Total                          Min: 10257, Avg: 10993.5, Max: 11456, Diff: 1199, Sum: 43974, Workers: 4
[19.783s][debug][gc,phases      ] GC(21)   ResolvedMethodTable Weak       Min:  0.0, Avg:  0.0, Max:  0.0, Diff:  0.0, Sum:  0.1, Workers: 4
[19.783s][debug][gc,phases      ] GC(21)     Dead                           Min: 0, Avg:  0.0, Max: 0, Diff: 0, Sum: 0, Workers: 4
[19.783s][debug][gc,phases      ] GC(21)     Total                          Min: 1280, Avg: 1826.8, Max: 2560, Diff: 1280, Sum: 7307, Workers: 4
[19.783s][debug][gc,phases      ] GC(21)   JNI Weak                       Min:  0.0, Avg:  0.0, Max:  0.0, Diff:  0.0, Sum:  0.0, Workers: 4
[19.783s][debug][gc,phases      ] GC(21)     Dead                           Min: 0, Avg:  0.0, Max: 0, Diff: 0, Sum: 0, Workers: 4
[19.783s][debug][gc,phases      ] GC(21)     Total                          Min: 0, Avg:  0.8, Max: 3, Diff: 3, Sum: 3, Workers: 4
[19.783s][debug][gc,phases      ] GC(21)   StringDedup Table Weak         Min:  0.0, Avg:  0.0, Max:  0.0, Diff:  0.0, Sum:  0.0, Workers: 4
[19.783s][debug][gc,phases      ] GC(21)     Dead                           Min: 0, Avg:  0.0, Max: 0, Diff: 0, Sum: 0, Workers: 4
[19.783s][debug][gc,phases      ] GC(21)     Total                          Min: 0, Avg:  0.0, Max: 0, Diff: 0, Sum: 0, Workers: 4
[19.783s][debug][gc,phases      ] GC(21)   StringDedup Requests0 Weak     Min:  0.0, Avg:  0.0, Max:  0.0, Diff:  0.0, Sum:  0.0, Workers: 4
[19.783s][debug][gc,phases      ] GC(21)     Dead                           Min: 0, Avg:  0.0, Max: 0, Diff: 0, Sum: 0, Workers: 4
[19.783s][debug][gc,phases      ] GC(21)     Total                          Min: 0, Avg:  0.0, Max: 0, Diff: 0, Sum: 0, Workers: 4
[19.783s][debug][gc,phases      ] GC(21)   StringDedup Requests1 Weak     Min:  0.0, Avg:  0.0, Max:  0.0, Diff:  0.0, Sum:  0.0, Workers: 4
[19.783s][debug][gc,phases      ] GC(21)     Dead                           Min: 0, Avg:  0.0, Max: 0, Diff: 0, Sum: 0, Workers: 4
[19.783s][debug][gc,phases      ] GC(21)     Total                          Min: 0, Avg:  0.0, Max: 0, Diff: 0, Sum: 0, Workers: 4
[19.783s][debug][gc,phases      ] GC(21)   Weak JFR Old Object Samples    Min:  0.0, Avg:  0.0, Max:  0.0, Diff:  0.0, Sum:  0.0, Workers: 4
[19.783s][debug][gc,phases      ] GC(21)     Dead                           Min: 0, Avg:  0.0, Max: 0, Diff: 0, Sum: 0, Workers: 4
[19.783s][debug][gc,phases      ] GC(21)     Total                          Min: 0, Avg:  0.0, Max: 0, Diff: 0, Sum: 0, Workers: 4
[19.783s][debug][gc,phases      ] GC(21) Weak Processing 0.336ms
[19.783s][debug][gc,age         ] GC(21) Desired survivor size 536870912 bytes, new threshold 1 (max threshold 15)
[19.783s][info ][gc,heap        ] GC(21) PSYoungGen: 1052731K(1572864K)->3749K(1572864K) Eden: 1048576K(1048576K)->0K(1048576K) From: 4155K(524288K)->3749K(524288K)
[19.783s][info ][gc,heap        ] GC(21) ParOldGen: 661010K(929280K)->663306K(929280K)
[19.783s][info ][gc,metaspace   ] GC(21) Metaspace: 70101K(70912K)->70101K(70912K) NonClass: 59814K(60288K)->59814K(60288K) Class: 10287K(10624K)->10287K(10624K)
[19.783s][info ][gc             ] GC(21) Pause Young (Allocation Failure) 1673M->651M(2443M) 7.547ms
[19.783s][info ][gc,cpu         ] GC(21) User=0.02s Sys=0.01s Real=0.01s
[19.783s][info ][safepoint      ] Safepoint "ParallelGCFailedAllocation", Time since last: 186974914 ns, Reaching safepoint: 264709 ns, At safepoint: 7645683 ns, Total: 7910392 ns
[19.965s][info ][gc,start       ] GC(22) Pause Young (Allocation Failure)
[19.974s][debug][gc,phases      ] GC(22) Scavenge 9.534ms
[19.974s][debug][gc,ref         ] GC(22) Skipped phase 1 of Reference Processing: no references
[19.974s][debug][gc,ref         ] GC(22) Skipped phase 2 of Reference Processing: no references
[19.974s][debug][gc,ref         ] GC(22) Skipped phase 3 of Reference Processing: no references
[19.974s][debug][gc,ref         ] GC(22) Skipped phase 4 of Reference Processing: no references
[19.974s][debug][gc,phases      ] GC(22) Reference Processing 0.035ms
[19.974s][debug][gc,phases      ] GC(22)   VM Weak                        Min:  0.0, Avg:  0.0, Max:  0.0, Diff:  0.0, Sum:  0.0, Workers: 4
[19.975s][debug][gc,phases      ] GC(22)     Dead                           Min: 0, Avg:  0.0, Max: 0, Diff: 0, Sum: 0, Workers: 4
[19.975s][debug][gc,phases      ] GC(22)     Total                          Min: 0, Avg: 156.5, Max: 498, Diff: 498, Sum: 626, Workers: 4
[19.975s][debug][gc,phases      ] GC(22)   ObjectSynchronizer Weak        Min:  0.0, Avg:  0.0, Max:  0.0, Diff:  0.0, Sum:  0.0, Workers: 4
[19.975s][debug][gc,phases      ] GC(22)     Dead                           Min: 0, Avg:  0.0, Max: 0, Diff: 0, Sum: 0, Workers: 4
[19.975s][debug][gc,phases      ] GC(22)     Total                          Min: 0, Avg: 76.8, Max: 179, Diff: 179, Sum: 307, Workers: 4
[19.975s][debug][gc,phases      ] GC(22)   JVMTI Tag Weak OopStorage      Min:  0.0, Avg:  0.0, Max:  0.0, Diff:  0.0, Sum:  0.0, Workers: 4
[19.975s][debug][gc,phases      ] GC(22)     Dead                           Min: 0, Avg:  0.0, Max: 0, Diff: 0, Sum: 0, Workers: 4
[19.975s][debug][gc,phases      ] GC(22)     Total                          Min: 0, Avg:  0.0, Max: 0, Diff: 0, Sum: 0, Workers: 4
[19.975s][debug][gc,phases      ] GC(22)   StringTable Weak               Min:  0.1, Avg:  0.1, Max:  0.1, Diff:  0.0, Sum:  0.5, Workers: 4
[19.975s][debug][gc,phases      ] GC(22)     Dead                           Min: 0, Avg:  0.0, Max: 0, Diff: 0, Sum: 0, Workers: 4
[19.975s][debug][gc,phases      ] GC(22)     Total                          Min: 10421, Avg: 10993.8, Max: 11584, Diff: 1163, Sum: 43975, Workers: 4
[19.975s][debug][gc,phases      ] GC(22)   ResolvedMethodTable Weak       Min:  0.0, Avg:  0.0, Max:  0.0, Diff:  0.0, Sum:  0.1, Workers: 4
[19.975s][debug][gc,phases      ] GC(22)     Dead                           Min: 0, Avg:  0.0, Max: 0, Diff: 0, Sum: 0, Workers: 4
[19.975s][debug][gc,phases      ] GC(22)     Total                          Min: 1612, Avg: 1826.8, Max: 2047, Diff: 435, Sum: 7307, Workers: 4
[19.975s][debug][gc,phases      ] GC(22)   JNI Weak                       Min:  0.0, Avg:  0.0, Max:  0.0, Diff:  0.0, Sum:  0.0, Workers: 4
[19.975s][debug][gc,phases      ] GC(22)     Dead                           Min: 0, Avg:  0.0, Max: 0, Diff: 0, Sum: 0, Workers: 4
[19.975s][debug][gc,phases      ] GC(22)     Total                          Min: 0, Avg:  2.5, Max: 10, Diff: 10, Sum: 10, Workers: 4
[19.975s][debug][gc,phases      ] GC(22)   StringDedup Table Weak         Min:  0.0, Avg:  0.0, Max:  0.0, Diff:  0.0, Sum:  0.0, Workers: 4
[19.975s][debug][gc,phases      ] GC(22)     Dead                           Min: 0, Avg:  0.0, Max: 0, Diff: 0, Sum: 0, Workers: 4
[19.975s][debug][gc,phases      ] GC(22)     Total                          Min: 0, Avg:  0.0, Max: 0, Diff: 0, Sum: 0, Workers: 4
[19.975s][debug][gc,phases      ] GC(22)   StringDedup Requests0 Weak     Min:  0.0, Avg:  0.0, Max:  0.0, Diff:  0.0, Sum:  0.0, Workers: 4
[19.975s][debug][gc,phases      ] GC(22)     Dead                           Min: 0, Avg:  0.0, Max: 0, Diff: 0, Sum: 0, Workers: 4
[19.975s][debug][gc,phases      ] GC(22)     Total                          Min: 0, Avg:  0.0, Max: 0, Diff: 0, Sum: 0, Workers: 4
[19.975s][debug][gc,phases      ] GC(22)   StringDedup Requests1 Weak     Min:  0.0, Avg:  0.0, Max:  0.0, Diff:  0.0, Sum:  0.0, Workers: 4
[19.975s][debug][gc,phases      ] GC(22)     Dead                           Min: 0, Avg:  0.0, Max: 0, Diff: 0, Sum: 0, Workers: 4
[19.975s][debug][gc,phases      ] GC(22)     Total                          Min: 0, Avg:  0.0, Max: 0, Diff: 0, Sum: 0, Workers: 4
[19.975s][debug][gc,phases      ] GC(22)   Weak JFR Old Object Samples    Min:  0.0, Avg:  0.0, Max:  0.0, Diff:  0.0, Sum:  0.0, Workers: 4
[19.975s][debug][gc,phases      ] GC(22)     Dead                           Min: 0, Avg:  0.0, Max: 0, Diff: 0, Sum: 0, Workers: 4
[19.975s][debug][gc,phases      ] GC(22)     Total                          Min: 0, Avg:  0.0, Max: 0, Diff: 0, Sum: 0, Workers: 4
[19.975s][debug][gc,phases      ] GC(22) Weak Processing 0.382ms
[19.975s][debug][gc,age         ] GC(22) Desired survivor size 536870912 bytes, new threshold 1 (max threshold 15)
[19.975s][info ][gc,heap        ] GC(22) PSYoungGen: 1052325K(1572864K)->3269K(1572864K) Eden: 1048576K(1048576K)->0K(1048576K) From: 3749K(524288K)->3269K(524288K)
[19.975s][info ][gc,heap        ] GC(22) ParOldGen: 663306K(929280K)->664850K(929280K)
[19.975s][info ][gc,metaspace   ] GC(22) Metaspace: 70109K(70912K)->70109K(70912K) NonClass: 59822K(60288K)->59822K(60288K) Class: 10287K(10624K)->10287K(10624K)
[19.975s][info ][gc             ] GC(22) Pause Young (Allocation Failure) 1675M->652M(2443M) 10.103ms
[19.975s][info ][gc,cpu         ] GC(22) User=0.03s Sys=0.00s Real=0.01s
[19.975s][info ][safepoint      ] Safepoint "ParallelGCFailedAllocation", Time since last: 177223853 ns, Reaching safepoint: 4262157 ns, At safepoint: 10218778 ns, Total: 14480935 ns
[20.167s][info ][gc,start       ] GC(23) Pause Young (Allocation Failure)
[20.175s][debug][gc,phases      ] GC(23) Scavenge 8.715ms
[20.175s][debug][gc,ref         ] GC(23) Skipped phase 1 of Reference Processing: no references
[20.175s][debug][gc,ref         ] GC(23) Skipped phase 2 of Reference Processing: no references
[20.175s][debug][gc,ref         ] GC(23) Skipped phase 3 of Reference Processing: no references
[20.175s][debug][gc,ref         ] GC(23) Skipped phase 4 of Reference Processing: no references
[20.175s][debug][gc,phases      ] GC(23) Reference Processing 0.032ms
[20.176s][debug][gc,phases      ] GC(23)   VM Weak                        Min:  0.0, Avg:  0.0, Max:  0.0, Diff:  0.0, Sum:  0.0, Workers: 4
[20.176s][debug][gc,phases      ] GC(23)     Dead                           Min: 0, Avg:  0.0, Max: 0, Diff: 0, Sum: 0, Workers: 4
[20.176s][debug][gc,phases      ] GC(23)     Total                          Min: 0, Avg: 156.5, Max: 626, Diff: 626, Sum: 626, Workers: 4
[20.176s][debug][gc,phases      ] GC(23)   ObjectSynchronizer Weak        Min:  0.0, Avg:  0.0, Max:  0.0, Diff:  0.0, Sum:  0.0, Workers: 4
[20.176s][debug][gc,phases      ] GC(23)     Dead                           Min: 0, Avg:  0.0, Max: 0, Diff: 0, Sum: 0, Workers: 4
[20.176s][debug][gc,phases      ] GC(23)     Total                          Min: 0, Avg: 76.8, Max: 179, Diff: 179, Sum: 307, Workers: 4
[20.176s][debug][gc,phases      ] GC(23)   JVMTI Tag Weak OopStorage      Min:  0.0, Avg:  0.0, Max:  0.0, Diff:  0.0, Sum:  0.0, Workers: 4
[20.176s][debug][gc,phases      ] GC(23)     Dead                           Min: 0, Avg:  0.0, Max: 0, Diff: 0, Sum: 0, Workers: 4
[20.176s][debug][gc,phases      ] GC(23)     Total                          Min: 0, Avg:  0.0, Max: 0, Diff: 0, Sum: 0, Workers: 4
[20.176s][debug][gc,phases      ] GC(23)   StringTable Weak               Min:  0.1, Avg:  0.1, Max:  0.1, Diff:  0.0, Sum:  0.5, Workers: 4
[20.176s][debug][gc,phases      ] GC(23)     Dead                           Min: 0, Avg:  2.8, Max: 11, Diff: 11, Sum: 11, Workers: 4
[20.176s][debug][gc,phases      ] GC(23)     Total                          Min: 10496, Avg: 10993.8, Max: 11904, Diff: 1408, Sum: 43975, Workers: 4
[20.176s][debug][gc,phases      ] GC(23)   ResolvedMethodTable Weak       Min:  0.0, Avg:  0.0, Max:  0.0, Diff:  0.0, Sum:  0.1, Workers: 4
[20.176s][debug][gc,phases      ] GC(23)     Dead                           Min: 0, Avg:  0.0, Max: 0, Diff: 0, Sum: 0, Workers: 4
[20.176s][debug][gc,phases      ] GC(23)     Total                          Min: 1791, Avg: 1826.8, Max: 1868, Diff: 77, Sum: 7307, Workers: 4
[20.176s][debug][gc,phases      ] GC(23)   JNI Weak                       Min:  0.0, Avg:  0.0, Max:  0.0, Diff:  0.0, Sum:  0.0, Workers: 4
[20.176s][debug][gc,phases      ] GC(23)     Dead                           Min: 0, Avg:  0.0, Max: 0, Diff: 0, Sum: 0, Workers: 4
[20.176s][debug][gc,phases      ] GC(23)     Total                          Min: 0, Avg:  3.0, Max: 12, Diff: 12, Sum: 12, Workers: 4
[20.176s][debug][gc,phases      ] GC(23)   StringDedup Table Weak         Min:  0.0, Avg:  0.0, Max:  0.0, Diff:  0.0, Sum:  0.0, Workers: 4
[20.176s][debug][gc,phases      ] GC(23)     Dead                           Min: 0, Avg:  0.0, Max: 0, Diff: 0, Sum: 0, Workers: 4
[20.176s][debug][gc,phases      ] GC(23)     Total                          Min: 0, Avg:  0.0, Max: 0, Diff: 0, Sum: 0, Workers: 4
[20.176s][debug][gc,phases      ] GC(23)   StringDedup Requests0 Weak     Min:  0.0, Avg:  0.0, Max:  0.0, Diff:  0.0, Sum:  0.0, Workers: 4
[20.176s][debug][gc,phases      ] GC(23)     Dead                           Min: 0, Avg:  0.0, Max: 0, Diff: 0, Sum: 0, Workers: 4
[20.176s][debug][gc,phases      ] GC(23)     Total                          Min: 0, Avg:  0.0, Max: 0, Diff: 0, Sum: 0, Workers: 4
[20.176s][debug][gc,phases      ] GC(23)   StringDedup Requests1 Weak     Min:  0.0, Avg:  0.0, Max:  0.0, Diff:  0.0, Sum:  0.0, Workers: 4
[20.176s][debug][gc,phases      ] GC(23)     Dead                           Min: 0, Avg:  0.0, Max: 0, Diff: 0, Sum: 0, Workers: 4
[20.176s][debug][gc,phases      ] GC(23)     Total                          Min: 0, Avg:  0.0, Max: 0, Diff: 0, Sum: 0, Workers: 4
[20.176s][debug][gc,phases      ] GC(23)   Weak JFR Old Object Samples    Min:  0.0, Avg:  0.0, Max:  0.0, Diff:  0.0, Sum:  0.0, Workers: 4
[20.176s][debug][gc,phases      ] GC(23)     Dead                           Min: 0, Avg:  0.0, Max: 0, Diff: 0, Sum: 0, Workers: 4
[20.176s][debug][gc,phases      ] GC(23)     Total                          Min: 0, Avg:  0.0, Max: 0, Diff: 0, Sum: 0, Workers: 4
[20.176s][debug][gc,phases      ] GC(23) Weak Processing 0.905ms
[20.176s][debug][gc,age         ] GC(23) Desired survivor size 536870912 bytes, new threshold 1 (max threshold 15)
[20.176s][info ][gc,heap        ] GC(23) PSYoungGen: 1051845K(1572864K)->3709K(1572864K) Eden: 1048576K(1048576K)->0K(1048576K) From: 3269K(524288K)->3709K(524288K)
[20.176s][info ][gc,heap        ] GC(23) ParOldGen: 664850K(929280K)->667682K(929280K)
[20.176s][info ][gc,metaspace   ] GC(23) Metaspace: 70109K(70912K)->70109K(70912K) NonClass: 59822K(60288K)->59822K(60288K) Class: 10287K(10624K)->10287K(10624K)
[20.176s][info ][gc             ] GC(23) Pause Young (Allocation Failure) 1676M->655M(2443M) 9.809ms
[20.176s][info ][gc,cpu         ] GC(23) User=0.04s Sys=0.00s Real=0.01s
[20.176s][info ][safepoint      ] Safepoint "ParallelGCFailedAllocation", Time since last: 189601410 ns, Reaching safepoint: 2143780 ns, At safepoint: 9930067 ns, Total: 12073847 ns
[20.356s][info ][gc,start       ] GC(24) Pause Young (Allocation Failure)
[20.365s][debug][gc,phases      ] GC(24) Scavenge 8.617ms
[20.365s][debug][gc,ref         ] GC(24) Skipped phase 1 of Reference Processing: no references
[20.365s][debug][gc,ref         ] GC(24) Skipped phase 2 of Reference Processing: no references
[20.365s][debug][gc,ref         ] GC(24) Skipped phase 3 of Reference Processing: no references
[20.365s][debug][gc,ref         ] GC(24) Skipped phase 4 of Reference Processing: no references
[20.365s][debug][gc,phases      ] GC(24) Reference Processing 0.031ms
[20.365s][debug][gc,phases      ] GC(24)   VM Weak                        Min:  0.0, Avg:  0.0, Max:  0.0, Diff:  0.0, Sum:  0.0, Workers: 4
[20.365s][debug][gc,phases      ] GC(24)     Dead                           Min: 0, Avg:  0.0, Max: 0, Diff: 0, Sum: 0, Workers: 4
[20.365s][debug][gc,phases      ] GC(24)     Total                          Min: 0, Avg: 156.5, Max: 370, Diff: 370, Sum: 626, Workers: 4
[20.365s][debug][gc,phases      ] GC(24)   ObjectSynchronizer Weak        Min:  0.0, Avg:  0.0, Max:  0.0, Diff:  0.0, Sum:  0.0, Workers: 4
[20.365s][debug][gc,phases      ] GC(24)     Dead                           Min: 0, Avg:  0.0, Max: 0, Diff: 0, Sum: 0, Workers: 4
[20.365s][debug][gc,phases      ] GC(24)     Total                          Min: 0, Avg: 76.8, Max: 179, Diff: 179, Sum: 307, Workers: 4
[20.365s][debug][gc,phases      ] GC(24)   JVMTI Tag Weak OopStorage      Min:  0.0, Avg:  0.0, Max:  0.0, Diff:  0.0, Sum:  0.0, Workers: 4
[20.365s][debug][gc,phases      ] GC(24)     Dead                           Min: 0, Avg:  0.0, Max: 0, Diff: 0, Sum: 0, Workers: 4
[20.365s][debug][gc,phases      ] GC(24)     Total                          Min: 0, Avg:  0.0, Max: 0, Diff: 0, Sum: 0, Workers: 4
[20.365s][debug][gc,phases      ] GC(24)   StringTable Weak               Min:  0.1, Avg:  0.1, Max:  0.1, Diff:  0.0, Sum:  0.5, Workers: 4
[20.365s][debug][gc,phases      ] GC(24)     Dead                           Min: 0, Avg:  0.0, Max: 0, Diff: 0, Sum: 0, Workers: 4
[20.365s][debug][gc,phases      ] GC(24)     Total                          Min: 9973, Avg: 10993.8, Max: 11904, Diff: 1931, Sum: 43975, Workers: 4
[20.365s][debug][gc,phases      ] GC(24)   ResolvedMethodTable Weak       Min:  0.0, Avg:  0.0, Max:  0.0, Diff:  0.0, Sum:  0.1, Workers: 4
[20.365s][debug][gc,phases      ] GC(24)     Dead                           Min: 0, Avg:  0.0, Max: 0, Diff: 0, Sum: 0, Workers: 4
[20.365s][debug][gc,phases      ] GC(24)     Total                          Min: 1727, Avg: 1826.8, Max: 1920, Diff: 193, Sum: 7307, Workers: 4
[20.365s][debug][gc,phases      ] GC(24)   JNI Weak                       Min:  0.0, Avg:  0.0, Max:  0.0, Diff:  0.0, Sum:  0.0, Workers: 4
[20.365s][debug][gc,phases      ] GC(24)     Dead                           Min: 0, Avg:  0.0, Max: 0, Diff: 0, Sum: 0, Workers: 4
[20.365s][debug][gc,phases      ] GC(24)     Total                          Min: 0, Avg:  3.8, Max: 15, Diff: 15, Sum: 15, Workers: 4
[20.365s][debug][gc,phases      ] GC(24)   StringDedup Table Weak         Min:  0.0, Avg:  0.0, Max:  0.0, Diff:  0.0, Sum:  0.0, Workers: 4
[20.365s][debug][gc,phases      ] GC(24)     Dead                           Min: 0, Avg:  0.0, Max: 0, Diff: 0, Sum: 0, Workers: 4
[20.365s][debug][gc,phases      ] GC(24)     Total                          Min: 0, Avg:  0.0, Max: 0, Diff: 0, Sum: 0, Workers: 4
[20.365s][debug][gc,phases      ] GC(24)   StringDedup Requests0 Weak     Min:  0.0, Avg:  0.0, Max:  0.0, Diff:  0.0, Sum:  0.0, Workers: 4
[20.365s][debug][gc,phases      ] GC(24)     Dead                           Min: 0, Avg:  0.0, Max: 0, Diff: 0, Sum: 0, Workers: 4
[20.365s][debug][gc,phases      ] GC(24)     Total                          Min: 0, Avg:  0.0, Max: 0, Diff: 0, Sum: 0, Workers: 4
[20.365s][debug][gc,phases      ] GC(24)   StringDedup Requests1 Weak     Min:  0.0, Avg:  0.0, Max:  0.0, Diff:  0.0, Sum:  0.0, Workers: 4
[20.365s][debug][gc,phases      ] GC(24)     Dead                           Min: 0, Avg:  0.0, Max: 0, Diff: 0, Sum: 0, Workers: 4
[20.365s][debug][gc,phases      ] GC(24)     Total                          Min: 0, Avg:  0.0, Max: 0, Diff: 0, Sum: 0, Workers: 4
[20.365s][debug][gc,phases      ] GC(24)   Weak JFR Old Object Samples    Min:  0.0, Avg:  0.0, Max:  0.0, Diff:  0.0, Sum:  0.0, Workers: 4
[20.365s][debug][gc,phases      ] GC(24)     Dead                           Min: 0, Avg:  0.0, Max: 0, Diff: 0, Sum: 0, Workers: 4
[20.365s][debug][gc,phases      ] GC(24)     Total                          Min: 0, Avg:  0.0, Max: 0, Diff: 0, Sum: 0, Workers: 4
[20.365s][debug][gc,phases      ] GC(24) Weak Processing 0.391ms
[20.365s][debug][gc,age         ] GC(24) Desired survivor size 536870912 bytes, new threshold 1 (max threshold 15)
[20.365s][info ][gc,heap        ] GC(24) PSYoungGen: 1052285K(1572864K)->3569K(1572864K) Eden: 1048576K(1048576K)->0K(1048576K) From: 3709K(524288K)->3569K(524288K)
[20.365s][info ][gc,heap        ] GC(24) ParOldGen: 667682K(929280K)->670850K(929280K)
[20.365s][info ][gc,metaspace   ] GC(24) Metaspace: 70110K(70912K)->70110K(70912K) NonClass: 59823K(60288K)->59823K(60288K) Class: 10287K(10624K)->10287K(10624K)
[20.365s][info ][gc             ] GC(24) Pause Young (Allocation Failure) 1679M->658M(2443M) 9.184ms
[20.365s][info ][gc,cpu         ] GC(24) User=0.04s Sys=0.00s Real=0.01s
[20.365s][info ][safepoint      ] Safepoint "ParallelGCFailedAllocation", Time since last: 179215626 ns, Reaching safepoint: 138005 ns, At safepoint: 9287243 ns, Total: 9425248 ns
[20.547s][info ][gc,start       ] GC(25) Pause Young (Allocation Failure)
[20.553s][debug][gc,phases      ] GC(25) Scavenge 5.990ms
[20.553s][debug][gc,ref         ] GC(25) Skipped phase 1 of Reference Processing: no references
[20.553s][debug][gc,ref         ] GC(25) Skipped phase 2 of Reference Processing: no references
[20.553s][debug][gc,ref         ] GC(25) Skipped phase 3 of Reference Processing: no references
[20.553s][debug][gc,ref         ] GC(25) Skipped phase 4 of Reference Processing: no references
[20.553s][debug][gc,phases      ] GC(25) Reference Processing 0.052ms
[20.553s][debug][gc,phases      ] GC(25)   VM Weak                        Min:  0.0, Avg:  0.0, Max:  0.0, Diff:  0.0, Sum:  0.0, Workers: 4
[20.553s][debug][gc,phases      ] GC(25)     Dead                           Min: 0, Avg:  0.0, Max: 0, Diff: 0, Sum: 0, Workers: 4
[20.553s][debug][gc,phases      ] GC(25)     Total                          Min: 0, Avg: 156.5, Max: 320, Diff: 320, Sum: 626, Workers: 4
[20.553s][debug][gc,phases      ] GC(25)   ObjectSynchronizer Weak        Min:  0.0, Avg:  0.0, Max:  0.0, Diff:  0.0, Sum:  0.0, Workers: 4
[20.553s][debug][gc,phases      ] GC(25)     Dead                           Min: 0, Avg:  0.0, Max: 0, Diff: 0, Sum: 0, Workers: 4
[20.553s][debug][gc,phases      ] GC(25)     Total                          Min: 0, Avg: 76.8, Max: 179, Diff: 179, Sum: 307, Workers: 4
[20.553s][debug][gc,phases      ] GC(25)   JVMTI Tag Weak OopStorage      Min:  0.0, Avg:  0.0, Max:  0.0, Diff:  0.0, Sum:  0.0, Workers: 4
[20.553s][debug][gc,phases      ] GC(25)     Dead                           Min: 0, Avg:  0.0, Max: 0, Diff: 0, Sum: 0, Workers: 4
[20.553s][debug][gc,phases      ] GC(25)     Total                          Min: 0, Avg:  0.0, Max: 0, Diff: 0, Sum: 0, Workers: 4
[20.553s][debug][gc,phases      ] GC(25)   StringTable Weak               Min:  0.1, Avg:  0.1, Max:  0.1, Diff:  0.0, Sum:  0.5, Workers: 4
[20.553s][debug][gc,phases      ] GC(25)     Dead                           Min: 0, Avg:  0.0, Max: 0, Diff: 0, Sum: 0, Workers: 4
[20.553s][debug][gc,phases      ] GC(25)     Total                          Min: 8723, Avg: 10994.0, Max: 12277, Diff: 3554, Sum: 43976, Workers: 4
[20.553s][debug][gc,phases      ] GC(25)   ResolvedMethodTable Weak       Min:  0.0, Avg:  0.0, Max:  0.0, Diff:  0.0, Sum:  0.1, Workers: 4
[20.553s][debug][gc,phases      ] GC(25)     Dead                           Min: 0, Avg:  0.0, Max: 0, Diff: 0, Sum: 0, Workers: 4
[20.553s][debug][gc,phases      ] GC(25)     Total                          Min: 1676, Avg: 1826.8, Max: 2047, Diff: 371, Sum: 7307, Workers: 4
[20.553s][debug][gc,phases      ] GC(25)   JNI Weak                       Min:  0.0, Avg:  0.0, Max:  0.0, Diff:  0.0, Sum:  0.0, Workers: 4
[20.553s][debug][gc,phases      ] GC(25)     Dead                           Min: 0, Avg:  0.0, Max: 0, Diff: 0, Sum: 0, Workers: 4
[20.553s][debug][gc,phases      ] GC(25)     Total                          Min: 0, Avg:  4.2, Max: 17, Diff: 17, Sum: 17, Workers: 4
[20.553s][debug][gc,phases      ] GC(25)   StringDedup Table Weak         Min:  0.0, Avg:  0.0, Max:  0.0, Diff:  0.0, Sum:  0.0, Workers: 4
[20.553s][debug][gc,phases      ] GC(25)     Dead                           Min: 0, Avg:  0.0, Max: 0, Diff: 0, Sum: 0, Workers: 4
[20.553s][debug][gc,phases      ] GC(25)     Total                          Min: 0, Avg:  0.0, Max: 0, Diff: 0, Sum: 0, Workers: 4
[20.553s][debug][gc,phases      ] GC(25)   StringDedup Requests0 Weak     Min:  0.0, Avg:  0.0, Max:  0.0, Diff:  0.0, Sum:  0.0, Workers: 4
[20.553s][debug][gc,phases      ] GC(25)     Dead                           Min: 0, Avg:  0.0, Max: 0, Diff: 0, Sum: 0, Workers: 4
[20.553s][debug][gc,phases      ] GC(25)     Total                          Min: 0, Avg:  0.0, Max: 0, Diff: 0, Sum: 0, Workers: 4
[20.553s][debug][gc,phases      ] GC(25)   StringDedup Requests1 Weak     Min:  0.0, Avg:  0.0, Max:  0.0, Diff:  0.0, Sum:  0.0, Workers: 4
[20.553s][debug][gc,phases      ] GC(25)     Dead                           Min: 0, Avg:  0.0, Max: 0, Diff: 0, Sum: 0, Workers: 4
[20.553s][debug][gc,phases      ] GC(25)     Total                          Min: 0, Avg:  0.0, Max: 0, Diff: 0, Sum: 0, Workers: 4
[20.553s][debug][gc,phases      ] GC(25)   Weak JFR Old Object Samples    Min:  0.0, Avg:  0.0, Max:  0.0, Diff:  0.0, Sum:  0.0, Workers: 4
[20.553s][debug][gc,phases      ] GC(25)     Dead                           Min: 0, Avg:  0.0, Max: 0, Diff: 0, Sum: 0, Workers: 4
[20.553s][debug][gc,phases      ] GC(25)     Total                          Min: 0, Avg:  0.0, Max: 0, Diff: 0, Sum: 0, Workers: 4
[20.553s][debug][gc,phases      ] GC(25) Weak Processing 0.395ms
[20.553s][debug][gc,age         ] GC(25) Desired survivor size 536870912 bytes, new threshold 1 (max threshold 15)
[20.553s][info ][gc,heap        ] GC(25) PSYoungGen: 1052145K(1572864K)->3267K(1572864K) Eden: 1048576K(1048576K)->0K(1048576K) From: 3569K(524288K)->3267K(524288K)
[20.553s][info ][gc,heap        ] GC(25) ParOldGen: 670850K(929280K)->672418K(929280K)
[20.553s][info ][gc,metaspace   ] GC(25) Metaspace: 70114K(70912K)->70114K(70912K) NonClass: 59827K(60288K)->59827K(60288K) Class: 10287K(10624K)->10287K(10624K)
[20.553s][info ][gc             ] GC(25) Pause Young (Allocation Failure) 1682M->659M(2443M) 6.604ms
[20.553s][info ][gc,cpu         ] GC(25) User=0.03s Sys=0.00s Real=0.01s
[20.554s][info ][safepoint      ] Safepoint "ParallelGCFailedAllocation", Time since last: 181258200 ns, Reaching safepoint: 433016 ns, At safepoint: 6718449 ns, Total: 7151465 ns
[20.715s][info ][gc,start       ] GC(26) Pause Young (Allocation Failure)
[20.722s][debug][gc,phases      ] GC(26) Scavenge 7.869ms
[20.722s][debug][gc,ref         ] GC(26) Skipped phase 1 of Reference Processing: no references
[20.722s][debug][gc,ref         ] GC(26) Skipped phase 2 of Reference Processing: no references
[20.723s][debug][gc,ref         ] GC(26) Skipped phase 3 of Reference Processing: no references
[20.723s][debug][gc,ref         ] GC(26) Skipped phase 4 of Reference Processing: no references
[20.723s][debug][gc,phases      ] GC(26) Reference Processing 0.028ms
[20.723s][debug][gc,phases      ] GC(26)   VM Weak                        Min:  0.0, Avg:  0.0, Max:  0.0, Diff:  0.0, Sum:  0.0, Workers: 4
[20.723s][debug][gc,phases      ] GC(26)     Dead                           Min: 0, Avg:  0.0, Max: 0, Diff: 0, Sum: 0, Workers: 4
[20.723s][debug][gc,phases      ] GC(26)     Total                          Min: 0, Avg: 156.5, Max: 562, Diff: 562, Sum: 626, Workers: 4
[20.723s][debug][gc,phases      ] GC(26)   ObjectSynchronizer Weak        Min:  0.0, Avg:  0.0, Max:  0.0, Diff:  0.0, Sum:  0.0, Workers: 4
[20.723s][debug][gc,phases      ] GC(26)     Dead                           Min: 0, Avg:  0.0, Max: 0, Diff: 0, Sum: 0, Workers: 4
[20.723s][debug][gc,phases      ] GC(26)     Total                          Min: 51, Avg: 76.8, Max: 128, Diff: 77, Sum: 307, Workers: 4
[20.723s][debug][gc,phases      ] GC(26)   JVMTI Tag Weak OopStorage      Min:  0.0, Avg:  0.0, Max:  0.0, Diff:  0.0, Sum:  0.0, Workers: 4
[20.723s][debug][gc,phases      ] GC(26)     Dead                           Min: 0, Avg:  0.0, Max: 0, Diff: 0, Sum: 0, Workers: 4
[20.723s][debug][gc,phases      ] GC(26)     Total                          Min: 0, Avg:  0.0, Max: 0, Diff: 0, Sum: 0, Workers: 4
[20.723s][debug][gc,phases      ] GC(26)   StringTable Weak               Min:  0.1, Avg:  0.1, Max:  0.1, Diff:  0.0, Sum:  0.4, Workers: 4
[20.723s][debug][gc,phases      ] GC(26)     Dead                           Min: 0, Avg:  2.8, Max: 11, Diff: 11, Sum: 11, Workers: 4
[20.723s][debug][gc,phases      ] GC(26)     Total                          Min: 10752, Avg: 10994.5, Max: 11221, Diff: 469, Sum: 43978, Workers: 4
[20.723s][debug][gc,phases      ] GC(26)   ResolvedMethodTable Weak       Min:  0.0, Avg:  0.0, Max:  0.0, Diff:  0.0, Sum:  0.1, Workers: 4
[20.723s][debug][gc,phases      ] GC(26)     Dead                           Min: 0, Avg:  0.0, Max: 0, Diff: 0, Sum: 0, Workers: 4
[20.723s][debug][gc,phases      ] GC(26)     Total                          Min: 1740, Avg: 1826.8, Max: 1920, Diff: 180, Sum: 7307, Workers: 4
[20.723s][debug][gc,phases      ] GC(26)   JNI Weak                       Min:  0.0, Avg:  0.0, Max:  0.0, Diff:  0.0, Sum:  0.0, Workers: 4
[20.723s][debug][gc,phases      ] GC(26)     Dead                           Min: 0, Avg:  0.0, Max: 0, Diff: 0, Sum: 0, Workers: 4
[20.723s][debug][gc,phases      ] GC(26)     Total                          Min: 0, Avg:  2.8, Max: 11, Diff: 11, Sum: 11, Workers: 4
[20.723s][debug][gc,phases      ] GC(26)   StringDedup Table Weak         Min:  0.0, Avg:  0.0, Max:  0.0, Diff:  0.0, Sum:  0.0, Workers: 4
[20.723s][debug][gc,phases      ] GC(26)     Dead                           Min: 0, Avg:  0.0, Max: 0, Diff: 0, Sum: 0, Workers: 4
[20.723s][debug][gc,phases      ] GC(26)     Total                          Min: 0, Avg:  0.0, Max: 0, Diff: 0, Sum: 0, Workers: 4
[20.723s][debug][gc,phases      ] GC(26)   StringDedup Requests0 Weak     Min:  0.0, Avg:  0.0, Max:  0.0, Diff:  0.0, Sum:  0.0, Workers: 4
[20.723s][debug][gc,phases      ] GC(26)     Dead                           Min: 0, Avg:  0.0, Max: 0, Diff: 0, Sum: 0, Workers: 4
[20.723s][debug][gc,phases      ] GC(26)     Total                          Min: 0, Avg:  0.0, Max: 0, Diff: 0, Sum: 0, Workers: 4
[20.723s][debug][gc,phases      ] GC(26)   StringDedup Requests1 Weak     Min:  0.0, Avg:  0.0, Max:  0.0, Diff:  0.0, Sum:  0.0, Workers: 4
[20.723s][debug][gc,phases      ] GC(26)     Dead                           Min: 0, Avg:  0.0, Max: 0, Diff: 0, Sum: 0, Workers: 4
[20.723s][debug][gc,phases      ] GC(26)     Total                          Min: 0, Avg:  0.0, Max: 0, Diff: 0, Sum: 0, Workers: 4
[20.723s][debug][gc,phases      ] GC(26)   Weak JFR Old Object Samples    Min:  0.0, Avg:  0.0, Max:  0.0, Diff:  0.0, Sum:  0.0, Workers: 4
[20.723s][debug][gc,phases      ] GC(26)     Dead                           Min: 0, Avg:  0.0, Max: 0, Diff: 0, Sum: 0, Workers: 4
[20.723s][debug][gc,phases      ] GC(26)     Total                          Min: 0, Avg:  0.0, Max: 0, Diff: 0, Sum: 0, Workers: 4
[20.723s][debug][gc,phases      ] GC(26) Weak Processing 0.351ms
[20.723s][debug][gc,age         ] GC(26) Desired survivor size 536870912 bytes, new threshold 1 (max threshold 15)
[20.723s][info ][gc,heap        ] GC(26) PSYoungGen: 1051843K(1572864K)->3116K(1572864K) Eden: 1048576K(1048576K)->0K(1048576K) From: 3267K(524288K)->3116K(524288K)
[20.723s][info ][gc,heap        ] GC(26) ParOldGen: 672418K(929280K)->674562K(929280K)
[20.723s][info ][gc,metaspace   ] GC(26) Metaspace: 70128K(70912K)->70128K(70912K) NonClass: 59841K(60288K)->59841K(60288K) Class: 10287K(10624K)->10287K(10624K)
[20.723s][info ][gc             ] GC(26) Pause Young (Allocation Failure) 1683M->661M(2443M) 8.396ms
[20.723s][info ][gc,cpu         ] GC(26) User=0.03s Sys=0.02s Real=0.01s
[20.723s][info ][safepoint      ] Safepoint "ParallelGCFailedAllocation", Time since last: 160714241 ns, Reaching safepoint: 229608 ns, At safepoint: 8499714 ns, Total: 8729322 ns
[20.874s][info ][gc,start       ] GC(27) Pause Young (Allocation Failure)
[20.881s][debug][gc,phases      ] GC(27) Scavenge 7.096ms
[20.881s][debug][gc,ref         ] GC(27) Skipped phase 1 of Reference Processing: no references
[20.881s][debug][gc,ref         ] GC(27) Skipped phase 2 of Reference Processing: no references
[20.881s][debug][gc,ref         ] GC(27) Skipped phase 3 of Reference Processing: no references
[20.881s][debug][gc,ref         ] GC(27) Skipped phase 4 of Reference Processing: no references
[20.881s][debug][gc,phases      ] GC(27) Reference Processing 0.029ms
[20.881s][debug][gc,phases      ] GC(27)   VM Weak                        Min:  0.0, Avg:  0.0, Max:  0.0, Diff:  0.0, Sum:  0.0, Workers: 4
[20.881s][debug][gc,phases      ] GC(27)     Dead                           Min: 0, Avg:  0.0, Max: 0, Diff: 0, Sum: 0, Workers: 4
[20.881s][debug][gc,phases      ] GC(27)     Total                          Min: 0, Avg: 156.5, Max: 320, Diff: 320, Sum: 626, Workers: 4
[20.881s][debug][gc,phases      ] GC(27)   ObjectSynchronizer Weak        Min:  0.0, Avg:  0.0, Max:  0.0, Diff:  0.0, Sum:  0.0, Workers: 4
[20.881s][debug][gc,phases      ] GC(27)     Dead                           Min: 0, Avg:  0.0, Max: 0, Diff: 0, Sum: 0, Workers: 4
[20.881s][debug][gc,phases      ] GC(27)     Total                          Min: 0, Avg: 76.8, Max: 128, Diff: 128, Sum: 307, Workers: 4
[20.881s][debug][gc,phases      ] GC(27)   JVMTI Tag Weak OopStorage      Min:  0.0, Avg:  0.0, Max:  0.0, Diff:  0.0, Sum:  0.0, Workers: 4
[20.881s][debug][gc,phases      ] GC(27)     Dead                           Min: 0, Avg:  0.0, Max: 0, Diff: 0, Sum: 0, Workers: 4
[20.881s][debug][gc,phases      ] GC(27)     Total                          Min: 0, Avg:  0.0, Max: 0, Diff: 0, Sum: 0, Workers: 4
[20.881s][debug][gc,phases      ] GC(27)   StringTable Weak               Min:  0.1, Avg:  0.1, Max:  0.1, Diff:  0.0, Sum:  0.4, Workers: 4
[20.881s][debug][gc,phases      ] GC(27)     Dead                           Min: 0, Avg:  0.0, Max: 0, Diff: 0, Sum: 0, Workers: 4
[20.881s][debug][gc,phases      ] GC(27)     Total                          Min: 10624, Avg: 10994.5, Max: 11264, Diff: 640, Sum: 43978, Workers: 4
[20.882s][debug][gc,phases      ] GC(27)   ResolvedMethodTable Weak       Min:  0.0, Avg:  0.0, Max:  0.0, Diff:  0.0, Sum:  0.1, Workers: 4
[20.882s][debug][gc,phases      ] GC(27)     Dead                           Min: 0, Avg:  0.0, Max: 0, Diff: 0, Sum: 0, Workers: 4
[20.882s][debug][gc,phases      ] GC(27)     Total                          Min: 1792, Avg: 1826.8, Max: 1856, Diff: 64, Sum: 7307, Workers: 4
[20.882s][debug][gc,phases      ] GC(27)   JNI Weak                       Min:  0.0, Avg:  0.0, Max:  0.0, Diff:  0.0, Sum:  0.0, Workers: 4
[20.882s][debug][gc,phases      ] GC(27)     Dead                           Min: 0, Avg:  0.0, Max: 0, Diff: 0, Sum: 0, Workers: 4
[20.882s][debug][gc,phases      ] GC(27)     Total                          Min: 0, Avg:  2.8, Max: 11, Diff: 11, Sum: 11, Workers: 4
[20.882s][debug][gc,phases      ] GC(27)   StringDedup Table Weak         Min:  0.0, Avg:  0.0, Max:  0.0, Diff:  0.0, Sum:  0.0, Workers: 4
[20.882s][debug][gc,phases      ] GC(27)     Dead                           Min: 0, Avg:  0.0, Max: 0, Diff: 0, Sum: 0, Workers: 4
[20.882s][debug][gc,phases      ] GC(27)     Total                          Min: 0, Avg:  0.0, Max: 0, Diff: 0, Sum: 0, Workers: 4
[20.882s][debug][gc,phases      ] GC(27)   StringDedup Requests0 Weak     Min:  0.0, Avg:  0.0, Max:  0.0, Diff:  0.0, Sum:  0.0, Workers: 4
[20.882s][debug][gc,phases      ] GC(27)     Dead                           Min: 0, Avg:  0.0, Max: 0, Diff: 0, Sum: 0, Workers: 4
[20.882s][debug][gc,phases      ] GC(27)     Total                          Min: 0, Avg:  0.0, Max: 0, Diff: 0, Sum: 0, Workers: 4
[20.882s][debug][gc,phases      ] GC(27)   StringDedup Requests1 Weak     Min:  0.0, Avg:  0.0, Max:  0.0, Diff:  0.0, Sum:  0.0, Workers: 4
[20.882s][debug][gc,phases      ] GC(27)     Dead                           Min: 0, Avg:  0.0, Max: 0, Diff: 0, Sum: 0, Workers: 4
[20.882s][debug][gc,phases      ] GC(27)     Total                          Min: 0, Avg:  0.0, Max: 0, Diff: 0, Sum: 0, Workers: 4
[20.882s][debug][gc,phases      ] GC(27)   Weak JFR Old Object Samples    Min:  0.0, Avg:  0.0, Max:  0.0, Diff:  0.0, Sum:  0.0, Workers: 4
[20.882s][debug][gc,phases      ] GC(27)     Dead                           Min: 0, Avg:  0.0, Max: 0, Diff: 0, Sum: 0, Workers: 4
[20.882s][debug][gc,phases      ] GC(27)     Total                          Min: 0, Avg:  0.0, Max: 0, Diff: 0, Sum: 0, Workers: 4
[20.882s][debug][gc,phases      ] GC(27) Weak Processing 0.332ms
[20.882s][debug][gc,age         ] GC(27) Desired survivor size 536870912 bytes, new threshold 1 (max threshold 15)
[20.882s][info ][gc,heap        ] GC(27) PSYoungGen: 1051692K(1572864K)->2932K(1572864K) Eden: 1048576K(1048576K)->0K(1048576K) From: 3116K(524288K)->2932K(524288K)
[20.882s][info ][gc,heap        ] GC(27) ParOldGen: 674562K(929280K)->677026K(929280K)
[20.882s][info ][gc,metaspace   ] GC(27) Metaspace: 70128K(70912K)->70128K(70912K) NonClass: 59841K(60288K)->59841K(60288K) Class: 10287K(10624K)->10287K(10624K)
[20.882s][info ][gc             ] GC(27) Pause Young (Allocation Failure) 1685M->664M(2443M) 7.597ms
[20.882s][info ][gc,cpu         ] GC(27) User=0.03s Sys=0.00s Real=0.01s
[20.882s][info ][safepoint      ] Safepoint "ParallelGCFailedAllocation", Time since last: 150863177 ns, Reaching safepoint: 143505 ns, At safepoint: 7701185 ns, Total: 7844690 ns
[21.017s][info ][gc,start       ] GC(28) Pause Young (Allocation Failure)
[21.024s][debug][gc,phases      ] GC(28) Scavenge 6.275ms
[21.024s][debug][gc,ref         ] GC(28) Skipped phase 1 of Reference Processing: no references
[21.024s][debug][gc,ref         ] GC(28) Skipped phase 2 of Reference Processing: no references
[21.024s][debug][gc,ref         ] GC(28) Skipped phase 3 of Reference Processing: no references
[21.024s][debug][gc,ref         ] GC(28) Skipped phase 4 of Reference Processing: no references
[21.024s][debug][gc,phases      ] GC(28) Reference Processing 0.030ms
[21.024s][debug][gc,phases      ] GC(28)   VM Weak                        Min:  0.0, Avg:  0.0, Max:  0.0, Diff:  0.0, Sum:  0.0, Workers: 4
[21.024s][debug][gc,phases      ] GC(28)     Dead                           Min: 0, Avg:  0.0, Max: 0, Diff: 0, Sum: 0, Workers: 4
[21.024s][debug][gc,phases      ] GC(28)     Total                          Min: 0, Avg: 156.5, Max: 384, Diff: 384, Sum: 626, Workers: 4
[21.024s][debug][gc,phases      ] GC(28)   ObjectSynchronizer Weak        Min:  0.0, Avg:  0.0, Max:  0.0, Diff:  0.0, Sum:  0.0, Workers: 4
[21.024s][debug][gc,phases      ] GC(28)     Dead                           Min: 0, Avg:  0.0, Max: 0, Diff: 0, Sum: 0, Workers: 4
[21.024s][debug][gc,phases      ] GC(28)     Total                          Min: 0, Avg: 76.8, Max: 179, Diff: 179, Sum: 307, Workers: 4
[21.024s][debug][gc,phases      ] GC(28)   JVMTI Tag Weak OopStorage      Min:  0.0, Avg:  0.0, Max:  0.0, Diff:  0.0, Sum:  0.0, Workers: 4
[21.024s][debug][gc,phases      ] GC(28)     Dead                           Min: 0, Avg:  0.0, Max: 0, Diff: 0, Sum: 0, Workers: 4
[21.024s][debug][gc,phases      ] GC(28)     Total                          Min: 0, Avg:  0.0, Max: 0, Diff: 0, Sum: 0, Workers: 4
[21.024s][debug][gc,phases      ] GC(28)   StringTable Weak               Min:  0.1, Avg:  0.1, Max:  0.1, Diff:  0.0, Sum:  0.4, Workers: 4
[21.024s][debug][gc,phases      ] GC(28)     Dead                           Min: 0, Avg:  0.0, Max: 0, Diff: 0, Sum: 0, Workers: 4
[21.024s][debug][gc,phases      ] GC(28)     Total                          Min: 10752, Avg: 10994.5, Max: 11285, Diff: 533, Sum: 43978, Workers: 4
[21.024s][debug][gc,phases      ] GC(28)   ResolvedMethodTable Weak       Min:  0.0, Avg:  0.0, Max:  0.0, Diff:  0.0, Sum:  0.1, Workers: 4
[21.024s][debug][gc,phases      ] GC(28)     Dead                           Min: 0, Avg:  0.0, Max: 0, Diff: 0, Sum: 0, Workers: 4
[21.024s][debug][gc,phases      ] GC(28)     Total                          Min: 1664, Avg: 1826.8, Max: 1932, Diff: 268, Sum: 7307, Workers: 4
[21.024s][debug][gc,phases      ] GC(28)   JNI Weak                       Min:  0.0, Avg:  0.0, Max:  0.0, Diff:  0.0, Sum:  0.0, Workers: 4
[21.024s][debug][gc,phases      ] GC(28)     Dead                           Min: 0, Avg:  0.0, Max: 0, Diff: 0, Sum: 0, Workers: 4
[21.024s][debug][gc,phases      ] GC(28)     Total                          Min: 0, Avg:  2.5, Max: 10, Diff: 10, Sum: 10, Workers: 4
[21.024s][debug][gc,phases      ] GC(28)   StringDedup Table Weak         Min:  0.0, Avg:  0.0, Max:  0.0, Diff:  0.0, Sum:  0.0, Workers: 4
[21.024s][debug][gc,phases      ] GC(28)     Dead                           Min: 0, Avg:  0.0, Max: 0, Diff: 0, Sum: 0, Workers: 4
[21.024s][debug][gc,phases      ] GC(28)     Total                          Min: 0, Avg:  0.0, Max: 0, Diff: 0, Sum: 0, Workers: 4
[21.024s][debug][gc,phases      ] GC(28)   StringDedup Requests0 Weak     Min:  0.0, Avg:  0.0, Max:  0.0, Diff:  0.0, Sum:  0.0, Workers: 4
[21.024s][debug][gc,phases      ] GC(28)     Dead                           Min: 0, Avg:  0.0, Max: 0, Diff: 0, Sum: 0, Workers: 4
[21.024s][debug][gc,phases      ] GC(28)     Total                          Min: 0, Avg:  0.0, Max: 0, Diff: 0, Sum: 0, Workers: 4
[21.024s][debug][gc,phases      ] GC(28)   StringDedup Requests1 Weak     Min:  0.0, Avg:  0.0, Max:  0.0, Diff:  0.0, Sum:  0.0, Workers: 4
[21.024s][debug][gc,phases      ] GC(28)     Dead                           Min: 0, Avg:  0.0, Max: 0, Diff: 0, Sum: 0, Workers: 4
[21.024s][debug][gc,phases      ] GC(28)     Total                          Min: 0, Avg:  0.0, Max: 0, Diff: 0, Sum: 0, Workers: 4
[21.024s][debug][gc,phases      ] GC(28)   Weak JFR Old Object Samples    Min:  0.0, Avg:  0.0, Max:  0.0, Diff:  0.0, Sum:  0.0, Workers: 4
[21.024s][debug][gc,phases      ] GC(28)     Dead                           Min: 0, Avg:  0.0, Max: 0, Diff: 0, Sum: 0, Workers: 4
[21.024s][debug][gc,phases      ] GC(28)     Total                          Min: 0, Avg:  0.0, Max: 0, Diff: 0, Sum: 0, Workers: 4
[21.024s][debug][gc,phases      ] GC(28) Weak Processing 0.332ms
[21.024s][debug][gc,age         ] GC(28) Desired survivor size 536870912 bytes, new threshold 1 (max threshold 15)
[21.024s][info ][gc,heap        ] GC(28) PSYoungGen: 1051508K(1572864K)->3873K(1572864K) Eden: 1048576K(1048576K)->0K(1048576K) From: 2932K(524288K)->3873K(524288K)
[21.024s][info ][gc,heap        ] GC(28) ParOldGen: 677026K(929280K)->679370K(929280K)
[21.024s][info ][gc,metaspace   ] GC(28) Metaspace: 70135K(70912K)->70135K(70912K) NonClass: 59848K(60288K)->59848K(60288K) Class: 10287K(10624K)->10287K(10624K)
[21.024s][info ][gc             ] GC(28) Pause Young (Allocation Failure) 1688M->667M(2443M) 6.780ms
[21.024s][info ][gc,cpu         ] GC(28) User=0.02s Sys=0.00s Real=0.01s
[21.024s][info ][safepoint      ] Safepoint "ParallelGCFailedAllocation", Time since last: 135160796 ns, Reaching safepoint: 289011 ns, At safepoint: 6892155 ns, Total: 7181166 ns
[21.163s][info ][gc,start       ] GC(29) Pause Young (Allocation Failure)
[21.171s][debug][gc,phases      ] GC(29) Scavenge 7.891ms
[21.171s][debug][gc,ref         ] GC(29) Skipped phase 1 of Reference Processing: no references
[21.171s][debug][gc,ref         ] GC(29) Skipped phase 2 of Reference Processing: no references
[21.171s][debug][gc,ref         ] GC(29) Skipped phase 3 of Reference Processing: no references
[21.171s][debug][gc,ref         ] GC(29) Skipped phase 4 of Reference Processing: no references
[21.171s][debug][gc,phases      ] GC(29) Reference Processing 0.036ms
[21.171s][debug][gc,phases      ] GC(29)   VM Weak                        Min:  0.0, Avg:  0.0, Max:  0.0, Diff:  0.0, Sum:  0.0, Workers: 4
[21.171s][debug][gc,phases      ] GC(29)     Dead                           Min: 0, Avg:  0.0, Max: 0, Diff: 0, Sum: 0, Workers: 4
[21.171s][debug][gc,phases      ] GC(29)     Total                          Min: 0, Avg: 156.5, Max: 562, Diff: 562, Sum: 626, Workers: 4
[21.171s][debug][gc,phases      ] GC(29)   ObjectSynchronizer Weak        Min:  0.0, Avg:  0.0, Max:  0.0, Diff:  0.0, Sum:  0.0, Workers: 4
[21.171s][debug][gc,phases      ] GC(29)     Dead                           Min: 0, Avg:  0.0, Max: 0, Diff: 0, Sum: 0, Workers: 4
[21.171s][debug][gc,phases      ] GC(29)     Total                          Min: 0, Avg: 76.8, Max: 179, Diff: 179, Sum: 307, Workers: 4
[21.171s][debug][gc,phases      ] GC(29)   JVMTI Tag Weak OopStorage      Min:  0.0, Avg:  0.0, Max:  0.0, Diff:  0.0, Sum:  0.0, Workers: 4
[21.171s][debug][gc,phases      ] GC(29)     Dead                           Min: 0, Avg:  0.0, Max: 0, Diff: 0, Sum: 0, Workers: 4
[21.171s][debug][gc,phases      ] GC(29)     Total                          Min: 0, Avg:  0.0, Max: 0, Diff: 0, Sum: 0, Workers: 4
[21.171s][debug][gc,phases      ] GC(29)   StringTable Weak               Min:  0.1, Avg:  0.1, Max:  0.1, Diff:  0.0, Sum:  0.6, Workers: 4
[21.171s][debug][gc,phases      ] GC(29)     Dead                           Min: 0, Avg:  2.8, Max: 11, Diff: 11, Sum: 11, Workers: 4
[21.171s][debug][gc,phases      ] GC(29)     Total                          Min: 10069, Avg: 10994.5, Max: 11712, Diff: 1643, Sum: 43978, Workers: 4
[21.171s][debug][gc,phases      ] GC(29)   ResolvedMethodTable Weak       Min:  0.0, Avg:  0.0, Max:  0.0, Diff:  0.0, Sum:  0.1, Workers: 4
[21.171s][debug][gc,phases      ] GC(29)     Dead                           Min: 0, Avg:  0.0, Max: 0, Diff: 0, Sum: 0, Workers: 4
[21.171s][debug][gc,phases      ] GC(29)     Total                          Min: 1792, Avg: 1826.8, Max: 1856, Diff: 64, Sum: 7307, Workers: 4
[21.171s][debug][gc,phases      ] GC(29)   JNI Weak                       Min:  0.0, Avg:  0.0, Max:  0.0, Diff:  0.0, Sum:  0.0, Workers: 4
[21.171s][debug][gc,phases      ] GC(29)     Dead                           Min: 0, Avg:  0.0, Max: 0, Diff: 0, Sum: 0, Workers: 4
[21.171s][debug][gc,phases      ] GC(29)     Total                          Min: 0, Avg:  2.8, Max: 11, Diff: 11, Sum: 11, Workers: 4
[21.171s][debug][gc,phases      ] GC(29)   StringDedup Table Weak         Min:  0.0, Avg:  0.0, Max:  0.0, Diff:  0.0, Sum:  0.0, Workers: 4
[21.171s][debug][gc,phases      ] GC(29)     Dead                           Min: 0, Avg:  0.0, Max: 0, Diff: 0, Sum: 0, Workers: 4
[21.171s][debug][gc,phases      ] GC(29)     Total                          Min: 0, Avg:  0.0, Max: 0, Diff: 0, Sum: 0, Workers: 4
[21.171s][debug][gc,phases      ] GC(29)   StringDedup Requests0 Weak     Min:  0.0, Avg:  0.0, Max:  0.0, Diff:  0.0, Sum:  0.0, Workers: 4
[21.171s][debug][gc,phases      ] GC(29)     Dead                           Min: 0, Avg:  0.0, Max: 0, Diff: 0, Sum: 0, Workers: 4
[21.171s][debug][gc,phases      ] GC(29)     Total                          Min: 0, Avg:  0.0, Max: 0, Diff: 0, Sum: 0, Workers: 4
[21.171s][debug][gc,phases      ] GC(29)   StringDedup Requests1 Weak     Min:  0.0, Avg:  0.0, Max:  0.0, Diff:  0.0, Sum:  0.0, Workers: 4
[21.171s][debug][gc,phases      ] GC(29)     Dead                           Min: 0, Avg:  0.0, Max: 0, Diff: 0, Sum: 0, Workers: 4
[21.171s][debug][gc,phases      ] GC(29)     Total                          Min: 0, Avg:  0.0, Max: 0, Diff: 0, Sum: 0, Workers: 4
[21.171s][debug][gc,phases      ] GC(29)   Weak JFR Old Object Samples    Min:  0.0, Avg:  0.0, Max:  0.0, Diff:  0.0, Sum:  0.0, Workers: 4
[21.171s][debug][gc,phases      ] GC(29)     Dead                           Min: 0, Avg:  0.0, Max: 0, Diff: 0, Sum: 0, Workers: 4
[21.171s][debug][gc,phases      ] GC(29)     Total                          Min: 0, Avg:  0.0, Max: 0, Diff: 0, Sum: 0, Workers: 4
[21.171s][debug][gc,phases      ] GC(29) Weak Processing 0.431ms
[21.171s][debug][gc,age         ] GC(29) Desired survivor size 512229376 bytes, new threshold 2 (max threshold 15)
[21.171s][info ][gc,heap        ] GC(29) PSYoungGen: 1052449K(1572864K)->2952K(1596928K) Eden: 1048576K(1048576K)->0K(1072640K) From: 3873K(524288K)->2952K(524288K)
[21.171s][info ][gc,heap        ] GC(29) ParOldGen: 679370K(929280K)->681914K(929280K)
[21.171s][info ][gc,metaspace   ] GC(29) Metaspace: 70135K(70912K)->70135K(70912K) NonClass: 59848K(60288K)->59848K(60288K) Class: 10287K(10624K)->10287K(10624K)
[21.171s][info ][gc             ] GC(29) Pause Young (Allocation Failure) 1691M->668M(2467M) 8.517ms
[21.172s][info ][gc,cpu         ] GC(29) User=0.04s Sys=0.00s Real=0.00s
[21.172s][info ][safepoint      ] Safepoint "ParallelGCFailedAllocation", Time since last: 138726028 ns, Reaching safepoint: 122605 ns, At safepoint: 8688821 ns, Total: 8811426 ns
[21.365s][info ][gc,start       ] GC(30) Pause Young (Allocation Failure)
[21.384s][debug][gc,phases      ] GC(30) Scavenge 19.338ms
[21.384s][debug][gc,ref         ] GC(30) Skipped phase 1 of Reference Processing: no references
[21.384s][debug][gc,ref         ] GC(30) ReferenceProcessor::execute queues: 1, RefProcThreadModel::Single, marks_oops_alive: false
[21.384s][debug][gc,ref         ] GC(30) Skipped phase 3 of Reference Processing: no references
[21.384s][debug][gc,ref         ] GC(30) ReferenceProcessor::execute queues: 1, RefProcThreadModel::Single, marks_oops_alive: false
[21.384s][debug][gc,phases      ] GC(30) Reference Processing 0.137ms
[21.385s][debug][gc,phases      ] GC(30)   VM Weak                        Min:  0.0, Avg:  0.0, Max:  0.0, Diff:  0.0, Sum:  0.0, Workers: 4
[21.385s][debug][gc,phases      ] GC(30)     Dead                           Min: 0, Avg:  0.0, Max: 0, Diff: 0, Sum: 0, Workers: 4
[21.385s][debug][gc,phases      ] GC(30)     Total                          Min: 0, Avg: 156.5, Max: 626, Diff: 626, Sum: 626, Workers: 4
[21.385s][debug][gc,phases      ] GC(30)   ObjectSynchronizer Weak        Min:  0.0, Avg:  0.0, Max:  0.0, Diff:  0.0, Sum:  0.0, Workers: 4
[21.385s][debug][gc,phases      ] GC(30)     Dead                           Min: 0, Avg:  0.0, Max: 0, Diff: 0, Sum: 0, Workers: 4
[21.385s][debug][gc,phases      ] GC(30)     Total                          Min: 0, Avg: 76.8, Max: 307, Diff: 307, Sum: 307, Workers: 4
[21.385s][debug][gc,phases      ] GC(30)   JVMTI Tag Weak OopStorage      Min:  0.0, Avg:  0.0, Max:  0.0, Diff:  0.0, Sum:  0.0, Workers: 4
[21.385s][debug][gc,phases      ] GC(30)     Dead                           Min: 0, Avg:  0.0, Max: 0, Diff: 0, Sum: 0, Workers: 4
[21.385s][debug][gc,phases      ] GC(30)     Total                          Min: 0, Avg:  0.0, Max: 0, Diff: 0, Sum: 0, Workers: 4
[21.385s][debug][gc,phases      ] GC(30)   StringTable Weak               Min:  0.0, Avg:  0.1, Max:  0.4, Diff:  0.4, Sum:  0.4, Workers: 4
[21.385s][debug][gc,phases      ] GC(30)     Dead                           Min: 0, Avg:  0.0, Max: 0, Diff: 0, Sum: 0, Workers: 4
[21.385s][debug][gc,phases      ] GC(30)     Total                          Min: 0, Avg: 10995.0, Max: 43980, Diff: 43980, Sum: 43980, Workers: 4
[21.385s][debug][gc,phases      ] GC(30)   ResolvedMethodTable Weak       Min:  0.0, Avg:  0.0, Max:  0.1, Diff:  0.1, Sum:  0.1, Workers: 4
[21.385s][debug][gc,phases      ] GC(30)     Dead                           Min: 0, Avg:  0.0, Max: 0, Diff: 0, Sum: 0, Workers: 4
[21.385s][debug][gc,phases      ] GC(30)     Total                          Min: 0, Avg: 1826.8, Max: 7307, Diff: 7307, Sum: 7307, Workers: 4
[21.385s][debug][gc,phases      ] GC(30)   JNI Weak                       Min:  0.0, Avg:  0.0, Max:  0.0, Diff:  0.0, Sum:  0.0, Workers: 4
[21.385s][debug][gc,phases      ] GC(30)     Dead                           Min: 0, Avg:  0.0, Max: 0, Diff: 0, Sum: 0, Workers: 4
[21.385s][debug][gc,phases      ] GC(30)     Total                          Min: 0, Avg:  1.8, Max: 7, Diff: 7, Sum: 7, Workers: 4
[21.385s][debug][gc,phases      ] GC(30)   StringDedup Table Weak         Min:  0.0, Avg:  0.0, Max:  0.0, Diff:  0.0, Sum:  0.0, Workers: 4
[21.385s][debug][gc,phases      ] GC(30)     Dead                           Min: 0, Avg:  0.0, Max: 0, Diff: 0, Sum: 0, Workers: 4
[21.385s][debug][gc,phases      ] GC(30)     Total                          Min: 0, Avg:  0.0, Max: 0, Diff: 0, Sum: 0, Workers: 4
[21.385s][debug][gc,phases      ] GC(30)   StringDedup Requests0 Weak     Min:  0.0, Avg:  0.0, Max:  0.0, Diff:  0.0, Sum:  0.0, Workers: 4
[21.385s][debug][gc,phases      ] GC(30)     Dead                           Min: 0, Avg:  0.0, Max: 0, Diff: 0, Sum: 0, Workers: 4
[21.385s][debug][gc,phases      ] GC(30)     Total                          Min: 0, Avg:  0.0, Max: 0, Diff: 0, Sum: 0, Workers: 4
[21.385s][debug][gc,phases      ] GC(30)   StringDedup Requests1 Weak     Min:  0.0, Avg:  0.0, Max:  0.0, Diff:  0.0, Sum:  0.0, Workers: 4
[21.385s][debug][gc,phases      ] GC(30)     Dead                           Min: 0, Avg:  0.0, Max: 0, Diff: 0, Sum: 0, Workers: 4
[21.385s][debug][gc,phases      ] GC(30)     Total                          Min: 0, Avg:  0.0, Max: 0, Diff: 0, Sum: 0, Workers: 4
[21.385s][debug][gc,phases      ] GC(30)   Weak JFR Old Object Samples    Min:  0.0, Avg:  0.0, Max:  0.0, Diff:  0.0, Sum:  0.0, Workers: 4
[21.385s][debug][gc,phases      ] GC(30)     Dead                           Min: 0, Avg:  0.0, Max: 0, Diff: 0, Sum: 0, Workers: 4
[21.385s][debug][gc,phases      ] GC(30)     Total                          Min: 0, Avg:  0.0, Max: 0, Diff: 0, Sum: 0, Workers: 4
[21.385s][debug][gc,phases      ] GC(30) Weak Processing 0.815ms
[21.385s][debug][gc,age         ] GC(30) Desired survivor size 480772096 bytes, new threshold 3 (max threshold 15)
[21.385s][info ][gc,heap        ] GC(30) PSYoungGen: 1075592K(1596928K)->5804K(1572864K) Eden: 1072640K(1072640K)->0K(1072640K) From: 2952K(524288K)->5804K(500224K)
[21.385s][info ][gc,heap        ] GC(30) ParOldGen: 681914K(929280K)->681914K(929280K)
[21.385s][info ][gc,metaspace   ] GC(30) Metaspace: 70146K(70912K)->70146K(70912K) NonClass: 59857K(60288K)->59857K(60288K) Class: 10288K(10624K)->10288K(10624K)
[21.385s][info ][gc             ] GC(30) Pause Young (Allocation Failure) 1716M->671M(2443M) 20.503ms
[21.385s][info ][gc,cpu         ] GC(30) User=0.04s Sys=0.00s Real=0.02s
[21.385s][info ][safepoint      ] Safepoint "ParallelGCFailedAllocation", Time since last: 192984933 ns, Reaching safepoint: 166906 ns, At safepoint: 20620162 ns, Total: 20787068 ns
[21.557s][info ][gc,start       ] GC(31) Pause Young (Allocation Failure)
[21.566s][debug][gc,phases      ] GC(31) Scavenge 8.502ms
[21.566s][debug][gc,ref         ] GC(31) Skipped phase 1 of Reference Processing: no references
[21.566s][debug][gc,ref         ] GC(31) ReferenceProcessor::execute queues: 1, RefProcThreadModel::Single, marks_oops_alive: false
[21.566s][debug][gc,ref         ] GC(31) Skipped phase 3 of Reference Processing: no references
[21.566s][debug][gc,ref         ] GC(31) Skipped phase 4 of Reference Processing: no references
[21.566s][debug][gc,phases      ] GC(31) Reference Processing 0.122ms
[21.566s][debug][gc,phases      ] GC(31)   VM Weak                        Min:  0.0, Avg:  0.0, Max:  0.0, Diff:  0.0, Sum:  0.0, Workers: 4
[21.566s][debug][gc,phases      ] GC(31)     Dead                           Min: 0, Avg:  0.0, Max: 0, Diff: 0, Sum: 0, Workers: 4
[21.566s][debug][gc,phases      ] GC(31)     Total                          Min: 0, Avg: 156.5, Max: 626, Diff: 626, Sum: 626, Workers: 4
[21.566s][debug][gc,phases      ] GC(31)   ObjectSynchronizer Weak        Min:  0.0, Avg:  0.0, Max:  0.0, Diff:  0.0, Sum:  0.0, Workers: 4
[21.566s][debug][gc,phases      ] GC(31)     Dead                           Min: 0, Avg:  0.0, Max: 0, Diff: 0, Sum: 0, Workers: 4
[21.566s][debug][gc,phases      ] GC(31)     Total                          Min: 0, Avg: 76.8, Max: 192, Diff: 192, Sum: 307, Workers: 4
[21.566s][debug][gc,phases      ] GC(31)   JVMTI Tag Weak OopStorage      Min:  0.0, Avg:  0.0, Max:  0.0, Diff:  0.0, Sum:  0.0, Workers: 4
[21.566s][debug][gc,phases      ] GC(31)     Dead                           Min: 0, Avg:  0.0, Max: 0, Diff: 0, Sum: 0, Workers: 4
[21.566s][debug][gc,phases      ] GC(31)     Total                          Min: 0, Avg:  0.0, Max: 0, Diff: 0, Sum: 0, Workers: 4
[21.566s][debug][gc,phases      ] GC(31)   StringTable Weak               Min:  0.1, Avg:  0.1, Max:  0.1, Diff:  0.0, Sum:  0.4, Workers: 4
[21.566s][debug][gc,phases      ] GC(31)     Dead                           Min: 0, Avg:  0.0, Max: 0, Diff: 0, Sum: 0, Workers: 4
[21.566s][debug][gc,phases      ] GC(31)     Total                          Min: 9397, Avg: 10995.0, Max: 12160, Diff: 2763, Sum: 43980, Workers: 4
[21.566s][debug][gc,phases      ] GC(31)   ResolvedMethodTable Weak       Min:  0.0, Avg:  0.0, Max:  0.0, Diff:  0.0, Sum:  0.1, Workers: 4
[21.566s][debug][gc,phases      ] GC(31)     Dead                           Min: 0, Avg:  0.0, Max: 0, Diff: 0, Sum: 0, Workers: 4
[21.566s][debug][gc,phases      ] GC(31)     Total                          Min: 1727, Avg: 1826.8, Max: 1984, Diff: 257, Sum: 7307, Workers: 4
[21.566s][debug][gc,phases      ] GC(31)   JNI Weak                       Min:  0.0, Avg:  0.0, Max:  0.0, Diff:  0.0, Sum:  0.0, Workers: 4
[21.566s][debug][gc,phases      ] GC(31)     Dead                           Min: 0, Avg:  0.0, Max: 0, Diff: 0, Sum: 0, Workers: 4
[21.566s][debug][gc,phases      ] GC(31)     Total                          Min: 0, Avg:  1.0, Max: 4, Diff: 4, Sum: 4, Workers: 4
[21.566s][debug][gc,phases      ] GC(31)   StringDedup Table Weak         Min:  0.0, Avg:  0.0, Max:  0.0, Diff:  0.0, Sum:  0.0, Workers: 4
[21.566s][debug][gc,phases      ] GC(31)     Dead                           Min: 0, Avg:  0.0, Max: 0, Diff: 0, Sum: 0, Workers: 4
[21.566s][debug][gc,phases      ] GC(31)     Total                          Min: 0, Avg:  0.0, Max: 0, Diff: 0, Sum: 0, Workers: 4
[21.566s][debug][gc,phases      ] GC(31)   StringDedup Requests0 Weak     Min:  0.0, Avg:  0.0, Max:  0.0, Diff:  0.0, Sum:  0.0, Workers: 4
[21.566s][debug][gc,phases      ] GC(31)     Dead                           Min: 0, Avg:  0.0, Max: 0, Diff: 0, Sum: 0, Workers: 4
[21.566s][debug][gc,phases      ] GC(31)     Total                          Min: 0, Avg:  0.0, Max: 0, Diff: 0, Sum: 0, Workers: 4
[21.566s][debug][gc,phases      ] GC(31)   StringDedup Requests1 Weak     Min:  0.0, Avg:  0.0, Max:  0.0, Diff:  0.0, Sum:  0.0, Workers: 4
[21.566s][debug][gc,phases      ] GC(31)     Dead                           Min: 0, Avg:  0.0, Max: 0, Diff: 0, Sum: 0, Workers: 4
[21.566s][debug][gc,phases      ] GC(31)     Total                          Min: 0, Avg:  0.0, Max: 0, Diff: 0, Sum: 0, Workers: 4
[21.566s][debug][gc,phases      ] GC(31)   Weak JFR Old Object Samples    Min:  0.0, Avg:  0.0, Max:  0.0, Diff:  0.0, Sum:  0.0, Workers: 4
[21.566s][debug][gc,phases      ] GC(31)     Dead                           Min: 0, Avg:  0.0, Max: 0, Diff: 0, Sum: 0, Workers: 4
[21.566s][debug][gc,phases      ] GC(31)     Total                          Min: 0, Avg:  0.0, Max: 0, Diff: 0, Sum: 0, Workers: 4
[21.566s][debug][gc,phases      ] GC(31) Weak Processing 0.332ms
[21.566s][debug][gc,age         ] GC(31) Desired survivor size 449839104 bytes, new threshold 4 (max threshold 15)
[21.566s][info ][gc,heap        ] GC(31) PSYoungGen: 1078444K(1572864K)->7757K(1657856K) Eden: 1072640K(1072640K)->0K(1188352K) From: 5804K(500224K)->7757K(469504K)
[21.566s][info ][gc,heap        ] GC(31) ParOldGen: 681914K(929280K)->681914K(929280K)
[21.566s][info ][gc,metaspace   ] GC(31) Metaspace: 70158K(70912K)->70158K(70912K) NonClass: 59869K(60288K)->59869K(60288K) Class: 10288K(10624K)->10288K(10624K)
[21.566s][info ][gc             ] GC(31) Pause Young (Allocation Failure) 1719M->673M(2526M) 9.102ms
[21.566s][info ][gc,cpu         ] GC(31) User=0.03s Sys=0.00s Real=0.01s
[21.567s][info ][safepoint      ] Safepoint "ParallelGCFailedAllocation", Time since last: 171767048 ns, Reaching safepoint: 219508 ns, At safepoint: 9201040 ns, Total: 9420548 ns
[21.726s][info ][gc,start       ] GC(32) Pause Young (Allocation Failure)
[21.735s][debug][gc,phases      ] GC(32) Scavenge 8.856ms
[21.735s][debug][gc,ref         ] GC(32) Skipped phase 1 of Reference Processing: no references
[21.735s][debug][gc,ref         ] GC(32) ReferenceProcessor::execute queues: 1, RefProcThreadModel::Single, marks_oops_alive: false
[21.735s][debug][gc,ref         ] GC(32) Skipped phase 3 of Reference Processing: no references
[21.735s][debug][gc,ref         ] GC(32) Skipped phase 4 of Reference Processing: no references
[21.735s][debug][gc,phases      ] GC(32) Reference Processing 0.141ms
[21.736s][debug][gc,phases      ] GC(32)   VM Weak                        Min:  0.0, Avg:  0.0, Max:  0.0, Diff:  0.0, Sum:  0.0, Workers: 4
[21.736s][debug][gc,phases      ] GC(32)     Dead                           Min: 0, Avg:  0.0, Max: 0, Diff: 0, Sum: 0, Workers: 4
[21.736s][debug][gc,phases      ] GC(32)     Total                          Min: 0, Avg: 156.5, Max: 562, Diff: 562, Sum: 626, Workers: 4
[21.736s][debug][gc,phases      ] GC(32)   ObjectSynchronizer Weak        Min:  0.0, Avg:  0.0, Max:  0.0, Diff:  0.0, Sum:  0.0, Workers: 4
[21.736s][debug][gc,phases      ] GC(32)     Dead                           Min: 0, Avg:  0.0, Max: 0, Diff: 0, Sum: 0, Workers: 4
[21.736s][debug][gc,phases      ] GC(32)     Total                          Min: 51, Avg: 76.8, Max: 128, Diff: 77, Sum: 307, Workers: 4
[21.736s][debug][gc,phases      ] GC(32)   JVMTI Tag Weak OopStorage      Min:  0.0, Avg:  0.0, Max:  0.0, Diff:  0.0, Sum:  0.0, Workers: 4
[21.736s][debug][gc,phases      ] GC(32)     Dead                           Min: 0, Avg:  0.0, Max: 0, Diff: 0, Sum: 0, Workers: 4
[21.736s][debug][gc,phases      ] GC(32)     Total                          Min: 0, Avg:  0.0, Max: 0, Diff: 0, Sum: 0, Workers: 4
[21.736s][debug][gc,phases      ] GC(32)   StringTable Weak               Min:  0.1, Avg:  0.1, Max:  0.1, Diff:  0.0, Sum:  0.4, Workers: 4
[21.736s][debug][gc,phases      ] GC(32)     Dead                           Min: 0, Avg:  2.8, Max: 11, Diff: 11, Sum: 11, Workers: 4
[21.736s][debug][gc,phases      ] GC(32)     Total                          Min: 10624, Avg: 10995.0, Max: 11637, Diff: 1013, Sum: 43980, Workers: 4
[21.736s][debug][gc,phases      ] GC(32)   ResolvedMethodTable Weak       Min:  0.0, Avg:  0.0, Max:  0.0, Diff:  0.0, Sum:  0.1, Workers: 4
[21.736s][debug][gc,phases      ] GC(32)     Dead                           Min: 0, Avg:  0.0, Max: 0, Diff: 0, Sum: 0, Workers: 4
[21.736s][debug][gc,phases      ] GC(32)     Total                          Min: 1612, Avg: 1826.8, Max: 2047, Diff: 435, Sum: 7307, Workers: 4
[21.736s][debug][gc,phases      ] GC(32)   JNI Weak                       Min:  0.0, Avg:  0.0, Max:  0.0, Diff:  0.0, Sum:  0.0, Workers: 4
[21.736s][debug][gc,phases      ] GC(32)     Dead                           Min: 0, Avg:  0.0, Max: 0, Diff: 0, Sum: 0, Workers: 4
[21.736s][debug][gc,phases      ] GC(32)     Total                          Min: 0, Avg:  1.0, Max: 4, Diff: 4, Sum: 4, Workers: 4
[21.736s][debug][gc,phases      ] GC(32)   StringDedup Table Weak         Min:  0.0, Avg:  0.0, Max:  0.0, Diff:  0.0, Sum:  0.0, Workers: 4
[21.736s][debug][gc,phases      ] GC(32)     Dead                           Min: 0, Avg:  0.0, Max: 0, Diff: 0, Sum: 0, Workers: 4
[21.736s][debug][gc,phases      ] GC(32)     Total                          Min: 0, Avg:  0.0, Max: 0, Diff: 0, Sum: 0, Workers: 4
[21.736s][debug][gc,phases      ] GC(32)   StringDedup Requests0 Weak     Min:  0.0, Avg:  0.0, Max:  0.0, Diff:  0.0, Sum:  0.0, Workers: 4
[21.736s][debug][gc,phases      ] GC(32)     Dead                           Min: 0, Avg:  0.0, Max: 0, Diff: 0, Sum: 0, Workers: 4
[21.736s][debug][gc,phases      ] GC(32)     Total                          Min: 0, Avg:  0.0, Max: 0, Diff: 0, Sum: 0, Workers: 4
[21.736s][debug][gc,phases      ] GC(32)   StringDedup Requests1 Weak     Min:  0.0, Avg:  0.0, Max:  0.0, Diff:  0.0, Sum:  0.0, Workers: 4
[21.736s][debug][gc,phases      ] GC(32)     Dead                           Min: 0, Avg:  0.0, Max: 0, Diff: 0, Sum: 0, Workers: 4
[21.736s][debug][gc,phases      ] GC(32)     Total                          Min: 0, Avg:  0.0, Max: 0, Diff: 0, Sum: 0, Workers: 4
[21.736s][debug][gc,phases      ] GC(32)   Weak JFR Old Object Samples    Min:  0.0, Avg:  0.0, Max:  0.0, Diff:  0.0, Sum:  0.0, Workers: 4
[21.736s][debug][gc,phases      ] GC(32)     Dead                           Min: 0, Avg:  0.0, Max: 0, Diff: 0, Sum: 0, Workers: 4
[21.736s][debug][gc,phases      ] GC(32)     Total                          Min: 0, Avg:  0.0, Max: 0, Diff: 0, Sum: 0, Workers: 4
[21.736s][debug][gc,phases      ] GC(32) Weak Processing 0.384ms
[21.736s][debug][gc,age         ] GC(32) Desired survivor size 420478976 bytes, new threshold 5 (max threshold 15)
[21.736s][info ][gc,heap        ] GC(32) PSYoungGen: 1196109K(1657856K)->9798K(1627648K) Eden: 1188352K(1188352K)->0K(1188352K) From: 7757K(469504K)->9798K(439296K)
[21.736s][info ][gc,heap        ] GC(32) ParOldGen: 681914K(929280K)->681914K(929280K)
[21.736s][info ][gc,metaspace   ] GC(32) Metaspace: 70158K(70912K)->70158K(70912K) NonClass: 59869K(60288K)->59869K(60288K) Class: 10288K(10624K)->10288K(10624K)
[21.736s][info ][gc             ] GC(32) Pause Young (Allocation Failure) 1834M->675M(2497M) 9.548ms
[21.736s][info ][gc,cpu         ] GC(32) User=0.04s Sys=0.00s Real=0.01s
[21.736s][info ][safepoint      ] Safepoint "ParallelGCFailedAllocation", Time since last: 159577698 ns, Reaching safepoint: 180607 ns, At safepoint: 9660457 ns, Total: 9841064 ns
[21.963s][info ][gc,start       ] GC(33) Pause Young (Allocation Failure)
[21.978s][debug][gc,phases      ] GC(33) Scavenge 15.087ms
[21.978s][debug][gc,ref         ] GC(33) Skipped phase 1 of Reference Processing: no references
[21.978s][debug][gc,ref         ] GC(33) ReferenceProcessor::execute queues: 1, RefProcThreadModel::Single, marks_oops_alive: false
[21.978s][debug][gc,ref         ] GC(33) Skipped phase 3 of Reference Processing: no references
[21.978s][debug][gc,ref         ] GC(33) Skipped phase 4 of Reference Processing: no references
[21.978s][debug][gc,phases      ] GC(33) Reference Processing 0.148ms
[21.978s][debug][gc,phases      ] GC(33)   VM Weak                        Min:  0.0, Avg:  0.0, Max:  0.0, Diff:  0.0, Sum:  0.0, Workers: 4
[21.978s][debug][gc,phases      ] GC(33)     Dead                           Min: 0, Avg:  0.0, Max: 0, Diff: 0, Sum: 0, Workers: 4
[21.978s][debug][gc,phases      ] GC(33)     Total                          Min: 0, Avg: 156.5, Max: 434, Diff: 434, Sum: 626, Workers: 4
[21.978s][debug][gc,phases      ] GC(33)   ObjectSynchronizer Weak        Min:  0.0, Avg:  0.0, Max:  0.0, Diff:  0.0, Sum:  0.0, Workers: 4
[21.978s][debug][gc,phases      ] GC(33)     Dead                           Min: 0, Avg:  0.0, Max: 0, Diff: 0, Sum: 0, Workers: 4
[21.978s][debug][gc,phases      ] GC(33)     Total                          Min: 0, Avg: 76.8, Max: 179, Diff: 179, Sum: 307, Workers: 4
[21.978s][debug][gc,phases      ] GC(33)   JVMTI Tag Weak OopStorage      Min:  0.0, Avg:  0.0, Max:  0.0, Diff:  0.0, Sum:  0.0, Workers: 4
[21.978s][debug][gc,phases      ] GC(33)     Dead                           Min: 0, Avg:  0.0, Max: 0, Diff: 0, Sum: 0, Workers: 4
[21.978s][debug][gc,phases      ] GC(33)     Total                          Min: 0, Avg:  0.0, Max: 0, Diff: 0, Sum: 0, Workers: 4
[21.978s][debug][gc,phases      ] GC(33)   StringTable Weak               Min:  0.1, Avg:  0.1, Max:  0.1, Diff:  0.0, Sum:  0.4, Workers: 4
[21.978s][debug][gc,phases      ] GC(33)     Dead                           Min: 0, Avg:  0.0, Max: 0, Diff: 0, Sum: 0, Workers: 4
[21.978s][debug][gc,phases      ] GC(33)     Total                          Min: 9728, Avg: 10995.0, Max: 12183, Diff: 2455, Sum: 43980, Workers: 4
[21.978s][debug][gc,phases      ] GC(33)   ResolvedMethodTable Weak       Min:  0.0, Avg:  0.0, Max:  0.0, Diff:  0.0, Sum:  0.1, Workers: 4
[21.978s][debug][gc,phases      ] GC(33)     Dead                           Min: 0, Avg:  0.0, Max: 0, Diff: 0, Sum: 0, Workers: 4
[21.978s][debug][gc,phases      ] GC(33)     Total                          Min: 960, Avg: 1826.8, Max: 2304, Diff: 1344, Sum: 7307, Workers: 4
[21.978s][debug][gc,phases      ] GC(33)   JNI Weak                       Min:  0.0, Avg:  0.0, Max:  0.0, Diff:  0.0, Sum:  0.0, Workers: 4
[21.978s][debug][gc,phases      ] GC(33)     Dead                           Min: 0, Avg:  0.0, Max: 0, Diff: 0, Sum: 0, Workers: 4
[21.978s][debug][gc,phases      ] GC(33)     Total                          Min: 0, Avg:  2.5, Max: 10, Diff: 10, Sum: 10, Workers: 4
[21.978s][debug][gc,phases      ] GC(33)   StringDedup Table Weak         Min:  0.0, Avg:  0.0, Max:  0.0, Diff:  0.0, Sum:  0.0, Workers: 4
[21.978s][debug][gc,phases      ] GC(33)     Dead                           Min: 0, Avg:  0.0, Max: 0, Diff: 0, Sum: 0, Workers: 4
[21.978s][debug][gc,phases      ] GC(33)     Total                          Min: 0, Avg:  0.0, Max: 0, Diff: 0, Sum: 0, Workers: 4
[21.978s][debug][gc,phases      ] GC(33)   StringDedup Requests0 Weak     Min:  0.0, Avg:  0.0, Max:  0.0, Diff:  0.0, Sum:  0.0, Workers: 4
[21.978s][debug][gc,phases      ] GC(33)     Dead                           Min: 0, Avg:  0.0, Max: 0, Diff: 0, Sum: 0, Workers: 4
[21.978s][debug][gc,phases      ] GC(33)     Total                          Min: 0, Avg:  0.0, Max: 0, Diff: 0, Sum: 0, Workers: 4
[21.978s][debug][gc,phases      ] GC(33)   StringDedup Requests1 Weak     Min:  0.0, Avg:  0.0, Max:  0.0, Diff:  0.0, Sum:  0.0, Workers: 4
[21.978s][debug][gc,phases      ] GC(33)     Dead                           Min: 0, Avg:  0.0, Max: 0, Diff: 0, Sum: 0, Workers: 4
[21.978s][debug][gc,phases      ] GC(33)     Total                          Min: 0, Avg:  0.0, Max: 0, Diff: 0, Sum: 0, Workers: 4
[21.978s][debug][gc,phases      ] GC(33)   Weak JFR Old Object Samples    Min:  0.0, Avg:  0.0, Max:  0.0, Diff:  0.0, Sum:  0.0, Workers: 4
[21.978s][debug][gc,phases      ] GC(33)     Dead                           Min: 0, Avg:  0.0, Max: 0, Diff: 0, Sum: 0, Workers: 4
[21.978s][debug][gc,phases      ] GC(33)     Total                          Min: 0, Avg:  0.0, Max: 0, Diff: 0, Sum: 0, Workers: 4
[21.978s][debug][gc,phases      ] GC(33) Weak Processing 0.326ms
[21.978s][debug][gc,age         ] GC(33) Desired survivor size 391643136 bytes, new threshold 6 (max threshold 15)
[21.978s][info ][gc,heap        ] GC(33) PSYoungGen: 1198150K(1627648K)->12507K(1714688K) Eden: 1188352K(1188352K)->0K(1304064K) From: 9798K(439296K)->12507K(410624K)
[21.978s][info ][gc,heap        ] GC(33) ParOldGen: 681914K(929280K)->681914K(929280K)
[21.978s][info ][gc,metaspace   ] GC(33) Metaspace: 70158K(70912K)->70158K(70912K) NonClass: 59870K(60288K)->59870K(60288K) Class: 10288K(10624K)->10288K(10624K)
[21.978s][info ][gc             ] GC(33) Pause Young (Allocation Failure) 1836M->678M(2582M) 15.733ms
[21.978s][info ][gc,cpu         ] GC(33) User=0.04s Sys=0.01s Real=0.01s
[21.979s][info ][safepoint      ] Safepoint "ParallelGCFailedAllocation", Time since last: 223394856 ns, Reaching safepoint: 3307222 ns, At safepoint: 15855986 ns, Total: 19163208 ns
[22.196s][info ][gc,start       ] GC(34) Pause Young (Allocation Failure)
[22.244s][debug][gc,phases      ] GC(34) Scavenge 47.943ms
[22.244s][debug][gc,ref         ] GC(34) Skipped phase 1 of Reference Processing: no references
[22.244s][debug][gc,ref         ] GC(34) ReferenceProcessor::execute queues: 1, RefProcThreadModel::Single, marks_oops_alive: false
[22.244s][debug][gc,ref         ] GC(34) Skipped phase 3 of Reference Processing: no references
[22.244s][debug][gc,ref         ] GC(34) Skipped phase 4 of Reference Processing: no references
[22.244s][debug][gc,phases      ] GC(34) Reference Processing 0.136ms
[22.247s][debug][gc,phases      ] GC(34)   VM Weak                        Min:  0.0, Avg:  0.0, Max:  0.0, Diff:  0.0, Sum:  0.0, Workers: 4
[22.247s][debug][gc,phases      ] GC(34)     Dead                           Min: 0, Avg:  0.0, Max: 0, Diff: 0, Sum: 0, Workers: 4
[22.247s][debug][gc,phases      ] GC(34)     Total                          Min: 0, Avg: 156.5, Max: 498, Diff: 498, Sum: 626, Workers: 4
[22.247s][debug][gc,phases      ] GC(34)   ObjectSynchronizer Weak        Min:  0.0, Avg:  0.0, Max:  0.0, Diff:  0.0, Sum:  0.0, Workers: 4
[22.247s][debug][gc,phases      ] GC(34)     Dead                           Min: 0, Avg:  0.0, Max: 0, Diff: 0, Sum: 0, Workers: 4
[22.247s][debug][gc,phases      ] GC(34)     Total                          Min: 0, Avg: 76.8, Max: 179, Diff: 179, Sum: 307, Workers: 4
[22.247s][debug][gc,phases      ] GC(34)   JVMTI Tag Weak OopStorage      Min:  0.0, Avg:  0.0, Max:  0.0, Diff:  0.0, Sum:  0.0, Workers: 4
[22.247s][debug][gc,phases      ] GC(34)     Dead                           Min: 0, Avg:  0.0, Max: 0, Diff: 0, Sum: 0, Workers: 4
[22.247s][debug][gc,phases      ] GC(34)     Total                          Min: 0, Avg:  0.0, Max: 0, Diff: 0, Sum: 0, Workers: 4
[22.247s][debug][gc,phases      ] GC(34)   StringTable Weak               Min:  0.0, Avg:  0.1, Max:  0.3, Diff:  0.3, Sum:  0.5, Workers: 4
[22.247s][debug][gc,phases      ] GC(34)     Dead                           Min: 0, Avg:  2.8, Max: 11, Diff: 11, Sum: 11, Workers: 4
[22.247s][debug][gc,phases      ] GC(34)     Total                          Min: 0, Avg: 10995.0, Max: 23308, Diff: 23308, Sum: 43980, Workers: 4
[22.247s][debug][gc,phases      ] GC(34)   ResolvedMethodTable Weak       Min:  0.0, Avg:  0.0, Max:  0.0, Diff:  0.0, Sum:  0.1, Workers: 4
[22.247s][debug][gc,phases      ] GC(34)     Dead                           Min: 0, Avg:  0.0, Max: 0, Diff: 0, Sum: 0, Workers: 4
[22.247s][debug][gc,phases      ] GC(34)     Total                          Min: 0, Avg: 1826.8, Max: 3660, Diff: 3660, Sum: 7307, Workers: 4
[22.247s][debug][gc,phases      ] GC(34)   JNI Weak                       Min:  0.0, Avg:  0.0, Max:  0.0, Diff:  0.0, Sum:  0.0, Workers: 4
[22.247s][debug][gc,phases      ] GC(34)     Dead                           Min: 0, Avg:  0.0, Max: 0, Diff: 0, Sum: 0, Workers: 4
[22.247s][debug][gc,phases      ] GC(34)     Total                          Min: 0, Avg:  2.5, Max: 10, Diff: 10, Sum: 10, Workers: 4
[22.247s][debug][gc,phases      ] GC(34)   StringDedup Table Weak         Min:  0.0, Avg:  0.0, Max:  0.0, Diff:  0.0, Sum:  0.0, Workers: 4
[22.247s][debug][gc,phases      ] GC(34)     Dead                           Min: 0, Avg:  0.0, Max: 0, Diff: 0, Sum: 0, Workers: 4
[22.247s][debug][gc,phases      ] GC(34)     Total                          Min: 0, Avg:  0.0, Max: 0, Diff: 0, Sum: 0, Workers: 4
[22.247s][debug][gc,phases      ] GC(34)   StringDedup Requests0 Weak     Min:  0.0, Avg:  0.0, Max:  0.0, Diff:  0.0, Sum:  0.0, Workers: 4
[22.247s][debug][gc,phases      ] GC(34)     Dead                           Min: 0, Avg:  0.0, Max: 0, Diff: 0, Sum: 0, Workers: 4
[22.247s][debug][gc,phases      ] GC(34)     Total                          Min: 0, Avg:  0.0, Max: 0, Diff: 0, Sum: 0, Workers: 4
[22.247s][debug][gc,phases      ] GC(34)   StringDedup Requests1 Weak     Min:  0.0, Avg:  0.0, Max:  0.0, Diff:  0.0, Sum:  0.0, Workers: 4
[22.247s][debug][gc,phases      ] GC(34)     Dead                           Min: 0, Avg:  0.0, Max: 0, Diff: 0, Sum: 0, Workers: 4
[22.247s][debug][gc,phases      ] GC(34)     Total                          Min: 0, Avg:  0.0, Max: 0, Diff: 0, Sum: 0, Workers: 4
[22.247s][debug][gc,phases      ] GC(34)   Weak JFR Old Object Samples    Min:  0.0, Avg:  0.0, Max:  0.0, Diff:  0.0, Sum:  0.0, Workers: 4
[22.247s][debug][gc,phases      ] GC(34)     Dead                           Min: 0, Avg:  0.0, Max: 0, Diff: 0, Sum: 0, Workers: 4
[22.247s][debug][gc,phases      ] GC(34)     Total                          Min: 0, Avg:  0.0, Max: 0, Diff: 0, Sum: 0, Workers: 4
[22.247s][debug][gc,phases      ] GC(34) Weak Processing 2.350ms
[22.247s][debug][gc,age         ] GC(34) Desired survivor size 364380160 bytes, new threshold 7 (max threshold 15)
[22.247s][info ][gc,heap        ] GC(34) PSYoungGen: 1316571K(1714688K)->14798K(1686528K) Eden: 1304064K(1304064K)->0K(1304064K) From: 12507K(410624K)->14798K(382464K)
[22.247s][info ][gc,heap        ] GC(34) ParOldGen: 681914K(929280K)->681914K(929280K)
[22.247s][info ][gc,metaspace   ] GC(34) Metaspace: 70160K(70912K)->70160K(70912K) NonClass: 59871K(60288K)->59871K(60288K) Class: 10288K(10624K)->10288K(10624K)
[22.247s][info ][gc             ] GC(34) Pause Young (Allocation Failure) 1951M->680M(2554M) 50.579ms
[22.247s][info ][gc,cpu         ] GC(34) User=0.08s Sys=0.00s Real=0.05s
[22.247s][info ][safepoint      ] Safepoint "ParallelGCFailedAllocation", Time since last: 209637748 ns, Reaching safepoint: 7981895 ns, At safepoint: 50677773 ns, Total: 58659668 ns
[22.449s][info ][gc,start       ] GC(35) Pause Young (Allocation Failure)
[22.462s][debug][gc,phases      ] GC(35) Scavenge 12.879ms
[22.462s][debug][gc,ref         ] GC(35) Skipped phase 1 of Reference Processing: no references
[22.462s][debug][gc,ref         ] GC(35) ReferenceProcessor::execute queues: 1, RefProcThreadModel::Single, marks_oops_alive: false
[22.462s][debug][gc,ref         ] GC(35) Skipped phase 3 of Reference Processing: no references
[22.462s][debug][gc,ref         ] GC(35) Skipped phase 4 of Reference Processing: no references
[22.462s][debug][gc,phases      ] GC(35) Reference Processing 0.138ms
[22.462s][debug][gc,phases      ] GC(35)   VM Weak                        Min:  0.0, Avg:  0.0, Max:  0.0, Diff:  0.0, Sum:  0.0, Workers: 4
[22.462s][debug][gc,phases      ] GC(35)     Dead                           Min: 0, Avg:  0.0, Max: 0, Diff: 0, Sum: 0, Workers: 4
[22.462s][debug][gc,phases      ] GC(35)     Total                          Min: 0, Avg: 156.5, Max: 562, Diff: 562, Sum: 626, Workers: 4
[22.462s][debug][gc,phases      ] GC(35)   ObjectSynchronizer Weak        Min:  0.0, Avg:  0.0, Max:  0.0, Diff:  0.0, Sum:  0.0, Workers: 4
[22.462s][debug][gc,phases      ] GC(35)     Dead                           Min: 0, Avg:  0.0, Max: 0, Diff: 0, Sum: 0, Workers: 4
[22.462s][debug][gc,phases      ] GC(35)     Total                          Min: 0, Avg: 76.8, Max: 179, Diff: 179, Sum: 307, Workers: 4
[22.462s][debug][gc,phases      ] GC(35)   JVMTI Tag Weak OopStorage      Min:  0.0, Avg:  0.0, Max:  0.0, Diff:  0.0, Sum:  0.0, Workers: 4
[22.462s][debug][gc,phases      ] GC(35)     Dead                           Min: 0, Avg:  0.0, Max: 0, Diff: 0, Sum: 0, Workers: 4
[22.462s][debug][gc,phases      ] GC(35)     Total                          Min: 0, Avg:  0.0, Max: 0, Diff: 0, Sum: 0, Workers: 4
[22.462s][debug][gc,phases      ] GC(35)   StringTable Weak               Min:  0.0, Avg:  0.1, Max:  0.2, Diff:  0.2, Sum:  0.4, Workers: 4
[22.462s][debug][gc,phases      ] GC(35)     Dead                           Min: 0, Avg:  0.0, Max: 0, Diff: 0, Sum: 0, Workers: 4
[22.462s][debug][gc,phases      ] GC(35)     Total                          Min: 0, Avg: 10995.0, Max: 23168, Diff: 23168, Sum: 43980, Workers: 4
[22.463s][debug][gc,phases      ] GC(35)   ResolvedMethodTable Weak       Min:  0.0, Avg:  0.0, Max:  0.0, Diff:  0.0, Sum:  0.1, Workers: 4
[22.463s][debug][gc,phases      ] GC(35)     Dead                           Min: 0, Avg:  0.0, Max: 0, Diff: 0, Sum: 0, Workers: 4
[22.463s][debug][gc,phases      ] GC(35)     Total                          Min: 0, Avg: 1826.8, Max: 3903, Diff: 3903, Sum: 7307, Workers: 4
[22.463s][debug][gc,phases      ] GC(35)   JNI Weak                       Min:  0.0, Avg:  0.0, Max:  0.0, Diff:  0.0, Sum:  0.0, Workers: 4
[22.463s][debug][gc,phases      ] GC(35)     Dead                           Min: 0, Avg:  0.0, Max: 0, Diff: 0, Sum: 0, Workers: 4
[22.463s][debug][gc,phases      ] GC(35)     Total                          Min: 0, Avg:  2.0, Max: 8, Diff: 8, Sum: 8, Workers: 4
[22.463s][debug][gc,phases      ] GC(35)   StringDedup Table Weak         Min:  0.0, Avg:  0.0, Max:  0.0, Diff:  0.0, Sum:  0.0, Workers: 4
[22.463s][debug][gc,phases      ] GC(35)     Dead                           Min: 0, Avg:  0.0, Max: 0, Diff: 0, Sum: 0, Workers: 4
[22.463s][debug][gc,phases      ] GC(35)     Total                          Min: 0, Avg:  0.0, Max: 0, Diff: 0, Sum: 0, Workers: 4
[22.463s][debug][gc,phases      ] GC(35)   StringDedup Requests0 Weak     Min:  0.0, Avg:  0.0, Max:  0.0, Diff:  0.0, Sum:  0.0, Workers: 4
[22.463s][debug][gc,phases      ] GC(35)     Dead                           Min: 0, Avg:  0.0, Max: 0, Diff: 0, Sum: 0, Workers: 4
[22.463s][debug][gc,phases      ] GC(35)     Total                          Min: 0, Avg:  0.0, Max: 0, Diff: 0, Sum: 0, Workers: 4
[22.463s][debug][gc,phases      ] GC(35)   StringDedup Requests1 Weak     Min:  0.0, Avg:  0.0, Max:  0.0, Diff:  0.0, Sum:  0.0, Workers: 4
[22.463s][debug][gc,phases      ] GC(35)     Dead                           Min: 0, Avg:  0.0, Max: 0, Diff: 0, Sum: 0, Workers: 4
[22.463s][debug][gc,phases      ] GC(35)     Total                          Min: 0, Avg:  0.0, Max: 0, Diff: 0, Sum: 0, Workers: 4
[22.463s][debug][gc,phases      ] GC(35)   Weak JFR Old Object Samples    Min:  0.0, Avg:  0.0, Max:  0.0, Diff:  0.0, Sum:  0.0, Workers: 4
[22.463s][debug][gc,phases      ] GC(35)     Dead                           Min: 0, Avg:  0.0, Max: 0, Diff: 0, Sum: 0, Workers: 4
[22.463s][debug][gc,phases      ] GC(35)     Total                          Min: 0, Avg:  0.0, Max: 0, Diff: 0, Sum: 0, Workers: 4
[22.463s][debug][gc,phases      ] GC(35) Weak Processing 0.486ms
[22.463s][debug][gc,age         ] GC(35) Desired survivor size 338165760 bytes, new threshold 8 (max threshold 15)
[22.463s][info ][gc,heap        ] GC(35) PSYoungGen: 1318862K(1686528K)->16993K(1766912K) Eden: 1304064K(1304064K)->0K(1411072K) From: 14798K(382464K)->16993K(355840K)
[22.463s][info ][gc,heap        ] GC(35) ParOldGen: 681914K(929280K)->681914K(929280K)
[22.463s][info ][gc,metaspace   ] GC(35) Metaspace: 70160K(70912K)->70160K(70912K) NonClass: 59871K(60288K)->59871K(60288K) Class: 10288K(10624K)->10288K(10624K)
[22.463s][info ][gc             ] GC(35) Pause Young (Allocation Failure) 1953M->682M(2633M) 13.666ms
[22.463s][info ][gc,cpu         ] GC(35) User=0.05s Sys=0.00s Real=0.02s
[22.463s][info ][safepoint      ] Safepoint "ParallelGCFailedAllocation", Time since last: 202010064 ns, Reaching safepoint: 134705 ns, At safepoint: 13781809 ns, Total: 13916514 ns
[22.690s][info ][gc,start       ] GC(36) Pause Young (Allocation Failure)
[22.712s][debug][gc,phases      ] GC(36) Scavenge 22.160ms
[22.712s][debug][gc,ref         ] GC(36) Skipped phase 1 of Reference Processing: no references
[22.713s][debug][gc,ref         ] GC(36) ReferenceProcessor::execute queues: 1, RefProcThreadModel::Single, marks_oops_alive: false
[22.713s][debug][gc,ref         ] GC(36) Skipped phase 3 of Reference Processing: no references
[22.713s][debug][gc,ref         ] GC(36) Skipped phase 4 of Reference Processing: no references
[22.713s][debug][gc,phases      ] GC(36) Reference Processing 0.130ms
[22.713s][debug][gc,phases      ] GC(36)   VM Weak                        Min:  0.0, Avg:  0.0, Max:  0.0, Diff:  0.0, Sum:  0.0, Workers: 4
[22.713s][debug][gc,phases      ] GC(36)     Dead                           Min: 0, Avg:  0.0, Max: 0, Diff: 0, Sum: 0, Workers: 4
[22.713s][debug][gc,phases      ] GC(36)     Total                          Min: 0, Avg: 156.5, Max: 626, Diff: 626, Sum: 626, Workers: 4
[22.713s][debug][gc,phases      ] GC(36)   ObjectSynchronizer Weak        Min:  0.0, Avg:  0.0, Max:  0.0, Diff:  0.0, Sum:  0.0, Workers: 4
[22.713s][debug][gc,phases      ] GC(36)     Dead                           Min: 0, Avg:  0.0, Max: 0, Diff: 0, Sum: 0, Workers: 4
[22.713s][debug][gc,phases      ] GC(36)     Total                          Min: 0, Avg: 76.8, Max: 192, Diff: 192, Sum: 307, Workers: 4
[22.713s][debug][gc,phases      ] GC(36)   JVMTI Tag Weak OopStorage      Min:  0.0, Avg:  0.0, Max:  0.0, Diff:  0.0, Sum:  0.0, Workers: 4
[22.713s][debug][gc,phases      ] GC(36)     Dead                           Min: 0, Avg:  0.0, Max: 0, Diff: 0, Sum: 0, Workers: 4
[22.713s][debug][gc,phases      ] GC(36)     Total                          Min: 0, Avg:  0.0, Max: 0, Diff: 0, Sum: 0, Workers: 4
[22.713s][debug][gc,phases      ] GC(36)   StringTable Weak               Min:  0.1, Avg:  0.1, Max:  0.1, Diff:  0.0, Sum:  0.4, Workers: 4
[22.713s][debug][gc,phases      ] GC(36)     Dead                           Min: 0, Avg:  2.8, Max: 11, Diff: 11, Sum: 11, Workers: 4
[22.713s][debug][gc,phases      ] GC(36)     Total                          Min: 10293, Avg: 10995.5, Max: 11264, Diff: 971, Sum: 43982, Workers: 4
[22.713s][debug][gc,phases      ] GC(36)   ResolvedMethodTable Weak       Min:  0.0, Avg:  0.0, Max:  0.0, Diff:  0.0, Sum:  0.1, Workers: 4
[22.713s][debug][gc,phases      ] GC(36)     Dead                           Min: 0, Avg:  0.0, Max: 0, Diff: 0, Sum: 0, Workers: 4
[22.713s][debug][gc,phases      ] GC(36)     Total                          Min: 1600, Avg: 1826.8, Max: 2112, Diff: 512, Sum: 7307, Workers: 4
[22.713s][debug][gc,phases      ] GC(36)   JNI Weak                       Min:  0.0, Avg:  0.0, Max:  0.0, Diff:  0.0, Sum:  0.0, Workers: 4
[22.713s][debug][gc,phases      ] GC(36)     Dead                           Min: 0, Avg:  0.0, Max: 0, Diff: 0, Sum: 0, Workers: 4
[22.713s][debug][gc,phases      ] GC(36)     Total                          Min: 0, Avg:  1.5, Max: 6, Diff: 6, Sum: 6, Workers: 4
[22.713s][debug][gc,phases      ] GC(36)   StringDedup Table Weak         Min:  0.0, Avg:  0.0, Max:  0.0, Diff:  0.0, Sum:  0.0, Workers: 4
[22.713s][debug][gc,phases      ] GC(36)     Dead                           Min: 0, Avg:  0.0, Max: 0, Diff: 0, Sum: 0, Workers: 4
[22.713s][debug][gc,phases      ] GC(36)     Total                          Min: 0, Avg:  0.0, Max: 0, Diff: 0, Sum: 0, Workers: 4
[22.713s][debug][gc,phases      ] GC(36)   StringDedup Requests0 Weak     Min:  0.0, Avg:  0.0, Max:  0.0, Diff:  0.0, Sum:  0.0, Workers: 4
[22.713s][debug][gc,phases      ] GC(36)     Dead                           Min: 0, Avg:  0.0, Max: 0, Diff: 0, Sum: 0, Workers: 4
[22.713s][debug][gc,phases      ] GC(36)     Total                          Min: 0, Avg:  0.0, Max: 0, Diff: 0, Sum: 0, Workers: 4
[22.713s][debug][gc,phases      ] GC(36)   StringDedup Requests1 Weak     Min:  0.0, Avg:  0.0, Max:  0.0, Diff:  0.0, Sum:  0.0, Workers: 4
[22.713s][debug][gc,phases      ] GC(36)     Dead                           Min: 0, Avg:  0.0, Max: 0, Diff: 0, Sum: 0, Workers: 4
[22.713s][debug][gc,phases      ] GC(36)     Total                          Min: 0, Avg:  0.0, Max: 0, Diff: 0, Sum: 0, Workers: 4
[22.713s][debug][gc,phases      ] GC(36)   Weak JFR Old Object Samples    Min:  0.0, Avg:  0.0, Max:  0.0, Diff:  0.0, Sum:  0.0, Workers: 4
[22.713s][debug][gc,phases      ] GC(36)     Dead                           Min: 0, Avg:  0.0, Max: 0, Diff: 0, Sum: 0, Workers: 4
[22.713s][debug][gc,phases      ] GC(36)     Total                          Min: 0, Avg:  0.0, Max: 0, Diff: 0, Sum: 0, Workers: 4
[22.713s][debug][gc,phases      ] GC(36) Weak Processing 0.383ms
[22.713s][debug][gc,age         ] GC(36) Desired survivor size 313524224 bytes, new threshold 9 (max threshold 15)
[22.713s][info ][gc,heap        ] GC(36) PSYoungGen: 1428065K(1766912K)->18966K(1741312K) Eden: 1411072K(1411072K)->0K(1411072K) From: 16993K(355840K)->18966K(330240K)
[22.713s][info ][gc,heap        ] GC(36) ParOldGen: 681914K(929280K)->681922K(929280K)
[22.713s][info ][gc,metaspace   ] GC(36) Metaspace: 70165K(70912K)->70165K(70912K) NonClass: 59876K(60288K)->59876K(60288K) Class: 10288K(10624K)->10288K(10624K)
[22.713s][info ][gc             ] GC(36) Pause Young (Allocation Failure) 2060M->684M(2608M) 22.843ms
[22.713s][info ][gc,cpu         ] GC(36) User=0.06s Sys=0.01s Real=0.03s
[22.713s][info ][safepoint      ] Safepoint "ParallelGCFailedAllocation", Time since last: 227265298 ns, Reaching safepoint: 152905 ns, At safepoint: 22960649 ns, Total: 23113554 ns
[22.933s][info ][gc,start       ] GC(37) Pause Young (Allocation Failure)
[22.949s][debug][gc,phases      ] GC(37) Scavenge 15.538ms
[22.949s][debug][gc,ref         ] GC(37) Skipped phase 1 of Reference Processing: no references
[22.949s][debug][gc,ref         ] GC(37) ReferenceProcessor::execute queues: 1, RefProcThreadModel::Single, marks_oops_alive: false
[22.949s][debug][gc,ref         ] GC(37) Skipped phase 3 of Reference Processing: no references
[22.949s][debug][gc,ref         ] GC(37) Skipped phase 4 of Reference Processing: no references
[22.949s][debug][gc,phases      ] GC(37) Reference Processing 0.131ms
[22.949s][debug][gc,phases      ] GC(37)   VM Weak                        Min:  0.0, Avg:  0.0, Max:  0.0, Diff:  0.0, Sum:  0.0, Workers: 4
[22.949s][debug][gc,phases      ] GC(37)     Dead                           Min: 0, Avg:  0.0, Max: 0, Diff: 0, Sum: 0, Workers: 4
[22.949s][debug][gc,phases      ] GC(37)     Total                          Min: 0, Avg: 156.5, Max: 562, Diff: 562, Sum: 626, Workers: 4
[22.949s][debug][gc,phases      ] GC(37)   ObjectSynchronizer Weak        Min:  0.0, Avg:  0.0, Max:  0.0, Diff:  0.0, Sum:  0.0, Workers: 4
[22.949s][debug][gc,phases      ] GC(37)     Dead                           Min: 0, Avg:  0.0, Max: 0, Diff: 0, Sum: 0, Workers: 4
[22.949s][debug][gc,phases      ] GC(37)     Total                          Min: 0, Avg: 76.8, Max: 179, Diff: 179, Sum: 307, Workers: 4
[22.949s][debug][gc,phases      ] GC(37)   JVMTI Tag Weak OopStorage      Min:  0.0, Avg:  0.0, Max:  0.0, Diff:  0.0, Sum:  0.0, Workers: 4
[22.949s][debug][gc,phases      ] GC(37)     Dead                           Min: 0, Avg:  0.0, Max: 0, Diff: 0, Sum: 0, Workers: 4
[22.949s][debug][gc,phases      ] GC(37)     Total                          Min: 0, Avg:  0.0, Max: 0, Diff: 0, Sum: 0, Workers: 4
[22.949s][debug][gc,phases      ] GC(37)   StringTable Weak               Min:  0.1, Avg:  0.1, Max:  0.1, Diff:  0.0, Sum:  0.4, Workers: 4
[22.949s][debug][gc,phases      ] GC(37)     Dead                           Min: 0, Avg:  0.0, Max: 0, Diff: 0, Sum: 0, Workers: 4
[22.949s][debug][gc,phases      ] GC(37)     Total                          Min: 10485, Avg: 10996.0, Max: 11584, Diff: 1099, Sum: 43984, Workers: 4
[22.949s][debug][gc,phases      ] GC(37)   ResolvedMethodTable Weak       Min:  0.0, Avg:  0.0, Max:  0.0, Diff:  0.0, Sum:  0.1, Workers: 4
[22.949s][debug][gc,phases      ] GC(37)     Dead                           Min: 0, Avg:  0.0, Max: 0, Diff: 0, Sum: 0, Workers: 4
[22.949s][debug][gc,phases      ] GC(37)     Total                          Min: 1664, Avg: 1826.8, Max: 1984, Diff: 320, Sum: 7307, Workers: 4
[22.949s][debug][gc,phases      ] GC(37)   JNI Weak                       Min:  0.0, Avg:  0.0, Max:  0.0, Diff:  0.0, Sum:  0.0, Workers: 4
[22.949s][debug][gc,phases      ] GC(37)     Dead                           Min: 0, Avg:  0.0, Max: 0, Diff: 0, Sum: 0, Workers: 4
[22.949s][debug][gc,phases      ] GC(37)     Total                          Min: 0, Avg:  1.8, Max: 7, Diff: 7, Sum: 7, Workers: 4
[22.949s][debug][gc,phases      ] GC(37)   StringDedup Table Weak         Min:  0.0, Avg:  0.0, Max:  0.0, Diff:  0.0, Sum:  0.0, Workers: 4
[22.949s][debug][gc,phases      ] GC(37)     Dead                           Min: 0, Avg:  0.0, Max: 0, Diff: 0, Sum: 0, Workers: 4
[22.949s][debug][gc,phases      ] GC(37)     Total                          Min: 0, Avg:  0.0, Max: 0, Diff: 0, Sum: 0, Workers: 4
[22.949s][debug][gc,phases      ] GC(37)   StringDedup Requests0 Weak     Min:  0.0, Avg:  0.0, Max:  0.0, Diff:  0.0, Sum:  0.0, Workers: 4
[22.949s][debug][gc,phases      ] GC(37)     Dead                           Min: 0, Avg:  0.0, Max: 0, Diff: 0, Sum: 0, Workers: 4
[22.949s][debug][gc,phases      ] GC(37)     Total                          Min: 0, Avg:  0.0, Max: 0, Diff: 0, Sum: 0, Workers: 4
[22.949s][debug][gc,phases      ] GC(37)   StringDedup Requests1 Weak     Min:  0.0, Avg:  0.0, Max:  0.0, Diff:  0.0, Sum:  0.0, Workers: 4
[22.949s][debug][gc,phases      ] GC(37)     Dead                           Min: 0, Avg:  0.0, Max: 0, Diff: 0, Sum: 0, Workers: 4
[22.949s][debug][gc,phases      ] GC(37)     Total                          Min: 0, Avg:  0.0, Max: 0, Diff: 0, Sum: 0, Workers: 4
[22.949s][debug][gc,phases      ] GC(37)   Weak JFR Old Object Samples    Min:  0.0, Avg:  0.0, Max:  0.0, Diff:  0.0, Sum:  0.0, Workers: 4
[22.949s][debug][gc,phases      ] GC(37)     Dead                           Min: 0, Avg:  0.0, Max: 0, Diff: 0, Sum: 0, Workers: 4
[22.949s][debug][gc,phases      ] GC(37)     Total                          Min: 0, Avg:  0.0, Max: 0, Diff: 0, Sum: 0, Workers: 4
[22.949s][debug][gc,phases      ] GC(37) Weak Processing 0.334ms
[22.949s][debug][gc,age         ] GC(37) Desired survivor size 290455552 bytes, new threshold 10 (max threshold 15)
[22.949s][info ][gc,heap        ] GC(37) PSYoungGen: 1430038K(1741312K)->22269K(1813504K) Eden: 1411072K(1411072K)->0K(1507328K) From: 18966K(330240K)->22269K(306176K)
[22.949s][info ][gc,heap        ] GC(37) ParOldGen: 681922K(929280K)->681922K(929280K)
[22.949s][info ][gc,metaspace   ] GC(37) Metaspace: 70165K(70912K)->70165K(70912K) NonClass: 59876K(60288K)->59876K(60288K) Class: 10288K(10624K)->10288K(10624K)
[22.949s][info ][gc             ] GC(37) Pause Young (Allocation Failure) 2062M->687M(2678M) 16.141ms
[22.949s][info ][gc,cpu         ] GC(37) User=0.06s Sys=0.00s Real=0.01s
[22.949s][info ][safepoint      ] Safepoint "ParallelGCFailedAllocation", Time since last: 216747909 ns, Reaching safepoint: 3264020 ns, At safepoint: 16251601 ns, Total: 19515621 ns
[23.178s][info ][gc,start       ] GC(38) Pause Young (Allocation Failure)
[23.195s][debug][gc,phases      ] GC(38) Scavenge 17.191ms
[23.195s][debug][gc,ref         ] GC(38) Skipped phase 1 of Reference Processing: no references
[23.195s][debug][gc,ref         ] GC(38) ReferenceProcessor::execute queues: 1, RefProcThreadModel::Single, marks_oops_alive: false
[23.195s][debug][gc,ref         ] GC(38) Skipped phase 3 of Reference Processing: no references
[23.195s][debug][gc,ref         ] GC(38) ReferenceProcessor::execute queues: 1, RefProcThreadModel::Single, marks_oops_alive: false
[23.196s][debug][gc,phases      ] GC(38) Reference Processing 0.125ms
[23.196s][debug][gc,phases      ] GC(38)   VM Weak                        Min:  0.0, Avg:  0.0, Max:  0.0, Diff:  0.0, Sum:  0.0, Workers: 4
[23.196s][debug][gc,phases      ] GC(38)     Dead                           Min: 0, Avg:  0.0, Max: 0, Diff: 0, Sum: 0, Workers: 4
[23.196s][debug][gc,phases      ] GC(38)     Total                          Min: 0, Avg: 156.5, Max: 370, Diff: 370, Sum: 626, Workers: 4
[23.196s][debug][gc,phases      ] GC(38)   ObjectSynchronizer Weak        Min:  0.0, Avg:  0.0, Max:  0.0, Diff:  0.0, Sum:  0.0, Workers: 4
[23.196s][debug][gc,phases      ] GC(38)     Dead                           Min: 0, Avg:  0.0, Max: 0, Diff: 0, Sum: 0, Workers: 4
[23.196s][debug][gc,phases      ] GC(38)     Total                          Min: 0, Avg: 76.8, Max: 179, Diff: 179, Sum: 307, Workers: 4
[23.196s][debug][gc,phases      ] GC(38)   JVMTI Tag Weak OopStorage      Min:  0.0, Avg:  0.0, Max:  0.0, Diff:  0.0, Sum:  0.0, Workers: 4
[23.196s][debug][gc,phases      ] GC(38)     Dead                           Min: 0, Avg:  0.0, Max: 0, Diff: 0, Sum: 0, Workers: 4
[23.196s][debug][gc,phases      ] GC(38)     Total                          Min: 0, Avg:  0.0, Max: 0, Diff: 0, Sum: 0, Workers: 4
[23.196s][debug][gc,phases      ] GC(38)   StringTable Weak               Min:  0.1, Avg:  0.1, Max:  0.1, Diff:  0.0, Sum:  0.4, Workers: 4
[23.196s][debug][gc,phases      ] GC(38)     Dead                           Min: 0, Avg:  2.8, Max: 11, Diff: 11, Sum: 11, Workers: 4
[23.196s][debug][gc,phases      ] GC(38)     Total                          Min: 10165, Avg: 10996.0, Max: 12635, Diff: 2470, Sum: 43984, Workers: 4
[23.196s][debug][gc,phases      ] GC(38)   ResolvedMethodTable Weak       Min:  0.0, Avg:  0.0, Max:  0.0, Diff:  0.0, Sum:  0.1, Workers: 4
[23.196s][debug][gc,phases      ] GC(38)     Dead                           Min: 0, Avg:  0.0, Max: 0, Diff: 0, Sum: 0, Workers: 4
[23.196s][debug][gc,phases      ] GC(38)     Total                          Min: 1664, Avg: 1826.8, Max: 1995, Diff: 331, Sum: 7307, Workers: 4
[23.196s][debug][gc,phases      ] GC(38)   JNI Weak                       Min:  0.0, Avg:  0.0, Max:  0.0, Diff:  0.0, Sum:  0.0, Workers: 4
[23.196s][debug][gc,phases      ] GC(38)     Dead                           Min: 0, Avg:  0.0, Max: 0, Diff: 0, Sum: 0, Workers: 4
[23.196s][debug][gc,phases      ] GC(38)     Total                          Min: 0, Avg:  0.5, Max: 2, Diff: 2, Sum: 2, Workers: 4
[23.196s][debug][gc,phases      ] GC(38)   StringDedup Table Weak         Min:  0.0, Avg:  0.0, Max:  0.0, Diff:  0.0, Sum:  0.0, Workers: 4
[23.196s][debug][gc,phases      ] GC(38)     Dead                           Min: 0, Avg:  0.0, Max: 0, Diff: 0, Sum: 0, Workers: 4
[23.196s][debug][gc,phases      ] GC(38)     Total                          Min: 0, Avg:  0.0, Max: 0, Diff: 0, Sum: 0, Workers: 4
[23.196s][debug][gc,phases      ] GC(38)   StringDedup Requests0 Weak     Min:  0.0, Avg:  0.0, Max:  0.0, Diff:  0.0, Sum:  0.0, Workers: 4
[23.196s][debug][gc,phases      ] GC(38)     Dead                           Min: 0, Avg:  0.0, Max: 0, Diff: 0, Sum: 0, Workers: 4
[23.196s][debug][gc,phases      ] GC(38)     Total                          Min: 0, Avg:  0.0, Max: 0, Diff: 0, Sum: 0, Workers: 4
[23.196s][debug][gc,phases      ] GC(38)   StringDedup Requests1 Weak     Min:  0.0, Avg:  0.0, Max:  0.0, Diff:  0.0, Sum:  0.0, Workers: 4
[23.196s][debug][gc,phases      ] GC(38)     Dead                           Min: 0, Avg:  0.0, Max: 0, Diff: 0, Sum: 0, Workers: 4
[23.196s][debug][gc,phases      ] GC(38)     Total                          Min: 0, Avg:  0.0, Max: 0, Diff: 0, Sum: 0, Workers: 4
[23.196s][debug][gc,phases      ] GC(38)   Weak JFR Old Object Samples    Min:  0.0, Avg:  0.0, Max:  0.0, Diff:  0.0, Sum:  0.0, Workers: 4
[23.196s][debug][gc,phases      ] GC(38)     Dead                           Min: 0, Avg:  0.0, Max: 0, Diff: 0, Sum: 0, Workers: 4
[23.196s][debug][gc,phases      ] GC(38)     Total                          Min: 0, Avg:  0.0, Max: 0, Diff: 0, Sum: 0, Workers: 4
[23.196s][debug][gc,phases      ] GC(38) Weak Processing 0.310ms
[23.196s][debug][gc,age         ] GC(38) Desired survivor size 267911168 bytes, new threshold 11 (max threshold 15)
[23.196s][info ][gc,heap        ] GC(38) PSYoungGen: 1529597K(1813504K)->26480K(1790976K) Eden: 1507328K(1507328K)->0K(1507328K) From: 22269K(306176K)->26480K(283648K)
[23.196s][info ][gc,heap        ] GC(38) ParOldGen: 681922K(929280K)->681922K(929280K)
[23.196s][info ][gc,metaspace   ] GC(38) Metaspace: 70179K(70912K)->70179K(70912K) NonClass: 59891K(60288K)->59891K(60288K) Class: 10288K(10624K)->10288K(10624K)
[23.196s][info ][gc             ] GC(38) Pause Young (Allocation Failure) 2159M->691M(2656M) 17.782ms
[23.196s][info ][gc,cpu         ] GC(38) User=0.07s Sys=0.00s Real=0.02s
[23.196s][info ][safepoint      ] Safepoint "ParallelGCFailedAllocation", Time since last: 228385238 ns, Reaching safepoint: 302812 ns, At safepoint: 17894961 ns, Total: 18197773 ns
[23.478s][info ][safepoint      ] Safepoint "ICBufferFull", Time since last: 280179451 ns, Reaching safepoint: 1834467 ns, At safepoint: 15001 ns, Total: 1849468 ns
[23.488s][info ][safepoint      ] Safepoint "ICBufferFull", Time since last: 2096377 ns, Reaching safepoint: 8052998 ns, At safepoint: 14300 ns, Total: 8067298 ns
[23.521s][info ][safepoint      ] Safepoint "ICBufferFull", Time since last: 11168713 ns, Reaching safepoint: 21652500 ns, At safepoint: 24701 ns, Total: 21677201 ns
[23.536s][info ][safepoint      ] Safepoint "ICBufferFull", Time since last: 13065082 ns, Reaching safepoint: 2190381 ns, At safepoint: 21201 ns, Total: 2211582 ns
[23.540s][info ][safepoint      ] Safepoint "ICBufferFull", Time since last: 3930045 ns, Reaching safepoint: 120205 ns, At safepoint: 22601 ns, Total: 142806 ns
[23.544s][info ][safepoint      ] Safepoint "ICBufferFull", Time since last: 3103514 ns, Reaching safepoint: 132305 ns, At safepoint: 27001 ns, Total: 159306 ns
[23.556s][info ][gc,start       ] GC(39) Pause Young (Allocation Failure)
[23.576s][debug][gc,phases      ] GC(39) Scavenge 19.569ms
[23.576s][debug][gc,ref         ] GC(39) Skipped phase 1 of Reference Processing: no references
[23.576s][debug][gc,ref         ] GC(39) ReferenceProcessor::execute queues: 1, RefProcThreadModel::Single, marks_oops_alive: false
[23.576s][debug][gc,ref         ] GC(39) Skipped phase 3 of Reference Processing: no references
[23.576s][debug][gc,ref         ] GC(39) ReferenceProcessor::execute queues: 1, RefProcThreadModel::Single, marks_oops_alive: false
[23.576s][debug][gc,phases      ] GC(39) Reference Processing 0.153ms
[23.576s][debug][gc,phases      ] GC(39)   VM Weak                        Min:  0.0, Avg:  0.0, Max:  0.0, Diff:  0.0, Sum:  0.0, Workers: 4
[23.576s][debug][gc,phases      ] GC(39)     Dead                           Min: 0, Avg:  0.0, Max: 0, Diff: 0, Sum: 0, Workers: 4
[23.576s][debug][gc,phases      ] GC(39)     Total                          Min: 0, Avg: 157.5, Max: 630, Diff: 630, Sum: 630, Workers: 4
[23.576s][debug][gc,phases      ] GC(39)   ObjectSynchronizer Weak        Min:  0.0, Avg:  0.0, Max:  0.0, Diff:  0.0, Sum:  0.0, Workers: 4
[23.576s][debug][gc,phases      ] GC(39)     Dead                           Min: 0, Avg:  0.0, Max: 0, Diff: 0, Sum: 0, Workers: 4
[23.576s][debug][gc,phases      ] GC(39)     Total                          Min: 0, Avg: 76.8, Max: 179, Diff: 179, Sum: 307, Workers: 4
[23.576s][debug][gc,phases      ] GC(39)   JVMTI Tag Weak OopStorage      Min:  0.0, Avg:  0.0, Max:  0.0, Diff:  0.0, Sum:  0.0, Workers: 4
[23.576s][debug][gc,phases      ] GC(39)     Dead                           Min: 0, Avg:  0.0, Max: 0, Diff: 0, Sum: 0, Workers: 4
[23.576s][debug][gc,phases      ] GC(39)     Total                          Min: 0, Avg:  0.0, Max: 0, Diff: 0, Sum: 0, Workers: 4
[23.576s][debug][gc,phases      ] GC(39)   StringTable Weak               Min:  0.1, Avg:  0.1, Max:  0.1, Diff:  0.0, Sum:  0.4, Workers: 4
[23.576s][debug][gc,phases      ] GC(39)     Dead                           Min: 0, Avg:  0.0, Max: 0, Diff: 0, Sum: 0, Workers: 4
[23.576s][debug][gc,phases      ] GC(39)     Total                          Min: 9664, Avg: 10999.2, Max: 12584, Diff: 2920, Sum: 43997, Workers: 4
[23.576s][debug][gc,phases      ] GC(39)   ResolvedMethodTable Weak       Min:  0.0, Avg:  0.0, Max:  0.0, Diff:  0.0, Sum:  0.1, Workers: 4
[23.576s][debug][gc,phases      ] GC(39)     Dead                           Min: 0, Avg:  0.0, Max: 0, Diff: 0, Sum: 0, Workers: 4
[23.576s][debug][gc,phases      ] GC(39)     Total                          Min: 1664, Avg: 1834.8, Max: 2112, Diff: 448, Sum: 7339, Workers: 4
[23.576s][debug][gc,phases      ] GC(39)   JNI Weak                       Min:  0.0, Avg:  0.0, Max:  0.0, Diff:  0.0, Sum:  0.0, Workers: 4
[23.576s][debug][gc,phases      ] GC(39)     Dead                           Min: 0, Avg:  0.0, Max: 0, Diff: 0, Sum: 0, Workers: 4
[23.576s][debug][gc,phases      ] GC(39)     Total                          Min: 0, Avg:  0.0, Max: 0, Diff: 0, Sum: 0, Workers: 4
[23.576s][debug][gc,phases      ] GC(39)   StringDedup Table Weak         Min:  0.0, Avg:  0.0, Max:  0.0, Diff:  0.0, Sum:  0.0, Workers: 4
[23.576s][debug][gc,phases      ] GC(39)     Dead                           Min: 0, Avg:  0.0, Max: 0, Diff: 0, Sum: 0, Workers: 4
[23.576s][debug][gc,phases      ] GC(39)     Total                          Min: 0, Avg:  0.0, Max: 0, Diff: 0, Sum: 0, Workers: 4
[23.576s][debug][gc,phases      ] GC(39)   StringDedup Requests0 Weak     Min:  0.0, Avg:  0.0, Max:  0.0, Diff:  0.0, Sum:  0.0, Workers: 4
[23.576s][debug][gc,phases      ] GC(39)     Dead                           Min: 0, Avg:  0.0, Max: 0, Diff: 0, Sum: 0, Workers: 4
[23.576s][debug][gc,phases      ] GC(39)     Total                          Min: 0, Avg:  0.0, Max: 0, Diff: 0, Sum: 0, Workers: 4
[23.576s][debug][gc,phases      ] GC(39)   StringDedup Requests1 Weak     Min:  0.0, Avg:  0.0, Max:  0.0, Diff:  0.0, Sum:  0.0, Workers: 4
[23.576s][debug][gc,phases      ] GC(39)     Dead                           Min: 0, Avg:  0.0, Max: 0, Diff: 0, Sum: 0, Workers: 4
[23.576s][debug][gc,phases      ] GC(39)     Total                          Min: 0, Avg:  0.0, Max: 0, Diff: 0, Sum: 0, Workers: 4
[23.576s][debug][gc,phases      ] GC(39)   Weak JFR Old Object Samples    Min:  0.0, Avg:  0.0, Max:  0.0, Diff:  0.0, Sum:  0.0, Workers: 4
[23.576s][debug][gc,phases      ] GC(39)     Dead                           Min: 0, Avg:  0.0, Max: 0, Diff: 0, Sum: 0, Workers: 4
[23.576s][debug][gc,phases      ] GC(39)     Total                          Min: 0, Avg:  0.0, Max: 0, Diff: 0, Sum: 0, Workers: 4
[23.576s][debug][gc,phases      ] GC(39) Weak Processing 0.408ms
[23.576s][debug][gc,age         ] GC(39) Desired survivor size 246415360 bytes, new threshold 12 (max threshold 15)
[23.576s][info ][gc,heap        ] GC(39) PSYoungGen: 1533808K(1790976K)->30094K(1856512K) Eden: 1507328K(1507328K)->0K(1594880K) From: 26480K(283648K)->30094K(261632K)
[23.576s][info ][gc,heap        ] GC(39) ParOldGen: 681922K(929280K)->681922K(929280K)
[23.576s][info ][gc,metaspace   ] GC(39) Metaspace: 70221K(70976K)->70221K(70976K) NonClass: 59921K(60352K)->59921K(60352K) Class: 10300K(10624K)->10300K(10624K)
[23.576s][info ][gc             ] GC(39) Pause Young (Allocation Failure) 2163M->695M(2720M) 20.299ms
[23.576s][info ][gc,cpu         ] GC(39) User=0.08s Sys=0.00s Real=0.02s
[23.576s][info ][safepoint      ] Safepoint "ParallelGCFailedAllocation", Time since last: 12140249 ns, Reaching safepoint: 184906 ns, At safepoint: 20419355 ns, Total: 20604261 ns
[23.829s][info ][gc,start       ] GC(40) Pause Young (Allocation Failure)
[23.872s][debug][gc,phases      ] GC(40) Scavenge 42.806ms
[23.872s][debug][gc,ref         ] GC(40) Skipped phase 1 of Reference Processing: no references
[23.872s][debug][gc,ref         ] GC(40) ReferenceProcessor::execute queues: 1, RefProcThreadModel::Single, marks_oops_alive: false
[23.872s][debug][gc,ref         ] GC(40) Skipped phase 3 of Reference Processing: no references
[23.872s][debug][gc,ref         ] GC(40) ReferenceProcessor::execute queues: 1, RefProcThreadModel::Single, marks_oops_alive: false
[23.872s][debug][gc,phases      ] GC(40) Reference Processing 0.160ms
[23.876s][debug][gc,phases      ] GC(40)   VM Weak                        Min:  0.0, Avg:  0.0, Max:  0.0, Diff:  0.0, Sum:  0.0, Workers: 4
[23.876s][debug][gc,phases      ] GC(40)     Dead                           Min: 0, Avg:  0.0, Max: 0, Diff: 0, Sum: 0, Workers: 4
[23.876s][debug][gc,phases      ] GC(40)     Total                          Min: 0, Avg: 157.5, Max: 512, Diff: 512, Sum: 630, Workers: 4
[23.876s][debug][gc,phases      ] GC(40)   ObjectSynchronizer Weak        Min:  0.0, Avg:  0.0, Max:  0.0, Diff:  0.0, Sum:  0.0, Workers: 4
[23.876s][debug][gc,phases      ] GC(40)     Dead                           Min: 0, Avg:  0.0, Max: 0, Diff: 0, Sum: 0, Workers: 4
[23.876s][debug][gc,phases      ] GC(40)     Total                          Min: 0, Avg: 76.8, Max: 307, Diff: 307, Sum: 307, Workers: 4
[23.876s][debug][gc,phases      ] GC(40)   JVMTI Tag Weak OopStorage      Min:  0.0, Avg:  0.0, Max:  0.0, Diff:  0.0, Sum:  0.0, Workers: 4
[23.876s][debug][gc,phases      ] GC(40)     Dead                           Min: 0, Avg:  0.0, Max: 0, Diff: 0, Sum: 0, Workers: 4
[23.876s][debug][gc,phases      ] GC(40)     Total                          Min: 0, Avg:  0.0, Max: 0, Diff: 0, Sum: 0, Workers: 4
[23.876s][debug][gc,phases      ] GC(40)   StringTable Weak               Min:  0.0, Avg:  0.1, Max:  0.2, Diff:  0.2, Sum:  0.4, Workers: 4
[23.876s][debug][gc,phases      ] GC(40)     Dead                           Min: 0, Avg:  2.8, Max: 11, Diff: 11, Sum: 11, Workers: 4
[23.876s][debug][gc,phases      ] GC(40)     Total                          Min: 0, Avg: 10999.2, Max: 22144, Diff: 22144, Sum: 43997, Workers: 4
[23.876s][debug][gc,phases      ] GC(40)   ResolvedMethodTable Weak       Min:  0.0, Avg:  0.0, Max:  0.0, Diff:  0.0, Sum:  0.1, Workers: 4
[23.876s][debug][gc,phases      ] GC(40)     Dead                           Min: 0, Avg:  0.0, Max: 0, Diff: 0, Sum: 0, Workers: 4
[23.876s][debug][gc,phases      ] GC(40)     Total                          Min: 0, Avg: 1834.8, Max: 3903, Diff: 3903, Sum: 7339, Workers: 4
[23.876s][debug][gc,phases      ] GC(40)   JNI Weak                       Min:  0.0, Avg:  0.0, Max:  0.0, Diff:  0.0, Sum:  0.0, Workers: 4
[23.876s][debug][gc,phases      ] GC(40)     Dead                           Min: 0, Avg:  0.0, Max: 0, Diff: 0, Sum: 0, Workers: 4
[23.876s][debug][gc,phases      ] GC(40)     Total                          Min: 0, Avg:  1.0, Max: 4, Diff: 4, Sum: 4, Workers: 4
[23.876s][debug][gc,phases      ] GC(40)   StringDedup Table Weak         Min:  0.0, Avg:  0.0, Max:  0.0, Diff:  0.0, Sum:  0.0, Workers: 4
[23.876s][debug][gc,phases      ] GC(40)     Dead                           Min: 0, Avg:  0.0, Max: 0, Diff: 0, Sum: 0, Workers: 4
[23.876s][debug][gc,phases      ] GC(40)     Total                          Min: 0, Avg:  0.0, Max: 0, Diff: 0, Sum: 0, Workers: 4
[23.876s][debug][gc,phases      ] GC(40)   StringDedup Requests0 Weak     Min:  0.0, Avg:  0.0, Max:  0.0, Diff:  0.0, Sum:  0.0, Workers: 4
[23.876s][debug][gc,phases      ] GC(40)     Dead                           Min: 0, Avg:  0.0, Max: 0, Diff: 0, Sum: 0, Workers: 4
[23.876s][debug][gc,phases      ] GC(40)     Total                          Min: 0, Avg:  0.0, Max: 0, Diff: 0, Sum: 0, Workers: 4
[23.876s][debug][gc,phases      ] GC(40)   StringDedup Requests1 Weak     Min:  0.0, Avg:  0.0, Max:  0.0, Diff:  0.0, Sum:  0.0, Workers: 4
[23.876s][debug][gc,phases      ] GC(40)     Dead                           Min: 0, Avg:  0.0, Max: 0, Diff: 0, Sum: 0, Workers: 4
[23.876s][debug][gc,phases      ] GC(40)     Total                          Min: 0, Avg:  0.0, Max: 0, Diff: 0, Sum: 0, Workers: 4
[23.876s][debug][gc,phases      ] GC(40)   Weak JFR Old Object Samples    Min:  0.0, Avg:  0.0, Max:  0.0, Diff:  0.0, Sum:  0.0, Workers: 4
[23.876s][debug][gc,phases      ] GC(40)     Dead                           Min: 0, Avg:  0.0, Max: 0, Diff: 0, Sum: 0, Workers: 4
[23.876s][debug][gc,phases      ] GC(40)     Total                          Min: 0, Avg:  0.0, Max: 0, Diff: 0, Sum: 0, Workers: 4
[23.876s][debug][gc,phases      ] GC(40) Weak Processing 3.968ms
[23.876s][debug][gc,age         ] GC(40) Desired survivor size 226492416 bytes, new threshold 13 (max threshold 15)
[23.876s][info ][gc,heap        ] GC(40) PSYoungGen: 1624974K(1856512K)->33344K(1835520K) Eden: 1594880K(1594880K)->0K(1594880K) From: 30094K(261632K)->33344K(240640K)
[23.876s][info ][gc,heap        ] GC(40) ParOldGen: 681922K(929280K)->681922K(929280K)
[23.876s][info ][gc,metaspace   ] GC(40) Metaspace: 70222K(70976K)->70222K(70976K) NonClass: 59922K(60352K)->59922K(60352K) Class: 10300K(10624K)->10300K(10624K)
[23.876s][info ][gc             ] GC(40) Pause Young (Allocation Failure) 2252M->698M(2700M) 47.108ms
[23.876s][info ][gc,cpu         ] GC(40) User=0.09s Sys=0.00s Real=0.05s
[23.876s][info ][safepoint      ] Safepoint "ParallelGCFailedAllocation", Time since last: 252737336 ns, Reaching safepoint: 156406 ns, At safepoint: 47232245 ns, Total: 47388651 ns
[24.232s][info ][gc,start       ] GC(41) Pause Young (Allocation Failure)
[24.263s][debug][gc,phases      ] GC(41) Scavenge 31.097ms
[24.263s][debug][gc,ref         ] GC(41) Skipped phase 1 of Reference Processing: no references
[24.264s][debug][gc,ref         ] GC(41) ReferenceProcessor::execute queues: 1, RefProcThreadModel::Single, marks_oops_alive: false
[24.264s][debug][gc,ref         ] GC(41) Skipped phase 3 of Reference Processing: no references
[24.264s][debug][gc,ref         ] GC(41) ReferenceProcessor::execute queues: 1, RefProcThreadModel::Single, marks_oops_alive: false
[24.264s][debug][gc,phases      ] GC(41) Reference Processing 0.120ms
[24.264s][debug][gc,phases      ] GC(41)   VM Weak                        Min:  0.0, Avg:  0.0, Max:  0.0, Diff:  0.0, Sum:  0.0, Workers: 4
[24.264s][debug][gc,phases      ] GC(41)     Dead                           Min: 0, Avg:  0.0, Max: 0, Diff: 0, Sum: 0, Workers: 4
[24.264s][debug][gc,phases      ] GC(41)     Total                          Min: 0, Avg: 157.5, Max: 630, Diff: 630, Sum: 630, Workers: 4
[24.264s][debug][gc,phases      ] GC(41)   ObjectSynchronizer Weak        Min:  0.0, Avg:  0.0, Max:  0.0, Diff:  0.0, Sum:  0.0, Workers: 4
[24.264s][debug][gc,phases      ] GC(41)     Dead                           Min: 0, Avg:  0.0, Max: 0, Diff: 0, Sum: 0, Workers: 4
[24.264s][debug][gc,phases      ] GC(41)     Total                          Min: 0, Avg: 76.8, Max: 243, Diff: 243, Sum: 307, Workers: 4
[24.264s][debug][gc,phases      ] GC(41)   JVMTI Tag Weak OopStorage      Min:  0.0, Avg:  0.0, Max:  0.0, Diff:  0.0, Sum:  0.0, Workers: 4
[24.264s][debug][gc,phases      ] GC(41)     Dead                           Min: 0, Avg:  0.0, Max: 0, Diff: 0, Sum: 0, Workers: 4
[24.264s][debug][gc,phases      ] GC(41)     Total                          Min: 0, Avg:  0.0, Max: 0, Diff: 0, Sum: 0, Workers: 4
[24.264s][debug][gc,phases      ] GC(41)   StringTable Weak               Min:  0.1, Avg:  0.1, Max:  0.1, Diff:  0.0, Sum:  0.4, Workers: 4
[24.264s][debug][gc,phases      ] GC(41)     Dead                           Min: 0, Avg:  2.8, Max: 11, Diff: 11, Sum: 11, Workers: 4
[24.264s][debug][gc,phases      ] GC(41)     Total                          Min: 9344, Avg: 11002.8, Max: 11947, Diff: 2603, Sum: 44011, Workers: 4
[24.264s][debug][gc,phases      ] GC(41)   ResolvedMethodTable Weak       Min:  0.0, Avg:  0.0, Max:  0.0, Diff:  0.0, Sum:  0.1, Workers: 4
[24.264s][debug][gc,phases      ] GC(41)     Dead                           Min: 0, Avg:  0.0, Max: 0, Diff: 0, Sum: 0, Workers: 4
[24.264s][debug][gc,phases      ] GC(41)     Total                          Min: 1663, Avg: 1834.8, Max: 1984, Diff: 321, Sum: 7339, Workers: 4
[24.264s][debug][gc,phases      ] GC(41)   JNI Weak                       Min:  0.0, Avg:  0.0, Max:  0.0, Diff:  0.0, Sum:  0.0, Workers: 4
[24.264s][debug][gc,phases      ] GC(41)     Dead                           Min: 0, Avg:  0.0, Max: 0, Diff: 0, Sum: 0, Workers: 4
[24.264s][debug][gc,phases      ] GC(41)     Total                          Min: 0, Avg:  0.0, Max: 0, Diff: 0, Sum: 0, Workers: 4
[24.264s][debug][gc,phases      ] GC(41)   StringDedup Table Weak         Min:  0.0, Avg:  0.0, Max:  0.0, Diff:  0.0, Sum:  0.0, Workers: 4
[24.264s][debug][gc,phases      ] GC(41)     Dead                           Min: 0, Avg:  0.0, Max: 0, Diff: 0, Sum: 0, Workers: 4
[24.264s][debug][gc,phases      ] GC(41)     Total                          Min: 0, Avg:  0.0, Max: 0, Diff: 0, Sum: 0, Workers: 4
[24.264s][debug][gc,phases      ] GC(41)   StringDedup Requests0 Weak     Min:  0.0, Avg:  0.0, Max:  0.0, Diff:  0.0, Sum:  0.0, Workers: 4
[24.264s][debug][gc,phases      ] GC(41)     Dead                           Min: 0, Avg:  0.0, Max: 0, Diff: 0, Sum: 0, Workers: 4
[24.264s][debug][gc,phases      ] GC(41)     Total                          Min: 0, Avg:  0.0, Max: 0, Diff: 0, Sum: 0, Workers: 4
[24.264s][debug][gc,phases      ] GC(41)   StringDedup Requests1 Weak     Min:  0.0, Avg:  0.0, Max:  0.0, Diff:  0.0, Sum:  0.0, Workers: 4
[24.264s][debug][gc,phases      ] GC(41)     Dead                           Min: 0, Avg:  0.0, Max: 0, Diff: 0, Sum: 0, Workers: 4
[24.264s][debug][gc,phases      ] GC(41)     Total                          Min: 0, Avg:  0.0, Max: 0, Diff: 0, Sum: 0, Workers: 4
[24.264s][debug][gc,phases      ] GC(41)   Weak JFR Old Object Samples    Min:  0.0, Avg:  0.0, Max:  0.0, Diff:  0.0, Sum:  0.0, Workers: 4
[24.264s][debug][gc,phases      ] GC(41)     Dead                           Min: 0, Avg:  0.0, Max: 0, Diff: 0, Sum: 0, Workers: 4
[24.264s][debug][gc,phases      ] GC(41)     Total                          Min: 0, Avg:  0.0, Max: 0, Diff: 0, Sum: 0, Workers: 4
[24.264s][debug][gc,phases      ] GC(41) Weak Processing 0.333ms
[24.264s][debug][gc,age         ] GC(41) Desired survivor size 208142336 bytes, new threshold 14 (max threshold 15)
[24.264s][info ][gc,heap        ] GC(41) PSYoungGen: 1628224K(1835520K)->36697K(1893888K) Eden: 1594880K(1594880K)->0K(1672704K) From: 33344K(240640K)->36697K(221184K)
[24.264s][info ][gc,heap        ] GC(41) ParOldGen: 681922K(929280K)->681930K(929280K)
[24.264s][info ][gc,metaspace   ] GC(41) Metaspace: 70247K(70976K)->70247K(70976K) NonClass: 59947K(60352K)->59947K(60352K) Class: 10300K(10624K)->10300K(10624K)
[24.264s][info ][gc             ] GC(41) Pause Young (Allocation Failure) 2256M->701M(2757M) 31.713ms
[24.264s][info ][gc,cpu         ] GC(41) User=0.09s Sys=0.00s Real=0.03s
[24.264s][info ][safepoint      ] Safepoint "ParallelGCFailedAllocation", Time since last: 355505333 ns, Reaching safepoint: 261509 ns, At safepoint: 31817676 ns, Total: 32079185 ns
[24.507s][info ][gc,start       ] GC(42) Pause Young (Allocation Failure)
[24.533s][debug][gc,phases      ] GC(42) Scavenge 25.874ms
[24.533s][debug][gc,ref         ] GC(42) Skipped phase 1 of Reference Processing: no references
[24.533s][debug][gc,ref         ] GC(42) ReferenceProcessor::execute queues: 1, RefProcThreadModel::Single, marks_oops_alive: false
[24.533s][debug][gc,ref         ] GC(42) Skipped phase 3 of Reference Processing: no references
[24.533s][debug][gc,ref         ] GC(42) ReferenceProcessor::execute queues: 1, RefProcThreadModel::Single, marks_oops_alive: false
[24.533s][debug][gc,phases      ] GC(42) Reference Processing 0.116ms
[24.534s][debug][gc,phases      ] GC(42)   VM Weak                        Min:  0.0, Avg:  0.0, Max:  0.0, Diff:  0.0, Sum:  0.0, Workers: 4
[24.534s][debug][gc,phases      ] GC(42)     Dead                           Min: 0, Avg:  0.0, Max: 0, Diff: 0, Sum: 0, Workers: 4
[24.534s][debug][gc,phases      ] GC(42)     Total                          Min: 0, Avg: 157.5, Max: 630, Diff: 630, Sum: 630, Workers: 4
[24.534s][debug][gc,phases      ] GC(42)   ObjectSynchronizer Weak        Min:  0.0, Avg:  0.0, Max:  0.0, Diff:  0.0, Sum:  0.0, Workers: 4
[24.534s][debug][gc,phases      ] GC(42)     Dead                           Min: 0, Avg:  0.0, Max: 0, Diff: 0, Sum: 0, Workers: 4
[24.534s][debug][gc,phases      ] GC(42)     Total                          Min: 0, Avg: 76.8, Max: 128, Diff: 128, Sum: 307, Workers: 4
[24.534s][debug][gc,phases      ] GC(42)   JVMTI Tag Weak OopStorage      Min:  0.0, Avg:  0.0, Max:  0.0, Diff:  0.0, Sum:  0.0, Workers: 4
[24.534s][debug][gc,phases      ] GC(42)     Dead                           Min: 0, Avg:  0.0, Max: 0, Diff: 0, Sum: 0, Workers: 4
[24.534s][debug][gc,phases      ] GC(42)     Total                          Min: 0, Avg:  0.0, Max: 0, Diff: 0, Sum: 0, Workers: 4
[24.534s][debug][gc,phases      ] GC(42)   StringTable Weak               Min:  0.1, Avg:  0.1, Max:  0.1, Diff:  0.0, Sum:  0.4, Workers: 4
[24.534s][debug][gc,phases      ] GC(42)     Dead                           Min: 0, Avg:  0.0, Max: 0, Diff: 0, Sum: 0, Workers: 4
[24.534s][debug][gc,phases      ] GC(42)     Total                          Min: 9782, Avg: 11002.8, Max: 12405, Diff: 2623, Sum: 44011, Workers: 4
[24.534s][debug][gc,phases      ] GC(42)   ResolvedMethodTable Weak       Min:  0.0, Avg:  0.0, Max:  0.0, Diff:  0.0, Sum:  0.1, Workers: 4
[24.534s][debug][gc,phases      ] GC(42)     Dead                           Min: 0, Avg:  0.0, Max: 0, Diff: 0, Sum: 0, Workers: 4
[24.534s][debug][gc,phases      ] GC(42)     Total                          Min: 1600, Avg: 1834.8, Max: 2048, Diff: 448, Sum: 7339, Workers: 4
[24.534s][debug][gc,phases      ] GC(42)   JNI Weak                       Min:  0.0, Avg:  0.0, Max:  0.0, Diff:  0.0, Sum:  0.0, Workers: 4
[24.534s][debug][gc,phases      ] GC(42)     Dead                           Min: 0, Avg:  0.0, Max: 0, Diff: 0, Sum: 0, Workers: 4
[24.534s][debug][gc,phases      ] GC(42)     Total                          Min: 0, Avg:  1.2, Max: 5, Diff: 5, Sum: 5, Workers: 4
[24.534s][debug][gc,phases      ] GC(42)   StringDedup Table Weak         Min:  0.0, Avg:  0.0, Max:  0.0, Diff:  0.0, Sum:  0.0, Workers: 4
[24.534s][debug][gc,phases      ] GC(42)     Dead                           Min: 0, Avg:  0.0, Max: 0, Diff: 0, Sum: 0, Workers: 4
[24.534s][debug][gc,phases      ] GC(42)     Total                          Min: 0, Avg:  0.0, Max: 0, Diff: 0, Sum: 0, Workers: 4
[24.534s][debug][gc,phases      ] GC(42)   StringDedup Requests0 Weak     Min:  0.0, Avg:  0.0, Max:  0.0, Diff:  0.0, Sum:  0.0, Workers: 4
[24.534s][debug][gc,phases      ] GC(42)     Dead                           Min: 0, Avg:  0.0, Max: 0, Diff: 0, Sum: 0, Workers: 4
[24.534s][debug][gc,phases      ] GC(42)     Total                          Min: 0, Avg:  0.0, Max: 0, Diff: 0, Sum: 0, Workers: 4
[24.534s][debug][gc,phases      ] GC(42)   StringDedup Requests1 Weak     Min:  0.0, Avg:  0.0, Max:  0.0, Diff:  0.0, Sum:  0.0, Workers: 4
[24.534s][debug][gc,phases      ] GC(42)     Dead                           Min: 0, Avg:  0.0, Max: 0, Diff: 0, Sum: 0, Workers: 4
[24.534s][debug][gc,phases      ] GC(42)     Total                          Min: 0, Avg:  0.0, Max: 0, Diff: 0, Sum: 0, Workers: 4
[24.534s][debug][gc,phases      ] GC(42)   Weak JFR Old Object Samples    Min:  0.0, Avg:  0.0, Max:  0.0, Diff:  0.0, Sum:  0.0, Workers: 4
[24.534s][debug][gc,phases      ] GC(42)     Dead                           Min: 0, Avg:  0.0, Max: 0, Diff: 0, Sum: 0, Workers: 4
[24.534s][debug][gc,phases      ] GC(42)     Total                          Min: 0, Avg:  0.0, Max: 0, Diff: 0, Sum: 0, Workers: 4
[24.534s][debug][gc,phases      ] GC(42) Weak Processing 0.327ms
[24.534s][debug][gc,age         ] GC(42) Desired survivor size 191889408 bytes, new threshold 15 (max threshold 15)
[24.534s][info ][gc,heap        ] GC(42) PSYoungGen: 1709401K(1893888K)->39528K(1875968K) Eden: 1672704K(1672704K)->0K(1672704K) From: 36697K(221184K)->39528K(203264K)
[24.534s][info ][gc,heap        ] GC(42) ParOldGen: 681930K(929280K)->681930K(929280K)
[24.534s][info ][gc,metaspace   ] GC(42) Metaspace: 70247K(70976K)->70247K(70976K) NonClass: 59947K(60352K)->59947K(60352K) Class: 10300K(10624K)->10300K(10624K)
[24.534s][info ][gc             ] GC(42) Pause Young (Allocation Failure) 2335M->704M(2739M) 26.470ms
[24.534s][info ][gc,cpu         ] GC(42) User=0.10s Sys=0.00s Real=0.03s
[24.534s][info ][safepoint      ] Safepoint "ParallelGCFailedAllocation", Time since last: 243110979 ns, Reaching safepoint: 158406 ns, At safepoint: 26573781 ns, Total: 26732187 ns
[24.769s][info ][gc,start       ] GC(43) Pause Young (Allocation Failure)
[24.796s][debug][gc,phases      ] GC(43) Scavenge 27.886ms
[24.797s][debug][gc,ref         ] GC(43) Skipped phase 1 of Reference Processing: no references
[24.797s][debug][gc,ref         ] GC(43) ReferenceProcessor::execute queues: 1, RefProcThreadModel::Single, marks_oops_alive: false
[24.797s][debug][gc,ref         ] GC(43) Skipped phase 3 of Reference Processing: no references
[24.797s][debug][gc,ref         ] GC(43) ReferenceProcessor::execute queues: 1, RefProcThreadModel::Single, marks_oops_alive: false
[24.797s][debug][gc,phases      ] GC(43) Reference Processing 0.127ms
[24.797s][debug][gc,phases      ] GC(43)   VM Weak                        Min:  0.0, Avg:  0.0, Max:  0.0, Diff:  0.0, Sum:  0.0, Workers: 4
[24.797s][debug][gc,phases      ] GC(43)     Dead                           Min: 0, Avg:  0.0, Max: 0, Diff: 0, Sum: 0, Workers: 4
[24.797s][debug][gc,phases      ] GC(43)     Total                          Min: 0, Avg: 157.5, Max: 630, Diff: 630, Sum: 630, Workers: 4
[24.797s][debug][gc,phases      ] GC(43)   ObjectSynchronizer Weak        Min:  0.0, Avg:  0.0, Max:  0.0, Diff:  0.0, Sum:  0.0, Workers: 4
[24.797s][debug][gc,phases      ] GC(43)     Dead                           Min: 0, Avg:  0.0, Max: 0, Diff: 0, Sum: 0, Workers: 4
[24.797s][debug][gc,phases      ] GC(43)     Total                          Min: 0, Avg: 76.8, Max: 128, Diff: 128, Sum: 307, Workers: 4
[24.797s][debug][gc,phases      ] GC(43)   JVMTI Tag Weak OopStorage      Min:  0.0, Avg:  0.0, Max:  0.0, Diff:  0.0, Sum:  0.0, Workers: 4
[24.797s][debug][gc,phases      ] GC(43)     Dead                           Min: 0, Avg:  0.0, Max: 0, Diff: 0, Sum: 0, Workers: 4
[24.797s][debug][gc,phases      ] GC(43)     Total                          Min: 0, Avg:  0.0, Max: 0, Diff: 0, Sum: 0, Workers: 4
[24.797s][debug][gc,phases      ] GC(43)   StringTable Weak               Min:  0.1, Avg:  0.1, Max:  0.1, Diff:  0.0, Sum:  0.5, Workers: 4
[24.797s][debug][gc,phases      ] GC(43)     Dead                           Min: 0, Avg:  2.8, Max: 11, Diff: 11, Sum: 11, Workers: 4
[24.797s][debug][gc,phases      ] GC(43)     Total                          Min: 10176, Avg: 11002.8, Max: 11755, Diff: 1579, Sum: 44011, Workers: 4
[24.797s][debug][gc,phases      ] GC(43)   ResolvedMethodTable Weak       Min:  0.0, Avg:  0.0, Max:  0.0, Diff:  0.0, Sum:  0.1, Workers: 4
[24.797s][debug][gc,phases      ] GC(43)     Dead                           Min: 0, Avg:  0.0, Max: 0, Diff: 0, Sum: 0, Workers: 4
[24.797s][debug][gc,phases      ] GC(43)     Total                          Min: 1727, Avg: 1834.8, Max: 1920, Diff: 193, Sum: 7339, Workers: 4
[24.797s][debug][gc,phases      ] GC(43)   JNI Weak                       Min:  0.0, Avg:  0.0, Max:  0.0, Diff:  0.0, Sum:  0.0, Workers: 4
[24.797s][debug][gc,phases      ] GC(43)     Dead                           Min: 0, Avg:  0.0, Max: 0, Diff: 0, Sum: 0, Workers: 4
[24.797s][debug][gc,phases      ] GC(43)     Total                          Min: 0, Avg:  2.0, Max: 8, Diff: 8, Sum: 8, Workers: 4
[24.797s][debug][gc,phases      ] GC(43)   StringDedup Table Weak         Min:  0.0, Avg:  0.0, Max:  0.0, Diff:  0.0, Sum:  0.0, Workers: 4
[24.797s][debug][gc,phases      ] GC(43)     Dead                           Min: 0, Avg:  0.0, Max: 0, Diff: 0, Sum: 0, Workers: 4
[24.797s][debug][gc,phases      ] GC(43)     Total                          Min: 0, Avg:  0.0, Max: 0, Diff: 0, Sum: 0, Workers: 4
[24.797s][debug][gc,phases      ] GC(43)   StringDedup Requests0 Weak     Min:  0.0, Avg:  0.0, Max:  0.0, Diff:  0.0, Sum:  0.0, Workers: 4
[24.797s][debug][gc,phases      ] GC(43)     Dead                           Min: 0, Avg:  0.0, Max: 0, Diff: 0, Sum: 0, Workers: 4
[24.797s][debug][gc,phases      ] GC(43)     Total                          Min: 0, Avg:  0.0, Max: 0, Diff: 0, Sum: 0, Workers: 4
[24.797s][debug][gc,phases      ] GC(43)   StringDedup Requests1 Weak     Min:  0.0, Avg:  0.0, Max:  0.0, Diff:  0.0, Sum:  0.0, Workers: 4
[24.797s][debug][gc,phases      ] GC(43)     Dead                           Min: 0, Avg:  0.0, Max: 0, Diff: 0, Sum: 0, Workers: 4
[24.797s][debug][gc,phases      ] GC(43)     Total                          Min: 0, Avg:  0.0, Max: 0, Diff: 0, Sum: 0, Workers: 4
[24.797s][debug][gc,phases      ] GC(43)   Weak JFR Old Object Samples    Min:  0.0, Avg:  0.0, Max:  0.0, Diff:  0.0, Sum:  0.0, Workers: 4
[24.797s][debug][gc,phases      ] GC(43)     Dead                           Min: 0, Avg:  0.0, Max: 0, Diff: 0, Sum: 0, Workers: 4
[24.797s][debug][gc,phases      ] GC(43)     Total                          Min: 0, Avg:  0.0, Max: 0, Diff: 0, Sum: 0, Workers: 4
[24.797s][debug][gc,phases      ] GC(43) Weak Processing 0.338ms
[24.797s][debug][gc,age         ] GC(43) Desired survivor size 179306496 bytes, new threshold 15 (max threshold 15)
[24.797s][info ][gc,heap        ] GC(43) PSYoungGen: 1712232K(1875968K)->44385K(1922048K) Eden: 1672704K(1672704K)->0K(1734656K) From: 39528K(203264K)->44385K(187392K)
[24.797s][info ][gc,heap        ] GC(43) ParOldGen: 681930K(929280K)->681930K(929280K)
[24.797s][info ][gc,metaspace   ] GC(43) Metaspace: 70247K(70976K)->70247K(70976K) NonClass: 59947K(60352K)->59947K(60352K) Class: 10300K(10624K)->10300K(10624K)
[24.797s][info ][gc             ] GC(43) Pause Young (Allocation Failure) 2338M->709M(2784M) 28.508ms
[24.797s][info ][gc,cpu         ] GC(43) User=0.14s Sys=0.00s Real=0.03s
[24.797s][info ][safepoint      ] Safepoint "ParallelGCFailedAllocation", Time since last: 231311543 ns, Reaching safepoint: 3239720 ns, At safepoint: 28615757 ns, Total: 31855477 ns
[25.097s][info ][gc,start       ] GC(44) Pause Young (Allocation Failure)
[25.128s][debug][gc,phases      ] GC(44) Scavenge 31.344ms
[25.128s][debug][gc,ref         ] GC(44) Skipped phase 1 of Reference Processing: no references
[25.128s][debug][gc,ref         ] GC(44) ReferenceProcessor::execute queues: 1, RefProcThreadModel::Single, marks_oops_alive: false
[25.128s][debug][gc,ref         ] GC(44) Skipped phase 3 of Reference Processing: no references
[25.128s][debug][gc,ref         ] GC(44) ReferenceProcessor::execute queues: 1, RefProcThreadModel::Single, marks_oops_alive: false
[25.128s][debug][gc,phases      ] GC(44) Reference Processing 0.145ms
[25.128s][debug][gc,phases      ] GC(44)   VM Weak                        Min:  0.0, Avg:  0.0, Max:  0.0, Diff:  0.0, Sum:  0.0, Workers: 4
[25.128s][debug][gc,phases      ] GC(44)     Dead                           Min: 0, Avg:  0.0, Max: 0, Diff: 0, Sum: 0, Workers: 4
[25.128s][debug][gc,phases      ] GC(44)     Total                          Min: 0, Avg: 157.8, Max: 320, Diff: 320, Sum: 631, Workers: 4
[25.128s][debug][gc,phases      ] GC(44)   ObjectSynchronizer Weak        Min:  0.0, Avg:  0.0, Max:  0.0, Diff:  0.0, Sum:  0.0, Workers: 4
[25.128s][debug][gc,phases      ] GC(44)     Dead                           Min: 0, Avg:  0.0, Max: 0, Diff: 0, Sum: 0, Workers: 4
[25.128s][debug][gc,phases      ] GC(44)     Total                          Min: 0, Avg: 76.8, Max: 179, Diff: 179, Sum: 307, Workers: 4
[25.128s][debug][gc,phases      ] GC(44)   JVMTI Tag Weak OopStorage      Min:  0.0, Avg:  0.0, Max:  0.0, Diff:  0.0, Sum:  0.0, Workers: 4
[25.128s][debug][gc,phases      ] GC(44)     Dead                           Min: 0, Avg:  0.0, Max: 0, Diff: 0, Sum: 0, Workers: 4
[25.128s][debug][gc,phases      ] GC(44)     Total                          Min: 0, Avg:  0.0, Max: 0, Diff: 0, Sum: 0, Workers: 4
[25.128s][debug][gc,phases      ] GC(44)   StringTable Weak               Min:  0.1, Avg:  0.1, Max:  0.1, Diff:  0.0, Sum:  0.4, Workers: 4
[25.128s][debug][gc,phases      ] GC(44)     Dead                           Min: 0, Avg:  0.5, Max: 2, Diff: 2, Sum: 2, Workers: 4
[25.128s][debug][gc,phases      ] GC(44)     Total                          Min: 10368, Avg: 11009.5, Max: 11456, Diff: 1088, Sum: 44038, Workers: 4
[25.128s][debug][gc,phases      ] GC(44)   ResolvedMethodTable Weak       Min:  0.0, Avg:  0.0, Max:  0.0, Diff:  0.0, Sum:  0.1, Workers: 4
[25.128s][debug][gc,phases      ] GC(44)     Dead                           Min: 0, Avg:  4.5, Max: 17, Diff: 17, Sum: 18, Workers: 4
[25.128s][debug][gc,phases      ] GC(44)     Total                          Min: 1728, Avg: 1841.8, Max: 2048, Diff: 320, Sum: 7367, Workers: 4
[25.128s][debug][gc,phases      ] GC(44)   JNI Weak                       Min:  0.0, Avg:  0.0, Max:  0.0, Diff:  0.0, Sum:  0.0, Workers: 4
[25.128s][debug][gc,phases      ] GC(44)     Dead                           Min: 0, Avg:  0.0, Max: 0, Diff: 0, Sum: 0, Workers: 4
[25.128s][debug][gc,phases      ] GC(44)     Total                          Min: 0, Avg:  2.5, Max: 10, Diff: 10, Sum: 10, Workers: 4
[25.128s][debug][gc,phases      ] GC(44)   StringDedup Table Weak         Min:  0.0, Avg:  0.0, Max:  0.0, Diff:  0.0, Sum:  0.0, Workers: 4
[25.128s][debug][gc,phases      ] GC(44)     Dead                           Min: 0, Avg:  0.0, Max: 0, Diff: 0, Sum: 0, Workers: 4
[25.128s][debug][gc,phases      ] GC(44)     Total                          Min: 0, Avg:  0.0, Max: 0, Diff: 0, Sum: 0, Workers: 4
[25.128s][debug][gc,phases      ] GC(44)   StringDedup Requests0 Weak     Min:  0.0, Avg:  0.0, Max:  0.0, Diff:  0.0, Sum:  0.0, Workers: 4
[25.128s][debug][gc,phases      ] GC(44)     Dead                           Min: 0, Avg:  0.0, Max: 0, Diff: 0, Sum: 0, Workers: 4
[25.128s][debug][gc,phases      ] GC(44)     Total                          Min: 0, Avg:  0.0, Max: 0, Diff: 0, Sum: 0, Workers: 4
[25.128s][debug][gc,phases      ] GC(44)   StringDedup Requests1 Weak     Min:  0.0, Avg:  0.0, Max:  0.0, Diff:  0.0, Sum:  0.0, Workers: 4
[25.128s][debug][gc,phases      ] GC(44)     Dead                           Min: 0, Avg:  0.0, Max: 0, Diff: 0, Sum: 0, Workers: 4
[25.129s][debug][gc,phases      ] GC(44)     Total                          Min: 0, Avg:  0.0, Max: 0, Diff: 0, Sum: 0, Workers: 4
[25.129s][debug][gc,phases      ] GC(44)   Weak JFR Old Object Samples    Min:  0.0, Avg:  0.0, Max:  0.0, Diff:  0.0, Sum:  0.0, Workers: 4
[25.129s][debug][gc,phases      ] GC(44)     Dead                           Min: 0, Avg:  0.0, Max: 0, Diff: 0, Sum: 0, Workers: 4
[25.129s][debug][gc,phases      ] GC(44)     Total                          Min: 0, Avg:  0.0, Max: 0, Diff: 0, Sum: 0, Workers: 4
[25.129s][debug][gc,phases      ] GC(44) Weak Processing 0.324ms
[25.129s][debug][gc,age         ] GC(44) Desired survivor size 168296448 bytes, new threshold 15 (max threshold 15)
[25.129s][info ][gc,heap        ] GC(44) PSYoungGen: 1779041K(1922048K)->46200K(1909760K) Eden: 1734656K(1734656K)->0K(1734656K) From: 44385K(187392K)->46200K(175104K)
[25.129s][info ][gc,heap        ] GC(44) ParOldGen: 681930K(929280K)->684491K(929280K)
[25.129s][info ][gc,metaspace   ] GC(44) Metaspace: 70348K(71168K)->70348K(71168K) NonClass: 60032K(60480K)->60032K(60480K) Class: 10316K(10688K)->10316K(10688K)
[25.129s][info ][gc             ] GC(44) Pause Young (Allocation Failure) 2403M->713M(2772M) 31.950ms
[25.129s][info ][gc,cpu         ] GC(44) User=0.12s Sys=0.01s Real=0.03s
[25.129s][info ][safepoint      ] Safepoint "ParallelGCFailedAllocation", Time since last: 294675483 ns, Reaching safepoint: 4826378 ns, At safepoint: 32061585 ns, Total: 36887963 ns
[26.133s][info ][safepoint      ] Safepoint "Cleanup", Time since last: 1000093030 ns, Reaching safepoint: 4348560 ns, At safepoint: 12401 ns, Total: 4360961 ns
[27.133s][info ][safepoint      ] Safepoint "Cleanup", Time since last: 1000130923 ns, Reaching safepoint: 149505 ns, At safepoint: 11501 ns, Total: 161006 ns
[28.134s][info ][safepoint      ] Safepoint "Cleanup", Time since last: 1000113614 ns, Reaching safepoint: 146106 ns, At safepoint: 13600 ns, Total: 159706 ns
[29.134s][info ][safepoint      ] Safepoint "Cleanup", Time since last: 1000078806 ns, Reaching safepoint: 125104 ns, At safepoint: 11901 ns, Total: 137005 ns
[30.134s][info ][safepoint      ] Safepoint "Cleanup", Time since last: 1000098198 ns, Reaching safepoint: 132605 ns, At safepoint: 8500 ns, Total: 141105 ns
[30.948s][info ][safepoint      ] Safepoint "ICBufferFull", Time since last: 813556909 ns, Reaching safepoint: 174407 ns, At safepoint: 16000 ns, Total: 190407 ns
[31.134s][info ][safepoint      ] Safepoint "ICBufferFull", Time since last: 186410276 ns, Reaching safepoint: 146205 ns, At safepoint: 9201 ns, Total: 155406 ns
[31.339s][info ][safepoint      ] Safepoint "ICBufferFull", Time since last: 204422239 ns, Reaching safepoint: 229609 ns, At safepoint: 10800 ns, Total: 240409 ns
[31.604s][info ][safepoint      ] Safepoint "ICBufferFull", Time since last: 265204980 ns, Reaching safepoint: 184807 ns, At safepoint: 12901 ns, Total: 197708 ns
[32.021s][info ][safepoint      ] Safepoint "ICBufferFull", Time since last: 416646864 ns, Reaching safepoint: 204408 ns, At safepoint: 12800 ns, Total: 217208 ns
[32.167s][info ][safepoint      ] Safepoint "ICBufferFull", Time since last: 145455864 ns, Reaching safepoint: 149606 ns, At safepoint: 17801 ns, Total: 167407 ns
[32.540s][info ][safepoint      ] Safepoint "ICBufferFull", Time since last: 373297064 ns, Reaching safepoint: 179806 ns, At safepoint: 9601 ns, Total: 189407 ns
[33.076s][info ][safepoint      ] Safepoint "ICBufferFull", Time since last: 535699151 ns, Reaching safepoint: 202607 ns, At safepoint: 17101 ns, Total: 219708 ns
[33.169s][info ][gc,start       ] GC(45) Pause Young (Allocation Failure)
[33.290s][debug][gc,phases      ] GC(45) Scavenge 121.256ms
[33.290s][debug][gc,ref         ] GC(45) Skipped phase 1 of Reference Processing: no references
[33.290s][debug][gc,ref         ] GC(45) ReferenceProcessor::execute queues: 1, RefProcThreadModel::Single, marks_oops_alive: false
[33.290s][debug][gc,ref         ] GC(45) Skipped phase 3 of Reference Processing: no references
[33.290s][debug][gc,ref         ] GC(45) ReferenceProcessor::execute queues: 1, RefProcThreadModel::Single, marks_oops_alive: false
[33.290s][debug][gc,phases      ] GC(45) Reference Processing 0.236ms
[33.291s][debug][gc,phases      ] GC(45)   VM Weak                        Min:  0.0, Avg:  0.0, Max:  0.0, Diff:  0.0, Sum:  0.0, Workers: 4
[33.291s][debug][gc,phases      ] GC(45)     Dead                           Min: 0, Avg:  0.0, Max: 0, Diff: 0, Sum: 0, Workers: 4
[33.291s][debug][gc,phases      ] GC(45)     Total                          Min: 0, Avg: 169.2, Max: 677, Diff: 677, Sum: 677, Workers: 4
[33.291s][debug][gc,phases      ] GC(45)   ObjectSynchronizer Weak        Min:  0.0, Avg:  0.0, Max:  0.0, Diff:  0.0, Sum:  0.0, Workers: 4
[33.291s][debug][gc,phases      ] GC(45)     Dead                           Min: 0, Avg:  0.0, Max: 0, Diff: 0, Sum: 0, Workers: 4
[33.291s][debug][gc,phases      ] GC(45)     Total                          Min: 0, Avg: 77.0, Max: 256, Diff: 256, Sum: 308, Workers: 4
[33.291s][debug][gc,phases      ] GC(45)   JVMTI Tag Weak OopStorage      Min:  0.0, Avg:  0.0, Max:  0.0, Diff:  0.0, Sum:  0.0, Workers: 4
[33.291s][debug][gc,phases      ] GC(45)     Dead                           Min: 0, Avg:  0.0, Max: 0, Diff: 0, Sum: 0, Workers: 4
[33.291s][debug][gc,phases      ] GC(45)     Total                          Min: 0, Avg:  0.0, Max: 0, Diff: 0, Sum: 0, Workers: 4
[33.291s][debug][gc,phases      ] GC(45)   StringTable Weak               Min:  0.1, Avg:  0.1, Max:  0.1, Diff:  0.0, Sum:  0.5, Workers: 4
[33.291s][debug][gc,phases      ] GC(45)     Dead                           Min: 0, Avg:  5.0, Max: 15, Diff: 15, Sum: 20, Workers: 4
[33.291s][debug][gc,phases      ] GC(45)     Total                          Min: 10624, Avg: 11160.0, Max: 11712, Diff: 1088, Sum: 44640, Workers: 4
[33.291s][debug][gc,phases      ] GC(45)   ResolvedMethodTable Weak       Min:  0.0, Avg:  0.0, Max:  0.0, Diff:  0.0, Sum:  0.1, Workers: 4
[33.291s][debug][gc,phases      ] GC(45)     Dead                           Min: 1, Avg:  8.8, Max: 24, Diff: 23, Sum: 35, Workers: 4
[33.291s][debug][gc,phases      ] GC(45)     Total                          Min: 1728, Avg: 1927.0, Max: 2240, Diff: 512, Sum: 7708, Workers: 4
[33.291s][debug][gc,phases      ] GC(45)   JNI Weak                       Min:  0.0, Avg:  0.0, Max:  0.0, Diff:  0.0, Sum:  0.0, Workers: 4
[33.291s][debug][gc,phases      ] GC(45)     Dead                           Min: 0, Avg:  0.0, Max: 0, Diff: 0, Sum: 0, Workers: 4
[33.291s][debug][gc,phases      ] GC(45)     Total                          Min: 0, Avg:  4.5, Max: 18, Diff: 18, Sum: 18, Workers: 4
[33.291s][debug][gc,phases      ] GC(45)   StringDedup Table Weak         Min:  0.0, Avg:  0.0, Max:  0.0, Diff:  0.0, Sum:  0.0, Workers: 4
[33.291s][debug][gc,phases      ] GC(45)     Dead                           Min: 0, Avg:  0.0, Max: 0, Diff: 0, Sum: 0, Workers: 4
[33.291s][debug][gc,phases      ] GC(45)     Total                          Min: 0, Avg:  0.0, Max: 0, Diff: 0, Sum: 0, Workers: 4
[33.291s][debug][gc,phases      ] GC(45)   StringDedup Requests0 Weak     Min:  0.0, Avg:  0.0, Max:  0.0, Diff:  0.0, Sum:  0.0, Workers: 4
[33.291s][debug][gc,phases      ] GC(45)     Dead                           Min: 0, Avg:  0.0, Max: 0, Diff: 0, Sum: 0, Workers: 4
[33.291s][debug][gc,phases      ] GC(45)     Total                          Min: 0, Avg:  0.0, Max: 0, Diff: 0, Sum: 0, Workers: 4
[33.291s][debug][gc,phases      ] GC(45)   StringDedup Requests1 Weak     Min:  0.0, Avg:  0.0, Max:  0.0, Diff:  0.0, Sum:  0.0, Workers: 4
[33.291s][debug][gc,phases      ] GC(45)     Dead                           Min: 0, Avg:  0.0, Max: 0, Diff: 0, Sum: 0, Workers: 4
[33.291s][debug][gc,phases      ] GC(45)     Total                          Min: 0, Avg:  0.0, Max: 0, Diff: 0, Sum: 0, Workers: 4
[33.291s][debug][gc,phases      ] GC(45)   Weak JFR Old Object Samples    Min:  0.0, Avg:  0.0, Max:  0.0, Diff:  0.0, Sum:  0.0, Workers: 4
[33.291s][debug][gc,phases      ] GC(45)     Dead                           Min: 0, Avg:  0.0, Max: 0, Diff: 0, Sum: 0, Workers: 4
[33.291s][debug][gc,phases      ] GC(45)     Total                          Min: 0, Avg:  0.0, Max: 0, Diff: 0, Sum: 0, Workers: 4
[33.291s][debug][gc,phases      ] GC(45) Weak Processing 0.352ms
[33.291s][debug][gc,age         ] GC(45) Desired survivor size 177209344 bytes, new threshold 15 (max threshold 15)
[33.291s][info ][gc,heap        ] GC(45) PSYoungGen: 1780856K(1909760K)->97299K(1915392K) Eden: 1734656K(1734656K)->0K(1751040K) From: 46200K(175104K)->97299K(164352K)
[33.291s][info ][gc,heap        ] GC(45) ParOldGen: 684491K(929280K)->686899K(929280K)
[33.291s][info ][gc,metaspace   ] GC(45) Metaspace: 71986K(72832K)->71986K(72832K) NonClass: 61474K(61952K)->61474K(61952K) Class: 10512K(10880K)->10512K(10880K)
[33.291s][info ][gc             ] GC(45) Pause Young (Allocation Failure) 2407M->765M(2778M) 121.999ms
[33.291s][info ][gc,cpu         ] GC(45) User=0.37s Sys=0.00s Real=0.12s
[33.291s][info ][safepoint      ] Safepoint "ParallelGCFailedAllocation", Time since last: 88033245 ns, Reaching safepoint: 4335760 ns, At safepoint: 122126303 ns, Total: 126462063 ns
[34.090s][info ][safepoint      ] Safepoint "ICBufferFull", Time since last: 798550835 ns, Reaching safepoint: 260410 ns, At safepoint: 33501 ns, Total: 293911 ns
[34.459s][info ][safepoint      ] Safepoint "ICBufferFull", Time since last: 369396315 ns, Reaching safepoint: 251210 ns, At safepoint: 12800 ns, Total: 264010 ns
[35.465s][info ][safepoint      ] Safepoint "ICBufferFull", Time since last: 1005295747 ns, Reaching safepoint: 298411 ns, At safepoint: 19101 ns, Total: 317512 ns
[36.466s][info ][safepoint      ] Safepoint "Cleanup", Time since last: 1000456561 ns, Reaching safepoint: 597522 ns, At safepoint: 13900 ns, Total: 611422 ns
[37.466s][info ][safepoint      ] Safepoint "Cleanup", Time since last: 1000105240 ns, Reaching safepoint: 220908 ns, At safepoint: 13701 ns, Total: 234609 ns
[38.055s][info ][gc,start       ] GC(46) Pause Young (Allocation Failure)
[38.118s][debug][gc,phases      ] GC(46) Scavenge 63.511ms
[38.118s][debug][gc,ref         ] GC(46) Skipped phase 1 of Reference Processing: no references
[38.118s][debug][gc,ref         ] GC(46) ReferenceProcessor::execute queues: 1, RefProcThreadModel::Single, marks_oops_alive: false
[38.118s][debug][gc,ref         ] GC(46) Skipped phase 3 of Reference Processing: no references
[38.118s][debug][gc,ref         ] GC(46) ReferenceProcessor::execute queues: 1, RefProcThreadModel::Single, marks_oops_alive: false
[38.119s][debug][gc,phases      ] GC(46) Reference Processing 0.220ms
[38.119s][debug][gc,phases      ] GC(46)   VM Weak                        Min:  0.0, Avg:  0.0, Max:  0.0, Diff:  0.0, Sum:  0.0, Workers: 4
[38.119s][debug][gc,phases      ] GC(46)     Dead                           Min: 0, Avg:  0.0, Max: 0, Diff: 0, Sum: 0, Workers: 4
[38.119s][debug][gc,phases      ] GC(46)     Total                          Min: 0, Avg: 170.0, Max: 552, Diff: 552, Sum: 680, Workers: 4
[38.119s][debug][gc,phases      ] GC(46)   ObjectSynchronizer Weak        Min:  0.0, Avg:  0.0, Max:  0.0, Diff:  0.0, Sum:  0.0, Workers: 4
[38.119s][debug][gc,phases      ] GC(46)     Dead                           Min: 0, Avg:  0.0, Max: 0, Diff: 0, Sum: 0, Workers: 4
[38.119s][debug][gc,phases      ] GC(46)     Total                          Min: 0, Avg: 77.0, Max: 244, Diff: 244, Sum: 308, Workers: 4
[38.119s][debug][gc,phases      ] GC(46)   JVMTI Tag Weak OopStorage      Min:  0.0, Avg:  0.0, Max:  0.0, Diff:  0.0, Sum:  0.0, Workers: 4
[38.119s][debug][gc,phases      ] GC(46)     Dead                           Min: 0, Avg:  0.0, Max: 0, Diff: 0, Sum: 0, Workers: 4
[38.119s][debug][gc,phases      ] GC(46)     Total                          Min: 0, Avg:  0.0, Max: 0, Diff: 0, Sum: 0, Workers: 4
[38.119s][debug][gc,phases      ] GC(46)   StringTable Weak               Min:  0.1, Avg:  0.1, Max:  0.1, Diff:  0.0, Sum:  0.5, Workers: 4
[38.119s][debug][gc,phases      ] GC(46)     Dead                           Min: 0, Avg:  3.8, Max: 10, Diff: 10, Sum: 15, Workers: 4
[38.119s][debug][gc,phases      ] GC(46)     Total                          Min: 10432, Avg: 11193.0, Max: 11620, Diff: 1188, Sum: 44772, Workers: 4
[38.119s][debug][gc,phases      ] GC(46)   ResolvedMethodTable Weak       Min:  0.0, Avg:  0.0, Max:  0.0, Diff:  0.0, Sum:  0.1, Workers: 4
[38.119s][debug][gc,phases      ] GC(46)     Dead                           Min: 0, Avg:  5.5, Max: 16, Diff: 16, Sum: 22, Workers: 4
[38.119s][debug][gc,phases      ] GC(46)     Total                          Min: 1672, Avg: 1953.8, Max: 2239, Diff: 567, Sum: 7815, Workers: 4
[38.119s][debug][gc,phases      ] GC(46)   JNI Weak                       Min:  0.0, Avg:  0.0, Max:  0.0, Diff:  0.0, Sum:  0.0, Workers: 4
[38.119s][debug][gc,phases      ] GC(46)     Dead                           Min: 0, Avg:  0.0, Max: 0, Diff: 0, Sum: 0, Workers: 4
[38.119s][debug][gc,phases      ] GC(46)     Total                          Min: 0, Avg:  3.2, Max: 13, Diff: 13, Sum: 13, Workers: 4
[38.119s][debug][gc,phases      ] GC(46)   StringDedup Table Weak         Min:  0.0, Avg:  0.0, Max:  0.0, Diff:  0.0, Sum:  0.0, Workers: 4
[38.119s][debug][gc,phases      ] GC(46)     Dead                           Min: 0, Avg:  0.0, Max: 0, Diff: 0, Sum: 0, Workers: 4
[38.119s][debug][gc,phases      ] GC(46)     Total                          Min: 0, Avg:  0.0, Max: 0, Diff: 0, Sum: 0, Workers: 4
[38.119s][debug][gc,phases      ] GC(46)   StringDedup Requests0 Weak     Min:  0.0, Avg:  0.0, Max:  0.0, Diff:  0.0, Sum:  0.0, Workers: 4
[38.119s][debug][gc,phases      ] GC(46)     Dead                           Min: 0, Avg:  0.0, Max: 0, Diff: 0, Sum: 0, Workers: 4
[38.119s][debug][gc,phases      ] GC(46)     Total                          Min: 0, Avg:  0.0, Max: 0, Diff: 0, Sum: 0, Workers: 4
[38.119s][debug][gc,phases      ] GC(46)   StringDedup Requests1 Weak     Min:  0.0, Avg:  0.0, Max:  0.0, Diff:  0.0, Sum:  0.0, Workers: 4
[38.119s][debug][gc,phases      ] GC(46)     Dead                           Min: 0, Avg:  0.0, Max: 0, Diff: 0, Sum: 0, Workers: 4
[38.119s][debug][gc,phases      ] GC(46)     Total                          Min: 0, Avg:  0.0, Max: 0, Diff: 0, Sum: 0, Workers: 4
[38.119s][debug][gc,phases      ] GC(46)   Weak JFR Old Object Samples    Min:  0.0, Avg:  0.0, Max:  0.0, Diff:  0.0, Sum:  0.0, Workers: 4
[38.119s][debug][gc,phases      ] GC(46)     Dead                           Min: 0, Avg:  0.0, Max: 0, Diff: 0, Sum: 0, Workers: 4
[38.119s][debug][gc,phases      ] GC(46)     Total                          Min: 0, Avg:  0.0, Max: 0, Diff: 0, Sum: 0, Workers: 4
[38.119s][debug][gc,phases      ] GC(46) Weak Processing 0.352ms
[38.119s][debug][gc,age         ] GC(46) Desired survivor size 193986560 bytes, new threshold 15 (max threshold 15)
[38.119s][info ][gc,heap        ] GC(46) PSYoungGen: 1848339K(1915392K)->122979K(1874432K) Eden: 1751040K(1751040K)->0K(1751040K) From: 97299K(164352K)->122979K(123392K)
[38.119s][info ][gc,heap        ] GC(46) ParOldGen: 686899K(929280K)->688955K(929280K)
[38.119s][info ][gc,metaspace   ] GC(46) Metaspace: 72712K(73472K)->72712K(73472K) NonClass: 62121K(62528K)->62121K(62528K) Class: 10591K(10944K)->10591K(10944K)
[38.119s][info ][gc             ] GC(46) Pause Young (Allocation Failure) 2475M->792M(2738M) 64.237ms
[38.119s][info ][gc,cpu         ] GC(46) User=0.24s Sys=0.00s Real=0.06s
[38.119s][info ][safepoint      ] Safepoint "ParallelGCFailedAllocation", Time since last: 588063058 ns, Reaching safepoint: 172906 ns, At safepoint: 64353371 ns, Total: 64526277 ns
[38.878s][info ][safepoint      ] Safepoint "ICBufferFull", Time since last: 758992848 ns, Reaching safepoint: 266810 ns, At safepoint: 22301 ns, Total: 289111 ns
[39.540s][info ][safepoint      ] Safepoint "ICBufferFull", Time since last: 661617260 ns, Reaching safepoint: 270910 ns, At safepoint: 20401 ns, Total: 291311 ns
[40.016s][info ][safepoint      ] Safepoint "ICBufferFull", Time since last: 475316798 ns, Reaching safepoint: 207508 ns, At safepoint: 8500 ns, Total: 216008 ns
[40.977s][info ][safepoint      ] Safepoint "ICBufferFull", Time since last: 960992573 ns, Reaching safepoint: 272110 ns, At safepoint: 13800 ns, Total: 285910 ns
[41.601s][info ][safepoint      ] Safepoint "ICBufferFull", Time since last: 623662452 ns, Reaching safepoint: 194707 ns, At safepoint: 15701 ns, Total: 210408 ns
[42.368s][info ][gc,start       ] GC(47) Pause Young (Allocation Failure)
[42.427s][debug][gc,phases      ] GC(47) Scavenge 58.506ms
[42.427s][debug][gc,ref         ] GC(47) Skipped phase 1 of Reference Processing: no references
[42.427s][debug][gc,ref         ] GC(47) ReferenceProcessor::execute queues: 2, RefProcThreadModel::Multi, marks_oops_alive: false
[42.427s][debug][gc,ref         ] GC(47) Skipped phase 3 of Reference Processing: no references
[42.427s][debug][gc,ref         ] GC(47) ReferenceProcessor::execute queues: 1, RefProcThreadModel::Single, marks_oops_alive: false
[42.427s][debug][gc,phases      ] GC(47) Reference Processing 0.206ms
[42.427s][debug][gc,phases      ] GC(47)   VM Weak                        Min:  0.0, Avg:  0.0, Max:  0.0, Diff:  0.0, Sum:  0.0, Workers: 4
[42.427s][debug][gc,phases      ] GC(47)     Dead                           Min: 0, Avg:  0.0, Max: 0, Diff: 0, Sum: 0, Workers: 4
[42.427s][debug][gc,phases      ] GC(47)     Total                          Min: 0, Avg: 171.5, Max: 448, Diff: 448, Sum: 686, Workers: 4
[42.427s][debug][gc,phases      ] GC(47)   ObjectSynchronizer Weak        Min:  0.0, Avg:  0.0, Max:  0.0, Diff:  0.0, Sum:  0.0, Workers: 4
[42.427s][debug][gc,phases      ] GC(47)     Dead                           Min: 0, Avg:  0.0, Max: 0, Diff: 0, Sum: 0, Workers: 4
[42.427s][debug][gc,phases      ] GC(47)     Total                          Min: 0, Avg: 77.0, Max: 180, Diff: 180, Sum: 308, Workers: 4
[42.427s][debug][gc,phases      ] GC(47)   JVMTI Tag Weak OopStorage      Min:  0.0, Avg:  0.0, Max:  0.0, Diff:  0.0, Sum:  0.0, Workers: 4
[42.427s][debug][gc,phases      ] GC(47)     Dead                           Min: 0, Avg:  0.0, Max: 0, Diff: 0, Sum: 0, Workers: 4
[42.427s][debug][gc,phases      ] GC(47)     Total                          Min: 0, Avg:  0.0, Max: 0, Diff: 0, Sum: 0, Workers: 4
[42.427s][debug][gc,phases      ] GC(47)   StringTable Weak               Min:  0.1, Avg:  0.1, Max:  0.1, Diff:  0.0, Sum:  0.5, Workers: 4
[42.427s][debug][gc,phases      ] GC(47)     Dead                           Min: 0, Avg:  2.8, Max: 11, Diff: 11, Sum: 11, Workers: 4
[42.427s][debug][gc,phases      ] GC(47)     Total                          Min: 10444, Avg: 11219.0, Max: 11968, Diff: 1524, Sum: 44876, Workers: 4
[42.427s][debug][gc,phases      ] GC(47)   ResolvedMethodTable Weak       Min:  0.0, Avg:  0.0, Max:  0.0, Diff:  0.0, Sum:  0.1, Workers: 4
[42.427s][debug][gc,phases      ] GC(47)     Dead                           Min: 0, Avg:  4.2, Max: 17, Diff: 17, Sum: 17, Workers: 4
[42.427s][debug][gc,phases      ] GC(47)     Total                          Min: 1728, Avg: 1971.2, Max: 2240, Diff: 512, Sum: 7885, Workers: 4
[42.427s][debug][gc,phases      ] GC(47)   JNI Weak                       Min:  0.0, Avg:  0.0, Max:  0.0, Diff:  0.0, Sum:  0.0, Workers: 4
[42.427s][debug][gc,phases      ] GC(47)     Dead                           Min: 0, Avg:  0.0, Max: 0, Diff: 0, Sum: 0, Workers: 4
[42.427s][debug][gc,phases      ] GC(47)     Total                          Min: 0, Avg:  0.0, Max: 0, Diff: 0, Sum: 0, Workers: 4
[42.427s][debug][gc,phases      ] GC(47)   StringDedup Table Weak         Min:  0.0, Avg:  0.0, Max:  0.0, Diff:  0.0, Sum:  0.0, Workers: 4
[42.427s][debug][gc,phases      ] GC(47)     Dead                           Min: 0, Avg:  0.0, Max: 0, Diff: 0, Sum: 0, Workers: 4
[42.427s][debug][gc,phases      ] GC(47)     Total                          Min: 0, Avg:  0.0, Max: 0, Diff: 0, Sum: 0, Workers: 4
[42.427s][debug][gc,phases      ] GC(47)   StringDedup Requests0 Weak     Min:  0.0, Avg:  0.0, Max:  0.0, Diff:  0.0, Sum:  0.0, Workers: 4
[42.427s][debug][gc,phases      ] GC(47)     Dead                           Min: 0, Avg:  0.0, Max: 0, Diff: 0, Sum: 0, Workers: 4
[42.427s][debug][gc,phases      ] GC(47)     Total                          Min: 0, Avg:  0.0, Max: 0, Diff: 0, Sum: 0, Workers: 4
[42.427s][debug][gc,phases      ] GC(47)   StringDedup Requests1 Weak     Min:  0.0, Avg:  0.0, Max:  0.0, Diff:  0.0, Sum:  0.0, Workers: 4
[42.427s][debug][gc,phases      ] GC(47)     Dead                           Min: 0, Avg:  0.0, Max: 0, Diff: 0, Sum: 0, Workers: 4
[42.427s][debug][gc,phases      ] GC(47)     Total                          Min: 0, Avg:  0.0, Max: 0, Diff: 0, Sum: 0, Workers: 4
[42.427s][debug][gc,phases      ] GC(47)   Weak JFR Old Object Samples    Min:  0.0, Avg:  0.0, Max:  0.0, Diff:  0.0, Sum:  0.0, Workers: 4
[42.427s][debug][gc,phases      ] GC(47)     Dead                           Min: 0, Avg:  0.0, Max: 0, Diff: 0, Sum: 0, Workers: 4
[42.427s][debug][gc,phases      ] GC(47)     Total                          Min: 0, Avg:  0.0, Max: 0, Diff: 0, Sum: 0, Workers: 4
[42.427s][debug][gc,phases      ] GC(47) Weak Processing 0.343ms
[42.427s][debug][gc,age         ] GC(47) Desired survivor size 215482368 bytes, new threshold 15 (max threshold 15)
[42.427s][info ][gc,heap        ] GC(47) PSYoungGen: 1874019K(1874432K)->146276K(1865728K) Eden: 1751040K(1751040K)->0K(1676288K) From: 122979K(123392K)->146276K(189440K)
[42.427s][info ][gc,heap        ] GC(47) ParOldGen: 688955K(929280K)->691131K(929280K)
[42.427s][info ][gc,metaspace   ] GC(47) Metaspace: 73063K(73856K)->73063K(73856K) NonClass: 62424K(62848K)->62424K(62848K) Class: 10639K(11008K)->10639K(11008K)
[42.427s][info ][gc             ] GC(47) Pause Young (Allocation Failure) 2502M->817M(2729M) 59.204ms
[42.427s][info ][gc,cpu         ] GC(47) User=0.24s Sys=0.00s Real=0.06s
[42.427s][info ][safepoint      ] Safepoint "ParallelGCFailedAllocation", Time since last: 767009524 ns, Reaching safepoint: 270310 ns, At safepoint: 59294081 ns, Total: 59564391 ns
[43.088s][info ][safepoint      ] Safepoint "ICBufferFull", Time since last: 660248691 ns, Reaching safepoint: 252310 ns, At safepoint: 14500 ns, Total: 266810 ns
[44.088s][info ][safepoint      ] Safepoint "Cleanup", Time since last: 1000107388 ns, Reaching safepoint: 256910 ns, At safepoint: 17300 ns, Total: 274210 ns
[45.102s][info ][safepoint      ] Safepoint "Cleanup", Time since last: 1013833786 ns, Reaching safepoint: 287310 ns, At safepoint: 10401 ns, Total: 297711 ns
[46.079s][info ][safepoint      ] Safepoint "ICBufferFull", Time since last: 976007886 ns, Reaching safepoint: 278110 ns, At safepoint: 11801 ns, Total: 289911 ns
[46.118s][info ][gc,start       ] GC(48) Pause Young (Allocation Failure)
[46.184s][debug][gc,phases      ] GC(48) Scavenge 65.203ms
[46.184s][debug][gc,ref         ] GC(48) Skipped phase 1 of Reference Processing: no references
[46.184s][debug][gc,ref         ] GC(48) ReferenceProcessor::execute queues: 2, RefProcThreadModel::Multi, marks_oops_alive: false
[46.184s][debug][gc,ref         ] GC(48) Skipped phase 3 of Reference Processing: no references
[46.184s][debug][gc,ref         ] GC(48) ReferenceProcessor::execute queues: 1, RefProcThreadModel::Single, marks_oops_alive: false
[46.184s][debug][gc,phases      ] GC(48) Reference Processing 0.237ms
[46.184s][debug][gc,phases      ] GC(48)   VM Weak                        Min:  0.0, Avg:  0.0, Max:  0.0, Diff:  0.0, Sum:  0.0, Workers: 4
[46.184s][debug][gc,phases      ] GC(48)     Dead                           Min: 0, Avg:  0.0, Max: 0, Diff: 0, Sum: 0, Workers: 4
[46.184s][debug][gc,phases      ] GC(48)     Total                          Min: 0, Avg: 171.5, Max: 640, Diff: 640, Sum: 686, Workers: 4
[46.184s][debug][gc,phases      ] GC(48)   ObjectSynchronizer Weak        Min:  0.0, Avg:  0.0, Max:  0.0, Diff:  0.0, Sum:  0.0, Workers: 4
[46.184s][debug][gc,phases      ] GC(48)     Dead                           Min: 0, Avg:  0.0, Max: 0, Diff: 0, Sum: 0, Workers: 4
[46.184s][debug][gc,phases      ] GC(48)     Total                          Min: 0, Avg: 77.0, Max: 192, Diff: 192, Sum: 308, Workers: 4
[46.184s][debug][gc,phases      ] GC(48)   JVMTI Tag Weak OopStorage      Min:  0.0, Avg:  0.0, Max:  0.0, Diff:  0.0, Sum:  0.0, Workers: 4
[46.184s][debug][gc,phases      ] GC(48)     Dead                           Min: 0, Avg:  0.0, Max: 0, Diff: 0, Sum: 0, Workers: 4
[46.184s][debug][gc,phases      ] GC(48)     Total                          Min: 0, Avg:  0.0, Max: 0, Diff: 0, Sum: 0, Workers: 4
[46.184s][debug][gc,phases      ] GC(48)   StringTable Weak               Min:  0.1, Avg:  0.1, Max:  0.1, Diff:  0.0, Sum:  0.6, Workers: 4
[46.184s][debug][gc,phases      ] GC(48)     Dead                           Min: 0, Avg:  3.0, Max: 11, Diff: 11, Sum: 12, Workers: 4
[46.184s][debug][gc,phases      ] GC(48)     Total                          Min: 10510, Avg: 11267.5, Max: 11968, Diff: 1458, Sum: 45070, Workers: 4
[46.184s][debug][gc,phases      ] GC(48)   ResolvedMethodTable Weak       Min:  0.0, Avg:  0.0, Max:  0.0, Diff:  0.0, Sum:  0.1, Workers: 4
[46.184s][debug][gc,phases      ] GC(48)     Dead                           Min: 0, Avg:  5.2, Max: 21, Diff: 21, Sum: 21, Workers: 4
[46.184s][debug][gc,phases      ] GC(48)     Total                          Min: 1728, Avg: 1987.0, Max: 2304, Diff: 576, Sum: 7948, Workers: 4
[46.184s][debug][gc,phases      ] GC(48)   JNI Weak                       Min:  0.0, Avg:  0.0, Max:  0.0, Diff:  0.0, Sum:  0.0, Workers: 4
[46.184s][debug][gc,phases      ] GC(48)     Dead                           Min: 0, Avg:  0.0, Max: 0, Diff: 0, Sum: 0, Workers: 4
[46.184s][debug][gc,phases      ] GC(48)     Total                          Min: 0, Avg:  0.5, Max: 2, Diff: 2, Sum: 2, Workers: 4
[46.184s][debug][gc,phases      ] GC(48)   StringDedup Table Weak         Min:  0.0, Avg:  0.0, Max:  0.0, Diff:  0.0, Sum:  0.0, Workers: 4
[46.184s][debug][gc,phases      ] GC(48)     Dead                           Min: 0, Avg:  0.0, Max: 0, Diff: 0, Sum: 0, Workers: 4
[46.184s][debug][gc,phases      ] GC(48)     Total                          Min: 0, Avg:  0.0, Max: 0, Diff: 0, Sum: 0, Workers: 4
[46.184s][debug][gc,phases      ] GC(48)   StringDedup Requests0 Weak     Min:  0.0, Avg:  0.0, Max:  0.0, Diff:  0.0, Sum:  0.0, Workers: 4
[46.184s][debug][gc,phases      ] GC(48)     Dead                           Min: 0, Avg:  0.0, Max: 0, Diff: 0, Sum: 0, Workers: 4
[46.184s][debug][gc,phases      ] GC(48)     Total                          Min: 0, Avg:  0.0, Max: 0, Diff: 0, Sum: 0, Workers: 4
[46.184s][debug][gc,phases      ] GC(48)   StringDedup Requests1 Weak     Min:  0.0, Avg:  0.0, Max:  0.0, Diff:  0.0, Sum:  0.0, Workers: 4
[46.184s][debug][gc,phases      ] GC(48)     Dead                           Min: 0, Avg:  0.0, Max: 0, Diff: 0, Sum: 0, Workers: 4
[46.184s][debug][gc,phases      ] GC(48)     Total                          Min: 0, Avg:  0.0, Max: 0, Diff: 0, Sum: 0, Workers: 4
[46.184s][debug][gc,phases      ] GC(48)   Weak JFR Old Object Samples    Min:  0.0, Avg:  0.0, Max:  0.0, Diff:  0.0, Sum:  0.0, Workers: 4
[46.184s][debug][gc,phases      ] GC(48)     Dead                           Min: 0, Avg:  0.0, Max: 0, Diff: 0, Sum: 0, Workers: 4
[46.184s][debug][gc,phases      ] GC(48)     Total                          Min: 0, Avg:  0.0, Max: 0, Diff: 0, Sum: 0, Workers: 4
[46.184s][debug][gc,phases      ] GC(48) Weak Processing 0.423ms
[46.184s][debug][gc,age         ] GC(48) Desired survivor size 238026752 bytes, new threshold 15 (max threshold 15)
[46.184s][info ][gc,heap        ] GC(48) PSYoungGen: 1822564K(1865728K)->162392K(1839104K) Eden: 1676288K(1676288K)->0K(1676288K) From: 146276K(189440K)->162392K(162816K)
[46.184s][info ][gc,heap        ] GC(48) ParOldGen: 691131K(929280K)->693595K(929280K)
[46.184s][info ][gc,metaspace   ] GC(48) Metaspace: 73610K(74496K)->73610K(74496K) NonClass: 62922K(63424K)->62922K(63424K) Class: 10687K(11072K)->10687K(11072K)
[46.184s][info ][gc             ] GC(48) Pause Young (Allocation Failure) 2454M->835M(2703M) 66.006ms
[46.184s][info ][gc,cpu         ] GC(48) User=0.25s Sys=0.00s Real=0.07s
[46.184s][info ][safepoint      ] Safepoint "ParallelGCFailedAllocation", Time since last: 39508552 ns, Reaching safepoint: 133705 ns, At safepoint: 66089230 ns, Total: 66222935 ns
[47.185s][info ][safepoint      ] Safepoint "Cleanup", Time since last: 1000090964 ns, Reaching safepoint: 363113 ns, At safepoint: 8900 ns, Total: 372013 ns
[48.188s][info ][safepoint      ] Safepoint "Cleanup", Time since last: 1003163969 ns, Reaching safepoint: 134105 ns, At safepoint: 17901 ns, Total: 152006 ns
[49.189s][info ][safepoint      ] Safepoint "Cleanup", Time since last: 1000111349 ns, Reaching safepoint: 141105 ns, At safepoint: 24801 ns, Total: 165906 ns
[50.277s][info ][safepoint      ] Safepoint "Cleanup", Time since last: 1087740960 ns, Reaching safepoint: 435916 ns, At safepoint: 13001 ns, Total: 448917 ns
[50.612s][info ][gc,start       ] GC(49) Pause Young (Allocation Failure)
[50.688s][debug][gc,phases      ] GC(49) Scavenge 75.483ms
[50.688s][debug][gc,ref         ] GC(49) Skipped phase 1 of Reference Processing: no references
[50.688s][debug][gc,ref         ] GC(49) ReferenceProcessor::execute queues: 2, RefProcThreadModel::Multi, marks_oops_alive: false
[50.688s][debug][gc,ref         ] GC(49) Skipped phase 3 of Reference Processing: no references
[50.688s][debug][gc,ref         ] GC(49) ReferenceProcessor::execute queues: 1, RefProcThreadModel::Single, marks_oops_alive: false
[50.688s][debug][gc,phases      ] GC(49) Reference Processing 0.301ms
[50.688s][debug][gc,phases      ] GC(49)   VM Weak                        Min:  0.0, Avg:  0.0, Max:  0.0, Diff:  0.0, Sum:  0.0, Workers: 4
[50.688s][debug][gc,phases      ] GC(49)     Dead                           Min: 0, Avg:  0.0, Max: 0, Diff: 0, Sum: 0, Workers: 4
[50.688s][debug][gc,phases      ] GC(49)     Total                          Min: 0, Avg: 171.5, Max: 494, Diff: 494, Sum: 686, Workers: 4
[50.688s][debug][gc,phases      ] GC(49)   ObjectSynchronizer Weak        Min:  0.0, Avg:  0.0, Max:  0.0, Diff:  0.0, Sum:  0.0, Workers: 4
[50.688s][debug][gc,phases      ] GC(49)     Dead                           Min: 0, Avg:  0.0, Max: 0, Diff: 0, Sum: 0, Workers: 4
[50.688s][debug][gc,phases      ] GC(49)     Total                          Min: 0, Avg: 77.0, Max: 180, Diff: 180, Sum: 308, Workers: 4
[50.688s][debug][gc,phases      ] GC(49)   JVMTI Tag Weak OopStorage      Min:  0.0, Avg:  0.0, Max:  0.0, Diff:  0.0, Sum:  0.0, Workers: 4
[50.688s][debug][gc,phases      ] GC(49)     Dead                           Min: 0, Avg:  0.0, Max: 0, Diff: 0, Sum: 0, Workers: 4
[50.688s][debug][gc,phases      ] GC(49)     Total                          Min: 0, Avg:  0.0, Max: 0, Diff: 0, Sum: 0, Workers: 4
[50.688s][debug][gc,phases      ] GC(49)   StringTable Weak               Min:  0.1, Avg:  0.2, Max:  0.2, Diff:  0.1, Sum:  0.6, Workers: 4
[50.688s][debug][gc,phases      ] GC(49)     Dead                           Min: 0, Avg:  2.8, Max: 11, Diff: 11, Sum: 11, Workers: 4
[50.688s][debug][gc,phases      ] GC(49)     Total                          Min: 5888, Avg: 11271.0, Max: 14528, Diff: 8640, Sum: 45084, Workers: 4
[50.688s][debug][gc,phases      ] GC(49)   ResolvedMethodTable Weak       Min:  0.0, Avg:  0.0, Max:  0.0, Diff:  0.0, Sum:  0.1, Workers: 4
[50.688s][debug][gc,phases      ] GC(49)     Dead                           Min: 0, Avg:  0.0, Max: 0, Diff: 0, Sum: 0, Workers: 4
[50.688s][debug][gc,phases      ] GC(49)     Total                          Min: 1920, Avg: 1988.0, Max: 2064, Diff: 144, Sum: 7952, Workers: 4
[50.688s][debug][gc,phases      ] GC(49)   JNI Weak                       Min:  0.0, Avg:  0.0, Max:  0.0, Diff:  0.0, Sum:  0.0, Workers: 4
[50.688s][debug][gc,phases      ] GC(49)     Dead                           Min: 0, Avg:  0.0, Max: 0, Diff: 0, Sum: 0, Workers: 4
[50.688s][debug][gc,phases      ] GC(49)     Total                          Min: 0, Avg:  1.2, Max: 5, Diff: 5, Sum: 5, Workers: 4
[50.688s][debug][gc,phases      ] GC(49)   StringDedup Table Weak         Min:  0.0, Avg:  0.0, Max:  0.0, Diff:  0.0, Sum:  0.0, Workers: 4
[50.688s][debug][gc,phases      ] GC(49)     Dead                           Min: 0, Avg:  0.0, Max: 0, Diff: 0, Sum: 0, Workers: 4
[50.688s][debug][gc,phases      ] GC(49)     Total                          Min: 0, Avg:  0.0, Max: 0, Diff: 0, Sum: 0, Workers: 4
[50.688s][debug][gc,phases      ] GC(49)   StringDedup Requests0 Weak     Min:  0.0, Avg:  0.0, Max:  0.0, Diff:  0.0, Sum:  0.0, Workers: 4
[50.688s][debug][gc,phases      ] GC(49)     Dead                           Min: 0, Avg:  0.0, Max: 0, Diff: 0, Sum: 0, Workers: 4
[50.688s][debug][gc,phases      ] GC(49)     Total                          Min: 0, Avg:  0.0, Max: 0, Diff: 0, Sum: 0, Workers: 4
[50.688s][debug][gc,phases      ] GC(49)   StringDedup Requests1 Weak     Min:  0.0, Avg:  0.0, Max:  0.0, Diff:  0.0, Sum:  0.0, Workers: 4
[50.688s][debug][gc,phases      ] GC(49)     Dead                           Min: 0, Avg:  0.0, Max: 0, Diff: 0, Sum: 0, Workers: 4
[50.688s][debug][gc,phases      ] GC(49)     Total                          Min: 0, Avg:  0.0, Max: 0, Diff: 0, Sum: 0, Workers: 4
[50.688s][debug][gc,phases      ] GC(49)   Weak JFR Old Object Samples    Min:  0.0, Avg:  0.0, Max:  0.0, Diff:  0.0, Sum:  0.0, Workers: 4
[50.688s][debug][gc,phases      ] GC(49)     Dead                           Min: 0, Avg:  0.0, Max: 0, Diff: 0, Sum: 0, Workers: 4
[50.688s][debug][gc,phases      ] GC(49)     Total                          Min: 0, Avg:  0.0, Max: 0, Diff: 0, Sum: 0, Workers: 4
[50.688s][debug][gc,phases      ] GC(49) Weak Processing 0.483ms
[50.688s][debug][gc,age         ] GC(49) Desired survivor size 264241152 bytes, new threshold 15 (max threshold 15)
[50.689s][info ][gc,heap        ] GC(49) PSYoungGen: 1838680K(1839104K)->184373K(1813504K) Eden: 1676288K(1676288K)->0K(1581056K) From: 162392K(162816K)->184373K(232448K)
[50.689s][info ][gc,heap        ] GC(49) ParOldGen: 693595K(929280K)->695699K(929280K)
[50.689s][info ][gc,metaspace   ] GC(49) Metaspace: 73748K(74560K)->73748K(74560K) NonClass: 63055K(63488K)->63055K(63488K) Class: 10693K(11072K)->10693K(11072K)
[50.689s][info ][gc             ] GC(49) Pause Young (Allocation Failure) 2472M->859M(2678M) 76.457ms
[50.689s][info ][gc,cpu         ] GC(49) User=0.29s Sys=0.00s Real=0.08s
[50.689s][info ][safepoint      ] Safepoint "ParallelGCFailedAllocation", Time since last: 335128008 ns, Reaching safepoint: 171907 ns, At safepoint: 76554011 ns, Total: 76725918 ns
[51.689s][info ][safepoint      ] Safepoint "Cleanup", Time since last: 1000092929 ns, Reaching safepoint: 129605 ns, At safepoint: 16101 ns, Total: 145706 ns
[52.689s][info ][safepoint      ] Safepoint "Cleanup", Time since last: 1000136623 ns, Reaching safepoint: 142405 ns, At safepoint: 15000 ns, Total: 157405 ns
[53.692s][info ][safepoint      ] Safepoint "Cleanup", Time since last: 1003001421 ns, Reaching safepoint: 323712 ns, At safepoint: 11700 ns, Total: 335412 ns
[54.693s][info ][safepoint      ] Safepoint "Cleanup", Time since last: 1000109907 ns, Reaching safepoint: 85103 ns, At safepoint: 17301 ns, Total: 102404 ns
[54.724s][info ][gc,start       ] GC(50) Pause Young (Allocation Failure)
[54.802s][debug][gc,phases      ] GC(50) Scavenge 77.738ms
[54.802s][debug][gc,ref         ] GC(50) Skipped phase 1 of Reference Processing: no references
[54.802s][debug][gc,ref         ] GC(50) ReferenceProcessor::execute queues: 2, RefProcThreadModel::Multi, marks_oops_alive: false
[54.802s][debug][gc,ref         ] GC(50) Skipped phase 3 of Reference Processing: no references
[54.802s][debug][gc,ref         ] GC(50) ReferenceProcessor::execute queues: 1, RefProcThreadModel::Single, marks_oops_alive: false
[54.802s][debug][gc,phases      ] GC(50) Reference Processing 0.266ms
[54.803s][debug][gc,phases      ] GC(50)   VM Weak                        Min:  0.0, Avg:  0.0, Max:  0.0, Diff:  0.0, Sum:  0.0, Workers: 4
[54.803s][debug][gc,phases      ] GC(50)     Dead                           Min: 0, Avg:  0.0, Max: 0, Diff: 0, Sum: 0, Workers: 4
[54.803s][debug][gc,phases      ] GC(50)     Total                          Min: 0, Avg: 171.5, Max: 558, Diff: 558, Sum: 686, Workers: 4
[54.803s][debug][gc,phases      ] GC(50)   ObjectSynchronizer Weak        Min:  0.0, Avg:  0.0, Max:  0.0, Diff:  0.0, Sum:  0.0, Workers: 4
[54.803s][debug][gc,phases      ] GC(50)     Dead                           Min: 0, Avg:  0.0, Max: 0, Diff: 0, Sum: 0, Workers: 4
[54.803s][debug][gc,phases      ] GC(50)     Total                          Min: 0, Avg: 77.0, Max: 244, Diff: 244, Sum: 308, Workers: 4
[54.803s][debug][gc,phases      ] GC(50)   JVMTI Tag Weak OopStorage      Min:  0.0, Avg:  0.0, Max:  0.0, Diff:  0.0, Sum:  0.0, Workers: 4
[54.803s][debug][gc,phases      ] GC(50)     Dead                           Min: 0, Avg:  0.0, Max: 0, Diff: 0, Sum: 0, Workers: 4
[54.803s][debug][gc,phases      ] GC(50)     Total                          Min: 0, Avg:  0.0, Max: 0, Diff: 0, Sum: 0, Workers: 4
[54.803s][debug][gc,phases      ] GC(50)   StringTable Weak               Min:  0.1, Avg:  0.1, Max:  0.1, Diff:  0.0, Sum:  0.5, Workers: 4
[54.803s][debug][gc,phases      ] GC(50)     Dead                           Min: 0, Avg:  3.0, Max: 12, Diff: 12, Sum: 12, Workers: 4
[54.803s][debug][gc,phases      ] GC(50)     Total                          Min: 9920, Avg: 11276.2, Max: 12800, Diff: 2880, Sum: 45105, Workers: 4
[54.803s][debug][gc,phases      ] GC(50)   ResolvedMethodTable Weak       Min:  0.0, Avg:  0.0, Max:  0.0, Diff:  0.0, Sum:  0.1, Workers: 4
[54.803s][debug][gc,phases      ] GC(50)     Dead                           Min: 0, Avg:  0.0, Max: 0, Diff: 0, Sum: 0, Workers: 4
[54.803s][debug][gc,phases      ] GC(50)     Total                          Min: 1728, Avg: 1988.8, Max: 2387, Diff: 659, Sum: 7955, Workers: 4
[54.803s][debug][gc,phases      ] GC(50)   JNI Weak                       Min:  0.0, Avg:  0.0, Max:  0.0, Diff:  0.0, Sum:  0.0, Workers: 4
[54.803s][debug][gc,phases      ] GC(50)     Dead                           Min: 0, Avg:  0.0, Max: 0, Diff: 0, Sum: 0, Workers: 4
[54.803s][debug][gc,phases      ] GC(50)     Total                          Min: 0, Avg:  0.0, Max: 0, Diff: 0, Sum: 0, Workers: 4
[54.803s][debug][gc,phases      ] GC(50)   StringDedup Table Weak         Min:  0.0, Avg:  0.0, Max:  0.0, Diff:  0.0, Sum:  0.0, Workers: 4
[54.803s][debug][gc,phases      ] GC(50)     Dead                           Min: 0, Avg:  0.0, Max: 0, Diff: 0, Sum: 0, Workers: 4
[54.803s][debug][gc,phases      ] GC(50)     Total                          Min: 0, Avg:  0.0, Max: 0, Diff: 0, Sum: 0, Workers: 4
[54.803s][debug][gc,phases      ] GC(50)   StringDedup Requests0 Weak     Min:  0.0, Avg:  0.0, Max:  0.0, Diff:  0.0, Sum:  0.0, Workers: 4
[54.803s][debug][gc,phases      ] GC(50)     Dead                           Min: 0, Avg:  0.0, Max: 0, Diff: 0, Sum: 0, Workers: 4
[54.803s][debug][gc,phases      ] GC(50)     Total                          Min: 0, Avg:  0.0, Max: 0, Diff: 0, Sum: 0, Workers: 4
[54.803s][debug][gc,phases      ] GC(50)   StringDedup Requests1 Weak     Min:  0.0, Avg:  0.0, Max:  0.0, Diff:  0.0, Sum:  0.0, Workers: 4
[54.803s][debug][gc,phases      ] GC(50)     Dead                           Min: 0, Avg:  0.0, Max: 0, Diff: 0, Sum: 0, Workers: 4
[54.803s][debug][gc,phases      ] GC(50)     Total                          Min: 0, Avg:  0.0, Max: 0, Diff: 0, Sum: 0, Workers: 4
[54.803s][debug][gc,phases      ] GC(50)   Weak JFR Old Object Samples    Min:  0.0, Avg:  0.0, Max:  0.0, Diff:  0.0, Sum:  0.0, Workers: 4
[54.803s][debug][gc,phases      ] GC(50)     Dead                           Min: 0, Avg:  0.0, Max: 0, Diff: 0, Sum: 0, Workers: 4
[54.803s][debug][gc,phases      ] GC(50)     Total                          Min: 0, Avg:  0.0, Max: 0, Diff: 0, Sum: 0, Workers: 4
[54.803s][debug][gc,phases      ] GC(50) Weak Processing 0.406ms
[54.803s][debug][gc,age         ] GC(50) Desired survivor size 292552704 bytes, new threshold 15 (max threshold 15)
[54.803s][info ][gc,heap        ] GC(50) PSYoungGen: 1765429K(1813504K)->205958K(1787392K) Eden: 1581056K(1581056K)->0K(1581056K) From: 184373K(232448K)->205958K(206336K)
[54.803s][info ][gc,heap        ] GC(50) ParOldGen: 695699K(929280K)->697939K(929280K)
[54.803s][info ][gc,metaspace   ] GC(50) Metaspace: 73801K(74624K)->73801K(74624K) NonClass: 63104K(63552K)->63104K(63552K) Class: 10696K(11072K)->10696K(11072K)
[54.803s][info ][gc             ] GC(50) Pause Young (Allocation Failure) 2403M->882M(2653M) 78.578ms
[54.803s][info ][gc,cpu         ] GC(50) User=0.31s Sys=0.01s Real=0.08s
[54.803s][info ][safepoint      ] Safepoint "ParallelGCFailedAllocation", Time since last: 31392052 ns, Reaching safepoint: 76202 ns, At safepoint: 78678988 ns, Total: 78755190 ns
[55.803s][info ][safepoint      ] Safepoint "Cleanup", Time since last: 1000086097 ns, Reaching safepoint: 152306 ns, At safepoint: 15600 ns, Total: 167906 ns
[56.803s][info ][safepoint      ] Safepoint "Cleanup", Time since last: 1000114091 ns, Reaching safepoint: 120604 ns, At safepoint: 15401 ns, Total: 136005 ns
[57.804s][info ][safepoint      ] Safepoint "Cleanup", Time since last: 1000118983 ns, Reaching safepoint: 128405 ns, At safepoint: 15700 ns, Total: 144105 ns
[58.557s][info ][gc,start       ] GC(51) Pause Young (Allocation Failure)
[58.634s][debug][gc,phases      ] GC(51) Scavenge 76.372ms
[58.634s][debug][gc,ref         ] GC(51) Skipped phase 1 of Reference Processing: no references
[58.634s][debug][gc,ref         ] GC(51) ReferenceProcessor::execute queues: 2, RefProcThreadModel::Multi, marks_oops_alive: false
[58.634s][debug][gc,ref         ] GC(51) Skipped phase 3 of Reference Processing: no references
[58.634s][debug][gc,ref         ] GC(51) ReferenceProcessor::execute queues: 1, RefProcThreadModel::Single, marks_oops_alive: false
[58.634s][debug][gc,phases      ] GC(51) Reference Processing 0.210ms
[58.634s][debug][gc,phases      ] GC(51)   VM Weak                        Min:  0.0, Avg:  0.0, Max:  0.0, Diff:  0.0, Sum:  0.0, Workers: 4
[58.634s][debug][gc,phases      ] GC(51)     Dead                           Min: 0, Avg:  0.0, Max: 0, Diff: 0, Sum: 0, Workers: 4
[58.634s][debug][gc,phases      ] GC(51)     Total                          Min: 0, Avg: 171.5, Max: 512, Diff: 512, Sum: 686, Workers: 4
[58.634s][debug][gc,phases      ] GC(51)   ObjectSynchronizer Weak        Min:  0.0, Avg:  0.0, Max:  0.0, Diff:  0.0, Sum:  0.0, Workers: 4
[58.634s][debug][gc,phases      ] GC(51)     Dead                           Min: 0, Avg:  0.0, Max: 0, Diff: 0, Sum: 0, Workers: 4
[58.634s][debug][gc,phases      ] GC(51)     Total                          Min: 0, Avg: 77.0, Max: 180, Diff: 180, Sum: 308, Workers: 4
[58.634s][debug][gc,phases      ] GC(51)   JVMTI Tag Weak OopStorage      Min:  0.0, Avg:  0.0, Max:  0.0, Diff:  0.0, Sum:  0.0, Workers: 4
[58.634s][debug][gc,phases      ] GC(51)     Dead                           Min: 0, Avg:  0.0, Max: 0, Diff: 0, Sum: 0, Workers: 4
[58.634s][debug][gc,phases      ] GC(51)     Total                          Min: 0, Avg:  0.0, Max: 0, Diff: 0, Sum: 0, Workers: 4
[58.634s][debug][gc,phases      ] GC(51)   StringTable Weak               Min:  0.1, Avg:  0.1, Max:  0.1, Diff:  0.0, Sum:  0.4, Workers: 4
[58.634s][debug][gc,phases      ] GC(51)     Dead                           Min: 0, Avg:  2.8, Max: 11, Diff: 11, Sum: 11, Workers: 4
[58.634s][debug][gc,phases      ] GC(51)     Total                          Min: 10560, Avg: 11278.0, Max: 11768, Diff: 1208, Sum: 45112, Workers: 4
[58.634s][debug][gc,phases      ] GC(51)   ResolvedMethodTable Weak       Min:  0.0, Avg:  0.0, Max:  0.0, Diff:  0.0, Sum:  0.1, Workers: 4
[58.634s][debug][gc,phases      ] GC(51)     Dead                           Min: 0, Avg:  0.0, Max: 0, Diff: 0, Sum: 0, Workers: 4
[58.634s][debug][gc,phases      ] GC(51)     Total                          Min: 1875, Avg: 1988.8, Max: 2112, Diff: 237, Sum: 7955, Workers: 4
[58.634s][debug][gc,phases      ] GC(51)   JNI Weak                       Min:  0.0, Avg:  0.0, Max:  0.0, Diff:  0.0, Sum:  0.0, Workers: 4
[58.634s][debug][gc,phases      ] GC(51)     Dead                           Min: 0, Avg:  0.0, Max: 0, Diff: 0, Sum: 0, Workers: 4
[58.634s][debug][gc,phases      ] GC(51)     Total                          Min: 0, Avg:  0.0, Max: 0, Diff: 0, Sum: 0, Workers: 4
[58.634s][debug][gc,phases      ] GC(51)   StringDedup Table Weak         Min:  0.0, Avg:  0.0, Max:  0.0, Diff:  0.0, Sum:  0.0, Workers: 4
[58.634s][debug][gc,phases      ] GC(51)     Dead                           Min: 0, Avg:  0.0, Max: 0, Diff: 0, Sum: 0, Workers: 4
[58.634s][debug][gc,phases      ] GC(51)     Total                          Min: 0, Avg:  0.0, Max: 0, Diff: 0, Sum: 0, Workers: 4
[58.634s][debug][gc,phases      ] GC(51)   StringDedup Requests0 Weak     Min:  0.0, Avg:  0.0, Max:  0.0, Diff:  0.0, Sum:  0.0, Workers: 4
[58.634s][debug][gc,phases      ] GC(51)     Dead                           Min: 0, Avg:  0.0, Max: 0, Diff: 0, Sum: 0, Workers: 4
[58.634s][debug][gc,phases      ] GC(51)     Total                          Min: 0, Avg:  0.0, Max: 0, Diff: 0, Sum: 0, Workers: 4
[58.634s][debug][gc,phases      ] GC(51)   StringDedup Requests1 Weak     Min:  0.0, Avg:  0.0, Max:  0.0, Diff:  0.0, Sum:  0.0, Workers: 4
[58.634s][debug][gc,phases      ] GC(51)     Dead                           Min: 0, Avg:  0.0, Max: 0, Diff: 0, Sum: 0, Workers: 4
[58.634s][debug][gc,phases      ] GC(51)     Total                          Min: 0, Avg:  0.0, Max: 0, Diff: 0, Sum: 0, Workers: 4
[58.634s][debug][gc,phases      ] GC(51)   Weak JFR Old Object Samples    Min:  0.0, Avg:  0.0, Max:  0.0, Diff:  0.0, Sum:  0.0, Workers: 4
[58.634s][debug][gc,phases      ] GC(51)     Dead                           Min: 0, Avg:  0.0, Max: 0, Diff: 0, Sum: 0, Workers: 4
[58.634s][debug][gc,phases      ] GC(51)     Total                          Min: 0, Avg:  0.0, Max: 0, Diff: 0, Sum: 0, Workers: 4
[58.634s][debug][gc,phases      ] GC(51) Weak Processing 0.336ms
[58.634s][debug][gc,age         ] GC(51) Desired survivor size 325582848 bytes, new threshold 15 (max threshold 15)
[58.634s][info ][gc,heap        ] GC(51) PSYoungGen: 1787014K(1787392K)->234132K(1746944K) Eden: 1581056K(1581056K)->0K(1461248K) From: 205958K(206336K)->234132K(285696K)
[58.634s][info ][gc,heap        ] GC(51) ParOldGen: 697939K(929280K)->700603K(929280K)
[58.634s][info ][gc,metaspace   ] GC(51) Metaspace: 73814K(74624K)->73814K(74624K) NonClass: 63117K(63552K)->63117K(63552K) Class: 10696K(11072K)->10696K(11072K)
[58.634s][info ][gc             ] GC(51) Pause Young (Allocation Failure) 2426M->912M(2613M) 77.065ms
[58.634s][info ][gc,cpu         ] GC(51) User=0.29s Sys=0.00s Real=0.08s
[58.634s][info ][safepoint      ] Safepoint "ParallelGCFailedAllocation", Time since last: 753526434 ns, Reaching safepoint: 134405 ns, At safepoint: 77176830 ns, Total: 77311235 ns
[59.635s][info ][safepoint      ] Safepoint "Cleanup", Time since last: 1000122470 ns, Reaching safepoint: 129704 ns, At safepoint: 31501 ns, Total: 161205 ns
[60.635s][info ][safepoint      ] Safepoint "Cleanup", Time since last: 1000110562 ns, Reaching safepoint: 161806 ns, At safepoint: 17701 ns, Total: 179507 ns
[61.618s][info ][gc,start       ] GC(52) Pause Young (Allocation Failure)
[61.699s][debug][gc,phases      ] GC(52) Scavenge 80.827ms
[61.699s][debug][gc,ref         ] GC(52) Skipped phase 1 of Reference Processing: no references
[61.700s][debug][gc,ref         ] GC(52) ReferenceProcessor::execute queues: 2, RefProcThreadModel::Multi, marks_oops_alive: false
[61.700s][debug][gc,ref         ] GC(52) Skipped phase 3 of Reference Processing: no references
[61.700s][debug][gc,ref         ] GC(52) ReferenceProcessor::execute queues: 1, RefProcThreadModel::Single, marks_oops_alive: false
[61.700s][debug][gc,phases      ] GC(52) Reference Processing 0.222ms
[61.700s][debug][gc,phases      ] GC(52)   VM Weak                        Min:  0.0, Avg:  0.0, Max:  0.0, Diff:  0.0, Sum:  0.0, Workers: 4
[61.700s][debug][gc,phases      ] GC(52)     Dead                           Min: 0, Avg:  0.0, Max: 0, Diff: 0, Sum: 0, Workers: 4
[61.700s][debug][gc,phases      ] GC(52)     Total                          Min: 0, Avg: 171.5, Max: 384, Diff: 384, Sum: 686, Workers: 4
[61.700s][debug][gc,phases      ] GC(52)   ObjectSynchronizer Weak        Min:  0.0, Avg:  0.0, Max:  0.0, Diff:  0.0, Sum:  0.0, Workers: 4
[61.700s][debug][gc,phases      ] GC(52)     Dead                           Min: 0, Avg:  0.0, Max: 0, Diff: 0, Sum: 0, Workers: 4
[61.700s][debug][gc,phases      ] GC(52)     Total                          Min: 0, Avg: 77.0, Max: 192, Diff: 192, Sum: 308, Workers: 4
[61.700s][debug][gc,phases      ] GC(52)   JVMTI Tag Weak OopStorage      Min:  0.0, Avg:  0.0, Max:  0.0, Diff:  0.0, Sum:  0.0, Workers: 4
[61.700s][debug][gc,phases      ] GC(52)     Dead                           Min: 0, Avg:  0.0, Max: 0, Diff: 0, Sum: 0, Workers: 4
[61.700s][debug][gc,phases      ] GC(52)     Total                          Min: 0, Avg:  0.0, Max: 0, Diff: 0, Sum: 0, Workers: 4
[61.700s][debug][gc,phases      ] GC(52)   StringTable Weak               Min:  0.1, Avg:  0.1, Max:  0.1, Diff:  0.0, Sum:  0.4, Workers: 4
[61.700s][debug][gc,phases      ] GC(52)     Dead                           Min: 0, Avg:  2.8, Max: 11, Diff: 11, Sum: 11, Workers: 4
[61.700s][debug][gc,phases      ] GC(52)     Total                          Min: 10688, Avg: 11281.0, Max: 11716, Diff: 1028, Sum: 45124, Workers: 4
[61.700s][debug][gc,phases      ] GC(52)   ResolvedMethodTable Weak       Min:  0.0, Avg:  0.0, Max:  0.0, Diff:  0.0, Sum:  0.1, Workers: 4
[61.700s][debug][gc,phases      ] GC(52)     Dead                           Min: 0, Avg:  0.0, Max: 0, Diff: 0, Sum: 0, Workers: 4
[61.700s][debug][gc,phases      ] GC(52)     Total                          Min: 1728, Avg: 1989.0, Max: 2260, Diff: 532, Sum: 7956, Workers: 4
[61.700s][debug][gc,phases      ] GC(52)   JNI Weak                       Min:  0.0, Avg:  0.0, Max:  0.0, Diff:  0.0, Sum:  0.0, Workers: 4
[61.700s][debug][gc,phases      ] GC(52)     Dead                           Min: 0, Avg:  0.0, Max: 0, Diff: 0, Sum: 0, Workers: 4
[61.700s][debug][gc,phases      ] GC(52)     Total                          Min: 0, Avg:  0.0, Max: 0, Diff: 0, Sum: 0, Workers: 4
[61.700s][debug][gc,phases      ] GC(52)   StringDedup Table Weak         Min:  0.0, Avg:  0.0, Max:  0.0, Diff:  0.0, Sum:  0.0, Workers: 4
[61.700s][debug][gc,phases      ] GC(52)     Dead                           Min: 0, Avg:  0.0, Max: 0, Diff: 0, Sum: 0, Workers: 4
[61.700s][debug][gc,phases      ] GC(52)     Total                          Min: 0, Avg:  0.0, Max: 0, Diff: 0, Sum: 0, Workers: 4
[61.700s][debug][gc,phases      ] GC(52)   StringDedup Requests0 Weak     Min:  0.0, Avg:  0.0, Max:  0.0, Diff:  0.0, Sum:  0.0, Workers: 4
[61.700s][debug][gc,phases      ] GC(52)     Dead                           Min: 0, Avg:  0.0, Max: 0, Diff: 0, Sum: 0, Workers: 4
[61.700s][debug][gc,phases      ] GC(52)     Total                          Min: 0, Avg:  0.0, Max: 0, Diff: 0, Sum: 0, Workers: 4
[61.700s][debug][gc,phases      ] GC(52)   StringDedup Requests1 Weak     Min:  0.0, Avg:  0.0, Max:  0.0, Diff:  0.0, Sum:  0.0, Workers: 4
[61.700s][debug][gc,phases      ] GC(52)     Dead                           Min: 0, Avg:  0.0, Max: 0, Diff: 0, Sum: 0, Workers: 4
[61.700s][debug][gc,phases      ] GC(52)     Total                          Min: 0, Avg:  0.0, Max: 0, Diff: 0, Sum: 0, Workers: 4
[61.700s][debug][gc,phases      ] GC(52)   Weak JFR Old Object Samples    Min:  0.0, Avg:  0.0, Max:  0.0, Diff:  0.0, Sum:  0.0, Workers: 4
[61.700s][debug][gc,phases      ] GC(52)     Dead                           Min: 0, Avg:  0.0, Max: 0, Diff: 0, Sum: 0, Workers: 4
[61.700s][debug][gc,phases      ] GC(52)     Total                          Min: 0, Avg:  0.0, Max: 0, Diff: 0, Sum: 0, Workers: 4
[61.700s][debug][gc,phases      ] GC(52) Weak Processing 0.333ms
[61.700s][debug][gc,age         ] GC(52) Desired survivor size 353894400 bytes, new threshold 15 (max threshold 15)
[61.700s][info ][gc,heap        ] GC(52) PSYoungGen: 1695380K(1746944K)->240616K(1701888K) Eden: 1461248K(1461248K)->0K(1461248K) From: 234132K(285696K)->240616K(240640K)
[61.700s][info ][gc,heap        ] GC(52) ParOldGen: 700603K(929280K)->703747K(929280K)
[61.700s][info ][gc,metaspace   ] GC(52) Metaspace: 73866K(74688K)->73866K(74688K) NonClass: 63169K(63616K)->63169K(63616K) Class: 10697K(11072K)->10697K(11072K)
[61.700s][info ][gc             ] GC(52) Pause Young (Allocation Failure) 2339M->922M(2569M) 81.533ms
[61.700s][info ][gc,cpu         ] GC(52) User=0.33s Sys=0.00s Real=0.08s
[61.700s][info ][safepoint      ] Safepoint "ParallelGCFailedAllocation", Time since last: 983240136 ns, Reaching safepoint: 193907 ns, At safepoint: 81643891 ns, Total: 81837798 ns
[62.700s][info ][safepoint      ] Safepoint "Cleanup", Time since last: 1000095746 ns, Reaching safepoint: 132505 ns, At safepoint: 12200 ns, Total: 144705 ns
[63.701s][info ][safepoint      ] Safepoint "Cleanup", Time since last: 1000108139 ns, Reaching safepoint: 135805 ns, At safepoint: 14600 ns, Total: 150405 ns
[64.701s][info ][safepoint      ] Safepoint "Cleanup", Time since last: 1000108831 ns, Reaching safepoint: 116605 ns, At safepoint: 13500 ns, Total: 130105 ns
[65.701s][info ][safepoint      ] Safepoint "Cleanup", Time since last: 1000109724 ns, Reaching safepoint: 122804 ns, At safepoint: 9001 ns, Total: 131805 ns
[66.701s][info ][safepoint      ] Safepoint "Cleanup", Time since last: 1000109216 ns, Reaching safepoint: 129404 ns, At safepoint: 12001 ns, Total: 141405 ns
[67.702s][info ][safepoint      ] Safepoint "Cleanup", Time since last: 1000112109 ns, Reaching safepoint: 107204 ns, At safepoint: 15400 ns, Total: 122604 ns
[68.702s][info ][safepoint      ] Safepoint "Cleanup", Time since last: 1000118702 ns, Reaching safepoint: 124504 ns, At safepoint: 12001 ns, Total: 136505 ns
[71.174s][info ][gc,start       ] GC(53) Pause Young (Allocation Failure)
[71.251s][debug][gc,phases      ] GC(53) Scavenge 76.858ms
[71.251s][debug][gc,ref         ] GC(53) Skipped phase 1 of Reference Processing: no references
[71.251s][debug][gc,ref         ] GC(53) ReferenceProcessor::execute queues: 2, RefProcThreadModel::Multi, marks_oops_alive: false
[71.252s][debug][gc,ref         ] GC(53) Skipped phase 3 of Reference Processing: no references
[71.252s][debug][gc,ref         ] GC(53) ReferenceProcessor::execute queues: 1, RefProcThreadModel::Single, marks_oops_alive: false
[71.252s][debug][gc,phases      ] GC(53) Reference Processing 0.206ms
[71.252s][debug][gc,phases      ] GC(53)   VM Weak                        Min:  0.0, Avg:  0.0, Max:  0.0, Diff:  0.0, Sum:  0.0, Workers: 4
[71.252s][debug][gc,phases      ] GC(53)     Dead                           Min: 0, Avg:  0.0, Max: 0, Diff: 0, Sum: 0, Workers: 4
[71.252s][debug][gc,phases      ] GC(53)     Total                          Min: 0, Avg: 171.5, Max: 366, Diff: 366, Sum: 686, Workers: 4
[71.252s][debug][gc,phases      ] GC(53)   ObjectSynchronizer Weak        Min:  0.0, Avg:  0.0, Max:  0.0, Diff:  0.0, Sum:  0.0, Workers: 4
[71.252s][debug][gc,phases      ] GC(53)     Dead                           Min: 0, Avg:  0.0, Max: 0, Diff: 0, Sum: 0, Workers: 4
[71.252s][debug][gc,phases      ] GC(53)     Total                          Min: 0, Avg: 77.2, Max: 181, Diff: 181, Sum: 309, Workers: 4
[71.252s][debug][gc,phases      ] GC(53)   JVMTI Tag Weak OopStorage      Min:  0.0, Avg:  0.0, Max:  0.0, Diff:  0.0, Sum:  0.0, Workers: 4
[71.252s][debug][gc,phases      ] GC(53)     Dead                           Min: 0, Avg:  0.0, Max: 0, Diff: 0, Sum: 0, Workers: 4
[71.252s][debug][gc,phases      ] GC(53)     Total                          Min: 0, Avg:  0.0, Max: 0, Diff: 0, Sum: 0, Workers: 4
[71.252s][debug][gc,phases      ] GC(53)   StringTable Weak               Min:  0.1, Avg:  0.1, Max:  0.1, Diff:  0.0, Sum:  0.4, Workers: 4
[71.252s][debug][gc,phases      ] GC(53)     Dead                           Min: 0, Avg:  2.8, Max: 11, Diff: 11, Sum: 11, Workers: 4
[71.252s][debug][gc,phases      ] GC(53)     Total                          Min: 10944, Avg: 11287.8, Max: 11743, Diff: 799, Sum: 45151, Workers: 4
[71.252s][debug][gc,phases      ] GC(53)   ResolvedMethodTable Weak       Min:  0.0, Avg:  0.0, Max:  0.0, Diff:  0.0, Sum:  0.1, Workers: 4
[71.252s][debug][gc,phases      ] GC(53)     Dead                           Min: 0, Avg:  0.2, Max: 1, Diff: 1, Sum: 1, Workers: 4
[71.252s][debug][gc,phases      ] GC(53)     Total                          Min: 1920, Avg: 1989.2, Max: 2112, Diff: 192, Sum: 7957, Workers: 4
[71.252s][debug][gc,phases      ] GC(53)   JNI Weak                       Min:  0.0, Avg:  0.0, Max:  0.0, Diff:  0.0, Sum:  0.0, Workers: 4
[71.252s][debug][gc,phases      ] GC(53)     Dead                           Min: 0, Avg:  0.0, Max: 0, Diff: 0, Sum: 0, Workers: 4
[71.252s][debug][gc,phases      ] GC(53)     Total                          Min: 0, Avg:  0.0, Max: 0, Diff: 0, Sum: 0, Workers: 4
[71.252s][debug][gc,phases      ] GC(53)   StringDedup Table Weak         Min:  0.0, Avg:  0.0, Max:  0.0, Diff:  0.0, Sum:  0.0, Workers: 4
[71.252s][debug][gc,phases      ] GC(53)     Dead                           Min: 0, Avg:  0.0, Max: 0, Diff: 0, Sum: 0, Workers: 4
[71.252s][debug][gc,phases      ] GC(53)     Total                          Min: 0, Avg:  0.0, Max: 0, Diff: 0, Sum: 0, Workers: 4
[71.252s][debug][gc,phases      ] GC(53)   StringDedup Requests0 Weak     Min:  0.0, Avg:  0.0, Max:  0.0, Diff:  0.0, Sum:  0.0, Workers: 4
[71.252s][debug][gc,phases      ] GC(53)     Dead                           Min: 0, Avg:  0.0, Max: 0, Diff: 0, Sum: 0, Workers: 4
[71.252s][debug][gc,phases      ] GC(53)     Total                          Min: 0, Avg:  0.0, Max: 0, Diff: 0, Sum: 0, Workers: 4
[71.252s][debug][gc,phases      ] GC(53)   StringDedup Requests1 Weak     Min:  0.0, Avg:  0.0, Max:  0.0, Diff:  0.0, Sum:  0.0, Workers: 4
[71.252s][debug][gc,phases      ] GC(53)     Dead                           Min: 0, Avg:  0.0, Max: 0, Diff: 0, Sum: 0, Workers: 4
[71.252s][debug][gc,phases      ] GC(53)     Total                          Min: 0, Avg:  0.0, Max: 0, Diff: 0, Sum: 0, Workers: 4
[71.252s][debug][gc,phases      ] GC(53)   Weak JFR Old Object Samples    Min:  0.0, Avg:  0.0, Max:  0.0, Diff:  0.0, Sum:  0.0, Workers: 4
[71.252s][debug][gc,phases      ] GC(53)     Dead                           Min: 0, Avg:  0.0, Max: 0, Diff: 0, Sum: 0, Workers: 4
[71.252s][debug][gc,phases      ] GC(53)     Total                          Min: 0, Avg:  0.0, Max: 0, Diff: 0, Sum: 0, Workers: 4
[71.252s][debug][gc,phases      ] GC(53) Weak Processing 0.352ms
[71.252s][debug][gc,age         ] GC(53) Desired survivor size 382205952 bytes, new threshold 15 (max threshold 15)
[71.252s][info ][gc,heap        ] GC(53) PSYoungGen: 1700340K(1701888K)->256992K(1696256K) Eden: 1459723K(1461248K)->0K(1350656K) From: 240616K(240640K)->256992K(345600K)
[71.252s][info ][gc,heap        ] GC(53) ParOldGen: 703747K(929280K)->707363K(929280K)
[71.252s][info ][gc,metaspace   ] GC(53) Metaspace: 73991K(74816K)->73991K(74816K) NonClass: 63290K(63744K)->63290K(63744K) Class: 10700K(11072K)->10700K(11072K)
[71.252s][info ][gc             ] GC(53) Pause Young (Allocation Failure) 2347M->941M(2564M) 77.571ms
[71.252s][info ][gc,cpu         ] GC(53) User=0.31s Sys=0.01s Real=0.07s
[71.252s][info ][safepoint      ] Safepoint "ParallelGCFailedAllocation", Time since last: 2472498355 ns, Reaching safepoint: 27501 ns, At safepoint: 77660841 ns, Total: 77688342 ns
[71.756s][info ][safepoint      ] Safepoint "ICBufferFull", Time since last: 503365208 ns, Reaching safepoint: 210908 ns, At safepoint: 8500 ns, Total: 219408 ns
[71.851s][info ][safepoint      ] Safepoint "ICBufferFull", Time since last: 94946573 ns, Reaching safepoint: 244009 ns, At safepoint: 5900 ns, Total: 249909 ns
[71.909s][info ][safepoint      ] Safepoint "ICBufferFull", Time since last: 58327633 ns, Reaching safepoint: 177106 ns, At safepoint: 8101 ns, Total: 185207 ns
[71.986s][info ][safepoint      ] Safepoint "ICBufferFull", Time since last: 76888812 ns, Reaching safepoint: 195807 ns, At safepoint: 19900 ns, Total: 215707 ns
[72.256s][info ][safepoint      ] Safepoint "ICBufferFull", Time since last: 269404353 ns, Reaching safepoint: 283910 ns, At safepoint: 12401 ns, Total: 296311 ns
[72.659s][info ][safepoint      ] Safepoint "ICBufferFull", Time since last: 402782127 ns, Reaching safepoint: 260909 ns, At safepoint: 9501 ns, Total: 270410 ns
[72.962s][info ][safepoint      ] Safepoint "ICBufferFull", Time since last: 302585363 ns, Reaching safepoint: 241209 ns, At safepoint: 12901 ns, Total: 254110 ns
[73.235s][info ][safepoint      ] Safepoint "ICBufferFull", Time since last: 273119286 ns, Reaching safepoint: 169306 ns, At safepoint: 16401 ns, Total: 185707 ns
[73.441s][info ][safepoint      ] Safepoint "ICBufferFull", Time since last: 205850225 ns, Reaching safepoint: 264710 ns, At safepoint: 15000 ns, Total: 279710 ns
[73.736s][info ][safepoint      ] Safepoint "ICBufferFull", Time since last: 294854379 ns, Reaching safepoint: 198307 ns, At safepoint: 3400 ns, Total: 201707 ns
[73.974s][info ][safepoint      ] Safepoint "ICBufferFull", Time since last: 237163370 ns, Reaching safepoint: 272710 ns, At safepoint: 17501 ns, Total: 290211 ns
[74.045s][info ][safepoint      ] Safepoint "ICBufferFull", Time since last: 70834489 ns, Reaching safepoint: 266810 ns, At safepoint: 28401 ns, Total: 295211 ns
[74.112s][info ][safepoint      ] Safepoint "ParallelGCFailedAllocation", Time since last: 66851244 ns, Reaching safepoint: 337012 ns, At safepoint: 29001 ns, Total: 366013 ns
[74.113s][info ][gc,start       ] GC(54) Pause Young (GCLocker Initiated GC)
[74.232s][debug][gc,phases      ] GC(54) Scavenge 118.446ms
[74.232s][debug][gc,ref         ] GC(54) Skipped phase 1 of Reference Processing: no references
[74.232s][debug][gc,ref         ] GC(54) ReferenceProcessor::execute queues: 3, RefProcThreadModel::Multi, marks_oops_alive: false
[74.232s][debug][gc,ref         ] GC(54) Skipped phase 3 of Reference Processing: no references
[74.232s][debug][gc,ref         ] GC(54) ReferenceProcessor::execute queues: 1, RefProcThreadModel::Single, marks_oops_alive: false
[74.232s][debug][gc,phases      ] GC(54) Reference Processing 0.310ms
[74.232s][debug][gc,phases      ] GC(54)   VM Weak                        Min:  0.0, Avg:  0.0, Max:  0.0, Diff:  0.0, Sum:  0.0, Workers: 4
[74.232s][debug][gc,phases      ] GC(54)     Dead                           Min: 0, Avg:  0.0, Max: 0, Diff: 0, Sum: 0, Workers: 4
[74.232s][debug][gc,phases      ] GC(54)     Total                          Min: 0, Avg: 185.0, Max: 420, Diff: 420, Sum: 740, Workers: 4
[74.232s][debug][gc,phases      ] GC(54)   ObjectSynchronizer Weak        Min:  0.0, Avg:  0.0, Max:  0.0, Diff:  0.0, Sum:  0.0, Workers: 4
[74.232s][debug][gc,phases      ] GC(54)     Dead                           Min: 0, Avg:  0.8, Max: 3, Diff: 3, Sum: 3, Workers: 4
[74.232s][debug][gc,phases      ] GC(54)     Total                          Min: 0, Avg: 79.2, Max: 189, Diff: 189, Sum: 317, Workers: 4
[74.232s][debug][gc,phases      ] GC(54)   JVMTI Tag Weak OopStorage      Min:  0.0, Avg:  0.0, Max:  0.0, Diff:  0.0, Sum:  0.0, Workers: 4
[74.232s][debug][gc,phases      ] GC(54)     Dead                           Min: 0, Avg:  0.0, Max: 0, Diff: 0, Sum: 0, Workers: 4
[74.232s][debug][gc,phases      ] GC(54)     Total                          Min: 0, Avg:  0.0, Max: 0, Diff: 0, Sum: 0, Workers: 4
[74.232s][debug][gc,phases      ] GC(54)   StringTable Weak               Min:  0.2, Avg:  0.2, Max:  0.2, Diff:  0.0, Sum:  0.7, Workers: 4
[74.232s][debug][gc,phases      ] GC(54)     Dead                           Min: 0, Avg:  4.2, Max: 15, Diff: 15, Sum: 17, Workers: 4
[74.232s][debug][gc,phases      ] GC(54)     Total                          Min: 11776, Avg: 12121.5, Max: 12326, Diff: 550, Sum: 48486, Workers: 4
[74.232s][debug][gc,phases      ] GC(54)   ResolvedMethodTable Weak       Min:  0.0, Avg:  0.0, Max:  0.0, Diff:  0.0, Sum:  0.1, Workers: 4
[74.232s][debug][gc,phases      ] GC(54)     Dead                           Min: 16, Avg: 36.2, Max: 51, Diff: 35, Sum: 145, Workers: 4
[74.232s][debug][gc,phases      ] GC(54)     Total                          Min: 1792, Avg: 2176.0, Max: 2432, Diff: 640, Sum: 8704, Workers: 4
[74.232s][debug][gc,phases      ] GC(54)   JNI Weak                       Min:  0.0, Avg:  0.0, Max:  0.0, Diff:  0.0, Sum:  0.0, Workers: 4
[74.232s][debug][gc,phases      ] GC(54)     Dead                           Min: 0, Avg:  0.0, Max: 0, Diff: 0, Sum: 0, Workers: 4
[74.232s][debug][gc,phases      ] GC(54)     Total                          Min: 0, Avg:  6.0, Max: 24, Diff: 24, Sum: 24, Workers: 4
[74.232s][debug][gc,phases      ] GC(54)   StringDedup Table Weak         Min:  0.0, Avg:  0.0, Max:  0.0, Diff:  0.0, Sum:  0.0, Workers: 4
[74.232s][debug][gc,phases      ] GC(54)     Dead                           Min: 0, Avg:  0.0, Max: 0, Diff: 0, Sum: 0, Workers: 4
[74.232s][debug][gc,phases      ] GC(54)     Total                          Min: 0, Avg:  0.0, Max: 0, Diff: 0, Sum: 0, Workers: 4
[74.232s][debug][gc,phases      ] GC(54)   StringDedup Requests0 Weak     Min:  0.0, Avg:  0.0, Max:  0.0, Diff:  0.0, Sum:  0.0, Workers: 4
[74.232s][debug][gc,phases      ] GC(54)     Dead                           Min: 0, Avg:  0.0, Max: 0, Diff: 0, Sum: 0, Workers: 4
[74.232s][debug][gc,phases      ] GC(54)     Total                          Min: 0, Avg:  0.0, Max: 0, Diff: 0, Sum: 0, Workers: 4
[74.233s][debug][gc,phases      ] GC(54)   StringDedup Requests1 Weak     Min:  0.0, Avg:  0.0, Max:  0.0, Diff:  0.0, Sum:  0.0, Workers: 4
[74.233s][debug][gc,phases      ] GC(54)     Dead                           Min: 0, Avg:  0.0, Max: 0, Diff: 0, Sum: 0, Workers: 4
[74.233s][debug][gc,phases      ] GC(54)     Total                          Min: 0, Avg:  0.0, Max: 0, Diff: 0, Sum: 0, Workers: 4
[74.233s][debug][gc,phases      ] GC(54)   Weak JFR Old Object Samples    Min:  0.0, Avg:  0.0, Max:  0.0, Diff:  0.0, Sum:  0.0, Workers: 4
[74.233s][debug][gc,phases      ] GC(54)     Dead                           Min: 0, Avg:  0.0, Max: 0, Diff: 0, Sum: 0, Workers: 4
[74.233s][debug][gc,phases      ] GC(54)     Total                          Min: 0, Avg:  0.0, Max: 0, Diff: 0, Sum: 0, Workers: 4
[74.233s][debug][gc,phases      ] GC(54) Weak Processing 0.505ms
[74.233s][debug][gc,age         ] GC(54) Desired survivor size 424148992 bytes, new threshold 15 (max threshold 15)
[74.233s][info ][gc,heap        ] GC(54) PSYoungGen: 1607648K(1696256K)->310438K(1661440K) Eden: 1350656K(1350656K)->0K(1350656K) From: 256992K(345600K)->310438K(310784K)
[74.233s][info ][gc,heap        ] GC(54) ParOldGen: 708474K(929280K)->711674K(929280K)
[74.233s][info ][gc,metaspace   ] GC(54) Metaspace: 83483K(84288K)->83483K(84288K) NonClass: 71514K(71936K)->71514K(71936K) Class: 11968K(12352K)->11968K(12352K)
[74.233s][info ][gc             ] GC(54) Pause Young (GCLocker Initiated GC) 2261M->998M(2530M) 119.388ms
[74.233s][info ][gc,cpu         ] GC(54) User=0.48s Sys=0.00s Real=0.12s
[74.233s][info ][safepoint      ] Safepoint "ParallelGCSystemGC", Time since last: 788129 ns, Reaching safepoint: 94703 ns, At safepoint: 119500569 ns, Total: 119595272 ns
[74.425s][info ][gc,start       ] GC(55) Pause Young (Allocation Failure)
[74.540s][debug][gc,phases      ] GC(55) Scavenge 115.810ms
[74.540s][debug][gc,ref         ] GC(55) Skipped phase 1 of Reference Processing: no references
[74.541s][debug][gc,ref         ] GC(55) ReferenceProcessor::execute queues: 2, RefProcThreadModel::Multi, marks_oops_alive: false
[74.541s][debug][gc,ref         ] GC(55) Skipped phase 3 of Reference Processing: no references
[74.541s][debug][gc,ref         ] GC(55) ReferenceProcessor::execute queues: 1, RefProcThreadModel::Single, marks_oops_alive: false
[74.541s][debug][gc,phases      ] GC(55) Reference Processing 0.249ms
[74.541s][debug][gc,phases      ] GC(55)   VM Weak                        Min:  0.0, Avg:  0.0, Max:  0.0, Diff:  0.0, Sum:  0.0, Workers: 4
[74.541s][debug][gc,phases      ] GC(55)     Dead                           Min: 0, Avg:  0.0, Max: 0, Diff: 0, Sum: 0, Workers: 4
[74.541s][debug][gc,phases      ] GC(55)     Total                          Min: 0, Avg: 185.0, Max: 384, Diff: 384, Sum: 740, Workers: 4
[74.541s][debug][gc,phases      ] GC(55)   ObjectSynchronizer Weak        Min:  0.0, Avg:  0.0, Max:  0.0, Diff:  0.0, Sum:  0.0, Workers: 4
[74.541s][debug][gc,phases      ] GC(55)     Dead                           Min: 0, Avg:  0.0, Max: 0, Diff: 0, Sum: 0, Workers: 4
[74.541s][debug][gc,phases      ] GC(55)     Total                          Min: 61, Avg: 79.2, Max: 128, Diff: 67, Sum: 317, Workers: 4
[74.541s][debug][gc,phases      ] GC(55)   JVMTI Tag Weak OopStorage      Min:  0.0, Avg:  0.0, Max:  0.0, Diff:  0.0, Sum:  0.0, Workers: 4
[74.541s][debug][gc,phases      ] GC(55)     Dead                           Min: 0, Avg:  0.0, Max: 0, Diff: 0, Sum: 0, Workers: 4
[74.541s][debug][gc,phases      ] GC(55)     Total                          Min: 0, Avg:  0.0, Max: 0, Diff: 0, Sum: 0, Workers: 4
[74.541s][debug][gc,phases      ] GC(55)   StringTable Weak               Min:  0.1, Avg:  0.1, Max:  0.2, Diff:  0.0, Sum:  0.6, Workers: 4
[74.541s][debug][gc,phases      ] GC(55)     Dead                           Min: 0, Avg:  0.0, Max: 0, Diff: 0, Sum: 0, Workers: 4
[74.541s][debug][gc,phases      ] GC(55)     Total                          Min: 11456, Avg: 12121.8, Max: 13223, Diff: 1767, Sum: 48487, Workers: 4
[74.541s][debug][gc,phases      ] GC(55)   ResolvedMethodTable Weak       Min:  0.0, Avg:  0.0, Max:  0.0, Diff:  0.0, Sum:  0.1, Workers: 4
[74.541s][debug][gc,phases      ] GC(55)     Dead                           Min: 0, Avg:  0.0, Max: 0, Diff: 0, Sum: 0, Workers: 4
[74.541s][debug][gc,phases      ] GC(55)     Total                          Min: 1472, Avg: 2114.8, Max: 2559, Diff: 1087, Sum: 8459, Workers: 4
[74.541s][debug][gc,phases      ] GC(55)   JNI Weak                       Min:  0.0, Avg:  0.0, Max:  0.0, Diff:  0.0, Sum:  0.0, Workers: 4
[74.541s][debug][gc,phases      ] GC(55)     Dead                           Min: 0, Avg:  0.0, Max: 0, Diff: 0, Sum: 0, Workers: 4
[74.541s][debug][gc,phases      ] GC(55)     Total                          Min: 0, Avg:  8.0, Max: 32, Diff: 32, Sum: 32, Workers: 4
[74.541s][debug][gc,phases      ] GC(55)   StringDedup Table Weak         Min:  0.0, Avg:  0.0, Max:  0.0, Diff:  0.0, Sum:  0.0, Workers: 4
[74.541s][debug][gc,phases      ] GC(55)     Dead                           Min: 0, Avg:  0.0, Max: 0, Diff: 0, Sum: 0, Workers: 4
[74.541s][debug][gc,phases      ] GC(55)     Total                          Min: 0, Avg:  0.0, Max: 0, Diff: 0, Sum: 0, Workers: 4
[74.541s][debug][gc,phases      ] GC(55)   StringDedup Requests0 Weak     Min:  0.0, Avg:  0.0, Max:  0.0, Diff:  0.0, Sum:  0.0, Workers: 4
[74.541s][debug][gc,phases      ] GC(55)     Dead                           Min: 0, Avg:  0.0, Max: 0, Diff: 0, Sum: 0, Workers: 4
[74.541s][debug][gc,phases      ] GC(55)     Total                          Min: 0, Avg:  0.0, Max: 0, Diff: 0, Sum: 0, Workers: 4
[74.541s][debug][gc,phases      ] GC(55)   StringDedup Requests1 Weak     Min:  0.0, Avg:  0.0, Max:  0.0, Diff:  0.0, Sum:  0.0, Workers: 4
[74.541s][debug][gc,phases      ] GC(55)     Dead                           Min: 0, Avg:  0.0, Max: 0, Diff: 0, Sum: 0, Workers: 4
[74.541s][debug][gc,phases      ] GC(55)     Total                          Min: 0, Avg:  0.0, Max: 0, Diff: 0, Sum: 0, Workers: 4
[74.541s][debug][gc,phases      ] GC(55)   Weak JFR Old Object Samples    Min:  0.0, Avg:  0.0, Max:  0.0, Diff:  0.0, Sum:  0.0, Workers: 4
[74.541s][debug][gc,phases      ] GC(55)     Dead                           Min: 0, Avg:  0.0, Max: 0, Diff: 0, Sum: 0, Workers: 4
[74.541s][debug][gc,phases      ] GC(55)     Total                          Min: 0, Avg:  0.0, Max: 0, Diff: 0, Sum: 0, Workers: 4
[74.541s][debug][gc,phases      ] GC(55) Weak Processing 0.391ms
[74.541s][debug][gc,age         ] GC(55) Desired survivor size 463994880 bytes, new threshold 15 (max threshold 15)
[74.541s][info ][gc,heap        ] GC(55) PSYoungGen: 1661094K(1661440K)->329091K(1605120K) Eden: 1350656K(1350656K)->0K(1190912K) From: 310438K(310784K)->329091K(414208K)
[74.541s][info ][gc,heap        ] GC(55) ParOldGen: 712143K(929280K)->716279K(929280K)
[74.541s][info ][gc,metaspace   ] GC(55) Metaspace: 83488K(84352K)->83488K(84352K) NonClass: 71520K(72000K)->71520K(72000K) Class: 11968K(12352K)->11968K(12352K)
[74.541s][info ][gc             ] GC(55) Pause Young (Allocation Failure) 2317M->1020M(2475M) 116.608ms
[74.541s][info ][gc,cpu         ] GC(55) User=0.46s Sys=0.00s Real=0.12s
[74.541s][info ][safepoint      ] Safepoint "ParallelGCFailedAllocation", Time since last: 186495016 ns, Reaching safepoint: 5347396 ns, At safepoint: 116718666 ns, Total: 122066062 ns
[75.021s][info ][gc,start       ] GC(56) Pause Young (Allocation Failure)
[75.153s][debug][gc,phases      ] GC(56) Scavenge 131.804ms
[75.153s][debug][gc,ref         ] GC(56) Skipped phase 1 of Reference Processing: no references
[75.153s][debug][gc,ref         ] GC(56) ReferenceProcessor::execute queues: 2, RefProcThreadModel::Multi, marks_oops_alive: false
[75.153s][debug][gc,ref         ] GC(56) Skipped phase 3 of Reference Processing: no references
[75.153s][debug][gc,ref         ] GC(56) ReferenceProcessor::execute queues: 1, RefProcThreadModel::Single, marks_oops_alive: false
[75.153s][debug][gc,phases      ] GC(56) Reference Processing 0.351ms
[75.153s][debug][gc,phases      ] GC(56)   VM Weak                        Min:  0.0, Avg:  0.0, Max:  0.0, Diff:  0.0, Sum:  0.0, Workers: 4
[75.153s][debug][gc,phases      ] GC(56)     Dead                           Min: 0, Avg:  0.0, Max: 0, Diff: 0, Sum: 0, Workers: 4
[75.153s][debug][gc,phases      ] GC(56)     Total                          Min: 0, Avg: 186.0, Max: 616, Diff: 616, Sum: 744, Workers: 4
[75.153s][debug][gc,phases      ] GC(56)   ObjectSynchronizer Weak        Min:  0.0, Avg:  0.0, Max:  0.0, Diff:  0.0, Sum:  0.0, Workers: 4
[75.153s][debug][gc,phases      ] GC(56)     Dead                           Min: 0, Avg:  0.0, Max: 0, Diff: 0, Sum: 0, Workers: 4
[75.153s][debug][gc,phases      ] GC(56)     Total                          Min: 64, Avg: 96.8, Max: 131, Diff: 67, Sum: 387, Workers: 4
[75.153s][debug][gc,phases      ] GC(56)   JVMTI Tag Weak OopStorage      Min:  0.0, Avg:  0.0, Max:  0.0, Diff:  0.0, Sum:  0.0, Workers: 4
[75.153s][debug][gc,phases      ] GC(56)     Dead                           Min: 0, Avg:  0.0, Max: 0, Diff: 0, Sum: 0, Workers: 4
[75.153s][debug][gc,phases      ] GC(56)     Total                          Min: 0, Avg:  0.0, Max: 0, Diff: 0, Sum: 0, Workers: 4
[75.153s][debug][gc,phases      ] GC(56)   StringTable Weak               Min:  0.2, Avg:  0.2, Max:  0.2, Diff:  0.0, Sum:  0.6, Workers: 4
[75.153s][debug][gc,phases      ] GC(56)     Dead                           Min: 0, Avg:  0.5, Max: 1, Diff: 1, Sum: 2, Workers: 4
[75.153s][debug][gc,phases      ] GC(56)     Total                          Min: 11136, Avg: 12130.8, Max: 13055, Diff: 1919, Sum: 48523, Workers: 4
[75.153s][debug][gc,phases      ] GC(56)   ResolvedMethodTable Weak       Min:  0.0, Avg:  0.0, Max:  0.0, Diff:  0.0, Sum:  0.1, Workers: 4
[75.154s][debug][gc,phases      ] GC(56)     Dead                           Min: 0, Avg:  2.5, Max: 5, Diff: 5, Sum: 10, Workers: 4
[75.154s][debug][gc,phases      ] GC(56)     Total                          Min: 1776, Avg: 2130.8, Max: 2416, Diff: 640, Sum: 8523, Workers: 4
[75.154s][debug][gc,phases      ] GC(56)   JNI Weak                       Min:  0.0, Avg:  0.0, Max:  0.0, Diff:  0.0, Sum:  0.0, Workers: 4
[75.154s][debug][gc,phases      ] GC(56)     Dead                           Min: 0, Avg:  0.0, Max: 0, Diff: 0, Sum: 0, Workers: 4
[75.154s][debug][gc,phases      ] GC(56)     Total                          Min: 0, Avg:  4.0, Max: 16, Diff: 16, Sum: 16, Workers: 4
[75.154s][debug][gc,phases      ] GC(56)   StringDedup Table Weak         Min:  0.0, Avg:  0.0, Max:  0.0, Diff:  0.0, Sum:  0.0, Workers: 4
[75.154s][debug][gc,phases      ] GC(56)     Dead                           Min: 0, Avg:  0.0, Max: 0, Diff: 0, Sum: 0, Workers: 4
[75.154s][debug][gc,phases      ] GC(56)     Total                          Min: 0, Avg:  0.0, Max: 0, Diff: 0, Sum: 0, Workers: 4
[75.154s][debug][gc,phases      ] GC(56)   StringDedup Requests0 Weak     Min:  0.0, Avg:  0.0, Max:  0.0, Diff:  0.0, Sum:  0.0, Workers: 4
[75.154s][debug][gc,phases      ] GC(56)     Dead                           Min: 0, Avg:  0.0, Max: 0, Diff: 0, Sum: 0, Workers: 4
[75.154s][debug][gc,phases      ] GC(56)     Total                          Min: 0, Avg:  0.0, Max: 0, Diff: 0, Sum: 0, Workers: 4
[75.154s][debug][gc,phases      ] GC(56)   StringDedup Requests1 Weak     Min:  0.0, Avg:  0.0, Max:  0.0, Diff:  0.0, Sum:  0.0, Workers: 4
[75.154s][debug][gc,phases      ] GC(56)     Dead                           Min: 0, Avg:  0.0, Max: 0, Diff: 0, Sum: 0, Workers: 4
[75.154s][debug][gc,phases      ] GC(56)     Total                          Min: 0, Avg:  0.0, Max: 0, Diff: 0, Sum: 0, Workers: 4
[75.154s][debug][gc,phases      ] GC(56)   Weak JFR Old Object Samples    Min:  0.0, Avg:  0.0, Max:  0.0, Diff:  0.0, Sum:  0.0, Workers: 4
[75.154s][debug][gc,phases      ] GC(56)     Dead                           Min: 0, Avg:  0.0, Max: 0, Diff: 0, Sum: 0, Workers: 4
[75.154s][debug][gc,phases      ] GC(56)     Total                          Min: 0, Avg:  0.0, Max: 0, Diff: 0, Sum: 0, Workers: 4
[75.154s][debug][gc,phases      ] GC(56) Weak Processing 0.402ms
[75.154s][debug][gc,age         ] GC(56) Desired survivor size 508559360 bytes, new threshold 15 (max threshold 15)
[75.154s][info ][gc,heap        ] GC(56) PSYoungGen: 1520003K(1605120K)->365105K(1556480K) Eden: 1190912K(1190912K)->0K(1190912K) From: 329091K(414208K)->365105K(365568K)
[75.154s][info ][gc,heap        ] GC(56) ParOldGen: 716279K(929280K)->720047K(929280K)
[75.154s][info ][gc,metaspace   ] GC(56) Metaspace: 83612K(84544K)->83612K(84544K) NonClass: 71611K(72128K)->71611K(72128K) Class: 12001K(12416K)->12001K(12416K)
[75.154s][info ][gc             ] GC(56) Pause Young (Allocation Failure) 2183M->1059M(2427M) 132.724ms
[75.154s][info ][gc,cpu         ] GC(56) User=0.52s Sys=0.01s Real=0.13s
[75.154s][info ][safepoint      ] Safepoint "ParallelGCFailedAllocation", Time since last: 479383921 ns, Reaching safepoint: 257009 ns, At safepoint: 132841355 ns, Total: 133098364 ns
[75.330s][info ][gc,start       ] GC(57) Pause Young (Allocation Failure)
[75.456s][debug][gc,phases      ] GC(57) Scavenge 125.450ms
[75.456s][debug][gc,ref         ] GC(57) Skipped phase 1 of Reference Processing: no references
[75.456s][debug][gc,ref         ] GC(57) ReferenceProcessor::execute queues: 2, RefProcThreadModel::Multi, marks_oops_alive: false
[75.456s][debug][gc,ref         ] GC(57) Skipped phase 3 of Reference Processing: no references
[75.456s][debug][gc,ref         ] GC(57) ReferenceProcessor::execute queues: 1, RefProcThreadModel::Single, marks_oops_alive: false
[75.456s][debug][gc,phases      ] GC(57) Reference Processing 0.363ms
[75.457s][debug][gc,phases      ] GC(57)   VM Weak                        Min:  0.0, Avg:  0.0, Max:  0.0, Diff:  0.0, Sum:  0.0, Workers: 4
[75.457s][debug][gc,phases      ] GC(57)     Dead                           Min: 0, Avg:  0.0, Max: 0, Diff: 0, Sum: 0, Workers: 4
[75.457s][debug][gc,phases      ] GC(57)     Total                          Min: 0, Avg: 186.0, Max: 384, Diff: 384, Sum: 744, Workers: 4
[75.457s][debug][gc,phases      ] GC(57)   ObjectSynchronizer Weak        Min:  0.0, Avg:  0.0, Max:  0.0, Diff:  0.0, Sum:  0.0, Workers: 4
[75.457s][debug][gc,phases      ] GC(57)     Dead                           Min: 0, Avg:  3.5, Max: 12, Diff: 12, Sum: 14, Workers: 4
[75.457s][debug][gc,phases      ] GC(57)     Total                          Min: 36, Avg: 153.0, Max: 320, Diff: 284, Sum: 612, Workers: 4
[75.457s][debug][gc,phases      ] GC(57)   JVMTI Tag Weak OopStorage      Min:  0.0, Avg:  0.0, Max:  0.0, Diff:  0.0, Sum:  0.0, Workers: 4
[75.457s][debug][gc,phases      ] GC(57)     Dead                           Min: 0, Avg:  0.0, Max: 0, Diff: 0, Sum: 0, Workers: 4
[75.457s][debug][gc,phases      ] GC(57)     Total                          Min: 0, Avg:  0.0, Max: 0, Diff: 0, Sum: 0, Workers: 4
[75.457s][debug][gc,phases      ] GC(57)   StringTable Weak               Min:  0.2, Avg:  0.2, Max:  0.2, Diff:  0.0, Sum:  0.7, Workers: 4
[75.457s][debug][gc,phases      ] GC(57)     Dead                           Min: 0, Avg:  0.0, Max: 0, Diff: 0, Sum: 0, Workers: 4
[75.457s][debug][gc,phases      ] GC(57)     Total                          Min: 11008, Avg: 12131.2, Max: 13069, Diff: 2061, Sum: 48525, Workers: 4
[75.457s][debug][gc,phases      ] GC(57)   ResolvedMethodTable Weak       Min:  0.0, Avg:  0.0, Max:  0.0, Diff:  0.0, Sum:  0.1, Workers: 4
[75.457s][debug][gc,phases      ] GC(57)     Dead                           Min: 0, Avg:  0.0, Max: 0, Diff: 0, Sum: 0, Workers: 4
[75.457s][debug][gc,phases      ] GC(57)     Total                          Min: 1905, Avg: 2131.2, Max: 2223, Diff: 318, Sum: 8525, Workers: 4
[75.457s][debug][gc,phases      ] GC(57)   JNI Weak                       Min:  0.0, Avg:  0.0, Max:  0.0, Diff:  0.0, Sum:  0.0, Workers: 4
[75.457s][debug][gc,phases      ] GC(57)     Dead                           Min: 0, Avg:  0.0, Max: 0, Diff: 0, Sum: 0, Workers: 4
[75.457s][debug][gc,phases      ] GC(57)     Total                          Min: 0, Avg:  5.2, Max: 21, Diff: 21, Sum: 21, Workers: 4
[75.457s][debug][gc,phases      ] GC(57)   StringDedup Table Weak         Min:  0.0, Avg:  0.0, Max:  0.0, Diff:  0.0, Sum:  0.0, Workers: 4
[75.457s][debug][gc,phases      ] GC(57)     Dead                           Min: 0, Avg:  0.0, Max: 0, Diff: 0, Sum: 0, Workers: 4
[75.457s][debug][gc,phases      ] GC(57)     Total                          Min: 0, Avg:  0.0, Max: 0, Diff: 0, Sum: 0, Workers: 4
[75.457s][debug][gc,phases      ] GC(57)   StringDedup Requests0 Weak     Min:  0.0, Avg:  0.0, Max:  0.0, Diff:  0.0, Sum:  0.0, Workers: 4
[75.457s][debug][gc,phases      ] GC(57)     Dead                           Min: 0, Avg:  0.0, Max: 0, Diff: 0, Sum: 0, Workers: 4
[75.457s][debug][gc,phases      ] GC(57)     Total                          Min: 0, Avg:  0.0, Max: 0, Diff: 0, Sum: 0, Workers: 4
[75.457s][debug][gc,phases      ] GC(57)   StringDedup Requests1 Weak     Min:  0.0, Avg:  0.0, Max:  0.0, Diff:  0.0, Sum:  0.0, Workers: 4
[75.457s][debug][gc,phases      ] GC(57)     Dead                           Min: 0, Avg:  0.0, Max: 0, Diff: 0, Sum: 0, Workers: 4
[75.457s][debug][gc,phases      ] GC(57)     Total                          Min: 0, Avg:  0.0, Max: 0, Diff: 0, Sum: 0, Workers: 4
[75.457s][debug][gc,phases      ] GC(57)   Weak JFR Old Object Samples    Min:  0.0, Avg:  0.0, Max:  0.0, Diff:  0.0, Sum:  0.0, Workers: 4
[75.457s][debug][gc,phases      ] GC(57)     Dead                           Min: 0, Avg:  0.0, Max: 0, Diff: 0, Sum: 0, Workers: 4
[75.457s][debug][gc,phases      ] GC(57)     Total                          Min: 0, Avg:  0.0, Max: 0, Diff: 0, Sum: 0, Workers: 4
[75.457s][debug][gc,phases      ] GC(57) Weak Processing 0.457ms
[75.457s][debug][gc,age         ] GC(57) Desired survivor size 536870912 bytes, new threshold 14 (max threshold 15)
[75.457s][info ][gc,heap        ] GC(57) PSYoungGen: 1556017K(1556480K)->364378K(1545216K) Eden: 1190912K(1190912K)->0K(1048576K) From: 365105K(365568K)->364378K(496640K)
[75.457s][info ][gc,heap        ] GC(57) ParOldGen: 720047K(929280K)->723119K(929280K)
[75.457s][info ][gc,metaspace   ] GC(57) Metaspace: 83627K(84544K)->83627K(84544K) NonClass: 71625K(72128K)->71625K(72128K) Class: 12002K(12416K)->12002K(12416K)
[75.457s][info ][gc             ] GC(57) Pause Young (Allocation Failure) 2222M->1062M(2416M) 126.480ms
[75.457s][info ][gc,cpu         ] GC(57) User=0.51s Sys=0.00s Real=0.13s
[75.457s][info ][safepoint      ] Safepoint "ParallelGCFailedAllocation", Time since last: 176478950 ns, Reaching safepoint: 137705 ns, At safepoint: 126593326 ns, Total: 126731031 ns
[75.662s][info ][gc,start       ] GC(58) Pause Young (Allocation Failure)
[75.781s][debug][gc,phases      ] GC(58) Scavenge 119.476ms
[75.781s][debug][gc,ref         ] GC(58) Skipped phase 1 of Reference Processing: no references
[75.781s][debug][gc,ref         ] GC(58) ReferenceProcessor::execute queues: 2, RefProcThreadModel::Multi, marks_oops_alive: false
[75.782s][debug][gc,ref         ] GC(58) Skipped phase 3 of Reference Processing: no references
[75.782s][debug][gc,ref         ] GC(58) ReferenceProcessor::execute queues: 1, RefProcThreadModel::Single, marks_oops_alive: false
[75.782s][debug][gc,phases      ] GC(58) Reference Processing 0.301ms
[75.782s][debug][gc,phases      ] GC(58)   VM Weak                        Min:  0.0, Avg:  0.0, Max:  0.0, Diff:  0.0, Sum:  0.0, Workers: 4
[75.782s][debug][gc,phases      ] GC(58)     Dead                           Min: 0, Avg:  0.0, Max: 0, Diff: 0, Sum: 0, Workers: 4
[75.782s][debug][gc,phases      ] GC(58)     Total                          Min: 0, Avg: 186.0, Max: 680, Diff: 680, Sum: 744, Workers: 4
[75.782s][debug][gc,phases      ] GC(58)   ObjectSynchronizer Weak        Min:  0.0, Avg:  0.0, Max:  0.0, Diff:  0.0, Sum:  0.0, Workers: 4
[75.782s][debug][gc,phases      ] GC(58)     Dead                           Min: 0, Avg:  3.5, Max: 6, Diff: 6, Sum: 14, Workers: 4
[75.782s][debug][gc,phases      ] GC(58)     Total                          Min: 64, Avg: 256.2, Max: 448, Diff: 384, Sum: 1025, Workers: 4
[75.782s][debug][gc,phases      ] GC(58)   JVMTI Tag Weak OopStorage      Min:  0.0, Avg:  0.0, Max:  0.0, Diff:  0.0, Sum:  0.0, Workers: 4
[75.782s][debug][gc,phases      ] GC(58)     Dead                           Min: 0, Avg:  0.0, Max: 0, Diff: 0, Sum: 0, Workers: 4
[75.782s][debug][gc,phases      ] GC(58)     Total                          Min: 0, Avg:  0.0, Max: 0, Diff: 0, Sum: 0, Workers: 4
[75.782s][debug][gc,phases      ] GC(58)   StringTable Weak               Min:  0.1, Avg:  0.1, Max:  0.1, Diff:  0.0, Sum:  0.6, Workers: 4
[75.782s][debug][gc,phases      ] GC(58)     Dead                           Min: 0, Avg:  0.0, Max: 0, Diff: 0, Sum: 0, Workers: 4
[75.782s][debug][gc,phases      ] GC(58)     Total                          Min: 11664, Avg: 12132.0, Max: 12672, Diff: 1008, Sum: 48528, Workers: 4
[75.782s][debug][gc,phases      ] GC(58)   ResolvedMethodTable Weak       Min:  0.0, Avg:  0.0, Max:  0.0, Diff:  0.0, Sum:  0.1, Workers: 4
[75.782s][debug][gc,phases      ] GC(58)     Dead                           Min: 0, Avg:  0.2, Max: 1, Diff: 1, Sum: 1, Workers: 4
[75.782s][debug][gc,phases      ] GC(58)     Total                          Min: 1905, Avg: 2132.8, Max: 2271, Diff: 366, Sum: 8531, Workers: 4
[75.782s][debug][gc,phases      ] GC(58)   JNI Weak                       Min:  0.0, Avg:  0.0, Max:  0.0, Diff:  0.0, Sum:  0.0, Workers: 4
[75.782s][debug][gc,phases      ] GC(58)     Dead                           Min: 0, Avg:  0.0, Max: 0, Diff: 0, Sum: 0, Workers: 4
[75.782s][debug][gc,phases      ] GC(58)     Total                          Min: 0, Avg:  6.8, Max: 27, Diff: 27, Sum: 27, Workers: 4
[75.782s][debug][gc,phases      ] GC(58)   StringDedup Table Weak         Min:  0.0, Avg:  0.0, Max:  0.0, Diff:  0.0, Sum:  0.0, Workers: 4
[75.782s][debug][gc,phases      ] GC(58)     Dead                           Min: 0, Avg:  0.0, Max: 0, Diff: 0, Sum: 0, Workers: 4
[75.782s][debug][gc,phases      ] GC(58)     Total                          Min: 0, Avg:  0.0, Max: 0, Diff: 0, Sum: 0, Workers: 4
[75.782s][debug][gc,phases      ] GC(58)   StringDedup Requests0 Weak     Min:  0.0, Avg:  0.0, Max:  0.0, Diff:  0.0, Sum:  0.0, Workers: 4
[75.782s][debug][gc,phases      ] GC(58)     Dead                           Min: 0, Avg:  0.0, Max: 0, Diff: 0, Sum: 0, Workers: 4
[75.782s][debug][gc,phases      ] GC(58)     Total                          Min: 0, Avg:  0.0, Max: 0, Diff: 0, Sum: 0, Workers: 4
[75.782s][debug][gc,phases      ] GC(58)   StringDedup Requests1 Weak     Min:  0.0, Avg:  0.0, Max:  0.0, Diff:  0.0, Sum:  0.0, Workers: 4
[75.782s][debug][gc,phases      ] GC(58)     Dead                           Min: 0, Avg:  0.0, Max: 0, Diff: 0, Sum: 0, Workers: 4
[75.782s][debug][gc,phases      ] GC(58)     Total                          Min: 0, Avg:  0.0, Max: 0, Diff: 0, Sum: 0, Workers: 4
[75.782s][debug][gc,phases      ] GC(58)   Weak JFR Old Object Samples    Min:  0.0, Avg:  0.0, Max:  0.0, Diff:  0.0, Sum:  0.0, Workers: 4
[75.782s][debug][gc,phases      ] GC(58)     Dead                           Min: 0, Avg:  0.0, Max: 0, Diff: 0, Sum: 0, Workers: 4
[75.782s][debug][gc,phases      ] GC(58)     Total                          Min: 0, Avg:  0.0, Max: 0, Diff: 0, Sum: 0, Workers: 4
[75.782s][debug][gc,phases      ] GC(58) Weak Processing 0.377ms
[75.782s][debug][gc,age         ] GC(58) Desired survivor size 536870912 bytes, new threshold 13 (max threshold 15)
[75.782s][info ][gc,heap        ] GC(58) PSYoungGen: 1412954K(1545216K)->361216K(1572864K) Eden: 1048576K(1048576K)->0K(1048576K) From: 364378K(496640K)->361216K(524288K)
[75.782s][info ][gc,heap        ] GC(58) ParOldGen: 723119K(929280K)->732172K(929280K)
[75.782s][info ][gc,metaspace   ] GC(58) Metaspace: 83649K(84544K)->83649K(84544K) NonClass: 71642K(72128K)->71642K(72128K) Class: 12007K(12416K)->12007K(12416K)
[75.782s][info ][gc             ] GC(58) Pause Young (Allocation Failure) 2086M->1067M(2443M) 120.311ms
[75.782s][info ][gc,cpu         ] GC(58) User=0.49s Sys=0.00s Real=0.12s
[75.782s][info ][safepoint      ] Safepoint "ParallelGCFailedAllocation", Time since last: 204658678 ns, Reaching safepoint: 140506 ns, At safepoint: 120425100 ns, Total: 120565606 ns
[75.975s][info ][gc,start       ] GC(59) Pause Young (Allocation Failure)
[76.105s][debug][gc,phases      ] GC(59) Scavenge 129.003ms
[76.105s][debug][gc,ref         ] GC(59) Skipped phase 1 of Reference Processing: no references
[76.105s][debug][gc,ref         ] GC(59) ReferenceProcessor::execute queues: 2, RefProcThreadModel::Multi, marks_oops_alive: false
[76.105s][debug][gc,ref         ] GC(59) Skipped phase 3 of Reference Processing: no references
[76.105s][debug][gc,ref         ] GC(59) ReferenceProcessor::execute queues: 1, RefProcThreadModel::Single, marks_oops_alive: false
[76.105s][debug][gc,phases      ] GC(59) Reference Processing 0.358ms
[76.105s][debug][gc,phases      ] GC(59)   VM Weak                        Min:  0.0, Avg:  0.0, Max:  0.0, Diff:  0.0, Sum:  0.0, Workers: 4
[76.105s][debug][gc,phases      ] GC(59)     Dead                           Min: 0, Avg:  0.0, Max: 0, Diff: 0, Sum: 0, Workers: 4
[76.105s][debug][gc,phases      ] GC(59)     Total                          Min: 0, Avg: 186.0, Max: 360, Diff: 360, Sum: 744, Workers: 4
[76.105s][debug][gc,phases      ] GC(59)   ObjectSynchronizer Weak        Min:  0.0, Avg:  0.0, Max:  0.0, Diff:  0.0, Sum:  0.1, Workers: 4
[76.105s][debug][gc,phases      ] GC(59)     Dead                           Min: 0, Avg:  1.5, Max: 5, Diff: 5, Sum: 6, Workers: 4
[76.105s][debug][gc,phases      ] GC(59)     Total                          Min: 0, Avg: 314.0, Max: 616, Diff: 616, Sum: 1256, Workers: 4
[76.105s][debug][gc,phases      ] GC(59)   JVMTI Tag Weak OopStorage      Min:  0.0, Avg:  0.0, Max:  0.0, Diff:  0.0, Sum:  0.0, Workers: 4
[76.105s][debug][gc,phases      ] GC(59)     Dead                           Min: 0, Avg:  0.0, Max: 0, Diff: 0, Sum: 0, Workers: 4
[76.105s][debug][gc,phases      ] GC(59)     Total                          Min: 0, Avg:  0.0, Max: 0, Diff: 0, Sum: 0, Workers: 4
[76.105s][debug][gc,phases      ] GC(59)   StringTable Weak               Min:  0.1, Avg:  0.2, Max:  0.2, Diff:  0.1, Sum:  0.7, Workers: 4
[76.105s][debug][gc,phases      ] GC(59)     Dead                           Min: 0, Avg:  0.0, Max: 0, Diff: 0, Sum: 0, Workers: 4
[76.105s][debug][gc,phases      ] GC(59)     Total                          Min: 2709, Avg: 12133.2, Max: 16128, Diff: 13419, Sum: 48533, Workers: 4
[76.105s][debug][gc,phases      ] GC(59)   ResolvedMethodTable Weak       Min:  0.0, Avg:  0.0, Max:  0.0, Diff:  0.0, Sum:  0.2, Workers: 4
[76.105s][debug][gc,phases      ] GC(59)     Dead                           Min: 0, Avg:  0.0, Max: 0, Diff: 0, Sum: 0, Workers: 4
[76.105s][debug][gc,phases      ] GC(59)     Total                          Min: 1987, Avg: 2132.8, Max: 2224, Diff: 237, Sum: 8531, Workers: 4
[76.105s][debug][gc,phases      ] GC(59)   JNI Weak                       Min:  0.0, Avg:  0.0, Max:  0.0, Diff:  0.0, Sum:  0.0, Workers: 4
[76.105s][debug][gc,phases      ] GC(59)     Dead                           Min: 0, Avg:  0.0, Max: 0, Diff: 0, Sum: 0, Workers: 4
[76.105s][debug][gc,phases      ] GC(59)     Total                          Min: 0, Avg:  5.2, Max: 21, Diff: 21, Sum: 21, Workers: 4
[76.105s][debug][gc,phases      ] GC(59)   StringDedup Table Weak         Min:  0.0, Avg:  0.0, Max:  0.0, Diff:  0.0, Sum:  0.0, Workers: 4
[76.105s][debug][gc,phases      ] GC(59)     Dead                           Min: 0, Avg:  0.0, Max: 0, Diff: 0, Sum: 0, Workers: 4
[76.105s][debug][gc,phases      ] GC(59)     Total                          Min: 0, Avg:  0.0, Max: 0, Diff: 0, Sum: 0, Workers: 4
[76.105s][debug][gc,phases      ] GC(59)   StringDedup Requests0 Weak     Min:  0.0, Avg:  0.0, Max:  0.0, Diff:  0.0, Sum:  0.0, Workers: 4
[76.105s][debug][gc,phases      ] GC(59)     Dead                           Min: 0, Avg:  0.0, Max: 0, Diff: 0, Sum: 0, Workers: 4
[76.105s][debug][gc,phases      ] GC(59)     Total                          Min: 0, Avg:  0.0, Max: 0, Diff: 0, Sum: 0, Workers: 4
[76.105s][debug][gc,phases      ] GC(59)   StringDedup Requests1 Weak     Min:  0.0, Avg:  0.0, Max:  0.0, Diff:  0.0, Sum:  0.0, Workers: 4
[76.105s][debug][gc,phases      ] GC(59)     Dead                           Min: 0, Avg:  0.0, Max: 0, Diff: 0, Sum: 0, Workers: 4
[76.105s][debug][gc,phases      ] GC(59)     Total                          Min: 0, Avg:  0.0, Max: 0, Diff: 0, Sum: 0, Workers: 4
[76.105s][debug][gc,phases      ] GC(59)   Weak JFR Old Object Samples    Min:  0.0, Avg:  0.0, Max:  0.0, Diff:  0.0, Sum:  0.0, Workers: 4
[76.105s][debug][gc,phases      ] GC(59)     Dead                           Min: 0, Avg:  0.0, Max: 0, Diff: 0, Sum: 0, Workers: 4
[76.105s][debug][gc,phases      ] GC(59)     Total                          Min: 0, Avg:  0.0, Max: 0, Diff: 0, Sum: 0, Workers: 4
[76.105s][debug][gc,phases      ] GC(59) Weak Processing 0.534ms
[76.106s][debug][gc,age         ] GC(59) Desired survivor size 536870912 bytes, new threshold 12 (max threshold 15)
[76.106s][info ][gc,heap        ] GC(59) PSYoungGen: 1409792K(1572864K)->289243K(1572864K) Eden: 1048576K(1048576K)->0K(1048576K) From: 361216K(524288K)->289243K(524288K)
[76.106s][info ][gc,heap        ] GC(59) ParOldGen: 732172K(929280K)->809024K(929280K)
[76.106s][info ][gc,metaspace   ] GC(59) Metaspace: 83655K(84544K)->83655K(84544K) NonClass: 71647K(72128K)->71647K(72128K) Class: 12007K(12416K)->12007K(12416K)
[76.106s][info ][gc             ] GC(59) Pause Young (Allocation Failure) 2091M->1072M(2443M) 130.077ms
[76.106s][info ][gc,cpu         ] GC(59) User=0.49s Sys=0.02s Real=0.13s
[76.106s][info ][safepoint      ] Safepoint "ParallelGCFailedAllocation", Time since last: 193103856 ns, Reaching safepoint: 210508 ns, At safepoint: 130191057 ns, Total: 130401565 ns
[76.238s][info ][gc,start       ] GC(60) Pause Young (Allocation Failure)
[76.331s][debug][gc,phases      ] GC(60) Scavenge 93.407ms
[76.331s][debug][gc,ref         ] GC(60) Skipped phase 1 of Reference Processing: no references
[76.331s][debug][gc,ref         ] GC(60) ReferenceProcessor::execute queues: 1, RefProcThreadModel::Single, marks_oops_alive: false
[76.331s][debug][gc,ref         ] GC(60) Skipped phase 3 of Reference Processing: no references
[76.332s][debug][gc,ref         ] GC(60) ReferenceProcessor::execute queues: 1, RefProcThreadModel::Single, marks_oops_alive: false
[76.332s][debug][gc,phases      ] GC(60) Reference Processing 0.197ms
[76.332s][debug][gc,phases      ] GC(60)   VM Weak                        Min:  0.0, Avg:  0.0, Max:  0.0, Diff:  0.0, Sum:  0.0, Workers: 4
[76.332s][debug][gc,phases      ] GC(60)     Dead                           Min: 0, Avg:  0.0, Max: 0, Diff: 0, Sum: 0, Workers: 4
[76.332s][debug][gc,phases      ] GC(60)     Total                          Min: 0, Avg: 186.0, Max: 680, Diff: 680, Sum: 744, Workers: 4
[76.332s][debug][gc,phases      ] GC(60)   ObjectSynchronizer Weak        Min:  0.0, Avg:  0.0, Max:  0.0, Diff:  0.0, Sum:  0.1, Workers: 4
[76.332s][debug][gc,phases      ] GC(60)     Dead                           Min: 0, Avg:  0.0, Max: 0, Diff: 0, Sum: 0, Workers: 4
[76.332s][debug][gc,phases      ] GC(60)     Total                          Min: 192, Avg: 314.0, Max: 576, Diff: 384, Sum: 1256, Workers: 4
[76.332s][debug][gc,phases      ] GC(60)   JVMTI Tag Weak OopStorage      Min:  0.0, Avg:  0.0, Max:  0.0, Diff:  0.0, Sum:  0.0, Workers: 4
[76.332s][debug][gc,phases      ] GC(60)     Dead                           Min: 0, Avg:  0.0, Max: 0, Diff: 0, Sum: 0, Workers: 4
[76.332s][debug][gc,phases      ] GC(60)     Total                          Min: 0, Avg:  0.0, Max: 0, Diff: 0, Sum: 0, Workers: 4
[76.332s][debug][gc,phases      ] GC(60)   StringTable Weak               Min:  0.2, Avg:  0.2, Max:  0.2, Diff:  0.0, Sum:  0.6, Workers: 4
[76.332s][debug][gc,phases      ] GC(60)     Dead                           Min: 0, Avg:  0.0, Max: 0, Diff: 0, Sum: 0, Workers: 4
[76.332s][debug][gc,phases      ] GC(60)     Total                          Min: 10240, Avg: 12133.2, Max: 13312, Diff: 3072, Sum: 48533, Workers: 4
[76.332s][debug][gc,phases      ] GC(60)   ResolvedMethodTable Weak       Min:  0.0, Avg:  0.0, Max:  0.0, Diff:  0.0, Sum:  0.1, Workers: 4
[76.332s][debug][gc,phases      ] GC(60)     Dead                           Min: 0, Avg:  0.0, Max: 0, Diff: 0, Sum: 0, Workers: 4
[76.332s][debug][gc,phases      ] GC(60)     Total                          Min: 1745, Avg: 2132.8, Max: 2545, Diff: 800, Sum: 8531, Workers: 4
[76.332s][debug][gc,phases      ] GC(60)   JNI Weak                       Min:  0.0, Avg:  0.0, Max:  0.0, Diff:  0.0, Sum:  0.0, Workers: 4
[76.332s][debug][gc,phases      ] GC(60)     Dead                           Min: 0, Avg:  0.0, Max: 0, Diff: 0, Sum: 0, Workers: 4
[76.332s][debug][gc,phases      ] GC(60)     Total                          Min: 0, Avg:  5.5, Max: 22, Diff: 22, Sum: 22, Workers: 4
[76.332s][debug][gc,phases      ] GC(60)   StringDedup Table Weak         Min:  0.0, Avg:  0.0, Max:  0.0, Diff:  0.0, Sum:  0.0, Workers: 4
[76.332s][debug][gc,phases      ] GC(60)     Dead                           Min: 0, Avg:  0.0, Max: 0, Diff: 0, Sum: 0, Workers: 4
[76.332s][debug][gc,phases      ] GC(60)     Total                          Min: 0, Avg:  0.0, Max: 0, Diff: 0, Sum: 0, Workers: 4
[76.332s][debug][gc,phases      ] GC(60)   StringDedup Requests0 Weak     Min:  0.0, Avg:  0.0, Max:  0.0, Diff:  0.0, Sum:  0.0, Workers: 4
[76.332s][debug][gc,phases      ] GC(60)     Dead                           Min: 0, Avg:  0.0, Max: 0, Diff: 0, Sum: 0, Workers: 4
[76.332s][debug][gc,phases      ] GC(60)     Total                          Min: 0, Avg:  0.0, Max: 0, Diff: 0, Sum: 0, Workers: 4
[76.332s][debug][gc,phases      ] GC(60)   StringDedup Requests1 Weak     Min:  0.0, Avg:  0.0, Max:  0.0, Diff:  0.0, Sum:  0.0, Workers: 4
[76.332s][debug][gc,phases      ] GC(60)     Dead                           Min: 0, Avg:  0.0, Max: 0, Diff: 0, Sum: 0, Workers: 4
[76.332s][debug][gc,phases      ] GC(60)     Total                          Min: 0, Avg:  0.0, Max: 0, Diff: 0, Sum: 0, Workers: 4
[76.332s][debug][gc,phases      ] GC(60)   Weak JFR Old Object Samples    Min:  0.0, Avg:  0.0, Max:  0.0, Diff:  0.0, Sum:  0.0, Workers: 4
[76.332s][debug][gc,phases      ] GC(60)     Dead                           Min: 0, Avg:  0.0, Max: 0, Diff: 0, Sum: 0, Workers: 4
[76.332s][debug][gc,phases      ] GC(60)     Total                          Min: 0, Avg:  0.0, Max: 0, Diff: 0, Sum: 0, Workers: 4
[76.332s][debug][gc,phases      ] GC(60) Weak Processing 0.411ms
[76.332s][debug][gc,age         ] GC(60) Desired survivor size 532152320 bytes, new threshold 13 (max threshold 15)
[76.332s][info ][gc,heap        ] GC(60) PSYoungGen: 1337819K(1572864K)->243311K(1572864K) Eden: 1048576K(1048576K)->0K(1048576K) From: 289243K(524288K)->243311K(524288K)
[76.332s][info ][gc,heap        ] GC(60) ParOldGen: 809024K(929280K)->854788K(929280K)
[76.332s][info ][gc,metaspace   ] GC(60) Metaspace: 83656K(84544K)->83656K(84544K) NonClass: 71649K(72128K)->71649K(72128K) Class: 12007K(12416K)->12007K(12416K)
[76.332s][info ][gc             ] GC(60) Pause Young (Allocation Failure) 2096M->1072M(2443M) 94.164ms
[76.332s][info ][gc,cpu         ] GC(60) User=0.36s Sys=0.01s Real=0.09s
[76.332s][info ][safepoint      ] Safepoint "ParallelGCFailedAllocation", Time since last: 131979123 ns, Reaching safepoint: 159606 ns, At safepoint: 94285445 ns, Total: 94445051 ns
[76.707s][info ][gc,start       ] GC(61) Pause Young (Allocation Failure)
[76.763s][debug][gc,phases      ] GC(61) Scavenge 55.529ms
[76.763s][debug][gc,ref         ] GC(61) Skipped phase 1 of Reference Processing: no references
[76.763s][debug][gc,ref         ] GC(61) ReferenceProcessor::execute queues: 1, RefProcThreadModel::Single, marks_oops_alive: false
[76.763s][debug][gc,ref         ] GC(61) Skipped phase 3 of Reference Processing: no references
[76.763s][debug][gc,ref         ] GC(61) ReferenceProcessor::execute queues: 1, RefProcThreadModel::Single, marks_oops_alive: false
[76.763s][debug][gc,phases      ] GC(61) Reference Processing 0.206ms
[76.763s][debug][gc,phases      ] GC(61)   VM Weak                        Min:  0.0, Avg:  0.0, Max:  0.0, Diff:  0.0, Sum:  0.0, Workers: 4
[76.763s][debug][gc,phases      ] GC(61)     Dead                           Min: 0, Avg:  0.0, Max: 0, Diff: 0, Sum: 0, Workers: 4
[76.763s][debug][gc,phases      ] GC(61)     Total                          Min: 0, Avg: 186.0, Max: 384, Diff: 384, Sum: 744, Workers: 4
[76.763s][debug][gc,phases      ] GC(61)   ObjectSynchronizer Weak        Min:  0.0, Avg:  0.0, Max:  0.0, Diff:  0.0, Sum:  0.1, Workers: 4
[76.763s][debug][gc,phases      ] GC(61)     Dead                           Min: 0, Avg:  0.0, Max: 0, Diff: 0, Sum: 0, Workers: 4
[76.763s][debug][gc,phases      ] GC(61)     Total                          Min: 192, Avg: 314.0, Max: 616, Diff: 424, Sum: 1256, Workers: 4
[76.763s][debug][gc,phases      ] GC(61)   JVMTI Tag Weak OopStorage      Min:  0.0, Avg:  0.0, Max:  0.0, Diff:  0.0, Sum:  0.0, Workers: 4
[76.763s][debug][gc,phases      ] GC(61)     Dead                           Min: 0, Avg:  0.0, Max: 0, Diff: 0, Sum: 0, Workers: 4
[76.763s][debug][gc,phases      ] GC(61)     Total                          Min: 0, Avg:  0.0, Max: 0, Diff: 0, Sum: 0, Workers: 4
[76.763s][debug][gc,phases      ] GC(61)   StringTable Weak               Min:  0.2, Avg:  0.2, Max:  0.2, Diff:  0.0, Sum:  0.7, Workers: 4
[76.763s][debug][gc,phases      ] GC(61)     Dead                           Min: 0, Avg:  0.0, Max: 0, Diff: 0, Sum: 0, Workers: 4
[76.763s][debug][gc,phases      ] GC(61)     Total                          Min: 10880, Avg: 12137.2, Max: 13285, Diff: 2405, Sum: 48549, Workers: 4
[76.763s][debug][gc,phases      ] GC(61)   ResolvedMethodTable Weak       Min:  0.0, Avg:  0.0, Max:  0.0, Diff:  0.0, Sum:  0.1, Workers: 4
[76.763s][debug][gc,phases      ] GC(61)     Dead                           Min: 0, Avg:  0.0, Max: 0, Diff: 0, Sum: 0, Workers: 4
[76.763s][debug][gc,phases      ] GC(61)     Total                          Min: 1459, Avg: 2133.8, Max: 2676, Diff: 1217, Sum: 8535, Workers: 4
[76.763s][debug][gc,phases      ] GC(61)   JNI Weak                       Min:  0.0, Avg:  0.0, Max:  0.0, Diff:  0.0, Sum:  0.0, Workers: 4
[76.763s][debug][gc,phases      ] GC(61)     Dead                           Min: 0, Avg:  0.0, Max: 0, Diff: 0, Sum: 0, Workers: 4
[76.763s][debug][gc,phases      ] GC(61)     Total                          Min: 0, Avg:  7.5, Max: 30, Diff: 30, Sum: 30, Workers: 4
[76.763s][debug][gc,phases      ] GC(61)   StringDedup Table Weak         Min:  0.0, Avg:  0.0, Max:  0.0, Diff:  0.0, Sum:  0.0, Workers: 4
[76.763s][debug][gc,phases      ] GC(61)     Dead                           Min: 0, Avg:  0.0, Max: 0, Diff: 0, Sum: 0, Workers: 4
[76.763s][debug][gc,phases      ] GC(61)     Total                          Min: 0, Avg:  0.0, Max: 0, Diff: 0, Sum: 0, Workers: 4
[76.763s][debug][gc,phases      ] GC(61)   StringDedup Requests0 Weak     Min:  0.0, Avg:  0.0, Max:  0.0, Diff:  0.0, Sum:  0.0, Workers: 4
[76.763s][debug][gc,phases      ] GC(61)     Dead                           Min: 0, Avg:  0.0, Max: 0, Diff: 0, Sum: 0, Workers: 4
[76.763s][debug][gc,phases      ] GC(61)     Total                          Min: 0, Avg:  0.0, Max: 0, Diff: 0, Sum: 0, Workers: 4
[76.763s][debug][gc,phases      ] GC(61)   StringDedup Requests1 Weak     Min:  0.0, Avg:  0.0, Max:  0.0, Diff:  0.0, Sum:  0.0, Workers: 4
[76.763s][debug][gc,phases      ] GC(61)     Dead                           Min: 0, Avg:  0.0, Max: 0, Diff: 0, Sum: 0, Workers: 4
[76.763s][debug][gc,phases      ] GC(61)     Total                          Min: 0, Avg:  0.0, Max: 0, Diff: 0, Sum: 0, Workers: 4
[76.763s][debug][gc,phases      ] GC(61)   Weak JFR Old Object Samples    Min:  0.0, Avg:  0.0, Max:  0.0, Diff:  0.0, Sum:  0.0, Workers: 4
[76.763s][debug][gc,phases      ] GC(61)     Dead                           Min: 0, Avg:  0.0, Max: 0, Diff: 0, Sum: 0, Workers: 4
[76.763s][debug][gc,phases      ] GC(61)     Total                          Min: 0, Avg:  0.0, Max: 0, Diff: 0, Sum: 0, Workers: 4
[76.763s][debug][gc,phases      ] GC(61) Weak Processing 0.440ms
[76.763s][debug][gc,age         ] GC(61) Desired survivor size 507510784 bytes, new threshold 14 (max threshold 15)
[76.763s][info ][gc,heap        ] GC(61) PSYoungGen: 1291887K(1572864K)->201257K(1601536K) Eden: 1048576K(1048576K)->0K(1081856K) From: 243311K(524288K)->201257K(519680K)
[76.763s][info ][gc,heap        ] GC(61) ParOldGen: 854788K(929280K)->854796K(929280K)
[76.763s][info ][gc,metaspace   ] GC(61) Metaspace: 83680K(84608K)->83680K(84608K) NonClass: 71669K(72192K)->71669K(72192K) Class: 12010K(12416K)->12010K(12416K)
[76.763s][info ][gc             ] GC(61) Pause Young (Allocation Failure) 2096M->1031M(2471M) 56.328ms
[76.763s][info ][gc,cpu         ] GC(61) User=0.23s Sys=0.00s Real=0.06s
[76.763s][info ][safepoint      ] Safepoint "ParallelGCFailedAllocation", Time since last: 374909697 ns, Reaching safepoint: 65602 ns, At safepoint: 56431562 ns, Total: 56497164 ns
[76.904s][info ][safepoint      ] Safepoint "ICBufferFull", Time since last: 140026016 ns, Reaching safepoint: 209007 ns, At safepoint: 15701 ns, Total: 224708 ns
[77.068s][info ][safepoint      ] Safepoint "ICBufferFull", Time since last: 163778883 ns, Reaching safepoint: 260610 ns, At safepoint: 12800 ns, Total: 273410 ns
[77.412s][info ][safepoint      ] Safepoint "ICBufferFull", Time since last: 344507286 ns, Reaching safepoint: 194807 ns, At safepoint: 3200 ns, Total: 198007 ns
[77.833s][info ][gc,start       ] GC(62) Pause Young (Allocation Failure)
[77.891s][debug][gc,phases      ] GC(62) Scavenge 57.722ms
[77.891s][debug][gc,ref         ] GC(62) Skipped phase 1 of Reference Processing: no references
[77.891s][debug][gc,ref         ] GC(62) ReferenceProcessor::execute queues: 2, RefProcThreadModel::Multi, marks_oops_alive: false
[77.891s][debug][gc,ref         ] GC(62) Skipped phase 3 of Reference Processing: no references
[77.891s][debug][gc,ref         ] GC(62) ReferenceProcessor::execute queues: 1, RefProcThreadModel::Single, marks_oops_alive: false
[77.891s][debug][gc,phases      ] GC(62) Reference Processing 0.249ms
[77.891s][debug][gc,phases      ] GC(62)   VM Weak                        Min:  0.0, Avg:  0.0, Max:  0.0, Diff:  0.0, Sum:  0.0, Workers: 4
[77.892s][debug][gc,phases      ] GC(62)     Dead                           Min: 0, Avg:  0.0, Max: 0, Diff: 0, Sum: 0, Workers: 4
[77.892s][debug][gc,phases      ] GC(62)     Total                          Min: 0, Avg: 188.2, Max: 433, Diff: 433, Sum: 753, Workers: 4
[77.892s][debug][gc,phases      ] GC(62)   ObjectSynchronizer Weak        Min:  0.0, Avg:  0.0, Max:  0.0, Diff:  0.0, Sum:  0.0, Workers: 4
[77.892s][debug][gc,phases      ] GC(62)     Dead                           Min: 0, Avg:  0.0, Max: 0, Diff: 0, Sum: 0, Workers: 4
[77.892s][debug][gc,phases      ] GC(62)     Total                          Min: 192, Avg: 314.2, Max: 448, Diff: 256, Sum: 1257, Workers: 4
[77.892s][debug][gc,phases      ] GC(62)   JVMTI Tag Weak OopStorage      Min:  0.0, Avg:  0.0, Max:  0.0, Diff:  0.0, Sum:  0.0, Workers: 4
[77.892s][debug][gc,phases      ] GC(62)     Dead                           Min: 0, Avg:  0.0, Max: 0, Diff: 0, Sum: 0, Workers: 4
[77.892s][debug][gc,phases      ] GC(62)     Total                          Min: 0, Avg:  0.0, Max: 0, Diff: 0, Sum: 0, Workers: 4
[77.892s][debug][gc,phases      ] GC(62)   StringTable Weak               Min:  0.1, Avg:  0.1, Max:  0.1, Diff:  0.0, Sum:  0.6, Workers: 4
[77.892s][debug][gc,phases      ] GC(62)     Dead                           Min: 0, Avg:  0.0, Max: 0, Diff: 0, Sum: 0, Workers: 4
[77.892s][debug][gc,phases      ] GC(62)     Total                          Min: 11200, Avg: 12174.2, Max: 13113, Diff: 1913, Sum: 48697, Workers: 4
[77.892s][debug][gc,phases      ] GC(62)   ResolvedMethodTable Weak       Min:  0.0, Avg:  0.0, Max:  0.0, Diff:  0.0, Sum:  0.1, Workers: 4
[77.892s][debug][gc,phases      ] GC(62)     Dead                           Min: 0, Avg:  0.2, Max: 1, Diff: 1, Sum: 1, Workers: 4
[77.892s][debug][gc,phases      ] GC(62)     Total                          Min: 1918, Avg: 2163.5, Max: 2485, Diff: 567, Sum: 8654, Workers: 4
[77.892s][debug][gc,phases      ] GC(62)   JNI Weak                       Min:  0.0, Avg:  0.0, Max:  0.0, Diff:  0.0, Sum:  0.0, Workers: 4
[77.892s][debug][gc,phases      ] GC(62)     Dead                           Min: 0, Avg:  0.0, Max: 0, Diff: 0, Sum: 0, Workers: 4
[77.892s][debug][gc,phases      ] GC(62)     Total                          Min: 0, Avg: 10.2, Max: 41, Diff: 41, Sum: 41, Workers: 4
[77.892s][debug][gc,phases      ] GC(62)   StringDedup Table Weak         Min:  0.0, Avg:  0.0, Max:  0.0, Diff:  0.0, Sum:  0.0, Workers: 4
[77.892s][debug][gc,phases      ] GC(62)     Dead                           Min: 0, Avg:  0.0, Max: 0, Diff: 0, Sum: 0, Workers: 4
[77.892s][debug][gc,phases      ] GC(62)     Total                          Min: 0, Avg:  0.0, Max: 0, Diff: 0, Sum: 0, Workers: 4
[77.892s][debug][gc,phases      ] GC(62)   StringDedup Requests0 Weak     Min:  0.0, Avg:  0.0, Max:  0.0, Diff:  0.0, Sum:  0.0, Workers: 4
[77.892s][debug][gc,phases      ] GC(62)     Dead                           Min: 0, Avg:  0.0, Max: 0, Diff: 0, Sum: 0, Workers: 4
[77.892s][debug][gc,phases      ] GC(62)     Total                          Min: 0, Avg:  0.0, Max: 0, Diff: 0, Sum: 0, Workers: 4
[77.892s][debug][gc,phases      ] GC(62)   StringDedup Requests1 Weak     Min:  0.0, Avg:  0.0, Max:  0.0, Diff:  0.0, Sum:  0.0, Workers: 4
[77.892s][debug][gc,phases      ] GC(62)     Dead                           Min: 0, Avg:  0.0, Max: 0, Diff: 0, Sum: 0, Workers: 4
[77.892s][debug][gc,phases      ] GC(62)     Total                          Min: 0, Avg:  0.0, Max: 0, Diff: 0, Sum: 0, Workers: 4
[77.892s][debug][gc,phases      ] GC(62)   Weak JFR Old Object Samples    Min:  0.0, Avg:  0.0, Max:  0.0, Diff:  0.0, Sum:  0.0, Workers: 4
[77.892s][debug][gc,phases      ] GC(62)     Dead                           Min: 0, Avg:  0.0, Max: 0, Diff: 0, Sum: 0, Workers: 4
[77.892s][debug][gc,phases      ] GC(62)     Total                          Min: 0, Avg:  0.0, Max: 0, Diff: 0, Sum: 0, Workers: 4
[77.892s][debug][gc,phases      ] GC(62) Weak Processing 0.383ms
[77.892s][debug][gc,age         ] GC(62) Desired survivor size 484442112 bytes, new threshold 15 (max threshold 15)
[77.892s][info ][gc,heap        ] GC(62) PSYoungGen: 1283113K(1601536K)->205358K(1577472K) Eden: 1081856K(1081856K)->0K(1081856K) From: 201257K(519680K)->205358K(495616K)
[77.892s][info ][gc,heap        ] GC(62) ParOldGen: 854796K(929280K)->854804K(929280K)
[77.892s][info ][gc,metaspace   ] GC(62) Metaspace: 84631K(85440K)->84631K(85440K) NonClass: 72525K(72960K)->72525K(72960K) Class: 12105K(12480K)->12105K(12480K)
[77.892s][info ][gc             ] GC(62) Pause Young (Allocation Failure) 2087M->1035M(2448M) 58.483ms
[77.892s][info ][gc,cpu         ] GC(62) User=0.24s Sys=0.00s Real=0.05s
[77.892s][info ][safepoint      ] Safepoint "ParallelGCFailedAllocation", Time since last: 420542561 ns, Reaching safepoint: 153506 ns, At safepoint: 58565139 ns, Total: 58718645 ns
[78.341s][info ][safepoint      ] Safepoint "ICBufferFull", Time since last: 449331112 ns, Reaching safepoint: 259910 ns, At safepoint: 9700 ns, Total: 269610 ns
[78.560s][info ][safepoint      ] Safepoint "ICBufferFull", Time since last: 217928058 ns, Reaching safepoint: 258510 ns, At safepoint: 16601 ns, Total: 275111 ns
[79.552s][info ][safepoint      ] Safepoint "ICBufferFull", Time since last: 992240834 ns, Reaching safepoint: 165706 ns, At safepoint: 9700 ns, Total: 175406 ns
[80.245s][info ][safepoint      ] Safepoint "ICBufferFull", Time since last: 692982703 ns, Reaching safepoint: 202607 ns, At safepoint: 8600 ns, Total: 211207 ns
[80.788s][info ][safepoint      ] Safepoint "ICBufferFull", Time since last: 542197393 ns, Reaching safepoint: 169307 ns, At safepoint: 6600 ns, Total: 175907 ns
[81.288s][info ][safepoint      ] Safepoint "ICBufferFull", Time since last: 499947150 ns, Reaching safepoint: 170507 ns, At safepoint: 6600 ns, Total: 177107 ns
[81.553s][info ][safepoint      ] Safepoint "ICBufferFull", Time since last: 265265082 ns, Reaching safepoint: 183806 ns, At safepoint: 11801 ns, Total: 195607 ns
[81.553s][info ][safepoint      ] Safepoint "ICBufferFull", Time since last: 67802 ns, Reaching safepoint: 156406 ns, At safepoint: 13400 ns, Total: 169806 ns
[81.848s][info ][gc,start       ] GC(63) Pause Young (Allocation Failure)
[81.910s][debug][gc,phases      ] GC(63) Scavenge 62.231ms
[81.910s][debug][gc,ref         ] GC(63) Skipped phase 1 of Reference Processing: no references
[81.910s][debug][gc,ref         ] GC(63) ReferenceProcessor::execute queues: 2, RefProcThreadModel::Multi, marks_oops_alive: false
[81.911s][debug][gc,ref         ] GC(63) Skipped phase 3 of Reference Processing: no references
[81.911s][debug][gc,ref         ] GC(63) ReferenceProcessor::execute queues: 1, RefProcThreadModel::Single, marks_oops_alive: false
[81.911s][debug][gc,phases      ] GC(63) Reference Processing 0.256ms
[81.911s][debug][gc,phases      ] GC(63)   VM Weak                        Min:  0.0, Avg:  0.0, Max:  0.0, Diff:  0.0, Sum:  0.0, Workers: 4
[81.911s][debug][gc,phases      ] GC(63)     Dead                           Min: 0, Avg:  0.0, Max: 0, Diff: 0, Sum: 0, Workers: 4
[81.911s][debug][gc,phases      ] GC(63)     Total                          Min: 0, Avg: 190.2, Max: 377, Diff: 377, Sum: 761, Workers: 4
[81.911s][debug][gc,phases      ] GC(63)   ObjectSynchronizer Weak        Min:  0.0, Avg:  0.0, Max:  0.0, Diff:  0.0, Sum:  0.0, Workers: 4
[81.911s][debug][gc,phases      ] GC(63)     Dead                           Min: 0, Avg:  0.2, Max: 1, Diff: 1, Sum: 1, Workers: 4
[81.911s][debug][gc,phases      ] GC(63)     Total                          Min: 192, Avg: 314.8, Max: 555, Diff: 363, Sum: 1259, Workers: 4
[81.911s][debug][gc,phases      ] GC(63)   JVMTI Tag Weak OopStorage      Min:  0.0, Avg:  0.0, Max:  0.0, Diff:  0.0, Sum:  0.0, Workers: 4
[81.911s][debug][gc,phases      ] GC(63)     Dead                           Min: 0, Avg:  0.0, Max: 0, Diff: 0, Sum: 0, Workers: 4
[81.911s][debug][gc,phases      ] GC(63)     Total                          Min: 0, Avg:  0.0, Max: 0, Diff: 0, Sum: 0, Workers: 4
[81.911s][debug][gc,phases      ] GC(63)   StringTable Weak               Min:  0.1, Avg:  0.1, Max:  0.2, Diff:  0.0, Sum:  0.6, Workers: 4
[81.911s][debug][gc,phases      ] GC(63)     Dead                           Min: 0, Avg:  0.5, Max: 1, Diff: 1, Sum: 2, Workers: 4
[81.911s][debug][gc,phases      ] GC(63)     Total                          Min: 11533, Avg: 12211.2, Max: 12992, Diff: 1459, Sum: 48845, Workers: 4
[81.911s][debug][gc,phases      ] GC(63)   ResolvedMethodTable Weak       Min:  0.0, Avg:  0.0, Max:  0.0, Diff:  0.0, Sum:  0.1, Workers: 4
[81.911s][debug][gc,phases      ] GC(63)     Dead                           Min: 0, Avg:  4.2, Max: 13, Diff: 13, Sum: 17, Workers: 4
[81.911s][debug][gc,phases      ] GC(63)     Total                          Min: 2048, Avg: 2206.8, Max: 2555, Diff: 507, Sum: 8827, Workers: 4
[81.911s][debug][gc,phases      ] GC(63)   JNI Weak                       Min:  0.0, Avg:  0.0, Max:  0.0, Diff:  0.0, Sum:  0.0, Workers: 4
[81.911s][debug][gc,phases      ] GC(63)     Dead                           Min: 0, Avg:  0.0, Max: 0, Diff: 0, Sum: 0, Workers: 4
[81.911s][debug][gc,phases      ] GC(63)     Total                          Min: 0, Avg:  0.8, Max: 3, Diff: 3, Sum: 3, Workers: 4
[81.911s][debug][gc,phases      ] GC(63)   StringDedup Table Weak         Min:  0.0, Avg:  0.0, Max:  0.0, Diff:  0.0, Sum:  0.0, Workers: 4
[81.911s][debug][gc,phases      ] GC(63)     Dead                           Min: 0, Avg:  0.0, Max: 0, Diff: 0, Sum: 0, Workers: 4
[81.911s][debug][gc,phases      ] GC(63)     Total                          Min: 0, Avg:  0.0, Max: 0, Diff: 0, Sum: 0, Workers: 4
[81.911s][debug][gc,phases      ] GC(63)   StringDedup Requests0 Weak     Min:  0.0, Avg:  0.0, Max:  0.0, Diff:  0.0, Sum:  0.0, Workers: 4
[81.911s][debug][gc,phases      ] GC(63)     Dead                           Min: 0, Avg:  0.0, Max: 0, Diff: 0, Sum: 0, Workers: 4
[81.911s][debug][gc,phases      ] GC(63)     Total                          Min: 0, Avg:  0.0, Max: 0, Diff: 0, Sum: 0, Workers: 4
[81.911s][debug][gc,phases      ] GC(63)   StringDedup Requests1 Weak     Min:  0.0, Avg:  0.0, Max:  0.0, Diff:  0.0, Sum:  0.0, Workers: 4
[81.911s][debug][gc,phases      ] GC(63)     Dead                           Min: 0, Avg:  0.0, Max: 0, Diff: 0, Sum: 0, Workers: 4
[81.911s][debug][gc,phases      ] GC(63)     Total                          Min: 0, Avg:  0.0, Max: 0, Diff: 0, Sum: 0, Workers: 4
[81.911s][debug][gc,phases      ] GC(63)   Weak JFR Old Object Samples    Min:  0.0, Avg:  0.0, Max:  0.0, Diff:  0.0, Sum:  0.0, Workers: 4
[81.911s][debug][gc,phases      ] GC(63)     Dead                           Min: 0, Avg:  0.0, Max: 0, Diff: 0, Sum: 0, Workers: 4
[81.911s][debug][gc,phases      ] GC(63)     Total                          Min: 0, Avg:  0.0, Max: 0, Diff: 0, Sum: 0, Workers: 4
[81.911s][debug][gc,phases      ] GC(63) Weak Processing 0.413ms
[81.911s][debug][gc,age         ] GC(63) Desired survivor size 461897728 bytes, new threshold 15 (max threshold 15)
[81.911s][info ][gc,heap        ] GC(63) PSYoungGen: 1287214K(1577472K)->208637K(1646080K) Eden: 1081856K(1081856K)->0K(1172992K) From: 205358K(495616K)->208637K(473088K)
[81.911s][info ][gc,heap        ] GC(63) ParOldGen: 854804K(929280K)->854812K(929280K)
[81.911s][info ][gc,metaspace   ] GC(63) Metaspace: 85410K(86336K)->85410K(86336K) NonClass: 73202K(73728K)->73202K(73728K) Class: 12207K(12608K)->12207K(12608K)
[81.911s][info ][gc             ] GC(63) Pause Young (Allocation Failure) 2091M->1038M(2515M) 63.043ms
[81.911s][info ][gc,cpu         ] GC(63) User=0.24s Sys=0.00s Real=0.06s
[81.911s][info ][safepoint      ] Safepoint "ParallelGCFailedAllocation", Time since last: 294420546 ns, Reaching safepoint: 172406 ns, At safepoint: 63122704 ns, Total: 63295110 ns
[82.845s][info ][safepoint      ] Safepoint "ICBufferFull", Time since last: 933624971 ns, Reaching safepoint: 252710 ns, At safepoint: 17800 ns, Total: 270510 ns
[83.251s][info ][safepoint      ] Safepoint "ICBufferFull", Time since last: 406038317 ns, Reaching safepoint: 156706 ns, At safepoint: 5900 ns, Total: 162606 ns
[83.396s][info ][safepoint      ] Safepoint "ICBufferFull", Time since last: 145067393 ns, Reaching safepoint: 165006 ns, At safepoint: 19200 ns, Total: 184206 ns
[83.864s][info ][safepoint      ] Safepoint "ICBufferFull", Time since last: 467830468 ns, Reaching safepoint: 188507 ns, At safepoint: 4400 ns, Total: 192907 ns
[84.057s][info ][safepoint      ] Safepoint "ICBufferFull", Time since last: 192439221 ns, Reaching safepoint: 538420 ns, At safepoint: 34801 ns, Total: 573221 ns
[84.482s][info ][safepoint      ] Safepoint "ICBufferFull", Time since last: 424488185 ns, Reaching safepoint: 216008 ns, At safepoint: 17501 ns, Total: 233509 ns
[85.181s][info ][gc,start       ] GC(64) Pause Young (Allocation Failure)
[85.248s][debug][gc,phases      ] GC(64) Scavenge 67.210ms
[85.248s][debug][gc,ref         ] GC(64) Skipped phase 1 of Reference Processing: no references
[85.248s][debug][gc,ref         ] GC(64) ReferenceProcessor::execute queues: 2, RefProcThreadModel::Multi, marks_oops_alive: false
[85.249s][debug][gc,ref         ] GC(64) ReferenceProcessor::execute queues: 4, RefProcThreadModel::Multi, marks_oops_alive: true
[85.249s][debug][gc,ref         ] GC(64) ReferenceProcessor::execute queues: 1, RefProcThreadModel::Single, marks_oops_alive: false
[85.249s][debug][gc,phases      ] GC(64) Reference Processing 0.363ms
[85.249s][debug][gc,phases      ] GC(64)   VM Weak                        Min:  0.0, Avg:  0.0, Max:  0.0, Diff:  0.0, Sum:  0.0, Workers: 4
[85.249s][debug][gc,phases      ] GC(64)     Dead                           Min: 0, Avg:  0.0, Max: 0, Diff: 0, Sum: 0, Workers: 4
[85.249s][debug][gc,phases      ] GC(64)     Total                          Min: 0, Avg: 192.8, Max: 451, Diff: 451, Sum: 771, Workers: 4
[85.249s][debug][gc,phases      ] GC(64)   ObjectSynchronizer Weak        Min:  0.0, Avg:  0.0, Max:  0.0, Diff:  0.0, Sum:  0.0, Workers: 4
[85.249s][debug][gc,phases      ] GC(64)     Dead                           Min: 0, Avg:  0.0, Max: 0, Diff: 0, Sum: 0, Workers: 4
[85.249s][debug][gc,phases      ] GC(64)     Total                          Min: 236, Avg: 315.0, Max: 448, Diff: 212, Sum: 1260, Workers: 4
[85.249s][debug][gc,phases      ] GC(64)   JVMTI Tag Weak OopStorage      Min:  0.0, Avg:  0.0, Max:  0.0, Diff:  0.0, Sum:  0.0, Workers: 4
[85.249s][debug][gc,phases      ] GC(64)     Dead                           Min: 0, Avg:  0.0, Max: 0, Diff: 0, Sum: 0, Workers: 4
[85.249s][debug][gc,phases      ] GC(64)     Total                          Min: 0, Avg:  0.0, Max: 0, Diff: 0, Sum: 0, Workers: 4
[85.249s][debug][gc,phases      ] GC(64)   StringTable Weak               Min:  0.2, Avg:  0.2, Max:  0.2, Diff:  0.0, Sum:  0.6, Workers: 4
[85.249s][debug][gc,phases      ] GC(64)     Dead                           Min: 0, Avg:  0.8, Max: 3, Diff: 3, Sum: 3, Workers: 4
[85.249s][debug][gc,phases      ] GC(64)     Total                          Min: 10368, Avg: 12273.0, Max: 14212, Diff: 3844, Sum: 49092, Workers: 4
[85.249s][debug][gc,phases      ] GC(64)   ResolvedMethodTable Weak       Min:  0.0, Avg:  0.0, Max:  0.0, Diff:  0.0, Sum:  0.1, Workers: 4
[85.249s][debug][gc,phases      ] GC(64)     Dead                           Min: 0, Avg:  0.0, Max: 0, Diff: 0, Sum: 0, Workers: 4
[85.249s][debug][gc,phases      ] GC(64)     Total                          Min: 1983, Avg: 2239.8, Max: 2560, Diff: 577, Sum: 8959, Workers: 4
[85.249s][debug][gc,phases      ] GC(64)   JNI Weak                       Min:  0.0, Avg:  0.0, Max:  0.0, Diff:  0.0, Sum:  0.0, Workers: 4
[85.249s][debug][gc,phases      ] GC(64)     Dead                           Min: 0, Avg:  0.0, Max: 0, Diff: 0, Sum: 0, Workers: 4
[85.249s][debug][gc,phases      ] GC(64)     Total                          Min: 0, Avg:  4.0, Max: 16, Diff: 16, Sum: 16, Workers: 4
[85.249s][debug][gc,phases      ] GC(64)   StringDedup Table Weak         Min:  0.0, Avg:  0.0, Max:  0.0, Diff:  0.0, Sum:  0.0, Workers: 4
[85.249s][debug][gc,phases      ] GC(64)     Dead                           Min: 0, Avg:  0.0, Max: 0, Diff: 0, Sum: 0, Workers: 4
[85.249s][debug][gc,phases      ] GC(64)     Total                          Min: 0, Avg:  0.0, Max: 0, Diff: 0, Sum: 0, Workers: 4
[85.249s][debug][gc,phases      ] GC(64)   StringDedup Requests0 Weak     Min:  0.0, Avg:  0.0, Max:  0.0, Diff:  0.0, Sum:  0.0, Workers: 4
[85.249s][debug][gc,phases      ] GC(64)     Dead                           Min: 0, Avg:  0.0, Max: 0, Diff: 0, Sum: 0, Workers: 4
[85.249s][debug][gc,phases      ] GC(64)     Total                          Min: 0, Avg:  0.0, Max: 0, Diff: 0, Sum: 0, Workers: 4
[85.249s][debug][gc,phases      ] GC(64)   StringDedup Requests1 Weak     Min:  0.0, Avg:  0.0, Max:  0.0, Diff:  0.0, Sum:  0.0, Workers: 4
[85.249s][debug][gc,phases      ] GC(64)     Dead                           Min: 0, Avg:  0.0, Max: 0, Diff: 0, Sum: 0, Workers: 4
[85.249s][debug][gc,phases      ] GC(64)     Total                          Min: 0, Avg:  0.0, Max: 0, Diff: 0, Sum: 0, Workers: 4
[85.249s][debug][gc,phases      ] GC(64)   Weak JFR Old Object Samples    Min:  0.0, Avg:  0.0, Max:  0.0, Diff:  0.0, Sum:  0.0, Workers: 4
[85.249s][debug][gc,phases      ] GC(64)     Dead                           Min: 0, Avg:  0.0, Max: 0, Diff: 0, Sum: 0, Workers: 4
[85.249s][debug][gc,phases      ] GC(64)     Total                          Min: 0, Avg:  0.0, Max: 0, Diff: 0, Sum: 0, Workers: 4
[85.249s][debug][gc,phases      ] GC(64) Weak Processing 0.411ms
[85.249s][debug][gc,age         ] GC(64) Desired survivor size 451411968 bytes, new threshold 15 (max threshold 15)
[85.249s][info ][gc,heap        ] GC(64) PSYoungGen: 1381629K(1646080K)->151403K(1624064K) Eden: 1172992K(1172992K)->0K(1172992K) From: 208637K(473088K)->151403K(451072K)
[85.249s][info ][gc,heap        ] GC(64) ParOldGen: 854812K(929280K)->878462K(929280K)
[85.249s][info ][gc,metaspace   ] GC(64) Metaspace: 85895K(86784K)->85895K(86784K) NonClass: 73623K(74112K)->73623K(74112K) Class: 12272K(12672K)->12272K(12672K)
[85.249s][info ][gc             ] GC(64) Pause Young (Allocation Failure) 2184M->1005M(2493M) 68.136ms
[85.249s][info ][gc,cpu         ] GC(64) User=0.22s Sys=0.04s Real=0.06s
[85.249s][debug][gc,phases      ] GC(65) Pre Compact 0.009ms
[85.249s][info ][gc,start       ] GC(65) Pause Full (Ergonomics)
[85.249s][info ][gc,phases,start] GC(65) Marking Phase
[85.377s][debug][gc,phases      ] GC(65) Par Mark 127.710ms
[85.377s][debug][gc,ref         ] GC(65) Skipped phase 1 of Reference Processing: no references
[85.377s][debug][gc,ref         ] GC(65) ReferenceProcessor::execute queues: 4, RefProcThreadModel::Multi, marks_oops_alive: false
[85.378s][debug][gc,ref         ] GC(65) Skipped phase 3 of Reference Processing: no references
[85.378s][debug][gc,ref         ] GC(65) ReferenceProcessor::execute queues: 1, RefProcThreadModel::Single, marks_oops_alive: false
[85.378s][debug][gc,phases      ] GC(65) Reference Processing 0.465ms
[85.378s][debug][gc,phases      ] GC(65)   VM Weak                        Min:  0.0, Avg:  0.0, Max:  0.0, Diff:  0.0, Sum:  0.0, Workers: 4
[85.378s][debug][gc,phases      ] GC(65)     Dead                           Min: 0, Avg:  0.0, Max: 0, Diff: 0, Sum: 0, Workers: 4
[85.378s][debug][gc,phases      ] GC(65)     Total                          Min: 0, Avg: 192.8, Max: 387, Diff: 387, Sum: 771, Workers: 4
[85.378s][debug][gc,phases      ] GC(65)   ObjectSynchronizer Weak        Min:  0.0, Avg:  0.0, Max:  0.0, Diff:  0.0, Sum:  0.0, Workers: 4
[85.378s][debug][gc,phases      ] GC(65)     Dead                           Min: 0, Avg:  1.2, Max: 5, Diff: 5, Sum: 5, Workers: 4
[85.378s][debug][gc,phases      ] GC(65)     Total                          Min: 192, Avg: 315.0, Max: 384, Diff: 192, Sum: 1260, Workers: 4
[85.378s][debug][gc,phases      ] GC(65)   JVMTI Tag Weak OopStorage      Min:  0.0, Avg:  0.0, Max:  0.0, Diff:  0.0, Sum:  0.0, Workers: 4
[85.378s][debug][gc,phases      ] GC(65)     Dead                           Min: 0, Avg:  0.0, Max: 0, Diff: 0, Sum: 0, Workers: 4
[85.378s][debug][gc,phases      ] GC(65)     Total                          Min: 0, Avg:  0.0, Max: 0, Diff: 0, Sum: 0, Workers: 4
[85.378s][debug][gc,phases      ] GC(65)   StringTable Weak               Min:  0.2, Avg:  0.2, Max:  0.2, Diff:  0.0, Sum:  0.8, Workers: 4
[85.378s][debug][gc,phases      ] GC(65)     Dead                           Min: 0, Avg:  0.0, Max: 0, Diff: 0, Sum: 0, Workers: 4
[85.378s][debug][gc,phases      ] GC(65)     Total                          Min: 10368, Avg: 12273.0, Max: 14336, Diff: 3968, Sum: 49092, Workers: 4
[85.378s][debug][gc,phases      ] GC(65)   ResolvedMethodTable Weak       Min:  0.0, Avg:  0.0, Max:  0.0, Diff:  0.0, Sum:  0.1, Workers: 4
[85.378s][debug][gc,phases      ] GC(65)     Dead                           Min: 0, Avg:  0.0, Max: 0, Diff: 0, Sum: 0, Workers: 4
[85.378s][debug][gc,phases      ] GC(65)     Total                          Min: 2048, Avg: 2239.8, Max: 2432, Diff: 384, Sum: 8959, Workers: 4
[85.378s][debug][gc,phases      ] GC(65)   JNI Weak                       Min:  0.0, Avg:  0.0, Max:  0.0, Diff:  0.0, Sum:  0.0, Workers: 4
[85.378s][debug][gc,phases      ] GC(65)     Dead                           Min: 0, Avg:  0.0, Max: 0, Diff: 0, Sum: 0, Workers: 4
[85.378s][debug][gc,phases      ] GC(65)     Total                          Min: 0, Avg:  4.0, Max: 16, Diff: 16, Sum: 16, Workers: 4
[85.378s][debug][gc,phases      ] GC(65)   StringDedup Table Weak         Min:  0.0, Avg:  0.0, Max:  0.0, Diff:  0.0, Sum:  0.0, Workers: 4
[85.378s][debug][gc,phases      ] GC(65)     Dead                           Min: 0, Avg:  0.0, Max: 0, Diff: 0, Sum: 0, Workers: 4
[85.378s][debug][gc,phases      ] GC(65)     Total                          Min: 0, Avg:  0.0, Max: 0, Diff: 0, Sum: 0, Workers: 4
[85.378s][debug][gc,phases      ] GC(65)   StringDedup Requests0 Weak     Min:  0.0, Avg:  0.0, Max:  0.0, Diff:  0.0, Sum:  0.0, Workers: 4
[85.378s][debug][gc,phases      ] GC(65)     Dead                           Min: 0, Avg:  0.0, Max: 0, Diff: 0, Sum: 0, Workers: 4
[85.378s][debug][gc,phases      ] GC(65)     Total                          Min: 0, Avg:  0.0, Max: 0, Diff: 0, Sum: 0, Workers: 4
[85.378s][debug][gc,phases      ] GC(65)   StringDedup Requests1 Weak     Min:  0.0, Avg:  0.0, Max:  0.0, Diff:  0.0, Sum:  0.0, Workers: 4
[85.378s][debug][gc,phases      ] GC(65)     Dead                           Min: 0, Avg:  0.0, Max: 0, Diff: 0, Sum: 0, Workers: 4
[85.378s][debug][gc,phases      ] GC(65)     Total                          Min: 0, Avg:  0.0, Max: 0, Diff: 0, Sum: 0, Workers: 4
[85.378s][debug][gc,phases      ] GC(65)   Weak JFR Old Object Samples    Min:  0.0, Avg:  0.0, Max:  0.0, Diff:  0.0, Sum:  0.0, Workers: 4
[85.378s][debug][gc,phases      ] GC(65)     Dead                           Min: 0, Avg:  0.0, Max: 0, Diff: 0, Sum: 0, Workers: 4
[85.378s][debug][gc,phases      ] GC(65)     Total                          Min: 0, Avg:  0.0, Max: 0, Diff: 0, Sum: 0, Workers: 4
[85.378s][debug][gc,phases      ] GC(65) Weak Processing 0.439ms
[85.378s][debug][gc,phases      ] GC(65) ClassLoaderData 0.104ms
[85.378s][debug][gc,phases      ] GC(65) Trigger cleanups 0.000ms
[85.397s][debug][gc,phases      ] GC(65) Class Unloading 19.021ms
[85.397s][info ][gc,phases      ] GC(65) Marking Phase 147.848ms
[85.397s][info ][gc,phases,start] GC(65) Summary Phase
[85.397s][info ][gc,phases      ] GC(65) Summary Phase 0.034ms
[85.397s][info ][gc,phases,start] GC(65) Adjust Roots
[85.420s][info ][gc,phases      ] GC(65) Adjust Roots 22.591ms
[85.420s][info ][gc,phases,start] GC(65) Compaction Phase
[85.781s][info ][gc,phases      ] GC(65) Compaction Phase 361.475ms
[85.781s][info ][gc,phases,start] GC(65) Post Compact
[85.785s][info ][gc,phases      ] GC(65) Post Compact 3.996ms
[85.791s][info ][gc,heap        ] GC(65) PSYoungGen: 151403K(1624064K)->0K(1656320K) Eden: 0K(1172992K)->0K(1215488K) From: 151403K(451072K)->0K(440832K)
[85.791s][info ][gc,heap        ] GC(65) ParOldGen: 878462K(929280K)->387328K(504320K)
[85.791s][info ][gc,metaspace   ] GC(65) Metaspace: 85895K(86784K)->85895K(86784K) NonClass: 73623K(74112K)->73623K(74112K) Class: 12272K(12672K)->12272K(12672K)
[85.791s][info ][gc             ] GC(65) Pause Full (Ergonomics) 1005M->378M(2110M) 542.034ms
[85.791s][info ][gc,cpu         ] GC(65) User=1.93s Sys=0.01s Real=0.54s
[85.806s][info ][safepoint      ] Safepoint "ParallelGCFailedAllocation", Time since last: 698559281 ns, Reaching safepoint: 301111 ns, At safepoint: 624770085 ns, Total: 625071196 ns
[86.808s][info ][safepoint      ] Safepoint "Cleanup", Time since last: 1000136170 ns, Reaching safepoint: 1533856 ns, At safepoint: 28201 ns, Total: 1562057 ns
[87.599s][info ][gc,start       ] GC(66) Pause Young (Allocation Failure)
[87.604s][debug][gc,phases      ] GC(66) Scavenge 5.094ms
[87.604s][debug][gc,ref         ] GC(66) Skipped phase 1 of Reference Processing: no references
[87.604s][debug][gc,ref         ] GC(66) ReferenceProcessor::execute queues: 1, RefProcThreadModel::Single, marks_oops_alive: false
[87.604s][debug][gc,ref         ] GC(66) Skipped phase 3 of Reference Processing: no references
[87.604s][debug][gc,ref         ] GC(66) ReferenceProcessor::execute queues: 1, RefProcThreadModel::Single, marks_oops_alive: false
[87.604s][debug][gc,phases      ] GC(66) Reference Processing 0.120ms
[87.605s][debug][gc,phases      ] GC(66)   VM Weak                        Min:  0.0, Avg:  0.0, Max:  0.0, Diff:  0.0, Sum:  0.0, Workers: 4
[87.605s][debug][gc,phases      ] GC(66)     Dead                           Min: 0, Avg:  0.0, Max: 0, Diff: 0, Sum: 0, Workers: 4
[87.605s][debug][gc,phases      ] GC(66)     Total                          Min: 0, Avg: 192.8, Max: 512, Diff: 512, Sum: 771, Workers: 4
[87.605s][debug][gc,phases      ] GC(66)   ObjectSynchronizer Weak        Min:  0.0, Avg:  0.0, Max:  0.0, Diff:  0.0, Sum:  0.0, Workers: 4
[87.605s][debug][gc,phases      ] GC(66)     Dead                           Min: 0, Avg:  0.0, Max: 0, Diff: 0, Sum: 0, Workers: 4
[87.605s][debug][gc,phases      ] GC(66)     Total                          Min: 256, Avg: 315.0, Max: 384, Diff: 128, Sum: 1260, Workers: 4
[87.605s][debug][gc,phases      ] GC(66)   JVMTI Tag Weak OopStorage      Min:  0.0, Avg:  0.0, Max:  0.0, Diff:  0.0, Sum:  0.0, Workers: 4
[87.605s][debug][gc,phases      ] GC(66)     Dead                           Min: 0, Avg:  0.0, Max: 0, Diff: 0, Sum: 0, Workers: 4
[87.605s][debug][gc,phases      ] GC(66)     Total                          Min: 0, Avg:  0.0, Max: 0, Diff: 0, Sum: 0, Workers: 4
[87.605s][debug][gc,phases      ] GC(66)   StringTable Weak               Min:  0.1, Avg:  0.1, Max:  0.1, Diff:  0.0, Sum:  0.5, Workers: 4
[87.605s][debug][gc,phases      ] GC(66)     Dead                           Min: 0, Avg:  0.0, Max: 0, Diff: 0, Sum: 0, Workers: 4
[87.605s][debug][gc,phases      ] GC(66)     Total                          Min: 11416, Avg: 12310.0, Max: 13824, Diff: 2408, Sum: 49240, Workers: 4
[87.605s][debug][gc,phases      ] GC(66)   ResolvedMethodTable Weak       Min:  0.0, Avg:  0.0, Max:  0.0, Diff:  0.0, Sum:  0.1, Workers: 4
[87.605s][debug][gc,phases      ] GC(66)     Dead                           Min: 0, Avg:  0.0, Max: 0, Diff: 0, Sum: 0, Workers: 4
[87.605s][debug][gc,phases      ] GC(66)     Total                          Min: 2112, Avg: 2241.0, Max: 2432, Diff: 320, Sum: 8964, Workers: 4
[87.605s][debug][gc,phases      ] GC(66)   JNI Weak                       Min:  0.0, Avg:  0.0, Max:  0.0, Diff:  0.0, Sum:  0.0, Workers: 4
[87.605s][debug][gc,phases      ] GC(66)     Dead                           Min: 0, Avg:  0.0, Max: 0, Diff: 0, Sum: 0, Workers: 4
[87.605s][debug][gc,phases      ] GC(66)     Total                          Min: 0, Avg:  1.2, Max: 5, Diff: 5, Sum: 5, Workers: 4
[87.605s][debug][gc,phases      ] GC(66)   StringDedup Table Weak         Min:  0.0, Avg:  0.0, Max:  0.0, Diff:  0.0, Sum:  0.0, Workers: 4
[87.605s][debug][gc,phases      ] GC(66)     Dead                           Min: 0, Avg:  0.0, Max: 0, Diff: 0, Sum: 0, Workers: 4
[87.605s][debug][gc,phases      ] GC(66)     Total                          Min: 0, Avg:  0.0, Max: 0, Diff: 0, Sum: 0, Workers: 4
[87.605s][debug][gc,phases      ] GC(66)   StringDedup Requests0 Weak     Min:  0.0, Avg:  0.0, Max:  0.0, Diff:  0.0, Sum:  0.0, Workers: 4
[87.605s][debug][gc,phases      ] GC(66)     Dead                           Min: 0, Avg:  0.0, Max: 0, Diff: 0, Sum: 0, Workers: 4
[87.605s][debug][gc,phases      ] GC(66)     Total                          Min: 0, Avg:  0.0, Max: 0, Diff: 0, Sum: 0, Workers: 4
[87.605s][debug][gc,phases      ] GC(66)   StringDedup Requests1 Weak     Min:  0.0, Avg:  0.0, Max:  0.0, Diff:  0.0, Sum:  0.0, Workers: 4
[87.605s][debug][gc,phases      ] GC(66)     Dead                           Min: 0, Avg:  0.0, Max: 0, Diff: 0, Sum: 0, Workers: 4
[87.605s][debug][gc,phases      ] GC(66)     Total                          Min: 0, Avg:  0.0, Max: 0, Diff: 0, Sum: 0, Workers: 4
[87.605s][debug][gc,phases      ] GC(66)   Weak JFR Old Object Samples    Min:  0.0, Avg:  0.0, Max:  0.0, Diff:  0.0, Sum:  0.0, Workers: 4
[87.605s][debug][gc,phases      ] GC(66)     Dead                           Min: 0, Avg:  0.0, Max: 0, Diff: 0, Sum: 0, Workers: 4
[87.605s][debug][gc,phases      ] GC(66)     Total                          Min: 0, Avg:  0.0, Max: 0, Diff: 0, Sum: 0, Workers: 4
[87.605s][debug][gc,phases      ] GC(66) Weak Processing 0.356ms
[87.605s][debug][gc,age         ] GC(66) Desired survivor size 464519168 bytes, new threshold 15 (max threshold 15)
[87.605s][info ][gc,heap        ] GC(66) PSYoungGen: 1215484K(1656320K)->11801K(1227776K) Eden: 1215484K(1215488K)->0K(1215488K) From: 0K(440832K)->11801K(12288K)
[87.605s][info ][gc,heap        ] GC(66) ParOldGen: 387328K(504320K)->387328K(504320K)
[87.605s][info ][gc,metaspace   ] GC(66) Metaspace: 85934K(86784K)->85934K(86784K) NonClass: 73660K(74112K)->73660K(74112K) Class: 12273K(12672K)->12273K(12672K)
[87.605s][info ][gc             ] GC(66) Pause Young (Allocation Failure) 1565M->389M(1691M) 5.723ms
[87.605s][info ][gc,cpu         ] GC(66) User=0.02s Sys=0.00s Real=0.01s
[87.605s][info ][safepoint      ] Safepoint "ParallelGCFailedAllocation", Time since last: 791365353 ns, Reaching safepoint: 196807 ns, At safepoint: 5817312 ns, Total: 6014119 ns
[88.744s][info ][safepoint      ] Safepoint "Cleanup", Time since last: 1139204926 ns, Reaching safepoint: 231509 ns, At safepoint: 26001 ns, Total: 257510 ns
[89.239s][info ][gc,start       ] GC(67) Pause Young (Allocation Failure)
[89.246s][debug][gc,phases      ] GC(67) Scavenge 6.836ms
[89.246s][debug][gc,ref         ] GC(67) Skipped phase 1 of Reference Processing: no references
[89.246s][debug][gc,ref         ] GC(67) ReferenceProcessor::execute queues: 1, RefProcThreadModel::Single, marks_oops_alive: false
[89.246s][debug][gc,ref         ] GC(67) Skipped phase 3 of Reference Processing: no references
[89.246s][debug][gc,ref         ] GC(67) ReferenceProcessor::execute queues: 1, RefProcThreadModel::Single, marks_oops_alive: false
[89.246s][debug][gc,phases      ] GC(67) Reference Processing 0.144ms
[89.246s][debug][gc,phases      ] GC(67)   VM Weak                        Min:  0.0, Avg:  0.0, Max:  0.0, Diff:  0.0, Sum:  0.0, Workers: 4
[89.246s][debug][gc,phases      ] GC(67)     Dead                           Min: 0, Avg:  0.0, Max: 0, Diff: 0, Sum: 0, Workers: 4
[89.246s][debug][gc,phases      ] GC(67)     Total                          Min: 0, Avg: 192.8, Max: 515, Diff: 515, Sum: 771, Workers: 4
[89.246s][debug][gc,phases      ] GC(67)   ObjectSynchronizer Weak        Min:  0.0, Avg:  0.0, Max:  0.0, Diff:  0.0, Sum:  0.0, Workers: 4
[89.246s][debug][gc,phases      ] GC(67)     Dead                           Min: 0, Avg:  0.0, Max: 0, Diff: 0, Sum: 0, Workers: 4
[89.246s][debug][gc,phases      ] GC(67)     Total                          Min: 128, Avg: 315.0, Max: 448, Diff: 320, Sum: 1260, Workers: 4
[89.246s][debug][gc,phases      ] GC(67)   JVMTI Tag Weak OopStorage      Min:  0.0, Avg:  0.0, Max:  0.0, Diff:  0.0, Sum:  0.0, Workers: 4
[89.246s][debug][gc,phases      ] GC(67)     Dead                           Min: 0, Avg:  0.0, Max: 0, Diff: 0, Sum: 0, Workers: 4
[89.246s][debug][gc,phases      ] GC(67)     Total                          Min: 0, Avg:  0.0, Max: 0, Diff: 0, Sum: 0, Workers: 4
[89.246s][debug][gc,phases      ] GC(67)   StringTable Weak               Min:  0.1, Avg:  0.1, Max:  0.1, Diff:  0.0, Sum:  0.5, Workers: 4
[89.246s][debug][gc,phases      ] GC(67)     Dead                           Min: 0, Avg:  0.0, Max: 0, Diff: 0, Sum: 0, Workers: 4
[89.246s][debug][gc,phases      ] GC(67)     Total                          Min: 11328, Avg: 12312.5, Max: 13794, Diff: 2466, Sum: 49250, Workers: 4
[89.246s][debug][gc,phases      ] GC(67)   ResolvedMethodTable Weak       Min:  0.0, Avg:  0.0, Max:  0.0, Diff:  0.0, Sum:  0.1, Workers: 4
[89.246s][debug][gc,phases      ] GC(67)     Dead                           Min: 0, Avg:  0.0, Max: 0, Diff: 0, Sum: 0, Workers: 4
[89.246s][debug][gc,phases      ] GC(67)     Total                          Min: 2048, Avg: 2241.5, Max: 2438, Diff: 390, Sum: 8966, Workers: 4
[89.246s][debug][gc,phases      ] GC(67)   JNI Weak                       Min:  0.0, Avg:  0.0, Max:  0.0, Diff:  0.0, Sum:  0.0, Workers: 4
[89.246s][debug][gc,phases      ] GC(67)     Dead                           Min: 0, Avg:  0.0, Max: 0, Diff: 0, Sum: 0, Workers: 4
[89.246s][debug][gc,phases      ] GC(67)     Total                          Min: 0, Avg:  0.8, Max: 3, Diff: 3, Sum: 3, Workers: 4
[89.246s][debug][gc,phases      ] GC(67)   StringDedup Table Weak         Min:  0.0, Avg:  0.0, Max:  0.0, Diff:  0.0, Sum:  0.0, Workers: 4
[89.246s][debug][gc,phases      ] GC(67)     Dead                           Min: 0, Avg:  0.0, Max: 0, Diff: 0, Sum: 0, Workers: 4
[89.246s][debug][gc,phases      ] GC(67)     Total                          Min: 0, Avg:  0.0, Max: 0, Diff: 0, Sum: 0, Workers: 4
[89.246s][debug][gc,phases      ] GC(67)   StringDedup Requests0 Weak     Min:  0.0, Avg:  0.0, Max:  0.0, Diff:  0.0, Sum:  0.0, Workers: 4
[89.246s][debug][gc,phases      ] GC(67)     Dead                           Min: 0, Avg:  0.0, Max: 0, Diff: 0, Sum: 0, Workers: 4
[89.246s][debug][gc,phases      ] GC(67)     Total                          Min: 0, Avg:  0.0, Max: 0, Diff: 0, Sum: 0, Workers: 4
[89.246s][debug][gc,phases      ] GC(67)   StringDedup Requests1 Weak     Min:  0.0, Avg:  0.0, Max:  0.0, Diff:  0.0, Sum:  0.0, Workers: 4
[89.246s][debug][gc,phases      ] GC(67)     Dead                           Min: 0, Avg:  0.0, Max: 0, Diff: 0, Sum: 0, Workers: 4
[89.246s][debug][gc,phases      ] GC(67)     Total                          Min: 0, Avg:  0.0, Max: 0, Diff: 0, Sum: 0, Workers: 4
[89.246s][debug][gc,phases      ] GC(67)   Weak JFR Old Object Samples    Min:  0.0, Avg:  0.0, Max:  0.0, Diff:  0.0, Sum:  0.0, Workers: 4
[89.246s][debug][gc,phases      ] GC(67)     Dead                           Min: 0, Avg:  0.0, Max: 0, Diff: 0, Sum: 0, Workers: 4
[89.246s][debug][gc,phases      ] GC(67)     Total                          Min: 0, Avg:  0.0, Max: 0, Diff: 0, Sum: 0, Workers: 4
[89.246s][debug][gc,phases      ] GC(67) Weak Processing 0.361ms
[89.246s][debug][gc,age         ] GC(67) Desired survivor size 468713472 bytes, new threshold 15 (max threshold 15)
[89.246s][info ][gc,heap        ] GC(67) PSYoungGen: 1227289K(1227776K)->19402K(1635328K) Eden: 1215488K(1215488K)->0K(1181696K) From: 11801K(12288K)->19402K(453632K)
[89.246s][info ][gc,heap        ] GC(67) ParOldGen: 387328K(504320K)->387328K(504320K)
[89.246s][info ][gc,metaspace   ] GC(67) Metaspace: 86030K(86912K)->86030K(86912K) NonClass: 73754K(74240K)->73754K(74240K) Class: 12276K(12672K)->12276K(12672K)
[89.246s][info ][gc             ] GC(67) Pause Young (Allocation Failure) 1576M->397M(2089M) 7.490ms
[89.246s][info ][gc,cpu         ] GC(67) User=0.04s Sys=0.00s Real=0.01s
[89.246s][info ][safepoint      ] Safepoint "ParallelGCFailedAllocation", Time since last: 494243614 ns, Reaching safepoint: 133904 ns, At safepoint: 7576877 ns, Total: 7710781 ns
[89.906s][info ][gc,start       ] GC(68) Pause Young (Allocation Failure)
[89.918s][debug][gc,phases      ] GC(68) Scavenge 11.695ms
[89.918s][debug][gc,ref         ] GC(68) Skipped phase 1 of Reference Processing: no references
[89.918s][debug][gc,ref         ] GC(68) ReferenceProcessor::execute queues: 1, RefProcThreadModel::Single, marks_oops_alive: false
[89.918s][debug][gc,ref         ] GC(68) Skipped phase 3 of Reference Processing: no references
[89.918s][debug][gc,ref         ] GC(68) ReferenceProcessor::execute queues: 1, RefProcThreadModel::Single, marks_oops_alive: false
[89.918s][debug][gc,phases      ] GC(68) Reference Processing 0.120ms
[89.919s][debug][gc,phases      ] GC(68)   VM Weak                        Min:  0.0, Avg:  0.0, Max:  0.0, Diff:  0.0, Sum:  0.0, Workers: 4
[89.919s][debug][gc,phases      ] GC(68)     Dead                           Min: 0, Avg:  0.0, Max: 0, Diff: 0, Sum: 0, Workers: 4
[89.919s][debug][gc,phases      ] GC(68)     Total                          Min: 0, Avg: 192.8, Max: 771, Diff: 771, Sum: 771, Workers: 4
[89.919s][debug][gc,phases      ] GC(68)   ObjectSynchronizer Weak        Min:  0.0, Avg:  0.0, Max:  0.0, Diff:  0.0, Sum:  0.0, Workers: 4
[89.919s][debug][gc,phases      ] GC(68)     Dead                           Min: 0, Avg:  0.0, Max: 0, Diff: 0, Sum: 0, Workers: 4
[89.919s][debug][gc,phases      ] GC(68)     Total                          Min: 128, Avg: 315.0, Max: 428, Diff: 300, Sum: 1260, Workers: 4
[89.919s][debug][gc,phases      ] GC(68)   JVMTI Tag Weak OopStorage      Min:  0.0, Avg:  0.0, Max:  0.0, Diff:  0.0, Sum:  0.0, Workers: 4
[89.919s][debug][gc,phases      ] GC(68)     Dead                           Min: 0, Avg:  0.0, Max: 0, Diff: 0, Sum: 0, Workers: 4
[89.919s][debug][gc,phases      ] GC(68)     Total                          Min: 0, Avg:  0.0, Max: 0, Diff: 0, Sum: 0, Workers: 4
[89.919s][debug][gc,phases      ] GC(68)   StringTable Weak               Min:  0.1, Avg:  0.1, Max:  0.1, Diff:  0.0, Sum:  0.5, Workers: 4
[89.919s][debug][gc,phases      ] GC(68)     Dead                           Min: 0, Avg:  0.0, Max: 0, Diff: 0, Sum: 0, Workers: 4
[89.919s][debug][gc,phases      ] GC(68)     Total                          Min: 11392, Avg: 12317.5, Max: 12736, Diff: 1344, Sum: 49270, Workers: 4
[89.919s][debug][gc,phases      ] GC(68)   ResolvedMethodTable Weak       Min:  0.0, Avg:  0.0, Max:  0.0, Diff:  0.0, Sum:  0.1, Workers: 4
[89.919s][debug][gc,phases      ] GC(68)     Dead                           Min: 0, Avg:  0.0, Max: 0, Diff: 0, Sum: 0, Workers: 4
[89.919s][debug][gc,phases      ] GC(68)     Total                          Min: 2056, Avg: 2242.0, Max: 2368, Diff: 312, Sum: 8968, Workers: 4
[89.919s][debug][gc,phases      ] GC(68)   JNI Weak                       Min:  0.0, Avg:  0.0, Max:  0.0, Diff:  0.0, Sum:  0.0, Workers: 4
[89.919s][debug][gc,phases      ] GC(68)     Dead                           Min: 0, Avg:  0.0, Max: 0, Diff: 0, Sum: 0, Workers: 4
[89.919s][debug][gc,phases      ] GC(68)     Total                          Min: 0, Avg:  1.0, Max: 4, Diff: 4, Sum: 4, Workers: 4
[89.919s][debug][gc,phases      ] GC(68)   StringDedup Table Weak         Min:  0.0, Avg:  0.0, Max:  0.0, Diff:  0.0, Sum:  0.0, Workers: 4
[89.919s][debug][gc,phases      ] GC(68)     Dead                           Min: 0, Avg:  0.0, Max: 0, Diff: 0, Sum: 0, Workers: 4
[89.919s][debug][gc,phases      ] GC(68)     Total                          Min: 0, Avg:  0.0, Max: 0, Diff: 0, Sum: 0, Workers: 4
[89.919s][debug][gc,phases      ] GC(68)   StringDedup Requests0 Weak     Min:  0.0, Avg:  0.0, Max:  0.0, Diff:  0.0, Sum:  0.0, Workers: 4
[89.919s][debug][gc,phases      ] GC(68)     Dead                           Min: 0, Avg:  0.0, Max: 0, Diff: 0, Sum: 0, Workers: 4
[89.919s][debug][gc,phases      ] GC(68)     Total                          Min: 0, Avg:  0.0, Max: 0, Diff: 0, Sum: 0, Workers: 4
[89.919s][debug][gc,phases      ] GC(68)   StringDedup Requests1 Weak     Min:  0.0, Avg:  0.0, Max:  0.0, Diff:  0.0, Sum:  0.0, Workers: 4
[89.919s][debug][gc,phases      ] GC(68)     Dead                           Min: 0, Avg:  0.0, Max: 0, Diff: 0, Sum: 0, Workers: 4
[89.919s][debug][gc,phases      ] GC(68)     Total                          Min: 0, Avg:  0.0, Max: 0, Diff: 0, Sum: 0, Workers: 4
[89.919s][debug][gc,phases      ] GC(68)   Weak JFR Old Object Samples    Min:  0.0, Avg:  0.0, Max:  0.0, Diff:  0.0, Sum:  0.0, Workers: 4
[89.919s][debug][gc,phases      ] GC(68)     Dead                           Min: 0, Avg:  0.0, Max: 0, Diff: 0, Sum: 0, Workers: 4
[89.919s][debug][gc,phases      ] GC(68)     Total                          Min: 0, Avg:  0.0, Max: 0, Diff: 0, Sum: 0, Workers: 4
[89.919s][debug][gc,phases      ] GC(68) Weak Processing 0.346ms
[89.919s][debug][gc,age         ] GC(68) Desired survivor size 465567744 bytes, new threshold 15 (max threshold 15)
[89.919s][info ][gc,heap        ] GC(68) PSYoungGen: 1201098K(1635328K)->32492K(1639424K) Eden: 1181696K(1181696K)->0K(1181696K) From: 19402K(453632K)->32492K(457728K)
[89.919s][info ][gc,heap        ] GC(68) ParOldGen: 387328K(504320K)->387328K(504320K)
[89.919s][info ][gc,metaspace   ] GC(68) Metaspace: 86036K(86912K)->86036K(86912K) NonClass: 73760K(74240K)->73760K(74240K) Class: 12276K(12672K)->12276K(12672K)
[89.919s][info ][gc             ] GC(68) Pause Young (Allocation Failure) 1551M->409M(2093M) 12.320ms
[89.919s][info ][gc,cpu         ] GC(68) User=0.04s Sys=0.00s Real=0.01s
[89.919s][info ][safepoint      ] Safepoint "ParallelGCFailedAllocation", Time since last: 659848845 ns, Reaching safepoint: 233909 ns, At safepoint: 12435853 ns, Total: 12669762 ns
[90.540s][info ][gc,start       ] GC(69) Pause Young (Allocation Failure)
[90.553s][debug][gc,phases      ] GC(69) Scavenge 12.647ms
[90.553s][debug][gc,ref         ] GC(69) Skipped phase 1 of Reference Processing: no references
[90.553s][debug][gc,ref         ] GC(69) ReferenceProcessor::execute queues: 1, RefProcThreadModel::Single, marks_oops_alive: false
[90.553s][debug][gc,ref         ] GC(69) Skipped phase 3 of Reference Processing: no references
[90.553s][debug][gc,ref         ] GC(69) ReferenceProcessor::execute queues: 1, RefProcThreadModel::Single, marks_oops_alive: false
[90.553s][debug][gc,phases      ] GC(69) Reference Processing 0.135ms
[90.553s][debug][gc,phases      ] GC(69)   VM Weak                        Min:  0.0, Avg:  0.0, Max:  0.0, Diff:  0.0, Sum:  0.0, Workers: 4
[90.553s][debug][gc,phases      ] GC(69)     Dead                           Min: 0, Avg:  0.0, Max: 0, Diff: 0, Sum: 0, Workers: 4
[90.553s][debug][gc,phases      ] GC(69)     Total                          Min: 0, Avg: 192.8, Max: 704, Diff: 704, Sum: 771, Workers: 4
[90.553s][debug][gc,phases      ] GC(69)   ObjectSynchronizer Weak        Min:  0.0, Avg:  0.0, Max:  0.0, Diff:  0.0, Sum:  0.0, Workers: 4
[90.553s][debug][gc,phases      ] GC(69)     Dead                           Min: 0, Avg:  0.0, Max: 0, Diff: 0, Sum: 0, Workers: 4
[90.553s][debug][gc,phases      ] GC(69)     Total                          Min: 256, Avg: 315.0, Max: 384, Diff: 128, Sum: 1260, Workers: 4
[90.553s][debug][gc,phases      ] GC(69)   JVMTI Tag Weak OopStorage      Min:  0.0, Avg:  0.0, Max:  0.0, Diff:  0.0, Sum:  0.0, Workers: 4
[90.553s][debug][gc,phases      ] GC(69)     Dead                           Min: 0, Avg:  0.0, Max: 0, Diff: 0, Sum: 0, Workers: 4
[90.553s][debug][gc,phases      ] GC(69)     Total                          Min: 0, Avg:  0.0, Max: 0, Diff: 0, Sum: 0, Workers: 4
[90.553s][debug][gc,phases      ] GC(69)   StringTable Weak               Min:  0.1, Avg:  0.1, Max:  0.1, Diff:  0.0, Sum:  0.5, Workers: 4
[90.553s][debug][gc,phases      ] GC(69)     Dead                           Min: 0, Avg:  0.0, Max: 0, Diff: 0, Sum: 0, Workers: 4
[90.553s][debug][gc,phases      ] GC(69)     Total                          Min: 12032, Avg: 12317.8, Max: 12727, Diff: 695, Sum: 49271, Workers: 4
[90.553s][debug][gc,phases      ] GC(69)   ResolvedMethodTable Weak       Min:  0.0, Avg:  0.0, Max:  0.0, Diff:  0.0, Sum:  0.1, Workers: 4
[90.553s][debug][gc,phases      ] GC(69)     Dead                           Min: 0, Avg:  0.0, Max: 0, Diff: 0, Sum: 0, Workers: 4
[90.553s][debug][gc,phases      ] GC(69)     Total                          Min: 2120, Avg: 2242.0, Max: 2368, Diff: 248, Sum: 8968, Workers: 4
[90.553s][debug][gc,phases      ] GC(69)   JNI Weak                       Min:  0.0, Avg:  0.0, Max:  0.0, Diff:  0.0, Sum:  0.0, Workers: 4
[90.553s][debug][gc,phases      ] GC(69)     Dead                           Min: 0, Avg:  0.0, Max: 0, Diff: 0, Sum: 0, Workers: 4
[90.553s][debug][gc,phases      ] GC(69)     Total                          Min: 0, Avg:  0.0, Max: 0, Diff: 0, Sum: 0, Workers: 4
[90.553s][debug][gc,phases      ] GC(69)   StringDedup Table Weak         Min:  0.0, Avg:  0.0, Max:  0.0, Diff:  0.0, Sum:  0.0, Workers: 4
[90.553s][debug][gc,phases      ] GC(69)     Dead                           Min: 0, Avg:  0.0, Max: 0, Diff: 0, Sum: 0, Workers: 4
[90.553s][debug][gc,phases      ] GC(69)     Total                          Min: 0, Avg:  0.0, Max: 0, Diff: 0, Sum: 0, Workers: 4
[90.553s][debug][gc,phases      ] GC(69)   StringDedup Requests0 Weak     Min:  0.0, Avg:  0.0, Max:  0.0, Diff:  0.0, Sum:  0.0, Workers: 4
[90.553s][debug][gc,phases      ] GC(69)     Dead                           Min: 0, Avg:  0.0, Max: 0, Diff: 0, Sum: 0, Workers: 4
[90.553s][debug][gc,phases      ] GC(69)     Total                          Min: 0, Avg:  0.0, Max: 0, Diff: 0, Sum: 0, Workers: 4
[90.553s][debug][gc,phases      ] GC(69)   StringDedup Requests1 Weak     Min:  0.0, Avg:  0.0, Max:  0.0, Diff:  0.0, Sum:  0.0, Workers: 4
[90.553s][debug][gc,phases      ] GC(69)     Dead                           Min: 0, Avg:  0.0, Max: 0, Diff: 0, Sum: 0, Workers: 4
[90.553s][debug][gc,phases      ] GC(69)     Total                          Min: 0, Avg:  0.0, Max: 0, Diff: 0, Sum: 0, Workers: 4
[90.553s][debug][gc,phases      ] GC(69)   Weak JFR Old Object Samples    Min:  0.0, Avg:  0.0, Max:  0.0, Diff:  0.0, Sum:  0.0, Workers: 4
[90.553s][debug][gc,phases      ] GC(69)     Dead                           Min: 0, Avg:  0.0, Max: 0, Diff: 0, Sum: 0, Workers: 4
[90.553s][debug][gc,phases      ] GC(69)     Total                          Min: 0, Avg:  0.0, Max: 0, Diff: 0, Sum: 0, Workers: 4
[90.553s][debug][gc,phases      ] GC(69) Weak Processing 0.370ms
[90.553s][debug][gc,age         ] GC(69) Desired survivor size 458227712 bytes, new threshold 15 (max threshold 15)
[90.553s][info ][gc,heap        ] GC(69) PSYoungGen: 1214188K(1639424K)->36298K(1649664K) Eden: 1181696K(1181696K)->0K(1195008K) From: 32492K(457728K)->36298K(454656K)
[90.553s][info ][gc,heap        ] GC(69) ParOldGen: 387328K(504320K)->387328K(504320K)
[90.553s][info ][gc,metaspace   ] GC(69) Metaspace: 86044K(86912K)->86044K(86912K) NonClass: 73768K(74240K)->73768K(74240K) Class: 12276K(12672K)->12276K(12672K)
[90.553s][info ][gc             ] GC(69) Pause Young (Allocation Failure) 1563M->413M(2103M) 13.295ms
[90.553s][info ][gc,cpu         ] GC(69) User=0.05s Sys=0.01s Real=0.02s
[90.553s][info ][safepoint      ] Safepoint "ParallelGCFailedAllocation", Time since last: 620821921 ns, Reaching safepoint: 197207 ns, At safepoint: 13395588 ns, Total: 13592795 ns
[91.554s][info ][safepoint      ] Safepoint "Cleanup", Time since last: 1000090335 ns, Reaching safepoint: 210108 ns, At safepoint: 15300 ns, Total: 225408 ns
[92.232s][info ][gc,start       ] GC(70) Pause Young (Allocation Failure)
[92.244s][debug][gc,phases      ] GC(70) Scavenge 11.373ms
[92.244s][debug][gc,ref         ] GC(70) Skipped phase 1 of Reference Processing: no references
[92.244s][debug][gc,ref         ] GC(70) ReferenceProcessor::execute queues: 1, RefProcThreadModel::Single, marks_oops_alive: false
[92.244s][debug][gc,ref         ] GC(70) Skipped phase 3 of Reference Processing: no references
[92.244s][debug][gc,ref         ] GC(70) ReferenceProcessor::execute queues: 1, RefProcThreadModel::Single, marks_oops_alive: false
[92.244s][debug][gc,phases      ] GC(70) Reference Processing 0.138ms
[92.244s][debug][gc,phases      ] GC(70)   VM Weak                        Min:  0.0, Avg:  0.0, Max:  0.0, Diff:  0.0, Sum:  0.0, Workers: 4
[92.244s][debug][gc,phases      ] GC(70)     Dead                           Min: 0, Avg:  0.0, Max: 0, Diff: 0, Sum: 0, Workers: 4
[92.244s][debug][gc,phases      ] GC(70)     Total                          Min: 0, Avg: 192.8, Max: 515, Diff: 515, Sum: 771, Workers: 4
[92.244s][debug][gc,phases      ] GC(70)   ObjectSynchronizer Weak        Min:  0.0, Avg:  0.0, Max:  0.0, Diff:  0.0, Sum:  0.0, Workers: 4
[92.244s][debug][gc,phases      ] GC(70)     Dead                           Min: 0, Avg:  0.0, Max: 0, Diff: 0, Sum: 0, Workers: 4
[92.244s][debug][gc,phases      ] GC(70)     Total                          Min: 0, Avg: 315.0, Max: 448, Diff: 448, Sum: 1260, Workers: 4
[92.244s][debug][gc,phases      ] GC(70)   JVMTI Tag Weak OopStorage      Min:  0.0, Avg:  0.0, Max:  0.0, Diff:  0.0, Sum:  0.0, Workers: 4
[92.244s][debug][gc,phases      ] GC(70)     Dead                           Min: 0, Avg:  0.0, Max: 0, Diff: 0, Sum: 0, Workers: 4
[92.244s][debug][gc,phases      ] GC(70)     Total                          Min: 0, Avg:  0.0, Max: 0, Diff: 0, Sum: 0, Workers: 4
[92.244s][debug][gc,phases      ] GC(70)   StringTable Weak               Min:  0.1, Avg:  0.1, Max:  0.1, Diff:  0.0, Sum:  0.5, Workers: 4
[92.244s][debug][gc,phases      ] GC(70)     Dead                           Min: 0, Avg:  0.0, Max: 0, Diff: 0, Sum: 0, Workers: 4
[92.244s][debug][gc,phases      ] GC(70)     Total                          Min: 10752, Avg: 12322.8, Max: 13323, Diff: 2571, Sum: 49291, Workers: 4
[92.244s][debug][gc,phases      ] GC(70)   ResolvedMethodTable Weak       Min:  0.0, Avg:  0.0, Max:  0.0, Diff:  0.0, Sum:  0.1, Workers: 4
[92.244s][debug][gc,phases      ] GC(70)     Dead                           Min: 0, Avg:  0.0, Max: 0, Diff: 0, Sum: 0, Workers: 4
[92.244s][debug][gc,phases      ] GC(70)     Total                          Min: 2048, Avg: 2242.2, Max: 2560, Diff: 512, Sum: 8969, Workers: 4
[92.244s][debug][gc,phases      ] GC(70)   JNI Weak                       Min:  0.0, Avg:  0.0, Max:  0.0, Diff:  0.0, Sum:  0.0, Workers: 4
[92.244s][debug][gc,phases      ] GC(70)     Dead                           Min: 0, Avg:  0.0, Max: 0, Diff: 0, Sum: 0, Workers: 4
[92.244s][debug][gc,phases      ] GC(70)     Total                          Min: 0, Avg:  0.2, Max: 1, Diff: 1, Sum: 1, Workers: 4
[92.244s][debug][gc,phases      ] GC(70)   StringDedup Table Weak         Min:  0.0, Avg:  0.0, Max:  0.0, Diff:  0.0, Sum:  0.0, Workers: 4
[92.244s][debug][gc,phases      ] GC(70)     Dead                           Min: 0, Avg:  0.0, Max: 0, Diff: 0, Sum: 0, Workers: 4
[92.244s][debug][gc,phases      ] GC(70)     Total                          Min: 0, Avg:  0.0, Max: 0, Diff: 0, Sum: 0, Workers: 4
[92.244s][debug][gc,phases      ] GC(70)   StringDedup Requests0 Weak     Min:  0.0, Avg:  0.0, Max:  0.0, Diff:  0.0, Sum:  0.0, Workers: 4
[92.244s][debug][gc,phases      ] GC(70)     Dead                           Min: 0, Avg:  0.0, Max: 0, Diff: 0, Sum: 0, Workers: 4
[92.244s][debug][gc,phases      ] GC(70)     Total                          Min: 0, Avg:  0.0, Max: 0, Diff: 0, Sum: 0, Workers: 4
[92.244s][debug][gc,phases      ] GC(70)   StringDedup Requests1 Weak     Min:  0.0, Avg:  0.0, Max:  0.0, Diff:  0.0, Sum:  0.0, Workers: 4
[92.244s][debug][gc,phases      ] GC(70)     Dead                           Min: 0, Avg:  0.0, Max: 0, Diff: 0, Sum: 0, Workers: 4
[92.244s][debug][gc,phases      ] GC(70)     Total                          Min: 0, Avg:  0.0, Max: 0, Diff: 0, Sum: 0, Workers: 4
[92.244s][debug][gc,phases      ] GC(70)   Weak JFR Old Object Samples    Min:  0.0, Avg:  0.0, Max:  0.0, Diff:  0.0, Sum:  0.0, Workers: 4
[92.244s][debug][gc,phases      ] GC(70)     Dead                           Min: 0, Avg:  0.0, Max: 0, Diff: 0, Sum: 0, Workers: 4
[92.244s][debug][gc,phases      ] GC(70)     Total                          Min: 0, Avg:  0.0, Max: 0, Diff: 0, Sum: 0, Workers: 4
[92.244s][debug][gc,phases      ] GC(70) Weak Processing 0.332ms
[92.244s][debug][gc,age         ] GC(70) Desired survivor size 447217664 bytes, new threshold 15 (max threshold 15)
[92.244s][info ][gc,heap        ] GC(70) PSYoungGen: 1231306K(1649664K)->40513K(1642496K) Eden: 1195008K(1195008K)->0K(1195008K) From: 36298K(454656K)->40513K(447488K)
[92.244s][info ][gc,heap        ] GC(70) ParOldGen: 387328K(504320K)->387328K(504320K)
[92.244s][info ][gc,metaspace   ] GC(70) Metaspace: 86086K(86976K)->86086K(86976K) NonClass: 73808K(74304K)->73808K(74304K) Class: 12277K(12672K)->12277K(12672K)
[92.244s][info ][gc             ] GC(70) Pause Young (Allocation Failure) 1580M->417M(2096M) 12.011ms
[92.244s][info ][gc,cpu         ] GC(70) User=0.05s Sys=0.00s Real=0.01s
[92.244s][info ][safepoint      ] Safepoint "ParallelGCFailedAllocation", Time since last: 678303308 ns, Reaching safepoint: 256710 ns, At safepoint: 12143042 ns, Total: 12399752 ns
[93.839s][info ][safepoint      ] Safepoint "Cleanup", Time since last: 1594072051 ns, Reaching safepoint: 241609 ns, At safepoint: 9000 ns, Total: 250609 ns
[94.839s][info ][safepoint      ] Safepoint "Cleanup", Time since last: 1000100412 ns, Reaching safepoint: 177407 ns, At safepoint: 8600 ns, Total: 186007 ns
[95.839s][info ][safepoint      ] Safepoint "Cleanup", Time since last: 1000114305 ns, Reaching safepoint: 164406 ns, At safepoint: 18001 ns, Total: 182407 ns
[96.839s][info ][safepoint      ] Safepoint "Cleanup", Time since last: 1000143999 ns, Reaching safepoint: 145206 ns, At safepoint: 11700 ns, Total: 156906 ns
[97.852s][info ][gc,start       ] GC(71) Pause Young (Allocation Failure)
[97.868s][debug][gc,phases      ] GC(71) Scavenge 16.603ms
[97.868s][debug][gc,ref         ] GC(71) Skipped phase 1 of Reference Processing: no references
[97.868s][debug][gc,ref         ] GC(71) ReferenceProcessor::execute queues: 1, RefProcThreadModel::Single, marks_oops_alive: false
[97.868s][debug][gc,ref         ] GC(71) Skipped phase 3 of Reference Processing: no references
[97.868s][debug][gc,ref         ] GC(71) ReferenceProcessor::execute queues: 1, RefProcThreadModel::Single, marks_oops_alive: false
[97.868s][debug][gc,phases      ] GC(71) Reference Processing 0.127ms
[97.869s][debug][gc,phases      ] GC(71)   VM Weak                        Min:  0.0, Avg:  0.0, Max:  0.0, Diff:  0.0, Sum:  0.0, Workers: 4
[97.869s][debug][gc,phases      ] GC(71)     Dead                           Min: 0, Avg:  0.0, Max: 0, Diff: 0, Sum: 0, Workers: 4
[97.869s][debug][gc,phases      ] GC(71)     Total                          Min: 0, Avg: 192.8, Max: 771, Diff: 771, Sum: 771, Workers: 4
[97.869s][debug][gc,phases      ] GC(71)   ObjectSynchronizer Weak        Min:  0.0, Avg:  0.0, Max:  0.0, Diff:  0.0, Sum:  0.0, Workers: 4
[97.869s][debug][gc,phases      ] GC(71)     Dead                           Min: 0, Avg:  0.0, Max: 0, Diff: 0, Sum: 0, Workers: 4
[97.869s][debug][gc,phases      ] GC(71)     Total                          Min: 192, Avg: 315.0, Max: 428, Diff: 236, Sum: 1260, Workers: 4
[97.869s][debug][gc,phases      ] GC(71)   JVMTI Tag Weak OopStorage      Min:  0.0, Avg:  0.0, Max:  0.0, Diff:  0.0, Sum:  0.0, Workers: 4
[97.869s][debug][gc,phases      ] GC(71)     Dead                           Min: 0, Avg:  0.0, Max: 0, Diff: 0, Sum: 0, Workers: 4
[97.869s][debug][gc,phases      ] GC(71)     Total                          Min: 0, Avg:  0.0, Max: 0, Diff: 0, Sum: 0, Workers: 4
[97.869s][debug][gc,phases      ] GC(71)   StringTable Weak               Min:  0.1, Avg:  0.1, Max:  0.1, Diff:  0.0, Sum:  0.5, Workers: 4
[97.869s][debug][gc,phases      ] GC(71)     Dead                           Min: 0, Avg:  0.0, Max: 0, Diff: 0, Sum: 0, Workers: 4
[97.869s][debug][gc,phases      ] GC(71)     Total                          Min: 11888, Avg: 12332.0, Max: 13056, Diff: 1168, Sum: 49328, Workers: 4
[97.869s][debug][gc,phases      ] GC(71)   ResolvedMethodTable Weak       Min:  0.0, Avg:  0.0, Max:  0.0, Diff:  0.0, Sum:  0.1, Workers: 4
[97.869s][debug][gc,phases      ] GC(71)     Dead                           Min: 0, Avg:  0.0, Max: 0, Diff: 0, Sum: 0, Workers: 4
[97.869s][debug][gc,phases      ] GC(71)     Total                          Min: 2060, Avg: 2243.0, Max: 2368, Diff: 308, Sum: 8972, Workers: 4
[97.869s][debug][gc,phases      ] GC(71)   JNI Weak                       Min:  0.0, Avg:  0.0, Max:  0.0, Diff:  0.0, Sum:  0.0, Workers: 4
[97.869s][debug][gc,phases      ] GC(71)     Dead                           Min: 0, Avg:  0.0, Max: 0, Diff: 0, Sum: 0, Workers: 4
[97.869s][debug][gc,phases      ] GC(71)     Total                          Min: 0, Avg:  0.0, Max: 0, Diff: 0, Sum: 0, Workers: 4
[97.869s][debug][gc,phases      ] GC(71)   StringDedup Table Weak         Min:  0.0, Avg:  0.0, Max:  0.0, Diff:  0.0, Sum:  0.0, Workers: 4
[97.869s][debug][gc,phases      ] GC(71)     Dead                           Min: 0, Avg:  0.0, Max: 0, Diff: 0, Sum: 0, Workers: 4
[97.869s][debug][gc,phases      ] GC(71)     Total                          Min: 0, Avg:  0.0, Max: 0, Diff: 0, Sum: 0, Workers: 4
[97.869s][debug][gc,phases      ] GC(71)   StringDedup Requests0 Weak     Min:  0.0, Avg:  0.0, Max:  0.0, Diff:  0.0, Sum:  0.0, Workers: 4
[97.869s][debug][gc,phases      ] GC(71)     Dead                           Min: 0, Avg:  0.0, Max: 0, Diff: 0, Sum: 0, Workers: 4
[97.869s][debug][gc,phases      ] GC(71)     Total                          Min: 0, Avg:  0.0, Max: 0, Diff: 0, Sum: 0, Workers: 4
[97.869s][debug][gc,phases      ] GC(71)   StringDedup Requests1 Weak     Min:  0.0, Avg:  0.0, Max:  0.0, Diff:  0.0, Sum:  0.0, Workers: 4
[97.869s][debug][gc,phases      ] GC(71)     Dead                           Min: 0, Avg:  0.0, Max: 0, Diff: 0, Sum: 0, Workers: 4
[97.869s][debug][gc,phases      ] GC(71)     Total                          Min: 0, Avg:  0.0, Max: 0, Diff: 0, Sum: 0, Workers: 4
[97.869s][debug][gc,phases      ] GC(71)   Weak JFR Old Object Samples    Min:  0.0, Avg:  0.0, Max:  0.0, Diff:  0.0, Sum:  0.0, Workers: 4
[97.869s][debug][gc,phases      ] GC(71)     Dead                           Min: 0, Avg:  0.0, Max: 0, Diff: 0, Sum: 0, Workers: 4
[97.869s][debug][gc,phases      ] GC(71)     Total                          Min: 0, Avg:  0.0, Max: 0, Diff: 0, Sum: 0, Workers: 4
[97.869s][debug][gc,phases      ] GC(71) Weak Processing 0.353ms
[97.869s][debug][gc,age         ] GC(71) Desired survivor size 432537600 bytes, new threshold 15 (max threshold 15)
[97.869s][info ][gc,heap        ] GC(71) PSYoungGen: 1235521K(1642496K)->50541K(1674752K) Eden: 1195008K(1195008K)->0K(1238016K) From: 40513K(447488K)->50541K(436736K)
[97.869s][info ][gc,heap        ] GC(71) ParOldGen: 387328K(504320K)->387336K(504320K)
[97.869s][info ][gc,metaspace   ] GC(71) Metaspace: 86219K(87104K)->86219K(87104K) NonClass: 73940K(74432K)->73940K(74432K) Class: 12278K(12672K)->12278K(12672K)
[97.869s][info ][gc             ] GC(71) Pause Young (Allocation Failure) 1584M->427M(2128M) 17.236ms
[97.869s][info ][gc,cpu         ] GC(71) User=0.06s Sys=0.00s Real=0.02s
[97.869s][info ][safepoint      ] Safepoint "ParallelGCFailedAllocation", Time since last: 1011931921 ns, Reaching safepoint: 231909 ns, At safepoint: 17352731 ns, Total: 17584640 ns
[99.051s][info ][safepoint      ] Safepoint "Cleanup", Time since last: 1182076103 ns, Reaching safepoint: 216508 ns, At safepoint: 25701 ns, Total: 242209 ns
[99.840s][info ][gc,start       ] GC(72) Pause Young (Allocation Failure)
[99.856s][debug][gc,phases      ] GC(72) Scavenge 16.703ms
[99.856s][debug][gc,ref         ] GC(72) Skipped phase 1 of Reference Processing: no references
[99.857s][debug][gc,ref         ] GC(72) ReferenceProcessor::execute queues: 1, RefProcThreadModel::Single, marks_oops_alive: false
[99.857s][debug][gc,ref         ] GC(72) Skipped phase 3 of Reference Processing: no references
[99.857s][debug][gc,ref         ] GC(72) ReferenceProcessor::execute queues: 1, RefProcThreadModel::Single, marks_oops_alive: false
[99.857s][debug][gc,phases      ] GC(72) Reference Processing 0.128ms
[99.857s][debug][gc,phases      ] GC(72)   VM Weak                        Min:  0.0, Avg:  0.0, Max:  0.0, Diff:  0.0, Sum:  0.0, Workers: 4
[99.857s][debug][gc,phases      ] GC(72)     Dead                           Min: 0, Avg:  0.0, Max: 0, Diff: 0, Sum: 0, Workers: 4
[99.857s][debug][gc,phases      ] GC(72)     Total                          Min: 0, Avg: 192.8, Max: 387, Diff: 387, Sum: 771, Workers: 4
[99.857s][debug][gc,phases      ] GC(72)   ObjectSynchronizer Weak        Min:  0.0, Avg:  0.0, Max:  0.0, Diff:  0.0, Sum:  0.0, Workers: 4
[99.857s][debug][gc,phases      ] GC(72)     Dead                           Min: 0, Avg:  0.0, Max: 0, Diff: 0, Sum: 0, Workers: 4
[99.857s][debug][gc,phases      ] GC(72)     Total                          Min: 108, Avg: 315.0, Max: 384, Diff: 276, Sum: 1260, Workers: 4
[99.857s][debug][gc,phases      ] GC(72)   JVMTI Tag Weak OopStorage      Min:  0.0, Avg:  0.0, Max:  0.0, Diff:  0.0, Sum:  0.0, Workers: 4
[99.857s][debug][gc,phases      ] GC(72)     Dead                           Min: 0, Avg:  0.0, Max: 0, Diff: 0, Sum: 0, Workers: 4
[99.857s][debug][gc,phases      ] GC(72)     Total                          Min: 0, Avg:  0.0, Max: 0, Diff: 0, Sum: 0, Workers: 4
[99.857s][debug][gc,phases      ] GC(72)   StringTable Weak               Min:  0.1, Avg:  0.1, Max:  0.1, Diff:  0.0, Sum:  0.5, Workers: 4
[99.857s][debug][gc,phases      ] GC(72)     Dead                           Min: 0, Avg:  0.2, Max: 1, Diff: 1, Sum: 1, Workers: 4
[99.857s][debug][gc,phases      ] GC(72)     Total                          Min: 10816, Avg: 12334.8, Max: 13051, Diff: 2235, Sum: 49339, Workers: 4
[99.857s][debug][gc,phases      ] GC(72)   ResolvedMethodTable Weak       Min:  0.0, Avg:  0.0, Max:  0.0, Diff:  0.0, Sum:  0.1, Workers: 4
[99.857s][debug][gc,phases      ] GC(72)     Dead                           Min: 0, Avg:  0.0, Max: 0, Diff: 0, Sum: 0, Workers: 4
[99.857s][debug][gc,phases      ] GC(72)     Total                          Min: 2197, Avg: 2245.2, Max: 2304, Diff: 107, Sum: 8981, Workers: 4
[99.857s][debug][gc,phases      ] GC(72)   JNI Weak                       Min:  0.0, Avg:  0.0, Max:  0.0, Diff:  0.0, Sum:  0.0, Workers: 4
[99.857s][debug][gc,phases      ] GC(72)     Dead                           Min: 0, Avg:  0.0, Max: 0, Diff: 0, Sum: 0, Workers: 4
[99.857s][debug][gc,phases      ] GC(72)     Total                          Min: 0, Avg:  0.0, Max: 0, Diff: 0, Sum: 0, Workers: 4
[99.857s][debug][gc,phases      ] GC(72)   StringDedup Table Weak         Min:  0.0, Avg:  0.0, Max:  0.0, Diff:  0.0, Sum:  0.0, Workers: 4
[99.857s][debug][gc,phases      ] GC(72)     Dead                           Min: 0, Avg:  0.0, Max: 0, Diff: 0, Sum: 0, Workers: 4
[99.857s][debug][gc,phases      ] GC(72)     Total                          Min: 0, Avg:  0.0, Max: 0, Diff: 0, Sum: 0, Workers: 4
[99.857s][debug][gc,phases      ] GC(72)   StringDedup Requests0 Weak     Min:  0.0, Avg:  0.0, Max:  0.0, Diff:  0.0, Sum:  0.0, Workers: 4
[99.857s][debug][gc,phases      ] GC(72)     Dead                           Min: 0, Avg:  0.0, Max: 0, Diff: 0, Sum: 0, Workers: 4
[99.857s][debug][gc,phases      ] GC(72)     Total                          Min: 0, Avg:  0.0, Max: 0, Diff: 0, Sum: 0, Workers: 4
[99.857s][debug][gc,phases      ] GC(72)   StringDedup Requests1 Weak     Min:  0.0, Avg:  0.0, Max:  0.0, Diff:  0.0, Sum:  0.0, Workers: 4
[99.857s][debug][gc,phases      ] GC(72)     Dead                           Min: 0, Avg:  0.0, Max: 0, Diff: 0, Sum: 0, Workers: 4
[99.857s][debug][gc,phases      ] GC(72)     Total                          Min: 0, Avg:  0.0, Max: 0, Diff: 0, Sum: 0, Workers: 4
[99.857s][debug][gc,phases      ] GC(72)   Weak JFR Old Object Samples    Min:  0.0, Avg:  0.0, Max:  0.0, Diff:  0.0, Sum:  0.0, Workers: 4
[99.857s][debug][gc,phases      ] GC(72)     Dead                           Min: 0, Avg:  0.0, Max: 0, Diff: 0, Sum: 0, Workers: 4
[99.857s][debug][gc,phases      ] GC(72)     Total                          Min: 0, Avg:  0.0, Max: 0, Diff: 0, Sum: 0, Workers: 4
[99.857s][debug][gc,phases      ] GC(72) Weak Processing 0.405ms
[99.857s][debug][gc,age         ] GC(72) Desired survivor size 415236096 bytes, new threshold 15 (max threshold 15)
[99.857s][info ][gc,heap        ] GC(72) PSYoungGen: 1288557K(1674752K)->58004K(1660416K) Eden: 1238016K(1238016K)->0K(1238016K) From: 50541K(436736K)->58004K(422400K)
[99.857s][info ][gc,heap        ] GC(72) ParOldGen: 387336K(504320K)->387336K(504320K)
[99.857s][info ][gc,metaspace   ] GC(72) Metaspace: 86252K(87104K)->86252K(87104K) NonClass: 73970K(74432K)->73970K(74432K) Class: 12282K(12672K)->12282K(12672K)
[99.857s][info ][gc             ] GC(72) Pause Young (Allocation Failure) 1636M->434M(2114M) 17.400ms
[99.857s][info ][gc,cpu         ] GC(72) User=0.06s Sys=0.00s Real=0.02s
[99.857s][info ][safepoint      ] Safepoint "ParallelGCFailedAllocation", Time since last: 788162567 ns, Reaching safepoint: 152806 ns, At safepoint: 17513537 ns, Total: 17666343 ns
[100.857s][info ][safepoint      ] Safepoint "Cleanup", Time since last: 1000092969 ns, Reaching safepoint: 171606 ns, At safepoint: 22201 ns, Total: 193807 ns
[101.747s][info ][gc,start       ] GC(73) Pause Young (Allocation Failure)
[101.766s][debug][gc,phases      ] GC(73) Scavenge 18.421ms
[101.766s][debug][gc,ref         ] GC(73) Skipped phase 1 of Reference Processing: no references
[101.766s][debug][gc,ref         ] GC(73) ReferenceProcessor::execute queues: 1, RefProcThreadModel::Single, marks_oops_alive: false
[101.766s][debug][gc,ref         ] GC(73) Skipped phase 3 of Reference Processing: no references
[101.766s][debug][gc,ref         ] GC(73) ReferenceProcessor::execute queues: 1, RefProcThreadModel::Single, marks_oops_alive: false
[101.766s][debug][gc,phases      ] GC(73) Reference Processing 0.126ms
[101.766s][debug][gc,phases      ] GC(73)   VM Weak                        Min:  0.0, Avg:  0.0, Max:  0.0, Diff:  0.0, Sum:  0.0, Workers: 4
[101.766s][debug][gc,phases      ] GC(73)     Dead                           Min: 0, Avg:  0.0, Max: 0, Diff: 0, Sum: 0, Workers: 4
[101.766s][debug][gc,phases      ] GC(73)     Total                          Min: 0, Avg: 192.8, Max: 384, Diff: 384, Sum: 771, Workers: 4
[101.766s][debug][gc,phases      ] GC(73)   ObjectSynchronizer Weak        Min:  0.0, Avg:  0.0, Max:  0.0, Diff:  0.0, Sum:  0.0, Workers: 4
[101.766s][debug][gc,phases      ] GC(73)     Dead                           Min: 0, Avg:  0.0, Max: 0, Diff: 0, Sum: 0, Workers: 4
[101.766s][debug][gc,phases      ] GC(73)     Total                          Min: 0, Avg: 315.0, Max: 448, Diff: 448, Sum: 1260, Workers: 4
[101.766s][debug][gc,phases      ] GC(73)   JVMTI Tag Weak OopStorage      Min:  0.0, Avg:  0.0, Max:  0.0, Diff:  0.0, Sum:  0.0, Workers: 4
[101.766s][debug][gc,phases      ] GC(73)     Dead                           Min: 0, Avg:  0.0, Max: 0, Diff: 0, Sum: 0, Workers: 4
[101.766s][debug][gc,phases      ] GC(73)     Total                          Min: 0, Avg:  0.0, Max: 0, Diff: 0, Sum: 0, Workers: 4
[101.766s][debug][gc,phases      ] GC(73)   StringTable Weak               Min:  0.0, Avg:  0.1, Max:  0.2, Diff:  0.2, Sum:  0.6, Workers: 4
[101.766s][debug][gc,phases      ] GC(73)     Dead                           Min: 0, Avg:  0.0, Max: 0, Diff: 0, Sum: 0, Workers: 4
[101.766s][debug][gc,phases      ] GC(73)     Total                          Min: 0, Avg: 12342.2, Max: 16921, Diff: 16921, Sum: 49369, Workers: 4
[101.766s][debug][gc,phases      ] GC(73)   ResolvedMethodTable Weak       Min:  0.0, Avg:  0.0, Max:  0.0, Diff:  0.0, Sum:  0.1, Workers: 4
[101.766s][debug][gc,phases      ] GC(73)     Dead                           Min: 0, Avg:  0.0, Max: 0, Diff: 0, Sum: 0, Workers: 4
[101.766s][debug][gc,phases      ] GC(73)     Total                          Min: 0, Avg: 2245.2, Max: 3072, Diff: 3072, Sum: 8981, Workers: 4
[101.766s][debug][gc,phases      ] GC(73)   JNI Weak                       Min:  0.0, Avg:  0.0, Max:  0.0, Diff:  0.0, Sum:  0.0, Workers: 4
[101.766s][debug][gc,phases      ] GC(73)     Dead                           Min: 0, Avg:  0.0, Max: 0, Diff: 0, Sum: 0, Workers: 4
[101.766s][debug][gc,phases      ] GC(73)     Total                          Min: 0, Avg:  0.0, Max: 0, Diff: 0, Sum: 0, Workers: 4
[101.766s][debug][gc,phases      ] GC(73)   StringDedup Table Weak         Min:  0.0, Avg:  0.0, Max:  0.0, Diff:  0.0, Sum:  0.0, Workers: 4
[101.766s][debug][gc,phases      ] GC(73)     Dead                           Min: 0, Avg:  0.0, Max: 0, Diff: 0, Sum: 0, Workers: 4
[101.766s][debug][gc,phases      ] GC(73)     Total                          Min: 0, Avg:  0.0, Max: 0, Diff: 0, Sum: 0, Workers: 4
[101.766s][debug][gc,phases      ] GC(73)   StringDedup Requests0 Weak     Min:  0.0, Avg:  0.0, Max:  0.0, Diff:  0.0, Sum:  0.0, Workers: 4
[101.766s][debug][gc,phases      ] GC(73)     Dead                           Min: 0, Avg:  0.0, Max: 0, Diff: 0, Sum: 0, Workers: 4
[101.766s][debug][gc,phases      ] GC(73)     Total                          Min: 0, Avg:  0.0, Max: 0, Diff: 0, Sum: 0, Workers: 4
[101.766s][debug][gc,phases      ] GC(73)   StringDedup Requests1 Weak     Min:  0.0, Avg:  0.0, Max:  0.0, Diff:  0.0, Sum:  0.0, Workers: 4
[101.766s][debug][gc,phases      ] GC(73)     Dead                           Min: 0, Avg:  0.0, Max: 0, Diff: 0, Sum: 0, Workers: 4
[101.766s][debug][gc,phases      ] GC(73)     Total                          Min: 0, Avg:  0.0, Max: 0, Diff: 0, Sum: 0, Workers: 4
[101.766s][debug][gc,phases      ] GC(73)   Weak JFR Old Object Samples    Min:  0.0, Avg:  0.0, Max:  0.0, Diff:  0.0, Sum:  0.0, Workers: 4
[101.766s][debug][gc,phases      ] GC(73)     Dead                           Min: 0, Avg:  0.0, Max: 0, Diff: 0, Sum: 0, Workers: 4
[101.766s][debug][gc,phases      ] GC(73)     Total                          Min: 0, Avg:  0.0, Max: 0, Diff: 0, Sum: 0, Workers: 4
[101.766s][debug][gc,phases      ] GC(73) Weak Processing 0.439ms
[101.766s][debug][gc,age         ] GC(73) Desired survivor size 398458880 bytes, new threshold 15 (max threshold 15)
[101.766s][info ][gc,heap        ] GC(73) PSYoungGen: 1296020K(1660416K)->56490K(1708032K) Eden: 1238016K(1238016K)->0K(1302528K) From: 58004K(422400K)->56490K(405504K)
[101.766s][info ][gc,heap        ] GC(73) ParOldGen: 387336K(504320K)->387344K(504320K)
[101.766s][info ][gc,metaspace   ] GC(73) Metaspace: 86289K(87232K)->86289K(87232K) NonClass: 74005K(74560K)->74005K(74560K) Class: 12283K(12672K)->12283K(12672K)
[101.766s][info ][gc             ] GC(73) Pause Young (Allocation Failure) 1643M->433M(2160M) 19.126ms
[101.766s][info ][gc,cpu         ] GC(73) User=0.07s Sys=0.00s Real=0.02s
[101.766s][info ][safepoint      ] Safepoint "ParallelGCFailedAllocation", Time since last: 889442540 ns, Reaching safepoint: 194707 ns, At safepoint: 19218899 ns, Total: 19413606 ns
[102.766s][info ][safepoint      ] Safepoint "Cleanup", Time since last: 1000094656 ns, Reaching safepoint: 104404 ns, At safepoint: 9500 ns, Total: 113904 ns
[103.767s][info ][safepoint      ] Safepoint "Cleanup", Time since last: 1000110250 ns, Reaching safepoint: 159506 ns, At safepoint: 13200 ns, Total: 172706 ns
[104.691s][info ][gc,start       ] GC(74) Pause Young (Allocation Failure)
[104.705s][debug][gc,phases      ] GC(74) Scavenge 14.032ms
[104.705s][debug][gc,ref         ] GC(74) Skipped phase 1 of Reference Processing: no references
[104.705s][debug][gc,ref         ] GC(74) ReferenceProcessor::execute queues: 1, RefProcThreadModel::Single, marks_oops_alive: false
[104.705s][debug][gc,ref         ] GC(74) Skipped phase 3 of Reference Processing: no references
[104.705s][debug][gc,ref         ] GC(74) ReferenceProcessor::execute queues: 1, RefProcThreadModel::Single, marks_oops_alive: false
[104.705s][debug][gc,phases      ] GC(74) Reference Processing 0.128ms
[104.705s][debug][gc,phases      ] GC(74)   VM Weak                        Min:  0.0, Avg:  0.0, Max:  0.0, Diff:  0.0, Sum:  0.0, Workers: 4
[104.705s][debug][gc,phases      ] GC(74)     Dead                           Min: 0, Avg:  0.0, Max: 0, Diff: 0, Sum: 0, Workers: 4
[104.705s][debug][gc,phases      ] GC(74)     Total                          Min: 0, Avg: 193.0, Max: 576, Diff: 576, Sum: 772, Workers: 4
[104.705s][debug][gc,phases      ] GC(74)   ObjectSynchronizer Weak        Min:  0.0, Avg:  0.0, Max:  0.0, Diff:  0.0, Sum:  0.0, Workers: 4
[104.705s][debug][gc,phases      ] GC(74)     Dead                           Min: 0, Avg:  0.0, Max: 0, Diff: 0, Sum: 0, Workers: 4
[104.705s][debug][gc,phases      ] GC(74)     Total                          Min: 0, Avg: 315.0, Max: 492, Diff: 492, Sum: 1260, Workers: 4
[104.705s][debug][gc,phases      ] GC(74)   JVMTI Tag Weak OopStorage      Min:  0.0, Avg:  0.0, Max:  0.0, Diff:  0.0, Sum:  0.0, Workers: 4
[104.705s][debug][gc,phases      ] GC(74)     Dead                           Min: 0, Avg:  0.0, Max: 0, Diff: 0, Sum: 0, Workers: 4
[104.705s][debug][gc,phases      ] GC(74)     Total                          Min: 0, Avg:  0.0, Max: 0, Diff: 0, Sum: 0, Workers: 4
[104.705s][debug][gc,phases      ] GC(74)   StringTable Weak               Min:  0.1, Avg:  0.1, Max:  0.1, Diff:  0.0, Sum:  0.5, Workers: 4
[104.705s][debug][gc,phases      ] GC(74)     Dead                           Min: 0, Avg:  0.0, Max: 0, Diff: 0, Sum: 0, Workers: 4
[104.705s][debug][gc,phases      ] GC(74)     Total                          Min: 10880, Avg: 12347.0, Max: 13888, Diff: 3008, Sum: 49388, Workers: 4
[104.705s][debug][gc,phases      ] GC(74)   ResolvedMethodTable Weak       Min:  0.0, Avg:  0.0, Max:  0.0, Diff:  0.0, Sum:  0.1, Workers: 4
[104.705s][debug][gc,phases      ] GC(74)     Dead                           Min: 0, Avg:  0.0, Max: 0, Diff: 0, Sum: 0, Workers: 4
[104.705s][debug][gc,phases      ] GC(74)     Total                          Min: 1984, Avg: 2246.0, Max: 2456, Diff: 472, Sum: 8984, Workers: 4
[104.705s][debug][gc,phases      ] GC(74)   JNI Weak                       Min:  0.0, Avg:  0.0, Max:  0.0, Diff:  0.0, Sum:  0.0, Workers: 4
[104.705s][debug][gc,phases      ] GC(74)     Dead                           Min: 0, Avg:  0.0, Max: 0, Diff: 0, Sum: 0, Workers: 4
[104.705s][debug][gc,phases      ] GC(74)     Total                          Min: 0, Avg:  0.0, Max: 0, Diff: 0, Sum: 0, Workers: 4
[104.705s][debug][gc,phases      ] GC(74)   StringDedup Table Weak         Min:  0.0, Avg:  0.0, Max:  0.0, Diff:  0.0, Sum:  0.0, Workers: 4
[104.705s][debug][gc,phases      ] GC(74)     Dead                           Min: 0, Avg:  0.0, Max: 0, Diff: 0, Sum: 0, Workers: 4
[104.705s][debug][gc,phases      ] GC(74)     Total                          Min: 0, Avg:  0.0, Max: 0, Diff: 0, Sum: 0, Workers: 4
[104.705s][debug][gc,phases      ] GC(74)   StringDedup Requests0 Weak     Min:  0.0, Avg:  0.0, Max:  0.0, Diff:  0.0, Sum:  0.0, Workers: 4
[104.705s][debug][gc,phases      ] GC(74)     Dead                           Min: 0, Avg:  0.0, Max: 0, Diff: 0, Sum: 0, Workers: 4
[104.705s][debug][gc,phases      ] GC(74)     Total                          Min: 0, Avg:  0.0, Max: 0, Diff: 0, Sum: 0, Workers: 4
[104.705s][debug][gc,phases      ] GC(74)   StringDedup Requests1 Weak     Min:  0.0, Avg:  0.0, Max:  0.0, Diff:  0.0, Sum:  0.0, Workers: 4
[104.705s][debug][gc,phases      ] GC(74)     Dead                           Min: 0, Avg:  0.0, Max: 0, Diff: 0, Sum: 0, Workers: 4
[104.705s][debug][gc,phases      ] GC(74)     Total                          Min: 0, Avg:  0.0, Max: 0, Diff: 0, Sum: 0, Workers: 4
[104.705s][debug][gc,phases      ] GC(74)   Weak JFR Old Object Samples    Min:  0.0, Avg:  0.0, Max:  0.0, Diff:  0.0, Sum:  0.0, Workers: 4
[104.705s][debug][gc,phases      ] GC(74)     Dead                           Min: 0, Avg:  0.0, Max: 0, Diff: 0, Sum: 0, Workers: 4
[104.705s][debug][gc,phases      ] GC(74)     Total                          Min: 0, Avg:  0.0, Max: 0, Diff: 0, Sum: 0, Workers: 4
[104.705s][debug][gc,phases      ] GC(74) Weak Processing 0.355ms
[104.705s][debug][gc,age         ] GC(74) Desired survivor size 380108800 bytes, new threshold 15 (max threshold 15)
[104.705s][info ][gc,heap        ] GC(74) PSYoungGen: 1359018K(1708032K)->62411K(1691648K) Eden: 1302528K(1302528K)->0K(1302528K) From: 56490K(405504K)->62411K(389120K)
[104.705s][info ][gc,heap        ] GC(74) ParOldGen: 387344K(504320K)->387352K(504320K)
[104.705s][info ][gc,metaspace   ] GC(74) Metaspace: 86327K(87232K)->86327K(87232K) NonClass: 74042K(74560K)->74042K(74560K) Class: 12284K(12672K)->12284K(12672K)
[104.705s][info ][gc             ] GC(74) Pause Young (Allocation Failure) 1705M->439M(2144M) 14.665ms
[104.705s][info ][gc,cpu         ] GC(74) User=0.06s Sys=0.00s Real=0.02s
[104.705s][info ][safepoint      ] Safepoint "ParallelGCFailedAllocation", Time since last: 923602763 ns, Reaching safepoint: 120105 ns, At safepoint: 14759236 ns, Total: 14879341 ns
[105.706s][info ][safepoint      ] Safepoint "Cleanup", Time since last: 1000103936 ns, Reaching safepoint: 243709 ns, At safepoint: 16201 ns, Total: 259910 ns
[106.493s][info ][gc,start       ] GC(75) Pause Young (Allocation Failure)
[106.522s][debug][gc,phases      ] GC(75) Scavenge 29.404ms
[106.522s][debug][gc,ref         ] GC(75) Skipped phase 1 of Reference Processing: no references
[106.522s][debug][gc,ref         ] GC(75) ReferenceProcessor::execute queues: 1, RefProcThreadModel::Single, marks_oops_alive: false
[106.522s][debug][gc,ref         ] GC(75) Skipped phase 3 of Reference Processing: no references
[106.522s][debug][gc,ref         ] GC(75) ReferenceProcessor::execute queues: 1, RefProcThreadModel::Single, marks_oops_alive: false
[106.522s][debug][gc,phases      ] GC(75) Reference Processing 0.139ms
[106.523s][debug][gc,phases      ] GC(75)   VM Weak                        Min:  0.0, Avg:  0.0, Max:  0.0, Diff:  0.0, Sum:  0.0, Workers: 4
[106.523s][debug][gc,phases      ] GC(75)     Dead                           Min: 0, Avg:  0.0, Max: 0, Diff: 0, Sum: 0, Workers: 4
[106.523s][debug][gc,phases      ] GC(75)     Total                          Min: 0, Avg: 193.0, Max: 580, Diff: 580, Sum: 772, Workers: 4
[106.523s][debug][gc,phases      ] GC(75)   ObjectSynchronizer Weak        Min:  0.0, Avg:  0.0, Max:  0.0, Diff:  0.0, Sum:  0.0, Workers: 4
[106.523s][debug][gc,phases      ] GC(75)     Dead                           Min: 0, Avg:  0.0, Max: 0, Diff: 0, Sum: 0, Workers: 4
[106.523s][debug][gc,phases      ] GC(75)     Total                          Min: 0, Avg: 315.0, Max: 448, Diff: 448, Sum: 1260, Workers: 4
[106.523s][debug][gc,phases      ] GC(75)   JVMTI Tag Weak OopStorage      Min:  0.0, Avg:  0.0, Max:  0.0, Diff:  0.0, Sum:  0.0, Workers: 4
[106.523s][debug][gc,phases      ] GC(75)     Dead                           Min: 0, Avg:  0.0, Max: 0, Diff: 0, Sum: 0, Workers: 4
[106.523s][debug][gc,phases      ] GC(75)     Total                          Min: 0, Avg:  0.0, Max: 0, Diff: 0, Sum: 0, Workers: 4
[106.523s][debug][gc,phases      ] GC(75)   StringTable Weak               Min:  0.1, Avg:  0.1, Max:  0.1, Diff:  0.0, Sum:  0.6, Workers: 4
[106.523s][debug][gc,phases      ] GC(75)     Dead                           Min: 0, Avg:  0.2, Max: 1, Diff: 1, Sum: 1, Workers: 4
[106.523s][debug][gc,phases      ] GC(75)     Total                          Min: 11456, Avg: 12369.0, Max: 13504, Diff: 2048, Sum: 49476, Workers: 4
[106.523s][debug][gc,phases      ] GC(75)   ResolvedMethodTable Weak       Min:  0.0, Avg:  0.0, Max:  0.0, Diff:  0.0, Sum:  0.1, Workers: 4
[106.523s][debug][gc,phases      ] GC(75)     Dead                           Min: 0, Avg:  0.0, Max: 0, Diff: 0, Sum: 0, Workers: 4
[106.523s][debug][gc,phases      ] GC(75)     Total                          Min: 2112, Avg: 2250.8, Max: 2432, Diff: 320, Sum: 9003, Workers: 4
[106.523s][debug][gc,phases      ] GC(75)   JNI Weak                       Min:  0.0, Avg:  0.0, Max:  0.0, Diff:  0.0, Sum:  0.0, Workers: 4
[106.523s][debug][gc,phases      ] GC(75)     Dead                           Min: 0, Avg:  0.0, Max: 0, Diff: 0, Sum: 0, Workers: 4
[106.523s][debug][gc,phases      ] GC(75)     Total                          Min: 0, Avg:  0.0, Max: 0, Diff: 0, Sum: 0, Workers: 4
[106.523s][debug][gc,phases      ] GC(75)   StringDedup Table Weak         Min:  0.0, Avg:  0.0, Max:  0.0, Diff:  0.0, Sum:  0.0, Workers: 4
[106.523s][debug][gc,phases      ] GC(75)     Dead                           Min: 0, Avg:  0.0, Max: 0, Diff: 0, Sum: 0, Workers: 4
[106.523s][debug][gc,phases      ] GC(75)     Total                          Min: 0, Avg:  0.0, Max: 0, Diff: 0, Sum: 0, Workers: 4
[106.523s][debug][gc,phases      ] GC(75)   StringDedup Requests0 Weak     Min:  0.0, Avg:  0.0, Max:  0.0, Diff:  0.0, Sum:  0.0, Workers: 4
[106.523s][debug][gc,phases      ] GC(75)     Dead                           Min: 0, Avg:  0.0, Max: 0, Diff: 0, Sum: 0, Workers: 4
[106.523s][debug][gc,phases      ] GC(75)     Total                          Min: 0, Avg:  0.0, Max: 0, Diff: 0, Sum: 0, Workers: 4
[106.523s][debug][gc,phases      ] GC(75)   StringDedup Requests1 Weak     Min:  0.0, Avg:  0.0, Max:  0.0, Diff:  0.0, Sum:  0.0, Workers: 4
[106.523s][debug][gc,phases      ] GC(75)     Dead                           Min: 0, Avg:  0.0, Max: 0, Diff: 0, Sum: 0, Workers: 4
[106.523s][debug][gc,phases      ] GC(75)     Total                          Min: 0, Avg:  0.0, Max: 0, Diff: 0, Sum: 0, Workers: 4
[106.523s][debug][gc,phases      ] GC(75)   Weak JFR Old Object Samples    Min:  0.0, Avg:  0.0, Max:  0.0, Diff:  0.0, Sum:  0.0, Workers: 4
[106.523s][debug][gc,phases      ] GC(75)     Dead                           Min: 0, Avg:  0.0, Max: 0, Diff: 0, Sum: 0, Workers: 4
[106.523s][debug][gc,phases      ] GC(75)     Total                          Min: 0, Avg:  0.0, Max: 0, Diff: 0, Sum: 0, Workers: 4
[106.523s][debug][gc,phases      ] GC(75) Weak Processing 0.383ms
[106.523s][debug][gc,age         ] GC(75) Desired survivor size 360185856 bytes, new threshold 15 (max threshold 15)
[106.523s][info ][gc,heap        ] GC(75) PSYoungGen: 1364939K(1691648K)->72887K(1745408K) Eden: 1302528K(1302528K)->0K(1374208K) From: 62411K(389120K)->72887K(371200K)
[106.523s][info ][gc,heap        ] GC(75) ParOldGen: 387352K(504320K)->387352K(504320K)
[106.523s][info ][gc,metaspace   ] GC(75) Metaspace: 86406K(87296K)->86406K(87296K) NonClass: 74115K(74624K)->74115K(74624K) Class: 12291K(12672K)->12291K(12672K)
[106.523s][info ][gc             ] GC(75) Pause Young (Allocation Failure) 1711M->449M(2197M) 30.078ms
[106.523s][info ][gc,cpu         ] GC(75) User=0.09s Sys=0.00s Real=0.03s
[106.523s][info ][safepoint      ] Safepoint "ParallelGCFailedAllocation", Time since last: 786870984 ns, Reaching safepoint: 175406 ns, At safepoint: 30194397 ns, Total: 30369803 ns
[107.836s][info ][safepoint      ] Safepoint "Cleanup", Time since last: 1305456812 ns, Reaching safepoint: 7884587 ns, At safepoint: 28601 ns, Total: 7913188 ns
[107.884s][info ][gc,start       ] GC(76) Pause Young (Allocation Failure)
[107.905s][debug][gc,phases      ] GC(76) Scavenge 21.096ms
[107.905s][debug][gc,ref         ] GC(76) Skipped phase 1 of Reference Processing: no references
[107.905s][debug][gc,ref         ] GC(76) ReferenceProcessor::execute queues: 1, RefProcThreadModel::Single, marks_oops_alive: false
[107.905s][debug][gc,ref         ] GC(76) Skipped phase 3 of Reference Processing: no references
[107.905s][debug][gc,ref         ] GC(76) ReferenceProcessor::execute queues: 1, RefProcThreadModel::Single, marks_oops_alive: false
[107.905s][debug][gc,phases      ] GC(76) Reference Processing 0.129ms
[107.905s][debug][gc,phases      ] GC(76)   VM Weak                        Min:  0.0, Avg:  0.0, Max:  0.0, Diff:  0.0, Sum:  0.0, Workers: 4
[107.905s][debug][gc,phases      ] GC(76)     Dead                           Min: 0, Avg:  0.0, Max: 0, Diff: 0, Sum: 0, Workers: 4
[107.905s][debug][gc,phases      ] GC(76)     Total                          Min: 0, Avg: 193.0, Max: 384, Diff: 384, Sum: 772, Workers: 4
[107.905s][debug][gc,phases      ] GC(76)   ObjectSynchronizer Weak        Min:  0.0, Avg:  0.0, Max:  0.0, Diff:  0.0, Sum:  0.0, Workers: 4
[107.905s][debug][gc,phases      ] GC(76)     Dead                           Min: 0, Avg:  0.0, Max: 0, Diff: 0, Sum: 0, Workers: 4
[107.905s][debug][gc,phases      ] GC(76)     Total                          Min: 0, Avg: 315.0, Max: 448, Diff: 448, Sum: 1260, Workers: 4
[107.905s][debug][gc,phases      ] GC(76)   JVMTI Tag Weak OopStorage      Min:  0.0, Avg:  0.0, Max:  0.0, Diff:  0.0, Sum:  0.0, Workers: 4
[107.905s][debug][gc,phases      ] GC(76)     Dead                           Min: 0, Avg:  0.0, Max: 0, Diff: 0, Sum: 0, Workers: 4
[107.905s][debug][gc,phases      ] GC(76)     Total                          Min: 0, Avg:  0.0, Max: 0, Diff: 0, Sum: 0, Workers: 4
[107.905s][debug][gc,phases      ] GC(76)   StringTable Weak               Min:  0.0, Avg:  0.1, Max:  0.2, Diff:  0.2, Sum:  0.5, Workers: 4
[107.905s][debug][gc,phases      ] GC(76)     Dead                           Min: 0, Avg:  0.0, Max: 0, Diff: 0, Sum: 0, Workers: 4
[107.905s][debug][gc,phases      ] GC(76)     Total                          Min: 0, Avg: 12369.5, Max: 17350, Diff: 17350, Sum: 49478, Workers: 4
[107.905s][debug][gc,phases      ] GC(76)   ResolvedMethodTable Weak       Min:  0.0, Avg:  0.0, Max:  0.0, Diff:  0.0, Sum:  0.1, Workers: 4
[107.905s][debug][gc,phases      ] GC(76)     Dead                           Min: 0, Avg:  0.0, Max: 0, Diff: 0, Sum: 0, Workers: 4
[107.905s][debug][gc,phases      ] GC(76)     Total                          Min: 0, Avg: 2251.0, Max: 3072, Diff: 3072, Sum: 9004, Workers: 4
[107.905s][debug][gc,phases      ] GC(76)   JNI Weak                       Min:  0.0, Avg:  0.0, Max:  0.0, Diff:  0.0, Sum:  0.0, Workers: 4
[107.905s][debug][gc,phases      ] GC(76)     Dead                           Min: 0, Avg:  0.0, Max: 0, Diff: 0, Sum: 0, Workers: 4
[107.905s][debug][gc,phases      ] GC(76)     Total                          Min: 0, Avg:  0.0, Max: 0, Diff: 0, Sum: 0, Workers: 4
[107.905s][debug][gc,phases      ] GC(76)   StringDedup Table Weak         Min:  0.0, Avg:  0.0, Max:  0.0, Diff:  0.0, Sum:  0.0, Workers: 4
[107.905s][debug][gc,phases      ] GC(76)     Dead                           Min: 0, Avg:  0.0, Max: 0, Diff: 0, Sum: 0, Workers: 4
[107.905s][debug][gc,phases      ] GC(76)     Total                          Min: 0, Avg:  0.0, Max: 0, Diff: 0, Sum: 0, Workers: 4
[107.905s][debug][gc,phases      ] GC(76)   StringDedup Requests0 Weak     Min:  0.0, Avg:  0.0, Max:  0.0, Diff:  0.0, Sum:  0.0, Workers: 4
[107.905s][debug][gc,phases      ] GC(76)     Dead                           Min: 0, Avg:  0.0, Max: 0, Diff: 0, Sum: 0, Workers: 4
[107.906s][debug][gc,phases      ] GC(76)     Total                          Min: 0, Avg:  0.0, Max: 0, Diff: 0, Sum: 0, Workers: 4
[107.906s][debug][gc,phases      ] GC(76)   StringDedup Requests1 Weak     Min:  0.0, Avg:  0.0, Max:  0.0, Diff:  0.0, Sum:  0.0, Workers: 4
[107.906s][debug][gc,phases      ] GC(76)     Dead                           Min: 0, Avg:  0.0, Max: 0, Diff: 0, Sum: 0, Workers: 4
[107.906s][debug][gc,phases      ] GC(76)     Total                          Min: 0, Avg:  0.0, Max: 0, Diff: 0, Sum: 0, Workers: 4
[107.906s][debug][gc,phases      ] GC(76)   Weak JFR Old Object Samples    Min:  0.0, Avg:  0.0, Max:  0.0, Diff:  0.0, Sum:  0.0, Workers: 4
[107.906s][debug][gc,phases      ] GC(76)     Dead                           Min: 0, Avg:  0.0, Max: 0, Diff: 0, Sum: 0, Workers: 4
[107.906s][debug][gc,phases      ] GC(76)     Total                          Min: 0, Avg:  0.0, Max: 0, Diff: 0, Sum: 0, Workers: 4
[107.906s][debug][gc,phases      ] GC(76) Weak Processing 0.424ms
[107.906s][debug][gc,age         ] GC(76) Desired survivor size 340262912 bytes, new threshold 15 (max threshold 15)
[107.906s][info ][gc,heap        ] GC(76) PSYoungGen: 1447095K(1745408K)->79147K(1725952K) Eden: 1374208K(1374208K)->0K(1374208K) From: 72887K(371200K)->79147K(351744K)
[107.906s][info ][gc,heap        ] GC(76) ParOldGen: 387352K(504320K)->387352K(504320K)
[107.906s][info ][gc,metaspace   ] GC(76) Metaspace: 86428K(87296K)->86428K(87296K) NonClass: 74136K(74624K)->74136K(74624K) Class: 12292K(12672K)->12292K(12672K)
[107.906s][info ][gc             ] GC(76) Pause Young (Allocation Failure) 1791M->455M(2178M) 21.804ms
[107.906s][info ][gc,cpu         ] GC(76) User=0.09s Sys=0.00s Real=0.02s
[107.906s][info ][safepoint      ] Safepoint "ParallelGCFailedAllocation", Time since last: 47349719 ns, Reaching safepoint: 180807 ns, At safepoint: 21908395 ns, Total: 22089202 ns
[108.906s][info ][safepoint      ] Safepoint "Cleanup", Time since last: 1000099515 ns, Reaching safepoint: 156905 ns, At safepoint: 12401 ns, Total: 169306 ns
[109.906s][info ][safepoint      ] Safepoint "Cleanup", Time since last: 1000126808 ns, Reaching safepoint: 91903 ns, At safepoint: 7100 ns, Total: 99003 ns
[110.906s][info ][safepoint      ] Safepoint "Cleanup", Time since last: 1000115601 ns, Reaching safepoint: 94104 ns, At safepoint: 9100 ns, Total: 103204 ns
[111.620s][info ][gc,start       ] GC(77) Pause Young (Allocation Failure)
[111.644s][debug][gc,phases      ] GC(77) Scavenge 23.362ms
[111.644s][debug][gc,ref         ] GC(77) Skipped phase 1 of Reference Processing: no references
[111.644s][debug][gc,ref         ] GC(77) ReferenceProcessor::execute queues: 1, RefProcThreadModel::Single, marks_oops_alive: false
[111.644s][debug][gc,ref         ] GC(77) Skipped phase 3 of Reference Processing: no references
[111.644s][debug][gc,ref         ] GC(77) ReferenceProcessor::execute queues: 1, RefProcThreadModel::Single, marks_oops_alive: false
[111.644s][debug][gc,phases      ] GC(77) Reference Processing 0.136ms
[111.644s][debug][gc,phases      ] GC(77)   VM Weak                        Min:  0.0, Avg:  0.0, Max:  0.0, Diff:  0.0, Sum:  0.0, Workers: 4
[111.644s][debug][gc,phases      ] GC(77)     Dead                           Min: 0, Avg:  0.0, Max: 0, Diff: 0, Sum: 0, Workers: 4
[111.644s][debug][gc,phases      ] GC(77)     Total                          Min: 0, Avg: 193.0, Max: 512, Diff: 512, Sum: 772, Workers: 4
[111.644s][debug][gc,phases      ] GC(77)   ObjectSynchronizer Weak        Min:  0.0, Avg:  0.0, Max:  0.0, Diff:  0.0, Sum:  0.0, Workers: 4
[111.644s][debug][gc,phases      ] GC(77)     Dead                           Min: 0, Avg:  0.0, Max: 0, Diff: 0, Sum: 0, Workers: 4
[111.644s][debug][gc,phases      ] GC(77)     Total                          Min: 128, Avg: 315.0, Max: 448, Diff: 320, Sum: 1260, Workers: 4
[111.644s][debug][gc,phases      ] GC(77)   JVMTI Tag Weak OopStorage      Min:  0.0, Avg:  0.0, Max:  0.0, Diff:  0.0, Sum:  0.0, Workers: 4
[111.644s][debug][gc,phases      ] GC(77)     Dead                           Min: 0, Avg:  0.0, Max: 0, Diff: 0, Sum: 0, Workers: 4
[111.644s][debug][gc,phases      ] GC(77)     Total                          Min: 0, Avg:  0.0, Max: 0, Diff: 0, Sum: 0, Workers: 4
[111.644s][debug][gc,phases      ] GC(77)   StringTable Weak               Min:  0.1, Avg:  0.1, Max:  0.1, Diff:  0.0, Sum:  0.4, Workers: 4
[111.644s][debug][gc,phases      ] GC(77)     Dead                           Min: 0, Avg:  0.0, Max: 0, Diff: 0, Sum: 0, Workers: 4
[111.644s][debug][gc,phases      ] GC(77)     Total                          Min: 12096, Avg: 12372.8, Max: 12627, Diff: 531, Sum: 49491, Workers: 4
[111.644s][debug][gc,phases      ] GC(77)   ResolvedMethodTable Weak       Min:  0.0, Avg:  0.0, Max:  0.0, Diff:  0.0, Sum:  0.1, Workers: 4
[111.644s][debug][gc,phases      ] GC(77)     Dead                           Min: 0, Avg:  0.0, Max: 0, Diff: 0, Sum: 0, Workers: 4
[111.644s][debug][gc,phases      ] GC(77)     Total                          Min: 2048, Avg: 2251.0, Max: 2476, Diff: 428, Sum: 9004, Workers: 4
[111.644s][debug][gc,phases      ] GC(77)   JNI Weak                       Min:  0.0, Avg:  0.0, Max:  0.0, Diff:  0.0, Sum:  0.0, Workers: 4
[111.644s][debug][gc,phases      ] GC(77)     Dead                           Min: 0, Avg:  0.0, Max: 0, Diff: 0, Sum: 0, Workers: 4
[111.644s][debug][gc,phases      ] GC(77)     Total                          Min: 0, Avg:  0.0, Max: 0, Diff: 0, Sum: 0, Workers: 4
[111.644s][debug][gc,phases      ] GC(77)   StringDedup Table Weak         Min:  0.0, Avg:  0.0, Max:  0.0, Diff:  0.0, Sum:  0.0, Workers: 4
[111.644s][debug][gc,phases      ] GC(77)     Dead                           Min: 0, Avg:  0.0, Max: 0, Diff: 0, Sum: 0, Workers: 4
[111.644s][debug][gc,phases      ] GC(77)     Total                          Min: 0, Avg:  0.0, Max: 0, Diff: 0, Sum: 0, Workers: 4
[111.644s][debug][gc,phases      ] GC(77)   StringDedup Requests0 Weak     Min:  0.0, Avg:  0.0, Max:  0.0, Diff:  0.0, Sum:  0.0, Workers: 4
[111.644s][debug][gc,phases      ] GC(77)     Dead                           Min: 0, Avg:  0.0, Max: 0, Diff: 0, Sum: 0, Workers: 4
[111.644s][debug][gc,phases      ] GC(77)     Total                          Min: 0, Avg:  0.0, Max: 0, Diff: 0, Sum: 0, Workers: 4
[111.644s][debug][gc,phases      ] GC(77)   StringDedup Requests1 Weak     Min:  0.0, Avg:  0.0, Max:  0.0, Diff:  0.0, Sum:  0.0, Workers: 4
[111.644s][debug][gc,phases      ] GC(77)     Dead                           Min: 0, Avg:  0.0, Max: 0, Diff: 0, Sum: 0, Workers: 4
[111.644s][debug][gc,phases      ] GC(77)     Total                          Min: 0, Avg:  0.0, Max: 0, Diff: 0, Sum: 0, Workers: 4
[111.644s][debug][gc,phases      ] GC(77)   Weak JFR Old Object Samples    Min:  0.0, Avg:  0.0, Max:  0.0, Diff:  0.0, Sum:  0.0, Workers: 4
[111.644s][debug][gc,phases      ] GC(77)     Dead                           Min: 0, Avg:  0.0, Max: 0, Diff: 0, Sum: 0, Workers: 4
[111.644s][debug][gc,phases      ] GC(77)     Total                          Min: 0, Avg:  0.0, Max: 0, Diff: 0, Sum: 0, Workers: 4
[111.644s][debug][gc,phases      ] GC(77) Weak Processing 0.366ms
[111.644s][debug][gc,age         ] GC(77) Desired survivor size 320339968 bytes, new threshold 15 (max threshold 15)
[111.644s][info ][gc,heap        ] GC(77) PSYoungGen: 1453355K(1725952K)->85995K(1784320K) Eden: 1374208K(1374208K)->0K(1452032K) From: 79147K(351744K)->85995K(332288K)
[111.644s][info ][gc,heap        ] GC(77) ParOldGen: 387352K(504320K)->387360K(504320K)
[111.644s][info ][gc,metaspace   ] GC(77) Metaspace: 86447K(87360K)->86447K(87360K) NonClass: 74154K(74688K)->74154K(74688K) Class: 12292K(12672K)->12292K(12672K)
[111.644s][info ][gc             ] GC(77) Pause Young (Allocation Failure) 1797M->462M(2235M) 24.012ms
[111.644s][info ][gc,cpu         ] GC(77) User=0.10s Sys=0.00s Real=0.02s
[111.644s][info ][safepoint      ] Safepoint "ParallelGCFailedAllocation", Time since last: 713777604 ns, Reaching safepoint: 150005 ns, At safepoint: 24126276 ns, Total: 24276281 ns
[112.645s][info ][safepoint      ] Safepoint "Cleanup", Time since last: 1000058387 ns, Reaching safepoint: 140705 ns, At safepoint: 25701 ns, Total: 166406 ns
[113.645s][info ][safepoint      ] Safepoint "Cleanup", Time since last: 1000100381 ns, Reaching safepoint: 57803 ns, At safepoint: 9100 ns, Total: 66903 ns
[114.645s][info ][safepoint      ] Safepoint "Cleanup", Time since last: 1000113175 ns, Reaching safepoint: 54402 ns, At safepoint: 3700 ns, Total: 58102 ns
[115.645s][info ][safepoint      ] Safepoint "Cleanup", Time since last: 1000111369 ns, Reaching safepoint: 48702 ns, At safepoint: 11200 ns, Total: 59902 ns
[116.645s][info ][safepoint      ] Safepoint "Cleanup", Time since last: 1000116362 ns, Reaching safepoint: 52302 ns, At safepoint: 3700 ns, Total: 56002 ns
[117.645s][info ][safepoint      ] Safepoint "Cleanup", Time since last: 1000105955 ns, Reaching safepoint: 50102 ns, At safepoint: 16000 ns, Total: 66102 ns
[119.393s][info ][safepoint      ] Safepoint "Cleanup", Time since last: 1747787244 ns, Reaching safepoint: 93203 ns, At safepoint: 6900 ns, Total: 100103 ns
[120.394s][info ][safepoint      ] Safepoint "Cleanup", Time since last: 1000104737 ns, Reaching safepoint: 72902 ns, At safepoint: 7101 ns, Total: 80003 ns
[121.394s][info ][safepoint      ] Safepoint "Cleanup", Time since last: 1000113030 ns, Reaching safepoint: 53201 ns, At safepoint: 6301 ns, Total: 59502 ns
[123.163s][info ][safepoint      ] Safepoint "Cleanup", Time since last: 1769296078 ns, Reaching safepoint: 67402 ns, At safepoint: 9800 ns, Total: 77202 ns
[124.163s][info ][safepoint      ] Safepoint "Cleanup", Time since last: 1000101011 ns, Reaching safepoint: 71403 ns, At safepoint: 11700 ns, Total: 83103 ns
[125.163s][info ][safepoint      ] Safepoint "Cleanup", Time since last: 1000119905 ns, Reaching safepoint: 56302 ns, At safepoint: 6101 ns, Total: 62403 ns
[126.164s][info ][safepoint      ] Safepoint "Cleanup", Time since last: 1000111698 ns, Reaching safepoint: 62102 ns, At safepoint: 6300 ns, Total: 68402 ns
[127.164s][info ][safepoint      ] Safepoint "Cleanup", Time since last: 1000128992 ns, Reaching safepoint: 64803 ns, At safepoint: 12300 ns, Total: 77103 ns
[128.164s][info ][safepoint      ] Safepoint "Cleanup", Time since last: 1000113485 ns, Reaching safepoint: 81703 ns, At safepoint: 12000 ns, Total: 93703 ns
[129.164s][info ][safepoint      ] Safepoint "Cleanup", Time since last: 1000137180 ns, Reaching safepoint: 57502 ns, At safepoint: 8700 ns, Total: 66202 ns
[130.164s][info ][safepoint      ] Safepoint "Cleanup", Time since last: 1000108572 ns, Reaching safepoint: 51201 ns, At safepoint: 6801 ns, Total: 58002 ns
[131.165s][info ][safepoint      ] Safepoint "Cleanup", Time since last: 1000082064 ns, Reaching safepoint: 75702 ns, At safepoint: 11601 ns, Total: 87303 ns
[133.086s][info ][safepoint      ] Safepoint "Cleanup", Time since last: 1921696672 ns, Reaching safepoint: 165006 ns, At safepoint: 11600 ns, Total: 176606 ns
[134.090s][info ][safepoint      ] Safepoint "Cleanup", Time since last: 1003140356 ns, Reaching safepoint: 155105 ns, At safepoint: 5101 ns, Total: 160206 ns
[135.090s][info ][safepoint      ] Safepoint "Cleanup", Time since last: 1000098138 ns, Reaching safepoint: 105504 ns, At safepoint: 11801 ns, Total: 117305 ns
[136.090s][info ][safepoint      ] Safepoint "Cleanup", Time since last: 1000109033 ns, Reaching safepoint: 151905 ns, At safepoint: 9800 ns, Total: 161705 ns
[136.693s][info ][gc,start       ] GC(78) Pause Young (Allocation Failure)
[136.715s][debug][gc,phases      ] GC(78) Scavenge 21.398ms
[136.715s][debug][gc,ref         ] GC(78) Skipped phase 1 of Reference Processing: no references
[136.715s][debug][gc,ref         ] GC(78) ReferenceProcessor::execute queues: 1, RefProcThreadModel::Single, marks_oops_alive: false
[136.715s][debug][gc,ref         ] GC(78) Skipped phase 3 of Reference Processing: no references
[136.715s][debug][gc,ref         ] GC(78) ReferenceProcessor::execute queues: 1, RefProcThreadModel::Single, marks_oops_alive: false
[136.715s][debug][gc,phases      ] GC(78) Reference Processing 0.147ms
[136.715s][debug][gc,phases      ] GC(78)   VM Weak                        Min:  0.0, Avg:  0.0, Max:  0.0, Diff:  0.0, Sum:  0.0, Workers: 4
[136.715s][debug][gc,phases      ] GC(78)     Dead                           Min: 0, Avg:  0.0, Max: 0, Diff: 0, Sum: 0, Workers: 4
[136.715s][debug][gc,phases      ] GC(78)     Total                          Min: 0, Avg: 193.5, Max: 576, Diff: 576, Sum: 774, Workers: 4
[136.715s][debug][gc,phases      ] GC(78)   ObjectSynchronizer Weak        Min:  0.0, Avg:  0.0, Max:  0.0, Diff:  0.0, Sum:  0.0, Workers: 4
[136.715s][debug][gc,phases      ] GC(78)     Dead                           Min: 0, Avg:  2.0, Max: 8, Diff: 8, Sum: 8, Workers: 4
[136.715s][debug][gc,phases      ] GC(78)     Total                          Min: 256, Avg: 317.0, Max: 384, Diff: 128, Sum: 1268, Workers: 4
[136.715s][debug][gc,phases      ] GC(78)   JVMTI Tag Weak OopStorage      Min:  0.0, Avg:  0.0, Max:  0.0, Diff:  0.0, Sum:  0.0, Workers: 4
[136.715s][debug][gc,phases      ] GC(78)     Dead                           Min: 0, Avg:  0.0, Max: 0, Diff: 0, Sum: 0, Workers: 4
[136.715s][debug][gc,phases      ] GC(78)     Total                          Min: 0, Avg:  0.0, Max: 0, Diff: 0, Sum: 0, Workers: 4
[136.715s][debug][gc,phases      ] GC(78)   StringTable Weak               Min:  0.1, Avg:  0.1, Max:  0.1, Diff:  0.0, Sum:  0.5, Workers: 4
[136.715s][debug][gc,phases      ] GC(78)     Dead                           Min: 0, Avg:  0.8, Max: 3, Diff: 3, Sum: 3, Workers: 4
[136.715s][debug][gc,phases      ] GC(78)     Total                          Min: 11648, Avg: 12413.8, Max: 12855, Diff: 1207, Sum: 49655, Workers: 4
[136.715s][debug][gc,phases      ] GC(78)   ResolvedMethodTable Weak       Min:  0.0, Avg:  0.0, Max:  0.0, Diff:  0.0, Sum:  0.1, Workers: 4
[136.715s][debug][gc,phases      ] GC(78)     Dead                           Min: 0, Avg:  0.0, Max: 0, Diff: 0, Sum: 0, Workers: 4
[136.715s][debug][gc,phases      ] GC(78)     Total                          Min: 2048, Avg: 2272.5, Max: 2498, Diff: 450, Sum: 9090, Workers: 4
[136.715s][debug][gc,phases      ] GC(78)   JNI Weak                       Min:  0.0, Avg:  0.0, Max:  0.0, Diff:  0.0, Sum:  0.0, Workers: 4
[136.715s][debug][gc,phases      ] GC(78)     Dead                           Min: 0, Avg:  0.0, Max: 0, Diff: 0, Sum: 0, Workers: 4
[136.715s][debug][gc,phases      ] GC(78)     Total                          Min: 0, Avg:  0.0, Max: 0, Diff: 0, Sum: 0, Workers: 4
[136.715s][debug][gc,phases      ] GC(78)   StringDedup Table Weak         Min:  0.0, Avg:  0.0, Max:  0.0, Diff:  0.0, Sum:  0.0, Workers: 4
[136.715s][debug][gc,phases      ] GC(78)     Dead                           Min: 0, Avg:  0.0, Max: 0, Diff: 0, Sum: 0, Workers: 4
[136.715s][debug][gc,phases      ] GC(78)     Total                          Min: 0, Avg:  0.0, Max: 0, Diff: 0, Sum: 0, Workers: 4
[136.715s][debug][gc,phases      ] GC(78)   StringDedup Requests0 Weak     Min:  0.0, Avg:  0.0, Max:  0.0, Diff:  0.0, Sum:  0.0, Workers: 4
[136.715s][debug][gc,phases      ] GC(78)     Dead                           Min: 0, Avg:  0.0, Max: 0, Diff: 0, Sum: 0, Workers: 4
[136.715s][debug][gc,phases      ] GC(78)     Total                          Min: 0, Avg:  0.0, Max: 0, Diff: 0, Sum: 0, Workers: 4
[136.715s][debug][gc,phases      ] GC(78)   StringDedup Requests1 Weak     Min:  0.0, Avg:  0.0, Max:  0.0, Diff:  0.0, Sum:  0.0, Workers: 4
[136.715s][debug][gc,phases      ] GC(78)     Dead                           Min: 0, Avg:  0.0, Max: 0, Diff: 0, Sum: 0, Workers: 4
[136.715s][debug][gc,phases      ] GC(78)     Total                          Min: 0, Avg:  0.0, Max: 0, Diff: 0, Sum: 0, Workers: 4
[136.715s][debug][gc,phases      ] GC(78)   Weak JFR Old Object Samples    Min:  0.0, Avg:  0.0, Max:  0.0, Diff:  0.0, Sum:  0.0, Workers: 4
[136.715s][debug][gc,phases      ] GC(78)     Dead                           Min: 0, Avg:  0.0, Max: 0, Diff: 0, Sum: 0, Workers: 4
[136.715s][debug][gc,phases      ] GC(78)     Total                          Min: 0, Avg:  0.0, Max: 0, Diff: 0, Sum: 0, Workers: 4
[136.715s][debug][gc,phases      ] GC(78) Weak Processing 0.375ms
[136.715s][debug][gc,age         ] GC(78) Desired survivor size 301989888 bytes, new threshold 15 (max threshold 15)
[136.715s][info ][gc,heap        ] GC(78) PSYoungGen: 1537940K(1784320K)->86231K(1764864K) Eden: 1451945K(1452032K)->0K(1452032K) From: 85995K(332288K)->86231K(312832K)
[136.715s][info ][gc,heap        ] GC(78) ParOldGen: 387360K(504320K)->387368K(504320K)
[136.715s][info ][gc,metaspace   ] GC(78) Metaspace: 86841K(87744K)->86841K(87744K) NonClass: 74499K(75008K)->74499K(75008K) Class: 12342K(12736K)->12342K(12736K)
[136.716s][info ][gc             ] GC(78) Pause Young (Allocation Failure) 1880M->462M(2216M) 22.067ms
[136.716s][info ][gc,cpu         ] GC(78) User=0.09s Sys=0.00s Real=0.02s
[136.716s][info ][safepoint      ] Safepoint "ParallelGCFailedAllocation", Time since last: 603069885 ns, Reaching safepoint: 51102 ns, At safepoint: 22158300 ns, Total: 22209402 ns
[137.716s][info ][safepoint      ] Safepoint "Cleanup", Time since last: 1000079822 ns, Reaching safepoint: 57702 ns, At safepoint: 10300 ns, Total: 68002 ns
[138.716s][info ][safepoint      ] Safepoint "Cleanup", Time since last: 1000113716 ns, Reaching safepoint: 71303 ns, At safepoint: 9600 ns, Total: 80903 ns
[139.716s][info ][safepoint      ] Safepoint "Cleanup", Time since last: 1000111309 ns, Reaching safepoint: 96504 ns, At safepoint: 18501 ns, Total: 115005 ns
[140.716s][info ][safepoint      ] Safepoint "Cleanup", Time since last: 1000114203 ns, Reaching safepoint: 59702 ns, At safepoint: 11100 ns, Total: 70802 ns
[141.716s][info ][safepoint      ] Safepoint "Cleanup", Time since last: 1000116397 ns, Reaching safepoint: 57302 ns, At safepoint: 11600 ns, Total: 68902 ns
[142.717s][info ][safepoint      ] Safepoint "Cleanup", Time since last: 1000112691 ns, Reaching safepoint: 64202 ns, At safepoint: 11400 ns, Total: 75602 ns
[143.717s][info ][safepoint      ] Safepoint "Cleanup", Time since last: 1000135985 ns, Reaching safepoint: 58502 ns, At safepoint: 13400 ns, Total: 71902 ns
[144.717s][info ][safepoint      ] Safepoint "Cleanup", Time since last: 1000115078 ns, Reaching safepoint: 48102 ns, At safepoint: 3800 ns, Total: 51902 ns
[145.720s][info ][safepoint      ] Safepoint "Cleanup", Time since last: 1003076978 ns, Reaching safepoint: 55202 ns, At safepoint: 3200 ns, Total: 58402 ns
[146.720s][info ][safepoint      ] Safepoint "Cleanup", Time since last: 1000115764 ns, Reaching safepoint: 57802 ns, At safepoint: 10701 ns, Total: 68503 ns
[147.721s][info ][safepoint      ] Safepoint "Cleanup", Time since last: 1000108058 ns, Reaching safepoint: 147605 ns, At safepoint: 14801 ns, Total: 162406 ns
[148.721s][info ][safepoint      ] Safepoint "Cleanup", Time since last: 1000109151 ns, Reaching safepoint: 62503 ns, At safepoint: 8600 ns, Total: 71103 ns
[149.029s][info ][gc,start       ] GC(79) Pause Young (Allocation Failure)
[149.053s][debug][gc,phases      ] GC(79) Scavenge 23.555ms
[149.053s][debug][gc,ref         ] GC(79) Skipped phase 1 of Reference Processing: no references
[149.053s][debug][gc,ref         ] GC(79) ReferenceProcessor::execute queues: 1, RefProcThreadModel::Single, marks_oops_alive: false
[149.053s][debug][gc,ref         ] GC(79) Skipped phase 3 of Reference Processing: no references
[149.053s][debug][gc,ref         ] GC(79) ReferenceProcessor::execute queues: 1, RefProcThreadModel::Single, marks_oops_alive: false
[149.053s][debug][gc,phases      ] GC(79) Reference Processing 0.159ms
[149.053s][debug][gc,phases      ] GC(79)   VM Weak                        Min:  0.0, Avg:  0.0, Max:  0.0, Diff:  0.0, Sum:  0.0, Workers: 4
[149.053s][debug][gc,phases      ] GC(79)     Dead                           Min: 0, Avg:  0.0, Max: 0, Diff: 0, Sum: 0, Workers: 4
[149.053s][debug][gc,phases      ] GC(79)     Total                          Min: 0, Avg: 193.5, Max: 646, Diff: 646, Sum: 774, Workers: 4
[149.053s][debug][gc,phases      ] GC(79)   ObjectSynchronizer Weak        Min:  0.0, Avg:  0.0, Max:  0.0, Diff:  0.0, Sum:  0.0, Workers: 4
[149.053s][debug][gc,phases      ] GC(79)     Dead                           Min: 0, Avg:  0.0, Max: 0, Diff: 0, Sum: 0, Workers: 4
[149.053s][debug][gc,phases      ] GC(79)     Total                          Min: 0, Avg: 317.5, Max: 512, Diff: 512, Sum: 1270, Workers: 4
[149.053s][debug][gc,phases      ] GC(79)   JVMTI Tag Weak OopStorage      Min:  0.0, Avg:  0.0, Max:  0.0, Diff:  0.0, Sum:  0.0, Workers: 4
[149.053s][debug][gc,phases      ] GC(79)     Dead                           Min: 0, Avg:  0.0, Max: 0, Diff: 0, Sum: 0, Workers: 4
[149.053s][debug][gc,phases      ] GC(79)     Total                          Min: 0, Avg:  0.0, Max: 0, Diff: 0, Sum: 0, Workers: 4
[149.053s][debug][gc,phases      ] GC(79)   StringTable Weak               Min:  0.1, Avg:  0.1, Max:  0.1, Diff:  0.0, Sum:  0.5, Workers: 4
[149.053s][debug][gc,phases      ] GC(79)     Dead                           Min: 0, Avg:  0.0, Max: 0, Diff: 0, Sum: 0, Workers: 4
[149.053s][debug][gc,phases      ] GC(79)     Total                          Min: 11008, Avg: 12415.2, Max: 13184, Diff: 2176, Sum: 49661, Workers: 4
[149.053s][debug][gc,phases      ] GC(79)   ResolvedMethodTable Weak       Min:  0.0, Avg:  0.0, Max:  0.0, Diff:  0.0, Sum:  0.1, Workers: 4
[149.053s][debug][gc,phases      ] GC(79)     Dead                           Min: 0, Avg:  0.0, Max: 0, Diff: 0, Sum: 0, Workers: 4
[149.053s][debug][gc,phases      ] GC(79)     Total                          Min: 1984, Avg: 2272.5, Max: 2624, Diff: 640, Sum: 9090, Workers: 4
[149.053s][debug][gc,phases      ] GC(79)   JNI Weak                       Min:  0.0, Avg:  0.0, Max:  0.0, Diff:  0.0, Sum:  0.0, Workers: 4
[149.053s][debug][gc,phases      ] GC(79)     Dead                           Min: 0, Avg:  0.0, Max: 0, Diff: 0, Sum: 0, Workers: 4
[149.053s][debug][gc,phases      ] GC(79)     Total                          Min: 0, Avg:  0.0, Max: 0, Diff: 0, Sum: 0, Workers: 4
[149.053s][debug][gc,phases      ] GC(79)   StringDedup Table Weak         Min:  0.0, Avg:  0.0, Max:  0.0, Diff:  0.0, Sum:  0.0, Workers: 4
[149.053s][debug][gc,phases      ] GC(79)     Dead                           Min: 0, Avg:  0.0, Max: 0, Diff: 0, Sum: 0, Workers: 4
[149.053s][debug][gc,phases      ] GC(79)     Total                          Min: 0, Avg:  0.0, Max: 0, Diff: 0, Sum: 0, Workers: 4
[149.053s][debug][gc,phases      ] GC(79)   StringDedup Requests0 Weak     Min:  0.0, Avg:  0.0, Max:  0.0, Diff:  0.0, Sum:  0.0, Workers: 4
[149.053s][debug][gc,phases      ] GC(79)     Dead                           Min: 0, Avg:  0.0, Max: 0, Diff: 0, Sum: 0, Workers: 4
[149.053s][debug][gc,phases      ] GC(79)     Total                          Min: 0, Avg:  0.0, Max: 0, Diff: 0, Sum: 0, Workers: 4
[149.053s][debug][gc,phases      ] GC(79)   StringDedup Requests1 Weak     Min:  0.0, Avg:  0.0, Max:  0.0, Diff:  0.0, Sum:  0.0, Workers: 4
[149.053s][debug][gc,phases      ] GC(79)     Dead                           Min: 0, Avg:  0.0, Max: 0, Diff: 0, Sum: 0, Workers: 4
[149.053s][debug][gc,phases      ] GC(79)     Total                          Min: 0, Avg:  0.0, Max: 0, Diff: 0, Sum: 0, Workers: 4
[149.053s][debug][gc,phases      ] GC(79)   Weak JFR Old Object Samples    Min:  0.0, Avg:  0.0, Max:  0.0, Diff:  0.0, Sum:  0.0, Workers: 4
[149.053s][debug][gc,phases      ] GC(79)     Dead                           Min: 0, Avg:  0.0, Max: 0, Diff: 0, Sum: 0, Workers: 4
[149.053s][debug][gc,phases      ] GC(79)     Total                          Min: 0, Avg:  0.0, Max: 0, Diff: 0, Sum: 0, Workers: 4
[149.053s][debug][gc,phases      ] GC(79) Weak Processing 0.389ms
[149.053s][debug][gc,age         ] GC(79) Desired survivor size 284164096 bytes, new threshold 15 (max threshold 15)
[149.053s][info ][gc,heap        ] GC(79) PSYoungGen: 1538263K(1764864K)->90370K(1819648K) Eden: 1452032K(1452032K)->0K(1524736K) From: 86231K(312832K)->90370K(294912K)
[149.053s][info ][gc,heap        ] GC(79) ParOldGen: 387368K(504320K)->387368K(504320K)
[149.053s][info ][gc,metaspace   ] GC(79) Metaspace: 86885K(87744K)->86885K(87744K) NonClass: 74542K(75008K)->74542K(75008K) Class: 12343K(12736K)->12343K(12736K)
[149.053s][info ][gc             ] GC(79) Pause Young (Allocation Failure) 1880M->466M(2269M) 24.254ms
[149.053s][info ][gc,cpu         ] GC(79) User=0.10s Sys=0.00s Real=0.03s
[149.053s][info ][safepoint      ] Safepoint "ParallelGCFailedAllocation", Time since last: 308075904 ns, Reaching safepoint: 131905 ns, At safepoint: 24363978 ns, Total: 24495883 ns
[150.054s][info ][safepoint      ] Safepoint "Cleanup", Time since last: 1000084443 ns, Reaching safepoint: 143605 ns, At safepoint: 13000 ns, Total: 156605 ns
[151.054s][info ][safepoint      ] Safepoint "Cleanup", Time since last: 1000102537 ns, Reaching safepoint: 103304 ns, At safepoint: 10900 ns, Total: 114204 ns
[152.392s][info ][safepoint      ] Safepoint "Cleanup", Time since last: 1338064005 ns, Reaching safepoint: 90803 ns, At safepoint: 12001 ns, Total: 102804 ns
[153.392s][info ][safepoint      ] Safepoint "Cleanup", Time since last: 1000120622 ns, Reaching safepoint: 50602 ns, At safepoint: 12001 ns, Total: 62603 ns
[154.392s][info ][safepoint      ] Safepoint "Cleanup", Time since last: 1000116616 ns, Reaching safepoint: 57302 ns, At safepoint: 9500 ns, Total: 66802 ns
[155.393s][info ][safepoint      ] Safepoint "Cleanup", Time since last: 1000122910 ns, Reaching safepoint: 60203 ns, At safepoint: 7700 ns, Total: 67903 ns
[156.393s][info ][safepoint      ] Safepoint "Cleanup", Time since last: 1000116403 ns, Reaching safepoint: 57803 ns, At safepoint: 7900 ns, Total: 65703 ns
[157.393s][info ][safepoint      ] Safepoint "Cleanup", Time since last: 1000112697 ns, Reaching safepoint: 129105 ns, At safepoint: 11800 ns, Total: 140905 ns
[158.393s][info ][safepoint      ] Safepoint "Cleanup", Time since last: 1000119191 ns, Reaching safepoint: 50402 ns, At safepoint: 7701 ns, Total: 58103 ns
[159.393s][info ][safepoint      ] Safepoint "Cleanup", Time since last: 1000113184 ns, Reaching safepoint: 49102 ns, At safepoint: 2500 ns, Total: 51602 ns
[160.394s][info ][safepoint      ] Safepoint "Cleanup", Time since last: 1000139780 ns, Reaching safepoint: 44201 ns, At safepoint: 3301 ns, Total: 47502 ns
[161.394s][info ][safepoint      ] Safepoint "Cleanup", Time since last: 1000112372 ns, Reaching safepoint: 56502 ns, At safepoint: 6900 ns, Total: 63402 ns
[163.394s][info ][safepoint      ] Safepoint "Cleanup", Time since last: 2000182225 ns, Reaching safepoint: 49502 ns, At safepoint: 3600 ns, Total: 53102 ns
[164.394s][info ][safepoint      ] Safepoint "Cleanup", Time since last: 1000106454 ns, Reaching safepoint: 132304 ns, At safepoint: 33302 ns, Total: 165606 ns
[165.394s][info ][safepoint      ] Safepoint "Cleanup", Time since last: 1000101547 ns, Reaching safepoint: 67802 ns, At safepoint: 10401 ns, Total: 78203 ns
[166.395s][info ][safepoint      ] Safepoint "Cleanup", Time since last: 1000113841 ns, Reaching safepoint: 101004 ns, At safepoint: 6700 ns, Total: 107704 ns
[166.543s][info ][gc,start       ] GC(80) Pause Young (Allocation Failure)
[166.566s][debug][gc,phases      ] GC(80) Scavenge 22.610ms
[166.566s][debug][gc,ref         ] GC(80) Skipped phase 1 of Reference Processing: no references
[166.566s][debug][gc,ref         ] GC(80) ReferenceProcessor::execute queues: 1, RefProcThreadModel::Single, marks_oops_alive: false
[166.566s][debug][gc,ref         ] GC(80) Skipped phase 3 of Reference Processing: no references
[166.566s][debug][gc,ref         ] GC(80) ReferenceProcessor::execute queues: 1, RefProcThreadModel::Single, marks_oops_alive: false
[166.566s][debug][gc,phases      ] GC(80) Reference Processing 0.122ms
[166.566s][debug][gc,phases      ] GC(80)   VM Weak                        Min:  0.0, Avg:  0.0, Max:  0.0, Diff:  0.0, Sum:  0.0, Workers: 4
[166.566s][debug][gc,phases      ] GC(80)     Dead                           Min: 0, Avg:  0.0, Max: 0, Diff: 0, Sum: 0, Workers: 4
[166.566s][debug][gc,phases      ] GC(80)     Total                          Min: 0, Avg: 193.5, Max: 454, Diff: 454, Sum: 774, Workers: 4
[166.566s][debug][gc,phases      ] GC(80)   ObjectSynchronizer Weak        Min:  0.0, Avg:  0.0, Max:  0.0, Diff:  0.0, Sum:  0.0, Workers: 4
[166.566s][debug][gc,phases      ] GC(80)     Dead                           Min: 0, Avg:  0.0, Max: 0, Diff: 0, Sum: 0, Workers: 4
[166.566s][debug][gc,phases      ] GC(80)     Total                          Min: 0, Avg: 317.5, Max: 448, Diff: 448, Sum: 1270, Workers: 4
[166.566s][debug][gc,phases      ] GC(80)   JVMTI Tag Weak OopStorage      Min:  0.0, Avg:  0.0, Max:  0.0, Diff:  0.0, Sum:  0.0, Workers: 4
[166.566s][debug][gc,phases      ] GC(80)     Dead                           Min: 0, Avg:  0.0, Max: 0, Diff: 0, Sum: 0, Workers: 4
[166.566s][debug][gc,phases      ] GC(80)     Total                          Min: 0, Avg:  0.0, Max: 0, Diff: 0, Sum: 0, Workers: 4
[166.566s][debug][gc,phases      ] GC(80)   StringTable Weak               Min:  0.0, Avg:  0.1, Max:  0.2, Diff:  0.2, Sum:  0.5, Workers: 4
[166.566s][debug][gc,phases      ] GC(80)     Dead                           Min: 0, Avg:  0.0, Max: 0, Diff: 0, Sum: 0, Workers: 4
[166.566s][debug][gc,phases      ] GC(80)     Total                          Min: 0, Avg: 12424.0, Max: 17568, Diff: 17568, Sum: 49696, Workers: 4
[166.566s][debug][gc,phases      ] GC(80)   ResolvedMethodTable Weak       Min:  0.0, Avg:  0.0, Max:  0.0, Diff:  0.0, Sum:  0.1, Workers: 4
[166.566s][debug][gc,phases      ] GC(80)     Dead                           Min: 0, Avg:  4.2, Max: 17, Diff: 17, Sum: 17, Workers: 4
[166.566s][debug][gc,phases      ] GC(80)     Total                          Min: 0, Avg: 2275.2, Max: 3155, Diff: 3155, Sum: 9101, Workers: 4
[166.566s][debug][gc,phases      ] GC(80)   JNI Weak                       Min:  0.0, Avg:  0.0, Max:  0.0, Diff:  0.0, Sum:  0.0, Workers: 4
[166.566s][debug][gc,phases      ] GC(80)     Dead                           Min: 0, Avg:  0.0, Max: 0, Diff: 0, Sum: 0, Workers: 4
[166.566s][debug][gc,phases      ] GC(80)     Total                          Min: 0, Avg:  0.0, Max: 0, Diff: 0, Sum: 0, Workers: 4
[166.567s][debug][gc,phases      ] GC(80)   StringDedup Table Weak         Min:  0.0, Avg:  0.0, Max:  0.0, Diff:  0.0, Sum:  0.0, Workers: 4
[166.567s][debug][gc,phases      ] GC(80)     Dead                           Min: 0, Avg:  0.0, Max: 0, Diff: 0, Sum: 0, Workers: 4
[166.567s][debug][gc,phases      ] GC(80)     Total                          Min: 0, Avg:  0.0, Max: 0, Diff: 0, Sum: 0, Workers: 4
[166.567s][debug][gc,phases      ] GC(80)   StringDedup Requests0 Weak     Min:  0.0, Avg:  0.0, Max:  0.0, Diff:  0.0, Sum:  0.0, Workers: 4
[166.567s][debug][gc,phases      ] GC(80)     Dead                           Min: 0, Avg:  0.0, Max: 0, Diff: 0, Sum: 0, Workers: 4
[166.567s][debug][gc,phases      ] GC(80)     Total                          Min: 0, Avg:  0.0, Max: 0, Diff: 0, Sum: 0, Workers: 4
[166.567s][debug][gc,phases      ] GC(80)   StringDedup Requests1 Weak     Min:  0.0, Avg:  0.0, Max:  0.0, Diff:  0.0, Sum:  0.0, Workers: 4
[166.567s][debug][gc,phases      ] GC(80)     Dead                           Min: 0, Avg:  0.0, Max: 0, Diff: 0, Sum: 0, Workers: 4
[166.567s][debug][gc,phases      ] GC(80)     Total                          Min: 0, Avg:  0.0, Max: 0, Diff: 0, Sum: 0, Workers: 4
[166.567s][debug][gc,phases      ] GC(80)   Weak JFR Old Object Samples    Min:  0.0, Avg:  0.0, Max:  0.0, Diff:  0.0, Sum:  0.0, Workers: 4
[166.567s][debug][gc,phases      ] GC(80)     Dead                           Min: 0, Avg:  0.0, Max: 0, Diff: 0, Sum: 0, Workers: 4
[166.567s][debug][gc,phases      ] GC(80)     Total                          Min: 0, Avg:  0.0, Max: 0, Diff: 0, Sum: 0, Workers: 4
[166.567s][debug][gc,phases      ] GC(80) Weak Processing 0.406ms
[166.567s][debug][gc,age         ] GC(80) Desired survivor size 267911168 bytes, new threshold 15 (max threshold 15)
[166.567s][info ][gc,heap        ] GC(80) PSYoungGen: 1615106K(1819648K)->89259K(1802240K) Eden: 1524736K(1524736K)->0K(1524736K) From: 90370K(294912K)->89259K(277504K)
[166.567s][info ][gc,heap        ] GC(80) ParOldGen: 387368K(504320K)->387376K(504320K)
[166.567s][info ][gc,metaspace   ] GC(80) Metaspace: 86959K(87808K)->86959K(87808K) NonClass: 74616K(75072K)->74616K(75072K) Class: 12343K(12736K)->12343K(12736K)
[166.567s][info ][gc             ] GC(80) Pause Young (Allocation Failure) 1955M->465M(2252M) 23.261ms
[166.567s][info ][gc,cpu         ] GC(80) User=0.09s Sys=0.00s Real=0.02s
[166.567s][info ][safepoint      ] Safepoint "ParallelGCFailedAllocation", Time since last: 148583739 ns, Reaching safepoint: 98504 ns, At safepoint: 23348639 ns, Total: 23447143 ns
[167.567s][info ][safepoint      ] Safepoint "Cleanup", Time since last: 1000090733 ns, Reaching safepoint: 63603 ns, At safepoint: 7200 ns, Total: 70803 ns
[168.567s][info ][safepoint      ] Safepoint "Cleanup", Time since last: 1000108228 ns, Reaching safepoint: 117204 ns, At safepoint: 10301 ns, Total: 127505 ns
[169.567s][info ][safepoint      ] Safepoint "Cleanup", Time since last: 1000127622 ns, Reaching safepoint: 76203 ns, At safepoint: 6200 ns, Total: 82403 ns
[170.841s][info ][safepoint      ] Safepoint "Cleanup", Time since last: 1273302926 ns, Reaching safepoint: 138305 ns, At safepoint: 13201 ns, Total: 151506 ns
[171.841s][info ][safepoint      ] Safepoint "Cleanup", Time since last: 1000107208 ns, Reaching safepoint: 108804 ns, At safepoint: 10700 ns, Total: 119504 ns
[172.841s][info ][safepoint      ] Safepoint "Cleanup", Time since last: 1000121003 ns, Reaching safepoint: 134005 ns, At safepoint: 13300 ns, Total: 147305 ns
[173.841s][info ][safepoint      ] Safepoint "Cleanup", Time since last: 1000113196 ns, Reaching safepoint: 111905 ns, At safepoint: 8900 ns, Total: 120805 ns
[174.842s][info ][safepoint      ] Safepoint "Cleanup", Time since last: 1000103790 ns, Reaching safepoint: 102704 ns, At safepoint: 8900 ns, Total: 111604 ns
[176.093s][info ][safepoint      ] Safepoint "Cleanup", Time since last: 1250919282 ns, Reaching safepoint: 46402 ns, At safepoint: 10100 ns, Total: 56502 ns
[177.093s][info ][safepoint      ] Safepoint "Cleanup", Time since last: 1000123878 ns, Reaching safepoint: 120204 ns, At safepoint: 13000 ns, Total: 133204 ns
[178.093s][info ][safepoint      ] Safepoint "Cleanup", Time since last: 1000096271 ns, Reaching safepoint: 48801 ns, At safepoint: 3700 ns, Total: 52501 ns
[179.093s][info ][safepoint      ] Safepoint "Cleanup", Time since last: 1000115265 ns, Reaching safepoint: 82703 ns, At safepoint: 7901 ns, Total: 90604 ns
[180.093s][info ][safepoint      ] Safepoint "Cleanup", Time since last: 1000107958 ns, Reaching safepoint: 53302 ns, At safepoint: 6700 ns, Total: 60002 ns
[181.094s][info ][safepoint      ] Safepoint "Cleanup", Time since last: 1000102953 ns, Reaching safepoint: 51702 ns, At safepoint: 6600 ns, Total: 58302 ns
[182.094s][info ][safepoint      ] Safepoint "Cleanup", Time since last: 1000113047 ns, Reaching safepoint: 44101 ns, At safepoint: 3400 ns, Total: 47501 ns
[183.094s][info ][safepoint      ] Safepoint "Cleanup", Time since last: 1000103841 ns, Reaching safepoint: 48802 ns, At safepoint: 7500 ns, Total: 56302 ns
[184.094s][info ][safepoint      ] Safepoint "Cleanup", Time since last: 1000119635 ns, Reaching safepoint: 50102 ns, At safepoint: 3600 ns, Total: 53702 ns
[185.024s][info ][gc,start       ] GC(81) Pause Young (Allocation Failure)
[185.057s][debug][gc,phases      ] GC(81) Scavenge 32.433ms
[185.057s][debug][gc,ref         ] GC(81) Skipped phase 1 of Reference Processing: no references
[185.057s][debug][gc,ref         ] GC(81) ReferenceProcessor::execute queues: 1, RefProcThreadModel::Single, marks_oops_alive: false
[185.057s][debug][gc,ref         ] GC(81) Skipped phase 3 of Reference Processing: no references
[185.057s][debug][gc,ref         ] GC(81) ReferenceProcessor::execute queues: 1, RefProcThreadModel::Single, marks_oops_alive: false
[185.057s][debug][gc,phases      ] GC(81) Reference Processing 0.126ms
[185.057s][debug][gc,phases      ] GC(81)   VM Weak                        Min:  0.0, Avg:  0.0, Max:  0.0, Diff:  0.0, Sum:  0.0, Workers: 4
[185.057s][debug][gc,phases      ] GC(81)     Dead                           Min: 0, Avg:  0.0, Max: 0, Diff: 0, Sum: 0, Workers: 4
[185.057s][debug][gc,phases      ] GC(81)     Total                          Min: 0, Avg: 194.5, Max: 586, Diff: 586, Sum: 778, Workers: 4
[185.057s][debug][gc,phases      ] GC(81)   ObjectSynchronizer Weak        Min:  0.0, Avg:  0.0, Max:  0.0, Diff:  0.0, Sum:  0.0, Workers: 4
[185.057s][debug][gc,phases      ] GC(81)     Dead                           Min: 0, Avg:  0.0, Max: 0, Diff: 0, Sum: 0, Workers: 4
[185.057s][debug][gc,phases      ] GC(81)     Total                          Min: 0, Avg: 317.5, Max: 640, Diff: 640, Sum: 1270, Workers: 4
[185.057s][debug][gc,phases      ] GC(81)   JVMTI Tag Weak OopStorage      Min:  0.0, Avg:  0.0, Max:  0.0, Diff:  0.0, Sum:  0.0, Workers: 4
[185.057s][debug][gc,phases      ] GC(81)     Dead                           Min: 0, Avg:  0.0, Max: 0, Diff: 0, Sum: 0, Workers: 4
[185.057s][debug][gc,phases      ] GC(81)     Total                          Min: 0, Avg:  0.0, Max: 0, Diff: 0, Sum: 0, Workers: 4
[185.057s][debug][gc,phases      ] GC(81)   StringTable Weak               Min:  0.0, Avg:  0.1, Max:  0.2, Diff:  0.2, Sum:  0.5, Workers: 4
[185.057s][debug][gc,phases      ] GC(81)     Dead                           Min: 0, Avg:  0.0, Max: 0, Diff: 0, Sum: 0, Workers: 4
[185.057s][debug][gc,phases      ] GC(81)     Total                          Min: 0, Avg: 12433.5, Max: 18054, Diff: 18054, Sum: 49734, Workers: 4
[185.057s][debug][gc,phases      ] GC(81)   ResolvedMethodTable Weak       Min:  0.0, Avg:  0.0, Max:  0.0, Diff:  0.0, Sum:  0.1, Workers: 4
[185.057s][debug][gc,phases      ] GC(81)     Dead                           Min: 0, Avg:  0.0, Max: 0, Diff: 0, Sum: 0, Workers: 4
[185.057s][debug][gc,phases      ] GC(81)     Total                          Min: 0, Avg: 2279.2, Max: 3229, Diff: 3229, Sum: 9117, Workers: 4
[185.057s][debug][gc,phases      ] GC(81)   JNI Weak                       Min:  0.0, Avg:  0.0, Max:  0.0, Diff:  0.0, Sum:  0.0, Workers: 4
[185.057s][debug][gc,phases      ] GC(81)     Dead                           Min: 0, Avg:  0.0, Max: 0, Diff: 0, Sum: 0, Workers: 4
[185.057s][debug][gc,phases      ] GC(81)     Total                          Min: 0, Avg:  0.0, Max: 0, Diff: 0, Sum: 0, Workers: 4
[185.057s][debug][gc,phases      ] GC(81)   StringDedup Table Weak         Min:  0.0, Avg:  0.0, Max:  0.0, Diff:  0.0, Sum:  0.0, Workers: 4
[185.057s][debug][gc,phases      ] GC(81)     Dead                           Min: 0, Avg:  0.0, Max: 0, Diff: 0, Sum: 0, Workers: 4
[185.057s][debug][gc,phases      ] GC(81)     Total                          Min: 0, Avg:  0.0, Max: 0, Diff: 0, Sum: 0, Workers: 4
[185.057s][debug][gc,phases      ] GC(81)   StringDedup Requests0 Weak     Min:  0.0, Avg:  0.0, Max:  0.0, Diff:  0.0, Sum:  0.0, Workers: 4
[185.057s][debug][gc,phases      ] GC(81)     Dead                           Min: 0, Avg:  0.0, Max: 0, Diff: 0, Sum: 0, Workers: 4
[185.057s][debug][gc,phases      ] GC(81)     Total                          Min: 0, Avg:  0.0, Max: 0, Diff: 0, Sum: 0, Workers: 4
[185.057s][debug][gc,phases      ] GC(81)   StringDedup Requests1 Weak     Min:  0.0, Avg:  0.0, Max:  0.0, Diff:  0.0, Sum:  0.0, Workers: 4
[185.057s][debug][gc,phases      ] GC(81)     Dead                           Min: 0, Avg:  0.0, Max: 0, Diff: 0, Sum: 0, Workers: 4
[185.057s][debug][gc,phases      ] GC(81)     Total                          Min: 0, Avg:  0.0, Max: 0, Diff: 0, Sum: 0, Workers: 4
[185.057s][debug][gc,phases      ] GC(81)   Weak JFR Old Object Samples    Min:  0.0, Avg:  0.0, Max:  0.0, Diff:  0.0, Sum:  0.0, Workers: 4
[185.057s][debug][gc,phases      ] GC(81)     Dead                           Min: 0, Avg:  0.0, Max: 0, Diff: 0, Sum: 0, Workers: 4
[185.057s][debug][gc,phases      ] GC(81)     Total                          Min: 0, Avg:  0.0, Max: 0, Diff: 0, Sum: 0, Workers: 4
[185.057s][debug][gc,phases      ] GC(81) Weak Processing 0.487ms
[185.057s][debug][gc,age         ] GC(81) Desired survivor size 252706816 bytes, new threshold 15 (max threshold 15)
[185.057s][info ][gc,heap        ] GC(81) PSYoungGen: 1613995K(1802240K)->90993K(1850368K) Eden: 1524736K(1524736K)->0K(1588736K) From: 89259K(277504K)->90993K(261632K)
[185.057s][info ][gc,heap        ] GC(81) ParOldGen: 387376K(504320K)->396830K(504320K)
[185.057s][info ][gc,metaspace   ] GC(81) Metaspace: 87050K(87936K)->87050K(87936K) NonClass: 74703K(75200K)->74703K(75200K) Class: 12347K(12736K)->12347K(12736K)
[185.058s][info ][gc             ] GC(81) Pause Young (Allocation Failure) 1954M->476M(2299M) 33.197ms
[185.058s][info ][gc,cpu         ] GC(81) User=0.11s Sys=0.00s Real=0.03s
[185.058s][info ][safepoint      ] Safepoint "ParallelGCFailedAllocation", Time since last: 930063820 ns, Reaching safepoint: 126905 ns, At safepoint: 33301593 ns, Total: 33428498 ns
[186.058s][info ][safepoint      ] Safepoint "Cleanup", Time since last: 1000089422 ns, Reaching safepoint: 49602 ns, At safepoint: 4800 ns, Total: 54402 ns
[187.058s][info ][safepoint      ] Safepoint "Cleanup", Time since last: 1000117918 ns, Reaching safepoint: 66302 ns, At safepoint: 7200 ns, Total: 73502 ns
[188.058s][info ][safepoint      ] Safepoint "Cleanup", Time since last: 1000135113 ns, Reaching safepoint: 69702 ns, At safepoint: 8601 ns, Total: 78303 ns
[189.058s][info ][safepoint      ] Safepoint "Cleanup", Time since last: 1000117106 ns, Reaching safepoint: 62902 ns, At safepoint: 7600 ns, Total: 70502 ns
[190.058s][info ][safepoint      ] Safepoint "Cleanup", Time since last: 1000120300 ns, Reaching safepoint: 54402 ns, At safepoint: 10101 ns, Total: 64503 ns
[191.059s][info ][safepoint      ] Safepoint "Cleanup", Time since last: 1000120694 ns, Reaching safepoint: 73702 ns, At safepoint: 8101 ns, Total: 81803 ns
[192.059s][info ][safepoint      ] Safepoint "Cleanup", Time since last: 1000123288 ns, Reaching safepoint: 59002 ns, At safepoint: 6801 ns, Total: 65803 ns
[193.059s][info ][safepoint      ] Safepoint "Cleanup", Time since last: 1000113082 ns, Reaching safepoint: 56102 ns, At safepoint: 7600 ns, Total: 63702 ns
[194.059s][info ][safepoint      ] Safepoint "Cleanup", Time since last: 1000133278 ns, Reaching safepoint: 62702 ns, At safepoint: 8400 ns, Total: 71102 ns
[195.307s][info ][safepoint      ] Safepoint "Cleanup", Time since last: 1247820830 ns, Reaching safepoint: 83203 ns, At safepoint: 6401 ns, Total: 89604 ns
[196.307s][info ][safepoint      ] Safepoint "Cleanup", Time since last: 1000114263 ns, Reaching safepoint: 57402 ns, At safepoint: 8100 ns, Total: 65502 ns
[197.308s][info ][safepoint      ] Safepoint "Cleanup", Time since last: 1000117858 ns, Reaching safepoint: 60003 ns, At safepoint: 8600 ns, Total: 68603 ns
[198.308s][info ][safepoint      ] Safepoint "Cleanup", Time since last: 1000129753 ns, Reaching safepoint: 61202 ns, At safepoint: 5700 ns, Total: 66902 ns
[199.308s][info ][safepoint      ] Safepoint "Cleanup", Time since last: 1000127147 ns, Reaching safepoint: 56802 ns, At safepoint: 3000 ns, Total: 59802 ns
[200.308s][info ][safepoint      ] Safepoint "Cleanup", Time since last: 1000117241 ns, Reaching safepoint: 50001 ns, At safepoint: 8701 ns, Total: 58702 ns
[201.308s][info ][safepoint      ] Safepoint "Cleanup", Time since last: 1000079333 ns, Reaching safepoint: 55802 ns, At safepoint: 9401 ns, Total: 65203 ns
[203.309s][info ][safepoint      ] Safepoint "Cleanup", Time since last: 2000206451 ns, Reaching safepoint: 58402 ns, At safepoint: 6701 ns, Total: 65103 ns
[204.309s][info ][safepoint      ] Safepoint "Cleanup", Time since last: 1000112117 ns, Reaching safepoint: 50302 ns, At safepoint: 7200 ns, Total: 57502 ns
[205.309s][info ][safepoint      ] Safepoint "Cleanup", Time since last: 1000121913 ns, Reaching safepoint: 55502 ns, At safepoint: 11500 ns, Total: 67002 ns
[206.309s][info ][safepoint      ] Safepoint "Cleanup", Time since last: 1000115906 ns, Reaching safepoint: 74703 ns, At safepoint: 11501 ns, Total: 86204 ns
[208.309s][info ][safepoint      ] Safepoint "Cleanup", Time since last: 2000175593 ns, Reaching safepoint: 74603 ns, At safepoint: 6800 ns, Total: 81403 ns
[209.310s][info ][safepoint      ] Safepoint "Cleanup", Time since last: 1000118990 ns, Reaching safepoint: 73002 ns, At safepoint: 8601 ns, Total: 81603 ns
[209.443s][info ][gc,start       ] GC(82) Pause Young (Allocation Failure)
[209.465s][debug][gc,phases      ] GC(82) Scavenge 21.955ms
[209.465s][debug][gc,ref         ] GC(82) Skipped phase 1 of Reference Processing: no references
[209.465s][debug][gc,ref         ] GC(82) ReferenceProcessor::execute queues: 1, RefProcThreadModel::Single, marks_oops_alive: false
[209.465s][debug][gc,ref         ] GC(82) Skipped phase 3 of Reference Processing: no references
[209.465s][debug][gc,ref         ] GC(82) ReferenceProcessor::execute queues: 1, RefProcThreadModel::Single, marks_oops_alive: false
[209.465s][debug][gc,phases      ] GC(82) Reference Processing 0.160ms
[209.465s][debug][gc,phases      ] GC(82)   VM Weak                        Min:  0.0, Avg:  0.0, Max:  0.0, Diff:  0.0, Sum:  0.0, Workers: 4
[209.465s][debug][gc,phases      ] GC(82)     Dead                           Min: 0, Avg:  0.0, Max: 0, Diff: 0, Sum: 0, Workers: 4
[209.465s][debug][gc,phases      ] GC(82)     Total                          Min: 0, Avg: 194.5, Max: 778, Diff: 778, Sum: 778, Workers: 4
[209.465s][debug][gc,phases      ] GC(82)   ObjectSynchronizer Weak        Min:  0.0, Avg:  0.0, Max:  0.0, Diff:  0.0, Sum:  0.0, Workers: 4
[209.465s][debug][gc,phases      ] GC(82)     Dead                           Min: 0, Avg:  0.0, Max: 0, Diff: 0, Sum: 0, Workers: 4
[209.465s][debug][gc,phases      ] GC(82)     Total                          Min: 0, Avg: 317.5, Max: 640, Diff: 640, Sum: 1270, Workers: 4
[209.465s][debug][gc,phases      ] GC(82)   JVMTI Tag Weak OopStorage      Min:  0.0, Avg:  0.0, Max:  0.0, Diff:  0.0, Sum:  0.0, Workers: 4
[209.465s][debug][gc,phases      ] GC(82)     Dead                           Min: 0, Avg:  0.0, Max: 0, Diff: 0, Sum: 0, Workers: 4
[209.465s][debug][gc,phases      ] GC(82)     Total                          Min: 0, Avg:  0.0, Max: 0, Diff: 0, Sum: 0, Workers: 4
[209.465s][debug][gc,phases      ] GC(82)   StringTable Weak               Min:  0.1, Avg:  0.1, Max:  0.1, Diff:  0.0, Sum:  0.5, Workers: 4
[209.465s][debug][gc,phases      ] GC(82)     Dead                           Min: 0, Avg:  0.0, Max: 0, Diff: 0, Sum: 0, Workers: 4
[209.465s][debug][gc,phases      ] GC(82)     Total                          Min: 11008, Avg: 12439.8, Max: 13504, Diff: 2496, Sum: 49759, Workers: 4
[209.465s][debug][gc,phases      ] GC(82)   ResolvedMethodTable Weak       Min:  0.0, Avg:  0.0, Max:  0.0, Diff:  0.0, Sum:  0.1, Workers: 4
[209.465s][debug][gc,phases      ] GC(82)     Dead                           Min: 0, Avg:  0.0, Max: 0, Diff: 0, Sum: 0, Workers: 4
[209.465s][debug][gc,phases      ] GC(82)     Total                          Min: 2240, Avg: 2279.2, Max: 2397, Diff: 157, Sum: 9117, Workers: 4
[209.465s][debug][gc,phases      ] GC(82)   JNI Weak                       Min:  0.0, Avg:  0.0, Max:  0.0, Diff:  0.0, Sum:  0.0, Workers: 4
[209.465s][debug][gc,phases      ] GC(82)     Dead                           Min: 0, Avg:  0.0, Max: 0, Diff: 0, Sum: 0, Workers: 4
[209.465s][debug][gc,phases      ] GC(82)     Total                          Min: 0, Avg:  0.0, Max: 0, Diff: 0, Sum: 0, Workers: 4
[209.465s][debug][gc,phases      ] GC(82)   StringDedup Table Weak         Min:  0.0, Avg:  0.0, Max:  0.0, Diff:  0.0, Sum:  0.0, Workers: 4
[209.465s][debug][gc,phases      ] GC(82)     Dead                           Min: 0, Avg:  0.0, Max: 0, Diff: 0, Sum: 0, Workers: 4
[209.465s][debug][gc,phases      ] GC(82)     Total                          Min: 0, Avg:  0.0, Max: 0, Diff: 0, Sum: 0, Workers: 4
[209.466s][debug][gc,phases      ] GC(82)   StringDedup Requests0 Weak     Min:  0.0, Avg:  0.0, Max:  0.0, Diff:  0.0, Sum:  0.0, Workers: 4
[209.466s][debug][gc,phases      ] GC(82)     Dead                           Min: 0, Avg:  0.0, Max: 0, Diff: 0, Sum: 0, Workers: 4
[209.466s][debug][gc,phases      ] GC(82)     Total                          Min: 0, Avg:  0.0, Max: 0, Diff: 0, Sum: 0, Workers: 4
[209.466s][debug][gc,phases      ] GC(82)   StringDedup Requests1 Weak     Min:  0.0, Avg:  0.0, Max:  0.0, Diff:  0.0, Sum:  0.0, Workers: 4
[209.466s][debug][gc,phases      ] GC(82)     Dead                           Min: 0, Avg:  0.0, Max: 0, Diff: 0, Sum: 0, Workers: 4
[209.466s][debug][gc,phases      ] GC(82)     Total                          Min: 0, Avg:  0.0, Max: 0, Diff: 0, Sum: 0, Workers: 4
[209.466s][debug][gc,phases      ] GC(82)   Weak JFR Old Object Samples    Min:  0.0, Avg:  0.0, Max:  0.0, Diff:  0.0, Sum:  0.0, Workers: 4
[209.466s][debug][gc,phases      ] GC(82)     Dead                           Min: 0, Avg:  0.0, Max: 0, Diff: 0, Sum: 0, Workers: 4
[209.466s][debug][gc,phases      ] GC(82)     Total                          Min: 0, Avg:  0.0, Max: 0, Diff: 0, Sum: 0, Workers: 4
[209.466s][debug][gc,phases      ] GC(82) Weak Processing 0.444ms
[209.466s][debug][gc,age         ] GC(82) Desired survivor size 240648192 bytes, new threshold 15 (max threshold 15)
[209.466s][info ][gc,heap        ] GC(82) PSYoungGen: 1679729K(1850368K)->78865K(1835520K) Eden: 1588736K(1588736K)->0K(1588736K) From: 90993K(261632K)->78865K(246784K)
[209.466s][info ][gc,heap        ] GC(82) ParOldGen: 396830K(504320K)->403146K(504320K)
[209.466s][info ][gc,metaspace   ] GC(82) Metaspace: 87114K(88000K)->87114K(88000K) NonClass: 74765K(75264K)->74765K(75264K) Class: 12348K(12736K)->12348K(12736K)
[209.466s][info ][gc             ] GC(82) Pause Young (Allocation Failure) 2027M->470M(2285M) 22.706ms
[209.466s][info ][gc,cpu         ] GC(82) User=0.08s Sys=0.00s Real=0.02s
[209.466s][info ][safepoint      ] Safepoint "ParallelGCFailedAllocation", Time since last: 133307056 ns, Reaching safepoint: 41602 ns, At safepoint: 22798813 ns, Total: 22840415 ns
[210.466s][info ][safepoint      ] Safepoint "Cleanup", Time since last: 1000084882 ns, Reaching safepoint: 52802 ns, At safepoint: 7300 ns, Total: 60102 ns
[211.466s][info ][safepoint      ] Safepoint "Cleanup", Time since last: 1000110577 ns, Reaching safepoint: 50102 ns, At safepoint: 6500 ns, Total: 56602 ns
[212.466s][info ][safepoint      ] Safepoint "Cleanup", Time since last: 1000120572 ns, Reaching safepoint: 50902 ns, At safepoint: 9000 ns, Total: 59902 ns
[213.466s][info ][safepoint      ] Safepoint "Cleanup", Time since last: 1000095466 ns, Reaching safepoint: 54702 ns, At safepoint: 8700 ns, Total: 63402 ns
[215.467s][info ][safepoint      ] Safepoint "Cleanup", Time since last: 2000180614 ns, Reaching safepoint: 57802 ns, At safepoint: 7600 ns, Total: 65402 ns
[216.467s][info ][safepoint      ] Safepoint "Cleanup", Time since last: 1000098849 ns, Reaching safepoint: 47101 ns, At safepoint: 3101 ns, Total: 50202 ns
[217.467s][info ][safepoint      ] Safepoint "Cleanup", Time since last: 1000098243 ns, Reaching safepoint: 50102 ns, At safepoint: 17300 ns, Total: 67402 ns
[218.467s][info ][safepoint      ] Safepoint "Cleanup", Time since last: 1000106138 ns, Reaching safepoint: 45802 ns, At safepoint: 7200 ns, Total: 53002 ns
[219.467s][info ][safepoint      ] Safepoint "Cleanup", Time since last: 1000097532 ns, Reaching safepoint: 41902 ns, At safepoint: 7700 ns, Total: 49602 ns
[220.467s][info ][safepoint      ] Safepoint "Cleanup", Time since last: 1000138228 ns, Reaching safepoint: 122804 ns, At safepoint: 20701 ns, Total: 143505 ns
[221.468s][info ][safepoint      ] Safepoint "Cleanup", Time since last: 1000110222 ns, Reaching safepoint: 259409 ns, At safepoint: 11300 ns, Total: 270709 ns
[222.468s][info ][safepoint      ] Safepoint "Cleanup", Time since last: 1000125117 ns, Reaching safepoint: 67202 ns, At safepoint: 11801 ns, Total: 79003 ns
[223.468s][info ][safepoint      ] Safepoint "Cleanup", Time since last: 1000131111 ns, Reaching safepoint: 125604 ns, At safepoint: 11001 ns, Total: 136605 ns
[224.298s][info ][gc,start       ] GC(83) Pause Young (Allocation Failure)
[224.323s][debug][gc,phases      ] GC(83) Scavenge 24.468ms
[224.323s][debug][gc,ref         ] GC(83) Skipped phase 1 of Reference Processing: no references
[224.323s][debug][gc,ref         ] GC(83) ReferenceProcessor::execute queues: 1, RefProcThreadModel::Single, marks_oops_alive: false
[224.323s][debug][gc,ref         ] GC(83) Skipped phase 3 of Reference Processing: no references
[224.323s][debug][gc,ref         ] GC(83) ReferenceProcessor::execute queues: 1, RefProcThreadModel::Single, marks_oops_alive: false
[224.323s][debug][gc,phases      ] GC(83) Reference Processing 0.129ms
[224.323s][debug][gc,phases      ] GC(83)   VM Weak                        Min:  0.0, Avg:  0.0, Max:  0.0, Diff:  0.0, Sum:  0.0, Workers: 4
[224.323s][debug][gc,phases      ] GC(83)     Dead                           Min: 0, Avg:  0.0, Max: 0, Diff: 0, Sum: 0, Workers: 4
[224.323s][debug][gc,phases      ] GC(83)     Total                          Min: 0, Avg: 194.5, Max: 576, Diff: 576, Sum: 778, Workers: 4
[224.323s][debug][gc,phases      ] GC(83)   ObjectSynchronizer Weak        Min:  0.0, Avg:  0.0, Max:  0.0, Diff:  0.0, Sum:  0.0, Workers: 4
[224.323s][debug][gc,phases      ] GC(83)     Dead                           Min: 0, Avg:  0.0, Max: 0, Diff: 0, Sum: 0, Workers: 4
[224.323s][debug][gc,phases      ] GC(83)     Total                          Min: 64, Avg: 317.5, Max: 512, Diff: 448, Sum: 1270, Workers: 4
[224.323s][debug][gc,phases      ] GC(83)   JVMTI Tag Weak OopStorage      Min:  0.0, Avg:  0.0, Max:  0.0, Diff:  0.0, Sum:  0.0, Workers: 4
[224.323s][debug][gc,phases      ] GC(83)     Dead                           Min: 0, Avg:  0.0, Max: 0, Diff: 0, Sum: 0, Workers: 4
[224.323s][debug][gc,phases      ] GC(83)     Total                          Min: 0, Avg:  0.0, Max: 0, Diff: 0, Sum: 0, Workers: 4
[224.323s][debug][gc,phases      ] GC(83)   StringTable Weak               Min:  0.1, Avg:  0.1, Max:  0.1, Diff:  0.0, Sum:  0.5, Workers: 4
[224.323s][debug][gc,phases      ] GC(83)     Dead                           Min: 0, Avg:  0.0, Max: 0, Diff: 0, Sum: 0, Workers: 4
[224.323s][debug][gc,phases      ] GC(83)     Total                          Min: 11328, Avg: 12452.0, Max: 13456, Diff: 2128, Sum: 49808, Workers: 4
[224.323s][debug][gc,phases      ] GC(83)   ResolvedMethodTable Weak       Min:  0.0, Avg:  0.0, Max:  0.0, Diff:  0.0, Sum:  0.1, Workers: 4
[224.323s][debug][gc,phases      ] GC(83)     Dead                           Min: 0, Avg:  0.0, Max: 0, Diff: 0, Sum: 0, Workers: 4
[224.323s][debug][gc,phases      ] GC(83)     Total                          Min: 1984, Avg: 2279.5, Max: 2560, Diff: 576, Sum: 9118, Workers: 4
[224.323s][debug][gc,phases      ] GC(83)   JNI Weak                       Min:  0.0, Avg:  0.0, Max:  0.0, Diff:  0.0, Sum:  0.0, Workers: 4
[224.323s][debug][gc,phases      ] GC(83)     Dead                           Min: 0, Avg:  0.0, Max: 0, Diff: 0, Sum: 0, Workers: 4
[224.323s][debug][gc,phases      ] GC(83)     Total                          Min: 0, Avg:  0.0, Max: 0, Diff: 0, Sum: 0, Workers: 4
[224.323s][debug][gc,phases      ] GC(83)   StringDedup Table Weak         Min:  0.0, Avg:  0.0, Max:  0.0, Diff:  0.0, Sum:  0.0, Workers: 4
[224.323s][debug][gc,phases      ] GC(83)     Dead                           Min: 0, Avg:  0.0, Max: 0, Diff: 0, Sum: 0, Workers: 4
[224.323s][debug][gc,phases      ] GC(83)     Total                          Min: 0, Avg:  0.0, Max: 0, Diff: 0, Sum: 0, Workers: 4
[224.323s][debug][gc,phases      ] GC(83)   StringDedup Requests0 Weak     Min:  0.0, Avg:  0.0, Max:  0.0, Diff:  0.0, Sum:  0.0, Workers: 4
[224.323s][debug][gc,phases      ] GC(83)     Dead                           Min: 0, Avg:  0.0, Max: 0, Diff: 0, Sum: 0, Workers: 4
[224.323s][debug][gc,phases      ] GC(83)     Total                          Min: 0, Avg:  0.0, Max: 0, Diff: 0, Sum: 0, Workers: 4
[224.323s][debug][gc,phases      ] GC(83)   StringDedup Requests1 Weak     Min:  0.0, Avg:  0.0, Max:  0.0, Diff:  0.0, Sum:  0.0, Workers: 4
[224.323s][debug][gc,phases      ] GC(83)     Dead                           Min: 0, Avg:  0.0, Max: 0, Diff: 0, Sum: 0, Workers: 4
[224.323s][debug][gc,phases      ] GC(83)     Total                          Min: 0, Avg:  0.0, Max: 0, Diff: 0, Sum: 0, Workers: 4
[224.323s][debug][gc,phases      ] GC(83)   Weak JFR Old Object Samples    Min:  0.0, Avg:  0.0, Max:  0.0, Diff:  0.0, Sum:  0.0, Workers: 4
[224.323s][debug][gc,phases      ] GC(83)     Dead                           Min: 0, Avg:  0.0, Max: 0, Diff: 0, Sum: 0, Workers: 4
[224.323s][debug][gc,phases      ] GC(83)     Total                          Min: 0, Avg:  0.0, Max: 0, Diff: 0, Sum: 0, Workers: 4
[224.323s][debug][gc,phases      ] GC(83) Weak Processing 0.349ms
[224.323s][debug][gc,age         ] GC(83) Desired survivor size 228589568 bytes, new threshold 15 (max threshold 15)
[224.323s][info ][gc,heap        ] GC(83) PSYoungGen: 1667601K(1835520K)->86529K(1873920K) Eden: 1588736K(1588736K)->0K(1638912K) From: 78865K(246784K)->86529K(235008K)
[224.323s][info ][gc,heap        ] GC(83) ParOldGen: 403146K(504320K)->407459K(504320K)
[224.323s][info ][gc,metaspace   ] GC(83) Metaspace: 87148K(88064K)->87148K(88064K) NonClass: 74798K(75328K)->74798K(75328K) Class: 12349K(12736K)->12349K(12736K)
[224.323s][info ][gc             ] GC(83) Pause Young (Allocation Failure) 2022M->482M(2322M) 25.090ms
[224.323s][info ][gc,cpu         ] GC(83) User=0.10s Sys=0.00s Real=0.03s
[224.323s][info ][safepoint      ] Safepoint "ParallelGCFailedAllocation", Time since last: 829500032 ns, Reaching safepoint: 139205 ns, At safepoint: 25196097 ns, Total: 25335302 ns
[225.323s][info ][safepoint      ] Safepoint "Cleanup", Time since last: 1000089999 ns, Reaching safepoint: 144905 ns, At safepoint: 28801 ns, Total: 173706 ns
[226.146s][info ][gc,start       ] GC(84) Pause Young (Allocation Failure)
[226.172s][debug][gc,phases      ] GC(84) Scavenge 26.299ms
[226.172s][debug][gc,ref         ] GC(84) Skipped phase 1 of Reference Processing: no references
[226.172s][debug][gc,ref         ] GC(84) ReferenceProcessor::execute queues: 1, RefProcThreadModel::Single, marks_oops_alive: false
[226.172s][debug][gc,ref         ] GC(84) Skipped phase 3 of Reference Processing: no references
[226.172s][debug][gc,ref         ] GC(84) ReferenceProcessor::execute queues: 1, RefProcThreadModel::Single, marks_oops_alive: false
[226.172s][debug][gc,phases      ] GC(84) Reference Processing 0.167ms
[226.172s][debug][gc,phases      ] GC(84)   VM Weak                        Min:  0.0, Avg:  0.0, Max:  0.0, Diff:  0.0, Sum:  0.0, Workers: 4
[226.172s][debug][gc,phases      ] GC(84)     Dead                           Min: 0, Avg:  0.0, Max: 0, Diff: 0, Sum: 0, Workers: 4
[226.172s][debug][gc,phases      ] GC(84)     Total                          Min: 0, Avg: 194.5, Max: 384, Diff: 384, Sum: 778, Workers: 4
[226.172s][debug][gc,phases      ] GC(84)   ObjectSynchronizer Weak        Min:  0.0, Avg:  0.0, Max:  0.0, Diff:  0.0, Sum:  0.0, Workers: 4
[226.172s][debug][gc,phases      ] GC(84)     Dead                           Min: 0, Avg:  0.0, Max: 0, Diff: 0, Sum: 0, Workers: 4
[226.172s][debug][gc,phases      ] GC(84)     Total                          Min: 192, Avg: 317.5, Max: 384, Diff: 192, Sum: 1270, Workers: 4
[226.172s][debug][gc,phases      ] GC(84)   JVMTI Tag Weak OopStorage      Min:  0.0, Avg:  0.0, Max:  0.0, Diff:  0.0, Sum:  0.0, Workers: 4
[226.172s][debug][gc,phases      ] GC(84)     Dead                           Min: 0, Avg:  0.0, Max: 0, Diff: 0, Sum: 0, Workers: 4
[226.173s][debug][gc,phases      ] GC(84)     Total                          Min: 0, Avg:  0.0, Max: 0, Diff: 0, Sum: 0, Workers: 4
[226.173s][debug][gc,phases      ] GC(84)   StringTable Weak               Min:  0.1, Avg:  0.1, Max:  0.1, Diff:  0.0, Sum:  0.5, Workers: 4
[226.173s][debug][gc,phases      ] GC(84)     Dead                           Min: 0, Avg:  0.0, Max: 0, Diff: 0, Sum: 0, Workers: 4
[226.173s][debug][gc,phases      ] GC(84)     Total                          Min: 11136, Avg: 12452.0, Max: 13184, Diff: 2048, Sum: 49808, Workers: 4
[226.173s][debug][gc,phases      ] GC(84)   ResolvedMethodTable Weak       Min:  0.0, Avg:  0.0, Max:  0.0, Diff:  0.0, Sum:  0.1, Workers: 4
[226.173s][debug][gc,phases      ] GC(84)     Dead                           Min: 0, Avg:  0.0, Max: 0, Diff: 0, Sum: 0, Workers: 4
[226.173s][debug][gc,phases      ] GC(84)     Total                          Min: 2112, Avg: 2279.5, Max: 2398, Diff: 286, Sum: 9118, Workers: 4
[226.173s][debug][gc,phases      ] GC(84)   JNI Weak                       Min:  0.0, Avg:  0.0, Max:  0.0, Diff:  0.0, Sum:  0.0, Workers: 4
[226.173s][debug][gc,phases      ] GC(84)     Dead                           Min: 0, Avg:  0.0, Max: 0, Diff: 0, Sum: 0, Workers: 4
[226.173s][debug][gc,phases      ] GC(84)     Total                          Min: 0, Avg:  0.0, Max: 0, Diff: 0, Sum: 0, Workers: 4
[226.173s][debug][gc,phases      ] GC(84)   StringDedup Table Weak         Min:  0.0, Avg:  0.0, Max:  0.0, Diff:  0.0, Sum:  0.0, Workers: 4
[226.173s][debug][gc,phases      ] GC(84)     Dead                           Min: 0, Avg:  0.0, Max: 0, Diff: 0, Sum: 0, Workers: 4
[226.173s][debug][gc,phases      ] GC(84)     Total                          Min: 0, Avg:  0.0, Max: 0, Diff: 0, Sum: 0, Workers: 4
[226.173s][debug][gc,phases      ] GC(84)   StringDedup Requests0 Weak     Min:  0.0, Avg:  0.0, Max:  0.0, Diff:  0.0, Sum:  0.0, Workers: 4
[226.173s][debug][gc,phases      ] GC(84)     Dead                           Min: 0, Avg:  0.0, Max: 0, Diff: 0, Sum: 0, Workers: 4
[226.173s][debug][gc,phases      ] GC(84)     Total                          Min: 0, Avg:  0.0, Max: 0, Diff: 0, Sum: 0, Workers: 4
[226.173s][debug][gc,phases      ] GC(84)   StringDedup Requests1 Weak     Min:  0.0, Avg:  0.0, Max:  0.0, Diff:  0.0, Sum:  0.0, Workers: 4
[226.173s][debug][gc,phases      ] GC(84)     Dead                           Min: 0, Avg:  0.0, Max: 0, Diff: 0, Sum: 0, Workers: 4
[226.173s][debug][gc,phases      ] GC(84)     Total                          Min: 0, Avg:  0.0, Max: 0, Diff: 0, Sum: 0, Workers: 4
[226.173s][debug][gc,phases      ] GC(84)   Weak JFR Old Object Samples    Min:  0.0, Avg:  0.0, Max:  0.0, Diff:  0.0, Sum:  0.0, Workers: 4
[226.173s][debug][gc,phases      ] GC(84)     Dead                           Min: 0, Avg:  0.0, Max: 0, Diff: 0, Sum: 0, Workers: 4
[226.173s][debug][gc,phases      ] GC(84)     Total                          Min: 0, Avg:  0.0, Max: 0, Diff: 0, Sum: 0, Workers: 4
[226.173s][debug][gc,phases      ] GC(84) Weak Processing 0.340ms
[226.173s][debug][gc,age         ] GC(84) Desired survivor size 216530944 bytes, new threshold 15 (max threshold 15)
[226.173s][info ][gc,heap        ] GC(84) PSYoungGen: 1725441K(1873920K)->88385K(1862144K) Eden: 1638912K(1638912K)->0K(1638912K) From: 86529K(235008K)->88385K(223232K)
[226.173s][info ][gc,heap        ] GC(84) ParOldGen: 407459K(504320K)->413480K(504320K)
[226.173s][info ][gc,metaspace   ] GC(84) Metaspace: 87148K(88064K)->87148K(88064K) NonClass: 74799K(75328K)->74799K(75328K) Class: 12349K(12736K)->12349K(12736K)
[226.173s][info ][gc             ] GC(84) Pause Young (Allocation Failure) 2082M->490M(2311M) 26.935ms
[226.173s][info ][gc,cpu         ] GC(84) User=0.10s Sys=0.00s Real=0.03s
[226.173s][info ][safepoint      ] Safepoint "ParallelGCFailedAllocation", Time since last: 822092060 ns, Reaching safepoint: 159305 ns, At safepoint: 27027062 ns, Total: 27186367 ns
[227.173s][info ][safepoint      ] Safepoint "Cleanup", Time since last: 1000093190 ns, Reaching safepoint: 119704 ns, At safepoint: 14301 ns, Total: 134005 ns
[227.488s][info ][gc,start       ] GC(85) Pause Young (Allocation Failure)
[227.518s][debug][gc,phases      ] GC(85) Scavenge 29.610ms
[227.518s][debug][gc,ref         ] GC(85) Skipped phase 1 of Reference Processing: no references
[227.518s][debug][gc,ref         ] GC(85) ReferenceProcessor::execute queues: 1, RefProcThreadModel::Single, marks_oops_alive: false
[227.518s][debug][gc,ref         ] GC(85) Skipped phase 3 of Reference Processing: no references
[227.518s][debug][gc,ref         ] GC(85) ReferenceProcessor::execute queues: 1, RefProcThreadModel::Single, marks_oops_alive: false
[227.518s][debug][gc,phases      ] GC(85) Reference Processing 0.163ms
[227.518s][debug][gc,phases      ] GC(85)   VM Weak                        Min:  0.0, Avg:  0.0, Max:  0.0, Diff:  0.0, Sum:  0.0, Workers: 4
[227.518s][debug][gc,phases      ] GC(85)     Dead                           Min: 0, Avg:  0.0, Max: 0, Diff: 0, Sum: 0, Workers: 4
[227.518s][debug][gc,phases      ] GC(85)     Total                          Min: 0, Avg: 194.5, Max: 778, Diff: 778, Sum: 778, Workers: 4
[227.518s][debug][gc,phases      ] GC(85)   ObjectSynchronizer Weak        Min:  0.0, Avg:  0.0, Max:  0.0, Diff:  0.0, Sum:  0.0, Workers: 4
[227.518s][debug][gc,phases      ] GC(85)     Dead                           Min: 0, Avg:  0.0, Max: 0, Diff: 0, Sum: 0, Workers: 4
[227.518s][debug][gc,phases      ] GC(85)     Total                          Min: 64, Avg: 317.5, Max: 438, Diff: 374, Sum: 1270, Workers: 4
[227.518s][debug][gc,phases      ] GC(85)   JVMTI Tag Weak OopStorage      Min:  0.0, Avg:  0.0, Max:  0.0, Diff:  0.0, Sum:  0.0, Workers: 4
[227.518s][debug][gc,phases      ] GC(85)     Dead                           Min: 0, Avg:  0.0, Max: 0, Diff: 0, Sum: 0, Workers: 4
[227.518s][debug][gc,phases      ] GC(85)     Total                          Min: 0, Avg:  0.0, Max: 0, Diff: 0, Sum: 0, Workers: 4
[227.518s][debug][gc,phases      ] GC(85)   StringTable Weak               Min:  0.1, Avg:  0.1, Max:  0.1, Diff:  0.0, Sum:  0.5, Workers: 4
[227.518s][debug][gc,phases      ] GC(85)     Dead                           Min: 0, Avg:  0.0, Max: 0, Diff: 0, Sum: 0, Workers: 4
[227.518s][debug][gc,phases      ] GC(85)     Total                          Min: 11136, Avg: 12452.0, Max: 13520, Diff: 2384, Sum: 49808, Workers: 4
[227.518s][debug][gc,phases      ] GC(85)   ResolvedMethodTable Weak       Min:  0.0, Avg:  0.0, Max:  0.0, Diff:  0.0, Sum:  0.1, Workers: 4
[227.518s][debug][gc,phases      ] GC(85)     Dead                           Min: 0, Avg:  0.0, Max: 0, Diff: 0, Sum: 0, Workers: 4
[227.518s][debug][gc,phases      ] GC(85)     Total                          Min: 2240, Avg: 2279.5, Max: 2304, Diff: 64, Sum: 9118, Workers: 4
[227.518s][debug][gc,phases      ] GC(85)   JNI Weak                       Min:  0.0, Avg:  0.0, Max:  0.0, Diff:  0.0, Sum:  0.0, Workers: 4
[227.518s][debug][gc,phases      ] GC(85)     Dead                           Min: 0, Avg:  0.0, Max: 0, Diff: 0, Sum: 0, Workers: 4
[227.518s][debug][gc,phases      ] GC(85)     Total                          Min: 0, Avg:  0.0, Max: 0, Diff: 0, Sum: 0, Workers: 4
[227.518s][debug][gc,phases      ] GC(85)   StringDedup Table Weak         Min:  0.0, Avg:  0.0, Max:  0.0, Diff:  0.0, Sum:  0.0, Workers: 4
[227.518s][debug][gc,phases      ] GC(85)     Dead                           Min: 0, Avg:  0.0, Max: 0, Diff: 0, Sum: 0, Workers: 4
[227.518s][debug][gc,phases      ] GC(85)     Total                          Min: 0, Avg:  0.0, Max: 0, Diff: 0, Sum: 0, Workers: 4
[227.518s][debug][gc,phases      ] GC(85)   StringDedup Requests0 Weak     Min:  0.0, Avg:  0.0, Max:  0.0, Diff:  0.0, Sum:  0.0, Workers: 4
[227.518s][debug][gc,phases      ] GC(85)     Dead                           Min: 0, Avg:  0.0, Max: 0, Diff: 0, Sum: 0, Workers: 4
[227.518s][debug][gc,phases      ] GC(85)     Total                          Min: 0, Avg:  0.0, Max: 0, Diff: 0, Sum: 0, Workers: 4
[227.518s][debug][gc,phases      ] GC(85)   StringDedup Requests1 Weak     Min:  0.0, Avg:  0.0, Max:  0.0, Diff:  0.0, Sum:  0.0, Workers: 4
[227.518s][debug][gc,phases      ] GC(85)     Dead                           Min: 0, Avg:  0.0, Max: 0, Diff: 0, Sum: 0, Workers: 4
[227.518s][debug][gc,phases      ] GC(85)     Total                          Min: 0, Avg:  0.0, Max: 0, Diff: 0, Sum: 0, Workers: 4
[227.518s][debug][gc,phases      ] GC(85)   Weak JFR Old Object Samples    Min:  0.0, Avg:  0.0, Max:  0.0, Diff:  0.0, Sum:  0.0, Workers: 4
[227.518s][debug][gc,phases      ] GC(85)     Dead                           Min: 0, Avg:  0.0, Max: 0, Diff: 0, Sum: 0, Workers: 4
[227.518s][debug][gc,phases      ] GC(85)     Total                          Min: 0, Avg:  0.0, Max: 0, Diff: 0, Sum: 0, Workers: 4
[227.518s][debug][gc,phases      ] GC(85) Weak Processing 0.383ms
[227.518s][debug][gc,age         ] GC(85) Desired survivor size 204996608 bytes, new threshold 15 (max threshold 15)
[227.518s][info ][gc,heap        ] GC(85) PSYoungGen: 1727297K(1862144K)->93513K(1896960K) Eden: 1638912K(1638912K)->0K(1685504K) From: 88385K(223232K)->93513K(211456K)
[227.518s][info ][gc,heap        ] GC(85) ParOldGen: 413480K(504320K)->421990K(504320K)
[227.518s][info ][gc,metaspace   ] GC(85) Metaspace: 87153K(88064K)->87153K(88064K) NonClass: 74803K(75328K)->74803K(75328K) Class: 12349K(12736K)->12349K(12736K)
[227.518s][info ][gc             ] GC(85) Pause Young (Allocation Failure) 2090M->503M(2345M) 30.331ms
[227.518s][info ][gc,cpu         ] GC(85) User=0.12s Sys=0.00s Real=0.03s
[227.518s][info ][safepoint      ] Safepoint "ParallelGCFailedAllocation", Time since last: 314918205 ns, Reaching safepoint: 140705 ns, At safepoint: 30444584 ns, Total: 30585289 ns
[229.317s][info ][safepoint      ] Safepoint "Cleanup", Time since last: 1798620589 ns, Reaching safepoint: 178007 ns, At safepoint: 14100 ns, Total: 192107 ns
[229.475s][info ][gc,start       ] GC(86) Pause Young (Allocation Failure)
[229.500s][debug][gc,phases      ] GC(86) Scavenge 25.312ms
[229.500s][debug][gc,ref         ] GC(86) Skipped phase 1 of Reference Processing: no references
[229.500s][debug][gc,ref         ] GC(86) ReferenceProcessor::execute queues: 1, RefProcThreadModel::Single, marks_oops_alive: false
[229.500s][debug][gc,ref         ] GC(86) Skipped phase 3 of Reference Processing: no references
[229.500s][debug][gc,ref         ] GC(86) ReferenceProcessor::execute queues: 1, RefProcThreadModel::Single, marks_oops_alive: false
[229.500s][debug][gc,phases      ] GC(86) Reference Processing 0.127ms
[229.501s][debug][gc,phases      ] GC(86)   VM Weak                        Min:  0.0, Avg:  0.0, Max:  0.0, Diff:  0.0, Sum:  0.0, Workers: 4
[229.501s][debug][gc,phases      ] GC(86)     Dead                           Min: 0, Avg:  0.0, Max: 0, Diff: 0, Sum: 0, Workers: 4
[229.501s][debug][gc,phases      ] GC(86)     Total                          Min: 0, Avg: 194.5, Max: 522, Diff: 522, Sum: 778, Workers: 4
[229.501s][debug][gc,phases      ] GC(86)   ObjectSynchronizer Weak        Min:  0.0, Avg:  0.0, Max:  0.0, Diff:  0.0, Sum:  0.0, Workers: 4
[229.501s][debug][gc,phases      ] GC(86)     Dead                           Min: 0, Avg:  0.0, Max: 0, Diff: 0, Sum: 0, Workers: 4
[229.501s][debug][gc,phases      ] GC(86)     Total                          Min: 128, Avg: 317.5, Max: 576, Diff: 448, Sum: 1270, Workers: 4
[229.501s][debug][gc,phases      ] GC(86)   JVMTI Tag Weak OopStorage      Min:  0.0, Avg:  0.0, Max:  0.0, Diff:  0.0, Sum:  0.0, Workers: 4
[229.501s][debug][gc,phases      ] GC(86)     Dead                           Min: 0, Avg:  0.0, Max: 0, Diff: 0, Sum: 0, Workers: 4
[229.501s][debug][gc,phases      ] GC(86)     Total                          Min: 0, Avg:  0.0, Max: 0, Diff: 0, Sum: 0, Workers: 4
[229.501s][debug][gc,phases      ] GC(86)   StringTable Weak               Min:  0.1, Avg:  0.1, Max:  0.1, Diff:  0.0, Sum:  0.5, Workers: 4
[229.501s][debug][gc,phases      ] GC(86)     Dead                           Min: 0, Avg:  0.0, Max: 0, Diff: 0, Sum: 0, Workers: 4
[229.501s][debug][gc,phases      ] GC(86)     Total                          Min: 10752, Avg: 12454.2, Max: 14208, Diff: 3456, Sum: 49817, Workers: 4
[229.501s][debug][gc,phases      ] GC(86)   ResolvedMethodTable Weak       Min:  0.0, Avg:  0.0, Max:  0.0, Diff:  0.0, Sum:  0.1, Workers: 4
[229.501s][debug][gc,phases      ] GC(86)     Dead                           Min: 0, Avg:  0.0, Max: 0, Diff: 0, Sum: 0, Workers: 4
[229.501s][debug][gc,phases      ] GC(86)     Total                          Min: 2078, Avg: 2279.5, Max: 2368, Diff: 290, Sum: 9118, Workers: 4
[229.501s][debug][gc,phases      ] GC(86)   JNI Weak                       Min:  0.0, Avg:  0.0, Max:  0.0, Diff:  0.0, Sum:  0.0, Workers: 4
[229.501s][debug][gc,phases      ] GC(86)     Dead                           Min: 0, Avg:  0.0, Max: 0, Diff: 0, Sum: 0, Workers: 4
[229.501s][debug][gc,phases      ] GC(86)     Total                          Min: 0, Avg:  0.0, Max: 0, Diff: 0, Sum: 0, Workers: 4
[229.501s][debug][gc,phases      ] GC(86)   StringDedup Table Weak         Min:  0.0, Avg:  0.0, Max:  0.0, Diff:  0.0, Sum:  0.0, Workers: 4
[229.501s][debug][gc,phases      ] GC(86)     Dead                           Min: 0, Avg:  0.0, Max: 0, Diff: 0, Sum: 0, Workers: 4
[229.501s][debug][gc,phases      ] GC(86)     Total                          Min: 0, Avg:  0.0, Max: 0, Diff: 0, Sum: 0, Workers: 4
[229.501s][debug][gc,phases      ] GC(86)   StringDedup Requests0 Weak     Min:  0.0, Avg:  0.0, Max:  0.0, Diff:  0.0, Sum:  0.0, Workers: 4
[229.501s][debug][gc,phases      ] GC(86)     Dead                           Min: 0, Avg:  0.0, Max: 0, Diff: 0, Sum: 0, Workers: 4
[229.501s][debug][gc,phases      ] GC(86)     Total                          Min: 0, Avg:  0.0, Max: 0, Diff: 0, Sum: 0, Workers: 4
[229.501s][debug][gc,phases      ] GC(86)   StringDedup Requests1 Weak     Min:  0.0, Avg:  0.0, Max:  0.0, Diff:  0.0, Sum:  0.0, Workers: 4
[229.501s][debug][gc,phases      ] GC(86)     Dead                           Min: 0, Avg:  0.0, Max: 0, Diff: 0, Sum: 0, Workers: 4
[229.501s][debug][gc,phases      ] GC(86)     Total                          Min: 0, Avg:  0.0, Max: 0, Diff: 0, Sum: 0, Workers: 4
[229.501s][debug][gc,phases      ] GC(86)   Weak JFR Old Object Samples    Min:  0.0, Avg:  0.0, Max:  0.0, Diff:  0.0, Sum:  0.0, Workers: 4
[229.501s][debug][gc,phases      ] GC(86)     Dead                           Min: 0, Avg:  0.0, Max: 0, Diff: 0, Sum: 0, Workers: 4
[229.501s][debug][gc,phases      ] GC(86)     Total                          Min: 0, Avg:  0.0, Max: 0, Diff: 0, Sum: 0, Workers: 4
[229.501s][debug][gc,phases      ] GC(86) Weak Processing 0.373ms
[229.501s][debug][gc,age         ] GC(86) Desired survivor size 195035136 bytes, new threshold 15 (max threshold 15)
[229.501s][info ][gc,heap        ] GC(86) PSYoungGen: 1779017K(1896960K)->97732K(1885696K) Eden: 1685504K(1685504K)->0K(1685504K) From: 93513K(211456K)->97732K(200192K)
[229.501s][info ][gc,heap        ] GC(86) ParOldGen: 421990K(504320K)->425931K(504320K)
[229.501s][info ][gc,metaspace   ] GC(86) Metaspace: 87158K(88064K)->87158K(88064K) NonClass: 74809K(75328K)->74809K(75328K) Class: 12349K(12736K)->12349K(12736K)
[229.501s][info ][gc             ] GC(86) Pause Young (Allocation Failure) 2149M->511M(2334M) 25.989ms
[229.501s][info ][gc,cpu         ] GC(86) User=0.11s Sys=0.00s Real=0.03s
[229.501s][info ][safepoint      ] Safepoint "ParallelGCFailedAllocation", Time since last: 157234693 ns, Reaching safepoint: 208407 ns, At safepoint: 26102329 ns, Total: 26310736 ns
[230.501s][info ][safepoint      ] Safepoint "Cleanup", Time since last: 1000054070 ns, Reaching safepoint: 134605 ns, At safepoint: 11800 ns, Total: 146405 ns
[231.501s][info ][safepoint      ] Safepoint "Cleanup", Time since last: 1000089866 ns, Reaching safepoint: 101404 ns, At safepoint: 15101 ns, Total: 116505 ns
[232.501s][info ][safepoint      ] Safepoint "Cleanup", Time since last: 1000096861 ns, Reaching safepoint: 45001 ns, At safepoint: 14001 ns, Total: 59002 ns
[233.502s][info ][safepoint      ] Safepoint "Cleanup", Time since last: 1000095655 ns, Reaching safepoint: 44402 ns, At safepoint: 9000 ns, Total: 53402 ns
[234.502s][info ][safepoint      ] Safepoint "Cleanup", Time since last: 1000107551 ns, Reaching safepoint: 44801 ns, At safepoint: 5001 ns, Total: 49802 ns
[235.229s][info ][gc,start       ] GC(87) Pause Young (Allocation Failure)
[235.257s][debug][gc,phases      ] GC(87) Scavenge 28.455ms
[235.257s][debug][gc,ref         ] GC(87) Skipped phase 1 of Reference Processing: no references
[235.257s][debug][gc,ref         ] GC(87) ReferenceProcessor::execute queues: 1, RefProcThreadModel::Single, marks_oops_alive: false
[235.257s][debug][gc,ref         ] GC(87) Skipped phase 3 of Reference Processing: no references
[235.257s][debug][gc,ref         ] GC(87) ReferenceProcessor::execute queues: 1, RefProcThreadModel::Single, marks_oops_alive: false
[235.257s][debug][gc,phases      ] GC(87) Reference Processing 0.129ms
[235.258s][debug][gc,phases      ] GC(87)   VM Weak                        Min:  0.0, Avg:  0.0, Max:  0.0, Diff:  0.0, Sum:  0.0, Workers: 4
[235.258s][debug][gc,phases      ] GC(87)     Dead                           Min: 0, Avg:  0.0, Max: 0, Diff: 0, Sum: 0, Workers: 4
[235.258s][debug][gc,phases      ] GC(87)     Total                          Min: 0, Avg: 194.5, Max: 778, Diff: 778, Sum: 778, Workers: 4
[235.258s][debug][gc,phases      ] GC(87)   ObjectSynchronizer Weak        Min:  0.0, Avg:  0.0, Max:  0.0, Diff:  0.0, Sum:  0.0, Workers: 4
[235.258s][debug][gc,phases      ] GC(87)     Dead                           Min: 0, Avg:  0.0, Max: 0, Diff: 0, Sum: 0, Workers: 4
[235.258s][debug][gc,phases      ] GC(87)     Total                          Min: 246, Avg: 317.5, Max: 384, Diff: 138, Sum: 1270, Workers: 4
[235.258s][debug][gc,phases      ] GC(87)   JVMTI Tag Weak OopStorage      Min:  0.0, Avg:  0.0, Max:  0.0, Diff:  0.0, Sum:  0.0, Workers: 4
[235.258s][debug][gc,phases      ] GC(87)     Dead                           Min: 0, Avg:  0.0, Max: 0, Diff: 0, Sum: 0, Workers: 4
[235.258s][debug][gc,phases      ] GC(87)     Total                          Min: 0, Avg:  0.0, Max: 0, Diff: 0, Sum: 0, Workers: 4
[235.258s][debug][gc,phases      ] GC(87)   StringTable Weak               Min:  0.1, Avg:  0.1, Max:  0.1, Diff:  0.0, Sum:  0.5, Workers: 4
[235.258s][debug][gc,phases      ] GC(87)     Dead                           Min: 0, Avg:  0.0, Max: 0, Diff: 0, Sum: 0, Workers: 4
[235.258s][debug][gc,phases      ] GC(87)     Total                          Min: 11712, Avg: 12454.8, Max: 13147, Diff: 1435, Sum: 49819, Workers: 4
[235.258s][debug][gc,phases      ] GC(87)   ResolvedMethodTable Weak       Min:  0.0, Avg:  0.0, Max:  0.0, Diff:  0.0, Sum:  0.1, Workers: 4
[235.258s][debug][gc,phases      ] GC(87)     Dead                           Min: 0, Avg:  0.0, Max: 0, Diff: 0, Sum: 0, Workers: 4
[235.258s][debug][gc,phases      ] GC(87)     Total                          Min: 2078, Avg: 2279.5, Max: 2368, Diff: 290, Sum: 9118, Workers: 4
[235.258s][debug][gc,phases      ] GC(87)   JNI Weak                       Min:  0.0, Avg:  0.0, Max:  0.0, Diff:  0.0, Sum:  0.0, Workers: 4
[235.258s][debug][gc,phases      ] GC(87)     Dead                           Min: 0, Avg:  0.0, Max: 0, Diff: 0, Sum: 0, Workers: 4
[235.258s][debug][gc,phases      ] GC(87)     Total                          Min: 0, Avg:  0.0, Max: 0, Diff: 0, Sum: 0, Workers: 4
[235.258s][debug][gc,phases      ] GC(87)   StringDedup Table Weak         Min:  0.0, Avg:  0.0, Max:  0.0, Diff:  0.0, Sum:  0.0, Workers: 4
[235.258s][debug][gc,phases      ] GC(87)     Dead                           Min: 0, Avg:  0.0, Max: 0, Diff: 0, Sum: 0, Workers: 4
[235.258s][debug][gc,phases      ] GC(87)     Total                          Min: 0, Avg:  0.0, Max: 0, Diff: 0, Sum: 0, Workers: 4
[235.258s][debug][gc,phases      ] GC(87)   StringDedup Requests0 Weak     Min:  0.0, Avg:  0.0, Max:  0.0, Diff:  0.0, Sum:  0.0, Workers: 4
[235.258s][debug][gc,phases      ] GC(87)     Dead                           Min: 0, Avg:  0.0, Max: 0, Diff: 0, Sum: 0, Workers: 4
[235.258s][debug][gc,phases      ] GC(87)     Total                          Min: 0, Avg:  0.0, Max: 0, Diff: 0, Sum: 0, Workers: 4
[235.258s][debug][gc,phases      ] GC(87)   StringDedup Requests1 Weak     Min:  0.0, Avg:  0.0, Max:  0.0, Diff:  0.0, Sum:  0.0, Workers: 4
[235.258s][debug][gc,phases      ] GC(87)     Dead                           Min: 0, Avg:  0.0, Max: 0, Diff: 0, Sum: 0, Workers: 4
[235.258s][debug][gc,phases      ] GC(87)     Total                          Min: 0, Avg:  0.0, Max: 0, Diff: 0, Sum: 0, Workers: 4
[235.258s][debug][gc,phases      ] GC(87)   Weak JFR Old Object Samples    Min:  0.0, Avg:  0.0, Max:  0.0, Diff:  0.0, Sum:  0.0, Workers: 4
[235.258s][debug][gc,phases      ] GC(87)     Dead                           Min: 0, Avg:  0.0, Max: 0, Diff: 0, Sum: 0, Workers: 4
[235.258s][debug][gc,phases      ] GC(87)     Total                          Min: 0, Avg:  0.0, Max: 0, Diff: 0, Sum: 0, Workers: 4
[235.258s][debug][gc,phases      ] GC(87) Weak Processing 0.371ms
[235.258s][debug][gc,age         ] GC(87) Desired survivor size 186646528 bytes, new threshold 15 (max threshold 15)
[235.258s][info ][gc,heap        ] GC(87) PSYoungGen: 1783236K(1885696K)->87262K(1914880K) Eden: 1685504K(1685504K)->0K(1724416K) From: 97732K(200192K)->87262K(190464K)
[235.258s][info ][gc,heap        ] GC(87) ParOldGen: 425931K(504320K)->433296K(504320K)
[235.258s][info ][gc,metaspace   ] GC(87) Metaspace: 87175K(88064K)->87175K(88064K) NonClass: 74825K(75328K)->74825K(75328K) Class: 12349K(12736K)->12349K(12736K)
[235.258s][info ][gc             ] GC(87) Pause Young (Allocation Failure) 2157M->508M(2362M) 29.109ms
[235.258s][info ][gc,cpu         ] GC(87) User=0.11s Sys=0.00s Real=0.03s
[235.258s][info ][safepoint      ] Safepoint "ParallelGCFailedAllocation", Time since last: 726778231 ns, Reaching safepoint: 148705 ns, At safepoint: 29220839 ns, Total: 29369544 ns
[236.258s][info ][safepoint      ] Safepoint "Cleanup", Time since last: 1000070440 ns, Reaching safepoint: 133305 ns, At safepoint: 12200 ns, Total: 145505 ns
[237.258s][info ][safepoint      ] Safepoint "Cleanup", Time since last: 1000117836 ns, Reaching safepoint: 131405 ns, At safepoint: 12600 ns, Total: 144005 ns
[238.259s][info ][safepoint      ] Safepoint "Cleanup", Time since last: 1000121032 ns, Reaching safepoint: 120404 ns, At safepoint: 12200 ns, Total: 132604 ns
[239.259s][info ][safepoint      ] Safepoint "Cleanup", Time since last: 1000077924 ns, Reaching safepoint: 57102 ns, At safepoint: 10401 ns, Total: 67503 ns
[240.259s][info ][safepoint      ] Safepoint "Cleanup", Time since last: 1000131021 ns, Reaching safepoint: 54901 ns, At safepoint: 4701 ns, Total: 59602 ns
[241.259s][info ][safepoint      ] Safepoint "Cleanup", Time since last: 1000129015 ns, Reaching safepoint: 54302 ns, At safepoint: 14600 ns, Total: 68902 ns
[242.259s][info ][safepoint      ] Safepoint "Cleanup", Time since last: 1000143111 ns, Reaching safepoint: 50102 ns, At safepoint: 4200 ns, Total: 54302 ns
[243.259s][info ][safepoint      ] Safepoint "Cleanup", Time since last: 1000119104 ns, Reaching safepoint: 58403 ns, At safepoint: 6800 ns, Total: 65203 ns
[243.600s][info ][gc,start       ] GC(88) Pause Young (Allocation Failure)
[243.623s][debug][gc,phases      ] GC(88) Scavenge 22.836ms
[243.623s][debug][gc,ref         ] GC(88) Skipped phase 1 of Reference Processing: no references
[243.624s][debug][gc,ref         ] GC(88) ReferenceProcessor::execute queues: 1, RefProcThreadModel::Single, marks_oops_alive: false
[243.624s][debug][gc,ref         ] GC(88) Skipped phase 3 of Reference Processing: no references
[243.624s][debug][gc,ref         ] GC(88) ReferenceProcessor::execute queues: 1, RefProcThreadModel::Single, marks_oops_alive: false
[243.624s][debug][gc,phases      ] GC(88) Reference Processing 0.141ms
[243.624s][debug][gc,phases      ] GC(88)   VM Weak                        Min:  0.0, Avg:  0.0, Max:  0.0, Diff:  0.0, Sum:  0.0, Workers: 4
[243.624s][debug][gc,phases      ] GC(88)     Dead                           Min: 0, Avg:  0.0, Max: 0, Diff: 0, Sum: 0, Workers: 4
[243.624s][debug][gc,phases      ] GC(88)     Total                          Min: 0, Avg: 194.5, Max: 704, Diff: 704, Sum: 778, Workers: 4
[243.624s][debug][gc,phases      ] GC(88)   ObjectSynchronizer Weak        Min:  0.0, Avg:  0.0, Max:  0.0, Diff:  0.0, Sum:  0.0, Workers: 4
[243.624s][debug][gc,phases      ] GC(88)     Dead                           Min: 0, Avg:  0.0, Max: 0, Diff: 0, Sum: 0, Workers: 4
[243.624s][debug][gc,phases      ] GC(88)     Total                          Min: 256, Avg: 317.5, Max: 384, Diff: 128, Sum: 1270, Workers: 4
[243.624s][debug][gc,phases      ] GC(88)   JVMTI Tag Weak OopStorage      Min:  0.0, Avg:  0.0, Max:  0.0, Diff:  0.0, Sum:  0.0, Workers: 4
[243.624s][debug][gc,phases      ] GC(88)     Dead                           Min: 0, Avg:  0.0, Max: 0, Diff: 0, Sum: 0, Workers: 4
[243.624s][debug][gc,phases      ] GC(88)     Total                          Min: 0, Avg:  0.0, Max: 0, Diff: 0, Sum: 0, Workers: 4
[243.624s][debug][gc,phases      ] GC(88)   StringTable Weak               Min:  0.1, Avg:  0.1, Max:  0.1, Diff:  0.0, Sum:  0.5, Workers: 4
[243.624s][debug][gc,phases      ] GC(88)     Dead                           Min: 0, Avg:  0.0, Max: 0, Diff: 0, Sum: 0, Workers: 4
[243.624s][debug][gc,phases      ] GC(88)     Total                          Min: 11456, Avg: 12457.2, Max: 13568, Diff: 2112, Sum: 49829, Workers: 4
[243.624s][debug][gc,phases      ] GC(88)   ResolvedMethodTable Weak       Min:  0.0, Avg:  0.0, Max:  0.0, Diff:  0.0, Sum:  0.1, Workers: 4
[243.624s][debug][gc,phases      ] GC(88)     Dead                           Min: 0, Avg:  0.0, Max: 0, Diff: 0, Sum: 0, Workers: 4
[243.624s][debug][gc,phases      ] GC(88)     Total                          Min: 2176, Avg: 2279.5, Max: 2398, Diff: 222, Sum: 9118, Workers: 4
[243.624s][debug][gc,phases      ] GC(88)   JNI Weak                       Min:  0.0, Avg:  0.0, Max:  0.0, Diff:  0.0, Sum:  0.0, Workers: 4
[243.624s][debug][gc,phases      ] GC(88)     Dead                           Min: 0, Avg:  0.0, Max: 0, Diff: 0, Sum: 0, Workers: 4
[243.624s][debug][gc,phases      ] GC(88)     Total                          Min: 0, Avg:  0.0, Max: 0, Diff: 0, Sum: 0, Workers: 4
[243.624s][debug][gc,phases      ] GC(88)   StringDedup Table Weak         Min:  0.0, Avg:  0.0, Max:  0.0, Diff:  0.0, Sum:  0.0, Workers: 4
[243.624s][debug][gc,phases      ] GC(88)     Dead                           Min: 0, Avg:  0.0, Max: 0, Diff: 0, Sum: 0, Workers: 4
[243.624s][debug][gc,phases      ] GC(88)     Total                          Min: 0, Avg:  0.0, Max: 0, Diff: 0, Sum: 0, Workers: 4
[243.624s][debug][gc,phases      ] GC(88)   StringDedup Requests0 Weak     Min:  0.0, Avg:  0.0, Max:  0.0, Diff:  0.0, Sum:  0.0, Workers: 4
[243.624s][debug][gc,phases      ] GC(88)     Dead                           Min: 0, Avg:  0.0, Max: 0, Diff: 0, Sum: 0, Workers: 4
[243.624s][debug][gc,phases      ] GC(88)     Total                          Min: 0, Avg:  0.0, Max: 0, Diff: 0, Sum: 0, Workers: 4
[243.624s][debug][gc,phases      ] GC(88)   StringDedup Requests1 Weak     Min:  0.0, Avg:  0.0, Max:  0.0, Diff:  0.0, Sum:  0.0, Workers: 4
[243.624s][debug][gc,phases      ] GC(88)     Dead                           Min: 0, Avg:  0.0, Max: 0, Diff: 0, Sum: 0, Workers: 4
[243.624s][debug][gc,phases      ] GC(88)     Total                          Min: 0, Avg:  0.0, Max: 0, Diff: 0, Sum: 0, Workers: 4
[243.624s][debug][gc,phases      ] GC(88)   Weak JFR Old Object Samples    Min:  0.0, Avg:  0.0, Max:  0.0, Diff:  0.0, Sum:  0.0, Workers: 4
[243.624s][debug][gc,phases      ] GC(88)     Dead                           Min: 0, Avg:  0.0, Max: 0, Diff: 0, Sum: 0, Workers: 4
[243.624s][debug][gc,phases      ] GC(88)     Total                          Min: 0, Avg:  0.0, Max: 0, Diff: 0, Sum: 0, Workers: 4
[243.624s][debug][gc,phases      ] GC(88) Weak Processing 0.361ms
[243.624s][debug][gc,age         ] GC(88) Desired survivor size 179830784 bytes, new threshold 15 (max threshold 15)
[243.624s][info ][gc,heap        ] GC(88) PSYoungGen: 1811678K(1914880K)->81928K(1906688K) Eden: 1724416K(1724416K)->0K(1724416K) From: 87262K(190464K)->81928K(182272K)
[243.624s][info ][gc,heap        ] GC(88) ParOldGen: 433296K(504320K)->439077K(504320K)
[243.624s][info ][gc,metaspace   ] GC(88) Metaspace: 87188K(88064K)->87188K(88064K) NonClass: 74838K(75328K)->74838K(75328K) Class: 12350K(12736K)->12350K(12736K)
[243.624s][info ][gc             ] GC(88) Pause Young (Allocation Failure) 2192M->508M(2354M) 23.483ms
[243.624s][info ][gc,cpu         ] GC(88) User=0.09s Sys=0.00s Real=0.02s
[243.624s][info ][safepoint      ] Safepoint "ParallelGCFailedAllocation", Time since last: 340963902 ns, Reaching safepoint: 31101 ns, At safepoint: 23562337 ns, Total: 23593438 ns
[244.624s][info ][safepoint      ] Safepoint "Cleanup", Time since last: 1000104497 ns, Reaching safepoint: 49701 ns, At safepoint: 3300 ns, Total: 53001 ns
[245.624s][info ][safepoint      ] Safepoint "Cleanup", Time since last: 1000112792 ns, Reaching safepoint: 56902 ns, At safepoint: 7101 ns, Total: 64003 ns
[246.625s][info ][safepoint      ] Safepoint "Cleanup", Time since last: 1000110386 ns, Reaching safepoint: 47802 ns, At safepoint: 5100 ns, Total: 52902 ns
[248.625s][info ][safepoint      ] Safepoint "Cleanup", Time since last: 2000197356 ns, Reaching safepoint: 45302 ns, At safepoint: 3700 ns, Total: 49002 ns
[249.625s][info ][safepoint      ] Safepoint "Cleanup", Time since last: 1000120071 ns, Reaching safepoint: 53402 ns, At safepoint: 23901 ns, Total: 77303 ns
[251.625s][info ][safepoint      ] Safepoint "Cleanup", Time since last: 2000151023 ns, Reaching safepoint: 45402 ns, At safepoint: 9200 ns, Total: 54602 ns
[252.625s][info ][safepoint      ] Safepoint "Cleanup", Time since last: 1000084955 ns, Reaching safepoint: 44201 ns, At safepoint: 4500 ns, Total: 48701 ns
[253.625s][info ][safepoint      ] Safepoint "Cleanup", Time since last: 1000110250 ns, Reaching safepoint: 47502 ns, At safepoint: 6900 ns, Total: 54402 ns
[254.626s][info ][safepoint      ] Safepoint "Cleanup", Time since last: 1000116345 ns, Reaching safepoint: 49702 ns, At safepoint: 3400 ns, Total: 53102 ns
[255.626s][info ][safepoint      ] Safepoint "Cleanup", Time since last: 1000110940 ns, Reaching safepoint: 59102 ns, At safepoint: 7000 ns, Total: 66102 ns
[256.626s][info ][safepoint      ] Safepoint "Cleanup", Time since last: 1000119035 ns, Reaching safepoint: 53902 ns, At safepoint: 5000 ns, Total: 58902 ns
[261.626s][info ][safepoint      ] Safepoint "Cleanup", Time since last: 5000360090 ns, Reaching safepoint: 55402 ns, At safepoint: 6400 ns, Total: 61802 ns
[262.627s][info ][safepoint      ] Safepoint "Cleanup", Time since last: 1000103603 ns, Reaching safepoint: 70603 ns, At safepoint: 10200 ns, Total: 80803 ns
[263.627s][info ][safepoint      ] Safepoint "Cleanup", Time since last: 1000115999 ns, Reaching safepoint: 65103 ns, At safepoint: 6300 ns, Total: 71403 ns
[264.321s][info ][gc,start       ] GC(89) Pause Young (Allocation Failure)
[264.346s][debug][gc,phases      ] GC(89) Scavenge 25.112ms
[264.346s][debug][gc,ref         ] GC(89) Skipped phase 1 of Reference Processing: no references
[264.346s][debug][gc,ref         ] GC(89) ReferenceProcessor::execute queues: 1, RefProcThreadModel::Single, marks_oops_alive: false
[264.346s][debug][gc,ref         ] GC(89) Skipped phase 3 of Reference Processing: no references
[264.346s][debug][gc,ref         ] GC(89) ReferenceProcessor::execute queues: 1, RefProcThreadModel::Single, marks_oops_alive: false
[264.346s][debug][gc,phases      ] GC(89) Reference Processing 0.152ms
[264.347s][debug][gc,phases      ] GC(89)   VM Weak                        Min:  0.0, Avg:  0.0, Max:  0.0, Diff:  0.0, Sum:  0.0, Workers: 4
[264.347s][debug][gc,phases      ] GC(89)     Dead                           Min: 0, Avg:  0.0, Max: 0, Diff: 0, Sum: 0, Workers: 4
[264.347s][debug][gc,phases      ] GC(89)     Total                          Min: 0, Avg: 194.5, Max: 650, Diff: 650, Sum: 778, Workers: 4
[264.347s][debug][gc,phases      ] GC(89)   ObjectSynchronizer Weak        Min:  0.0, Avg:  0.0, Max:  0.0, Diff:  0.0, Sum:  0.0, Workers: 4
[264.347s][debug][gc,phases      ] GC(89)     Dead                           Min: 0, Avg:  0.0, Max: 0, Diff: 0, Sum: 0, Workers: 4
[264.347s][debug][gc,phases      ] GC(89)     Total                          Min: 0, Avg: 317.5, Max: 448, Diff: 448, Sum: 1270, Workers: 4
[264.347s][debug][gc,phases      ] GC(89)   JVMTI Tag Weak OopStorage      Min:  0.0, Avg:  0.0, Max:  0.0, Diff:  0.0, Sum:  0.0, Workers: 4
[264.347s][debug][gc,phases      ] GC(89)     Dead                           Min: 0, Avg:  0.0, Max: 0, Diff: 0, Sum: 0, Workers: 4
[264.347s][debug][gc,phases      ] GC(89)     Total                          Min: 0, Avg:  0.0, Max: 0, Diff: 0, Sum: 0, Workers: 4
[264.347s][debug][gc,phases      ] GC(89)   StringTable Weak               Min:  0.1, Avg:  0.1, Max:  0.1, Diff:  0.0, Sum:  0.5, Workers: 4
[264.347s][debug][gc,phases      ] GC(89)     Dead                           Min: 0, Avg:  0.0, Max: 0, Diff: 0, Sum: 0, Workers: 4
[264.347s][debug][gc,phases      ] GC(89)     Total                          Min: 11392, Avg: 12460.8, Max: 13952, Diff: 2560, Sum: 49843, Workers: 4
[264.347s][debug][gc,phases      ] GC(89)   ResolvedMethodTable Weak       Min:  0.0, Avg:  0.0, Max:  0.0, Diff:  0.0, Sum:  0.1, Workers: 4
[264.347s][debug][gc,phases      ] GC(89)     Dead                           Min: 0, Avg:  0.0, Max: 0, Diff: 0, Sum: 0, Workers: 4
[264.347s][debug][gc,phases      ] GC(89)     Total                          Min: 2176, Avg: 2279.5, Max: 2432, Diff: 256, Sum: 9118, Workers: 4
[264.347s][debug][gc,phases      ] GC(89)   JNI Weak                       Min:  0.0, Avg:  0.0, Max:  0.0, Diff:  0.0, Sum:  0.0, Workers: 4
[264.347s][debug][gc,phases      ] GC(89)     Dead                           Min: 0, Avg:  0.0, Max: 0, Diff: 0, Sum: 0, Workers: 4
[264.347s][debug][gc,phases      ] GC(89)     Total                          Min: 0, Avg:  0.0, Max: 0, Diff: 0, Sum: 0, Workers: 4
[264.347s][debug][gc,phases      ] GC(89)   StringDedup Table Weak         Min:  0.0, Avg:  0.0, Max:  0.0, Diff:  0.0, Sum:  0.0, Workers: 4
[264.347s][debug][gc,phases      ] GC(89)     Dead                           Min: 0, Avg:  0.0, Max: 0, Diff: 0, Sum: 0, Workers: 4
[264.347s][debug][gc,phases      ] GC(89)     Total                          Min: 0, Avg:  0.0, Max: 0, Diff: 0, Sum: 0, Workers: 4
[264.347s][debug][gc,phases      ] GC(89)   StringDedup Requests0 Weak     Min:  0.0, Avg:  0.0, Max:  0.0, Diff:  0.0, Sum:  0.0, Workers: 4
[264.347s][debug][gc,phases      ] GC(89)     Dead                           Min: 0, Avg:  0.0, Max: 0, Diff: 0, Sum: 0, Workers: 4
[264.347s][debug][gc,phases      ] GC(89)     Total                          Min: 0, Avg:  0.0, Max: 0, Diff: 0, Sum: 0, Workers: 4
[264.347s][debug][gc,phases      ] GC(89)   StringDedup Requests1 Weak     Min:  0.0, Avg:  0.0, Max:  0.0, Diff:  0.0, Sum:  0.0, Workers: 4
[264.347s][debug][gc,phases      ] GC(89)     Dead                           Min: 0, Avg:  0.0, Max: 0, Diff: 0, Sum: 0, Workers: 4
[264.347s][debug][gc,phases      ] GC(89)     Total                          Min: 0, Avg:  0.0, Max: 0, Diff: 0, Sum: 0, Workers: 4
[264.347s][debug][gc,phases      ] GC(89)   Weak JFR Old Object Samples    Min:  0.0, Avg:  0.0, Max:  0.0, Diff:  0.0, Sum:  0.0, Workers: 4
[264.347s][debug][gc,phases      ] GC(89)     Dead                           Min: 0, Avg:  0.0, Max: 0, Diff: 0, Sum: 0, Workers: 4
[264.347s][debug][gc,phases      ] GC(89)     Total                          Min: 0, Avg:  0.0, Max: 0, Diff: 0, Sum: 0, Workers: 4
[264.347s][debug][gc,phases      ] GC(89) Weak Processing 0.383ms
[264.347s][debug][gc,age         ] GC(89) Desired survivor size 171966464 bytes, new threshold 15 (max threshold 15)
[264.347s][info ][gc,heap        ] GC(89) PSYoungGen: 1806344K(1906688K)->89625K(1929216K) Eden: 1724416K(1724416K)->0K(1753600K) From: 81928K(182272K)->89625K(175616K)
[264.347s][info ][gc,heap        ] GC(89) ParOldGen: 439077K(504320K)->443998K(504320K)
[264.347s][info ][gc,metaspace   ] GC(89) Metaspace: 87210K(88064K)->87210K(88064K) NonClass: 74859K(75328K)->74859K(75328K) Class: 12350K(12736K)->12350K(12736K)
[264.347s][info ][gc             ] GC(89) Pause Young (Allocation Failure) 2192M->521M(2376M) 25.797ms
[264.347s][info ][gc,cpu         ] GC(89) User=0.10s Sys=0.00s Real=0.02s
[264.347s][info ][safepoint      ] Safepoint "ParallelGCFailedAllocation", Time since last: 694116966 ns, Reaching safepoint: 115704 ns, At safepoint: 25886416 ns, Total: 26002120 ns
[265.621s][info ][safepoint      ] Safepoint "Cleanup", Time since last: 1273597666 ns, Reaching safepoint: 144805 ns, At safepoint: 12001 ns, Total: 156806 ns
[266.093s][info ][gc,start       ] GC(90) Pause Young (Allocation Failure)
[266.117s][debug][gc,phases      ] GC(90) Scavenge 23.572ms
[266.117s][debug][gc,ref         ] GC(90) Skipped phase 1 of Reference Processing: no references
[266.117s][debug][gc,ref         ] GC(90) ReferenceProcessor::execute queues: 1, RefProcThreadModel::Single, marks_oops_alive: false
[266.117s][debug][gc,ref         ] GC(90) Skipped phase 3 of Reference Processing: no references
[266.117s][debug][gc,ref         ] GC(90) ReferenceProcessor::execute queues: 1, RefProcThreadModel::Single, marks_oops_alive: false
[266.117s][debug][gc,phases      ] GC(90) Reference Processing 0.125ms
[266.117s][debug][gc,phases      ] GC(90)   VM Weak                        Min:  0.0, Avg:  0.0, Max:  0.0, Diff:  0.0, Sum:  0.0, Workers: 4
[266.117s][debug][gc,phases      ] GC(90)     Dead                           Min: 0, Avg:  0.0, Max: 0, Diff: 0, Sum: 0, Workers: 4
[266.117s][debug][gc,phases      ] GC(90)     Total                          Min: 0, Avg: 194.5, Max: 768, Diff: 768, Sum: 778, Workers: 4
[266.117s][debug][gc,phases      ] GC(90)   ObjectSynchronizer Weak        Min:  0.0, Avg:  0.0, Max:  0.0, Diff:  0.0, Sum:  0.0, Workers: 4
[266.117s][debug][gc,phases      ] GC(90)     Dead                           Min: 0, Avg:  0.0, Max: 0, Diff: 0, Sum: 0, Workers: 4
[266.117s][debug][gc,phases      ] GC(90)     Total                          Min: 0, Avg: 317.5, Max: 502, Diff: 502, Sum: 1270, Workers: 4
[266.117s][debug][gc,phases      ] GC(90)   JVMTI Tag Weak OopStorage      Min:  0.0, Avg:  0.0, Max:  0.0, Diff:  0.0, Sum:  0.0, Workers: 4
[266.117s][debug][gc,phases      ] GC(90)     Dead                           Min: 0, Avg:  0.0, Max: 0, Diff: 0, Sum: 0, Workers: 4
[266.117s][debug][gc,phases      ] GC(90)     Total                          Min: 0, Avg:  0.0, Max: 0, Diff: 0, Sum: 0, Workers: 4
[266.117s][debug][gc,phases      ] GC(90)   StringTable Weak               Min:  0.1, Avg:  0.1, Max:  0.1, Diff:  0.0, Sum:  0.5, Workers: 4
[266.117s][debug][gc,phases      ] GC(90)     Dead                           Min: 0, Avg:  0.0, Max: 0, Diff: 0, Sum: 0, Workers: 4
[266.117s][debug][gc,phases      ] GC(90)     Total                          Min: 11381, Avg: 12461.2, Max: 13248, Diff: 1867, Sum: 49845, Workers: 4
[266.117s][debug][gc,phases      ] GC(90)   ResolvedMethodTable Weak       Min:  0.0, Avg:  0.0, Max:  0.0, Diff:  0.0, Sum:  0.1, Workers: 4
[266.117s][debug][gc,phases      ] GC(90)     Dead                           Min: 0, Avg:  0.0, Max: 0, Diff: 0, Sum: 0, Workers: 4
[266.117s][debug][gc,phases      ] GC(90)     Total                          Min: 1920, Avg: 2279.5, Max: 2526, Diff: 606, Sum: 9118, Workers: 4
[266.117s][debug][gc,phases      ] GC(90)   JNI Weak                       Min:  0.0, Avg:  0.0, Max:  0.0, Diff:  0.0, Sum:  0.0, Workers: 4
[266.117s][debug][gc,phases      ] GC(90)     Dead                           Min: 0, Avg:  0.0, Max: 0, Diff: 0, Sum: 0, Workers: 4
[266.117s][debug][gc,phases      ] GC(90)     Total                          Min: 0, Avg:  0.0, Max: 0, Diff: 0, Sum: 0, Workers: 4
[266.117s][debug][gc,phases      ] GC(90)   StringDedup Table Weak         Min:  0.0, Avg:  0.0, Max:  0.0, Diff:  0.0, Sum:  0.0, Workers: 4
[266.117s][debug][gc,phases      ] GC(90)     Dead                           Min: 0, Avg:  0.0, Max: 0, Diff: 0, Sum: 0, Workers: 4
[266.117s][debug][gc,phases      ] GC(90)     Total                          Min: 0, Avg:  0.0, Max: 0, Diff: 0, Sum: 0, Workers: 4
[266.117s][debug][gc,phases      ] GC(90)   StringDedup Requests0 Weak     Min:  0.0, Avg:  0.0, Max:  0.0, Diff:  0.0, Sum:  0.0, Workers: 4
[266.117s][debug][gc,phases      ] GC(90)     Dead                           Min: 0, Avg:  0.0, Max: 0, Diff: 0, Sum: 0, Workers: 4
[266.117s][debug][gc,phases      ] GC(90)     Total                          Min: 0, Avg:  0.0, Max: 0, Diff: 0, Sum: 0, Workers: 4
[266.117s][debug][gc,phases      ] GC(90)   StringDedup Requests1 Weak     Min:  0.0, Avg:  0.0, Max:  0.0, Diff:  0.0, Sum:  0.0, Workers: 4
[266.117s][debug][gc,phases      ] GC(90)     Dead                           Min: 0, Avg:  0.0, Max: 0, Diff: 0, Sum: 0, Workers: 4
[266.117s][debug][gc,phases      ] GC(90)     Total                          Min: 0, Avg:  0.0, Max: 0, Diff: 0, Sum: 0, Workers: 4
[266.117s][debug][gc,phases      ] GC(90)   Weak JFR Old Object Samples    Min:  0.0, Avg:  0.0, Max:  0.0, Diff:  0.0, Sum:  0.0, Workers: 4
[266.117s][debug][gc,phases      ] GC(90)     Dead                           Min: 0, Avg:  0.0, Max: 0, Diff: 0, Sum: 0, Workers: 4
[266.117s][debug][gc,phases      ] GC(90)     Total                          Min: 0, Avg:  0.0, Max: 0, Diff: 0, Sum: 0, Workers: 4
[266.117s][debug][gc,phases      ] GC(90) Weak Processing 0.347ms
[266.117s][debug][gc,age         ] GC(90) Desired survivor size 165150720 bytes, new threshold 15 (max threshold 15)
[266.117s][info ][gc,heap        ] GC(90) PSYoungGen: 1843225K(1929216K)->94641K(1921536K) Eden: 1753600K(1753600K)->0K(1753600K) From: 89625K(175616K)->94641K(167936K)
[266.117s][info ][gc,heap        ] GC(90) ParOldGen: 443998K(504320K)->447500K(504320K)
[266.117s][info ][gc,metaspace   ] GC(90) Metaspace: 87213K(88064K)->87213K(88064K) NonClass: 74862K(75328K)->74862K(75328K) Class: 12350K(12736K)->12350K(12736K)
[266.117s][info ][gc             ] GC(90) Pause Young (Allocation Failure) 2233M->529M(2369M) 24.181ms
[266.117s][info ][gc,cpu         ] GC(90) User=0.09s Sys=0.00s Real=0.02s
[266.117s][info ][safepoint      ] Safepoint "ParallelGCFailedAllocation", Time since last: 472414815 ns, Reaching safepoint: 128104 ns, At safepoint: 24292560 ns, Total: 24420664 ns
[267.118s][info ][safepoint      ] Safepoint "Cleanup", Time since last: 1000086180 ns, Reaching safepoint: 60702 ns, At safepoint: 6600 ns, Total: 67302 ns
[270.118s][info ][safepoint      ] Safepoint "Cleanup", Time since last: 3000253811 ns, Reaching safepoint: 53802 ns, At safepoint: 12001 ns, Total: 65803 ns
[271.118s][info ][safepoint      ] Safepoint "Cleanup", Time since last: 1000119961 ns, Reaching safepoint: 51302 ns, At safepoint: 4400 ns, Total: 55702 ns
[272.118s][info ][safepoint      ] Safepoint "Cleanup", Time since last: 1000107956 ns, Reaching safepoint: 43502 ns, At safepoint: 3600 ns, Total: 47102 ns
[273.118s][info ][safepoint      ] Safepoint "Cleanup", Time since last: 1000114951 ns, Reaching safepoint: 52602 ns, At safepoint: 7000 ns, Total: 59602 ns
[275.119s][info ][safepoint      ] Safepoint "Cleanup", Time since last: 2000161786 ns, Reaching safepoint: 49401 ns, At safepoint: 3200 ns, Total: 52601 ns
[276.119s][info ][safepoint      ] Safepoint "Cleanup", Time since last: 1000093936 ns, Reaching safepoint: 75303 ns, At safepoint: 8700 ns, Total: 84003 ns
[277.119s][info ][safepoint      ] Safepoint "Cleanup", Time since last: 1000104631 ns, Reaching safepoint: 61503 ns, At safepoint: 9700 ns, Total: 71203 ns
[279.119s][info ][safepoint      ] Safepoint "Cleanup", Time since last: 2000219048 ns, Reaching safepoint: 55902 ns, At safepoint: 7500 ns, Total: 63402 ns
[279.772s][info ][gc,start       ] GC(91) Pause Young (Allocation Failure)
[279.801s][debug][gc,phases      ] GC(91) Scavenge 28.707ms
[279.801s][debug][gc,ref         ] GC(91) Skipped phase 1 of Reference Processing: no references
[279.801s][debug][gc,ref         ] GC(91) ReferenceProcessor::execute queues: 1, RefProcThreadModel::Single, marks_oops_alive: false
[279.801s][debug][gc,ref         ] GC(91) Skipped phase 3 of Reference Processing: no references
[279.801s][debug][gc,ref         ] GC(91) ReferenceProcessor::execute queues: 1, RefProcThreadModel::Single, marks_oops_alive: false
[279.801s][debug][gc,phases      ] GC(91) Reference Processing 0.125ms
[279.801s][debug][gc,phases      ] GC(91)   VM Weak                        Min:  0.0, Avg:  0.0, Max:  0.0, Diff:  0.0, Sum:  0.0, Workers: 4
[279.801s][debug][gc,phases      ] GC(91)     Dead                           Min: 0, Avg:  0.0, Max: 0, Diff: 0, Sum: 0, Workers: 4
[279.801s][debug][gc,phases      ] GC(91)     Total                          Min: 0, Avg: 194.5, Max: 394, Diff: 394, Sum: 778, Workers: 4
[279.801s][debug][gc,phases      ] GC(91)   ObjectSynchronizer Weak        Min:  0.0, Avg:  0.0, Max:  0.0, Diff:  0.0, Sum:  0.0, Workers: 4
[279.801s][debug][gc,phases      ] GC(91)     Dead                           Min: 0, Avg:  0.0, Max: 0, Diff: 0, Sum: 0, Workers: 4
[279.801s][debug][gc,phases      ] GC(91)     Total                          Min: 256, Avg: 317.5, Max: 384, Diff: 128, Sum: 1270, Workers: 4
[279.801s][debug][gc,phases      ] GC(91)   JVMTI Tag Weak OopStorage      Min:  0.0, Avg:  0.0, Max:  0.0, Diff:  0.0, Sum:  0.0, Workers: 4
[279.801s][debug][gc,phases      ] GC(91)     Dead                           Min: 0, Avg:  0.0, Max: 0, Diff: 0, Sum: 0, Workers: 4
[279.801s][debug][gc,phases      ] GC(91)     Total                          Min: 0, Avg:  0.0, Max: 0, Diff: 0, Sum: 0, Workers: 4
[279.801s][debug][gc,phases      ] GC(91)   StringTable Weak               Min:  0.1, Avg:  0.1, Max:  0.1, Diff:  0.0, Sum:  0.5, Workers: 4
[279.801s][debug][gc,phases      ] GC(91)     Dead                           Min: 0, Avg:  0.0, Max: 0, Diff: 0, Sum: 0, Workers: 4
[279.801s][debug][gc,phases      ] GC(91)     Total                          Min: 11519, Avg: 12463.8, Max: 13568, Diff: 2049, Sum: 49855, Workers: 4
[279.801s][debug][gc,phases      ] GC(91)   ResolvedMethodTable Weak       Min:  0.0, Avg:  0.0, Max:  0.0, Diff:  0.0, Sum:  0.1, Workers: 4
[279.801s][debug][gc,phases      ] GC(91)     Dead                           Min: 0, Avg:  0.0, Max: 0, Diff: 0, Sum: 0, Workers: 4
[279.801s][debug][gc,phases      ] GC(91)     Total                          Min: 2112, Avg: 2280.5, Max: 2402, Diff: 290, Sum: 9122, Workers: 4
[279.801s][debug][gc,phases      ] GC(91)   JNI Weak                       Min:  0.0, Avg:  0.0, Max:  0.0, Diff:  0.0, Sum:  0.0, Workers: 4
[279.801s][debug][gc,phases      ] GC(91)     Dead                           Min: 0, Avg:  0.0, Max: 0, Diff: 0, Sum: 0, Workers: 4
[279.801s][debug][gc,phases      ] GC(91)     Total                          Min: 0, Avg:  0.2, Max: 1, Diff: 1, Sum: 1, Workers: 4
[279.801s][debug][gc,phases      ] GC(91)   StringDedup Table Weak         Min:  0.0, Avg:  0.0, Max:  0.0, Diff:  0.0, Sum:  0.0, Workers: 4
[279.802s][debug][gc,phases      ] GC(91)     Dead                           Min: 0, Avg:  0.0, Max: 0, Diff: 0, Sum: 0, Workers: 4
[279.802s][debug][gc,phases      ] GC(91)     Total                          Min: 0, Avg:  0.0, Max: 0, Diff: 0, Sum: 0, Workers: 4
[279.802s][debug][gc,phases      ] GC(91)   StringDedup Requests0 Weak     Min:  0.0, Avg:  0.0, Max:  0.0, Diff:  0.0, Sum:  0.0, Workers: 4
[279.802s][debug][gc,phases      ] GC(91)     Dead                           Min: 0, Avg:  0.0, Max: 0, Diff: 0, Sum: 0, Workers: 4
[279.802s][debug][gc,phases      ] GC(91)     Total                          Min: 0, Avg:  0.0, Max: 0, Diff: 0, Sum: 0, Workers: 4
[279.802s][debug][gc,phases      ] GC(91)   StringDedup Requests1 Weak     Min:  0.0, Avg:  0.0, Max:  0.0, Diff:  0.0, Sum:  0.0, Workers: 4
[279.802s][debug][gc,phases      ] GC(91)     Dead                           Min: 0, Avg:  0.0, Max: 0, Diff: 0, Sum: 0, Workers: 4
[279.802s][debug][gc,phases      ] GC(91)     Total                          Min: 0, Avg:  0.0, Max: 0, Diff: 0, Sum: 0, Workers: 4
[279.802s][debug][gc,phases      ] GC(91)   Weak JFR Old Object Samples    Min:  0.0, Avg:  0.0, Max:  0.0, Diff:  0.0, Sum:  0.0, Workers: 4
[279.802s][debug][gc,phases      ] GC(91)     Dead                           Min: 0, Avg:  0.0, Max: 0, Diff: 0, Sum: 0, Workers: 4
[279.802s][debug][gc,phases      ] GC(91)     Total                          Min: 0, Avg:  0.0, Max: 0, Diff: 0, Sum: 0, Workers: 4
[279.802s][debug][gc,phases      ] GC(91) Weak Processing 0.361ms
[279.802s][debug][gc,age         ] GC(91) Desired survivor size 159907840 bytes, new threshold 15 (max threshold 15)
[279.802s][info ][gc,heap        ] GC(91) PSYoungGen: 1848241K(1921536K)->97768K(1940992K) Eden: 1753600K(1753600K)->0K(1779712K) From: 94641K(167936K)->97768K(161280K)
[279.802s][info ][gc,heap        ] GC(91) ParOldGen: 447500K(504320K)->454578K(504320K)
[279.802s][info ][gc,metaspace   ] GC(91) Metaspace: 87229K(88128K)->87229K(88128K) NonClass: 74877K(75392K)->74877K(75392K) Class: 12352K(12736K)->12352K(12736K)
[279.802s][info ][gc             ] GC(91) Pause Young (Allocation Failure) 2241M->539M(2388M) 29.364ms
[279.802s][info ][gc,cpu         ] GC(91) User=0.11s Sys=0.00s Real=0.03s
[279.802s][info ][safepoint      ] Safepoint "ParallelGCFailedAllocation", Time since last: 652764651 ns, Reaching safepoint: 112504 ns, At safepoint: 29479141 ns, Total: 29591645 ns
[281.802s][info ][safepoint      ] Safepoint "Cleanup", Time since last: 2000151519 ns, Reaching safepoint: 120505 ns, At safepoint: 20400 ns, Total: 140905 ns
[281.910s][info ][gc,start       ] GC(92) Pause Young (Allocation Failure)
[281.936s][debug][gc,phases      ] GC(92) Scavenge 25.297ms
[281.936s][debug][gc,ref         ] GC(92) Skipped phase 1 of Reference Processing: no references
[281.936s][debug][gc,ref         ] GC(92) ReferenceProcessor::execute queues: 1, RefProcThreadModel::Single, marks_oops_alive: false
[281.936s][debug][gc,ref         ] GC(92) Skipped phase 3 of Reference Processing: no references
[281.936s][debug][gc,ref         ] GC(92) ReferenceProcessor::execute queues: 1, RefProcThreadModel::Single, marks_oops_alive: false
[281.936s][debug][gc,phases      ] GC(92) Reference Processing 0.126ms
[281.936s][debug][gc,phases      ] GC(92)   VM Weak                        Min:  0.0, Avg:  0.0, Max:  0.0, Diff:  0.0, Sum:  0.0, Workers: 4
[281.936s][debug][gc,phases      ] GC(92)     Dead                           Min: 0, Avg:  0.0, Max: 0, Diff: 0, Sum: 0, Workers: 4
[281.936s][debug][gc,phases      ] GC(92)     Total                          Min: 0, Avg: 194.5, Max: 586, Diff: 586, Sum: 778, Workers: 4
[281.936s][debug][gc,phases      ] GC(92)   ObjectSynchronizer Weak        Min:  0.0, Avg:  0.0, Max:  0.0, Diff:  0.0, Sum:  0.0, Workers: 4
[281.936s][debug][gc,phases      ] GC(92)     Dead                           Min: 0, Avg:  0.0, Max: 0, Diff: 0, Sum: 0, Workers: 4
[281.936s][debug][gc,phases      ] GC(92)     Total                          Min: 0, Avg: 317.5, Max: 704, Diff: 704, Sum: 1270, Workers: 4
[281.936s][debug][gc,phases      ] GC(92)   JVMTI Tag Weak OopStorage      Min:  0.0, Avg:  0.0, Max:  0.0, Diff:  0.0, Sum:  0.0, Workers: 4
[281.936s][debug][gc,phases      ] GC(92)     Dead                           Min: 0, Avg:  0.0, Max: 0, Diff: 0, Sum: 0, Workers: 4
[281.936s][debug][gc,phases      ] GC(92)     Total                          Min: 0, Avg:  0.0, Max: 0, Diff: 0, Sum: 0, Workers: 4
[281.936s][debug][gc,phases      ] GC(92)   StringTable Weak               Min:  0.1, Avg:  0.1, Max:  0.1, Diff:  0.0, Sum:  0.5, Workers: 4
[281.936s][debug][gc,phases      ] GC(92)     Dead                           Min: 0, Avg:  0.0, Max: 0, Diff: 0, Sum: 0, Workers: 4
[281.936s][debug][gc,phases      ] GC(92)     Total                          Min: 11328, Avg: 12465.8, Max: 13831, Diff: 2503, Sum: 49863, Workers: 4
[281.936s][debug][gc,phases      ] GC(92)   ResolvedMethodTable Weak       Min:  0.0, Avg:  0.0, Max:  0.0, Diff:  0.0, Sum:  0.1, Workers: 4
[281.936s][debug][gc,phases      ] GC(92)     Dead                           Min: 0, Avg:  0.0, Max: 0, Diff: 0, Sum: 0, Workers: 4
[281.936s][debug][gc,phases      ] GC(92)     Total                          Min: 2176, Avg: 2280.5, Max: 2496, Diff: 320, Sum: 9122, Workers: 4
[281.936s][debug][gc,phases      ] GC(92)   JNI Weak                       Min:  0.0, Avg:  0.0, Max:  0.0, Diff:  0.0, Sum:  0.0, Workers: 4
[281.936s][debug][gc,phases      ] GC(92)     Dead                           Min: 0, Avg:  0.0, Max: 0, Diff: 0, Sum: 0, Workers: 4
[281.936s][debug][gc,phases      ] GC(92)     Total                          Min: 0, Avg:  0.0, Max: 0, Diff: 0, Sum: 0, Workers: 4
[281.936s][debug][gc,phases      ] GC(92)   StringDedup Table Weak         Min:  0.0, Avg:  0.0, Max:  0.0, Diff:  0.0, Sum:  0.0, Workers: 4
[281.936s][debug][gc,phases      ] GC(92)     Dead                           Min: 0, Avg:  0.0, Max: 0, Diff: 0, Sum: 0, Workers: 4
[281.936s][debug][gc,phases      ] GC(92)     Total                          Min: 0, Avg:  0.0, Max: 0, Diff: 0, Sum: 0, Workers: 4
[281.936s][debug][gc,phases      ] GC(92)   StringDedup Requests0 Weak     Min:  0.0, Avg:  0.0, Max:  0.0, Diff:  0.0, Sum:  0.0, Workers: 4
[281.936s][debug][gc,phases      ] GC(92)     Dead                           Min: 0, Avg:  0.0, Max: 0, Diff: 0, Sum: 0, Workers: 4
[281.936s][debug][gc,phases      ] GC(92)     Total                          Min: 0, Avg:  0.0, Max: 0, Diff: 0, Sum: 0, Workers: 4
[281.936s][debug][gc,phases      ] GC(92)   StringDedup Requests1 Weak     Min:  0.0, Avg:  0.0, Max:  0.0, Diff:  0.0, Sum:  0.0, Workers: 4
[281.936s][debug][gc,phases      ] GC(92)     Dead                           Min: 0, Avg:  0.0, Max: 0, Diff: 0, Sum: 0, Workers: 4
[281.936s][debug][gc,phases      ] GC(92)     Total                          Min: 0, Avg:  0.0, Max: 0, Diff: 0, Sum: 0, Workers: 4
[281.936s][debug][gc,phases      ] GC(92)   Weak JFR Old Object Samples    Min:  0.0, Avg:  0.0, Max:  0.0, Diff:  0.0, Sum:  0.0, Workers: 4
[281.936s][debug][gc,phases      ] GC(92)     Dead                           Min: 0, Avg:  0.0, Max: 0, Diff: 0, Sum: 0, Workers: 4
[281.936s][debug][gc,phases      ] GC(92)     Total                          Min: 0, Avg:  0.0, Max: 0, Diff: 0, Sum: 0, Workers: 4
[281.936s][debug][gc,phases      ] GC(92) Weak Processing 0.342ms
[281.936s][debug][gc,age         ] GC(92) Desired survivor size 156237824 bytes, new threshold 15 (max threshold 15)
[281.936s][info ][gc,heap        ] GC(92) PSYoungGen: 1877480K(1940992K)->100105K(1935872K) Eden: 1779712K(1779712K)->0K(1779712K) From: 97768K(161280K)->100105K(156160K)
[281.936s][info ][gc,heap        ] GC(92) ParOldGen: 454578K(504320K)->459547K(504320K)
[281.936s][info ][gc,metaspace   ] GC(92) Metaspace: 87229K(88128K)->87229K(88128K) NonClass: 74877K(75392K)->74877K(75392K) Class: 12352K(12736K)->12352K(12736K)
[281.936s][info ][gc             ] GC(92) Pause Young (Allocation Failure) 2277M->546M(2383M) 25.913ms
[281.936s][info ][gc,cpu         ] GC(92) User=0.10s Sys=0.01s Real=0.03s
[281.936s][info ][safepoint      ] Safepoint "ParallelGCFailedAllocation", Time since last: 108041914 ns, Reaching safepoint: 119005 ns, At safepoint: 26044819 ns, Total: 26163824 ns
[282.936s][info ][safepoint      ] Safepoint "Cleanup", Time since last: 1000095102 ns, Reaching safepoint: 128505 ns, At safepoint: 30201 ns, Total: 158706 ns
[283.273s][info ][gc,start       ] GC(93) Pause Young (Allocation Failure)
[283.299s][debug][gc,phases      ] GC(93) Scavenge 26.269ms
[283.299s][debug][gc,ref         ] GC(93) Skipped phase 1 of Reference Processing: no references
[283.299s][debug][gc,ref         ] GC(93) ReferenceProcessor::execute queues: 1, RefProcThreadModel::Single, marks_oops_alive: false
[283.299s][debug][gc,ref         ] GC(93) Skipped phase 3 of Reference Processing: no references
[283.299s][debug][gc,ref         ] GC(93) Skipped phase 4 of Reference Processing: no references
[283.299s][debug][gc,phases      ] GC(93) Reference Processing 0.118ms
[283.300s][debug][gc,phases      ] GC(93)   VM Weak                        Min:  0.0, Avg:  0.0, Max:  0.0, Diff:  0.0, Sum:  0.0, Workers: 4
[283.300s][debug][gc,phases      ] GC(93)     Dead                           Min: 0, Avg:  0.0, Max: 0, Diff: 0, Sum: 0, Workers: 4
[283.300s][debug][gc,phases      ] GC(93)     Total                          Min: 0, Avg: 194.5, Max: 458, Diff: 458, Sum: 778, Workers: 4
[283.300s][debug][gc,phases      ] GC(93)   ObjectSynchronizer Weak        Min:  0.0, Avg:  0.0, Max:  0.0, Diff:  0.0, Sum:  0.0, Workers: 4
[283.300s][debug][gc,phases      ] GC(93)     Dead                           Min: 0, Avg:  0.0, Max: 0, Diff: 0, Sum: 0, Workers: 4
[283.300s][debug][gc,phases      ] GC(93)     Total                          Min: 182, Avg: 317.5, Max: 448, Diff: 266, Sum: 1270, Workers: 4
[283.300s][debug][gc,phases      ] GC(93)   JVMTI Tag Weak OopStorage      Min:  0.0, Avg:  0.0, Max:  0.0, Diff:  0.0, Sum:  0.0, Workers: 4
[283.300s][debug][gc,phases      ] GC(93)     Dead                           Min: 0, Avg:  0.0, Max: 0, Diff: 0, Sum: 0, Workers: 4
[283.300s][debug][gc,phases      ] GC(93)     Total                          Min: 0, Avg:  0.0, Max: 0, Diff: 0, Sum: 0, Workers: 4
[283.300s][debug][gc,phases      ] GC(93)   StringTable Weak               Min:  0.1, Avg:  0.1, Max:  0.1, Diff:  0.0, Sum:  0.5, Workers: 4
[283.300s][debug][gc,phases      ] GC(93)     Dead                           Min: 0, Avg:  0.0, Max: 0, Diff: 0, Sum: 0, Workers: 4
[283.300s][debug][gc,phases      ] GC(93)     Total                          Min: 11456, Avg: 12465.8, Max: 12992, Diff: 1536, Sum: 49863, Workers: 4
[283.300s][debug][gc,phases      ] GC(93)   ResolvedMethodTable Weak       Min:  0.0, Avg:  0.0, Max:  0.0, Diff:  0.0, Sum:  0.1, Workers: 4
[283.300s][debug][gc,phases      ] GC(93)     Dead                           Min: 0, Avg:  0.0, Max: 0, Diff: 0, Sum: 0, Workers: 4
[283.300s][debug][gc,phases      ] GC(93)     Total                          Min: 2112, Avg: 2280.5, Max: 2368, Diff: 256, Sum: 9122, Workers: 4
[283.300s][debug][gc,phases      ] GC(93)   JNI Weak                       Min:  0.0, Avg:  0.0, Max:  0.0, Diff:  0.0, Sum:  0.0, Workers: 4
[283.300s][debug][gc,phases      ] GC(93)     Dead                           Min: 0, Avg:  0.0, Max: 0, Diff: 0, Sum: 0, Workers: 4
[283.300s][debug][gc,phases      ] GC(93)     Total                          Min: 0, Avg:  0.0, Max: 0, Diff: 0, Sum: 0, Workers: 4
[283.300s][debug][gc,phases      ] GC(93)   StringDedup Table Weak         Min:  0.0, Avg:  0.0, Max:  0.0, Diff:  0.0, Sum:  0.0, Workers: 4
[283.300s][debug][gc,phases      ] GC(93)     Dead                           Min: 0, Avg:  0.0, Max: 0, Diff: 0, Sum: 0, Workers: 4
[283.300s][debug][gc,phases      ] GC(93)     Total                          Min: 0, Avg:  0.0, Max: 0, Diff: 0, Sum: 0, Workers: 4
[283.300s][debug][gc,phases      ] GC(93)   StringDedup Requests0 Weak     Min:  0.0, Avg:  0.0, Max:  0.0, Diff:  0.0, Sum:  0.0, Workers: 4
[283.300s][debug][gc,phases      ] GC(93)     Dead                           Min: 0, Avg:  0.0, Max: 0, Diff: 0, Sum: 0, Workers: 4
[283.300s][debug][gc,phases      ] GC(93)     Total                          Min: 0, Avg:  0.0, Max: 0, Diff: 0, Sum: 0, Workers: 4
[283.300s][debug][gc,phases      ] GC(93)   StringDedup Requests1 Weak     Min:  0.0, Avg:  0.0, Max:  0.0, Diff:  0.0, Sum:  0.0, Workers: 4
[283.300s][debug][gc,phases      ] GC(93)     Dead                           Min: 0, Avg:  0.0, Max: 0, Diff: 0, Sum: 0, Workers: 4
[283.300s][debug][gc,phases      ] GC(93)     Total                          Min: 0, Avg:  0.0, Max: 0, Diff: 0, Sum: 0, Workers: 4
[283.300s][debug][gc,phases      ] GC(93)   Weak JFR Old Object Samples    Min:  0.0, Avg:  0.0, Max:  0.0, Diff:  0.0, Sum:  0.0, Workers: 4
[283.300s][debug][gc,phases      ] GC(93)     Dead                           Min: 0, Avg:  0.0, Max: 0, Diff: 0, Sum: 0, Workers: 4
[283.300s][debug][gc,phases      ] GC(93)     Total                          Min: 0, Avg:  0.0, Max: 0, Diff: 0, Sum: 0, Workers: 4
[283.300s][debug][gc,phases      ] GC(93) Weak Processing 0.346ms
[283.300s][debug][gc,age         ] GC(93) Desired survivor size 155189248 bytes, new threshold 15 (max threshold 15)
[283.300s][info ][gc,heap        ] GC(93) PSYoungGen: 1879817K(1935872K)->107188K(1945600K) Eden: 1779712K(1779712K)->0K(1793024K) From: 100105K(156160K)->107188K(152576K)
[283.300s][info ][gc,heap        ] GC(93) ParOldGen: 459547K(504320K)->464057K(504320K)
[283.300s][info ][gc,metaspace   ] GC(93) Metaspace: 87229K(88128K)->87229K(88128K) NonClass: 74877K(75392K)->74877K(75392K) Class: 12352K(12736K)->12352K(12736K)
[283.300s][info ][gc             ] GC(93) Pause Young (Allocation Failure) 2284M->557M(2392M) 26.887ms
[283.300s][info ][gc,cpu         ] GC(93) User=0.11s Sys=0.00s Real=0.02s
[283.300s][info ][safepoint      ] Safepoint "ParallelGCFailedAllocation", Time since last: 334213297 ns, Reaching safepoint: 2167576 ns, At safepoint: 27005853 ns, Total: 29173429 ns
[284.619s][info ][safepoint      ] Safepoint "Cleanup", Time since last: 1318497032 ns, Reaching safepoint: 163105 ns, At safepoint: 28401 ns, Total: 191506 ns
[284.786s][info ][gc,start       ] GC(94) Pause Young (Allocation Failure)
[284.824s][debug][gc,phases      ] GC(94) Scavenge 38.249ms
[284.824s][debug][gc,ref         ] GC(94) Skipped phase 1 of Reference Processing: no references
[284.824s][debug][gc,ref         ] GC(94) ReferenceProcessor::execute queues: 1, RefProcThreadModel::Single, marks_oops_alive: false
[284.824s][debug][gc,ref         ] GC(94) Skipped phase 3 of Reference Processing: no references
[284.824s][debug][gc,ref         ] GC(94) Skipped phase 4 of Reference Processing: no references
[284.824s][debug][gc,phases      ] GC(94) Reference Processing 0.085ms
[284.824s][debug][gc,phases      ] GC(94)   VM Weak                        Min:  0.0, Avg:  0.0, Max:  0.0, Diff:  0.0, Sum:  0.0, Workers: 4
[284.824s][debug][gc,phases      ] GC(94)     Dead                           Min: 0, Avg:  0.0, Max: 0, Diff: 0, Sum: 0, Workers: 4
[284.824s][debug][gc,phases      ] GC(94)     Total                          Min: 0, Avg: 194.5, Max: 522, Diff: 522, Sum: 778, Workers: 4
[284.824s][debug][gc,phases      ] GC(94)   ObjectSynchronizer Weak        Min:  0.0, Avg:  0.0, Max:  0.0, Diff:  0.0, Sum:  0.0, Workers: 4
[284.824s][debug][gc,phases      ] GC(94)     Dead                           Min: 0, Avg:  0.0, Max: 0, Diff: 0, Sum: 0, Workers: 4
[284.824s][debug][gc,phases      ] GC(94)     Total                          Min: 54, Avg: 317.5, Max: 448, Diff: 394, Sum: 1270, Workers: 4
[284.824s][debug][gc,phases      ] GC(94)   JVMTI Tag Weak OopStorage      Min:  0.0, Avg:  0.0, Max:  0.0, Diff:  0.0, Sum:  0.0, Workers: 4
[284.824s][debug][gc,phases      ] GC(94)     Dead                           Min: 0, Avg:  0.0, Max: 0, Diff: 0, Sum: 0, Workers: 4
[284.824s][debug][gc,phases      ] GC(94)     Total                          Min: 0, Avg:  0.0, Max: 0, Diff: 0, Sum: 0, Workers: 4
[284.824s][debug][gc,phases      ] GC(94)   StringTable Weak               Min:  0.1, Avg:  0.1, Max:  0.1, Diff:  0.0, Sum:  0.5, Workers: 4
[284.824s][debug][gc,phases      ] GC(94)     Dead                           Min: 0, Avg:  0.0, Max: 0, Diff: 0, Sum: 0, Workers: 4
[284.824s][debug][gc,phases      ] GC(94)     Total                          Min: 11392, Avg: 12465.8, Max: 13319, Diff: 1927, Sum: 49863, Workers: 4
[284.824s][debug][gc,phases      ] GC(94)   ResolvedMethodTable Weak       Min:  0.0, Avg:  0.0, Max:  0.0, Diff:  0.0, Sum:  0.1, Workers: 4
[284.824s][debug][gc,phases      ] GC(94)     Dead                           Min: 0, Avg:  0.0, Max: 0, Diff: 0, Sum: 0, Workers: 4
[284.824s][debug][gc,phases      ] GC(94)     Total                          Min: 2210, Avg: 2280.5, Max: 2368, Diff: 158, Sum: 9122, Workers: 4
[284.824s][debug][gc,phases      ] GC(94)   JNI Weak                       Min:  0.0, Avg:  0.0, Max:  0.0, Diff:  0.0, Sum:  0.0, Workers: 4
[284.824s][debug][gc,phases      ] GC(94)     Dead                           Min: 0, Avg:  0.0, Max: 0, Diff: 0, Sum: 0, Workers: 4
[284.824s][debug][gc,phases      ] GC(94)     Total                          Min: 0, Avg:  0.0, Max: 0, Diff: 0, Sum: 0, Workers: 4
[284.824s][debug][gc,phases      ] GC(94)   StringDedup Table Weak         Min:  0.0, Avg:  0.0, Max:  0.0, Diff:  0.0, Sum:  0.0, Workers: 4
[284.824s][debug][gc,phases      ] GC(94)     Dead                           Min: 0, Avg:  0.0, Max: 0, Diff: 0, Sum: 0, Workers: 4
[284.824s][debug][gc,phases      ] GC(94)     Total                          Min: 0, Avg:  0.0, Max: 0, Diff: 0, Sum: 0, Workers: 4
[284.824s][debug][gc,phases      ] GC(94)   StringDedup Requests0 Weak     Min:  0.0, Avg:  0.0, Max:  0.0, Diff:  0.0, Sum:  0.0, Workers: 4
[284.824s][debug][gc,phases      ] GC(94)     Dead                           Min: 0, Avg:  0.0, Max: 0, Diff: 0, Sum: 0, Workers: 4
[284.824s][debug][gc,phases      ] GC(94)     Total                          Min: 0, Avg:  0.0, Max: 0, Diff: 0, Sum: 0, Workers: 4
[284.824s][debug][gc,phases      ] GC(94)   StringDedup Requests1 Weak     Min:  0.0, Avg:  0.0, Max:  0.0, Diff:  0.0, Sum:  0.0, Workers: 4
[284.824s][debug][gc,phases      ] GC(94)     Dead                           Min: 0, Avg:  0.0, Max: 0, Diff: 0, Sum: 0, Workers: 4
[284.824s][debug][gc,phases      ] GC(94)     Total                          Min: 0, Avg:  0.0, Max: 0, Diff: 0, Sum: 0, Workers: 4
[284.824s][debug][gc,phases      ] GC(94)   Weak JFR Old Object Samples    Min:  0.0, Avg:  0.0, Max:  0.0, Diff:  0.0, Sum:  0.0, Workers: 4
[284.824s][debug][gc,phases      ] GC(94)     Dead                           Min: 0, Avg:  0.0, Max: 0, Diff: 0, Sum: 0, Workers: 4
[284.824s][debug][gc,phases      ] GC(94)     Total                          Min: 0, Avg:  0.0, Max: 0, Diff: 0, Sum: 0, Workers: 4
[284.824s][debug][gc,phases      ] GC(94) Weak Processing 0.363ms
[284.824s][debug][gc,age         ] GC(94) Desired survivor size 155713536 bytes, new threshold 15 (max threshold 15)
[284.824s][info ][gc,heap        ] GC(94) PSYoungGen: 1900212K(1945600K)->111143K(1944576K) Eden: 1793024K(1793024K)->0K(1793024K) From: 107188K(152576K)->111143K(151552K)
[284.824s][info ][gc,heap        ] GC(94) ParOldGen: 464057K(504320K)->465283K(504320K)
[284.824s][info ][gc,metaspace   ] GC(94) Metaspace: 87229K(88128K)->87229K(88128K) NonClass: 74877K(75392K)->74877K(75392K) Class: 12352K(12736K)->12352K(12736K)
[284.824s][info ][gc             ] GC(94) Pause Young (Allocation Failure) 2308M->562M(2391M) 38.828ms
[284.825s][info ][gc,cpu         ] GC(94) User=0.11s Sys=0.01s Real=0.04s
[284.825s][info ][safepoint      ] Safepoint "ParallelGCFailedAllocation", Time since last: 167004894 ns, Reaching safepoint: 122304 ns, At safepoint: 38930674 ns, Total: 39052978 ns
[285.825s][info ][gc,start       ] GC(95) Pause Young (Allocation Failure)
[285.855s][debug][gc,phases      ] GC(95) Scavenge 30.566ms
[285.855s][debug][gc,ref         ] GC(95) Skipped phase 1 of Reference Processing: no references
[285.855s][debug][gc,ref         ] GC(95) ReferenceProcessor::execute queues: 1, RefProcThreadModel::Single, marks_oops_alive: false
[285.855s][debug][gc,ref         ] GC(95) Skipped phase 3 of Reference Processing: no references
[285.855s][debug][gc,ref         ] GC(95) ReferenceProcessor::execute queues: 1, RefProcThreadModel::Single, marks_oops_alive: false
[285.855s][debug][gc,phases      ] GC(95) Reference Processing 0.147ms
[285.856s][debug][gc,phases      ] GC(95)   VM Weak                        Min:  0.0, Avg:  0.0, Max:  0.0, Diff:  0.0, Sum:  0.0, Workers: 4
[285.856s][debug][gc,phases      ] GC(95)     Dead                           Min: 0, Avg:  0.0, Max: 0, Diff: 0, Sum: 0, Workers: 4
[285.856s][debug][gc,phases      ] GC(95)     Total                          Min: 0, Avg: 194.5, Max: 384, Diff: 384, Sum: 778, Workers: 4
[285.856s][debug][gc,phases      ] GC(95)   ObjectSynchronizer Weak        Min:  0.0, Avg:  0.0, Max:  0.0, Diff:  0.0, Sum:  0.0, Workers: 4
[285.856s][debug][gc,phases      ] GC(95)     Dead                           Min: 0, Avg:  0.0, Max: 0, Diff: 0, Sum: 0, Workers: 4
[285.856s][debug][gc,phases      ] GC(95)     Total                          Min: 192, Avg: 317.5, Max: 384, Diff: 192, Sum: 1270, Workers: 4
[285.856s][debug][gc,phases      ] GC(95)   JVMTI Tag Weak OopStorage      Min:  0.0, Avg:  0.0, Max:  0.0, Diff:  0.0, Sum:  0.0, Workers: 4
[285.856s][debug][gc,phases      ] GC(95)     Dead                           Min: 0, Avg:  0.0, Max: 0, Diff: 0, Sum: 0, Workers: 4
[285.856s][debug][gc,phases      ] GC(95)     Total                          Min: 0, Avg:  0.0, Max: 0, Diff: 0, Sum: 0, Workers: 4
[285.856s][debug][gc,phases      ] GC(95)   StringTable Weak               Min:  0.1, Avg:  0.1, Max:  0.1, Diff:  0.0, Sum:  0.5, Workers: 4
[285.856s][debug][gc,phases      ] GC(95)     Dead                           Min: 0, Avg:  0.0, Max: 0, Diff: 0, Sum: 0, Workers: 4
[285.856s][debug][gc,phases      ] GC(95)     Total                          Min: 12096, Avg: 12468.0, Max: 13056, Diff: 960, Sum: 49872, Workers: 4
[285.856s][debug][gc,phases      ] GC(95)   ResolvedMethodTable Weak       Min:  0.0, Avg:  0.0, Max:  0.0, Diff:  0.0, Sum:  0.1, Workers: 4
[285.856s][debug][gc,phases      ] GC(95)     Dead                           Min: 0, Avg:  0.0, Max: 0, Diff: 0, Sum: 0, Workers: 4
[285.856s][debug][gc,phases      ] GC(95)     Total                          Min: 2240, Avg: 2280.5, Max: 2368, Diff: 128, Sum: 9122, Workers: 4
[285.856s][debug][gc,phases      ] GC(95)   JNI Weak                       Min:  0.0, Avg:  0.0, Max:  0.0, Diff:  0.0, Sum:  0.0, Workers: 4
[285.856s][debug][gc,phases      ] GC(95)     Dead                           Min: 0, Avg:  0.0, Max: 0, Diff: 0, Sum: 0, Workers: 4
[285.856s][debug][gc,phases      ] GC(95)     Total                          Min: 0, Avg:  0.2, Max: 1, Diff: 1, Sum: 1, Workers: 4
[285.856s][debug][gc,phases      ] GC(95)   StringDedup Table Weak         Min:  0.0, Avg:  0.0, Max:  0.0, Diff:  0.0, Sum:  0.0, Workers: 4
[285.856s][debug][gc,phases      ] GC(95)     Dead                           Min: 0, Avg:  0.0, Max: 0, Diff: 0, Sum: 0, Workers: 4
[285.856s][debug][gc,phases      ] GC(95)     Total                          Min: 0, Avg:  0.0, Max: 0, Diff: 0, Sum: 0, Workers: 4
[285.856s][debug][gc,phases      ] GC(95)   StringDedup Requests0 Weak     Min:  0.0, Avg:  0.0, Max:  0.0, Diff:  0.0, Sum:  0.0, Workers: 4
[285.856s][debug][gc,phases      ] GC(95)     Dead                           Min: 0, Avg:  0.0, Max: 0, Diff: 0, Sum: 0, Workers: 4
[285.856s][debug][gc,phases      ] GC(95)     Total                          Min: 0, Avg:  0.0, Max: 0, Diff: 0, Sum: 0, Workers: 4
[285.856s][debug][gc,phases      ] GC(95)   StringDedup Requests1 Weak     Min:  0.0, Avg:  0.0, Max:  0.0, Diff:  0.0, Sum:  0.0, Workers: 4
[285.856s][debug][gc,phases      ] GC(95)     Dead                           Min: 0, Avg:  0.0, Max: 0, Diff: 0, Sum: 0, Workers: 4
[285.856s][debug][gc,phases      ] GC(95)     Total                          Min: 0, Avg:  0.0, Max: 0, Diff: 0, Sum: 0, Workers: 4
[285.856s][debug][gc,phases      ] GC(95)   Weak JFR Old Object Samples    Min:  0.0, Avg:  0.0, Max:  0.0, Diff:  0.0, Sum:  0.0, Workers: 4
[285.856s][debug][gc,phases      ] GC(95)     Dead                           Min: 0, Avg:  0.0, Max: 0, Diff: 0, Sum: 0, Workers: 4
[285.856s][debug][gc,phases      ] GC(95)     Total                          Min: 0, Avg:  0.0, Max: 0, Diff: 0, Sum: 0, Workers: 4
[285.856s][debug][gc,phases      ] GC(95) Weak Processing 0.497ms
[285.856s][debug][gc,age         ] GC(95) Desired survivor size 155189248 bytes, new threshold 15 (max threshold 15)
[285.856s][info ][gc,heap        ] GC(95) PSYoungGen: 1904167K(1944576K)->111147K(1945600K) Eden: 1793024K(1793024K)->0K(1793536K) From: 111143K(151552K)->111147K(152064K)
[285.856s][info ][gc,heap        ] GC(95) ParOldGen: 465283K(504320K)->471665K(504320K)
[285.856s][info ][gc,metaspace   ] GC(95) Metaspace: 87236K(88128K)->87236K(88128K) NonClass: 74884K(75392K)->74884K(75392K) Class: 12352K(12736K)->12352K(12736K)
[285.856s][info ][gc             ] GC(95) Pause Young (Allocation Failure) 2313M->569M(2392M) 31.374ms
[285.856s][info ][gc,cpu         ] GC(95) User=0.13s Sys=0.00s Real=0.03s
[285.856s][info ][safepoint      ] Safepoint "ParallelGCFailedAllocation", Time since last: 999758276 ns, Reaching safepoint: 153105 ns, At safepoint: 31488411 ns, Total: 31641516 ns
[286.856s][info ][safepoint      ] Safepoint "Cleanup", Time since last: 1000090484 ns, Reaching safepoint: 202207 ns, At safepoint: 9600 ns, Total: 211807 ns
[287.047s][info ][gc,start       ] GC(96) Pause Young (Allocation Failure)
[287.087s][debug][gc,phases      ] GC(96) Scavenge 40.048ms
[287.087s][debug][gc,ref         ] GC(96) Skipped phase 1 of Reference Processing: no references
[287.087s][debug][gc,ref         ] GC(96) ReferenceProcessor::execute queues: 1, RefProcThreadModel::Single, marks_oops_alive: false
[287.087s][debug][gc,ref         ] GC(96) Skipped phase 3 of Reference Processing: no references
[287.087s][debug][gc,ref         ] GC(96) ReferenceProcessor::execute queues: 1, RefProcThreadModel::Single, marks_oops_alive: false
[287.087s][debug][gc,phases      ] GC(96) Reference Processing 0.232ms
[287.087s][debug][gc,phases      ] GC(96)   VM Weak                        Min:  0.0, Avg:  0.0, Max:  0.0, Diff:  0.0, Sum:  0.0, Workers: 4
[287.087s][debug][gc,phases      ] GC(96)     Dead                           Min: 0, Avg:  0.0, Max: 0, Diff: 0, Sum: 0, Workers: 4
[287.087s][debug][gc,phases      ] GC(96)     Total                          Min: 0, Avg: 194.5, Max: 650, Diff: 650, Sum: 778, Workers: 4
[287.087s][debug][gc,phases      ] GC(96)   ObjectSynchronizer Weak        Min:  0.0, Avg:  0.0, Max:  0.0, Diff:  0.0, Sum:  0.0, Workers: 4
[287.087s][debug][gc,phases      ] GC(96)     Dead                           Min: 0, Avg:  0.0, Max: 0, Diff: 0, Sum: 0, Workers: 4
[287.087s][debug][gc,phases      ] GC(96)     Total                          Min: 0, Avg: 317.5, Max: 694, Diff: 694, Sum: 1270, Workers: 4
[287.088s][debug][gc,phases      ] GC(96)   JVMTI Tag Weak OopStorage      Min:  0.0, Avg:  0.0, Max:  0.0, Diff:  0.0, Sum:  0.0, Workers: 4
[287.088s][debug][gc,phases      ] GC(96)     Dead                           Min: 0, Avg:  0.0, Max: 0, Diff: 0, Sum: 0, Workers: 4
[287.088s][debug][gc,phases      ] GC(96)     Total                          Min: 0, Avg:  0.0, Max: 0, Diff: 0, Sum: 0, Workers: 4
[287.088s][debug][gc,phases      ] GC(96)   StringTable Weak               Min:  0.0, Avg:  0.1, Max:  0.2, Diff:  0.2, Sum:  0.5, Workers: 4
[287.088s][debug][gc,phases      ] GC(96)     Dead                           Min: 0, Avg:  0.0, Max: 0, Diff: 0, Sum: 0, Workers: 4
[287.088s][debug][gc,phases      ] GC(96)     Total                          Min: 0, Avg: 12469.8, Max: 25088, Diff: 25088, Sum: 49879, Workers: 4
[287.088s][debug][gc,phases      ] GC(96)   ResolvedMethodTable Weak       Min:  0.0, Avg:  0.0, Max:  0.0, Diff:  0.0, Sum:  0.1, Workers: 4
[287.088s][debug][gc,phases      ] GC(96)     Dead                           Min: 0, Avg:  0.0, Max: 0, Diff: 0, Sum: 0, Workers: 4
[287.088s][debug][gc,phases      ] GC(96)     Total                          Min: 0, Avg: 2282.2, Max: 4585, Diff: 4585, Sum: 9129, Workers: 4
[287.088s][debug][gc,phases      ] GC(96)   JNI Weak                       Min:  0.0, Avg:  0.0, Max:  0.0, Diff:  0.0, Sum:  0.0, Workers: 4
[287.088s][debug][gc,phases      ] GC(96)     Dead                           Min: 0, Avg:  0.0, Max: 0, Diff: 0, Sum: 0, Workers: 4
[287.088s][debug][gc,phases      ] GC(96)     Total                          Min: 0, Avg:  1.0, Max: 4, Diff: 4, Sum: 4, Workers: 4
[287.088s][debug][gc,phases      ] GC(96)   StringDedup Table Weak         Min:  0.0, Avg:  0.0, Max:  0.0, Diff:  0.0, Sum:  0.0, Workers: 4
[287.088s][debug][gc,phases      ] GC(96)     Dead                           Min: 0, Avg:  0.0, Max: 0, Diff: 0, Sum: 0, Workers: 4
[287.088s][debug][gc,phases      ] GC(96)     Total                          Min: 0, Avg:  0.0, Max: 0, Diff: 0, Sum: 0, Workers: 4
[287.088s][debug][gc,phases      ] GC(96)   StringDedup Requests0 Weak     Min:  0.0, Avg:  0.0, Max:  0.0, Diff:  0.0, Sum:  0.0, Workers: 4
[287.088s][debug][gc,phases      ] GC(96)     Dead                           Min: 0, Avg:  0.0, Max: 0, Diff: 0, Sum: 0, Workers: 4
[287.088s][debug][gc,phases      ] GC(96)     Total                          Min: 0, Avg:  0.0, Max: 0, Diff: 0, Sum: 0, Workers: 4
[287.088s][debug][gc,phases      ] GC(96)   StringDedup Requests1 Weak     Min:  0.0, Avg:  0.0, Max:  0.0, Diff:  0.0, Sum:  0.0, Workers: 4
[287.088s][debug][gc,phases      ] GC(96)     Dead                           Min: 0, Avg:  0.0, Max: 0, Diff: 0, Sum: 0, Workers: 4
[287.088s][debug][gc,phases      ] GC(96)     Total                          Min: 0, Avg:  0.0, Max: 0, Diff: 0, Sum: 0, Workers: 4
[287.088s][debug][gc,phases      ] GC(96)   Weak JFR Old Object Samples    Min:  0.0, Avg:  0.0, Max:  0.0, Diff:  0.0, Sum:  0.0, Workers: 4
[287.088s][debug][gc,phases      ] GC(96)     Dead                           Min: 0, Avg:  0.0, Max: 0, Diff: 0, Sum: 0, Workers: 4
[287.088s][debug][gc,phases      ] GC(96)     Total                          Min: 0, Avg:  0.0, Max: 0, Diff: 0, Sum: 0, Workers: 4
[287.088s][debug][gc,phases      ] GC(96) Weak Processing 0.558ms
[287.088s][debug][gc,age         ] GC(96) Desired survivor size 160432128 bytes, new threshold 15 (max threshold 15)
[287.088s][info ][gc,heap        ] GC(96) PSYoungGen: 1904683K(1945600K)->125972K(1920000K) Eden: 1793536K(1793536K)->0K(1793536K) From: 111147K(152064K)->125972K(126464K)
[287.088s][info ][gc,heap        ] GC(96) ParOldGen: 471665K(504320K)->473725K(504320K)
[287.088s][info ][gc,metaspace   ] GC(96) Metaspace: 87267K(88128K)->87267K(88128K) NonClass: 74912K(75392K)->74912K(75392K) Class: 12355K(12736K)->12355K(12736K)
[287.088s][info ][gc             ] GC(96) Pause Young (Allocation Failure) 2320M->585M(2367M) 41.006ms
[287.088s][info ][gc,cpu         ] GC(96) User=0.15s Sys=0.01s Real=0.04s
[287.088s][info ][safepoint      ] Safepoint "ParallelGCFailedAllocation", Time since last: 190205810 ns, Reaching safepoint: 207707 ns, At safepoint: 41127451 ns, Total: 41335158 ns
[288.088s][info ][safepoint      ] Safepoint "Cleanup", Time since last: 1000084977 ns, Reaching safepoint: 145605 ns, At safepoint: 18901 ns, Total: 164506 ns
[288.883s][info ][gc,start       ] GC(97) Pause Young (Allocation Failure)
[288.924s][debug][gc,phases      ] GC(97) Scavenge 41.170ms
[288.924s][debug][gc,ref         ] GC(97) Skipped phase 1 of Reference Processing: no references
[288.924s][debug][gc,ref         ] GC(97) ReferenceProcessor::execute queues: 1, RefProcThreadModel::Single, marks_oops_alive: false
[288.924s][debug][gc,ref         ] GC(97) Skipped phase 3 of Reference Processing: no references
[288.924s][debug][gc,ref         ] GC(97) ReferenceProcessor::execute queues: 1, RefProcThreadModel::Single, marks_oops_alive: false
[288.924s][debug][gc,phases      ] GC(97) Reference Processing 0.126ms
[288.924s][debug][gc,phases      ] GC(97)   VM Weak                        Min:  0.0, Avg:  0.0, Max:  0.0, Diff:  0.0, Sum:  0.0, Workers: 4
[288.924s][debug][gc,phases      ] GC(97)     Dead                           Min: 0, Avg:  0.0, Max: 0, Diff: 0, Sum: 0, Workers: 4
[288.924s][debug][gc,phases      ] GC(97)     Total                          Min: 0, Avg: 194.5, Max: 778, Diff: 778, Sum: 778, Workers: 4
[288.924s][debug][gc,phases      ] GC(97)   ObjectSynchronizer Weak        Min:  0.0, Avg:  0.0, Max:  0.0, Diff:  0.0, Sum:  0.0, Workers: 4
[288.924s][debug][gc,phases      ] GC(97)     Dead                           Min: 0, Avg:  0.0, Max: 0, Diff: 0, Sum: 0, Workers: 4
[288.924s][debug][gc,phases      ] GC(97)     Total                          Min: 0, Avg: 317.5, Max: 566, Diff: 566, Sum: 1270, Workers: 4
[288.924s][debug][gc,phases      ] GC(97)   JVMTI Tag Weak OopStorage      Min:  0.0, Avg:  0.0, Max:  0.0, Diff:  0.0, Sum:  0.0, Workers: 4
[288.924s][debug][gc,phases      ] GC(97)     Dead                           Min: 0, Avg:  0.0, Max: 0, Diff: 0, Sum: 0, Workers: 4
[288.924s][debug][gc,phases      ] GC(97)     Total                          Min: 0, Avg:  0.0, Max: 0, Diff: 0, Sum: 0, Workers: 4
[288.924s][debug][gc,phases      ] GC(97)   StringTable Weak               Min:  0.0, Avg:  0.2, Max:  0.2, Diff:  0.2, Sum:  0.6, Workers: 4
[288.924s][debug][gc,phases      ] GC(97)     Dead                           Min: 0, Avg:  0.0, Max: 0, Diff: 0, Sum: 0, Workers: 4
[288.924s][debug][gc,phases      ] GC(97)     Total                          Min: 0, Avg: 12469.8, Max: 17024, Diff: 17024, Sum: 49879, Workers: 4
[288.924s][debug][gc,phases      ] GC(97)   ResolvedMethodTable Weak       Min:  0.0, Avg:  0.0, Max:  0.0, Diff:  0.0, Sum:  0.1, Workers: 4
[288.924s][debug][gc,phases      ] GC(97)     Dead                           Min: 0, Avg:  0.0, Max: 0, Diff: 0, Sum: 0, Workers: 4
[288.925s][debug][gc,phases      ] GC(97)     Total                          Min: 0, Avg: 2282.2, Max: 3241, Diff: 3241, Sum: 9129, Workers: 4
[288.925s][debug][gc,phases      ] GC(97)   JNI Weak                       Min:  0.0, Avg:  0.0, Max:  0.0, Diff:  0.0, Sum:  0.0, Workers: 4
[288.925s][debug][gc,phases      ] GC(97)     Dead                           Min: 0, Avg:  0.0, Max: 0, Diff: 0, Sum: 0, Workers: 4
[288.925s][debug][gc,phases      ] GC(97)     Total                          Min: 0, Avg:  0.5, Max: 2, Diff: 2, Sum: 2, Workers: 4
[288.925s][debug][gc,phases      ] GC(97)   StringDedup Table Weak         Min:  0.0, Avg:  0.0, Max:  0.0, Diff:  0.0, Sum:  0.0, Workers: 4
[288.925s][debug][gc,phases      ] GC(97)     Dead                           Min: 0, Avg:  0.0, Max: 0, Diff: 0, Sum: 0, Workers: 4
[288.925s][debug][gc,phases      ] GC(97)     Total                          Min: 0, Avg:  0.0, Max: 0, Diff: 0, Sum: 0, Workers: 4
[288.925s][debug][gc,phases      ] GC(97)   StringDedup Requests0 Weak     Min:  0.0, Avg:  0.0, Max:  0.0, Diff:  0.0, Sum:  0.0, Workers: 4
[288.925s][debug][gc,phases      ] GC(97)     Dead                           Min: 0, Avg:  0.0, Max: 0, Diff: 0, Sum: 0, Workers: 4
[288.925s][debug][gc,phases      ] GC(97)     Total                          Min: 0, Avg:  0.0, Max: 0, Diff: 0, Sum: 0, Workers: 4
[288.925s][debug][gc,phases      ] GC(97)   StringDedup Requests1 Weak     Min:  0.0, Avg:  0.0, Max:  0.0, Diff:  0.0, Sum:  0.0, Workers: 4
[288.925s][debug][gc,phases      ] GC(97)     Dead                           Min: 0, Avg:  0.0, Max: 0, Diff: 0, Sum: 0, Workers: 4
[288.925s][debug][gc,phases      ] GC(97)     Total                          Min: 0, Avg:  0.0, Max: 0, Diff: 0, Sum: 0, Workers: 4
[288.925s][debug][gc,phases      ] GC(97)   Weak JFR Old Object Samples    Min:  0.0, Avg:  0.0, Max:  0.0, Diff:  0.0, Sum:  0.0, Workers: 4
[288.925s][debug][gc,phases      ] GC(97)     Dead                           Min: 0, Avg:  0.0, Max: 0, Diff: 0, Sum: 0, Workers: 4
[288.925s][debug][gc,phases      ] GC(97)     Total                          Min: 0, Avg:  0.0, Max: 0, Diff: 0, Sum: 0, Workers: 4
[288.925s][debug][gc,phases      ] GC(97) Weak Processing 0.735ms
[288.925s][debug][gc,age         ] GC(97) Desired survivor size 165150720 bytes, new threshold 15 (max threshold 15)
[288.925s][info ][gc,heap        ] GC(97) PSYoungGen: 1919508K(1920000K)->128330K(1931264K) Eden: 1793536K(1793536K)->0K(1774592K) From: 125972K(126464K)->128330K(156672K)
[288.925s][info ][gc,heap        ] GC(97) ParOldGen: 473725K(504320K)->478574K(504320K)
[288.925s][info ][gc,metaspace   ] GC(97) Metaspace: 87270K(88128K)->87270K(88128K) NonClass: 74915K(75392K)->74915K(75392K) Class: 12355K(12736K)->12355K(12736K)
[288.925s][info ][gc             ] GC(97) Pause Young (Allocation Failure) 2337M->592M(2378M) 42.224ms
[288.925s][info ][gc,cpu         ] GC(97) User=0.19s Sys=0.00s Real=0.04s
[288.925s][info ][safepoint      ] Safepoint "ParallelGCFailedAllocation", Time since last: 794290614 ns, Reaching safepoint: 137805 ns, At safepoint: 42339693 ns, Total: 42477498 ns
[289.925s][info ][safepoint      ] Safepoint "Cleanup", Time since last: 1000089068 ns, Reaching safepoint: 73603 ns, At safepoint: 9100 ns, Total: 82703 ns
[291.927s][info ][safepoint      ] Safepoint "Cleanup", Time since last: 2002055188 ns, Reaching safepoint: 136705 ns, At safepoint: 16401 ns, Total: 153106 ns
[292.399s][info ][gc,start       ] GC(98) Pause Young (Allocation Failure)
[292.439s][debug][gc,phases      ] GC(98) Scavenge 39.713ms
[292.439s][debug][gc,ref         ] GC(98) Skipped phase 1 of Reference Processing: no references
[292.439s][debug][gc,ref         ] GC(98) ReferenceProcessor::execute queues: 1, RefProcThreadModel::Single, marks_oops_alive: false
[292.439s][debug][gc,ref         ] GC(98) Skipped phase 3 of Reference Processing: no references
[292.439s][debug][gc,ref         ] GC(98) ReferenceProcessor::execute queues: 1, RefProcThreadModel::Single, marks_oops_alive: false
[292.439s][debug][gc,phases      ] GC(98) Reference Processing 0.153ms
[292.439s][debug][gc,phases      ] GC(98)   VM Weak                        Min:  0.0, Avg:  0.0, Max:  0.0, Diff:  0.0, Sum:  0.0, Workers: 4
[292.439s][debug][gc,phases      ] GC(98)     Dead                           Min: 0, Avg:  0.0, Max: 0, Diff: 0, Sum: 0, Workers: 4
[292.439s][debug][gc,phases      ] GC(98)     Total                          Min: 0, Avg: 194.5, Max: 576, Diff: 576, Sum: 778, Workers: 4
[292.439s][debug][gc,phases      ] GC(98)   ObjectSynchronizer Weak        Min:  0.0, Avg:  0.0, Max:  0.0, Diff:  0.0, Sum:  0.0, Workers: 4
[292.439s][debug][gc,phases      ] GC(98)     Dead                           Min: 0, Avg:  0.0, Max: 0, Diff: 0, Sum: 0, Workers: 4
[292.439s][debug][gc,phases      ] GC(98)     Total                          Min: 0, Avg: 317.5, Max: 694, Diff: 694, Sum: 1270, Workers: 4
[292.439s][debug][gc,phases      ] GC(98)   JVMTI Tag Weak OopStorage      Min:  0.0, Avg:  0.0, Max:  0.0, Diff:  0.0, Sum:  0.0, Workers: 4
[292.439s][debug][gc,phases      ] GC(98)     Dead                           Min: 0, Avg:  0.0, Max: 0, Diff: 0, Sum: 0, Workers: 4
[292.439s][debug][gc,phases      ] GC(98)     Total                          Min: 0, Avg:  0.0, Max: 0, Diff: 0, Sum: 0, Workers: 4
[292.439s][debug][gc,phases      ] GC(98)   StringTable Weak               Min:  0.0, Avg:  0.1, Max:  0.2, Diff:  0.2, Sum:  0.5, Workers: 4
[292.439s][debug][gc,phases      ] GC(98)     Dead                           Min: 0, Avg:  0.0, Max: 0, Diff: 0, Sum: 0, Workers: 4
[292.439s][debug][gc,phases      ] GC(98)     Total                          Min: 0, Avg: 12469.8, Max: 18176, Diff: 18176, Sum: 49879, Workers: 4
[292.439s][debug][gc,phases      ] GC(98)   ResolvedMethodTable Weak       Min:  0.0, Avg:  0.0, Max:  0.0, Diff:  0.0, Sum:  0.1, Workers: 4
[292.439s][debug][gc,phases      ] GC(98)     Dead                           Min: 0, Avg:  0.0, Max: 0, Diff: 0, Sum: 0, Workers: 4
[292.439s][debug][gc,phases      ] GC(98)     Total                          Min: 0, Avg: 2282.2, Max: 3369, Diff: 3369, Sum: 9129, Workers: 4
[292.439s][debug][gc,phases      ] GC(98)   JNI Weak                       Min:  0.0, Avg:  0.0, Max:  0.0, Diff:  0.0, Sum:  0.0, Workers: 4
[292.439s][debug][gc,phases      ] GC(98)     Dead                           Min: 0, Avg:  0.0, Max: 0, Diff: 0, Sum: 0, Workers: 4
[292.439s][debug][gc,phases      ] GC(98)     Total                          Min: 0, Avg:  0.2, Max: 1, Diff: 1, Sum: 1, Workers: 4
[292.440s][debug][gc,phases      ] GC(98)   StringDedup Table Weak         Min:  0.0, Avg:  0.0, Max:  0.0, Diff:  0.0, Sum:  0.0, Workers: 4
[292.440s][debug][gc,phases      ] GC(98)     Dead                           Min: 0, Avg:  0.0, Max: 0, Diff: 0, Sum: 0, Workers: 4
[292.440s][debug][gc,phases      ] GC(98)     Total                          Min: 0, Avg:  0.0, Max: 0, Diff: 0, Sum: 0, Workers: 4
[292.440s][debug][gc,phases      ] GC(98)   StringDedup Requests0 Weak     Min:  0.0, Avg:  0.0, Max:  0.0, Diff:  0.0, Sum:  0.0, Workers: 4
[292.440s][debug][gc,phases      ] GC(98)     Dead                           Min: 0, Avg:  0.0, Max: 0, Diff: 0, Sum: 0, Workers: 4
[292.440s][debug][gc,phases      ] GC(98)     Total                          Min: 0, Avg:  0.0, Max: 0, Diff: 0, Sum: 0, Workers: 4
[292.440s][debug][gc,phases      ] GC(98)   StringDedup Requests1 Weak     Min:  0.0, Avg:  0.0, Max:  0.0, Diff:  0.0, Sum:  0.0, Workers: 4
[292.440s][debug][gc,phases      ] GC(98)     Dead                           Min: 0, Avg:  0.0, Max: 0, Diff: 0, Sum: 0, Workers: 4
[292.440s][debug][gc,phases      ] GC(98)     Total                          Min: 0, Avg:  0.0, Max: 0, Diff: 0, Sum: 0, Workers: 4
[292.440s][debug][gc,phases      ] GC(98)   Weak JFR Old Object Samples    Min:  0.0, Avg:  0.0, Max:  0.0, Diff:  0.0, Sum:  0.0, Workers: 4
[292.440s][debug][gc,phases      ] GC(98)     Dead                           Min: 0, Avg:  0.0, Max: 0, Diff: 0, Sum: 0, Workers: 4
[292.440s][debug][gc,phases      ] GC(98)     Total                          Min: 0, Avg:  0.0, Max: 0, Diff: 0, Sum: 0, Workers: 4
[292.440s][debug][gc,phases      ] GC(98) Weak Processing 0.486ms
[292.440s][debug][gc,age         ] GC(98) Desired survivor size 167247872 bytes, new threshold 15 (max threshold 15)
[292.440s][info ][gc,heap        ] GC(98) PSYoungGen: 1902922K(1931264K)->125145K(1900032K) Eden: 1774592K(1774592K)->0K(1774592K) From: 128330K(156672K)->125145K(125440K)
[292.440s][info ][gc,heap        ] GC(98) ParOldGen: 478574K(504320K)->483687K(504320K)
[292.440s][info ][gc,metaspace   ] GC(98) Metaspace: 87274K(88128K)->87274K(88128K) NonClass: 74918K(75392K)->74918K(75392K) Class: 12355K(12736K)->12355K(12736K)
[292.440s][info ][gc             ] GC(98) Pause Young (Allocation Failure) 2325M->594M(2348M) 40.520ms
[292.440s][info ][gc,cpu         ] GC(98) User=0.14s Sys=0.00s Real=0.04s
[292.440s][info ][safepoint      ] Safepoint "ParallelGCFailedAllocation", Time since last: 471684828 ns, Reaching safepoint: 205907 ns, At safepoint: 40635833 ns, Total: 40841740 ns
[293.440s][info ][safepoint      ] Safepoint "Cleanup", Time since last: 1000309459 ns, Reaching safepoint: 173506 ns, At safepoint: 12300 ns, Total: 185806 ns
[294.440s][info ][safepoint      ] Safepoint "Cleanup", Time since last: 1000111848 ns, Reaching safepoint: 108303 ns, At safepoint: 14501 ns, Total: 122804 ns
[294.943s][info ][safepoint      ] Safepoint "ParallelGCFailedAllocation", Time since last: 502727516 ns, Reaching safepoint: 127304 ns, At safepoint: 26701 ns, Total: 154005 ns
[294.944s][info ][gc,start       ] GC(99) Pause Young (GCLocker Initiated GC)
[294.983s][debug][gc,phases      ] GC(99) Scavenge 39.002ms
[294.983s][debug][gc,ref         ] GC(99) Skipped phase 1 of Reference Processing: no references
[294.983s][debug][gc,ref         ] GC(99) ReferenceProcessor::execute queues: 1, RefProcThreadModel::Single, marks_oops_alive: false
[294.983s][debug][gc,ref         ] GC(99) Skipped phase 3 of Reference Processing: no references
[294.983s][debug][gc,ref         ] GC(99) ReferenceProcessor::execute queues: 1, RefProcThreadModel::Single, marks_oops_alive: false
[294.983s][debug][gc,phases      ] GC(99) Reference Processing 0.138ms
[294.983s][debug][gc,phases      ] GC(99)   VM Weak                        Min:  0.0, Avg:  0.0, Max:  0.0, Diff:  0.0, Sum:  0.0, Workers: 4
[294.983s][debug][gc,phases      ] GC(99)     Dead                           Min: 0, Avg:  0.0, Max: 0, Diff: 0, Sum: 0, Workers: 4
[294.983s][debug][gc,phases      ] GC(99)     Total                          Min: 0, Avg: 194.5, Max: 458, Diff: 458, Sum: 778, Workers: 4
[294.983s][debug][gc,phases      ] GC(99)   ObjectSynchronizer Weak        Min:  0.0, Avg:  0.0, Max:  0.0, Diff:  0.0, Sum:  0.0, Workers: 4
[294.983s][debug][gc,phases      ] GC(99)     Dead                           Min: 0, Avg:  0.0, Max: 0, Diff: 0, Sum: 0, Workers: 4
[294.983s][debug][gc,phases      ] GC(99)     Total                          Min: 64, Avg: 317.5, Max: 512, Diff: 448, Sum: 1270, Workers: 4
[294.983s][debug][gc,phases      ] GC(99)   JVMTI Tag Weak OopStorage      Min:  0.0, Avg:  0.0, Max:  0.0, Diff:  0.0, Sum:  0.0, Workers: 4
[294.983s][debug][gc,phases      ] GC(99)     Dead                           Min: 0, Avg:  0.0, Max: 0, Diff: 0, Sum: 0, Workers: 4
[294.983s][debug][gc,phases      ] GC(99)     Total                          Min: 0, Avg:  0.0, Max: 0, Diff: 0, Sum: 0, Workers: 4
[294.983s][debug][gc,phases      ] GC(99)   StringTable Weak               Min:  0.1, Avg:  0.1, Max:  0.1, Diff:  0.0, Sum:  0.5, Workers: 4
[294.983s][debug][gc,phases      ] GC(99)     Dead                           Min: 0, Avg:  0.0, Max: 0, Diff: 0, Sum: 0, Workers: 4
[294.983s][debug][gc,phases      ] GC(99)     Total                          Min: 12185, Avg: 12470.2, Max: 12800, Diff: 615, Sum: 49881, Workers: 4
[294.983s][debug][gc,phases      ] GC(99)   ResolvedMethodTable Weak       Min:  0.0, Avg:  0.0, Max:  0.0, Diff:  0.0, Sum:  0.1, Workers: 4
[294.983s][debug][gc,phases      ] GC(99)     Dead                           Min: 0, Avg:  0.0, Max: 0, Diff: 0, Sum: 0, Workers: 4
[294.983s][debug][gc,phases      ] GC(99)     Total                          Min: 2176, Avg: 2283.5, Max: 2368, Diff: 192, Sum: 9134, Workers: 4
[294.983s][debug][gc,phases      ] GC(99)   JNI Weak                       Min:  0.0, Avg:  0.0, Max:  0.0, Diff:  0.0, Sum:  0.0, Workers: 4
[294.983s][debug][gc,phases      ] GC(99)     Dead                           Min: 0, Avg:  0.0, Max: 0, Diff: 0, Sum: 0, Workers: 4
[294.983s][debug][gc,phases      ] GC(99)     Total                          Min: 0, Avg:  0.0, Max: 0, Diff: 0, Sum: 0, Workers: 4
[294.983s][debug][gc,phases      ] GC(99)   StringDedup Table Weak         Min:  0.0, Avg:  0.0, Max:  0.0, Diff:  0.0, Sum:  0.0, Workers: 4
[294.983s][debug][gc,phases      ] GC(99)     Dead                           Min: 0, Avg:  0.0, Max: 0, Diff: 0, Sum: 0, Workers: 4
[294.983s][debug][gc,phases      ] GC(99)     Total                          Min: 0, Avg:  0.0, Max: 0, Diff: 0, Sum: 0, Workers: 4
[294.983s][debug][gc,phases      ] GC(99)   StringDedup Requests0 Weak     Min:  0.0, Avg:  0.0, Max:  0.0, Diff:  0.0, Sum:  0.0, Workers: 4
[294.983s][debug][gc,phases      ] GC(99)     Dead                           Min: 0, Avg:  0.0, Max: 0, Diff: 0, Sum: 0, Workers: 4
[294.983s][debug][gc,phases      ] GC(99)     Total                          Min: 0, Avg:  0.0, Max: 0, Diff: 0, Sum: 0, Workers: 4
[294.983s][debug][gc,phases      ] GC(99)   StringDedup Requests1 Weak     Min:  0.0, Avg:  0.0, Max:  0.0, Diff:  0.0, Sum:  0.0, Workers: 4
[294.983s][debug][gc,phases      ] GC(99)     Dead                           Min: 0, Avg:  0.0, Max: 0, Diff: 0, Sum: 0, Workers: 4
[294.983s][debug][gc,phases      ] GC(99)     Total                          Min: 0, Avg:  0.0, Max: 0, Diff: 0, Sum: 0, Workers: 4
[294.983s][debug][gc,phases      ] GC(99)   Weak JFR Old Object Samples    Min:  0.0, Avg:  0.0, Max:  0.0, Diff:  0.0, Sum:  0.0, Workers: 4
[294.983s][debug][gc,phases      ] GC(99)     Dead                           Min: 0, Avg:  0.0, Max: 0, Diff: 0, Sum: 0, Workers: 4
[294.983s][debug][gc,phases      ] GC(99)     Total                          Min: 0, Avg:  0.0, Max: 0, Diff: 0, Sum: 0, Workers: 4
[294.983s][debug][gc,phases      ] GC(99) Weak Processing 0.377ms
[294.983s][debug][gc,age         ] GC(99) Desired survivor size 168820736 bytes, new threshold 15 (max threshold 15)
[294.983s][info ][gc,heap        ] GC(99) PSYoungGen: 1899737K(1900032K)->126148K(1930752K) Eden: 1774592K(1774592K)->0K(1767424K) From: 125145K(125440K)->126148K(163328K)
[294.983s][info ][gc,heap        ] GC(99) ParOldGen: 483687K(504320K)->492769K(504320K)
[294.983s][info ][gc,metaspace   ] GC(99) Metaspace: 87291K(88128K)->87291K(88128K) NonClass: 74933K(75392K)->74933K(75392K) Class: 12357K(12736K)->12357K(12736K)
[294.983s][info ][gc             ] GC(99) Pause Young (GCLocker Initiated GC) 2327M->604M(2378M) 39.646ms
[294.983s][info ][gc,cpu         ] GC(99) User=0.18s Sys=0.00s Real=0.04s
[294.983s][debug][gc,phases      ] GC(100) Pre Compact 0.015ms
[294.983s][info ][gc,start       ] GC(100) Pause Full (Ergonomics)
[294.983s][info ][gc,phases,start] GC(100) Marking Phase
[295.124s][debug][gc,phases      ] GC(100) Par Mark 140.146ms
[295.124s][debug][gc,ref         ] GC(100) Skipped phase 1 of Reference Processing: no references
[295.124s][debug][gc,ref         ] GC(100) ReferenceProcessor::execute queues: 4, RefProcThreadModel::Multi, marks_oops_alive: false
[295.124s][debug][gc,ref         ] GC(100) Skipped phase 3 of Reference Processing: no references
[295.124s][debug][gc,ref         ] GC(100) ReferenceProcessor::execute queues: 1, RefProcThreadModel::Single, marks_oops_alive: false
[295.124s][debug][gc,phases      ] GC(100) Reference Processing 0.470ms
[295.124s][debug][gc,phases      ] GC(100)   VM Weak                        Min:  0.0, Avg:  0.0, Max:  0.0, Diff:  0.0, Sum:  0.0, Workers: 4
[295.124s][debug][gc,phases      ] GC(100)     Dead                           Min: 0, Avg:  0.0, Max: 0, Diff: 0, Sum: 0, Workers: 4
[295.124s][debug][gc,phases      ] GC(100)     Total                          Min: 0, Avg: 194.5, Max: 522, Diff: 522, Sum: 778, Workers: 4
[295.124s][debug][gc,phases      ] GC(100)   ObjectSynchronizer Weak        Min:  0.0, Avg:  0.0, Max:  0.0, Diff:  0.0, Sum:  0.0, Workers: 4
[295.124s][debug][gc,phases      ] GC(100)     Dead                           Min: 1, Avg:  3.0, Max: 5, Diff: 4, Sum: 12, Workers: 4
[295.124s][debug][gc,phases      ] GC(100)     Total                          Min: 246, Avg: 317.5, Max: 384, Diff: 138, Sum: 1270, Workers: 4
[295.124s][debug][gc,phases      ] GC(100)   JVMTI Tag Weak OopStorage      Min:  0.0, Avg:  0.0, Max:  0.0, Diff:  0.0, Sum:  0.0, Workers: 4
[295.124s][debug][gc,phases      ] GC(100)     Dead                           Min: 0, Avg:  0.0, Max: 0, Diff: 0, Sum: 0, Workers: 4
[295.124s][debug][gc,phases      ] GC(100)     Total                          Min: 0, Avg:  0.0, Max: 0, Diff: 0, Sum: 0, Workers: 4
[295.124s][debug][gc,phases      ] GC(100)   StringTable Weak               Min:  0.2, Avg:  0.2, Max:  0.2, Diff:  0.0, Sum:  0.7, Workers: 4
[295.124s][debug][gc,phases      ] GC(100)     Dead                           Min: 0, Avg:  0.0, Max: 0, Diff: 0, Sum: 0, Workers: 4
[295.124s][debug][gc,phases      ] GC(100)     Total                          Min: 11904, Avg: 12470.2, Max: 13696, Diff: 1792, Sum: 49881, Workers: 4
[295.124s][debug][gc,phases      ] GC(100)   ResolvedMethodTable Weak       Min:  0.0, Avg:  0.0, Max:  0.1, Diff:  0.0, Sum:  0.1, Workers: 4
[295.124s][debug][gc,phases      ] GC(100)     Dead                           Min: 0, Avg:  0.0, Max: 0, Diff: 0, Sum: 0, Workers: 4
[295.124s][debug][gc,phases      ] GC(100)     Total                          Min: 1856, Avg: 2283.5, Max: 2606, Diff: 750, Sum: 9134, Workers: 4
[295.124s][debug][gc,phases      ] GC(100)   JNI Weak                       Min:  0.0, Avg:  0.0, Max:  0.0, Diff:  0.0, Sum:  0.0, Workers: 4
[295.124s][debug][gc,phases      ] GC(100)     Dead                           Min: 0, Avg:  0.0, Max: 0, Diff: 0, Sum: 0, Workers: 4
[295.124s][debug][gc,phases      ] GC(100)     Total                          Min: 0, Avg:  0.0, Max: 0, Diff: 0, Sum: 0, Workers: 4
[295.124s][debug][gc,phases      ] GC(100)   StringDedup Table Weak         Min:  0.0, Avg:  0.0, Max:  0.0, Diff:  0.0, Sum:  0.0, Workers: 4
[295.124s][debug][gc,phases      ] GC(100)     Dead                           Min: 0, Avg:  0.0, Max: 0, Diff: 0, Sum: 0, Workers: 4
[295.124s][debug][gc,phases      ] GC(100)     Total                          Min: 0, Avg:  0.0, Max: 0, Diff: 0, Sum: 0, Workers: 4
[295.124s][debug][gc,phases      ] GC(100)   StringDedup Requests0 Weak     Min:  0.0, Avg:  0.0, Max:  0.0, Diff:  0.0, Sum:  0.0, Workers: 4
[295.124s][debug][gc,phases      ] GC(100)     Dead                           Min: 0, Avg:  0.0, Max: 0, Diff: 0, Sum: 0, Workers: 4
[295.124s][debug][gc,phases      ] GC(100)     Total                          Min: 0, Avg:  0.0, Max: 0, Diff: 0, Sum: 0, Workers: 4
[295.124s][debug][gc,phases      ] GC(100)   StringDedup Requests1 Weak     Min:  0.0, Avg:  0.0, Max:  0.0, Diff:  0.0, Sum:  0.0, Workers: 4
[295.124s][debug][gc,phases      ] GC(100)     Dead                           Min: 0, Avg:  0.0, Max: 0, Diff: 0, Sum: 0, Workers: 4
[295.124s][debug][gc,phases      ] GC(100)     Total                          Min: 0, Avg:  0.0, Max: 0, Diff: 0, Sum: 0, Workers: 4
[295.124s][debug][gc,phases      ] GC(100)   Weak JFR Old Object Samples    Min:  0.0, Avg:  0.0, Max:  0.0, Diff:  0.0, Sum:  0.0, Workers: 4
[295.124s][debug][gc,phases      ] GC(100)     Dead                           Min: 0, Avg:  0.0, Max: 0, Diff: 0, Sum: 0, Workers: 4
[295.124s][debug][gc,phases      ] GC(100)     Total                          Min: 0, Avg:  0.0, Max: 0, Diff: 0, Sum: 0, Workers: 4
[295.124s][debug][gc,phases      ] GC(100) Weak Processing 0.434ms
[295.125s][debug][gc,phases      ] GC(100) ClassLoaderData 0.101ms
[295.125s][debug][gc,phases      ] GC(100) Trigger cleanups 0.001ms
[295.145s][debug][gc,phases      ] GC(100) Class Unloading 20.763ms
[295.145s][info ][gc,phases      ] GC(100) Marking Phase 162.012ms
[295.145s][info ][gc,phases,start] GC(100) Summary Phase
[295.145s][info ][gc,phases      ] GC(100) Summary Phase 0.014ms
[295.145s][info ][gc,phases,start] GC(100) Adjust Roots
[295.166s][info ][gc,phases      ] GC(100) Adjust Roots 20.921ms
[295.166s][info ][gc,phases,start] GC(100) Compaction Phase
[295.490s][info ][gc,phases      ] GC(100) Compaction Phase 323.271ms
[295.490s][info ][gc,phases,start] GC(100) Post Compact
[295.491s][info ][gc,phases      ] GC(100) Post Compact 1.546ms
[295.491s][info ][gc,heap        ] GC(100) PSYoungGen: 126148K(1930752K)->8210K(1930752K) Eden: 0K(1767424K)->0K(1767424K) From: 126148K(163328K)->8210K(163328K)
[295.491s][info ][gc,heap        ] GC(100) ParOldGen: 492769K(504320K)->504093K(606208K)
[295.491s][info ][gc,metaspace   ] GC(100) Metaspace: 87291K(88128K)->87291K(88128K) NonClass: 74933K(75392K)->74933K(75392K) Class: 12357K(12736K)->12357K(12736K)
[295.491s][info ][gc             ] GC(100) Pause Full (Ergonomics) 604M->500M(2477M) 508.094ms
[295.491s][info ][gc,cpu         ] GC(100) User=1.88s Sys=0.01s Real=0.50s
[295.491s][info ][safepoint      ] Safepoint "ParallelGCSystemGC", Time since last: 75203 ns, Reaching safepoint: 89303 ns, At safepoint: 547913807 ns, Total: 548003110 ns
[297.210s][info ][safepoint      ] Safepoint "Cleanup", Time since last: 1718216036 ns, Reaching safepoint: 145906 ns, At safepoint: 20200 ns, Total: 166106 ns
[297.875s][info ][gc,start       ] GC(101) Pause Young (Allocation Failure)
[297.932s][debug][gc,phases      ] GC(101) Scavenge 56.880ms
[297.932s][debug][gc,ref         ] GC(101) Skipped phase 1 of Reference Processing: no references
[297.932s][debug][gc,ref         ] GC(101) ReferenceProcessor::execute queues: 1, RefProcThreadModel::Single, marks_oops_alive: false
[297.932s][debug][gc,ref         ] GC(101) Skipped phase 3 of Reference Processing: no references
[297.932s][debug][gc,ref         ] GC(101) Skipped phase 4 of Reference Processing: no references
[297.932s][debug][gc,phases      ] GC(101) Reference Processing 0.116ms
[297.932s][debug][gc,phases      ] GC(101)   VM Weak                        Min:  0.0, Avg:  0.0, Max:  0.0, Diff:  0.0, Sum:  0.0, Workers: 4
[297.932s][debug][gc,phases      ] GC(101)     Dead                           Min: 0, Avg:  0.0, Max: 0, Diff: 0, Sum: 0, Workers: 4
[297.932s][debug][gc,phases      ] GC(101)     Total                          Min: 0, Avg: 194.5, Max: 768, Diff: 768, Sum: 778, Workers: 4
[297.932s][debug][gc,phases      ] GC(101)   ObjectSynchronizer Weak        Min:  0.0, Avg:  0.0, Max:  0.0, Diff:  0.0, Sum:  0.0, Workers: 4
[297.932s][debug][gc,phases      ] GC(101)     Dead                           Min: 0, Avg:  0.0, Max: 0, Diff: 0, Sum: 0, Workers: 4
[297.932s][debug][gc,phases      ] GC(101)     Total                          Min: 0, Avg: 317.5, Max: 448, Diff: 448, Sum: 1270, Workers: 4
[297.932s][debug][gc,phases      ] GC(101)   JVMTI Tag Weak OopStorage      Min:  0.0, Avg:  0.0, Max:  0.0, Diff:  0.0, Sum:  0.0, Workers: 4
[297.932s][debug][gc,phases      ] GC(101)     Dead                           Min: 0, Avg:  0.0, Max: 0, Diff: 0, Sum: 0, Workers: 4
[297.932s][debug][gc,phases      ] GC(101)     Total                          Min: 0, Avg:  0.0, Max: 0, Diff: 0, Sum: 0, Workers: 4
[297.932s][debug][gc,phases      ] GC(101)   StringTable Weak               Min:  0.1, Avg:  0.1, Max:  0.1, Diff:  0.0, Sum:  0.5, Workers: 4
[297.932s][debug][gc,phases      ] GC(101)     Dead                           Min: 0, Avg:  0.0, Max: 0, Diff: 0, Sum: 0, Workers: 4
[297.932s][debug][gc,phases      ] GC(101)     Total                          Min: 11456, Avg: 12470.2, Max: 13376, Diff: 1920, Sum: 49881, Workers: 4
[297.932s][debug][gc,phases      ] GC(101)   ResolvedMethodTable Weak       Min:  0.0, Avg:  0.0, Max:  0.0, Diff:  0.0, Sum:  0.1, Workers: 4
[297.932s][debug][gc,phases      ] GC(101)     Dead                           Min: 0, Avg:  0.0, Max: 0, Diff: 0, Sum: 0, Workers: 4
[297.932s][debug][gc,phases      ] GC(101)     Total                          Min: 2048, Avg: 2283.5, Max: 2432, Diff: 384, Sum: 9134, Workers: 4
[297.932s][debug][gc,phases      ] GC(101)   JNI Weak                       Min:  0.0, Avg:  0.0, Max:  0.0, Diff:  0.0, Sum:  0.0, Workers: 4
[297.932s][debug][gc,phases      ] GC(101)     Dead                           Min: 0, Avg:  0.0, Max: 0, Diff: 0, Sum: 0, Workers: 4
[297.932s][debug][gc,phases      ] GC(101)     Total                          Min: 0, Avg:  0.0, Max: 0, Diff: 0, Sum: 0, Workers: 4
[297.932s][debug][gc,phases      ] GC(101)   StringDedup Table Weak         Min:  0.0, Avg:  0.0, Max:  0.0, Diff:  0.0, Sum:  0.0, Workers: 4
[297.932s][debug][gc,phases      ] GC(101)     Dead                           Min: 0, Avg:  0.0, Max: 0, Diff: 0, Sum: 0, Workers: 4
[297.932s][debug][gc,phases      ] GC(101)     Total                          Min: 0, Avg:  0.0, Max: 0, Diff: 0, Sum: 0, Workers: 4
[297.932s][debug][gc,phases      ] GC(101)   StringDedup Requests0 Weak     Min:  0.0, Avg:  0.0, Max:  0.0, Diff:  0.0, Sum:  0.0, Workers: 4
[297.932s][debug][gc,phases      ] GC(101)     Dead                           Min: 0, Avg:  0.0, Max: 0, Diff: 0, Sum: 0, Workers: 4
[297.932s][debug][gc,phases      ] GC(101)     Total                          Min: 0, Avg:  0.0, Max: 0, Diff: 0, Sum: 0, Workers: 4
[297.932s][debug][gc,phases      ] GC(101)   StringDedup Requests1 Weak     Min:  0.0, Avg:  0.0, Max:  0.0, Diff:  0.0, Sum:  0.0, Workers: 4
[297.932s][debug][gc,phases      ] GC(101)     Dead                           Min: 0, Avg:  0.0, Max: 0, Diff: 0, Sum: 0, Workers: 4
[297.932s][debug][gc,phases      ] GC(101)     Total                          Min: 0, Avg:  0.0, Max: 0, Diff: 0, Sum: 0, Workers: 4
[297.932s][debug][gc,phases      ] GC(101)   Weak JFR Old Object Samples    Min:  0.0, Avg:  0.0, Max:  0.0, Diff:  0.0, Sum:  0.0, Workers: 4
[297.932s][debug][gc,phases      ] GC(101)     Dead                           Min: 0, Avg:  0.0, Max: 0, Diff: 0, Sum: 0, Workers: 4
[297.932s][debug][gc,phases      ] GC(101)     Total                          Min: 0, Avg:  0.0, Max: 0, Diff: 0, Sum: 0, Workers: 4
[297.932s][debug][gc,phases      ] GC(101) Weak Processing 0.382ms
[297.932s][debug][gc,age         ] GC(101) Desired survivor size 178257920 bytes, new threshold 15 (max threshold 15)
[297.932s][info ][gc,heap        ] GC(101) PSYoungGen: 1775634K(1930752K)->21259K(1788928K) Eden: 1767424K(1767424K)->0K(1767424K) From: 8210K(163328K)->21259K(21504K)
[297.932s][info ][gc,heap        ] GC(101) ParOldGen: 504151K(606208K)->504199K(606208K)
[297.932s][info ][gc,metaspace   ] GC(101) Metaspace: 87297K(88128K)->87297K(88128K) NonClass: 74939K(75392K)->74939K(75392K) Class: 12357K(12736K)->12357K(12736K)
[297.932s][info ][gc             ] GC(101) Pause Young (Allocation Failure) 2226M->513M(2339M) 57.520ms
[297.932s][info ][gc,cpu         ] GC(101) User=0.22s Sys=0.01s Real=0.06s
[297.932s][info ][safepoint      ] Safepoint "ParallelGCFailedAllocation", Time since last: 664868921 ns, Reaching safepoint: 69802 ns, At safepoint: 57627030 ns, Total: 57696832 ns
[298.933s][info ][safepoint      ] Safepoint "Cleanup", Time since last: 1000091725 ns, Reaching safepoint: 119205 ns, At safepoint: 9700 ns, Total: 128905 ns
[299.933s][info ][safepoint      ] Safepoint "Cleanup", Time since last: 1000109521 ns, Reaching safepoint: 82403 ns, At safepoint: 9100 ns, Total: 91503 ns
[301.933s][info ][safepoint      ] Safepoint "Cleanup", Time since last: 2000149726 ns, Reaching safepoint: 51202 ns, At safepoint: 8200 ns, Total: 59402 ns
[303.933s][info ][safepoint      ] Safepoint "Cleanup", Time since last: 2000170108 ns, Reaching safepoint: 48402 ns, At safepoint: 3000 ns, Total: 51402 ns
[304.933s][info ][safepoint      ] Safepoint "Cleanup", Time since last: 1000117798 ns, Reaching safepoint: 76903 ns, At safepoint: 7000 ns, Total: 83903 ns
[305.934s][info ][safepoint      ] Safepoint "Cleanup", Time since last: 1000104193 ns, Reaching safepoint: 46001 ns, At safepoint: 3801 ns, Total: 49802 ns
[307.506s][info ][gc,start       ] GC(102) Pause Young (Allocation Failure)
[307.520s][debug][gc,phases      ] GC(102) Scavenge 13.722ms
[307.520s][debug][gc,ref         ] GC(102) Skipped phase 1 of Reference Processing: no references
[307.520s][debug][gc,ref         ] GC(102) ReferenceProcessor::execute queues: 1, RefProcThreadModel::Single, marks_oops_alive: false
[307.520s][debug][gc,ref         ] GC(102) Skipped phase 3 of Reference Processing: no references
[307.520s][debug][gc,ref         ] GC(102) ReferenceProcessor::execute queues: 1, RefProcThreadModel::Single, marks_oops_alive: false
[307.520s][debug][gc,phases      ] GC(102) Reference Processing 0.132ms
[307.520s][debug][gc,phases      ] GC(102)   VM Weak                        Min:  0.0, Avg:  0.0, Max:  0.0, Diff:  0.0, Sum:  0.0, Workers: 4
[307.520s][debug][gc,phases      ] GC(102)     Dead                           Min: 0, Avg:  0.0, Max: 0, Diff: 0, Sum: 0, Workers: 4
[307.520s][debug][gc,phases      ] GC(102)     Total                          Min: 0, Avg: 194.5, Max: 458, Diff: 458, Sum: 778, Workers: 4
[307.520s][debug][gc,phases      ] GC(102)   ObjectSynchronizer Weak        Min:  0.0, Avg:  0.0, Max:  0.0, Diff:  0.0, Sum:  0.0, Workers: 4
[307.520s][debug][gc,phases      ] GC(102)     Dead                           Min: 0, Avg:  0.0, Max: 0, Diff: 0, Sum: 0, Workers: 4
[307.520s][debug][gc,phases      ] GC(102)     Total                          Min: 0, Avg: 317.5, Max: 576, Diff: 576, Sum: 1270, Workers: 4
[307.520s][debug][gc,phases      ] GC(102)   JVMTI Tag Weak OopStorage      Min:  0.0, Avg:  0.0, Max:  0.0, Diff:  0.0, Sum:  0.0, Workers: 4
[307.520s][debug][gc,phases      ] GC(102)     Dead                           Min: 0, Avg:  0.0, Max: 0, Diff: 0, Sum: 0, Workers: 4
[307.520s][debug][gc,phases      ] GC(102)     Total                          Min: 0, Avg:  0.0, Max: 0, Diff: 0, Sum: 0, Workers: 4
[307.520s][debug][gc,phases      ] GC(102)   StringTable Weak               Min:  0.1, Avg:  0.1, Max:  0.1, Diff:  0.0, Sum:  0.4, Workers: 4
[307.520s][debug][gc,phases      ] GC(102)     Dead                           Min: 0, Avg:  0.0, Max: 0, Diff: 0, Sum: 0, Workers: 4
[307.520s][debug][gc,phases      ] GC(102)     Total                          Min: 11328, Avg: 12471.2, Max: 14045, Diff: 2717, Sum: 49885, Workers: 4
[307.520s][debug][gc,phases      ] GC(102)   ResolvedMethodTable Weak       Min:  0.0, Avg:  0.0, Max:  0.0, Diff:  0.0, Sum:  0.1, Workers: 4
[307.520s][debug][gc,phases      ] GC(102)     Dead                           Min: 0, Avg:  0.5, Max: 2, Diff: 2, Sum: 2, Workers: 4
[307.520s][debug][gc,phases      ] GC(102)     Total                          Min: 2176, Avg: 2284.2, Max: 2368, Diff: 192, Sum: 9137, Workers: 4
[307.520s][debug][gc,phases      ] GC(102)   JNI Weak                       Min:  0.0, Avg:  0.0, Max:  0.0, Diff:  0.0, Sum:  0.0, Workers: 4
[307.520s][debug][gc,phases      ] GC(102)     Dead                           Min: 0, Avg:  0.0, Max: 0, Diff: 0, Sum: 0, Workers: 4
[307.520s][debug][gc,phases      ] GC(102)     Total                          Min: 0, Avg:  0.0, Max: 0, Diff: 0, Sum: 0, Workers: 4
[307.520s][debug][gc,phases      ] GC(102)   StringDedup Table Weak         Min:  0.0, Avg:  0.0, Max:  0.0, Diff:  0.0, Sum:  0.0, Workers: 4
[307.520s][debug][gc,phases      ] GC(102)     Dead                           Min: 0, Avg:  0.0, Max: 0, Diff: 0, Sum: 0, Workers: 4
[307.520s][debug][gc,phases      ] GC(102)     Total                          Min: 0, Avg:  0.0, Max: 0, Diff: 0, Sum: 0, Workers: 4
[307.520s][debug][gc,phases      ] GC(102)   StringDedup Requests0 Weak     Min:  0.0, Avg:  0.0, Max:  0.0, Diff:  0.0, Sum:  0.0, Workers: 4
[307.520s][debug][gc,phases      ] GC(102)     Dead                           Min: 0, Avg:  0.0, Max: 0, Diff: 0, Sum: 0, Workers: 4
[307.520s][debug][gc,phases      ] GC(102)     Total                          Min: 0, Avg:  0.0, Max: 0, Diff: 0, Sum: 0, Workers: 4
[307.520s][debug][gc,phases      ] GC(102)   StringDedup Requests1 Weak     Min:  0.0, Avg:  0.0, Max:  0.0, Diff:  0.0, Sum:  0.0, Workers: 4
[307.520s][debug][gc,phases      ] GC(102)     Dead                           Min: 0, Avg:  0.0, Max: 0, Diff: 0, Sum: 0, Workers: 4
[307.520s][debug][gc,phases      ] GC(102)     Total                          Min: 0, Avg:  0.0, Max: 0, Diff: 0, Sum: 0, Workers: 4
[307.520s][debug][gc,phases      ] GC(102)   Weak JFR Old Object Samples    Min:  0.0, Avg:  0.0, Max:  0.0, Diff:  0.0, Sum:  0.0, Workers: 4
[307.520s][debug][gc,phases      ] GC(102)     Dead                           Min: 0, Avg:  0.0, Max: 0, Diff: 0, Sum: 0, Workers: 4
[307.520s][debug][gc,phases      ] GC(102)     Total                          Min: 0, Avg:  0.0, Max: 0, Diff: 0, Sum: 0, Workers: 4
[307.520s][debug][gc,phases      ] GC(102) Weak Processing 0.367ms
[307.520s][debug][gc,age         ] GC(102) Desired survivor size 182452224 bytes, new threshold 15 (max threshold 15)
[307.520s][info ][gc,heap        ] GC(102) PSYoungGen: 1788683K(1788928K)->32011K(1914880K) Eden: 1767424K(1767424K)->0K(1740800K) From: 21259K(21504K)->32011K(174080K)
[307.520s][info ][gc,heap        ] GC(102) ParOldGen: 504199K(606208K)->504271K(606208K)
[307.520s][info ][gc,metaspace   ] GC(102) Metaspace: 87311K(88128K)->87311K(88128K) NonClass: 74951K(75392K)->74951K(75392K) Class: 12359K(12736K)->12359K(12736K)
[307.520s][info ][gc             ] GC(102) Pause Young (Allocation Failure) 2239M->523M(2462M) 14.386ms
[307.520s][info ][gc,cpu         ] GC(102) User=0.05s Sys=0.00s Real=0.02s
[307.520s][info ][safepoint      ] Safepoint "ParallelGCFailedAllocation", Time since last: 1572101611 ns, Reaching safepoint: 165506 ns, At safepoint: 14491710 ns, Total: 14657216 ns
[308.520s][info ][safepoint      ] Safepoint "Cleanup", Time since last: 1000092580 ns, Reaching safepoint: 53302 ns, At safepoint: 8800 ns, Total: 62102 ns
[309.521s][info ][safepoint      ] Safepoint "Cleanup", Time since last: 1000116077 ns, Reaching safepoint: 49502 ns, At safepoint: 3500 ns, Total: 53002 ns
[310.521s][info ][safepoint      ] Safepoint "Cleanup", Time since last: 1000109972 ns, Reaching safepoint: 143405 ns, At safepoint: 21801 ns, Total: 165206 ns
[311.251s][info ][gc,start       ] GC(103) Pause Young (Allocation Failure)
[311.266s][debug][gc,phases      ] GC(103) Scavenge 14.251ms
[311.266s][debug][gc,ref         ] GC(103) Skipped phase 1 of Reference Processing: no references
[311.266s][debug][gc,ref         ] GC(103) ReferenceProcessor::execute queues: 1, RefProcThreadModel::Single, marks_oops_alive: false
[311.266s][debug][gc,ref         ] GC(103) Skipped phase 3 of Reference Processing: no references
[311.266s][debug][gc,ref         ] GC(103) ReferenceProcessor::execute queues: 1, RefProcThreadModel::Single, marks_oops_alive: false
[311.266s][debug][gc,phases      ] GC(103) Reference Processing 0.142ms
[311.266s][debug][gc,phases      ] GC(103)   VM Weak                        Min:  0.0, Avg:  0.0, Max:  0.0, Diff:  0.0, Sum:  0.0, Workers: 4
[311.266s][debug][gc,phases      ] GC(103)     Dead                           Min: 0, Avg:  0.0, Max: 0, Diff: 0, Sum: 0, Workers: 4
[311.266s][debug][gc,phases      ] GC(103)     Total                          Min: 0, Avg: 194.5, Max: 458, Diff: 458, Sum: 778, Workers: 4
[311.266s][debug][gc,phases      ] GC(103)   ObjectSynchronizer Weak        Min:  0.0, Avg:  0.0, Max:  0.0, Diff:  0.0, Sum:  0.0, Workers: 4
[311.266s][debug][gc,phases      ] GC(103)     Dead                           Min: 0, Avg:  0.0, Max: 0, Diff: 0, Sum: 0, Workers: 4
[311.266s][debug][gc,phases      ] GC(103)     Total                          Min: 192, Avg: 317.5, Max: 384, Diff: 192, Sum: 1270, Workers: 4
[311.266s][debug][gc,phases      ] GC(103)   JVMTI Tag Weak OopStorage      Min:  0.0, Avg:  0.0, Max:  0.0, Diff:  0.0, Sum:  0.0, Workers: 4
[311.266s][debug][gc,phases      ] GC(103)     Dead                           Min: 0, Avg:  0.0, Max: 0, Diff: 0, Sum: 0, Workers: 4
[311.266s][debug][gc,phases      ] GC(103)     Total                          Min: 0, Avg:  0.0, Max: 0, Diff: 0, Sum: 0, Workers: 4
[311.266s][debug][gc,phases      ] GC(103)   StringTable Weak               Min:  0.1, Avg:  0.1, Max:  0.1, Diff:  0.0, Sum:  0.5, Workers: 4
[311.266s][debug][gc,phases      ] GC(103)     Dead                           Min: 0, Avg:  0.0, Max: 0, Diff: 0, Sum: 0, Workers: 4
[311.266s][debug][gc,phases      ] GC(103)     Total                          Min: 11840, Avg: 12471.5, Max: 13534, Diff: 1694, Sum: 49886, Workers: 4
[311.266s][debug][gc,phases      ] GC(103)   ResolvedMethodTable Weak       Min:  0.0, Avg:  0.0, Max:  0.0, Diff:  0.0, Sum:  0.1, Workers: 4
[311.266s][debug][gc,phases      ] GC(103)     Dead                           Min: 0, Avg:  0.0, Max: 0, Diff: 0, Sum: 0, Workers: 4
[311.266s][debug][gc,phases      ] GC(103)     Total                          Min: 2048, Avg: 2284.2, Max: 2417, Diff: 369, Sum: 9137, Workers: 4
[311.266s][debug][gc,phases      ] GC(103)   JNI Weak                       Min:  0.0, Avg:  0.0, Max:  0.0, Diff:  0.0, Sum:  0.0, Workers: 4
[311.266s][debug][gc,phases      ] GC(103)     Dead                           Min: 0, Avg:  0.0, Max: 0, Diff: 0, Sum: 0, Workers: 4
[311.266s][debug][gc,phases      ] GC(103)     Total                          Min: 0, Avg:  0.0, Max: 0, Diff: 0, Sum: 0, Workers: 4
[311.266s][debug][gc,phases      ] GC(103)   StringDedup Table Weak         Min:  0.0, Avg:  0.0, Max:  0.0, Diff:  0.0, Sum:  0.0, Workers: 4
[311.266s][debug][gc,phases      ] GC(103)     Dead                           Min: 0, Avg:  0.0, Max: 0, Diff: 0, Sum: 0, Workers: 4
[311.266s][debug][gc,phases      ] GC(103)     Total                          Min: 0, Avg:  0.0, Max: 0, Diff: 0, Sum: 0, Workers: 4
[311.266s][debug][gc,phases      ] GC(103)   StringDedup Requests0 Weak     Min:  0.0, Avg:  0.0, Max:  0.0, Diff:  0.0, Sum:  0.0, Workers: 4
[311.266s][debug][gc,phases      ] GC(103)     Dead                           Min: 0, Avg:  0.0, Max: 0, Diff: 0, Sum: 0, Workers: 4
[311.266s][debug][gc,phases      ] GC(103)     Total                          Min: 0, Avg:  0.0, Max: 0, Diff: 0, Sum: 0, Workers: 4
[311.266s][debug][gc,phases      ] GC(103)   StringDedup Requests1 Weak     Min:  0.0, Avg:  0.0, Max:  0.0, Diff:  0.0, Sum:  0.0, Workers: 4
[311.266s][debug][gc,phases      ] GC(103)     Dead                           Min: 0, Avg:  0.0, Max: 0, Diff: 0, Sum: 0, Workers: 4
[311.266s][debug][gc,phases      ] GC(103)     Total                          Min: 0, Avg:  0.0, Max: 0, Diff: 0, Sum: 0, Workers: 4
[311.266s][debug][gc,phases      ] GC(103)   Weak JFR Old Object Samples    Min:  0.0, Avg:  0.0, Max:  0.0, Diff:  0.0, Sum:  0.0, Workers: 4
[311.266s][debug][gc,phases      ] GC(103)     Dead                           Min: 0, Avg:  0.0, Max: 0, Diff: 0, Sum: 0, Workers: 4
[311.266s][debug][gc,phases      ] GC(103)     Total                          Min: 0, Avg:  0.0, Max: 0, Diff: 0, Sum: 0, Workers: 4
[311.266s][debug][gc,phases      ] GC(103) Weak Processing 0.345ms
[311.266s][debug][gc,age         ] GC(103) Desired survivor size 182976512 bytes, new threshold 15 (max threshold 15)
[311.266s][info ][gc,heap        ] GC(103) PSYoungGen: 1772811K(1914880K)->37955K(1779200K) Eden: 1740800K(1740800K)->0K(1740800K) From: 32011K(174080K)->37955K(38400K)
[311.266s][info ][gc,heap        ] GC(103) ParOldGen: 504271K(606208K)->504543K(606208K)
[311.266s][info ][gc,metaspace   ] GC(103) Metaspace: 87315K(88128K)->87315K(88128K) NonClass: 74955K(75392K)->74955K(75392K) Class: 12359K(12736K)->12359K(12736K)
[311.266s][info ][gc             ] GC(103) Pause Young (Allocation Failure) 2223M->529M(2329M) 14.894ms
[311.266s][info ][gc,cpu         ] GC(103) User=0.06s Sys=0.00s Real=0.02s
[311.266s][info ][safepoint      ] Safepoint "ParallelGCFailedAllocation", Time since last: 730231578 ns, Reaching safepoint: 42701 ns, At safepoint: 14979927 ns, Total: 15022628 ns
[314.266s][info ][safepoint      ] Safepoint "Cleanup", Time since last: 3000223273 ns, Reaching safepoint: 51302 ns, At safepoint: 9201 ns, Total: 60503 ns
[315.267s][info ][safepoint      ] Safepoint "Cleanup", Time since last: 1000109950 ns, Reaching safepoint: 54201 ns, At safepoint: 6401 ns, Total: 60602 ns
[316.267s][info ][safepoint      ] Safepoint "Cleanup", Time since last: 1000103145 ns, Reaching safepoint: 54402 ns, At safepoint: 8200 ns, Total: 62602 ns
[318.267s][info ][safepoint      ] Safepoint "Cleanup", Time since last: 2000177175 ns, Reaching safepoint: 61803 ns, At safepoint: 11400 ns, Total: 73203 ns
[320.267s][info ][safepoint      ] Safepoint "Cleanup", Time since last: 2000189458 ns, Reaching safepoint: 52202 ns, At safepoint: 3400 ns, Total: 55602 ns
[322.268s][info ][safepoint      ] Safepoint "Cleanup", Time since last: 2000186039 ns, Reaching safepoint: 131305 ns, At safepoint: 12600 ns, Total: 143905 ns
[324.268s][info ][safepoint      ] Safepoint "Cleanup", Time since last: 2000164521 ns, Reaching safepoint: 41201 ns, At safepoint: 4000 ns, Total: 45201 ns
[325.268s][info ][safepoint      ] Safepoint "Cleanup", Time since last: 1000080604 ns, Reaching safepoint: 86903 ns, At safepoint: 18101 ns, Total: 105004 ns
[326.546s][info ][safepoint      ] Safepoint "Cleanup", Time since last: 1278163657 ns, Reaching safepoint: 100404 ns, At safepoint: 6100 ns, Total: 106504 ns
[327.547s][info ][safepoint      ] Safepoint "Cleanup", Time since last: 1000129195 ns, Reaching safepoint: 68102 ns, At safepoint: 9201 ns, Total: 77303 ns
[329.547s][info ][safepoint      ] Safepoint "Cleanup", Time since last: 2000156973 ns, Reaching safepoint: 38501 ns, At safepoint: 3500 ns, Total: 42001 ns
[332.547s][info ][safepoint      ] Safepoint "Cleanup", Time since last: 3000236026 ns, Reaching safepoint: 40202 ns, At safepoint: 3600 ns, Total: 43802 ns
[333.042s][info ][gc,start       ] GC(104) Pause Young (Allocation Failure)
[333.054s][debug][gc,phases      ] GC(104) Scavenge 11.546ms
[333.054s][debug][gc,ref         ] GC(104) Skipped phase 1 of Reference Processing: no references
[333.054s][debug][gc,ref         ] GC(104) ReferenceProcessor::execute queues: 1, RefProcThreadModel::Single, marks_oops_alive: false
[333.054s][debug][gc,ref         ] GC(104) Skipped phase 3 of Reference Processing: no references
[333.054s][debug][gc,ref         ] GC(104) ReferenceProcessor::execute queues: 1, RefProcThreadModel::Single, marks_oops_alive: false
[333.054s][debug][gc,phases      ] GC(104) Reference Processing 0.123ms
[333.054s][debug][gc,phases      ] GC(104)   VM Weak                        Min:  0.0, Avg:  0.0, Max:  0.0, Diff:  0.0, Sum:  0.0, Workers: 4
[333.054s][debug][gc,phases      ] GC(104)     Dead                           Min: 0, Avg:  0.0, Max: 0, Diff: 0, Sum: 0, Workers: 4
[333.054s][debug][gc,phases      ] GC(104)     Total                          Min: 0, Avg: 194.5, Max: 522, Diff: 522, Sum: 778, Workers: 4
[333.054s][debug][gc,phases      ] GC(104)   ObjectSynchronizer Weak        Min:  0.0, Avg:  0.0, Max:  0.0, Diff:  0.0, Sum:  0.0, Workers: 4
[333.054s][debug][gc,phases      ] GC(104)     Dead                           Min: 0, Avg:  0.0, Max: 0, Diff: 0, Sum: 0, Workers: 4
[333.054s][debug][gc,phases      ] GC(104)     Total                          Min: 55, Avg: 317.8, Max: 448, Diff: 393, Sum: 1271, Workers: 4
[333.054s][debug][gc,phases      ] GC(104)   JVMTI Tag Weak OopStorage      Min:  0.0, Avg:  0.0, Max:  0.0, Diff:  0.0, Sum:  0.0, Workers: 4
[333.054s][debug][gc,phases      ] GC(104)     Dead                           Min: 0, Avg:  0.0, Max: 0, Diff: 0, Sum: 0, Workers: 4
[333.054s][debug][gc,phases      ] GC(104)     Total                          Min: 0, Avg:  0.0, Max: 0, Diff: 0, Sum: 0, Workers: 4
[333.054s][debug][gc,phases      ] GC(104)   StringTable Weak               Min:  0.1, Avg:  0.1, Max:  0.1, Diff:  0.0, Sum:  0.5, Workers: 4
[333.054s][debug][gc,phases      ] GC(104)     Dead                           Min: 0, Avg:  0.0, Max: 0, Diff: 0, Sum: 0, Workers: 4
[333.054s][debug][gc,phases      ] GC(104)     Total                          Min: 11631, Avg: 12475.8, Max: 13248, Diff: 1617, Sum: 49903, Workers: 4
[333.054s][debug][gc,phases      ] GC(104)   ResolvedMethodTable Weak       Min:  0.0, Avg:  0.0, Max:  0.0, Diff:  0.0, Sum:  0.1, Workers: 4
[333.054s][debug][gc,phases      ] GC(104)     Dead                           Min: 0, Avg:  0.0, Max: 0, Diff: 0, Sum: 0, Workers: 4
[333.054s][debug][gc,phases      ] GC(104)     Total                          Min: 2112, Avg: 2284.2, Max: 2496, Diff: 384, Sum: 9137, Workers: 4
[333.054s][debug][gc,phases      ] GC(104)   JNI Weak                       Min:  0.0, Avg:  0.0, Max:  0.0, Diff:  0.0, Sum:  0.0, Workers: 4
[333.054s][debug][gc,phases      ] GC(104)     Dead                           Min: 0, Avg:  0.0, Max: 0, Diff: 0, Sum: 0, Workers: 4
[333.054s][debug][gc,phases      ] GC(104)     Total                          Min: 0, Avg:  0.0, Max: 0, Diff: 0, Sum: 0, Workers: 4
[333.054s][debug][gc,phases      ] GC(104)   StringDedup Table Weak         Min:  0.0, Avg:  0.0, Max:  0.0, Diff:  0.0, Sum:  0.0, Workers: 4
[333.054s][debug][gc,phases      ] GC(104)     Dead                           Min: 0, Avg:  0.0, Max: 0, Diff: 0, Sum: 0, Workers: 4
[333.054s][debug][gc,phases      ] GC(104)     Total                          Min: 0, Avg:  0.0, Max: 0, Diff: 0, Sum: 0, Workers: 4
[333.054s][debug][gc,phases      ] GC(104)   StringDedup Requests0 Weak     Min:  0.0, Avg:  0.0, Max:  0.0, Diff:  0.0, Sum:  0.0, Workers: 4
[333.054s][debug][gc,phases      ] GC(104)     Dead                           Min: 0, Avg:  0.0, Max: 0, Diff: 0, Sum: 0, Workers: 4
[333.054s][debug][gc,phases      ] GC(104)     Total                          Min: 0, Avg:  0.0, Max: 0, Diff: 0, Sum: 0, Workers: 4
[333.054s][debug][gc,phases      ] GC(104)   StringDedup Requests1 Weak     Min:  0.0, Avg:  0.0, Max:  0.0, Diff:  0.0, Sum:  0.0, Workers: 4
[333.054s][debug][gc,phases      ] GC(104)     Dead                           Min: 0, Avg:  0.0, Max: 0, Diff: 0, Sum: 0, Workers: 4
[333.054s][debug][gc,phases      ] GC(104)     Total                          Min: 0, Avg:  0.0, Max: 0, Diff: 0, Sum: 0, Workers: 4
[333.054s][debug][gc,phases      ] GC(104)   Weak JFR Old Object Samples    Min:  0.0, Avg:  0.0, Max:  0.0, Diff:  0.0, Sum:  0.0, Workers: 4
[333.054s][debug][gc,phases      ] GC(104)     Dead                           Min: 0, Avg:  0.0, Max: 0, Diff: 0, Sum: 0, Workers: 4
[333.054s][debug][gc,phases      ] GC(104)     Total                          Min: 0, Avg:  0.0, Max: 0, Diff: 0, Sum: 0, Workers: 4
[333.054s][debug][gc,phases      ] GC(104) Weak Processing 0.361ms
[333.054s][debug][gc,age         ] GC(104) Desired survivor size 182976512 bytes, new threshold 15 (max threshold 15)
[333.054s][info ][gc,heap        ] GC(104) PSYoungGen: 1778755K(1779200K)->33811K(1918464K) Eden: 1740800K(1740800K)->0K(1739776K) From: 37955K(38400K)->33811K(178688K)
[333.054s][info ][gc,heap        ] GC(104) ParOldGen: 504543K(606208K)->504831K(606208K)
[333.054s][info ][gc,metaspace   ] GC(104) Metaspace: 87390K(88256K)->87390K(88256K) NonClass: 75027K(75520K)->75027K(75520K) Class: 12363K(12736K)->12363K(12736K)
[333.054s][info ][gc             ] GC(104) Pause Young (Allocation Failure) 2229M->526M(2465M) 12.170ms
[333.054s][info ][gc,cpu         ] GC(104) User=0.05s Sys=0.00s Real=0.01s
[333.054s][info ][safepoint      ] Safepoint "ParallelGCFailedAllocation", Time since last: 494899054 ns, Reaching safepoint: 36001 ns, At safepoint: 12257430 ns, Total: 12293431 ns
[343.055s][info ][safepoint      ] Safepoint "Cleanup", Time since last: 10000765245 ns, Reaching safepoint: 53201 ns, At safepoint: 3501 ns, Total: 56702 ns
[375.057s][info ][safepoint      ] Safepoint "Cleanup", Time since last: 32002210443 ns, Reaching safepoint: 66402 ns, At safepoint: 8901 ns, Total: 75303 ns
[376.057s][info ][safepoint      ] Safepoint "Cleanup", Time since last: 1000121587 ns, Reaching safepoint: 66503 ns, At safepoint: 8000 ns, Total: 74503 ns
[386.058s][info ][safepoint      ] Safepoint "Cleanup", Time since last: 10000735138 ns, Reaching safepoint: 60403 ns, At safepoint: 4900 ns, Total: 65303 ns
[387.058s][info ][safepoint      ] Safepoint "Cleanup", Time since last: 1000122743 ns, Reaching safepoint: 45202 ns, At safepoint: 3500 ns, Total: 48702 ns
[402.060s][info ][safepoint      ] Safepoint "Cleanup", Time since last: 15001114355 ns, Reaching safepoint: 69302 ns, At safepoint: 9500 ns, Total: 78802 ns
[407.060s][info ][safepoint      ] Safepoint "Cleanup", Time since last: 5000413559 ns, Reaching safepoint: 62102 ns, At safepoint: 12300 ns, Total: 74402 ns
[466.064s][info ][safepoint      ] Safepoint "Cleanup", Time since last: 59004015727 ns, Reaching safepoint: 58702 ns, At safepoint: 4000 ns, Total: 62702 ns
[479.890s][info ][gc,start       ] GC(105) Pause Young (Allocation Failure)
[479.909s][debug][gc,phases      ] GC(105) Scavenge 18.934ms
[479.909s][debug][gc,ref         ] GC(105) Skipped phase 1 of Reference Processing: no references
[479.909s][debug][gc,ref         ] GC(105) ReferenceProcessor::execute queues: 1, RefProcThreadModel::Single, marks_oops_alive: false
[479.909s][debug][gc,ref         ] GC(105) ReferenceProcessor::execute queues: 4, RefProcThreadModel::Multi, marks_oops_alive: true
[479.912s][debug][gc,ref         ] GC(105) ReferenceProcessor::execute queues: 1, RefProcThreadModel::Single, marks_oops_alive: false
[479.912s][debug][gc,phases      ] GC(105) Reference Processing 3.218ms
[479.913s][debug][gc,phases      ] GC(105)   VM Weak                        Min:  0.0, Avg:  0.0, Max:  0.0, Diff:  0.0, Sum:  0.0, Workers: 4
[479.913s][debug][gc,phases      ] GC(105)     Dead                           Min: 0, Avg:  0.0, Max: 0, Diff: 0, Sum: 0, Workers: 4
[479.913s][debug][gc,phases      ] GC(105)     Total                          Min: 0, Avg: 194.5, Max: 448, Diff: 448, Sum: 778, Workers: 4
[479.913s][debug][gc,phases      ] GC(105)   ObjectSynchronizer Weak        Min:  0.0, Avg:  0.0, Max:  0.0, Diff:  0.0, Sum:  0.0, Workers: 4
[479.913s][debug][gc,phases      ] GC(105)     Dead                           Min: 0, Avg:  0.0, Max: 0, Diff: 0, Sum: 0, Workers: 4
[479.913s][debug][gc,phases      ] GC(105)     Total                          Min: 0, Avg: 317.8, Max: 695, Diff: 695, Sum: 1271, Workers: 4
[479.913s][debug][gc,phases      ] GC(105)   JVMTI Tag Weak OopStorage      Min:  0.0, Avg:  0.0, Max:  0.0, Diff:  0.0, Sum:  0.0, Workers: 4
[479.913s][debug][gc,phases      ] GC(105)     Dead                           Min: 0, Avg:  0.0, Max: 0, Diff: 0, Sum: 0, Workers: 4
[479.913s][debug][gc,phases      ] GC(105)     Total                          Min: 0, Avg:  0.0, Max: 0, Diff: 0, Sum: 0, Workers: 4
[479.913s][debug][gc,phases      ] GC(105)   StringTable Weak               Min:  0.0, Avg:  0.1, Max:  0.2, Diff:  0.2, Sum:  0.5, Workers: 4
[479.913s][debug][gc,phases      ] GC(105)     Dead                           Min: 0, Avg:  0.0, Max: 0, Diff: 0, Sum: 0, Workers: 4
[479.913s][debug][gc,phases      ] GC(105)     Total                          Min: 0, Avg: 12490.5, Max: 25514, Diff: 25514, Sum: 49962, Workers: 4
[479.913s][debug][gc,phases      ] GC(105)   ResolvedMethodTable Weak       Min:  0.0, Avg:  0.0, Max:  0.0, Diff:  0.0, Sum:  0.1, Workers: 4
[479.913s][debug][gc,phases      ] GC(105)     Dead                           Min: 0, Avg:  0.0, Max: 0, Diff: 0, Sum: 0, Workers: 4
[479.913s][debug][gc,phases      ] GC(105)     Total                          Min: 0, Avg: 2285.5, Max: 4662, Diff: 4662, Sum: 9142, Workers: 4
[479.913s][debug][gc,phases      ] GC(105)   JNI Weak                       Min:  0.0, Avg:  0.0, Max:  0.0, Diff:  0.0, Sum:  0.0, Workers: 4
[479.913s][debug][gc,phases      ] GC(105)     Dead                           Min: 0, Avg:  0.0, Max: 0, Diff: 0, Sum: 0, Workers: 4
[479.913s][debug][gc,phases      ] GC(105)     Total                          Min: 0, Avg:  0.0, Max: 0, Diff: 0, Sum: 0, Workers: 4
[479.913s][debug][gc,phases      ] GC(105)   StringDedup Table Weak         Min:  0.0, Avg:  0.0, Max:  0.0, Diff:  0.0, Sum:  0.0, Workers: 4
[479.913s][debug][gc,phases      ] GC(105)     Dead                           Min: 0, Avg:  0.0, Max: 0, Diff: 0, Sum: 0, Workers: 4
[479.913s][debug][gc,phases      ] GC(105)     Total                          Min: 0, Avg:  0.0, Max: 0, Diff: 0, Sum: 0, Workers: 4
[479.913s][debug][gc,phases      ] GC(105)   StringDedup Requests0 Weak     Min:  0.0, Avg:  0.0, Max:  0.0, Diff:  0.0, Sum:  0.0, Workers: 4
[479.913s][debug][gc,phases      ] GC(105)     Dead                           Min: 0, Avg:  0.0, Max: 0, Diff: 0, Sum: 0, Workers: 4
[479.913s][debug][gc,phases      ] GC(105)     Total                          Min: 0, Avg:  0.0, Max: 0, Diff: 0, Sum: 0, Workers: 4
[479.913s][debug][gc,phases      ] GC(105)   StringDedup Requests1 Weak     Min:  0.0, Avg:  0.0, Max:  0.0, Diff:  0.0, Sum:  0.0, Workers: 4
[479.913s][debug][gc,phases      ] GC(105)     Dead                           Min: 0, Avg:  0.0, Max: 0, Diff: 0, Sum: 0, Workers: 4
[479.913s][debug][gc,phases      ] GC(105)     Total                          Min: 0, Avg:  0.0, Max: 0, Diff: 0, Sum: 0, Workers: 4
[479.913s][debug][gc,phases      ] GC(105)   Weak JFR Old Object Samples    Min:  0.0, Avg:  0.0, Max:  0.0, Diff:  0.0, Sum:  0.0, Workers: 4
[479.913s][debug][gc,phases      ] GC(105)     Dead                           Min: 0, Avg:  0.0, Max: 0, Diff: 0, Sum: 0, Workers: 4
[479.913s][debug][gc,phases      ] GC(105)     Total                          Min: 0, Avg:  0.0, Max: 0, Diff: 0, Sum: 0, Workers: 4
[479.913s][debug][gc,phases      ] GC(105) Weak Processing 0.531ms
[479.913s][debug][gc,age         ] GC(105) Desired survivor size 181403648 bytes, new threshold 15 (max threshold 15)
[479.913s][info ][gc,heap        ] GC(105) PSYoungGen: 1773587K(1918464K)->33843K(1918464K) Eden: 1739776K(1739776K)->0K(1739776K) From: 33811K(178688K)->33843K(178688K)
[479.913s][info ][gc,heap        ] GC(105) ParOldGen: 504831K(606208K)->504879K(606208K)
[479.913s][info ][gc,metaspace   ] GC(105) Metaspace: 87401K(88256K)->87401K(88256K) NonClass: 75036K(75520K)->75036K(75520K) Class: 12365K(12736K)->12365K(12736K)
[479.913s][info ][gc             ] GC(105) Pause Young (Allocation Failure) 2225M->526M(2465M) 22.847ms
[479.913s][info ][gc,cpu         ] GC(105) User=0.05s Sys=0.00s Real=0.03s
[479.913s][info ][safepoint      ] Safepoint "ParallelGCFailedAllocation", Time since last: 13825652600 ns, Reaching safepoint: 32101 ns, At safepoint: 22947392 ns, Total: 22979493 ns
[582.920s][info ][safepoint      ] Safepoint "Cleanup", Time since last: 103006733916 ns, Reaching safepoint: 56502 ns, At safepoint: 13600 ns, Total: 70102 ns
[586.920s][info ][safepoint      ] Safepoint "Cleanup", Time since last: 4000313150 ns, Reaching safepoint: 41501 ns, At safepoint: 20301 ns, Total: 61802 ns
[601.921s][info ][safepoint      ] Safepoint "Cleanup", Time since last: 15000971423 ns, Reaching safepoint: 47502 ns, At safepoint: 3500 ns, Total: 51002 ns
[671.926s][info ][safepoint      ] Safepoint "Cleanup", Time since last: 70004501702 ns, Reaching safepoint: 44602 ns, At safepoint: 9500 ns, Total: 54102 ns
[672.059s][info ][gc,start       ] GC(106) Pause Young (Allocation Failure)
[672.070s][debug][gc,phases      ] GC(106) Scavenge 10.972ms
[672.070s][debug][gc,ref         ] GC(106) Skipped phase 1 of Reference Processing: no references
[672.070s][debug][gc,ref         ] GC(106) ReferenceProcessor::execute queues: 1, RefProcThreadModel::Single, marks_oops_alive: false
[672.070s][debug][gc,ref         ] GC(106) Skipped phase 3 of Reference Processing: no references
[672.070s][debug][gc,ref         ] GC(106) ReferenceProcessor::execute queues: 1, RefProcThreadModel::Single, marks_oops_alive: false
[672.070s][debug][gc,phases      ] GC(106) Reference Processing 0.124ms
[672.070s][debug][gc,phases      ] GC(106)   VM Weak                        Min:  0.0, Avg:  0.0, Max:  0.0, Diff:  0.0, Sum:  0.0, Workers: 4
[672.070s][debug][gc,phases      ] GC(106)     Dead                           Min: 0, Avg:  0.0, Max: 0, Diff: 0, Sum: 0, Workers: 4
[672.070s][debug][gc,phases      ] GC(106)     Total                          Min: 0, Avg: 194.5, Max: 778, Diff: 778, Sum: 778, Workers: 4
[672.070s][debug][gc,phases      ] GC(106)   ObjectSynchronizer Weak        Min:  0.0, Avg:  0.0, Max:  0.0, Diff:  0.0, Sum:  0.0, Workers: 4
[672.070s][debug][gc,phases      ] GC(106)     Dead                           Min: 0, Avg:  0.2, Max: 1, Diff: 1, Sum: 1, Workers: 4
[672.070s][debug][gc,phases      ] GC(106)     Total                          Min: 0, Avg: 318.0, Max: 576, Diff: 576, Sum: 1272, Workers: 4
[672.070s][debug][gc,phases      ] GC(106)   JVMTI Tag Weak OopStorage      Min:  0.0, Avg:  0.0, Max:  0.0, Diff:  0.0, Sum:  0.0, Workers: 4
[672.070s][debug][gc,phases      ] GC(106)     Dead                           Min: 0, Avg:  0.0, Max: 0, Diff: 0, Sum: 0, Workers: 4
[672.070s][debug][gc,phases      ] GC(106)     Total                          Min: 0, Avg:  0.0, Max: 0, Diff: 0, Sum: 0, Workers: 4
[672.070s][debug][gc,phases      ] GC(106)   StringTable Weak               Min:  0.1, Avg:  0.1, Max:  0.1, Diff:  0.0, Sum:  0.4, Workers: 4
[672.070s][debug][gc,phases      ] GC(106)     Dead                           Min: 0, Avg:  0.2, Max: 1, Diff: 1, Sum: 1, Workers: 4
[672.070s][debug][gc,phases      ] GC(106)     Total                          Min: 11014, Avg: 12497.5, Max: 13696, Diff: 2682, Sum: 49990, Workers: 4
[672.070s][debug][gc,phases      ] GC(106)   ResolvedMethodTable Weak       Min:  0.0, Avg:  0.0, Max:  0.0, Diff:  0.0, Sum:  0.1, Workers: 4
[672.070s][debug][gc,phases      ] GC(106)     Dead                           Min: 0, Avg:  0.0, Max: 0, Diff: 0, Sum: 0, Workers: 4
[672.071s][debug][gc,phases      ] GC(106)     Total                          Min: 2112, Avg: 2286.0, Max: 2496, Diff: 384, Sum: 9144, Workers: 4
[672.071s][debug][gc,phases      ] GC(106)   JNI Weak                       Min:  0.0, Avg:  0.0, Max:  0.0, Diff:  0.0, Sum:  0.0, Workers: 4
[672.071s][debug][gc,phases      ] GC(106)     Dead                           Min: 0, Avg:  0.0, Max: 0, Diff: 0, Sum: 0, Workers: 4
[672.071s][debug][gc,phases      ] GC(106)     Total                          Min: 0, Avg:  0.5, Max: 2, Diff: 2, Sum: 2, Workers: 4
[672.071s][debug][gc,phases      ] GC(106)   StringDedup Table Weak         Min:  0.0, Avg:  0.0, Max:  0.0, Diff:  0.0, Sum:  0.0, Workers: 4
[672.071s][debug][gc,phases      ] GC(106)     Dead                           Min: 0, Avg:  0.0, Max: 0, Diff: 0, Sum: 0, Workers: 4
[672.071s][debug][gc,phases      ] GC(106)     Total                          Min: 0, Avg:  0.0, Max: 0, Diff: 0, Sum: 0, Workers: 4
[672.071s][debug][gc,phases      ] GC(106)   StringDedup Requests0 Weak     Min:  0.0, Avg:  0.0, Max:  0.0, Diff:  0.0, Sum:  0.0, Workers: 4
[672.071s][debug][gc,phases      ] GC(106)     Dead                           Min: 0, Avg:  0.0, Max: 0, Diff: 0, Sum: 0, Workers: 4
[672.071s][debug][gc,phases      ] GC(106)     Total                          Min: 0, Avg:  0.0, Max: 0, Diff: 0, Sum: 0, Workers: 4
[672.071s][debug][gc,phases      ] GC(106)   StringDedup Requests1 Weak     Min:  0.0, Avg:  0.0, Max:  0.0, Diff:  0.0, Sum:  0.0, Workers: 4
[672.071s][debug][gc,phases      ] GC(106)     Dead                           Min: 0, Avg:  0.0, Max: 0, Diff: 0, Sum: 0, Workers: 4
[672.071s][debug][gc,phases      ] GC(106)     Total                          Min: 0, Avg:  0.0, Max: 0, Diff: 0, Sum: 0, Workers: 4
[672.071s][debug][gc,phases      ] GC(106)   Weak JFR Old Object Samples    Min:  0.0, Avg:  0.0, Max:  0.0, Diff:  0.0, Sum:  0.0, Workers: 4
[672.071s][debug][gc,phases      ] GC(106)     Dead                           Min: 0, Avg:  0.0, Max: 0, Diff: 0, Sum: 0, Workers: 4
[672.071s][debug][gc,phases      ] GC(106)     Total                          Min: 0, Avg:  0.0, Max: 0, Diff: 0, Sum: 0, Workers: 4
[672.071s][debug][gc,phases      ] GC(106) Weak Processing 0.339ms
[672.071s][debug][gc,age         ] GC(106) Desired survivor size 178782208 bytes, new threshold 15 (max threshold 15)
[672.071s][info ][gc,heap        ] GC(106) PSYoungGen: 1773619K(1918464K)->34659K(1922560K) Eden: 1739776K(1739776K)->0K(1745408K) From: 33843K(178688K)->34659K(177152K)
[672.071s][info ][gc,heap        ] GC(106) ParOldGen: 504879K(606208K)->505343K(606208K)
[672.071s][info ][gc,metaspace   ] GC(106) Metaspace: 87419K(88384K)->87419K(88384K) NonClass: 75052K(75584K)->75052K(75584K) Class: 12367K(12800K)->12367K(12800K)
[672.071s][info ][gc             ] GC(106) Pause Young (Allocation Failure) 2225M->527M(2469M) 11.568ms
[672.071s][info ][gc,cpu         ] GC(106) User=0.05s Sys=0.00s Real=0.01s
[672.071s][info ][safepoint      ] Safepoint "ParallelGCFailedAllocation", Time since last: 133278828 ns, Reaching safepoint: 148605 ns, At safepoint: 11675796 ns, Total: 11824401 ns
[673.071s][info ][safepoint      ] Safepoint "Cleanup", Time since last: 1000095571 ns, Reaching safepoint: 118604 ns, At safepoint: 12500 ns, Total: 131104 ns
[673.391s][info ][gc,heap,exit   ] Heap
[673.392s][info ][gc,heap,exit   ]  PSYoungGen      total 1922560K, used 1094343K [0x0000000780000000, 0x0000000800000000, 0x0000000800000000)
[673.392s][info ][gc,heap,exit   ]   eden space 1745408K, 60% used [0x0000000780000000,0x00000007c0ad8fb0,0x00000007ea880000)
[673.392s][info ][gc,heap,exit   ]   from space 177152K, 19% used [0x00000007f5300000,0x00000007f74d8d68,0x0000000800000000)
[673.392s][info ][gc,heap,exit   ]   to   space 174592K, 0% used [0x00000007ea880000,0x00000007ea880000,0x00000007f5300000)
[673.392s][info ][gc,heap,exit   ]  ParOldGen       total 606208K, used 505343K [0x0000000740000000, 0x0000000765000000, 0x0000000780000000)
[673.392s][info ][gc,heap,exit   ]   object space 606208K, 83% used [0x0000000740000000,0x000000075ed7fd58,0x0000000765000000)
[673.392s][info ][gc,heap,exit   ]  Metaspace       used 87451K, committed 88384K, reserved 1130496K
[673.392s][info ][gc,heap,exit   ]   class space    used 12371K, committed 12800K, reserved 1048576K
