[0.003s][info][gc] Using Parallel
[0.004s][info][gc,init] Version: 17.0.1+12-LTS (release)
[0.004s][info][gc,init] CPUs: 8 total, 8 available
[0.004s][info][gc,init] Memory: 32117M
[0.004s][info][gc,init] Large Page Support: Disabled
[0.004s][info][gc,init] NUMA Support: Disabled
[0.004s][info][gc,init] Compressed Oops: Enabled (Zero based)
[0.004s][info][gc,init] Alignments: Space 512K, Generation 512K, Heap 2M
[0.004s][info][gc,init] Heap Min Capacity: 2054M
[0.004s][info][gc,init] Heap Initial Capacity: 2054M
[0.004s][info][gc,init] Heap Max Capacity: 3G
[0.004s][info][gc,init] Pre-touch: Disabled
[0.004s][info][gc,init] Parallel Workers: 4
[0.004s][info][gc,metaspace] CDS archive(s) not mapped
[0.004s][info][gc,metaspace] Compressed class space mapped at: 0x0000000800000000-0x0000000840000000, reserved size: 1073741824
[0.004s][info][gc,metaspace] Narrow klass base: 0x0000000800000000, Narrow klass shift: 0, Narrow klass range: 0x40000000
[0.758s][info][safepoint   ] Safepoint "ICBufferFull", Time since last: 735928286 ns, Reaching safepoint: 186804 ns, At safepoint: 2800 ns, Total: 189604 ns
[1.046s][info][safepoint   ] Safepoint "ICBufferFull", Time since last: 287876906 ns, Reaching safepoint: 135202 ns, At safepoint: 5500 ns, Total: 140702 ns
[1.174s][info][gc,start    ] GC(0) Pause Young (Metadata GC Threshold)
[1.184s][debug][gc,phases   ] GC(0) Scavenge 10.255ms
[1.184s][debug][gc,ref      ] GC(0) Skipped phase 1 of Reference Processing: no references
[1.184s][debug][gc,ref      ] GC(0) ReferenceProcessor::execute queues: 1, RefProcThreadModel::Single, marks_oops_alive: false
[1.184s][debug][gc,ref      ] GC(0) Skipped phase 3 of Reference Processing: no references
[1.184s][debug][gc,ref      ] GC(0) ReferenceProcessor::execute queues: 1, RefProcThreadModel::Single, marks_oops_alive: false
[1.184s][debug][gc,phases   ] GC(0) Reference Processing 0.212ms
[1.185s][debug][gc,phases   ] GC(0)   VM Weak                        Min:  0.0, Avg:  0.0, Max:  0.0, Diff:  0.0, Sum:  0.0, Workers: 4
[1.185s][debug][gc,phases   ] GC(0)     Dead                           Min: 0, Avg:  0.0, Max: 0, Diff: 0, Sum: 0, Workers: 4
[1.185s][debug][gc,phases   ] GC(0)     Total                          Min: 0, Avg: 26.5, Max: 106, Diff: 106, Sum: 106, Workers: 4
[1.185s][debug][gc,phases   ] GC(0)   ObjectSynchronizer Weak        Min:  0.0, Avg:  0.0, Max:  0.0, Diff:  0.0, Sum:  0.0, Workers: 4
[1.185s][debug][gc,phases   ] GC(0)     Dead                           Min: 0, Avg:  0.2, Max: 1, Diff: 1, Sum: 1, Workers: 4
[1.185s][debug][gc,phases   ] GC(0)     Total                          Min: 0, Avg:  1.5, Max: 6, Diff: 6, Sum: 6, Workers: 4
[1.185s][debug][gc,phases   ] GC(0)   JVMTI Tag Weak OopStorage      Min:  0.0, Avg:  0.0, Max:  0.0, Diff:  0.0, Sum:  0.0, Workers: 4
[1.185s][debug][gc,phases   ] GC(0)     Dead                           Min: 0, Avg:  0.0, Max: 0, Diff: 0, Sum: 0, Workers: 4
[1.185s][debug][gc,phases   ] GC(0)     Total                          Min: 0, Avg:  0.0, Max: 0, Diff: 0, Sum: 0, Workers: 4
[1.185s][debug][gc,phases   ] GC(0)   StringTable Weak               Min:  0.1, Avg:  0.1, Max:  0.1, Diff:  0.0, Sum:  0.4, Workers: 4
[1.185s][debug][gc,phases   ] GC(0)     Dead                           Min: 4, Avg:  7.2, Max: 14, Diff: 10, Sum: 29, Workers: 4
[1.185s][debug][gc,phases   ] GC(0)     Total                          Min: 2624, Avg: 2867.5, Max: 3264, Diff: 640, Sum: 11470, Workers: 4
[1.185s][debug][gc,phases   ] GC(0)   ResolvedMethodTable Weak       Min:  0.0, Avg:  0.0, Max:  0.0, Diff:  0.0, Sum:  0.0, Workers: 4
[1.185s][debug][gc,phases   ] GC(0)     Dead                           Min: 2, Avg:  7.8, Max: 19, Diff: 17, Sum: 31, Workers: 4
[1.185s][debug][gc,phases   ] GC(0)     Total                          Min: 128, Avg: 148.5, Max: 192, Diff: 64, Sum: 594, Workers: 4
[1.185s][debug][gc,phases   ] GC(0)   JNI Weak                       Min:  0.0, Avg:  0.0, Max:  0.0, Diff:  0.0, Sum:  0.0, Workers: 4
[1.185s][debug][gc,phases   ] GC(0)     Dead                           Min: 0, Avg:  0.0, Max: 0, Diff: 0, Sum: 0, Workers: 4
[1.185s][debug][gc,phases   ] GC(0)     Total                          Min: 0, Avg:  0.0, Max: 0, Diff: 0, Sum: 0, Workers: 4
[1.185s][debug][gc,phases   ] GC(0)   StringDedup Table Weak         Min:  0.0, Avg:  0.0, Max:  0.0, Diff:  0.0, Sum:  0.0, Workers: 4
[1.185s][debug][gc,phases   ] GC(0)     Dead                           Min: 0, Avg:  0.0, Max: 0, Diff: 0, Sum: 0, Workers: 4
[1.185s][debug][gc,phases   ] GC(0)     Total                          Min: 0, Avg:  0.0, Max: 0, Diff: 0, Sum: 0, Workers: 4
[1.185s][debug][gc,phases   ] GC(0)   StringDedup Requests0 Weak     Min:  0.0, Avg:  0.0, Max:  0.0, Diff:  0.0, Sum:  0.0, Workers: 4
[1.185s][debug][gc,phases   ] GC(0)     Dead                           Min: 0, Avg:  0.0, Max: 0, Diff: 0, Sum: 0, Workers: 4
[1.185s][debug][gc,phases   ] GC(0)     Total                          Min: 0, Avg:  0.0, Max: 0, Diff: 0, Sum: 0, Workers: 4
[1.185s][debug][gc,phases   ] GC(0)   StringDedup Requests1 Weak     Min:  0.0, Avg:  0.0, Max:  0.0, Diff:  0.0, Sum:  0.0, Workers: 4
[1.185s][debug][gc,phases   ] GC(0)     Dead                           Min: 0, Avg:  0.0, Max: 0, Diff: 0, Sum: 0, Workers: 4
[1.185s][debug][gc,phases   ] GC(0)     Total                          Min: 0, Avg:  0.0, Max: 0, Diff: 0, Sum: 0, Workers: 4
[1.185s][debug][gc,phases   ] GC(0)   Weak JFR Old Object Samples    Min:  0.0, Avg:  0.0, Max:  0.0, Diff:  0.0, Sum:  0.0, Workers: 4
[1.185s][debug][gc,phases   ] GC(0)     Dead                           Min: 0, Avg:  0.0, Max: 0, Diff: 0, Sum: 0, Workers: 4
[1.185s][debug][gc,phases   ] GC(0)     Total                          Min: 0, Avg:  0.0, Max: 0, Diff: 0, Sum: 0, Workers: 4
[1.185s][debug][gc,phases   ] GC(0) Weak Processing 0.312ms
[1.185s][debug][gc,age      ] GC(0) Desired survivor size 536870912 bytes, new threshold 7 (max threshold 15)
[1.185s][info ][gc,heap     ] GC(0) PSYoungGen: 272740K(1572864K)->16694K(1572864K) Eden: 272740K(1048576K)->0K(1048576K) From: 0K(524288K)->16694K(524288K)
[1.185s][info ][gc,heap     ] GC(0) ParOldGen: 0K(6144K)->88K(6144K)
[1.185s][info ][gc,metaspace] GC(0) Metaspace: 21346K(21504K)->21346K(21504K) NonClass: 18878K(18944K)->18878K(18944K) Class: 2467K(2560K)->2467K(2560K)
[1.185s][info ][gc          ] GC(0) Pause Young (Metadata GC Threshold) 266M->16M(1542M) 11.252ms
[1.185s][info ][gc,cpu      ] GC(0) User=0.03s Sys=0.01s Real=0.01s
[1.185s][debug][gc,phases   ] GC(1) Pre Compact 0.010ms
[1.185s][info ][gc,start    ] GC(1) Pause Full (Metadata GC Threshold)
[1.185s][info ][gc,phases,start] GC(1) Marking Phase
[1.189s][debug][gc,phases      ] GC(1) Par Mark 4.424ms
[1.189s][debug][gc,ref         ] GC(1) Skipped phase 1 of Reference Processing: no references
[1.189s][debug][gc,ref         ] GC(1) ReferenceProcessor::execute queues: 1, RefProcThreadModel::Single, marks_oops_alive: false
[1.189s][debug][gc,ref         ] GC(1) Skipped phase 3 of Reference Processing: no references
[1.189s][debug][gc,ref         ] GC(1) ReferenceProcessor::execute queues: 1, RefProcThreadModel::Single, marks_oops_alive: false
[1.189s][debug][gc,phases      ] GC(1) Reference Processing 0.059ms
[1.189s][debug][gc,phases      ] GC(1)   VM Weak                        Min:  0.0, Avg:  0.0, Max:  0.0, Diff:  0.0, Sum:  0.0, Workers: 4
[1.189s][debug][gc,phases      ] GC(1)     Dead                           Min: 0, Avg:  0.0, Max: 0, Diff: 0, Sum: 0, Workers: 4
[1.189s][debug][gc,phases      ] GC(1)     Total                          Min: 0, Avg: 26.5, Max: 106, Diff: 106, Sum: 106, Workers: 4
[1.189s][debug][gc,phases      ] GC(1)   ObjectSynchronizer Weak        Min:  0.0, Avg:  0.0, Max:  0.0, Diff:  0.0, Sum:  0.0, Workers: 4
[1.189s][debug][gc,phases      ] GC(1)     Dead                           Min: 0, Avg:  0.0, Max: 0, Diff: 0, Sum: 0, Workers: 4
[1.189s][debug][gc,phases      ] GC(1)     Total                          Min: 0, Avg:  1.5, Max: 6, Diff: 6, Sum: 6, Workers: 4
[1.189s][debug][gc,phases      ] GC(1)   JVMTI Tag Weak OopStorage      Min:  0.0, Avg:  0.0, Max:  0.0, Diff:  0.0, Sum:  0.0, Workers: 4
[1.189s][debug][gc,phases      ] GC(1)     Dead                           Min: 0, Avg:  0.0, Max: 0, Diff: 0, Sum: 0, Workers: 4
[1.189s][debug][gc,phases      ] GC(1)     Total                          Min: 0, Avg:  0.0, Max: 0, Diff: 0, Sum: 0, Workers: 4
[1.189s][debug][gc,phases      ] GC(1)   StringTable Weak               Min:  0.0, Avg:  0.0, Max:  0.0, Diff:  0.0, Sum:  0.1, Workers: 4
[1.190s][debug][gc,phases      ] GC(1)     Dead                           Min: 0, Avg:  0.0, Max: 0, Diff: 0, Sum: 0, Workers: 4
[1.190s][debug][gc,phases      ] GC(1)     Total                          Min: 2432, Avg: 2867.5, Max: 3470, Diff: 1038, Sum: 11470, Workers: 4
[1.190s][debug][gc,phases      ] GC(1)   ResolvedMethodTable Weak       Min:  0.0, Avg:  0.0, Max:  0.0, Diff:  0.0, Sum:  0.0, Workers: 4
[1.190s][debug][gc,phases      ] GC(1)     Dead                           Min: 0, Avg:  0.0, Max: 0, Diff: 0, Sum: 0, Workers: 4
[1.190s][debug][gc,phases      ] GC(1)     Total                          Min: 64, Avg: 148.5, Max: 192, Diff: 128, Sum: 594, Workers: 4
[1.190s][debug][gc,phases      ] GC(1)   JNI Weak                       Min:  0.0, Avg:  0.0, Max:  0.0, Diff:  0.0, Sum:  0.0, Workers: 4
[1.190s][debug][gc,phases      ] GC(1)     Dead                           Min: 0, Avg:  0.0, Max: 0, Diff: 0, Sum: 0, Workers: 4
[1.190s][debug][gc,phases      ] GC(1)     Total                          Min: 0, Avg:  0.0, Max: 0, Diff: 0, Sum: 0, Workers: 4
[1.190s][debug][gc,phases      ] GC(1)   StringDedup Table Weak         Min:  0.0, Avg:  0.0, Max:  0.0, Diff:  0.0, Sum:  0.0, Workers: 4
[1.190s][debug][gc,phases      ] GC(1)     Dead                           Min: 0, Avg:  0.0, Max: 0, Diff: 0, Sum: 0, Workers: 4
[1.190s][debug][gc,phases      ] GC(1)     Total                          Min: 0, Avg:  0.0, Max: 0, Diff: 0, Sum: 0, Workers: 4
[1.190s][debug][gc,phases      ] GC(1)   StringDedup Requests0 Weak     Min:  0.0, Avg:  0.0, Max:  0.0, Diff:  0.0, Sum:  0.0, Workers: 4
[1.190s][debug][gc,phases      ] GC(1)     Dead                           Min: 0, Avg:  0.0, Max: 0, Diff: 0, Sum: 0, Workers: 4
[1.190s][debug][gc,phases      ] GC(1)     Total                          Min: 0, Avg:  0.0, Max: 0, Diff: 0, Sum: 0, Workers: 4
[1.190s][debug][gc,phases      ] GC(1)   StringDedup Requests1 Weak     Min:  0.0, Avg:  0.0, Max:  0.0, Diff:  0.0, Sum:  0.0, Workers: 4
[1.190s][debug][gc,phases      ] GC(1)     Dead                           Min: 0, Avg:  0.0, Max: 0, Diff: 0, Sum: 0, Workers: 4
[1.190s][debug][gc,phases      ] GC(1)     Total                          Min: 0, Avg:  0.0, Max: 0, Diff: 0, Sum: 0, Workers: 4
[1.190s][debug][gc,phases      ] GC(1)   Weak JFR Old Object Samples    Min:  0.0, Avg:  0.0, Max:  0.0, Diff:  0.0, Sum:  0.0, Workers: 4
[1.190s][debug][gc,phases      ] GC(1)     Dead                           Min: 0, Avg:  0.0, Max: 0, Diff: 0, Sum: 0, Workers: 4
[1.190s][debug][gc,phases      ] GC(1)     Total                          Min: 0, Avg:  0.0, Max: 0, Diff: 0, Sum: 0, Workers: 4
[1.190s][debug][gc,phases      ] GC(1) Weak Processing 0.223ms
[1.190s][debug][gc,phases      ] GC(1) ClassLoaderData 0.010ms
[1.190s][debug][gc,phases      ] GC(1) Trigger cleanups 0.000ms
[1.192s][debug][gc,phases      ] GC(1) Class Unloading 1.967ms
[1.192s][info ][gc,phases      ] GC(1) Marking Phase 6.747ms
[1.192s][info ][gc,phases,start] GC(1) Summary Phase
[1.192s][info ][gc,phases      ] GC(1) Summary Phase 0.005ms
[1.192s][info ][gc,phases,start] GC(1) Adjust Roots
[1.194s][info ][gc,phases      ] GC(1) Adjust Roots 2.653ms
[1.194s][info ][gc,phases,start] GC(1) Compaction Phase
[1.204s][info ][gc,phases      ] GC(1) Compaction Phase 9.900ms
[1.204s][info ][gc,phases,start] GC(1) Post Compact
[1.205s][info ][gc,phases      ] GC(1) Post Compact 0.491ms
[1.205s][info ][gc,heap        ] GC(1) PSYoungGen: 16694K(1572864K)->10999K(1572864K) Eden: 0K(1048576K)->0K(1048576K) From: 16694K(524288K)->10999K(524288K)
[1.205s][info ][gc,heap        ] GC(1) ParOldGen: 88K(6144K)->5666K(6144K)
[1.205s][info ][gc,metaspace   ] GC(1) Metaspace: 21346K(21504K)->21346K(21504K) NonClass: 18878K(18944K)->18878K(18944K) Class: 2467K(2560K)->2467K(2560K)
[1.205s][info ][gc             ] GC(1) Pause Full (Metadata GC Threshold) 16M->16M(1542M) 19.935ms
[1.205s][info ][gc,cpu         ] GC(1) User=0.06s Sys=0.01s Real=0.02s
[1.205s][info ][safepoint      ] Safepoint "CollectForMetadataAllocation", Time since last: 127476527 ns, Reaching safepoint: 103602 ns, At safepoint: 31303820 ns, Total: 31407422 ns
[1.205s][info ][safepoint      ] Safepoint "CollectForMetadataAllocation", Time since last: 76102 ns, Reaching safepoint: 160103 ns, At safepoint: 12200 ns, Total: 172303 ns
[1.547s][info ][safepoint      ] Safepoint "ICBufferFull", Time since last: 341598871 ns, Reaching safepoint: 103202 ns, At safepoint: 8100 ns, Total: 111302 ns
[1.563s][info ][safepoint      ] Safepoint "ICBufferFull", Time since last: 16542728 ns, Reaching safepoint: 37300 ns, At safepoint: 4300 ns, Total: 41600 ns
[1.569s][info ][safepoint      ] Safepoint "ICBufferFull", Time since last: 5141102 ns, Reaching safepoint: 79702 ns, At safepoint: 4400 ns, Total: 84102 ns
[1.580s][info ][safepoint      ] Safepoint "ICBufferFull", Time since last: 11662131 ns, Reaching safepoint: 52201 ns, At safepoint: 2100 ns, Total: 54301 ns
[1.584s][info ][safepoint      ] Safepoint "ICBufferFull", Time since last: 3248865 ns, Reaching safepoint: 76101 ns, At safepoint: 4900 ns, Total: 81001 ns
[1.587s][info ][safepoint      ] Safepoint "ICBufferFull", Time since last: 3389867 ns, Reaching safepoint: 39701 ns, At safepoint: 1600 ns, Total: 41301 ns
[1.590s][info ][safepoint      ] Safepoint "ICBufferFull", Time since last: 2558551 ns, Reaching safepoint: 34401 ns, At safepoint: 4200 ns, Total: 38601 ns
[1.592s][info ][safepoint      ] Safepoint "ICBufferFull", Time since last: 2295245 ns, Reaching safepoint: 38201 ns, At safepoint: 2600 ns, Total: 40801 ns
[1.594s][info ][safepoint      ] Safepoint "ICBufferFull", Time since last: 2191843 ns, Reaching safepoint: 101102 ns, At safepoint: 6901 ns, Total: 108003 ns
[1.600s][info ][safepoint      ] Safepoint "ICBufferFull", Time since last: 5533609 ns, Reaching safepoint: 52201 ns, At safepoint: 2800 ns, Total: 55001 ns
[1.601s][info ][safepoint      ] Safepoint "ICBufferFull", Time since last: 1425229 ns, Reaching safepoint: 30200 ns, At safepoint: 1600 ns, Total: 31800 ns
[1.602s][info ][safepoint      ] Safepoint "ICBufferFull", Time since last: 499210 ns, Reaching safepoint: 13500 ns, At safepoint: 1000 ns, Total: 14500 ns
[1.661s][info ][safepoint      ] Safepoint "ICBufferFull", Time since last: 59079271 ns, Reaching safepoint: 172304 ns, At safepoint: 5200 ns, Total: 177504 ns
[1.678s][info ][safepoint      ] Safepoint "ICBufferFull", Time since last: 17239242 ns, Reaching safepoint: 78201 ns, At safepoint: 7700 ns, Total: 85901 ns
[1.679s][info ][safepoint      ] Safepoint "ICBufferFull", Time since last: 1018820 ns, Reaching safepoint: 18001 ns, At safepoint: 1600 ns, Total: 19601 ns
[1.681s][info ][safepoint      ] Safepoint "ICBufferFull", Time since last: 1286725 ns, Reaching safepoint: 16401 ns, At safepoint: 1700 ns, Total: 18101 ns
[1.682s][info ][safepoint      ] Safepoint "ICBufferFull", Time since last: 822316 ns, Reaching safepoint: 96602 ns, At safepoint: 4600 ns, Total: 101202 ns
[1.683s][info ][safepoint      ] Safepoint "ICBufferFull", Time since last: 1635332 ns, Reaching safepoint: 34901 ns, At safepoint: 4300 ns, Total: 39201 ns
[1.684s][info ][safepoint      ] Safepoint "ICBufferFull", Time since last: 923018 ns, Reaching safepoint: 18501 ns, At safepoint: 1700 ns, Total: 20201 ns
[1.686s][info ][safepoint      ] Safepoint "ICBufferFull", Time since last: 1227724 ns, Reaching safepoint: 26301 ns, At safepoint: 1300 ns, Total: 27601 ns
[1.686s][info ][safepoint      ] Safepoint "ICBufferFull", Time since last: 808416 ns, Reaching safepoint: 93002 ns, At safepoint: 3900 ns, Total: 96902 ns
[1.688s][info ][safepoint      ] Safepoint "ICBufferFull", Time since last: 1081521 ns, Reaching safepoint: 25401 ns, At safepoint: 1200 ns, Total: 26601 ns
[1.689s][info ][safepoint      ] Safepoint "ICBufferFull", Time since last: 935718 ns, Reaching safepoint: 22201 ns, At safepoint: 1400 ns, Total: 23601 ns
[1.690s][info ][safepoint      ] Safepoint "ICBufferFull", Time since last: 1425028 ns, Reaching safepoint: 26400 ns, At safepoint: 1200 ns, Total: 27600 ns
[1.690s][info ][safepoint      ] Safepoint "ICBufferFull", Time since last: 488010 ns, Reaching safepoint: 25601 ns, At safepoint: 1400 ns, Total: 27001 ns
[1.692s][info ][safepoint      ] Safepoint "ICBufferFull", Time since last: 1348326 ns, Reaching safepoint: 103002 ns, At safepoint: 4501 ns, Total: 107503 ns
[1.694s][info ][safepoint      ] Safepoint "ICBufferFull", Time since last: 1917638 ns, Reaching safepoint: 21000 ns, At safepoint: 5800 ns, Total: 26800 ns
[1.696s][info ][safepoint      ] Safepoint "ICBufferFull", Time since last: 1713334 ns, Reaching safepoint: 37001 ns, At safepoint: 2100 ns, Total: 39101 ns
[1.704s][info ][safepoint      ] Safepoint "ICBufferFull", Time since last: 8179062 ns, Reaching safepoint: 41401 ns, At safepoint: 1700 ns, Total: 43101 ns
[1.712s][info ][safepoint      ] Safepoint "ICBufferFull", Time since last: 8277664 ns, Reaching safepoint: 42001 ns, At safepoint: 1900 ns, Total: 43901 ns
[1.729s][info ][safepoint      ] Safepoint "ICBufferFull", Time since last: 16229021 ns, Reaching safepoint: 101002 ns, At safepoint: 4200 ns, Total: 105202 ns
[1.777s][info ][safepoint      ] Safepoint "ICBufferFull", Time since last: 48739866 ns, Reaching safepoint: 87902 ns, At safepoint: 4700 ns, Total: 92602 ns
[1.778s][info ][safepoint      ] Safepoint "ICBufferFull", Time since last: 678214 ns, Reaching safepoint: 12900 ns, At safepoint: 1000 ns, Total: 13900 ns
[1.782s][info ][safepoint      ] Safepoint "ICBufferFull", Time since last: 3503669 ns, Reaching safepoint: 43201 ns, At safepoint: 2000 ns, Total: 45201 ns
[1.784s][info ][safepoint      ] Safepoint "ICBufferFull", Time since last: 2186644 ns, Reaching safepoint: 43501 ns, At safepoint: 900 ns, Total: 44401 ns
[1.825s][info ][safepoint      ] Safepoint "ICBufferFull", Time since last: 40628305 ns, Reaching safepoint: 56301 ns, At safepoint: 2300 ns, Total: 58601 ns
[1.827s][info ][safepoint      ] Safepoint "ICBufferFull", Time since last: 2781655 ns, Reaching safepoint: 41701 ns, At safepoint: 2100 ns, Total: 43801 ns
[1.828s][info ][safepoint      ] Safepoint "ICBufferFull", Time since last: 1115022 ns, Reaching safepoint: 34101 ns, At safepoint: 4600 ns, Total: 38701 ns
[1.830s][info ][safepoint      ] Safepoint "ICBufferFull", Time since last: 1562331 ns, Reaching safepoint: 98602 ns, At safepoint: 8300 ns, Total: 106902 ns
[1.831s][info ][safepoint      ] Safepoint "ICBufferFull", Time since last: 1058621 ns, Reaching safepoint: 19100 ns, At safepoint: 1700 ns, Total: 20800 ns
[1.832s][info ][safepoint      ] Safepoint "ICBufferFull", Time since last: 1242425 ns, Reaching safepoint: 19800 ns, At safepoint: 1700 ns, Total: 21500 ns
[1.834s][info ][safepoint      ] Safepoint "ICBufferFull", Time since last: 1810536 ns, Reaching safepoint: 21501 ns, At safepoint: 1800 ns, Total: 23301 ns
[1.835s][info ][safepoint      ] Safepoint "ICBufferFull", Time since last: 499510 ns, Reaching safepoint: 18800 ns, At safepoint: 1600 ns, Total: 20400 ns
[1.836s][info ][safepoint      ] Safepoint "ICBufferFull", Time since last: 818616 ns, Reaching safepoint: 16500 ns, At safepoint: 1501 ns, Total: 18001 ns
[1.837s][info ][safepoint      ] Safepoint "ICBufferFull", Time since last: 1789635 ns, Reaching safepoint: 18200 ns, At safepoint: 7400 ns, Total: 25600 ns
[1.839s][info ][safepoint      ] Safepoint "ICBufferFull", Time since last: 1000220 ns, Reaching safepoint: 20301 ns, At safepoint: 5300 ns, Total: 25601 ns
[1.839s][info ][safepoint      ] Safepoint "ICBufferFull", Time since last: 602612 ns, Reaching safepoint: 30900 ns, At safepoint: 1200 ns, Total: 32100 ns
[1.840s][info ][safepoint      ] Safepoint "ICBufferFull", Time since last: 759615 ns, Reaching safepoint: 19701 ns, At safepoint: 1100 ns, Total: 20801 ns
[1.842s][info ][safepoint      ] Safepoint "ICBufferFull", Time since last: 1887937 ns, Reaching safepoint: 29901 ns, At safepoint: 1100 ns, Total: 31001 ns
[1.842s][info ][safepoint      ] Safepoint "ICBufferFull", Time since last: 606012 ns, Reaching safepoint: 27100 ns, At safepoint: 1200 ns, Total: 28300 ns
[1.844s][info ][safepoint      ] Safepoint "ICBufferFull", Time since last: 1748335 ns, Reaching safepoint: 14000 ns, At safepoint: 1000 ns, Total: 15000 ns
[1.846s][info ][safepoint      ] Safepoint "ICBufferFull", Time since last: 1433429 ns, Reaching safepoint: 17300 ns, At safepoint: 1100 ns, Total: 18400 ns
[1.848s][info ][safepoint      ] Safepoint "ICBufferFull", Time since last: 2076041 ns, Reaching safepoint: 35501 ns, At safepoint: 4300 ns, Total: 39801 ns
[1.850s][info ][safepoint      ] Safepoint "ICBufferFull", Time since last: 2390747 ns, Reaching safepoint: 34001 ns, At safepoint: 4300 ns, Total: 38301 ns
[1.852s][info ][safepoint      ] Safepoint "ICBufferFull", Time since last: 1901238 ns, Reaching safepoint: 103902 ns, At safepoint: 3900 ns, Total: 107802 ns
[1.859s][info ][safepoint      ] Safepoint "ICBufferFull", Time since last: 7012339 ns, Reaching safepoint: 51701 ns, At safepoint: 1600 ns, Total: 53301 ns
[1.860s][info ][safepoint      ] Safepoint "ICBufferFull", Time since last: 1015120 ns, Reaching safepoint: 18701 ns, At safepoint: 1300 ns, Total: 20001 ns
[1.863s][info ][safepoint      ] Safepoint "ICBufferFull", Time since last: 2378147 ns, Reaching safepoint: 91502 ns, At safepoint: 4100 ns, Total: 95602 ns
[1.864s][info ][safepoint      ] Safepoint "ICBufferFull", Time since last: 1546030 ns, Reaching safepoint: 16401 ns, At safepoint: 1300 ns, Total: 17701 ns
[1.866s][info ][safepoint      ] Safepoint "ICBufferFull", Time since last: 1742934 ns, Reaching safepoint: 28201 ns, At safepoint: 1300 ns, Total: 29501 ns
[1.868s][info ][safepoint      ] Safepoint "ICBufferFull", Time since last: 1549230 ns, Reaching safepoint: 23201 ns, At safepoint: 1700 ns, Total: 24901 ns
[1.870s][info ][safepoint      ] Safepoint "ICBufferFull", Time since last: 2150343 ns, Reaching safepoint: 30500 ns, At safepoint: 2500 ns, Total: 33000 ns
[1.872s][info ][safepoint      ] Safepoint "ICBufferFull", Time since last: 1953439 ns, Reaching safepoint: 95202 ns, At safepoint: 12100 ns, Total: 107302 ns
[1.875s][info ][safepoint      ] Safepoint "ICBufferFull", Time since last: 2762955 ns, Reaching safepoint: 48201 ns, At safepoint: 3900 ns, Total: 52101 ns
[1.877s][info ][safepoint      ] Safepoint "ICBufferFull", Time since last: 2114942 ns, Reaching safepoint: 19400 ns, At safepoint: 1900 ns, Total: 21300 ns
[1.878s][info ][safepoint      ] Safepoint "ICBufferFull", Time since last: 1487230 ns, Reaching safepoint: 19700 ns, At safepoint: 1900 ns, Total: 21600 ns
[1.880s][info ][safepoint      ] Safepoint "ICBufferFull", Time since last: 1905038 ns, Reaching safepoint: 19100 ns, At safepoint: 1500 ns, Total: 20600 ns
[1.883s][info ][safepoint      ] Safepoint "ICBufferFull", Time since last: 2154143 ns, Reaching safepoint: 86502 ns, At safepoint: 6700 ns, Total: 93202 ns
[1.885s][info ][safepoint      ] Safepoint "ICBufferFull", Time since last: 1954639 ns, Reaching safepoint: 29300 ns, At safepoint: 4400 ns, Total: 33700 ns
[1.887s][info ][safepoint      ] Safepoint "ICBufferFull", Time since last: 2040341 ns, Reaching safepoint: 103402 ns, At safepoint: 6600 ns, Total: 110002 ns
[1.889s][info ][safepoint      ] Safepoint "ICBufferFull", Time since last: 2301345 ns, Reaching safepoint: 31701 ns, At safepoint: 7600 ns, Total: 39301 ns
[1.898s][info ][safepoint      ] Safepoint "ICBufferFull", Time since last: 8944477 ns, Reaching safepoint: 44001 ns, At safepoint: 17701 ns, Total: 61702 ns
[1.899s][info ][safepoint      ] Safepoint "ICBufferFull", Time since last: 989419 ns, Reaching safepoint: 38401 ns, At safepoint: 6900 ns, Total: 45301 ns
[1.900s][info ][safepoint      ] Safepoint "ICBufferFull", Time since last: 493210 ns, Reaching safepoint: 24000 ns, At safepoint: 1901 ns, Total: 25901 ns
[1.901s][info ][safepoint      ] Safepoint "ICBufferFull", Time since last: 1614232 ns, Reaching safepoint: 26200 ns, At safepoint: 1700 ns, Total: 27900 ns
[1.903s][info ][safepoint      ] Safepoint "ICBufferFull", Time since last: 1782735 ns, Reaching safepoint: 30001 ns, At safepoint: 2100 ns, Total: 32101 ns
[1.906s][info ][safepoint      ] Safepoint "ICBufferFull", Time since last: 2963559 ns, Reaching safepoint: 37401 ns, At safepoint: 2500 ns, Total: 39901 ns
[1.907s][info ][safepoint      ] Safepoint "ICBufferFull", Time since last: 495209 ns, Reaching safepoint: 29701 ns, At safepoint: 1500 ns, Total: 31201 ns
[1.913s][info ][safepoint      ] Safepoint "ICBufferFull", Time since last: 6681832 ns, Reaching safepoint: 43601 ns, At safepoint: 6300 ns, Total: 49901 ns
[1.916s][info ][safepoint      ] Safepoint "ICBufferFull", Time since last: 2196744 ns, Reaching safepoint: 20400 ns, At safepoint: 6000 ns, Total: 26400 ns
[1.916s][info ][safepoint      ] Safepoint "ICBufferFull", Time since last: 661014 ns, Reaching safepoint: 37900 ns, At safepoint: 6500 ns, Total: 44400 ns
[1.919s][info ][safepoint      ] Safepoint "ICBufferFull", Time since last: 2620952 ns, Reaching safepoint: 109303 ns, At safepoint: 5000 ns, Total: 114303 ns
[1.920s][info ][safepoint      ] Safepoint "ICBufferFull", Time since last: 1403027 ns, Reaching safepoint: 23101 ns, At safepoint: 2000 ns, Total: 25101 ns
[1.921s][info ][safepoint      ] Safepoint "ICBufferFull", Time since last: 550511 ns, Reaching safepoint: 20200 ns, At safepoint: 1700 ns, Total: 21900 ns
[1.924s][info ][safepoint      ] Safepoint "ICBufferFull", Time since last: 2904158 ns, Reaching safepoint: 23300 ns, At safepoint: 2000 ns, Total: 25300 ns
[1.926s][info ][safepoint      ] Safepoint "ICBufferFull", Time since last: 1649733 ns, Reaching safepoint: 20500 ns, At safepoint: 1700 ns, Total: 22200 ns
[1.927s][info ][safepoint      ] Safepoint "ICBufferFull", Time since last: 1523931 ns, Reaching safepoint: 18000 ns, At safepoint: 1600 ns, Total: 19600 ns
[1.928s][info ][safepoint      ] Safepoint "ICBufferFull", Time since last: 486210 ns, Reaching safepoint: 20400 ns, At safepoint: 1400 ns, Total: 21800 ns
[1.931s][info ][safepoint      ] Safepoint "ICBufferFull", Time since last: 3364667 ns, Reaching safepoint: 23800 ns, At safepoint: 3000 ns, Total: 26800 ns
[1.932s][info ][safepoint      ] Safepoint "ICBufferFull", Time since last: 506410 ns, Reaching safepoint: 17301 ns, At safepoint: 3100 ns, Total: 20401 ns
[1.947s][info ][safepoint      ] Safepoint "ICBufferFull", Time since last: 14893495 ns, Reaching safepoint: 45701 ns, At safepoint: 2900 ns, Total: 48601 ns
[1.963s][info ][safepoint      ] Safepoint "ICBufferFull", Time since last: 16161220 ns, Reaching safepoint: 37201 ns, At safepoint: 2500 ns, Total: 39701 ns
[1.964s][info ][safepoint      ] Safepoint "ICBufferFull", Time since last: 808516 ns, Reaching safepoint: 19800 ns, At safepoint: 1700 ns, Total: 21500 ns
[1.965s][info ][safepoint      ] Safepoint "ICBufferFull", Time since last: 980220 ns, Reaching safepoint: 15900 ns, At safepoint: 1400 ns, Total: 17300 ns
[1.965s][info ][safepoint      ] Safepoint "ICBufferFull", Time since last: 732215 ns, Reaching safepoint: 20300 ns, At safepoint: 1800 ns, Total: 22100 ns
[1.966s][info ][safepoint      ] Safepoint "ICBufferFull", Time since last: 722515 ns, Reaching safepoint: 17700 ns, At safepoint: 1400 ns, Total: 19100 ns
[1.969s][info ][safepoint      ] Safepoint "ICBufferFull", Time since last: 2941458 ns, Reaching safepoint: 55701 ns, At safepoint: 3300 ns, Total: 59001 ns
[1.970s][info ][safepoint      ] Safepoint "ICBufferFull", Time since last: 1165423 ns, Reaching safepoint: 34001 ns, At safepoint: 1800 ns, Total: 35801 ns
[1.971s][info ][safepoint      ] Safepoint "ICBufferFull", Time since last: 900618 ns, Reaching safepoint: 23800 ns, At safepoint: 2001 ns, Total: 25801 ns
[1.972s][info ][safepoint      ] Safepoint "ICBufferFull", Time since last: 1010320 ns, Reaching safepoint: 25700 ns, At safepoint: 7200 ns, Total: 32900 ns
[1.975s][info ][safepoint      ] Safepoint "ICBufferFull", Time since last: 2430248 ns, Reaching safepoint: 22701 ns, At safepoint: 2000 ns, Total: 24701 ns
[1.976s][info ][safepoint      ] Safepoint "ICBufferFull", Time since last: 1488129 ns, Reaching safepoint: 18501 ns, At safepoint: 1500 ns, Total: 20001 ns
[1.977s][info ][safepoint      ] Safepoint "ICBufferFull", Time since last: 1238124 ns, Reaching safepoint: 18701 ns, At safepoint: 1500 ns, Total: 20201 ns
[1.982s][info ][safepoint      ] Safepoint "ICBufferFull", Time since last: 4122581 ns, Reaching safepoint: 28601 ns, At safepoint: 2000 ns, Total: 30601 ns
[1.982s][info ][safepoint      ] Safepoint "ICBufferFull", Time since last: 781415 ns, Reaching safepoint: 16101 ns, At safepoint: 2000 ns, Total: 18101 ns
[1.984s][info ][safepoint      ] Safepoint "ICBufferFull", Time since last: 1503130 ns, Reaching safepoint: 17300 ns, At safepoint: 1600 ns, Total: 18900 ns
[1.984s][info ][safepoint      ] Safepoint "ICBufferFull", Time since last: 479110 ns, Reaching safepoint: 17300 ns, At safepoint: 1800 ns, Total: 19100 ns
[1.985s][info ][safepoint      ] Safepoint "ICBufferFull", Time since last: 965719 ns, Reaching safepoint: 16100 ns, At safepoint: 1600 ns, Total: 17700 ns
[1.987s][info ][safepoint      ] Safepoint "ICBufferFull", Time since last: 1920838 ns, Reaching safepoint: 17201 ns, At safepoint: 1200 ns, Total: 18401 ns
[1.989s][info ][safepoint      ] Safepoint "ICBufferFull", Time since last: 1212824 ns, Reaching safepoint: 17300 ns, At safepoint: 1300 ns, Total: 18600 ns
[1.990s][info ][safepoint      ] Safepoint "ICBufferFull", Time since last: 1231025 ns, Reaching safepoint: 18900 ns, At safepoint: 1600 ns, Total: 20500 ns
[1.991s][info ][safepoint      ] Safepoint "ICBufferFull", Time since last: 1259025 ns, Reaching safepoint: 27801 ns, At safepoint: 1200 ns, Total: 29001 ns
[1.992s][info ][safepoint      ] Safepoint "ICBufferFull", Time since last: 1221924 ns, Reaching safepoint: 86701 ns, At safepoint: 5501 ns, Total: 92202 ns
[1.994s][info ][safepoint      ] Safepoint "ICBufferFull", Time since last: 1442528 ns, Reaching safepoint: 37501 ns, At safepoint: 1400 ns, Total: 38901 ns
[1.995s][info ][safepoint      ] Safepoint "ICBufferFull", Time since last: 1201324 ns, Reaching safepoint: 14500 ns, At safepoint: 1400 ns, Total: 15900 ns
[1.996s][info ][safepoint      ] Safepoint "ICBufferFull", Time since last: 1223124 ns, Reaching safepoint: 88102 ns, At safepoint: 4300 ns, Total: 92402 ns
[1.998s][info ][safepoint      ] Safepoint "ICBufferFull", Time since last: 1200524 ns, Reaching safepoint: 15700 ns, At safepoint: 1300 ns, Total: 17000 ns
[1.999s][info ][safepoint      ] Safepoint "ICBufferFull", Time since last: 1208924 ns, Reaching safepoint: 17201 ns, At safepoint: 1500 ns, Total: 18701 ns
[2.000s][info ][safepoint      ] Safepoint "ICBufferFull", Time since last: 1176623 ns, Reaching safepoint: 86302 ns, At safepoint: 5700 ns, Total: 92002 ns
[2.002s][info ][safepoint      ] Safepoint "ICBufferFull", Time since last: 1357627 ns, Reaching safepoint: 17400 ns, At safepoint: 1400 ns, Total: 18800 ns
[2.003s][info ][safepoint      ] Safepoint "ICBufferFull", Time since last: 1266025 ns, Reaching safepoint: 35901 ns, At safepoint: 1200 ns, Total: 37101 ns
[2.005s][info ][safepoint      ] Safepoint "ICBufferFull", Time since last: 1758135 ns, Reaching safepoint: 19500 ns, At safepoint: 1700 ns, Total: 21200 ns
[2.006s][info ][safepoint      ] Safepoint "ICBufferFull", Time since last: 1186724 ns, Reaching safepoint: 17300 ns, At safepoint: 4500 ns, Total: 21800 ns
[2.006s][info ][safepoint      ] Safepoint "ICBufferFull", Time since last: 515710 ns, Reaching safepoint: 16101 ns, At safepoint: 1400 ns, Total: 17501 ns
[2.008s][info ][safepoint      ] Safepoint "ICBufferFull", Time since last: 1470729 ns, Reaching safepoint: 21700 ns, At safepoint: 1500 ns, Total: 23200 ns
[2.010s][info ][safepoint      ] Safepoint "ICBufferFull", Time since last: 2052041 ns, Reaching safepoint: 16200 ns, At safepoint: 3600 ns, Total: 19800 ns
[2.011s][info ][safepoint      ] Safepoint "ICBufferFull", Time since last: 1011920 ns, Reaching safepoint: 34101 ns, At safepoint: 1200 ns, Total: 35301 ns
[2.012s][info ][safepoint      ] Safepoint "ICBufferFull", Time since last: 1182023 ns, Reaching safepoint: 19001 ns, At safepoint: 1100 ns, Total: 20101 ns
[2.013s][info ][safepoint      ] Safepoint "ICBufferFull", Time since last: 1252925 ns, Reaching safepoint: 24700 ns, At safepoint: 4000 ns, Total: 28700 ns
[2.014s][info ][safepoint      ] Safepoint "ICBufferFull", Time since last: 508210 ns, Reaching safepoint: 17301 ns, At safepoint: 4900 ns, Total: 22201 ns
[2.015s][info ][safepoint      ] Safepoint "ICBufferFull", Time since last: 1280125 ns, Reaching safepoint: 17701 ns, At safepoint: 1800 ns, Total: 19501 ns
[2.017s][info ][safepoint      ] Safepoint "ICBufferFull", Time since last: 1500929 ns, Reaching safepoint: 23401 ns, At safepoint: 1900 ns, Total: 25301 ns
[2.018s][info ][safepoint      ] Safepoint "ICBufferFull", Time since last: 669513 ns, Reaching safepoint: 29801 ns, At safepoint: 2100 ns, Total: 31901 ns
[2.019s][info ][safepoint      ] Safepoint "ICBufferFull", Time since last: 1345026 ns, Reaching safepoint: 29001 ns, At safepoint: 5400 ns, Total: 34401 ns
[2.020s][info ][safepoint      ] Safepoint "ICBufferFull", Time since last: 1237325 ns, Reaching safepoint: 39300 ns, At safepoint: 2200 ns, Total: 41500 ns
[2.021s][info ][safepoint      ] Safepoint "ICBufferFull", Time since last: 919619 ns, Reaching safepoint: 102802 ns, At safepoint: 5200 ns, Total: 108002 ns
[2.022s][info ][safepoint      ] Safepoint "ICBufferFull", Time since last: 983519 ns, Reaching safepoint: 31501 ns, At safepoint: 2800 ns, Total: 34301 ns
[2.023s][info ][safepoint      ] Safepoint "ICBufferFull", Time since last: 781315 ns, Reaching safepoint: 17201 ns, At safepoint: 1700 ns, Total: 18901 ns
[2.158s][info ][safepoint      ] Safepoint "ICBufferFull", Time since last: 134426764 ns, Reaching safepoint: 111802 ns, At safepoint: 10700 ns, Total: 122502 ns
[2.413s][info ][gc,start       ] GC(2) Pause Young (Metadata GC Threshold)
[2.443s][debug][gc,phases      ] GC(2) Scavenge 29.161ms
[2.443s][debug][gc,ref         ] GC(2) Skipped phase 1 of Reference Processing: no references
[2.443s][debug][gc,ref         ] GC(2) ReferenceProcessor::execute queues: 2, RefProcThreadModel::Multi, marks_oops_alive: false
[2.443s][debug][gc,ref         ] GC(2) Skipped phase 3 of Reference Processing: no references
[2.443s][debug][gc,ref         ] GC(2) ReferenceProcessor::execute queues: 1, RefProcThreadModel::Single, marks_oops_alive: false
[2.443s][debug][gc,phases      ] GC(2) Reference Processing 0.290ms
[2.443s][debug][gc,phases      ] GC(2)   VM Weak                        Min:  0.0, Avg:  0.0, Max:  0.0, Diff:  0.0, Sum:  0.0, Workers: 4
[2.443s][debug][gc,phases      ] GC(2)     Dead                           Min: 0, Avg:  0.0, Max: 0, Diff: 0, Sum: 0, Workers: 4
[2.443s][debug][gc,phases      ] GC(2)     Total                          Min: 0, Avg: 60.0, Max: 240, Diff: 240, Sum: 240, Workers: 4
[2.443s][debug][gc,phases      ] GC(2)   ObjectSynchronizer Weak        Min:  0.0, Avg:  0.0, Max:  0.0, Diff:  0.0, Sum:  0.0, Workers: 4
[2.443s][debug][gc,phases      ] GC(2)     Dead                           Min: 0, Avg:  0.2, Max: 1, Diff: 1, Sum: 1, Workers: 4
[2.443s][debug][gc,phases      ] GC(2)     Total                          Min: 0, Avg:  3.2, Max: 13, Diff: 13, Sum: 13, Workers: 4
[2.443s][debug][gc,phases      ] GC(2)   JVMTI Tag Weak OopStorage      Min:  0.0, Avg:  0.0, Max:  0.0, Diff:  0.0, Sum:  0.0, Workers: 4
[2.443s][debug][gc,phases      ] GC(2)     Dead                           Min: 0, Avg:  0.0, Max: 0, Diff: 0, Sum: 0, Workers: 4
[2.443s][debug][gc,phases      ] GC(2)     Total                          Min: 0, Avg:  0.0, Max: 0, Diff: 0, Sum: 0, Workers: 4
[2.443s][debug][gc,phases      ] GC(2)   StringTable Weak               Min:  0.1, Avg:  0.1, Max:  0.1, Diff:  0.0, Sum:  0.6, Workers: 4
[2.443s][debug][gc,phases      ] GC(2)     Dead                           Min: 2, Avg:  6.2, Max: 15, Diff: 13, Sum: 25, Workers: 4
[2.443s][debug][gc,phases      ] GC(2)     Total                          Min: 3520, Avg: 4959.2, Max: 6589, Diff: 3069, Sum: 19837, Workers: 4
[2.443s][debug][gc,phases      ] GC(2)   ResolvedMethodTable Weak       Min:  0.0, Avg:  0.0, Max:  0.0, Diff:  0.0, Sum:  0.1, Workers: 4
[2.443s][debug][gc,phases      ] GC(2)     Dead                           Min: 1, Avg: 18.0, Max: 48, Diff: 47, Sum: 72, Workers: 4
[2.443s][debug][gc,phases      ] GC(2)     Total                          Min: 256, Avg: 459.5, Max: 558, Diff: 302, Sum: 1838, Workers: 4
[2.443s][debug][gc,phases      ] GC(2)   JNI Weak                       Min:  0.0, Avg:  0.0, Max:  0.0, Diff:  0.0, Sum:  0.0, Workers: 4
[2.443s][debug][gc,phases      ] GC(2)     Dead                           Min: 0, Avg:  0.0, Max: 0, Diff: 0, Sum: 0, Workers: 4
[2.443s][debug][gc,phases      ] GC(2)     Total                          Min: 0, Avg:  0.0, Max: 0, Diff: 0, Sum: 0, Workers: 4
[2.443s][debug][gc,phases      ] GC(2)   StringDedup Table Weak         Min:  0.0, Avg:  0.0, Max:  0.0, Diff:  0.0, Sum:  0.0, Workers: 4
[2.443s][debug][gc,phases      ] GC(2)     Dead                           Min: 0, Avg:  0.0, Max: 0, Diff: 0, Sum: 0, Workers: 4
[2.443s][debug][gc,phases      ] GC(2)     Total                          Min: 0, Avg:  0.0, Max: 0, Diff: 0, Sum: 0, Workers: 4
[2.443s][debug][gc,phases      ] GC(2)   StringDedup Requests0 Weak     Min:  0.0, Avg:  0.0, Max:  0.0, Diff:  0.0, Sum:  0.0, Workers: 4
[2.443s][debug][gc,phases      ] GC(2)     Dead                           Min: 0, Avg:  0.0, Max: 0, Diff: 0, Sum: 0, Workers: 4
[2.443s][debug][gc,phases      ] GC(2)     Total                          Min: 0, Avg:  0.0, Max: 0, Diff: 0, Sum: 0, Workers: 4
[2.443s][debug][gc,phases      ] GC(2)   StringDedup Requests1 Weak     Min:  0.0, Avg:  0.0, Max:  0.0, Diff:  0.0, Sum:  0.0, Workers: 4
[2.443s][debug][gc,phases      ] GC(2)     Dead                           Min: 0, Avg:  0.0, Max: 0, Diff: 0, Sum: 0, Workers: 4
[2.443s][debug][gc,phases      ] GC(2)     Total                          Min: 0, Avg:  0.0, Max: 0, Diff: 0, Sum: 0, Workers: 4
[2.443s][debug][gc,phases      ] GC(2)   Weak JFR Old Object Samples    Min:  0.0, Avg:  0.0, Max:  0.0, Diff:  0.0, Sum:  0.0, Workers: 4
[2.443s][debug][gc,phases      ] GC(2)     Dead                           Min: 0, Avg:  0.0, Max: 0, Diff: 0, Sum: 0, Workers: 4
[2.443s][debug][gc,phases      ] GC(2)     Total                          Min: 0, Avg:  0.0, Max: 0, Diff: 0, Sum: 0, Workers: 4
[2.443s][debug][gc,phases      ] GC(2) Weak Processing 0.360ms
[2.443s][debug][gc,age         ] GC(2) Desired survivor size 536870912 bytes, new threshold 7 (max threshold 15)
[2.443s][info ][gc,heap        ] GC(2) PSYoungGen: 443013K(1572864K)->56319K(1572864K) Eden: 432014K(1048576K)->0K(1048576K) From: 10999K(524288K)->56319K(524288K)
[2.443s][info ][gc,heap        ] GC(2) ParOldGen: 5666K(6144K)->5674K(6144K)
[2.443s][info ][gc,metaspace   ] GC(2) Metaspace: 35447K(35840K)->35447K(35840K) NonClass: 30984K(31168K)->30984K(31168K) Class: 4462K(4672K)->4462K(4672K)
[2.443s][info ][gc             ] GC(2) Pause Young (Metadata GC Threshold) 438M->60M(1542M) 29.948ms
[2.443s][info ][gc,cpu         ] GC(2) User=0.12s Sys=0.01s Real=0.03s
[2.443s][debug][gc,phases      ] GC(3) Pre Compact 0.009ms
[2.443s][info ][gc,start       ] GC(3) Pause Full (Metadata GC Threshold)
[2.443s][info ][gc,phases,start] GC(3) Marking Phase
[2.461s][debug][gc,phases      ] GC(3) Par Mark 17.852ms
[2.461s][debug][gc,ref         ] GC(3) Skipped phase 1 of Reference Processing: no references
[2.461s][debug][gc,ref         ] GC(3) ReferenceProcessor::execute queues: 2, RefProcThreadModel::Multi, marks_oops_alive: false
[2.461s][debug][gc,ref         ] GC(3) Skipped phase 3 of Reference Processing: no references
[2.461s][debug][gc,ref         ] GC(3) ReferenceProcessor::execute queues: 1, RefProcThreadModel::Single, marks_oops_alive: false
[2.461s][debug][gc,phases      ] GC(3) Reference Processing 0.123ms
[2.462s][debug][gc,phases      ] GC(3)   VM Weak                        Min:  0.0, Avg:  0.0, Max:  0.0, Diff:  0.0, Sum:  0.0, Workers: 4
[2.462s][debug][gc,phases      ] GC(3)     Dead                           Min: 0, Avg:  0.0, Max: 0, Diff: 0, Sum: 0, Workers: 4
[2.462s][debug][gc,phases      ] GC(3)     Total                          Min: 0, Avg: 60.0, Max: 128, Diff: 128, Sum: 240, Workers: 4
[2.462s][debug][gc,phases      ] GC(3)   ObjectSynchronizer Weak        Min:  0.0, Avg:  0.0, Max:  0.0, Diff:  0.0, Sum:  0.0, Workers: 4
[2.462s][debug][gc,phases      ] GC(3)     Dead                           Min: 0, Avg:  0.2, Max: 1, Diff: 1, Sum: 1, Workers: 4
[2.462s][debug][gc,phases      ] GC(3)     Total                          Min: 0, Avg:  3.2, Max: 13, Diff: 13, Sum: 13, Workers: 4
[2.462s][debug][gc,phases      ] GC(3)   JVMTI Tag Weak OopStorage      Min:  0.0, Avg:  0.0, Max:  0.0, Diff:  0.0, Sum:  0.0, Workers: 4
[2.462s][debug][gc,phases      ] GC(3)     Dead                           Min: 0, Avg:  0.0, Max: 0, Diff: 0, Sum: 0, Workers: 4
[2.462s][debug][gc,phases      ] GC(3)     Total                          Min: 0, Avg:  0.0, Max: 0, Diff: 0, Sum: 0, Workers: 4
[2.462s][debug][gc,phases      ] GC(3)   StringTable Weak               Min:  0.1, Avg:  0.1, Max:  0.1, Diff:  0.0, Sum:  0.3, Workers: 4
[2.462s][debug][gc,phases      ] GC(3)     Dead                           Min: 0, Avg:  0.0, Max: 0, Diff: 0, Sum: 0, Workers: 4
[2.462s][debug][gc,phases      ] GC(3)     Total                          Min: 4797, Avg: 4959.2, Max: 5440, Diff: 643, Sum: 19837, Workers: 4
[2.462s][debug][gc,phases      ] GC(3)   ResolvedMethodTable Weak       Min:  0.0, Avg:  0.0, Max:  0.0, Diff:  0.0, Sum:  0.0, Workers: 4
[2.462s][debug][gc,phases      ] GC(3)     Dead                           Min: 0, Avg:  0.0, Max: 0, Diff: 0, Sum: 0, Workers: 4
[2.462s][debug][gc,phases      ] GC(3)     Total                          Min: 430, Avg: 459.5, Max: 512, Diff: 82, Sum: 1838, Workers: 4
[2.462s][debug][gc,phases      ] GC(3)   JNI Weak                       Min:  0.0, Avg:  0.0, Max:  0.0, Diff:  0.0, Sum:  0.0, Workers: 4
[2.462s][debug][gc,phases      ] GC(3)     Dead                           Min: 0, Avg:  0.0, Max: 0, Diff: 0, Sum: 0, Workers: 4
[2.462s][debug][gc,phases      ] GC(3)     Total                          Min: 0, Avg:  0.0, Max: 0, Diff: 0, Sum: 0, Workers: 4
[2.462s][debug][gc,phases      ] GC(3)   StringDedup Table Weak         Min:  0.0, Avg:  0.0, Max:  0.0, Diff:  0.0, Sum:  0.0, Workers: 4
[2.462s][debug][gc,phases      ] GC(3)     Dead                           Min: 0, Avg:  0.0, Max: 0, Diff: 0, Sum: 0, Workers: 4
[2.462s][debug][gc,phases      ] GC(3)     Total                          Min: 0, Avg:  0.0, Max: 0, Diff: 0, Sum: 0, Workers: 4
[2.462s][debug][gc,phases      ] GC(3)   StringDedup Requests0 Weak     Min:  0.0, Avg:  0.0, Max:  0.0, Diff:  0.0, Sum:  0.0, Workers: 4
[2.462s][debug][gc,phases      ] GC(3)     Dead                           Min: 0, Avg:  0.0, Max: 0, Diff: 0, Sum: 0, Workers: 4
[2.462s][debug][gc,phases      ] GC(3)     Total                          Min: 0, Avg:  0.0, Max: 0, Diff: 0, Sum: 0, Workers: 4
[2.462s][debug][gc,phases      ] GC(3)   StringDedup Requests1 Weak     Min:  0.0, Avg:  0.0, Max:  0.0, Diff:  0.0, Sum:  0.0, Workers: 4
[2.462s][debug][gc,phases      ] GC(3)     Dead                           Min: 0, Avg:  0.0, Max: 0, Diff: 0, Sum: 0, Workers: 4
[2.462s][debug][gc,phases      ] GC(3)     Total                          Min: 0, Avg:  0.0, Max: 0, Diff: 0, Sum: 0, Workers: 4
[2.462s][debug][gc,phases      ] GC(3)   Weak JFR Old Object Samples    Min:  0.0, Avg:  0.0, Max:  0.0, Diff:  0.0, Sum:  0.0, Workers: 4
[2.462s][debug][gc,phases      ] GC(3)     Dead                           Min: 0, Avg:  0.0, Max: 0, Diff: 0, Sum: 0, Workers: 4
[2.462s][debug][gc,phases      ] GC(3)     Total                          Min: 0, Avg:  0.0, Max: 0, Diff: 0, Sum: 0, Workers: 4
[2.462s][debug][gc,phases      ] GC(3) Weak Processing 0.259ms
[2.462s][debug][gc,phases      ] GC(3) ClassLoaderData 0.030ms
[2.462s][debug][gc,phases      ] GC(3) Trigger cleanups 0.000ms
[2.465s][debug][gc,phases      ] GC(3) Class Unloading 3.483ms
[2.465s][info ][gc,phases      ] GC(3) Marking Phase 21.822ms
[2.465s][info ][gc,phases,start] GC(3) Summary Phase
[2.465s][info ][gc,phases      ] GC(3) Summary Phase 0.006ms
[2.465s][info ][gc,phases,start] GC(3) Adjust Roots
[2.470s][info ][gc,phases      ] GC(3) Adjust Roots 4.428ms
[2.470s][info ][gc,phases,start] GC(3) Compaction Phase
[2.723s][info ][gc,phases      ] GC(3) Compaction Phase 253.189ms
[2.723s][info ][gc,phases,start] GC(3) Post Compact
[2.724s][info ][gc,phases      ] GC(3) Post Compact 0.629ms
[2.724s][info ][gc,heap        ] GC(3) PSYoungGen: 56319K(1572864K)->55625K(1572864K) Eden: 0K(1048576K)->0K(1048576K) From: 56319K(524288K)->55625K(524288K)
[2.724s][info ][gc,heap        ] GC(3) ParOldGen: 5674K(6144K)->6120K(6144K)
[2.724s][info ][gc,metaspace   ] GC(3) Metaspace: 35447K(35840K)->35447K(35840K) NonClass: 30984K(31168K)->30984K(31168K) Class: 4462K(4672K)->4462K(4672K)
[2.724s][info ][gc             ] GC(3) Pause Full (Metadata GC Threshold) 60M->60M(1542M) 280.193ms
[2.724s][info ][gc,cpu         ] GC(3) User=0.60s Sys=0.00s Real=0.28s
[2.724s][info ][safepoint      ] Safepoint "CollectForMetadataAllocation", Time since last: 255568865 ns, Reaching safepoint: 167704 ns, At safepoint: 310257349 ns, Total: 310425053 ns
[2.935s][info ][safepoint      ] Safepoint "ICBufferFull", Time since last: 211527692 ns, Reaching safepoint: 163003 ns, At safepoint: 5600 ns, Total: 168603 ns
[3.101s][info ][safepoint      ] Safepoint "ICBufferFull", Time since last: 165319477 ns, Reaching safepoint: 214804 ns, At safepoint: 5200 ns, Total: 220004 ns
[3.214s][info ][safepoint      ] Safepoint "ICBufferFull", Time since last: 112629632 ns, Reaching safepoint: 225905 ns, At safepoint: 23600 ns, Total: 249505 ns
[3.337s][info ][safepoint      ] Safepoint "ICBufferFull", Time since last: 123272643 ns, Reaching safepoint: 235905 ns, At safepoint: 21600 ns, Total: 257505 ns
[3.337s][info ][safepoint      ] Safepoint "ICBufferFull", Time since last: 82802 ns, Reaching safepoint: 86302 ns, At safepoint: 18800 ns, Total: 105102 ns
[3.338s][info ][safepoint      ] Safepoint "ICBufferFull", Time since last: 55201 ns, Reaching safepoint: 91402 ns, At safepoint: 21300 ns, Total: 112702 ns
[3.338s][info ][safepoint      ] Safepoint "ICBufferFull", Time since last: 51901 ns, Reaching safepoint: 88702 ns, At safepoint: 21500 ns, Total: 110202 ns
[3.339s][info ][safepoint      ] Safepoint "ICBufferFull", Time since last: 1126023 ns, Reaching safepoint: 148403 ns, At safepoint: 24900 ns, Total: 173303 ns
[3.339s][info ][safepoint      ] Safepoint "ICBufferFull", Time since last: 113202 ns, Reaching safepoint: 164304 ns, At safepoint: 22200 ns, Total: 186504 ns
[3.460s][info ][safepoint      ] Safepoint "ICBufferFull", Time since last: 120810194 ns, Reaching safepoint: 230305 ns, At safepoint: 19900 ns, Total: 250205 ns
[3.461s][info ][safepoint      ] Safepoint "ICBufferFull", Time since last: 92902 ns, Reaching safepoint: 96602 ns, At safepoint: 18901 ns, Total: 115503 ns
[3.461s][info ][safepoint      ] Safepoint "ICBufferFull", Time since last: 61701 ns, Reaching safepoint: 90902 ns, At safepoint: 15600 ns, Total: 106502 ns
[3.632s][info ][safepoint      ] Safepoint "ICBufferFull", Time since last: 170728883 ns, Reaching safepoint: 204904 ns, At safepoint: 18501 ns, Total: 223405 ns
[3.811s][info ][safepoint      ] Safepoint "ICBufferFull", Time since last: 178580939 ns, Reaching safepoint: 197504 ns, At safepoint: 14600 ns, Total: 212104 ns
[3.811s][info ][safepoint      ] Safepoint "ICBufferFull", Time since last: 76502 ns, Reaching safepoint: 84601 ns, At safepoint: 31001 ns, Total: 115602 ns
[3.811s][info ][safepoint      ] Safepoint "ICBufferFull", Time since last: 44701 ns, Reaching safepoint: 97902 ns, At safepoint: 24400 ns, Total: 122302 ns
[3.811s][info ][safepoint      ] Safepoint "ICBufferFull", Time since last: 323807 ns, Reaching safepoint: 90902 ns, At safepoint: 21500 ns, Total: 112402 ns
[3.812s][info ][safepoint      ] Safepoint "ICBufferFull", Time since last: 427208 ns, Reaching safepoint: 87902 ns, At safepoint: 16801 ns, Total: 104703 ns
[3.847s][info ][safepoint      ] Safepoint "ICBufferFull", Time since last: 34778489 ns, Reaching safepoint: 172203 ns, At safepoint: 15800 ns, Total: 188003 ns
[3.849s][info ][safepoint      ] Safepoint "ICBufferFull", Time since last: 2372147 ns, Reaching safepoint: 119303 ns, At safepoint: 29600 ns, Total: 148903 ns
[3.852s][info ][safepoint      ] Safepoint "ICBufferFull", Time since last: 2164843 ns, Reaching safepoint: 114403 ns, At safepoint: 22600 ns, Total: 137003 ns
[3.855s][info ][safepoint      ] Safepoint "ICBufferFull", Time since last: 2801556 ns, Reaching safepoint: 116702 ns, At safepoint: 31001 ns, Total: 147703 ns
[3.857s][info ][safepoint      ] Safepoint "ICBufferFull", Time since last: 2000339 ns, Reaching safepoint: 93102 ns, At safepoint: 30801 ns, Total: 123903 ns
[3.866s][info ][safepoint      ] Safepoint "ICBufferFull", Time since last: 8773673 ns, Reaching safepoint: 195004 ns, At safepoint: 22401 ns, Total: 217405 ns
[3.875s][info ][safepoint      ] Safepoint "ICBufferFull", Time since last: 2054140 ns, Reaching safepoint: 7452348 ns, At safepoint: 29901 ns, Total: 7482249 ns
[3.878s][info ][safepoint      ] Safepoint "ICBufferFull", Time since last: 2257245 ns, Reaching safepoint: 189103 ns, At safepoint: 29301 ns, Total: 218404 ns
[3.880s][info ][safepoint      ] Safepoint "ICBufferFull", Time since last: 1958839 ns, Reaching safepoint: 114002 ns, At safepoint: 26500 ns, Total: 140502 ns
[3.881s][info ][safepoint      ] Safepoint "ICBufferFull", Time since last: 1430729 ns, Reaching safepoint: 120802 ns, At safepoint: 25201 ns, Total: 146003 ns
[3.884s][info ][safepoint      ] Safepoint "ICBufferFull", Time since last: 1956538 ns, Reaching safepoint: 238705 ns, At safepoint: 23601 ns, Total: 262306 ns
[3.886s][info ][safepoint      ] Safepoint "ICBufferFull", Time since last: 2363347 ns, Reaching safepoint: 103102 ns, At safepoint: 40000 ns, Total: 143102 ns
[3.888s][info ][safepoint      ] Safepoint "ICBufferFull", Time since last: 1644733 ns, Reaching safepoint: 89402 ns, At safepoint: 22000 ns, Total: 111402 ns
[3.890s][info ][safepoint      ] Safepoint "ICBufferFull", Time since last: 1644633 ns, Reaching safepoint: 95202 ns, At safepoint: 25400 ns, Total: 120602 ns
[3.894s][info ][safepoint      ] Safepoint "ICBufferFull", Time since last: 3931278 ns, Reaching safepoint: 106502 ns, At safepoint: 25401 ns, Total: 131903 ns
[3.899s][info ][safepoint      ] Safepoint "ICBufferFull", Time since last: 5155902 ns, Reaching safepoint: 122402 ns, At safepoint: 34601 ns, Total: 157003 ns
[3.984s][info ][safepoint      ] Safepoint "ICBufferFull", Time since last: 84425173 ns, Reaching safepoint: 227605 ns, At safepoint: 26500 ns, Total: 254105 ns
[3.984s][info ][safepoint      ] Safepoint "ICBufferFull", Time since last: 73102 ns, Reaching safepoint: 87201 ns, At safepoint: 24601 ns, Total: 111802 ns
[4.030s][info ][safepoint      ] Safepoint "ICBufferFull", Time since last: 45545702 ns, Reaching safepoint: 180404 ns, At safepoint: 26300 ns, Total: 206704 ns
[4.034s][info ][safepoint      ] Safepoint "ICBufferFull", Time since last: 4529290 ns, Reaching safepoint: 136303 ns, At safepoint: 29001 ns, Total: 165304 ns
[4.052s][info ][safepoint      ] Safepoint "ICBufferFull", Time since last: 17748351 ns, Reaching safepoint: 144703 ns, At safepoint: 27201 ns, Total: 171904 ns
[4.063s][info ][safepoint      ] Safepoint "ICBufferFull", Time since last: 10400406 ns, Reaching safepoint: 166903 ns, At safepoint: 26601 ns, Total: 193504 ns
[4.093s][info ][safepoint      ] Safepoint "ICBufferFull", Time since last: 29792490 ns, Reaching safepoint: 191004 ns, At safepoint: 28600 ns, Total: 219604 ns
[4.133s][info ][safepoint      ] Safepoint "ICBufferFull", Time since last: 39749988 ns, Reaching safepoint: 167303 ns, At safepoint: 39001 ns, Total: 206304 ns
[4.148s][debug][gc,phases      ] GC(4) Pre Compact 0.024ms
[4.148s][info ][gc,start       ] GC(4) Pause Full (Ergonomics)
[4.148s][info ][gc,phases,start] GC(4) Marking Phase
[4.249s][debug][gc,phases      ] GC(4) Par Mark 100.682ms
[4.249s][debug][gc,ref         ] GC(4) Skipped phase 1 of Reference Processing: no references
[4.250s][debug][gc,ref         ] GC(4) ReferenceProcessor::execute queues: 4, RefProcThreadModel::Multi, marks_oops_alive: false
[4.250s][debug][gc,ref         ] GC(4) Skipped phase 3 of Reference Processing: no references
[4.250s][debug][gc,ref         ] GC(4) ReferenceProcessor::execute queues: 3, RefProcThreadModel::Multi, marks_oops_alive: false
[4.250s][debug][gc,phases      ] GC(4) Reference Processing 0.920ms
[4.250s][debug][gc,phases      ] GC(4)   VM Weak                        Min:  0.0, Avg:  0.0, Max:  0.0, Diff:  0.0, Sum:  0.0, Workers: 4
[4.250s][debug][gc,phases      ] GC(4)     Dead                           Min: 0, Avg:  1.5, Max: 6, Diff: 6, Sum: 6, Workers: 4
[4.250s][debug][gc,phases      ] GC(4)     Total                          Min: 0, Avg: 97.8, Max: 256, Diff: 256, Sum: 391, Workers: 4
[4.250s][debug][gc,phases      ] GC(4)   ObjectSynchronizer Weak        Min:  0.0, Avg:  0.0, Max:  0.0, Diff:  0.0, Sum:  0.0, Workers: 4
[4.250s][debug][gc,phases      ] GC(4)     Dead                           Min: 0, Avg: 77.2, Max: 117, Diff: 117, Sum: 309, Workers: 4
[4.250s][debug][gc,phases      ] GC(4)     Total                          Min: 0, Avg: 89.8, Max: 128, Diff: 128, Sum: 359, Workers: 4
[4.250s][debug][gc,phases      ] GC(4)   JVMTI Tag Weak OopStorage      Min:  0.0, Avg:  0.0, Max:  0.0, Diff:  0.0, Sum:  0.0, Workers: 4
[4.250s][debug][gc,phases      ] GC(4)     Dead                           Min: 0, Avg:  0.0, Max: 0, Diff: 0, Sum: 0, Workers: 4
[4.250s][debug][gc,phases      ] GC(4)     Total                          Min: 0, Avg:  0.0, Max: 0, Diff: 0, Sum: 0, Workers: 4
[4.250s][debug][gc,phases      ] GC(4)   StringTable Weak               Min:  0.1, Avg:  0.1, Max:  0.1, Diff:  0.0, Sum:  0.6, Workers: 4
[4.250s][debug][gc,phases      ] GC(4)     Dead                           Min: 0, Avg:  6.2, Max: 18, Diff: 18, Sum: 25, Workers: 4
[4.250s][debug][gc,phases      ] GC(4)     Total                          Min: 8512, Avg: 9244.0, Max: 10032, Diff: 1520, Sum: 36976, Workers: 4
[4.250s][debug][gc,phases      ] GC(4)   ResolvedMethodTable Weak       Min:  0.0, Avg:  0.0, Max:  0.0, Diff:  0.0, Sum:  0.1, Workers: 4
[4.250s][debug][gc,phases      ] GC(4)     Dead                           Min: 11, Avg: 27.2, Max: 40, Diff: 29, Sum: 109, Workers: 4
[4.250s][debug][gc,phases      ] GC(4)     Total                          Min: 1088, Avg: 1180.2, Max: 1280, Diff: 192, Sum: 4721, Workers: 4
[4.250s][debug][gc,phases      ] GC(4)   JNI Weak                       Min:  0.0, Avg:  0.0, Max:  0.0, Diff:  0.0, Sum:  0.0, Workers: 4
[4.250s][debug][gc,phases      ] GC(4)     Dead                           Min: 0, Avg:  0.0, Max: 0, Diff: 0, Sum: 0, Workers: 4
[4.250s][debug][gc,phases      ] GC(4)     Total                          Min: 0, Avg:  1.0, Max: 4, Diff: 4, Sum: 4, Workers: 4
[4.250s][debug][gc,phases      ] GC(4)   StringDedup Table Weak         Min:  0.0, Avg:  0.0, Max:  0.0, Diff:  0.0, Sum:  0.0, Workers: 4
[4.250s][debug][gc,phases      ] GC(4)     Dead                           Min: 0, Avg:  0.0, Max: 0, Diff: 0, Sum: 0, Workers: 4
[4.250s][debug][gc,phases      ] GC(4)     Total                          Min: 0, Avg:  0.0, Max: 0, Diff: 0, Sum: 0, Workers: 4
[4.250s][debug][gc,phases      ] GC(4)   StringDedup Requests0 Weak     Min:  0.0, Avg:  0.0, Max:  0.0, Diff:  0.0, Sum:  0.0, Workers: 4
[4.250s][debug][gc,phases      ] GC(4)     Dead                           Min: 0, Avg:  0.0, Max: 0, Diff: 0, Sum: 0, Workers: 4
[4.250s][debug][gc,phases      ] GC(4)     Total                          Min: 0, Avg:  0.0, Max: 0, Diff: 0, Sum: 0, Workers: 4
[4.250s][debug][gc,phases      ] GC(4)   StringDedup Requests1 Weak     Min:  0.0, Avg:  0.0, Max:  0.0, Diff:  0.0, Sum:  0.0, Workers: 4
[4.250s][debug][gc,phases      ] GC(4)     Dead                           Min: 0, Avg:  0.0, Max: 0, Diff: 0, Sum: 0, Workers: 4
[4.250s][debug][gc,phases      ] GC(4)     Total                          Min: 0, Avg:  0.0, Max: 0, Diff: 0, Sum: 0, Workers: 4
[4.250s][debug][gc,phases      ] GC(4)   Weak JFR Old Object Samples    Min:  0.0, Avg:  0.0, Max:  0.0, Diff:  0.0, Sum:  0.0, Workers: 4
[4.250s][debug][gc,phases      ] GC(4)     Dead                           Min: 0, Avg:  0.0, Max: 0, Diff: 0, Sum: 0, Workers: 4
[4.250s][debug][gc,phases      ] GC(4)     Total                          Min: 0, Avg:  0.0, Max: 0, Diff: 0, Sum: 0, Workers: 4
[4.250s][debug][gc,phases      ] GC(4) Weak Processing 0.375ms
[4.251s][debug][gc,phases      ] GC(4) ClassLoaderData 0.149ms
[4.251s][debug][gc,phases      ] GC(4) Trigger cleanups 0.001ms
[4.259s][debug][gc,phases      ] GC(4) Class Unloading 8.863ms
[4.259s][info ][gc,phases      ] GC(4) Marking Phase 111.001ms
[4.259s][info ][gc,phases,start] GC(4) Summary Phase
[4.259s][info ][gc,phases      ] GC(4) Summary Phase 0.025ms
[4.259s][info ][gc,phases,start] GC(4) Adjust Roots
[4.268s][info ][gc,phases      ] GC(4) Adjust Roots 8.437ms
[4.268s][info ][gc,phases,start] GC(4) Compaction Phase
[4.491s][info ][gc,phases      ] GC(4) Compaction Phase 223.369ms
[4.491s][info ][gc,phases,start] GC(4) Post Compact
[4.495s][info ][gc,phases      ] GC(4) Post Compact 3.297ms
[4.495s][info ][gc,heap        ] GC(4) PSYoungGen: 1104201K(1572864K)->166136K(1572864K) Eden: 1048576K(1048576K)->166136K(1048576K) From: 55625K(524288K)->0K(524288K)
[4.495s][info ][gc,heap        ] GC(4) ParOldGen: 6120K(6144K)->6117K(18944K)
[4.495s][info ][gc,metaspace   ] GC(4) Metaspace: 51449K(52032K)->51439K(52032K) NonClass: 43880K(44224K)->43873K(44224K) Class: 7568K(7808K)->7565K(7808K)
[4.495s][info ][gc             ] GC(4) Pause Full (Ergonomics) 1084M->168M(1554M) 346.384ms
[4.495s][info ][gc,cpu         ] GC(4) User=1.24s Sys=0.00s Real=0.35s
[4.495s][info ][safepoint      ] Safepoint "ParallelGCFailedAllocation", Time since last: 15300103 ns, Reaching safepoint: 140003 ns, At safepoint: 346790273 ns, Total: 346930276 ns
[4.529s][info ][safepoint      ] Safepoint "ICBufferFull", Time since last: 33297460 ns, Reaching safepoint: 238504 ns, At safepoint: 28601 ns, Total: 267105 ns
[4.530s][info ][safepoint      ] Safepoint "ICBufferFull", Time since last: 1614732 ns, Reaching safepoint: 111402 ns, At safepoint: 23701 ns, Total: 135103 ns
[4.531s][info ][safepoint      ] Safepoint "ICBufferFull", Time since last: 334306 ns, Reaching safepoint: 93402 ns, At safepoint: 23601 ns, Total: 117003 ns
[4.539s][info ][safepoint      ] Safepoint "ICBufferFull", Time since last: 7625151 ns, Reaching safepoint: 138702 ns, At safepoint: 36201 ns, Total: 174903 ns
[4.550s][info ][safepoint      ] Safepoint "ICBufferFull", Time since last: 11017219 ns, Reaching safepoint: 89701 ns, At safepoint: 30701 ns, Total: 120402 ns
[4.559s][info ][safepoint      ] Safepoint "ICBufferFull", Time since last: 7034039 ns, Reaching safepoint: 2121642 ns, At safepoint: 30101 ns, Total: 2151743 ns
[4.563s][info ][safepoint      ] Safepoint "ICBufferFull", Time since last: 4274685 ns, Reaching safepoint: 121202 ns, At safepoint: 31501 ns, Total: 152703 ns
[4.570s][info ][safepoint      ] Safepoint "ICBufferFull", Time since last: 6602431 ns, Reaching safepoint: 219004 ns, At safepoint: 27400 ns, Total: 246404 ns
[4.588s][info ][safepoint      ] Safepoint "ICBufferFull", Time since last: 17298843 ns, Reaching safepoint: 137703 ns, At safepoint: 27901 ns, Total: 165604 ns
[4.598s][info ][safepoint      ] Safepoint "ICBufferFull", Time since last: 10152101 ns, Reaching safepoint: 144003 ns, At safepoint: 27000 ns, Total: 171003 ns
[4.604s][info ][safepoint      ] Safepoint "ICBufferFull", Time since last: 5668912 ns, Reaching safepoint: 120603 ns, At safepoint: 24200 ns, Total: 144803 ns
[4.610s][info ][safepoint      ] Safepoint "ICBufferFull", Time since last: 5545010 ns, Reaching safepoint: 123403 ns, At safepoint: 23600 ns, Total: 147003 ns
[4.651s][info ][safepoint      ] Safepoint "ICBufferFull", Time since last: 41528223 ns, Reaching safepoint: 142903 ns, At safepoint: 27801 ns, Total: 170704 ns
[4.683s][info ][gc,start       ] GC(5) Pause Young (Allocation Failure)
[4.778s][debug][gc,phases      ] GC(5) Scavenge 94.598ms
[4.778s][debug][gc,ref         ] GC(5) Skipped phase 1 of Reference Processing: no references
[4.778s][debug][gc,ref         ] GC(5) ReferenceProcessor::execute queues: 4, RefProcThreadModel::Multi, marks_oops_alive: false
[4.778s][debug][gc,ref         ] GC(5) Skipped phase 3 of Reference Processing: no references
[4.778s][debug][gc,ref         ] GC(5) ReferenceProcessor::execute queues: 1, RefProcThreadModel::Single, marks_oops_alive: false
[4.778s][debug][gc,phases      ] GC(5) Reference Processing 0.309ms
[4.778s][debug][gc,phases      ] GC(5)   VM Weak                        Min:  0.0, Avg:  0.0, Max:  0.0, Diff:  0.0, Sum:  0.0, Workers: 4
[4.778s][debug][gc,phases      ] GC(5)     Dead                           Min: 0, Avg:  0.0, Max: 0, Diff: 0, Sum: 0, Workers: 4
[4.778s][debug][gc,phases      ] GC(5)     Total                          Min: 0, Avg: 96.2, Max: 314, Diff: 314, Sum: 385, Workers: 4
[4.778s][debug][gc,phases      ] GC(5)   ObjectSynchronizer Weak        Min:  0.0, Avg:  0.0, Max:  0.0, Diff:  0.0, Sum:  0.0, Workers: 4
[4.778s][debug][gc,phases      ] GC(5)     Dead                           Min: 0, Avg:  1.2, Max: 5, Diff: 5, Sum: 5, Workers: 4
[4.778s][debug][gc,phases      ] GC(5)     Total                          Min: 0, Avg: 93.0, Max: 192, Diff: 192, Sum: 372, Workers: 4
[4.778s][debug][gc,phases      ] GC(5)   JVMTI Tag Weak OopStorage      Min:  0.0, Avg:  0.0, Max:  0.0, Diff:  0.0, Sum:  0.0, Workers: 4
[4.778s][debug][gc,phases      ] GC(5)     Dead                           Min: 0, Avg:  0.0, Max: 0, Diff: 0, Sum: 0, Workers: 4
[4.778s][debug][gc,phases      ] GC(5)     Total                          Min: 0, Avg:  0.0, Max: 0, Diff: 0, Sum: 0, Workers: 4
[4.778s][debug][gc,phases      ] GC(5)   StringTable Weak               Min:  0.3, Avg:  0.3, Max:  0.3, Diff:  0.0, Sum:  1.2, Workers: 4
[4.778s][debug][gc,phases      ] GC(5)     Dead                           Min: 0, Avg:  3.2, Max: 13, Diff: 13, Sum: 13, Workers: 4
[4.778s][debug][gc,phases      ] GC(5)     Total                          Min: 6144, Avg: 9245.5, Max: 10816, Diff: 4672, Sum: 36982, Workers: 4
[4.778s][debug][gc,phases      ] GC(5)   ResolvedMethodTable Weak       Min:  0.0, Avg:  0.0, Max:  0.0, Diff:  0.0, Sum:  0.2, Workers: 4
[4.778s][debug][gc,phases      ] GC(5)     Dead                           Min: 0, Avg:  0.0, Max: 0, Diff: 0, Sum: 0, Workers: 4
[4.778s][debug][gc,phases      ] GC(5)     Total                          Min: 622, Avg: 1152.0, Max: 1497, Diff: 875, Sum: 4608, Workers: 4
[4.778s][debug][gc,phases      ] GC(5)   JNI Weak                       Min:  0.0, Avg:  0.0, Max:  0.0, Diff:  0.0, Sum:  0.0, Workers: 4
[4.778s][debug][gc,phases      ] GC(5)     Dead                           Min: 0, Avg:  0.0, Max: 0, Diff: 0, Sum: 0, Workers: 4
[4.778s][debug][gc,phases      ] GC(5)     Total                          Min: 0, Avg:  0.0, Max: 0, Diff: 0, Sum: 0, Workers: 4
[4.778s][debug][gc,phases      ] GC(5)   StringDedup Table Weak         Min:  0.0, Avg:  0.0, Max:  0.0, Diff:  0.0, Sum:  0.0, Workers: 4
[4.778s][debug][gc,phases      ] GC(5)     Dead                           Min: 0, Avg:  0.0, Max: 0, Diff: 0, Sum: 0, Workers: 4
[4.779s][debug][gc,phases      ] GC(5)     Total                          Min: 0, Avg:  0.0, Max: 0, Diff: 0, Sum: 0, Workers: 4
[4.779s][debug][gc,phases      ] GC(5)   StringDedup Requests0 Weak     Min:  0.0, Avg:  0.0, Max:  0.0, Diff:  0.0, Sum:  0.0, Workers: 4
[4.779s][debug][gc,phases      ] GC(5)     Dead                           Min: 0, Avg:  0.0, Max: 0, Diff: 0, Sum: 0, Workers: 4
[4.779s][debug][gc,phases      ] GC(5)     Total                          Min: 0, Avg:  0.0, Max: 0, Diff: 0, Sum: 0, Workers: 4
[4.779s][debug][gc,phases      ] GC(5)   StringDedup Requests1 Weak     Min:  0.0, Avg:  0.0, Max:  0.0, Diff:  0.0, Sum:  0.0, Workers: 4
[4.779s][debug][gc,phases      ] GC(5)     Dead                           Min: 0, Avg:  0.0, Max: 0, Diff: 0, Sum: 0, Workers: 4
[4.779s][debug][gc,phases      ] GC(5)     Total                          Min: 0, Avg:  0.0, Max: 0, Diff: 0, Sum: 0, Workers: 4
[4.779s][debug][gc,phases      ] GC(5)   Weak JFR Old Object Samples    Min:  0.0, Avg:  0.0, Max:  0.0, Diff:  0.0, Sum:  0.0, Workers: 4
[4.779s][debug][gc,phases      ] GC(5)     Dead                           Min: 0, Avg:  0.0, Max: 0, Diff: 0, Sum: 0, Workers: 4
[4.779s][debug][gc,phases      ] GC(5)     Total                          Min: 0, Avg:  0.0, Max: 0, Diff: 0, Sum: 0, Workers: 4
[4.779s][debug][gc,phases      ] GC(5) Weak Processing 0.542ms
[4.779s][debug][gc,age         ] GC(5) Desired survivor size 536870912 bytes, new threshold 7 (max threshold 15)
[4.779s][info ][gc,heap        ] GC(5) PSYoungGen: 1048576K(1572864K)->174123K(1572864K) Eden: 1048576K(1048576K)->0K(1048576K) From: 0K(524288K)->174123K(524288K)
[4.779s][info ][gc,heap        ] GC(5) ParOldGen: 6117K(18944K)->6133K(18944K)
[4.779s][info ][gc,metaspace   ] GC(5) Metaspace: 51444K(52032K)->51444K(52032K) NonClass: 43877K(44224K)->43877K(44224K) Class: 7566K(7808K)->7566K(7808K)
[4.779s][info ][gc             ] GC(5) Pause Young (Allocation Failure) 1029M->176M(1554M) 95.578ms
[4.779s][info ][gc,cpu         ] GC(5) User=0.34s Sys=0.04s Real=0.09s
[4.779s][info ][safepoint      ] Safepoint "ParallelGCFailedAllocation", Time since last: 31645127 ns, Reaching safepoint: 134502 ns, At safepoint: 95675196 ns, Total: 95809698 ns
[4.801s][info ][safepoint      ] Safepoint "ICBufferFull", Time since last: 22155839 ns, Reaching safepoint: 124003 ns, At safepoint: 30101 ns, Total: 154104 ns
[4.805s][info ][safepoint      ] Safepoint "ICBufferFull", Time since last: 3517569 ns, Reaching safepoint: 105302 ns, At safepoint: 29701 ns, Total: 135003 ns
[4.807s][info ][safepoint      ] Safepoint "ICBufferFull", Time since last: 2739654 ns, Reaching safepoint: 99402 ns, At safepoint: 30501 ns, Total: 129903 ns
[4.814s][info ][safepoint      ] Safepoint "ICBufferFull", Time since last: 6561330 ns, Reaching safepoint: 96002 ns, At safepoint: 28900 ns, Total: 124902 ns
[4.822s][info ][safepoint      ] Safepoint "ICBufferFull", Time since last: 6725434 ns, Reaching safepoint: 577011 ns, At safepoint: 22900 ns, Total: 599911 ns
[4.834s][info ][safepoint      ] Safepoint "ICBufferFull", Time since last: 12657351 ns, Reaching safepoint: 71602 ns, At safepoint: 24600 ns, Total: 96202 ns
[4.834s][info ][safepoint      ] Safepoint "ICBufferFull", Time since last: 66401 ns, Reaching safepoint: 108003 ns, At safepoint: 26200 ns, Total: 134203 ns
[4.844s][info ][safepoint      ] Safepoint "ICBufferFull", Time since last: 9261284 ns, Reaching safepoint: 120502 ns, At safepoint: 29801 ns, Total: 150303 ns
[4.860s][info ][safepoint      ] Safepoint "ICBufferFull", Time since last: 15654610 ns, Reaching safepoint: 130002 ns, At safepoint: 26601 ns, Total: 156603 ns
[4.862s][info ][safepoint      ] Safepoint "ICBufferFull", Time since last: 2504450 ns, Reaching safepoint: 98802 ns, At safepoint: 23000 ns, Total: 121802 ns
[4.865s][info ][safepoint      ] Safepoint "ICBufferFull", Time since last: 2428848 ns, Reaching safepoint: 88102 ns, At safepoint: 24100 ns, Total: 112202 ns
[4.877s][info ][safepoint      ] Safepoint "ICBufferFull", Time since last: 12205442 ns, Reaching safepoint: 121303 ns, At safepoint: 22800 ns, Total: 144103 ns
[4.879s][info ][safepoint      ] Safepoint "ICBufferFull", Time since last: 2075641 ns, Reaching safepoint: 113403 ns, At safepoint: 21900 ns, Total: 135303 ns
[4.882s][info ][safepoint      ] Safepoint "ICBufferFull", Time since last: 2301846 ns, Reaching safepoint: 108002 ns, At safepoint: 25500 ns, Total: 133502 ns
[4.888s][info ][safepoint      ] Safepoint "ICBufferFull", Time since last: 6406127 ns, Reaching safepoint: 112102 ns, At safepoint: 21801 ns, Total: 133903 ns
[4.949s][info ][safepoint      ] Safepoint "ParallelGCFailedAllocation", Time since last: 60433897 ns, Reaching safepoint: 169004 ns, At safepoint: 38101 ns, Total: 207105 ns
[4.949s][info ][gc,start       ] GC(6) Pause Young (GCLocker Initiated GC)
[5.034s][debug][gc,phases      ] GC(6) Scavenge 84.625ms
[5.034s][debug][gc,ref         ] GC(6) Skipped phase 1 of Reference Processing: no references
[5.034s][debug][gc,ref         ] GC(6) ReferenceProcessor::execute queues: 4, RefProcThreadModel::Multi, marks_oops_alive: false
[5.034s][debug][gc,ref         ] GC(6) Skipped phase 3 of Reference Processing: no references
[5.034s][debug][gc,ref         ] GC(6) ReferenceProcessor::execute queues: 1, RefProcThreadModel::Single, marks_oops_alive: false
[5.034s][debug][gc,phases      ] GC(6) Reference Processing 0.357ms
[5.035s][debug][gc,phases      ] GC(6)   VM Weak                        Min:  0.0, Avg:  0.0, Max:  0.0, Diff:  0.0, Sum:  0.0, Workers: 4
[5.035s][debug][gc,phases      ] GC(6)     Dead                           Min: 0, Avg:  0.0, Max: 0, Diff: 0, Sum: 0, Workers: 4
[5.035s][debug][gc,phases      ] GC(6)     Total                          Min: 0, Avg: 96.8, Max: 320, Diff: 320, Sum: 387, Workers: 4
[5.035s][debug][gc,phases      ] GC(6)   ObjectSynchronizer Weak        Min:  0.0, Avg:  0.0, Max:  0.0, Diff:  0.0, Sum:  0.0, Workers: 4
[5.035s][debug][gc,phases      ] GC(6)     Dead                           Min: 0, Avg:  0.0, Max: 0, Diff: 0, Sum: 0, Workers: 4
[5.035s][debug][gc,phases      ] GC(6)     Total                          Min: 0, Avg: 93.0, Max: 244, Diff: 244, Sum: 372, Workers: 4
[5.035s][debug][gc,phases      ] GC(6)   JVMTI Tag Weak OopStorage      Min:  0.0, Avg:  0.0, Max:  0.0, Diff:  0.0, Sum:  0.0, Workers: 4
[5.035s][debug][gc,phases      ] GC(6)     Dead                           Min: 0, Avg:  0.0, Max: 0, Diff: 0, Sum: 0, Workers: 4
[5.035s][debug][gc,phases      ] GC(6)     Total                          Min: 0, Avg:  0.0, Max: 0, Diff: 0, Sum: 0, Workers: 4
[5.035s][debug][gc,phases      ] GC(6)   StringTable Weak               Min:  0.3, Avg:  0.3, Max:  0.3, Diff:  0.0, Sum:  1.3, Workers: 4
[5.035s][debug][gc,phases      ] GC(6)     Dead                           Min: 0, Avg:  0.8, Max: 2, Diff: 2, Sum: 3, Workers: 4
[5.035s][debug][gc,phases      ] GC(6)     Total                          Min: 7069, Avg: 9319.2, Max: 11520, Diff: 4451, Sum: 37277, Workers: 4
[5.035s][debug][gc,phases      ] GC(6)   ResolvedMethodTable Weak       Min:  0.0, Avg:  0.0, Max:  0.0, Diff:  0.0, Sum:  0.2, Workers: 4
[5.035s][debug][gc,phases      ] GC(6)     Dead                           Min: 0, Avg:  4.8, Max: 10, Diff: 10, Sum: 19, Workers: 4
[5.035s][debug][gc,phases      ] GC(6)     Total                          Min: 819, Avg: 1169.8, Max: 1526, Diff: 707, Sum: 4679, Workers: 4
[5.035s][debug][gc,phases      ] GC(6)   JNI Weak                       Min:  0.0, Avg:  0.0, Max:  0.0, Diff:  0.0, Sum:  0.0, Workers: 4
[5.035s][debug][gc,phases      ] GC(6)     Dead                           Min: 0, Avg:  0.0, Max: 0, Diff: 0, Sum: 0, Workers: 4
[5.035s][debug][gc,phases      ] GC(6)     Total                          Min: 0, Avg:  1.5, Max: 6, Diff: 6, Sum: 6, Workers: 4
[5.035s][debug][gc,phases      ] GC(6)   StringDedup Table Weak         Min:  0.0, Avg:  0.0, Max:  0.0, Diff:  0.0, Sum:  0.0, Workers: 4
[5.035s][debug][gc,phases      ] GC(6)     Dead                           Min: 0, Avg:  0.0, Max: 0, Diff: 0, Sum: 0, Workers: 4
[5.035s][debug][gc,phases      ] GC(6)     Total                          Min: 0, Avg:  0.0, Max: 0, Diff: 0, Sum: 0, Workers: 4
[5.035s][debug][gc,phases      ] GC(6)   StringDedup Requests0 Weak     Min:  0.0, Avg:  0.0, Max:  0.0, Diff:  0.0, Sum:  0.0, Workers: 4
[5.035s][debug][gc,phases      ] GC(6)     Dead                           Min: 0, Avg:  0.0, Max: 0, Diff: 0, Sum: 0, Workers: 4
[5.035s][debug][gc,phases      ] GC(6)     Total                          Min: 0, Avg:  0.0, Max: 0, Diff: 0, Sum: 0, Workers: 4
[5.035s][debug][gc,phases      ] GC(6)   StringDedup Requests1 Weak     Min:  0.0, Avg:  0.0, Max:  0.0, Diff:  0.0, Sum:  0.0, Workers: 4
[5.035s][debug][gc,phases      ] GC(6)     Dead                           Min: 0, Avg:  0.0, Max: 0, Diff: 0, Sum: 0, Workers: 4
[5.035s][debug][gc,phases      ] GC(6)     Total                          Min: 0, Avg:  0.0, Max: 0, Diff: 0, Sum: 0, Workers: 4
[5.035s][debug][gc,phases      ] GC(6)   Weak JFR Old Object Samples    Min:  0.0, Avg:  0.0, Max:  0.0, Diff:  0.0, Sum:  0.0, Workers: 4
[5.035s][debug][gc,phases      ] GC(6)     Dead                           Min: 0, Avg:  0.0, Max: 0, Diff: 0, Sum: 0, Workers: 4
[5.035s][debug][gc,phases      ] GC(6)     Total                          Min: 0, Avg:  0.0, Max: 0, Diff: 0, Sum: 0, Workers: 4
[5.035s][debug][gc,phases      ] GC(6) Weak Processing 0.570ms
[5.035s][debug][gc,age         ] GC(6) Desired survivor size 536870912 bytes, new threshold 7 (max threshold 15)
[5.035s][info ][gc,heap        ] GC(6) PSYoungGen: 1222699K(1572864K)->172594K(1572864K) Eden: 1048576K(1048576K)->0K(1048576K) From: 174123K(524288K)->172594K(524288K)
[5.035s][info ][gc,heap        ] GC(6) ParOldGen: 6133K(18944K)->6141K(18944K)
[5.035s][info ][gc,metaspace   ] GC(6) Metaspace: 52083K(52608K)->52083K(52608K) NonClass: 44421K(44736K)->44421K(44736K) Class: 7661K(7872K)->7661K(7872K)
[5.035s][info ][gc             ] GC(6) Pause Young (GCLocker Initiated GC) 1200M->174M(1554M) 85.674ms
[5.035s][info ][gc,cpu         ] GC(6) User=0.32s Sys=0.07s Real=0.09s
[5.035s][info ][safepoint      ] Safepoint "ParallelGCSystemGC", Time since last: 98001 ns, Reaching safepoint: 89302 ns, At safepoint: 85781100 ns, Total: 85870402 ns
[5.409s][info ][safepoint      ] Safepoint "ICBufferFull", Time since last: 373469301 ns, Reaching safepoint: 247705 ns, At safepoint: 29801 ns, Total: 277506 ns
[5.443s][info ][gc,start       ] GC(7) Pause Young (Allocation Failure)
[5.514s][debug][gc,phases      ] GC(7) Scavenge 71.044ms
[5.514s][debug][gc,ref         ] GC(7) Skipped phase 1 of Reference Processing: no references
[5.514s][debug][gc,ref         ] GC(7) ReferenceProcessor::execute queues: 4, RefProcThreadModel::Multi, marks_oops_alive: false
[5.515s][debug][gc,ref         ] GC(7) Skipped phase 3 of Reference Processing: no references
[5.515s][debug][gc,ref         ] GC(7) ReferenceProcessor::execute queues: 1, RefProcThreadModel::Single, marks_oops_alive: false
[5.515s][debug][gc,phases      ] GC(7) Reference Processing 0.376ms
[5.515s][debug][gc,phases      ] GC(7)   VM Weak                        Min:  0.0, Avg:  0.0, Max:  0.0, Diff:  0.0, Sum:  0.0, Workers: 4
[5.515s][debug][gc,phases      ] GC(7)     Dead                           Min: 0, Avg:  0.0, Max: 0, Diff: 0, Sum: 0, Workers: 4
[5.515s][debug][gc,phases      ] GC(7)     Total                          Min: 0, Avg: 101.8, Max: 320, Diff: 320, Sum: 407, Workers: 4
[5.515s][debug][gc,phases      ] GC(7)   ObjectSynchronizer Weak        Min:  0.0, Avg:  0.0, Max:  0.0, Diff:  0.0, Sum:  0.0, Workers: 4
[5.515s][debug][gc,phases      ] GC(7)     Dead                           Min: 0, Avg:  0.2, Max: 1, Diff: 1, Sum: 1, Workers: 4
[5.515s][debug][gc,phases      ] GC(7)     Total                          Min: 0, Avg: 93.0, Max: 192, Diff: 192, Sum: 372, Workers: 4
[5.515s][debug][gc,phases      ] GC(7)   JVMTI Tag Weak OopStorage      Min:  0.0, Avg:  0.0, Max:  0.0, Diff:  0.0, Sum:  0.0, Workers: 4
[5.515s][debug][gc,phases      ] GC(7)     Dead                           Min: 0, Avg:  0.0, Max: 0, Diff: 0, Sum: 0, Workers: 4
[5.515s][debug][gc,phases      ] GC(7)     Total                          Min: 0, Avg:  0.0, Max: 0, Diff: 0, Sum: 0, Workers: 4
[5.515s][debug][gc,phases      ] GC(7)   StringTable Weak               Min:  0.3, Avg:  0.3, Max:  0.3, Diff:  0.0, Sum:  1.3, Workers: 4
[5.515s][debug][gc,phases      ] GC(7)     Dead                           Min: 0, Avg:  4.2, Max: 16, Diff: 16, Sum: 17, Workers: 4
[5.515s][debug][gc,phases      ] GC(7)     Total                          Min: 6784, Avg: 9675.2, Max: 12333, Diff: 5549, Sum: 38701, Workers: 4
[5.515s][debug][gc,phases      ] GC(7)   ResolvedMethodTable Weak       Min:  0.0, Avg:  0.0, Max:  0.0, Diff:  0.0, Sum:  0.2, Workers: 4
[5.515s][debug][gc,phases      ] GC(7)     Dead                           Min: 1, Avg:  7.5, Max: 21, Diff: 20, Sum: 30, Workers: 4
[5.515s][debug][gc,phases      ] GC(7)     Total                          Min: 960, Avg: 1349.5, Max: 1920, Diff: 960, Sum: 5398, Workers: 4
[5.515s][debug][gc,phases      ] GC(7)   JNI Weak                       Min:  0.0, Avg:  0.0, Max:  0.0, Diff:  0.0, Sum:  0.0, Workers: 4
[5.515s][debug][gc,phases      ] GC(7)     Dead                           Min: 0, Avg:  0.0, Max: 0, Diff: 0, Sum: 0, Workers: 4
[5.515s][debug][gc,phases      ] GC(7)     Total                          Min: 0, Avg:  0.2, Max: 1, Diff: 1, Sum: 1, Workers: 4
[5.515s][debug][gc,phases      ] GC(7)   StringDedup Table Weak         Min:  0.0, Avg:  0.0, Max:  0.0, Diff:  0.0, Sum:  0.0, Workers: 4
[5.515s][debug][gc,phases      ] GC(7)     Dead                           Min: 0, Avg:  0.0, Max: 0, Diff: 0, Sum: 0, Workers: 4
[5.515s][debug][gc,phases      ] GC(7)     Total                          Min: 0, Avg:  0.0, Max: 0, Diff: 0, Sum: 0, Workers: 4
[5.515s][debug][gc,phases      ] GC(7)   StringDedup Requests0 Weak     Min:  0.0, Avg:  0.0, Max:  0.0, Diff:  0.0, Sum:  0.0, Workers: 4
[5.515s][debug][gc,phases      ] GC(7)     Dead                           Min: 0, Avg:  0.0, Max: 0, Diff: 0, Sum: 0, Workers: 4
[5.515s][debug][gc,phases      ] GC(7)     Total                          Min: 0, Avg:  0.0, Max: 0, Diff: 0, Sum: 0, Workers: 4
[5.515s][debug][gc,phases      ] GC(7)   StringDedup Requests1 Weak     Min:  0.0, Avg:  0.0, Max:  0.0, Diff:  0.0, Sum:  0.0, Workers: 4
[5.515s][debug][gc,phases      ] GC(7)     Dead                           Min: 0, Avg:  0.0, Max: 0, Diff: 0, Sum: 0, Workers: 4
[5.515s][debug][gc,phases      ] GC(7)     Total                          Min: 0, Avg:  0.0, Max: 0, Diff: 0, Sum: 0, Workers: 4
[5.515s][debug][gc,phases      ] GC(7)   Weak JFR Old Object Samples    Min:  0.0, Avg:  0.0, Max:  0.0, Diff:  0.0, Sum:  0.0, Workers: 4
[5.515s][debug][gc,phases      ] GC(7)     Dead                           Min: 0, Avg:  0.0, Max: 0, Diff: 0, Sum: 0, Workers: 4
[5.515s][debug][gc,phases      ] GC(7)     Total                          Min: 0, Avg:  0.0, Max: 0, Diff: 0, Sum: 0, Workers: 4
[5.515s][debug][gc,phases      ] GC(7) Weak Processing 0.573ms
[5.515s][debug][gc,age         ] GC(7) Desired survivor size 268959744 bytes, new threshold 8 (max threshold 15)
[5.515s][info ][gc,heap        ] GC(7) PSYoungGen: 1221170K(1572864K)->178535K(1834496K) Eden: 1048576K(1048576K)->0K(1310208K) From: 172594K(524288K)->178535K(524288K)
[5.515s][info ][gc,heap        ] GC(7) ParOldGen: 6142K(18944K)->6150K(18944K)
[5.515s][info ][gc,metaspace   ] GC(7) Metaspace: 55308K(55872K)->55308K(55872K) NonClass: 47062K(47360K)->47062K(47360K) Class: 8246K(8512K)->8246K(8512K)
[5.515s][info ][gc             ] GC(7) Pause Young (Allocation Failure) 1198M->180M(1810M) 72.144ms
[5.515s][info ][gc,cpu         ] GC(7) User=0.28s Sys=0.01s Real=0.07s
[5.515s][info ][safepoint      ] Safepoint "ParallelGCFailedAllocation", Time since last: 34321080 ns, Reaching safepoint: 137303 ns, At safepoint: 72266332 ns, Total: 72403635 ns
[5.833s][info ][gc,start       ] GC(8) Pause Young (Allocation Failure)
[5.934s][debug][gc,phases      ] GC(8) Scavenge 100.267ms
[5.934s][debug][gc,ref         ] GC(8) Skipped phase 1 of Reference Processing: no references
[5.934s][debug][gc,ref         ] GC(8) ReferenceProcessor::execute queues: 4, RefProcThreadModel::Multi, marks_oops_alive: false
[5.934s][debug][gc,ref         ] GC(8) Skipped phase 3 of Reference Processing: no references
[5.934s][debug][gc,ref         ] GC(8) ReferenceProcessor::execute queues: 1, RefProcThreadModel::Single, marks_oops_alive: false
[5.934s][debug][gc,phases      ] GC(8) Reference Processing 0.359ms
[5.934s][debug][gc,phases      ] GC(8)   VM Weak                        Min:  0.0, Avg:  0.0, Max:  0.0, Diff:  0.0, Sum:  0.0, Workers: 4
[5.934s][debug][gc,phases      ] GC(8)     Dead                           Min: 0, Avg:  0.0, Max: 0, Diff: 0, Sum: 0, Workers: 4
[5.934s][debug][gc,phases      ] GC(8)     Total                          Min: 0, Avg: 102.5, Max: 282, Diff: 282, Sum: 410, Workers: 4
[5.934s][debug][gc,phases      ] GC(8)   ObjectSynchronizer Weak        Min:  0.0, Avg:  0.0, Max:  0.0, Diff:  0.0, Sum:  0.0, Workers: 4
[5.934s][debug][gc,phases      ] GC(8)     Dead                           Min: 0, Avg:  0.5, Max: 2, Diff: 2, Sum: 2, Workers: 4
[5.934s][debug][gc,phases      ] GC(8)     Total                          Min: 0, Avg: 93.8, Max: 247, Diff: 247, Sum: 375, Workers: 4
[5.934s][debug][gc,phases      ] GC(8)   JVMTI Tag Weak OopStorage      Min:  0.0, Avg:  0.0, Max:  0.0, Diff:  0.0, Sum:  0.0, Workers: 4
[5.934s][debug][gc,phases      ] GC(8)     Dead                           Min: 0, Avg:  0.0, Max: 0, Diff: 0, Sum: 0, Workers: 4
[5.934s][debug][gc,phases      ] GC(8)     Total                          Min: 0, Avg:  0.0, Max: 0, Diff: 0, Sum: 0, Workers: 4
[5.934s][debug][gc,phases      ] GC(8)   StringTable Weak               Min:  0.4, Avg:  0.4, Max:  0.4, Diff:  0.0, Sum:  1.4, Workers: 4
[5.934s][debug][gc,phases      ] GC(8)     Dead                           Min: 0, Avg:  4.0, Max: 14, Diff: 14, Sum: 16, Workers: 4
[5.935s][debug][gc,phases      ] GC(8)     Total                          Min: 8000, Avg: 9750.8, Max: 11776, Diff: 3776, Sum: 39003, Workers: 4
[5.935s][debug][gc,phases      ] GC(8)   ResolvedMethodTable Weak       Min:  0.0, Avg:  0.0, Max:  0.1, Diff:  0.0, Sum:  0.2, Workers: 4
[5.935s][debug][gc,phases      ] GC(8)     Dead                           Min: 0, Avg:  4.0, Max: 7, Diff: 7, Sum: 16, Workers: 4
[5.935s][debug][gc,phases      ] GC(8)     Total                          Min: 896, Avg: 1401.5, Max: 1856, Diff: 960, Sum: 5606, Workers: 4
[5.935s][debug][gc,phases      ] GC(8)   JNI Weak                       Min:  0.0, Avg:  0.0, Max:  0.0, Diff:  0.0, Sum:  0.0, Workers: 4
[5.935s][debug][gc,phases      ] GC(8)     Dead                           Min: 0, Avg:  0.0, Max: 0, Diff: 0, Sum: 0, Workers: 4
[5.935s][debug][gc,phases      ] GC(8)     Total                          Min: 0, Avg:  2.0, Max: 8, Diff: 8, Sum: 8, Workers: 4
[5.935s][debug][gc,phases      ] GC(8)   StringDedup Table Weak         Min:  0.0, Avg:  0.0, Max:  0.0, Diff:  0.0, Sum:  0.0, Workers: 4
[5.935s][debug][gc,phases      ] GC(8)     Dead                           Min: 0, Avg:  0.0, Max: 0, Diff: 0, Sum: 0, Workers: 4
[5.935s][debug][gc,phases      ] GC(8)     Total                          Min: 0, Avg:  0.0, Max: 0, Diff: 0, Sum: 0, Workers: 4
[5.935s][debug][gc,phases      ] GC(8)   StringDedup Requests0 Weak     Min:  0.0, Avg:  0.0, Max:  0.0, Diff:  0.0, Sum:  0.0, Workers: 4
[5.935s][debug][gc,phases      ] GC(8)     Dead                           Min: 0, Avg:  0.0, Max: 0, Diff: 0, Sum: 0, Workers: 4
[5.935s][debug][gc,phases      ] GC(8)     Total                          Min: 0, Avg:  0.0, Max: 0, Diff: 0, Sum: 0, Workers: 4
[5.935s][debug][gc,phases      ] GC(8)   StringDedup Requests1 Weak     Min:  0.0, Avg:  0.0, Max:  0.0, Diff:  0.0, Sum:  0.0, Workers: 4
[5.935s][debug][gc,phases      ] GC(8)     Dead                           Min: 0, Avg:  0.0, Max: 0, Diff: 0, Sum: 0, Workers: 4
[5.935s][debug][gc,phases      ] GC(8)     Total                          Min: 0, Avg:  0.0, Max: 0, Diff: 0, Sum: 0, Workers: 4
[5.935s][debug][gc,phases      ] GC(8)   Weak JFR Old Object Samples    Min:  0.0, Avg:  0.0, Max:  0.0, Diff:  0.0, Sum:  0.0, Workers: 4
[5.935s][debug][gc,phases      ] GC(8)     Dead                           Min: 0, Avg:  0.0, Max: 0, Diff: 0, Sum: 0, Workers: 4
[5.935s][debug][gc,phases      ] GC(8)     Total                          Min: 0, Avg:  0.0, Max: 0, Diff: 0, Sum: 0, Workers: 4
[5.935s][debug][gc,phases      ] GC(8) Weak Processing 0.601ms
[5.935s][debug][gc,age         ] GC(8) Desired survivor size 281542656 bytes, new threshold 9 (max threshold 15)
[5.935s][info ][gc,heap        ] GC(8) PSYoungGen: 1488743K(1834496K)->182089K(1572864K) Eden: 1310208K(1310208K)->0K(1310208K) From: 178535K(524288K)->182089K(262656K)
[5.935s][info ][gc,heap        ] GC(8) ParOldGen: 6150K(18944K)->6158K(18944K)
[5.935s][info ][gc,metaspace   ] GC(8) Metaspace: 56269K(56832K)->56269K(56832K) NonClass: 47880K(48192K)->47880K(48192K) Class: 8389K(8640K)->8389K(8640K)
[5.935s][info ][gc             ] GC(8) Pause Young (Allocation Failure) 1459M->183M(1554M) 101.375ms
[5.935s][info ][gc,cpu         ] GC(8) User=0.32s Sys=0.10s Real=0.10s
[5.935s][info ][safepoint      ] Safepoint "ParallelGCFailedAllocation", Time since last: 310189947 ns, Reaching safepoint: 7564350 ns, At safepoint: 101492911 ns, Total: 109057261 ns
[6.330s][info ][gc,start       ] GC(9) Pause Young (Allocation Failure)
[6.426s][debug][gc,phases      ] GC(9) Scavenge 95.926ms
[6.426s][debug][gc,ref         ] GC(9) Skipped phase 1 of Reference Processing: no references
[6.426s][debug][gc,ref         ] GC(9) ReferenceProcessor::execute queues: 4, RefProcThreadModel::Multi, marks_oops_alive: false
[6.427s][debug][gc,ref         ] GC(9) Skipped phase 3 of Reference Processing: no references
[6.427s][debug][gc,ref         ] GC(9) ReferenceProcessor::execute queues: 1, RefProcThreadModel::Single, marks_oops_alive: false
[6.427s][debug][gc,phases      ] GC(9) Reference Processing 0.378ms
[6.427s][debug][gc,phases      ] GC(9)   VM Weak                        Min:  0.0, Avg:  0.0, Max:  0.0, Diff:  0.0, Sum:  0.0, Workers: 4
[6.427s][debug][gc,phases      ] GC(9)     Dead                           Min: 0, Avg:  0.0, Max: 0, Diff: 0, Sum: 0, Workers: 4
[6.427s][debug][gc,phases      ] GC(9)     Total                          Min: 0, Avg: 102.5, Max: 320, Diff: 320, Sum: 410, Workers: 4
[6.427s][debug][gc,phases      ] GC(9)   ObjectSynchronizer Weak        Min:  0.0, Avg:  0.0, Max:  0.0, Diff:  0.0, Sum:  0.0, Workers: 4
[6.427s][debug][gc,phases      ] GC(9)     Dead                           Min: 0, Avg:  0.0, Max: 0, Diff: 0, Sum: 0, Workers: 4
[6.427s][debug][gc,phases      ] GC(9)     Total                          Min: 0, Avg: 97.5, Max: 134, Diff: 134, Sum: 390, Workers: 4
[6.427s][debug][gc,phases      ] GC(9)   JVMTI Tag Weak OopStorage      Min:  0.0, Avg:  0.0, Max:  0.0, Diff:  0.0, Sum:  0.0, Workers: 4
[6.427s][debug][gc,phases      ] GC(9)     Dead                           Min: 0, Avg:  0.0, Max: 0, Diff: 0, Sum: 0, Workers: 4
[6.427s][debug][gc,phases      ] GC(9)     Total                          Min: 0, Avg:  0.0, Max: 0, Diff: 0, Sum: 0, Workers: 4
[6.427s][debug][gc,phases      ] GC(9)   StringTable Weak               Min:  0.4, Avg:  0.4, Max:  0.4, Diff:  0.0, Sum:  1.4, Workers: 4
[6.427s][debug][gc,phases      ] GC(9)     Dead                           Min: 0, Avg:  3.0, Max: 12, Diff: 12, Sum: 12, Workers: 4
[6.427s][debug][gc,phases      ] GC(9)     Total                          Min: 7346, Avg: 9772.5, Max: 11968, Diff: 4622, Sum: 39090, Workers: 4
[6.427s][debug][gc,phases      ] GC(9)   ResolvedMethodTable Weak       Min:  0.1, Avg:  0.1, Max:  0.1, Diff:  0.0, Sum:  0.2, Workers: 4
[6.427s][debug][gc,phases      ] GC(9)     Dead                           Min: 0, Avg:  0.0, Max: 0, Diff: 0, Sum: 0, Workers: 4
[6.427s][debug][gc,phases      ] GC(9)     Total                          Min: 960, Avg: 1401.5, Max: 1856, Diff: 896, Sum: 5606, Workers: 4
[6.427s][debug][gc,phases      ] GC(9)   JNI Weak                       Min:  0.0, Avg:  0.0, Max:  0.0, Diff:  0.0, Sum:  0.0, Workers: 4
[6.427s][debug][gc,phases      ] GC(9)     Dead                           Min: 0, Avg:  0.0, Max: 0, Diff: 0, Sum: 0, Workers: 4
[6.427s][debug][gc,phases      ] GC(9)     Total                          Min: 0, Avg:  0.8, Max: 3, Diff: 3, Sum: 3, Workers: 4
[6.427s][debug][gc,phases      ] GC(9)   StringDedup Table Weak         Min:  0.0, Avg:  0.0, Max:  0.0, Diff:  0.0, Sum:  0.0, Workers: 4
[6.427s][debug][gc,phases      ] GC(9)     Dead                           Min: 0, Avg:  0.0, Max: 0, Diff: 0, Sum: 0, Workers: 4
[6.427s][debug][gc,phases      ] GC(9)     Total                          Min: 0, Avg:  0.0, Max: 0, Diff: 0, Sum: 0, Workers: 4
[6.427s][debug][gc,phases      ] GC(9)   StringDedup Requests0 Weak     Min:  0.0, Avg:  0.0, Max:  0.0, Diff:  0.0, Sum:  0.0, Workers: 4
[6.427s][debug][gc,phases      ] GC(9)     Dead                           Min: 0, Avg:  0.0, Max: 0, Diff: 0, Sum: 0, Workers: 4
[6.427s][debug][gc,phases      ] GC(9)     Total                          Min: 0, Avg:  0.0, Max: 0, Diff: 0, Sum: 0, Workers: 4
[6.427s][debug][gc,phases      ] GC(9)   StringDedup Requests1 Weak     Min:  0.0, Avg:  0.0, Max:  0.0, Diff:  0.0, Sum:  0.0, Workers: 4
[6.427s][debug][gc,phases      ] GC(9)     Dead                           Min: 0, Avg:  0.0, Max: 0, Diff: 0, Sum: 0, Workers: 4
[6.427s][debug][gc,phases      ] GC(9)     Total                          Min: 0, Avg:  0.0, Max: 0, Diff: 0, Sum: 0, Workers: 4
[6.427s][debug][gc,phases      ] GC(9)   Weak JFR Old Object Samples    Min:  0.0, Avg:  0.0, Max:  0.0, Diff:  0.0, Sum:  0.0, Workers: 4
[6.427s][debug][gc,phases      ] GC(9)     Dead                           Min: 0, Avg:  0.0, Max: 0, Diff: 0, Sum: 0, Workers: 4
[6.427s][debug][gc,phases      ] GC(9)     Total                          Min: 0, Avg:  0.0, Max: 0, Diff: 0, Sum: 0, Workers: 4
[6.427s][debug][gc,phases      ] GC(9) Weak Processing 0.615ms
[6.427s][debug][gc,age         ] GC(9) Desired survivor size 292552704 bytes, new threshold 10 (max threshold 15)
[6.427s][info ][gc,heap        ] GC(9) PSYoungGen: 1492297K(1572864K)->191584K(1800704K) Eden: 1310208K(1310208K)->0K(1525760K) From: 182089K(262656K)->191584K(274944K)
[6.427s][info ][gc,heap        ] GC(9) ParOldGen: 6158K(18944K)->6166K(18944K)
[6.427s][info ][gc,metaspace   ] GC(9) Metaspace: 56421K(56960K)->56421K(56960K) NonClass: 48031K(48320K)->48031K(48320K) Class: 8389K(8640K)->8389K(8640K)
[6.427s][info ][gc             ] GC(9) Pause Young (Allocation Failure) 1463M->193M(1777M) 97.065ms
[6.427s][info ][gc,cpu         ] GC(9) User=0.43s Sys=0.05s Real=0.09s
[6.427s][info ][safepoint      ] Safepoint "ParallelGCFailedAllocation", Time since last: 395359935 ns, Reaching safepoint: 222904 ns, At safepoint: 97191026 ns, Total: 97413930 ns
[6.688s][info ][gc,start       ] GC(10) Pause Young (Allocation Failure)
[6.758s][debug][gc,phases      ] GC(10) Scavenge 69.787ms
[6.758s][debug][gc,ref         ] GC(10) Skipped phase 1 of Reference Processing: no references
[6.758s][debug][gc,ref         ] GC(10) ReferenceProcessor::execute queues: 4, RefProcThreadModel::Multi, marks_oops_alive: false
[6.758s][debug][gc,ref         ] GC(10) Skipped phase 3 of Reference Processing: no references
[6.758s][debug][gc,ref         ] GC(10) ReferenceProcessor::execute queues: 1, RefProcThreadModel::Single, marks_oops_alive: false
[6.758s][debug][gc,phases      ] GC(10) Reference Processing 0.302ms
[6.759s][debug][gc,phases      ] GC(10)   VM Weak                        Min:  0.0, Avg:  0.0, Max:  0.0, Diff:  0.0, Sum:  0.0, Workers: 4
[6.759s][debug][gc,phases      ] GC(10)     Dead                           Min: 0, Avg:  0.0, Max: 0, Diff: 0, Sum: 0, Workers: 4
[6.759s][debug][gc,phases      ] GC(10)     Total                          Min: 0, Avg: 102.8, Max: 256, Diff: 256, Sum: 411, Workers: 4
[6.759s][debug][gc,phases      ] GC(10)   ObjectSynchronizer Weak        Min:  0.0, Avg:  0.0, Max:  0.0, Diff:  0.0, Sum:  0.0, Workers: 4
[6.759s][debug][gc,phases      ] GC(10)     Dead                           Min: 0, Avg:  0.0, Max: 0, Diff: 0, Sum: 0, Workers: 4
[6.759s][debug][gc,phases      ] GC(10)     Total                          Min: 0, Avg: 97.5, Max: 192, Diff: 192, Sum: 390, Workers: 4
[6.759s][debug][gc,phases      ] GC(10)   JVMTI Tag Weak OopStorage      Min:  0.0, Avg:  0.0, Max:  0.0, Diff:  0.0, Sum:  0.0, Workers: 4
[6.759s][debug][gc,phases      ] GC(10)     Dead                           Min: 0, Avg:  0.0, Max: 0, Diff: 0, Sum: 0, Workers: 4
[6.759s][debug][gc,phases      ] GC(10)     Total                          Min: 0, Avg:  0.0, Max: 0, Diff: 0, Sum: 0, Workers: 4
[6.759s][debug][gc,phases      ] GC(10)   StringTable Weak               Min:  0.3, Avg:  0.3, Max:  0.3, Diff:  0.0, Sum:  1.2, Workers: 4
[6.759s][debug][gc,phases      ] GC(10)     Dead                           Min: 0, Avg:  3.8, Max: 14, Diff: 14, Sum: 15, Workers: 4
[6.759s][debug][gc,phases      ] GC(10)     Total                          Min: 8576, Avg: 9829.0, Max: 11200, Diff: 2624, Sum: 39316, Workers: 4
[6.759s][debug][gc,phases      ] GC(10)   ResolvedMethodTable Weak       Min:  0.0, Avg:  0.0, Max:  0.0, Diff:  0.0, Sum:  0.2, Workers: 4
[6.759s][debug][gc,phases      ] GC(10)     Dead                           Min: 0, Avg:  3.8, Max: 15, Diff: 15, Sum: 15, Workers: 4
[6.759s][debug][gc,phases      ] GC(10)     Total                          Min: 1344, Avg: 1424.0, Max: 1664, Diff: 320, Sum: 5696, Workers: 4
[6.759s][debug][gc,phases      ] GC(10)   JNI Weak                       Min:  0.0, Avg:  0.0, Max:  0.0, Diff:  0.0, Sum:  0.0, Workers: 4
[6.759s][debug][gc,phases      ] GC(10)     Dead                           Min: 0, Avg:  0.0, Max: 0, Diff: 0, Sum: 0, Workers: 4
[6.759s][debug][gc,phases      ] GC(10)     Total                          Min: 0, Avg:  1.8, Max: 7, Diff: 7, Sum: 7, Workers: 4
[6.759s][debug][gc,phases      ] GC(10)   StringDedup Table Weak         Min:  0.0, Avg:  0.0, Max:  0.0, Diff:  0.0, Sum:  0.0, Workers: 4
[6.759s][debug][gc,phases      ] GC(10)     Dead                           Min: 0, Avg:  0.0, Max: 0, Diff: 0, Sum: 0, Workers: 4
[6.759s][debug][gc,phases      ] GC(10)     Total                          Min: 0, Avg:  0.0, Max: 0, Diff: 0, Sum: 0, Workers: 4
[6.759s][debug][gc,phases      ] GC(10)   StringDedup Requests0 Weak     Min:  0.0, Avg:  0.0, Max:  0.0, Diff:  0.0, Sum:  0.0, Workers: 4
[6.759s][debug][gc,phases      ] GC(10)     Dead                           Min: 0, Avg:  0.0, Max: 0, Diff: 0, Sum: 0, Workers: 4
[6.759s][debug][gc,phases      ] GC(10)     Total                          Min: 0, Avg:  0.0, Max: 0, Diff: 0, Sum: 0, Workers: 4
[6.759s][debug][gc,phases      ] GC(10)   StringDedup Requests1 Weak     Min:  0.0, Avg:  0.0, Max:  0.0, Diff:  0.0, Sum:  0.0, Workers: 4
[6.759s][debug][gc,phases      ] GC(10)     Dead                           Min: 0, Avg:  0.0, Max: 0, Diff: 0, Sum: 0, Workers: 4
[6.759s][debug][gc,phases      ] GC(10)     Total                          Min: 0, Avg:  0.0, Max: 0, Diff: 0, Sum: 0, Workers: 4
[6.759s][debug][gc,phases      ] GC(10)   Weak JFR Old Object Samples    Min:  0.0, Avg:  0.0, Max:  0.0, Diff:  0.0, Sum:  0.0, Workers: 4
[6.759s][debug][gc,phases      ] GC(10)     Dead                           Min: 0, Avg:  0.0, Max: 0, Diff: 0, Sum: 0, Workers: 4
[6.759s][debug][gc,phases      ] GC(10)     Total                          Min: 0, Avg:  0.0, Max: 0, Diff: 0, Sum: 0, Workers: 4
[6.759s][debug][gc,phases      ] GC(10) Weak Processing 0.544ms
[6.759s][debug][gc,age         ] GC(10) Desired survivor size 300417024 bytes, new threshold 11 (max threshold 15)
[6.759s][info ][gc,heap        ] GC(10) PSYoungGen: 1717344K(1800704K)->195506K(1721344K) Eden: 1525760K(1525760K)->0K(1525760K) From: 191584K(274944K)->195506K(195584K)
[6.759s][info ][gc,heap        ] GC(10) ParOldGen: 6166K(18944K)->6174K(18944K)
[6.759s][info ][gc,metaspace   ] GC(10) Metaspace: 57034K(57536K)->57034K(57536K) NonClass: 48558K(48832K)->48558K(48832K) Class: 8476K(8704K)->8476K(8704K)
[6.759s][info ][gc             ] GC(10) Pause Young (Allocation Failure) 1683M->196M(1699M) 70.775ms
[6.759s][info ][gc,cpu         ] GC(10) User=0.27s Sys=0.01s Real=0.07s
[6.759s][info ][safepoint      ] Safepoint "ParallelGCFailedAllocation", Time since last: 260483362 ns, Reaching safepoint: 192104 ns, At safepoint: 70885205 ns, Total: 71077309 ns
[7.061s][info ][gc,start       ] GC(11) Pause Young (Allocation Failure)
[7.135s][debug][gc,phases      ] GC(11) Scavenge 73.774ms
[7.135s][debug][gc,ref         ] GC(11) Skipped phase 1 of Reference Processing: no references
[7.135s][debug][gc,ref         ] GC(11) ReferenceProcessor::execute queues: 4, RefProcThreadModel::Multi, marks_oops_alive: false
[7.136s][debug][gc,ref         ] GC(11) Skipped phase 3 of Reference Processing: no references
[7.136s][debug][gc,ref         ] GC(11) ReferenceProcessor::execute queues: 1, RefProcThreadModel::Single, marks_oops_alive: false
[7.136s][debug][gc,phases      ] GC(11) Reference Processing 0.305ms
[7.136s][debug][gc,phases      ] GC(11)   VM Weak                        Min:  0.0, Avg:  0.0, Max:  0.0, Diff:  0.0, Sum:  0.0, Workers: 4
[7.136s][debug][gc,phases      ] GC(11)     Dead                           Min: 0, Avg:  0.0, Max: 0, Diff: 0, Sum: 0, Workers: 4
[7.136s][debug][gc,phases      ] GC(11)     Total                          Min: 0, Avg: 103.5, Max: 192, Diff: 192, Sum: 414, Workers: 4
[7.136s][debug][gc,phases      ] GC(11)   ObjectSynchronizer Weak        Min:  0.0, Avg:  0.0, Max:  0.0, Diff:  0.0, Sum:  0.0, Workers: 4
[7.136s][debug][gc,phases      ] GC(11)     Dead                           Min: 0, Avg:  0.0, Max: 0, Diff: 0, Sum: 0, Workers: 4
[7.136s][debug][gc,phases      ] GC(11)     Total                          Min: 0, Avg: 97.5, Max: 192, Diff: 192, Sum: 390, Workers: 4
[7.136s][debug][gc,phases      ] GC(11)   JVMTI Tag Weak OopStorage      Min:  0.0, Avg:  0.0, Max:  0.0, Diff:  0.0, Sum:  0.0, Workers: 4
[7.136s][debug][gc,phases      ] GC(11)     Dead                           Min: 0, Avg:  0.0, Max: 0, Diff: 0, Sum: 0, Workers: 4
[7.136s][debug][gc,phases      ] GC(11)     Total                          Min: 0, Avg:  0.0, Max: 0, Diff: 0, Sum: 0, Workers: 4
[7.136s][debug][gc,phases      ] GC(11)   StringTable Weak               Min:  0.3, Avg:  0.3, Max:  0.3, Diff:  0.0, Sum:  1.2, Workers: 4
[7.136s][debug][gc,phases      ] GC(11)     Dead                           Min: 0, Avg:  3.8, Max: 13, Diff: 13, Sum: 15, Workers: 4
[7.136s][debug][gc,phases      ] GC(11)     Total                          Min: 8832, Avg: 9905.2, Max: 11328, Diff: 2496, Sum: 39621, Workers: 4
[7.136s][debug][gc,phases      ] GC(11)   ResolvedMethodTable Weak       Min:  0.0, Avg:  0.0, Max:  0.0, Diff:  0.0, Sum:  0.2, Workers: 4
[7.136s][debug][gc,phases      ] GC(11)     Dead                           Min: 0, Avg:  3.5, Max: 12, Diff: 12, Sum: 14, Workers: 4
[7.136s][debug][gc,phases      ] GC(11)     Total                          Min: 1280, Avg: 1445.8, Max: 1623, Diff: 343, Sum: 5783, Workers: 4
[7.136s][debug][gc,phases      ] GC(11)   JNI Weak                       Min:  0.0, Avg:  0.0, Max:  0.0, Diff:  0.0, Sum:  0.0, Workers: 4
[7.136s][debug][gc,phases      ] GC(11)     Dead                           Min: 0, Avg:  0.0, Max: 0, Diff: 0, Sum: 0, Workers: 4
[7.136s][debug][gc,phases      ] GC(11)     Total                          Min: 0, Avg:  5.2, Max: 21, Diff: 21, Sum: 21, Workers: 4
[7.136s][debug][gc,phases      ] GC(11)   StringDedup Table Weak         Min:  0.0, Avg:  0.0, Max:  0.0, Diff:  0.0, Sum:  0.0, Workers: 4
[7.136s][debug][gc,phases      ] GC(11)     Dead                           Min: 0, Avg:  0.0, Max: 0, Diff: 0, Sum: 0, Workers: 4
[7.136s][debug][gc,phases      ] GC(11)     Total                          Min: 0, Avg:  0.0, Max: 0, Diff: 0, Sum: 0, Workers: 4
[7.136s][debug][gc,phases      ] GC(11)   StringDedup Requests0 Weak     Min:  0.0, Avg:  0.0, Max:  0.0, Diff:  0.0, Sum:  0.0, Workers: 4
[7.136s][debug][gc,phases      ] GC(11)     Dead                           Min: 0, Avg:  0.0, Max: 0, Diff: 0, Sum: 0, Workers: 4
[7.136s][debug][gc,phases      ] GC(11)     Total                          Min: 0, Avg:  0.0, Max: 0, Diff: 0, Sum: 0, Workers: 4
[7.136s][debug][gc,phases      ] GC(11)   StringDedup Requests1 Weak     Min:  0.0, Avg:  0.0, Max:  0.0, Diff:  0.0, Sum:  0.0, Workers: 4
[7.136s][debug][gc,phases      ] GC(11)     Dead                           Min: 0, Avg:  0.0, Max: 0, Diff: 0, Sum: 0, Workers: 4
[7.136s][debug][gc,phases      ] GC(11)     Total                          Min: 0, Avg:  0.0, Max: 0, Diff: 0, Sum: 0, Workers: 4
[7.136s][debug][gc,phases      ] GC(11)   Weak JFR Old Object Samples    Min:  0.0, Avg:  0.0, Max:  0.0, Diff:  0.0, Sum:  0.0, Workers: 4
[7.136s][debug][gc,phases      ] GC(11)     Dead                           Min: 0, Avg:  0.0, Max: 0, Diff: 0, Sum: 0, Workers: 4
[7.136s][debug][gc,phases      ] GC(11)     Total                          Min: 0, Avg:  0.0, Max: 0, Diff: 0, Sum: 0, Workers: 4
[7.136s][debug][gc,phases      ] GC(11) Weak Processing 0.530ms
[7.136s][debug][gc,age         ] GC(11) Desired survivor size 302514176 bytes, new threshold 11 (max threshold 15)
[7.136s][info ][gc,heap        ] GC(11) PSYoungGen: 1721266K(1721344K)->190659K(1799680K) Eden: 1525760K(1525760K)->0K(1506304K) From: 195506K(195584K)->190659K(293376K)
[7.136s][info ][gc,heap        ] GC(11) ParOldGen: 6174K(18944K)->6182K(18944K)
[7.136s][info ][gc,metaspace   ] GC(11) Metaspace: 57763K(58368K)->57763K(58368K) NonClass: 49181K(49536K)->49181K(49536K) Class: 8581K(8832K)->8581K(8832K)
[7.136s][info ][gc             ] GC(11) Pause Young (Allocation Failure) 1686M->192M(1776M) 74.751ms
[7.136s][info ][gc,cpu         ] GC(11) User=0.34s Sys=0.00s Real=0.08s
[7.136s][info ][safepoint      ] Safepoint "ParallelGCFailedAllocation", Time since last: 302166587 ns, Reaching safepoint: 173404 ns, At safepoint: 74865383 ns, Total: 75038787 ns
[7.446s][info ][safepoint      ] Safepoint "ICBufferFull", Time since last: 309168427 ns, Reaching safepoint: 257405 ns, At safepoint: 24201 ns, Total: 281606 ns
[7.472s][info ][gc,start       ] GC(12) Pause Young (Allocation Failure)
[7.543s][debug][gc,phases      ] GC(12) Scavenge 70.743ms
[7.543s][debug][gc,ref         ] GC(12) Skipped phase 1 of Reference Processing: no references
[7.543s][debug][gc,ref         ] GC(12) ReferenceProcessor::execute queues: 4, RefProcThreadModel::Multi, marks_oops_alive: false
[7.543s][debug][gc,ref         ] GC(12) Skipped phase 3 of Reference Processing: no references
[7.543s][debug][gc,ref         ] GC(12) ReferenceProcessor::execute queues: 1, RefProcThreadModel::Single, marks_oops_alive: false
[7.543s][debug][gc,phases      ] GC(12) Reference Processing 0.341ms
[7.544s][debug][gc,phases      ] GC(12)   VM Weak                        Min:  0.0, Avg:  0.0, Max:  0.0, Diff:  0.0, Sum:  0.0, Workers: 4
[7.544s][debug][gc,phases      ] GC(12)     Dead                           Min: 0, Avg:  0.0, Max: 0, Diff: 0, Sum: 0, Workers: 4
[7.544s][debug][gc,phases      ] GC(12)     Total                          Min: 0, Avg: 107.0, Max: 300, Diff: 300, Sum: 428, Workers: 4
[7.544s][debug][gc,phases      ] GC(12)   ObjectSynchronizer Weak        Min:  0.0, Avg:  0.0, Max:  0.0, Diff:  0.0, Sum:  0.0, Workers: 4
[7.544s][debug][gc,phases      ] GC(12)     Dead                           Min: 0, Avg:  0.0, Max: 0, Diff: 0, Sum: 0, Workers: 4
[7.544s][debug][gc,phases      ] GC(12)     Total                          Min: 0, Avg: 97.5, Max: 192, Diff: 192, Sum: 390, Workers: 4
[7.544s][debug][gc,phases      ] GC(12)   JVMTI Tag Weak OopStorage      Min:  0.0, Avg:  0.0, Max:  0.0, Diff:  0.0, Sum:  0.0, Workers: 4
[7.544s][debug][gc,phases      ] GC(12)     Dead                           Min: 0, Avg:  0.0, Max: 0, Diff: 0, Sum: 0, Workers: 4
[7.544s][debug][gc,phases      ] GC(12)     Total                          Min: 0, Avg:  0.0, Max: 0, Diff: 0, Sum: 0, Workers: 4
[7.544s][debug][gc,phases      ] GC(12)   StringTable Weak               Min:  0.3, Avg:  0.3, Max:  0.4, Diff:  0.0, Sum:  1.4, Workers: 4
[7.544s][debug][gc,phases      ] GC(12)     Dead                           Min: 0, Avg:  0.2, Max: 1, Diff: 1, Sum: 1, Workers: 4
[7.544s][debug][gc,phases      ] GC(12)     Total                          Min: 7232, Avg: 9936.2, Max: 12481, Diff: 5249, Sum: 39745, Workers: 4
[7.544s][debug][gc,phases      ] GC(12)   ResolvedMethodTable Weak       Min:  0.1, Avg:  0.1, Max:  0.1, Diff:  0.0, Sum:  0.2, Workers: 4
[7.544s][debug][gc,phases      ] GC(12)     Dead                           Min: 0, Avg:  1.0, Max: 4, Diff: 4, Sum: 4, Workers: 4
[7.544s][debug][gc,phases      ] GC(12)     Total                          Min: 960, Avg: 1463.5, Max: 1950, Diff: 990, Sum: 5854, Workers: 4
[7.544s][debug][gc,phases      ] GC(12)   JNI Weak                       Min:  0.0, Avg:  0.0, Max:  0.0, Diff:  0.0, Sum:  0.0, Workers: 4
[7.544s][debug][gc,phases      ] GC(12)     Dead                           Min: 0, Avg:  0.0, Max: 0, Diff: 0, Sum: 0, Workers: 4
[7.544s][debug][gc,phases      ] GC(12)     Total                          Min: 0, Avg:  5.5, Max: 22, Diff: 22, Sum: 22, Workers: 4
[7.544s][debug][gc,phases      ] GC(12)   StringDedup Table Weak         Min:  0.0, Avg:  0.0, Max:  0.0, Diff:  0.0, Sum:  0.0, Workers: 4
[7.544s][debug][gc,phases      ] GC(12)     Dead                           Min: 0, Avg:  0.0, Max: 0, Diff: 0, Sum: 0, Workers: 4
[7.544s][debug][gc,phases      ] GC(12)     Total                          Min: 0, Avg:  0.0, Max: 0, Diff: 0, Sum: 0, Workers: 4
[7.544s][debug][gc,phases      ] GC(12)   StringDedup Requests0 Weak     Min:  0.0, Avg:  0.0, Max:  0.0, Diff:  0.0, Sum:  0.0, Workers: 4
[7.544s][debug][gc,phases      ] GC(12)     Dead                           Min: 0, Avg:  0.0, Max: 0, Diff: 0, Sum: 0, Workers: 4
[7.544s][debug][gc,phases      ] GC(12)     Total                          Min: 0, Avg:  0.0, Max: 0, Diff: 0, Sum: 0, Workers: 4
[7.544s][debug][gc,phases      ] GC(12)   StringDedup Requests1 Weak     Min:  0.0, Avg:  0.0, Max:  0.0, Diff:  0.0, Sum:  0.0, Workers: 4
[7.544s][debug][gc,phases      ] GC(12)     Dead                           Min: 0, Avg:  0.0, Max: 0, Diff: 0, Sum: 0, Workers: 4
[7.544s][debug][gc,phases      ] GC(12)     Total                          Min: 0, Avg:  0.0, Max: 0, Diff: 0, Sum: 0, Workers: 4
[7.544s][debug][gc,phases      ] GC(12)   Weak JFR Old Object Samples    Min:  0.0, Avg:  0.0, Max:  0.0, Diff:  0.0, Sum:  0.0, Workers: 4
[7.544s][debug][gc,phases      ] GC(12)     Dead                           Min: 0, Avg:  0.0, Max: 0, Diff: 0, Sum: 0, Workers: 4
[7.544s][debug][gc,phases      ] GC(12)     Total                          Min: 0, Avg:  0.0, Max: 0, Diff: 0, Sum: 0, Workers: 4
[7.544s][debug][gc,phases      ] GC(12) Weak Processing 0.592ms
[7.544s][debug][gc,age         ] GC(12) Desired survivor size 301989888 bytes, new threshold 11 (max threshold 15)
[7.544s][info ][gc,heap        ] GC(12) PSYoungGen: 1696963K(1799680K)->188083K(1801728K) Eden: 1506304K(1506304K)->0K(1506304K) From: 190659K(293376K)->188083K(295424K)
[7.544s][info ][gc,heap        ] GC(12) ParOldGen: 6182K(18944K)->6190K(18944K)
[7.544s][info ][gc,metaspace   ] GC(12) Metaspace: 58212K(58816K)->58212K(58816K) NonClass: 49576K(49920K)->49576K(49920K) Class: 8636K(8896K)->8636K(8896K)
[7.544s][info ][gc             ] GC(12) Pause Young (Allocation Failure) 1663M->189M(1778M) 71.810ms
[7.544s][info ][gc,cpu         ] GC(12) User=0.29s Sys=0.01s Real=0.07s
[7.544s][info ][safepoint      ] Safepoint "ParallelGCFailedAllocation", Time since last: 26080616 ns, Reaching safepoint: 174704 ns, At safepoint: 71922425 ns, Total: 72097129 ns
[7.916s][info ][gc,start       ] GC(13) Pause Young (Allocation Failure)
[7.992s][debug][gc,phases      ] GC(13) Scavenge 76.217ms
[7.993s][debug][gc,ref         ] GC(13) Skipped phase 1 of Reference Processing: no references
[7.993s][debug][gc,ref         ] GC(13) ReferenceProcessor::execute queues: 4, RefProcThreadModel::Multi, marks_oops_alive: false
[7.993s][debug][gc,ref         ] GC(13) Skipped phase 3 of Reference Processing: no references
[7.993s][debug][gc,ref         ] GC(13) ReferenceProcessor::execute queues: 1, RefProcThreadModel::Single, marks_oops_alive: false
[7.993s][debug][gc,phases      ] GC(13) Reference Processing 0.346ms
[7.993s][debug][gc,phases      ] GC(13)   VM Weak                        Min:  0.0, Avg:  0.0, Max:  0.0, Diff:  0.0, Sum:  0.0, Workers: 4
[7.993s][debug][gc,phases      ] GC(13)     Dead                           Min: 0, Avg:  0.0, Max: 0, Diff: 0, Sum: 0, Workers: 4
[7.993s][debug][gc,phases      ] GC(13)     Total                          Min: 0, Avg: 107.0, Max: 256, Diff: 256, Sum: 428, Workers: 4
[7.993s][debug][gc,phases      ] GC(13)   ObjectSynchronizer Weak        Min:  0.0, Avg:  0.0, Max:  0.0, Diff:  0.0, Sum:  0.0, Workers: 4
[7.993s][debug][gc,phases      ] GC(13)     Dead                           Min: 0, Avg:  0.0, Max: 0, Diff: 0, Sum: 0, Workers: 4
[7.993s][debug][gc,phases      ] GC(13)     Total                          Min: 0, Avg: 97.5, Max: 256, Diff: 256, Sum: 390, Workers: 4
[7.993s][debug][gc,phases      ] GC(13)   JVMTI Tag Weak OopStorage      Min:  0.0, Avg:  0.0, Max:  0.0, Diff:  0.0, Sum:  0.0, Workers: 4
[7.993s][debug][gc,phases      ] GC(13)     Dead                           Min: 0, Avg:  0.0, Max: 0, Diff: 0, Sum: 0, Workers: 4
[7.993s][debug][gc,phases      ] GC(13)     Total                          Min: 0, Avg:  0.0, Max: 0, Diff: 0, Sum: 0, Workers: 4
[7.993s][debug][gc,phases      ] GC(13)   StringTable Weak               Min:  0.3, Avg:  0.3, Max:  0.3, Diff:  0.0, Sum:  1.3, Workers: 4
[7.993s][debug][gc,phases      ] GC(13)     Dead                           Min: 0, Avg:  3.0, Max: 12, Diff: 12, Sum: 12, Workers: 4
[7.993s][debug][gc,phases      ] GC(13)     Total                          Min: 7872, Avg: 9973.0, Max: 12736, Diff: 4864, Sum: 39892, Workers: 4
[7.993s][debug][gc,phases      ] GC(13)   ResolvedMethodTable Weak       Min:  0.1, Avg:  0.1, Max:  0.1, Diff:  0.0, Sum:  0.2, Workers: 4
[7.993s][debug][gc,phases      ] GC(13)     Dead                           Min: 0, Avg:  0.0, Max: 0, Diff: 0, Sum: 0, Workers: 4
[7.993s][debug][gc,phases      ] GC(13)     Total                          Min: 1087, Avg: 1466.0, Max: 1728, Diff: 641, Sum: 5864, Workers: 4
[7.993s][debug][gc,phases      ] GC(13)   JNI Weak                       Min:  0.0, Avg:  0.0, Max:  0.0, Diff:  0.0, Sum:  0.0, Workers: 4
[7.993s][debug][gc,phases      ] GC(13)     Dead                           Min: 0, Avg:  0.0, Max: 0, Diff: 0, Sum: 0, Workers: 4
[7.993s][debug][gc,phases      ] GC(13)     Total                          Min: 0, Avg:  7.2, Max: 29, Diff: 29, Sum: 29, Workers: 4
[7.993s][debug][gc,phases      ] GC(13)   StringDedup Table Weak         Min:  0.0, Avg:  0.0, Max:  0.0, Diff:  0.0, Sum:  0.0, Workers: 4
[7.993s][debug][gc,phases      ] GC(13)     Dead                           Min: 0, Avg:  0.0, Max: 0, Diff: 0, Sum: 0, Workers: 4
[7.993s][debug][gc,phases      ] GC(13)     Total                          Min: 0, Avg:  0.0, Max: 0, Diff: 0, Sum: 0, Workers: 4
[7.993s][debug][gc,phases      ] GC(13)   StringDedup Requests0 Weak     Min:  0.0, Avg:  0.0, Max:  0.0, Diff:  0.0, Sum:  0.0, Workers: 4
[7.993s][debug][gc,phases      ] GC(13)     Dead                           Min: 0, Avg:  0.0, Max: 0, Diff: 0, Sum: 0, Workers: 4
[7.993s][debug][gc,phases      ] GC(13)     Total                          Min: 0, Avg:  0.0, Max: 0, Diff: 0, Sum: 0, Workers: 4
[7.993s][debug][gc,phases      ] GC(13)   StringDedup Requests1 Weak     Min:  0.0, Avg:  0.0, Max:  0.0, Diff:  0.0, Sum:  0.0, Workers: 4
[7.993s][debug][gc,phases      ] GC(13)     Dead                           Min: 0, Avg:  0.0, Max: 0, Diff: 0, Sum: 0, Workers: 4
[7.993s][debug][gc,phases      ] GC(13)     Total                          Min: 0, Avg:  0.0, Max: 0, Diff: 0, Sum: 0, Workers: 4
[7.993s][debug][gc,phases      ] GC(13)   Weak JFR Old Object Samples    Min:  0.0, Avg:  0.0, Max:  0.0, Diff:  0.0, Sum:  0.0, Workers: 4
[7.993s][debug][gc,phases      ] GC(13)     Dead                           Min: 0, Avg:  0.0, Max: 0, Diff: 0, Sum: 0, Workers: 4
[7.993s][debug][gc,phases      ] GC(13)     Total                          Min: 0, Avg:  0.0, Max: 0, Diff: 0, Sum: 0, Workers: 4
[7.993s][debug][gc,phases      ] GC(13) Weak Processing 0.591ms
[7.993s][debug][gc,age         ] GC(13) Desired survivor size 300941312 bytes, new threshold 12 (max threshold 15)
[7.993s][info ][gc,heap        ] GC(13) PSYoungGen: 1694387K(1801728K)->189141K(1803264K) Eden: 1506304K(1506304K)->0K(1508352K) From: 188083K(295424K)->189141K(294912K)
[7.993s][info ][gc,heap        ] GC(13) ParOldGen: 6190K(18944K)->6198K(18944K)
[7.993s][info ][gc,metaspace   ] GC(13) Metaspace: 58563K(59136K)->58563K(59136K) NonClass: 49892K(50240K)->49892K(50240K) Class: 8670K(8896K)->8670K(8896K)
[7.994s][info ][gc             ] GC(13) Pause Young (Allocation Failure) 1660M->190M(1779M) 77.299ms
[7.994s][info ][gc,cpu         ] GC(13) User=0.31s Sys=0.00s Real=0.08s
[7.994s][info ][safepoint      ] Safepoint "ParallelGCFailedAllocation", Time since last: 372076873 ns, Reaching safepoint: 210004 ns, At safepoint: 77409034 ns, Total: 77619038 ns
[8.249s][info ][gc,start       ] GC(14) Pause Young (Allocation Failure)
[8.326s][debug][gc,phases      ] GC(14) Scavenge 77.202ms
[8.326s][debug][gc,ref         ] GC(14) Skipped phase 1 of Reference Processing: no references
[8.326s][debug][gc,ref         ] GC(14) ReferenceProcessor::execute queues: 4, RefProcThreadModel::Multi, marks_oops_alive: false
[8.327s][debug][gc,ref         ] GC(14) Skipped phase 3 of Reference Processing: no references
[8.327s][debug][gc,ref         ] GC(14) ReferenceProcessor::execute queues: 1, RefProcThreadModel::Single, marks_oops_alive: false
[8.327s][debug][gc,phases      ] GC(14) Reference Processing 0.364ms
[8.327s][debug][gc,phases      ] GC(14)   VM Weak                        Min:  0.0, Avg:  0.0, Max:  0.0, Diff:  0.0, Sum:  0.0, Workers: 4
[8.327s][debug][gc,phases      ] GC(14)     Dead                           Min: 0, Avg:  0.0, Max: 0, Diff: 0, Sum: 0, Workers: 4
[8.327s][debug][gc,phases      ] GC(14)     Total                          Min: 0, Avg: 107.0, Max: 364, Diff: 364, Sum: 428, Workers: 4
[8.327s][debug][gc,phases      ] GC(14)   ObjectSynchronizer Weak        Min:  0.0, Avg:  0.0, Max:  0.0, Diff:  0.0, Sum:  0.0, Workers: 4
[8.327s][debug][gc,phases      ] GC(14)     Dead                           Min: 0, Avg:  0.0, Max: 0, Diff: 0, Sum: 0, Workers: 4
[8.327s][debug][gc,phases      ] GC(14)     Total                          Min: 0, Avg: 97.5, Max: 198, Diff: 198, Sum: 390, Workers: 4
[8.327s][debug][gc,phases      ] GC(14)   JVMTI Tag Weak OopStorage      Min:  0.0, Avg:  0.0, Max:  0.0, Diff:  0.0, Sum:  0.0, Workers: 4
[8.327s][debug][gc,phases      ] GC(14)     Dead                           Min: 0, Avg:  0.0, Max: 0, Diff: 0, Sum: 0, Workers: 4
[8.327s][debug][gc,phases      ] GC(14)     Total                          Min: 0, Avg:  0.0, Max: 0, Diff: 0, Sum: 0, Workers: 4
[8.327s][debug][gc,phases      ] GC(14)   StringTable Weak               Min:  0.3, Avg:  0.3, Max:  0.3, Diff:  0.0, Sum:  1.4, Workers: 4
[8.327s][debug][gc,phases      ] GC(14)     Dead                           Min: 0, Avg:  3.0, Max: 12, Diff: 12, Sum: 12, Workers: 4
[8.327s][debug][gc,phases      ] GC(14)     Total                          Min: 7232, Avg: 9973.8, Max: 12503, Diff: 5271, Sum: 39895, Workers: 4
[8.327s][debug][gc,phases      ] GC(14)   ResolvedMethodTable Weak       Min:  0.1, Avg:  0.1, Max:  0.1, Diff:  0.0, Sum:  0.2, Workers: 4
[8.327s][debug][gc,phases      ] GC(14)     Dead                           Min: 0, Avg:  0.0, Max: 0, Diff: 0, Sum: 0, Workers: 4
[8.327s][debug][gc,phases      ] GC(14)     Total                          Min: 960, Avg: 1466.0, Max: 2112, Diff: 1152, Sum: 5864, Workers: 4
[8.327s][debug][gc,phases      ] GC(14)   JNI Weak                       Min:  0.0, Avg:  0.0, Max:  0.0, Diff:  0.0, Sum:  0.0, Workers: 4
[8.327s][debug][gc,phases      ] GC(14)     Dead                           Min: 0, Avg:  0.0, Max: 0, Diff: 0, Sum: 0, Workers: 4
[8.327s][debug][gc,phases      ] GC(14)     Total                          Min: 0, Avg:  8.8, Max: 35, Diff: 35, Sum: 35, Workers: 4
[8.327s][debug][gc,phases      ] GC(14)   StringDedup Table Weak         Min:  0.0, Avg:  0.0, Max:  0.0, Diff:  0.0, Sum:  0.0, Workers: 4
[8.327s][debug][gc,phases      ] GC(14)     Dead                           Min: 0, Avg:  0.0, Max: 0, Diff: 0, Sum: 0, Workers: 4
[8.327s][debug][gc,phases      ] GC(14)     Total                          Min: 0, Avg:  0.0, Max: 0, Diff: 0, Sum: 0, Workers: 4
[8.327s][debug][gc,phases      ] GC(14)   StringDedup Requests0 Weak     Min:  0.0, Avg:  0.0, Max:  0.0, Diff:  0.0, Sum:  0.0, Workers: 4
[8.327s][debug][gc,phases      ] GC(14)     Dead                           Min: 0, Avg:  0.0, Max: 0, Diff: 0, Sum: 0, Workers: 4
[8.327s][debug][gc,phases      ] GC(14)     Total                          Min: 0, Avg:  0.0, Max: 0, Diff: 0, Sum: 0, Workers: 4
[8.327s][debug][gc,phases      ] GC(14)   StringDedup Requests1 Weak     Min:  0.0, Avg:  0.0, Max:  0.0, Diff:  0.0, Sum:  0.0, Workers: 4
[8.327s][debug][gc,phases      ] GC(14)     Dead                           Min: 0, Avg:  0.0, Max: 0, Diff: 0, Sum: 0, Workers: 4
[8.327s][debug][gc,phases      ] GC(14)     Total                          Min: 0, Avg:  0.0, Max: 0, Diff: 0, Sum: 0, Workers: 4
[8.327s][debug][gc,phases      ] GC(14)   Weak JFR Old Object Samples    Min:  0.0, Avg:  0.0, Max:  0.0, Diff:  0.0, Sum:  0.0, Workers: 4
[8.327s][debug][gc,phases      ] GC(14)     Dead                           Min: 0, Avg:  0.0, Max: 0, Diff: 0, Sum: 0, Workers: 4
[8.327s][debug][gc,phases      ] GC(14)     Total                          Min: 0, Avg:  0.0, Max: 0, Diff: 0, Sum: 0, Workers: 4
[8.327s][debug][gc,phases      ] GC(14) Weak Processing 0.606ms
[8.327s][debug][gc,age         ] GC(14) Desired survivor size 299892736 bytes, new threshold 12 (max threshold 15)
[8.327s][info ][gc,heap        ] GC(14) PSYoungGen: 1697493K(1803264K)->190741K(1802240K) Eden: 1508352K(1508352K)->0K(1508352K) From: 189141K(294912K)->190741K(293888K)
[8.327s][info ][gc,heap        ] GC(14) ParOldGen: 6198K(18944K)->6206K(18944K)
[8.327s][info ][gc,metaspace   ] GC(14) Metaspace: 58585K(59136K)->58585K(59136K) NonClass: 49913K(50240K)->49913K(50240K) Class: 8672K(8896K)->8672K(8896K)
[8.327s][info ][gc             ] GC(14) Pause Young (Allocation Failure) 1663M->192M(1778M) 78.337ms
[8.327s][info ][gc,cpu         ] GC(14) User=0.35s Sys=0.00s Real=0.08s
[8.327s][info ][safepoint      ] Safepoint "ParallelGCFailedAllocation", Time since last: 255250758 ns, Reaching safepoint: 175604 ns, At safepoint: 78445854 ns, Total: 78621458 ns
[8.646s][info ][gc,start       ] GC(15) Pause Young (Allocation Failure)
[8.714s][debug][gc,phases      ] GC(15) Scavenge 67.880ms
[8.714s][debug][gc,ref         ] GC(15) Skipped phase 1 of Reference Processing: no references
[8.714s][debug][gc,ref         ] GC(15) ReferenceProcessor::execute queues: 4, RefProcThreadModel::Multi, marks_oops_alive: false
[8.714s][debug][gc,ref         ] GC(15) Skipped phase 3 of Reference Processing: no references
[8.714s][debug][gc,ref         ] GC(15) ReferenceProcessor::execute queues: 1, RefProcThreadModel::Single, marks_oops_alive: false
[8.714s][debug][gc,phases      ] GC(15) Reference Processing 0.318ms
[8.714s][debug][gc,phases      ] GC(15)   VM Weak                        Min:  0.0, Avg:  0.0, Max:  0.0, Diff:  0.0, Sum:  0.0, Workers: 4
[8.714s][debug][gc,phases      ] GC(15)     Dead                           Min: 0, Avg:  0.0, Max: 0, Diff: 0, Sum: 0, Workers: 4
[8.714s][debug][gc,phases      ] GC(15)     Total                          Min: 0, Avg: 107.0, Max: 320, Diff: 320, Sum: 428, Workers: 4
[8.714s][debug][gc,phases      ] GC(15)   ObjectSynchronizer Weak        Min:  0.0, Avg:  0.0, Max:  0.0, Diff:  0.0, Sum:  0.0, Workers: 4
[8.714s][debug][gc,phases      ] GC(15)     Dead                           Min: 0, Avg:  0.0, Max: 0, Diff: 0, Sum: 0, Workers: 4
[8.714s][debug][gc,phases      ] GC(15)     Total                          Min: 0, Avg: 97.5, Max: 192, Diff: 192, Sum: 390, Workers: 4
[8.714s][debug][gc,phases      ] GC(15)   JVMTI Tag Weak OopStorage      Min:  0.0, Avg:  0.0, Max:  0.0, Diff:  0.0, Sum:  0.0, Workers: 4
[8.714s][debug][gc,phases      ] GC(15)     Dead                           Min: 0, Avg:  0.0, Max: 0, Diff: 0, Sum: 0, Workers: 4
[8.714s][debug][gc,phases      ] GC(15)     Total                          Min: 0, Avg:  0.0, Max: 0, Diff: 0, Sum: 0, Workers: 4
[8.714s][debug][gc,phases      ] GC(15)   StringTable Weak               Min:  0.3, Avg:  0.3, Max:  0.3, Diff:  0.0, Sum:  1.2, Workers: 4
[8.714s][debug][gc,phases      ] GC(15)     Dead                           Min: 0, Avg:  3.0, Max: 12, Diff: 12, Sum: 12, Workers: 4
[8.714s][debug][gc,phases      ] GC(15)     Total                          Min: 9472, Avg: 9974.2, Max: 10661, Diff: 1189, Sum: 39897, Workers: 4
[8.714s][debug][gc,phases      ] GC(15)   ResolvedMethodTable Weak       Min:  0.0, Avg:  0.0, Max:  0.0, Diff:  0.0, Sum:  0.2, Workers: 4
[8.715s][debug][gc,phases      ] GC(15)     Dead                           Min: 0, Avg:  0.0, Max: 0, Diff: 0, Sum: 0, Workers: 4
[8.715s][debug][gc,phases      ] GC(15)     Total                          Min: 1023, Avg: 1466.0, Max: 1728, Diff: 705, Sum: 5864, Workers: 4
[8.715s][debug][gc,phases      ] GC(15)   JNI Weak                       Min:  0.0, Avg:  0.0, Max:  0.0, Diff:  0.0, Sum:  0.0, Workers: 4
[8.715s][debug][gc,phases      ] GC(15)     Dead                           Min: 0, Avg:  0.0, Max: 0, Diff: 0, Sum: 0, Workers: 4
[8.715s][debug][gc,phases      ] GC(15)     Total                          Min: 0, Avg:  7.8, Max: 31, Diff: 31, Sum: 31, Workers: 4
[8.715s][debug][gc,phases      ] GC(15)   StringDedup Table Weak         Min:  0.0, Avg:  0.0, Max:  0.0, Diff:  0.0, Sum:  0.0, Workers: 4
[8.715s][debug][gc,phases      ] GC(15)     Dead                           Min: 0, Avg:  0.0, Max: 0, Diff: 0, Sum: 0, Workers: 4
[8.715s][debug][gc,phases      ] GC(15)     Total                          Min: 0, Avg:  0.0, Max: 0, Diff: 0, Sum: 0, Workers: 4
[8.715s][debug][gc,phases      ] GC(15)   StringDedup Requests0 Weak     Min:  0.0, Avg:  0.0, Max:  0.0, Diff:  0.0, Sum:  0.0, Workers: 4
[8.715s][debug][gc,phases      ] GC(15)     Dead                           Min: 0, Avg:  0.0, Max: 0, Diff: 0, Sum: 0, Workers: 4
[8.715s][debug][gc,phases      ] GC(15)     Total                          Min: 0, Avg:  0.0, Max: 0, Diff: 0, Sum: 0, Workers: 4
[8.715s][debug][gc,phases      ] GC(15)   StringDedup Requests1 Weak     Min:  0.0, Avg:  0.0, Max:  0.0, Diff:  0.0, Sum:  0.0, Workers: 4
[8.715s][debug][gc,phases      ] GC(15)     Dead                           Min: 0, Avg:  0.0, Max: 0, Diff: 0, Sum: 0, Workers: 4
[8.715s][debug][gc,phases      ] GC(15)     Total                          Min: 0, Avg:  0.0, Max: 0, Diff: 0, Sum: 0, Workers: 4
[8.715s][debug][gc,phases      ] GC(15)   Weak JFR Old Object Samples    Min:  0.0, Avg:  0.0, Max:  0.0, Diff:  0.0, Sum:  0.0, Workers: 4
[8.715s][debug][gc,phases      ] GC(15)     Dead                           Min: 0, Avg:  0.0, Max: 0, Diff: 0, Sum: 0, Workers: 4
[8.715s][debug][gc,phases      ] GC(15)     Total                          Min: 0, Avg:  0.0, Max: 0, Diff: 0, Sum: 0, Workers: 4
[8.715s][debug][gc,phases      ] GC(15) Weak Processing 0.542ms
[8.715s][debug][gc,age         ] GC(15) Desired survivor size 295174144 bytes, new threshold 12 (max threshold 15)
[8.715s][info ][gc,heap        ] GC(15) PSYoungGen: 1699093K(1802240K)->183730K(1808896K) Eden: 1508352K(1508352K)->0K(1516032K) From: 190741K(293888K)->183730K(292864K)
[8.715s][info ][gc,heap        ] GC(15) ParOldGen: 6206K(18944K)->16024K(18944K)
[8.715s][info ][gc,metaspace   ] GC(15) Metaspace: 58595K(59136K)->58595K(59136K) NonClass: 49923K(50240K)->49923K(50240K) Class: 8672K(8896K)->8672K(8896K)
[8.715s][info ][gc             ] GC(15) Pause Young (Allocation Failure) 1665M->195M(1785M) 68.880ms
[8.715s][info ][gc,cpu         ] GC(15) User=0.27s Sys=0.00s Real=0.07s
[8.715s][debug][gc,phases      ] GC(16) Pre Compact 0.010ms
[8.715s][info ][gc,start       ] GC(16) Pause Full (Ergonomics)
[8.715s][info ][gc,phases,start] GC(16) Marking Phase
[8.789s][debug][gc,phases      ] GC(16) Par Mark 74.109ms
[8.789s][debug][gc,ref         ] GC(16) Skipped phase 1 of Reference Processing: no references
[8.789s][debug][gc,ref         ] GC(16) ReferenceProcessor::execute queues: 1, RefProcThreadModel::Single, marks_oops_alive: false
[8.789s][debug][gc,ref         ] GC(16) Skipped phase 3 of Reference Processing: no references
[8.789s][debug][gc,ref         ] GC(16) ReferenceProcessor::execute queues: 1, RefProcThreadModel::Single, marks_oops_alive: false
[8.789s][debug][gc,phases      ] GC(16) Reference Processing 0.163ms
[8.789s][debug][gc,phases      ] GC(16)   VM Weak                        Min:  0.0, Avg:  0.0, Max:  0.0, Diff:  0.0, Sum:  0.0, Workers: 4
[8.789s][debug][gc,phases      ] GC(16)     Dead                           Min: 0, Avg:  0.0, Max: 0, Diff: 0, Sum: 0, Workers: 4
[8.789s][debug][gc,phases      ] GC(16)     Total                          Min: 0, Avg: 107.0, Max: 256, Diff: 256, Sum: 428, Workers: 4
[8.789s][debug][gc,phases      ] GC(16)   ObjectSynchronizer Weak        Min:  0.0, Avg:  0.0, Max:  0.0, Diff:  0.0, Sum:  0.0, Workers: 4
[8.789s][debug][gc,phases      ] GC(16)     Dead                           Min: 0, Avg:  0.0, Max: 0, Diff: 0, Sum: 0, Workers: 4
[8.789s][debug][gc,phases      ] GC(16)     Total                          Min: 0, Avg: 97.5, Max: 192, Diff: 192, Sum: 390, Workers: 4
[8.789s][debug][gc,phases      ] GC(16)   JVMTI Tag Weak OopStorage      Min:  0.0, Avg:  0.0, Max:  0.0, Diff:  0.0, Sum:  0.0, Workers: 4
[8.789s][debug][gc,phases      ] GC(16)     Dead                           Min: 0, Avg:  0.0, Max: 0, Diff: 0, Sum: 0, Workers: 4
[8.789s][debug][gc,phases      ] GC(16)     Total                          Min: 0, Avg:  0.0, Max: 0, Diff: 0, Sum: 0, Workers: 4
[8.789s][debug][gc,phases      ] GC(16)   StringTable Weak               Min:  0.1, Avg:  0.1, Max:  0.1, Diff:  0.0, Sum:  0.5, Workers: 4
[8.789s][debug][gc,phases      ] GC(16)     Dead                           Min: 0, Avg:  0.0, Max: 0, Diff: 0, Sum: 0, Workers: 4
[8.789s][debug][gc,phases      ] GC(16)     Total                          Min: 9536, Avg: 9974.2, Max: 10240, Diff: 704, Sum: 39897, Workers: 4
[8.789s][debug][gc,phases      ] GC(16)   ResolvedMethodTable Weak       Min:  0.0, Avg:  0.0, Max:  0.0, Diff:  0.0, Sum:  0.1, Workers: 4
[8.789s][debug][gc,phases      ] GC(16)     Dead                           Min: 0, Avg:  0.0, Max: 0, Diff: 0, Sum: 0, Workers: 4
[8.789s][debug][gc,phases      ] GC(16)     Total                          Min: 1279, Avg: 1466.0, Max: 1577, Diff: 298, Sum: 5864, Workers: 4
[8.789s][debug][gc,phases      ] GC(16)   JNI Weak                       Min:  0.0, Avg:  0.0, Max:  0.0, Diff:  0.0, Sum:  0.0, Workers: 4
[8.789s][debug][gc,phases      ] GC(16)     Dead                           Min: 0, Avg:  0.0, Max: 0, Diff: 0, Sum: 0, Workers: 4
[8.789s][debug][gc,phases      ] GC(16)     Total                          Min: 0, Avg:  7.8, Max: 31, Diff: 31, Sum: 31, Workers: 4
[8.789s][debug][gc,phases      ] GC(16)   StringDedup Table Weak         Min:  0.0, Avg:  0.0, Max:  0.0, Diff:  0.0, Sum:  0.0, Workers: 4
[8.789s][debug][gc,phases      ] GC(16)     Dead                           Min: 0, Avg:  0.0, Max: 0, Diff: 0, Sum: 0, Workers: 4
[8.789s][debug][gc,phases      ] GC(16)     Total                          Min: 0, Avg:  0.0, Max: 0, Diff: 0, Sum: 0, Workers: 4
[8.789s][debug][gc,phases      ] GC(16)   StringDedup Requests0 Weak     Min:  0.0, Avg:  0.0, Max:  0.0, Diff:  0.0, Sum:  0.0, Workers: 4
[8.789s][debug][gc,phases      ] GC(16)     Dead                           Min: 0, Avg:  0.0, Max: 0, Diff: 0, Sum: 0, Workers: 4
[8.789s][debug][gc,phases      ] GC(16)     Total                          Min: 0, Avg:  0.0, Max: 0, Diff: 0, Sum: 0, Workers: 4
[8.789s][debug][gc,phases      ] GC(16)   StringDedup Requests1 Weak     Min:  0.0, Avg:  0.0, Max:  0.0, Diff:  0.0, Sum:  0.0, Workers: 4
[8.789s][debug][gc,phases      ] GC(16)     Dead                           Min: 0, Avg:  0.0, Max: 0, Diff: 0, Sum: 0, Workers: 4
[8.789s][debug][gc,phases      ] GC(16)     Total                          Min: 0, Avg:  0.0, Max: 0, Diff: 0, Sum: 0, Workers: 4
[8.789s][debug][gc,phases      ] GC(16)   Weak JFR Old Object Samples    Min:  0.0, Avg:  0.0, Max:  0.0, Diff:  0.0, Sum:  0.0, Workers: 4
[8.789s][debug][gc,phases      ] GC(16)     Dead                           Min: 0, Avg:  0.0, Max: 0, Diff: 0, Sum: 0, Workers: 4
[8.789s][debug][gc,phases      ] GC(16)     Total                          Min: 0, Avg:  0.0, Max: 0, Diff: 0, Sum: 0, Workers: 4
[8.789s][debug][gc,phases      ] GC(16) Weak Processing 0.325ms
[8.789s][debug][gc,phases      ] GC(16) ClassLoaderData 0.057ms
[8.789s][debug][gc,phases      ] GC(16) Trigger cleanups 0.000ms
[8.796s][debug][gc,phases      ] GC(16) Class Unloading 6.747ms
[8.796s][info ][gc,phases      ] GC(16) Marking Phase 81.492ms
[8.796s][info ][gc,phases,start] GC(16) Summary Phase
[8.796s][info ][gc,phases      ] GC(16) Summary Phase 0.009ms
[8.796s][info ][gc,phases,start] GC(16) Adjust Roots
[8.806s][info ][gc,phases      ] GC(16) Adjust Roots 9.342ms
[8.806s][info ][gc,phases,start] GC(16) Compaction Phase
[9.092s][info ][gc,phases      ] GC(16) Compaction Phase 286.579ms
[9.092s][info ][gc,phases,start] GC(16) Post Compact
[9.093s][info ][gc,phases      ] GC(16) Post Compact 1.166ms
[9.093s][info ][gc,heap        ] GC(16) PSYoungGen: 183730K(1808896K)->180812K(1808896K) Eden: 0K(1516032K)->0K(1516032K) From: 183730K(292864K)->180812K(292864K)
[9.093s][info ][gc,heap        ] GC(16) ParOldGen: 16024K(18944K)->18443K(40448K)
[9.093s][info ][gc,metaspace   ] GC(16) Metaspace: 58595K(59136K)->58595K(59136K) NonClass: 49923K(50240K)->49923K(50240K) Class: 8672K(8896K)->8672K(8896K)
[9.093s][info ][gc             ] GC(16) Pause Full (Ergonomics) 195M->194M(1806M) 378.769ms
[9.093s][info ][gc,cpu         ] GC(16) User=1.39s Sys=0.02s Real=0.38s
[9.094s][info ][safepoint      ] Safepoint "ParallelGCFailedAllocation", Time since last: 318067903 ns, Reaching safepoint: 189003 ns, At safepoint: 447818674 ns, Total: 448007677 ns
[9.428s][info ][gc,start       ] GC(17) Pause Young (Allocation Failure)
[9.507s][debug][gc,phases      ] GC(17) Scavenge 79.153ms
[9.507s][debug][gc,ref         ] GC(17) Skipped phase 1 of Reference Processing: no references
[9.507s][debug][gc,ref         ] GC(17) ReferenceProcessor::execute queues: 1, RefProcThreadModel::Single, marks_oops_alive: false
[9.507s][debug][gc,ref         ] GC(17) Skipped phase 3 of Reference Processing: no references
[9.507s][debug][gc,ref         ] GC(17) ReferenceProcessor::execute queues: 1, RefProcThreadModel::Single, marks_oops_alive: false
[9.507s][debug][gc,phases      ] GC(17) Reference Processing 0.153ms
[9.507s][debug][gc,phases      ] GC(17)   VM Weak                        Min:  0.0, Avg:  0.0, Max:  0.0, Diff:  0.0, Sum:  0.0, Workers: 4
[9.507s][debug][gc,phases      ] GC(17)     Dead                           Min: 0, Avg:  0.0, Max: 0, Diff: 0, Sum: 0, Workers: 4
[9.507s][debug][gc,phases      ] GC(17)     Total                          Min: 0, Avg: 107.8, Max: 320, Diff: 320, Sum: 431, Workers: 4
[9.507s][debug][gc,phases      ] GC(17)   ObjectSynchronizer Weak        Min:  0.0, Avg:  0.0, Max:  0.0, Diff:  0.0, Sum:  0.0, Workers: 4
[9.507s][debug][gc,phases      ] GC(17)     Dead                           Min: 0, Avg:  0.0, Max: 0, Diff: 0, Sum: 0, Workers: 4
[9.507s][debug][gc,phases      ] GC(17)     Total                          Min: 0, Avg: 97.5, Max: 256, Diff: 256, Sum: 390, Workers: 4
[9.507s][debug][gc,phases      ] GC(17)   JVMTI Tag Weak OopStorage      Min:  0.0, Avg:  0.0, Max:  0.0, Diff:  0.0, Sum:  0.0, Workers: 4
[9.507s][debug][gc,phases      ] GC(17)     Dead                           Min: 0, Avg:  0.0, Max: 0, Diff: 0, Sum: 0, Workers: 4
[9.507s][debug][gc,phases      ] GC(17)     Total                          Min: 0, Avg:  0.0, Max: 0, Diff: 0, Sum: 0, Workers: 4
[9.507s][debug][gc,phases      ] GC(17)   StringTable Weak               Min:  0.3, Avg:  0.3, Max:  0.3, Diff:  0.0, Sum:  1.2, Workers: 4
[9.507s][debug][gc,phases      ] GC(17)     Dead                           Min: 0, Avg:  3.0, Max: 12, Diff: 12, Sum: 12, Workers: 4
[9.507s][debug][gc,phases      ] GC(17)     Total                          Min: 8064, Avg: 9974.8, Max: 12084, Diff: 4020, Sum: 39899, Workers: 4
[9.507s][debug][gc,phases      ] GC(17)   ResolvedMethodTable Weak       Min:  0.1, Avg:  0.1, Max:  0.1, Diff:  0.0, Sum:  0.2, Workers: 4
[9.507s][debug][gc,phases      ] GC(17)     Dead                           Min: 0, Avg:  0.0, Max: 0, Diff: 0, Sum: 0, Workers: 4
[9.507s][debug][gc,phases      ] GC(17)     Total                          Min: 1023, Avg: 1466.0, Max: 2176, Diff: 1153, Sum: 5864, Workers: 4
[9.508s][debug][gc,phases      ] GC(17)   JNI Weak                       Min:  0.0, Avg:  0.0, Max:  0.0, Diff:  0.0, Sum:  0.0, Workers: 4
[9.508s][debug][gc,phases      ] GC(17)     Dead                           Min: 0, Avg:  0.0, Max: 0, Diff: 0, Sum: 0, Workers: 4
[9.508s][debug][gc,phases      ] GC(17)     Total                          Min: 0, Avg:  7.8, Max: 31, Diff: 31, Sum: 31, Workers: 4
[9.508s][debug][gc,phases      ] GC(17)   StringDedup Table Weak         Min:  0.0, Avg:  0.0, Max:  0.0, Diff:  0.0, Sum:  0.0, Workers: 4
[9.508s][debug][gc,phases      ] GC(17)     Dead                           Min: 0, Avg:  0.0, Max: 0, Diff: 0, Sum: 0, Workers: 4
[9.508s][debug][gc,phases      ] GC(17)     Total                          Min: 0, Avg:  0.0, Max: 0, Diff: 0, Sum: 0, Workers: 4
[9.508s][debug][gc,phases      ] GC(17)   StringDedup Requests0 Weak     Min:  0.0, Avg:  0.0, Max:  0.0, Diff:  0.0, Sum:  0.0, Workers: 4
[9.508s][debug][gc,phases      ] GC(17)     Dead                           Min: 0, Avg:  0.0, Max: 0, Diff: 0, Sum: 0, Workers: 4
[9.508s][debug][gc,phases      ] GC(17)     Total                          Min: 0, Avg:  0.0, Max: 0, Diff: 0, Sum: 0, Workers: 4
[9.508s][debug][gc,phases      ] GC(17)   StringDedup Requests1 Weak     Min:  0.0, Avg:  0.0, Max:  0.0, Diff:  0.0, Sum:  0.0, Workers: 4
[9.508s][debug][gc,phases      ] GC(17)     Dead                           Min: 0, Avg:  0.0, Max: 0, Diff: 0, Sum: 0, Workers: 4
[9.508s][debug][gc,phases      ] GC(17)     Total                          Min: 0, Avg:  0.0, Max: 0, Diff: 0, Sum: 0, Workers: 4
[9.508s][debug][gc,phases      ] GC(17)   Weak JFR Old Object Samples    Min:  0.0, Avg:  0.0, Max:  0.0, Diff:  0.0, Sum:  0.0, Workers: 4
[9.508s][debug][gc,phases      ] GC(17)     Dead                           Min: 0, Avg:  0.0, Max: 0, Diff: 0, Sum: 0, Workers: 4
[9.508s][debug][gc,phases      ] GC(17)     Total                          Min: 0, Avg:  0.0, Max: 0, Diff: 0, Sum: 0, Workers: 4
[9.508s][debug][gc,phases      ] GC(17) Weak Processing 0.560ms
[9.508s][debug][gc,age         ] GC(17) Desired survivor size 286261248 bytes, new threshold 11 (max threshold 15)
[9.508s][info ][gc,heap        ] GC(17) PSYoungGen: 1696844K(1808896K)->139392K(1804288K) Eden: 1516032K(1516032K)->0K(1516032K) From: 180812K(292864K)->139392K(288256K)
[9.508s][info ][gc,heap        ] GC(17) ParOldGen: 18443K(40448K)->62448K(62464K)
[9.508s][info ][gc,metaspace   ] GC(17) Metaspace: 58609K(59200K)->58609K(59200K) NonClass: 49935K(50240K)->49935K(50240K) Class: 8673K(8960K)->8673K(8960K)
[9.508s][info ][gc             ] GC(17) Pause Young (Allocation Failure) 1675M->197M(1823M) 80.010ms
[9.508s][info ][gc,cpu         ] GC(17) User=0.31s Sys=0.01s Real=0.08s
[9.508s][debug][gc,phases      ] GC(18) Pre Compact 0.010ms
[9.508s][info ][gc,start       ] GC(18) Pause Full (Ergonomics)
[9.508s][info ][gc,phases,start] GC(18) Marking Phase
[9.591s][debug][gc,phases      ] GC(18) Par Mark 83.075ms
[9.591s][debug][gc,ref         ] GC(18) Skipped phase 1 of Reference Processing: no references
[9.591s][debug][gc,ref         ] GC(18) ReferenceProcessor::execute queues: 4, RefProcThreadModel::Multi, marks_oops_alive: false
[9.591s][debug][gc,ref         ] GC(18) Skipped phase 3 of Reference Processing: no references
[9.591s][debug][gc,ref         ] GC(18) ReferenceProcessor::execute queues: 1, RefProcThreadModel::Single, marks_oops_alive: false
[9.591s][debug][gc,phases      ] GC(18) Reference Processing 0.274ms
[9.591s][debug][gc,phases      ] GC(18)   VM Weak                        Min:  0.0, Avg:  0.0, Max:  0.0, Diff:  0.0, Sum:  0.0, Workers: 4
[9.591s][debug][gc,phases      ] GC(18)     Dead                           Min: 0, Avg:  0.0, Max: 0, Diff: 0, Sum: 0, Workers: 4
[9.591s][debug][gc,phases      ] GC(18)     Total                          Min: 0, Avg: 107.8, Max: 256, Diff: 256, Sum: 431, Workers: 4
[9.591s][debug][gc,phases      ] GC(18)   ObjectSynchronizer Weak        Min:  0.0, Avg:  0.0, Max:  0.0, Diff:  0.0, Sum:  0.0, Workers: 4
[9.591s][debug][gc,phases      ] GC(18)     Dead                           Min: 0, Avg:  0.0, Max: 0, Diff: 0, Sum: 0, Workers: 4
[9.591s][debug][gc,phases      ] GC(18)     Total                          Min: 0, Avg: 97.5, Max: 192, Diff: 192, Sum: 390, Workers: 4
[9.591s][debug][gc,phases      ] GC(18)   JVMTI Tag Weak OopStorage      Min:  0.0, Avg:  0.0, Max:  0.0, Diff:  0.0, Sum:  0.0, Workers: 4
[9.591s][debug][gc,phases      ] GC(18)     Dead                           Min: 0, Avg:  0.0, Max: 0, Diff: 0, Sum: 0, Workers: 4
[9.591s][debug][gc,phases      ] GC(18)     Total                          Min: 0, Avg:  0.0, Max: 0, Diff: 0, Sum: 0, Workers: 4
[9.591s][debug][gc,phases      ] GC(18)   StringTable Weak               Min:  0.1, Avg:  0.1, Max:  0.1, Diff:  0.0, Sum:  0.5, Workers: 4
[9.591s][debug][gc,phases      ] GC(18)     Dead                           Min: 0, Avg:  0.0, Max: 0, Diff: 0, Sum: 0, Workers: 4
[9.591s][debug][gc,phases      ] GC(18)     Total                          Min: 8832, Avg: 9974.8, Max: 11200, Diff: 2368, Sum: 39899, Workers: 4
[9.591s][debug][gc,phases      ] GC(18)   ResolvedMethodTable Weak       Min:  0.0, Avg:  0.0, Max:  0.0, Diff:  0.0, Sum:  0.1, Workers: 4
[9.591s][debug][gc,phases      ] GC(18)     Dead                           Min: 0, Avg:  0.0, Max: 0, Diff: 0, Sum: 0, Workers: 4
[9.591s][debug][gc,phases      ] GC(18)     Total                          Min: 1280, Avg: 1466.0, Max: 1641, Diff: 361, Sum: 5864, Workers: 4
[9.591s][debug][gc,phases      ] GC(18)   JNI Weak                       Min:  0.0, Avg:  0.0, Max:  0.0, Diff:  0.0, Sum:  0.0, Workers: 4
[9.591s][debug][gc,phases      ] GC(18)     Dead                           Min: 0, Avg:  0.0, Max: 0, Diff: 0, Sum: 0, Workers: 4
[9.591s][debug][gc,phases      ] GC(18)     Total                          Min: 0, Avg:  7.8, Max: 31, Diff: 31, Sum: 31, Workers: 4
[9.591s][debug][gc,phases      ] GC(18)   StringDedup Table Weak         Min:  0.0, Avg:  0.0, Max:  0.0, Diff:  0.0, Sum:  0.0, Workers: 4
[9.591s][debug][gc,phases      ] GC(18)     Dead                           Min: 0, Avg:  0.0, Max: 0, Diff: 0, Sum: 0, Workers: 4
[9.591s][debug][gc,phases      ] GC(18)     Total                          Min: 0, Avg:  0.0, Max: 0, Diff: 0, Sum: 0, Workers: 4
[9.591s][debug][gc,phases      ] GC(18)   StringDedup Requests0 Weak     Min:  0.0, Avg:  0.0, Max:  0.0, Diff:  0.0, Sum:  0.0, Workers: 4
[9.591s][debug][gc,phases      ] GC(18)     Dead                           Min: 0, Avg:  0.0, Max: 0, Diff: 0, Sum: 0, Workers: 4
[9.591s][debug][gc,phases      ] GC(18)     Total                          Min: 0, Avg:  0.0, Max: 0, Diff: 0, Sum: 0, Workers: 4
[9.591s][debug][gc,phases      ] GC(18)   StringDedup Requests1 Weak     Min:  0.0, Avg:  0.0, Max:  0.0, Diff:  0.0, Sum:  0.0, Workers: 4
[9.591s][debug][gc,phases      ] GC(18)     Dead                           Min: 0, Avg:  0.0, Max: 0, Diff: 0, Sum: 0, Workers: 4
[9.591s][debug][gc,phases      ] GC(18)     Total                          Min: 0, Avg:  0.0, Max: 0, Diff: 0, Sum: 0, Workers: 4
[9.591s][debug][gc,phases      ] GC(18)   Weak JFR Old Object Samples    Min:  0.0, Avg:  0.0, Max:  0.0, Diff:  0.0, Sum:  0.0, Workers: 4
[9.591s][debug][gc,phases      ] GC(18)     Dead                           Min: 0, Avg:  0.0, Max: 0, Diff: 0, Sum: 0, Workers: 4
[9.591s][debug][gc,phases      ] GC(18)     Total                          Min: 0, Avg:  0.0, Max: 0, Diff: 0, Sum: 0, Workers: 4
[9.591s][debug][gc,phases      ] GC(18) Weak Processing 0.331ms
[9.592s][debug][gc,phases      ] GC(18) ClassLoaderData 0.059ms
[9.592s][debug][gc,phases      ] GC(18) Trigger cleanups 0.000ms
[9.598s][debug][gc,phases      ] GC(18) Class Unloading 6.677ms
[9.598s][info ][gc,phases      ] GC(18) Marking Phase 90.486ms
[9.598s][info ][gc,phases,start] GC(18) Summary Phase
[9.598s][info ][gc,phases      ] GC(18) Summary Phase 0.008ms
[9.598s][info ][gc,phases,start] GC(18) Adjust Roots
[9.607s][info ][gc,phases      ] GC(18) Adjust Roots 8.358ms
[9.607s][info ][gc,phases,start] GC(18) Compaction Phase
[10.356s][info ][gc,phases      ] GC(18) Compaction Phase 749.769ms
[10.356s][info ][gc,phases,start] GC(18) Post Compact
[10.357s][info ][gc,phases      ] GC(18) Post Compact 0.565ms
[10.357s][info ][gc,heap        ] GC(18) PSYoungGen: 139392K(1804288K)->139205K(1804288K) Eden: 0K(1516032K)->0K(1516032K) From: 139392K(288256K)->139205K(288256K)
[10.357s][info ][gc,heap        ] GC(18) ParOldGen: 62448K(62464K)->62258K(107008K)
[10.357s][info ][gc,metaspace   ] GC(18) Metaspace: 58609K(59200K)->58609K(59200K) NonClass: 49935K(50240K)->49935K(50240K) Class: 8673K(8960K)->8673K(8960K)
[10.357s][info ][gc             ] GC(18) Pause Full (Ergonomics) 197M->196M(1866M) 849.372ms
[10.357s][info ][gc,cpu         ] GC(18) User=1.96s Sys=0.00s Real=0.85s
[10.357s][info ][safepoint      ] Safepoint "ParallelGCFailedAllocation", Time since last: 333825515 ns, Reaching safepoint: 224304 ns, At safepoint: 929554219 ns, Total: 929778523 ns
[10.705s][info ][gc,start       ] GC(19) Pause Young (Allocation Failure)
[10.814s][debug][gc,phases      ] GC(19) Scavenge 109.754ms
[10.814s][debug][gc,ref         ] GC(19) Skipped phase 1 of Reference Processing: no references
[10.814s][debug][gc,ref         ] GC(19) ReferenceProcessor::execute queues: 1, RefProcThreadModel::Single, marks_oops_alive: false
[10.815s][debug][gc,ref         ] GC(19) Skipped phase 3 of Reference Processing: no references
[10.815s][debug][gc,ref         ] GC(19) ReferenceProcessor::execute queues: 1, RefProcThreadModel::Single, marks_oops_alive: false
[10.815s][debug][gc,phases      ] GC(19) Reference Processing 0.147ms
[10.815s][debug][gc,phases      ] GC(19)   VM Weak                        Min:  0.0, Avg:  0.0, Max:  0.0, Diff:  0.0, Sum:  0.0, Workers: 4
[10.815s][debug][gc,phases      ] GC(19)     Dead                           Min: 0, Avg:  0.0, Max: 0, Diff: 0, Sum: 0, Workers: 4
[10.815s][debug][gc,phases      ] GC(19)     Total                          Min: 0, Avg: 110.2, Max: 384, Diff: 384, Sum: 441, Workers: 4
[10.815s][debug][gc,phases      ] GC(19)   ObjectSynchronizer Weak        Min:  0.0, Avg:  0.0, Max:  0.0, Diff:  0.0, Sum:  0.0, Workers: 4
[10.815s][debug][gc,phases      ] GC(19)     Dead                           Min: 0, Avg:  0.0, Max: 0, Diff: 0, Sum: 0, Workers: 4
[10.815s][debug][gc,phases      ] GC(19)     Total                          Min: 0, Avg: 97.5, Max: 192, Diff: 192, Sum: 390, Workers: 4
[10.815s][debug][gc,phases      ] GC(19)   JVMTI Tag Weak OopStorage      Min:  0.0, Avg:  0.0, Max:  0.0, Diff:  0.0, Sum:  0.0, Workers: 4
[10.815s][debug][gc,phases      ] GC(19)     Dead                           Min: 0, Avg:  0.0, Max: 0, Diff: 0, Sum: 0, Workers: 4
[10.815s][debug][gc,phases      ] GC(19)     Total                          Min: 0, Avg:  0.0, Max: 0, Diff: 0, Sum: 0, Workers: 4
[10.815s][debug][gc,phases      ] GC(19)   StringTable Weak               Min:  0.2, Avg:  0.2, Max:  0.2, Diff:  0.0, Sum:  0.9, Workers: 4
[10.815s][debug][gc,phases      ] GC(19)     Dead                           Min: 0, Avg:  4.2, Max: 12, Diff: 12, Sum: 17, Workers: 4
[10.815s][debug][gc,phases      ] GC(19)     Total                          Min: 8256, Avg: 9994.0, Max: 11392, Diff: 3136, Sum: 39976, Workers: 4
[10.815s][debug][gc,phases      ] GC(19)   ResolvedMethodTable Weak       Min:  0.0, Avg:  0.0, Max:  0.1, Diff:  0.0, Sum:  0.2, Workers: 4
[10.815s][debug][gc,phases      ] GC(19)     Dead                           Min: 0, Avg:  1.2, Max: 3, Diff: 3, Sum: 5, Workers: 4
[10.815s][debug][gc,phases      ] GC(19)     Total                          Min: 768, Avg: 1490.0, Max: 1992, Diff: 1224, Sum: 5960, Workers: 4
[10.815s][debug][gc,phases      ] GC(19)   JNI Weak                       Min:  0.0, Avg:  0.0, Max:  0.0, Diff:  0.0, Sum:  0.0, Workers: 4
[10.815s][debug][gc,phases      ] GC(19)     Dead                           Min: 0, Avg:  0.0, Max: 0, Diff: 0, Sum: 0, Workers: 4
[10.815s][debug][gc,phases      ] GC(19)     Total                          Min: 0, Avg:  0.0, Max: 0, Diff: 0, Sum: 0, Workers: 4
[10.815s][debug][gc,phases      ] GC(19)   StringDedup Table Weak         Min:  0.0, Avg:  0.0, Max:  0.0, Diff:  0.0, Sum:  0.0, Workers: 4
[10.815s][debug][gc,phases      ] GC(19)     Dead                           Min: 0, Avg:  0.0, Max: 0, Diff: 0, Sum: 0, Workers: 4
[10.815s][debug][gc,phases      ] GC(19)     Total                          Min: 0, Avg:  0.0, Max: 0, Diff: 0, Sum: 0, Workers: 4
[10.815s][debug][gc,phases      ] GC(19)   StringDedup Requests0 Weak     Min:  0.0, Avg:  0.0, Max:  0.0, Diff:  0.0, Sum:  0.0, Workers: 4
[10.815s][debug][gc,phases      ] GC(19)     Dead                           Min: 0, Avg:  0.0, Max: 0, Diff: 0, Sum: 0, Workers: 4
[10.815s][debug][gc,phases      ] GC(19)     Total                          Min: 0, Avg:  0.0, Max: 0, Diff: 0, Sum: 0, Workers: 4
[10.815s][debug][gc,phases      ] GC(19)   StringDedup Requests1 Weak     Min:  0.0, Avg:  0.0, Max:  0.0, Diff:  0.0, Sum:  0.0, Workers: 4
[10.815s][debug][gc,phases      ] GC(19)     Dead                           Min: 0, Avg:  0.0, Max: 0, Diff: 0, Sum: 0, Workers: 4
[10.815s][debug][gc,phases      ] GC(19)     Total                          Min: 0, Avg:  0.0, Max: 0, Diff: 0, Sum: 0, Workers: 4
[10.815s][debug][gc,phases      ] GC(19)   Weak JFR Old Object Samples    Min:  0.0, Avg:  0.0, Max:  0.0, Diff:  0.0, Sum:  0.0, Workers: 4
[10.815s][debug][gc,phases      ] GC(19)     Dead                           Min: 0, Avg:  0.0, Max: 0, Diff: 0, Sum: 0, Workers: 4
[10.815s][debug][gc,phases      ] GC(19)     Total                          Min: 0, Avg:  0.0, Max: 0, Diff: 0, Sum: 0, Workers: 4
[10.815s][debug][gc,phases      ] GC(19) Weak Processing 0.474ms
[10.815s][debug][gc,age         ] GC(19) Desired survivor size 297795584 bytes, new threshold 12 (max threshold 15)
[10.815s][info ][gc,heap        ] GC(19) PSYoungGen: 1655237K(1804288K)->25237K(1795072K) Eden: 1516032K(1516032K)->0K(1515520K) From: 139205K(288256K)->25237K(279552K)
[10.815s][info ][gc,heap        ] GC(19) ParOldGen: 62258K(107008K)->179037K(179200K)
[10.815s][info ][gc,metaspace   ] GC(19) Metaspace: 59011K(59648K)->59011K(59648K) NonClass: 50274K(50624K)->50274K(50624K) Class: 8737K(9024K)->8737K(9024K)
[10.815s][info ][gc             ] GC(19) Pause Young (Allocation Failure) 1677M->199M(1928M) 110.517ms
[10.815s][info ][gc,cpu         ] GC(19) User=0.39s Sys=0.06s Real=0.11s
[10.815s][debug][gc,phases      ] GC(20) Pre Compact 0.009ms
[10.815s][info ][gc,start       ] GC(20) Pause Full (Ergonomics)
[10.815s][info ][gc,phases,start] GC(20) Marking Phase
[10.895s][debug][gc,phases      ] GC(20) Par Mark 80.110ms
[10.895s][debug][gc,ref         ] GC(20) Skipped phase 1 of Reference Processing: no references
[10.896s][debug][gc,ref         ] GC(20) ReferenceProcessor::execute queues: 4, RefProcThreadModel::Multi, marks_oops_alive: false
[10.896s][debug][gc,ref         ] GC(20) Skipped phase 3 of Reference Processing: no references
[10.896s][debug][gc,ref         ] GC(20) ReferenceProcessor::execute queues: 1, RefProcThreadModel::Single, marks_oops_alive: false
[10.896s][debug][gc,phases      ] GC(20) Reference Processing 0.283ms
[10.896s][debug][gc,phases      ] GC(20)   VM Weak                        Min:  0.0, Avg:  0.0, Max:  0.0, Diff:  0.0, Sum:  0.0, Workers: 4
[10.896s][debug][gc,phases      ] GC(20)     Dead                           Min: 0, Avg:  0.0, Max: 0, Diff: 0, Sum: 0, Workers: 4
[10.896s][debug][gc,phases      ] GC(20)     Total                          Min: 0, Avg: 110.2, Max: 320, Diff: 320, Sum: 441, Workers: 4
[10.896s][debug][gc,phases      ] GC(20)   ObjectSynchronizer Weak        Min:  0.0, Avg:  0.0, Max:  0.0, Diff:  0.0, Sum:  0.0, Workers: 4
[10.896s][debug][gc,phases      ] GC(20)     Dead                           Min: 0, Avg:  0.0, Max: 0, Diff: 0, Sum: 0, Workers: 4
[10.896s][debug][gc,phases      ] GC(20)     Total                          Min: 0, Avg: 97.5, Max: 198, Diff: 198, Sum: 390, Workers: 4
[10.896s][debug][gc,phases      ] GC(20)   JVMTI Tag Weak OopStorage      Min:  0.0, Avg:  0.0, Max:  0.0, Diff:  0.0, Sum:  0.0, Workers: 4
[10.896s][debug][gc,phases      ] GC(20)     Dead                           Min: 0, Avg:  0.0, Max: 0, Diff: 0, Sum: 0, Workers: 4
[10.896s][debug][gc,phases      ] GC(20)     Total                          Min: 0, Avg:  0.0, Max: 0, Diff: 0, Sum: 0, Workers: 4
[10.896s][debug][gc,phases      ] GC(20)   StringTable Weak               Min:  0.1, Avg:  0.1, Max:  0.1, Diff:  0.0, Sum:  0.5, Workers: 4
[10.896s][debug][gc,phases      ] GC(20)     Dead                           Min: 0, Avg:  0.0, Max: 0, Diff: 0, Sum: 0, Workers: 4
[10.896s][debug][gc,phases      ] GC(20)     Total                          Min: 9472, Avg: 9994.0, Max: 10688, Diff: 1216, Sum: 39976, Workers: 4
[10.896s][debug][gc,phases      ] GC(20)   ResolvedMethodTable Weak       Min:  0.0, Avg:  0.0, Max:  0.0, Diff:  0.0, Sum:  0.1, Workers: 4
[10.896s][debug][gc,phases      ] GC(20)     Dead                           Min: 0, Avg:  0.0, Max: 0, Diff: 0, Sum: 0, Workers: 4
[10.896s][debug][gc,phases      ] GC(20)     Total                          Min: 1280, Avg: 1490.0, Max: 1664, Diff: 384, Sum: 5960, Workers: 4
[10.896s][debug][gc,phases      ] GC(20)   JNI Weak                       Min:  0.0, Avg:  0.0, Max:  0.0, Diff:  0.0, Sum:  0.0, Workers: 4
[10.896s][debug][gc,phases      ] GC(20)     Dead                           Min: 0, Avg:  0.0, Max: 0, Diff: 0, Sum: 0, Workers: 4
[10.896s][debug][gc,phases      ] GC(20)     Total                          Min: 0, Avg:  0.0, Max: 0, Diff: 0, Sum: 0, Workers: 4
[10.896s][debug][gc,phases      ] GC(20)   StringDedup Table Weak         Min:  0.0, Avg:  0.0, Max:  0.0, Diff:  0.0, Sum:  0.0, Workers: 4
[10.896s][debug][gc,phases      ] GC(20)     Dead                           Min: 0, Avg:  0.0, Max: 0, Diff: 0, Sum: 0, Workers: 4
[10.896s][debug][gc,phases      ] GC(20)     Total                          Min: 0, Avg:  0.0, Max: 0, Diff: 0, Sum: 0, Workers: 4
[10.896s][debug][gc,phases      ] GC(20)   StringDedup Requests0 Weak     Min:  0.0, Avg:  0.0, Max:  0.0, Diff:  0.0, Sum:  0.0, Workers: 4
[10.896s][debug][gc,phases      ] GC(20)     Dead                           Min: 0, Avg:  0.0, Max: 0, Diff: 0, Sum: 0, Workers: 4
[10.896s][debug][gc,phases      ] GC(20)     Total                          Min: 0, Avg:  0.0, Max: 0, Diff: 0, Sum: 0, Workers: 4
[10.896s][debug][gc,phases      ] GC(20)   StringDedup Requests1 Weak     Min:  0.0, Avg:  0.0, Max:  0.0, Diff:  0.0, Sum:  0.0, Workers: 4
[10.896s][debug][gc,phases      ] GC(20)     Dead                           Min: 0, Avg:  0.0, Max: 0, Diff: 0, Sum: 0, Workers: 4
[10.896s][debug][gc,phases      ] GC(20)     Total                          Min: 0, Avg:  0.0, Max: 0, Diff: 0, Sum: 0, Workers: 4
[10.896s][debug][gc,phases      ] GC(20)   Weak JFR Old Object Samples    Min:  0.0, Avg:  0.0, Max:  0.0, Diff:  0.0, Sum:  0.0, Workers: 4
[10.896s][debug][gc,phases      ] GC(20)     Dead                           Min: 0, Avg:  0.0, Max: 0, Diff: 0, Sum: 0, Workers: 4
[10.896s][debug][gc,phases      ] GC(20)     Total                          Min: 0, Avg:  0.0, Max: 0, Diff: 0, Sum: 0, Workers: 4
[10.896s][debug][gc,phases      ] GC(20) Weak Processing 0.329ms
[10.896s][debug][gc,phases      ] GC(20) ClassLoaderData 0.062ms
[10.896s][debug][gc,phases      ] GC(20) Trigger cleanups 0.000ms
[10.903s][debug][gc,phases      ] GC(20) Class Unloading 6.676ms
[10.903s][info ][gc,phases      ] GC(20) Marking Phase 87.538ms
[10.903s][info ][gc,phases,start] GC(20) Summary Phase
[10.903s][info ][gc,phases      ] GC(20) Summary Phase 0.008ms
[10.903s][info ][gc,phases,start] GC(20) Adjust Roots
[10.910s][info ][gc,phases      ] GC(20) Adjust Roots 7.139ms
[10.910s][info ][gc,phases,start] GC(20) Compaction Phase
[11.178s][info ][gc,phases      ] GC(20) Compaction Phase 268.337ms
[11.178s][info ][gc,phases,start] GC(20) Post Compact
[11.179s][info ][gc,phases      ] GC(20) Post Compact 0.630ms
[11.179s][info ][gc,heap        ] GC(20) PSYoungGen: 25237K(1795072K)->24624K(1795072K) Eden: 0K(1515520K)->0K(1515520K) From: 25237K(279552K)->24624K(279552K)
[11.179s][info ][gc,heap        ] GC(20) ParOldGen: 179037K(179200K)->179104K(274944K)
[11.179s][info ][gc,metaspace   ] GC(20) Metaspace: 59011K(59648K)->59011K(59648K) NonClass: 50274K(50624K)->50274K(50624K) Class: 8737K(9024K)->8737K(9024K)
[11.179s][info ][gc             ] GC(20) Pause Full (Ergonomics) 199M->198M(2021M) 363.927ms
[11.179s][info ][gc,cpu         ] GC(20) User=1.19s Sys=0.02s Real=0.36s
[11.180s][info ][safepoint      ] Safepoint "ParallelGCFailedAllocation", Time since last: 347111278 ns, Reaching safepoint: 281706 ns, At safepoint: 475653324 ns, Total: 475935030 ns
[11.230s][info ][safepoint      ] Safepoint "ICBufferFull", Time since last: 49514981 ns, Reaching safepoint: 114903 ns, At safepoint: 28300 ns, Total: 143203 ns
[11.231s][info ][safepoint      ] Safepoint "ICBufferFull", Time since last: 1304226 ns, Reaching safepoint: 97302 ns, At safepoint: 24500 ns, Total: 121802 ns
[11.232s][info ][safepoint      ] Safepoint "ICBufferFull", Time since last: 726815 ns, Reaching safepoint: 93302 ns, At safepoint: 25500 ns, Total: 118802 ns
[11.233s][info ][safepoint      ] Safepoint "ICBufferFull", Time since last: 664313 ns, Reaching safepoint: 90602 ns, At safepoint: 28701 ns, Total: 119303 ns
[11.234s][info ][safepoint      ] Safepoint "ICBufferFull", Time since last: 735014 ns, Reaching safepoint: 93802 ns, At safepoint: 26401 ns, Total: 120203 ns
[11.235s][info ][safepoint      ] Safepoint "ICBufferFull", Time since last: 688413 ns, Reaching safepoint: 225505 ns, At safepoint: 27200 ns, Total: 252705 ns
[11.235s][info ][safepoint      ] Safepoint "ICBufferFull", Time since last: 691614 ns, Reaching safepoint: 93202 ns, At safepoint: 25300 ns, Total: 118502 ns
[11.236s][info ][safepoint      ] Safepoint "ICBufferFull", Time since last: 647513 ns, Reaching safepoint: 91002 ns, At safepoint: 28301 ns, Total: 119303 ns
[11.237s][info ][safepoint      ] Safepoint "ICBufferFull", Time since last: 653612 ns, Reaching safepoint: 89902 ns, At safepoint: 27501 ns, Total: 117403 ns
[11.238s][info ][safepoint      ] Safepoint "ICBufferFull", Time since last: 651013 ns, Reaching safepoint: 90902 ns, At safepoint: 28600 ns, Total: 119502 ns
[11.450s][info ][gc,start       ] GC(21) Pause Young (Allocation Failure)
[11.476s][debug][gc,phases      ] GC(21) Scavenge 26.792ms
[11.476s][debug][gc,ref         ] GC(21) Skipped phase 1 of Reference Processing: no references
[11.477s][debug][gc,ref         ] GC(21) ReferenceProcessor::execute queues: 1, RefProcThreadModel::Single, marks_oops_alive: false
[11.477s][debug][gc,ref         ] GC(21) Skipped phase 3 of Reference Processing: no references
[11.477s][debug][gc,ref         ] GC(21) ReferenceProcessor::execute queues: 1, RefProcThreadModel::Single, marks_oops_alive: false
[11.477s][debug][gc,phases      ] GC(21) Reference Processing 0.131ms
[11.477s][debug][gc,phases      ] GC(21)   VM Weak                        Min:  0.0, Avg:  0.0, Max:  0.0, Diff:  0.0, Sum:  0.0, Workers: 4
[11.477s][debug][gc,phases      ] GC(21)     Dead                           Min: 0, Avg:  0.0, Max: 0, Diff: 0, Sum: 0, Workers: 4
[11.477s][debug][gc,phases      ] GC(21)     Total                          Min: 0, Avg: 110.5, Max: 442, Diff: 442, Sum: 442, Workers: 4
[11.477s][debug][gc,phases      ] GC(21)   ObjectSynchronizer Weak        Min:  0.0, Avg:  0.0, Max:  0.0, Diff:  0.0, Sum:  0.0, Workers: 4
[11.477s][debug][gc,phases      ] GC(21)     Dead                           Min: 0, Avg:  0.0, Max: 0, Diff: 0, Sum: 0, Workers: 4
[11.477s][debug][gc,phases      ] GC(21)     Total                          Min: 0, Avg: 97.5, Max: 390, Diff: 390, Sum: 390, Workers: 4
[11.477s][debug][gc,phases      ] GC(21)   JVMTI Tag Weak OopStorage      Min:  0.0, Avg:  0.0, Max:  0.0, Diff:  0.0, Sum:  0.0, Workers: 4
[11.477s][debug][gc,phases      ] GC(21)     Dead                           Min: 0, Avg:  0.0, Max: 0, Diff: 0, Sum: 0, Workers: 4
[11.477s][debug][gc,phases      ] GC(21)     Total                          Min: 0, Avg:  0.0, Max: 0, Diff: 0, Sum: 0, Workers: 4
[11.477s][debug][gc,phases      ] GC(21)   StringTable Weak               Min:  0.1, Avg:  0.1, Max:  0.1, Diff:  0.0, Sum:  0.4, Workers: 4
[11.477s][debug][gc,phases      ] GC(21)     Dead                           Min: 0, Avg:  3.0, Max: 12, Diff: 12, Sum: 12, Workers: 4
[11.477s][debug][gc,phases      ] GC(21)     Total                          Min: 8128, Avg: 10002.0, Max: 10880, Diff: 2752, Sum: 40008, Workers: 4
[11.477s][debug][gc,phases      ] GC(21)   ResolvedMethodTable Weak       Min:  0.0, Avg:  0.0, Max:  0.0, Diff:  0.0, Sum:  0.1, Workers: 4
[11.477s][debug][gc,phases      ] GC(21)     Dead                           Min: 0, Avg:  0.0, Max: 0, Diff: 0, Sum: 0, Workers: 4
[11.477s][debug][gc,phases      ] GC(21)     Total                          Min: 1216, Avg: 1493.5, Max: 1622, Diff: 406, Sum: 5974, Workers: 4
[11.477s][debug][gc,phases      ] GC(21)   JNI Weak                       Min:  0.0, Avg:  0.0, Max:  0.0, Diff:  0.0, Sum:  0.0, Workers: 4
[11.477s][debug][gc,phases      ] GC(21)     Dead                           Min: 0, Avg:  0.0, Max: 0, Diff: 0, Sum: 0, Workers: 4
[11.477s][debug][gc,phases      ] GC(21)     Total                          Min: 0, Avg:  0.2, Max: 1, Diff: 1, Sum: 1, Workers: 4
[11.477s][debug][gc,phases      ] GC(21)   StringDedup Table Weak         Min:  0.0, Avg:  0.0, Max:  0.0, Diff:  0.0, Sum:  0.0, Workers: 4
[11.477s][debug][gc,phases      ] GC(21)     Dead                           Min: 0, Avg:  0.0, Max: 0, Diff: 0, Sum: 0, Workers: 4
[11.477s][debug][gc,phases      ] GC(21)     Total                          Min: 0, Avg:  0.0, Max: 0, Diff: 0, Sum: 0, Workers: 4
[11.477s][debug][gc,phases      ] GC(21)   StringDedup Requests0 Weak     Min:  0.0, Avg:  0.0, Max:  0.0, Diff:  0.0, Sum:  0.0, Workers: 4
[11.477s][debug][gc,phases      ] GC(21)     Dead                           Min: 0, Avg:  0.0, Max: 0, Diff: 0, Sum: 0, Workers: 4
[11.477s][debug][gc,phases      ] GC(21)     Total                          Min: 0, Avg:  0.0, Max: 0, Diff: 0, Sum: 0, Workers: 4
[11.477s][debug][gc,phases      ] GC(21)   StringDedup Requests1 Weak     Min:  0.0, Avg:  0.0, Max:  0.0, Diff:  0.0, Sum:  0.0, Workers: 4
[11.477s][debug][gc,phases      ] GC(21)     Dead                           Min: 0, Avg:  0.0, Max: 0, Diff: 0, Sum: 0, Workers: 4
[11.477s][debug][gc,phases      ] GC(21)     Total                          Min: 0, Avg:  0.0, Max: 0, Diff: 0, Sum: 0, Workers: 4
[11.477s][debug][gc,phases      ] GC(21)   Weak JFR Old Object Samples    Min:  0.0, Avg:  0.0, Max:  0.0, Diff:  0.0, Sum:  0.0, Workers: 4
[11.477s][debug][gc,phases      ] GC(21)     Dead                           Min: 0, Avg:  0.0, Max: 0, Diff: 0, Sum: 0, Workers: 4
[11.477s][debug][gc,phases      ] GC(21)     Total                          Min: 0, Avg:  0.0, Max: 0, Diff: 0, Sum: 0, Workers: 4
[11.477s][debug][gc,phases      ] GC(21) Weak Processing 0.333ms
[11.477s][debug][gc,age         ] GC(21) Desired survivor size 304087040 bytes, new threshold 13 (max threshold 15)
[11.477s][info ][gc,heap        ] GC(21) PSYoungGen: 1540144K(1795072K)->26847K(1542656K) Eden: 1515520K(1515520K)->0K(1515520K) From: 24624K(279552K)->26847K(27136K)
[11.477s][info ][gc,heap        ] GC(21) ParOldGen: 179104K(274944K)->179112K(274944K)
[11.477s][info ][gc,metaspace   ] GC(21) Metaspace: 59063K(59648K)->59063K(59648K) NonClass: 50322K(50624K)->50322K(50624K) Class: 8740K(9024K)->8740K(9024K)
[11.477s][info ][gc             ] GC(21) Pause Young (Allocation Failure) 1678M->201M(1775M) 27.390ms
[11.477s][info ][gc,cpu         ] GC(21) User=0.10s Sys=0.00s Real=0.03s
[11.477s][info ][safepoint      ] Safepoint "ParallelGCFailedAllocation", Time since last: 211599893 ns, Reaching safepoint: 150803 ns, At safepoint: 27495745 ns, Total: 27646548 ns
[11.788s][info ][gc,start       ] GC(22) Pause Young (Allocation Failure)
[11.801s][debug][gc,phases      ] GC(22) Scavenge 12.282ms
[11.801s][debug][gc,ref         ] GC(22) Skipped phase 1 of Reference Processing: no references
[11.801s][debug][gc,ref         ] GC(22) ReferenceProcessor::execute queues: 1, RefProcThreadModel::Single, marks_oops_alive: false
[11.801s][debug][gc,ref         ] GC(22) Skipped phase 3 of Reference Processing: no references
[11.801s][debug][gc,ref         ] GC(22) ReferenceProcessor::execute queues: 1, RefProcThreadModel::Single, marks_oops_alive: false
[11.801s][debug][gc,phases      ] GC(22) Reference Processing 0.162ms
[11.801s][debug][gc,phases      ] GC(22)   VM Weak                        Min:  0.0, Avg:  0.0, Max:  0.0, Diff:  0.0, Sum:  0.0, Workers: 4
[11.801s][debug][gc,phases      ] GC(22)     Dead                           Min: 0, Avg:  0.0, Max: 0, Diff: 0, Sum: 0, Workers: 4
[11.801s][debug][gc,phases      ] GC(22)     Total                          Min: 0, Avg: 110.5, Max: 442, Diff: 442, Sum: 442, Workers: 4
[11.801s][debug][gc,phases      ] GC(22)   ObjectSynchronizer Weak        Min:  0.0, Avg:  0.0, Max:  0.0, Diff:  0.0, Sum:  0.0, Workers: 4
[11.801s][debug][gc,phases      ] GC(22)     Dead                           Min: 0, Avg:  0.0, Max: 0, Diff: 0, Sum: 0, Workers: 4
[11.801s][debug][gc,phases      ] GC(22)     Total                          Min: 0, Avg: 97.5, Max: 262, Diff: 262, Sum: 390, Workers: 4
[11.801s][debug][gc,phases      ] GC(22)   JVMTI Tag Weak OopStorage      Min:  0.0, Avg:  0.0, Max:  0.0, Diff:  0.0, Sum:  0.0, Workers: 4
[11.801s][debug][gc,phases      ] GC(22)     Dead                           Min: 0, Avg:  0.0, Max: 0, Diff: 0, Sum: 0, Workers: 4
[11.801s][debug][gc,phases      ] GC(22)     Total                          Min: 0, Avg:  0.0, Max: 0, Diff: 0, Sum: 0, Workers: 4
[11.801s][debug][gc,phases      ] GC(22)   StringTable Weak               Min:  0.1, Avg:  0.1, Max:  0.1, Diff:  0.0, Sum:  0.4, Workers: 4
[11.801s][debug][gc,phases      ] GC(22)     Dead                           Min: 0, Avg:  3.0, Max: 11, Diff: 11, Sum: 12, Workers: 4
[11.801s][debug][gc,phases      ] GC(22)     Total                          Min: 8960, Avg: 10013.2, Max: 10805, Diff: 1845, Sum: 40053, Workers: 4
[11.801s][debug][gc,phases      ] GC(22)   ResolvedMethodTable Weak       Min:  0.0, Avg:  0.0, Max:  0.0, Diff:  0.0, Sum:  0.1, Workers: 4
[11.801s][debug][gc,phases      ] GC(22)     Dead                           Min: 0, Avg:  0.2, Max: 1, Diff: 1, Sum: 1, Workers: 4
[11.801s][debug][gc,phases      ] GC(22)     Total                          Min: 1258, Avg: 1498.5, Max: 1600, Diff: 342, Sum: 5994, Workers: 4
[11.801s][debug][gc,phases      ] GC(22)   JNI Weak                       Min:  0.0, Avg:  0.0, Max:  0.0, Diff:  0.0, Sum:  0.0, Workers: 4
[11.801s][debug][gc,phases      ] GC(22)     Dead                           Min: 0, Avg:  0.0, Max: 0, Diff: 0, Sum: 0, Workers: 4
[11.801s][debug][gc,phases      ] GC(22)     Total                          Min: 0, Avg:  1.2, Max: 5, Diff: 5, Sum: 5, Workers: 4
[11.801s][debug][gc,phases      ] GC(22)   StringDedup Table Weak         Min:  0.0, Avg:  0.0, Max:  0.0, Diff:  0.0, Sum:  0.0, Workers: 4
[11.801s][debug][gc,phases      ] GC(22)     Dead                           Min: 0, Avg:  0.0, Max: 0, Diff: 0, Sum: 0, Workers: 4
[11.801s][debug][gc,phases      ] GC(22)     Total                          Min: 0, Avg:  0.0, Max: 0, Diff: 0, Sum: 0, Workers: 4
[11.801s][debug][gc,phases      ] GC(22)   StringDedup Requests0 Weak     Min:  0.0, Avg:  0.0, Max:  0.0, Diff:  0.0, Sum:  0.0, Workers: 4
[11.801s][debug][gc,phases      ] GC(22)     Dead                           Min: 0, Avg:  0.0, Max: 0, Diff: 0, Sum: 0, Workers: 4
[11.801s][debug][gc,phases      ] GC(22)     Total                          Min: 0, Avg:  0.0, Max: 0, Diff: 0, Sum: 0, Workers: 4
[11.801s][debug][gc,phases      ] GC(22)   StringDedup Requests1 Weak     Min:  0.0, Avg:  0.0, Max:  0.0, Diff:  0.0, Sum:  0.0, Workers: 4
[11.801s][debug][gc,phases      ] GC(22)     Dead                           Min: 0, Avg:  0.0, Max: 0, Diff: 0, Sum: 0, Workers: 4
[11.801s][debug][gc,phases      ] GC(22)     Total                          Min: 0, Avg:  0.0, Max: 0, Diff: 0, Sum: 0, Workers: 4
[11.801s][debug][gc,phases      ] GC(22)   Weak JFR Old Object Samples    Min:  0.0, Avg:  0.0, Max:  0.0, Diff:  0.0, Sum:  0.0, Workers: 4
[11.801s][debug][gc,phases      ] GC(22)     Dead                           Min: 0, Avg:  0.0, Max: 0, Diff: 0, Sum: 0, Workers: 4
[11.801s][debug][gc,phases      ] GC(22)     Total                          Min: 0, Avg:  0.0, Max: 0, Diff: 0, Sum: 0, Workers: 4
[11.801s][debug][gc,phases      ] GC(22) Weak Processing 0.295ms
[11.801s][debug][gc,age         ] GC(22) Desired survivor size 305659904 bytes, new threshold 14 (max threshold 15)
[11.801s][info ][gc,heap        ] GC(22) PSYoungGen: 1542367K(1542656K)->29401K(1797120K) Eden: 1515520K(1515520K)->0K(1500160K) From: 26847K(27136K)->29401K(296960K)
[11.801s][info ][gc,heap        ] GC(22) ParOldGen: 179112K(274944K)->179120K(274944K)
[11.801s][info ][gc,metaspace   ] GC(22) Metaspace: 59299K(59904K)->59299K(59904K) NonClass: 50533K(50880K)->50533K(50880K) Class: 8766K(9024K)->8766K(9024K)
[11.801s][info ][gc             ] GC(22) Pause Young (Allocation Failure) 1681M->203M(2023M) 12.869ms
[11.801s][info ][gc,cpu         ] GC(22) User=0.05s Sys=0.00s Real=0.01s
[11.801s][info ][safepoint      ] Safepoint "ParallelGCFailedAllocation", Time since last: 311041762 ns, Reaching safepoint: 207705 ns, At safepoint: 12982657 ns, Total: 13190362 ns
[12.166s][info ][gc,start       ] GC(23) Pause Young (Allocation Failure)
[12.180s][debug][gc,phases      ] GC(23) Scavenge 14.328ms
[12.180s][debug][gc,ref         ] GC(23) Skipped phase 1 of Reference Processing: no references
[12.180s][debug][gc,ref         ] GC(23) ReferenceProcessor::execute queues: 1, RefProcThreadModel::Single, marks_oops_alive: false
[12.180s][debug][gc,ref         ] GC(23) Skipped phase 3 of Reference Processing: no references
[12.180s][debug][gc,ref         ] GC(23) ReferenceProcessor::execute queues: 1, RefProcThreadModel::Single, marks_oops_alive: false
[12.180s][debug][gc,phases      ] GC(23) Reference Processing 0.179ms
[12.181s][debug][gc,phases      ] GC(23)   VM Weak                        Min:  0.0, Avg:  0.0, Max:  0.0, Diff:  0.0, Sum:  0.0, Workers: 4
[12.181s][debug][gc,phases      ] GC(23)     Dead                           Min: 0, Avg:  0.0, Max: 0, Diff: 0, Sum: 0, Workers: 4
[12.181s][debug][gc,phases      ] GC(23)     Total                          Min: 0, Avg: 112.0, Max: 192, Diff: 192, Sum: 448, Workers: 4
[12.181s][debug][gc,phases      ] GC(23)   ObjectSynchronizer Weak        Min:  0.0, Avg:  0.0, Max:  0.0, Diff:  0.0, Sum:  0.0, Workers: 4
[12.181s][debug][gc,phases      ] GC(23)     Dead                           Min: 0, Avg:  0.0, Max: 0, Diff: 0, Sum: 0, Workers: 4
[12.181s][debug][gc,phases      ] GC(23)     Total                          Min: 0, Avg: 97.5, Max: 192, Diff: 192, Sum: 390, Workers: 4
[12.181s][debug][gc,phases      ] GC(23)   JVMTI Tag Weak OopStorage      Min:  0.0, Avg:  0.0, Max:  0.0, Diff:  0.0, Sum:  0.0, Workers: 4
[12.181s][debug][gc,phases      ] GC(23)     Dead                           Min: 0, Avg:  0.0, Max: 0, Diff: 0, Sum: 0, Workers: 4
[12.181s][debug][gc,phases      ] GC(23)     Total                          Min: 0, Avg:  0.0, Max: 0, Diff: 0, Sum: 0, Workers: 4
[12.181s][debug][gc,phases      ] GC(23)   StringTable Weak               Min:  0.1, Avg:  0.1, Max:  0.1, Diff:  0.0, Sum:  0.5, Workers: 4
[12.181s][debug][gc,phases      ] GC(23)     Dead                           Min: 0, Avg:  1.5, Max: 3, Diff: 3, Sum: 6, Workers: 4
[12.181s][debug][gc,phases      ] GC(23)     Total                          Min: 6208, Avg: 10051.0, Max: 11468, Diff: 5260, Sum: 40204, Workers: 4
[12.181s][debug][gc,phases      ] GC(23)   ResolvedMethodTable Weak       Min:  0.0, Avg:  0.0, Max:  0.0, Diff:  0.0, Sum:  0.1, Workers: 4
[12.181s][debug][gc,phases      ] GC(23)     Dead                           Min: 0, Avg:  5.2, Max: 10, Diff: 10, Sum: 21, Workers: 4
[12.181s][debug][gc,phases      ] GC(23)     Total                          Min: 1360, Avg: 1524.0, Max: 1664, Diff: 304, Sum: 6096, Workers: 4
[12.181s][debug][gc,phases      ] GC(23)   JNI Weak                       Min:  0.0, Avg:  0.0, Max:  0.0, Diff:  0.0, Sum:  0.0, Workers: 4
[12.181s][debug][gc,phases      ] GC(23)     Dead                           Min: 0, Avg:  0.0, Max: 0, Diff: 0, Sum: 0, Workers: 4
[12.181s][debug][gc,phases      ] GC(23)     Total                          Min: 0, Avg:  0.0, Max: 0, Diff: 0, Sum: 0, Workers: 4
[12.181s][debug][gc,phases      ] GC(23)   StringDedup Table Weak         Min:  0.0, Avg:  0.0, Max:  0.0, Diff:  0.0, Sum:  0.0, Workers: 4
[12.181s][debug][gc,phases      ] GC(23)     Dead                           Min: 0, Avg:  0.0, Max: 0, Diff: 0, Sum: 0, Workers: 4
[12.181s][debug][gc,phases      ] GC(23)     Total                          Min: 0, Avg:  0.0, Max: 0, Diff: 0, Sum: 0, Workers: 4
[12.181s][debug][gc,phases      ] GC(23)   StringDedup Requests0 Weak     Min:  0.0, Avg:  0.0, Max:  0.0, Diff:  0.0, Sum:  0.0, Workers: 4
[12.181s][debug][gc,phases      ] GC(23)     Dead                           Min: 0, Avg:  0.0, Max: 0, Diff: 0, Sum: 0, Workers: 4
[12.181s][debug][gc,phases      ] GC(23)     Total                          Min: 0, Avg:  0.0, Max: 0, Diff: 0, Sum: 0, Workers: 4
[12.181s][debug][gc,phases      ] GC(23)   StringDedup Requests1 Weak     Min:  0.0, Avg:  0.0, Max:  0.0, Diff:  0.0, Sum:  0.0, Workers: 4
[12.181s][debug][gc,phases      ] GC(23)     Dead                           Min: 0, Avg:  0.0, Max: 0, Diff: 0, Sum: 0, Workers: 4
[12.181s][debug][gc,phases      ] GC(23)     Total                          Min: 0, Avg:  0.0, Max: 0, Diff: 0, Sum: 0, Workers: 4
[12.181s][debug][gc,phases      ] GC(23)   Weak JFR Old Object Samples    Min:  0.0, Avg:  0.0, Max:  0.0, Diff:  0.0, Sum:  0.0, Workers: 4
[12.181s][debug][gc,phases      ] GC(23)     Dead                           Min: 0, Avg:  0.0, Max: 0, Diff: 0, Sum: 0, Workers: 4
[12.181s][debug][gc,phases      ] GC(23)     Total                          Min: 0, Avg:  0.0, Max: 0, Diff: 0, Sum: 0, Workers: 4
[12.181s][debug][gc,phases      ] GC(23) Weak Processing 0.350ms
[12.181s][debug][gc,age         ] GC(23) Desired survivor size 304611328 bytes, new threshold 15 (max threshold 15)
[12.181s][info ][gc,heap        ] GC(23) PSYoungGen: 1529561K(1797120K)->29913K(1798656K) Eden: 1500160K(1500160K)->0K(1500160K) From: 29401K(296960K)->29913K(298496K)
[12.181s][info ][gc,heap        ] GC(23) ParOldGen: 179120K(274944K)->179128K(274944K)
[12.181s][info ][gc,metaspace   ] GC(23) Metaspace: 59958K(60544K)->59958K(60544K) NonClass: 51107K(51456K)->51107K(51456K) Class: 8850K(9088K)->8850K(9088K)
[12.181s][info ][gc             ] GC(23) Pause Young (Allocation Failure) 1668M->204M(2025M) 14.996ms
[12.181s][info ][gc,cpu         ] GC(23) User=0.06s Sys=0.00s Real=0.01s
[12.181s][info ][safepoint      ] Safepoint "ParallelGCFailedAllocation", Time since last: 364303918 ns, Reaching safepoint: 207404 ns, At safepoint: 15102399 ns, Total: 15309803 ns
[12.398s][info ][safepoint      ] Safepoint "ParallelGCFailedAllocation", Time since last: 216994300 ns, Reaching safepoint: 178103 ns, At safepoint: 44501 ns, Total: 222604 ns
[12.399s][info ][gc,start       ] GC(24) Pause Young (GCLocker Initiated GC)
[12.414s][debug][gc,phases      ] GC(24) Scavenge 15.435ms
[12.414s][debug][gc,ref         ] GC(24) Skipped phase 1 of Reference Processing: no references
[12.415s][debug][gc,ref         ] GC(24) ReferenceProcessor::execute queues: 1, RefProcThreadModel::Single, marks_oops_alive: false
[12.415s][debug][gc,ref         ] GC(24) Skipped phase 3 of Reference Processing: no references
[12.415s][debug][gc,ref         ] GC(24) ReferenceProcessor::execute queues: 1, RefProcThreadModel::Single, marks_oops_alive: false
[12.415s][debug][gc,phases      ] GC(24) Reference Processing 0.154ms
[12.415s][debug][gc,phases      ] GC(24)   VM Weak                        Min:  0.0, Avg:  0.0, Max:  0.0, Diff:  0.0, Sum:  0.0, Workers: 4
[12.415s][debug][gc,phases      ] GC(24)     Dead                           Min: 0, Avg:  0.0, Max: 0, Diff: 0, Sum: 0, Workers: 4
[12.415s][debug][gc,phases      ] GC(24)     Total                          Min: 0, Avg: 112.0, Max: 448, Diff: 448, Sum: 448, Workers: 4
[12.415s][debug][gc,phases      ] GC(24)   ObjectSynchronizer Weak        Min:  0.0, Avg:  0.0, Max:  0.0, Diff:  0.0, Sum:  0.0, Workers: 4
[12.415s][debug][gc,phases      ] GC(24)     Dead                           Min: 0, Avg:  0.0, Max: 0, Diff: 0, Sum: 0, Workers: 4
[12.415s][debug][gc,phases      ] GC(24)     Total                          Min: 0, Avg: 97.5, Max: 384, Diff: 384, Sum: 390, Workers: 4
[12.415s][debug][gc,phases      ] GC(24)   JVMTI Tag Weak OopStorage      Min:  0.0, Avg:  0.0, Max:  0.0, Diff:  0.0, Sum:  0.0, Workers: 4
[12.415s][debug][gc,phases      ] GC(24)     Dead                           Min: 0, Avg:  0.0, Max: 0, Diff: 0, Sum: 0, Workers: 4
[12.415s][debug][gc,phases      ] GC(24)     Total                          Min: 0, Avg:  0.0, Max: 0, Diff: 0, Sum: 0, Workers: 4
[12.415s][debug][gc,phases      ] GC(24)   StringTable Weak               Min:  0.1, Avg:  0.1, Max:  0.1, Diff:  0.0, Sum:  0.4, Workers: 4
[12.415s][debug][gc,phases      ] GC(24)     Dead                           Min: 0, Avg:  2.8, Max: 11, Diff: 11, Sum: 11, Workers: 4
[12.415s][debug][gc,phases      ] GC(24)     Total                          Min: 7744, Avg: 10242.0, Max: 12096, Diff: 4352, Sum: 40968, Workers: 4
[12.415s][debug][gc,phases      ] GC(24)   ResolvedMethodTable Weak       Min:  0.0, Avg:  0.0, Max:  0.0, Diff:  0.0, Sum:  0.1, Workers: 4
[12.415s][debug][gc,phases      ] GC(24)     Dead                           Min: 1, Avg: 14.0, Max: 45, Diff: 44, Sum: 56, Workers: 4
[12.415s][debug][gc,phases      ] GC(24)     Total                          Min: 1216, Avg: 1538.2, Max: 1728, Diff: 512, Sum: 6153, Workers: 4
[12.415s][debug][gc,phases      ] GC(24)   JNI Weak                       Min:  0.0, Avg:  0.0, Max:  0.0, Diff:  0.0, Sum:  0.0, Workers: 4
[12.415s][debug][gc,phases      ] GC(24)     Dead                           Min: 0, Avg:  0.0, Max: 0, Diff: 0, Sum: 0, Workers: 4
[12.415s][debug][gc,phases      ] GC(24)     Total                          Min: 0, Avg:  0.0, Max: 0, Diff: 0, Sum: 0, Workers: 4
[12.415s][debug][gc,phases      ] GC(24)   StringDedup Table Weak         Min:  0.0, Avg:  0.0, Max:  0.0, Diff:  0.0, Sum:  0.0, Workers: 4
[12.415s][debug][gc,phases      ] GC(24)     Dead                           Min: 0, Avg:  0.0, Max: 0, Diff: 0, Sum: 0, Workers: 4
[12.415s][debug][gc,phases      ] GC(24)     Total                          Min: 0, Avg:  0.0, Max: 0, Diff: 0, Sum: 0, Workers: 4
[12.415s][debug][gc,phases      ] GC(24)   StringDedup Requests0 Weak     Min:  0.0, Avg:  0.0, Max:  0.0, Diff:  0.0, Sum:  0.0, Workers: 4
[12.415s][debug][gc,phases      ] GC(24)     Dead                           Min: 0, Avg:  0.0, Max: 0, Diff: 0, Sum: 0, Workers: 4
[12.415s][debug][gc,phases      ] GC(24)     Total                          Min: 0, Avg:  0.0, Max: 0, Diff: 0, Sum: 0, Workers: 4
[12.415s][debug][gc,phases      ] GC(24)   StringDedup Requests1 Weak     Min:  0.0, Avg:  0.0, Max:  0.0, Diff:  0.0, Sum:  0.0, Workers: 4
[12.415s][debug][gc,phases      ] GC(24)     Dead                           Min: 0, Avg:  0.0, Max: 0, Diff: 0, Sum: 0, Workers: 4
[12.415s][debug][gc,phases      ] GC(24)     Total                          Min: 0, Avg:  0.0, Max: 0, Diff: 0, Sum: 0, Workers: 4
[12.415s][debug][gc,phases      ] GC(24)   Weak JFR Old Object Samples    Min:  0.0, Avg:  0.0, Max:  0.0, Diff:  0.0, Sum:  0.0, Workers: 4
[12.415s][debug][gc,phases      ] GC(24)     Dead                           Min: 0, Avg:  0.0, Max: 0, Diff: 0, Sum: 0, Workers: 4
[12.415s][debug][gc,phases      ] GC(24)     Total                          Min: 0, Avg:  0.0, Max: 0, Diff: 0, Sum: 0, Workers: 4
[12.415s][debug][gc,phases      ] GC(24) Weak Processing 0.331ms
[12.415s][debug][gc,age         ] GC(24) Desired survivor size 300417024 bytes, new threshold 15 (max threshold 15)
[12.415s][info ][gc,heap        ] GC(24) PSYoungGen: 1530073K(1798656K)->30425K(1803776K) Eden: 1500160K(1500160K)->0K(1506304K) From: 29913K(298496K)->30425K(297472K)
[12.415s][info ][gc,heap        ] GC(24) ParOldGen: 179128K(274944K)->179136K(274944K)
[12.415s][info ][gc,metaspace   ] GC(24) Metaspace: 61532K(62144K)->61532K(62144K) NonClass: 52475K(52800K)->52475K(52800K) Class: 9057K(9344K)->9057K(9344K)
[12.415s][info ][gc             ] GC(24) Pause Young (GCLocker Initiated GC) 1669M->204M(2030M) 16.055ms
[12.415s][info ][gc,cpu         ] GC(24) User=0.07s Sys=0.00s Real=0.02s
[12.415s][info ][safepoint      ] Safepoint "ParallelGCSystemGC", Time since last: 687814 ns, Reaching safepoint: 99802 ns, At safepoint: 16143920 ns, Total: 16243722 ns
[12.790s][info ][gc,start       ] GC(25) Pause Young (Allocation Failure)
[12.808s][debug][gc,phases      ] GC(25) Scavenge 17.551ms
[12.808s][debug][gc,ref         ] GC(25) Skipped phase 1 of Reference Processing: no references
[12.808s][debug][gc,ref         ] GC(25) ReferenceProcessor::execute queues: 1, RefProcThreadModel::Single, marks_oops_alive: false
[12.808s][debug][gc,ref         ] GC(25) Skipped phase 3 of Reference Processing: no references
[12.808s][debug][gc,ref         ] GC(25) ReferenceProcessor::execute queues: 1, RefProcThreadModel::Single, marks_oops_alive: false
[12.808s][debug][gc,phases      ] GC(25) Reference Processing 0.190ms
[12.808s][debug][gc,phases      ] GC(25)   VM Weak                        Min:  0.0, Avg:  0.0, Max:  0.0, Diff:  0.0, Sum:  0.0, Workers: 4
[12.808s][debug][gc,phases      ] GC(25)     Dead                           Min: 0, Avg:  0.0, Max: 0, Diff: 0, Sum: 0, Workers: 4
[12.808s][debug][gc,phases      ] GC(25)     Total                          Min: 0, Avg: 116.5, Max: 448, Diff: 448, Sum: 466, Workers: 4
[12.808s][debug][gc,phases      ] GC(25)   ObjectSynchronizer Weak        Min:  0.0, Avg:  0.0, Max:  0.0, Diff:  0.0, Sum:  0.0, Workers: 4
[12.808s][debug][gc,phases      ] GC(25)     Dead                           Min: 0, Avg:  0.0, Max: 0, Diff: 0, Sum: 0, Workers: 4
[12.808s][debug][gc,phases      ] GC(25)     Total                          Min: 0, Avg: 97.8, Max: 199, Diff: 199, Sum: 391, Workers: 4
[12.808s][debug][gc,phases      ] GC(25)   JVMTI Tag Weak OopStorage      Min:  0.0, Avg:  0.0, Max:  0.0, Diff:  0.0, Sum:  0.0, Workers: 4
[12.808s][debug][gc,phases      ] GC(25)     Dead                           Min: 0, Avg:  0.0, Max: 0, Diff: 0, Sum: 0, Workers: 4
[12.808s][debug][gc,phases      ] GC(25)     Total                          Min: 0, Avg:  0.0, Max: 0, Diff: 0, Sum: 0, Workers: 4
[12.808s][debug][gc,phases      ] GC(25)   StringTable Weak               Min:  0.1, Avg:  0.1, Max:  0.1, Diff:  0.0, Sum:  0.5, Workers: 4
[12.808s][debug][gc,phases      ] GC(25)     Dead                           Min: 0, Avg:  3.8, Max: 13, Diff: 13, Sum: 15, Workers: 4
[12.808s][debug][gc,phases      ] GC(25)     Total                          Min: 9216, Avg: 10403.0, Max: 10944, Diff: 1728, Sum: 41612, Workers: 4
[12.808s][debug][gc,phases      ] GC(25)   ResolvedMethodTable Weak       Min:  0.0, Avg:  0.0, Max:  0.0, Diff:  0.0, Sum:  0.1, Workers: 4
[12.808s][debug][gc,phases      ] GC(25)     Dead                           Min: 1, Avg: 23.2, Max: 70, Diff: 69, Sum: 93, Workers: 4
[12.808s][debug][gc,phases      ] GC(25)     Total                          Min: 1237, Avg: 1589.2, Max: 1792, Diff: 555, Sum: 6357, Workers: 4
[12.808s][debug][gc,phases      ] GC(25)   JNI Weak                       Min:  0.0, Avg:  0.0, Max:  0.0, Diff:  0.0, Sum:  0.0, Workers: 4
[12.808s][debug][gc,phases      ] GC(25)     Dead                           Min: 0, Avg:  0.0, Max: 0, Diff: 0, Sum: 0, Workers: 4
[12.808s][debug][gc,phases      ] GC(25)     Total                          Min: 0, Avg:  3.8, Max: 15, Diff: 15, Sum: 15, Workers: 4
[12.808s][debug][gc,phases      ] GC(25)   StringDedup Table Weak         Min:  0.0, Avg:  0.0, Max:  0.0, Diff:  0.0, Sum:  0.0, Workers: 4
[12.808s][debug][gc,phases      ] GC(25)     Dead                           Min: 0, Avg:  0.0, Max: 0, Diff: 0, Sum: 0, Workers: 4
[12.808s][debug][gc,phases      ] GC(25)     Total                          Min: 0, Avg:  0.0, Max: 0, Diff: 0, Sum: 0, Workers: 4
[12.808s][debug][gc,phases      ] GC(25)   StringDedup Requests0 Weak     Min:  0.0, Avg:  0.0, Max:  0.0, Diff:  0.0, Sum:  0.0, Workers: 4
[12.808s][debug][gc,phases      ] GC(25)     Dead                           Min: 0, Avg:  0.0, Max: 0, Diff: 0, Sum: 0, Workers: 4
[12.808s][debug][gc,phases      ] GC(25)     Total                          Min: 0, Avg:  0.0, Max: 0, Diff: 0, Sum: 0, Workers: 4
[12.808s][debug][gc,phases      ] GC(25)   StringDedup Requests1 Weak     Min:  0.0, Avg:  0.0, Max:  0.0, Diff:  0.0, Sum:  0.0, Workers: 4
[12.809s][debug][gc,phases      ] GC(25)     Dead                           Min: 0, Avg:  0.0, Max: 0, Diff: 0, Sum: 0, Workers: 4
[12.809s][debug][gc,phases      ] GC(25)     Total                          Min: 0, Avg:  0.0, Max: 0, Diff: 0, Sum: 0, Workers: 4
[12.809s][debug][gc,phases      ] GC(25)   Weak JFR Old Object Samples    Min:  0.0, Avg:  0.0, Max:  0.0, Diff:  0.0, Sum:  0.0, Workers: 4
[12.809s][debug][gc,phases      ] GC(25)     Dead                           Min: 0, Avg:  0.0, Max: 0, Diff: 0, Sum: 0, Workers: 4
[12.809s][debug][gc,phases      ] GC(25)     Total                          Min: 0, Avg:  0.0, Max: 0, Diff: 0, Sum: 0, Workers: 4
[12.809s][debug][gc,phases      ] GC(25) Weak Processing 0.362ms
[12.809s][debug][gc,age         ] GC(25) Desired survivor size 294649856 bytes, new threshold 15 (max threshold 15)
[12.809s][info ][gc,heap        ] GC(25) PSYoungGen: 1536729K(1803776K)->31651K(1799680K) Eden: 1506304K(1506304K)->0K(1506304K) From: 30425K(297472K)->31651K(293376K)
[12.809s][info ][gc,heap        ] GC(25) ParOldGen: 179137K(274944K)->185051K(274944K)
[12.809s][info ][gc,metaspace   ] GC(25) Metaspace: 64567K(65216K)->64567K(65216K) NonClass: 55146K(55488K)->55146K(55488K) Class: 9420K(9728K)->9420K(9728K)
[12.809s][info ][gc             ] GC(25) Pause Young (Allocation Failure) 1675M->211M(2026M) 18.244ms
[12.809s][info ][gc,cpu         ] GC(25) User=0.08s Sys=0.00s Real=0.01s
[12.809s][info ][safepoint      ] Safepoint "ParallelGCFailedAllocation", Time since last: 375068531 ns, Reaching safepoint: 176903 ns, At safepoint: 18353964 ns, Total: 18530867 ns
[13.047s][info ][gc,start       ] GC(26) Pause Young (Allocation Failure)
[13.078s][debug][gc,phases      ] GC(26) Scavenge 31.512ms
[13.078s][debug][gc,ref         ] GC(26) Skipped phase 1 of Reference Processing: no references
[13.078s][debug][gc,ref         ] GC(26) ReferenceProcessor::execute queues: 1, RefProcThreadModel::Single, marks_oops_alive: false
[13.078s][debug][gc,ref         ] GC(26) Skipped phase 3 of Reference Processing: no references
[13.078s][debug][gc,ref         ] GC(26) ReferenceProcessor::execute queues: 1, RefProcThreadModel::Single, marks_oops_alive: false
[13.079s][debug][gc,phases      ] GC(26) Reference Processing 0.156ms
[13.079s][debug][gc,phases      ] GC(26)   VM Weak                        Min:  0.0, Avg:  0.0, Max:  0.0, Diff:  0.0, Sum:  0.0, Workers: 4
[13.079s][debug][gc,phases      ] GC(26)     Dead                           Min: 0, Avg:  0.0, Max: 0, Diff: 0, Sum: 0, Workers: 4
[13.079s][debug][gc,phases      ] GC(26)     Total                          Min: 0, Avg: 116.5, Max: 448, Diff: 448, Sum: 466, Workers: 4
[13.079s][debug][gc,phases      ] GC(26)   ObjectSynchronizer Weak        Min:  0.0, Avg:  0.0, Max:  0.0, Diff:  0.0, Sum:  0.0, Workers: 4
[13.079s][debug][gc,phases      ] GC(26)     Dead                           Min: 0, Avg:  0.0, Max: 0, Diff: 0, Sum: 0, Workers: 4
[13.079s][debug][gc,phases      ] GC(26)     Total                          Min: 0, Avg: 97.8, Max: 199, Diff: 199, Sum: 391, Workers: 4
[13.079s][debug][gc,phases      ] GC(26)   JVMTI Tag Weak OopStorage      Min:  0.0, Avg:  0.0, Max:  0.0, Diff:  0.0, Sum:  0.0, Workers: 4
[13.079s][debug][gc,phases      ] GC(26)     Dead                           Min: 0, Avg:  0.0, Max: 0, Diff: 0, Sum: 0, Workers: 4
[13.079s][debug][gc,phases      ] GC(26)     Total                          Min: 0, Avg:  0.0, Max: 0, Diff: 0, Sum: 0, Workers: 4
[13.079s][debug][gc,phases      ] GC(26)   StringTable Weak               Min:  0.1, Avg:  0.1, Max:  0.1, Diff:  0.0, Sum:  0.5, Workers: 4
[13.079s][debug][gc,phases      ] GC(26)     Dead                           Min: 0, Avg:  0.0, Max: 0, Diff: 0, Sum: 0, Workers: 4
[13.079s][debug][gc,phases      ] GC(26)     Total                          Min: 9468, Avg: 10415.0, Max: 11520, Diff: 2052, Sum: 41660, Workers: 4
[13.079s][debug][gc,phases      ] GC(26)   ResolvedMethodTable Weak       Min:  0.0, Avg:  0.0, Max:  0.0, Diff:  0.0, Sum:  0.1, Workers: 4
[13.079s][debug][gc,phases      ] GC(26)     Dead                           Min: 0, Avg:  0.0, Max: 0, Diff: 0, Sum: 0, Workers: 4
[13.079s][debug][gc,phases      ] GC(26)     Total                          Min: 1344, Avg: 1593.0, Max: 1920, Diff: 576, Sum: 6372, Workers: 4
[13.079s][debug][gc,phases      ] GC(26)   JNI Weak                       Min:  0.0, Avg:  0.0, Max:  0.0, Diff:  0.0, Sum:  0.0, Workers: 4
[13.079s][debug][gc,phases      ] GC(26)     Dead                           Min: 0, Avg:  0.0, Max: 0, Diff: 0, Sum: 0, Workers: 4
[13.079s][debug][gc,phases      ] GC(26)     Total                          Min: 0, Avg:  1.2, Max: 5, Diff: 5, Sum: 5, Workers: 4
[13.079s][debug][gc,phases      ] GC(26)   StringDedup Table Weak         Min:  0.0, Avg:  0.0, Max:  0.0, Diff:  0.0, Sum:  0.0, Workers: 4
[13.079s][debug][gc,phases      ] GC(26)     Dead                           Min: 0, Avg:  0.0, Max: 0, Diff: 0, Sum: 0, Workers: 4
[13.079s][debug][gc,phases      ] GC(26)     Total                          Min: 0, Avg:  0.0, Max: 0, Diff: 0, Sum: 0, Workers: 4
[13.079s][debug][gc,phases      ] GC(26)   StringDedup Requests0 Weak     Min:  0.0, Avg:  0.0, Max:  0.0, Diff:  0.0, Sum:  0.0, Workers: 4
[13.079s][debug][gc,phases      ] GC(26)     Dead                           Min: 0, Avg:  0.0, Max: 0, Diff: 0, Sum: 0, Workers: 4
[13.079s][debug][gc,phases      ] GC(26)     Total                          Min: 0, Avg:  0.0, Max: 0, Diff: 0, Sum: 0, Workers: 4
[13.079s][debug][gc,phases      ] GC(26)   StringDedup Requests1 Weak     Min:  0.0, Avg:  0.0, Max:  0.0, Diff:  0.0, Sum:  0.0, Workers: 4
[13.079s][debug][gc,phases      ] GC(26)     Dead                           Min: 0, Avg:  0.0, Max: 0, Diff: 0, Sum: 0, Workers: 4
[13.079s][debug][gc,phases      ] GC(26)     Total                          Min: 0, Avg:  0.0, Max: 0, Diff: 0, Sum: 0, Workers: 4
[13.079s][debug][gc,phases      ] GC(26)   Weak JFR Old Object Samples    Min:  0.0, Avg:  0.0, Max:  0.0, Diff:  0.0, Sum:  0.0, Workers: 4
[13.079s][debug][gc,phases      ] GC(26)     Dead                           Min: 0, Avg:  0.0, Max: 0, Diff: 0, Sum: 0, Workers: 4
[13.079s][debug][gc,phases      ] GC(26)     Total                          Min: 0, Avg:  0.0, Max: 0, Diff: 0, Sum: 0, Workers: 4
[13.079s][debug][gc,phases      ] GC(26) Weak Processing 0.374ms
[13.079s][debug][gc,age         ] GC(26) Desired survivor size 282066944 bytes, new threshold 15 (max threshold 15)
[13.079s][info ][gc,heap        ] GC(26) PSYoungGen: 1537955K(1799680K)->59747K(1821696K) Eden: 1506304K(1506304K)->0K(1533952K) From: 31651K(293376K)->59747K(287744K)
[13.079s][info ][gc,heap        ] GC(26) ParOldGen: 185051K(274944K)->187323K(274944K)
[13.079s][info ][gc,metaspace   ] GC(26) Metaspace: 64584K(65216K)->64584K(65216K) NonClass: 55158K(55488K)->55158K(55488K) Class: 9426K(9728K)->9426K(9728K)
[13.079s][info ][gc             ] GC(26) Pause Young (Allocation Failure) 1682M->241M(2047M) 32.204ms
[13.079s][info ][gc,cpu         ] GC(26) User=0.10s Sys=0.02s Real=0.03s
[13.079s][info ][safepoint      ] Safepoint "ParallelGCFailedAllocation", Time since last: 237918914 ns, Reaching safepoint: 137603 ns, At safepoint: 32322340 ns, Total: 32459943 ns
[13.425s][info ][gc,start       ] GC(27) Pause Young (Allocation Failure)
[13.525s][debug][gc,phases      ] GC(27) Scavenge 100.125ms
[13.525s][debug][gc,ref         ] GC(27) Skipped phase 1 of Reference Processing: no references
[13.526s][debug][gc,ref         ] GC(27) ReferenceProcessor::execute queues: 1, RefProcThreadModel::Single, marks_oops_alive: false
[13.526s][debug][gc,ref         ] GC(27) Skipped phase 3 of Reference Processing: no references
[13.526s][debug][gc,ref         ] GC(27) ReferenceProcessor::execute queues: 1, RefProcThreadModel::Single, marks_oops_alive: false
[13.526s][debug][gc,phases      ] GC(27) Reference Processing 0.165ms
[13.526s][debug][gc,phases      ] GC(27)   VM Weak                        Min:  0.0, Avg:  0.0, Max:  0.0, Diff:  0.0, Sum:  0.0, Workers: 4
[13.526s][debug][gc,phases      ] GC(27)     Dead                           Min: 0, Avg:  0.0, Max: 0, Diff: 0, Sum: 0, Workers: 4
[13.526s][debug][gc,phases      ] GC(27)     Total                          Min: 0, Avg: 116.5, Max: 466, Diff: 466, Sum: 466, Workers: 4
[13.526s][debug][gc,phases      ] GC(27)   ObjectSynchronizer Weak        Min:  0.0, Avg:  0.0, Max:  0.0, Diff:  0.0, Sum:  0.0, Workers: 4
[13.526s][debug][gc,phases      ] GC(27)     Dead                           Min: 0, Avg:  0.0, Max: 0, Diff: 0, Sum: 0, Workers: 4
[13.526s][debug][gc,phases      ] GC(27)     Total                          Min: 0, Avg: 97.8, Max: 327, Diff: 327, Sum: 391, Workers: 4
[13.526s][debug][gc,phases      ] GC(27)   JVMTI Tag Weak OopStorage      Min:  0.0, Avg:  0.0, Max:  0.0, Diff:  0.0, Sum:  0.0, Workers: 4
[13.526s][debug][gc,phases      ] GC(27)     Dead                           Min: 0, Avg:  0.0, Max: 0, Diff: 0, Sum: 0, Workers: 4
[13.526s][debug][gc,phases      ] GC(27)     Total                          Min: 0, Avg:  0.0, Max: 0, Diff: 0, Sum: 0, Workers: 4
[13.526s][debug][gc,phases      ] GC(27)   StringTable Weak               Min:  0.1, Avg:  0.1, Max:  0.1, Diff:  0.0, Sum:  0.4, Workers: 4
[13.526s][debug][gc,phases      ] GC(27)     Dead                           Min: 0, Avg:  2.8, Max: 11, Diff: 11, Sum: 11, Workers: 4
[13.526s][debug][gc,phases      ] GC(27)     Total                          Min: 9728, Avg: 10415.5, Max: 10816, Diff: 1088, Sum: 41662, Workers: 4
[13.526s][debug][gc,phases      ] GC(27)   ResolvedMethodTable Weak       Min:  0.0, Avg:  0.0, Max:  0.0, Diff:  0.0, Sum:  0.1, Workers: 4
[13.526s][debug][gc,phases      ] GC(27)     Dead                           Min: 0, Avg:  0.0, Max: 0, Diff: 0, Sum: 0, Workers: 4
[13.526s][debug][gc,phases      ] GC(27)     Total                          Min: 1383, Avg: 1593.5, Max: 1856, Diff: 473, Sum: 6374, Workers: 4
[13.526s][debug][gc,phases      ] GC(27)   JNI Weak                       Min:  0.0, Avg:  0.0, Max:  0.0, Diff:  0.0, Sum:  0.0, Workers: 4
[13.526s][debug][gc,phases      ] GC(27)     Dead                           Min: 0, Avg:  0.0, Max: 0, Diff: 0, Sum: 0, Workers: 4
[13.526s][debug][gc,phases      ] GC(27)     Total                          Min: 0, Avg:  0.0, Max: 0, Diff: 0, Sum: 0, Workers: 4
[13.526s][debug][gc,phases      ] GC(27)   StringDedup Table Weak         Min:  0.0, Avg:  0.0, Max:  0.0, Diff:  0.0, Sum:  0.0, Workers: 4
[13.526s][debug][gc,phases      ] GC(27)     Dead                           Min: 0, Avg:  0.0, Max: 0, Diff: 0, Sum: 0, Workers: 4
[13.526s][debug][gc,phases      ] GC(27)     Total                          Min: 0, Avg:  0.0, Max: 0, Diff: 0, Sum: 0, Workers: 4
[13.526s][debug][gc,phases      ] GC(27)   StringDedup Requests0 Weak     Min:  0.0, Avg:  0.0, Max:  0.0, Diff:  0.0, Sum:  0.0, Workers: 4
[13.526s][debug][gc,phases      ] GC(27)     Dead                           Min: 0, Avg:  0.0, Max: 0, Diff: 0, Sum: 0, Workers: 4
[13.526s][debug][gc,phases      ] GC(27)     Total                          Min: 0, Avg:  0.0, Max: 0, Diff: 0, Sum: 0, Workers: 4
[13.526s][debug][gc,phases      ] GC(27)   StringDedup Requests1 Weak     Min:  0.0, Avg:  0.0, Max:  0.0, Diff:  0.0, Sum:  0.0, Workers: 4
[13.526s][debug][gc,phases      ] GC(27)     Dead                           Min: 0, Avg:  0.0, Max: 0, Diff: 0, Sum: 0, Workers: 4
[13.526s][debug][gc,phases      ] GC(27)     Total                          Min: 0, Avg:  0.0, Max: 0, Diff: 0, Sum: 0, Workers: 4
[13.526s][debug][gc,phases      ] GC(27)   Weak JFR Old Object Samples    Min:  0.0, Avg:  0.0, Max:  0.0, Diff:  0.0, Sum:  0.0, Workers: 4
[13.526s][debug][gc,phases      ] GC(27)     Dead                           Min: 0, Avg:  0.0, Max: 0, Diff: 0, Sum: 0, Workers: 4
[13.526s][debug][gc,phases      ] GC(27)     Total                          Min: 0, Avg:  0.0, Max: 0, Diff: 0, Sum: 0, Workers: 4
[13.526s][debug][gc,phases      ] GC(27) Weak Processing 0.322ms
[13.526s][debug][gc,age         ] GC(27) Desired survivor size 304087040 bytes, new threshold 15 (max threshold 15)
[13.526s][info ][gc,heap        ] GC(27) PSYoungGen: 1593699K(1821696K)->201547K(1735680K) Eden: 1533952K(1533952K)->0K(1533952K) From: 59747K(287744K)->201547K(201728K)
[13.526s][info ][gc,heap        ] GC(27) ParOldGen: 187323K(274944K)->190339K(274944K)
[13.526s][info ][gc,metaspace   ] GC(27) Metaspace: 64597K(65216K)->64597K(65216K) NonClass: 55169K(55488K)->55169K(55488K) Class: 9427K(9728K)->9427K(9728K)
[13.526s][info ][gc             ] GC(27) Pause Young (Allocation Failure) 1739M->382M(1963M) 100.757ms
[13.526s][info ][gc,cpu         ] GC(27) User=0.39s Sys=0.01s Real=0.10s
[13.526s][info ][safepoint      ] Safepoint "ParallelGCFailedAllocation", Time since last: 344001716 ns, Reaching safepoint: 2168543 ns, At safepoint: 100876498 ns, Total: 103045041 ns
[13.753s][info ][gc,start       ] GC(28) Pause Young (Allocation Failure)
[13.921s][debug][gc,phases      ] GC(28) Scavenge 167.365ms
[13.921s][debug][gc,ref         ] GC(28) Skipped phase 1 of Reference Processing: no references
[13.921s][debug][gc,ref         ] GC(28) ReferenceProcessor::execute queues: 1, RefProcThreadModel::Single, marks_oops_alive: false
[13.921s][debug][gc,ref         ] GC(28) Skipped phase 3 of Reference Processing: no references
[13.921s][debug][gc,ref         ] GC(28) ReferenceProcessor::execute queues: 1, RefProcThreadModel::Single, marks_oops_alive: false
[13.921s][debug][gc,phases      ] GC(28) Reference Processing 0.157ms
[13.922s][debug][gc,phases      ] GC(28)   VM Weak                        Min:  0.0, Avg:  0.0, Max:  0.0, Diff:  0.0, Sum:  0.0, Workers: 4
[13.922s][debug][gc,phases      ] GC(28)     Dead                           Min: 0, Avg:  0.0, Max: 0, Diff: 0, Sum: 0, Workers: 4
[13.922s][debug][gc,phases      ] GC(28)     Total                          Min: 0, Avg: 116.5, Max: 402, Diff: 402, Sum: 466, Workers: 4
[13.922s][debug][gc,phases      ] GC(28)   ObjectSynchronizer Weak        Min:  0.0, Avg:  0.0, Max:  0.0, Diff:  0.0, Sum:  0.0, Workers: 4
[13.922s][debug][gc,phases      ] GC(28)     Dead                           Min: 0, Avg:  0.0, Max: 0, Diff: 0, Sum: 0, Workers: 4
[13.922s][debug][gc,phases      ] GC(28)     Total                          Min: 0, Avg: 97.8, Max: 192, Diff: 192, Sum: 391, Workers: 4
[13.922s][debug][gc,phases      ] GC(28)   JVMTI Tag Weak OopStorage      Min:  0.0, Avg:  0.0, Max:  0.0, Diff:  0.0, Sum:  0.0, Workers: 4
[13.922s][debug][gc,phases      ] GC(28)     Dead                           Min: 0, Avg:  0.0, Max: 0, Diff: 0, Sum: 0, Workers: 4
[13.922s][debug][gc,phases      ] GC(28)     Total                          Min: 0, Avg:  0.0, Max: 0, Diff: 0, Sum: 0, Workers: 4
[13.922s][debug][gc,phases      ] GC(28)   StringTable Weak               Min:  0.1, Avg:  0.4, Max:  1.2, Diff:  1.1, Sum:  1.7, Workers: 4
[13.922s][debug][gc,phases      ] GC(28)     Dead                           Min: 0, Avg:  2.8, Max: 11, Diff: 11, Sum: 11, Workers: 4
[13.922s][debug][gc,phases      ] GC(28)     Total                          Min: 7040, Avg: 10416.2, Max: 12412, Diff: 5372, Sum: 41665, Workers: 4
[13.922s][debug][gc,phases      ] GC(28)   ResolvedMethodTable Weak       Min:  0.0, Avg:  0.0, Max:  0.0, Diff:  0.0, Sum:  0.1, Workers: 4
[13.922s][debug][gc,phases      ] GC(28)     Dead                           Min: 0, Avg:  0.2, Max: 1, Diff: 1, Sum: 1, Workers: 4
[13.922s][debug][gc,phases      ] GC(28)     Total                          Min: 0, Avg: 1593.5, Max: 2432, Diff: 2432, Sum: 6374, Workers: 4
[13.922s][debug][gc,phases      ] GC(28)   JNI Weak                       Min:  0.0, Avg:  0.0, Max:  0.0, Diff:  0.0, Sum:  0.0, Workers: 4
[13.922s][debug][gc,phases      ] GC(28)     Dead                           Min: 0, Avg:  0.0, Max: 0, Diff: 0, Sum: 0, Workers: 4
[13.922s][debug][gc,phases      ] GC(28)     Total                          Min: 0, Avg:  0.0, Max: 0, Diff: 0, Sum: 0, Workers: 4
[13.922s][debug][gc,phases      ] GC(28)   StringDedup Table Weak         Min:  0.0, Avg:  0.0, Max:  0.0, Diff:  0.0, Sum:  0.0, Workers: 4
[13.922s][debug][gc,phases      ] GC(28)     Dead                           Min: 0, Avg:  0.0, Max: 0, Diff: 0, Sum: 0, Workers: 4
[13.922s][debug][gc,phases      ] GC(28)     Total                          Min: 0, Avg:  0.0, Max: 0, Diff: 0, Sum: 0, Workers: 4
[13.922s][debug][gc,phases      ] GC(28)   StringDedup Requests0 Weak     Min:  0.0, Avg:  0.0, Max:  0.0, Diff:  0.0, Sum:  0.0, Workers: 4
[13.922s][debug][gc,phases      ] GC(28)     Dead                           Min: 0, Avg:  0.0, Max: 0, Diff: 0, Sum: 0, Workers: 4
[13.922s][debug][gc,phases      ] GC(28)     Total                          Min: 0, Avg:  0.0, Max: 0, Diff: 0, Sum: 0, Workers: 4
[13.922s][debug][gc,phases      ] GC(28)   StringDedup Requests1 Weak     Min:  0.0, Avg:  0.0, Max:  0.0, Diff:  0.0, Sum:  0.0, Workers: 4
[13.922s][debug][gc,phases      ] GC(28)     Dead                           Min: 0, Avg:  0.0, Max: 0, Diff: 0, Sum: 0, Workers: 4
[13.922s][debug][gc,phases      ] GC(28)     Total                          Min: 0, Avg:  0.0, Max: 0, Diff: 0, Sum: 0, Workers: 4
[13.922s][debug][gc,phases      ] GC(28)   Weak JFR Old Object Samples    Min:  0.0, Avg:  0.0, Max:  0.0, Diff:  0.0, Sum:  0.0, Workers: 4
[13.922s][debug][gc,phases      ] GC(28)     Dead                           Min: 0, Avg:  0.0, Max: 0, Diff: 0, Sum: 0, Workers: 4
[13.922s][debug][gc,phases      ] GC(28)     Total                          Min: 0, Avg:  0.0, Max: 0, Diff: 0, Sum: 0, Workers: 4
[13.922s][debug][gc,phases      ] GC(28) Weak Processing 1.499ms
[13.922s][debug][gc,age         ] GC(28) Desired survivor size 365428736 bytes, new threshold 14 (max threshold 15)
[13.922s][info ][gc,heap        ] GC(28) PSYoungGen: 1735499K(1735680K)->296942K(1680384K) Eden: 1533952K(1533952K)->0K(1383424K) From: 201547K(201728K)->296942K(296960K)
[13.922s][info ][gc,heap        ] GC(28) ParOldGen: 190339K(274944K)->213405K(274944K)
[13.922s][info ][gc,metaspace   ] GC(28) Metaspace: 64633K(65280K)->64633K(65280K) NonClass: 55205K(55552K)->55205K(55552K) Class: 9427K(9728K)->9427K(9728K)
[13.922s][info ][gc             ] GC(28) Pause Young (Allocation Failure) 1880M->498M(1909M) 169.180ms
[13.922s][info ][gc,cpu         ] GC(28) User=0.71s Sys=0.04s Real=0.17s
[13.923s][info ][safepoint      ] Safepoint "ParallelGCFailedAllocation", Time since last: 227019098 ns, Reaching safepoint: 127303 ns, At safepoint: 169297154 ns, Total: 169424457 ns
[14.200s][info ][safepoint      ] Safepoint "ICBufferFull", Time since last: 276862585 ns, Reaching safepoint: 173304 ns, At safepoint: 29100 ns, Total: 202404 ns
[14.210s][info ][gc,start       ] GC(29) Pause Young (Allocation Failure)
[14.356s][debug][gc,phases      ] GC(29) Scavenge 145.891ms
[14.356s][debug][gc,ref         ] GC(29) Skipped phase 1 of Reference Processing: no references
[14.356s][debug][gc,ref         ] GC(29) ReferenceProcessor::execute queues: 1, RefProcThreadModel::Single, marks_oops_alive: false
[14.356s][debug][gc,ref         ] GC(29) Skipped phase 3 of Reference Processing: no references
[14.356s][debug][gc,ref         ] GC(29) ReferenceProcessor::execute queues: 1, RefProcThreadModel::Single, marks_oops_alive: false
[14.356s][debug][gc,phases      ] GC(29) Reference Processing 0.169ms
[14.356s][debug][gc,phases      ] GC(29)   VM Weak                        Min:  0.0, Avg:  0.0, Max:  0.0, Diff:  0.0, Sum:  0.0, Workers: 4
[14.356s][debug][gc,phases      ] GC(29)     Dead                           Min: 0, Avg:  0.0, Max: 0, Diff: 0, Sum: 0, Workers: 4
[14.356s][debug][gc,phases      ] GC(29)     Total                          Min: 0, Avg: 118.8, Max: 475, Diff: 475, Sum: 475, Workers: 4
[14.356s][debug][gc,phases      ] GC(29)   ObjectSynchronizer Weak        Min:  0.0, Avg:  0.0, Max:  0.0, Diff:  0.0, Sum:  0.0, Workers: 4
[14.356s][debug][gc,phases      ] GC(29)     Dead                           Min: 0, Avg:  0.0, Max: 0, Diff: 0, Sum: 0, Workers: 4
[14.356s][debug][gc,phases      ] GC(29)     Total                          Min: 0, Avg: 97.8, Max: 391, Diff: 391, Sum: 391, Workers: 4
[14.356s][debug][gc,phases      ] GC(29)   JVMTI Tag Weak OopStorage      Min:  0.0, Avg:  0.0, Max:  0.0, Diff:  0.0, Sum:  0.0, Workers: 4
[14.356s][debug][gc,phases      ] GC(29)     Dead                           Min: 0, Avg:  0.0, Max: 0, Diff: 0, Sum: 0, Workers: 4
[14.356s][debug][gc,phases      ] GC(29)     Total                          Min: 0, Avg:  0.0, Max: 0, Diff: 0, Sum: 0, Workers: 4
[14.356s][debug][gc,phases      ] GC(29)   StringTable Weak               Min:  0.1, Avg:  0.1, Max:  0.1, Diff:  0.0, Sum:  0.4, Workers: 4
[14.356s][debug][gc,phases      ] GC(29)     Dead                           Min: 0, Avg:  4.0, Max: 13, Diff: 13, Sum: 16, Workers: 4
[14.356s][debug][gc,phases      ] GC(29)     Total                          Min: 9536, Avg: 10453.0, Max: 11701, Diff: 2165, Sum: 41812, Workers: 4
[14.356s][debug][gc,phases      ] GC(29)   ResolvedMethodTable Weak       Min:  0.0, Avg:  0.0, Max:  0.0, Diff:  0.0, Sum:  0.1, Workers: 4
[14.356s][debug][gc,phases      ] GC(29)     Dead                           Min: 0, Avg:  3.8, Max: 7, Diff: 7, Sum: 15, Workers: 4
[14.356s][debug][gc,phases      ] GC(29)     Total                          Min: 1472, Avg: 1626.8, Max: 1856, Diff: 384, Sum: 6507, Workers: 4
[14.356s][debug][gc,phases      ] GC(29)   JNI Weak                       Min:  0.0, Avg:  0.0, Max:  0.0, Diff:  0.0, Sum:  0.0, Workers: 4
[14.356s][debug][gc,phases      ] GC(29)     Dead                           Min: 0, Avg:  0.0, Max: 0, Diff: 0, Sum: 0, Workers: 4
[14.356s][debug][gc,phases      ] GC(29)     Total                          Min: 0, Avg:  1.8, Max: 7, Diff: 7, Sum: 7, Workers: 4
[14.356s][debug][gc,phases      ] GC(29)   StringDedup Table Weak         Min:  0.0, Avg:  0.0, Max:  0.0, Diff:  0.0, Sum:  0.0, Workers: 4
[14.356s][debug][gc,phases      ] GC(29)     Dead                           Min: 0, Avg:  0.0, Max: 0, Diff: 0, Sum: 0, Workers: 4
[14.356s][debug][gc,phases      ] GC(29)     Total                          Min: 0, Avg:  0.0, Max: 0, Diff: 0, Sum: 0, Workers: 4
[14.356s][debug][gc,phases      ] GC(29)   StringDedup Requests0 Weak     Min:  0.0, Avg:  0.0, Max:  0.0, Diff:  0.0, Sum:  0.0, Workers: 4
[14.356s][debug][gc,phases      ] GC(29)     Dead                           Min: 0, Avg:  0.0, Max: 0, Diff: 0, Sum: 0, Workers: 4
[14.356s][debug][gc,phases      ] GC(29)     Total                          Min: 0, Avg:  0.0, Max: 0, Diff: 0, Sum: 0, Workers: 4
[14.356s][debug][gc,phases      ] GC(29)   StringDedup Requests1 Weak     Min:  0.0, Avg:  0.0, Max:  0.0, Diff:  0.0, Sum:  0.0, Workers: 4
[14.356s][debug][gc,phases      ] GC(29)     Dead                           Min: 0, Avg:  0.0, Max: 0, Diff: 0, Sum: 0, Workers: 4
[14.356s][debug][gc,phases      ] GC(29)     Total                          Min: 0, Avg:  0.0, Max: 0, Diff: 0, Sum: 0, Workers: 4
[14.356s][debug][gc,phases      ] GC(29)   Weak JFR Old Object Samples    Min:  0.0, Avg:  0.0, Max:  0.0, Diff:  0.0, Sum:  0.0, Workers: 4
[14.356s][debug][gc,phases      ] GC(29)     Dead                           Min: 0, Avg:  0.0, Max: 0, Diff: 0, Sum: 0, Workers: 4
[14.356s][debug][gc,phases      ] GC(29)     Total                          Min: 0, Avg:  0.0, Max: 0, Diff: 0, Sum: 0, Workers: 4
[14.356s][debug][gc,phases      ] GC(29) Weak Processing 0.346ms
[14.356s][debug][gc,age         ] GC(29) Desired survivor size 414187520 bytes, new threshold 15 (max threshold 15)
[14.356s][info ][gc,heap        ] GC(29) PSYoungGen: 1680366K(1680384K)->318078K(1701888K) Eden: 1383424K(1383424K)->0K(1383424K) From: 296942K(296960K)->318078K(318464K)
[14.356s][info ][gc,heap        ] GC(29) ParOldGen: 213405K(274944K)->213813K(274944K)
[14.356s][info ][gc,metaspace   ] GC(29) Metaspace: 65280K(65920K)->65280K(65920K) NonClass: 55757K(56128K)->55757K(56128K) Class: 9522K(9792K)->9522K(9792K)
[14.356s][info ][gc             ] GC(29) Pause Young (Allocation Failure) 1849M->519M(1930M) 146.545ms
[14.357s][info ][gc,cpu         ] GC(29) User=0.58s Sys=0.01s Real=0.15s
[14.357s][info ][safepoint      ] Safepoint "ParallelGCFailedAllocation", Time since last: 10200702 ns, Reaching safepoint: 127403 ns, At safepoint: 146661806 ns, Total: 146789209 ns
[14.409s][info ][safepoint      ] Safepoint "ICBufferFull", Time since last: 52103932 ns, Reaching safepoint: 133903 ns, At safepoint: 27700 ns, Total: 161603 ns
[14.431s][info ][safepoint      ] Safepoint "ICBufferFull", Time since last: 21689130 ns, Reaching safepoint: 123402 ns, At safepoint: 34901 ns, Total: 158303 ns
[14.490s][info ][safepoint      ] Safepoint "ICBufferFull", Time since last: 26504725 ns, Reaching safepoint: 33224758 ns, At safepoint: 26601 ns, Total: 33251359 ns
[14.502s][info ][safepoint      ] Safepoint "ICBufferFull", Time since last: 11873335 ns, Reaching safepoint: 129003 ns, At safepoint: 27200 ns, Total: 156203 ns
[14.533s][info ][safepoint      ] Safepoint "ICBufferFull", Time since last: 30631107 ns, Reaching safepoint: 144603 ns, At safepoint: 25000 ns, Total: 169603 ns
[14.543s][info ][safepoint      ] Safepoint "ICBufferFull", Time since last: 9095581 ns, Reaching safepoint: 122502 ns, At safepoint: 25801 ns, Total: 148303 ns
[14.561s][info ][safepoint      ] Safepoint "ICBufferFull", Time since last: 18790272 ns, Reaching safepoint: 129902 ns, At safepoint: 30101 ns, Total: 160003 ns
[14.586s][info ][safepoint      ] Safepoint "ICBufferFull", Time since last: 24500986 ns, Reaching safepoint: 151203 ns, At safepoint: 35400 ns, Total: 186603 ns
[14.599s][info ][safepoint      ] Safepoint "ICBufferFull", Time since last: 13019258 ns, Reaching safepoint: 193504 ns, At safepoint: 33201 ns, Total: 226705 ns
[14.627s][info ][gc,start       ] GC(30) Pause Young (Allocation Failure)
[14.765s][debug][gc,phases      ] GC(30) Scavenge 137.669ms
[14.765s][debug][gc,ref         ] GC(30) Skipped phase 1 of Reference Processing: no references
[14.765s][debug][gc,ref         ] GC(30) ReferenceProcessor::execute queues: 1, RefProcThreadModel::Single, marks_oops_alive: false
[14.765s][debug][gc,ref         ] GC(30) Skipped phase 3 of Reference Processing: no references
[14.765s][debug][gc,ref         ] GC(30) ReferenceProcessor::execute queues: 1, RefProcThreadModel::Single, marks_oops_alive: false
[14.765s][debug][gc,phases      ] GC(30) Reference Processing 0.153ms
[14.765s][debug][gc,phases      ] GC(30)   VM Weak                        Min:  0.0, Avg:  0.0, Max:  0.0, Diff:  0.0, Sum:  0.0, Workers: 4
[14.765s][debug][gc,phases      ] GC(30)     Dead                           Min: 0, Avg:  0.0, Max: 0, Diff: 0, Sum: 0, Workers: 4
[14.765s][debug][gc,phases      ] GC(30)     Total                          Min: 0, Avg: 120.0, Max: 448, Diff: 448, Sum: 480, Workers: 4
[14.765s][debug][gc,phases      ] GC(30)   ObjectSynchronizer Weak        Min:  0.0, Avg:  0.0, Max:  0.0, Diff:  0.0, Sum:  0.0, Workers: 4
[14.765s][debug][gc,phases      ] GC(30)     Dead                           Min: 0, Avg:  0.0, Max: 0, Diff: 0, Sum: 0, Workers: 4
[14.765s][debug][gc,phases      ] GC(30)     Total                          Min: 0, Avg: 97.8, Max: 199, Diff: 199, Sum: 391, Workers: 4
[14.765s][debug][gc,phases      ] GC(30)   JVMTI Tag Weak OopStorage      Min:  0.0, Avg:  0.0, Max:  0.0, Diff:  0.0, Sum:  0.0, Workers: 4
[14.765s][debug][gc,phases      ] GC(30)     Dead                           Min: 0, Avg:  0.0, Max: 0, Diff: 0, Sum: 0, Workers: 4
[14.765s][debug][gc,phases      ] GC(30)     Total                          Min: 0, Avg:  0.0, Max: 0, Diff: 0, Sum: 0, Workers: 4
[14.765s][debug][gc,phases      ] GC(30)   StringTable Weak               Min:  0.1, Avg:  0.1, Max:  0.1, Diff:  0.0, Sum:  0.4, Workers: 4
[14.765s][debug][gc,phases      ] GC(30)     Dead                           Min: 0, Avg:  0.5, Max: 2, Diff: 2, Sum: 2, Workers: 4
[14.765s][debug][gc,phases      ] GC(30)     Total                          Min: 8768, Avg: 10481.2, Max: 11968, Diff: 3200, Sum: 41925, Workers: 4
[14.765s][debug][gc,phases      ] GC(30)   ResolvedMethodTable Weak       Min:  0.0, Avg:  0.0, Max:  0.0, Diff:  0.0, Sum:  0.1, Workers: 4
[14.765s][debug][gc,phases      ] GC(30)     Dead                           Min: 0, Avg:  1.5, Max: 6, Diff: 6, Sum: 6, Workers: 4
[14.765s][debug][gc,phases      ] GC(30)     Total                          Min: 1472, Avg: 1634.5, Max: 1802, Diff: 330, Sum: 6538, Workers: 4
[14.765s][debug][gc,phases      ] GC(30)   JNI Weak                       Min:  0.0, Avg:  0.0, Max:  0.0, Diff:  0.0, Sum:  0.0, Workers: 4
[14.765s][debug][gc,phases      ] GC(30)     Dead                           Min: 0, Avg:  0.0, Max: 0, Diff: 0, Sum: 0, Workers: 4
[14.765s][debug][gc,phases      ] GC(30)     Total                          Min: 0, Avg:  0.2, Max: 1, Diff: 1, Sum: 1, Workers: 4
[14.765s][debug][gc,phases      ] GC(30)   StringDedup Table Weak         Min:  0.0, Avg:  0.0, Max:  0.0, Diff:  0.0, Sum:  0.0, Workers: 4
[14.765s][debug][gc,phases      ] GC(30)     Dead                           Min: 0, Avg:  0.0, Max: 0, Diff: 0, Sum: 0, Workers: 4
[14.765s][debug][gc,phases      ] GC(30)     Total                          Min: 0, Avg:  0.0, Max: 0, Diff: 0, Sum: 0, Workers: 4
[14.765s][debug][gc,phases      ] GC(30)   StringDedup Requests0 Weak     Min:  0.0, Avg:  0.0, Max:  0.0, Diff:  0.0, Sum:  0.0, Workers: 4
[14.765s][debug][gc,phases      ] GC(30)     Dead                           Min: 0, Avg:  0.0, Max: 0, Diff: 0, Sum: 0, Workers: 4
[14.765s][debug][gc,phases      ] GC(30)     Total                          Min: 0, Avg:  0.0, Max: 0, Diff: 0, Sum: 0, Workers: 4
[14.765s][debug][gc,phases      ] GC(30)   StringDedup Requests1 Weak     Min:  0.0, Avg:  0.0, Max:  0.0, Diff:  0.0, Sum:  0.0, Workers: 4
[14.765s][debug][gc,phases      ] GC(30)     Dead                           Min: 0, Avg:  0.0, Max: 0, Diff: 0, Sum: 0, Workers: 4
[14.765s][debug][gc,phases      ] GC(30)     Total                          Min: 0, Avg:  0.0, Max: 0, Diff: 0, Sum: 0, Workers: 4
[14.765s][debug][gc,phases      ] GC(30)   Weak JFR Old Object Samples    Min:  0.0, Avg:  0.0, Max:  0.0, Diff:  0.0, Sum:  0.0, Workers: 4
[14.765s][debug][gc,phases      ] GC(30)     Dead                           Min: 0, Avg:  0.0, Max: 0, Diff: 0, Sum: 0, Workers: 4
[14.765s][debug][gc,phases      ] GC(30)     Total                          Min: 0, Avg:  0.0, Max: 0, Diff: 0, Sum: 0, Workers: 4
[14.765s][debug][gc,phases      ] GC(30) Weak Processing 0.304ms
[14.765s][debug][gc,age         ] GC(30) Desired survivor size 453509120 bytes, new threshold 15 (max threshold 15)
[14.765s][info ][gc,heap        ] GC(30) PSYoungGen: 1701502K(1701888K)->319342K(1606656K) Eden: 1383424K(1383424K)->0K(1211392K) From: 318078K(318464K)->319342K(395264K)
[14.765s][info ][gc,heap        ] GC(30) ParOldGen: 213813K(274944K)->213821K(274944K)
[14.765s][info ][gc,metaspace   ] GC(30) Metaspace: 65822K(66496K)->65822K(66496K) NonClass: 56247K(56640K)->56247K(56640K) Class: 9574K(9856K)->9574K(9856K)
[14.765s][info ][gc             ] GC(30) Pause Young (Allocation Failure) 1870M->520M(1837M) 138.270ms
[14.765s][info ][gc,cpu         ] GC(30) User=0.53s Sys=0.02s Real=0.14s
[14.765s][info ][safepoint      ] Safepoint "ParallelGCFailedAllocation", Time since last: 27293640 ns, Reaching safepoint: 139203 ns, At safepoint: 138384242 ns, Total: 138523445 ns
[14.954s][info ][safepoint      ] Safepoint "ICBufferFull", Time since last: 188985444 ns, Reaching safepoint: 170303 ns, At safepoint: 28901 ns, Total: 199204 ns
[14.974s][info ][safepoint      ] Safepoint "ICBufferFull", Time since last: 17140940 ns, Reaching safepoint: 2148842 ns, At safepoint: 28401 ns, Total: 2177243 ns
[14.975s][info ][safepoint      ] Safepoint "ICBufferFull", Time since last: 1214324 ns, Reaching safepoint: 116602 ns, At safepoint: 24601 ns, Total: 141203 ns
[15.020s][info ][gc,start       ] GC(31) Pause Young (Allocation Failure)
[15.150s][debug][gc,phases      ] GC(31) Scavenge 130.606ms
[15.150s][debug][gc,ref         ] GC(31) Skipped phase 1 of Reference Processing: no references
[15.151s][debug][gc,ref         ] GC(31) ReferenceProcessor::execute queues: 1, RefProcThreadModel::Single, marks_oops_alive: false
[15.151s][debug][gc,ref         ] GC(31) Skipped phase 3 of Reference Processing: no references
[15.151s][debug][gc,ref         ] GC(31) ReferenceProcessor::execute queues: 1, RefProcThreadModel::Single, marks_oops_alive: false
[15.151s][debug][gc,phases      ] GC(31) Reference Processing 0.207ms
[15.151s][debug][gc,phases      ] GC(31)   VM Weak                        Min:  0.0, Avg:  0.0, Max:  0.0, Diff:  0.0, Sum:  0.0, Workers: 4
[15.151s][debug][gc,phases      ] GC(31)     Dead                           Min: 0, Avg:  0.0, Max: 0, Diff: 0, Sum: 0, Workers: 4
[15.151s][debug][gc,phases      ] GC(31)     Total                          Min: 0, Avg: 126.8, Max: 315, Diff: 315, Sum: 507, Workers: 4
[15.151s][debug][gc,phases      ] GC(31)   ObjectSynchronizer Weak        Min:  0.0, Avg:  0.0, Max:  0.0, Diff:  0.0, Sum:  0.0, Workers: 4
[15.151s][debug][gc,phases      ] GC(31)     Dead                           Min: 0, Avg:  0.0, Max: 0, Diff: 0, Sum: 0, Workers: 4
[15.151s][debug][gc,phases      ] GC(31)     Total                          Min: 0, Avg: 97.8, Max: 384, Diff: 384, Sum: 391, Workers: 4
[15.151s][debug][gc,phases      ] GC(31)   JVMTI Tag Weak OopStorage      Min:  0.0, Avg:  0.0, Max:  0.0, Diff:  0.0, Sum:  0.0, Workers: 4
[15.151s][debug][gc,phases      ] GC(31)     Dead                           Min: 0, Avg:  0.0, Max: 0, Diff: 0, Sum: 0, Workers: 4
[15.151s][debug][gc,phases      ] GC(31)     Total                          Min: 0, Avg:  0.0, Max: 0, Diff: 0, Sum: 0, Workers: 4
[15.151s][debug][gc,phases      ] GC(31)   StringTable Weak               Min:  0.1, Avg:  0.1, Max:  0.1, Diff:  0.0, Sum:  0.4, Workers: 4
[15.151s][debug][gc,phases      ] GC(31)     Dead                           Min: 0, Avg:  3.2, Max: 12, Diff: 12, Sum: 13, Workers: 4
[15.151s][debug][gc,phases      ] GC(31)     Total                          Min: 10112, Avg: 10548.2, Max: 11392, Diff: 1280, Sum: 42193, Workers: 4
[15.151s][debug][gc,phases      ] GC(31)   ResolvedMethodTable Weak       Min:  0.0, Avg:  0.0, Max:  0.0, Diff:  0.0, Sum:  0.1, Workers: 4
[15.151s][debug][gc,phases      ] GC(31)     Dead                           Min: 0, Avg:  0.0, Max: 0, Diff: 0, Sum: 0, Workers: 4
[15.151s][debug][gc,phases      ] GC(31)     Total                          Min: 1406, Avg: 1720.5, Max: 1982, Diff: 576, Sum: 6882, Workers: 4
[15.151s][debug][gc,phases      ] GC(31)   JNI Weak                       Min:  0.0, Avg:  0.0, Max:  0.0, Diff:  0.0, Sum:  0.0, Workers: 4
[15.151s][debug][gc,phases      ] GC(31)     Dead                           Min: 0, Avg:  0.0, Max: 0, Diff: 0, Sum: 0, Workers: 4
[15.151s][debug][gc,phases      ] GC(31)     Total                          Min: 0, Avg:  5.8, Max: 23, Diff: 23, Sum: 23, Workers: 4
[15.151s][debug][gc,phases      ] GC(31)   StringDedup Table Weak         Min:  0.0, Avg:  0.0, Max:  0.0, Diff:  0.0, Sum:  0.0, Workers: 4
[15.151s][debug][gc,phases      ] GC(31)     Dead                           Min: 0, Avg:  0.0, Max: 0, Diff: 0, Sum: 0, Workers: 4
[15.151s][debug][gc,phases      ] GC(31)     Total                          Min: 0, Avg:  0.0, Max: 0, Diff: 0, Sum: 0, Workers: 4
[15.151s][debug][gc,phases      ] GC(31)   StringDedup Requests0 Weak     Min:  0.0, Avg:  0.0, Max:  0.0, Diff:  0.0, Sum:  0.0, Workers: 4
[15.151s][debug][gc,phases      ] GC(31)     Dead                           Min: 0, Avg:  0.0, Max: 0, Diff: 0, Sum: 0, Workers: 4
[15.151s][debug][gc,phases      ] GC(31)     Total                          Min: 0, Avg:  0.0, Max: 0, Diff: 0, Sum: 0, Workers: 4
[15.151s][debug][gc,phases      ] GC(31)   StringDedup Requests1 Weak     Min:  0.0, Avg:  0.0, Max:  0.0, Diff:  0.0, Sum:  0.0, Workers: 4
[15.151s][debug][gc,phases      ] GC(31)     Dead                           Min: 0, Avg:  0.0, Max: 0, Diff: 0, Sum: 0, Workers: 4
[15.151s][debug][gc,phases      ] GC(31)     Total                          Min: 0, Avg:  0.0, Max: 0, Diff: 0, Sum: 0, Workers: 4
[15.151s][debug][gc,phases      ] GC(31)   Weak JFR Old Object Samples    Min:  0.0, Avg:  0.0, Max:  0.0, Diff:  0.0, Sum:  0.0, Workers: 4
[15.151s][debug][gc,phases      ] GC(31)     Dead                           Min: 0, Avg:  0.0, Max: 0, Diff: 0, Sum: 0, Workers: 4
[15.151s][debug][gc,phases      ] GC(31)     Total                          Min: 0, Avg:  0.0, Max: 0, Diff: 0, Sum: 0, Workers: 4
[15.151s][debug][gc,phases      ] GC(31) Weak Processing 0.319ms
[15.151s][debug][gc,age         ] GC(31) Desired survivor size 483917824 bytes, new threshold 15 (max threshold 15)
[15.151s][info ][gc,heap        ] GC(31) PSYoungGen: 1530734K(1606656K)->318958K(1530368K) Eden: 1211392K(1211392K)->0K(1211392K) From: 319342K(395264K)->318958K(318976K)
[15.151s][info ][gc,heap        ] GC(31) ParOldGen: 213821K(274944K)->214613K(274944K)
[15.151s][info ][gc,metaspace   ] GC(31) Metaspace: 66682K(67392K)->66682K(67392K) NonClass: 56923K(57344K)->56923K(57344K) Class: 9759K(10048K)->9759K(10048K)
[15.151s][info ][gc             ] GC(31) Pause Young (Allocation Failure) 1703M->521M(1763M) 131.273ms
[15.151s][info ][gc,cpu         ] GC(31) User=0.53s Sys=0.00s Real=0.14s
[15.151s][info ][safepoint      ] Safepoint "ParallelGCFailedAllocation", Time since last: 44508381 ns, Reaching safepoint: 165304 ns, At safepoint: 131395703 ns, Total: 131561007 ns
[15.180s][info ][safepoint      ] Safepoint "ICBufferFull", Time since last: 29165678 ns, Reaching safepoint: 140502 ns, At safepoint: 28101 ns, Total: 168603 ns
[15.183s][info ][safepoint      ] Safepoint "ICBufferFull", Time since last: 2283845 ns, Reaching safepoint: 111402 ns, At safepoint: 20301 ns, Total: 131703 ns
[15.186s][info ][safepoint      ] Safepoint "ICBufferFull", Time since last: 2903157 ns, Reaching safepoint: 129403 ns, At safepoint: 30901 ns, Total: 160304 ns
[15.190s][info ][safepoint      ] Safepoint "ICBufferFull", Time since last: 3760174 ns, Reaching safepoint: 113402 ns, At safepoint: 30501 ns, Total: 143903 ns
[15.206s][info ][safepoint      ] Safepoint "ICBufferFull", Time since last: 15965816 ns, Reaching safepoint: 136603 ns, At safepoint: 34001 ns, Total: 170604 ns
[15.207s][info ][safepoint      ] Safepoint "ICBufferFull", Time since last: 1048020 ns, Reaching safepoint: 107102 ns, At safepoint: 29401 ns, Total: 136503 ns
[15.217s][info ][safepoint      ] Safepoint "ICBufferFull", Time since last: 7946557 ns, Reaching safepoint: 2110342 ns, At safepoint: 31001 ns, Total: 2141343 ns
[15.458s][info ][gc,start       ] GC(32) Pause Young (Allocation Failure)
[15.586s][debug][gc,phases      ] GC(32) Scavenge 127.758ms
[15.586s][debug][gc,ref         ] GC(32) Skipped phase 1 of Reference Processing: no references
[15.586s][debug][gc,ref         ] GC(32) ReferenceProcessor::execute queues: 1, RefProcThreadModel::Single, marks_oops_alive: false
[15.586s][debug][gc,ref         ] GC(32) Skipped phase 3 of Reference Processing: no references
[15.586s][debug][gc,ref         ] GC(32) ReferenceProcessor::execute queues: 1, RefProcThreadModel::Single, marks_oops_alive: false
[15.586s][debug][gc,phases      ] GC(32) Reference Processing 0.192ms
[15.586s][debug][gc,phases      ] GC(32)   VM Weak                        Min:  0.0, Avg:  0.0, Max:  0.0, Diff:  0.0, Sum:  0.0, Workers: 4
[15.586s][debug][gc,phases      ] GC(32)     Dead                           Min: 0, Avg:  0.0, Max: 0, Diff: 0, Sum: 0, Workers: 4
[15.587s][debug][gc,phases      ] GC(32)     Total                          Min: 0, Avg: 126.8, Max: 448, Diff: 448, Sum: 507, Workers: 4
[15.587s][debug][gc,phases      ] GC(32)   ObjectSynchronizer Weak        Min:  0.0, Avg:  0.0, Max:  0.0, Diff:  0.0, Sum:  0.0, Workers: 4
[15.587s][debug][gc,phases      ] GC(32)     Dead                           Min: 0, Avg:  0.0, Max: 0, Diff: 0, Sum: 0, Workers: 4
[15.587s][debug][gc,phases      ] GC(32)     Total                          Min: 0, Avg: 97.8, Max: 263, Diff: 263, Sum: 391, Workers: 4
[15.587s][debug][gc,phases      ] GC(32)   JVMTI Tag Weak OopStorage      Min:  0.0, Avg:  0.0, Max:  0.0, Diff:  0.0, Sum:  0.0, Workers: 4
[15.587s][debug][gc,phases      ] GC(32)     Dead                           Min: 0, Avg:  0.0, Max: 0, Diff: 0, Sum: 0, Workers: 4
[15.587s][debug][gc,phases      ] GC(32)     Total                          Min: 0, Avg:  0.0, Max: 0, Diff: 0, Sum: 0, Workers: 4
[15.587s][debug][gc,phases      ] GC(32)   StringTable Weak               Min:  0.1, Avg:  0.1, Max:  0.1, Diff:  0.0, Sum:  0.5, Workers: 4
[15.587s][debug][gc,phases      ] GC(32)     Dead                           Min: 0, Avg:  2.8, Max: 11, Diff: 11, Sum: 11, Workers: 4
[15.587s][debug][gc,phases      ] GC(32)     Total                          Min: 10101, Avg: 10553.5, Max: 11057, Diff: 956, Sum: 42214, Workers: 4
[15.587s][debug][gc,phases      ] GC(32)   ResolvedMethodTable Weak       Min:  0.0, Avg:  0.0, Max:  0.0, Diff:  0.0, Sum:  0.1, Workers: 4
[15.587s][debug][gc,phases      ] GC(32)     Dead                           Min: 0, Avg:  0.0, Max: 0, Diff: 0, Sum: 0, Workers: 4
[15.587s][debug][gc,phases      ] GC(32)     Total                          Min: 1535, Avg: 1720.5, Max: 1955, Diff: 420, Sum: 6882, Workers: 4
[15.587s][debug][gc,phases      ] GC(32)   JNI Weak                       Min:  0.0, Avg:  0.0, Max:  0.0, Diff:  0.0, Sum:  0.0, Workers: 4
[15.587s][debug][gc,phases      ] GC(32)     Dead                           Min: 0, Avg:  0.0, Max: 0, Diff: 0, Sum: 0, Workers: 4
[15.587s][debug][gc,phases      ] GC(32)     Total                          Min: 0, Avg:  3.0, Max: 12, Diff: 12, Sum: 12, Workers: 4
[15.587s][debug][gc,phases      ] GC(32)   StringDedup Table Weak         Min:  0.0, Avg:  0.0, Max:  0.0, Diff:  0.0, Sum:  0.0, Workers: 4
[15.587s][debug][gc,phases      ] GC(32)     Dead                           Min: 0, Avg:  0.0, Max: 0, Diff: 0, Sum: 0, Workers: 4
[15.587s][debug][gc,phases      ] GC(32)     Total                          Min: 0, Avg:  0.0, Max: 0, Diff: 0, Sum: 0, Workers: 4
[15.587s][debug][gc,phases      ] GC(32)   StringDedup Requests0 Weak     Min:  0.0, Avg:  0.0, Max:  0.0, Diff:  0.0, Sum:  0.0, Workers: 4
[15.587s][debug][gc,phases      ] GC(32)     Dead                           Min: 0, Avg:  0.0, Max: 0, Diff: 0, Sum: 0, Workers: 4
[15.587s][debug][gc,phases      ] GC(32)     Total                          Min: 0, Avg:  0.0, Max: 0, Diff: 0, Sum: 0, Workers: 4
[15.587s][debug][gc,phases      ] GC(32)   StringDedup Requests1 Weak     Min:  0.0, Avg:  0.0, Max:  0.0, Diff:  0.0, Sum:  0.0, Workers: 4
[15.587s][debug][gc,phases      ] GC(32)     Dead                           Min: 0, Avg:  0.0, Max: 0, Diff: 0, Sum: 0, Workers: 4
[15.587s][debug][gc,phases      ] GC(32)     Total                          Min: 0, Avg:  0.0, Max: 0, Diff: 0, Sum: 0, Workers: 4
[15.587s][debug][gc,phases      ] GC(32)   Weak JFR Old Object Samples    Min:  0.0, Avg:  0.0, Max:  0.0, Diff:  0.0, Sum:  0.0, Workers: 4
[15.587s][debug][gc,phases      ] GC(32)     Dead                           Min: 0, Avg:  0.0, Max: 0, Diff: 0, Sum: 0, Workers: 4
[15.587s][debug][gc,phases      ] GC(32)     Total                          Min: 0, Avg:  0.0, Max: 0, Diff: 0, Sum: 0, Workers: 4
[15.587s][debug][gc,phases      ] GC(32) Weak Processing 0.341ms
[15.587s][debug][gc,age         ] GC(32) Desired survivor size 507510784 bytes, new threshold 15 (max threshold 15)
[15.587s][info ][gc,heap        ] GC(32) PSYoungGen: 1530350K(1530368K)->320910K(1578496K) Eden: 1211392K(1211392K)->0K(1105920K) From: 318958K(318976K)->320910K(472576K)
[15.587s][info ][gc,heap        ] GC(32) ParOldGen: 214613K(274944K)->215829K(274944K)
[15.587s][info ][gc,metaspace   ] GC(32) Metaspace: 66841K(67520K)->66841K(67520K) NonClass: 57082K(57472K)->57082K(57472K) Class: 9759K(10048K)->9759K(10048K)
[15.587s][info ][gc             ] GC(32) Pause Young (Allocation Failure) 1704M->524M(1810M) 128.429ms
[15.587s][info ][gc,cpu         ] GC(32) User=0.50s Sys=0.02s Real=0.13s
[15.587s][info ][safepoint      ] Safepoint "ParallelGCFailedAllocation", Time since last: 240701569 ns, Reaching safepoint: 248205 ns, At safepoint: 128545846 ns, Total: 128794051 ns
[15.809s][info ][gc,start       ] GC(33) Pause Young (Allocation Failure)
[15.944s][debug][gc,phases      ] GC(33) Scavenge 135.096ms
[15.944s][debug][gc,ref         ] GC(33) Skipped phase 1 of Reference Processing: no references
[15.944s][debug][gc,ref         ] GC(33) ReferenceProcessor::execute queues: 1, RefProcThreadModel::Single, marks_oops_alive: false
[15.944s][debug][gc,ref         ] GC(33) Skipped phase 3 of Reference Processing: no references
[15.944s][debug][gc,ref         ] GC(33) ReferenceProcessor::execute queues: 1, RefProcThreadModel::Single, marks_oops_alive: false
[15.944s][debug][gc,phases      ] GC(33) Reference Processing 0.161ms
[15.944s][debug][gc,phases      ] GC(33)   VM Weak                        Min:  0.0, Avg:  0.0, Max:  0.0, Diff:  0.0, Sum:  0.0, Workers: 4
[15.944s][debug][gc,phases      ] GC(33)     Dead                           Min: 0, Avg:  0.0, Max: 0, Diff: 0, Sum: 0, Workers: 4
[15.944s][debug][gc,phases      ] GC(33)     Total                          Min: 0, Avg: 126.8, Max: 507, Diff: 507, Sum: 507, Workers: 4
[15.944s][debug][gc,phases      ] GC(33)   ObjectSynchronizer Weak        Min:  0.0, Avg:  0.0, Max:  0.0, Diff:  0.0, Sum:  0.0, Workers: 4
[15.944s][debug][gc,phases      ] GC(33)     Dead                           Min: 0, Avg:  0.0, Max: 0, Diff: 0, Sum: 0, Workers: 4
[15.944s][debug][gc,phases      ] GC(33)     Total                          Min: 0, Avg: 97.8, Max: 384, Diff: 384, Sum: 391, Workers: 4
[15.944s][debug][gc,phases      ] GC(33)   JVMTI Tag Weak OopStorage      Min:  0.0, Avg:  0.0, Max:  0.0, Diff:  0.0, Sum:  0.0, Workers: 4
[15.944s][debug][gc,phases      ] GC(33)     Dead                           Min: 0, Avg:  0.0, Max: 0, Diff: 0, Sum: 0, Workers: 4
[15.944s][debug][gc,phases      ] GC(33)     Total                          Min: 0, Avg:  0.0, Max: 0, Diff: 0, Sum: 0, Workers: 4
[15.944s][debug][gc,phases      ] GC(33)   StringTable Weak               Min:  0.1, Avg:  0.1, Max:  0.1, Diff:  0.0, Sum:  0.4, Workers: 4
[15.944s][debug][gc,phases      ] GC(33)     Dead                           Min: 0, Avg:  2.8, Max: 11, Diff: 11, Sum: 11, Workers: 4
[15.944s][debug][gc,phases      ] GC(33)     Total                          Min: 9024, Avg: 10554.2, Max: 11380, Diff: 2356, Sum: 42217, Workers: 4
[15.944s][debug][gc,phases      ] GC(33)   ResolvedMethodTable Weak       Min:  0.0, Avg:  0.0, Max:  0.0, Diff:  0.0, Sum:  0.1, Workers: 4
[15.944s][debug][gc,phases      ] GC(33)     Dead                           Min: 0, Avg:  0.0, Max: 0, Diff: 0, Sum: 0, Workers: 4
[15.944s][debug][gc,phases      ] GC(33)     Total                          Min: 1406, Avg: 1720.5, Max: 2020, Diff: 614, Sum: 6882, Workers: 4
[15.944s][debug][gc,phases      ] GC(33)   JNI Weak                       Min:  0.0, Avg:  0.0, Max:  0.0, Diff:  0.0, Sum:  0.0, Workers: 4
[15.944s][debug][gc,phases      ] GC(33)     Dead                           Min: 0, Avg:  0.0, Max: 0, Diff: 0, Sum: 0, Workers: 4
[15.944s][debug][gc,phases      ] GC(33)     Total                          Min: 0, Avg:  3.2, Max: 13, Diff: 13, Sum: 13, Workers: 4
[15.944s][debug][gc,phases      ] GC(33)   StringDedup Table Weak         Min:  0.0, Avg:  0.0, Max:  0.0, Diff:  0.0, Sum:  0.0, Workers: 4
[15.944s][debug][gc,phases      ] GC(33)     Dead                           Min: 0, Avg:  0.0, Max: 0, Diff: 0, Sum: 0, Workers: 4
[15.944s][debug][gc,phases      ] GC(33)     Total                          Min: 0, Avg:  0.0, Max: 0, Diff: 0, Sum: 0, Workers: 4
[15.944s][debug][gc,phases      ] GC(33)   StringDedup Requests0 Weak     Min:  0.0, Avg:  0.0, Max:  0.0, Diff:  0.0, Sum:  0.0, Workers: 4
[15.944s][debug][gc,phases      ] GC(33)     Dead                           Min: 0, Avg:  0.0, Max: 0, Diff: 0, Sum: 0, Workers: 4
[15.944s][debug][gc,phases      ] GC(33)     Total                          Min: 0, Avg:  0.0, Max: 0, Diff: 0, Sum: 0, Workers: 4
[15.944s][debug][gc,phases      ] GC(33)   StringDedup Requests1 Weak     Min:  0.0, Avg:  0.0, Max:  0.0, Diff:  0.0, Sum:  0.0, Workers: 4
[15.944s][debug][gc,phases      ] GC(33)     Dead                           Min: 0, Avg:  0.0, Max: 0, Diff: 0, Sum: 0, Workers: 4
[15.944s][debug][gc,phases      ] GC(33)     Total                          Min: 0, Avg:  0.0, Max: 0, Diff: 0, Sum: 0, Workers: 4
[15.944s][debug][gc,phases      ] GC(33)   Weak JFR Old Object Samples    Min:  0.0, Avg:  0.0, Max:  0.0, Diff:  0.0, Sum:  0.0, Workers: 4
[15.944s][debug][gc,phases      ] GC(33)     Dead                           Min: 0, Avg:  0.0, Max: 0, Diff: 0, Sum: 0, Workers: 4
[15.944s][debug][gc,phases      ] GC(33)     Total                          Min: 0, Avg:  0.0, Max: 0, Diff: 0, Sum: 0, Workers: 4
[15.944s][debug][gc,phases      ] GC(33) Weak Processing 0.318ms
[15.944s][debug][gc,age         ] GC(33) Desired survivor size 525336576 bytes, new threshold 15 (max threshold 15)
[15.944s][info ][gc,heap        ] GC(33) PSYoungGen: 1426830K(1578496K)->321726K(1427968K) Eden: 1105920K(1105920K)->0K(1105920K) From: 320910K(472576K)->321726K(322048K)
[15.944s][info ][gc,heap        ] GC(33) ParOldGen: 215829K(274944K)->217909K(274944K)
[15.944s][info ][gc,metaspace   ] GC(33) Metaspace: 66868K(67520K)->66868K(67520K) NonClass: 57109K(57472K)->57109K(57472K) Class: 9759K(10048K)->9759K(10048K)
[15.944s][info ][gc             ] GC(33) Pause Young (Allocation Failure) 1604M->526M(1663M) 135.715ms
[15.944s][info ][gc,cpu         ] GC(33) User=0.54s Sys=0.01s Real=0.14s
[15.944s][info ][safepoint      ] Safepoint "ParallelGCFailedAllocation", Time since last: 221686392 ns, Reaching safepoint: 158803 ns, At safepoint: 135830191 ns, Total: 135988994 ns
[16.179s][info ][gc,start       ] GC(34) Pause Young (Allocation Failure)
[16.317s][debug][gc,phases      ] GC(34) Scavenge 138.194ms
[16.317s][debug][gc,ref         ] GC(34) Skipped phase 1 of Reference Processing: no references
[16.317s][debug][gc,ref         ] GC(34) ReferenceProcessor::execute queues: 1, RefProcThreadModel::Single, marks_oops_alive: false
[16.317s][debug][gc,ref         ] GC(34) Skipped phase 3 of Reference Processing: no references
[16.317s][debug][gc,ref         ] GC(34) ReferenceProcessor::execute queues: 1, RefProcThreadModel::Single, marks_oops_alive: false
[16.318s][debug][gc,phases      ] GC(34) Reference Processing 0.194ms
[16.318s][debug][gc,phases      ] GC(34)   VM Weak                        Min:  0.0, Avg:  0.0, Max:  0.0, Diff:  0.0, Sum:  0.0, Workers: 4
[16.318s][debug][gc,phases      ] GC(34)     Dead                           Min: 0, Avg:  0.0, Max: 0, Diff: 0, Sum: 0, Workers: 4
[16.318s][debug][gc,phases      ] GC(34)     Total                          Min: 0, Avg: 126.8, Max: 256, Diff: 256, Sum: 507, Workers: 4
[16.318s][debug][gc,phases      ] GC(34)   ObjectSynchronizer Weak        Min:  0.0, Avg:  0.0, Max:  0.0, Diff:  0.0, Sum:  0.0, Workers: 4
[16.318s][debug][gc,phases      ] GC(34)     Dead                           Min: 0, Avg:  0.0, Max: 0, Diff: 0, Sum: 0, Workers: 4
[16.318s][debug][gc,phases      ] GC(34)     Total                          Min: 0, Avg: 97.8, Max: 263, Diff: 263, Sum: 391, Workers: 4
[16.318s][debug][gc,phases      ] GC(34)   JVMTI Tag Weak OopStorage      Min:  0.0, Avg:  0.0, Max:  0.0, Diff:  0.0, Sum:  0.0, Workers: 4
[16.318s][debug][gc,phases      ] GC(34)     Dead                           Min: 0, Avg:  0.0, Max: 0, Diff: 0, Sum: 0, Workers: 4
[16.318s][debug][gc,phases      ] GC(34)     Total                          Min: 0, Avg:  0.0, Max: 0, Diff: 0, Sum: 0, Workers: 4
[16.318s][debug][gc,phases      ] GC(34)   StringTable Weak               Min:  0.1, Avg:  0.1, Max:  0.1, Diff:  0.0, Sum:  0.5, Workers: 4
[16.318s][debug][gc,phases      ] GC(34)     Dead                           Min: 0, Avg:  0.0, Max: 0, Diff: 0, Sum: 0, Workers: 4
[16.318s][debug][gc,phases      ] GC(34)     Total                          Min: 3200, Avg: 10559.0, Max: 13888, Diff: 10688, Sum: 42236, Workers: 4
[16.318s][debug][gc,phases      ] GC(34)   ResolvedMethodTable Weak       Min:  0.0, Avg:  0.0, Max:  0.0, Diff:  0.0, Sum:  0.1, Workers: 4
[16.318s][debug][gc,phases      ] GC(34)     Dead                           Min: 0, Avg:  0.0, Max: 0, Diff: 0, Sum: 0, Workers: 4
[16.318s][debug][gc,phases      ] GC(34)     Total                          Min: 1471, Avg: 1720.5, Max: 1981, Diff: 510, Sum: 6882, Workers: 4
[16.318s][debug][gc,phases      ] GC(34)   JNI Weak                       Min:  0.0, Avg:  0.0, Max:  0.0, Diff:  0.0, Sum:  0.0, Workers: 4
[16.318s][debug][gc,phases      ] GC(34)     Dead                           Min: 0, Avg:  0.0, Max: 0, Diff: 0, Sum: 0, Workers: 4
[16.318s][debug][gc,phases      ] GC(34)     Total                          Min: 0, Avg:  2.2, Max: 9, Diff: 9, Sum: 9, Workers: 4
[16.318s][debug][gc,phases      ] GC(34)   StringDedup Table Weak         Min:  0.0, Avg:  0.0, Max:  0.0, Diff:  0.0, Sum:  0.0, Workers: 4
[16.318s][debug][gc,phases      ] GC(34)     Dead                           Min: 0, Avg:  0.0, Max: 0, Diff: 0, Sum: 0, Workers: 4
[16.318s][debug][gc,phases      ] GC(34)     Total                          Min: 0, Avg:  0.0, Max: 0, Diff: 0, Sum: 0, Workers: 4
[16.318s][debug][gc,phases      ] GC(34)   StringDedup Requests0 Weak     Min:  0.0, Avg:  0.0, Max:  0.0, Diff:  0.0, Sum:  0.0, Workers: 4
[16.318s][debug][gc,phases      ] GC(34)     Dead                           Min: 0, Avg:  0.0, Max: 0, Diff: 0, Sum: 0, Workers: 4
[16.318s][debug][gc,phases      ] GC(34)     Total                          Min: 0, Avg:  0.0, Max: 0, Diff: 0, Sum: 0, Workers: 4
[16.318s][debug][gc,phases      ] GC(34)   StringDedup Requests1 Weak     Min:  0.0, Avg:  0.0, Max:  0.0, Diff:  0.0, Sum:  0.0, Workers: 4
[16.318s][debug][gc,phases      ] GC(34)     Dead                           Min: 0, Avg:  0.0, Max: 0, Diff: 0, Sum: 0, Workers: 4
[16.318s][debug][gc,phases      ] GC(34)     Total                          Min: 0, Avg:  0.0, Max: 0, Diff: 0, Sum: 0, Workers: 4
[16.318s][debug][gc,phases      ] GC(34)   Weak JFR Old Object Samples    Min:  0.0, Avg:  0.0, Max:  0.0, Diff:  0.0, Sum:  0.0, Workers: 4
[16.318s][debug][gc,phases      ] GC(34)     Dead                           Min: 0, Avg:  0.0, Max: 0, Diff: 0, Sum: 0, Workers: 4
[16.318s][debug][gc,phases      ] GC(34)     Total                          Min: 0, Avg:  0.0, Max: 0, Diff: 0, Sum: 0, Workers: 4
[16.318s][debug][gc,phases      ] GC(34) Weak Processing 0.352ms
[16.318s][debug][gc,age         ] GC(34) Desired survivor size 536870912 bytes, new threshold 14 (max threshold 15)
[16.318s][info ][gc,heap        ] GC(34) PSYoungGen: 1427646K(1427968K)->323550K(1561600K) Eden: 1105920K(1105920K)->0K(1048576K) From: 321726K(322048K)->323550K(513024K)
[16.318s][info ][gc,heap        ] GC(34) ParOldGen: 217909K(274944K)->219621K(274944K)
[16.318s][info ][gc,metaspace   ] GC(34) Metaspace: 66900K(67520K)->66900K(67520K) NonClass: 57141K(57472K)->57141K(57472K) Class: 9759K(10048K)->9759K(10048K)
[16.318s][info ][gc             ] GC(34) Pause Young (Allocation Failure) 1606M->530M(1793M) 138.876ms
[16.318s][info ][gc,cpu         ] GC(34) User=0.55s Sys=0.00s Real=0.14s
[16.318s][info ][safepoint      ] Safepoint "ParallelGCFailedAllocation", Time since last: 234371044 ns, Reaching safepoint: 187103 ns, At safepoint: 138998554 ns, Total: 139185657 ns
[16.523s][info ][gc,start       ] GC(35) Pause Young (Allocation Failure)
[16.661s][debug][gc,phases      ] GC(35) Scavenge 138.629ms
[16.661s][debug][gc,ref         ] GC(35) Skipped phase 1 of Reference Processing: no references
[16.661s][debug][gc,ref         ] GC(35) ReferenceProcessor::execute queues: 1, RefProcThreadModel::Single, marks_oops_alive: false
[16.662s][debug][gc,ref         ] GC(35) Skipped phase 3 of Reference Processing: no references
[16.662s][debug][gc,ref         ] GC(35) ReferenceProcessor::execute queues: 1, RefProcThreadModel::Single, marks_oops_alive: false
[16.662s][debug][gc,phases      ] GC(35) Reference Processing 0.180ms
[16.662s][debug][gc,phases      ] GC(35)   VM Weak                        Min:  0.0, Avg:  0.0, Max:  0.0, Diff:  0.0, Sum:  0.0, Workers: 4
[16.662s][debug][gc,phases      ] GC(35)     Dead                           Min: 0, Avg:  0.0, Max: 0, Diff: 0, Sum: 0, Workers: 4
[16.662s][debug][gc,phases      ] GC(35)     Total                          Min: 0, Avg: 128.0, Max: 256, Diff: 256, Sum: 512, Workers: 4
[16.662s][debug][gc,phases      ] GC(35)   ObjectSynchronizer Weak        Min:  0.0, Avg:  0.0, Max:  0.0, Diff:  0.0, Sum:  0.0, Workers: 4
[16.662s][debug][gc,phases      ] GC(35)     Dead                           Min: 0, Avg:  0.0, Max: 0, Diff: 0, Sum: 0, Workers: 4
[16.662s][debug][gc,phases      ] GC(35)     Total                          Min: 0, Avg: 97.8, Max: 384, Diff: 384, Sum: 391, Workers: 4
[16.662s][debug][gc,phases      ] GC(35)   JVMTI Tag Weak OopStorage      Min:  0.0, Avg:  0.0, Max:  0.0, Diff:  0.0, Sum:  0.0, Workers: 4
[16.662s][debug][gc,phases      ] GC(35)     Dead                           Min: 0, Avg:  0.0, Max: 0, Diff: 0, Sum: 0, Workers: 4
[16.662s][debug][gc,phases      ] GC(35)     Total                          Min: 0, Avg:  0.0, Max: 0, Diff: 0, Sum: 0, Workers: 4
[16.662s][debug][gc,phases      ] GC(35)   StringTable Weak               Min:  0.1, Avg:  0.1, Max:  0.1, Diff:  0.0, Sum:  0.4, Workers: 4
[16.662s][debug][gc,phases      ] GC(35)     Dead                           Min: 0, Avg:  2.8, Max: 8, Diff: 8, Sum: 11, Workers: 4
[16.662s][debug][gc,phases      ] GC(35)     Total                          Min: 10112, Avg: 10565.5, Max: 11030, Diff: 918, Sum: 42262, Workers: 4
[16.662s][debug][gc,phases      ] GC(35)   ResolvedMethodTable Weak       Min:  0.0, Avg:  0.0, Max:  0.0, Diff:  0.0, Sum:  0.1, Workers: 4
[16.662s][debug][gc,phases      ] GC(35)     Dead                           Min: 0, Avg:  1.2, Max: 5, Diff: 5, Sum: 5, Workers: 4
[16.662s][debug][gc,phases      ] GC(35)     Total                          Min: 1549, Avg: 1731.2, Max: 1984, Diff: 435, Sum: 6925, Workers: 4
[16.662s][debug][gc,phases      ] GC(35)   JNI Weak                       Min:  0.0, Avg:  0.0, Max:  0.0, Diff:  0.0, Sum:  0.0, Workers: 4
[16.662s][debug][gc,phases      ] GC(35)     Dead                           Min: 0, Avg:  0.0, Max: 0, Diff: 0, Sum: 0, Workers: 4
[16.662s][debug][gc,phases      ] GC(35)     Total                          Min: 0, Avg:  3.2, Max: 13, Diff: 13, Sum: 13, Workers: 4
[16.662s][debug][gc,phases      ] GC(35)   StringDedup Table Weak         Min:  0.0, Avg:  0.0, Max:  0.0, Diff:  0.0, Sum:  0.0, Workers: 4
[16.662s][debug][gc,phases      ] GC(35)     Dead                           Min: 0, Avg:  0.0, Max: 0, Diff: 0, Sum: 0, Workers: 4
[16.662s][debug][gc,phases      ] GC(35)     Total                          Min: 0, Avg:  0.0, Max: 0, Diff: 0, Sum: 0, Workers: 4
[16.662s][debug][gc,phases      ] GC(35)   StringDedup Requests0 Weak     Min:  0.0, Avg:  0.0, Max:  0.0, Diff:  0.0, Sum:  0.0, Workers: 4
[16.662s][debug][gc,phases      ] GC(35)     Dead                           Min: 0, Avg:  0.0, Max: 0, Diff: 0, Sum: 0, Workers: 4
[16.662s][debug][gc,phases      ] GC(35)     Total                          Min: 0, Avg:  0.0, Max: 0, Diff: 0, Sum: 0, Workers: 4
[16.662s][debug][gc,phases      ] GC(35)   StringDedup Requests1 Weak     Min:  0.0, Avg:  0.0, Max:  0.0, Diff:  0.0, Sum:  0.0, Workers: 4
[16.662s][debug][gc,phases      ] GC(35)     Dead                           Min: 0, Avg:  0.0, Max: 0, Diff: 0, Sum: 0, Workers: 4
[16.662s][debug][gc,phases      ] GC(35)     Total                          Min: 0, Avg:  0.0, Max: 0, Diff: 0, Sum: 0, Workers: 4
[16.662s][debug][gc,phases      ] GC(35)   Weak JFR Old Object Samples    Min:  0.0, Avg:  0.0, Max:  0.0, Diff:  0.0, Sum:  0.0, Workers: 4
[16.662s][debug][gc,phases      ] GC(35)     Dead                           Min: 0, Avg:  0.0, Max: 0, Diff: 0, Sum: 0, Workers: 4
[16.662s][debug][gc,phases      ] GC(35)     Total                          Min: 0, Avg:  0.0, Max: 0, Diff: 0, Sum: 0, Workers: 4
[16.662s][debug][gc,phases      ] GC(35) Weak Processing 0.321ms
[16.662s][debug][gc,age         ] GC(35) Desired survivor size 536870912 bytes, new threshold 13 (max threshold 15)
[16.662s][info ][gc,heap        ] GC(35) PSYoungGen: 1372126K(1561600K)->324734K(1572864K) Eden: 1048576K(1048576K)->0K(1048576K) From: 323550K(513024K)->324734K(524288K)
[16.662s][info ][gc,heap        ] GC(35) ParOldGen: 219621K(274944K)->221429K(274944K)
[16.662s][info ][gc,metaspace   ] GC(35) Metaspace: 67031K(67648K)->67031K(67648K) NonClass: 57247K(57600K)->57247K(57600K) Class: 9783K(10048K)->9783K(10048K)
[16.662s][info ][gc             ] GC(35) Pause Young (Allocation Failure) 1554M->533M(1804M) 139.270ms
[16.662s][info ][gc,cpu         ] GC(35) User=0.56s Sys=0.00s Real=0.13s
[16.662s][info ][safepoint      ] Safepoint "ParallelGCFailedAllocation", Time since last: 203675535 ns, Reaching safepoint: 918518 ns, At safepoint: 139390162 ns, Total: 140308680 ns
[16.968s][info ][gc,start       ] GC(36) Pause Young (Allocation Failure)
[17.112s][debug][gc,phases      ] GC(36) Scavenge 143.694ms
[17.112s][debug][gc,ref         ] GC(36) Skipped phase 1 of Reference Processing: no references
[17.112s][debug][gc,ref         ] GC(36) ReferenceProcessor::execute queues: 1, RefProcThreadModel::Single, marks_oops_alive: false
[17.112s][debug][gc,ref         ] GC(36) Skipped phase 3 of Reference Processing: no references
[17.112s][debug][gc,ref         ] GC(36) ReferenceProcessor::execute queues: 1, RefProcThreadModel::Single, marks_oops_alive: false
[17.112s][debug][gc,phases      ] GC(36) Reference Processing 0.174ms
[17.112s][debug][gc,phases      ] GC(36)   VM Weak                        Min:  0.0, Avg:  0.0, Max:  0.0, Diff:  0.0, Sum:  0.0, Workers: 4
[17.112s][debug][gc,phases      ] GC(36)     Dead                           Min: 0, Avg:  0.0, Max: 0, Diff: 0, Sum: 0, Workers: 4
[17.112s][debug][gc,phases      ] GC(36)     Total                          Min: 0, Avg: 128.0, Max: 320, Diff: 320, Sum: 512, Workers: 4
[17.112s][debug][gc,phases      ] GC(36)   ObjectSynchronizer Weak        Min:  0.0, Avg:  0.0, Max:  0.0, Diff:  0.0, Sum:  0.0, Workers: 4
[17.112s][debug][gc,phases      ] GC(36)     Dead                           Min: 0, Avg:  0.0, Max: 0, Diff: 0, Sum: 0, Workers: 4
[17.112s][debug][gc,phases      ] GC(36)     Total                          Min: 0, Avg: 97.8, Max: 199, Diff: 199, Sum: 391, Workers: 4
[17.112s][debug][gc,phases      ] GC(36)   JVMTI Tag Weak OopStorage      Min:  0.0, Avg:  0.0, Max:  0.0, Diff:  0.0, Sum:  0.0, Workers: 4
[17.112s][debug][gc,phases      ] GC(36)     Dead                           Min: 0, Avg:  0.0, Max: 0, Diff: 0, Sum: 0, Workers: 4
[17.112s][debug][gc,phases      ] GC(36)     Total                          Min: 0, Avg:  0.0, Max: 0, Diff: 0, Sum: 0, Workers: 4
[17.112s][debug][gc,phases      ] GC(36)   StringTable Weak               Min:  0.1, Avg:  0.1, Max:  0.1, Diff:  0.0, Sum:  0.4, Workers: 4
[17.112s][debug][gc,phases      ] GC(36)     Dead                           Min: 0, Avg:  2.8, Max: 11, Diff: 11, Sum: 11, Workers: 4
[17.112s][debug][gc,phases      ] GC(36)     Total                          Min: 8384, Avg: 10569.8, Max: 12783, Diff: 4399, Sum: 42279, Workers: 4
[17.112s][debug][gc,phases      ] GC(36)   ResolvedMethodTable Weak       Min:  0.0, Avg:  0.0, Max:  0.0, Diff:  0.0, Sum:  0.1, Workers: 4
[17.112s][debug][gc,phases      ] GC(36)     Dead                           Min: 0, Avg:  2.5, Max: 10, Diff: 10, Sum: 10, Workers: 4
[17.112s][debug][gc,phases      ] GC(36)     Total                          Min: 1471, Avg: 1734.8, Max: 2015, Diff: 544, Sum: 6939, Workers: 4
[17.112s][debug][gc,phases      ] GC(36)   JNI Weak                       Min:  0.0, Avg:  0.0, Max:  0.0, Diff:  0.0, Sum:  0.0, Workers: 4
[17.112s][debug][gc,phases      ] GC(36)     Dead                           Min: 0, Avg:  0.0, Max: 0, Diff: 0, Sum: 0, Workers: 4
[17.112s][debug][gc,phases      ] GC(36)     Total                          Min: 0, Avg:  2.5, Max: 10, Diff: 10, Sum: 10, Workers: 4
[17.112s][debug][gc,phases      ] GC(36)   StringDedup Table Weak         Min:  0.0, Avg:  0.0, Max:  0.0, Diff:  0.0, Sum:  0.0, Workers: 4
[17.112s][debug][gc,phases      ] GC(36)     Dead                           Min: 0, Avg:  0.0, Max: 0, Diff: 0, Sum: 0, Workers: 4
[17.112s][debug][gc,phases      ] GC(36)     Total                          Min: 0, Avg:  0.0, Max: 0, Diff: 0, Sum: 0, Workers: 4
[17.112s][debug][gc,phases      ] GC(36)   StringDedup Requests0 Weak     Min:  0.0, Avg:  0.0, Max:  0.0, Diff:  0.0, Sum:  0.0, Workers: 4
[17.112s][debug][gc,phases      ] GC(36)     Dead                           Min: 0, Avg:  0.0, Max: 0, Diff: 0, Sum: 0, Workers: 4
[17.112s][debug][gc,phases      ] GC(36)     Total                          Min: 0, Avg:  0.0, Max: 0, Diff: 0, Sum: 0, Workers: 4
[17.112s][debug][gc,phases      ] GC(36)   StringDedup Requests1 Weak     Min:  0.0, Avg:  0.0, Max:  0.0, Diff:  0.0, Sum:  0.0, Workers: 4
[17.112s][debug][gc,phases      ] GC(36)     Dead                           Min: 0, Avg:  0.0, Max: 0, Diff: 0, Sum: 0, Workers: 4
[17.112s][debug][gc,phases      ] GC(36)     Total                          Min: 0, Avg:  0.0, Max: 0, Diff: 0, Sum: 0, Workers: 4
[17.112s][debug][gc,phases      ] GC(36)   Weak JFR Old Object Samples    Min:  0.0, Avg:  0.0, Max:  0.0, Diff:  0.0, Sum:  0.0, Workers: 4
[17.112s][debug][gc,phases      ] GC(36)     Dead                           Min: 0, Avg:  0.0, Max: 0, Diff: 0, Sum: 0, Workers: 4
[17.112s][debug][gc,phases      ] GC(36)     Total                          Min: 0, Avg:  0.0, Max: 0, Diff: 0, Sum: 0, Workers: 4
[17.112s][debug][gc,phases      ] GC(36) Weak Processing 0.336ms
[17.112s][debug][gc,age         ] GC(36) Desired survivor size 536870912 bytes, new threshold 12 (max threshold 15)
[17.112s][info ][gc,heap        ] GC(36) PSYoungGen: 1373310K(1572864K)->325680K(1572864K) Eden: 1048576K(1048576K)->0K(1048576K) From: 324734K(524288K)->325680K(524288K)
[17.112s][info ][gc,heap        ] GC(36) ParOldGen: 221429K(274944K)->224247K(274944K)
[17.112s][info ][gc,metaspace   ] GC(36) Metaspace: 67101K(67776K)->67101K(67776K) NonClass: 57311K(57728K)->57311K(57728K) Class: 9789K(10048K)->9789K(10048K)
[17.112s][info ][gc             ] GC(36) Pause Young (Allocation Failure) 1557M->537M(1804M) 144.341ms
[17.112s][info ][gc,cpu         ] GC(36) User=0.57s Sys=0.01s Real=0.15s
[17.113s][info ][safepoint      ] Safepoint "ParallelGCFailedAllocation", Time since last: 305940461 ns, Reaching safepoint: 137802 ns, At safepoint: 144458562 ns, Total: 144596364 ns
[17.298s][info ][gc,start       ] GC(37) Pause Young (Allocation Failure)
[17.435s][debug][gc,phases      ] GC(37) Scavenge 136.511ms
[17.435s][debug][gc,ref         ] GC(37) Skipped phase 1 of Reference Processing: no references
[17.435s][debug][gc,ref         ] GC(37) ReferenceProcessor::execute queues: 1, RefProcThreadModel::Single, marks_oops_alive: false
[17.435s][debug][gc,ref         ] GC(37) Skipped phase 3 of Reference Processing: no references
[17.435s][debug][gc,ref         ] GC(37) ReferenceProcessor::execute queues: 1, RefProcThreadModel::Single, marks_oops_alive: false
[17.435s][debug][gc,phases      ] GC(37) Reference Processing 0.180ms
[17.435s][debug][gc,phases      ] GC(37)   VM Weak                        Min:  0.0, Avg:  0.0, Max:  0.0, Diff:  0.0, Sum:  0.0, Workers: 4
[17.435s][debug][gc,phases      ] GC(37)     Dead                           Min: 0, Avg:  0.0, Max: 0, Diff: 0, Sum: 0, Workers: 4
[17.435s][debug][gc,phases      ] GC(37)     Total                          Min: 0, Avg: 128.0, Max: 512, Diff: 512, Sum: 512, Workers: 4
[17.435s][debug][gc,phases      ] GC(37)   ObjectSynchronizer Weak        Min:  0.0, Avg:  0.0, Max:  0.0, Diff:  0.0, Sum:  0.0, Workers: 4
[17.435s][debug][gc,phases      ] GC(37)     Dead                           Min: 0, Avg:  0.0, Max: 0, Diff: 0, Sum: 0, Workers: 4
[17.435s][debug][gc,phases      ] GC(37)     Total                          Min: 0, Avg: 97.8, Max: 263, Diff: 263, Sum: 391, Workers: 4
[17.435s][debug][gc,phases      ] GC(37)   JVMTI Tag Weak OopStorage      Min:  0.0, Avg:  0.0, Max:  0.0, Diff:  0.0, Sum:  0.0, Workers: 4
[17.435s][debug][gc,phases      ] GC(37)     Dead                           Min: 0, Avg:  0.0, Max: 0, Diff: 0, Sum: 0, Workers: 4
[17.435s][debug][gc,phases      ] GC(37)     Total                          Min: 0, Avg:  0.0, Max: 0, Diff: 0, Sum: 0, Workers: 4
[17.435s][debug][gc,phases      ] GC(37)   StringTable Weak               Min:  0.1, Avg:  0.1, Max:  0.1, Diff:  0.0, Sum:  0.4, Workers: 4
[17.435s][debug][gc,phases      ] GC(37)     Dead                           Min: 0, Avg:  0.0, Max: 0, Diff: 0, Sum: 0, Workers: 4
[17.435s][debug][gc,phases      ] GC(37)     Total                          Min: 10048, Avg: 10570.5, Max: 10941, Diff: 893, Sum: 42282, Workers: 4
[17.435s][debug][gc,phases      ] GC(37)   ResolvedMethodTable Weak       Min:  0.0, Avg:  0.0, Max:  0.0, Diff:  0.0, Sum:  0.1, Workers: 4
[17.435s][debug][gc,phases      ] GC(37)     Dead                           Min: 0, Avg:  0.0, Max: 0, Diff: 0, Sum: 0, Workers: 4
[17.435s][debug][gc,phases      ] GC(37)     Total                          Min: 1502, Avg: 1734.8, Max: 1917, Diff: 415, Sum: 6939, Workers: 4
[17.435s][debug][gc,phases      ] GC(37)   JNI Weak                       Min:  0.0, Avg:  0.0, Max:  0.0, Diff:  0.0, Sum:  0.0, Workers: 4
[17.435s][debug][gc,phases      ] GC(37)     Dead                           Min: 0, Avg:  0.0, Max: 0, Diff: 0, Sum: 0, Workers: 4
[17.435s][debug][gc,phases      ] GC(37)     Total                          Min: 0, Avg:  4.2, Max: 17, Diff: 17, Sum: 17, Workers: 4
[17.435s][debug][gc,phases      ] GC(37)   StringDedup Table Weak         Min:  0.0, Avg:  0.0, Max:  0.0, Diff:  0.0, Sum:  0.0, Workers: 4
[17.435s][debug][gc,phases      ] GC(37)     Dead                           Min: 0, Avg:  0.0, Max: 0, Diff: 0, Sum: 0, Workers: 4
[17.435s][debug][gc,phases      ] GC(37)     Total                          Min: 0, Avg:  0.0, Max: 0, Diff: 0, Sum: 0, Workers: 4
[17.435s][debug][gc,phases      ] GC(37)   StringDedup Requests0 Weak     Min:  0.0, Avg:  0.0, Max:  0.0, Diff:  0.0, Sum:  0.0, Workers: 4
[17.435s][debug][gc,phases      ] GC(37)     Dead                           Min: 0, Avg:  0.0, Max: 0, Diff: 0, Sum: 0, Workers: 4
[17.435s][debug][gc,phases      ] GC(37)     Total                          Min: 0, Avg:  0.0, Max: 0, Diff: 0, Sum: 0, Workers: 4
[17.435s][debug][gc,phases      ] GC(37)   StringDedup Requests1 Weak     Min:  0.0, Avg:  0.0, Max:  0.0, Diff:  0.0, Sum:  0.0, Workers: 4
[17.435s][debug][gc,phases      ] GC(37)     Dead                           Min: 0, Avg:  0.0, Max: 0, Diff: 0, Sum: 0, Workers: 4
[17.435s][debug][gc,phases      ] GC(37)     Total                          Min: 0, Avg:  0.0, Max: 0, Diff: 0, Sum: 0, Workers: 4
[17.435s][debug][gc,phases      ] GC(37)   Weak JFR Old Object Samples    Min:  0.0, Avg:  0.0, Max:  0.0, Diff:  0.0, Sum:  0.0, Workers: 4
[17.435s][debug][gc,phases      ] GC(37)     Dead                           Min: 0, Avg:  0.0, Max: 0, Diff: 0, Sum: 0, Workers: 4
[17.435s][debug][gc,phases      ] GC(37)     Total                          Min: 0, Avg:  0.0, Max: 0, Diff: 0, Sum: 0, Workers: 4
[17.435s][debug][gc,phases      ] GC(37) Weak Processing 0.319ms
[17.435s][debug][gc,age         ] GC(37) Desired survivor size 536870912 bytes, new threshold 11 (max threshold 15)
[17.435s][info ][gc,heap        ] GC(37) PSYoungGen: 1374256K(1572864K)->320352K(1572864K) Eden: 1048576K(1048576K)->0K(1048576K) From: 325680K(524288K)->320352K(524288K)
[17.435s][info ][gc,heap        ] GC(37) ParOldGen: 224247K(274944K)->231291K(274944K)
[17.435s][info ][gc,metaspace   ] GC(37) Metaspace: 67151K(67776K)->67151K(67776K) NonClass: 57362K(57728K)->57362K(57728K) Class: 9789K(10048K)->9789K(10048K)
[17.435s][info ][gc             ] GC(37) Pause Young (Allocation Failure) 1561M->538M(1804M) 137.138ms
[17.435s][info ][gc,cpu         ] GC(37) User=0.55s Sys=0.00s Real=0.14s
[17.435s][info ][safepoint      ] Safepoint "ParallelGCFailedAllocation", Time since last: 185427474 ns, Reaching safepoint: 165803 ns, At safepoint: 137256419 ns, Total: 137422222 ns
[17.639s][info ][safepoint      ] Safepoint "ICBufferFull", Time since last: 203288428 ns, Reaching safepoint: 184203 ns, At safepoint: 35901 ns, Total: 220104 ns
[17.650s][info ][gc,start       ] GC(38) Pause Young (Allocation Failure)
[17.813s][debug][gc,phases      ] GC(38) Scavenge 163.504ms
[17.813s][debug][gc,ref         ] GC(38) Skipped phase 1 of Reference Processing: no references
[17.813s][debug][gc,ref         ] GC(38) ReferenceProcessor::execute queues: 1, RefProcThreadModel::Single, marks_oops_alive: false
[17.813s][debug][gc,ref         ] GC(38) Skipped phase 3 of Reference Processing: no references
[17.813s][debug][gc,ref         ] GC(38) ReferenceProcessor::execute queues: 1, RefProcThreadModel::Single, marks_oops_alive: false
[17.814s][debug][gc,phases      ] GC(38) Reference Processing 0.153ms
[17.814s][debug][gc,phases      ] GC(38)   VM Weak                        Min:  0.0, Avg:  0.0, Max:  0.0, Diff:  0.0, Sum:  0.0, Workers: 4
[17.814s][debug][gc,phases      ] GC(38)     Dead                           Min: 0, Avg:  0.0, Max: 0, Diff: 0, Sum: 0, Workers: 4
[17.814s][debug][gc,phases      ] GC(38)     Total                          Min: 0, Avg: 128.0, Max: 320, Diff: 320, Sum: 512, Workers: 4
[17.814s][debug][gc,phases      ] GC(38)   ObjectSynchronizer Weak        Min:  0.0, Avg:  0.0, Max:  0.0, Diff:  0.0, Sum:  0.0, Workers: 4
[17.814s][debug][gc,phases      ] GC(38)     Dead                           Min: 0, Avg:  0.0, Max: 0, Diff: 0, Sum: 0, Workers: 4
[17.814s][debug][gc,phases      ] GC(38)     Total                          Min: 0, Avg: 97.8, Max: 192, Diff: 192, Sum: 391, Workers: 4
[17.814s][debug][gc,phases      ] GC(38)   JVMTI Tag Weak OopStorage      Min:  0.0, Avg:  0.0, Max:  0.0, Diff:  0.0, Sum:  0.0, Workers: 4
[17.814s][debug][gc,phases      ] GC(38)     Dead                           Min: 0, Avg:  0.0, Max: 0, Diff: 0, Sum: 0, Workers: 4
[17.814s][debug][gc,phases      ] GC(38)     Total                          Min: 0, Avg:  0.0, Max: 0, Diff: 0, Sum: 0, Workers: 4
[17.814s][debug][gc,phases      ] GC(38)   StringTable Weak               Min:  0.1, Avg:  0.1, Max:  0.1, Diff:  0.0, Sum:  0.4, Workers: 4
[17.814s][debug][gc,phases      ] GC(38)     Dead                           Min: 0, Avg:  2.8, Max: 11, Diff: 11, Sum: 11, Workers: 4
[17.814s][debug][gc,phases      ] GC(38)     Total                          Min: 9469, Avg: 10571.5, Max: 11136, Diff: 1667, Sum: 42286, Workers: 4
[17.814s][debug][gc,phases      ] GC(38)   ResolvedMethodTable Weak       Min:  0.0, Avg:  0.0, Max:  0.0, Diff:  0.0, Sum:  0.1, Workers: 4
[17.814s][debug][gc,phases      ] GC(38)     Dead                           Min: 0, Avg:  0.0, Max: 0, Diff: 0, Sum: 0, Workers: 4
[17.814s][debug][gc,phases      ] GC(38)     Total                          Min: 1532, Avg: 1734.8, Max: 1887, Diff: 355, Sum: 6939, Workers: 4
[17.814s][debug][gc,phases      ] GC(38)   JNI Weak                       Min:  0.0, Avg:  0.0, Max:  0.0, Diff:  0.0, Sum:  0.0, Workers: 4
[17.814s][debug][gc,phases      ] GC(38)     Dead                           Min: 0, Avg:  0.0, Max: 0, Diff: 0, Sum: 0, Workers: 4
[17.814s][debug][gc,phases      ] GC(38)     Total                          Min: 0, Avg:  2.2, Max: 9, Diff: 9, Sum: 9, Workers: 4
[17.814s][debug][gc,phases      ] GC(38)   StringDedup Table Weak         Min:  0.0, Avg:  0.0, Max:  0.0, Diff:  0.0, Sum:  0.0, Workers: 4
[17.814s][debug][gc,phases      ] GC(38)     Dead                           Min: 0, Avg:  0.0, Max: 0, Diff: 0, Sum: 0, Workers: 4
[17.814s][debug][gc,phases      ] GC(38)     Total                          Min: 0, Avg:  0.0, Max: 0, Diff: 0, Sum: 0, Workers: 4
[17.814s][debug][gc,phases      ] GC(38)   StringDedup Requests0 Weak     Min:  0.0, Avg:  0.0, Max:  0.0, Diff:  0.0, Sum:  0.0, Workers: 4
[17.814s][debug][gc,phases      ] GC(38)     Dead                           Min: 0, Avg:  0.0, Max: 0, Diff: 0, Sum: 0, Workers: 4
[17.814s][debug][gc,phases      ] GC(38)     Total                          Min: 0, Avg:  0.0, Max: 0, Diff: 0, Sum: 0, Workers: 4
[17.814s][debug][gc,phases      ] GC(38)   StringDedup Requests1 Weak     Min:  0.0, Avg:  0.0, Max:  0.0, Diff:  0.0, Sum:  0.0, Workers: 4
[17.814s][debug][gc,phases      ] GC(38)     Dead                           Min: 0, Avg:  0.0, Max: 0, Diff: 0, Sum: 0, Workers: 4
[17.814s][debug][gc,phases      ] GC(38)     Total                          Min: 0, Avg:  0.0, Max: 0, Diff: 0, Sum: 0, Workers: 4
[17.814s][debug][gc,phases      ] GC(38)   Weak JFR Old Object Samples    Min:  0.0, Avg:  0.0, Max:  0.0, Diff:  0.0, Sum:  0.0, Workers: 4
[17.814s][debug][gc,phases      ] GC(38)     Dead                           Min: 0, Avg:  0.0, Max: 0, Diff: 0, Sum: 0, Workers: 4
[17.814s][debug][gc,phases      ] GC(38)     Total                          Min: 0, Avg:  0.0, Max: 0, Diff: 0, Sum: 0, Workers: 4
[17.814s][debug][gc,phases      ] GC(38) Weak Processing 0.304ms
[17.814s][debug][gc,age         ] GC(38) Desired survivor size 536870912 bytes, new threshold 10 (max threshold 15)
[17.814s][info ][gc,heap        ] GC(38) PSYoungGen: 1368928K(1572864K)->161216K(1572864K) Eden: 1048576K(1048576K)->0K(1048576K) From: 320352K(524288K)->161216K(524288K)
[17.814s][info ][gc,heap        ] GC(38) ParOldGen: 231291K(274944K)->394723K(394752K)
[17.814s][info ][gc,metaspace   ] GC(38) Metaspace: 67180K(67840K)->67180K(67840K) NonClass: 57390K(57792K)->57390K(57792K) Class: 9789K(10048K)->9789K(10048K)
[17.814s][info ][gc             ] GC(38) Pause Young (Allocation Failure) 1562M->542M(1921M) 164.103ms
[17.814s][info ][gc,cpu         ] GC(38) User=0.61s Sys=0.05s Real=0.17s
[17.814s][debug][gc,phases      ] GC(39) Pre Compact 0.011ms
[17.814s][info ][gc,start       ] GC(39) Pause Full (Ergonomics)
[17.814s][info ][gc,phases,start] GC(39) Marking Phase
[18.005s][debug][gc,phases      ] GC(39) Par Mark 190.865ms
[18.005s][debug][gc,ref         ] GC(39) Skipped phase 1 of Reference Processing: no references
[18.005s][debug][gc,ref         ] GC(39) ReferenceProcessor::execute queues: 4, RefProcThreadModel::Multi, marks_oops_alive: false
[18.005s][debug][gc,ref         ] GC(39) Skipped phase 3 of Reference Processing: no references
[18.005s][debug][gc,ref         ] GC(39) ReferenceProcessor::execute queues: 1, RefProcThreadModel::Single, marks_oops_alive: false
[18.005s][debug][gc,phases      ] GC(39) Reference Processing 0.339ms
[18.005s][debug][gc,phases      ] GC(39)   VM Weak                        Min:  0.0, Avg:  0.0, Max:  0.0, Diff:  0.0, Sum:  0.0, Workers: 4
[18.005s][debug][gc,phases      ] GC(39)     Dead                           Min: 0, Avg:  0.0, Max: 0, Diff: 0, Sum: 0, Workers: 4
[18.005s][debug][gc,phases      ] GC(39)     Total                          Min: 0, Avg: 128.0, Max: 384, Diff: 384, Sum: 512, Workers: 4
[18.005s][debug][gc,phases      ] GC(39)   ObjectSynchronizer Weak        Min:  0.0, Avg:  0.0, Max:  0.0, Diff:  0.0, Sum:  0.0, Workers: 4
[18.005s][debug][gc,phases      ] GC(39)     Dead                           Min: 0, Avg:  0.0, Max: 0, Diff: 0, Sum: 0, Workers: 4
[18.005s][debug][gc,phases      ] GC(39)     Total                          Min: 0, Avg: 97.8, Max: 192, Diff: 192, Sum: 391, Workers: 4
[18.005s][debug][gc,phases      ] GC(39)   JVMTI Tag Weak OopStorage      Min:  0.0, Avg:  0.0, Max:  0.0, Diff:  0.0, Sum:  0.0, Workers: 4
[18.005s][debug][gc,phases      ] GC(39)     Dead                           Min: 0, Avg:  0.0, Max: 0, Diff: 0, Sum: 0, Workers: 4
[18.005s][debug][gc,phases      ] GC(39)     Total                          Min: 0, Avg:  0.0, Max: 0, Diff: 0, Sum: 0, Workers: 4
[18.005s][debug][gc,phases      ] GC(39)   StringTable Weak               Min:  0.1, Avg:  0.1, Max:  0.1, Diff:  0.0, Sum:  0.5, Workers: 4
[18.005s][debug][gc,phases      ] GC(39)     Dead                           Min: 0, Avg:  0.0, Max: 0, Diff: 0, Sum: 0, Workers: 4
[18.006s][debug][gc,phases      ] GC(39)     Total                          Min: 10105, Avg: 10571.5, Max: 10872, Diff: 767, Sum: 42286, Workers: 4
[18.006s][debug][gc,phases      ] GC(39)   ResolvedMethodTable Weak       Min:  0.0, Avg:  0.0, Max:  0.0, Diff:  0.0, Sum:  0.1, Workers: 4
[18.006s][debug][gc,phases      ] GC(39)     Dead                           Min: 0, Avg:  0.2, Max: 1, Diff: 1, Sum: 1, Workers: 4
[18.006s][debug][gc,phases      ] GC(39)     Total                          Min: 1631, Avg: 1734.8, Max: 1920, Diff: 289, Sum: 6939, Workers: 4
[18.006s][debug][gc,phases      ] GC(39)   JNI Weak                       Min:  0.0, Avg:  0.0, Max:  0.0, Diff:  0.0, Sum:  0.0, Workers: 4
[18.006s][debug][gc,phases      ] GC(39)     Dead                           Min: 0, Avg:  0.0, Max: 0, Diff: 0, Sum: 0, Workers: 4
[18.006s][debug][gc,phases      ] GC(39)     Total                          Min: 0, Avg:  2.2, Max: 9, Diff: 9, Sum: 9, Workers: 4
[18.006s][debug][gc,phases      ] GC(39)   StringDedup Table Weak         Min:  0.0, Avg:  0.0, Max:  0.0, Diff:  0.0, Sum:  0.0, Workers: 4
[18.006s][debug][gc,phases      ] GC(39)     Dead                           Min: 0, Avg:  0.0, Max: 0, Diff: 0, Sum: 0, Workers: 4
[18.006s][debug][gc,phases      ] GC(39)     Total                          Min: 0, Avg:  0.0, Max: 0, Diff: 0, Sum: 0, Workers: 4
[18.006s][debug][gc,phases      ] GC(39)   StringDedup Requests0 Weak     Min:  0.0, Avg:  0.0, Max:  0.0, Diff:  0.0, Sum:  0.0, Workers: 4
[18.006s][debug][gc,phases      ] GC(39)     Dead                           Min: 0, Avg:  0.0, Max: 0, Diff: 0, Sum: 0, Workers: 4
[18.006s][debug][gc,phases      ] GC(39)     Total                          Min: 0, Avg:  0.0, Max: 0, Diff: 0, Sum: 0, Workers: 4
[18.006s][debug][gc,phases      ] GC(39)   StringDedup Requests1 Weak     Min:  0.0, Avg:  0.0, Max:  0.0, Diff:  0.0, Sum:  0.0, Workers: 4
[18.006s][debug][gc,phases      ] GC(39)     Dead                           Min: 0, Avg:  0.0, Max: 0, Diff: 0, Sum: 0, Workers: 4
[18.006s][debug][gc,phases      ] GC(39)     Total                          Min: 0, Avg:  0.0, Max: 0, Diff: 0, Sum: 0, Workers: 4
[18.006s][debug][gc,phases      ] GC(39)   Weak JFR Old Object Samples    Min:  0.0, Avg:  0.0, Max:  0.0, Diff:  0.0, Sum:  0.0, Workers: 4
[18.006s][debug][gc,phases      ] GC(39)     Dead                           Min: 0, Avg:  0.0, Max: 0, Diff: 0, Sum: 0, Workers: 4
[18.006s][debug][gc,phases      ] GC(39)     Total                          Min: 0, Avg:  0.0, Max: 0, Diff: 0, Sum: 0, Workers: 4
[18.006s][debug][gc,phases      ] GC(39) Weak Processing 0.345ms
[18.006s][debug][gc,phases      ] GC(39) ClassLoaderData 0.071ms
[18.006s][debug][gc,phases      ] GC(39) Trigger cleanups 0.000ms
[18.015s][debug][gc,phases      ] GC(39) Class Unloading 9.182ms
[18.015s][info ][gc,phases      ] GC(39) Marking Phase 200.885ms
[18.015s][info ][gc,phases,start] GC(39) Summary Phase
[18.015s][info ][gc,phases      ] GC(39) Summary Phase 0.011ms
[18.015s][info ][gc,phases,start] GC(39) Adjust Roots
[18.026s][info ][gc,phases      ] GC(39) Adjust Roots 11.082ms
[18.026s][info ][gc,phases,start] GC(39) Compaction Phase
[18.757s][info ][gc,phases      ] GC(39) Compaction Phase 731.487ms
[18.757s][info ][gc,phases,start] GC(39) Post Compact
[18.759s][info ][gc,phases      ] GC(39) Post Compact 1.950ms
[18.760s][info ][gc,heap        ] GC(39) PSYoungGen: 161216K(1572864K)->159507K(1572864K) Eden: 0K(1048576K)->0K(1048576K) From: 161216K(524288K)->159507K(524288K)
[18.760s][info ][gc,heap        ] GC(39) ParOldGen: 394723K(394752K)->394385K(521216K)
[18.760s][info ][gc,metaspace   ] GC(39) Metaspace: 67180K(67840K)->67180K(67840K) NonClass: 57390K(57792K)->57390K(57792K) Class: 9789K(10048K)->9789K(10048K)
[18.760s][info ][gc             ] GC(39) Pause Full (Ergonomics) 542M->540M(2045M) 945.751ms
[18.760s][info ][gc,cpu         ] GC(39) User=3.46s Sys=0.01s Real=0.94s
[18.760s][info ][safepoint      ] Safepoint "ParallelGCFailedAllocation", Time since last: 10731712 ns, Reaching safepoint: 105903 ns, At safepoint: 1110052890 ns, Total: 1110158793 ns
[18.774s][info ][safepoint      ] Safepoint "ICBufferFull", Time since last: 12443647 ns, Reaching safepoint: 154703 ns, At safepoint: 1172123 ns, Total: 1326826 ns
[18.776s][info ][safepoint      ] Safepoint "ICBufferFull", Time since last: 2434448 ns, Reaching safepoint: 116402 ns, At safepoint: 21201 ns, Total: 137603 ns
[18.783s][info ][safepoint      ] Safepoint "ICBufferFull", Time since last: 6271524 ns, Reaching safepoint: 142703 ns, At safepoint: 23100 ns, Total: 165803 ns
[18.786s][info ][safepoint      ] Safepoint "ICBufferFull", Time since last: 3674673 ns, Reaching safepoint: 118402 ns, At safepoint: 22701 ns, Total: 141103 ns
[18.800s][info ][safepoint      ] Safepoint "ICBufferFull", Time since last: 13615770 ns, Reaching safepoint: 124502 ns, At safepoint: 25501 ns, Total: 150003 ns
[18.802s][info ][safepoint      ] Safepoint "ICBufferFull", Time since last: 1446528 ns, Reaching safepoint: 107402 ns, At safepoint: 20601 ns, Total: 128003 ns
[18.889s][info ][safepoint      ] Safepoint "ICBufferFull", Time since last: 87045224 ns, Reaching safepoint: 166903 ns, At safepoint: 28901 ns, Total: 195804 ns
[18.902s][info ][safepoint      ] Safepoint "ICBufferFull", Time since last: 12417646 ns, Reaching safepoint: 140203 ns, At safepoint: 26500 ns, Total: 166703 ns
[18.903s][info ][safepoint      ] Safepoint "ICBufferFull", Time since last: 892418 ns, Reaching safepoint: 108702 ns, At safepoint: 33401 ns, Total: 142103 ns
[18.905s][info ][safepoint      ] Safepoint "ICBufferFull", Time since last: 1917638 ns, Reaching safepoint: 321406 ns, At safepoint: 32601 ns, Total: 354007 ns
[18.907s][info ][safepoint      ] Safepoint "ICBufferFull", Time since last: 2184143 ns, Reaching safepoint: 97702 ns, At safepoint: 28201 ns, Total: 125903 ns
[18.911s][info ][safepoint      ] Safepoint "ICBufferFull", Time since last: 3814175 ns, Reaching safepoint: 111702 ns, At safepoint: 29801 ns, Total: 141503 ns
[18.912s][info ][safepoint      ] Safepoint "ICBufferFull", Time since last: 1209824 ns, Reaching safepoint: 111502 ns, At safepoint: 28301 ns, Total: 139803 ns
[18.913s][info ][safepoint      ] Safepoint "ICBufferFull", Time since last: 824216 ns, Reaching safepoint: 95002 ns, At safepoint: 28300 ns, Total: 123302 ns
[18.953s][info ][safepoint      ] Safepoint "ICBufferFull", Time since last: 39386681 ns, Reaching safepoint: 146703 ns, At safepoint: 26600 ns, Total: 173303 ns
[18.971s][info ][safepoint      ] Safepoint "ICBufferFull", Time since last: 13996777 ns, Reaching safepoint: 4289785 ns, At safepoint: 34201 ns, Total: 4323986 ns
[18.972s][info ][safepoint      ] Safepoint "ICBufferFull", Time since last: 895718 ns, Reaching safepoint: 104802 ns, At safepoint: 21800 ns, Total: 126602 ns
[18.974s][info ][safepoint      ] Safepoint "ICBufferFull", Time since last: 1947139 ns, Reaching safepoint: 117302 ns, At safepoint: 25001 ns, Total: 142303 ns
[18.976s][info ][safepoint      ] Safepoint "ICBufferFull", Time since last: 1787835 ns, Reaching safepoint: 111702 ns, At safepoint: 24501 ns, Total: 136203 ns
[18.980s][info ][safepoint      ] Safepoint "ICBufferFull", Time since last: 3521870 ns, Reaching safepoint: 111302 ns, At safepoint: 22600 ns, Total: 133902 ns
[18.991s][info ][safepoint      ] Safepoint "ICBufferFull", Time since last: 10941617 ns, Reaching safepoint: 73801 ns, At safepoint: 32101 ns, Total: 105902 ns
[18.992s][info ][safepoint      ] Safepoint "ICBufferFull", Time since last: 1049121 ns, Reaching safepoint: 110202 ns, At safepoint: 23700 ns, Total: 133902 ns
[19.029s][info ][safepoint      ] Safepoint "ICBufferFull", Time since last: 36616026 ns, Reaching safepoint: 144803 ns, At safepoint: 26200 ns, Total: 171003 ns
[19.030s][info ][safepoint      ] Safepoint "ICBufferFull", Time since last: 745015 ns, Reaching safepoint: 95302 ns, At safepoint: 20100 ns, Total: 115402 ns
[19.031s][info ][safepoint      ] Safepoint "ICBufferFull", Time since last: 1011420 ns, Reaching safepoint: 95802 ns, At safepoint: 26701 ns, Total: 122503 ns
[19.033s][info ][safepoint      ] Safepoint "ICBufferFull", Time since last: 2163443 ns, Reaching safepoint: 107602 ns, At safepoint: 33400 ns, Total: 141002 ns
[19.037s][info ][safepoint      ] Safepoint "ICBufferFull", Time since last: 3140063 ns, Reaching safepoint: 103002 ns, At safepoint: 23300 ns, Total: 126302 ns
[19.038s][info ][safepoint      ] Safepoint "ICBufferFull", Time since last: 1678233 ns, Reaching safepoint: 111903 ns, At safepoint: 28200 ns, Total: 140103 ns
[19.039s][info ][safepoint      ] Safepoint "ICBufferFull", Time since last: 795716 ns, Reaching safepoint: 94502 ns, At safepoint: 22700 ns, Total: 117202 ns
[19.055s][info ][safepoint      ] Safepoint "ICBufferFull", Time since last: 15190101 ns, Reaching safepoint: 127603 ns, At safepoint: 35300 ns, Total: 162903 ns
[19.064s][info ][safepoint      ] Safepoint "ICBufferFull", Time since last: 8962778 ns, Reaching safepoint: 141003 ns, At safepoint: 27300 ns, Total: 168303 ns
[19.065s][info ][safepoint      ] Safepoint "ICBufferFull", Time since last: 852217 ns, Reaching safepoint: 96502 ns, At safepoint: 19700 ns, Total: 116202 ns
[19.074s][info ][gc,start       ] GC(40) Pause Young (Allocation Failure)
[19.218s][debug][gc,phases      ] GC(40) Scavenge 143.554ms
[19.218s][debug][gc,ref         ] GC(40) Skipped phase 1 of Reference Processing: no references
[19.218s][debug][gc,ref         ] GC(40) ReferenceProcessor::execute queues: 1, RefProcThreadModel::Single, marks_oops_alive: false
[19.218s][debug][gc,ref         ] GC(40) Skipped phase 3 of Reference Processing: no references
[19.218s][debug][gc,ref         ] GC(40) Skipped phase 4 of Reference Processing: no references
[19.218s][debug][gc,phases      ] GC(40) Reference Processing 0.137ms
[19.218s][debug][gc,phases      ] GC(40)   VM Weak                        Min:  0.0, Avg:  0.0, Max:  0.0, Diff:  0.0, Sum:  0.0, Workers: 4
[19.218s][debug][gc,phases      ] GC(40)     Dead                           Min: 0, Avg:  0.0, Max: 0, Diff: 0, Sum: 0, Workers: 4
[19.218s][debug][gc,phases      ] GC(40)     Total                          Min: 0, Avg: 128.0, Max: 512, Diff: 512, Sum: 512, Workers: 4
[19.218s][debug][gc,phases      ] GC(40)   ObjectSynchronizer Weak        Min:  0.0, Avg:  0.0, Max:  0.0, Diff:  0.0, Sum:  0.0, Workers: 4
[19.218s][debug][gc,phases      ] GC(40)     Dead                           Min: 0, Avg:  0.0, Max: 0, Diff: 0, Sum: 0, Workers: 4
[19.218s][debug][gc,phases      ] GC(40)     Total                          Min: 0, Avg: 97.8, Max: 256, Diff: 256, Sum: 391, Workers: 4
[19.218s][debug][gc,phases      ] GC(40)   JVMTI Tag Weak OopStorage      Min:  0.0, Avg:  0.0, Max:  0.0, Diff:  0.0, Sum:  0.0, Workers: 4
[19.218s][debug][gc,phases      ] GC(40)     Dead                           Min: 0, Avg:  0.0, Max: 0, Diff: 0, Sum: 0, Workers: 4
[19.218s][debug][gc,phases      ] GC(40)     Total                          Min: 0, Avg:  0.0, Max: 0, Diff: 0, Sum: 0, Workers: 4
[19.218s][debug][gc,phases      ] GC(40)   StringTable Weak               Min:  0.1, Avg:  0.1, Max:  0.1, Diff:  0.0, Sum:  0.4, Workers: 4
[19.218s][debug][gc,phases      ] GC(40)     Dead                           Min: 0, Avg:  2.8, Max: 11, Diff: 11, Sum: 11, Workers: 4
[19.218s][debug][gc,phases      ] GC(40)     Total                          Min: 8896, Avg: 10573.5, Max: 11584, Diff: 2688, Sum: 42294, Workers: 4
[19.218s][debug][gc,phases      ] GC(40)   ResolvedMethodTable Weak       Min:  0.0, Avg:  0.0, Max:  0.0, Diff:  0.0, Sum:  0.1, Workers: 4
[19.218s][debug][gc,phases      ] GC(40)     Dead                           Min: 0, Avg:  0.0, Max: 0, Diff: 0, Sum: 0, Workers: 4
[19.218s][debug][gc,phases      ] GC(40)     Total                          Min: 1471, Avg: 1734.8, Max: 1887, Diff: 416, Sum: 6939, Workers: 4
[19.218s][debug][gc,phases      ] GC(40)   JNI Weak                       Min:  0.0, Avg:  0.0, Max:  0.0, Diff:  0.0, Sum:  0.0, Workers: 4
[19.218s][debug][gc,phases      ] GC(40)     Dead                           Min: 0, Avg:  0.0, Max: 0, Diff: 0, Sum: 0, Workers: 4
[19.218s][debug][gc,phases      ] GC(40)     Total                          Min: 0, Avg:  3.2, Max: 13, Diff: 13, Sum: 13, Workers: 4
[19.218s][debug][gc,phases      ] GC(40)   StringDedup Table Weak         Min:  0.0, Avg:  0.0, Max:  0.0, Diff:  0.0, Sum:  0.0, Workers: 4
[19.218s][debug][gc,phases      ] GC(40)     Dead                           Min: 0, Avg:  0.0, Max: 0, Diff: 0, Sum: 0, Workers: 4
[19.218s][debug][gc,phases      ] GC(40)     Total                          Min: 0, Avg:  0.0, Max: 0, Diff: 0, Sum: 0, Workers: 4
[19.218s][debug][gc,phases      ] GC(40)   StringDedup Requests0 Weak     Min:  0.0, Avg:  0.0, Max:  0.0, Diff:  0.0, Sum:  0.0, Workers: 4
[19.218s][debug][gc,phases      ] GC(40)     Dead                           Min: 0, Avg:  0.0, Max: 0, Diff: 0, Sum: 0, Workers: 4
[19.218s][debug][gc,phases      ] GC(40)     Total                          Min: 0, Avg:  0.0, Max: 0, Diff: 0, Sum: 0, Workers: 4
[19.218s][debug][gc,phases      ] GC(40)   StringDedup Requests1 Weak     Min:  0.0, Avg:  0.0, Max:  0.0, Diff:  0.0, Sum:  0.0, Workers: 4
[19.218s][debug][gc,phases      ] GC(40)     Dead                           Min: 0, Avg:  0.0, Max: 0, Diff: 0, Sum: 0, Workers: 4
[19.218s][debug][gc,phases      ] GC(40)     Total                          Min: 0, Avg:  0.0, Max: 0, Diff: 0, Sum: 0, Workers: 4
[19.218s][debug][gc,phases      ] GC(40)   Weak JFR Old Object Samples    Min:  0.0, Avg:  0.0, Max:  0.0, Diff:  0.0, Sum:  0.0, Workers: 4
[19.218s][debug][gc,phases      ] GC(40)     Dead                           Min: 0, Avg:  0.0, Max: 0, Diff: 0, Sum: 0, Workers: 4
[19.218s][debug][gc,phases      ] GC(40)     Total                          Min: 0, Avg:  0.0, Max: 0, Diff: 0, Sum: 0, Workers: 4
[19.218s][debug][gc,phases      ] GC(40) Weak Processing 0.307ms
[19.218s][debug][gc,age         ] GC(40) Desired survivor size 536870912 bytes, new threshold 9 (max threshold 15)
[19.218s][info ][gc,heap        ] GC(40) PSYoungGen: 1208083K(1572864K)->24560K(1572864K) Eden: 1048576K(1048576K)->0K(1048576K) From: 159507K(524288K)->24560K(524288K)
[19.218s][info ][gc,heap        ] GC(40) ParOldGen: 394385K(521216K)->531981K(532480K)
[19.218s][info ][gc,metaspace   ] GC(40) Metaspace: 67216K(67840K)->67216K(67840K) NonClass: 57426K(57792K)->57426K(57792K) Class: 9789K(10048K)->9789K(10048K)
[19.218s][info ][gc             ] GC(40) Pause Young (Allocation Failure) 1564M->543M(2056M) 144.147ms
[19.218s][info ][gc,cpu         ] GC(40) User=0.65s Sys=0.01s Real=0.14s
[19.219s][debug][gc,phases      ] GC(41) Pre Compact 0.011ms
[19.219s][info ][gc,start       ] GC(41) Pause Full (Ergonomics)
[19.219s][info ][gc,phases,start] GC(41) Marking Phase
[19.416s][debug][gc,phases      ] GC(41) Par Mark 197.427ms
[19.416s][debug][gc,ref         ] GC(41) Skipped phase 1 of Reference Processing: no references
[19.416s][debug][gc,ref         ] GC(41) ReferenceProcessor::execute queues: 4, RefProcThreadModel::Multi, marks_oops_alive: false
[19.416s][debug][gc,ref         ] GC(41) Skipped phase 3 of Reference Processing: no references
[19.416s][debug][gc,ref         ] GC(41) ReferenceProcessor::execute queues: 1, RefProcThreadModel::Single, marks_oops_alive: false
[19.416s][debug][gc,phases      ] GC(41) Reference Processing 0.326ms
[19.417s][debug][gc,phases      ] GC(41)   VM Weak                        Min:  0.0, Avg:  0.0, Max:  0.0, Diff:  0.0, Sum:  0.0, Workers: 4
[19.417s][debug][gc,phases      ] GC(41)     Dead                           Min: 0, Avg:  0.0, Max: 0, Diff: 0, Sum: 0, Workers: 4
[19.417s][debug][gc,phases      ] GC(41)     Total                          Min: 0, Avg: 128.0, Max: 320, Diff: 320, Sum: 512, Workers: 4
[19.417s][debug][gc,phases      ] GC(41)   ObjectSynchronizer Weak        Min:  0.0, Avg:  0.0, Max:  0.0, Diff:  0.0, Sum:  0.0, Workers: 4
[19.417s][debug][gc,phases      ] GC(41)     Dead                           Min: 0, Avg:  0.0, Max: 0, Diff: 0, Sum: 0, Workers: 4
[19.417s][debug][gc,phases      ] GC(41)     Total                          Min: 0, Avg: 97.8, Max: 192, Diff: 192, Sum: 391, Workers: 4
[19.417s][debug][gc,phases      ] GC(41)   JVMTI Tag Weak OopStorage      Min:  0.0, Avg:  0.0, Max:  0.0, Diff:  0.0, Sum:  0.0, Workers: 4
[19.417s][debug][gc,phases      ] GC(41)     Dead                           Min: 0, Avg:  0.0, Max: 0, Diff: 0, Sum: 0, Workers: 4
[19.417s][debug][gc,phases      ] GC(41)     Total                          Min: 0, Avg:  0.0, Max: 0, Diff: 0, Sum: 0, Workers: 4
[19.417s][debug][gc,phases      ] GC(41)   StringTable Weak               Min:  0.1, Avg:  0.1, Max:  0.1, Diff:  0.0, Sum:  0.5, Workers: 4
[19.417s][debug][gc,phases      ] GC(41)     Dead                           Min: 0, Avg:  0.0, Max: 0, Diff: 0, Sum: 0, Workers: 4
[19.417s][debug][gc,phases      ] GC(41)     Total                          Min: 9081, Avg: 10573.5, Max: 11584, Diff: 2503, Sum: 42294, Workers: 4
[19.417s][debug][gc,phases      ] GC(41)   ResolvedMethodTable Weak       Min:  0.0, Avg:  0.0, Max:  0.0, Diff:  0.0, Sum:  0.1, Workers: 4
[19.417s][debug][gc,phases      ] GC(41)     Dead                           Min: 0, Avg:  0.0, Max: 0, Diff: 0, Sum: 0, Workers: 4
[19.417s][debug][gc,phases      ] GC(41)     Total                          Min: 1532, Avg: 1734.8, Max: 1856, Diff: 324, Sum: 6939, Workers: 4
[19.417s][debug][gc,phases      ] GC(41)   JNI Weak                       Min:  0.0, Avg:  0.0, Max:  0.0, Diff:  0.0, Sum:  0.0, Workers: 4
[19.417s][debug][gc,phases      ] GC(41)     Dead                           Min: 0, Avg:  0.0, Max: 0, Diff: 0, Sum: 0, Workers: 4
[19.417s][debug][gc,phases      ] GC(41)     Total                          Min: 0, Avg:  3.2, Max: 13, Diff: 13, Sum: 13, Workers: 4
[19.417s][debug][gc,phases      ] GC(41)   StringDedup Table Weak         Min:  0.0, Avg:  0.0, Max:  0.0, Diff:  0.0, Sum:  0.0, Workers: 4
[19.417s][debug][gc,phases      ] GC(41)     Dead                           Min: 0, Avg:  0.0, Max: 0, Diff: 0, Sum: 0, Workers: 4
[19.417s][debug][gc,phases      ] GC(41)     Total                          Min: 0, Avg:  0.0, Max: 0, Diff: 0, Sum: 0, Workers: 4
[19.417s][debug][gc,phases      ] GC(41)   StringDedup Requests0 Weak     Min:  0.0, Avg:  0.0, Max:  0.0, Diff:  0.0, Sum:  0.0, Workers: 4
[19.417s][debug][gc,phases      ] GC(41)     Dead                           Min: 0, Avg:  0.0, Max: 0, Diff: 0, Sum: 0, Workers: 4
[19.417s][debug][gc,phases      ] GC(41)     Total                          Min: 0, Avg:  0.0, Max: 0, Diff: 0, Sum: 0, Workers: 4
[19.417s][debug][gc,phases      ] GC(41)   StringDedup Requests1 Weak     Min:  0.0, Avg:  0.0, Max:  0.0, Diff:  0.0, Sum:  0.0, Workers: 4
[19.417s][debug][gc,phases      ] GC(41)     Dead                           Min: 0, Avg:  0.0, Max: 0, Diff: 0, Sum: 0, Workers: 4
[19.417s][debug][gc,phases      ] GC(41)     Total                          Min: 0, Avg:  0.0, Max: 0, Diff: 0, Sum: 0, Workers: 4
[19.417s][debug][gc,phases      ] GC(41)   Weak JFR Old Object Samples    Min:  0.0, Avg:  0.0, Max:  0.0, Diff:  0.0, Sum:  0.0, Workers: 4
[19.417s][debug][gc,phases      ] GC(41)     Dead                           Min: 0, Avg:  0.0, Max: 0, Diff: 0, Sum: 0, Workers: 4
[19.417s][debug][gc,phases      ] GC(41)     Total                          Min: 0, Avg:  0.0, Max: 0, Diff: 0, Sum: 0, Workers: 4
[19.417s][debug][gc,phases      ] GC(41) Weak Processing 0.350ms
[19.417s][debug][gc,phases      ] GC(41) ClassLoaderData 0.069ms
[19.417s][debug][gc,phases      ] GC(41) Trigger cleanups 0.000ms
[19.426s][debug][gc,phases      ] GC(41) Class Unloading 9.506ms
[19.426s][info ][gc,phases      ] GC(41) Marking Phase 207.769ms
[19.426s][info ][gc,phases,start] GC(41) Summary Phase
[19.426s][info ][gc,phases      ] GC(41) Summary Phase 0.012ms
[19.426s][info ][gc,phases,start] GC(41) Adjust Roots
[19.433s][info ][gc,phases      ] GC(41) Adjust Roots 7.048ms
[19.433s][info ][gc,phases,start] GC(41) Compaction Phase
[19.725s][info ][gc,phases      ] GC(41) Compaction Phase 291.325ms
[19.725s][info ][gc,phases,start] GC(41) Post Compact
[19.726s][info ][gc,phases      ] GC(41) Post Compact 1.625ms
[19.727s][info ][gc,heap        ] GC(41) PSYoungGen: 24560K(1572864K)->23002K(1572864K) Eden: 0K(1048576K)->0K(1048576K) From: 24560K(524288K)->23002K(524288K)
[19.727s][info ][gc,heap        ] GC(41) ParOldGen: 531981K(532480K)->532355K(705536K)
[19.727s][info ][gc,metaspace   ] GC(41) Metaspace: 67216K(67840K)->67216K(67840K) NonClass: 57426K(57792K)->57426K(57792K) Class: 9789K(10048K)->9789K(10048K)
[19.727s][info ][gc             ] GC(41) Pause Full (Ergonomics) 543M->542M(2225M) 508.168ms
[19.727s][info ][gc,cpu         ] GC(41) User=1.95s Sys=0.01s Real=0.51s
[19.728s][info ][safepoint      ] Safepoint "ParallelGCFailedAllocation", Time since last: 7428948 ns, Reaching safepoint: 2127942 ns, At safepoint: 654008955 ns, Total: 656136897 ns
[19.738s][info ][safepoint      ] Safepoint "ICBufferFull", Time since last: 8653872 ns, Reaching safepoint: 563611 ns, At safepoint: 26401 ns, Total: 590012 ns
[19.743s][info ][safepoint      ] Safepoint "ICBufferFull", Time since last: 5270404 ns, Reaching safepoint: 118602 ns, At safepoint: 30301 ns, Total: 148903 ns
[19.747s][info ][safepoint      ] Safepoint "ICBufferFull", Time since last: 3679573 ns, Reaching safepoint: 113402 ns, At safepoint: 35301 ns, Total: 148703 ns
[19.759s][info ][safepoint      ] Safepoint "ICBufferFull", Time since last: 12094639 ns, Reaching safepoint: 122303 ns, At safepoint: 34600 ns, Total: 156903 ns
[19.760s][info ][safepoint      ] Safepoint "ICBufferFull", Time since last: 905318 ns, Reaching safepoint: 166504 ns, At safepoint: 27900 ns, Total: 194404 ns
[19.795s][info ][safepoint      ] Safepoint "ICBufferFull", Time since last: 34553685 ns, Reaching safepoint: 138202 ns, At safepoint: 31501 ns, Total: 169703 ns
[19.827s][info ][safepoint      ] Safepoint "ICBufferFull", Time since last: 30158497 ns, Reaching safepoint: 2172444 ns, At safepoint: 29100 ns, Total: 2201544 ns
[19.828s][info ][safepoint      ] Safepoint "ICBufferFull", Time since last: 879418 ns, Reaching safepoint: 99001 ns, At safepoint: 26201 ns, Total: 125202 ns
[19.831s][info ][safepoint      ] Safepoint "ICBufferFull", Time since last: 2183643 ns, Reaching safepoint: 111502 ns, At safepoint: 29301 ns, Total: 140803 ns
[19.834s][info ][safepoint      ] Safepoint "ICBufferFull", Time since last: 2957659 ns, Reaching safepoint: 96402 ns, At safepoint: 35400 ns, Total: 131802 ns
[19.835s][info ][safepoint      ] Safepoint "ICBufferFull", Time since last: 1708234 ns, Reaching safepoint: 100702 ns, At safepoint: 26501 ns, Total: 127203 ns
[19.847s][info ][safepoint      ] Safepoint "ICBufferFull", Time since last: 11448726 ns, Reaching safepoint: 125903 ns, At safepoint: 29900 ns, Total: 155803 ns
[19.862s][info ][safepoint      ] Safepoint "ICBufferFull", Time since last: 15089499 ns, Reaching safepoint: 135503 ns, At safepoint: 28901 ns, Total: 164404 ns
[19.903s][info ][safepoint      ] Safepoint "ICBufferFull", Time since last: 40506302 ns, Reaching safepoint: 139003 ns, At safepoint: 30000 ns, Total: 169003 ns
[19.906s][info ][safepoint      ] Safepoint "ICBufferFull", Time since last: 3026760 ns, Reaching safepoint: 115703 ns, At safepoint: 29200 ns, Total: 144903 ns
[19.911s][info ][safepoint      ] Safepoint "ICBufferFull", Time since last: 4231084 ns, Reaching safepoint: 113602 ns, At safepoint: 29901 ns, Total: 143503 ns
[19.913s][info ][safepoint      ] Safepoint "ICBufferFull", Time since last: 2761355 ns, Reaching safepoint: 106202 ns, At safepoint: 27500 ns, Total: 133702 ns
[19.923s][info ][gc,start       ] GC(42) Pause Young (Allocation Failure)
[19.997s][debug][gc,phases      ] GC(42) Scavenge 74.248ms
[19.997s][debug][gc,ref         ] GC(42) Skipped phase 1 of Reference Processing: no references
[19.997s][debug][gc,ref         ] GC(42) ReferenceProcessor::execute queues: 1, RefProcThreadModel::Single, marks_oops_alive: false
[19.997s][debug][gc,ref         ] GC(42) Skipped phase 3 of Reference Processing: no references
[19.997s][debug][gc,ref         ] GC(42) Skipped phase 4 of Reference Processing: no references
[19.997s][debug][gc,phases      ] GC(42) Reference Processing 0.110ms
[19.998s][debug][gc,phases      ] GC(42)   VM Weak                        Min:  0.0, Avg:  0.0, Max:  0.0, Diff:  0.0, Sum:  0.0, Workers: 4
[19.998s][debug][gc,phases      ] GC(42)     Dead                           Min: 0, Avg:  0.0, Max: 0, Diff: 0, Sum: 0, Workers: 4
[19.998s][debug][gc,phases      ] GC(42)     Total                          Min: 0, Avg: 128.0, Max: 512, Diff: 512, Sum: 512, Workers: 4
[19.998s][debug][gc,phases      ] GC(42)   ObjectSynchronizer Weak        Min:  0.0, Avg:  0.0, Max:  0.0, Diff:  0.0, Sum:  0.0, Workers: 4
[19.998s][debug][gc,phases      ] GC(42)     Dead                           Min: 0, Avg:  0.0, Max: 0, Diff: 0, Sum: 0, Workers: 4
[19.998s][debug][gc,phases      ] GC(42)     Total                          Min: 0, Avg: 97.8, Max: 391, Diff: 391, Sum: 391, Workers: 4
[19.998s][debug][gc,phases      ] GC(42)   JVMTI Tag Weak OopStorage      Min:  0.0, Avg:  0.0, Max:  0.0, Diff:  0.0, Sum:  0.0, Workers: 4
[19.998s][debug][gc,phases      ] GC(42)     Dead                           Min: 0, Avg:  0.0, Max: 0, Diff: 0, Sum: 0, Workers: 4
[19.998s][debug][gc,phases      ] GC(42)     Total                          Min: 0, Avg:  0.0, Max: 0, Diff: 0, Sum: 0, Workers: 4
[19.998s][debug][gc,phases      ] GC(42)   StringTable Weak               Min:  0.1, Avg:  0.1, Max:  0.1, Diff:  0.0, Sum:  0.4, Workers: 4
[19.998s][debug][gc,phases      ] GC(42)     Dead                           Min: 0, Avg:  2.8, Max: 7, Diff: 7, Sum: 11, Workers: 4
[19.998s][debug][gc,phases      ] GC(42)     Total                          Min: 8768, Avg: 10573.5, Max: 12160, Diff: 3392, Sum: 42294, Workers: 4
[19.998s][debug][gc,phases      ] GC(42)   ResolvedMethodTable Weak       Min:  0.0, Avg:  0.0, Max:  0.0, Diff:  0.0, Sum:  0.1, Workers: 4
[19.998s][debug][gc,phases      ] GC(42)     Dead                           Min: 0, Avg:  0.0, Max: 0, Diff: 0, Sum: 0, Workers: 4
[19.998s][debug][gc,phases      ] GC(42)     Total                          Min: 1471, Avg: 1734.8, Max: 1887, Diff: 416, Sum: 6939, Workers: 4
[19.998s][debug][gc,phases      ] GC(42)   JNI Weak                       Min:  0.0, Avg:  0.0, Max:  0.0, Diff:  0.0, Sum:  0.0, Workers: 4
[19.998s][debug][gc,phases      ] GC(42)     Dead                           Min: 0, Avg:  0.0, Max: 0, Diff: 0, Sum: 0, Workers: 4
[19.998s][debug][gc,phases      ] GC(42)     Total                          Min: 0, Avg:  4.2, Max: 17, Diff: 17, Sum: 17, Workers: 4
[19.998s][debug][gc,phases      ] GC(42)   StringDedup Table Weak         Min:  0.0, Avg:  0.0, Max:  0.0, Diff:  0.0, Sum:  0.0, Workers: 4
[19.998s][debug][gc,phases      ] GC(42)     Dead                           Min: 0, Avg:  0.0, Max: 0, Diff: 0, Sum: 0, Workers: 4
[19.998s][debug][gc,phases      ] GC(42)     Total                          Min: 0, Avg:  0.0, Max: 0, Diff: 0, Sum: 0, Workers: 4
[19.998s][debug][gc,phases      ] GC(42)   StringDedup Requests0 Weak     Min:  0.0, Avg:  0.0, Max:  0.0, Diff:  0.0, Sum:  0.0, Workers: 4
[19.998s][debug][gc,phases      ] GC(42)     Dead                           Min: 0, Avg:  0.0, Max: 0, Diff: 0, Sum: 0, Workers: 4
[19.998s][debug][gc,phases      ] GC(42)     Total                          Min: 0, Avg:  0.0, Max: 0, Diff: 0, Sum: 0, Workers: 4
[19.998s][debug][gc,phases      ] GC(42)   StringDedup Requests1 Weak     Min:  0.0, Avg:  0.0, Max:  0.0, Diff:  0.0, Sum:  0.0, Workers: 4
[19.998s][debug][gc,phases      ] GC(42)     Dead                           Min: 0, Avg:  0.0, Max: 0, Diff: 0, Sum: 0, Workers: 4
[19.998s][debug][gc,phases      ] GC(42)     Total                          Min: 0, Avg:  0.0, Max: 0, Diff: 0, Sum: 0, Workers: 4
[19.998s][debug][gc,phases      ] GC(42)   Weak JFR Old Object Samples    Min:  0.0, Avg:  0.0, Max:  0.0, Diff:  0.0, Sum:  0.0, Workers: 4
[19.998s][debug][gc,phases      ] GC(42)     Dead                           Min: 0, Avg:  0.0, Max: 0, Diff: 0, Sum: 0, Workers: 4
[19.998s][debug][gc,phases      ] GC(42)     Total                          Min: 0, Avg:  0.0, Max: 0, Diff: 0, Sum: 0, Workers: 4
[19.998s][debug][gc,phases      ] GC(42) Weak Processing 0.324ms
[19.998s][debug][gc,age         ] GC(42) Desired survivor size 536870912 bytes, new threshold 8 (max threshold 15)
[19.998s][info ][gc,heap        ] GC(42) PSYoungGen: 1071578K(1572864K)->22512K(1572864K) Eden: 1048576K(1048576K)->0K(1048576K) From: 23002K(524288K)->22512K(524288K)
[19.998s][info ][gc,heap        ] GC(42) ParOldGen: 532355K(705536K)->533671K(705536K)
[19.998s][info ][gc,metaspace   ] GC(42) Metaspace: 67244K(67904K)->67244K(67904K) NonClass: 57454K(57856K)->57454K(57856K) Class: 9789K(10048K)->9789K(10048K)
[19.998s][info ][gc             ] GC(42) Pause Young (Allocation Failure) 1566M->543M(2225M) 74.820ms
[19.998s][info ][gc,cpu         ] GC(42) User=0.28s Sys=0.00s Real=0.07s
[19.998s][info ][safepoint      ] Safepoint "ParallelGCFailedAllocation", Time since last: 7321545 ns, Reaching safepoint: 2180343 ns, At safepoint: 74953685 ns, Total: 77134028 ns
[20.024s][info ][safepoint      ] Safepoint "ICBufferFull", Time since last: 25012596 ns, Reaching safepoint: 1287425 ns, At safepoint: 38601 ns, Total: 1326026 ns
[20.026s][info ][safepoint      ] Safepoint "ICBufferFull", Time since last: 1679933 ns, Reaching safepoint: 266406 ns, At safepoint: 24300 ns, Total: 290706 ns
[20.037s][info ][safepoint      ] Safepoint "ICBufferFull", Time since last: 10750313 ns, Reaching safepoint: 122302 ns, At safepoint: 29001 ns, Total: 151303 ns
[20.061s][info ][safepoint      ] Safepoint "ICBufferFull", Time since last: 23298361 ns, Reaching safepoint: 146203 ns, At safepoint: 26101 ns, Total: 172304 ns
[20.061s][info ][safepoint      ] Safepoint "ICBufferFull", Time since last: 634812 ns, Reaching safepoint: 102602 ns, At safepoint: 24701 ns, Total: 127303 ns
[20.063s][info ][safepoint      ] Safepoint "ICBufferFull", Time since last: 1726234 ns, Reaching safepoint: 108002 ns, At safepoint: 25501 ns, Total: 133503 ns
[20.065s][info ][safepoint      ] Safepoint "ICBufferFull", Time since last: 1207524 ns, Reaching safepoint: 94602 ns, At safepoint: 26100 ns, Total: 120702 ns
[20.067s][info ][safepoint      ] Safepoint "ICBufferFull", Time since last: 2675853 ns, Reaching safepoint: 104602 ns, At safepoint: 23301 ns, Total: 127903 ns
[20.068s][info ][safepoint      ] Safepoint "ICBufferFull", Time since last: 705414 ns, Reaching safepoint: 99502 ns, At safepoint: 24600 ns, Total: 124102 ns
[20.293s][info ][gc,start       ] GC(43) Pause Young (Allocation Failure)
[20.302s][debug][gc,phases      ] GC(43) Scavenge 8.685ms
[20.302s][debug][gc,ref         ] GC(43) Skipped phase 1 of Reference Processing: no references
[20.302s][debug][gc,ref         ] GC(43) ReferenceProcessor::execute queues: 1, RefProcThreadModel::Single, marks_oops_alive: false
[20.302s][debug][gc,ref         ] GC(43) Skipped phase 3 of Reference Processing: no references
[20.302s][debug][gc,ref         ] GC(43) Skipped phase 4 of Reference Processing: no references
[20.302s][debug][gc,phases      ] GC(43) Reference Processing 0.144ms
[20.302s][debug][gc,phases      ] GC(43)   VM Weak                        Min:  0.0, Avg:  0.0, Max:  0.0, Diff:  0.0, Sum:  0.0, Workers: 4
[20.302s][debug][gc,phases      ] GC(43)     Dead                           Min: 0, Avg:  0.0, Max: 0, Diff: 0, Sum: 0, Workers: 4
[20.302s][debug][gc,phases      ] GC(43)     Total                          Min: 0, Avg: 128.0, Max: 320, Diff: 320, Sum: 512, Workers: 4
[20.302s][debug][gc,phases      ] GC(43)   ObjectSynchronizer Weak        Min:  0.0, Avg:  0.0, Max:  0.0, Diff:  0.0, Sum:  0.0, Workers: 4
[20.302s][debug][gc,phases      ] GC(43)     Dead                           Min: 0, Avg:  0.0, Max: 0, Diff: 0, Sum: 0, Workers: 4
[20.302s][debug][gc,phases      ] GC(43)     Total                          Min: 0, Avg: 97.8, Max: 135, Diff: 135, Sum: 391, Workers: 4
[20.302s][debug][gc,phases      ] GC(43)   JVMTI Tag Weak OopStorage      Min:  0.0, Avg:  0.0, Max:  0.0, Diff:  0.0, Sum:  0.0, Workers: 4
[20.302s][debug][gc,phases      ] GC(43)     Dead                           Min: 0, Avg:  0.0, Max: 0, Diff: 0, Sum: 0, Workers: 4
[20.302s][debug][gc,phases      ] GC(43)     Total                          Min: 0, Avg:  0.0, Max: 0, Diff: 0, Sum: 0, Workers: 4
[20.302s][debug][gc,phases      ] GC(43)   StringTable Weak               Min:  0.1, Avg:  0.1, Max:  0.1, Diff:  0.0, Sum:  0.4, Workers: 4
[20.302s][debug][gc,phases      ] GC(43)     Dead                           Min: 0, Avg:  2.8, Max: 7, Diff: 7, Sum: 11, Workers: 4
[20.302s][debug][gc,phases      ] GC(43)     Total                          Min: 9344, Avg: 10573.5, Max: 11776, Diff: 2432, Sum: 42294, Workers: 4
[20.302s][debug][gc,phases      ] GC(43)   ResolvedMethodTable Weak       Min:  0.0, Avg:  0.0, Max:  0.0, Diff:  0.0, Sum:  0.1, Workers: 4
[20.302s][debug][gc,phases      ] GC(43)     Dead                           Min: 0, Avg:  0.0, Max: 0, Diff: 0, Sum: 0, Workers: 4
[20.302s][debug][gc,phases      ] GC(43)     Total                          Min: 1663, Avg: 1734.8, Max: 1887, Diff: 224, Sum: 6939, Workers: 4
[20.302s][debug][gc,phases      ] GC(43)   JNI Weak                       Min:  0.0, Avg:  0.0, Max:  0.0, Diff:  0.0, Sum:  0.0, Workers: 4
[20.302s][debug][gc,phases      ] GC(43)     Dead                           Min: 0, Avg:  0.0, Max: 0, Diff: 0, Sum: 0, Workers: 4
[20.302s][debug][gc,phases      ] GC(43)     Total                          Min: 0, Avg:  3.8, Max: 15, Diff: 15, Sum: 15, Workers: 4
[20.302s][debug][gc,phases      ] GC(43)   StringDedup Table Weak         Min:  0.0, Avg:  0.0, Max:  0.0, Diff:  0.0, Sum:  0.0, Workers: 4
[20.302s][debug][gc,phases      ] GC(43)     Dead                           Min: 0, Avg:  0.0, Max: 0, Diff: 0, Sum: 0, Workers: 4
[20.302s][debug][gc,phases      ] GC(43)     Total                          Min: 0, Avg:  0.0, Max: 0, Diff: 0, Sum: 0, Workers: 4
[20.302s][debug][gc,phases      ] GC(43)   StringDedup Requests0 Weak     Min:  0.0, Avg:  0.0, Max:  0.0, Diff:  0.0, Sum:  0.0, Workers: 4
[20.302s][debug][gc,phases      ] GC(43)     Dead                           Min: 0, Avg:  0.0, Max: 0, Diff: 0, Sum: 0, Workers: 4
[20.302s][debug][gc,phases      ] GC(43)     Total                          Min: 0, Avg:  0.0, Max: 0, Diff: 0, Sum: 0, Workers: 4
[20.302s][debug][gc,phases      ] GC(43)   StringDedup Requests1 Weak     Min:  0.0, Avg:  0.0, Max:  0.0, Diff:  0.0, Sum:  0.0, Workers: 4
[20.302s][debug][gc,phases      ] GC(43)     Dead                           Min: 0, Avg:  0.0, Max: 0, Diff: 0, Sum: 0, Workers: 4
[20.302s][debug][gc,phases      ] GC(43)     Total                          Min: 0, Avg:  0.0, Max: 0, Diff: 0, Sum: 0, Workers: 4
[20.302s][debug][gc,phases      ] GC(43)   Weak JFR Old Object Samples    Min:  0.0, Avg:  0.0, Max:  0.0, Diff:  0.0, Sum:  0.0, Workers: 4
[20.302s][debug][gc,phases      ] GC(43)     Dead                           Min: 0, Avg:  0.0, Max: 0, Diff: 0, Sum: 0, Workers: 4
[20.302s][debug][gc,phases      ] GC(43)     Total                          Min: 0, Avg:  0.0, Max: 0, Diff: 0, Sum: 0, Workers: 4
[20.302s][debug][gc,phases      ] GC(43) Weak Processing 0.347ms
[20.302s][debug][gc,age         ] GC(43) Desired survivor size 536870912 bytes, new threshold 7 (max threshold 15)
[20.302s][info ][gc,heap        ] GC(43) PSYoungGen: 1071088K(1572864K)->20256K(1572864K) Eden: 1048576K(1048576K)->0K(1048576K) From: 22512K(524288K)->20256K(524288K)
[20.302s][info ][gc,heap        ] GC(43) ParOldGen: 533671K(705536K)->539735K(705536K)
[20.302s][info ][gc,metaspace   ] GC(43) Metaspace: 67257K(67904K)->67257K(67904K) NonClass: 57467K(57856K)->57467K(57856K) Class: 9789K(10048K)->9789K(10048K)
[20.302s][info ][gc             ] GC(43) Pause Young (Allocation Failure) 1567M->546M(2225M) 9.311ms
[20.302s][info ][gc,cpu         ] GC(43) User=0.05s Sys=0.00s Real=0.01s
[20.302s][info ][safepoint      ] Safepoint "ParallelGCFailedAllocation", Time since last: 224510647 ns, Reaching safepoint: 143503 ns, At safepoint: 9430887 ns, Total: 9574390 ns
[20.404s][info ][safepoint      ] Safepoint "ICBufferFull", Time since last: 101922019 ns, Reaching safepoint: 132903 ns, At safepoint: 27000 ns, Total: 159903 ns
[20.407s][info ][safepoint      ] Safepoint "ICBufferFull", Time since last: 2893958 ns, Reaching safepoint: 107302 ns, At safepoint: 25700 ns, Total: 133002 ns
[20.417s][info ][safepoint      ] Safepoint "ICBufferFull", Time since last: 9028679 ns, Reaching safepoint: 114802 ns, At safepoint: 28901 ns, Total: 143703 ns
[20.418s][info ][safepoint      ] Safepoint "ICBufferFull", Time since last: 1368327 ns, Reaching safepoint: 185504 ns, At safepoint: 42501 ns, Total: 228005 ns
[20.423s][info ][safepoint      ] Safepoint "ICBufferFull", Time since last: 2812355 ns, Reaching safepoint: 2132743 ns, At safepoint: 33500 ns, Total: 2166243 ns
[20.428s][info ][safepoint      ] Safepoint "ICBufferFull", Time since last: 5160202 ns, Reaching safepoint: 124803 ns, At safepoint: 27100 ns, Total: 151903 ns
[20.429s][info ][safepoint      ] Safepoint "ICBufferFull", Time since last: 766516 ns, Reaching safepoint: 92701 ns, At safepoint: 28201 ns, Total: 120902 ns
[20.464s][info ][safepoint      ] Safepoint "ICBufferFull", Time since last: 34661587 ns, Reaching safepoint: 155503 ns, At safepoint: 32100 ns, Total: 187603 ns
[20.474s][info ][safepoint      ] Safepoint "ICBufferFull", Time since last: 8095561 ns, Reaching safepoint: 2180543 ns, At safepoint: 27400 ns, Total: 2207943 ns
[20.479s][info ][safepoint      ] Safepoint "ICBufferFull", Time since last: 3899178 ns, Reaching safepoint: 386807 ns, At safepoint: 30001 ns, Total: 416808 ns
[20.481s][info ][safepoint      ] Safepoint "ICBufferFull", Time since last: 2170343 ns, Reaching safepoint: 261505 ns, At safepoint: 33401 ns, Total: 294906 ns
[20.484s][info ][safepoint      ] Safepoint "ICBufferFull", Time since last: 3024360 ns, Reaching safepoint: 59401 ns, At safepoint: 30500 ns, Total: 89901 ns
[20.485s][info ][safepoint      ] Safepoint "ICBufferFull", Time since last: 759215 ns, Reaching safepoint: 95502 ns, At safepoint: 26201 ns, Total: 121703 ns
[20.497s][info ][safepoint      ] Safepoint "ICBufferFull", Time since last: 12105840 ns, Reaching safepoint: 109402 ns, At safepoint: 27100 ns, Total: 136502 ns
[20.504s][info ][gc,start       ] GC(44) Pause Young (Allocation Failure)
[20.511s][debug][gc,phases      ] GC(44) Scavenge 7.578ms
[20.511s][debug][gc,ref         ] GC(44) Skipped phase 1 of Reference Processing: no references
[20.512s][debug][gc,ref         ] GC(44) ReferenceProcessor::execute queues: 1, RefProcThreadModel::Single, marks_oops_alive: false
[20.512s][debug][gc,ref         ] GC(44) Skipped phase 3 of Reference Processing: no references
[20.512s][debug][gc,ref         ] GC(44) Skipped phase 4 of Reference Processing: no references
[20.512s][debug][gc,phases      ] GC(44) Reference Processing 0.119ms
[20.512s][debug][gc,phases      ] GC(44)   VM Weak                        Min:  0.0, Avg:  0.0, Max:  0.0, Diff:  0.0, Sum:  0.0, Workers: 4
[20.512s][debug][gc,phases      ] GC(44)     Dead                           Min: 0, Avg:  0.0, Max: 0, Diff: 0, Sum: 0, Workers: 4
[20.512s][debug][gc,phases      ] GC(44)     Total                          Min: 0, Avg: 128.0, Max: 320, Diff: 320, Sum: 512, Workers: 4
[20.512s][debug][gc,phases      ] GC(44)   ObjectSynchronizer Weak        Min:  0.0, Avg:  0.0, Max:  0.0, Diff:  0.0, Sum:  0.0, Workers: 4
[20.512s][debug][gc,phases      ] GC(44)     Dead                           Min: 0, Avg:  0.0, Max: 0, Diff: 0, Sum: 0, Workers: 4
[20.512s][debug][gc,phases      ] GC(44)     Total                          Min: 0, Avg: 97.8, Max: 192, Diff: 192, Sum: 391, Workers: 4
[20.512s][debug][gc,phases      ] GC(44)   JVMTI Tag Weak OopStorage      Min:  0.0, Avg:  0.0, Max:  0.0, Diff:  0.0, Sum:  0.0, Workers: 4
[20.512s][debug][gc,phases      ] GC(44)     Dead                           Min: 0, Avg:  0.0, Max: 0, Diff: 0, Sum: 0, Workers: 4
[20.512s][debug][gc,phases      ] GC(44)     Total                          Min: 0, Avg:  0.0, Max: 0, Diff: 0, Sum: 0, Workers: 4
[20.512s][debug][gc,phases      ] GC(44)   StringTable Weak               Min:  0.1, Avg:  0.1, Max:  0.1, Diff:  0.0, Sum:  0.4, Workers: 4
[20.512s][debug][gc,phases      ] GC(44)     Dead                           Min: 0, Avg:  0.0, Max: 0, Diff: 0, Sum: 0, Workers: 4
[20.512s][debug][gc,phases      ] GC(44)     Total                          Min: 10111, Avg: 10575.0, Max: 11264, Diff: 1153, Sum: 42300, Workers: 4
[20.512s][debug][gc,phases      ] GC(44)   ResolvedMethodTable Weak       Min:  0.0, Avg:  0.0, Max:  0.0, Diff:  0.0, Sum:  0.1, Workers: 4
[20.512s][debug][gc,phases      ] GC(44)     Dead                           Min: 0, Avg:  0.0, Max: 0, Diff: 0, Sum: 0, Workers: 4
[20.512s][debug][gc,phases      ] GC(44)     Total                          Min: 1664, Avg: 1734.8, Max: 1792, Diff: 128, Sum: 6939, Workers: 4
[20.512s][debug][gc,phases      ] GC(44)   JNI Weak                       Min:  0.0, Avg:  0.0, Max:  0.0, Diff:  0.0, Sum:  0.0, Workers: 4
[20.512s][debug][gc,phases      ] GC(44)     Dead                           Min: 0, Avg:  0.0, Max: 0, Diff: 0, Sum: 0, Workers: 4
[20.512s][debug][gc,phases      ] GC(44)     Total                          Min: 0, Avg:  1.5, Max: 6, Diff: 6, Sum: 6, Workers: 4
[20.512s][debug][gc,phases      ] GC(44)   StringDedup Table Weak         Min:  0.0, Avg:  0.0, Max:  0.0, Diff:  0.0, Sum:  0.0, Workers: 4
[20.512s][debug][gc,phases      ] GC(44)     Dead                           Min: 0, Avg:  0.0, Max: 0, Diff: 0, Sum: 0, Workers: 4
[20.512s][debug][gc,phases      ] GC(44)     Total                          Min: 0, Avg:  0.0, Max: 0, Diff: 0, Sum: 0, Workers: 4
[20.512s][debug][gc,phases      ] GC(44)   StringDedup Requests0 Weak     Min:  0.0, Avg:  0.0, Max:  0.0, Diff:  0.0, Sum:  0.0, Workers: 4
[20.512s][debug][gc,phases      ] GC(44)     Dead                           Min: 0, Avg:  0.0, Max: 0, Diff: 0, Sum: 0, Workers: 4
[20.512s][debug][gc,phases      ] GC(44)     Total                          Min: 0, Avg:  0.0, Max: 0, Diff: 0, Sum: 0, Workers: 4
[20.512s][debug][gc,phases      ] GC(44)   StringDedup Requests1 Weak     Min:  0.0, Avg:  0.0, Max:  0.0, Diff:  0.0, Sum:  0.0, Workers: 4
[20.512s][debug][gc,phases      ] GC(44)     Dead                           Min: 0, Avg:  0.0, Max: 0, Diff: 0, Sum: 0, Workers: 4
[20.512s][debug][gc,phases      ] GC(44)     Total                          Min: 0, Avg:  0.0, Max: 0, Diff: 0, Sum: 0, Workers: 4
[20.512s][debug][gc,phases      ] GC(44)   Weak JFR Old Object Samples    Min:  0.0, Avg:  0.0, Max:  0.0, Diff:  0.0, Sum:  0.0, Workers: 4
[20.512s][debug][gc,phases      ] GC(44)     Dead                           Min: 0, Avg:  0.0, Max: 0, Diff: 0, Sum: 0, Workers: 4
[20.512s][debug][gc,phases      ] GC(44)     Total                          Min: 0, Avg:  0.0, Max: 0, Diff: 0, Sum: 0, Workers: 4
[20.512s][debug][gc,phases      ] GC(44) Weak Processing 0.307ms
[20.512s][debug][gc,age         ] GC(44) Desired survivor size 535822336 bytes, new threshold 8 (max threshold 15)
[20.512s][info ][gc,heap        ] GC(44) PSYoungGen: 1068832K(1572864K)->15552K(1573888K) Eden: 1048576K(1048576K)->0K(1049600K) From: 20256K(524288K)->15552K(524288K)
[20.512s][info ][gc,heap        ] GC(44) ParOldGen: 539735K(705536K)->546399K(705536K)
[20.512s][info ][gc,metaspace   ] GC(44) Metaspace: 67285K(67904K)->67285K(67904K) NonClass: 57495K(57856K)->57495K(57856K) Class: 9789K(10048K)->9789K(10048K)
[20.512s][info ][gc             ] GC(44) Pause Young (Allocation Failure) 1570M->548M(2226M) 8.137ms
[20.512s][info ][gc,cpu         ] GC(44) User=0.03s Sys=0.00s Real=0.01s
[20.512s][info ][safepoint      ] Safepoint "ParallelGCFailedAllocation", Time since last: 6192023 ns, Reaching safepoint: 106902 ns, At safepoint: 8249964 ns, Total: 8356866 ns
[20.526s][info ][safepoint      ] Safepoint "ICBufferFull", Time since last: 13849274 ns, Reaching safepoint: 128702 ns, At safepoint: 24901 ns, Total: 153603 ns
[20.531s][info ][safepoint      ] Safepoint "ICBufferFull", Time since last: 4613391 ns, Reaching safepoint: 109603 ns, At safepoint: 23700 ns, Total: 133303 ns
[20.552s][info ][safepoint      ] Safepoint "ICBufferFull", Time since last: 21494726 ns, Reaching safepoint: 136503 ns, At safepoint: 28000 ns, Total: 164503 ns
[20.554s][info ][safepoint      ] Safepoint "ICBufferFull", Time since last: 1517730 ns, Reaching safepoint: 246305 ns, At safepoint: 27701 ns, Total: 274006 ns
[20.555s][info ][safepoint      ] Safepoint "ICBufferFull", Time since last: 716814 ns, Reaching safepoint: 109202 ns, At safepoint: 27100 ns, Total: 136302 ns
[20.574s][info ][safepoint      ] Safepoint "ICBufferFull", Time since last: 17198241 ns, Reaching safepoint: 2125642 ns, At safepoint: 32401 ns, Total: 2158043 ns
[20.575s][info ][safepoint      ] Safepoint "ICBufferFull", Time since last: 780815 ns, Reaching safepoint: 121803 ns, At safepoint: 29600 ns, Total: 151403 ns
[20.577s][info ][safepoint      ] Safepoint "ICBufferFull", Time since last: 1642633 ns, Reaching safepoint: 96302 ns, At safepoint: 23300 ns, Total: 119602 ns
[20.586s][info ][safepoint      ] Safepoint "ICBufferFull", Time since last: 9095480 ns, Reaching safepoint: 129903 ns, At safepoint: 29901 ns, Total: 159804 ns
[20.612s][info ][safepoint      ] Safepoint "ICBufferFull", Time since last: 25012095 ns, Reaching safepoint: 139203 ns, At safepoint: 32900 ns, Total: 172103 ns
[20.709s][info ][safepoint      ] Safepoint "ICBufferFull", Time since last: 96838619 ns, Reaching safepoint: 152803 ns, At safepoint: 28100 ns, Total: 180903 ns
[20.723s][info ][safepoint      ] Safepoint "ICBufferFull", Time since last: 13735872 ns, Reaching safepoint: 225705 ns, At safepoint: 32001 ns, Total: 257706 ns
[20.758s][info ][gc,start       ] GC(45) Pause Young (Allocation Failure)
[20.764s][debug][gc,phases      ] GC(45) Scavenge 5.633ms
[20.764s][debug][gc,ref         ] GC(45) Skipped phase 1 of Reference Processing: no references
[20.764s][debug][gc,ref         ] GC(45) ReferenceProcessor::execute queues: 1, RefProcThreadModel::Single, marks_oops_alive: false
[20.764s][debug][gc,ref         ] GC(45) Skipped phase 3 of Reference Processing: no references
[20.764s][debug][gc,ref         ] GC(45) Skipped phase 4 of Reference Processing: no references
[20.764s][debug][gc,phases      ] GC(45) Reference Processing 0.128ms
[20.764s][debug][gc,phases      ] GC(45)   VM Weak                        Min:  0.0, Avg:  0.0, Max:  0.0, Diff:  0.0, Sum:  0.0, Workers: 4
[20.764s][debug][gc,phases      ] GC(45)     Dead                           Min: 0, Avg:  0.0, Max: 0, Diff: 0, Sum: 0, Workers: 4
[20.764s][debug][gc,phases      ] GC(45)     Total                          Min: 0, Avg: 128.0, Max: 384, Diff: 384, Sum: 512, Workers: 4
[20.764s][debug][gc,phases      ] GC(45)   ObjectSynchronizer Weak        Min:  0.0, Avg:  0.0, Max:  0.0, Diff:  0.0, Sum:  0.0, Workers: 4
[20.764s][debug][gc,phases      ] GC(45)     Dead                           Min: 0, Avg:  0.0, Max: 0, Diff: 0, Sum: 0, Workers: 4
[20.764s][debug][gc,phases      ] GC(45)     Total                          Min: 0, Avg: 97.8, Max: 199, Diff: 199, Sum: 391, Workers: 4
[20.764s][debug][gc,phases      ] GC(45)   JVMTI Tag Weak OopStorage      Min:  0.0, Avg:  0.0, Max:  0.0, Diff:  0.0, Sum:  0.0, Workers: 4
[20.764s][debug][gc,phases      ] GC(45)     Dead                           Min: 0, Avg:  0.0, Max: 0, Diff: 0, Sum: 0, Workers: 4
[20.764s][debug][gc,phases      ] GC(45)     Total                          Min: 0, Avg:  0.0, Max: 0, Diff: 0, Sum: 0, Workers: 4
[20.764s][debug][gc,phases      ] GC(45)   StringTable Weak               Min:  0.1, Avg:  0.1, Max:  0.1, Diff:  0.0, Sum:  0.4, Workers: 4
[20.764s][debug][gc,phases      ] GC(45)     Dead                           Min: 0, Avg:  2.8, Max: 11, Diff: 11, Sum: 11, Workers: 4
[20.764s][debug][gc,phases      ] GC(45)     Total                          Min: 9077, Avg: 10576.0, Max: 11456, Diff: 2379, Sum: 42304, Workers: 4
[20.764s][debug][gc,phases      ] GC(45)   ResolvedMethodTable Weak       Min:  0.0, Avg:  0.0, Max:  0.0, Diff:  0.0, Sum:  0.1, Workers: 4
[20.764s][debug][gc,phases      ] GC(45)     Dead                           Min: 0, Avg:  0.0, Max: 0, Diff: 0, Sum: 0, Workers: 4
[20.764s][debug][gc,phases      ] GC(45)     Total                          Min: 1663, Avg: 1734.8, Max: 1820, Diff: 157, Sum: 6939, Workers: 4
[20.764s][debug][gc,phases      ] GC(45)   JNI Weak                       Min:  0.0, Avg:  0.0, Max:  0.0, Diff:  0.0, Sum:  0.0, Workers: 4
[20.764s][debug][gc,phases      ] GC(45)     Dead                           Min: 0, Avg:  0.0, Max: 0, Diff: 0, Sum: 0, Workers: 4
[20.764s][debug][gc,phases      ] GC(45)     Total                          Min: 0, Avg:  2.0, Max: 8, Diff: 8, Sum: 8, Workers: 4
[20.764s][debug][gc,phases      ] GC(45)   StringDedup Table Weak         Min:  0.0, Avg:  0.0, Max:  0.0, Diff:  0.0, Sum:  0.0, Workers: 4
[20.764s][debug][gc,phases      ] GC(45)     Dead                           Min: 0, Avg:  0.0, Max: 0, Diff: 0, Sum: 0, Workers: 4
[20.764s][debug][gc,phases      ] GC(45)     Total                          Min: 0, Avg:  0.0, Max: 0, Diff: 0, Sum: 0, Workers: 4
[20.764s][debug][gc,phases      ] GC(45)   StringDedup Requests0 Weak     Min:  0.0, Avg:  0.0, Max:  0.0, Diff:  0.0, Sum:  0.0, Workers: 4
[20.764s][debug][gc,phases      ] GC(45)     Dead                           Min: 0, Avg:  0.0, Max: 0, Diff: 0, Sum: 0, Workers: 4
[20.764s][debug][gc,phases      ] GC(45)     Total                          Min: 0, Avg:  0.0, Max: 0, Diff: 0, Sum: 0, Workers: 4
[20.764s][debug][gc,phases      ] GC(45)   StringDedup Requests1 Weak     Min:  0.0, Avg:  0.0, Max:  0.0, Diff:  0.0, Sum:  0.0, Workers: 4
[20.764s][debug][gc,phases      ] GC(45)     Dead                           Min: 0, Avg:  0.0, Max: 0, Diff: 0, Sum: 0, Workers: 4
[20.764s][debug][gc,phases      ] GC(45)     Total                          Min: 0, Avg:  0.0, Max: 0, Diff: 0, Sum: 0, Workers: 4
[20.764s][debug][gc,phases      ] GC(45)   Weak JFR Old Object Samples    Min:  0.0, Avg:  0.0, Max:  0.0, Diff:  0.0, Sum:  0.0, Workers: 4
[20.764s][debug][gc,phases      ] GC(45)     Dead                           Min: 0, Avg:  0.0, Max: 0, Diff: 0, Sum: 0, Workers: 4
[20.764s][debug][gc,phases      ] GC(45)     Total                          Min: 0, Avg:  0.0, Max: 0, Diff: 0, Sum: 0, Workers: 4
[20.764s][debug][gc,phases      ] GC(45) Weak Processing 0.297ms
[20.764s][debug][gc,age         ] GC(45) Desired survivor size 524812288 bytes, new threshold 9 (max threshold 15)
[20.764s][info ][gc,heap        ] GC(45) PSYoungGen: 1065152K(1573888K)->15760K(1572864K) Eden: 1049600K(1049600K)->0K(1049600K) From: 15552K(524288K)->15760K(523264K)
[20.764s][info ][gc,heap        ] GC(45) ParOldGen: 546399K(705536K)->546407K(705536K)
[20.764s][info ][gc,metaspace   ] GC(45) Metaspace: 67313K(67968K)->67313K(67968K) NonClass: 57523K(57920K)->57523K(57920K) Class: 9789K(10048K)->9789K(10048K)
[20.764s][info ][gc             ] GC(45) Pause Young (Allocation Failure) 1573M->548M(2225M) 6.197ms
[20.764s][info ][gc,cpu         ] GC(45) User=0.03s Sys=0.00s Real=0.01s
[20.765s][info ][safepoint      ] Safepoint "ParallelGCFailedAllocation", Time since last: 35469602 ns, Reaching safepoint: 175904 ns, At safepoint: 6307925 ns, Total: 6483829 ns
[20.810s][info ][safepoint      ] Safepoint "ICBufferFull", Time since last: 45210995 ns, Reaching safepoint: 137603 ns, At safepoint: 29301 ns, Total: 166904 ns
[20.849s][info ][safepoint      ] Safepoint "ICBufferFull", Time since last: 39138275 ns, Reaching safepoint: 134202 ns, At safepoint: 27001 ns, Total: 161203 ns
[20.900s][info ][safepoint      ] Safepoint "ICBufferFull", Time since last: 50958609 ns, Reaching safepoint: 125403 ns, At safepoint: 33301 ns, Total: 158704 ns
[20.912s][info ][safepoint      ] Safepoint "ICBufferFull", Time since last: 11215522 ns, Reaching safepoint: 133502 ns, At safepoint: 28101 ns, Total: 161603 ns
[20.950s][info ][safepoint      ] Safepoint "ICBufferFull", Time since last: 35392401 ns, Reaching safepoint: 3190563 ns, At safepoint: 28301 ns, Total: 3218864 ns
[21.031s][info ][gc,start       ] GC(46) Pause Young (Allocation Failure)
[21.038s][debug][gc,phases      ] GC(46) Scavenge 6.811ms
[21.038s][debug][gc,ref         ] GC(46) Skipped phase 1 of Reference Processing: no references
[21.038s][debug][gc,ref         ] GC(46) ReferenceProcessor::execute queues: 1, RefProcThreadModel::Single, marks_oops_alive: false
[21.038s][debug][gc,ref         ] GC(46) Skipped phase 3 of Reference Processing: no references
[21.038s][debug][gc,ref         ] GC(46) ReferenceProcessor::execute queues: 1, RefProcThreadModel::Single, marks_oops_alive: false
[21.038s][debug][gc,phases      ] GC(46) Reference Processing 0.168ms
[21.038s][debug][gc,phases      ] GC(46)   VM Weak                        Min:  0.0, Avg:  0.0, Max:  0.0, Diff:  0.0, Sum:  0.0, Workers: 4
[21.038s][debug][gc,phases      ] GC(46)     Dead                           Min: 0, Avg:  0.0, Max: 0, Diff: 0, Sum: 0, Workers: 4
[21.038s][debug][gc,phases      ] GC(46)     Total                          Min: 0, Avg: 128.0, Max: 320, Diff: 320, Sum: 512, Workers: 4
[21.038s][debug][gc,phases      ] GC(46)   ObjectSynchronizer Weak        Min:  0.0, Avg:  0.0, Max:  0.0, Diff:  0.0, Sum:  0.0, Workers: 4
[21.038s][debug][gc,phases      ] GC(46)     Dead                           Min: 0, Avg:  0.0, Max: 0, Diff: 0, Sum: 0, Workers: 4
[21.038s][debug][gc,phases      ] GC(46)     Total                          Min: 0, Avg: 97.8, Max: 199, Diff: 199, Sum: 391, Workers: 4
[21.038s][debug][gc,phases      ] GC(46)   JVMTI Tag Weak OopStorage      Min:  0.0, Avg:  0.0, Max:  0.0, Diff:  0.0, Sum:  0.0, Workers: 4
[21.038s][debug][gc,phases      ] GC(46)     Dead                           Min: 0, Avg:  0.0, Max: 0, Diff: 0, Sum: 0, Workers: 4
[21.038s][debug][gc,phases      ] GC(46)     Total                          Min: 0, Avg:  0.0, Max: 0, Diff: 0, Sum: 0, Workers: 4
[21.038s][debug][gc,phases      ] GC(46)   StringTable Weak               Min:  0.1, Avg:  0.1, Max:  0.1, Diff:  0.0, Sum:  0.4, Workers: 4
[21.038s][debug][gc,phases      ] GC(46)     Dead                           Min: 0, Avg:  0.0, Max: 0, Diff: 0, Sum: 0, Workers: 4
[21.038s][debug][gc,phases      ] GC(46)     Total                          Min: 10244, Avg: 10576.0, Max: 10816, Diff: 572, Sum: 42304, Workers: 4
[21.038s][debug][gc,phases      ] GC(46)   ResolvedMethodTable Weak       Min:  0.0, Avg:  0.0, Max:  0.0, Diff:  0.0, Sum:  0.1, Workers: 4
[21.038s][debug][gc,phases      ] GC(46)     Dead                           Min: 0, Avg:  0.0, Max: 0, Diff: 0, Sum: 0, Workers: 4
[21.038s][debug][gc,phases      ] GC(46)     Total                          Min: 1694, Avg: 1734.8, Max: 1792, Diff: 98, Sum: 6939, Workers: 4
[21.038s][debug][gc,phases      ] GC(46)   JNI Weak                       Min:  0.0, Avg:  0.0, Max:  0.0, Diff:  0.0, Sum:  0.0, Workers: 4
[21.038s][debug][gc,phases      ] GC(46)     Dead                           Min: 0, Avg:  0.0, Max: 0, Diff: 0, Sum: 0, Workers: 4
[21.038s][debug][gc,phases      ] GC(46)     Total                          Min: 0, Avg:  4.8, Max: 19, Diff: 19, Sum: 19, Workers: 4
[21.038s][debug][gc,phases      ] GC(46)   StringDedup Table Weak         Min:  0.0, Avg:  0.0, Max:  0.0, Diff:  0.0, Sum:  0.0, Workers: 4
[21.038s][debug][gc,phases      ] GC(46)     Dead                           Min: 0, Avg:  0.0, Max: 0, Diff: 0, Sum: 0, Workers: 4
[21.038s][debug][gc,phases      ] GC(46)     Total                          Min: 0, Avg:  0.0, Max: 0, Diff: 0, Sum: 0, Workers: 4
[21.038s][debug][gc,phases      ] GC(46)   StringDedup Requests0 Weak     Min:  0.0, Avg:  0.0, Max:  0.0, Diff:  0.0, Sum:  0.0, Workers: 4
[21.038s][debug][gc,phases      ] GC(46)     Dead                           Min: 0, Avg:  0.0, Max: 0, Diff: 0, Sum: 0, Workers: 4
[21.038s][debug][gc,phases      ] GC(46)     Total                          Min: 0, Avg:  0.0, Max: 0, Diff: 0, Sum: 0, Workers: 4
[21.038s][debug][gc,phases      ] GC(46)   StringDedup Requests1 Weak     Min:  0.0, Avg:  0.0, Max:  0.0, Diff:  0.0, Sum:  0.0, Workers: 4
[21.038s][debug][gc,phases      ] GC(46)     Dead                           Min: 0, Avg:  0.0, Max: 0, Diff: 0, Sum: 0, Workers: 4
[21.038s][debug][gc,phases      ] GC(46)     Total                          Min: 0, Avg:  0.0, Max: 0, Diff: 0, Sum: 0, Workers: 4
[21.038s][debug][gc,phases      ] GC(46)   Weak JFR Old Object Samples    Min:  0.0, Avg:  0.0, Max:  0.0, Diff:  0.0, Sum:  0.0, Workers: 4
[21.038s][debug][gc,phases      ] GC(46)     Dead                           Min: 0, Avg:  0.0, Max: 0, Diff: 0, Sum: 0, Workers: 4
[21.039s][debug][gc,phases      ] GC(46)     Total                          Min: 0, Avg:  0.0, Max: 0, Diff: 0, Sum: 0, Workers: 4
[21.039s][debug][gc,phases      ] GC(46) Weak Processing 0.368ms
[21.039s][debug][gc,age         ] GC(46) Desired survivor size 510656512 bytes, new threshold 10 (max threshold 15)
[21.039s][info ][gc,heap        ] GC(46) PSYoungGen: 1065360K(1572864K)->16736K(1598464K) Eden: 1049600K(1049600K)->0K(1085952K) From: 15760K(523264K)->16736K(512512K)
[21.039s][info ][gc,heap        ] GC(46) ParOldGen: 546407K(705536K)->546407K(705536K)
[21.039s][info ][gc,metaspace   ] GC(46) Metaspace: 67336K(67968K)->67336K(67968K) NonClass: 57546K(57920K)->57546K(57920K) Class: 9789K(10048K)->9789K(10048K)
[21.039s][info ][gc             ] GC(46) Pause Young (Allocation Failure) 1573M->549M(2250M) 7.505ms
[21.039s][info ][gc,cpu         ] GC(46) User=0.03s Sys=0.00s Real=0.00s
[21.039s][info ][safepoint      ] Safepoint "ParallelGCFailedAllocation", Time since last: 80565196 ns, Reaching safepoint: 137502 ns, At safepoint: 7628751 ns, Total: 7766253 ns
[21.191s][info ][gc,start       ] GC(47) Pause Young (Allocation Failure)
[21.198s][debug][gc,phases      ] GC(47) Scavenge 6.871ms
[21.198s][debug][gc,ref         ] GC(47) Skipped phase 1 of Reference Processing: no references
[21.198s][debug][gc,ref         ] GC(47) ReferenceProcessor::execute queues: 1, RefProcThreadModel::Single, marks_oops_alive: false
[21.198s][debug][gc,ref         ] GC(47) Skipped phase 3 of Reference Processing: no references
[21.198s][debug][gc,ref         ] GC(47) Skipped phase 4 of Reference Processing: no references
[21.198s][debug][gc,phases      ] GC(47) Reference Processing 0.135ms
[21.198s][debug][gc,phases      ] GC(47)   VM Weak                        Min:  0.0, Avg:  0.0, Max:  0.0, Diff:  0.0, Sum:  0.0, Workers: 4
[21.198s][debug][gc,phases      ] GC(47)     Dead                           Min: 0, Avg:  0.0, Max: 0, Diff: 0, Sum: 0, Workers: 4
[21.198s][debug][gc,phases      ] GC(47)     Total                          Min: 0, Avg: 128.0, Max: 512, Diff: 512, Sum: 512, Workers: 4
[21.198s][debug][gc,phases      ] GC(47)   ObjectSynchronizer Weak        Min:  0.0, Avg:  0.0, Max:  0.0, Diff:  0.0, Sum:  0.0, Workers: 4
[21.198s][debug][gc,phases      ] GC(47)     Dead                           Min: 0, Avg:  0.0, Max: 0, Diff: 0, Sum: 0, Workers: 4
[21.198s][debug][gc,phases      ] GC(47)     Total                          Min: 0, Avg: 97.8, Max: 391, Diff: 391, Sum: 391, Workers: 4
[21.198s][debug][gc,phases      ] GC(47)   JVMTI Tag Weak OopStorage      Min:  0.0, Avg:  0.0, Max:  0.0, Diff:  0.0, Sum:  0.0, Workers: 4
[21.198s][debug][gc,phases      ] GC(47)     Dead                           Min: 0, Avg:  0.0, Max: 0, Diff: 0, Sum: 0, Workers: 4
[21.198s][debug][gc,phases      ] GC(47)     Total                          Min: 0, Avg:  0.0, Max: 0, Diff: 0, Sum: 0, Workers: 4
[21.198s][debug][gc,phases      ] GC(47)   StringTable Weak               Min:  0.1, Avg:  0.1, Max:  0.1, Diff:  0.0, Sum:  0.4, Workers: 4
[21.198s][debug][gc,phases      ] GC(47)     Dead                           Min: 0, Avg:  0.0, Max: 0, Diff: 0, Sum: 0, Workers: 4
[21.198s][debug][gc,phases      ] GC(47)     Total                          Min: 9297, Avg: 10578.5, Max: 11257, Diff: 1960, Sum: 42314, Workers: 4
[21.198s][debug][gc,phases      ] GC(47)   ResolvedMethodTable Weak       Min:  0.0, Avg:  0.0, Max:  0.0, Diff:  0.0, Sum:  0.1, Workers: 4
[21.198s][debug][gc,phases      ] GC(47)     Dead                           Min: 0, Avg:  0.0, Max: 0, Diff: 0, Sum: 0, Workers: 4
[21.198s][debug][gc,phases      ] GC(47)     Total                          Min: 1535, Avg: 1734.8, Max: 2173, Diff: 638, Sum: 6939, Workers: 4
[21.198s][debug][gc,phases      ] GC(47)   JNI Weak                       Min:  0.0, Avg:  0.0, Max:  0.0, Diff:  0.0, Sum:  0.0, Workers: 4
[21.198s][debug][gc,phases      ] GC(47)     Dead                           Min: 0, Avg:  0.0, Max: 0, Diff: 0, Sum: 0, Workers: 4
[21.198s][debug][gc,phases      ] GC(47)     Total                          Min: 0, Avg:  3.0, Max: 12, Diff: 12, Sum: 12, Workers: 4
[21.198s][debug][gc,phases      ] GC(47)   StringDedup Table Weak         Min:  0.0, Avg:  0.0, Max:  0.0, Diff:  0.0, Sum:  0.0, Workers: 4
[21.198s][debug][gc,phases      ] GC(47)     Dead                           Min: 0, Avg:  0.0, Max: 0, Diff: 0, Sum: 0, Workers: 4
[21.199s][debug][gc,phases      ] GC(47)     Total                          Min: 0, Avg:  0.0, Max: 0, Diff: 0, Sum: 0, Workers: 4
[21.199s][debug][gc,phases      ] GC(47)   StringDedup Requests0 Weak     Min:  0.0, Avg:  0.0, Max:  0.0, Diff:  0.0, Sum:  0.0, Workers: 4
[21.199s][debug][gc,phases      ] GC(47)     Dead                           Min: 0, Avg:  0.0, Max: 0, Diff: 0, Sum: 0, Workers: 4
[21.199s][debug][gc,phases      ] GC(47)     Total                          Min: 0, Avg:  0.0, Max: 0, Diff: 0, Sum: 0, Workers: 4
[21.199s][debug][gc,phases      ] GC(47)   StringDedup Requests1 Weak     Min:  0.0, Avg:  0.0, Max:  0.0, Diff:  0.0, Sum:  0.0, Workers: 4
[21.199s][debug][gc,phases      ] GC(47)     Dead                           Min: 0, Avg:  0.0, Max: 0, Diff: 0, Sum: 0, Workers: 4
[21.199s][debug][gc,phases      ] GC(47)     Total                          Min: 0, Avg:  0.0, Max: 0, Diff: 0, Sum: 0, Workers: 4
[21.199s][debug][gc,phases      ] GC(47)   Weak JFR Old Object Samples    Min:  0.0, Avg:  0.0, Max:  0.0, Diff:  0.0, Sum:  0.0, Workers: 4
[21.199s][debug][gc,phases      ] GC(47)     Dead                           Min: 0, Avg:  0.0, Max: 0, Diff: 0, Sum: 0, Workers: 4
[21.199s][debug][gc,phases      ] GC(47)     Total                          Min: 0, Avg:  0.0, Max: 0, Diff: 0, Sum: 0, Workers: 4
[21.199s][debug][gc,phases      ] GC(47) Weak Processing 0.324ms
[21.199s][debug][gc,age         ] GC(47) Desired survivor size 493355008 bytes, new threshold 11 (max threshold 15)
[21.199s][info ][gc,heap        ] GC(47) PSYoungGen: 1102688K(1598464K)->18806K(1584640K) Eden: 1085952K(1085952K)->0K(1085952K) From: 16736K(512512K)->18806K(498688K)
[21.199s][info ][gc,heap        ] GC(47) ParOldGen: 546407K(705536K)->546407K(705536K)
[21.199s][info ][gc,metaspace   ] GC(47) Metaspace: 67336K(67968K)->67336K(67968K) NonClass: 57546K(57920K)->57546K(57920K) Class: 9789K(10048K)->9789K(10048K)
[21.199s][info ][gc             ] GC(47) Pause Young (Allocation Failure) 1610M->551M(2236M) 7.461ms
[21.199s][info ][gc,cpu         ] GC(47) User=0.02s Sys=0.01s Real=0.00s
[21.199s][info ][safepoint      ] Safepoint "ParallelGCFailedAllocation", Time since last: 152288017 ns, Reaching safepoint: 146003 ns, At safepoint: 7572450 ns, Total: 7718453 ns
[21.232s][info ][safepoint      ] Safepoint "ICBufferFull", Time since last: 33184157 ns, Reaching safepoint: 128303 ns, At safepoint: 33501 ns, Total: 161804 ns
[21.289s][info ][safepoint      ] Safepoint "ICBufferFull", Time since last: 56705623 ns, Reaching safepoint: 141203 ns, At safepoint: 29100 ns, Total: 170303 ns
[21.367s][info ][safepoint      ] Safepoint "ICBufferFull", Time since last: 78391753 ns, Reaching safepoint: 151203 ns, At safepoint: 23500 ns, Total: 174703 ns
[21.376s][info ][safepoint      ] Safepoint "ICBufferFull", Time since last: 8347866 ns, Reaching safepoint: 142303 ns, At safepoint: 27700 ns, Total: 170003 ns
[21.433s][info ][safepoint      ] Safepoint "ICBufferFull", Time since last: 57224434 ns, Reaching safepoint: 140502 ns, At safepoint: 27201 ns, Total: 167703 ns
[21.493s][info ][safepoint      ] Safepoint "ICBufferFull", Time since last: 59485278 ns, Reaching safepoint: 135303 ns, At safepoint: 26401 ns, Total: 161704 ns
[21.502s][info ][safepoint      ] Safepoint "ICBufferFull", Time since last: 8469867 ns, Reaching safepoint: 136203 ns, At safepoint: 30901 ns, Total: 167104 ns
[21.532s][info ][gc,start       ] GC(48) Pause Young (Allocation Failure)
[21.539s][debug][gc,phases      ] GC(48) Scavenge 7.132ms
[21.539s][debug][gc,ref         ] GC(48) Skipped phase 1 of Reference Processing: no references
[21.540s][debug][gc,ref         ] GC(48) ReferenceProcessor::execute queues: 1, RefProcThreadModel::Single, marks_oops_alive: false
[21.540s][debug][gc,ref         ] GC(48) Skipped phase 3 of Reference Processing: no references
[21.540s][debug][gc,ref         ] GC(48) Skipped phase 4 of Reference Processing: no references
[21.540s][debug][gc,phases      ] GC(48) Reference Processing 0.137ms
[21.540s][debug][gc,phases      ] GC(48)   VM Weak                        Min:  0.0, Avg:  0.0, Max:  0.0, Diff:  0.0, Sum:  0.0, Workers: 4
[21.540s][debug][gc,phases      ] GC(48)     Dead                           Min: 0, Avg:  0.0, Max: 0, Diff: 0, Sum: 0, Workers: 4
[21.540s][debug][gc,phases      ] GC(48)     Total                          Min: 0, Avg: 128.0, Max: 512, Diff: 512, Sum: 512, Workers: 4
[21.540s][debug][gc,phases      ] GC(48)   ObjectSynchronizer Weak        Min:  0.0, Avg:  0.0, Max:  0.0, Diff:  0.0, Sum:  0.0, Workers: 4
[21.540s][debug][gc,phases      ] GC(48)     Dead                           Min: 0, Avg:  0.0, Max: 0, Diff: 0, Sum: 0, Workers: 4
[21.540s][debug][gc,phases      ] GC(48)     Total                          Min: 0, Avg: 97.8, Max: 391, Diff: 391, Sum: 391, Workers: 4
[21.540s][debug][gc,phases      ] GC(48)   JVMTI Tag Weak OopStorage      Min:  0.0, Avg:  0.0, Max:  0.0, Diff:  0.0, Sum:  0.0, Workers: 4
[21.540s][debug][gc,phases      ] GC(48)     Dead                           Min: 0, Avg:  0.0, Max: 0, Diff: 0, Sum: 0, Workers: 4
[21.540s][debug][gc,phases      ] GC(48)     Total                          Min: 0, Avg:  0.0, Max: 0, Diff: 0, Sum: 0, Workers: 4
[21.540s][debug][gc,phases      ] GC(48)   StringTable Weak               Min:  0.1, Avg:  0.1, Max:  0.1, Diff:  0.0, Sum:  0.4, Workers: 4
[21.540s][debug][gc,phases      ] GC(48)     Dead                           Min: 0, Avg:  2.8, Max: 7, Diff: 7, Sum: 11, Workers: 4
[21.540s][debug][gc,phases      ] GC(48)     Total                          Min: 9856, Avg: 10578.8, Max: 11584, Diff: 1728, Sum: 42315, Workers: 4
[21.540s][debug][gc,phases      ] GC(48)   ResolvedMethodTable Weak       Min:  0.0, Avg:  0.0, Max:  0.0, Diff:  0.0, Sum:  0.1, Workers: 4
[21.540s][debug][gc,phases      ] GC(48)     Dead                           Min: 0, Avg:  0.0, Max: 0, Diff: 0, Sum: 0, Workers: 4
[21.540s][debug][gc,phases      ] GC(48)     Total                          Min: 956, Avg: 1734.8, Max: 2112, Diff: 1156, Sum: 6939, Workers: 4
[21.540s][debug][gc,phases      ] GC(48)   JNI Weak                       Min:  0.0, Avg:  0.0, Max:  0.0, Diff:  0.0, Sum:  0.0, Workers: 4
[21.540s][debug][gc,phases      ] GC(48)     Dead                           Min: 0, Avg:  0.0, Max: 0, Diff: 0, Sum: 0, Workers: 4
[21.540s][debug][gc,phases      ] GC(48)     Total                          Min: 0, Avg:  3.5, Max: 14, Diff: 14, Sum: 14, Workers: 4
[21.540s][debug][gc,phases      ] GC(48)   StringDedup Table Weak         Min:  0.0, Avg:  0.0, Max:  0.0, Diff:  0.0, Sum:  0.0, Workers: 4
[21.540s][debug][gc,phases      ] GC(48)     Dead                           Min: 0, Avg:  0.0, Max: 0, Diff: 0, Sum: 0, Workers: 4
[21.540s][debug][gc,phases      ] GC(48)     Total                          Min: 0, Avg:  0.0, Max: 0, Diff: 0, Sum: 0, Workers: 4
[21.540s][debug][gc,phases      ] GC(48)   StringDedup Requests0 Weak     Min:  0.0, Avg:  0.0, Max:  0.0, Diff:  0.0, Sum:  0.0, Workers: 4
[21.540s][debug][gc,phases      ] GC(48)     Dead                           Min: 0, Avg:  0.0, Max: 0, Diff: 0, Sum: 0, Workers: 4
[21.540s][debug][gc,phases      ] GC(48)     Total                          Min: 0, Avg:  0.0, Max: 0, Diff: 0, Sum: 0, Workers: 4
[21.540s][debug][gc,phases      ] GC(48)   StringDedup Requests1 Weak     Min:  0.0, Avg:  0.0, Max:  0.0, Diff:  0.0, Sum:  0.0, Workers: 4
[21.540s][debug][gc,phases      ] GC(48)     Dead                           Min: 0, Avg:  0.0, Max: 0, Diff: 0, Sum: 0, Workers: 4
[21.540s][debug][gc,phases      ] GC(48)     Total                          Min: 0, Avg:  0.0, Max: 0, Diff: 0, Sum: 0, Workers: 4
[21.540s][debug][gc,phases      ] GC(48)   Weak JFR Old Object Samples    Min:  0.0, Avg:  0.0, Max:  0.0, Diff:  0.0, Sum:  0.0, Workers: 4
[21.540s][debug][gc,phases      ] GC(48)     Dead                           Min: 0, Avg:  0.0, Max: 0, Diff: 0, Sum: 0, Workers: 4
[21.540s][debug][gc,phases      ] GC(48)     Total                          Min: 0, Avg:  0.0, Max: 0, Diff: 0, Sum: 0, Workers: 4
[21.540s][debug][gc,phases      ] GC(48) Weak Processing 0.319ms
[21.540s][debug][gc,age         ] GC(48) Desired survivor size 475004928 bytes, new threshold 12 (max threshold 15)
[21.540s][info ][gc,heap        ] GC(48) PSYoungGen: 1104758K(1584640K)->19056K(1633280K) Eden: 1085952K(1085952K)->0K(1151488K) From: 18806K(498688K)->19056K(481792K)
[21.540s][info ][gc,heap        ] GC(48) ParOldGen: 546407K(705536K)->546407K(705536K)
[21.540s][info ][gc,metaspace   ] GC(48) Metaspace: 67353K(67968K)->67353K(67968K) NonClass: 57563K(57920K)->57563K(57920K) Class: 9789K(10048K)->9789K(10048K)
[21.540s][info ][gc             ] GC(48) Pause Young (Allocation Failure) 1612M->552M(2284M) 7.738ms
[21.540s][info ][gc,cpu         ] GC(48) User=0.04s Sys=0.00s Real=0.00s
[21.540s][info ][safepoint      ] Safepoint "ParallelGCFailedAllocation", Time since last: 30428102 ns, Reaching safepoint: 133303 ns, At safepoint: 7845655 ns, Total: 7978958 ns
[21.563s][info ][safepoint      ] Safepoint "ICBufferFull", Time since last: 22404744 ns, Reaching safepoint: 133203 ns, At safepoint: 39901 ns, Total: 173104 ns
[21.614s][info ][safepoint      ] Safepoint "ICBufferFull", Time since last: 51400518 ns, Reaching safepoint: 119802 ns, At safepoint: 29001 ns, Total: 148803 ns
[21.703s][info ][safepoint      ] Safepoint "ICBufferFull", Time since last: 88789459 ns, Reaching safepoint: 141202 ns, At safepoint: 28201 ns, Total: 169403 ns
[21.707s][info ][safepoint      ] Safepoint "ICBufferFull", Time since last: 3847476 ns, Reaching safepoint: 121003 ns, At safepoint: 25000 ns, Total: 146003 ns
[21.736s][info ][gc,start       ] GC(49) Pause Young (Allocation Failure)
[21.742s][debug][gc,phases      ] GC(49) Scavenge 6.624ms
[21.742s][debug][gc,ref         ] GC(49) Skipped phase 1 of Reference Processing: no references
[21.742s][debug][gc,ref         ] GC(49) ReferenceProcessor::execute queues: 1, RefProcThreadModel::Single, marks_oops_alive: false
[21.742s][debug][gc,ref         ] GC(49) Skipped phase 3 of Reference Processing: no references
[21.742s][debug][gc,ref         ] GC(49) Skipped phase 4 of Reference Processing: no references
[21.742s][debug][gc,phases      ] GC(49) Reference Processing 0.110ms
[21.743s][debug][gc,phases      ] GC(49)   VM Weak                        Min:  0.0, Avg:  0.0, Max:  0.0, Diff:  0.0, Sum:  0.0, Workers: 4
[21.743s][debug][gc,phases      ] GC(49)     Dead                           Min: 0, Avg:  0.0, Max: 0, Diff: 0, Sum: 0, Workers: 4
[21.743s][debug][gc,phases      ] GC(49)     Total                          Min: 0, Avg: 128.0, Max: 512, Diff: 512, Sum: 512, Workers: 4
[21.743s][debug][gc,phases      ] GC(49)   ObjectSynchronizer Weak        Min:  0.0, Avg:  0.0, Max:  0.0, Diff:  0.0, Sum:  0.0, Workers: 4
[21.743s][debug][gc,phases      ] GC(49)     Dead                           Min: 0, Avg:  0.0, Max: 0, Diff: 0, Sum: 0, Workers: 4
[21.743s][debug][gc,phases      ] GC(49)     Total                          Min: 0, Avg: 97.8, Max: 199, Diff: 199, Sum: 391, Workers: 4
[21.743s][debug][gc,phases      ] GC(49)   JVMTI Tag Weak OopStorage      Min:  0.0, Avg:  0.0, Max:  0.0, Diff:  0.0, Sum:  0.0, Workers: 4
[21.743s][debug][gc,phases      ] GC(49)     Dead                           Min: 0, Avg:  0.0, Max: 0, Diff: 0, Sum: 0, Workers: 4
[21.743s][debug][gc,phases      ] GC(49)     Total                          Min: 0, Avg:  0.0, Max: 0, Diff: 0, Sum: 0, Workers: 4
[21.743s][debug][gc,phases      ] GC(49)   StringTable Weak               Min:  0.1, Avg:  0.1, Max:  0.1, Diff:  0.0, Sum:  0.4, Workers: 4
[21.743s][debug][gc,phases      ] GC(49)     Dead                           Min: 0, Avg:  0.2, Max: 1, Diff: 1, Sum: 1, Workers: 4
[21.743s][debug][gc,phases      ] GC(49)     Total                          Min: 10108, Avg: 10578.8, Max: 10895, Diff: 787, Sum: 42315, Workers: 4
[21.743s][debug][gc,phases      ] GC(49)   ResolvedMethodTable Weak       Min:  0.0, Avg:  0.0, Max:  0.0, Diff:  0.0, Sum:  0.1, Workers: 4
[21.743s][debug][gc,phases      ] GC(49)     Dead                           Min: 0, Avg:  0.0, Max: 0, Diff: 0, Sum: 0, Workers: 4
[21.743s][debug][gc,phases      ] GC(49)     Total                          Min: 1663, Avg: 1734.8, Max: 1792, Diff: 129, Sum: 6939, Workers: 4
[21.743s][debug][gc,phases      ] GC(49)   JNI Weak                       Min:  0.0, Avg:  0.0, Max:  0.0, Diff:  0.0, Sum:  0.0, Workers: 4
[21.743s][debug][gc,phases      ] GC(49)     Dead                           Min: 0, Avg:  0.0, Max: 0, Diff: 0, Sum: 0, Workers: 4
[21.743s][debug][gc,phases      ] GC(49)     Total                          Min: 0, Avg:  4.0, Max: 16, Diff: 16, Sum: 16, Workers: 4
[21.743s][debug][gc,phases      ] GC(49)   StringDedup Table Weak         Min:  0.0, Avg:  0.0, Max:  0.0, Diff:  0.0, Sum:  0.0, Workers: 4
[21.743s][debug][gc,phases      ] GC(49)     Dead                           Min: 0, Avg:  0.0, Max: 0, Diff: 0, Sum: 0, Workers: 4
[21.743s][debug][gc,phases      ] GC(49)     Total                          Min: 0, Avg:  0.0, Max: 0, Diff: 0, Sum: 0, Workers: 4
[21.743s][debug][gc,phases      ] GC(49)   StringDedup Requests0 Weak     Min:  0.0, Avg:  0.0, Max:  0.0, Diff:  0.0, Sum:  0.0, Workers: 4
[21.743s][debug][gc,phases      ] GC(49)     Dead                           Min: 0, Avg:  0.0, Max: 0, Diff: 0, Sum: 0, Workers: 4
[21.743s][debug][gc,phases      ] GC(49)     Total                          Min: 0, Avg:  0.0, Max: 0, Diff: 0, Sum: 0, Workers: 4
[21.743s][debug][gc,phases      ] GC(49)   StringDedup Requests1 Weak     Min:  0.0, Avg:  0.0, Max:  0.0, Diff:  0.0, Sum:  0.0, Workers: 4
[21.743s][debug][gc,phases      ] GC(49)     Dead                           Min: 0, Avg:  0.0, Max: 0, Diff: 0, Sum: 0, Workers: 4
[21.743s][debug][gc,phases      ] GC(49)     Total                          Min: 0, Avg:  0.0, Max: 0, Diff: 0, Sum: 0, Workers: 4
[21.743s][debug][gc,phases      ] GC(49)   Weak JFR Old Object Samples    Min:  0.0, Avg:  0.0, Max:  0.0, Diff:  0.0, Sum:  0.0, Workers: 4
[21.743s][debug][gc,phases      ] GC(49)     Dead                           Min: 0, Avg:  0.0, Max: 0, Diff: 0, Sum: 0, Workers: 4
[21.743s][debug][gc,phases      ] GC(49)     Total                          Min: 0, Avg:  0.0, Max: 0, Diff: 0, Sum: 0, Workers: 4
[21.743s][debug][gc,phases      ] GC(49) Weak Processing 0.295ms
[21.743s][debug][gc,age         ] GC(49) Desired survivor size 455081984 bytes, new threshold 13 (max threshold 15)
[21.743s][info ][gc,heap        ] GC(49) PSYoungGen: 1170544K(1633280K)->20288K(1615360K) Eden: 1151488K(1151488K)->0K(1151488K) From: 19056K(481792K)->20288K(463872K)
[21.743s][info ][gc,heap        ] GC(49) ParOldGen: 546407K(705536K)->546407K(705536K)
[21.743s][info ][gc,metaspace   ] GC(49) Metaspace: 67357K(67968K)->67357K(67968K) NonClass: 57567K(57920K)->57567K(57920K) Class: 9789K(10048K)->9789K(10048K)
[21.743s][info ][gc             ] GC(49) Pause Young (Allocation Failure) 1676M->553M(2266M) 7.170ms
[21.743s][info ][gc,cpu         ] GC(49) User=0.03s Sys=0.00s Real=0.01s
[21.743s][info ][safepoint      ] Safepoint "ParallelGCFailedAllocation", Time since last: 28281460 ns, Reaching safepoint: 132603 ns, At safepoint: 7284944 ns, Total: 7417547 ns
[21.748s][info ][safepoint      ] Safepoint "ICBufferFull", Time since last: 5245404 ns, Reaching safepoint: 127603 ns, At safepoint: 26600 ns, Total: 154203 ns
[21.777s][info ][safepoint      ] Safepoint "ICBufferFull", Time since last: 28310861 ns, Reaching safepoint: 134103 ns, At safepoint: 30500 ns, Total: 164603 ns
[21.836s][info ][safepoint      ] Safepoint "ICBufferFull", Time since last: 59253874 ns, Reaching safepoint: 136803 ns, At safepoint: 30500 ns, Total: 167303 ns
[21.847s][info ][safepoint      ] Safepoint "ICBufferFull", Time since last: 10628611 ns, Reaching safepoint: 108502 ns, At safepoint: 29700 ns, Total: 138202 ns
[21.875s][info ][safepoint      ] Safepoint "ICBufferFull", Time since last: 28082257 ns, Reaching safepoint: 338506 ns, At safepoint: 31901 ns, Total: 370407 ns
[21.891s][info ][safepoint      ] Safepoint "ICBufferFull", Time since last: 15837314 ns, Reaching safepoint: 137703 ns, At safepoint: 29900 ns, Total: 167603 ns
[21.902s][info ][safepoint      ] Safepoint "ICBufferFull", Time since last: 10602610 ns, Reaching safepoint: 426409 ns, At safepoint: 34900 ns, Total: 461309 ns
[21.935s][info ][safepoint      ] Safepoint "ICBufferFull", Time since last: 27032136 ns, Reaching safepoint: 5336205 ns, At safepoint: 41201 ns, Total: 5377406 ns
[21.963s][info ][safepoint      ] Safepoint "ICBufferFull", Time since last: 27962154 ns, Reaching safepoint: 98402 ns, At safepoint: 32001 ns, Total: 130403 ns
[22.018s][info ][safepoint      ] Safepoint "ICBufferFull", Time since last: 54830086 ns, Reaching safepoint: 153903 ns, At safepoint: 27200 ns, Total: 181103 ns
[22.022s][info ][safepoint      ] Safepoint "ICBufferFull", Time since last: 3701474 ns, Reaching safepoint: 472109 ns, At safepoint: 23801 ns, Total: 495910 ns
[22.051s][info ][gc,start       ] GC(50) Pause Young (Allocation Failure)
[22.058s][debug][gc,phases      ] GC(50) Scavenge 6.984ms
[22.058s][debug][gc,ref         ] GC(50) Skipped phase 1 of Reference Processing: no references
[22.058s][debug][gc,ref         ] GC(50) ReferenceProcessor::execute queues: 1, RefProcThreadModel::Single, marks_oops_alive: false
[22.058s][debug][gc,ref         ] GC(50) Skipped phase 3 of Reference Processing: no references
[22.058s][debug][gc,ref         ] GC(50) ReferenceProcessor::execute queues: 1, RefProcThreadModel::Single, marks_oops_alive: false
[22.058s][debug][gc,phases      ] GC(50) Reference Processing 0.119ms
[22.059s][debug][gc,phases      ] GC(50)   VM Weak                        Min:  0.0, Avg:  0.0, Max:  0.0, Diff:  0.0, Sum:  0.0, Workers: 4
[22.059s][debug][gc,phases      ] GC(50)     Dead                           Min: 0, Avg:  0.0, Max: 0, Diff: 0, Sum: 0, Workers: 4
[22.059s][debug][gc,phases      ] GC(50)     Total                          Min: 0, Avg: 128.0, Max: 384, Diff: 384, Sum: 512, Workers: 4
[22.059s][debug][gc,phases      ] GC(50)   ObjectSynchronizer Weak        Min:  0.0, Avg:  0.0, Max:  0.0, Diff:  0.0, Sum:  0.0, Workers: 4
[22.059s][debug][gc,phases      ] GC(50)     Dead                           Min: 0, Avg:  0.0, Max: 0, Diff: 0, Sum: 0, Workers: 4
[22.059s][debug][gc,phases      ] GC(50)     Total                          Min: 0, Avg: 97.8, Max: 199, Diff: 199, Sum: 391, Workers: 4
[22.059s][debug][gc,phases      ] GC(50)   JVMTI Tag Weak OopStorage      Min:  0.0, Avg:  0.0, Max:  0.0, Diff:  0.0, Sum:  0.0, Workers: 4
[22.059s][debug][gc,phases      ] GC(50)     Dead                           Min: 0, Avg:  0.0, Max: 0, Diff: 0, Sum: 0, Workers: 4
[22.059s][debug][gc,phases      ] GC(50)     Total                          Min: 0, Avg:  0.0, Max: 0, Diff: 0, Sum: 0, Workers: 4
[22.059s][debug][gc,phases      ] GC(50)   StringTable Weak               Min:  0.1, Avg:  0.1, Max:  0.1, Diff:  0.0, Sum:  0.4, Workers: 4
[22.059s][debug][gc,phases      ] GC(50)     Dead                           Min: 0, Avg:  2.5, Max: 10, Diff: 10, Sum: 10, Workers: 4
[22.059s][debug][gc,phases      ] GC(50)     Total                          Min: 9724, Avg: 10578.8, Max: 11094, Diff: 1370, Sum: 42315, Workers: 4
[22.059s][debug][gc,phases      ] GC(50)   ResolvedMethodTable Weak       Min:  0.0, Avg:  0.0, Max:  0.0, Diff:  0.0, Sum:  0.1, Workers: 4
[22.059s][debug][gc,phases      ] GC(50)     Dead                           Min: 0, Avg:  0.0, Max: 0, Diff: 0, Sum: 0, Workers: 4
[22.059s][debug][gc,phases      ] GC(50)     Total                          Min: 1663, Avg: 1734.8, Max: 1853, Diff: 190, Sum: 6939, Workers: 4
[22.059s][debug][gc,phases      ] GC(50)   JNI Weak                       Min:  0.0, Avg:  0.0, Max:  0.0, Diff:  0.0, Sum:  0.0, Workers: 4
[22.059s][debug][gc,phases      ] GC(50)     Dead                           Min: 0, Avg:  0.0, Max: 0, Diff: 0, Sum: 0, Workers: 4
[22.059s][debug][gc,phases      ] GC(50)     Total                          Min: 0, Avg:  5.5, Max: 22, Diff: 22, Sum: 22, Workers: 4
[22.059s][debug][gc,phases      ] GC(50)   StringDedup Table Weak         Min:  0.0, Avg:  0.0, Max:  0.0, Diff:  0.0, Sum:  0.0, Workers: 4
[22.059s][debug][gc,phases      ] GC(50)     Dead                           Min: 0, Avg:  0.0, Max: 0, Diff: 0, Sum: 0, Workers: 4
[22.059s][debug][gc,phases      ] GC(50)     Total                          Min: 0, Avg:  0.0, Max: 0, Diff: 0, Sum: 0, Workers: 4
[22.059s][debug][gc,phases      ] GC(50)   StringDedup Requests0 Weak     Min:  0.0, Avg:  0.0, Max:  0.0, Diff:  0.0, Sum:  0.0, Workers: 4
[22.059s][debug][gc,phases      ] GC(50)     Dead                           Min: 0, Avg:  0.0, Max: 0, Diff: 0, Sum: 0, Workers: 4
[22.059s][debug][gc,phases      ] GC(50)     Total                          Min: 0, Avg:  0.0, Max: 0, Diff: 0, Sum: 0, Workers: 4
[22.059s][debug][gc,phases      ] GC(50)   StringDedup Requests1 Weak     Min:  0.0, Avg:  0.0, Max:  0.0, Diff:  0.0, Sum:  0.0, Workers: 4
[22.059s][debug][gc,phases      ] GC(50)     Dead                           Min: 0, Avg:  0.0, Max: 0, Diff: 0, Sum: 0, Workers: 4
[22.059s][debug][gc,phases      ] GC(50)     Total                          Min: 0, Avg:  0.0, Max: 0, Diff: 0, Sum: 0, Workers: 4
[22.059s][debug][gc,phases      ] GC(50)   Weak JFR Old Object Samples    Min:  0.0, Avg:  0.0, Max:  0.0, Diff:  0.0, Sum:  0.0, Workers: 4
[22.059s][debug][gc,phases      ] GC(50)     Dead                           Min: 0, Avg:  0.0, Max: 0, Diff: 0, Sum: 0, Workers: 4
[22.059s][debug][gc,phases      ] GC(50)     Total                          Min: 0, Avg:  0.0, Max: 0, Diff: 0, Sum: 0, Workers: 4
[22.059s][debug][gc,phases      ] GC(50) Weak Processing 0.314ms
[22.059s][debug][gc,age         ] GC(50) Desired survivor size 434634752 bytes, new threshold 14 (max threshold 15)
[22.059s][info ][gc,heap        ] GC(50) PSYoungGen: 1171776K(1615360K)->20944K(1672704K) Eden: 1151488K(1151488K)->0K(1228288K) From: 20288K(463872K)->20944K(444416K)
[22.059s][info ][gc,heap        ] GC(50) ParOldGen: 546407K(705536K)->546407K(705536K)
[22.059s][info ][gc,metaspace   ] GC(50) Metaspace: 67365K(67968K)->67365K(67968K) NonClass: 57575K(57920K)->57575K(57920K) Class: 9789K(10048K)->9789K(10048K)
[22.059s][info ][gc             ] GC(50) Pause Young (Allocation Failure) 1677M->554M(2322M) 7.561ms
[22.059s][info ][gc,cpu         ] GC(50) User=0.04s Sys=0.00s Real=0.00s
[22.059s][info ][safepoint      ] Safepoint "ParallelGCFailedAllocation", Time since last: 29000074 ns, Reaching safepoint: 124002 ns, At safepoint: 7679853 ns, Total: 7803855 ns
[22.299s][info ][gc,start       ] GC(51) Pause Young (Allocation Failure)
[22.312s][debug][gc,phases      ] GC(51) Scavenge 12.451ms
[22.312s][debug][gc,ref         ] GC(51) Skipped phase 1 of Reference Processing: no references
[22.312s][debug][gc,ref         ] GC(51) ReferenceProcessor::execute queues: 1, RefProcThreadModel::Single, marks_oops_alive: false
[22.312s][debug][gc,ref         ] GC(51) Skipped phase 3 of Reference Processing: no references
[22.312s][debug][gc,ref         ] GC(51) ReferenceProcessor::execute queues: 1, RefProcThreadModel::Single, marks_oops_alive: false
[22.312s][debug][gc,phases      ] GC(51) Reference Processing 0.130ms
[22.312s][debug][gc,phases      ] GC(51)   VM Weak                        Min:  0.0, Avg:  0.0, Max:  0.0, Diff:  0.0, Sum:  0.0, Workers: 4
[22.312s][debug][gc,phases      ] GC(51)     Dead                           Min: 0, Avg:  0.0, Max: 0, Diff: 0, Sum: 0, Workers: 4
[22.312s][debug][gc,phases      ] GC(51)     Total                          Min: 0, Avg: 128.2, Max: 321, Diff: 321, Sum: 513, Workers: 4
[22.312s][debug][gc,phases      ] GC(51)   ObjectSynchronizer Weak        Min:  0.0, Avg:  0.0, Max:  0.0, Diff:  0.0, Sum:  0.0, Workers: 4
[22.312s][debug][gc,phases      ] GC(51)     Dead                           Min: 0, Avg:  0.0, Max: 0, Diff: 0, Sum: 0, Workers: 4
[22.312s][debug][gc,phases      ] GC(51)     Total                          Min: 0, Avg: 97.8, Max: 192, Diff: 192, Sum: 391, Workers: 4
[22.312s][debug][gc,phases      ] GC(51)   JVMTI Tag Weak OopStorage      Min:  0.0, Avg:  0.0, Max:  0.0, Diff:  0.0, Sum:  0.0, Workers: 4
[22.312s][debug][gc,phases      ] GC(51)     Dead                           Min: 0, Avg:  0.0, Max: 0, Diff: 0, Sum: 0, Workers: 4
[22.312s][debug][gc,phases      ] GC(51)     Total                          Min: 0, Avg:  0.0, Max: 0, Diff: 0, Sum: 0, Workers: 4
[22.312s][debug][gc,phases      ] GC(51)   StringTable Weak               Min:  0.1, Avg:  0.1, Max:  0.1, Diff:  0.0, Sum:  0.4, Workers: 4
[22.312s][debug][gc,phases      ] GC(51)     Dead                           Min: 0, Avg:  2.8, Max: 11, Diff: 11, Sum: 11, Workers: 4
[22.312s][debug][gc,phases      ] GC(51)     Total                          Min: 8896, Avg: 10581.8, Max: 13248, Diff: 4352, Sum: 42327, Workers: 4
[22.312s][debug][gc,phases      ] GC(51)   ResolvedMethodTable Weak       Min:  0.0, Avg:  0.0, Max:  0.0, Diff:  0.0, Sum:  0.1, Workers: 4
[22.312s][debug][gc,phases      ] GC(51)     Dead                           Min: 0, Avg:  0.0, Max: 0, Diff: 0, Sum: 0, Workers: 4
[22.312s][debug][gc,phases      ] GC(51)     Total                          Min: 1536, Avg: 1737.2, Max: 2048, Diff: 512, Sum: 6949, Workers: 4
[22.312s][debug][gc,phases      ] GC(51)   JNI Weak                       Min:  0.0, Avg:  0.0, Max:  0.0, Diff:  0.0, Sum:  0.0, Workers: 4
[22.312s][debug][gc,phases      ] GC(51)     Dead                           Min: 0, Avg:  0.0, Max: 0, Diff: 0, Sum: 0, Workers: 4
[22.312s][debug][gc,phases      ] GC(51)     Total                          Min: 0, Avg:  4.0, Max: 16, Diff: 16, Sum: 16, Workers: 4
[22.312s][debug][gc,phases      ] GC(51)   StringDedup Table Weak         Min:  0.0, Avg:  0.0, Max:  0.0, Diff:  0.0, Sum:  0.0, Workers: 4
[22.312s][debug][gc,phases      ] GC(51)     Dead                           Min: 0, Avg:  0.0, Max: 0, Diff: 0, Sum: 0, Workers: 4
[22.312s][debug][gc,phases      ] GC(51)     Total                          Min: 0, Avg:  0.0, Max: 0, Diff: 0, Sum: 0, Workers: 4
[22.312s][debug][gc,phases      ] GC(51)   StringDedup Requests0 Weak     Min:  0.0, Avg:  0.0, Max:  0.0, Diff:  0.0, Sum:  0.0, Workers: 4
[22.312s][debug][gc,phases      ] GC(51)     Dead                           Min: 0, Avg:  0.0, Max: 0, Diff: 0, Sum: 0, Workers: 4
[22.312s][debug][gc,phases      ] GC(51)     Total                          Min: 0, Avg:  0.0, Max: 0, Diff: 0, Sum: 0, Workers: 4
[22.312s][debug][gc,phases      ] GC(51)   StringDedup Requests1 Weak     Min:  0.0, Avg:  0.0, Max:  0.0, Diff:  0.0, Sum:  0.0, Workers: 4
[22.312s][debug][gc,phases      ] GC(51)     Dead                           Min: 0, Avg:  0.0, Max: 0, Diff: 0, Sum: 0, Workers: 4
[22.312s][debug][gc,phases      ] GC(51)     Total                          Min: 0, Avg:  0.0, Max: 0, Diff: 0, Sum: 0, Workers: 4
[22.312s][debug][gc,phases      ] GC(51)   Weak JFR Old Object Samples    Min:  0.0, Avg:  0.0, Max:  0.0, Diff:  0.0, Sum:  0.0, Workers: 4
[22.312s][debug][gc,phases      ] GC(51)     Dead                           Min: 0, Avg:  0.0, Max: 0, Diff: 0, Sum: 0, Workers: 4
[22.312s][debug][gc,phases      ] GC(51)     Total                          Min: 0, Avg:  0.0, Max: 0, Diff: 0, Sum: 0, Workers: 4
[22.312s][debug][gc,phases      ] GC(51) Weak Processing 0.309ms
[22.312s][debug][gc,age         ] GC(51) Desired survivor size 413663232 bytes, new threshold 15 (max threshold 15)
[22.312s][info ][gc,heap        ] GC(51) PSYoungGen: 1249232K(1672704K)->25200K(1652736K) Eden: 1228288K(1228288K)->0K(1228288K) From: 20944K(444416K)->25200K(424448K)
[22.312s][info ][gc,heap        ] GC(51) ParOldGen: 546407K(705536K)->546407K(705536K)
[22.312s][info ][gc,metaspace   ] GC(51) Metaspace: 67398K(68096K)->67398K(68096K) NonClass: 57604K(58048K)->57604K(58048K) Class: 9793K(10048K)->9793K(10048K)
[22.312s][info ][gc             ] GC(51) Pause Young (Allocation Failure) 1753M->558M(2303M) 13.027ms
[22.312s][info ][gc,cpu         ] GC(51) User=0.05s Sys=0.00s Real=0.02s
[22.312s][info ][safepoint      ] Safepoint "ParallelGCFailedAllocation", Time since last: 240129156 ns, Reaching safepoint: 152903 ns, At safepoint: 13151661 ns, Total: 13304564 ns
[22.502s][info ][safepoint      ] Safepoint "ICBufferFull", Time since last: 189288749 ns, Reaching safepoint: 150303 ns, At safepoint: 31701 ns, Total: 182004 ns
[22.518s][info ][safepoint      ] Safepoint "ICBufferFull", Time since last: 15806313 ns, Reaching safepoint: 146803 ns, At safepoint: 28700 ns, Total: 175503 ns
[22.523s][info ][safepoint      ] Safepoint "ICBufferFull", Time since last: 4424988 ns, Reaching safepoint: 328406 ns, At safepoint: 24901 ns, Total: 353307 ns
[22.539s][info ][safepoint      ] Safepoint "ICBufferFull", Time since last: 15755912 ns, Reaching safepoint: 125302 ns, At safepoint: 30801 ns, Total: 156103 ns
[22.563s][info ][safepoint      ] Safepoint "ICBufferFull", Time since last: 24469485 ns, Reaching safepoint: 129902 ns, At safepoint: 24601 ns, Total: 154503 ns
[22.574s][info ][safepoint      ] Safepoint "ICBufferFull", Time since last: 10578509 ns, Reaching safepoint: 136203 ns, At safepoint: 29801 ns, Total: 166004 ns
[22.593s][info ][safepoint      ] Safepoint "ICBufferFull", Time since last: 18472166 ns, Reaching safepoint: 134302 ns, At safepoint: 30401 ns, Total: 164703 ns
[22.626s][info ][safepoint      ] Safepoint "ICBufferFull", Time since last: 30255799 ns, Reaching safepoint: 3249764 ns, At safepoint: 39201 ns, Total: 3288965 ns
[22.638s][info ][gc,start       ] GC(52) Pause Young (Allocation Failure)
[22.680s][debug][gc,phases      ] GC(52) Scavenge 42.866ms
[22.681s][debug][gc,ref         ] GC(52) Skipped phase 1 of Reference Processing: no references
[22.681s][debug][gc,ref         ] GC(52) ReferenceProcessor::execute queues: 1, RefProcThreadModel::Single, marks_oops_alive: false
[22.681s][debug][gc,ref         ] GC(52) Skipped phase 3 of Reference Processing: no references
[22.681s][debug][gc,ref         ] GC(52) ReferenceProcessor::execute queues: 1, RefProcThreadModel::Single, marks_oops_alive: false
[22.681s][debug][gc,phases      ] GC(52) Reference Processing 0.124ms
[22.681s][debug][gc,phases      ] GC(52)   VM Weak                        Min:  0.0, Avg:  0.0, Max:  0.0, Diff:  0.0, Sum:  0.0, Workers: 4
[22.681s][debug][gc,phases      ] GC(52)     Dead                           Min: 0, Avg:  0.0, Max: 0, Diff: 0, Sum: 0, Workers: 4
[22.681s][debug][gc,phases      ] GC(52)     Total                          Min: 0, Avg: 130.5, Max: 522, Diff: 522, Sum: 522, Workers: 4
[22.681s][debug][gc,phases      ] GC(52)   ObjectSynchronizer Weak        Min:  0.0, Avg:  0.0, Max:  0.0, Diff:  0.0, Sum:  0.0, Workers: 4
[22.681s][debug][gc,phases      ] GC(52)     Dead                           Min: 0, Avg:  0.0, Max: 0, Diff: 0, Sum: 0, Workers: 4
[22.681s][debug][gc,phases      ] GC(52)     Total                          Min: 0, Avg: 97.8, Max: 391, Diff: 391, Sum: 391, Workers: 4
[22.681s][debug][gc,phases      ] GC(52)   JVMTI Tag Weak OopStorage      Min:  0.0, Avg:  0.0, Max:  0.0, Diff:  0.0, Sum:  0.0, Workers: 4
[22.681s][debug][gc,phases      ] GC(52)     Dead                           Min: 0, Avg:  0.0, Max: 0, Diff: 0, Sum: 0, Workers: 4
[22.681s][debug][gc,phases      ] GC(52)     Total                          Min: 0, Avg:  0.0, Max: 0, Diff: 0, Sum: 0, Workers: 4
[22.681s][debug][gc,phases      ] GC(52)   StringTable Weak               Min:  0.1, Avg:  0.1, Max:  0.1, Diff:  0.0, Sum:  0.4, Workers: 4
[22.681s][debug][gc,phases      ] GC(52)     Dead                           Min: 0, Avg:  1.0, Max: 4, Diff: 4, Sum: 4, Workers: 4
[22.681s][debug][gc,phases      ] GC(52)     Total                          Min: 9408, Avg: 10591.0, Max: 12672, Diff: 3264, Sum: 42364, Workers: 4
[22.681s][debug][gc,phases      ] GC(52)   ResolvedMethodTable Weak       Min:  0.0, Avg:  0.0, Max:  0.0, Diff:  0.0, Sum:  0.1, Workers: 4
[22.681s][debug][gc,phases      ] GC(52)     Dead                           Min: 0, Avg:  1.8, Max: 7, Diff: 7, Sum: 7, Workers: 4
[22.681s][debug][gc,phases      ] GC(52)     Total                          Min: 1471, Avg: 1750.5, Max: 2012, Diff: 541, Sum: 7002, Workers: 4
[22.681s][debug][gc,phases      ] GC(52)   JNI Weak                       Min:  0.0, Avg:  0.0, Max:  0.0, Diff:  0.0, Sum:  0.0, Workers: 4
[22.681s][debug][gc,phases      ] GC(52)     Dead                           Min: 0, Avg:  0.0, Max: 0, Diff: 0, Sum: 0, Workers: 4
[22.681s][debug][gc,phases      ] GC(52)     Total                          Min: 0, Avg:  7.8, Max: 31, Diff: 31, Sum: 31, Workers: 4
[22.681s][debug][gc,phases      ] GC(52)   StringDedup Table Weak         Min:  0.0, Avg:  0.0, Max:  0.0, Diff:  0.0, Sum:  0.0, Workers: 4
[22.681s][debug][gc,phases      ] GC(52)     Dead                           Min: 0, Avg:  0.0, Max: 0, Diff: 0, Sum: 0, Workers: 4
[22.681s][debug][gc,phases      ] GC(52)     Total                          Min: 0, Avg:  0.0, Max: 0, Diff: 0, Sum: 0, Workers: 4
[22.681s][debug][gc,phases      ] GC(52)   StringDedup Requests0 Weak     Min:  0.0, Avg:  0.0, Max:  0.0, Diff:  0.0, Sum:  0.0, Workers: 4
[22.681s][debug][gc,phases      ] GC(52)     Dead                           Min: 0, Avg:  0.0, Max: 0, Diff: 0, Sum: 0, Workers: 4
[22.681s][debug][gc,phases      ] GC(52)     Total                          Min: 0, Avg:  0.0, Max: 0, Diff: 0, Sum: 0, Workers: 4
[22.681s][debug][gc,phases      ] GC(52)   StringDedup Requests1 Weak     Min:  0.0, Avg:  0.0, Max:  0.0, Diff:  0.0, Sum:  0.0, Workers: 4
[22.681s][debug][gc,phases      ] GC(52)     Dead                           Min: 0, Avg:  0.0, Max: 0, Diff: 0, Sum: 0, Workers: 4
[22.681s][debug][gc,phases      ] GC(52)     Total                          Min: 0, Avg:  0.0, Max: 0, Diff: 0, Sum: 0, Workers: 4
[22.681s][debug][gc,phases      ] GC(52)   Weak JFR Old Object Samples    Min:  0.0, Avg:  0.0, Max:  0.0, Diff:  0.0, Sum:  0.0, Workers: 4
[22.681s][debug][gc,phases      ] GC(52)     Dead                           Min: 0, Avg:  0.0, Max: 0, Diff: 0, Sum: 0, Workers: 4
[22.681s][debug][gc,phases      ] GC(52)     Total                          Min: 0, Avg:  0.0, Max: 0, Diff: 0, Sum: 0, Workers: 4
[22.681s][debug][gc,phases      ] GC(52) Weak Processing 0.313ms
[22.681s][debug][gc,age         ] GC(52) Desired survivor size 385351680 bytes, new threshold 15 (max threshold 15)
[22.681s][info ][gc,heap        ] GC(52) PSYoungGen: 1253488K(1652736K)->65154K(1720832K) Eden: 1228288K(1228288K)->0K(1316864K) From: 25200K(424448K)->65154K(403968K)
[22.681s][info ][gc,heap        ] GC(52) ParOldGen: 546407K(705536K)->546415K(705536K)
[22.681s][info ][gc,metaspace   ] GC(52) Metaspace: 67640K(68352K)->67640K(68352K) NonClass: 57820K(58240K)->57820K(58240K) Class: 9820K(10112K)->9820K(10112K)
[22.681s][info ][gc             ] GC(52) Pause Young (Allocation Failure) 1757M->597M(2369M) 43.454ms
[22.681s][info ][gc,cpu         ] GC(52) User=0.21s Sys=0.01s Real=0.04s
[22.681s][info ][safepoint      ] Safepoint "ParallelGCFailedAllocation", Time since last: 11320324 ns, Reaching safepoint: 126703 ns, At safepoint: 43564263 ns, Total: 43690966 ns
[22.700s][info ][safepoint      ] Safepoint "ICBufferFull", Time since last: 18806772 ns, Reaching safepoint: 139103 ns, At safepoint: 35301 ns, Total: 174404 ns
[22.734s][info ][safepoint      ] Safepoint "ICBufferFull", Time since last: 34096475 ns, Reaching safepoint: 142703 ns, At safepoint: 39701 ns, Total: 182404 ns
[22.749s][info ][safepoint      ] Safepoint "ICBufferFull", Time since last: 14038578 ns, Reaching safepoint: 131303 ns, At safepoint: 30300 ns, Total: 161603 ns
[22.815s][info ][safepoint      ] Safepoint "ICBufferFull", Time since last: 66153911 ns, Reaching safepoint: 149302 ns, At safepoint: 38701 ns, Total: 188003 ns
[22.845s][info ][safepoint      ] Safepoint "ICBufferFull", Time since last: 29817991 ns, Reaching safepoint: 152903 ns, At safepoint: 30300 ns, Total: 183203 ns
[22.845s][info ][safepoint      ] Safepoint "ICBufferFull", Time since last: 71802 ns, Reaching safepoint: 93402 ns, At safepoint: 22900 ns, Total: 116302 ns
[22.854s][info ][safepoint      ] Safepoint "ICBufferFull", Time since last: 9184582 ns, Reaching safepoint: 124503 ns, At safepoint: 32500 ns, Total: 157003 ns
[22.894s][info ][safepoint      ] Safepoint "ICBufferFull", Time since last: 39556484 ns, Reaching safepoint: 174003 ns, At safepoint: 28901 ns, Total: 202904 ns
[22.896s][info ][gc,start       ] GC(53) Pause Young (Allocation Failure)
[22.963s][debug][gc,phases      ] GC(53) Scavenge 66.650ms
[22.963s][debug][gc,ref         ] GC(53) Skipped phase 1 of Reference Processing: no references
[22.963s][debug][gc,ref         ] GC(53) ReferenceProcessor::execute queues: 1, RefProcThreadModel::Single, marks_oops_alive: false
[22.963s][debug][gc,ref         ] GC(53) Skipped phase 3 of Reference Processing: no references
[22.963s][debug][gc,ref         ] GC(53) ReferenceProcessor::execute queues: 1, RefProcThreadModel::Single, marks_oops_alive: false
[22.963s][debug][gc,phases      ] GC(53) Reference Processing 0.121ms
[22.963s][debug][gc,phases      ] GC(53)   VM Weak                        Min:  0.0, Avg:  0.0, Max:  0.0, Diff:  0.0, Sum:  0.0, Workers: 4
[22.963s][debug][gc,phases      ] GC(53)     Dead                           Min: 0, Avg:  0.0, Max: 0, Diff: 0, Sum: 0, Workers: 4
[22.963s][debug][gc,phases      ] GC(53)     Total                          Min: 0, Avg: 130.5, Max: 384, Diff: 384, Sum: 522, Workers: 4
[22.963s][debug][gc,phases      ] GC(53)   ObjectSynchronizer Weak        Min:  0.0, Avg:  0.0, Max:  0.0, Diff:  0.0, Sum:  0.0, Workers: 4
[22.963s][debug][gc,phases      ] GC(53)     Dead                           Min: 0, Avg:  0.0, Max: 0, Diff: 0, Sum: 0, Workers: 4
[22.963s][debug][gc,phases      ] GC(53)     Total                          Min: 0, Avg: 97.8, Max: 199, Diff: 199, Sum: 391, Workers: 4
[22.963s][debug][gc,phases      ] GC(53)   JVMTI Tag Weak OopStorage      Min:  0.0, Avg:  0.0, Max:  0.0, Diff:  0.0, Sum:  0.0, Workers: 4
[22.963s][debug][gc,phases      ] GC(53)     Dead                           Min: 0, Avg:  0.0, Max: 0, Diff: 0, Sum: 0, Workers: 4
[22.963s][debug][gc,phases      ] GC(53)     Total                          Min: 0, Avg:  0.0, Max: 0, Diff: 0, Sum: 0, Workers: 4
[22.963s][debug][gc,phases      ] GC(53)   StringTable Weak               Min:  0.1, Avg:  0.1, Max:  0.1, Diff:  0.0, Sum:  0.3, Workers: 4
[22.963s][debug][gc,phases      ] GC(53)     Dead                           Min: 0, Avg:  3.0, Max: 11, Diff: 11, Sum: 12, Workers: 4
[22.963s][debug][gc,phases      ] GC(53)     Total                          Min: 9088, Avg: 10594.8, Max: 11584, Diff: 2496, Sum: 42379, Workers: 4
[22.963s][debug][gc,phases      ] GC(53)   ResolvedMethodTable Weak       Min:  0.0, Avg:  0.0, Max:  0.0, Diff:  0.0, Sum:  0.1, Workers: 4
[22.963s][debug][gc,phases      ] GC(53)     Dead                           Min: 0, Avg:  0.0, Max: 0, Diff: 0, Sum: 0, Workers: 4
[22.963s][debug][gc,phases      ] GC(53)     Total                          Min: 1472, Avg: 1755.8, Max: 2034, Diff: 562, Sum: 7023, Workers: 4
[22.963s][debug][gc,phases      ] GC(53)   JNI Weak                       Min:  0.0, Avg:  0.0, Max:  0.0, Diff:  0.0, Sum:  0.0, Workers: 4
[22.963s][debug][gc,phases      ] GC(53)     Dead                           Min: 0, Avg:  0.0, Max: 0, Diff: 0, Sum: 0, Workers: 4
[22.963s][debug][gc,phases      ] GC(53)     Total                          Min: 0, Avg: 11.8, Max: 47, Diff: 47, Sum: 47, Workers: 4
[22.963s][debug][gc,phases      ] GC(53)   StringDedup Table Weak         Min:  0.0, Avg:  0.0, Max:  0.0, Diff:  0.0, Sum:  0.0, Workers: 4
[22.963s][debug][gc,phases      ] GC(53)     Dead                           Min: 0, Avg:  0.0, Max: 0, Diff: 0, Sum: 0, Workers: 4
[22.963s][debug][gc,phases      ] GC(53)     Total                          Min: 0, Avg:  0.0, Max: 0, Diff: 0, Sum: 0, Workers: 4
[22.963s][debug][gc,phases      ] GC(53)   StringDedup Requests0 Weak     Min:  0.0, Avg:  0.0, Max:  0.0, Diff:  0.0, Sum:  0.0, Workers: 4
[22.963s][debug][gc,phases      ] GC(53)     Dead                           Min: 0, Avg:  0.0, Max: 0, Diff: 0, Sum: 0, Workers: 4
[22.963s][debug][gc,phases      ] GC(53)     Total                          Min: 0, Avg:  0.0, Max: 0, Diff: 0, Sum: 0, Workers: 4
[22.963s][debug][gc,phases      ] GC(53)   StringDedup Requests1 Weak     Min:  0.0, Avg:  0.0, Max:  0.0, Diff:  0.0, Sum:  0.0, Workers: 4
[22.963s][debug][gc,phases      ] GC(53)     Dead                           Min: 0, Avg:  0.0, Max: 0, Diff: 0, Sum: 0, Workers: 4
[22.963s][debug][gc,phases      ] GC(53)     Total                          Min: 0, Avg:  0.0, Max: 0, Diff: 0, Sum: 0, Workers: 4
[22.963s][debug][gc,phases      ] GC(53)   Weak JFR Old Object Samples    Min:  0.0, Avg:  0.0, Max:  0.0, Diff:  0.0, Sum:  0.0, Workers: 4
[22.963s][debug][gc,phases      ] GC(53)     Dead                           Min: 0, Avg:  0.0, Max: 0, Diff: 0, Sum: 0, Workers: 4
[22.963s][debug][gc,phases      ] GC(53)     Total                          Min: 0, Avg:  0.0, Max: 0, Diff: 0, Sum: 0, Workers: 4
[22.963s][debug][gc,phases      ] GC(53) Weak Processing 0.292ms
[22.963s][debug][gc,age         ] GC(53) Desired survivor size 364904448 bytes, new threshold 15 (max threshold 15)
[22.963s][info ][gc,heap        ] GC(53) PSYoungGen: 1382018K(1720832K)->110626K(1693184K) Eden: 1316864K(1316864K)->0K(1316864K) From: 65154K(403968K)->110626K(376320K)
[22.963s][info ][gc,heap        ] GC(53) ParOldGen: 546415K(705536K)->550327K(705536K)
[22.963s][info ][gc,metaspace   ] GC(53) Metaspace: 67739K(68416K)->67739K(68416K) NonClass: 57911K(58304K)->57911K(58304K) Class: 9827K(10112K)->9827K(10112K)
[22.963s][info ][gc             ] GC(53) Pause Young (Allocation Failure) 1883M->645M(2342M) 67.183ms
[22.963s][info ][gc,cpu         ] GC(53) User=0.27s Sys=0.00s Real=0.07s
[22.963s][info ][safepoint      ] Safepoint "ParallelGCFailedAllocation", Time since last: 1854137 ns, Reaching safepoint: 100402 ns, At safepoint: 67294932 ns, Total: 67395334 ns
[23.010s][info ][safepoint      ] Safepoint "ICBufferFull", Time since last: 46730026 ns, Reaching safepoint: 121402 ns, At safepoint: 29101 ns, Total: 150503 ns
[23.021s][info ][safepoint      ] Safepoint "ICBufferFull", Time since last: 10312004 ns, Reaching safepoint: 134703 ns, At safepoint: 28401 ns, Total: 163104 ns
[23.044s][info ][safepoint      ] Safepoint "ICBufferFull", Time since last: 23302761 ns, Reaching safepoint: 129903 ns, At safepoint: 29300 ns, Total: 159203 ns
[23.078s][info ][safepoint      ] Safepoint "ICBufferFull", Time since last: 34082975 ns, Reaching safepoint: 131803 ns, At safepoint: 22700 ns, Total: 154503 ns
[23.113s][info ][safepoint      ] Safepoint "ICBufferFull", Time since last: 34642487 ns, Reaching safepoint: 129502 ns, At safepoint: 25601 ns, Total: 155103 ns
[23.117s][info ][safepoint      ] Safepoint "ICBufferFull", Time since last: 3825775 ns, Reaching safepoint: 118703 ns, At safepoint: 25300 ns, Total: 144003 ns
[23.141s][info ][safepoint      ] Safepoint "ICBufferFull", Time since last: 23342263 ns, Reaching safepoint: 130702 ns, At safepoint: 25801 ns, Total: 156503 ns
[23.224s][info ][gc,start       ] GC(54) Pause Young (Allocation Failure)
[23.303s][debug][gc,phases      ] GC(54) Scavenge 78.864ms
[23.303s][debug][gc,ref         ] GC(54) Skipped phase 1 of Reference Processing: no references
[23.303s][debug][gc,ref         ] GC(54) ReferenceProcessor::execute queues: 1, RefProcThreadModel::Single, marks_oops_alive: false
[23.303s][debug][gc,ref         ] GC(54) Skipped phase 3 of Reference Processing: no references
[23.303s][debug][gc,ref         ] GC(54) Skipped phase 4 of Reference Processing: no references
[23.303s][debug][gc,phases      ] GC(54) Reference Processing 0.133ms
[23.303s][debug][gc,phases      ] GC(54)   VM Weak                        Min:  0.0, Avg:  0.0, Max:  0.0, Diff:  0.0, Sum:  0.0, Workers: 4
[23.303s][debug][gc,phases      ] GC(54)     Dead                           Min: 0, Avg:  0.0, Max: 0, Diff: 0, Sum: 0, Workers: 4
[23.303s][debug][gc,phases      ] GC(54)     Total                          Min: 0, Avg: 130.5, Max: 330, Diff: 330, Sum: 522, Workers: 4
[23.303s][debug][gc,phases      ] GC(54)   ObjectSynchronizer Weak        Min:  0.0, Avg:  0.0, Max:  0.0, Diff:  0.0, Sum:  0.0, Workers: 4
[23.303s][debug][gc,phases      ] GC(54)     Dead                           Min: 0, Avg:  0.0, Max: 0, Diff: 0, Sum: 0, Workers: 4
[23.303s][debug][gc,phases      ] GC(54)     Total                          Min: 0, Avg: 97.8, Max: 199, Diff: 199, Sum: 391, Workers: 4
[23.303s][debug][gc,phases      ] GC(54)   JVMTI Tag Weak OopStorage      Min:  0.0, Avg:  0.0, Max:  0.0, Diff:  0.0, Sum:  0.0, Workers: 4
[23.303s][debug][gc,phases      ] GC(54)     Dead                           Min: 0, Avg:  0.0, Max: 0, Diff: 0, Sum: 0, Workers: 4
[23.303s][debug][gc,phases      ] GC(54)     Total                          Min: 0, Avg:  0.0, Max: 0, Diff: 0, Sum: 0, Workers: 4
[23.303s][debug][gc,phases      ] GC(54)   StringTable Weak               Min:  0.1, Avg:  0.1, Max:  0.1, Diff:  0.0, Sum:  0.4, Workers: 4
[23.303s][debug][gc,phases      ] GC(54)     Dead                           Min: 0, Avg:  0.0, Max: 0, Diff: 0, Sum: 0, Workers: 4
[23.303s][debug][gc,phases      ] GC(54)     Total                          Min: 9408, Avg: 10594.8, Max: 11647, Diff: 2239, Sum: 42379, Workers: 4
[23.303s][debug][gc,phases      ] GC(54)   ResolvedMethodTable Weak       Min:  0.0, Avg:  0.0, Max:  0.0, Diff:  0.0, Sum:  0.1, Workers: 4
[23.303s][debug][gc,phases      ] GC(54)     Dead                           Min: 0, Avg:  0.0, Max: 0, Diff: 0, Sum: 0, Workers: 4
[23.303s][debug][gc,phases      ] GC(54)     Total                          Min: 1714, Avg: 1755.8, Max: 1855, Diff: 141, Sum: 7023, Workers: 4
[23.303s][debug][gc,phases      ] GC(54)   JNI Weak                       Min:  0.0, Avg:  0.0, Max:  0.0, Diff:  0.0, Sum:  0.0, Workers: 4
[23.303s][debug][gc,phases      ] GC(54)     Dead                           Min: 0, Avg:  0.0, Max: 0, Diff: 0, Sum: 0, Workers: 4
[23.303s][debug][gc,phases      ] GC(54)     Total                          Min: 0, Avg: 12.5, Max: 50, Diff: 50, Sum: 50, Workers: 4
[23.303s][debug][gc,phases      ] GC(54)   StringDedup Table Weak         Min:  0.0, Avg:  0.0, Max:  0.0, Diff:  0.0, Sum:  0.0, Workers: 4
[23.303s][debug][gc,phases      ] GC(54)     Dead                           Min: 0, Avg:  0.0, Max: 0, Diff: 0, Sum: 0, Workers: 4
[23.303s][debug][gc,phases      ] GC(54)     Total                          Min: 0, Avg:  0.0, Max: 0, Diff: 0, Sum: 0, Workers: 4
[23.303s][debug][gc,phases      ] GC(54)   StringDedup Requests0 Weak     Min:  0.0, Avg:  0.0, Max:  0.0, Diff:  0.0, Sum:  0.0, Workers: 4
[23.303s][debug][gc,phases      ] GC(54)     Dead                           Min: 0, Avg:  0.0, Max: 0, Diff: 0, Sum: 0, Workers: 4
[23.303s][debug][gc,phases      ] GC(54)     Total                          Min: 0, Avg:  0.0, Max: 0, Diff: 0, Sum: 0, Workers: 4
[23.303s][debug][gc,phases      ] GC(54)   StringDedup Requests1 Weak     Min:  0.0, Avg:  0.0, Max:  0.0, Diff:  0.0, Sum:  0.0, Workers: 4
[23.303s][debug][gc,phases      ] GC(54)     Dead                           Min: 0, Avg:  0.0, Max: 0, Diff: 0, Sum: 0, Workers: 4
[23.303s][debug][gc,phases      ] GC(54)     Total                          Min: 0, Avg:  0.0, Max: 0, Diff: 0, Sum: 0, Workers: 4
[23.303s][debug][gc,phases      ] GC(54)   Weak JFR Old Object Samples    Min:  0.0, Avg:  0.0, Max:  0.0, Diff:  0.0, Sum:  0.0, Workers: 4
[23.303s][debug][gc,phases      ] GC(54)     Dead                           Min: 0, Avg:  0.0, Max: 0, Diff: 0, Sum: 0, Workers: 4
[23.303s][debug][gc,phases      ] GC(54)     Total                          Min: 0, Avg:  0.0, Max: 0, Diff: 0, Sum: 0, Workers: 4
[23.303s][debug][gc,phases      ] GC(54) Weak Processing 0.331ms
[23.303s][debug][gc,age         ] GC(54) Desired survivor size 350224384 bytes, new threshold 15 (max threshold 15)
[23.303s][info ][gc,heap        ] GC(54) PSYoungGen: 1427490K(1693184K)->122226K(1755136K) Eden: 1316864K(1316864K)->0K(1398784K) From: 110626K(376320K)->122226K(356352K)
[23.303s][info ][gc,heap        ] GC(54) ParOldGen: 550327K(705536K)->552039K(705536K)
[23.303s][info ][gc,metaspace   ] GC(54) Metaspace: 67746K(68416K)->67746K(68416K) NonClass: 57918K(58304K)->57918K(58304K) Class: 9827K(10112K)->9827K(10112K)
[23.303s][info ][gc             ] GC(54) Pause Young (Allocation Failure) 1931M->658M(2403M) 79.475ms
[23.303s][info ][gc,cpu         ] GC(54) User=0.38s Sys=0.00s Real=0.08s
[23.303s][info ][safepoint      ] Safepoint "ParallelGCFailedAllocation", Time since last: 82772939 ns, Reaching safepoint: 175604 ns, At safepoint: 79610177 ns, Total: 79785781 ns
[23.612s][info ][gc,start       ] GC(55) Pause Young (Allocation Failure)
[23.687s][debug][gc,phases      ] GC(55) Scavenge 74.757ms
[23.687s][debug][gc,ref         ] GC(55) Skipped phase 1 of Reference Processing: no references
[23.687s][debug][gc,ref         ] GC(55) ReferenceProcessor::execute queues: 1, RefProcThreadModel::Single, marks_oops_alive: false
[23.687s][debug][gc,ref         ] GC(55) Skipped phase 3 of Reference Processing: no references
[23.687s][debug][gc,ref         ] GC(55) Skipped phase 4 of Reference Processing: no references
[23.687s][debug][gc,phases      ] GC(55) Reference Processing 0.116ms
[23.688s][debug][gc,phases      ] GC(55)   VM Weak                        Min:  0.0, Avg:  0.0, Max:  0.0, Diff:  0.0, Sum:  0.0, Workers: 4
[23.688s][debug][gc,phases      ] GC(55)     Dead                           Min: 0, Avg:  0.0, Max: 0, Diff: 0, Sum: 0, Workers: 4
[23.688s][debug][gc,phases      ] GC(55)     Total                          Min: 0, Avg: 130.5, Max: 522, Diff: 522, Sum: 522, Workers: 4
[23.688s][debug][gc,phases      ] GC(55)   ObjectSynchronizer Weak        Min:  0.0, Avg:  0.0, Max:  0.0, Diff:  0.0, Sum:  0.0, Workers: 4
[23.688s][debug][gc,phases      ] GC(55)     Dead                           Min: 0, Avg:  0.0, Max: 0, Diff: 0, Sum: 0, Workers: 4
[23.688s][debug][gc,phases      ] GC(55)     Total                          Min: 0, Avg: 97.8, Max: 391, Diff: 391, Sum: 391, Workers: 4
[23.688s][debug][gc,phases      ] GC(55)   JVMTI Tag Weak OopStorage      Min:  0.0, Avg:  0.0, Max:  0.0, Diff:  0.0, Sum:  0.0, Workers: 4
[23.688s][debug][gc,phases      ] GC(55)     Dead                           Min: 0, Avg:  0.0, Max: 0, Diff: 0, Sum: 0, Workers: 4
[23.688s][debug][gc,phases      ] GC(55)     Total                          Min: 0, Avg:  0.0, Max: 0, Diff: 0, Sum: 0, Workers: 4
[23.688s][debug][gc,phases      ] GC(55)   StringTable Weak               Min:  0.1, Avg:  0.1, Max:  0.1, Diff:  0.0, Sum:  0.3, Workers: 4
[23.688s][debug][gc,phases      ] GC(55)     Dead                           Min: 0, Avg:  2.8, Max: 11, Diff: 11, Sum: 11, Workers: 4
[23.688s][debug][gc,phases      ] GC(55)     Total                          Min: 9111, Avg: 10594.8, Max: 12025, Diff: 2914, Sum: 42379, Workers: 4
[23.688s][debug][gc,phases      ] GC(55)   ResolvedMethodTable Weak       Min:  0.0, Avg:  0.0, Max:  0.0, Diff:  0.0, Sum:  0.1, Workers: 4
[23.688s][debug][gc,phases      ] GC(55)     Dead                           Min: 0, Avg:  0.0, Max: 0, Diff: 0, Sum: 0, Workers: 4
[23.688s][debug][gc,phases      ] GC(55)     Total                          Min: 1472, Avg: 1755.8, Max: 1983, Diff: 511, Sum: 7023, Workers: 4
[23.688s][debug][gc,phases      ] GC(55)   JNI Weak                       Min:  0.0, Avg:  0.0, Max:  0.0, Diff:  0.0, Sum:  0.0, Workers: 4
[23.688s][debug][gc,phases      ] GC(55)     Dead                           Min: 0, Avg:  0.0, Max: 0, Diff: 0, Sum: 0, Workers: 4
[23.688s][debug][gc,phases      ] GC(55)     Total                          Min: 0, Avg:  2.5, Max: 10, Diff: 10, Sum: 10, Workers: 4
[23.688s][debug][gc,phases      ] GC(55)   StringDedup Table Weak         Min:  0.0, Avg:  0.0, Max:  0.0, Diff:  0.0, Sum:  0.0, Workers: 4
[23.688s][debug][gc,phases      ] GC(55)     Dead                           Min: 0, Avg:  0.0, Max: 0, Diff: 0, Sum: 0, Workers: 4
[23.688s][debug][gc,phases      ] GC(55)     Total                          Min: 0, Avg:  0.0, Max: 0, Diff: 0, Sum: 0, Workers: 4
[23.688s][debug][gc,phases      ] GC(55)   StringDedup Requests0 Weak     Min:  0.0, Avg:  0.0, Max:  0.0, Diff:  0.0, Sum:  0.0, Workers: 4
[23.688s][debug][gc,phases      ] GC(55)     Dead                           Min: 0, Avg:  0.0, Max: 0, Diff: 0, Sum: 0, Workers: 4
[23.688s][debug][gc,phases      ] GC(55)     Total                          Min: 0, Avg:  0.0, Max: 0, Diff: 0, Sum: 0, Workers: 4
[23.688s][debug][gc,phases      ] GC(55)   StringDedup Requests1 Weak     Min:  0.0, Avg:  0.0, Max:  0.0, Diff:  0.0, Sum:  0.0, Workers: 4
[23.688s][debug][gc,phases      ] GC(55)     Dead                           Min: 0, Avg:  0.0, Max: 0, Diff: 0, Sum: 0, Workers: 4
[23.688s][debug][gc,phases      ] GC(55)     Total                          Min: 0, Avg:  0.0, Max: 0, Diff: 0, Sum: 0, Workers: 4
[23.688s][debug][gc,phases      ] GC(55)   Weak JFR Old Object Samples    Min:  0.0, Avg:  0.0, Max:  0.0, Diff:  0.0, Sum:  0.0, Workers: 4
[23.688s][debug][gc,phases      ] GC(55)     Dead                           Min: 0, Avg:  0.0, Max: 0, Diff: 0, Sum: 0, Workers: 4
[23.688s][debug][gc,phases      ] GC(55)     Total                          Min: 0, Avg:  0.0, Max: 0, Diff: 0, Sum: 0, Workers: 4
[23.688s][debug][gc,phases      ] GC(55) Weak Processing 0.292ms
[23.688s][debug][gc,age         ] GC(55) Desired survivor size 341835776 bytes, new threshold 15 (max threshold 15)
[23.688s][info ][gc,heap        ] GC(55) PSYoungGen: 1521010K(1755136K)->137186K(1740800K) Eden: 1398784K(1398784K)->0K(1398784K) From: 122226K(356352K)->137186K(342016K)
[23.688s][info ][gc,heap        ] GC(55) ParOldGen: 552039K(705536K)->555767K(705536K)
[23.688s][info ][gc,metaspace   ] GC(55) Metaspace: 67752K(68416K)->67752K(68416K) NonClass: 57924K(58304K)->57924K(58304K) Class: 9827K(10112K)->9827K(10112K)
[23.688s][info ][gc             ] GC(55) Pause Young (Allocation Failure) 2024M->676M(2389M) 75.318ms
[23.688s][info ][gc,cpu         ] GC(55) User=0.30s Sys=0.00s Real=0.07s
[23.688s][info ][safepoint      ] Safepoint "ParallelGCFailedAllocation", Time since last: 308951419 ns, Reaching safepoint: 149403 ns, At safepoint: 75436194 ns, Total: 75585597 ns
[23.964s][info ][gc,start       ] GC(56) Pause Young (Allocation Failure)
[24.055s][debug][gc,phases      ] GC(56) Scavenge 91.146ms
[24.055s][debug][gc,ref         ] GC(56) Skipped phase 1 of Reference Processing: no references
[24.055s][debug][gc,ref         ] GC(56) ReferenceProcessor::execute queues: 1, RefProcThreadModel::Single, marks_oops_alive: false
[24.055s][debug][gc,ref         ] GC(56) Skipped phase 3 of Reference Processing: no references
[24.055s][debug][gc,ref         ] GC(56) Skipped phase 4 of Reference Processing: no references
[24.055s][debug][gc,phases      ] GC(56) Reference Processing 0.122ms
[24.055s][debug][gc,phases      ] GC(56)   VM Weak                        Min:  0.0, Avg:  0.0, Max:  0.0, Diff:  0.0, Sum:  0.0, Workers: 4
[24.055s][debug][gc,phases      ] GC(56)     Dead                           Min: 0, Avg:  0.0, Max: 0, Diff: 0, Sum: 0, Workers: 4
[24.055s][debug][gc,phases      ] GC(56)     Total                          Min: 0, Avg: 130.5, Max: 330, Diff: 330, Sum: 522, Workers: 4
[24.055s][debug][gc,phases      ] GC(56)   ObjectSynchronizer Weak        Min:  0.0, Avg:  0.0, Max:  0.0, Diff:  0.0, Sum:  0.0, Workers: 4
[24.055s][debug][gc,phases      ] GC(56)     Dead                           Min: 0, Avg:  0.0, Max: 0, Diff: 0, Sum: 0, Workers: 4
[24.055s][debug][gc,phases      ] GC(56)     Total                          Min: 0, Avg: 97.8, Max: 192, Diff: 192, Sum: 391, Workers: 4
[24.055s][debug][gc,phases      ] GC(56)   JVMTI Tag Weak OopStorage      Min:  0.0, Avg:  0.0, Max:  0.0, Diff:  0.0, Sum:  0.0, Workers: 4
[24.055s][debug][gc,phases      ] GC(56)     Dead                           Min: 0, Avg:  0.0, Max: 0, Diff: 0, Sum: 0, Workers: 4
[24.055s][debug][gc,phases      ] GC(56)     Total                          Min: 0, Avg:  0.0, Max: 0, Diff: 0, Sum: 0, Workers: 4
[24.055s][debug][gc,phases      ] GC(56)   StringTable Weak               Min:  0.1, Avg:  0.1, Max:  0.1, Diff:  0.0, Sum:  0.4, Workers: 4
[24.055s][debug][gc,phases      ] GC(56)     Dead                           Min: 0, Avg:  2.8, Max: 11, Diff: 11, Sum: 11, Workers: 4
[24.055s][debug][gc,phases      ] GC(56)     Total                          Min: 9582, Avg: 10600.5, Max: 11445, Diff: 1863, Sum: 42402, Workers: 4
[24.055s][debug][gc,phases      ] GC(56)   ResolvedMethodTable Weak       Min:  0.0, Avg:  0.0, Max:  0.0, Diff:  0.0, Sum:  0.1, Workers: 4
[24.055s][debug][gc,phases      ] GC(56)     Dead                           Min: 0, Avg:  0.0, Max: 0, Diff: 0, Sum: 0, Workers: 4
[24.055s][debug][gc,phases      ] GC(56)     Total                          Min: 1600, Avg: 1755.8, Max: 2047, Diff: 447, Sum: 7023, Workers: 4
[24.055s][debug][gc,phases      ] GC(56)   JNI Weak                       Min:  0.0, Avg:  0.0, Max:  0.0, Diff:  0.0, Sum:  0.0, Workers: 4
[24.055s][debug][gc,phases      ] GC(56)     Dead                           Min: 0, Avg:  0.0, Max: 0, Diff: 0, Sum: 0, Workers: 4
[24.055s][debug][gc,phases      ] GC(56)     Total                          Min: 0, Avg:  1.0, Max: 4, Diff: 4, Sum: 4, Workers: 4
[24.055s][debug][gc,phases      ] GC(56)   StringDedup Table Weak         Min:  0.0, Avg:  0.0, Max:  0.0, Diff:  0.0, Sum:  0.0, Workers: 4
[24.055s][debug][gc,phases      ] GC(56)     Dead                           Min: 0, Avg:  0.0, Max: 0, Diff: 0, Sum: 0, Workers: 4
[24.055s][debug][gc,phases      ] GC(56)     Total                          Min: 0, Avg:  0.0, Max: 0, Diff: 0, Sum: 0, Workers: 4
[24.055s][debug][gc,phases      ] GC(56)   StringDedup Requests0 Weak     Min:  0.0, Avg:  0.0, Max:  0.0, Diff:  0.0, Sum:  0.0, Workers: 4
[24.055s][debug][gc,phases      ] GC(56)     Dead                           Min: 0, Avg:  0.0, Max: 0, Diff: 0, Sum: 0, Workers: 4
[24.055s][debug][gc,phases      ] GC(56)     Total                          Min: 0, Avg:  0.0, Max: 0, Diff: 0, Sum: 0, Workers: 4
[24.055s][debug][gc,phases      ] GC(56)   StringDedup Requests1 Weak     Min:  0.0, Avg:  0.0, Max:  0.0, Diff:  0.0, Sum:  0.0, Workers: 4
[24.055s][debug][gc,phases      ] GC(56)     Dead                           Min: 0, Avg:  0.0, Max: 0, Diff: 0, Sum: 0, Workers: 4
[24.055s][debug][gc,phases      ] GC(56)     Total                          Min: 0, Avg:  0.0, Max: 0, Diff: 0, Sum: 0, Workers: 4
[24.055s][debug][gc,phases      ] GC(56)   Weak JFR Old Object Samples    Min:  0.0, Avg:  0.0, Max:  0.0, Diff:  0.0, Sum:  0.0, Workers: 4
[24.055s][debug][gc,phases      ] GC(56)     Dead                           Min: 0, Avg:  0.0, Max: 0, Diff: 0, Sum: 0, Workers: 4
[24.055s][debug][gc,phases      ] GC(56)     Total                          Min: 0, Avg:  0.0, Max: 0, Diff: 0, Sum: 0, Workers: 4
[24.055s][debug][gc,phases      ] GC(56) Weak Processing 0.313ms
[24.055s][debug][gc,age         ] GC(56) Desired survivor size 337117184 bytes, new threshold 15 (max threshold 15)
[24.055s][info ][gc,heap        ] GC(56) PSYoungGen: 1535970K(1740800K)->148930K(1767936K) Eden: 1398784K(1398784K)->0K(1434112K) From: 137186K(342016K)->148930K(333824K)
[24.055s][info ][gc,heap        ] GC(56) ParOldGen: 555767K(705536K)->557199K(705536K)
[24.055s][info ][gc,metaspace   ] GC(56) Metaspace: 67763K(68416K)->67763K(68416K) NonClass: 57935K(58304K)->57935K(58304K) Class: 9827K(10112K)->9827K(10112K)
[24.055s][info ][gc             ] GC(56) Pause Young (Allocation Failure) 2042M->689M(2415M) 91.739ms
[24.055s][info ][gc,cpu         ] GC(56) User=0.37s Sys=0.00s Real=0.09s
[24.055s][info ][safepoint      ] Safepoint "ParallelGCFailedAllocation", Time since last: 275609459 ns, Reaching safepoint: 162404 ns, At safepoint: 91855119 ns, Total: 92017523 ns
[24.136s][info ][safepoint      ] Safepoint "ICBufferFull", Time since last: 80741199 ns, Reaching safepoint: 145503 ns, At safepoint: 37501 ns, Total: 183004 ns
[24.170s][info ][safepoint      ] Safepoint "ICBufferFull", Time since last: 33815770 ns, Reaching safepoint: 155003 ns, At safepoint: 31900 ns, Total: 186903 ns
[24.195s][info ][safepoint      ] Safepoint "ICBufferFull", Time since last: 24503386 ns, Reaching safepoint: 132702 ns, At safepoint: 29201 ns, Total: 161903 ns
[24.207s][info ][safepoint      ] Safepoint "ICBufferFull", Time since last: 11641531 ns, Reaching safepoint: 135102 ns, At safepoint: 30301 ns, Total: 165403 ns
[24.226s][info ][safepoint      ] Safepoint "ICBufferFull", Time since last: 19267381 ns, Reaching safepoint: 119103 ns, At safepoint: 27900 ns, Total: 147003 ns
[24.258s][info ][safepoint      ] Safepoint "ICBufferFull", Time since last: 31857031 ns, Reaching safepoint: 125603 ns, At safepoint: 22000 ns, Total: 147603 ns
[24.263s][info ][safepoint      ] Safepoint "ICBufferFull", Time since last: 4103582 ns, Reaching safepoint: 103802 ns, At safepoint: 24500 ns, Total: 128302 ns
[24.284s][info ][safepoint      ] Safepoint "ICBufferFull", Time since last: 18094258 ns, Reaching safepoint: 3184664 ns, At safepoint: 35600 ns, Total: 3220264 ns
[24.299s][info ][safepoint      ] Safepoint "ICBufferFull", Time since last: 15303803 ns, Reaching safepoint: 153603 ns, At safepoint: 26501 ns, Total: 180104 ns
[24.324s][info ][safepoint      ] Safepoint "ICBufferFull", Time since last: 23223860 ns, Reaching safepoint: 1071521 ns, At safepoint: 31101 ns, Total: 1102622 ns
[24.325s][info ][gc,start       ] GC(57) Pause Young (Allocation Failure)
[24.408s][debug][gc,phases      ] GC(57) Scavenge 82.573ms
[24.408s][debug][gc,ref         ] GC(57) Skipped phase 1 of Reference Processing: no references
[24.408s][debug][gc,ref         ] GC(57) ReferenceProcessor::execute queues: 1, RefProcThreadModel::Single, marks_oops_alive: false
[24.408s][debug][gc,ref         ] GC(57) Skipped phase 3 of Reference Processing: no references
[24.408s][debug][gc,ref         ] GC(57) ReferenceProcessor::execute queues: 1, RefProcThreadModel::Single, marks_oops_alive: false
[24.408s][debug][gc,phases      ] GC(57) Reference Processing 0.118ms
[24.408s][debug][gc,phases      ] GC(57)   VM Weak                        Min:  0.0, Avg:  0.0, Max:  0.0, Diff:  0.0, Sum:  0.0, Workers: 4
[24.408s][debug][gc,phases      ] GC(57)     Dead                           Min: 0, Avg:  0.0, Max: 0, Diff: 0, Sum: 0, Workers: 4
[24.408s][debug][gc,phases      ] GC(57)     Total                          Min: 0, Avg: 130.8, Max: 459, Diff: 459, Sum: 523, Workers: 4
[24.408s][debug][gc,phases      ] GC(57)   ObjectSynchronizer Weak        Min:  0.0, Avg:  0.0, Max:  0.0, Diff:  0.0, Sum:  0.0, Workers: 4
[24.408s][debug][gc,phases      ] GC(57)     Dead                           Min: 0, Avg:  0.0, Max: 0, Diff: 0, Sum: 0, Workers: 4
[24.408s][debug][gc,phases      ] GC(57)     Total                          Min: 0, Avg: 97.8, Max: 192, Diff: 192, Sum: 391, Workers: 4
[24.408s][debug][gc,phases      ] GC(57)   JVMTI Tag Weak OopStorage      Min:  0.0, Avg:  0.0, Max:  0.0, Diff:  0.0, Sum:  0.0, Workers: 4
[24.408s][debug][gc,phases      ] GC(57)     Dead                           Min: 0, Avg:  0.0, Max: 0, Diff: 0, Sum: 0, Workers: 4
[24.408s][debug][gc,phases      ] GC(57)     Total                          Min: 0, Avg:  0.0, Max: 0, Diff: 0, Sum: 0, Workers: 4
[24.408s][debug][gc,phases      ] GC(57)   StringTable Weak               Min:  0.1, Avg:  0.1, Max:  0.1, Diff:  0.0, Sum:  0.4, Workers: 4
[24.408s][debug][gc,phases      ] GC(57)     Dead                           Min: 0, Avg:  2.8, Max: 11, Diff: 11, Sum: 11, Workers: 4
[24.408s][debug][gc,phases      ] GC(57)     Total                          Min: 9659, Avg: 10606.8, Max: 12288, Diff: 2629, Sum: 42427, Workers: 4
[24.408s][debug][gc,phases      ] GC(57)   ResolvedMethodTable Weak       Min:  0.0, Avg:  0.0, Max:  0.0, Diff:  0.0, Sum:  0.1, Workers: 4
[24.408s][debug][gc,phases      ] GC(57)     Dead                           Min: 0, Avg:  1.8, Max: 5, Diff: 5, Sum: 7, Workers: 4
[24.408s][debug][gc,phases      ] GC(57)     Total                          Min: 1664, Avg: 1760.2, Max: 1856, Diff: 192, Sum: 7041, Workers: 4
[24.408s][debug][gc,phases      ] GC(57)   JNI Weak                       Min:  0.0, Avg:  0.0, Max:  0.0, Diff:  0.0, Sum:  0.0, Workers: 4
[24.408s][debug][gc,phases      ] GC(57)     Dead                           Min: 0, Avg:  0.0, Max: 0, Diff: 0, Sum: 0, Workers: 4
[24.408s][debug][gc,phases      ] GC(57)     Total                          Min: 0, Avg:  3.5, Max: 14, Diff: 14, Sum: 14, Workers: 4
[24.408s][debug][gc,phases      ] GC(57)   StringDedup Table Weak         Min:  0.0, Avg:  0.0, Max:  0.0, Diff:  0.0, Sum:  0.0, Workers: 4
[24.408s][debug][gc,phases      ] GC(57)     Dead                           Min: 0, Avg:  0.0, Max: 0, Diff: 0, Sum: 0, Workers: 4
[24.408s][debug][gc,phases      ] GC(57)     Total                          Min: 0, Avg:  0.0, Max: 0, Diff: 0, Sum: 0, Workers: 4
[24.408s][debug][gc,phases      ] GC(57)   StringDedup Requests0 Weak     Min:  0.0, Avg:  0.0, Max:  0.0, Diff:  0.0, Sum:  0.0, Workers: 4
[24.408s][debug][gc,phases      ] GC(57)     Dead                           Min: 0, Avg:  0.0, Max: 0, Diff: 0, Sum: 0, Workers: 4
[24.408s][debug][gc,phases      ] GC(57)     Total                          Min: 0, Avg:  0.0, Max: 0, Diff: 0, Sum: 0, Workers: 4
[24.408s][debug][gc,phases      ] GC(57)   StringDedup Requests1 Weak     Min:  0.0, Avg:  0.0, Max:  0.0, Diff:  0.0, Sum:  0.0, Workers: 4
[24.408s][debug][gc,phases      ] GC(57)     Dead                           Min: 0, Avg:  0.0, Max: 0, Diff: 0, Sum: 0, Workers: 4
[24.408s][debug][gc,phases      ] GC(57)     Total                          Min: 0, Avg:  0.0, Max: 0, Diff: 0, Sum: 0, Workers: 4
[24.408s][debug][gc,phases      ] GC(57)   Weak JFR Old Object Samples    Min:  0.0, Avg:  0.0, Max:  0.0, Diff:  0.0, Sum:  0.0, Workers: 4
[24.408s][debug][gc,phases      ] GC(57)     Dead                           Min: 0, Avg:  0.0, Max: 0, Diff: 0, Sum: 0, Workers: 4
[24.408s][debug][gc,phases      ] GC(57)     Total                          Min: 0, Avg:  0.0, Max: 0, Diff: 0, Sum: 0, Workers: 4
[24.408s][debug][gc,phases      ] GC(57) Weak Processing 0.306ms
[24.408s][debug][gc,age         ] GC(57) Desired survivor size 336592896 bytes, new threshold 15 (max threshold 15)
[24.408s][info ][gc,heap        ] GC(57) PSYoungGen: 1583042K(1767936K)->161202K(1763328K) Eden: 1434112K(1434112K)->0K(1434112K) From: 148930K(333824K)->161202K(329216K)
[24.408s][info ][gc,heap        ] GC(57) ParOldGen: 557199K(705536K)->557319K(705536K)
[24.408s][info ][gc,metaspace   ] GC(57) Metaspace: 67799K(68480K)->67799K(68480K) NonClass: 57962K(58368K)->57962K(58368K) Class: 9836K(10112K)->9836K(10112K)
[24.408s][info ][gc             ] GC(57) Pause Young (Allocation Failure) 2090M->701M(2411M) 83.119ms
[24.408s][info ][gc,cpu         ] GC(57) User=0.33s Sys=0.00s Real=0.08s
[24.408s][info ][safepoint      ] Safepoint "ParallelGCFailedAllocation", Time since last: 1273225 ns, Reaching safepoint: 108902 ns, At safepoint: 83230549 ns, Total: 83339451 ns
[24.432s][info ][safepoint      ] Safepoint "ICBufferFull", Time since last: 23504365 ns, Reaching safepoint: 193904 ns, At safepoint: 30101 ns, Total: 224005 ns
[24.447s][info ][safepoint      ] Safepoint "ICBufferFull", Time since last: 15242802 ns, Reaching safepoint: 123702 ns, At safepoint: 26501 ns, Total: 150203 ns
[24.466s][info ][safepoint      ] Safepoint "ICBufferFull", Time since last: 18207560 ns, Reaching safepoint: 138103 ns, At safepoint: 22500 ns, Total: 160603 ns
[24.474s][info ][safepoint      ] Safepoint "ICBufferFull", Time since last: 3711774 ns, Reaching safepoint: 4294685 ns, At safepoint: 30501 ns, Total: 4325186 ns
[24.511s][info ][safepoint      ] Safepoint "ICBufferFull", Time since last: 36902831 ns, Reaching safepoint: 136002 ns, At safepoint: 25001 ns, Total: 161003 ns
[24.543s][info ][safepoint      ] Safepoint "ICBufferFull", Time since last: 31988233 ns, Reaching safepoint: 137203 ns, At safepoint: 27201 ns, Total: 164404 ns
[24.578s][info ][safepoint      ] Safepoint "ICBufferFull", Time since last: 34788789 ns, Reaching safepoint: 499310 ns, At safepoint: 32300 ns, Total: 531610 ns
[24.587s][info ][safepoint      ] Safepoint "ICBufferFull", Time since last: 7883556 ns, Reaching safepoint: 875018 ns, At safepoint: 27800 ns, Total: 902818 ns
[24.605s][info ][safepoint      ] Safepoint "ICBufferFull", Time since last: 17910355 ns, Reaching safepoint: 144003 ns, At safepoint: 25800 ns, Total: 169803 ns
[24.643s][info ][safepoint      ] Safepoint "ICBufferFull", Time since last: 38040054 ns, Reaching safepoint: 137002 ns, At safepoint: 23801 ns, Total: 160803 ns
[24.660s][info ][safepoint      ] Safepoint "ICBufferFull", Time since last: 16237222 ns, Reaching safepoint: 119002 ns, At safepoint: 26700 ns, Total: 145702 ns
[24.686s][info ][safepoint      ] Safepoint "ICBufferFull", Time since last: 25604408 ns, Reaching safepoint: 124402 ns, At safepoint: 26601 ns, Total: 151003 ns
[24.701s][info ][safepoint      ] Safepoint "ICBufferFull", Time since last: 15077698 ns, Reaching safepoint: 71702 ns, At safepoint: 22300 ns, Total: 94002 ns
[24.735s][info ][safepoint      ] Safepoint "ICBufferFull", Time since last: 31886232 ns, Reaching safepoint: 2141742 ns, At safepoint: 30201 ns, Total: 2171943 ns
[24.739s][info ][safepoint      ] Safepoint "ICBufferFull", Time since last: 3837476 ns, Reaching safepoint: 98702 ns, At safepoint: 23700 ns, Total: 122402 ns
[24.742s][info ][gc,start       ] GC(58) Pause Young (Allocation Failure)
[24.841s][debug][gc,phases      ] GC(58) Scavenge 98.699ms
[24.841s][debug][gc,ref         ] GC(58) Skipped phase 1 of Reference Processing: no references
[24.841s][debug][gc,ref         ] GC(58) ReferenceProcessor::execute queues: 1, RefProcThreadModel::Single, marks_oops_alive: false
[24.841s][debug][gc,ref         ] GC(58) Skipped phase 3 of Reference Processing: no references
[24.841s][debug][gc,ref         ] GC(58) Skipped phase 4 of Reference Processing: no references
[24.841s][debug][gc,phases      ] GC(58) Reference Processing 0.113ms
[24.841s][debug][gc,phases      ] GC(58)   VM Weak                        Min:  0.0, Avg:  0.0, Max:  0.0, Diff:  0.0, Sum:  0.0, Workers: 4
[24.841s][debug][gc,phases      ] GC(58)     Dead                           Min: 0, Avg:  0.0, Max: 0, Diff: 0, Sum: 0, Workers: 4
[24.841s][debug][gc,phases      ] GC(58)     Total                          Min: 0, Avg: 130.8, Max: 267, Diff: 267, Sum: 523, Workers: 4
[24.841s][debug][gc,phases      ] GC(58)   ObjectSynchronizer Weak        Min:  0.0, Avg:  0.0, Max:  0.0, Diff:  0.0, Sum:  0.0, Workers: 4
[24.841s][debug][gc,phases      ] GC(58)     Dead                           Min: 0, Avg:  0.0, Max: 0, Diff: 0, Sum: 0, Workers: 4
[24.841s][debug][gc,phases      ] GC(58)     Total                          Min: 0, Avg: 97.8, Max: 199, Diff: 199, Sum: 391, Workers: 4
[24.841s][debug][gc,phases      ] GC(58)   JVMTI Tag Weak OopStorage      Min:  0.0, Avg:  0.0, Max:  0.0, Diff:  0.0, Sum:  0.0, Workers: 4
[24.841s][debug][gc,phases      ] GC(58)     Dead                           Min: 0, Avg:  0.0, Max: 0, Diff: 0, Sum: 0, Workers: 4
[24.841s][debug][gc,phases      ] GC(58)     Total                          Min: 0, Avg:  0.0, Max: 0, Diff: 0, Sum: 0, Workers: 4
[24.841s][debug][gc,phases      ] GC(58)   StringTable Weak               Min:  0.1, Avg:  0.1, Max:  0.1, Diff:  0.0, Sum:  0.4, Workers: 4
[24.841s][debug][gc,phases      ] GC(58)     Dead                           Min: 0, Avg:  0.0, Max: 0, Diff: 0, Sum: 0, Workers: 4
[24.841s][debug][gc,phases      ] GC(58)     Total                          Min: 9856, Avg: 10607.8, Max: 12480, Diff: 2624, Sum: 42431, Workers: 4
[24.841s][debug][gc,phases      ] GC(58)   ResolvedMethodTable Weak       Min:  0.0, Avg:  0.0, Max:  0.0, Diff:  0.0, Sum:  0.1, Workers: 4
[24.841s][debug][gc,phases      ] GC(58)     Dead                           Min: 0, Avg:  0.0, Max: 0, Diff: 0, Sum: 0, Workers: 4
[24.841s][debug][gc,phases      ] GC(58)     Total                          Min: 1600, Avg: 1760.2, Max: 1856, Diff: 256, Sum: 7041, Workers: 4
[24.841s][debug][gc,phases      ] GC(58)   JNI Weak                       Min:  0.0, Avg:  0.0, Max:  0.0, Diff:  0.0, Sum:  0.0, Workers: 4
[24.841s][debug][gc,phases      ] GC(58)     Dead                           Min: 0, Avg:  0.0, Max: 0, Diff: 0, Sum: 0, Workers: 4
[24.841s][debug][gc,phases      ] GC(58)     Total                          Min: 0, Avg:  2.5, Max: 10, Diff: 10, Sum: 10, Workers: 4
[24.841s][debug][gc,phases      ] GC(58)   StringDedup Table Weak         Min:  0.0, Avg:  0.0, Max:  0.0, Diff:  0.0, Sum:  0.0, Workers: 4
[24.841s][debug][gc,phases      ] GC(58)     Dead                           Min: 0, Avg:  0.0, Max: 0, Diff: 0, Sum: 0, Workers: 4
[24.841s][debug][gc,phases      ] GC(58)     Total                          Min: 0, Avg:  0.0, Max: 0, Diff: 0, Sum: 0, Workers: 4
[24.841s][debug][gc,phases      ] GC(58)   StringDedup Requests0 Weak     Min:  0.0, Avg:  0.0, Max:  0.0, Diff:  0.0, Sum:  0.0, Workers: 4
[24.841s][debug][gc,phases      ] GC(58)     Dead                           Min: 0, Avg:  0.0, Max: 0, Diff: 0, Sum: 0, Workers: 4
[24.841s][debug][gc,phases      ] GC(58)     Total                          Min: 0, Avg:  0.0, Max: 0, Diff: 0, Sum: 0, Workers: 4
[24.841s][debug][gc,phases      ] GC(58)   StringDedup Requests1 Weak     Min:  0.0, Avg:  0.0, Max:  0.0, Diff:  0.0, Sum:  0.0, Workers: 4
[24.841s][debug][gc,phases      ] GC(58)     Dead                           Min: 0, Avg:  0.0, Max: 0, Diff: 0, Sum: 0, Workers: 4
[24.841s][debug][gc,phases      ] GC(58)     Total                          Min: 0, Avg:  0.0, Max: 0, Diff: 0, Sum: 0, Workers: 4
[24.841s][debug][gc,phases      ] GC(58)   Weak JFR Old Object Samples    Min:  0.0, Avg:  0.0, Max:  0.0, Diff:  0.0, Sum:  0.0, Workers: 4
[24.841s][debug][gc,phases      ] GC(58)     Dead                           Min: 0, Avg:  0.0, Max: 0, Diff: 0, Sum: 0, Workers: 4
[24.841s][debug][gc,phases      ] GC(58)     Total                          Min: 0, Avg:  0.0, Max: 0, Diff: 0, Sum: 0, Workers: 4
[24.841s][debug][gc,phases      ] GC(58) Weak Processing 0.306ms
[24.841s][debug][gc,age         ] GC(58) Desired survivor size 333447168 bytes, new threshold 15 (max threshold 15)
[24.841s][info ][gc,heap        ] GC(58) PSYoungGen: 1595314K(1763328K)->158658K(1771520K) Eden: 1434112K(1434112K)->0K(1442816K) From: 161202K(329216K)->158658K(328704K)
[24.841s][info ][gc,heap        ] GC(58) ParOldGen: 557319K(705536K)->561031K(705536K)
[24.841s][info ][gc,metaspace   ] GC(58) Metaspace: 67809K(68480K)->67809K(68480K) NonClass: 57973K(58368K)->57973K(58368K) Class: 9836K(10112K)->9836K(10112K)
[24.841s][info ][gc             ] GC(58) Pause Young (Allocation Failure) 2102M->702M(2419M) 99.232ms
[24.841s][info ][gc,cpu         ] GC(58) User=0.38s Sys=0.01s Real=0.09s
[24.842s][info ][safepoint      ] Safepoint "ParallelGCFailedAllocation", Time since last: 3391467 ns, Reaching safepoint: 106802 ns, At safepoint: 99345768 ns, Total: 99452570 ns
[24.859s][info ][safepoint      ] Safepoint "ICBufferFull", Time since last: 16840134 ns, Reaching safepoint: 136902 ns, At safepoint: 28201 ns, Total: 165103 ns
[24.999s][info ][safepoint      ] Safepoint "ICBufferFull", Time since last: 140730787 ns, Reaching safepoint: 153703 ns, At safepoint: 26101 ns, Total: 179804 ns
[25.014s][info ][safepoint      ] Safepoint "ICBufferFull", Time since last: 14659090 ns, Reaching safepoint: 113602 ns, At safepoint: 26101 ns, Total: 139703 ns
[25.027s][info ][safepoint      ] Safepoint "ICBufferFull", Time since last: 12179541 ns, Reaching safepoint: 127003 ns, At safepoint: 27500 ns, Total: 154503 ns
[25.062s][info ][safepoint      ] Safepoint "ICBufferFull", Time since last: 35297299 ns, Reaching safepoint: 137403 ns, At safepoint: 25701 ns, Total: 163104 ns
[25.081s][info ][gc,start       ] GC(59) Pause Young (Allocation Failure)
[25.182s][debug][gc,phases      ] GC(59) Scavenge 100.863ms
[25.182s][debug][gc,ref         ] GC(59) Skipped phase 1 of Reference Processing: no references
[25.183s][debug][gc,ref         ] GC(59) ReferenceProcessor::execute queues: 1, RefProcThreadModel::Single, marks_oops_alive: false
[25.183s][debug][gc,ref         ] GC(59) Skipped phase 3 of Reference Processing: no references
[25.183s][debug][gc,ref         ] GC(59) Skipped phase 4 of Reference Processing: no references
[25.183s][debug][gc,phases      ] GC(59) Reference Processing 0.125ms
[25.183s][debug][gc,phases      ] GC(59)   VM Weak                        Min:  0.0, Avg:  0.0, Max:  0.0, Diff:  0.0, Sum:  0.0, Workers: 4
[25.183s][debug][gc,phases      ] GC(59)     Dead                           Min: 0, Avg:  0.0, Max: 0, Diff: 0, Sum: 0, Workers: 4
[25.183s][debug][gc,phases      ] GC(59)     Total                          Min: 0, Avg: 130.8, Max: 448, Diff: 448, Sum: 523, Workers: 4
[25.183s][debug][gc,phases      ] GC(59)   ObjectSynchronizer Weak        Min:  0.0, Avg:  0.0, Max:  0.0, Diff:  0.0, Sum:  0.0, Workers: 4
[25.183s][debug][gc,phases      ] GC(59)     Dead                           Min: 0, Avg:  0.0, Max: 0, Diff: 0, Sum: 0, Workers: 4
[25.183s][debug][gc,phases      ] GC(59)     Total                          Min: 0, Avg: 97.8, Max: 256, Diff: 256, Sum: 391, Workers: 4
[25.183s][debug][gc,phases      ] GC(59)   JVMTI Tag Weak OopStorage      Min:  0.0, Avg:  0.0, Max:  0.0, Diff:  0.0, Sum:  0.0, Workers: 4
[25.183s][debug][gc,phases      ] GC(59)     Dead                           Min: 0, Avg:  0.0, Max: 0, Diff: 0, Sum: 0, Workers: 4
[25.183s][debug][gc,phases      ] GC(59)     Total                          Min: 0, Avg:  0.0, Max: 0, Diff: 0, Sum: 0, Workers: 4
[25.183s][debug][gc,phases      ] GC(59)   StringTable Weak               Min:  0.1, Avg:  0.1, Max:  0.1, Diff:  0.0, Sum:  0.4, Workers: 4
[25.183s][debug][gc,phases      ] GC(59)     Dead                           Min: 0, Avg:  2.8, Max: 11, Diff: 11, Sum: 11, Workers: 4
[25.183s][debug][gc,phases      ] GC(59)     Total                          Min: 9408, Avg: 10608.5, Max: 12864, Diff: 3456, Sum: 42434, Workers: 4
[25.183s][debug][gc,phases      ] GC(59)   ResolvedMethodTable Weak       Min:  0.0, Avg:  0.0, Max:  0.0, Diff:  0.0, Sum:  0.1, Workers: 4
[25.183s][debug][gc,phases      ] GC(59)     Dead                           Min: 0, Avg:  0.0, Max: 0, Diff: 0, Sum: 0, Workers: 4
[25.183s][debug][gc,phases      ] GC(59)     Total                          Min: 1600, Avg: 1760.2, Max: 2048, Diff: 448, Sum: 7041, Workers: 4
[25.183s][debug][gc,phases      ] GC(59)   JNI Weak                       Min:  0.0, Avg:  0.0, Max:  0.0, Diff:  0.0, Sum:  0.0, Workers: 4
[25.183s][debug][gc,phases      ] GC(59)     Dead                           Min: 0, Avg:  0.0, Max: 0, Diff: 0, Sum: 0, Workers: 4
[25.183s][debug][gc,phases      ] GC(59)     Total                          Min: 0, Avg:  0.2, Max: 1, Diff: 1, Sum: 1, Workers: 4
[25.183s][debug][gc,phases      ] GC(59)   StringDedup Table Weak         Min:  0.0, Avg:  0.0, Max:  0.0, Diff:  0.0, Sum:  0.0, Workers: 4
[25.183s][debug][gc,phases      ] GC(59)     Dead                           Min: 0, Avg:  0.0, Max: 0, Diff: 0, Sum: 0, Workers: 4
[25.183s][debug][gc,phases      ] GC(59)     Total                          Min: 0, Avg:  0.0, Max: 0, Diff: 0, Sum: 0, Workers: 4
[25.183s][debug][gc,phases      ] GC(59)   StringDedup Requests0 Weak     Min:  0.0, Avg:  0.0, Max:  0.0, Diff:  0.0, Sum:  0.0, Workers: 4
[25.183s][debug][gc,phases      ] GC(59)     Dead                           Min: 0, Avg:  0.0, Max: 0, Diff: 0, Sum: 0, Workers: 4
[25.183s][debug][gc,phases      ] GC(59)     Total                          Min: 0, Avg:  0.0, Max: 0, Diff: 0, Sum: 0, Workers: 4
[25.183s][debug][gc,phases      ] GC(59)   StringDedup Requests1 Weak     Min:  0.0, Avg:  0.0, Max:  0.0, Diff:  0.0, Sum:  0.0, Workers: 4
[25.183s][debug][gc,phases      ] GC(59)     Dead                           Min: 0, Avg:  0.0, Max: 0, Diff: 0, Sum: 0, Workers: 4
[25.183s][debug][gc,phases      ] GC(59)     Total                          Min: 0, Avg:  0.0, Max: 0, Diff: 0, Sum: 0, Workers: 4
[25.183s][debug][gc,phases      ] GC(59)   Weak JFR Old Object Samples    Min:  0.0, Avg:  0.0, Max:  0.0, Diff:  0.0, Sum:  0.0, Workers: 4
[25.183s][debug][gc,phases      ] GC(59)     Dead                           Min: 0, Avg:  0.0, Max: 0, Diff: 0, Sum: 0, Workers: 4
[25.183s][debug][gc,phases      ] GC(59)     Total                          Min: 0, Avg:  0.0, Max: 0, Diff: 0, Sum: 0, Workers: 4
[25.183s][debug][gc,phases      ] GC(59) Weak Processing 0.315ms
[25.183s][debug][gc,age         ] GC(59) Desired survivor size 335544320 bytes, new threshold 15 (max threshold 15)
[25.183s][info ][gc,heap        ] GC(59) PSYoungGen: 1601474K(1771520K)->176090K(1768448K) Eden: 1442816K(1442816K)->0K(1442816K) From: 158658K(328704K)->176090K(325632K)
[25.183s][info ][gc,heap        ] GC(59) ParOldGen: 561031K(705536K)->562639K(705536K)
[25.183s][info ][gc,metaspace   ] GC(59) Metaspace: 67816K(68480K)->67816K(68480K) NonClass: 57980K(58368K)->57980K(58368K) Class: 9836K(10112K)->9836K(10112K)
[25.183s][info ][gc             ] GC(59) Pause Young (Allocation Failure) 2111M->721M(2416M) 101.445ms
[25.183s][info ][gc,cpu         ] GC(59) User=0.41s Sys=0.00s Real=0.11s
[25.183s][info ][safepoint      ] Safepoint "ParallelGCFailedAllocation", Time since last: 19217880 ns, Reaching safepoint: 147703 ns, At safepoint: 101563912 ns, Total: 101711615 ns
[25.189s][info ][safepoint      ] Safepoint "ICBufferFull", Time since last: 5604811 ns, Reaching safepoint: 109902 ns, At safepoint: 28601 ns, Total: 138503 ns
[25.206s][info ][safepoint      ] Safepoint "ICBufferFull", Time since last: 16861234 ns, Reaching safepoint: 125002 ns, At safepoint: 30501 ns, Total: 155503 ns
[25.222s][info ][safepoint      ] Safepoint "ICBufferFull", Time since last: 15869014 ns, Reaching safepoint: 136403 ns, At safepoint: 28600 ns, Total: 165003 ns
[25.226s][info ][safepoint      ] Safepoint "ICBufferFull", Time since last: 3594171 ns, Reaching safepoint: 121003 ns, At safepoint: 26800 ns, Total: 147803 ns
[25.254s][info ][safepoint      ] Safepoint "ICBufferFull", Time since last: 28152158 ns, Reaching safepoint: 151703 ns, At safepoint: 29200 ns, Total: 180903 ns
[25.322s][info ][safepoint      ] Safepoint "ICBufferFull", Time since last: 66087609 ns, Reaching safepoint: 2187944 ns, At safepoint: 29100 ns, Total: 2217044 ns
[25.372s][info ][safepoint      ] Safepoint "ICBufferFull", Time since last: 49316677 ns, Reaching safepoint: 162103 ns, At safepoint: 20901 ns, Total: 183004 ns
[25.446s][info ][safepoint      ] Safepoint "ICBufferFull", Time since last: 73716260 ns, Reaching safepoint: 133502 ns, At safepoint: 23101 ns, Total: 156603 ns
[25.477s][info ][gc,start       ] GC(60) Pause Young (Allocation Failure)
[25.585s][debug][gc,phases      ] GC(60) Scavenge 107.483ms
[25.585s][debug][gc,ref         ] GC(60) Skipped phase 1 of Reference Processing: no references
[25.585s][debug][gc,ref         ] GC(60) ReferenceProcessor::execute queues: 1, RefProcThreadModel::Single, marks_oops_alive: false
[25.585s][debug][gc,ref         ] GC(60) Skipped phase 3 of Reference Processing: no references
[25.585s][debug][gc,ref         ] GC(60) Skipped phase 4 of Reference Processing: no references
[25.585s][debug][gc,phases      ] GC(60) Reference Processing 0.124ms
[25.585s][debug][gc,phases      ] GC(60)   VM Weak                        Min:  0.0, Avg:  0.0, Max:  0.0, Diff:  0.0, Sum:  0.0, Workers: 4
[25.585s][debug][gc,phases      ] GC(60)     Dead                           Min: 0, Avg:  0.0, Max: 0, Diff: 0, Sum: 0, Workers: 4
[25.585s][debug][gc,phases      ] GC(60)     Total                          Min: 0, Avg: 130.8, Max: 331, Diff: 331, Sum: 523, Workers: 4
[25.585s][debug][gc,phases      ] GC(60)   ObjectSynchronizer Weak        Min:  0.0, Avg:  0.0, Max:  0.0, Diff:  0.0, Sum:  0.0, Workers: 4
[25.585s][debug][gc,phases      ] GC(60)     Dead                           Min: 0, Avg:  0.0, Max: 0, Diff: 0, Sum: 0, Workers: 4
[25.585s][debug][gc,phases      ] GC(60)     Total                          Min: 0, Avg: 97.8, Max: 256, Diff: 256, Sum: 391, Workers: 4
[25.585s][debug][gc,phases      ] GC(60)   JVMTI Tag Weak OopStorage      Min:  0.0, Avg:  0.0, Max:  0.0, Diff:  0.0, Sum:  0.0, Workers: 4
[25.585s][debug][gc,phases      ] GC(60)     Dead                           Min: 0, Avg:  0.0, Max: 0, Diff: 0, Sum: 0, Workers: 4
[25.585s][debug][gc,phases      ] GC(60)     Total                          Min: 0, Avg:  0.0, Max: 0, Diff: 0, Sum: 0, Workers: 4
[25.585s][debug][gc,phases      ] GC(60)   StringTable Weak               Min:  0.1, Avg:  0.1, Max:  0.1, Diff:  0.0, Sum:  0.4, Workers: 4
[25.585s][debug][gc,phases      ] GC(60)     Dead                           Min: 0, Avg:  2.8, Max: 11, Diff: 11, Sum: 11, Workers: 4
[25.585s][debug][gc,phases      ] GC(60)     Total                          Min: 10176, Avg: 10614.0, Max: 11171, Diff: 995, Sum: 42456, Workers: 4
[25.585s][debug][gc,phases      ] GC(60)   ResolvedMethodTable Weak       Min:  0.0, Avg:  0.0, Max:  0.0, Diff:  0.0, Sum:  0.1, Workers: 4
[25.585s][debug][gc,phases      ] GC(60)     Dead                           Min: 0, Avg:  0.0, Max: 0, Diff: 0, Sum: 0, Workers: 4
[25.585s][debug][gc,phases      ] GC(60)     Total                          Min: 1600, Avg: 1760.2, Max: 1920, Diff: 320, Sum: 7041, Workers: 4
[25.585s][debug][gc,phases      ] GC(60)   JNI Weak                       Min:  0.0, Avg:  0.0, Max:  0.0, Diff:  0.0, Sum:  0.0, Workers: 4
[25.585s][debug][gc,phases      ] GC(60)     Dead                           Min: 0, Avg:  0.0, Max: 0, Diff: 0, Sum: 0, Workers: 4
[25.585s][debug][gc,phases      ] GC(60)     Total                          Min: 0, Avg:  0.2, Max: 1, Diff: 1, Sum: 1, Workers: 4
[25.585s][debug][gc,phases      ] GC(60)   StringDedup Table Weak         Min:  0.0, Avg:  0.0, Max:  0.0, Diff:  0.0, Sum:  0.0, Workers: 4
[25.585s][debug][gc,phases      ] GC(60)     Dead                           Min: 0, Avg:  0.0, Max: 0, Diff: 0, Sum: 0, Workers: 4
[25.585s][debug][gc,phases      ] GC(60)     Total                          Min: 0, Avg:  0.0, Max: 0, Diff: 0, Sum: 0, Workers: 4
[25.585s][debug][gc,phases      ] GC(60)   StringDedup Requests0 Weak     Min:  0.0, Avg:  0.0, Max:  0.0, Diff:  0.0, Sum:  0.0, Workers: 4
[25.585s][debug][gc,phases      ] GC(60)     Dead                           Min: 0, Avg:  0.0, Max: 0, Diff: 0, Sum: 0, Workers: 4
[25.585s][debug][gc,phases      ] GC(60)     Total                          Min: 0, Avg:  0.0, Max: 0, Diff: 0, Sum: 0, Workers: 4
[25.585s][debug][gc,phases      ] GC(60)   StringDedup Requests1 Weak     Min:  0.0, Avg:  0.0, Max:  0.0, Diff:  0.0, Sum:  0.0, Workers: 4
[25.585s][debug][gc,phases      ] GC(60)     Dead                           Min: 0, Avg:  0.0, Max: 0, Diff: 0, Sum: 0, Workers: 4
[25.585s][debug][gc,phases      ] GC(60)     Total                          Min: 0, Avg:  0.0, Max: 0, Diff: 0, Sum: 0, Workers: 4
[25.585s][debug][gc,phases      ] GC(60)   Weak JFR Old Object Samples    Min:  0.0, Avg:  0.0, Max:  0.0, Diff:  0.0, Sum:  0.0, Workers: 4
[25.585s][debug][gc,phases      ] GC(60)     Dead                           Min: 0, Avg:  0.0, Max: 0, Diff: 0, Sum: 0, Workers: 4
[25.585s][debug][gc,phases      ] GC(60)     Total                          Min: 0, Avg:  0.0, Max: 0, Diff: 0, Sum: 0, Workers: 4
[25.585s][debug][gc,phases      ] GC(60) Weak Processing 0.303ms
[25.585s][debug][gc,age         ] GC(60) Desired survivor size 336068608 bytes, new threshold 15 (max threshold 15)
[25.585s][info ][gc,heap        ] GC(60) PSYoungGen: 1618906K(1768448K)->177486K(1768448K) Eden: 1442816K(1442816K)->0K(1440768K) From: 176090K(325632K)->177486K(327680K)
[25.585s][info ][gc,heap        ] GC(60) ParOldGen: 562639K(705536K)->562871K(705536K)
[25.585s][info ][gc,metaspace   ] GC(60) Metaspace: 67821K(68480K)->67821K(68480K) NonClass: 57984K(58368K)->57984K(58368K) Class: 9836K(10112K)->9836K(10112K)
[25.585s][info ][gc             ] GC(60) Pause Young (Allocation Failure) 2130M->723M(2416M) 108.051ms
[25.585s][info ][gc,cpu         ] GC(60) User=0.42s Sys=0.01s Real=0.11s
[25.585s][info ][safepoint      ] Safepoint "ParallelGCFailedAllocation", Time since last: 31495124 ns, Reaching safepoint: 132402 ns, At safepoint: 108171443 ns, Total: 108303845 ns
[25.718s][info ][safepoint      ] Safepoint "ICBufferFull", Time since last: 132801330 ns, Reaching safepoint: 174804 ns, At safepoint: 30000 ns, Total: 204804 ns
[25.766s][info ][safepoint      ] Safepoint "ICBufferFull", Time since last: 47297837 ns, Reaching safepoint: 136803 ns, At safepoint: 26000 ns, Total: 162803 ns
[25.867s][info ][gc,start       ] GC(61) Pause Young (Allocation Failure)
[25.983s][debug][gc,phases      ] GC(61) Scavenge 115.314ms
[25.983s][debug][gc,ref         ] GC(61) Skipped phase 1 of Reference Processing: no references
[25.983s][debug][gc,ref         ] GC(61) ReferenceProcessor::execute queues: 1, RefProcThreadModel::Single, marks_oops_alive: false
[25.983s][debug][gc,ref         ] GC(61) Skipped phase 3 of Reference Processing: no references
[25.983s][debug][gc,ref         ] GC(61) ReferenceProcessor::execute queues: 1, RefProcThreadModel::Single, marks_oops_alive: false
[25.983s][debug][gc,phases      ] GC(61) Reference Processing 0.149ms
[25.983s][debug][gc,phases      ] GC(61)   VM Weak                        Min:  0.0, Avg:  0.0, Max:  0.0, Diff:  0.0, Sum:  0.0, Workers: 4
[25.983s][debug][gc,phases      ] GC(61)     Dead                           Min: 0, Avg:  0.0, Max: 0, Diff: 0, Sum: 0, Workers: 4
[25.983s][debug][gc,phases      ] GC(61)     Total                          Min: 0, Avg: 130.8, Max: 384, Diff: 384, Sum: 523, Workers: 4
[25.983s][debug][gc,phases      ] GC(61)   ObjectSynchronizer Weak        Min:  0.0, Avg:  0.0, Max:  0.0, Diff:  0.0, Sum:  0.0, Workers: 4
[25.983s][debug][gc,phases      ] GC(61)     Dead                           Min: 0, Avg:  0.0, Max: 0, Diff: 0, Sum: 0, Workers: 4
[25.983s][debug][gc,phases      ] GC(61)     Total                          Min: 0, Avg: 97.8, Max: 199, Diff: 199, Sum: 391, Workers: 4
[25.983s][debug][gc,phases      ] GC(61)   JVMTI Tag Weak OopStorage      Min:  0.0, Avg:  0.0, Max:  0.0, Diff:  0.0, Sum:  0.0, Workers: 4
[25.983s][debug][gc,phases      ] GC(61)     Dead                           Min: 0, Avg:  0.0, Max: 0, Diff: 0, Sum: 0, Workers: 4
[25.983s][debug][gc,phases      ] GC(61)     Total                          Min: 0, Avg:  0.0, Max: 0, Diff: 0, Sum: 0, Workers: 4
[25.983s][debug][gc,phases      ] GC(61)   StringTable Weak               Min:  0.1, Avg:  0.1, Max:  0.1, Diff:  0.0, Sum:  0.4, Workers: 4
[25.983s][debug][gc,phases      ] GC(61)     Dead                           Min: 0, Avg:  2.8, Max: 7, Diff: 7, Sum: 11, Workers: 4
[25.983s][debug][gc,phases      ] GC(61)     Total                          Min: 10220, Avg: 10619.0, Max: 11328, Diff: 1108, Sum: 42476, Workers: 4
[25.983s][debug][gc,phases      ] GC(61)   ResolvedMethodTable Weak       Min:  0.0, Avg:  0.0, Max:  0.0, Diff:  0.0, Sum:  0.1, Workers: 4
[25.983s][debug][gc,phases      ] GC(61)     Dead                           Min: 0, Avg:  0.0, Max: 0, Diff: 0, Sum: 0, Workers: 4
[25.983s][debug][gc,phases      ] GC(61)     Total                          Min: 1600, Avg: 1770.2, Max: 1984, Diff: 384, Sum: 7081, Workers: 4
[25.983s][debug][gc,phases      ] GC(61)   JNI Weak                       Min:  0.0, Avg:  0.0, Max:  0.0, Diff:  0.0, Sum:  0.0, Workers: 4
[25.983s][debug][gc,phases      ] GC(61)     Dead                           Min: 0, Avg:  0.0, Max: 0, Diff: 0, Sum: 0, Workers: 4
[25.983s][debug][gc,phases      ] GC(61)     Total                          Min: 0, Avg:  0.0, Max: 0, Diff: 0, Sum: 0, Workers: 4
[25.983s][debug][gc,phases      ] GC(61)   StringDedup Table Weak         Min:  0.0, Avg:  0.0, Max:  0.0, Diff:  0.0, Sum:  0.0, Workers: 4
[25.983s][debug][gc,phases      ] GC(61)     Dead                           Min: 0, Avg:  0.0, Max: 0, Diff: 0, Sum: 0, Workers: 4
[25.983s][debug][gc,phases      ] GC(61)     Total                          Min: 0, Avg:  0.0, Max: 0, Diff: 0, Sum: 0, Workers: 4
[25.983s][debug][gc,phases      ] GC(61)   StringDedup Requests0 Weak     Min:  0.0, Avg:  0.0, Max:  0.0, Diff:  0.0, Sum:  0.0, Workers: 4
[25.983s][debug][gc,phases      ] GC(61)     Dead                           Min: 0, Avg:  0.0, Max: 0, Diff: 0, Sum: 0, Workers: 4
[25.983s][debug][gc,phases      ] GC(61)     Total                          Min: 0, Avg:  0.0, Max: 0, Diff: 0, Sum: 0, Workers: 4
[25.983s][debug][gc,phases      ] GC(61)   StringDedup Requests1 Weak     Min:  0.0, Avg:  0.0, Max:  0.0, Diff:  0.0, Sum:  0.0, Workers: 4
[25.983s][debug][gc,phases      ] GC(61)     Dead                           Min: 0, Avg:  0.0, Max: 0, Diff: 0, Sum: 0, Workers: 4
[25.983s][debug][gc,phases      ] GC(61)     Total                          Min: 0, Avg:  0.0, Max: 0, Diff: 0, Sum: 0, Workers: 4
[25.983s][debug][gc,phases      ] GC(61)   Weak JFR Old Object Samples    Min:  0.0, Avg:  0.0, Max:  0.0, Diff:  0.0, Sum:  0.0, Workers: 4
[25.983s][debug][gc,phases      ] GC(61)     Dead                           Min: 0, Avg:  0.0, Max: 0, Diff: 0, Sum: 0, Workers: 4
[25.983s][debug][gc,phases      ] GC(61)     Total                          Min: 0, Avg:  0.0, Max: 0, Diff: 0, Sum: 0, Workers: 4
[25.983s][debug][gc,phases      ] GC(61) Weak Processing 0.307ms
[25.983s][debug][gc,age         ] GC(61) Desired survivor size 336068608 bytes, new threshold 15 (max threshold 15)
[25.983s][info ][gc,heap        ] GC(61) PSYoungGen: 1618254K(1768448K)->179218K(1768960K) Eden: 1440768K(1440768K)->0K(1440768K) From: 177486K(327680K)->179218K(328192K)
[25.983s][info ][gc,heap        ] GC(61) ParOldGen: 562871K(705536K)->563959K(705536K)
[25.983s][info ][gc,metaspace   ] GC(61) Metaspace: 67884K(68544K)->67884K(68544K) NonClass: 58032K(58432K)->58032K(58432K) Class: 9851K(10112K)->9851K(10112K)
[25.983s][info ][gc             ] GC(61) Pause Young (Allocation Failure) 2130M->725M(2416M) 115.911ms
[25.983s][info ][gc,cpu         ] GC(61) User=0.45s Sys=0.01s Real=0.12s
[25.983s][info ][safepoint      ] Safepoint "ParallelGCFailedAllocation", Time since last: 101272706 ns, Reaching safepoint: 134003 ns, At safepoint: 116017598 ns, Total: 116151601 ns
[25.997s][info ][safepoint      ] Safepoint "ICBufferFull", Time since last: 13536168 ns, Reaching safepoint: 112502 ns, At safepoint: 26000 ns, Total: 138502 ns
[26.151s][info ][safepoint      ] Safepoint "ICBufferFull", Time since last: 154079152 ns, Reaching safepoint: 195004 ns, At safepoint: 26701 ns, Total: 221705 ns
[26.211s][info ][safepoint      ] Safepoint "ICBufferFull", Time since last: 59173272 ns, Reaching safepoint: 149602 ns, At safepoint: 21401 ns, Total: 171003 ns
[26.240s][info ][gc,start       ] GC(62) Pause Young (Allocation Failure)
[26.347s][debug][gc,phases      ] GC(62) Scavenge 106.399ms
[26.347s][debug][gc,ref         ] GC(62) Skipped phase 1 of Reference Processing: no references
[26.347s][debug][gc,ref         ] GC(62) ReferenceProcessor::execute queues: 1, RefProcThreadModel::Single, marks_oops_alive: false
[26.347s][debug][gc,ref         ] GC(62) Skipped phase 3 of Reference Processing: no references
[26.347s][debug][gc,ref         ] GC(62) Skipped phase 4 of Reference Processing: no references
[26.347s][debug][gc,phases      ] GC(62) Reference Processing 0.145ms
[26.347s][debug][gc,phases      ] GC(62)   VM Weak                        Min:  0.0, Avg:  0.0, Max:  0.0, Diff:  0.0, Sum:  0.0, Workers: 4
[26.347s][debug][gc,phases      ] GC(62)     Dead                           Min: 0, Avg:  0.0, Max: 0, Diff: 0, Sum: 0, Workers: 4
[26.347s][debug][gc,phases      ] GC(62)     Total                          Min: 0, Avg: 130.8, Max: 523, Diff: 523, Sum: 523, Workers: 4
[26.347s][debug][gc,phases      ] GC(62)   ObjectSynchronizer Weak        Min:  0.0, Avg:  0.0, Max:  0.0, Diff:  0.0, Sum:  0.0, Workers: 4
[26.347s][debug][gc,phases      ] GC(62)     Dead                           Min: 0, Avg:  0.0, Max: 0, Diff: 0, Sum: 0, Workers: 4
[26.347s][debug][gc,phases      ] GC(62)     Total                          Min: 0, Avg: 97.8, Max: 256, Diff: 256, Sum: 391, Workers: 4
[26.347s][debug][gc,phases      ] GC(62)   JVMTI Tag Weak OopStorage      Min:  0.0, Avg:  0.0, Max:  0.0, Diff:  0.0, Sum:  0.0, Workers: 4
[26.347s][debug][gc,phases      ] GC(62)     Dead                           Min: 0, Avg:  0.0, Max: 0, Diff: 0, Sum: 0, Workers: 4
[26.347s][debug][gc,phases      ] GC(62)     Total                          Min: 0, Avg:  0.0, Max: 0, Diff: 0, Sum: 0, Workers: 4
[26.347s][debug][gc,phases      ] GC(62)   StringTable Weak               Min:  0.1, Avg:  0.1, Max:  0.1, Diff:  0.0, Sum:  0.5, Workers: 4
[26.347s][debug][gc,phases      ] GC(62)     Dead                           Min: 0, Avg:  0.0, Max: 0, Diff: 0, Sum: 0, Workers: 4
[26.347s][debug][gc,phases      ] GC(62)     Total                          Min: 10112, Avg: 10619.0, Max: 11628, Diff: 1516, Sum: 42476, Workers: 4
[26.347s][debug][gc,phases      ] GC(62)   ResolvedMethodTable Weak       Min:  0.0, Avg:  0.0, Max:  0.0, Diff:  0.0, Sum:  0.1, Workers: 4
[26.347s][debug][gc,phases      ] GC(62)     Dead                           Min: 0, Avg:  0.0, Max: 0, Diff: 0, Sum: 0, Workers: 4
[26.347s][debug][gc,phases      ] GC(62)     Total                          Min: 1280, Avg: 1770.2, Max: 1984, Diff: 704, Sum: 7081, Workers: 4
[26.347s][debug][gc,phases      ] GC(62)   JNI Weak                       Min:  0.0, Avg:  0.0, Max:  0.0, Diff:  0.0, Sum:  0.0, Workers: 4
[26.347s][debug][gc,phases      ] GC(62)     Dead                           Min: 0, Avg:  0.0, Max: 0, Diff: 0, Sum: 0, Workers: 4
[26.347s][debug][gc,phases      ] GC(62)     Total                          Min: 0, Avg:  0.0, Max: 0, Diff: 0, Sum: 0, Workers: 4
[26.347s][debug][gc,phases      ] GC(62)   StringDedup Table Weak         Min:  0.0, Avg:  0.0, Max:  0.0, Diff:  0.0, Sum:  0.0, Workers: 4
[26.347s][debug][gc,phases      ] GC(62)     Dead                           Min: 0, Avg:  0.0, Max: 0, Diff: 0, Sum: 0, Workers: 4
[26.347s][debug][gc,phases      ] GC(62)     Total                          Min: 0, Avg:  0.0, Max: 0, Diff: 0, Sum: 0, Workers: 4
[26.347s][debug][gc,phases      ] GC(62)   StringDedup Requests0 Weak     Min:  0.0, Avg:  0.0, Max:  0.0, Diff:  0.0, Sum:  0.0, Workers: 4
[26.347s][debug][gc,phases      ] GC(62)     Dead                           Min: 0, Avg:  0.0, Max: 0, Diff: 0, Sum: 0, Workers: 4
[26.347s][debug][gc,phases      ] GC(62)     Total                          Min: 0, Avg:  0.0, Max: 0, Diff: 0, Sum: 0, Workers: 4
[26.347s][debug][gc,phases      ] GC(62)   StringDedup Requests1 Weak     Min:  0.0, Avg:  0.0, Max:  0.0, Diff:  0.0, Sum:  0.0, Workers: 4
[26.347s][debug][gc,phases      ] GC(62)     Dead                           Min: 0, Avg:  0.0, Max: 0, Diff: 0, Sum: 0, Workers: 4
[26.347s][debug][gc,phases      ] GC(62)     Total                          Min: 0, Avg:  0.0, Max: 0, Diff: 0, Sum: 0, Workers: 4
[26.347s][debug][gc,phases      ] GC(62)   Weak JFR Old Object Samples    Min:  0.0, Avg:  0.0, Max:  0.0, Diff:  0.0, Sum:  0.0, Workers: 4
[26.347s][debug][gc,phases      ] GC(62)     Dead                           Min: 0, Avg:  0.0, Max: 0, Diff: 0, Sum: 0, Workers: 4
[26.347s][debug][gc,phases      ] GC(62)     Total                          Min: 0, Avg:  0.0, Max: 0, Diff: 0, Sum: 0, Workers: 4
[26.347s][debug][gc,phases      ] GC(62) Weak Processing 0.408ms
[26.347s][debug][gc,age         ] GC(62) Desired survivor size 333971456 bytes, new threshold 15 (max threshold 15)
[26.347s][info ][gc,heap        ] GC(62) PSYoungGen: 1619986K(1768960K)->178930K(1771008K) Eden: 1440768K(1440768K)->0K(1442816K) From: 179218K(328192K)->178930K(328192K)
[26.347s][info ][gc,heap        ] GC(62) ParOldGen: 563959K(705536K)->566064K(705536K)
[26.347s][info ][gc,metaspace   ] GC(62) Metaspace: 67890K(68544K)->67890K(68544K) NonClass: 58039K(58432K)->58039K(58432K) Class: 9851K(10112K)->9851K(10112K)
[26.347s][info ][gc             ] GC(62) Pause Young (Allocation Failure) 2132M->727M(2418M) 107.119ms
[26.347s][info ][gc,cpu         ] GC(62) User=0.43s Sys=0.00s Real=0.11s
[26.347s][info ][safepoint      ] Safepoint "ParallelGCFailedAllocation", Time since last: 29520285 ns, Reaching safepoint: 130102 ns, At safepoint: 107247524 ns, Total: 107377626 ns
[26.475s][info ][safepoint      ] Safepoint "ICBufferFull", Time since last: 127569227 ns, Reaching safepoint: 140503 ns, At safepoint: 33100 ns, Total: 173603 ns
[26.638s][info ][gc,start       ] GC(63) Pause Young (Allocation Failure)
[26.735s][debug][gc,phases      ] GC(63) Scavenge 97.908ms
[26.736s][debug][gc,ref         ] GC(63) Skipped phase 1 of Reference Processing: no references
[26.736s][debug][gc,ref         ] GC(63) ReferenceProcessor::execute queues: 1, RefProcThreadModel::Single, marks_oops_alive: false
[26.736s][debug][gc,ref         ] GC(63) Skipped phase 3 of Reference Processing: no references
[26.736s][debug][gc,ref         ] GC(63) Skipped phase 4 of Reference Processing: no references
[26.736s][debug][gc,phases      ] GC(63) Reference Processing 0.123ms
[26.736s][debug][gc,phases      ] GC(63)   VM Weak                        Min:  0.0, Avg:  0.0, Max:  0.0, Diff:  0.0, Sum:  0.0, Workers: 4
[26.736s][debug][gc,phases      ] GC(63)     Dead                           Min: 0, Avg:  0.0, Max: 0, Diff: 0, Sum: 0, Workers: 4
[26.736s][debug][gc,phases      ] GC(63)     Total                          Min: 0, Avg: 130.8, Max: 331, Diff: 331, Sum: 523, Workers: 4
[26.736s][debug][gc,phases      ] GC(63)   ObjectSynchronizer Weak        Min:  0.0, Avg:  0.0, Max:  0.0, Diff:  0.0, Sum:  0.0, Workers: 4
[26.736s][debug][gc,phases      ] GC(63)     Dead                           Min: 0, Avg:  0.0, Max: 0, Diff: 0, Sum: 0, Workers: 4
[26.736s][debug][gc,phases      ] GC(63)     Total                          Min: 0, Avg: 97.8, Max: 192, Diff: 192, Sum: 391, Workers: 4
[26.736s][debug][gc,phases      ] GC(63)   JVMTI Tag Weak OopStorage      Min:  0.0, Avg:  0.0, Max:  0.0, Diff:  0.0, Sum:  0.0, Workers: 4
[26.736s][debug][gc,phases      ] GC(63)     Dead                           Min: 0, Avg:  0.0, Max: 0, Diff: 0, Sum: 0, Workers: 4
[26.736s][debug][gc,phases      ] GC(63)     Total                          Min: 0, Avg:  0.0, Max: 0, Diff: 0, Sum: 0, Workers: 4
[26.736s][debug][gc,phases      ] GC(63)   StringTable Weak               Min:  0.1, Avg:  0.1, Max:  0.1, Diff:  0.0, Sum:  0.4, Workers: 4
[26.736s][debug][gc,phases      ] GC(63)     Dead                           Min: 0, Avg:  2.8, Max: 11, Diff: 11, Sum: 11, Workers: 4
[26.736s][debug][gc,phases      ] GC(63)     Total                          Min: 10176, Avg: 10619.0, Max: 11443, Diff: 1267, Sum: 42476, Workers: 4
[26.736s][debug][gc,phases      ] GC(63)   ResolvedMethodTable Weak       Min:  0.0, Avg:  0.0, Max:  0.0, Diff:  0.0, Sum:  0.1, Workers: 4
[26.736s][debug][gc,phases      ] GC(63)     Dead                           Min: 0, Avg:  0.0, Max: 0, Diff: 0, Sum: 0, Workers: 4
[26.736s][debug][gc,phases      ] GC(63)     Total                          Min: 1600, Avg: 1770.2, Max: 1856, Diff: 256, Sum: 7081, Workers: 4
[26.736s][debug][gc,phases      ] GC(63)   JNI Weak                       Min:  0.0, Avg:  0.0, Max:  0.0, Diff:  0.0, Sum:  0.0, Workers: 4
[26.736s][debug][gc,phases      ] GC(63)     Dead                           Min: 0, Avg:  0.0, Max: 0, Diff: 0, Sum: 0, Workers: 4
[26.736s][debug][gc,phases      ] GC(63)     Total                          Min: 0, Avg:  0.0, Max: 0, Diff: 0, Sum: 0, Workers: 4
[26.736s][debug][gc,phases      ] GC(63)   StringDedup Table Weak         Min:  0.0, Avg:  0.0, Max:  0.0, Diff:  0.0, Sum:  0.0, Workers: 4
[26.736s][debug][gc,phases      ] GC(63)     Dead                           Min: 0, Avg:  0.0, Max: 0, Diff: 0, Sum: 0, Workers: 4
[26.736s][debug][gc,phases      ] GC(63)     Total                          Min: 0, Avg:  0.0, Max: 0, Diff: 0, Sum: 0, Workers: 4
[26.736s][debug][gc,phases      ] GC(63)   StringDedup Requests0 Weak     Min:  0.0, Avg:  0.0, Max:  0.0, Diff:  0.0, Sum:  0.0, Workers: 4
[26.736s][debug][gc,phases      ] GC(63)     Dead                           Min: 0, Avg:  0.0, Max: 0, Diff: 0, Sum: 0, Workers: 4
[26.736s][debug][gc,phases      ] GC(63)     Total                          Min: 0, Avg:  0.0, Max: 0, Diff: 0, Sum: 0, Workers: 4
[26.736s][debug][gc,phases      ] GC(63)   StringDedup Requests1 Weak     Min:  0.0, Avg:  0.0, Max:  0.0, Diff:  0.0, Sum:  0.0, Workers: 4
[26.736s][debug][gc,phases      ] GC(63)     Dead                           Min: 0, Avg:  0.0, Max: 0, Diff: 0, Sum: 0, Workers: 4
[26.736s][debug][gc,phases      ] GC(63)     Total                          Min: 0, Avg:  0.0, Max: 0, Diff: 0, Sum: 0, Workers: 4
[26.736s][debug][gc,phases      ] GC(63)   Weak JFR Old Object Samples    Min:  0.0, Avg:  0.0, Max:  0.0, Diff:  0.0, Sum:  0.0, Workers: 4
[26.736s][debug][gc,phases      ] GC(63)     Dead                           Min: 0, Avg:  0.0, Max: 0, Diff: 0, Sum: 0, Workers: 4
[26.736s][debug][gc,phases      ] GC(63)     Total                          Min: 0, Avg:  0.0, Max: 0, Diff: 0, Sum: 0, Workers: 4
[26.736s][debug][gc,phases      ] GC(63) Weak Processing 0.340ms
[26.736s][debug][gc,age         ] GC(63) Desired survivor size 331874304 bytes, new threshold 15 (max threshold 15)
[26.736s][info ][gc,heap        ] GC(63) PSYoungGen: 1621746K(1771008K)->180002K(1768960K) Eden: 1442816K(1442816K)->0K(1442816K) From: 178930K(328192K)->180002K(326144K)
[26.736s][info ][gc,heap        ] GC(63) ParOldGen: 566064K(705536K)->566464K(705536K)
[26.736s][info ][gc,metaspace   ] GC(63) Metaspace: 67893K(68544K)->67893K(68544K) NonClass: 58041K(58432K)->58041K(58432K) Class: 9851K(10112K)->9851K(10112K)
[26.736s][info ][gc             ] GC(63) Pause Young (Allocation Failure) 2136M->728M(2416M) 98.531ms
[26.736s][info ][gc,cpu         ] GC(63) User=0.39s Sys=0.00s Real=0.10s
[26.736s][info ][safepoint      ] Safepoint "ParallelGCFailedAllocation", Time since last: 162156312 ns, Reaching safepoint: 129703 ns, At safepoint: 98640053 ns, Total: 98769756 ns
[26.799s][info ][safepoint      ] Safepoint "ICBufferFull", Time since last: 62559939 ns, Reaching safepoint: 138003 ns, At safepoint: 23901 ns, Total: 161904 ns
[26.986s][info ][safepoint      ] Safepoint "ICBufferFull", Time since last: 187228408 ns, Reaching safepoint: 150303 ns, At safepoint: 28700 ns, Total: 179003 ns
[27.003s][info ][gc,start       ] GC(64) Pause Young (Allocation Failure)
[27.103s][debug][gc,phases      ] GC(64) Scavenge 100.244ms
[27.103s][debug][gc,ref         ] GC(64) Skipped phase 1 of Reference Processing: no references
[27.103s][debug][gc,ref         ] GC(64) ReferenceProcessor::execute queues: 1, RefProcThreadModel::Single, marks_oops_alive: false
[27.103s][debug][gc,ref         ] GC(64) Skipped phase 3 of Reference Processing: no references
[27.103s][debug][gc,ref         ] GC(64) Skipped phase 4 of Reference Processing: no references
[27.103s][debug][gc,phases      ] GC(64) Reference Processing 0.128ms
[27.103s][debug][gc,phases      ] GC(64)   VM Weak                        Min:  0.0, Avg:  0.0, Max:  0.0, Diff:  0.0, Sum:  0.0, Workers: 4
[27.103s][debug][gc,phases      ] GC(64)     Dead                           Min: 0, Avg:  0.0, Max: 0, Diff: 0, Sum: 0, Workers: 4
[27.103s][debug][gc,phases      ] GC(64)     Total                          Min: 0, Avg: 130.8, Max: 523, Diff: 523, Sum: 523, Workers: 4
[27.103s][debug][gc,phases      ] GC(64)   ObjectSynchronizer Weak        Min:  0.0, Avg:  0.0, Max:  0.0, Diff:  0.0, Sum:  0.0, Workers: 4
[27.103s][debug][gc,phases      ] GC(64)     Dead                           Min: 0, Avg:  0.0, Max: 0, Diff: 0, Sum: 0, Workers: 4
[27.103s][debug][gc,phases      ] GC(64)     Total                          Min: 0, Avg: 97.8, Max: 391, Diff: 391, Sum: 391, Workers: 4
[27.103s][debug][gc,phases      ] GC(64)   JVMTI Tag Weak OopStorage      Min:  0.0, Avg:  0.0, Max:  0.0, Diff:  0.0, Sum:  0.0, Workers: 4
[27.103s][debug][gc,phases      ] GC(64)     Dead                           Min: 0, Avg:  0.0, Max: 0, Diff: 0, Sum: 0, Workers: 4
[27.103s][debug][gc,phases      ] GC(64)     Total                          Min: 0, Avg:  0.0, Max: 0, Diff: 0, Sum: 0, Workers: 4
[27.103s][debug][gc,phases      ] GC(64)   StringTable Weak               Min:  0.1, Avg:  0.1, Max:  0.1, Diff:  0.0, Sum:  0.4, Workers: 4
[27.103s][debug][gc,phases      ] GC(64)     Dead                           Min: 0, Avg:  2.8, Max: 11, Diff: 11, Sum: 11, Workers: 4
[27.103s][debug][gc,phases      ] GC(64)     Total                          Min: 8768, Avg: 10621.2, Max: 11328, Diff: 2560, Sum: 42485, Workers: 4
[27.103s][debug][gc,phases      ] GC(64)   ResolvedMethodTable Weak       Min:  0.0, Avg:  0.0, Max:  0.0, Diff:  0.0, Sum:  0.1, Workers: 4
[27.103s][debug][gc,phases      ] GC(64)     Dead                           Min: 0, Avg:  0.0, Max: 0, Diff: 0, Sum: 0, Workers: 4
[27.103s][debug][gc,phases      ] GC(64)     Total                          Min: 1472, Avg: 1770.2, Max: 1920, Diff: 448, Sum: 7081, Workers: 4
[27.103s][debug][gc,phases      ] GC(64)   JNI Weak                       Min:  0.0, Avg:  0.0, Max:  0.0, Diff:  0.0, Sum:  0.0, Workers: 4
[27.103s][debug][gc,phases      ] GC(64)     Dead                           Min: 0, Avg:  0.0, Max: 0, Diff: 0, Sum: 0, Workers: 4
[27.103s][debug][gc,phases      ] GC(64)     Total                          Min: 0, Avg:  0.0, Max: 0, Diff: 0, Sum: 0, Workers: 4
[27.103s][debug][gc,phases      ] GC(64)   StringDedup Table Weak         Min:  0.0, Avg:  0.0, Max:  0.0, Diff:  0.0, Sum:  0.0, Workers: 4
[27.103s][debug][gc,phases      ] GC(64)     Dead                           Min: 0, Avg:  0.0, Max: 0, Diff: 0, Sum: 0, Workers: 4
[27.103s][debug][gc,phases      ] GC(64)     Total                          Min: 0, Avg:  0.0, Max: 0, Diff: 0, Sum: 0, Workers: 4
[27.103s][debug][gc,phases      ] GC(64)   StringDedup Requests0 Weak     Min:  0.0, Avg:  0.0, Max:  0.0, Diff:  0.0, Sum:  0.0, Workers: 4
[27.103s][debug][gc,phases      ] GC(64)     Dead                           Min: 0, Avg:  0.0, Max: 0, Diff: 0, Sum: 0, Workers: 4
[27.103s][debug][gc,phases      ] GC(64)     Total                          Min: 0, Avg:  0.0, Max: 0, Diff: 0, Sum: 0, Workers: 4
[27.103s][debug][gc,phases      ] GC(64)   StringDedup Requests1 Weak     Min:  0.0, Avg:  0.0, Max:  0.0, Diff:  0.0, Sum:  0.0, Workers: 4
[27.103s][debug][gc,phases      ] GC(64)     Dead                           Min: 0, Avg:  0.0, Max: 0, Diff: 0, Sum: 0, Workers: 4
[27.103s][debug][gc,phases      ] GC(64)     Total                          Min: 0, Avg:  0.0, Max: 0, Diff: 0, Sum: 0, Workers: 4
[27.103s][debug][gc,phases      ] GC(64)   Weak JFR Old Object Samples    Min:  0.0, Avg:  0.0, Max:  0.0, Diff:  0.0, Sum:  0.0, Workers: 4
[27.103s][debug][gc,phases      ] GC(64)     Dead                           Min: 0, Avg:  0.0, Max: 0, Diff: 0, Sum: 0, Workers: 4
[27.103s][debug][gc,phases      ] GC(64)     Total                          Min: 0, Avg:  0.0, Max: 0, Diff: 0, Sum: 0, Workers: 4
[27.103s][debug][gc,phases      ] GC(64) Weak Processing 0.312ms
[27.103s][debug][gc,age         ] GC(64) Desired survivor size 328204288 bytes, new threshold 15 (max threshold 15)
[27.103s][info ][gc,heap        ] GC(64) PSYoungGen: 1622818K(1768960K)->180210K(1776640K) Eden: 1442816K(1442816K)->0K(1452544K) From: 180002K(326144K)->180210K(324096K)
[27.103s][info ][gc,heap        ] GC(64) ParOldGen: 566464K(705536K)->567692K(705536K)
[27.103s][info ][gc,metaspace   ] GC(64) Metaspace: 67914K(68608K)->67914K(68608K) NonClass: 58063K(58496K)->58063K(58496K) Class: 9851K(10112K)->9851K(10112K)
[27.103s][info ][gc             ] GC(64) Pause Young (Allocation Failure) 2137M->730M(2424M) 100.826ms
[27.103s][info ][gc,cpu         ] GC(64) User=0.39s Sys=0.00s Real=0.10s
[27.103s][info ][safepoint      ] Safepoint "ParallelGCFailedAllocation", Time since last: 11996838 ns, Reaching safepoint: 4238384 ns, At safepoint: 100941899 ns, Total: 105180283 ns
[27.137s][info ][safepoint      ] Safepoint "ICBufferFull", Time since last: 33409062 ns, Reaching safepoint: 153003 ns, At safepoint: 21700 ns, Total: 174703 ns
[27.141s][info ][safepoint      ] Safepoint "ICBufferFull", Time since last: 3842776 ns, Reaching safepoint: 128303 ns, At safepoint: 24500 ns, Total: 152803 ns
[27.174s][info ][safepoint      ] Safepoint "ICBufferFull", Time since last: 33198558 ns, Reaching safepoint: 159003 ns, At safepoint: 25700 ns, Total: 184703 ns
[27.241s][info ][safepoint      ] Safepoint "ICBufferFull", Time since last: 66863625 ns, Reaching safepoint: 143303 ns, At safepoint: 20200 ns, Total: 163503 ns
[27.274s][info ][safepoint      ] Safepoint "ICBufferFull", Time since last: 32756949 ns, Reaching safepoint: 136002 ns, At safepoint: 23801 ns, Total: 159803 ns
[27.299s][info ][safepoint      ] Safepoint "ICBufferFull", Time since last: 24486585 ns, Reaching safepoint: 138703 ns, At safepoint: 16900 ns, Total: 155603 ns
[27.366s][info ][safepoint      ] Safepoint "ICBufferFull", Time since last: 66526717 ns, Reaching safepoint: 142803 ns, At safepoint: 27301 ns, Total: 170104 ns
[27.378s][info ][gc,start       ] GC(65) Pause Young (Allocation Failure)
[27.487s][debug][gc,phases      ] GC(65) Scavenge 108.954ms
[27.487s][debug][gc,ref         ] GC(65) Skipped phase 1 of Reference Processing: no references
[27.487s][debug][gc,ref         ] GC(65) ReferenceProcessor::execute queues: 1, RefProcThreadModel::Single, marks_oops_alive: false
[27.487s][debug][gc,ref         ] GC(65) Skipped phase 3 of Reference Processing: no references
[27.487s][debug][gc,ref         ] GC(65) ReferenceProcessor::execute queues: 1, RefProcThreadModel::Single, marks_oops_alive: false
[27.487s][debug][gc,phases      ] GC(65) Reference Processing 0.146ms
[27.488s][debug][gc,phases      ] GC(65)   VM Weak                        Min:  0.0, Avg:  0.0, Max:  0.0, Diff:  0.0, Sum:  0.0, Workers: 4
[27.488s][debug][gc,phases      ] GC(65)     Dead                           Min: 0, Avg:  0.0, Max: 0, Diff: 0, Sum: 0, Workers: 4
[27.488s][debug][gc,phases      ] GC(65)     Total                          Min: 0, Avg: 130.8, Max: 523, Diff: 523, Sum: 523, Workers: 4
[27.488s][debug][gc,phases      ] GC(65)   ObjectSynchronizer Weak        Min:  0.0, Avg:  0.0, Max:  0.0, Diff:  0.0, Sum:  0.0, Workers: 4
[27.488s][debug][gc,phases      ] GC(65)     Dead                           Min: 0, Avg:  0.0, Max: 0, Diff: 0, Sum: 0, Workers: 4
[27.488s][debug][gc,phases      ] GC(65)     Total                          Min: 0, Avg: 97.8, Max: 320, Diff: 320, Sum: 391, Workers: 4
[27.488s][debug][gc,phases      ] GC(65)   JVMTI Tag Weak OopStorage      Min:  0.0, Avg:  0.0, Max:  0.0, Diff:  0.0, Sum:  0.0, Workers: 4
[27.488s][debug][gc,phases      ] GC(65)     Dead                           Min: 0, Avg:  0.0, Max: 0, Diff: 0, Sum: 0, Workers: 4
[27.488s][debug][gc,phases      ] GC(65)     Total                          Min: 0, Avg:  0.0, Max: 0, Diff: 0, Sum: 0, Workers: 4
[27.488s][debug][gc,phases      ] GC(65)   StringTable Weak               Min:  0.1, Avg:  0.1, Max:  0.1, Diff:  0.0, Sum:  0.4, Workers: 4
[27.488s][debug][gc,phases      ] GC(65)     Dead                           Min: 0, Avg:  2.8, Max: 11, Diff: 11, Sum: 11, Workers: 4
[27.488s][debug][gc,phases      ] GC(65)     Total                          Min: 9984, Avg: 10625.5, Max: 11264, Diff: 1280, Sum: 42502, Workers: 4
[27.488s][debug][gc,phases      ] GC(65)   ResolvedMethodTable Weak       Min:  0.0, Avg:  0.0, Max:  0.0, Diff:  0.0, Sum:  0.1, Workers: 4
[27.488s][debug][gc,phases      ] GC(65)     Dead                           Min: 0, Avg:  0.0, Max: 0, Diff: 0, Sum: 0, Workers: 4
[27.488s][debug][gc,phases      ] GC(65)     Total                          Min: 1600, Avg: 1774.2, Max: 1913, Diff: 313, Sum: 7097, Workers: 4
[27.488s][debug][gc,phases      ] GC(65)   JNI Weak                       Min:  0.0, Avg:  0.0, Max:  0.0, Diff:  0.0, Sum:  0.0, Workers: 4
[27.488s][debug][gc,phases      ] GC(65)     Dead                           Min: 0, Avg:  0.0, Max: 0, Diff: 0, Sum: 0, Workers: 4
[27.488s][debug][gc,phases      ] GC(65)     Total                          Min: 0, Avg:  1.0, Max: 4, Diff: 4, Sum: 4, Workers: 4
[27.488s][debug][gc,phases      ] GC(65)   StringDedup Table Weak         Min:  0.0, Avg:  0.0, Max:  0.0, Diff:  0.0, Sum:  0.0, Workers: 4
[27.488s][debug][gc,phases      ] GC(65)     Dead                           Min: 0, Avg:  0.0, Max: 0, Diff: 0, Sum: 0, Workers: 4
[27.488s][debug][gc,phases      ] GC(65)     Total                          Min: 0, Avg:  0.0, Max: 0, Diff: 0, Sum: 0, Workers: 4
[27.488s][debug][gc,phases      ] GC(65)   StringDedup Requests0 Weak     Min:  0.0, Avg:  0.0, Max:  0.0, Diff:  0.0, Sum:  0.0, Workers: 4
[27.488s][debug][gc,phases      ] GC(65)     Dead                           Min: 0, Avg:  0.0, Max: 0, Diff: 0, Sum: 0, Workers: 4
[27.488s][debug][gc,phases      ] GC(65)     Total                          Min: 0, Avg:  0.0, Max: 0, Diff: 0, Sum: 0, Workers: 4
[27.488s][debug][gc,phases      ] GC(65)   StringDedup Requests1 Weak     Min:  0.0, Avg:  0.0, Max:  0.0, Diff:  0.0, Sum:  0.0, Workers: 4
[27.488s][debug][gc,phases      ] GC(65)     Dead                           Min: 0, Avg:  0.0, Max: 0, Diff: 0, Sum: 0, Workers: 4
[27.488s][debug][gc,phases      ] GC(65)     Total                          Min: 0, Avg:  0.0, Max: 0, Diff: 0, Sum: 0, Workers: 4
[27.488s][debug][gc,phases      ] GC(65)   Weak JFR Old Object Samples    Min:  0.0, Avg:  0.0, Max:  0.0, Diff:  0.0, Sum:  0.0, Workers: 4
[27.488s][debug][gc,phases      ] GC(65)     Dead                           Min: 0, Avg:  0.0, Max: 0, Diff: 0, Sum: 0, Workers: 4
[27.488s][debug][gc,phases      ] GC(65)     Total                          Min: 0, Avg:  0.0, Max: 0, Diff: 0, Sum: 0, Workers: 4
[27.488s][debug][gc,phases      ] GC(65) Weak Processing 0.323ms
[27.488s][debug][gc,age         ] GC(65) Desired survivor size 327155712 bytes, new threshold 15 (max threshold 15)
[27.488s][info ][gc,heap        ] GC(65) PSYoungGen: 1632754K(1776640K)->188498K(1773056K) Eden: 1452544K(1452544K)->0K(1452544K) From: 180210K(324096K)->188498K(320512K)
[27.488s][info ][gc,heap        ] GC(65) ParOldGen: 567692K(705536K)->568489K(705536K)
[27.488s][info ][gc,metaspace   ] GC(65) Metaspace: 67953K(68672K)->67953K(68672K) NonClass: 58095K(58496K)->58095K(58496K) Class: 9857K(10176K)->9857K(10176K)
[27.488s][info ][gc             ] GC(65) Pause Young (Allocation Failure) 2148M->739M(2420M) 109.585ms
[27.488s][info ][gc,cpu         ] GC(65) User=0.44s Sys=0.00s Real=0.11s
[27.488s][info ][safepoint      ] Safepoint "ParallelGCFailedAllocation", Time since last: 12270243 ns, Reaching safepoint: 140303 ns, At safepoint: 109726773 ns, Total: 109867076 ns
[27.523s][info ][safepoint      ] Safepoint "ICBufferFull", Time since last: 35025494 ns, Reaching safepoint: 185803 ns, At safepoint: 31301 ns, Total: 217104 ns
[27.528s][info ][safepoint      ] Safepoint "ICBufferFull", Time since last: 4733794 ns, Reaching safepoint: 110202 ns, At safepoint: 20000 ns, Total: 130202 ns
[27.530s][info ][safepoint      ] Safepoint "ICBufferFull", Time since last: 2421348 ns, Reaching safepoint: 101702 ns, At safepoint: 19001 ns, Total: 120703 ns
[27.537s][info ][safepoint      ] Safepoint "ICBufferFull", Time since last: 6454327 ns, Reaching safepoint: 117403 ns, At safepoint: 19100 ns, Total: 136503 ns
[27.539s][info ][safepoint      ] Safepoint "ICBufferFull", Time since last: 1461829 ns, Reaching safepoint: 75902 ns, At safepoint: 18600 ns, Total: 94502 ns
[27.543s][info ][safepoint      ] Safepoint "ICBufferFull", Time since last: 4458288 ns, Reaching safepoint: 104802 ns, At safepoint: 27101 ns, Total: 131903 ns
[27.545s][info ][safepoint      ] Safepoint "ICBufferFull", Time since last: 1403328 ns, Reaching safepoint: 110402 ns, At safepoint: 19700 ns, Total: 130102 ns
[27.799s][info ][gc,start       ] GC(66) Pause Young (Allocation Failure)
[27.914s][debug][gc,phases      ] GC(66) Scavenge 115.038ms
[27.914s][debug][gc,ref         ] GC(66) Skipped phase 1 of Reference Processing: no references
[27.914s][debug][gc,ref         ] GC(66) ReferenceProcessor::execute queues: 1, RefProcThreadModel::Single, marks_oops_alive: false
[27.914s][debug][gc,ref         ] GC(66) Skipped phase 3 of Reference Processing: no references
[27.915s][debug][gc,ref         ] GC(66) Skipped phase 4 of Reference Processing: no references
[27.915s][debug][gc,phases      ] GC(66) Reference Processing 0.125ms
[27.915s][debug][gc,phases      ] GC(66)   VM Weak                        Min:  0.0, Avg:  0.0, Max:  0.0, Diff:  0.0, Sum:  0.0, Workers: 4
[27.915s][debug][gc,phases      ] GC(66)     Dead                           Min: 0, Avg:  0.0, Max: 0, Diff: 0, Sum: 0, Workers: 4
[27.915s][debug][gc,phases      ] GC(66)     Total                          Min: 0, Avg: 130.8, Max: 512, Diff: 512, Sum: 523, Workers: 4
[27.915s][debug][gc,phases      ] GC(66)   ObjectSynchronizer Weak        Min:  0.0, Avg:  0.0, Max:  0.0, Diff:  0.0, Sum:  0.0, Workers: 4
[27.915s][debug][gc,phases      ] GC(66)     Dead                           Min: 0, Avg:  0.0, Max: 0, Diff: 0, Sum: 0, Workers: 4
[27.915s][debug][gc,phases      ] GC(66)     Total                          Min: 0, Avg: 97.8, Max: 256, Diff: 256, Sum: 391, Workers: 4
[27.915s][debug][gc,phases      ] GC(66)   JVMTI Tag Weak OopStorage      Min:  0.0, Avg:  0.0, Max:  0.0, Diff:  0.0, Sum:  0.0, Workers: 4
[27.915s][debug][gc,phases      ] GC(66)     Dead                           Min: 0, Avg:  0.0, Max: 0, Diff: 0, Sum: 0, Workers: 4
[27.915s][debug][gc,phases      ] GC(66)     Total                          Min: 0, Avg:  0.0, Max: 0, Diff: 0, Sum: 0, Workers: 4
[27.915s][debug][gc,phases      ] GC(66)   StringTable Weak               Min:  0.1, Avg:  0.1, Max:  0.1, Diff:  0.0, Sum:  0.4, Workers: 4
[27.915s][debug][gc,phases      ] GC(66)     Dead                           Min: 0, Avg:  0.0, Max: 0, Diff: 0, Sum: 0, Workers: 4
[27.915s][debug][gc,phases      ] GC(66)     Total                          Min: 9344, Avg: 10628.5, Max: 12224, Diff: 2880, Sum: 42514, Workers: 4
[27.915s][debug][gc,phases      ] GC(66)   ResolvedMethodTable Weak       Min:  0.0, Avg:  0.0, Max:  0.0, Diff:  0.0, Sum:  0.1, Workers: 4
[27.915s][debug][gc,phases      ] GC(66)     Dead                           Min: 0, Avg:  0.0, Max: 0, Diff: 0, Sum: 0, Workers: 4
[27.915s][debug][gc,phases      ] GC(66)     Total                          Min: 1600, Avg: 1774.2, Max: 1856, Diff: 256, Sum: 7097, Workers: 4
[27.915s][debug][gc,phases      ] GC(66)   JNI Weak                       Min:  0.0, Avg:  0.0, Max:  0.0, Diff:  0.0, Sum:  0.0, Workers: 4
[27.915s][debug][gc,phases      ] GC(66)     Dead                           Min: 0, Avg:  0.0, Max: 0, Diff: 0, Sum: 0, Workers: 4
[27.915s][debug][gc,phases      ] GC(66)     Total                          Min: 0, Avg:  0.2, Max: 1, Diff: 1, Sum: 1, Workers: 4
[27.915s][debug][gc,phases      ] GC(66)   StringDedup Table Weak         Min:  0.0, Avg:  0.0, Max:  0.0, Diff:  0.0, Sum:  0.0, Workers: 4
[27.915s][debug][gc,phases      ] GC(66)     Dead                           Min: 0, Avg:  0.0, Max: 0, Diff: 0, Sum: 0, Workers: 4
[27.915s][debug][gc,phases      ] GC(66)     Total                          Min: 0, Avg:  0.0, Max: 0, Diff: 0, Sum: 0, Workers: 4
[27.915s][debug][gc,phases      ] GC(66)   StringDedup Requests0 Weak     Min:  0.0, Avg:  0.0, Max:  0.0, Diff:  0.0, Sum:  0.0, Workers: 4
[27.915s][debug][gc,phases      ] GC(66)     Dead                           Min: 0, Avg:  0.0, Max: 0, Diff: 0, Sum: 0, Workers: 4
[27.915s][debug][gc,phases      ] GC(66)     Total                          Min: 0, Avg:  0.0, Max: 0, Diff: 0, Sum: 0, Workers: 4
[27.915s][debug][gc,phases      ] GC(66)   StringDedup Requests1 Weak     Min:  0.0, Avg:  0.0, Max:  0.0, Diff:  0.0, Sum:  0.0, Workers: 4
[27.915s][debug][gc,phases      ] GC(66)     Dead                           Min: 0, Avg:  0.0, Max: 0, Diff: 0, Sum: 0, Workers: 4
[27.915s][debug][gc,phases      ] GC(66)     Total                          Min: 0, Avg:  0.0, Max: 0, Diff: 0, Sum: 0, Workers: 4
[27.915s][debug][gc,phases      ] GC(66)   Weak JFR Old Object Samples    Min:  0.0, Avg:  0.0, Max:  0.0, Diff:  0.0, Sum:  0.0, Workers: 4
[27.915s][debug][gc,phases      ] GC(66)     Dead                           Min: 0, Avg:  0.0, Max: 0, Diff: 0, Sum: 0, Workers: 4
[27.915s][debug][gc,phases      ] GC(66)     Total                          Min: 0, Avg:  0.0, Max: 0, Diff: 0, Sum: 0, Workers: 4
[27.915s][debug][gc,phases      ] GC(66) Weak Processing 0.325ms
[27.915s][debug][gc,age         ] GC(66) Desired survivor size 325582848 bytes, new threshold 15 (max threshold 15)
[27.915s][info ][gc,heap        ] GC(66) PSYoungGen: 1641042K(1773056K)->190930K(1779200K) Eden: 1452544K(1452544K)->0K(1459712K) From: 188498K(320512K)->190930K(319488K)
[27.915s][info ][gc,heap        ] GC(66) ParOldGen: 568489K(705536K)->573129K(705536K)
[27.915s][info ][gc,metaspace   ] GC(66) Metaspace: 67964K(68672K)->67964K(68672K) NonClass: 58107K(58496K)->58107K(58496K) Class: 9857K(10176K)->9857K(10176K)
[27.915s][info ][gc             ] GC(66) Pause Young (Allocation Failure) 2157M->746M(2426M) 115.632ms
[27.915s][info ][gc,cpu         ] GC(66) User=0.45s Sys=0.00s Real=0.12s
[27.915s][info ][safepoint      ] Safepoint "ParallelGCFailedAllocation", Time since last: 254322937 ns, Reaching safepoint: 170804 ns, At safepoint: 115756392 ns, Total: 115927196 ns
[28.177s][info ][gc,start       ] GC(67) Pause Young (Allocation Failure)
[28.279s][debug][gc,phases      ] GC(67) Scavenge 101.408ms
[28.279s][debug][gc,ref         ] GC(67) Skipped phase 1 of Reference Processing: no references
[28.279s][debug][gc,ref         ] GC(67) ReferenceProcessor::execute queues: 1, RefProcThreadModel::Single, marks_oops_alive: false
[28.279s][debug][gc,ref         ] GC(67) Skipped phase 3 of Reference Processing: no references
[28.279s][debug][gc,ref         ] GC(67) Skipped phase 4 of Reference Processing: no references
[28.279s][debug][gc,phases      ] GC(67) Reference Processing 0.119ms
[28.279s][debug][gc,phases      ] GC(67)   VM Weak                        Min:  0.0, Avg:  0.0, Max:  0.0, Diff:  0.0, Sum:  0.0, Workers: 4
[28.279s][debug][gc,phases      ] GC(67)     Dead                           Min: 0, Avg:  0.0, Max: 0, Diff: 0, Sum: 0, Workers: 4
[28.279s][debug][gc,phases      ] GC(67)     Total                          Min: 0, Avg: 130.8, Max: 384, Diff: 384, Sum: 523, Workers: 4
[28.279s][debug][gc,phases      ] GC(67)   ObjectSynchronizer Weak        Min:  0.0, Avg:  0.0, Max:  0.0, Diff:  0.0, Sum:  0.0, Workers: 4
[28.279s][debug][gc,phases      ] GC(67)     Dead                           Min: 0, Avg:  0.0, Max: 0, Diff: 0, Sum: 0, Workers: 4
[28.279s][debug][gc,phases      ] GC(67)     Total                          Min: 0, Avg: 97.8, Max: 256, Diff: 256, Sum: 391, Workers: 4
[28.279s][debug][gc,phases      ] GC(67)   JVMTI Tag Weak OopStorage      Min:  0.0, Avg:  0.0, Max:  0.0, Diff:  0.0, Sum:  0.0, Workers: 4
[28.279s][debug][gc,phases      ] GC(67)     Dead                           Min: 0, Avg:  0.0, Max: 0, Diff: 0, Sum: 0, Workers: 4
[28.279s][debug][gc,phases      ] GC(67)     Total                          Min: 0, Avg:  0.0, Max: 0, Diff: 0, Sum: 0, Workers: 4
[28.279s][debug][gc,phases      ] GC(67)   StringTable Weak               Min:  0.1, Avg:  0.1, Max:  0.1, Diff:  0.0, Sum:  0.4, Workers: 4
[28.279s][debug][gc,phases      ] GC(67)     Dead                           Min: 0, Avg:  2.8, Max: 11, Diff: 11, Sum: 11, Workers: 4
[28.279s][debug][gc,phases      ] GC(67)     Total                          Min: 10240, Avg: 10629.8, Max: 11031, Diff: 791, Sum: 42519, Workers: 4
[28.279s][debug][gc,phases      ] GC(67)   ResolvedMethodTable Weak       Min:  0.0, Avg:  0.0, Max:  0.0, Diff:  0.0, Sum:  0.1, Workers: 4
[28.279s][debug][gc,phases      ] GC(67)     Dead                           Min: 0, Avg:  0.0, Max: 0, Diff: 0, Sum: 0, Workers: 4
[28.279s][debug][gc,phases      ] GC(67)     Total                          Min: 1664, Avg: 1774.2, Max: 2041, Diff: 377, Sum: 7097, Workers: 4
[28.279s][debug][gc,phases      ] GC(67)   JNI Weak                       Min:  0.0, Avg:  0.0, Max:  0.0, Diff:  0.0, Sum:  0.0, Workers: 4
[28.279s][debug][gc,phases      ] GC(67)     Dead                           Min: 0, Avg:  0.0, Max: 0, Diff: 0, Sum: 0, Workers: 4
[28.279s][debug][gc,phases      ] GC(67)     Total                          Min: 0, Avg:  0.2, Max: 1, Diff: 1, Sum: 1, Workers: 4
[28.279s][debug][gc,phases      ] GC(67)   StringDedup Table Weak         Min:  0.0, Avg:  0.0, Max:  0.0, Diff:  0.0, Sum:  0.0, Workers: 4
[28.279s][debug][gc,phases      ] GC(67)     Dead                           Min: 0, Avg:  0.0, Max: 0, Diff: 0, Sum: 0, Workers: 4
[28.279s][debug][gc,phases      ] GC(67)     Total                          Min: 0, Avg:  0.0, Max: 0, Diff: 0, Sum: 0, Workers: 4
[28.279s][debug][gc,phases      ] GC(67)   StringDedup Requests0 Weak     Min:  0.0, Avg:  0.0, Max:  0.0, Diff:  0.0, Sum:  0.0, Workers: 4
[28.279s][debug][gc,phases      ] GC(67)     Dead                           Min: 0, Avg:  0.0, Max: 0, Diff: 0, Sum: 0, Workers: 4
[28.279s][debug][gc,phases      ] GC(67)     Total                          Min: 0, Avg:  0.0, Max: 0, Diff: 0, Sum: 0, Workers: 4
[28.279s][debug][gc,phases      ] GC(67)   StringDedup Requests1 Weak     Min:  0.0, Avg:  0.0, Max:  0.0, Diff:  0.0, Sum:  0.0, Workers: 4
[28.279s][debug][gc,phases      ] GC(67)     Dead                           Min: 0, Avg:  0.0, Max: 0, Diff: 0, Sum: 0, Workers: 4
[28.279s][debug][gc,phases      ] GC(67)     Total                          Min: 0, Avg:  0.0, Max: 0, Diff: 0, Sum: 0, Workers: 4
[28.279s][debug][gc,phases      ] GC(67)   Weak JFR Old Object Samples    Min:  0.0, Avg:  0.0, Max:  0.0, Diff:  0.0, Sum:  0.0, Workers: 4
[28.279s][debug][gc,phases      ] GC(67)     Dead                           Min: 0, Avg:  0.0, Max: 0, Diff: 0, Sum: 0, Workers: 4
[28.279s][debug][gc,phases      ] GC(67)     Total                          Min: 0, Avg:  0.0, Max: 0, Diff: 0, Sum: 0, Workers: 4
[28.279s][debug][gc,phases      ] GC(67) Weak Processing 0.314ms
[28.279s][debug][gc,age         ] GC(67) Desired survivor size 309854208 bytes, new threshold 15 (max threshold 15)
[28.279s][info ][gc,heap        ] GC(67) PSYoungGen: 1650642K(1779200K)->155872K(1777664K) Eden: 1459712K(1459712K)->0K(1459712K) From: 190930K(319488K)->155872K(317952K)
[28.279s][info ][gc,heap        ] GC(67) ParOldGen: 573129K(705536K)->614252K(705536K)
[28.279s][info ][gc,metaspace   ] GC(67) Metaspace: 67972K(68672K)->67972K(68672K) NonClass: 58114K(58496K)->58114K(58496K) Class: 9857K(10176K)->9857K(10176K)
[28.279s][info ][gc             ] GC(67) Pause Young (Allocation Failure) 2171M->752M(2425M) 101.979ms
[28.279s][info ][gc,cpu         ] GC(67) User=0.39s Sys=0.02s Real=0.10s
[28.280s][info ][safepoint      ] Safepoint "ParallelGCFailedAllocation", Time since last: 262269294 ns, Reaching safepoint: 187904 ns, At safepoint: 102096422 ns, Total: 102284326 ns
[28.535s][info ][gc,start       ] GC(68) Pause Young (Allocation Failure)
[28.591s][debug][gc,phases      ] GC(68) Scavenge 55.904ms
[28.591s][debug][gc,ref         ] GC(68) Skipped phase 1 of Reference Processing: no references
[28.591s][debug][gc,ref         ] GC(68) ReferenceProcessor::execute queues: 1, RefProcThreadModel::Single, marks_oops_alive: false
[28.591s][debug][gc,ref         ] GC(68) Skipped phase 3 of Reference Processing: no references
[28.591s][debug][gc,ref         ] GC(68) Skipped phase 4 of Reference Processing: no references
[28.591s][debug][gc,phases      ] GC(68) Reference Processing 0.099ms
[28.591s][debug][gc,phases      ] GC(68)   VM Weak                        Min:  0.0, Avg:  0.0, Max:  0.0, Diff:  0.0, Sum:  0.0, Workers: 4
[28.591s][debug][gc,phases      ] GC(68)     Dead                           Min: 0, Avg:  0.0, Max: 0, Diff: 0, Sum: 0, Workers: 4
[28.591s][debug][gc,phases      ] GC(68)     Total                          Min: 0, Avg: 130.8, Max: 523, Diff: 523, Sum: 523, Workers: 4
[28.591s][debug][gc,phases      ] GC(68)   ObjectSynchronizer Weak        Min:  0.0, Avg:  0.0, Max:  0.0, Diff:  0.0, Sum:  0.0, Workers: 4
[28.591s][debug][gc,phases      ] GC(68)     Dead                           Min: 0, Avg:  0.0, Max: 0, Diff: 0, Sum: 0, Workers: 4
[28.591s][debug][gc,phases      ] GC(68)     Total                          Min: 0, Avg: 97.8, Max: 391, Diff: 391, Sum: 391, Workers: 4
[28.591s][debug][gc,phases      ] GC(68)   JVMTI Tag Weak OopStorage      Min:  0.0, Avg:  0.0, Max:  0.0, Diff:  0.0, Sum:  0.0, Workers: 4
[28.591s][debug][gc,phases      ] GC(68)     Dead                           Min: 0, Avg:  0.0, Max: 0, Diff: 0, Sum: 0, Workers: 4
[28.591s][debug][gc,phases      ] GC(68)     Total                          Min: 0, Avg:  0.0, Max: 0, Diff: 0, Sum: 0, Workers: 4
[28.591s][debug][gc,phases      ] GC(68)   StringTable Weak               Min:  0.1, Avg:  0.1, Max:  0.1, Diff:  0.0, Sum:  0.4, Workers: 4
[28.591s][debug][gc,phases      ] GC(68)     Dead                           Min: 0, Avg:  2.8, Max: 11, Diff: 11, Sum: 11, Workers: 4
[28.591s][debug][gc,phases      ] GC(68)     Total                          Min: 9088, Avg: 10630.0, Max: 11520, Diff: 2432, Sum: 42520, Workers: 4
[28.591s][debug][gc,phases      ] GC(68)   ResolvedMethodTable Weak       Min:  0.0, Avg:  0.0, Max:  0.0, Diff:  0.0, Sum:  0.1, Workers: 4
[28.591s][debug][gc,phases      ] GC(68)     Dead                           Min: 0, Avg:  0.0, Max: 0, Diff: 0, Sum: 0, Workers: 4
[28.591s][debug][gc,phases      ] GC(68)     Total                          Min: 1728, Avg: 1774.2, Max: 1913, Diff: 185, Sum: 7097, Workers: 4
[28.591s][debug][gc,phases      ] GC(68)   JNI Weak                       Min:  0.0, Avg:  0.0, Max:  0.0, Diff:  0.0, Sum:  0.0, Workers: 4
[28.591s][debug][gc,phases      ] GC(68)     Dead                           Min: 0, Avg:  0.0, Max: 0, Diff: 0, Sum: 0, Workers: 4
[28.591s][debug][gc,phases      ] GC(68)     Total                          Min: 0, Avg:  0.8, Max: 3, Diff: 3, Sum: 3, Workers: 4
[28.591s][debug][gc,phases      ] GC(68)   StringDedup Table Weak         Min:  0.0, Avg:  0.0, Max:  0.0, Diff:  0.0, Sum:  0.0, Workers: 4
[28.591s][debug][gc,phases      ] GC(68)     Dead                           Min: 0, Avg:  0.0, Max: 0, Diff: 0, Sum: 0, Workers: 4
[28.591s][debug][gc,phases      ] GC(68)     Total                          Min: 0, Avg:  0.0, Max: 0, Diff: 0, Sum: 0, Workers: 4
[28.591s][debug][gc,phases      ] GC(68)   StringDedup Requests0 Weak     Min:  0.0, Avg:  0.0, Max:  0.0, Diff:  0.0, Sum:  0.0, Workers: 4
[28.591s][debug][gc,phases      ] GC(68)     Dead                           Min: 0, Avg:  0.0, Max: 0, Diff: 0, Sum: 0, Workers: 4
[28.591s][debug][gc,phases      ] GC(68)     Total                          Min: 0, Avg:  0.0, Max: 0, Diff: 0, Sum: 0, Workers: 4
[28.591s][debug][gc,phases      ] GC(68)   StringDedup Requests1 Weak     Min:  0.0, Avg:  0.0, Max:  0.0, Diff:  0.0, Sum:  0.0, Workers: 4
[28.591s][debug][gc,phases      ] GC(68)     Dead                           Min: 0, Avg:  0.0, Max: 0, Diff: 0, Sum: 0, Workers: 4
[28.591s][debug][gc,phases      ] GC(68)     Total                          Min: 0, Avg:  0.0, Max: 0, Diff: 0, Sum: 0, Workers: 4
[28.591s][debug][gc,phases      ] GC(68)   Weak JFR Old Object Samples    Min:  0.0, Avg:  0.0, Max:  0.0, Diff:  0.0, Sum:  0.0, Workers: 4
[28.591s][debug][gc,phases      ] GC(68)     Dead                           Min: 0, Avg:  0.0, Max: 0, Diff: 0, Sum: 0, Workers: 4
[28.591s][debug][gc,phases      ] GC(68)     Total                          Min: 0, Avg:  0.0, Max: 0, Diff: 0, Sum: 0, Workers: 4
[28.591s][debug][gc,phases      ] GC(68) Weak Processing 0.307ms
[28.591s][debug][gc,age         ] GC(68) Desired survivor size 302514176 bytes, new threshold 15 (max threshold 15)
[28.591s][info ][gc,heap        ] GC(68) PSYoungGen: 1615562K(1777664K)->107884K(1801728K) Eden: 1459690K(1459712K)->0K(1499136K) From: 155872K(317952K)->107884K(302592K)
[28.591s][info ][gc,heap        ] GC(68) ParOldGen: 614252K(705536K)->665028K(705536K)
[28.591s][info ][gc,metaspace   ] GC(68) Metaspace: 67978K(68672K)->67978K(68672K) NonClass: 58121K(58496K)->58121K(58496K) Class: 9857K(10176K)->9857K(10176K)
[28.591s][info ][gc             ] GC(68) Pause Young (Allocation Failure) 2177M->754M(2448M) 56.443ms
[28.591s][info ][gc,cpu         ] GC(68) User=0.21s Sys=0.02s Real=0.06s
[28.591s][debug][gc,phases      ] GC(69) Pre Compact 0.010ms
[28.591s][info ][gc,start       ] GC(69) Pause Full (Ergonomics)
[28.591s][info ][gc,phases,start] GC(69) Marking Phase
[28.773s][debug][gc,phases      ] GC(69) Par Mark 181.816ms
[28.773s][debug][gc,ref         ] GC(69) Skipped phase 1 of Reference Processing: no references
[28.773s][debug][gc,ref         ] GC(69) ReferenceProcessor::execute queues: 4, RefProcThreadModel::Multi, marks_oops_alive: false
[28.774s][debug][gc,ref         ] GC(69) Skipped phase 3 of Reference Processing: no references
[28.774s][debug][gc,ref         ] GC(69) ReferenceProcessor::execute queues: 1, RefProcThreadModel::Single, marks_oops_alive: false
[28.774s][debug][gc,phases      ] GC(69) Reference Processing 0.367ms
[28.774s][debug][gc,phases      ] GC(69)   VM Weak                        Min:  0.0, Avg:  0.0, Max:  0.0, Diff:  0.0, Sum:  0.0, Workers: 4
[28.774s][debug][gc,phases      ] GC(69)     Dead                           Min: 0, Avg:  0.0, Max: 0, Diff: 0, Sum: 0, Workers: 4
[28.774s][debug][gc,phases      ] GC(69)     Total                          Min: 0, Avg: 130.8, Max: 331, Diff: 331, Sum: 523, Workers: 4
[28.774s][debug][gc,phases      ] GC(69)   ObjectSynchronizer Weak        Min:  0.0, Avg:  0.0, Max:  0.0, Diff:  0.0, Sum:  0.0, Workers: 4
[28.774s][debug][gc,phases      ] GC(69)     Dead                           Min: 0, Avg:  1.5, Max: 5, Diff: 5, Sum: 6, Workers: 4
[28.774s][debug][gc,phases      ] GC(69)     Total                          Min: 64, Avg: 97.8, Max: 128, Diff: 64, Sum: 391, Workers: 4
[28.774s][debug][gc,phases      ] GC(69)   JVMTI Tag Weak OopStorage      Min:  0.0, Avg:  0.0, Max:  0.0, Diff:  0.0, Sum:  0.0, Workers: 4
[28.774s][debug][gc,phases      ] GC(69)     Dead                           Min: 0, Avg:  0.0, Max: 0, Diff: 0, Sum: 0, Workers: 4
[28.774s][debug][gc,phases      ] GC(69)     Total                          Min: 0, Avg:  0.0, Max: 0, Diff: 0, Sum: 0, Workers: 4
[28.774s][debug][gc,phases      ] GC(69)   StringTable Weak               Min:  0.1, Avg:  0.1, Max:  0.1, Diff:  0.0, Sum:  0.6, Workers: 4
[28.774s][debug][gc,phases      ] GC(69)     Dead                           Min: 0, Avg:  0.0, Max: 0, Diff: 0, Sum: 0, Workers: 4
[28.774s][debug][gc,phases      ] GC(69)     Total                          Min: 6784, Avg: 10630.0, Max: 12248, Diff: 5464, Sum: 42520, Workers: 4
[28.774s][debug][gc,phases      ] GC(69)   ResolvedMethodTable Weak       Min:  0.0, Avg:  0.0, Max:  0.0, Diff:  0.0, Sum:  0.1, Workers: 4
[28.774s][debug][gc,phases      ] GC(69)     Dead                           Min: 0, Avg:  0.0, Max: 0, Diff: 0, Sum: 0, Workers: 4
[28.774s][debug][gc,phases      ] GC(69)     Total                          Min: 1536, Avg: 1774.2, Max: 1913, Diff: 377, Sum: 7097, Workers: 4
[28.774s][debug][gc,phases      ] GC(69)   JNI Weak                       Min:  0.0, Avg:  0.0, Max:  0.0, Diff:  0.0, Sum:  0.0, Workers: 4
[28.774s][debug][gc,phases      ] GC(69)     Dead                           Min: 0, Avg:  0.0, Max: 0, Diff: 0, Sum: 0, Workers: 4
[28.774s][debug][gc,phases      ] GC(69)     Total                          Min: 0, Avg:  0.8, Max: 3, Diff: 3, Sum: 3, Workers: 4
[28.774s][debug][gc,phases      ] GC(69)   StringDedup Table Weak         Min:  0.0, Avg:  0.0, Max:  0.0, Diff:  0.0, Sum:  0.0, Workers: 4
[28.774s][debug][gc,phases      ] GC(69)     Dead                           Min: 0, Avg:  0.0, Max: 0, Diff: 0, Sum: 0, Workers: 4
[28.774s][debug][gc,phases      ] GC(69)     Total                          Min: 0, Avg:  0.0, Max: 0, Diff: 0, Sum: 0, Workers: 4
[28.774s][debug][gc,phases      ] GC(69)   StringDedup Requests0 Weak     Min:  0.0, Avg:  0.0, Max:  0.0, Diff:  0.0, Sum:  0.0, Workers: 4
[28.774s][debug][gc,phases      ] GC(69)     Dead                           Min: 0, Avg:  0.0, Max: 0, Diff: 0, Sum: 0, Workers: 4
[28.774s][debug][gc,phases      ] GC(69)     Total                          Min: 0, Avg:  0.0, Max: 0, Diff: 0, Sum: 0, Workers: 4
[28.774s][debug][gc,phases      ] GC(69)   StringDedup Requests1 Weak     Min:  0.0, Avg:  0.0, Max:  0.0, Diff:  0.0, Sum:  0.0, Workers: 4
[28.774s][debug][gc,phases      ] GC(69)     Dead                           Min: 0, Avg:  0.0, Max: 0, Diff: 0, Sum: 0, Workers: 4
[28.774s][debug][gc,phases      ] GC(69)     Total                          Min: 0, Avg:  0.0, Max: 0, Diff: 0, Sum: 0, Workers: 4
[28.774s][debug][gc,phases      ] GC(69)   Weak JFR Old Object Samples    Min:  0.0, Avg:  0.0, Max:  0.0, Diff:  0.0, Sum:  0.0, Workers: 4
[28.774s][debug][gc,phases      ] GC(69)     Dead                           Min: 0, Avg:  0.0, Max: 0, Diff: 0, Sum: 0, Workers: 4
[28.774s][debug][gc,phases      ] GC(69)     Total                          Min: 0, Avg:  0.0, Max: 0, Diff: 0, Sum: 0, Workers: 4
[28.774s][debug][gc,phases      ] GC(69) Weak Processing 0.354ms
[28.774s][debug][gc,phases      ] GC(69) ClassLoaderData 0.074ms
[28.774s][debug][gc,phases      ] GC(69) Trigger cleanups 0.000ms
[28.784s][debug][gc,phases      ] GC(69) Class Unloading 10.193ms
[28.784s][info ][gc,phases      ] GC(69) Marking Phase 192.859ms
[28.784s][info ][gc,phases,start] GC(69) Summary Phase
[28.784s][info ][gc,phases      ] GC(69) Summary Phase 0.027ms
[28.784s][info ][gc,phases,start] GC(69) Adjust Roots
[28.792s][info ][gc,phases      ] GC(69) Adjust Roots 7.643ms
[28.792s][info ][gc,phases,start] GC(69) Compaction Phase
[29.179s][info ][gc,phases      ] GC(69) Compaction Phase 386.752ms
[29.179s][info ][gc,phases,start] GC(69) Post Compact
[29.181s][info ][gc,phases      ] GC(69) Post Compact 2.036ms
[29.181s][info ][gc,heap        ] GC(69) PSYoungGen: 107884K(1801728K)->0K(1794560K) Eden: 0K(1499136K)->0K(1499136K) From: 107884K(302592K)->0K(295424K)
[29.181s][info ][gc,heap        ] GC(69) ParOldGen: 665028K(705536K)->551650K(667648K)
[29.181s][info ][gc,metaspace   ] GC(69) Metaspace: 67978K(68672K)->67978K(68672K) NonClass: 58121K(58496K)->58121K(58496K) Class: 9857K(10176K)->9857K(10176K)
[29.181s][info ][gc             ] GC(69) Pause Full (Ergonomics) 754M->538M(2404M) 589.582ms
[29.181s][info ][gc,cpu         ] GC(69) User=2.29s Sys=0.01s Real=0.58s
[29.181s][info ][safepoint      ] Safepoint "ParallelGCFailedAllocation", Time since last: 255064352 ns, Reaching safepoint: 225304 ns, At safepoint: 646221698 ns, Total: 646447002 ns
[29.459s][info ][gc,start       ] GC(70) Pause Young (Allocation Failure)
[29.462s][debug][gc,phases      ] GC(70) Scavenge 2.483ms
[29.462s][debug][gc,ref         ] GC(70) Skipped phase 1 of Reference Processing: no references
[29.462s][debug][gc,ref         ] GC(70) Skipped phase 2 of Reference Processing: no references
[29.462s][debug][gc,ref         ] GC(70) Skipped phase 3 of Reference Processing: no references
[29.462s][debug][gc,ref         ] GC(70) Skipped phase 4 of Reference Processing: no references
[29.462s][debug][gc,phases      ] GC(70) Reference Processing 0.025ms
[29.462s][debug][gc,phases      ] GC(70)   VM Weak                        Min:  0.0, Avg:  0.0, Max:  0.0, Diff:  0.0, Sum:  0.0, Workers: 4
[29.462s][debug][gc,phases      ] GC(70)     Dead                           Min: 0, Avg:  0.0, Max: 0, Diff: 0, Sum: 0, Workers: 4
[29.462s][debug][gc,phases      ] GC(70)     Total                          Min: 0, Avg: 130.8, Max: 267, Diff: 267, Sum: 523, Workers: 4
[29.462s][debug][gc,phases      ] GC(70)   ObjectSynchronizer Weak        Min:  0.0, Avg:  0.0, Max:  0.0, Diff:  0.0, Sum:  0.0, Workers: 4
[29.462s][debug][gc,phases      ] GC(70)     Dead                           Min: 0, Avg:  0.0, Max: 0, Diff: 0, Sum: 0, Workers: 4
[29.462s][debug][gc,phases      ] GC(70)     Total                          Min: 0, Avg: 97.8, Max: 199, Diff: 199, Sum: 391, Workers: 4
[29.462s][debug][gc,phases      ] GC(70)   JVMTI Tag Weak OopStorage      Min:  0.0, Avg:  0.0, Max:  0.0, Diff:  0.0, Sum:  0.0, Workers: 4
[29.462s][debug][gc,phases      ] GC(70)     Dead                           Min: 0, Avg:  0.0, Max: 0, Diff: 0, Sum: 0, Workers: 4
[29.462s][debug][gc,phases      ] GC(70)     Total                          Min: 0, Avg:  0.0, Max: 0, Diff: 0, Sum: 0, Workers: 4
[29.462s][debug][gc,phases      ] GC(70)   StringTable Weak               Min:  0.1, Avg:  0.1, Max:  0.1, Diff:  0.0, Sum:  0.4, Workers: 4
[29.462s][debug][gc,phases      ] GC(70)     Dead                           Min: 0, Avg:  2.8, Max: 11, Diff: 11, Sum: 11, Workers: 4
[29.462s][debug][gc,phases      ] GC(70)     Total                          Min: 9753, Avg: 10630.2, Max: 11392, Diff: 1639, Sum: 42521, Workers: 4
[29.462s][debug][gc,phases      ] GC(70)   ResolvedMethodTable Weak       Min:  0.0, Avg:  0.0, Max:  0.0, Diff:  0.0, Sum:  0.1, Workers: 4
[29.462s][debug][gc,phases      ] GC(70)     Dead                           Min: 0, Avg:  0.0, Max: 0, Diff: 0, Sum: 0, Workers: 4
[29.462s][debug][gc,phases      ] GC(70)     Total                          Min: 1600, Avg: 1774.2, Max: 1913, Diff: 313, Sum: 7097, Workers: 4
[29.462s][debug][gc,phases      ] GC(70)   JNI Weak                       Min:  0.0, Avg:  0.0, Max:  0.0, Diff:  0.0, Sum:  0.0, Workers: 4
[29.462s][debug][gc,phases      ] GC(70)     Dead                           Min: 0, Avg:  0.0, Max: 0, Diff: 0, Sum: 0, Workers: 4
[29.462s][debug][gc,phases      ] GC(70)     Total                          Min: 0, Avg:  0.2, Max: 1, Diff: 1, Sum: 1, Workers: 4
[29.462s][debug][gc,phases      ] GC(70)   StringDedup Table Weak         Min:  0.0, Avg:  0.0, Max:  0.0, Diff:  0.0, Sum:  0.0, Workers: 4
[29.462s][debug][gc,phases      ] GC(70)     Dead                           Min: 0, Avg:  0.0, Max: 0, Diff: 0, Sum: 0, Workers: 4
[29.462s][debug][gc,phases      ] GC(70)     Total                          Min: 0, Avg:  0.0, Max: 0, Diff: 0, Sum: 0, Workers: 4
[29.462s][debug][gc,phases      ] GC(70)   StringDedup Requests0 Weak     Min:  0.0, Avg:  0.0, Max:  0.0, Diff:  0.0, Sum:  0.0, Workers: 4
[29.462s][debug][gc,phases      ] GC(70)     Dead                           Min: 0, Avg:  0.0, Max: 0, Diff: 0, Sum: 0, Workers: 4
[29.462s][debug][gc,phases      ] GC(70)     Total                          Min: 0, Avg:  0.0, Max: 0, Diff: 0, Sum: 0, Workers: 4
[29.462s][debug][gc,phases      ] GC(70)   StringDedup Requests1 Weak     Min:  0.0, Avg:  0.0, Max:  0.0, Diff:  0.0, Sum:  0.0, Workers: 4
[29.462s][debug][gc,phases      ] GC(70)     Dead                           Min: 0, Avg:  0.0, Max: 0, Diff: 0, Sum: 0, Workers: 4
[29.462s][debug][gc,phases      ] GC(70)     Total                          Min: 0, Avg:  0.0, Max: 0, Diff: 0, Sum: 0, Workers: 4
[29.462s][debug][gc,phases      ] GC(70)   Weak JFR Old Object Samples    Min:  0.0, Avg:  0.0, Max:  0.0, Diff:  0.0, Sum:  0.0, Workers: 4
[29.462s][debug][gc,phases      ] GC(70)     Dead                           Min: 0, Avg:  0.0, Max: 0, Diff: 0, Sum: 0, Workers: 4
[29.462s][debug][gc,phases      ] GC(70)     Total                          Min: 0, Avg:  0.0, Max: 0, Diff: 0, Sum: 0, Workers: 4
[29.462s][debug][gc,phases      ] GC(70) Weak Processing 0.337ms
[29.462s][debug][gc,age         ] GC(70) Desired survivor size 312475648 bytes, new threshold 15 (max threshold 15)
[29.462s][info ][gc,heap        ] GC(70) PSYoungGen: 1499136K(1794560K)->5621K(1782272K) Eden: 1499136K(1499136K)->0K(1486848K) From: 0K(295424K)->5621K(295424K)
[29.462s][info ][gc,heap        ] GC(70) ParOldGen: 551650K(667648K)->551650K(667648K)
[29.462s][info ][gc,metaspace   ] GC(70) Metaspace: 67982K(68672K)->67982K(68672K) NonClass: 58124K(58496K)->58124K(58496K) Class: 9857K(10176K)->9857K(10176K)
[29.462s][info ][gc             ] GC(70) Pause Young (Allocation Failure) 2002M->544M(2392M) 2.981ms
[29.462s][info ][gc,cpu         ] GC(70) User=0.02s Sys=0.00s Real=0.01s
[29.462s][info ][safepoint      ] Safepoint "ParallelGCFailedAllocation", Time since last: 278076307 ns, Reaching safepoint: 165304 ns, At safepoint: 3099061 ns, Total: 3264365 ns
[29.730s][info ][gc,start       ] GC(71) Pause Young (Allocation Failure)
[29.733s][debug][gc,phases      ] GC(71) Scavenge 2.582ms
[29.733s][debug][gc,ref         ] GC(71) Skipped phase 1 of Reference Processing: no references
[29.733s][debug][gc,ref         ] GC(71) Skipped phase 2 of Reference Processing: no references
[29.733s][debug][gc,ref         ] GC(71) Skipped phase 3 of Reference Processing: no references
[29.733s][debug][gc,ref         ] GC(71) Skipped phase 4 of Reference Processing: no references
[29.733s][debug][gc,phases      ] GC(71) Reference Processing 0.025ms
[29.733s][debug][gc,phases      ] GC(71)   VM Weak                        Min:  0.0, Avg:  0.0, Max:  0.0, Diff:  0.0, Sum:  0.0, Workers: 4
[29.733s][debug][gc,phases      ] GC(71)     Dead                           Min: 0, Avg:  0.0, Max: 0, Diff: 0, Sum: 0, Workers: 4
[29.733s][debug][gc,phases      ] GC(71)     Total                          Min: 0, Avg: 130.8, Max: 523, Diff: 523, Sum: 523, Workers: 4
[29.733s][debug][gc,phases      ] GC(71)   ObjectSynchronizer Weak        Min:  0.0, Avg:  0.0, Max:  0.0, Diff:  0.0, Sum:  0.0, Workers: 4
[29.733s][debug][gc,phases      ] GC(71)     Dead                           Min: 0, Avg:  0.0, Max: 0, Diff: 0, Sum: 0, Workers: 4
[29.733s][debug][gc,phases      ] GC(71)     Total                          Min: 0, Avg: 97.8, Max: 384, Diff: 384, Sum: 391, Workers: 4
[29.733s][debug][gc,phases      ] GC(71)   JVMTI Tag Weak OopStorage      Min:  0.0, Avg:  0.0, Max:  0.0, Diff:  0.0, Sum:  0.0, Workers: 4
[29.733s][debug][gc,phases      ] GC(71)     Dead                           Min: 0, Avg:  0.0, Max: 0, Diff: 0, Sum: 0, Workers: 4
[29.733s][debug][gc,phases      ] GC(71)     Total                          Min: 0, Avg:  0.0, Max: 0, Diff: 0, Sum: 0, Workers: 4
[29.733s][debug][gc,phases      ] GC(71)   StringTable Weak               Min:  0.1, Avg:  0.1, Max:  0.1, Diff:  0.0, Sum:  0.4, Workers: 4
[29.733s][debug][gc,phases      ] GC(71)     Dead                           Min: 0, Avg:  2.8, Max: 11, Diff: 11, Sum: 11, Workers: 4
[29.733s][debug][gc,phases      ] GC(71)     Total                          Min: 10176, Avg: 10630.8, Max: 11008, Diff: 832, Sum: 42523, Workers: 4
[29.733s][debug][gc,phases      ] GC(71)   ResolvedMethodTable Weak       Min:  0.0, Avg:  0.0, Max:  0.0, Diff:  0.0, Sum:  0.1, Workers: 4
[29.733s][debug][gc,phases      ] GC(71)     Dead                           Min: 0, Avg:  0.0, Max: 0, Diff: 0, Sum: 0, Workers: 4
[29.733s][debug][gc,phases      ] GC(71)     Total                          Min: 1664, Avg: 1774.2, Max: 1856, Diff: 192, Sum: 7097, Workers: 4
[29.733s][debug][gc,phases      ] GC(71)   JNI Weak                       Min:  0.0, Avg:  0.0, Max:  0.0, Diff:  0.0, Sum:  0.0, Workers: 4
[29.733s][debug][gc,phases      ] GC(71)     Dead                           Min: 0, Avg:  0.0, Max: 0, Diff: 0, Sum: 0, Workers: 4
[29.733s][debug][gc,phases      ] GC(71)     Total                          Min: 0, Avg:  0.0, Max: 0, Diff: 0, Sum: 0, Workers: 4
[29.733s][debug][gc,phases      ] GC(71)   StringDedup Table Weak         Min:  0.0, Avg:  0.0, Max:  0.0, Diff:  0.0, Sum:  0.0, Workers: 4
[29.733s][debug][gc,phases      ] GC(71)     Dead                           Min: 0, Avg:  0.0, Max: 0, Diff: 0, Sum: 0, Workers: 4
[29.733s][debug][gc,phases      ] GC(71)     Total                          Min: 0, Avg:  0.0, Max: 0, Diff: 0, Sum: 0, Workers: 4
[29.733s][debug][gc,phases      ] GC(71)   StringDedup Requests0 Weak     Min:  0.0, Avg:  0.0, Max:  0.0, Diff:  0.0, Sum:  0.0, Workers: 4
[29.733s][debug][gc,phases      ] GC(71)     Dead                           Min: 0, Avg:  0.0, Max: 0, Diff: 0, Sum: 0, Workers: 4
[29.733s][debug][gc,phases      ] GC(71)     Total                          Min: 0, Avg:  0.0, Max: 0, Diff: 0, Sum: 0, Workers: 4
[29.733s][debug][gc,phases      ] GC(71)   StringDedup Requests1 Weak     Min:  0.0, Avg:  0.0, Max:  0.0, Diff:  0.0, Sum:  0.0, Workers: 4
[29.733s][debug][gc,phases      ] GC(71)     Dead                           Min: 0, Avg:  0.0, Max: 0, Diff: 0, Sum: 0, Workers: 4
[29.733s][debug][gc,phases      ] GC(71)     Total                          Min: 0, Avg:  0.0, Max: 0, Diff: 0, Sum: 0, Workers: 4
[29.733s][debug][gc,phases      ] GC(71)   Weak JFR Old Object Samples    Min:  0.0, Avg:  0.0, Max:  0.0, Diff:  0.0, Sum:  0.0, Workers: 4
[29.733s][debug][gc,phases      ] GC(71)     Dead                           Min: 0, Avg:  0.0, Max: 0, Diff: 0, Sum: 0, Workers: 4
[29.733s][debug][gc,phases      ] GC(71)     Total                          Min: 0, Avg:  0.0, Max: 0, Diff: 0, Sum: 0, Workers: 4
[29.733s][debug][gc,phases      ] GC(71) Weak Processing 0.322ms
[29.733s][debug][gc,age         ] GC(71) Desired survivor size 317194240 bytes, new threshold 15 (max threshold 15)
[29.733s][info ][gc,heap        ] GC(71) PSYoungGen: 1492469K(1782272K)->6869K(1494016K) Eden: 1486848K(1486848K)->0K(1486848K) From: 5621K(295424K)->6869K(7168K)
[29.733s][info ][gc,heap        ] GC(71) ParOldGen: 551650K(667648K)->551650K(667648K)
[29.733s][info ][gc,metaspace   ] GC(71) Metaspace: 67992K(68672K)->67992K(68672K) NonClass: 58134K(58496K)->58134K(58496K) Class: 9857K(10176K)->9857K(10176K)
[29.733s][info ][gc             ] GC(71) Pause Young (Allocation Failure) 1996M->545M(2111M) 3.062ms
[29.733s][info ][gc,cpu         ] GC(71) User=0.01s Sys=0.00s Real=0.00s
[29.734s][info ][safepoint      ] Safepoint "ParallelGCFailedAllocation", Time since last: 267797404 ns, Reaching safepoint: 161203 ns, At safepoint: 3180863 ns, Total: 3342066 ns
[29.984s][info ][gc,start       ] GC(72) Pause Young (Allocation Failure)
[29.991s][debug][gc,phases      ] GC(72) Scavenge 6.206ms
[29.991s][debug][gc,ref         ] GC(72) Skipped phase 1 of Reference Processing: no references
[29.991s][debug][gc,ref         ] GC(72) Skipped phase 2 of Reference Processing: no references
[29.991s][debug][gc,ref         ] GC(72) Skipped phase 3 of Reference Processing: no references
[29.991s][debug][gc,ref         ] GC(72) Skipped phase 4 of Reference Processing: no references
[29.991s][debug][gc,phases      ] GC(72) Reference Processing 0.026ms
[29.991s][debug][gc,phases      ] GC(72)   VM Weak                        Min:  0.0, Avg:  0.0, Max:  0.0, Diff:  0.0, Sum:  0.0, Workers: 4
[29.991s][debug][gc,phases      ] GC(72)     Dead                           Min: 0, Avg:  0.0, Max: 0, Diff: 0, Sum: 0, Workers: 4
[29.991s][debug][gc,phases      ] GC(72)     Total                          Min: 0, Avg: 130.8, Max: 267, Diff: 267, Sum: 523, Workers: 4
[29.991s][debug][gc,phases      ] GC(72)   ObjectSynchronizer Weak        Min:  0.0, Avg:  0.0, Max:  0.0, Diff:  0.0, Sum:  0.0, Workers: 4
[29.991s][debug][gc,phases      ] GC(72)     Dead                           Min: 0, Avg:  0.0, Max: 0, Diff: 0, Sum: 0, Workers: 4
[29.991s][debug][gc,phases      ] GC(72)     Total                          Min: 0, Avg: 97.8, Max: 199, Diff: 199, Sum: 391, Workers: 4
[29.991s][debug][gc,phases      ] GC(72)   JVMTI Tag Weak OopStorage      Min:  0.0, Avg:  0.0, Max:  0.0, Diff:  0.0, Sum:  0.0, Workers: 4
[29.991s][debug][gc,phases      ] GC(72)     Dead                           Min: 0, Avg:  0.0, Max: 0, Diff: 0, Sum: 0, Workers: 4
[29.991s][debug][gc,phases      ] GC(72)     Total                          Min: 0, Avg:  0.0, Max: 0, Diff: 0, Sum: 0, Workers: 4
[29.991s][debug][gc,phases      ] GC(72)   StringTable Weak               Min:  0.1, Avg:  0.1, Max:  0.1, Diff:  0.0, Sum:  0.4, Workers: 4
[29.991s][debug][gc,phases      ] GC(72)     Dead                           Min: 0, Avg:  0.0, Max: 0, Diff: 0, Sum: 0, Workers: 4
[29.991s][debug][gc,phases      ] GC(72)     Total                          Min: 10112, Avg: 10631.0, Max: 11264, Diff: 1152, Sum: 42524, Workers: 4
[29.991s][debug][gc,phases      ] GC(72)   ResolvedMethodTable Weak       Min:  0.0, Avg:  0.0, Max:  0.0, Diff:  0.0, Sum:  0.1, Workers: 4
[29.991s][debug][gc,phases      ] GC(72)     Dead                           Min: 0, Avg:  0.0, Max: 0, Diff: 0, Sum: 0, Workers: 4
[29.991s][debug][gc,phases      ] GC(72)     Total                          Min: 1664, Avg: 1774.2, Max: 1913, Diff: 249, Sum: 7097, Workers: 4
[29.991s][debug][gc,phases      ] GC(72)   JNI Weak                       Min:  0.0, Avg:  0.0, Max:  0.0, Diff:  0.0, Sum:  0.0, Workers: 4
[29.991s][debug][gc,phases      ] GC(72)     Dead                           Min: 0, Avg:  0.0, Max: 0, Diff: 0, Sum: 0, Workers: 4
[29.991s][debug][gc,phases      ] GC(72)     Total                          Min: 0, Avg:  2.5, Max: 10, Diff: 10, Sum: 10, Workers: 4
[29.991s][debug][gc,phases      ] GC(72)   StringDedup Table Weak         Min:  0.0, Avg:  0.0, Max:  0.0, Diff:  0.0, Sum:  0.0, Workers: 4
[29.991s][debug][gc,phases      ] GC(72)     Dead                           Min: 0, Avg:  0.0, Max: 0, Diff: 0, Sum: 0, Workers: 4
[29.991s][debug][gc,phases      ] GC(72)     Total                          Min: 0, Avg:  0.0, Max: 0, Diff: 0, Sum: 0, Workers: 4
[29.991s][debug][gc,phases      ] GC(72)   StringDedup Requests0 Weak     Min:  0.0, Avg:  0.0, Max:  0.0, Diff:  0.0, Sum:  0.0, Workers: 4
[29.991s][debug][gc,phases      ] GC(72)     Dead                           Min: 0, Avg:  0.0, Max: 0, Diff: 0, Sum: 0, Workers: 4
[29.991s][debug][gc,phases      ] GC(72)     Total                          Min: 0, Avg:  0.0, Max: 0, Diff: 0, Sum: 0, Workers: 4
[29.991s][debug][gc,phases      ] GC(72)   StringDedup Requests1 Weak     Min:  0.0, Avg:  0.0, Max:  0.0, Diff:  0.0, Sum:  0.0, Workers: 4
[29.991s][debug][gc,phases      ] GC(72)     Dead                           Min: 0, Avg:  0.0, Max: 0, Diff: 0, Sum: 0, Workers: 4
[29.991s][debug][gc,phases      ] GC(72)     Total                          Min: 0, Avg:  0.0, Max: 0, Diff: 0, Sum: 0, Workers: 4
[29.991s][debug][gc,phases      ] GC(72)   Weak JFR Old Object Samples    Min:  0.0, Avg:  0.0, Max:  0.0, Diff:  0.0, Sum:  0.0, Workers: 4
[29.991s][debug][gc,phases      ] GC(72)     Dead                           Min: 0, Avg:  0.0, Max: 0, Diff: 0, Sum: 0, Workers: 4
[29.991s][debug][gc,phases      ] GC(72)     Total                          Min: 0, Avg:  0.0, Max: 0, Diff: 0, Sum: 0, Workers: 4
[29.991s][debug][gc,phases      ] GC(72) Weak Processing 0.307ms
[29.991s][debug][gc,age         ] GC(72) Desired survivor size 316145664 bytes, new threshold 15 (max threshold 15)
[29.991s][info ][gc,heap        ] GC(72) PSYoungGen: 1493717K(1494016K)->14773K(1788416K) Eden: 1486848K(1486848K)->0K(1478656K) From: 6869K(7168K)->14773K(309760K)
[29.991s][info ][gc,heap        ] GC(72) ParOldGen: 551650K(667648K)->551650K(667648K)
[29.991s][info ][gc,metaspace   ] GC(72) Metaspace: 67992K(68672K)->67992K(68672K) NonClass: 58134K(58496K)->58134K(58496K) Class: 9857K(10176K)->9857K(10176K)
[29.991s][info ][gc             ] GC(72) Pause Young (Allocation Failure) 1997M->553M(2398M) 6.670ms
[29.991s][info ][gc,cpu         ] GC(72) User=0.03s Sys=0.00s Real=0.01s
[29.991s][info ][safepoint      ] Safepoint "ParallelGCFailedAllocation", Time since last: 250614063 ns, Reaching safepoint: 299306 ns, At safepoint: 6788634 ns, Total: 7087940 ns
[30.248s][info ][gc,start       ] GC(73) Pause Young (Allocation Failure)
[30.259s][debug][gc,phases      ] GC(73) Scavenge 11.070ms
[30.259s][debug][gc,ref         ] GC(73) Skipped phase 1 of Reference Processing: no references
[30.259s][debug][gc,ref         ] GC(73) Skipped phase 2 of Reference Processing: no references
[30.259s][debug][gc,ref         ] GC(73) Skipped phase 3 of Reference Processing: no references
[30.259s][debug][gc,ref         ] GC(73) Skipped phase 4 of Reference Processing: no references
[30.259s][debug][gc,phases      ] GC(73) Reference Processing 0.026ms
[30.259s][debug][gc,phases      ] GC(73)   VM Weak                        Min:  0.0, Avg:  0.0, Max:  0.0, Diff:  0.0, Sum:  0.0, Workers: 4
[30.259s][debug][gc,phases      ] GC(73)     Dead                           Min: 0, Avg:  0.0, Max: 0, Diff: 0, Sum: 0, Workers: 4
[30.259s][debug][gc,phases      ] GC(73)     Total                          Min: 0, Avg: 130.8, Max: 523, Diff: 523, Sum: 523, Workers: 4
[30.259s][debug][gc,phases      ] GC(73)   ObjectSynchronizer Weak        Min:  0.0, Avg:  0.0, Max:  0.0, Diff:  0.0, Sum:  0.0, Workers: 4
[30.259s][debug][gc,phases      ] GC(73)     Dead                           Min: 0, Avg:  0.0, Max: 0, Diff: 0, Sum: 0, Workers: 4
[30.259s][debug][gc,phases      ] GC(73)     Total                          Min: 0, Avg: 97.8, Max: 199, Diff: 199, Sum: 391, Workers: 4
[30.259s][debug][gc,phases      ] GC(73)   JVMTI Tag Weak OopStorage      Min:  0.0, Avg:  0.0, Max:  0.0, Diff:  0.0, Sum:  0.0, Workers: 4
[30.259s][debug][gc,phases      ] GC(73)     Dead                           Min: 0, Avg:  0.0, Max: 0, Diff: 0, Sum: 0, Workers: 4
[30.259s][debug][gc,phases      ] GC(73)     Total                          Min: 0, Avg:  0.0, Max: 0, Diff: 0, Sum: 0, Workers: 4
[30.259s][debug][gc,phases      ] GC(73)   StringTable Weak               Min:  0.1, Avg:  0.1, Max:  0.1, Diff:  0.0, Sum:  0.4, Workers: 4
[30.259s][debug][gc,phases      ] GC(73)     Dead                           Min: 0, Avg:  2.8, Max: 11, Diff: 11, Sum: 11, Workers: 4
[30.259s][debug][gc,phases      ] GC(73)     Total                          Min: 10368, Avg: 10631.8, Max: 10944, Diff: 576, Sum: 42527, Workers: 4
[30.259s][debug][gc,phases      ] GC(73)   ResolvedMethodTable Weak       Min:  0.0, Avg:  0.0, Max:  0.0, Diff:  0.0, Sum:  0.1, Workers: 4
[30.259s][debug][gc,phases      ] GC(73)     Dead                           Min: 0, Avg:  0.0, Max: 0, Diff: 0, Sum: 0, Workers: 4
[30.259s][debug][gc,phases      ] GC(73)     Total                          Min: 1728, Avg: 1774.2, Max: 1856, Diff: 128, Sum: 7097, Workers: 4
[30.259s][debug][gc,phases      ] GC(73)   JNI Weak                       Min:  0.0, Avg:  0.0, Max:  0.0, Diff:  0.0, Sum:  0.0, Workers: 4
[30.259s][debug][gc,phases      ] GC(73)     Dead                           Min: 0, Avg:  0.0, Max: 0, Diff: 0, Sum: 0, Workers: 4
[30.259s][debug][gc,phases      ] GC(73)     Total                          Min: 0, Avg:  0.5, Max: 2, Diff: 2, Sum: 2, Workers: 4
[30.259s][debug][gc,phases      ] GC(73)   StringDedup Table Weak         Min:  0.0, Avg:  0.0, Max:  0.0, Diff:  0.0, Sum:  0.0, Workers: 4
[30.259s][debug][gc,phases      ] GC(73)     Dead                           Min: 0, Avg:  0.0, Max: 0, Diff: 0, Sum: 0, Workers: 4
[30.259s][debug][gc,phases      ] GC(73)     Total                          Min: 0, Avg:  0.0, Max: 0, Diff: 0, Sum: 0, Workers: 4
[30.259s][debug][gc,phases      ] GC(73)   StringDedup Requests0 Weak     Min:  0.0, Avg:  0.0, Max:  0.0, Diff:  0.0, Sum:  0.0, Workers: 4
[30.259s][debug][gc,phases      ] GC(73)     Dead                           Min: 0, Avg:  0.0, Max: 0, Diff: 0, Sum: 0, Workers: 4
[30.259s][debug][gc,phases      ] GC(73)     Total                          Min: 0, Avg:  0.0, Max: 0, Diff: 0, Sum: 0, Workers: 4
[30.259s][debug][gc,phases      ] GC(73)   StringDedup Requests1 Weak     Min:  0.0, Avg:  0.0, Max:  0.0, Diff:  0.0, Sum:  0.0, Workers: 4
[30.259s][debug][gc,phases      ] GC(73)     Dead                           Min: 0, Avg:  0.0, Max: 0, Diff: 0, Sum: 0, Workers: 4
[30.259s][debug][gc,phases      ] GC(73)     Total                          Min: 0, Avg:  0.0, Max: 0, Diff: 0, Sum: 0, Workers: 4
[30.259s][debug][gc,phases      ] GC(73)   Weak JFR Old Object Samples    Min:  0.0, Avg:  0.0, Max:  0.0, Diff:  0.0, Sum:  0.0, Workers: 4
[30.259s][debug][gc,phases      ] GC(73)     Dead                           Min: 0, Avg:  0.0, Max: 0, Diff: 0, Sum: 0, Workers: 4
[30.259s][debug][gc,phases      ] GC(73)     Total                          Min: 0, Avg:  0.0, Max: 0, Diff: 0, Sum: 0, Workers: 4
[30.259s][debug][gc,phases      ] GC(73) Weak Processing 0.320ms
[30.259s][debug][gc,age         ] GC(73) Desired survivor size 309329920 bytes, new threshold 15 (max threshold 15)
[30.260s][info ][gc,heap        ] GC(73) PSYoungGen: 1493429K(1788416K)->33269K(1787392K) Eden: 1478656K(1478656K)->0K(1478656K) From: 14773K(309760K)->33269K(308736K)
[30.260s][info ][gc,heap        ] GC(73) ParOldGen: 551650K(667648K)->551650K(667648K)
[30.260s][info ][gc,metaspace   ] GC(73) Metaspace: 68010K(68736K)->68010K(68736K) NonClass: 58153K(58560K)->58153K(58560K) Class: 9857K(10176K)->9857K(10176K)
[30.260s][info ][gc             ] GC(73) Pause Young (Allocation Failure) 1997M->571M(2397M) 11.556ms
[30.260s][info ][gc,cpu         ] GC(73) User=0.04s Sys=0.00s Real=0.01s
[30.260s][info ][safepoint      ] Safepoint "ParallelGCFailedAllocation", Time since last: 256537081 ns, Reaching safepoint: 185803 ns, At safepoint: 11669331 ns, Total: 11855134 ns
[30.519s][info ][gc,start       ] GC(74) Pause Young (Allocation Failure)
[30.533s][debug][gc,phases      ] GC(74) Scavenge 14.386ms
[30.533s][debug][gc,ref         ] GC(74) Skipped phase 1 of Reference Processing: no references
[30.533s][debug][gc,ref         ] GC(74) Skipped phase 2 of Reference Processing: no references
[30.533s][debug][gc,ref         ] GC(74) Skipped phase 3 of Reference Processing: no references
[30.533s][debug][gc,ref         ] GC(74) Skipped phase 4 of Reference Processing: no references
[30.533s][debug][gc,phases      ] GC(74) Reference Processing 0.025ms
[30.534s][debug][gc,phases      ] GC(74)   VM Weak                        Min:  0.0, Avg:  0.0, Max:  0.0, Diff:  0.0, Sum:  0.0, Workers: 4
[30.534s][debug][gc,phases      ] GC(74)     Dead                           Min: 0, Avg:  0.0, Max: 0, Diff: 0, Sum: 0, Workers: 4
[30.534s][debug][gc,phases      ] GC(74)     Total                          Min: 0, Avg: 130.8, Max: 459, Diff: 459, Sum: 523, Workers: 4
[30.534s][debug][gc,phases      ] GC(74)   ObjectSynchronizer Weak        Min:  0.0, Avg:  0.0, Max:  0.0, Diff:  0.0, Sum:  0.0, Workers: 4
[30.534s][debug][gc,phases      ] GC(74)     Dead                           Min: 0, Avg:  0.0, Max: 0, Diff: 0, Sum: 0, Workers: 4
[30.534s][debug][gc,phases      ] GC(74)     Total                          Min: 0, Avg: 97.8, Max: 135, Diff: 135, Sum: 391, Workers: 4
[30.534s][debug][gc,phases      ] GC(74)   JVMTI Tag Weak OopStorage      Min:  0.0, Avg:  0.0, Max:  0.0, Diff:  0.0, Sum:  0.0, Workers: 4
[30.534s][debug][gc,phases      ] GC(74)     Dead                           Min: 0, Avg:  0.0, Max: 0, Diff: 0, Sum: 0, Workers: 4
[30.534s][debug][gc,phases      ] GC(74)     Total                          Min: 0, Avg:  0.0, Max: 0, Diff: 0, Sum: 0, Workers: 4
[30.534s][debug][gc,phases      ] GC(74)   StringTable Weak               Min:  0.1, Avg:  0.1, Max:  0.1, Diff:  0.0, Sum:  0.4, Workers: 4
[30.534s][debug][gc,phases      ] GC(74)     Dead                           Min: 0, Avg:  0.0, Max: 0, Diff: 0, Sum: 0, Workers: 4
[30.534s][debug][gc,phases      ] GC(74)     Total                          Min: 9600, Avg: 10631.8, Max: 11392, Diff: 1792, Sum: 42527, Workers: 4
[30.534s][debug][gc,phases      ] GC(74)   ResolvedMethodTable Weak       Min:  0.0, Avg:  0.0, Max:  0.0, Diff:  0.0, Sum:  0.1, Workers: 4
[30.534s][debug][gc,phases      ] GC(74)     Dead                           Min: 0, Avg:  0.0, Max: 0, Diff: 0, Sum: 0, Workers: 4
[30.534s][debug][gc,phases      ] GC(74)     Total                          Min: 1657, Avg: 1774.2, Max: 1920, Diff: 263, Sum: 7097, Workers: 4
[30.534s][debug][gc,phases      ] GC(74)   JNI Weak                       Min:  0.0, Avg:  0.0, Max:  0.0, Diff:  0.0, Sum:  0.0, Workers: 4
[30.534s][debug][gc,phases      ] GC(74)     Dead                           Min: 0, Avg:  0.0, Max: 0, Diff: 0, Sum: 0, Workers: 4
[30.534s][debug][gc,phases      ] GC(74)     Total                          Min: 0, Avg:  0.0, Max: 0, Diff: 0, Sum: 0, Workers: 4
[30.534s][debug][gc,phases      ] GC(74)   StringDedup Table Weak         Min:  0.0, Avg:  0.0, Max:  0.0, Diff:  0.0, Sum:  0.0, Workers: 4
[30.534s][debug][gc,phases      ] GC(74)     Dead                           Min: 0, Avg:  0.0, Max: 0, Diff: 0, Sum: 0, Workers: 4
[30.534s][debug][gc,phases      ] GC(74)     Total                          Min: 0, Avg:  0.0, Max: 0, Diff: 0, Sum: 0, Workers: 4
[30.534s][debug][gc,phases      ] GC(74)   StringDedup Requests0 Weak     Min:  0.0, Avg:  0.0, Max:  0.0, Diff:  0.0, Sum:  0.0, Workers: 4
[30.534s][debug][gc,phases      ] GC(74)     Dead                           Min: 0, Avg:  0.0, Max: 0, Diff: 0, Sum: 0, Workers: 4
[30.534s][debug][gc,phases      ] GC(74)     Total                          Min: 0, Avg:  0.0, Max: 0, Diff: 0, Sum: 0, Workers: 4
[30.534s][debug][gc,phases      ] GC(74)   StringDedup Requests1 Weak     Min:  0.0, Avg:  0.0, Max:  0.0, Diff:  0.0, Sum:  0.0, Workers: 4
[30.534s][debug][gc,phases      ] GC(74)     Dead                           Min: 0, Avg:  0.0, Max: 0, Diff: 0, Sum: 0, Workers: 4
[30.534s][debug][gc,phases      ] GC(74)     Total                          Min: 0, Avg:  0.0, Max: 0, Diff: 0, Sum: 0, Workers: 4
[30.534s][debug][gc,phases      ] GC(74)   Weak JFR Old Object Samples    Min:  0.0, Avg:  0.0, Max:  0.0, Diff:  0.0, Sum:  0.0, Workers: 4
[30.534s][debug][gc,phases      ] GC(74)     Dead                           Min: 0, Avg:  0.0, Max: 0, Diff: 0, Sum: 0, Workers: 4
[30.534s][debug][gc,phases      ] GC(74)     Total                          Min: 0, Avg:  0.0, Max: 0, Diff: 0, Sum: 0, Workers: 4
[30.534s][debug][gc,phases      ] GC(74) Weak Processing 0.325ms
[30.534s][debug][gc,age         ] GC(74) Desired survivor size 299892736 bytes, new threshold 15 (max threshold 15)
[30.534s][info ][gc,heap        ] GC(74) PSYoungGen: 1511925K(1787392K)->41973K(1804288K) Eden: 1478656K(1478656K)->0K(1502208K) From: 33269K(308736K)->41973K(302080K)
[30.534s][info ][gc,heap        ] GC(74) ParOldGen: 551650K(667648K)->551650K(667648K)
[30.534s][info ][gc,metaspace   ] GC(74) Metaspace: 68015K(68736K)->68015K(68736K) NonClass: 58157K(58560K)->58157K(58560K) Class: 9857K(10176K)->9857K(10176K)
[30.534s][info ][gc             ] GC(74) Pause Young (Allocation Failure) 2015M->579M(2414M) 14.898ms
[30.534s][info ][gc,cpu         ] GC(74) User=0.05s Sys=0.00s Real=0.02s
[30.534s][info ][safepoint      ] Safepoint "ParallelGCFailedAllocation", Time since last: 259114832 ns, Reaching safepoint: 167203 ns, At safepoint: 15031198 ns, Total: 15198401 ns
[30.818s][info ][gc,start       ] GC(75) Pause Young (Allocation Failure)
[30.831s][debug][gc,phases      ] GC(75) Scavenge 12.647ms
[30.831s][debug][gc,ref         ] GC(75) Skipped phase 1 of Reference Processing: no references
[30.831s][debug][gc,ref         ] GC(75) Skipped phase 2 of Reference Processing: no references
[30.831s][debug][gc,ref         ] GC(75) Skipped phase 3 of Reference Processing: no references
[30.831s][debug][gc,ref         ] GC(75) Skipped phase 4 of Reference Processing: no references
[30.831s][debug][gc,phases      ] GC(75) Reference Processing 0.032ms
[30.831s][debug][gc,phases      ] GC(75)   VM Weak                        Min:  0.0, Avg:  0.0, Max:  0.0, Diff:  0.0, Sum:  0.0, Workers: 4
[30.831s][debug][gc,phases      ] GC(75)     Dead                           Min: 0, Avg:  0.0, Max: 0, Diff: 0, Sum: 0, Workers: 4
[30.831s][debug][gc,phases      ] GC(75)     Total                          Min: 0, Avg: 130.8, Max: 523, Diff: 523, Sum: 523, Workers: 4
[30.831s][debug][gc,phases      ] GC(75)   ObjectSynchronizer Weak        Min:  0.0, Avg:  0.0, Max:  0.0, Diff:  0.0, Sum:  0.0, Workers: 4
[30.831s][debug][gc,phases      ] GC(75)     Dead                           Min: 0, Avg:  0.0, Max: 0, Diff: 0, Sum: 0, Workers: 4
[30.831s][debug][gc,phases      ] GC(75)     Total                          Min: 0, Avg: 97.8, Max: 391, Diff: 391, Sum: 391, Workers: 4
[30.831s][debug][gc,phases      ] GC(75)   JVMTI Tag Weak OopStorage      Min:  0.0, Avg:  0.0, Max:  0.0, Diff:  0.0, Sum:  0.0, Workers: 4
[30.831s][debug][gc,phases      ] GC(75)     Dead                           Min: 0, Avg:  0.0, Max: 0, Diff: 0, Sum: 0, Workers: 4
[30.831s][debug][gc,phases      ] GC(75)     Total                          Min: 0, Avg:  0.0, Max: 0, Diff: 0, Sum: 0, Workers: 4
[30.831s][debug][gc,phases      ] GC(75)   StringTable Weak               Min:  0.1, Avg:  0.1, Max:  0.1, Diff:  0.0, Sum:  0.4, Workers: 4
[30.831s][debug][gc,phases      ] GC(75)     Dead                           Min: 0, Avg:  2.8, Max: 11, Diff: 11, Sum: 11, Workers: 4
[30.831s][debug][gc,phases      ] GC(75)     Total                          Min: 10112, Avg: 10632.0, Max: 11520, Diff: 1408, Sum: 42528, Workers: 4
[30.831s][debug][gc,phases      ] GC(75)   ResolvedMethodTable Weak       Min:  0.0, Avg:  0.0, Max:  0.0, Diff:  0.0, Sum:  0.1, Workers: 4
[30.831s][debug][gc,phases      ] GC(75)     Dead                           Min: 0, Avg:  0.0, Max: 0, Diff: 0, Sum: 0, Workers: 4
[30.831s][debug][gc,phases      ] GC(75)     Total                          Min: 1600, Avg: 1774.2, Max: 2048, Diff: 448, Sum: 7097, Workers: 4
[30.831s][debug][gc,phases      ] GC(75)   JNI Weak                       Min:  0.0, Avg:  0.0, Max:  0.0, Diff:  0.0, Sum:  0.0, Workers: 4
[30.831s][debug][gc,phases      ] GC(75)     Dead                           Min: 0, Avg:  0.0, Max: 0, Diff: 0, Sum: 0, Workers: 4
[30.831s][debug][gc,phases      ] GC(75)     Total                          Min: 0, Avg:  0.5, Max: 2, Diff: 2, Sum: 2, Workers: 4
[30.831s][debug][gc,phases      ] GC(75)   StringDedup Table Weak         Min:  0.0, Avg:  0.0, Max:  0.0, Diff:  0.0, Sum:  0.0, Workers: 4
[30.831s][debug][gc,phases      ] GC(75)     Dead                           Min: 0, Avg:  0.0, Max: 0, Diff: 0, Sum: 0, Workers: 4
[30.831s][debug][gc,phases      ] GC(75)     Total                          Min: 0, Avg:  0.0, Max: 0, Diff: 0, Sum: 0, Workers: 4
[30.831s][debug][gc,phases      ] GC(75)   StringDedup Requests0 Weak     Min:  0.0, Avg:  0.0, Max:  0.0, Diff:  0.0, Sum:  0.0, Workers: 4
[30.831s][debug][gc,phases      ] GC(75)     Dead                           Min: 0, Avg:  0.0, Max: 0, Diff: 0, Sum: 0, Workers: 4
[30.831s][debug][gc,phases      ] GC(75)     Total                          Min: 0, Avg:  0.0, Max: 0, Diff: 0, Sum: 0, Workers: 4
[30.831s][debug][gc,phases      ] GC(75)   StringDedup Requests1 Weak     Min:  0.0, Avg:  0.0, Max:  0.0, Diff:  0.0, Sum:  0.0, Workers: 4
[30.831s][debug][gc,phases      ] GC(75)     Dead                           Min: 0, Avg:  0.0, Max: 0, Diff: 0, Sum: 0, Workers: 4
[30.831s][debug][gc,phases      ] GC(75)     Total                          Min: 0, Avg:  0.0, Max: 0, Diff: 0, Sum: 0, Workers: 4
[30.831s][debug][gc,phases      ] GC(75)   Weak JFR Old Object Samples    Min:  0.0, Avg:  0.0, Max:  0.0, Diff:  0.0, Sum:  0.0, Workers: 4
[30.831s][debug][gc,phases      ] GC(75)     Dead                           Min: 0, Avg:  0.0, Max: 0, Diff: 0, Sum: 0, Workers: 4
[30.831s][debug][gc,phases      ] GC(75)     Total                          Min: 0, Avg:  0.0, Max: 0, Diff: 0, Sum: 0, Workers: 4
[30.831s][debug][gc,phases      ] GC(75) Weak Processing 0.379ms
[30.831s][debug][gc,age         ] GC(75) Desired survivor size 288358400 bytes, new threshold 15 (max threshold 15)
[30.831s][info ][gc,heap        ] GC(75) PSYoungGen: 1544181K(1804288K)->45934K(1795072K) Eden: 1502208K(1502208K)->0K(1502208K) From: 41973K(302080K)->45934K(292864K)
[30.831s][info ][gc,heap        ] GC(75) ParOldGen: 551650K(667648K)->551658K(667648K)
[30.831s][info ][gc,metaspace   ] GC(75) Metaspace: 68022K(68736K)->68022K(68736K) NonClass: 58164K(58560K)->58164K(58560K) Class: 9857K(10176K)->9857K(10176K)
[30.831s][info ][gc             ] GC(75) Pause Young (Allocation Failure) 2046M->583M(2405M) 13.213ms
[30.831s][info ][gc,cpu         ] GC(75) User=0.07s Sys=0.00s Real=0.02s
[30.831s][info ][safepoint      ] Safepoint "ParallelGCFailedAllocation", Time since last: 283786220 ns, Reaching safepoint: 146603 ns, At safepoint: 13333564 ns, Total: 13480167 ns
[31.090s][info ][gc,start       ] GC(76) Pause Young (Allocation Failure)
[31.104s][debug][gc,phases      ] GC(76) Scavenge 13.735ms
[31.104s][debug][gc,ref         ] GC(76) Skipped phase 1 of Reference Processing: no references
[31.104s][debug][gc,ref         ] GC(76) Skipped phase 2 of Reference Processing: no references
[31.104s][debug][gc,ref         ] GC(76) Skipped phase 3 of Reference Processing: no references
[31.104s][debug][gc,ref         ] GC(76) Skipped phase 4 of Reference Processing: no references
[31.104s][debug][gc,phases      ] GC(76) Reference Processing 0.026ms
[31.104s][debug][gc,phases      ] GC(76)   VM Weak                        Min:  0.0, Avg:  0.0, Max:  0.0, Diff:  0.0, Sum:  0.0, Workers: 4
[31.104s][debug][gc,phases      ] GC(76)     Dead                           Min: 0, Avg:  0.0, Max: 0, Diff: 0, Sum: 0, Workers: 4
[31.104s][debug][gc,phases      ] GC(76)     Total                          Min: 0, Avg: 130.8, Max: 512, Diff: 512, Sum: 523, Workers: 4
[31.104s][debug][gc,phases      ] GC(76)   ObjectSynchronizer Weak        Min:  0.0, Avg:  0.0, Max:  0.0, Diff:  0.0, Sum:  0.0, Workers: 4
[31.104s][debug][gc,phases      ] GC(76)     Dead                           Min: 0, Avg:  0.0, Max: 0, Diff: 0, Sum: 0, Workers: 4
[31.104s][debug][gc,phases      ] GC(76)     Total                          Min: 0, Avg: 97.8, Max: 199, Diff: 199, Sum: 391, Workers: 4
[31.104s][debug][gc,phases      ] GC(76)   JVMTI Tag Weak OopStorage      Min:  0.0, Avg:  0.0, Max:  0.0, Diff:  0.0, Sum:  0.0, Workers: 4
[31.104s][debug][gc,phases      ] GC(76)     Dead                           Min: 0, Avg:  0.0, Max: 0, Diff: 0, Sum: 0, Workers: 4
[31.104s][debug][gc,phases      ] GC(76)     Total                          Min: 0, Avg:  0.0, Max: 0, Diff: 0, Sum: 0, Workers: 4
[31.104s][debug][gc,phases      ] GC(76)   StringTable Weak               Min:  0.1, Avg:  0.1, Max:  0.1, Diff:  0.0, Sum:  0.4, Workers: 4
[31.105s][debug][gc,phases      ] GC(76)     Dead                           Min: 0, Avg:  0.0, Max: 0, Diff: 0, Sum: 0, Workers: 4
[31.105s][debug][gc,phases      ] GC(76)     Total                          Min: 9664, Avg: 10633.0, Max: 11392, Diff: 1728, Sum: 42532, Workers: 4
[31.105s][debug][gc,phases      ] GC(76)   ResolvedMethodTable Weak       Min:  0.0, Avg:  0.0, Max:  0.0, Diff:  0.0, Sum:  0.1, Workers: 4
[31.105s][debug][gc,phases      ] GC(76)     Dead                           Min: 0, Avg:  0.0, Max: 0, Diff: 0, Sum: 0, Workers: 4
[31.105s][debug][gc,phases      ] GC(76)     Total                          Min: 1664, Avg: 1774.2, Max: 1984, Diff: 320, Sum: 7097, Workers: 4
[31.105s][debug][gc,phases      ] GC(76)   JNI Weak                       Min:  0.0, Avg:  0.0, Max:  0.0, Diff:  0.0, Sum:  0.0, Workers: 4
[31.105s][debug][gc,phases      ] GC(76)     Dead                           Min: 0, Avg:  0.0, Max: 0, Diff: 0, Sum: 0, Workers: 4
[31.105s][debug][gc,phases      ] GC(76)     Total                          Min: 0, Avg:  0.0, Max: 0, Diff: 0, Sum: 0, Workers: 4
[31.105s][debug][gc,phases      ] GC(76)   StringDedup Table Weak         Min:  0.0, Avg:  0.0, Max:  0.0, Diff:  0.0, Sum:  0.0, Workers: 4
[31.105s][debug][gc,phases      ] GC(76)     Dead                           Min: 0, Avg:  0.0, Max: 0, Diff: 0, Sum: 0, Workers: 4
[31.105s][debug][gc,phases      ] GC(76)     Total                          Min: 0, Avg:  0.0, Max: 0, Diff: 0, Sum: 0, Workers: 4
[31.105s][debug][gc,phases      ] GC(76)   StringDedup Requests0 Weak     Min:  0.0, Avg:  0.0, Max:  0.0, Diff:  0.0, Sum:  0.0, Workers: 4
[31.105s][debug][gc,phases      ] GC(76)     Dead                           Min: 0, Avg:  0.0, Max: 0, Diff: 0, Sum: 0, Workers: 4
[31.105s][debug][gc,phases      ] GC(76)     Total                          Min: 0, Avg:  0.0, Max: 0, Diff: 0, Sum: 0, Workers: 4
[31.105s][debug][gc,phases      ] GC(76)   StringDedup Requests1 Weak     Min:  0.0, Avg:  0.0, Max:  0.0, Diff:  0.0, Sum:  0.0, Workers: 4
[31.105s][debug][gc,phases      ] GC(76)     Dead                           Min: 0, Avg:  0.0, Max: 0, Diff: 0, Sum: 0, Workers: 4
[31.105s][debug][gc,phases      ] GC(76)     Total                          Min: 0, Avg:  0.0, Max: 0, Diff: 0, Sum: 0, Workers: 4
[31.105s][debug][gc,phases      ] GC(76)   Weak JFR Old Object Samples    Min:  0.0, Avg:  0.0, Max:  0.0, Diff:  0.0, Sum:  0.0, Workers: 4
[31.105s][debug][gc,phases      ] GC(76)     Dead                           Min: 0, Avg:  0.0, Max: 0, Diff: 0, Sum: 0, Workers: 4
[31.105s][debug][gc,phases      ] GC(76)     Total                          Min: 0, Avg:  0.0, Max: 0, Diff: 0, Sum: 0, Workers: 4
[31.105s][debug][gc,phases      ] GC(76) Weak Processing 0.312ms
[31.105s][debug][gc,age         ] GC(76) Desired survivor size 276299776 bytes, new threshold 15 (max threshold 15)
[31.105s][info ][gc,heap        ] GC(76) PSYoungGen: 1548142K(1795072K)->50453K(1827328K) Eden: 1502208K(1502208K)->0K(1545728K) From: 45934K(292864K)->50453K(281600K)
[31.105s][info ][gc,heap        ] GC(76) ParOldGen: 551658K(667648K)->551658K(667648K)
[31.105s][info ][gc,metaspace   ] GC(76) Metaspace: 68022K(68736K)->68022K(68736K) NonClass: 58165K(58560K)->58165K(58560K) Class: 9857K(10176K)->9857K(10176K)
[31.105s][info ][gc             ] GC(76) Pause Young (Allocation Failure) 2050M->587M(2436M) 14.212ms
[31.105s][info ][gc,cpu         ] GC(76) User=0.05s Sys=0.00s Real=0.01s
[31.105s][info ][safepoint      ] Safepoint "ParallelGCFailedAllocation", Time since last: 259067430 ns, Reaching safepoint: 143203 ns, At safepoint: 14328084 ns, Total: 14471287 ns
[31.382s][info ][gc,start       ] GC(77) Pause Young (Allocation Failure)
[31.400s][debug][gc,phases      ] GC(77) Scavenge 18.012ms
[31.400s][debug][gc,ref         ] GC(77) Skipped phase 1 of Reference Processing: no references
[31.400s][debug][gc,ref         ] GC(77) Skipped phase 2 of Reference Processing: no references
[31.400s][debug][gc,ref         ] GC(77) Skipped phase 3 of Reference Processing: no references
[31.400s][debug][gc,ref         ] GC(77) Skipped phase 4 of Reference Processing: no references
[31.400s][debug][gc,phases      ] GC(77) Reference Processing 0.041ms
[31.400s][debug][gc,phases      ] GC(77)   VM Weak                        Min:  0.0, Avg:  0.0, Max:  0.0, Diff:  0.0, Sum:  0.0, Workers: 4
[31.400s][debug][gc,phases      ] GC(77)     Dead                           Min: 0, Avg:  0.0, Max: 0, Diff: 0, Sum: 0, Workers: 4
[31.400s][debug][gc,phases      ] GC(77)     Total                          Min: 0, Avg: 130.8, Max: 523, Diff: 523, Sum: 523, Workers: 4
[31.400s][debug][gc,phases      ] GC(77)   ObjectSynchronizer Weak        Min:  0.0, Avg:  0.0, Max:  0.0, Diff:  0.0, Sum:  0.0, Workers: 4
[31.400s][debug][gc,phases      ] GC(77)     Dead                           Min: 0, Avg:  0.0, Max: 0, Diff: 0, Sum: 0, Workers: 4
[31.400s][debug][gc,phases      ] GC(77)     Total                          Min: 0, Avg: 97.8, Max: 256, Diff: 256, Sum: 391, Workers: 4
[31.400s][debug][gc,phases      ] GC(77)   JVMTI Tag Weak OopStorage      Min:  0.0, Avg:  0.0, Max:  0.0, Diff:  0.0, Sum:  0.0, Workers: 4
[31.400s][debug][gc,phases      ] GC(77)     Dead                           Min: 0, Avg:  0.0, Max: 0, Diff: 0, Sum: 0, Workers: 4
[31.400s][debug][gc,phases      ] GC(77)     Total                          Min: 0, Avg:  0.0, Max: 0, Diff: 0, Sum: 0, Workers: 4
[31.400s][debug][gc,phases      ] GC(77)   StringTable Weak               Min:  0.1, Avg:  0.1, Max:  0.1, Diff:  0.0, Sum:  0.4, Workers: 4
[31.400s][debug][gc,phases      ] GC(77)     Dead                           Min: 0, Avg:  2.8, Max: 11, Diff: 11, Sum: 11, Workers: 4
[31.400s][debug][gc,phases      ] GC(77)     Total                          Min: 9447, Avg: 10633.8, Max: 12224, Diff: 2777, Sum: 42535, Workers: 4
[31.400s][debug][gc,phases      ] GC(77)   ResolvedMethodTable Weak       Min:  0.0, Avg:  0.0, Max:  0.0, Diff:  0.0, Sum:  0.1, Workers: 4
[31.400s][debug][gc,phases      ] GC(77)     Dead                           Min: 0, Avg:  0.0, Max: 0, Diff: 0, Sum: 0, Workers: 4
[31.400s][debug][gc,phases      ] GC(77)     Total                          Min: 1600, Avg: 1774.2, Max: 1984, Diff: 384, Sum: 7097, Workers: 4
[31.400s][debug][gc,phases      ] GC(77)   JNI Weak                       Min:  0.0, Avg:  0.0, Max:  0.0, Diff:  0.0, Sum:  0.0, Workers: 4
[31.400s][debug][gc,phases      ] GC(77)     Dead                           Min: 0, Avg:  0.0, Max: 0, Diff: 0, Sum: 0, Workers: 4
[31.400s][debug][gc,phases      ] GC(77)     Total                          Min: 0, Avg:  0.0, Max: 0, Diff: 0, Sum: 0, Workers: 4
[31.400s][debug][gc,phases      ] GC(77)   StringDedup Table Weak         Min:  0.0, Avg:  0.0, Max:  0.0, Diff:  0.0, Sum:  0.0, Workers: 4
[31.400s][debug][gc,phases      ] GC(77)     Dead                           Min: 0, Avg:  0.0, Max: 0, Diff: 0, Sum: 0, Workers: 4
[31.400s][debug][gc,phases      ] GC(77)     Total                          Min: 0, Avg:  0.0, Max: 0, Diff: 0, Sum: 0, Workers: 4
[31.400s][debug][gc,phases      ] GC(77)   StringDedup Requests0 Weak     Min:  0.0, Avg:  0.0, Max:  0.0, Diff:  0.0, Sum:  0.0, Workers: 4
[31.400s][debug][gc,phases      ] GC(77)     Dead                           Min: 0, Avg:  0.0, Max: 0, Diff: 0, Sum: 0, Workers: 4
[31.400s][debug][gc,phases      ] GC(77)     Total                          Min: 0, Avg:  0.0, Max: 0, Diff: 0, Sum: 0, Workers: 4
[31.400s][debug][gc,phases      ] GC(77)   StringDedup Requests1 Weak     Min:  0.0, Avg:  0.0, Max:  0.0, Diff:  0.0, Sum:  0.0, Workers: 4
[31.400s][debug][gc,phases      ] GC(77)     Dead                           Min: 0, Avg:  0.0, Max: 0, Diff: 0, Sum: 0, Workers: 4
[31.400s][debug][gc,phases      ] GC(77)     Total                          Min: 0, Avg:  0.0, Max: 0, Diff: 0, Sum: 0, Workers: 4
[31.400s][debug][gc,phases      ] GC(77)   Weak JFR Old Object Samples    Min:  0.0, Avg:  0.0, Max:  0.0, Diff:  0.0, Sum:  0.0, Workers: 4
[31.400s][debug][gc,phases      ] GC(77)     Dead                           Min: 0, Avg:  0.0, Max: 0, Diff: 0, Sum: 0, Workers: 4
[31.400s][debug][gc,phases      ] GC(77)     Total                          Min: 0, Avg:  0.0, Max: 0, Diff: 0, Sum: 0, Workers: 4
[31.400s][debug][gc,phases      ] GC(77) Weak Processing 0.331ms
[31.400s][debug][gc,age         ] GC(77) Desired survivor size 260046848 bytes, new threshold 15 (max threshold 15)
[31.400s][info ][gc,heap        ] GC(77) PSYoungGen: 1596181K(1827328K)->73333K(1815552K) Eden: 1545728K(1545728K)->0K(1545728K) From: 50453K(281600K)->73333K(269824K)
[31.400s][info ][gc,heap        ] GC(77) ParOldGen: 551658K(667648K)->551658K(667648K)
[31.400s][info ][gc,metaspace   ] GC(77) Metaspace: 68025K(68736K)->68025K(68736K) NonClass: 58167K(58560K)->58167K(58560K) Class: 9857K(10176K)->9857K(10176K)
[31.400s][info ][gc             ] GC(77) Pause Young (Allocation Failure) 2097M->610M(2425M) 18.518ms
[31.400s][info ][gc,cpu         ] GC(77) User=0.08s Sys=0.00s Real=0.02s
[31.400s][info ][safepoint      ] Safepoint "ParallelGCFailedAllocation", Time since last: 276625978 ns, Reaching safepoint: 185004 ns, At safepoint: 18632669 ns, Total: 18817673 ns
[31.685s][info ][gc,start       ] GC(78) Pause Young (Allocation Failure)
[31.704s][debug][gc,phases      ] GC(78) Scavenge 19.460ms
[31.704s][debug][gc,ref         ] GC(78) Skipped phase 1 of Reference Processing: no references
[31.704s][debug][gc,ref         ] GC(78) Skipped phase 2 of Reference Processing: no references
[31.704s][debug][gc,ref         ] GC(78) Skipped phase 3 of Reference Processing: no references
[31.704s][debug][gc,ref         ] GC(78) Skipped phase 4 of Reference Processing: no references
[31.704s][debug][gc,phases      ] GC(78) Reference Processing 0.042ms
[31.705s][debug][gc,phases      ] GC(78)   VM Weak                        Min:  0.0, Avg:  0.0, Max:  0.0, Diff:  0.0, Sum:  0.0, Workers: 4
[31.705s][debug][gc,phases      ] GC(78)     Dead                           Min: 0, Avg:  0.0, Max: 0, Diff: 0, Sum: 0, Workers: 4
[31.705s][debug][gc,phases      ] GC(78)     Total                          Min: 0, Avg: 130.8, Max: 459, Diff: 459, Sum: 523, Workers: 4
[31.705s][debug][gc,phases      ] GC(78)   ObjectSynchronizer Weak        Min:  0.0, Avg:  0.0, Max:  0.0, Diff:  0.0, Sum:  0.0, Workers: 4
[31.705s][debug][gc,phases      ] GC(78)     Dead                           Min: 0, Avg:  0.0, Max: 0, Diff: 0, Sum: 0, Workers: 4
[31.705s][debug][gc,phases      ] GC(78)     Total                          Min: 0, Avg: 97.8, Max: 199, Diff: 199, Sum: 391, Workers: 4
[31.705s][debug][gc,phases      ] GC(78)   JVMTI Tag Weak OopStorage      Min:  0.0, Avg:  0.0, Max:  0.0, Diff:  0.0, Sum:  0.0, Workers: 4
[31.705s][debug][gc,phases      ] GC(78)     Dead                           Min: 0, Avg:  0.0, Max: 0, Diff: 0, Sum: 0, Workers: 4
[31.705s][debug][gc,phases      ] GC(78)     Total                          Min: 0, Avg:  0.0, Max: 0, Diff: 0, Sum: 0, Workers: 4
[31.705s][debug][gc,phases      ] GC(78)   StringTable Weak               Min:  0.1, Avg:  0.1, Max:  0.1, Diff:  0.0, Sum:  0.4, Workers: 4
[31.705s][debug][gc,phases      ] GC(78)     Dead                           Min: 0, Avg:  0.0, Max: 0, Diff: 0, Sum: 0, Workers: 4
[31.705s][debug][gc,phases      ] GC(78)     Total                          Min: 10151, Avg: 10633.8, Max: 11136, Diff: 985, Sum: 42535, Workers: 4
[31.705s][debug][gc,phases      ] GC(78)   ResolvedMethodTable Weak       Min:  0.0, Avg:  0.0, Max:  0.0, Diff:  0.0, Sum:  0.1, Workers: 4
[31.705s][debug][gc,phases      ] GC(78)     Dead                           Min: 0, Avg:  0.0, Max: 0, Diff: 0, Sum: 0, Workers: 4
[31.705s][debug][gc,phases      ] GC(78)     Total                          Min: 1280, Avg: 1774.2, Max: 2048, Diff: 768, Sum: 7097, Workers: 4
[31.705s][debug][gc,phases      ] GC(78)   JNI Weak                       Min:  0.0, Avg:  0.0, Max:  0.0, Diff:  0.0, Sum:  0.0, Workers: 4
[31.705s][debug][gc,phases      ] GC(78)     Dead                           Min: 0, Avg:  0.0, Max: 0, Diff: 0, Sum: 0, Workers: 4
[31.705s][debug][gc,phases      ] GC(78)     Total                          Min: 0, Avg:  0.0, Max: 0, Diff: 0, Sum: 0, Workers: 4
[31.705s][debug][gc,phases      ] GC(78)   StringDedup Table Weak         Min:  0.0, Avg:  0.0, Max:  0.0, Diff:  0.0, Sum:  0.0, Workers: 4
[31.705s][debug][gc,phases      ] GC(78)     Dead                           Min: 0, Avg:  0.0, Max: 0, Diff: 0, Sum: 0, Workers: 4
[31.705s][debug][gc,phases      ] GC(78)     Total                          Min: 0, Avg:  0.0, Max: 0, Diff: 0, Sum: 0, Workers: 4
[31.705s][debug][gc,phases      ] GC(78)   StringDedup Requests0 Weak     Min:  0.0, Avg:  0.0, Max:  0.0, Diff:  0.0, Sum:  0.0, Workers: 4
[31.705s][debug][gc,phases      ] GC(78)     Dead                           Min: 0, Avg:  0.0, Max: 0, Diff: 0, Sum: 0, Workers: 4
[31.705s][debug][gc,phases      ] GC(78)     Total                          Min: 0, Avg:  0.0, Max: 0, Diff: 0, Sum: 0, Workers: 4
[31.705s][debug][gc,phases      ] GC(78)   StringDedup Requests1 Weak     Min:  0.0, Avg:  0.0, Max:  0.0, Diff:  0.0, Sum:  0.0, Workers: 4
[31.705s][debug][gc,phases      ] GC(78)     Dead                           Min: 0, Avg:  0.0, Max: 0, Diff: 0, Sum: 0, Workers: 4
[31.705s][debug][gc,phases      ] GC(78)     Total                          Min: 0, Avg:  0.0, Max: 0, Diff: 0, Sum: 0, Workers: 4
[31.705s][debug][gc,phases      ] GC(78)   Weak JFR Old Object Samples    Min:  0.0, Avg:  0.0, Max:  0.0, Diff:  0.0, Sum:  0.0, Workers: 4
[31.705s][debug][gc,phases      ] GC(78)     Dead                           Min: 0, Avg:  0.0, Max: 0, Diff: 0, Sum: 0, Workers: 4
[31.705s][debug][gc,phases      ] GC(78)     Total                          Min: 0, Avg:  0.0, Max: 0, Diff: 0, Sum: 0, Workers: 4
[31.705s][debug][gc,phases      ] GC(78) Weak Processing 0.325ms
[31.705s][debug][gc,age         ] GC(78) Desired survivor size 244842496 bytes, new threshold 15 (max threshold 15)
[31.705s][info ][gc,heap        ] GC(78) PSYoungGen: 1619061K(1815552K)->77237K(1858048K) Eden: 1545728K(1545728K)->0K(1604096K) From: 73333K(269824K)->77237K(253952K)
[31.705s][info ][gc,heap        ] GC(78) ParOldGen: 551658K(667648K)->551658K(667648K)
[31.705s][info ][gc,metaspace   ] GC(78) Metaspace: 68031K(68736K)->68031K(68736K) NonClass: 58173K(58560K)->58173K(58560K) Class: 9857K(10176K)->9857K(10176K)
[31.705s][info ][gc             ] GC(78) Pause Young (Allocation Failure) 2119M->614M(2466M) 19.974ms
[31.705s][info ][gc,cpu         ] GC(78) User=0.08s Sys=0.00s Real=0.02s
[31.705s][info ][safepoint      ] Safepoint "ParallelGCFailedAllocation", Time since last: 284381331 ns, Reaching safepoint: 137503 ns, At safepoint: 20105498 ns, Total: 20243001 ns
[31.973s][info ][gc,start       ] GC(79) Pause Young (Allocation Failure)
[31.994s][debug][gc,phases      ] GC(79) Scavenge 20.431ms
[31.994s][debug][gc,ref         ] GC(79) Skipped phase 1 of Reference Processing: no references
[31.994s][debug][gc,ref         ] GC(79) Skipped phase 2 of Reference Processing: no references
[31.994s][debug][gc,ref         ] GC(79) Skipped phase 3 of Reference Processing: no references
[31.994s][debug][gc,ref         ] GC(79) Skipped phase 4 of Reference Processing: no references
[31.994s][debug][gc,phases      ] GC(79) Reference Processing 0.025ms
[31.994s][debug][gc,phases      ] GC(79)   VM Weak                        Min:  0.0, Avg:  0.0, Max:  0.0, Diff:  0.0, Sum:  0.0, Workers: 4
[31.994s][debug][gc,phases      ] GC(79)     Dead                           Min: 0, Avg:  0.0, Max: 0, Diff: 0, Sum: 0, Workers: 4
[31.994s][debug][gc,phases      ] GC(79)     Total                          Min: 0, Avg: 130.8, Max: 512, Diff: 512, Sum: 523, Workers: 4
[31.994s][debug][gc,phases      ] GC(79)   ObjectSynchronizer Weak        Min:  0.0, Avg:  0.0, Max:  0.0, Diff:  0.0, Sum:  0.0, Workers: 4
[31.994s][debug][gc,phases      ] GC(79)     Dead                           Min: 0, Avg:  0.0, Max: 0, Diff: 0, Sum: 0, Workers: 4
[31.994s][debug][gc,phases      ] GC(79)     Total                          Min: 0, Avg: 97.8, Max: 199, Diff: 199, Sum: 391, Workers: 4
[31.994s][debug][gc,phases      ] GC(79)   JVMTI Tag Weak OopStorage      Min:  0.0, Avg:  0.0, Max:  0.0, Diff:  0.0, Sum:  0.0, Workers: 4
[31.994s][debug][gc,phases      ] GC(79)     Dead                           Min: 0, Avg:  0.0, Max: 0, Diff: 0, Sum: 0, Workers: 4
[31.994s][debug][gc,phases      ] GC(79)     Total                          Min: 0, Avg:  0.0, Max: 0, Diff: 0, Sum: 0, Workers: 4
[31.994s][debug][gc,phases      ] GC(79)   StringTable Weak               Min:  0.1, Avg:  0.1, Max:  0.1, Diff:  0.0, Sum:  0.4, Workers: 4
[31.994s][debug][gc,phases      ] GC(79)     Dead                           Min: 0, Avg:  2.8, Max: 11, Diff: 11, Sum: 11, Workers: 4
[31.994s][debug][gc,phases      ] GC(79)     Total                          Min: 9920, Avg: 10635.0, Max: 11200, Diff: 1280, Sum: 42540, Workers: 4
[31.994s][debug][gc,phases      ] GC(79)   ResolvedMethodTable Weak       Min:  0.0, Avg:  0.0, Max:  0.0, Diff:  0.0, Sum:  0.1, Workers: 4
[31.994s][debug][gc,phases      ] GC(79)     Dead                           Min: 0, Avg:  0.0, Max: 0, Diff: 0, Sum: 0, Workers: 4
[31.994s][debug][gc,phases      ] GC(79)     Total                          Min: 1600, Avg: 1774.2, Max: 2169, Diff: 569, Sum: 7097, Workers: 4
[31.994s][debug][gc,phases      ] GC(79)   JNI Weak                       Min:  0.0, Avg:  0.0, Max:  0.0, Diff:  0.0, Sum:  0.0, Workers: 4
[31.994s][debug][gc,phases      ] GC(79)     Dead                           Min: 0, Avg:  0.0, Max: 0, Diff: 0, Sum: 0, Workers: 4
[31.994s][debug][gc,phases      ] GC(79)     Total                          Min: 0, Avg:  0.0, Max: 0, Diff: 0, Sum: 0, Workers: 4
[31.994s][debug][gc,phases      ] GC(79)   StringDedup Table Weak         Min:  0.0, Avg:  0.0, Max:  0.0, Diff:  0.0, Sum:  0.0, Workers: 4
[31.994s][debug][gc,phases      ] GC(79)     Dead                           Min: 0, Avg:  0.0, Max: 0, Diff: 0, Sum: 0, Workers: 4
[31.994s][debug][gc,phases      ] GC(79)     Total                          Min: 0, Avg:  0.0, Max: 0, Diff: 0, Sum: 0, Workers: 4
[31.994s][debug][gc,phases      ] GC(79)   StringDedup Requests0 Weak     Min:  0.0, Avg:  0.0, Max:  0.0, Diff:  0.0, Sum:  0.0, Workers: 4
[31.994s][debug][gc,phases      ] GC(79)     Dead                           Min: 0, Avg:  0.0, Max: 0, Diff: 0, Sum: 0, Workers: 4
[31.994s][debug][gc,phases      ] GC(79)     Total                          Min: 0, Avg:  0.0, Max: 0, Diff: 0, Sum: 0, Workers: 4
[31.994s][debug][gc,phases      ] GC(79)   StringDedup Requests1 Weak     Min:  0.0, Avg:  0.0, Max:  0.0, Diff:  0.0, Sum:  0.0, Workers: 4
[31.994s][debug][gc,phases      ] GC(79)     Dead                           Min: 0, Avg:  0.0, Max: 0, Diff: 0, Sum: 0, Workers: 4
[31.994s][debug][gc,phases      ] GC(79)     Total                          Min: 0, Avg:  0.0, Max: 0, Diff: 0, Sum: 0, Workers: 4
[31.994s][debug][gc,phases      ] GC(79)   Weak JFR Old Object Samples    Min:  0.0, Avg:  0.0, Max:  0.0, Diff:  0.0, Sum:  0.0, Workers: 4
[31.994s][debug][gc,phases      ] GC(79)     Dead                           Min: 0, Avg:  0.0, Max: 0, Diff: 0, Sum: 0, Workers: 4
[31.994s][debug][gc,phases      ] GC(79)     Total                          Min: 0, Avg:  0.0, Max: 0, Diff: 0, Sum: 0, Workers: 4
[31.994s][debug][gc,phases      ] GC(79) Weak Processing 0.324ms
[31.994s][debug][gc,age         ] GC(79) Desired survivor size 229113856 bytes, new threshold 15 (max threshold 15)
[31.994s][info ][gc,heap        ] GC(79) PSYoungGen: 1681333K(1858048K)->86293K(1843200K) Eden: 1604096K(1604096K)->0K(1604096K) From: 77237K(253952K)->86293K(239104K)
[31.994s][info ][gc,heap        ] GC(79) ParOldGen: 551658K(667648K)->551666K(667648K)
[31.994s][info ][gc,metaspace   ] GC(79) Metaspace: 68035K(68736K)->68035K(68736K) NonClass: 58177K(58560K)->58177K(58560K) Class: 9857K(10176K)->9857K(10176K)
[31.994s][info ][gc             ] GC(79) Pause Young (Allocation Failure) 2180M->623M(2452M) 20.924ms
[31.994s][info ][gc,cpu         ] GC(79) User=0.09s Sys=0.00s Real=0.02s
[31.994s][info ][safepoint      ] Safepoint "ParallelGCFailedAllocation", Time since last: 268488217 ns, Reaching safepoint: 165803 ns, At safepoint: 21047817 ns, Total: 21213620 ns
[32.327s][info ][gc,start       ] GC(80) Pause Young (Allocation Failure)
[32.348s][debug][gc,phases      ] GC(80) Scavenge 21.910ms
[32.348s][debug][gc,ref         ] GC(80) Skipped phase 1 of Reference Processing: no references
[32.348s][debug][gc,ref         ] GC(80) Skipped phase 2 of Reference Processing: no references
[32.348s][debug][gc,ref         ] GC(80) Skipped phase 3 of Reference Processing: no references
[32.348s][debug][gc,ref         ] GC(80) Skipped phase 4 of Reference Processing: no references
[32.349s][debug][gc,phases      ] GC(80) Reference Processing 0.026ms
[32.349s][debug][gc,phases      ] GC(80)   VM Weak                        Min:  0.0, Avg:  0.0, Max:  0.0, Diff:  0.0, Sum:  0.0, Workers: 4
[32.349s][debug][gc,phases      ] GC(80)     Dead                           Min: 0, Avg:  0.0, Max: 0, Diff: 0, Sum: 0, Workers: 4
[32.349s][debug][gc,phases      ] GC(80)     Total                          Min: 0, Avg: 130.8, Max: 512, Diff: 512, Sum: 523, Workers: 4
[32.349s][debug][gc,phases      ] GC(80)   ObjectSynchronizer Weak        Min:  0.0, Avg:  0.0, Max:  0.0, Diff:  0.0, Sum:  0.0, Workers: 4
[32.349s][debug][gc,phases      ] GC(80)     Dead                           Min: 0, Avg:  0.0, Max: 0, Diff: 0, Sum: 0, Workers: 4
[32.349s][debug][gc,phases      ] GC(80)     Total                          Min: 0, Avg: 98.0, Max: 256, Diff: 256, Sum: 392, Workers: 4
[32.349s][debug][gc,phases      ] GC(80)   JVMTI Tag Weak OopStorage      Min:  0.0, Avg:  0.0, Max:  0.0, Diff:  0.0, Sum:  0.0, Workers: 4
[32.349s][debug][gc,phases      ] GC(80)     Dead                           Min: 0, Avg:  0.0, Max: 0, Diff: 0, Sum: 0, Workers: 4
[32.349s][debug][gc,phases      ] GC(80)     Total                          Min: 0, Avg:  0.0, Max: 0, Diff: 0, Sum: 0, Workers: 4
[32.349s][debug][gc,phases      ] GC(80)   StringTable Weak               Min:  0.1, Avg:  0.1, Max:  0.1, Diff:  0.0, Sum:  0.4, Workers: 4
[32.349s][debug][gc,phases      ] GC(80)     Dead                           Min: 0, Avg:  2.8, Max: 11, Diff: 11, Sum: 11, Workers: 4
[32.349s][debug][gc,phases      ] GC(80)     Total                          Min: 10176, Avg: 10635.8, Max: 11200, Diff: 1024, Sum: 42543, Workers: 4
[32.349s][debug][gc,phases      ] GC(80)   ResolvedMethodTable Weak       Min:  0.0, Avg:  0.0, Max:  0.0, Diff:  0.0, Sum:  0.1, Workers: 4
[32.349s][debug][gc,phases      ] GC(80)     Dead                           Min: 0, Avg:  0.0, Max: 0, Diff: 0, Sum: 0, Workers: 4
[32.349s][debug][gc,phases      ] GC(80)     Total                          Min: 1600, Avg: 1774.2, Max: 1920, Diff: 320, Sum: 7097, Workers: 4
[32.349s][debug][gc,phases      ] GC(80)   JNI Weak                       Min:  0.0, Avg:  0.0, Max:  0.0, Diff:  0.0, Sum:  0.0, Workers: 4
[32.349s][debug][gc,phases      ] GC(80)     Dead                           Min: 0, Avg:  0.0, Max: 0, Diff: 0, Sum: 0, Workers: 4
[32.349s][debug][gc,phases      ] GC(80)     Total                          Min: 0, Avg:  0.0, Max: 0, Diff: 0, Sum: 0, Workers: 4
[32.349s][debug][gc,phases      ] GC(80)   StringDedup Table Weak         Min:  0.0, Avg:  0.0, Max:  0.0, Diff:  0.0, Sum:  0.0, Workers: 4
[32.349s][debug][gc,phases      ] GC(80)     Dead                           Min: 0, Avg:  0.0, Max: 0, Diff: 0, Sum: 0, Workers: 4
[32.349s][debug][gc,phases      ] GC(80)     Total                          Min: 0, Avg:  0.0, Max: 0, Diff: 0, Sum: 0, Workers: 4
[32.349s][debug][gc,phases      ] GC(80)   StringDedup Requests0 Weak     Min:  0.0, Avg:  0.0, Max:  0.0, Diff:  0.0, Sum:  0.0, Workers: 4
[32.349s][debug][gc,phases      ] GC(80)     Dead                           Min: 0, Avg:  0.0, Max: 0, Diff: 0, Sum: 0, Workers: 4
[32.349s][debug][gc,phases      ] GC(80)     Total                          Min: 0, Avg:  0.0, Max: 0, Diff: 0, Sum: 0, Workers: 4
[32.349s][debug][gc,phases      ] GC(80)   StringDedup Requests1 Weak     Min:  0.0, Avg:  0.0, Max:  0.0, Diff:  0.0, Sum:  0.0, Workers: 4
[32.349s][debug][gc,phases      ] GC(80)     Dead                           Min: 0, Avg:  0.0, Max: 0, Diff: 0, Sum: 0, Workers: 4
[32.349s][debug][gc,phases      ] GC(80)     Total                          Min: 0, Avg:  0.0, Max: 0, Diff: 0, Sum: 0, Workers: 4
[32.349s][debug][gc,phases      ] GC(80)   Weak JFR Old Object Samples    Min:  0.0, Avg:  0.0, Max:  0.0, Diff:  0.0, Sum:  0.0, Workers: 4
[32.349s][debug][gc,phases      ] GC(80)     Dead                           Min: 0, Avg:  0.0, Max: 0, Diff: 0, Sum: 0, Workers: 4
[32.349s][debug][gc,phases      ] GC(80)     Total                          Min: 0, Avg:  0.0, Max: 0, Diff: 0, Sum: 0, Workers: 4
[32.349s][debug][gc,phases      ] GC(80) Weak Processing 0.330ms
[32.349s][debug][gc,age         ] GC(80) Desired survivor size 217579520 bytes, new threshold 15 (max threshold 15)
[32.349s][info ][gc,heap        ] GC(80) PSYoungGen: 1690389K(1843200K)->92261K(1884672K) Eden: 1604096K(1604096K)->0K(1660928K) From: 86293K(239104K)->92261K(223744K)
[32.349s][info ][gc,heap        ] GC(80) ParOldGen: 551666K(667648K)->551666K(667648K)
[32.349s][info ][gc,metaspace   ] GC(80) Metaspace: 68055K(68736K)->68055K(68736K) NonClass: 58198K(58560K)->58198K(58560K) Class: 9857K(10176K)->9857K(10176K)
[32.349s][info ][gc             ] GC(80) Pause Young (Allocation Failure) 2189M->628M(2492M) 22.388ms
[32.349s][info ][gc,cpu         ] GC(80) User=0.09s Sys=0.00s Real=0.02s
[32.349s][info ][safepoint      ] Safepoint "ParallelGCFailedAllocation", Time since last: 331731769 ns, Reaching safepoint: 231105 ns, At safepoint: 22502246 ns, Total: 22733351 ns
[32.620s][info ][gc,start       ] GC(81) Pause Young (Allocation Failure)
[32.644s][debug][gc,phases      ] GC(81) Scavenge 24.128ms
[32.644s][debug][gc,ref         ] GC(81) Skipped phase 1 of Reference Processing: no references
[32.644s][debug][gc,ref         ] GC(81) Skipped phase 2 of Reference Processing: no references
[32.644s][debug][gc,ref         ] GC(81) Skipped phase 3 of Reference Processing: no references
[32.644s][debug][gc,ref         ] GC(81) Skipped phase 4 of Reference Processing: no references
[32.644s][debug][gc,phases      ] GC(81) Reference Processing 0.026ms
[32.644s][debug][gc,phases      ] GC(81)   VM Weak                        Min:  0.0, Avg:  0.0, Max:  0.0, Diff:  0.0, Sum:  0.0, Workers: 4
[32.644s][debug][gc,phases      ] GC(81)     Dead                           Min: 0, Avg:  0.0, Max: 0, Diff: 0, Sum: 0, Workers: 4
[32.644s][debug][gc,phases      ] GC(81)     Total                          Min: 0, Avg: 130.8, Max: 459, Diff: 459, Sum: 523, Workers: 4
[32.644s][debug][gc,phases      ] GC(81)   ObjectSynchronizer Weak        Min:  0.0, Avg:  0.0, Max:  0.0, Diff:  0.0, Sum:  0.0, Workers: 4
[32.644s][debug][gc,phases      ] GC(81)     Dead                           Min: 0, Avg:  0.0, Max: 0, Diff: 0, Sum: 0, Workers: 4
[32.644s][debug][gc,phases      ] GC(81)     Total                          Min: 0, Avg: 98.0, Max: 192, Diff: 192, Sum: 392, Workers: 4
[32.644s][debug][gc,phases      ] GC(81)   JVMTI Tag Weak OopStorage      Min:  0.0, Avg:  0.0, Max:  0.0, Diff:  0.0, Sum:  0.0, Workers: 4
[32.644s][debug][gc,phases      ] GC(81)     Dead                           Min: 0, Avg:  0.0, Max: 0, Diff: 0, Sum: 0, Workers: 4
[32.644s][debug][gc,phases      ] GC(81)     Total                          Min: 0, Avg:  0.0, Max: 0, Diff: 0, Sum: 0, Workers: 4
[32.644s][debug][gc,phases      ] GC(81)   StringTable Weak               Min:  0.1, Avg:  0.1, Max:  0.1, Diff:  0.0, Sum:  0.4, Workers: 4
[32.644s][debug][gc,phases      ] GC(81)     Dead                           Min: 0, Avg:  0.0, Max: 0, Diff: 0, Sum: 0, Workers: 4
[32.644s][debug][gc,phases      ] GC(81)     Total                          Min: 9664, Avg: 10635.8, Max: 12480, Diff: 2816, Sum: 42543, Workers: 4
[32.644s][debug][gc,phases      ] GC(81)   ResolvedMethodTable Weak       Min:  0.0, Avg:  0.0, Max:  0.0, Diff:  0.0, Sum:  0.1, Workers: 4
[32.644s][debug][gc,phases      ] GC(81)     Dead                           Min: 0, Avg:  0.0, Max: 0, Diff: 0, Sum: 0, Workers: 4
[32.644s][debug][gc,phases      ] GC(81)     Total                          Min: 1536, Avg: 1774.2, Max: 2041, Diff: 505, Sum: 7097, Workers: 4
[32.644s][debug][gc,phases      ] GC(81)   JNI Weak                       Min:  0.0, Avg:  0.0, Max:  0.0, Diff:  0.0, Sum:  0.0, Workers: 4
[32.644s][debug][gc,phases      ] GC(81)     Dead                           Min: 0, Avg:  0.0, Max: 0, Diff: 0, Sum: 0, Workers: 4
[32.644s][debug][gc,phases      ] GC(81)     Total                          Min: 0, Avg:  0.2, Max: 1, Diff: 1, Sum: 1, Workers: 4
[32.644s][debug][gc,phases      ] GC(81)   StringDedup Table Weak         Min:  0.0, Avg:  0.0, Max:  0.0, Diff:  0.0, Sum:  0.0, Workers: 4
[32.644s][debug][gc,phases      ] GC(81)     Dead                           Min: 0, Avg:  0.0, Max: 0, Diff: 0, Sum: 0, Workers: 4
[32.644s][debug][gc,phases      ] GC(81)     Total                          Min: 0, Avg:  0.0, Max: 0, Diff: 0, Sum: 0, Workers: 4
[32.644s][debug][gc,phases      ] GC(81)   StringDedup Requests0 Weak     Min:  0.0, Avg:  0.0, Max:  0.0, Diff:  0.0, Sum:  0.0, Workers: 4
[32.644s][debug][gc,phases      ] GC(81)     Dead                           Min: 0, Avg:  0.0, Max: 0, Diff: 0, Sum: 0, Workers: 4
[32.644s][debug][gc,phases      ] GC(81)     Total                          Min: 0, Avg:  0.0, Max: 0, Diff: 0, Sum: 0, Workers: 4
[32.644s][debug][gc,phases      ] GC(81)   StringDedup Requests1 Weak     Min:  0.0, Avg:  0.0, Max:  0.0, Diff:  0.0, Sum:  0.0, Workers: 4
[32.644s][debug][gc,phases      ] GC(81)     Dead                           Min: 0, Avg:  0.0, Max: 0, Diff: 0, Sum: 0, Workers: 4
[32.644s][debug][gc,phases      ] GC(81)     Total                          Min: 0, Avg:  0.0, Max: 0, Diff: 0, Sum: 0, Workers: 4
[32.644s][debug][gc,phases      ] GC(81)   Weak JFR Old Object Samples    Min:  0.0, Avg:  0.0, Max:  0.0, Diff:  0.0, Sum:  0.0, Workers: 4
[32.644s][debug][gc,phases      ] GC(81)     Dead                           Min: 0, Avg:  0.0, Max: 0, Diff: 0, Sum: 0, Workers: 4
[32.644s][debug][gc,phases      ] GC(81)     Total                          Min: 0, Avg:  0.0, Max: 0, Diff: 0, Sum: 0, Workers: 4
[32.644s][debug][gc,phases      ] GC(81) Weak Processing 0.314ms
[32.644s][debug][gc,age         ] GC(81) Desired survivor size 210239488 bytes, new threshold 15 (max threshold 15)
[32.644s][info ][gc,heap        ] GC(81) PSYoungGen: 1753189K(1884672K)->100901K(1873408K) Eden: 1660928K(1660928K)->0K(1660928K) From: 92261K(223744K)->100901K(212480K)
[32.644s][info ][gc,heap        ] GC(81) ParOldGen: 551666K(667648K)->551666K(667648K)
[32.644s][info ][gc,metaspace   ] GC(81) Metaspace: 68056K(68736K)->68056K(68736K) NonClass: 58198K(58560K)->58198K(58560K) Class: 9857K(10176K)->9857K(10176K)
[32.644s][info ][gc             ] GC(81) Pause Young (Allocation Failure) 2250M->637M(2481M) 24.610ms
[32.644s][info ][gc,cpu         ] GC(81) User=0.09s Sys=0.01s Real=0.03s
[32.644s][info ][safepoint      ] Safepoint "ParallelGCFailedAllocation", Time since last: 270473556 ns, Reaching safepoint: 158903 ns, At safepoint: 24730590 ns, Total: 24889493 ns
[32.943s][info ][gc,start       ] GC(82) Pause Young (Allocation Failure)
[32.973s][debug][gc,phases      ] GC(82) Scavenge 29.387ms
[32.973s][debug][gc,ref         ] GC(82) Skipped phase 1 of Reference Processing: no references
[32.973s][debug][gc,ref         ] GC(82) Skipped phase 2 of Reference Processing: no references
[32.973s][debug][gc,ref         ] GC(82) Skipped phase 3 of Reference Processing: no references
[32.973s][debug][gc,ref         ] GC(82) Skipped phase 4 of Reference Processing: no references
[32.973s][debug][gc,phases      ] GC(82) Reference Processing 0.026ms
[32.973s][debug][gc,phases      ] GC(82)   VM Weak                        Min:  0.0, Avg:  0.0, Max:  0.0, Diff:  0.0, Sum:  0.0, Workers: 4
[32.973s][debug][gc,phases      ] GC(82)     Dead                           Min: 0, Avg:  0.0, Max: 0, Diff: 0, Sum: 0, Workers: 4
[32.973s][debug][gc,phases      ] GC(82)     Total                          Min: 0, Avg: 130.8, Max: 459, Diff: 459, Sum: 523, Workers: 4
[32.973s][debug][gc,phases      ] GC(82)   ObjectSynchronizer Weak        Min:  0.0, Avg:  0.0, Max:  0.0, Diff:  0.0, Sum:  0.0, Workers: 4
[32.973s][debug][gc,phases      ] GC(82)     Dead                           Min: 0, Avg:  0.0, Max: 0, Diff: 0, Sum: 0, Workers: 4
[32.973s][debug][gc,phases      ] GC(82)     Total                          Min: 0, Avg: 98.0, Max: 136, Diff: 136, Sum: 392, Workers: 4
[32.973s][debug][gc,phases      ] GC(82)   JVMTI Tag Weak OopStorage      Min:  0.0, Avg:  0.0, Max:  0.0, Diff:  0.0, Sum:  0.0, Workers: 4
[32.973s][debug][gc,phases      ] GC(82)     Dead                           Min: 0, Avg:  0.0, Max: 0, Diff: 0, Sum: 0, Workers: 4
[32.973s][debug][gc,phases      ] GC(82)     Total                          Min: 0, Avg:  0.0, Max: 0, Diff: 0, Sum: 0, Workers: 4
[32.973s][debug][gc,phases      ] GC(82)   StringTable Weak               Min:  0.1, Avg:  0.1, Max:  0.1, Diff:  0.0, Sum:  0.4, Workers: 4
[32.973s][debug][gc,phases      ] GC(82)     Dead                           Min: 0, Avg:  2.8, Max: 11, Diff: 11, Sum: 11, Workers: 4
[32.973s][debug][gc,phases      ] GC(82)     Total                          Min: 10031, Avg: 10635.8, Max: 11008, Diff: 977, Sum: 42543, Workers: 4
[32.973s][debug][gc,phases      ] GC(82)   ResolvedMethodTable Weak       Min:  0.0, Avg:  0.0, Max:  0.0, Diff:  0.0, Sum:  0.1, Workers: 4
[32.973s][debug][gc,phases      ] GC(82)     Dead                           Min: 0, Avg:  0.0, Max: 0, Diff: 0, Sum: 0, Workers: 4
[32.973s][debug][gc,phases      ] GC(82)     Total                          Min: 1600, Avg: 1774.2, Max: 1856, Diff: 256, Sum: 7097, Workers: 4
[32.973s][debug][gc,phases      ] GC(82)   JNI Weak                       Min:  0.0, Avg:  0.0, Max:  0.0, Diff:  0.0, Sum:  0.0, Workers: 4
[32.973s][debug][gc,phases      ] GC(82)     Dead                           Min: 0, Avg:  0.0, Max: 0, Diff: 0, Sum: 0, Workers: 4
[32.973s][debug][gc,phases      ] GC(82)     Total                          Min: 0, Avg:  0.2, Max: 1, Diff: 1, Sum: 1, Workers: 4
[32.973s][debug][gc,phases      ] GC(82)   StringDedup Table Weak         Min:  0.0, Avg:  0.0, Max:  0.0, Diff:  0.0, Sum:  0.0, Workers: 4
[32.973s][debug][gc,phases      ] GC(82)     Dead                           Min: 0, Avg:  0.0, Max: 0, Diff: 0, Sum: 0, Workers: 4
[32.973s][debug][gc,phases      ] GC(82)     Total                          Min: 0, Avg:  0.0, Max: 0, Diff: 0, Sum: 0, Workers: 4
[32.973s][debug][gc,phases      ] GC(82)   StringDedup Requests0 Weak     Min:  0.0, Avg:  0.0, Max:  0.0, Diff:  0.0, Sum:  0.0, Workers: 4
[32.973s][debug][gc,phases      ] GC(82)     Dead                           Min: 0, Avg:  0.0, Max: 0, Diff: 0, Sum: 0, Workers: 4
[32.973s][debug][gc,phases      ] GC(82)     Total                          Min: 0, Avg:  0.0, Max: 0, Diff: 0, Sum: 0, Workers: 4
[32.973s][debug][gc,phases      ] GC(82)   StringDedup Requests1 Weak     Min:  0.0, Avg:  0.0, Max:  0.0, Diff:  0.0, Sum:  0.0, Workers: 4
[32.973s][debug][gc,phases      ] GC(82)     Dead                           Min: 0, Avg:  0.0, Max: 0, Diff: 0, Sum: 0, Workers: 4
[32.973s][debug][gc,phases      ] GC(82)     Total                          Min: 0, Avg:  0.0, Max: 0, Diff: 0, Sum: 0, Workers: 4
[32.973s][debug][gc,phases      ] GC(82)   Weak JFR Old Object Samples    Min:  0.0, Avg:  0.0, Max:  0.0, Diff:  0.0, Sum:  0.0, Workers: 4
[32.973s][debug][gc,phases      ] GC(82)     Dead                           Min: 0, Avg:  0.0, Max: 0, Diff: 0, Sum: 0, Workers: 4
[32.973s][debug][gc,phases      ] GC(82)     Total                          Min: 0, Avg:  0.0, Max: 0, Diff: 0, Sum: 0, Workers: 4
[32.973s][debug][gc,phases      ] GC(82) Weak Processing 0.396ms
[32.973s][debug][gc,age         ] GC(82) Desired survivor size 204996608 bytes, new threshold 15 (max threshold 15)
[32.973s][info ][gc,heap        ] GC(82) PSYoungGen: 1761829K(1873408K)->105397K(1896960K) Eden: 1660928K(1660928K)->0K(1691648K) From: 100901K(212480K)->105397K(205312K)
[32.973s][info ][gc,heap        ] GC(82) ParOldGen: 551666K(667648K)->551666K(667648K)
[32.973s][info ][gc,metaspace   ] GC(82) Metaspace: 68056K(68736K)->68056K(68736K) NonClass: 58199K(58560K)->58199K(58560K) Class: 9857K(10176K)->9857K(10176K)
[32.973s][info ][gc             ] GC(82) Pause Young (Allocation Failure) 2259M->641M(2504M) 29.966ms
[32.973s][info ][gc,cpu         ] GC(82) User=0.15s Sys=0.00s Real=0.03s
[32.973s][info ][safepoint      ] Safepoint "ParallelGCFailedAllocation", Time since last: 298884318 ns, Reaching safepoint: 138803 ns, At safepoint: 30095796 ns, Total: 30234599 ns
[33.284s][info ][gc,start       ] GC(83) Pause Young (Allocation Failure)
[33.312s][debug][gc,phases      ] GC(83) Scavenge 27.590ms
[33.312s][debug][gc,ref         ] GC(83) Skipped phase 1 of Reference Processing: no references
[33.312s][debug][gc,ref         ] GC(83) Skipped phase 2 of Reference Processing: no references
[33.312s][debug][gc,ref         ] GC(83) Skipped phase 3 of Reference Processing: no references
[33.312s][debug][gc,ref         ] GC(83) Skipped phase 4 of Reference Processing: no references
[33.312s][debug][gc,phases      ] GC(83) Reference Processing 0.025ms
[33.312s][debug][gc,phases      ] GC(83)   VM Weak                        Min:  0.0, Avg:  0.0, Max:  0.0, Diff:  0.0, Sum:  0.0, Workers: 4
[33.312s][debug][gc,phases      ] GC(83)     Dead                           Min: 0, Avg:  0.0, Max: 0, Diff: 0, Sum: 0, Workers: 4
[33.312s][debug][gc,phases      ] GC(83)     Total                          Min: 0, Avg: 130.8, Max: 267, Diff: 267, Sum: 523, Workers: 4
[33.312s][debug][gc,phases      ] GC(83)   ObjectSynchronizer Weak        Min:  0.0, Avg:  0.0, Max:  0.0, Diff:  0.0, Sum:  0.0, Workers: 4
[33.312s][debug][gc,phases      ] GC(83)     Dead                           Min: 0, Avg:  0.0, Max: 0, Diff: 0, Sum: 0, Workers: 4
[33.312s][debug][gc,phases      ] GC(83)     Total                          Min: 0, Avg: 98.0, Max: 192, Diff: 192, Sum: 392, Workers: 4
[33.312s][debug][gc,phases      ] GC(83)   JVMTI Tag Weak OopStorage      Min:  0.0, Avg:  0.0, Max:  0.0, Diff:  0.0, Sum:  0.0, Workers: 4
[33.312s][debug][gc,phases      ] GC(83)     Dead                           Min: 0, Avg:  0.0, Max: 0, Diff: 0, Sum: 0, Workers: 4
[33.312s][debug][gc,phases      ] GC(83)     Total                          Min: 0, Avg:  0.0, Max: 0, Diff: 0, Sum: 0, Workers: 4
[33.312s][debug][gc,phases      ] GC(83)   StringTable Weak               Min:  0.1, Avg:  0.1, Max:  0.1, Diff:  0.0, Sum:  0.4, Workers: 4
[33.312s][debug][gc,phases      ] GC(83)     Dead                           Min: 0, Avg:  2.8, Max: 11, Diff: 11, Sum: 11, Workers: 4
[33.312s][debug][gc,phases      ] GC(83)     Total                          Min: 10304, Avg: 10638.0, Max: 11000, Diff: 696, Sum: 42552, Workers: 4
[33.312s][debug][gc,phases      ] GC(83)   ResolvedMethodTable Weak       Min:  0.0, Avg:  0.0, Max:  0.0, Diff:  0.0, Sum:  0.1, Workers: 4
[33.312s][debug][gc,phases      ] GC(83)     Dead                           Min: 0, Avg:  0.0, Max: 0, Diff: 0, Sum: 0, Workers: 4
[33.312s][debug][gc,phases      ] GC(83)     Total                          Min: 1600, Avg: 1774.2, Max: 1977, Diff: 377, Sum: 7097, Workers: 4
[33.312s][debug][gc,phases      ] GC(83)   JNI Weak                       Min:  0.0, Avg:  0.0, Max:  0.0, Diff:  0.0, Sum:  0.0, Workers: 4
[33.312s][debug][gc,phases      ] GC(83)     Dead                           Min: 0, Avg:  0.0, Max: 0, Diff: 0, Sum: 0, Workers: 4
[33.312s][debug][gc,phases      ] GC(83)     Total                          Min: 0, Avg:  0.0, Max: 0, Diff: 0, Sum: 0, Workers: 4
[33.312s][debug][gc,phases      ] GC(83)   StringDedup Table Weak         Min:  0.0, Avg:  0.0, Max:  0.0, Diff:  0.0, Sum:  0.0, Workers: 4
[33.312s][debug][gc,phases      ] GC(83)     Dead                           Min: 0, Avg:  0.0, Max: 0, Diff: 0, Sum: 0, Workers: 4
[33.312s][debug][gc,phases      ] GC(83)     Total                          Min: 0, Avg:  0.0, Max: 0, Diff: 0, Sum: 0, Workers: 4
[33.312s][debug][gc,phases      ] GC(83)   StringDedup Requests0 Weak     Min:  0.0, Avg:  0.0, Max:  0.0, Diff:  0.0, Sum:  0.0, Workers: 4
[33.312s][debug][gc,phases      ] GC(83)     Dead                           Min: 0, Avg:  0.0, Max: 0, Diff: 0, Sum: 0, Workers: 4
[33.312s][debug][gc,phases      ] GC(83)     Total                          Min: 0, Avg:  0.0, Max: 0, Diff: 0, Sum: 0, Workers: 4
[33.312s][debug][gc,phases      ] GC(83)   StringDedup Requests1 Weak     Min:  0.0, Avg:  0.0, Max:  0.0, Diff:  0.0, Sum:  0.0, Workers: 4
[33.312s][debug][gc,phases      ] GC(83)     Dead                           Min: 0, Avg:  0.0, Max: 0, Diff: 0, Sum: 0, Workers: 4
[33.312s][debug][gc,phases      ] GC(83)     Total                          Min: 0, Avg:  0.0, Max: 0, Diff: 0, Sum: 0, Workers: 4
[33.312s][debug][gc,phases      ] GC(83)   Weak JFR Old Object Samples    Min:  0.0, Avg:  0.0, Max:  0.0, Diff:  0.0, Sum:  0.0, Workers: 4
[33.312s][debug][gc,phases      ] GC(83)     Dead                           Min: 0, Avg:  0.0, Max: 0, Diff: 0, Sum: 0, Workers: 4
[33.312s][debug][gc,phases      ] GC(83)     Total                          Min: 0, Avg:  0.0, Max: 0, Diff: 0, Sum: 0, Workers: 4
[33.312s][debug][gc,phases      ] GC(83) Weak Processing 0.306ms
[33.312s][debug][gc,age         ] GC(83) Desired survivor size 203423744 bytes, new threshold 15 (max threshold 15)
[33.312s][info ][gc,heap        ] GC(83) PSYoungGen: 1797045K(1896960K)->115397K(1891840K) Eden: 1691648K(1691648K)->0K(1691648K) From: 105397K(205312K)->115397K(200192K)
[33.312s][info ][gc,heap        ] GC(83) ParOldGen: 551666K(667648K)->551666K(667648K)
[33.312s][info ][gc,metaspace   ] GC(83) Metaspace: 68063K(68736K)->68063K(68736K) NonClass: 58206K(58560K)->58206K(58560K) Class: 9857K(10176K)->9857K(10176K)
[33.312s][info ][gc             ] GC(83) Pause Young (Allocation Failure) 2293M->651M(2499M) 28.064ms
[33.312s][info ][gc,cpu         ] GC(83) User=0.11s Sys=0.00s Real=0.03s
[33.312s][info ][safepoint      ] Safepoint "ParallelGCFailedAllocation", Time since last: 310710253 ns, Reaching safepoint: 151103 ns, At safepoint: 28188658 ns, Total: 28339761 ns
[33.579s][info ][gc,start       ] GC(84) Pause Young (Allocation Failure)
[33.617s][debug][gc,phases      ] GC(84) Scavenge 38.547ms
[33.618s][debug][gc,ref         ] GC(84) Skipped phase 1 of Reference Processing: no references
[33.618s][debug][gc,ref         ] GC(84) Skipped phase 2 of Reference Processing: no references
[33.618s][debug][gc,ref         ] GC(84) Skipped phase 3 of Reference Processing: no references
[33.618s][debug][gc,ref         ] GC(84) Skipped phase 4 of Reference Processing: no references
[33.618s][debug][gc,phases      ] GC(84) Reference Processing 0.026ms
[33.618s][debug][gc,phases      ] GC(84)   VM Weak                        Min:  0.0, Avg:  0.0, Max:  0.0, Diff:  0.0, Sum:  0.0, Workers: 4
[33.618s][debug][gc,phases      ] GC(84)     Dead                           Min: 0, Avg:  0.0, Max: 0, Diff: 0, Sum: 0, Workers: 4
[33.618s][debug][gc,phases      ] GC(84)     Total                          Min: 0, Avg: 130.8, Max: 395, Diff: 395, Sum: 523, Workers: 4
[33.618s][debug][gc,phases      ] GC(84)   ObjectSynchronizer Weak        Min:  0.0, Avg:  0.0, Max:  0.0, Diff:  0.0, Sum:  0.0, Workers: 4
[33.618s][debug][gc,phases      ] GC(84)     Dead                           Min: 0, Avg:  0.0, Max: 0, Diff: 0, Sum: 0, Workers: 4
[33.618s][debug][gc,phases      ] GC(84)     Total                          Min: 0, Avg: 98.0, Max: 200, Diff: 200, Sum: 392, Workers: 4
[33.618s][debug][gc,phases      ] GC(84)   JVMTI Tag Weak OopStorage      Min:  0.0, Avg:  0.0, Max:  0.0, Diff:  0.0, Sum:  0.0, Workers: 4
[33.618s][debug][gc,phases      ] GC(84)     Dead                           Min: 0, Avg:  0.0, Max: 0, Diff: 0, Sum: 0, Workers: 4
[33.618s][debug][gc,phases      ] GC(84)     Total                          Min: 0, Avg:  0.0, Max: 0, Diff: 0, Sum: 0, Workers: 4
[33.618s][debug][gc,phases      ] GC(84)   StringTable Weak               Min:  0.1, Avg:  0.1, Max:  0.1, Diff:  0.0, Sum:  0.4, Workers: 4
[33.618s][debug][gc,phases      ] GC(84)     Dead                           Min: 0, Avg:  0.0, Max: 0, Diff: 0, Sum: 0, Workers: 4
[33.618s][debug][gc,phases      ] GC(84)     Total                          Min: 10112, Avg: 10638.0, Max: 11456, Diff: 1344, Sum: 42552, Workers: 4
[33.618s][debug][gc,phases      ] GC(84)   ResolvedMethodTable Weak       Min:  0.0, Avg:  0.0, Max:  0.0, Diff:  0.0, Sum:  0.1, Workers: 4
[33.618s][debug][gc,phases      ] GC(84)     Dead                           Min: 0, Avg:  0.0, Max: 0, Diff: 0, Sum: 0, Workers: 4
[33.618s][debug][gc,phases      ] GC(84)     Total                          Min: 1664, Avg: 1774.2, Max: 1920, Diff: 256, Sum: 7097, Workers: 4
[33.618s][debug][gc,phases      ] GC(84)   JNI Weak                       Min:  0.0, Avg:  0.0, Max:  0.0, Diff:  0.0, Sum:  0.0, Workers: 4
[33.618s][debug][gc,phases      ] GC(84)     Dead                           Min: 0, Avg:  0.0, Max: 0, Diff: 0, Sum: 0, Workers: 4
[33.618s][debug][gc,phases      ] GC(84)     Total                          Min: 0, Avg:  0.0, Max: 0, Diff: 0, Sum: 0, Workers: 4
[33.618s][debug][gc,phases      ] GC(84)   StringDedup Table Weak         Min:  0.0, Avg:  0.0, Max:  0.0, Diff:  0.0, Sum:  0.0, Workers: 4
[33.618s][debug][gc,phases      ] GC(84)     Dead                           Min: 0, Avg:  0.0, Max: 0, Diff: 0, Sum: 0, Workers: 4
[33.618s][debug][gc,phases      ] GC(84)     Total                          Min: 0, Avg:  0.0, Max: 0, Diff: 0, Sum: 0, Workers: 4
[33.618s][debug][gc,phases      ] GC(84)   StringDedup Requests0 Weak     Min:  0.0, Avg:  0.0, Max:  0.0, Diff:  0.0, Sum:  0.0, Workers: 4
[33.618s][debug][gc,phases      ] GC(84)     Dead                           Min: 0, Avg:  0.0, Max: 0, Diff: 0, Sum: 0, Workers: 4
[33.618s][debug][gc,phases      ] GC(84)     Total                          Min: 0, Avg:  0.0, Max: 0, Diff: 0, Sum: 0, Workers: 4
[33.618s][debug][gc,phases      ] GC(84)   StringDedup Requests1 Weak     Min:  0.0, Avg:  0.0, Max:  0.0, Diff:  0.0, Sum:  0.0, Workers: 4
[33.618s][debug][gc,phases      ] GC(84)     Dead                           Min: 0, Avg:  0.0, Max: 0, Diff: 0, Sum: 0, Workers: 4
[33.618s][debug][gc,phases      ] GC(84)     Total                          Min: 0, Avg:  0.0, Max: 0, Diff: 0, Sum: 0, Workers: 4
[33.618s][debug][gc,phases      ] GC(84)   Weak JFR Old Object Samples    Min:  0.0, Avg:  0.0, Max:  0.0, Diff:  0.0, Sum:  0.0, Workers: 4
[33.618s][debug][gc,phases      ] GC(84)     Dead                           Min: 0, Avg:  0.0, Max: 0, Diff: 0, Sum: 0, Workers: 4
[33.618s][debug][gc,phases      ] GC(84)     Total                          Min: 0, Avg:  0.0, Max: 0, Diff: 0, Sum: 0, Workers: 4
[33.618s][debug][gc,phases      ] GC(84) Weak Processing 0.323ms
[33.618s][debug][gc,age         ] GC(84) Desired survivor size 205520896 bytes, new threshold 15 (max threshold 15)
[33.618s][info ][gc,heap        ] GC(84) PSYoungGen: 1807045K(1891840K)->125813K(1894400K) Eden: 1691648K(1691648K)->0K(1695744K) From: 115397K(200192K)->125813K(198656K)
[33.618s][info ][gc,heap        ] GC(84) ParOldGen: 551666K(667648K)->551666K(667648K)
[33.618s][info ][gc,metaspace   ] GC(84) Metaspace: 68063K(68736K)->68063K(68736K) NonClass: 58206K(58560K)->58206K(58560K) Class: 9857K(10176K)->9857K(10176K)
[33.618s][info ][gc             ] GC(84) Pause Young (Allocation Failure) 2303M->661M(2502M) 39.046ms
[33.618s][info ][gc,cpu         ] GC(84) User=0.16s Sys=0.00s Real=0.04s
[33.618s][info ][safepoint      ] Safepoint "ParallelGCFailedAllocation", Time since last: 266188971 ns, Reaching safepoint: 145803 ns, At safepoint: 39173376 ns, Total: 39319179 ns
[34.038s][info ][gc,start       ] GC(85) Pause Young (Allocation Failure)
[34.081s][debug][gc,phases      ] GC(85) Scavenge 42.485ms
[34.081s][debug][gc,ref         ] GC(85) Skipped phase 1 of Reference Processing: no references
[34.081s][debug][gc,ref         ] GC(85) Skipped phase 2 of Reference Processing: no references
[34.081s][debug][gc,ref         ] GC(85) Skipped phase 3 of Reference Processing: no references
[34.081s][debug][gc,ref         ] GC(85) Skipped phase 4 of Reference Processing: no references
[34.081s][debug][gc,phases      ] GC(85) Reference Processing 0.027ms
[34.081s][debug][gc,phases      ] GC(85)   VM Weak                        Min:  0.0, Avg:  0.0, Max:  0.0, Diff:  0.0, Sum:  0.0, Workers: 4
[34.081s][debug][gc,phases      ] GC(85)     Dead                           Min: 0, Avg:  0.0, Max: 0, Diff: 0, Sum: 0, Workers: 4
[34.081s][debug][gc,phases      ] GC(85)     Total                          Min: 0, Avg: 130.8, Max: 448, Diff: 448, Sum: 523, Workers: 4
[34.081s][debug][gc,phases      ] GC(85)   ObjectSynchronizer Weak        Min:  0.0, Avg:  0.0, Max:  0.0, Diff:  0.0, Sum:  0.0, Workers: 4
[34.081s][debug][gc,phases      ] GC(85)     Dead                           Min: 0, Avg:  0.0, Max: 0, Diff: 0, Sum: 0, Workers: 4
[34.081s][debug][gc,phases      ] GC(85)     Total                          Min: 0, Avg: 98.0, Max: 256, Diff: 256, Sum: 392, Workers: 4
[34.081s][debug][gc,phases      ] GC(85)   JVMTI Tag Weak OopStorage      Min:  0.0, Avg:  0.0, Max:  0.0, Diff:  0.0, Sum:  0.0, Workers: 4
[34.081s][debug][gc,phases      ] GC(85)     Dead                           Min: 0, Avg:  0.0, Max: 0, Diff: 0, Sum: 0, Workers: 4
[34.081s][debug][gc,phases      ] GC(85)     Total                          Min: 0, Avg:  0.0, Max: 0, Diff: 0, Sum: 0, Workers: 4
[34.081s][debug][gc,phases      ] GC(85)   StringTable Weak               Min:  0.1, Avg:  0.1, Max:  0.1, Diff:  0.0, Sum:  0.4, Workers: 4
[34.081s][debug][gc,phases      ] GC(85)     Dead                           Min: 0, Avg:  2.8, Max: 11, Diff: 11, Sum: 11, Workers: 4
[34.081s][debug][gc,phases      ] GC(85)     Total                          Min: 8576, Avg: 10642.0, Max: 11584, Diff: 3008, Sum: 42568, Workers: 4
[34.081s][debug][gc,phases      ] GC(85)   ResolvedMethodTable Weak       Min:  0.0, Avg:  0.0, Max:  0.0, Diff:  0.0, Sum:  0.1, Workers: 4
[34.081s][debug][gc,phases      ] GC(85)     Dead                           Min: 0, Avg:  0.0, Max: 0, Diff: 0, Sum: 0, Workers: 4
[34.081s][debug][gc,phases      ] GC(85)     Total                          Min: 1664, Avg: 1774.2, Max: 1856, Diff: 192, Sum: 7097, Workers: 4
[34.081s][debug][gc,phases      ] GC(85)   JNI Weak                       Min:  0.0, Avg:  0.0, Max:  0.0, Diff:  0.0, Sum:  0.0, Workers: 4
[34.081s][debug][gc,phases      ] GC(85)     Dead                           Min: 0, Avg:  0.0, Max: 0, Diff: 0, Sum: 0, Workers: 4
[34.081s][debug][gc,phases      ] GC(85)     Total                          Min: 0, Avg:  0.2, Max: 1, Diff: 1, Sum: 1, Workers: 4
[34.081s][debug][gc,phases      ] GC(85)   StringDedup Table Weak         Min:  0.0, Avg:  0.0, Max:  0.0, Diff:  0.0, Sum:  0.0, Workers: 4
[34.081s][debug][gc,phases      ] GC(85)     Dead                           Min: 0, Avg:  0.0, Max: 0, Diff: 0, Sum: 0, Workers: 4
[34.081s][debug][gc,phases      ] GC(85)     Total                          Min: 0, Avg:  0.0, Max: 0, Diff: 0, Sum: 0, Workers: 4
[34.081s][debug][gc,phases      ] GC(85)   StringDedup Requests0 Weak     Min:  0.0, Avg:  0.0, Max:  0.0, Diff:  0.0, Sum:  0.0, Workers: 4
[34.081s][debug][gc,phases      ] GC(85)     Dead                           Min: 0, Avg:  0.0, Max: 0, Diff: 0, Sum: 0, Workers: 4
[34.081s][debug][gc,phases      ] GC(85)     Total                          Min: 0, Avg:  0.0, Max: 0, Diff: 0, Sum: 0, Workers: 4
[34.081s][debug][gc,phases      ] GC(85)   StringDedup Requests1 Weak     Min:  0.0, Avg:  0.0, Max:  0.0, Diff:  0.0, Sum:  0.0, Workers: 4
[34.081s][debug][gc,phases      ] GC(85)     Dead                           Min: 0, Avg:  0.0, Max: 0, Diff: 0, Sum: 0, Workers: 4
[34.081s][debug][gc,phases      ] GC(85)     Total                          Min: 0, Avg:  0.0, Max: 0, Diff: 0, Sum: 0, Workers: 4
[34.081s][debug][gc,phases      ] GC(85)   Weak JFR Old Object Samples    Min:  0.0, Avg:  0.0, Max:  0.0, Diff:  0.0, Sum:  0.0, Workers: 4
[34.081s][debug][gc,phases      ] GC(85)     Dead                           Min: 0, Avg:  0.0, Max: 0, Diff: 0, Sum: 0, Workers: 4
[34.081s][debug][gc,phases      ] GC(85)     Total                          Min: 0, Avg:  0.0, Max: 0, Diff: 0, Sum: 0, Workers: 4
[34.081s][debug][gc,phases      ] GC(85) Weak Processing 0.300ms
[34.081s][debug][gc,age         ] GC(85) Desired survivor size 212860928 bytes, new threshold 15 (max threshold 15)
[34.081s][info ][gc,heap        ] GC(85) PSYoungGen: 1821557K(1894400K)->142736K(1838592K) Eden: 1695744K(1695744K)->0K(1695744K) From: 125813K(198656K)->142736K(142848K)
[34.081s][info ][gc,heap        ] GC(85) ParOldGen: 551666K(667648K)->557263K(667648K)
[34.081s][info ][gc,metaspace   ] GC(85) Metaspace: 68069K(68736K)->68069K(68736K) NonClass: 58211K(58560K)->58211K(58560K) Class: 9857K(10176K)->9857K(10176K)
[34.081s][info ][gc             ] GC(85) Pause Young (Allocation Failure) 2317M->683M(2447M) 42.961ms
[34.081s][info ][gc,cpu         ] GC(85) User=0.16s Sys=0.00s Real=0.04s
[34.081s][info ][safepoint      ] Safepoint "ParallelGCFailedAllocation", Time since last: 420127519 ns, Reaching safepoint: 258605 ns, At safepoint: 43090954 ns, Total: 43349559 ns
[34.365s][info ][gc,start       ] GC(86) Pause Young (Allocation Failure)
[34.402s][debug][gc,phases      ] GC(86) Scavenge 37.527ms
[34.402s][debug][gc,ref         ] GC(86) Skipped phase 1 of Reference Processing: no references
[34.402s][debug][gc,ref         ] GC(86) Skipped phase 2 of Reference Processing: no references
[34.402s][debug][gc,ref         ] GC(86) Skipped phase 3 of Reference Processing: no references
[34.402s][debug][gc,ref         ] GC(86) ReferenceProcessor::execute queues: 1, RefProcThreadModel::Single, marks_oops_alive: false
[34.402s][debug][gc,phases      ] GC(86) Reference Processing 0.127ms
[34.403s][debug][gc,phases      ] GC(86)   VM Weak                        Min:  0.0, Avg:  0.0, Max:  0.0, Diff:  0.0, Sum:  0.0, Workers: 4
[34.403s][debug][gc,phases      ] GC(86)     Dead                           Min: 0, Avg:  0.0, Max: 0, Diff: 0, Sum: 0, Workers: 4
[34.403s][debug][gc,phases      ] GC(86)     Total                          Min: 0, Avg: 130.8, Max: 523, Diff: 523, Sum: 523, Workers: 4
[34.403s][debug][gc,phases      ] GC(86)   ObjectSynchronizer Weak        Min:  0.0, Avg:  0.0, Max:  0.0, Diff:  0.0, Sum:  0.0, Workers: 4
[34.403s][debug][gc,phases      ] GC(86)     Dead                           Min: 0, Avg:  0.0, Max: 0, Diff: 0, Sum: 0, Workers: 4
[34.403s][debug][gc,phases      ] GC(86)     Total                          Min: 0, Avg: 98.0, Max: 264, Diff: 264, Sum: 392, Workers: 4
[34.403s][debug][gc,phases      ] GC(86)   JVMTI Tag Weak OopStorage      Min:  0.0, Avg:  0.0, Max:  0.0, Diff:  0.0, Sum:  0.0, Workers: 4
[34.403s][debug][gc,phases      ] GC(86)     Dead                           Min: 0, Avg:  0.0, Max: 0, Diff: 0, Sum: 0, Workers: 4
[34.403s][debug][gc,phases      ] GC(86)     Total                          Min: 0, Avg:  0.0, Max: 0, Diff: 0, Sum: 0, Workers: 4
[34.403s][debug][gc,phases      ] GC(86)   StringTable Weak               Min:  0.1, Avg:  0.1, Max:  0.1, Diff:  0.0, Sum:  0.4, Workers: 4
[34.403s][debug][gc,phases      ] GC(86)     Dead                           Min: 0, Avg:  2.8, Max: 11, Diff: 11, Sum: 11, Workers: 4
[34.403s][debug][gc,phases      ] GC(86)     Total                          Min: 9536, Avg: 10642.0, Max: 11445, Diff: 1909, Sum: 42568, Workers: 4
[34.403s][debug][gc,phases      ] GC(86)   ResolvedMethodTable Weak       Min:  0.0, Avg:  0.0, Max:  0.0, Diff:  0.0, Sum:  0.1, Workers: 4
[34.403s][debug][gc,phases      ] GC(86)     Dead                           Min: 0, Avg:  0.0, Max: 0, Diff: 0, Sum: 0, Workers: 4
[34.403s][debug][gc,phases      ] GC(86)     Total                          Min: 1536, Avg: 1774.2, Max: 1920, Diff: 384, Sum: 7097, Workers: 4
[34.403s][debug][gc,phases      ] GC(86)   JNI Weak                       Min:  0.0, Avg:  0.0, Max:  0.0, Diff:  0.0, Sum:  0.0, Workers: 4
[34.403s][debug][gc,phases      ] GC(86)     Dead                           Min: 0, Avg:  0.0, Max: 0, Diff: 0, Sum: 0, Workers: 4
[34.403s][debug][gc,phases      ] GC(86)     Total                          Min: 0, Avg:  0.0, Max: 0, Diff: 0, Sum: 0, Workers: 4
[34.403s][debug][gc,phases      ] GC(86)   StringDedup Table Weak         Min:  0.0, Avg:  0.0, Max:  0.0, Diff:  0.0, Sum:  0.0, Workers: 4
[34.403s][debug][gc,phases      ] GC(86)     Dead                           Min: 0, Avg:  0.0, Max: 0, Diff: 0, Sum: 0, Workers: 4
[34.403s][debug][gc,phases      ] GC(86)     Total                          Min: 0, Avg:  0.0, Max: 0, Diff: 0, Sum: 0, Workers: 4
[34.403s][debug][gc,phases      ] GC(86)   StringDedup Requests0 Weak     Min:  0.0, Avg:  0.0, Max:  0.0, Diff:  0.0, Sum:  0.0, Workers: 4
[34.403s][debug][gc,phases      ] GC(86)     Dead                           Min: 0, Avg:  0.0, Max: 0, Diff: 0, Sum: 0, Workers: 4
[34.403s][debug][gc,phases      ] GC(86)     Total                          Min: 0, Avg:  0.0, Max: 0, Diff: 0, Sum: 0, Workers: 4
[34.403s][debug][gc,phases      ] GC(86)   StringDedup Requests1 Weak     Min:  0.0, Avg:  0.0, Max:  0.0, Diff:  0.0, Sum:  0.0, Workers: 4
[34.403s][debug][gc,phases      ] GC(86)     Dead                           Min: 0, Avg:  0.0, Max: 0, Diff: 0, Sum: 0, Workers: 4
[34.403s][debug][gc,phases      ] GC(86)     Total                          Min: 0, Avg:  0.0, Max: 0, Diff: 0, Sum: 0, Workers: 4
[34.403s][debug][gc,phases      ] GC(86)   Weak JFR Old Object Samples    Min:  0.0, Avg:  0.0, Max:  0.0, Diff:  0.0, Sum:  0.0, Workers: 4
[34.403s][debug][gc,phases      ] GC(86)     Dead                           Min: 0, Avg:  0.0, Max: 0, Diff: 0, Sum: 0, Workers: 4
[34.403s][debug][gc,phases      ] GC(86)     Total                          Min: 0, Avg:  0.0, Max: 0, Diff: 0, Sum: 0, Workers: 4
[34.403s][debug][gc,phases      ] GC(86) Weak Processing 0.311ms
[34.403s][debug][gc,age         ] GC(86) Desired survivor size 218628096 bytes, new threshold 15 (max threshold 15)
[34.403s][info ][gc,heap        ] GC(86) PSYoungGen: 1838480K(1838592K)->144784K(1878016K) Eden: 1695744K(1695744K)->0K(1670144K) From: 142736K(142848K)->144784K(207872K)
[34.403s][info ][gc,heap        ] GC(86) ParOldGen: 557263K(667648K)->558519K(667648K)
[34.403s][info ][gc,metaspace   ] GC(86) Metaspace: 68069K(68736K)->68069K(68736K) NonClass: 58212K(58560K)->58212K(58560K) Class: 9857K(10176K)->9857K(10176K)
[34.403s][info ][gc             ] GC(86) Pause Young (Allocation Failure) 2339M->686M(2486M) 38.124ms
[34.403s][info ][gc,cpu         ] GC(86) User=0.14s Sys=0.01s Real=0.04s
[34.403s][info ][safepoint      ] Safepoint "ParallelGCFailedAllocation", Time since last: 282997403 ns, Reaching safepoint: 149703 ns, At safepoint: 38237358 ns, Total: 38387061 ns
[34.706s][info ][gc,start       ] GC(87) Pause Young (Allocation Failure)
[34.750s][debug][gc,phases      ] GC(87) Scavenge 43.883ms
[34.750s][debug][gc,ref         ] GC(87) Skipped phase 1 of Reference Processing: no references
[34.750s][debug][gc,ref         ] GC(87) Skipped phase 2 of Reference Processing: no references
[34.750s][debug][gc,ref         ] GC(87) Skipped phase 3 of Reference Processing: no references
[34.750s][debug][gc,ref         ] GC(87) Skipped phase 4 of Reference Processing: no references
[34.750s][debug][gc,phases      ] GC(87) Reference Processing 0.025ms
[34.750s][debug][gc,phases      ] GC(87)   VM Weak                        Min:  0.0, Avg:  0.0, Max:  0.0, Diff:  0.0, Sum:  0.0, Workers: 4
[34.750s][debug][gc,phases      ] GC(87)     Dead                           Min: 0, Avg:  0.0, Max: 0, Diff: 0, Sum: 0, Workers: 4
[34.750s][debug][gc,phases      ] GC(87)     Total                          Min: 0, Avg: 130.8, Max: 384, Diff: 384, Sum: 523, Workers: 4
[34.750s][debug][gc,phases      ] GC(87)   ObjectSynchronizer Weak        Min:  0.0, Avg:  0.0, Max:  0.0, Diff:  0.0, Sum:  0.0, Workers: 4
[34.750s][debug][gc,phases      ] GC(87)     Dead                           Min: 0, Avg:  0.0, Max: 0, Diff: 0, Sum: 0, Workers: 4
[34.750s][debug][gc,phases      ] GC(87)     Total                          Min: 0, Avg: 98.0, Max: 136, Diff: 136, Sum: 392, Workers: 4
[34.750s][debug][gc,phases      ] GC(87)   JVMTI Tag Weak OopStorage      Min:  0.0, Avg:  0.0, Max:  0.0, Diff:  0.0, Sum:  0.0, Workers: 4
[34.750s][debug][gc,phases      ] GC(87)     Dead                           Min: 0, Avg:  0.0, Max: 0, Diff: 0, Sum: 0, Workers: 4
[34.750s][debug][gc,phases      ] GC(87)     Total                          Min: 0, Avg:  0.0, Max: 0, Diff: 0, Sum: 0, Workers: 4
[34.750s][debug][gc,phases      ] GC(87)   StringTable Weak               Min:  0.1, Avg:  0.1, Max:  0.1, Diff:  0.0, Sum:  0.4, Workers: 4
[34.750s][debug][gc,phases      ] GC(87)     Dead                           Min: 0, Avg:  0.0, Max: 0, Diff: 0, Sum: 0, Workers: 4
[34.750s][debug][gc,phases      ] GC(87)     Total                          Min: 9856, Avg: 10642.2, Max: 11382, Diff: 1526, Sum: 42569, Workers: 4
[34.750s][debug][gc,phases      ] GC(87)   ResolvedMethodTable Weak       Min:  0.0, Avg:  0.0, Max:  0.0, Diff:  0.0, Sum:  0.1, Workers: 4
[34.750s][debug][gc,phases      ] GC(87)     Dead                           Min: 0, Avg:  0.0, Max: 0, Diff: 0, Sum: 0, Workers: 4
[34.750s][debug][gc,phases      ] GC(87)     Total                          Min: 1721, Avg: 1774.2, Max: 1856, Diff: 135, Sum: 7097, Workers: 4
[34.750s][debug][gc,phases      ] GC(87)   JNI Weak                       Min:  0.0, Avg:  0.0, Max:  0.0, Diff:  0.0, Sum:  0.0, Workers: 4
[34.750s][debug][gc,phases      ] GC(87)     Dead                           Min: 0, Avg:  0.0, Max: 0, Diff: 0, Sum: 0, Workers: 4
[34.750s][debug][gc,phases      ] GC(87)     Total                          Min: 0, Avg:  0.0, Max: 0, Diff: 0, Sum: 0, Workers: 4
[34.750s][debug][gc,phases      ] GC(87)   StringDedup Table Weak         Min:  0.0, Avg:  0.0, Max:  0.0, Diff:  0.0, Sum:  0.0, Workers: 4
[34.750s][debug][gc,phases      ] GC(87)     Dead                           Min: 0, Avg:  0.0, Max: 0, Diff: 0, Sum: 0, Workers: 4
[34.750s][debug][gc,phases      ] GC(87)     Total                          Min: 0, Avg:  0.0, Max: 0, Diff: 0, Sum: 0, Workers: 4
[34.750s][debug][gc,phases      ] GC(87)   StringDedup Requests0 Weak     Min:  0.0, Avg:  0.0, Max:  0.0, Diff:  0.0, Sum:  0.0, Workers: 4
[34.750s][debug][gc,phases      ] GC(87)     Dead                           Min: 0, Avg:  0.0, Max: 0, Diff: 0, Sum: 0, Workers: 4
[34.750s][debug][gc,phases      ] GC(87)     Total                          Min: 0, Avg:  0.0, Max: 0, Diff: 0, Sum: 0, Workers: 4
[34.750s][debug][gc,phases      ] GC(87)   StringDedup Requests1 Weak     Min:  0.0, Avg:  0.0, Max:  0.0, Diff:  0.0, Sum:  0.0, Workers: 4
[34.750s][debug][gc,phases      ] GC(87)     Dead                           Min: 0, Avg:  0.0, Max: 0, Diff: 0, Sum: 0, Workers: 4
[34.750s][debug][gc,phases      ] GC(87)     Total                          Min: 0, Avg:  0.0, Max: 0, Diff: 0, Sum: 0, Workers: 4
[34.750s][debug][gc,phases      ] GC(87)   Weak JFR Old Object Samples    Min:  0.0, Avg:  0.0, Max:  0.0, Diff:  0.0, Sum:  0.0, Workers: 4
[34.750s][debug][gc,phases      ] GC(87)     Dead                           Min: 0, Avg:  0.0, Max: 0, Diff: 0, Sum: 0, Workers: 4
[34.750s][debug][gc,phases      ] GC(87)     Total                          Min: 0, Avg:  0.0, Max: 0, Diff: 0, Sum: 0, Workers: 4
[34.750s][debug][gc,phases      ] GC(87) Weak Processing 0.362ms
[34.750s][debug][gc,age         ] GC(87) Desired survivor size 222298112 bytes, new threshold 15 (max threshold 15)
[34.750s][info ][gc,heap        ] GC(87) PSYoungGen: 1814928K(1878016K)->143584K(1814016K) Eden: 1670144K(1670144K)->0K(1670144K) From: 144784K(207872K)->143584K(143872K)
[34.750s][info ][gc,heap        ] GC(87) ParOldGen: 558519K(667648K)->566783K(667648K)
[34.750s][info ][gc,metaspace   ] GC(87) Metaspace: 68125K(68800K)->68125K(68800K) NonClass: 58268K(58624K)->58268K(58624K) Class: 9857K(10176K)->9857K(10176K)
[34.750s][info ][gc             ] GC(87) Pause Young (Allocation Failure) 2317M->693M(2423M) 44.417ms
[34.750s][info ][gc,cpu         ] GC(87) User=0.18s Sys=0.00s Real=0.05s
[34.750s][info ][safepoint      ] Safepoint "ParallelGCFailedAllocation", Time since last: 302835496 ns, Reaching safepoint: 158303 ns, At safepoint: 44532982 ns, Total: 44691285 ns
[35.083s][info ][gc,start       ] GC(88) Pause Young (Allocation Failure)
[35.130s][debug][gc,phases      ] GC(88) Scavenge 47.609ms
[35.130s][debug][gc,ref         ] GC(88) Skipped phase 1 of Reference Processing: no references
[35.130s][debug][gc,ref         ] GC(88) Skipped phase 2 of Reference Processing: no references
[35.130s][debug][gc,ref         ] GC(88) Skipped phase 3 of Reference Processing: no references
[35.130s][debug][gc,ref         ] GC(88) Skipped phase 4 of Reference Processing: no references
[35.130s][debug][gc,phases      ] GC(88) Reference Processing 0.026ms
[35.131s][debug][gc,phases      ] GC(88)   VM Weak                        Min:  0.0, Avg:  0.0, Max:  0.0, Diff:  0.0, Sum:  0.0, Workers: 4
[35.131s][debug][gc,phases      ] GC(88)     Dead                           Min: 0, Avg:  0.0, Max: 0, Diff: 0, Sum: 0, Workers: 4
[35.131s][debug][gc,phases      ] GC(88)     Total                          Min: 0, Avg: 130.8, Max: 523, Diff: 523, Sum: 523, Workers: 4
[35.131s][debug][gc,phases      ] GC(88)   ObjectSynchronizer Weak        Min:  0.0, Avg:  0.0, Max:  0.0, Diff:  0.0, Sum:  0.0, Workers: 4
[35.131s][debug][gc,phases      ] GC(88)     Dead                           Min: 0, Avg:  0.0, Max: 0, Diff: 0, Sum: 0, Workers: 4
[35.131s][debug][gc,phases      ] GC(88)     Total                          Min: 0, Avg: 98.0, Max: 200, Diff: 200, Sum: 392, Workers: 4
[35.131s][debug][gc,phases      ] GC(88)   JVMTI Tag Weak OopStorage      Min:  0.0, Avg:  0.0, Max:  0.0, Diff:  0.0, Sum:  0.0, Workers: 4
[35.131s][debug][gc,phases      ] GC(88)     Dead                           Min: 0, Avg:  0.0, Max: 0, Diff: 0, Sum: 0, Workers: 4
[35.131s][debug][gc,phases      ] GC(88)     Total                          Min: 0, Avg:  0.0, Max: 0, Diff: 0, Sum: 0, Workers: 4
[35.131s][debug][gc,phases      ] GC(88)   StringTable Weak               Min:  0.1, Avg:  0.1, Max:  0.1, Diff:  0.0, Sum:  0.4, Workers: 4
[35.131s][debug][gc,phases      ] GC(88)     Dead                           Min: 0, Avg:  2.8, Max: 10, Diff: 10, Sum: 11, Workers: 4
[35.131s][debug][gc,phases      ] GC(88)     Total                          Min: 9920, Avg: 10645.5, Max: 11200, Diff: 1280, Sum: 42582, Workers: 4
[35.131s][debug][gc,phases      ] GC(88)   ResolvedMethodTable Weak       Min:  0.0, Avg:  0.0, Max:  0.0, Diff:  0.0, Sum:  0.1, Workers: 4
[35.131s][debug][gc,phases      ] GC(88)     Dead                           Min: 0, Avg:  0.0, Max: 0, Diff: 0, Sum: 0, Workers: 4
[35.131s][debug][gc,phases      ] GC(88)     Total                          Min: 1593, Avg: 1774.2, Max: 2048, Diff: 455, Sum: 7097, Workers: 4
[35.131s][debug][gc,phases      ] GC(88)   JNI Weak                       Min:  0.0, Avg:  0.0, Max:  0.0, Diff:  0.0, Sum:  0.0, Workers: 4
[35.131s][debug][gc,phases      ] GC(88)     Dead                           Min: 0, Avg:  0.0, Max: 0, Diff: 0, Sum: 0, Workers: 4
[35.131s][debug][gc,phases      ] GC(88)     Total                          Min: 0, Avg:  0.2, Max: 1, Diff: 1, Sum: 1, Workers: 4
[35.131s][debug][gc,phases      ] GC(88)   StringDedup Table Weak         Min:  0.0, Avg:  0.0, Max:  0.0, Diff:  0.0, Sum:  0.0, Workers: 4
[35.131s][debug][gc,phases      ] GC(88)     Dead                           Min: 0, Avg:  0.0, Max: 0, Diff: 0, Sum: 0, Workers: 4
[35.131s][debug][gc,phases      ] GC(88)     Total                          Min: 0, Avg:  0.0, Max: 0, Diff: 0, Sum: 0, Workers: 4
[35.131s][debug][gc,phases      ] GC(88)   StringDedup Requests0 Weak     Min:  0.0, Avg:  0.0, Max:  0.0, Diff:  0.0, Sum:  0.0, Workers: 4
[35.131s][debug][gc,phases      ] GC(88)     Dead                           Min: 0, Avg:  0.0, Max: 0, Diff: 0, Sum: 0, Workers: 4
[35.131s][debug][gc,phases      ] GC(88)     Total                          Min: 0, Avg:  0.0, Max: 0, Diff: 0, Sum: 0, Workers: 4
[35.131s][debug][gc,phases      ] GC(88)   StringDedup Requests1 Weak     Min:  0.0, Avg:  0.0, Max:  0.0, Diff:  0.0, Sum:  0.0, Workers: 4
[35.131s][debug][gc,phases      ] GC(88)     Dead                           Min: 0, Avg:  0.0, Max: 0, Diff: 0, Sum: 0, Workers: 4
[35.131s][debug][gc,phases      ] GC(88)     Total                          Min: 0, Avg:  0.0, Max: 0, Diff: 0, Sum: 0, Workers: 4
[35.131s][debug][gc,phases      ] GC(88)   Weak JFR Old Object Samples    Min:  0.0, Avg:  0.0, Max:  0.0, Diff:  0.0, Sum:  0.0, Workers: 4
[35.131s][debug][gc,phases      ] GC(88)     Dead                           Min: 0, Avg:  0.0, Max: 0, Diff: 0, Sum: 0, Workers: 4
[35.131s][debug][gc,phases      ] GC(88)     Total                          Min: 0, Avg:  0.0, Max: 0, Diff: 0, Sum: 0, Workers: 4
[35.131s][debug][gc,phases      ] GC(88) Weak Processing 0.322ms
[35.131s][debug][gc,age         ] GC(88) Desired survivor size 222822400 bytes, new threshold 15 (max threshold 15)
[35.131s][info ][gc,heap        ] GC(88) PSYoungGen: 1813728K(1814016K)->139424K(1879040K) Eden: 1670144K(1670144K)->0K(1661952K) From: 143584K(143872K)->139424K(217088K)
[35.131s][info ][gc,heap        ] GC(88) ParOldGen: 566783K(667648K)->585871K(667648K)
[35.131s][info ][gc,metaspace   ] GC(88) Metaspace: 68129K(68800K)->68129K(68800K) NonClass: 58272K(58624K)->58272K(58624K) Class: 9857K(10176K)->9857K(10176K)
[35.131s][info ][gc             ] GC(88) Pause Young (Allocation Failure) 2324M->708M(2487M) 48.131ms
[35.131s][info ][gc,cpu         ] GC(88) User=0.20s Sys=0.00s Real=0.05s
[35.131s][info ][safepoint      ] Safepoint "ParallelGCFailedAllocation", Time since last: 332101076 ns, Reaching safepoint: 176004 ns, At safepoint: 48249855 ns, Total: 48425859 ns
[35.454s][info ][gc,start       ] GC(89) Pause Young (Allocation Failure)
[35.502s][debug][gc,phases      ] GC(89) Scavenge 47.464ms
[35.502s][debug][gc,ref         ] GC(89) Skipped phase 1 of Reference Processing: no references
[35.502s][debug][gc,ref         ] GC(89) Skipped phase 2 of Reference Processing: no references
[35.502s][debug][gc,ref         ] GC(89) Skipped phase 3 of Reference Processing: no references
[35.502s][debug][gc,ref         ] GC(89) Skipped phase 4 of Reference Processing: no references
[35.502s][debug][gc,phases      ] GC(89) Reference Processing 0.030ms
[35.502s][debug][gc,phases      ] GC(89)   VM Weak                        Min:  0.0, Avg:  0.0, Max:  0.0, Diff:  0.0, Sum:  0.0, Workers: 4
[35.502s][debug][gc,phases      ] GC(89)     Dead                           Min: 0, Avg:  0.0, Max: 0, Diff: 0, Sum: 0, Workers: 4
[35.502s][debug][gc,phases      ] GC(89)     Total                          Min: 0, Avg: 130.8, Max: 203, Diff: 203, Sum: 523, Workers: 4
[35.502s][debug][gc,phases      ] GC(89)   ObjectSynchronizer Weak        Min:  0.0, Avg:  0.0, Max:  0.0, Diff:  0.0, Sum:  0.0, Workers: 4
[35.502s][debug][gc,phases      ] GC(89)     Dead                           Min: 0, Avg:  0.0, Max: 0, Diff: 0, Sum: 0, Workers: 4
[35.502s][debug][gc,phases      ] GC(89)     Total                          Min: 0, Avg: 98.0, Max: 136, Diff: 136, Sum: 392, Workers: 4
[35.502s][debug][gc,phases      ] GC(89)   JVMTI Tag Weak OopStorage      Min:  0.0, Avg:  0.0, Max:  0.0, Diff:  0.0, Sum:  0.0, Workers: 4
[35.502s][debug][gc,phases      ] GC(89)     Dead                           Min: 0, Avg:  0.0, Max: 0, Diff: 0, Sum: 0, Workers: 4
[35.502s][debug][gc,phases      ] GC(89)     Total                          Min: 0, Avg:  0.0, Max: 0, Diff: 0, Sum: 0, Workers: 4
[35.502s][debug][gc,phases      ] GC(89)   StringTable Weak               Min:  0.1, Avg:  0.1, Max:  0.1, Diff:  0.0, Sum:  0.4, Workers: 4
[35.502s][debug][gc,phases      ] GC(89)     Dead                           Min: 0, Avg:  2.8, Max: 11, Diff: 11, Sum: 11, Workers: 4
[35.502s][debug][gc,phases      ] GC(89)     Total                          Min: 10112, Avg: 10648.0, Max: 11306, Diff: 1194, Sum: 42592, Workers: 4
[35.502s][debug][gc,phases      ] GC(89)   ResolvedMethodTable Weak       Min:  0.0, Avg:  0.0, Max:  0.0, Diff:  0.0, Sum:  0.1, Workers: 4
[35.502s][debug][gc,phases      ] GC(89)     Dead                           Min: 0, Avg:  0.0, Max: 0, Diff: 0, Sum: 0, Workers: 4
[35.502s][debug][gc,phases      ] GC(89)     Total                          Min: 1664, Avg: 1774.2, Max: 1920, Diff: 256, Sum: 7097, Workers: 4
[35.502s][debug][gc,phases      ] GC(89)   JNI Weak                       Min:  0.0, Avg:  0.0, Max:  0.0, Diff:  0.0, Sum:  0.0, Workers: 4
[35.502s][debug][gc,phases      ] GC(89)     Dead                           Min: 0, Avg:  0.0, Max: 0, Diff: 0, Sum: 0, Workers: 4
[35.502s][debug][gc,phases      ] GC(89)     Total                          Min: 0, Avg:  0.0, Max: 0, Diff: 0, Sum: 0, Workers: 4
[35.502s][debug][gc,phases      ] GC(89)   StringDedup Table Weak         Min:  0.0, Avg:  0.0, Max:  0.0, Diff:  0.0, Sum:  0.0, Workers: 4
[35.502s][debug][gc,phases      ] GC(89)     Dead                           Min: 0, Avg:  0.0, Max: 0, Diff: 0, Sum: 0, Workers: 4
[35.502s][debug][gc,phases      ] GC(89)     Total                          Min: 0, Avg:  0.0, Max: 0, Diff: 0, Sum: 0, Workers: 4
[35.502s][debug][gc,phases      ] GC(89)   StringDedup Requests0 Weak     Min:  0.0, Avg:  0.0, Max:  0.0, Diff:  0.0, Sum:  0.0, Workers: 4
[35.502s][debug][gc,phases      ] GC(89)     Dead                           Min: 0, Avg:  0.0, Max: 0, Diff: 0, Sum: 0, Workers: 4
[35.502s][debug][gc,phases      ] GC(89)     Total                          Min: 0, Avg:  0.0, Max: 0, Diff: 0, Sum: 0, Workers: 4
[35.502s][debug][gc,phases      ] GC(89)   StringDedup Requests1 Weak     Min:  0.0, Avg:  0.0, Max:  0.0, Diff:  0.0, Sum:  0.0, Workers: 4
[35.502s][debug][gc,phases      ] GC(89)     Dead                           Min: 0, Avg:  0.0, Max: 0, Diff: 0, Sum: 0, Workers: 4
[35.502s][debug][gc,phases      ] GC(89)     Total                          Min: 0, Avg:  0.0, Max: 0, Diff: 0, Sum: 0, Workers: 4
[35.502s][debug][gc,phases      ] GC(89)   Weak JFR Old Object Samples    Min:  0.0, Avg:  0.0, Max:  0.0, Diff:  0.0, Sum:  0.0, Workers: 4
[35.502s][debug][gc,phases      ] GC(89)     Dead                           Min: 0, Avg:  0.0, Max: 0, Diff: 0, Sum: 0, Workers: 4
[35.502s][debug][gc,phases      ] GC(89)     Total                          Min: 0, Avg:  0.0, Max: 0, Diff: 0, Sum: 0, Workers: 4
[35.502s][debug][gc,phases      ] GC(89) Weak Processing 0.320ms
[35.502s][debug][gc,age         ] GC(89) Desired survivor size 233308160 bytes, new threshold 15 (max threshold 15)
[35.502s][info ][gc,heap        ] GC(89) PSYoungGen: 1801376K(1879040K)->168016K(1830400K) Eden: 1661952K(1661952K)->0K(1661952K) From: 139424K(217088K)->168016K(168448K)
[35.502s][info ][gc,heap        ] GC(89) ParOldGen: 585871K(667648K)->594919K(667648K)
[35.502s][info ][gc,metaspace   ] GC(89) Metaspace: 68133K(68800K)->68133K(68800K) NonClass: 58274K(58624K)->58274K(58624K) Class: 9858K(10176K)->9858K(10176K)
[35.502s][info ][gc             ] GC(89) Pause Young (Allocation Failure) 2331M->745M(2439M) 47.978ms
[35.502s][info ][gc,cpu         ] GC(89) User=0.18s Sys=0.00s Real=0.04s
[35.502s][info ][safepoint      ] Safepoint "ParallelGCFailedAllocation", Time since last: 322960695 ns, Reaching safepoint: 158803 ns, At safepoint: 48100753 ns, Total: 48259556 ns
[35.791s][info ][gc,start       ] GC(90) Pause Young (Allocation Failure)
[35.840s][debug][gc,phases      ] GC(90) Scavenge 49.085ms
[35.840s][debug][gc,ref         ] GC(90) Skipped phase 1 of Reference Processing: no references
[35.840s][debug][gc,ref         ] GC(90) Skipped phase 2 of Reference Processing: no references
[35.840s][debug][gc,ref         ] GC(90) Skipped phase 3 of Reference Processing: no references
[35.840s][debug][gc,ref         ] GC(90) Skipped phase 4 of Reference Processing: no references
[35.840s][debug][gc,phases      ] GC(90) Reference Processing 0.025ms
[35.841s][debug][gc,phases      ] GC(90)   VM Weak                        Min:  0.0, Avg:  0.0, Max:  0.0, Diff:  0.0, Sum:  0.0, Workers: 4
[35.841s][debug][gc,phases      ] GC(90)     Dead                           Min: 0, Avg:  0.0, Max: 0, Diff: 0, Sum: 0, Workers: 4
[35.841s][debug][gc,phases      ] GC(90)     Total                          Min: 0, Avg: 130.8, Max: 395, Diff: 395, Sum: 523, Workers: 4
[35.841s][debug][gc,phases      ] GC(90)   ObjectSynchronizer Weak        Min:  0.0, Avg:  0.0, Max:  0.0, Diff:  0.0, Sum:  0.0, Workers: 4
[35.841s][debug][gc,phases      ] GC(90)     Dead                           Min: 0, Avg:  0.0, Max: 0, Diff: 0, Sum: 0, Workers: 4
[35.841s][debug][gc,phases      ] GC(90)     Total                          Min: 0, Avg: 98.0, Max: 192, Diff: 192, Sum: 392, Workers: 4
[35.841s][debug][gc,phases      ] GC(90)   JVMTI Tag Weak OopStorage      Min:  0.0, Avg:  0.0, Max:  0.0, Diff:  0.0, Sum:  0.0, Workers: 4
[35.841s][debug][gc,phases      ] GC(90)     Dead                           Min: 0, Avg:  0.0, Max: 0, Diff: 0, Sum: 0, Workers: 4
[35.841s][debug][gc,phases      ] GC(90)     Total                          Min: 0, Avg:  0.0, Max: 0, Diff: 0, Sum: 0, Workers: 4
[35.841s][debug][gc,phases      ] GC(90)   StringTable Weak               Min:  0.1, Avg:  0.1, Max:  0.1, Diff:  0.0, Sum:  0.4, Workers: 4
[35.841s][debug][gc,phases      ] GC(90)     Dead                           Min: 0, Avg:  2.8, Max: 11, Diff: 11, Sum: 11, Workers: 4
[35.841s][debug][gc,phases      ] GC(90)     Total                          Min: 10240, Avg: 10648.0, Max: 10880, Diff: 640, Sum: 42592, Workers: 4
[35.841s][debug][gc,phases      ] GC(90)   ResolvedMethodTable Weak       Min:  0.0, Avg:  0.0, Max:  0.0, Diff:  0.0, Sum:  0.1, Workers: 4
[35.841s][debug][gc,phases      ] GC(90)     Dead                           Min: 0, Avg:  0.0, Max: 0, Diff: 0, Sum: 0, Workers: 4
[35.841s][debug][gc,phases      ] GC(90)     Total                          Min: 1728, Avg: 1774.2, Max: 1913, Diff: 185, Sum: 7097, Workers: 4
[35.841s][debug][gc,phases      ] GC(90)   JNI Weak                       Min:  0.0, Avg:  0.0, Max:  0.0, Diff:  0.0, Sum:  0.0, Workers: 4
[35.841s][debug][gc,phases      ] GC(90)     Dead                           Min: 0, Avg:  0.0, Max: 0, Diff: 0, Sum: 0, Workers: 4
[35.841s][debug][gc,phases      ] GC(90)     Total                          Min: 0, Avg:  0.0, Max: 0, Diff: 0, Sum: 0, Workers: 4
[35.841s][debug][gc,phases      ] GC(90)   StringDedup Table Weak         Min:  0.0, Avg:  0.0, Max:  0.0, Diff:  0.0, Sum:  0.0, Workers: 4
[35.841s][debug][gc,phases      ] GC(90)     Dead                           Min: 0, Avg:  0.0, Max: 0, Diff: 0, Sum: 0, Workers: 4
[35.841s][debug][gc,phases      ] GC(90)     Total                          Min: 0, Avg:  0.0, Max: 0, Diff: 0, Sum: 0, Workers: 4
[35.841s][debug][gc,phases      ] GC(90)   StringDedup Requests0 Weak     Min:  0.0, Avg:  0.0, Max:  0.0, Diff:  0.0, Sum:  0.0, Workers: 4
[35.841s][debug][gc,phases      ] GC(90)     Dead                           Min: 0, Avg:  0.0, Max: 0, Diff: 0, Sum: 0, Workers: 4
[35.841s][debug][gc,phases      ] GC(90)     Total                          Min: 0, Avg:  0.0, Max: 0, Diff: 0, Sum: 0, Workers: 4
[35.841s][debug][gc,phases      ] GC(90)   StringDedup Requests1 Weak     Min:  0.0, Avg:  0.0, Max:  0.0, Diff:  0.0, Sum:  0.0, Workers: 4
[35.841s][debug][gc,phases      ] GC(90)     Dead                           Min: 0, Avg:  0.0, Max: 0, Diff: 0, Sum: 0, Workers: 4
[35.841s][debug][gc,phases      ] GC(90)     Total                          Min: 0, Avg:  0.0, Max: 0, Diff: 0, Sum: 0, Workers: 4
[35.841s][debug][gc,phases      ] GC(90)   Weak JFR Old Object Samples    Min:  0.0, Avg:  0.0, Max:  0.0, Diff:  0.0, Sum:  0.0, Workers: 4
[35.841s][debug][gc,phases      ] GC(90)     Dead                           Min: 0, Avg:  0.0, Max: 0, Diff: 0, Sum: 0, Workers: 4
[35.841s][debug][gc,phases      ] GC(90)     Total                          Min: 0, Avg:  0.0, Max: 0, Diff: 0, Sum: 0, Workers: 4
[35.841s][debug][gc,phases      ] GC(90) Weak Processing 0.315ms
[35.841s][debug][gc,age         ] GC(90) Desired survivor size 244842496 bytes, new threshold 15 (max threshold 15)
[35.841s][info ][gc,heap        ] GC(90) PSYoungGen: 1829968K(1830400K)->176992K(1846784K) Eden: 1661952K(1661952K)->0K(1618944K) From: 168016K(168448K)->176992K(227840K)
[35.841s][info ][gc,heap        ] GC(90) ParOldGen: 594919K(667648K)->598895K(667648K)
[35.841s][info ][gc,metaspace   ] GC(90) Metaspace: 68134K(68800K)->68134K(68800K) NonClass: 58275K(58624K)->58275K(58624K) Class: 9858K(10176K)->9858K(10176K)
[35.841s][info ][gc             ] GC(90) Pause Young (Allocation Failure) 2368M->757M(2455M) 49.563ms
[35.841s][info ][gc,cpu         ] GC(90) User=0.20s Sys=0.00s Real=0.04s
[35.841s][info ][safepoint      ] Safepoint "ParallelGCFailedAllocation", Time since last: 288906921 ns, Reaching safepoint: 128202 ns, At safepoint: 49673484 ns, Total: 49801686 ns
[36.127s][info ][gc,start       ] GC(91) Pause Young (Allocation Failure)
[36.181s][debug][gc,phases      ] GC(91) Scavenge 53.042ms
[36.181s][debug][gc,ref         ] GC(91) Skipped phase 1 of Reference Processing: no references
[36.181s][debug][gc,ref         ] GC(91) Skipped phase 2 of Reference Processing: no references
[36.181s][debug][gc,ref         ] GC(91) Skipped phase 3 of Reference Processing: no references
[36.181s][debug][gc,ref         ] GC(91) Skipped phase 4 of Reference Processing: no references
[36.181s][debug][gc,phases      ] GC(91) Reference Processing 0.026ms
[36.181s][debug][gc,phases      ] GC(91)   VM Weak                        Min:  0.0, Avg:  0.0, Max:  0.0, Diff:  0.0, Sum:  0.0, Workers: 4
[36.181s][debug][gc,phases      ] GC(91)     Dead                           Min: 0, Avg:  0.0, Max: 0, Diff: 0, Sum: 0, Workers: 4
[36.181s][debug][gc,phases      ] GC(91)     Total                          Min: 0, Avg: 130.8, Max: 523, Diff: 523, Sum: 523, Workers: 4
[36.181s][debug][gc,phases      ] GC(91)   ObjectSynchronizer Weak        Min:  0.0, Avg:  0.0, Max:  0.0, Diff:  0.0, Sum:  0.0, Workers: 4
[36.181s][debug][gc,phases      ] GC(91)     Dead                           Min: 0, Avg:  0.0, Max: 0, Diff: 0, Sum: 0, Workers: 4
[36.181s][debug][gc,phases      ] GC(91)     Total                          Min: 0, Avg: 98.0, Max: 392, Diff: 392, Sum: 392, Workers: 4
[36.181s][debug][gc,phases      ] GC(91)   JVMTI Tag Weak OopStorage      Min:  0.0, Avg:  0.0, Max:  0.0, Diff:  0.0, Sum:  0.0, Workers: 4
[36.181s][debug][gc,phases      ] GC(91)     Dead                           Min: 0, Avg:  0.0, Max: 0, Diff: 0, Sum: 0, Workers: 4
[36.181s][debug][gc,phases      ] GC(91)     Total                          Min: 0, Avg:  0.0, Max: 0, Diff: 0, Sum: 0, Workers: 4
[36.181s][debug][gc,phases      ] GC(91)   StringTable Weak               Min:  0.1, Avg:  0.1, Max:  0.1, Diff:  0.0, Sum:  0.4, Workers: 4
[36.181s][debug][gc,phases      ] GC(91)     Dead                           Min: 0, Avg:  0.0, Max: 0, Diff: 0, Sum: 0, Workers: 4
[36.181s][debug][gc,phases      ] GC(91)     Total                          Min: 9398, Avg: 10648.0, Max: 11392, Diff: 1994, Sum: 42592, Workers: 4
[36.181s][debug][gc,phases      ] GC(91)   ResolvedMethodTable Weak       Min:  0.0, Avg:  0.0, Max:  0.0, Diff:  0.0, Sum:  0.1, Workers: 4
[36.181s][debug][gc,phases      ] GC(91)     Dead                           Min: 0, Avg:  0.0, Max: 0, Diff: 0, Sum: 0, Workers: 4
[36.181s][debug][gc,phases      ] GC(91)     Total                          Min: 1600, Avg: 1774.2, Max: 1984, Diff: 384, Sum: 7097, Workers: 4
[36.181s][debug][gc,phases      ] GC(91)   JNI Weak                       Min:  0.0, Avg:  0.0, Max:  0.0, Diff:  0.0, Sum:  0.0, Workers: 4
[36.181s][debug][gc,phases      ] GC(91)     Dead                           Min: 0, Avg:  0.0, Max: 0, Diff: 0, Sum: 0, Workers: 4
[36.181s][debug][gc,phases      ] GC(91)     Total                          Min: 0, Avg:  0.0, Max: 0, Diff: 0, Sum: 0, Workers: 4
[36.181s][debug][gc,phases      ] GC(91)   StringDedup Table Weak         Min:  0.0, Avg:  0.0, Max:  0.0, Diff:  0.0, Sum:  0.0, Workers: 4
[36.181s][debug][gc,phases      ] GC(91)     Dead                           Min: 0, Avg:  0.0, Max: 0, Diff: 0, Sum: 0, Workers: 4
[36.181s][debug][gc,phases      ] GC(91)     Total                          Min: 0, Avg:  0.0, Max: 0, Diff: 0, Sum: 0, Workers: 4
[36.181s][debug][gc,phases      ] GC(91)   StringDedup Requests0 Weak     Min:  0.0, Avg:  0.0, Max:  0.0, Diff:  0.0, Sum:  0.0, Workers: 4
[36.181s][debug][gc,phases      ] GC(91)     Dead                           Min: 0, Avg:  0.0, Max: 0, Diff: 0, Sum: 0, Workers: 4
[36.181s][debug][gc,phases      ] GC(91)     Total                          Min: 0, Avg:  0.0, Max: 0, Diff: 0, Sum: 0, Workers: 4
[36.181s][debug][gc,phases      ] GC(91)   StringDedup Requests1 Weak     Min:  0.0, Avg:  0.0, Max:  0.0, Diff:  0.0, Sum:  0.0, Workers: 4
[36.181s][debug][gc,phases      ] GC(91)     Dead                           Min: 0, Avg:  0.0, Max: 0, Diff: 0, Sum: 0, Workers: 4
[36.181s][debug][gc,phases      ] GC(91)     Total                          Min: 0, Avg:  0.0, Max: 0, Diff: 0, Sum: 0, Workers: 4
[36.181s][debug][gc,phases      ] GC(91)   Weak JFR Old Object Samples    Min:  0.0, Avg:  0.0, Max:  0.0, Diff:  0.0, Sum:  0.0, Workers: 4
[36.181s][debug][gc,phases      ] GC(91)     Dead                           Min: 0, Avg:  0.0, Max: 0, Diff: 0, Sum: 0, Workers: 4
[36.181s][debug][gc,phases      ] GC(91)     Total                          Min: 0, Avg:  0.0, Max: 0, Diff: 0, Sum: 0, Workers: 4
[36.181s][debug][gc,phases      ] GC(91) Weak Processing 0.322ms
[36.181s][debug][gc,age         ] GC(91) Desired survivor size 253231104 bytes, new threshold 15 (max threshold 15)
[36.181s][info ][gc,heap        ] GC(91) PSYoungGen: 1795936K(1846784K)->176128K(1795584K) Eden: 1618944K(1618944K)->0K(1618944K) From: 176992K(227840K)->176128K(176640K)
[36.181s][info ][gc,heap        ] GC(91) ParOldGen: 598895K(667648K)->603687K(667648K)
[36.181s][info ][gc,metaspace   ] GC(91) Metaspace: 68134K(68800K)->68134K(68800K) NonClass: 58275K(58624K)->58275K(58624K) Class: 9858K(10176K)->9858K(10176K)
[36.181s][info ][gc             ] GC(91) Pause Young (Allocation Failure) 2338M->761M(2405M) 53.535ms
[36.181s][info ][gc,cpu         ] GC(91) User=0.21s Sys=0.00s Real=0.05s
[36.181s][info ][safepoint      ] Safepoint "ParallelGCFailedAllocation", Time since last: 286418171 ns, Reaching safepoint: 146303 ns, At safepoint: 53654962 ns, Total: 53801265 ns
[36.466s][info ][gc,start       ] GC(92) Pause Young (Allocation Failure)
[36.521s][debug][gc,phases      ] GC(92) Scavenge 55.137ms
[36.521s][debug][gc,ref         ] GC(92) Skipped phase 1 of Reference Processing: no references
[36.521s][debug][gc,ref         ] GC(92) Skipped phase 2 of Reference Processing: no references
[36.521s][debug][gc,ref         ] GC(92) Skipped phase 3 of Reference Processing: no references
[36.521s][debug][gc,ref         ] GC(92) Skipped phase 4 of Reference Processing: no references
[36.521s][debug][gc,phases      ] GC(92) Reference Processing 0.034ms
[36.521s][debug][gc,phases      ] GC(92)   VM Weak                        Min:  0.0, Avg:  0.0, Max:  0.0, Diff:  0.0, Sum:  0.0, Workers: 4
[36.521s][debug][gc,phases      ] GC(92)     Dead                           Min: 0, Avg:  0.0, Max: 0, Diff: 0, Sum: 0, Workers: 4
[36.521s][debug][gc,phases      ] GC(92)     Total                          Min: 0, Avg: 130.8, Max: 523, Diff: 523, Sum: 523, Workers: 4
[36.521s][debug][gc,phases      ] GC(92)   ObjectSynchronizer Weak        Min:  0.0, Avg:  0.0, Max:  0.0, Diff:  0.0, Sum:  0.0, Workers: 4
[36.521s][debug][gc,phases      ] GC(92)     Dead                           Min: 0, Avg:  0.0, Max: 0, Diff: 0, Sum: 0, Workers: 4
[36.521s][debug][gc,phases      ] GC(92)     Total                          Min: 0, Avg: 98.0, Max: 200, Diff: 200, Sum: 392, Workers: 4
[36.521s][debug][gc,phases      ] GC(92)   JVMTI Tag Weak OopStorage      Min:  0.0, Avg:  0.0, Max:  0.0, Diff:  0.0, Sum:  0.0, Workers: 4
[36.521s][debug][gc,phases      ] GC(92)     Dead                           Min: 0, Avg:  0.0, Max: 0, Diff: 0, Sum: 0, Workers: 4
[36.521s][debug][gc,phases      ] GC(92)     Total                          Min: 0, Avg:  0.0, Max: 0, Diff: 0, Sum: 0, Workers: 4
[36.521s][debug][gc,phases      ] GC(92)   StringTable Weak               Min:  0.0, Avg:  0.1, Max:  0.2, Diff:  0.2, Sum:  0.5, Workers: 4
[36.521s][debug][gc,phases      ] GC(92)     Dead                           Min: 0, Avg:  2.8, Max: 10, Diff: 10, Sum: 11, Workers: 4
[36.521s][debug][gc,phases      ] GC(92)     Total                          Min: 0, Avg: 10648.0, Max: 15296, Diff: 15296, Sum: 42592, Workers: 4
[36.521s][debug][gc,phases      ] GC(92)   ResolvedMethodTable Weak       Min:  0.0, Avg:  0.0, Max:  0.0, Diff:  0.0, Sum:  0.1, Workers: 4
[36.521s][debug][gc,phases      ] GC(92)     Dead                           Min: 0, Avg:  0.0, Max: 0, Diff: 0, Sum: 0, Workers: 4
[36.521s][debug][gc,phases      ] GC(92)     Total                          Min: 0, Avg: 1774.2, Max: 2496, Diff: 2496, Sum: 7097, Workers: 4
[36.521s][debug][gc,phases      ] GC(92)   JNI Weak                       Min:  0.0, Avg:  0.0, Max:  0.0, Diff:  0.0, Sum:  0.0, Workers: 4
[36.521s][debug][gc,phases      ] GC(92)     Dead                           Min: 0, Avg:  0.0, Max: 0, Diff: 0, Sum: 0, Workers: 4
[36.521s][debug][gc,phases      ] GC(92)     Total                          Min: 0, Avg:  0.0, Max: 0, Diff: 0, Sum: 0, Workers: 4
[36.521s][debug][gc,phases      ] GC(92)   StringDedup Table Weak         Min:  0.0, Avg:  0.0, Max:  0.0, Diff:  0.0, Sum:  0.0, Workers: 4
[36.521s][debug][gc,phases      ] GC(92)     Dead                           Min: 0, Avg:  0.0, Max: 0, Diff: 0, Sum: 0, Workers: 4
[36.521s][debug][gc,phases      ] GC(92)     Total                          Min: 0, Avg:  0.0, Max: 0, Diff: 0, Sum: 0, Workers: 4
[36.521s][debug][gc,phases      ] GC(92)   StringDedup Requests0 Weak     Min:  0.0, Avg:  0.0, Max:  0.0, Diff:  0.0, Sum:  0.0, Workers: 4
[36.521s][debug][gc,phases      ] GC(92)     Dead                           Min: 0, Avg:  0.0, Max: 0, Diff: 0, Sum: 0, Workers: 4
[36.521s][debug][gc,phases      ] GC(92)     Total                          Min: 0, Avg:  0.0, Max: 0, Diff: 0, Sum: 0, Workers: 4
[36.521s][debug][gc,phases      ] GC(92)   StringDedup Requests1 Weak     Min:  0.0, Avg:  0.0, Max:  0.0, Diff:  0.0, Sum:  0.0, Workers: 4
[36.521s][debug][gc,phases      ] GC(92)     Dead                           Min: 0, Avg:  0.0, Max: 0, Diff: 0, Sum: 0, Workers: 4
[36.521s][debug][gc,phases      ] GC(92)     Total                          Min: 0, Avg:  0.0, Max: 0, Diff: 0, Sum: 0, Workers: 4
[36.521s][debug][gc,phases      ] GC(92)   Weak JFR Old Object Samples    Min:  0.0, Avg:  0.0, Max:  0.0, Diff:  0.0, Sum:  0.0, Workers: 4
[36.521s][debug][gc,phases      ] GC(92)     Dead                           Min: 0, Avg:  0.0, Max: 0, Diff: 0, Sum: 0, Workers: 4
[36.521s][debug][gc,phases      ] GC(92)     Total                          Min: 0, Avg:  0.0, Max: 0, Diff: 0, Sum: 0, Workers: 4
[36.521s][debug][gc,phases      ] GC(92) Weak Processing 0.403ms
[36.521s][debug][gc,age         ] GC(92) Desired survivor size 258998272 bytes, new threshold 15 (max threshold 15)
[36.521s][info ][gc,heap        ] GC(92) PSYoungGen: 1795072K(1795584K)->176753K(1838592K) Eden: 1618944K(1618944K)->0K(1591296K) From: 176128K(176640K)->176753K(247296K)
[36.521s][info ][gc,heap        ] GC(92) ParOldGen: 603687K(667648K)->627343K(667648K)
[36.521s][info ][gc,metaspace   ] GC(92) Metaspace: 68135K(68800K)->68135K(68800K) NonClass: 58276K(58624K)->58276K(58624K) Class: 9858K(10176K)->9858K(10176K)
[36.521s][info ][gc             ] GC(92) Pause Young (Allocation Failure) 2342M->785M(2447M) 55.752ms
[36.521s][info ][gc,cpu         ] GC(92) User=0.22s Sys=0.00s Real=0.05s
[36.521s][info ][safepoint      ] Safepoint "ParallelGCFailedAllocation", Time since last: 284303630 ns, Reaching safepoint: 147703 ns, At safepoint: 55871506 ns, Total: 56019209 ns
[36.789s][info ][gc,start       ] GC(93) Pause Young (Allocation Failure)
[36.836s][debug][gc,phases      ] GC(93) Scavenge 47.560ms
[36.836s][debug][gc,ref         ] GC(93) Skipped phase 1 of Reference Processing: no references
[36.836s][debug][gc,ref         ] GC(93) Skipped phase 2 of Reference Processing: no references
[36.836s][debug][gc,ref         ] GC(93) Skipped phase 3 of Reference Processing: no references
[36.836s][debug][gc,ref         ] GC(93) Skipped phase 4 of Reference Processing: no references
[36.836s][debug][gc,phases      ] GC(93) Reference Processing 0.040ms
[36.837s][debug][gc,phases      ] GC(93)   VM Weak                        Min:  0.0, Avg:  0.0, Max:  0.0, Diff:  0.0, Sum:  0.0, Workers: 4
[36.837s][debug][gc,phases      ] GC(93)     Dead                           Min: 0, Avg:  0.0, Max: 0, Diff: 0, Sum: 0, Workers: 4
[36.837s][debug][gc,phases      ] GC(93)     Total                          Min: 0, Avg: 130.8, Max: 395, Diff: 395, Sum: 523, Workers: 4
[36.837s][debug][gc,phases      ] GC(93)   ObjectSynchronizer Weak        Min:  0.0, Avg:  0.0, Max:  0.0, Diff:  0.0, Sum:  0.0, Workers: 4
[36.837s][debug][gc,phases      ] GC(93)     Dead                           Min: 0, Avg:  0.0, Max: 0, Diff: 0, Sum: 0, Workers: 4
[36.837s][debug][gc,phases      ] GC(93)     Total                          Min: 0, Avg: 98.0, Max: 200, Diff: 200, Sum: 392, Workers: 4
[36.837s][debug][gc,phases      ] GC(93)   JVMTI Tag Weak OopStorage      Min:  0.0, Avg:  0.0, Max:  0.0, Diff:  0.0, Sum:  0.0, Workers: 4
[36.837s][debug][gc,phases      ] GC(93)     Dead                           Min: 0, Avg:  0.0, Max: 0, Diff: 0, Sum: 0, Workers: 4
[36.837s][debug][gc,phases      ] GC(93)     Total                          Min: 0, Avg:  0.0, Max: 0, Diff: 0, Sum: 0, Workers: 4
[36.837s][debug][gc,phases      ] GC(93)   StringTable Weak               Min:  0.1, Avg:  0.1, Max:  0.1, Diff:  0.0, Sum:  0.4, Workers: 4
[36.837s][debug][gc,phases      ] GC(93)     Dead                           Min: 0, Avg:  2.8, Max: 11, Diff: 11, Sum: 11, Workers: 4
[36.837s][debug][gc,phases      ] GC(93)     Total                          Min: 8874, Avg: 10648.0, Max: 12150, Diff: 3276, Sum: 42592, Workers: 4
[36.837s][debug][gc,phases      ] GC(93)   ResolvedMethodTable Weak       Min:  0.0, Avg:  0.0, Max:  0.0, Diff:  0.0, Sum:  0.1, Workers: 4
[36.837s][debug][gc,phases      ] GC(93)     Dead                           Min: 0, Avg:  0.0, Max: 0, Diff: 0, Sum: 0, Workers: 4
[36.837s][debug][gc,phases      ] GC(93)     Total                          Min: 640, Avg: 1774.2, Max: 2368, Diff: 1728, Sum: 7097, Workers: 4
[36.837s][debug][gc,phases      ] GC(93)   JNI Weak                       Min:  0.0, Avg:  0.0, Max:  0.0, Diff:  0.0, Sum:  0.0, Workers: 4
[36.837s][debug][gc,phases      ] GC(93)     Dead                           Min: 0, Avg:  0.0, Max: 0, Diff: 0, Sum: 0, Workers: 4
[36.837s][debug][gc,phases      ] GC(93)     Total                          Min: 0, Avg:  0.0, Max: 0, Diff: 0, Sum: 0, Workers: 4
[36.837s][debug][gc,phases      ] GC(93)   StringDedup Table Weak         Min:  0.0, Avg:  0.0, Max:  0.0, Diff:  0.0, Sum:  0.0, Workers: 4
[36.837s][debug][gc,phases      ] GC(93)     Dead                           Min: 0, Avg:  0.0, Max: 0, Diff: 0, Sum: 0, Workers: 4
[36.837s][debug][gc,phases      ] GC(93)     Total                          Min: 0, Avg:  0.0, Max: 0, Diff: 0, Sum: 0, Workers: 4
[36.837s][debug][gc,phases      ] GC(93)   StringDedup Requests0 Weak     Min:  0.0, Avg:  0.0, Max:  0.0, Diff:  0.0, Sum:  0.0, Workers: 4
[36.837s][debug][gc,phases      ] GC(93)     Dead                           Min: 0, Avg:  0.0, Max: 0, Diff: 0, Sum: 0, Workers: 4
[36.837s][debug][gc,phases      ] GC(93)     Total                          Min: 0, Avg:  0.0, Max: 0, Diff: 0, Sum: 0, Workers: 4
[36.837s][debug][gc,phases      ] GC(93)   StringDedup Requests1 Weak     Min:  0.0, Avg:  0.0, Max:  0.0, Diff:  0.0, Sum:  0.0, Workers: 4
[36.837s][debug][gc,phases      ] GC(93)     Dead                           Min: 0, Avg:  0.0, Max: 0, Diff: 0, Sum: 0, Workers: 4
[36.837s][debug][gc,phases      ] GC(93)     Total                          Min: 0, Avg:  0.0, Max: 0, Diff: 0, Sum: 0, Workers: 4
[36.837s][debug][gc,phases      ] GC(93)   Weak JFR Old Object Samples    Min:  0.0, Avg:  0.0, Max:  0.0, Diff:  0.0, Sum:  0.0, Workers: 4
[36.837s][debug][gc,phases      ] GC(93)     Dead                           Min: 0, Avg:  0.0, Max: 0, Diff: 0, Sum: 0, Workers: 4
[36.837s][debug][gc,phases      ] GC(93)     Total                          Min: 0, Avg:  0.0, Max: 0, Diff: 0, Sum: 0, Workers: 4
[36.837s][debug][gc,phases      ] GC(93) Weak Processing 0.400ms
[36.837s][debug][gc,age         ] GC(93) Desired survivor size 263716864 bytes, new threshold 15 (max threshold 15)
[36.837s][info ][gc,heap        ] GC(93) PSYoungGen: 1768049K(1838592K)->177600K(1768960K) Eden: 1591296K(1591296K)->0K(1591296K) From: 176753K(247296K)->177600K(177664K)
[36.837s][info ][gc,heap        ] GC(93) ParOldGen: 627343K(667648K)->631439K(667648K)
[36.837s][info ][gc,metaspace   ] GC(93) Metaspace: 68135K(68800K)->68135K(68800K) NonClass: 58276K(58624K)->58276K(58624K) Class: 9858K(10176K)->9858K(10176K)
[36.837s][info ][gc             ] GC(93) Pause Young (Allocation Failure) 2339M->790M(2379M) 48.168ms
[36.837s][info ][gc,cpu         ] GC(93) User=0.19s Sys=0.00s Real=0.05s
[36.837s][info ][safepoint      ] Safepoint "ParallelGCFailedAllocation", Time since last: 267214391 ns, Reaching safepoint: 107402 ns, At safepoint: 48290556 ns, Total: 48397958 ns
[37.118s][info ][gc,start       ] GC(94) Pause Young (Allocation Failure)
[37.178s][debug][gc,phases      ] GC(94) Scavenge 59.388ms
[37.178s][debug][gc,ref         ] GC(94) Skipped phase 1 of Reference Processing: no references
[37.178s][debug][gc,ref         ] GC(94) Skipped phase 2 of Reference Processing: no references
[37.178s][debug][gc,ref         ] GC(94) Skipped phase 3 of Reference Processing: no references
[37.178s][debug][gc,ref         ] GC(94) Skipped phase 4 of Reference Processing: no references
[37.178s][debug][gc,phases      ] GC(94) Reference Processing 0.026ms
[37.178s][debug][gc,phases      ] GC(94)   VM Weak                        Min:  0.0, Avg:  0.0, Max:  0.0, Diff:  0.0, Sum:  0.0, Workers: 4
[37.178s][debug][gc,phases      ] GC(94)     Dead                           Min: 0, Avg:  0.0, Max: 0, Diff: 0, Sum: 0, Workers: 4
[37.178s][debug][gc,phases      ] GC(94)     Total                          Min: 0, Avg: 130.8, Max: 523, Diff: 523, Sum: 523, Workers: 4
[37.178s][debug][gc,phases      ] GC(94)   ObjectSynchronizer Weak        Min:  0.0, Avg:  0.0, Max:  0.0, Diff:  0.0, Sum:  0.0, Workers: 4
[37.178s][debug][gc,phases      ] GC(94)     Dead                           Min: 0, Avg:  0.0, Max: 0, Diff: 0, Sum: 0, Workers: 4
[37.178s][debug][gc,phases      ] GC(94)     Total                          Min: 0, Avg: 98.0, Max: 320, Diff: 320, Sum: 392, Workers: 4
[37.178s][debug][gc,phases      ] GC(94)   JVMTI Tag Weak OopStorage      Min:  0.0, Avg:  0.0, Max:  0.0, Diff:  0.0, Sum:  0.0, Workers: 4
[37.178s][debug][gc,phases      ] GC(94)     Dead                           Min: 0, Avg:  0.0, Max: 0, Diff: 0, Sum: 0, Workers: 4
[37.178s][debug][gc,phases      ] GC(94)     Total                          Min: 0, Avg:  0.0, Max: 0, Diff: 0, Sum: 0, Workers: 4
[37.178s][debug][gc,phases      ] GC(94)   StringTable Weak               Min:  0.1, Avg:  0.1, Max:  0.1, Diff:  0.0, Sum:  0.4, Workers: 4
[37.178s][debug][gc,phases      ] GC(94)     Dead                           Min: 0, Avg:  0.0, Max: 0, Diff: 0, Sum: 0, Workers: 4
[37.178s][debug][gc,phases      ] GC(94)     Total                          Min: 10026, Avg: 10648.0, Max: 11008, Diff: 982, Sum: 42592, Workers: 4
[37.178s][debug][gc,phases      ] GC(94)   ResolvedMethodTable Weak       Min:  0.0, Avg:  0.0, Max:  0.0, Diff:  0.0, Sum:  0.1, Workers: 4
[37.178s][debug][gc,phases      ] GC(94)     Dead                           Min: 0, Avg:  0.0, Max: 0, Diff: 0, Sum: 0, Workers: 4
[37.178s][debug][gc,phases      ] GC(94)     Total                          Min: 1536, Avg: 1774.2, Max: 1984, Diff: 448, Sum: 7097, Workers: 4
[37.178s][debug][gc,phases      ] GC(94)   JNI Weak                       Min:  0.0, Avg:  0.0, Max:  0.0, Diff:  0.0, Sum:  0.0, Workers: 4
[37.178s][debug][gc,phases      ] GC(94)     Dead                           Min: 0, Avg:  0.0, Max: 0, Diff: 0, Sum: 0, Workers: 4
[37.178s][debug][gc,phases      ] GC(94)     Total                          Min: 0, Avg:  0.0, Max: 0, Diff: 0, Sum: 0, Workers: 4
[37.178s][debug][gc,phases      ] GC(94)   StringDedup Table Weak         Min:  0.0, Avg:  0.0, Max:  0.0, Diff:  0.0, Sum:  0.0, Workers: 4
[37.178s][debug][gc,phases      ] GC(94)     Dead                           Min: 0, Avg:  0.0, Max: 0, Diff: 0, Sum: 0, Workers: 4
[37.178s][debug][gc,phases      ] GC(94)     Total                          Min: 0, Avg:  0.0, Max: 0, Diff: 0, Sum: 0, Workers: 4
[37.178s][debug][gc,phases      ] GC(94)   StringDedup Requests0 Weak     Min:  0.0, Avg:  0.0, Max:  0.0, Diff:  0.0, Sum:  0.0, Workers: 4
[37.178s][debug][gc,phases      ] GC(94)     Dead                           Min: 0, Avg:  0.0, Max: 0, Diff: 0, Sum: 0, Workers: 4
[37.178s][debug][gc,phases      ] GC(94)     Total                          Min: 0, Avg:  0.0, Max: 0, Diff: 0, Sum: 0, Workers: 4
[37.178s][debug][gc,phases      ] GC(94)   StringDedup Requests1 Weak     Min:  0.0, Avg:  0.0, Max:  0.0, Diff:  0.0, Sum:  0.0, Workers: 4
[37.178s][debug][gc,phases      ] GC(94)     Dead                           Min: 0, Avg:  0.0, Max: 0, Diff: 0, Sum: 0, Workers: 4
[37.178s][debug][gc,phases      ] GC(94)     Total                          Min: 0, Avg:  0.0, Max: 0, Diff: 0, Sum: 0, Workers: 4
[37.178s][debug][gc,phases      ] GC(94)   Weak JFR Old Object Samples    Min:  0.0, Avg:  0.0, Max:  0.0, Diff:  0.0, Sum:  0.0, Workers: 4
[37.178s][debug][gc,phases      ] GC(94)     Dead                           Min: 0, Avg:  0.0, Max: 0, Diff: 0, Sum: 0, Workers: 4
[37.178s][debug][gc,phases      ] GC(94)     Total                          Min: 0, Avg:  0.0, Max: 0, Diff: 0, Sum: 0, Workers: 4
[37.178s][debug][gc,phases      ] GC(94) Weak Processing 0.327ms
[37.178s][debug][gc,age         ] GC(94) Desired survivor size 268959744 bytes, new threshold 15 (max threshold 15)
[37.178s][info ][gc,heap        ] GC(94) PSYoungGen: 1768896K(1768960K)->183232K(1829376K) Eden: 1591296K(1591296K)->0K(1571840K) From: 177600K(177664K)->183232K(257536K)
[37.178s][info ][gc,heap        ] GC(94) ParOldGen: 631439K(667648K)->640807K(667648K)
[37.178s][info ][gc,metaspace   ] GC(94) Metaspace: 68136K(68800K)->68136K(68800K) NonClass: 58277K(58624K)->58277K(58624K) Class: 9858K(10176K)->9858K(10176K)
[37.178s][info ][gc             ] GC(94) Pause Young (Allocation Failure) 2344M->804M(2438M) 59.903ms
[37.178s][info ][gc,cpu         ] GC(94) User=0.23s Sys=0.01s Real=0.06s
[37.178s][debug][gc,phases      ] GC(95) Pre Compact 0.010ms
[37.178s][info ][gc,start       ] GC(95) Pause Full (Ergonomics)
[37.178s][info ][gc,phases,start] GC(95) Marking Phase
[37.348s][debug][gc,phases      ] GC(95) Par Mark 169.862ms
[37.348s][debug][gc,ref         ] GC(95) Skipped phase 1 of Reference Processing: no references
[37.348s][debug][gc,ref         ] GC(95) ReferenceProcessor::execute queues: 4, RefProcThreadModel::Multi, marks_oops_alive: false
[37.348s][debug][gc,ref         ] GC(95) Skipped phase 3 of Reference Processing: no references
[37.348s][debug][gc,ref         ] GC(95) ReferenceProcessor::execute queues: 1, RefProcThreadModel::Single, marks_oops_alive: false
[37.348s][debug][gc,phases      ] GC(95) Reference Processing 0.356ms
[37.349s][debug][gc,phases      ] GC(95)   VM Weak                        Min:  0.0, Avg:  0.0, Max:  0.0, Diff:  0.0, Sum:  0.0, Workers: 4
[37.349s][debug][gc,phases      ] GC(95)     Dead                           Min: 0, Avg:  0.0, Max: 0, Diff: 0, Sum: 0, Workers: 4
[37.349s][debug][gc,phases      ] GC(95)     Total                          Min: 0, Avg: 130.8, Max: 320, Diff: 320, Sum: 523, Workers: 4
[37.349s][debug][gc,phases      ] GC(95)   ObjectSynchronizer Weak        Min:  0.0, Avg:  0.0, Max:  0.0, Diff:  0.0, Sum:  0.0, Workers: 4
[37.349s][debug][gc,phases      ] GC(95)     Dead                           Min: 0, Avg:  0.0, Max: 0, Diff: 0, Sum: 0, Workers: 4
[37.349s][debug][gc,phases      ] GC(95)     Total                          Min: 0, Avg: 98.0, Max: 136, Diff: 136, Sum: 392, Workers: 4
[37.349s][debug][gc,phases      ] GC(95)   JVMTI Tag Weak OopStorage      Min:  0.0, Avg:  0.0, Max:  0.0, Diff:  0.0, Sum:  0.0, Workers: 4
[37.349s][debug][gc,phases      ] GC(95)     Dead                           Min: 0, Avg:  0.0, Max: 0, Diff: 0, Sum: 0, Workers: 4
[37.349s][debug][gc,phases      ] GC(95)     Total                          Min: 0, Avg:  0.0, Max: 0, Diff: 0, Sum: 0, Workers: 4
[37.349s][debug][gc,phases      ] GC(95)   StringTable Weak               Min:  0.1, Avg:  0.1, Max:  0.1, Diff:  0.0, Sum:  0.5, Workers: 4
[37.349s][debug][gc,phases      ] GC(95)     Dead                           Min: 0, Avg:  0.0, Max: 0, Diff: 0, Sum: 0, Workers: 4
[37.349s][debug][gc,phases      ] GC(95)     Total                          Min: 10294, Avg: 10648.0, Max: 11008, Diff: 714, Sum: 42592, Workers: 4
[37.349s][debug][gc,phases      ] GC(95)   ResolvedMethodTable Weak       Min:  0.0, Avg:  0.0, Max:  0.0, Diff:  0.0, Sum:  0.1, Workers: 4
[37.349s][debug][gc,phases      ] GC(95)     Dead                           Min: 0, Avg:  0.0, Max: 0, Diff: 0, Sum: 0, Workers: 4
[37.349s][debug][gc,phases      ] GC(95)     Total                          Min: 1728, Avg: 1774.2, Max: 1849, Diff: 121, Sum: 7097, Workers: 4
[37.349s][debug][gc,phases      ] GC(95)   JNI Weak                       Min:  0.0, Avg:  0.0, Max:  0.0, Diff:  0.0, Sum:  0.0, Workers: 4
[37.349s][debug][gc,phases      ] GC(95)     Dead                           Min: 0, Avg:  0.0, Max: 0, Diff: 0, Sum: 0, Workers: 4
[37.349s][debug][gc,phases      ] GC(95)     Total                          Min: 0, Avg:  0.0, Max: 0, Diff: 0, Sum: 0, Workers: 4
[37.349s][debug][gc,phases      ] GC(95)   StringDedup Table Weak         Min:  0.0, Avg:  0.0, Max:  0.0, Diff:  0.0, Sum:  0.0, Workers: 4
[37.349s][debug][gc,phases      ] GC(95)     Dead                           Min: 0, Avg:  0.0, Max: 0, Diff: 0, Sum: 0, Workers: 4
[37.349s][debug][gc,phases      ] GC(95)     Total                          Min: 0, Avg:  0.0, Max: 0, Diff: 0, Sum: 0, Workers: 4
[37.349s][debug][gc,phases      ] GC(95)   StringDedup Requests0 Weak     Min:  0.0, Avg:  0.0, Max:  0.0, Diff:  0.0, Sum:  0.0, Workers: 4
[37.349s][debug][gc,phases      ] GC(95)     Dead                           Min: 0, Avg:  0.0, Max: 0, Diff: 0, Sum: 0, Workers: 4
[37.349s][debug][gc,phases      ] GC(95)     Total                          Min: 0, Avg:  0.0, Max: 0, Diff: 0, Sum: 0, Workers: 4
[37.349s][debug][gc,phases      ] GC(95)   StringDedup Requests1 Weak     Min:  0.0, Avg:  0.0, Max:  0.0, Diff:  0.0, Sum:  0.0, Workers: 4
[37.349s][debug][gc,phases      ] GC(95)     Dead                           Min: 0, Avg:  0.0, Max: 0, Diff: 0, Sum: 0, Workers: 4
[37.349s][debug][gc,phases      ] GC(95)     Total                          Min: 0, Avg:  0.0, Max: 0, Diff: 0, Sum: 0, Workers: 4
[37.349s][debug][gc,phases      ] GC(95)   Weak JFR Old Object Samples    Min:  0.0, Avg:  0.0, Max:  0.0, Diff:  0.0, Sum:  0.0, Workers: 4
[37.349s][debug][gc,phases      ] GC(95)     Dead                           Min: 0, Avg:  0.0, Max: 0, Diff: 0, Sum: 0, Workers: 4
[37.349s][debug][gc,phases      ] GC(95)     Total                          Min: 0, Avg:  0.0, Max: 0, Diff: 0, Sum: 0, Workers: 4
[37.349s][debug][gc,phases      ] GC(95) Weak Processing 0.352ms
[37.349s][debug][gc,phases      ] GC(95) ClassLoaderData 0.071ms
[37.349s][debug][gc,phases      ] GC(95) Trigger cleanups 0.000ms
[37.358s][debug][gc,phases      ] GC(95) Class Unloading 9.418ms
[37.358s][info ][gc,phases      ] GC(95) Marking Phase 180.160ms
[37.358s][info ][gc,phases,start] GC(95) Summary Phase
[37.358s][info ][gc,phases      ] GC(95) Summary Phase 0.025ms
[37.358s][info ][gc,phases,start] GC(95) Adjust Roots
[37.365s][info ][gc,phases      ] GC(95) Adjust Roots 7.083ms
[37.365s][info ][gc,phases,start] GC(95) Compaction Phase
[37.682s][info ][gc,phases      ] GC(95) Compaction Phase 316.759ms
[37.682s][info ][gc,phases,start] GC(95) Post Compact
[37.684s][info ][gc,phases      ] GC(95) Post Compact 2.212ms
[37.685s][info ][gc,heap        ] GC(95) PSYoungGen: 183232K(1829376K)->0K(1834496K) Eden: 0K(1571840K)->0K(1571840K) From: 183232K(257536K)->0K(262656K)
[37.685s][info ][gc,heap        ] GC(95) ParOldGen: 640807K(667648K)->527241K(629760K)
[37.685s][info ][gc,metaspace   ] GC(95) Metaspace: 68136K(68800K)->68136K(68800K) NonClass: 58277K(58624K)->58277K(58624K) Class: 9858K(10176K)->9858K(10176K)
[37.685s][info ][gc             ] GC(95) Pause Full (Ergonomics) 804M->514M(2406M) 506.605ms
[37.685s][info ][gc,cpu         ] GC(95) User=1.96s Sys=0.01s Real=0.51s
[37.685s][info ][safepoint      ] Safepoint "ParallelGCFailedAllocation", Time since last: 280864062 ns, Reaching safepoint: 149602 ns, At safepoint: 566719822 ns, Total: 566869424 ns
[37.959s][info ][gc,start       ] GC(96) Pause Young (Allocation Failure)
[37.964s][debug][gc,phases      ] GC(96) Scavenge 4.555ms
[37.964s][debug][gc,ref         ] GC(96) Skipped phase 1 of Reference Processing: no references
[37.964s][debug][gc,ref         ] GC(96) Skipped phase 2 of Reference Processing: no references
[37.964s][debug][gc,ref         ] GC(96) Skipped phase 3 of Reference Processing: no references
[37.964s][debug][gc,ref         ] GC(96) Skipped phase 4 of Reference Processing: no references
[37.964s][debug][gc,phases      ] GC(96) Reference Processing 0.026ms
[37.964s][debug][gc,phases      ] GC(96)   VM Weak                        Min:  0.0, Avg:  0.0, Max:  0.0, Diff:  0.0, Sum:  0.0, Workers: 4
[37.964s][debug][gc,phases      ] GC(96)     Dead                           Min: 0, Avg:  0.0, Max: 0, Diff: 0, Sum: 0, Workers: 4
[37.964s][debug][gc,phases      ] GC(96)     Total                          Min: 0, Avg: 130.8, Max: 459, Diff: 459, Sum: 523, Workers: 4
[37.964s][debug][gc,phases      ] GC(96)   ObjectSynchronizer Weak        Min:  0.0, Avg:  0.0, Max:  0.0, Diff:  0.0, Sum:  0.0, Workers: 4
[37.964s][debug][gc,phases      ] GC(96)     Dead                           Min: 0, Avg:  0.0, Max: 0, Diff: 0, Sum: 0, Workers: 4
[37.964s][debug][gc,phases      ] GC(96)     Total                          Min: 0, Avg: 98.0, Max: 200, Diff: 200, Sum: 392, Workers: 4
[37.964s][debug][gc,phases      ] GC(96)   JVMTI Tag Weak OopStorage      Min:  0.0, Avg:  0.0, Max:  0.0, Diff:  0.0, Sum:  0.0, Workers: 4
[37.964s][debug][gc,phases      ] GC(96)     Dead                           Min: 0, Avg:  0.0, Max: 0, Diff: 0, Sum: 0, Workers: 4
[37.964s][debug][gc,phases      ] GC(96)     Total                          Min: 0, Avg:  0.0, Max: 0, Diff: 0, Sum: 0, Workers: 4
[37.964s][debug][gc,phases      ] GC(96)   StringTable Weak               Min:  0.1, Avg:  0.1, Max:  0.1, Diff:  0.0, Sum:  0.4, Workers: 4
[37.964s][debug][gc,phases      ] GC(96)     Dead                           Min: 0, Avg:  2.8, Max: 10, Diff: 10, Sum: 11, Workers: 4
[37.964s][debug][gc,phases      ] GC(96)     Total                          Min: 8512, Avg: 10648.0, Max: 11968, Diff: 3456, Sum: 42592, Workers: 4
[37.964s][debug][gc,phases      ] GC(96)   ResolvedMethodTable Weak       Min:  0.0, Avg:  0.0, Max:  0.0, Diff:  0.0, Sum:  0.1, Workers: 4
[37.964s][debug][gc,phases      ] GC(96)     Dead                           Min: 0, Avg:  0.0, Max: 0, Diff: 0, Sum: 0, Workers: 4
[37.964s][debug][gc,phases      ] GC(96)     Total                          Min: 1529, Avg: 1774.2, Max: 2048, Diff: 519, Sum: 7097, Workers: 4
[37.964s][debug][gc,phases      ] GC(96)   JNI Weak                       Min:  0.0, Avg:  0.0, Max:  0.0, Diff:  0.0, Sum:  0.0, Workers: 4
[37.964s][debug][gc,phases      ] GC(96)     Dead                           Min: 0, Avg:  0.0, Max: 0, Diff: 0, Sum: 0, Workers: 4
[37.964s][debug][gc,phases      ] GC(96)     Total                          Min: 0, Avg:  0.0, Max: 0, Diff: 0, Sum: 0, Workers: 4
[37.964s][debug][gc,phases      ] GC(96)   StringDedup Table Weak         Min:  0.0, Avg:  0.0, Max:  0.0, Diff:  0.0, Sum:  0.0, Workers: 4
[37.964s][debug][gc,phases      ] GC(96)     Dead                           Min: 0, Avg:  0.0, Max: 0, Diff: 0, Sum: 0, Workers: 4
[37.964s][debug][gc,phases      ] GC(96)     Total                          Min: 0, Avg:  0.0, Max: 0, Diff: 0, Sum: 0, Workers: 4
[37.964s][debug][gc,phases      ] GC(96)   StringDedup Requests0 Weak     Min:  0.0, Avg:  0.0, Max:  0.0, Diff:  0.0, Sum:  0.0, Workers: 4
[37.964s][debug][gc,phases      ] GC(96)     Dead                           Min: 0, Avg:  0.0, Max: 0, Diff: 0, Sum: 0, Workers: 4
[37.964s][debug][gc,phases      ] GC(96)     Total                          Min: 0, Avg:  0.0, Max: 0, Diff: 0, Sum: 0, Workers: 4
[37.964s][debug][gc,phases      ] GC(96)   StringDedup Requests1 Weak     Min:  0.0, Avg:  0.0, Max:  0.0, Diff:  0.0, Sum:  0.0, Workers: 4
[37.964s][debug][gc,phases      ] GC(96)     Dead                           Min: 0, Avg:  0.0, Max: 0, Diff: 0, Sum: 0, Workers: 4
[37.964s][debug][gc,phases      ] GC(96)     Total                          Min: 0, Avg:  0.0, Max: 0, Diff: 0, Sum: 0, Workers: 4
[37.964s][debug][gc,phases      ] GC(96)   Weak JFR Old Object Samples    Min:  0.0, Avg:  0.0, Max:  0.0, Diff:  0.0, Sum:  0.0, Workers: 4
[37.964s][debug][gc,phases      ] GC(96)     Dead                           Min: 0, Avg:  0.0, Max: 0, Diff: 0, Sum: 0, Workers: 4
[37.964s][debug][gc,phases      ] GC(96)     Total                          Min: 0, Avg:  0.0, Max: 0, Diff: 0, Sum: 0, Workers: 4
[37.964s][debug][gc,phases      ] GC(96) Weak Processing 0.332ms
[37.964s][debug][gc,age         ] GC(96) Desired survivor size 278396928 bytes, new threshold 15 (max threshold 15)
[37.964s][info ][gc,heap        ] GC(96) PSYoungGen: 1571840K(1834496K)->14896K(1816064K) Eden: 1571840K(1571840K)->0K(1553408K) From: 0K(262656K)->14896K(262656K)
[37.964s][info ][gc,heap        ] GC(96) ParOldGen: 527241K(629760K)->527241K(629760K)
[37.964s][info ][gc,metaspace   ] GC(96) Metaspace: 68164K(68864K)->68164K(68864K) NonClass: 58305K(58688K)->58305K(58688K) Class: 9858K(10176K)->9858K(10176K)
[37.964s][info ][gc             ] GC(96) Pause Young (Allocation Failure) 2049M->529M(2388M) 5.043ms
[37.964s][info ][gc,cpu         ] GC(96) User=0.02s Sys=0.00s Real=0.01s
[37.964s][info ][safepoint      ] Safepoint "ParallelGCFailedAllocation", Time since last: 274401833 ns, Reaching safepoint: 140803 ns, At safepoint: 5154802 ns, Total: 5295605 ns
[38.239s][info ][gc,start       ] GC(97) Pause Young (Allocation Failure)
[38.254s][debug][gc,phases      ] GC(97) Scavenge 14.795ms
[38.254s][debug][gc,ref         ] GC(97) Skipped phase 1 of Reference Processing: no references
[38.254s][debug][gc,ref         ] GC(97) Skipped phase 2 of Reference Processing: no references
[38.254s][debug][gc,ref         ] GC(97) Skipped phase 3 of Reference Processing: no references
[38.254s][debug][gc,ref         ] GC(97) Skipped phase 4 of Reference Processing: no references
[38.254s][debug][gc,phases      ] GC(97) Reference Processing 0.026ms
[38.254s][debug][gc,phases      ] GC(97)   VM Weak                        Min:  0.0, Avg:  0.0, Max:  0.0, Diff:  0.0, Sum:  0.0, Workers: 4
[38.254s][debug][gc,phases      ] GC(97)     Dead                           Min: 0, Avg:  0.0, Max: 0, Diff: 0, Sum: 0, Workers: 4
[38.254s][debug][gc,phases      ] GC(97)     Total                          Min: 0, Avg: 130.8, Max: 384, Diff: 384, Sum: 523, Workers: 4
[38.254s][debug][gc,phases      ] GC(97)   ObjectSynchronizer Weak        Min:  0.0, Avg:  0.0, Max:  0.0, Diff:  0.0, Sum:  0.0, Workers: 4
[38.254s][debug][gc,phases      ] GC(97)     Dead                           Min: 0, Avg:  0.0, Max: 0, Diff: 0, Sum: 0, Workers: 4
[38.254s][debug][gc,phases      ] GC(97)     Total                          Min: 0, Avg: 98.0, Max: 192, Diff: 192, Sum: 392, Workers: 4
[38.254s][debug][gc,phases      ] GC(97)   JVMTI Tag Weak OopStorage      Min:  0.0, Avg:  0.0, Max:  0.0, Diff:  0.0, Sum:  0.0, Workers: 4
[38.254s][debug][gc,phases      ] GC(97)     Dead                           Min: 0, Avg:  0.0, Max: 0, Diff: 0, Sum: 0, Workers: 4
[38.254s][debug][gc,phases      ] GC(97)     Total                          Min: 0, Avg:  0.0, Max: 0, Diff: 0, Sum: 0, Workers: 4
[38.254s][debug][gc,phases      ] GC(97)   StringTable Weak               Min:  0.1, Avg:  0.1, Max:  0.1, Diff:  0.0, Sum:  0.4, Workers: 4
[38.254s][debug][gc,phases      ] GC(97)     Dead                           Min: 0, Avg:  2.8, Max: 11, Diff: 11, Sum: 11, Workers: 4
[38.254s][debug][gc,phases      ] GC(97)     Total                          Min: 9792, Avg: 10648.8, Max: 12589, Diff: 2797, Sum: 42595, Workers: 4
[38.254s][debug][gc,phases      ] GC(97)   ResolvedMethodTable Weak       Min:  0.0, Avg:  0.0, Max:  0.0, Diff:  0.0, Sum:  0.1, Workers: 4
[38.254s][debug][gc,phases      ] GC(97)     Dead                           Min: 0, Avg:  0.0, Max: 0, Diff: 0, Sum: 0, Workers: 4
[38.254s][debug][gc,phases      ] GC(97)     Total                          Min: 1664, Avg: 1774.2, Max: 1984, Diff: 320, Sum: 7097, Workers: 4
[38.254s][debug][gc,phases      ] GC(97)   JNI Weak                       Min:  0.0, Avg:  0.0, Max:  0.0, Diff:  0.0, Sum:  0.0, Workers: 4
[38.254s][debug][gc,phases      ] GC(97)     Dead                           Min: 0, Avg:  0.0, Max: 0, Diff: 0, Sum: 0, Workers: 4
[38.254s][debug][gc,phases      ] GC(97)     Total                          Min: 0, Avg:  0.2, Max: 1, Diff: 1, Sum: 1, Workers: 4
[38.254s][debug][gc,phases      ] GC(97)   StringDedup Table Weak         Min:  0.0, Avg:  0.0, Max:  0.0, Diff:  0.0, Sum:  0.0, Workers: 4
[38.254s][debug][gc,phases      ] GC(97)     Dead                           Min: 0, Avg:  0.0, Max: 0, Diff: 0, Sum: 0, Workers: 4
[38.254s][debug][gc,phases      ] GC(97)     Total                          Min: 0, Avg:  0.0, Max: 0, Diff: 0, Sum: 0, Workers: 4
[38.254s][debug][gc,phases      ] GC(97)   StringDedup Requests0 Weak     Min:  0.0, Avg:  0.0, Max:  0.0, Diff:  0.0, Sum:  0.0, Workers: 4
[38.254s][debug][gc,phases      ] GC(97)     Dead                           Min: 0, Avg:  0.0, Max: 0, Diff: 0, Sum: 0, Workers: 4
[38.254s][debug][gc,phases      ] GC(97)     Total                          Min: 0, Avg:  0.0, Max: 0, Diff: 0, Sum: 0, Workers: 4
[38.254s][debug][gc,phases      ] GC(97)   StringDedup Requests1 Weak     Min:  0.0, Avg:  0.0, Max:  0.0, Diff:  0.0, Sum:  0.0, Workers: 4
[38.254s][debug][gc,phases      ] GC(97)     Dead                           Min: 0, Avg:  0.0, Max: 0, Diff: 0, Sum: 0, Workers: 4
[38.254s][debug][gc,phases      ] GC(97)     Total                          Min: 0, Avg:  0.0, Max: 0, Diff: 0, Sum: 0, Workers: 4
[38.254s][debug][gc,phases      ] GC(97)   Weak JFR Old Object Samples    Min:  0.0, Avg:  0.0, Max:  0.0, Diff:  0.0, Sum:  0.0, Workers: 4
[38.254s][debug][gc,phases      ] GC(97)     Dead                           Min: 0, Avg:  0.0, Max: 0, Diff: 0, Sum: 0, Workers: 4
[38.254s][debug][gc,phases      ] GC(97)     Total                          Min: 0, Avg:  0.0, Max: 0, Diff: 0, Sum: 0, Workers: 4
[38.254s][debug][gc,phases      ] GC(97) Weak Processing 0.310ms
[38.254s][debug][gc,age         ] GC(97) Desired survivor size 277348352 bytes, new threshold 15 (max threshold 15)
[38.254s][info ][gc,heap        ] GC(97) PSYoungGen: 1568304K(1816064K)->53216K(1825280K) Eden: 1553408K(1553408K)->0K(1553408K) From: 14896K(262656K)->53216K(271872K)
[38.254s][info ][gc,heap        ] GC(97) ParOldGen: 527241K(629760K)->527241K(629760K)
[38.254s][info ][gc,metaspace   ] GC(97) Metaspace: 68169K(68864K)->68169K(68864K) NonClass: 58310K(58688K)->58310K(58688K) Class: 9858K(10176K)->9858K(10176K)
[38.254s][info ][gc             ] GC(97) Pause Young (Allocation Failure) 2046M->566M(2397M) 15.278ms
[38.254s][info ][gc,cpu         ] GC(97) User=0.07s Sys=0.00s Real=0.02s
[38.254s][info ][safepoint      ] Safepoint "ParallelGCFailedAllocation", Time since last: 274130927 ns, Reaching safepoint: 152603 ns, At safepoint: 15418406 ns, Total: 15571009 ns
[38.544s][info ][gc,start       ] GC(98) Pause Young (Allocation Failure)
[38.566s][debug][gc,phases      ] GC(98) Scavenge 22.092ms
[38.566s][debug][gc,ref         ] GC(98) Skipped phase 1 of Reference Processing: no references
[38.566s][debug][gc,ref         ] GC(98) Skipped phase 2 of Reference Processing: no references
[38.566s][debug][gc,ref         ] GC(98) Skipped phase 3 of Reference Processing: no references
[38.566s][debug][gc,ref         ] GC(98) Skipped phase 4 of Reference Processing: no references
[38.567s][debug][gc,phases      ] GC(98) Reference Processing 0.026ms
[38.567s][debug][gc,phases      ] GC(98)   VM Weak                        Min:  0.0, Avg:  0.0, Max:  0.0, Diff:  0.0, Sum:  0.0, Workers: 4
[38.567s][debug][gc,phases      ] GC(98)     Dead                           Min: 0, Avg:  0.0, Max: 0, Diff: 0, Sum: 0, Workers: 4
[38.567s][debug][gc,phases      ] GC(98)     Total                          Min: 0, Avg: 130.8, Max: 523, Diff: 523, Sum: 523, Workers: 4
[38.567s][debug][gc,phases      ] GC(98)   ObjectSynchronizer Weak        Min:  0.0, Avg:  0.0, Max:  0.0, Diff:  0.0, Sum:  0.0, Workers: 4
[38.567s][debug][gc,phases      ] GC(98)     Dead                           Min: 0, Avg:  0.0, Max: 0, Diff: 0, Sum: 0, Workers: 4
[38.567s][debug][gc,phases      ] GC(98)     Total                          Min: 0, Avg: 98.0, Max: 200, Diff: 200, Sum: 392, Workers: 4
[38.567s][debug][gc,phases      ] GC(98)   JVMTI Tag Weak OopStorage      Min:  0.0, Avg:  0.0, Max:  0.0, Diff:  0.0, Sum:  0.0, Workers: 4
[38.567s][debug][gc,phases      ] GC(98)     Dead                           Min: 0, Avg:  0.0, Max: 0, Diff: 0, Sum: 0, Workers: 4
[38.567s][debug][gc,phases      ] GC(98)     Total                          Min: 0, Avg:  0.0, Max: 0, Diff: 0, Sum: 0, Workers: 4
[38.567s][debug][gc,phases      ] GC(98)   StringTable Weak               Min:  0.1, Avg:  0.1, Max:  0.1, Diff:  0.0, Sum:  0.4, Workers: 4
[38.567s][debug][gc,phases      ] GC(98)     Dead                           Min: 0, Avg:  0.0, Max: 0, Diff: 0, Sum: 0, Workers: 4
[38.567s][debug][gc,phases      ] GC(98)     Total                          Min: 10105, Avg: 10649.5, Max: 11392, Diff: 1287, Sum: 42598, Workers: 4
[38.567s][debug][gc,phases      ] GC(98)   ResolvedMethodTable Weak       Min:  0.0, Avg:  0.0, Max:  0.0, Diff:  0.0, Sum:  0.1, Workers: 4
[38.567s][debug][gc,phases      ] GC(98)     Dead                           Min: 0, Avg:  0.0, Max: 0, Diff: 0, Sum: 0, Workers: 4
[38.567s][debug][gc,phases      ] GC(98)     Total                          Min: 1664, Avg: 1774.2, Max: 1920, Diff: 256, Sum: 7097, Workers: 4
[38.567s][debug][gc,phases      ] GC(98)   JNI Weak                       Min:  0.0, Avg:  0.0, Max:  0.0, Diff:  0.0, Sum:  0.0, Workers: 4
[38.567s][debug][gc,phases      ] GC(98)     Dead                           Min: 0, Avg:  0.0, Max: 0, Diff: 0, Sum: 0, Workers: 4
[38.567s][debug][gc,phases      ] GC(98)     Total                          Min: 0, Avg:  3.0, Max: 12, Diff: 12, Sum: 12, Workers: 4
[38.567s][debug][gc,phases      ] GC(98)   StringDedup Table Weak         Min:  0.0, Avg:  0.0, Max:  0.0, Diff:  0.0, Sum:  0.0, Workers: 4
[38.567s][debug][gc,phases      ] GC(98)     Dead                           Min: 0, Avg:  0.0, Max: 0, Diff: 0, Sum: 0, Workers: 4
[38.567s][debug][gc,phases      ] GC(98)     Total                          Min: 0, Avg:  0.0, Max: 0, Diff: 0, Sum: 0, Workers: 4
[38.567s][debug][gc,phases      ] GC(98)   StringDedup Requests0 Weak     Min:  0.0, Avg:  0.0, Max:  0.0, Diff:  0.0, Sum:  0.0, Workers: 4
[38.567s][debug][gc,phases      ] GC(98)     Dead                           Min: 0, Avg:  0.0, Max: 0, Diff: 0, Sum: 0, Workers: 4
[38.567s][debug][gc,phases      ] GC(98)     Total                          Min: 0, Avg:  0.0, Max: 0, Diff: 0, Sum: 0, Workers: 4
[38.567s][debug][gc,phases      ] GC(98)   StringDedup Requests1 Weak     Min:  0.0, Avg:  0.0, Max:  0.0, Diff:  0.0, Sum:  0.0, Workers: 4
[38.567s][debug][gc,phases      ] GC(98)     Dead                           Min: 0, Avg:  0.0, Max: 0, Diff: 0, Sum: 0, Workers: 4
[38.567s][debug][gc,phases      ] GC(98)     Total                          Min: 0, Avg:  0.0, Max: 0, Diff: 0, Sum: 0, Workers: 4
[38.567s][debug][gc,phases      ] GC(98)   Weak JFR Old Object Samples    Min:  0.0, Avg:  0.0, Max:  0.0, Diff:  0.0, Sum:  0.0, Workers: 4
[38.567s][debug][gc,phases      ] GC(98)     Dead                           Min: 0, Avg:  0.0, Max: 0, Diff: 0, Sum: 0, Workers: 4
[38.567s][debug][gc,phases      ] GC(98)     Total                          Min: 0, Avg:  0.0, Max: 0, Diff: 0, Sum: 0, Workers: 4
[38.567s][debug][gc,phases      ] GC(98) Weak Processing 0.321ms
[38.567s][debug][gc,age         ] GC(98) Desired survivor size 268959744 bytes, new threshold 15 (max threshold 15)
[38.567s][info ][gc,heap        ] GC(98) PSYoungGen: 1606624K(1825280K)->83520K(1834496K) Eden: 1553408K(1553408K)->0K(1563648K) From: 53216K(271872K)->83520K(270848K)
[38.567s][info ][gc,heap        ] GC(98) ParOldGen: 527241K(629760K)->527241K(629760K)
[38.567s][info ][gc,metaspace   ] GC(98) Metaspace: 68229K(68928K)->68229K(68928K) NonClass: 58363K(58752K)->58363K(58752K) Class: 9865K(10176K)->9865K(10176K)
[38.567s][info ][gc             ] GC(98) Pause Young (Allocation Failure) 2083M->596M(2406M) 22.582ms
[38.567s][info ][gc,cpu         ] GC(98) User=0.09s Sys=0.00s Real=0.02s
[38.567s][info ][safepoint      ] Safepoint "ParallelGCFailedAllocation", Time since last: 290008442 ns, Reaching safepoint: 122902 ns, At safepoint: 22715750 ns, Total: 22838652 ns
[38.881s][info ][gc,start       ] GC(99) Pause Young (Allocation Failure)
[38.912s][debug][gc,phases      ] GC(99) Scavenge 31.513ms
[38.912s][debug][gc,ref         ] GC(99) Skipped phase 1 of Reference Processing: no references
[38.912s][debug][gc,ref         ] GC(99) Skipped phase 2 of Reference Processing: no references
[38.912s][debug][gc,ref         ] GC(99) Skipped phase 3 of Reference Processing: no references
[38.912s][debug][gc,ref         ] GC(99) Skipped phase 4 of Reference Processing: no references
[38.912s][debug][gc,phases      ] GC(99) Reference Processing 0.026ms
[38.913s][debug][gc,phases      ] GC(99)   VM Weak                        Min:  0.0, Avg:  0.0, Max:  0.0, Diff:  0.0, Sum:  0.0, Workers: 4
[38.913s][debug][gc,phases      ] GC(99)     Dead                           Min: 0, Avg:  0.0, Max: 0, Diff: 0, Sum: 0, Workers: 4
[38.913s][debug][gc,phases      ] GC(99)     Total                          Min: 0, Avg: 130.8, Max: 523, Diff: 523, Sum: 523, Workers: 4
[38.913s][debug][gc,phases      ] GC(99)   ObjectSynchronizer Weak        Min:  0.0, Avg:  0.0, Max:  0.0, Diff:  0.0, Sum:  0.0, Workers: 4
[38.913s][debug][gc,phases      ] GC(99)     Dead                           Min: 0, Avg:  0.0, Max: 0, Diff: 0, Sum: 0, Workers: 4
[38.913s][debug][gc,phases      ] GC(99)     Total                          Min: 0, Avg: 98.0, Max: 200, Diff: 200, Sum: 392, Workers: 4
[38.913s][debug][gc,phases      ] GC(99)   JVMTI Tag Weak OopStorage      Min:  0.0, Avg:  0.0, Max:  0.0, Diff:  0.0, Sum:  0.0, Workers: 4
[38.913s][debug][gc,phases      ] GC(99)     Dead                           Min: 0, Avg:  0.0, Max: 0, Diff: 0, Sum: 0, Workers: 4
[38.913s][debug][gc,phases      ] GC(99)     Total                          Min: 0, Avg:  0.0, Max: 0, Diff: 0, Sum: 0, Workers: 4
[38.913s][debug][gc,phases      ] GC(99)   StringTable Weak               Min:  0.1, Avg:  0.1, Max:  0.1, Diff:  0.0, Sum:  0.3, Workers: 4
[38.913s][debug][gc,phases      ] GC(99)     Dead                           Min: 0, Avg:  2.8, Max: 7, Diff: 7, Sum: 11, Workers: 4
[38.913s][debug][gc,phases      ] GC(99)     Total                          Min: 9408, Avg: 10649.5, Max: 11200, Diff: 1792, Sum: 42598, Workers: 4
[38.913s][debug][gc,phases      ] GC(99)   ResolvedMethodTable Weak       Min:  0.0, Avg:  0.0, Max:  0.0, Diff:  0.0, Sum:  0.1, Workers: 4
[38.913s][debug][gc,phases      ] GC(99)     Dead                           Min: 0, Avg:  0.0, Max: 0, Diff: 0, Sum: 0, Workers: 4
[38.913s][debug][gc,phases      ] GC(99)     Total                          Min: 1664, Avg: 1774.2, Max: 1984, Diff: 320, Sum: 7097, Workers: 4
[38.913s][debug][gc,phases      ] GC(99)   JNI Weak                       Min:  0.0, Avg:  0.0, Max:  0.0, Diff:  0.0, Sum:  0.0, Workers: 4
[38.913s][debug][gc,phases      ] GC(99)     Dead                           Min: 0, Avg:  0.0, Max: 0, Diff: 0, Sum: 0, Workers: 4
[38.913s][debug][gc,phases      ] GC(99)     Total                          Min: 0, Avg:  0.0, Max: 0, Diff: 0, Sum: 0, Workers: 4
[38.913s][debug][gc,phases      ] GC(99)   StringDedup Table Weak         Min:  0.0, Avg:  0.0, Max:  0.0, Diff:  0.0, Sum:  0.0, Workers: 4
[38.913s][debug][gc,phases      ] GC(99)     Dead                           Min: 0, Avg:  0.0, Max: 0, Diff: 0, Sum: 0, Workers: 4
[38.913s][debug][gc,phases      ] GC(99)     Total                          Min: 0, Avg:  0.0, Max: 0, Diff: 0, Sum: 0, Workers: 4
[38.913s][debug][gc,phases      ] GC(99)   StringDedup Requests0 Weak     Min:  0.0, Avg:  0.0, Max:  0.0, Diff:  0.0, Sum:  0.0, Workers: 4
[38.913s][debug][gc,phases      ] GC(99)     Dead                           Min: 0, Avg:  0.0, Max: 0, Diff: 0, Sum: 0, Workers: 4
[38.913s][debug][gc,phases      ] GC(99)     Total                          Min: 0, Avg:  0.0, Max: 0, Diff: 0, Sum: 0, Workers: 4
[38.913s][debug][gc,phases      ] GC(99)   StringDedup Requests1 Weak     Min:  0.0, Avg:  0.0, Max:  0.0, Diff:  0.0, Sum:  0.0, Workers: 4
[38.913s][debug][gc,phases      ] GC(99)     Dead                           Min: 0, Avg:  0.0, Max: 0, Diff: 0, Sum: 0, Workers: 4
[38.913s][debug][gc,phases      ] GC(99)     Total                          Min: 0, Avg:  0.0, Max: 0, Diff: 0, Sum: 0, Workers: 4
[38.913s][debug][gc,phases      ] GC(99)   Weak JFR Old Object Samples    Min:  0.0, Avg:  0.0, Max:  0.0, Diff:  0.0, Sum:  0.0, Workers: 4
[38.913s][debug][gc,phases      ] GC(99)     Dead                           Min: 0, Avg:  0.0, Max: 0, Diff: 0, Sum: 0, Workers: 4
[38.913s][debug][gc,phases      ] GC(99)     Total                          Min: 0, Avg:  0.0, Max: 0, Diff: 0, Sum: 0, Workers: 4
[38.913s][debug][gc,phases      ] GC(99) Weak Processing 0.295ms
[38.913s][debug][gc,age         ] GC(99) Desired survivor size 257425408 bytes, new threshold 15 (max threshold 15)
[38.913s][info ][gc,heap        ] GC(99) PSYoungGen: 1647168K(1834496K)->127472K(1826304K) Eden: 1563648K(1563648K)->0K(1563648K) From: 83520K(270848K)->127472K(262656K)
[38.913s][info ][gc,heap        ] GC(99) ParOldGen: 527241K(629760K)->527241K(629760K)
[38.913s][info ][gc,metaspace   ] GC(99) Metaspace: 68231K(68928K)->68231K(68928K) NonClass: 58365K(58752K)->58365K(58752K) Class: 9865K(10176K)->9865K(10176K)
[38.913s][info ][gc             ] GC(99) Pause Young (Allocation Failure) 2123M->639M(2398M) 31.974ms
[38.913s][info ][gc,cpu         ] GC(99) User=0.13s Sys=0.00s Real=0.04s
[38.913s][info ][safepoint      ] Safepoint "ParallelGCFailedAllocation", Time since last: 313641810 ns, Reaching safepoint: 166503 ns, At safepoint: 32095636 ns, Total: 32262139 ns
[39.191s][info ][gc,start       ] GC(100) Pause Young (Allocation Failure)
[39.230s][debug][gc,phases      ] GC(100) Scavenge 38.663ms
[39.230s][debug][gc,ref         ] GC(100) Skipped phase 1 of Reference Processing: no references
[39.230s][debug][gc,ref         ] GC(100) Skipped phase 2 of Reference Processing: no references
[39.230s][debug][gc,ref         ] GC(100) Skipped phase 3 of Reference Processing: no references
[39.230s][debug][gc,ref         ] GC(100) Skipped phase 4 of Reference Processing: no references
[39.230s][debug][gc,phases      ] GC(100) Reference Processing 0.026ms
[39.230s][debug][gc,phases      ] GC(100)   VM Weak                        Min:  0.0, Avg:  0.0, Max:  0.0, Diff:  0.0, Sum:  0.0, Workers: 4
[39.230s][debug][gc,phases      ] GC(100)     Dead                           Min: 0, Avg:  0.0, Max: 0, Diff: 0, Sum: 0, Workers: 4
[39.230s][debug][gc,phases      ] GC(100)     Total                          Min: 0, Avg: 130.8, Max: 523, Diff: 523, Sum: 523, Workers: 4
[39.230s][debug][gc,phases      ] GC(100)   ObjectSynchronizer Weak        Min:  0.0, Avg:  0.0, Max:  0.0, Diff:  0.0, Sum:  0.0, Workers: 4
[39.230s][debug][gc,phases      ] GC(100)     Dead                           Min: 0, Avg:  0.0, Max: 0, Diff: 0, Sum: 0, Workers: 4
[39.230s][debug][gc,phases      ] GC(100)     Total                          Min: 0, Avg: 98.0, Max: 264, Diff: 264, Sum: 392, Workers: 4
[39.230s][debug][gc,phases      ] GC(100)   JVMTI Tag Weak OopStorage      Min:  0.0, Avg:  0.0, Max:  0.0, Diff:  0.0, Sum:  0.0, Workers: 4
[39.230s][debug][gc,phases      ] GC(100)     Dead                           Min: 0, Avg:  0.0, Max: 0, Diff: 0, Sum: 0, Workers: 4
[39.230s][debug][gc,phases      ] GC(100)     Total                          Min: 0, Avg:  0.0, Max: 0, Diff: 0, Sum: 0, Workers: 4
[39.230s][debug][gc,phases      ] GC(100)   StringTable Weak               Min:  0.1, Avg:  0.1, Max:  0.1, Diff:  0.0, Sum:  0.4, Workers: 4
[39.230s][debug][gc,phases      ] GC(100)     Dead                           Min: 0, Avg:  0.0, Max: 0, Diff: 0, Sum: 0, Workers: 4
[39.230s][debug][gc,phases      ] GC(100)     Total                          Min: 8191, Avg: 10649.8, Max: 12160, Diff: 3969, Sum: 42599, Workers: 4
[39.230s][debug][gc,phases      ] GC(100)   ResolvedMethodTable Weak       Min:  0.0, Avg:  0.0, Max:  0.0, Diff:  0.0, Sum:  0.1, Workers: 4
[39.230s][debug][gc,phases      ] GC(100)     Dead                           Min: 0, Avg:  0.0, Max: 0, Diff: 0, Sum: 0, Workers: 4
[39.230s][debug][gc,phases      ] GC(100)     Total                          Min: 1728, Avg: 1774.2, Max: 1913, Diff: 185, Sum: 7097, Workers: 4
[39.230s][debug][gc,phases      ] GC(100)   JNI Weak                       Min:  0.0, Avg:  0.0, Max:  0.0, Diff:  0.0, Sum:  0.0, Workers: 4
[39.230s][debug][gc,phases      ] GC(100)     Dead                           Min: 0, Avg:  0.0, Max: 0, Diff: 0, Sum: 0, Workers: 4
[39.230s][debug][gc,phases      ] GC(100)     Total                          Min: 0, Avg:  1.2, Max: 5, Diff: 5, Sum: 5, Workers: 4
[39.230s][debug][gc,phases      ] GC(100)   StringDedup Table Weak         Min:  0.0, Avg:  0.0, Max:  0.0, Diff:  0.0, Sum:  0.0, Workers: 4
[39.230s][debug][gc,phases      ] GC(100)     Dead                           Min: 0, Avg:  0.0, Max: 0, Diff: 0, Sum: 0, Workers: 4
[39.230s][debug][gc,phases      ] GC(100)     Total                          Min: 0, Avg:  0.0, Max: 0, Diff: 0, Sum: 0, Workers: 4
[39.230s][debug][gc,phases      ] GC(100)   StringDedup Requests0 Weak     Min:  0.0, Avg:  0.0, Max:  0.0, Diff:  0.0, Sum:  0.0, Workers: 4
[39.230s][debug][gc,phases      ] GC(100)     Dead                           Min: 0, Avg:  0.0, Max: 0, Diff: 0, Sum: 0, Workers: 4
[39.230s][debug][gc,phases      ] GC(100)     Total                          Min: 0, Avg:  0.0, Max: 0, Diff: 0, Sum: 0, Workers: 4
[39.230s][debug][gc,phases      ] GC(100)   StringDedup Requests1 Weak     Min:  0.0, Avg:  0.0, Max:  0.0, Diff:  0.0, Sum:  0.0, Workers: 4
[39.230s][debug][gc,phases      ] GC(100)     Dead                           Min: 0, Avg:  0.0, Max: 0, Diff: 0, Sum: 0, Workers: 4
[39.230s][debug][gc,phases      ] GC(100)     Total                          Min: 0, Avg:  0.0, Max: 0, Diff: 0, Sum: 0, Workers: 4
[39.230s][debug][gc,phases      ] GC(100)   Weak JFR Old Object Samples    Min:  0.0, Avg:  0.0, Max:  0.0, Diff:  0.0, Sum:  0.0, Workers: 4
[39.230s][debug][gc,phases      ] GC(100)     Dead                           Min: 0, Avg:  0.0, Max: 0, Diff: 0, Sum: 0, Workers: 4
[39.230s][debug][gc,phases      ] GC(100)     Total                          Min: 0, Avg:  0.0, Max: 0, Diff: 0, Sum: 0, Workers: 4
[39.230s][debug][gc,phases      ] GC(100) Weak Processing 0.309ms
[39.230s][debug][gc,age         ] GC(100) Desired survivor size 254803968 bytes, new threshold 15 (max threshold 15)
[39.231s][info ][gc,heap        ] GC(100) PSYoungGen: 1691120K(1826304K)->147305K(1848320K) Eden: 1563648K(1563648K)->0K(1596928K) From: 127472K(262656K)->147305K(251392K)
[39.231s][info ][gc,heap        ] GC(100) ParOldGen: 527241K(629760K)->527241K(629760K)
[39.231s][info ][gc,metaspace   ] GC(100) Metaspace: 68237K(68928K)->68237K(68928K) NonClass: 58372K(58752K)->58372K(58752K) Class: 9865K(10176K)->9865K(10176K)
[39.231s][info ][gc             ] GC(100) Pause Young (Allocation Failure) 2166M->658M(2420M) 39.156ms
[39.231s][info ][gc,cpu         ] GC(100) User=0.15s Sys=0.01s Real=0.04s
[39.231s][info ][safepoint      ] Safepoint "ParallelGCFailedAllocation", Time since last: 278295110 ns, Reaching safepoint: 151803 ns, At safepoint: 39277377 ns, Total: 39429180 ns
[39.564s][info ][gc,start       ] GC(101) Pause Young (Allocation Failure)
[39.604s][debug][gc,phases      ] GC(101) Scavenge 39.679ms
[39.604s][debug][gc,ref         ] GC(101) Skipped phase 1 of Reference Processing: no references
[39.604s][debug][gc,ref         ] GC(101) ReferenceProcessor::execute queues: 1, RefProcThreadModel::Single, marks_oops_alive: false
[39.604s][debug][gc,ref         ] GC(101) Skipped phase 3 of Reference Processing: no references
[39.604s][debug][gc,ref         ] GC(101) ReferenceProcessor::execute queues: 1, RefProcThreadModel::Single, marks_oops_alive: false
[39.604s][debug][gc,phases      ] GC(101) Reference Processing 0.135ms
[39.604s][debug][gc,phases      ] GC(101)   VM Weak                        Min:  0.0, Avg:  0.0, Max:  0.0, Diff:  0.0, Sum:  0.0, Workers: 4
[39.604s][debug][gc,phases      ] GC(101)     Dead                           Min: 0, Avg:  0.0, Max: 0, Diff: 0, Sum: 0, Workers: 4
[39.604s][debug][gc,phases      ] GC(101)     Total                          Min: 0, Avg: 130.8, Max: 523, Diff: 523, Sum: 523, Workers: 4
[39.604s][debug][gc,phases      ] GC(101)   ObjectSynchronizer Weak        Min:  0.0, Avg:  0.0, Max:  0.0, Diff:  0.0, Sum:  0.0, Workers: 4
[39.604s][debug][gc,phases      ] GC(101)     Dead                           Min: 0, Avg:  0.0, Max: 0, Diff: 0, Sum: 0, Workers: 4
[39.604s][debug][gc,phases      ] GC(101)     Total                          Min: 0, Avg: 98.0, Max: 320, Diff: 320, Sum: 392, Workers: 4
[39.604s][debug][gc,phases      ] GC(101)   JVMTI Tag Weak OopStorage      Min:  0.0, Avg:  0.0, Max:  0.0, Diff:  0.0, Sum:  0.0, Workers: 4
[39.604s][debug][gc,phases      ] GC(101)     Dead                           Min: 0, Avg:  0.0, Max: 0, Diff: 0, Sum: 0, Workers: 4
[39.604s][debug][gc,phases      ] GC(101)     Total                          Min: 0, Avg:  0.0, Max: 0, Diff: 0, Sum: 0, Workers: 4
[39.604s][debug][gc,phases      ] GC(101)   StringTable Weak               Min:  0.1, Avg:  0.1, Max:  0.1, Diff:  0.0, Sum:  0.4, Workers: 4
[39.604s][debug][gc,phases      ] GC(101)     Dead                           Min: 0, Avg:  2.8, Max: 11, Diff: 11, Sum: 11, Workers: 4
[39.604s][debug][gc,phases      ] GC(101)     Total                          Min: 9728, Avg: 10651.2, Max: 11136, Diff: 1408, Sum: 42605, Workers: 4
[39.604s][debug][gc,phases      ] GC(101)   ResolvedMethodTable Weak       Min:  0.0, Avg:  0.0, Max:  0.0, Diff:  0.0, Sum:  0.1, Workers: 4
[39.604s][debug][gc,phases      ] GC(101)     Dead                           Min: 0, Avg:  0.0, Max: 0, Diff: 0, Sum: 0, Workers: 4
[39.604s][debug][gc,phases      ] GC(101)     Total                          Min: 1659, Avg: 1774.8, Max: 2112, Diff: 453, Sum: 7099, Workers: 4
[39.604s][debug][gc,phases      ] GC(101)   JNI Weak                       Min:  0.0, Avg:  0.0, Max:  0.0, Diff:  0.0, Sum:  0.0, Workers: 4
[39.604s][debug][gc,phases      ] GC(101)     Dead                           Min: 0, Avg:  0.0, Max: 0, Diff: 0, Sum: 0, Workers: 4
[39.604s][debug][gc,phases      ] GC(101)     Total                          Min: 0, Avg:  0.2, Max: 1, Diff: 1, Sum: 1, Workers: 4
[39.604s][debug][gc,phases      ] GC(101)   StringDedup Table Weak         Min:  0.0, Avg:  0.0, Max:  0.0, Diff:  0.0, Sum:  0.0, Workers: 4
[39.604s][debug][gc,phases      ] GC(101)     Dead                           Min: 0, Avg:  0.0, Max: 0, Diff: 0, Sum: 0, Workers: 4
[39.604s][debug][gc,phases      ] GC(101)     Total                          Min: 0, Avg:  0.0, Max: 0, Diff: 0, Sum: 0, Workers: 4
[39.604s][debug][gc,phases      ] GC(101)   StringDedup Requests0 Weak     Min:  0.0, Avg:  0.0, Max:  0.0, Diff:  0.0, Sum:  0.0, Workers: 4
[39.604s][debug][gc,phases      ] GC(101)     Dead                           Min: 0, Avg:  0.0, Max: 0, Diff: 0, Sum: 0, Workers: 4
[39.604s][debug][gc,phases      ] GC(101)     Total                          Min: 0, Avg:  0.0, Max: 0, Diff: 0, Sum: 0, Workers: 4
[39.604s][debug][gc,phases      ] GC(101)   StringDedup Requests1 Weak     Min:  0.0, Avg:  0.0, Max:  0.0, Diff:  0.0, Sum:  0.0, Workers: 4
[39.604s][debug][gc,phases      ] GC(101)     Dead                           Min: 0, Avg:  0.0, Max: 0, Diff: 0, Sum: 0, Workers: 4
[39.604s][debug][gc,phases      ] GC(101)     Total                          Min: 0, Avg:  0.0, Max: 0, Diff: 0, Sum: 0, Workers: 4
[39.604s][debug][gc,phases      ] GC(101)   Weak JFR Old Object Samples    Min:  0.0, Avg:  0.0, Max:  0.0, Diff:  0.0, Sum:  0.0, Workers: 4
[39.604s][debug][gc,phases      ] GC(101)     Dead                           Min: 0, Avg:  0.0, Max: 0, Diff: 0, Sum: 0, Workers: 4
[39.604s][debug][gc,phases      ] GC(101)     Total                          Min: 0, Avg:  0.0, Max: 0, Diff: 0, Sum: 0, Workers: 4
[39.604s][debug][gc,phases      ] GC(101) Weak Processing 0.298ms
[39.604s][debug][gc,age         ] GC(101) Desired survivor size 259522560 bytes, new threshold 15 (max threshold 15)
[39.604s][info ][gc,heap        ] GC(101) PSYoungGen: 1744233K(1848320K)->169193K(1766400K) Eden: 1596928K(1596928K)->0K(1596928K) From: 147305K(251392K)->169193K(169472K)
[39.604s][info ][gc,heap        ] GC(101) ParOldGen: 527241K(629760K)->527241K(629760K)
[39.604s][info ][gc,metaspace   ] GC(101) Metaspace: 68255K(68928K)->68255K(68928K) NonClass: 58388K(58752K)->58388K(58752K) Class: 9867K(10176K)->9867K(10176K)
[39.604s][info ][gc             ] GC(101) Pause Young (Allocation Failure) 2218M->680M(2340M) 40.271ms
[39.604s][info ][gc,cpu         ] GC(101) User=0.15s Sys=0.00s Real=0.04s
[39.604s][info ][safepoint      ] Safepoint "ParallelGCFailedAllocation", Time since last: 333253299 ns, Reaching safepoint: 138702 ns, At safepoint: 40390600 ns, Total: 40529302 ns
[39.894s][info ][gc,start       ] GC(102) Pause Young (Allocation Failure)
[39.945s][debug][gc,phases      ] GC(102) Scavenge 51.541ms
[39.945s][debug][gc,ref         ] GC(102) Skipped phase 1 of Reference Processing: no references
[39.945s][debug][gc,ref         ] GC(102) ReferenceProcessor::execute queues: 1, RefProcThreadModel::Single, marks_oops_alive: false
[39.945s][debug][gc,ref         ] GC(102) Skipped phase 3 of Reference Processing: no references
[39.945s][debug][gc,ref         ] GC(102) ReferenceProcessor::execute queues: 1, RefProcThreadModel::Single, marks_oops_alive: false
[39.945s][debug][gc,phases      ] GC(102) Reference Processing 0.138ms
[39.946s][debug][gc,phases      ] GC(102)   VM Weak                        Min:  0.0, Avg:  0.0, Max:  0.0, Diff:  0.0, Sum:  0.0, Workers: 4
[39.946s][debug][gc,phases      ] GC(102)     Dead                           Min: 0, Avg:  0.0, Max: 0, Diff: 0, Sum: 0, Workers: 4
[39.946s][debug][gc,phases      ] GC(102)     Total                          Min: 0, Avg: 130.8, Max: 523, Diff: 523, Sum: 523, Workers: 4
[39.946s][debug][gc,phases      ] GC(102)   ObjectSynchronizer Weak        Min:  0.0, Avg:  0.0, Max:  0.0, Diff:  0.0, Sum:  0.0, Workers: 4
[39.946s][debug][gc,phases      ] GC(102)     Dead                           Min: 0, Avg:  0.0, Max: 0, Diff: 0, Sum: 0, Workers: 4
[39.946s][debug][gc,phases      ] GC(102)     Total                          Min: 0, Avg: 98.0, Max: 256, Diff: 256, Sum: 392, Workers: 4
[39.946s][debug][gc,phases      ] GC(102)   JVMTI Tag Weak OopStorage      Min:  0.0, Avg:  0.0, Max:  0.0, Diff:  0.0, Sum:  0.0, Workers: 4
[39.946s][debug][gc,phases      ] GC(102)     Dead                           Min: 0, Avg:  0.0, Max: 0, Diff: 0, Sum: 0, Workers: 4
[39.946s][debug][gc,phases      ] GC(102)     Total                          Min: 0, Avg:  0.0, Max: 0, Diff: 0, Sum: 0, Workers: 4
[39.946s][debug][gc,phases      ] GC(102)   StringTable Weak               Min:  0.1, Avg:  0.1, Max:  0.1, Diff:  0.0, Sum:  0.4, Workers: 4
[39.946s][debug][gc,phases      ] GC(102)     Dead                           Min: 0, Avg:  2.8, Max: 11, Diff: 11, Sum: 11, Workers: 4
[39.946s][debug][gc,phases      ] GC(102)     Total                          Min: 9792, Avg: 10653.5, Max: 11520, Diff: 1728, Sum: 42614, Workers: 4
[39.946s][debug][gc,phases      ] GC(102)   ResolvedMethodTable Weak       Min:  0.0, Avg:  0.0, Max:  0.0, Diff:  0.0, Sum:  0.1, Workers: 4
[39.946s][debug][gc,phases      ] GC(102)     Dead                           Min: 0, Avg:  0.0, Max: 0, Diff: 0, Sum: 0, Workers: 4
[39.946s][debug][gc,phases      ] GC(102)     Total                          Min: 1536, Avg: 1775.2, Max: 1917, Diff: 381, Sum: 7101, Workers: 4
[39.946s][debug][gc,phases      ] GC(102)   JNI Weak                       Min:  0.0, Avg:  0.0, Max:  0.0, Diff:  0.0, Sum:  0.0, Workers: 4
[39.946s][debug][gc,phases      ] GC(102)     Dead                           Min: 0, Avg:  0.0, Max: 0, Diff: 0, Sum: 0, Workers: 4
[39.946s][debug][gc,phases      ] GC(102)     Total                          Min: 0, Avg:  0.0, Max: 0, Diff: 0, Sum: 0, Workers: 4
[39.946s][debug][gc,phases      ] GC(102)   StringDedup Table Weak         Min:  0.0, Avg:  0.0, Max:  0.0, Diff:  0.0, Sum:  0.0, Workers: 4
[39.946s][debug][gc,phases      ] GC(102)     Dead                           Min: 0, Avg:  0.0, Max: 0, Diff: 0, Sum: 0, Workers: 4
[39.946s][debug][gc,phases      ] GC(102)     Total                          Min: 0, Avg:  0.0, Max: 0, Diff: 0, Sum: 0, Workers: 4
[39.946s][debug][gc,phases      ] GC(102)   StringDedup Requests0 Weak     Min:  0.0, Avg:  0.0, Max:  0.0, Diff:  0.0, Sum:  0.0, Workers: 4
[39.946s][debug][gc,phases      ] GC(102)     Dead                           Min: 0, Avg:  0.0, Max: 0, Diff: 0, Sum: 0, Workers: 4
[39.946s][debug][gc,phases      ] GC(102)     Total                          Min: 0, Avg:  0.0, Max: 0, Diff: 0, Sum: 0, Workers: 4
[39.946s][debug][gc,phases      ] GC(102)   StringDedup Requests1 Weak     Min:  0.0, Avg:  0.0, Max:  0.0, Diff:  0.0, Sum:  0.0, Workers: 4
[39.946s][debug][gc,phases      ] GC(102)     Dead                           Min: 0, Avg:  0.0, Max: 0, Diff: 0, Sum: 0, Workers: 4
[39.946s][debug][gc,phases      ] GC(102)     Total                          Min: 0, Avg:  0.0, Max: 0, Diff: 0, Sum: 0, Workers: 4
[39.946s][debug][gc,phases      ] GC(102)   Weak JFR Old Object Samples    Min:  0.0, Avg:  0.0, Max:  0.0, Diff:  0.0, Sum:  0.0, Workers: 4
[39.946s][debug][gc,phases      ] GC(102)     Dead                           Min: 0, Avg:  0.0, Max: 0, Diff: 0, Sum: 0, Workers: 4
[39.946s][debug][gc,phases      ] GC(102)     Total                          Min: 0, Avg:  0.0, Max: 0, Diff: 0, Sum: 0, Workers: 4
[39.946s][debug][gc,phases      ] GC(102) Weak Processing 0.323ms
[39.946s][debug][gc,age         ] GC(102) Desired survivor size 272105472 bytes, new threshold 15 (max threshold 15)
[39.946s][info ][gc,heap        ] GC(102) PSYoungGen: 1766121K(1766400K)->192777K(1819136K) Eden: 1596928K(1596928K)->0K(1565696K) From: 169193K(169472K)->192777K(253440K)
[39.946s][info ][gc,heap        ] GC(102) ParOldGen: 527241K(629760K)->527241K(629760K)
[39.946s][info ][gc,metaspace   ] GC(102) Metaspace: 68264K(68928K)->68264K(68928K) NonClass: 58397K(58752K)->58397K(58752K) Class: 9867K(10176K)->9867K(10176K)
[39.946s][info ][gc             ] GC(102) Pause Young (Allocation Failure) 2239M->703M(2391M) 52.152ms
[39.946s][info ][gc,cpu         ] GC(102) User=0.20s Sys=0.01s Real=0.05s
[39.946s][info ][safepoint      ] Safepoint "ParallelGCFailedAllocation", Time since last: 289067123 ns, Reaching safepoint: 152203 ns, At safepoint: 52269235 ns, Total: 52421438 ns
[40.258s][info ][gc,start       ] GC(103) Pause Young (Allocation Failure)
[40.308s][debug][gc,phases      ] GC(103) Scavenge 50.248ms
[40.308s][debug][gc,ref         ] GC(103) Skipped phase 1 of Reference Processing: no references
[40.308s][debug][gc,ref         ] GC(103) ReferenceProcessor::execute queues: 1, RefProcThreadModel::Single, marks_oops_alive: false
[40.308s][debug][gc,ref         ] GC(103) Skipped phase 3 of Reference Processing: no references
[40.308s][debug][gc,ref         ] GC(103) Skipped phase 4 of Reference Processing: no references
[40.308s][debug][gc,phases      ] GC(103) Reference Processing 0.119ms
[40.308s][debug][gc,phases      ] GC(103)   VM Weak                        Min:  0.0, Avg:  0.0, Max:  0.0, Diff:  0.0, Sum:  0.0, Workers: 4
[40.308s][debug][gc,phases      ] GC(103)     Dead                           Min: 0, Avg:  0.0, Max: 0, Diff: 0, Sum: 0, Workers: 4
[40.308s][debug][gc,phases      ] GC(103)     Total                          Min: 0, Avg: 130.8, Max: 523, Diff: 523, Sum: 523, Workers: 4
[40.309s][debug][gc,phases      ] GC(103)   ObjectSynchronizer Weak        Min:  0.0, Avg:  0.0, Max:  0.0, Diff:  0.0, Sum:  0.0, Workers: 4
[40.309s][debug][gc,phases      ] GC(103)     Dead                           Min: 0, Avg:  0.0, Max: 0, Diff: 0, Sum: 0, Workers: 4
[40.309s][debug][gc,phases      ] GC(103)     Total                          Min: 0, Avg: 98.0, Max: 328, Diff: 328, Sum: 392, Workers: 4
[40.309s][debug][gc,phases      ] GC(103)   JVMTI Tag Weak OopStorage      Min:  0.0, Avg:  0.0, Max:  0.0, Diff:  0.0, Sum:  0.0, Workers: 4
[40.309s][debug][gc,phases      ] GC(103)     Dead                           Min: 0, Avg:  0.0, Max: 0, Diff: 0, Sum: 0, Workers: 4
[40.309s][debug][gc,phases      ] GC(103)     Total                          Min: 0, Avg:  0.0, Max: 0, Diff: 0, Sum: 0, Workers: 4
[40.309s][debug][gc,phases      ] GC(103)   StringTable Weak               Min:  0.1, Avg:  0.1, Max:  0.1, Diff:  0.0, Sum:  0.6, Workers: 4
[40.309s][debug][gc,phases      ] GC(103)     Dead                           Min: 0, Avg:  2.8, Max: 11, Diff: 11, Sum: 11, Workers: 4
[40.309s][debug][gc,phases      ] GC(103)     Total                          Min: 10176, Avg: 10653.5, Max: 11200, Diff: 1024, Sum: 42614, Workers: 4
[40.309s][debug][gc,phases      ] GC(103)   ResolvedMethodTable Weak       Min:  0.0, Avg:  0.0, Max:  0.0, Diff:  0.0, Sum:  0.1, Workers: 4
[40.309s][debug][gc,phases      ] GC(103)     Dead                           Min: 0, Avg:  0.0, Max: 0, Diff: 0, Sum: 0, Workers: 4
[40.309s][debug][gc,phases      ] GC(103)     Total                          Min: 1664, Avg: 1775.2, Max: 1920, Diff: 256, Sum: 7101, Workers: 4
[40.309s][debug][gc,phases      ] GC(103)   JNI Weak                       Min:  0.0, Avg:  0.0, Max:  0.0, Diff:  0.0, Sum:  0.0, Workers: 4
[40.309s][debug][gc,phases      ] GC(103)     Dead                           Min: 0, Avg:  0.0, Max: 0, Diff: 0, Sum: 0, Workers: 4
[40.309s][debug][gc,phases      ] GC(103)     Total                          Min: 0, Avg:  0.2, Max: 1, Diff: 1, Sum: 1, Workers: 4
[40.309s][debug][gc,phases      ] GC(103)   StringDedup Table Weak         Min:  0.0, Avg:  0.0, Max:  0.0, Diff:  0.0, Sum:  0.0, Workers: 4
[40.309s][debug][gc,phases      ] GC(103)     Dead                           Min: 0, Avg:  0.0, Max: 0, Diff: 0, Sum: 0, Workers: 4
[40.309s][debug][gc,phases      ] GC(103)     Total                          Min: 0, Avg:  0.0, Max: 0, Diff: 0, Sum: 0, Workers: 4
[40.309s][debug][gc,phases      ] GC(103)   StringDedup Requests0 Weak     Min:  0.0, Avg:  0.0, Max:  0.0, Diff:  0.0, Sum:  0.0, Workers: 4
[40.309s][debug][gc,phases      ] GC(103)     Dead                           Min: 0, Avg:  0.0, Max: 0, Diff: 0, Sum: 0, Workers: 4
[40.309s][debug][gc,phases      ] GC(103)     Total                          Min: 0, Avg:  0.0, Max: 0, Diff: 0, Sum: 0, Workers: 4
[40.309s][debug][gc,phases      ] GC(103)   StringDedup Requests1 Weak     Min:  0.0, Avg:  0.0, Max:  0.0, Diff:  0.0, Sum:  0.0, Workers: 4
[40.309s][debug][gc,phases      ] GC(103)     Dead                           Min: 0, Avg:  0.0, Max: 0, Diff: 0, Sum: 0, Workers: 4
[40.309s][debug][gc,phases      ] GC(103)     Total                          Min: 0, Avg:  0.0, Max: 0, Diff: 0, Sum: 0, Workers: 4
[40.309s][debug][gc,phases      ] GC(103)   Weak JFR Old Object Samples    Min:  0.0, Avg:  0.0, Max:  0.0, Diff:  0.0, Sum:  0.0, Workers: 4
[40.309s][debug][gc,phases      ] GC(103)     Dead                           Min: 0, Avg:  0.0, Max: 0, Diff: 0, Sum: 0, Workers: 4
[40.309s][debug][gc,phases      ] GC(103)     Total                          Min: 0, Avg:  0.0, Max: 0, Diff: 0, Sum: 0, Workers: 4
[40.309s][debug][gc,phases      ] GC(103) Weak Processing 0.376ms
[40.309s][debug][gc,age         ] GC(103) Desired survivor size 284688384 bytes, new threshold 15 (max threshold 15)
[40.309s][info ][gc,heap        ] GC(103) PSYoungGen: 1758473K(1819136K)->203298K(1769472K) Eden: 1565696K(1565696K)->0K(1565696K) From: 192777K(253440K)->203298K(203776K)
[40.309s][info ][gc,heap        ] GC(103) ParOldGen: 527241K(629760K)->527241K(629760K)
[40.309s][info ][gc,metaspace   ] GC(103) Metaspace: 68267K(68928K)->68267K(68928K) NonClass: 58399K(58752K)->58399K(58752K) Class: 9867K(10176K)->9867K(10176K)
[40.309s][info ][gc             ] GC(103) Pause Young (Allocation Failure) 2232M->713M(2343M) 50.913ms
[40.309s][info ][gc,cpu         ] GC(103) User=0.25s Sys=0.00s Real=0.05s
[40.309s][info ][safepoint      ] Safepoint "ParallelGCFailedAllocation", Time since last: 311716372 ns, Reaching safepoint: 142203 ns, At safepoint: 51031910 ns, Total: 51174113 ns
[40.637s][info ][gc,start       ] GC(104) Pause Young (Allocation Failure)
[40.696s][debug][gc,phases      ] GC(104) Scavenge 59.459ms
[40.697s][debug][gc,ref         ] GC(104) Skipped phase 1 of Reference Processing: no references
[40.697s][debug][gc,ref         ] GC(104) ReferenceProcessor::execute queues: 1, RefProcThreadModel::Single, marks_oops_alive: false
[40.697s][debug][gc,ref         ] GC(104) Skipped phase 3 of Reference Processing: no references
[40.697s][debug][gc,ref         ] GC(104) Skipped phase 4 of Reference Processing: no references
[40.697s][debug][gc,phases      ] GC(104) Reference Processing 0.114ms
[40.697s][debug][gc,phases      ] GC(104)   VM Weak                        Min:  0.0, Avg:  0.0, Max:  0.0, Diff:  0.0, Sum:  0.0, Workers: 4
[40.697s][debug][gc,phases      ] GC(104)     Dead                           Min: 0, Avg:  0.0, Max: 0, Diff: 0, Sum: 0, Workers: 4
[40.697s][debug][gc,phases      ] GC(104)     Total                          Min: 0, Avg: 130.8, Max: 523, Diff: 523, Sum: 523, Workers: 4
[40.697s][debug][gc,phases      ] GC(104)   ObjectSynchronizer Weak        Min:  0.0, Avg:  0.0, Max:  0.0, Diff:  0.0, Sum:  0.0, Workers: 4
[40.697s][debug][gc,phases      ] GC(104)     Dead                           Min: 0, Avg:  0.0, Max: 0, Diff: 0, Sum: 0, Workers: 4
[40.697s][debug][gc,phases      ] GC(104)     Total                          Min: 0, Avg: 98.0, Max: 200, Diff: 200, Sum: 392, Workers: 4
[40.697s][debug][gc,phases      ] GC(104)   JVMTI Tag Weak OopStorage      Min:  0.0, Avg:  0.0, Max:  0.0, Diff:  0.0, Sum:  0.0, Workers: 4
[40.697s][debug][gc,phases      ] GC(104)     Dead                           Min: 0, Avg:  0.0, Max: 0, Diff: 0, Sum: 0, Workers: 4
[40.697s][debug][gc,phases      ] GC(104)     Total                          Min: 0, Avg:  0.0, Max: 0, Diff: 0, Sum: 0, Workers: 4
[40.697s][debug][gc,phases      ] GC(104)   StringTable Weak               Min:  0.1, Avg:  0.1, Max:  0.1, Diff:  0.0, Sum:  0.4, Workers: 4
[40.697s][debug][gc,phases      ] GC(104)     Dead                           Min: 0, Avg:  0.0, Max: 0, Diff: 0, Sum: 0, Workers: 4
[40.697s][debug][gc,phases      ] GC(104)     Total                          Min: 9728, Avg: 10653.5, Max: 11456, Diff: 1728, Sum: 42614, Workers: 4
[40.697s][debug][gc,phases      ] GC(104)   ResolvedMethodTable Weak       Min:  0.0, Avg:  0.0, Max:  0.0, Diff:  0.0, Sum:  0.1, Workers: 4
[40.697s][debug][gc,phases      ] GC(104)     Dead                           Min: 0, Avg:  0.0, Max: 0, Diff: 0, Sum: 0, Workers: 4
[40.697s][debug][gc,phases      ] GC(104)     Total                          Min: 1600, Avg: 1775.2, Max: 1981, Diff: 381, Sum: 7101, Workers: 4
[40.697s][debug][gc,phases      ] GC(104)   JNI Weak                       Min:  0.0, Avg:  0.0, Max:  0.0, Diff:  0.0, Sum:  0.0, Workers: 4
[40.697s][debug][gc,phases      ] GC(104)     Dead                           Min: 0, Avg:  0.0, Max: 0, Diff: 0, Sum: 0, Workers: 4
[40.697s][debug][gc,phases      ] GC(104)     Total                          Min: 0, Avg:  0.0, Max: 0, Diff: 0, Sum: 0, Workers: 4
[40.697s][debug][gc,phases      ] GC(104)   StringDedup Table Weak         Min:  0.0, Avg:  0.0, Max:  0.0, Diff:  0.0, Sum:  0.0, Workers: 4
[40.697s][debug][gc,phases      ] GC(104)     Dead                           Min: 0, Avg:  0.0, Max: 0, Diff: 0, Sum: 0, Workers: 4
[40.697s][debug][gc,phases      ] GC(104)     Total                          Min: 0, Avg:  0.0, Max: 0, Diff: 0, Sum: 0, Workers: 4
[40.697s][debug][gc,phases      ] GC(104)   StringDedup Requests0 Weak     Min:  0.0, Avg:  0.0, Max:  0.0, Diff:  0.0, Sum:  0.0, Workers: 4
[40.697s][debug][gc,phases      ] GC(104)     Dead                           Min: 0, Avg:  0.0, Max: 0, Diff: 0, Sum: 0, Workers: 4
[40.697s][debug][gc,phases      ] GC(104)     Total                          Min: 0, Avg:  0.0, Max: 0, Diff: 0, Sum: 0, Workers: 4
[40.697s][debug][gc,phases      ] GC(104)   StringDedup Requests1 Weak     Min:  0.0, Avg:  0.0, Max:  0.0, Diff:  0.0, Sum:  0.0, Workers: 4
[40.697s][debug][gc,phases      ] GC(104)     Dead                           Min: 0, Avg:  0.0, Max: 0, Diff: 0, Sum: 0, Workers: 4
[40.697s][debug][gc,phases      ] GC(104)     Total                          Min: 0, Avg:  0.0, Max: 0, Diff: 0, Sum: 0, Workers: 4
[40.697s][debug][gc,phases      ] GC(104)   Weak JFR Old Object Samples    Min:  0.0, Avg:  0.0, Max:  0.0, Diff:  0.0, Sum:  0.0, Workers: 4
[40.697s][debug][gc,phases      ] GC(104)     Dead                           Min: 0, Avg:  0.0, Max: 0, Diff: 0, Sum: 0, Workers: 4
[40.697s][debug][gc,phases      ] GC(104)     Total                          Min: 0, Avg:  0.0, Max: 0, Diff: 0, Sum: 0, Workers: 4
[40.697s][debug][gc,phases      ] GC(104) Weak Processing 0.308ms
[40.697s][debug][gc,age         ] GC(104) Desired survivor size 303562752 bytes, new threshold 15 (max threshold 15)
[40.697s][info ][gc,heap        ] GC(104) PSYoungGen: 1768994K(1769472K)->226569K(1782272K) Eden: 1565696K(1565696K)->0K(1504256K) From: 203298K(203776K)->226569K(278016K)
[40.697s][info ][gc,heap        ] GC(104) ParOldGen: 527241K(629760K)->527241K(629760K)
[40.697s][info ][gc,metaspace   ] GC(104) Metaspace: 68269K(68928K)->68269K(68928K) NonClass: 58401K(58752K)->58401K(58752K) Class: 9867K(10176K)->9867K(10176K)
[40.697s][info ][gc             ] GC(104) Pause Young (Allocation Failure) 2242M->736M(2355M) 60.030ms
[40.697s][info ][gc,cpu         ] GC(104) User=0.23s Sys=0.01s Real=0.06s
[40.697s][info ][safepoint      ] Safepoint "ParallelGCFailedAllocation", Time since last: 328044295 ns, Reaching safepoint: 128102 ns, At safepoint: 60148191 ns, Total: 60276293 ns
[40.984s][info ][gc,start       ] GC(105) Pause Young (Allocation Failure)
[41.037s][debug][gc,phases      ] GC(105) Scavenge 52.466ms
[41.037s][debug][gc,ref         ] GC(105) Skipped phase 1 of Reference Processing: no references
[41.037s][debug][gc,ref         ] GC(105) ReferenceProcessor::execute queues: 1, RefProcThreadModel::Single, marks_oops_alive: false
[41.037s][debug][gc,ref         ] GC(105) Skipped phase 3 of Reference Processing: no references
[41.037s][debug][gc,ref         ] GC(105) Skipped phase 4 of Reference Processing: no references
[41.037s][debug][gc,phases      ] GC(105) Reference Processing 0.117ms
[41.037s][debug][gc,phases      ] GC(105)   VM Weak                        Min:  0.0, Avg:  0.0, Max:  0.0, Diff:  0.0, Sum:  0.0, Workers: 4
[41.037s][debug][gc,phases      ] GC(105)     Dead                           Min: 0, Avg:  0.0, Max: 0, Diff: 0, Sum: 0, Workers: 4
[41.037s][debug][gc,phases      ] GC(105)     Total                          Min: 0, Avg: 130.8, Max: 320, Diff: 320, Sum: 523, Workers: 4
[41.037s][debug][gc,phases      ] GC(105)   ObjectSynchronizer Weak        Min:  0.0, Avg:  0.0, Max:  0.0, Diff:  0.0, Sum:  0.0, Workers: 4
[41.037s][debug][gc,phases      ] GC(105)     Dead                           Min: 0, Avg:  0.0, Max: 0, Diff: 0, Sum: 0, Workers: 4
[41.037s][debug][gc,phases      ] GC(105)     Total                          Min: 0, Avg: 98.0, Max: 256, Diff: 256, Sum: 392, Workers: 4
[41.037s][debug][gc,phases      ] GC(105)   JVMTI Tag Weak OopStorage      Min:  0.0, Avg:  0.0, Max:  0.0, Diff:  0.0, Sum:  0.0, Workers: 4
[41.037s][debug][gc,phases      ] GC(105)     Dead                           Min: 0, Avg:  0.0, Max: 0, Diff: 0, Sum: 0, Workers: 4
[41.037s][debug][gc,phases      ] GC(105)     Total                          Min: 0, Avg:  0.0, Max: 0, Diff: 0, Sum: 0, Workers: 4
[41.037s][debug][gc,phases      ] GC(105)   StringTable Weak               Min:  0.1, Avg:  0.1, Max:  0.1, Diff:  0.0, Sum:  0.4, Workers: 4
[41.037s][debug][gc,phases      ] GC(105)     Dead                           Min: 0, Avg:  2.8, Max: 11, Diff: 11, Sum: 11, Workers: 4
[41.037s][debug][gc,phases      ] GC(105)     Total                          Min: 9664, Avg: 10654.0, Max: 11456, Diff: 1792, Sum: 42616, Workers: 4
[41.037s][debug][gc,phases      ] GC(105)   ResolvedMethodTable Weak       Min:  0.0, Avg:  0.0, Max:  0.0, Diff:  0.0, Sum:  0.1, Workers: 4
[41.037s][debug][gc,phases      ] GC(105)     Dead                           Min: 0, Avg:  0.0, Max: 0, Diff: 0, Sum: 0, Workers: 4
[41.037s][debug][gc,phases      ] GC(105)     Total                          Min: 1597, Avg: 1775.2, Max: 1920, Diff: 323, Sum: 7101, Workers: 4
[41.037s][debug][gc,phases      ] GC(105)   JNI Weak                       Min:  0.0, Avg:  0.0, Max:  0.0, Diff:  0.0, Sum:  0.0, Workers: 4
[41.037s][debug][gc,phases      ] GC(105)     Dead                           Min: 0, Avg:  0.0, Max: 0, Diff: 0, Sum: 0, Workers: 4
[41.037s][debug][gc,phases      ] GC(105)     Total                          Min: 0, Avg:  0.0, Max: 0, Diff: 0, Sum: 0, Workers: 4
[41.037s][debug][gc,phases      ] GC(105)   StringDedup Table Weak         Min:  0.0, Avg:  0.0, Max:  0.0, Diff:  0.0, Sum:  0.0, Workers: 4
[41.037s][debug][gc,phases      ] GC(105)     Dead                           Min: 0, Avg:  0.0, Max: 0, Diff: 0, Sum: 0, Workers: 4
[41.037s][debug][gc,phases      ] GC(105)     Total                          Min: 0, Avg:  0.0, Max: 0, Diff: 0, Sum: 0, Workers: 4
[41.037s][debug][gc,phases      ] GC(105)   StringDedup Requests0 Weak     Min:  0.0, Avg:  0.0, Max:  0.0, Diff:  0.0, Sum:  0.0, Workers: 4
[41.037s][debug][gc,phases      ] GC(105)     Dead                           Min: 0, Avg:  0.0, Max: 0, Diff: 0, Sum: 0, Workers: 4
[41.037s][debug][gc,phases      ] GC(105)     Total                          Min: 0, Avg:  0.0, Max: 0, Diff: 0, Sum: 0, Workers: 4
[41.037s][debug][gc,phases      ] GC(105)   StringDedup Requests1 Weak     Min:  0.0, Avg:  0.0, Max:  0.0, Diff:  0.0, Sum:  0.0, Workers: 4
[41.037s][debug][gc,phases      ] GC(105)     Dead                           Min: 0, Avg:  0.0, Max: 0, Diff: 0, Sum: 0, Workers: 4
[41.037s][debug][gc,phases      ] GC(105)     Total                          Min: 0, Avg:  0.0, Max: 0, Diff: 0, Sum: 0, Workers: 4
[41.037s][debug][gc,phases      ] GC(105)   Weak JFR Old Object Samples    Min:  0.0, Avg:  0.0, Max:  0.0, Diff:  0.0, Sum:  0.0, Workers: 4
[41.037s][debug][gc,phases      ] GC(105)     Dead                           Min: 0, Avg:  0.0, Max: 0, Diff: 0, Sum: 0, Workers: 4
[41.037s][debug][gc,phases      ] GC(105)     Total                          Min: 0, Avg:  0.0, Max: 0, Diff: 0, Sum: 0, Workers: 4
[41.037s][debug][gc,phases      ] GC(105) Weak Processing 0.320ms
[41.037s][debug][gc,age         ] GC(105) Desired survivor size 320339968 bytes, new threshold 15 (max threshold 15)
[41.037s][info ][gc,heap        ] GC(105) PSYoungGen: 1730825K(1782272K)->232713K(1737216K) Eden: 1504256K(1504256K)->0K(1504256K) From: 226569K(278016K)->232713K(232960K)
[41.037s][info ][gc,heap        ] GC(105) ParOldGen: 527241K(629760K)->527241K(629760K)
[41.037s][info ][gc,metaspace   ] GC(105) Metaspace: 68276K(68928K)->68276K(68928K) NonClass: 58409K(58752K)->58409K(58752K) Class: 9867K(10176K)->9867K(10176K)
[41.037s][info ][gc             ] GC(105) Pause Young (Allocation Failure) 2205M->742M(2311M) 53.052ms
[41.037s][info ][gc,cpu         ] GC(105) User=0.20s Sys=0.01s Real=0.05s
[41.037s][info ][safepoint      ] Safepoint "ParallelGCFailedAllocation", Time since last: 286747477 ns, Reaching safepoint: 140303 ns, At safepoint: 53188453 ns, Total: 53328756 ns
[41.341s][info ][gc,start       ] GC(106) Pause Young (Allocation Failure)
[41.403s][debug][gc,phases      ] GC(106) Scavenge 61.868ms
[41.403s][debug][gc,ref         ] GC(106) Skipped phase 1 of Reference Processing: no references
[41.403s][debug][gc,ref         ] GC(106) ReferenceProcessor::execute queues: 1, RefProcThreadModel::Single, marks_oops_alive: false
[41.403s][debug][gc,ref         ] GC(106) Skipped phase 3 of Reference Processing: no references
[41.403s][debug][gc,ref         ] GC(106) Skipped phase 4 of Reference Processing: no references
[41.403s][debug][gc,phases      ] GC(106) Reference Processing 0.128ms
[41.404s][debug][gc,phases      ] GC(106)   VM Weak                        Min:  0.0, Avg:  0.0, Max:  0.0, Diff:  0.0, Sum:  0.0, Workers: 4
[41.404s][debug][gc,phases      ] GC(106)     Dead                           Min: 0, Avg:  0.0, Max: 0, Diff: 0, Sum: 0, Workers: 4
[41.404s][debug][gc,phases      ] GC(106)     Total                          Min: 0, Avg: 130.8, Max: 523, Diff: 523, Sum: 523, Workers: 4
[41.404s][debug][gc,phases      ] GC(106)   ObjectSynchronizer Weak        Min:  0.0, Avg:  0.0, Max:  0.0, Diff:  0.0, Sum:  0.0, Workers: 4
[41.404s][debug][gc,phases      ] GC(106)     Dead                           Min: 0, Avg:  0.0, Max: 0, Diff: 0, Sum: 0, Workers: 4
[41.404s][debug][gc,phases      ] GC(106)     Total                          Min: 0, Avg: 98.0, Max: 256, Diff: 256, Sum: 392, Workers: 4
[41.404s][debug][gc,phases      ] GC(106)   JVMTI Tag Weak OopStorage      Min:  0.0, Avg:  0.0, Max:  0.0, Diff:  0.0, Sum:  0.0, Workers: 4
[41.404s][debug][gc,phases      ] GC(106)     Dead                           Min: 0, Avg:  0.0, Max: 0, Diff: 0, Sum: 0, Workers: 4
[41.404s][debug][gc,phases      ] GC(106)     Total                          Min: 0, Avg:  0.0, Max: 0, Diff: 0, Sum: 0, Workers: 4
[41.404s][debug][gc,phases      ] GC(106)   StringTable Weak               Min:  0.1, Avg:  0.1, Max:  0.1, Diff:  0.0, Sum:  0.4, Workers: 4
[41.404s][debug][gc,phases      ] GC(106)     Dead                           Min: 0, Avg:  2.8, Max: 11, Diff: 11, Sum: 11, Workers: 4
[41.404s][debug][gc,phases      ] GC(106)     Total                          Min: 9536, Avg: 10654.0, Max: 11584, Diff: 2048, Sum: 42616, Workers: 4
[41.404s][debug][gc,phases      ] GC(106)   ResolvedMethodTable Weak       Min:  0.0, Avg:  0.0, Max:  0.0, Diff:  0.0, Sum:  0.1, Workers: 4
[41.404s][debug][gc,phases      ] GC(106)     Dead                           Min: 0, Avg:  0.0, Max: 0, Diff: 0, Sum: 0, Workers: 4
[41.404s][debug][gc,phases      ] GC(106)     Total                          Min: 1536, Avg: 1775.2, Max: 2176, Diff: 640, Sum: 7101, Workers: 4
[41.404s][debug][gc,phases      ] GC(106)   JNI Weak                       Min:  0.0, Avg:  0.0, Max:  0.0, Diff:  0.0, Sum:  0.0, Workers: 4
[41.404s][debug][gc,phases      ] GC(106)     Dead                           Min: 0, Avg:  0.0, Max: 0, Diff: 0, Sum: 0, Workers: 4
[41.404s][debug][gc,phases      ] GC(106)     Total                          Min: 0, Avg:  0.0, Max: 0, Diff: 0, Sum: 0, Workers: 4
[41.404s][debug][gc,phases      ] GC(106)   StringDedup Table Weak         Min:  0.0, Avg:  0.0, Max:  0.0, Diff:  0.0, Sum:  0.0, Workers: 4
[41.404s][debug][gc,phases      ] GC(106)     Dead                           Min: 0, Avg:  0.0, Max: 0, Diff: 0, Sum: 0, Workers: 4
[41.404s][debug][gc,phases      ] GC(106)     Total                          Min: 0, Avg:  0.0, Max: 0, Diff: 0, Sum: 0, Workers: 4
[41.404s][debug][gc,phases      ] GC(106)   StringDedup Requests0 Weak     Min:  0.0, Avg:  0.0, Max:  0.0, Diff:  0.0, Sum:  0.0, Workers: 4
[41.404s][debug][gc,phases      ] GC(106)     Dead                           Min: 0, Avg:  0.0, Max: 0, Diff: 0, Sum: 0, Workers: 4
[41.404s][debug][gc,phases      ] GC(106)     Total                          Min: 0, Avg:  0.0, Max: 0, Diff: 0, Sum: 0, Workers: 4
[41.404s][debug][gc,phases      ] GC(106)   StringDedup Requests1 Weak     Min:  0.0, Avg:  0.0, Max:  0.0, Diff:  0.0, Sum:  0.0, Workers: 4
[41.404s][debug][gc,phases      ] GC(106)     Dead                           Min: 0, Avg:  0.0, Max: 0, Diff: 0, Sum: 0, Workers: 4
[41.404s][debug][gc,phases      ] GC(106)     Total                          Min: 0, Avg:  0.0, Max: 0, Diff: 0, Sum: 0, Workers: 4
[41.404s][debug][gc,phases      ] GC(106)   Weak JFR Old Object Samples    Min:  0.0, Avg:  0.0, Max:  0.0, Diff:  0.0, Sum:  0.0, Workers: 4
[41.404s][debug][gc,phases      ] GC(106)     Dead                           Min: 0, Avg:  0.0, Max: 0, Diff: 0, Sum: 0, Workers: 4
[41.404s][debug][gc,phases      ] GC(106)     Total                          Min: 0, Avg:  0.0, Max: 0, Diff: 0, Sum: 0, Workers: 4
[41.404s][debug][gc,phases      ] GC(106) Weak Processing 0.290ms
[41.404s][debug][gc,age         ] GC(106) Desired survivor size 337117184 bytes, new threshold 15 (max threshold 15)
[41.404s][info ][gc,heap        ] GC(106) PSYoungGen: 1736969K(1737216K)->243177K(1751552K) Eden: 1504256K(1504256K)->0K(1438720K) From: 232713K(232960K)->243177K(312832K)
[41.404s][info ][gc,heap        ] GC(106) ParOldGen: 527241K(629760K)->527241K(629760K)
[41.404s][info ][gc,metaspace   ] GC(106) Metaspace: 68281K(68992K)->68281K(68992K) NonClass: 58413K(58816K)->58413K(58816K) Class: 9867K(10176K)->9867K(10176K)
[41.404s][info ][gc             ] GC(106) Pause Young (Allocation Failure) 2211M->752M(2325M) 62.426ms
[41.404s][info ][gc,cpu         ] GC(106) User=0.24s Sys=0.00s Real=0.07s
[41.404s][info ][safepoint      ] Safepoint "ParallelGCFailedAllocation", Time since last: 304056220 ns, Reaching safepoint: 104002 ns, At safepoint: 62537038 ns, Total: 62641040 ns
[41.680s][info ][gc,start       ] GC(107) Pause Young (Allocation Failure)
[41.740s][debug][gc,phases      ] GC(107) Scavenge 59.506ms
[41.740s][debug][gc,ref         ] GC(107) Skipped phase 1 of Reference Processing: no references
[41.740s][debug][gc,ref         ] GC(107) ReferenceProcessor::execute queues: 1, RefProcThreadModel::Single, marks_oops_alive: false
[41.740s][debug][gc,ref         ] GC(107) Skipped phase 3 of Reference Processing: no references
[41.740s][debug][gc,ref         ] GC(107) Skipped phase 4 of Reference Processing: no references
[41.740s][debug][gc,phases      ] GC(107) Reference Processing 0.085ms
[41.740s][debug][gc,phases      ] GC(107)   VM Weak                        Min:  0.0, Avg:  0.0, Max:  0.0, Diff:  0.0, Sum:  0.0, Workers: 4
[41.740s][debug][gc,phases      ] GC(107)     Dead                           Min: 0, Avg:  0.0, Max: 0, Diff: 0, Sum: 0, Workers: 4
[41.740s][debug][gc,phases      ] GC(107)     Total                          Min: 0, Avg: 130.8, Max: 523, Diff: 523, Sum: 523, Workers: 4
[41.740s][debug][gc,phases      ] GC(107)   ObjectSynchronizer Weak        Min:  0.0, Avg:  0.0, Max:  0.0, Diff:  0.0, Sum:  0.0, Workers: 4
[41.740s][debug][gc,phases      ] GC(107)     Dead                           Min: 0, Avg:  0.0, Max: 0, Diff: 0, Sum: 0, Workers: 4
[41.740s][debug][gc,phases      ] GC(107)     Total                          Min: 0, Avg: 98.0, Max: 392, Diff: 392, Sum: 392, Workers: 4
[41.740s][debug][gc,phases      ] GC(107)   JVMTI Tag Weak OopStorage      Min:  0.0, Avg:  0.0, Max:  0.0, Diff:  0.0, Sum:  0.0, Workers: 4
[41.740s][debug][gc,phases      ] GC(107)     Dead                           Min: 0, Avg:  0.0, Max: 0, Diff: 0, Sum: 0, Workers: 4
[41.740s][debug][gc,phases      ] GC(107)     Total                          Min: 0, Avg:  0.0, Max: 0, Diff: 0, Sum: 0, Workers: 4
[41.740s][debug][gc,phases      ] GC(107)   StringTable Weak               Min:  0.1, Avg:  0.1, Max:  0.1, Diff:  0.0, Sum:  0.4, Workers: 4
[41.740s][debug][gc,phases      ] GC(107)     Dead                           Min: 0, Avg:  0.0, Max: 0, Diff: 0, Sum: 0, Workers: 4
[41.740s][debug][gc,phases      ] GC(107)     Total                          Min: 9216, Avg: 10670.0, Max: 12288, Diff: 3072, Sum: 42680, Workers: 4
[41.740s][debug][gc,phases      ] GC(107)   ResolvedMethodTable Weak       Min:  0.0, Avg:  0.0, Max:  0.0, Diff:  0.0, Sum:  0.1, Workers: 4
[41.740s][debug][gc,phases      ] GC(107)     Dead                           Min: 0, Avg:  0.0, Max: 0, Diff: 0, Sum: 0, Workers: 4
[41.740s][debug][gc,phases      ] GC(107)     Total                          Min: 1600, Avg: 1775.2, Max: 1981, Diff: 381, Sum: 7101, Workers: 4
[41.740s][debug][gc,phases      ] GC(107)   JNI Weak                       Min:  0.0, Avg:  0.0, Max:  0.0, Diff:  0.0, Sum:  0.0, Workers: 4
[41.740s][debug][gc,phases      ] GC(107)     Dead                           Min: 0, Avg:  0.0, Max: 0, Diff: 0, Sum: 0, Workers: 4
[41.740s][debug][gc,phases      ] GC(107)     Total                          Min: 0, Avg:  0.2, Max: 1, Diff: 1, Sum: 1, Workers: 4
[41.740s][debug][gc,phases      ] GC(107)   StringDedup Table Weak         Min:  0.0, Avg:  0.0, Max:  0.0, Diff:  0.0, Sum:  0.0, Workers: 4
[41.740s][debug][gc,phases      ] GC(107)     Dead                           Min: 0, Avg:  0.0, Max: 0, Diff: 0, Sum: 0, Workers: 4
[41.740s][debug][gc,phases      ] GC(107)     Total                          Min: 0, Avg:  0.0, Max: 0, Diff: 0, Sum: 0, Workers: 4
[41.740s][debug][gc,phases      ] GC(107)   StringDedup Requests0 Weak     Min:  0.0, Avg:  0.0, Max:  0.0, Diff:  0.0, Sum:  0.0, Workers: 4
[41.740s][debug][gc,phases      ] GC(107)     Dead                           Min: 0, Avg:  0.0, Max: 0, Diff: 0, Sum: 0, Workers: 4
[41.740s][debug][gc,phases      ] GC(107)     Total                          Min: 0, Avg:  0.0, Max: 0, Diff: 0, Sum: 0, Workers: 4
[41.740s][debug][gc,phases      ] GC(107)   StringDedup Requests1 Weak     Min:  0.0, Avg:  0.0, Max:  0.0, Diff:  0.0, Sum:  0.0, Workers: 4
[41.740s][debug][gc,phases      ] GC(107)     Dead                           Min: 0, Avg:  0.0, Max: 0, Diff: 0, Sum: 0, Workers: 4
[41.740s][debug][gc,phases      ] GC(107)     Total                          Min: 0, Avg:  0.0, Max: 0, Diff: 0, Sum: 0, Workers: 4
[41.740s][debug][gc,phases      ] GC(107)   Weak JFR Old Object Samples    Min:  0.0, Avg:  0.0, Max:  0.0, Diff:  0.0, Sum:  0.0, Workers: 4
[41.740s][debug][gc,phases      ] GC(107)     Dead                           Min: 0, Avg:  0.0, Max: 0, Diff: 0, Sum: 0, Workers: 4
[41.740s][debug][gc,phases      ] GC(107)     Total                          Min: 0, Avg:  0.0, Max: 0, Diff: 0, Sum: 0, Workers: 4
[41.740s][debug][gc,phases      ] GC(107) Weak Processing 0.307ms
[41.740s][debug][gc,age         ] GC(107) Desired survivor size 352845824 bytes, new threshold 15 (max threshold 15)
[41.740s][info ][gc,heap        ] GC(107) PSYoungGen: 1681897K(1751552K)->251753K(1690624K) Eden: 1438720K(1438720K)->0K(1438720K) From: 243177K(312832K)->251753K(251904K)
[41.740s][info ][gc,heap        ] GC(107) ParOldGen: 527241K(629760K)->527241K(629760K)
[41.740s][info ][gc,metaspace   ] GC(107) Metaspace: 68286K(68992K)->68286K(68992K) NonClass: 58418K(58816K)->58418K(58816K) Class: 9867K(10176K)->9867K(10176K)
[41.740s][info ][gc             ] GC(107) Pause Young (Allocation Failure) 2157M->760M(2266M) 60.031ms
[41.740s][info ][gc,cpu         ] GC(107) User=0.24s Sys=0.00s Real=0.06s
[41.740s][info ][safepoint      ] Safepoint "ParallelGCFailedAllocation", Time since last: 276187768 ns, Reaching safepoint: 134603 ns, At safepoint: 60147991 ns, Total: 60282594 ns
[42.032s][info ][gc,start       ] GC(108) Pause Young (Allocation Failure)
[42.101s][debug][gc,phases      ] GC(108) Scavenge 68.509ms
[42.101s][debug][gc,ref         ] GC(108) Skipped phase 1 of Reference Processing: no references
[42.101s][debug][gc,ref         ] GC(108) ReferenceProcessor::execute queues: 1, RefProcThreadModel::Single, marks_oops_alive: false
[42.101s][debug][gc,ref         ] GC(108) Skipped phase 3 of Reference Processing: no references
[42.101s][debug][gc,ref         ] GC(108) Skipped phase 4 of Reference Processing: no references
[42.101s][debug][gc,phases      ] GC(108) Reference Processing 0.115ms
[42.101s][debug][gc,phases      ] GC(108)   VM Weak                        Min:  0.0, Avg:  0.0, Max:  0.0, Diff:  0.0, Sum:  0.0, Workers: 4
[42.101s][debug][gc,phases      ] GC(108)     Dead                           Min: 0, Avg:  0.0, Max: 0, Diff: 0, Sum: 0, Workers: 4
[42.101s][debug][gc,phases      ] GC(108)     Total                          Min: 0, Avg: 130.8, Max: 523, Diff: 523, Sum: 523, Workers: 4
[42.101s][debug][gc,phases      ] GC(108)   ObjectSynchronizer Weak        Min:  0.0, Avg:  0.0, Max:  0.0, Diff:  0.0, Sum:  0.0, Workers: 4
[42.101s][debug][gc,phases      ] GC(108)     Dead                           Min: 0, Avg:  0.0, Max: 0, Diff: 0, Sum: 0, Workers: 4
[42.101s][debug][gc,phases      ] GC(108)     Total                          Min: 0, Avg: 98.0, Max: 392, Diff: 392, Sum: 392, Workers: 4
[42.101s][debug][gc,phases      ] GC(108)   JVMTI Tag Weak OopStorage      Min:  0.0, Avg:  0.0, Max:  0.0, Diff:  0.0, Sum:  0.0, Workers: 4
[42.101s][debug][gc,phases      ] GC(108)     Dead                           Min: 0, Avg:  0.0, Max: 0, Diff: 0, Sum: 0, Workers: 4
[42.101s][debug][gc,phases      ] GC(108)     Total                          Min: 0, Avg:  0.0, Max: 0, Diff: 0, Sum: 0, Workers: 4
[42.101s][debug][gc,phases      ] GC(108)   StringTable Weak               Min:  0.1, Avg:  0.1, Max:  0.1, Diff:  0.0, Sum:  0.4, Workers: 4
[42.101s][debug][gc,phases      ] GC(108)     Dead                           Min: 0, Avg:  2.8, Max: 8, Diff: 8, Sum: 11, Workers: 4
[42.101s][debug][gc,phases      ] GC(108)     Total                          Min: 10176, Avg: 10670.0, Max: 11200, Diff: 1024, Sum: 42680, Workers: 4
[42.101s][debug][gc,phases      ] GC(108)   ResolvedMethodTable Weak       Min:  0.0, Avg:  0.0, Max:  0.0, Diff:  0.0, Sum:  0.1, Workers: 4
[42.101s][debug][gc,phases      ] GC(108)     Dead                           Min: 0, Avg:  0.0, Max: 0, Diff: 0, Sum: 0, Workers: 4
[42.101s][debug][gc,phases      ] GC(108)     Total                          Min: 1600, Avg: 1775.2, Max: 1920, Diff: 320, Sum: 7101, Workers: 4
[42.101s][debug][gc,phases      ] GC(108)   JNI Weak                       Min:  0.0, Avg:  0.0, Max:  0.0, Diff:  0.0, Sum:  0.0, Workers: 4
[42.101s][debug][gc,phases      ] GC(108)     Dead                           Min: 0, Avg:  0.0, Max: 0, Diff: 0, Sum: 0, Workers: 4
[42.101s][debug][gc,phases      ] GC(108)     Total                          Min: 0, Avg:  0.2, Max: 1, Diff: 1, Sum: 1, Workers: 4
[42.101s][debug][gc,phases      ] GC(108)   StringDedup Table Weak         Min:  0.0, Avg:  0.0, Max:  0.0, Diff:  0.0, Sum:  0.0, Workers: 4
[42.101s][debug][gc,phases      ] GC(108)     Dead                           Min: 0, Avg:  0.0, Max: 0, Diff: 0, Sum: 0, Workers: 4
[42.101s][debug][gc,phases      ] GC(108)     Total                          Min: 0, Avg:  0.0, Max: 0, Diff: 0, Sum: 0, Workers: 4
[42.101s][debug][gc,phases      ] GC(108)   StringDedup Requests0 Weak     Min:  0.0, Avg:  0.0, Max:  0.0, Diff:  0.0, Sum:  0.0, Workers: 4
[42.101s][debug][gc,phases      ] GC(108)     Dead                           Min: 0, Avg:  0.0, Max: 0, Diff: 0, Sum: 0, Workers: 4
[42.101s][debug][gc,phases      ] GC(108)     Total                          Min: 0, Avg:  0.0, Max: 0, Diff: 0, Sum: 0, Workers: 4
[42.101s][debug][gc,phases      ] GC(108)   StringDedup Requests1 Weak     Min:  0.0, Avg:  0.0, Max:  0.0, Diff:  0.0, Sum:  0.0, Workers: 4
[42.101s][debug][gc,phases      ] GC(108)     Dead                           Min: 0, Avg:  0.0, Max: 0, Diff: 0, Sum: 0, Workers: 4
[42.101s][debug][gc,phases      ] GC(108)     Total                          Min: 0, Avg:  0.0, Max: 0, Diff: 0, Sum: 0, Workers: 4
[42.101s][debug][gc,phases      ] GC(108)   Weak JFR Old Object Samples    Min:  0.0, Avg:  0.0, Max:  0.0, Diff:  0.0, Sum:  0.0, Workers: 4
[42.101s][debug][gc,phases      ] GC(108)     Dead                           Min: 0, Avg:  0.0, Max: 0, Diff: 0, Sum: 0, Workers: 4
[42.101s][debug][gc,phases      ] GC(108)     Total                          Min: 0, Avg:  0.0, Max: 0, Diff: 0, Sum: 0, Workers: 4
[42.101s][debug][gc,phases      ] GC(108) Weak Processing 0.306ms
[42.101s][debug][gc,age         ] GC(108) Desired survivor size 369623040 bytes, new threshold 15 (max threshold 15)
[42.101s][info ][gc,heap        ] GC(108) PSYoungGen: 1690473K(1690624K)->264681K(1719808K) Eden: 1438720K(1438720K)->0K(1375232K) From: 251753K(251904K)->264681K(344576K)
[42.101s][info ][gc,heap        ] GC(108) ParOldGen: 527241K(629760K)->527241K(629760K)
[42.101s][info ][gc,metaspace   ] GC(108) Metaspace: 68288K(68992K)->68288K(68992K) NonClass: 58420K(58816K)->58420K(58816K) Class: 9867K(10176K)->9867K(10176K)
[42.101s][info ][gc             ] GC(108) Pause Young (Allocation Failure) 2165M->773M(2294M) 69.098ms
[42.101s][info ][gc,cpu         ] GC(108) User=0.29s Sys=0.00s Real=0.06s
[42.101s][info ][safepoint      ] Safepoint "ParallelGCFailedAllocation", Time since last: 291300167 ns, Reaching safepoint: 622112 ns, At safepoint: 69222770 ns, Total: 69844882 ns
[42.365s][info ][gc,start       ] GC(109) Pause Young (Allocation Failure)
[42.433s][debug][gc,phases      ] GC(109) Scavenge 67.417ms
[42.433s][debug][gc,ref         ] GC(109) Skipped phase 1 of Reference Processing: no references
[42.433s][debug][gc,ref         ] GC(109) ReferenceProcessor::execute queues: 1, RefProcThreadModel::Single, marks_oops_alive: false
[42.433s][debug][gc,ref         ] GC(109) Skipped phase 3 of Reference Processing: no references
[42.433s][debug][gc,ref         ] GC(109) Skipped phase 4 of Reference Processing: no references
[42.433s][debug][gc,phases      ] GC(109) Reference Processing 0.116ms
[42.433s][debug][gc,phases      ] GC(109)   VM Weak                        Min:  0.0, Avg:  0.0, Max:  0.0, Diff:  0.0, Sum:  0.0, Workers: 4
[42.433s][debug][gc,phases      ] GC(109)     Dead                           Min: 0, Avg:  0.0, Max: 0, Diff: 0, Sum: 0, Workers: 4
[42.433s][debug][gc,phases      ] GC(109)     Total                          Min: 0, Avg: 130.8, Max: 320, Diff: 320, Sum: 523, Workers: 4
[42.433s][debug][gc,phases      ] GC(109)   ObjectSynchronizer Weak        Min:  0.0, Avg:  0.0, Max:  0.0, Diff:  0.0, Sum:  0.0, Workers: 4
[42.433s][debug][gc,phases      ] GC(109)     Dead                           Min: 0, Avg:  0.0, Max: 0, Diff: 0, Sum: 0, Workers: 4
[42.433s][debug][gc,phases      ] GC(109)     Total                          Min: 0, Avg: 98.0, Max: 200, Diff: 200, Sum: 392, Workers: 4
[42.433s][debug][gc,phases      ] GC(109)   JVMTI Tag Weak OopStorage      Min:  0.0, Avg:  0.0, Max:  0.0, Diff:  0.0, Sum:  0.0, Workers: 4
[42.433s][debug][gc,phases      ] GC(109)     Dead                           Min: 0, Avg:  0.0, Max: 0, Diff: 0, Sum: 0, Workers: 4
[42.433s][debug][gc,phases      ] GC(109)     Total                          Min: 0, Avg:  0.0, Max: 0, Diff: 0, Sum: 0, Workers: 4
[42.433s][debug][gc,phases      ] GC(109)   StringTable Weak               Min:  0.1, Avg:  0.1, Max:  0.1, Diff:  0.0, Sum:  0.4, Workers: 4
[42.433s][debug][gc,phases      ] GC(109)     Dead                           Min: 0, Avg:  2.8, Max: 8, Diff: 8, Sum: 11, Workers: 4
[42.433s][debug][gc,phases      ] GC(109)     Total                          Min: 10045, Avg: 10670.0, Max: 11328, Diff: 1283, Sum: 42680, Workers: 4
[42.433s][debug][gc,phases      ] GC(109)   ResolvedMethodTable Weak       Min:  0.0, Avg:  0.0, Max:  0.0, Diff:  0.0, Sum:  0.1, Workers: 4
[42.433s][debug][gc,phases      ] GC(109)     Dead                           Min: 0, Avg:  0.0, Max: 0, Diff: 0, Sum: 0, Workers: 4
[42.433s][debug][gc,phases      ] GC(109)     Total                          Min: 1536, Avg: 1775.2, Max: 1920, Diff: 384, Sum: 7101, Workers: 4
[42.433s][debug][gc,phases      ] GC(109)   JNI Weak                       Min:  0.0, Avg:  0.0, Max:  0.0, Diff:  0.0, Sum:  0.0, Workers: 4
[42.433s][debug][gc,phases      ] GC(109)     Dead                           Min: 0, Avg:  0.0, Max: 0, Diff: 0, Sum: 0, Workers: 4
[42.433s][debug][gc,phases      ] GC(109)     Total                          Min: 0, Avg:  0.0, Max: 0, Diff: 0, Sum: 0, Workers: 4
[42.433s][debug][gc,phases      ] GC(109)   StringDedup Table Weak         Min:  0.0, Avg:  0.0, Max:  0.0, Diff:  0.0, Sum:  0.0, Workers: 4
[42.433s][debug][gc,phases      ] GC(109)     Dead                           Min: 0, Avg:  0.0, Max: 0, Diff: 0, Sum: 0, Workers: 4
[42.433s][debug][gc,phases      ] GC(109)     Total                          Min: 0, Avg:  0.0, Max: 0, Diff: 0, Sum: 0, Workers: 4
[42.433s][debug][gc,phases      ] GC(109)   StringDedup Requests0 Weak     Min:  0.0, Avg:  0.0, Max:  0.0, Diff:  0.0, Sum:  0.0, Workers: 4
[42.433s][debug][gc,phases      ] GC(109)     Dead                           Min: 0, Avg:  0.0, Max: 0, Diff: 0, Sum: 0, Workers: 4
[42.433s][debug][gc,phases      ] GC(109)     Total                          Min: 0, Avg:  0.0, Max: 0, Diff: 0, Sum: 0, Workers: 4
[42.433s][debug][gc,phases      ] GC(109)   StringDedup Requests1 Weak     Min:  0.0, Avg:  0.0, Max:  0.0, Diff:  0.0, Sum:  0.0, Workers: 4
[42.433s][debug][gc,phases      ] GC(109)     Dead                           Min: 0, Avg:  0.0, Max: 0, Diff: 0, Sum: 0, Workers: 4
[42.433s][debug][gc,phases      ] GC(109)     Total                          Min: 0, Avg:  0.0, Max: 0, Diff: 0, Sum: 0, Workers: 4
[42.433s][debug][gc,phases      ] GC(109)   Weak JFR Old Object Samples    Min:  0.0, Avg:  0.0, Max:  0.0, Diff:  0.0, Sum:  0.0, Workers: 4
[42.433s][debug][gc,phases      ] GC(109)     Dead                           Min: 0, Avg:  0.0, Max: 0, Diff: 0, Sum: 0, Workers: 4
[42.433s][debug][gc,phases      ] GC(109)     Total                          Min: 0, Avg:  0.0, Max: 0, Diff: 0, Sum: 0, Workers: 4
[42.433s][debug][gc,phases      ] GC(109) Weak Processing 0.324ms
[42.433s][debug][gc,age         ] GC(109) Desired survivor size 390070272 bytes, new threshold 15 (max threshold 15)
[42.433s][info ][gc,heap        ] GC(109) PSYoungGen: 1639913K(1719808K)->285545K(1660928K) Eden: 1375232K(1375232K)->0K(1375232K) From: 264681K(344576K)->285545K(285696K)
[42.433s][info ][gc,heap        ] GC(109) ParOldGen: 527241K(629760K)->527241K(629760K)
[42.433s][info ][gc,metaspace   ] GC(109) Metaspace: 68289K(68992K)->68289K(68992K) NonClass: 58421K(58816K)->58421K(58816K) Class: 9867K(10176K)->9867K(10176K)
[42.433s][info ][gc             ] GC(109) Pause Young (Allocation Failure) 2116M->793M(2237M) 67.997ms
[42.433s][info ][gc,cpu         ] GC(109) User=0.27s Sys=0.01s Real=0.07s
[42.433s][info ][safepoint      ] Safepoint "ParallelGCFailedAllocation", Time since last: 263525518 ns, Reaching safepoint: 135502 ns, At safepoint: 68114349 ns, Total: 68249851 ns
[42.688s][info ][gc,start       ] GC(110) Pause Young (Allocation Failure)
[42.767s][debug][gc,phases      ] GC(110) Scavenge 79.209ms
[42.767s][debug][gc,ref         ] GC(110) Skipped phase 1 of Reference Processing: no references
[42.767s][debug][gc,ref         ] GC(110) ReferenceProcessor::execute queues: 1, RefProcThreadModel::Single, marks_oops_alive: false
[42.767s][debug][gc,ref         ] GC(110) Skipped phase 3 of Reference Processing: no references
[42.767s][debug][gc,ref         ] GC(110) Skipped phase 4 of Reference Processing: no references
[42.767s][debug][gc,phases      ] GC(110) Reference Processing 0.107ms
[42.767s][debug][gc,phases      ] GC(110)   VM Weak                        Min:  0.0, Avg:  0.0, Max:  0.0, Diff:  0.0, Sum:  0.0, Workers: 4
[42.767s][debug][gc,phases      ] GC(110)     Dead                           Min: 0, Avg:  0.0, Max: 0, Diff: 0, Sum: 0, Workers: 4
[42.767s][debug][gc,phases      ] GC(110)     Total                          Min: 0, Avg: 130.8, Max: 320, Diff: 320, Sum: 523, Workers: 4
[42.767s][debug][gc,phases      ] GC(110)   ObjectSynchronizer Weak        Min:  0.0, Avg:  0.0, Max:  0.0, Diff:  0.0, Sum:  0.0, Workers: 4
[42.767s][debug][gc,phases      ] GC(110)     Dead                           Min: 0, Avg:  0.0, Max: 0, Diff: 0, Sum: 0, Workers: 4
[42.767s][debug][gc,phases      ] GC(110)     Total                          Min: 0, Avg: 98.0, Max: 136, Diff: 136, Sum: 392, Workers: 4
[42.767s][debug][gc,phases      ] GC(110)   JVMTI Tag Weak OopStorage      Min:  0.0, Avg:  0.0, Max:  0.0, Diff:  0.0, Sum:  0.0, Workers: 4
[42.767s][debug][gc,phases      ] GC(110)     Dead                           Min: 0, Avg:  0.0, Max: 0, Diff: 0, Sum: 0, Workers: 4
[42.767s][debug][gc,phases      ] GC(110)     Total                          Min: 0, Avg:  0.0, Max: 0, Diff: 0, Sum: 0, Workers: 4
[42.767s][debug][gc,phases      ] GC(110)   StringTable Weak               Min:  0.1, Avg:  0.1, Max:  0.1, Diff:  0.0, Sum:  0.4, Workers: 4
[42.767s][debug][gc,phases      ] GC(110)     Dead                           Min: 0, Avg:  0.0, Max: 0, Diff: 0, Sum: 0, Workers: 4
[42.767s][debug][gc,phases      ] GC(110)     Total                          Min: 9851, Avg: 10670.0, Max: 11197, Diff: 1346, Sum: 42680, Workers: 4
[42.767s][debug][gc,phases      ] GC(110)   ResolvedMethodTable Weak       Min:  0.0, Avg:  0.0, Max:  0.0, Diff:  0.0, Sum:  0.1, Workers: 4
[42.767s][debug][gc,phases      ] GC(110)     Dead                           Min: 0, Avg:  0.0, Max: 0, Diff: 0, Sum: 0, Workers: 4
[42.767s][debug][gc,phases      ] GC(110)     Total                          Min: 1728, Avg: 1775.2, Max: 1917, Diff: 189, Sum: 7101, Workers: 4
[42.767s][debug][gc,phases      ] GC(110)   JNI Weak                       Min:  0.0, Avg:  0.0, Max:  0.0, Diff:  0.0, Sum:  0.0, Workers: 4
[42.767s][debug][gc,phases      ] GC(110)     Dead                           Min: 0, Avg:  0.0, Max: 0, Diff: 0, Sum: 0, Workers: 4
[42.767s][debug][gc,phases      ] GC(110)     Total                          Min: 0, Avg:  0.2, Max: 1, Diff: 1, Sum: 1, Workers: 4
[42.767s][debug][gc,phases      ] GC(110)   StringDedup Table Weak         Min:  0.0, Avg:  0.0, Max:  0.0, Diff:  0.0, Sum:  0.0, Workers: 4
[42.767s][debug][gc,phases      ] GC(110)     Dead                           Min: 0, Avg:  0.0, Max: 0, Diff: 0, Sum: 0, Workers: 4
[42.767s][debug][gc,phases      ] GC(110)     Total                          Min: 0, Avg:  0.0, Max: 0, Diff: 0, Sum: 0, Workers: 4
[42.767s][debug][gc,phases      ] GC(110)   StringDedup Requests0 Weak     Min:  0.0, Avg:  0.0, Max:  0.0, Diff:  0.0, Sum:  0.0, Workers: 4
[42.767s][debug][gc,phases      ] GC(110)     Dead                           Min: 0, Avg:  0.0, Max: 0, Diff: 0, Sum: 0, Workers: 4
[42.767s][debug][gc,phases      ] GC(110)     Total                          Min: 0, Avg:  0.0, Max: 0, Diff: 0, Sum: 0, Workers: 4
[42.767s][debug][gc,phases      ] GC(110)   StringDedup Requests1 Weak     Min:  0.0, Avg:  0.0, Max:  0.0, Diff:  0.0, Sum:  0.0, Workers: 4
[42.767s][debug][gc,phases      ] GC(110)     Dead                           Min: 0, Avg:  0.0, Max: 0, Diff: 0, Sum: 0, Workers: 4
[42.767s][debug][gc,phases      ] GC(110)     Total                          Min: 0, Avg:  0.0, Max: 0, Diff: 0, Sum: 0, Workers: 4
[42.767s][debug][gc,phases      ] GC(110)   Weak JFR Old Object Samples    Min:  0.0, Avg:  0.0, Max:  0.0, Diff:  0.0, Sum:  0.0, Workers: 4
[42.767s][debug][gc,phases      ] GC(110)     Dead                           Min: 0, Avg:  0.0, Max: 0, Diff: 0, Sum: 0, Workers: 4
[42.767s][debug][gc,phases      ] GC(110)     Total                          Min: 0, Avg:  0.0, Max: 0, Diff: 0, Sum: 0, Workers: 4
[42.767s][debug][gc,phases      ] GC(110) Weak Processing 0.322ms
[42.767s][debug][gc,age         ] GC(110) Desired survivor size 409993216 bytes, new threshold 15 (max threshold 15)
[42.767s][info ][gc,heap        ] GC(110) PSYoungGen: 1660777K(1660928K)->296388K(1677312K) Eden: 1375232K(1375232K)->0K(1296384K) From: 285545K(285696K)->296388K(380928K)
[42.767s][info ][gc,heap        ] GC(110) ParOldGen: 527241K(629760K)->527241K(629760K)
[42.767s][info ][gc,metaspace   ] GC(110) Metaspace: 68289K(68992K)->68289K(68992K) NonClass: 58421K(58816K)->58421K(58816K) Class: 9867K(10176K)->9867K(10176K)
[42.767s][info ][gc             ] GC(110) Pause Young (Allocation Failure) 2136M->804M(2253M) 79.775ms
[42.767s][info ][gc,cpu         ] GC(110) User=0.32s Sys=0.00s Real=0.08s
[42.768s][info ][safepoint      ] Safepoint "ParallelGCFailedAllocation", Time since last: 254266634 ns, Reaching safepoint: 127902 ns, At safepoint: 79885382 ns, Total: 80013284 ns
[43.015s][info ][gc,start       ] GC(111) Pause Young (Allocation Failure)
[43.084s][debug][gc,phases      ] GC(111) Scavenge 68.885ms
[43.084s][debug][gc,ref         ] GC(111) Skipped phase 1 of Reference Processing: no references
[43.084s][debug][gc,ref         ] GC(111) ReferenceProcessor::execute queues: 1, RefProcThreadModel::Single, marks_oops_alive: false
[43.084s][debug][gc,ref         ] GC(111) Skipped phase 3 of Reference Processing: no references
[43.084s][debug][gc,ref         ] GC(111) Skipped phase 4 of Reference Processing: no references
[43.084s][debug][gc,phases      ] GC(111) Reference Processing 0.136ms
[43.085s][debug][gc,phases      ] GC(111)   VM Weak                        Min:  0.0, Avg:  0.0, Max:  0.0, Diff:  0.0, Sum:  0.0, Workers: 4
[43.085s][debug][gc,phases      ] GC(111)     Dead                           Min: 0, Avg:  0.0, Max: 0, Diff: 0, Sum: 0, Workers: 4
[43.085s][debug][gc,phases      ] GC(111)     Total                          Min: 0, Avg: 130.8, Max: 459, Diff: 459, Sum: 523, Workers: 4
[43.085s][debug][gc,phases      ] GC(111)   ObjectSynchronizer Weak        Min:  0.0, Avg:  0.0, Max:  0.0, Diff:  0.0, Sum:  0.0, Workers: 4
[43.085s][debug][gc,phases      ] GC(111)     Dead                           Min: 0, Avg:  0.0, Max: 0, Diff: 0, Sum: 0, Workers: 4
[43.085s][debug][gc,phases      ] GC(111)     Total                          Min: 0, Avg: 98.0, Max: 256, Diff: 256, Sum: 392, Workers: 4
[43.085s][debug][gc,phases      ] GC(111)   JVMTI Tag Weak OopStorage      Min:  0.0, Avg:  0.0, Max:  0.0, Diff:  0.0, Sum:  0.0, Workers: 4
[43.085s][debug][gc,phases      ] GC(111)     Dead                           Min: 0, Avg:  0.0, Max: 0, Diff: 0, Sum: 0, Workers: 4
[43.085s][debug][gc,phases      ] GC(111)     Total                          Min: 0, Avg:  0.0, Max: 0, Diff: 0, Sum: 0, Workers: 4
[43.085s][debug][gc,phases      ] GC(111)   StringTable Weak               Min:  0.1, Avg:  0.1, Max:  0.1, Diff:  0.0, Sum:  0.4, Workers: 4
[43.085s][debug][gc,phases      ] GC(111)     Dead                           Min: 0, Avg:  2.8, Max: 11, Diff: 11, Sum: 11, Workers: 4
[43.085s][debug][gc,phases      ] GC(111)     Total                          Min: 9152, Avg: 10670.0, Max: 11960, Diff: 2808, Sum: 42680, Workers: 4
[43.085s][debug][gc,phases      ] GC(111)   ResolvedMethodTable Weak       Min:  0.0, Avg:  0.0, Max:  0.0, Diff:  0.0, Sum:  0.1, Workers: 4
[43.085s][debug][gc,phases      ] GC(111)     Dead                           Min: 0, Avg:  0.0, Max: 0, Diff: 0, Sum: 0, Workers: 4
[43.085s][debug][gc,phases      ] GC(111)     Total                          Min: 1600, Avg: 1775.2, Max: 1981, Diff: 381, Sum: 7101, Workers: 4
[43.085s][debug][gc,phases      ] GC(111)   JNI Weak                       Min:  0.0, Avg:  0.0, Max:  0.0, Diff:  0.0, Sum:  0.0, Workers: 4
[43.085s][debug][gc,phases      ] GC(111)     Dead                           Min: 0, Avg:  0.0, Max: 0, Diff: 0, Sum: 0, Workers: 4
[43.085s][debug][gc,phases      ] GC(111)     Total                          Min: 0, Avg:  0.0, Max: 0, Diff: 0, Sum: 0, Workers: 4
[43.085s][debug][gc,phases      ] GC(111)   StringDedup Table Weak         Min:  0.0, Avg:  0.0, Max:  0.0, Diff:  0.0, Sum:  0.0, Workers: 4
[43.085s][debug][gc,phases      ] GC(111)     Dead                           Min: 0, Avg:  0.0, Max: 0, Diff: 0, Sum: 0, Workers: 4
[43.085s][debug][gc,phases      ] GC(111)     Total                          Min: 0, Avg:  0.0, Max: 0, Diff: 0, Sum: 0, Workers: 4
[43.085s][debug][gc,phases      ] GC(111)   StringDedup Requests0 Weak     Min:  0.0, Avg:  0.0, Max:  0.0, Diff:  0.0, Sum:  0.0, Workers: 4
[43.085s][debug][gc,phases      ] GC(111)     Dead                           Min: 0, Avg:  0.0, Max: 0, Diff: 0, Sum: 0, Workers: 4
[43.085s][debug][gc,phases      ] GC(111)     Total                          Min: 0, Avg:  0.0, Max: 0, Diff: 0, Sum: 0, Workers: 4
[43.085s][debug][gc,phases      ] GC(111)   StringDedup Requests1 Weak     Min:  0.0, Avg:  0.0, Max:  0.0, Diff:  0.0, Sum:  0.0, Workers: 4
[43.085s][debug][gc,phases      ] GC(111)     Dead                           Min: 0, Avg:  0.0, Max: 0, Diff: 0, Sum: 0, Workers: 4
[43.085s][debug][gc,phases      ] GC(111)     Total                          Min: 0, Avg:  0.0, Max: 0, Diff: 0, Sum: 0, Workers: 4
[43.085s][debug][gc,phases      ] GC(111)   Weak JFR Old Object Samples    Min:  0.0, Avg:  0.0, Max:  0.0, Diff:  0.0, Sum:  0.0, Workers: 4
[43.085s][debug][gc,phases      ] GC(111)     Dead                           Min: 0, Avg:  0.0, Max: 0, Diff: 0, Sum: 0, Workers: 4
[43.085s][debug][gc,phases      ] GC(111)     Total                          Min: 0, Avg:  0.0, Max: 0, Diff: 0, Sum: 0, Workers: 4
[43.085s][debug][gc,phases      ] GC(111) Weak Processing 0.307ms
[43.085s][debug][gc,age         ] GC(111) Desired survivor size 421527552 bytes, new threshold 15 (max threshold 15)
[43.085s][info ][gc,heap        ] GC(111) PSYoungGen: 1592772K(1677312K)->287497K(1584128K) Eden: 1296384K(1296384K)->0K(1296384K) From: 296388K(380928K)->287497K(287744K)
[43.085s][info ][gc,heap        ] GC(111) ParOldGen: 527241K(629760K)->542289K(629760K)
[43.085s][info ][gc,metaspace   ] GC(111) Metaspace: 68292K(68992K)->68292K(68992K) NonClass: 58424K(58816K)->58424K(58816K) Class: 9867K(10176K)->9867K(10176K)
[43.085s][info ][gc             ] GC(111) Pause Young (Allocation Failure) 2070M->810M(2162M) 69.467ms
[43.085s][info ][gc,cpu         ] GC(111) User=0.27s Sys=0.00s Real=0.07s
[43.085s][info ][safepoint      ] Safepoint "ParallelGCFailedAllocation", Time since last: 247629102 ns, Reaching safepoint: 141103 ns, At safepoint: 69585678 ns, Total: 69726781 ns
[43.330s][info ][gc,start       ] GC(112) Pause Young (Allocation Failure)
[43.405s][debug][gc,phases      ] GC(112) Scavenge 75.136ms
[43.405s][debug][gc,ref         ] GC(112) Skipped phase 1 of Reference Processing: no references
[43.405s][debug][gc,ref         ] GC(112) ReferenceProcessor::execute queues: 1, RefProcThreadModel::Single, marks_oops_alive: false
[43.405s][debug][gc,ref         ] GC(112) Skipped phase 3 of Reference Processing: no references
[43.405s][debug][gc,ref         ] GC(112) Skipped phase 4 of Reference Processing: no references
[43.405s][debug][gc,phases      ] GC(112) Reference Processing 0.121ms
[43.405s][debug][gc,phases      ] GC(112)   VM Weak                        Min:  0.0, Avg:  0.0, Max:  0.0, Diff:  0.0, Sum:  0.0, Workers: 4
[43.405s][debug][gc,phases      ] GC(112)     Dead                           Min: 0, Avg:  0.0, Max: 0, Diff: 0, Sum: 0, Workers: 4
[43.405s][debug][gc,phases      ] GC(112)     Total                          Min: 0, Avg: 130.8, Max: 384, Diff: 384, Sum: 523, Workers: 4
[43.405s][debug][gc,phases      ] GC(112)   ObjectSynchronizer Weak        Min:  0.0, Avg:  0.0, Max:  0.0, Diff:  0.0, Sum:  0.0, Workers: 4
[43.405s][debug][gc,phases      ] GC(112)     Dead                           Min: 0, Avg:  0.0, Max: 0, Diff: 0, Sum: 0, Workers: 4
[43.405s][debug][gc,phases      ] GC(112)     Total                          Min: 0, Avg: 98.0, Max: 136, Diff: 136, Sum: 392, Workers: 4
[43.405s][debug][gc,phases      ] GC(112)   JVMTI Tag Weak OopStorage      Min:  0.0, Avg:  0.0, Max:  0.0, Diff:  0.0, Sum:  0.0, Workers: 4
[43.405s][debug][gc,phases      ] GC(112)     Dead                           Min: 0, Avg:  0.0, Max: 0, Diff: 0, Sum: 0, Workers: 4
[43.405s][debug][gc,phases      ] GC(112)     Total                          Min: 0, Avg:  0.0, Max: 0, Diff: 0, Sum: 0, Workers: 4
[43.405s][debug][gc,phases      ] GC(112)   StringTable Weak               Min:  0.1, Avg:  0.1, Max:  0.1, Diff:  0.0, Sum:  0.4, Workers: 4
[43.405s][debug][gc,phases      ] GC(112)     Dead                           Min: 0, Avg:  2.8, Max: 7, Diff: 7, Sum: 11, Workers: 4
[43.405s][debug][gc,phases      ] GC(112)     Total                          Min: 9920, Avg: 10670.2, Max: 11008, Diff: 1088, Sum: 42681, Workers: 4
[43.405s][debug][gc,phases      ] GC(112)   ResolvedMethodTable Weak       Min:  0.0, Avg:  0.0, Max:  0.0, Diff:  0.0, Sum:  0.1, Workers: 4
[43.405s][debug][gc,phases      ] GC(112)     Dead                           Min: 0, Avg:  0.0, Max: 0, Diff: 0, Sum: 0, Workers: 4
[43.405s][debug][gc,phases      ] GC(112)     Total                          Min: 1664, Avg: 1775.2, Max: 1917, Diff: 253, Sum: 7101, Workers: 4
[43.405s][debug][gc,phases      ] GC(112)   JNI Weak                       Min:  0.0, Avg:  0.0, Max:  0.0, Diff:  0.0, Sum:  0.0, Workers: 4
[43.405s][debug][gc,phases      ] GC(112)     Dead                           Min: 0, Avg:  0.0, Max: 0, Diff: 0, Sum: 0, Workers: 4
[43.405s][debug][gc,phases      ] GC(112)     Total                          Min: 0, Avg:  0.0, Max: 0, Diff: 0, Sum: 0, Workers: 4
[43.405s][debug][gc,phases      ] GC(112)   StringDedup Table Weak         Min:  0.0, Avg:  0.0, Max:  0.0, Diff:  0.0, Sum:  0.0, Workers: 4
[43.405s][debug][gc,phases      ] GC(112)     Dead                           Min: 0, Avg:  0.0, Max: 0, Diff: 0, Sum: 0, Workers: 4
[43.405s][debug][gc,phases      ] GC(112)     Total                          Min: 0, Avg:  0.0, Max: 0, Diff: 0, Sum: 0, Workers: 4
[43.405s][debug][gc,phases      ] GC(112)   StringDedup Requests0 Weak     Min:  0.0, Avg:  0.0, Max:  0.0, Diff:  0.0, Sum:  0.0, Workers: 4
[43.405s][debug][gc,phases      ] GC(112)     Dead                           Min: 0, Avg:  0.0, Max: 0, Diff: 0, Sum: 0, Workers: 4
[43.405s][debug][gc,phases      ] GC(112)     Total                          Min: 0, Avg:  0.0, Max: 0, Diff: 0, Sum: 0, Workers: 4
[43.405s][debug][gc,phases      ] GC(112)   StringDedup Requests1 Weak     Min:  0.0, Avg:  0.0, Max:  0.0, Diff:  0.0, Sum:  0.0, Workers: 4
[43.405s][debug][gc,phases      ] GC(112)     Dead                           Min: 0, Avg:  0.0, Max: 0, Diff: 0, Sum: 0, Workers: 4
[43.405s][debug][gc,phases      ] GC(112)     Total                          Min: 0, Avg:  0.0, Max: 0, Diff: 0, Sum: 0, Workers: 4
[43.405s][debug][gc,phases      ] GC(112)   Weak JFR Old Object Samples    Min:  0.0, Avg:  0.0, Max:  0.0, Diff:  0.0, Sum:  0.0, Workers: 4
[43.405s][debug][gc,phases      ] GC(112)     Dead                           Min: 0, Avg:  0.0, Max: 0, Diff: 0, Sum: 0, Workers: 4
[43.405s][debug][gc,phases      ] GC(112)     Total                          Min: 0, Avg:  0.0, Max: 0, Diff: 0, Sum: 0, Workers: 4
[43.405s][debug][gc,phases      ] GC(112) Weak Processing 0.309ms
[43.406s][debug][gc,age         ] GC(112) Desired survivor size 417857536 bytes, new threshold 15 (max threshold 15)
[43.406s][info ][gc,heap        ] GC(112) PSYoungGen: 1583881K(1584128K)->256617K(1689088K) Eden: 1296384K(1296384K)->0K(1277440K) From: 287497K(287744K)->256617K(411648K)
[43.406s][info ][gc,heap        ] GC(112) ParOldGen: 542289K(629760K)->582097K(629760K)
[43.406s][info ][gc,metaspace   ] GC(112) Metaspace: 68292K(68992K)->68292K(68992K) NonClass: 58424K(58816K)->58424K(58816K) Class: 9867K(10176K)->9867K(10176K)
[43.406s][info ][gc             ] GC(112) Pause Young (Allocation Failure) 2076M->819M(2264M) 75.728ms
[43.406s][info ][gc,cpu         ] GC(112) User=0.31s Sys=0.00s Real=0.08s
[43.406s][info ][safepoint      ] Safepoint "ParallelGCFailedAllocation", Time since last: 244757545 ns, Reaching safepoint: 136003 ns, At safepoint: 75845601 ns, Total: 75981604 ns
[43.662s][info ][gc,start       ] GC(113) Pause Young (Allocation Failure)
[43.715s][debug][gc,phases      ] GC(113) Scavenge 53.806ms
[43.715s][debug][gc,ref         ] GC(113) Skipped phase 1 of Reference Processing: no references
[43.716s][debug][gc,ref         ] GC(113) ReferenceProcessor::execute queues: 1, RefProcThreadModel::Single, marks_oops_alive: false
[43.716s][debug][gc,ref         ] GC(113) Skipped phase 3 of Reference Processing: no references
[43.716s][debug][gc,ref         ] GC(113) Skipped phase 4 of Reference Processing: no references
[43.716s][debug][gc,phases      ] GC(113) Reference Processing 0.121ms
[43.716s][debug][gc,phases      ] GC(113)   VM Weak                        Min:  0.0, Avg:  0.0, Max:  0.0, Diff:  0.0, Sum:  0.0, Workers: 4
[43.716s][debug][gc,phases      ] GC(113)     Dead                           Min: 0, Avg:  0.0, Max: 0, Diff: 0, Sum: 0, Workers: 4
[43.716s][debug][gc,phases      ] GC(113)     Total                          Min: 0, Avg: 130.8, Max: 512, Diff: 512, Sum: 523, Workers: 4
[43.716s][debug][gc,phases      ] GC(113)   ObjectSynchronizer Weak        Min:  0.0, Avg:  0.0, Max:  0.0, Diff:  0.0, Sum:  0.0, Workers: 4
[43.716s][debug][gc,phases      ] GC(113)     Dead                           Min: 0, Avg:  0.0, Max: 0, Diff: 0, Sum: 0, Workers: 4
[43.716s][debug][gc,phases      ] GC(113)     Total                          Min: 0, Avg: 98.2, Max: 256, Diff: 256, Sum: 393, Workers: 4
[43.716s][debug][gc,phases      ] GC(113)   JVMTI Tag Weak OopStorage      Min:  0.0, Avg:  0.0, Max:  0.0, Diff:  0.0, Sum:  0.0, Workers: 4
[43.716s][debug][gc,phases      ] GC(113)     Dead                           Min: 0, Avg:  0.0, Max: 0, Diff: 0, Sum: 0, Workers: 4
[43.716s][debug][gc,phases      ] GC(113)     Total                          Min: 0, Avg:  0.0, Max: 0, Diff: 0, Sum: 0, Workers: 4
[43.716s][debug][gc,phases      ] GC(113)   StringTable Weak               Min:  0.1, Avg:  0.1, Max:  0.1, Diff:  0.0, Sum:  0.4, Workers: 4
[43.716s][debug][gc,phases      ] GC(113)     Dead                           Min: 0, Avg:  0.0, Max: 0, Diff: 0, Sum: 0, Workers: 4
[43.716s][debug][gc,phases      ] GC(113)     Total                          Min: 10112, Avg: 10670.2, Max: 11072, Diff: 960, Sum: 42681, Workers: 4
[43.716s][debug][gc,phases      ] GC(113)   ResolvedMethodTable Weak       Min:  0.0, Avg:  0.0, Max:  0.0, Diff:  0.0, Sum:  0.1, Workers: 4
[43.716s][debug][gc,phases      ] GC(113)     Dead                           Min: 0, Avg:  0.0, Max: 0, Diff: 0, Sum: 0, Workers: 4
[43.716s][debug][gc,phases      ] GC(113)     Total                          Min: 1728, Avg: 1775.2, Max: 1856, Diff: 128, Sum: 7101, Workers: 4
[43.716s][debug][gc,phases      ] GC(113)   JNI Weak                       Min:  0.0, Avg:  0.0, Max:  0.0, Diff:  0.0, Sum:  0.0, Workers: 4
[43.716s][debug][gc,phases      ] GC(113)     Dead                           Min: 0, Avg:  0.0, Max: 0, Diff: 0, Sum: 0, Workers: 4
[43.716s][debug][gc,phases      ] GC(113)     Total                          Min: 0, Avg:  0.0, Max: 0, Diff: 0, Sum: 0, Workers: 4
[43.716s][debug][gc,phases      ] GC(113)   StringDedup Table Weak         Min:  0.0, Avg:  0.0, Max:  0.0, Diff:  0.0, Sum:  0.0, Workers: 4
[43.716s][debug][gc,phases      ] GC(113)     Dead                           Min: 0, Avg:  0.0, Max: 0, Diff: 0, Sum: 0, Workers: 4
[43.716s][debug][gc,phases      ] GC(113)     Total                          Min: 0, Avg:  0.0, Max: 0, Diff: 0, Sum: 0, Workers: 4
[43.716s][debug][gc,phases      ] GC(113)   StringDedup Requests0 Weak     Min:  0.0, Avg:  0.0, Max:  0.0, Diff:  0.0, Sum:  0.0, Workers: 4
[43.716s][debug][gc,phases      ] GC(113)     Dead                           Min: 0, Avg:  0.0, Max: 0, Diff: 0, Sum: 0, Workers: 4
[43.716s][debug][gc,phases      ] GC(113)     Total                          Min: 0, Avg:  0.0, Max: 0, Diff: 0, Sum: 0, Workers: 4
[43.716s][debug][gc,phases      ] GC(113)   StringDedup Requests1 Weak     Min:  0.0, Avg:  0.0, Max:  0.0, Diff:  0.0, Sum:  0.0, Workers: 4
[43.716s][debug][gc,phases      ] GC(113)     Dead                           Min: 0, Avg:  0.0, Max: 0, Diff: 0, Sum: 0, Workers: 4
[43.716s][debug][gc,phases      ] GC(113)     Total                          Min: 0, Avg:  0.0, Max: 0, Diff: 0, Sum: 0, Workers: 4
[43.716s][debug][gc,phases      ] GC(113)   Weak JFR Old Object Samples    Min:  0.0, Avg:  0.0, Max:  0.0, Diff:  0.0, Sum:  0.0, Workers: 4
[43.716s][debug][gc,phases      ] GC(113)     Dead                           Min: 0, Avg:  0.0, Max: 0, Diff: 0, Sum: 0, Workers: 4
[43.716s][debug][gc,phases      ] GC(113)     Total                          Min: 0, Avg:  0.0, Max: 0, Diff: 0, Sum: 0, Workers: 4
[43.716s][debug][gc,phases      ] GC(113) Weak Processing 0.311ms
[43.716s][debug][gc,age         ] GC(113) Desired survivor size 406323200 bytes, new threshold 15 (max threshold 15)
[43.716s][info ][gc,heap        ] GC(113) PSYoungGen: 1534057K(1689088K)->237545K(1685504K) Eden: 1277440K(1277440K)->0K(1277440K) From: 256617K(411648K)->237545K(408064K)
[43.716s][info ][gc,heap        ] GC(113) ParOldGen: 582097K(629760K)->613665K(629760K)
[43.716s][info ][gc,metaspace   ] GC(113) Metaspace: 68294K(68992K)->68294K(68992K) NonClass: 58426K(58816K)->58426K(58816K) Class: 9867K(10176K)->9867K(10176K)
[43.716s][info ][gc             ] GC(113) Pause Young (Allocation Failure) 2066M->831M(2261M) 54.383ms
[43.716s][info ][gc,cpu         ] GC(113) User=0.21s Sys=0.01s Real=0.06s
[43.716s][debug][gc,phases      ] GC(114) Pre Compact 0.010ms
[43.716s][info ][gc,start       ] GC(114) Pause Full (Ergonomics)
[43.716s][info ][gc,phases,start] GC(114) Marking Phase
[43.861s][debug][gc,phases      ] GC(114) Par Mark 145.198ms
[43.861s][debug][gc,ref         ] GC(114) Skipped phase 1 of Reference Processing: no references
[43.862s][debug][gc,ref         ] GC(114) ReferenceProcessor::execute queues: 4, RefProcThreadModel::Multi, marks_oops_alive: false
[43.862s][debug][gc,ref         ] GC(114) Skipped phase 3 of Reference Processing: no references
[43.862s][debug][gc,ref         ] GC(114) ReferenceProcessor::execute queues: 1, RefProcThreadModel::Single, marks_oops_alive: false
[43.862s][debug][gc,phases      ] GC(114) Reference Processing 0.394ms
[43.862s][debug][gc,phases      ] GC(114)   VM Weak                        Min:  0.0, Avg:  0.0, Max:  0.0, Diff:  0.0, Sum:  0.0, Workers: 4
[43.862s][debug][gc,phases      ] GC(114)     Dead                           Min: 0, Avg:  0.0, Max: 0, Diff: 0, Sum: 0, Workers: 4
[43.862s][debug][gc,phases      ] GC(114)     Total                          Min: 0, Avg: 130.8, Max: 459, Diff: 459, Sum: 523, Workers: 4
[43.862s][debug][gc,phases      ] GC(114)   ObjectSynchronizer Weak        Min:  0.0, Avg:  0.0, Max:  0.0, Diff:  0.0, Sum:  0.0, Workers: 4
[43.862s][debug][gc,phases      ] GC(114)     Dead                           Min: 0, Avg:  0.0, Max: 0, Diff: 0, Sum: 0, Workers: 4
[43.862s][debug][gc,phases      ] GC(114)     Total                          Min: 0, Avg: 98.2, Max: 192, Diff: 192, Sum: 393, Workers: 4
[43.862s][debug][gc,phases      ] GC(114)   JVMTI Tag Weak OopStorage      Min:  0.0, Avg:  0.0, Max:  0.0, Diff:  0.0, Sum:  0.0, Workers: 4
[43.862s][debug][gc,phases      ] GC(114)     Dead                           Min: 0, Avg:  0.0, Max: 0, Diff: 0, Sum: 0, Workers: 4
[43.862s][debug][gc,phases      ] GC(114)     Total                          Min: 0, Avg:  0.0, Max: 0, Diff: 0, Sum: 0, Workers: 4
[43.862s][debug][gc,phases      ] GC(114)   StringTable Weak               Min:  0.1, Avg:  0.1, Max:  0.1, Diff:  0.0, Sum:  0.5, Workers: 4
[43.862s][debug][gc,phases      ] GC(114)     Dead                           Min: 0, Avg:  0.0, Max: 0, Diff: 0, Sum: 0, Workers: 4
[43.862s][debug][gc,phases      ] GC(114)     Total                          Min: 9920, Avg: 10670.2, Max: 11584, Diff: 1664, Sum: 42681, Workers: 4
[43.862s][debug][gc,phases      ] GC(114)   ResolvedMethodTable Weak       Min:  0.0, Avg:  0.0, Max:  0.0, Diff:  0.0, Sum:  0.1, Workers: 4
[43.862s][debug][gc,phases      ] GC(114)     Dead                           Min: 0, Avg:  0.0, Max: 0, Diff: 0, Sum: 0, Workers: 4
[43.862s][debug][gc,phases      ] GC(114)     Total                          Min: 1664, Avg: 1775.2, Max: 1917, Diff: 253, Sum: 7101, Workers: 4
[43.862s][debug][gc,phases      ] GC(114)   JNI Weak                       Min:  0.0, Avg:  0.0, Max:  0.0, Diff:  0.0, Sum:  0.0, Workers: 4
[43.862s][debug][gc,phases      ] GC(114)     Dead                           Min: 0, Avg:  0.0, Max: 0, Diff: 0, Sum: 0, Workers: 4
[43.862s][debug][gc,phases      ] GC(114)     Total                          Min: 0, Avg:  0.0, Max: 0, Diff: 0, Sum: 0, Workers: 4
[43.862s][debug][gc,phases      ] GC(114)   StringDedup Table Weak         Min:  0.0, Avg:  0.0, Max:  0.0, Diff:  0.0, Sum:  0.0, Workers: 4
[43.862s][debug][gc,phases      ] GC(114)     Dead                           Min: 0, Avg:  0.0, Max: 0, Diff: 0, Sum: 0, Workers: 4
[43.862s][debug][gc,phases      ] GC(114)     Total                          Min: 0, Avg:  0.0, Max: 0, Diff: 0, Sum: 0, Workers: 4
[43.862s][debug][gc,phases      ] GC(114)   StringDedup Requests0 Weak     Min:  0.0, Avg:  0.0, Max:  0.0, Diff:  0.0, Sum:  0.0, Workers: 4
[43.862s][debug][gc,phases      ] GC(114)     Dead                           Min: 0, Avg:  0.0, Max: 0, Diff: 0, Sum: 0, Workers: 4
[43.862s][debug][gc,phases      ] GC(114)     Total                          Min: 0, Avg:  0.0, Max: 0, Diff: 0, Sum: 0, Workers: 4
[43.862s][debug][gc,phases      ] GC(114)   StringDedup Requests1 Weak     Min:  0.0, Avg:  0.0, Max:  0.0, Diff:  0.0, Sum:  0.0, Workers: 4
[43.862s][debug][gc,phases      ] GC(114)     Dead                           Min: 0, Avg:  0.0, Max: 0, Diff: 0, Sum: 0, Workers: 4
[43.862s][debug][gc,phases      ] GC(114)     Total                          Min: 0, Avg:  0.0, Max: 0, Diff: 0, Sum: 0, Workers: 4
[43.862s][debug][gc,phases      ] GC(114)   Weak JFR Old Object Samples    Min:  0.0, Avg:  0.0, Max:  0.0, Diff:  0.0, Sum:  0.0, Workers: 4
[43.862s][debug][gc,phases      ] GC(114)     Dead                           Min: 0, Avg:  0.0, Max: 0, Diff: 0, Sum: 0, Workers: 4
[43.862s][debug][gc,phases      ] GC(114)     Total                          Min: 0, Avg:  0.0, Max: 0, Diff: 0, Sum: 0, Workers: 4
[43.862s][debug][gc,phases      ] GC(114) Weak Processing 0.381ms
[43.862s][debug][gc,phases      ] GC(114) ClassLoaderData 0.072ms
[43.862s][debug][gc,phases      ] GC(114) Trigger cleanups 0.000ms
[43.873s][debug][gc,phases      ] GC(114) Class Unloading 10.398ms
[43.873s][info ][gc,phases      ] GC(114) Marking Phase 156.545ms
[43.873s][info ][gc,phases,start] GC(114) Summary Phase
[43.873s][info ][gc,phases      ] GC(114) Summary Phase 0.027ms
[43.873s][info ][gc,phases,start] GC(114) Adjust Roots
[43.881s][info ][gc,phases      ] GC(114) Adjust Roots 8.148ms
[43.881s][info ][gc,phases,start] GC(114) Compaction Phase
[44.110s][info ][gc,phases      ] GC(114) Compaction Phase 228.732ms
[44.110s][info ][gc,phases,start] GC(114) Post Compact
[44.112s][info ][gc,phases      ] GC(114) Post Compact 2.367ms
[44.112s][info ][gc,heap        ] GC(114) PSYoungGen: 237545K(1685504K)->0K(1700352K) Eden: 0K(1277440K)->0K(1303552K) From: 237545K(408064K)->0K(396800K)
[44.112s][info ][gc,heap        ] GC(114) ParOldGen: 613665K(629760K)->452468K(579072K)
[44.112s][info ][gc,metaspace   ] GC(114) Metaspace: 68294K(68992K)->68294K(68992K) NonClass: 58426K(58816K)->58426K(58816K) Class: 9867K(10176K)->9867K(10176K)
[44.112s][info ][gc             ] GC(114) Pause Full (Ergonomics) 831M->441M(2226M) 396.208ms
[44.112s][info ][gc,cpu         ] GC(114) User=1.51s Sys=0.01s Real=0.40s
[44.112s][info ][safepoint      ] Safepoint "ParallelGCFailedAllocation", Time since last: 255778464 ns, Reaching safepoint: 137503 ns, At safepoint: 450804524 ns, Total: 450942027 ns
[44.359s][info ][gc,start       ] GC(115) Pause Young (Allocation Failure)
[44.361s][debug][gc,phases      ] GC(115) Scavenge 2.303ms
[44.361s][debug][gc,ref         ] GC(115) Skipped phase 1 of Reference Processing: no references
[44.361s][debug][gc,ref         ] GC(115) ReferenceProcessor::execute queues: 1, RefProcThreadModel::Single, marks_oops_alive: false
[44.361s][debug][gc,ref         ] GC(115) Skipped phase 3 of Reference Processing: no references
[44.361s][debug][gc,ref         ] GC(115) ReferenceProcessor::execute queues: 1, RefProcThreadModel::Single, marks_oops_alive: false
[44.361s][debug][gc,phases      ] GC(115) Reference Processing 0.135ms
[44.362s][debug][gc,phases      ] GC(115)   VM Weak                        Min:  0.0, Avg:  0.0, Max:  0.0, Diff:  0.0, Sum:  0.0, Workers: 4
[44.362s][debug][gc,phases      ] GC(115)     Dead                           Min: 0, Avg:  0.0, Max: 0, Diff: 0, Sum: 0, Workers: 4
[44.362s][debug][gc,phases      ] GC(115)     Total                          Min: 0, Avg: 134.2, Max: 512, Diff: 512, Sum: 537, Workers: 4
[44.362s][debug][gc,phases      ] GC(115)   ObjectSynchronizer Weak        Min:  0.0, Avg:  0.0, Max:  0.0, Diff:  0.0, Sum:  0.0, Workers: 4
[44.362s][debug][gc,phases      ] GC(115)     Dead                           Min: 0, Avg:  0.0, Max: 0, Diff: 0, Sum: 0, Workers: 4
[44.362s][debug][gc,phases      ] GC(115)     Total                          Min: 0, Avg: 98.2, Max: 201, Diff: 201, Sum: 393, Workers: 4
[44.362s][debug][gc,phases      ] GC(115)   JVMTI Tag Weak OopStorage      Min:  0.0, Avg:  0.0, Max:  0.0, Diff:  0.0, Sum:  0.0, Workers: 4
[44.362s][debug][gc,phases      ] GC(115)     Dead                           Min: 0, Avg:  0.0, Max: 0, Diff: 0, Sum: 0, Workers: 4
[44.362s][debug][gc,phases      ] GC(115)     Total                          Min: 0, Avg:  0.0, Max: 0, Diff: 0, Sum: 0, Workers: 4
[44.362s][debug][gc,phases      ] GC(115)   StringTable Weak               Min:  0.1, Avg:  0.1, Max:  0.1, Diff:  0.0, Sum:  0.4, Workers: 4
[44.362s][debug][gc,phases      ] GC(115)     Dead                           Min: 0, Avg:  3.2, Max: 7, Diff: 7, Sum: 13, Workers: 4
[44.362s][debug][gc,phases      ] GC(115)     Total                          Min: 8346, Avg: 10678.5, Max: 11584, Diff: 3238, Sum: 42714, Workers: 4
[44.362s][debug][gc,phases      ] GC(115)   ResolvedMethodTable Weak       Min:  0.0, Avg:  0.0, Max:  0.0, Diff:  0.0, Sum:  0.1, Workers: 4
[44.362s][debug][gc,phases      ] GC(115)     Dead                           Min: 0, Avg:  1.5, Max: 3, Diff: 3, Sum: 6, Workers: 4
[44.362s][debug][gc,phases      ] GC(115)     Total                          Min: 1408, Avg: 1789.0, Max: 1974, Diff: 566, Sum: 7156, Workers: 4
[44.362s][debug][gc,phases      ] GC(115)   JNI Weak                       Min:  0.0, Avg:  0.0, Max:  0.0, Diff:  0.0, Sum:  0.0, Workers: 4
[44.362s][debug][gc,phases      ] GC(115)     Dead                           Min: 0, Avg:  0.0, Max: 0, Diff: 0, Sum: 0, Workers: 4
[44.362s][debug][gc,phases      ] GC(115)     Total                          Min: 0, Avg:  2.0, Max: 8, Diff: 8, Sum: 8, Workers: 4
[44.362s][debug][gc,phases      ] GC(115)   StringDedup Table Weak         Min:  0.0, Avg:  0.0, Max:  0.0, Diff:  0.0, Sum:  0.0, Workers: 4
[44.362s][debug][gc,phases      ] GC(115)     Dead                           Min: 0, Avg:  0.0, Max: 0, Diff: 0, Sum: 0, Workers: 4
[44.362s][debug][gc,phases      ] GC(115)     Total                          Min: 0, Avg:  0.0, Max: 0, Diff: 0, Sum: 0, Workers: 4
[44.362s][debug][gc,phases      ] GC(115)   StringDedup Requests0 Weak     Min:  0.0, Avg:  0.0, Max:  0.0, Diff:  0.0, Sum:  0.0, Workers: 4
[44.362s][debug][gc,phases      ] GC(115)     Dead                           Min: 0, Avg:  0.0, Max: 0, Diff: 0, Sum: 0, Workers: 4
[44.362s][debug][gc,phases      ] GC(115)     Total                          Min: 0, Avg:  0.0, Max: 0, Diff: 0, Sum: 0, Workers: 4
[44.362s][debug][gc,phases      ] GC(115)   StringDedup Requests1 Weak     Min:  0.0, Avg:  0.0, Max:  0.0, Diff:  0.0, Sum:  0.0, Workers: 4
[44.362s][debug][gc,phases      ] GC(115)     Dead                           Min: 0, Avg:  0.0, Max: 0, Diff: 0, Sum: 0, Workers: 4
[44.362s][debug][gc,phases      ] GC(115)     Total                          Min: 0, Avg:  0.0, Max: 0, Diff: 0, Sum: 0, Workers: 4
[44.362s][debug][gc,phases      ] GC(115)   Weak JFR Old Object Samples    Min:  0.0, Avg:  0.0, Max:  0.0, Diff:  0.0, Sum:  0.0, Workers: 4
[44.362s][debug][gc,phases      ] GC(115)     Dead                           Min: 0, Avg:  0.0, Max: 0, Diff: 0, Sum: 0, Workers: 4
[44.362s][debug][gc,phases      ] GC(115)     Total                          Min: 0, Avg:  0.0, Max: 0, Diff: 0, Sum: 0, Workers: 4
[44.362s][debug][gc,phases      ] GC(115) Weak Processing 0.309ms
[44.362s][debug][gc,age         ] GC(115) Desired survivor size 425197568 bytes, new threshold 15 (max threshold 15)
[44.362s][info ][gc,heap        ] GC(115) PSYoungGen: 1303552K(1700352K)->4118K(1308160K) Eden: 1303552K(1303552K)->0K(1303552K) From: 0K(396800K)->4118K(4608K)
[44.362s][info ][gc,heap        ] GC(115) ParOldGen: 452468K(579072K)->452476K(579072K)
[44.362s][info ][gc,metaspace   ] GC(115) Metaspace: 68424K(69120K)->68424K(69120K) NonClass: 58533K(58944K)->58533K(58944K) Class: 9891K(10176K)->9891K(10176K)
[44.362s][info ][gc             ] GC(115) Pause Young (Allocation Failure) 1714M->445M(1843M) 2.875ms
[44.362s][info ][gc,cpu         ] GC(115) User=0.01s Sys=0.00s Real=0.00s
[44.362s][info ][safepoint      ] Safepoint "ParallelGCFailedAllocation", Time since last: 246428279 ns, Reaching safepoint: 142003 ns, At safepoint: 2998859 ns, Total: 3140862 ns
[44.664s][info ][gc,start       ] GC(116) Pause Young (Allocation Failure)
[44.671s][debug][gc,phases      ] GC(116) Scavenge 6.150ms
[44.671s][debug][gc,ref         ] GC(116) Skipped phase 1 of Reference Processing: no references
[44.671s][debug][gc,ref         ] GC(116) ReferenceProcessor::execute queues: 1, RefProcThreadModel::Single, marks_oops_alive: false
[44.671s][debug][gc,ref         ] GC(116) Skipped phase 3 of Reference Processing: no references
[44.671s][debug][gc,ref         ] GC(116) ReferenceProcessor::execute queues: 1, RefProcThreadModel::Single, marks_oops_alive: false
[44.671s][debug][gc,phases      ] GC(116) Reference Processing 0.133ms
[44.671s][debug][gc,phases      ] GC(116)   VM Weak                        Min:  0.0, Avg:  0.0, Max:  0.0, Diff:  0.0, Sum:  0.0, Workers: 4
[44.671s][debug][gc,phases      ] GC(116)     Dead                           Min: 0, Avg:  0.0, Max: 0, Diff: 0, Sum: 0, Workers: 4
[44.671s][debug][gc,phases      ] GC(116)     Total                          Min: 0, Avg: 140.0, Max: 432, Diff: 432, Sum: 560, Workers: 4
[44.671s][debug][gc,phases      ] GC(116)   ObjectSynchronizer Weak        Min:  0.0, Avg:  0.0, Max:  0.0, Diff:  0.0, Sum:  0.0, Workers: 4
[44.671s][debug][gc,phases      ] GC(116)     Dead                           Min: 0, Avg:  0.0, Max: 0, Diff: 0, Sum: 0, Workers: 4
[44.671s][debug][gc,phases      ] GC(116)     Total                          Min: 0, Avg: 98.2, Max: 137, Diff: 137, Sum: 393, Workers: 4
[44.671s][debug][gc,phases      ] GC(116)   JVMTI Tag Weak OopStorage      Min:  0.0, Avg:  0.0, Max:  0.0, Diff:  0.0, Sum:  0.0, Workers: 4
[44.671s][debug][gc,phases      ] GC(116)     Dead                           Min: 0, Avg:  0.0, Max: 0, Diff: 0, Sum: 0, Workers: 4
[44.671s][debug][gc,phases      ] GC(116)     Total                          Min: 0, Avg:  0.0, Max: 0, Diff: 0, Sum: 0, Workers: 4
[44.671s][debug][gc,phases      ] GC(116)   StringTable Weak               Min:  0.1, Avg:  0.1, Max:  0.1, Diff:  0.0, Sum:  0.4, Workers: 4
[44.671s][debug][gc,phases      ] GC(116)     Dead                           Min: 0, Avg:  3.0, Max: 11, Diff: 11, Sum: 12, Workers: 4
[44.671s][debug][gc,phases      ] GC(116)     Total                          Min: 10304, Avg: 10694.5, Max: 11200, Diff: 896, Sum: 42778, Workers: 4
[44.671s][debug][gc,phases      ] GC(116)   ResolvedMethodTable Weak       Min:  0.0, Avg:  0.0, Max:  0.0, Diff:  0.0, Sum:  0.1, Workers: 4
[44.671s][debug][gc,phases      ] GC(116)     Dead                           Min: 0, Avg:  1.2, Max: 2, Diff: 2, Sum: 5, Workers: 4
[44.671s][debug][gc,phases      ] GC(116)     Total                          Min: 1726, Avg: 1797.8, Max: 1984, Diff: 258, Sum: 7191, Workers: 4
[44.671s][debug][gc,phases      ] GC(116)   JNI Weak                       Min:  0.0, Avg:  0.0, Max:  0.0, Diff:  0.0, Sum:  0.0, Workers: 4
[44.671s][debug][gc,phases      ] GC(116)     Dead                           Min: 0, Avg:  0.0, Max: 0, Diff: 0, Sum: 0, Workers: 4
[44.671s][debug][gc,phases      ] GC(116)     Total                          Min: 0, Avg:  0.0, Max: 0, Diff: 0, Sum: 0, Workers: 4
[44.671s][debug][gc,phases      ] GC(116)   StringDedup Table Weak         Min:  0.0, Avg:  0.0, Max:  0.0, Diff:  0.0, Sum:  0.0, Workers: 4
[44.671s][debug][gc,phases      ] GC(116)     Dead                           Min: 0, Avg:  0.0, Max: 0, Diff: 0, Sum: 0, Workers: 4
[44.671s][debug][gc,phases      ] GC(116)     Total                          Min: 0, Avg:  0.0, Max: 0, Diff: 0, Sum: 0, Workers: 4
[44.671s][debug][gc,phases      ] GC(116)   StringDedup Requests0 Weak     Min:  0.0, Avg:  0.0, Max:  0.0, Diff:  0.0, Sum:  0.0, Workers: 4
[44.671s][debug][gc,phases      ] GC(116)     Dead                           Min: 0, Avg:  0.0, Max: 0, Diff: 0, Sum: 0, Workers: 4
[44.671s][debug][gc,phases      ] GC(116)     Total                          Min: 0, Avg:  0.0, Max: 0, Diff: 0, Sum: 0, Workers: 4
[44.671s][debug][gc,phases      ] GC(116)   StringDedup Requests1 Weak     Min:  0.0, Avg:  0.0, Max:  0.0, Diff:  0.0, Sum:  0.0, Workers: 4
[44.671s][debug][gc,phases      ] GC(116)     Dead                           Min: 0, Avg:  0.0, Max: 0, Diff: 0, Sum: 0, Workers: 4
[44.671s][debug][gc,phases      ] GC(116)     Total                          Min: 0, Avg:  0.0, Max: 0, Diff: 0, Sum: 0, Workers: 4
[44.671s][debug][gc,phases      ] GC(116)   Weak JFR Old Object Samples    Min:  0.0, Avg:  0.0, Max:  0.0, Diff:  0.0, Sum:  0.0, Workers: 4
[44.671s][debug][gc,phases      ] GC(116)     Dead                           Min: 0, Avg:  0.0, Max: 0, Diff: 0, Sum: 0, Workers: 4
[44.671s][debug][gc,phases      ] GC(116)     Total                          Min: 0, Avg:  0.0, Max: 0, Diff: 0, Sum: 0, Workers: 4
[44.671s][debug][gc,phases      ] GC(116) Weak Processing 0.335ms
[44.671s][debug][gc,age         ] GC(116) Desired survivor size 434110464 bytes, new threshold 15 (max threshold 15)
[44.671s][info ][gc,heap        ] GC(116) PSYoungGen: 1307670K(1308160K)->19574K(1664512K) Eden: 1303552K(1303552K)->0K(1249280K) From: 4118K(4608K)->19574K(415232K)
[44.671s][info ][gc,heap        ] GC(116) ParOldGen: 452476K(579072K)->452484K(579072K)
[44.671s][info ][gc,metaspace   ] GC(116) Metaspace: 68527K(69248K)->68527K(69248K) NonClass: 58616K(59008K)->58616K(59008K) Class: 9910K(10240K)->9910K(10240K)
[44.671s][info ][gc             ] GC(116) Pause Young (Allocation Failure) 1718M->460M(2191M) 6.754ms
[44.671s][info ][gc,cpu         ] GC(116) User=0.03s Sys=0.00s Real=0.01s
[44.671s][info ][safepoint      ] Safepoint "ParallelGCFailedAllocation", Time since last: 302264984 ns, Reaching safepoint: 194304 ns, At safepoint: 6867236 ns, Total: 7061540 ns
[44.915s][info ][gc,start       ] GC(117) Pause Young (Allocation Failure)
[44.925s][debug][gc,phases      ] GC(117) Scavenge 9.901ms
[44.925s][debug][gc,ref         ] GC(117) Skipped phase 1 of Reference Processing: no references
[44.925s][debug][gc,ref         ] GC(117) ReferenceProcessor::execute queues: 1, RefProcThreadModel::Single, marks_oops_alive: false
[44.925s][debug][gc,ref         ] GC(117) Skipped phase 3 of Reference Processing: no references
[44.925s][debug][gc,ref         ] GC(117) Skipped phase 4 of Reference Processing: no references
[44.925s][debug][gc,phases      ] GC(117) Reference Processing 0.121ms
[44.925s][debug][gc,phases      ] GC(117)   VM Weak                        Min:  0.0, Avg:  0.0, Max:  0.0, Diff:  0.0, Sum:  0.0, Workers: 4
[44.925s][debug][gc,phases      ] GC(117)     Dead                           Min: 0, Avg:  0.0, Max: 0, Diff: 0, Sum: 0, Workers: 4
[44.925s][debug][gc,phases      ] GC(117)     Total                          Min: 0, Avg: 140.0, Max: 448, Diff: 448, Sum: 560, Workers: 4
[44.925s][debug][gc,phases      ] GC(117)   ObjectSynchronizer Weak        Min:  0.0, Avg:  0.0, Max:  0.0, Diff:  0.0, Sum:  0.0, Workers: 4
[44.925s][debug][gc,phases      ] GC(117)     Dead                           Min: 0, Avg:  0.0, Max: 0, Diff: 0, Sum: 0, Workers: 4
[44.925s][debug][gc,phases      ] GC(117)     Total                          Min: 0, Avg: 98.2, Max: 201, Diff: 201, Sum: 393, Workers: 4
[44.925s][debug][gc,phases      ] GC(117)   JVMTI Tag Weak OopStorage      Min:  0.0, Avg:  0.0, Max:  0.0, Diff:  0.0, Sum:  0.0, Workers: 4
[44.925s][debug][gc,phases      ] GC(117)     Dead                           Min: 0, Avg:  0.0, Max: 0, Diff: 0, Sum: 0, Workers: 4
[44.925s][debug][gc,phases      ] GC(117)     Total                          Min: 0, Avg:  0.0, Max: 0, Diff: 0, Sum: 0, Workers: 4
[44.925s][debug][gc,phases      ] GC(117)   StringTable Weak               Min:  0.1, Avg:  0.1, Max:  0.1, Diff:  0.0, Sum:  0.4, Workers: 4
[44.925s][debug][gc,phases      ] GC(117)     Dead                           Min: 0, Avg:  0.0, Max: 0, Diff: 0, Sum: 0, Workers: 4
[44.925s][debug][gc,phases      ] GC(117)     Total                          Min: 9212, Avg: 10694.5, Max: 11422, Diff: 2210, Sum: 42778, Workers: 4
[44.925s][debug][gc,phases      ] GC(117)   ResolvedMethodTable Weak       Min:  0.0, Avg:  0.0, Max:  0.0, Diff:  0.0, Sum:  0.1, Workers: 4
[44.925s][debug][gc,phases      ] GC(117)     Dead                           Min: 0, Avg:  0.0, Max: 0, Diff: 0, Sum: 0, Workers: 4
[44.925s][debug][gc,phases      ] GC(117)     Total                          Min: 1280, Avg: 1798.0, Max: 2139, Diff: 859, Sum: 7192, Workers: 4
[44.925s][debug][gc,phases      ] GC(117)   JNI Weak                       Min:  0.0, Avg:  0.0, Max:  0.0, Diff:  0.0, Sum:  0.0, Workers: 4
[44.925s][debug][gc,phases      ] GC(117)     Dead                           Min: 0, Avg:  0.0, Max: 0, Diff: 0, Sum: 0, Workers: 4
[44.925s][debug][gc,phases      ] GC(117)     Total                          Min: 0, Avg:  0.0, Max: 0, Diff: 0, Sum: 0, Workers: 4
[44.925s][debug][gc,phases      ] GC(117)   StringDedup Table Weak         Min:  0.0, Avg:  0.0, Max:  0.0, Diff:  0.0, Sum:  0.0, Workers: 4
[44.925s][debug][gc,phases      ] GC(117)     Dead                           Min: 0, Avg:  0.0, Max: 0, Diff: 0, Sum: 0, Workers: 4
[44.925s][debug][gc,phases      ] GC(117)     Total                          Min: 0, Avg:  0.0, Max: 0, Diff: 0, Sum: 0, Workers: 4
[44.925s][debug][gc,phases      ] GC(117)   StringDedup Requests0 Weak     Min:  0.0, Avg:  0.0, Max:  0.0, Diff:  0.0, Sum:  0.0, Workers: 4
[44.925s][debug][gc,phases      ] GC(117)     Dead                           Min: 0, Avg:  0.0, Max: 0, Diff: 0, Sum: 0, Workers: 4
[44.925s][debug][gc,phases      ] GC(117)     Total                          Min: 0, Avg:  0.0, Max: 0, Diff: 0, Sum: 0, Workers: 4
[44.925s][debug][gc,phases      ] GC(117)   StringDedup Requests1 Weak     Min:  0.0, Avg:  0.0, Max:  0.0, Diff:  0.0, Sum:  0.0, Workers: 4
[44.925s][debug][gc,phases      ] GC(117)     Dead                           Min: 0, Avg:  0.0, Max: 0, Diff: 0, Sum: 0, Workers: 4
[44.925s][debug][gc,phases      ] GC(117)     Total                          Min: 0, Avg:  0.0, Max: 0, Diff: 0, Sum: 0, Workers: 4
[44.925s][debug][gc,phases      ] GC(117)   Weak JFR Old Object Samples    Min:  0.0, Avg:  0.0, Max:  0.0, Diff:  0.0, Sum:  0.0, Workers: 4
[44.925s][debug][gc,phases      ] GC(117)     Dead                           Min: 0, Avg:  0.0, Max: 0, Diff: 0, Sum: 0, Workers: 4
[44.925s][debug][gc,phases      ] GC(117)     Total                          Min: 0, Avg:  0.0, Max: 0, Diff: 0, Sum: 0, Workers: 4
[44.925s][debug][gc,phases      ] GC(117) Weak Processing 0.341ms
[44.925s][debug][gc,age         ] GC(117) Desired survivor size 434634752 bytes, new threshold 15 (max threshold 15)
[44.925s][info ][gc,heap        ] GC(117) PSYoungGen: 1268854K(1664512K)->32438K(1282048K) Eden: 1249280K(1249280K)->0K(1249280K) From: 19574K(415232K)->32438K(32768K)
[44.925s][info ][gc,heap        ] GC(117) ParOldGen: 452484K(579072K)->452492K(579072K)
[44.925s][info ][gc,metaspace   ] GC(117) Metaspace: 68532K(69248K)->68532K(69248K) NonClass: 58620K(59008K)->58620K(59008K) Class: 9911K(10240K)->9911K(10240K)
[44.925s][info ][gc             ] GC(117) Pause Young (Allocation Failure) 1680M->473M(1817M) 10.487ms
[44.925s][info ][gc,cpu         ] GC(117) User=0.04s Sys=0.00s Real=0.01s
[44.925s][info ][safepoint      ] Safepoint "ParallelGCFailedAllocation", Time since last: 243381218 ns, Reaching safepoint: 157603 ns, At safepoint: 10601310 ns, Total: 10758913 ns
[45.165s][info ][gc,start       ] GC(118) Pause Young (Allocation Failure)
[45.178s][debug][gc,phases      ] GC(118) Scavenge 13.303ms
[45.178s][debug][gc,ref         ] GC(118) Skipped phase 1 of Reference Processing: no references
[45.178s][debug][gc,ref         ] GC(118) ReferenceProcessor::execute queues: 1, RefProcThreadModel::Single, marks_oops_alive: false
[45.178s][debug][gc,ref         ] GC(118) Skipped phase 3 of Reference Processing: no references
[45.178s][debug][gc,ref         ] GC(118) ReferenceProcessor::execute queues: 1, RefProcThreadModel::Single, marks_oops_alive: false
[45.178s][debug][gc,phases      ] GC(118) Reference Processing 0.127ms
[45.179s][debug][gc,phases      ] GC(118)   VM Weak                        Min:  0.0, Avg:  0.0, Max:  0.0, Diff:  0.0, Sum:  0.0, Workers: 4
[45.179s][debug][gc,phases      ] GC(118)     Dead                           Min: 0, Avg:  0.0, Max: 0, Diff: 0, Sum: 0, Workers: 4
[45.179s][debug][gc,phases      ] GC(118)     Total                          Min: 0, Avg: 141.0, Max: 564, Diff: 564, Sum: 564, Workers: 4
[45.179s][debug][gc,phases      ] GC(118)   ObjectSynchronizer Weak        Min:  0.0, Avg:  0.0, Max:  0.0, Diff:  0.0, Sum:  0.0, Workers: 4
[45.179s][debug][gc,phases      ] GC(118)     Dead                           Min: 0, Avg:  1.0, Max: 4, Diff: 4, Sum: 4, Workers: 4
[45.179s][debug][gc,phases      ] GC(118)     Total                          Min: 0, Avg: 99.5, Max: 384, Diff: 384, Sum: 398, Workers: 4
[45.179s][debug][gc,phases      ] GC(118)   JVMTI Tag Weak OopStorage      Min:  0.0, Avg:  0.0, Max:  0.0, Diff:  0.0, Sum:  0.0, Workers: 4
[45.179s][debug][gc,phases      ] GC(118)     Dead                           Min: 0, Avg:  0.0, Max: 0, Diff: 0, Sum: 0, Workers: 4
[45.179s][debug][gc,phases      ] GC(118)     Total                          Min: 0, Avg:  0.0, Max: 0, Diff: 0, Sum: 0, Workers: 4
[45.179s][debug][gc,phases      ] GC(118)   StringTable Weak               Min:  0.1, Avg:  0.1, Max:  0.1, Diff:  0.0, Sum:  0.4, Workers: 4
[45.179s][debug][gc,phases      ] GC(118)     Dead                           Min: 0, Avg:  3.2, Max: 11, Diff: 11, Sum: 13, Workers: 4
[45.179s][debug][gc,phases      ] GC(118)     Total                          Min: 9600, Avg: 10697.8, Max: 12543, Diff: 2943, Sum: 42791, Workers: 4
[45.179s][debug][gc,phases      ] GC(118)   ResolvedMethodTable Weak       Min:  0.0, Avg:  0.0, Max:  0.0, Diff:  0.0, Sum:  0.1, Workers: 4
[45.179s][debug][gc,phases      ] GC(118)     Dead                           Min: 0, Avg:  0.0, Max: 0, Diff: 0, Sum: 0, Workers: 4
[45.179s][debug][gc,phases      ] GC(118)     Total                          Min: 1647, Avg: 1803.5, Max: 2112, Diff: 465, Sum: 7214, Workers: 4
[45.179s][debug][gc,phases      ] GC(118)   JNI Weak                       Min:  0.0, Avg:  0.0, Max:  0.0, Diff:  0.0, Sum:  0.0, Workers: 4
[45.179s][debug][gc,phases      ] GC(118)     Dead                           Min: 0, Avg:  0.0, Max: 0, Diff: 0, Sum: 0, Workers: 4
[45.179s][debug][gc,phases      ] GC(118)     Total                          Min: 0, Avg:  0.5, Max: 2, Diff: 2, Sum: 2, Workers: 4
[45.179s][debug][gc,phases      ] GC(118)   StringDedup Table Weak         Min:  0.0, Avg:  0.0, Max:  0.0, Diff:  0.0, Sum:  0.0, Workers: 4
[45.179s][debug][gc,phases      ] GC(118)     Dead                           Min: 0, Avg:  0.0, Max: 0, Diff: 0, Sum: 0, Workers: 4
[45.179s][debug][gc,phases      ] GC(118)     Total                          Min: 0, Avg:  0.0, Max: 0, Diff: 0, Sum: 0, Workers: 4
[45.179s][debug][gc,phases      ] GC(118)   StringDedup Requests0 Weak     Min:  0.0, Avg:  0.0, Max:  0.0, Diff:  0.0, Sum:  0.0, Workers: 4
[45.179s][debug][gc,phases      ] GC(118)     Dead                           Min: 0, Avg:  0.0, Max: 0, Diff: 0, Sum: 0, Workers: 4
[45.179s][debug][gc,phases      ] GC(118)     Total                          Min: 0, Avg:  0.0, Max: 0, Diff: 0, Sum: 0, Workers: 4
[45.179s][debug][gc,phases      ] GC(118)   StringDedup Requests1 Weak     Min:  0.0, Avg:  0.0, Max:  0.0, Diff:  0.0, Sum:  0.0, Workers: 4
[45.179s][debug][gc,phases      ] GC(118)     Dead                           Min: 0, Avg:  0.0, Max: 0, Diff: 0, Sum: 0, Workers: 4
[45.179s][debug][gc,phases      ] GC(118)     Total                          Min: 0, Avg:  0.0, Max: 0, Diff: 0, Sum: 0, Workers: 4
[45.179s][debug][gc,phases      ] GC(118)   Weak JFR Old Object Samples    Min:  0.0, Avg:  0.0, Max:  0.0, Diff:  0.0, Sum:  0.0, Workers: 4
[45.179s][debug][gc,phases      ] GC(118)     Dead                           Min: 0, Avg:  0.0, Max: 0, Diff: 0, Sum: 0, Workers: 4
[45.179s][debug][gc,phases      ] GC(118)     Total                          Min: 0, Avg:  0.0, Max: 0, Diff: 0, Sum: 0, Workers: 4
[45.179s][debug][gc,phases      ] GC(118) Weak Processing 0.311ms
[45.179s][debug][gc,age         ] GC(118) Desired survivor size 429916160 bytes, new threshold 15 (max threshold 15)
[45.179s][info ][gc,heap        ] GC(118) PSYoungGen: 1281718K(1282048K)->39894K(1677312K) Eden: 1249280K(1249280K)->0K(1252864K) From: 32438K(32768K)->39894K(424448K)
[45.179s][info ][gc,heap        ] GC(118) ParOldGen: 452492K(579072K)->452492K(579072K)
[45.179s][info ][gc,metaspace   ] GC(118) Metaspace: 68589K(69312K)->68589K(69312K) NonClass: 58669K(59072K)->58669K(59072K) Class: 9920K(10240K)->9920K(10240K)
[45.179s][info ][gc             ] GC(118) Pause Young (Allocation Failure) 1693M->480M(2203M) 13.877ms
[45.179s][info ][gc,cpu         ] GC(118) User=0.06s Sys=0.00s Real=0.01s
[45.179s][info ][safepoint      ] Safepoint "ParallelGCFailedAllocation", Time since last: 239395139 ns, Reaching safepoint: 165403 ns, At safepoint: 13986677 ns, Total: 14152080 ns
[45.429s][info ][gc,start       ] GC(119) Pause Young (Allocation Failure)
[45.439s][debug][gc,phases      ] GC(119) Scavenge 10.198ms
[45.439s][debug][gc,ref         ] GC(119) Skipped phase 1 of Reference Processing: no references
[45.439s][debug][gc,ref         ] GC(119) ReferenceProcessor::execute queues: 1, RefProcThreadModel::Single, marks_oops_alive: false
[45.439s][debug][gc,ref         ] GC(119) Skipped phase 3 of Reference Processing: no references
[45.439s][debug][gc,ref         ] GC(119) ReferenceProcessor::execute queues: 1, RefProcThreadModel::Single, marks_oops_alive: false
[45.439s][debug][gc,phases      ] GC(119) Reference Processing 0.133ms
[45.440s][debug][gc,phases      ] GC(119)   VM Weak                        Min:  0.0, Avg:  0.0, Max:  0.0, Diff:  0.0, Sum:  0.0, Workers: 4
[45.440s][debug][gc,phases      ] GC(119)     Dead                           Min: 0, Avg:  0.0, Max: 0, Diff: 0, Sum: 0, Workers: 4
[45.440s][debug][gc,phases      ] GC(119)     Total                          Min: 0, Avg: 141.0, Max: 564, Diff: 564, Sum: 564, Workers: 4
[45.440s][debug][gc,phases      ] GC(119)   ObjectSynchronizer Weak        Min:  0.0, Avg:  0.0, Max:  0.0, Diff:  0.0, Sum:  0.0, Workers: 4
[45.440s][debug][gc,phases      ] GC(119)     Dead                           Min: 0, Avg:  0.0, Max: 0, Diff: 0, Sum: 0, Workers: 4
[45.440s][debug][gc,phases      ] GC(119)     Total                          Min: 0, Avg: 99.5, Max: 398, Diff: 398, Sum: 398, Workers: 4
[45.440s][debug][gc,phases      ] GC(119)   JVMTI Tag Weak OopStorage      Min:  0.0, Avg:  0.0, Max:  0.0, Diff:  0.0, Sum:  0.0, Workers: 4
[45.440s][debug][gc,phases      ] GC(119)     Dead                           Min: 0, Avg:  0.0, Max: 0, Diff: 0, Sum: 0, Workers: 4
[45.440s][debug][gc,phases      ] GC(119)     Total                          Min: 0, Avg:  0.0, Max: 0, Diff: 0, Sum: 0, Workers: 4
[45.440s][debug][gc,phases      ] GC(119)   StringTable Weak               Min:  0.1, Avg:  0.1, Max:  0.1, Diff:  0.0, Sum:  0.4, Workers: 4
[45.440s][debug][gc,phases      ] GC(119)     Dead                           Min: 0, Avg:  0.0, Max: 0, Diff: 0, Sum: 0, Workers: 4
[45.440s][debug][gc,phases      ] GC(119)     Total                          Min: 10240, Avg: 10707.8, Max: 11471, Diff: 1231, Sum: 42831, Workers: 4
[45.440s][debug][gc,phases      ] GC(119)   ResolvedMethodTable Weak       Min:  0.0, Avg:  0.0, Max:  0.0, Diff:  0.0, Sum:  0.1, Workers: 4
[45.440s][debug][gc,phases      ] GC(119)     Dead                           Min: 0, Avg:  0.0, Max: 0, Diff: 0, Sum: 0, Workers: 4
[45.440s][debug][gc,phases      ] GC(119)     Total                          Min: 1599, Avg: 1804.8, Max: 1920, Diff: 321, Sum: 7219, Workers: 4
[45.440s][debug][gc,phases      ] GC(119)   JNI Weak                       Min:  0.0, Avg:  0.0, Max:  0.0, Diff:  0.0, Sum:  0.0, Workers: 4
[45.440s][debug][gc,phases      ] GC(119)     Dead                           Min: 0, Avg:  0.0, Max: 0, Diff: 0, Sum: 0, Workers: 4
[45.440s][debug][gc,phases      ] GC(119)     Total                          Min: 0, Avg:  1.5, Max: 6, Diff: 6, Sum: 6, Workers: 4
[45.440s][debug][gc,phases      ] GC(119)   StringDedup Table Weak         Min:  0.0, Avg:  0.0, Max:  0.0, Diff:  0.0, Sum:  0.0, Workers: 4
[45.440s][debug][gc,phases      ] GC(119)     Dead                           Min: 0, Avg:  0.0, Max: 0, Diff: 0, Sum: 0, Workers: 4
[45.440s][debug][gc,phases      ] GC(119)     Total                          Min: 0, Avg:  0.0, Max: 0, Diff: 0, Sum: 0, Workers: 4
[45.440s][debug][gc,phases      ] GC(119)   StringDedup Requests0 Weak     Min:  0.0, Avg:  0.0, Max:  0.0, Diff:  0.0, Sum:  0.0, Workers: 4
[45.440s][debug][gc,phases      ] GC(119)     Dead                           Min: 0, Avg:  0.0, Max: 0, Diff: 0, Sum: 0, Workers: 4
[45.440s][debug][gc,phases      ] GC(119)     Total                          Min: 0, Avg:  0.0, Max: 0, Diff: 0, Sum: 0, Workers: 4
[45.440s][debug][gc,phases      ] GC(119)   StringDedup Requests1 Weak     Min:  0.0, Avg:  0.0, Max:  0.0, Diff:  0.0, Sum:  0.0, Workers: 4
[45.440s][debug][gc,phases      ] GC(119)     Dead                           Min: 0, Avg:  0.0, Max: 0, Diff: 0, Sum: 0, Workers: 4
[45.440s][debug][gc,phases      ] GC(119)     Total                          Min: 0, Avg:  0.0, Max: 0, Diff: 0, Sum: 0, Workers: 4
[45.440s][debug][gc,phases      ] GC(119)   Weak JFR Old Object Samples    Min:  0.0, Avg:  0.0, Max:  0.0, Diff:  0.0, Sum:  0.0, Workers: 4
[45.440s][debug][gc,phases      ] GC(119)     Dead                           Min: 0, Avg:  0.0, Max: 0, Diff: 0, Sum: 0, Workers: 4
[45.440s][debug][gc,phases      ] GC(119)     Total                          Min: 0, Avg:  0.0, Max: 0, Diff: 0, Sum: 0, Workers: 4
[45.440s][debug][gc,phases      ] GC(119) Weak Processing 0.326ms
[45.440s][debug][gc,age         ] GC(119) Desired survivor size 422051840 bytes, new threshold 15 (max threshold 15)
[45.440s][info ][gc,heap        ] GC(119) PSYoungGen: 1292758K(1677312K)->41270K(1672704K) Eden: 1252864K(1252864K)->0K(1252864K) From: 39894K(424448K)->41270K(419840K)
[45.440s][info ][gc,heap        ] GC(119) ParOldGen: 452492K(579072K)->452500K(579072K)
[45.440s][info ][gc,metaspace   ] GC(119) Metaspace: 68654K(69376K)->68654K(69376K) NonClass: 58732K(59136K)->58732K(59136K) Class: 9922K(10240K)->9922K(10240K)
[45.440s][info ][gc             ] GC(119) Pause Young (Allocation Failure) 1704M->482M(2199M) 10.796ms
[45.440s][info ][gc,cpu         ] GC(119) User=0.04s Sys=0.00s Real=0.01s
[45.440s][info ][safepoint      ] Safepoint "ParallelGCFailedAllocation", Time since last: 249857646 ns, Reaching safepoint: 183404 ns, At safepoint: 10916016 ns, Total: 11099420 ns
[45.711s][info ][gc,start       ] GC(120) Pause Young (Allocation Failure)
[45.723s][debug][gc,phases      ] GC(120) Scavenge 12.756ms
[45.724s][debug][gc,ref         ] GC(120) Skipped phase 1 of Reference Processing: no references
[45.724s][debug][gc,ref         ] GC(120) ReferenceProcessor::execute queues: 1, RefProcThreadModel::Single, marks_oops_alive: false
[45.724s][debug][gc,ref         ] GC(120) Skipped phase 3 of Reference Processing: no references
[45.724s][debug][gc,ref         ] GC(120) Skipped phase 4 of Reference Processing: no references
[45.724s][debug][gc,phases      ] GC(120) Reference Processing 0.147ms
[45.724s][debug][gc,phases      ] GC(120)   VM Weak                        Min:  0.0, Avg:  0.0, Max:  0.0, Diff:  0.0, Sum:  0.0, Workers: 4
[45.724s][debug][gc,phases      ] GC(120)     Dead                           Min: 0, Avg:  0.0, Max: 0, Diff: 0, Sum: 0, Workers: 4
[45.724s][debug][gc,phases      ] GC(120)     Total                          Min: 0, Avg: 141.0, Max: 564, Diff: 564, Sum: 564, Workers: 4
[45.724s][debug][gc,phases      ] GC(120)   ObjectSynchronizer Weak        Min:  0.0, Avg:  0.0, Max:  0.0, Diff:  0.0, Sum:  0.0, Workers: 4
[45.724s][debug][gc,phases      ] GC(120)     Dead                           Min: 0, Avg:  0.0, Max: 0, Diff: 0, Sum: 0, Workers: 4
[45.724s][debug][gc,phases      ] GC(120)     Total                          Min: 0, Avg: 99.5, Max: 192, Diff: 192, Sum: 398, Workers: 4
[45.724s][debug][gc,phases      ] GC(120)   JVMTI Tag Weak OopStorage      Min:  0.0, Avg:  0.0, Max:  0.0, Diff:  0.0, Sum:  0.0, Workers: 4
[45.724s][debug][gc,phases      ] GC(120)     Dead                           Min: 0, Avg:  0.0, Max: 0, Diff: 0, Sum: 0, Workers: 4
[45.724s][debug][gc,phases      ] GC(120)     Total                          Min: 0, Avg:  0.0, Max: 0, Diff: 0, Sum: 0, Workers: 4
[45.724s][debug][gc,phases      ] GC(120)   StringTable Weak               Min:  0.1, Avg:  0.1, Max:  0.1, Diff:  0.0, Sum:  0.4, Workers: 4
[45.724s][debug][gc,phases      ] GC(120)     Dead                           Min: 0, Avg:  2.8, Max: 11, Diff: 11, Sum: 11, Workers: 4
[45.724s][debug][gc,phases      ] GC(120)     Total                          Min: 10176, Avg: 10707.8, Max: 11392, Diff: 1216, Sum: 42831, Workers: 4
[45.724s][debug][gc,phases      ] GC(120)   ResolvedMethodTable Weak       Min:  0.0, Avg:  0.0, Max:  0.0, Diff:  0.0, Sum:  0.1, Workers: 4
[45.724s][debug][gc,phases      ] GC(120)     Dead                           Min: 0, Avg:  0.0, Max: 0, Diff: 0, Sum: 0, Workers: 4
[45.724s][debug][gc,phases      ] GC(120)     Total                          Min: 1653, Avg: 1804.8, Max: 1984, Diff: 331, Sum: 7219, Workers: 4
[45.724s][debug][gc,phases      ] GC(120)   JNI Weak                       Min:  0.0, Avg:  0.0, Max:  0.0, Diff:  0.0, Sum:  0.0, Workers: 4
[45.724s][debug][gc,phases      ] GC(120)     Dead                           Min: 0, Avg:  0.0, Max: 0, Diff: 0, Sum: 0, Workers: 4
[45.724s][debug][gc,phases      ] GC(120)     Total                          Min: 0, Avg:  3.8, Max: 15, Diff: 15, Sum: 15, Workers: 4
[45.724s][debug][gc,phases      ] GC(120)   StringDedup Table Weak         Min:  0.0, Avg:  0.0, Max:  0.0, Diff:  0.0, Sum:  0.0, Workers: 4
[45.724s][debug][gc,phases      ] GC(120)     Dead                           Min: 0, Avg:  0.0, Max: 0, Diff: 0, Sum: 0, Workers: 4
[45.724s][debug][gc,phases      ] GC(120)     Total                          Min: 0, Avg:  0.0, Max: 0, Diff: 0, Sum: 0, Workers: 4
[45.724s][debug][gc,phases      ] GC(120)   StringDedup Requests0 Weak     Min:  0.0, Avg:  0.0, Max:  0.0, Diff:  0.0, Sum:  0.0, Workers: 4
[45.724s][debug][gc,phases      ] GC(120)     Dead                           Min: 0, Avg:  0.0, Max: 0, Diff: 0, Sum: 0, Workers: 4
[45.724s][debug][gc,phases      ] GC(120)     Total                          Min: 0, Avg:  0.0, Max: 0, Diff: 0, Sum: 0, Workers: 4
[45.724s][debug][gc,phases      ] GC(120)   StringDedup Requests1 Weak     Min:  0.0, Avg:  0.0, Max:  0.0, Diff:  0.0, Sum:  0.0, Workers: 4
[45.724s][debug][gc,phases      ] GC(120)     Dead                           Min: 0, Avg:  0.0, Max: 0, Diff: 0, Sum: 0, Workers: 4
[45.724s][debug][gc,phases      ] GC(120)     Total                          Min: 0, Avg:  0.0, Max: 0, Diff: 0, Sum: 0, Workers: 4
[45.724s][debug][gc,phases      ] GC(120)   Weak JFR Old Object Samples    Min:  0.0, Avg:  0.0, Max:  0.0, Diff:  0.0, Sum:  0.0, Workers: 4
[45.724s][debug][gc,phases      ] GC(120)     Dead                           Min: 0, Avg:  0.0, Max: 0, Diff: 0, Sum: 0, Workers: 4
[45.724s][debug][gc,phases      ] GC(120)     Total                          Min: 0, Avg:  0.0, Max: 0, Diff: 0, Sum: 0, Workers: 4
[45.724s][debug][gc,phases      ] GC(120) Weak Processing 0.345ms
[45.724s][debug][gc,age         ] GC(120) Desired survivor size 411566080 bytes, new threshold 15 (max threshold 15)
[45.724s][info ][gc,heap        ] GC(120) PSYoungGen: 1294134K(1672704K)->42358K(1695232K) Eden: 1252864K(1252864K)->0K(1283072K) From: 41270K(419840K)->42358K(412160K)
[45.724s][info ][gc,heap        ] GC(120) ParOldGen: 452500K(579072K)->452508K(579072K)
[45.724s][info ][gc,metaspace   ] GC(120) Metaspace: 68660K(69440K)->68660K(69440K) NonClass: 58737K(59200K)->58737K(59200K) Class: 9922K(10240K)->9922K(10240K)
[45.724s][info ][gc             ] GC(120) Pause Young (Allocation Failure) 1705M->483M(2221M) 13.383ms
[45.724s][info ][gc,cpu         ] GC(120) User=0.06s Sys=0.00s Real=0.01s
[45.724s][info ][safepoint      ] Safepoint "ParallelGCFailedAllocation", Time since last: 270624257 ns, Reaching safepoint: 132003 ns, At safepoint: 13514167 ns, Total: 13646170 ns
[46.021s][info ][gc,start       ] GC(121) Pause Young (Allocation Failure)
[46.032s][debug][gc,phases      ] GC(121) Scavenge 10.871ms
[46.032s][debug][gc,ref         ] GC(121) Skipped phase 1 of Reference Processing: no references
[46.033s][debug][gc,ref         ] GC(121) ReferenceProcessor::execute queues: 1, RefProcThreadModel::Single, marks_oops_alive: false
[46.033s][debug][gc,ref         ] GC(121) Skipped phase 3 of Reference Processing: no references
[46.033s][debug][gc,ref         ] GC(121) Skipped phase 4 of Reference Processing: no references
[46.033s][debug][gc,phases      ] GC(121) Reference Processing 0.130ms
[46.033s][debug][gc,phases      ] GC(121)   VM Weak                        Min:  0.0, Avg:  0.0, Max:  0.0, Diff:  0.0, Sum:  0.0, Workers: 4
[46.033s][debug][gc,phases      ] GC(121)     Dead                           Min: 0, Avg:  0.0, Max: 0, Diff: 0, Sum: 0, Workers: 4
[46.033s][debug][gc,phases      ] GC(121)     Total                          Min: 0, Avg: 141.0, Max: 512, Diff: 512, Sum: 564, Workers: 4
[46.033s][debug][gc,phases      ] GC(121)   ObjectSynchronizer Weak        Min:  0.0, Avg:  0.0, Max:  0.0, Diff:  0.0, Sum:  0.0, Workers: 4
[46.033s][debug][gc,phases      ] GC(121)     Dead                           Min: 0, Avg:  0.0, Max: 0, Diff: 0, Sum: 0, Workers: 4
[46.033s][debug][gc,phases      ] GC(121)     Total                          Min: 0, Avg: 99.5, Max: 256, Diff: 256, Sum: 398, Workers: 4
[46.033s][debug][gc,phases      ] GC(121)   JVMTI Tag Weak OopStorage      Min:  0.0, Avg:  0.0, Max:  0.0, Diff:  0.0, Sum:  0.0, Workers: 4
[46.033s][debug][gc,phases      ] GC(121)     Dead                           Min: 0, Avg:  0.0, Max: 0, Diff: 0, Sum: 0, Workers: 4
[46.033s][debug][gc,phases      ] GC(121)     Total                          Min: 0, Avg:  0.0, Max: 0, Diff: 0, Sum: 0, Workers: 4
[46.033s][debug][gc,phases      ] GC(121)   StringTable Weak               Min:  0.1, Avg:  0.1, Max:  0.1, Diff:  0.0, Sum:  0.5, Workers: 4
[46.033s][debug][gc,phases      ] GC(121)     Dead                           Min: 0, Avg:  0.0, Max: 0, Diff: 0, Sum: 0, Workers: 4
[46.033s][debug][gc,phases      ] GC(121)     Total                          Min: 9408, Avg: 10708.2, Max: 12480, Diff: 3072, Sum: 42833, Workers: 4
[46.033s][debug][gc,phases      ] GC(121)   ResolvedMethodTable Weak       Min:  0.0, Avg:  0.0, Max:  0.0, Diff:  0.0, Sum:  0.1, Workers: 4
[46.033s][debug][gc,phases      ] GC(121)     Dead                           Min: 0, Avg:  0.0, Max: 0, Diff: 0, Sum: 0, Workers: 4
[46.033s][debug][gc,phases      ] GC(121)     Total                          Min: 1652, Avg: 1804.8, Max: 1920, Diff: 268, Sum: 7219, Workers: 4
[46.033s][debug][gc,phases      ] GC(121)   JNI Weak                       Min:  0.0, Avg:  0.0, Max:  0.0, Diff:  0.0, Sum:  0.0, Workers: 4
[46.033s][debug][gc,phases      ] GC(121)     Dead                           Min: 0, Avg:  0.0, Max: 0, Diff: 0, Sum: 0, Workers: 4
[46.033s][debug][gc,phases      ] GC(121)     Total                          Min: 0, Avg:  2.5, Max: 10, Diff: 10, Sum: 10, Workers: 4
[46.033s][debug][gc,phases      ] GC(121)   StringDedup Table Weak         Min:  0.0, Avg:  0.0, Max:  0.0, Diff:  0.0, Sum:  0.0, Workers: 4
[46.033s][debug][gc,phases      ] GC(121)     Dead                           Min: 0, Avg:  0.0, Max: 0, Diff: 0, Sum: 0, Workers: 4
[46.033s][debug][gc,phases      ] GC(121)     Total                          Min: 0, Avg:  0.0, Max: 0, Diff: 0, Sum: 0, Workers: 4
[46.033s][debug][gc,phases      ] GC(121)   StringDedup Requests0 Weak     Min:  0.0, Avg:  0.0, Max:  0.0, Diff:  0.0, Sum:  0.0, Workers: 4
[46.033s][debug][gc,phases      ] GC(121)     Dead                           Min: 0, Avg:  0.0, Max: 0, Diff: 0, Sum: 0, Workers: 4
[46.033s][debug][gc,phases      ] GC(121)     Total                          Min: 0, Avg:  0.0, Max: 0, Diff: 0, Sum: 0, Workers: 4
[46.033s][debug][gc,phases      ] GC(121)   StringDedup Requests1 Weak     Min:  0.0, Avg:  0.0, Max:  0.0, Diff:  0.0, Sum:  0.0, Workers: 4
[46.033s][debug][gc,phases      ] GC(121)     Dead                           Min: 0, Avg:  0.0, Max: 0, Diff: 0, Sum: 0, Workers: 4
[46.033s][debug][gc,phases      ] GC(121)     Total                          Min: 0, Avg:  0.0, Max: 0, Diff: 0, Sum: 0, Workers: 4
[46.033s][debug][gc,phases      ] GC(121)   Weak JFR Old Object Samples    Min:  0.0, Avg:  0.0, Max:  0.0, Diff:  0.0, Sum:  0.0, Workers: 4
[46.033s][debug][gc,phases      ] GC(121)     Dead                           Min: 0, Avg:  0.0, Max: 0, Diff: 0, Sum: 0, Workers: 4
[46.033s][debug][gc,phases      ] GC(121)     Total                          Min: 0, Avg:  0.0, Max: 0, Diff: 0, Sum: 0, Workers: 4
[46.033s][debug][gc,phases      ] GC(121) Weak Processing 0.333ms
[46.033s][debug][gc,age         ] GC(121) Desired survivor size 398983168 bytes, new threshold 15 (max threshold 15)
[46.033s][info ][gc,heap        ] GC(121) PSYoungGen: 1325430K(1695232K)->42966K(1684992K) Eden: 1283072K(1283072K)->0K(1283072K) From: 42358K(412160K)->42966K(401920K)
[46.033s][info ][gc,heap        ] GC(121) ParOldGen: 452508K(579072K)->452508K(579072K)
[46.033s][info ][gc,metaspace   ] GC(121) Metaspace: 68673K(69440K)->68673K(69440K) NonClass: 58750K(59200K)->58750K(59200K) Class: 9922K(10240K)->9922K(10240K)
[46.033s][info ][gc             ] GC(121) Pause Young (Allocation Failure) 1736M->483M(2211M) 11.496ms
[46.033s][info ][gc,cpu         ] GC(121) User=0.05s Sys=0.01s Real=0.02s
[46.033s][info ][safepoint      ] Safepoint "ParallelGCFailedAllocation", Time since last: 297090481 ns, Reaching safepoint: 143203 ns, At safepoint: 11619730 ns, Total: 11762933 ns
[46.301s][info ][gc,start       ] GC(122) Pause Young (Allocation Failure)
[46.313s][debug][gc,phases      ] GC(122) Scavenge 12.427ms
[46.313s][debug][gc,ref         ] GC(122) Skipped phase 1 of Reference Processing: no references
[46.313s][debug][gc,ref         ] GC(122) ReferenceProcessor::execute queues: 1, RefProcThreadModel::Single, marks_oops_alive: false
[46.313s][debug][gc,ref         ] GC(122) Skipped phase 3 of Reference Processing: no references
[46.313s][debug][gc,ref         ] GC(122) ReferenceProcessor::execute queues: 1, RefProcThreadModel::Single, marks_oops_alive: false
[46.313s][debug][gc,phases      ] GC(122) Reference Processing 0.136ms
[46.313s][debug][gc,phases      ] GC(122)   VM Weak                        Min:  0.0, Avg:  0.0, Max:  0.0, Diff:  0.0, Sum:  0.0, Workers: 4
[46.313s][debug][gc,phases      ] GC(122)     Dead                           Min: 0, Avg:  0.0, Max: 0, Diff: 0, Sum: 0, Workers: 4
[46.313s][debug][gc,phases      ] GC(122)     Total                          Min: 0, Avg: 141.0, Max: 256, Diff: 256, Sum: 564, Workers: 4
[46.313s][debug][gc,phases      ] GC(122)   ObjectSynchronizer Weak        Min:  0.0, Avg:  0.0, Max:  0.0, Diff:  0.0, Sum:  0.0, Workers: 4
[46.313s][debug][gc,phases      ] GC(122)     Dead                           Min: 0, Avg:  0.0, Max: 0, Diff: 0, Sum: 0, Workers: 4
[46.313s][debug][gc,phases      ] GC(122)     Total                          Min: 0, Avg: 99.5, Max: 192, Diff: 192, Sum: 398, Workers: 4
[46.313s][debug][gc,phases      ] GC(122)   JVMTI Tag Weak OopStorage      Min:  0.0, Avg:  0.0, Max:  0.0, Diff:  0.0, Sum:  0.0, Workers: 4
[46.313s][debug][gc,phases      ] GC(122)     Dead                           Min: 0, Avg:  0.0, Max: 0, Diff: 0, Sum: 0, Workers: 4
[46.313s][debug][gc,phases      ] GC(122)     Total                          Min: 0, Avg:  0.0, Max: 0, Diff: 0, Sum: 0, Workers: 4
[46.313s][debug][gc,phases      ] GC(122)   StringTable Weak               Min:  0.1, Avg:  0.1, Max:  0.1, Diff:  0.0, Sum:  0.4, Workers: 4
[46.313s][debug][gc,phases      ] GC(122)     Dead                           Min: 0, Avg:  2.8, Max: 11, Diff: 11, Sum: 11, Workers: 4
[46.313s][debug][gc,phases      ] GC(122)     Total                          Min: 10337, Avg: 10709.5, Max: 11125, Diff: 788, Sum: 42838, Workers: 4
[46.313s][debug][gc,phases      ] GC(122)   ResolvedMethodTable Weak       Min:  0.0, Avg:  0.0, Max:  0.0, Diff:  0.0, Sum:  0.1, Workers: 4
[46.313s][debug][gc,phases      ] GC(122)     Dead                           Min: 0, Avg:  0.0, Max: 0, Diff: 0, Sum: 0, Workers: 4
[46.314s][debug][gc,phases      ] GC(122)     Total                          Min: 1716, Avg: 1805.0, Max: 1984, Diff: 268, Sum: 7220, Workers: 4
[46.314s][debug][gc,phases      ] GC(122)   JNI Weak                       Min:  0.0, Avg:  0.0, Max:  0.0, Diff:  0.0, Sum:  0.0, Workers: 4
[46.314s][debug][gc,phases      ] GC(122)     Dead                           Min: 0, Avg:  0.0, Max: 0, Diff: 0, Sum: 0, Workers: 4
[46.314s][debug][gc,phases      ] GC(122)     Total                          Min: 0, Avg:  1.8, Max: 7, Diff: 7, Sum: 7, Workers: 4
[46.314s][debug][gc,phases      ] GC(122)   StringDedup Table Weak         Min:  0.0, Avg:  0.0, Max:  0.0, Diff:  0.0, Sum:  0.0, Workers: 4
[46.314s][debug][gc,phases      ] GC(122)     Dead                           Min: 0, Avg:  0.0, Max: 0, Diff: 0, Sum: 0, Workers: 4
[46.314s][debug][gc,phases      ] GC(122)     Total                          Min: 0, Avg:  0.0, Max: 0, Diff: 0, Sum: 0, Workers: 4
[46.314s][debug][gc,phases      ] GC(122)   StringDedup Requests0 Weak     Min:  0.0, Avg:  0.0, Max:  0.0, Diff:  0.0, Sum:  0.0, Workers: 4
[46.314s][debug][gc,phases      ] GC(122)     Dead                           Min: 0, Avg:  0.0, Max: 0, Diff: 0, Sum: 0, Workers: 4
[46.314s][debug][gc,phases      ] GC(122)     Total                          Min: 0, Avg:  0.0, Max: 0, Diff: 0, Sum: 0, Workers: 4
[46.314s][debug][gc,phases      ] GC(122)   StringDedup Requests1 Weak     Min:  0.0, Avg:  0.0, Max:  0.0, Diff:  0.0, Sum:  0.0, Workers: 4
[46.314s][debug][gc,phases      ] GC(122)     Dead                           Min: 0, Avg:  0.0, Max: 0, Diff: 0, Sum: 0, Workers: 4
[46.314s][debug][gc,phases      ] GC(122)     Total                          Min: 0, Avg:  0.0, Max: 0, Diff: 0, Sum: 0, Workers: 4
[46.314s][debug][gc,phases      ] GC(122)   Weak JFR Old Object Samples    Min:  0.0, Avg:  0.0, Max:  0.0, Diff:  0.0, Sum:  0.0, Workers: 4
[46.314s][debug][gc,phases      ] GC(122)     Dead                           Min: 0, Avg:  0.0, Max: 0, Diff: 0, Sum: 0, Workers: 4
[46.314s][debug][gc,phases      ] GC(122)     Total                          Min: 0, Avg:  0.0, Max: 0, Diff: 0, Sum: 0, Workers: 4
[46.314s][debug][gc,phases      ] GC(122) Weak Processing 0.310ms
[46.314s][debug][gc,age         ] GC(122) Desired survivor size 384827392 bytes, new threshold 15 (max threshold 15)
[46.314s][info ][gc,heap        ] GC(122) PSYoungGen: 1326038K(1684992K)->47702K(1721344K) Eden: 1283072K(1283072K)->0K(1331712K) From: 42966K(401920K)->47702K(389632K)
[46.314s][info ][gc,heap        ] GC(122) ParOldGen: 452508K(579072K)->452508K(579072K)
[46.314s][info ][gc,metaspace   ] GC(122) Metaspace: 68685K(69440K)->68685K(69440K) NonClass: 58762K(59200K)->58762K(59200K) Class: 9923K(10240K)->9923K(10240K)
[46.314s][info ][gc             ] GC(122) Pause Young (Allocation Failure) 1736M->488M(2246M) 13.015ms
[46.314s][info ][gc,cpu         ] GC(122) User=0.06s Sys=0.00s Real=0.02s
[46.314s][info ][safepoint      ] Safepoint "ParallelGCFailedAllocation", Time since last: 267401594 ns, Reaching safepoint: 150703 ns, At safepoint: 13135960 ns, Total: 13286663 ns
[46.652s][info ][gc,start       ] GC(123) Pause Young (Allocation Failure)
[46.676s][debug][gc,phases      ] GC(123) Scavenge 24.068ms
[46.676s][debug][gc,ref         ] GC(123) Skipped phase 1 of Reference Processing: no references
[46.676s][debug][gc,ref         ] GC(123) ReferenceProcessor::execute queues: 1, RefProcThreadModel::Single, marks_oops_alive: false
[46.676s][debug][gc,ref         ] GC(123) Skipped phase 3 of Reference Processing: no references
[46.676s][debug][gc,ref         ] GC(123) ReferenceProcessor::execute queues: 1, RefProcThreadModel::Single, marks_oops_alive: false
[46.676s][debug][gc,phases      ] GC(123) Reference Processing 0.119ms
[46.676s][debug][gc,phases      ] GC(123)   VM Weak                        Min:  0.0, Avg:  0.0, Max:  0.0, Diff:  0.0, Sum:  0.0, Workers: 4
[46.676s][debug][gc,phases      ] GC(123)     Dead                           Min: 0, Avg:  0.0, Max: 0, Diff: 0, Sum: 0, Workers: 4
[46.676s][debug][gc,phases      ] GC(123)     Total                          Min: 0, Avg: 143.2, Max: 320, Diff: 320, Sum: 573, Workers: 4
[46.676s][debug][gc,phases      ] GC(123)   ObjectSynchronizer Weak        Min:  0.0, Avg:  0.0, Max:  0.0, Diff:  0.0, Sum:  0.0, Workers: 4
[46.676s][debug][gc,phases      ] GC(123)     Dead                           Min: 0, Avg:  0.0, Max: 0, Diff: 0, Sum: 0, Workers: 4
[46.676s][debug][gc,phases      ] GC(123)     Total                          Min: 0, Avg: 99.8, Max: 256, Diff: 256, Sum: 399, Workers: 4
[46.676s][debug][gc,phases      ] GC(123)   JVMTI Tag Weak OopStorage      Min:  0.0, Avg:  0.0, Max:  0.0, Diff:  0.0, Sum:  0.0, Workers: 4
[46.676s][debug][gc,phases      ] GC(123)     Dead                           Min: 0, Avg:  0.0, Max: 0, Diff: 0, Sum: 0, Workers: 4
[46.676s][debug][gc,phases      ] GC(123)     Total                          Min: 0, Avg:  0.0, Max: 0, Diff: 0, Sum: 0, Workers: 4
[46.676s][debug][gc,phases      ] GC(123)   StringTable Weak               Min:  0.1, Avg:  0.1, Max:  0.1, Diff:  0.0, Sum:  0.4, Workers: 4
[46.676s][debug][gc,phases      ] GC(123)     Dead                           Min: 0, Avg:  3.2, Max: 8, Diff: 8, Sum: 13, Workers: 4
[46.676s][debug][gc,phases      ] GC(123)     Total                          Min: 10368, Avg: 10719.2, Max: 11008, Diff: 640, Sum: 42877, Workers: 4
[46.676s][debug][gc,phases      ] GC(123)   ResolvedMethodTable Weak       Min:  0.0, Avg:  0.0, Max:  0.0, Diff:  0.0, Sum:  0.1, Workers: 4
[46.676s][debug][gc,phases      ] GC(123)     Dead                           Min: 0, Avg:  0.0, Max: 0, Diff: 0, Sum: 0, Workers: 4
[46.676s][debug][gc,phases      ] GC(123)     Total                          Min: 1664, Avg: 1816.2, Max: 1920, Diff: 256, Sum: 7265, Workers: 4
[46.676s][debug][gc,phases      ] GC(123)   JNI Weak                       Min:  0.0, Avg:  0.0, Max:  0.0, Diff:  0.0, Sum:  0.0, Workers: 4
[46.676s][debug][gc,phases      ] GC(123)     Dead                           Min: 0, Avg:  0.0, Max: 0, Diff: 0, Sum: 0, Workers: 4
[46.676s][debug][gc,phases      ] GC(123)     Total                          Min: 0, Avg: 10.2, Max: 41, Diff: 41, Sum: 41, Workers: 4
[46.676s][debug][gc,phases      ] GC(123)   StringDedup Table Weak         Min:  0.0, Avg:  0.0, Max:  0.0, Diff:  0.0, Sum:  0.0, Workers: 4
[46.676s][debug][gc,phases      ] GC(123)     Dead                           Min: 0, Avg:  0.0, Max: 0, Diff: 0, Sum: 0, Workers: 4
[46.676s][debug][gc,phases      ] GC(123)     Total                          Min: 0, Avg:  0.0, Max: 0, Diff: 0, Sum: 0, Workers: 4
[46.676s][debug][gc,phases      ] GC(123)   StringDedup Requests0 Weak     Min:  0.0, Avg:  0.0, Max:  0.0, Diff:  0.0, Sum:  0.0, Workers: 4
[46.676s][debug][gc,phases      ] GC(123)     Dead                           Min: 0, Avg:  0.0, Max: 0, Diff: 0, Sum: 0, Workers: 4
[46.676s][debug][gc,phases      ] GC(123)     Total                          Min: 0, Avg:  0.0, Max: 0, Diff: 0, Sum: 0, Workers: 4
[46.676s][debug][gc,phases      ] GC(123)   StringDedup Requests1 Weak     Min:  0.0, Avg:  0.0, Max:  0.0, Diff:  0.0, Sum:  0.0, Workers: 4
[46.676s][debug][gc,phases      ] GC(123)     Dead                           Min: 0, Avg:  0.0, Max: 0, Diff: 0, Sum: 0, Workers: 4
[46.676s][debug][gc,phases      ] GC(123)     Total                          Min: 0, Avg:  0.0, Max: 0, Diff: 0, Sum: 0, Workers: 4
[46.677s][debug][gc,phases      ] GC(123)   Weak JFR Old Object Samples    Min:  0.0, Avg:  0.0, Max:  0.0, Diff:  0.0, Sum:  0.0, Workers: 4
[46.677s][debug][gc,phases      ] GC(123)     Dead                           Min: 0, Avg:  0.0, Max: 0, Diff: 0, Sum: 0, Workers: 4
[46.677s][debug][gc,phases      ] GC(123)     Total                          Min: 0, Avg:  0.0, Max: 0, Diff: 0, Sum: 0, Workers: 4
[46.677s][debug][gc,phases      ] GC(123) Weak Processing 0.301ms
[46.677s][debug][gc,age         ] GC(123) Desired survivor size 362807296 bytes, new threshold 15 (max threshold 15)
[46.677s][info ][gc,heap        ] GC(123) PSYoungGen: 1379414K(1721344K)->89126K(1707520K) Eden: 1331712K(1331712K)->0K(1331712K) From: 47702K(389632K)->89126K(375808K)
[46.677s][info ][gc,heap        ] GC(123) ParOldGen: 452508K(579072K)->452516K(579072K)
[46.677s][info ][gc,metaspace   ] GC(123) Metaspace: 68833K(69568K)->68833K(69568K) NonClass: 58880K(59328K)->58880K(59328K) Class: 9952K(10240K)->9952K(10240K)
[46.677s][info ][gc             ] GC(123) Pause Young (Allocation Failure) 1788M->528M(2233M) 24.615ms
[46.677s][info ][gc,cpu         ] GC(123) User=0.10s Sys=0.00s Real=0.02s
[46.677s][info ][safepoint      ] Safepoint "ParallelGCFailedAllocation", Time since last: 338042491 ns, Reaching safepoint: 172004 ns, At safepoint: 24731589 ns, Total: 24903593 ns
[46.996s][info ][gc,start       ] GC(124) Pause Young (Allocation Failure)
[47.019s][debug][gc,phases      ] GC(124) Scavenge 22.093ms
[47.019s][debug][gc,ref         ] GC(124) Skipped phase 1 of Reference Processing: no references
[47.019s][debug][gc,ref         ] GC(124) ReferenceProcessor::execute queues: 1, RefProcThreadModel::Single, marks_oops_alive: false
[47.019s][debug][gc,ref         ] GC(124) Skipped phase 3 of Reference Processing: no references
[47.019s][debug][gc,ref         ] GC(124) ReferenceProcessor::execute queues: 1, RefProcThreadModel::Single, marks_oops_alive: false
[47.019s][debug][gc,phases      ] GC(124) Reference Processing 0.136ms
[47.019s][debug][gc,phases      ] GC(124)   VM Weak                        Min:  0.0, Avg:  0.0, Max:  0.0, Diff:  0.0, Sum:  0.0, Workers: 4
[47.019s][debug][gc,phases      ] GC(124)     Dead                           Min: 0, Avg:  0.0, Max: 0, Diff: 0, Sum: 0, Workers: 4
[47.019s][debug][gc,phases      ] GC(124)     Total                          Min: 0, Avg: 144.5, Max: 384, Diff: 384, Sum: 578, Workers: 4
[47.019s][debug][gc,phases      ] GC(124)   ObjectSynchronizer Weak        Min:  0.0, Avg:  0.0, Max:  0.0, Diff:  0.0, Sum:  0.0, Workers: 4
[47.019s][debug][gc,phases      ] GC(124)     Dead                           Min: 0, Avg:  0.0, Max: 0, Diff: 0, Sum: 0, Workers: 4
[47.019s][debug][gc,phases      ] GC(124)     Total                          Min: 0, Avg: 99.8, Max: 256, Diff: 256, Sum: 399, Workers: 4
[47.019s][debug][gc,phases      ] GC(124)   JVMTI Tag Weak OopStorage      Min:  0.0, Avg:  0.0, Max:  0.0, Diff:  0.0, Sum:  0.0, Workers: 4
[47.019s][debug][gc,phases      ] GC(124)     Dead                           Min: 0, Avg:  0.0, Max: 0, Diff: 0, Sum: 0, Workers: 4
[47.019s][debug][gc,phases      ] GC(124)     Total                          Min: 0, Avg:  0.0, Max: 0, Diff: 0, Sum: 0, Workers: 4
[47.019s][debug][gc,phases      ] GC(124)   StringTable Weak               Min:  0.1, Avg:  0.1, Max:  0.1, Diff:  0.0, Sum:  0.4, Workers: 4
[47.019s][debug][gc,phases      ] GC(124)     Dead                           Min: 0, Avg:  1.0, Max: 4, Diff: 4, Sum: 4, Workers: 4
[47.019s][debug][gc,phases      ] GC(124)     Total                          Min: 8320, Avg: 10724.2, Max: 11904, Diff: 3584, Sum: 42897, Workers: 4
[47.019s][debug][gc,phases      ] GC(124)   ResolvedMethodTable Weak       Min:  0.0, Avg:  0.0, Max:  0.0, Diff:  0.0, Sum:  0.1, Workers: 4
[47.019s][debug][gc,phases      ] GC(124)     Dead                           Min: 0, Avg:  0.0, Max: 0, Diff: 0, Sum: 0, Workers: 4
[47.019s][debug][gc,phases      ] GC(124)     Total                          Min: 1664, Avg: 1824.5, Max: 2048, Diff: 384, Sum: 7298, Workers: 4
[47.019s][debug][gc,phases      ] GC(124)   JNI Weak                       Min:  0.0, Avg:  0.0, Max:  0.0, Diff:  0.0, Sum:  0.0, Workers: 4
[47.019s][debug][gc,phases      ] GC(124)     Dead                           Min: 0, Avg:  0.0, Max: 0, Diff: 0, Sum: 0, Workers: 4
[47.019s][debug][gc,phases      ] GC(124)     Total                          Min: 0, Avg:  4.8, Max: 19, Diff: 19, Sum: 19, Workers: 4
[47.019s][debug][gc,phases      ] GC(124)   StringDedup Table Weak         Min:  0.0, Avg:  0.0, Max:  0.0, Diff:  0.0, Sum:  0.0, Workers: 4
[47.019s][debug][gc,phases      ] GC(124)     Dead                           Min: 0, Avg:  0.0, Max: 0, Diff: 0, Sum: 0, Workers: 4
[47.019s][debug][gc,phases      ] GC(124)     Total                          Min: 0, Avg:  0.0, Max: 0, Diff: 0, Sum: 0, Workers: 4
[47.019s][debug][gc,phases      ] GC(124)   StringDedup Requests0 Weak     Min:  0.0, Avg:  0.0, Max:  0.0, Diff:  0.0, Sum:  0.0, Workers: 4
[47.019s][debug][gc,phases      ] GC(124)     Dead                           Min: 0, Avg:  0.0, Max: 0, Diff: 0, Sum: 0, Workers: 4
[47.019s][debug][gc,phases      ] GC(124)     Total                          Min: 0, Avg:  0.0, Max: 0, Diff: 0, Sum: 0, Workers: 4
[47.019s][debug][gc,phases      ] GC(124)   StringDedup Requests1 Weak     Min:  0.0, Avg:  0.0, Max:  0.0, Diff:  0.0, Sum:  0.0, Workers: 4
[47.019s][debug][gc,phases      ] GC(124)     Dead                           Min: 0, Avg:  0.0, Max: 0, Diff: 0, Sum: 0, Workers: 4
[47.019s][debug][gc,phases      ] GC(124)     Total                          Min: 0, Avg:  0.0, Max: 0, Diff: 0, Sum: 0, Workers: 4
[47.019s][debug][gc,phases      ] GC(124)   Weak JFR Old Object Samples    Min:  0.0, Avg:  0.0, Max:  0.0, Diff:  0.0, Sum:  0.0, Workers: 4
[47.019s][debug][gc,phases      ] GC(124)     Dead                           Min: 0, Avg:  0.0, Max: 0, Diff: 0, Sum: 0, Workers: 4
[47.019s][debug][gc,phases      ] GC(124)     Total                          Min: 0, Avg:  0.0, Max: 0, Diff: 0, Sum: 0, Workers: 4
[47.019s][debug][gc,phases      ] GC(124) Weak Processing 0.334ms
[47.019s][debug][gc,age         ] GC(124) Desired survivor size 341311488 bytes, new threshold 15 (max threshold 15)
[47.019s][info ][gc,heap        ] GC(124) PSYoungGen: 1420838K(1707520K)->91510K(1763840K) Eden: 1331712K(1331712K)->0K(1409536K) From: 89126K(375808K)->91510K(354304K)
[47.019s][info ][gc,heap        ] GC(124) ParOldGen: 452516K(579072K)->452524K(579072K)
[47.019s][info ][gc,metaspace   ] GC(124) Metaspace: 68946K(69696K)->68946K(69696K) NonClass: 58980K(59392K)->58980K(59392K) Class: 9965K(10304K)->9965K(10304K)
[47.019s][info ][gc             ] GC(124) Pause Young (Allocation Failure) 1829M->531M(2288M) 22.704ms
[47.019s][info ][gc,cpu         ] GC(124) User=0.08s Sys=0.00s Real=0.02s
[47.019s][info ][safepoint      ] Safepoint "ParallelGCFailedAllocation", Time since last: 319522026 ns, Reaching safepoint: 172603 ns, At safepoint: 22818252 ns, Total: 22990855 ns
[47.367s][info ][gc,start       ] GC(125) Pause Young (Allocation Failure)
[47.392s][debug][gc,phases      ] GC(125) Scavenge 25.008ms
[47.392s][debug][gc,ref         ] GC(125) Skipped phase 1 of Reference Processing: no references
[47.393s][debug][gc,ref         ] GC(125) ReferenceProcessor::execute queues: 1, RefProcThreadModel::Single, marks_oops_alive: false
[47.393s][debug][gc,ref         ] GC(125) Skipped phase 3 of Reference Processing: no references
[47.393s][debug][gc,ref         ] GC(125) Skipped phase 4 of Reference Processing: no references
[47.393s][debug][gc,phases      ] GC(125) Reference Processing 0.137ms
[47.393s][debug][gc,phases      ] GC(125)   VM Weak                        Min:  0.0, Avg:  0.0, Max:  0.0, Diff:  0.0, Sum:  0.0, Workers: 4
[47.393s][debug][gc,phases      ] GC(125)     Dead                           Min: 0, Avg:  0.0, Max: 0, Diff: 0, Sum: 0, Workers: 4
[47.393s][debug][gc,phases      ] GC(125)     Total                          Min: 0, Avg: 144.5, Max: 386, Diff: 386, Sum: 578, Workers: 4
[47.393s][debug][gc,phases      ] GC(125)   ObjectSynchronizer Weak        Min:  0.0, Avg:  0.0, Max:  0.0, Diff:  0.0, Sum:  0.0, Workers: 4
[47.393s][debug][gc,phases      ] GC(125)     Dead                           Min: 0, Avg:  0.0, Max: 0, Diff: 0, Sum: 0, Workers: 4
[47.393s][debug][gc,phases      ] GC(125)     Total                          Min: 0, Avg: 99.8, Max: 207, Diff: 207, Sum: 399, Workers: 4
[47.393s][debug][gc,phases      ] GC(125)   JVMTI Tag Weak OopStorage      Min:  0.0, Avg:  0.0, Max:  0.0, Diff:  0.0, Sum:  0.0, Workers: 4
[47.393s][debug][gc,phases      ] GC(125)     Dead                           Min: 0, Avg:  0.0, Max: 0, Diff: 0, Sum: 0, Workers: 4
[47.393s][debug][gc,phases      ] GC(125)     Total                          Min: 0, Avg:  0.0, Max: 0, Diff: 0, Sum: 0, Workers: 4
[47.393s][debug][gc,phases      ] GC(125)   StringTable Weak               Min:  0.1, Avg:  0.1, Max:  0.1, Diff:  0.0, Sum:  0.4, Workers: 4
[47.393s][debug][gc,phases      ] GC(125)     Dead                           Min: 0, Avg:  2.8, Max: 11, Diff: 11, Sum: 11, Workers: 4
[47.393s][debug][gc,phases      ] GC(125)     Total                          Min: 9952, Avg: 10725.0, Max: 11769, Diff: 1817, Sum: 42900, Workers: 4
[47.393s][debug][gc,phases      ] GC(125)   ResolvedMethodTable Weak       Min:  0.0, Avg:  0.0, Max:  0.0, Diff:  0.0, Sum:  0.1, Workers: 4
[47.393s][debug][gc,phases      ] GC(125)     Dead                           Min: 0, Avg:  0.0, Max: 0, Diff: 0, Sum: 0, Workers: 4
[47.393s][debug][gc,phases      ] GC(125)     Total                          Min: 1664, Avg: 1824.5, Max: 1920, Diff: 256, Sum: 7298, Workers: 4
[47.393s][debug][gc,phases      ] GC(125)   JNI Weak                       Min:  0.0, Avg:  0.0, Max:  0.0, Diff:  0.0, Sum:  0.0, Workers: 4
[47.393s][debug][gc,phases      ] GC(125)     Dead                           Min: 0, Avg:  0.0, Max: 0, Diff: 0, Sum: 0, Workers: 4
[47.393s][debug][gc,phases      ] GC(125)     Total                          Min: 0, Avg:  7.0, Max: 28, Diff: 28, Sum: 28, Workers: 4
[47.393s][debug][gc,phases      ] GC(125)   StringDedup Table Weak         Min:  0.0, Avg:  0.0, Max:  0.0, Diff:  0.0, Sum:  0.0, Workers: 4
[47.393s][debug][gc,phases      ] GC(125)     Dead                           Min: 0, Avg:  0.0, Max: 0, Diff: 0, Sum: 0, Workers: 4
[47.393s][debug][gc,phases      ] GC(125)     Total                          Min: 0, Avg:  0.0, Max: 0, Diff: 0, Sum: 0, Workers: 4
[47.393s][debug][gc,phases      ] GC(125)   StringDedup Requests0 Weak     Min:  0.0, Avg:  0.0, Max:  0.0, Diff:  0.0, Sum:  0.0, Workers: 4
[47.393s][debug][gc,phases      ] GC(125)     Dead                           Min: 0, Avg:  0.0, Max: 0, Diff: 0, Sum: 0, Workers: 4
[47.393s][debug][gc,phases      ] GC(125)     Total                          Min: 0, Avg:  0.0, Max: 0, Diff: 0, Sum: 0, Workers: 4
[47.393s][debug][gc,phases      ] GC(125)   StringDedup Requests1 Weak     Min:  0.0, Avg:  0.0, Max:  0.0, Diff:  0.0, Sum:  0.0, Workers: 4
[47.393s][debug][gc,phases      ] GC(125)     Dead                           Min: 0, Avg:  0.0, Max: 0, Diff: 0, Sum: 0, Workers: 4
[47.393s][debug][gc,phases      ] GC(125)     Total                          Min: 0, Avg:  0.0, Max: 0, Diff: 0, Sum: 0, Workers: 4
[47.393s][debug][gc,phases      ] GC(125)   Weak JFR Old Object Samples    Min:  0.0, Avg:  0.0, Max:  0.0, Diff:  0.0, Sum:  0.0, Workers: 4
[47.393s][debug][gc,phases      ] GC(125)     Dead                           Min: 0, Avg:  0.0, Max: 0, Diff: 0, Sum: 0, Workers: 4
[47.393s][debug][gc,phases      ] GC(125)     Total                          Min: 0, Avg:  0.0, Max: 0, Diff: 0, Sum: 0, Workers: 4
[47.393s][debug][gc,phases      ] GC(125) Weak Processing 0.319ms
[47.393s][debug][gc,age         ] GC(125) Desired survivor size 318767104 bytes, new threshold 15 (max threshold 15)
[47.393s][info ][gc,heap        ] GC(125) PSYoungGen: 1501046K(1763840K)->108726K(1742848K) Eden: 1409536K(1409536K)->0K(1409536K) From: 91510K(354304K)->108726K(333312K)
[47.393s][info ][gc,heap        ] GC(125) ParOldGen: 452524K(579072K)->452532K(579072K)
[47.393s][info ][gc,metaspace   ] GC(125) Metaspace: 68971K(69760K)->68971K(69760K) NonClass: 59006K(59456K)->59006K(59456K) Class: 9965K(10304K)->9965K(10304K)
[47.393s][info ][gc             ] GC(125) Pause Young (Allocation Failure) 1907M->548M(2267M) 25.609ms
[47.393s][info ][gc,cpu         ] GC(125) User=0.12s Sys=0.00s Real=0.03s
[47.393s][info ][safepoint      ] Safepoint "ParallelGCFailedAllocation", Time since last: 347917787 ns, Reaching safepoint: 184203 ns, At safepoint: 25721610 ns, Total: 25905813 ns
[47.886s][info ][gc,start       ] GC(126) Pause Young (Allocation Failure)
[47.917s][debug][gc,phases      ] GC(126) Scavenge 31.588ms
[47.917s][debug][gc,ref         ] GC(126) Skipped phase 1 of Reference Processing: no references
[47.917s][debug][gc,ref         ] GC(126) ReferenceProcessor::execute queues: 1, RefProcThreadModel::Single, marks_oops_alive: false
[47.917s][debug][gc,ref         ] GC(126) Skipped phase 3 of Reference Processing: no references
[47.917s][debug][gc,ref         ] GC(126) ReferenceProcessor::execute queues: 1, RefProcThreadModel::Single, marks_oops_alive: false
[47.918s][debug][gc,phases      ] GC(126) Reference Processing 0.190ms
[47.918s][debug][gc,phases      ] GC(126)   VM Weak                        Min:  0.0, Avg:  0.0, Max:  0.0, Diff:  0.0, Sum:  0.0, Workers: 4
[47.918s][debug][gc,phases      ] GC(126)     Dead                           Min: 0, Avg:  0.0, Max: 0, Diff: 0, Sum: 0, Workers: 4
[47.918s][debug][gc,phases      ] GC(126)     Total                          Min: 0, Avg: 144.8, Max: 320, Diff: 320, Sum: 579, Workers: 4
[47.918s][debug][gc,phases      ] GC(126)   ObjectSynchronizer Weak        Min:  0.0, Avg:  0.0, Max:  0.0, Diff:  0.0, Sum:  0.0, Workers: 4
[47.918s][debug][gc,phases      ] GC(126)     Dead                           Min: 0, Avg:  0.0, Max: 0, Diff: 0, Sum: 0, Workers: 4
[47.918s][debug][gc,phases      ] GC(126)     Total                          Min: 0, Avg: 101.0, Max: 384, Diff: 384, Sum: 404, Workers: 4
[47.918s][debug][gc,phases      ] GC(126)   JVMTI Tag Weak OopStorage      Min:  0.0, Avg:  0.0, Max:  0.0, Diff:  0.0, Sum:  0.0, Workers: 4
[47.918s][debug][gc,phases      ] GC(126)     Dead                           Min: 0, Avg:  0.0, Max: 0, Diff: 0, Sum: 0, Workers: 4
[47.918s][debug][gc,phases      ] GC(126)     Total                          Min: 0, Avg:  0.0, Max: 0, Diff: 0, Sum: 0, Workers: 4
[47.918s][debug][gc,phases      ] GC(126)   StringTable Weak               Min:  0.1, Avg:  0.1, Max:  0.1, Diff:  0.0, Sum:  0.4, Workers: 4
[47.918s][debug][gc,phases      ] GC(126)     Dead                           Min: 0, Avg:  3.0, Max: 12, Diff: 12, Sum: 12, Workers: 4
[47.918s][debug][gc,phases      ] GC(126)     Total                          Min: 9148, Avg: 10725.2, Max: 11490, Diff: 2342, Sum: 42901, Workers: 4
[47.918s][debug][gc,phases      ] GC(126)   ResolvedMethodTable Weak       Min:  0.0, Avg:  0.0, Max:  0.0, Diff:  0.0, Sum:  0.1, Workers: 4
[47.918s][debug][gc,phases      ] GC(126)     Dead                           Min: 0, Avg:  0.0, Max: 0, Diff: 0, Sum: 0, Workers: 4
[47.918s][debug][gc,phases      ] GC(126)     Total                          Min: 1728, Avg: 1825.5, Max: 1984, Diff: 256, Sum: 7302, Workers: 4
[47.918s][debug][gc,phases      ] GC(126)   JNI Weak                       Min:  0.0, Avg:  0.0, Max:  0.0, Diff:  0.0, Sum:  0.0, Workers: 4
[47.918s][debug][gc,phases      ] GC(126)     Dead                           Min: 0, Avg:  0.0, Max: 0, Diff: 0, Sum: 0, Workers: 4
[47.918s][debug][gc,phases      ] GC(126)     Total                          Min: 0, Avg:  9.0, Max: 36, Diff: 36, Sum: 36, Workers: 4
[47.918s][debug][gc,phases      ] GC(126)   StringDedup Table Weak         Min:  0.0, Avg:  0.0, Max:  0.0, Diff:  0.0, Sum:  0.0, Workers: 4
[47.918s][debug][gc,phases      ] GC(126)     Dead                           Min: 0, Avg:  0.0, Max: 0, Diff: 0, Sum: 0, Workers: 4
[47.918s][debug][gc,phases      ] GC(126)     Total                          Min: 0, Avg:  0.0, Max: 0, Diff: 0, Sum: 0, Workers: 4
[47.918s][debug][gc,phases      ] GC(126)   StringDedup Requests0 Weak     Min:  0.0, Avg:  0.0, Max:  0.0, Diff:  0.0, Sum:  0.0, Workers: 4
[47.918s][debug][gc,phases      ] GC(126)     Dead                           Min: 0, Avg:  0.0, Max: 0, Diff: 0, Sum: 0, Workers: 4
[47.918s][debug][gc,phases      ] GC(126)     Total                          Min: 0, Avg:  0.0, Max: 0, Diff: 0, Sum: 0, Workers: 4
[47.918s][debug][gc,phases      ] GC(126)   StringDedup Requests1 Weak     Min:  0.0, Avg:  0.0, Max:  0.0, Diff:  0.0, Sum:  0.0, Workers: 4
[47.918s][debug][gc,phases      ] GC(126)     Dead                           Min: 0, Avg:  0.0, Max: 0, Diff: 0, Sum: 0, Workers: 4
[47.918s][debug][gc,phases      ] GC(126)     Total                          Min: 0, Avg:  0.0, Max: 0, Diff: 0, Sum: 0, Workers: 4
[47.918s][debug][gc,phases      ] GC(126)   Weak JFR Old Object Samples    Min:  0.0, Avg:  0.0, Max:  0.0, Diff:  0.0, Sum:  0.0, Workers: 4
[47.918s][debug][gc,phases      ] GC(126)     Dead                           Min: 0, Avg:  0.0, Max: 0, Diff: 0, Sum: 0, Workers: 4
[47.918s][debug][gc,phases      ] GC(126)     Total                          Min: 0, Avg:  0.0, Max: 0, Diff: 0, Sum: 0, Workers: 4
[47.918s][debug][gc,phases      ] GC(126) Weak Processing 0.332ms
[47.918s][debug][gc,age         ] GC(126) Desired survivor size 305135616 bytes, new threshold 15 (max threshold 15)
[47.918s][info ][gc,heap        ] GC(126) PSYoungGen: 1518262K(1742848K)->128208K(1799168K) Eden: 1409536K(1409536K)->0K(1487872K) From: 108726K(333312K)->128208K(311296K)
[47.918s][info ][gc,heap        ] GC(126) ParOldGen: 452532K(579072K)->452540K(579072K)
[47.918s][info ][gc,metaspace   ] GC(126) Metaspace: 69007K(69760K)->69007K(69760K) NonClass: 59040K(59456K)->59040K(59456K) Class: 9966K(10304K)->9966K(10304K)
[47.918s][info ][gc             ] GC(126) Pause Young (Allocation Failure) 1924M->567M(2322M) 32.262ms
[47.918s][info ][gc,cpu         ] GC(126) User=0.15s Sys=0.00s Real=0.03s
[47.918s][info ][safepoint      ] Safepoint "ParallelGCFailedAllocation", Time since last: 492456048 ns, Reaching safepoint: 148703 ns, At safepoint: 32352240 ns, Total: 32500943 ns
[48.221s][info ][safepoint      ] Safepoint "ICBufferFull", Time since last: 303138801 ns, Reaching safepoint: 266805 ns, At safepoint: 8100 ns, Total: 274905 ns
[48.708s][info ][safepoint      ] Safepoint "ICBufferFull", Time since last: 485971920 ns, Reaching safepoint: 252505 ns, At safepoint: 32700 ns, Total: 285205 ns
[48.728s][info ][gc,start       ] GC(127) Pause Young (Allocation Failure)
[48.790s][debug][gc,phases      ] GC(127) Scavenge 61.198ms
[48.790s][debug][gc,ref         ] GC(127) Skipped phase 1 of Reference Processing: no references
[48.790s][debug][gc,ref         ] GC(127) ReferenceProcessor::execute queues: 1, RefProcThreadModel::Single, marks_oops_alive: false
[48.790s][debug][gc,ref         ] GC(127) Skipped phase 3 of Reference Processing: no references
[48.790s][debug][gc,ref         ] GC(127) ReferenceProcessor::execute queues: 1, RefProcThreadModel::Single, marks_oops_alive: false
[48.790s][debug][gc,phases      ] GC(127) Reference Processing 0.146ms
[48.790s][debug][gc,phases      ] GC(127)   VM Weak                        Min:  0.0, Avg:  0.0, Max:  0.0, Diff:  0.0, Sum:  0.0, Workers: 4
[48.790s][debug][gc,phases      ] GC(127)     Dead                           Min: 0, Avg:  0.0, Max: 0, Diff: 0, Sum: 0, Workers: 4
[48.790s][debug][gc,phases      ] GC(127)     Total                          Min: 0, Avg: 147.0, Max: 332, Diff: 332, Sum: 588, Workers: 4
[48.790s][debug][gc,phases      ] GC(127)   ObjectSynchronizer Weak        Min:  0.0, Avg:  0.0, Max:  0.0, Diff:  0.0, Sum:  0.0, Workers: 4
[48.790s][debug][gc,phases      ] GC(127)     Dead                           Min: 0, Avg:  0.2, Max: 1, Diff: 1, Sum: 1, Workers: 4
[48.790s][debug][gc,phases      ] GC(127)     Total                          Min: 0, Avg: 101.2, Max: 256, Diff: 256, Sum: 405, Workers: 4
[48.790s][debug][gc,phases      ] GC(127)   JVMTI Tag Weak OopStorage      Min:  0.0, Avg:  0.0, Max:  0.0, Diff:  0.0, Sum:  0.0, Workers: 4
[48.790s][debug][gc,phases      ] GC(127)     Dead                           Min: 0, Avg:  0.0, Max: 0, Diff: 0, Sum: 0, Workers: 4
[48.790s][debug][gc,phases      ] GC(127)     Total                          Min: 0, Avg:  0.0, Max: 0, Diff: 0, Sum: 0, Workers: 4
[48.790s][debug][gc,phases      ] GC(127)   StringTable Weak               Min:  0.1, Avg:  0.1, Max:  0.1, Diff:  0.0, Sum:  0.4, Workers: 4
[48.790s][debug][gc,phases      ] GC(127)     Dead                           Min: 0, Avg:  2.8, Max: 11, Diff: 11, Sum: 11, Workers: 4
[48.790s][debug][gc,phases      ] GC(127)     Total                          Min: 9728, Avg: 10741.2, Max: 12416, Diff: 2688, Sum: 42965, Workers: 4
[48.790s][debug][gc,phases      ] GC(127)   ResolvedMethodTable Weak       Min:  0.0, Avg:  0.0, Max:  0.0, Diff:  0.0, Sum:  0.1, Workers: 4
[48.790s][debug][gc,phases      ] GC(127)     Dead                           Min: 0, Avg:  1.8, Max: 3, Diff: 3, Sum: 7, Workers: 4
[48.790s][debug][gc,phases      ] GC(127)     Total                          Min: 1664, Avg: 1846.5, Max: 2111, Diff: 447, Sum: 7386, Workers: 4
[48.790s][debug][gc,phases      ] GC(127)   JNI Weak                       Min:  0.0, Avg:  0.0, Max:  0.0, Diff:  0.0, Sum:  0.0, Workers: 4
[48.790s][debug][gc,phases      ] GC(127)     Dead                           Min: 0, Avg:  0.0, Max: 0, Diff: 0, Sum: 0, Workers: 4
[48.790s][debug][gc,phases      ] GC(127)     Total                          Min: 0, Avg:  5.0, Max: 20, Diff: 20, Sum: 20, Workers: 4
[48.790s][debug][gc,phases      ] GC(127)   StringDedup Table Weak         Min:  0.0, Avg:  0.0, Max:  0.0, Diff:  0.0, Sum:  0.0, Workers: 4
[48.790s][debug][gc,phases      ] GC(127)     Dead                           Min: 0, Avg:  0.0, Max: 0, Diff: 0, Sum: 0, Workers: 4
[48.790s][debug][gc,phases      ] GC(127)     Total                          Min: 0, Avg:  0.0, Max: 0, Diff: 0, Sum: 0, Workers: 4
[48.790s][debug][gc,phases      ] GC(127)   StringDedup Requests0 Weak     Min:  0.0, Avg:  0.0, Max:  0.0, Diff:  0.0, Sum:  0.0, Workers: 4
[48.790s][debug][gc,phases      ] GC(127)     Dead                           Min: 0, Avg:  0.0, Max: 0, Diff: 0, Sum: 0, Workers: 4
[48.790s][debug][gc,phases      ] GC(127)     Total                          Min: 0, Avg:  0.0, Max: 0, Diff: 0, Sum: 0, Workers: 4
[48.790s][debug][gc,phases      ] GC(127)   StringDedup Requests1 Weak     Min:  0.0, Avg:  0.0, Max:  0.0, Diff:  0.0, Sum:  0.0, Workers: 4
[48.790s][debug][gc,phases      ] GC(127)     Dead                           Min: 0, Avg:  0.0, Max: 0, Diff: 0, Sum: 0, Workers: 4
[48.790s][debug][gc,phases      ] GC(127)     Total                          Min: 0, Avg:  0.0, Max: 0, Diff: 0, Sum: 0, Workers: 4
[48.790s][debug][gc,phases      ] GC(127)   Weak JFR Old Object Samples    Min:  0.0, Avg:  0.0, Max:  0.0, Diff:  0.0, Sum:  0.0, Workers: 4
[48.790s][debug][gc,phases      ] GC(127)     Dead                           Min: 0, Avg:  0.0, Max: 0, Diff: 0, Sum: 0, Workers: 4
[48.790s][debug][gc,phases      ] GC(127)     Total                          Min: 0, Avg:  0.0, Max: 0, Diff: 0, Sum: 0, Workers: 4
[48.790s][debug][gc,phases      ] GC(127) Weak Processing 0.339ms
[48.790s][debug][gc,age         ] GC(127) Desired survivor size 332922880 bytes, new threshold 15 (max threshold 15)
[48.790s][info ][gc,heap        ] GC(127) PSYoungGen: 1616080K(1799168K)->235623K(1723904K) Eden: 1487872K(1487872K)->0K(1487872K) From: 128208K(311296K)->235623K(236032K)
[48.790s][info ][gc,heap        ] GC(127) ParOldGen: 452540K(579072K)->452548K(579072K)
[48.790s][info ][gc,metaspace   ] GC(127) Metaspace: 69451K(70272K)->69451K(70272K) NonClass: 59425K(59840K)->59425K(59840K) Class: 10025K(10432K)->10025K(10432K)
[48.790s][info ][gc             ] GC(127) Pause Young (Allocation Failure) 2020M->672M(2249M) 61.815ms
[48.790s][info ][gc,cpu         ] GC(127) User=0.24s Sys=0.00s Real=0.07s
[48.790s][info ][safepoint      ] Safepoint "ParallelGCFailedAllocation", Time since last: 20633809 ns, Reaching safepoint: 122402 ns, At safepoint: 61902026 ns, Total: 62024428 ns
[49.088s][info ][safepoint      ] Safepoint "ICBufferFull", Time since last: 297515089 ns, Reaching safepoint: 265805 ns, At safepoint: 16500 ns, Total: 282305 ns
[49.088s][info ][safepoint      ] Safepoint "ICBufferFull", Time since last: 80202 ns, Reaching safepoint: 87302 ns, At safepoint: 12900 ns, Total: 100202 ns
[49.734s][info ][safepoint      ] Safepoint "ICBufferFull", Time since last: 645535778 ns, Reaching safepoint: 226104 ns, At safepoint: 9600 ns, Total: 235704 ns
[50.155s][info ][safepoint      ] Safepoint "ICBufferFull", Time since last: 420552525 ns, Reaching safepoint: 162103 ns, At safepoint: 13000 ns, Total: 175103 ns
[50.805s][info ][safepoint      ] Safepoint "ICBufferFull", Time since last: 650109468 ns, Reaching safepoint: 159403 ns, At safepoint: 5000 ns, Total: 164403 ns
[51.805s][info ][safepoint      ] Safepoint "Cleanup", Time since last: 1000089195 ns, Reaching safepoint: 110002 ns, At safepoint: 6301 ns, Total: 116303 ns
[52.805s][info ][safepoint      ] Safepoint "Cleanup", Time since last: 1000086594 ns, Reaching safepoint: 48801 ns, At safepoint: 12100 ns, Total: 60901 ns
[53.806s][info ][safepoint      ] Safepoint "Cleanup", Time since last: 1000102894 ns, Reaching safepoint: 46701 ns, At safepoint: 10500 ns, Total: 57201 ns
[54.806s][info ][safepoint      ] Safepoint "Cleanup", Time since last: 1000106094 ns, Reaching safepoint: 53001 ns, At safepoint: 7400 ns, Total: 60401 ns
[55.806s][info ][safepoint      ] Safepoint "Cleanup", Time since last: 1000103594 ns, Reaching safepoint: 44400 ns, At safepoint: 7801 ns, Total: 52201 ns
[56.806s][info ][safepoint      ] Safepoint "Cleanup", Time since last: 1000098392 ns, Reaching safepoint: 56001 ns, At safepoint: 3900 ns, Total: 59901 ns
[57.806s][info ][safepoint      ] Safepoint "Cleanup", Time since last: 1000081092 ns, Reaching safepoint: 54101 ns, At safepoint: 3600 ns, Total: 57701 ns
[58.806s][info ][safepoint      ] Safepoint "Cleanup", Time since last: 1000107192 ns, Reaching safepoint: 55901 ns, At safepoint: 5700 ns, Total: 61601 ns
[59.806s][info ][safepoint      ] Safepoint "Cleanup", Time since last: 1000106892 ns, Reaching safepoint: 51301 ns, At safepoint: 3000 ns, Total: 54301 ns
[60.807s][info ][safepoint      ] Safepoint "Cleanup", Time since last: 1000093190 ns, Reaching safepoint: 40101 ns, At safepoint: 2600 ns, Total: 42701 ns
[61.807s][info ][safepoint      ] Safepoint "Cleanup", Time since last: 1000103790 ns, Reaching safepoint: 50601 ns, At safepoint: 2600 ns, Total: 53201 ns
[62.807s][info ][safepoint      ] Safepoint "Cleanup", Time since last: 1000106390 ns, Reaching safepoint: 47701 ns, At safepoint: 3300 ns, Total: 51001 ns
[64.807s][info ][safepoint      ] Safepoint "Cleanup", Time since last: 2000170878 ns, Reaching safepoint: 44400 ns, At safepoint: 2301 ns, Total: 46701 ns
[67.807s][info ][safepoint      ] Safepoint "Cleanup", Time since last: 3000227861 ns, Reaching safepoint: 46401 ns, At safepoint: 2600 ns, Total: 49001 ns
[68.808s][info ][safepoint      ] Safepoint "Cleanup", Time since last: 1000113987 ns, Reaching safepoint: 61802 ns, At safepoint: 16500 ns, Total: 78302 ns
[69.383s][info ][safepoint      ] Safepoint "ICBufferFull", Time since last: 575585687 ns, Reaching safepoint: 265406 ns, At safepoint: 16100 ns, Total: 281506 ns
[69.713s][info ][safepoint      ] Safepoint "ICBufferFull", Time since last: 329637022 ns, Reaching safepoint: 196404 ns, At safepoint: 5800 ns, Total: 202204 ns
[69.761s][info ][safepoint      ] Safepoint "ICBufferFull", Time since last: 47567941 ns, Reaching safepoint: 215204 ns, At safepoint: 7000 ns, Total: 222204 ns
[70.082s][info ][gc,start       ] GC(128) Pause Young (Allocation Failure)
[70.179s][debug][gc,phases      ] GC(128) Scavenge 97.510ms
[70.179s][debug][gc,ref         ] GC(128) Skipped phase 1 of Reference Processing: no references
[70.179s][debug][gc,ref         ] GC(128) ReferenceProcessor::execute queues: 2, RefProcThreadModel::Multi, marks_oops_alive: false
[70.179s][debug][gc,ref         ] GC(128) Skipped phase 3 of Reference Processing: no references
[70.179s][debug][gc,ref         ] GC(128) ReferenceProcessor::execute queues: 1, RefProcThreadModel::Single, marks_oops_alive: false
[70.179s][debug][gc,phases      ] GC(128) Reference Processing 0.258ms
[70.180s][debug][gc,phases      ] GC(128)   VM Weak                        Min:  0.0, Avg:  0.0, Max:  0.0, Diff:  0.0, Sum:  0.0, Workers: 4
[70.180s][debug][gc,phases      ] GC(128)     Dead                           Min: 0, Avg:  0.0, Max: 0, Diff: 0, Sum: 0, Workers: 4
[70.180s][debug][gc,phases      ] GC(128)     Total                          Min: 0, Avg: 157.0, Max: 320, Diff: 320, Sum: 628, Workers: 4
[70.180s][debug][gc,phases      ] GC(128)   ObjectSynchronizer Weak        Min:  0.0, Avg:  0.0, Max:  0.0, Diff:  0.0, Sum:  0.0, Workers: 4
[70.180s][debug][gc,phases      ] GC(128)     Dead                           Min: 0, Avg:  0.5, Max: 2, Diff: 2, Sum: 2, Workers: 4
[70.180s][debug][gc,phases      ] GC(128)     Total                          Min: 0, Avg: 102.2, Max: 153, Diff: 153, Sum: 409, Workers: 4
[70.180s][debug][gc,phases      ] GC(128)   JVMTI Tag Weak OopStorage      Min:  0.0, Avg:  0.0, Max:  0.0, Diff:  0.0, Sum:  0.0, Workers: 4
[70.180s][debug][gc,phases      ] GC(128)     Dead                           Min: 0, Avg:  0.0, Max: 0, Diff: 0, Sum: 0, Workers: 4
[70.180s][debug][gc,phases      ] GC(128)     Total                          Min: 0, Avg:  0.0, Max: 0, Diff: 0, Sum: 0, Workers: 4
[70.180s][debug][gc,phases      ] GC(128)   StringTable Weak               Min:  0.1, Avg:  0.1, Max:  0.1, Diff:  0.0, Sum:  0.5, Workers: 4
[70.180s][debug][gc,phases      ] GC(128)     Dead                           Min: 0, Avg:  3.8, Max: 14, Diff: 14, Sum: 15, Workers: 4
[70.180s][debug][gc,phases      ] GC(128)     Total                          Min: 10240, Avg: 11535.5, Max: 13120, Diff: 2880, Sum: 46142, Workers: 4
[70.180s][debug][gc,phases      ] GC(128)   ResolvedMethodTable Weak       Min:  0.0, Avg:  0.0, Max:  0.0, Diff:  0.0, Sum:  0.1, Workers: 4
[70.180s][debug][gc,phases      ] GC(128)     Dead                           Min: 0, Avg: 24.5, Max: 41, Diff: 41, Sum: 98, Workers: 4
[70.180s][debug][gc,phases      ] GC(128)     Total                          Min: 1280, Avg: 1992.8, Max: 2431, Diff: 1151, Sum: 7971, Workers: 4
[70.180s][debug][gc,phases      ] GC(128)   JNI Weak                       Min:  0.0, Avg:  0.0, Max:  0.0, Diff:  0.0, Sum:  0.0, Workers: 4
[70.180s][debug][gc,phases      ] GC(128)     Dead                           Min: 0, Avg:  0.0, Max: 0, Diff: 0, Sum: 0, Workers: 4
[70.180s][debug][gc,phases      ] GC(128)     Total                          Min: 0, Avg:  0.0, Max: 0, Diff: 0, Sum: 0, Workers: 4
[70.180s][debug][gc,phases      ] GC(128)   StringDedup Table Weak         Min:  0.0, Avg:  0.0, Max:  0.0, Diff:  0.0, Sum:  0.0, Workers: 4
[70.180s][debug][gc,phases      ] GC(128)     Dead                           Min: 0, Avg:  0.0, Max: 0, Diff: 0, Sum: 0, Workers: 4
[70.180s][debug][gc,phases      ] GC(128)     Total                          Min: 0, Avg:  0.0, Max: 0, Diff: 0, Sum: 0, Workers: 4
[70.180s][debug][gc,phases      ] GC(128)   StringDedup Requests0 Weak     Min:  0.0, Avg:  0.0, Max:  0.0, Diff:  0.0, Sum:  0.0, Workers: 4
[70.180s][debug][gc,phases      ] GC(128)     Dead                           Min: 0, Avg:  0.0, Max: 0, Diff: 0, Sum: 0, Workers: 4
[70.180s][debug][gc,phases      ] GC(128)     Total                          Min: 0, Avg:  0.0, Max: 0, Diff: 0, Sum: 0, Workers: 4
[70.180s][debug][gc,phases      ] GC(128)   StringDedup Requests1 Weak     Min:  0.0, Avg:  0.0, Max:  0.0, Diff:  0.0, Sum:  0.0, Workers: 4
[70.180s][debug][gc,phases      ] GC(128)     Dead                           Min: 0, Avg:  0.0, Max: 0, Diff: 0, Sum: 0, Workers: 4
[70.180s][debug][gc,phases      ] GC(128)     Total                          Min: 0, Avg:  0.0, Max: 0, Diff: 0, Sum: 0, Workers: 4
[70.180s][debug][gc,phases      ] GC(128)   Weak JFR Old Object Samples    Min:  0.0, Avg:  0.0, Max:  0.0, Diff:  0.0, Sum:  0.0, Workers: 4
[70.180s][debug][gc,phases      ] GC(128)     Dead                           Min: 0, Avg:  0.0, Max: 0, Diff: 0, Sum: 0, Workers: 4
[70.180s][debug][gc,phases      ] GC(128)     Total                          Min: 0, Avg:  0.0, Max: 0, Diff: 0, Sum: 0, Workers: 4
[70.180s][debug][gc,phases      ] GC(128) Weak Processing 0.347ms
[70.180s][debug][gc,age         ] GC(128) Desired survivor size 386400256 bytes, new threshold 15 (max threshold 15)
[70.180s][info ][gc,heap        ] GC(128) PSYoungGen: 1723494K(1723904K)->319040K(1667584K) Eden: 1487871K(1487872K)->0K(1342464K) From: 235623K(236032K)->319040K(325120K)
[70.180s][info ][gc,heap        ] GC(128) ParOldGen: 452548K(579072K)->452556K(579072K)
[70.180s][info ][gc,metaspace   ] GC(128) Metaspace: 78118K(78912K)->78118K(78912K) NonClass: 66911K(67328K)->66911K(67328K) Class: 11206K(11584K)->11206K(11584K)
[70.180s][info ][gc             ] GC(128) Pause Young (Allocation Failure) 2125M->753M(2194M) 98.256ms
[70.180s][info ][gc,cpu         ] GC(128) User=0.38s Sys=0.00s Real=0.10s
[70.180s][info ][safepoint      ] Safepoint "ParallelGCFailedAllocation", Time since last: 320234636 ns, Reaching safepoint: 163903 ns, At safepoint: 98343546 ns, Total: 98507449 ns
[70.560s][info ][safepoint      ] Safepoint "ICBufferFull", Time since last: 380364425 ns, Reaching safepoint: 174003 ns, At safepoint: 16500 ns, Total: 190503 ns
[70.662s][info ][safepoint      ] Safepoint "ICBufferFull", Time since last: 101032999 ns, Reaching safepoint: 173804 ns, At safepoint: 12800 ns, Total: 186604 ns
[70.788s][info ][safepoint      ] Safepoint "ICBufferFull", Time since last: 126227897 ns, Reaching safepoint: 204804 ns, At safepoint: 14500 ns, Total: 219304 ns
[70.847s][info ][safepoint      ] Safepoint "ICBufferFull", Time since last: 58448857 ns, Reaching safepoint: 269705 ns, At safepoint: 8700 ns, Total: 278405 ns
[70.935s][info ][safepoint      ] Safepoint "ICBufferFull", Time since last: 88313547 ns, Reaching safepoint: 314507 ns, At safepoint: 15700 ns, Total: 330207 ns
[71.117s][info ][safepoint      ] Safepoint "ICBufferFull", Time since last: 181036181 ns, Reaching safepoint: 267906 ns, At safepoint: 15100 ns, Total: 283006 ns
[71.285s][info ][safepoint      ] Safepoint "ICBufferFull", Time since last: 168025524 ns, Reaching safepoint: 215104 ns, At safepoint: 6101 ns, Total: 221205 ns
[71.571s][info ][safepoint      ] Safepoint "ICBufferFull", Time since last: 285474947 ns, Reaching safepoint: 183704 ns, At safepoint: 14100 ns, Total: 197804 ns
[71.722s][info ][safepoint      ] Safepoint "ICBufferFull", Time since last: 151516598 ns, Reaching safepoint: 151103 ns, At safepoint: 7400 ns, Total: 158503 ns
[72.104s][info ][safepoint      ] Safepoint "ICBufferFull", Time since last: 381466146 ns, Reaching safepoint: 155703 ns, At safepoint: 6500 ns, Total: 162203 ns
[72.856s][info ][safepoint      ] Safepoint "ICBufferFull", Time since last: 752321384 ns, Reaching safepoint: 139202 ns, At safepoint: 11801 ns, Total: 151003 ns
[73.161s][info ][safepoint      ] Safepoint "ICBufferFull", Time since last: 304075015 ns, Reaching safepoint: 171503 ns, At safepoint: 3100 ns, Total: 174603 ns
[73.506s][info ][safepoint      ] Safepoint "ICBufferFull", Time since last: 344976525 ns, Reaching safepoint: 157603 ns, At safepoint: 14800 ns, Total: 172403 ns
[73.550s][info ][safepoint      ] Safepoint "ICBufferFull", Time since last: 43700265 ns, Reaching safepoint: 178903 ns, At safepoint: 5800 ns, Total: 184703 ns
[73.708s][info ][safepoint      ] Safepoint "ICBufferFull", Time since last: 158194730 ns, Reaching safepoint: 228204 ns, At safepoint: 9000 ns, Total: 237204 ns
[73.971s][info ][safepoint      ] Safepoint "ICBufferFull", Time since last: 262805799 ns, Reaching safepoint: 178804 ns, At safepoint: 3300 ns, Total: 182104 ns
[74.610s][info ][safepoint      ] Safepoint "ICBufferFull", Time since last: 638321727 ns, Reaching safepoint: 164903 ns, At safepoint: 6001 ns, Total: 170904 ns
[75.460s][info ][safepoint      ] Safepoint "ICBufferFull", Time since last: 850222618 ns, Reaching safepoint: 237305 ns, At safepoint: 11100 ns, Total: 248405 ns
[75.891s][info ][safepoint      ] Safepoint "ICBufferFull", Time since last: 430996326 ns, Reaching safepoint: 170703 ns, At safepoint: 8000 ns, Total: 178703 ns
[76.007s][info ][gc,start       ] GC(129) Pause Young (Allocation Failure)
[76.073s][debug][gc,phases      ] GC(129) Scavenge 66.448ms
[76.074s][debug][gc,ref         ] GC(129) Skipped phase 1 of Reference Processing: no references
[76.074s][debug][gc,ref         ] GC(129) ReferenceProcessor::execute queues: 2, RefProcThreadModel::Multi, marks_oops_alive: false
[76.074s][debug][gc,ref         ] GC(129) Skipped phase 3 of Reference Processing: no references
[76.074s][debug][gc,ref         ] GC(129) ReferenceProcessor::execute queues: 1, RefProcThreadModel::Single, marks_oops_alive: false
[76.074s][debug][gc,phases      ] GC(129) Reference Processing 0.330ms
[76.074s][debug][gc,phases      ] GC(129)   VM Weak                        Min:  0.0, Avg:  0.0, Max:  0.0, Diff:  0.0, Sum:  0.0, Workers: 4
[76.074s][debug][gc,phases      ] GC(129)     Dead                           Min: 0, Avg:  0.0, Max: 0, Diff: 0, Sum: 0, Workers: 4
[76.074s][debug][gc,phases      ] GC(129)     Total                          Min: 0, Avg: 162.0, Max: 328, Diff: 328, Sum: 648, Workers: 4
[76.074s][debug][gc,phases      ] GC(129)   ObjectSynchronizer Weak        Min:  0.0, Avg:  0.0, Max:  0.0, Diff:  0.0, Sum:  0.0, Workers: 4
[76.074s][debug][gc,phases      ] GC(129)     Dead                           Min: 0, Avg:  0.0, Max: 0, Diff: 0, Sum: 0, Workers: 4
[76.074s][debug][gc,phases      ] GC(129)     Total                          Min: 0, Avg: 102.8, Max: 192, Diff: 192, Sum: 411, Workers: 4
[76.074s][debug][gc,phases      ] GC(129)   JVMTI Tag Weak OopStorage      Min:  0.0, Avg:  0.0, Max:  0.0, Diff:  0.0, Sum:  0.0, Workers: 4
[76.074s][debug][gc,phases      ] GC(129)     Dead                           Min: 0, Avg:  0.0, Max: 0, Diff: 0, Sum: 0, Workers: 4
[76.074s][debug][gc,phases      ] GC(129)     Total                          Min: 0, Avg:  0.0, Max: 0, Diff: 0, Sum: 0, Workers: 4
[76.074s][debug][gc,phases      ] GC(129)   StringTable Weak               Min:  0.1, Avg:  0.1, Max:  0.1, Diff:  0.0, Sum:  0.5, Workers: 4
[76.074s][debug][gc,phases      ] GC(129)     Dead                           Min: 0, Avg:  1.0, Max: 2, Diff: 2, Sum: 4, Workers: 4
[76.074s][debug][gc,phases      ] GC(129)     Total                          Min: 10432, Avg: 11718.0, Max: 12544, Diff: 2112, Sum: 46872, Workers: 4
[76.074s][debug][gc,phases      ] GC(129)   ResolvedMethodTable Weak       Min:  0.0, Avg:  0.0, Max:  0.0, Diff:  0.0, Sum:  0.1, Workers: 4
[76.074s][debug][gc,phases      ] GC(129)     Dead                           Min: 0, Avg:  6.5, Max: 25, Diff: 25, Sum: 26, Workers: 4
[76.074s][debug][gc,phases      ] GC(129)     Total                          Min: 1664, Avg: 2061.5, Max: 2240, Diff: 576, Sum: 8246, Workers: 4
[76.074s][debug][gc,phases      ] GC(129)   JNI Weak                       Min:  0.0, Avg:  0.0, Max:  0.0, Diff:  0.0, Sum:  0.0, Workers: 4
[76.074s][debug][gc,phases      ] GC(129)     Dead                           Min: 0, Avg:  0.0, Max: 0, Diff: 0, Sum: 0, Workers: 4
[76.074s][debug][gc,phases      ] GC(129)     Total                          Min: 0, Avg:  0.5, Max: 2, Diff: 2, Sum: 2, Workers: 4
[76.074s][debug][gc,phases      ] GC(129)   StringDedup Table Weak         Min:  0.0, Avg:  0.0, Max:  0.0, Diff:  0.0, Sum:  0.0, Workers: 4
[76.074s][debug][gc,phases      ] GC(129)     Dead                           Min: 0, Avg:  0.0, Max: 0, Diff: 0, Sum: 0, Workers: 4
[76.074s][debug][gc,phases      ] GC(129)     Total                          Min: 0, Avg:  0.0, Max: 0, Diff: 0, Sum: 0, Workers: 4
[76.074s][debug][gc,phases      ] GC(129)   StringDedup Requests0 Weak     Min:  0.0, Avg:  0.0, Max:  0.0, Diff:  0.0, Sum:  0.0, Workers: 4
[76.074s][debug][gc,phases      ] GC(129)     Dead                           Min: 0, Avg:  0.0, Max: 0, Diff: 0, Sum: 0, Workers: 4
[76.074s][debug][gc,phases      ] GC(129)     Total                          Min: 0, Avg:  0.0, Max: 0, Diff: 0, Sum: 0, Workers: 4
[76.074s][debug][gc,phases      ] GC(129)   StringDedup Requests1 Weak     Min:  0.0, Avg:  0.0, Max:  0.0, Diff:  0.0, Sum:  0.0, Workers: 4
[76.074s][debug][gc,phases      ] GC(129)     Dead                           Min: 0, Avg:  0.0, Max: 0, Diff: 0, Sum: 0, Workers: 4
[76.074s][debug][gc,phases      ] GC(129)     Total                          Min: 0, Avg:  0.0, Max: 0, Diff: 0, Sum: 0, Workers: 4
[76.074s][debug][gc,phases      ] GC(129)   Weak JFR Old Object Samples    Min:  0.0, Avg:  0.0, Max:  0.0, Diff:  0.0, Sum:  0.0, Workers: 4
[76.074s][debug][gc,phases      ] GC(129)     Dead                           Min: 0, Avg:  0.0, Max: 0, Diff: 0, Sum: 0, Workers: 4
[76.074s][debug][gc,phases      ] GC(129)     Total                          Min: 0, Avg:  0.0, Max: 0, Diff: 0, Sum: 0, Workers: 4
[76.074s][debug][gc,phases      ] GC(129) Weak Processing 0.405ms
[76.074s][debug][gc,age         ] GC(129) Desired survivor size 439877632 bytes, new threshold 15 (max threshold 15)
[76.074s][info ][gc,heap        ] GC(129) PSYoungGen: 1661504K(1667584K)->348868K(1691648K) Eden: 1342464K(1342464K)->0K(1342464K) From: 319040K(325120K)->348868K(349184K)
[76.074s][info ][gc,heap        ] GC(129) ParOldGen: 452556K(579072K)->452564K(579072K)
[76.074s][info ][gc,metaspace   ] GC(129) Metaspace: 80509K(81280K)->80509K(81280K) NonClass: 69095K(69504K)->69095K(69504K) Class: 11414K(11776K)->11414K(11776K)
[76.074s][info ][gc             ] GC(129) Pause Young (Allocation Failure) 2064M->782M(2217M) 67.344ms
[76.074s][info ][gc,cpu         ] GC(129) User=0.27s Sys=0.01s Real=0.07s
[76.074s][info ][safepoint      ] Safepoint "ParallelGCFailedAllocation", Time since last: 115446484 ns, Reaching safepoint: 144203 ns, At safepoint: 67452834 ns, Total: 67597037 ns
[77.060s][info ][safepoint      ] Safepoint "ICBufferFull", Time since last: 985199688 ns, Reaching safepoint: 198904 ns, At safepoint: 8600 ns, Total: 207504 ns
[78.060s][info ][safepoint      ] Safepoint "Cleanup", Time since last: 1000086782 ns, Reaching safepoint: 265206 ns, At safepoint: 8800 ns, Total: 274006 ns
[78.833s][info ][safepoint      ] Safepoint "ICBufferFull", Time since last: 772916988 ns, Reaching safepoint: 258605 ns, At safepoint: 12300 ns, Total: 270905 ns
[79.834s][info ][safepoint      ] Safepoint "Cleanup", Time since last: 1000108182 ns, Reaching safepoint: 199104 ns, At safepoint: 10400 ns, Total: 209504 ns
[80.834s][info ][safepoint      ] Safepoint "Cleanup", Time since last: 1000109081 ns, Reaching safepoint: 251705 ns, At safepoint: 12601 ns, Total: 264306 ns
[81.728s][info ][safepoint      ] Safepoint "ICBufferFull", Time since last: 894102984 ns, Reaching safepoint: 182503 ns, At safepoint: 15301 ns, Total: 197804 ns
[83.257s][info ][safepoint      ] Safepoint "Cleanup", Time since last: 1528587632 ns, Reaching safepoint: 213004 ns, At safepoint: 11901 ns, Total: 224905 ns
[84.899s][info ][safepoint      ] Safepoint "Cleanup", Time since last: 1641955673 ns, Reaching safepoint: 118702 ns, At safepoint: 12401 ns, Total: 131103 ns
[85.899s][info ][safepoint      ] Safepoint "Cleanup", Time since last: 1000108978 ns, Reaching safepoint: 61202 ns, At safepoint: 8700 ns, Total: 69902 ns
[86.900s][info ][safepoint      ] Safepoint "Cleanup", Time since last: 1000101778 ns, Reaching safepoint: 63301 ns, At safepoint: 8100 ns, Total: 71401 ns
[87.900s][info ][safepoint      ] Safepoint "Cleanup", Time since last: 1000106978 ns, Reaching safepoint: 62801 ns, At safepoint: 8501 ns, Total: 71302 ns
[88.900s][info ][safepoint      ] Safepoint "Cleanup", Time since last: 1000106977 ns, Reaching safepoint: 63701 ns, At safepoint: 11200 ns, Total: 74901 ns
[89.900s][info ][safepoint      ] Safepoint "Cleanup", Time since last: 1000108577 ns, Reaching safepoint: 66102 ns, At safepoint: 6700 ns, Total: 72802 ns
[90.900s][info ][safepoint      ] Safepoint "Cleanup", Time since last: 1000098976 ns, Reaching safepoint: 49501 ns, At safepoint: 8900 ns, Total: 58401 ns
[91.900s][info ][safepoint      ] Safepoint "Cleanup", Time since last: 1000103576 ns, Reaching safepoint: 63801 ns, At safepoint: 6101 ns, Total: 69902 ns
[92.901s][info ][safepoint      ] Safepoint "Cleanup", Time since last: 1000093075 ns, Reaching safepoint: 56301 ns, At safepoint: 2900 ns, Total: 59201 ns
[93.207s][info ][gc,start       ] GC(130) Pause Young (Allocation Failure)
[93.297s][debug][gc,phases      ] GC(130) Scavenge 90.132ms
[93.297s][debug][gc,ref         ] GC(130) Skipped phase 1 of Reference Processing: no references
[93.297s][debug][gc,ref         ] GC(130) ReferenceProcessor::execute queues: 2, RefProcThreadModel::Multi, marks_oops_alive: false
[93.297s][debug][gc,ref         ] GC(130) ReferenceProcessor::execute queues: 4, RefProcThreadModel::Multi, marks_oops_alive: true
[93.297s][debug][gc,ref         ] GC(130) ReferenceProcessor::execute queues: 1, RefProcThreadModel::Single, marks_oops_alive: false
[93.297s][debug][gc,phases      ] GC(130) Reference Processing 0.298ms
[93.297s][debug][gc,phases      ] GC(130)   VM Weak                        Min:  0.0, Avg:  0.0, Max:  0.0, Diff:  0.0, Sum:  0.0, Workers: 4
[93.297s][debug][gc,phases      ] GC(130)     Dead                           Min: 0, Avg:  0.0, Max: 0, Diff: 0, Sum: 0, Workers: 4
[93.297s][debug][gc,phases      ] GC(130)     Total                          Min: 0, Avg: 163.0, Max: 576, Diff: 576, Sum: 652, Workers: 4
[93.297s][debug][gc,phases      ] GC(130)   ObjectSynchronizer Weak        Min:  0.0, Avg:  0.0, Max:  0.0, Diff:  0.0, Sum:  0.0, Workers: 4
[93.297s][debug][gc,phases      ] GC(130)     Dead                           Min: 0, Avg:  0.0, Max: 0, Diff: 0, Sum: 0, Workers: 4
[93.297s][debug][gc,phases      ] GC(130)     Total                          Min: 0, Avg: 102.8, Max: 219, Diff: 219, Sum: 411, Workers: 4
[93.297s][debug][gc,phases      ] GC(130)   JVMTI Tag Weak OopStorage      Min:  0.0, Avg:  0.0, Max:  0.0, Diff:  0.0, Sum:  0.0, Workers: 4
[93.297s][debug][gc,phases      ] GC(130)     Dead                           Min: 0, Avg:  0.0, Max: 0, Diff: 0, Sum: 0, Workers: 4
[93.297s][debug][gc,phases      ] GC(130)     Total                          Min: 0, Avg:  0.0, Max: 0, Diff: 0, Sum: 0, Workers: 4
[93.297s][debug][gc,phases      ] GC(130)   StringTable Weak               Min:  0.1, Avg:  0.1, Max:  0.1, Diff:  0.0, Sum:  0.5, Workers: 4
[93.297s][debug][gc,phases      ] GC(130)     Dead                           Min: 0, Avg:  0.8, Max: 1, Diff: 1, Sum: 3, Workers: 4
[93.297s][debug][gc,phases      ] GC(130)     Total                          Min: 11200, Avg: 11807.5, Max: 12542, Diff: 1342, Sum: 47230, Workers: 4
[93.297s][debug][gc,phases      ] GC(130)   ResolvedMethodTable Weak       Min:  0.0, Avg:  0.0, Max:  0.0, Diff:  0.0, Sum:  0.1, Workers: 4
[93.297s][debug][gc,phases      ] GC(130)     Dead                           Min: 0, Avg:  0.0, Max: 0, Diff: 0, Sum: 0, Workers: 4
[93.297s][debug][gc,phases      ] GC(130)     Total                          Min: 1857, Avg: 2012.2, Max: 2146, Diff: 289, Sum: 8049, Workers: 4
[93.297s][debug][gc,phases      ] GC(130)   JNI Weak                       Min:  0.0, Avg:  0.0, Max:  0.0, Diff:  0.0, Sum:  0.0, Workers: 4
[93.297s][debug][gc,phases      ] GC(130)     Dead                           Min: 0, Avg:  0.0, Max: 0, Diff: 0, Sum: 0, Workers: 4
[93.297s][debug][gc,phases      ] GC(130)     Total                          Min: 0, Avg:  0.0, Max: 0, Diff: 0, Sum: 0, Workers: 4
[93.297s][debug][gc,phases      ] GC(130)   StringDedup Table Weak         Min:  0.0, Avg:  0.0, Max:  0.0, Diff:  0.0, Sum:  0.0, Workers: 4
[93.297s][debug][gc,phases      ] GC(130)     Dead                           Min: 0, Avg:  0.0, Max: 0, Diff: 0, Sum: 0, Workers: 4
[93.297s][debug][gc,phases      ] GC(130)     Total                          Min: 0, Avg:  0.0, Max: 0, Diff: 0, Sum: 0, Workers: 4
[93.297s][debug][gc,phases      ] GC(130)   StringDedup Requests0 Weak     Min:  0.0, Avg:  0.0, Max:  0.0, Diff:  0.0, Sum:  0.0, Workers: 4
[93.297s][debug][gc,phases      ] GC(130)     Dead                           Min: 0, Avg:  0.0, Max: 0, Diff: 0, Sum: 0, Workers: 4
[93.297s][debug][gc,phases      ] GC(130)     Total                          Min: 0, Avg:  0.0, Max: 0, Diff: 0, Sum: 0, Workers: 4
[93.297s][debug][gc,phases      ] GC(130)   StringDedup Requests1 Weak     Min:  0.0, Avg:  0.0, Max:  0.0, Diff:  0.0, Sum:  0.0, Workers: 4
[93.297s][debug][gc,phases      ] GC(130)     Dead                           Min: 0, Avg:  0.0, Max: 0, Diff: 0, Sum: 0, Workers: 4
[93.297s][debug][gc,phases      ] GC(130)     Total                          Min: 0, Avg:  0.0, Max: 0, Diff: 0, Sum: 0, Workers: 4
[93.297s][debug][gc,phases      ] GC(130)   Weak JFR Old Object Samples    Min:  0.0, Avg:  0.0, Max:  0.0, Diff:  0.0, Sum:  0.0, Workers: 4
[93.297s][debug][gc,phases      ] GC(130)     Dead                           Min: 0, Avg:  0.0, Max: 0, Diff: 0, Sum: 0, Workers: 4
[93.297s][debug][gc,phases      ] GC(130)     Total                          Min: 0, Avg:  0.0, Max: 0, Diff: 0, Sum: 0, Workers: 4
[93.297s][debug][gc,phases      ] GC(130) Weak Processing 0.329ms
[93.297s][debug][gc,age         ] GC(130) Desired survivor size 497549312 bytes, new threshold 15 (max threshold 15)
[93.297s][info ][gc,heap        ] GC(130) PSYoungGen: 1691332K(1691648K)->388336K(1530880K) Eden: 1342464K(1342464K)->0K(1125376K) From: 348868K(349184K)->388336K(405504K)
[93.297s][info ][gc,heap        ] GC(130) ParOldGen: 452564K(579072K)->456554K(579072K)
[93.297s][info ][gc,metaspace   ] GC(130) Metaspace: 81021K(81792K)->81021K(81792K) NonClass: 69582K(70016K)->69582K(70016K) Class: 11439K(11776K)->11439K(11776K)
[93.297s][info ][gc             ] GC(130) Pause Young (Allocation Failure) 2093M->825M(2060M) 90.901ms
[93.297s][info ][gc,cpu         ] GC(130) User=0.36s Sys=0.00s Real=0.09s
[93.298s][info ][safepoint      ] Safepoint "ParallelGCFailedAllocation", Time since last: 305832647 ns, Reaching safepoint: 106702 ns, At safepoint: 90994300 ns, Total: 91101002 ns
[94.298s][info ][safepoint      ] Safepoint "Cleanup", Time since last: 1000093274 ns, Reaching safepoint: 55601 ns, At safepoint: 8100 ns, Total: 63701 ns
[95.298s][info ][safepoint      ] Safepoint "Cleanup", Time since last: 1000110075 ns, Reaching safepoint: 75401 ns, At safepoint: 9001 ns, Total: 84402 ns
[96.298s][info ][safepoint      ] Safepoint "Cleanup", Time since last: 1000115874 ns, Reaching safepoint: 63701 ns, At safepoint: 5900 ns, Total: 69601 ns
[97.298s][info ][safepoint      ] Safepoint "Cleanup", Time since last: 1000086873 ns, Reaching safepoint: 55401 ns, At safepoint: 7100 ns, Total: 62501 ns
[98.298s][info ][safepoint      ] Safepoint "Cleanup", Time since last: 1000107973 ns, Reaching safepoint: 111103 ns, At safepoint: 9800 ns, Total: 120903 ns
[99.299s][info ][safepoint      ] Safepoint "Cleanup", Time since last: 1000066372 ns, Reaching safepoint: 113002 ns, At safepoint: 5900 ns, Total: 118902 ns
[100.299s][info ][safepoint      ] Safepoint "Cleanup", Time since last: 1000112772 ns, Reaching safepoint: 83302 ns, At safepoint: 9100 ns, Total: 92402 ns
[101.299s][info ][safepoint      ] Safepoint "Cleanup", Time since last: 1000117572 ns, Reaching safepoint: 66301 ns, At safepoint: 8800 ns, Total: 75101 ns
[102.413s][info ][safepoint      ] Safepoint "Cleanup", Time since last: 1113757118 ns, Reaching safepoint: 113403 ns, At safepoint: 8700 ns, Total: 122103 ns
[103.413s][info ][safepoint      ] Safepoint "Cleanup", Time since last: 1000109071 ns, Reaching safepoint: 134502 ns, At safepoint: 10800 ns, Total: 145302 ns
[104.413s][info ][safepoint      ] Safepoint "Cleanup", Time since last: 1000101171 ns, Reaching safepoint: 87701 ns, At safepoint: 11001 ns, Total: 98702 ns
[105.414s][info ][safepoint      ] Safepoint "Cleanup", Time since last: 1000087369 ns, Reaching safepoint: 85402 ns, At safepoint: 13100 ns, Total: 98502 ns
[106.414s][info ][safepoint      ] Safepoint "Cleanup", Time since last: 1000101469 ns, Reaching safepoint: 75702 ns, At safepoint: 6600 ns, Total: 82302 ns
[107.414s][info ][safepoint      ] Safepoint "Cleanup", Time since last: 1000107969 ns, Reaching safepoint: 66901 ns, At safepoint: 12800 ns, Total: 79701 ns
[108.414s][info ][safepoint      ] Safepoint "Cleanup", Time since last: 1000110769 ns, Reaching safepoint: 57401 ns, At safepoint: 6000 ns, Total: 63401 ns
[109.414s][info ][safepoint      ] Safepoint "Cleanup", Time since last: 1000109868 ns, Reaching safepoint: 119703 ns, At safepoint: 7500 ns, Total: 127203 ns
[110.415s][info ][safepoint      ] Safepoint "Cleanup", Time since last: 1000108167 ns, Reaching safepoint: 137203 ns, At safepoint: 10900 ns, Total: 148103 ns
[111.415s][info ][safepoint      ] Safepoint "Cleanup", Time since last: 1000100567 ns, Reaching safepoint: 51701 ns, At safepoint: 7600 ns, Total: 59301 ns
[112.415s][info ][safepoint      ] Safepoint "Cleanup", Time since last: 1000107567 ns, Reaching safepoint: 85902 ns, At safepoint: 8500 ns, Total: 94402 ns
[113.415s][info ][safepoint      ] Safepoint "Cleanup", Time since last: 1000104766 ns, Reaching safepoint: 58101 ns, At safepoint: 7400 ns, Total: 65501 ns
[114.415s][info ][safepoint      ] Safepoint "Cleanup", Time since last: 1000126067 ns, Reaching safepoint: 59301 ns, At safepoint: 8000 ns, Total: 67301 ns
[115.415s][info ][safepoint      ] Safepoint "Cleanup", Time since last: 1000101565 ns, Reaching safepoint: 54001 ns, At safepoint: 6600 ns, Total: 60601 ns
[116.416s][info ][safepoint      ] Safepoint "Cleanup", Time since last: 1000108565 ns, Reaching safepoint: 170804 ns, At safepoint: 21600 ns, Total: 192404 ns
[117.416s][info ][safepoint      ] Safepoint "Cleanup", Time since last: 1000116865 ns, Reaching safepoint: 53401 ns, At safepoint: 8600 ns, Total: 62001 ns
[118.416s][info ][safepoint      ] Safepoint "Cleanup", Time since last: 1000127564 ns, Reaching safepoint: 118603 ns, At safepoint: 7600 ns, Total: 126203 ns
[119.416s][info ][safepoint      ] Safepoint "Cleanup", Time since last: 1000071263 ns, Reaching safepoint: 45101 ns, At safepoint: 4400 ns, Total: 49501 ns
[120.416s][info ][safepoint      ] Safepoint "Cleanup", Time since last: 1000096163 ns, Reaching safepoint: 48501 ns, At safepoint: 2700 ns, Total: 51201 ns
[121.417s][info ][safepoint      ] Safepoint "Cleanup", Time since last: 1000097062 ns, Reaching safepoint: 54801 ns, At safepoint: 3400 ns, Total: 58201 ns
[122.417s][info ][safepoint      ] Safepoint "Cleanup", Time since last: 1000093162 ns, Reaching safepoint: 49001 ns, At safepoint: 3700 ns, Total: 52701 ns
[123.265s][info ][gc,start       ] GC(131) Pause Young (Allocation Failure)
[123.348s][debug][gc,phases      ] GC(131) Scavenge 82.252ms
[123.348s][debug][gc,ref         ] GC(131) Skipped phase 1 of Reference Processing: no references
[123.348s][debug][gc,ref         ] GC(131) ReferenceProcessor::execute queues: 1, RefProcThreadModel::Single, marks_oops_alive: false
[123.348s][debug][gc,ref         ] GC(131) Skipped phase 3 of Reference Processing: no references
[123.348s][debug][gc,ref         ] GC(131) ReferenceProcessor::execute queues: 1, RefProcThreadModel::Single, marks_oops_alive: false
[123.348s][debug][gc,phases      ] GC(131) Reference Processing 0.152ms
[123.348s][debug][gc,phases      ] GC(131)   VM Weak                        Min:  0.0, Avg:  0.0, Max:  0.0, Diff:  0.0, Sum:  0.0, Workers: 4
[123.348s][debug][gc,phases      ] GC(131)     Dead                           Min: 0, Avg:  0.0, Max: 0, Diff: 0, Sum: 0, Workers: 4
[123.348s][debug][gc,phases      ] GC(131)     Total                          Min: 0, Avg: 163.2, Max: 653, Diff: 653, Sum: 653, Workers: 4
[123.348s][debug][gc,phases      ] GC(131)   ObjectSynchronizer Weak        Min:  0.0, Avg:  0.0, Max:  0.0, Diff:  0.0, Sum:  0.0, Workers: 4
[123.348s][debug][gc,phases      ] GC(131)     Dead                           Min: 0, Avg:  0.0, Max: 0, Diff: 0, Sum: 0, Workers: 4
[123.348s][debug][gc,phases      ] GC(131)     Total                          Min: 0, Avg: 102.8, Max: 411, Diff: 411, Sum: 411, Workers: 4
[123.348s][debug][gc,phases      ] GC(131)   JVMTI Tag Weak OopStorage      Min:  0.0, Avg:  0.0, Max:  0.0, Diff:  0.0, Sum:  0.0, Workers: 4
[123.348s][debug][gc,phases      ] GC(131)     Dead                           Min: 0, Avg:  0.0, Max: 0, Diff: 0, Sum: 0, Workers: 4
[123.348s][debug][gc,phases      ] GC(131)     Total                          Min: 0, Avg:  0.0, Max: 0, Diff: 0, Sum: 0, Workers: 4
[123.348s][debug][gc,phases      ] GC(131)   StringTable Weak               Min:  0.1, Avg:  0.1, Max:  0.1, Diff:  0.0, Sum:  0.5, Workers: 4
[123.348s][debug][gc,phases      ] GC(131)     Dead                           Min: 0, Avg:  0.5, Max: 2, Diff: 2, Sum: 2, Workers: 4
[123.348s][debug][gc,phases      ] GC(131)     Total                          Min: 10560, Avg: 11828.0, Max: 13440, Diff: 2880, Sum: 47312, Workers: 4
[123.348s][debug][gc,phases      ] GC(131)   ResolvedMethodTable Weak       Min:  0.0, Avg:  0.0, Max:  0.0, Diff:  0.0, Sum:  0.1, Workers: 4
[123.348s][debug][gc,phases      ] GC(131)     Dead                           Min: 0, Avg:  0.0, Max: 0, Diff: 0, Sum: 0, Workers: 4
[123.348s][debug][gc,phases      ] GC(131)     Total                          Min: 1707, Avg: 2021.8, Max: 2258, Diff: 551, Sum: 8087, Workers: 4
[123.348s][debug][gc,phases      ] GC(131)   JNI Weak                       Min:  0.0, Avg:  0.0, Max:  0.0, Diff:  0.0, Sum:  0.0, Workers: 4
[123.348s][debug][gc,phases      ] GC(131)     Dead                           Min: 0, Avg:  0.0, Max: 0, Diff: 0, Sum: 0, Workers: 4
[123.348s][debug][gc,phases      ] GC(131)     Total                          Min: 0, Avg:  0.0, Max: 0, Diff: 0, Sum: 0, Workers: 4
[123.348s][debug][gc,phases      ] GC(131)   StringDedup Table Weak         Min:  0.0, Avg:  0.0, Max:  0.0, Diff:  0.0, Sum:  0.0, Workers: 4
[123.348s][debug][gc,phases      ] GC(131)     Dead                           Min: 0, Avg:  0.0, Max: 0, Diff: 0, Sum: 0, Workers: 4
[123.348s][debug][gc,phases      ] GC(131)     Total                          Min: 0, Avg:  0.0, Max: 0, Diff: 0, Sum: 0, Workers: 4
[123.348s][debug][gc,phases      ] GC(131)   StringDedup Requests0 Weak     Min:  0.0, Avg:  0.0, Max:  0.0, Diff:  0.0, Sum:  0.0, Workers: 4
[123.348s][debug][gc,phases      ] GC(131)     Dead                           Min: 0, Avg:  0.0, Max: 0, Diff: 0, Sum: 0, Workers: 4
[123.348s][debug][gc,phases      ] GC(131)     Total                          Min: 0, Avg:  0.0, Max: 0, Diff: 0, Sum: 0, Workers: 4
[123.348s][debug][gc,phases      ] GC(131)   StringDedup Requests1 Weak     Min:  0.0, Avg:  0.0, Max:  0.0, Diff:  0.0, Sum:  0.0, Workers: 4
[123.348s][debug][gc,phases      ] GC(131)     Dead                           Min: 0, Avg:  0.0, Max: 0, Diff: 0, Sum: 0, Workers: 4
[123.348s][debug][gc,phases      ] GC(131)     Total                          Min: 0, Avg:  0.0, Max: 0, Diff: 0, Sum: 0, Workers: 4
[123.348s][debug][gc,phases      ] GC(131)   Weak JFR Old Object Samples    Min:  0.0, Avg:  0.0, Max:  0.0, Diff:  0.0, Sum:  0.0, Workers: 4
[123.348s][debug][gc,phases      ] GC(131)     Dead                           Min: 0, Avg:  0.0, Max: 0, Diff: 0, Sum: 0, Workers: 4
[123.348s][debug][gc,phases      ] GC(131)     Total                          Min: 0, Avg:  0.0, Max: 0, Diff: 0, Sum: 0, Workers: 4
[123.348s][debug][gc,phases      ] GC(131) Weak Processing 0.358ms
[123.348s][debug][gc,age         ] GC(131) Desired survivor size 536870912 bytes, new threshold 14 (max threshold 15)
[123.348s][info ][gc,heap        ] GC(131) PSYoungGen: 1513712K(1530880K)->373405K(1499136K) Eden: 1125376K(1125376K)->0K(1125376K) From: 388336K(405504K)->373405K(373760K)
[123.348s][info ][gc,heap        ] GC(131) ParOldGen: 456554K(579072K)->472322K(579072K)
[123.348s][info ][gc,metaspace   ] GC(131) Metaspace: 81359K(82176K)->81359K(82176K) NonClass: 69894K(70336K)->69894K(70336K) Class: 11464K(11840K)->11464K(11840K)
[123.348s][info ][gc             ] GC(131) Pause Young (Allocation Failure) 1924M->825M(2029M) 82.889ms
[123.348s][info ][gc,cpu         ] GC(131) User=0.33s Sys=0.00s Real=0.08s
[123.348s][info ][safepoint      ] Safepoint "ParallelGCFailedAllocation", Time since last: 848462066 ns, Reaching safepoint: 107902 ns, At safepoint: 82972739 ns, Total: 83080641 ns
[124.348s][info ][safepoint      ] Safepoint "Cleanup", Time since last: 1000079661 ns, Reaching safepoint: 94902 ns, At safepoint: 11901 ns, Total: 106803 ns
[125.349s][info ][safepoint      ] Safepoint "Cleanup", Time since last: 1000100660 ns, Reaching safepoint: 52801 ns, At safepoint: 4701 ns, Total: 57502 ns
[126.349s][info ][safepoint      ] Safepoint "Cleanup", Time since last: 1000110660 ns, Reaching safepoint: 49001 ns, At safepoint: 6500 ns, Total: 55501 ns
[127.673s][info ][safepoint      ] Safepoint "Cleanup", Time since last: 1324093762 ns, Reaching safepoint: 72901 ns, At safepoint: 9200 ns, Total: 82101 ns
[128.673s][info ][safepoint      ] Safepoint "Cleanup", Time since last: 1000104560 ns, Reaching safepoint: 57101 ns, At safepoint: 6500 ns, Total: 63601 ns
[130.158s][info ][safepoint      ] Safepoint "Cleanup", Time since last: 1484772235 ns, Reaching safepoint: 41600 ns, At safepoint: 10201 ns, Total: 51801 ns
[131.158s][info ][safepoint      ] Safepoint "Cleanup", Time since last: 1000102658 ns, Reaching safepoint: 120002 ns, At safepoint: 10201 ns, Total: 130203 ns
[132.158s][info ][safepoint      ] Safepoint "Cleanup", Time since last: 1000117358 ns, Reaching safepoint: 129802 ns, At safepoint: 16701 ns, Total: 146503 ns
[133.159s][info ][safepoint      ] Safepoint "Cleanup", Time since last: 1000107757 ns, Reaching safepoint: 124903 ns, At safepoint: 11300 ns, Total: 136203 ns
[134.159s][info ][safepoint      ] Safepoint "Cleanup", Time since last: 1000098457 ns, Reaching safepoint: 127003 ns, At safepoint: 9000 ns, Total: 136003 ns
[135.159s][info ][safepoint      ] Safepoint "Cleanup", Time since last: 1000106357 ns, Reaching safepoint: 128402 ns, At safepoint: 16100 ns, Total: 144502 ns
[136.159s][info ][safepoint      ] Safepoint "Cleanup", Time since last: 1000104157 ns, Reaching safepoint: 130502 ns, At safepoint: 9901 ns, Total: 140403 ns
[137.160s][info ][safepoint      ] Safepoint "Cleanup", Time since last: 1000096355 ns, Reaching safepoint: 118903 ns, At safepoint: 10300 ns, Total: 129203 ns
[139.160s][info ][safepoint      ] Safepoint "Cleanup", Time since last: 2000154709 ns, Reaching safepoint: 134703 ns, At safepoint: 13300 ns, Total: 148003 ns
[140.160s][info ][safepoint      ] Safepoint "Cleanup", Time since last: 1000089855 ns, Reaching safepoint: 111602 ns, At safepoint: 10600 ns, Total: 122202 ns
[141.160s][info ][safepoint      ] Safepoint "Cleanup", Time since last: 1000093354 ns, Reaching safepoint: 117302 ns, At safepoint: 7200 ns, Total: 124502 ns
[142.161s][info ][safepoint      ] Safepoint "Cleanup", Time since last: 1000102454 ns, Reaching safepoint: 120403 ns, At safepoint: 9600 ns, Total: 130003 ns
[143.158s][info ][gc,start       ] GC(132) Pause Young (Allocation Failure)
[143.248s][debug][gc,phases      ] GC(132) Scavenge 90.298ms
[143.248s][debug][gc,ref         ] GC(132) Skipped phase 1 of Reference Processing: no references
[143.249s][debug][gc,ref         ] GC(132) ReferenceProcessor::execute queues: 1, RefProcThreadModel::Single, marks_oops_alive: false
[143.249s][debug][gc,ref         ] GC(132) Skipped phase 3 of Reference Processing: no references
[143.249s][debug][gc,ref         ] GC(132) ReferenceProcessor::execute queues: 1, RefProcThreadModel::Single, marks_oops_alive: false
[143.249s][debug][gc,phases      ] GC(132) Reference Processing 0.164ms
[143.249s][debug][gc,phases      ] GC(132)   VM Weak                        Min:  0.0, Avg:  0.0, Max:  0.0, Diff:  0.0, Sum:  0.0, Workers: 4
[143.249s][debug][gc,phases      ] GC(132)     Dead                           Min: 0, Avg:  0.0, Max: 0, Diff: 0, Sum: 0, Workers: 4
[143.249s][debug][gc,phases      ] GC(132)     Total                          Min: 0, Avg: 163.2, Max: 653, Diff: 653, Sum: 653, Workers: 4
[143.249s][debug][gc,phases      ] GC(132)   ObjectSynchronizer Weak        Min:  0.0, Avg:  0.0, Max:  0.0, Diff:  0.0, Sum:  0.0, Workers: 4
[143.249s][debug][gc,phases      ] GC(132)     Dead                           Min: 0, Avg:  0.0, Max: 0, Diff: 0, Sum: 0, Workers: 4
[143.249s][debug][gc,phases      ] GC(132)     Total                          Min: 0, Avg: 102.8, Max: 256, Diff: 256, Sum: 411, Workers: 4
[143.249s][debug][gc,phases      ] GC(132)   JVMTI Tag Weak OopStorage      Min:  0.0, Avg:  0.0, Max:  0.0, Diff:  0.0, Sum:  0.0, Workers: 4
[143.249s][debug][gc,phases      ] GC(132)     Dead                           Min: 0, Avg:  0.0, Max: 0, Diff: 0, Sum: 0, Workers: 4
[143.249s][debug][gc,phases      ] GC(132)     Total                          Min: 0, Avg:  0.0, Max: 0, Diff: 0, Sum: 0, Workers: 4
[143.249s][debug][gc,phases      ] GC(132)   StringTable Weak               Min:  0.1, Avg:  0.1, Max:  0.1, Diff:  0.0, Sum:  0.5, Workers: 4
[143.249s][debug][gc,phases      ] GC(132)     Dead                           Min: 0, Avg:  0.0, Max: 0, Diff: 0, Sum: 0, Workers: 4
[143.249s][debug][gc,phases      ] GC(132)     Total                          Min: 9280, Avg: 11839.8, Max: 13440, Diff: 4160, Sum: 47359, Workers: 4
[143.249s][debug][gc,phases      ] GC(132)   ResolvedMethodTable Weak       Min:  0.0, Avg:  0.0, Max:  0.0, Diff:  0.0, Sum:  0.1, Workers: 4
[143.249s][debug][gc,phases      ] GC(132)     Dead                           Min: 0, Avg:  0.2, Max: 1, Diff: 1, Sum: 1, Workers: 4
[143.249s][debug][gc,phases      ] GC(132)     Total                          Min: 1766, Avg: 2024.2, Max: 2211, Diff: 445, Sum: 8097, Workers: 4
[143.249s][debug][gc,phases      ] GC(132)   JNI Weak                       Min:  0.0, Avg:  0.0, Max:  0.0, Diff:  0.0, Sum:  0.0, Workers: 4
[143.249s][debug][gc,phases      ] GC(132)     Dead                           Min: 0, Avg:  0.0, Max: 0, Diff: 0, Sum: 0, Workers: 4
[143.249s][debug][gc,phases      ] GC(132)     Total                          Min: 0, Avg:  0.0, Max: 0, Diff: 0, Sum: 0, Workers: 4
[143.249s][debug][gc,phases      ] GC(132)   StringDedup Table Weak         Min:  0.0, Avg:  0.0, Max:  0.0, Diff:  0.0, Sum:  0.0, Workers: 4
[143.249s][debug][gc,phases      ] GC(132)     Dead                           Min: 0, Avg:  0.0, Max: 0, Diff: 0, Sum: 0, Workers: 4
[143.249s][debug][gc,phases      ] GC(132)     Total                          Min: 0, Avg:  0.0, Max: 0, Diff: 0, Sum: 0, Workers: 4
[143.249s][debug][gc,phases      ] GC(132)   StringDedup Requests0 Weak     Min:  0.0, Avg:  0.0, Max:  0.0, Diff:  0.0, Sum:  0.0, Workers: 4
[143.249s][debug][gc,phases      ] GC(132)     Dead                           Min: 0, Avg:  0.0, Max: 0, Diff: 0, Sum: 0, Workers: 4
[143.249s][debug][gc,phases      ] GC(132)     Total                          Min: 0, Avg:  0.0, Max: 0, Diff: 0, Sum: 0, Workers: 4
[143.249s][debug][gc,phases      ] GC(132)   StringDedup Requests1 Weak     Min:  0.0, Avg:  0.0, Max:  0.0, Diff:  0.0, Sum:  0.0, Workers: 4
[143.249s][debug][gc,phases      ] GC(132)     Dead                           Min: 0, Avg:  0.0, Max: 0, Diff: 0, Sum: 0, Workers: 4
[143.249s][debug][gc,phases      ] GC(132)     Total                          Min: 0, Avg:  0.0, Max: 0, Diff: 0, Sum: 0, Workers: 4
[143.249s][debug][gc,phases      ] GC(132)   Weak JFR Old Object Samples    Min:  0.0, Avg:  0.0, Max:  0.0, Diff:  0.0, Sum:  0.0, Workers: 4
[143.249s][debug][gc,phases      ] GC(132)     Dead                           Min: 0, Avg:  0.0, Max: 0, Diff: 0, Sum: 0, Workers: 4
[143.249s][debug][gc,phases      ] GC(132)     Total                          Min: 0, Avg:  0.0, Max: 0, Diff: 0, Sum: 0, Workers: 4
[143.249s][debug][gc,phases      ] GC(132) Weak Processing 0.365ms
[143.249s][debug][gc,age         ] GC(132) Desired survivor size 536870912 bytes, new threshold 13 (max threshold 15)
[143.249s][info ][gc,heap        ] GC(132) PSYoungGen: 1498781K(1499136K)->354093K(1572864K) Eden: 1125376K(1125376K)->0K(1048576K) From: 373405K(373760K)->354093K(524288K)
[143.249s][info ][gc,heap        ] GC(132) ParOldGen: 472322K(579072K)->492589K(579072K)
[143.249s][info ][gc,metaspace   ] GC(132) Metaspace: 81479K(82304K)->81479K(82304K) NonClass: 70007K(70464K)->70007K(70464K) Class: 11472K(11840K)->11472K(11840K)
[143.249s][info ][gc             ] GC(132) Pause Young (Allocation Failure) 1924M->826M(2101M) 90.956ms
[143.249s][info ][gc,cpu         ] GC(132) User=0.36s Sys=0.01s Real=0.09s
[143.249s][info ][safepoint      ] Safepoint "ParallelGCFailedAllocation", Time since last: 997252697 ns, Reaching safepoint: 118402 ns, At safepoint: 91051099 ns, Total: 91169501 ns
[144.249s][info ][safepoint      ] Safepoint "Cleanup", Time since last: 1000087852 ns, Reaching safepoint: 50001 ns, At safepoint: 11300 ns, Total: 61301 ns
[145.249s][info ][safepoint      ] Safepoint "Cleanup", Time since last: 1000111553 ns, Reaching safepoint: 58801 ns, At safepoint: 11200 ns, Total: 70001 ns
[146.250s][info ][safepoint      ] Safepoint "Cleanup", Time since last: 1000064052 ns, Reaching safepoint: 54701 ns, At safepoint: 3200 ns, Total: 57901 ns
[147.250s][info ][safepoint      ] Safepoint "Cleanup", Time since last: 1000125152 ns, Reaching safepoint: 57001 ns, At safepoint: 6100 ns, Total: 63101 ns
[148.250s][info ][safepoint      ] Safepoint "Cleanup", Time since last: 1000105151 ns, Reaching safepoint: 56001 ns, At safepoint: 10501 ns, Total: 66502 ns
[150.250s][info ][safepoint      ] Safepoint "Cleanup", Time since last: 2000172400 ns, Reaching safepoint: 88702 ns, At safepoint: 6000 ns, Total: 94702 ns
[151.250s][info ][safepoint      ] Safepoint "Cleanup", Time since last: 1000101950 ns, Reaching safepoint: 53801 ns, At safepoint: 8200 ns, Total: 62001 ns
[152.250s][info ][safepoint      ] Safepoint "Cleanup", Time since last: 1000098550 ns, Reaching safepoint: 86401 ns, At safepoint: 8401 ns, Total: 94802 ns
[153.251s][info ][safepoint      ] Safepoint "Cleanup", Time since last: 1000101449 ns, Reaching safepoint: 130002 ns, At safepoint: 11701 ns, Total: 141703 ns
[154.251s][info ][safepoint      ] Safepoint "Cleanup", Time since last: 1000111848 ns, Reaching safepoint: 139003 ns, At safepoint: 12500 ns, Total: 151503 ns
[155.012s][info ][gc,start       ] GC(133) Pause Young (Allocation Failure)
[155.093s][debug][gc,phases      ] GC(133) Scavenge 80.437ms
[155.093s][debug][gc,ref         ] GC(133) Skipped phase 1 of Reference Processing: no references
[155.093s][debug][gc,ref         ] GC(133) ReferenceProcessor::execute queues: 1, RefProcThreadModel::Single, marks_oops_alive: false
[155.093s][debug][gc,ref         ] GC(133) Skipped phase 3 of Reference Processing: no references
[155.093s][debug][gc,ref         ] GC(133) ReferenceProcessor::execute queues: 1, RefProcThreadModel::Single, marks_oops_alive: false
[155.093s][debug][gc,phases      ] GC(133) Reference Processing 0.151ms
[155.093s][debug][gc,phases      ] GC(133)   VM Weak                        Min:  0.0, Avg:  0.0, Max:  0.0, Diff:  0.0, Sum:  0.0, Workers: 4
[155.093s][debug][gc,phases      ] GC(133)     Dead                           Min: 0, Avg:  0.0, Max: 0, Diff: 0, Sum: 0, Workers: 4
[155.093s][debug][gc,phases      ] GC(133)     Total                          Min: 0, Avg: 163.2, Max: 448, Diff: 448, Sum: 653, Workers: 4
[155.093s][debug][gc,phases      ] GC(133)   ObjectSynchronizer Weak        Min:  0.0, Avg:  0.0, Max:  0.0, Diff:  0.0, Sum:  0.0, Workers: 4
[155.093s][debug][gc,phases      ] GC(133)     Dead                           Min: 0, Avg:  0.0, Max: 0, Diff: 0, Sum: 0, Workers: 4
[155.093s][debug][gc,phases      ] GC(133)     Total                          Min: 0, Avg: 102.8, Max: 384, Diff: 384, Sum: 411, Workers: 4
[155.093s][debug][gc,phases      ] GC(133)   JVMTI Tag Weak OopStorage      Min:  0.0, Avg:  0.0, Max:  0.0, Diff:  0.0, Sum:  0.0, Workers: 4
[155.093s][debug][gc,phases      ] GC(133)     Dead                           Min: 0, Avg:  0.0, Max: 0, Diff: 0, Sum: 0, Workers: 4
[155.093s][debug][gc,phases      ] GC(133)     Total                          Min: 0, Avg:  0.0, Max: 0, Diff: 0, Sum: 0, Workers: 4
[155.093s][debug][gc,phases      ] GC(133)   StringTable Weak               Min:  0.1, Avg:  0.1, Max:  0.1, Diff:  0.0, Sum:  0.6, Workers: 4
[155.093s][debug][gc,phases      ] GC(133)     Dead                           Min: 0, Avg:  0.0, Max: 0, Diff: 0, Sum: 0, Workers: 4
[155.093s][debug][gc,phases      ] GC(133)     Total                          Min: 11264, Avg: 11847.5, Max: 12480, Diff: 1216, Sum: 47390, Workers: 4
[155.093s][debug][gc,phases      ] GC(133)   ResolvedMethodTable Weak       Min:  0.0, Avg:  0.0, Max:  0.0, Diff:  0.0, Sum:  0.1, Workers: 4
[155.093s][debug][gc,phases      ] GC(133)     Dead                           Min: 0, Avg:  0.0, Max: 0, Diff: 0, Sum: 0, Workers: 4
[155.093s][debug][gc,phases      ] GC(133)     Total                          Min: 1767, Avg: 2024.8, Max: 2204, Diff: 437, Sum: 8099, Workers: 4
[155.093s][debug][gc,phases      ] GC(133)   JNI Weak                       Min:  0.0, Avg:  0.0, Max:  0.0, Diff:  0.0, Sum:  0.0, Workers: 4
[155.093s][debug][gc,phases      ] GC(133)     Dead                           Min: 0, Avg:  0.0, Max: 0, Diff: 0, Sum: 0, Workers: 4
[155.093s][debug][gc,phases      ] GC(133)     Total                          Min: 0, Avg:  0.0, Max: 0, Diff: 0, Sum: 0, Workers: 4
[155.093s][debug][gc,phases      ] GC(133)   StringDedup Table Weak         Min:  0.0, Avg:  0.0, Max:  0.0, Diff:  0.0, Sum:  0.0, Workers: 4
[155.093s][debug][gc,phases      ] GC(133)     Dead                           Min: 0, Avg:  0.0, Max: 0, Diff: 0, Sum: 0, Workers: 4
[155.093s][debug][gc,phases      ] GC(133)     Total                          Min: 0, Avg:  0.0, Max: 0, Diff: 0, Sum: 0, Workers: 4
[155.093s][debug][gc,phases      ] GC(133)   StringDedup Requests0 Weak     Min:  0.0, Avg:  0.0, Max:  0.0, Diff:  0.0, Sum:  0.0, Workers: 4
[155.093s][debug][gc,phases      ] GC(133)     Dead                           Min: 0, Avg:  0.0, Max: 0, Diff: 0, Sum: 0, Workers: 4
[155.093s][debug][gc,phases      ] GC(133)     Total                          Min: 0, Avg:  0.0, Max: 0, Diff: 0, Sum: 0, Workers: 4
[155.093s][debug][gc,phases      ] GC(133)   StringDedup Requests1 Weak     Min:  0.0, Avg:  0.0, Max:  0.0, Diff:  0.0, Sum:  0.0, Workers: 4
[155.093s][debug][gc,phases      ] GC(133)     Dead                           Min: 0, Avg:  0.0, Max: 0, Diff: 0, Sum: 0, Workers: 4
[155.093s][debug][gc,phases      ] GC(133)     Total                          Min: 0, Avg:  0.0, Max: 0, Diff: 0, Sum: 0, Workers: 4
[155.093s][debug][gc,phases      ] GC(133)   Weak JFR Old Object Samples    Min:  0.0, Avg:  0.0, Max:  0.0, Diff:  0.0, Sum:  0.0, Workers: 4
[155.093s][debug][gc,phases      ] GC(133)     Dead                           Min: 0, Avg:  0.0, Max: 0, Diff: 0, Sum: 0, Workers: 4
[155.093s][debug][gc,phases      ] GC(133)     Total                          Min: 0, Avg:  0.0, Max: 0, Diff: 0, Sum: 0, Workers: 4
[155.093s][debug][gc,phases      ] GC(133) Weak Processing 0.376ms
[155.093s][debug][gc,age         ] GC(133) Desired survivor size 536870912 bytes, new threshold 12 (max threshold 15)
[155.093s][info ][gc,heap        ] GC(133) PSYoungGen: 1402669K(1572864K)->363285K(1572864K) Eden: 1048576K(1048576K)->0K(1048576K) From: 354093K(524288K)->363285K(524288K)
[155.093s][info ][gc,heap        ] GC(133) ParOldGen: 492589K(579072K)->495450K(579072K)
[155.093s][info ][gc,metaspace   ] GC(133) Metaspace: 81585K(82368K)->81585K(82368K) NonClass: 70112K(70528K)->70112K(70528K) Class: 11472K(11840K)->11472K(11840K)
[155.093s][info ][gc             ] GC(133) Pause Young (Allocation Failure) 1850M->838M(2101M) 81.094ms
[155.094s][info ][gc,cpu         ] GC(133) User=0.32s Sys=0.00s Real=0.08s
[155.094s][info ][safepoint      ] Safepoint "ParallelGCFailedAllocation", Time since last: 761292433 ns, Reaching safepoint: 63301 ns, At safepoint: 81185304 ns, Total: 81248605 ns
[156.094s][info ][safepoint      ] Safepoint "Cleanup", Time since last: 1000082847 ns, Reaching safepoint: 58001 ns, At safepoint: 6600 ns, Total: 64601 ns
[157.094s][info ][safepoint      ] Safepoint "Cleanup", Time since last: 1000109748 ns, Reaching safepoint: 140703 ns, At safepoint: 10900 ns, Total: 151603 ns
[158.094s][info ][safepoint      ] Safepoint "Cleanup", Time since last: 1000112648 ns, Reaching safepoint: 137802 ns, At safepoint: 11700 ns, Total: 149502 ns
[159.604s][info ][safepoint      ] Safepoint "Cleanup", Time since last: 1509920713 ns, Reaching safepoint: 194304 ns, At safepoint: 8400 ns, Total: 202704 ns
[160.605s][info ][safepoint      ] Safepoint "Cleanup", Time since last: 1000101846 ns, Reaching safepoint: 115703 ns, At safepoint: 5600 ns, Total: 121303 ns
[161.605s][info ][safepoint      ] Safepoint "Cleanup", Time since last: 1000107646 ns, Reaching safepoint: 119602 ns, At safepoint: 8200 ns, Total: 127802 ns
[162.605s][info ][safepoint      ] Safepoint "Cleanup", Time since last: 1000108846 ns, Reaching safepoint: 135602 ns, At safepoint: 8601 ns, Total: 144203 ns
[163.605s][info ][safepoint      ] Safepoint "Cleanup", Time since last: 1000105945 ns, Reaching safepoint: 119302 ns, At safepoint: 8500 ns, Total: 127802 ns
[164.606s][info ][safepoint      ] Safepoint "Cleanup", Time since last: 1000143845 ns, Reaching safepoint: 137003 ns, At safepoint: 15600 ns, Total: 152603 ns
[165.606s][info ][safepoint      ] Safepoint "Cleanup", Time since last: 1000117445 ns, Reaching safepoint: 120102 ns, At safepoint: 7800 ns, Total: 127902 ns
[166.606s][info ][safepoint      ] Safepoint "Cleanup", Time since last: 1000101444 ns, Reaching safepoint: 143403 ns, At safepoint: 14900 ns, Total: 158303 ns
[167.606s][info ][safepoint      ] Safepoint "Cleanup", Time since last: 1000129444 ns, Reaching safepoint: 148303 ns, At safepoint: 11400 ns, Total: 159703 ns
[168.607s][info ][safepoint      ] Safepoint "Cleanup", Time since last: 1000113243 ns, Reaching safepoint: 132303 ns, At safepoint: 11400 ns, Total: 143703 ns
[169.507s][info ][safepoint      ] Safepoint "ParallelGCFailedAllocation", Time since last: 900181070 ns, Reaching safepoint: 71502 ns, At safepoint: 12400 ns, Total: 83902 ns
[169.507s][info ][gc,start       ] GC(134) Pause Young (GCLocker Initiated GC)
[169.593s][debug][gc,phases      ] GC(134) Scavenge 86.415ms
[169.594s][debug][gc,ref         ] GC(134) Skipped phase 1 of Reference Processing: no references
[169.594s][debug][gc,ref         ] GC(134) ReferenceProcessor::execute queues: 1, RefProcThreadModel::Single, marks_oops_alive: false
[169.594s][debug][gc,ref         ] GC(134) Skipped phase 3 of Reference Processing: no references
[169.594s][debug][gc,ref         ] GC(134) ReferenceProcessor::execute queues: 1, RefProcThreadModel::Single, marks_oops_alive: false
[169.594s][debug][gc,phases      ] GC(134) Reference Processing 0.153ms
[169.594s][debug][gc,phases      ] GC(134)   VM Weak                        Min:  0.0, Avg:  0.0, Max:  0.0, Diff:  0.0, Sum:  0.0, Workers: 4
[169.594s][debug][gc,phases      ] GC(134)     Dead                           Min: 0, Avg:  0.0, Max: 0, Diff: 0, Sum: 0, Workers: 4
[169.594s][debug][gc,phases      ] GC(134)     Total                          Min: 0, Avg: 163.2, Max: 397, Diff: 397, Sum: 653, Workers: 4
[169.594s][debug][gc,phases      ] GC(134)   ObjectSynchronizer Weak        Min:  0.0, Avg:  0.0, Max:  0.0, Diff:  0.0, Sum:  0.0, Workers: 4
[169.594s][debug][gc,phases      ] GC(134)     Dead                           Min: 0, Avg:  0.0, Max: 0, Diff: 0, Sum: 0, Workers: 4
[169.594s][debug][gc,phases      ] GC(134)     Total                          Min: 0, Avg: 102.8, Max: 347, Diff: 347, Sum: 411, Workers: 4
[169.594s][debug][gc,phases      ] GC(134)   JVMTI Tag Weak OopStorage      Min:  0.0, Avg:  0.0, Max:  0.0, Diff:  0.0, Sum:  0.0, Workers: 4
[169.594s][debug][gc,phases      ] GC(134)     Dead                           Min: 0, Avg:  0.0, Max: 0, Diff: 0, Sum: 0, Workers: 4
[169.594s][debug][gc,phases      ] GC(134)     Total                          Min: 0, Avg:  0.0, Max: 0, Diff: 0, Sum: 0, Workers: 4
[169.594s][debug][gc,phases      ] GC(134)   StringTable Weak               Min:  0.1, Avg:  0.1, Max:  0.1, Diff:  0.0, Sum:  0.5, Workers: 4
[169.594s][debug][gc,phases      ] GC(134)     Dead                           Min: 0, Avg:  0.0, Max: 0, Diff: 0, Sum: 0, Workers: 4
[169.594s][debug][gc,phases      ] GC(134)     Total                          Min: 11392, Avg: 11854.5, Max: 12480, Diff: 1088, Sum: 47418, Workers: 4
[169.594s][debug][gc,phases      ] GC(134)   ResolvedMethodTable Weak       Min:  0.0, Avg:  0.0, Max:  0.0, Diff:  0.0, Sum:  0.1, Workers: 4
[169.594s][debug][gc,phases      ] GC(134)     Dead                           Min: 0, Avg:  0.0, Max: 0, Diff: 0, Sum: 0, Workers: 4
[169.594s][debug][gc,phases      ] GC(134)     Total                          Min: 1897, Avg: 2024.8, Max: 2125, Diff: 228, Sum: 8099, Workers: 4
[169.594s][debug][gc,phases      ] GC(134)   JNI Weak                       Min:  0.0, Avg:  0.0, Max:  0.0, Diff:  0.0, Sum:  0.0, Workers: 4
[169.594s][debug][gc,phases      ] GC(134)     Dead                           Min: 0, Avg:  0.0, Max: 0, Diff: 0, Sum: 0, Workers: 4
[169.594s][debug][gc,phases      ] GC(134)     Total                          Min: 0, Avg:  0.0, Max: 0, Diff: 0, Sum: 0, Workers: 4
[169.594s][debug][gc,phases      ] GC(134)   StringDedup Table Weak         Min:  0.0, Avg:  0.0, Max:  0.0, Diff:  0.0, Sum:  0.0, Workers: 4
[169.594s][debug][gc,phases      ] GC(134)     Dead                           Min: 0, Avg:  0.0, Max: 0, Diff: 0, Sum: 0, Workers: 4
[169.594s][debug][gc,phases      ] GC(134)     Total                          Min: 0, Avg:  0.0, Max: 0, Diff: 0, Sum: 0, Workers: 4
[169.594s][debug][gc,phases      ] GC(134)   StringDedup Requests0 Weak     Min:  0.0, Avg:  0.0, Max:  0.0, Diff:  0.0, Sum:  0.0, Workers: 4
[169.594s][debug][gc,phases      ] GC(134)     Dead                           Min: 0, Avg:  0.0, Max: 0, Diff: 0, Sum: 0, Workers: 4
[169.594s][debug][gc,phases      ] GC(134)     Total                          Min: 0, Avg:  0.0, Max: 0, Diff: 0, Sum: 0, Workers: 4
[169.594s][debug][gc,phases      ] GC(134)   StringDedup Requests1 Weak     Min:  0.0, Avg:  0.0, Max:  0.0, Diff:  0.0, Sum:  0.0, Workers: 4
[169.594s][debug][gc,phases      ] GC(134)     Dead                           Min: 0, Avg:  0.0, Max: 0, Diff: 0, Sum: 0, Workers: 4
[169.594s][debug][gc,phases      ] GC(134)     Total                          Min: 0, Avg:  0.0, Max: 0, Diff: 0, Sum: 0, Workers: 4
[169.594s][debug][gc,phases      ] GC(134)   Weak JFR Old Object Samples    Min:  0.0, Avg:  0.0, Max:  0.0, Diff:  0.0, Sum:  0.0, Workers: 4
[169.594s][debug][gc,phases      ] GC(134)     Dead                           Min: 0, Avg:  0.0, Max: 0, Diff: 0, Sum: 0, Workers: 4
[169.594s][debug][gc,phases      ] GC(134)     Total                          Min: 0, Avg:  0.0, Max: 0, Diff: 0, Sum: 0, Workers: 4
[169.594s][debug][gc,phases      ] GC(134) Weak Processing 0.357ms
[169.594s][debug][gc,age         ] GC(134) Desired survivor size 536870912 bytes, new threshold 11 (max threshold 15)
[169.594s][info ][gc,heap        ] GC(134) PSYoungGen: 1411861K(1572864K)->356100K(1572864K) Eden: 1048576K(1048576K)->0K(1048576K) From: 363285K(524288K)->356100K(524288K)
[169.594s][info ][gc,heap        ] GC(134) ParOldGen: 495466K(579072K)->501050K(579072K)
[169.594s][info ][gc,metaspace   ] GC(134) Metaspace: 81662K(82496K)->81662K(82496K) NonClass: 70189K(70656K)->70189K(70656K) Class: 11472K(11840K)->11472K(11840K)
[169.594s][info ][gc             ] GC(134) Pause Young (GCLocker Initiated GC) 1862M->837M(2101M) 87.040ms
[169.594s][info ][gc,cpu         ] GC(134) User=0.34s Sys=0.00s Real=0.09s
[169.594s][info ][safepoint      ] Safepoint "ParallelGCSystemGC", Time since last: 70601 ns, Reaching safepoint: 15601 ns, At safepoint: 87140620 ns, Total: 87156221 ns
[170.594s][info ][safepoint      ] Safepoint "Cleanup", Time since last: 1000066841 ns, Reaching safepoint: 79702 ns, At safepoint: 5800 ns, Total: 85502 ns
[171.594s][info ][safepoint      ] Safepoint "Cleanup", Time since last: 1000111942 ns, Reaching safepoint: 55801 ns, At safepoint: 3500 ns, Total: 59301 ns
[172.595s][info ][safepoint      ] Safepoint "Cleanup", Time since last: 1000103242 ns, Reaching safepoint: 52301 ns, At safepoint: 2700 ns, Total: 55001 ns
[173.595s][info ][safepoint      ] Safepoint "Cleanup", Time since last: 1000106041 ns, Reaching safepoint: 49601 ns, At safepoint: 2900 ns, Total: 52501 ns
[174.595s][info ][safepoint      ] Safepoint "Cleanup", Time since last: 1000109440 ns, Reaching safepoint: 55602 ns, At safepoint: 6600 ns, Total: 62202 ns
[175.595s][info ][safepoint      ] Safepoint "Cleanup", Time since last: 1000104740 ns, Reaching safepoint: 47701 ns, At safepoint: 3000 ns, Total: 50701 ns
[176.595s][info ][safepoint      ] Safepoint "Cleanup", Time since last: 1000108640 ns, Reaching safepoint: 53401 ns, At safepoint: 6000 ns, Total: 59401 ns
[178.596s][info ][safepoint      ] Safepoint "Cleanup", Time since last: 2000173278 ns, Reaching safepoint: 54901 ns, At safepoint: 10600 ns, Total: 65501 ns
[179.596s][info ][safepoint      ] Safepoint "Cleanup", Time since last: 1000108239 ns, Reaching safepoint: 51901 ns, At safepoint: 3300 ns, Total: 55201 ns
[180.596s][info ][safepoint      ] Safepoint "Cleanup", Time since last: 1000124338 ns, Reaching safepoint: 51802 ns, At safepoint: 6000 ns, Total: 57802 ns
[181.596s][info ][safepoint      ] Safepoint "Cleanup", Time since last: 1000105038 ns, Reaching safepoint: 56101 ns, At safepoint: 5600 ns, Total: 61701 ns
[182.596s][info ][safepoint      ] Safepoint "Cleanup", Time since last: 1000084537 ns, Reaching safepoint: 63301 ns, At safepoint: 11700 ns, Total: 75001 ns
[183.314s][info ][safepoint      ] Safepoint "ParallelGCFailedAllocation", Time since last: 717431859 ns, Reaching safepoint: 32001 ns, At safepoint: 9500 ns, Total: 41501 ns
[183.314s][info ][gc,start       ] GC(135) Pause Young (GCLocker Initiated GC)
[183.386s][debug][gc,phases      ] GC(135) Scavenge 71.975ms
[183.386s][debug][gc,ref         ] GC(135) Skipped phase 1 of Reference Processing: no references
[183.386s][debug][gc,ref         ] GC(135) ReferenceProcessor::execute queues: 1, RefProcThreadModel::Single, marks_oops_alive: false
[183.386s][debug][gc,ref         ] GC(135) Skipped phase 3 of Reference Processing: no references
[183.386s][debug][gc,ref         ] GC(135) ReferenceProcessor::execute queues: 1, RefProcThreadModel::Single, marks_oops_alive: false
[183.386s][debug][gc,phases      ] GC(135) Reference Processing 0.150ms
[183.386s][debug][gc,phases      ] GC(135)   VM Weak                        Min:  0.0, Avg:  0.0, Max:  0.0, Diff:  0.0, Sum:  0.0, Workers: 4
[183.386s][debug][gc,phases      ] GC(135)     Dead                           Min: 0, Avg:  0.0, Max: 0, Diff: 0, Sum: 0, Workers: 4
[183.386s][debug][gc,phases      ] GC(135)     Total                          Min: 0, Avg: 164.2, Max: 512, Diff: 512, Sum: 657, Workers: 4
[183.386s][debug][gc,phases      ] GC(135)   ObjectSynchronizer Weak        Min:  0.0, Avg:  0.0, Max:  0.0, Diff:  0.0, Sum:  0.0, Workers: 4
[183.386s][debug][gc,phases      ] GC(135)     Dead                           Min: 0, Avg:  0.0, Max: 0, Diff: 0, Sum: 0, Workers: 4
[183.386s][debug][gc,phases      ] GC(135)     Total                          Min: 0, Avg: 102.8, Max: 155, Diff: 155, Sum: 411, Workers: 4
[183.386s][debug][gc,phases      ] GC(135)   JVMTI Tag Weak OopStorage      Min:  0.0, Avg:  0.0, Max:  0.0, Diff:  0.0, Sum:  0.0, Workers: 4
[183.386s][debug][gc,phases      ] GC(135)     Dead                           Min: 0, Avg:  0.0, Max: 0, Diff: 0, Sum: 0, Workers: 4
[183.386s][debug][gc,phases      ] GC(135)     Total                          Min: 0, Avg:  0.0, Max: 0, Diff: 0, Sum: 0, Workers: 4
[183.386s][debug][gc,phases      ] GC(135)   StringTable Weak               Min:  0.1, Avg:  0.1, Max:  0.1, Diff:  0.0, Sum:  0.6, Workers: 4
[183.386s][debug][gc,phases      ] GC(135)     Dead                           Min: 0, Avg:  0.0, Max: 0, Diff: 0, Sum: 0, Workers: 4
[183.386s][debug][gc,phases      ] GC(135)     Total                          Min: 10865, Avg: 11868.2, Max: 12800, Diff: 1935, Sum: 47473, Workers: 4
[183.386s][debug][gc,phases      ] GC(135)   ResolvedMethodTable Weak       Min:  0.0, Avg:  0.0, Max:  0.0, Diff:  0.0, Sum:  0.1, Workers: 4
[183.386s][debug][gc,phases      ] GC(135)     Dead                           Min: 0, Avg:  1.5, Max: 6, Diff: 6, Sum: 6, Workers: 4
[183.386s][debug][gc,phases      ] GC(135)     Total                          Min: 1875, Avg: 2029.8, Max: 2196, Diff: 321, Sum: 8119, Workers: 4
[183.386s][debug][gc,phases      ] GC(135)   JNI Weak                       Min:  0.0, Avg:  0.0, Max:  0.0, Diff:  0.0, Sum:  0.0, Workers: 4
[183.386s][debug][gc,phases      ] GC(135)     Dead                           Min: 0, Avg:  0.0, Max: 0, Diff: 0, Sum: 0, Workers: 4
[183.386s][debug][gc,phases      ] GC(135)     Total                          Min: 0, Avg:  0.0, Max: 0, Diff: 0, Sum: 0, Workers: 4
[183.386s][debug][gc,phases      ] GC(135)   StringDedup Table Weak         Min:  0.0, Avg:  0.0, Max:  0.0, Diff:  0.0, Sum:  0.0, Workers: 4
[183.386s][debug][gc,phases      ] GC(135)     Dead                           Min: 0, Avg:  0.0, Max: 0, Diff: 0, Sum: 0, Workers: 4
[183.386s][debug][gc,phases      ] GC(135)     Total                          Min: 0, Avg:  0.0, Max: 0, Diff: 0, Sum: 0, Workers: 4
[183.386s][debug][gc,phases      ] GC(135)   StringDedup Requests0 Weak     Min:  0.0, Avg:  0.0, Max:  0.0, Diff:  0.0, Sum:  0.0, Workers: 4
[183.386s][debug][gc,phases      ] GC(135)     Dead                           Min: 0, Avg:  0.0, Max: 0, Diff: 0, Sum: 0, Workers: 4
[183.386s][debug][gc,phases      ] GC(135)     Total                          Min: 0, Avg:  0.0, Max: 0, Diff: 0, Sum: 0, Workers: 4
[183.386s][debug][gc,phases      ] GC(135)   StringDedup Requests1 Weak     Min:  0.0, Avg:  0.0, Max:  0.0, Diff:  0.0, Sum:  0.0, Workers: 4
[183.386s][debug][gc,phases      ] GC(135)     Dead                           Min: 0, Avg:  0.0, Max: 0, Diff: 0, Sum: 0, Workers: 4
[183.386s][debug][gc,phases      ] GC(135)     Total                          Min: 0, Avg:  0.0, Max: 0, Diff: 0, Sum: 0, Workers: 4
[183.386s][debug][gc,phases      ] GC(135)   Weak JFR Old Object Samples    Min:  0.0, Avg:  0.0, Max:  0.0, Diff:  0.0, Sum:  0.0, Workers: 4
[183.386s][debug][gc,phases      ] GC(135)     Dead                           Min: 0, Avg:  0.0, Max: 0, Diff: 0, Sum: 0, Workers: 4
[183.386s][debug][gc,phases      ] GC(135)     Total                          Min: 0, Avg:  0.0, Max: 0, Diff: 0, Sum: 0, Workers: 4
[183.386s][debug][gc,phases      ] GC(135) Weak Processing 0.372ms
[183.386s][debug][gc,age         ] GC(135) Desired survivor size 536870912 bytes, new threshold 10 (max threshold 15)
[183.386s][info ][gc,heap        ] GC(135) PSYoungGen: 1404676K(1572864K)->312494K(1572864K) Eden: 1048576K(1048576K)->0K(1048576K) From: 356100K(524288K)->312494K(524288K)
[183.386s][info ][gc,heap        ] GC(135) ParOldGen: 501568K(579072K)->547076K(579072K)
[183.386s][info ][gc,metaspace   ] GC(135) Metaspace: 81749K(82560K)->81749K(82560K) NonClass: 70273K(70720K)->70273K(70720K) Class: 11476K(11840K)->11476K(11840K)
[183.386s][info ][gc             ] GC(135) Pause Young (GCLocker Initiated GC) 1861M->839M(2101M) 72.610ms
[183.386s][info ][gc,cpu         ] GC(135) User=0.28s Sys=0.00s Real=0.07s
[183.386s][debug][gc,phases      ] GC(136) Pre Compact 0.011ms
[183.386s][info ][gc,start       ] GC(136) Pause Full (Ergonomics)
[183.386s][info ][gc,phases,start] GC(136) Marking Phase
[183.521s][debug][gc,phases      ] GC(136) Par Mark 134.684ms
[183.521s][debug][gc,ref         ] GC(136) Skipped phase 1 of Reference Processing: no references
[183.522s][debug][gc,ref         ] GC(136) ReferenceProcessor::execute queues: 4, RefProcThreadModel::Multi, marks_oops_alive: false
[183.522s][debug][gc,ref         ] GC(136) Skipped phase 3 of Reference Processing: no references
[183.522s][debug][gc,ref         ] GC(136) ReferenceProcessor::execute queues: 1, RefProcThreadModel::Single, marks_oops_alive: false
[183.522s][debug][gc,phases      ] GC(136) Reference Processing 0.564ms
[183.522s][debug][gc,phases      ] GC(136)   VM Weak                        Min:  0.0, Avg:  0.0, Max:  0.0, Diff:  0.0, Sum:  0.0, Workers: 4
[183.522s][debug][gc,phases      ] GC(136)     Dead                           Min: 0, Avg:  1.0, Max: 4, Diff: 4, Sum: 4, Workers: 4
[183.522s][debug][gc,phases      ] GC(136)     Total                          Min: 0, Avg: 164.2, Max: 337, Diff: 337, Sum: 657, Workers: 4
[183.522s][debug][gc,phases      ] GC(136)   ObjectSynchronizer Weak        Min:  0.0, Avg:  0.0, Max:  0.0, Diff:  0.0, Sum:  0.0, Workers: 4
[183.522s][debug][gc,phases      ] GC(136)     Dead                           Min: 0, Avg:  0.5, Max: 1, Diff: 1, Sum: 2, Workers: 4
[183.522s][debug][gc,phases      ] GC(136)     Total                          Min: 0, Avg: 102.8, Max: 155, Diff: 155, Sum: 411, Workers: 4
[183.522s][debug][gc,phases      ] GC(136)   JVMTI Tag Weak OopStorage      Min:  0.0, Avg:  0.0, Max:  0.0, Diff:  0.0, Sum:  0.0, Workers: 4
[183.522s][debug][gc,phases      ] GC(136)     Dead                           Min: 0, Avg:  0.0, Max: 0, Diff: 0, Sum: 0, Workers: 4
[183.522s][debug][gc,phases      ] GC(136)     Total                          Min: 0, Avg:  0.0, Max: 0, Diff: 0, Sum: 0, Workers: 4
[183.522s][debug][gc,phases      ] GC(136)   StringTable Weak               Min:  0.2, Avg:  0.2, Max:  0.2, Diff:  0.0, Sum:  0.7, Workers: 4
[183.522s][debug][gc,phases      ] GC(136)     Dead                           Min: 0, Avg:  0.0, Max: 0, Diff: 0, Sum: 0, Workers: 4
[183.522s][debug][gc,phases      ] GC(136)     Total                          Min: 10432, Avg: 11868.2, Max: 12480, Diff: 2048, Sum: 47473, Workers: 4
[183.522s][debug][gc,phases      ] GC(136)   ResolvedMethodTable Weak       Min:  0.0, Avg:  0.0, Max:  0.0, Diff:  0.0, Sum:  0.2, Workers: 4
[183.522s][debug][gc,phases      ] GC(136)     Dead                           Min: 0, Avg:  0.0, Max: 0, Diff: 0, Sum: 0, Workers: 4
[183.522s][debug][gc,phases      ] GC(136)     Total                          Min: 1825, Avg: 2029.8, Max: 2196, Diff: 371, Sum: 8119, Workers: 4
[183.522s][debug][gc,phases      ] GC(136)   JNI Weak                       Min:  0.0, Avg:  0.0, Max:  0.0, Diff:  0.0, Sum:  0.0, Workers: 4
[183.522s][debug][gc,phases      ] GC(136)     Dead                           Min: 0, Avg:  0.0, Max: 0, Diff: 0, Sum: 0, Workers: 4
[183.522s][debug][gc,phases      ] GC(136)     Total                          Min: 0, Avg:  0.0, Max: 0, Diff: 0, Sum: 0, Workers: 4
[183.522s][debug][gc,phases      ] GC(136)   StringDedup Table Weak         Min:  0.0, Avg:  0.0, Max:  0.0, Diff:  0.0, Sum:  0.0, Workers: 4
[183.522s][debug][gc,phases      ] GC(136)     Dead                           Min: 0, Avg:  0.0, Max: 0, Diff: 0, Sum: 0, Workers: 4
[183.522s][debug][gc,phases      ] GC(136)     Total                          Min: 0, Avg:  0.0, Max: 0, Diff: 0, Sum: 0, Workers: 4
[183.522s][debug][gc,phases      ] GC(136)   StringDedup Requests0 Weak     Min:  0.0, Avg:  0.0, Max:  0.0, Diff:  0.0, Sum:  0.0, Workers: 4
[183.522s][debug][gc,phases      ] GC(136)     Dead                           Min: 0, Avg:  0.0, Max: 0, Diff: 0, Sum: 0, Workers: 4
[183.522s][debug][gc,phases      ] GC(136)     Total                          Min: 0, Avg:  0.0, Max: 0, Diff: 0, Sum: 0, Workers: 4
[183.522s][debug][gc,phases      ] GC(136)   StringDedup Requests1 Weak     Min:  0.0, Avg:  0.0, Max:  0.0, Diff:  0.0, Sum:  0.0, Workers: 4
[183.522s][debug][gc,phases      ] GC(136)     Dead                           Min: 0, Avg:  0.0, Max: 0, Diff: 0, Sum: 0, Workers: 4
[183.522s][debug][gc,phases      ] GC(136)     Total                          Min: 0, Avg:  0.0, Max: 0, Diff: 0, Sum: 0, Workers: 4
[183.522s][debug][gc,phases      ] GC(136)   Weak JFR Old Object Samples    Min:  0.0, Avg:  0.0, Max:  0.0, Diff:  0.0, Sum:  0.0, Workers: 4
[183.522s][debug][gc,phases      ] GC(136)     Dead                           Min: 0, Avg:  0.0, Max: 0, Diff: 0, Sum: 0, Workers: 4
[183.522s][debug][gc,phases      ] GC(136)     Total                          Min: 0, Avg:  0.0, Max: 0, Diff: 0, Sum: 0, Workers: 4
[183.522s][debug][gc,phases      ] GC(136) Weak Processing 0.467ms
[183.523s][debug][gc,phases      ] GC(136) ClassLoaderData 0.210ms
[183.523s][debug][gc,phases      ] GC(136) Trigger cleanups 0.009ms
[183.551s][debug][gc,phases      ] GC(136) Class Unloading 28.691ms
[183.551s][info ][gc,phases      ] GC(136) Marking Phase 164.610ms
[183.551s][info ][gc,phases,start] GC(136) Summary Phase
[183.551s][info ][gc,phases      ] GC(136) Summary Phase 0.026ms
[183.551s][info ][gc,phases,start] GC(136) Adjust Roots
[183.565s][info ][gc,phases      ] GC(136) Adjust Roots 13.581ms
[183.565s][info ][gc,phases,start] GC(136) Compaction Phase
[183.722s][info ][gc,phases      ] GC(136) Compaction Phase 157.459ms
[183.722s][info ][gc,phases,start] GC(136) Post Compact
[183.726s][info ][gc,phases      ] GC(136) Post Compact 3.610ms
[183.726s][info ][gc,heap        ] GC(136) PSYoungGen: 312494K(1572864K)->0K(1572864K) Eden: 0K(1048576K)->0K(1048576K) From: 312494K(524288K)->0K(524288K)
[183.726s][info ][gc,heap        ] GC(136) ParOldGen: 547076K(579072K)->494042K(631296K)
[183.726s][info ][gc,metaspace   ] GC(136) Metaspace: 81749K(82560K)->81741K(82560K) NonClass: 70273K(70720K)->70267K(70720K) Class: 11476K(11840K)->11474K(11840K)
[183.726s][info ][gc             ] GC(136) Pause Full (Ergonomics) 839M->482M(2152M) 339.631ms
[183.726s][info ][gc,cpu         ] GC(136) User=1.21s Sys=0.01s Real=0.34s
[183.726s][info ][safepoint      ] Safepoint "ParallelGCSystemGC", Time since last: 102202 ns, Reaching safepoint: 20600 ns, At safepoint: 412436840 ns, Total: 412457440 ns
[183.732s][info ][safepoint      ] Safepoint "ICBufferFull", Time since last: 4547789 ns, Reaching safepoint: 1229525 ns, At safepoint: 8400 ns, Total: 1237925 ns
[184.732s][info ][safepoint      ] Safepoint "Cleanup", Time since last: 1000128437 ns, Reaching safepoint: 216304 ns, At safepoint: 9000 ns, Total: 225304 ns
[185.733s][info ][safepoint      ] Safepoint "Cleanup", Time since last: 1000106937 ns, Reaching safepoint: 54601 ns, At safepoint: 3600 ns, Total: 58201 ns
[186.733s][info ][safepoint      ] Safepoint "Cleanup", Time since last: 1000055035 ns, Reaching safepoint: 115402 ns, At safepoint: 6200 ns, Total: 121602 ns
[187.733s][info ][safepoint      ] Safepoint "Cleanup", Time since last: 1000095435 ns, Reaching safepoint: 184804 ns, At safepoint: 13400 ns, Total: 198204 ns
[188.733s][info ][safepoint      ] Safepoint "Cleanup", Time since last: 1000073235 ns, Reaching safepoint: 52201 ns, At safepoint: 4900 ns, Total: 57101 ns
[189.733s][info ][safepoint      ] Safepoint "Cleanup", Time since last: 1000100135 ns, Reaching safepoint: 53401 ns, At safepoint: 8700 ns, Total: 62101 ns
[190.733s][info ][safepoint      ] Safepoint "Cleanup", Time since last: 1000074134 ns, Reaching safepoint: 62501 ns, At safepoint: 5800 ns, Total: 68301 ns
[191.734s][info ][safepoint      ] Safepoint "Cleanup", Time since last: 1000107034 ns, Reaching safepoint: 54601 ns, At safepoint: 2900 ns, Total: 57501 ns
[192.734s][info ][safepoint      ] Safepoint "Cleanup", Time since last: 1000108234 ns, Reaching safepoint: 60601 ns, At safepoint: 9500 ns, Total: 70101 ns
[193.734s][info ][safepoint      ] Safepoint "Cleanup", Time since last: 1000115034 ns, Reaching safepoint: 102902 ns, At safepoint: 10900 ns, Total: 113802 ns
[194.734s][info ][safepoint      ] Safepoint "Cleanup", Time since last: 1000095733 ns, Reaching safepoint: 57201 ns, At safepoint: 2800 ns, Total: 60001 ns
[194.907s][info ][gc,start       ] GC(137) Pause Young (Allocation Failure)
[194.909s][debug][gc,phases      ] GC(137) Scavenge 1.640ms
[194.909s][debug][gc,ref         ] GC(137) Skipped phase 1 of Reference Processing: no references
[194.909s][debug][gc,ref         ] GC(137) ReferenceProcessor::execute queues: 1, RefProcThreadModel::Single, marks_oops_alive: false
[194.909s][debug][gc,ref         ] GC(137) Skipped phase 3 of Reference Processing: no references
[194.909s][debug][gc,ref         ] GC(137) ReferenceProcessor::execute queues: 1, RefProcThreadModel::Single, marks_oops_alive: false
[194.909s][debug][gc,phases      ] GC(137) Reference Processing 0.105ms
[194.909s][debug][gc,phases      ] GC(137)   VM Weak                        Min:  0.0, Avg:  0.0, Max:  0.0, Diff:  0.0, Sum:  0.0, Workers: 4
[194.909s][debug][gc,phases      ] GC(137)     Dead                           Min: 0, Avg:  0.0, Max: 0, Diff: 0, Sum: 0, Workers: 4
[194.909s][debug][gc,phases      ] GC(137)     Total                          Min: 0, Avg: 163.2, Max: 653, Diff: 653, Sum: 653, Workers: 4
[194.909s][debug][gc,phases      ] GC(137)   ObjectSynchronizer Weak        Min:  0.0, Avg:  0.0, Max:  0.0, Diff:  0.0, Sum:  0.0, Workers: 4
[194.909s][debug][gc,phases      ] GC(137)     Dead                           Min: 0, Avg:  0.0, Max: 0, Diff: 0, Sum: 0, Workers: 4
[194.909s][debug][gc,phases      ] GC(137)     Total                          Min: 0, Avg: 102.8, Max: 384, Diff: 384, Sum: 411, Workers: 4
[194.909s][debug][gc,phases      ] GC(137)   JVMTI Tag Weak OopStorage      Min:  0.0, Avg:  0.0, Max:  0.0, Diff:  0.0, Sum:  0.0, Workers: 4
[194.909s][debug][gc,phases      ] GC(137)     Dead                           Min: 0, Avg:  0.0, Max: 0, Diff: 0, Sum: 0, Workers: 4
[194.909s][debug][gc,phases      ] GC(137)     Total                          Min: 0, Avg:  0.0, Max: 0, Diff: 0, Sum: 0, Workers: 4
[194.909s][debug][gc,phases      ] GC(137)   StringTable Weak               Min:  0.1, Avg:  0.1, Max:  0.1, Diff:  0.0, Sum:  0.4, Workers: 4
[194.909s][debug][gc,phases      ] GC(137)     Dead                           Min: 0, Avg:  0.2, Max: 1, Diff: 1, Sum: 1, Workers: 4
[194.909s][debug][gc,phases      ] GC(137)     Total                          Min: 11584, Avg: 11870.8, Max: 12160, Diff: 576, Sum: 47483, Workers: 4
[194.909s][debug][gc,phases      ] GC(137)   ResolvedMethodTable Weak       Min:  0.0, Avg:  0.0, Max:  0.0, Diff:  0.0, Sum:  0.1, Workers: 4
[194.909s][debug][gc,phases      ] GC(137)     Dead                           Min: 0, Avg:  0.0, Max: 0, Diff: 0, Sum: 0, Workers: 4
[194.909s][debug][gc,phases      ] GC(137)     Total                          Min: 1953, Avg: 2031.0, Max: 2124, Diff: 171, Sum: 8124, Workers: 4
[194.909s][debug][gc,phases      ] GC(137)   JNI Weak                       Min:  0.0, Avg:  0.0, Max:  0.0, Diff:  0.0, Sum:  0.0, Workers: 4
[194.909s][debug][gc,phases      ] GC(137)     Dead                           Min: 0, Avg:  0.0, Max: 0, Diff: 0, Sum: 0, Workers: 4
[194.909s][debug][gc,phases      ] GC(137)     Total                          Min: 0, Avg:  0.0, Max: 0, Diff: 0, Sum: 0, Workers: 4
[194.909s][debug][gc,phases      ] GC(137)   StringDedup Table Weak         Min:  0.0, Avg:  0.0, Max:  0.0, Diff:  0.0, Sum:  0.0, Workers: 4
[194.909s][debug][gc,phases      ] GC(137)     Dead                           Min: 0, Avg:  0.0, Max: 0, Diff: 0, Sum: 0, Workers: 4
[194.909s][debug][gc,phases      ] GC(137)     Total                          Min: 0, Avg:  0.0, Max: 0, Diff: 0, Sum: 0, Workers: 4
[194.909s][debug][gc,phases      ] GC(137)   StringDedup Requests0 Weak     Min:  0.0, Avg:  0.0, Max:  0.0, Diff:  0.0, Sum:  0.0, Workers: 4
[194.909s][debug][gc,phases      ] GC(137)     Dead                           Min: 0, Avg:  0.0, Max: 0, Diff: 0, Sum: 0, Workers: 4
[194.909s][debug][gc,phases      ] GC(137)     Total                          Min: 0, Avg:  0.0, Max: 0, Diff: 0, Sum: 0, Workers: 4
[194.909s][debug][gc,phases      ] GC(137)   StringDedup Requests1 Weak     Min:  0.0, Avg:  0.0, Max:  0.0, Diff:  0.0, Sum:  0.0, Workers: 4
[194.909s][debug][gc,phases      ] GC(137)     Dead                           Min: 0, Avg:  0.0, Max: 0, Diff: 0, Sum: 0, Workers: 4
[194.909s][debug][gc,phases      ] GC(137)     Total                          Min: 0, Avg:  0.0, Max: 0, Diff: 0, Sum: 0, Workers: 4
[194.909s][debug][gc,phases      ] GC(137)   Weak JFR Old Object Samples    Min:  0.0, Avg:  0.0, Max:  0.0, Diff:  0.0, Sum:  0.0, Workers: 4
[194.909s][debug][gc,phases      ] GC(137)     Dead                           Min: 0, Avg:  0.0, Max: 0, Diff: 0, Sum: 0, Workers: 4
[194.909s][debug][gc,phases      ] GC(137)     Total                          Min: 0, Avg:  0.0, Max: 0, Diff: 0, Sum: 0, Workers: 4
[194.909s][debug][gc,phases      ] GC(137) Weak Processing 0.311ms
[194.909s][debug][gc,age         ] GC(137) Desired survivor size 536870912 bytes, new threshold 9 (max threshold 15)
[194.909s][info ][gc,heap        ] GC(137) PSYoungGen: 1048576K(1572864K)->1744K(1572864K) Eden: 1048576K(1048576K)->0K(1048576K) From: 0K(524288K)->1744K(524288K)
[194.909s][info ][gc,heap        ] GC(137) ParOldGen: 494060K(631296K)->494068K(631296K)
[194.909s][info ][gc,metaspace   ] GC(137) Metaspace: 81779K(82560K)->81779K(82560K) NonClass: 70302K(70720K)->70302K(70720K) Class: 11477K(11840K)->11477K(11840K)
[194.909s][info ][gc             ] GC(137) Pause Young (Allocation Failure) 1506M->484M(2152M) 2.162ms
[194.909s][info ][gc,cpu         ] GC(137) User=0.01s Sys=0.00s Real=0.00s
[194.909s][info ][safepoint      ] Safepoint "ParallelGCFailedAllocation", Time since last: 172558004 ns, Reaching safepoint: 105602 ns, At safepoint: 2240045 ns, Total: 2345647 ns
[195.909s][info ][safepoint      ] Safepoint "Cleanup", Time since last: 1000087732 ns, Reaching safepoint: 59901 ns, At safepoint: 10800 ns, Total: 70701 ns
[196.910s][info ][safepoint      ] Safepoint "Cleanup", Time since last: 1000121232 ns, Reaching safepoint: 177704 ns, At safepoint: 10100 ns, Total: 187804 ns
[198.765s][info ][safepoint      ] Safepoint "Cleanup", Time since last: 1854908796 ns, Reaching safepoint: 117203 ns, At safepoint: 7800 ns, Total: 125003 ns
[199.765s][info ][safepoint      ] Safepoint "Cleanup", Time since last: 1000093631 ns, Reaching safepoint: 131902 ns, At safepoint: 10100 ns, Total: 142002 ns
[201.007s][info ][safepoint      ] Safepoint "Cleanup", Time since last: 1242178907 ns, Reaching safepoint: 133802 ns, At safepoint: 9101 ns, Total: 142903 ns
[202.007s][info ][safepoint      ] Safepoint "Cleanup", Time since last: 1000110230 ns, Reaching safepoint: 127302 ns, At safepoint: 12501 ns, Total: 139803 ns
[203.008s][info ][safepoint      ] Safepoint "Cleanup", Time since last: 1000101729 ns, Reaching safepoint: 125203 ns, At safepoint: 10400 ns, Total: 135603 ns
[204.008s][info ][safepoint      ] Safepoint "Cleanup", Time since last: 1000109429 ns, Reaching safepoint: 128703 ns, At safepoint: 15400 ns, Total: 144103 ns
[206.008s][info ][safepoint      ] Safepoint "Cleanup", Time since last: 2000180157 ns, Reaching safepoint: 114303 ns, At safepoint: 9200 ns, Total: 123503 ns
[206.012s][info ][safepoint      ] Safepoint "ParallelGCFailedAllocation", Time since last: 3944978 ns, Reaching safepoint: 34300 ns, At safepoint: 9700 ns, Total: 44000 ns
[206.012s][info ][gc,start       ] GC(138) Pause Young (GCLocker Initiated GC)
[206.014s][debug][gc,phases      ] GC(138) Scavenge 1.621ms
[206.014s][debug][gc,ref         ] GC(138) Skipped phase 1 of Reference Processing: no references
[206.014s][debug][gc,ref         ] GC(138) Skipped phase 2 of Reference Processing: no references
[206.014s][debug][gc,ref         ] GC(138) Skipped phase 3 of Reference Processing: no references
[206.014s][debug][gc,ref         ] GC(138) ReferenceProcessor::execute queues: 1, RefProcThreadModel::Single, marks_oops_alive: false
[206.014s][debug][gc,phases      ] GC(138) Reference Processing 0.102ms
[206.014s][debug][gc,phases      ] GC(138)   VM Weak                        Min:  0.0, Avg:  0.0, Max:  0.0, Diff:  0.0, Sum:  0.0, Workers: 4
[206.014s][debug][gc,phases      ] GC(138)     Dead                           Min: 0, Avg:  0.0, Max: 0, Diff: 0, Sum: 0, Workers: 4
[206.014s][debug][gc,phases      ] GC(138)     Total                          Min: 0, Avg: 163.2, Max: 653, Diff: 653, Sum: 653, Workers: 4
[206.014s][debug][gc,phases      ] GC(138)   ObjectSynchronizer Weak        Min:  0.0, Avg:  0.0, Max:  0.0, Diff:  0.0, Sum:  0.0, Workers: 4
[206.014s][debug][gc,phases      ] GC(138)     Dead                           Min: 0, Avg:  0.0, Max: 0, Diff: 0, Sum: 0, Workers: 4
[206.014s][debug][gc,phases      ] GC(138)     Total                          Min: 0, Avg: 102.8, Max: 411, Diff: 411, Sum: 411, Workers: 4
[206.014s][debug][gc,phases      ] GC(138)   JVMTI Tag Weak OopStorage      Min:  0.0, Avg:  0.0, Max:  0.0, Diff:  0.0, Sum:  0.0, Workers: 4
[206.014s][debug][gc,phases      ] GC(138)     Dead                           Min: 0, Avg:  0.0, Max: 0, Diff: 0, Sum: 0, Workers: 4
[206.014s][debug][gc,phases      ] GC(138)     Total                          Min: 0, Avg:  0.0, Max: 0, Diff: 0, Sum: 0, Workers: 4
[206.014s][debug][gc,phases      ] GC(138)   StringTable Weak               Min:  0.1, Avg:  0.1, Max:  0.1, Diff:  0.0, Sum:  0.4, Workers: 4
[206.014s][debug][gc,phases      ] GC(138)     Dead                           Min: 0, Avg:  0.0, Max: 0, Diff: 0, Sum: 0, Workers: 4
[206.014s][debug][gc,phases      ] GC(138)     Total                          Min: 10368, Avg: 11874.8, Max: 13440, Diff: 3072, Sum: 47499, Workers: 4
[206.014s][debug][gc,phases      ] GC(138)   ResolvedMethodTable Weak       Min:  0.0, Avg:  0.0, Max:  0.0, Diff:  0.0, Sum:  0.1, Workers: 4
[206.014s][debug][gc,phases      ] GC(138)     Dead                           Min: 0, Avg:  0.0, Max: 0, Diff: 0, Sum: 0, Workers: 4
[206.014s][debug][gc,phases      ] GC(138)     Total                          Min: 1972, Avg: 2031.0, Max: 2083, Diff: 111, Sum: 8124, Workers: 4
[206.014s][debug][gc,phases      ] GC(138)   JNI Weak                       Min:  0.0, Avg:  0.0, Max:  0.0, Diff:  0.0, Sum:  0.0, Workers: 4
[206.014s][debug][gc,phases      ] GC(138)     Dead                           Min: 0, Avg:  0.0, Max: 0, Diff: 0, Sum: 0, Workers: 4
[206.014s][debug][gc,phases      ] GC(138)     Total                          Min: 0, Avg:  0.0, Max: 0, Diff: 0, Sum: 0, Workers: 4
[206.014s][debug][gc,phases      ] GC(138)   StringDedup Table Weak         Min:  0.0, Avg:  0.0, Max:  0.0, Diff:  0.0, Sum:  0.0, Workers: 4
[206.014s][debug][gc,phases      ] GC(138)     Dead                           Min: 0, Avg:  0.0, Max: 0, Diff: 0, Sum: 0, Workers: 4
[206.014s][debug][gc,phases      ] GC(138)     Total                          Min: 0, Avg:  0.0, Max: 0, Diff: 0, Sum: 0, Workers: 4
[206.014s][debug][gc,phases      ] GC(138)   StringDedup Requests0 Weak     Min:  0.0, Avg:  0.0, Max:  0.0, Diff:  0.0, Sum:  0.0, Workers: 4
[206.014s][debug][gc,phases      ] GC(138)     Dead                           Min: 0, Avg:  0.0, Max: 0, Diff: 0, Sum: 0, Workers: 4
[206.014s][debug][gc,phases      ] GC(138)     Total                          Min: 0, Avg:  0.0, Max: 0, Diff: 0, Sum: 0, Workers: 4
[206.014s][debug][gc,phases      ] GC(138)   StringDedup Requests1 Weak     Min:  0.0, Avg:  0.0, Max:  0.0, Diff:  0.0, Sum:  0.0, Workers: 4
[206.014s][debug][gc,phases      ] GC(138)     Dead                           Min: 0, Avg:  0.0, Max: 0, Diff: 0, Sum: 0, Workers: 4
[206.014s][debug][gc,phases      ] GC(138)     Total                          Min: 0, Avg:  0.0, Max: 0, Diff: 0, Sum: 0, Workers: 4
[206.014s][debug][gc,phases      ] GC(138)   Weak JFR Old Object Samples    Min:  0.0, Avg:  0.0, Max:  0.0, Diff:  0.0, Sum:  0.0, Workers: 4
[206.014s][debug][gc,phases      ] GC(138)     Dead                           Min: 0, Avg:  0.0, Max: 0, Diff: 0, Sum: 0, Workers: 4
[206.014s][debug][gc,phases      ] GC(138)     Total                          Min: 0, Avg:  0.0, Max: 0, Diff: 0, Sum: 0, Workers: 4
[206.014s][debug][gc,phases      ] GC(138) Weak Processing 0.325ms
[206.014s][debug][gc,age         ] GC(138) Desired survivor size 536870912 bytes, new threshold 8 (max threshold 15)
[206.014s][info ][gc,heap        ] GC(138) PSYoungGen: 1050320K(1572864K)->1856K(1572864K) Eden: 1048576K(1048576K)->0K(1048576K) From: 1744K(524288K)->1856K(524288K)
[206.014s][info ][gc,heap        ] GC(138) ParOldGen: 494324K(631296K)->494332K(631296K)
[206.014s][info ][gc,metaspace   ] GC(138) Metaspace: 81810K(82624K)->81810K(82624K) NonClass: 70333K(70784K)->70333K(70784K) Class: 11477K(11840K)->11477K(11840K)
[206.014s][info ][gc             ] GC(138) Pause Young (GCLocker Initiated GC) 1508M->484M(2152M) 2.130ms
[206.014s][info ][gc,cpu         ] GC(138) User=0.01s Sys=0.01s Real=0.00s
[206.014s][info ][safepoint      ] Safepoint "ParallelGCSystemGC", Time since last: 135803 ns, Reaching safepoint: 15100 ns, At safepoint: 2202444 ns, Total: 2217544 ns
[207.015s][info ][safepoint      ] Safepoint "Cleanup", Time since last: 1000079328 ns, Reaching safepoint: 48801 ns, At safepoint: 9100 ns, Total: 57901 ns
[208.015s][info ][safepoint      ] Safepoint "Cleanup", Time since last: 1000095727 ns, Reaching safepoint: 49101 ns, At safepoint: 8701 ns, Total: 57802 ns
[209.015s][info ][safepoint      ] Safepoint "Cleanup", Time since last: 1000091527 ns, Reaching safepoint: 47901 ns, At safepoint: 8200 ns, Total: 56101 ns
[211.015s][info ][safepoint      ] Safepoint "Cleanup", Time since last: 2000155253 ns, Reaching safepoint: 46501 ns, At safepoint: 6000 ns, Total: 52501 ns
[213.015s][info ][safepoint      ] Safepoint "Cleanup", Time since last: 2000126951 ns, Reaching safepoint: 53001 ns, At safepoint: 22100 ns, Total: 75101 ns
[214.015s][info ][safepoint      ] Safepoint "Cleanup", Time since last: 1000100026 ns, Reaching safepoint: 48701 ns, At safepoint: 4200 ns, Total: 52901 ns
[215.016s][info ][safepoint      ] Safepoint "Cleanup", Time since last: 1000113525 ns, Reaching safepoint: 46301 ns, At safepoint: 5000 ns, Total: 51301 ns
[216.016s][info ][safepoint      ] Safepoint "Cleanup", Time since last: 1000097925 ns, Reaching safepoint: 121103 ns, At safepoint: 9600 ns, Total: 130703 ns
[217.016s][info ][safepoint      ] Safepoint "Cleanup", Time since last: 1000091024 ns, Reaching safepoint: 33001 ns, At safepoint: 8200 ns, Total: 41201 ns
[217.156s][info ][gc,start       ] GC(139) Pause Young (Allocation Failure)
[217.158s][debug][gc,phases      ] GC(139) Scavenge 1.525ms
[217.158s][debug][gc,ref         ] GC(139) Skipped phase 1 of Reference Processing: no references
[217.158s][debug][gc,ref         ] GC(139) ReferenceProcessor::execute queues: 1, RefProcThreadModel::Single, marks_oops_alive: false
[217.158s][debug][gc,ref         ] GC(139) Skipped phase 3 of Reference Processing: no references
[217.158s][debug][gc,ref         ] GC(139) ReferenceProcessor::execute queues: 1, RefProcThreadModel::Single, marks_oops_alive: false
[217.158s][debug][gc,phases      ] GC(139) Reference Processing 0.127ms
[217.158s][debug][gc,phases      ] GC(139)   VM Weak                        Min:  0.0, Avg:  0.0, Max:  0.0, Diff:  0.0, Sum:  0.0, Workers: 4
[217.158s][debug][gc,phases      ] GC(139)     Dead                           Min: 0, Avg:  0.0, Max: 0, Diff: 0, Sum: 0, Workers: 4
[217.158s][debug][gc,phases      ] GC(139)     Total                          Min: 0, Avg: 164.2, Max: 640, Diff: 640, Sum: 657, Workers: 4
[217.158s][debug][gc,phases      ] GC(139)   ObjectSynchronizer Weak        Min:  0.0, Avg:  0.0, Max:  0.0, Diff:  0.0, Sum:  0.0, Workers: 4
[217.158s][debug][gc,phases      ] GC(139)     Dead                           Min: 0, Avg:  0.0, Max: 0, Diff: 0, Sum: 0, Workers: 4
[217.158s][debug][gc,phases      ] GC(139)     Total                          Min: 0, Avg: 102.8, Max: 219, Diff: 219, Sum: 411, Workers: 4
[217.158s][debug][gc,phases      ] GC(139)   JVMTI Tag Weak OopStorage      Min:  0.0, Avg:  0.0, Max:  0.0, Diff:  0.0, Sum:  0.0, Workers: 4
[217.158s][debug][gc,phases      ] GC(139)     Dead                           Min: 0, Avg:  0.0, Max: 0, Diff: 0, Sum: 0, Workers: 4
[217.158s][debug][gc,phases      ] GC(139)     Total                          Min: 0, Avg:  0.0, Max: 0, Diff: 0, Sum: 0, Workers: 4
[217.158s][debug][gc,phases      ] GC(139)   StringTable Weak               Min:  0.1, Avg:  0.1, Max:  0.1, Diff:  0.0, Sum:  0.4, Workers: 4
[217.158s][debug][gc,phases      ] GC(139)     Dead                           Min: 0, Avg:  0.0, Max: 0, Diff: 0, Sum: 0, Workers: 4
[217.158s][debug][gc,phases      ] GC(139)     Total                          Min: 11112, Avg: 11882.0, Max: 12544, Diff: 1432, Sum: 47528, Workers: 4
[217.158s][debug][gc,phases      ] GC(139)   ResolvedMethodTable Weak       Min:  0.0, Avg:  0.0, Max:  0.0, Diff:  0.0, Sum:  0.1, Workers: 4
[217.158s][debug][gc,phases      ] GC(139)     Dead                           Min: 0, Avg:  0.0, Max: 0, Diff: 0, Sum: 0, Workers: 4
[217.158s][debug][gc,phases      ] GC(139)     Total                          Min: 1812, Avg: 2034.8, Max: 2266, Diff: 454, Sum: 8139, Workers: 4
[217.158s][debug][gc,phases      ] GC(139)   JNI Weak                       Min:  0.0, Avg:  0.0, Max:  0.0, Diff:  0.0, Sum:  0.0, Workers: 4
[217.158s][debug][gc,phases      ] GC(139)     Dead                           Min: 0, Avg:  0.0, Max: 0, Diff: 0, Sum: 0, Workers: 4
[217.158s][debug][gc,phases      ] GC(139)     Total                          Min: 0, Avg:  0.0, Max: 0, Diff: 0, Sum: 0, Workers: 4
[217.158s][debug][gc,phases      ] GC(139)   StringDedup Table Weak         Min:  0.0, Avg:  0.0, Max:  0.0, Diff:  0.0, Sum:  0.0, Workers: 4
[217.158s][debug][gc,phases      ] GC(139)     Dead                           Min: 0, Avg:  0.0, Max: 0, Diff: 0, Sum: 0, Workers: 4
[217.158s][debug][gc,phases      ] GC(139)     Total                          Min: 0, Avg:  0.0, Max: 0, Diff: 0, Sum: 0, Workers: 4
[217.158s][debug][gc,phases      ] GC(139)   StringDedup Requests0 Weak     Min:  0.0, Avg:  0.0, Max:  0.0, Diff:  0.0, Sum:  0.0, Workers: 4
[217.158s][debug][gc,phases      ] GC(139)     Dead                           Min: 0, Avg:  0.0, Max: 0, Diff: 0, Sum: 0, Workers: 4
[217.158s][debug][gc,phases      ] GC(139)     Total                          Min: 0, Avg:  0.0, Max: 0, Diff: 0, Sum: 0, Workers: 4
[217.158s][debug][gc,phases      ] GC(139)   StringDedup Requests1 Weak     Min:  0.0, Avg:  0.0, Max:  0.0, Diff:  0.0, Sum:  0.0, Workers: 4
[217.158s][debug][gc,phases      ] GC(139)     Dead                           Min: 0, Avg:  0.0, Max: 0, Diff: 0, Sum: 0, Workers: 4
[217.158s][debug][gc,phases      ] GC(139)     Total                          Min: 0, Avg:  0.0, Max: 0, Diff: 0, Sum: 0, Workers: 4
[217.158s][debug][gc,phases      ] GC(139)   Weak JFR Old Object Samples    Min:  0.0, Avg:  0.0, Max:  0.0, Diff:  0.0, Sum:  0.0, Workers: 4
[217.158s][debug][gc,phases      ] GC(139)     Dead                           Min: 0, Avg:  0.0, Max: 0, Diff: 0, Sum: 0, Workers: 4
[217.158s][debug][gc,phases      ] GC(139)     Total                          Min: 0, Avg:  0.0, Max: 0, Diff: 0, Sum: 0, Workers: 4
[217.158s][debug][gc,phases      ] GC(139) Weak Processing 0.320ms
[217.158s][debug][gc,age         ] GC(139) Desired survivor size 536870912 bytes, new threshold 7 (max threshold 15)
[217.158s][info ][gc,heap        ] GC(139) PSYoungGen: 1050432K(1572864K)->2384K(1572864K) Eden: 1048576K(1048576K)->0K(1048576K) From: 1856K(524288K)->2384K(524288K)
[217.158s][info ][gc,heap        ] GC(139) ParOldGen: 494351K(631296K)->494351K(631296K)
[217.158s][info ][gc,metaspace   ] GC(139) Metaspace: 81850K(82688K)->81850K(82688K) NonClass: 70367K(70848K)->70367K(70848K) Class: 11483K(11840K)->11483K(11840K)
[217.158s][info ][gc             ] GC(139) Pause Young (Allocation Failure) 1508M->485M(2152M) 2.093ms
[217.158s][info ][gc,cpu         ] GC(139) User=0.00s Sys=0.00s Real=0.00s
[217.158s][info ][safepoint      ] Safepoint "ParallelGCFailedAllocation", Time since last: 139943160 ns, Reaching safepoint: 58201 ns, At safepoint: 2165343 ns, Total: 2223544 ns
[218.158s][info ][safepoint      ] Safepoint "Cleanup", Time since last: 1000083823 ns, Reaching safepoint: 123303 ns, At safepoint: 12200 ns, Total: 135503 ns
[219.159s][info ][safepoint      ] Safepoint "Cleanup", Time since last: 1000104024 ns, Reaching safepoint: 133803 ns, At safepoint: 15300 ns, Total: 149103 ns
[220.159s][info ][safepoint      ] Safepoint "Cleanup", Time since last: 1000100823 ns, Reaching safepoint: 137403 ns, At safepoint: 11300 ns, Total: 148703 ns
[221.159s][info ][safepoint      ] Safepoint "Cleanup", Time since last: 1000105423 ns, Reaching safepoint: 119803 ns, At safepoint: 14300 ns, Total: 134103 ns
[222.159s][info ][safepoint      ] Safepoint "Cleanup", Time since last: 1000096123 ns, Reaching safepoint: 131602 ns, At safepoint: 16300 ns, Total: 147902 ns
[223.160s][info ][safepoint      ] Safepoint "Cleanup", Time since last: 1000102323 ns, Reaching safepoint: 117802 ns, At safepoint: 13700 ns, Total: 131502 ns
[224.160s][info ][safepoint      ] Safepoint "Cleanup", Time since last: 1000095822 ns, Reaching safepoint: 112302 ns, At safepoint: 8701 ns, Total: 121003 ns
[225.160s][info ][safepoint      ] Safepoint "Cleanup", Time since last: 1000093421 ns, Reaching safepoint: 122103 ns, At safepoint: 12800 ns, Total: 134903 ns
[227.143s][info ][gc,start       ] GC(140) Pause Young (Allocation Failure)
[227.144s][debug][gc,phases      ] GC(140) Scavenge 1.747ms
[227.144s][debug][gc,ref         ] GC(140) Skipped phase 1 of Reference Processing: no references
[227.144s][debug][gc,ref         ] GC(140) ReferenceProcessor::execute queues: 1, RefProcThreadModel::Single, marks_oops_alive: false
[227.144s][debug][gc,ref         ] GC(140) Skipped phase 3 of Reference Processing: no references
[227.144s][debug][gc,ref         ] GC(140) ReferenceProcessor::execute queues: 1, RefProcThreadModel::Single, marks_oops_alive: false
[227.144s][debug][gc,phases      ] GC(140) Reference Processing 0.105ms
[227.145s][debug][gc,phases      ] GC(140)   VM Weak                        Min:  0.0, Avg:  0.0, Max:  0.0, Diff:  0.0, Sum:  0.0, Workers: 4
[227.145s][debug][gc,phases      ] GC(140)     Dead                           Min: 0, Avg:  0.0, Max: 0, Diff: 0, Sum: 0, Workers: 4
[227.145s][debug][gc,phases      ] GC(140)     Total                          Min: 0, Avg: 164.2, Max: 337, Diff: 337, Sum: 657, Workers: 4
[227.145s][debug][gc,phases      ] GC(140)   ObjectSynchronizer Weak        Min:  0.0, Avg:  0.0, Max:  0.0, Diff:  0.0, Sum:  0.0, Workers: 4
[227.145s][debug][gc,phases      ] GC(140)     Dead                           Min: 0, Avg:  0.0, Max: 0, Diff: 0, Sum: 0, Workers: 4
[227.145s][debug][gc,phases      ] GC(140)     Total                          Min: 0, Avg: 102.8, Max: 192, Diff: 192, Sum: 411, Workers: 4
[227.145s][debug][gc,phases      ] GC(140)   JVMTI Tag Weak OopStorage      Min:  0.0, Avg:  0.0, Max:  0.0, Diff:  0.0, Sum:  0.0, Workers: 4
[227.145s][debug][gc,phases      ] GC(140)     Dead                           Min: 0, Avg:  0.0, Max: 0, Diff: 0, Sum: 0, Workers: 4
[227.145s][debug][gc,phases      ] GC(140)     Total                          Min: 0, Avg:  0.0, Max: 0, Diff: 0, Sum: 0, Workers: 4
[227.145s][debug][gc,phases      ] GC(140)   StringTable Weak               Min:  0.1, Avg:  0.1, Max:  0.1, Diff:  0.0, Sum:  0.4, Workers: 4
[227.145s][debug][gc,phases      ] GC(140)     Dead                           Min: 0, Avg:  0.0, Max: 0, Diff: 0, Sum: 0, Workers: 4
[227.145s][debug][gc,phases      ] GC(140)     Total                          Min: 11072, Avg: 11882.2, Max: 12841, Diff: 1769, Sum: 47529, Workers: 4
[227.145s][debug][gc,phases      ] GC(140)   ResolvedMethodTable Weak       Min:  0.0, Avg:  0.0, Max:  0.0, Diff:  0.0, Sum:  0.1, Workers: 4
[227.145s][debug][gc,phases      ] GC(140)     Dead                           Min: 0, Avg:  0.0, Max: 0, Diff: 0, Sum: 0, Workers: 4
[227.145s][debug][gc,phases      ] GC(140)     Total                          Min: 1957, Avg: 2035.2, Max: 2081, Diff: 124, Sum: 8141, Workers: 4
[227.145s][debug][gc,phases      ] GC(140)   JNI Weak                       Min:  0.0, Avg:  0.0, Max:  0.0, Diff:  0.0, Sum:  0.0, Workers: 4
[227.145s][debug][gc,phases      ] GC(140)     Dead                           Min: 0, Avg:  0.0, Max: 0, Diff: 0, Sum: 0, Workers: 4
[227.145s][debug][gc,phases      ] GC(140)     Total                          Min: 0, Avg:  0.0, Max: 0, Diff: 0, Sum: 0, Workers: 4
[227.145s][debug][gc,phases      ] GC(140)   StringDedup Table Weak         Min:  0.0, Avg:  0.0, Max:  0.0, Diff:  0.0, Sum:  0.0, Workers: 4
[227.145s][debug][gc,phases      ] GC(140)     Dead                           Min: 0, Avg:  0.0, Max: 0, Diff: 0, Sum: 0, Workers: 4
[227.145s][debug][gc,phases      ] GC(140)     Total                          Min: 0, Avg:  0.0, Max: 0, Diff: 0, Sum: 0, Workers: 4
[227.145s][debug][gc,phases      ] GC(140)   StringDedup Requests0 Weak     Min:  0.0, Avg:  0.0, Max:  0.0, Diff:  0.0, Sum:  0.0, Workers: 4
[227.145s][debug][gc,phases      ] GC(140)     Dead                           Min: 0, Avg:  0.0, Max: 0, Diff: 0, Sum: 0, Workers: 4
[227.145s][debug][gc,phases      ] GC(140)     Total                          Min: 0, Avg:  0.0, Max: 0, Diff: 0, Sum: 0, Workers: 4
[227.145s][debug][gc,phases      ] GC(140)   StringDedup Requests1 Weak     Min:  0.0, Avg:  0.0, Max:  0.0, Diff:  0.0, Sum:  0.0, Workers: 4
[227.145s][debug][gc,phases      ] GC(140)     Dead                           Min: 0, Avg:  0.0, Max: 0, Diff: 0, Sum: 0, Workers: 4
[227.145s][debug][gc,phases      ] GC(140)     Total                          Min: 0, Avg:  0.0, Max: 0, Diff: 0, Sum: 0, Workers: 4
[227.145s][debug][gc,phases      ] GC(140)   Weak JFR Old Object Samples    Min:  0.0, Avg:  0.0, Max:  0.0, Diff:  0.0, Sum:  0.0, Workers: 4
[227.145s][debug][gc,phases      ] GC(140)     Dead                           Min: 0, Avg:  0.0, Max: 0, Diff: 0, Sum: 0, Workers: 4
[227.145s][debug][gc,phases      ] GC(140)     Total                          Min: 0, Avg:  0.0, Max: 0, Diff: 0, Sum: 0, Workers: 4
[227.145s][debug][gc,phases      ] GC(140) Weak Processing 0.308ms
[227.145s][debug][gc,age         ] GC(140) Desired survivor size 536870912 bytes, new threshold 6 (max threshold 15)
[227.145s][info ][gc,heap        ] GC(140) PSYoungGen: 1050960K(1572864K)->2272K(1572864K) Eden: 1048576K(1048576K)->0K(1048576K) From: 2384K(524288K)->2272K(524288K)
[227.145s][info ][gc,heap        ] GC(140) ParOldGen: 494351K(631296K)->494359K(631296K)
[227.145s][info ][gc,metaspace   ] GC(140) Metaspace: 81864K(82688K)->81864K(82688K) NonClass: 70380K(70848K)->70380K(70848K) Class: 11483K(11840K)->11483K(11840K)
[227.145s][info ][gc             ] GC(140) Pause Young (Allocation Failure) 1509M->484M(2152M) 2.279ms
[227.145s][info ][gc,cpu         ] GC(140) User=0.01s Sys=0.00s Real=0.00s
[227.145s][info ][safepoint      ] Safepoint "ParallelGCFailedAllocation", Time since last: 1982362190 ns, Reaching safepoint: 49201 ns, At safepoint: 2357247 ns, Total: 2406448 ns
[228.145s][info ][safepoint      ] Safepoint "Cleanup", Time since last: 1000082420 ns, Reaching safepoint: 48401 ns, At safepoint: 4500 ns, Total: 52901 ns
[230.145s][info ][safepoint      ] Safepoint "Cleanup", Time since last: 2000141439 ns, Reaching safepoint: 54001 ns, At safepoint: 9000 ns, Total: 63001 ns
[234.146s][info ][safepoint      ] Safepoint "Cleanup", Time since last: 4000286673 ns, Reaching safepoint: 48601 ns, At safepoint: 2900 ns, Total: 51501 ns
[236.111s][info ][safepoint      ] Safepoint "ParallelGCFailedAllocation", Time since last: 1965087744 ns, Reaching safepoint: 49001 ns, At safepoint: 12500 ns, Total: 61501 ns
[236.111s][info ][gc,start       ] GC(141) Pause Young (GCLocker Initiated GC)
[236.113s][debug][gc,phases      ] GC(141) Scavenge 2.148ms
[236.113s][debug][gc,ref         ] GC(141) Skipped phase 1 of Reference Processing: no references
[236.113s][debug][gc,ref         ] GC(141) ReferenceProcessor::execute queues: 1, RefProcThreadModel::Single, marks_oops_alive: false
[236.113s][debug][gc,ref         ] GC(141) Skipped phase 3 of Reference Processing: no references
[236.113s][debug][gc,ref         ] GC(141) ReferenceProcessor::execute queues: 1, RefProcThreadModel::Single, marks_oops_alive: false
[236.113s][debug][gc,phases      ] GC(141) Reference Processing 0.114ms
[236.113s][debug][gc,phases      ] GC(141)   VM Weak                        Min:  0.0, Avg:  0.0, Max:  0.0, Diff:  0.0, Sum:  0.0, Workers: 4
[236.113s][debug][gc,phases      ] GC(141)     Dead                           Min: 0, Avg:  0.0, Max: 0, Diff: 0, Sum: 0, Workers: 4
[236.113s][debug][gc,phases      ] GC(141)     Total                          Min: 0, Avg: 164.2, Max: 512, Diff: 512, Sum: 657, Workers: 4
[236.113s][debug][gc,phases      ] GC(141)   ObjectSynchronizer Weak        Min:  0.0, Avg:  0.0, Max:  0.0, Diff:  0.0, Sum:  0.0, Workers: 4
[236.113s][debug][gc,phases      ] GC(141)     Dead                           Min: 0, Avg:  0.0, Max: 0, Diff: 0, Sum: 0, Workers: 4
[236.113s][debug][gc,phases      ] GC(141)     Total                          Min: 0, Avg: 102.8, Max: 219, Diff: 219, Sum: 411, Workers: 4
[236.113s][debug][gc,phases      ] GC(141)   JVMTI Tag Weak OopStorage      Min:  0.0, Avg:  0.0, Max:  0.0, Diff:  0.0, Sum:  0.0, Workers: 4
[236.113s][debug][gc,phases      ] GC(141)     Dead                           Min: 0, Avg:  0.0, Max: 0, Diff: 0, Sum: 0, Workers: 4
[236.113s][debug][gc,phases      ] GC(141)     Total                          Min: 0, Avg:  0.0, Max: 0, Diff: 0, Sum: 0, Workers: 4
[236.113s][debug][gc,phases      ] GC(141)   StringTable Weak               Min:  0.1, Avg:  0.1, Max:  0.1, Diff:  0.0, Sum:  0.4, Workers: 4
[236.113s][debug][gc,phases      ] GC(141)     Dead                           Min: 0, Avg:  0.0, Max: 0, Diff: 0, Sum: 0, Workers: 4
[236.113s][debug][gc,phases      ] GC(141)     Total                          Min: 11392, Avg: 11883.0, Max: 12160, Diff: 768, Sum: 47532, Workers: 4
[236.113s][debug][gc,phases      ] GC(141)   ResolvedMethodTable Weak       Min:  0.0, Avg:  0.0, Max:  0.0, Diff:  0.0, Sum:  0.1, Workers: 4
[236.113s][debug][gc,phases      ] GC(141)     Dead                           Min: 0, Avg:  0.0, Max: 0, Diff: 0, Sum: 0, Workers: 4
[236.113s][debug][gc,phases      ] GC(141)     Total                          Min: 1954, Avg: 2035.2, Max: 2210, Diff: 256, Sum: 8141, Workers: 4
[236.113s][debug][gc,phases      ] GC(141)   JNI Weak                       Min:  0.0, Avg:  0.0, Max:  0.0, Diff:  0.0, Sum:  0.0, Workers: 4
[236.113s][debug][gc,phases      ] GC(141)     Dead                           Min: 0, Avg:  0.0, Max: 0, Diff: 0, Sum: 0, Workers: 4
[236.113s][debug][gc,phases      ] GC(141)     Total                          Min: 0, Avg:  0.0, Max: 0, Diff: 0, Sum: 0, Workers: 4
[236.113s][debug][gc,phases      ] GC(141)   StringDedup Table Weak         Min:  0.0, Avg:  0.0, Max:  0.0, Diff:  0.0, Sum:  0.0, Workers: 4
[236.113s][debug][gc,phases      ] GC(141)     Dead                           Min: 0, Avg:  0.0, Max: 0, Diff: 0, Sum: 0, Workers: 4
[236.113s][debug][gc,phases      ] GC(141)     Total                          Min: 0, Avg:  0.0, Max: 0, Diff: 0, Sum: 0, Workers: 4
[236.113s][debug][gc,phases      ] GC(141)   StringDedup Requests0 Weak     Min:  0.0, Avg:  0.0, Max:  0.0, Diff:  0.0, Sum:  0.0, Workers: 4
[236.113s][debug][gc,phases      ] GC(141)     Dead                           Min: 0, Avg:  0.0, Max: 0, Diff: 0, Sum: 0, Workers: 4
[236.113s][debug][gc,phases      ] GC(141)     Total                          Min: 0, Avg:  0.0, Max: 0, Diff: 0, Sum: 0, Workers: 4
[236.113s][debug][gc,phases      ] GC(141)   StringDedup Requests1 Weak     Min:  0.0, Avg:  0.0, Max:  0.0, Diff:  0.0, Sum:  0.0, Workers: 4
[236.113s][debug][gc,phases      ] GC(141)     Dead                           Min: 0, Avg:  0.0, Max: 0, Diff: 0, Sum: 0, Workers: 4
[236.113s][debug][gc,phases      ] GC(141)     Total                          Min: 0, Avg:  0.0, Max: 0, Diff: 0, Sum: 0, Workers: 4
[236.113s][debug][gc,phases      ] GC(141)   Weak JFR Old Object Samples    Min:  0.0, Avg:  0.0, Max:  0.0, Diff:  0.0, Sum:  0.0, Workers: 4
[236.113s][debug][gc,phases      ] GC(141)     Dead                           Min: 0, Avg:  0.0, Max: 0, Diff: 0, Sum: 0, Workers: 4
[236.113s][debug][gc,phases      ] GC(141)     Total                          Min: 0, Avg:  0.0, Max: 0, Diff: 0, Sum: 0, Workers: 4
[236.113s][debug][gc,phases      ] GC(141) Weak Processing 0.321ms
[236.113s][debug][gc,age         ] GC(141) Desired survivor size 536870912 bytes, new threshold 5 (max threshold 15)
[236.113s][info ][gc,heap        ] GC(141) PSYoungGen: 1050848K(1572864K)->2976K(1572864K) Eden: 1048576K(1048576K)->0K(1048576K) From: 2272K(524288K)->2976K(524288K)
[236.113s][info ][gc,heap        ] GC(141) ParOldGen: 494360K(631296K)->494360K(631296K)
[236.113s][info ][gc,metaspace   ] GC(141) Metaspace: 81873K(82688K)->81873K(82688K) NonClass: 70390K(70848K)->70390K(70848K) Class: 11483K(11840K)->11483K(11840K)
[236.113s][info ][gc             ] GC(141) Pause Young (GCLocker Initiated GC) 1508M->485M(2152M) 2.661ms
[236.113s][info ][gc,cpu         ] GC(141) User=0.01s Sys=0.00s Real=0.00s
[236.113s][info ][safepoint      ] Safepoint "ParallelGCSystemGC", Time since last: 59801 ns, Reaching safepoint: 18501 ns, At safepoint: 2732254 ns, Total: 2750755 ns
[237.114s][info ][safepoint      ] Safepoint "Cleanup", Time since last: 1000105717 ns, Reaching safepoint: 47801 ns, At safepoint: 4400 ns, Total: 52201 ns
[238.114s][info ][safepoint      ] Safepoint "Cleanup", Time since last: 1000103017 ns, Reaching safepoint: 130703 ns, At safepoint: 13200 ns, Total: 143903 ns
[239.114s][info ][safepoint      ] Safepoint "Cleanup", Time since last: 1000101617 ns, Reaching safepoint: 124402 ns, At safepoint: 7100 ns, Total: 131502 ns
[240.114s][info ][safepoint      ] Safepoint "Cleanup", Time since last: 1000094616 ns, Reaching safepoint: 45701 ns, At safepoint: 5600 ns, Total: 51301 ns
[242.115s][info ][safepoint      ] Safepoint "Cleanup", Time since last: 2000159031 ns, Reaching safepoint: 124703 ns, At safepoint: 13200 ns, Total: 137903 ns
[243.115s][info ][safepoint      ] Safepoint "Cleanup", Time since last: 1000116216 ns, Reaching safepoint: 46601 ns, At safepoint: 6400 ns, Total: 53001 ns
[244.115s][info ][safepoint      ] Safepoint "Cleanup", Time since last: 1000097015 ns, Reaching safepoint: 51401 ns, At safepoint: 5400 ns, Total: 56801 ns
[245.007s][info ][gc,start       ] GC(142) Pause Young (Allocation Failure)
[245.009s][debug][gc,phases      ] GC(142) Scavenge 2.060ms
[245.009s][debug][gc,ref         ] GC(142) Skipped phase 1 of Reference Processing: no references
[245.009s][debug][gc,ref         ] GC(142) ReferenceProcessor::execute queues: 1, RefProcThreadModel::Single, marks_oops_alive: false
[245.009s][debug][gc,ref         ] GC(142) Skipped phase 3 of Reference Processing: no references
[245.009s][debug][gc,ref         ] GC(142) ReferenceProcessor::execute queues: 1, RefProcThreadModel::Single, marks_oops_alive: false
[245.009s][debug][gc,phases      ] GC(142) Reference Processing 0.114ms
[245.009s][debug][gc,phases      ] GC(142)   VM Weak                        Min:  0.0, Avg:  0.0, Max:  0.0, Diff:  0.0, Sum:  0.0, Workers: 4
[245.009s][debug][gc,phases      ] GC(142)     Dead                           Min: 0, Avg:  0.0, Max: 0, Diff: 0, Sum: 0, Workers: 4
[245.009s][debug][gc,phases      ] GC(142)     Total                          Min: 17, Avg: 164.2, Max: 320, Diff: 303, Sum: 657, Workers: 4
[245.009s][debug][gc,phases      ] GC(142)   ObjectSynchronizer Weak        Min:  0.0, Avg:  0.0, Max:  0.0, Diff:  0.0, Sum:  0.0, Workers: 4
[245.009s][debug][gc,phases      ] GC(142)     Dead                           Min: 0, Avg:  0.0, Max: 0, Diff: 0, Sum: 0, Workers: 4
[245.009s][debug][gc,phases      ] GC(142)     Total                          Min: 64, Avg: 102.8, Max: 128, Diff: 64, Sum: 411, Workers: 4
[245.009s][debug][gc,phases      ] GC(142)   JVMTI Tag Weak OopStorage      Min:  0.0, Avg:  0.0, Max:  0.0, Diff:  0.0, Sum:  0.0, Workers: 4
[245.009s][debug][gc,phases      ] GC(142)     Dead                           Min: 0, Avg:  0.0, Max: 0, Diff: 0, Sum: 0, Workers: 4
[245.009s][debug][gc,phases      ] GC(142)     Total                          Min: 0, Avg:  0.0, Max: 0, Diff: 0, Sum: 0, Workers: 4
[245.009s][debug][gc,phases      ] GC(142)   StringTable Weak               Min:  0.1, Avg:  0.1, Max:  0.1, Diff:  0.0, Sum:  0.4, Workers: 4
[245.009s][debug][gc,phases      ] GC(142)     Dead                           Min: 0, Avg:  0.0, Max: 0, Diff: 0, Sum: 0, Workers: 4
[245.009s][debug][gc,phases      ] GC(142)     Total                          Min: 11200, Avg: 11884.2, Max: 12800, Diff: 1600, Sum: 47537, Workers: 4
[245.009s][debug][gc,phases      ] GC(142)   ResolvedMethodTable Weak       Min:  0.0, Avg:  0.0, Max:  0.0, Diff:  0.0, Sum:  0.1, Workers: 4
[245.009s][debug][gc,phases      ] GC(142)     Dead                           Min: 0, Avg:  0.0, Max: 0, Diff: 0, Sum: 0, Workers: 4
[245.009s][debug][gc,phases      ] GC(142)     Total                          Min: 1449, Avg: 2035.2, Max: 2265, Diff: 816, Sum: 8141, Workers: 4
[245.009s][debug][gc,phases      ] GC(142)   JNI Weak                       Min:  0.0, Avg:  0.0, Max:  0.0, Diff:  0.0, Sum:  0.0, Workers: 4
[245.009s][debug][gc,phases      ] GC(142)     Dead                           Min: 0, Avg:  0.0, Max: 0, Diff: 0, Sum: 0, Workers: 4
[245.009s][debug][gc,phases      ] GC(142)     Total                          Min: 0, Avg:  0.0, Max: 0, Diff: 0, Sum: 0, Workers: 4
[245.009s][debug][gc,phases      ] GC(142)   StringDedup Table Weak         Min:  0.0, Avg:  0.0, Max:  0.0, Diff:  0.0, Sum:  0.0, Workers: 4
[245.009s][debug][gc,phases      ] GC(142)     Dead                           Min: 0, Avg:  0.0, Max: 0, Diff: 0, Sum: 0, Workers: 4
[245.009s][debug][gc,phases      ] GC(142)     Total                          Min: 0, Avg:  0.0, Max: 0, Diff: 0, Sum: 0, Workers: 4
[245.009s][debug][gc,phases      ] GC(142)   StringDedup Requests0 Weak     Min:  0.0, Avg:  0.0, Max:  0.0, Diff:  0.0, Sum:  0.0, Workers: 4
[245.009s][debug][gc,phases      ] GC(142)     Dead                           Min: 0, Avg:  0.0, Max: 0, Diff: 0, Sum: 0, Workers: 4
[245.009s][debug][gc,phases      ] GC(142)     Total                          Min: 0, Avg:  0.0, Max: 0, Diff: 0, Sum: 0, Workers: 4
[245.009s][debug][gc,phases      ] GC(142)   StringDedup Requests1 Weak     Min:  0.0, Avg:  0.0, Max:  0.0, Diff:  0.0, Sum:  0.0, Workers: 4
[245.009s][debug][gc,phases      ] GC(142)     Dead                           Min: 0, Avg:  0.0, Max: 0, Diff: 0, Sum: 0, Workers: 4
[245.009s][debug][gc,phases      ] GC(142)     Total                          Min: 0, Avg:  0.0, Max: 0, Diff: 0, Sum: 0, Workers: 4
[245.009s][debug][gc,phases      ] GC(142)   Weak JFR Old Object Samples    Min:  0.0, Avg:  0.0, Max:  0.0, Diff:  0.0, Sum:  0.0, Workers: 4
[245.009s][debug][gc,phases      ] GC(142)     Dead                           Min: 0, Avg:  0.0, Max: 0, Diff: 0, Sum: 0, Workers: 4
[245.009s][debug][gc,phases      ] GC(142)     Total                          Min: 0, Avg:  0.0, Max: 0, Diff: 0, Sum: 0, Workers: 4
[245.009s][debug][gc,phases      ] GC(142) Weak Processing 0.330ms
[245.009s][debug][gc,age         ] GC(142) Desired survivor size 536870912 bytes, new threshold 4 (max threshold 15)
[245.009s][info ][gc,heap        ] GC(142) PSYoungGen: 1051552K(1572864K)->3200K(1572864K) Eden: 1048576K(1048576K)->0K(1048576K) From: 2976K(524288K)->3200K(524288K)
[245.009s][info ][gc,heap        ] GC(142) ParOldGen: 494369K(631296K)->494521K(631296K)
[245.009s][info ][gc,metaspace   ] GC(142) Metaspace: 81886K(82688K)->81886K(82688K) NonClass: 70402K(70848K)->70402K(70848K) Class: 11484K(11840K)->11484K(11840K)
[245.009s][info ][gc             ] GC(142) Pause Young (Allocation Failure) 1509M->486M(2152M) 2.618ms
[245.009s][info ][gc,cpu         ] GC(142) User=0.01s Sys=0.00s Real=0.00s
[245.010s][info ][safepoint      ] Safepoint "ParallelGCFailedAllocation", Time since last: 891823480 ns, Reaching safepoint: 120902 ns, At safepoint: 2705754 ns, Total: 2826656 ns
[247.010s][info ][safepoint      ] Safepoint "Cleanup", Time since last: 2000158627 ns, Reaching safepoint: 128203 ns, At safepoint: 15500 ns, Total: 143703 ns
[248.010s][info ][safepoint      ] Safepoint "Cleanup", Time since last: 1000100013 ns, Reaching safepoint: 123303 ns, At safepoint: 10600 ns, Total: 133903 ns
[249.010s][info ][safepoint      ] Safepoint "Cleanup", Time since last: 1000123114 ns, Reaching safepoint: 150103 ns, At safepoint: 11400 ns, Total: 161503 ns
[250.011s][info ][safepoint      ] Safepoint "Cleanup", Time since last: 1000096813 ns, Reaching safepoint: 142403 ns, At safepoint: 11600 ns, Total: 154003 ns
[251.011s][info ][safepoint      ] Safepoint "Cleanup", Time since last: 1000098813 ns, Reaching safepoint: 121102 ns, At safepoint: 14800 ns, Total: 135902 ns
[252.011s][info ][safepoint      ] Safepoint "Cleanup", Time since last: 1000102813 ns, Reaching safepoint: 133102 ns, At safepoint: 10800 ns, Total: 143902 ns
[253.011s][info ][safepoint      ] Safepoint "Cleanup", Time since last: 1000103112 ns, Reaching safepoint: 132003 ns, At safepoint: 8000 ns, Total: 140003 ns
[253.014s][info ][gc,start       ] GC(143) Pause Young (Allocation Failure)
[253.016s][debug][gc,phases      ] GC(143) Scavenge 1.962ms
[253.016s][debug][gc,ref         ] GC(143) Skipped phase 1 of Reference Processing: no references
[253.016s][debug][gc,ref         ] GC(143) ReferenceProcessor::execute queues: 1, RefProcThreadModel::Single, marks_oops_alive: false
[253.016s][debug][gc,ref         ] GC(143) Skipped phase 3 of Reference Processing: no references
[253.016s][debug][gc,ref         ] GC(143) ReferenceProcessor::execute queues: 1, RefProcThreadModel::Single, marks_oops_alive: false
[253.016s][debug][gc,phases      ] GC(143) Reference Processing 0.112ms
[253.016s][debug][gc,phases      ] GC(143)   VM Weak                        Min:  0.0, Avg:  0.0, Max:  0.0, Diff:  0.0, Sum:  0.0, Workers: 4
[253.016s][debug][gc,phases      ] GC(143)     Dead                           Min: 0, Avg:  0.0, Max: 0, Diff: 0, Sum: 0, Workers: 4
[253.016s][debug][gc,phases      ] GC(143)     Total                          Min: 0, Avg: 164.2, Max: 529, Diff: 529, Sum: 657, Workers: 4
[253.016s][debug][gc,phases      ] GC(143)   ObjectSynchronizer Weak        Min:  0.0, Avg:  0.0, Max:  0.0, Diff:  0.0, Sum:  0.0, Workers: 4
[253.016s][debug][gc,phases      ] GC(143)     Dead                           Min: 0, Avg:  0.0, Max: 0, Diff: 0, Sum: 0, Workers: 4
[253.016s][debug][gc,phases      ] GC(143)     Total                          Min: 0, Avg: 102.8, Max: 192, Diff: 192, Sum: 411, Workers: 4
[253.016s][debug][gc,phases      ] GC(143)   JVMTI Tag Weak OopStorage      Min:  0.0, Avg:  0.0, Max:  0.0, Diff:  0.0, Sum:  0.0, Workers: 4
[253.016s][debug][gc,phases      ] GC(143)     Dead                           Min: 0, Avg:  0.0, Max: 0, Diff: 0, Sum: 0, Workers: 4
[253.016s][debug][gc,phases      ] GC(143)     Total                          Min: 0, Avg:  0.0, Max: 0, Diff: 0, Sum: 0, Workers: 4
[253.016s][debug][gc,phases      ] GC(143)   StringTable Weak               Min:  0.1, Avg:  0.1, Max:  0.1, Diff:  0.0, Sum:  0.4, Workers: 4
[253.016s][debug][gc,phases      ] GC(143)     Dead                           Min: 0, Avg:  0.0, Max: 0, Diff: 0, Sum: 0, Workers: 4
[253.016s][debug][gc,phases      ] GC(143)     Total                          Min: 11264, Avg: 11884.5, Max: 12402, Diff: 1138, Sum: 47538, Workers: 4
[253.016s][debug][gc,phases      ] GC(143)   ResolvedMethodTable Weak       Min:  0.0, Avg:  0.0, Max:  0.0, Diff:  0.0, Sum:  0.1, Workers: 4
[253.016s][debug][gc,phases      ] GC(143)     Dead                           Min: 0, Avg:  0.0, Max: 0, Diff: 0, Sum: 0, Workers: 4
[253.016s][debug][gc,phases      ] GC(143)     Total                          Min: 1846, Avg: 2035.2, Max: 2207, Diff: 361, Sum: 8141, Workers: 4
[253.016s][debug][gc,phases      ] GC(143)   JNI Weak                       Min:  0.0, Avg:  0.0, Max:  0.0, Diff:  0.0, Sum:  0.0, Workers: 4
[253.016s][debug][gc,phases      ] GC(143)     Dead                           Min: 0, Avg:  0.0, Max: 0, Diff: 0, Sum: 0, Workers: 4
[253.016s][debug][gc,phases      ] GC(143)     Total                          Min: 0, Avg:  0.0, Max: 0, Diff: 0, Sum: 0, Workers: 4
[253.016s][debug][gc,phases      ] GC(143)   StringDedup Table Weak         Min:  0.0, Avg:  0.0, Max:  0.0, Diff:  0.0, Sum:  0.0, Workers: 4
[253.016s][debug][gc,phases      ] GC(143)     Dead                           Min: 0, Avg:  0.0, Max: 0, Diff: 0, Sum: 0, Workers: 4
[253.016s][debug][gc,phases      ] GC(143)     Total                          Min: 0, Avg:  0.0, Max: 0, Diff: 0, Sum: 0, Workers: 4
[253.016s][debug][gc,phases      ] GC(143)   StringDedup Requests0 Weak     Min:  0.0, Avg:  0.0, Max:  0.0, Diff:  0.0, Sum:  0.0, Workers: 4
[253.016s][debug][gc,phases      ] GC(143)     Dead                           Min: 0, Avg:  0.0, Max: 0, Diff: 0, Sum: 0, Workers: 4
[253.016s][debug][gc,phases      ] GC(143)     Total                          Min: 0, Avg:  0.0, Max: 0, Diff: 0, Sum: 0, Workers: 4
[253.016s][debug][gc,phases      ] GC(143)   StringDedup Requests1 Weak     Min:  0.0, Avg:  0.0, Max:  0.0, Diff:  0.0, Sum:  0.0, Workers: 4
[253.016s][debug][gc,phases      ] GC(143)     Dead                           Min: 0, Avg:  0.0, Max: 0, Diff: 0, Sum: 0, Workers: 4
[253.016s][debug][gc,phases      ] GC(143)     Total                          Min: 0, Avg:  0.0, Max: 0, Diff: 0, Sum: 0, Workers: 4
[253.016s][debug][gc,phases      ] GC(143)   Weak JFR Old Object Samples    Min:  0.0, Avg:  0.0, Max:  0.0, Diff:  0.0, Sum:  0.0, Workers: 4
[253.016s][debug][gc,phases      ] GC(143)     Dead                           Min: 0, Avg:  0.0, Max: 0, Diff: 0, Sum: 0, Workers: 4
[253.016s][debug][gc,phases      ] GC(143)     Total                          Min: 0, Avg:  0.0, Max: 0, Diff: 0, Sum: 0, Workers: 4
[253.016s][debug][gc,phases      ] GC(143) Weak Processing 0.319ms
[253.016s][debug][gc,age         ] GC(143) Desired survivor size 536870912 bytes, new threshold 3 (max threshold 15)
[253.016s][info ][gc,heap        ] GC(143) PSYoungGen: 1051776K(1572864K)->2944K(1572864K) Eden: 1048576K(1048576K)->0K(1048576K) From: 3200K(524288K)->2944K(524288K)
[253.016s][info ][gc,heap        ] GC(143) ParOldGen: 494521K(631296K)->495097K(631296K)
[253.016s][info ][gc,metaspace   ] GC(143) Metaspace: 81887K(82688K)->81887K(82688K) NonClass: 70403K(70848K)->70403K(70848K) Class: 11484K(11840K)->11484K(11840K)
[253.016s][info ][gc             ] GC(143) Pause Young (Allocation Failure) 1510M->486M(2152M) 2.490ms
[253.016s][info ][gc,cpu         ] GC(143) User=0.01s Sys=0.00s Real=0.00s
[253.016s][info ][safepoint      ] Safepoint "ParallelGCFailedAllocation", Time since last: 2449048 ns, Reaching safepoint: 88502 ns, At safepoint: 2572951 ns, Total: 2661453 ns
[255.017s][info ][safepoint      ] Safepoint "Cleanup", Time since last: 2000146222 ns, Reaching safepoint: 53301 ns, At safepoint: 5800 ns, Total: 59101 ns
[256.017s][info ][safepoint      ] Safepoint "Cleanup", Time since last: 1000097811 ns, Reaching safepoint: 53801 ns, At safepoint: 12600 ns, Total: 66401 ns
[258.017s][info ][safepoint      ] Safepoint "Cleanup", Time since last: 2000159820 ns, Reaching safepoint: 53901 ns, At safepoint: 10000 ns, Total: 63901 ns
[259.017s][info ][safepoint      ] Safepoint "Cleanup", Time since last: 1000106510 ns, Reaching safepoint: 47801 ns, At safepoint: 5200 ns, Total: 53001 ns
[260.017s][info ][safepoint      ] Safepoint "Cleanup", Time since last: 1000098310 ns, Reaching safepoint: 45101 ns, At safepoint: 3200 ns, Total: 48301 ns
[261.010s][info ][gc,start       ] GC(144) Pause Young (Allocation Failure)
[261.012s][debug][gc,phases      ] GC(144) Scavenge 1.833ms
[261.012s][debug][gc,ref         ] GC(144) Skipped phase 1 of Reference Processing: no references
[261.012s][debug][gc,ref         ] GC(144) Skipped phase 2 of Reference Processing: no references
[261.012s][debug][gc,ref         ] GC(144) Skipped phase 3 of Reference Processing: no references
[261.012s][debug][gc,ref         ] GC(144) Skipped phase 4 of Reference Processing: no references
[261.012s][debug][gc,phases      ] GC(144) Reference Processing 0.023ms
[261.013s][debug][gc,phases      ] GC(144)   VM Weak                        Min:  0.0, Avg:  0.0, Max:  0.0, Diff:  0.0, Sum:  0.0, Workers: 4
[261.013s][debug][gc,phases      ] GC(144)     Dead                           Min: 0, Avg:  0.0, Max: 0, Diff: 0, Sum: 0, Workers: 4
[261.013s][debug][gc,phases      ] GC(144)     Total                          Min: 0, Avg: 164.2, Max: 657, Diff: 657, Sum: 657, Workers: 4
[261.013s][debug][gc,phases      ] GC(144)   ObjectSynchronizer Weak        Min:  0.0, Avg:  0.0, Max:  0.0, Diff:  0.0, Sum:  0.0, Workers: 4
[261.013s][debug][gc,phases      ] GC(144)     Dead                           Min: 0, Avg:  0.0, Max: 0, Diff: 0, Sum: 0, Workers: 4
[261.013s][debug][gc,phases      ] GC(144)     Total                          Min: 0, Avg: 102.8, Max: 219, Diff: 219, Sum: 411, Workers: 4
[261.013s][debug][gc,phases      ] GC(144)   JVMTI Tag Weak OopStorage      Min:  0.0, Avg:  0.0, Max:  0.0, Diff:  0.0, Sum:  0.0, Workers: 4
[261.013s][debug][gc,phases      ] GC(144)     Dead                           Min: 0, Avg:  0.0, Max: 0, Diff: 0, Sum: 0, Workers: 4
[261.013s][debug][gc,phases      ] GC(144)     Total                          Min: 0, Avg:  0.0, Max: 0, Diff: 0, Sum: 0, Workers: 4
[261.013s][debug][gc,phases      ] GC(144)   StringTable Weak               Min:  0.1, Avg:  0.1, Max:  0.1, Diff:  0.0, Sum:  0.4, Workers: 4
[261.013s][debug][gc,phases      ] GC(144)     Dead                           Min: 0, Avg:  0.0, Max: 0, Diff: 0, Sum: 0, Workers: 4
[261.013s][debug][gc,phases      ] GC(144)     Total                          Min: 10227, Avg: 11884.8, Max: 13632, Diff: 3405, Sum: 47539, Workers: 4
[261.013s][debug][gc,phases      ] GC(144)   ResolvedMethodTable Weak       Min:  0.0, Avg:  0.0, Max:  0.0, Diff:  0.0, Sum:  0.1, Workers: 4
[261.013s][debug][gc,phases      ] GC(144)     Dead                           Min: 0, Avg:  0.0, Max: 0, Diff: 0, Sum: 0, Workers: 4
[261.013s][debug][gc,phases      ] GC(144)     Total                          Min: 1834, Avg: 2035.2, Max: 2209, Diff: 375, Sum: 8141, Workers: 4
[261.013s][debug][gc,phases      ] GC(144)   JNI Weak                       Min:  0.0, Avg:  0.0, Max:  0.0, Diff:  0.0, Sum:  0.0, Workers: 4
[261.013s][debug][gc,phases      ] GC(144)     Dead                           Min: 0, Avg:  0.0, Max: 0, Diff: 0, Sum: 0, Workers: 4
[261.013s][debug][gc,phases      ] GC(144)     Total                          Min: 0, Avg:  0.0, Max: 0, Diff: 0, Sum: 0, Workers: 4
[261.013s][debug][gc,phases      ] GC(144)   StringDedup Table Weak         Min:  0.0, Avg:  0.0, Max:  0.0, Diff:  0.0, Sum:  0.0, Workers: 4
[261.013s][debug][gc,phases      ] GC(144)     Dead                           Min: 0, Avg:  0.0, Max: 0, Diff: 0, Sum: 0, Workers: 4
[261.013s][debug][gc,phases      ] GC(144)     Total                          Min: 0, Avg:  0.0, Max: 0, Diff: 0, Sum: 0, Workers: 4
[261.013s][debug][gc,phases      ] GC(144)   StringDedup Requests0 Weak     Min:  0.0, Avg:  0.0, Max:  0.0, Diff:  0.0, Sum:  0.0, Workers: 4
[261.013s][debug][gc,phases      ] GC(144)     Dead                           Min: 0, Avg:  0.0, Max: 0, Diff: 0, Sum: 0, Workers: 4
[261.013s][debug][gc,phases      ] GC(144)     Total                          Min: 0, Avg:  0.0, Max: 0, Diff: 0, Sum: 0, Workers: 4
[261.013s][debug][gc,phases      ] GC(144)   StringDedup Requests1 Weak     Min:  0.0, Avg:  0.0, Max:  0.0, Diff:  0.0, Sum:  0.0, Workers: 4
[261.013s][debug][gc,phases      ] GC(144)     Dead                           Min: 0, Avg:  0.0, Max: 0, Diff: 0, Sum: 0, Workers: 4
[261.013s][debug][gc,phases      ] GC(144)     Total                          Min: 0, Avg:  0.0, Max: 0, Diff: 0, Sum: 0, Workers: 4
[261.013s][debug][gc,phases      ] GC(144)   Weak JFR Old Object Samples    Min:  0.0, Avg:  0.0, Max:  0.0, Diff:  0.0, Sum:  0.0, Workers: 4
[261.013s][debug][gc,phases      ] GC(144)     Dead                           Min: 0, Avg:  0.0, Max: 0, Diff: 0, Sum: 0, Workers: 4
[261.013s][debug][gc,phases      ] GC(144)     Total                          Min: 0, Avg:  0.0, Max: 0, Diff: 0, Sum: 0, Workers: 4
[261.013s][debug][gc,phases      ] GC(144) Weak Processing 0.327ms
[261.013s][debug][gc,age         ] GC(144) Desired survivor size 518520832 bytes, new threshold 4 (max threshold 15)
[261.013s][info ][gc,heap        ] GC(144) PSYoungGen: 1051493K(1572864K)->2304K(1590784K) Eden: 1048548K(1048576K)->0K(1066496K) From: 2944K(524288K)->2304K(524288K)
[261.013s][info ][gc,heap        ] GC(144) ParOldGen: 495097K(631296K)->495589K(631296K)
[261.013s][info ][gc,metaspace   ] GC(144) Metaspace: 81897K(82688K)->81897K(82688K) NonClass: 70412K(70848K)->70412K(70848K) Class: 11484K(11840K)->11484K(11840K)
[261.013s][info ][gc             ] GC(144) Pause Young (Allocation Failure) 1510M->486M(2170M) 2.281ms
[261.013s][info ][gc,cpu         ] GC(144) User=0.01s Sys=0.00s Real=0.00s
[261.013s][info ][safepoint      ] Safepoint "ParallelGCFailedAllocation", Time since last: 993047370 ns, Reaching safepoint: 43701 ns, At safepoint: 2361946 ns, Total: 2405647 ns
[263.013s][info ][safepoint      ] Safepoint "Cleanup", Time since last: 2000147417 ns, Reaching safepoint: 119902 ns, At safepoint: 10200 ns, Total: 130102 ns
[265.013s][info ][safepoint      ] Safepoint "Cleanup", Time since last: 2000156116 ns, Reaching safepoint: 49101 ns, At safepoint: 8300 ns, Total: 57401 ns
[270.760s][info ][gc,start       ] GC(145) Pause Young (Allocation Failure)
[270.761s][debug][gc,phases      ] GC(145) Scavenge 1.549ms
[270.761s][debug][gc,ref         ] GC(145) Skipped phase 1 of Reference Processing: no references
[270.761s][debug][gc,ref         ] GC(145) Skipped phase 2 of Reference Processing: no references
[270.761s][debug][gc,ref         ] GC(145) Skipped phase 3 of Reference Processing: no references
[270.761s][debug][gc,ref         ] GC(145) Skipped phase 4 of Reference Processing: no references
[270.761s][debug][gc,phases      ] GC(145) Reference Processing 0.024ms
[270.761s][debug][gc,phases      ] GC(145)   VM Weak                        Min:  0.0, Avg:  0.0, Max:  0.0, Diff:  0.0, Sum:  0.0, Workers: 4
[270.761s][debug][gc,phases      ] GC(145)     Dead                           Min: 0, Avg:  0.0, Max: 0, Diff: 0, Sum: 0, Workers: 4
[270.761s][debug][gc,phases      ] GC(145)     Total                          Min: 0, Avg: 164.2, Max: 657, Diff: 657, Sum: 657, Workers: 4
[270.761s][debug][gc,phases      ] GC(145)   ObjectSynchronizer Weak        Min:  0.0, Avg:  0.0, Max:  0.0, Diff:  0.0, Sum:  0.0, Workers: 4
[270.761s][debug][gc,phases      ] GC(145)     Dead                           Min: 0, Avg:  0.0, Max: 0, Diff: 0, Sum: 0, Workers: 4
[270.761s][debug][gc,phases      ] GC(145)     Total                          Min: 0, Avg: 102.8, Max: 320, Diff: 320, Sum: 411, Workers: 4
[270.761s][debug][gc,phases      ] GC(145)   JVMTI Tag Weak OopStorage      Min:  0.0, Avg:  0.0, Max:  0.0, Diff:  0.0, Sum:  0.0, Workers: 4
[270.761s][debug][gc,phases      ] GC(145)     Dead                           Min: 0, Avg:  0.0, Max: 0, Diff: 0, Sum: 0, Workers: 4
[270.761s][debug][gc,phases      ] GC(145)     Total                          Min: 0, Avg:  0.0, Max: 0, Diff: 0, Sum: 0, Workers: 4
[270.761s][debug][gc,phases      ] GC(145)   StringTable Weak               Min:  0.1, Avg:  0.1, Max:  0.1, Diff:  0.0, Sum:  0.4, Workers: 4
[270.761s][debug][gc,phases      ] GC(145)     Dead                           Min: 0, Avg:  0.0, Max: 0, Diff: 0, Sum: 0, Workers: 4
[270.761s][debug][gc,phases      ] GC(145)     Total                          Min: 11712, Avg: 11884.8, Max: 12224, Diff: 512, Sum: 47539, Workers: 4
[270.761s][debug][gc,phases      ] GC(145)   ResolvedMethodTable Weak       Min:  0.0, Avg:  0.0, Max:  0.0, Diff:  0.0, Sum:  0.1, Workers: 4
[270.761s][debug][gc,phases      ] GC(145)     Dead                           Min: 0, Avg:  0.0, Max: 0, Diff: 0, Sum: 0, Workers: 4
[270.761s][debug][gc,phases      ] GC(145)     Total                          Min: 1891, Avg: 2035.2, Max: 2153, Diff: 262, Sum: 8141, Workers: 4
[270.761s][debug][gc,phases      ] GC(145)   JNI Weak                       Min:  0.0, Avg:  0.0, Max:  0.0, Diff:  0.0, Sum:  0.0, Workers: 4
[270.761s][debug][gc,phases      ] GC(145)     Dead                           Min: 0, Avg:  0.0, Max: 0, Diff: 0, Sum: 0, Workers: 4
[270.761s][debug][gc,phases      ] GC(145)     Total                          Min: 0, Avg:  0.0, Max: 0, Diff: 0, Sum: 0, Workers: 4
[270.761s][debug][gc,phases      ] GC(145)   StringDedup Table Weak         Min:  0.0, Avg:  0.0, Max:  0.0, Diff:  0.0, Sum:  0.0, Workers: 4
[270.761s][debug][gc,phases      ] GC(145)     Dead                           Min: 0, Avg:  0.0, Max: 0, Diff: 0, Sum: 0, Workers: 4
[270.761s][debug][gc,phases      ] GC(145)     Total                          Min: 0, Avg:  0.0, Max: 0, Diff: 0, Sum: 0, Workers: 4
[270.761s][debug][gc,phases      ] GC(145)   StringDedup Requests0 Weak     Min:  0.0, Avg:  0.0, Max:  0.0, Diff:  0.0, Sum:  0.0, Workers: 4
[270.761s][debug][gc,phases      ] GC(145)     Dead                           Min: 0, Avg:  0.0, Max: 0, Diff: 0, Sum: 0, Workers: 4
[270.761s][debug][gc,phases      ] GC(145)     Total                          Min: 0, Avg:  0.0, Max: 0, Diff: 0, Sum: 0, Workers: 4
[270.761s][debug][gc,phases      ] GC(145)   StringDedup Requests1 Weak     Min:  0.0, Avg:  0.0, Max:  0.0, Diff:  0.0, Sum:  0.0, Workers: 4
[270.761s][debug][gc,phases      ] GC(145)     Dead                           Min: 0, Avg:  0.0, Max: 0, Diff: 0, Sum: 0, Workers: 4
[270.761s][debug][gc,phases      ] GC(145)     Total                          Min: 0, Avg:  0.0, Max: 0, Diff: 0, Sum: 0, Workers: 4
[270.761s][debug][gc,phases      ] GC(145)   Weak JFR Old Object Samples    Min:  0.0, Avg:  0.0, Max:  0.0, Diff:  0.0, Sum:  0.0, Workers: 4
[270.761s][debug][gc,phases      ] GC(145)     Dead                           Min: 0, Avg:  0.0, Max: 0, Diff: 0, Sum: 0, Workers: 4
[270.761s][debug][gc,phases      ] GC(145)     Total                          Min: 0, Avg:  0.0, Max: 0, Diff: 0, Sum: 0, Workers: 4
[270.761s][debug][gc,phases      ] GC(145) Weak Processing 0.320ms
[270.762s][debug][gc,age         ] GC(145) Desired survivor size 497025024 bytes, new threshold 5 (max threshold 15)
[270.762s][info ][gc,heap        ] GC(145) PSYoungGen: 1068800K(1590784K)->2096K(1572864K) Eden: 1066496K(1066496K)->0K(1066496K) From: 2304K(524288K)->2096K(506368K)
[270.762s][info ][gc,heap        ] GC(145) ParOldGen: 495589K(631296K)->495589K(631296K)
[270.762s][info ][gc,metaspace   ] GC(145) Metaspace: 81898K(82688K)->81898K(82688K) NonClass: 70414K(70848K)->70414K(70848K) Class: 11484K(11840K)->11484K(11840K)
[270.762s][info ][gc             ] GC(145) Pause Young (Allocation Failure) 1527M->486M(2152M) 1.988ms
[270.762s][info ][gc,cpu         ] GC(145) User=0.00s Sys=0.00s Real=0.00s
[270.762s][info ][safepoint      ] Safepoint "ParallelGCFailedAllocation", Time since last: 5746196628 ns, Reaching safepoint: 37200 ns, At safepoint: 2059741 ns, Total: 2096941 ns
[271.762s][info ][safepoint      ] Safepoint "Cleanup", Time since last: 1000077005 ns, Reaching safepoint: 110903 ns, At safepoint: 11500 ns, Total: 122403 ns
[272.762s][info ][safepoint      ] Safepoint "Cleanup", Time since last: 1000094505 ns, Reaching safepoint: 49601 ns, At safepoint: 2500 ns, Total: 52101 ns
[276.762s][info ][safepoint      ] Safepoint "Cleanup", Time since last: 4000231115 ns, Reaching safepoint: 120002 ns, At safepoint: 11101 ns, Total: 131103 ns
[277.763s][info ][safepoint      ] Safepoint "Cleanup", Time since last: 1000098603 ns, Reaching safepoint: 131103 ns, At safepoint: 9400 ns, Total: 140503 ns
[278.763s][info ][safepoint      ] Safepoint "Cleanup", Time since last: 1000093003 ns, Reaching safepoint: 57802 ns, At safepoint: 7600 ns, Total: 65402 ns
[279.763s][info ][safepoint      ] Safepoint "Cleanup", Time since last: 1000090003 ns, Reaching safepoint: 50601 ns, At safepoint: 2400 ns, Total: 53001 ns
[280.763s][info ][safepoint      ] Safepoint "Cleanup", Time since last: 1000068602 ns, Reaching safepoint: 117202 ns, At safepoint: 14800 ns, Total: 132002 ns
[281.610s][info ][gc,start       ] GC(146) Pause Young (Allocation Failure)
[281.612s][debug][gc,phases      ] GC(146) Scavenge 1.783ms
[281.612s][debug][gc,ref         ] GC(146) Skipped phase 1 of Reference Processing: no references
[281.612s][debug][gc,ref         ] GC(146) ReferenceProcessor::execute queues: 1, RefProcThreadModel::Single, marks_oops_alive: false
[281.612s][debug][gc,ref         ] GC(146) Skipped phase 3 of Reference Processing: no references
[281.612s][debug][gc,ref         ] GC(146) Skipped phase 4 of Reference Processing: no references
[281.612s][debug][gc,phases      ] GC(146) Reference Processing 0.116ms
[281.613s][debug][gc,phases      ] GC(146)   VM Weak                        Min:  0.0, Avg:  0.0, Max:  0.0, Diff:  0.0, Sum:  0.0, Workers: 4
[281.613s][debug][gc,phases      ] GC(146)     Dead                           Min: 0, Avg:  0.0, Max: 0, Diff: 0, Sum: 0, Workers: 4
[281.613s][debug][gc,phases      ] GC(146)     Total                          Min: 0, Avg: 164.2, Max: 593, Diff: 593, Sum: 657, Workers: 4
[281.613s][debug][gc,phases      ] GC(146)   ObjectSynchronizer Weak        Min:  0.0, Avg:  0.0, Max:  0.0, Diff:  0.0, Sum:  0.0, Workers: 4
[281.613s][debug][gc,phases      ] GC(146)     Dead                           Min: 0, Avg:  0.0, Max: 0, Diff: 0, Sum: 0, Workers: 4
[281.613s][debug][gc,phases      ] GC(146)     Total                          Min: 0, Avg: 102.8, Max: 256, Diff: 256, Sum: 411, Workers: 4
[281.613s][debug][gc,phases      ] GC(146)   JVMTI Tag Weak OopStorage      Min:  0.0, Avg:  0.0, Max:  0.0, Diff:  0.0, Sum:  0.0, Workers: 4
[281.613s][debug][gc,phases      ] GC(146)     Dead                           Min: 0, Avg:  0.0, Max: 0, Diff: 0, Sum: 0, Workers: 4
[281.613s][debug][gc,phases      ] GC(146)     Total                          Min: 0, Avg:  0.0, Max: 0, Diff: 0, Sum: 0, Workers: 4
[281.613s][debug][gc,phases      ] GC(146)   StringTable Weak               Min:  0.1, Avg:  0.1, Max:  0.1, Diff:  0.0, Sum:  0.4, Workers: 4
[281.613s][debug][gc,phases      ] GC(146)     Dead                           Min: 0, Avg:  0.0, Max: 0, Diff: 0, Sum: 0, Workers: 4
[281.613s][debug][gc,phases      ] GC(146)     Total                          Min: 11264, Avg: 11884.8, Max: 12544, Diff: 1280, Sum: 47539, Workers: 4
[281.613s][debug][gc,phases      ] GC(146)   ResolvedMethodTable Weak       Min:  0.0, Avg:  0.0, Max:  0.0, Diff:  0.0, Sum:  0.1, Workers: 4
[281.613s][debug][gc,phases      ] GC(146)     Dead                           Min: 0, Avg:  0.0, Max: 0, Diff: 0, Sum: 0, Workers: 4
[281.613s][debug][gc,phases      ] GC(146)     Total                          Min: 1951, Avg: 2035.2, Max: 2154, Diff: 203, Sum: 8141, Workers: 4
[281.613s][debug][gc,phases      ] GC(146)   JNI Weak                       Min:  0.0, Avg:  0.0, Max:  0.0, Diff:  0.0, Sum:  0.0, Workers: 4
[281.613s][debug][gc,phases      ] GC(146)     Dead                           Min: 0, Avg:  0.0, Max: 0, Diff: 0, Sum: 0, Workers: 4
[281.613s][debug][gc,phases      ] GC(146)     Total                          Min: 0, Avg:  0.0, Max: 0, Diff: 0, Sum: 0, Workers: 4
[281.613s][debug][gc,phases      ] GC(146)   StringDedup Table Weak         Min:  0.0, Avg:  0.0, Max:  0.0, Diff:  0.0, Sum:  0.0, Workers: 4
[281.613s][debug][gc,phases      ] GC(146)     Dead                           Min: 0, Avg:  0.0, Max: 0, Diff: 0, Sum: 0, Workers: 4
[281.613s][debug][gc,phases      ] GC(146)     Total                          Min: 0, Avg:  0.0, Max: 0, Diff: 0, Sum: 0, Workers: 4
[281.613s][debug][gc,phases      ] GC(146)   StringDedup Requests0 Weak     Min:  0.0, Avg:  0.0, Max:  0.0, Diff:  0.0, Sum:  0.0, Workers: 4
[281.613s][debug][gc,phases      ] GC(146)     Dead                           Min: 0, Avg:  0.0, Max: 0, Diff: 0, Sum: 0, Workers: 4
[281.613s][debug][gc,phases      ] GC(146)     Total                          Min: 0, Avg:  0.0, Max: 0, Diff: 0, Sum: 0, Workers: 4
[281.613s][debug][gc,phases      ] GC(146)   StringDedup Requests1 Weak     Min:  0.0, Avg:  0.0, Max:  0.0, Diff:  0.0, Sum:  0.0, Workers: 4
[281.613s][debug][gc,phases      ] GC(146)     Dead                           Min: 0, Avg:  0.0, Max: 0, Diff: 0, Sum: 0, Workers: 4
[281.613s][debug][gc,phases      ] GC(146)     Total                          Min: 0, Avg:  0.0, Max: 0, Diff: 0, Sum: 0, Workers: 4
[281.613s][debug][gc,phases      ] GC(146)   Weak JFR Old Object Samples    Min:  0.0, Avg:  0.0, Max:  0.0, Diff:  0.0, Sum:  0.0, Workers: 4
[281.613s][debug][gc,phases      ] GC(146)     Dead                           Min: 0, Avg:  0.0, Max: 0, Diff: 0, Sum: 0, Workers: 4
[281.613s][debug][gc,phases      ] GC(146)     Total                          Min: 0, Avg:  0.0, Max: 0, Diff: 0, Sum: 0, Workers: 4
[281.613s][debug][gc,phases      ] GC(146) Weak Processing 0.325ms
[281.613s][debug][gc,age         ] GC(146) Desired survivor size 474480640 bytes, new threshold 6 (max threshold 15)
[281.613s][info ][gc,heap        ] GC(146) PSYoungGen: 1068592K(1572864K)->2352K(1633792K) Eden: 1066496K(1066496K)->0K(1148416K) From: 2096K(506368K)->2352K(485376K)
[281.613s][info ][gc,heap        ] GC(146) ParOldGen: 495589K(631296K)->495589K(631296K)
[281.613s][info ][gc,metaspace   ] GC(146) Metaspace: 81905K(82688K)->81905K(82688K) NonClass: 70421K(70848K)->70421K(70848K) Class: 11484K(11840K)->11484K(11840K)
[281.613s][info ][gc             ] GC(146) Pause Young (Allocation Failure) 1527M->486M(2212M) 2.326ms
[281.613s][info ][gc,cpu         ] GC(146) User=0.01s Sys=0.00s Real=0.00s
[281.613s][info ][safepoint      ] Safepoint "ParallelGCFailedAllocation", Time since last: 847360594 ns, Reaching safepoint: 51801 ns, At safepoint: 2403147 ns, Total: 2454948 ns
[284.613s][info ][safepoint      ] Safepoint "Cleanup", Time since last: 3000191104 ns, Reaching safepoint: 115202 ns, At safepoint: 11000 ns, Total: 126202 ns
[286.613s][info ][safepoint      ] Safepoint "Cleanup", Time since last: 2000171602 ns, Reaching safepoint: 51101 ns, At safepoint: 6300 ns, Total: 57401 ns
[287.614s][info ][safepoint      ] Safepoint "Cleanup", Time since last: 1000088600 ns, Reaching safepoint: 127003 ns, At safepoint: 13200 ns, Total: 140203 ns
[288.614s][info ][safepoint      ] Safepoint "Cleanup", Time since last: 1000111301 ns, Reaching safepoint: 56601 ns, At safepoint: 6400 ns, Total: 63001 ns
[289.614s][info ][safepoint      ] Safepoint "Cleanup", Time since last: 1000108200 ns, Reaching safepoint: 38801 ns, At safepoint: 3100 ns, Total: 41901 ns
[290.614s][info ][safepoint      ] Safepoint "Cleanup", Time since last: 1000094099 ns, Reaching safepoint: 64502 ns, At safepoint: 13800 ns, Total: 78302 ns
[291.614s][info ][safepoint      ] Safepoint "Cleanup", Time since last: 1000092099 ns, Reaching safepoint: 48501 ns, At safepoint: 3600 ns, Total: 52101 ns
[292.614s][info ][safepoint      ] Safepoint "Cleanup", Time since last: 1000086799 ns, Reaching safepoint: 48101 ns, At safepoint: 5000 ns, Total: 53101 ns
[293.058s][info ][gc,start       ] GC(147) Pause Young (Allocation Failure)
[293.060s][debug][gc,phases      ] GC(147) Scavenge 1.837ms
[293.060s][debug][gc,ref         ] GC(147) Skipped phase 1 of Reference Processing: no references
[293.060s][debug][gc,ref         ] GC(147) Skipped phase 2 of Reference Processing: no references
[293.060s][debug][gc,ref         ] GC(147) Skipped phase 3 of Reference Processing: no references
[293.060s][debug][gc,ref         ] GC(147) ReferenceProcessor::execute queues: 1, RefProcThreadModel::Single, marks_oops_alive: false
[293.060s][debug][gc,phases      ] GC(147) Reference Processing 0.130ms
[293.060s][debug][gc,phases      ] GC(147)   VM Weak                        Min:  0.0, Avg:  0.0, Max:  0.0, Diff:  0.0, Sum:  0.0, Workers: 4
[293.060s][debug][gc,phases      ] GC(147)     Dead                           Min: 0, Avg:  0.0, Max: 0, Diff: 0, Sum: 0, Workers: 4
[293.060s][debug][gc,phases      ] GC(147)     Total                          Min: 0, Avg: 164.2, Max: 593, Diff: 593, Sum: 657, Workers: 4
[293.060s][debug][gc,phases      ] GC(147)   ObjectSynchronizer Weak        Min:  0.0, Avg:  0.0, Max:  0.0, Diff:  0.0, Sum:  0.0, Workers: 4
[293.060s][debug][gc,phases      ] GC(147)     Dead                           Min: 0, Avg:  0.0, Max: 0, Diff: 0, Sum: 0, Workers: 4
[293.060s][debug][gc,phases      ] GC(147)     Total                          Min: 0, Avg: 102.8, Max: 256, Diff: 256, Sum: 411, Workers: 4
[293.060s][debug][gc,phases      ] GC(147)   JVMTI Tag Weak OopStorage      Min:  0.0, Avg:  0.0, Max:  0.0, Diff:  0.0, Sum:  0.0, Workers: 4
[293.060s][debug][gc,phases      ] GC(147)     Dead                           Min: 0, Avg:  0.0, Max: 0, Diff: 0, Sum: 0, Workers: 4
[293.060s][debug][gc,phases      ] GC(147)     Total                          Min: 0, Avg:  0.0, Max: 0, Diff: 0, Sum: 0, Workers: 4
[293.060s][debug][gc,phases      ] GC(147)   StringTable Weak               Min:  0.1, Avg:  0.1, Max:  0.1, Diff:  0.0, Sum:  0.4, Workers: 4
[293.060s][debug][gc,phases      ] GC(147)     Dead                           Min: 0, Avg:  0.0, Max: 0, Diff: 0, Sum: 0, Workers: 4
[293.060s][debug][gc,phases      ] GC(147)     Total                          Min: 11255, Avg: 11885.8, Max: 12288, Diff: 1033, Sum: 47543, Workers: 4
[293.060s][debug][gc,phases      ] GC(147)   ResolvedMethodTable Weak       Min:  0.0, Avg:  0.0, Max:  0.0, Diff:  0.0, Sum:  0.1, Workers: 4
[293.060s][debug][gc,phases      ] GC(147)     Dead                           Min: 0, Avg:  0.0, Max: 0, Diff: 0, Sum: 0, Workers: 4
[293.060s][debug][gc,phases      ] GC(147)     Total                          Min: 1890, Avg: 2035.2, Max: 2130, Diff: 240, Sum: 8141, Workers: 4
[293.060s][debug][gc,phases      ] GC(147)   JNI Weak                       Min:  0.0, Avg:  0.0, Max:  0.0, Diff:  0.0, Sum:  0.0, Workers: 4
[293.060s][debug][gc,phases      ] GC(147)     Dead                           Min: 0, Avg:  0.0, Max: 0, Diff: 0, Sum: 0, Workers: 4
[293.060s][debug][gc,phases      ] GC(147)     Total                          Min: 0, Avg:  0.0, Max: 0, Diff: 0, Sum: 0, Workers: 4
[293.061s][debug][gc,phases      ] GC(147)   StringDedup Table Weak         Min:  0.0, Avg:  0.0, Max:  0.0, Diff:  0.0, Sum:  0.0, Workers: 4
[293.061s][debug][gc,phases      ] GC(147)     Dead                           Min: 0, Avg:  0.0, Max: 0, Diff: 0, Sum: 0, Workers: 4
[293.061s][debug][gc,phases      ] GC(147)     Total                          Min: 0, Avg:  0.0, Max: 0, Diff: 0, Sum: 0, Workers: 4
[293.061s][debug][gc,phases      ] GC(147)   StringDedup Requests0 Weak     Min:  0.0, Avg:  0.0, Max:  0.0, Diff:  0.0, Sum:  0.0, Workers: 4
[293.061s][debug][gc,phases      ] GC(147)     Dead                           Min: 0, Avg:  0.0, Max: 0, Diff: 0, Sum: 0, Workers: 4
[293.061s][debug][gc,phases      ] GC(147)     Total                          Min: 0, Avg:  0.0, Max: 0, Diff: 0, Sum: 0, Workers: 4
[293.061s][debug][gc,phases      ] GC(147)   StringDedup Requests1 Weak     Min:  0.0, Avg:  0.0, Max:  0.0, Diff:  0.0, Sum:  0.0, Workers: 4
[293.061s][debug][gc,phases      ] GC(147)     Dead                           Min: 0, Avg:  0.0, Max: 0, Diff: 0, Sum: 0, Workers: 4
[293.061s][debug][gc,phases      ] GC(147)     Total                          Min: 0, Avg:  0.0, Max: 0, Diff: 0, Sum: 0, Workers: 4
[293.061s][debug][gc,phases      ] GC(147)   Weak JFR Old Object Samples    Min:  0.0, Avg:  0.0, Max:  0.0, Diff:  0.0, Sum:  0.0, Workers: 4
[293.061s][debug][gc,phases      ] GC(147)     Dead                           Min: 0, Avg:  0.0, Max: 0, Diff: 0, Sum: 0, Workers: 4
[293.061s][debug][gc,phases      ] GC(147)     Total                          Min: 0, Avg:  0.0, Max: 0, Diff: 0, Sum: 0, Workers: 4
[293.061s][debug][gc,phases      ] GC(147) Weak Processing 0.323ms
[293.061s][debug][gc,age         ] GC(147) Desired survivor size 451411968 bytes, new threshold 7 (max threshold 15)
[293.061s][info ][gc,heap        ] GC(147) PSYoungGen: 1150768K(1633792K)->2720K(1611776K) Eden: 1148416K(1148416K)->0K(1148416K) From: 2352K(485376K)->2720K(463360K)
[293.061s][info ][gc,heap        ] GC(147) ParOldGen: 495589K(631296K)->495589K(631296K)
[293.061s][info ][gc,metaspace   ] GC(147) Metaspace: 81909K(82688K)->81909K(82688K) NonClass: 70425K(70848K)->70425K(70848K) Class: 11484K(11840K)->11484K(11840K)
[293.061s][info ][gc             ] GC(147) Pause Young (Allocation Failure) 1607M->486M(2190M) 2.401ms
[293.061s][info ][gc,cpu         ] GC(147) User=0.01s Sys=0.00s Real=0.00s
[293.061s][info ][safepoint      ] Safepoint "ParallelGCFailedAllocation", Time since last: 443674639 ns, Reaching safepoint: 109302 ns, At safepoint: 2477449 ns, Total: 2586751 ns
[294.061s][info ][safepoint      ] Safepoint "Cleanup", Time since last: 1000085698 ns, Reaching safepoint: 117603 ns, At safepoint: 11500 ns, Total: 129103 ns
[295.061s][info ][safepoint      ] Safepoint "Cleanup", Time since last: 1000099998 ns, Reaching safepoint: 118603 ns, At safepoint: 5700 ns, Total: 124303 ns
[296.061s][info ][safepoint      ] Safepoint "Cleanup", Time since last: 1000092698 ns, Reaching safepoint: 56001 ns, At safepoint: 4000 ns, Total: 60001 ns
[299.062s][info ][safepoint      ] Safepoint "Cleanup", Time since last: 3000250291 ns, Reaching safepoint: 48801 ns, At safepoint: 4500 ns, Total: 53301 ns
[300.062s][info ][safepoint      ] Safepoint "Cleanup", Time since last: 1000091696 ns, Reaching safepoint: 123303 ns, At safepoint: 13700 ns, Total: 137003 ns
[302.062s][info ][safepoint      ] Safepoint "Cleanup", Time since last: 2000150892 ns, Reaching safepoint: 50301 ns, At safepoint: 5200 ns, Total: 55501 ns
[305.062s][info ][safepoint      ] Safepoint "Cleanup", Time since last: 3000221185 ns, Reaching safepoint: 116202 ns, At safepoint: 11700 ns, Total: 127902 ns
[305.611s][info ][gc,start       ] GC(148) Pause Young (Allocation Failure)
[305.614s][debug][gc,phases      ] GC(148) Scavenge 2.288ms
[305.614s][debug][gc,ref         ] GC(148) Skipped phase 1 of Reference Processing: no references
[305.614s][debug][gc,ref         ] GC(148) ReferenceProcessor::execute queues: 1, RefProcThreadModel::Single, marks_oops_alive: false
[305.614s][debug][gc,ref         ] GC(148) Skipped phase 3 of Reference Processing: no references
[305.614s][debug][gc,ref         ] GC(148) ReferenceProcessor::execute queues: 1, RefProcThreadModel::Single, marks_oops_alive: false
[305.614s][debug][gc,phases      ] GC(148) Reference Processing 0.130ms
[305.614s][debug][gc,phases      ] GC(148)   VM Weak                        Min:  0.0, Avg:  0.0, Max:  0.0, Diff:  0.0, Sum:  0.0, Workers: 4
[305.614s][debug][gc,phases      ] GC(148)     Dead                           Min: 0, Avg:  0.0, Max: 0, Diff: 0, Sum: 0, Workers: 4
[305.614s][debug][gc,phases      ] GC(148)     Total                          Min: 0, Avg: 164.2, Max: 320, Diff: 320, Sum: 657, Workers: 4
[305.614s][debug][gc,phases      ] GC(148)   ObjectSynchronizer Weak        Min:  0.0, Avg:  0.0, Max:  0.0, Diff:  0.0, Sum:  0.0, Workers: 4
[305.614s][debug][gc,phases      ] GC(148)     Dead                           Min: 0, Avg:  0.0, Max: 0, Diff: 0, Sum: 0, Workers: 4
[305.614s][debug][gc,phases      ] GC(148)     Total                          Min: 0, Avg: 102.8, Max: 155, Diff: 155, Sum: 411, Workers: 4
[305.614s][debug][gc,phases      ] GC(148)   JVMTI Tag Weak OopStorage      Min:  0.0, Avg:  0.0, Max:  0.0, Diff:  0.0, Sum:  0.0, Workers: 4
[305.614s][debug][gc,phases      ] GC(148)     Dead                           Min: 0, Avg:  0.0, Max: 0, Diff: 0, Sum: 0, Workers: 4
[305.614s][debug][gc,phases      ] GC(148)     Total                          Min: 0, Avg:  0.0, Max: 0, Diff: 0, Sum: 0, Workers: 4
[305.614s][debug][gc,phases      ] GC(148)   StringTable Weak               Min:  0.1, Avg:  0.1, Max:  0.1, Diff:  0.0, Sum:  0.4, Workers: 4
[305.614s][debug][gc,phases      ] GC(148)     Dead                           Min: 0, Avg:  0.0, Max: 0, Diff: 0, Sum: 0, Workers: 4
[305.614s][debug][gc,phases      ] GC(148)     Total                          Min: 11392, Avg: 11886.0, Max: 12216, Diff: 824, Sum: 47544, Workers: 4
[305.614s][debug][gc,phases      ] GC(148)   ResolvedMethodTable Weak       Min:  0.0, Avg:  0.0, Max:  0.0, Diff:  0.0, Sum:  0.1, Workers: 4
[305.614s][debug][gc,phases      ] GC(148)     Dead                           Min: 0, Avg:  0.2, Max: 1, Diff: 1, Sum: 1, Workers: 4
[305.614s][debug][gc,phases      ] GC(148)     Total                          Min: 1909, Avg: 2035.5, Max: 2209, Diff: 300, Sum: 8142, Workers: 4
[305.614s][debug][gc,phases      ] GC(148)   JNI Weak                       Min:  0.0, Avg:  0.0, Max:  0.0, Diff:  0.0, Sum:  0.0, Workers: 4
[305.614s][debug][gc,phases      ] GC(148)     Dead                           Min: 0, Avg:  0.0, Max: 0, Diff: 0, Sum: 0, Workers: 4
[305.614s][debug][gc,phases      ] GC(148)     Total                          Min: 0, Avg:  0.0, Max: 0, Diff: 0, Sum: 0, Workers: 4
[305.614s][debug][gc,phases      ] GC(148)   StringDedup Table Weak         Min:  0.0, Avg:  0.0, Max:  0.0, Diff:  0.0, Sum:  0.0, Workers: 4
[305.614s][debug][gc,phases      ] GC(148)     Dead                           Min: 0, Avg:  0.0, Max: 0, Diff: 0, Sum: 0, Workers: 4
[305.614s][debug][gc,phases      ] GC(148)     Total                          Min: 0, Avg:  0.0, Max: 0, Diff: 0, Sum: 0, Workers: 4
[305.614s][debug][gc,phases      ] GC(148)   StringDedup Requests0 Weak     Min:  0.0, Avg:  0.0, Max:  0.0, Diff:  0.0, Sum:  0.0, Workers: 4
[305.614s][debug][gc,phases      ] GC(148)     Dead                           Min: 0, Avg:  0.0, Max: 0, Diff: 0, Sum: 0, Workers: 4
[305.614s][debug][gc,phases      ] GC(148)     Total                          Min: 0, Avg:  0.0, Max: 0, Diff: 0, Sum: 0, Workers: 4
[305.614s][debug][gc,phases      ] GC(148)   StringDedup Requests1 Weak     Min:  0.0, Avg:  0.0, Max:  0.0, Diff:  0.0, Sum:  0.0, Workers: 4
[305.614s][debug][gc,phases      ] GC(148)     Dead                           Min: 0, Avg:  0.0, Max: 0, Diff: 0, Sum: 0, Workers: 4
[305.614s][debug][gc,phases      ] GC(148)     Total                          Min: 0, Avg:  0.0, Max: 0, Diff: 0, Sum: 0, Workers: 4
[305.614s][debug][gc,phases      ] GC(148)   Weak JFR Old Object Samples    Min:  0.0, Avg:  0.0, Max:  0.0, Diff:  0.0, Sum:  0.0, Workers: 4
[305.614s][debug][gc,phases      ] GC(148)     Dead                           Min: 0, Avg:  0.0, Max: 0, Diff: 0, Sum: 0, Workers: 4
[305.614s][debug][gc,phases      ] GC(148)     Total                          Min: 0, Avg:  0.0, Max: 0, Diff: 0, Sum: 0, Workers: 4
[305.614s][debug][gc,phases      ] GC(148) Weak Processing 0.327ms
[305.614s][debug][gc,age         ] GC(148) Desired survivor size 427819008 bytes, new threshold 8 (max threshold 15)
[305.614s][info ][gc,heap        ] GC(148) PSYoungGen: 1151136K(1611776K)->3680K(1679360K) Eden: 1148416K(1148416K)->0K(1238528K) From: 2720K(463360K)->3680K(440832K)
[305.614s][info ][gc,heap        ] GC(148) ParOldGen: 495589K(631296K)->495589K(631296K)
[305.614s][info ][gc,metaspace   ] GC(148) Metaspace: 81917K(82752K)->81917K(82752K) NonClass: 70432K(70912K)->70432K(70912K) Class: 11484K(11840K)->11484K(11840K)
[305.614s][info ][gc             ] GC(148) Pause Young (Allocation Failure) 1608M->487M(2256M) 2.855ms
[305.614s][info ][gc,cpu         ] GC(148) User=0.01s Sys=0.00s Real=0.00s
[305.614s][info ][safepoint      ] Safepoint "ParallelGCFailedAllocation", Time since last: 548936811 ns, Reaching safepoint: 121302 ns, At safepoint: 2934058 ns, Total: 3055360 ns
[306.615s][info ][safepoint      ] Safepoint "Cleanup", Time since last: 1000047693 ns, Reaching safepoint: 113103 ns, At safepoint: 12100 ns, Total: 125203 ns
[307.615s][info ][safepoint      ] Safepoint "Cleanup", Time since last: 1000086894 ns, Reaching safepoint: 50601 ns, At safepoint: 5200 ns, Total: 55801 ns
[308.615s][info ][safepoint      ] Safepoint "Cleanup", Time since last: 1000098994 ns, Reaching safepoint: 120903 ns, At safepoint: 15900 ns, Total: 136803 ns
[310.346s][info ][safepoint      ] Safepoint "Cleanup", Time since last: 1730967186 ns, Reaching safepoint: 94802 ns, At safepoint: 5900 ns, Total: 100702 ns
[311.346s][info ][safepoint      ] Safepoint "Cleanup", Time since last: 1000113993 ns, Reaching safepoint: 63902 ns, At safepoint: 9000 ns, Total: 72902 ns
[313.346s][info ][safepoint      ] Safepoint "Cleanup", Time since last: 2000175485 ns, Reaching safepoint: 53601 ns, At safepoint: 11000 ns, Total: 64601 ns
[314.347s][info ][safepoint      ] Safepoint "Cleanup", Time since last: 1000102893 ns, Reaching safepoint: 65201 ns, At safepoint: 6100 ns, Total: 71301 ns
[315.347s][info ][safepoint      ] Safepoint "Cleanup", Time since last: 1000106592 ns, Reaching safepoint: 47701 ns, At safepoint: 23201 ns, Total: 70902 ns
[316.347s][info ][safepoint      ] Safepoint "Cleanup", Time since last: 1000102392 ns, Reaching safepoint: 47701 ns, At safepoint: 8200 ns, Total: 55901 ns
[317.347s][info ][safepoint      ] Safepoint "Cleanup", Time since last: 1000109091 ns, Reaching safepoint: 42301 ns, At safepoint: 8200 ns, Total: 50501 ns
[318.347s][info ][safepoint      ] Safepoint "Cleanup", Time since last: 1000100492 ns, Reaching safepoint: 55201 ns, At safepoint: 6400 ns, Total: 61601 ns
[318.354s][info ][gc,start       ] GC(149) Pause Young (Allocation Failure)
[318.355s][debug][gc,phases      ] GC(149) Scavenge 1.854ms
[318.355s][debug][gc,ref         ] GC(149) Skipped phase 1 of Reference Processing: no references
[318.356s][debug][gc,ref         ] GC(149) ReferenceProcessor::execute queues: 1, RefProcThreadModel::Single, marks_oops_alive: false
[318.356s][debug][gc,ref         ] GC(149) Skipped phase 3 of Reference Processing: no references
[318.356s][debug][gc,ref         ] GC(149) ReferenceProcessor::execute queues: 1, RefProcThreadModel::Single, marks_oops_alive: false
[318.356s][debug][gc,phases      ] GC(149) Reference Processing 0.115ms
[318.356s][debug][gc,phases      ] GC(149)   VM Weak                        Min:  0.0, Avg:  0.0, Max:  0.0, Diff:  0.0, Sum:  0.0, Workers: 4
[318.356s][debug][gc,phases      ] GC(149)     Dead                           Min: 0, Avg:  0.0, Max: 0, Diff: 0, Sum: 0, Workers: 4
[318.356s][debug][gc,phases      ] GC(149)     Total                          Min: 0, Avg: 164.2, Max: 576, Diff: 576, Sum: 657, Workers: 4
[318.356s][debug][gc,phases      ] GC(149)   ObjectSynchronizer Weak        Min:  0.0, Avg:  0.0, Max:  0.0, Diff:  0.0, Sum:  0.0, Workers: 4
[318.356s][debug][gc,phases      ] GC(149)     Dead                           Min: 0, Avg:  0.0, Max: 0, Diff: 0, Sum: 0, Workers: 4
[318.356s][debug][gc,phases      ] GC(149)     Total                          Min: 0, Avg: 102.8, Max: 219, Diff: 219, Sum: 411, Workers: 4
[318.356s][debug][gc,phases      ] GC(149)   JVMTI Tag Weak OopStorage      Min:  0.0, Avg:  0.0, Max:  0.0, Diff:  0.0, Sum:  0.0, Workers: 4
[318.356s][debug][gc,phases      ] GC(149)     Dead                           Min: 0, Avg:  0.0, Max: 0, Diff: 0, Sum: 0, Workers: 4
[318.356s][debug][gc,phases      ] GC(149)     Total                          Min: 0, Avg:  0.0, Max: 0, Diff: 0, Sum: 0, Workers: 4
[318.356s][debug][gc,phases      ] GC(149)   StringTable Weak               Min:  0.1, Avg:  0.1, Max:  0.1, Diff:  0.0, Sum:  0.4, Workers: 4
[318.356s][debug][gc,phases      ] GC(149)     Dead                           Min: 0, Avg:  0.0, Max: 0, Diff: 0, Sum: 0, Workers: 4
[318.356s][debug][gc,phases      ] GC(149)     Total                          Min: 10240, Avg: 11887.0, Max: 12860, Diff: 2620, Sum: 47548, Workers: 4
[318.356s][debug][gc,phases      ] GC(149)   ResolvedMethodTable Weak       Min:  0.0, Avg:  0.0, Max:  0.0, Diff:  0.0, Sum:  0.1, Workers: 4
[318.356s][debug][gc,phases      ] GC(149)     Dead                           Min: 0, Avg:  0.0, Max: 0, Diff: 0, Sum: 0, Workers: 4
[318.356s][debug][gc,phases      ] GC(149)     Total                          Min: 1953, Avg: 2036.5, Max: 2154, Diff: 201, Sum: 8146, Workers: 4
[318.356s][debug][gc,phases      ] GC(149)   JNI Weak                       Min:  0.0, Avg:  0.0, Max:  0.0, Diff:  0.0, Sum:  0.0, Workers: 4
[318.356s][debug][gc,phases      ] GC(149)     Dead                           Min: 0, Avg:  0.0, Max: 0, Diff: 0, Sum: 0, Workers: 4
[318.356s][debug][gc,phases      ] GC(149)     Total                          Min: 0, Avg:  0.0, Max: 0, Diff: 0, Sum: 0, Workers: 4
[318.356s][debug][gc,phases      ] GC(149)   StringDedup Table Weak         Min:  0.0, Avg:  0.0, Max:  0.0, Diff:  0.0, Sum:  0.0, Workers: 4
[318.356s][debug][gc,phases      ] GC(149)     Dead                           Min: 0, Avg:  0.0, Max: 0, Diff: 0, Sum: 0, Workers: 4
[318.356s][debug][gc,phases      ] GC(149)     Total                          Min: 0, Avg:  0.0, Max: 0, Diff: 0, Sum: 0, Workers: 4
[318.356s][debug][gc,phases      ] GC(149)   StringDedup Requests0 Weak     Min:  0.0, Avg:  0.0, Max:  0.0, Diff:  0.0, Sum:  0.0, Workers: 4
[318.356s][debug][gc,phases      ] GC(149)     Dead                           Min: 0, Avg:  0.0, Max: 0, Diff: 0, Sum: 0, Workers: 4
[318.356s][debug][gc,phases      ] GC(149)     Total                          Min: 0, Avg:  0.0, Max: 0, Diff: 0, Sum: 0, Workers: 4
[318.356s][debug][gc,phases      ] GC(149)   StringDedup Requests1 Weak     Min:  0.0, Avg:  0.0, Max:  0.0, Diff:  0.0, Sum:  0.0, Workers: 4
[318.356s][debug][gc,phases      ] GC(149)     Dead                           Min: 0, Avg:  0.0, Max: 0, Diff: 0, Sum: 0, Workers: 4
[318.356s][debug][gc,phases      ] GC(149)     Total                          Min: 0, Avg:  0.0, Max: 0, Diff: 0, Sum: 0, Workers: 4
[318.356s][debug][gc,phases      ] GC(149)   Weak JFR Old Object Samples    Min:  0.0, Avg:  0.0, Max:  0.0, Diff:  0.0, Sum:  0.0, Workers: 4
[318.356s][debug][gc,phases      ] GC(149)     Dead                           Min: 0, Avg:  0.0, Max: 0, Diff: 0, Sum: 0, Workers: 4
[318.356s][debug][gc,phases      ] GC(149)     Total                          Min: 0, Avg:  0.0, Max: 0, Diff: 0, Sum: 0, Workers: 4
[318.356s][debug][gc,phases      ] GC(149) Weak Processing 0.318ms
[318.356s][debug][gc,age         ] GC(149) Desired survivor size 405274624 bytes, new threshold 9 (max threshold 15)
[318.356s][info ][gc,heap        ] GC(149) PSYoungGen: 1242208K(1679360K)->2992K(1656320K) Eden: 1238528K(1238528K)->0K(1238528K) From: 3680K(440832K)->2992K(417792K)
[318.356s][info ][gc,heap        ] GC(149) ParOldGen: 495589K(631296K)->495597K(631296K)
[318.356s][info ][gc,metaspace   ] GC(149) Metaspace: 81943K(82752K)->81943K(82752K) NonClass: 70457K(70912K)->70457K(70912K) Class: 11486K(11840K)->11486K(11840K)
[318.356s][info ][gc             ] GC(149) Pause Young (Allocation Failure) 1697M->486M(2234M) 2.389ms
[318.356s][info ][gc,cpu         ] GC(149) User=0.01s Sys=0.00s Real=0.00s
[318.356s][info ][safepoint      ] Safepoint "ParallelGCFailedAllocation", Time since last: 6174921 ns, Reaching safepoint: 87702 ns, At safepoint: 2467449 ns, Total: 2555151 ns
[320.356s][info ][safepoint      ] Safepoint "Cleanup", Time since last: 2000165581 ns, Reaching safepoint: 127702 ns, At safepoint: 11700 ns, Total: 139402 ns
[324.357s][info ][safepoint      ] Safepoint "Cleanup", Time since last: 4000325658 ns, Reaching safepoint: 120103 ns, At safepoint: 6300 ns, Total: 126403 ns
[325.357s][info ][safepoint      ] Safepoint "Cleanup", Time since last: 1000114389 ns, Reaching safepoint: 129403 ns, At safepoint: 10700 ns, Total: 140103 ns
[328.357s][info ][safepoint      ] Safepoint "Cleanup", Time since last: 3000240665 ns, Reaching safepoint: 122902 ns, At safepoint: 15700 ns, Total: 138602 ns
[330.358s][info ][safepoint      ] Safepoint "Cleanup", Time since last: 2000160875 ns, Reaching safepoint: 123703 ns, At safepoint: 13200 ns, Total: 136903 ns
[331.858s][info ][gc,start       ] GC(150) Pause Young (Allocation Failure)
[331.860s][debug][gc,phases      ] GC(150) Scavenge 1.852ms
[331.860s][debug][gc,ref         ] GC(150) Skipped phase 1 of Reference Processing: no references
[331.860s][debug][gc,ref         ] GC(150) ReferenceProcessor::execute queues: 1, RefProcThreadModel::Single, marks_oops_alive: false
[331.860s][debug][gc,ref         ] GC(150) Skipped phase 3 of Reference Processing: no references
[331.860s][debug][gc,ref         ] GC(150) Skipped phase 4 of Reference Processing: no references
[331.860s][debug][gc,phases      ] GC(150) Reference Processing 0.114ms
[331.860s][debug][gc,phases      ] GC(150)   VM Weak                        Min:  0.0, Avg:  0.0, Max:  0.0, Diff:  0.0, Sum:  0.0, Workers: 4
[331.860s][debug][gc,phases      ] GC(150)     Dead                           Min: 0, Avg:  0.0, Max: 0, Diff: 0, Sum: 0, Workers: 4
[331.860s][debug][gc,phases      ] GC(150)     Total                          Min: 0, Avg: 164.2, Max: 384, Diff: 384, Sum: 657, Workers: 4
[331.861s][debug][gc,phases      ] GC(150)   ObjectSynchronizer Weak        Min:  0.0, Avg:  0.0, Max:  0.0, Diff:  0.0, Sum:  0.0, Workers: 4
[331.861s][debug][gc,phases      ] GC(150)     Dead                           Min: 0, Avg:  0.0, Max: 0, Diff: 0, Sum: 0, Workers: 4
[331.861s][debug][gc,phases      ] GC(150)     Total                          Min: 0, Avg: 102.8, Max: 155, Diff: 155, Sum: 411, Workers: 4
[331.861s][debug][gc,phases      ] GC(150)   JVMTI Tag Weak OopStorage      Min:  0.0, Avg:  0.0, Max:  0.0, Diff:  0.0, Sum:  0.0, Workers: 4
[331.861s][debug][gc,phases      ] GC(150)     Dead                           Min: 0, Avg:  0.0, Max: 0, Diff: 0, Sum: 0, Workers: 4
[331.861s][debug][gc,phases      ] GC(150)     Total                          Min: 0, Avg:  0.0, Max: 0, Diff: 0, Sum: 0, Workers: 4
[331.861s][debug][gc,phases      ] GC(150)   StringTable Weak               Min:  0.1, Avg:  0.1, Max:  0.1, Diff:  0.0, Sum:  0.4, Workers: 4
[331.861s][debug][gc,phases      ] GC(150)     Dead                           Min: 0, Avg:  0.0, Max: 0, Diff: 0, Sum: 0, Workers: 4
[331.861s][debug][gc,phases      ] GC(150)     Total                          Min: 11072, Avg: 11900.5, Max: 12850, Diff: 1778, Sum: 47602, Workers: 4
[331.861s][debug][gc,phases      ] GC(150)   ResolvedMethodTable Weak       Min:  0.0, Avg:  0.0, Max:  0.0, Diff:  0.0, Sum:  0.1, Workers: 4
[331.861s][debug][gc,phases      ] GC(150)     Dead                           Min: 0, Avg:  0.0, Max: 0, Diff: 0, Sum: 0, Workers: 4
[331.861s][debug][gc,phases      ] GC(150)     Total                          Min: 1901, Avg: 2036.5, Max: 2208, Diff: 307, Sum: 8146, Workers: 4
[331.861s][debug][gc,phases      ] GC(150)   JNI Weak                       Min:  0.0, Avg:  0.0, Max:  0.0, Diff:  0.0, Sum:  0.0, Workers: 4
[331.861s][debug][gc,phases      ] GC(150)     Dead                           Min: 0, Avg:  0.0, Max: 0, Diff: 0, Sum: 0, Workers: 4
[331.861s][debug][gc,phases      ] GC(150)     Total                          Min: 0, Avg:  0.0, Max: 0, Diff: 0, Sum: 0, Workers: 4
[331.861s][debug][gc,phases      ] GC(150)   StringDedup Table Weak         Min:  0.0, Avg:  0.0, Max:  0.0, Diff:  0.0, Sum:  0.0, Workers: 4
[331.861s][debug][gc,phases      ] GC(150)     Dead                           Min: 0, Avg:  0.0, Max: 0, Diff: 0, Sum: 0, Workers: 4
[331.861s][debug][gc,phases      ] GC(150)     Total                          Min: 0, Avg:  0.0, Max: 0, Diff: 0, Sum: 0, Workers: 4
[331.861s][debug][gc,phases      ] GC(150)   StringDedup Requests0 Weak     Min:  0.0, Avg:  0.0, Max:  0.0, Diff:  0.0, Sum:  0.0, Workers: 4
[331.861s][debug][gc,phases      ] GC(150)     Dead                           Min: 0, Avg:  0.0, Max: 0, Diff: 0, Sum: 0, Workers: 4
[331.861s][debug][gc,phases      ] GC(150)     Total                          Min: 0, Avg:  0.0, Max: 0, Diff: 0, Sum: 0, Workers: 4
[331.861s][debug][gc,phases      ] GC(150)   StringDedup Requests1 Weak     Min:  0.0, Avg:  0.0, Max:  0.0, Diff:  0.0, Sum:  0.0, Workers: 4
[331.861s][debug][gc,phases      ] GC(150)     Dead                           Min: 0, Avg:  0.0, Max: 0, Diff: 0, Sum: 0, Workers: 4
[331.861s][debug][gc,phases      ] GC(150)     Total                          Min: 0, Avg:  0.0, Max: 0, Diff: 0, Sum: 0, Workers: 4
[331.861s][debug][gc,phases      ] GC(150)   Weak JFR Old Object Samples    Min:  0.0, Avg:  0.0, Max:  0.0, Diff:  0.0, Sum:  0.0, Workers: 4
[331.861s][debug][gc,phases      ] GC(150)     Dead                           Min: 0, Avg:  0.0, Max: 0, Diff: 0, Sum: 0, Workers: 4
[331.861s][debug][gc,phases      ] GC(150)     Total                          Min: 0, Avg:  0.0, Max: 0, Diff: 0, Sum: 0, Workers: 4
[331.861s][debug][gc,phases      ] GC(150) Weak Processing 0.321ms
[331.861s][debug][gc,age         ] GC(150) Desired survivor size 382205952 bytes, new threshold 10 (max threshold 15)
[331.861s][info ][gc,heap        ] GC(150) PSYoungGen: 1241520K(1656320K)->3440K(1723904K) Eden: 1238528K(1238528K)->0K(1328128K) From: 2992K(417792K)->3440K(395776K)
[331.861s][info ][gc,heap        ] GC(150) ParOldGen: 495597K(631296K)->495605K(631296K)
[331.861s][info ][gc,metaspace   ] GC(150) Metaspace: 81968K(82752K)->81968K(82752K) NonClass: 70482K(70912K)->70482K(70912K) Class: 11486K(11840K)->11486K(11840K)
[331.861s][info ][gc             ] GC(150) Pause Young (Allocation Failure) 1696M->487M(2300M) 2.400ms
[331.861s][info ][gc,cpu         ] GC(150) User=0.01s Sys=0.00s Real=0.00s
[331.861s][info ][safepoint      ] Safepoint "ParallelGCFailedAllocation", Time since last: 1500496238 ns, Reaching safepoint: 127902 ns, At safepoint: 2480949 ns, Total: 2608851 ns
[332.861s][info ][safepoint      ] Safepoint "Cleanup", Time since last: 1000087887 ns, Reaching safepoint: 40001 ns, At safepoint: 4500 ns, Total: 44501 ns
[334.861s][info ][safepoint      ] Safepoint "Cleanup", Time since last: 2000166772 ns, Reaching safepoint: 99602 ns, At safepoint: 12300 ns, Total: 111902 ns
[335.861s][info ][safepoint      ] Safepoint "Cleanup", Time since last: 1000096586 ns, Reaching safepoint: 56201 ns, At safepoint: 9301 ns, Total: 65502 ns
[336.861s][info ][safepoint      ] Safepoint "Cleanup", Time since last: 1000094685 ns, Reaching safepoint: 46401 ns, At safepoint: 2900 ns, Total: 49301 ns
[337.862s][info ][safepoint      ] Safepoint "Cleanup", Time since last: 1000093386 ns, Reaching safepoint: 51801 ns, At safepoint: 5200 ns, Total: 57001 ns
[338.862s][info ][safepoint      ] Safepoint "Cleanup", Time since last: 1000090085 ns, Reaching safepoint: 47501 ns, At safepoint: 10600 ns, Total: 58101 ns
[339.862s][info ][safepoint      ] Safepoint "Cleanup", Time since last: 1000102085 ns, Reaching safepoint: 98502 ns, At safepoint: 12200 ns, Total: 110702 ns
[340.862s][info ][safepoint      ] Safepoint "Cleanup", Time since last: 1000103785 ns, Reaching safepoint: 94302 ns, At safepoint: 13900 ns, Total: 108202 ns
[341.862s][info ][safepoint      ] Safepoint "Cleanup", Time since last: 1000102685 ns, Reaching safepoint: 41200 ns, At safepoint: 2800 ns, Total: 44000 ns
[342.863s][info ][safepoint      ] Safepoint "Cleanup", Time since last: 1000089484 ns, Reaching safepoint: 106802 ns, At safepoint: 11201 ns, Total: 118003 ns
[344.863s][info ][safepoint      ] Safepoint "Cleanup", Time since last: 2000160666 ns, Reaching safepoint: 52101 ns, At safepoint: 3900 ns, Total: 56001 ns
[345.863s][info ][safepoint      ] Safepoint "Cleanup", Time since last: 1000112384 ns, Reaching safepoint: 44101 ns, At safepoint: 3400 ns, Total: 47501 ns
[346.061s][info ][gc,start       ] GC(151) Pause Young (Allocation Failure)
[346.063s][debug][gc,phases      ] GC(151) Scavenge 1.820ms
[346.063s][debug][gc,ref         ] GC(151) Skipped phase 1 of Reference Processing: no references
[346.063s][debug][gc,ref         ] GC(151) ReferenceProcessor::execute queues: 1, RefProcThreadModel::Single, marks_oops_alive: false
[346.063s][debug][gc,ref         ] GC(151) Skipped phase 3 of Reference Processing: no references
[346.063s][debug][gc,ref         ] GC(151) Skipped phase 4 of Reference Processing: no references
[346.063s][debug][gc,phases      ] GC(151) Reference Processing 0.108ms
[346.063s][debug][gc,phases      ] GC(151)   VM Weak                        Min:  0.0, Avg:  0.0, Max:  0.0, Diff:  0.0, Sum:  0.0, Workers: 4
[346.063s][debug][gc,phases      ] GC(151)     Dead                           Min: 0, Avg:  0.0, Max: 0, Diff: 0, Sum: 0, Workers: 4
[346.063s][debug][gc,phases      ] GC(151)     Total                          Min: 0, Avg: 164.2, Max: 512, Diff: 512, Sum: 657, Workers: 4
[346.063s][debug][gc,phases      ] GC(151)   ObjectSynchronizer Weak        Min:  0.0, Avg:  0.0, Max:  0.0, Diff:  0.0, Sum:  0.0, Workers: 4
[346.063s][debug][gc,phases      ] GC(151)     Dead                           Min: 0, Avg:  0.0, Max: 0, Diff: 0, Sum: 0, Workers: 4
[346.063s][debug][gc,phases      ] GC(151)     Total                          Min: 0, Avg: 102.8, Max: 155, Diff: 155, Sum: 411, Workers: 4
[346.063s][debug][gc,phases      ] GC(151)   JVMTI Tag Weak OopStorage      Min:  0.0, Avg:  0.0, Max:  0.0, Diff:  0.0, Sum:  0.0, Workers: 4
[346.063s][debug][gc,phases      ] GC(151)     Dead                           Min: 0, Avg:  0.0, Max: 0, Diff: 0, Sum: 0, Workers: 4
[346.063s][debug][gc,phases      ] GC(151)     Total                          Min: 0, Avg:  0.0, Max: 0, Diff: 0, Sum: 0, Workers: 4
[346.063s][debug][gc,phases      ] GC(151)   StringTable Weak               Min:  0.1, Avg:  0.1, Max:  0.1, Diff:  0.0, Sum:  0.4, Workers: 4
[346.063s][debug][gc,phases      ] GC(151)     Dead                           Min: 0, Avg:  0.0, Max: 0, Diff: 0, Sum: 0, Workers: 4
[346.063s][debug][gc,phases      ] GC(151)     Total                          Min: 11072, Avg: 11900.5, Max: 12800, Diff: 1728, Sum: 47602, Workers: 4
[346.063s][debug][gc,phases      ] GC(151)   ResolvedMethodTable Weak       Min:  0.0, Avg:  0.0, Max:  0.0, Diff:  0.0, Sum:  0.1, Workers: 4
[346.063s][debug][gc,phases      ] GC(151)     Dead                           Min: 0, Avg:  0.0, Max: 0, Diff: 0, Sum: 0, Workers: 4
[346.063s][debug][gc,phases      ] GC(151)     Total                          Min: 1704, Avg: 2036.5, Max: 2194, Diff: 490, Sum: 8146, Workers: 4
[346.063s][debug][gc,phases      ] GC(151)   JNI Weak                       Min:  0.0, Avg:  0.0, Max:  0.0, Diff:  0.0, Sum:  0.0, Workers: 4
[346.063s][debug][gc,phases      ] GC(151)     Dead                           Min: 0, Avg:  0.0, Max: 0, Diff: 0, Sum: 0, Workers: 4
[346.063s][debug][gc,phases      ] GC(151)     Total                          Min: 0, Avg:  0.0, Max: 0, Diff: 0, Sum: 0, Workers: 4
[346.063s][debug][gc,phases      ] GC(151)   StringDedup Table Weak         Min:  0.0, Avg:  0.0, Max:  0.0, Diff:  0.0, Sum:  0.0, Workers: 4
[346.063s][debug][gc,phases      ] GC(151)     Dead                           Min: 0, Avg:  0.0, Max: 0, Diff: 0, Sum: 0, Workers: 4
[346.063s][debug][gc,phases      ] GC(151)     Total                          Min: 0, Avg:  0.0, Max: 0, Diff: 0, Sum: 0, Workers: 4
[346.063s][debug][gc,phases      ] GC(151)   StringDedup Requests0 Weak     Min:  0.0, Avg:  0.0, Max:  0.0, Diff:  0.0, Sum:  0.0, Workers: 4
[346.063s][debug][gc,phases      ] GC(151)     Dead                           Min: 0, Avg:  0.0, Max: 0, Diff: 0, Sum: 0, Workers: 4
[346.063s][debug][gc,phases      ] GC(151)     Total                          Min: 0, Avg:  0.0, Max: 0, Diff: 0, Sum: 0, Workers: 4
[346.063s][debug][gc,phases      ] GC(151)   StringDedup Requests1 Weak     Min:  0.0, Avg:  0.0, Max:  0.0, Diff:  0.0, Sum:  0.0, Workers: 4
[346.063s][debug][gc,phases      ] GC(151)     Dead                           Min: 0, Avg:  0.0, Max: 0, Diff: 0, Sum: 0, Workers: 4
[346.063s][debug][gc,phases      ] GC(151)     Total                          Min: 0, Avg:  0.0, Max: 0, Diff: 0, Sum: 0, Workers: 4
[346.063s][debug][gc,phases      ] GC(151)   Weak JFR Old Object Samples    Min:  0.0, Avg:  0.0, Max:  0.0, Diff:  0.0, Sum:  0.0, Workers: 4
[346.063s][debug][gc,phases      ] GC(151)     Dead                           Min: 0, Avg:  0.0, Max: 0, Diff: 0, Sum: 0, Workers: 4
[346.063s][debug][gc,phases      ] GC(151)     Total                          Min: 0, Avg:  0.0, Max: 0, Diff: 0, Sum: 0, Workers: 4
[346.063s][debug][gc,phases      ] GC(151) Weak Processing 0.316ms
[346.063s][debug][gc,age         ] GC(151) Desired survivor size 360185856 bytes, new threshold 11 (max threshold 15)
[346.063s][info ][gc,heap        ] GC(151) PSYoungGen: 1331568K(1723904K)->3056K(1701376K) Eden: 1328128K(1328128K)->0K(1328128K) From: 3440K(395776K)->3056K(373248K)
[346.063s][info ][gc,heap        ] GC(151) ParOldGen: 495605K(631296K)->495605K(631296K)
[346.063s][info ][gc,metaspace   ] GC(151) Metaspace: 81972K(82752K)->81972K(82752K) NonClass: 70485K(70912K)->70485K(70912K) Class: 11486K(11840K)->11486K(11840K)
[346.063s][info ][gc             ] GC(151) Pause Young (Allocation Failure) 1784M->486M(2278M) 2.344ms
[346.063s][info ][gc,cpu         ] GC(151) User=0.01s Sys=0.00s Real=0.01s
[346.063s][info ][safepoint      ] Safepoint "ParallelGCFailedAllocation", Time since last: 197996497 ns, Reaching safepoint: 43400 ns, At safepoint: 2415948 ns, Total: 2459348 ns
[347.063s][info ][safepoint      ] Safepoint "Cleanup", Time since last: 1000082482 ns, Reaching safepoint: 40201 ns, At safepoint: 2900 ns, Total: 43101 ns
[349.064s][info ][safepoint      ] Safepoint "Cleanup", Time since last: 2000109564 ns, Reaching safepoint: 46600 ns, At safepoint: 6501 ns, Total: 53101 ns
[350.064s][info ][safepoint      ] Safepoint "Cleanup", Time since last: 1000091682 ns, Reaching safepoint: 86101 ns, At safepoint: 8100 ns, Total: 94201 ns
[351.064s][info ][safepoint      ] Safepoint "Cleanup", Time since last: 1000091482 ns, Reaching safepoint: 56301 ns, At safepoint: 8600 ns, Total: 64901 ns
[354.064s][info ][safepoint      ] Safepoint "Cleanup", Time since last: 3000165941 ns, Reaching safepoint: 59602 ns, At safepoint: 6200 ns, Total: 65802 ns
[356.064s][info ][safepoint      ] Safepoint "Cleanup", Time since last: 2000173860 ns, Reaching safepoint: 45801 ns, At safepoint: 8300 ns, Total: 54101 ns
[357.065s][info ][safepoint      ] Safepoint "Cleanup", Time since last: 1000089580 ns, Reaching safepoint: 45401 ns, At safepoint: 3000 ns, Total: 48401 ns
[358.065s][info ][safepoint      ] Safepoint "Cleanup", Time since last: 1000097980 ns, Reaching safepoint: 94302 ns, At safepoint: 6000 ns, Total: 100302 ns
[359.065s][info ][safepoint      ] Safepoint "Cleanup", Time since last: 1000107980 ns, Reaching safepoint: 61701 ns, At safepoint: 8500 ns, Total: 70201 ns
[360.065s][info ][safepoint      ] Safepoint "Cleanup", Time since last: 1000092379 ns, Reaching safepoint: 50201 ns, At safepoint: 3100 ns, Total: 53301 ns
[361.461s][info ][gc,start       ] GC(152) Pause Young (Allocation Failure)
[361.463s][debug][gc,phases      ] GC(152) Scavenge 2.125ms
[361.463s][debug][gc,ref         ] GC(152) Skipped phase 1 of Reference Processing: no references
[361.463s][debug][gc,ref         ] GC(152) ReferenceProcessor::execute queues: 1, RefProcThreadModel::Single, marks_oops_alive: false
[361.463s][debug][gc,ref         ] GC(152) Skipped phase 3 of Reference Processing: no references
[361.463s][debug][gc,ref         ] GC(152) ReferenceProcessor::execute queues: 1, RefProcThreadModel::Single, marks_oops_alive: false
[361.463s][debug][gc,phases      ] GC(152) Reference Processing 0.112ms
[361.463s][debug][gc,phases      ] GC(152)   VM Weak                        Min:  0.0, Avg:  0.0, Max:  0.0, Diff:  0.0, Sum:  0.0, Workers: 4
[361.463s][debug][gc,phases      ] GC(152)     Dead                           Min: 0, Avg:  0.0, Max: 0, Diff: 0, Sum: 0, Workers: 4
[361.463s][debug][gc,phases      ] GC(152)     Total                          Min: 0, Avg: 164.2, Max: 640, Diff: 640, Sum: 657, Workers: 4
[361.463s][debug][gc,phases      ] GC(152)   ObjectSynchronizer Weak        Min:  0.0, Avg:  0.0, Max:  0.0, Diff:  0.0, Sum:  0.0, Workers: 4
[361.463s][debug][gc,phases      ] GC(152)     Dead                           Min: 0, Avg:  0.0, Max: 0, Diff: 0, Sum: 0, Workers: 4
[361.463s][debug][gc,phases      ] GC(152)     Total                          Min: 0, Avg: 102.8, Max: 219, Diff: 219, Sum: 411, Workers: 4
[361.463s][debug][gc,phases      ] GC(152)   JVMTI Tag Weak OopStorage      Min:  0.0, Avg:  0.0, Max:  0.0, Diff:  0.0, Sum:  0.0, Workers: 4
[361.463s][debug][gc,phases      ] GC(152)     Dead                           Min: 0, Avg:  0.0, Max: 0, Diff: 0, Sum: 0, Workers: 4
[361.463s][debug][gc,phases      ] GC(152)     Total                          Min: 0, Avg:  0.0, Max: 0, Diff: 0, Sum: 0, Workers: 4
[361.463s][debug][gc,phases      ] GC(152)   StringTable Weak               Min:  0.1, Avg:  0.1, Max:  0.1, Diff:  0.0, Sum:  0.4, Workers: 4
[361.463s][debug][gc,phases      ] GC(152)     Dead                           Min: 0, Avg:  0.0, Max: 0, Diff: 0, Sum: 0, Workers: 4
[361.463s][debug][gc,phases      ] GC(152)     Total                          Min: 10815, Avg: 11903.8, Max: 12288, Diff: 1473, Sum: 47615, Workers: 4
[361.463s][debug][gc,phases      ] GC(152)   ResolvedMethodTable Weak       Min:  0.0, Avg:  0.0, Max:  0.0, Diff:  0.0, Sum:  0.1, Workers: 4
[361.463s][debug][gc,phases      ] GC(152)     Dead                           Min: 0, Avg:  0.0, Max: 0, Diff: 0, Sum: 0, Workers: 4
[361.463s][debug][gc,phases      ] GC(152)     Total                          Min: 1896, Avg: 2038.2, Max: 2097, Diff: 201, Sum: 8153, Workers: 4
[361.463s][debug][gc,phases      ] GC(152)   JNI Weak                       Min:  0.0, Avg:  0.0, Max:  0.0, Diff:  0.0, Sum:  0.0, Workers: 4
[361.463s][debug][gc,phases      ] GC(152)     Dead                           Min: 0, Avg:  0.0, Max: 0, Diff: 0, Sum: 0, Workers: 4
[361.463s][debug][gc,phases      ] GC(152)     Total                          Min: 0, Avg:  0.0, Max: 0, Diff: 0, Sum: 0, Workers: 4
[361.463s][debug][gc,phases      ] GC(152)   StringDedup Table Weak         Min:  0.0, Avg:  0.0, Max:  0.0, Diff:  0.0, Sum:  0.0, Workers: 4
[361.463s][debug][gc,phases      ] GC(152)     Dead                           Min: 0, Avg:  0.0, Max: 0, Diff: 0, Sum: 0, Workers: 4
[361.463s][debug][gc,phases      ] GC(152)     Total                          Min: 0, Avg:  0.0, Max: 0, Diff: 0, Sum: 0, Workers: 4
[361.463s][debug][gc,phases      ] GC(152)   StringDedup Requests0 Weak     Min:  0.0, Avg:  0.0, Max:  0.0, Diff:  0.0, Sum:  0.0, Workers: 4
[361.463s][debug][gc,phases      ] GC(152)     Dead                           Min: 0, Avg:  0.0, Max: 0, Diff: 0, Sum: 0, Workers: 4
[361.463s][debug][gc,phases      ] GC(152)     Total                          Min: 0, Avg:  0.0, Max: 0, Diff: 0, Sum: 0, Workers: 4
[361.463s][debug][gc,phases      ] GC(152)   StringDedup Requests1 Weak     Min:  0.0, Avg:  0.0, Max:  0.0, Diff:  0.0, Sum:  0.0, Workers: 4
[361.463s][debug][gc,phases      ] GC(152)     Dead                           Min: 0, Avg:  0.0, Max: 0, Diff: 0, Sum: 0, Workers: 4
[361.463s][debug][gc,phases      ] GC(152)     Total                          Min: 0, Avg:  0.0, Max: 0, Diff: 0, Sum: 0, Workers: 4
[361.463s][debug][gc,phases      ] GC(152)   Weak JFR Old Object Samples    Min:  0.0, Avg:  0.0, Max:  0.0, Diff:  0.0, Sum:  0.0, Workers: 4
[361.463s][debug][gc,phases      ] GC(152)     Dead                           Min: 0, Avg:  0.0, Max: 0, Diff: 0, Sum: 0, Workers: 4
[361.463s][debug][gc,phases      ] GC(152)     Total                          Min: 0, Avg:  0.0, Max: 0, Diff: 0, Sum: 0, Workers: 4
[361.463s][debug][gc,phases      ] GC(152) Weak Processing 0.294ms
[361.463s][debug][gc,age         ] GC(152) Desired survivor size 338690048 bytes, new threshold 12 (max threshold 15)
[361.463s][info ][gc,heap        ] GC(152) PSYoungGen: 1331184K(1701376K)->3232K(1766400K) Eden: 1328128K(1328128K)->0K(1414656K) From: 3056K(373248K)->3232K(351744K)
[361.463s][info ][gc,heap        ] GC(152) ParOldGen: 495605K(631296K)->495613K(631296K)
[361.463s][info ][gc,metaspace   ] GC(152) Metaspace: 82010K(82816K)->82010K(82816K) NonClass: 70521K(70976K)->70521K(70976K) Class: 11488K(11840K)->11488K(11840K)
[361.463s][info ][gc             ] GC(152) Pause Young (Allocation Failure) 1783M->487M(2341M) 2.659ms
[361.463s][info ][gc,cpu         ] GC(152) User=0.01s Sys=0.00s Real=0.01s
[361.463s][info ][safepoint      ] Safepoint "ParallelGCFailedAllocation", Time since last: 1395418158 ns, Reaching safepoint: 27701 ns, At safepoint: 2737353 ns, Total: 2765054 ns
[363.463s][info ][safepoint      ] Safepoint "Cleanup", Time since last: 2000148956 ns, Reaching safepoint: 45701 ns, At safepoint: 3000 ns, Total: 48701 ns
[365.464s][info ][safepoint      ] Safepoint "Cleanup", Time since last: 2000175956 ns, Reaching safepoint: 114102 ns, At safepoint: 8600 ns, Total: 122702 ns
[366.464s][info ][safepoint      ] Safepoint "Cleanup", Time since last: 1000097278 ns, Reaching safepoint: 39501 ns, At safepoint: 2700 ns, Total: 42201 ns
[369.464s][info ][safepoint      ] Safepoint "Cleanup", Time since last: 3000228829 ns, Reaching safepoint: 52701 ns, At safepoint: 7601 ns, Total: 60302 ns
[370.464s][info ][safepoint      ] Safepoint "Cleanup", Time since last: 1000099076 ns, Reaching safepoint: 46201 ns, At safepoint: 12700 ns, Total: 58901 ns
[371.465s][info ][safepoint      ] Safepoint "Cleanup", Time since last: 1000092676 ns, Reaching safepoint: 40501 ns, At safepoint: 2700 ns, Total: 43201 ns
[372.465s][info ][safepoint      ] Safepoint "Cleanup", Time since last: 1000098276 ns, Reaching safepoint: 126203 ns, At safepoint: 12900 ns, Total: 139103 ns
[373.465s][info ][safepoint      ] Safepoint "Cleanup", Time since last: 1000095175 ns, Reaching safepoint: 49401 ns, At safepoint: 6400 ns, Total: 55801 ns
[374.465s][info ][safepoint      ] Safepoint "Cleanup", Time since last: 1000094776 ns, Reaching safepoint: 54501 ns, At safepoint: 5600 ns, Total: 60101 ns
[375.465s][info ][safepoint      ] Safepoint "Cleanup", Time since last: 1000093275 ns, Reaching safepoint: 51801 ns, At safepoint: 5500 ns, Total: 57301 ns
[376.465s][info ][safepoint      ] Safepoint "Cleanup", Time since last: 1000088775 ns, Reaching safepoint: 51801 ns, At safepoint: 7600 ns, Total: 59401 ns
[377.465s][info ][safepoint      ] Safepoint "Cleanup", Time since last: 1000092774 ns, Reaching safepoint: 37801 ns, At safepoint: 2800 ns, Total: 40601 ns
[378.466s][info ][safepoint      ] Safepoint "Cleanup", Time since last: 1000089974 ns, Reaching safepoint: 70602 ns, At safepoint: 6500 ns, Total: 77102 ns
[379.061s][info ][safepoint      ] Safepoint "ParallelGCFailedAllocation", Time since last: 594893003 ns, Reaching safepoint: 53601 ns, At safepoint: 15200 ns, Total: 68801 ns
[379.061s][info ][gc,start       ] GC(153) Pause Young (GCLocker Initiated GC)
[379.063s][debug][gc,phases      ] GC(153) Scavenge 2.133ms
[379.063s][debug][gc,ref         ] GC(153) Skipped phase 1 of Reference Processing: no references
[379.063s][debug][gc,ref         ] GC(153) ReferenceProcessor::execute queues: 1, RefProcThreadModel::Single, marks_oops_alive: false
[379.063s][debug][gc,ref         ] GC(153) Skipped phase 3 of Reference Processing: no references
[379.063s][debug][gc,ref         ] GC(153) ReferenceProcessor::execute queues: 1, RefProcThreadModel::Single, marks_oops_alive: false
[379.063s][debug][gc,phases      ] GC(153) Reference Processing 0.138ms
[379.063s][debug][gc,phases      ] GC(153)   VM Weak                        Min:  0.0, Avg:  0.0, Max:  0.0, Diff:  0.0, Sum:  0.0, Workers: 4
[379.063s][debug][gc,phases      ] GC(153)     Dead                           Min: 0, Avg:  0.0, Max: 0, Diff: 0, Sum: 0, Workers: 4
[379.063s][debug][gc,phases      ] GC(153)     Total                          Min: 0, Avg: 164.2, Max: 512, Diff: 512, Sum: 657, Workers: 4
[379.063s][debug][gc,phases      ] GC(153)   ObjectSynchronizer Weak        Min:  0.0, Avg:  0.0, Max:  0.0, Diff:  0.0, Sum:  0.0, Workers: 4
[379.063s][debug][gc,phases      ] GC(153)     Dead                           Min: 0, Avg:  0.0, Max: 0, Diff: 0, Sum: 0, Workers: 4
[379.063s][debug][gc,phases      ] GC(153)     Total                          Min: 0, Avg: 102.8, Max: 256, Diff: 256, Sum: 411, Workers: 4
[379.063s][debug][gc,phases      ] GC(153)   JVMTI Tag Weak OopStorage      Min:  0.0, Avg:  0.0, Max:  0.0, Diff:  0.0, Sum:  0.0, Workers: 4
[379.063s][debug][gc,phases      ] GC(153)     Dead                           Min: 0, Avg:  0.0, Max: 0, Diff: 0, Sum: 0, Workers: 4
[379.063s][debug][gc,phases      ] GC(153)     Total                          Min: 0, Avg:  0.0, Max: 0, Diff: 0, Sum: 0, Workers: 4
[379.063s][debug][gc,phases      ] GC(153)   StringTable Weak               Min:  0.1, Avg:  0.1, Max:  0.1, Diff:  0.0, Sum:  0.4, Workers: 4
[379.063s][debug][gc,phases      ] GC(153)     Dead                           Min: 0, Avg:  0.0, Max: 0, Diff: 0, Sum: 0, Workers: 4
[379.063s][debug][gc,phases      ] GC(153)     Total                          Min: 11136, Avg: 11905.8, Max: 12864, Diff: 1728, Sum: 47623, Workers: 4
[379.063s][debug][gc,phases      ] GC(153)   ResolvedMethodTable Weak       Min:  0.0, Avg:  0.0, Max:  0.0, Diff:  0.0, Sum:  0.1, Workers: 4
[379.063s][debug][gc,phases      ] GC(153)     Dead                           Min: 0, Avg:  0.0, Max: 0, Diff: 0, Sum: 0, Workers: 4
[379.063s][debug][gc,phases      ] GC(153)     Total                          Min: 1898, Avg: 2038.2, Max: 2134, Diff: 236, Sum: 8153, Workers: 4
[379.063s][debug][gc,phases      ] GC(153)   JNI Weak                       Min:  0.0, Avg:  0.0, Max:  0.0, Diff:  0.0, Sum:  0.0, Workers: 4
[379.063s][debug][gc,phases      ] GC(153)     Dead                           Min: 0, Avg:  0.0, Max: 0, Diff: 0, Sum: 0, Workers: 4
[379.063s][debug][gc,phases      ] GC(153)     Total                          Min: 0, Avg:  0.0, Max: 0, Diff: 0, Sum: 0, Workers: 4
[379.063s][debug][gc,phases      ] GC(153)   StringDedup Table Weak         Min:  0.0, Avg:  0.0, Max:  0.0, Diff:  0.0, Sum:  0.0, Workers: 4
[379.063s][debug][gc,phases      ] GC(153)     Dead                           Min: 0, Avg:  0.0, Max: 0, Diff: 0, Sum: 0, Workers: 4
[379.063s][debug][gc,phases      ] GC(153)     Total                          Min: 0, Avg:  0.0, Max: 0, Diff: 0, Sum: 0, Workers: 4
[379.063s][debug][gc,phases      ] GC(153)   StringDedup Requests0 Weak     Min:  0.0, Avg:  0.0, Max:  0.0, Diff:  0.0, Sum:  0.0, Workers: 4
[379.063s][debug][gc,phases      ] GC(153)     Dead                           Min: 0, Avg:  0.0, Max: 0, Diff: 0, Sum: 0, Workers: 4
[379.063s][debug][gc,phases      ] GC(153)     Total                          Min: 0, Avg:  0.0, Max: 0, Diff: 0, Sum: 0, Workers: 4
[379.063s][debug][gc,phases      ] GC(153)   StringDedup Requests1 Weak     Min:  0.0, Avg:  0.0, Max:  0.0, Diff:  0.0, Sum:  0.0, Workers: 4
[379.063s][debug][gc,phases      ] GC(153)     Dead                           Min: 0, Avg:  0.0, Max: 0, Diff: 0, Sum: 0, Workers: 4
[379.063s][debug][gc,phases      ] GC(153)     Total                          Min: 0, Avg:  0.0, Max: 0, Diff: 0, Sum: 0, Workers: 4
[379.063s][debug][gc,phases      ] GC(153)   Weak JFR Old Object Samples    Min:  0.0, Avg:  0.0, Max:  0.0, Diff:  0.0, Sum:  0.0, Workers: 4
[379.063s][debug][gc,phases      ] GC(153)     Dead                           Min: 0, Avg:  0.0, Max: 0, Diff: 0, Sum: 0, Workers: 4
[379.063s][debug][gc,phases      ] GC(153)     Total                          Min: 0, Avg:  0.0, Max: 0, Diff: 0, Sum: 0, Workers: 4
[379.063s][debug][gc,phases      ] GC(153) Weak Processing 0.325ms
[379.063s][debug][gc,age         ] GC(153) Desired survivor size 317718528 bytes, new threshold 13 (max threshold 15)
[379.063s][info ][gc,heap        ] GC(153) PSYoungGen: 1417888K(1766400K)->3584K(1745408K) Eden: 1414656K(1414656K)->0K(1414656K) From: 3232K(351744K)->3584K(330752K)
[379.063s][info ][gc,heap        ] GC(153) ParOldGen: 495613K(631296K)->495613K(631296K)
[379.063s][info ][gc,metaspace   ] GC(153) Metaspace: 82024K(82816K)->82024K(82816K) NonClass: 70534K(70976K)->70534K(70976K) Class: 11489K(11840K)->11489K(11840K)
[379.063s][info ][gc             ] GC(153) Pause Young (GCLocker Initiated GC) 1868M->487M(2321M) 2.695ms
[379.063s][info ][gc,cpu         ] GC(153) User=0.01s Sys=0.00s Real=0.01s
[379.063s][info ][safepoint      ] Safepoint "ParallelGCSystemGC", Time since last: 65901 ns, Reaching safepoint: 34301 ns, At safepoint: 2768055 ns, Total: 2802356 ns
[380.064s][info ][safepoint      ] Safepoint "Cleanup", Time since last: 1000078273 ns, Reaching safepoint: 60601 ns, At safepoint: 34501 ns, Total: 95102 ns
[381.397s][info ][safepoint      ] Safepoint "Cleanup", Time since last: 1333038923 ns, Reaching safepoint: 93602 ns, At safepoint: 11700 ns, Total: 105302 ns
[382.397s][info ][safepoint      ] Safepoint "Cleanup", Time since last: 1000118674 ns, Reaching safepoint: 64401 ns, At safepoint: 7900 ns, Total: 72301 ns
[383.397s][info ][safepoint      ] Safepoint "Cleanup", Time since last: 1000110673 ns, Reaching safepoint: 58902 ns, At safepoint: 8800 ns, Total: 67702 ns
[385.397s][info ][safepoint      ] Safepoint "Cleanup", Time since last: 2000132444 ns, Reaching safepoint: 49201 ns, At safepoint: 8600 ns, Total: 57801 ns
[388.398s][info ][safepoint      ] Safepoint "Cleanup", Time since last: 3000163413 ns, Reaching safepoint: 48701 ns, At safepoint: 2700 ns, Total: 51401 ns
[389.398s][info ][safepoint      ] Safepoint "Cleanup", Time since last: 1000101972 ns, Reaching safepoint: 52601 ns, At safepoint: 4200 ns, Total: 56801 ns
[390.398s][info ][safepoint      ] Safepoint "Cleanup", Time since last: 1000103871 ns, Reaching safepoint: 43301 ns, At safepoint: 2400 ns, Total: 45701 ns
[392.354s][info ][safepoint      ] Safepoint "Cleanup", Time since last: 1955742568 ns, Reaching safepoint: 118302 ns, At safepoint: 4700 ns, Total: 123002 ns
[393.354s][info ][safepoint      ] Safepoint "Cleanup", Time since last: 1000104671 ns, Reaching safepoint: 114802 ns, At safepoint: 5800 ns, Total: 120602 ns
[394.354s][info ][safepoint      ] Safepoint "Cleanup", Time since last: 1000110870 ns, Reaching safepoint: 115503 ns, At safepoint: 10400 ns, Total: 125903 ns
[394.556s][info ][gc,start       ] GC(154) Pause Young (Allocation Failure)
[394.559s][debug][gc,phases      ] GC(154) Scavenge 2.224ms
[394.559s][debug][gc,ref         ] GC(154) Skipped phase 1 of Reference Processing: no references
[394.559s][debug][gc,ref         ] GC(154) ReferenceProcessor::execute queues: 1, RefProcThreadModel::Single, marks_oops_alive: false
[394.559s][debug][gc,ref         ] GC(154) Skipped phase 3 of Reference Processing: no references
[394.559s][debug][gc,ref         ] GC(154) ReferenceProcessor::execute queues: 1, RefProcThreadModel::Single, marks_oops_alive: false
[394.559s][debug][gc,phases      ] GC(154) Reference Processing 0.113ms
[394.559s][debug][gc,phases      ] GC(154)   VM Weak                        Min:  0.0, Avg:  0.0, Max:  0.0, Diff:  0.0, Sum:  0.0, Workers: 4
[394.559s][debug][gc,phases      ] GC(154)     Dead                           Min: 0, Avg:  0.0, Max: 0, Diff: 0, Sum: 0, Workers: 4
[394.559s][debug][gc,phases      ] GC(154)     Total                          Min: 0, Avg: 164.2, Max: 657, Diff: 657, Sum: 657, Workers: 4
[394.559s][debug][gc,phases      ] GC(154)   ObjectSynchronizer Weak        Min:  0.0, Avg:  0.0, Max:  0.0, Diff:  0.0, Sum:  0.0, Workers: 4
[394.559s][debug][gc,phases      ] GC(154)     Dead                           Min: 0, Avg:  0.0, Max: 0, Diff: 0, Sum: 0, Workers: 4
[394.559s][debug][gc,phases      ] GC(154)     Total                          Min: 0, Avg: 102.8, Max: 219, Diff: 219, Sum: 411, Workers: 4
[394.559s][debug][gc,phases      ] GC(154)   JVMTI Tag Weak OopStorage      Min:  0.0, Avg:  0.0, Max:  0.0, Diff:  0.0, Sum:  0.0, Workers: 4
[394.559s][debug][gc,phases      ] GC(154)     Dead                           Min: 0, Avg:  0.0, Max: 0, Diff: 0, Sum: 0, Workers: 4
[394.559s][debug][gc,phases      ] GC(154)     Total                          Min: 0, Avg:  0.0, Max: 0, Diff: 0, Sum: 0, Workers: 4
[394.559s][debug][gc,phases      ] GC(154)   StringTable Weak               Min:  0.1, Avg:  0.1, Max:  0.1, Diff:  0.0, Sum:  0.4, Workers: 4
[394.559s][debug][gc,phases      ] GC(154)     Dead                           Min: 0, Avg:  0.0, Max: 0, Diff: 0, Sum: 0, Workers: 4
[394.559s][debug][gc,phases      ] GC(154)     Total                          Min: 11328, Avg: 11906.2, Max: 12928, Diff: 1600, Sum: 47625, Workers: 4
[394.559s][debug][gc,phases      ] GC(154)   ResolvedMethodTable Weak       Min:  0.0, Avg:  0.0, Max:  0.0, Diff:  0.0, Sum:  0.1, Workers: 4
[394.559s][debug][gc,phases      ] GC(154)     Dead                           Min: 0, Avg:  0.0, Max: 0, Diff: 0, Sum: 0, Workers: 4
[394.559s][debug][gc,phases      ] GC(154)     Total                          Min: 1839, Avg: 2038.2, Max: 2204, Diff: 365, Sum: 8153, Workers: 4
[394.559s][debug][gc,phases      ] GC(154)   JNI Weak                       Min:  0.0, Avg:  0.0, Max:  0.0, Diff:  0.0, Sum:  0.0, Workers: 4
[394.559s][debug][gc,phases      ] GC(154)     Dead                           Min: 0, Avg:  0.0, Max: 0, Diff: 0, Sum: 0, Workers: 4
[394.559s][debug][gc,phases      ] GC(154)     Total                          Min: 0, Avg:  0.0, Max: 0, Diff: 0, Sum: 0, Workers: 4
[394.559s][debug][gc,phases      ] GC(154)   StringDedup Table Weak         Min:  0.0, Avg:  0.0, Max:  0.0, Diff:  0.0, Sum:  0.0, Workers: 4
[394.559s][debug][gc,phases      ] GC(154)     Dead                           Min: 0, Avg:  0.0, Max: 0, Diff: 0, Sum: 0, Workers: 4
[394.559s][debug][gc,phases      ] GC(154)     Total                          Min: 0, Avg:  0.0, Max: 0, Diff: 0, Sum: 0, Workers: 4
[394.559s][debug][gc,phases      ] GC(154)   StringDedup Requests0 Weak     Min:  0.0, Avg:  0.0, Max:  0.0, Diff:  0.0, Sum:  0.0, Workers: 4
[394.559s][debug][gc,phases      ] GC(154)     Dead                           Min: 0, Avg:  0.0, Max: 0, Diff: 0, Sum: 0, Workers: 4
[394.559s][debug][gc,phases      ] GC(154)     Total                          Min: 0, Avg:  0.0, Max: 0, Diff: 0, Sum: 0, Workers: 4
[394.559s][debug][gc,phases      ] GC(154)   StringDedup Requests1 Weak     Min:  0.0, Avg:  0.0, Max:  0.0, Diff:  0.0, Sum:  0.0, Workers: 4
[394.559s][debug][gc,phases      ] GC(154)     Dead                           Min: 0, Avg:  0.0, Max: 0, Diff: 0, Sum: 0, Workers: 4
[394.559s][debug][gc,phases      ] GC(154)     Total                          Min: 0, Avg:  0.0, Max: 0, Diff: 0, Sum: 0, Workers: 4
[394.559s][debug][gc,phases      ] GC(154)   Weak JFR Old Object Samples    Min:  0.0, Avg:  0.0, Max:  0.0, Diff:  0.0, Sum:  0.0, Workers: 4
[394.559s][debug][gc,phases      ] GC(154)     Dead                           Min: 0, Avg:  0.0, Max: 0, Diff: 0, Sum: 0, Workers: 4
[394.559s][debug][gc,phases      ] GC(154)     Total                          Min: 0, Avg:  0.0, Max: 0, Diff: 0, Sum: 0, Workers: 4
[394.559s][debug][gc,phases      ] GC(154) Weak Processing 0.312ms
[394.559s][debug][gc,age         ] GC(154) Desired survivor size 297795584 bytes, new threshold 14 (max threshold 15)
[394.559s][info ][gc,heap        ] GC(154) PSYoungGen: 1418240K(1745408K)->3552K(1806336K) Eden: 1414656K(1414656K)->0K(1496064K) From: 3584K(330752K)->3552K(310272K)
[394.559s][info ][gc,heap        ] GC(154) ParOldGen: 495631K(631296K)->495631K(631296K)
[394.559s][info ][gc,metaspace   ] GC(154) Metaspace: 82037K(82816K)->82037K(82816K) NonClass: 70547K(70976K)->70547K(70976K) Class: 11489K(11840K)->11489K(11840K)
[394.559s][info ][gc             ] GC(154) Pause Young (Allocation Failure) 1869M->487M(2380M) 2.755ms
[394.559s][info ][gc,cpu         ] GC(154) User=0.01s Sys=0.00s Real=0.00s
[394.559s][info ][safepoint      ] Safepoint "ParallelGCFailedAllocation", Time since last: 201999173 ns, Reaching safepoint: 25800 ns, At safepoint: 2825356 ns, Total: 2851156 ns
[395.559s][info ][safepoint      ] Safepoint "Cleanup", Time since last: 1000082969 ns, Reaching safepoint: 133003 ns, At safepoint: 8400 ns, Total: 141403 ns
[396.559s][info ][safepoint      ] Safepoint "Cleanup", Time since last: 1000103570 ns, Reaching safepoint: 97802 ns, At safepoint: 11700 ns, Total: 109502 ns
[397.560s][info ][safepoint      ] Safepoint "Cleanup", Time since last: 1000107970 ns, Reaching safepoint: 52101 ns, At safepoint: 2700 ns, Total: 54801 ns
[399.560s][info ][safepoint      ] Safepoint "Cleanup", Time since last: 2000180037 ns, Reaching safepoint: 111103 ns, At safepoint: 6800 ns, Total: 117903 ns
[400.560s][info ][safepoint      ] Safepoint "Cleanup", Time since last: 1000092368 ns, Reaching safepoint: 115403 ns, At safepoint: 8300 ns, Total: 123703 ns
[401.560s][info ][safepoint      ] Safepoint "Cleanup", Time since last: 1000092968 ns, Reaching safepoint: 120402 ns, At safepoint: 21101 ns, Total: 141503 ns
[402.561s][info ][safepoint      ] Safepoint "Cleanup", Time since last: 1000103768 ns, Reaching safepoint: 91302 ns, At safepoint: 8000 ns, Total: 99302 ns
[403.561s][info ][safepoint      ] Safepoint "Cleanup", Time since last: 1000109268 ns, Reaching safepoint: 63701 ns, At safepoint: 6200 ns, Total: 69901 ns
[404.561s][info ][safepoint      ] Safepoint "Cleanup", Time since last: 1000092368 ns, Reaching safepoint: 123302 ns, At safepoint: 9301 ns, Total: 132603 ns
[405.561s][info ][safepoint      ] Safepoint "Cleanup", Time since last: 1000044766 ns, Reaching safepoint: 58601 ns, At safepoint: 5200 ns, Total: 63801 ns
[406.561s][info ][safepoint      ] Safepoint "Cleanup", Time since last: 1000094467 ns, Reaching safepoint: 39901 ns, At safepoint: 2600 ns, Total: 42501 ns
[407.561s][info ][safepoint      ] Safepoint "Cleanup", Time since last: 1000094667 ns, Reaching safepoint: 49201 ns, At safepoint: 2600 ns, Total: 51801 ns
[408.562s][info ][safepoint      ] Safepoint "Cleanup", Time since last: 1000108867 ns, Reaching safepoint: 39300 ns, At safepoint: 4100 ns, Total: 43400 ns
[409.562s][info ][safepoint      ] Safepoint "Cleanup", Time since last: 1000096267 ns, Reaching safepoint: 114902 ns, At safepoint: 8700 ns, Total: 123602 ns
[411.562s][info ][safepoint      ] Safepoint "Cleanup", Time since last: 2000164732 ns, Reaching safepoint: 44800 ns, At safepoint: 3200 ns, Total: 48000 ns
[412.562s][info ][safepoint      ] Safepoint "Cleanup", Time since last: 1000094266 ns, Reaching safepoint: 48601 ns, At safepoint: 2800 ns, Total: 51401 ns
[414.562s][info ][safepoint      ] Safepoint "Cleanup", Time since last: 2000161330 ns, Reaching safepoint: 52301 ns, At safepoint: 7800 ns, Total: 60101 ns
[416.563s][info ][safepoint      ] Safepoint "Cleanup", Time since last: 2000170929 ns, Reaching safepoint: 50001 ns, At safepoint: 2800 ns, Total: 52801 ns
[417.563s][info ][safepoint      ] Safepoint "Cleanup", Time since last: 1000047663 ns, Reaching safepoint: 41901 ns, At safepoint: 2300 ns, Total: 44201 ns
[418.563s][info ][safepoint      ] Safepoint "Cleanup", Time since last: 1000091364 ns, Reaching safepoint: 45601 ns, At safepoint: 8300 ns, Total: 53901 ns
[419.563s][info ][safepoint      ] Safepoint "Cleanup", Time since last: 1000096564 ns, Reaching safepoint: 52201 ns, At safepoint: 7900 ns, Total: 60101 ns
[420.563s][info ][safepoint      ] Safepoint "Cleanup", Time since last: 1000093764 ns, Reaching safepoint: 50401 ns, At safepoint: 7700 ns, Total: 58101 ns
[421.759s][info ][safepoint      ] Safepoint "Cleanup", Time since last: 1195491705 ns, Reaching safepoint: 144003 ns, At safepoint: 8900 ns, Total: 152903 ns
[422.759s][info ][safepoint      ] Safepoint "Cleanup", Time since last: 1000108464 ns, Reaching safepoint: 132002 ns, At safepoint: 5300 ns, Total: 137302 ns
[425.759s][info ][safepoint      ] Safepoint "Cleanup", Time since last: 3000242187 ns, Reaching safepoint: 123803 ns, At safepoint: 11300 ns, Total: 135103 ns
[426.760s][info ][safepoint      ] Safepoint "Cleanup", Time since last: 1000099962 ns, Reaching safepoint: 51501 ns, At safepoint: 10300 ns, Total: 61801 ns
[427.760s][info ][safepoint      ] Safepoint "Cleanup", Time since last: 1000102162 ns, Reaching safepoint: 52601 ns, At safepoint: 7000 ns, Total: 59601 ns
[428.760s][info ][safepoint      ] Safepoint "Cleanup", Time since last: 1000106162 ns, Reaching safepoint: 63101 ns, At safepoint: 6701 ns, Total: 69802 ns
[429.760s][info ][safepoint      ] Safepoint "Cleanup", Time since last: 1000106361 ns, Reaching safepoint: 51301 ns, At safepoint: 5400 ns, Total: 56701 ns
[430.009s][info ][gc,start       ] GC(155) Pause Young (Allocation Failure)
[430.012s][debug][gc,phases      ] GC(155) Scavenge 2.572ms
[430.012s][debug][gc,ref         ] GC(155) Skipped phase 1 of Reference Processing: no references
[430.012s][debug][gc,ref         ] GC(155) ReferenceProcessor::execute queues: 1, RefProcThreadModel::Single, marks_oops_alive: false
[430.012s][debug][gc,ref         ] GC(155) Skipped phase 3 of Reference Processing: no references
[430.012s][debug][gc,ref         ] GC(155) ReferenceProcessor::execute queues: 1, RefProcThreadModel::Single, marks_oops_alive: false
[430.012s][debug][gc,phases      ] GC(155) Reference Processing 0.117ms
[430.012s][debug][gc,phases      ] GC(155)   VM Weak                        Min:  0.0, Avg:  0.0, Max:  0.0, Diff:  0.0, Sum:  0.0, Workers: 4
[430.012s][debug][gc,phases      ] GC(155)     Dead                           Min: 0, Avg:  0.0, Max: 0, Diff: 0, Sum: 0, Workers: 4
[430.012s][debug][gc,phases      ] GC(155)     Total                          Min: 0, Avg: 165.2, Max: 384, Diff: 384, Sum: 661, Workers: 4
[430.012s][debug][gc,phases      ] GC(155)   ObjectSynchronizer Weak        Min:  0.0, Avg:  0.0, Max:  0.0, Diff:  0.0, Sum:  0.0, Workers: 4
[430.012s][debug][gc,phases      ] GC(155)     Dead                           Min: 0, Avg:  0.0, Max: 0, Diff: 0, Sum: 0, Workers: 4
[430.012s][debug][gc,phases      ] GC(155)     Total                          Min: 0, Avg: 102.8, Max: 219, Diff: 219, Sum: 411, Workers: 4
[430.012s][debug][gc,phases      ] GC(155)   JVMTI Tag Weak OopStorage      Min:  0.0, Avg:  0.0, Max:  0.0, Diff:  0.0, Sum:  0.0, Workers: 4
[430.012s][debug][gc,phases      ] GC(155)     Dead                           Min: 0, Avg:  0.0, Max: 0, Diff: 0, Sum: 0, Workers: 4
[430.012s][debug][gc,phases      ] GC(155)     Total                          Min: 0, Avg:  0.0, Max: 0, Diff: 0, Sum: 0, Workers: 4
[430.012s][debug][gc,phases      ] GC(155)   StringTable Weak               Min:  0.1, Avg:  0.1, Max:  0.1, Diff:  0.0, Sum:  0.4, Workers: 4
[430.012s][debug][gc,phases      ] GC(155)     Dead                           Min: 0, Avg:  0.2, Max: 1, Diff: 1, Sum: 1, Workers: 4
[430.012s][debug][gc,phases      ] GC(155)     Total                          Min: 10624, Avg: 11909.5, Max: 12630, Diff: 2006, Sum: 47638, Workers: 4
[430.012s][debug][gc,phases      ] GC(155)   ResolvedMethodTable Weak       Min:  0.0, Avg:  0.0, Max:  0.0, Diff:  0.0, Sum:  0.1, Workers: 4
[430.012s][debug][gc,phases      ] GC(155)     Dead                           Min: 0, Avg:  0.0, Max: 0, Diff: 0, Sum: 0, Workers: 4
[430.012s][debug][gc,phases      ] GC(155)     Total                          Min: 1904, Avg: 2046.5, Max: 2156, Diff: 252, Sum: 8186, Workers: 4
[430.012s][debug][gc,phases      ] GC(155)   JNI Weak                       Min:  0.0, Avg:  0.0, Max:  0.0, Diff:  0.0, Sum:  0.0, Workers: 4
[430.012s][debug][gc,phases      ] GC(155)     Dead                           Min: 0, Avg:  0.0, Max: 0, Diff: 0, Sum: 0, Workers: 4
[430.012s][debug][gc,phases      ] GC(155)     Total                          Min: 0, Avg:  0.0, Max: 0, Diff: 0, Sum: 0, Workers: 4
[430.012s][debug][gc,phases      ] GC(155)   StringDedup Table Weak         Min:  0.0, Avg:  0.0, Max:  0.0, Diff:  0.0, Sum:  0.0, Workers: 4
[430.012s][debug][gc,phases      ] GC(155)     Dead                           Min: 0, Avg:  0.0, Max: 0, Diff: 0, Sum: 0, Workers: 4
[430.012s][debug][gc,phases      ] GC(155)     Total                          Min: 0, Avg:  0.0, Max: 0, Diff: 0, Sum: 0, Workers: 4
[430.012s][debug][gc,phases      ] GC(155)   StringDedup Requests0 Weak     Min:  0.0, Avg:  0.0, Max:  0.0, Diff:  0.0, Sum:  0.0, Workers: 4
[430.012s][debug][gc,phases      ] GC(155)     Dead                           Min: 0, Avg:  0.0, Max: 0, Diff: 0, Sum: 0, Workers: 4
[430.012s][debug][gc,phases      ] GC(155)     Total                          Min: 0, Avg:  0.0, Max: 0, Diff: 0, Sum: 0, Workers: 4
[430.012s][debug][gc,phases      ] GC(155)   StringDedup Requests1 Weak     Min:  0.0, Avg:  0.0, Max:  0.0, Diff:  0.0, Sum:  0.0, Workers: 4
[430.012s][debug][gc,phases      ] GC(155)     Dead                           Min: 0, Avg:  0.0, Max: 0, Diff: 0, Sum: 0, Workers: 4
[430.012s][debug][gc,phases      ] GC(155)     Total                          Min: 0, Avg:  0.0, Max: 0, Diff: 0, Sum: 0, Workers: 4
[430.012s][debug][gc,phases      ] GC(155)   Weak JFR Old Object Samples    Min:  0.0, Avg:  0.0, Max:  0.0, Diff:  0.0, Sum:  0.0, Workers: 4
[430.012s][debug][gc,phases      ] GC(155)     Dead                           Min: 0, Avg:  0.0, Max: 0, Diff: 0, Sum: 0, Workers: 4
[430.012s][debug][gc,phases      ] GC(155)     Total                          Min: 0, Avg:  0.0, Max: 0, Diff: 0, Sum: 0, Workers: 4
[430.012s][debug][gc,phases      ] GC(155) Weak Processing 0.322ms
[430.012s][debug][gc,age         ] GC(155) Desired survivor size 278396928 bytes, new threshold 15 (max threshold 15)
[430.012s][info ][gc,heap        ] GC(155) PSYoungGen: 1499616K(1806336K)->3824K(1786880K) Eden: 1496064K(1496064K)->0K(1496064K) From: 3552K(310272K)->3824K(290816K)
[430.012s][info ][gc,heap        ] GC(155) ParOldGen: 495631K(631296K)->495639K(631296K)
[430.012s][info ][gc,metaspace   ] GC(155) Metaspace: 82117K(82944K)->82117K(82944K) NonClass: 70614K(71040K)->70614K(71040K) Class: 11502K(11904K)->11502K(11904K)
[430.012s][info ][gc             ] GC(155) Pause Young (Allocation Failure) 1948M->487M(2361M) 3.139ms
[430.012s][info ][gc,cpu         ] GC(155) User=0.01s Sys=0.00s Real=0.01s
[430.012s][info ][safepoint      ] Safepoint "ParallelGCFailedAllocation", Time since last: 248850493 ns, Reaching safepoint: 106102 ns, At safepoint: 3222963 ns, Total: 3329065 ns
[431.012s][info ][safepoint      ] Safepoint "Cleanup", Time since last: 1000082261 ns, Reaching safepoint: 53301 ns, At safepoint: 8400 ns, Total: 61701 ns
[432.013s][info ][safepoint      ] Safepoint "Cleanup", Time since last: 1000096461 ns, Reaching safepoint: 51801 ns, At safepoint: 2800 ns, Total: 54601 ns
[433.013s][info ][safepoint      ] Safepoint "Cleanup", Time since last: 1000101861 ns, Reaching safepoint: 60501 ns, At safepoint: 10700 ns, Total: 71201 ns
[434.013s][info ][safepoint      ] Safepoint "Cleanup", Time since last: 1000078260 ns, Reaching safepoint: 54401 ns, At safepoint: 4400 ns, Total: 58801 ns
[435.013s][info ][safepoint      ] Safepoint "Cleanup", Time since last: 1000107661 ns, Reaching safepoint: 52601 ns, At safepoint: 10900 ns, Total: 63501 ns
[437.013s][info ][safepoint      ] Safepoint "Cleanup", Time since last: 2000171919 ns, Reaching safepoint: 52601 ns, At safepoint: 17201 ns, Total: 69802 ns
[438.014s][info ][safepoint      ] Safepoint "Cleanup", Time since last: 1000109059 ns, Reaching safepoint: 125703 ns, At safepoint: 14600 ns, Total: 140303 ns
[439.014s][info ][safepoint      ] Safepoint "Cleanup", Time since last: 1000107359 ns, Reaching safepoint: 50301 ns, At safepoint: 2800 ns, Total: 53101 ns
[440.014s][info ][safepoint      ] Safepoint "Cleanup", Time since last: 1000111960 ns, Reaching safepoint: 51301 ns, At safepoint: 5000 ns, Total: 56301 ns
[441.014s][info ][safepoint      ] Safepoint "Cleanup", Time since last: 1000515067 ns, Reaching safepoint: 55001 ns, At safepoint: 11800 ns, Total: 66801 ns
[442.015s][info ][safepoint      ] Safepoint "Cleanup", Time since last: 1000115659 ns, Reaching safepoint: 49101 ns, At safepoint: 3000 ns, Total: 52101 ns
[447.015s][info ][safepoint      ] Safepoint "Cleanup", Time since last: 5000427088 ns, Reaching safepoint: 48201 ns, At safepoint: 3100 ns, Total: 51301 ns
[448.015s][info ][safepoint      ] Safepoint "Cleanup", Time since last: 1000117058 ns, Reaching safepoint: 57201 ns, At safepoint: 8900 ns, Total: 66101 ns
[449.015s][info ][safepoint      ] Safepoint "Cleanup", Time since last: 1000120257 ns, Reaching safepoint: 50301 ns, At safepoint: 4900 ns, Total: 55201 ns
[450.016s][info ][safepoint      ] Safepoint "Cleanup", Time since last: 1000082957 ns, Reaching safepoint: 49901 ns, At safepoint: 4000 ns, Total: 53901 ns
[451.016s][info ][safepoint      ] Safepoint "Cleanup", Time since last: 1000077556 ns, Reaching safepoint: 47101 ns, At safepoint: 2500 ns, Total: 49601 ns
[452.016s][info ][safepoint      ] Safepoint "Cleanup", Time since last: 1000101656 ns, Reaching safepoint: 42501 ns, At safepoint: 2500 ns, Total: 45001 ns
[453.016s][info ][safepoint      ] Safepoint "Cleanup", Time since last: 1000135757 ns, Reaching safepoint: 42901 ns, At safepoint: 7600 ns, Total: 50501 ns
[457.016s][info ][safepoint      ] Safepoint "Cleanup", Time since last: 4000323620 ns, Reaching safepoint: 60201 ns, At safepoint: 11600 ns, Total: 71801 ns
[465.017s][info ][safepoint      ] Safepoint "Cleanup", Time since last: 8000569729 ns, Reaching safepoint: 53901 ns, At safepoint: 3000 ns, Total: 56901 ns
[467.017s][info ][safepoint      ] Safepoint "Cleanup", Time since last: 2000193706 ns, Reaching safepoint: 59501 ns, At safepoint: 8400 ns, Total: 67901 ns
[470.018s][info ][safepoint      ] Safepoint "Cleanup", Time since last: 3000254657 ns, Reaching safepoint: 61501 ns, At safepoint: 4100 ns, Total: 65601 ns
[471.018s][info ][safepoint      ] Safepoint "Cleanup", Time since last: 1000125952 ns, Reaching safepoint: 61002 ns, At safepoint: 10300 ns, Total: 71302 ns
[473.018s][info ][safepoint      ] Safepoint "Cleanup", Time since last: 2000188103 ns, Reaching safepoint: 58501 ns, At safepoint: 4300 ns, Total: 62801 ns
[474.018s][info ][safepoint      ] Safepoint "Cleanup", Time since last: 1000131852 ns, Reaching safepoint: 68202 ns, At safepoint: 7700 ns, Total: 75902 ns
[475.018s][info ][safepoint      ] Safepoint "Cleanup", Time since last: 1000115451 ns, Reaching safepoint: 56101 ns, At safepoint: 13400 ns, Total: 69501 ns
[476.019s][info ][safepoint      ] Safepoint "Cleanup", Time since last: 1000115152 ns, Reaching safepoint: 72001 ns, At safepoint: 12800 ns, Total: 84801 ns
[476.610s][info ][gc,start       ] GC(156) Pause Young (Allocation Failure)
[476.613s][debug][gc,phases      ] GC(156) Scavenge 2.741ms
[476.613s][debug][gc,ref         ] GC(156) Skipped phase 1 of Reference Processing: no references
[476.613s][debug][gc,ref         ] GC(156) ReferenceProcessor::execute queues: 1, RefProcThreadModel::Single, marks_oops_alive: false
[476.613s][debug][gc,ref         ] GC(156) Skipped phase 3 of Reference Processing: no references
[476.613s][debug][gc,ref         ] GC(156) ReferenceProcessor::execute queues: 1, RefProcThreadModel::Single, marks_oops_alive: false
[476.613s][debug][gc,phases      ] GC(156) Reference Processing 0.133ms
[476.613s][debug][gc,phases      ] GC(156)   VM Weak                        Min:  0.0, Avg:  0.0, Max:  0.0, Diff:  0.0, Sum:  0.0, Workers: 4
[476.613s][debug][gc,phases      ] GC(156)     Dead                           Min: 0, Avg:  0.0, Max: 0, Diff: 0, Sum: 0, Workers: 4
[476.613s][debug][gc,phases      ] GC(156)     Total                          Min: 0, Avg: 165.2, Max: 661, Diff: 661, Sum: 661, Workers: 4
[476.613s][debug][gc,phases      ] GC(156)   ObjectSynchronizer Weak        Min:  0.0, Avg:  0.0, Max:  0.0, Diff:  0.0, Sum:  0.0, Workers: 4
[476.613s][debug][gc,phases      ] GC(156)     Dead                           Min: 0, Avg:  0.0, Max: 0, Diff: 0, Sum: 0, Workers: 4
[476.613s][debug][gc,phases      ] GC(156)     Total                          Min: 0, Avg: 102.8, Max: 192, Diff: 192, Sum: 411, Workers: 4
[476.613s][debug][gc,phases      ] GC(156)   JVMTI Tag Weak OopStorage      Min:  0.0, Avg:  0.0, Max:  0.0, Diff:  0.0, Sum:  0.0, Workers: 4
[476.613s][debug][gc,phases      ] GC(156)     Dead                           Min: 0, Avg:  0.0, Max: 0, Diff: 0, Sum: 0, Workers: 4
[476.613s][debug][gc,phases      ] GC(156)     Total                          Min: 0, Avg:  0.0, Max: 0, Diff: 0, Sum: 0, Workers: 4
[476.613s][debug][gc,phases      ] GC(156)   StringTable Weak               Min:  0.1, Avg:  0.1, Max:  0.1, Diff:  0.0, Sum:  0.4, Workers: 4
[476.613s][debug][gc,phases      ] GC(156)     Dead                           Min: 0, Avg:  0.0, Max: 0, Diff: 0, Sum: 0, Workers: 4
[476.613s][debug][gc,phases      ] GC(156)     Total                          Min: 10944, Avg: 11909.8, Max: 12631, Diff: 1687, Sum: 47639, Workers: 4
[476.613s][debug][gc,phases      ] GC(156)   ResolvedMethodTable Weak       Min:  0.0, Avg:  0.0, Max:  0.0, Diff:  0.0, Sum:  0.1, Workers: 4
[476.613s][debug][gc,phases      ] GC(156)     Dead                           Min: 0, Avg:  0.0, Max: 0, Diff: 0, Sum: 0, Workers: 4
[476.613s][debug][gc,phases      ] GC(156)     Total                          Min: 1903, Avg: 2046.5, Max: 2215, Diff: 312, Sum: 8186, Workers: 4
[476.613s][debug][gc,phases      ] GC(156)   JNI Weak                       Min:  0.0, Avg:  0.0, Max:  0.0, Diff:  0.0, Sum:  0.0, Workers: 4
[476.613s][debug][gc,phases      ] GC(156)     Dead                           Min: 0, Avg:  0.0, Max: 0, Diff: 0, Sum: 0, Workers: 4
[476.613s][debug][gc,phases      ] GC(156)     Total                          Min: 0, Avg:  0.0, Max: 0, Diff: 0, Sum: 0, Workers: 4
[476.613s][debug][gc,phases      ] GC(156)   StringDedup Table Weak         Min:  0.0, Avg:  0.0, Max:  0.0, Diff:  0.0, Sum:  0.0, Workers: 4
[476.613s][debug][gc,phases      ] GC(156)     Dead                           Min: 0, Avg:  0.0, Max: 0, Diff: 0, Sum: 0, Workers: 4
[476.613s][debug][gc,phases      ] GC(156)     Total                          Min: 0, Avg:  0.0, Max: 0, Diff: 0, Sum: 0, Workers: 4
[476.613s][debug][gc,phases      ] GC(156)   StringDedup Requests0 Weak     Min:  0.0, Avg:  0.0, Max:  0.0, Diff:  0.0, Sum:  0.0, Workers: 4
[476.613s][debug][gc,phases      ] GC(156)     Dead                           Min: 0, Avg:  0.0, Max: 0, Diff: 0, Sum: 0, Workers: 4
[476.614s][debug][gc,phases      ] GC(156)     Total                          Min: 0, Avg:  0.0, Max: 0, Diff: 0, Sum: 0, Workers: 4
[476.614s][debug][gc,phases      ] GC(156)   StringDedup Requests1 Weak     Min:  0.0, Avg:  0.0, Max:  0.0, Diff:  0.0, Sum:  0.0, Workers: 4
[476.614s][debug][gc,phases      ] GC(156)     Dead                           Min: 0, Avg:  0.0, Max: 0, Diff: 0, Sum: 0, Workers: 4
[476.614s][debug][gc,phases      ] GC(156)     Total                          Min: 0, Avg:  0.0, Max: 0, Diff: 0, Sum: 0, Workers: 4
[476.614s][debug][gc,phases      ] GC(156)   Weak JFR Old Object Samples    Min:  0.0, Avg:  0.0, Max:  0.0, Diff:  0.0, Sum:  0.0, Workers: 4
[476.614s][debug][gc,phases      ] GC(156)     Dead                           Min: 0, Avg:  0.0, Max: 0, Diff: 0, Sum: 0, Workers: 4
[476.614s][debug][gc,phases      ] GC(156)     Total                          Min: 0, Avg:  0.0, Max: 0, Diff: 0, Sum: 0, Workers: 4
[476.614s][debug][gc,phases      ] GC(156) Weak Processing 0.326ms
[476.614s][debug][gc,age         ] GC(156) Desired survivor size 260046848 bytes, new threshold 15 (max threshold 15)
[476.614s][info ][gc,heap        ] GC(156) PSYoungGen: 1499888K(1786880K)->4240K(1843200K) Eden: 1496064K(1496064K)->0K(1571328K) From: 3824K(290816K)->4240K(271872K)
[476.614s][info ][gc,heap        ] GC(156) ParOldGen: 495639K(631296K)->495647K(631296K)
[476.614s][info ][gc,metaspace   ] GC(156) Metaspace: 82140K(83008K)->82140K(83008K) NonClass: 70637K(71104K)->70637K(71104K) Class: 11502K(11904K)->11502K(11904K)
[476.614s][info ][gc             ] GC(156) Pause Young (Allocation Failure) 1948M->488M(2416M) 3.314ms
[476.614s][info ][gc,cpu         ] GC(156) User=0.01s Sys=0.01s Real=0.00s
[476.614s][info ][safepoint      ] Safepoint "ParallelGCFailedAllocation", Time since last: 591452222 ns, Reaching safepoint: 114802 ns, At safepoint: 3397467 ns, Total: 3512269 ns
[477.614s][info ][safepoint      ] Safepoint "Cleanup", Time since last: 1000097950 ns, Reaching safepoint: 50401 ns, At safepoint: 6100 ns, Total: 56501 ns
[481.614s][info ][safepoint      ] Safepoint "Cleanup", Time since last: 4000251397 ns, Reaching safepoint: 50901 ns, At safepoint: 6301 ns, Total: 57202 ns
[484.614s][info ][safepoint      ] Safepoint "Cleanup", Time since last: 3000196545 ns, Reaching safepoint: 34601 ns, At safepoint: 3100 ns, Total: 37701 ns
[487.615s][info ][safepoint      ] Safepoint "Cleanup", Time since last: 3000195444 ns, Reaching safepoint: 53101 ns, At safepoint: 8500 ns, Total: 61601 ns
[489.810s][info ][safepoint      ] Safepoint "Cleanup", Time since last: 2195747138 ns, Reaching safepoint: 88402 ns, At safepoint: 10100 ns, Total: 98502 ns
[490.811s][info ][safepoint      ] Safepoint "Cleanup", Time since last: 1000107748 ns, Reaching safepoint: 53601 ns, At safepoint: 6100 ns, Total: 59701 ns
[491.811s][info ][safepoint      ] Safepoint "Cleanup", Time since last: 1000062647 ns, Reaching safepoint: 48401 ns, At safepoint: 2500 ns, Total: 50901 ns
[492.811s][info ][safepoint      ] Safepoint "Cleanup", Time since last: 1000107947 ns, Reaching safepoint: 43301 ns, At safepoint: 9100 ns, Total: 52401 ns
[505.812s][info ][safepoint      ] Safepoint "Cleanup", Time since last: 13000893488 ns, Reaching safepoint: 58401 ns, At safepoint: 5900 ns, Total: 64301 ns
[512.812s][info ][safepoint      ] Safepoint "Cleanup", Time since last: 7000507003 ns, Reaching safepoint: 46101 ns, At safepoint: 3000 ns, Total: 49101 ns
[518.813s][info ][safepoint      ] Safepoint "Cleanup", Time since last: 6000421251 ns, Reaching safepoint: 49701 ns, At safepoint: 3100 ns, Total: 52801 ns
[521.813s][info ][safepoint      ] Safepoint "Cleanup", Time since last: 3000253324 ns, Reaching safepoint: 59201 ns, At safepoint: 21900 ns, Total: 81101 ns
[524.813s][info ][safepoint      ] Safepoint "Cleanup", Time since last: 3000237522 ns, Reaching safepoint: 47901 ns, At safepoint: 8400 ns, Total: 56301 ns
[529.814s][info ][safepoint      ] Safepoint "Cleanup", Time since last: 5000382399 ns, Reaching safepoint: 45900 ns, At safepoint: 4001 ns, Total: 49901 ns
[530.814s][info ][safepoint      ] Safepoint "Cleanup", Time since last: 1000109339 ns, Reaching safepoint: 50701 ns, At safepoint: 4900 ns, Total: 55601 ns
[532.814s][info ][safepoint      ] Safepoint "Cleanup", Time since last: 2000208079 ns, Reaching safepoint: 53501 ns, At safepoint: 2900 ns, Total: 56401 ns
[536.815s][info ][safepoint      ] Safepoint "Cleanup", Time since last: 4000327354 ns, Reaching safepoint: 65801 ns, At safepoint: 10700 ns, Total: 76501 ns
[537.555s][info ][gc,start       ] GC(157) Pause Young (Allocation Failure)
[537.558s][debug][gc,phases      ] GC(157) Scavenge 2.861ms
[537.558s][debug][gc,ref         ] GC(157) Skipped phase 1 of Reference Processing: no references
[537.558s][debug][gc,ref         ] GC(157) ReferenceProcessor::execute queues: 1, RefProcThreadModel::Single, marks_oops_alive: false
[537.558s][debug][gc,ref         ] GC(157) Skipped phase 3 of Reference Processing: no references
[537.558s][debug][gc,ref         ] GC(157) Skipped phase 4 of Reference Processing: no references
[537.558s][debug][gc,phases      ] GC(157) Reference Processing 0.117ms
[537.559s][debug][gc,phases      ] GC(157)   VM Weak                        Min:  0.0, Avg:  0.0, Max:  0.0, Diff:  0.0, Sum:  0.0, Workers: 4
[537.559s][debug][gc,phases      ] GC(157)     Dead                           Min: 0, Avg:  0.0, Max: 0, Diff: 0, Sum: 0, Workers: 4
[537.559s][debug][gc,phases      ] GC(157)     Total                          Min: 0, Avg: 165.2, Max: 341, Diff: 341, Sum: 661, Workers: 4
[537.559s][debug][gc,phases      ] GC(157)   ObjectSynchronizer Weak        Min:  0.0, Avg:  0.0, Max:  0.0, Diff:  0.0, Sum:  0.0, Workers: 4
[537.559s][debug][gc,phases      ] GC(157)     Dead                           Min: 0, Avg:  0.0, Max: 0, Diff: 0, Sum: 0, Workers: 4
[537.559s][debug][gc,phases      ] GC(157)     Total                          Min: 0, Avg: 102.8, Max: 219, Diff: 219, Sum: 411, Workers: 4
[537.559s][debug][gc,phases      ] GC(157)   JVMTI Tag Weak OopStorage      Min:  0.0, Avg:  0.0, Max:  0.0, Diff:  0.0, Sum:  0.0, Workers: 4
[537.559s][debug][gc,phases      ] GC(157)     Dead                           Min: 0, Avg:  0.0, Max: 0, Diff: 0, Sum: 0, Workers: 4
[537.559s][debug][gc,phases      ] GC(157)     Total                          Min: 0, Avg:  0.0, Max: 0, Diff: 0, Sum: 0, Workers: 4
[537.559s][debug][gc,phases      ] GC(157)   StringTable Weak               Min:  0.1, Avg:  0.1, Max:  0.1, Diff:  0.0, Sum:  0.4, Workers: 4
[537.559s][debug][gc,phases      ] GC(157)     Dead                           Min: 0, Avg:  0.0, Max: 0, Diff: 0, Sum: 0, Workers: 4
[537.559s][debug][gc,phases      ] GC(157)     Total                          Min: 11392, Avg: 11911.8, Max: 12608, Diff: 1216, Sum: 47647, Workers: 4
[537.559s][debug][gc,phases      ] GC(157)   ResolvedMethodTable Weak       Min:  0.0, Avg:  0.0, Max:  0.0, Diff:  0.0, Sum:  0.1, Workers: 4
[537.559s][debug][gc,phases      ] GC(157)     Dead                           Min: 0, Avg:  0.0, Max: 0, Diff: 0, Sum: 0, Workers: 4
[537.559s][debug][gc,phases      ] GC(157)     Total                          Min: 1972, Avg: 2046.5, Max: 2092, Diff: 120, Sum: 8186, Workers: 4
[537.559s][debug][gc,phases      ] GC(157)   JNI Weak                       Min:  0.0, Avg:  0.0, Max:  0.0, Diff:  0.0, Sum:  0.0, Workers: 4
[537.559s][debug][gc,phases      ] GC(157)     Dead                           Min: 0, Avg:  0.0, Max: 0, Diff: 0, Sum: 0, Workers: 4
[537.559s][debug][gc,phases      ] GC(157)     Total                          Min: 0, Avg:  0.0, Max: 0, Diff: 0, Sum: 0, Workers: 4
[537.559s][debug][gc,phases      ] GC(157)   StringDedup Table Weak         Min:  0.0, Avg:  0.0, Max:  0.0, Diff:  0.0, Sum:  0.0, Workers: 4
[537.559s][debug][gc,phases      ] GC(157)     Dead                           Min: 0, Avg:  0.0, Max: 0, Diff: 0, Sum: 0, Workers: 4
[537.559s][debug][gc,phases      ] GC(157)     Total                          Min: 0, Avg:  0.0, Max: 0, Diff: 0, Sum: 0, Workers: 4
[537.559s][debug][gc,phases      ] GC(157)   StringDedup Requests0 Weak     Min:  0.0, Avg:  0.0, Max:  0.0, Diff:  0.0, Sum:  0.0, Workers: 4
[537.559s][debug][gc,phases      ] GC(157)     Dead                           Min: 0, Avg:  0.0, Max: 0, Diff: 0, Sum: 0, Workers: 4
[537.559s][debug][gc,phases      ] GC(157)     Total                          Min: 0, Avg:  0.0, Max: 0, Diff: 0, Sum: 0, Workers: 4
[537.559s][debug][gc,phases      ] GC(157)   StringDedup Requests1 Weak     Min:  0.0, Avg:  0.0, Max:  0.0, Diff:  0.0, Sum:  0.0, Workers: 4
[537.559s][debug][gc,phases      ] GC(157)     Dead                           Min: 0, Avg:  0.0, Max: 0, Diff: 0, Sum: 0, Workers: 4
[537.559s][debug][gc,phases      ] GC(157)     Total                          Min: 0, Avg:  0.0, Max: 0, Diff: 0, Sum: 0, Workers: 4
[537.559s][debug][gc,phases      ] GC(157)   Weak JFR Old Object Samples    Min:  0.0, Avg:  0.0, Max:  0.0, Diff:  0.0, Sum:  0.0, Workers: 4
[537.559s][debug][gc,phases      ] GC(157)     Dead                           Min: 0, Avg:  0.0, Max: 0, Diff: 0, Sum: 0, Workers: 4
[537.559s][debug][gc,phases      ] GC(157)     Total                          Min: 0, Avg:  0.0, Max: 0, Diff: 0, Sum: 0, Workers: 4
[537.559s][debug][gc,phases      ] GC(157) Weak Processing 0.326ms
[537.559s][debug][gc,age         ] GC(157) Desired survivor size 242745344 bytes, new threshold 15 (max threshold 15)
[537.559s][info ][gc,heap        ] GC(157) PSYoungGen: 1575568K(1843200K)->3952K(1825280K) Eden: 1571328K(1571328K)->0K(1571328K) From: 4240K(271872K)->3952K(253952K)
[537.559s][info ][gc,heap        ] GC(157) ParOldGen: 495647K(631296K)->495771K(631296K)
[537.559s][info ][gc,metaspace   ] GC(157) Metaspace: 82152K(83008K)->82152K(83008K) NonClass: 70649K(71104K)->70649K(71104K) Class: 11502K(11904K)->11502K(11904K)
[537.559s][info ][gc             ] GC(157) Pause Young (Allocation Failure) 2022M->488M(2399M) 3.429ms
[537.559s][info ][gc,cpu         ] GC(157) User=0.01s Sys=0.00s Real=0.00s
[537.559s][info ][safepoint      ] Safepoint "ParallelGCFailedAllocation", Time since last: 740381538 ns, Reaching safepoint: 124103 ns, At safepoint: 3514369 ns, Total: 3638472 ns
[538.559s][info ][safepoint      ] Safepoint "Cleanup", Time since last: 1000084938 ns, Reaching safepoint: 50001 ns, At safepoint: 7000 ns, Total: 57001 ns
[539.559s][info ][safepoint      ] Safepoint "Cleanup", Time since last: 1000131138 ns, Reaching safepoint: 35401 ns, At safepoint: 6100 ns, Total: 41501 ns
[540.559s][info ][safepoint      ] Safepoint "Cleanup", Time since last: 1000108838 ns, Reaching safepoint: 61601 ns, At safepoint: 5500 ns, Total: 67101 ns
[542.560s][info ][safepoint      ] Safepoint "Cleanup", Time since last: 2000185575 ns, Reaching safepoint: 48801 ns, At safepoint: 3100 ns, Total: 51901 ns
[543.560s][info ][safepoint      ] Safepoint "Cleanup", Time since last: 1000118137 ns, Reaching safepoint: 53701 ns, At safepoint: 7800 ns, Total: 61501 ns
[544.560s][info ][safepoint      ] Safepoint "Cleanup", Time since last: 1000150038 ns, Reaching safepoint: 52101 ns, At safepoint: 3200 ns, Total: 55301 ns
[546.560s][info ][safepoint      ] Safepoint "Cleanup", Time since last: 2000179173 ns, Reaching safepoint: 49601 ns, At safepoint: 2500 ns, Total: 52101 ns
[548.560s][info ][safepoint      ] Safepoint "Cleanup", Time since last: 2000190672 ns, Reaching safepoint: 48501 ns, At safepoint: 8000 ns, Total: 56501 ns
[550.561s][info ][safepoint      ] Safepoint "Cleanup", Time since last: 2000195872 ns, Reaching safepoint: 60401 ns, At safepoint: 5400 ns, Total: 65801 ns
[551.561s][info ][safepoint      ] Safepoint "Cleanup", Time since last: 1000110036 ns, Reaching safepoint: 59901 ns, At safepoint: 10801 ns, Total: 70702 ns
[552.561s][info ][safepoint      ] Safepoint "Cleanup", Time since last: 1000112035 ns, Reaching safepoint: 48001 ns, At safepoint: 2600 ns, Total: 50601 ns
[554.561s][info ][safepoint      ] Safepoint "Cleanup", Time since last: 2000187770 ns, Reaching safepoint: 69502 ns, At safepoint: 6200 ns, Total: 75702 ns
[555.561s][info ][safepoint      ] Safepoint "Cleanup", Time since last: 1000117535 ns, Reaching safepoint: 57401 ns, At safepoint: 11800 ns, Total: 69201 ns
[557.562s][info ][safepoint      ] Safepoint "Cleanup", Time since last: 2000184069 ns, Reaching safepoint: 57501 ns, At safepoint: 10900 ns, Total: 68401 ns
[558.562s][info ][safepoint      ] Safepoint "Cleanup", Time since last: 1000109835 ns, Reaching safepoint: 45201 ns, At safepoint: 7400 ns, Total: 52601 ns
[560.562s][info ][safepoint      ] Safepoint "Cleanup", Time since last: 2000178167 ns, Reaching safepoint: 51501 ns, At safepoint: 10101 ns, Total: 61602 ns
[561.562s][info ][safepoint      ] Safepoint "Cleanup", Time since last: 1000119934 ns, Reaching safepoint: 48101 ns, At safepoint: 4700 ns, Total: 52801 ns
[562.562s][info ][safepoint      ] Safepoint "Cleanup", Time since last: 1000111133 ns, Reaching safepoint: 53401 ns, At safepoint: 13301 ns, Total: 66702 ns
[563.563s][info ][safepoint      ] Safepoint "Cleanup", Time since last: 1000115533 ns, Reaching safepoint: 48601 ns, At safepoint: 3800 ns, Total: 52401 ns
[566.563s][info ][safepoint      ] Safepoint "Cleanup", Time since last: 3000281799 ns, Reaching safepoint: 55501 ns, At safepoint: 3100 ns, Total: 58601 ns
[568.563s][info ][safepoint      ] Safepoint "Cleanup", Time since last: 2000177165 ns, Reaching safepoint: 52901 ns, At safepoint: 6400 ns, Total: 59301 ns
[571.563s][info ][safepoint      ] Safepoint "Cleanup", Time since last: 3000240995 ns, Reaching safepoint: 46101 ns, At safepoint: 8300 ns, Total: 54401 ns
[574.564s][info ][safepoint      ] Safepoint "Cleanup", Time since last: 3000259994 ns, Reaching safepoint: 45501 ns, At safepoint: 3200 ns, Total: 48701 ns
[575.564s][info ][safepoint      ] Safepoint "Cleanup", Time since last: 1000108831 ns, Reaching safepoint: 59301 ns, At safepoint: 3500 ns, Total: 62801 ns
[577.564s][info ][safepoint      ] Safepoint "Cleanup", Time since last: 2000181462 ns, Reaching safepoint: 49701 ns, At safepoint: 6500 ns, Total: 56201 ns
[578.564s][info ][safepoint      ] Safepoint "Cleanup", Time since last: 1000116131 ns, Reaching safepoint: 59801 ns, At safepoint: 12100 ns, Total: 71901 ns
[581.565s][info ][safepoint      ] Safepoint "Cleanup", Time since last: 3000204189 ns, Reaching safepoint: 60501 ns, At safepoint: 4200 ns, Total: 64701 ns
[583.565s][info ][safepoint      ] Safepoint "Cleanup", Time since last: 2000171459 ns, Reaching safepoint: 58102 ns, At safepoint: 3900 ns, Total: 62002 ns
[586.565s][info ][safepoint      ] Safepoint "Cleanup", Time since last: 3000234387 ns, Reaching safepoint: 53101 ns, At safepoint: 3000 ns, Total: 56101 ns
[587.565s][info ][safepoint      ] Safepoint "Cleanup", Time since last: 1000103429 ns, Reaching safepoint: 60901 ns, At safepoint: 4100 ns, Total: 65001 ns
[588.565s][info ][safepoint      ] Safepoint "Cleanup", Time since last: 1000103929 ns, Reaching safepoint: 44901 ns, At safepoint: 2600 ns, Total: 47501 ns
[590.566s][info ][safepoint      ] Safepoint "Cleanup", Time since last: 2000161556 ns, Reaching safepoint: 55001 ns, At safepoint: 3400 ns, Total: 58401 ns
[594.566s][info ][safepoint      ] Safepoint "Cleanup", Time since last: 4000314611 ns, Reaching safepoint: 85302 ns, At safepoint: 6400 ns, Total: 91702 ns
[595.566s][info ][safepoint      ] Safepoint "Cleanup", Time since last: 1000104928 ns, Reaching safepoint: 66101 ns, At safepoint: 5500 ns, Total: 71601 ns
[596.567s][info ][safepoint      ] Safepoint "Cleanup", Time since last: 1000102928 ns, Reaching safepoint: 101902 ns, At safepoint: 10600 ns, Total: 112502 ns
[597.567s][info ][safepoint      ] Safepoint "Cleanup", Time since last: 1000106627 ns, Reaching safepoint: 64201 ns, At safepoint: 6001 ns, Total: 70202 ns
[598.659s][info ][gc,start       ] GC(158) Pause Young (Allocation Failure)
[598.662s][debug][gc,phases      ] GC(158) Scavenge 2.723ms
[598.662s][debug][gc,ref         ] GC(158) Skipped phase 1 of Reference Processing: no references
[598.662s][debug][gc,ref         ] GC(158) ReferenceProcessor::execute queues: 1, RefProcThreadModel::Single, marks_oops_alive: false
[598.662s][debug][gc,ref         ] GC(158) Skipped phase 3 of Reference Processing: no references
[598.662s][debug][gc,ref         ] GC(158) ReferenceProcessor::execute queues: 1, RefProcThreadModel::Single, marks_oops_alive: false
[598.662s][debug][gc,phases      ] GC(158) Reference Processing 0.118ms
[598.662s][debug][gc,phases      ] GC(158)   VM Weak                        Min:  0.0, Avg:  0.0, Max:  0.0, Diff:  0.0, Sum:  0.0, Workers: 4
[598.662s][debug][gc,phases      ] GC(158)     Dead                           Min: 0, Avg:  0.0, Max: 0, Diff: 0, Sum: 0, Workers: 4
[598.662s][debug][gc,phases      ] GC(158)     Total                          Min: 0, Avg: 165.2, Max: 512, Diff: 512, Sum: 661, Workers: 4
[598.662s][debug][gc,phases      ] GC(158)   ObjectSynchronizer Weak        Min:  0.0, Avg:  0.0, Max:  0.0, Diff:  0.0, Sum:  0.0, Workers: 4
[598.662s][debug][gc,phases      ] GC(158)     Dead                           Min: 0, Avg:  0.0, Max: 0, Diff: 0, Sum: 0, Workers: 4
[598.662s][debug][gc,phases      ] GC(158)     Total                          Min: 0, Avg: 102.8, Max: 219, Diff: 219, Sum: 411, Workers: 4
[598.662s][debug][gc,phases      ] GC(158)   JVMTI Tag Weak OopStorage      Min:  0.0, Avg:  0.0, Max:  0.0, Diff:  0.0, Sum:  0.0, Workers: 4
[598.662s][debug][gc,phases      ] GC(158)     Dead                           Min: 0, Avg:  0.0, Max: 0, Diff: 0, Sum: 0, Workers: 4
[598.662s][debug][gc,phases      ] GC(158)     Total                          Min: 0, Avg:  0.0, Max: 0, Diff: 0, Sum: 0, Workers: 4
[598.662s][debug][gc,phases      ] GC(158)   StringTable Weak               Min:  0.1, Avg:  0.1, Max:  0.1, Diff:  0.0, Sum:  0.4, Workers: 4
[598.662s][debug][gc,phases      ] GC(158)     Dead                           Min: 0, Avg:  0.0, Max: 0, Diff: 0, Sum: 0, Workers: 4
[598.662s][debug][gc,phases      ] GC(158)     Total                          Min: 11200, Avg: 11919.0, Max: 12860, Diff: 1660, Sum: 47676, Workers: 4
[598.662s][debug][gc,phases      ] GC(158)   ResolvedMethodTable Weak       Min:  0.0, Avg:  0.0, Max:  0.0, Diff:  0.0, Sum:  0.1, Workers: 4
[598.662s][debug][gc,phases      ] GC(158)     Dead                           Min: 0, Avg:  0.0, Max: 0, Diff: 0, Sum: 0, Workers: 4
[598.662s][debug][gc,phases      ] GC(158)     Total                          Min: 1976, Avg: 2047.0, Max: 2158, Diff: 182, Sum: 8188, Workers: 4
[598.662s][debug][gc,phases      ] GC(158)   JNI Weak                       Min:  0.0, Avg:  0.0, Max:  0.0, Diff:  0.0, Sum:  0.0, Workers: 4
[598.662s][debug][gc,phases      ] GC(158)     Dead                           Min: 0, Avg:  0.0, Max: 0, Diff: 0, Sum: 0, Workers: 4
[598.662s][debug][gc,phases      ] GC(158)     Total                          Min: 0, Avg:  0.0, Max: 0, Diff: 0, Sum: 0, Workers: 4
[598.662s][debug][gc,phases      ] GC(158)   StringDedup Table Weak         Min:  0.0, Avg:  0.0, Max:  0.0, Diff:  0.0, Sum:  0.0, Workers: 4
[598.662s][debug][gc,phases      ] GC(158)     Dead                           Min: 0, Avg:  0.0, Max: 0, Diff: 0, Sum: 0, Workers: 4
[598.662s][debug][gc,phases      ] GC(158)     Total                          Min: 0, Avg:  0.0, Max: 0, Diff: 0, Sum: 0, Workers: 4
[598.662s][debug][gc,phases      ] GC(158)   StringDedup Requests0 Weak     Min:  0.0, Avg:  0.0, Max:  0.0, Diff:  0.0, Sum:  0.0, Workers: 4
[598.662s][debug][gc,phases      ] GC(158)     Dead                           Min: 0, Avg:  0.0, Max: 0, Diff: 0, Sum: 0, Workers: 4
[598.662s][debug][gc,phases      ] GC(158)     Total                          Min: 0, Avg:  0.0, Max: 0, Diff: 0, Sum: 0, Workers: 4
[598.662s][debug][gc,phases      ] GC(158)   StringDedup Requests1 Weak     Min:  0.0, Avg:  0.0, Max:  0.0, Diff:  0.0, Sum:  0.0, Workers: 4
[598.662s][debug][gc,phases      ] GC(158)     Dead                           Min: 0, Avg:  0.0, Max: 0, Diff: 0, Sum: 0, Workers: 4
[598.662s][debug][gc,phases      ] GC(158)     Total                          Min: 0, Avg:  0.0, Max: 0, Diff: 0, Sum: 0, Workers: 4
[598.662s][debug][gc,phases      ] GC(158)   Weak JFR Old Object Samples    Min:  0.0, Avg:  0.0, Max:  0.0, Diff:  0.0, Sum:  0.0, Workers: 4
[598.662s][debug][gc,phases      ] GC(158)     Dead                           Min: 0, Avg:  0.0, Max: 0, Diff: 0, Sum: 0, Workers: 4
[598.662s][debug][gc,phases      ] GC(158)     Total                          Min: 0, Avg:  0.0, Max: 0, Diff: 0, Sum: 0, Workers: 4
[598.662s][debug][gc,phases      ] GC(158) Weak Processing 0.317ms
[598.662s][debug][gc,age         ] GC(158) Desired survivor size 226492416 bytes, new threshold 15 (max threshold 15)
[598.662s][info ][gc,heap        ] GC(158) PSYoungGen: 1575280K(1825280K)->4096K(1875968K) Eden: 1571328K(1571328K)->0K(1638912K) From: 3952K(253952K)->4096K(237056K)
[598.662s][info ][gc,heap        ] GC(158) ParOldGen: 495771K(631296K)->495803K(631296K)
[598.662s][info ][gc,metaspace   ] GC(158) Metaspace: 82227K(83072K)->82227K(83072K) NonClass: 70721K(71168K)->70721K(71168K) Class: 11505K(11904K)->11505K(11904K)
[598.662s][info ][gc             ] GC(158) Pause Young (Allocation Failure) 2022M->488M(2448M) 3.283ms
[598.662s][info ][gc,cpu         ] GC(158) User=0.01s Sys=0.00s Real=0.00s
[598.662s][info ][safepoint      ] Safepoint "ParallelGCFailedAllocation", Time since last: 1092030131 ns, Reaching safepoint: 49101 ns, At safepoint: 3384366 ns, Total: 3433467 ns
[599.662s][info ][safepoint      ] Safepoint "Cleanup", Time since last: 1000092427 ns, Reaching safepoint: 48101 ns, At safepoint: 10200 ns, Total: 58301 ns
[601.663s][info ][safepoint      ] Safepoint "Cleanup", Time since last: 2000171253 ns, Reaching safepoint: 43401 ns, At safepoint: 6800 ns, Total: 50201 ns
[602.663s][info ][safepoint      ] Safepoint "Cleanup", Time since last: 1000106126 ns, Reaching safepoint: 53001 ns, At safepoint: 4401 ns, Total: 57402 ns
[604.663s][info ][safepoint      ] Safepoint "Cleanup", Time since last: 2000171951 ns, Reaching safepoint: 56801 ns, At safepoint: 4400 ns, Total: 61201 ns
[605.663s][info ][safepoint      ] Safepoint "Cleanup", Time since last: 1000115227 ns, Reaching safepoint: 54901 ns, At safepoint: 6000 ns, Total: 60901 ns
[606.663s][info ][safepoint      ] Safepoint "Cleanup", Time since last: 1000103226 ns, Reaching safepoint: 55501 ns, At safepoint: 8500 ns, Total: 64001 ns
[607.663s][info ][safepoint      ] Safepoint "Cleanup", Time since last: 1000110326 ns, Reaching safepoint: 52501 ns, At safepoint: 5600 ns, Total: 58101 ns
[610.664s][info ][safepoint      ] Safepoint "Cleanup", Time since last: 3000267075 ns, Reaching safepoint: 60801 ns, At safepoint: 3500 ns, Total: 64301 ns
[615.664s][info ][safepoint      ] Safepoint "Cleanup", Time since last: 5000364620 ns, Reaching safepoint: 80502 ns, At safepoint: 9800 ns, Total: 90302 ns
[618.665s][info ][safepoint      ] Safepoint "Cleanup", Time since last: 3000239971 ns, Reaching safepoint: 57101 ns, At safepoint: 10200 ns, Total: 67301 ns
[621.665s][info ][safepoint      ] Safepoint "Cleanup", Time since last: 3000237869 ns, Reaching safepoint: 51801 ns, At safepoint: 5300 ns, Total: 57101 ns
[622.665s][info ][safepoint      ] Safepoint "Cleanup", Time since last: 1000110923 ns, Reaching safepoint: 49401 ns, At safepoint: 5300 ns, Total: 54701 ns
[630.666s][info ][safepoint      ] Safepoint "Cleanup", Time since last: 8000510874 ns, Reaching safepoint: 67701 ns, At safepoint: 11400 ns, Total: 79101 ns
[631.666s][info ][safepoint      ] Safepoint "Cleanup", Time since last: 1000106022 ns, Reaching safepoint: 53301 ns, At safepoint: 6600 ns, Total: 59901 ns
[632.666s][info ][safepoint      ] Safepoint "Cleanup", Time since last: 1000113222 ns, Reaching safepoint: 47301 ns, At safepoint: 10600 ns, Total: 57901 ns
[634.666s][info ][safepoint      ] Safepoint "Cleanup", Time since last: 2000159441 ns, Reaching safepoint: 61302 ns, At safepoint: 8000 ns, Total: 69302 ns
[636.666s][info ][safepoint      ] Safepoint "Cleanup", Time since last: 2000172641 ns, Reaching safepoint: 47601 ns, At safepoint: 5100 ns, Total: 52701 ns
[639.667s][info ][safepoint      ] Safepoint "Cleanup", Time since last: 3000242760 ns, Reaching safepoint: 48301 ns, At safepoint: 2700 ns, Total: 51001 ns
[645.667s][info ][safepoint      ] Safepoint "Cleanup", Time since last: 6000413115 ns, Reaching safepoint: 53602 ns, At safepoint: 2900 ns, Total: 56502 ns
[647.667s][info ][safepoint      ] Safepoint "Cleanup", Time since last: 2000179938 ns, Reaching safepoint: 50501 ns, At safepoint: 2700 ns, Total: 53201 ns
[648.668s][info ][safepoint      ] Safepoint "Cleanup", Time since last: 1000118219 ns, Reaching safepoint: 54001 ns, At safepoint: 4600 ns, Total: 58601 ns
[649.668s][info ][safepoint      ] Safepoint "Cleanup", Time since last: 1000106219 ns, Reaching safepoint: 67301 ns, At safepoint: 11700 ns, Total: 79001 ns
[650.668s][info ][safepoint      ] Safepoint "Cleanup", Time since last: 1000092219 ns, Reaching safepoint: 48801 ns, At safepoint: 3100 ns, Total: 51901 ns
[651.249s][info ][gc,start       ] GC(159) Pause Young (Allocation Failure)
[651.252s][debug][gc,phases      ] GC(159) Scavenge 2.533ms
[651.252s][debug][gc,ref         ] GC(159) Skipped phase 1 of Reference Processing: no references
[651.252s][debug][gc,ref         ] GC(159) ReferenceProcessor::execute queues: 1, RefProcThreadModel::Single, marks_oops_alive: false
[651.252s][debug][gc,ref         ] GC(159) Skipped phase 3 of Reference Processing: no references
[651.252s][debug][gc,ref         ] GC(159) ReferenceProcessor::execute queues: 1, RefProcThreadModel::Single, marks_oops_alive: false
[651.252s][debug][gc,phases      ] GC(159) Reference Processing 0.133ms
[651.252s][debug][gc,phases      ] GC(159)   VM Weak                        Min:  0.0, Avg:  0.0, Max:  0.0, Diff:  0.0, Sum:  0.0, Workers: 4
[651.252s][debug][gc,phases      ] GC(159)     Dead                           Min: 0, Avg:  0.0, Max: 0, Diff: 0, Sum: 0, Workers: 4
[651.252s][debug][gc,phases      ] GC(159)     Total                          Min: 0, Avg: 166.2, Max: 576, Diff: 576, Sum: 665, Workers: 4
[651.252s][debug][gc,phases      ] GC(159)   ObjectSynchronizer Weak        Min:  0.0, Avg:  0.0, Max:  0.0, Diff:  0.0, Sum:  0.0, Workers: 4
[651.252s][debug][gc,phases      ] GC(159)     Dead                           Min: 0, Avg:  0.0, Max: 0, Diff: 0, Sum: 0, Workers: 4
[651.252s][debug][gc,phases      ] GC(159)     Total                          Min: 0, Avg: 102.8, Max: 219, Diff: 219, Sum: 411, Workers: 4
[651.252s][debug][gc,phases      ] GC(159)   JVMTI Tag Weak OopStorage      Min:  0.0, Avg:  0.0, Max:  0.0, Diff:  0.0, Sum:  0.0, Workers: 4
[651.252s][debug][gc,phases      ] GC(159)     Dead                           Min: 0, Avg:  0.0, Max: 0, Diff: 0, Sum: 0, Workers: 4
[651.252s][debug][gc,phases      ] GC(159)     Total                          Min: 0, Avg:  0.0, Max: 0, Diff: 0, Sum: 0, Workers: 4
[651.252s][debug][gc,phases      ] GC(159)   StringTable Weak               Min:  0.1, Avg:  0.1, Max:  0.1, Diff:  0.0, Sum:  0.4, Workers: 4
[651.252s][debug][gc,phases      ] GC(159)     Dead                           Min: 0, Avg:  0.0, Max: 0, Diff: 0, Sum: 0, Workers: 4
[651.252s][debug][gc,phases      ] GC(159)     Total                          Min: 11264, Avg: 11922.0, Max: 12616, Diff: 1352, Sum: 47688, Workers: 4
[651.252s][debug][gc,phases      ] GC(159)   ResolvedMethodTable Weak       Min:  0.0, Avg:  0.0, Max:  0.0, Diff:  0.0, Sum:  0.1, Workers: 4
[651.252s][debug][gc,phases      ] GC(159)     Dead                           Min: 0, Avg:  0.0, Max: 0, Diff: 0, Sum: 0, Workers: 4
[651.252s][debug][gc,phases      ] GC(159)     Total                          Min: 1962, Avg: 2050.0, Max: 2104, Diff: 142, Sum: 8200, Workers: 4
[651.252s][debug][gc,phases      ] GC(159)   JNI Weak                       Min:  0.0, Avg:  0.0, Max:  0.0, Diff:  0.0, Sum:  0.0, Workers: 4
[651.252s][debug][gc,phases      ] GC(159)     Dead                           Min: 0, Avg:  0.0, Max: 0, Diff: 0, Sum: 0, Workers: 4
[651.252s][debug][gc,phases      ] GC(159)     Total                          Min: 0, Avg:  0.0, Max: 0, Diff: 0, Sum: 0, Workers: 4
[651.252s][debug][gc,phases      ] GC(159)   StringDedup Table Weak         Min:  0.0, Avg:  0.0, Max:  0.0, Diff:  0.0, Sum:  0.0, Workers: 4
[651.252s][debug][gc,phases      ] GC(159)     Dead                           Min: 0, Avg:  0.0, Max: 0, Diff: 0, Sum: 0, Workers: 4
[651.252s][debug][gc,phases      ] GC(159)     Total                          Min: 0, Avg:  0.0, Max: 0, Diff: 0, Sum: 0, Workers: 4
[651.252s][debug][gc,phases      ] GC(159)   StringDedup Requests0 Weak     Min:  0.0, Avg:  0.0, Max:  0.0, Diff:  0.0, Sum:  0.0, Workers: 4
[651.252s][debug][gc,phases      ] GC(159)     Dead                           Min: 0, Avg:  0.0, Max: 0, Diff: 0, Sum: 0, Workers: 4
[651.252s][debug][gc,phases      ] GC(159)     Total                          Min: 0, Avg:  0.0, Max: 0, Diff: 0, Sum: 0, Workers: 4
[651.252s][debug][gc,phases      ] GC(159)   StringDedup Requests1 Weak     Min:  0.0, Avg:  0.0, Max:  0.0, Diff:  0.0, Sum:  0.0, Workers: 4
[651.252s][debug][gc,phases      ] GC(159)     Dead                           Min: 0, Avg:  0.0, Max: 0, Diff: 0, Sum: 0, Workers: 4
[651.252s][debug][gc,phases      ] GC(159)     Total                          Min: 0, Avg:  0.0, Max: 0, Diff: 0, Sum: 0, Workers: 4
[651.252s][debug][gc,phases      ] GC(159)   Weak JFR Old Object Samples    Min:  0.0, Avg:  0.0, Max:  0.0, Diff:  0.0, Sum:  0.0, Workers: 4
[651.252s][debug][gc,phases      ] GC(159)     Dead                           Min: 0, Avg:  0.0, Max: 0, Diff: 0, Sum: 0, Workers: 4
[651.252s][debug][gc,phases      ] GC(159)     Total                          Min: 0, Avg:  0.0, Max: 0, Diff: 0, Sum: 0, Workers: 4
[651.252s][debug][gc,phases      ] GC(159) Weak Processing 0.293ms
[651.252s][debug][gc,age         ] GC(159) Desired survivor size 210763776 bytes, new threshold 15 (max threshold 15)
[651.252s][info ][gc,heap        ] GC(159) PSYoungGen: 1643008K(1875968K)->4144K(1860096K) Eden: 1638912K(1638912K)->0K(1638912K) From: 4096K(237056K)->4144K(221184K)
[651.252s][info ][gc,heap        ] GC(159) ParOldGen: 495803K(631296K)->495835K(631296K)
[651.252s][info ][gc,metaspace   ] GC(159) Metaspace: 82278K(83136K)->82278K(83136K) NonClass: 70768K(71232K)->70768K(71232K) Class: 11509K(11904K)->11509K(11904K)
[651.252s][info ][gc             ] GC(159) Pause Young (Allocation Failure) 2088M->488M(2433M) 3.087ms
[651.252s][info ][gc,cpu         ] GC(159) User=0.01s Sys=0.00s Real=0.01s
[651.252s][info ][safepoint      ] Safepoint "ParallelGCFailedAllocation", Time since last: 581196401 ns, Reaching safepoint: 28401 ns, At safepoint: 3168562 ns, Total: 3196963 ns
[653.252s][info ][safepoint      ] Safepoint "Cleanup", Time since last: 2000154535 ns, Reaching safepoint: 52601 ns, At safepoint: 4400 ns, Total: 57001 ns
[654.253s][info ][safepoint      ] Safepoint "Cleanup", Time since last: 1000131519 ns, Reaching safepoint: 36501 ns, At safepoint: 2900 ns, Total: 39401 ns
[656.253s][info ][safepoint      ] Safepoint "Cleanup", Time since last: 2000173335 ns, Reaching safepoint: 44001 ns, At safepoint: 2900 ns, Total: 46901 ns
[657.253s][info ][safepoint      ] Safepoint "Cleanup", Time since last: 1000112018 ns, Reaching safepoint: 52401 ns, At safepoint: 7900 ns, Total: 60301 ns
[658.253s][info ][safepoint      ] Safepoint "Cleanup", Time since last: 1000107618 ns, Reaching safepoint: 48801 ns, At safepoint: 5800 ns, Total: 54601 ns
[662.254s][info ][safepoint      ] Safepoint "Cleanup", Time since last: 4000305966 ns, Reaching safepoint: 127703 ns, At safepoint: 7600 ns, Total: 135303 ns
[668.254s][info ][safepoint      ] Safepoint "Cleanup", Time since last: 6000438794 ns, Reaching safepoint: 124303 ns, At safepoint: 8800 ns, Total: 133103 ns
[674.255s][info ][safepoint      ] Safepoint "Cleanup", Time since last: 6000410989 ns, Reaching safepoint: 119402 ns, At safepoint: 5700 ns, Total: 125102 ns
[676.206s][info ][safepoint      ] Safepoint "Cleanup", Time since last: 1950690459 ns, Reaching safepoint: 258105 ns, At safepoint: 11100 ns, Total: 269205 ns
[677.654s][info ][safepoint      ] Safepoint "Cleanup", Time since last: 1447855096 ns, Reaching safepoint: 163603 ns, At safepoint: 9401 ns, Total: 173004 ns
[679.654s][info ][safepoint      ] Safepoint "Cleanup", Time since last: 2000170928 ns, Reaching safepoint: 113202 ns, At safepoint: 5700 ns, Total: 118902 ns
[680.654s][info ][safepoint      ] Safepoint "Cleanup", Time since last: 1000115314 ns, Reaching safepoint: 115003 ns, At safepoint: 7800 ns, Total: 122803 ns
[681.654s][info ][safepoint      ] Safepoint "Cleanup", Time since last: 1000109514 ns, Reaching safepoint: 120602 ns, At safepoint: 10601 ns, Total: 131203 ns
[682.655s][info ][safepoint      ] Safepoint "Cleanup", Time since last: 1000108014 ns, Reaching safepoint: 122102 ns, At safepoint: 7600 ns, Total: 129702 ns
[683.655s][info ][safepoint      ] Safepoint "Cleanup", Time since last: 1000109714 ns, Reaching safepoint: 120502 ns, At safepoint: 8500 ns, Total: 129002 ns
[684.655s][info ][safepoint      ] Safepoint "Cleanup", Time since last: 1000107114 ns, Reaching safepoint: 134003 ns, At safepoint: 10100 ns, Total: 144103 ns
[685.655s][info ][safepoint      ] Safepoint "Cleanup", Time since last: 1000118814 ns, Reaching safepoint: 131602 ns, At safepoint: 9700 ns, Total: 141302 ns
[687.656s][info ][safepoint      ] Safepoint "Cleanup", Time since last: 2000176126 ns, Reaching safepoint: 116703 ns, At safepoint: 11600 ns, Total: 128303 ns
[688.656s][info ][safepoint      ] Safepoint "Cleanup", Time since last: 1000106813 ns, Reaching safepoint: 122202 ns, At safepoint: 8600 ns, Total: 130802 ns
[689.656s][info ][safepoint      ] Safepoint "Cleanup", Time since last: 1000116314 ns, Reaching safepoint: 118102 ns, At safepoint: 6200 ns, Total: 124302 ns
[690.656s][info ][safepoint      ] Safepoint "Cleanup", Time since last: 1000097313 ns, Reaching safepoint: 118302 ns, At safepoint: 11900 ns, Total: 130202 ns
[694.657s][info ][safepoint      ] Safepoint "Cleanup", Time since last: 4000298547 ns, Reaching safepoint: 123403 ns, At safepoint: 7400 ns, Total: 130803 ns
[697.657s][info ][safepoint      ] Safepoint "Cleanup", Time since last: 3000239534 ns, Reaching safepoint: 124202 ns, At safepoint: 8501 ns, Total: 132703 ns
[698.658s][info ][safepoint      ] Safepoint "Cleanup", Time since last: 1000119111 ns, Reaching safepoint: 129803 ns, At safepoint: 8900 ns, Total: 138703 ns
[699.658s][info ][safepoint      ] Safepoint "Cleanup", Time since last: 1000104912 ns, Reaching safepoint: 112702 ns, At safepoint: 7600 ns, Total: 120302 ns
[700.658s][info ][safepoint      ] Safepoint "Cleanup", Time since last: 1000116012 ns, Reaching safepoint: 88201 ns, At safepoint: 7600 ns, Total: 95801 ns
[701.658s][info ][safepoint      ] Safepoint "Cleanup", Time since last: 1000128012 ns, Reaching safepoint: 121002 ns, At safepoint: 5601 ns, Total: 126603 ns
[702.658s][info ][safepoint      ] Safepoint "Cleanup", Time since last: 1000104811 ns, Reaching safepoint: 126902 ns, At safepoint: 10500 ns, Total: 137402 ns
[704.659s][info ][safepoint      ] Safepoint "Cleanup", Time since last: 2000180121 ns, Reaching safepoint: 66902 ns, At safepoint: 10800 ns, Total: 77702 ns
[705.659s][info ][safepoint      ] Safepoint "Cleanup", Time since last: 1000109611 ns, Reaching safepoint: 117402 ns, At safepoint: 5300 ns, Total: 122702 ns
[706.493s][info ][gc,start       ] GC(160) Pause Young (Allocation Failure)
[706.495s][debug][gc,phases      ] GC(160) Scavenge 2.415ms
[706.495s][debug][gc,ref         ] GC(160) Skipped phase 1 of Reference Processing: no references
[706.496s][debug][gc,ref         ] GC(160) ReferenceProcessor::execute queues: 1, RefProcThreadModel::Single, marks_oops_alive: false
[706.496s][debug][gc,ref         ] GC(160) Skipped phase 3 of Reference Processing: no references
[706.496s][debug][gc,ref         ] GC(160) ReferenceProcessor::execute queues: 1, RefProcThreadModel::Single, marks_oops_alive: false
[706.496s][debug][gc,phases      ] GC(160) Reference Processing 0.115ms
[706.496s][debug][gc,phases      ] GC(160)   VM Weak                        Min:  0.0, Avg:  0.0, Max:  0.0, Diff:  0.0, Sum:  0.0, Workers: 4
[706.496s][debug][gc,phases      ] GC(160)     Dead                           Min: 0, Avg:  0.0, Max: 0, Diff: 0, Sum: 0, Workers: 4
[706.496s][debug][gc,phases      ] GC(160)     Total                          Min: 0, Avg: 167.5, Max: 448, Diff: 448, Sum: 670, Workers: 4
[706.496s][debug][gc,phases      ] GC(160)   ObjectSynchronizer Weak        Min:  0.0, Avg:  0.0, Max:  0.0, Diff:  0.0, Sum:  0.0, Workers: 4
[706.496s][debug][gc,phases      ] GC(160)     Dead                           Min: 0, Avg:  0.0, Max: 0, Diff: 0, Sum: 0, Workers: 4
[706.496s][debug][gc,phases      ] GC(160)     Total                          Min: 0, Avg: 102.8, Max: 219, Diff: 219, Sum: 411, Workers: 4
[706.496s][debug][gc,phases      ] GC(160)   JVMTI Tag Weak OopStorage      Min:  0.0, Avg:  0.0, Max:  0.0, Diff:  0.0, Sum:  0.0, Workers: 4
[706.496s][debug][gc,phases      ] GC(160)     Dead                           Min: 0, Avg:  0.0, Max: 0, Diff: 0, Sum: 0, Workers: 4
[706.496s][debug][gc,phases      ] GC(160)     Total                          Min: 0, Avg:  0.0, Max: 0, Diff: 0, Sum: 0, Workers: 4
[706.496s][debug][gc,phases      ] GC(160)   StringTable Weak               Min:  0.1, Avg:  0.1, Max:  0.1, Diff:  0.0, Sum:  0.4, Workers: 4
[706.496s][debug][gc,phases      ] GC(160)     Dead                           Min: 0, Avg:  0.0, Max: 0, Diff: 0, Sum: 0, Workers: 4
[706.496s][debug][gc,phases      ] GC(160)     Total                          Min: 11456, Avg: 11924.5, Max: 12306, Diff: 850, Sum: 47698, Workers: 4
[706.496s][debug][gc,phases      ] GC(160)   ResolvedMethodTable Weak       Min:  0.0, Avg:  0.0, Max:  0.0, Diff:  0.0, Sum:  0.1, Workers: 4
[706.496s][debug][gc,phases      ] GC(160)     Dead                           Min: 0, Avg:  0.0, Max: 0, Diff: 0, Sum: 0, Workers: 4
[706.496s][debug][gc,phases      ] GC(160)     Total                          Min: 1974, Avg: 2054.2, Max: 2223, Diff: 249, Sum: 8217, Workers: 4
[706.496s][debug][gc,phases      ] GC(160)   JNI Weak                       Min:  0.0, Avg:  0.0, Max:  0.0, Diff:  0.0, Sum:  0.0, Workers: 4
[706.496s][debug][gc,phases      ] GC(160)     Dead                           Min: 0, Avg:  0.0, Max: 0, Diff: 0, Sum: 0, Workers: 4
[706.496s][debug][gc,phases      ] GC(160)     Total                          Min: 0, Avg:  0.0, Max: 0, Diff: 0, Sum: 0, Workers: 4
[706.496s][debug][gc,phases      ] GC(160)   StringDedup Table Weak         Min:  0.0, Avg:  0.0, Max:  0.0, Diff:  0.0, Sum:  0.0, Workers: 4
[706.496s][debug][gc,phases      ] GC(160)     Dead                           Min: 0, Avg:  0.0, Max: 0, Diff: 0, Sum: 0, Workers: 4
[706.496s][debug][gc,phases      ] GC(160)     Total                          Min: 0, Avg:  0.0, Max: 0, Diff: 0, Sum: 0, Workers: 4
[706.496s][debug][gc,phases      ] GC(160)   StringDedup Requests0 Weak     Min:  0.0, Avg:  0.0, Max:  0.0, Diff:  0.0, Sum:  0.0, Workers: 4
[706.496s][debug][gc,phases      ] GC(160)     Dead                           Min: 0, Avg:  0.0, Max: 0, Diff: 0, Sum: 0, Workers: 4
[706.496s][debug][gc,phases      ] GC(160)     Total                          Min: 0, Avg:  0.0, Max: 0, Diff: 0, Sum: 0, Workers: 4
[706.496s][debug][gc,phases      ] GC(160)   StringDedup Requests1 Weak     Min:  0.0, Avg:  0.0, Max:  0.0, Diff:  0.0, Sum:  0.0, Workers: 4
[706.496s][debug][gc,phases      ] GC(160)     Dead                           Min: 0, Avg:  0.0, Max: 0, Diff: 0, Sum: 0, Workers: 4
[706.496s][debug][gc,phases      ] GC(160)     Total                          Min: 0, Avg:  0.0, Max: 0, Diff: 0, Sum: 0, Workers: 4
[706.496s][debug][gc,phases      ] GC(160)   Weak JFR Old Object Samples    Min:  0.0, Avg:  0.0, Max:  0.0, Diff:  0.0, Sum:  0.0, Workers: 4
[706.496s][debug][gc,phases      ] GC(160)     Dead                           Min: 0, Avg:  0.0, Max: 0, Diff: 0, Sum: 0, Workers: 4
[706.496s][debug][gc,phases      ] GC(160)     Total                          Min: 0, Avg:  0.0, Max: 0, Diff: 0, Sum: 0, Workers: 4
[706.496s][debug][gc,phases      ] GC(160) Weak Processing 0.310ms
[706.496s][debug][gc,age         ] GC(160) Desired survivor size 196083712 bytes, new threshold 15 (max threshold 15)
[706.496s][info ][gc,heap        ] GC(160) PSYoungGen: 1643056K(1860096K)->4240K(1905664K) Eden: 1638912K(1638912K)->0K(1699840K) From: 4144K(221184K)->4240K(205824K)
[706.496s][info ][gc,heap        ] GC(160) ParOldGen: 495835K(631296K)->495867K(631296K)
[706.496s][info ][gc,metaspace   ] GC(160) Metaspace: 82349K(83200K)->82349K(83200K) NonClass: 70833K(71296K)->70833K(71296K) Class: 11515K(11904K)->11515K(11904K)
[706.496s][info ][gc             ] GC(160) Pause Young (Allocation Failure) 2088M->488M(2477M) 2.954ms
[706.496s][info ][gc,cpu         ] GC(160) User=0.01s Sys=0.00s Real=0.00s
[706.496s][info ][safepoint      ] Safepoint "ParallelGCFailedAllocation", Time since last: 833895751 ns, Reaching safepoint: 34901 ns, At safepoint: 3030759 ns, Total: 3065660 ns
[707.496s][info ][safepoint      ] Safepoint "Cleanup", Time since last: 1000087811 ns, Reaching safepoint: 45900 ns, At safepoint: 3500 ns, Total: 49400 ns
[711.496s][info ][safepoint      ] Safepoint "Cleanup", Time since last: 4000290238 ns, Reaching safepoint: 50801 ns, At safepoint: 3000 ns, Total: 53801 ns
[714.497s][info ][safepoint      ] Safepoint "Cleanup", Time since last: 3000231227 ns, Reaching safepoint: 51001 ns, At safepoint: 10700 ns, Total: 61701 ns
[717.497s][info ][safepoint      ] Safepoint "Cleanup", Time since last: 3000239926 ns, Reaching safepoint: 52301 ns, At safepoint: 7900 ns, Total: 60201 ns
[719.497s][info ][safepoint      ] Safepoint "Cleanup", Time since last: 2000173317 ns, Reaching safepoint: 54801 ns, At safepoint: 9300 ns, Total: 64101 ns
[723.498s][info ][safepoint      ] Safepoint "Cleanup", Time since last: 4000309932 ns, Reaching safepoint: 51001 ns, At safepoint: 3200 ns, Total: 54201 ns
[728.498s][info ][safepoint      ] Safepoint "Cleanup", Time since last: 5000379536 ns, Reaching safepoint: 54801 ns, At safepoint: 7900 ns, Total: 62701 ns
[751.500s][info ][safepoint      ] Safepoint "Cleanup", Time since last: 23001487518 ns, Reaching safepoint: 45501 ns, At safepoint: 2600 ns, Total: 48101 ns
[754.500s][info ][safepoint      ] Safepoint "Cleanup", Time since last: 3000238412 ns, Reaching safepoint: 74701 ns, At safepoint: 6600 ns, Total: 81301 ns
[755.500s][info ][safepoint      ] Safepoint "Cleanup", Time since last: 1000117304 ns, Reaching safepoint: 47301 ns, At safepoint: 7901 ns, Total: 55202 ns
[756.500s][info ][safepoint      ] Safepoint "Cleanup", Time since last: 1000104403 ns, Reaching safepoint: 58402 ns, At safepoint: 6200 ns, Total: 64602 ns
[757.500s][info ][safepoint      ] Safepoint "Cleanup", Time since last: 1000100203 ns, Reaching safepoint: 53901 ns, At safepoint: 2800 ns, Total: 56701 ns
[758.501s][info ][safepoint      ] Safepoint "Cleanup", Time since last: 1000109504 ns, Reaching safepoint: 51801 ns, At safepoint: 3900 ns, Total: 55701 ns
[765.501s][info ][safepoint      ] Safepoint "Cleanup", Time since last: 7000489017 ns, Reaching safepoint: 49701 ns, At safepoint: 3100 ns, Total: 52801 ns
[770.502s][info ][safepoint      ] Safepoint "Cleanup", Time since last: 5000379209 ns, Reaching safepoint: 51701 ns, At safepoint: 4701 ns, Total: 56402 ns
[771.502s][info ][safepoint      ] Safepoint "Cleanup", Time since last: 1000115602 ns, Reaching safepoint: 48201 ns, At safepoint: 2800 ns, Total: 51001 ns
[771.886s][info ][gc,start       ] GC(161) Pause Young (Allocation Failure)
[771.889s][debug][gc,phases      ] GC(161) Scavenge 2.358ms
[771.889s][debug][gc,ref         ] GC(161) Skipped phase 1 of Reference Processing: no references
[771.889s][debug][gc,ref         ] GC(161) ReferenceProcessor::execute queues: 1, RefProcThreadModel::Single, marks_oops_alive: false
[771.889s][debug][gc,ref         ] GC(161) Skipped phase 3 of Reference Processing: no references
[771.889s][debug][gc,ref         ] GC(161) ReferenceProcessor::execute queues: 1, RefProcThreadModel::Single, marks_oops_alive: false
[771.889s][debug][gc,phases      ] GC(161) Reference Processing 0.116ms
[771.889s][debug][gc,phases      ] GC(161)   VM Weak                        Min:  0.0, Avg:  0.0, Max:  0.0, Diff:  0.0, Sum:  0.0, Workers: 4
[771.889s][debug][gc,phases      ] GC(161)     Dead                           Min: 0, Avg:  0.0, Max: 0, Diff: 0, Sum: 0, Workers: 4
[771.889s][debug][gc,phases      ] GC(161)     Total                          Min: 0, Avg: 167.5, Max: 640, Diff: 640, Sum: 670, Workers: 4
[771.889s][debug][gc,phases      ] GC(161)   ObjectSynchronizer Weak        Min:  0.0, Avg:  0.0, Max:  0.0, Diff:  0.0, Sum:  0.0, Workers: 4
[771.889s][debug][gc,phases      ] GC(161)     Dead                           Min: 0, Avg:  0.0, Max: 0, Diff: 0, Sum: 0, Workers: 4
[771.889s][debug][gc,phases      ] GC(161)     Total                          Min: 0, Avg: 102.8, Max: 192, Diff: 192, Sum: 411, Workers: 4
[771.889s][debug][gc,phases      ] GC(161)   JVMTI Tag Weak OopStorage      Min:  0.0, Avg:  0.0, Max:  0.0, Diff:  0.0, Sum:  0.0, Workers: 4
[771.889s][debug][gc,phases      ] GC(161)     Dead                           Min: 0, Avg:  0.0, Max: 0, Diff: 0, Sum: 0, Workers: 4
[771.889s][debug][gc,phases      ] GC(161)     Total                          Min: 0, Avg:  0.0, Max: 0, Diff: 0, Sum: 0, Workers: 4
[771.889s][debug][gc,phases      ] GC(161)   StringTable Weak               Min:  0.1, Avg:  0.1, Max:  0.1, Diff:  0.0, Sum:  0.4, Workers: 4
[771.889s][debug][gc,phases      ] GC(161)     Dead                           Min: 0, Avg:  0.0, Max: 0, Diff: 0, Sum: 0, Workers: 4
[771.889s][debug][gc,phases      ] GC(161)     Total                          Min: 10944, Avg: 11926.2, Max: 12672, Diff: 1728, Sum: 47705, Workers: 4
[771.889s][debug][gc,phases      ] GC(161)   ResolvedMethodTable Weak       Min:  0.0, Avg:  0.0, Max:  0.0, Diff:  0.0, Sum:  0.1, Workers: 4
[771.889s][debug][gc,phases      ] GC(161)     Dead                           Min: 0, Avg:  0.0, Max: 0, Diff: 0, Sum: 0, Workers: 4
[771.889s][debug][gc,phases      ] GC(161)     Total                          Min: 1905, Avg: 2054.5, Max: 2165, Diff: 260, Sum: 8218, Workers: 4
[771.889s][debug][gc,phases      ] GC(161)   JNI Weak                       Min:  0.0, Avg:  0.0, Max:  0.0, Diff:  0.0, Sum:  0.0, Workers: 4
[771.889s][debug][gc,phases      ] GC(161)     Dead                           Min: 0, Avg:  0.0, Max: 0, Diff: 0, Sum: 0, Workers: 4
[771.889s][debug][gc,phases      ] GC(161)     Total                          Min: 0, Avg:  0.0, Max: 0, Diff: 0, Sum: 0, Workers: 4
[771.889s][debug][gc,phases      ] GC(161)   StringDedup Table Weak         Min:  0.0, Avg:  0.0, Max:  0.0, Diff:  0.0, Sum:  0.0, Workers: 4
[771.889s][debug][gc,phases      ] GC(161)     Dead                           Min: 0, Avg:  0.0, Max: 0, Diff: 0, Sum: 0, Workers: 4
[771.889s][debug][gc,phases      ] GC(161)     Total                          Min: 0, Avg:  0.0, Max: 0, Diff: 0, Sum: 0, Workers: 4
[771.889s][debug][gc,phases      ] GC(161)   StringDedup Requests0 Weak     Min:  0.0, Avg:  0.0, Max:  0.0, Diff:  0.0, Sum:  0.0, Workers: 4
[771.889s][debug][gc,phases      ] GC(161)     Dead                           Min: 0, Avg:  0.0, Max: 0, Diff: 0, Sum: 0, Workers: 4
[771.889s][debug][gc,phases      ] GC(161)     Total                          Min: 0, Avg:  0.0, Max: 0, Diff: 0, Sum: 0, Workers: 4
[771.889s][debug][gc,phases      ] GC(161)   StringDedup Requests1 Weak     Min:  0.0, Avg:  0.0, Max:  0.0, Diff:  0.0, Sum:  0.0, Workers: 4
[771.889s][debug][gc,phases      ] GC(161)     Dead                           Min: 0, Avg:  0.0, Max: 0, Diff: 0, Sum: 0, Workers: 4
[771.889s][debug][gc,phases      ] GC(161)     Total                          Min: 0, Avg:  0.0, Max: 0, Diff: 0, Sum: 0, Workers: 4
[771.889s][debug][gc,phases      ] GC(161)   Weak JFR Old Object Samples    Min:  0.0, Avg:  0.0, Max:  0.0, Diff:  0.0, Sum:  0.0, Workers: 4
[771.889s][debug][gc,phases      ] GC(161)     Dead                           Min: 0, Avg:  0.0, Max: 0, Diff: 0, Sum: 0, Workers: 4
[771.889s][debug][gc,phases      ] GC(161)     Total                          Min: 0, Avg:  0.0, Max: 0, Diff: 0, Sum: 0, Workers: 4
[771.889s][debug][gc,phases      ] GC(161) Weak Processing 0.313ms
[771.889s][debug][gc,age         ] GC(161) Desired survivor size 182452224 bytes, new threshold 15 (max threshold 15)
[771.889s][info ][gc,heap        ] GC(161) PSYoungGen: 1704080K(1905664K)->4080K(1891328K) Eden: 1699840K(1699840K)->0K(1699840K) From: 4240K(205824K)->4080K(191488K)
[771.889s][info ][gc,heap        ] GC(161) ParOldGen: 495867K(631296K)->495931K(631296K)
[771.889s][info ][gc,metaspace   ] GC(161) Metaspace: 82385K(83200K)->82385K(83200K) NonClass: 70869K(71296K)->70869K(71296K) Class: 11516K(11904K)->11516K(11904K)
[771.889s][info ][gc             ] GC(161) Pause Young (Allocation Failure) 2148M->488M(2463M) 2.911ms
[771.889s][info ][gc,cpu         ] GC(161) User=0.00s Sys=0.00s Real=0.00s
[771.889s][info ][safepoint      ] Safepoint "ParallelGCFailedAllocation", Time since last: 384310432 ns, Reaching safepoint: 37001 ns, At safepoint: 2991659 ns, Total: 3028660 ns
[780.890s][info ][safepoint      ] Safepoint "Cleanup", Time since last: 9000580305 ns, Reaching safepoint: 46501 ns, At safepoint: 10100 ns, Total: 56601 ns
[782.890s][info ][safepoint      ] Safepoint "Cleanup", Time since last: 2000173300 ns, Reaching safepoint: 99002 ns, At safepoint: 7100 ns, Total: 106102 ns
[784.890s][info ][safepoint      ] Safepoint "Cleanup", Time since last: 2000145500 ns, Reaching safepoint: 51901 ns, At safepoint: 4000 ns, Total: 55901 ns
[787.890s][info ][safepoint      ] Safepoint "Cleanup", Time since last: 3000242899 ns, Reaching safepoint: 53001 ns, At safepoint: 4000 ns, Total: 57001 ns
[791.891s][info ][safepoint      ] Safepoint "Cleanup", Time since last: 4000319197 ns, Reaching safepoint: 45401 ns, At safepoint: 3200 ns, Total: 48601 ns
[796.891s][info ][safepoint      ] Safepoint "Cleanup", Time since last: 5000368793 ns, Reaching safepoint: 51901 ns, At safepoint: 4400 ns, Total: 56301 ns
[807.892s][info ][safepoint      ] Safepoint "Cleanup", Time since last: 11000629071 ns, Reaching safepoint: 58901 ns, At safepoint: 7301 ns, Total: 66202 ns
[810.892s][info ][safepoint      ] Safepoint "Cleanup", Time since last: 3000238891 ns, Reaching safepoint: 57501 ns, At safepoint: 8000 ns, Total: 65501 ns
[814.893s][info ][safepoint      ] Safepoint "Cleanup", Time since last: 4000301486 ns, Reaching safepoint: 49901 ns, At safepoint: 2600 ns, Total: 52501 ns
[816.195s][info ][safepoint      ] Safepoint "Cleanup", Time since last: 1302143415 ns, Reaching safepoint: 47601 ns, At safepoint: 4300 ns, Total: 51901 ns
[820.195s][info ][safepoint      ] Safepoint "Cleanup", Time since last: 4000323184 ns, Reaching safepoint: 44901 ns, At safepoint: 3200 ns, Total: 48101 ns
[828.937s][info ][gc,start       ] GC(162) Pause Young (Allocation Failure)
[828.942s][debug][gc,phases      ] GC(162) Scavenge 5.311ms
[828.942s][debug][gc,ref         ] GC(162) Skipped phase 1 of Reference Processing: no references
[828.942s][debug][gc,ref         ] GC(162) ReferenceProcessor::execute queues: 1, RefProcThreadModel::Single, marks_oops_alive: false
[828.942s][debug][gc,ref         ] GC(162) Skipped phase 3 of Reference Processing: no references
[828.942s][debug][gc,ref         ] GC(162) ReferenceProcessor::execute queues: 1, RefProcThreadModel::Single, marks_oops_alive: false
[828.942s][debug][gc,phases      ] GC(162) Reference Processing 0.132ms
[828.942s][debug][gc,phases      ] GC(162)   VM Weak                        Min:  0.0, Avg:  0.0, Max:  0.0, Diff:  0.0, Sum:  0.0, Workers: 4
[828.942s][debug][gc,phases      ] GC(162)     Dead                           Min: 0, Avg:  0.0, Max: 0, Diff: 0, Sum: 0, Workers: 4
[828.942s][debug][gc,phases      ] GC(162)     Total                          Min: 0, Avg: 167.5, Max: 670, Diff: 670, Sum: 670, Workers: 4
[828.942s][debug][gc,phases      ] GC(162)   ObjectSynchronizer Weak        Min:  0.0, Avg:  0.0, Max:  0.0, Diff:  0.0, Sum:  0.0, Workers: 4
[828.942s][debug][gc,phases      ] GC(162)     Dead                           Min: 0, Avg:  0.0, Max: 0, Diff: 0, Sum: 0, Workers: 4
[828.942s][debug][gc,phases      ] GC(162)     Total                          Min: 0, Avg: 102.8, Max: 411, Diff: 411, Sum: 411, Workers: 4
[828.942s][debug][gc,phases      ] GC(162)   JVMTI Tag Weak OopStorage      Min:  0.0, Avg:  0.0, Max:  0.0, Diff:  0.0, Sum:  0.0, Workers: 4
[828.942s][debug][gc,phases      ] GC(162)     Dead                           Min: 0, Avg:  0.0, Max: 0, Diff: 0, Sum: 0, Workers: 4
[828.942s][debug][gc,phases      ] GC(162)     Total                          Min: 0, Avg:  0.0, Max: 0, Diff: 0, Sum: 0, Workers: 4
[828.942s][debug][gc,phases      ] GC(162)   StringTable Weak               Min:  0.1, Avg:  0.1, Max:  0.1, Diff:  0.0, Sum:  0.4, Workers: 4
[828.942s][debug][gc,phases      ] GC(162)     Dead                           Min: 0, Avg:  0.0, Max: 0, Diff: 0, Sum: 0, Workers: 4
[828.942s][debug][gc,phases      ] GC(162)     Total                          Min: 11264, Avg: 11928.0, Max: 12544, Diff: 1280, Sum: 47712, Workers: 4
[828.942s][debug][gc,phases      ] GC(162)   ResolvedMethodTable Weak       Min:  0.0, Avg:  0.0, Max:  0.0, Diff:  0.0, Sum:  0.1, Workers: 4
[828.942s][debug][gc,phases      ] GC(162)     Dead                           Min: 0, Avg:  0.0, Max: 0, Diff: 0, Sum: 0, Workers: 4
[828.942s][debug][gc,phases      ] GC(162)     Total                          Min: 1911, Avg: 2055.5, Max: 2109, Diff: 198, Sum: 8222, Workers: 4
[828.942s][debug][gc,phases      ] GC(162)   JNI Weak                       Min:  0.0, Avg:  0.0, Max:  0.0, Diff:  0.0, Sum:  0.0, Workers: 4
[828.942s][debug][gc,phases      ] GC(162)     Dead                           Min: 0, Avg:  0.0, Max: 0, Diff: 0, Sum: 0, Workers: 4
[828.942s][debug][gc,phases      ] GC(162)     Total                          Min: 0, Avg:  0.0, Max: 0, Diff: 0, Sum: 0, Workers: 4
[828.942s][debug][gc,phases      ] GC(162)   StringDedup Table Weak         Min:  0.0, Avg:  0.0, Max:  0.0, Diff:  0.0, Sum:  0.0, Workers: 4
[828.942s][debug][gc,phases      ] GC(162)     Dead                           Min: 0, Avg:  0.0, Max: 0, Diff: 0, Sum: 0, Workers: 4
[828.942s][debug][gc,phases      ] GC(162)     Total                          Min: 0, Avg:  0.0, Max: 0, Diff: 0, Sum: 0, Workers: 4
[828.943s][debug][gc,phases      ] GC(162)   StringDedup Requests0 Weak     Min:  0.0, Avg:  0.0, Max:  0.0, Diff:  0.0, Sum:  0.0, Workers: 4
[828.943s][debug][gc,phases      ] GC(162)     Dead                           Min: 0, Avg:  0.0, Max: 0, Diff: 0, Sum: 0, Workers: 4
[828.943s][debug][gc,phases      ] GC(162)     Total                          Min: 0, Avg:  0.0, Max: 0, Diff: 0, Sum: 0, Workers: 4
[828.943s][debug][gc,phases      ] GC(162)   StringDedup Requests1 Weak     Min:  0.0, Avg:  0.0, Max:  0.0, Diff:  0.0, Sum:  0.0, Workers: 4
[828.943s][debug][gc,phases      ] GC(162)     Dead                           Min: 0, Avg:  0.0, Max: 0, Diff: 0, Sum: 0, Workers: 4
[828.943s][debug][gc,phases      ] GC(162)     Total                          Min: 0, Avg:  0.0, Max: 0, Diff: 0, Sum: 0, Workers: 4
[828.943s][debug][gc,phases      ] GC(162)   Weak JFR Old Object Samples    Min:  0.0, Avg:  0.0, Max:  0.0, Diff:  0.0, Sum:  0.0, Workers: 4
[828.943s][debug][gc,phases      ] GC(162)     Dead                           Min: 0, Avg:  0.0, Max: 0, Diff: 0, Sum: 0, Workers: 4
[828.943s][debug][gc,phases      ] GC(162)     Total                          Min: 0, Avg:  0.0, Max: 0, Diff: 0, Sum: 0, Workers: 4
[828.943s][debug][gc,phases      ] GC(162) Weak Processing 0.333ms
[828.943s][debug][gc,age         ] GC(162) Desired survivor size 167772160 bytes, new threshold 15 (max threshold 15)
[828.943s][info ][gc,heap        ] GC(162) PSYoungGen: 1703920K(1891328K)->11850K(1933312K) Eden: 1699840K(1699840K)->0K(1755136K) From: 4080K(191488K)->11850K(178176K)
[828.943s][info ][gc,heap        ] GC(162) ParOldGen: 495931K(631296K)->496019K(631296K)
[828.943s][info ][gc,metaspace   ] GC(162) Metaspace: 82437K(83264K)->82437K(83264K) NonClass: 70916K(71360K)->70916K(71360K) Class: 11521K(11904K)->11521K(11904K)
[828.943s][info ][gc             ] GC(162) Pause Young (Allocation Failure) 2148M->495M(2504M) 5.918ms
[828.943s][info ][gc,cpu         ] GC(162) User=0.01s Sys=0.00s Real=0.01s
[828.943s][info ][safepoint      ] Safepoint "ParallelGCFailedAllocation", Time since last: 8741379076 ns, Reaching safepoint: 51601 ns, At safepoint: 6008918 ns, Total: 6060519 ns
[829.943s][info ][safepoint      ] Safepoint "Cleanup", Time since last: 1000083295 ns, Reaching safepoint: 28900 ns, At safepoint: 3000 ns, Total: 31900 ns
[830.943s][info ][safepoint      ] Safepoint "Cleanup", Time since last: 1000110396 ns, Reaching safepoint: 54401 ns, At safepoint: 4400 ns, Total: 58801 ns
[832.943s][info ][safepoint      ] Safepoint "Cleanup", Time since last: 2000155489 ns, Reaching safepoint: 51801 ns, At safepoint: 5400 ns, Total: 57201 ns
[837.944s][info ][safepoint      ] Safepoint "Cleanup", Time since last: 5000370870 ns, Reaching safepoint: 48801 ns, At safepoint: 13100 ns, Total: 61901 ns
[843.944s][info ][safepoint      ] Safepoint "Cleanup", Time since last: 6000446560 ns, Reaching safepoint: 45301 ns, At safepoint: 3000 ns, Total: 48301 ns
[850.945s][info ][safepoint      ] Safepoint "Cleanup", Time since last: 7000480349 ns, Reaching safepoint: 72401 ns, At safepoint: 12800 ns, Total: 85201 ns
[851.945s][info ][safepoint      ] Safepoint "Cleanup", Time since last: 1000116693 ns, Reaching safepoint: 56802 ns, At safepoint: 12800 ns, Total: 69602 ns
[853.945s][info ][safepoint      ] Safepoint "Cleanup", Time since last: 2000176885 ns, Reaching safepoint: 66201 ns, At safepoint: 8200 ns, Total: 74401 ns
[854.945s][info ][safepoint      ] Safepoint "Cleanup", Time since last: 1000119993 ns, Reaching safepoint: 48201 ns, At safepoint: 2400 ns, Total: 50601 ns
[858.946s][info ][safepoint      ] Safepoint "Cleanup", Time since last: 4000300867 ns, Reaching safepoint: 48301 ns, At safepoint: 10200 ns, Total: 58501 ns
[859.946s][info ][safepoint      ] Safepoint "Cleanup", Time since last: 1000114492 ns, Reaching safepoint: 55801 ns, At safepoint: 5100 ns, Total: 60901 ns
[862.946s][info ][safepoint      ] Safepoint "Cleanup", Time since last: 3000240675 ns, Reaching safepoint: 50801 ns, At safepoint: 4700 ns, Total: 55501 ns
[865.946s][info ][safepoint      ] Safepoint "Cleanup", Time since last: 3000235273 ns, Reaching safepoint: 46601 ns, At safepoint: 3500 ns, Total: 50101 ns
[866.947s][info ][safepoint      ] Safepoint "Cleanup", Time since last: 1000110291 ns, Reaching safepoint: 46601 ns, At safepoint: 5700 ns, Total: 52301 ns
[868.947s][info ][safepoint      ] Safepoint "Cleanup", Time since last: 2000174882 ns, Reaching safepoint: 58401 ns, At safepoint: 9100 ns, Total: 67501 ns
[870.947s][info ][safepoint      ] Safepoint "Cleanup", Time since last: 2000162281 ns, Reaching safepoint: 57301 ns, At safepoint: 4801 ns, Total: 62102 ns
[871.947s][info ][safepoint      ] Safepoint "Cleanup", Time since last: 1000097890 ns, Reaching safepoint: 45101 ns, At safepoint: 26801 ns, Total: 71902 ns
[874.947s][info ][safepoint      ] Safepoint "Cleanup", Time since last: 3000227170 ns, Reaching safepoint: 53301 ns, At safepoint: 5600 ns, Total: 58901 ns
[877.948s][info ][safepoint      ] Safepoint "Cleanup", Time since last: 3000228469 ns, Reaching safepoint: 56401 ns, At safepoint: 7901 ns, Total: 64302 ns
[879.948s][info ][safepoint      ] Safepoint "Cleanup", Time since last: 2000170579 ns, Reaching safepoint: 49501 ns, At safepoint: 3200 ns, Total: 52701 ns
[887.949s][info ][safepoint      ] Safepoint "Cleanup", Time since last: 8000546411 ns, Reaching safepoint: 48801 ns, At safepoint: 4500 ns, Total: 53301 ns
[888.949s][info ][safepoint      ] Safepoint "Cleanup", Time since last: 1000111989 ns, Reaching safepoint: 56402 ns, At safepoint: 5800 ns, Total: 62202 ns
[889.949s][info ][safepoint      ] Safepoint "Cleanup", Time since last: 1000094588 ns, Reaching safepoint: 33801 ns, At safepoint: 3500 ns, Total: 37301 ns
[890.005s][info ][gc,start       ] GC(163) Pause Young (Allocation Failure)
[890.011s][debug][gc,phases      ] GC(163) Scavenge 5.124ms
[890.011s][debug][gc,ref         ] GC(163) Skipped phase 1 of Reference Processing: no references
[890.011s][debug][gc,ref         ] GC(163) ReferenceProcessor::execute queues: 1, RefProcThreadModel::Single, marks_oops_alive: false
[890.011s][debug][gc,ref         ] GC(163) Skipped phase 3 of Reference Processing: no references
[890.011s][debug][gc,ref         ] GC(163) ReferenceProcessor::execute queues: 1, RefProcThreadModel::Single, marks_oops_alive: false
[890.011s][debug][gc,phases      ] GC(163) Reference Processing 0.120ms
[890.011s][debug][gc,phases      ] GC(163)   VM Weak                        Min:  0.0, Avg:  0.0, Max:  0.0, Diff:  0.0, Sum:  0.0, Workers: 4
[890.011s][debug][gc,phases      ] GC(163)     Dead                           Min: 0, Avg:  0.0, Max: 0, Diff: 0, Sum: 0, Workers: 4
[890.011s][debug][gc,phases      ] GC(163)     Total                          Min: 0, Avg: 167.5, Max: 670, Diff: 670, Sum: 670, Workers: 4
[890.011s][debug][gc,phases      ] GC(163)   ObjectSynchronizer Weak        Min:  0.0, Avg:  0.0, Max:  0.0, Diff:  0.0, Sum:  0.0, Workers: 4
[890.011s][debug][gc,phases      ] GC(163)     Dead                           Min: 0, Avg:  0.0, Max: 0, Diff: 0, Sum: 0, Workers: 4
[890.011s][debug][gc,phases      ] GC(163)     Total                          Min: 0, Avg: 102.8, Max: 256, Diff: 256, Sum: 411, Workers: 4
[890.011s][debug][gc,phases      ] GC(163)   JVMTI Tag Weak OopStorage      Min:  0.0, Avg:  0.0, Max:  0.0, Diff:  0.0, Sum:  0.0, Workers: 4
[890.011s][debug][gc,phases      ] GC(163)     Dead                           Min: 0, Avg:  0.0, Max: 0, Diff: 0, Sum: 0, Workers: 4
[890.011s][debug][gc,phases      ] GC(163)     Total                          Min: 0, Avg:  0.0, Max: 0, Diff: 0, Sum: 0, Workers: 4
[890.011s][debug][gc,phases      ] GC(163)   StringTable Weak               Min:  0.1, Avg:  0.1, Max:  0.1, Diff:  0.0, Sum:  0.4, Workers: 4
[890.011s][debug][gc,phases      ] GC(163)     Dead                           Min: 0, Avg:  0.0, Max: 0, Diff: 0, Sum: 0, Workers: 4
[890.011s][debug][gc,phases      ] GC(163)     Total                          Min: 11200, Avg: 11928.0, Max: 12960, Diff: 1760, Sum: 47712, Workers: 4
[890.011s][debug][gc,phases      ] GC(163)   ResolvedMethodTable Weak       Min:  0.0, Avg:  0.0, Max:  0.0, Diff:  0.0, Sum:  0.1, Workers: 4
[890.011s][debug][gc,phases      ] GC(163)     Dead                           Min: 0, Avg:  0.0, Max: 0, Diff: 0, Sum: 0, Workers: 4
[890.011s][debug][gc,phases      ] GC(163)     Total                          Min: 1967, Avg: 2055.5, Max: 2106, Diff: 139, Sum: 8222, Workers: 4
[890.011s][debug][gc,phases      ] GC(163)   JNI Weak                       Min:  0.0, Avg:  0.0, Max:  0.0, Diff:  0.0, Sum:  0.0, Workers: 4
[890.011s][debug][gc,phases      ] GC(163)     Dead                           Min: 0, Avg:  0.0, Max: 0, Diff: 0, Sum: 0, Workers: 4
[890.011s][debug][gc,phases      ] GC(163)     Total                          Min: 0, Avg:  0.0, Max: 0, Diff: 0, Sum: 0, Workers: 4
[890.011s][debug][gc,phases      ] GC(163)   StringDedup Table Weak         Min:  0.0, Avg:  0.0, Max:  0.0, Diff:  0.0, Sum:  0.0, Workers: 4
[890.011s][debug][gc,phases      ] GC(163)     Dead                           Min: 0, Avg:  0.0, Max: 0, Diff: 0, Sum: 0, Workers: 4
[890.011s][debug][gc,phases      ] GC(163)     Total                          Min: 0, Avg:  0.0, Max: 0, Diff: 0, Sum: 0, Workers: 4
[890.011s][debug][gc,phases      ] GC(163)   StringDedup Requests0 Weak     Min:  0.0, Avg:  0.0, Max:  0.0, Diff:  0.0, Sum:  0.0, Workers: 4
[890.011s][debug][gc,phases      ] GC(163)     Dead                           Min: 0, Avg:  0.0, Max: 0, Diff: 0, Sum: 0, Workers: 4
[890.011s][debug][gc,phases      ] GC(163)     Total                          Min: 0, Avg:  0.0, Max: 0, Diff: 0, Sum: 0, Workers: 4
[890.011s][debug][gc,phases      ] GC(163)   StringDedup Requests1 Weak     Min:  0.0, Avg:  0.0, Max:  0.0, Diff:  0.0, Sum:  0.0, Workers: 4
[890.011s][debug][gc,phases      ] GC(163)     Dead                           Min: 0, Avg:  0.0, Max: 0, Diff: 0, Sum: 0, Workers: 4
[890.011s][debug][gc,phases      ] GC(163)     Total                          Min: 0, Avg:  0.0, Max: 0, Diff: 0, Sum: 0, Workers: 4
[890.011s][debug][gc,phases      ] GC(163)   Weak JFR Old Object Samples    Min:  0.0, Avg:  0.0, Max:  0.0, Diff:  0.0, Sum:  0.0, Workers: 4
[890.011s][debug][gc,phases      ] GC(163)     Dead                           Min: 0, Avg:  0.0, Max: 0, Diff: 0, Sum: 0, Workers: 4
[890.011s][debug][gc,phases      ] GC(163)     Total                          Min: 0, Avg:  0.0, Max: 0, Diff: 0, Sum: 0, Workers: 4
[890.011s][debug][gc,phases      ] GC(163) Weak Processing 0.328ms
[890.011s][debug][gc,age         ] GC(163) Desired survivor size 154664960 bytes, new threshold 15 (max threshold 15)
[890.011s][info ][gc,heap        ] GC(163) PSYoungGen: 1766986K(1933312K)->12314K(1918976K) Eden: 1755136K(1755136K)->0K(1755136K) From: 11850K(178176K)->12314K(163840K)
[890.011s][info ][gc,heap        ] GC(163) ParOldGen: 496019K(631296K)->496051K(631296K)
[890.011s][info ][gc,metaspace   ] GC(163) Metaspace: 82471K(83328K)->82471K(83328K) NonClass: 70950K(71424K)->70950K(71424K) Class: 11521K(11904K)->11521K(11904K)
[890.011s][info ][gc             ] GC(163) Pause Young (Allocation Failure) 2209M->496M(2490M) 5.705ms
[890.011s][info ][gc,cpu         ] GC(163) User=0.02s Sys=0.00s Real=0.01s
[890.011s][info ][safepoint      ] Safepoint "ParallelGCFailedAllocation", Time since last: 56461106 ns, Reaching safepoint: 115802 ns, At safepoint: 5786914 ns, Total: 5902716 ns
[891.011s][info ][safepoint      ] Safepoint "Cleanup", Time since last: 1000081688 ns, Reaching safepoint: 51201 ns, At safepoint: 6000 ns, Total: 57201 ns
[899.012s][info ][safepoint      ] Safepoint "Cleanup", Time since last: 8000579303 ns, Reaching safepoint: 53001 ns, At safepoint: 3401 ns, Total: 56402 ns
[900.012s][info ][safepoint      ] Safepoint "Cleanup", Time since last: 1000107688 ns, Reaching safepoint: 53001 ns, At safepoint: 4500 ns, Total: 57501 ns
[901.012s][info ][safepoint      ] Safepoint "Cleanup", Time since last: 1000105488 ns, Reaching safepoint: 60901 ns, At safepoint: 6200 ns, Total: 67101 ns
[909.013s][info ][safepoint      ] Safepoint "Cleanup", Time since last: 8000549895 ns, Reaching safepoint: 47901 ns, At safepoint: 2900 ns, Total: 50801 ns
[913.013s][info ][safepoint      ] Safepoint "Cleanup", Time since last: 4000298046 ns, Reaching safepoint: 53301 ns, At safepoint: 8300 ns, Total: 61601 ns
[914.013s][info ][safepoint      ] Safepoint "Cleanup", Time since last: 1000104287 ns, Reaching safepoint: 50601 ns, At safepoint: 4000 ns, Total: 54601 ns
[915.014s][info ][safepoint      ] Safepoint "Cleanup", Time since last: 1000100986 ns, Reaching safepoint: 50701 ns, At safepoint: 8300 ns, Total: 59001 ns
[917.014s][info ][safepoint      ] Safepoint "Cleanup", Time since last: 2000168473 ns, Reaching safepoint: 51801 ns, At safepoint: 7000 ns, Total: 58801 ns
[918.014s][info ][safepoint      ] Safepoint "Cleanup", Time since last: 1000112686 ns, Reaching safepoint: 49301 ns, At safepoint: 6001 ns, Total: 55302 ns
[920.014s][info ][safepoint      ] Safepoint "Cleanup", Time since last: 2000181572 ns, Reaching safepoint: 50501 ns, At safepoint: 10400 ns, Total: 60901 ns
[922.014s][info ][safepoint      ] Safepoint "Cleanup", Time since last: 2000176471 ns, Reaching safepoint: 49901 ns, At safepoint: 5700 ns, Total: 55601 ns
[923.015s][info ][safepoint      ] Safepoint "Cleanup", Time since last: 1000090886 ns, Reaching safepoint: 46701 ns, At safepoint: 5000 ns, Total: 51701 ns
[924.015s][info ][safepoint      ] Safepoint "Cleanup", Time since last: 1000108286 ns, Reaching safepoint: 49201 ns, At safepoint: 5100 ns, Total: 54301 ns
[926.015s][info ][safepoint      ] Safepoint "Cleanup", Time since last: 2000191371 ns, Reaching safepoint: 51201 ns, At safepoint: 9800 ns, Total: 61001 ns
[927.015s][info ][safepoint      ] Safepoint "Cleanup", Time since last: 1000117086 ns, Reaching safepoint: 50701 ns, At safepoint: 4100 ns, Total: 54801 ns
[932.016s][info ][safepoint      ] Safepoint "Cleanup", Time since last: 5000350823 ns, Reaching safepoint: 43301 ns, At safepoint: 2800 ns, Total: 46101 ns
[933.016s][info ][safepoint      ] Safepoint "Cleanup", Time since last: 1000109585 ns, Reaching safepoint: 44301 ns, At safepoint: 13601 ns, Total: 57902 ns
[940.016s][info ][safepoint      ] Safepoint "Cleanup", Time since last: 7000507488 ns, Reaching safepoint: 55501 ns, At safepoint: 8400 ns, Total: 63901 ns
[943.017s][info ][safepoint      ] Safepoint "Cleanup", Time since last: 3000246852 ns, Reaching safepoint: 55001 ns, At safepoint: 3400 ns, Total: 58401 ns
[945.017s][info ][safepoint      ] Safepoint "Cleanup", Time since last: 2000188567 ns, Reaching safepoint: 48601 ns, At safepoint: 9201 ns, Total: 57802 ns
[945.651s][info ][gc,start       ] GC(164) Pause Young (Allocation Failure)
[945.655s][debug][gc,phases      ] GC(164) Scavenge 4.336ms
[945.655s][debug][gc,ref         ] GC(164) Skipped phase 1 of Reference Processing: no references
[945.655s][debug][gc,ref         ] GC(164) ReferenceProcessor::execute queues: 1, RefProcThreadModel::Single, marks_oops_alive: false
[945.655s][debug][gc,ref         ] GC(164) Skipped phase 3 of Reference Processing: no references
[945.655s][debug][gc,ref         ] GC(164) ReferenceProcessor::execute queues: 1, RefProcThreadModel::Single, marks_oops_alive: false
[945.655s][debug][gc,phases      ] GC(164) Reference Processing 0.121ms
[945.656s][debug][gc,phases      ] GC(164)   VM Weak                        Min:  0.0, Avg:  0.0, Max:  0.0, Diff:  0.0, Sum:  0.0, Workers: 4
[945.656s][debug][gc,phases      ] GC(164)     Dead                           Min: 0, Avg:  0.0, Max: 0, Diff: 0, Sum: 0, Workers: 4
[945.656s][debug][gc,phases      ] GC(164)     Total                          Min: 0, Avg: 167.5, Max: 670, Diff: 670, Sum: 670, Workers: 4
[945.656s][debug][gc,phases      ] GC(164)   ObjectSynchronizer Weak        Min:  0.0, Avg:  0.0, Max:  0.0, Diff:  0.0, Sum:  0.0, Workers: 4
[945.656s][debug][gc,phases      ] GC(164)     Dead                           Min: 0, Avg:  0.0, Max: 0, Diff: 0, Sum: 0, Workers: 4
[945.656s][debug][gc,phases      ] GC(164)     Total                          Min: 0, Avg: 102.8, Max: 192, Diff: 192, Sum: 411, Workers: 4
[945.656s][debug][gc,phases      ] GC(164)   JVMTI Tag Weak OopStorage      Min:  0.0, Avg:  0.0, Max:  0.0, Diff:  0.0, Sum:  0.0, Workers: 4
[945.656s][debug][gc,phases      ] GC(164)     Dead                           Min: 0, Avg:  0.0, Max: 0, Diff: 0, Sum: 0, Workers: 4
[945.656s][debug][gc,phases      ] GC(164)     Total                          Min: 0, Avg:  0.0, Max: 0, Diff: 0, Sum: 0, Workers: 4
[945.656s][debug][gc,phases      ] GC(164)   StringTable Weak               Min:  0.1, Avg:  0.1, Max:  0.1, Diff:  0.0, Sum:  0.4, Workers: 4
[945.656s][debug][gc,phases      ] GC(164)     Dead                           Min: 0, Avg:  0.0, Max: 0, Diff: 0, Sum: 0, Workers: 4
[945.656s][debug][gc,phases      ] GC(164)     Total                          Min: 10658, Avg: 11928.5, Max: 13632, Diff: 2974, Sum: 47714, Workers: 4
[945.656s][debug][gc,phases      ] GC(164)   ResolvedMethodTable Weak       Min:  0.0, Avg:  0.0, Max:  0.0, Diff:  0.0, Sum:  0.1, Workers: 4
[945.656s][debug][gc,phases      ] GC(164)     Dead                           Min: 0, Avg:  0.0, Max: 0, Diff: 0, Sum: 0, Workers: 4
[945.656s][debug][gc,phases      ] GC(164)     Total                          Min: 1908, Avg: 2057.2, Max: 2231, Diff: 323, Sum: 8229, Workers: 4
[945.656s][debug][gc,phases      ] GC(164)   JNI Weak                       Min:  0.0, Avg:  0.0, Max:  0.0, Diff:  0.0, Sum:  0.0, Workers: 4
[945.656s][debug][gc,phases      ] GC(164)     Dead                           Min: 0, Avg:  0.0, Max: 0, Diff: 0, Sum: 0, Workers: 4
[945.656s][debug][gc,phases      ] GC(164)     Total                          Min: 0, Avg:  0.0, Max: 0, Diff: 0, Sum: 0, Workers: 4
[945.656s][debug][gc,phases      ] GC(164)   StringDedup Table Weak         Min:  0.0, Avg:  0.0, Max:  0.0, Diff:  0.0, Sum:  0.0, Workers: 4
[945.656s][debug][gc,phases      ] GC(164)     Dead                           Min: 0, Avg:  0.0, Max: 0, Diff: 0, Sum: 0, Workers: 4
[945.656s][debug][gc,phases      ] GC(164)     Total                          Min: 0, Avg:  0.0, Max: 0, Diff: 0, Sum: 0, Workers: 4
[945.656s][debug][gc,phases      ] GC(164)   StringDedup Requests0 Weak     Min:  0.0, Avg:  0.0, Max:  0.0, Diff:  0.0, Sum:  0.0, Workers: 4
[945.656s][debug][gc,phases      ] GC(164)     Dead                           Min: 0, Avg:  0.0, Max: 0, Diff: 0, Sum: 0, Workers: 4
[945.656s][debug][gc,phases      ] GC(164)     Total                          Min: 0, Avg:  0.0, Max: 0, Diff: 0, Sum: 0, Workers: 4
[945.656s][debug][gc,phases      ] GC(164)   StringDedup Requests1 Weak     Min:  0.0, Avg:  0.0, Max:  0.0, Diff:  0.0, Sum:  0.0, Workers: 4
[945.656s][debug][gc,phases      ] GC(164)     Dead                           Min: 0, Avg:  0.0, Max: 0, Diff: 0, Sum: 0, Workers: 4
[945.656s][debug][gc,phases      ] GC(164)     Total                          Min: 0, Avg:  0.0, Max: 0, Diff: 0, Sum: 0, Workers: 4
[945.656s][debug][gc,phases      ] GC(164)   Weak JFR Old Object Samples    Min:  0.0, Avg:  0.0, Max:  0.0, Diff:  0.0, Sum:  0.0, Workers: 4
[945.656s][debug][gc,phases      ] GC(164)     Dead                           Min: 0, Avg:  0.0, Max: 0, Diff: 0, Sum: 0, Workers: 4
[945.656s][debug][gc,phases      ] GC(164)     Total                          Min: 0, Avg:  0.0, Max: 0, Diff: 0, Sum: 0, Workers: 4
[945.656s][debug][gc,phases      ] GC(164) Weak Processing 0.348ms
[945.656s][debug][gc,age         ] GC(164) Desired survivor size 142606336 bytes, new threshold 15 (max threshold 15)
[945.656s][info ][gc,heap        ] GC(164) PSYoungGen: 1767450K(1918976K)->12348K(1957888K) Eden: 1755136K(1755136K)->0K(1806848K) From: 12314K(163840K)->12348K(151040K)
[945.656s][info ][gc,heap        ] GC(164) ParOldGen: 496051K(631296K)->496219K(631296K)
[945.656s][info ][gc,metaspace   ] GC(164) Metaspace: 82508K(83328K)->82508K(83328K) NonClass: 70984K(71424K)->70984K(71424K) Class: 11524K(11904K)->11524K(11904K)
[945.656s][info ][gc             ] GC(164) Pause Young (Allocation Failure) 2210M->496M(2528M) 4.934ms
[945.656s][info ][gc,cpu         ] GC(164) User=0.02s Sys=0.00s Real=0.00s
[945.656s][info ][safepoint      ] Safepoint "ParallelGCFailedAllocation", Time since last: 633816011 ns, Reaching safepoint: 127902 ns, At safepoint: 5023699 ns, Total: 5151601 ns
[949.656s][info ][safepoint      ] Safepoint "Cleanup", Time since last: 4000232631 ns, Reaching safepoint: 145603 ns, At safepoint: 13500 ns, Total: 159103 ns
[950.656s][info ][safepoint      ] Safepoint "Cleanup", Time since last: 1000102483 ns, Reaching safepoint: 128703 ns, At safepoint: 7900 ns, Total: 136603 ns
[959.657s][info ][safepoint      ] Safepoint "Cleanup", Time since last: 9000657342 ns, Reaching safepoint: 118502 ns, At safepoint: 7901 ns, Total: 126403 ns
[962.658s][info ][safepoint      ] Safepoint "Cleanup", Time since last: 3000237846 ns, Reaching safepoint: 120902 ns, At safepoint: 6300 ns, Total: 127202 ns
[963.658s][info ][safepoint      ] Safepoint "Cleanup", Time since last: 1000113683 ns, Reaching safepoint: 120702 ns, At safepoint: 5700 ns, Total: 126402 ns
[964.658s][info ][safepoint      ] Safepoint "Cleanup", Time since last: 1000101783 ns, Reaching safepoint: 128202 ns, At safepoint: 5200 ns, Total: 133402 ns
[965.658s][info ][safepoint      ] Safepoint "Cleanup", Time since last: 1000103682 ns, Reaching safepoint: 111903 ns, At safepoint: 6300 ns, Total: 118203 ns
[967.659s][info ][safepoint      ] Safepoint "Cleanup", Time since last: 2000172363 ns, Reaching safepoint: 125103 ns, At safepoint: 7500 ns, Total: 132603 ns
[980.660s][info ][safepoint      ] Safepoint "Cleanup", Time since last: 13000902450 ns, Reaching safepoint: 49001 ns, At safepoint: 22900 ns, Total: 71901 ns
[981.660s][info ][safepoint      ] Safepoint "Cleanup", Time since last: 1000107281 ns, Reaching safepoint: 49501 ns, At safepoint: 3200 ns, Total: 52701 ns
[986.660s][info ][safepoint      ] Safepoint "Cleanup", Time since last: 5000368600 ns, Reaching safepoint: 51401 ns, At safepoint: 4401 ns, Total: 55802 ns
[987.660s][info ][safepoint      ] Safepoint "Cleanup", Time since last: 1000119480 ns, Reaching safepoint: 50001 ns, At safepoint: 3600 ns, Total: 53601 ns
[988.661s][info ][safepoint      ] Safepoint "Cleanup", Time since last: 1000109881 ns, Reaching safepoint: 58101 ns, At safepoint: 5200 ns, Total: 63301 ns
[989.661s][info ][safepoint      ] Safepoint "Cleanup", Time since last: 1000112880 ns, Reaching safepoint: 51701 ns, At safepoint: 3300 ns, Total: 55001 ns
[991.661s][info ][safepoint      ] Safepoint "Cleanup", Time since last: 2000168960 ns, Reaching safepoint: 119402 ns, At safepoint: 5900 ns, Total: 125302 ns
[992.661s][info ][safepoint      ] Safepoint "Cleanup", Time since last: 1000093080 ns, Reaching safepoint: 57101 ns, At safepoint: 9300 ns, Total: 66401 ns
[993.661s][info ][safepoint      ] Safepoint "Cleanup", Time since last: 1000109581 ns, Reaching safepoint: 44300 ns, At safepoint: 2800 ns, Total: 47100 ns
[995.439s][info ][safepoint      ] Safepoint "Cleanup", Time since last: 1777535501 ns, Reaching safepoint: 48101 ns, At safepoint: 10100 ns, Total: 58201 ns
[996.439s][info ][safepoint      ] Safepoint "Cleanup", Time since last: 1000098079 ns, Reaching safepoint: 53801 ns, At safepoint: 3600 ns, Total: 57401 ns
[997.439s][info ][safepoint      ] Safepoint "Cleanup", Time since last: 1000116180 ns, Reaching safepoint: 52001 ns, At safepoint: 3500 ns, Total: 55501 ns
[998.439s][info ][safepoint      ] Safepoint "Cleanup", Time since last: 1000105880 ns, Reaching safepoint: 56201 ns, At safepoint: 8000 ns, Total: 64201 ns
[999.440s][info ][safepoint      ] Safepoint "Cleanup", Time since last: 1000122980 ns, Reaching safepoint: 51101 ns, At safepoint: 5900 ns, Total: 57001 ns
[999.978s][info ][gc,start       ] GC(165) Pause Young (Allocation Failure)
[999.988s][debug][gc,phases      ] GC(165) Scavenge 9.628ms
[999.988s][debug][gc,ref         ] GC(165) Skipped phase 1 of Reference Processing: no references
[999.988s][debug][gc,ref         ] GC(165) ReferenceProcessor::execute queues: 1, RefProcThreadModel::Single, marks_oops_alive: false
[999.988s][debug][gc,ref         ] GC(165) Skipped phase 3 of Reference Processing: no references
[999.988s][debug][gc,ref         ] GC(165) ReferenceProcessor::execute queues: 1, RefProcThreadModel::Single, marks_oops_alive: false
[999.988s][debug][gc,phases      ] GC(165) Reference Processing 0.124ms
[999.989s][debug][gc,phases      ] GC(165)   VM Weak                        Min:  0.0, Avg:  0.0, Max:  0.0, Diff:  0.0, Sum:  0.0, Workers: 4
[999.989s][debug][gc,phases      ] GC(165)     Dead                           Min: 0, Avg:  0.0, Max: 0, Diff: 0, Sum: 0, Workers: 4
[999.989s][debug][gc,phases      ] GC(165)     Total                          Min: 0, Avg: 167.8, Max: 384, Diff: 384, Sum: 671, Workers: 4
[999.989s][debug][gc,phases      ] GC(165)   ObjectSynchronizer Weak        Min:  0.0, Avg:  0.0, Max:  0.0, Diff:  0.0, Sum:  0.0, Workers: 4
[999.989s][debug][gc,phases      ] GC(165)     Dead                           Min: 0, Avg:  0.0, Max: 0, Diff: 0, Sum: 0, Workers: 4
[999.989s][debug][gc,phases      ] GC(165)     Total                          Min: 0, Avg: 102.8, Max: 192, Diff: 192, Sum: 411, Workers: 4
[999.989s][debug][gc,phases      ] GC(165)   JVMTI Tag Weak OopStorage      Min:  0.0, Avg:  0.0, Max:  0.0, Diff:  0.0, Sum:  0.0, Workers: 4
[999.989s][debug][gc,phases      ] GC(165)     Dead                           Min: 0, Avg:  0.0, Max: 0, Diff: 0, Sum: 0, Workers: 4
[999.989s][debug][gc,phases      ] GC(165)     Total                          Min: 0, Avg:  0.0, Max: 0, Diff: 0, Sum: 0, Workers: 4
[999.989s][debug][gc,phases      ] GC(165)   StringTable Weak               Min:  0.1, Avg:  0.1, Max:  0.1, Diff:  0.0, Sum:  0.4, Workers: 4
[999.989s][debug][gc,phases      ] GC(165)     Dead                           Min: 0, Avg:  0.2, Max: 1, Diff: 1, Sum: 1, Workers: 4
[999.989s][debug][gc,phases      ] GC(165)     Total                          Min: 10624, Avg: 11942.5, Max: 13248, Diff: 2624, Sum: 47770, Workers: 4
[999.989s][debug][gc,phases      ] GC(165)   ResolvedMethodTable Weak       Min:  0.0, Avg:  0.0, Max:  0.0, Diff:  0.0, Sum:  0.1, Workers: 4
[999.989s][debug][gc,phases      ] GC(165)     Dead                           Min: 0, Avg:  0.0, Max: 0, Diff: 0, Sum: 0, Workers: 4
[999.989s][debug][gc,phases      ] GC(165)     Total                          Min: 1728, Avg: 2063.8, Max: 2367, Diff: 639, Sum: 8255, Workers: 4
[999.989s][debug][gc,phases      ] GC(165)   JNI Weak                       Min:  0.0, Avg:  0.0, Max:  0.0, Diff:  0.0, Sum:  0.0, Workers: 4
[999.989s][debug][gc,phases      ] GC(165)     Dead                           Min: 0, Avg:  0.0, Max: 0, Diff: 0, Sum: 0, Workers: 4
[999.989s][debug][gc,phases      ] GC(165)     Total                          Min: 0, Avg:  0.0, Max: 0, Diff: 0, Sum: 0, Workers: 4
[999.989s][debug][gc,phases      ] GC(165)   StringDedup Table Weak         Min:  0.0, Avg:  0.0, Max:  0.0, Diff:  0.0, Sum:  0.0, Workers: 4
[999.989s][debug][gc,phases      ] GC(165)     Dead                           Min: 0, Avg:  0.0, Max: 0, Diff: 0, Sum: 0, Workers: 4
[999.989s][debug][gc,phases      ] GC(165)     Total                          Min: 0, Avg:  0.0, Max: 0, Diff: 0, Sum: 0, Workers: 4
[999.989s][debug][gc,phases      ] GC(165)   StringDedup Requests0 Weak     Min:  0.0, Avg:  0.0, Max:  0.0, Diff:  0.0, Sum:  0.0, Workers: 4
[999.989s][debug][gc,phases      ] GC(165)     Dead                           Min: 0, Avg:  0.0, Max: 0, Diff: 0, Sum: 0, Workers: 4
[999.989s][debug][gc,phases      ] GC(165)     Total                          Min: 0, Avg:  0.0, Max: 0, Diff: 0, Sum: 0, Workers: 4
[999.989s][debug][gc,phases      ] GC(165)   StringDedup Requests1 Weak     Min:  0.0, Avg:  0.0, Max:  0.0, Diff:  0.0, Sum:  0.0, Workers: 4
[999.989s][debug][gc,phases      ] GC(165)     Dead                           Min: 0, Avg:  0.0, Max: 0, Diff: 0, Sum: 0, Workers: 4
[999.989s][debug][gc,phases      ] GC(165)     Total                          Min: 0, Avg:  0.0, Max: 0, Diff: 0, Sum: 0, Workers: 4
[999.989s][debug][gc,phases      ] GC(165)   Weak JFR Old Object Samples    Min:  0.0, Avg:  0.0, Max:  0.0, Diff:  0.0, Sum:  0.0, Workers: 4
[999.989s][debug][gc,phases      ] GC(165)     Dead                           Min: 0, Avg:  0.0, Max: 0, Diff: 0, Sum: 0, Workers: 4
[999.989s][debug][gc,phases      ] GC(165)     Total                          Min: 0, Avg:  0.0, Max: 0, Diff: 0, Sum: 0, Workers: 4
[999.989s][debug][gc,phases      ] GC(165) Weak Processing 0.327ms
[999.989s][debug][gc,age         ] GC(165) Desired survivor size 130547712 bytes, new threshold 15 (max threshold 15)
[999.989s][info ][gc,heap        ] GC(165) PSYoungGen: 1819196K(1957888K)->18986K(1946112K) Eden: 1806848K(1806848K)->0K(1806848K) From: 12348K(151040K)->18986K(139264K)
[999.989s][info ][gc,heap        ] GC(165) ParOldGen: 496219K(631296K)->496259K(631296K)
[999.989s][info ][gc,metaspace   ] GC(165) Metaspace: 82755K(83520K)->82755K(83520K) NonClass: 71195K(71616K)->71195K(71616K) Class: 11560K(11904K)->11560K(11904K)
[999.989s][info ][gc             ] GC(165) Pause Young (Allocation Failure) 2261M->503M(2517M) 10.219ms
[999.989s][info ][gc,cpu         ] GC(165) User=0.04s Sys=0.00s Real=0.01s
[999.989s][info ][safepoint      ] Safepoint "ParallelGCFailedAllocation", Time since last: 538822049 ns, Reaching safepoint: 32601 ns, At safepoint: 10308201 ns, Total: 10340802 ns
[1000.670s][info ][safepoint      ] Safepoint "ICBufferFull", Time since last: 680970732 ns, Reaching safepoint: 314006 ns, At safepoint: 13800 ns, Total: 327806 ns
[1001.511s][info ][safepoint      ] Safepoint "ICBufferFull", Time since last: 840342552 ns, Reaching safepoint: 258805 ns, At safepoint: 11400 ns, Total: 270205 ns
[1002.055s][info ][safepoint      ] Safepoint "ICBufferFull", Time since last: 544308856 ns, Reaching safepoint: 213604 ns, At safepoint: 8001 ns, Total: 221605 ns
[1003.055s][info ][safepoint      ] Safepoint "Cleanup", Time since last: 1000108379 ns, Reaching safepoint: 137403 ns, At safepoint: 16700 ns, Total: 154103 ns
[1004.056s][info ][safepoint      ] Safepoint "Cleanup", Time since last: 1000120679 ns, Reaching safepoint: 129103 ns, At safepoint: 12400 ns, Total: 141503 ns
[1005.056s][info ][safepoint      ] Safepoint "Cleanup", Time since last: 1000108179 ns, Reaching safepoint: 91902 ns, At safepoint: 9600 ns, Total: 101502 ns
[1008.056s][info ][safepoint      ] Safepoint "Cleanup", Time since last: 3000203735 ns, Reaching safepoint: 120802 ns, At safepoint: 9100 ns, Total: 129902 ns
[1013.057s][info ][safepoint      ] Safepoint "Cleanup", Time since last: 5000380890 ns, Reaching safepoint: 118503 ns, At safepoint: 8000 ns, Total: 126503 ns
[1017.057s][info ][safepoint      ] Safepoint "Cleanup", Time since last: 4000321811 ns, Reaching safepoint: 115102 ns, At safepoint: 6400 ns, Total: 121502 ns
[1018.057s][info ][safepoint      ] Safepoint "Cleanup", Time since last: 1000109978 ns, Reaching safepoint: 120303 ns, At safepoint: 8700 ns, Total: 129003 ns
[1019.644s][info ][gc,start       ] GC(166) Pause Young (Allocation Failure)
[1019.655s][debug][gc,phases      ] GC(166) Scavenge 10.955ms
[1019.655s][debug][gc,ref         ] GC(166) Skipped phase 1 of Reference Processing: no references
[1019.655s][debug][gc,ref         ] GC(166) ReferenceProcessor::execute queues: 1, RefProcThreadModel::Single, marks_oops_alive: false
[1019.655s][debug][gc,ref         ] GC(166) Skipped phase 3 of Reference Processing: no references
[1019.655s][debug][gc,ref         ] GC(166) ReferenceProcessor::execute queues: 1, RefProcThreadModel::Single, marks_oops_alive: false
[1019.655s][debug][gc,phases      ] GC(166) Reference Processing 0.153ms
[1019.655s][debug][gc,phases      ] GC(166)   VM Weak                        Min:  0.0, Avg:  0.0, Max:  0.0, Diff:  0.0, Sum:  0.0, Workers: 4
[1019.655s][debug][gc,phases      ] GC(166)     Dead                           Min: 0, Avg:  0.0, Max: 0, Diff: 0, Sum: 0, Workers: 4
[1019.655s][debug][gc,phases      ] GC(166)     Total                          Min: 0, Avg: 167.8, Max: 671, Diff: 671, Sum: 671, Workers: 4
[1019.655s][debug][gc,phases      ] GC(166)   ObjectSynchronizer Weak        Min:  0.0, Avg:  0.0, Max:  0.0, Diff:  0.0, Sum:  0.0, Workers: 4
[1019.655s][debug][gc,phases      ] GC(166)     Dead                           Min: 0, Avg:  0.0, Max: 0, Diff: 0, Sum: 0, Workers: 4
[1019.655s][debug][gc,phases      ] GC(166)     Total                          Min: 0, Avg: 102.8, Max: 384, Diff: 384, Sum: 411, Workers: 4
[1019.655s][debug][gc,phases      ] GC(166)   JVMTI Tag Weak OopStorage      Min:  0.0, Avg:  0.0, Max:  0.0, Diff:  0.0, Sum:  0.0, Workers: 4
[1019.655s][debug][gc,phases      ] GC(166)     Dead                           Min: 0, Avg:  0.0, Max: 0, Diff: 0, Sum: 0, Workers: 4
[1019.655s][debug][gc,phases      ] GC(166)     Total                          Min: 0, Avg:  0.0, Max: 0, Diff: 0, Sum: 0, Workers: 4
[1019.655s][debug][gc,phases      ] GC(166)   StringTable Weak               Min:  0.1, Avg:  0.1, Max:  0.1, Diff:  0.0, Sum:  0.4, Workers: 4
[1019.655s][debug][gc,phases      ] GC(166)     Dead                           Min: 0, Avg:  0.0, Max: 0, Diff: 0, Sum: 0, Workers: 4
[1019.655s][debug][gc,phases      ] GC(166)     Total                          Min: 11456, Avg: 11946.5, Max: 12352, Diff: 896, Sum: 47786, Workers: 4
[1019.655s][debug][gc,phases      ] GC(166)   ResolvedMethodTable Weak       Min:  0.0, Avg:  0.0, Max:  0.0, Diff:  0.0, Sum:  0.1, Workers: 4
[1019.655s][debug][gc,phases      ] GC(166)     Dead                           Min: 0, Avg:  0.0, Max: 0, Diff: 0, Sum: 0, Workers: 4
[1019.655s][debug][gc,phases      ] GC(166)     Total                          Min: 1984, Avg: 2065.8, Max: 2176, Diff: 192, Sum: 8263, Workers: 4
[1019.655s][debug][gc,phases      ] GC(166)   JNI Weak                       Min:  0.0, Avg:  0.0, Max:  0.0, Diff:  0.0, Sum:  0.0, Workers: 4
[1019.655s][debug][gc,phases      ] GC(166)     Dead                           Min: 0, Avg:  0.0, Max: 0, Diff: 0, Sum: 0, Workers: 4
[1019.655s][debug][gc,phases      ] GC(166)     Total                          Min: 0, Avg:  0.0, Max: 0, Diff: 0, Sum: 0, Workers: 4
[1019.655s][debug][gc,phases      ] GC(166)   StringDedup Table Weak         Min:  0.0, Avg:  0.0, Max:  0.0, Diff:  0.0, Sum:  0.0, Workers: 4
[1019.655s][debug][gc,phases      ] GC(166)     Dead                           Min: 0, Avg:  0.0, Max: 0, Diff: 0, Sum: 0, Workers: 4
[1019.655s][debug][gc,phases      ] GC(166)     Total                          Min: 0, Avg:  0.0, Max: 0, Diff: 0, Sum: 0, Workers: 4
[1019.655s][debug][gc,phases      ] GC(166)   StringDedup Requests0 Weak     Min:  0.0, Avg:  0.0, Max:  0.0, Diff:  0.0, Sum:  0.0, Workers: 4
[1019.655s][debug][gc,phases      ] GC(166)     Dead                           Min: 0, Avg:  0.0, Max: 0, Diff: 0, Sum: 0, Workers: 4
[1019.655s][debug][gc,phases      ] GC(166)     Total                          Min: 0, Avg:  0.0, Max: 0, Diff: 0, Sum: 0, Workers: 4
[1019.655s][debug][gc,phases      ] GC(166)   StringDedup Requests1 Weak     Min:  0.0, Avg:  0.0, Max:  0.0, Diff:  0.0, Sum:  0.0, Workers: 4
[1019.655s][debug][gc,phases      ] GC(166)     Dead                           Min: 0, Avg:  0.0, Max: 0, Diff: 0, Sum: 0, Workers: 4
[1019.655s][debug][gc,phases      ] GC(166)     Total                          Min: 0, Avg:  0.0, Max: 0, Diff: 0, Sum: 0, Workers: 4
[1019.655s][debug][gc,phases      ] GC(166)   Weak JFR Old Object Samples    Min:  0.0, Avg:  0.0, Max:  0.0, Diff:  0.0, Sum:  0.0, Workers: 4
[1019.655s][debug][gc,phases      ] GC(166)     Dead                           Min: 0, Avg:  0.0, Max: 0, Diff: 0, Sum: 0, Workers: 4
[1019.655s][debug][gc,phases      ] GC(166)     Total                          Min: 0, Avg:  0.0, Max: 0, Diff: 0, Sum: 0, Workers: 4
[1019.655s][debug][gc,phases      ] GC(166) Weak Processing 0.305ms
[1019.655s][debug][gc,age         ] GC(166) Desired survivor size 126877696 bytes, new threshold 15 (max threshold 15)
[1019.655s][info ][gc,heap        ] GC(166) PSYoungGen: 1825834K(1946112K)->39004K(1973248K) Eden: 1806848K(1806848K)->0K(1845760K) From: 18986K(139264K)->39004K(127488K)
[1019.655s][info ][gc,heap        ] GC(166) ParOldGen: 496259K(631296K)->496291K(631296K)
[1019.655s][info ][gc,metaspace   ] GC(166) Metaspace: 82797K(83648K)->82797K(83648K) NonClass: 71234K(71680K)->71234K(71680K) Class: 11563K(11968K)->11563K(11968K)
[1019.655s][info ][gc             ] GC(166) Pause Young (Allocation Failure) 2267M->522M(2543M) 11.546ms
[1019.655s][info ][gc,cpu         ] GC(166) User=0.05s Sys=0.00s Real=0.01s
[1019.655s][info ][safepoint      ] Safepoint "ParallelGCFailedAllocation", Time since last: 1585983247 ns, Reaching safepoint: 28501 ns, At safepoint: 11637427 ns, Total: 11665928 ns
[1021.655s][info ][safepoint      ] Safepoint "Cleanup", Time since last: 2000158955 ns, Reaching safepoint: 129903 ns, At safepoint: 12500 ns, Total: 142403 ns
[1024.656s][info ][safepoint      ] Safepoint "Cleanup", Time since last: 3000252731 ns, Reaching safepoint: 130103 ns, At safepoint: 8100 ns, Total: 138203 ns
[1025.656s][info ][safepoint      ] Safepoint "Cleanup", Time since last: 1000124778 ns, Reaching safepoint: 142503 ns, At safepoint: 12200 ns, Total: 154703 ns
[1027.656s][info ][safepoint      ] Safepoint "Cleanup", Time since last: 2000172654 ns, Reaching safepoint: 121502 ns, At safepoint: 8801 ns, Total: 130303 ns
[1030.657s][info ][safepoint      ] Safepoint "Cleanup", Time since last: 3000223429 ns, Reaching safepoint: 122603 ns, At safepoint: 13300 ns, Total: 135903 ns
[1031.657s][info ][safepoint      ] Safepoint "Cleanup", Time since last: 1000112477 ns, Reaching safepoint: 120603 ns, At safepoint: 6200 ns, Total: 126803 ns
[1032.657s][info ][safepoint      ] Safepoint "Cleanup", Time since last: 1000105277 ns, Reaching safepoint: 123402 ns, At safepoint: 7800 ns, Total: 131202 ns
[1037.658s][info ][safepoint      ] Safepoint "Cleanup", Time since last: 5000344680 ns, Reaching safepoint: 112403 ns, At safepoint: 6000 ns, Total: 118403 ns
[1039.658s][info ][safepoint      ] Safepoint "Cleanup", Time since last: 2000171852 ns, Reaching safepoint: 110802 ns, At safepoint: 6800 ns, Total: 117602 ns
[1043.658s][info ][safepoint      ] Safepoint "Cleanup", Time since last: 4000353704 ns, Reaching safepoint: 113302 ns, At safepoint: 5400 ns, Total: 118702 ns
[1049.659s][info ][safepoint      ] Safepoint "Cleanup", Time since last: 6000444752 ns, Reaching safepoint: 49301 ns, At safepoint: 4300 ns, Total: 53601 ns
[1050.659s][info ][safepoint      ] Safepoint "Cleanup", Time since last: 1000107676 ns, Reaching safepoint: 127302 ns, At safepoint: 13801 ns, Total: 141103 ns
[1051.659s][info ][safepoint      ] Safepoint "Cleanup", Time since last: 1000120376 ns, Reaching safepoint: 49400 ns, At safepoint: 3101 ns, Total: 52501 ns
[1052.659s][info ][safepoint      ] Safepoint "Cleanup", Time since last: 1000062574 ns, Reaching safepoint: 49701 ns, At safepoint: 3000 ns, Total: 52701 ns
[1053.660s][info ][safepoint      ] Safepoint "Cleanup", Time since last: 1000110376 ns, Reaching safepoint: 33000 ns, At safepoint: 7701 ns, Total: 40701 ns
[1054.660s][info ][safepoint      ] Safepoint "Cleanup", Time since last: 1000111175 ns, Reaching safepoint: 68701 ns, At safepoint: 7301 ns, Total: 76002 ns
[1055.660s][info ][safepoint      ] Safepoint "Cleanup", Time since last: 1000107875 ns, Reaching safepoint: 46301 ns, At safepoint: 4000 ns, Total: 50301 ns
[1056.660s][info ][safepoint      ] Safepoint "Cleanup", Time since last: 1000108375 ns, Reaching safepoint: 47601 ns, At safepoint: 5800 ns, Total: 53401 ns
[1058.660s][info ][safepoint      ] Safepoint "Cleanup", Time since last: 2000171750 ns, Reaching safepoint: 51501 ns, At safepoint: 5900 ns, Total: 57401 ns
[1059.661s][info ][safepoint      ] Safepoint "Cleanup", Time since last: 1000102875 ns, Reaching safepoint: 52201 ns, At safepoint: 8500 ns, Total: 60701 ns
[1064.661s][info ][safepoint      ] Safepoint "Cleanup", Time since last: 5000325470 ns, Reaching safepoint: 56401 ns, At safepoint: 7901 ns, Total: 64302 ns
[1065.661s][info ][safepoint      ] Safepoint "Cleanup", Time since last: 1000112074 ns, Reaching safepoint: 62002 ns, At safepoint: 3200 ns, Total: 65202 ns
[1067.661s][info ][safepoint      ] Safepoint "Cleanup", Time since last: 2000182148 ns, Reaching safepoint: 54901 ns, At safepoint: 9300 ns, Total: 64201 ns
[1078.662s][info ][safepoint      ] Safepoint "Cleanup", Time since last: 11000725607 ns, Reaching safepoint: 52101 ns, At safepoint: 3500 ns, Total: 55601 ns
[1080.662s][info ][safepoint      ] Safepoint "Cleanup", Time since last: 2000171346 ns, Reaching safepoint: 54201 ns, At safepoint: 7600 ns, Total: 61801 ns
[1083.663s][info ][safepoint      ] Safepoint "Cleanup", Time since last: 3000229119 ns, Reaching safepoint: 48101 ns, At safepoint: 8200 ns, Total: 56301 ns
[1084.663s][info ][safepoint      ] Safepoint "Cleanup", Time since last: 1000103473 ns, Reaching safepoint: 51101 ns, At safepoint: 13001 ns, Total: 64102 ns
[1086.663s][info ][safepoint      ] Safepoint "Cleanup", Time since last: 2000190746 ns, Reaching safepoint: 74401 ns, At safepoint: 38701 ns, Total: 113102 ns
[1086.725s][info ][gc,start       ] GC(167) Pause Young (Allocation Failure)
[1086.735s][debug][gc,phases      ] GC(167) Scavenge 10.253ms
[1086.735s][debug][gc,ref         ] GC(167) Skipped phase 1 of Reference Processing: no references
[1086.735s][debug][gc,ref         ] GC(167) ReferenceProcessor::execute queues: 1, RefProcThreadModel::Single, marks_oops_alive: false
[1086.736s][debug][gc,ref         ] GC(167) Skipped phase 3 of Reference Processing: no references
[1086.736s][debug][gc,ref         ] GC(167) ReferenceProcessor::execute queues: 1, RefProcThreadModel::Single, marks_oops_alive: false
[1086.736s][debug][gc,phases      ] GC(167) Reference Processing 0.122ms
[1086.736s][debug][gc,phases      ] GC(167)   VM Weak                        Min:  0.0, Avg:  0.0, Max:  0.0, Diff:  0.0, Sum:  0.0, Workers: 4
[1086.736s][debug][gc,phases      ] GC(167)     Dead                           Min: 0, Avg:  0.0, Max: 0, Diff: 0, Sum: 0, Workers: 4
[1086.736s][debug][gc,phases      ] GC(167)     Total                          Min: 0, Avg: 167.8, Max: 671, Diff: 671, Sum: 671, Workers: 4
[1086.736s][debug][gc,phases      ] GC(167)   ObjectSynchronizer Weak        Min:  0.0, Avg:  0.0, Max:  0.0, Diff:  0.0, Sum:  0.0, Workers: 4
[1086.736s][debug][gc,phases      ] GC(167)     Dead                           Min: 0, Avg:  1.0, Max: 4, Diff: 4, Sum: 4, Workers: 4
[1086.736s][debug][gc,phases      ] GC(167)     Total                          Min: 0, Avg: 103.8, Max: 192, Diff: 192, Sum: 415, Workers: 4
[1086.736s][debug][gc,phases      ] GC(167)   JVMTI Tag Weak OopStorage      Min:  0.0, Avg:  0.0, Max:  0.0, Diff:  0.0, Sum:  0.0, Workers: 4
[1086.736s][debug][gc,phases      ] GC(167)     Dead                           Min: 0, Avg:  0.0, Max: 0, Diff: 0, Sum: 0, Workers: 4
[1086.736s][debug][gc,phases      ] GC(167)     Total                          Min: 0, Avg:  0.0, Max: 0, Diff: 0, Sum: 0, Workers: 4
[1086.736s][debug][gc,phases      ] GC(167)   StringTable Weak               Min:  0.1, Avg:  0.1, Max:  0.1, Diff:  0.0, Sum:  0.4, Workers: 4
[1086.736s][debug][gc,phases      ] GC(167)     Dead                           Min: 0, Avg:  0.0, Max: 0, Diff: 0, Sum: 0, Workers: 4
[1086.736s][debug][gc,phases      ] GC(167)     Total                          Min: 11648, Avg: 11949.8, Max: 12224, Diff: 576, Sum: 47799, Workers: 4
[1086.736s][debug][gc,phases      ] GC(167)   ResolvedMethodTable Weak       Min:  0.0, Avg:  0.0, Max:  0.0, Diff:  0.0, Sum:  0.1, Workers: 4
[1086.736s][debug][gc,phases      ] GC(167)     Dead                           Min: 0, Avg:  0.0, Max: 0, Diff: 0, Sum: 0, Workers: 4
[1086.736s][debug][gc,phases      ] GC(167)     Total                          Min: 1856, Avg: 2067.0, Max: 2304, Diff: 448, Sum: 8268, Workers: 4
[1086.736s][debug][gc,phases      ] GC(167)   JNI Weak                       Min:  0.0, Avg:  0.0, Max:  0.0, Diff:  0.0, Sum:  0.0, Workers: 4
[1086.736s][debug][gc,phases      ] GC(167)     Dead                           Min: 0, Avg:  0.0, Max: 0, Diff: 0, Sum: 0, Workers: 4
[1086.736s][debug][gc,phases      ] GC(167)     Total                          Min: 0, Avg:  0.0, Max: 0, Diff: 0, Sum: 0, Workers: 4
[1086.736s][debug][gc,phases      ] GC(167)   StringDedup Table Weak         Min:  0.0, Avg:  0.0, Max:  0.0, Diff:  0.0, Sum:  0.0, Workers: 4
[1086.736s][debug][gc,phases      ] GC(167)     Dead                           Min: 0, Avg:  0.0, Max: 0, Diff: 0, Sum: 0, Workers: 4
[1086.736s][debug][gc,phases      ] GC(167)     Total                          Min: 0, Avg:  0.0, Max: 0, Diff: 0, Sum: 0, Workers: 4
[1086.736s][debug][gc,phases      ] GC(167)   StringDedup Requests0 Weak     Min:  0.0, Avg:  0.0, Max:  0.0, Diff:  0.0, Sum:  0.0, Workers: 4
[1086.736s][debug][gc,phases      ] GC(167)     Dead                           Min: 0, Avg:  0.0, Max: 0, Diff: 0, Sum: 0, Workers: 4
[1086.736s][debug][gc,phases      ] GC(167)     Total                          Min: 0, Avg:  0.0, Max: 0, Diff: 0, Sum: 0, Workers: 4
[1086.736s][debug][gc,phases      ] GC(167)   StringDedup Requests1 Weak     Min:  0.0, Avg:  0.0, Max:  0.0, Diff:  0.0, Sum:  0.0, Workers: 4
[1086.736s][debug][gc,phases      ] GC(167)     Dead                           Min: 0, Avg:  0.0, Max: 0, Diff: 0, Sum: 0, Workers: 4
[1086.736s][debug][gc,phases      ] GC(167)     Total                          Min: 0, Avg:  0.0, Max: 0, Diff: 0, Sum: 0, Workers: 4
[1086.736s][debug][gc,phases      ] GC(167)   Weak JFR Old Object Samples    Min:  0.0, Avg:  0.0, Max:  0.0, Diff:  0.0, Sum:  0.0, Workers: 4
[1086.736s][debug][gc,phases      ] GC(167)     Dead                           Min: 0, Avg:  0.0, Max: 0, Diff: 0, Sum: 0, Workers: 4
[1086.736s][debug][gc,phases      ] GC(167)     Total                          Min: 0, Avg:  0.0, Max: 0, Diff: 0, Sum: 0, Workers: 4
[1086.736s][debug][gc,phases      ] GC(167) Weak Processing 0.330ms
[1086.736s][debug][gc,age         ] GC(167) Desired survivor size 123207680 bytes, new threshold 15 (max threshold 15)
[1086.736s][info ][gc,heap        ] GC(167) PSYoungGen: 1884764K(1973248K)->38972K(1969664K) Eden: 1845760K(1845760K)->0K(1845760K) From: 39004K(127488K)->38972K(123904K)
[1086.736s][info ][gc,heap        ] GC(167) ParOldGen: 496291K(631296K)->496403K(631296K)
[1086.736s][info ][gc,metaspace   ] GC(167) Metaspace: 82832K(83648K)->82832K(83648K) NonClass: 71266K(71680K)->71266K(71680K) Class: 11566K(11968K)->11566K(11968K)
[1086.736s][info ][gc             ] GC(167) Pause Young (Allocation Failure) 2325M->522M(2540M) 10.842ms
[1086.736s][info ][gc,cpu         ] GC(167) User=0.04s Sys=0.00s Real=0.01s
[1086.736s][info ][safepoint      ] Safepoint "ParallelGCFailedAllocation", Time since last: 61880511 ns, Reaching safepoint: 29701 ns, At safepoint: 10933014 ns, Total: 10962715 ns
[1087.736s][info ][safepoint      ] Safepoint "Cleanup", Time since last: 1000086072 ns, Reaching safepoint: 55601 ns, At safepoint: 10201 ns, Total: 65802 ns
[1088.736s][info ][safepoint      ] Safepoint "Cleanup", Time since last: 1000106673 ns, Reaching safepoint: 46301 ns, At safepoint: 2900 ns, Total: 49201 ns
[1096.737s][info ][safepoint      ] Safepoint "Cleanup", Time since last: 8000485575 ns, Reaching safepoint: 49101 ns, At safepoint: 4100 ns, Total: 53201 ns
[1104.737s][info ][safepoint      ] Safepoint "Cleanup", Time since last: 8000618074 ns, Reaching safepoint: 52601 ns, At safepoint: 5000 ns, Total: 57601 ns
[1105.738s][info ][safepoint      ] Safepoint "Cleanup", Time since last: 1000109172 ns, Reaching safepoint: 30300 ns, At safepoint: 6400 ns, Total: 36700 ns
[1106.738s][info ][safepoint      ] Safepoint "Cleanup", Time since last: 1000105872 ns, Reaching safepoint: 53801 ns, At safepoint: 4000 ns, Total: 57801 ns
[1109.738s][info ][safepoint      ] Safepoint "Cleanup", Time since last: 3000261315 ns, Reaching safepoint: 59101 ns, At safepoint: 7800 ns, Total: 66901 ns
[1112.738s][info ][safepoint      ] Safepoint "Cleanup", Time since last: 3000237913 ns, Reaching safepoint: 51401 ns, At safepoint: 7400 ns, Total: 58801 ns
[1123.739s][info ][safepoint      ] Safepoint "Cleanup", Time since last: 11000760475 ns, Reaching safepoint: 49201 ns, At safepoint: 9700 ns, Total: 58901 ns
[1126.740s][info ][safepoint      ] Safepoint "Cleanup", Time since last: 3000220011 ns, Reaching safepoint: 49001 ns, At safepoint: 9600 ns, Total: 58601 ns
[1127.740s][info ][safepoint      ] Safepoint "Cleanup", Time since last: 1000105670 ns, Reaching safepoint: 56501 ns, At safepoint: 2400 ns, Total: 58901 ns
[1129.740s][info ][safepoint      ] Safepoint "Cleanup", Time since last: 2000169741 ns, Reaching safepoint: 47001 ns, At safepoint: 5900 ns, Total: 52901 ns
[1135.740s][info ][safepoint      ] Safepoint "Cleanup", Time since last: 6000425517 ns, Reaching safepoint: 49101 ns, At safepoint: 6000 ns, Total: 55101 ns
[1136.741s][info ][safepoint      ] Safepoint "Cleanup", Time since last: 1000109470 ns, Reaching safepoint: 57201 ns, At safepoint: 7801 ns, Total: 65002 ns
[1139.741s][info ][safepoint      ] Safepoint "Cleanup", Time since last: 3000236108 ns, Reaching safepoint: 49101 ns, At safepoint: 4000 ns, Total: 53101 ns
[1147.741s][info ][safepoint      ] Safepoint "Cleanup", Time since last: 8000567951 ns, Reaching safepoint: 48101 ns, At safepoint: 8300 ns, Total: 56401 ns
[1150.902s][info ][safepoint      ] Safepoint "Cleanup", Time since last: 3160019333 ns, Reaching safepoint: 132403 ns, At safepoint: 11300 ns, Total: 143703 ns
[1154.902s][info ][safepoint      ] Safepoint "Cleanup", Time since last: 4000309674 ns, Reaching safepoint: 49401 ns, At safepoint: 14500 ns, Total: 63901 ns
[1157.808s][info ][gc,start       ] GC(168) Pause Young (Allocation Failure)
[1157.818s][debug][gc,phases      ] GC(168) Scavenge 9.920ms
[1157.818s][debug][gc,ref         ] GC(168) Skipped phase 1 of Reference Processing: no references
[1157.818s][debug][gc,ref         ] GC(168) ReferenceProcessor::execute queues: 1, RefProcThreadModel::Single, marks_oops_alive: false
[1157.818s][debug][gc,ref         ] GC(168) Skipped phase 3 of Reference Processing: no references
[1157.818s][debug][gc,ref         ] GC(168) ReferenceProcessor::execute queues: 1, RefProcThreadModel::Single, marks_oops_alive: false
[1157.818s][debug][gc,phases      ] GC(168) Reference Processing 0.152ms
[1157.818s][debug][gc,phases      ] GC(168)   VM Weak                        Min:  0.0, Avg:  0.0, Max:  0.0, Diff:  0.0, Sum:  0.0, Workers: 4
[1157.818s][debug][gc,phases      ] GC(168)     Dead                           Min: 0, Avg:  0.0, Max: 0, Diff: 0, Sum: 0, Workers: 4
[1157.818s][debug][gc,phases      ] GC(168)     Total                          Min: 0, Avg: 167.8, Max: 607, Diff: 607, Sum: 671, Workers: 4
[1157.818s][debug][gc,phases      ] GC(168)   ObjectSynchronizer Weak        Min:  0.0, Avg:  0.0, Max:  0.0, Diff:  0.0, Sum:  0.0, Workers: 4
[1157.818s][debug][gc,phases      ] GC(168)     Dead                           Min: 0, Avg:  0.0, Max: 0, Diff: 0, Sum: 0, Workers: 4
[1157.818s][debug][gc,phases      ] GC(168)     Total                          Min: 0, Avg: 103.8, Max: 223, Diff: 223, Sum: 415, Workers: 4
[1157.818s][debug][gc,phases      ] GC(168)   JVMTI Tag Weak OopStorage      Min:  0.0, Avg:  0.0, Max:  0.0, Diff:  0.0, Sum:  0.0, Workers: 4
[1157.818s][debug][gc,phases      ] GC(168)     Dead                           Min: 0, Avg:  0.0, Max: 0, Diff: 0, Sum: 0, Workers: 4
[1157.818s][debug][gc,phases      ] GC(168)     Total                          Min: 0, Avg:  0.0, Max: 0, Diff: 0, Sum: 0, Workers: 4
[1157.818s][debug][gc,phases      ] GC(168)   StringTable Weak               Min:  0.1, Avg:  0.1, Max:  0.1, Diff:  0.0, Sum:  0.4, Workers: 4
[1157.818s][debug][gc,phases      ] GC(168)     Dead                           Min: 0, Avg:  0.0, Max: 0, Diff: 0, Sum: 0, Workers: 4
[1157.818s][debug][gc,phases      ] GC(168)     Total                          Min: 11029, Avg: 11957.2, Max: 12480, Diff: 1451, Sum: 47829, Workers: 4
[1157.818s][debug][gc,phases      ] GC(168)   ResolvedMethodTable Weak       Min:  0.0, Avg:  0.0, Max:  0.0, Diff:  0.0, Sum:  0.1, Workers: 4
[1157.818s][debug][gc,phases      ] GC(168)     Dead                           Min: 0, Avg:  0.0, Max: 0, Diff: 0, Sum: 0, Workers: 4
[1157.818s][debug][gc,phases      ] GC(168)     Total                          Min: 1984, Avg: 2068.5, Max: 2130, Diff: 146, Sum: 8274, Workers: 4
[1157.819s][debug][gc,phases      ] GC(168)   JNI Weak                       Min:  0.0, Avg:  0.0, Max:  0.0, Diff:  0.0, Sum:  0.0, Workers: 4
[1157.819s][debug][gc,phases      ] GC(168)     Dead                           Min: 0, Avg:  0.0, Max: 0, Diff: 0, Sum: 0, Workers: 4
[1157.819s][debug][gc,phases      ] GC(168)     Total                          Min: 0, Avg:  0.0, Max: 0, Diff: 0, Sum: 0, Workers: 4
[1157.819s][debug][gc,phases      ] GC(168)   StringDedup Table Weak         Min:  0.0, Avg:  0.0, Max:  0.0, Diff:  0.0, Sum:  0.0, Workers: 4
[1157.819s][debug][gc,phases      ] GC(168)     Dead                           Min: 0, Avg:  0.0, Max: 0, Diff: 0, Sum: 0, Workers: 4
[1157.819s][debug][gc,phases      ] GC(168)     Total                          Min: 0, Avg:  0.0, Max: 0, Diff: 0, Sum: 0, Workers: 4
[1157.819s][debug][gc,phases      ] GC(168)   StringDedup Requests0 Weak     Min:  0.0, Avg:  0.0, Max:  0.0, Diff:  0.0, Sum:  0.0, Workers: 4
[1157.819s][debug][gc,phases      ] GC(168)     Dead                           Min: 0, Avg:  0.0, Max: 0, Diff: 0, Sum: 0, Workers: 4
[1157.819s][debug][gc,phases      ] GC(168)     Total                          Min: 0, Avg:  0.0, Max: 0, Diff: 0, Sum: 0, Workers: 4
[1157.819s][debug][gc,phases      ] GC(168)   StringDedup Requests1 Weak     Min:  0.0, Avg:  0.0, Max:  0.0, Diff:  0.0, Sum:  0.0, Workers: 4
[1157.819s][debug][gc,phases      ] GC(168)     Dead                           Min: 0, Avg:  0.0, Max: 0, Diff: 0, Sum: 0, Workers: 4
[1157.819s][debug][gc,phases      ] GC(168)     Total                          Min: 0, Avg:  0.0, Max: 0, Diff: 0, Sum: 0, Workers: 4
[1157.819s][debug][gc,phases      ] GC(168)   Weak JFR Old Object Samples    Min:  0.0, Avg:  0.0, Max:  0.0, Diff:  0.0, Sum:  0.0, Workers: 4
[1157.819s][debug][gc,phases      ] GC(168)     Dead                           Min: 0, Avg:  0.0, Max: 0, Diff: 0, Sum: 0, Workers: 4
[1157.819s][debug][gc,phases      ] GC(168)     Total                          Min: 0, Avg:  0.0, Max: 0, Diff: 0, Sum: 0, Workers: 4
[1157.819s][debug][gc,phases      ] GC(168) Weak Processing 0.344ms
[1157.819s][debug][gc,age         ] GC(168) Desired survivor size 119537664 bytes, new threshold 15 (max threshold 15)
[1157.819s][info ][gc,heap        ] GC(168) PSYoungGen: 1884732K(1969664K)->39131K(1980416K) Eden: 1845760K(1845760K)->0K(1860096K) From: 38972K(123904K)->39131K(120320K)
[1157.819s][info ][gc,heap        ] GC(168) ParOldGen: 496403K(631296K)->496451K(631296K)
[1157.819s][info ][gc,metaspace   ] GC(168) Metaspace: 82863K(83712K)->82863K(83712K) NonClass: 71293K(71744K)->71293K(71744K) Class: 11569K(11968K)->11569K(11968K)
[1157.819s][info ][gc             ] GC(168) Pause Young (Allocation Failure) 2325M->523M(2550M) 10.550ms
[1157.819s][info ][gc,cpu         ] GC(168) User=0.04s Sys=0.01s Real=0.01s
[1157.819s][info ][safepoint      ] Safepoint "ParallelGCFailedAllocation", Time since last: 2905918760 ns, Reaching safepoint: 98902 ns, At safepoint: 10628708 ns, Total: 10727610 ns
[1161.819s][info ][safepoint      ] Safepoint "Cleanup", Time since last: 4000313972 ns, Reaching safepoint: 57901 ns, At safepoint: 6701 ns, Total: 64602 ns
[1166.819s][info ][safepoint      ] Safepoint "Cleanup", Time since last: 5000409939 ns, Reaching safepoint: 39301 ns, At safepoint: 3800 ns, Total: 43101 ns
[1171.206s][info ][safepoint      ] Safepoint "Cleanup", Time since last: 4386637729 ns, Reaching safepoint: 127403 ns, At safepoint: 11100 ns, Total: 138503 ns
[1181.207s][info ][safepoint      ] Safepoint "Cleanup", Time since last: 10000721071 ns, Reaching safepoint: 97902 ns, At safepoint: 7200 ns, Total: 105102 ns
[1201.209s][info ][safepoint      ] Safepoint "Cleanup", Time since last: 20001373824 ns, Reaching safepoint: 119902 ns, At safepoint: 7301 ns, Total: 127203 ns
[1206.209s][info ][safepoint      ] Safepoint "Cleanup", Time since last: 5000289726 ns, Reaching safepoint: 56201 ns, At safepoint: 11601 ns, Total: 67802 ns
[1211.209s][info ][safepoint      ] Safepoint "Cleanup", Time since last: 5000366926 ns, Reaching safepoint: 60002 ns, At safepoint: 31500 ns, Total: 91502 ns
[1223.210s][info ][safepoint      ] Safepoint "Cleanup", Time since last: 12000825878 ns, Reaching safepoint: 56901 ns, At safepoint: 9400 ns, Total: 66301 ns
[1225.143s][info ][gc,start       ] GC(169) Pause Young (Allocation Failure)
[1225.152s][debug][gc,phases      ] GC(169) Scavenge 8.523ms
[1225.152s][debug][gc,ref         ] GC(169) Skipped phase 1 of Reference Processing: no references
[1225.152s][debug][gc,ref         ] GC(169) ReferenceProcessor::execute queues: 1, RefProcThreadModel::Single, marks_oops_alive: false
[1225.152s][debug][gc,ref         ] GC(169) Skipped phase 3 of Reference Processing: no references
[1225.152s][debug][gc,ref         ] GC(169) ReferenceProcessor::execute queues: 1, RefProcThreadModel::Single, marks_oops_alive: false
[1225.152s][debug][gc,phases      ] GC(169) Reference Processing 0.127ms
[1225.152s][debug][gc,phases      ] GC(169)   VM Weak                        Min:  0.0, Avg:  0.0, Max:  0.0, Diff:  0.0, Sum:  0.0, Workers: 4
[1225.152s][debug][gc,phases      ] GC(169)     Dead                           Min: 0, Avg:  0.0, Max: 0, Diff: 0, Sum: 0, Workers: 4
[1225.152s][debug][gc,phases      ] GC(169)     Total                          Min: 0, Avg: 167.8, Max: 512, Diff: 512, Sum: 671, Workers: 4
[1225.152s][debug][gc,phases      ] GC(169)   ObjectSynchronizer Weak        Min:  0.0, Avg:  0.0, Max:  0.0, Diff:  0.0, Sum:  0.0, Workers: 4
[1225.152s][debug][gc,phases      ] GC(169)     Dead                           Min: 0, Avg:  0.0, Max: 0, Diff: 0, Sum: 0, Workers: 4
[1225.152s][debug][gc,phases      ] GC(169)     Total                          Min: 0, Avg: 103.8, Max: 256, Diff: 256, Sum: 415, Workers: 4
[1225.152s][debug][gc,phases      ] GC(169)   JVMTI Tag Weak OopStorage      Min:  0.0, Avg:  0.0, Max:  0.0, Diff:  0.0, Sum:  0.0, Workers: 4
[1225.152s][debug][gc,phases      ] GC(169)     Dead                           Min: 0, Avg:  0.0, Max: 0, Diff: 0, Sum: 0, Workers: 4
[1225.152s][debug][gc,phases      ] GC(169)     Total                          Min: 0, Avg:  0.0, Max: 0, Diff: 0, Sum: 0, Workers: 4
[1225.152s][debug][gc,phases      ] GC(169)   StringTable Weak               Min:  0.1, Avg:  0.1, Max:  0.1, Diff:  0.0, Sum:  0.4, Workers: 4
[1225.152s][debug][gc,phases      ] GC(169)     Dead                           Min: 0, Avg:  0.0, Max: 0, Diff: 0, Sum: 0, Workers: 4
[1225.152s][debug][gc,phases      ] GC(169)     Total                          Min: 10560, Avg: 11967.0, Max: 13180, Diff: 2620, Sum: 47868, Workers: 4
[1225.152s][debug][gc,phases      ] GC(169)   ResolvedMethodTable Weak       Min:  0.0, Avg:  0.0, Max:  0.0, Diff:  0.0, Sum:  0.1, Workers: 4
[1225.152s][debug][gc,phases      ] GC(169)     Dead                           Min: 0, Avg:  0.0, Max: 0, Diff: 0, Sum: 0, Workers: 4
[1225.152s][debug][gc,phases      ] GC(169)     Total                          Min: 1856, Avg: 2069.0, Max: 2260, Diff: 404, Sum: 8276, Workers: 4
[1225.152s][debug][gc,phases      ] GC(169)   JNI Weak                       Min:  0.0, Avg:  0.0, Max:  0.0, Diff:  0.0, Sum:  0.0, Workers: 4
[1225.152s][debug][gc,phases      ] GC(169)     Dead                           Min: 0, Avg:  0.0, Max: 0, Diff: 0, Sum: 0, Workers: 4
[1225.152s][debug][gc,phases      ] GC(169)     Total                          Min: 0, Avg:  0.0, Max: 0, Diff: 0, Sum: 0, Workers: 4
[1225.152s][debug][gc,phases      ] GC(169)   StringDedup Table Weak         Min:  0.0, Avg:  0.0, Max:  0.0, Diff:  0.0, Sum:  0.0, Workers: 4
[1225.152s][debug][gc,phases      ] GC(169)     Dead                           Min: 0, Avg:  0.0, Max: 0, Diff: 0, Sum: 0, Workers: 4
[1225.152s][debug][gc,phases      ] GC(169)     Total                          Min: 0, Avg:  0.0, Max: 0, Diff: 0, Sum: 0, Workers: 4
[1225.152s][debug][gc,phases      ] GC(169)   StringDedup Requests0 Weak     Min:  0.0, Avg:  0.0, Max:  0.0, Diff:  0.0, Sum:  0.0, Workers: 4
[1225.152s][debug][gc,phases      ] GC(169)     Dead                           Min: 0, Avg:  0.0, Max: 0, Diff: 0, Sum: 0, Workers: 4
[1225.152s][debug][gc,phases      ] GC(169)     Total                          Min: 0, Avg:  0.0, Max: 0, Diff: 0, Sum: 0, Workers: 4
[1225.152s][debug][gc,phases      ] GC(169)   StringDedup Requests1 Weak     Min:  0.0, Avg:  0.0, Max:  0.0, Diff:  0.0, Sum:  0.0, Workers: 4
[1225.152s][debug][gc,phases      ] GC(169)     Dead                           Min: 0, Avg:  0.0, Max: 0, Diff: 0, Sum: 0, Workers: 4
[1225.152s][debug][gc,phases      ] GC(169)     Total                          Min: 0, Avg:  0.0, Max: 0, Diff: 0, Sum: 0, Workers: 4
[1225.152s][debug][gc,phases      ] GC(169)   Weak JFR Old Object Samples    Min:  0.0, Avg:  0.0, Max:  0.0, Diff:  0.0, Sum:  0.0, Workers: 4
[1225.152s][debug][gc,phases      ] GC(169)     Dead                           Min: 0, Avg:  0.0, Max: 0, Diff: 0, Sum: 0, Workers: 4
[1225.152s][debug][gc,phases      ] GC(169)     Total                          Min: 0, Avg:  0.0, Max: 0, Diff: 0, Sum: 0, Workers: 4
[1225.152s][debug][gc,phases      ] GC(169) Weak Processing 0.329ms
[1225.152s][debug][gc,age         ] GC(169) Desired survivor size 115343360 bytes, new threshold 15 (max threshold 15)
[1225.152s][info ][gc,heap        ] GC(169) PSYoungGen: 1899227K(1980416K)->39116K(1976832K) Eden: 1860096K(1860096K)->0K(1860096K) From: 39131K(120320K)->39116K(116736K)
[1225.152s][info ][gc,heap        ] GC(169) ParOldGen: 496451K(631296K)->496547K(631296K)
[1225.152s][info ][gc,metaspace   ] GC(169) Metaspace: 82878K(83712K)->82878K(83712K) NonClass: 71308K(71744K)->71308K(71744K) Class: 11569K(11968K)->11569K(11968K)
[1225.152s][info ][gc             ] GC(169) Pause Young (Allocation Failure) 2339M->523M(2547M) 9.113ms
[1225.152s][info ][gc,cpu         ] GC(169) User=0.03s Sys=0.00s Real=0.01s
[1225.152s][info ][safepoint      ] Safepoint "ParallelGCFailedAllocation", Time since last: 1932868113 ns, Reaching safepoint: 41001 ns, At safepoint: 9203580 ns, Total: 9244581 ns
[1226.153s][info ][safepoint      ] Safepoint "Cleanup", Time since last: 1000087565 ns, Reaching safepoint: 50101 ns, At safepoint: 4300 ns, Total: 54401 ns
[1232.153s][info ][safepoint      ] Safepoint "Cleanup", Time since last: 6000397285 ns, Reaching safepoint: 38901 ns, At safepoint: 3500 ns, Total: 42401 ns
[1235.153s][info ][safepoint      ] Safepoint "Cleanup", Time since last: 3000248193 ns, Reaching safepoint: 122702 ns, At safepoint: 10501 ns, Total: 133203 ns
[1239.154s][info ][safepoint      ] Safepoint "Cleanup", Time since last: 4000314456 ns, Reaching safepoint: 107402 ns, At safepoint: 7900 ns, Total: 115302 ns
[1250.155s][info ][safepoint      ] Safepoint "Cleanup", Time since last: 11000736398 ns, Reaching safepoint: 122002 ns, At safepoint: 11200 ns, Total: 133202 ns
[1260.156s][info ][safepoint      ] Safepoint "Cleanup", Time since last: 10000706130 ns, Reaching safepoint: 127903 ns, At safepoint: 10700 ns, Total: 138603 ns
[1267.156s][info ][safepoint      ] Safepoint "Cleanup", Time since last: 6999933027 ns, Reaching safepoint: 125303 ns, At safepoint: 14700 ns, Total: 140003 ns
[1268.156s][info ][safepoint      ] Safepoint "Cleanup", Time since last: 1000097263 ns, Reaching safepoint: 125702 ns, At safepoint: 5900 ns, Total: 131602 ns
[1270.156s][info ][safepoint      ] Safepoint "Cleanup", Time since last: 2000177126 ns, Reaching safepoint: 139503 ns, At safepoint: 8600 ns, Total: 148103 ns
[1271.156s][info ][safepoint      ] Safepoint "Cleanup", Time since last: 1000114263 ns, Reaching safepoint: 128802 ns, At safepoint: 9201 ns, Total: 138003 ns
[1274.157s][info ][safepoint      ] Safepoint "Cleanup", Time since last: 3000257187 ns, Reaching safepoint: 125202 ns, At safepoint: 11501 ns, Total: 136703 ns
[1275.157s][info ][safepoint      ] Safepoint "Cleanup", Time since last: 1000110263 ns, Reaching safepoint: 195703 ns, At safepoint: 10301 ns, Total: 206004 ns
[1275.342s][info ][gc,start       ] GC(170) Pause Young (Allocation Failure)
[1275.362s][debug][gc,phases      ] GC(170) Scavenge 20.196ms
[1275.362s][debug][gc,ref         ] GC(170) Skipped phase 1 of Reference Processing: no references
[1275.362s][debug][gc,ref         ] GC(170) ReferenceProcessor::execute queues: 1, RefProcThreadModel::Single, marks_oops_alive: false
[1275.362s][debug][gc,ref         ] GC(170) Skipped phase 3 of Reference Processing: no references
[1275.362s][debug][gc,ref         ] GC(170) ReferenceProcessor::execute queues: 1, RefProcThreadModel::Single, marks_oops_alive: false
[1275.362s][debug][gc,phases      ] GC(170) Reference Processing 0.143ms
[1275.363s][debug][gc,phases      ] GC(170)   VM Weak                        Min:  0.0, Avg:  0.0, Max:  0.0, Diff:  0.0, Sum:  0.0, Workers: 4
[1275.363s][debug][gc,phases      ] GC(170)     Dead                           Min: 0, Avg:  0.0, Max: 0, Diff: 0, Sum: 0, Workers: 4
[1275.363s][debug][gc,phases      ] GC(170)     Total                          Min: 0, Avg: 171.2, Max: 685, Diff: 685, Sum: 685, Workers: 4
[1275.363s][debug][gc,phases      ] GC(170)   ObjectSynchronizer Weak        Min:  0.0, Avg:  0.0, Max:  0.0, Diff:  0.0, Sum:  0.0, Workers: 4
[1275.363s][debug][gc,phases      ] GC(170)     Dead                           Min: 0, Avg:  0.0, Max: 0, Diff: 0, Sum: 0, Workers: 4
[1275.363s][debug][gc,phases      ] GC(170)     Total                          Min: 0, Avg: 104.0, Max: 192, Diff: 192, Sum: 416, Workers: 4
[1275.363s][debug][gc,phases      ] GC(170)   JVMTI Tag Weak OopStorage      Min:  0.0, Avg:  0.0, Max:  0.0, Diff:  0.0, Sum:  0.0, Workers: 4
[1275.363s][debug][gc,phases      ] GC(170)     Dead                           Min: 0, Avg:  0.0, Max: 0, Diff: 0, Sum: 0, Workers: 4
[1275.363s][debug][gc,phases      ] GC(170)     Total                          Min: 0, Avg:  0.0, Max: 0, Diff: 0, Sum: 0, Workers: 4
[1275.363s][debug][gc,phases      ] GC(170)   StringTable Weak               Min:  0.1, Avg:  0.1, Max:  0.1, Diff:  0.0, Sum:  0.4, Workers: 4
[1275.363s][debug][gc,phases      ] GC(170)     Dead                           Min: 0, Avg:  0.2, Max: 1, Diff: 1, Sum: 1, Workers: 4
[1275.363s][debug][gc,phases      ] GC(170)     Total                          Min: 11520, Avg: 11977.5, Max: 12198, Diff: 678, Sum: 47910, Workers: 4
[1275.363s][debug][gc,phases      ] GC(170)   ResolvedMethodTable Weak       Min:  0.0, Avg:  0.0, Max:  0.0, Diff:  0.0, Sum:  0.1, Workers: 4
[1275.363s][debug][gc,phases      ] GC(170)     Dead                           Min: 0, Avg:  0.0, Max: 0, Diff: 0, Sum: 0, Workers: 4
[1275.363s][debug][gc,phases      ] GC(170)     Total                          Min: 1856, Avg: 2077.2, Max: 2176, Diff: 320, Sum: 8309, Workers: 4
[1275.363s][debug][gc,phases      ] GC(170)   JNI Weak                       Min:  0.0, Avg:  0.0, Max:  0.0, Diff:  0.0, Sum:  0.0, Workers: 4
[1275.363s][debug][gc,phases      ] GC(170)     Dead                           Min: 0, Avg:  0.0, Max: 0, Diff: 0, Sum: 0, Workers: 4
[1275.363s][debug][gc,phases      ] GC(170)     Total                          Min: 0, Avg:  0.0, Max: 0, Diff: 0, Sum: 0, Workers: 4
[1275.363s][debug][gc,phases      ] GC(170)   StringDedup Table Weak         Min:  0.0, Avg:  0.0, Max:  0.0, Diff:  0.0, Sum:  0.0, Workers: 4
[1275.363s][debug][gc,phases      ] GC(170)     Dead                           Min: 0, Avg:  0.0, Max: 0, Diff: 0, Sum: 0, Workers: 4
[1275.363s][debug][gc,phases      ] GC(170)     Total                          Min: 0, Avg:  0.0, Max: 0, Diff: 0, Sum: 0, Workers: 4
[1275.363s][debug][gc,phases      ] GC(170)   StringDedup Requests0 Weak     Min:  0.0, Avg:  0.0, Max:  0.0, Diff:  0.0, Sum:  0.0, Workers: 4
[1275.363s][debug][gc,phases      ] GC(170)     Dead                           Min: 0, Avg:  0.0, Max: 0, Diff: 0, Sum: 0, Workers: 4
[1275.363s][debug][gc,phases      ] GC(170)     Total                          Min: 0, Avg:  0.0, Max: 0, Diff: 0, Sum: 0, Workers: 4
[1275.363s][debug][gc,phases      ] GC(170)   StringDedup Requests1 Weak     Min:  0.0, Avg:  0.0, Max:  0.0, Diff:  0.0, Sum:  0.0, Workers: 4
[1275.363s][debug][gc,phases      ] GC(170)     Dead                           Min: 0, Avg:  0.0, Max: 0, Diff: 0, Sum: 0, Workers: 4
[1275.363s][debug][gc,phases      ] GC(170)     Total                          Min: 0, Avg:  0.0, Max: 0, Diff: 0, Sum: 0, Workers: 4
[1275.363s][debug][gc,phases      ] GC(170)   Weak JFR Old Object Samples    Min:  0.0, Avg:  0.0, Max:  0.0, Diff:  0.0, Sum:  0.0, Workers: 4
[1275.363s][debug][gc,phases      ] GC(170)     Dead                           Min: 0, Avg:  0.0, Max: 0, Diff: 0, Sum: 0, Workers: 4
[1275.363s][debug][gc,phases      ] GC(170)     Total                          Min: 0, Avg:  0.0, Max: 0, Diff: 0, Sum: 0, Workers: 4
[1275.363s][debug][gc,phases      ] GC(170) Weak Processing 0.343ms
[1275.363s][debug][gc,age         ] GC(170) Desired survivor size 122683392 bytes, new threshold 15 (max threshold 15)
[1275.363s][info ][gc,heap        ] GC(170) PSYoungGen: 1899212K(1976832K)->68628K(1970176K) Eden: 1860096K(1860096K)->0K(1857536K) From: 39116K(116736K)->68628K(112640K)
[1275.363s][info ][gc,heap        ] GC(170) ParOldGen: 496547K(631296K)->496771K(631296K)
[1275.363s][info ][gc,metaspace   ] GC(170) Metaspace: 83006K(83840K)->83006K(83840K) NonClass: 71419K(71872K)->71419K(71872K) Class: 11587K(11968K)->11587K(11968K)
[1275.363s][info ][gc             ] GC(170) Pause Young (Allocation Failure) 2339M->552M(2540M) 20.830ms
[1275.363s][info ][gc,cpu         ] GC(170) User=0.09s Sys=0.00s Real=0.03s
[1275.363s][info ][safepoint      ] Safepoint "ParallelGCFailedAllocation", Time since last: 184619511 ns, Reaching safepoint: 123802 ns, At safepoint: 20924610 ns, Total: 21048412 ns
[1276.404s][info ][gc,start       ] GC(171) Pause Young (Allocation Failure)
[1276.431s][debug][gc,phases      ] GC(171) Scavenge 27.287ms
[1276.431s][debug][gc,ref         ] GC(171) Skipped phase 1 of Reference Processing: no references
[1276.431s][debug][gc,ref         ] GC(171) ReferenceProcessor::execute queues: 1, RefProcThreadModel::Single, marks_oops_alive: false
[1276.431s][debug][gc,ref         ] GC(171) Skipped phase 3 of Reference Processing: no references
[1276.431s][debug][gc,ref         ] GC(171) ReferenceProcessor::execute queues: 1, RefProcThreadModel::Single, marks_oops_alive: false
[1276.431s][debug][gc,phases      ] GC(171) Reference Processing 0.140ms
[1276.431s][debug][gc,phases      ] GC(171)   VM Weak                        Min:  0.0, Avg:  0.0, Max:  0.0, Diff:  0.0, Sum:  0.0, Workers: 4
[1276.431s][debug][gc,phases      ] GC(171)     Dead                           Min: 0, Avg:  0.0, Max: 0, Diff: 0, Sum: 0, Workers: 4
[1276.431s][debug][gc,phases      ] GC(171)     Total                          Min: 0, Avg: 171.2, Max: 685, Diff: 685, Sum: 685, Workers: 4
[1276.431s][debug][gc,phases      ] GC(171)   ObjectSynchronizer Weak        Min:  0.0, Avg:  0.0, Max:  0.0, Diff:  0.0, Sum:  0.0, Workers: 4
[1276.431s][debug][gc,phases      ] GC(171)     Dead                           Min: 0, Avg:  0.0, Max: 0, Diff: 0, Sum: 0, Workers: 4
[1276.431s][debug][gc,phases      ] GC(171)     Total                          Min: 0, Avg: 104.0, Max: 256, Diff: 256, Sum: 416, Workers: 4
[1276.431s][debug][gc,phases      ] GC(171)   JVMTI Tag Weak OopStorage      Min:  0.0, Avg:  0.0, Max:  0.0, Diff:  0.0, Sum:  0.0, Workers: 4
[1276.431s][debug][gc,phases      ] GC(171)     Dead                           Min: 0, Avg:  0.0, Max: 0, Diff: 0, Sum: 0, Workers: 4
[1276.431s][debug][gc,phases      ] GC(171)     Total                          Min: 0, Avg:  0.0, Max: 0, Diff: 0, Sum: 0, Workers: 4
[1276.431s][debug][gc,phases      ] GC(171)   StringTable Weak               Min:  0.1, Avg:  0.1, Max:  0.1, Diff:  0.0, Sum:  0.4, Workers: 4
[1276.432s][debug][gc,phases      ] GC(171)     Dead                           Min: 0, Avg:  0.0, Max: 0, Diff: 0, Sum: 0, Workers: 4
[1276.432s][debug][gc,phases      ] GC(171)     Total                          Min: 10155, Avg: 11978.8, Max: 13248, Diff: 3093, Sum: 47915, Workers: 4
[1276.432s][debug][gc,phases      ] GC(171)   ResolvedMethodTable Weak       Min:  0.0, Avg:  0.0, Max:  0.0, Diff:  0.0, Sum:  0.1, Workers: 4
[1276.432s][debug][gc,phases      ] GC(171)     Dead                           Min: 0, Avg:  1.2, Max: 5, Diff: 5, Sum: 5, Workers: 4
[1276.432s][debug][gc,phases      ] GC(171)     Total                          Min: 1856, Avg: 2078.8, Max: 2176, Diff: 320, Sum: 8315, Workers: 4
[1276.432s][debug][gc,phases      ] GC(171)   JNI Weak                       Min:  0.0, Avg:  0.0, Max:  0.0, Diff:  0.0, Sum:  0.0, Workers: 4
[1276.432s][debug][gc,phases      ] GC(171)     Dead                           Min: 0, Avg:  0.0, Max: 0, Diff: 0, Sum: 0, Workers: 4
[1276.432s][debug][gc,phases      ] GC(171)     Total                          Min: 0, Avg:  3.2, Max: 13, Diff: 13, Sum: 13, Workers: 4
[1276.432s][debug][gc,phases      ] GC(171)   StringDedup Table Weak         Min:  0.0, Avg:  0.0, Max:  0.0, Diff:  0.0, Sum:  0.0, Workers: 4
[1276.432s][debug][gc,phases      ] GC(171)     Dead                           Min: 0, Avg:  0.0, Max: 0, Diff: 0, Sum: 0, Workers: 4
[1276.432s][debug][gc,phases      ] GC(171)     Total                          Min: 0, Avg:  0.0, Max: 0, Diff: 0, Sum: 0, Workers: 4
[1276.432s][debug][gc,phases      ] GC(171)   StringDedup Requests0 Weak     Min:  0.0, Avg:  0.0, Max:  0.0, Diff:  0.0, Sum:  0.0, Workers: 4
[1276.432s][debug][gc,phases      ] GC(171)     Dead                           Min: 0, Avg:  0.0, Max: 0, Diff: 0, Sum: 0, Workers: 4
[1276.432s][debug][gc,phases      ] GC(171)     Total                          Min: 0, Avg:  0.0, Max: 0, Diff: 0, Sum: 0, Workers: 4
[1276.432s][debug][gc,phases      ] GC(171)   StringDedup Requests1 Weak     Min:  0.0, Avg:  0.0, Max:  0.0, Diff:  0.0, Sum:  0.0, Workers: 4
[1276.432s][debug][gc,phases      ] GC(171)     Dead                           Min: 0, Avg:  0.0, Max: 0, Diff: 0, Sum: 0, Workers: 4
[1276.432s][debug][gc,phases      ] GC(171)     Total                          Min: 0, Avg:  0.0, Max: 0, Diff: 0, Sum: 0, Workers: 4
[1276.432s][debug][gc,phases      ] GC(171)   Weak JFR Old Object Samples    Min:  0.0, Avg:  0.0, Max:  0.0, Diff:  0.0, Sum:  0.0, Workers: 4
[1276.432s][debug][gc,phases      ] GC(171)     Dead                           Min: 0, Avg:  0.0, Max: 0, Diff: 0, Sum: 0, Workers: 4
[1276.432s][debug][gc,phases      ] GC(171)     Total                          Min: 0, Avg:  0.0, Max: 0, Diff: 0, Sum: 0, Workers: 4
[1276.432s][debug][gc,phases      ] GC(171) Weak Processing 0.334ms
[1276.432s][debug][gc,age         ] GC(171) Desired survivor size 134742016 bytes, new threshold 15 (max threshold 15)
[1276.432s][info ][gc,heap        ] GC(171) PSYoungGen: 1926164K(1970176K)->85604K(1943552K) Eden: 1857536K(1857536K)->0K(1857536K) From: 68628K(112640K)->85604K(86016K)
[1276.432s][info ][gc,heap        ] GC(171) ParOldGen: 496771K(631296K)->496899K(631296K)
[1276.432s][info ][gc,metaspace   ] GC(171) Metaspace: 83024K(83840K)->83024K(83840K) NonClass: 71432K(71872K)->71432K(71872K) Class: 11591K(11968K)->11591K(11968K)
[1276.432s][info ][gc             ] GC(171) Pause Young (Allocation Failure) 2366M->568M(2514M) 27.894ms
[1276.432s][info ][gc,cpu         ] GC(171) User=0.12s Sys=0.01s Real=0.03s
[1276.432s][info ][safepoint      ] Safepoint "ParallelGCFailedAllocation", Time since last: 1040709057 ns, Reaching safepoint: 215304 ns, At safepoint: 27998847 ns, Total: 28214151 ns
[1277.432s][info ][safepoint      ] Safepoint "Cleanup", Time since last: 1000087063 ns, Reaching safepoint: 104002 ns, At safepoint: 9900 ns, Total: 113902 ns
[1278.432s][info ][safepoint      ] Safepoint "Cleanup", Time since last: 1000114763 ns, Reaching safepoint: 65701 ns, At safepoint: 8500 ns, Total: 74201 ns
[1279.432s][info ][safepoint      ] Safepoint "Cleanup", Time since last: 1000121463 ns, Reaching safepoint: 76402 ns, At safepoint: 8200 ns, Total: 84602 ns
[1280.432s][info ][safepoint      ] Safepoint "Cleanup", Time since last: 1000099162 ns, Reaching safepoint: 48501 ns, At safepoint: 4700 ns, Total: 53201 ns
[1281.433s][info ][safepoint      ] Safepoint "Cleanup", Time since last: 1000101063 ns, Reaching safepoint: 60501 ns, At safepoint: 6300 ns, Total: 66801 ns
[1282.433s][info ][safepoint      ] Safepoint "Cleanup", Time since last: 1000105862 ns, Reaching safepoint: 63902 ns, At safepoint: 14000 ns, Total: 77902 ns
[1283.433s][info ][safepoint      ] Safepoint "Cleanup", Time since last: 1000112962 ns, Reaching safepoint: 46001 ns, At safepoint: 8801 ns, Total: 54802 ns
[1284.433s][info ][safepoint      ] Safepoint "Cleanup", Time since last: 1000108762 ns, Reaching safepoint: 56301 ns, At safepoint: 5800 ns, Total: 62101 ns
[1286.218s][info ][safepoint      ] Safepoint "Cleanup", Time since last: 1784497005 ns, Reaching safepoint: 120503 ns, At safepoint: 8900 ns, Total: 129403 ns
[1287.218s][info ][safepoint      ] Safepoint "Cleanup", Time since last: 1000157263 ns, Reaching safepoint: 50001 ns, At safepoint: 13500 ns, Total: 63501 ns
[1289.218s][info ][safepoint      ] Safepoint "Cleanup", Time since last: 2000155624 ns, Reaching safepoint: 139502 ns, At safepoint: 9400 ns, Total: 148902 ns
[1289.570s][info ][gc,start       ] GC(172) Pause Young (Allocation Failure)
[1289.598s][debug][gc,phases      ] GC(172) Scavenge 28.301ms
[1289.598s][debug][gc,ref         ] GC(172) Skipped phase 1 of Reference Processing: no references
[1289.598s][debug][gc,ref         ] GC(172) ReferenceProcessor::execute queues: 1, RefProcThreadModel::Single, marks_oops_alive: false
[1289.598s][debug][gc,ref         ] GC(172) Skipped phase 3 of Reference Processing: no references
[1289.598s][debug][gc,ref         ] GC(172) ReferenceProcessor::execute queues: 1, RefProcThreadModel::Single, marks_oops_alive: false
[1289.598s][debug][gc,phases      ] GC(172) Reference Processing 0.136ms
[1289.598s][debug][gc,phases      ] GC(172)   VM Weak                        Min:  0.0, Avg:  0.0, Max:  0.0, Diff:  0.0, Sum:  0.0, Workers: 4
[1289.598s][debug][gc,phases      ] GC(172)     Dead                           Min: 0, Avg:  0.0, Max: 0, Diff: 0, Sum: 0, Workers: 4
[1289.598s][debug][gc,phases      ] GC(172)     Total                          Min: 0, Avg: 171.2, Max: 640, Diff: 640, Sum: 685, Workers: 4
[1289.599s][debug][gc,phases      ] GC(172)   ObjectSynchronizer Weak        Min:  0.0, Avg:  0.0, Max:  0.0, Diff:  0.0, Sum:  0.0, Workers: 4
[1289.599s][debug][gc,phases      ] GC(172)     Dead                           Min: 0, Avg:  0.0, Max: 0, Diff: 0, Sum: 0, Workers: 4
[1289.599s][debug][gc,phases      ] GC(172)     Total                          Min: 0, Avg: 104.2, Max: 192, Diff: 192, Sum: 417, Workers: 4
[1289.599s][debug][gc,phases      ] GC(172)   JVMTI Tag Weak OopStorage      Min:  0.0, Avg:  0.0, Max:  0.0, Diff:  0.0, Sum:  0.0, Workers: 4
[1289.599s][debug][gc,phases      ] GC(172)     Dead                           Min: 0, Avg:  0.0, Max: 0, Diff: 0, Sum: 0, Workers: 4
[1289.599s][debug][gc,phases      ] GC(172)     Total                          Min: 0, Avg:  0.0, Max: 0, Diff: 0, Sum: 0, Workers: 4
[1289.599s][debug][gc,phases      ] GC(172)   StringTable Weak               Min:  0.1, Avg:  0.1, Max:  0.1, Diff:  0.0, Sum:  0.5, Workers: 4
[1289.599s][debug][gc,phases      ] GC(172)     Dead                           Min: 0, Avg:  0.2, Max: 1, Diff: 1, Sum: 1, Workers: 4
[1289.599s][debug][gc,phases      ] GC(172)     Total                          Min: 11520, Avg: 11983.5, Max: 12224, Diff: 704, Sum: 47934, Workers: 4
[1289.599s][debug][gc,phases      ] GC(172)   ResolvedMethodTable Weak       Min:  0.0, Avg:  0.0, Max:  0.0, Diff:  0.0, Sum:  0.1, Workers: 4
[1289.599s][debug][gc,phases      ] GC(172)     Dead                           Min: 0, Avg:  0.0, Max: 0, Diff: 0, Sum: 0, Workers: 4
[1289.599s][debug][gc,phases      ] GC(172)     Total                          Min: 1792, Avg: 2079.2, Max: 2237, Diff: 445, Sum: 8317, Workers: 4
[1289.599s][debug][gc,phases      ] GC(172)   JNI Weak                       Min:  0.0, Avg:  0.0, Max:  0.0, Diff:  0.0, Sum:  0.0, Workers: 4
[1289.599s][debug][gc,phases      ] GC(172)     Dead                           Min: 0, Avg:  0.0, Max: 0, Diff: 0, Sum: 0, Workers: 4
[1289.599s][debug][gc,phases      ] GC(172)     Total                          Min: 0, Avg:  1.5, Max: 6, Diff: 6, Sum: 6, Workers: 4
[1289.599s][debug][gc,phases      ] GC(172)   StringDedup Table Weak         Min:  0.0, Avg:  0.0, Max:  0.0, Diff:  0.0, Sum:  0.0, Workers: 4
[1289.599s][debug][gc,phases      ] GC(172)     Dead                           Min: 0, Avg:  0.0, Max: 0, Diff: 0, Sum: 0, Workers: 4
[1289.599s][debug][gc,phases      ] GC(172)     Total                          Min: 0, Avg:  0.0, Max: 0, Diff: 0, Sum: 0, Workers: 4
[1289.599s][debug][gc,phases      ] GC(172)   StringDedup Requests0 Weak     Min:  0.0, Avg:  0.0, Max:  0.0, Diff:  0.0, Sum:  0.0, Workers: 4
[1289.599s][debug][gc,phases      ] GC(172)     Dead                           Min: 0, Avg:  0.0, Max: 0, Diff: 0, Sum: 0, Workers: 4
[1289.599s][debug][gc,phases      ] GC(172)     Total                          Min: 0, Avg:  0.0, Max: 0, Diff: 0, Sum: 0, Workers: 4
[1289.599s][debug][gc,phases      ] GC(172)   StringDedup Requests1 Weak     Min:  0.0, Avg:  0.0, Max:  0.0, Diff:  0.0, Sum:  0.0, Workers: 4
[1289.599s][debug][gc,phases      ] GC(172)     Dead                           Min: 0, Avg:  0.0, Max: 0, Diff: 0, Sum: 0, Workers: 4
[1289.599s][debug][gc,phases      ] GC(172)     Total                          Min: 0, Avg:  0.0, Max: 0, Diff: 0, Sum: 0, Workers: 4
[1289.599s][debug][gc,phases      ] GC(172)   Weak JFR Old Object Samples    Min:  0.0, Avg:  0.0, Max:  0.0, Diff:  0.0, Sum:  0.0, Workers: 4
[1289.599s][debug][gc,phases      ] GC(172)     Dead                           Min: 0, Avg:  0.0, Max: 0, Diff: 0, Sum: 0, Workers: 4
[1289.599s][debug][gc,phases      ] GC(172)     Total                          Min: 0, Avg:  0.0, Max: 0, Diff: 0, Sum: 0, Workers: 4
[1289.599s][debug][gc,phases      ] GC(172) Weak Processing 0.354ms
[1289.599s][debug][gc,age         ] GC(172) Desired survivor size 145227776 bytes, new threshold 15 (max threshold 15)
[1289.599s][info ][gc,heap        ] GC(172) PSYoungGen: 1943140K(1943552K)->89883K(1945088K) Eden: 1857536K(1857536K)->0K(1813504K) From: 85604K(86016K)->89883K(131584K)
[1289.599s][info ][gc,heap        ] GC(172) ParOldGen: 496899K(631296K)->497043K(631296K)
[1289.599s][info ][gc,metaspace   ] GC(172) Metaspace: 83067K(83904K)->83067K(83904K) NonClass: 71474K(71936K)->71474K(71936K) Class: 11593K(11968K)->11593K(11968K)
[1289.599s][info ][gc             ] GC(172) Pause Young (Allocation Failure) 2382M->573M(2516M) 28.953ms
[1289.599s][info ][gc,cpu         ] GC(172) User=0.11s Sys=0.00s Real=0.03s
[1289.599s][info ][safepoint      ] Safepoint "ParallelGCFailedAllocation", Time since last: 351351573 ns, Reaching safepoint: 54201 ns, At safepoint: 29051368 ns, Total: 29105569 ns
[1290.599s][info ][safepoint      ] Safepoint "Cleanup", Time since last: 1000089462 ns, Reaching safepoint: 67901 ns, At safepoint: 9101 ns, Total: 77002 ns
[1293.599s][info ][safepoint      ] Safepoint "Cleanup", Time since last: 3000248184 ns, Reaching safepoint: 52001 ns, At safepoint: 8500 ns, Total: 60501 ns
[1294.599s][info ][safepoint      ] Safepoint "Cleanup", Time since last: 1000118062 ns, Reaching safepoint: 75602 ns, At safepoint: 14300 ns, Total: 89902 ns
[1295.978s][info ][safepoint      ] Safepoint "Cleanup", Time since last: 1378189257 ns, Reaching safepoint: 177904 ns, At safepoint: 10200 ns, Total: 188104 ns
[1298.978s][info ][safepoint      ] Safepoint "Cleanup", Time since last: 3000250484 ns, Reaching safepoint: 77901 ns, At safepoint: 12601 ns, Total: 90502 ns
[1300.026s][info ][gc,start       ] GC(173) Pause Young (Allocation Failure)
[1300.047s][debug][gc,phases      ] GC(173) Scavenge 21.244ms
[1300.047s][debug][gc,ref         ] GC(173) Skipped phase 1 of Reference Processing: no references
[1300.047s][debug][gc,ref         ] GC(173) ReferenceProcessor::execute queues: 1, RefProcThreadModel::Single, marks_oops_alive: false
[1300.047s][debug][gc,ref         ] GC(173) Skipped phase 3 of Reference Processing: no references
[1300.047s][debug][gc,ref         ] GC(173) ReferenceProcessor::execute queues: 1, RefProcThreadModel::Single, marks_oops_alive: false
[1300.047s][debug][gc,phases      ] GC(173) Reference Processing 0.142ms
[1300.047s][debug][gc,phases      ] GC(173)   VM Weak                        Min:  0.0, Avg:  0.0, Max:  0.0, Diff:  0.0, Sum:  0.0, Workers: 4
[1300.047s][debug][gc,phases      ] GC(173)     Dead                           Min: 0, Avg:  0.0, Max: 0, Diff: 0, Sum: 0, Workers: 4
[1300.047s][debug][gc,phases      ] GC(173)     Total                          Min: 0, Avg: 173.0, Max: 640, Diff: 640, Sum: 692, Workers: 4
[1300.047s][debug][gc,phases      ] GC(173)   ObjectSynchronizer Weak        Min:  0.0, Avg:  0.0, Max:  0.0, Diff:  0.0, Sum:  0.0, Workers: 4
[1300.047s][debug][gc,phases      ] GC(173)     Dead                           Min: 0, Avg:  0.0, Max: 0, Diff: 0, Sum: 0, Workers: 4
[1300.047s][debug][gc,phases      ] GC(173)     Total                          Min: 0, Avg: 104.2, Max: 320, Diff: 320, Sum: 417, Workers: 4
[1300.047s][debug][gc,phases      ] GC(173)   JVMTI Tag Weak OopStorage      Min:  0.0, Avg:  0.0, Max:  0.0, Diff:  0.0, Sum:  0.0, Workers: 4
[1300.047s][debug][gc,phases      ] GC(173)     Dead                           Min: 0, Avg:  0.0, Max: 0, Diff: 0, Sum: 0, Workers: 4
[1300.047s][debug][gc,phases      ] GC(173)     Total                          Min: 0, Avg:  0.0, Max: 0, Diff: 0, Sum: 0, Workers: 4
[1300.047s][debug][gc,phases      ] GC(173)   StringTable Weak               Min:  0.1, Avg:  0.1, Max:  0.1, Diff:  0.0, Sum:  0.5, Workers: 4
[1300.047s][debug][gc,phases      ] GC(173)     Dead                           Min: 0, Avg:  0.8, Max: 2, Diff: 2, Sum: 3, Workers: 4
[1300.047s][debug][gc,phases      ] GC(173)     Total                          Min: 11584, Avg: 11987.5, Max: 12928, Diff: 1344, Sum: 47950, Workers: 4
[1300.047s][debug][gc,phases      ] GC(173)   ResolvedMethodTable Weak       Min:  0.0, Avg:  0.0, Max:  0.0, Diff:  0.0, Sum:  0.1, Workers: 4
[1300.047s][debug][gc,phases      ] GC(173)     Dead                           Min: 0, Avg:  0.0, Max: 0, Diff: 0, Sum: 0, Workers: 4
[1300.047s][debug][gc,phases      ] GC(173)     Total                          Min: 1820, Avg: 2087.0, Max: 2304, Diff: 484, Sum: 8348, Workers: 4
[1300.047s][debug][gc,phases      ] GC(173)   JNI Weak                       Min:  0.0, Avg:  0.0, Max:  0.0, Diff:  0.0, Sum:  0.0, Workers: 4
[1300.047s][debug][gc,phases      ] GC(173)     Dead                           Min: 0, Avg:  0.0, Max: 0, Diff: 0, Sum: 0, Workers: 4
[1300.047s][debug][gc,phases      ] GC(173)     Total                          Min: 0, Avg:  0.0, Max: 0, Diff: 0, Sum: 0, Workers: 4
[1300.047s][debug][gc,phases      ] GC(173)   StringDedup Table Weak         Min:  0.0, Avg:  0.0, Max:  0.0, Diff:  0.0, Sum:  0.0, Workers: 4
[1300.047s][debug][gc,phases      ] GC(173)     Dead                           Min: 0, Avg:  0.0, Max: 0, Diff: 0, Sum: 0, Workers: 4
[1300.047s][debug][gc,phases      ] GC(173)     Total                          Min: 0, Avg:  0.0, Max: 0, Diff: 0, Sum: 0, Workers: 4
[1300.047s][debug][gc,phases      ] GC(173)   StringDedup Requests0 Weak     Min:  0.0, Avg:  0.0, Max:  0.0, Diff:  0.0, Sum:  0.0, Workers: 4
[1300.047s][debug][gc,phases      ] GC(173)     Dead                           Min: 0, Avg:  0.0, Max: 0, Diff: 0, Sum: 0, Workers: 4
[1300.047s][debug][gc,phases      ] GC(173)     Total                          Min: 0, Avg:  0.0, Max: 0, Diff: 0, Sum: 0, Workers: 4
[1300.047s][debug][gc,phases      ] GC(173)   StringDedup Requests1 Weak     Min:  0.0, Avg:  0.0, Max:  0.0, Diff:  0.0, Sum:  0.0, Workers: 4
[1300.047s][debug][gc,phases      ] GC(173)     Dead                           Min: 0, Avg:  0.0, Max: 0, Diff: 0, Sum: 0, Workers: 4
[1300.048s][debug][gc,phases      ] GC(173)     Total                          Min: 0, Avg:  0.0, Max: 0, Diff: 0, Sum: 0, Workers: 4
[1300.048s][debug][gc,phases      ] GC(173)   Weak JFR Old Object Samples    Min:  0.0, Avg:  0.0, Max:  0.0, Diff:  0.0, Sum:  0.0, Workers: 4
[1300.048s][debug][gc,phases      ] GC(173)     Dead                           Min: 0, Avg:  0.0, Max: 0, Diff: 0, Sum: 0, Workers: 4
[1300.048s][debug][gc,phases      ] GC(173)     Total                          Min: 0, Avg:  0.0, Max: 0, Diff: 0, Sum: 0, Workers: 4
[1300.048s][debug][gc,phases      ] GC(173) Weak Processing 0.353ms
[1300.048s][debug][gc,age         ] GC(173) Desired survivor size 147849216 bytes, new threshold 15 (max threshold 15)
[1300.048s][info ][gc,heap        ] GC(173) PSYoungGen: 1903387K(1945088K)->75259K(1888768K) Eden: 1813504K(1813504K)->0K(1813504K) From: 89883K(131584K)->75259K(75264K)
[1300.048s][info ][gc,heap        ] GC(173) ParOldGen: 497043K(631296K)->497099K(631296K)
[1300.048s][info ][gc,metaspace   ] GC(173) Metaspace: 83143K(83968K)->83143K(83968K) NonClass: 71533K(72000K)->71533K(72000K) Class: 11609K(11968K)->11609K(11968K)
[1300.048s][info ][gc             ] GC(173) Pause Young (Allocation Failure) 2344M->558M(2461M) 21.896ms
[1300.048s][info ][gc,cpu         ] GC(173) User=0.09s Sys=0.00s Real=0.02s
[1300.048s][info ][safepoint      ] Safepoint "ParallelGCFailedAllocation", Time since last: 1047438787 ns, Reaching safepoint: 55601 ns, At safepoint: 21979230 ns, Total: 22034831 ns
[1301.048s][info ][safepoint      ] Safepoint "Cleanup", Time since last: 1000085661 ns, Reaching safepoint: 61902 ns, At safepoint: 10100 ns, Total: 72002 ns
[1302.048s][info ][safepoint      ] Safepoint "Cleanup", Time since last: 1000112562 ns, Reaching safepoint: 116802 ns, At safepoint: 10000 ns, Total: 126802 ns
[1303.048s][info ][safepoint      ] Safepoint "Cleanup", Time since last: 1000112562 ns, Reaching safepoint: 50401 ns, At safepoint: 8600 ns, Total: 59001 ns
[1304.048s][info ][safepoint      ] Safepoint "Cleanup", Time since last: 1000110761 ns, Reaching safepoint: 53601 ns, At safepoint: 2801 ns, Total: 56402 ns
[1304.830s][info ][gc,start       ] GC(174) Pause Young (Allocation Failure)
[1304.853s][debug][gc,phases      ] GC(174) Scavenge 22.916ms
[1304.853s][debug][gc,ref         ] GC(174) Skipped phase 1 of Reference Processing: no references
[1304.853s][debug][gc,ref         ] GC(174) ReferenceProcessor::execute queues: 1, RefProcThreadModel::Single, marks_oops_alive: false
[1304.853s][debug][gc,ref         ] GC(174) Skipped phase 3 of Reference Processing: no references
[1304.853s][debug][gc,ref         ] GC(174) ReferenceProcessor::execute queues: 1, RefProcThreadModel::Single, marks_oops_alive: false
[1304.853s][debug][gc,phases      ] GC(174) Reference Processing 0.153ms
[1304.853s][debug][gc,phases      ] GC(174)   VM Weak                        Min:  0.0, Avg:  0.0, Max:  0.0, Diff:  0.0, Sum:  0.0, Workers: 4
[1304.853s][debug][gc,phases      ] GC(174)     Dead                           Min: 0, Avg:  0.0, Max: 0, Diff: 0, Sum: 0, Workers: 4
[1304.853s][debug][gc,phases      ] GC(174)     Total                          Min: 0, Avg: 173.0, Max: 692, Diff: 692, Sum: 692, Workers: 4
[1304.853s][debug][gc,phases      ] GC(174)   ObjectSynchronizer Weak        Min:  0.0, Avg:  0.0, Max:  0.0, Diff:  0.0, Sum:  0.0, Workers: 4
[1304.853s][debug][gc,phases      ] GC(174)     Dead                           Min: 0, Avg:  0.0, Max: 0, Diff: 0, Sum: 0, Workers: 4
[1304.853s][debug][gc,phases      ] GC(174)     Total                          Min: 0, Avg: 104.2, Max: 161, Diff: 161, Sum: 417, Workers: 4
[1304.853s][debug][gc,phases      ] GC(174)   JVMTI Tag Weak OopStorage      Min:  0.0, Avg:  0.0, Max:  0.0, Diff:  0.0, Sum:  0.0, Workers: 4
[1304.853s][debug][gc,phases      ] GC(174)     Dead                           Min: 0, Avg:  0.0, Max: 0, Diff: 0, Sum: 0, Workers: 4
[1304.853s][debug][gc,phases      ] GC(174)     Total                          Min: 0, Avg:  0.0, Max: 0, Diff: 0, Sum: 0, Workers: 4
[1304.853s][debug][gc,phases      ] GC(174)   StringTable Weak               Min:  0.1, Avg:  0.1, Max:  0.1, Diff:  0.0, Sum:  0.4, Workers: 4
[1304.853s][debug][gc,phases      ] GC(174)     Dead                           Min: 0, Avg:  0.0, Max: 0, Diff: 0, Sum: 0, Workers: 4
[1304.853s][debug][gc,phases      ] GC(174)     Total                          Min: 11008, Avg: 11988.8, Max: 12928, Diff: 1920, Sum: 47955, Workers: 4
[1304.853s][debug][gc,phases      ] GC(174)   ResolvedMethodTable Weak       Min:  0.0, Avg:  0.0, Max:  0.0, Diff:  0.0, Sum:  0.1, Workers: 4
[1304.853s][debug][gc,phases      ] GC(174)     Dead                           Min: 0, Avg:  0.0, Max: 0, Diff: 0, Sum: 0, Workers: 4
[1304.853s][debug][gc,phases      ] GC(174)     Total                          Min: 1884, Avg: 2087.0, Max: 2176, Diff: 292, Sum: 8348, Workers: 4
[1304.853s][debug][gc,phases      ] GC(174)   JNI Weak                       Min:  0.0, Avg:  0.0, Max:  0.0, Diff:  0.0, Sum:  0.0, Workers: 4
[1304.853s][debug][gc,phases      ] GC(174)     Dead                           Min: 0, Avg:  0.0, Max: 0, Diff: 0, Sum: 0, Workers: 4
[1304.853s][debug][gc,phases      ] GC(174)     Total                          Min: 0, Avg:  0.0, Max: 0, Diff: 0, Sum: 0, Workers: 4
[1304.853s][debug][gc,phases      ] GC(174)   StringDedup Table Weak         Min:  0.0, Avg:  0.0, Max:  0.0, Diff:  0.0, Sum:  0.0, Workers: 4
[1304.853s][debug][gc,phases      ] GC(174)     Dead                           Min: 0, Avg:  0.0, Max: 0, Diff: 0, Sum: 0, Workers: 4
[1304.853s][debug][gc,phases      ] GC(174)     Total                          Min: 0, Avg:  0.0, Max: 0, Diff: 0, Sum: 0, Workers: 4
[1304.853s][debug][gc,phases      ] GC(174)   StringDedup Requests0 Weak     Min:  0.0, Avg:  0.0, Max:  0.0, Diff:  0.0, Sum:  0.0, Workers: 4
[1304.853s][debug][gc,phases      ] GC(174)     Dead                           Min: 0, Avg:  0.0, Max: 0, Diff: 0, Sum: 0, Workers: 4
[1304.853s][debug][gc,phases      ] GC(174)     Total                          Min: 0, Avg:  0.0, Max: 0, Diff: 0, Sum: 0, Workers: 4
[1304.853s][debug][gc,phases      ] GC(174)   StringDedup Requests1 Weak     Min:  0.0, Avg:  0.0, Max:  0.0, Diff:  0.0, Sum:  0.0, Workers: 4
[1304.853s][debug][gc,phases      ] GC(174)     Dead                           Min: 0, Avg:  0.0, Max: 0, Diff: 0, Sum: 0, Workers: 4
[1304.853s][debug][gc,phases      ] GC(174)     Total                          Min: 0, Avg:  0.0, Max: 0, Diff: 0, Sum: 0, Workers: 4
[1304.853s][debug][gc,phases      ] GC(174)   Weak JFR Old Object Samples    Min:  0.0, Avg:  0.0, Max:  0.0, Diff:  0.0, Sum:  0.0, Workers: 4
[1304.853s][debug][gc,phases      ] GC(174)     Dead                           Min: 0, Avg:  0.0, Max: 0, Diff: 0, Sum: 0, Workers: 4
[1304.853s][debug][gc,phases      ] GC(174)     Total                          Min: 0, Avg:  0.0, Max: 0, Diff: 0, Sum: 0, Workers: 4
[1304.853s][debug][gc,phases      ] GC(174) Weak Processing 0.335ms
[1304.853s][debug][gc,age         ] GC(174) Desired survivor size 154664960 bytes, new threshold 15 (max threshold 15)
[1304.853s][info ][gc,heap        ] GC(174) PSYoungGen: 1888763K(1888768K)->89348K(1939456K) Eden: 1813504K(1813504K)->0K(1795072K) From: 75259K(75264K)->89348K(144384K)
[1304.853s][info ][gc,heap        ] GC(174) ParOldGen: 497099K(631296K)->497131K(631296K)
[1304.853s][info ][gc,metaspace   ] GC(174) Metaspace: 83144K(83968K)->83144K(83968K) NonClass: 71534K(72000K)->71534K(72000K) Class: 11609K(11968K)->11609K(11968K)
[1304.853s][info ][gc             ] GC(174) Pause Young (Allocation Failure) 2329M->572M(2510M) 23.547ms
[1304.853s][info ][gc,cpu         ] GC(174) User=0.09s Sys=0.00s Real=0.03s
[1304.853s][info ][safepoint      ] Safepoint "ParallelGCFailedAllocation", Time since last: 781148078 ns, Reaching safepoint: 99002 ns, At safepoint: 23636263 ns, Total: 23735265 ns
[1305.853s][info ][safepoint      ] Safepoint "Cleanup", Time since last: 1000084761 ns, Reaching safepoint: 52401 ns, At safepoint: 7800 ns, Total: 60201 ns
[1307.854s][info ][safepoint      ] Safepoint "Cleanup", Time since last: 2000190522 ns, Reaching safepoint: 119402 ns, At safepoint: 6101 ns, Total: 125503 ns
[1308.854s][info ][safepoint      ] Safepoint "Cleanup", Time since last: 1000112861 ns, Reaching safepoint: 128702 ns, At safepoint: 9001 ns, Total: 137703 ns
[1310.854s][info ][safepoint      ] Safepoint "Cleanup", Time since last: 2000176621 ns, Reaching safepoint: 116803 ns, At safepoint: 5600 ns, Total: 122403 ns
[1311.854s][info ][safepoint      ] Safepoint "Cleanup", Time since last: 1000109961 ns, Reaching safepoint: 120602 ns, At safepoint: 6000 ns, Total: 126602 ns
[1312.855s][info ][safepoint      ] Safepoint "Cleanup", Time since last: 1000110762 ns, Reaching safepoint: 120702 ns, At safepoint: 10700 ns, Total: 131402 ns
[1313.633s][info ][gc,start       ] GC(175) Pause Young (Allocation Failure)
[1313.656s][debug][gc,phases      ] GC(175) Scavenge 22.804ms
[1313.656s][debug][gc,ref         ] GC(175) Skipped phase 1 of Reference Processing: no references
[1313.656s][debug][gc,ref         ] GC(175) ReferenceProcessor::execute queues: 1, RefProcThreadModel::Single, marks_oops_alive: false
[1313.656s][debug][gc,ref         ] GC(175) Skipped phase 3 of Reference Processing: no references
[1313.656s][debug][gc,ref         ] GC(175) ReferenceProcessor::execute queues: 1, RefProcThreadModel::Single, marks_oops_alive: false
[1313.656s][debug][gc,phases      ] GC(175) Reference Processing 0.138ms
[1313.656s][debug][gc,phases      ] GC(175)   VM Weak                        Min:  0.0, Avg:  0.0, Max:  0.0, Diff:  0.0, Sum:  0.0, Workers: 4
[1313.656s][debug][gc,phases      ] GC(175)     Dead                           Min: 0, Avg:  0.0, Max: 0, Diff: 0, Sum: 0, Workers: 4
[1313.656s][debug][gc,phases      ] GC(175)     Total                          Min: 0, Avg: 173.0, Max: 512, Diff: 512, Sum: 692, Workers: 4
[1313.656s][debug][gc,phases      ] GC(175)   ObjectSynchronizer Weak        Min:  0.0, Avg:  0.0, Max:  0.0, Diff:  0.0, Sum:  0.0, Workers: 4
[1313.656s][debug][gc,phases      ] GC(175)     Dead                           Min: 0, Avg:  0.0, Max: 0, Diff: 0, Sum: 0, Workers: 4
[1313.656s][debug][gc,phases      ] GC(175)     Total                          Min: 0, Avg: 104.2, Max: 256, Diff: 256, Sum: 417, Workers: 4
[1313.656s][debug][gc,phases      ] GC(175)   JVMTI Tag Weak OopStorage      Min:  0.0, Avg:  0.0, Max:  0.0, Diff:  0.0, Sum:  0.0, Workers: 4
[1313.656s][debug][gc,phases      ] GC(175)     Dead                           Min: 0, Avg:  0.0, Max: 0, Diff: 0, Sum: 0, Workers: 4
[1313.656s][debug][gc,phases      ] GC(175)     Total                          Min: 0, Avg:  0.0, Max: 0, Diff: 0, Sum: 0, Workers: 4
[1313.656s][debug][gc,phases      ] GC(175)   StringTable Weak               Min:  0.1, Avg:  0.1, Max:  0.1, Diff:  0.0, Sum:  0.4, Workers: 4
[1313.656s][debug][gc,phases      ] GC(175)     Dead                           Min: 0, Avg:  0.0, Max: 0, Diff: 0, Sum: 0, Workers: 4
[1313.656s][debug][gc,phases      ] GC(175)     Total                          Min: 11264, Avg: 11990.8, Max: 12288, Diff: 1024, Sum: 47963, Workers: 4
[1313.656s][debug][gc,phases      ] GC(175)   ResolvedMethodTable Weak       Min:  0.0, Avg:  0.0, Max:  0.0, Diff:  0.0, Sum:  0.1, Workers: 4
[1313.656s][debug][gc,phases      ] GC(175)     Dead                           Min: 0, Avg:  0.0, Max: 0, Diff: 0, Sum: 0, Workers: 4
[1313.656s][debug][gc,phases      ] GC(175)     Total                          Min: 1984, Avg: 2087.0, Max: 2176, Diff: 192, Sum: 8348, Workers: 4
[1313.656s][debug][gc,phases      ] GC(175)   JNI Weak                       Min:  0.0, Avg:  0.0, Max:  0.0, Diff:  0.0, Sum:  0.0, Workers: 4
[1313.656s][debug][gc,phases      ] GC(175)     Dead                           Min: 0, Avg:  0.0, Max: 0, Diff: 0, Sum: 0, Workers: 4
[1313.656s][debug][gc,phases      ] GC(175)     Total                          Min: 0, Avg:  0.0, Max: 0, Diff: 0, Sum: 0, Workers: 4
[1313.656s][debug][gc,phases      ] GC(175)   StringDedup Table Weak         Min:  0.0, Avg:  0.0, Max:  0.0, Diff:  0.0, Sum:  0.0, Workers: 4
[1313.656s][debug][gc,phases      ] GC(175)     Dead                           Min: 0, Avg:  0.0, Max: 0, Diff: 0, Sum: 0, Workers: 4
[1313.656s][debug][gc,phases      ] GC(175)     Total                          Min: 0, Avg:  0.0, Max: 0, Diff: 0, Sum: 0, Workers: 4
[1313.656s][debug][gc,phases      ] GC(175)   StringDedup Requests0 Weak     Min:  0.0, Avg:  0.0, Max:  0.0, Diff:  0.0, Sum:  0.0, Workers: 4
[1313.656s][debug][gc,phases      ] GC(175)     Dead                           Min: 0, Avg:  0.0, Max: 0, Diff: 0, Sum: 0, Workers: 4
[1313.656s][debug][gc,phases      ] GC(175)     Total                          Min: 0, Avg:  0.0, Max: 0, Diff: 0, Sum: 0, Workers: 4
[1313.656s][debug][gc,phases      ] GC(175)   StringDedup Requests1 Weak     Min:  0.0, Avg:  0.0, Max:  0.0, Diff:  0.0, Sum:  0.0, Workers: 4
[1313.656s][debug][gc,phases      ] GC(175)     Dead                           Min: 0, Avg:  0.0, Max: 0, Diff: 0, Sum: 0, Workers: 4
[1313.656s][debug][gc,phases      ] GC(175)     Total                          Min: 0, Avg:  0.0, Max: 0, Diff: 0, Sum: 0, Workers: 4
[1313.656s][debug][gc,phases      ] GC(175)   Weak JFR Old Object Samples    Min:  0.0, Avg:  0.0, Max:  0.0, Diff:  0.0, Sum:  0.0, Workers: 4
[1313.656s][debug][gc,phases      ] GC(175)     Dead                           Min: 0, Avg:  0.0, Max: 0, Diff: 0, Sum: 0, Workers: 4
[1313.656s][debug][gc,phases      ] GC(175)     Total                          Min: 0, Avg:  0.0, Max: 0, Diff: 0, Sum: 0, Workers: 4
[1313.656s][debug][gc,phases      ] GC(175) Weak Processing 0.339ms
[1313.656s][debug][gc,age         ] GC(175) Desired survivor size 160956416 bytes, new threshold 15 (max threshold 15)
[1313.656s][info ][gc,heap        ] GC(175) PSYoungGen: 1884420K(1939456K)->92563K(1887744K) Eden: 1795072K(1795072K)->0K(1795072K) From: 89348K(144384K)->92563K(92672K)
[1313.656s][info ][gc,heap        ] GC(175) ParOldGen: 497131K(631296K)->497211K(631296K)
[1313.656s][info ][gc,metaspace   ] GC(175) Metaspace: 83146K(83968K)->83146K(83968K) NonClass: 71537K(72000K)->71537K(72000K) Class: 11609K(11968K)->11609K(11968K)
[1313.656s][info ][gc             ] GC(175) Pause Young (Allocation Failure) 2325M->575M(2460M) 23.425ms
[1313.656s][info ][gc,cpu         ] GC(175) User=0.10s Sys=0.00s Real=0.02s
[1313.656s][info ][safepoint      ] Safepoint "ParallelGCFailedAllocation", Time since last: 777929716 ns, Reaching safepoint: 98602 ns, At safepoint: 23516360 ns, Total: 23614962 ns
[1314.656s][info ][safepoint      ] Safepoint "Cleanup", Time since last: 1000083660 ns, Reaching safepoint: 51601 ns, At safepoint: 3900 ns, Total: 55501 ns
[1315.657s][info ][safepoint      ] Safepoint "Cleanup", Time since last: 1000114662 ns, Reaching safepoint: 46900 ns, At safepoint: 7001 ns, Total: 53901 ns
[1316.657s][info ][safepoint      ] Safepoint "Cleanup", Time since last: 1000099160 ns, Reaching safepoint: 105703 ns, At safepoint: 8100 ns, Total: 113803 ns
[1317.657s][info ][safepoint      ] Safepoint "Cleanup", Time since last: 1000085160 ns, Reaching safepoint: 53901 ns, At safepoint: 5900 ns, Total: 59801 ns
[1320.657s][info ][safepoint      ] Safepoint "Cleanup", Time since last: 3000224581 ns, Reaching safepoint: 62601 ns, At safepoint: 5500 ns, Total: 68101 ns
[1321.657s][info ][safepoint      ] Safepoint "Cleanup", Time since last: 1000109861 ns, Reaching safepoint: 55901 ns, At safepoint: 6600 ns, Total: 62501 ns
[1322.658s][info ][safepoint      ] Safepoint "Cleanup", Time since last: 1000113961 ns, Reaching safepoint: 61601 ns, At safepoint: 9901 ns, Total: 71502 ns
[1322.990s][info ][gc,start       ] GC(176) Pause Young (Allocation Failure)
[1323.015s][debug][gc,phases      ] GC(176) Scavenge 25.300ms
[1323.015s][debug][gc,ref         ] GC(176) Skipped phase 1 of Reference Processing: no references
[1323.015s][debug][gc,ref         ] GC(176) ReferenceProcessor::execute queues: 1, RefProcThreadModel::Single, marks_oops_alive: false
[1323.015s][debug][gc,ref         ] GC(176) Skipped phase 3 of Reference Processing: no references
[1323.015s][debug][gc,ref         ] GC(176) ReferenceProcessor::execute queues: 1, RefProcThreadModel::Single, marks_oops_alive: false
[1323.015s][debug][gc,phases      ] GC(176) Reference Processing 0.151ms
[1323.016s][debug][gc,phases      ] GC(176)   VM Weak                        Min:  0.0, Avg:  0.0, Max:  0.0, Diff:  0.0, Sum:  0.0, Workers: 4
[1323.016s][debug][gc,phases      ] GC(176)     Dead                           Min: 0, Avg:  0.0, Max: 0, Diff: 0, Sum: 0, Workers: 4
[1323.016s][debug][gc,phases      ] GC(176)     Total                          Min: 0, Avg: 173.0, Max: 372, Diff: 372, Sum: 692, Workers: 4
[1323.016s][debug][gc,phases      ] GC(176)   ObjectSynchronizer Weak        Min:  0.0, Avg:  0.0, Max:  0.0, Diff:  0.0, Sum:  0.0, Workers: 4
[1323.016s][debug][gc,phases      ] GC(176)     Dead                           Min: 0, Avg:  0.0, Max: 0, Diff: 0, Sum: 0, Workers: 4
[1323.016s][debug][gc,phases      ] GC(176)     Total                          Min: 0, Avg: 104.2, Max: 192, Diff: 192, Sum: 417, Workers: 4
[1323.016s][debug][gc,phases      ] GC(176)   JVMTI Tag Weak OopStorage      Min:  0.0, Avg:  0.0, Max:  0.0, Diff:  0.0, Sum:  0.0, Workers: 4
[1323.016s][debug][gc,phases      ] GC(176)     Dead                           Min: 0, Avg:  0.0, Max: 0, Diff: 0, Sum: 0, Workers: 4
[1323.016s][debug][gc,phases      ] GC(176)     Total                          Min: 0, Avg:  0.0, Max: 0, Diff: 0, Sum: 0, Workers: 4
[1323.016s][debug][gc,phases      ] GC(176)   StringTable Weak               Min:  0.1, Avg:  0.1, Max:  0.1, Diff:  0.0, Sum:  0.5, Workers: 4
[1323.016s][debug][gc,phases      ] GC(176)     Dead                           Min: 0, Avg:  0.0, Max: 0, Diff: 0, Sum: 0, Workers: 4
[1323.016s][debug][gc,phases      ] GC(176)     Total                          Min: 11264, Avg: 11996.0, Max: 13056, Diff: 1792, Sum: 47984, Workers: 4
[1323.016s][debug][gc,phases      ] GC(176)   ResolvedMethodTable Weak       Min:  0.0, Avg:  0.0, Max:  0.0, Diff:  0.0, Sum:  0.1, Workers: 4
[1323.016s][debug][gc,phases      ] GC(176)     Dead                           Min: 0, Avg:  0.0, Max: 0, Diff: 0, Sum: 0, Workers: 4
[1323.016s][debug][gc,phases      ] GC(176)     Total                          Min: 1984, Avg: 2087.0, Max: 2176, Diff: 192, Sum: 8348, Workers: 4
[1323.016s][debug][gc,phases      ] GC(176)   JNI Weak                       Min:  0.0, Avg:  0.0, Max:  0.0, Diff:  0.0, Sum:  0.0, Workers: 4
[1323.016s][debug][gc,phases      ] GC(176)     Dead                           Min: 0, Avg:  0.0, Max: 0, Diff: 0, Sum: 0, Workers: 4
[1323.016s][debug][gc,phases      ] GC(176)     Total                          Min: 0, Avg:  0.0, Max: 0, Diff: 0, Sum: 0, Workers: 4
[1323.016s][debug][gc,phases      ] GC(176)   StringDedup Table Weak         Min:  0.0, Avg:  0.0, Max:  0.0, Diff:  0.0, Sum:  0.0, Workers: 4
[1323.016s][debug][gc,phases      ] GC(176)     Dead                           Min: 0, Avg:  0.0, Max: 0, Diff: 0, Sum: 0, Workers: 4
[1323.016s][debug][gc,phases      ] GC(176)     Total                          Min: 0, Avg:  0.0, Max: 0, Diff: 0, Sum: 0, Workers: 4
[1323.016s][debug][gc,phases      ] GC(176)   StringDedup Requests0 Weak     Min:  0.0, Avg:  0.0, Max:  0.0, Diff:  0.0, Sum:  0.0, Workers: 4
[1323.016s][debug][gc,phases      ] GC(176)     Dead                           Min: 0, Avg:  0.0, Max: 0, Diff: 0, Sum: 0, Workers: 4
[1323.016s][debug][gc,phases      ] GC(176)     Total                          Min: 0, Avg:  0.0, Max: 0, Diff: 0, Sum: 0, Workers: 4
[1323.016s][debug][gc,phases      ] GC(176)   StringDedup Requests1 Weak     Min:  0.0, Avg:  0.0, Max:  0.0, Diff:  0.0, Sum:  0.0, Workers: 4
[1323.016s][debug][gc,phases      ] GC(176)     Dead                           Min: 0, Avg:  0.0, Max: 0, Diff: 0, Sum: 0, Workers: 4
[1323.016s][debug][gc,phases      ] GC(176)     Total                          Min: 0, Avg:  0.0, Max: 0, Diff: 0, Sum: 0, Workers: 4
[1323.016s][debug][gc,phases      ] GC(176)   Weak JFR Old Object Samples    Min:  0.0, Avg:  0.0, Max:  0.0, Diff:  0.0, Sum:  0.0, Workers: 4
[1323.016s][debug][gc,phases      ] GC(176)     Dead                           Min: 0, Avg:  0.0, Max: 0, Diff: 0, Sum: 0, Workers: 4
[1323.016s][debug][gc,phases      ] GC(176)     Total                          Min: 0, Avg:  0.0, Max: 0, Diff: 0, Sum: 0, Workers: 4
[1323.016s][debug][gc,phases      ] GC(176) Weak Processing 0.336ms
[1323.016s][debug][gc,age         ] GC(176) Desired survivor size 164102144 bytes, new threshold 15 (max threshold 15)
[1323.016s][info ][gc,heap        ] GC(176) PSYoungGen: 1887635K(1887744K)->89708K(1933824K) Eden: 1795072K(1795072K)->0K(1776640K) From: 92563K(92672K)->89708K(157184K)
[1323.016s][info ][gc,heap        ] GC(176) ParOldGen: 497211K(631296K)->497243K(631296K)
[1323.016s][info ][gc,metaspace   ] GC(176) Metaspace: 83146K(83968K)->83146K(83968K) NonClass: 71537K(72000K)->71537K(72000K) Class: 11609K(11968K)->11609K(11968K)
[1323.016s][info ][gc             ] GC(176) Pause Young (Allocation Failure) 2328M->573M(2505M) 25.935ms
[1323.016s][info ][gc,cpu         ] GC(176) User=0.11s Sys=0.00s Real=0.03s
[1323.016s][info ][safepoint      ] Safepoint "ParallelGCFailedAllocation", Time since last: 332169996 ns, Reaching safepoint: 97102 ns, At safepoint: 26027409 ns, Total: 26124511 ns
[1324.016s][info ][safepoint      ] Safepoint "Cleanup", Time since last: 1000084561 ns, Reaching safepoint: 43300 ns, At safepoint: 3401 ns, Total: 46701 ns
[1325.016s][info ][safepoint      ] Safepoint "Cleanup", Time since last: 1000117860 ns, Reaching safepoint: 111603 ns, At safepoint: 23200 ns, Total: 134803 ns
[1332.005s][info ][safepoint      ] Safepoint "Cleanup", Time since last: 6988719288 ns, Reaching safepoint: 120202 ns, At safepoint: 13801 ns, Total: 134003 ns
[1333.005s][info ][safepoint      ] Safepoint "Cleanup", Time since last: 1000102060 ns, Reaching safepoint: 176003 ns, At safepoint: 9300 ns, Total: 185303 ns
[1334.006s][info ][safepoint      ] Safepoint "Cleanup", Time since last: 1000117961 ns, Reaching safepoint: 127602 ns, At safepoint: 7301 ns, Total: 134903 ns
[1335.006s][info ][safepoint      ] Safepoint "Cleanup", Time since last: 1000112860 ns, Reaching safepoint: 56901 ns, At safepoint: 5100 ns, Total: 62001 ns
[1335.395s][info ][gc,start       ] GC(177) Pause Young (Allocation Failure)
[1335.420s][debug][gc,phases      ] GC(177) Scavenge 25.337ms
[1335.420s][debug][gc,ref         ] GC(177) Skipped phase 1 of Reference Processing: no references
[1335.420s][debug][gc,ref         ] GC(177) ReferenceProcessor::execute queues: 1, RefProcThreadModel::Single, marks_oops_alive: false
[1335.420s][debug][gc,ref         ] GC(177) Skipped phase 3 of Reference Processing: no references
[1335.420s][debug][gc,ref         ] GC(177) ReferenceProcessor::execute queues: 1, RefProcThreadModel::Single, marks_oops_alive: false
[1335.420s][debug][gc,phases      ] GC(177) Reference Processing 0.178ms
[1335.421s][debug][gc,phases      ] GC(177)   VM Weak                        Min:  0.0, Avg:  0.0, Max:  0.0, Diff:  0.0, Sum:  0.0, Workers: 4
[1335.421s][debug][gc,phases      ] GC(177)     Dead                           Min: 0, Avg:  0.0, Max: 0, Diff: 0, Sum: 0, Workers: 4
[1335.421s][debug][gc,phases      ] GC(177)     Total                          Min: 0, Avg: 173.0, Max: 384, Diff: 384, Sum: 692, Workers: 4
[1335.421s][debug][gc,phases      ] GC(177)   ObjectSynchronizer Weak        Min:  0.0, Avg:  0.0, Max:  0.0, Diff:  0.0, Sum:  0.0, Workers: 4
[1335.421s][debug][gc,phases      ] GC(177)     Dead                           Min: 0, Avg:  0.0, Max: 0, Diff: 0, Sum: 0, Workers: 4
[1335.421s][debug][gc,phases      ] GC(177)     Total                          Min: 0, Avg: 104.2, Max: 225, Diff: 225, Sum: 417, Workers: 4
[1335.421s][debug][gc,phases      ] GC(177)   JVMTI Tag Weak OopStorage      Min:  0.0, Avg:  0.0, Max:  0.0, Diff:  0.0, Sum:  0.0, Workers: 4
[1335.421s][debug][gc,phases      ] GC(177)     Dead                           Min: 0, Avg:  0.0, Max: 0, Diff: 0, Sum: 0, Workers: 4
[1335.421s][debug][gc,phases      ] GC(177)     Total                          Min: 0, Avg:  0.0, Max: 0, Diff: 0, Sum: 0, Workers: 4
[1335.421s][debug][gc,phases      ] GC(177)   StringTable Weak               Min:  0.1, Avg:  0.1, Max:  0.1, Diff:  0.0, Sum:  0.5, Workers: 4
[1335.421s][debug][gc,phases      ] GC(177)     Dead                           Min: 0, Avg:  0.2, Max: 1, Diff: 1, Sum: 1, Workers: 4
[1335.421s][debug][gc,phases      ] GC(177)     Total                          Min: 10880, Avg: 11999.5, Max: 12928, Diff: 2048, Sum: 47998, Workers: 4
[1335.421s][debug][gc,phases      ] GC(177)   ResolvedMethodTable Weak       Min:  0.0, Avg:  0.0, Max:  0.0, Diff:  0.0, Sum:  0.1, Workers: 4
[1335.421s][debug][gc,phases      ] GC(177)     Dead                           Min: 0, Avg:  0.0, Max: 0, Diff: 0, Sum: 0, Workers: 4
[1335.421s][debug][gc,phases      ] GC(177)     Total                          Min: 1920, Avg: 2087.0, Max: 2240, Diff: 320, Sum: 8348, Workers: 4
[1335.421s][debug][gc,phases      ] GC(177)   JNI Weak                       Min:  0.0, Avg:  0.0, Max:  0.0, Diff:  0.0, Sum:  0.0, Workers: 4
[1335.421s][debug][gc,phases      ] GC(177)     Dead                           Min: 0, Avg:  0.0, Max: 0, Diff: 0, Sum: 0, Workers: 4
[1335.421s][debug][gc,phases      ] GC(177)     Total                          Min: 0, Avg:  0.0, Max: 0, Diff: 0, Sum: 0, Workers: 4
[1335.421s][debug][gc,phases      ] GC(177)   StringDedup Table Weak         Min:  0.0, Avg:  0.0, Max:  0.0, Diff:  0.0, Sum:  0.0, Workers: 4
[1335.421s][debug][gc,phases      ] GC(177)     Dead                           Min: 0, Avg:  0.0, Max: 0, Diff: 0, Sum: 0, Workers: 4
[1335.421s][debug][gc,phases      ] GC(177)     Total                          Min: 0, Avg:  0.0, Max: 0, Diff: 0, Sum: 0, Workers: 4
[1335.421s][debug][gc,phases      ] GC(177)   StringDedup Requests0 Weak     Min:  0.0, Avg:  0.0, Max:  0.0, Diff:  0.0, Sum:  0.0, Workers: 4
[1335.421s][debug][gc,phases      ] GC(177)     Dead                           Min: 0, Avg:  0.0, Max: 0, Diff: 0, Sum: 0, Workers: 4
[1335.421s][debug][gc,phases      ] GC(177)     Total                          Min: 0, Avg:  0.0, Max: 0, Diff: 0, Sum: 0, Workers: 4
[1335.421s][debug][gc,phases      ] GC(177)   StringDedup Requests1 Weak     Min:  0.0, Avg:  0.0, Max:  0.0, Diff:  0.0, Sum:  0.0, Workers: 4
[1335.421s][debug][gc,phases      ] GC(177)     Dead                           Min: 0, Avg:  0.0, Max: 0, Diff: 0, Sum: 0, Workers: 4
[1335.421s][debug][gc,phases      ] GC(177)     Total                          Min: 0, Avg:  0.0, Max: 0, Diff: 0, Sum: 0, Workers: 4
[1335.421s][debug][gc,phases      ] GC(177)   Weak JFR Old Object Samples    Min:  0.0, Avg:  0.0, Max:  0.0, Diff:  0.0, Sum:  0.0, Workers: 4
[1335.421s][debug][gc,phases      ] GC(177)     Dead                           Min: 0, Avg:  0.0, Max: 0, Diff: 0, Sum: 0, Workers: 4
[1335.421s][debug][gc,phases      ] GC(177)     Total                          Min: 0, Avg:  0.0, Max: 0, Diff: 0, Sum: 0, Workers: 4
[1335.421s][debug][gc,phases      ] GC(177) Weak Processing 0.429ms
[1335.421s][debug][gc,age         ] GC(177) Desired survivor size 163053568 bytes, new threshold 15 (max threshold 15)
[1335.421s][info ][gc,heap        ] GC(177) PSYoungGen: 1866348K(1933824K)->82131K(1936896K) Eden: 1776640K(1776640K)->0K(1776640K) From: 89708K(157184K)->82131K(160256K)
[1335.421s][info ][gc,heap        ] GC(177) ParOldGen: 497243K(631296K)->505044K(631296K)
[1335.421s][info ][gc,metaspace   ] GC(177) Metaspace: 83150K(84032K)->83150K(84032K) NonClass: 71540K(72064K)->71540K(72064K) Class: 11609K(11968K)->11609K(11968K)
[1335.421s][info ][gc             ] GC(177) Pause Young (Allocation Failure) 2308M->573M(2508M) 26.105ms
[1335.421s][info ][gc,cpu         ] GC(177) User=0.10s Sys=0.00s Real=0.02s
[1335.421s][info ][safepoint      ] Safepoint "ParallelGCFailedAllocation", Time since last: 388840205 ns, Reaching safepoint: 47801 ns, At safepoint: 26192612 ns, Total: 26240413 ns
[1336.421s][info ][safepoint      ] Safepoint "Cleanup", Time since last: 1000090960 ns, Reaching safepoint: 52801 ns, At safepoint: 4400 ns, Total: 57201 ns
[1337.421s][info ][safepoint      ] Safepoint "Cleanup", Time since last: 1000155261 ns, Reaching safepoint: 57801 ns, At safepoint: 4601 ns, Total: 62402 ns
[1339.422s][info ][safepoint      ] Safepoint "Cleanup", Time since last: 2000195719 ns, Reaching safepoint: 45401 ns, At safepoint: 6000 ns, Total: 51401 ns
[1342.422s][info ][safepoint      ] Safepoint "Cleanup", Time since last: 3000256279 ns, Reaching safepoint: 53001 ns, At safepoint: 10500 ns, Total: 63501 ns
[1343.506s][info ][gc,start       ] GC(178) Pause Young (Allocation Failure)
[1343.529s][debug][gc,phases      ] GC(178) Scavenge 23.133ms
[1343.529s][debug][gc,ref         ] GC(178) Skipped phase 1 of Reference Processing: no references
[1343.529s][debug][gc,ref         ] GC(178) ReferenceProcessor::execute queues: 1, RefProcThreadModel::Single, marks_oops_alive: false
[1343.529s][debug][gc,ref         ] GC(178) Skipped phase 3 of Reference Processing: no references
[1343.529s][debug][gc,ref         ] GC(178) ReferenceProcessor::execute queues: 1, RefProcThreadModel::Single, marks_oops_alive: false
[1343.529s][debug][gc,phases      ] GC(178) Reference Processing 0.146ms
[1343.529s][debug][gc,phases      ] GC(178)   VM Weak                        Min:  0.0, Avg:  0.0, Max:  0.0, Diff:  0.0, Sum:  0.0, Workers: 4
[1343.529s][debug][gc,phases      ] GC(178)     Dead                           Min: 0, Avg:  0.0, Max: 0, Diff: 0, Sum: 0, Workers: 4
[1343.529s][debug][gc,phases      ] GC(178)     Total                          Min: 0, Avg: 173.0, Max: 692, Diff: 692, Sum: 692, Workers: 4
[1343.529s][debug][gc,phases      ] GC(178)   ObjectSynchronizer Weak        Min:  0.0, Avg:  0.0, Max:  0.0, Diff:  0.0, Sum:  0.0, Workers: 4
[1343.529s][debug][gc,phases      ] GC(178)     Dead                           Min: 0, Avg:  0.0, Max: 0, Diff: 0, Sum: 0, Workers: 4
[1343.530s][debug][gc,phases      ] GC(178)     Total                          Min: 0, Avg: 104.2, Max: 192, Diff: 192, Sum: 417, Workers: 4
[1343.530s][debug][gc,phases      ] GC(178)   JVMTI Tag Weak OopStorage      Min:  0.0, Avg:  0.0, Max:  0.0, Diff:  0.0, Sum:  0.0, Workers: 4
[1343.530s][debug][gc,phases      ] GC(178)     Dead                           Min: 0, Avg:  0.0, Max: 0, Diff: 0, Sum: 0, Workers: 4
[1343.530s][debug][gc,phases      ] GC(178)     Total                          Min: 0, Avg:  0.0, Max: 0, Diff: 0, Sum: 0, Workers: 4
[1343.530s][debug][gc,phases      ] GC(178)   StringTable Weak               Min:  0.1, Avg:  0.1, Max:  0.1, Diff:  0.0, Sum:  0.5, Workers: 4
[1343.530s][debug][gc,phases      ] GC(178)     Dead                           Min: 0, Avg:  0.0, Max: 0, Diff: 0, Sum: 0, Workers: 4
[1343.530s][debug][gc,phases      ] GC(178)     Total                          Min: 10432, Avg: 11999.5, Max: 12926, Diff: 2494, Sum: 47998, Workers: 4
[1343.530s][debug][gc,phases      ] GC(178)   ResolvedMethodTable Weak       Min:  0.0, Avg:  0.0, Max:  0.0, Diff:  0.0, Sum:  0.1, Workers: 4
[1343.530s][debug][gc,phases      ] GC(178)     Dead                           Min: 0, Avg:  0.0, Max: 0, Diff: 0, Sum: 0, Workers: 4
[1343.530s][debug][gc,phases      ] GC(178)     Total                          Min: 1984, Avg: 2087.0, Max: 2240, Diff: 256, Sum: 8348, Workers: 4
[1343.530s][debug][gc,phases      ] GC(178)   JNI Weak                       Min:  0.0, Avg:  0.0, Max:  0.0, Diff:  0.0, Sum:  0.0, Workers: 4
[1343.530s][debug][gc,phases      ] GC(178)     Dead                           Min: 0, Avg:  0.0, Max: 0, Diff: 0, Sum: 0, Workers: 4
[1343.530s][debug][gc,phases      ] GC(178)     Total                          Min: 0, Avg:  0.0, Max: 0, Diff: 0, Sum: 0, Workers: 4
[1343.530s][debug][gc,phases      ] GC(178)   StringDedup Table Weak         Min:  0.0, Avg:  0.0, Max:  0.0, Diff:  0.0, Sum:  0.0, Workers: 4
[1343.530s][debug][gc,phases      ] GC(178)     Dead                           Min: 0, Avg:  0.0, Max: 0, Diff: 0, Sum: 0, Workers: 4
[1343.530s][debug][gc,phases      ] GC(178)     Total                          Min: 0, Avg:  0.0, Max: 0, Diff: 0, Sum: 0, Workers: 4
[1343.530s][debug][gc,phases      ] GC(178)   StringDedup Requests0 Weak     Min:  0.0, Avg:  0.0, Max:  0.0, Diff:  0.0, Sum:  0.0, Workers: 4
[1343.530s][debug][gc,phases      ] GC(178)     Dead                           Min: 0, Avg:  0.0, Max: 0, Diff: 0, Sum: 0, Workers: 4
[1343.530s][debug][gc,phases      ] GC(178)     Total                          Min: 0, Avg:  0.0, Max: 0, Diff: 0, Sum: 0, Workers: 4
[1343.530s][debug][gc,phases      ] GC(178)   StringDedup Requests1 Weak     Min:  0.0, Avg:  0.0, Max:  0.0, Diff:  0.0, Sum:  0.0, Workers: 4
[1343.530s][debug][gc,phases      ] GC(178)     Dead                           Min: 0, Avg:  0.0, Max: 0, Diff: 0, Sum: 0, Workers: 4
[1343.530s][debug][gc,phases      ] GC(178)     Total                          Min: 0, Avg:  0.0, Max: 0, Diff: 0, Sum: 0, Workers: 4
[1343.530s][debug][gc,phases      ] GC(178)   Weak JFR Old Object Samples    Min:  0.0, Avg:  0.0, Max:  0.0, Diff:  0.0, Sum:  0.0, Workers: 4
[1343.530s][debug][gc,phases      ] GC(178)     Dead                           Min: 0, Avg:  0.0, Max: 0, Diff: 0, Sum: 0, Workers: 4
[1343.530s][debug][gc,phases      ] GC(178)     Total                          Min: 0, Avg:  0.0, Max: 0, Diff: 0, Sum: 0, Workers: 4
[1343.530s][debug][gc,phases      ] GC(178) Weak Processing 0.345ms
[1343.530s][debug][gc,age         ] GC(178) Desired survivor size 162529280 bytes, new threshold 15 (max threshold 15)
[1343.530s][info ][gc,heap        ] GC(178) PSYoungGen: 1858771K(1936896K)->85163K(1938432K) Eden: 1776640K(1776640K)->0K(1779200K) From: 82131K(160256K)->85163K(159232K)
[1343.530s][info ][gc,heap        ] GC(178) ParOldGen: 505044K(631296K)->505356K(631296K)
[1343.530s][info ][gc,metaspace   ] GC(178) Metaspace: 83180K(84032K)->83180K(84032K) NonClass: 71570K(72064K)->71570K(72064K) Class: 11609K(11968K)->11609K(11968K)
[1343.530s][info ][gc             ] GC(178) Pause Young (Allocation Failure) 2308M->576M(2509M) 23.767ms
[1343.530s][info ][gc,cpu         ] GC(178) User=0.09s Sys=0.00s Real=0.02s
[1343.530s][info ][safepoint      ] Safepoint "ParallelGCFailedAllocation", Time since last: 1083981100 ns, Reaching safepoint: 42601 ns, At safepoint: 23853267 ns, Total: 23895868 ns
[1344.530s][info ][safepoint      ] Safepoint "Cleanup", Time since last: 1000112860 ns, Reaching safepoint: 52201 ns, At safepoint: 3100 ns, Total: 55301 ns
[1345.530s][info ][safepoint      ] Safepoint "Cleanup", Time since last: 1000107860 ns, Reaching safepoint: 56701 ns, At safepoint: 2900 ns, Total: 59601 ns
[1346.530s][info ][safepoint      ] Safepoint "Cleanup", Time since last: 1000113860 ns, Reaching safepoint: 50801 ns, At safepoint: 3300 ns, Total: 54101 ns
[1351.531s][info ][safepoint      ] Safepoint "Cleanup", Time since last: 5000331594 ns, Reaching safepoint: 114602 ns, At safepoint: 6200 ns, Total: 120802 ns
[1352.531s][info ][safepoint      ] Safepoint "Cleanup", Time since last: 1000101860 ns, Reaching safepoint: 49701 ns, At safepoint: 3100 ns, Total: 52801 ns
[1359.301s][info ][gc,start       ] GC(179) Pause Young (Allocation Failure)
[1359.325s][debug][gc,phases      ] GC(179) Scavenge 24.521ms
[1359.326s][debug][gc,ref         ] GC(179) Skipped phase 1 of Reference Processing: no references
[1359.326s][debug][gc,ref         ] GC(179) ReferenceProcessor::execute queues: 1, RefProcThreadModel::Single, marks_oops_alive: false
[1359.326s][debug][gc,ref         ] GC(179) Skipped phase 3 of Reference Processing: no references
[1359.326s][debug][gc,ref         ] GC(179) ReferenceProcessor::execute queues: 1, RefProcThreadModel::Single, marks_oops_alive: false
[1359.326s][debug][gc,phases      ] GC(179) Reference Processing 0.139ms
[1359.326s][debug][gc,phases      ] GC(179)   VM Weak                        Min:  0.0, Avg:  0.0, Max:  0.0, Diff:  0.0, Sum:  0.0, Workers: 4
[1359.326s][debug][gc,phases      ] GC(179)     Dead                           Min: 0, Avg:  0.0, Max: 0, Diff: 0, Sum: 0, Workers: 4
[1359.326s][debug][gc,phases      ] GC(179)     Total                          Min: 0, Avg: 173.0, Max: 436, Diff: 436, Sum: 692, Workers: 4
[1359.326s][debug][gc,phases      ] GC(179)   ObjectSynchronizer Weak        Min:  0.0, Avg:  0.0, Max:  0.0, Diff:  0.0, Sum:  0.0, Workers: 4
[1359.326s][debug][gc,phases      ] GC(179)     Dead                           Min: 0, Avg:  0.0, Max: 0, Diff: 0, Sum: 0, Workers: 4
[1359.326s][debug][gc,phases      ] GC(179)     Total                          Min: 0, Avg: 104.2, Max: 256, Diff: 256, Sum: 417, Workers: 4
[1359.326s][debug][gc,phases      ] GC(179)   JVMTI Tag Weak OopStorage      Min:  0.0, Avg:  0.0, Max:  0.0, Diff:  0.0, Sum:  0.0, Workers: 4
[1359.326s][debug][gc,phases      ] GC(179)     Dead                           Min: 0, Avg:  0.0, Max: 0, Diff: 0, Sum: 0, Workers: 4
[1359.326s][debug][gc,phases      ] GC(179)     Total                          Min: 0, Avg:  0.0, Max: 0, Diff: 0, Sum: 0, Workers: 4
[1359.326s][debug][gc,phases      ] GC(179)   StringTable Weak               Min:  0.1, Avg:  0.1, Max:  0.1, Diff:  0.0, Sum:  0.5, Workers: 4
[1359.326s][debug][gc,phases      ] GC(179)     Dead                           Min: 0, Avg:  0.0, Max: 0, Diff: 0, Sum: 0, Workers: 4
[1359.326s][debug][gc,phases      ] GC(179)     Total                          Min: 11520, Avg: 11999.5, Max: 12414, Diff: 894, Sum: 47998, Workers: 4
[1359.326s][debug][gc,phases      ] GC(179)   ResolvedMethodTable Weak       Min:  0.0, Avg:  0.0, Max:  0.0, Diff:  0.0, Sum:  0.1, Workers: 4
[1359.326s][debug][gc,phases      ] GC(179)     Dead                           Min: 0, Avg:  0.0, Max: 0, Diff: 0, Sum: 0, Workers: 4
[1359.326s][debug][gc,phases      ] GC(179)     Total                          Min: 1984, Avg: 2087.0, Max: 2204, Diff: 220, Sum: 8348, Workers: 4
[1359.326s][debug][gc,phases      ] GC(179)   JNI Weak                       Min:  0.0, Avg:  0.0, Max:  0.0, Diff:  0.0, Sum:  0.0, Workers: 4
[1359.326s][debug][gc,phases      ] GC(179)     Dead                           Min: 0, Avg:  0.0, Max: 0, Diff: 0, Sum: 0, Workers: 4
[1359.326s][debug][gc,phases      ] GC(179)     Total                          Min: 0, Avg:  0.0, Max: 0, Diff: 0, Sum: 0, Workers: 4
[1359.326s][debug][gc,phases      ] GC(179)   StringDedup Table Weak         Min:  0.0, Avg:  0.0, Max:  0.0, Diff:  0.0, Sum:  0.0, Workers: 4
[1359.326s][debug][gc,phases      ] GC(179)     Dead                           Min: 0, Avg:  0.0, Max: 0, Diff: 0, Sum: 0, Workers: 4
[1359.326s][debug][gc,phases      ] GC(179)     Total                          Min: 0, Avg:  0.0, Max: 0, Diff: 0, Sum: 0, Workers: 4
[1359.326s][debug][gc,phases      ] GC(179)   StringDedup Requests0 Weak     Min:  0.0, Avg:  0.0, Max:  0.0, Diff:  0.0, Sum:  0.0, Workers: 4
[1359.326s][debug][gc,phases      ] GC(179)     Dead                           Min: 0, Avg:  0.0, Max: 0, Diff: 0, Sum: 0, Workers: 4
[1359.326s][debug][gc,phases      ] GC(179)     Total                          Min: 0, Avg:  0.0, Max: 0, Diff: 0, Sum: 0, Workers: 4
[1359.326s][debug][gc,phases      ] GC(179)   StringDedup Requests1 Weak     Min:  0.0, Avg:  0.0, Max:  0.0, Diff:  0.0, Sum:  0.0, Workers: 4
[1359.326s][debug][gc,phases      ] GC(179)     Dead                           Min: 0, Avg:  0.0, Max: 0, Diff: 0, Sum: 0, Workers: 4
[1359.326s][debug][gc,phases      ] GC(179)     Total                          Min: 0, Avg:  0.0, Max: 0, Diff: 0, Sum: 0, Workers: 4
[1359.326s][debug][gc,phases      ] GC(179)   Weak JFR Old Object Samples    Min:  0.0, Avg:  0.0, Max:  0.0, Diff:  0.0, Sum:  0.0, Workers: 4
[1359.326s][debug][gc,phases      ] GC(179)     Dead                           Min: 0, Avg:  0.0, Max: 0, Diff: 0, Sum: 0, Workers: 4
[1359.326s][debug][gc,phases      ] GC(179)     Total                          Min: 0, Avg:  0.0, Max: 0, Diff: 0, Sum: 0, Workers: 4
[1359.326s][debug][gc,phases      ] GC(179) Weak Processing 0.369ms
[1359.326s][debug][gc,age         ] GC(179) Desired survivor size 159907840 bytes, new threshold 15 (max threshold 15)
[1359.326s][info ][gc,heap        ] GC(179) PSYoungGen: 1864363K(1938432K)->80626K(1937920K) Eden: 1779200K(1779200K)->0K(1779200K) From: 85163K(159232K)->80626K(158720K)
[1359.326s][info ][gc,heap        ] GC(179) ParOldGen: 505356K(631296K)->505412K(631296K)
[1359.326s][info ][gc,metaspace   ] GC(179) Metaspace: 83187K(84032K)->83187K(84032K) NonClass: 71577K(72064K)->71577K(72064K) Class: 11609K(11968K)->11609K(11968K)
[1359.326s][info ][gc             ] GC(179) Pause Young (Allocation Failure) 2314M->572M(2509M) 25.180ms
[1359.326s][info ][gc,cpu         ] GC(179) User=0.11s Sys=0.00s Real=0.03s
[1359.326s][info ][safepoint      ] Safepoint "ParallelGCFailedAllocation", Time since last: 6769988902 ns, Reaching safepoint: 45101 ns, At safepoint: 25295295 ns, Total: 25340396 ns
[1360.326s][info ][safepoint      ] Safepoint "Cleanup", Time since last: 1000076758 ns, Reaching safepoint: 58602 ns, At safepoint: 8700 ns, Total: 67302 ns
[1362.327s][info ][safepoint      ] Safepoint "Cleanup", Time since last: 2000180317 ns, Reaching safepoint: 126303 ns, At safepoint: 8900 ns, Total: 135203 ns
[1362.384s][info ][gc,start       ] GC(180) Pause Young (Allocation Failure)
[1362.407s][debug][gc,phases      ] GC(180) Scavenge 23.091ms
[1362.407s][debug][gc,ref         ] GC(180) Skipped phase 1 of Reference Processing: no references
[1362.407s][debug][gc,ref         ] GC(180) ReferenceProcessor::execute queues: 1, RefProcThreadModel::Single, marks_oops_alive: false
[1362.407s][debug][gc,ref         ] GC(180) Skipped phase 3 of Reference Processing: no references
[1362.407s][debug][gc,ref         ] GC(180) ReferenceProcessor::execute queues: 1, RefProcThreadModel::Single, marks_oops_alive: false
[1362.407s][debug][gc,phases      ] GC(180) Reference Processing 0.139ms
[1362.407s][debug][gc,phases      ] GC(180)   VM Weak                        Min:  0.0, Avg:  0.0, Max:  0.0, Diff:  0.0, Sum:  0.0, Workers: 4
[1362.407s][debug][gc,phases      ] GC(180)     Dead                           Min: 0, Avg:  0.0, Max: 0, Diff: 0, Sum: 0, Workers: 4
[1362.407s][debug][gc,phases      ] GC(180)     Total                          Min: 0, Avg: 173.0, Max: 692, Diff: 692, Sum: 692, Workers: 4
[1362.407s][debug][gc,phases      ] GC(180)   ObjectSynchronizer Weak        Min:  0.0, Avg:  0.0, Max:  0.0, Diff:  0.0, Sum:  0.0, Workers: 4
[1362.407s][debug][gc,phases      ] GC(180)     Dead                           Min: 0, Avg:  0.0, Max: 0, Diff: 0, Sum: 0, Workers: 4
[1362.407s][debug][gc,phases      ] GC(180)     Total                          Min: 0, Avg: 104.2, Max: 320, Diff: 320, Sum: 417, Workers: 4
[1362.407s][debug][gc,phases      ] GC(180)   JVMTI Tag Weak OopStorage      Min:  0.0, Avg:  0.0, Max:  0.0, Diff:  0.0, Sum:  0.0, Workers: 4
[1362.407s][debug][gc,phases      ] GC(180)     Dead                           Min: 0, Avg:  0.0, Max: 0, Diff: 0, Sum: 0, Workers: 4
[1362.407s][debug][gc,phases      ] GC(180)     Total                          Min: 0, Avg:  0.0, Max: 0, Diff: 0, Sum: 0, Workers: 4
[1362.407s][debug][gc,phases      ] GC(180)   StringTable Weak               Min:  0.1, Avg:  0.1, Max:  0.1, Diff:  0.0, Sum:  0.5, Workers: 4
[1362.407s][debug][gc,phases      ] GC(180)     Dead                           Min: 0, Avg:  0.0, Max: 0, Diff: 0, Sum: 0, Workers: 4
[1362.407s][debug][gc,phases      ] GC(180)     Total                          Min: 11456, Avg: 12000.2, Max: 12544, Diff: 1088, Sum: 48001, Workers: 4
[1362.407s][debug][gc,phases      ] GC(180)   ResolvedMethodTable Weak       Min:  0.0, Avg:  0.0, Max:  0.0, Diff:  0.0, Sum:  0.1, Workers: 4
[1362.407s][debug][gc,phases      ] GC(180)     Dead                           Min: 0, Avg:  0.0, Max: 0, Diff: 0, Sum: 0, Workers: 4
[1362.407s][debug][gc,phases      ] GC(180)     Total                          Min: 1856, Avg: 2088.0, Max: 2304, Diff: 448, Sum: 8352, Workers: 4
[1362.407s][debug][gc,phases      ] GC(180)   JNI Weak                       Min:  0.0, Avg:  0.0, Max:  0.0, Diff:  0.0, Sum:  0.0, Workers: 4
[1362.407s][debug][gc,phases      ] GC(180)     Dead                           Min: 0, Avg:  0.0, Max: 0, Diff: 0, Sum: 0, Workers: 4
[1362.407s][debug][gc,phases      ] GC(180)     Total                          Min: 0, Avg:  0.0, Max: 0, Diff: 0, Sum: 0, Workers: 4
[1362.407s][debug][gc,phases      ] GC(180)   StringDedup Table Weak         Min:  0.0, Avg:  0.0, Max:  0.0, Diff:  0.0, Sum:  0.0, Workers: 4
[1362.407s][debug][gc,phases      ] GC(180)     Dead                           Min: 0, Avg:  0.0, Max: 0, Diff: 0, Sum: 0, Workers: 4
[1362.407s][debug][gc,phases      ] GC(180)     Total                          Min: 0, Avg:  0.0, Max: 0, Diff: 0, Sum: 0, Workers: 4
[1362.407s][debug][gc,phases      ] GC(180)   StringDedup Requests0 Weak     Min:  0.0, Avg:  0.0, Max:  0.0, Diff:  0.0, Sum:  0.0, Workers: 4
[1362.407s][debug][gc,phases      ] GC(180)     Dead                           Min: 0, Avg:  0.0, Max: 0, Diff: 0, Sum: 0, Workers: 4
[1362.407s][debug][gc,phases      ] GC(180)     Total                          Min: 0, Avg:  0.0, Max: 0, Diff: 0, Sum: 0, Workers: 4
[1362.407s][debug][gc,phases      ] GC(180)   StringDedup Requests1 Weak     Min:  0.0, Avg:  0.0, Max:  0.0, Diff:  0.0, Sum:  0.0, Workers: 4
[1362.407s][debug][gc,phases      ] GC(180)     Dead                           Min: 0, Avg:  0.0, Max: 0, Diff: 0, Sum: 0, Workers: 4
[1362.407s][debug][gc,phases      ] GC(180)     Total                          Min: 0, Avg:  0.0, Max: 0, Diff: 0, Sum: 0, Workers: 4
[1362.407s][debug][gc,phases      ] GC(180)   Weak JFR Old Object Samples    Min:  0.0, Avg:  0.0, Max:  0.0, Diff:  0.0, Sum:  0.0, Workers: 4
[1362.407s][debug][gc,phases      ] GC(180)     Dead                           Min: 0, Avg:  0.0, Max: 0, Diff: 0, Sum: 0, Workers: 4
[1362.407s][debug][gc,phases      ] GC(180)     Total                          Min: 0, Avg:  0.0, Max: 0, Diff: 0, Sum: 0, Workers: 4
[1362.407s][debug][gc,phases      ] GC(180) Weak Processing 0.339ms
[1362.407s][debug][gc,age         ] GC(180) Desired survivor size 156237824 bytes, new threshold 15 (max threshold 15)
[1362.407s][info ][gc,heap        ] GC(180) PSYoungGen: 1859826K(1937920K)->79755K(1944576K) Eden: 1779200K(1779200K)->0K(1788416K) From: 80626K(158720K)->79755K(156160K)
[1362.407s][info ][gc,heap        ] GC(180) ParOldGen: 505412K(631296K)->508435K(631296K)
[1362.407s][info ][gc,metaspace   ] GC(180) Metaspace: 83199K(84032K)->83199K(84032K) NonClass: 71588K(72064K)->71588K(72064K) Class: 11610K(11968K)->11610K(11968K)
[1362.407s][info ][gc             ] GC(180) Pause Young (Allocation Failure) 2309M->574M(2515M) 23.721ms
[1362.407s][info ][gc,cpu         ] GC(180) User=0.09s Sys=0.00s Real=0.02s
[1362.407s][info ][safepoint      ] Safepoint "ParallelGCFailedAllocation", Time since last: 56933513 ns, Reaching safepoint: 40001 ns, At safepoint: 23797766 ns, Total: 23837767 ns
[1363.408s][info ][safepoint      ] Safepoint "Cleanup", Time since last: 1000121159 ns, Reaching safepoint: 95202 ns, At safepoint: 12900 ns, Total: 108102 ns
[1364.408s][info ][safepoint      ] Safepoint "Cleanup", Time since last: 1000121460 ns, Reaching safepoint: 140202 ns, At safepoint: 15401 ns, Total: 155603 ns
[1365.408s][info ][safepoint      ] Safepoint "Cleanup", Time since last: 1000123459 ns, Reaching safepoint: 66601 ns, At safepoint: 7700 ns, Total: 74301 ns
[1366.408s][info ][safepoint      ] Safepoint "Cleanup", Time since last: 1000112259 ns, Reaching safepoint: 48501 ns, At safepoint: 4700 ns, Total: 53201 ns
[1367.408s][info ][safepoint      ] Safepoint "Cleanup", Time since last: 1000110159 ns, Reaching safepoint: 113403 ns, At safepoint: 10200 ns, Total: 123603 ns
[1369.069s][info ][safepoint      ] Safepoint "Cleanup", Time since last: 1660723278 ns, Reaching safepoint: 99702 ns, At safepoint: 10600 ns, Total: 110302 ns
[1370.315s][info ][safepoint      ] Safepoint "Cleanup", Time since last: 1245351455 ns, Reaching safepoint: 118703 ns, At safepoint: 13000 ns, Total: 131703 ns
[1371.354s][info ][safepoint      ] Safepoint "Cleanup", Time since last: 1039572731 ns, Reaching safepoint: 68901 ns, At safepoint: 10100 ns, Total: 79001 ns
[1372.355s][info ][safepoint      ] Safepoint "Cleanup", Time since last: 1000112859 ns, Reaching safepoint: 53701 ns, At safepoint: 4500 ns, Total: 58201 ns
[1373.355s][info ][safepoint      ] Safepoint "Cleanup", Time since last: 1000128859 ns, Reaching safepoint: 62502 ns, At safepoint: 7000 ns, Total: 69502 ns
[1374.355s][info ][safepoint      ] Safepoint "Cleanup", Time since last: 1000107458 ns, Reaching safepoint: 52001 ns, At safepoint: 6001 ns, Total: 58002 ns
[1375.419s][info ][gc,start       ] GC(181) Pause Young (Allocation Failure)
[1375.440s][debug][gc,phases      ] GC(181) Scavenge 20.627ms
[1375.440s][debug][gc,ref         ] GC(181) Skipped phase 1 of Reference Processing: no references
[1375.440s][debug][gc,ref         ] GC(181) ReferenceProcessor::execute queues: 1, RefProcThreadModel::Single, marks_oops_alive: false
[1375.440s][debug][gc,ref         ] GC(181) Skipped phase 3 of Reference Processing: no references
[1375.440s][debug][gc,ref         ] GC(181) ReferenceProcessor::execute queues: 1, RefProcThreadModel::Single, marks_oops_alive: false
[1375.440s][debug][gc,phases      ] GC(181) Reference Processing 0.137ms
[1375.440s][debug][gc,phases      ] GC(181)   VM Weak                        Min:  0.0, Avg:  0.0, Max:  0.0, Diff:  0.0, Sum:  0.0, Workers: 4
[1375.440s][debug][gc,phases      ] GC(181)     Dead                           Min: 0, Avg:  0.0, Max: 0, Diff: 0, Sum: 0, Workers: 4
[1375.440s][debug][gc,phases      ] GC(181)     Total                          Min: 0, Avg: 174.0, Max: 376, Diff: 376, Sum: 696, Workers: 4
[1375.440s][debug][gc,phases      ] GC(181)   ObjectSynchronizer Weak        Min:  0.0, Avg:  0.0, Max:  0.0, Diff:  0.0, Sum:  0.0, Workers: 4
[1375.440s][debug][gc,phases      ] GC(181)     Dead                           Min: 0, Avg:  0.0, Max: 0, Diff: 0, Sum: 0, Workers: 4
[1375.440s][debug][gc,phases      ] GC(181)     Total                          Min: 0, Avg: 104.2, Max: 192, Diff: 192, Sum: 417, Workers: 4
[1375.440s][debug][gc,phases      ] GC(181)   JVMTI Tag Weak OopStorage      Min:  0.0, Avg:  0.0, Max:  0.0, Diff:  0.0, Sum:  0.0, Workers: 4
[1375.440s][debug][gc,phases      ] GC(181)     Dead                           Min: 0, Avg:  0.0, Max: 0, Diff: 0, Sum: 0, Workers: 4
[1375.440s][debug][gc,phases      ] GC(181)     Total                          Min: 0, Avg:  0.0, Max: 0, Diff: 0, Sum: 0, Workers: 4
[1375.440s][debug][gc,phases      ] GC(181)   StringTable Weak               Min:  0.1, Avg:  0.1, Max:  0.1, Diff:  0.0, Sum:  0.5, Workers: 4
[1375.440s][debug][gc,phases      ] GC(181)     Dead                           Min: 0, Avg:  0.2, Max: 1, Diff: 1, Sum: 1, Workers: 4
[1375.440s][debug][gc,phases      ] GC(181)     Total                          Min: 10793, Avg: 12010.0, Max: 13056, Diff: 2263, Sum: 48040, Workers: 4
[1375.440s][debug][gc,phases      ] GC(181)   ResolvedMethodTable Weak       Min:  0.0, Avg:  0.0, Max:  0.0, Diff:  0.0, Sum:  0.1, Workers: 4
[1375.440s][debug][gc,phases      ] GC(181)     Dead                           Min: 0, Avg:  1.2, Max: 5, Diff: 5, Sum: 5, Workers: 4
[1375.440s][debug][gc,phases      ] GC(181)     Total                          Min: 1984, Avg: 2093.2, Max: 2165, Diff: 181, Sum: 8373, Workers: 4
[1375.440s][debug][gc,phases      ] GC(181)   JNI Weak                       Min:  0.0, Avg:  0.0, Max:  0.0, Diff:  0.0, Sum:  0.0, Workers: 4
[1375.440s][debug][gc,phases      ] GC(181)     Dead                           Min: 0, Avg:  0.0, Max: 0, Diff: 0, Sum: 0, Workers: 4
[1375.440s][debug][gc,phases      ] GC(181)     Total                          Min: 0, Avg:  0.0, Max: 0, Diff: 0, Sum: 0, Workers: 4
[1375.440s][debug][gc,phases      ] GC(181)   StringDedup Table Weak         Min:  0.0, Avg:  0.0, Max:  0.0, Diff:  0.0, Sum:  0.0, Workers: 4
[1375.440s][debug][gc,phases      ] GC(181)     Dead                           Min: 0, Avg:  0.0, Max: 0, Diff: 0, Sum: 0, Workers: 4
[1375.440s][debug][gc,phases      ] GC(181)     Total                          Min: 0, Avg:  0.0, Max: 0, Diff: 0, Sum: 0, Workers: 4
[1375.440s][debug][gc,phases      ] GC(181)   StringDedup Requests0 Weak     Min:  0.0, Avg:  0.0, Max:  0.0, Diff:  0.0, Sum:  0.0, Workers: 4
[1375.440s][debug][gc,phases      ] GC(181)     Dead                           Min: 0, Avg:  0.0, Max: 0, Diff: 0, Sum: 0, Workers: 4
[1375.440s][debug][gc,phases      ] GC(181)     Total                          Min: 0, Avg:  0.0, Max: 0, Diff: 0, Sum: 0, Workers: 4
[1375.440s][debug][gc,phases      ] GC(181)   StringDedup Requests1 Weak     Min:  0.0, Avg:  0.0, Max:  0.0, Diff:  0.0, Sum:  0.0, Workers: 4
[1375.440s][debug][gc,phases      ] GC(181)     Dead                           Min: 0, Avg:  0.0, Max: 0, Diff: 0, Sum: 0, Workers: 4
[1375.440s][debug][gc,phases      ] GC(181)     Total                          Min: 0, Avg:  0.0, Max: 0, Diff: 0, Sum: 0, Workers: 4
[1375.440s][debug][gc,phases      ] GC(181)   Weak JFR Old Object Samples    Min:  0.0, Avg:  0.0, Max:  0.0, Diff:  0.0, Sum:  0.0, Workers: 4
[1375.440s][debug][gc,phases      ] GC(181)     Dead                           Min: 0, Avg:  0.0, Max: 0, Diff: 0, Sum: 0, Workers: 4
[1375.440s][debug][gc,phases      ] GC(181)     Total                          Min: 0, Avg:  0.0, Max: 0, Diff: 0, Sum: 0, Workers: 4
[1375.440s][debug][gc,phases      ] GC(181) Weak Processing 0.343ms
[1375.440s][debug][gc,age         ] GC(181) Desired survivor size 149422080 bytes, new threshold 15 (max threshold 15)
[1375.440s][info ][gc,heap        ] GC(181) PSYoungGen: 1868171K(1944576K)->53174K(1940992K) Eden: 1788416K(1788416K)->0K(1788416K) From: 79755K(156160K)->53174K(152576K)
[1375.440s][info ][gc,heap        ] GC(181) ParOldGen: 508435K(631296K)->532626K(631296K)
[1375.440s][info ][gc,metaspace   ] GC(181) Metaspace: 83283K(84160K)->83283K(84160K) NonClass: 71661K(72128K)->71661K(72128K) Class: 11622K(12032K)->11622K(12032K)
[1375.440s][info ][gc             ] GC(181) Pause Young (Allocation Failure) 2320M->572M(2512M) 21.253ms
[1375.440s][info ][gc,cpu         ] GC(181) User=0.08s Sys=0.01s Real=0.02s
[1375.440s][info ][safepoint      ] Safepoint "ParallelGCFailedAllocation", Time since last: 1063779403 ns, Reaching safepoint: 33201 ns, At safepoint: 21334917 ns, Total: 21368118 ns
[1376.440s][info ][safepoint      ] Safepoint "Cleanup", Time since last: 1000084158 ns, Reaching safepoint: 48901 ns, At safepoint: 3200 ns, Total: 52101 ns
[1377.440s][info ][safepoint      ] Safepoint "Cleanup", Time since last: 1000109259 ns, Reaching safepoint: 61201 ns, At safepoint: 7400 ns, Total: 68601 ns
[1382.441s][info ][safepoint      ] Safepoint "Cleanup", Time since last: 5000318388 ns, Reaching safepoint: 41101 ns, At safepoint: 3500 ns, Total: 44601 ns
[1383.694s][info ][gc,start       ] GC(182) Pause Young (Allocation Failure)
[1383.712s][debug][gc,phases      ] GC(182) Scavenge 17.123ms
[1383.712s][debug][gc,ref         ] GC(182) Skipped phase 1 of Reference Processing: no references
[1383.712s][debug][gc,ref         ] GC(182) ReferenceProcessor::execute queues: 1, RefProcThreadModel::Single, marks_oops_alive: false
[1383.712s][debug][gc,ref         ] GC(182) Skipped phase 3 of Reference Processing: no references
[1383.712s][debug][gc,ref         ] GC(182) ReferenceProcessor::execute queues: 1, RefProcThreadModel::Single, marks_oops_alive: false
[1383.712s][debug][gc,phases      ] GC(182) Reference Processing 0.132ms
[1383.712s][debug][gc,phases      ] GC(182)   VM Weak                        Min:  0.0, Avg:  0.0, Max:  0.0, Diff:  0.0, Sum:  0.0, Workers: 4
[1383.712s][debug][gc,phases      ] GC(182)     Dead                           Min: 0, Avg:  0.0, Max: 0, Diff: 0, Sum: 0, Workers: 4
[1383.712s][debug][gc,phases      ] GC(182)     Total                          Min: 0, Avg: 174.0, Max: 632, Diff: 632, Sum: 696, Workers: 4
[1383.712s][debug][gc,phases      ] GC(182)   ObjectSynchronizer Weak        Min:  0.0, Avg:  0.0, Max:  0.0, Diff:  0.0, Sum:  0.0, Workers: 4
[1383.712s][debug][gc,phases      ] GC(182)     Dead                           Min: 0, Avg:  0.0, Max: 0, Diff: 0, Sum: 0, Workers: 4
[1383.712s][debug][gc,phases      ] GC(182)     Total                          Min: 0, Avg: 104.2, Max: 256, Diff: 256, Sum: 417, Workers: 4
[1383.712s][debug][gc,phases      ] GC(182)   JVMTI Tag Weak OopStorage      Min:  0.0, Avg:  0.0, Max:  0.0, Diff:  0.0, Sum:  0.0, Workers: 4
[1383.712s][debug][gc,phases      ] GC(182)     Dead                           Min: 0, Avg:  0.0, Max: 0, Diff: 0, Sum: 0, Workers: 4
[1383.712s][debug][gc,phases      ] GC(182)     Total                          Min: 0, Avg:  0.0, Max: 0, Diff: 0, Sum: 0, Workers: 4
[1383.712s][debug][gc,phases      ] GC(182)   StringTable Weak               Min:  0.1, Avg:  0.1, Max:  0.1, Diff:  0.0, Sum:  0.4, Workers: 4
[1383.712s][debug][gc,phases      ] GC(182)     Dead                           Min: 0, Avg:  0.0, Max: 0, Diff: 0, Sum: 0, Workers: 4
[1383.712s][debug][gc,phases      ] GC(182)     Total                          Min: 11008, Avg: 12010.0, Max: 12521, Diff: 1513, Sum: 48040, Workers: 4
[1383.712s][debug][gc,phases      ] GC(182)   ResolvedMethodTable Weak       Min:  0.0, Avg:  0.0, Max:  0.0, Diff:  0.0, Sum:  0.1, Workers: 4
[1383.712s][debug][gc,phases      ] GC(182)     Dead                           Min: 0, Avg:  0.0, Max: 0, Diff: 0, Sum: 0, Workers: 4
[1383.712s][debug][gc,phases      ] GC(182)     Total                          Min: 1920, Avg: 2093.2, Max: 2240, Diff: 320, Sum: 8373, Workers: 4
[1383.712s][debug][gc,phases      ] GC(182)   JNI Weak                       Min:  0.0, Avg:  0.0, Max:  0.0, Diff:  0.0, Sum:  0.0, Workers: 4
[1383.712s][debug][gc,phases      ] GC(182)     Dead                           Min: 0, Avg:  0.0, Max: 0, Diff: 0, Sum: 0, Workers: 4
[1383.712s][debug][gc,phases      ] GC(182)     Total                          Min: 0, Avg:  0.0, Max: 0, Diff: 0, Sum: 0, Workers: 4
[1383.712s][debug][gc,phases      ] GC(182)   StringDedup Table Weak         Min:  0.0, Avg:  0.0, Max:  0.0, Diff:  0.0, Sum:  0.0, Workers: 4
[1383.712s][debug][gc,phases      ] GC(182)     Dead                           Min: 0, Avg:  0.0, Max: 0, Diff: 0, Sum: 0, Workers: 4
[1383.712s][debug][gc,phases      ] GC(182)     Total                          Min: 0, Avg:  0.0, Max: 0, Diff: 0, Sum: 0, Workers: 4
[1383.712s][debug][gc,phases      ] GC(182)   StringDedup Requests0 Weak     Min:  0.0, Avg:  0.0, Max:  0.0, Diff:  0.0, Sum:  0.0, Workers: 4
[1383.712s][debug][gc,phases      ] GC(182)     Dead                           Min: 0, Avg:  0.0, Max: 0, Diff: 0, Sum: 0, Workers: 4
[1383.712s][debug][gc,phases      ] GC(182)     Total                          Min: 0, Avg:  0.0, Max: 0, Diff: 0, Sum: 0, Workers: 4
[1383.712s][debug][gc,phases      ] GC(182)   StringDedup Requests1 Weak     Min:  0.0, Avg:  0.0, Max:  0.0, Diff:  0.0, Sum:  0.0, Workers: 4
[1383.712s][debug][gc,phases      ] GC(182)     Dead                           Min: 0, Avg:  0.0, Max: 0, Diff: 0, Sum: 0, Workers: 4
[1383.712s][debug][gc,phases      ] GC(182)     Total                          Min: 0, Avg:  0.0, Max: 0, Diff: 0, Sum: 0, Workers: 4
[1383.712s][debug][gc,phases      ] GC(182)   Weak JFR Old Object Samples    Min:  0.0, Avg:  0.0, Max:  0.0, Diff:  0.0, Sum:  0.0, Workers: 4
[1383.712s][debug][gc,phases      ] GC(182)     Dead                           Min: 0, Avg:  0.0, Max: 0, Diff: 0, Sum: 0, Workers: 4
[1383.712s][debug][gc,phases      ] GC(182)     Total                          Min: 0, Avg:  0.0, Max: 0, Diff: 0, Sum: 0, Workers: 4
[1383.712s][debug][gc,phases      ] GC(182) Weak Processing 0.339ms
[1383.712s][debug][gc,age         ] GC(182) Desired survivor size 142082048 bytes, new threshold 15 (max threshold 15)
[1383.712s][info ][gc,heap        ] GC(182) PSYoungGen: 1841590K(1940992K)->58438K(1958400K) Eden: 1788416K(1788416K)->0K(1812480K) From: 53174K(152576K)->58438K(145920K)
[1383.712s][info ][gc,heap        ] GC(182) ParOldGen: 532626K(631296K)->532754K(631296K)
[1383.712s][info ][gc,metaspace   ] GC(182) Metaspace: 83286K(84160K)->83286K(84160K) NonClass: 71664K(72128K)->71664K(72128K) Class: 11622K(12032K)->11622K(12032K)
[1383.712s][info ][gc             ] GC(182) Pause Young (Allocation Failure) 2318M->577M(2529M) 17.736ms
[1383.712s][info ][gc,cpu         ] GC(182) User=0.07s Sys=0.00s Real=0.02s
[1383.712s][info ][safepoint      ] Safepoint "ParallelGCFailedAllocation", Time since last: 1253574015 ns, Reaching safepoint: 43201 ns, At safepoint: 17825549 ns, Total: 17868750 ns
[1386.713s][info ][safepoint      ] Safepoint "Cleanup", Time since last: 3000231173 ns, Reaching safepoint: 43501 ns, At safepoint: 3000 ns, Total: 46501 ns
[1393.189s][info ][gc,start       ] GC(183) Pause Young (Allocation Failure)
[1393.205s][debug][gc,phases      ] GC(183) Scavenge 16.034ms
[1393.206s][debug][gc,ref         ] GC(183) Skipped phase 1 of Reference Processing: no references
[1393.206s][debug][gc,ref         ] GC(183) ReferenceProcessor::execute queues: 1, RefProcThreadModel::Single, marks_oops_alive: false
[1393.206s][debug][gc,ref         ] GC(183) Skipped phase 3 of Reference Processing: no references
[1393.206s][debug][gc,ref         ] GC(183) ReferenceProcessor::execute queues: 1, RefProcThreadModel::Single, marks_oops_alive: false
[1393.206s][debug][gc,phases      ] GC(183) Reference Processing 0.134ms
[1393.206s][debug][gc,phases      ] GC(183)   VM Weak                        Min:  0.0, Avg:  0.0, Max:  0.0, Diff:  0.0, Sum:  0.0, Workers: 4
[1393.206s][debug][gc,phases      ] GC(183)     Dead                           Min: 0, Avg:  0.0, Max: 0, Diff: 0, Sum: 0, Workers: 4
[1393.206s][debug][gc,phases      ] GC(183)     Total                          Min: 0, Avg: 174.0, Max: 696, Diff: 696, Sum: 696, Workers: 4
[1393.206s][debug][gc,phases      ] GC(183)   ObjectSynchronizer Weak        Min:  0.0, Avg:  0.0, Max:  0.0, Diff:  0.0, Sum:  0.0, Workers: 4
[1393.206s][debug][gc,phases      ] GC(183)     Dead                           Min: 0, Avg:  0.0, Max: 0, Diff: 0, Sum: 0, Workers: 4
[1393.206s][debug][gc,phases      ] GC(183)     Total                          Min: 0, Avg: 104.2, Max: 256, Diff: 256, Sum: 417, Workers: 4
[1393.206s][debug][gc,phases      ] GC(183)   JVMTI Tag Weak OopStorage      Min:  0.0, Avg:  0.0, Max:  0.0, Diff:  0.0, Sum:  0.0, Workers: 4
[1393.206s][debug][gc,phases      ] GC(183)     Dead                           Min: 0, Avg:  0.0, Max: 0, Diff: 0, Sum: 0, Workers: 4
[1393.206s][debug][gc,phases      ] GC(183)     Total                          Min: 0, Avg:  0.0, Max: 0, Diff: 0, Sum: 0, Workers: 4
[1393.206s][debug][gc,phases      ] GC(183)   StringTable Weak               Min:  0.1, Avg:  0.1, Max:  0.1, Diff:  0.0, Sum:  0.5, Workers: 4
[1393.206s][debug][gc,phases      ] GC(183)     Dead                           Min: 0, Avg:  0.0, Max: 0, Diff: 0, Sum: 0, Workers: 4
[1393.206s][debug][gc,phases      ] GC(183)     Total                          Min: 10240, Avg: 12010.5, Max: 12970, Diff: 2730, Sum: 48042, Workers: 4
[1393.206s][debug][gc,phases      ] GC(183)   ResolvedMethodTable Weak       Min:  0.0, Avg:  0.0, Max:  0.0, Diff:  0.0, Sum:  0.1, Workers: 4
[1393.206s][debug][gc,phases      ] GC(183)     Dead                           Min: 0, Avg:  0.0, Max: 0, Diff: 0, Sum: 0, Workers: 4
[1393.206s][debug][gc,phases      ] GC(183)     Total                          Min: 1973, Avg: 2093.2, Max: 2176, Diff: 203, Sum: 8373, Workers: 4
[1393.206s][debug][gc,phases      ] GC(183)   JNI Weak                       Min:  0.0, Avg:  0.0, Max:  0.0, Diff:  0.0, Sum:  0.0, Workers: 4
[1393.206s][debug][gc,phases      ] GC(183)     Dead                           Min: 0, Avg:  0.0, Max: 0, Diff: 0, Sum: 0, Workers: 4
[1393.206s][debug][gc,phases      ] GC(183)     Total                          Min: 0, Avg:  0.0, Max: 0, Diff: 0, Sum: 0, Workers: 4
[1393.206s][debug][gc,phases      ] GC(183)   StringDedup Table Weak         Min:  0.0, Avg:  0.0, Max:  0.0, Diff:  0.0, Sum:  0.0, Workers: 4
[1393.206s][debug][gc,phases      ] GC(183)     Dead                           Min: 0, Avg:  0.0, Max: 0, Diff: 0, Sum: 0, Workers: 4
[1393.206s][debug][gc,phases      ] GC(183)     Total                          Min: 0, Avg:  0.0, Max: 0, Diff: 0, Sum: 0, Workers: 4
[1393.206s][debug][gc,phases      ] GC(183)   StringDedup Requests0 Weak     Min:  0.0, Avg:  0.0, Max:  0.0, Diff:  0.0, Sum:  0.0, Workers: 4
[1393.206s][debug][gc,phases      ] GC(183)     Dead                           Min: 0, Avg:  0.0, Max: 0, Diff: 0, Sum: 0, Workers: 4
[1393.206s][debug][gc,phases      ] GC(183)     Total                          Min: 0, Avg:  0.0, Max: 0, Diff: 0, Sum: 0, Workers: 4
[1393.206s][debug][gc,phases      ] GC(183)   StringDedup Requests1 Weak     Min:  0.0, Avg:  0.0, Max:  0.0, Diff:  0.0, Sum:  0.0, Workers: 4
[1393.206s][debug][gc,phases      ] GC(183)     Dead                           Min: 0, Avg:  0.0, Max: 0, Diff: 0, Sum: 0, Workers: 4
[1393.206s][debug][gc,phases      ] GC(183)     Total                          Min: 0, Avg:  0.0, Max: 0, Diff: 0, Sum: 0, Workers: 4
[1393.206s][debug][gc,phases      ] GC(183)   Weak JFR Old Object Samples    Min:  0.0, Avg:  0.0, Max:  0.0, Diff:  0.0, Sum:  0.0, Workers: 4
[1393.206s][debug][gc,phases      ] GC(183)     Dead                           Min: 0, Avg:  0.0, Max: 0, Diff: 0, Sum: 0, Workers: 4
[1393.206s][debug][gc,phases      ] GC(183)     Total                          Min: 0, Avg:  0.0, Max: 0, Diff: 0, Sum: 0, Workers: 4
[1393.206s][debug][gc,phases      ] GC(183) Weak Processing 0.344ms
[1393.206s][debug][gc,age         ] GC(183) Desired survivor size 135790592 bytes, new threshold 15 (max threshold 15)
[1393.206s][info ][gc,heap        ] GC(183) PSYoungGen: 1870918K(1958400K)->56902K(1951232K) Eden: 1812480K(1812480K)->0K(1812480K) From: 58438K(145920K)->56902K(138752K)
[1393.206s][info ][gc,heap        ] GC(183) ParOldGen: 532754K(631296K)->532986K(631296K)
[1393.206s][info ][gc,metaspace   ] GC(183) Metaspace: 83293K(84160K)->83293K(84160K) NonClass: 71670K(72128K)->71670K(72128K) Class: 11622K(12032K)->11622K(12032K)
[1393.206s][info ][gc             ] GC(183) Pause Young (Allocation Failure) 2347M->576M(2522M) 16.657ms
[1393.206s][info ][gc,cpu         ] GC(183) User=0.06s Sys=0.00s Real=0.02s
[1393.206s][info ][safepoint      ] Safepoint "ParallelGCFailedAllocation", Time since last: 6476759859 ns, Reaching safepoint: 44401 ns, At safepoint: 16749528 ns, Total: 16793929 ns
[1394.206s][info ][safepoint      ] Safepoint "Cleanup", Time since last: 1000114058 ns, Reaching safepoint: 60501 ns, At safepoint: 5900 ns, Total: 66401 ns
[1396.207s][info ][safepoint      ] Safepoint "Cleanup", Time since last: 2000175115 ns, Reaching safepoint: 58801 ns, At safepoint: 3300 ns, Total: 62101 ns
[1398.207s][info ][safepoint      ] Safepoint "Cleanup", Time since last: 2000167115 ns, Reaching safepoint: 46401 ns, At safepoint: 6200 ns, Total: 52601 ns
[1400.207s][info ][safepoint      ] Safepoint "Cleanup", Time since last: 2000171615 ns, Reaching safepoint: 113502 ns, At safepoint: 10600 ns, Total: 124102 ns
[1401.207s][info ][safepoint      ] Safepoint "Cleanup", Time since last: 1000093458 ns, Reaching safepoint: 58601 ns, At safepoint: 10400 ns, Total: 69001 ns
[1401.919s][info ][gc,start       ] GC(184) Pause Young (Allocation Failure)
[1401.940s][debug][gc,phases      ] GC(184) Scavenge 20.790ms
[1401.940s][debug][gc,ref         ] GC(184) Skipped phase 1 of Reference Processing: no references
[1401.940s][debug][gc,ref         ] GC(184) ReferenceProcessor::execute queues: 1, RefProcThreadModel::Single, marks_oops_alive: false
[1401.940s][debug][gc,ref         ] GC(184) Skipped phase 3 of Reference Processing: no references
[1401.940s][debug][gc,ref         ] GC(184) ReferenceProcessor::execute queues: 1, RefProcThreadModel::Single, marks_oops_alive: false
[1401.940s][debug][gc,phases      ] GC(184) Reference Processing 0.135ms
[1401.940s][debug][gc,phases      ] GC(184)   VM Weak                        Min:  0.0, Avg:  0.0, Max:  0.0, Diff:  0.0, Sum:  0.0, Workers: 4
[1401.940s][debug][gc,phases      ] GC(184)     Dead                           Min: 0, Avg:  0.0, Max: 0, Diff: 0, Sum: 0, Workers: 4
[1401.940s][debug][gc,phases      ] GC(184)     Total                          Min: 0, Avg: 174.0, Max: 696, Diff: 696, Sum: 696, Workers: 4
[1401.940s][debug][gc,phases      ] GC(184)   ObjectSynchronizer Weak        Min:  0.0, Avg:  0.0, Max:  0.0, Diff:  0.0, Sum:  0.0, Workers: 4
[1401.940s][debug][gc,phases      ] GC(184)     Dead                           Min: 0, Avg:  0.0, Max: 0, Diff: 0, Sum: 0, Workers: 4
[1401.940s][debug][gc,phases      ] GC(184)     Total                          Min: 0, Avg: 104.2, Max: 289, Diff: 289, Sum: 417, Workers: 4
[1401.940s][debug][gc,phases      ] GC(184)   JVMTI Tag Weak OopStorage      Min:  0.0, Avg:  0.0, Max:  0.0, Diff:  0.0, Sum:  0.0, Workers: 4
[1401.940s][debug][gc,phases      ] GC(184)     Dead                           Min: 0, Avg:  0.0, Max: 0, Diff: 0, Sum: 0, Workers: 4
[1401.940s][debug][gc,phases      ] GC(184)     Total                          Min: 0, Avg:  0.0, Max: 0, Diff: 0, Sum: 0, Workers: 4
[1401.940s][debug][gc,phases      ] GC(184)   StringTable Weak               Min:  0.1, Avg:  0.1, Max:  0.1, Diff:  0.0, Sum:  0.5, Workers: 4
[1401.940s][debug][gc,phases      ] GC(184)     Dead                           Min: 0, Avg:  0.0, Max: 0, Diff: 0, Sum: 0, Workers: 4
[1401.940s][debug][gc,phases      ] GC(184)     Total                          Min: 11520, Avg: 12010.5, Max: 12458, Diff: 938, Sum: 48042, Workers: 4
[1401.940s][debug][gc,phases      ] GC(184)   ResolvedMethodTable Weak       Min:  0.0, Avg:  0.0, Max:  0.0, Diff:  0.0, Sum:  0.1, Workers: 4
[1401.940s][debug][gc,phases      ] GC(184)     Dead                           Min: 0, Avg:  0.0, Max: 0, Diff: 0, Sum: 0, Workers: 4
[1401.940s][debug][gc,phases      ] GC(184)     Total                          Min: 1920, Avg: 2093.2, Max: 2293, Diff: 373, Sum: 8373, Workers: 4
[1401.940s][debug][gc,phases      ] GC(184)   JNI Weak                       Min:  0.0, Avg:  0.0, Max:  0.0, Diff:  0.0, Sum:  0.0, Workers: 4
[1401.940s][debug][gc,phases      ] GC(184)     Dead                           Min: 0, Avg:  0.0, Max: 0, Diff: 0, Sum: 0, Workers: 4
[1401.940s][debug][gc,phases      ] GC(184)     Total                          Min: 0, Avg:  0.5, Max: 2, Diff: 2, Sum: 2, Workers: 4
[1401.940s][debug][gc,phases      ] GC(184)   StringDedup Table Weak         Min:  0.0, Avg:  0.0, Max:  0.0, Diff:  0.0, Sum:  0.0, Workers: 4
[1401.940s][debug][gc,phases      ] GC(184)     Dead                           Min: 0, Avg:  0.0, Max: 0, Diff: 0, Sum: 0, Workers: 4
[1401.940s][debug][gc,phases      ] GC(184)     Total                          Min: 0, Avg:  0.0, Max: 0, Diff: 0, Sum: 0, Workers: 4
[1401.940s][debug][gc,phases      ] GC(184)   StringDedup Requests0 Weak     Min:  0.0, Avg:  0.0, Max:  0.0, Diff:  0.0, Sum:  0.0, Workers: 4
[1401.940s][debug][gc,phases      ] GC(184)     Dead                           Min: 0, Avg:  0.0, Max: 0, Diff: 0, Sum: 0, Workers: 4
[1401.940s][debug][gc,phases      ] GC(184)     Total                          Min: 0, Avg:  0.0, Max: 0, Diff: 0, Sum: 0, Workers: 4
[1401.940s][debug][gc,phases      ] GC(184)   StringDedup Requests1 Weak     Min:  0.0, Avg:  0.0, Max:  0.0, Diff:  0.0, Sum:  0.0, Workers: 4
[1401.940s][debug][gc,phases      ] GC(184)     Dead                           Min: 0, Avg:  0.0, Max: 0, Diff: 0, Sum: 0, Workers: 4
[1401.940s][debug][gc,phases      ] GC(184)     Total                          Min: 0, Avg:  0.0, Max: 0, Diff: 0, Sum: 0, Workers: 4
[1401.940s][debug][gc,phases      ] GC(184)   Weak JFR Old Object Samples    Min:  0.0, Avg:  0.0, Max:  0.0, Diff:  0.0, Sum:  0.0, Workers: 4
[1401.940s][debug][gc,phases      ] GC(184)     Dead                           Min: 0, Avg:  0.0, Max: 0, Diff: 0, Sum: 0, Workers: 4
[1401.940s][debug][gc,phases      ] GC(184)     Total                          Min: 0, Avg:  0.0, Max: 0, Diff: 0, Sum: 0, Workers: 4
[1401.940s][debug][gc,phases      ] GC(184) Weak Processing 0.354ms
[1401.940s][debug][gc,age         ] GC(184) Desired survivor size 128974848 bytes, new threshold 15 (max threshold 15)
[1401.940s][info ][gc,heap        ] GC(184) PSYoungGen: 1869382K(1951232K)->62198K(1971200K) Eden: 1812480K(1812480K)->0K(1838592K) From: 56902K(138752K)->62198K(132608K)
[1401.940s][info ][gc,heap        ] GC(184) ParOldGen: 532986K(631296K)->533550K(631296K)
[1401.940s][info ][gc,metaspace   ] GC(184) Metaspace: 83302K(84160K)->83302K(84160K) NonClass: 71679K(72128K)->71679K(72128K) Class: 11622K(12032K)->11622K(12032K)
[1401.941s][info ][gc             ] GC(184) Pause Young (Allocation Failure) 2346M->581M(2541M) 21.437ms
[1401.941s][info ][gc,cpu         ] GC(184) User=0.09s Sys=0.00s Real=0.02s
[1401.941s][info ][safepoint      ] Safepoint "ParallelGCFailedAllocation", Time since last: 711711918 ns, Reaching safepoint: 115702 ns, At safepoint: 21539321 ns, Total: 21655023 ns
[1403.941s][info ][safepoint      ] Safepoint "Cleanup", Time since last: 2000144614 ns, Reaching safepoint: 53801 ns, At safepoint: 2900 ns, Total: 56701 ns
[1404.941s][info ][safepoint      ] Safepoint "Cleanup", Time since last: 1000107458 ns, Reaching safepoint: 63401 ns, At safepoint: 9800 ns, Total: 73201 ns
[1405.941s][info ][safepoint      ] Safepoint "Cleanup", Time since last: 1000112458 ns, Reaching safepoint: 74301 ns, At safepoint: 8701 ns, Total: 83002 ns
[1406.941s][info ][safepoint      ] Safepoint "Cleanup", Time since last: 1000105757 ns, Reaching safepoint: 50701 ns, At safepoint: 8100 ns, Total: 58801 ns
[1407.941s][info ][safepoint      ] Safepoint "Cleanup", Time since last: 1000118658 ns, Reaching safepoint: 50701 ns, At safepoint: 10100 ns, Total: 60801 ns
[1408.942s][info ][safepoint      ] Safepoint "Cleanup", Time since last: 1000111057 ns, Reaching safepoint: 52902 ns, At safepoint: 8500 ns, Total: 61402 ns
[1409.942s][info ][safepoint      ] Safepoint "Cleanup", Time since last: 1000109857 ns, Reaching safepoint: 119302 ns, At safepoint: 6301 ns, Total: 125603 ns
[1410.008s][info ][gc,start       ] GC(185) Pause Young (Allocation Failure)
[1410.025s][debug][gc,phases      ] GC(185) Scavenge 17.079ms
[1410.025s][debug][gc,ref         ] GC(185) Skipped phase 1 of Reference Processing: no references
[1410.025s][debug][gc,ref         ] GC(185) ReferenceProcessor::execute queues: 1, RefProcThreadModel::Single, marks_oops_alive: false
[1410.025s][debug][gc,ref         ] GC(185) Skipped phase 3 of Reference Processing: no references
[1410.025s][debug][gc,ref         ] GC(185) ReferenceProcessor::execute queues: 1, RefProcThreadModel::Single, marks_oops_alive: false
[1410.025s][debug][gc,phases      ] GC(185) Reference Processing 0.147ms
[1410.025s][debug][gc,phases      ] GC(185)   VM Weak                        Min:  0.0, Avg:  0.0, Max:  0.0, Diff:  0.0, Sum:  0.0, Workers: 4
[1410.025s][debug][gc,phases      ] GC(185)     Dead                           Min: 0, Avg:  0.0, Max: 0, Diff: 0, Sum: 0, Workers: 4
[1410.025s][debug][gc,phases      ] GC(185)     Total                          Min: 0, Avg: 174.0, Max: 384, Diff: 384, Sum: 696, Workers: 4
[1410.025s][debug][gc,phases      ] GC(185)   ObjectSynchronizer Weak        Min:  0.0, Avg:  0.0, Max:  0.0, Diff:  0.0, Sum:  0.0, Workers: 4
[1410.025s][debug][gc,phases      ] GC(185)     Dead                           Min: 0, Avg:  0.0, Max: 0, Diff: 0, Sum: 0, Workers: 4
[1410.025s][debug][gc,phases      ] GC(185)     Total                          Min: 0, Avg: 104.2, Max: 225, Diff: 225, Sum: 417, Workers: 4
[1410.025s][debug][gc,phases      ] GC(185)   JVMTI Tag Weak OopStorage      Min:  0.0, Avg:  0.0, Max:  0.0, Diff:  0.0, Sum:  0.0, Workers: 4
[1410.025s][debug][gc,phases      ] GC(185)     Dead                           Min: 0, Avg:  0.0, Max: 0, Diff: 0, Sum: 0, Workers: 4
[1410.025s][debug][gc,phases      ] GC(185)     Total                          Min: 0, Avg:  0.0, Max: 0, Diff: 0, Sum: 0, Workers: 4
[1410.025s][debug][gc,phases      ] GC(185)   StringTable Weak               Min:  0.1, Avg:  0.1, Max:  0.1, Diff:  0.0, Sum:  0.5, Workers: 4
[1410.025s][debug][gc,phases      ] GC(185)     Dead                           Min: 0, Avg:  0.0, Max: 0, Diff: 0, Sum: 0, Workers: 4
[1410.025s][debug][gc,phases      ] GC(185)     Total                          Min: 11648, Avg: 12012.8, Max: 12736, Diff: 1088, Sum: 48051, Workers: 4
[1410.025s][debug][gc,phases      ] GC(185)   ResolvedMethodTable Weak       Min:  0.0, Avg:  0.0, Max:  0.0, Diff:  0.0, Sum:  0.1, Workers: 4
[1410.025s][debug][gc,phases      ] GC(185)     Dead                           Min: 0, Avg:  0.0, Max: 0, Diff: 0, Sum: 0, Workers: 4
[1410.025s][debug][gc,phases      ] GC(185)     Total                          Min: 1985, Avg: 2096.2, Max: 2176, Diff: 191, Sum: 8385, Workers: 4
[1410.025s][debug][gc,phases      ] GC(185)   JNI Weak                       Min:  0.0, Avg:  0.0, Max:  0.0, Diff:  0.0, Sum:  0.0, Workers: 4
[1410.025s][debug][gc,phases      ] GC(185)     Dead                           Min: 0, Avg:  0.0, Max: 0, Diff: 0, Sum: 0, Workers: 4
[1410.025s][debug][gc,phases      ] GC(185)     Total                          Min: 0, Avg:  0.0, Max: 0, Diff: 0, Sum: 0, Workers: 4
[1410.025s][debug][gc,phases      ] GC(185)   StringDedup Table Weak         Min:  0.0, Avg:  0.0, Max:  0.0, Diff:  0.0, Sum:  0.0, Workers: 4
[1410.025s][debug][gc,phases      ] GC(185)     Dead                           Min: 0, Avg:  0.0, Max: 0, Diff: 0, Sum: 0, Workers: 4
[1410.025s][debug][gc,phases      ] GC(185)     Total                          Min: 0, Avg:  0.0, Max: 0, Diff: 0, Sum: 0, Workers: 4
[1410.025s][debug][gc,phases      ] GC(185)   StringDedup Requests0 Weak     Min:  0.0, Avg:  0.0, Max:  0.0, Diff:  0.0, Sum:  0.0, Workers: 4
[1410.025s][debug][gc,phases      ] GC(185)     Dead                           Min: 0, Avg:  0.0, Max: 0, Diff: 0, Sum: 0, Workers: 4
[1410.025s][debug][gc,phases      ] GC(185)     Total                          Min: 0, Avg:  0.0, Max: 0, Diff: 0, Sum: 0, Workers: 4
[1410.025s][debug][gc,phases      ] GC(185)   StringDedup Requests1 Weak     Min:  0.0, Avg:  0.0, Max:  0.0, Diff:  0.0, Sum:  0.0, Workers: 4
[1410.025s][debug][gc,phases      ] GC(185)     Dead                           Min: 0, Avg:  0.0, Max: 0, Diff: 0, Sum: 0, Workers: 4
[1410.025s][debug][gc,phases      ] GC(185)     Total                          Min: 0, Avg:  0.0, Max: 0, Diff: 0, Sum: 0, Workers: 4
[1410.025s][debug][gc,phases      ] GC(185)   Weak JFR Old Object Samples    Min:  0.0, Avg:  0.0, Max:  0.0, Diff:  0.0, Sum:  0.0, Workers: 4
[1410.025s][debug][gc,phases      ] GC(185)     Dead                           Min: 0, Avg:  0.0, Max: 0, Diff: 0, Sum: 0, Workers: 4
[1410.025s][debug][gc,phases      ] GC(185)     Total                          Min: 0, Avg:  0.0, Max: 0, Diff: 0, Sum: 0, Workers: 4
[1410.025s][debug][gc,phases      ] GC(185) Weak Processing 0.353ms
[1410.025s][debug][gc,age         ] GC(185) Desired survivor size 123731968 bytes, new threshold 15 (max threshold 15)
[1410.025s][info ][gc,heap        ] GC(185) PSYoungGen: 1900790K(1971200K)->54534K(1964544K) Eden: 1838592K(1838592K)->0K(1838592K) From: 62198K(132608K)->54534K(125952K)
[1410.025s][info ][gc,heap        ] GC(185) ParOldGen: 533550K(631296K)->537399K(631296K)
[1410.025s][info ][gc,metaspace   ] GC(185) Metaspace: 83336K(84224K)->83336K(84224K) NonClass: 71710K(72192K)->71710K(72192K) Class: 11625K(12032K)->11625K(12032K)
[1410.025s][info ][gc             ] GC(185) Pause Young (Allocation Failure) 2377M->578M(2535M) 17.715ms
[1410.025s][info ][gc,cpu         ] GC(185) User=0.06s Sys=0.01s Real=0.02s
[1410.025s][info ][safepoint      ] Safepoint "ParallelGCFailedAllocation", Time since last: 65630483 ns, Reaching safepoint: 94002 ns, At safepoint: 17801648 ns, Total: 17895650 ns
[1412.026s][info ][safepoint      ] Safepoint "Cleanup", Time since last: 2000150213 ns, Reaching safepoint: 65502 ns, At safepoint: 5200 ns, Total: 70702 ns
[1415.026s][info ][safepoint      ] Safepoint "Cleanup", Time since last: 3000251370 ns, Reaching safepoint: 55101 ns, At safepoint: 5000 ns, Total: 60101 ns
[1416.026s][info ][safepoint      ] Safepoint "Cleanup", Time since last: 1000102357 ns, Reaching safepoint: 53601 ns, At safepoint: 3200 ns, Total: 56801 ns
[1417.026s][info ][safepoint      ] Safepoint "Cleanup", Time since last: 1000108358 ns, Reaching safepoint: 113502 ns, At safepoint: 13100 ns, Total: 126602 ns
[1418.027s][info ][safepoint      ] Safepoint "Cleanup", Time since last: 1000110657 ns, Reaching safepoint: 121403 ns, At safepoint: 14800 ns, Total: 136203 ns
[1418.538s][info ][gc,start       ] GC(186) Pause Young (Allocation Failure)
[1418.558s][debug][gc,phases      ] GC(186) Scavenge 19.510ms
[1418.558s][debug][gc,ref         ] GC(186) Skipped phase 1 of Reference Processing: no references
[1418.558s][debug][gc,ref         ] GC(186) ReferenceProcessor::execute queues: 1, RefProcThreadModel::Single, marks_oops_alive: false
[1418.558s][debug][gc,ref         ] GC(186) Skipped phase 3 of Reference Processing: no references
[1418.558s][debug][gc,ref         ] GC(186) ReferenceProcessor::execute queues: 1, RefProcThreadModel::Single, marks_oops_alive: false
[1418.558s][debug][gc,phases      ] GC(186) Reference Processing 0.127ms
[1418.558s][debug][gc,phases      ] GC(186)   VM Weak                        Min:  0.0, Avg:  0.0, Max:  0.0, Diff:  0.0, Sum:  0.0, Workers: 4
[1418.558s][debug][gc,phases      ] GC(186)     Dead                           Min: 0, Avg:  0.0, Max: 0, Diff: 0, Sum: 0, Workers: 4
[1418.558s][debug][gc,phases      ] GC(186)     Total                          Min: 0, Avg: 174.0, Max: 376, Diff: 376, Sum: 696, Workers: 4
[1418.558s][debug][gc,phases      ] GC(186)   ObjectSynchronizer Weak        Min:  0.0, Avg:  0.0, Max:  0.0, Diff:  0.0, Sum:  0.0, Workers: 4
[1418.558s][debug][gc,phases      ] GC(186)     Dead                           Min: 0, Avg:  0.0, Max: 0, Diff: 0, Sum: 0, Workers: 4
[1418.558s][debug][gc,phases      ] GC(186)     Total                          Min: 64, Avg: 104.2, Max: 128, Diff: 64, Sum: 417, Workers: 4
[1418.558s][debug][gc,phases      ] GC(186)   JVMTI Tag Weak OopStorage      Min:  0.0, Avg:  0.0, Max:  0.0, Diff:  0.0, Sum:  0.0, Workers: 4
[1418.558s][debug][gc,phases      ] GC(186)     Dead                           Min: 0, Avg:  0.0, Max: 0, Diff: 0, Sum: 0, Workers: 4
[1418.558s][debug][gc,phases      ] GC(186)     Total                          Min: 0, Avg:  0.0, Max: 0, Diff: 0, Sum: 0, Workers: 4
[1418.558s][debug][gc,phases      ] GC(186)   StringTable Weak               Min:  0.1, Avg:  0.1, Max:  0.1, Diff:  0.0, Sum:  0.5, Workers: 4
[1418.558s][debug][gc,phases      ] GC(186)     Dead                           Min: 0, Avg:  0.0, Max: 0, Diff: 0, Sum: 0, Workers: 4
[1418.558s][debug][gc,phases      ] GC(186)     Total                          Min: 10803, Avg: 12012.8, Max: 12928, Diff: 2125, Sum: 48051, Workers: 4
[1418.558s][debug][gc,phases      ] GC(186)   ResolvedMethodTable Weak       Min:  0.0, Avg:  0.0, Max:  0.0, Diff:  0.0, Sum:  0.1, Workers: 4
[1418.558s][debug][gc,phases      ] GC(186)     Dead                           Min: 0, Avg:  0.0, Max: 0, Diff: 0, Sum: 0, Workers: 4
[1418.558s][debug][gc,phases      ] GC(186)     Total                          Min: 1921, Avg: 2096.2, Max: 2304, Diff: 383, Sum: 8385, Workers: 4
[1418.558s][debug][gc,phases      ] GC(186)   JNI Weak                       Min:  0.0, Avg:  0.0, Max:  0.0, Diff:  0.0, Sum:  0.0, Workers: 4
[1418.558s][debug][gc,phases      ] GC(186)     Dead                           Min: 0, Avg:  0.0, Max: 0, Diff: 0, Sum: 0, Workers: 4
[1418.558s][debug][gc,phases      ] GC(186)     Total                          Min: 0, Avg:  0.0, Max: 0, Diff: 0, Sum: 0, Workers: 4
[1418.558s][debug][gc,phases      ] GC(186)   StringDedup Table Weak         Min:  0.0, Avg:  0.0, Max:  0.0, Diff:  0.0, Sum:  0.0, Workers: 4
[1418.558s][debug][gc,phases      ] GC(186)     Dead                           Min: 0, Avg:  0.0, Max: 0, Diff: 0, Sum: 0, Workers: 4
[1418.558s][debug][gc,phases      ] GC(186)     Total                          Min: 0, Avg:  0.0, Max: 0, Diff: 0, Sum: 0, Workers: 4
[1418.558s][debug][gc,phases      ] GC(186)   StringDedup Requests0 Weak     Min:  0.0, Avg:  0.0, Max:  0.0, Diff:  0.0, Sum:  0.0, Workers: 4
[1418.558s][debug][gc,phases      ] GC(186)     Dead                           Min: 0, Avg:  0.0, Max: 0, Diff: 0, Sum: 0, Workers: 4
[1418.558s][debug][gc,phases      ] GC(186)     Total                          Min: 0, Avg:  0.0, Max: 0, Diff: 0, Sum: 0, Workers: 4
[1418.558s][debug][gc,phases      ] GC(186)   StringDedup Requests1 Weak     Min:  0.0, Avg:  0.0, Max:  0.0, Diff:  0.0, Sum:  0.0, Workers: 4
[1418.558s][debug][gc,phases      ] GC(186)     Dead                           Min: 0, Avg:  0.0, Max: 0, Diff: 0, Sum: 0, Workers: 4
[1418.558s][debug][gc,phases      ] GC(186)     Total                          Min: 0, Avg:  0.0, Max: 0, Diff: 0, Sum: 0, Workers: 4
[1418.558s][debug][gc,phases      ] GC(186)   Weak JFR Old Object Samples    Min:  0.0, Avg:  0.0, Max:  0.0, Diff:  0.0, Sum:  0.0, Workers: 4
[1418.558s][debug][gc,phases      ] GC(186)     Dead                           Min: 0, Avg:  0.0, Max: 0, Diff: 0, Sum: 0, Workers: 4
[1418.558s][debug][gc,phases      ] GC(186)     Total                          Min: 0, Avg:  0.0, Max: 0, Diff: 0, Sum: 0, Workers: 4
[1418.558s][debug][gc,phases      ] GC(186) Weak Processing 0.345ms
[1418.558s][debug][gc,age         ] GC(186) Desired survivor size 119013376 bytes, new threshold 15 (max threshold 15)
[1418.558s][info ][gc,heap        ] GC(186) PSYoungGen: 1893126K(1964544K)->55045K(1980928K) Eden: 1838592K(1838592K)->0K(1860096K) From: 54534K(125952K)->55045K(120832K)
[1418.558s][info ][gc,heap        ] GC(186) ParOldGen: 537399K(631296K)->538507K(631296K)
[1418.558s][info ][gc,metaspace   ] GC(186) Metaspace: 83357K(84224K)->83357K(84224K) NonClass: 71731K(72192K)->71731K(72192K) Class: 11625K(12032K)->11625K(12032K)
[1418.558s][info ][gc             ] GC(186) Pause Young (Allocation Failure) 2373M->579M(2551M) 20.146ms
[1418.558s][info ][gc,cpu         ] GC(186) User=0.07s Sys=0.00s Real=0.02s
[1418.558s][info ][safepoint      ] Safepoint "ParallelGCFailedAllocation", Time since last: 511328399 ns, Reaching safepoint: 23600 ns, At safepoint: 20231496 ns, Total: 20255096 ns
[1419.558s][info ][safepoint      ] Safepoint "Cleanup", Time since last: 1000090557 ns, Reaching safepoint: 47601 ns, At safepoint: 3500 ns, Total: 51101 ns
[1422.559s][info ][safepoint      ] Safepoint "Cleanup", Time since last: 3000245869 ns, Reaching safepoint: 52601 ns, At safepoint: 7700 ns, Total: 60301 ns
[1424.559s][info ][safepoint      ] Safepoint "Cleanup", Time since last: 2000151513 ns, Reaching safepoint: 43501 ns, At safepoint: 14000 ns, Total: 57501 ns
[1425.559s][info ][safepoint      ] Safepoint "Cleanup", Time since last: 1000099157 ns, Reaching safepoint: 56101 ns, At safepoint: 9500 ns, Total: 65601 ns
[1427.559s][info ][safepoint      ] Safepoint "Cleanup", Time since last: 2000172213 ns, Reaching safepoint: 49701 ns, At safepoint: 15000 ns, Total: 64701 ns
[1428.097s][info ][gc,start       ] GC(187) Pause Young (Allocation Failure)
[1428.113s][debug][gc,phases      ] GC(187) Scavenge 16.214ms
[1428.113s][debug][gc,ref         ] GC(187) Skipped phase 1 of Reference Processing: no references
[1428.113s][debug][gc,ref         ] GC(187) ReferenceProcessor::execute queues: 1, RefProcThreadModel::Single, marks_oops_alive: false
[1428.113s][debug][gc,ref         ] GC(187) Skipped phase 3 of Reference Processing: no references
[1428.113s][debug][gc,ref         ] GC(187) ReferenceProcessor::execute queues: 1, RefProcThreadModel::Single, marks_oops_alive: false
[1428.113s][debug][gc,phases      ] GC(187) Reference Processing 0.139ms
[1428.114s][debug][gc,phases      ] GC(187)   VM Weak                        Min:  0.0, Avg:  0.0, Max:  0.0, Diff:  0.0, Sum:  0.0, Workers: 4
[1428.114s][debug][gc,phases      ] GC(187)     Dead                           Min: 0, Avg:  0.0, Max: 0, Diff: 0, Sum: 0, Workers: 4
[1428.114s][debug][gc,phases      ] GC(187)     Total                          Min: 0, Avg: 174.0, Max: 448, Diff: 448, Sum: 696, Workers: 4
[1428.114s][debug][gc,phases      ] GC(187)   ObjectSynchronizer Weak        Min:  0.0, Avg:  0.0, Max:  0.0, Diff:  0.0, Sum:  0.0, Workers: 4
[1428.114s][debug][gc,phases      ] GC(187)     Dead                           Min: 0, Avg:  0.0, Max: 0, Diff: 0, Sum: 0, Workers: 4
[1428.114s][debug][gc,phases      ] GC(187)     Total                          Min: 0, Avg: 104.2, Max: 225, Diff: 225, Sum: 417, Workers: 4
[1428.114s][debug][gc,phases      ] GC(187)   JVMTI Tag Weak OopStorage      Min:  0.0, Avg:  0.0, Max:  0.0, Diff:  0.0, Sum:  0.0, Workers: 4
[1428.114s][debug][gc,phases      ] GC(187)     Dead                           Min: 0, Avg:  0.0, Max: 0, Diff: 0, Sum: 0, Workers: 4
[1428.114s][debug][gc,phases      ] GC(187)     Total                          Min: 0, Avg:  0.0, Max: 0, Diff: 0, Sum: 0, Workers: 4
[1428.114s][debug][gc,phases      ] GC(187)   StringTable Weak               Min:  0.1, Avg:  0.1, Max:  0.1, Diff:  0.0, Sum:  0.5, Workers: 4
[1428.114s][debug][gc,phases      ] GC(187)     Dead                           Min: 0, Avg:  0.0, Max: 0, Diff: 0, Sum: 0, Workers: 4
[1428.114s][debug][gc,phases      ] GC(187)     Total                          Min: 10944, Avg: 12012.8, Max: 12928, Diff: 1984, Sum: 48051, Workers: 4
[1428.114s][debug][gc,phases      ] GC(187)   ResolvedMethodTable Weak       Min:  0.0, Avg:  0.0, Max:  0.0, Diff:  0.0, Sum:  0.1, Workers: 4
[1428.114s][debug][gc,phases      ] GC(187)     Dead                           Min: 0, Avg:  0.0, Max: 0, Diff: 0, Sum: 0, Workers: 4
[1428.114s][debug][gc,phases      ] GC(187)     Total                          Min: 1920, Avg: 2096.2, Max: 2368, Diff: 448, Sum: 8385, Workers: 4
[1428.114s][debug][gc,phases      ] GC(187)   JNI Weak                       Min:  0.0, Avg:  0.0, Max:  0.0, Diff:  0.0, Sum:  0.0, Workers: 4
[1428.114s][debug][gc,phases      ] GC(187)     Dead                           Min: 0, Avg:  0.0, Max: 0, Diff: 0, Sum: 0, Workers: 4
[1428.114s][debug][gc,phases      ] GC(187)     Total                          Min: 0, Avg:  0.0, Max: 0, Diff: 0, Sum: 0, Workers: 4
[1428.114s][debug][gc,phases      ] GC(187)   StringDedup Table Weak         Min:  0.0, Avg:  0.0, Max:  0.0, Diff:  0.0, Sum:  0.0, Workers: 4
[1428.114s][debug][gc,phases      ] GC(187)     Dead                           Min: 0, Avg:  0.0, Max: 0, Diff: 0, Sum: 0, Workers: 4
[1428.114s][debug][gc,phases      ] GC(187)     Total                          Min: 0, Avg:  0.0, Max: 0, Diff: 0, Sum: 0, Workers: 4
[1428.114s][debug][gc,phases      ] GC(187)   StringDedup Requests0 Weak     Min:  0.0, Avg:  0.0, Max:  0.0, Diff:  0.0, Sum:  0.0, Workers: 4
[1428.114s][debug][gc,phases      ] GC(187)     Dead                           Min: 0, Avg:  0.0, Max: 0, Diff: 0, Sum: 0, Workers: 4
[1428.114s][debug][gc,phases      ] GC(187)     Total                          Min: 0, Avg:  0.0, Max: 0, Diff: 0, Sum: 0, Workers: 4
[1428.114s][debug][gc,phases      ] GC(187)   StringDedup Requests1 Weak     Min:  0.0, Avg:  0.0, Max:  0.0, Diff:  0.0, Sum:  0.0, Workers: 4
[1428.114s][debug][gc,phases      ] GC(187)     Dead                           Min: 0, Avg:  0.0, Max: 0, Diff: 0, Sum: 0, Workers: 4
[1428.114s][debug][gc,phases      ] GC(187)     Total                          Min: 0, Avg:  0.0, Max: 0, Diff: 0, Sum: 0, Workers: 4
[1428.114s][debug][gc,phases      ] GC(187)   Weak JFR Old Object Samples    Min:  0.0, Avg:  0.0, Max:  0.0, Diff:  0.0, Sum:  0.0, Workers: 4
[1428.114s][debug][gc,phases      ] GC(187)     Dead                           Min: 0, Avg:  0.0, Max: 0, Diff: 0, Sum: 0, Workers: 4
[1428.114s][debug][gc,phases      ] GC(187)     Total                          Min: 0, Avg:  0.0, Max: 0, Diff: 0, Sum: 0, Workers: 4
[1428.114s][debug][gc,phases      ] GC(187) Weak Processing 0.361ms
[1428.114s][debug][gc,age         ] GC(187) Desired survivor size 114819072 bytes, new threshold 15 (max threshold 15)
[1428.114s][info ][gc,heap        ] GC(187) PSYoungGen: 1915141K(1980928K)->53477K(1976320K) Eden: 1860096K(1860096K)->0K(1860096K) From: 55045K(120832K)->53477K(116224K)
[1428.114s][info ][gc,heap        ] GC(187) ParOldGen: 538507K(631296K)->540048K(631296K)
[1428.114s][info ][gc,metaspace   ] GC(187) Metaspace: 83366K(84224K)->83366K(84224K) NonClass: 71740K(72192K)->71740K(72192K) Class: 11625K(12032K)->11625K(12032K)
[1428.114s][info ][gc             ] GC(187) Pause Young (Allocation Failure) 2396M->579M(2546M) 16.859ms
[1428.114s][info ][gc,cpu         ] GC(187) User=0.07s Sys=0.00s Real=0.02s
[1428.114s][info ][safepoint      ] Safepoint "ParallelGCFailedAllocation", Time since last: 537551112 ns, Reaching safepoint: 98002 ns, At safepoint: 16968431 ns, Total: 17066433 ns
[1433.114s][info ][safepoint      ] Safepoint "Cleanup", Time since last: 5000347780 ns, Reaching safepoint: 51101 ns, At safepoint: 8200 ns, Total: 59301 ns
[1435.114s][info ][safepoint      ] Safepoint "Cleanup", Time since last: 2000175612 ns, Reaching safepoint: 43201 ns, At safepoint: 4300 ns, Total: 47501 ns
[1436.288s][info ][gc,start       ] GC(188) Pause Young (Allocation Failure)
[1436.305s][debug][gc,phases      ] GC(188) Scavenge 16.696ms
[1436.305s][debug][gc,ref         ] GC(188) Skipped phase 1 of Reference Processing: no references
[1436.305s][debug][gc,ref         ] GC(188) ReferenceProcessor::execute queues: 1, RefProcThreadModel::Single, marks_oops_alive: false
[1436.305s][debug][gc,ref         ] GC(188) Skipped phase 3 of Reference Processing: no references
[1436.305s][debug][gc,ref         ] GC(188) ReferenceProcessor::execute queues: 1, RefProcThreadModel::Single, marks_oops_alive: false
[1436.305s][debug][gc,phases      ] GC(188) Reference Processing 0.126ms
[1436.305s][debug][gc,phases      ] GC(188)   VM Weak                        Min:  0.0, Avg:  0.0, Max:  0.0, Diff:  0.0, Sum:  0.0, Workers: 4
[1436.305s][debug][gc,phases      ] GC(188)     Dead                           Min: 0, Avg:  0.0, Max: 0, Diff: 0, Sum: 0, Workers: 4
[1436.305s][debug][gc,phases      ] GC(188)     Total                          Min: 0, Avg: 174.0, Max: 576, Diff: 576, Sum: 696, Workers: 4
[1436.305s][debug][gc,phases      ] GC(188)   ObjectSynchronizer Weak        Min:  0.0, Avg:  0.0, Max:  0.0, Diff:  0.0, Sum:  0.0, Workers: 4
[1436.305s][debug][gc,phases      ] GC(188)     Dead                           Min: 0, Avg:  0.0, Max: 0, Diff: 0, Sum: 0, Workers: 4
[1436.305s][debug][gc,phases      ] GC(188)     Total                          Min: 0, Avg: 104.2, Max: 192, Diff: 192, Sum: 417, Workers: 4
[1436.305s][debug][gc,phases      ] GC(188)   JVMTI Tag Weak OopStorage      Min:  0.0, Avg:  0.0, Max:  0.0, Diff:  0.0, Sum:  0.0, Workers: 4
[1436.305s][debug][gc,phases      ] GC(188)     Dead                           Min: 0, Avg:  0.0, Max: 0, Diff: 0, Sum: 0, Workers: 4
[1436.305s][debug][gc,phases      ] GC(188)     Total                          Min: 0, Avg:  0.0, Max: 0, Diff: 0, Sum: 0, Workers: 4
[1436.305s][debug][gc,phases      ] GC(188)   StringTable Weak               Min:  0.1, Avg:  0.1, Max:  0.1, Diff:  0.0, Sum:  0.4, Workers: 4
[1436.305s][debug][gc,phases      ] GC(188)     Dead                           Min: 0, Avg:  0.0, Max: 0, Diff: 0, Sum: 0, Workers: 4
[1436.305s][debug][gc,phases      ] GC(188)     Total                          Min: 11571, Avg: 12012.8, Max: 12480, Diff: 909, Sum: 48051, Workers: 4
[1436.305s][debug][gc,phases      ] GC(188)   ResolvedMethodTable Weak       Min:  0.0, Avg:  0.0, Max:  0.0, Diff:  0.0, Sum:  0.1, Workers: 4
[1436.305s][debug][gc,phases      ] GC(188)     Dead                           Min: 0, Avg:  0.0, Max: 0, Diff: 0, Sum: 0, Workers: 4
[1436.305s][debug][gc,phases      ] GC(188)     Total                          Min: 1920, Avg: 2096.2, Max: 2240, Diff: 320, Sum: 8385, Workers: 4
[1436.305s][debug][gc,phases      ] GC(188)   JNI Weak                       Min:  0.0, Avg:  0.0, Max:  0.0, Diff:  0.0, Sum:  0.0, Workers: 4
[1436.305s][debug][gc,phases      ] GC(188)     Dead                           Min: 0, Avg:  0.0, Max: 0, Diff: 0, Sum: 0, Workers: 4
[1436.305s][debug][gc,phases      ] GC(188)     Total                          Min: 0, Avg:  0.0, Max: 0, Diff: 0, Sum: 0, Workers: 4
[1436.305s][debug][gc,phases      ] GC(188)   StringDedup Table Weak         Min:  0.0, Avg:  0.0, Max:  0.0, Diff:  0.0, Sum:  0.0, Workers: 4
[1436.305s][debug][gc,phases      ] GC(188)     Dead                           Min: 0, Avg:  0.0, Max: 0, Diff: 0, Sum: 0, Workers: 4
[1436.305s][debug][gc,phases      ] GC(188)     Total                          Min: 0, Avg:  0.0, Max: 0, Diff: 0, Sum: 0, Workers: 4
[1436.305s][debug][gc,phases      ] GC(188)   StringDedup Requests0 Weak     Min:  0.0, Avg:  0.0, Max:  0.0, Diff:  0.0, Sum:  0.0, Workers: 4
[1436.305s][debug][gc,phases      ] GC(188)     Dead                           Min: 0, Avg:  0.0, Max: 0, Diff: 0, Sum: 0, Workers: 4
[1436.305s][debug][gc,phases      ] GC(188)     Total                          Min: 0, Avg:  0.0, Max: 0, Diff: 0, Sum: 0, Workers: 4
[1436.305s][debug][gc,phases      ] GC(188)   StringDedup Requests1 Weak     Min:  0.0, Avg:  0.0, Max:  0.0, Diff:  0.0, Sum:  0.0, Workers: 4
[1436.305s][debug][gc,phases      ] GC(188)     Dead                           Min: 0, Avg:  0.0, Max: 0, Diff: 0, Sum: 0, Workers: 4
[1436.305s][debug][gc,phases      ] GC(188)     Total                          Min: 0, Avg:  0.0, Max: 0, Diff: 0, Sum: 0, Workers: 4
[1436.305s][debug][gc,phases      ] GC(188)   Weak JFR Old Object Samples    Min:  0.0, Avg:  0.0, Max:  0.0, Diff:  0.0, Sum:  0.0, Workers: 4
[1436.305s][debug][gc,phases      ] GC(188)     Dead                           Min: 0, Avg:  0.0, Max: 0, Diff: 0, Sum: 0, Workers: 4
[1436.305s][debug][gc,phases      ] GC(188)     Total                          Min: 0, Avg:  0.0, Max: 0, Diff: 0, Sum: 0, Workers: 4
[1436.305s][debug][gc,phases      ] GC(188) Weak Processing 0.342ms
[1436.305s][debug][gc,age         ] GC(188) Desired survivor size 110624768 bytes, new threshold 15 (max threshold 15)
[1436.305s][info ][gc,heap        ] GC(188) PSYoungGen: 1913573K(1976320K)->55237K(1989120K) Eden: 1860096K(1860096K)->0K(1876992K) From: 53477K(116224K)->55237K(112128K)
[1436.305s][info ][gc,heap        ] GC(188) ParOldGen: 540048K(631296K)->540332K(631296K)
[1436.305s][info ][gc,metaspace   ] GC(188) Metaspace: 83369K(84224K)->83369K(84224K) NonClass: 71744K(72192K)->71744K(72192K) Class: 11625K(12032K)->11625K(12032K)
[1436.305s][info ][gc             ] GC(188) Pause Young (Allocation Failure) 2396M->581M(2559M) 17.300ms
[1436.305s][info ][gc,cpu         ] GC(188) User=0.07s Sys=0.00s Real=0.02s
[1436.305s][info ][safepoint      ] Safepoint "ParallelGCFailedAllocation", Time since last: 1173382845 ns, Reaching safepoint: 106302 ns, At safepoint: 17380540 ns, Total: 17486842 ns
[1440.306s][info ][safepoint      ] Safepoint "Cleanup", Time since last: 4000291223 ns, Reaching safepoint: 51801 ns, At safepoint: 8000 ns, Total: 59801 ns
[1441.306s][info ][safepoint      ] Safepoint "Cleanup", Time since last: 1000077956 ns, Reaching safepoint: 50901 ns, At safepoint: 9900 ns, Total: 60801 ns
[1443.306s][info ][safepoint      ] Safepoint "Cleanup", Time since last: 2000174412 ns, Reaching safepoint: 51301 ns, At safepoint: 6900 ns, Total: 58201 ns
[1444.306s][info ][safepoint      ] Safepoint "Cleanup", Time since last: 1000089556 ns, Reaching safepoint: 43001 ns, At safepoint: 2800 ns, Total: 45801 ns
[1446.626s][info ][gc,start       ] GC(189) Pause Young (Allocation Failure)
[1446.642s][debug][gc,phases      ] GC(189) Scavenge 16.104ms
[1446.642s][debug][gc,ref         ] GC(189) Skipped phase 1 of Reference Processing: no references
[1446.642s][debug][gc,ref         ] GC(189) ReferenceProcessor::execute queues: 1, RefProcThreadModel::Single, marks_oops_alive: false
[1446.642s][debug][gc,ref         ] GC(189) Skipped phase 3 of Reference Processing: no references
[1446.642s][debug][gc,ref         ] GC(189) ReferenceProcessor::execute queues: 1, RefProcThreadModel::Single, marks_oops_alive: false
[1446.642s][debug][gc,phases      ] GC(189) Reference Processing 0.162ms
[1446.642s][debug][gc,phases      ] GC(189)   VM Weak                        Min:  0.0, Avg:  0.0, Max:  0.0, Diff:  0.0, Sum:  0.0, Workers: 4
[1446.642s][debug][gc,phases      ] GC(189)     Dead                           Min: 0, Avg:  0.0, Max: 0, Diff: 0, Sum: 0, Workers: 4
[1446.642s][debug][gc,phases      ] GC(189)     Total                          Min: 0, Avg: 174.0, Max: 696, Diff: 696, Sum: 696, Workers: 4
[1446.642s][debug][gc,phases      ] GC(189)   ObjectSynchronizer Weak        Min:  0.0, Avg:  0.0, Max:  0.0, Diff:  0.0, Sum:  0.0, Workers: 4
[1446.642s][debug][gc,phases      ] GC(189)     Dead                           Min: 0, Avg:  0.0, Max: 0, Diff: 0, Sum: 0, Workers: 4
[1446.642s][debug][gc,phases      ] GC(189)     Total                          Min: 0, Avg: 104.8, Max: 227, Diff: 227, Sum: 419, Workers: 4
[1446.642s][debug][gc,phases      ] GC(189)   JVMTI Tag Weak OopStorage      Min:  0.0, Avg:  0.0, Max:  0.0, Diff:  0.0, Sum:  0.0, Workers: 4
[1446.642s][debug][gc,phases      ] GC(189)     Dead                           Min: 0, Avg:  0.0, Max: 0, Diff: 0, Sum: 0, Workers: 4
[1446.642s][debug][gc,phases      ] GC(189)     Total                          Min: 0, Avg:  0.0, Max: 0, Diff: 0, Sum: 0, Workers: 4
[1446.642s][debug][gc,phases      ] GC(189)   StringTable Weak               Min:  0.1, Avg:  0.1, Max:  0.1, Diff:  0.0, Sum:  0.5, Workers: 4
[1446.642s][debug][gc,phases      ] GC(189)     Dead                           Min: 0, Avg:  0.0, Max: 0, Diff: 0, Sum: 0, Workers: 4
[1446.642s][debug][gc,phases      ] GC(189)     Total                          Min: 11572, Avg: 12013.0, Max: 12544, Diff: 972, Sum: 48052, Workers: 4
[1446.642s][debug][gc,phases      ] GC(189)   ResolvedMethodTable Weak       Min:  0.0, Avg:  0.0, Max:  0.0, Diff:  0.0, Sum:  0.1, Workers: 4
[1446.642s][debug][gc,phases      ] GC(189)     Dead                           Min: 0, Avg:  0.0, Max: 0, Diff: 0, Sum: 0, Workers: 4
[1446.642s][debug][gc,phases      ] GC(189)     Total                          Min: 1856, Avg: 2096.2, Max: 2304, Diff: 448, Sum: 8385, Workers: 4
[1446.642s][debug][gc,phases      ] GC(189)   JNI Weak                       Min:  0.0, Avg:  0.0, Max:  0.0, Diff:  0.0, Sum:  0.0, Workers: 4
[1446.642s][debug][gc,phases      ] GC(189)     Dead                           Min: 0, Avg:  0.0, Max: 0, Diff: 0, Sum: 0, Workers: 4
[1446.642s][debug][gc,phases      ] GC(189)     Total                          Min: 0, Avg:  0.0, Max: 0, Diff: 0, Sum: 0, Workers: 4
[1446.642s][debug][gc,phases      ] GC(189)   StringDedup Table Weak         Min:  0.0, Avg:  0.0, Max:  0.0, Diff:  0.0, Sum:  0.0, Workers: 4
[1446.642s][debug][gc,phases      ] GC(189)     Dead                           Min: 0, Avg:  0.0, Max: 0, Diff: 0, Sum: 0, Workers: 4
[1446.642s][debug][gc,phases      ] GC(189)     Total                          Min: 0, Avg:  0.0, Max: 0, Diff: 0, Sum: 0, Workers: 4
[1446.642s][debug][gc,phases      ] GC(189)   StringDedup Requests0 Weak     Min:  0.0, Avg:  0.0, Max:  0.0, Diff:  0.0, Sum:  0.0, Workers: 4
[1446.642s][debug][gc,phases      ] GC(189)     Dead                           Min: 0, Avg:  0.0, Max: 0, Diff: 0, Sum: 0, Workers: 4
[1446.642s][debug][gc,phases      ] GC(189)     Total                          Min: 0, Avg:  0.0, Max: 0, Diff: 0, Sum: 0, Workers: 4
[1446.642s][debug][gc,phases      ] GC(189)   StringDedup Requests1 Weak     Min:  0.0, Avg:  0.0, Max:  0.0, Diff:  0.0, Sum:  0.0, Workers: 4
[1446.642s][debug][gc,phases      ] GC(189)     Dead                           Min: 0, Avg:  0.0, Max: 0, Diff: 0, Sum: 0, Workers: 4
[1446.642s][debug][gc,phases      ] GC(189)     Total                          Min: 0, Avg:  0.0, Max: 0, Diff: 0, Sum: 0, Workers: 4
[1446.642s][debug][gc,phases      ] GC(189)   Weak JFR Old Object Samples    Min:  0.0, Avg:  0.0, Max:  0.0, Diff:  0.0, Sum:  0.0, Workers: 4
[1446.642s][debug][gc,phases      ] GC(189)     Dead                           Min: 0, Avg:  0.0, Max: 0, Diff: 0, Sum: 0, Workers: 4
[1446.642s][debug][gc,phases      ] GC(189)     Total                          Min: 0, Avg:  0.0, Max: 0, Diff: 0, Sum: 0, Workers: 4
[1446.642s][debug][gc,phases      ] GC(189) Weak Processing 0.337ms
[1446.642s][debug][gc,age         ] GC(189) Desired survivor size 106954752 bytes, new threshold 15 (max threshold 15)
[1446.643s][info ][gc,heap        ] GC(189) PSYoungGen: 1932229K(1989120K)->52053K(1985024K) Eden: 1876992K(1876992K)->0K(1876992K) From: 55237K(112128K)->52053K(108032K)
[1446.643s][info ][gc,heap        ] GC(189) ParOldGen: 540332K(631296K)->540508K(631296K)
[1446.643s][info ][gc,metaspace   ] GC(189) Metaspace: 83377K(84224K)->83377K(84224K) NonClass: 71751K(72192K)->71751K(72192K) Class: 11625K(12032K)->11625K(12032K)
[1446.643s][info ][gc             ] GC(189) Pause Young (Allocation Failure) 2414M->578M(2555M) 16.745ms
[1446.643s][info ][gc,cpu         ] GC(189) User=0.08s Sys=0.00s Real=0.02s
[1446.643s][info ][safepoint      ] Safepoint "ParallelGCFailedAllocation", Time since last: 2319431454 ns, Reaching safepoint: 118202 ns, At safepoint: 16852830 ns, Total: 16971032 ns
[1452.643s][info ][safepoint      ] Safepoint "Cleanup", Time since last: 6000406331 ns, Reaching safepoint: 54602 ns, At safepoint: 12000 ns, Total: 66602 ns
[1453.643s][info ][safepoint      ] Safepoint "Cleanup", Time since last: 1000104856 ns, Reaching safepoint: 55901 ns, At safepoint: 5300 ns, Total: 61201 ns
[1454.643s][info ][safepoint      ] Safepoint "Cleanup", Time since last: 1000106856 ns, Reaching safepoint: 113802 ns, At safepoint: 23300 ns, Total: 137102 ns
[1458.325s][info ][gc,start       ] GC(190) Pause Young (Allocation Failure)
[1458.338s][debug][gc,phases      ] GC(190) Scavenge 13.268ms
[1458.338s][debug][gc,ref         ] GC(190) Skipped phase 1 of Reference Processing: no references
[1458.338s][debug][gc,ref         ] GC(190) ReferenceProcessor::execute queues: 1, RefProcThreadModel::Single, marks_oops_alive: false
[1458.338s][debug][gc,ref         ] GC(190) Skipped phase 3 of Reference Processing: no references
[1458.338s][debug][gc,ref         ] GC(190) ReferenceProcessor::execute queues: 1, RefProcThreadModel::Single, marks_oops_alive: false
[1458.338s][debug][gc,phases      ] GC(190) Reference Processing 0.134ms
[1458.339s][debug][gc,phases      ] GC(190)   VM Weak                        Min:  0.0, Avg:  0.0, Max:  0.0, Diff:  0.0, Sum:  0.0, Workers: 4
[1458.339s][debug][gc,phases      ] GC(190)     Dead                           Min: 0, Avg:  0.0, Max: 0, Diff: 0, Sum: 0, Workers: 4
[1458.339s][debug][gc,phases      ] GC(190)     Total                          Min: 0, Avg: 174.0, Max: 640, Diff: 640, Sum: 696, Workers: 4
[1458.339s][debug][gc,phases      ] GC(190)   ObjectSynchronizer Weak        Min:  0.0, Avg:  0.0, Max:  0.0, Diff:  0.0, Sum:  0.0, Workers: 4
[1458.339s][debug][gc,phases      ] GC(190)     Dead                           Min: 0, Avg:  0.0, Max: 0, Diff: 0, Sum: 0, Workers: 4
[1458.339s][debug][gc,phases      ] GC(190)     Total                          Min: 0, Avg: 104.8, Max: 256, Diff: 256, Sum: 419, Workers: 4
[1458.339s][debug][gc,phases      ] GC(190)   JVMTI Tag Weak OopStorage      Min:  0.0, Avg:  0.0, Max:  0.0, Diff:  0.0, Sum:  0.0, Workers: 4
[1458.339s][debug][gc,phases      ] GC(190)     Dead                           Min: 0, Avg:  0.0, Max: 0, Diff: 0, Sum: 0, Workers: 4
[1458.339s][debug][gc,phases      ] GC(190)     Total                          Min: 0, Avg:  0.0, Max: 0, Diff: 0, Sum: 0, Workers: 4
[1458.339s][debug][gc,phases      ] GC(190)   StringTable Weak               Min:  0.1, Avg:  0.1, Max:  0.1, Diff:  0.0, Sum:  0.5, Workers: 4
[1458.339s][debug][gc,phases      ] GC(190)     Dead                           Min: 0, Avg:  0.0, Max: 0, Diff: 0, Sum: 0, Workers: 4
[1458.339s][debug][gc,phases      ] GC(190)     Total                          Min: 9856, Avg: 12013.0, Max: 12916, Diff: 3060, Sum: 48052, Workers: 4
[1458.339s][debug][gc,phases      ] GC(190)   ResolvedMethodTable Weak       Min:  0.0, Avg:  0.0, Max:  0.0, Diff:  0.0, Sum:  0.1, Workers: 4
[1458.339s][debug][gc,phases      ] GC(190)     Dead                           Min: 0, Avg:  0.0, Max: 0, Diff: 0, Sum: 0, Workers: 4
[1458.339s][debug][gc,phases      ] GC(190)     Total                          Min: 1984, Avg: 2096.2, Max: 2176, Diff: 192, Sum: 8385, Workers: 4
[1458.339s][debug][gc,phases      ] GC(190)   JNI Weak                       Min:  0.0, Avg:  0.0, Max:  0.0, Diff:  0.0, Sum:  0.0, Workers: 4
[1458.339s][debug][gc,phases      ] GC(190)     Dead                           Min: 0, Avg:  0.0, Max: 0, Diff: 0, Sum: 0, Workers: 4
[1458.339s][debug][gc,phases      ] GC(190)     Total                          Min: 0, Avg:  0.0, Max: 0, Diff: 0, Sum: 0, Workers: 4
[1458.339s][debug][gc,phases      ] GC(190)   StringDedup Table Weak         Min:  0.0, Avg:  0.0, Max:  0.0, Diff:  0.0, Sum:  0.0, Workers: 4
[1458.339s][debug][gc,phases      ] GC(190)     Dead                           Min: 0, Avg:  0.0, Max: 0, Diff: 0, Sum: 0, Workers: 4
[1458.339s][debug][gc,phases      ] GC(190)     Total                          Min: 0, Avg:  0.0, Max: 0, Diff: 0, Sum: 0, Workers: 4
[1458.339s][debug][gc,phases      ] GC(190)   StringDedup Requests0 Weak     Min:  0.0, Avg:  0.0, Max:  0.0, Diff:  0.0, Sum:  0.0, Workers: 4
[1458.339s][debug][gc,phases      ] GC(190)     Dead                           Min: 0, Avg:  0.0, Max: 0, Diff: 0, Sum: 0, Workers: 4
[1458.339s][debug][gc,phases      ] GC(190)     Total                          Min: 0, Avg:  0.0, Max: 0, Diff: 0, Sum: 0, Workers: 4
[1458.339s][debug][gc,phases      ] GC(190)   StringDedup Requests1 Weak     Min:  0.0, Avg:  0.0, Max:  0.0, Diff:  0.0, Sum:  0.0, Workers: 4
[1458.339s][debug][gc,phases      ] GC(190)     Dead                           Min: 0, Avg:  0.0, Max: 0, Diff: 0, Sum: 0, Workers: 4
[1458.339s][debug][gc,phases      ] GC(190)     Total                          Min: 0, Avg:  0.0, Max: 0, Diff: 0, Sum: 0, Workers: 4
[1458.339s][debug][gc,phases      ] GC(190)   Weak JFR Old Object Samples    Min:  0.0, Avg:  0.0, Max:  0.0, Diff:  0.0, Sum:  0.0, Workers: 4
[1458.339s][debug][gc,phases      ] GC(190)     Dead                           Min: 0, Avg:  0.0, Max: 0, Diff: 0, Sum: 0, Workers: 4
[1458.339s][debug][gc,phases      ] GC(190)     Total                          Min: 0, Avg:  0.0, Max: 0, Diff: 0, Sum: 0, Workers: 4
[1458.339s][debug][gc,phases      ] GC(190) Weak Processing 0.338ms
[1458.339s][debug][gc,age         ] GC(190) Desired survivor size 104333312 bytes, new threshold 15 (max threshold 15)
[1458.339s][info ][gc,heap        ] GC(190) PSYoungGen: 1929045K(1985024K)->47045K(1995264K) Eden: 1876992K(1876992K)->0K(1890816K) From: 52053K(108032K)->47045K(104448K)
[1458.339s][info ][gc,heap        ] GC(190) ParOldGen: 540508K(631296K)->540892K(631296K)
[1458.339s][info ][gc,metaspace   ] GC(190) Metaspace: 83380K(84224K)->83380K(84224K) NonClass: 71754K(72192K)->71754K(72192K) Class: 11625K(12032K)->11625K(12032K)
[1458.339s][info ][gc             ] GC(190) Pause Young (Allocation Failure) 2411M->574M(2565M) 13.874ms
[1458.339s][info ][gc,cpu         ] GC(190) User=0.05s Sys=0.00s Real=0.01s
[1458.339s][info ][safepoint      ] Safepoint "ParallelGCFailedAllocation", Time since last: 3681309384 ns, Reaching safepoint: 47801 ns, At safepoint: 13957472 ns, Total: 14005273 ns
[1460.339s][info ][safepoint      ] Safepoint "Cleanup", Time since last: 2000113810 ns, Reaching safepoint: 55601 ns, At safepoint: 8400 ns, Total: 64001 ns
[1463.339s][info ][safepoint      ] Safepoint "Cleanup", Time since last: 3000229065 ns, Reaching safepoint: 52801 ns, At safepoint: 4300 ns, Total: 57101 ns
[1464.339s][info ][safepoint      ] Safepoint "Cleanup", Time since last: 1000092656 ns, Reaching safepoint: 59001 ns, At safepoint: 6600 ns, Total: 65601 ns
[1465.340s][info ][safepoint      ] Safepoint "Cleanup", Time since last: 1000116356 ns, Reaching safepoint: 50501 ns, At safepoint: 5000 ns, Total: 55501 ns
[1466.456s][info ][gc,start       ] GC(191) Pause Young (Allocation Failure)
[1466.472s][debug][gc,phases      ] GC(191) Scavenge 16.184ms
[1466.472s][debug][gc,ref         ] GC(191) Skipped phase 1 of Reference Processing: no references
[1466.472s][debug][gc,ref         ] GC(191) ReferenceProcessor::execute queues: 1, RefProcThreadModel::Single, marks_oops_alive: false
[1466.472s][debug][gc,ref         ] GC(191) Skipped phase 3 of Reference Processing: no references
[1466.472s][debug][gc,ref         ] GC(191) ReferenceProcessor::execute queues: 1, RefProcThreadModel::Single, marks_oops_alive: false
[1466.472s][debug][gc,phases      ] GC(191) Reference Processing 0.125ms
[1466.472s][debug][gc,phases      ] GC(191)   VM Weak                        Min:  0.0, Avg:  0.0, Max:  0.0, Diff:  0.0, Sum:  0.0, Workers: 4
[1466.473s][debug][gc,phases      ] GC(191)     Dead                           Min: 0, Avg:  0.0, Max: 0, Diff: 0, Sum: 0, Workers: 4
[1466.473s][debug][gc,phases      ] GC(191)     Total                          Min: 0, Avg: 174.0, Max: 640, Diff: 640, Sum: 696, Workers: 4
[1466.473s][debug][gc,phases      ] GC(191)   ObjectSynchronizer Weak        Min:  0.0, Avg:  0.0, Max:  0.0, Diff:  0.0, Sum:  0.0, Workers: 4
[1466.473s][debug][gc,phases      ] GC(191)     Dead                           Min: 0, Avg:  0.0, Max: 0, Diff: 0, Sum: 0, Workers: 4
[1466.473s][debug][gc,phases      ] GC(191)     Total                          Min: 0, Avg: 104.8, Max: 192, Diff: 192, Sum: 419, Workers: 4
[1466.473s][debug][gc,phases      ] GC(191)   JVMTI Tag Weak OopStorage      Min:  0.0, Avg:  0.0, Max:  0.0, Diff:  0.0, Sum:  0.0, Workers: 4
[1466.473s][debug][gc,phases      ] GC(191)     Dead                           Min: 0, Avg:  0.0, Max: 0, Diff: 0, Sum: 0, Workers: 4
[1466.473s][debug][gc,phases      ] GC(191)     Total                          Min: 0, Avg:  0.0, Max: 0, Diff: 0, Sum: 0, Workers: 4
[1466.473s][debug][gc,phases      ] GC(191)   StringTable Weak               Min:  0.1, Avg:  0.1, Max:  0.1, Diff:  0.0, Sum:  0.5, Workers: 4
[1466.473s][debug][gc,phases      ] GC(191)     Dead                           Min: 0, Avg:  0.0, Max: 0, Diff: 0, Sum: 0, Workers: 4
[1466.473s][debug][gc,phases      ] GC(191)     Total                          Min: 11328, Avg: 12013.0, Max: 12416, Diff: 1088, Sum: 48052, Workers: 4
[1466.473s][debug][gc,phases      ] GC(191)   ResolvedMethodTable Weak       Min:  0.0, Avg:  0.0, Max:  0.0, Diff:  0.0, Sum:  0.1, Workers: 4
[1466.473s][debug][gc,phases      ] GC(191)     Dead                           Min: 0, Avg:  0.0, Max: 0, Diff: 0, Sum: 0, Workers: 4
[1466.473s][debug][gc,phases      ] GC(191)     Total                          Min: 1920, Avg: 2096.2, Max: 2304, Diff: 384, Sum: 8385, Workers: 4
[1466.473s][debug][gc,phases      ] GC(191)   JNI Weak                       Min:  0.0, Avg:  0.0, Max:  0.0, Diff:  0.0, Sum:  0.0, Workers: 4
[1466.473s][debug][gc,phases      ] GC(191)     Dead                           Min: 0, Avg:  0.0, Max: 0, Diff: 0, Sum: 0, Workers: 4
[1466.473s][debug][gc,phases      ] GC(191)     Total                          Min: 0, Avg:  0.0, Max: 0, Diff: 0, Sum: 0, Workers: 4
[1466.473s][debug][gc,phases      ] GC(191)   StringDedup Table Weak         Min:  0.0, Avg:  0.0, Max:  0.0, Diff:  0.0, Sum:  0.0, Workers: 4
[1466.473s][debug][gc,phases      ] GC(191)     Dead                           Min: 0, Avg:  0.0, Max: 0, Diff: 0, Sum: 0, Workers: 4
[1466.473s][debug][gc,phases      ] GC(191)     Total                          Min: 0, Avg:  0.0, Max: 0, Diff: 0, Sum: 0, Workers: 4
[1466.473s][debug][gc,phases      ] GC(191)   StringDedup Requests0 Weak     Min:  0.0, Avg:  0.0, Max:  0.0, Diff:  0.0, Sum:  0.0, Workers: 4
[1466.473s][debug][gc,phases      ] GC(191)     Dead                           Min: 0, Avg:  0.0, Max: 0, Diff: 0, Sum: 0, Workers: 4
[1466.473s][debug][gc,phases      ] GC(191)     Total                          Min: 0, Avg:  0.0, Max: 0, Diff: 0, Sum: 0, Workers: 4
[1466.473s][debug][gc,phases      ] GC(191)   StringDedup Requests1 Weak     Min:  0.0, Avg:  0.0, Max:  0.0, Diff:  0.0, Sum:  0.0, Workers: 4
[1466.473s][debug][gc,phases      ] GC(191)     Dead                           Min: 0, Avg:  0.0, Max: 0, Diff: 0, Sum: 0, Workers: 4
[1466.473s][debug][gc,phases      ] GC(191)     Total                          Min: 0, Avg:  0.0, Max: 0, Diff: 0, Sum: 0, Workers: 4
[1466.473s][debug][gc,phases      ] GC(191)   Weak JFR Old Object Samples    Min:  0.0, Avg:  0.0, Max:  0.0, Diff:  0.0, Sum:  0.0, Workers: 4
[1466.473s][debug][gc,phases      ] GC(191)     Dead                           Min: 0, Avg:  0.0, Max: 0, Diff: 0, Sum: 0, Workers: 4
[1466.473s][debug][gc,phases      ] GC(191)     Total                          Min: 0, Avg:  0.0, Max: 0, Diff: 0, Sum: 0, Workers: 4
[1466.473s][debug][gc,phases      ] GC(191) Weak Processing 0.343ms
[1466.473s][debug][gc,age         ] GC(191) Desired survivor size 100663296 bytes, new threshold 15 (max threshold 15)
[1466.473s][info ][gc,heap        ] GC(191) PSYoungGen: 1937861K(1995264K)->53301K(1992704K) Eden: 1890816K(1890816K)->0K(1890816K) From: 47045K(104448K)->53301K(101888K)
[1466.473s][info ][gc,heap        ] GC(191) ParOldGen: 540892K(631296K)->540940K(631296K)
[1466.473s][info ][gc,metaspace   ] GC(191) Metaspace: 83391K(84224K)->83391K(84224K) NonClass: 71764K(72192K)->71764K(72192K) Class: 11627K(12032K)->11627K(12032K)
[1466.473s][info ][gc             ] GC(191) Pause Young (Allocation Failure) 2420M->580M(2562M) 16.789ms
[1466.473s][info ][gc,cpu         ] GC(191) User=0.06s Sys=0.00s Real=0.02s
[1466.473s][info ][safepoint      ] Safepoint "ParallelGCFailedAllocation", Time since last: 1116220226 ns, Reaching safepoint: 33900 ns, At safepoint: 16873730 ns, Total: 16907630 ns
[1467.473s][info ][safepoint      ] Safepoint "Cleanup", Time since last: 1000083755 ns, Reaching safepoint: 67202 ns, At safepoint: 6300 ns, Total: 73502 ns
[1468.473s][info ][safepoint      ] Safepoint "Cleanup", Time since last: 1000095755 ns, Reaching safepoint: 56701 ns, At safepoint: 5700 ns, Total: 62401 ns
[1469.473s][info ][safepoint      ] Safepoint "Cleanup", Time since last: 1000109456 ns, Reaching safepoint: 56701 ns, At safepoint: 6300 ns, Total: 63001 ns
[1471.473s][info ][safepoint      ] Safepoint "Cleanup", Time since last: 2000178210 ns, Reaching safepoint: 57601 ns, At safepoint: 3700 ns, Total: 61301 ns
[1473.474s][info ][safepoint      ] Safepoint "Cleanup", Time since last: 2000171210 ns, Reaching safepoint: 51301 ns, At safepoint: 4400 ns, Total: 55701 ns
[1474.474s][info ][safepoint      ] Safepoint "Cleanup", Time since last: 1000102955 ns, Reaching safepoint: 128803 ns, At safepoint: 30300 ns, Total: 159103 ns
[1474.606s][info ][gc,start       ] GC(192) Pause Young (Allocation Failure)
[1474.623s][debug][gc,phases      ] GC(192) Scavenge 16.446ms
[1474.623s][debug][gc,ref         ] GC(192) Skipped phase 1 of Reference Processing: no references
[1474.623s][debug][gc,ref         ] GC(192) ReferenceProcessor::execute queues: 1, RefProcThreadModel::Single, marks_oops_alive: false
[1474.623s][debug][gc,ref         ] GC(192) Skipped phase 3 of Reference Processing: no references
[1474.623s][debug][gc,ref         ] GC(192) ReferenceProcessor::execute queues: 1, RefProcThreadModel::Single, marks_oops_alive: false
[1474.623s][debug][gc,phases      ] GC(192) Reference Processing 0.129ms
[1474.623s][debug][gc,phases      ] GC(192)   VM Weak                        Min:  0.0, Avg:  0.0, Max:  0.0, Diff:  0.0, Sum:  0.0, Workers: 4
[1474.623s][debug][gc,phases      ] GC(192)     Dead                           Min: 0, Avg:  0.0, Max: 0, Diff: 0, Sum: 0, Workers: 4
[1474.623s][debug][gc,phases      ] GC(192)     Total                          Min: 0, Avg: 174.0, Max: 632, Diff: 632, Sum: 696, Workers: 4
[1474.623s][debug][gc,phases      ] GC(192)   ObjectSynchronizer Weak        Min:  0.0, Avg:  0.0, Max:  0.0, Diff:  0.0, Sum:  0.0, Workers: 4
[1474.623s][debug][gc,phases      ] GC(192)     Dead                           Min: 0, Avg:  0.0, Max: 0, Diff: 0, Sum: 0, Workers: 4
[1474.623s][debug][gc,phases      ] GC(192)     Total                          Min: 0, Avg: 104.8, Max: 192, Diff: 192, Sum: 419, Workers: 4
[1474.623s][debug][gc,phases      ] GC(192)   JVMTI Tag Weak OopStorage      Min:  0.0, Avg:  0.0, Max:  0.0, Diff:  0.0, Sum:  0.0, Workers: 4
[1474.623s][debug][gc,phases      ] GC(192)     Dead                           Min: 0, Avg:  0.0, Max: 0, Diff: 0, Sum: 0, Workers: 4
[1474.623s][debug][gc,phases      ] GC(192)     Total                          Min: 0, Avg:  0.0, Max: 0, Diff: 0, Sum: 0, Workers: 4
[1474.623s][debug][gc,phases      ] GC(192)   StringTable Weak               Min:  0.1, Avg:  0.1, Max:  0.1, Diff:  0.0, Sum:  0.5, Workers: 4
[1474.623s][debug][gc,phases      ] GC(192)     Dead                           Min: 0, Avg:  0.0, Max: 0, Diff: 0, Sum: 0, Workers: 4
[1474.623s][debug][gc,phases      ] GC(192)     Total                          Min: 11456, Avg: 12013.8, Max: 12727, Diff: 1271, Sum: 48055, Workers: 4
[1474.623s][debug][gc,phases      ] GC(192)   ResolvedMethodTable Weak       Min:  0.0, Avg:  0.0, Max:  0.0, Diff:  0.0, Sum:  0.1, Workers: 4
[1474.623s][debug][gc,phases      ] GC(192)     Dead                           Min: 0, Avg:  0.0, Max: 0, Diff: 0, Sum: 0, Workers: 4
[1474.623s][debug][gc,phases      ] GC(192)     Total                          Min: 1984, Avg: 2097.2, Max: 2176, Diff: 192, Sum: 8389, Workers: 4
[1474.623s][debug][gc,phases      ] GC(192)   JNI Weak                       Min:  0.0, Avg:  0.0, Max:  0.0, Diff:  0.0, Sum:  0.0, Workers: 4
[1474.623s][debug][gc,phases      ] GC(192)     Dead                           Min: 0, Avg:  0.0, Max: 0, Diff: 0, Sum: 0, Workers: 4
[1474.623s][debug][gc,phases      ] GC(192)     Total                          Min: 0, Avg:  0.0, Max: 0, Diff: 0, Sum: 0, Workers: 4
[1474.623s][debug][gc,phases      ] GC(192)   StringDedup Table Weak         Min:  0.0, Avg:  0.0, Max:  0.0, Diff:  0.0, Sum:  0.0, Workers: 4
[1474.623s][debug][gc,phases      ] GC(192)     Dead                           Min: 0, Avg:  0.0, Max: 0, Diff: 0, Sum: 0, Workers: 4
[1474.623s][debug][gc,phases      ] GC(192)     Total                          Min: 0, Avg:  0.0, Max: 0, Diff: 0, Sum: 0, Workers: 4
[1474.623s][debug][gc,phases      ] GC(192)   StringDedup Requests0 Weak     Min:  0.0, Avg:  0.0, Max:  0.0, Diff:  0.0, Sum:  0.0, Workers: 4
[1474.623s][debug][gc,phases      ] GC(192)     Dead                           Min: 0, Avg:  0.0, Max: 0, Diff: 0, Sum: 0, Workers: 4
[1474.623s][debug][gc,phases      ] GC(192)     Total                          Min: 0, Avg:  0.0, Max: 0, Diff: 0, Sum: 0, Workers: 4
[1474.623s][debug][gc,phases      ] GC(192)   StringDedup Requests1 Weak     Min:  0.0, Avg:  0.0, Max:  0.0, Diff:  0.0, Sum:  0.0, Workers: 4
[1474.623s][debug][gc,phases      ] GC(192)     Dead                           Min: 0, Avg:  0.0, Max: 0, Diff: 0, Sum: 0, Workers: 4
[1474.623s][debug][gc,phases      ] GC(192)     Total                          Min: 0, Avg:  0.0, Max: 0, Diff: 0, Sum: 0, Workers: 4
[1474.623s][debug][gc,phases      ] GC(192)   Weak JFR Old Object Samples    Min:  0.0, Avg:  0.0, Max:  0.0, Diff:  0.0, Sum:  0.0, Workers: 4
[1474.623s][debug][gc,phases      ] GC(192)     Dead                           Min: 0, Avg:  0.0, Max: 0, Diff: 0, Sum: 0, Workers: 4
[1474.623s][debug][gc,phases      ] GC(192)     Total                          Min: 0, Avg:  0.0, Max: 0, Diff: 0, Sum: 0, Workers: 4
[1474.623s][debug][gc,phases      ] GC(192) Weak Processing 0.343ms
[1474.623s][debug][gc,age         ] GC(192) Desired survivor size 97517568 bytes, new threshold 15 (max threshold 15)
[1474.623s][info ][gc,heap        ] GC(192) PSYoungGen: 1944117K(1992704K)->53140K(2001920K) Eden: 1890816K(1890816K)->0K(1903616K) From: 53301K(101888K)->53140K(98304K)
[1474.623s][info ][gc,heap        ] GC(192) ParOldGen: 540940K(631296K)->540964K(631296K)
[1474.623s][info ][gc,metaspace   ] GC(192) Metaspace: 83423K(84288K)->83423K(84288K) NonClass: 71794K(72256K)->71794K(72256K) Class: 11628K(12032K)->11628K(12032K)
[1474.623s][info ][gc             ] GC(192) Pause Young (Allocation Failure) 2426M->580M(2571M) 17.054ms
[1474.623s][info ][gc,cpu         ] GC(192) User=0.07s Sys=0.00s Real=0.02s
[1474.623s][info ][safepoint      ] Safepoint "ParallelGCFailedAllocation", Time since last: 132248186 ns, Reaching safepoint: 115302 ns, At safepoint: 17143436 ns, Total: 17258738 ns
[1476.624s][info ][safepoint      ] Safepoint "Cleanup", Time since last: 2000165409 ns, Reaching safepoint: 54001 ns, At safepoint: 2600 ns, Total: 56601 ns
[1477.624s][info ][safepoint      ] Safepoint "Cleanup", Time since last: 1000109455 ns, Reaching safepoint: 53601 ns, At safepoint: 4300 ns, Total: 57901 ns
[1479.624s][info ][safepoint      ] Safepoint "Cleanup", Time since last: 2000187010 ns, Reaching safepoint: 58701 ns, At safepoint: 3100 ns, Total: 61801 ns
[1482.624s][info ][safepoint      ] Safepoint "Cleanup", Time since last: 3000255664 ns, Reaching safepoint: 85102 ns, At safepoint: 8100 ns, Total: 93202 ns
[1483.625s][info ][safepoint      ] Safepoint "Cleanup", Time since last: 1000094155 ns, Reaching safepoint: 56601 ns, At safepoint: 9200 ns, Total: 65801 ns
[1484.625s][info ][safepoint      ] Safepoint "Cleanup", Time since last: 1000111155 ns, Reaching safepoint: 59801 ns, At safepoint: 5600 ns, Total: 65401 ns
[1485.625s][info ][safepoint      ] Safepoint "Cleanup", Time since last: 1000115355 ns, Reaching safepoint: 58801 ns, At safepoint: 3701 ns, Total: 62502 ns
[1487.625s][info ][safepoint      ] Safepoint "Cleanup", Time since last: 2000197509 ns, Reaching safepoint: 63901 ns, At safepoint: 6300 ns, Total: 70201 ns
[1488.625s][info ][safepoint      ] Safepoint "Cleanup", Time since last: 1000110155 ns, Reaching safepoint: 63001 ns, At safepoint: 5200 ns, Total: 68201 ns
[1490.626s][info ][safepoint      ] Safepoint "Cleanup", Time since last: 2000174409 ns, Reaching safepoint: 59001 ns, At safepoint: 6101 ns, Total: 65102 ns
[1496.314s][info ][safepoint      ] Safepoint "Cleanup", Time since last: 5688064516 ns, Reaching safepoint: 119502 ns, At safepoint: 10100 ns, Total: 129602 ns
[1498.314s][info ][safepoint      ] Safepoint "Cleanup", Time since last: 2000176909 ns, Reaching safepoint: 48201 ns, At safepoint: 6400 ns, Total: 54601 ns
[1500.508s][info ][gc,start       ] GC(193) Pause Young (Allocation Failure)
[1500.525s][debug][gc,phases      ] GC(193) Scavenge 17.477ms
[1500.525s][debug][gc,ref         ] GC(193) Skipped phase 1 of Reference Processing: no references
[1500.526s][debug][gc,ref         ] GC(193) ReferenceProcessor::execute queues: 1, RefProcThreadModel::Single, marks_oops_alive: false
[1500.526s][debug][gc,ref         ] GC(193) Skipped phase 3 of Reference Processing: no references
[1500.526s][debug][gc,ref         ] GC(193) ReferenceProcessor::execute queues: 1, RefProcThreadModel::Single, marks_oops_alive: false
[1500.526s][debug][gc,phases      ] GC(193) Reference Processing 0.136ms
[1500.526s][debug][gc,phases      ] GC(193)   VM Weak                        Min:  0.0, Avg:  0.0, Max:  0.0, Diff:  0.0, Sum:  0.0, Workers: 4
[1500.526s][debug][gc,phases      ] GC(193)     Dead                           Min: 0, Avg:  0.0, Max: 0, Diff: 0, Sum: 0, Workers: 4
[1500.526s][debug][gc,phases      ] GC(193)     Total                          Min: 0, Avg: 174.2, Max: 697, Diff: 697, Sum: 697, Workers: 4
[1500.526s][debug][gc,phases      ] GC(193)   ObjectSynchronizer Weak        Min:  0.0, Avg:  0.0, Max:  0.0, Diff:  0.0, Sum:  0.0, Workers: 4
[1500.526s][debug][gc,phases      ] GC(193)     Dead                           Min: 0, Avg:  0.0, Max: 0, Diff: 0, Sum: 0, Workers: 4
[1500.526s][debug][gc,phases      ] GC(193)     Total                          Min: 0, Avg: 104.8, Max: 291, Diff: 291, Sum: 419, Workers: 4
[1500.526s][debug][gc,phases      ] GC(193)   JVMTI Tag Weak OopStorage      Min:  0.0, Avg:  0.0, Max:  0.0, Diff:  0.0, Sum:  0.0, Workers: 4
[1500.526s][debug][gc,phases      ] GC(193)     Dead                           Min: 0, Avg:  0.0, Max: 0, Diff: 0, Sum: 0, Workers: 4
[1500.526s][debug][gc,phases      ] GC(193)     Total                          Min: 0, Avg:  0.0, Max: 0, Diff: 0, Sum: 0, Workers: 4
[1500.526s][debug][gc,phases      ] GC(193)   StringTable Weak               Min:  0.1, Avg:  0.1, Max:  0.1, Diff:  0.0, Sum:  0.5, Workers: 4
[1500.526s][debug][gc,phases      ] GC(193)     Dead                           Min: 0, Avg:  0.0, Max: 0, Diff: 0, Sum: 0, Workers: 4
[1500.526s][debug][gc,phases      ] GC(193)     Total                          Min: 11408, Avg: 12020.0, Max: 12928, Diff: 1520, Sum: 48080, Workers: 4
[1500.526s][debug][gc,phases      ] GC(193)   ResolvedMethodTable Weak       Min:  0.0, Avg:  0.0, Max:  0.0, Diff:  0.0, Sum:  0.1, Workers: 4
[1500.526s][debug][gc,phases      ] GC(193)     Dead                           Min: 0, Avg:  0.0, Max: 0, Diff: 0, Sum: 0, Workers: 4
[1500.526s][debug][gc,phases      ] GC(193)     Total                          Min: 1920, Avg: 2100.8, Max: 2304, Diff: 384, Sum: 8403, Workers: 4
[1500.526s][debug][gc,phases      ] GC(193)   JNI Weak                       Min:  0.0, Avg:  0.0, Max:  0.0, Diff:  0.0, Sum:  0.0, Workers: 4
[1500.526s][debug][gc,phases      ] GC(193)     Dead                           Min: 0, Avg:  0.0, Max: 0, Diff: 0, Sum: 0, Workers: 4
[1500.526s][debug][gc,phases      ] GC(193)     Total                          Min: 0, Avg:  0.2, Max: 1, Diff: 1, Sum: 1, Workers: 4
[1500.526s][debug][gc,phases      ] GC(193)   StringDedup Table Weak         Min:  0.0, Avg:  0.0, Max:  0.0, Diff:  0.0, Sum:  0.0, Workers: 4
[1500.526s][debug][gc,phases      ] GC(193)     Dead                           Min: 0, Avg:  0.0, Max: 0, Diff: 0, Sum: 0, Workers: 4
[1500.526s][debug][gc,phases      ] GC(193)     Total                          Min: 0, Avg:  0.0, Max: 0, Diff: 0, Sum: 0, Workers: 4
[1500.526s][debug][gc,phases      ] GC(193)   StringDedup Requests0 Weak     Min:  0.0, Avg:  0.0, Max:  0.0, Diff:  0.0, Sum:  0.0, Workers: 4
[1500.526s][debug][gc,phases      ] GC(193)     Dead                           Min: 0, Avg:  0.0, Max: 0, Diff: 0, Sum: 0, Workers: 4
[1500.526s][debug][gc,phases      ] GC(193)     Total                          Min: 0, Avg:  0.0, Max: 0, Diff: 0, Sum: 0, Workers: 4
[1500.526s][debug][gc,phases      ] GC(193)   StringDedup Requests1 Weak     Min:  0.0, Avg:  0.0, Max:  0.0, Diff:  0.0, Sum:  0.0, Workers: 4
[1500.526s][debug][gc,phases      ] GC(193)     Dead                           Min: 0, Avg:  0.0, Max: 0, Diff: 0, Sum: 0, Workers: 4
[1500.526s][debug][gc,phases      ] GC(193)     Total                          Min: 0, Avg:  0.0, Max: 0, Diff: 0, Sum: 0, Workers: 4
[1500.526s][debug][gc,phases      ] GC(193)   Weak JFR Old Object Samples    Min:  0.0, Avg:  0.0, Max:  0.0, Diff:  0.0, Sum:  0.0, Workers: 4
[1500.526s][debug][gc,phases      ] GC(193)     Dead                           Min: 0, Avg:  0.0, Max: 0, Diff: 0, Sum: 0, Workers: 4
[1500.526s][debug][gc,phases      ] GC(193)     Total                          Min: 0, Avg:  0.0, Max: 0, Diff: 0, Sum: 0, Workers: 4
[1500.526s][debug][gc,phases      ] GC(193) Weak Processing 0.347ms
[1500.526s][debug][gc,age         ] GC(193) Desired survivor size 93847552 bytes, new threshold 15 (max threshold 15)
[1500.526s][info ][gc,heap        ] GC(193) PSYoungGen: 1956756K(2001920K)->57620K(1998848K) Eden: 1903616K(1903616K)->0K(1903616K) From: 53140K(98304K)->57620K(95232K)
[1500.526s][info ][gc,heap        ] GC(193) ParOldGen: 540964K(631296K)->540996K(631296K)
[1500.526s][info ][gc,metaspace   ] GC(193) Metaspace: 83510K(84352K)->83510K(84352K) NonClass: 71865K(72320K)->71865K(72320K) Class: 11644K(12032K)->11644K(12032K)
[1500.526s][info ][gc             ] GC(193) Pause Young (Allocation Failure) 2439M->584M(2568M) 18.098ms
[1500.526s][info ][gc,cpu         ] GC(193) User=0.07s Sys=0.00s Real=0.02s
[1500.526s][info ][safepoint      ] Safepoint "ParallelGCFailedAllocation", Time since last: 2193683991 ns, Reaching safepoint: 119303 ns, At safepoint: 18213156 ns, Total: 18332459 ns
[1501.526s][info ][safepoint      ] Safepoint "Cleanup", Time since last: 1000108054 ns, Reaching safepoint: 53701 ns, At safepoint: 3101 ns, Total: 56802 ns
[1502.526s][info ][safepoint      ] Safepoint "Cleanup", Time since last: 1000107754 ns, Reaching safepoint: 54201 ns, At safepoint: 3000 ns, Total: 57201 ns
[1505.527s][info ][safepoint      ] Safepoint "Cleanup", Time since last: 3000253362 ns, Reaching safepoint: 116802 ns, At safepoint: 14700 ns, Total: 131502 ns
[1506.527s][info ][safepoint      ] Safepoint "Cleanup", Time since last: 1000078354 ns, Reaching safepoint: 51801 ns, At safepoint: 7900 ns, Total: 59701 ns
[1509.231s][info ][gc,start       ] GC(194) Pause Young (Allocation Failure)
[1509.246s][debug][gc,phases      ] GC(194) Scavenge 15.126ms
[1509.246s][debug][gc,ref         ] GC(194) Skipped phase 1 of Reference Processing: no references
[1509.246s][debug][gc,ref         ] GC(194) ReferenceProcessor::execute queues: 1, RefProcThreadModel::Single, marks_oops_alive: false
[1509.246s][debug][gc,ref         ] GC(194) Skipped phase 3 of Reference Processing: no references
[1509.246s][debug][gc,ref         ] GC(194) ReferenceProcessor::execute queues: 1, RefProcThreadModel::Single, marks_oops_alive: false
[1509.246s][debug][gc,phases      ] GC(194) Reference Processing 0.168ms
[1509.246s][debug][gc,phases      ] GC(194)   VM Weak                        Min:  0.0, Avg:  0.0, Max:  0.0, Diff:  0.0, Sum:  0.0, Workers: 4
[1509.246s][debug][gc,phases      ] GC(194)     Dead                           Min: 0, Avg:  0.0, Max: 0, Diff: 0, Sum: 0, Workers: 4
[1509.246s][debug][gc,phases      ] GC(194)     Total                          Min: 0, Avg: 174.2, Max: 569, Diff: 569, Sum: 697, Workers: 4
[1509.246s][debug][gc,phases      ] GC(194)   ObjectSynchronizer Weak        Min:  0.0, Avg:  0.0, Max:  0.0, Diff:  0.0, Sum:  0.0, Workers: 4
[1509.246s][debug][gc,phases      ] GC(194)     Dead                           Min: 0, Avg:  0.0, Max: 0, Diff: 0, Sum: 0, Workers: 4
[1509.246s][debug][gc,phases      ] GC(194)     Total                          Min: 0, Avg: 104.8, Max: 227, Diff: 227, Sum: 419, Workers: 4
[1509.246s][debug][gc,phases      ] GC(194)   JVMTI Tag Weak OopStorage      Min:  0.0, Avg:  0.0, Max:  0.0, Diff:  0.0, Sum:  0.0, Workers: 4
[1509.246s][debug][gc,phases      ] GC(194)     Dead                           Min: 0, Avg:  0.0, Max: 0, Diff: 0, Sum: 0, Workers: 4
[1509.246s][debug][gc,phases      ] GC(194)     Total                          Min: 0, Avg:  0.0, Max: 0, Diff: 0, Sum: 0, Workers: 4
[1509.246s][debug][gc,phases      ] GC(194)   StringTable Weak               Min:  0.1, Avg:  0.1, Max:  0.1, Diff:  0.0, Sum:  0.5, Workers: 4
[1509.246s][debug][gc,phases      ] GC(194)     Dead                           Min: 0, Avg:  0.0, Max: 0, Diff: 0, Sum: 0, Workers: 4
[1509.246s][debug][gc,phases      ] GC(194)     Total                          Min: 10816, Avg: 12020.2, Max: 12800, Diff: 1984, Sum: 48081, Workers: 4
[1509.246s][debug][gc,phases      ] GC(194)   ResolvedMethodTable Weak       Min:  0.0, Avg:  0.0, Max:  0.0, Diff:  0.0, Sum:  0.1, Workers: 4
[1509.246s][debug][gc,phases      ] GC(194)     Dead                           Min: 0, Avg:  0.0, Max: 0, Diff: 0, Sum: 0, Workers: 4
[1509.247s][debug][gc,phases      ] GC(194)     Total                          Min: 1984, Avg: 2100.8, Max: 2176, Diff: 192, Sum: 8403, Workers: 4
[1509.247s][debug][gc,phases      ] GC(194)   JNI Weak                       Min:  0.0, Avg:  0.0, Max:  0.0, Diff:  0.0, Sum:  0.0, Workers: 4
[1509.247s][debug][gc,phases      ] GC(194)     Dead                           Min: 0, Avg:  0.0, Max: 0, Diff: 0, Sum: 0, Workers: 4
[1509.247s][debug][gc,phases      ] GC(194)     Total                          Min: 0, Avg:  0.0, Max: 0, Diff: 0, Sum: 0, Workers: 4
[1509.247s][debug][gc,phases      ] GC(194)   StringDedup Table Weak         Min:  0.0, Avg:  0.0, Max:  0.0, Diff:  0.0, Sum:  0.0, Workers: 4
[1509.247s][debug][gc,phases      ] GC(194)     Dead                           Min: 0, Avg:  0.0, Max: 0, Diff: 0, Sum: 0, Workers: 4
[1509.247s][debug][gc,phases      ] GC(194)     Total                          Min: 0, Avg:  0.0, Max: 0, Diff: 0, Sum: 0, Workers: 4
[1509.247s][debug][gc,phases      ] GC(194)   StringDedup Requests0 Weak     Min:  0.0, Avg:  0.0, Max:  0.0, Diff:  0.0, Sum:  0.0, Workers: 4
[1509.247s][debug][gc,phases      ] GC(194)     Dead                           Min: 0, Avg:  0.0, Max: 0, Diff: 0, Sum: 0, Workers: 4
[1509.247s][debug][gc,phases      ] GC(194)     Total                          Min: 0, Avg:  0.0, Max: 0, Diff: 0, Sum: 0, Workers: 4
[1509.247s][debug][gc,phases      ] GC(194)   StringDedup Requests1 Weak     Min:  0.0, Avg:  0.0, Max:  0.0, Diff:  0.0, Sum:  0.0, Workers: 4
[1509.247s][debug][gc,phases      ] GC(194)     Dead                           Min: 0, Avg:  0.0, Max: 0, Diff: 0, Sum: 0, Workers: 4
[1509.247s][debug][gc,phases      ] GC(194)     Total                          Min: 0, Avg:  0.0, Max: 0, Diff: 0, Sum: 0, Workers: 4
[1509.247s][debug][gc,phases      ] GC(194)   Weak JFR Old Object Samples    Min:  0.0, Avg:  0.0, Max:  0.0, Diff:  0.0, Sum:  0.0, Workers: 4
[1509.247s][debug][gc,phases      ] GC(194)     Dead                           Min: 0, Avg:  0.0, Max: 0, Diff: 0, Sum: 0, Workers: 4
[1509.247s][debug][gc,phases      ] GC(194)     Total                          Min: 0, Avg:  0.0, Max: 0, Diff: 0, Sum: 0, Workers: 4
[1509.247s][debug][gc,phases      ] GC(194) Weak Processing 0.330ms
[1509.247s][debug][gc,age         ] GC(194) Desired survivor size 91226112 bytes, new threshold 15 (max threshold 15)
[1509.247s][info ][gc,heap        ] GC(194) PSYoungGen: 1961236K(1998848K)->59412K(2008064K) Eden: 1903616K(1903616K)->0K(1916416K) From: 57620K(95232K)->59412K(91648K)
[1509.247s][info ][gc,heap        ] GC(194) ParOldGen: 540996K(631296K)->541028K(631296K)
[1509.247s][info ][gc,metaspace   ] GC(194) Metaspace: 83517K(84352K)->83517K(84352K) NonClass: 71872K(72320K)->71872K(72320K) Class: 11645K(12032K)->11645K(12032K)
[1509.247s][info ][gc             ] GC(194) Pause Young (Allocation Failure) 2443M->586M(2577M) 15.767ms
[1509.247s][info ][gc,cpu         ] GC(194) User=0.06s Sys=0.01s Real=0.01s
[1509.247s][info ][safepoint      ] Safepoint "ParallelGCFailedAllocation", Time since last: 2703844766 ns, Reaching safepoint: 32301 ns, At safepoint: 15856710 ns, Total: 15889011 ns
[1511.247s][info ][safepoint      ] Safepoint "Cleanup", Time since last: 2000154207 ns, Reaching safepoint: 52301 ns, At safepoint: 4700 ns, Total: 57001 ns
[1513.247s][info ][safepoint      ] Safepoint "Cleanup", Time since last: 2000176608 ns, Reaching safepoint: 132602 ns, At safepoint: 12900 ns, Total: 145502 ns
[1515.247s][info ][safepoint      ] Safepoint "Cleanup", Time since last: 2000157407 ns, Reaching safepoint: 51301 ns, At safepoint: 4401 ns, Total: 55702 ns
[1516.248s][info ][safepoint      ] Safepoint "Cleanup", Time since last: 1000111854 ns, Reaching safepoint: 55301 ns, At safepoint: 6200 ns, Total: 61501 ns
[1518.015s][info ][gc,start       ] GC(195) Pause Young (Allocation Failure)
[1518.032s][debug][gc,phases      ] GC(195) Scavenge 16.595ms
[1518.032s][debug][gc,ref         ] GC(195) Skipped phase 1 of Reference Processing: no references
[1518.032s][debug][gc,ref         ] GC(195) ReferenceProcessor::execute queues: 1, RefProcThreadModel::Single, marks_oops_alive: false
[1518.032s][debug][gc,ref         ] GC(195) Skipped phase 3 of Reference Processing: no references
[1518.032s][debug][gc,ref         ] GC(195) ReferenceProcessor::execute queues: 1, RefProcThreadModel::Single, marks_oops_alive: false
[1518.032s][debug][gc,phases      ] GC(195) Reference Processing 0.130ms
[1518.032s][debug][gc,phases      ] GC(195)   VM Weak                        Min:  0.0, Avg:  0.0, Max:  0.0, Diff:  0.0, Sum:  0.0, Workers: 4
[1518.032s][debug][gc,phases      ] GC(195)     Dead                           Min: 0, Avg:  0.0, Max: 0, Diff: 0, Sum: 0, Workers: 4
[1518.032s][debug][gc,phases      ] GC(195)     Total                          Min: 0, Avg: 174.2, Max: 512, Diff: 512, Sum: 697, Workers: 4
[1518.032s][debug][gc,phases      ] GC(195)   ObjectSynchronizer Weak        Min:  0.0, Avg:  0.0, Max:  0.0, Diff:  0.0, Sum:  0.0, Workers: 4
[1518.032s][debug][gc,phases      ] GC(195)     Dead                           Min: 0, Avg:  0.0, Max: 0, Diff: 0, Sum: 0, Workers: 4
[1518.032s][debug][gc,phases      ] GC(195)     Total                          Min: 0, Avg: 104.8, Max: 192, Diff: 192, Sum: 419, Workers: 4
[1518.032s][debug][gc,phases      ] GC(195)   JVMTI Tag Weak OopStorage      Min:  0.0, Avg:  0.0, Max:  0.0, Diff:  0.0, Sum:  0.0, Workers: 4
[1518.032s][debug][gc,phases      ] GC(195)     Dead                           Min: 0, Avg:  0.0, Max: 0, Diff: 0, Sum: 0, Workers: 4
[1518.032s][debug][gc,phases      ] GC(195)     Total                          Min: 0, Avg:  0.0, Max: 0, Diff: 0, Sum: 0, Workers: 4
[1518.032s][debug][gc,phases      ] GC(195)   StringTable Weak               Min:  0.1, Avg:  0.1, Max:  0.1, Diff:  0.0, Sum:  0.4, Workers: 4
[1518.032s][debug][gc,phases      ] GC(195)     Dead                           Min: 0, Avg:  0.0, Max: 0, Diff: 0, Sum: 0, Workers: 4
[1518.032s][debug][gc,phases      ] GC(195)     Total                          Min: 11712, Avg: 12021.2, Max: 12800, Diff: 1088, Sum: 48085, Workers: 4
[1518.032s][debug][gc,phases      ] GC(195)   ResolvedMethodTable Weak       Min:  0.0, Avg:  0.0, Max:  0.0, Diff:  0.0, Sum:  0.1, Workers: 4
[1518.032s][debug][gc,phases      ] GC(195)     Dead                           Min: 0, Avg:  0.0, Max: 0, Diff: 0, Sum: 0, Workers: 4
[1518.032s][debug][gc,phases      ] GC(195)     Total                          Min: 2003, Avg: 2100.8, Max: 2176, Diff: 173, Sum: 8403, Workers: 4
[1518.032s][debug][gc,phases      ] GC(195)   JNI Weak                       Min:  0.0, Avg:  0.0, Max:  0.0, Diff:  0.0, Sum:  0.0, Workers: 4
[1518.032s][debug][gc,phases      ] GC(195)     Dead                           Min: 0, Avg:  0.0, Max: 0, Diff: 0, Sum: 0, Workers: 4
[1518.032s][debug][gc,phases      ] GC(195)     Total                          Min: 0, Avg:  0.0, Max: 0, Diff: 0, Sum: 0, Workers: 4
[1518.032s][debug][gc,phases      ] GC(195)   StringDedup Table Weak         Min:  0.0, Avg:  0.0, Max:  0.0, Diff:  0.0, Sum:  0.0, Workers: 4
[1518.032s][debug][gc,phases      ] GC(195)     Dead                           Min: 0, Avg:  0.0, Max: 0, Diff: 0, Sum: 0, Workers: 4
[1518.032s][debug][gc,phases      ] GC(195)     Total                          Min: 0, Avg:  0.0, Max: 0, Diff: 0, Sum: 0, Workers: 4
[1518.032s][debug][gc,phases      ] GC(195)   StringDedup Requests0 Weak     Min:  0.0, Avg:  0.0, Max:  0.0, Diff:  0.0, Sum:  0.0, Workers: 4
[1518.032s][debug][gc,phases      ] GC(195)     Dead                           Min: 0, Avg:  0.0, Max: 0, Diff: 0, Sum: 0, Workers: 4
[1518.032s][debug][gc,phases      ] GC(195)     Total                          Min: 0, Avg:  0.0, Max: 0, Diff: 0, Sum: 0, Workers: 4
[1518.032s][debug][gc,phases      ] GC(195)   StringDedup Requests1 Weak     Min:  0.0, Avg:  0.0, Max:  0.0, Diff:  0.0, Sum:  0.0, Workers: 4
[1518.032s][debug][gc,phases      ] GC(195)     Dead                           Min: 0, Avg:  0.0, Max: 0, Diff: 0, Sum: 0, Workers: 4
[1518.032s][debug][gc,phases      ] GC(195)     Total                          Min: 0, Avg:  0.0, Max: 0, Diff: 0, Sum: 0, Workers: 4
[1518.032s][debug][gc,phases      ] GC(195)   Weak JFR Old Object Samples    Min:  0.0, Avg:  0.0, Max:  0.0, Diff:  0.0, Sum:  0.0, Workers: 4
[1518.032s][debug][gc,phases      ] GC(195)     Dead                           Min: 0, Avg:  0.0, Max: 0, Diff: 0, Sum: 0, Workers: 4
[1518.032s][debug][gc,phases      ] GC(195)     Total                          Min: 0, Avg:  0.0, Max: 0, Diff: 0, Sum: 0, Workers: 4
[1518.032s][debug][gc,phases      ] GC(195) Weak Processing 0.346ms
[1518.032s][debug][gc,age         ] GC(195) Desired survivor size 88080384 bytes, new threshold 15 (max threshold 15)
[1518.032s][info ][gc,heap        ] GC(195) PSYoungGen: 1975828K(2008064K)->56708K(2005504K) Eden: 1916416K(1916416K)->0K(1916416K) From: 59412K(91648K)->56708K(89088K)
[1518.032s][info ][gc,heap        ] GC(195) ParOldGen: 541028K(631296K)->542396K(631296K)
[1518.032s][info ][gc,metaspace   ] GC(195) Metaspace: 83520K(84352K)->83520K(84352K) NonClass: 71874K(72320K)->71874K(72320K) Class: 11645K(12032K)->11645K(12032K)
[1518.032s][info ][gc             ] GC(195) Pause Young (Allocation Failure) 2457M->585M(2575M) 17.205ms
[1518.032s][info ][gc,cpu         ] GC(195) User=0.06s Sys=0.00s Real=0.02s
[1518.032s][info ][safepoint      ] Safepoint "ParallelGCFailedAllocation", Time since last: 1767500258 ns, Reaching safepoint: 98602 ns, At safepoint: 17290138 ns, Total: 17388740 ns
[1522.033s][info ][safepoint      ] Safepoint "Cleanup", Time since last: 4000283112 ns, Reaching safepoint: 54401 ns, At safepoint: 10401 ns, Total: 64802 ns
[1524.033s][info ][safepoint      ] Safepoint "Cleanup", Time since last: 2000176107 ns, Reaching safepoint: 127802 ns, At safepoint: 25601 ns, Total: 153403 ns
[1525.033s][info ][safepoint      ] Safepoint "Cleanup", Time since last: 1000127854 ns, Reaching safepoint: 52701 ns, At safepoint: 4500 ns, Total: 57201 ns
[1526.164s][info ][gc,start       ] GC(196) Pause Young (Allocation Failure)
[1526.182s][debug][gc,phases      ] GC(196) Scavenge 18.199ms
[1526.182s][debug][gc,ref         ] GC(196) Skipped phase 1 of Reference Processing: no references
[1526.182s][debug][gc,ref         ] GC(196) ReferenceProcessor::execute queues: 1, RefProcThreadModel::Single, marks_oops_alive: false
[1526.182s][debug][gc,ref         ] GC(196) Skipped phase 3 of Reference Processing: no references
[1526.182s][debug][gc,ref         ] GC(196) ReferenceProcessor::execute queues: 1, RefProcThreadModel::Single, marks_oops_alive: false
[1526.182s][debug][gc,phases      ] GC(196) Reference Processing 0.126ms
[1526.182s][debug][gc,phases      ] GC(196)   VM Weak                        Min:  0.0, Avg:  0.0, Max:  0.0, Diff:  0.0, Sum:  0.0, Workers: 4
[1526.182s][debug][gc,phases      ] GC(196)     Dead                           Min: 0, Avg:  0.0, Max: 0, Diff: 0, Sum: 0, Workers: 4
[1526.182s][debug][gc,phases      ] GC(196)     Total                          Min: 0, Avg: 174.2, Max: 384, Diff: 384, Sum: 697, Workers: 4
[1526.182s][debug][gc,phases      ] GC(196)   ObjectSynchronizer Weak        Min:  0.0, Avg:  0.0, Max:  0.0, Diff:  0.0, Sum:  0.0, Workers: 4
[1526.182s][debug][gc,phases      ] GC(196)     Dead                           Min: 0, Avg:  0.0, Max: 0, Diff: 0, Sum: 0, Workers: 4
[1526.182s][debug][gc,phases      ] GC(196)     Total                          Min: 0, Avg: 104.8, Max: 256, Diff: 256, Sum: 419, Workers: 4
[1526.182s][debug][gc,phases      ] GC(196)   JVMTI Tag Weak OopStorage      Min:  0.0, Avg:  0.0, Max:  0.0, Diff:  0.0, Sum:  0.0, Workers: 4
[1526.182s][debug][gc,phases      ] GC(196)     Dead                           Min: 0, Avg:  0.0, Max: 0, Diff: 0, Sum: 0, Workers: 4
[1526.182s][debug][gc,phases      ] GC(196)     Total                          Min: 0, Avg:  0.0, Max: 0, Diff: 0, Sum: 0, Workers: 4
[1526.182s][debug][gc,phases      ] GC(196)   StringTable Weak               Min:  0.1, Avg:  0.1, Max:  0.1, Diff:  0.0, Sum:  0.5, Workers: 4
[1526.182s][debug][gc,phases      ] GC(196)     Dead                           Min: 0, Avg:  0.0, Max: 0, Diff: 0, Sum: 0, Workers: 4
[1526.182s][debug][gc,phases      ] GC(196)     Total                          Min: 11520, Avg: 12022.2, Max: 12736, Diff: 1216, Sum: 48089, Workers: 4
[1526.182s][debug][gc,phases      ] GC(196)   ResolvedMethodTable Weak       Min:  0.0, Avg:  0.0, Max:  0.1, Diff:  0.0, Sum:  0.1, Workers: 4
[1526.182s][debug][gc,phases      ] GC(196)     Dead                           Min: 0, Avg:  0.0, Max: 0, Diff: 0, Sum: 0, Workers: 4
[1526.182s][debug][gc,phases      ] GC(196)     Total                          Min: 1984, Avg: 2100.8, Max: 2387, Diff: 403, Sum: 8403, Workers: 4
[1526.182s][debug][gc,phases      ] GC(196)   JNI Weak                       Min:  0.0, Avg:  0.0, Max:  0.0, Diff:  0.0, Sum:  0.0, Workers: 4
[1526.182s][debug][gc,phases      ] GC(196)     Dead                           Min: 0, Avg:  0.0, Max: 0, Diff: 0, Sum: 0, Workers: 4
[1526.182s][debug][gc,phases      ] GC(196)     Total                          Min: 0, Avg:  0.0, Max: 0, Diff: 0, Sum: 0, Workers: 4
[1526.182s][debug][gc,phases      ] GC(196)   StringDedup Table Weak         Min:  0.0, Avg:  0.0, Max:  0.0, Diff:  0.0, Sum:  0.0, Workers: 4
[1526.182s][debug][gc,phases      ] GC(196)     Dead                           Min: 0, Avg:  0.0, Max: 0, Diff: 0, Sum: 0, Workers: 4
[1526.182s][debug][gc,phases      ] GC(196)     Total                          Min: 0, Avg:  0.0, Max: 0, Diff: 0, Sum: 0, Workers: 4
[1526.182s][debug][gc,phases      ] GC(196)   StringDedup Requests0 Weak     Min:  0.0, Avg:  0.0, Max:  0.0, Diff:  0.0, Sum:  0.0, Workers: 4
[1526.182s][debug][gc,phases      ] GC(196)     Dead                           Min: 0, Avg:  0.0, Max: 0, Diff: 0, Sum: 0, Workers: 4
[1526.182s][debug][gc,phases      ] GC(196)     Total                          Min: 0, Avg:  0.0, Max: 0, Diff: 0, Sum: 0, Workers: 4
[1526.182s][debug][gc,phases      ] GC(196)   StringDedup Requests1 Weak     Min:  0.0, Avg:  0.0, Max:  0.0, Diff:  0.0, Sum:  0.0, Workers: 4
[1526.182s][debug][gc,phases      ] GC(196)     Dead                           Min: 0, Avg:  0.0, Max: 0, Diff: 0, Sum: 0, Workers: 4
[1526.182s][debug][gc,phases      ] GC(196)     Total                          Min: 0, Avg:  0.0, Max: 0, Diff: 0, Sum: 0, Workers: 4
[1526.182s][debug][gc,phases      ] GC(196)   Weak JFR Old Object Samples    Min:  0.0, Avg:  0.0, Max:  0.0, Diff:  0.0, Sum:  0.0, Workers: 4
[1526.182s][debug][gc,phases      ] GC(196)     Dead                           Min: 0, Avg:  0.0, Max: 0, Diff: 0, Sum: 0, Workers: 4
[1526.182s][debug][gc,phases      ] GC(196)     Total                          Min: 0, Avg:  0.0, Max: 0, Diff: 0, Sum: 0, Workers: 4
[1526.182s][debug][gc,phases      ] GC(196) Weak Processing 0.377ms
[1526.182s][debug][gc,age         ] GC(196) Desired survivor size 85458944 bytes, new threshold 15 (max threshold 15)
[1526.182s][info ][gc,heap        ] GC(196) PSYoungGen: 1973124K(2005504K)->58655K(2013696K) Eden: 1916416K(1916416K)->0K(1927680K) From: 56708K(89088K)->58655K(86016K)
[1526.182s][info ][gc,heap        ] GC(196) ParOldGen: 542396K(631296K)->542929K(631296K)
[1526.182s][info ][gc,metaspace   ] GC(196) Metaspace: 83520K(84352K)->83520K(84352K) NonClass: 71874K(72320K)->71874K(72320K) Class: 11645K(12032K)->11645K(12032K)
[1526.182s][info ][gc             ] GC(196) Pause Young (Allocation Failure) 2456M->587M(2583M) 18.837ms
[1526.182s][info ][gc,cpu         ] GC(196) User=0.08s Sys=0.00s Real=0.02s
[1526.182s][info ][safepoint      ] Safepoint "ParallelGCFailedAllocation", Time since last: 1130095495 ns, Reaching safepoint: 29501 ns, At safepoint: 18938970 ns, Total: 18968471 ns
[1530.183s][info ][safepoint      ] Safepoint "Cleanup", Time since last: 4000285912 ns, Reaching safepoint: 52701 ns, At safepoint: 8100 ns, Total: 60801 ns
[1532.183s][info ][safepoint      ] Safepoint "Cleanup", Time since last: 2000186407 ns, Reaching safepoint: 126202 ns, At safepoint: 32701 ns, Total: 158903 ns
[1549.184s][info ][safepoint      ] Safepoint "Cleanup", Time since last: 17001215594 ns, Reaching safepoint: 61301 ns, At safepoint: 35801 ns, Total: 97102 ns
[1549.958s][info ][gc,start       ] GC(197) Pause Young (Allocation Failure)
[1549.973s][debug][gc,phases      ] GC(197) Scavenge 14.702ms
[1549.973s][debug][gc,ref         ] GC(197) Skipped phase 1 of Reference Processing: no references
[1549.973s][debug][gc,ref         ] GC(197) ReferenceProcessor::execute queues: 1, RefProcThreadModel::Single, marks_oops_alive: false
[1549.973s][debug][gc,ref         ] GC(197) Skipped phase 3 of Reference Processing: no references
[1549.973s][debug][gc,ref         ] GC(197) ReferenceProcessor::execute queues: 1, RefProcThreadModel::Single, marks_oops_alive: false
[1549.973s][debug][gc,phases      ] GC(197) Reference Processing 0.135ms
[1549.973s][debug][gc,phases      ] GC(197)   VM Weak                        Min:  0.0, Avg:  0.0, Max:  0.0, Diff:  0.0, Sum:  0.0, Workers: 4
[1549.973s][debug][gc,phases      ] GC(197)     Dead                           Min: 0, Avg:  0.0, Max: 0, Diff: 0, Sum: 0, Workers: 4
[1549.973s][debug][gc,phases      ] GC(197)     Total                          Min: 0, Avg: 174.2, Max: 697, Diff: 697, Sum: 697, Workers: 4
[1549.973s][debug][gc,phases      ] GC(197)   ObjectSynchronizer Weak        Min:  0.0, Avg:  0.0, Max:  0.0, Diff:  0.0, Sum:  0.0, Workers: 4
[1549.973s][debug][gc,phases      ] GC(197)     Dead                           Min: 0, Avg:  0.0, Max: 0, Diff: 0, Sum: 0, Workers: 4
[1549.973s][debug][gc,phases      ] GC(197)     Total                          Min: 0, Avg: 104.8, Max: 320, Diff: 320, Sum: 419, Workers: 4
[1549.973s][debug][gc,phases      ] GC(197)   JVMTI Tag Weak OopStorage      Min:  0.0, Avg:  0.0, Max:  0.0, Diff:  0.0, Sum:  0.0, Workers: 4
[1549.973s][debug][gc,phases      ] GC(197)     Dead                           Min: 0, Avg:  0.0, Max: 0, Diff: 0, Sum: 0, Workers: 4
[1549.973s][debug][gc,phases      ] GC(197)     Total                          Min: 0, Avg:  0.0, Max: 0, Diff: 0, Sum: 0, Workers: 4
[1549.973s][debug][gc,phases      ] GC(197)   StringTable Weak               Min:  0.1, Avg:  0.1, Max:  0.1, Diff:  0.0, Sum:  0.5, Workers: 4
[1549.973s][debug][gc,phases      ] GC(197)     Dead                           Min: 0, Avg:  0.0, Max: 0, Diff: 0, Sum: 0, Workers: 4
[1549.973s][debug][gc,phases      ] GC(197)     Total                          Min: 10779, Avg: 12022.8, Max: 12992, Diff: 2213, Sum: 48091, Workers: 4
[1549.973s][debug][gc,phases      ] GC(197)   ResolvedMethodTable Weak       Min:  0.0, Avg:  0.0, Max:  0.0, Diff:  0.0, Sum:  0.1, Workers: 4
[1549.973s][debug][gc,phases      ] GC(197)     Dead                           Min: 0, Avg:  0.0, Max: 0, Diff: 0, Sum: 0, Workers: 4
[1549.973s][debug][gc,phases      ] GC(197)     Total                          Min: 1984, Avg: 2100.8, Max: 2240, Diff: 256, Sum: 8403, Workers: 4
[1549.973s][debug][gc,phases      ] GC(197)   JNI Weak                       Min:  0.0, Avg:  0.0, Max:  0.0, Diff:  0.0, Sum:  0.0, Workers: 4
[1549.973s][debug][gc,phases      ] GC(197)     Dead                           Min: 0, Avg:  0.0, Max: 0, Diff: 0, Sum: 0, Workers: 4
[1549.973s][debug][gc,phases      ] GC(197)     Total                          Min: 0, Avg:  0.0, Max: 0, Diff: 0, Sum: 0, Workers: 4
[1549.973s][debug][gc,phases      ] GC(197)   StringDedup Table Weak         Min:  0.0, Avg:  0.0, Max:  0.0, Diff:  0.0, Sum:  0.0, Workers: 4
[1549.973s][debug][gc,phases      ] GC(197)     Dead                           Min: 0, Avg:  0.0, Max: 0, Diff: 0, Sum: 0, Workers: 4
[1549.973s][debug][gc,phases      ] GC(197)     Total                          Min: 0, Avg:  0.0, Max: 0, Diff: 0, Sum: 0, Workers: 4
[1549.973s][debug][gc,phases      ] GC(197)   StringDedup Requests0 Weak     Min:  0.0, Avg:  0.0, Max:  0.0, Diff:  0.0, Sum:  0.0, Workers: 4
[1549.973s][debug][gc,phases      ] GC(197)     Dead                           Min: 0, Avg:  0.0, Max: 0, Diff: 0, Sum: 0, Workers: 4
[1549.973s][debug][gc,phases      ] GC(197)     Total                          Min: 0, Avg:  0.0, Max: 0, Diff: 0, Sum: 0, Workers: 4
[1549.973s][debug][gc,phases      ] GC(197)   StringDedup Requests1 Weak     Min:  0.0, Avg:  0.0, Max:  0.0, Diff:  0.0, Sum:  0.0, Workers: 4
[1549.973s][debug][gc,phases      ] GC(197)     Dead                           Min: 0, Avg:  0.0, Max: 0, Diff: 0, Sum: 0, Workers: 4
[1549.973s][debug][gc,phases      ] GC(197)     Total                          Min: 0, Avg:  0.0, Max: 0, Diff: 0, Sum: 0, Workers: 4
[1549.973s][debug][gc,phases      ] GC(197)   Weak JFR Old Object Samples    Min:  0.0, Avg:  0.0, Max:  0.0, Diff:  0.0, Sum:  0.0, Workers: 4
[1549.973s][debug][gc,phases      ] GC(197)     Dead                           Min: 0, Avg:  0.0, Max: 0, Diff: 0, Sum: 0, Workers: 4
[1549.973s][debug][gc,phases      ] GC(197)     Total                          Min: 0, Avg:  0.0, Max: 0, Diff: 0, Sum: 0, Workers: 4
[1549.973s][debug][gc,phases      ] GC(197) Weak Processing 0.343ms
[1549.973s][debug][gc,age         ] GC(197) Desired survivor size 83361792 bytes, new threshold 15 (max threshold 15)
[1549.973s][info ][gc,heap        ] GC(197) PSYoungGen: 1986335K(2013696K)->55663K(2011136K) Eden: 1927680K(1927680K)->0K(1927680K) From: 58655K(86016K)->55663K(83456K)
[1549.973s][info ][gc,heap        ] GC(197) ParOldGen: 542929K(631296K)->542929K(631296K)
[1549.973s][info ][gc,metaspace   ] GC(197) Metaspace: 83523K(84352K)->83523K(84352K) NonClass: 71878K(72320K)->71878K(72320K) Class: 11645K(12032K)->11645K(12032K)
[1549.973s][info ][gc             ] GC(197) Pause Young (Allocation Failure) 2469M->584M(2580M) 15.317ms
[1549.973s][info ][gc,cpu         ] GC(197) User=0.06s Sys=0.00s Real=0.02s
[1549.973s][info ][safepoint      ] Safepoint "ParallelGCFailedAllocation", Time since last: 773558424 ns, Reaching safepoint: 116902 ns, At safepoint: 15415502 ns, Total: 15532404 ns
[1553.974s][info ][safepoint      ] Safepoint "Cleanup", Time since last: 4000317309 ns, Reaching safepoint: 63002 ns, At safepoint: 9600 ns, Total: 72602 ns
[1557.974s][info ][safepoint      ] Safepoint "Cleanup", Time since last: 4000323109 ns, Reaching safepoint: 129603 ns, At safepoint: 27600 ns, Total: 157203 ns
[1558.975s][info ][safepoint      ] Safepoint "Cleanup", Time since last: 1000122454 ns, Reaching safepoint: 49501 ns, At safepoint: 3000 ns, Total: 52501 ns
[1560.137s][info ][gc,start       ] GC(198) Pause Young (Allocation Failure)
[1560.155s][debug][gc,phases      ] GC(198) Scavenge 17.896ms
[1560.155s][debug][gc,ref         ] GC(198) Skipped phase 1 of Reference Processing: no references
[1560.155s][debug][gc,ref         ] GC(198) ReferenceProcessor::execute queues: 1, RefProcThreadModel::Single, marks_oops_alive: false
[1560.155s][debug][gc,ref         ] GC(198) Skipped phase 3 of Reference Processing: no references
[1560.155s][debug][gc,ref         ] GC(198) ReferenceProcessor::execute queues: 1, RefProcThreadModel::Single, marks_oops_alive: false
[1560.155s][debug][gc,phases      ] GC(198) Reference Processing 0.147ms
[1560.155s][debug][gc,phases      ] GC(198)   VM Weak                        Min:  0.0, Avg:  0.0, Max:  0.0, Diff:  0.0, Sum:  0.0, Workers: 4
[1560.155s][debug][gc,phases      ] GC(198)     Dead                           Min: 0, Avg:  0.0, Max: 0, Diff: 0, Sum: 0, Workers: 4
[1560.155s][debug][gc,phases      ] GC(198)     Total                          Min: 0, Avg: 174.2, Max: 697, Diff: 697, Sum: 697, Workers: 4
[1560.155s][debug][gc,phases      ] GC(198)   ObjectSynchronizer Weak        Min:  0.0, Avg:  0.0, Max:  0.0, Diff:  0.0, Sum:  0.0, Workers: 4
[1560.155s][debug][gc,phases      ] GC(198)     Dead                           Min: 0, Avg:  0.0, Max: 0, Diff: 0, Sum: 0, Workers: 4
[1560.155s][debug][gc,phases      ] GC(198)     Total                          Min: 0, Avg: 104.8, Max: 291, Diff: 291, Sum: 419, Workers: 4
[1560.155s][debug][gc,phases      ] GC(198)   JVMTI Tag Weak OopStorage      Min:  0.0, Avg:  0.0, Max:  0.0, Diff:  0.0, Sum:  0.0, Workers: 4
[1560.155s][debug][gc,phases      ] GC(198)     Dead                           Min: 0, Avg:  0.0, Max: 0, Diff: 0, Sum: 0, Workers: 4
[1560.155s][debug][gc,phases      ] GC(198)     Total                          Min: 0, Avg:  0.0, Max: 0, Diff: 0, Sum: 0, Workers: 4
[1560.155s][debug][gc,phases      ] GC(198)   StringTable Weak               Min:  0.1, Avg:  0.1, Max:  0.1, Diff:  0.0, Sum:  0.5, Workers: 4
[1560.155s][debug][gc,phases      ] GC(198)     Dead                           Min: 0, Avg:  0.0, Max: 0, Diff: 0, Sum: 0, Workers: 4
[1560.155s][debug][gc,phases      ] GC(198)     Total                          Min: 11136, Avg: 12022.8, Max: 12928, Diff: 1792, Sum: 48091, Workers: 4
[1560.155s][debug][gc,phases      ] GC(198)   ResolvedMethodTable Weak       Min:  0.0, Avg:  0.0, Max:  0.0, Diff:  0.0, Sum:  0.1, Workers: 4
[1560.155s][debug][gc,phases      ] GC(198)     Dead                           Min: 0, Avg:  0.0, Max: 0, Diff: 0, Sum: 0, Workers: 4
[1560.155s][debug][gc,phases      ] GC(198)     Total                          Min: 1875, Avg: 2100.8, Max: 2240, Diff: 365, Sum: 8403, Workers: 4
[1560.155s][debug][gc,phases      ] GC(198)   JNI Weak                       Min:  0.0, Avg:  0.0, Max:  0.0, Diff:  0.0, Sum:  0.0, Workers: 4
[1560.155s][debug][gc,phases      ] GC(198)     Dead                           Min: 0, Avg:  0.0, Max: 0, Diff: 0, Sum: 0, Workers: 4
[1560.155s][debug][gc,phases      ] GC(198)     Total                          Min: 0, Avg:  0.0, Max: 0, Diff: 0, Sum: 0, Workers: 4
[1560.155s][debug][gc,phases      ] GC(198)   StringDedup Table Weak         Min:  0.0, Avg:  0.0, Max:  0.0, Diff:  0.0, Sum:  0.0, Workers: 4
[1560.155s][debug][gc,phases      ] GC(198)     Dead                           Min: 0, Avg:  0.0, Max: 0, Diff: 0, Sum: 0, Workers: 4
[1560.155s][debug][gc,phases      ] GC(198)     Total                          Min: 0, Avg:  0.0, Max: 0, Diff: 0, Sum: 0, Workers: 4
[1560.155s][debug][gc,phases      ] GC(198)   StringDedup Requests0 Weak     Min:  0.0, Avg:  0.0, Max:  0.0, Diff:  0.0, Sum:  0.0, Workers: 4
[1560.155s][debug][gc,phases      ] GC(198)     Dead                           Min: 0, Avg:  0.0, Max: 0, Diff: 0, Sum: 0, Workers: 4
[1560.155s][debug][gc,phases      ] GC(198)     Total                          Min: 0, Avg:  0.0, Max: 0, Diff: 0, Sum: 0, Workers: 4
[1560.155s][debug][gc,phases      ] GC(198)   StringDedup Requests1 Weak     Min:  0.0, Avg:  0.0, Max:  0.0, Diff:  0.0, Sum:  0.0, Workers: 4
[1560.155s][debug][gc,phases      ] GC(198)     Dead                           Min: 0, Avg:  0.0, Max: 0, Diff: 0, Sum: 0, Workers: 4
[1560.155s][debug][gc,phases      ] GC(198)     Total                          Min: 0, Avg:  0.0, Max: 0, Diff: 0, Sum: 0, Workers: 4
[1560.155s][debug][gc,phases      ] GC(198)   Weak JFR Old Object Samples    Min:  0.0, Avg:  0.0, Max:  0.0, Diff:  0.0, Sum:  0.0, Workers: 4
[1560.155s][debug][gc,phases      ] GC(198)     Dead                           Min: 0, Avg:  0.0, Max: 0, Diff: 0, Sum: 0, Workers: 4
[1560.155s][debug][gc,phases      ] GC(198)     Total                          Min: 0, Avg:  0.0, Max: 0, Diff: 0, Sum: 0, Workers: 4
[1560.155s][debug][gc,phases      ] GC(198) Weak Processing 0.346ms
[1560.155s][debug][gc,age         ] GC(198) Desired survivor size 82313216 bytes, new threshold 15 (max threshold 15)
[1560.156s][info ][gc,heap        ] GC(198) PSYoungGen: 1983343K(2011136K)->61583K(2016768K) Eden: 1927680K(1927680K)->0K(1935360K) From: 55663K(83456K)->61583K(81408K)
[1560.156s][info ][gc,heap        ] GC(198) ParOldGen: 542929K(631296K)->542953K(631296K)
[1560.156s][info ][gc,metaspace   ] GC(198) Metaspace: 83523K(84352K)->83523K(84352K) NonClass: 71878K(72320K)->71878K(72320K) Class: 11645K(12032K)->11645K(12032K)
[1560.156s][info ][gc             ] GC(198) Pause Young (Allocation Failure) 2467M->590M(2586M) 18.528ms
[1560.156s][info ][gc,cpu         ] GC(198) User=0.07s Sys=0.00s Real=0.02s
[1560.156s][info ][safepoint      ] Safepoint "ParallelGCFailedAllocation", Time since last: 1162405325 ns, Reaching safepoint: 24501 ns, At safepoint: 18617764 ns, Total: 18642265 ns
[1561.156s][info ][safepoint      ] Safepoint "Cleanup", Time since last: 1000091852 ns, Reaching safepoint: 28501 ns, At safepoint: 2300 ns, Total: 30801 ns
[1565.156s][info ][safepoint      ] Safepoint "Cleanup", Time since last: 4000302708 ns, Reaching safepoint: 59302 ns, At safepoint: 4600 ns, Total: 63902 ns
[1569.157s][info ][safepoint      ] Safepoint "Cleanup", Time since last: 4000282607 ns, Reaching safepoint: 114703 ns, At safepoint: 21900 ns, Total: 136603 ns
[1570.157s][info ][safepoint      ] Safepoint "Cleanup", Time since last: 1000097052 ns, Reaching safepoint: 47001 ns, At safepoint: 3400 ns, Total: 50401 ns
[1570.494s][info ][gc,start       ] GC(199) Pause Young (Allocation Failure)
[1570.510s][debug][gc,phases      ] GC(199) Scavenge 16.260ms
[1570.510s][debug][gc,ref         ] GC(199) Skipped phase 1 of Reference Processing: no references
[1570.510s][debug][gc,ref         ] GC(199) ReferenceProcessor::execute queues: 1, RefProcThreadModel::Single, marks_oops_alive: false
[1570.510s][debug][gc,ref         ] GC(199) Skipped phase 3 of Reference Processing: no references
[1570.510s][debug][gc,ref         ] GC(199) ReferenceProcessor::execute queues: 1, RefProcThreadModel::Single, marks_oops_alive: false
[1570.510s][debug][gc,phases      ] GC(199) Reference Processing 0.131ms
[1570.511s][debug][gc,phases      ] GC(199)   VM Weak                        Min:  0.0, Avg:  0.0, Max:  0.0, Diff:  0.0, Sum:  0.0, Workers: 4
[1570.511s][debug][gc,phases      ] GC(199)     Dead                           Min: 0, Avg:  0.0, Max: 0, Diff: 0, Sum: 0, Workers: 4
[1570.511s][debug][gc,phases      ] GC(199)     Total                          Min: 0, Avg: 174.2, Max: 569, Diff: 569, Sum: 697, Workers: 4
[1570.511s][debug][gc,phases      ] GC(199)   ObjectSynchronizer Weak        Min:  0.0, Avg:  0.0, Max:  0.0, Diff:  0.0, Sum:  0.0, Workers: 4
[1570.511s][debug][gc,phases      ] GC(199)     Dead                           Min: 0, Avg:  0.0, Max: 0, Diff: 0, Sum: 0, Workers: 4
[1570.511s][debug][gc,phases      ] GC(199)     Total                          Min: 0, Avg: 104.8, Max: 163, Diff: 163, Sum: 419, Workers: 4
[1570.511s][debug][gc,phases      ] GC(199)   JVMTI Tag Weak OopStorage      Min:  0.0, Avg:  0.0, Max:  0.0, Diff:  0.0, Sum:  0.0, Workers: 4
[1570.511s][debug][gc,phases      ] GC(199)     Dead                           Min: 0, Avg:  0.0, Max: 0, Diff: 0, Sum: 0, Workers: 4
[1570.511s][debug][gc,phases      ] GC(199)     Total                          Min: 0, Avg:  0.0, Max: 0, Diff: 0, Sum: 0, Workers: 4
[1570.511s][debug][gc,phases      ] GC(199)   StringTable Weak               Min:  0.1, Avg:  0.1, Max:  0.1, Diff:  0.0, Sum:  0.5, Workers: 4
[1570.511s][debug][gc,phases      ] GC(199)     Dead                           Min: 0, Avg:  0.2, Max: 1, Diff: 1, Sum: 1, Workers: 4
[1570.511s][debug][gc,phases      ] GC(199)     Total                          Min: 11328, Avg: 12026.5, Max: 12480, Diff: 1152, Sum: 48106, Workers: 4
[1570.511s][debug][gc,phases      ] GC(199)   ResolvedMethodTable Weak       Min:  0.0, Avg:  0.0, Max:  0.0, Diff:  0.0, Sum:  0.1, Workers: 4
[1570.511s][debug][gc,phases      ] GC(199)     Dead                           Min: 0, Avg:  0.0, Max: 0, Diff: 0, Sum: 0, Workers: 4
[1570.511s][debug][gc,phases      ] GC(199)     Total                          Min: 1792, Avg: 2101.5, Max: 2304, Diff: 512, Sum: 8406, Workers: 4
[1570.511s][debug][gc,phases      ] GC(199)   JNI Weak                       Min:  0.0, Avg:  0.0, Max:  0.0, Diff:  0.0, Sum:  0.0, Workers: 4
[1570.511s][debug][gc,phases      ] GC(199)     Dead                           Min: 0, Avg:  0.0, Max: 0, Diff: 0, Sum: 0, Workers: 4
[1570.511s][debug][gc,phases      ] GC(199)     Total                          Min: 0, Avg:  0.0, Max: 0, Diff: 0, Sum: 0, Workers: 4
[1570.511s][debug][gc,phases      ] GC(199)   StringDedup Table Weak         Min:  0.0, Avg:  0.0, Max:  0.0, Diff:  0.0, Sum:  0.0, Workers: 4
[1570.511s][debug][gc,phases      ] GC(199)     Dead                           Min: 0, Avg:  0.0, Max: 0, Diff: 0, Sum: 0, Workers: 4
[1570.511s][debug][gc,phases      ] GC(199)     Total                          Min: 0, Avg:  0.0, Max: 0, Diff: 0, Sum: 0, Workers: 4
[1570.511s][debug][gc,phases      ] GC(199)   StringDedup Requests0 Weak     Min:  0.0, Avg:  0.0, Max:  0.0, Diff:  0.0, Sum:  0.0, Workers: 4
[1570.511s][debug][gc,phases      ] GC(199)     Dead                           Min: 0, Avg:  0.0, Max: 0, Diff: 0, Sum: 0, Workers: 4
[1570.511s][debug][gc,phases      ] GC(199)     Total                          Min: 0, Avg:  0.0, Max: 0, Diff: 0, Sum: 0, Workers: 4
[1570.511s][debug][gc,phases      ] GC(199)   StringDedup Requests1 Weak     Min:  0.0, Avg:  0.0, Max:  0.0, Diff:  0.0, Sum:  0.0, Workers: 4
[1570.511s][debug][gc,phases      ] GC(199)     Dead                           Min: 0, Avg:  0.0, Max: 0, Diff: 0, Sum: 0, Workers: 4
[1570.511s][debug][gc,phases      ] GC(199)     Total                          Min: 0, Avg:  0.0, Max: 0, Diff: 0, Sum: 0, Workers: 4
[1570.511s][debug][gc,phases      ] GC(199)   Weak JFR Old Object Samples    Min:  0.0, Avg:  0.0, Max:  0.0, Diff:  0.0, Sum:  0.0, Workers: 4
[1570.511s][debug][gc,phases      ] GC(199)     Dead                           Min: 0, Avg:  0.0, Max: 0, Diff: 0, Sum: 0, Workers: 4
[1570.511s][debug][gc,phases      ] GC(199)     Total                          Min: 0, Avg:  0.0, Max: 0, Diff: 0, Sum: 0, Workers: 4
[1570.511s][debug][gc,phases      ] GC(199) Weak Processing 0.336ms
[1570.511s][debug][gc,age         ] GC(199) Desired survivor size 80216064 bytes, new threshold 15 (max threshold 15)
[1570.511s][info ][gc,heap        ] GC(199) PSYoungGen: 1996943K(2016768K)->57471K(2015744K) Eden: 1935360K(1935360K)->0K(1935360K) From: 61583K(81408K)->57471K(80384K)
[1570.511s][info ][gc,heap        ] GC(199) ParOldGen: 542953K(631296K)->542969K(631296K)
[1570.511s][info ][gc,metaspace   ] GC(199) Metaspace: 83551K(84352K)->83551K(84352K) NonClass: 71901K(72320K)->71901K(72320K) Class: 11650K(12032K)->11650K(12032K)
[1570.511s][info ][gc             ] GC(199) Pause Young (Allocation Failure) 2480M->586M(2585M) 16.875ms
[1570.511s][info ][gc,cpu         ] GC(199) User=0.06s Sys=0.00s Real=0.02s
[1570.511s][info ][safepoint      ] Safepoint "ParallelGCFailedAllocation", Time since last: 337161292 ns, Reaching safepoint: 122402 ns, At safepoint: 16987932 ns, Total: 17110334 ns
[1572.511s][info ][safepoint      ] Safepoint "Cleanup", Time since last: 2000149904 ns, Reaching safepoint: 52401 ns, At safepoint: 11700 ns, Total: 64101 ns
[1576.512s][info ][safepoint      ] Safepoint "Cleanup", Time since last: 4000301108 ns, Reaching safepoint: 122702 ns, At safepoint: 30401 ns, Total: 153103 ns
[1577.512s][info ][safepoint      ] Safepoint "Cleanup", Time since last: 1000111752 ns, Reaching safepoint: 61501 ns, At safepoint: 8000 ns, Total: 69501 ns
[1579.512s][info ][safepoint      ] Safepoint "Cleanup", Time since last: 2000170804 ns, Reaching safepoint: 39801 ns, At safepoint: 7700 ns, Total: 47501 ns
[1580.074s][info ][gc,start       ] GC(200) Pause Young (Allocation Failure)
[1580.092s][debug][gc,phases      ] GC(200) Scavenge 18.058ms
[1580.092s][debug][gc,ref         ] GC(200) Skipped phase 1 of Reference Processing: no references
[1580.092s][debug][gc,ref         ] GC(200) ReferenceProcessor::execute queues: 1, RefProcThreadModel::Single, marks_oops_alive: false
[1580.092s][debug][gc,ref         ] GC(200) Skipped phase 3 of Reference Processing: no references
[1580.092s][debug][gc,ref         ] GC(200) ReferenceProcessor::execute queues: 1, RefProcThreadModel::Single, marks_oops_alive: false
[1580.092s][debug][gc,phases      ] GC(200) Reference Processing 0.132ms
[1580.093s][debug][gc,phases      ] GC(200)   VM Weak                        Min:  0.0, Avg:  0.0, Max:  0.0, Diff:  0.0, Sum:  0.0, Workers: 4
[1580.093s][debug][gc,phases      ] GC(200)     Dead                           Min: 0, Avg:  0.0, Max: 0, Diff: 0, Sum: 0, Workers: 4
[1580.093s][debug][gc,phases      ] GC(200)     Total                          Min: 0, Avg: 174.2, Max: 512, Diff: 512, Sum: 697, Workers: 4
[1580.093s][debug][gc,phases      ] GC(200)   ObjectSynchronizer Weak        Min:  0.0, Avg:  0.0, Max:  0.0, Diff:  0.0, Sum:  0.0, Workers: 4
[1580.093s][debug][gc,phases      ] GC(200)     Dead                           Min: 0, Avg:  0.0, Max: 0, Diff: 0, Sum: 0, Workers: 4
[1580.093s][debug][gc,phases      ] GC(200)     Total                          Min: 0, Avg: 104.8, Max: 163, Diff: 163, Sum: 419, Workers: 4
[1580.093s][debug][gc,phases      ] GC(200)   JVMTI Tag Weak OopStorage      Min:  0.0, Avg:  0.0, Max:  0.0, Diff:  0.0, Sum:  0.0, Workers: 4
[1580.093s][debug][gc,phases      ] GC(200)     Dead                           Min: 0, Avg:  0.0, Max: 0, Diff: 0, Sum: 0, Workers: 4
[1580.093s][debug][gc,phases      ] GC(200)     Total                          Min: 0, Avg:  0.0, Max: 0, Diff: 0, Sum: 0, Workers: 4
[1580.093s][debug][gc,phases      ] GC(200)   StringTable Weak               Min:  0.1, Avg:  0.1, Max:  0.1, Diff:  0.0, Sum:  0.5, Workers: 4
[1580.093s][debug][gc,phases      ] GC(200)     Dead                           Min: 0, Avg:  0.0, Max: 0, Diff: 0, Sum: 0, Workers: 4
[1580.093s][debug][gc,phases      ] GC(200)     Total                          Min: 11392, Avg: 12026.5, Max: 12842, Diff: 1450, Sum: 48106, Workers: 4
[1580.093s][debug][gc,phases      ] GC(200)   ResolvedMethodTable Weak       Min:  0.0, Avg:  0.0, Max:  0.0, Diff:  0.0, Sum:  0.1, Workers: 4
[1580.093s][debug][gc,phases      ] GC(200)     Dead                           Min: 0, Avg:  0.0, Max: 0, Diff: 0, Sum: 0, Workers: 4
[1580.093s][debug][gc,phases      ] GC(200)     Total                          Min: 2048, Avg: 2101.5, Max: 2198, Diff: 150, Sum: 8406, Workers: 4
[1580.093s][debug][gc,phases      ] GC(200)   JNI Weak                       Min:  0.0, Avg:  0.0, Max:  0.0, Diff:  0.0, Sum:  0.0, Workers: 4
[1580.093s][debug][gc,phases      ] GC(200)     Dead                           Min: 0, Avg:  0.0, Max: 0, Diff: 0, Sum: 0, Workers: 4
[1580.093s][debug][gc,phases      ] GC(200)     Total                          Min: 0, Avg:  0.0, Max: 0, Diff: 0, Sum: 0, Workers: 4
[1580.093s][debug][gc,phases      ] GC(200)   StringDedup Table Weak         Min:  0.0, Avg:  0.0, Max:  0.0, Diff:  0.0, Sum:  0.0, Workers: 4
[1580.093s][debug][gc,phases      ] GC(200)     Dead                           Min: 0, Avg:  0.0, Max: 0, Diff: 0, Sum: 0, Workers: 4
[1580.093s][debug][gc,phases      ] GC(200)     Total                          Min: 0, Avg:  0.0, Max: 0, Diff: 0, Sum: 0, Workers: 4
[1580.093s][debug][gc,phases      ] GC(200)   StringDedup Requests0 Weak     Min:  0.0, Avg:  0.0, Max:  0.0, Diff:  0.0, Sum:  0.0, Workers: 4
[1580.093s][debug][gc,phases      ] GC(200)     Dead                           Min: 0, Avg:  0.0, Max: 0, Diff: 0, Sum: 0, Workers: 4
[1580.093s][debug][gc,phases      ] GC(200)     Total                          Min: 0, Avg:  0.0, Max: 0, Diff: 0, Sum: 0, Workers: 4
[1580.093s][debug][gc,phases      ] GC(200)   StringDedup Requests1 Weak     Min:  0.0, Avg:  0.0, Max:  0.0, Diff:  0.0, Sum:  0.0, Workers: 4
[1580.093s][debug][gc,phases      ] GC(200)     Dead                           Min: 0, Avg:  0.0, Max: 0, Diff: 0, Sum: 0, Workers: 4
[1580.093s][debug][gc,phases      ] GC(200)     Total                          Min: 0, Avg:  0.0, Max: 0, Diff: 0, Sum: 0, Workers: 4
[1580.093s][debug][gc,phases      ] GC(200)   Weak JFR Old Object Samples    Min:  0.0, Avg:  0.0, Max:  0.0, Diff:  0.0, Sum:  0.0, Workers: 4
[1580.093s][debug][gc,phases      ] GC(200)     Dead                           Min: 0, Avg:  0.0, Max: 0, Diff: 0, Sum: 0, Workers: 4
[1580.093s][debug][gc,phases      ] GC(200)     Total                          Min: 0, Avg:  0.0, Max: 0, Diff: 0, Sum: 0, Workers: 4
[1580.093s][debug][gc,phases      ] GC(200) Weak Processing 0.342ms
[1580.093s][debug][gc,age         ] GC(200) Desired survivor size 78643200 bytes, new threshold 15 (max threshold 15)
[1580.093s][info ][gc,heap        ] GC(200) PSYoungGen: 1992831K(2015744K)->55487K(2020352K) Eden: 1935360K(1935360K)->0K(1942016K) From: 57471K(80384K)->55487K(78336K)
[1580.093s][info ][gc,heap        ] GC(200) ParOldGen: 542969K(631296K)->543001K(631296K)
[1580.093s][info ][gc,metaspace   ] GC(200) Metaspace: 83552K(84352K)->83552K(84352K) NonClass: 71901K(72320K)->71901K(72320K) Class: 11650K(12032K)->11650K(12032K)
[1580.093s][info ][gc             ] GC(200) Pause Young (Allocation Failure) 2476M->584M(2589M) 18.664ms
[1580.093s][info ][gc,cpu         ] GC(200) User=0.08s Sys=0.00s Real=0.02s
[1580.093s][info ][safepoint      ] Safepoint "ParallelGCFailedAllocation", Time since last: 562058289 ns, Reaching safepoint: 99601 ns, At safepoint: 18746967 ns, Total: 18846568 ns
[1582.093s][info ][safepoint      ] Safepoint "Cleanup", Time since last: 2000151003 ns, Reaching safepoint: 54101 ns, At safepoint: 8200 ns, Total: 62301 ns
[1585.093s][info ][safepoint      ] Safepoint "Cleanup", Time since last: 3000202855 ns, Reaching safepoint: 97702 ns, At safepoint: 13500 ns, Total: 111202 ns
[1588.813s][info ][gc,start       ] GC(201) Pause Young (Allocation Failure)
[1588.831s][debug][gc,phases      ] GC(201) Scavenge 17.499ms
[1588.831s][debug][gc,ref         ] GC(201) Skipped phase 1 of Reference Processing: no references
[1588.831s][debug][gc,ref         ] GC(201) ReferenceProcessor::execute queues: 1, RefProcThreadModel::Single, marks_oops_alive: false
[1588.831s][debug][gc,ref         ] GC(201) Skipped phase 3 of Reference Processing: no references
[1588.831s][debug][gc,ref         ] GC(201) ReferenceProcessor::execute queues: 1, RefProcThreadModel::Single, marks_oops_alive: false
[1588.831s][debug][gc,phases      ] GC(201) Reference Processing 0.139ms
[1588.831s][debug][gc,phases      ] GC(201)   VM Weak                        Min:  0.0, Avg:  0.0, Max:  0.0, Diff:  0.0, Sum:  0.0, Workers: 4
[1588.831s][debug][gc,phases      ] GC(201)     Dead                           Min: 0, Avg:  0.0, Max: 0, Diff: 0, Sum: 0, Workers: 4
[1588.831s][debug][gc,phases      ] GC(201)     Total                          Min: 0, Avg: 174.2, Max: 512, Diff: 512, Sum: 697, Workers: 4
[1588.831s][debug][gc,phases      ] GC(201)   ObjectSynchronizer Weak        Min:  0.0, Avg:  0.0, Max:  0.0, Diff:  0.0, Sum:  0.0, Workers: 4
[1588.831s][debug][gc,phases      ] GC(201)     Dead                           Min: 0, Avg:  0.0, Max: 0, Diff: 0, Sum: 0, Workers: 4
[1588.831s][debug][gc,phases      ] GC(201)     Total                          Min: 0, Avg: 104.8, Max: 163, Diff: 163, Sum: 419, Workers: 4
[1588.831s][debug][gc,phases      ] GC(201)   JVMTI Tag Weak OopStorage      Min:  0.0, Avg:  0.0, Max:  0.0, Diff:  0.0, Sum:  0.0, Workers: 4
[1588.831s][debug][gc,phases      ] GC(201)     Dead                           Min: 0, Avg:  0.0, Max: 0, Diff: 0, Sum: 0, Workers: 4
[1588.831s][debug][gc,phases      ] GC(201)     Total                          Min: 0, Avg:  0.0, Max: 0, Diff: 0, Sum: 0, Workers: 4
[1588.831s][debug][gc,phases      ] GC(201)   StringTable Weak               Min:  0.1, Avg:  0.1, Max:  0.1, Diff:  0.0, Sum:  0.5, Workers: 4
[1588.831s][debug][gc,phases      ] GC(201)     Dead                           Min: 0, Avg:  0.0, Max: 0, Diff: 0, Sum: 0, Workers: 4
[1588.831s][debug][gc,phases      ] GC(201)     Total                          Min: 11313, Avg: 12028.2, Max: 12288, Diff: 975, Sum: 48113, Workers: 4
[1588.831s][debug][gc,phases      ] GC(201)   ResolvedMethodTable Weak       Min:  0.0, Avg:  0.0, Max:  0.0, Diff:  0.0, Sum:  0.1, Workers: 4
[1588.831s][debug][gc,phases      ] GC(201)     Dead                           Min: 0, Avg:  0.0, Max: 0, Diff: 0, Sum: 0, Workers: 4
[1588.831s][debug][gc,phases      ] GC(201)     Total                          Min: 1984, Avg: 2101.5, Max: 2176, Diff: 192, Sum: 8406, Workers: 4
[1588.831s][debug][gc,phases      ] GC(201)   JNI Weak                       Min:  0.0, Avg:  0.0, Max:  0.0, Diff:  0.0, Sum:  0.0, Workers: 4
[1588.831s][debug][gc,phases      ] GC(201)     Dead                           Min: 0, Avg:  0.0, Max: 0, Diff: 0, Sum: 0, Workers: 4
[1588.831s][debug][gc,phases      ] GC(201)     Total                          Min: 0, Avg:  0.0, Max: 0, Diff: 0, Sum: 0, Workers: 4
[1588.831s][debug][gc,phases      ] GC(201)   StringDedup Table Weak         Min:  0.0, Avg:  0.0, Max:  0.0, Diff:  0.0, Sum:  0.0, Workers: 4
[1588.831s][debug][gc,phases      ] GC(201)     Dead                           Min: 0, Avg:  0.0, Max: 0, Diff: 0, Sum: 0, Workers: 4
[1588.831s][debug][gc,phases      ] GC(201)     Total                          Min: 0, Avg:  0.0, Max: 0, Diff: 0, Sum: 0, Workers: 4
[1588.831s][debug][gc,phases      ] GC(201)   StringDedup Requests0 Weak     Min:  0.0, Avg:  0.0, Max:  0.0, Diff:  0.0, Sum:  0.0, Workers: 4
[1588.831s][debug][gc,phases      ] GC(201)     Dead                           Min: 0, Avg:  0.0, Max: 0, Diff: 0, Sum: 0, Workers: 4
[1588.831s][debug][gc,phases      ] GC(201)     Total                          Min: 0, Avg:  0.0, Max: 0, Diff: 0, Sum: 0, Workers: 4
[1588.831s][debug][gc,phases      ] GC(201)   StringDedup Requests1 Weak     Min:  0.0, Avg:  0.0, Max:  0.0, Diff:  0.0, Sum:  0.0, Workers: 4
[1588.831s][debug][gc,phases      ] GC(201)     Dead                           Min: 0, Avg:  0.0, Max: 0, Diff: 0, Sum: 0, Workers: 4
[1588.831s][debug][gc,phases      ] GC(201)     Total                          Min: 0, Avg:  0.0, Max: 0, Diff: 0, Sum: 0, Workers: 4
[1588.831s][debug][gc,phases      ] GC(201)   Weak JFR Old Object Samples    Min:  0.0, Avg:  0.0, Max:  0.0, Diff:  0.0, Sum:  0.0, Workers: 4
[1588.831s][debug][gc,phases      ] GC(201)     Dead                           Min: 0, Avg:  0.0, Max: 0, Diff: 0, Sum: 0, Workers: 4
[1588.831s][debug][gc,phases      ] GC(201)     Total                          Min: 0, Avg:  0.0, Max: 0, Diff: 0, Sum: 0, Workers: 4
[1588.831s][debug][gc,phases      ] GC(201) Weak Processing 0.354ms
[1588.831s][debug][gc,age         ] GC(201) Desired survivor size 78118912 bytes, new threshold 15 (max threshold 15)
[1588.831s][info ][gc,heap        ] GC(201) PSYoungGen: 1997503K(2020352K)->61231K(2018816K) Eden: 1942016K(1942016K)->0K(1942016K) From: 55487K(78336K)->61231K(76800K)
[1588.831s][info ][gc,heap        ] GC(201) ParOldGen: 543001K(631296K)->543017K(631296K)
[1588.831s][info ][gc,metaspace   ] GC(201) Metaspace: 83553K(84352K)->83553K(84352K) NonClass: 71903K(72320K)->71903K(72320K) Class: 11650K(12032K)->11650K(12032K)
[1588.831s][info ][gc             ] GC(201) Pause Young (Allocation Failure) 2480M->590M(2588M) 18.134ms
[1588.832s][info ][gc,cpu         ] GC(201) User=0.07s Sys=0.00s Real=0.02s
[1588.832s][info ][safepoint      ] Safepoint "ParallelGCFailedAllocation", Time since last: 3719770521 ns, Reaching safepoint: 122903 ns, At safepoint: 18248957 ns, Total: 18371860 ns
[1591.832s][info ][safepoint      ] Safepoint "Cleanup", Time since last: 3000223854 ns, Reaching safepoint: 49501 ns, At safepoint: 9200 ns, Total: 58701 ns
[1592.832s][info ][safepoint      ] Safepoint "Cleanup", Time since last: 1000092852 ns, Reaching safepoint: 54801 ns, At safepoint: 8400 ns, Total: 63201 ns
[1593.832s][info ][safepoint      ] Safepoint "Cleanup", Time since last: 1000112452 ns, Reaching safepoint: 81002 ns, At safepoint: 9200 ns, Total: 90202 ns
[1596.832s][info ][safepoint      ] Safepoint "Cleanup", Time since last: 3000205753 ns, Reaching safepoint: 54801 ns, At safepoint: 16101 ns, Total: 70902 ns
[1597.833s][info ][safepoint      ] Safepoint "Cleanup", Time since last: 1000104751 ns, Reaching safepoint: 42101 ns, At safepoint: 7700 ns, Total: 49801 ns
[1598.833s][info ][safepoint      ] Safepoint "Cleanup", Time since last: 1000111552 ns, Reaching safepoint: 49601 ns, At safepoint: 3400 ns, Total: 53001 ns
[1609.834s][info ][safepoint      ] Safepoint "Cleanup", Time since last: 11000678459 ns, Reaching safepoint: 43601 ns, At safepoint: 4200 ns, Total: 47801 ns
[1617.834s][info ][safepoint      ] Safepoint "Cleanup", Time since last: 8000583606 ns, Reaching safepoint: 49701 ns, At safepoint: 3100 ns, Total: 52801 ns
[1618.834s][info ][safepoint      ] Safepoint "Cleanup", Time since last: 1000078151 ns, Reaching safepoint: 56901 ns, At safepoint: 6200 ns, Total: 63101 ns
[1619.834s][info ][safepoint      ] Safepoint "Cleanup", Time since last: 1000113852 ns, Reaching safepoint: 49301 ns, At safepoint: 2900 ns, Total: 52201 ns
[1620.835s][info ][safepoint      ] Safepoint "Cleanup", Time since last: 1000113851 ns, Reaching safepoint: 46301 ns, At safepoint: 3500 ns, Total: 49801 ns
[1624.835s][info ][safepoint      ] Safepoint "Cleanup", Time since last: 4000304903 ns, Reaching safepoint: 51701 ns, At safepoint: 8700 ns, Total: 60401 ns
[1625.324s][info ][gc,start       ] GC(202) Pause Young (Allocation Failure)
[1625.342s][debug][gc,phases      ] GC(202) Scavenge 18.039ms
[1625.343s][debug][gc,ref         ] GC(202) Skipped phase 1 of Reference Processing: no references
[1625.343s][debug][gc,ref         ] GC(202) ReferenceProcessor::execute queues: 1, RefProcThreadModel::Single, marks_oops_alive: false
[1625.343s][debug][gc,ref         ] GC(202) Skipped phase 3 of Reference Processing: no references
[1625.343s][debug][gc,ref         ] GC(202) ReferenceProcessor::execute queues: 1, RefProcThreadModel::Single, marks_oops_alive: false
[1625.343s][debug][gc,phases      ] GC(202) Reference Processing 0.130ms
[1625.343s][debug][gc,phases      ] GC(202)   VM Weak                        Min:  0.0, Avg:  0.0, Max:  0.0, Diff:  0.0, Sum:  0.0, Workers: 4
[1625.343s][debug][gc,phases      ] GC(202)     Dead                           Min: 0, Avg:  0.0, Max: 0, Diff: 0, Sum: 0, Workers: 4
[1625.343s][debug][gc,phases      ] GC(202)     Total                          Min: 0, Avg: 174.2, Max: 697, Diff: 697, Sum: 697, Workers: 4
[1625.343s][debug][gc,phases      ] GC(202)   ObjectSynchronizer Weak        Min:  0.0, Avg:  0.0, Max:  0.0, Diff:  0.0, Sum:  0.0, Workers: 4
[1625.343s][debug][gc,phases      ] GC(202)     Dead                           Min: 0, Avg:  0.0, Max: 0, Diff: 0, Sum: 0, Workers: 4
[1625.343s][debug][gc,phases      ] GC(202)     Total                          Min: 0, Avg: 104.8, Max: 163, Diff: 163, Sum: 419, Workers: 4
[1625.343s][debug][gc,phases      ] GC(202)   JVMTI Tag Weak OopStorage      Min:  0.0, Avg:  0.0, Max:  0.0, Diff:  0.0, Sum:  0.0, Workers: 4
[1625.343s][debug][gc,phases      ] GC(202)     Dead                           Min: 0, Avg:  0.0, Max: 0, Diff: 0, Sum: 0, Workers: 4
[1625.343s][debug][gc,phases      ] GC(202)     Total                          Min: 0, Avg:  0.0, Max: 0, Diff: 0, Sum: 0, Workers: 4
[1625.343s][debug][gc,phases      ] GC(202)   StringTable Weak               Min:  0.1, Avg:  0.1, Max:  0.1, Diff:  0.0, Sum:  0.4, Workers: 4
[1625.343s][debug][gc,phases      ] GC(202)     Dead                           Min: 0, Avg:  0.0, Max: 0, Diff: 0, Sum: 0, Workers: 4
[1625.343s][debug][gc,phases      ] GC(202)     Total                          Min: 11520, Avg: 12031.0, Max: 12608, Diff: 1088, Sum: 48124, Workers: 4
[1625.343s][debug][gc,phases      ] GC(202)   ResolvedMethodTable Weak       Min:  0.0, Avg:  0.0, Max:  0.0, Diff:  0.0, Sum:  0.1, Workers: 4
[1625.343s][debug][gc,phases      ] GC(202)     Dead                           Min: 0, Avg:  0.0, Max: 0, Diff: 0, Sum: 0, Workers: 4
[1625.343s][debug][gc,phases      ] GC(202)     Total                          Min: 1920, Avg: 2101.5, Max: 2262, Diff: 342, Sum: 8406, Workers: 4
[1625.343s][debug][gc,phases      ] GC(202)   JNI Weak                       Min:  0.0, Avg:  0.0, Max:  0.0, Diff:  0.0, Sum:  0.0, Workers: 4
[1625.343s][debug][gc,phases      ] GC(202)     Dead                           Min: 0, Avg:  0.0, Max: 0, Diff: 0, Sum: 0, Workers: 4
[1625.343s][debug][gc,phases      ] GC(202)     Total                          Min: 0, Avg:  0.0, Max: 0, Diff: 0, Sum: 0, Workers: 4
[1625.343s][debug][gc,phases      ] GC(202)   StringDedup Table Weak         Min:  0.0, Avg:  0.0, Max:  0.0, Diff:  0.0, Sum:  0.0, Workers: 4
[1625.343s][debug][gc,phases      ] GC(202)     Dead                           Min: 0, Avg:  0.0, Max: 0, Diff: 0, Sum: 0, Workers: 4
[1625.343s][debug][gc,phases      ] GC(202)     Total                          Min: 0, Avg:  0.0, Max: 0, Diff: 0, Sum: 0, Workers: 4
[1625.343s][debug][gc,phases      ] GC(202)   StringDedup Requests0 Weak     Min:  0.0, Avg:  0.0, Max:  0.0, Diff:  0.0, Sum:  0.0, Workers: 4
[1625.343s][debug][gc,phases      ] GC(202)     Dead                           Min: 0, Avg:  0.0, Max: 0, Diff: 0, Sum: 0, Workers: 4
[1625.343s][debug][gc,phases      ] GC(202)     Total                          Min: 0, Avg:  0.0, Max: 0, Diff: 0, Sum: 0, Workers: 4
[1625.343s][debug][gc,phases      ] GC(202)   StringDedup Requests1 Weak     Min:  0.0, Avg:  0.0, Max:  0.0, Diff:  0.0, Sum:  0.0, Workers: 4
[1625.343s][debug][gc,phases      ] GC(202)     Dead                           Min: 0, Avg:  0.0, Max: 0, Diff: 0, Sum: 0, Workers: 4
[1625.343s][debug][gc,phases      ] GC(202)     Total                          Min: 0, Avg:  0.0, Max: 0, Diff: 0, Sum: 0, Workers: 4
[1625.343s][debug][gc,phases      ] GC(202)   Weak JFR Old Object Samples    Min:  0.0, Avg:  0.0, Max:  0.0, Diff:  0.0, Sum:  0.0, Workers: 4
[1625.343s][debug][gc,phases      ] GC(202)     Dead                           Min: 0, Avg:  0.0, Max: 0, Diff: 0, Sum: 0, Workers: 4
[1625.343s][debug][gc,phases      ] GC(202)     Total                          Min: 0, Avg:  0.0, Max: 0, Diff: 0, Sum: 0, Workers: 4
[1625.343s][debug][gc,phases      ] GC(202) Weak Processing 0.344ms
[1625.343s][debug][gc,age         ] GC(202) Desired survivor size 78643200 bytes, new threshold 15 (max threshold 15)
[1625.343s][info ][gc,heap        ] GC(202) PSYoungGen: 2003247K(2018816K)->64543K(2019840K) Eden: 1942016K(1942016K)->0K(1943552K) From: 61231K(76800K)->64543K(76288K)
[1625.343s][info ][gc,heap        ] GC(202) ParOldGen: 543017K(631296K)->543177K(631296K)
[1625.343s][info ][gc,metaspace   ] GC(202) Metaspace: 83572K(84416K)->83572K(84416K) NonClass: 71921K(72384K)->71921K(72384K) Class: 11650K(12032K)->11650K(12032K)
[1625.343s][info ][gc             ] GC(202) Pause Young (Allocation Failure) 2486M->593M(2589M) 18.656ms
[1625.343s][info ][gc,cpu         ] GC(202) User=0.07s Sys=0.00s Real=0.02s
[1625.343s][info ][safepoint      ] Safepoint "ParallelGCFailedAllocation", Time since last: 489263465 ns, Reaching safepoint: 103302 ns, At safepoint: 18763766 ns, Total: 18867068 ns
[1626.343s][info ][safepoint      ] Safepoint "Cleanup", Time since last: 1000090651 ns, Reaching safepoint: 103202 ns, At safepoint: 13201 ns, Total: 116403 ns
[1627.344s][info ][safepoint      ] Safepoint "Cleanup", Time since last: 1000111851 ns, Reaching safepoint: 56301 ns, At safepoint: 6000 ns, Total: 62301 ns
[1628.344s][info ][safepoint      ] Safepoint "Cleanup", Time since last: 1000106651 ns, Reaching safepoint: 40701 ns, At safepoint: 3400 ns, Total: 44101 ns
[1629.344s][info ][safepoint      ] Safepoint "Cleanup", Time since last: 1000104751 ns, Reaching safepoint: 55701 ns, At safepoint: 8100 ns, Total: 63801 ns
[1630.344s][info ][safepoint      ] Safepoint "Cleanup", Time since last: 1000110252 ns, Reaching safepoint: 55501 ns, At safepoint: 8100 ns, Total: 63601 ns
[1632.344s][info ][safepoint      ] Safepoint "Cleanup", Time since last: 2000177401 ns, Reaching safepoint: 122803 ns, At safepoint: 11900 ns, Total: 134703 ns
[1635.432s][info ][gc,start       ] GC(203) Pause Young (Allocation Failure)
[1635.449s][debug][gc,phases      ] GC(203) Scavenge 16.416ms
[1635.449s][debug][gc,ref         ] GC(203) Skipped phase 1 of Reference Processing: no references
[1635.449s][debug][gc,ref         ] GC(203) ReferenceProcessor::execute queues: 1, RefProcThreadModel::Single, marks_oops_alive: false
[1635.449s][debug][gc,ref         ] GC(203) Skipped phase 3 of Reference Processing: no references
[1635.449s][debug][gc,ref         ] GC(203) ReferenceProcessor::execute queues: 1, RefProcThreadModel::Single, marks_oops_alive: false
[1635.449s][debug][gc,phases      ] GC(203) Reference Processing 0.133ms
[1635.449s][debug][gc,phases      ] GC(203)   VM Weak                        Min:  0.0, Avg:  0.0, Max:  0.0, Diff:  0.0, Sum:  0.0, Workers: 4
[1635.449s][debug][gc,phases      ] GC(203)     Dead                           Min: 0, Avg:  0.0, Max: 0, Diff: 0, Sum: 0, Workers: 4
[1635.449s][debug][gc,phases      ] GC(203)     Total                          Min: 0, Avg: 174.2, Max: 512, Diff: 512, Sum: 697, Workers: 4
[1635.449s][debug][gc,phases      ] GC(203)   ObjectSynchronizer Weak        Min:  0.0, Avg:  0.0, Max:  0.0, Diff:  0.0, Sum:  0.0, Workers: 4
[1635.449s][debug][gc,phases      ] GC(203)     Dead                           Min: 0, Avg:  0.0, Max: 0, Diff: 0, Sum: 0, Workers: 4
[1635.449s][debug][gc,phases      ] GC(203)     Total                          Min: 0, Avg: 104.8, Max: 192, Diff: 192, Sum: 419, Workers: 4
[1635.449s][debug][gc,phases      ] GC(203)   JVMTI Tag Weak OopStorage      Min:  0.0, Avg:  0.0, Max:  0.0, Diff:  0.0, Sum:  0.0, Workers: 4
[1635.449s][debug][gc,phases      ] GC(203)     Dead                           Min: 0, Avg:  0.0, Max: 0, Diff: 0, Sum: 0, Workers: 4
[1635.449s][debug][gc,phases      ] GC(203)     Total                          Min: 0, Avg:  0.0, Max: 0, Diff: 0, Sum: 0, Workers: 4
[1635.449s][debug][gc,phases      ] GC(203)   StringTable Weak               Min:  0.1, Avg:  0.1, Max:  0.1, Diff:  0.0, Sum:  0.4, Workers: 4
[1635.449s][debug][gc,phases      ] GC(203)     Dead                           Min: 0, Avg:  0.0, Max: 0, Diff: 0, Sum: 0, Workers: 4
[1635.449s][debug][gc,phases      ] GC(203)     Total                          Min: 10941, Avg: 12031.2, Max: 12608, Diff: 1667, Sum: 48125, Workers: 4
[1635.449s][debug][gc,phases      ] GC(203)   ResolvedMethodTable Weak       Min:  0.0, Avg:  0.0, Max:  0.0, Diff:  0.0, Sum:  0.1, Workers: 4
[1635.449s][debug][gc,phases      ] GC(203)     Dead                           Min: 0, Avg:  0.0, Max: 0, Diff: 0, Sum: 0, Workers: 4
[1635.449s][debug][gc,phases      ] GC(203)     Total                          Min: 2006, Avg: 2101.5, Max: 2240, Diff: 234, Sum: 8406, Workers: 4
[1635.449s][debug][gc,phases      ] GC(203)   JNI Weak                       Min:  0.0, Avg:  0.0, Max:  0.0, Diff:  0.0, Sum:  0.0, Workers: 4
[1635.449s][debug][gc,phases      ] GC(203)     Dead                           Min: 0, Avg:  0.0, Max: 0, Diff: 0, Sum: 0, Workers: 4
[1635.449s][debug][gc,phases      ] GC(203)     Total                          Min: 0, Avg:  0.0, Max: 0, Diff: 0, Sum: 0, Workers: 4
[1635.449s][debug][gc,phases      ] GC(203)   StringDedup Table Weak         Min:  0.0, Avg:  0.0, Max:  0.0, Diff:  0.0, Sum:  0.0, Workers: 4
[1635.449s][debug][gc,phases      ] GC(203)     Dead                           Min: 0, Avg:  0.0, Max: 0, Diff: 0, Sum: 0, Workers: 4
[1635.449s][debug][gc,phases      ] GC(203)     Total                          Min: 0, Avg:  0.0, Max: 0, Diff: 0, Sum: 0, Workers: 4
[1635.449s][debug][gc,phases      ] GC(203)   StringDedup Requests0 Weak     Min:  0.0, Avg:  0.0, Max:  0.0, Diff:  0.0, Sum:  0.0, Workers: 4
[1635.449s][debug][gc,phases      ] GC(203)     Dead                           Min: 0, Avg:  0.0, Max: 0, Diff: 0, Sum: 0, Workers: 4
[1635.449s][debug][gc,phases      ] GC(203)     Total                          Min: 0, Avg:  0.0, Max: 0, Diff: 0, Sum: 0, Workers: 4
[1635.449s][debug][gc,phases      ] GC(203)   StringDedup Requests1 Weak     Min:  0.0, Avg:  0.0, Max:  0.0, Diff:  0.0, Sum:  0.0, Workers: 4
[1635.449s][debug][gc,phases      ] GC(203)     Dead                           Min: 0, Avg:  0.0, Max: 0, Diff: 0, Sum: 0, Workers: 4
[1635.449s][debug][gc,phases      ] GC(203)     Total                          Min: 0, Avg:  0.0, Max: 0, Diff: 0, Sum: 0, Workers: 4
[1635.449s][debug][gc,phases      ] GC(203)   Weak JFR Old Object Samples    Min:  0.0, Avg:  0.0, Max:  0.0, Diff:  0.0, Sum:  0.0, Workers: 4
[1635.449s][debug][gc,phases      ] GC(203)     Dead                           Min: 0, Avg:  0.0, Max: 0, Diff: 0, Sum: 0, Workers: 4
[1635.449s][debug][gc,phases      ] GC(203)     Total                          Min: 0, Avg:  0.0, Max: 0, Diff: 0, Sum: 0, Workers: 4
[1635.449s][debug][gc,phases      ] GC(203) Weak Processing 0.346ms
[1635.449s][debug][gc,age         ] GC(203) Desired survivor size 78643200 bytes, new threshold 15 (max threshold 15)
[1635.450s][info ][gc,heap        ] GC(203) PSYoungGen: 2008095K(2019840K)->63919K(2020352K) Eden: 1943552K(1943552K)->0K(1943552K) From: 64543K(76288K)->63919K(76800K)
[1635.450s][info ][gc,heap        ] GC(203) ParOldGen: 543177K(631296K)->543368K(631296K)
[1635.450s][info ][gc,metaspace   ] GC(203) Metaspace: 83574K(84416K)->83574K(84416K) NonClass: 71924K(72384K)->71924K(72384K) Class: 11650K(12032K)->11650K(12032K)
[1635.450s][info ][gc             ] GC(203) Pause Young (Allocation Failure) 2491M->593M(2589M) 17.041ms
[1635.450s][info ][gc,cpu         ] GC(203) User=0.06s Sys=0.00s Real=0.01s
[1635.450s][info ][safepoint      ] Safepoint "ParallelGCFailedAllocation", Time since last: 3088037068 ns, Reaching safepoint: 100201 ns, At safepoint: 17135035 ns, Total: 17235236 ns
[1636.450s][info ][safepoint      ] Safepoint "Cleanup", Time since last: 1000085251 ns, Reaching safepoint: 49501 ns, At safepoint: 2600 ns, Total: 52101 ns
[1662.452s][info ][safepoint      ] Safepoint "Cleanup", Time since last: 26001812998 ns, Reaching safepoint: 51501 ns, At safepoint: 8200 ns, Total: 59701 ns
[1663.452s][info ][safepoint      ] Safepoint "Cleanup", Time since last: 1000111351 ns, Reaching safepoint: 59201 ns, At safepoint: 7600 ns, Total: 66801 ns
[1664.452s][info ][safepoint      ] Safepoint "Cleanup", Time since last: 1000109750 ns, Reaching safepoint: 87702 ns, At safepoint: 9200 ns, Total: 96902 ns
[1665.452s][info ][safepoint      ] Safepoint "Cleanup", Time since last: 1000073850 ns, Reaching safepoint: 49401 ns, At safepoint: 3400 ns, Total: 52801 ns
[1666.452s][info ][safepoint      ] Safepoint "Cleanup", Time since last: 1000113550 ns, Reaching safepoint: 57101 ns, At safepoint: 7900 ns, Total: 65001 ns
[1667.453s][info ][safepoint      ] Safepoint "Cleanup", Time since last: 1000110051 ns, Reaching safepoint: 121202 ns, At safepoint: 6100 ns, Total: 127302 ns
[1670.453s][info ][safepoint      ] Safepoint "Cleanup", Time since last: 3000254250 ns, Reaching safepoint: 48701 ns, At safepoint: 30600 ns, Total: 79301 ns
[1671.453s][info ][safepoint      ] Safepoint "Cleanup", Time since last: 1000102050 ns, Reaching safepoint: 60001 ns, At safepoint: 9901 ns, Total: 69902 ns
[1672.453s][info ][safepoint      ] Safepoint "Cleanup", Time since last: 1000086449 ns, Reaching safepoint: 44601 ns, At safepoint: 3000 ns, Total: 47601 ns
[1677.454s][info ][safepoint      ] Safepoint "Cleanup", Time since last: 5000353547 ns, Reaching safepoint: 103902 ns, At safepoint: 14501 ns, Total: 118403 ns
[1684.454s][info ][safepoint      ] Safepoint "Cleanup", Time since last: 7000489944 ns, Reaching safepoint: 121703 ns, At safepoint: 6000 ns, Total: 127703 ns
[1685.455s][info ][safepoint      ] Safepoint "Cleanup", Time since last: 1000142250 ns, Reaching safepoint: 165004 ns, At safepoint: 16000 ns, Total: 181004 ns
[1696.180s][info ][gc,start       ] GC(204) Pause Young (Allocation Failure)
[1696.197s][debug][gc,phases      ] GC(204) Scavenge 16.932ms
[1696.197s][debug][gc,ref         ] GC(204) Skipped phase 1 of Reference Processing: no references
[1696.197s][debug][gc,ref         ] GC(204) ReferenceProcessor::execute queues: 1, RefProcThreadModel::Single, marks_oops_alive: false
[1696.197s][debug][gc,ref         ] GC(204) Skipped phase 3 of Reference Processing: no references
[1696.197s][debug][gc,ref         ] GC(204) ReferenceProcessor::execute queues: 1, RefProcThreadModel::Single, marks_oops_alive: false
[1696.197s][debug][gc,phases      ] GC(204) Reference Processing 0.131ms
[1696.197s][debug][gc,phases      ] GC(204)   VM Weak                        Min:  0.0, Avg:  0.0, Max:  0.0, Diff:  0.0, Sum:  0.0, Workers: 4
[1696.197s][debug][gc,phases      ] GC(204)     Dead                           Min: 0, Avg:  0.0, Max: 0, Diff: 0, Sum: 0, Workers: 4
[1696.197s][debug][gc,phases      ] GC(204)     Total                          Min: 0, Avg: 174.2, Max: 633, Diff: 633, Sum: 697, Workers: 4
[1696.197s][debug][gc,phases      ] GC(204)   ObjectSynchronizer Weak        Min:  0.0, Avg:  0.0, Max:  0.0, Diff:  0.0, Sum:  0.0, Workers: 4
[1696.197s][debug][gc,phases      ] GC(204)     Dead                           Min: 0, Avg:  0.0, Max: 0, Diff: 0, Sum: 0, Workers: 4
[1696.197s][debug][gc,phases      ] GC(204)     Total                          Min: 0, Avg: 104.8, Max: 227, Diff: 227, Sum: 419, Workers: 4
[1696.197s][debug][gc,phases      ] GC(204)   JVMTI Tag Weak OopStorage      Min:  0.0, Avg:  0.0, Max:  0.0, Diff:  0.0, Sum:  0.0, Workers: 4
[1696.197s][debug][gc,phases      ] GC(204)     Dead                           Min: 0, Avg:  0.0, Max: 0, Diff: 0, Sum: 0, Workers: 4
[1696.197s][debug][gc,phases      ] GC(204)     Total                          Min: 0, Avg:  0.0, Max: 0, Diff: 0, Sum: 0, Workers: 4
[1696.197s][debug][gc,phases      ] GC(204)   StringTable Weak               Min:  0.1, Avg:  0.1, Max:  0.1, Diff:  0.0, Sum:  0.5, Workers: 4
[1696.197s][debug][gc,phases      ] GC(204)     Dead                           Min: 0, Avg:  0.0, Max: 0, Diff: 0, Sum: 0, Workers: 4
[1696.197s][debug][gc,phases      ] GC(204)     Total                          Min: 10494, Avg: 12031.5, Max: 13504, Diff: 3010, Sum: 48126, Workers: 4
[1696.197s][debug][gc,phases      ] GC(204)   ResolvedMethodTable Weak       Min:  0.0, Avg:  0.0, Max:  0.0, Diff:  0.0, Sum:  0.1, Workers: 4
[1696.197s][debug][gc,phases      ] GC(204)     Dead                           Min: 0, Avg:  0.0, Max: 0, Diff: 0, Sum: 0, Workers: 4
[1696.197s][debug][gc,phases      ] GC(204)     Total                          Min: 1920, Avg: 2101.5, Max: 2326, Diff: 406, Sum: 8406, Workers: 4
[1696.197s][debug][gc,phases      ] GC(204)   JNI Weak                       Min:  0.0, Avg:  0.0, Max:  0.0, Diff:  0.0, Sum:  0.0, Workers: 4
[1696.197s][debug][gc,phases      ] GC(204)     Dead                           Min: 0, Avg:  0.0, Max: 0, Diff: 0, Sum: 0, Workers: 4
[1696.197s][debug][gc,phases      ] GC(204)     Total                          Min: 0, Avg:  0.0, Max: 0, Diff: 0, Sum: 0, Workers: 4
[1696.197s][debug][gc,phases      ] GC(204)   StringDedup Table Weak         Min:  0.0, Avg:  0.0, Max:  0.0, Diff:  0.0, Sum:  0.0, Workers: 4
[1696.197s][debug][gc,phases      ] GC(204)     Dead                           Min: 0, Avg:  0.0, Max: 0, Diff: 0, Sum: 0, Workers: 4
[1696.197s][debug][gc,phases      ] GC(204)     Total                          Min: 0, Avg:  0.0, Max: 0, Diff: 0, Sum: 0, Workers: 4
[1696.197s][debug][gc,phases      ] GC(204)   StringDedup Requests0 Weak     Min:  0.0, Avg:  0.0, Max:  0.0, Diff:  0.0, Sum:  0.0, Workers: 4
[1696.197s][debug][gc,phases      ] GC(204)     Dead                           Min: 0, Avg:  0.0, Max: 0, Diff: 0, Sum: 0, Workers: 4
[1696.197s][debug][gc,phases      ] GC(204)     Total                          Min: 0, Avg:  0.0, Max: 0, Diff: 0, Sum: 0, Workers: 4
[1696.197s][debug][gc,phases      ] GC(204)   StringDedup Requests1 Weak     Min:  0.0, Avg:  0.0, Max:  0.0, Diff:  0.0, Sum:  0.0, Workers: 4
[1696.197s][debug][gc,phases      ] GC(204)     Dead                           Min: 0, Avg:  0.0, Max: 0, Diff: 0, Sum: 0, Workers: 4
[1696.197s][debug][gc,phases      ] GC(204)     Total                          Min: 0, Avg:  0.0, Max: 0, Diff: 0, Sum: 0, Workers: 4
[1696.197s][debug][gc,phases      ] GC(204)   Weak JFR Old Object Samples    Min:  0.0, Avg:  0.0, Max:  0.0, Diff:  0.0, Sum:  0.0, Workers: 4
[1696.197s][debug][gc,phases      ] GC(204)     Dead                           Min: 0, Avg:  0.0, Max: 0, Diff: 0, Sum: 0, Workers: 4
[1696.197s][debug][gc,phases      ] GC(204)     Total                          Min: 0, Avg:  0.0, Max: 0, Diff: 0, Sum: 0, Workers: 4
[1696.197s][debug][gc,phases      ] GC(204) Weak Processing 0.384ms
[1696.197s][debug][gc,age         ] GC(204) Desired survivor size 78643200 bytes, new threshold 15 (max threshold 15)
[1696.197s][info ][gc,heap        ] GC(204) PSYoungGen: 2007471K(2020352K)->62639K(2020352K) Eden: 1943552K(1943552K)->0K(1943552K) From: 63919K(76800K)->62639K(76800K)
[1696.197s][info ][gc,heap        ] GC(204) ParOldGen: 543368K(631296K)->543392K(631296K)
[1696.197s][info ][gc,metaspace   ] GC(204) Metaspace: 83591K(84416K)->83591K(84416K) NonClass: 71940K(72384K)->71940K(72384K) Class: 11650K(12032K)->11650K(12032K)
[1696.197s][info ][gc             ] GC(204) Pause Young (Allocation Failure) 2491M->591M(2589M) 17.588ms
[1696.197s][info ][gc,cpu         ] GC(204) User=0.07s Sys=0.00s Real=0.02s
[1696.197s][info ][safepoint      ] Safepoint "ParallelGCFailedAllocation", Time since last: 10725080650 ns, Reaching safepoint: 108203 ns, At safepoint: 17692445 ns, Total: 17800648 ns
[1702.198s][info ][safepoint      ] Safepoint "Cleanup", Time since last: 6000386093 ns, Reaching safepoint: 46301 ns, At safepoint: 32801 ns, Total: 79102 ns
[1708.198s][info ][safepoint      ] Safepoint "Cleanup", Time since last: 6000406092 ns, Reaching safepoint: 44101 ns, At safepoint: 3000 ns, Total: 47101 ns
[1715.199s][info ][safepoint      ] Safepoint "Cleanup", Time since last: 7000473240 ns, Reaching safepoint: 48801 ns, At safepoint: 2700 ns, Total: 51501 ns
[1716.199s][info ][safepoint      ] Safepoint "Cleanup", Time since last: 1000109349 ns, Reaching safepoint: 42801 ns, At safepoint: 2600 ns, Total: 45401 ns
[1728.787s][info ][gc,start       ] GC(205) Pause Young (Allocation Failure)
[1728.807s][debug][gc,phases      ] GC(205) Scavenge 20.440ms
[1728.807s][debug][gc,ref         ] GC(205) Skipped phase 1 of Reference Processing: no references
[1728.807s][debug][gc,ref         ] GC(205) ReferenceProcessor::execute queues: 1, RefProcThreadModel::Single, marks_oops_alive: false
[1728.807s][debug][gc,ref         ] GC(205) Skipped phase 3 of Reference Processing: no references
[1728.807s][debug][gc,ref         ] GC(205) ReferenceProcessor::execute queues: 1, RefProcThreadModel::Single, marks_oops_alive: false
[1728.807s][debug][gc,phases      ] GC(205) Reference Processing 0.146ms
[1728.807s][debug][gc,phases      ] GC(205)   VM Weak                        Min:  0.0, Avg:  0.0, Max:  0.0, Diff:  0.0, Sum:  0.0, Workers: 4
[1728.807s][debug][gc,phases      ] GC(205)     Dead                           Min: 0, Avg:  0.0, Max: 0, Diff: 0, Sum: 0, Workers: 4
[1728.807s][debug][gc,phases      ] GC(205)     Total                          Min: 0, Avg: 174.2, Max: 448, Diff: 448, Sum: 697, Workers: 4
[1728.807s][debug][gc,phases      ] GC(205)   ObjectSynchronizer Weak        Min:  0.0, Avg:  0.0, Max:  0.0, Diff:  0.0, Sum:  0.0, Workers: 4
[1728.807s][debug][gc,phases      ] GC(205)     Dead                           Min: 0, Avg:  0.0, Max: 0, Diff: 0, Sum: 0, Workers: 4
[1728.807s][debug][gc,phases      ] GC(205)     Total                          Min: 0, Avg: 104.8, Max: 192, Diff: 192, Sum: 419, Workers: 4
[1728.807s][debug][gc,phases      ] GC(205)   JVMTI Tag Weak OopStorage      Min:  0.0, Avg:  0.0, Max:  0.0, Diff:  0.0, Sum:  0.0, Workers: 4
[1728.807s][debug][gc,phases      ] GC(205)     Dead                           Min: 0, Avg:  0.0, Max: 0, Diff: 0, Sum: 0, Workers: 4
[1728.807s][debug][gc,phases      ] GC(205)     Total                          Min: 0, Avg:  0.0, Max: 0, Diff: 0, Sum: 0, Workers: 4
[1728.807s][debug][gc,phases      ] GC(205)   StringTable Weak               Min:  0.1, Avg:  0.1, Max:  0.1, Diff:  0.0, Sum:  0.5, Workers: 4
[1728.807s][debug][gc,phases      ] GC(205)     Dead                           Min: 0, Avg:  0.0, Max: 0, Diff: 0, Sum: 0, Workers: 4
[1728.807s][debug][gc,phases      ] GC(205)     Total                          Min: 10944, Avg: 12031.5, Max: 12992, Diff: 2048, Sum: 48126, Workers: 4
[1728.808s][debug][gc,phases      ] GC(205)   ResolvedMethodTable Weak       Min:  0.0, Avg:  0.0, Max:  0.0, Diff:  0.0, Sum:  0.1, Workers: 4
[1728.808s][debug][gc,phases      ] GC(205)     Dead                           Min: 0, Avg:  0.0, Max: 0, Diff: 0, Sum: 0, Workers: 4
[1728.808s][debug][gc,phases      ] GC(205)     Total                          Min: 2006, Avg: 2101.5, Max: 2240, Diff: 234, Sum: 8406, Workers: 4
[1728.808s][debug][gc,phases      ] GC(205)   JNI Weak                       Min:  0.0, Avg:  0.0, Max:  0.0, Diff:  0.0, Sum:  0.0, Workers: 4
[1728.808s][debug][gc,phases      ] GC(205)     Dead                           Min: 0, Avg:  0.0, Max: 0, Diff: 0, Sum: 0, Workers: 4
[1728.808s][debug][gc,phases      ] GC(205)     Total                          Min: 0, Avg:  0.0, Max: 0, Diff: 0, Sum: 0, Workers: 4
[1728.808s][debug][gc,phases      ] GC(205)   StringDedup Table Weak         Min:  0.0, Avg:  0.0, Max:  0.0, Diff:  0.0, Sum:  0.0, Workers: 4
[1728.808s][debug][gc,phases      ] GC(205)     Dead                           Min: 0, Avg:  0.0, Max: 0, Diff: 0, Sum: 0, Workers: 4
[1728.808s][debug][gc,phases      ] GC(205)     Total                          Min: 0, Avg:  0.0, Max: 0, Diff: 0, Sum: 0, Workers: 4
[1728.808s][debug][gc,phases      ] GC(205)   StringDedup Requests0 Weak     Min:  0.0, Avg:  0.0, Max:  0.0, Diff:  0.0, Sum:  0.0, Workers: 4
[1728.808s][debug][gc,phases      ] GC(205)     Dead                           Min: 0, Avg:  0.0, Max: 0, Diff: 0, Sum: 0, Workers: 4
[1728.808s][debug][gc,phases      ] GC(205)     Total                          Min: 0, Avg:  0.0, Max: 0, Diff: 0, Sum: 0, Workers: 4
[1728.808s][debug][gc,phases      ] GC(205)   StringDedup Requests1 Weak     Min:  0.0, Avg:  0.0, Max:  0.0, Diff:  0.0, Sum:  0.0, Workers: 4
[1728.808s][debug][gc,phases      ] GC(205)     Dead                           Min: 0, Avg:  0.0, Max: 0, Diff: 0, Sum: 0, Workers: 4
[1728.808s][debug][gc,phases      ] GC(205)     Total                          Min: 0, Avg:  0.0, Max: 0, Diff: 0, Sum: 0, Workers: 4
[1728.808s][debug][gc,phases      ] GC(205)   Weak JFR Old Object Samples    Min:  0.0, Avg:  0.0, Max:  0.0, Diff:  0.0, Sum:  0.0, Workers: 4
[1728.808s][debug][gc,phases      ] GC(205)     Dead                           Min: 0, Avg:  0.0, Max: 0, Diff: 0, Sum: 0, Workers: 4
[1728.808s][debug][gc,phases      ] GC(205)     Total                          Min: 0, Avg:  0.0, Max: 0, Diff: 0, Sum: 0, Workers: 4
[1728.808s][debug][gc,phases      ] GC(205) Weak Processing 0.383ms
[1728.808s][debug][gc,age         ] GC(205) Desired survivor size 77594624 bytes, new threshold 15 (max threshold 15)
[1728.808s][info ][gc,heap        ] GC(205) PSYoungGen: 2006191K(2020352K)->62095K(2020352K) Eden: 1943552K(1943552K)->0K(1943552K) From: 62639K(76800K)->62095K(76800K)
[1728.808s][info ][gc,heap        ] GC(205) ParOldGen: 543392K(631296K)->543400K(631296K)
[1728.808s][info ][gc,metaspace   ] GC(205) Metaspace: 83593K(84416K)->83593K(84416K) NonClass: 71943K(72384K)->71943K(72384K) Class: 11650K(12032K)->11650K(12032K)
[1728.808s][info ][gc             ] GC(205) Pause Young (Allocation Failure) 2489M->591M(2589M) 21.144ms
[1728.808s][info ][gc,cpu         ] GC(205) User=0.08s Sys=0.00s Real=0.02s
[1728.808s][info ][safepoint      ] Safepoint "ParallelGCFailedAllocation", Time since last: 12587326545 ns, Reaching safepoint: 114102 ns, At safepoint: 21292317 ns, Total: 21406419 ns
[1736.808s][info ][safepoint      ] Safepoint "Cleanup", Time since last: 8000547285 ns, Reaching safepoint: 44801 ns, At safepoint: 3000 ns, Total: 47801 ns
[1739.115s][info ][gc,start       ] GC(206) Pause Young (Allocation Failure)
[1739.132s][debug][gc,phases      ] GC(206) Scavenge 16.752ms
[1739.132s][debug][gc,ref         ] GC(206) Skipped phase 1 of Reference Processing: no references
[1739.132s][debug][gc,ref         ] GC(206) ReferenceProcessor::execute queues: 1, RefProcThreadModel::Single, marks_oops_alive: false
[1739.132s][debug][gc,ref         ] GC(206) Skipped phase 3 of Reference Processing: no references
[1739.132s][debug][gc,ref         ] GC(206) ReferenceProcessor::execute queues: 1, RefProcThreadModel::Single, marks_oops_alive: false
[1739.132s][debug][gc,phases      ] GC(206) Reference Processing 0.133ms
[1739.132s][debug][gc,phases      ] GC(206)   VM Weak                        Min:  0.0, Avg:  0.0, Max:  0.0, Diff:  0.0, Sum:  0.0, Workers: 4
[1739.132s][debug][gc,phases      ] GC(206)     Dead                           Min: 0, Avg:  0.0, Max: 0, Diff: 0, Sum: 0, Workers: 4
[1739.132s][debug][gc,phases      ] GC(206)     Total                          Min: 0, Avg: 174.2, Max: 448, Diff: 448, Sum: 697, Workers: 4
[1739.132s][debug][gc,phases      ] GC(206)   ObjectSynchronizer Weak        Min:  0.0, Avg:  0.0, Max:  0.0, Diff:  0.0, Sum:  0.0, Workers: 4
[1739.132s][debug][gc,phases      ] GC(206)     Dead                           Min: 0, Avg:  0.0, Max: 0, Diff: 0, Sum: 0, Workers: 4
[1739.132s][debug][gc,phases      ] GC(206)     Total                          Min: 0, Avg: 104.8, Max: 256, Diff: 256, Sum: 419, Workers: 4
[1739.132s][debug][gc,phases      ] GC(206)   JVMTI Tag Weak OopStorage      Min:  0.0, Avg:  0.0, Max:  0.0, Diff:  0.0, Sum:  0.0, Workers: 4
[1739.132s][debug][gc,phases      ] GC(206)     Dead                           Min: 0, Avg:  0.0, Max: 0, Diff: 0, Sum: 0, Workers: 4
[1739.132s][debug][gc,phases      ] GC(206)     Total                          Min: 0, Avg:  0.0, Max: 0, Diff: 0, Sum: 0, Workers: 4
[1739.132s][debug][gc,phases      ] GC(206)   StringTable Weak               Min:  0.1, Avg:  0.1, Max:  0.1, Diff:  0.0, Sum:  0.5, Workers: 4
[1739.132s][debug][gc,phases      ] GC(206)     Dead                           Min: 0, Avg:  0.0, Max: 0, Diff: 0, Sum: 0, Workers: 4
[1739.132s][debug][gc,phases      ] GC(206)     Total                          Min: 10942, Avg: 12031.5, Max: 13056, Diff: 2114, Sum: 48126, Workers: 4
[1739.132s][debug][gc,phases      ] GC(206)   ResolvedMethodTable Weak       Min:  0.0, Avg:  0.0, Max:  0.0, Diff:  0.0, Sum:  0.1, Workers: 4
[1739.132s][debug][gc,phases      ] GC(206)     Dead                           Min: 0, Avg:  0.0, Max: 0, Diff: 0, Sum: 0, Workers: 4
[1739.132s][debug][gc,phases      ] GC(206)     Total                          Min: 1984, Avg: 2101.5, Max: 2198, Diff: 214, Sum: 8406, Workers: 4
[1739.132s][debug][gc,phases      ] GC(206)   JNI Weak                       Min:  0.0, Avg:  0.0, Max:  0.0, Diff:  0.0, Sum:  0.0, Workers: 4
[1739.132s][debug][gc,phases      ] GC(206)     Dead                           Min: 0, Avg:  0.0, Max: 0, Diff: 0, Sum: 0, Workers: 4
[1739.132s][debug][gc,phases      ] GC(206)     Total                          Min: 0, Avg:  0.0, Max: 0, Diff: 0, Sum: 0, Workers: 4
[1739.132s][debug][gc,phases      ] GC(206)   StringDedup Table Weak         Min:  0.0, Avg:  0.0, Max:  0.0, Diff:  0.0, Sum:  0.0, Workers: 4
[1739.132s][debug][gc,phases      ] GC(206)     Dead                           Min: 0, Avg:  0.0, Max: 0, Diff: 0, Sum: 0, Workers: 4
[1739.132s][debug][gc,phases      ] GC(206)     Total                          Min: 0, Avg:  0.0, Max: 0, Diff: 0, Sum: 0, Workers: 4
[1739.132s][debug][gc,phases      ] GC(206)   StringDedup Requests0 Weak     Min:  0.0, Avg:  0.0, Max:  0.0, Diff:  0.0, Sum:  0.0, Workers: 4
[1739.132s][debug][gc,phases      ] GC(206)     Dead                           Min: 0, Avg:  0.0, Max: 0, Diff: 0, Sum: 0, Workers: 4
[1739.132s][debug][gc,phases      ] GC(206)     Total                          Min: 0, Avg:  0.0, Max: 0, Diff: 0, Sum: 0, Workers: 4
[1739.132s][debug][gc,phases      ] GC(206)   StringDedup Requests1 Weak     Min:  0.0, Avg:  0.0, Max:  0.0, Diff:  0.0, Sum:  0.0, Workers: 4
[1739.132s][debug][gc,phases      ] GC(206)     Dead                           Min: 0, Avg:  0.0, Max: 0, Diff: 0, Sum: 0, Workers: 4
[1739.132s][debug][gc,phases      ] GC(206)     Total                          Min: 0, Avg:  0.0, Max: 0, Diff: 0, Sum: 0, Workers: 4
[1739.132s][debug][gc,phases      ] GC(206)   Weak JFR Old Object Samples    Min:  0.0, Avg:  0.0, Max:  0.0, Diff:  0.0, Sum:  0.0, Workers: 4
[1739.132s][debug][gc,phases      ] GC(206)     Dead                           Min: 0, Avg:  0.0, Max: 0, Diff: 0, Sum: 0, Workers: 4
[1739.132s][debug][gc,phases      ] GC(206)     Total                          Min: 0, Avg:  0.0, Max: 0, Diff: 0, Sum: 0, Workers: 4
[1739.132s][debug][gc,phases      ] GC(206) Weak Processing 0.357ms
[1739.132s][debug][gc,age         ] GC(206) Desired survivor size 76546048 bytes, new threshold 15 (max threshold 15)
[1739.132s][info ][gc,heap        ] GC(206) PSYoungGen: 2005647K(2020352K)->56015K(2022400K) Eden: 1943552K(1943552K)->0K(1946624K) From: 62095K(76800K)->56015K(75776K)
[1739.132s][info ][gc,heap        ] GC(206) ParOldGen: 543400K(631296K)->543848K(631296K)
[1739.132s][info ][gc,metaspace   ] GC(206) Metaspace: 83593K(84416K)->83593K(84416K) NonClass: 71943K(72384K)->71943K(72384K) Class: 11650K(12032K)->11650K(12032K)
[1739.132s][info ][gc             ] GC(206) Pause Young (Allocation Failure) 2489M->585M(2591M) 17.390ms
[1739.132s][info ][gc,cpu         ] GC(206) User=0.06s Sys=0.00s Real=0.02s
[1739.132s][info ][safepoint      ] Safepoint "ParallelGCFailedAllocation", Time since last: 2306442084 ns, Reaching safepoint: 90801 ns, At safepoint: 17503343 ns, Total: 17594144 ns
[1749.134s][info ][safepoint      ] Safepoint "Cleanup", Time since last: 10000891584 ns, Reaching safepoint: 332506 ns, At safepoint: 25101 ns, Total: 357607 ns
[1749.173s][info ][gc,start       ] GC(207) Pause Young (Allocation Failure)
[1749.191s][debug][gc,phases      ] GC(207) Scavenge 18.056ms
[1749.191s][debug][gc,ref         ] GC(207) Skipped phase 1 of Reference Processing: no references
[1749.191s][debug][gc,ref         ] GC(207) ReferenceProcessor::execute queues: 1, RefProcThreadModel::Single, marks_oops_alive: false
[1749.191s][debug][gc,ref         ] GC(207) Skipped phase 3 of Reference Processing: no references
[1749.191s][debug][gc,ref         ] GC(207) ReferenceProcessor::execute queues: 1, RefProcThreadModel::Single, marks_oops_alive: false
[1749.191s][debug][gc,phases      ] GC(207) Reference Processing 0.128ms
[1749.191s][debug][gc,phases      ] GC(207)   VM Weak                        Min:  0.0, Avg:  0.0, Max:  0.0, Diff:  0.0, Sum:  0.0, Workers: 4
[1749.191s][debug][gc,phases      ] GC(207)     Dead                           Min: 0, Avg:  0.0, Max: 0, Diff: 0, Sum: 0, Workers: 4
[1749.191s][debug][gc,phases      ] GC(207)     Total                          Min: 0, Avg: 174.2, Max: 697, Diff: 697, Sum: 697, Workers: 4
[1749.191s][debug][gc,phases      ] GC(207)   ObjectSynchronizer Weak        Min:  0.0, Avg:  0.0, Max:  0.0, Diff:  0.0, Sum:  0.0, Workers: 4
[1749.191s][debug][gc,phases      ] GC(207)     Dead                           Min: 0, Avg:  0.0, Max: 0, Diff: 0, Sum: 0, Workers: 4
[1749.191s][debug][gc,phases      ] GC(207)     Total                          Min: 0, Avg: 104.8, Max: 163, Diff: 163, Sum: 419, Workers: 4
[1749.191s][debug][gc,phases      ] GC(207)   JVMTI Tag Weak OopStorage      Min:  0.0, Avg:  0.0, Max:  0.0, Diff:  0.0, Sum:  0.0, Workers: 4
[1749.191s][debug][gc,phases      ] GC(207)     Dead                           Min: 0, Avg:  0.0, Max: 0, Diff: 0, Sum: 0, Workers: 4
[1749.191s][debug][gc,phases      ] GC(207)     Total                          Min: 0, Avg:  0.0, Max: 0, Diff: 0, Sum: 0, Workers: 4
[1749.191s][debug][gc,phases      ] GC(207)   StringTable Weak               Min:  0.1, Avg:  0.1, Max:  0.1, Diff:  0.0, Sum:  0.5, Workers: 4
[1749.191s][debug][gc,phases      ] GC(207)     Dead                           Min: 0, Avg:  0.0, Max: 0, Diff: 0, Sum: 0, Workers: 4
[1749.191s][debug][gc,phases      ] GC(207)     Total                          Min: 11456, Avg: 12031.5, Max: 12542, Diff: 1086, Sum: 48126, Workers: 4
[1749.191s][debug][gc,phases      ] GC(207)   ResolvedMethodTable Weak       Min:  0.0, Avg:  0.0, Max:  0.0, Diff:  0.0, Sum:  0.1, Workers: 4
[1749.191s][debug][gc,phases      ] GC(207)     Dead                           Min: 0, Avg:  0.0, Max: 0, Diff: 0, Sum: 0, Workers: 4
[1749.191s][debug][gc,phases      ] GC(207)     Total                          Min: 1920, Avg: 2101.5, Max: 2240, Diff: 320, Sum: 8406, Workers: 4
[1749.191s][debug][gc,phases      ] GC(207)   JNI Weak                       Min:  0.0, Avg:  0.0, Max:  0.0, Diff:  0.0, Sum:  0.0, Workers: 4
[1749.191s][debug][gc,phases      ] GC(207)     Dead                           Min: 0, Avg:  0.0, Max: 0, Diff: 0, Sum: 0, Workers: 4
[1749.191s][debug][gc,phases      ] GC(207)     Total                          Min: 0, Avg:  0.0, Max: 0, Diff: 0, Sum: 0, Workers: 4
[1749.191s][debug][gc,phases      ] GC(207)   StringDedup Table Weak         Min:  0.0, Avg:  0.0, Max:  0.0, Diff:  0.0, Sum:  0.0, Workers: 4
[1749.191s][debug][gc,phases      ] GC(207)     Dead                           Min: 0, Avg:  0.0, Max: 0, Diff: 0, Sum: 0, Workers: 4
[1749.191s][debug][gc,phases      ] GC(207)     Total                          Min: 0, Avg:  0.0, Max: 0, Diff: 0, Sum: 0, Workers: 4
[1749.191s][debug][gc,phases      ] GC(207)   StringDedup Requests0 Weak     Min:  0.0, Avg:  0.0, Max:  0.0, Diff:  0.0, Sum:  0.0, Workers: 4
[1749.191s][debug][gc,phases      ] GC(207)     Dead                           Min: 0, Avg:  0.0, Max: 0, Diff: 0, Sum: 0, Workers: 4
[1749.191s][debug][gc,phases      ] GC(207)     Total                          Min: 0, Avg:  0.0, Max: 0, Diff: 0, Sum: 0, Workers: 4
[1749.191s][debug][gc,phases      ] GC(207)   StringDedup Requests1 Weak     Min:  0.0, Avg:  0.0, Max:  0.0, Diff:  0.0, Sum:  0.0, Workers: 4
[1749.191s][debug][gc,phases      ] GC(207)     Dead                           Min: 0, Avg:  0.0, Max: 0, Diff: 0, Sum: 0, Workers: 4
[1749.191s][debug][gc,phases      ] GC(207)     Total                          Min: 0, Avg:  0.0, Max: 0, Diff: 0, Sum: 0, Workers: 4
[1749.191s][debug][gc,phases      ] GC(207)   Weak JFR Old Object Samples    Min:  0.0, Avg:  0.0, Max:  0.0, Diff:  0.0, Sum:  0.0, Workers: 4
[1749.191s][debug][gc,phases      ] GC(207)     Dead                           Min: 0, Avg:  0.0, Max: 0, Diff: 0, Sum: 0, Workers: 4
[1749.191s][debug][gc,phases      ] GC(207)     Total                          Min: 0, Avg:  0.0, Max: 0, Diff: 0, Sum: 0, Workers: 4
[1749.191s][debug][gc,phases      ] GC(207) Weak Processing 0.377ms
[1749.191s][debug][gc,age         ] GC(207) Desired survivor size 75497472 bytes, new threshold 15 (max threshold 15)
[1749.191s][info ][gc,heap        ] GC(207) PSYoungGen: 2002639K(2022400K)->58080K(2021376K) Eden: 1946624K(1946624K)->0K(1946624K) From: 56015K(75776K)->58080K(74752K)
[1749.191s][info ][gc,heap        ] GC(207) ParOldGen: 543848K(631296K)->545868K(631296K)
[1749.191s][info ][gc,metaspace   ] GC(207) Metaspace: 83593K(84416K)->83593K(84416K) NonClass: 71943K(72384K)->71943K(72384K) Class: 11650K(12032K)->11650K(12032K)
[1749.191s][info ][gc             ] GC(207) Pause Young (Allocation Failure) 2486M->589M(2590M) 18.692ms
[1749.191s][info ][gc,cpu         ] GC(207) User=0.07s Sys=0.00s Real=0.02s
[1749.191s][info ][safepoint      ] Safepoint "ParallelGCFailedAllocation", Time since last: 38735457 ns, Reaching safepoint: 103102 ns, At safepoint: 18790667 ns, Total: 18893769 ns
[1758.843s][info ][gc,start       ] GC(208) Pause Young (Allocation Failure)
[1758.858s][debug][gc,phases      ] GC(208) Scavenge 14.952ms
[1758.858s][debug][gc,ref         ] GC(208) Skipped phase 1 of Reference Processing: no references
[1758.858s][debug][gc,ref         ] GC(208) ReferenceProcessor::execute queues: 1, RefProcThreadModel::Single, marks_oops_alive: false
[1758.858s][debug][gc,ref         ] GC(208) Skipped phase 3 of Reference Processing: no references
[1758.858s][debug][gc,ref         ] GC(208) ReferenceProcessor::execute queues: 1, RefProcThreadModel::Single, marks_oops_alive: false
[1758.858s][debug][gc,phases      ] GC(208) Reference Processing 0.130ms
[1758.858s][debug][gc,phases      ] GC(208)   VM Weak                        Min:  0.0, Avg:  0.0, Max:  0.0, Diff:  0.0, Sum:  0.0, Workers: 4
[1758.858s][debug][gc,phases      ] GC(208)     Dead                           Min: 0, Avg:  0.0, Max: 0, Diff: 0, Sum: 0, Workers: 4
[1758.858s][debug][gc,phases      ] GC(208)     Total                          Min: 0, Avg: 174.2, Max: 697, Diff: 697, Sum: 697, Workers: 4
[1758.858s][debug][gc,phases      ] GC(208)   ObjectSynchronizer Weak        Min:  0.0, Avg:  0.0, Max:  0.0, Diff:  0.0, Sum:  0.0, Workers: 4
[1758.858s][debug][gc,phases      ] GC(208)     Dead                           Min: 0, Avg:  0.0, Max: 0, Diff: 0, Sum: 0, Workers: 4
[1758.858s][debug][gc,phases      ] GC(208)     Total                          Min: 0, Avg: 104.8, Max: 192, Diff: 192, Sum: 419, Workers: 4
[1758.858s][debug][gc,phases      ] GC(208)   JVMTI Tag Weak OopStorage      Min:  0.0, Avg:  0.0, Max:  0.0, Diff:  0.0, Sum:  0.0, Workers: 4
[1758.858s][debug][gc,phases      ] GC(208)     Dead                           Min: 0, Avg:  0.0, Max: 0, Diff: 0, Sum: 0, Workers: 4
[1758.858s][debug][gc,phases      ] GC(208)     Total                          Min: 0, Avg:  0.0, Max: 0, Diff: 0, Sum: 0, Workers: 4
[1758.858s][debug][gc,phases      ] GC(208)   StringTable Weak               Min:  0.1, Avg:  0.1, Max:  0.1, Diff:  0.0, Sum:  0.5, Workers: 4
[1758.858s][debug][gc,phases      ] GC(208)     Dead                           Min: 0, Avg:  0.0, Max: 0, Diff: 0, Sum: 0, Workers: 4
[1758.858s][debug][gc,phases      ] GC(208)     Total                          Min: 11262, Avg: 12031.5, Max: 12352, Diff: 1090, Sum: 48126, Workers: 4
[1758.858s][debug][gc,phases      ] GC(208)   ResolvedMethodTable Weak       Min:  0.0, Avg:  0.0, Max:  0.0, Diff:  0.0, Sum:  0.1, Workers: 4
[1758.858s][debug][gc,phases      ] GC(208)     Dead                           Min: 0, Avg:  0.0, Max: 0, Diff: 0, Sum: 0, Workers: 4
[1758.858s][debug][gc,phases      ] GC(208)     Total                          Min: 1984, Avg: 2101.5, Max: 2198, Diff: 214, Sum: 8406, Workers: 4
[1758.858s][debug][gc,phases      ] GC(208)   JNI Weak                       Min:  0.0, Avg:  0.0, Max:  0.0, Diff:  0.0, Sum:  0.0, Workers: 4
[1758.858s][debug][gc,phases      ] GC(208)     Dead                           Min: 0, Avg:  0.0, Max: 0, Diff: 0, Sum: 0, Workers: 4
[1758.858s][debug][gc,phases      ] GC(208)     Total                          Min: 0, Avg:  0.0, Max: 0, Diff: 0, Sum: 0, Workers: 4
[1758.858s][debug][gc,phases      ] GC(208)   StringDedup Table Weak         Min:  0.0, Avg:  0.0, Max:  0.0, Diff:  0.0, Sum:  0.0, Workers: 4
[1758.858s][debug][gc,phases      ] GC(208)     Dead                           Min: 0, Avg:  0.0, Max: 0, Diff: 0, Sum: 0, Workers: 4
[1758.858s][debug][gc,phases      ] GC(208)     Total                          Min: 0, Avg:  0.0, Max: 0, Diff: 0, Sum: 0, Workers: 4
[1758.858s][debug][gc,phases      ] GC(208)   StringDedup Requests0 Weak     Min:  0.0, Avg:  0.0, Max:  0.0, Diff:  0.0, Sum:  0.0, Workers: 4
[1758.858s][debug][gc,phases      ] GC(208)     Dead                           Min: 0, Avg:  0.0, Max: 0, Diff: 0, Sum: 0, Workers: 4
[1758.858s][debug][gc,phases      ] GC(208)     Total                          Min: 0, Avg:  0.0, Max: 0, Diff: 0, Sum: 0, Workers: 4
[1758.858s][debug][gc,phases      ] GC(208)   StringDedup Requests1 Weak     Min:  0.0, Avg:  0.0, Max:  0.0, Diff:  0.0, Sum:  0.0, Workers: 4
[1758.858s][debug][gc,phases      ] GC(208)     Dead                           Min: 0, Avg:  0.0, Max: 0, Diff: 0, Sum: 0, Workers: 4
[1758.858s][debug][gc,phases      ] GC(208)     Total                          Min: 0, Avg:  0.0, Max: 0, Diff: 0, Sum: 0, Workers: 4
[1758.858s][debug][gc,phases      ] GC(208)   Weak JFR Old Object Samples    Min:  0.0, Avg:  0.0, Max:  0.0, Diff:  0.0, Sum:  0.0, Workers: 4
[1758.858s][debug][gc,phases      ] GC(208)     Dead                           Min: 0, Avg:  0.0, Max: 0, Diff: 0, Sum: 0, Workers: 4
[1758.858s][debug][gc,phases      ] GC(208)     Total                          Min: 0, Avg:  0.0, Max: 0, Diff: 0, Sum: 0, Workers: 4
[1758.858s][debug][gc,phases      ] GC(208) Weak Processing 0.384ms
[1758.858s][debug][gc,age         ] GC(208) Desired survivor size 76021760 bytes, new threshold 15 (max threshold 15)
[1758.858s][info ][gc,heap        ] GC(208) PSYoungGen: 2004704K(2021376K)->45792K(2022400K) Eden: 1946624K(1946624K)->0K(1948672K) From: 58080K(74752K)->45792K(73728K)
[1758.858s][info ][gc,heap        ] GC(208) ParOldGen: 545868K(631296K)->552052K(631296K)
[1758.858s][info ][gc,metaspace   ] GC(208) Metaspace: 83593K(84416K)->83593K(84416K) NonClass: 71943K(72384K)->71943K(72384K) Class: 11650K(12032K)->11650K(12032K)
[1758.858s][info ][gc             ] GC(208) Pause Young (Allocation Failure) 2490M->583M(2591M) 15.607ms
[1758.858s][info ][gc,cpu         ] GC(208) User=0.06s Sys=0.01s Real=0.01s
[1758.858s][info ][safepoint      ] Safepoint "ParallelGCFailedAllocation", Time since last: 9651281749 ns, Reaching safepoint: 105502 ns, At safepoint: 15713407 ns, Total: 15818909 ns
[1762.859s][info ][safepoint      ] Safepoint "Cleanup", Time since last: 4000275391 ns, Reaching safepoint: 57801 ns, At safepoint: 11900 ns, Total: 69701 ns
[1765.331s][info ][gc,start       ] GC(209) Pause Young (Allocation Failure)
[1765.346s][debug][gc,phases      ] GC(209) Scavenge 14.373ms
[1765.346s][debug][gc,ref         ] GC(209) Skipped phase 1 of Reference Processing: no references
[1765.346s][debug][gc,ref         ] GC(209) ReferenceProcessor::execute queues: 1, RefProcThreadModel::Single, marks_oops_alive: false
[1765.346s][debug][gc,ref         ] GC(209) Skipped phase 3 of Reference Processing: no references
[1765.346s][debug][gc,ref         ] GC(209) ReferenceProcessor::execute queues: 1, RefProcThreadModel::Single, marks_oops_alive: false
[1765.346s][debug][gc,phases      ] GC(209) Reference Processing 0.138ms
[1765.346s][debug][gc,phases      ] GC(209)   VM Weak                        Min:  0.0, Avg:  0.0, Max:  0.0, Diff:  0.0, Sum:  0.0, Workers: 4
[1765.346s][debug][gc,phases      ] GC(209)     Dead                           Min: 0, Avg:  0.0, Max: 0, Diff: 0, Sum: 0, Workers: 4
[1765.346s][debug][gc,phases      ] GC(209)     Total                          Min: 0, Avg: 174.2, Max: 697, Diff: 697, Sum: 697, Workers: 4
[1765.346s][debug][gc,phases      ] GC(209)   ObjectSynchronizer Weak        Min:  0.0, Avg:  0.0, Max:  0.0, Diff:  0.0, Sum:  0.0, Workers: 4
[1765.346s][debug][gc,phases      ] GC(209)     Dead                           Min: 0, Avg:  0.0, Max: 0, Diff: 0, Sum: 0, Workers: 4
[1765.346s][debug][gc,phases      ] GC(209)     Total                          Min: 0, Avg: 104.8, Max: 384, Diff: 384, Sum: 419, Workers: 4
[1765.346s][debug][gc,phases      ] GC(209)   JVMTI Tag Weak OopStorage      Min:  0.0, Avg:  0.0, Max:  0.0, Diff:  0.0, Sum:  0.0, Workers: 4
[1765.346s][debug][gc,phases      ] GC(209)     Dead                           Min: 0, Avg:  0.0, Max: 0, Diff: 0, Sum: 0, Workers: 4
[1765.346s][debug][gc,phases      ] GC(209)     Total                          Min: 0, Avg:  0.0, Max: 0, Diff: 0, Sum: 0, Workers: 4
[1765.346s][debug][gc,phases      ] GC(209)   StringTable Weak               Min:  0.1, Avg:  0.1, Max:  0.1, Diff:  0.0, Sum:  0.5, Workers: 4
[1765.346s][debug][gc,phases      ] GC(209)     Dead                           Min: 0, Avg:  0.0, Max: 0, Diff: 0, Sum: 0, Workers: 4
[1765.346s][debug][gc,phases      ] GC(209)     Total                          Min: 11456, Avg: 12031.5, Max: 12864, Diff: 1408, Sum: 48126, Workers: 4
[1765.346s][debug][gc,phases      ] GC(209)   ResolvedMethodTable Weak       Min:  0.0, Avg:  0.0, Max:  0.0, Diff:  0.0, Sum:  0.1, Workers: 4
[1765.346s][debug][gc,phases      ] GC(209)     Dead                           Min: 0, Avg:  0.0, Max: 0, Diff: 0, Sum: 0, Workers: 4
[1765.346s][debug][gc,phases      ] GC(209)     Total                          Min: 2006, Avg: 2101.5, Max: 2240, Diff: 234, Sum: 8406, Workers: 4
[1765.346s][debug][gc,phases      ] GC(209)   JNI Weak                       Min:  0.0, Avg:  0.0, Max:  0.0, Diff:  0.0, Sum:  0.0, Workers: 4
[1765.346s][debug][gc,phases      ] GC(209)     Dead                           Min: 0, Avg:  0.0, Max: 0, Diff: 0, Sum: 0, Workers: 4
[1765.346s][debug][gc,phases      ] GC(209)     Total                          Min: 0, Avg:  0.0, Max: 0, Diff: 0, Sum: 0, Workers: 4
[1765.346s][debug][gc,phases      ] GC(209)   StringDedup Table Weak         Min:  0.0, Avg:  0.0, Max:  0.0, Diff:  0.0, Sum:  0.0, Workers: 4
[1765.346s][debug][gc,phases      ] GC(209)     Dead                           Min: 0, Avg:  0.0, Max: 0, Diff: 0, Sum: 0, Workers: 4
[1765.346s][debug][gc,phases      ] GC(209)     Total                          Min: 0, Avg:  0.0, Max: 0, Diff: 0, Sum: 0, Workers: 4
[1765.346s][debug][gc,phases      ] GC(209)   StringDedup Requests0 Weak     Min:  0.0, Avg:  0.0, Max:  0.0, Diff:  0.0, Sum:  0.0, Workers: 4
[1765.346s][debug][gc,phases      ] GC(209)     Dead                           Min: 0, Avg:  0.0, Max: 0, Diff: 0, Sum: 0, Workers: 4
[1765.346s][debug][gc,phases      ] GC(209)     Total                          Min: 0, Avg:  0.0, Max: 0, Diff: 0, Sum: 0, Workers: 4
[1765.346s][debug][gc,phases      ] GC(209)   StringDedup Requests1 Weak     Min:  0.0, Avg:  0.0, Max:  0.0, Diff:  0.0, Sum:  0.0, Workers: 4
[1765.346s][debug][gc,phases      ] GC(209)     Dead                           Min: 0, Avg:  0.0, Max: 0, Diff: 0, Sum: 0, Workers: 4
[1765.346s][debug][gc,phases      ] GC(209)     Total                          Min: 0, Avg:  0.0, Max: 0, Diff: 0, Sum: 0, Workers: 4
[1765.346s][debug][gc,phases      ] GC(209)   Weak JFR Old Object Samples    Min:  0.0, Avg:  0.0, Max:  0.0, Diff:  0.0, Sum:  0.0, Workers: 4
[1765.346s][debug][gc,phases      ] GC(209)     Dead                           Min: 0, Avg:  0.0, Max: 0, Diff: 0, Sum: 0, Workers: 4
[1765.346s][debug][gc,phases      ] GC(209)     Total                          Min: 0, Avg:  0.0, Max: 0, Diff: 0, Sum: 0, Workers: 4
[1765.346s][debug][gc,phases      ] GC(209) Weak Processing 0.370ms
[1765.346s][debug][gc,age         ] GC(209) Desired survivor size 76021760 bytes, new threshold 15 (max threshold 15)
[1765.346s][info ][gc,heap        ] GC(209) PSYoungGen: 1994464K(2022400K)->48768K(2022912K) Eden: 1948672K(1948672K)->0K(1948672K) From: 45792K(73728K)->48768K(74240K)
[1765.346s][info ][gc,heap        ] GC(209) ParOldGen: 552052K(631296K)->552084K(631296K)
[1765.346s][info ][gc,metaspace   ] GC(209) Metaspace: 83593K(84416K)->83593K(84416K) NonClass: 71943K(72384K)->71943K(72384K) Class: 11650K(12032K)->11650K(12032K)
[1765.346s][info ][gc             ] GC(209) Pause Young (Allocation Failure) 2486M->586M(2592M) 15.028ms
[1765.346s][info ][gc,cpu         ] GC(209) User=0.05s Sys=0.01s Real=0.01s
[1765.346s][info ][safepoint      ] Safepoint "ParallelGCFailedAllocation", Time since last: 2472487028 ns, Reaching safepoint: 44501 ns, At safepoint: 15121195 ns, Total: 15165696 ns
[1772.435s][info ][gc,start       ] GC(210) Pause Young (Allocation Failure)
[1772.450s][debug][gc,phases      ] GC(210) Scavenge 14.631ms
[1772.450s][debug][gc,ref         ] GC(210) Skipped phase 1 of Reference Processing: no references
[1772.450s][debug][gc,ref         ] GC(210) ReferenceProcessor::execute queues: 1, RefProcThreadModel::Single, marks_oops_alive: false
[1772.450s][debug][gc,ref         ] GC(210) Skipped phase 3 of Reference Processing: no references
[1772.450s][debug][gc,ref         ] GC(210) ReferenceProcessor::execute queues: 1, RefProcThreadModel::Single, marks_oops_alive: false
[1772.450s][debug][gc,phases      ] GC(210) Reference Processing 0.128ms
[1772.450s][debug][gc,phases      ] GC(210)   VM Weak                        Min:  0.0, Avg:  0.0, Max:  0.0, Diff:  0.0, Sum:  0.0, Workers: 4
[1772.450s][debug][gc,phases      ] GC(210)     Dead                           Min: 0, Avg:  0.0, Max: 0, Diff: 0, Sum: 0, Workers: 4
[1772.450s][debug][gc,phases      ] GC(210)     Total                          Min: 0, Avg: 174.2, Max: 697, Diff: 697, Sum: 697, Workers: 4
[1772.450s][debug][gc,phases      ] GC(210)   ObjectSynchronizer Weak        Min:  0.0, Avg:  0.0, Max:  0.0, Diff:  0.0, Sum:  0.0, Workers: 4
[1772.451s][debug][gc,phases      ] GC(210)     Dead                           Min: 0, Avg:  0.0, Max: 0, Diff: 0, Sum: 0, Workers: 4
[1772.451s][debug][gc,phases      ] GC(210)     Total                          Min: 0, Avg: 104.8, Max: 320, Diff: 320, Sum: 419, Workers: 4
[1772.451s][debug][gc,phases      ] GC(210)   JVMTI Tag Weak OopStorage      Min:  0.0, Avg:  0.0, Max:  0.0, Diff:  0.0, Sum:  0.0, Workers: 4
[1772.451s][debug][gc,phases      ] GC(210)     Dead                           Min: 0, Avg:  0.0, Max: 0, Diff: 0, Sum: 0, Workers: 4
[1772.451s][debug][gc,phases      ] GC(210)     Total                          Min: 0, Avg:  0.0, Max: 0, Diff: 0, Sum: 0, Workers: 4
[1772.451s][debug][gc,phases      ] GC(210)   StringTable Weak               Min:  0.1, Avg:  0.1, Max:  0.1, Diff:  0.0, Sum:  0.4, Workers: 4
[1772.451s][debug][gc,phases      ] GC(210)     Dead                           Min: 0, Avg:  0.0, Max: 0, Diff: 0, Sum: 0, Workers: 4
[1772.451s][debug][gc,phases      ] GC(210)     Total                          Min: 11584, Avg: 12031.8, Max: 12480, Diff: 896, Sum: 48127, Workers: 4
[1772.451s][debug][gc,phases      ] GC(210)   ResolvedMethodTable Weak       Min:  0.0, Avg:  0.0, Max:  0.0, Diff:  0.0, Sum:  0.1, Workers: 4
[1772.451s][debug][gc,phases      ] GC(210)     Dead                           Min: 0, Avg:  0.0, Max: 0, Diff: 0, Sum: 0, Workers: 4
[1772.451s][debug][gc,phases      ] GC(210)     Total                          Min: 1728, Avg: 2101.5, Max: 2262, Diff: 534, Sum: 8406, Workers: 4
[1772.451s][debug][gc,phases      ] GC(210)   JNI Weak                       Min:  0.0, Avg:  0.0, Max:  0.0, Diff:  0.0, Sum:  0.0, Workers: 4
[1772.451s][debug][gc,phases      ] GC(210)     Dead                           Min: 0, Avg:  0.0, Max: 0, Diff: 0, Sum: 0, Workers: 4
[1772.451s][debug][gc,phases      ] GC(210)     Total                          Min: 0, Avg:  0.0, Max: 0, Diff: 0, Sum: 0, Workers: 4
[1772.451s][debug][gc,phases      ] GC(210)   StringDedup Table Weak         Min:  0.0, Avg:  0.0, Max:  0.0, Diff:  0.0, Sum:  0.0, Workers: 4
[1772.451s][debug][gc,phases      ] GC(210)     Dead                           Min: 0, Avg:  0.0, Max: 0, Diff: 0, Sum: 0, Workers: 4
[1772.451s][debug][gc,phases      ] GC(210)     Total                          Min: 0, Avg:  0.0, Max: 0, Diff: 0, Sum: 0, Workers: 4
[1772.451s][debug][gc,phases      ] GC(210)   StringDedup Requests0 Weak     Min:  0.0, Avg:  0.0, Max:  0.0, Diff:  0.0, Sum:  0.0, Workers: 4
[1772.451s][debug][gc,phases      ] GC(210)     Dead                           Min: 0, Avg:  0.0, Max: 0, Diff: 0, Sum: 0, Workers: 4
[1772.451s][debug][gc,phases      ] GC(210)     Total                          Min: 0, Avg:  0.0, Max: 0, Diff: 0, Sum: 0, Workers: 4
[1772.451s][debug][gc,phases      ] GC(210)   StringDedup Requests1 Weak     Min:  0.0, Avg:  0.0, Max:  0.0, Diff:  0.0, Sum:  0.0, Workers: 4
[1772.451s][debug][gc,phases      ] GC(210)     Dead                           Min: 0, Avg:  0.0, Max: 0, Diff: 0, Sum: 0, Workers: 4
[1772.451s][debug][gc,phases      ] GC(210)     Total                          Min: 0, Avg:  0.0, Max: 0, Diff: 0, Sum: 0, Workers: 4
[1772.451s][debug][gc,phases      ] GC(210)   Weak JFR Old Object Samples    Min:  0.0, Avg:  0.0, Max:  0.0, Diff:  0.0, Sum:  0.0, Workers: 4
[1772.451s][debug][gc,phases      ] GC(210)     Dead                           Min: 0, Avg:  0.0, Max: 0, Diff: 0, Sum: 0, Workers: 4
[1772.451s][debug][gc,phases      ] GC(210)     Total                          Min: 0, Avg:  0.0, Max: 0, Diff: 0, Sum: 0, Workers: 4
[1772.451s][debug][gc,phases      ] GC(210) Weak Processing 0.341ms
[1772.451s][debug][gc,age         ] GC(210) Desired survivor size 74973184 bytes, new threshold 15 (max threshold 15)
[1772.451s][info ][gc,heap        ] GC(210) PSYoungGen: 1997440K(2022912K)->53728K(2023936K) Eden: 1948672K(1948672K)->0K(1949696K) From: 48768K(74240K)->53728K(74240K)
[1772.451s][info ][gc,heap        ] GC(210) ParOldGen: 552084K(631296K)->552108K(631296K)
[1772.451s][info ][gc,metaspace   ] GC(210) Metaspace: 83594K(84416K)->83594K(84416K) NonClass: 71944K(72384K)->71944K(72384K) Class: 11650K(12032K)->11650K(12032K)
[1772.451s][info ][gc             ] GC(210) Pause Young (Allocation Failure) 2489M->591M(2593M) 15.263ms
[1772.451s][info ][gc,cpu         ] GC(210) User=0.06s Sys=0.00s Real=0.02s
[1772.451s][info ][safepoint      ] Safepoint "ParallelGCFailedAllocation", Time since last: 7088867661 ns, Reaching safepoint: 118102 ns, At safepoint: 15369401 ns, Total: 15487503 ns
[1779.176s][info ][gc,start       ] GC(211) Pause Young (Allocation Failure)
[1779.193s][debug][gc,phases      ] GC(211) Scavenge 17.238ms
[1779.194s][debug][gc,ref         ] GC(211) Skipped phase 1 of Reference Processing: no references
[1779.194s][debug][gc,ref         ] GC(211) ReferenceProcessor::execute queues: 1, RefProcThreadModel::Single, marks_oops_alive: false
[1779.194s][debug][gc,ref         ] GC(211) Skipped phase 3 of Reference Processing: no references
[1779.194s][debug][gc,ref         ] GC(211) ReferenceProcessor::execute queues: 1, RefProcThreadModel::Single, marks_oops_alive: false
[1779.194s][debug][gc,phases      ] GC(211) Reference Processing 0.126ms
[1779.194s][debug][gc,phases      ] GC(211)   VM Weak                        Min:  0.0, Avg:  0.0, Max:  0.0, Diff:  0.0, Sum:  0.0, Workers: 4
[1779.194s][debug][gc,phases      ] GC(211)     Dead                           Min: 0, Avg:  0.0, Max: 0, Diff: 0, Sum: 0, Workers: 4
[1779.194s][debug][gc,phases      ] GC(211)     Total                          Min: 0, Avg: 174.2, Max: 384, Diff: 384, Sum: 697, Workers: 4
[1779.194s][debug][gc,phases      ] GC(211)   ObjectSynchronizer Weak        Min:  0.0, Avg:  0.0, Max:  0.0, Diff:  0.0, Sum:  0.0, Workers: 4
[1779.194s][debug][gc,phases      ] GC(211)     Dead                           Min: 0, Avg:  0.0, Max: 0, Diff: 0, Sum: 0, Workers: 4
[1779.194s][debug][gc,phases      ] GC(211)     Total                          Min: 0, Avg: 104.8, Max: 227, Diff: 227, Sum: 419, Workers: 4
[1779.194s][debug][gc,phases      ] GC(211)   JVMTI Tag Weak OopStorage      Min:  0.0, Avg:  0.0, Max:  0.0, Diff:  0.0, Sum:  0.0, Workers: 4
[1779.194s][debug][gc,phases      ] GC(211)     Dead                           Min: 0, Avg:  0.0, Max: 0, Diff: 0, Sum: 0, Workers: 4
[1779.194s][debug][gc,phases      ] GC(211)     Total                          Min: 0, Avg:  0.0, Max: 0, Diff: 0, Sum: 0, Workers: 4
[1779.194s][debug][gc,phases      ] GC(211)   StringTable Weak               Min:  0.1, Avg:  0.1, Max:  0.1, Diff:  0.0, Sum:  0.5, Workers: 4
[1779.194s][debug][gc,phases      ] GC(211)     Dead                           Min: 0, Avg:  0.0, Max: 0, Diff: 0, Sum: 0, Workers: 4
[1779.194s][debug][gc,phases      ] GC(211)     Total                          Min: 11200, Avg: 12031.8, Max: 12863, Diff: 1663, Sum: 48127, Workers: 4
[1779.194s][debug][gc,phases      ] GC(211)   ResolvedMethodTable Weak       Min:  0.0, Avg:  0.0, Max:  0.0, Diff:  0.0, Sum:  0.1, Workers: 4
[1779.194s][debug][gc,phases      ] GC(211)     Dead                           Min: 0, Avg:  0.0, Max: 0, Diff: 0, Sum: 0, Workers: 4
[1779.194s][debug][gc,phases      ] GC(211)     Total                          Min: 1920, Avg: 2101.5, Max: 2262, Diff: 342, Sum: 8406, Workers: 4
[1779.194s][debug][gc,phases      ] GC(211)   JNI Weak                       Min:  0.0, Avg:  0.0, Max:  0.0, Diff:  0.0, Sum:  0.0, Workers: 4
[1779.194s][debug][gc,phases      ] GC(211)     Dead                           Min: 0, Avg:  0.0, Max: 0, Diff: 0, Sum: 0, Workers: 4
[1779.194s][debug][gc,phases      ] GC(211)     Total                          Min: 0, Avg:  0.0, Max: 0, Diff: 0, Sum: 0, Workers: 4
[1779.194s][debug][gc,phases      ] GC(211)   StringDedup Table Weak         Min:  0.0, Avg:  0.0, Max:  0.0, Diff:  0.0, Sum:  0.0, Workers: 4
[1779.194s][debug][gc,phases      ] GC(211)     Dead                           Min: 0, Avg:  0.0, Max: 0, Diff: 0, Sum: 0, Workers: 4
[1779.194s][debug][gc,phases      ] GC(211)     Total                          Min: 0, Avg:  0.0, Max: 0, Diff: 0, Sum: 0, Workers: 4
[1779.194s][debug][gc,phases      ] GC(211)   StringDedup Requests0 Weak     Min:  0.0, Avg:  0.0, Max:  0.0, Diff:  0.0, Sum:  0.0, Workers: 4
[1779.194s][debug][gc,phases      ] GC(211)     Dead                           Min: 0, Avg:  0.0, Max: 0, Diff: 0, Sum: 0, Workers: 4
[1779.194s][debug][gc,phases      ] GC(211)     Total                          Min: 0, Avg:  0.0, Max: 0, Diff: 0, Sum: 0, Workers: 4
[1779.194s][debug][gc,phases      ] GC(211)   StringDedup Requests1 Weak     Min:  0.0, Avg:  0.0, Max:  0.0, Diff:  0.0, Sum:  0.0, Workers: 4
[1779.194s][debug][gc,phases      ] GC(211)     Dead                           Min: 0, Avg:  0.0, Max: 0, Diff: 0, Sum: 0, Workers: 4
[1779.194s][debug][gc,phases      ] GC(211)     Total                          Min: 0, Avg:  0.0, Max: 0, Diff: 0, Sum: 0, Workers: 4
[1779.194s][debug][gc,phases      ] GC(211)   Weak JFR Old Object Samples    Min:  0.0, Avg:  0.0, Max:  0.0, Diff:  0.0, Sum:  0.0, Workers: 4
[1779.194s][debug][gc,phases      ] GC(211)     Dead                           Min: 0, Avg:  0.0, Max: 0, Diff: 0, Sum: 0, Workers: 4
[1779.194s][debug][gc,phases      ] GC(211)     Total                          Min: 0, Avg:  0.0, Max: 0, Diff: 0, Sum: 0, Workers: 4
[1779.194s][debug][gc,phases      ] GC(211) Weak Processing 0.341ms
[1779.194s][debug][gc,age         ] GC(211) Desired survivor size 73400320 bytes, new threshold 15 (max threshold 15)
[1779.194s][info ][gc,heap        ] GC(211) PSYoungGen: 2003424K(2023936K)->56864K(2022912K) Eden: 1949696K(1949696K)->0K(1949696K) From: 53728K(74240K)->56864K(73216K)
[1779.194s][info ][gc,heap        ] GC(211) ParOldGen: 552108K(631296K)->552124K(631296K)
[1779.194s][info ][gc,metaspace   ] GC(211) Metaspace: 83594K(84416K)->83594K(84416K) NonClass: 71944K(72384K)->71944K(72384K) Class: 11650K(12032K)->11650K(12032K)
[1779.194s][info ][gc             ] GC(211) Pause Young (Allocation Failure) 2495M->594M(2592M) 17.842ms
[1779.194s][info ][gc,cpu         ] GC(211) User=0.07s Sys=0.00s Real=0.02s
[1779.194s][info ][safepoint      ] Safepoint "ParallelGCFailedAllocation", Time since last: 6725261452 ns, Reaching safepoint: 133603 ns, At safepoint: 17945450 ns, Total: 18079053 ns
[1780.194s][info ][safepoint      ] Safepoint "Cleanup", Time since last: 1000112349 ns, Reaching safepoint: 105002 ns, At safepoint: 27000 ns, Total: 132002 ns
[1781.195s][info ][safepoint      ] Safepoint "Cleanup", Time since last: 1000107848 ns, Reaching safepoint: 52001 ns, At safepoint: 2900 ns, Total: 54901 ns
[1783.195s][info ][safepoint      ] Safepoint "Cleanup", Time since last: 2000161396 ns, Reaching safepoint: 115802 ns, At safepoint: 14200 ns, Total: 130002 ns
[1791.195s][info ][safepoint      ] Safepoint "Cleanup", Time since last: 8000560478 ns, Reaching safepoint: 58401 ns, At safepoint: 5801 ns, Total: 64202 ns
[1792.058s][info ][gc,start       ] GC(212) Pause Young (Allocation Failure)
[1792.075s][debug][gc,phases      ] GC(212) Scavenge 16.898ms
[1792.075s][debug][gc,ref         ] GC(212) Skipped phase 1 of Reference Processing: no references
[1792.076s][debug][gc,ref         ] GC(212) ReferenceProcessor::execute queues: 1, RefProcThreadModel::Single, marks_oops_alive: false
[1792.076s][debug][gc,ref         ] GC(212) Skipped phase 3 of Reference Processing: no references
[1792.076s][debug][gc,ref         ] GC(212) ReferenceProcessor::execute queues: 1, RefProcThreadModel::Single, marks_oops_alive: false
[1792.076s][debug][gc,phases      ] GC(212) Reference Processing 0.125ms
[1792.076s][debug][gc,phases      ] GC(212)   VM Weak                        Min:  0.0, Avg:  0.0, Max:  0.0, Diff:  0.0, Sum:  0.0, Workers: 4
[1792.076s][debug][gc,phases      ] GC(212)     Dead                           Min: 0, Avg:  0.0, Max: 0, Diff: 0, Sum: 0, Workers: 4
[1792.076s][debug][gc,phases      ] GC(212)     Total                          Min: 0, Avg: 174.2, Max: 697, Diff: 697, Sum: 697, Workers: 4
[1792.076s][debug][gc,phases      ] GC(212)   ObjectSynchronizer Weak        Min:  0.0, Avg:  0.0, Max:  0.0, Diff:  0.0, Sum:  0.0, Workers: 4
[1792.076s][debug][gc,phases      ] GC(212)     Dead                           Min: 0, Avg:  0.0, Max: 0, Diff: 0, Sum: 0, Workers: 4
[1792.076s][debug][gc,phases      ] GC(212)     Total                          Min: 0, Avg: 104.8, Max: 256, Diff: 256, Sum: 419, Workers: 4
[1792.076s][debug][gc,phases      ] GC(212)   JVMTI Tag Weak OopStorage      Min:  0.0, Avg:  0.0, Max:  0.0, Diff:  0.0, Sum:  0.0, Workers: 4
[1792.076s][debug][gc,phases      ] GC(212)     Dead                           Min: 0, Avg:  0.0, Max: 0, Diff: 0, Sum: 0, Workers: 4
[1792.076s][debug][gc,phases      ] GC(212)     Total                          Min: 0, Avg:  0.0, Max: 0, Diff: 0, Sum: 0, Workers: 4
[1792.076s][debug][gc,phases      ] GC(212)   StringTable Weak               Min:  0.1, Avg:  0.1, Max:  0.1, Diff:  0.0, Sum:  0.5, Workers: 4
[1792.076s][debug][gc,phases      ] GC(212)     Dead                           Min: 0, Avg:  0.0, Max: 0, Diff: 0, Sum: 0, Workers: 4
[1792.076s][debug][gc,phases      ] GC(212)     Total                          Min: 10368, Avg: 12032.0, Max: 12928, Diff: 2560, Sum: 48128, Workers: 4
[1792.076s][debug][gc,phases      ] GC(212)   ResolvedMethodTable Weak       Min:  0.0, Avg:  0.0, Max:  0.0, Diff:  0.0, Sum:  0.1, Workers: 4
[1792.076s][debug][gc,phases      ] GC(212)     Dead                           Min: 0, Avg:  0.0, Max: 0, Diff: 0, Sum: 0, Workers: 4
[1792.076s][debug][gc,phases      ] GC(212)     Total                          Min: 1920, Avg: 2101.5, Max: 2240, Diff: 320, Sum: 8406, Workers: 4
[1792.076s][debug][gc,phases      ] GC(212)   JNI Weak                       Min:  0.0, Avg:  0.0, Max:  0.0, Diff:  0.0, Sum:  0.0, Workers: 4
[1792.076s][debug][gc,phases      ] GC(212)     Dead                           Min: 0, Avg:  0.0, Max: 0, Diff: 0, Sum: 0, Workers: 4
[1792.076s][debug][gc,phases      ] GC(212)     Total                          Min: 0, Avg:  0.0, Max: 0, Diff: 0, Sum: 0, Workers: 4
[1792.076s][debug][gc,phases      ] GC(212)   StringDedup Table Weak         Min:  0.0, Avg:  0.0, Max:  0.0, Diff:  0.0, Sum:  0.0, Workers: 4
[1792.076s][debug][gc,phases      ] GC(212)     Dead                           Min: 0, Avg:  0.0, Max: 0, Diff: 0, Sum: 0, Workers: 4
[1792.076s][debug][gc,phases      ] GC(212)     Total                          Min: 0, Avg:  0.0, Max: 0, Diff: 0, Sum: 0, Workers: 4
[1792.076s][debug][gc,phases      ] GC(212)   StringDedup Requests0 Weak     Min:  0.0, Avg:  0.0, Max:  0.0, Diff:  0.0, Sum:  0.0, Workers: 4
[1792.076s][debug][gc,phases      ] GC(212)     Dead                           Min: 0, Avg:  0.0, Max: 0, Diff: 0, Sum: 0, Workers: 4
[1792.076s][debug][gc,phases      ] GC(212)     Total                          Min: 0, Avg:  0.0, Max: 0, Diff: 0, Sum: 0, Workers: 4
[1792.076s][debug][gc,phases      ] GC(212)   StringDedup Requests1 Weak     Min:  0.0, Avg:  0.0, Max:  0.0, Diff:  0.0, Sum:  0.0, Workers: 4
[1792.076s][debug][gc,phases      ] GC(212)     Dead                           Min: 0, Avg:  0.0, Max: 0, Diff: 0, Sum: 0, Workers: 4
[1792.076s][debug][gc,phases      ] GC(212)     Total                          Min: 0, Avg:  0.0, Max: 0, Diff: 0, Sum: 0, Workers: 4
[1792.076s][debug][gc,phases      ] GC(212)   Weak JFR Old Object Samples    Min:  0.0, Avg:  0.0, Max:  0.0, Diff:  0.0, Sum:  0.0, Workers: 4
[1792.076s][debug][gc,phases      ] GC(212)     Dead                           Min: 0, Avg:  0.0, Max: 0, Diff: 0, Sum: 0, Workers: 4
[1792.076s][debug][gc,phases      ] GC(212)     Total                          Min: 0, Avg:  0.0, Max: 0, Diff: 0, Sum: 0, Workers: 4
[1792.076s][debug][gc,phases      ] GC(212) Weak Processing 0.344ms
[1792.076s][debug][gc,age         ] GC(212) Desired survivor size 71827456 bytes, new threshold 15 (max threshold 15)
[1792.076s][info ][gc,heap        ] GC(212) PSYoungGen: 2006560K(2022912K)->56064K(2027008K) Eden: 1949696K(1949696K)->0K(1955328K) From: 56864K(73216K)->56064K(71680K)
[1792.076s][info ][gc,heap        ] GC(212) ParOldGen: 552124K(631296K)->552236K(631296K)
[1792.076s][info ][gc,metaspace   ] GC(212) Metaspace: 83603K(84416K)->83603K(84416K) NonClass: 71953K(72384K)->71953K(72384K) Class: 11650K(12032K)->11650K(12032K)
[1792.076s][info ][gc             ] GC(212) Pause Young (Allocation Failure) 2498M->594M(2596M) 17.505ms
[1792.076s][info ][gc,cpu         ] GC(212) User=0.07s Sys=0.00s Real=0.02s
[1792.076s][info ][safepoint      ] Safepoint "ParallelGCFailedAllocation", Time since last: 862939166 ns, Reaching safepoint: 35701 ns, At safepoint: 17585144 ns, Total: 17620845 ns
[1794.076s][info ][safepoint      ] Safepoint "Cleanup", Time since last: 2000150094 ns, Reaching safepoint: 117703 ns, At safepoint: 25900 ns, Total: 143603 ns
[1804.077s][info ][safepoint      ] Safepoint "Cleanup", Time since last: 10000693371 ns, Reaching safepoint: 40500 ns, At safepoint: 3301 ns, Total: 43801 ns
[1804.979s][info ][gc,start       ] GC(213) Pause Young (Allocation Failure)
[1804.995s][debug][gc,phases      ] GC(213) Scavenge 15.265ms
[1804.995s][debug][gc,ref         ] GC(213) Skipped phase 1 of Reference Processing: no references
[1804.995s][debug][gc,ref         ] GC(213) ReferenceProcessor::execute queues: 1, RefProcThreadModel::Single, marks_oops_alive: false
[1804.995s][debug][gc,ref         ] GC(213) Skipped phase 3 of Reference Processing: no references
[1804.995s][debug][gc,ref         ] GC(213) ReferenceProcessor::execute queues: 1, RefProcThreadModel::Single, marks_oops_alive: false
[1804.995s][debug][gc,phases      ] GC(213) Reference Processing 0.129ms
[1804.995s][debug][gc,phases      ] GC(213)   VM Weak                        Min:  0.0, Avg:  0.0, Max:  0.0, Diff:  0.0, Sum:  0.0, Workers: 4
[1804.995s][debug][gc,phases      ] GC(213)     Dead                           Min: 0, Avg:  0.0, Max: 0, Diff: 0, Sum: 0, Workers: 4
[1804.995s][debug][gc,phases      ] GC(213)     Total                          Min: 0, Avg: 174.2, Max: 384, Diff: 384, Sum: 697, Workers: 4
[1804.995s][debug][gc,phases      ] GC(213)   ObjectSynchronizer Weak        Min:  0.0, Avg:  0.0, Max:  0.0, Diff:  0.0, Sum:  0.0, Workers: 4
[1804.995s][debug][gc,phases      ] GC(213)     Dead                           Min: 0, Avg:  0.0, Max: 0, Diff: 0, Sum: 0, Workers: 4
[1804.995s][debug][gc,phases      ] GC(213)     Total                          Min: 0, Avg: 104.8, Max: 227, Diff: 227, Sum: 419, Workers: 4
[1804.995s][debug][gc,phases      ] GC(213)   JVMTI Tag Weak OopStorage      Min:  0.0, Avg:  0.0, Max:  0.0, Diff:  0.0, Sum:  0.0, Workers: 4
[1804.995s][debug][gc,phases      ] GC(213)     Dead                           Min: 0, Avg:  0.0, Max: 0, Diff: 0, Sum: 0, Workers: 4
[1804.995s][debug][gc,phases      ] GC(213)     Total                          Min: 0, Avg:  0.0, Max: 0, Diff: 0, Sum: 0, Workers: 4
[1804.995s][debug][gc,phases      ] GC(213)   StringTable Weak               Min:  0.1, Avg:  0.1, Max:  0.1, Diff:  0.0, Sum:  0.5, Workers: 4
[1804.995s][debug][gc,phases      ] GC(213)     Dead                           Min: 0, Avg:  0.0, Max: 0, Diff: 0, Sum: 0, Workers: 4
[1804.995s][debug][gc,phases      ] GC(213)     Total                          Min: 11520, Avg: 12032.0, Max: 12352, Diff: 832, Sum: 48128, Workers: 4
[1804.995s][debug][gc,phases      ] GC(213)   ResolvedMethodTable Weak       Min:  0.0, Avg:  0.0, Max:  0.0, Diff:  0.0, Sum:  0.1, Workers: 4
[1804.995s][debug][gc,phases      ] GC(213)     Dead                           Min: 0, Avg:  0.0, Max: 0, Diff: 0, Sum: 0, Workers: 4
[1804.995s][debug][gc,phases      ] GC(213)     Total                          Min: 1984, Avg: 2101.5, Max: 2240, Diff: 256, Sum: 8406, Workers: 4
[1804.995s][debug][gc,phases      ] GC(213)   JNI Weak                       Min:  0.0, Avg:  0.0, Max:  0.0, Diff:  0.0, Sum:  0.0, Workers: 4
[1804.995s][debug][gc,phases      ] GC(213)     Dead                           Min: 0, Avg:  0.0, Max: 0, Diff: 0, Sum: 0, Workers: 4
[1804.995s][debug][gc,phases      ] GC(213)     Total                          Min: 0, Avg:  0.0, Max: 0, Diff: 0, Sum: 0, Workers: 4
[1804.995s][debug][gc,phases      ] GC(213)   StringDedup Table Weak         Min:  0.0, Avg:  0.0, Max:  0.0, Diff:  0.0, Sum:  0.0, Workers: 4
[1804.995s][debug][gc,phases      ] GC(213)     Dead                           Min: 0, Avg:  0.0, Max: 0, Diff: 0, Sum: 0, Workers: 4
[1804.995s][debug][gc,phases      ] GC(213)     Total                          Min: 0, Avg:  0.0, Max: 0, Diff: 0, Sum: 0, Workers: 4
[1804.995s][debug][gc,phases      ] GC(213)   StringDedup Requests0 Weak     Min:  0.0, Avg:  0.0, Max:  0.0, Diff:  0.0, Sum:  0.0, Workers: 4
[1804.995s][debug][gc,phases      ] GC(213)     Dead                           Min: 0, Avg:  0.0, Max: 0, Diff: 0, Sum: 0, Workers: 4
[1804.995s][debug][gc,phases      ] GC(213)     Total                          Min: 0, Avg:  0.0, Max: 0, Diff: 0, Sum: 0, Workers: 4
[1804.995s][debug][gc,phases      ] GC(213)   StringDedup Requests1 Weak     Min:  0.0, Avg:  0.0, Max:  0.0, Diff:  0.0, Sum:  0.0, Workers: 4
[1804.995s][debug][gc,phases      ] GC(213)     Dead                           Min: 0, Avg:  0.0, Max: 0, Diff: 0, Sum: 0, Workers: 4
[1804.995s][debug][gc,phases      ] GC(213)     Total                          Min: 0, Avg:  0.0, Max: 0, Diff: 0, Sum: 0, Workers: 4
[1804.995s][debug][gc,phases      ] GC(213)   Weak JFR Old Object Samples    Min:  0.0, Avg:  0.0, Max:  0.0, Diff:  0.0, Sum:  0.0, Workers: 4
[1804.995s][debug][gc,phases      ] GC(213)     Dead                           Min: 0, Avg:  0.0, Max: 0, Diff: 0, Sum: 0, Workers: 4
[1804.995s][debug][gc,phases      ] GC(213)     Total                          Min: 0, Avg:  0.0, Max: 0, Diff: 0, Sum: 0, Workers: 4
[1804.995s][debug][gc,phases      ] GC(213) Weak Processing 0.345ms
[1804.995s][debug][gc,age         ] GC(213) Desired survivor size 70778880 bytes, new threshold 15 (max threshold 15)
[1804.995s][info ][gc,heap        ] GC(213) PSYoungGen: 2011392K(2027008K)->54496K(2025472K) Eden: 1955328K(1955328K)->0K(1955328K) From: 56064K(71680K)->54496K(70144K)
[1804.995s][info ][gc,heap        ] GC(213) ParOldGen: 552236K(631296K)->552244K(631296K)
[1804.995s][info ][gc,metaspace   ] GC(213) Metaspace: 83604K(84416K)->83604K(84416K) NonClass: 71954K(72384K)->71954K(72384K) Class: 11650K(12032K)->11650K(12032K)
[1804.995s][info ][gc             ] GC(213) Pause Young (Allocation Failure) 2503M->592M(2594M) 15.879ms
[1804.995s][info ][gc,cpu         ] GC(213) User=0.06s Sys=0.00s Real=0.02s
[1804.995s][info ][safepoint      ] Safepoint "ParallelGCFailedAllocation", Time since last: 902186233 ns, Reaching safepoint: 45901 ns, At safepoint: 15967712 ns, Total: 16013613 ns
[1806.442s][info ][safepoint      ] Safepoint "Cleanup", Time since last: 1447035283 ns, Reaching safepoint: 72902 ns, At safepoint: 7400 ns, Total: 80302 ns
[1811.055s][info ][safepoint      ] Safepoint "Cleanup", Time since last: 4612506454 ns, Reaching safepoint: 36001 ns, At safepoint: 7500 ns, Total: 43501 ns
[1819.055s][info ][safepoint      ] Safepoint "Cleanup", Time since last: 8000532774 ns, Reaching safepoint: 51301 ns, At safepoint: 15700 ns, Total: 67001 ns
[1837.057s][info ][safepoint      ] Safepoint "Cleanup", Time since last: 18001187738 ns, Reaching safepoint: 51801 ns, At safepoint: 5000 ns, Total: 56801 ns
[1850.058s][info ][safepoint      ] Safepoint "Cleanup", Time since last: 13000807401 ns, Reaching safepoint: 117802 ns, At safepoint: 8000 ns, Total: 125802 ns
[1855.058s][info ][safepoint      ] Safepoint "Cleanup", Time since last: 5000398232 ns, Reaching safepoint: 68401 ns, At safepoint: 40001 ns, Total: 108402 ns
[1857.058s][info ][safepoint      ] Safepoint "Cleanup", Time since last: 2000167693 ns, Reaching safepoint: 115702 ns, At safepoint: 10701 ns, Total: 126403 ns
[1859.059s][info ][safepoint      ] Safepoint "Cleanup", Time since last: 2000175793 ns, Reaching safepoint: 47401 ns, At safepoint: 3900 ns, Total: 51301 ns
[1861.059s][info ][safepoint      ] Safepoint "Cleanup", Time since last: 2000175293 ns, Reaching safepoint: 50201 ns, At safepoint: 3200 ns, Total: 53401 ns
[1871.060s][info ][safepoint      ] Safepoint "Cleanup", Time since last: 10000689660 ns, Reaching safepoint: 54901 ns, At safepoint: 3200 ns, Total: 58101 ns
[1882.060s][info ][safepoint      ] Safepoint "Cleanup", Time since last: 11000735404 ns, Reaching safepoint: 44601 ns, At safepoint: 3000 ns, Total: 47601 ns
[1884.160s][info ][safepoint      ] Safepoint "Cleanup", Time since last: 2099865141 ns, Reaching safepoint: 51401 ns, At safepoint: 9400 ns, Total: 60801 ns
[1886.666s][info ][gc,start       ] GC(214) Pause Young (Allocation Failure)
[1886.685s][debug][gc,phases      ] GC(214) Scavenge 18.784ms
[1886.685s][debug][gc,ref         ] GC(214) Skipped phase 1 of Reference Processing: no references
[1886.685s][debug][gc,ref         ] GC(214) ReferenceProcessor::execute queues: 1, RefProcThreadModel::Single, marks_oops_alive: false
[1886.685s][debug][gc,ref         ] GC(214) Skipped phase 3 of Reference Processing: no references
[1886.685s][debug][gc,ref         ] GC(214) ReferenceProcessor::execute queues: 1, RefProcThreadModel::Single, marks_oops_alive: false
[1886.685s][debug][gc,phases      ] GC(214) Reference Processing 0.140ms
[1886.685s][debug][gc,phases      ] GC(214)   VM Weak                        Min:  0.0, Avg:  0.0, Max:  0.0, Diff:  0.0, Sum:  0.0, Workers: 4
[1886.685s][debug][gc,phases      ] GC(214)     Dead                           Min: 0, Avg:  0.0, Max: 0, Diff: 0, Sum: 0, Workers: 4
[1886.685s][debug][gc,phases      ] GC(214)     Total                          Min: 0, Avg: 174.2, Max: 512, Diff: 512, Sum: 697, Workers: 4
[1886.685s][debug][gc,phases      ] GC(214)   ObjectSynchronizer Weak        Min:  0.0, Avg:  0.0, Max:  0.0, Diff:  0.0, Sum:  0.0, Workers: 4
[1886.685s][debug][gc,phases      ] GC(214)     Dead                           Min: 0, Avg:  0.0, Max: 0, Diff: 0, Sum: 0, Workers: 4
[1886.685s][debug][gc,phases      ] GC(214)     Total                          Min: 0, Avg: 104.8, Max: 256, Diff: 256, Sum: 419, Workers: 4
[1886.685s][debug][gc,phases      ] GC(214)   JVMTI Tag Weak OopStorage      Min:  0.0, Avg:  0.0, Max:  0.0, Diff:  0.0, Sum:  0.0, Workers: 4
[1886.685s][debug][gc,phases      ] GC(214)     Dead                           Min: 0, Avg:  0.0, Max: 0, Diff: 0, Sum: 0, Workers: 4
[1886.685s][debug][gc,phases      ] GC(214)     Total                          Min: 0, Avg:  0.0, Max: 0, Diff: 0, Sum: 0, Workers: 4
[1886.685s][debug][gc,phases      ] GC(214)   StringTable Weak               Min:  0.1, Avg:  0.1, Max:  0.1, Diff:  0.0, Sum:  0.5, Workers: 4
[1886.685s][debug][gc,phases      ] GC(214)     Dead                           Min: 0, Avg:  0.0, Max: 0, Diff: 0, Sum: 0, Workers: 4
[1886.685s][debug][gc,phases      ] GC(214)     Total                          Min: 11520, Avg: 12032.5, Max: 12992, Diff: 1472, Sum: 48130, Workers: 4
[1886.685s][debug][gc,phases      ] GC(214)   ResolvedMethodTable Weak       Min:  0.0, Avg:  0.0, Max:  0.0, Diff:  0.0, Sum:  0.1, Workers: 4
[1886.685s][debug][gc,phases      ] GC(214)     Dead                           Min: 0, Avg:  0.0, Max: 0, Diff: 0, Sum: 0, Workers: 4
[1886.685s][debug][gc,phases      ] GC(214)     Total                          Min: 1984, Avg: 2101.5, Max: 2198, Diff: 214, Sum: 8406, Workers: 4
[1886.685s][debug][gc,phases      ] GC(214)   JNI Weak                       Min:  0.0, Avg:  0.0, Max:  0.0, Diff:  0.0, Sum:  0.0, Workers: 4
[1886.685s][debug][gc,phases      ] GC(214)     Dead                           Min: 0, Avg:  0.0, Max: 0, Diff: 0, Sum: 0, Workers: 4
[1886.685s][debug][gc,phases      ] GC(214)     Total                          Min: 0, Avg:  0.0, Max: 0, Diff: 0, Sum: 0, Workers: 4
[1886.685s][debug][gc,phases      ] GC(214)   StringDedup Table Weak         Min:  0.0, Avg:  0.0, Max:  0.0, Diff:  0.0, Sum:  0.0, Workers: 4
[1886.685s][debug][gc,phases      ] GC(214)     Dead                           Min: 0, Avg:  0.0, Max: 0, Diff: 0, Sum: 0, Workers: 4
[1886.685s][debug][gc,phases      ] GC(214)     Total                          Min: 0, Avg:  0.0, Max: 0, Diff: 0, Sum: 0, Workers: 4
[1886.685s][debug][gc,phases      ] GC(214)   StringDedup Requests0 Weak     Min:  0.0, Avg:  0.0, Max:  0.0, Diff:  0.0, Sum:  0.0, Workers: 4
[1886.685s][debug][gc,phases      ] GC(214)     Dead                           Min: 0, Avg:  0.0, Max: 0, Diff: 0, Sum: 0, Workers: 4
[1886.685s][debug][gc,phases      ] GC(214)     Total                          Min: 0, Avg:  0.0, Max: 0, Diff: 0, Sum: 0, Workers: 4
[1886.685s][debug][gc,phases      ] GC(214)   StringDedup Requests1 Weak     Min:  0.0, Avg:  0.0, Max:  0.0, Diff:  0.0, Sum:  0.0, Workers: 4
[1886.685s][debug][gc,phases      ] GC(214)     Dead                           Min: 0, Avg:  0.0, Max: 0, Diff: 0, Sum: 0, Workers: 4
[1886.685s][debug][gc,phases      ] GC(214)     Total                          Min: 0, Avg:  0.0, Max: 0, Diff: 0, Sum: 0, Workers: 4
[1886.685s][debug][gc,phases      ] GC(214)   Weak JFR Old Object Samples    Min:  0.0, Avg:  0.0, Max:  0.0, Diff:  0.0, Sum:  0.0, Workers: 4
[1886.685s][debug][gc,phases      ] GC(214)     Dead                           Min: 0, Avg:  0.0, Max: 0, Diff: 0, Sum: 0, Workers: 4
[1886.685s][debug][gc,phases      ] GC(214)     Total                          Min: 0, Avg:  0.0, Max: 0, Diff: 0, Sum: 0, Workers: 4
[1886.685s][debug][gc,phases      ] GC(214) Weak Processing 0.338ms
[1886.685s][debug][gc,age         ] GC(214) Desired survivor size 70254592 bytes, new threshold 15 (max threshold 15)
[1886.685s][info ][gc,heap        ] GC(214) PSYoungGen: 2009824K(2025472K)->58128K(2028544K) Eden: 1955328K(1955328K)->0K(1959424K) From: 54496K(70144K)->58128K(69120K)
[1886.685s][info ][gc,heap        ] GC(214) ParOldGen: 552244K(631296K)->552348K(631296K)
[1886.685s][info ][gc,metaspace   ] GC(214) Metaspace: 83611K(84416K)->83611K(84416K) NonClass: 71961K(72384K)->71961K(72384K) Class: 11650K(12032K)->11650K(12032K)
[1886.685s][info ][gc             ] GC(214) Pause Young (Allocation Failure) 2502M->596M(2597M) 19.393ms
[1886.685s][info ][gc,cpu         ] GC(214) User=0.07s Sys=0.00s Real=0.02s
[1886.685s][info ][safepoint      ] Safepoint "ParallelGCFailedAllocation", Time since last: 2505169562 ns, Reaching safepoint: 93302 ns, At safepoint: 19489481 ns, Total: 19582783 ns
[1897.765s][info ][gc,start       ] GC(215) Pause Young (Allocation Failure)
[1897.782s][debug][gc,phases      ] GC(215) Scavenge 17.516ms
[1897.782s][debug][gc,ref         ] GC(215) Skipped phase 1 of Reference Processing: no references
[1897.783s][debug][gc,ref         ] GC(215) ReferenceProcessor::execute queues: 1, RefProcThreadModel::Single, marks_oops_alive: false
[1897.783s][debug][gc,ref         ] GC(215) Skipped phase 3 of Reference Processing: no references
[1897.783s][debug][gc,ref         ] GC(215) ReferenceProcessor::execute queues: 1, RefProcThreadModel::Single, marks_oops_alive: false
[1897.783s][debug][gc,phases      ] GC(215) Reference Processing 0.116ms
[1897.783s][debug][gc,phases      ] GC(215)   VM Weak                        Min:  0.0, Avg:  0.0, Max:  0.0, Diff:  0.0, Sum:  0.0, Workers: 4
[1897.783s][debug][gc,phases      ] GC(215)     Dead                           Min: 0, Avg:  0.0, Max: 0, Diff: 0, Sum: 0, Workers: 4
[1897.783s][debug][gc,phases      ] GC(215)     Total                          Min: 0, Avg: 174.2, Max: 441, Diff: 441, Sum: 697, Workers: 4
[1897.783s][debug][gc,phases      ] GC(215)   ObjectSynchronizer Weak        Min:  0.0, Avg:  0.0, Max:  0.0, Diff:  0.0, Sum:  0.0, Workers: 4
[1897.783s][debug][gc,phases      ] GC(215)     Dead                           Min: 0, Avg:  0.0, Max: 0, Diff: 0, Sum: 0, Workers: 4
[1897.783s][debug][gc,phases      ] GC(215)     Total                          Min: 0, Avg: 104.8, Max: 227, Diff: 227, Sum: 419, Workers: 4
[1897.783s][debug][gc,phases      ] GC(215)   JVMTI Tag Weak OopStorage      Min:  0.0, Avg:  0.0, Max:  0.0, Diff:  0.0, Sum:  0.0, Workers: 4
[1897.783s][debug][gc,phases      ] GC(215)     Dead                           Min: 0, Avg:  0.0, Max: 0, Diff: 0, Sum: 0, Workers: 4
[1897.783s][debug][gc,phases      ] GC(215)     Total                          Min: 0, Avg:  0.0, Max: 0, Diff: 0, Sum: 0, Workers: 4
[1897.783s][debug][gc,phases      ] GC(215)   StringTable Weak               Min:  0.1, Avg:  0.1, Max:  0.1, Diff:  0.0, Sum:  0.5, Workers: 4
[1897.783s][debug][gc,phases      ] GC(215)     Dead                           Min: 0, Avg:  0.0, Max: 0, Diff: 0, Sum: 0, Workers: 4
[1897.783s][debug][gc,phases      ] GC(215)     Total                          Min: 11330, Avg: 12032.5, Max: 12800, Diff: 1470, Sum: 48130, Workers: 4
[1897.783s][debug][gc,phases      ] GC(215)   ResolvedMethodTable Weak       Min:  0.0, Avg:  0.0, Max:  0.0, Diff:  0.0, Sum:  0.1, Workers: 4
[1897.783s][debug][gc,phases      ] GC(215)     Dead                           Min: 0, Avg:  0.0, Max: 0, Diff: 0, Sum: 0, Workers: 4
[1897.783s][debug][gc,phases      ] GC(215)     Total                          Min: 1984, Avg: 2101.5, Max: 2240, Diff: 256, Sum: 8406, Workers: 4
[1897.783s][debug][gc,phases      ] GC(215)   JNI Weak                       Min:  0.0, Avg:  0.0, Max:  0.0, Diff:  0.0, Sum:  0.0, Workers: 4
[1897.783s][debug][gc,phases      ] GC(215)     Dead                           Min: 0, Avg:  0.0, Max: 0, Diff: 0, Sum: 0, Workers: 4
[1897.783s][debug][gc,phases      ] GC(215)     Total                          Min: 0, Avg:  0.0, Max: 0, Diff: 0, Sum: 0, Workers: 4
[1897.783s][debug][gc,phases      ] GC(215)   StringDedup Table Weak         Min:  0.0, Avg:  0.0, Max:  0.0, Diff:  0.0, Sum:  0.0, Workers: 4
[1897.783s][debug][gc,phases      ] GC(215)     Dead                           Min: 0, Avg:  0.0, Max: 0, Diff: 0, Sum: 0, Workers: 4
[1897.783s][debug][gc,phases      ] GC(215)     Total                          Min: 0, Avg:  0.0, Max: 0, Diff: 0, Sum: 0, Workers: 4
[1897.783s][debug][gc,phases      ] GC(215)   StringDedup Requests0 Weak     Min:  0.0, Avg:  0.0, Max:  0.0, Diff:  0.0, Sum:  0.0, Workers: 4
[1897.783s][debug][gc,phases      ] GC(215)     Dead                           Min: 0, Avg:  0.0, Max: 0, Diff: 0, Sum: 0, Workers: 4
[1897.783s][debug][gc,phases      ] GC(215)     Total                          Min: 0, Avg:  0.0, Max: 0, Diff: 0, Sum: 0, Workers: 4
[1897.783s][debug][gc,phases      ] GC(215)   StringDedup Requests1 Weak     Min:  0.0, Avg:  0.0, Max:  0.0, Diff:  0.0, Sum:  0.0, Workers: 4
[1897.783s][debug][gc,phases      ] GC(215)     Dead                           Min: 0, Avg:  0.0, Max: 0, Diff: 0, Sum: 0, Workers: 4
[1897.783s][debug][gc,phases      ] GC(215)     Total                          Min: 0, Avg:  0.0, Max: 0, Diff: 0, Sum: 0, Workers: 4
[1897.783s][debug][gc,phases      ] GC(215)   Weak JFR Old Object Samples    Min:  0.0, Avg:  0.0, Max:  0.0, Diff:  0.0, Sum:  0.0, Workers: 4
[1897.783s][debug][gc,phases      ] GC(215)     Dead                           Min: 0, Avg:  0.0, Max: 0, Diff: 0, Sum: 0, Workers: 4
[1897.783s][debug][gc,phases      ] GC(215)     Total                          Min: 0, Avg:  0.0, Max: 0, Diff: 0, Sum: 0, Workers: 4
[1897.783s][debug][gc,phases      ] GC(215) Weak Processing 0.316ms
[1897.783s][debug][gc,age         ] GC(215) Desired survivor size 69730304 bytes, new threshold 15 (max threshold 15)
[1897.783s][info ][gc,heap        ] GC(215) PSYoungGen: 2017552K(2028544K)->53168K(2028032K) Eden: 1959424K(1959424K)->0K(1959424K) From: 58128K(69120K)->53168K(68608K)
[1897.783s][info ][gc,heap        ] GC(215) ParOldGen: 552348K(631296K)->552396K(631296K)
[1897.783s][info ][gc,metaspace   ] GC(215) Metaspace: 83611K(84416K)->83611K(84416K) NonClass: 71961K(72384K)->71961K(72384K) Class: 11650K(12032K)->11650K(12032K)
[1897.783s][info ][gc             ] GC(215) Pause Young (Allocation Failure) 2509M->591M(2597M) 18.092ms
[1897.783s][info ][gc,cpu         ] GC(215) User=0.07s Sys=0.00s Real=0.02s
[1897.783s][info ][safepoint      ] Safepoint "ParallelGCFailedAllocation", Time since last: 11079616643 ns, Reaching safepoint: 108502 ns, At safepoint: 18193956 ns, Total: 18302458 ns
[1902.783s][info ][safepoint      ] Safepoint "Cleanup", Time since last: 5000280626 ns, Reaching safepoint: 51001 ns, At safepoint: 2400 ns, Total: 53401 ns
[1904.784s][info ][safepoint      ] Safepoint "Cleanup", Time since last: 2000175292 ns, Reaching safepoint: 74101 ns, At safepoint: 10501 ns, Total: 84602 ns
[1906.784s][info ][safepoint      ] Safepoint "Cleanup", Time since last: 2000173991 ns, Reaching safepoint: 54201 ns, At safepoint: 5700 ns, Total: 59901 ns
[1907.385s][info ][gc,start       ] GC(216) Pause Young (Allocation Failure)
[1907.401s][debug][gc,phases      ] GC(216) Scavenge 15.487ms
[1907.401s][debug][gc,ref         ] GC(216) Skipped phase 1 of Reference Processing: no references
[1907.401s][debug][gc,ref         ] GC(216) ReferenceProcessor::execute queues: 1, RefProcThreadModel::Single, marks_oops_alive: false
[1907.401s][debug][gc,ref         ] GC(216) Skipped phase 3 of Reference Processing: no references
[1907.401s][debug][gc,ref         ] GC(216) ReferenceProcessor::execute queues: 1, RefProcThreadModel::Single, marks_oops_alive: false
[1907.401s][debug][gc,phases      ] GC(216) Reference Processing 0.130ms
[1907.401s][debug][gc,phases      ] GC(216)   VM Weak                        Min:  0.0, Avg:  0.0, Max:  0.0, Diff:  0.0, Sum:  0.0, Workers: 4
[1907.401s][debug][gc,phases      ] GC(216)     Dead                           Min: 0, Avg:  0.0, Max: 0, Diff: 0, Sum: 0, Workers: 4
[1907.401s][debug][gc,phases      ] GC(216)     Total                          Min: 0, Avg: 174.2, Max: 377, Diff: 377, Sum: 697, Workers: 4
[1907.401s][debug][gc,phases      ] GC(216)   ObjectSynchronizer Weak        Min:  0.0, Avg:  0.0, Max:  0.0, Diff:  0.0, Sum:  0.0, Workers: 4
[1907.401s][debug][gc,phases      ] GC(216)     Dead                           Min: 0, Avg:  0.0, Max: 0, Diff: 0, Sum: 0, Workers: 4
[1907.401s][debug][gc,phases      ] GC(216)     Total                          Min: 0, Avg: 104.8, Max: 192, Diff: 192, Sum: 419, Workers: 4
[1907.401s][debug][gc,phases      ] GC(216)   JVMTI Tag Weak OopStorage      Min:  0.0, Avg:  0.0, Max:  0.0, Diff:  0.0, Sum:  0.0, Workers: 4
[1907.401s][debug][gc,phases      ] GC(216)     Dead                           Min: 0, Avg:  0.0, Max: 0, Diff: 0, Sum: 0, Workers: 4
[1907.401s][debug][gc,phases      ] GC(216)     Total                          Min: 0, Avg:  0.0, Max: 0, Diff: 0, Sum: 0, Workers: 4
[1907.401s][debug][gc,phases      ] GC(216)   StringTable Weak               Min:  0.1, Avg:  0.1, Max:  0.1, Diff:  0.0, Sum:  0.5, Workers: 4
[1907.401s][debug][gc,phases      ] GC(216)     Dead                           Min: 0, Avg:  0.0, Max: 0, Diff: 0, Sum: 0, Workers: 4
[1907.401s][debug][gc,phases      ] GC(216)     Total                          Min: 11648, Avg: 12033.0, Max: 12996, Diff: 1348, Sum: 48132, Workers: 4
[1907.401s][debug][gc,phases      ] GC(216)   ResolvedMethodTable Weak       Min:  0.0, Avg:  0.0, Max:  0.0, Diff:  0.0, Sum:  0.1, Workers: 4
[1907.401s][debug][gc,phases      ] GC(216)     Dead                           Min: 0, Avg:  0.0, Max: 0, Diff: 0, Sum: 0, Workers: 4
[1907.401s][debug][gc,phases      ] GC(216)     Total                          Min: 2048, Avg: 2102.0, Max: 2176, Diff: 128, Sum: 8408, Workers: 4
[1907.401s][debug][gc,phases      ] GC(216)   JNI Weak                       Min:  0.0, Avg:  0.0, Max:  0.0, Diff:  0.0, Sum:  0.0, Workers: 4
[1907.401s][debug][gc,phases      ] GC(216)     Dead                           Min: 0, Avg:  0.0, Max: 0, Diff: 0, Sum: 0, Workers: 4
[1907.401s][debug][gc,phases      ] GC(216)     Total                          Min: 0, Avg:  0.0, Max: 0, Diff: 0, Sum: 0, Workers: 4
[1907.401s][debug][gc,phases      ] GC(216)   StringDedup Table Weak         Min:  0.0, Avg:  0.0, Max:  0.0, Diff:  0.0, Sum:  0.0, Workers: 4
[1907.401s][debug][gc,phases      ] GC(216)     Dead                           Min: 0, Avg:  0.0, Max: 0, Diff: 0, Sum: 0, Workers: 4
[1907.401s][debug][gc,phases      ] GC(216)     Total                          Min: 0, Avg:  0.0, Max: 0, Diff: 0, Sum: 0, Workers: 4
[1907.401s][debug][gc,phases      ] GC(216)   StringDedup Requests0 Weak     Min:  0.0, Avg:  0.0, Max:  0.0, Diff:  0.0, Sum:  0.0, Workers: 4
[1907.401s][debug][gc,phases      ] GC(216)     Dead                           Min: 0, Avg:  0.0, Max: 0, Diff: 0, Sum: 0, Workers: 4
[1907.401s][debug][gc,phases      ] GC(216)     Total                          Min: 0, Avg:  0.0, Max: 0, Diff: 0, Sum: 0, Workers: 4
[1907.401s][debug][gc,phases      ] GC(216)   StringDedup Requests1 Weak     Min:  0.0, Avg:  0.0, Max:  0.0, Diff:  0.0, Sum:  0.0, Workers: 4
[1907.401s][debug][gc,phases      ] GC(216)     Dead                           Min: 0, Avg:  0.0, Max: 0, Diff: 0, Sum: 0, Workers: 4
[1907.401s][debug][gc,phases      ] GC(216)     Total                          Min: 0, Avg:  0.0, Max: 0, Diff: 0, Sum: 0, Workers: 4
[1907.401s][debug][gc,phases      ] GC(216)   Weak JFR Old Object Samples    Min:  0.0, Avg:  0.0, Max:  0.0, Diff:  0.0, Sum:  0.0, Workers: 4
[1907.401s][debug][gc,phases      ] GC(216)     Dead                           Min: 0, Avg:  0.0, Max: 0, Diff: 0, Sum: 0, Workers: 4
[1907.401s][debug][gc,phases      ] GC(216)     Total                          Min: 0, Avg:  0.0, Max: 0, Diff: 0, Sum: 0, Workers: 4
[1907.401s][debug][gc,phases      ] GC(216) Weak Processing 0.341ms
[1907.401s][debug][gc,age         ] GC(216) Desired survivor size 69206016 bytes, new threshold 15 (max threshold 15)
[1907.401s][info ][gc,heap        ] GC(216) PSYoungGen: 2012592K(2028032K)->51760K(2029568K) Eden: 1959424K(1959424K)->0K(1961472K) From: 53168K(68608K)->51760K(68096K)
[1907.401s][info ][gc,heap        ] GC(216) ParOldGen: 552396K(631296K)->552412K(631296K)
[1907.401s][info ][gc,metaspace   ] GC(216) Metaspace: 83613K(84416K)->83613K(84416K) NonClass: 71963K(72384K)->71963K(72384K) Class: 11650K(12032K)->11650K(12032K)
[1907.401s][info ][gc             ] GC(216) Pause Young (Allocation Failure) 2504M->590M(2598M) 16.100ms
[1907.401s][info ][gc,cpu         ] GC(216) User=0.07s Sys=0.00s Real=0.01s
[1907.401s][info ][safepoint      ] Safepoint "ParallelGCFailedAllocation", Time since last: 601340653 ns, Reaching safepoint: 98602 ns, At safepoint: 16190416 ns, Total: 16289018 ns
[1909.402s][info ][safepoint      ] Safepoint "Cleanup", Time since last: 2000143991 ns, Reaching safepoint: 33101 ns, At safepoint: 3100 ns, Total: 36201 ns
[1916.402s][info ][safepoint      ] Safepoint "Cleanup", Time since last: 7000455517 ns, Reaching safepoint: 58101 ns, At safepoint: 5800 ns, Total: 63901 ns
[1917.022s][info ][gc,start       ] GC(217) Pause Young (Allocation Failure)
[1917.053s][debug][gc,phases      ] GC(217) Scavenge 30.729ms
[1917.053s][debug][gc,ref         ] GC(217) Skipped phase 1 of Reference Processing: no references
[1917.053s][debug][gc,ref         ] GC(217) ReferenceProcessor::execute queues: 1, RefProcThreadModel::Single, marks_oops_alive: false
[1917.053s][debug][gc,ref         ] GC(217) Skipped phase 3 of Reference Processing: no references
[1917.053s][debug][gc,ref         ] GC(217) ReferenceProcessor::execute queues: 1, RefProcThreadModel::Single, marks_oops_alive: false
[1917.053s][debug][gc,phases      ] GC(217) Reference Processing 0.128ms
[1917.053s][debug][gc,phases      ] GC(217)   VM Weak                        Min:  0.0, Avg:  0.0, Max:  0.0, Diff:  0.0, Sum:  0.0, Workers: 4
[1917.053s][debug][gc,phases      ] GC(217)     Dead                           Min: 0, Avg:  0.0, Max: 0, Diff: 0, Sum: 0, Workers: 4
[1917.054s][debug][gc,phases      ] GC(217)     Total                          Min: 0, Avg: 174.2, Max: 640, Diff: 640, Sum: 697, Workers: 4
[1917.054s][debug][gc,phases      ] GC(217)   ObjectSynchronizer Weak        Min:  0.0, Avg:  0.0, Max:  0.0, Diff:  0.0, Sum:  0.0, Workers: 4
[1917.054s][debug][gc,phases      ] GC(217)     Dead                           Min: 0, Avg:  0.0, Max: 0, Diff: 0, Sum: 0, Workers: 4
[1917.054s][debug][gc,phases      ] GC(217)     Total                          Min: 0, Avg: 104.8, Max: 192, Diff: 192, Sum: 419, Workers: 4
[1917.054s][debug][gc,phases      ] GC(217)   JVMTI Tag Weak OopStorage      Min:  0.0, Avg:  0.0, Max:  0.0, Diff:  0.0, Sum:  0.0, Workers: 4
[1917.054s][debug][gc,phases      ] GC(217)     Dead                           Min: 0, Avg:  0.0, Max: 0, Diff: 0, Sum: 0, Workers: 4
[1917.054s][debug][gc,phases      ] GC(217)     Total                          Min: 0, Avg:  0.0, Max: 0, Diff: 0, Sum: 0, Workers: 4
[1917.054s][debug][gc,phases      ] GC(217)   StringTable Weak               Min:  0.0, Avg:  0.1, Max:  0.2, Diff:  0.2, Sum:  0.5, Workers: 4
[1917.054s][debug][gc,phases      ] GC(217)     Dead                           Min: 0, Avg:  0.0, Max: 0, Diff: 0, Sum: 0, Workers: 4
[1917.054s][debug][gc,phases      ] GC(217)     Total                          Min: 0, Avg: 12036.5, Max: 16338, Diff: 16338, Sum: 48146, Workers: 4
[1917.054s][debug][gc,phases      ] GC(217)   ResolvedMethodTable Weak       Min:  0.0, Avg:  0.0, Max:  0.0, Diff:  0.0, Sum:  0.1, Workers: 4
[1917.054s][debug][gc,phases      ] GC(217)     Dead                           Min: 0, Avg:  0.0, Max: 0, Diff: 0, Sum: 0, Workers: 4
[1917.054s][debug][gc,phases      ] GC(217)     Total                          Min: 0, Avg: 2102.0, Max: 3160, Diff: 3160, Sum: 8408, Workers: 4
[1917.054s][debug][gc,phases      ] GC(217)   JNI Weak                       Min:  0.0, Avg:  0.0, Max:  0.0, Diff:  0.0, Sum:  0.0, Workers: 4
[1917.054s][debug][gc,phases      ] GC(217)     Dead                           Min: 0, Avg:  0.0, Max: 0, Diff: 0, Sum: 0, Workers: 4
[1917.054s][debug][gc,phases      ] GC(217)     Total                          Min: 0, Avg:  0.0, Max: 0, Diff: 0, Sum: 0, Workers: 4
[1917.054s][debug][gc,phases      ] GC(217)   StringDedup Table Weak         Min:  0.0, Avg:  0.0, Max:  0.0, Diff:  0.0, Sum:  0.0, Workers: 4
[1917.054s][debug][gc,phases      ] GC(217)     Dead                           Min: 0, Avg:  0.0, Max: 0, Diff: 0, Sum: 0, Workers: 4
[1917.054s][debug][gc,phases      ] GC(217)     Total                          Min: 0, Avg:  0.0, Max: 0, Diff: 0, Sum: 0, Workers: 4
[1917.054s][debug][gc,phases      ] GC(217)   StringDedup Requests0 Weak     Min:  0.0, Avg:  0.0, Max:  0.0, Diff:  0.0, Sum:  0.0, Workers: 4
[1917.054s][debug][gc,phases      ] GC(217)     Dead                           Min: 0, Avg:  0.0, Max: 0, Diff: 0, Sum: 0, Workers: 4
[1917.054s][debug][gc,phases      ] GC(217)     Total                          Min: 0, Avg:  0.0, Max: 0, Diff: 0, Sum: 0, Workers: 4
[1917.054s][debug][gc,phases      ] GC(217)   StringDedup Requests1 Weak     Min:  0.0, Avg:  0.0, Max:  0.0, Diff:  0.0, Sum:  0.0, Workers: 4
[1917.054s][debug][gc,phases      ] GC(217)     Dead                           Min: 0, Avg:  0.0, Max: 0, Diff: 0, Sum: 0, Workers: 4
[1917.054s][debug][gc,phases      ] GC(217)     Total                          Min: 0, Avg:  0.0, Max: 0, Diff: 0, Sum: 0, Workers: 4
[1917.054s][debug][gc,phases      ] GC(217)   Weak JFR Old Object Samples    Min:  0.0, Avg:  0.0, Max:  0.0, Diff:  0.0, Sum:  0.0, Workers: 4
[1917.054s][debug][gc,phases      ] GC(217)     Dead                           Min: 0, Avg:  0.0, Max: 0, Diff: 0, Sum: 0, Workers: 4
[1917.054s][debug][gc,phases      ] GC(217)     Total                          Min: 0, Avg:  0.0, Max: 0, Diff: 0, Sum: 0, Workers: 4
[1917.054s][debug][gc,phases      ] GC(217) Weak Processing 0.442ms
[1917.054s][debug][gc,age         ] GC(217) Desired survivor size 68681728 bytes, new threshold 15 (max threshold 15)
[1917.054s][info ][gc,heap        ] GC(217) PSYoungGen: 2013232K(2029568K)->53775K(2029056K) Eden: 1961472K(1961472K)->0K(1961472K) From: 51760K(68096K)->53775K(67584K)
[1917.054s][info ][gc,heap        ] GC(217) ParOldGen: 552412K(631296K)->552444K(631296K)
[1917.054s][info ][gc,metaspace   ] GC(217) Metaspace: 83628K(84480K)->83628K(84480K) NonClass: 71977K(72448K)->71977K(72448K) Class: 11650K(12032K)->11650K(12032K)
[1917.054s][info ][gc             ] GC(217) Pause Young (Allocation Failure) 2505M->592M(2598M) 31.430ms
[1917.054s][info ][gc,cpu         ] GC(217) User=0.08s Sys=0.00s Real=0.03s
[1917.054s][info ][safepoint      ] Safepoint "ParallelGCFailedAllocation", Time since last: 619969717 ns, Reaching safepoint: 103002 ns, At safepoint: 31542417 ns, Total: 31645419 ns
[1923.054s][info ][safepoint      ] Safepoint "Cleanup", Time since last: 6000528273 ns, Reaching safepoint: 123503 ns, At safepoint: 8100 ns, Total: 131603 ns
[1924.055s][info ][safepoint      ] Safepoint "Cleanup", Time since last: 1000114646 ns, Reaching safepoint: 165603 ns, At safepoint: 8301 ns, Total: 173904 ns
[1927.250s][info ][gc,start       ] GC(218) Pause Young (Allocation Failure)
[1927.265s][debug][gc,phases      ] GC(218) Scavenge 15.553ms
[1927.266s][debug][gc,ref         ] GC(218) Skipped phase 1 of Reference Processing: no references
[1927.266s][debug][gc,ref         ] GC(218) ReferenceProcessor::execute queues: 1, RefProcThreadModel::Single, marks_oops_alive: false
[1927.266s][debug][gc,ref         ] GC(218) Skipped phase 3 of Reference Processing: no references
[1927.266s][debug][gc,ref         ] GC(218) ReferenceProcessor::execute queues: 1, RefProcThreadModel::Single, marks_oops_alive: false
[1927.266s][debug][gc,phases      ] GC(218) Reference Processing 0.127ms
[1927.266s][debug][gc,phases      ] GC(218)   VM Weak                        Min:  0.0, Avg:  0.0, Max:  0.0, Diff:  0.0, Sum:  0.0, Workers: 4
[1927.266s][debug][gc,phases      ] GC(218)     Dead                           Min: 0, Avg:  0.0, Max: 0, Diff: 0, Sum: 0, Workers: 4
[1927.266s][debug][gc,phases      ] GC(218)     Total                          Min: 0, Avg: 174.2, Max: 697, Diff: 697, Sum: 697, Workers: 4
[1927.266s][debug][gc,phases      ] GC(218)   ObjectSynchronizer Weak        Min:  0.0, Avg:  0.0, Max:  0.0, Diff:  0.0, Sum:  0.0, Workers: 4
[1927.266s][debug][gc,phases      ] GC(218)     Dead                           Min: 0, Avg:  0.0, Max: 0, Diff: 0, Sum: 0, Workers: 4
[1927.266s][debug][gc,phases      ] GC(218)     Total                          Min: 0, Avg: 104.8, Max: 256, Diff: 256, Sum: 419, Workers: 4
[1927.266s][debug][gc,phases      ] GC(218)   JVMTI Tag Weak OopStorage      Min:  0.0, Avg:  0.0, Max:  0.0, Diff:  0.0, Sum:  0.0, Workers: 4
[1927.266s][debug][gc,phases      ] GC(218)     Dead                           Min: 0, Avg:  0.0, Max: 0, Diff: 0, Sum: 0, Workers: 4
[1927.266s][debug][gc,phases      ] GC(218)     Total                          Min: 0, Avg:  0.0, Max: 0, Diff: 0, Sum: 0, Workers: 4
[1927.266s][debug][gc,phases      ] GC(218)   StringTable Weak               Min:  0.1, Avg:  0.1, Max:  0.1, Diff:  0.0, Sum:  0.4, Workers: 4
[1927.266s][debug][gc,phases      ] GC(218)     Dead                           Min: 0, Avg:  0.0, Max: 0, Diff: 0, Sum: 0, Workers: 4
[1927.266s][debug][gc,phases      ] GC(218)     Total                          Min: 11136, Avg: 12036.5, Max: 12800, Diff: 1664, Sum: 48146, Workers: 4
[1927.266s][debug][gc,phases      ] GC(218)   ResolvedMethodTable Weak       Min:  0.0, Avg:  0.0, Max:  0.0, Diff:  0.0, Sum:  0.1, Workers: 4
[1927.266s][debug][gc,phases      ] GC(218)     Dead                           Min: 0, Avg:  0.0, Max: 0, Diff: 0, Sum: 0, Workers: 4
[1927.266s][debug][gc,phases      ] GC(218)     Total                          Min: 1984, Avg: 2102.0, Max: 2176, Diff: 192, Sum: 8408, Workers: 4
[1927.266s][debug][gc,phases      ] GC(218)   JNI Weak                       Min:  0.0, Avg:  0.0, Max:  0.0, Diff:  0.0, Sum:  0.0, Workers: 4
[1927.266s][debug][gc,phases      ] GC(218)     Dead                           Min: 0, Avg:  0.0, Max: 0, Diff: 0, Sum: 0, Workers: 4
[1927.266s][debug][gc,phases      ] GC(218)     Total                          Min: 0, Avg:  0.0, Max: 0, Diff: 0, Sum: 0, Workers: 4
[1927.266s][debug][gc,phases      ] GC(218)   StringDedup Table Weak         Min:  0.0, Avg:  0.0, Max:  0.0, Diff:  0.0, Sum:  0.0, Workers: 4
[1927.266s][debug][gc,phases      ] GC(218)     Dead                           Min: 0, Avg:  0.0, Max: 0, Diff: 0, Sum: 0, Workers: 4
[1927.266s][debug][gc,phases      ] GC(218)     Total                          Min: 0, Avg:  0.0, Max: 0, Diff: 0, Sum: 0, Workers: 4
[1927.266s][debug][gc,phases      ] GC(218)   StringDedup Requests0 Weak     Min:  0.0, Avg:  0.0, Max:  0.0, Diff:  0.0, Sum:  0.0, Workers: 4
[1927.266s][debug][gc,phases      ] GC(218)     Dead                           Min: 0, Avg:  0.0, Max: 0, Diff: 0, Sum: 0, Workers: 4
[1927.266s][debug][gc,phases      ] GC(218)     Total                          Min: 0, Avg:  0.0, Max: 0, Diff: 0, Sum: 0, Workers: 4
[1927.266s][debug][gc,phases      ] GC(218)   StringDedup Requests1 Weak     Min:  0.0, Avg:  0.0, Max:  0.0, Diff:  0.0, Sum:  0.0, Workers: 4
[1927.266s][debug][gc,phases      ] GC(218)     Dead                           Min: 0, Avg:  0.0, Max: 0, Diff: 0, Sum: 0, Workers: 4
[1927.266s][debug][gc,phases      ] GC(218)     Total                          Min: 0, Avg:  0.0, Max: 0, Diff: 0, Sum: 0, Workers: 4
[1927.266s][debug][gc,phases      ] GC(218)   Weak JFR Old Object Samples    Min:  0.0, Avg:  0.0, Max:  0.0, Diff:  0.0, Sum:  0.0, Workers: 4
[1927.266s][debug][gc,phases      ] GC(218)     Dead                           Min: 0, Avg:  0.0, Max: 0, Diff: 0, Sum: 0, Workers: 4
[1927.266s][debug][gc,phases      ] GC(218)     Total                          Min: 0, Avg:  0.0, Max: 0, Diff: 0, Sum: 0, Workers: 4
[1927.266s][debug][gc,phases      ] GC(218) Weak Processing 0.340ms
[1927.266s][debug][gc,age         ] GC(218) Desired survivor size 68157440 bytes, new threshold 15 (max threshold 15)
[1927.266s][info ][gc,heap        ] GC(218) PSYoungGen: 2015247K(2029056K)->51359K(2030592K) Eden: 1961472K(1961472K)->0K(1963520K) From: 53775K(67584K)->51359K(67072K)
[1927.266s][info ][gc,heap        ] GC(218) ParOldGen: 552444K(631296K)->552468K(631296K)
[1927.266s][info ][gc,metaspace   ] GC(218) Metaspace: 83628K(84480K)->83628K(84480K) NonClass: 71977K(72448K)->71977K(72448K) Class: 11650K(12032K)->11650K(12032K)
[1927.266s][info ][gc             ] GC(218) Pause Young (Allocation Failure) 2507M->589M(2599M) 16.168ms
[1927.266s][info ][gc,cpu         ] GC(218) User=0.06s Sys=0.00s Real=0.02s
[1927.266s][info ][safepoint      ] Safepoint "ParallelGCFailedAllocation", Time since last: 3194959241 ns, Reaching safepoint: 104002 ns, At safepoint: 16385121 ns, Total: 16489123 ns
[1933.267s][info ][safepoint      ] Safepoint "Cleanup", Time since last: 6000405970 ns, Reaching safepoint: 42001 ns, At safepoint: 2700 ns, Total: 44701 ns
[1936.290s][info ][gc,start       ] GC(219) Pause Young (Allocation Failure)
[1936.305s][debug][gc,phases      ] GC(219) Scavenge 14.537ms
[1936.305s][debug][gc,ref         ] GC(219) Skipped phase 1 of Reference Processing: no references
[1936.305s][debug][gc,ref         ] GC(219) ReferenceProcessor::execute queues: 1, RefProcThreadModel::Single, marks_oops_alive: false
[1936.305s][debug][gc,ref         ] GC(219) Skipped phase 3 of Reference Processing: no references
[1936.305s][debug][gc,ref         ] GC(219) ReferenceProcessor::execute queues: 1, RefProcThreadModel::Single, marks_oops_alive: false
[1936.305s][debug][gc,phases      ] GC(219) Reference Processing 0.130ms
[1936.305s][debug][gc,phases      ] GC(219)   VM Weak                        Min:  0.0, Avg:  0.0, Max:  0.0, Diff:  0.0, Sum:  0.0, Workers: 4
[1936.305s][debug][gc,phases      ] GC(219)     Dead                           Min: 0, Avg:  0.0, Max: 0, Diff: 0, Sum: 0, Workers: 4
[1936.305s][debug][gc,phases      ] GC(219)     Total                          Min: 0, Avg: 174.2, Max: 512, Diff: 512, Sum: 697, Workers: 4
[1936.305s][debug][gc,phases      ] GC(219)   ObjectSynchronizer Weak        Min:  0.0, Avg:  0.0, Max:  0.0, Diff:  0.0, Sum:  0.0, Workers: 4
[1936.305s][debug][gc,phases      ] GC(219)     Dead                           Min: 0, Avg:  0.0, Max: 0, Diff: 0, Sum: 0, Workers: 4
[1936.305s][debug][gc,phases      ] GC(219)     Total                          Min: 0, Avg: 104.8, Max: 163, Diff: 163, Sum: 419, Workers: 4
[1936.305s][debug][gc,phases      ] GC(219)   JVMTI Tag Weak OopStorage      Min:  0.0, Avg:  0.0, Max:  0.0, Diff:  0.0, Sum:  0.0, Workers: 4
[1936.305s][debug][gc,phases      ] GC(219)     Dead                           Min: 0, Avg:  0.0, Max: 0, Diff: 0, Sum: 0, Workers: 4
[1936.305s][debug][gc,phases      ] GC(219)     Total                          Min: 0, Avg:  0.0, Max: 0, Diff: 0, Sum: 0, Workers: 4
[1936.305s][debug][gc,phases      ] GC(219)   StringTable Weak               Min:  0.1, Avg:  0.1, Max:  0.1, Diff:  0.0, Sum:  0.5, Workers: 4
[1936.305s][debug][gc,phases      ] GC(219)     Dead                           Min: 0, Avg:  0.0, Max: 0, Diff: 0, Sum: 0, Workers: 4
[1936.305s][debug][gc,phases      ] GC(219)     Total                          Min: 11264, Avg: 12036.5, Max: 12946, Diff: 1682, Sum: 48146, Workers: 4
[1936.305s][debug][gc,phases      ] GC(219)   ResolvedMethodTable Weak       Min:  0.0, Avg:  0.0, Max:  0.0, Diff:  0.0, Sum:  0.1, Workers: 4
[1936.305s][debug][gc,phases      ] GC(219)     Dead                           Min: 0, Avg:  0.0, Max: 0, Diff: 0, Sum: 0, Workers: 4
[1936.305s][debug][gc,phases      ] GC(219)     Total                          Min: 1920, Avg: 2102.0, Max: 2240, Diff: 320, Sum: 8408, Workers: 4
[1936.305s][debug][gc,phases      ] GC(219)   JNI Weak                       Min:  0.0, Avg:  0.0, Max:  0.0, Diff:  0.0, Sum:  0.0, Workers: 4
[1936.305s][debug][gc,phases      ] GC(219)     Dead                           Min: 0, Avg:  0.0, Max: 0, Diff: 0, Sum: 0, Workers: 4
[1936.305s][debug][gc,phases      ] GC(219)     Total                          Min: 0, Avg:  0.0, Max: 0, Diff: 0, Sum: 0, Workers: 4
[1936.305s][debug][gc,phases      ] GC(219)   StringDedup Table Weak         Min:  0.0, Avg:  0.0, Max:  0.0, Diff:  0.0, Sum:  0.0, Workers: 4
[1936.305s][debug][gc,phases      ] GC(219)     Dead                           Min: 0, Avg:  0.0, Max: 0, Diff: 0, Sum: 0, Workers: 4
[1936.305s][debug][gc,phases      ] GC(219)     Total                          Min: 0, Avg:  0.0, Max: 0, Diff: 0, Sum: 0, Workers: 4
[1936.305s][debug][gc,phases      ] GC(219)   StringDedup Requests0 Weak     Min:  0.0, Avg:  0.0, Max:  0.0, Diff:  0.0, Sum:  0.0, Workers: 4
[1936.305s][debug][gc,phases      ] GC(219)     Dead                           Min: 0, Avg:  0.0, Max: 0, Diff: 0, Sum: 0, Workers: 4
[1936.305s][debug][gc,phases      ] GC(219)     Total                          Min: 0, Avg:  0.0, Max: 0, Diff: 0, Sum: 0, Workers: 4
[1936.305s][debug][gc,phases      ] GC(219)   StringDedup Requests1 Weak     Min:  0.0, Avg:  0.0, Max:  0.0, Diff:  0.0, Sum:  0.0, Workers: 4
[1936.305s][debug][gc,phases      ] GC(219)     Dead                           Min: 0, Avg:  0.0, Max: 0, Diff: 0, Sum: 0, Workers: 4
[1936.305s][debug][gc,phases      ] GC(219)     Total                          Min: 0, Avg:  0.0, Max: 0, Diff: 0, Sum: 0, Workers: 4
[1936.305s][debug][gc,phases      ] GC(219)   Weak JFR Old Object Samples    Min:  0.0, Avg:  0.0, Max:  0.0, Diff:  0.0, Sum:  0.0, Workers: 4
[1936.305s][debug][gc,phases      ] GC(219)     Dead                           Min: 0, Avg:  0.0, Max: 0, Diff: 0, Sum: 0, Workers: 4
[1936.305s][debug][gc,phases      ] GC(219)     Total                          Min: 0, Avg:  0.0, Max: 0, Diff: 0, Sum: 0, Workers: 4
[1936.305s][debug][gc,phases      ] GC(219) Weak Processing 0.340ms
[1936.305s][debug][gc,age         ] GC(219) Desired survivor size 67633152 bytes, new threshold 15 (max threshold 15)
[1936.305s][info ][gc,heap        ] GC(219) PSYoungGen: 2014879K(2030592K)->50191K(2030080K) Eden: 1963520K(1963520K)->0K(1963520K) From: 51359K(67072K)->50191K(66560K)
[1936.305s][info ][gc,heap        ] GC(219) ParOldGen: 552468K(631296K)->552696K(631296K)
[1936.305s][info ][gc,metaspace   ] GC(219) Metaspace: 83629K(84480K)->83629K(84480K) NonClass: 71978K(72448K)->71978K(72448K) Class: 11650K(12032K)->11650K(12032K)
[1936.305s][info ][gc             ] GC(219) Pause Young (Allocation Failure) 2507M->588M(2599M) 15.167ms
[1936.305s][info ][gc,cpu         ] GC(219) User=0.06s Sys=0.00s Real=0.02s
[1936.305s][info ][safepoint      ] Safepoint "ParallelGCFailedAllocation", Time since last: 3023252486 ns, Reaching safepoint: 31601 ns, At safepoint: 15255598 ns, Total: 15287199 ns
[1946.433s][info ][gc,start       ] GC(220) Pause Young (Allocation Failure)
[1946.449s][debug][gc,phases      ] GC(220) Scavenge 15.732ms
[1946.449s][debug][gc,ref         ] GC(220) Skipped phase 1 of Reference Processing: no references
[1946.449s][debug][gc,ref         ] GC(220) ReferenceProcessor::execute queues: 1, RefProcThreadModel::Single, marks_oops_alive: false
[1946.449s][debug][gc,ref         ] GC(220) Skipped phase 3 of Reference Processing: no references
[1946.449s][debug][gc,ref         ] GC(220) ReferenceProcessor::execute queues: 1, RefProcThreadModel::Single, marks_oops_alive: false
[1946.449s][debug][gc,phases      ] GC(220) Reference Processing 0.129ms
[1946.449s][debug][gc,phases      ] GC(220)   VM Weak                        Min:  0.0, Avg:  0.0, Max:  0.0, Diff:  0.0, Sum:  0.0, Workers: 4
[1946.449s][debug][gc,phases      ] GC(220)     Dead                           Min: 0, Avg:  0.0, Max: 0, Diff: 0, Sum: 0, Workers: 4
[1946.449s][debug][gc,phases      ] GC(220)     Total                          Min: 0, Avg: 174.2, Max: 448, Diff: 448, Sum: 697, Workers: 4
[1946.449s][debug][gc,phases      ] GC(220)   ObjectSynchronizer Weak        Min:  0.0, Avg:  0.0, Max:  0.0, Diff:  0.0, Sum:  0.0, Workers: 4
[1946.449s][debug][gc,phases      ] GC(220)     Dead                           Min: 0, Avg:  0.0, Max: 0, Diff: 0, Sum: 0, Workers: 4
[1946.449s][debug][gc,phases      ] GC(220)     Total                          Min: 0, Avg: 104.8, Max: 256, Diff: 256, Sum: 419, Workers: 4
[1946.449s][debug][gc,phases      ] GC(220)   JVMTI Tag Weak OopStorage      Min:  0.0, Avg:  0.0, Max:  0.0, Diff:  0.0, Sum:  0.0, Workers: 4
[1946.449s][debug][gc,phases      ] GC(220)     Dead                           Min: 0, Avg:  0.0, Max: 0, Diff: 0, Sum: 0, Workers: 4
[1946.449s][debug][gc,phases      ] GC(220)     Total                          Min: 0, Avg:  0.0, Max: 0, Diff: 0, Sum: 0, Workers: 4
[1946.449s][debug][gc,phases      ] GC(220)   StringTable Weak               Min:  0.1, Avg:  0.1, Max:  0.1, Diff:  0.0, Sum:  0.4, Workers: 4
[1946.449s][debug][gc,phases      ] GC(220)     Dead                           Min: 0, Avg:  0.0, Max: 0, Diff: 0, Sum: 0, Workers: 4
[1946.449s][debug][gc,phases      ] GC(220)     Total                          Min: 11154, Avg: 12036.5, Max: 12864, Diff: 1710, Sum: 48146, Workers: 4
[1946.449s][debug][gc,phases      ] GC(220)   ResolvedMethodTable Weak       Min:  0.0, Avg:  0.0, Max:  0.0, Diff:  0.0, Sum:  0.1, Workers: 4
[1946.449s][debug][gc,phases      ] GC(220)     Dead                           Min: 0, Avg:  0.0, Max: 0, Diff: 0, Sum: 0, Workers: 4
[1946.449s][debug][gc,phases      ] GC(220)     Total                          Min: 1944, Avg: 2102.0, Max: 2304, Diff: 360, Sum: 8408, Workers: 4
[1946.449s][debug][gc,phases      ] GC(220)   JNI Weak                       Min:  0.0, Avg:  0.0, Max:  0.0, Diff:  0.0, Sum:  0.0, Workers: 4
[1946.449s][debug][gc,phases      ] GC(220)     Dead                           Min: 0, Avg:  0.0, Max: 0, Diff: 0, Sum: 0, Workers: 4
[1946.449s][debug][gc,phases      ] GC(220)     Total                          Min: 0, Avg:  0.0, Max: 0, Diff: 0, Sum: 0, Workers: 4
[1946.449s][debug][gc,phases      ] GC(220)   StringDedup Table Weak         Min:  0.0, Avg:  0.0, Max:  0.0, Diff:  0.0, Sum:  0.0, Workers: 4
[1946.449s][debug][gc,phases      ] GC(220)     Dead                           Min: 0, Avg:  0.0, Max: 0, Diff: 0, Sum: 0, Workers: 4
[1946.449s][debug][gc,phases      ] GC(220)     Total                          Min: 0, Avg:  0.0, Max: 0, Diff: 0, Sum: 0, Workers: 4
[1946.449s][debug][gc,phases      ] GC(220)   StringDedup Requests0 Weak     Min:  0.0, Avg:  0.0, Max:  0.0, Diff:  0.0, Sum:  0.0, Workers: 4
[1946.449s][debug][gc,phases      ] GC(220)     Dead                           Min: 0, Avg:  0.0, Max: 0, Diff: 0, Sum: 0, Workers: 4
[1946.449s][debug][gc,phases      ] GC(220)     Total                          Min: 0, Avg:  0.0, Max: 0, Diff: 0, Sum: 0, Workers: 4
[1946.449s][debug][gc,phases      ] GC(220)   StringDedup Requests1 Weak     Min:  0.0, Avg:  0.0, Max:  0.0, Diff:  0.0, Sum:  0.0, Workers: 4
[1946.449s][debug][gc,phases      ] GC(220)     Dead                           Min: 0, Avg:  0.0, Max: 0, Diff: 0, Sum: 0, Workers: 4
[1946.449s][debug][gc,phases      ] GC(220)     Total                          Min: 0, Avg:  0.0, Max: 0, Diff: 0, Sum: 0, Workers: 4
[1946.449s][debug][gc,phases      ] GC(220)   Weak JFR Old Object Samples    Min:  0.0, Avg:  0.0, Max:  0.0, Diff:  0.0, Sum:  0.0, Workers: 4
[1946.449s][debug][gc,phases      ] GC(220)     Dead                           Min: 0, Avg:  0.0, Max: 0, Diff: 0, Sum: 0, Workers: 4
[1946.449s][debug][gc,phases      ] GC(220)     Total                          Min: 0, Avg:  0.0, Max: 0, Diff: 0, Sum: 0, Workers: 4
[1946.449s][debug][gc,phases      ] GC(220) Weak Processing 0.337ms
[1946.449s][debug][gc,age         ] GC(220) Desired survivor size 67108864 bytes, new threshold 15 (max threshold 15)
[1946.449s][info ][gc,heap        ] GC(220) PSYoungGen: 2013711K(2030080K)->52095K(2031616K) Eden: 1963520K(1963520K)->0K(1965568K) From: 50191K(66560K)->52095K(66048K)
[1946.449s][info ][gc,heap        ] GC(220) ParOldGen: 552696K(631296K)->552728K(631296K)
[1946.449s][info ][gc,metaspace   ] GC(220) Metaspace: 83629K(84480K)->83629K(84480K) NonClass: 71978K(72448K)->71978K(72448K) Class: 11650K(12032K)->11650K(12032K)
[1946.449s][info ][gc             ] GC(220) Pause Young (Allocation Failure) 2506M->590M(2600M) 16.337ms
[1946.449s][info ][gc,cpu         ] GC(220) User=0.07s Sys=0.00s Real=0.01s
[1946.449s][info ][safepoint      ] Safepoint "ParallelGCFailedAllocation", Time since last: 10127503028 ns, Reaching safepoint: 61701 ns, At safepoint: 16442322 ns, Total: 16504023 ns
[1956.826s][info ][gc,start       ] GC(221) Pause Young (Allocation Failure)
[1956.842s][debug][gc,phases      ] GC(221) Scavenge 15.700ms
[1956.842s][debug][gc,ref         ] GC(221) Skipped phase 1 of Reference Processing: no references
[1956.842s][debug][gc,ref         ] GC(221) ReferenceProcessor::execute queues: 1, RefProcThreadModel::Single, marks_oops_alive: false
[1956.842s][debug][gc,ref         ] GC(221) Skipped phase 3 of Reference Processing: no references
[1956.842s][debug][gc,ref         ] GC(221) ReferenceProcessor::execute queues: 1, RefProcThreadModel::Single, marks_oops_alive: false
[1956.842s][debug][gc,phases      ] GC(221) Reference Processing 0.131ms
[1956.842s][debug][gc,phases      ] GC(221)   VM Weak                        Min:  0.0, Avg:  0.0, Max:  0.0, Diff:  0.0, Sum:  0.0, Workers: 4
[1956.842s][debug][gc,phases      ] GC(221)     Dead                           Min: 0, Avg:  0.0, Max: 0, Diff: 0, Sum: 0, Workers: 4
[1956.842s][debug][gc,phases      ] GC(221)     Total                          Min: 0, Avg: 174.2, Max: 384, Diff: 384, Sum: 697, Workers: 4
[1956.842s][debug][gc,phases      ] GC(221)   ObjectSynchronizer Weak        Min:  0.0, Avg:  0.0, Max:  0.0, Diff:  0.0, Sum:  0.0, Workers: 4
[1956.842s][debug][gc,phases      ] GC(221)     Dead                           Min: 0, Avg:  0.0, Max: 0, Diff: 0, Sum: 0, Workers: 4
[1956.843s][debug][gc,phases      ] GC(221)     Total                          Min: 0, Avg: 104.8, Max: 192, Diff: 192, Sum: 419, Workers: 4
[1956.843s][debug][gc,phases      ] GC(221)   JVMTI Tag Weak OopStorage      Min:  0.0, Avg:  0.0, Max:  0.0, Diff:  0.0, Sum:  0.0, Workers: 4
[1956.843s][debug][gc,phases      ] GC(221)     Dead                           Min: 0, Avg:  0.0, Max: 0, Diff: 0, Sum: 0, Workers: 4
[1956.843s][debug][gc,phases      ] GC(221)     Total                          Min: 0, Avg:  0.0, Max: 0, Diff: 0, Sum: 0, Workers: 4
[1956.843s][debug][gc,phases      ] GC(221)   StringTable Weak               Min:  0.1, Avg:  0.1, Max:  0.1, Diff:  0.0, Sum:  0.5, Workers: 4
[1956.843s][debug][gc,phases      ] GC(221)     Dead                           Min: 0, Avg:  0.0, Max: 0, Diff: 0, Sum: 0, Workers: 4
[1956.843s][debug][gc,phases      ] GC(221)     Total                          Min: 11666, Avg: 12036.5, Max: 12288, Diff: 622, Sum: 48146, Workers: 4
[1956.843s][debug][gc,phases      ] GC(221)   ResolvedMethodTable Weak       Min:  0.0, Avg:  0.0, Max:  0.0, Diff:  0.0, Sum:  0.1, Workers: 4
[1956.843s][debug][gc,phases      ] GC(221)     Dead                           Min: 0, Avg:  0.0, Max: 0, Diff: 0, Sum: 0, Workers: 4
[1956.843s][debug][gc,phases      ] GC(221)     Total                          Min: 1920, Avg: 2102.0, Max: 2368, Diff: 448, Sum: 8408, Workers: 4
[1956.843s][debug][gc,phases      ] GC(221)   JNI Weak                       Min:  0.0, Avg:  0.0, Max:  0.0, Diff:  0.0, Sum:  0.0, Workers: 4
[1956.843s][debug][gc,phases      ] GC(221)     Dead                           Min: 0, Avg:  0.0, Max: 0, Diff: 0, Sum: 0, Workers: 4
[1956.843s][debug][gc,phases      ] GC(221)     Total                          Min: 0, Avg:  0.0, Max: 0, Diff: 0, Sum: 0, Workers: 4
[1956.843s][debug][gc,phases      ] GC(221)   StringDedup Table Weak         Min:  0.0, Avg:  0.0, Max:  0.0, Diff:  0.0, Sum:  0.0, Workers: 4
[1956.843s][debug][gc,phases      ] GC(221)     Dead                           Min: 0, Avg:  0.0, Max: 0, Diff: 0, Sum: 0, Workers: 4
[1956.843s][debug][gc,phases      ] GC(221)     Total                          Min: 0, Avg:  0.0, Max: 0, Diff: 0, Sum: 0, Workers: 4
[1956.843s][debug][gc,phases      ] GC(221)   StringDedup Requests0 Weak     Min:  0.0, Avg:  0.0, Max:  0.0, Diff:  0.0, Sum:  0.0, Workers: 4
[1956.843s][debug][gc,phases      ] GC(221)     Dead                           Min: 0, Avg:  0.0, Max: 0, Diff: 0, Sum: 0, Workers: 4
[1956.843s][debug][gc,phases      ] GC(221)     Total                          Min: 0, Avg:  0.0, Max: 0, Diff: 0, Sum: 0, Workers: 4
[1956.843s][debug][gc,phases      ] GC(221)   StringDedup Requests1 Weak     Min:  0.0, Avg:  0.0, Max:  0.0, Diff:  0.0, Sum:  0.0, Workers: 4
[1956.843s][debug][gc,phases      ] GC(221)     Dead                           Min: 0, Avg:  0.0, Max: 0, Diff: 0, Sum: 0, Workers: 4
[1956.843s][debug][gc,phases      ] GC(221)     Total                          Min: 0, Avg:  0.0, Max: 0, Diff: 0, Sum: 0, Workers: 4
[1956.843s][debug][gc,phases      ] GC(221)   Weak JFR Old Object Samples    Min:  0.0, Avg:  0.0, Max:  0.0, Diff:  0.0, Sum:  0.0, Workers: 4
[1956.843s][debug][gc,phases      ] GC(221)     Dead                           Min: 0, Avg:  0.0, Max: 0, Diff: 0, Sum: 0, Workers: 4
[1956.843s][debug][gc,phases      ] GC(221)     Total                          Min: 0, Avg:  0.0, Max: 0, Diff: 0, Sum: 0, Workers: 4
[1956.843s][debug][gc,phases      ] GC(221) Weak Processing 0.344ms
[1956.843s][debug][gc,age         ] GC(221) Desired survivor size 66584576 bytes, new threshold 15 (max threshold 15)
[1956.843s][info ][gc,heap        ] GC(221) PSYoungGen: 2017663K(2031616K)->50639K(2031104K) Eden: 1965568K(1965568K)->0K(1965568K) From: 52095K(66048K)->50639K(65536K)
[1956.843s][info ][gc,heap        ] GC(221) ParOldGen: 552728K(631296K)->552792K(631296K)
[1956.843s][info ][gc,metaspace   ] GC(221) Metaspace: 83629K(84480K)->83629K(84480K) NonClass: 71978K(72448K)->71978K(72448K) Class: 11650K(12032K)->11650K(12032K)
[1956.843s][info ][gc             ] GC(221) Pause Young (Allocation Failure) 2510M->589M(2600M) 16.349ms
[1956.843s][info ][gc,cpu         ] GC(221) User=0.06s Sys=0.00s Real=0.02s
[1956.843s][info ][safepoint      ] Safepoint "ParallelGCFailedAllocation", Time since last: 10376945702 ns, Reaching safepoint: 127102 ns, At safepoint: 16455922 ns, Total: 16583024 ns
[1966.443s][info ][gc,start       ] GC(222) Pause Young (Allocation Failure)
[1966.459s][debug][gc,phases      ] GC(222) Scavenge 16.177ms
[1966.459s][debug][gc,ref         ] GC(222) Skipped phase 1 of Reference Processing: no references
[1966.459s][debug][gc,ref         ] GC(222) ReferenceProcessor::execute queues: 1, RefProcThreadModel::Single, marks_oops_alive: false
[1966.459s][debug][gc,ref         ] GC(222) Skipped phase 3 of Reference Processing: no references
[1966.459s][debug][gc,ref         ] GC(222) ReferenceProcessor::execute queues: 1, RefProcThreadModel::Single, marks_oops_alive: false
[1966.459s][debug][gc,phases      ] GC(222) Reference Processing 0.124ms
[1966.459s][debug][gc,phases      ] GC(222)   VM Weak                        Min:  0.0, Avg:  0.0, Max:  0.0, Diff:  0.0, Sum:  0.0, Workers: 4
[1966.459s][debug][gc,phases      ] GC(222)     Dead                           Min: 0, Avg:  0.0, Max: 0, Diff: 0, Sum: 0, Workers: 4
[1966.459s][debug][gc,phases      ] GC(222)     Total                          Min: 0, Avg: 174.2, Max: 384, Diff: 384, Sum: 697, Workers: 4
[1966.459s][debug][gc,phases      ] GC(222)   ObjectSynchronizer Weak        Min:  0.0, Avg:  0.0, Max:  0.0, Diff:  0.0, Sum:  0.0, Workers: 4
[1966.459s][debug][gc,phases      ] GC(222)     Dead                           Min: 0, Avg:  0.0, Max: 0, Diff: 0, Sum: 0, Workers: 4
[1966.459s][debug][gc,phases      ] GC(222)     Total                          Min: 0, Avg: 104.8, Max: 227, Diff: 227, Sum: 419, Workers: 4
[1966.459s][debug][gc,phases      ] GC(222)   JVMTI Tag Weak OopStorage      Min:  0.0, Avg:  0.0, Max:  0.0, Diff:  0.0, Sum:  0.0, Workers: 4
[1966.459s][debug][gc,phases      ] GC(222)     Dead                           Min: 0, Avg:  0.0, Max: 0, Diff: 0, Sum: 0, Workers: 4
[1966.459s][debug][gc,phases      ] GC(222)     Total                          Min: 0, Avg:  0.0, Max: 0, Diff: 0, Sum: 0, Workers: 4
[1966.459s][debug][gc,phases      ] GC(222)   StringTable Weak               Min:  0.1, Avg:  0.1, Max:  0.1, Diff:  0.0, Sum:  0.4, Workers: 4
[1966.459s][debug][gc,phases      ] GC(222)     Dead                           Min: 0, Avg:  0.0, Max: 0, Diff: 0, Sum: 0, Workers: 4
[1966.459s][debug][gc,phases      ] GC(222)     Total                          Min: 11392, Avg: 12036.5, Max: 13522, Diff: 2130, Sum: 48146, Workers: 4
[1966.459s][debug][gc,phases      ] GC(222)   ResolvedMethodTable Weak       Min:  0.0, Avg:  0.0, Max:  0.0, Diff:  0.0, Sum:  0.1, Workers: 4
[1966.459s][debug][gc,phases      ] GC(222)     Dead                           Min: 0, Avg:  0.0, Max: 0, Diff: 0, Sum: 0, Workers: 4
[1966.459s][debug][gc,phases      ] GC(222)     Total                          Min: 1880, Avg: 2102.0, Max: 2304, Diff: 424, Sum: 8408, Workers: 4
[1966.459s][debug][gc,phases      ] GC(222)   JNI Weak                       Min:  0.0, Avg:  0.0, Max:  0.0, Diff:  0.0, Sum:  0.0, Workers: 4
[1966.459s][debug][gc,phases      ] GC(222)     Dead                           Min: 0, Avg:  0.0, Max: 0, Diff: 0, Sum: 0, Workers: 4
[1966.459s][debug][gc,phases      ] GC(222)     Total                          Min: 0, Avg:  0.0, Max: 0, Diff: 0, Sum: 0, Workers: 4
[1966.459s][debug][gc,phases      ] GC(222)   StringDedup Table Weak         Min:  0.0, Avg:  0.0, Max:  0.0, Diff:  0.0, Sum:  0.0, Workers: 4
[1966.459s][debug][gc,phases      ] GC(222)     Dead                           Min: 0, Avg:  0.0, Max: 0, Diff: 0, Sum: 0, Workers: 4
[1966.459s][debug][gc,phases      ] GC(222)     Total                          Min: 0, Avg:  0.0, Max: 0, Diff: 0, Sum: 0, Workers: 4
[1966.459s][debug][gc,phases      ] GC(222)   StringDedup Requests0 Weak     Min:  0.0, Avg:  0.0, Max:  0.0, Diff:  0.0, Sum:  0.0, Workers: 4
[1966.459s][debug][gc,phases      ] GC(222)     Dead                           Min: 0, Avg:  0.0, Max: 0, Diff: 0, Sum: 0, Workers: 4
[1966.459s][debug][gc,phases      ] GC(222)     Total                          Min: 0, Avg:  0.0, Max: 0, Diff: 0, Sum: 0, Workers: 4
[1966.459s][debug][gc,phases      ] GC(222)   StringDedup Requests1 Weak     Min:  0.0, Avg:  0.0, Max:  0.0, Diff:  0.0, Sum:  0.0, Workers: 4
[1966.459s][debug][gc,phases      ] GC(222)     Dead                           Min: 0, Avg:  0.0, Max: 0, Diff: 0, Sum: 0, Workers: 4
[1966.459s][debug][gc,phases      ] GC(222)     Total                          Min: 0, Avg:  0.0, Max: 0, Diff: 0, Sum: 0, Workers: 4
[1966.459s][debug][gc,phases      ] GC(222)   Weak JFR Old Object Samples    Min:  0.0, Avg:  0.0, Max:  0.0, Diff:  0.0, Sum:  0.0, Workers: 4
[1966.459s][debug][gc,phases      ] GC(222)     Dead                           Min: 0, Avg:  0.0, Max: 0, Diff: 0, Sum: 0, Workers: 4
[1966.459s][debug][gc,phases      ] GC(222)     Total                          Min: 0, Avg:  0.0, Max: 0, Diff: 0, Sum: 0, Workers: 4
[1966.459s][debug][gc,phases      ] GC(222) Weak Processing 0.339ms
[1966.459s][debug][gc,age         ] GC(222) Desired survivor size 66060288 bytes, new threshold 15 (max threshold 15)
[1966.459s][info ][gc,heap        ] GC(222) PSYoungGen: 2016207K(2031104K)->51935K(2032640K) Eden: 1965568K(1965568K)->0K(1967616K) From: 50639K(65536K)->51935K(65024K)
[1966.459s][info ][gc,heap        ] GC(222) ParOldGen: 552792K(631296K)->552832K(631296K)
[1966.459s][info ][gc,metaspace   ] GC(222) Metaspace: 83630K(84480K)->83630K(84480K) NonClass: 71979K(72448K)->71979K(72448K) Class: 11650K(12032K)->11650K(12032K)
[1966.459s][info ][gc             ] GC(222) Pause Young (Allocation Failure) 2508M->590M(2601M) 16.774ms
[1966.459s][info ][gc,cpu         ] GC(222) User=0.06s Sys=0.00s Real=0.01s
[1966.459s][info ][safepoint      ] Safepoint "ParallelGCFailedAllocation", Time since last: 9599661410 ns, Reaching safepoint: 115603 ns, At safepoint: 16872229 ns, Total: 16987832 ns
[1975.656s][info ][gc,start       ] GC(223) Pause Young (Allocation Failure)
[1975.671s][debug][gc,phases      ] GC(223) Scavenge 15.099ms
[1975.671s][debug][gc,ref         ] GC(223) Skipped phase 1 of Reference Processing: no references
[1975.671s][debug][gc,ref         ] GC(223) ReferenceProcessor::execute queues: 1, RefProcThreadModel::Single, marks_oops_alive: false
[1975.672s][debug][gc,ref         ] GC(223) Skipped phase 3 of Reference Processing: no references
[1975.672s][debug][gc,ref         ] GC(223) ReferenceProcessor::execute queues: 1, RefProcThreadModel::Single, marks_oops_alive: false
[1975.672s][debug][gc,phases      ] GC(223) Reference Processing 0.163ms
[1975.672s][debug][gc,phases      ] GC(223)   VM Weak                        Min:  0.0, Avg:  0.0, Max:  0.0, Diff:  0.0, Sum:  0.0, Workers: 4
[1975.672s][debug][gc,phases      ] GC(223)     Dead                           Min: 0, Avg:  0.0, Max: 0, Diff: 0, Sum: 0, Workers: 4
[1975.672s][debug][gc,phases      ] GC(223)     Total                          Min: 0, Avg: 174.2, Max: 697, Diff: 697, Sum: 697, Workers: 4
[1975.672s][debug][gc,phases      ] GC(223)   ObjectSynchronizer Weak        Min:  0.0, Avg:  0.0, Max:  0.0, Diff:  0.0, Sum:  0.0, Workers: 4
[1975.672s][debug][gc,phases      ] GC(223)     Dead                           Min: 0, Avg:  0.0, Max: 0, Diff: 0, Sum: 0, Workers: 4
[1975.672s][debug][gc,phases      ] GC(223)     Total                          Min: 0, Avg: 104.8, Max: 419, Diff: 419, Sum: 419, Workers: 4
[1975.672s][debug][gc,phases      ] GC(223)   JVMTI Tag Weak OopStorage      Min:  0.0, Avg:  0.0, Max:  0.0, Diff:  0.0, Sum:  0.0, Workers: 4
[1975.672s][debug][gc,phases      ] GC(223)     Dead                           Min: 0, Avg:  0.0, Max: 0, Diff: 0, Sum: 0, Workers: 4
[1975.672s][debug][gc,phases      ] GC(223)     Total                          Min: 0, Avg:  0.0, Max: 0, Diff: 0, Sum: 0, Workers: 4
[1975.672s][debug][gc,phases      ] GC(223)   StringTable Weak               Min:  0.1, Avg:  0.1, Max:  0.1, Diff:  0.0, Sum:  0.5, Workers: 4
[1975.672s][debug][gc,phases      ] GC(223)     Dead                           Min: 0, Avg:  0.0, Max: 0, Diff: 0, Sum: 0, Workers: 4
[1975.672s][debug][gc,phases      ] GC(223)     Total                          Min: 11072, Avg: 12036.5, Max: 12690, Diff: 1618, Sum: 48146, Workers: 4
[1975.672s][debug][gc,phases      ] GC(223)   ResolvedMethodTable Weak       Min:  0.0, Avg:  0.0, Max:  0.0, Diff:  0.0, Sum:  0.1, Workers: 4
[1975.672s][debug][gc,phases      ] GC(223)     Dead                           Min: 0, Avg:  0.0, Max: 0, Diff: 0, Sum: 0, Workers: 4
[1975.672s][debug][gc,phases      ] GC(223)     Total                          Min: 2048, Avg: 2102.0, Max: 2176, Diff: 128, Sum: 8408, Workers: 4
[1975.672s][debug][gc,phases      ] GC(223)   JNI Weak                       Min:  0.0, Avg:  0.0, Max:  0.0, Diff:  0.0, Sum:  0.0, Workers: 4
[1975.672s][debug][gc,phases      ] GC(223)     Dead                           Min: 0, Avg:  0.0, Max: 0, Diff: 0, Sum: 0, Workers: 4
[1975.672s][debug][gc,phases      ] GC(223)     Total                          Min: 0, Avg:  0.0, Max: 0, Diff: 0, Sum: 0, Workers: 4
[1975.672s][debug][gc,phases      ] GC(223)   StringDedup Table Weak         Min:  0.0, Avg:  0.0, Max:  0.0, Diff:  0.0, Sum:  0.0, Workers: 4
[1975.672s][debug][gc,phases      ] GC(223)     Dead                           Min: 0, Avg:  0.0, Max: 0, Diff: 0, Sum: 0, Workers: 4
[1975.672s][debug][gc,phases      ] GC(223)     Total                          Min: 0, Avg:  0.0, Max: 0, Diff: 0, Sum: 0, Workers: 4
[1975.672s][debug][gc,phases      ] GC(223)   StringDedup Requests0 Weak     Min:  0.0, Avg:  0.0, Max:  0.0, Diff:  0.0, Sum:  0.0, Workers: 4
[1975.672s][debug][gc,phases      ] GC(223)     Dead                           Min: 0, Avg:  0.0, Max: 0, Diff: 0, Sum: 0, Workers: 4
[1975.672s][debug][gc,phases      ] GC(223)     Total                          Min: 0, Avg:  0.0, Max: 0, Diff: 0, Sum: 0, Workers: 4
[1975.672s][debug][gc,phases      ] GC(223)   StringDedup Requests1 Weak     Min:  0.0, Avg:  0.0, Max:  0.0, Diff:  0.0, Sum:  0.0, Workers: 4
[1975.672s][debug][gc,phases      ] GC(223)     Dead                           Min: 0, Avg:  0.0, Max: 0, Diff: 0, Sum: 0, Workers: 4
[1975.672s][debug][gc,phases      ] GC(223)     Total                          Min: 0, Avg:  0.0, Max: 0, Diff: 0, Sum: 0, Workers: 4
[1975.672s][debug][gc,phases      ] GC(223)   Weak JFR Old Object Samples    Min:  0.0, Avg:  0.0, Max:  0.0, Diff:  0.0, Sum:  0.0, Workers: 4
[1975.672s][debug][gc,phases      ] GC(223)     Dead                           Min: 0, Avg:  0.0, Max: 0, Diff: 0, Sum: 0, Workers: 4
[1975.672s][debug][gc,phases      ] GC(223)     Total                          Min: 0, Avg:  0.0, Max: 0, Diff: 0, Sum: 0, Workers: 4
[1975.672s][debug][gc,phases      ] GC(223) Weak Processing 0.416ms
[1975.672s][debug][gc,age         ] GC(223) Desired survivor size 65536000 bytes, new threshold 15 (max threshold 15)
[1975.672s][info ][gc,heap        ] GC(223) PSYoungGen: 2019551K(2032640K)->49119K(2032128K) Eden: 1967616K(1967616K)->0K(1967616K) From: 51935K(65024K)->49119K(64512K)
[1975.672s][info ][gc,heap        ] GC(223) ParOldGen: 552832K(631296K)->553022K(631296K)
[1975.672s][info ][gc,metaspace   ] GC(223) Metaspace: 83630K(84480K)->83630K(84480K) NonClass: 71979K(72448K)->71979K(72448K) Class: 11650K(12032K)->11650K(12032K)
[1975.672s][info ][gc             ] GC(223) Pause Young (Allocation Failure) 2512M->588M(2601M) 15.848ms
[1975.672s][info ][gc,cpu         ] GC(223) User=0.06s Sys=0.00s Real=0.02s
[1975.672s][info ][safepoint      ] Safepoint "ParallelGCFailedAllocation", Time since last: 9196655933 ns, Reaching safepoint: 108502 ns, At safepoint: 15945612 ns, Total: 16054114 ns
[1998.434s][info ][gc,start       ] GC(224) Pause Young (Allocation Failure)
[1998.448s][debug][gc,phases      ] GC(224) Scavenge 13.882ms
[1998.448s][debug][gc,ref         ] GC(224) Skipped phase 1 of Reference Processing: no references
[1998.448s][debug][gc,ref         ] GC(224) ReferenceProcessor::execute queues: 1, RefProcThreadModel::Single, marks_oops_alive: false
[1998.448s][debug][gc,ref         ] GC(224) Skipped phase 3 of Reference Processing: no references
[1998.448s][debug][gc,ref         ] GC(224) ReferenceProcessor::execute queues: 1, RefProcThreadModel::Single, marks_oops_alive: false
[1998.448s][debug][gc,phases      ] GC(224) Reference Processing 0.146ms
[1998.448s][debug][gc,phases      ] GC(224)   VM Weak                        Min:  0.0, Avg:  0.0, Max:  0.0, Diff:  0.0, Sum:  0.0, Workers: 4
[1998.448s][debug][gc,phases      ] GC(224)     Dead                           Min: 0, Avg:  0.0, Max: 0, Diff: 0, Sum: 0, Workers: 4
[1998.448s][debug][gc,phases      ] GC(224)     Total                          Min: 0, Avg: 174.2, Max: 512, Diff: 512, Sum: 697, Workers: 4
[1998.448s][debug][gc,phases      ] GC(224)   ObjectSynchronizer Weak        Min:  0.0, Avg:  0.0, Max:  0.0, Diff:  0.0, Sum:  0.0, Workers: 4
[1998.448s][debug][gc,phases      ] GC(224)     Dead                           Min: 0, Avg:  0.0, Max: 0, Diff: 0, Sum: 0, Workers: 4
[1998.448s][debug][gc,phases      ] GC(224)     Total                          Min: 0, Avg: 104.8, Max: 227, Diff: 227, Sum: 419, Workers: 4
[1998.448s][debug][gc,phases      ] GC(224)   JVMTI Tag Weak OopStorage      Min:  0.0, Avg:  0.0, Max:  0.0, Diff:  0.0, Sum:  0.0, Workers: 4
[1998.448s][debug][gc,phases      ] GC(224)     Dead                           Min: 0, Avg:  0.0, Max: 0, Diff: 0, Sum: 0, Workers: 4
[1998.448s][debug][gc,phases      ] GC(224)     Total                          Min: 0, Avg:  0.0, Max: 0, Diff: 0, Sum: 0, Workers: 4
[1998.448s][debug][gc,phases      ] GC(224)   StringTable Weak               Min:  0.1, Avg:  0.1, Max:  0.1, Diff:  0.0, Sum:  0.4, Workers: 4
[1998.448s][debug][gc,phases      ] GC(224)     Dead                           Min: 0, Avg:  0.0, Max: 0, Diff: 0, Sum: 0, Workers: 4
[1998.448s][debug][gc,phases      ] GC(224)     Total                          Min: 11730, Avg: 12036.5, Max: 12864, Diff: 1134, Sum: 48146, Workers: 4
[1998.448s][debug][gc,phases      ] GC(224)   ResolvedMethodTable Weak       Min:  0.0, Avg:  0.0, Max:  0.0, Diff:  0.0, Sum:  0.1, Workers: 4
[1998.448s][debug][gc,phases      ] GC(224)     Dead                           Min: 0, Avg:  0.0, Max: 0, Diff: 0, Sum: 0, Workers: 4
[1998.448s][debug][gc,phases      ] GC(224)     Total                          Min: 1880, Avg: 2102.0, Max: 2240, Diff: 360, Sum: 8408, Workers: 4
[1998.448s][debug][gc,phases      ] GC(224)   JNI Weak                       Min:  0.0, Avg:  0.0, Max:  0.0, Diff:  0.0, Sum:  0.0, Workers: 4
[1998.448s][debug][gc,phases      ] GC(224)     Dead                           Min: 0, Avg:  0.0, Max: 0, Diff: 0, Sum: 0, Workers: 4
[1998.448s][debug][gc,phases      ] GC(224)     Total                          Min: 0, Avg:  0.0, Max: 0, Diff: 0, Sum: 0, Workers: 4
[1998.448s][debug][gc,phases      ] GC(224)   StringDedup Table Weak         Min:  0.0, Avg:  0.0, Max:  0.0, Diff:  0.0, Sum:  0.0, Workers: 4
[1998.448s][debug][gc,phases      ] GC(224)     Dead                           Min: 0, Avg:  0.0, Max: 0, Diff: 0, Sum: 0, Workers: 4
[1998.448s][debug][gc,phases      ] GC(224)     Total                          Min: 0, Avg:  0.0, Max: 0, Diff: 0, Sum: 0, Workers: 4
[1998.448s][debug][gc,phases      ] GC(224)   StringDedup Requests0 Weak     Min:  0.0, Avg:  0.0, Max:  0.0, Diff:  0.0, Sum:  0.0, Workers: 4
[1998.448s][debug][gc,phases      ] GC(224)     Dead                           Min: 0, Avg:  0.0, Max: 0, Diff: 0, Sum: 0, Workers: 4
[1998.448s][debug][gc,phases      ] GC(224)     Total                          Min: 0, Avg:  0.0, Max: 0, Diff: 0, Sum: 0, Workers: 4
[1998.448s][debug][gc,phases      ] GC(224)   StringDedup Requests1 Weak     Min:  0.0, Avg:  0.0, Max:  0.0, Diff:  0.0, Sum:  0.0, Workers: 4
[1998.448s][debug][gc,phases      ] GC(224)     Dead                           Min: 0, Avg:  0.0, Max: 0, Diff: 0, Sum: 0, Workers: 4
[1998.448s][debug][gc,phases      ] GC(224)     Total                          Min: 0, Avg:  0.0, Max: 0, Diff: 0, Sum: 0, Workers: 4
[1998.448s][debug][gc,phases      ] GC(224)   Weak JFR Old Object Samples    Min:  0.0, Avg:  0.0, Max:  0.0, Diff:  0.0, Sum:  0.0, Workers: 4
[1998.448s][debug][gc,phases      ] GC(224)     Dead                           Min: 0, Avg:  0.0, Max: 0, Diff: 0, Sum: 0, Workers: 4
[1998.448s][debug][gc,phases      ] GC(224)     Total                          Min: 0, Avg:  0.0, Max: 0, Diff: 0, Sum: 0, Workers: 4
[1998.448s][debug][gc,phases      ] GC(224) Weak Processing 0.325ms
[1998.448s][debug][gc,age         ] GC(224) Desired survivor size 65011712 bytes, new threshold 15 (max threshold 15)
[1998.448s][info ][gc,heap        ] GC(224) PSYoungGen: 2016735K(2032128K)->50399K(2033664K) Eden: 1967616K(1967616K)->0K(1969664K) From: 49119K(64512K)->50399K(64000K)
[1998.448s][info ][gc,heap        ] GC(224) ParOldGen: 553022K(631296K)->553342K(631296K)
[1998.448s][info ][gc,metaspace   ] GC(224) Metaspace: 83630K(84480K)->83630K(84480K) NonClass: 71979K(72448K)->71979K(72448K) Class: 11650K(12032K)->11650K(12032K)
[1998.448s][info ][gc             ] GC(224) Pause Young (Allocation Failure) 2509M->589M(2602M) 14.491ms
[1998.448s][info ][gc,cpu         ] GC(224) User=0.05s Sys=0.00s Real=0.01s
[1998.448s][info ][safepoint      ] Safepoint "ParallelGCFailedAllocation", Time since last: 22761543632 ns, Reaching safepoint: 126602 ns, At safepoint: 14628886 ns, Total: 14755488 ns
[2008.449s][info ][safepoint      ] Safepoint "Cleanup", Time since last: 10000685143 ns, Reaching safepoint: 50401 ns, At safepoint: 29600 ns, Total: 80001 ns
[2009.006s][info ][gc,start       ] GC(225) Pause Young (Allocation Failure)
[2009.022s][debug][gc,phases      ] GC(225) Scavenge 15.869ms
[2009.022s][debug][gc,ref         ] GC(225) Skipped phase 1 of Reference Processing: no references
[2009.022s][debug][gc,ref         ] GC(225) ReferenceProcessor::execute queues: 1, RefProcThreadModel::Single, marks_oops_alive: false
[2009.022s][debug][gc,ref         ] GC(225) Skipped phase 3 of Reference Processing: no references
[2009.022s][debug][gc,ref         ] GC(225) ReferenceProcessor::execute queues: 1, RefProcThreadModel::Single, marks_oops_alive: false
[2009.022s][debug][gc,phases      ] GC(225) Reference Processing 0.119ms
[2009.022s][debug][gc,phases      ] GC(225)   VM Weak                        Min:  0.0, Avg:  0.0, Max:  0.0, Diff:  0.0, Sum:  0.0, Workers: 4
[2009.022s][debug][gc,phases      ] GC(225)     Dead                           Min: 0, Avg:  0.0, Max: 0, Diff: 0, Sum: 0, Workers: 4
[2009.022s][debug][gc,phases      ] GC(225)     Total                          Min: 0, Avg: 174.2, Max: 569, Diff: 569, Sum: 697, Workers: 4
[2009.022s][debug][gc,phases      ] GC(225)   ObjectSynchronizer Weak        Min:  0.0, Avg:  0.0, Max:  0.0, Diff:  0.0, Sum:  0.0, Workers: 4
[2009.022s][debug][gc,phases      ] GC(225)     Dead                           Min: 0, Avg:  0.0, Max: 0, Diff: 0, Sum: 0, Workers: 4
[2009.022s][debug][gc,phases      ] GC(225)     Total                          Min: 0, Avg: 104.8, Max: 227, Diff: 227, Sum: 419, Workers: 4
[2009.022s][debug][gc,phases      ] GC(225)   JVMTI Tag Weak OopStorage      Min:  0.0, Avg:  0.0, Max:  0.0, Diff:  0.0, Sum:  0.0, Workers: 4
[2009.022s][debug][gc,phases      ] GC(225)     Dead                           Min: 0, Avg:  0.0, Max: 0, Diff: 0, Sum: 0, Workers: 4
[2009.022s][debug][gc,phases      ] GC(225)     Total                          Min: 0, Avg:  0.0, Max: 0, Diff: 0, Sum: 0, Workers: 4
[2009.022s][debug][gc,phases      ] GC(225)   StringTable Weak               Min:  0.1, Avg:  0.1, Max:  0.1, Diff:  0.0, Sum:  0.5, Workers: 4
[2009.022s][debug][gc,phases      ] GC(225)     Dead                           Min: 0, Avg:  0.0, Max: 0, Diff: 0, Sum: 0, Workers: 4
[2009.022s][debug][gc,phases      ] GC(225)     Total                          Min: 11712, Avg: 12036.5, Max: 12498, Diff: 786, Sum: 48146, Workers: 4
[2009.022s][debug][gc,phases      ] GC(225)   ResolvedMethodTable Weak       Min:  0.0, Avg:  0.0, Max:  0.0, Diff:  0.0, Sum:  0.1, Workers: 4
[2009.023s][debug][gc,phases      ] GC(225)     Dead                           Min: 0, Avg:  0.0, Max: 0, Diff: 0, Sum: 0, Workers: 4
[2009.023s][debug][gc,phases      ] GC(225)     Total                          Min: 1984, Avg: 2102.0, Max: 2176, Diff: 192, Sum: 8408, Workers: 4
[2009.023s][debug][gc,phases      ] GC(225)   JNI Weak                       Min:  0.0, Avg:  0.0, Max:  0.0, Diff:  0.0, Sum:  0.0, Workers: 4
[2009.023s][debug][gc,phases      ] GC(225)     Dead                           Min: 0, Avg:  0.0, Max: 0, Diff: 0, Sum: 0, Workers: 4
[2009.023s][debug][gc,phases      ] GC(225)     Total                          Min: 0, Avg:  0.0, Max: 0, Diff: 0, Sum: 0, Workers: 4
[2009.023s][debug][gc,phases      ] GC(225)   StringDedup Table Weak         Min:  0.0, Avg:  0.0, Max:  0.0, Diff:  0.0, Sum:  0.0, Workers: 4
[2009.023s][debug][gc,phases      ] GC(225)     Dead                           Min: 0, Avg:  0.0, Max: 0, Diff: 0, Sum: 0, Workers: 4
[2009.023s][debug][gc,phases      ] GC(225)     Total                          Min: 0, Avg:  0.0, Max: 0, Diff: 0, Sum: 0, Workers: 4
[2009.023s][debug][gc,phases      ] GC(225)   StringDedup Requests0 Weak     Min:  0.0, Avg:  0.0, Max:  0.0, Diff:  0.0, Sum:  0.0, Workers: 4
[2009.023s][debug][gc,phases      ] GC(225)     Dead                           Min: 0, Avg:  0.0, Max: 0, Diff: 0, Sum: 0, Workers: 4
[2009.023s][debug][gc,phases      ] GC(225)     Total                          Min: 0, Avg:  0.0, Max: 0, Diff: 0, Sum: 0, Workers: 4
[2009.023s][debug][gc,phases      ] GC(225)   StringDedup Requests1 Weak     Min:  0.0, Avg:  0.0, Max:  0.0, Diff:  0.0, Sum:  0.0, Workers: 4
[2009.023s][debug][gc,phases      ] GC(225)     Dead                           Min: 0, Avg:  0.0, Max: 0, Diff: 0, Sum: 0, Workers: 4
[2009.023s][debug][gc,phases      ] GC(225)     Total                          Min: 0, Avg:  0.0, Max: 0, Diff: 0, Sum: 0, Workers: 4
[2009.023s][debug][gc,phases      ] GC(225)   Weak JFR Old Object Samples    Min:  0.0, Avg:  0.0, Max:  0.0, Diff:  0.0, Sum:  0.0, Workers: 4
[2009.023s][debug][gc,phases      ] GC(225)     Dead                           Min: 0, Avg:  0.0, Max: 0, Diff: 0, Sum: 0, Workers: 4
[2009.023s][debug][gc,phases      ] GC(225)     Total                          Min: 0, Avg:  0.0, Max: 0, Diff: 0, Sum: 0, Workers: 4
[2009.023s][debug][gc,phases      ] GC(225) Weak Processing 0.338ms
[2009.023s][debug][gc,age         ] GC(225) Desired survivor size 64487424 bytes, new threshold 15 (max threshold 15)
[2009.023s][info ][gc,heap        ] GC(225) PSYoungGen: 2020063K(2033664K)->49727K(2033152K) Eden: 1969664K(1969664K)->0K(1969664K) From: 50399K(64000K)->49727K(63488K)
[2009.023s][info ][gc,heap        ] GC(225) ParOldGen: 553342K(631296K)->553390K(631296K)
[2009.023s][info ][gc,metaspace   ] GC(225) Metaspace: 83634K(84544K)->83634K(84544K) NonClass: 71983K(72512K)->71983K(72512K) Class: 11650K(12032K)->11650K(12032K)
[2009.023s][info ][gc             ] GC(225) Pause Young (Allocation Failure) 2513M->588M(2602M) 16.490ms
[2009.023s][info ][gc,cpu         ] GC(225) User=0.06s Sys=0.00s Real=0.02s
[2009.023s][info ][safepoint      ] Safepoint "ParallelGCFailedAllocation", Time since last: 556847083 ns, Reaching safepoint: 111302 ns, At safepoint: 16591824 ns, Total: 16703126 ns
[2010.023s][info ][safepoint      ] Safepoint "Cleanup", Time since last: 1000096945 ns, Reaching safepoint: 60301 ns, At safepoint: 4400 ns, Total: 64701 ns
[2013.023s][info ][safepoint      ] Safepoint "Cleanup", Time since last: 3000265234 ns, Reaching safepoint: 63101 ns, At safepoint: 4200 ns, Total: 67301 ns
[2017.141s][info ][gc,start       ] GC(226) Pause Young (Allocation Failure)
[2017.157s][debug][gc,phases      ] GC(226) Scavenge 16.052ms
[2017.157s][debug][gc,ref         ] GC(226) Skipped phase 1 of Reference Processing: no references
[2017.157s][debug][gc,ref         ] GC(226) ReferenceProcessor::execute queues: 1, RefProcThreadModel::Single, marks_oops_alive: false
[2017.157s][debug][gc,ref         ] GC(226) Skipped phase 3 of Reference Processing: no references
[2017.157s][debug][gc,ref         ] GC(226) ReferenceProcessor::execute queues: 1, RefProcThreadModel::Single, marks_oops_alive: false
[2017.157s][debug][gc,phases      ] GC(226) Reference Processing 0.143ms
[2017.157s][debug][gc,phases      ] GC(226)   VM Weak                        Min:  0.0, Avg:  0.0, Max:  0.0, Diff:  0.0, Sum:  0.0, Workers: 4
[2017.157s][debug][gc,phases      ] GC(226)     Dead                           Min: 0, Avg:  0.0, Max: 0, Diff: 0, Sum: 0, Workers: 4
[2017.157s][debug][gc,phases      ] GC(226)     Total                          Min: 0, Avg: 174.2, Max: 576, Diff: 576, Sum: 697, Workers: 4
[2017.157s][debug][gc,phases      ] GC(226)   ObjectSynchronizer Weak        Min:  0.0, Avg:  0.0, Max:  0.0, Diff:  0.0, Sum:  0.0, Workers: 4
[2017.157s][debug][gc,phases      ] GC(226)     Dead                           Min: 0, Avg:  0.0, Max: 0, Diff: 0, Sum: 0, Workers: 4
[2017.157s][debug][gc,phases      ] GC(226)     Total                          Min: 0, Avg: 104.8, Max: 163, Diff: 163, Sum: 419, Workers: 4
[2017.157s][debug][gc,phases      ] GC(226)   JVMTI Tag Weak OopStorage      Min:  0.0, Avg:  0.0, Max:  0.0, Diff:  0.0, Sum:  0.0, Workers: 4
[2017.157s][debug][gc,phases      ] GC(226)     Dead                           Min: 0, Avg:  0.0, Max: 0, Diff: 0, Sum: 0, Workers: 4
[2017.157s][debug][gc,phases      ] GC(226)     Total                          Min: 0, Avg:  0.0, Max: 0, Diff: 0, Sum: 0, Workers: 4
[2017.157s][debug][gc,phases      ] GC(226)   StringTable Weak               Min:  0.1, Avg:  0.1, Max:  0.1, Diff:  0.0, Sum:  0.5, Workers: 4
[2017.157s][debug][gc,phases      ] GC(226)     Dead                           Min: 0, Avg:  0.0, Max: 0, Diff: 0, Sum: 0, Workers: 4
[2017.157s][debug][gc,phases      ] GC(226)     Total                          Min: 11026, Avg: 12036.5, Max: 13120, Diff: 2094, Sum: 48146, Workers: 4
[2017.157s][debug][gc,phases      ] GC(226)   ResolvedMethodTable Weak       Min:  0.0, Avg:  0.0, Max:  0.0, Diff:  0.0, Sum:  0.1, Workers: 4
[2017.157s][debug][gc,phases      ] GC(226)     Dead                           Min: 0, Avg:  0.0, Max: 0, Diff: 0, Sum: 0, Workers: 4
[2017.157s][debug][gc,phases      ] GC(226)     Total                          Min: 1920, Avg: 2102.0, Max: 2368, Diff: 448, Sum: 8408, Workers: 4
[2017.157s][debug][gc,phases      ] GC(226)   JNI Weak                       Min:  0.0, Avg:  0.0, Max:  0.0, Diff:  0.0, Sum:  0.0, Workers: 4
[2017.157s][debug][gc,phases      ] GC(226)     Dead                           Min: 0, Avg:  0.0, Max: 0, Diff: 0, Sum: 0, Workers: 4
[2017.157s][debug][gc,phases      ] GC(226)     Total                          Min: 0, Avg:  0.0, Max: 0, Diff: 0, Sum: 0, Workers: 4
[2017.157s][debug][gc,phases      ] GC(226)   StringDedup Table Weak         Min:  0.0, Avg:  0.0, Max:  0.0, Diff:  0.0, Sum:  0.0, Workers: 4
[2017.157s][debug][gc,phases      ] GC(226)     Dead                           Min: 0, Avg:  0.0, Max: 0, Diff: 0, Sum: 0, Workers: 4
[2017.157s][debug][gc,phases      ] GC(226)     Total                          Min: 0, Avg:  0.0, Max: 0, Diff: 0, Sum: 0, Workers: 4
[2017.157s][debug][gc,phases      ] GC(226)   StringDedup Requests0 Weak     Min:  0.0, Avg:  0.0, Max:  0.0, Diff:  0.0, Sum:  0.0, Workers: 4
[2017.157s][debug][gc,phases      ] GC(226)     Dead                           Min: 0, Avg:  0.0, Max: 0, Diff: 0, Sum: 0, Workers: 4
[2017.157s][debug][gc,phases      ] GC(226)     Total                          Min: 0, Avg:  0.0, Max: 0, Diff: 0, Sum: 0, Workers: 4
[2017.157s][debug][gc,phases      ] GC(226)   StringDedup Requests1 Weak     Min:  0.0, Avg:  0.0, Max:  0.0, Diff:  0.0, Sum:  0.0, Workers: 4
[2017.157s][debug][gc,phases      ] GC(226)     Dead                           Min: 0, Avg:  0.0, Max: 0, Diff: 0, Sum: 0, Workers: 4
[2017.157s][debug][gc,phases      ] GC(226)     Total                          Min: 0, Avg:  0.0, Max: 0, Diff: 0, Sum: 0, Workers: 4
[2017.157s][debug][gc,phases      ] GC(226)   Weak JFR Old Object Samples    Min:  0.0, Avg:  0.0, Max:  0.0, Diff:  0.0, Sum:  0.0, Workers: 4
[2017.157s][debug][gc,phases      ] GC(226)     Dead                           Min: 0, Avg:  0.0, Max: 0, Diff: 0, Sum: 0, Workers: 4
[2017.157s][debug][gc,phases      ] GC(226)     Total                          Min: 0, Avg:  0.0, Max: 0, Diff: 0, Sum: 0, Workers: 4
[2017.157s][debug][gc,phases      ] GC(226) Weak Processing 0.323ms
[2017.157s][debug][gc,age         ] GC(226) Desired survivor size 63963136 bytes, new threshold 15 (max threshold 15)
[2017.157s][info ][gc,heap        ] GC(226) PSYoungGen: 2019391K(2033152K)->53103K(2034688K) Eden: 1969664K(1969664K)->0K(1971712K) From: 49727K(63488K)->53103K(62976K)
[2017.157s][info ][gc,heap        ] GC(226) ParOldGen: 553390K(631296K)->553478K(631296K)
[2017.157s][info ][gc,metaspace   ] GC(226) Metaspace: 83645K(84544K)->83645K(84544K) NonClass: 71994K(72512K)->71994K(72512K) Class: 11650K(12032K)->11650K(12032K)
[2017.157s][info ][gc             ] GC(226) Pause Young (Allocation Failure) 2512M->592M(2603M) 16.657ms
[2017.157s][info ][gc,cpu         ] GC(226) User=0.06s Sys=0.00s Real=0.02s
[2017.157s][info ][safepoint      ] Safepoint "ParallelGCFailedAllocation", Time since last: 4117311764 ns, Reaching safepoint: 110302 ns, At safepoint: 16749527 ns, Total: 16859829 ns
[2030.158s][info ][safepoint      ] Safepoint "Cleanup", Time since last: 13000884965 ns, Reaching safepoint: 43101 ns, At safepoint: 2800 ns, Total: 45901 ns
[2042.159s][info ][safepoint      ] Safepoint "Cleanup", Time since last: 12000833435 ns, Reaching safepoint: 55201 ns, At safepoint: 31301 ns, Total: 86502 ns
[2045.160s][info ][safepoint      ] Safepoint "Cleanup", Time since last: 3000232875 ns, Reaching safepoint: 48501 ns, At safepoint: 4300 ns, Total: 52801 ns
[2050.160s][info ][safepoint      ] Safepoint "Cleanup", Time since last: 5000373185 ns, Reaching safepoint: 47501 ns, At safepoint: 2900 ns, Total: 50401 ns
[2054.208s][info ][gc,start       ] GC(227) Pause Young (Allocation Failure)
[2054.224s][debug][gc,phases      ] GC(227) Scavenge 15.482ms
[2054.224s][debug][gc,ref         ] GC(227) Skipped phase 1 of Reference Processing: no references
[2054.224s][debug][gc,ref         ] GC(227) ReferenceProcessor::execute queues: 1, RefProcThreadModel::Single, marks_oops_alive: false
[2054.224s][debug][gc,ref         ] GC(227) Skipped phase 3 of Reference Processing: no references
[2054.224s][debug][gc,ref         ] GC(227) ReferenceProcessor::execute queues: 1, RefProcThreadModel::Single, marks_oops_alive: false
[2054.224s][debug][gc,phases      ] GC(227) Reference Processing 0.131ms
[2054.224s][debug][gc,phases      ] GC(227)   VM Weak                        Min:  0.0, Avg:  0.0, Max:  0.0, Diff:  0.0, Sum:  0.0, Workers: 4
[2054.224s][debug][gc,phases      ] GC(227)     Dead                           Min: 0, Avg:  0.0, Max: 0, Diff: 0, Sum: 0, Workers: 4
[2054.224s][debug][gc,phases      ] GC(227)     Total                          Min: 0, Avg: 174.2, Max: 633, Diff: 633, Sum: 697, Workers: 4
[2054.224s][debug][gc,phases      ] GC(227)   ObjectSynchronizer Weak        Min:  0.0, Avg:  0.0, Max:  0.0, Diff:  0.0, Sum:  0.0, Workers: 4
[2054.224s][debug][gc,phases      ] GC(227)     Dead                           Min: 0, Avg:  0.0, Max: 0, Diff: 0, Sum: 0, Workers: 4
[2054.224s][debug][gc,phases      ] GC(227)     Total                          Min: 0, Avg: 104.8, Max: 192, Diff: 192, Sum: 419, Workers: 4
[2054.224s][debug][gc,phases      ] GC(227)   JVMTI Tag Weak OopStorage      Min:  0.0, Avg:  0.0, Max:  0.0, Diff:  0.0, Sum:  0.0, Workers: 4
[2054.224s][debug][gc,phases      ] GC(227)     Dead                           Min: 0, Avg:  0.0, Max: 0, Diff: 0, Sum: 0, Workers: 4
[2054.224s][debug][gc,phases      ] GC(227)     Total                          Min: 0, Avg:  0.0, Max: 0, Diff: 0, Sum: 0, Workers: 4
[2054.224s][debug][gc,phases      ] GC(227)   StringTable Weak               Min:  0.1, Avg:  0.1, Max:  0.1, Diff:  0.0, Sum:  0.5, Workers: 4
[2054.224s][debug][gc,phases      ] GC(227)     Dead                           Min: 0, Avg:  0.0, Max: 0, Diff: 0, Sum: 0, Workers: 4
[2054.224s][debug][gc,phases      ] GC(227)     Total                          Min: 11456, Avg: 12036.5, Max: 12690, Diff: 1234, Sum: 48146, Workers: 4
[2054.224s][debug][gc,phases      ] GC(227)   ResolvedMethodTable Weak       Min:  0.0, Avg:  0.0, Max:  0.0, Diff:  0.0, Sum:  0.1, Workers: 4
[2054.224s][debug][gc,phases      ] GC(227)     Dead                           Min: 0, Avg:  0.0, Max: 0, Diff: 0, Sum: 0, Workers: 4
[2054.224s][debug][gc,phases      ] GC(227)     Total                          Min: 2008, Avg: 2102.0, Max: 2176, Diff: 168, Sum: 8408, Workers: 4
[2054.224s][debug][gc,phases      ] GC(227)   JNI Weak                       Min:  0.0, Avg:  0.0, Max:  0.0, Diff:  0.0, Sum:  0.0, Workers: 4
[2054.224s][debug][gc,phases      ] GC(227)     Dead                           Min: 0, Avg:  0.0, Max: 0, Diff: 0, Sum: 0, Workers: 4
[2054.224s][debug][gc,phases      ] GC(227)     Total                          Min: 0, Avg:  0.0, Max: 0, Diff: 0, Sum: 0, Workers: 4
[2054.224s][debug][gc,phases      ] GC(227)   StringDedup Table Weak         Min:  0.0, Avg:  0.0, Max:  0.0, Diff:  0.0, Sum:  0.0, Workers: 4
[2054.224s][debug][gc,phases      ] GC(227)     Dead                           Min: 0, Avg:  0.0, Max: 0, Diff: 0, Sum: 0, Workers: 4
[2054.224s][debug][gc,phases      ] GC(227)     Total                          Min: 0, Avg:  0.0, Max: 0, Diff: 0, Sum: 0, Workers: 4
[2054.224s][debug][gc,phases      ] GC(227)   StringDedup Requests0 Weak     Min:  0.0, Avg:  0.0, Max:  0.0, Diff:  0.0, Sum:  0.0, Workers: 4
[2054.224s][debug][gc,phases      ] GC(227)     Dead                           Min: 0, Avg:  0.0, Max: 0, Diff: 0, Sum: 0, Workers: 4
[2054.224s][debug][gc,phases      ] GC(227)     Total                          Min: 0, Avg:  0.0, Max: 0, Diff: 0, Sum: 0, Workers: 4
[2054.224s][debug][gc,phases      ] GC(227)   StringDedup Requests1 Weak     Min:  0.0, Avg:  0.0, Max:  0.0, Diff:  0.0, Sum:  0.0, Workers: 4
[2054.224s][debug][gc,phases      ] GC(227)     Dead                           Min: 0, Avg:  0.0, Max: 0, Diff: 0, Sum: 0, Workers: 4
[2054.224s][debug][gc,phases      ] GC(227)     Total                          Min: 0, Avg:  0.0, Max: 0, Diff: 0, Sum: 0, Workers: 4
[2054.224s][debug][gc,phases      ] GC(227)   Weak JFR Old Object Samples    Min:  0.0, Avg:  0.0, Max:  0.0, Diff:  0.0, Sum:  0.0, Workers: 4
[2054.224s][debug][gc,phases      ] GC(227)     Dead                           Min: 0, Avg:  0.0, Max: 0, Diff: 0, Sum: 0, Workers: 4
[2054.224s][debug][gc,phases      ] GC(227)     Total                          Min: 0, Avg:  0.0, Max: 0, Diff: 0, Sum: 0, Workers: 4
[2054.224s][debug][gc,phases      ] GC(227) Weak Processing 0.360ms
[2054.224s][debug][gc,age         ] GC(227) Desired survivor size 62914560 bytes, new threshold 15 (max threshold 15)
[2054.224s][info ][gc,heap        ] GC(227) PSYoungGen: 2024815K(2034688K)->52847K(2034176K) Eden: 1971712K(1971712K)->0K(1971712K) From: 53103K(62976K)->52847K(62464K)
[2054.224s][info ][gc,heap        ] GC(227) ParOldGen: 553478K(631296K)->553942K(631296K)
[2054.224s][info ][gc,metaspace   ] GC(227) Metaspace: 83646K(84544K)->83646K(84544K) NonClass: 71995K(72512K)->71995K(72512K) Class: 11650K(12032K)->11650K(12032K)
[2054.224s][info ][gc             ] GC(227) Pause Young (Allocation Failure) 2517M->592M(2603M) 16.107ms
[2054.224s][info ][gc,cpu         ] GC(227) User=0.06s Sys=0.00s Real=0.02s
[2054.224s][info ][safepoint      ] Safepoint "ParallelGCFailedAllocation", Time since last: 4048182067 ns, Reaching safepoint: 40701 ns, At safepoint: 16192820 ns, Total: 16233521 ns
[2061.225s][info ][safepoint      ] Safepoint "Cleanup", Time since last: 7000524672 ns, Reaching safepoint: 55702 ns, At safepoint: 7000 ns, Total: 62702 ns
[2062.225s][info ][safepoint      ] Safepoint "Cleanup", Time since last: 1000075851 ns, Reaching safepoint: 59502 ns, At safepoint: 10400 ns, Total: 69902 ns
[2063.225s][info ][safepoint      ] Safepoint "Cleanup", Time since last: 1000119152 ns, Reaching safepoint: 56701 ns, At safepoint: 5900 ns, Total: 62601 ns
[2074.226s][info ][safepoint      ] Safepoint "Cleanup", Time since last: 11000763940 ns, Reaching safepoint: 47601 ns, At safepoint: 8200 ns, Total: 55801 ns
[2075.226s][info ][safepoint      ] Safepoint "Cleanup", Time since last: 1000116248 ns, Reaching safepoint: 45901 ns, At safepoint: 2600 ns, Total: 48501 ns
[2080.227s][info ][safepoint      ] Safepoint "Cleanup", Time since last: 5000377630 ns, Reaching safepoint: 52601 ns, At safepoint: 3500 ns, Total: 56101 ns
[2088.227s][info ][safepoint      ] Safepoint "Cleanup", Time since last: 8000568949 ns, Reaching safepoint: 57101 ns, At safepoint: 9900 ns, Total: 67001 ns
[2131.231s][info ][safepoint      ] Safepoint "Cleanup", Time since last: 43003087302 ns, Reaching safepoint: 119303 ns, At safepoint: 19800 ns, Total: 139103 ns
[2150.232s][info ][safepoint      ] Safepoint "Cleanup", Time since last: 19001194169 ns, Reaching safepoint: 45401 ns, At safepoint: 2400 ns, Total: 47801 ns
[2153.232s][info ][safepoint      ] Safepoint "Cleanup", Time since last: 3000191964 ns, Reaching safepoint: 49801 ns, At safepoint: 5800 ns, Total: 55601 ns
[2154.232s][info ][safepoint      ] Safepoint "Cleanup", Time since last: 1000081721 ns, Reaching safepoint: 62101 ns, At safepoint: 7500 ns, Total: 69601 ns
[2162.233s][info ][safepoint      ] Safepoint "Cleanup", Time since last: 8000457853 ns, Reaching safepoint: 51101 ns, At safepoint: 2600 ns, Total: 53701 ns
[2163.233s][info ][safepoint      ] Safepoint "Cleanup", Time since last: 1000105419 ns, Reaching safepoint: 46601 ns, At safepoint: 4200 ns, Total: 50801 ns
[2170.729s][info ][gc,start       ] GC(228) Pause Young (Allocation Failure)
[2170.745s][debug][gc,phases      ] GC(228) Scavenge 16.200ms
[2170.745s][debug][gc,ref         ] GC(228) Skipped phase 1 of Reference Processing: no references
[2170.745s][debug][gc,ref         ] GC(228) ReferenceProcessor::execute queues: 1, RefProcThreadModel::Single, marks_oops_alive: false
[2170.745s][debug][gc,ref         ] GC(228) Skipped phase 3 of Reference Processing: no references
[2170.745s][debug][gc,ref         ] GC(228) ReferenceProcessor::execute queues: 1, RefProcThreadModel::Single, marks_oops_alive: false
[2170.745s][debug][gc,phases      ] GC(228) Reference Processing 0.122ms
[2170.745s][debug][gc,phases      ] GC(228)   VM Weak                        Min:  0.0, Avg:  0.0, Max:  0.0, Diff:  0.0, Sum:  0.0, Workers: 4
[2170.745s][debug][gc,phases      ] GC(228)     Dead                           Min: 0, Avg:  0.0, Max: 0, Diff: 0, Sum: 0, Workers: 4
[2170.745s][debug][gc,phases      ] GC(228)     Total                          Min: 0, Avg: 174.2, Max: 697, Diff: 697, Sum: 697, Workers: 4
[2170.745s][debug][gc,phases      ] GC(228)   ObjectSynchronizer Weak        Min:  0.0, Avg:  0.0, Max:  0.0, Diff:  0.0, Sum:  0.0, Workers: 4
[2170.745s][debug][gc,phases      ] GC(228)     Dead                           Min: 0, Avg:  0.0, Max: 0, Diff: 0, Sum: 0, Workers: 4
[2170.745s][debug][gc,phases      ] GC(228)     Total                          Min: 0, Avg: 104.8, Max: 320, Diff: 320, Sum: 419, Workers: 4
[2170.745s][debug][gc,phases      ] GC(228)   JVMTI Tag Weak OopStorage      Min:  0.0, Avg:  0.0, Max:  0.0, Diff:  0.0, Sum:  0.0, Workers: 4
[2170.745s][debug][gc,phases      ] GC(228)     Dead                           Min: 0, Avg:  0.0, Max: 0, Diff: 0, Sum: 0, Workers: 4
[2170.745s][debug][gc,phases      ] GC(228)     Total                          Min: 0, Avg:  0.0, Max: 0, Diff: 0, Sum: 0, Workers: 4
[2170.745s][debug][gc,phases      ] GC(228)   StringTable Weak               Min:  0.1, Avg:  0.1, Max:  0.1, Diff:  0.0, Sum:  0.5, Workers: 4
[2170.745s][debug][gc,phases      ] GC(228)     Dead                           Min: 0, Avg:  0.0, Max: 0, Diff: 0, Sum: 0, Workers: 4
[2170.745s][debug][gc,phases      ] GC(228)     Total                          Min: 10624, Avg: 12038.2, Max: 12736, Diff: 2112, Sum: 48153, Workers: 4
[2170.745s][debug][gc,phases      ] GC(228)   ResolvedMethodTable Weak       Min:  0.0, Avg:  0.0, Max:  0.0, Diff:  0.0, Sum:  0.1, Workers: 4
[2170.745s][debug][gc,phases      ] GC(228)     Dead                           Min: 0, Avg:  0.0, Max: 0, Diff: 0, Sum: 0, Workers: 4
[2170.745s][debug][gc,phases      ] GC(228)     Total                          Min: 2048, Avg: 2102.0, Max: 2176, Diff: 128, Sum: 8408, Workers: 4
[2170.745s][debug][gc,phases      ] GC(228)   JNI Weak                       Min:  0.0, Avg:  0.0, Max:  0.0, Diff:  0.0, Sum:  0.0, Workers: 4
[2170.745s][debug][gc,phases      ] GC(228)     Dead                           Min: 0, Avg:  0.0, Max: 0, Diff: 0, Sum: 0, Workers: 4
[2170.745s][debug][gc,phases      ] GC(228)     Total                          Min: 0, Avg:  0.0, Max: 0, Diff: 0, Sum: 0, Workers: 4
[2170.745s][debug][gc,phases      ] GC(228)   StringDedup Table Weak         Min:  0.0, Avg:  0.0, Max:  0.0, Diff:  0.0, Sum:  0.0, Workers: 4
[2170.745s][debug][gc,phases      ] GC(228)     Dead                           Min: 0, Avg:  0.0, Max: 0, Diff: 0, Sum: 0, Workers: 4
[2170.745s][debug][gc,phases      ] GC(228)     Total                          Min: 0, Avg:  0.0, Max: 0, Diff: 0, Sum: 0, Workers: 4
[2170.745s][debug][gc,phases      ] GC(228)   StringDedup Requests0 Weak     Min:  0.0, Avg:  0.0, Max:  0.0, Diff:  0.0, Sum:  0.0, Workers: 4
[2170.745s][debug][gc,phases      ] GC(228)     Dead                           Min: 0, Avg:  0.0, Max: 0, Diff: 0, Sum: 0, Workers: 4
[2170.745s][debug][gc,phases      ] GC(228)     Total                          Min: 0, Avg:  0.0, Max: 0, Diff: 0, Sum: 0, Workers: 4
[2170.745s][debug][gc,phases      ] GC(228)   StringDedup Requests1 Weak     Min:  0.0, Avg:  0.0, Max:  0.0, Diff:  0.0, Sum:  0.0, Workers: 4
[2170.745s][debug][gc,phases      ] GC(228)     Dead                           Min: 0, Avg:  0.0, Max: 0, Diff: 0, Sum: 0, Workers: 4
[2170.745s][debug][gc,phases      ] GC(228)     Total                          Min: 0, Avg:  0.0, Max: 0, Diff: 0, Sum: 0, Workers: 4
[2170.745s][debug][gc,phases      ] GC(228)   Weak JFR Old Object Samples    Min:  0.0, Avg:  0.0, Max:  0.0, Diff:  0.0, Sum:  0.0, Workers: 4
[2170.745s][debug][gc,phases      ] GC(228)     Dead                           Min: 0, Avg:  0.0, Max: 0, Diff: 0, Sum: 0, Workers: 4
[2170.745s][debug][gc,phases      ] GC(228)     Total                          Min: 0, Avg:  0.0, Max: 0, Diff: 0, Sum: 0, Workers: 4
[2170.745s][debug][gc,phases      ] GC(228) Weak Processing 0.352ms
[2170.745s][debug][gc,age         ] GC(228) Desired survivor size 65011712 bytes, new threshold 15 (max threshold 15)
[2170.745s][info ][gc,heap        ] GC(228) PSYoungGen: 2024559K(2034176K)->60879K(2031616K) Eden: 1971712K(1971712K)->0K(1970176K) From: 52847K(62464K)->60879K(61440K)
[2170.745s][info ][gc,heap        ] GC(228) ParOldGen: 553942K(631296K)->553950K(631296K)
[2170.745s][info ][gc,metaspace   ] GC(228) Metaspace: 83661K(84544K)->83661K(84544K) NonClass: 72010K(72512K)->72010K(72512K) Class: 11650K(12032K)->11650K(12032K)
[2170.745s][info ][gc             ] GC(228) Pause Young (Allocation Failure) 2518M->600M(2600M) 16.817ms
[2170.745s][info ][gc,cpu         ] GC(228) User=0.06s Sys=0.00s Real=0.02s
[2170.745s][info ][safepoint      ] Safepoint "ParallelGCFailedAllocation", Time since last: 7495633179 ns, Reaching safepoint: 88402 ns, At safepoint: 16907633 ns, Total: 16996035 ns
[2172.746s][info ][safepoint      ] Safepoint "Cleanup", Time since last: 2000146931 ns, Reaching safepoint: 46401 ns, At safepoint: 2500 ns, Total: 48901 ns
[2197.008s][info ][gc,start       ] GC(229) Pause Young (Allocation Failure)
[2197.025s][debug][gc,phases      ] GC(229) Scavenge 16.508ms
[2197.025s][debug][gc,ref         ] GC(229) Skipped phase 1 of Reference Processing: no references
[2197.025s][debug][gc,ref         ] GC(229) ReferenceProcessor::execute queues: 1, RefProcThreadModel::Single, marks_oops_alive: false
[2197.025s][debug][gc,ref         ] GC(229) Skipped phase 3 of Reference Processing: no references
[2197.025s][debug][gc,ref         ] GC(229) ReferenceProcessor::execute queues: 1, RefProcThreadModel::Single, marks_oops_alive: false
[2197.025s][debug][gc,phases      ] GC(229) Reference Processing 0.144ms
[2197.025s][debug][gc,phases      ] GC(229)   VM Weak                        Min:  0.0, Avg:  0.0, Max:  0.0, Diff:  0.0, Sum:  0.0, Workers: 4
[2197.025s][debug][gc,phases      ] GC(229)     Dead                           Min: 0, Avg:  0.0, Max: 0, Diff: 0, Sum: 0, Workers: 4
[2197.025s][debug][gc,phases      ] GC(229)     Total                          Min: 0, Avg: 174.2, Max: 576, Diff: 576, Sum: 697, Workers: 4
[2197.025s][debug][gc,phases      ] GC(229)   ObjectSynchronizer Weak        Min:  0.0, Avg:  0.0, Max:  0.0, Diff:  0.0, Sum:  0.0, Workers: 4
[2197.025s][debug][gc,phases      ] GC(229)     Dead                           Min: 0, Avg:  0.0, Max: 0, Diff: 0, Sum: 0, Workers: 4
[2197.025s][debug][gc,phases      ] GC(229)     Total                          Min: 0, Avg: 104.8, Max: 192, Diff: 192, Sum: 419, Workers: 4
[2197.025s][debug][gc,phases      ] GC(229)   JVMTI Tag Weak OopStorage      Min:  0.0, Avg:  0.0, Max:  0.0, Diff:  0.0, Sum:  0.0, Workers: 4
[2197.025s][debug][gc,phases      ] GC(229)     Dead                           Min: 0, Avg:  0.0, Max: 0, Diff: 0, Sum: 0, Workers: 4
[2197.025s][debug][gc,phases      ] GC(229)     Total                          Min: 0, Avg:  0.0, Max: 0, Diff: 0, Sum: 0, Workers: 4
[2197.025s][debug][gc,phases      ] GC(229)   StringTable Weak               Min:  0.1, Avg:  0.1, Max:  0.1, Diff:  0.0, Sum:  0.4, Workers: 4
[2197.025s][debug][gc,phases      ] GC(229)     Dead                           Min: 0, Avg:  0.0, Max: 0, Diff: 0, Sum: 0, Workers: 4
[2197.025s][debug][gc,phases      ] GC(229)     Total                          Min: 11328, Avg: 12038.2, Max: 12825, Diff: 1497, Sum: 48153, Workers: 4
[2197.025s][debug][gc,phases      ] GC(229)   ResolvedMethodTable Weak       Min:  0.0, Avg:  0.0, Max:  0.0, Diff:  0.0, Sum:  0.1, Workers: 4
[2197.025s][debug][gc,phases      ] GC(229)     Dead                           Min: 0, Avg:  0.0, Max: 0, Diff: 0, Sum: 0, Workers: 4
[2197.025s][debug][gc,phases      ] GC(229)     Total                          Min: 1984, Avg: 2102.0, Max: 2176, Diff: 192, Sum: 8408, Workers: 4
[2197.025s][debug][gc,phases      ] GC(229)   JNI Weak                       Min:  0.0, Avg:  0.0, Max:  0.0, Diff:  0.0, Sum:  0.0, Workers: 4
[2197.025s][debug][gc,phases      ] GC(229)     Dead                           Min: 0, Avg:  0.0, Max: 0, Diff: 0, Sum: 0, Workers: 4
[2197.025s][debug][gc,phases      ] GC(229)     Total                          Min: 0, Avg:  0.0, Max: 0, Diff: 0, Sum: 0, Workers: 4
[2197.025s][debug][gc,phases      ] GC(229)   StringDedup Table Weak         Min:  0.0, Avg:  0.0, Max:  0.0, Diff:  0.0, Sum:  0.0, Workers: 4
[2197.025s][debug][gc,phases      ] GC(229)     Dead                           Min: 0, Avg:  0.0, Max: 0, Diff: 0, Sum: 0, Workers: 4
[2197.025s][debug][gc,phases      ] GC(229)     Total                          Min: 0, Avg:  0.0, Max: 0, Diff: 0, Sum: 0, Workers: 4
[2197.025s][debug][gc,phases      ] GC(229)   StringDedup Requests0 Weak     Min:  0.0, Avg:  0.0, Max:  0.0, Diff:  0.0, Sum:  0.0, Workers: 4
[2197.025s][debug][gc,phases      ] GC(229)     Dead                           Min: 0, Avg:  0.0, Max: 0, Diff: 0, Sum: 0, Workers: 4
[2197.025s][debug][gc,phases      ] GC(229)     Total                          Min: 0, Avg:  0.0, Max: 0, Diff: 0, Sum: 0, Workers: 4
[2197.025s][debug][gc,phases      ] GC(229)   StringDedup Requests1 Weak     Min:  0.0, Avg:  0.0, Max:  0.0, Diff:  0.0, Sum:  0.0, Workers: 4
[2197.025s][debug][gc,phases      ] GC(229)     Dead                           Min: 0, Avg:  0.0, Max: 0, Diff: 0, Sum: 0, Workers: 4
[2197.025s][debug][gc,phases      ] GC(229)     Total                          Min: 0, Avg:  0.0, Max: 0, Diff: 0, Sum: 0, Workers: 4
[2197.025s][debug][gc,phases      ] GC(229)   Weak JFR Old Object Samples    Min:  0.0, Avg:  0.0, Max:  0.0, Diff:  0.0, Sum:  0.0, Workers: 4
[2197.025s][debug][gc,phases      ] GC(229)     Dead                           Min: 0, Avg:  0.0, Max: 0, Diff: 0, Sum: 0, Workers: 4
[2197.025s][debug][gc,phases      ] GC(229)     Total                          Min: 0, Avg:  0.0, Max: 0, Diff: 0, Sum: 0, Workers: 4
[2197.025s][debug][gc,phases      ] GC(229) Weak Processing 0.332ms
[2197.025s][debug][gc,age         ] GC(229) Desired survivor size 65536000 bytes, new threshold 15 (max threshold 15)
[2197.025s][info ][gc,heap        ] GC(229) PSYoungGen: 2031055K(2031616K)->45167K(2015744K) Eden: 1970176K(1970176K)->0K(1970176K) From: 60879K(61440K)->45167K(45568K)
[2197.025s][info ][gc,heap        ] GC(229) ParOldGen: 553950K(631296K)->553982K(631296K)
[2197.025s][info ][gc,metaspace   ] GC(229) Metaspace: 83664K(84544K)->83664K(84544K) NonClass: 72014K(72512K)->72014K(72512K) Class: 11650K(12032K)->11650K(12032K)
[2197.025s][info ][gc             ] GC(229) Pause Young (Allocation Failure) 2524M->585M(2585M) 17.111ms
[2197.025s][info ][gc,cpu         ] GC(229) User=0.06s Sys=0.00s Real=0.02s
[2197.025s][info ][safepoint      ] Safepoint "ParallelGCFailedAllocation", Time since last: 24262225712 ns, Reaching safepoint: 28601 ns, At safepoint: 17198639 ns, Total: 17227240 ns
[2205.026s][info ][safepoint      ] Safepoint "Cleanup", Time since last: 8000536855 ns, Reaching safepoint: 111202 ns, At safepoint: 10900 ns, Total: 122102 ns
[2222.027s][info ][safepoint      ] Safepoint "Cleanup", Time since last: 17001093057 ns, Reaching safepoint: 43501 ns, At safepoint: 3000 ns, Total: 46501 ns
[2238.908s][info ][gc,start       ] GC(230) Pause Young (Allocation Failure)
[2238.925s][debug][gc,phases      ] GC(230) Scavenge 16.962ms
[2238.925s][debug][gc,ref         ] GC(230) Skipped phase 1 of Reference Processing: no references
[2238.925s][debug][gc,ref         ] GC(230) ReferenceProcessor::execute queues: 1, RefProcThreadModel::Single, marks_oops_alive: false
[2238.925s][debug][gc,ref         ] GC(230) Skipped phase 3 of Reference Processing: no references
[2238.925s][debug][gc,ref         ] GC(230) ReferenceProcessor::execute queues: 1, RefProcThreadModel::Single, marks_oops_alive: false
[2238.925s][debug][gc,phases      ] GC(230) Reference Processing 0.158ms
[2238.926s][debug][gc,phases      ] GC(230)   VM Weak                        Min:  0.0, Avg:  0.0, Max:  0.0, Diff:  0.0, Sum:  0.0, Workers: 4
[2238.926s][debug][gc,phases      ] GC(230)     Dead                           Min: 0, Avg:  0.0, Max: 0, Diff: 0, Sum: 0, Workers: 4
[2238.926s][debug][gc,phases      ] GC(230)     Total                          Min: 0, Avg: 174.2, Max: 576, Diff: 576, Sum: 697, Workers: 4
[2238.926s][debug][gc,phases      ] GC(230)   ObjectSynchronizer Weak        Min:  0.0, Avg:  0.0, Max:  0.0, Diff:  0.0, Sum:  0.0, Workers: 4
[2238.926s][debug][gc,phases      ] GC(230)     Dead                           Min: 0, Avg:  0.0, Max: 0, Diff: 0, Sum: 0, Workers: 4
[2238.926s][debug][gc,phases      ] GC(230)     Total                          Min: 0, Avg: 104.8, Max: 227, Diff: 227, Sum: 419, Workers: 4
[2238.926s][debug][gc,phases      ] GC(230)   JVMTI Tag Weak OopStorage      Min:  0.0, Avg:  0.0, Max:  0.0, Diff:  0.0, Sum:  0.0, Workers: 4
[2238.926s][debug][gc,phases      ] GC(230)     Dead                           Min: 0, Avg:  0.0, Max: 0, Diff: 0, Sum: 0, Workers: 4
[2238.926s][debug][gc,phases      ] GC(230)     Total                          Min: 0, Avg:  0.0, Max: 0, Diff: 0, Sum: 0, Workers: 4
[2238.926s][debug][gc,phases      ] GC(230)   StringTable Weak               Min:  0.1, Avg:  0.1, Max:  0.1, Diff:  0.0, Sum:  0.5, Workers: 4
[2238.926s][debug][gc,phases      ] GC(230)     Dead                           Min: 0, Avg:  0.0, Max: 0, Diff: 0, Sum: 0, Workers: 4
[2238.926s][debug][gc,phases      ] GC(230)     Total                          Min: 11456, Avg: 12040.0, Max: 12608, Diff: 1152, Sum: 48160, Workers: 4
[2238.926s][debug][gc,phases      ] GC(230)   ResolvedMethodTable Weak       Min:  0.0, Avg:  0.0, Max:  0.0, Diff:  0.0, Sum:  0.1, Workers: 4
[2238.926s][debug][gc,phases      ] GC(230)     Dead                           Min: 0, Avg:  0.0, Max: 0, Diff: 0, Sum: 0, Workers: 4
[2238.926s][debug][gc,phases      ] GC(230)     Total                          Min: 1984, Avg: 2102.0, Max: 2240, Diff: 256, Sum: 8408, Workers: 4
[2238.926s][debug][gc,phases      ] GC(230)   JNI Weak                       Min:  0.0, Avg:  0.0, Max:  0.0, Diff:  0.0, Sum:  0.0, Workers: 4
[2238.926s][debug][gc,phases      ] GC(230)     Dead                           Min: 0, Avg:  0.0, Max: 0, Diff: 0, Sum: 0, Workers: 4
[2238.926s][debug][gc,phases      ] GC(230)     Total                          Min: 0, Avg:  0.0, Max: 0, Diff: 0, Sum: 0, Workers: 4
[2238.926s][debug][gc,phases      ] GC(230)   StringDedup Table Weak         Min:  0.0, Avg:  0.0, Max:  0.0, Diff:  0.0, Sum:  0.0, Workers: 4
[2238.926s][debug][gc,phases      ] GC(230)     Dead                           Min: 0, Avg:  0.0, Max: 0, Diff: 0, Sum: 0, Workers: 4
[2238.926s][debug][gc,phases      ] GC(230)     Total                          Min: 0, Avg:  0.0, Max: 0, Diff: 0, Sum: 0, Workers: 4
[2238.926s][debug][gc,phases      ] GC(230)   StringDedup Requests0 Weak     Min:  0.0, Avg:  0.0, Max:  0.0, Diff:  0.0, Sum:  0.0, Workers: 4
[2238.926s][debug][gc,phases      ] GC(230)     Dead                           Min: 0, Avg:  0.0, Max: 0, Diff: 0, Sum: 0, Workers: 4
[2238.926s][debug][gc,phases      ] GC(230)     Total                          Min: 0, Avg:  0.0, Max: 0, Diff: 0, Sum: 0, Workers: 4
[2238.926s][debug][gc,phases      ] GC(230)   StringDedup Requests1 Weak     Min:  0.0, Avg:  0.0, Max:  0.0, Diff:  0.0, Sum:  0.0, Workers: 4
[2238.926s][debug][gc,phases      ] GC(230)     Dead                           Min: 0, Avg:  0.0, Max: 0, Diff: 0, Sum: 0, Workers: 4
[2238.926s][debug][gc,phases      ] GC(230)     Total                          Min: 0, Avg:  0.0, Max: 0, Diff: 0, Sum: 0, Workers: 4
[2238.926s][debug][gc,phases      ] GC(230)   Weak JFR Old Object Samples    Min:  0.0, Avg:  0.0, Max:  0.0, Diff:  0.0, Sum:  0.0, Workers: 4
[2238.926s][debug][gc,phases      ] GC(230)     Dead                           Min: 0, Avg:  0.0, Max: 0, Diff: 0, Sum: 0, Workers: 4
[2238.926s][debug][gc,phases      ] GC(230)     Total                          Min: 0, Avg:  0.0, Max: 0, Diff: 0, Sum: 0, Workers: 4
[2238.926s][debug][gc,phases      ] GC(230) Weak Processing 0.383ms
[2238.926s][debug][gc,age         ] GC(230) Desired survivor size 66060288 bytes, new threshold 15 (max threshold 15)
[2238.926s][info ][gc,heap        ] GC(230) PSYoungGen: 2015343K(2015744K)->42927K(2032128K) Eden: 1970176K(1970176K)->0K(1968128K) From: 45167K(45568K)->42927K(64000K)
[2238.926s][info ][gc,heap        ] GC(230) ParOldGen: 553982K(631296K)->554582K(631296K)
[2238.926s][info ][gc,metaspace   ] GC(230) Metaspace: 83673K(84544K)->83673K(84544K) NonClass: 72022K(72512K)->72022K(72512K) Class: 11650K(12032K)->11650K(12032K)
[2238.926s][info ][gc             ] GC(230) Pause Young (Allocation Failure) 2509M->583M(2601M) 17.651ms
[2238.926s][info ][gc,cpu         ] GC(230) User=0.07s Sys=0.00s Real=0.02s
[2238.926s][info ][safepoint      ] Safepoint "ParallelGCFailedAllocation", Time since last: 16881046716 ns, Reaching safepoint: 103502 ns, At safepoint: 17741849 ns, Total: 17845351 ns
[2249.927s][info ][safepoint      ] Safepoint "Cleanup", Time since last: 11000697847 ns, Reaching safepoint: 61701 ns, At safepoint: 7000 ns, Total: 68701 ns
[2260.872s][info ][gc,start       ] GC(231) Pause Young (Allocation Failure)
[2260.890s][debug][gc,phases      ] GC(231) Scavenge 17.559ms
[2260.890s][debug][gc,ref         ] GC(231) Skipped phase 1 of Reference Processing: no references
[2260.890s][debug][gc,ref         ] GC(231) ReferenceProcessor::execute queues: 1, RefProcThreadModel::Single, marks_oops_alive: false
[2260.890s][debug][gc,ref         ] GC(231) Skipped phase 3 of Reference Processing: no references
[2260.890s][debug][gc,ref         ] GC(231) ReferenceProcessor::execute queues: 1, RefProcThreadModel::Single, marks_oops_alive: false
[2260.890s][debug][gc,phases      ] GC(231) Reference Processing 0.119ms
[2260.890s][debug][gc,phases      ] GC(231)   VM Weak                        Min:  0.0, Avg:  0.0, Max:  0.0, Diff:  0.0, Sum:  0.0, Workers: 4
[2260.890s][debug][gc,phases      ] GC(231)     Dead                           Min: 0, Avg:  0.0, Max: 0, Diff: 0, Sum: 0, Workers: 4
[2260.890s][debug][gc,phases      ] GC(231)     Total                          Min: 0, Avg: 174.2, Max: 633, Diff: 633, Sum: 697, Workers: 4
[2260.890s][debug][gc,phases      ] GC(231)   ObjectSynchronizer Weak        Min:  0.0, Avg:  0.0, Max:  0.0, Diff:  0.0, Sum:  0.0, Workers: 4
[2260.890s][debug][gc,phases      ] GC(231)     Dead                           Min: 0, Avg:  0.0, Max: 0, Diff: 0, Sum: 0, Workers: 4
[2260.890s][debug][gc,phases      ] GC(231)     Total                          Min: 0, Avg: 104.8, Max: 192, Diff: 192, Sum: 419, Workers: 4
[2260.890s][debug][gc,phases      ] GC(231)   JVMTI Tag Weak OopStorage      Min:  0.0, Avg:  0.0, Max:  0.0, Diff:  0.0, Sum:  0.0, Workers: 4
[2260.890s][debug][gc,phases      ] GC(231)     Dead                           Min: 0, Avg:  0.0, Max: 0, Diff: 0, Sum: 0, Workers: 4
[2260.890s][debug][gc,phases      ] GC(231)     Total                          Min: 0, Avg:  0.0, Max: 0, Diff: 0, Sum: 0, Workers: 4
[2260.890s][debug][gc,phases      ] GC(231)   StringTable Weak               Min:  0.1, Avg:  0.1, Max:  0.1, Diff:  0.0, Sum:  0.5, Workers: 4
[2260.890s][debug][gc,phases      ] GC(231)     Dead                           Min: 0, Avg:  0.0, Max: 0, Diff: 0, Sum: 0, Workers: 4
[2260.890s][debug][gc,phases      ] GC(231)     Total                          Min: 10816, Avg: 12040.0, Max: 13472, Diff: 2656, Sum: 48160, Workers: 4
[2260.890s][debug][gc,phases      ] GC(231)   ResolvedMethodTable Weak       Min:  0.0, Avg:  0.0, Max:  0.0, Diff:  0.0, Sum:  0.1, Workers: 4
[2260.890s][debug][gc,phases      ] GC(231)     Dead                           Min: 0, Avg:  0.0, Max: 0, Diff: 0, Sum: 0, Workers: 4
[2260.890s][debug][gc,phases      ] GC(231)     Total                          Min: 2048, Avg: 2102.0, Max: 2136, Diff: 88, Sum: 8408, Workers: 4
[2260.890s][debug][gc,phases      ] GC(231)   JNI Weak                       Min:  0.0, Avg:  0.0, Max:  0.0, Diff:  0.0, Sum:  0.0, Workers: 4
[2260.890s][debug][gc,phases      ] GC(231)     Dead                           Min: 0, Avg:  0.0, Max: 0, Diff: 0, Sum: 0, Workers: 4
[2260.890s][debug][gc,phases      ] GC(231)     Total                          Min: 0, Avg:  0.0, Max: 0, Diff: 0, Sum: 0, Workers: 4
[2260.890s][debug][gc,phases      ] GC(231)   StringDedup Table Weak         Min:  0.0, Avg:  0.0, Max:  0.0, Diff:  0.0, Sum:  0.0, Workers: 4
[2260.890s][debug][gc,phases      ] GC(231)     Dead                           Min: 0, Avg:  0.0, Max: 0, Diff: 0, Sum: 0, Workers: 4
[2260.890s][debug][gc,phases      ] GC(231)     Total                          Min: 0, Avg:  0.0, Max: 0, Diff: 0, Sum: 0, Workers: 4
[2260.890s][debug][gc,phases      ] GC(231)   StringDedup Requests0 Weak     Min:  0.0, Avg:  0.0, Max:  0.0, Diff:  0.0, Sum:  0.0, Workers: 4
[2260.890s][debug][gc,phases      ] GC(231)     Dead                           Min: 0, Avg:  0.0, Max: 0, Diff: 0, Sum: 0, Workers: 4
[2260.890s][debug][gc,phases      ] GC(231)     Total                          Min: 0, Avg:  0.0, Max: 0, Diff: 0, Sum: 0, Workers: 4
[2260.890s][debug][gc,phases      ] GC(231)   StringDedup Requests1 Weak     Min:  0.0, Avg:  0.0, Max:  0.0, Diff:  0.0, Sum:  0.0, Workers: 4
[2260.890s][debug][gc,phases      ] GC(231)     Dead                           Min: 0, Avg:  0.0, Max: 0, Diff: 0, Sum: 0, Workers: 4
[2260.890s][debug][gc,phases      ] GC(231)     Total                          Min: 0, Avg:  0.0, Max: 0, Diff: 0, Sum: 0, Workers: 4
[2260.890s][debug][gc,phases      ] GC(231)   Weak JFR Old Object Samples    Min:  0.0, Avg:  0.0, Max:  0.0, Diff:  0.0, Sum:  0.0, Workers: 4
[2260.890s][debug][gc,phases      ] GC(231)     Dead                           Min: 0, Avg:  0.0, Max: 0, Diff: 0, Sum: 0, Workers: 4
[2260.890s][debug][gc,phases      ] GC(231)     Total                          Min: 0, Avg:  0.0, Max: 0, Diff: 0, Sum: 0, Workers: 4
[2260.890s][debug][gc,phases      ] GC(231) Weak Processing 0.355ms
[2260.890s][debug][gc,age         ] GC(231) Desired survivor size 65536000 bytes, new threshold 15 (max threshold 15)
[2260.890s][info ][gc,heap        ] GC(231) PSYoungGen: 2011055K(2032128K)->48191K(2032640K) Eden: 1968128K(1968128K)->0K(1968128K) From: 42927K(64000K)->48191K(64512K)
[2260.890s][info ][gc,heap        ] GC(231) ParOldGen: 554582K(631296K)->554870K(631296K)
[2260.890s][info ][gc,metaspace   ] GC(231) Metaspace: 83673K(84544K)->83673K(84544K) NonClass: 72022K(72512K)->72022K(72512K) Class: 11650K(12032K)->11650K(12032K)
[2260.890s][info ][gc             ] GC(231) Pause Young (Allocation Failure) 2505M->588M(2601M) 18.168ms
[2260.890s][info ][gc,cpu         ] GC(231) User=0.07s Sys=0.00s Real=0.02s
[2260.890s][info ][safepoint      ] Safepoint "ParallelGCFailedAllocation", Time since last: 10945498730 ns, Reaching safepoint: 109102 ns, At safepoint: 18289660 ns, Total: 18398762 ns
[2262.891s][info ][safepoint      ] Safepoint "Cleanup", Time since last: 2000154182 ns, Reaching safepoint: 50201 ns, At safepoint: 4200 ns, Total: 54401 ns
[2267.891s][info ][safepoint      ] Safepoint "Cleanup", Time since last: 5000362851 ns, Reaching safepoint: 119302 ns, At safepoint: 29601 ns, Total: 148903 ns
[2289.958s][info ][gc,start       ] GC(232) Pause Young (Allocation Failure)
[2289.974s][debug][gc,phases      ] GC(232) Scavenge 16.118ms
[2289.974s][debug][gc,ref         ] GC(232) Skipped phase 1 of Reference Processing: no references
[2289.974s][debug][gc,ref         ] GC(232) ReferenceProcessor::execute queues: 1, RefProcThreadModel::Single, marks_oops_alive: false
[2289.974s][debug][gc,ref         ] GC(232) Skipped phase 3 of Reference Processing: no references
[2289.974s][debug][gc,ref         ] GC(232) ReferenceProcessor::execute queues: 1, RefProcThreadModel::Single, marks_oops_alive: false
[2289.974s][debug][gc,phases      ] GC(232) Reference Processing 0.117ms
[2289.974s][debug][gc,phases      ] GC(232)   VM Weak                        Min:  0.0, Avg:  0.0, Max:  0.0, Diff:  0.0, Sum:  0.0, Workers: 4
[2289.974s][debug][gc,phases      ] GC(232)     Dead                           Min: 0, Avg:  0.0, Max: 0, Diff: 0, Sum: 0, Workers: 4
[2289.974s][debug][gc,phases      ] GC(232)     Total                          Min: 0, Avg: 174.2, Max: 697, Diff: 697, Sum: 697, Workers: 4
[2289.974s][debug][gc,phases      ] GC(232)   ObjectSynchronizer Weak        Min:  0.0, Avg:  0.0, Max:  0.0, Diff:  0.0, Sum:  0.0, Workers: 4
[2289.974s][debug][gc,phases      ] GC(232)     Dead                           Min: 0, Avg:  0.0, Max: 0, Diff: 0, Sum: 0, Workers: 4
[2289.974s][debug][gc,phases      ] GC(232)     Total                          Min: 0, Avg: 104.8, Max: 384, Diff: 384, Sum: 419, Workers: 4
[2289.974s][debug][gc,phases      ] GC(232)   JVMTI Tag Weak OopStorage      Min:  0.0, Avg:  0.0, Max:  0.0, Diff:  0.0, Sum:  0.0, Workers: 4
[2289.974s][debug][gc,phases      ] GC(232)     Dead                           Min: 0, Avg:  0.0, Max: 0, Diff: 0, Sum: 0, Workers: 4
[2289.974s][debug][gc,phases      ] GC(232)     Total                          Min: 0, Avg:  0.0, Max: 0, Diff: 0, Sum: 0, Workers: 4
[2289.974s][debug][gc,phases      ] GC(232)   StringTable Weak               Min:  0.1, Avg:  0.1, Max:  0.1, Diff:  0.0, Sum:  0.4, Workers: 4
[2289.974s][debug][gc,phases      ] GC(232)     Dead                           Min: 0, Avg:  0.0, Max: 0, Diff: 0, Sum: 0, Workers: 4
[2289.974s][debug][gc,phases      ] GC(232)     Total                          Min: 11328, Avg: 12040.0, Max: 12640, Diff: 1312, Sum: 48160, Workers: 4
[2289.974s][debug][gc,phases      ] GC(232)   ResolvedMethodTable Weak       Min:  0.0, Avg:  0.0, Max:  0.0, Diff:  0.0, Sum:  0.1, Workers: 4
[2289.974s][debug][gc,phases      ] GC(232)     Dead                           Min: 0, Avg:  0.0, Max: 0, Diff: 0, Sum: 0, Workers: 4
[2289.974s][debug][gc,phases      ] GC(232)     Total                          Min: 2048, Avg: 2102.0, Max: 2176, Diff: 128, Sum: 8408, Workers: 4
[2289.974s][debug][gc,phases      ] GC(232)   JNI Weak                       Min:  0.0, Avg:  0.0, Max:  0.0, Diff:  0.0, Sum:  0.0, Workers: 4
[2289.974s][debug][gc,phases      ] GC(232)     Dead                           Min: 0, Avg:  0.0, Max: 0, Diff: 0, Sum: 0, Workers: 4
[2289.974s][debug][gc,phases      ] GC(232)     Total                          Min: 0, Avg:  0.0, Max: 0, Diff: 0, Sum: 0, Workers: 4
[2289.974s][debug][gc,phases      ] GC(232)   StringDedup Table Weak         Min:  0.0, Avg:  0.0, Max:  0.0, Diff:  0.0, Sum:  0.0, Workers: 4
[2289.974s][debug][gc,phases      ] GC(232)     Dead                           Min: 0, Avg:  0.0, Max: 0, Diff: 0, Sum: 0, Workers: 4
[2289.974s][debug][gc,phases      ] GC(232)     Total                          Min: 0, Avg:  0.0, Max: 0, Diff: 0, Sum: 0, Workers: 4
[2289.974s][debug][gc,phases      ] GC(232)   StringDedup Requests0 Weak     Min:  0.0, Avg:  0.0, Max:  0.0, Diff:  0.0, Sum:  0.0, Workers: 4
[2289.974s][debug][gc,phases      ] GC(232)     Dead                           Min: 0, Avg:  0.0, Max: 0, Diff: 0, Sum: 0, Workers: 4
[2289.974s][debug][gc,phases      ] GC(232)     Total                          Min: 0, Avg:  0.0, Max: 0, Diff: 0, Sum: 0, Workers: 4
[2289.974s][debug][gc,phases      ] GC(232)   StringDedup Requests1 Weak     Min:  0.0, Avg:  0.0, Max:  0.0, Diff:  0.0, Sum:  0.0, Workers: 4
[2289.974s][debug][gc,phases      ] GC(232)     Dead                           Min: 0, Avg:  0.0, Max: 0, Diff: 0, Sum: 0, Workers: 4
[2289.974s][debug][gc,phases      ] GC(232)     Total                          Min: 0, Avg:  0.0, Max: 0, Diff: 0, Sum: 0, Workers: 4
[2289.974s][debug][gc,phases      ] GC(232)   Weak JFR Old Object Samples    Min:  0.0, Avg:  0.0, Max:  0.0, Diff:  0.0, Sum:  0.0, Workers: 4
[2289.974s][debug][gc,phases      ] GC(232)     Dead                           Min: 0, Avg:  0.0, Max: 0, Diff: 0, Sum: 0, Workers: 4
[2289.974s][debug][gc,phases      ] GC(232)     Total                          Min: 0, Avg:  0.0, Max: 0, Diff: 0, Sum: 0, Workers: 4
[2289.974s][debug][gc,phases      ] GC(232) Weak Processing 0.365ms
[2289.974s][debug][gc,age         ] GC(232) Desired survivor size 65011712 bytes, new threshold 15 (max threshold 15)
[2289.974s][info ][gc,heap        ] GC(232) PSYoungGen: 2016319K(2032640K)->46448K(2033664K) Eden: 1968128K(1968128K)->0K(1969664K) From: 48191K(64512K)->46448K(64000K)
[2289.974s][info ][gc,heap        ] GC(232) ParOldGen: 554870K(631296K)->556486K(631296K)
[2289.974s][info ][gc,metaspace   ] GC(232) Metaspace: 83674K(84544K)->83674K(84544K) NonClass: 72023K(72512K)->72023K(72512K) Class: 11650K(12032K)->11650K(12032K)
[2289.974s][info ][gc             ] GC(232) Pause Young (Allocation Failure) 2510M->588M(2602M) 16.725ms
[2289.974s][info ][gc,cpu         ] GC(232) User=0.07s Sys=0.00s Real=0.02s
[2289.974s][info ][safepoint      ] Safepoint "ParallelGCFailedAllocation", Time since last: 22066227982 ns, Reaching safepoint: 114202 ns, At safepoint: 16818631 ns, Total: 16932833 ns
[2301.975s][info ][safepoint      ] Safepoint "Cleanup", Time since last: 12000809192 ns, Reaching safepoint: 56401 ns, At safepoint: 6400 ns, Total: 62801 ns
[2309.976s][info ][safepoint      ] Safepoint "Cleanup", Time since last: 8000517943 ns, Reaching safepoint: 46701 ns, At safepoint: 4400 ns, Total: 51101 ns
[2311.976s][info ][safepoint      ] Safepoint "Cleanup", Time since last: 2000159459 ns, Reaching safepoint: 54101 ns, At safepoint: 3100 ns, Total: 57201 ns
[2320.296s][info ][gc,start       ] GC(233) Pause Young (Allocation Failure)
[2320.313s][debug][gc,phases      ] GC(233) Scavenge 16.607ms
[2320.313s][debug][gc,ref         ] GC(233) Skipped phase 1 of Reference Processing: no references
[2320.313s][debug][gc,ref         ] GC(233) ReferenceProcessor::execute queues: 1, RefProcThreadModel::Single, marks_oops_alive: false
[2320.313s][debug][gc,ref         ] GC(233) Skipped phase 3 of Reference Processing: no references
[2320.313s][debug][gc,ref         ] GC(233) ReferenceProcessor::execute queues: 1, RefProcThreadModel::Single, marks_oops_alive: false
[2320.313s][debug][gc,phases      ] GC(233) Reference Processing 0.140ms
[2320.313s][debug][gc,phases      ] GC(233)   VM Weak                        Min:  0.0, Avg:  0.0, Max:  0.0, Diff:  0.0, Sum:  0.0, Workers: 4
[2320.313s][debug][gc,phases      ] GC(233)     Dead                           Min: 0, Avg:  0.0, Max: 0, Diff: 0, Sum: 0, Workers: 4
[2320.313s][debug][gc,phases      ] GC(233)     Total                          Min: 0, Avg: 174.2, Max: 697, Diff: 697, Sum: 697, Workers: 4
[2320.313s][debug][gc,phases      ] GC(233)   ObjectSynchronizer Weak        Min:  0.0, Avg:  0.0, Max:  0.0, Diff:  0.0, Sum:  0.0, Workers: 4
[2320.313s][debug][gc,phases      ] GC(233)     Dead                           Min: 0, Avg:  0.0, Max: 0, Diff: 0, Sum: 0, Workers: 4
[2320.313s][debug][gc,phases      ] GC(233)     Total                          Min: 0, Avg: 104.8, Max: 384, Diff: 384, Sum: 419, Workers: 4
[2320.313s][debug][gc,phases      ] GC(233)   JVMTI Tag Weak OopStorage      Min:  0.0, Avg:  0.0, Max:  0.0, Diff:  0.0, Sum:  0.0, Workers: 4
[2320.313s][debug][gc,phases      ] GC(233)     Dead                           Min: 0, Avg:  0.0, Max: 0, Diff: 0, Sum: 0, Workers: 4
[2320.313s][debug][gc,phases      ] GC(233)     Total                          Min: 0, Avg:  0.0, Max: 0, Diff: 0, Sum: 0, Workers: 4
[2320.313s][debug][gc,phases      ] GC(233)   StringTable Weak               Min:  0.1, Avg:  0.1, Max:  0.1, Diff:  0.0, Sum:  0.4, Workers: 4
[2320.313s][debug][gc,phases      ] GC(233)     Dead                           Min: 0, Avg:  0.0, Max: 0, Diff: 0, Sum: 0, Workers: 4
[2320.313s][debug][gc,phases      ] GC(233)     Total                          Min: 11776, Avg: 12040.0, Max: 12256, Diff: 480, Sum: 48160, Workers: 4
[2320.313s][debug][gc,phases      ] GC(233)   ResolvedMethodTable Weak       Min:  0.0, Avg:  0.0, Max:  0.0, Diff:  0.0, Sum:  0.1, Workers: 4
[2320.313s][debug][gc,phases      ] GC(233)     Dead                           Min: 0, Avg:  0.0, Max: 0, Diff: 0, Sum: 0, Workers: 4
[2320.313s][debug][gc,phases      ] GC(233)     Total                          Min: 1920, Avg: 2102.0, Max: 2304, Diff: 384, Sum: 8408, Workers: 4
[2320.313s][debug][gc,phases      ] GC(233)   JNI Weak                       Min:  0.0, Avg:  0.0, Max:  0.0, Diff:  0.0, Sum:  0.0, Workers: 4
[2320.313s][debug][gc,phases      ] GC(233)     Dead                           Min: 0, Avg:  0.0, Max: 0, Diff: 0, Sum: 0, Workers: 4
[2320.313s][debug][gc,phases      ] GC(233)     Total                          Min: 0, Avg:  0.0, Max: 0, Diff: 0, Sum: 0, Workers: 4
[2320.313s][debug][gc,phases      ] GC(233)   StringDedup Table Weak         Min:  0.0, Avg:  0.0, Max:  0.0, Diff:  0.0, Sum:  0.0, Workers: 4
[2320.313s][debug][gc,phases      ] GC(233)     Dead                           Min: 0, Avg:  0.0, Max: 0, Diff: 0, Sum: 0, Workers: 4
[2320.313s][debug][gc,phases      ] GC(233)     Total                          Min: 0, Avg:  0.0, Max: 0, Diff: 0, Sum: 0, Workers: 4
[2320.313s][debug][gc,phases      ] GC(233)   StringDedup Requests0 Weak     Min:  0.0, Avg:  0.0, Max:  0.0, Diff:  0.0, Sum:  0.0, Workers: 4
[2320.313s][debug][gc,phases      ] GC(233)     Dead                           Min: 0, Avg:  0.0, Max: 0, Diff: 0, Sum: 0, Workers: 4
[2320.313s][debug][gc,phases      ] GC(233)     Total                          Min: 0, Avg:  0.0, Max: 0, Diff: 0, Sum: 0, Workers: 4
[2320.313s][debug][gc,phases      ] GC(233)   StringDedup Requests1 Weak     Min:  0.0, Avg:  0.0, Max:  0.0, Diff:  0.0, Sum:  0.0, Workers: 4
[2320.313s][debug][gc,phases      ] GC(233)     Dead                           Min: 0, Avg:  0.0, Max: 0, Diff: 0, Sum: 0, Workers: 4
[2320.313s][debug][gc,phases      ] GC(233)     Total                          Min: 0, Avg:  0.0, Max: 0, Diff: 0, Sum: 0, Workers: 4
[2320.313s][debug][gc,phases      ] GC(233)   Weak JFR Old Object Samples    Min:  0.0, Avg:  0.0, Max:  0.0, Diff:  0.0, Sum:  0.0, Workers: 4
[2320.313s][debug][gc,phases      ] GC(233)     Dead                           Min: 0, Avg:  0.0, Max: 0, Diff: 0, Sum: 0, Workers: 4
[2320.313s][debug][gc,phases      ] GC(233)     Total                          Min: 0, Avg:  0.0, Max: 0, Diff: 0, Sum: 0, Workers: 4
[2320.313s][debug][gc,phases      ] GC(233) Weak Processing 0.316ms
[2320.313s][debug][gc,age         ] GC(233) Desired survivor size 65011712 bytes, new threshold 15 (max threshold 15)
[2320.313s][info ][gc,heap        ] GC(233) PSYoungGen: 2016112K(2033664K)->44720K(2033152K) Eden: 1969664K(1969664K)->0K(1969664K) From: 46448K(64000K)->44720K(63488K)
[2320.313s][info ][gc,heap        ] GC(233) ParOldGen: 556486K(631296K)->556894K(631296K)
[2320.313s][info ][gc,metaspace   ] GC(233) Metaspace: 83674K(84544K)->83674K(84544K) NonClass: 72023K(72512K)->72023K(72512K) Class: 11650K(12032K)->11650K(12032K)
[2320.313s][info ][gc             ] GC(233) Pause Young (Allocation Failure) 2512M->587M(2602M) 17.203ms
[2320.313s][info ][gc,cpu         ] GC(233) User=0.07s Sys=0.00s Real=0.02s
[2320.313s][info ][safepoint      ] Safepoint "ParallelGCFailedAllocation", Time since last: 8319896808 ns, Reaching safepoint: 108903 ns, At safepoint: 17335641 ns, Total: 17444544 ns
[2331.362s][info ][gc,start       ] GC(234) Pause Young (Allocation Failure)
[2331.376s][debug][gc,phases      ] GC(234) Scavenge 14.292ms
[2331.376s][debug][gc,ref         ] GC(234) Skipped phase 1 of Reference Processing: no references
[2331.376s][debug][gc,ref         ] GC(234) ReferenceProcessor::execute queues: 1, RefProcThreadModel::Single, marks_oops_alive: false
[2331.376s][debug][gc,ref         ] GC(234) Skipped phase 3 of Reference Processing: no references
[2331.376s][debug][gc,ref         ] GC(234) ReferenceProcessor::execute queues: 1, RefProcThreadModel::Single, marks_oops_alive: false
[2331.376s][debug][gc,phases      ] GC(234) Reference Processing 0.125ms
[2331.376s][debug][gc,phases      ] GC(234)   VM Weak                        Min:  0.0, Avg:  0.0, Max:  0.0, Diff:  0.0, Sum:  0.0, Workers: 4
[2331.376s][debug][gc,phases      ] GC(234)     Dead                           Min: 0, Avg:  0.0, Max: 0, Diff: 0, Sum: 0, Workers: 4
[2331.376s][debug][gc,phases      ] GC(234)     Total                          Min: 0, Avg: 174.2, Max: 512, Diff: 512, Sum: 697, Workers: 4
[2331.376s][debug][gc,phases      ] GC(234)   ObjectSynchronizer Weak        Min:  0.0, Avg:  0.0, Max:  0.0, Diff:  0.0, Sum:  0.0, Workers: 4
[2331.376s][debug][gc,phases      ] GC(234)     Dead                           Min: 0, Avg:  0.0, Max: 0, Diff: 0, Sum: 0, Workers: 4
[2331.376s][debug][gc,phases      ] GC(234)     Total                          Min: 0, Avg: 104.8, Max: 227, Diff: 227, Sum: 419, Workers: 4
[2331.376s][debug][gc,phases      ] GC(234)   JVMTI Tag Weak OopStorage      Min:  0.0, Avg:  0.0, Max:  0.0, Diff:  0.0, Sum:  0.0, Workers: 4
[2331.376s][debug][gc,phases      ] GC(234)     Dead                           Min: 0, Avg:  0.0, Max: 0, Diff: 0, Sum: 0, Workers: 4
[2331.376s][debug][gc,phases      ] GC(234)     Total                          Min: 0, Avg:  0.0, Max: 0, Diff: 0, Sum: 0, Workers: 4
[2331.376s][debug][gc,phases      ] GC(234)   StringTable Weak               Min:  0.1, Avg:  0.1, Max:  0.1, Diff:  0.0, Sum:  0.5, Workers: 4
[2331.376s][debug][gc,phases      ] GC(234)     Dead                           Min: 0, Avg:  0.0, Max: 0, Diff: 0, Sum: 0, Workers: 4
[2331.376s][debug][gc,phases      ] GC(234)     Total                          Min: 11264, Avg: 12040.0, Max: 12544, Diff: 1280, Sum: 48160, Workers: 4
[2331.376s][debug][gc,phases      ] GC(234)   ResolvedMethodTable Weak       Min:  0.0, Avg:  0.0, Max:  0.0, Diff:  0.0, Sum:  0.1, Workers: 4
[2331.376s][debug][gc,phases      ] GC(234)     Dead                           Min: 0, Avg:  0.0, Max: 0, Diff: 0, Sum: 0, Workers: 4
[2331.376s][debug][gc,phases      ] GC(234)     Total                          Min: 1920, Avg: 2102.0, Max: 2304, Diff: 384, Sum: 8408, Workers: 4
[2331.376s][debug][gc,phases      ] GC(234)   JNI Weak                       Min:  0.0, Avg:  0.0, Max:  0.0, Diff:  0.0, Sum:  0.0, Workers: 4
[2331.376s][debug][gc,phases      ] GC(234)     Dead                           Min: 0, Avg:  0.0, Max: 0, Diff: 0, Sum: 0, Workers: 4
[2331.376s][debug][gc,phases      ] GC(234)     Total                          Min: 0, Avg:  0.0, Max: 0, Diff: 0, Sum: 0, Workers: 4
[2331.376s][debug][gc,phases      ] GC(234)   StringDedup Table Weak         Min:  0.0, Avg:  0.0, Max:  0.0, Diff:  0.0, Sum:  0.0, Workers: 4
[2331.376s][debug][gc,phases      ] GC(234)     Dead                           Min: 0, Avg:  0.0, Max: 0, Diff: 0, Sum: 0, Workers: 4
[2331.376s][debug][gc,phases      ] GC(234)     Total                          Min: 0, Avg:  0.0, Max: 0, Diff: 0, Sum: 0, Workers: 4
[2331.376s][debug][gc,phases      ] GC(234)   StringDedup Requests0 Weak     Min:  0.0, Avg:  0.0, Max:  0.0, Diff:  0.0, Sum:  0.0, Workers: 4
[2331.377s][debug][gc,phases      ] GC(234)     Dead                           Min: 0, Avg:  0.0, Max: 0, Diff: 0, Sum: 0, Workers: 4
[2331.377s][debug][gc,phases      ] GC(234)     Total                          Min: 0, Avg:  0.0, Max: 0, Diff: 0, Sum: 0, Workers: 4
[2331.377s][debug][gc,phases      ] GC(234)   StringDedup Requests1 Weak     Min:  0.0, Avg:  0.0, Max:  0.0, Diff:  0.0, Sum:  0.0, Workers: 4
[2331.377s][debug][gc,phases      ] GC(234)     Dead                           Min: 0, Avg:  0.0, Max: 0, Diff: 0, Sum: 0, Workers: 4
[2331.377s][debug][gc,phases      ] GC(234)     Total                          Min: 0, Avg:  0.0, Max: 0, Diff: 0, Sum: 0, Workers: 4
[2331.377s][debug][gc,phases      ] GC(234)   Weak JFR Old Object Samples    Min:  0.0, Avg:  0.0, Max:  0.0, Diff:  0.0, Sum:  0.0, Workers: 4
[2331.377s][debug][gc,phases      ] GC(234)     Dead                           Min: 0, Avg:  0.0, Max: 0, Diff: 0, Sum: 0, Workers: 4
[2331.377s][debug][gc,phases      ] GC(234)     Total                          Min: 0, Avg:  0.0, Max: 0, Diff: 0, Sum: 0, Workers: 4
[2331.377s][debug][gc,phases      ] GC(234) Weak Processing 0.353ms
[2331.377s][debug][gc,age         ] GC(234) Desired survivor size 63963136 bytes, new threshold 15 (max threshold 15)
[2331.377s][info ][gc,heap        ] GC(234) PSYoungGen: 2014384K(2033152K)->46896K(2034688K) Eden: 1969664K(1969664K)->0K(1971200K) From: 44720K(63488K)->46896K(63488K)
[2331.377s][info ][gc,heap        ] GC(234) ParOldGen: 556894K(631296K)->556926K(631296K)
[2331.377s][info ][gc,metaspace   ] GC(234) Metaspace: 83674K(84544K)->83674K(84544K) NonClass: 72023K(72512K)->72023K(72512K) Class: 11650K(12032K)->11650K(12032K)
[2331.377s][info ][gc             ] GC(234) Pause Young (Allocation Failure) 2511M->589M(2603M) 14.919ms
[2331.377s][info ][gc,cpu         ] GC(234) User=0.06s Sys=0.00s Real=0.02s
[2331.377s][info ][safepoint      ] Safepoint "ParallelGCFailedAllocation", Time since last: 11048154868 ns, Reaching safepoint: 113002 ns, At safepoint: 15030896 ns, Total: 15143898 ns
[2336.377s][info ][safepoint      ] Safepoint "Cleanup", Time since last: 5000352471 ns, Reaching safepoint: 47301 ns, At safepoint: 13800 ns, Total: 61101 ns
[2340.377s][info ][safepoint      ] Safepoint "Cleanup", Time since last: 4000257793 ns, Reaching safepoint: 48501 ns, At safepoint: 2900 ns, Total: 51401 ns
[2340.903s][info ][gc,start       ] GC(235) Pause Young (Allocation Failure)
[2340.918s][debug][gc,phases      ] GC(235) Scavenge 15.214ms
[2340.918s][debug][gc,ref         ] GC(235) Skipped phase 1 of Reference Processing: no references
[2340.918s][debug][gc,ref         ] GC(235) ReferenceProcessor::execute queues: 1, RefProcThreadModel::Single, marks_oops_alive: false
[2340.918s][debug][gc,ref         ] GC(235) Skipped phase 3 of Reference Processing: no references
[2340.918s][debug][gc,ref         ] GC(235) ReferenceProcessor::execute queues: 1, RefProcThreadModel::Single, marks_oops_alive: false
[2340.918s][debug][gc,phases      ] GC(235) Reference Processing 0.127ms
[2340.919s][debug][gc,phases      ] GC(235)   VM Weak                        Min:  0.0, Avg:  0.0, Max:  0.0, Diff:  0.0, Sum:  0.0, Workers: 4
[2340.919s][debug][gc,phases      ] GC(235)     Dead                           Min: 0, Avg:  0.0, Max: 0, Diff: 0, Sum: 0, Workers: 4
[2340.919s][debug][gc,phases      ] GC(235)     Total                          Min: 0, Avg: 174.2, Max: 448, Diff: 448, Sum: 697, Workers: 4
[2340.919s][debug][gc,phases      ] GC(235)   ObjectSynchronizer Weak        Min:  0.0, Avg:  0.0, Max:  0.0, Diff:  0.0, Sum:  0.0, Workers: 4
[2340.919s][debug][gc,phases      ] GC(235)     Dead                           Min: 0, Avg:  0.0, Max: 0, Diff: 0, Sum: 0, Workers: 4
[2340.919s][debug][gc,phases      ] GC(235)     Total                          Min: 64, Avg: 104.8, Max: 128, Diff: 64, Sum: 419, Workers: 4
[2340.919s][debug][gc,phases      ] GC(235)   JVMTI Tag Weak OopStorage      Min:  0.0, Avg:  0.0, Max:  0.0, Diff:  0.0, Sum:  0.0, Workers: 4
[2340.919s][debug][gc,phases      ] GC(235)     Dead                           Min: 0, Avg:  0.0, Max: 0, Diff: 0, Sum: 0, Workers: 4
[2340.919s][debug][gc,phases      ] GC(235)     Total                          Min: 0, Avg:  0.0, Max: 0, Diff: 0, Sum: 0, Workers: 4
[2340.919s][debug][gc,phases      ] GC(235)   StringTable Weak               Min:  0.1, Avg:  0.1, Max:  0.1, Diff:  0.0, Sum:  0.5, Workers: 4
[2340.919s][debug][gc,phases      ] GC(235)     Dead                           Min: 0, Avg:  0.0, Max: 0, Diff: 0, Sum: 0, Workers: 4
[2340.919s][debug][gc,phases      ] GC(235)     Total                          Min: 11488, Avg: 12040.0, Max: 12352, Diff: 864, Sum: 48160, Workers: 4
[2340.919s][debug][gc,phases      ] GC(235)   ResolvedMethodTable Weak       Min:  0.0, Avg:  0.0, Max:  0.0, Diff:  0.0, Sum:  0.1, Workers: 4
[2340.919s][debug][gc,phases      ] GC(235)     Dead                           Min: 0, Avg:  0.0, Max: 0, Diff: 0, Sum: 0, Workers: 4
[2340.919s][debug][gc,phases      ] GC(235)     Total                          Min: 2008, Avg: 2102.0, Max: 2176, Diff: 168, Sum: 8408, Workers: 4
[2340.919s][debug][gc,phases      ] GC(235)   JNI Weak                       Min:  0.0, Avg:  0.0, Max:  0.0, Diff:  0.0, Sum:  0.0, Workers: 4
[2340.919s][debug][gc,phases      ] GC(235)     Dead                           Min: 0, Avg:  0.0, Max: 0, Diff: 0, Sum: 0, Workers: 4
[2340.919s][debug][gc,phases      ] GC(235)     Total                          Min: 0, Avg:  0.0, Max: 0, Diff: 0, Sum: 0, Workers: 4
[2340.919s][debug][gc,phases      ] GC(235)   StringDedup Table Weak         Min:  0.0, Avg:  0.0, Max:  0.0, Diff:  0.0, Sum:  0.0, Workers: 4
[2340.919s][debug][gc,phases      ] GC(235)     Dead                           Min: 0, Avg:  0.0, Max: 0, Diff: 0, Sum: 0, Workers: 4
[2340.919s][debug][gc,phases      ] GC(235)     Total                          Min: 0, Avg:  0.0, Max: 0, Diff: 0, Sum: 0, Workers: 4
[2340.919s][debug][gc,phases      ] GC(235)   StringDedup Requests0 Weak     Min:  0.0, Avg:  0.0, Max:  0.0, Diff:  0.0, Sum:  0.0, Workers: 4
[2340.919s][debug][gc,phases      ] GC(235)     Dead                           Min: 0, Avg:  0.0, Max: 0, Diff: 0, Sum: 0, Workers: 4
[2340.919s][debug][gc,phases      ] GC(235)     Total                          Min: 0, Avg:  0.0, Max: 0, Diff: 0, Sum: 0, Workers: 4
[2340.919s][debug][gc,phases      ] GC(235)   StringDedup Requests1 Weak     Min:  0.0, Avg:  0.0, Max:  0.0, Diff:  0.0, Sum:  0.0, Workers: 4
[2340.919s][debug][gc,phases      ] GC(235)     Dead                           Min: 0, Avg:  0.0, Max: 0, Diff: 0, Sum: 0, Workers: 4
[2340.919s][debug][gc,phases      ] GC(235)     Total                          Min: 0, Avg:  0.0, Max: 0, Diff: 0, Sum: 0, Workers: 4
[2340.919s][debug][gc,phases      ] GC(235)   Weak JFR Old Object Samples    Min:  0.0, Avg:  0.0, Max:  0.0, Diff:  0.0, Sum:  0.0, Workers: 4
[2340.919s][debug][gc,phases      ] GC(235)     Dead                           Min: 0, Avg:  0.0, Max: 0, Diff: 0, Sum: 0, Workers: 4
[2340.919s][debug][gc,phases      ] GC(235)     Total                          Min: 0, Avg:  0.0, Max: 0, Diff: 0, Sum: 0, Workers: 4
[2340.919s][debug][gc,phases      ] GC(235) Weak Processing 0.353ms
[2340.919s][debug][gc,age         ] GC(235) Desired survivor size 63438848 bytes, new threshold 15 (max threshold 15)
[2340.919s][info ][gc,heap        ] GC(235) PSYoungGen: 2018096K(2034688K)->48016K(2033664K) Eden: 1971200K(1971200K)->0K(1971200K) From: 46896K(63488K)->48016K(62464K)
[2340.919s][info ][gc,heap        ] GC(235) ParOldGen: 556926K(631296K)->556942K(631296K)
[2340.919s][info ][gc,metaspace   ] GC(235) Metaspace: 83674K(84544K)->83674K(84544K) NonClass: 72023K(72512K)->72023K(72512K) Class: 11650K(12032K)->11650K(12032K)
[2340.919s][info ][gc             ] GC(235) Pause Young (Allocation Failure) 2514M->590M(2602M) 15.842ms
[2340.919s][info ][gc,cpu         ] GC(235) User=0.06s Sys=0.01s Real=0.01s
[2340.919s][info ][safepoint      ] Safepoint "ParallelGCFailedAllocation", Time since last: 525364335 ns, Reaching safepoint: 122402 ns, At safepoint: 15953414 ns, Total: 16075816 ns
[2343.919s][info ][safepoint      ] Safepoint "Cleanup", Time since last: 3000239318 ns, Reaching safepoint: 121202 ns, At safepoint: 17001 ns, Total: 138203 ns
[2369.499s][info ][gc,start       ] GC(236) Pause Young (Allocation Failure)
[2369.513s][debug][gc,phases      ] GC(236) Scavenge 13.360ms
[2369.513s][debug][gc,ref         ] GC(236) Skipped phase 1 of Reference Processing: no references
[2369.513s][debug][gc,ref         ] GC(236) ReferenceProcessor::execute queues: 1, RefProcThreadModel::Single, marks_oops_alive: false
[2369.513s][debug][gc,ref         ] GC(236) Skipped phase 3 of Reference Processing: no references
[2369.513s][debug][gc,ref         ] GC(236) ReferenceProcessor::execute queues: 1, RefProcThreadModel::Single, marks_oops_alive: false
[2369.513s][debug][gc,phases      ] GC(236) Reference Processing 0.130ms
[2369.513s][debug][gc,phases      ] GC(236)   VM Weak                        Min:  0.0, Avg:  0.0, Max:  0.0, Diff:  0.0, Sum:  0.0, Workers: 4
[2369.513s][debug][gc,phases      ] GC(236)     Dead                           Min: 0, Avg:  0.0, Max: 0, Diff: 0, Sum: 0, Workers: 4
[2369.513s][debug][gc,phases      ] GC(236)     Total                          Min: 0, Avg: 174.2, Max: 633, Diff: 633, Sum: 697, Workers: 4
[2369.513s][debug][gc,phases      ] GC(236)   ObjectSynchronizer Weak        Min:  0.0, Avg:  0.0, Max:  0.0, Diff:  0.0, Sum:  0.0, Workers: 4
[2369.513s][debug][gc,phases      ] GC(236)     Dead                           Min: 0, Avg:  0.0, Max: 0, Diff: 0, Sum: 0, Workers: 4
[2369.513s][debug][gc,phases      ] GC(236)     Total                          Min: 0, Avg: 104.8, Max: 227, Diff: 227, Sum: 419, Workers: 4
[2369.513s][debug][gc,phases      ] GC(236)   JVMTI Tag Weak OopStorage      Min:  0.0, Avg:  0.0, Max:  0.0, Diff:  0.0, Sum:  0.0, Workers: 4
[2369.513s][debug][gc,phases      ] GC(236)     Dead                           Min: 0, Avg:  0.0, Max: 0, Diff: 0, Sum: 0, Workers: 4
[2369.513s][debug][gc,phases      ] GC(236)     Total                          Min: 0, Avg:  0.0, Max: 0, Diff: 0, Sum: 0, Workers: 4
[2369.513s][debug][gc,phases      ] GC(236)   StringTable Weak               Min:  0.1, Avg:  0.1, Max:  0.1, Diff:  0.0, Sum:  0.4, Workers: 4
[2369.513s][debug][gc,phases      ] GC(236)     Dead                           Min: 0, Avg:  0.0, Max: 0, Diff: 0, Sum: 0, Workers: 4
[2369.513s][debug][gc,phases      ] GC(236)     Total                          Min: 11072, Avg: 12040.0, Max: 12736, Diff: 1664, Sum: 48160, Workers: 4
[2369.513s][debug][gc,phases      ] GC(236)   ResolvedMethodTable Weak       Min:  0.0, Avg:  0.0, Max:  0.0, Diff:  0.0, Sum:  0.1, Workers: 4
[2369.513s][debug][gc,phases      ] GC(236)     Dead                           Min: 0, Avg:  0.0, Max: 0, Diff: 0, Sum: 0, Workers: 4
[2369.513s][debug][gc,phases      ] GC(236)     Total                          Min: 2048, Avg: 2102.0, Max: 2176, Diff: 128, Sum: 8408, Workers: 4
[2369.513s][debug][gc,phases      ] GC(236)   JNI Weak                       Min:  0.0, Avg:  0.0, Max:  0.0, Diff:  0.0, Sum:  0.0, Workers: 4
[2369.513s][debug][gc,phases      ] GC(236)     Dead                           Min: 0, Avg:  0.0, Max: 0, Diff: 0, Sum: 0, Workers: 4
[2369.513s][debug][gc,phases      ] GC(236)     Total                          Min: 0, Avg:  0.0, Max: 0, Diff: 0, Sum: 0, Workers: 4
[2369.513s][debug][gc,phases      ] GC(236)   StringDedup Table Weak         Min:  0.0, Avg:  0.0, Max:  0.0, Diff:  0.0, Sum:  0.0, Workers: 4
[2369.513s][debug][gc,phases      ] GC(236)     Dead                           Min: 0, Avg:  0.0, Max: 0, Diff: 0, Sum: 0, Workers: 4
[2369.513s][debug][gc,phases      ] GC(236)     Total                          Min: 0, Avg:  0.0, Max: 0, Diff: 0, Sum: 0, Workers: 4
[2369.513s][debug][gc,phases      ] GC(236)   StringDedup Requests0 Weak     Min:  0.0, Avg:  0.0, Max:  0.0, Diff:  0.0, Sum:  0.0, Workers: 4
[2369.513s][debug][gc,phases      ] GC(236)     Dead                           Min: 0, Avg:  0.0, Max: 0, Diff: 0, Sum: 0, Workers: 4
[2369.513s][debug][gc,phases      ] GC(236)     Total                          Min: 0, Avg:  0.0, Max: 0, Diff: 0, Sum: 0, Workers: 4
[2369.513s][debug][gc,phases      ] GC(236)   StringDedup Requests1 Weak     Min:  0.0, Avg:  0.0, Max:  0.0, Diff:  0.0, Sum:  0.0, Workers: 4
[2369.513s][debug][gc,phases      ] GC(236)     Dead                           Min: 0, Avg:  0.0, Max: 0, Diff: 0, Sum: 0, Workers: 4
[2369.513s][debug][gc,phases      ] GC(236)     Total                          Min: 0, Avg:  0.0, Max: 0, Diff: 0, Sum: 0, Workers: 4
[2369.513s][debug][gc,phases      ] GC(236)   Weak JFR Old Object Samples    Min:  0.0, Avg:  0.0, Max:  0.0, Diff:  0.0, Sum:  0.0, Workers: 4
[2369.513s][debug][gc,phases      ] GC(236)     Dead                           Min: 0, Avg:  0.0, Max: 0, Diff: 0, Sum: 0, Workers: 4
[2369.513s][debug][gc,phases      ] GC(236)     Total                          Min: 0, Avg:  0.0, Max: 0, Diff: 0, Sum: 0, Workers: 4
[2369.513s][debug][gc,phases      ] GC(236) Weak Processing 0.335ms
[2369.513s][debug][gc,age         ] GC(236) Desired survivor size 62390272 bytes, new threshold 15 (max threshold 15)
[2369.513s][info ][gc,heap        ] GC(236) PSYoungGen: 2019216K(2033664K)->47568K(2036224K) Eden: 1971200K(1971200K)->0K(1974272K) From: 48016K(62464K)->47568K(61952K)
[2369.513s][info ][gc,heap        ] GC(236) ParOldGen: 556942K(631296K)->556958K(631296K)
[2369.513s][info ][gc,metaspace   ] GC(236) Metaspace: 83674K(84544K)->83674K(84544K) NonClass: 72023K(72512K)->72023K(72512K) Class: 11650K(12032K)->11650K(12032K)
[2369.513s][info ][gc             ] GC(236) Pause Young (Allocation Failure) 2515M->590M(2605M) 13.976ms
[2369.513s][info ][gc,cpu         ] GC(236) User=0.05s Sys=0.00s Real=0.02s
[2369.513s][info ][safepoint      ] Safepoint "ParallelGCFailedAllocation", Time since last: 25579760504 ns, Reaching safepoint: 102302 ns, At safepoint: 14088377 ns, Total: 14190679 ns
[2384.819s][info ][gc,start       ] GC(237) Pause Young (Allocation Failure)
[2384.836s][debug][gc,phases      ] GC(237) Scavenge 16.426ms
[2384.836s][debug][gc,ref         ] GC(237) Skipped phase 1 of Reference Processing: no references
[2384.836s][debug][gc,ref         ] GC(237) ReferenceProcessor::execute queues: 1, RefProcThreadModel::Single, marks_oops_alive: false
[2384.836s][debug][gc,ref         ] GC(237) Skipped phase 3 of Reference Processing: no references
[2384.836s][debug][gc,ref         ] GC(237) ReferenceProcessor::execute queues: 1, RefProcThreadModel::Single, marks_oops_alive: false
[2384.836s][debug][gc,phases      ] GC(237) Reference Processing 0.131ms
[2384.836s][debug][gc,phases      ] GC(237)   VM Weak                        Min:  0.0, Avg:  0.0, Max:  0.0, Diff:  0.0, Sum:  0.0, Workers: 4
[2384.836s][debug][gc,phases      ] GC(237)     Dead                           Min: 0, Avg:  0.0, Max: 0, Diff: 0, Sum: 0, Workers: 4
[2384.836s][debug][gc,phases      ] GC(237)     Total                          Min: 0, Avg: 174.2, Max: 448, Diff: 448, Sum: 697, Workers: 4
[2384.836s][debug][gc,phases      ] GC(237)   ObjectSynchronizer Weak        Min:  0.0, Avg:  0.0, Max:  0.0, Diff:  0.0, Sum:  0.0, Workers: 4
[2384.836s][debug][gc,phases      ] GC(237)     Dead                           Min: 0, Avg:  0.0, Max: 0, Diff: 0, Sum: 0, Workers: 4
[2384.836s][debug][gc,phases      ] GC(237)     Total                          Min: 0, Avg: 104.8, Max: 163, Diff: 163, Sum: 419, Workers: 4
[2384.836s][debug][gc,phases      ] GC(237)   JVMTI Tag Weak OopStorage      Min:  0.0, Avg:  0.0, Max:  0.0, Diff:  0.0, Sum:  0.0, Workers: 4
[2384.836s][debug][gc,phases      ] GC(237)     Dead                           Min: 0, Avg:  0.0, Max: 0, Diff: 0, Sum: 0, Workers: 4
[2384.836s][debug][gc,phases      ] GC(237)     Total                          Min: 0, Avg:  0.0, Max: 0, Diff: 0, Sum: 0, Workers: 4
[2384.836s][debug][gc,phases      ] GC(237)   StringTable Weak               Min:  0.1, Avg:  0.1, Max:  0.1, Diff:  0.0, Sum:  0.5, Workers: 4
[2384.836s][debug][gc,phases      ] GC(237)     Dead                           Min: 0, Avg:  0.0, Max: 0, Diff: 0, Sum: 0, Workers: 4
[2384.836s][debug][gc,phases      ] GC(237)     Total                          Min: 11584, Avg: 12040.0, Max: 12640, Diff: 1056, Sum: 48160, Workers: 4
[2384.836s][debug][gc,phases      ] GC(237)   ResolvedMethodTable Weak       Min:  0.0, Avg:  0.0, Max:  0.0, Diff:  0.0, Sum:  0.1, Workers: 4
[2384.836s][debug][gc,phases      ] GC(237)     Dead                           Min: 0, Avg:  0.0, Max: 0, Diff: 0, Sum: 0, Workers: 4
[2384.836s][debug][gc,phases      ] GC(237)     Total                          Min: 2048, Avg: 2102.0, Max: 2176, Diff: 128, Sum: 8408, Workers: 4
[2384.836s][debug][gc,phases      ] GC(237)   JNI Weak                       Min:  0.0, Avg:  0.0, Max:  0.0, Diff:  0.0, Sum:  0.0, Workers: 4
[2384.836s][debug][gc,phases      ] GC(237)     Dead                           Min: 0, Avg:  0.0, Max: 0, Diff: 0, Sum: 0, Workers: 4
[2384.836s][debug][gc,phases      ] GC(237)     Total                          Min: 0, Avg:  0.0, Max: 0, Diff: 0, Sum: 0, Workers: 4
[2384.836s][debug][gc,phases      ] GC(237)   StringDedup Table Weak         Min:  0.0, Avg:  0.0, Max:  0.0, Diff:  0.0, Sum:  0.0, Workers: 4
[2384.836s][debug][gc,phases      ] GC(237)     Dead                           Min: 0, Avg:  0.0, Max: 0, Diff: 0, Sum: 0, Workers: 4
[2384.836s][debug][gc,phases      ] GC(237)     Total                          Min: 0, Avg:  0.0, Max: 0, Diff: 0, Sum: 0, Workers: 4
[2384.836s][debug][gc,phases      ] GC(237)   StringDedup Requests0 Weak     Min:  0.0, Avg:  0.0, Max:  0.0, Diff:  0.0, Sum:  0.0, Workers: 4
[2384.836s][debug][gc,phases      ] GC(237)     Dead                           Min: 0, Avg:  0.0, Max: 0, Diff: 0, Sum: 0, Workers: 4
[2384.836s][debug][gc,phases      ] GC(237)     Total                          Min: 0, Avg:  0.0, Max: 0, Diff: 0, Sum: 0, Workers: 4
[2384.836s][debug][gc,phases      ] GC(237)   StringDedup Requests1 Weak     Min:  0.0, Avg:  0.0, Max:  0.0, Diff:  0.0, Sum:  0.0, Workers: 4
[2384.836s][debug][gc,phases      ] GC(237)     Dead                           Min: 0, Avg:  0.0, Max: 0, Diff: 0, Sum: 0, Workers: 4
[2384.836s][debug][gc,phases      ] GC(237)     Total                          Min: 0, Avg:  0.0, Max: 0, Diff: 0, Sum: 0, Workers: 4
[2384.836s][debug][gc,phases      ] GC(237)   Weak JFR Old Object Samples    Min:  0.0, Avg:  0.0, Max:  0.0, Diff:  0.0, Sum:  0.0, Workers: 4
[2384.836s][debug][gc,phases      ] GC(237)     Dead                           Min: 0, Avg:  0.0, Max: 0, Diff: 0, Sum: 0, Workers: 4
[2384.836s][debug][gc,phases      ] GC(237)     Total                          Min: 0, Avg:  0.0, Max: 0, Diff: 0, Sum: 0, Workers: 4
[2384.836s][debug][gc,phases      ] GC(237) Weak Processing 0.362ms
[2384.836s][debug][gc,age         ] GC(237) Desired survivor size 62390272 bytes, new threshold 15 (max threshold 15)
[2384.836s][info ][gc,heap        ] GC(237) PSYoungGen: 2021840K(2036224K)->52624K(2035200K) Eden: 1974272K(1974272K)->0K(1974272K) From: 47568K(61952K)->52624K(60928K)
[2384.836s][info ][gc,heap        ] GC(237) ParOldGen: 556958K(631296K)->556974K(631296K)
[2384.836s][info ][gc,metaspace   ] GC(237) Metaspace: 83675K(84544K)->83675K(84544K) NonClass: 72024K(72512K)->72024K(72512K) Class: 11650K(12032K)->11650K(12032K)
[2384.836s][info ][gc             ] GC(237) Pause Young (Allocation Failure) 2518M->595M(2604M) 17.062ms
[2384.836s][info ][gc,cpu         ] GC(237) User=0.07s Sys=0.00s Real=0.02s
[2384.836s][info ][safepoint      ] Safepoint "ParallelGCFailedAllocation", Time since last: 15305875274 ns, Reaching safepoint: 102302 ns, At safepoint: 17147437 ns, Total: 17249739 ns
[2391.958s][info ][gc,start       ] GC(238) Pause Young (Allocation Failure)
[2391.971s][debug][gc,phases      ] GC(238) Scavenge 13.061ms
[2391.971s][debug][gc,ref         ] GC(238) Skipped phase 1 of Reference Processing: no references
[2391.971s][debug][gc,ref         ] GC(238) ReferenceProcessor::execute queues: 1, RefProcThreadModel::Single, marks_oops_alive: false
[2391.971s][debug][gc,ref         ] GC(238) Skipped phase 3 of Reference Processing: no references
[2391.971s][debug][gc,ref         ] GC(238) ReferenceProcessor::execute queues: 1, RefProcThreadModel::Single, marks_oops_alive: false
[2391.971s][debug][gc,phases      ] GC(238) Reference Processing 0.154ms
[2391.971s][debug][gc,phases      ] GC(238)   VM Weak                        Min:  0.0, Avg:  0.0, Max:  0.0, Diff:  0.0, Sum:  0.0, Workers: 4
[2391.971s][debug][gc,phases      ] GC(238)     Dead                           Min: 0, Avg:  0.0, Max: 0, Diff: 0, Sum: 0, Workers: 4
[2391.971s][debug][gc,phases      ] GC(238)     Total                          Min: 0, Avg: 174.2, Max: 512, Diff: 512, Sum: 697, Workers: 4
[2391.971s][debug][gc,phases      ] GC(238)   ObjectSynchronizer Weak        Min:  0.0, Avg:  0.0, Max:  0.0, Diff:  0.0, Sum:  0.0, Workers: 4
[2391.971s][debug][gc,phases      ] GC(238)     Dead                           Min: 0, Avg:  0.0, Max: 0, Diff: 0, Sum: 0, Workers: 4
[2391.971s][debug][gc,phases      ] GC(238)     Total                          Min: 0, Avg: 104.8, Max: 256, Diff: 256, Sum: 419, Workers: 4
[2391.971s][debug][gc,phases      ] GC(238)   JVMTI Tag Weak OopStorage      Min:  0.0, Avg:  0.0, Max:  0.0, Diff:  0.0, Sum:  0.0, Workers: 4
[2391.971s][debug][gc,phases      ] GC(238)     Dead                           Min: 0, Avg:  0.0, Max: 0, Diff: 0, Sum: 0, Workers: 4
[2391.971s][debug][gc,phases      ] GC(238)     Total                          Min: 0, Avg:  0.0, Max: 0, Diff: 0, Sum: 0, Workers: 4
[2391.971s][debug][gc,phases      ] GC(238)   StringTable Weak               Min:  0.1, Avg:  0.2, Max:  0.2, Diff:  0.1, Sum:  0.6, Workers: 4
[2391.971s][debug][gc,phases      ] GC(238)     Dead                           Min: 0, Avg:  0.0, Max: 0, Diff: 0, Sum: 0, Workers: 4
[2391.971s][debug][gc,phases      ] GC(238)     Total                          Min: 8960, Avg: 12040.0, Max: 14336, Diff: 5376, Sum: 48160, Workers: 4
[2391.971s][debug][gc,phases      ] GC(238)   ResolvedMethodTable Weak       Min:  0.0, Avg:  0.0, Max:  0.0, Diff:  0.0, Sum:  0.1, Workers: 4
[2391.971s][debug][gc,phases      ] GC(238)     Dead                           Min: 0, Avg:  0.0, Max: 0, Diff: 0, Sum: 0, Workers: 4
[2391.971s][debug][gc,phases      ] GC(238)     Total                          Min: 0, Avg: 2102.0, Max: 2968, Diff: 2968, Sum: 8408, Workers: 4
[2391.971s][debug][gc,phases      ] GC(238)   JNI Weak                       Min:  0.0, Avg:  0.0, Max:  0.0, Diff:  0.0, Sum:  0.0, Workers: 4
[2391.971s][debug][gc,phases      ] GC(238)     Dead                           Min: 0, Avg:  0.0, Max: 0, Diff: 0, Sum: 0, Workers: 4
[2391.971s][debug][gc,phases      ] GC(238)     Total                          Min: 0, Avg:  0.0, Max: 0, Diff: 0, Sum: 0, Workers: 4
[2391.971s][debug][gc,phases      ] GC(238)   StringDedup Table Weak         Min:  0.0, Avg:  0.0, Max:  0.0, Diff:  0.0, Sum:  0.0, Workers: 4
[2391.971s][debug][gc,phases      ] GC(238)     Dead                           Min: 0, Avg:  0.0, Max: 0, Diff: 0, Sum: 0, Workers: 4
[2391.971s][debug][gc,phases      ] GC(238)     Total                          Min: 0, Avg:  0.0, Max: 0, Diff: 0, Sum: 0, Workers: 4
[2391.971s][debug][gc,phases      ] GC(238)   StringDedup Requests0 Weak     Min:  0.0, Avg:  0.0, Max:  0.0, Diff:  0.0, Sum:  0.0, Workers: 4
[2391.971s][debug][gc,phases      ] GC(238)     Dead                           Min: 0, Avg:  0.0, Max: 0, Diff: 0, Sum: 0, Workers: 4
[2391.971s][debug][gc,phases      ] GC(238)     Total                          Min: 0, Avg:  0.0, Max: 0, Diff: 0, Sum: 0, Workers: 4
[2391.971s][debug][gc,phases      ] GC(238)   StringDedup Requests1 Weak     Min:  0.0, Avg:  0.0, Max:  0.0, Diff:  0.0, Sum:  0.0, Workers: 4
[2391.971s][debug][gc,phases      ] GC(238)     Dead                           Min: 0, Avg:  0.0, Max: 0, Diff: 0, Sum: 0, Workers: 4
[2391.971s][debug][gc,phases      ] GC(238)     Total                          Min: 0, Avg:  0.0, Max: 0, Diff: 0, Sum: 0, Workers: 4
[2391.971s][debug][gc,phases      ] GC(238)   Weak JFR Old Object Samples    Min:  0.0, Avg:  0.0, Max:  0.0, Diff:  0.0, Sum:  0.0, Workers: 4
[2391.971s][debug][gc,phases      ] GC(238)     Dead                           Min: 0, Avg:  0.0, Max: 0, Diff: 0, Sum: 0, Workers: 4
[2391.971s][debug][gc,phases      ] GC(238)     Total                          Min: 0, Avg:  0.0, Max: 0, Diff: 0, Sum: 0, Workers: 4
[2391.971s][debug][gc,phases      ] GC(238) Weak Processing 0.483ms
[2391.971s][debug][gc,age         ] GC(238) Desired survivor size 61865984 bytes, new threshold 15 (max threshold 15)
[2391.971s][info ][gc,heap        ] GC(238) PSYoungGen: 2026896K(2035200K)->46512K(2036736K) Eden: 1974272K(1974272K)->0K(1975808K) From: 52624K(60928K)->46512K(60928K)
[2391.971s][info ][gc,heap        ] GC(238) ParOldGen: 556974K(631296K)->556990K(631296K)
[2391.971s][info ][gc,metaspace   ] GC(238) Metaspace: 83675K(84544K)->83675K(84544K) NonClass: 72025K(72512K)->72025K(72512K) Class: 11650K(12032K)->11650K(12032K)
[2391.971s][info ][gc             ] GC(238) Pause Young (Allocation Failure) 2523M->589M(2605M) 13.843ms
[2391.971s][info ][gc,cpu         ] GC(238) User=0.05s Sys=0.00s Real=0.02s
[2391.971s][info ][safepoint      ] Safepoint "ParallelGCFailedAllocation", Time since last: 7121071013 ns, Reaching safepoint: 117902 ns, At safepoint: 13944874 ns, Total: 14062776 ns
[2400.972s][info ][safepoint      ] Safepoint "Cleanup", Time since last: 9000653454 ns, Reaching safepoint: 121303 ns, At safepoint: 17500 ns, Total: 138803 ns
[2402.344s][info ][gc,start       ] GC(239) Pause Young (Allocation Failure)
[2402.359s][debug][gc,phases      ] GC(239) Scavenge 14.531ms
[2402.359s][debug][gc,ref         ] GC(239) Skipped phase 1 of Reference Processing: no references
[2402.359s][debug][gc,ref         ] GC(239) ReferenceProcessor::execute queues: 1, RefProcThreadModel::Single, marks_oops_alive: false
[2402.359s][debug][gc,ref         ] GC(239) Skipped phase 3 of Reference Processing: no references
[2402.359s][debug][gc,ref         ] GC(239) ReferenceProcessor::execute queues: 1, RefProcThreadModel::Single, marks_oops_alive: false
[2402.359s][debug][gc,phases      ] GC(239) Reference Processing 0.129ms
[2402.359s][debug][gc,phases      ] GC(239)   VM Weak                        Min:  0.0, Avg:  0.0, Max:  0.0, Diff:  0.0, Sum:  0.0, Workers: 4
[2402.359s][debug][gc,phases      ] GC(239)     Dead                           Min: 0, Avg:  0.0, Max: 0, Diff: 0, Sum: 0, Workers: 4
[2402.359s][debug][gc,phases      ] GC(239)     Total                          Min: 0, Avg: 174.2, Max: 633, Diff: 633, Sum: 697, Workers: 4
[2402.359s][debug][gc,phases      ] GC(239)   ObjectSynchronizer Weak        Min:  0.0, Avg:  0.0, Max:  0.0, Diff:  0.0, Sum:  0.0, Workers: 4
[2402.359s][debug][gc,phases      ] GC(239)     Dead                           Min: 0, Avg:  0.0, Max: 0, Diff: 0, Sum: 0, Workers: 4
[2402.359s][debug][gc,phases      ] GC(239)     Total                          Min: 0, Avg: 104.8, Max: 163, Diff: 163, Sum: 419, Workers: 4
[2402.359s][debug][gc,phases      ] GC(239)   JVMTI Tag Weak OopStorage      Min:  0.0, Avg:  0.0, Max:  0.0, Diff:  0.0, Sum:  0.0, Workers: 4
[2402.359s][debug][gc,phases      ] GC(239)     Dead                           Min: 0, Avg:  0.0, Max: 0, Diff: 0, Sum: 0, Workers: 4
[2402.359s][debug][gc,phases      ] GC(239)     Total                          Min: 0, Avg:  0.0, Max: 0, Diff: 0, Sum: 0, Workers: 4
[2402.359s][debug][gc,phases      ] GC(239)   StringTable Weak               Min:  0.1, Avg:  0.1, Max:  0.1, Diff:  0.0, Sum:  0.4, Workers: 4
[2402.359s][debug][gc,phases      ] GC(239)     Dead                           Min: 0, Avg:  0.0, Max: 0, Diff: 0, Sum: 0, Workers: 4
[2402.359s][debug][gc,phases      ] GC(239)     Total                          Min: 11392, Avg: 12040.0, Max: 12640, Diff: 1248, Sum: 48160, Workers: 4
[2402.359s][debug][gc,phases      ] GC(239)   ResolvedMethodTable Weak       Min:  0.0, Avg:  0.0, Max:  0.0, Diff:  0.0, Sum:  0.1, Workers: 4
[2402.359s][debug][gc,phases      ] GC(239)     Dead                           Min: 0, Avg:  0.0, Max: 0, Diff: 0, Sum: 0, Workers: 4
[2402.359s][debug][gc,phases      ] GC(239)     Total                          Min: 1600, Avg: 2102.0, Max: 2368, Diff: 768, Sum: 8408, Workers: 4
[2402.359s][debug][gc,phases      ] GC(239)   JNI Weak                       Min:  0.0, Avg:  0.0, Max:  0.0, Diff:  0.0, Sum:  0.0, Workers: 4
[2402.359s][debug][gc,phases      ] GC(239)     Dead                           Min: 0, Avg:  0.0, Max: 0, Diff: 0, Sum: 0, Workers: 4
[2402.359s][debug][gc,phases      ] GC(239)     Total                          Min: 0, Avg:  0.0, Max: 0, Diff: 0, Sum: 0, Workers: 4
[2402.359s][debug][gc,phases      ] GC(239)   StringDedup Table Weak         Min:  0.0, Avg:  0.0, Max:  0.0, Diff:  0.0, Sum:  0.0, Workers: 4
[2402.359s][debug][gc,phases      ] GC(239)     Dead                           Min: 0, Avg:  0.0, Max: 0, Diff: 0, Sum: 0, Workers: 4
[2402.359s][debug][gc,phases      ] GC(239)     Total                          Min: 0, Avg:  0.0, Max: 0, Diff: 0, Sum: 0, Workers: 4
[2402.359s][debug][gc,phases      ] GC(239)   StringDedup Requests0 Weak     Min:  0.0, Avg:  0.0, Max:  0.0, Diff:  0.0, Sum:  0.0, Workers: 4
[2402.359s][debug][gc,phases      ] GC(239)     Dead                           Min: 0, Avg:  0.0, Max: 0, Diff: 0, Sum: 0, Workers: 4
[2402.359s][debug][gc,phases      ] GC(239)     Total                          Min: 0, Avg:  0.0, Max: 0, Diff: 0, Sum: 0, Workers: 4
[2402.359s][debug][gc,phases      ] GC(239)   StringDedup Requests1 Weak     Min:  0.0, Avg:  0.0, Max:  0.0, Diff:  0.0, Sum:  0.0, Workers: 4
[2402.359s][debug][gc,phases      ] GC(239)     Dead                           Min: 0, Avg:  0.0, Max: 0, Diff: 0, Sum: 0, Workers: 4
[2402.359s][debug][gc,phases      ] GC(239)     Total                          Min: 0, Avg:  0.0, Max: 0, Diff: 0, Sum: 0, Workers: 4
[2402.359s][debug][gc,phases      ] GC(239)   Weak JFR Old Object Samples    Min:  0.0, Avg:  0.0, Max:  0.0, Diff:  0.0, Sum:  0.0, Workers: 4
[2402.359s][debug][gc,phases      ] GC(239)     Dead                           Min: 0, Avg:  0.0, Max: 0, Diff: 0, Sum: 0, Workers: 4
[2402.359s][debug][gc,phases      ] GC(239)     Total                          Min: 0, Avg:  0.0, Max: 0, Diff: 0, Sum: 0, Workers: 4
[2402.359s][debug][gc,phases      ] GC(239) Weak Processing 0.340ms
[2402.359s][debug][gc,age         ] GC(239) Desired survivor size 61341696 bytes, new threshold 15 (max threshold 15)
[2402.359s][info ][gc,heap        ] GC(239) PSYoungGen: 2022320K(2036736K)->47376K(2036224K) Eden: 1975808K(1975808K)->0K(1975808K) From: 46512K(60928K)->47376K(60416K)
[2402.359s][info ][gc,heap        ] GC(239) ParOldGen: 556990K(631296K)->556998K(631296K)
[2402.359s][info ][gc,metaspace   ] GC(239) Metaspace: 83679K(84544K)->83679K(84544K) NonClass: 72028K(72512K)->72028K(72512K) Class: 11650K(12032K)->11650K(12032K)
[2402.359s][info ][gc             ] GC(239) Pause Young (Allocation Failure) 2518M->590M(2605M) 15.160ms
[2402.359s][info ][gc,cpu         ] GC(239) User=0.06s Sys=0.00s Real=0.01s
[2402.359s][info ][safepoint      ] Safepoint "ParallelGCFailedAllocation", Time since last: 1371732567 ns, Reaching safepoint: 97302 ns, At safepoint: 15248800 ns, Total: 15346102 ns
[2411.539s][info ][gc,start       ] GC(240) Pause Young (Allocation Failure)
[2411.554s][debug][gc,phases      ] GC(240) Scavenge 14.311ms
[2411.554s][debug][gc,ref         ] GC(240) Skipped phase 1 of Reference Processing: no references
[2411.554s][debug][gc,ref         ] GC(240) ReferenceProcessor::execute queues: 1, RefProcThreadModel::Single, marks_oops_alive: false
[2411.554s][debug][gc,ref         ] GC(240) Skipped phase 3 of Reference Processing: no references
[2411.554s][debug][gc,ref         ] GC(240) ReferenceProcessor::execute queues: 1, RefProcThreadModel::Single, marks_oops_alive: false
[2411.554s][debug][gc,phases      ] GC(240) Reference Processing 0.147ms
[2411.554s][debug][gc,phases      ] GC(240)   VM Weak                        Min:  0.0, Avg:  0.0, Max:  0.0, Diff:  0.0, Sum:  0.0, Workers: 4
[2411.554s][debug][gc,phases      ] GC(240)     Dead                           Min: 0, Avg:  0.0, Max: 0, Diff: 0, Sum: 0, Workers: 4
[2411.554s][debug][gc,phases      ] GC(240)     Total                          Min: 0, Avg: 174.2, Max: 697, Diff: 697, Sum: 697, Workers: 4
[2411.554s][debug][gc,phases      ] GC(240)   ObjectSynchronizer Weak        Min:  0.0, Avg:  0.0, Max:  0.0, Diff:  0.0, Sum:  0.0, Workers: 4
[2411.554s][debug][gc,phases      ] GC(240)     Dead                           Min: 0, Avg:  0.0, Max: 0, Diff: 0, Sum: 0, Workers: 4
[2411.554s][debug][gc,phases      ] GC(240)     Total                          Min: 0, Avg: 104.8, Max: 227, Diff: 227, Sum: 419, Workers: 4
[2411.554s][debug][gc,phases      ] GC(240)   JVMTI Tag Weak OopStorage      Min:  0.0, Avg:  0.0, Max:  0.0, Diff:  0.0, Sum:  0.0, Workers: 4
[2411.554s][debug][gc,phases      ] GC(240)     Dead                           Min: 0, Avg:  0.0, Max: 0, Diff: 0, Sum: 0, Workers: 4
[2411.554s][debug][gc,phases      ] GC(240)     Total                          Min: 0, Avg:  0.0, Max: 0, Diff: 0, Sum: 0, Workers: 4
[2411.554s][debug][gc,phases      ] GC(240)   StringTable Weak               Min:  0.1, Avg:  0.1, Max:  0.1, Diff:  0.0, Sum:  0.5, Workers: 4
[2411.554s][debug][gc,phases      ] GC(240)     Dead                           Min: 0, Avg:  0.0, Max: 0, Diff: 0, Sum: 0, Workers: 4
[2411.554s][debug][gc,phases      ] GC(240)     Total                          Min: 10880, Avg: 12040.0, Max: 12800, Diff: 1920, Sum: 48160, Workers: 4
[2411.554s][debug][gc,phases      ] GC(240)   ResolvedMethodTable Weak       Min:  0.0, Avg:  0.0, Max:  0.0, Diff:  0.0, Sum:  0.1, Workers: 4
[2411.554s][debug][gc,phases      ] GC(240)     Dead                           Min: 0, Avg:  0.0, Max: 0, Diff: 0, Sum: 0, Workers: 4
[2411.554s][debug][gc,phases      ] GC(240)     Total                          Min: 1984, Avg: 2102.0, Max: 2264, Diff: 280, Sum: 8408, Workers: 4
[2411.554s][debug][gc,phases      ] GC(240)   JNI Weak                       Min:  0.0, Avg:  0.0, Max:  0.0, Diff:  0.0, Sum:  0.0, Workers: 4
[2411.554s][debug][gc,phases      ] GC(240)     Dead                           Min: 0, Avg:  0.0, Max: 0, Diff: 0, Sum: 0, Workers: 4
[2411.554s][debug][gc,phases      ] GC(240)     Total                          Min: 0, Avg:  0.0, Max: 0, Diff: 0, Sum: 0, Workers: 4
[2411.554s][debug][gc,phases      ] GC(240)   StringDedup Table Weak         Min:  0.0, Avg:  0.0, Max:  0.0, Diff:  0.0, Sum:  0.0, Workers: 4
[2411.554s][debug][gc,phases      ] GC(240)     Dead                           Min: 0, Avg:  0.0, Max: 0, Diff: 0, Sum: 0, Workers: 4
[2411.554s][debug][gc,phases      ] GC(240)     Total                          Min: 0, Avg:  0.0, Max: 0, Diff: 0, Sum: 0, Workers: 4
[2411.554s][debug][gc,phases      ] GC(240)   StringDedup Requests0 Weak     Min:  0.0, Avg:  0.0, Max:  0.0, Diff:  0.0, Sum:  0.0, Workers: 4
[2411.554s][debug][gc,phases      ] GC(240)     Dead                           Min: 0, Avg:  0.0, Max: 0, Diff: 0, Sum: 0, Workers: 4
[2411.554s][debug][gc,phases      ] GC(240)     Total                          Min: 0, Avg:  0.0, Max: 0, Diff: 0, Sum: 0, Workers: 4
[2411.554s][debug][gc,phases      ] GC(240)   StringDedup Requests1 Weak     Min:  0.0, Avg:  0.0, Max:  0.0, Diff:  0.0, Sum:  0.0, Workers: 4
[2411.554s][debug][gc,phases      ] GC(240)     Dead                           Min: 0, Avg:  0.0, Max: 0, Diff: 0, Sum: 0, Workers: 4
[2411.554s][debug][gc,phases      ] GC(240)     Total                          Min: 0, Avg:  0.0, Max: 0, Diff: 0, Sum: 0, Workers: 4
[2411.554s][debug][gc,phases      ] GC(240)   Weak JFR Old Object Samples    Min:  0.0, Avg:  0.0, Max:  0.0, Diff:  0.0, Sum:  0.0, Workers: 4
[2411.554s][debug][gc,phases      ] GC(240)     Dead                           Min: 0, Avg:  0.0, Max: 0, Diff: 0, Sum: 0, Workers: 4
[2411.554s][debug][gc,phases      ] GC(240)     Total                          Min: 0, Avg:  0.0, Max: 0, Diff: 0, Sum: 0, Workers: 4
[2411.554s][debug][gc,phases      ] GC(240) Weak Processing 0.320ms
[2411.554s][debug][gc,age         ] GC(240) Desired survivor size 60817408 bytes, new threshold 15 (max threshold 15)
[2411.554s][info ][gc,heap        ] GC(240) PSYoungGen: 2023184K(2036224K)->45232K(2037760K) Eden: 1975808K(1975808K)->0K(1977856K) From: 47376K(60416K)->45232K(59904K)
[2411.554s][info ][gc,heap        ] GC(240) ParOldGen: 556998K(631296K)->557014K(631296K)
[2411.554s][info ][gc,metaspace   ] GC(240) Metaspace: 83685K(84544K)->83685K(84544K) NonClass: 72034K(72512K)->72034K(72512K) Class: 11650K(12032K)->11650K(12032K)
[2411.554s][info ][gc             ] GC(240) Pause Young (Allocation Failure) 2519M->588M(2606M) 14.942ms
[2411.554s][info ][gc,cpu         ] GC(240) User=0.05s Sys=0.00s Real=0.02s
[2411.554s][info ][safepoint      ] Safepoint "ParallelGCFailedAllocation", Time since last: 9179769558 ns, Reaching safepoint: 116302 ns, At safepoint: 15053496 ns, Total: 15169798 ns
[2420.241s][info ][gc,start       ] GC(241) Pause Young (Allocation Failure)
[2420.257s][debug][gc,phases      ] GC(241) Scavenge 15.995ms
[2420.257s][debug][gc,ref         ] GC(241) Skipped phase 1 of Reference Processing: no references
[2420.257s][debug][gc,ref         ] GC(241) ReferenceProcessor::execute queues: 1, RefProcThreadModel::Single, marks_oops_alive: false
[2420.257s][debug][gc,ref         ] GC(241) Skipped phase 3 of Reference Processing: no references
[2420.257s][debug][gc,ref         ] GC(241) ReferenceProcessor::execute queues: 1, RefProcThreadModel::Single, marks_oops_alive: false
[2420.257s][debug][gc,phases      ] GC(241) Reference Processing 0.123ms
[2420.257s][debug][gc,phases      ] GC(241)   VM Weak                        Min:  0.0, Avg:  0.0, Max:  0.0, Diff:  0.0, Sum:  0.0, Workers: 4
[2420.257s][debug][gc,phases      ] GC(241)     Dead                           Min: 0, Avg:  0.0, Max: 0, Diff: 0, Sum: 0, Workers: 4
[2420.257s][debug][gc,phases      ] GC(241)     Total                          Min: 0, Avg: 174.2, Max: 697, Diff: 697, Sum: 697, Workers: 4
[2420.257s][debug][gc,phases      ] GC(241)   ObjectSynchronizer Weak        Min:  0.0, Avg:  0.0, Max:  0.0, Diff:  0.0, Sum:  0.0, Workers: 4
[2420.257s][debug][gc,phases      ] GC(241)     Dead                           Min: 0, Avg:  0.0, Max: 0, Diff: 0, Sum: 0, Workers: 4
[2420.257s][debug][gc,phases      ] GC(241)     Total                          Min: 0, Avg: 104.8, Max: 163, Diff: 163, Sum: 419, Workers: 4
[2420.257s][debug][gc,phases      ] GC(241)   JVMTI Tag Weak OopStorage      Min:  0.0, Avg:  0.0, Max:  0.0, Diff:  0.0, Sum:  0.0, Workers: 4
[2420.257s][debug][gc,phases      ] GC(241)     Dead                           Min: 0, Avg:  0.0, Max: 0, Diff: 0, Sum: 0, Workers: 4
[2420.257s][debug][gc,phases      ] GC(241)     Total                          Min: 0, Avg:  0.0, Max: 0, Diff: 0, Sum: 0, Workers: 4
[2420.257s][debug][gc,phases      ] GC(241)   StringTable Weak               Min:  0.1, Avg:  0.1, Max:  0.1, Diff:  0.0, Sum:  0.5, Workers: 4
[2420.257s][debug][gc,phases      ] GC(241)     Dead                           Min: 0, Avg:  0.0, Max: 0, Diff: 0, Sum: 0, Workers: 4
[2420.257s][debug][gc,phases      ] GC(241)     Total                          Min: 11456, Avg: 12040.0, Max: 13024, Diff: 1568, Sum: 48160, Workers: 4
[2420.257s][debug][gc,phases      ] GC(241)   ResolvedMethodTable Weak       Min:  0.0, Avg:  0.0, Max:  0.0, Diff:  0.0, Sum:  0.1, Workers: 4
[2420.257s][debug][gc,phases      ] GC(241)     Dead                           Min: 0, Avg:  0.0, Max: 0, Diff: 0, Sum: 0, Workers: 4
[2420.257s][debug][gc,phases      ] GC(241)     Total                          Min: 1856, Avg: 2102.0, Max: 2328, Diff: 472, Sum: 8408, Workers: 4
[2420.257s][debug][gc,phases      ] GC(241)   JNI Weak                       Min:  0.0, Avg:  0.0, Max:  0.0, Diff:  0.0, Sum:  0.0, Workers: 4
[2420.257s][debug][gc,phases      ] GC(241)     Dead                           Min: 0, Avg:  0.0, Max: 0, Diff: 0, Sum: 0, Workers: 4
[2420.257s][debug][gc,phases      ] GC(241)     Total                          Min: 0, Avg:  0.0, Max: 0, Diff: 0, Sum: 0, Workers: 4
[2420.257s][debug][gc,phases      ] GC(241)   StringDedup Table Weak         Min:  0.0, Avg:  0.0, Max:  0.0, Diff:  0.0, Sum:  0.0, Workers: 4
[2420.257s][debug][gc,phases      ] GC(241)     Dead                           Min: 0, Avg:  0.0, Max: 0, Diff: 0, Sum: 0, Workers: 4
[2420.257s][debug][gc,phases      ] GC(241)     Total                          Min: 0, Avg:  0.0, Max: 0, Diff: 0, Sum: 0, Workers: 4
[2420.257s][debug][gc,phases      ] GC(241)   StringDedup Requests0 Weak     Min:  0.0, Avg:  0.0, Max:  0.0, Diff:  0.0, Sum:  0.0, Workers: 4
[2420.257s][debug][gc,phases      ] GC(241)     Dead                           Min: 0, Avg:  0.0, Max: 0, Diff: 0, Sum: 0, Workers: 4
[2420.257s][debug][gc,phases      ] GC(241)     Total                          Min: 0, Avg:  0.0, Max: 0, Diff: 0, Sum: 0, Workers: 4
[2420.257s][debug][gc,phases      ] GC(241)   StringDedup Requests1 Weak     Min:  0.0, Avg:  0.0, Max:  0.0, Diff:  0.0, Sum:  0.0, Workers: 4
[2420.257s][debug][gc,phases      ] GC(241)     Dead                           Min: 0, Avg:  0.0, Max: 0, Diff: 0, Sum: 0, Workers: 4
[2420.257s][debug][gc,phases      ] GC(241)     Total                          Min: 0, Avg:  0.0, Max: 0, Diff: 0, Sum: 0, Workers: 4
[2420.257s][debug][gc,phases      ] GC(241)   Weak JFR Old Object Samples    Min:  0.0, Avg:  0.0, Max:  0.0, Diff:  0.0, Sum:  0.0, Workers: 4
[2420.257s][debug][gc,phases      ] GC(241)     Dead                           Min: 0, Avg:  0.0, Max: 0, Diff: 0, Sum: 0, Workers: 4
[2420.257s][debug][gc,phases      ] GC(241)     Total                          Min: 0, Avg:  0.0, Max: 0, Diff: 0, Sum: 0, Workers: 4
[2420.258s][debug][gc,phases      ] GC(241) Weak Processing 0.338ms
[2420.258s][debug][gc,age         ] GC(241) Desired survivor size 60293120 bytes, new threshold 15 (max threshold 15)
[2420.258s][info ][gc,heap        ] GC(241) PSYoungGen: 2023088K(2037760K)->50272K(2037248K) Eden: 1977856K(1977856K)->0K(1977856K) From: 45232K(59904K)->50272K(59392K)
[2420.258s][info ][gc,heap        ] GC(241) ParOldGen: 557014K(631296K)->557078K(631296K)
[2420.258s][info ][gc,metaspace   ] GC(241) Metaspace: 83685K(84544K)->83685K(84544K) NonClass: 72034K(72512K)->72034K(72512K) Class: 11650K(12032K)->11650K(12032K)
[2420.258s][info ][gc             ] GC(241) Pause Young (Allocation Failure) 2519M->593M(2606M) 16.598ms
[2420.258s][info ][gc,cpu         ] GC(241) User=0.06s Sys=0.00s Real=0.02s
[2420.258s][info ][safepoint      ] Safepoint "ParallelGCFailedAllocation", Time since last: 8686592148 ns, Reaching safepoint: 104202 ns, At safepoint: 16693229 ns, Total: 16797431 ns
[2429.808s][info ][gc,start       ] GC(242) Pause Young (Allocation Failure)
[2429.823s][debug][gc,phases      ] GC(242) Scavenge 15.504ms
[2429.823s][debug][gc,ref         ] GC(242) Skipped phase 1 of Reference Processing: no references
[2429.824s][debug][gc,ref         ] GC(242) ReferenceProcessor::execute queues: 1, RefProcThreadModel::Single, marks_oops_alive: false
[2429.824s][debug][gc,ref         ] GC(242) Skipped phase 3 of Reference Processing: no references
[2429.824s][debug][gc,ref         ] GC(242) ReferenceProcessor::execute queues: 1, RefProcThreadModel::Single, marks_oops_alive: false
[2429.824s][debug][gc,phases      ] GC(242) Reference Processing 0.115ms
[2429.824s][debug][gc,phases      ] GC(242)   VM Weak                        Min:  0.0, Avg:  0.0, Max:  0.0, Diff:  0.0, Sum:  0.0, Workers: 4
[2429.824s][debug][gc,phases      ] GC(242)     Dead                           Min: 0, Avg:  0.0, Max: 0, Diff: 0, Sum: 0, Workers: 4
[2429.824s][debug][gc,phases      ] GC(242)     Total                          Min: 0, Avg: 174.2, Max: 633, Diff: 633, Sum: 697, Workers: 4
[2429.824s][debug][gc,phases      ] GC(242)   ObjectSynchronizer Weak        Min:  0.0, Avg:  0.0, Max:  0.0, Diff:  0.0, Sum:  0.0, Workers: 4
[2429.824s][debug][gc,phases      ] GC(242)     Dead                           Min: 0, Avg:  0.0, Max: 0, Diff: 0, Sum: 0, Workers: 4
[2429.824s][debug][gc,phases      ] GC(242)     Total                          Min: 0, Avg: 104.8, Max: 256, Diff: 256, Sum: 419, Workers: 4
[2429.824s][debug][gc,phases      ] GC(242)   JVMTI Tag Weak OopStorage      Min:  0.0, Avg:  0.0, Max:  0.0, Diff:  0.0, Sum:  0.0, Workers: 4
[2429.824s][debug][gc,phases      ] GC(242)     Dead                           Min: 0, Avg:  0.0, Max: 0, Diff: 0, Sum: 0, Workers: 4
[2429.824s][debug][gc,phases      ] GC(242)     Total                          Min: 0, Avg:  0.0, Max: 0, Diff: 0, Sum: 0, Workers: 4
[2429.824s][debug][gc,phases      ] GC(242)   StringTable Weak               Min:  0.1, Avg:  0.1, Max:  0.1, Diff:  0.0, Sum:  0.5, Workers: 4
[2429.824s][debug][gc,phases      ] GC(242)     Dead                           Min: 0, Avg:  0.0, Max: 0, Diff: 0, Sum: 0, Workers: 4
[2429.824s][debug][gc,phases      ] GC(242)     Total                          Min: 11106, Avg: 12040.5, Max: 13568, Diff: 2462, Sum: 48162, Workers: 4
[2429.824s][debug][gc,phases      ] GC(242)   ResolvedMethodTable Weak       Min:  0.0, Avg:  0.0, Max:  0.0, Diff:  0.0, Sum:  0.1, Workers: 4
[2429.824s][debug][gc,phases      ] GC(242)     Dead                           Min: 0, Avg:  0.0, Max: 0, Diff: 0, Sum: 0, Workers: 4
[2429.824s][debug][gc,phases      ] GC(242)     Total                          Min: 2048, Avg: 2102.0, Max: 2176, Diff: 128, Sum: 8408, Workers: 4
[2429.824s][debug][gc,phases      ] GC(242)   JNI Weak                       Min:  0.0, Avg:  0.0, Max:  0.0, Diff:  0.0, Sum:  0.0, Workers: 4
[2429.824s][debug][gc,phases      ] GC(242)     Dead                           Min: 0, Avg:  0.0, Max: 0, Diff: 0, Sum: 0, Workers: 4
[2429.824s][debug][gc,phases      ] GC(242)     Total                          Min: 0, Avg:  0.0, Max: 0, Diff: 0, Sum: 0, Workers: 4
[2429.824s][debug][gc,phases      ] GC(242)   StringDedup Table Weak         Min:  0.0, Avg:  0.0, Max:  0.0, Diff:  0.0, Sum:  0.0, Workers: 4
[2429.824s][debug][gc,phases      ] GC(242)     Dead                           Min: 0, Avg:  0.0, Max: 0, Diff: 0, Sum: 0, Workers: 4
[2429.824s][debug][gc,phases      ] GC(242)     Total                          Min: 0, Avg:  0.0, Max: 0, Diff: 0, Sum: 0, Workers: 4
[2429.824s][debug][gc,phases      ] GC(242)   StringDedup Requests0 Weak     Min:  0.0, Avg:  0.0, Max:  0.0, Diff:  0.0, Sum:  0.0, Workers: 4
[2429.824s][debug][gc,phases      ] GC(242)     Dead                           Min: 0, Avg:  0.0, Max: 0, Diff: 0, Sum: 0, Workers: 4
[2429.824s][debug][gc,phases      ] GC(242)     Total                          Min: 0, Avg:  0.0, Max: 0, Diff: 0, Sum: 0, Workers: 4
[2429.824s][debug][gc,phases      ] GC(242)   StringDedup Requests1 Weak     Min:  0.0, Avg:  0.0, Max:  0.0, Diff:  0.0, Sum:  0.0, Workers: 4
[2429.824s][debug][gc,phases      ] GC(242)     Dead                           Min: 0, Avg:  0.0, Max: 0, Diff: 0, Sum: 0, Workers: 4
[2429.824s][debug][gc,phases      ] GC(242)     Total                          Min: 0, Avg:  0.0, Max: 0, Diff: 0, Sum: 0, Workers: 4
[2429.824s][debug][gc,phases      ] GC(242)   Weak JFR Old Object Samples    Min:  0.0, Avg:  0.0, Max:  0.0, Diff:  0.0, Sum:  0.0, Workers: 4
[2429.824s][debug][gc,phases      ] GC(242)     Dead                           Min: 0, Avg:  0.0, Max: 0, Diff: 0, Sum: 0, Workers: 4
[2429.824s][debug][gc,phases      ] GC(242)     Total                          Min: 0, Avg:  0.0, Max: 0, Diff: 0, Sum: 0, Workers: 4
[2429.824s][debug][gc,phases      ] GC(242) Weak Processing 0.335ms
[2429.824s][debug][gc,age         ] GC(242) Desired survivor size 59768832 bytes, new threshold 15 (max threshold 15)
[2429.824s][info ][gc,heap        ] GC(242) PSYoungGen: 2028128K(2037248K)->49952K(2038784K) Eden: 1977856K(1977856K)->0K(1979904K) From: 50272K(59392K)->49952K(58880K)
[2429.824s][info ][gc,heap        ] GC(242) ParOldGen: 557078K(631296K)->557110K(631296K)
[2429.824s][info ][gc,metaspace   ] GC(242) Metaspace: 83687K(84544K)->83687K(84544K) NonClass: 72036K(72512K)->72036K(72512K) Class: 11650K(12032K)->11650K(12032K)
[2429.824s][info ][gc             ] GC(242) Pause Young (Allocation Failure) 2524M->592M(2607M) 16.074ms
[2429.824s][info ][gc,cpu         ] GC(242) User=0.06s Sys=0.00s Real=0.02s
[2429.824s][info ][safepoint      ] Safepoint "ParallelGCFailedAllocation", Time since last: 9550102506 ns, Reaching safepoint: 112502 ns, At safepoint: 16184718 ns, Total: 16297220 ns
[2439.412s][info ][gc,start       ] GC(243) Pause Young (Allocation Failure)
[2439.427s][debug][gc,phases      ] GC(243) Scavenge 15.367ms
[2439.427s][debug][gc,ref         ] GC(243) Skipped phase 1 of Reference Processing: no references
[2439.427s][debug][gc,ref         ] GC(243) Skipped phase 2 of Reference Processing: no references
[2439.427s][debug][gc,ref         ] GC(243) Skipped phase 3 of Reference Processing: no references
[2439.427s][debug][gc,ref         ] GC(243) ReferenceProcessor::execute queues: 1, RefProcThreadModel::Single, marks_oops_alive: false
[2439.427s][debug][gc,phases      ] GC(243) Reference Processing 0.124ms
[2439.428s][debug][gc,phases      ] GC(243)   VM Weak                        Min:  0.0, Avg:  0.0, Max:  0.0, Diff:  0.0, Sum:  0.0, Workers: 4
[2439.428s][debug][gc,phases      ] GC(243)     Dead                           Min: 0, Avg:  0.0, Max: 0, Diff: 0, Sum: 0, Workers: 4
[2439.428s][debug][gc,phases      ] GC(243)     Total                          Min: 0, Avg: 174.2, Max: 384, Diff: 384, Sum: 697, Workers: 4
[2439.428s][debug][gc,phases      ] GC(243)   ObjectSynchronizer Weak        Min:  0.0, Avg:  0.0, Max:  0.0, Diff:  0.0, Sum:  0.0, Workers: 4
[2439.428s][debug][gc,phases      ] GC(243)     Dead                           Min: 0, Avg:  0.0, Max: 0, Diff: 0, Sum: 0, Workers: 4
[2439.428s][debug][gc,phases      ] GC(243)     Total                          Min: 0, Avg: 104.8, Max: 192, Diff: 192, Sum: 419, Workers: 4
[2439.428s][debug][gc,phases      ] GC(243)   JVMTI Tag Weak OopStorage      Min:  0.0, Avg:  0.0, Max:  0.0, Diff:  0.0, Sum:  0.0, Workers: 4
[2439.428s][debug][gc,phases      ] GC(243)     Dead                           Min: 0, Avg:  0.0, Max: 0, Diff: 0, Sum: 0, Workers: 4
[2439.428s][debug][gc,phases      ] GC(243)     Total                          Min: 0, Avg:  0.0, Max: 0, Diff: 0, Sum: 0, Workers: 4
[2439.428s][debug][gc,phases      ] GC(243)   StringTable Weak               Min:  0.1, Avg:  0.1, Max:  0.1, Diff:  0.0, Sum:  0.5, Workers: 4
[2439.428s][debug][gc,phases      ] GC(243)     Dead                           Min: 0, Avg:  0.0, Max: 0, Diff: 0, Sum: 0, Workers: 4
[2439.428s][debug][gc,phases      ] GC(243)     Total                          Min: 10624, Avg: 12040.5, Max: 13120, Diff: 2496, Sum: 48162, Workers: 4
[2439.428s][debug][gc,phases      ] GC(243)   ResolvedMethodTable Weak       Min:  0.0, Avg:  0.0, Max:  0.0, Diff:  0.0, Sum:  0.1, Workers: 4
[2439.428s][debug][gc,phases      ] GC(243)     Dead                           Min: 0, Avg:  0.0, Max: 0, Diff: 0, Sum: 0, Workers: 4
[2439.428s][debug][gc,phases      ] GC(243)     Total                          Min: 2072, Avg: 2102.0, Max: 2112, Diff: 40, Sum: 8408, Workers: 4
[2439.428s][debug][gc,phases      ] GC(243)   JNI Weak                       Min:  0.0, Avg:  0.0, Max:  0.0, Diff:  0.0, Sum:  0.0, Workers: 4
[2439.428s][debug][gc,phases      ] GC(243)     Dead                           Min: 0, Avg:  0.0, Max: 0, Diff: 0, Sum: 0, Workers: 4
[2439.428s][debug][gc,phases      ] GC(243)     Total                          Min: 0, Avg:  0.0, Max: 0, Diff: 0, Sum: 0, Workers: 4
[2439.428s][debug][gc,phases      ] GC(243)   StringDedup Table Weak         Min:  0.0, Avg:  0.0, Max:  0.0, Diff:  0.0, Sum:  0.0, Workers: 4
[2439.428s][debug][gc,phases      ] GC(243)     Dead                           Min: 0, Avg:  0.0, Max: 0, Diff: 0, Sum: 0, Workers: 4
[2439.428s][debug][gc,phases      ] GC(243)     Total                          Min: 0, Avg:  0.0, Max: 0, Diff: 0, Sum: 0, Workers: 4
[2439.428s][debug][gc,phases      ] GC(243)   StringDedup Requests0 Weak     Min:  0.0, Avg:  0.0, Max:  0.0, Diff:  0.0, Sum:  0.0, Workers: 4
[2439.428s][debug][gc,phases      ] GC(243)     Dead                           Min: 0, Avg:  0.0, Max: 0, Diff: 0, Sum: 0, Workers: 4
[2439.428s][debug][gc,phases      ] GC(243)     Total                          Min: 0, Avg:  0.0, Max: 0, Diff: 0, Sum: 0, Workers: 4
[2439.428s][debug][gc,phases      ] GC(243)   StringDedup Requests1 Weak     Min:  0.0, Avg:  0.0, Max:  0.0, Diff:  0.0, Sum:  0.0, Workers: 4
[2439.428s][debug][gc,phases      ] GC(243)     Dead                           Min: 0, Avg:  0.0, Max: 0, Diff: 0, Sum: 0, Workers: 4
[2439.428s][debug][gc,phases      ] GC(243)     Total                          Min: 0, Avg:  0.0, Max: 0, Diff: 0, Sum: 0, Workers: 4
[2439.428s][debug][gc,phases      ] GC(243)   Weak JFR Old Object Samples    Min:  0.0, Avg:  0.0, Max:  0.0, Diff:  0.0, Sum:  0.0, Workers: 4
[2439.428s][debug][gc,phases      ] GC(243)     Dead                           Min: 0, Avg:  0.0, Max: 0, Diff: 0, Sum: 0, Workers: 4
[2439.428s][debug][gc,phases      ] GC(243)     Total                          Min: 0, Avg:  0.0, Max: 0, Diff: 0, Sum: 0, Workers: 4
[2439.428s][debug][gc,phases      ] GC(243) Weak Processing 0.347ms
[2439.428s][debug][gc,age         ] GC(243) Desired survivor size 59244544 bytes, new threshold 15 (max threshold 15)
[2439.428s][info ][gc,heap        ] GC(243) PSYoungGen: 2029856K(2038784K)->47136K(2038272K) Eden: 1979904K(1979904K)->0K(1979904K) From: 49952K(58880K)->47136K(58368K)
[2439.428s][info ][gc,heap        ] GC(243) ParOldGen: 557110K(631296K)->557158K(631296K)
[2439.428s][info ][gc,metaspace   ] GC(243) Metaspace: 83687K(84544K)->83687K(84544K) NonClass: 72036K(72512K)->72036K(72512K) Class: 11650K(12032K)->11650K(12032K)
[2439.428s][info ][gc             ] GC(243) Pause Young (Allocation Failure) 2526M->590M(2607M) 15.969ms
[2439.428s][info ][gc,cpu         ] GC(243) User=0.07s Sys=0.00s Real=0.01s
[2439.428s][info ][safepoint      ] Safepoint "ParallelGCFailedAllocation", Time since last: 9587618427 ns, Reaching safepoint: 104702 ns, At safepoint: 16084616 ns, Total: 16189318 ns
[2448.910s][info ][gc,start       ] GC(244) Pause Young (Allocation Failure)
[2448.926s][debug][gc,phases      ] GC(244) Scavenge 16.658ms
[2448.926s][debug][gc,ref         ] GC(244) Skipped phase 1 of Reference Processing: no references
[2448.926s][debug][gc,ref         ] GC(244) Skipped phase 2 of Reference Processing: no references
[2448.926s][debug][gc,ref         ] GC(244) Skipped phase 3 of Reference Processing: no references
[2448.926s][debug][gc,ref         ] GC(244) ReferenceProcessor::execute queues: 1, RefProcThreadModel::Single, marks_oops_alive: false
[2448.926s][debug][gc,phases      ] GC(244) Reference Processing 0.123ms
[2448.927s][debug][gc,phases      ] GC(244)   VM Weak                        Min:  0.0, Avg:  0.0, Max:  0.0, Diff:  0.0, Sum:  0.0, Workers: 4
[2448.927s][debug][gc,phases      ] GC(244)     Dead                           Min: 0, Avg:  0.0, Max: 0, Diff: 0, Sum: 0, Workers: 4
[2448.927s][debug][gc,phases      ] GC(244)     Total                          Min: 0, Avg: 174.2, Max: 633, Diff: 633, Sum: 697, Workers: 4
[2448.927s][debug][gc,phases      ] GC(244)   ObjectSynchronizer Weak        Min:  0.0, Avg:  0.0, Max:  0.0, Diff:  0.0, Sum:  0.0, Workers: 4
[2448.927s][debug][gc,phases      ] GC(244)     Dead                           Min: 0, Avg:  0.0, Max: 0, Diff: 0, Sum: 0, Workers: 4
[2448.927s][debug][gc,phases      ] GC(244)     Total                          Min: 0, Avg: 104.8, Max: 227, Diff: 227, Sum: 419, Workers: 4
[2448.927s][debug][gc,phases      ] GC(244)   JVMTI Tag Weak OopStorage      Min:  0.0, Avg:  0.0, Max:  0.0, Diff:  0.0, Sum:  0.0, Workers: 4
[2448.927s][debug][gc,phases      ] GC(244)     Dead                           Min: 0, Avg:  0.0, Max: 0, Diff: 0, Sum: 0, Workers: 4
[2448.927s][debug][gc,phases      ] GC(244)     Total                          Min: 0, Avg:  0.0, Max: 0, Diff: 0, Sum: 0, Workers: 4
[2448.927s][debug][gc,phases      ] GC(244)   StringTable Weak               Min:  0.1, Avg:  0.1, Max:  0.1, Diff:  0.0, Sum:  0.5, Workers: 4
[2448.927s][debug][gc,phases      ] GC(244)     Dead                           Min: 0, Avg:  0.0, Max: 0, Diff: 0, Sum: 0, Workers: 4
[2448.927s][debug][gc,phases      ] GC(244)     Total                          Min: 11328, Avg: 12040.5, Max: 12864, Diff: 1536, Sum: 48162, Workers: 4
[2448.927s][debug][gc,phases      ] GC(244)   ResolvedMethodTable Weak       Min:  0.0, Avg:  0.0, Max:  0.0, Diff:  0.0, Sum:  0.1, Workers: 4
[2448.927s][debug][gc,phases      ] GC(244)     Dead                           Min: 0, Avg:  0.0, Max: 0, Diff: 0, Sum: 0, Workers: 4
[2448.927s][debug][gc,phases      ] GC(244)     Total                          Min: 2048, Avg: 2102.0, Max: 2176, Diff: 128, Sum: 8408, Workers: 4
[2448.927s][debug][gc,phases      ] GC(244)   JNI Weak                       Min:  0.0, Avg:  0.0, Max:  0.0, Diff:  0.0, Sum:  0.0, Workers: 4
[2448.927s][debug][gc,phases      ] GC(244)     Dead                           Min: 0, Avg:  0.0, Max: 0, Diff: 0, Sum: 0, Workers: 4
[2448.927s][debug][gc,phases      ] GC(244)     Total                          Min: 0, Avg:  0.0, Max: 0, Diff: 0, Sum: 0, Workers: 4
[2448.927s][debug][gc,phases      ] GC(244)   StringDedup Table Weak         Min:  0.0, Avg:  0.0, Max:  0.0, Diff:  0.0, Sum:  0.0, Workers: 4
[2448.927s][debug][gc,phases      ] GC(244)     Dead                           Min: 0, Avg:  0.0, Max: 0, Diff: 0, Sum: 0, Workers: 4
[2448.927s][debug][gc,phases      ] GC(244)     Total                          Min: 0, Avg:  0.0, Max: 0, Diff: 0, Sum: 0, Workers: 4
[2448.927s][debug][gc,phases      ] GC(244)   StringDedup Requests0 Weak     Min:  0.0, Avg:  0.0, Max:  0.0, Diff:  0.0, Sum:  0.0, Workers: 4
[2448.927s][debug][gc,phases      ] GC(244)     Dead                           Min: 0, Avg:  0.0, Max: 0, Diff: 0, Sum: 0, Workers: 4
[2448.927s][debug][gc,phases      ] GC(244)     Total                          Min: 0, Avg:  0.0, Max: 0, Diff: 0, Sum: 0, Workers: 4
[2448.927s][debug][gc,phases      ] GC(244)   StringDedup Requests1 Weak     Min:  0.0, Avg:  0.0, Max:  0.0, Diff:  0.0, Sum:  0.0, Workers: 4
[2448.927s][debug][gc,phases      ] GC(244)     Dead                           Min: 0, Avg:  0.0, Max: 0, Diff: 0, Sum: 0, Workers: 4
[2448.927s][debug][gc,phases      ] GC(244)     Total                          Min: 0, Avg:  0.0, Max: 0, Diff: 0, Sum: 0, Workers: 4
[2448.927s][debug][gc,phases      ] GC(244)   Weak JFR Old Object Samples    Min:  0.0, Avg:  0.0, Max:  0.0, Diff:  0.0, Sum:  0.0, Workers: 4
[2448.927s][debug][gc,phases      ] GC(244)     Dead                           Min: 0, Avg:  0.0, Max: 0, Diff: 0, Sum: 0, Workers: 4
[2448.927s][debug][gc,phases      ] GC(244)     Total                          Min: 0, Avg:  0.0, Max: 0, Diff: 0, Sum: 0, Workers: 4
[2448.927s][debug][gc,phases      ] GC(244) Weak Processing 0.348ms
[2448.927s][debug][gc,age         ] GC(244) Desired survivor size 58720256 bytes, new threshold 15 (max threshold 15)
[2448.927s][info ][gc,heap        ] GC(244) PSYoungGen: 2027040K(2038272K)->49632K(2039808K) Eden: 1979904K(1979904K)->0K(1981952K) From: 47136K(58368K)->49632K(57856K)
[2448.927s][info ][gc,heap        ] GC(244) ParOldGen: 557158K(631296K)->557182K(631296K)
[2448.927s][info ][gc,metaspace   ] GC(244) Metaspace: 83687K(84544K)->83687K(84544K) NonClass: 72036K(72512K)->72036K(72512K) Class: 11650K(12032K)->11650K(12032K)
[2448.927s][info ][gc             ] GC(244) Pause Young (Allocation Failure) 2523M->592M(2608M) 17.256ms
[2448.927s][info ][gc,cpu         ] GC(244) User=0.05s Sys=0.02s Real=0.02s
[2448.927s][info ][safepoint      ] Safepoint "ParallelGCFailedAllocation", Time since last: 9481553827 ns, Reaching safepoint: 112502 ns, At safepoint: 17373642 ns, Total: 17486144 ns
[2449.927s][info ][safepoint      ] Safepoint "Cleanup", Time since last: 1000088852 ns, Reaching safepoint: 55701 ns, At safepoint: 9500 ns, Total: 65201 ns
[2450.927s][info ][safepoint      ] Safepoint "Cleanup", Time since last: 1000102353 ns, Reaching safepoint: 50101 ns, At safepoint: 7900 ns, Total: 58001 ns
[2452.927s][info ][safepoint      ] Safepoint "Cleanup", Time since last: 2000170303 ns, Reaching safepoint: 50601 ns, At safepoint: 3401 ns, Total: 54002 ns
[2457.816s][info ][gc,start       ] GC(245) Pause Young (Allocation Failure)
[2457.833s][debug][gc,phases      ] GC(245) Scavenge 16.507ms
[2457.833s][debug][gc,ref         ] GC(245) Skipped phase 1 of Reference Processing: no references
[2457.833s][debug][gc,ref         ] GC(245) Skipped phase 2 of Reference Processing: no references
[2457.833s][debug][gc,ref         ] GC(245) Skipped phase 3 of Reference Processing: no references
[2457.833s][debug][gc,ref         ] GC(245) ReferenceProcessor::execute queues: 1, RefProcThreadModel::Single, marks_oops_alive: false
[2457.833s][debug][gc,phases      ] GC(245) Reference Processing 0.124ms
[2457.833s][debug][gc,phases      ] GC(245)   VM Weak                        Min:  0.0, Avg:  0.0, Max:  0.0, Diff:  0.0, Sum:  0.0, Workers: 4
[2457.833s][debug][gc,phases      ] GC(245)     Dead                           Min: 0, Avg:  0.0, Max: 0, Diff: 0, Sum: 0, Workers: 4
[2457.833s][debug][gc,phases      ] GC(245)     Total                          Min: 0, Avg: 174.2, Max: 512, Diff: 512, Sum: 697, Workers: 4
[2457.833s][debug][gc,phases      ] GC(245)   ObjectSynchronizer Weak        Min:  0.0, Avg:  0.0, Max:  0.0, Diff:  0.0, Sum:  0.0, Workers: 4
[2457.833s][debug][gc,phases      ] GC(245)     Dead                           Min: 0, Avg:  0.0, Max: 0, Diff: 0, Sum: 0, Workers: 4
[2457.833s][debug][gc,phases      ] GC(245)     Total                          Min: 0, Avg: 104.8, Max: 227, Diff: 227, Sum: 419, Workers: 4
[2457.833s][debug][gc,phases      ] GC(245)   JVMTI Tag Weak OopStorage      Min:  0.0, Avg:  0.0, Max:  0.0, Diff:  0.0, Sum:  0.0, Workers: 4
[2457.833s][debug][gc,phases      ] GC(245)     Dead                           Min: 0, Avg:  0.0, Max: 0, Diff: 0, Sum: 0, Workers: 4
[2457.833s][debug][gc,phases      ] GC(245)     Total                          Min: 0, Avg:  0.0, Max: 0, Diff: 0, Sum: 0, Workers: 4
[2457.833s][debug][gc,phases      ] GC(245)   StringTable Weak               Min:  0.1, Avg:  0.1, Max:  0.1, Diff:  0.0, Sum:  0.5, Workers: 4
[2457.833s][debug][gc,phases      ] GC(245)     Dead                           Min: 0, Avg:  0.0, Max: 0, Diff: 0, Sum: 0, Workers: 4
[2457.833s][debug][gc,phases      ] GC(245)     Total                          Min: 10944, Avg: 12042.0, Max: 13032, Diff: 2088, Sum: 48168, Workers: 4
[2457.833s][debug][gc,phases      ] GC(245)   ResolvedMethodTable Weak       Min:  0.0, Avg:  0.0, Max:  0.0, Diff:  0.0, Sum:  0.1, Workers: 4
[2457.833s][debug][gc,phases      ] GC(245)     Dead                           Min: 0, Avg:  0.0, Max: 0, Diff: 0, Sum: 0, Workers: 4
[2457.833s][debug][gc,phases      ] GC(245)     Total                          Min: 1944, Avg: 2102.0, Max: 2368, Diff: 424, Sum: 8408, Workers: 4
[2457.833s][debug][gc,phases      ] GC(245)   JNI Weak                       Min:  0.0, Avg:  0.0, Max:  0.0, Diff:  0.0, Sum:  0.0, Workers: 4
[2457.833s][debug][gc,phases      ] GC(245)     Dead                           Min: 0, Avg:  0.0, Max: 0, Diff: 0, Sum: 0, Workers: 4
[2457.833s][debug][gc,phases      ] GC(245)     Total                          Min: 0, Avg:  0.0, Max: 0, Diff: 0, Sum: 0, Workers: 4
[2457.833s][debug][gc,phases      ] GC(245)   StringDedup Table Weak         Min:  0.0, Avg:  0.0, Max:  0.0, Diff:  0.0, Sum:  0.0, Workers: 4
[2457.833s][debug][gc,phases      ] GC(245)     Dead                           Min: 0, Avg:  0.0, Max: 0, Diff: 0, Sum: 0, Workers: 4
[2457.833s][debug][gc,phases      ] GC(245)     Total                          Min: 0, Avg:  0.0, Max: 0, Diff: 0, Sum: 0, Workers: 4
[2457.833s][debug][gc,phases      ] GC(245)   StringDedup Requests0 Weak     Min:  0.0, Avg:  0.0, Max:  0.0, Diff:  0.0, Sum:  0.0, Workers: 4
[2457.833s][debug][gc,phases      ] GC(245)     Dead                           Min: 0, Avg:  0.0, Max: 0, Diff: 0, Sum: 0, Workers: 4
[2457.833s][debug][gc,phases      ] GC(245)     Total                          Min: 0, Avg:  0.0, Max: 0, Diff: 0, Sum: 0, Workers: 4
[2457.833s][debug][gc,phases      ] GC(245)   StringDedup Requests1 Weak     Min:  0.0, Avg:  0.0, Max:  0.0, Diff:  0.0, Sum:  0.0, Workers: 4
[2457.833s][debug][gc,phases      ] GC(245)     Dead                           Min: 0, Avg:  0.0, Max: 0, Diff: 0, Sum: 0, Workers: 4
[2457.833s][debug][gc,phases      ] GC(245)     Total                          Min: 0, Avg:  0.0, Max: 0, Diff: 0, Sum: 0, Workers: 4
[2457.833s][debug][gc,phases      ] GC(245)   Weak JFR Old Object Samples    Min:  0.0, Avg:  0.0, Max:  0.0, Diff:  0.0, Sum:  0.0, Workers: 4
[2457.833s][debug][gc,phases      ] GC(245)     Dead                           Min: 0, Avg:  0.0, Max: 0, Diff: 0, Sum: 0, Workers: 4
[2457.833s][debug][gc,phases      ] GC(245)     Total                          Min: 0, Avg:  0.0, Max: 0, Diff: 0, Sum: 0, Workers: 4
[2457.833s][debug][gc,phases      ] GC(245) Weak Processing 0.346ms
[2457.833s][debug][gc,age         ] GC(245) Desired survivor size 57671680 bytes, new threshold 15 (max threshold 15)
[2457.833s][info ][gc,heap        ] GC(245) PSYoungGen: 2031584K(2039808K)->48592K(2039296K) Eden: 1981952K(1981952K)->0K(1981952K) From: 49632K(57856K)->48592K(57344K)
[2457.833s][info ][gc,heap        ] GC(245) ParOldGen: 557182K(631296K)->557214K(631296K)
[2457.833s][info ][gc,metaspace   ] GC(245) Metaspace: 83687K(84544K)->83687K(84544K) NonClass: 72036K(72512K)->72036K(72512K) Class: 11650K(12032K)->11650K(12032K)
[2457.833s][info ][gc             ] GC(245) Pause Young (Allocation Failure) 2528M->591M(2608M) 17.126ms
[2457.833s][info ][gc,cpu         ] GC(245) User=0.07s Sys=0.00s Real=0.02s
[2457.833s][info ][safepoint      ] Safepoint "ParallelGCFailedAllocation", Time since last: 4888446555 ns, Reaching safepoint: 127503 ns, At safepoint: 17231739 ns, Total: 17359242 ns
[2458.833s][info ][safepoint      ] Safepoint "Cleanup", Time since last: 1000088650 ns, Reaching safepoint: 48601 ns, At safepoint: 5400 ns, Total: 54001 ns
[2459.834s][info ][safepoint      ] Safepoint "Cleanup", Time since last: 1000110151 ns, Reaching safepoint: 47701 ns, At safepoint: 4300 ns, Total: 52001 ns
[2460.834s][info ][safepoint      ] Safepoint "Cleanup", Time since last: 1000126852 ns, Reaching safepoint: 120602 ns, At safepoint: 25701 ns, Total: 146303 ns
[2463.834s][info ][safepoint      ] Safepoint "Cleanup", Time since last: 3000231149 ns, Reaching safepoint: 70502 ns, At safepoint: 14400 ns, Total: 84902 ns
[2467.562s][info ][gc,start       ] GC(246) Pause Young (Allocation Failure)
[2467.579s][debug][gc,phases      ] GC(246) Scavenge 16.543ms
[2467.579s][debug][gc,ref         ] GC(246) Skipped phase 1 of Reference Processing: no references
[2467.579s][debug][gc,ref         ] GC(246) ReferenceProcessor::execute queues: 1, RefProcThreadModel::Single, marks_oops_alive: false
[2467.579s][debug][gc,ref         ] GC(246) Skipped phase 3 of Reference Processing: no references
[2467.579s][debug][gc,ref         ] GC(246) ReferenceProcessor::execute queues: 1, RefProcThreadModel::Single, marks_oops_alive: false
[2467.579s][debug][gc,phases      ] GC(246) Reference Processing 0.119ms
[2467.579s][debug][gc,phases      ] GC(246)   VM Weak                        Min:  0.0, Avg:  0.0, Max:  0.0, Diff:  0.0, Sum:  0.0, Workers: 4
[2467.579s][debug][gc,phases      ] GC(246)     Dead                           Min: 0, Avg:  0.0, Max: 0, Diff: 0, Sum: 0, Workers: 4
[2467.579s][debug][gc,phases      ] GC(246)     Total                          Min: 0, Avg: 174.2, Max: 697, Diff: 697, Sum: 697, Workers: 4
[2467.579s][debug][gc,phases      ] GC(246)   ObjectSynchronizer Weak        Min:  0.0, Avg:  0.0, Max:  0.0, Diff:  0.0, Sum:  0.0, Workers: 4
[2467.579s][debug][gc,phases      ] GC(246)     Dead                           Min: 0, Avg:  0.0, Max: 0, Diff: 0, Sum: 0, Workers: 4
[2467.579s][debug][gc,phases      ] GC(246)     Total                          Min: 0, Avg: 104.8, Max: 227, Diff: 227, Sum: 419, Workers: 4
[2467.579s][debug][gc,phases      ] GC(246)   JVMTI Tag Weak OopStorage      Min:  0.0, Avg:  0.0, Max:  0.0, Diff:  0.0, Sum:  0.0, Workers: 4
[2467.579s][debug][gc,phases      ] GC(246)     Dead                           Min: 0, Avg:  0.0, Max: 0, Diff: 0, Sum: 0, Workers: 4
[2467.579s][debug][gc,phases      ] GC(246)     Total                          Min: 0, Avg:  0.0, Max: 0, Diff: 0, Sum: 0, Workers: 4
[2467.579s][debug][gc,phases      ] GC(246)   StringTable Weak               Min:  0.1, Avg:  0.1, Max:  0.1, Diff:  0.0, Sum:  0.5, Workers: 4
[2467.579s][debug][gc,phases      ] GC(246)     Dead                           Min: 0, Avg:  0.0, Max: 0, Diff: 0, Sum: 0, Workers: 4
[2467.579s][debug][gc,phases      ] GC(246)     Total                          Min: 10944, Avg: 12042.5, Max: 12992, Diff: 2048, Sum: 48170, Workers: 4
[2467.579s][debug][gc,phases      ] GC(246)   ResolvedMethodTable Weak       Min:  0.0, Avg:  0.0, Max:  0.0, Diff:  0.0, Sum:  0.1, Workers: 4
[2467.579s][debug][gc,phases      ] GC(246)     Dead                           Min: 0, Avg:  0.0, Max: 0, Diff: 0, Sum: 0, Workers: 4
[2467.579s][debug][gc,phases      ] GC(246)     Total                          Min: 1856, Avg: 2102.0, Max: 2240, Diff: 384, Sum: 8408, Workers: 4
[2467.579s][debug][gc,phases      ] GC(246)   JNI Weak                       Min:  0.0, Avg:  0.0, Max:  0.0, Diff:  0.0, Sum:  0.0, Workers: 4
[2467.579s][debug][gc,phases      ] GC(246)     Dead                           Min: 0, Avg:  0.0, Max: 0, Diff: 0, Sum: 0, Workers: 4
[2467.579s][debug][gc,phases      ] GC(246)     Total                          Min: 0, Avg:  0.0, Max: 0, Diff: 0, Sum: 0, Workers: 4
[2467.579s][debug][gc,phases      ] GC(246)   StringDedup Table Weak         Min:  0.0, Avg:  0.0, Max:  0.0, Diff:  0.0, Sum:  0.0, Workers: 4
[2467.579s][debug][gc,phases      ] GC(246)     Dead                           Min: 0, Avg:  0.0, Max: 0, Diff: 0, Sum: 0, Workers: 4
[2467.579s][debug][gc,phases      ] GC(246)     Total                          Min: 0, Avg:  0.0, Max: 0, Diff: 0, Sum: 0, Workers: 4
[2467.579s][debug][gc,phases      ] GC(246)   StringDedup Requests0 Weak     Min:  0.0, Avg:  0.0, Max:  0.0, Diff:  0.0, Sum:  0.0, Workers: 4
[2467.579s][debug][gc,phases      ] GC(246)     Dead                           Min: 0, Avg:  0.0, Max: 0, Diff: 0, Sum: 0, Workers: 4
[2467.579s][debug][gc,phases      ] GC(246)     Total                          Min: 0, Avg:  0.0, Max: 0, Diff: 0, Sum: 0, Workers: 4
[2467.579s][debug][gc,phases      ] GC(246)   StringDedup Requests1 Weak     Min:  0.0, Avg:  0.0, Max:  0.0, Diff:  0.0, Sum:  0.0, Workers: 4
[2467.579s][debug][gc,phases      ] GC(246)     Dead                           Min: 0, Avg:  0.0, Max: 0, Diff: 0, Sum: 0, Workers: 4
[2467.579s][debug][gc,phases      ] GC(246)     Total                          Min: 0, Avg:  0.0, Max: 0, Diff: 0, Sum: 0, Workers: 4
[2467.579s][debug][gc,phases      ] GC(246)   Weak JFR Old Object Samples    Min:  0.0, Avg:  0.0, Max:  0.0, Diff:  0.0, Sum:  0.0, Workers: 4
[2467.579s][debug][gc,phases      ] GC(246)     Dead                           Min: 0, Avg:  0.0, Max: 0, Diff: 0, Sum: 0, Workers: 4
[2467.579s][debug][gc,phases      ] GC(246)     Total                          Min: 0, Avg:  0.0, Max: 0, Diff: 0, Sum: 0, Workers: 4
[2467.579s][debug][gc,phases      ] GC(246) Weak Processing 0.346ms
[2467.579s][debug][gc,age         ] GC(246) Desired survivor size 59768832 bytes, new threshold 15 (max threshold 15)
[2467.579s][info ][gc,heap        ] GC(246) PSYoungGen: 2030544K(2039296K)->56048K(2036736K) Eden: 1981952K(1981952K)->0K(1980416K) From: 48592K(57344K)->56048K(56320K)
[2467.579s][info ][gc,heap        ] GC(246) ParOldGen: 557214K(631296K)->557222K(631296K)
[2467.579s][info ][gc,metaspace   ] GC(246) Metaspace: 83689K(84544K)->83689K(84544K) NonClass: 72038K(72512K)->72038K(72512K) Class: 11650K(12032K)->11650K(12032K)
[2467.579s][info ][gc             ] GC(246) Pause Young (Allocation Failure) 2527M->598M(2605M) 17.155ms
[2467.579s][info ][gc,cpu         ] GC(246) User=0.07s Sys=0.00s Real=0.01s
[2467.580s][info ][safepoint      ] Safepoint "ParallelGCFailedAllocation", Time since last: 3728073349 ns, Reaching safepoint: 123502 ns, At safepoint: 17260039 ns, Total: 17383541 ns
[2475.580s][info ][safepoint      ] Safepoint "Cleanup", Time since last: 8000580886 ns, Reaching safepoint: 49401 ns, At safepoint: 4000 ns, Total: 53401 ns
[2480.581s][info ][safepoint      ] Safepoint "Cleanup", Time since last: 5000332136 ns, Reaching safepoint: 47501 ns, At safepoint: 3000 ns, Total: 50501 ns
[2517.583s][info ][safepoint      ] Safepoint "Cleanup", Time since last: 37002476720 ns, Reaching safepoint: 51001 ns, At safepoint: 11900 ns, Total: 62901 ns
[2520.583s][info ][safepoint      ] Safepoint "Cleanup", Time since last: 3000200723 ns, Reaching safepoint: 32700 ns, At safepoint: 3000 ns, Total: 35700 ns
[2538.979s][info ][gc,start       ] GC(247) Pause Young (Allocation Failure)
[2538.994s][debug][gc,phases      ] GC(247) Scavenge 14.204ms
[2538.994s][debug][gc,ref         ] GC(247) Skipped phase 1 of Reference Processing: no references
[2538.994s][debug][gc,ref         ] GC(247) ReferenceProcessor::execute queues: 1, RefProcThreadModel::Single, marks_oops_alive: false
[2538.994s][debug][gc,ref         ] GC(247) Skipped phase 3 of Reference Processing: no references
[2538.994s][debug][gc,ref         ] GC(247) ReferenceProcessor::execute queues: 1, RefProcThreadModel::Single, marks_oops_alive: false
[2538.994s][debug][gc,phases      ] GC(247) Reference Processing 0.133ms
[2538.994s][debug][gc,phases      ] GC(247)   VM Weak                        Min:  0.0, Avg:  0.0, Max:  0.0, Diff:  0.0, Sum:  0.0, Workers: 4
[2538.994s][debug][gc,phases      ] GC(247)     Dead                           Min: 0, Avg:  0.0, Max: 0, Diff: 0, Sum: 0, Workers: 4
[2538.994s][debug][gc,phases      ] GC(247)     Total                          Min: 0, Avg: 174.2, Max: 640, Diff: 640, Sum: 697, Workers: 4
[2538.994s][debug][gc,phases      ] GC(247)   ObjectSynchronizer Weak        Min:  0.0, Avg:  0.0, Max:  0.0, Diff:  0.0, Sum:  0.0, Workers: 4
[2538.994s][debug][gc,phases      ] GC(247)     Dead                           Min: 0, Avg:  0.0, Max: 0, Diff: 0, Sum: 0, Workers: 4
[2538.994s][debug][gc,phases      ] GC(247)     Total                          Min: 0, Avg: 104.8, Max: 192, Diff: 192, Sum: 419, Workers: 4
[2538.994s][debug][gc,phases      ] GC(247)   JVMTI Tag Weak OopStorage      Min:  0.0, Avg:  0.0, Max:  0.0, Diff:  0.0, Sum:  0.0, Workers: 4
[2538.994s][debug][gc,phases      ] GC(247)     Dead                           Min: 0, Avg:  0.0, Max: 0, Diff: 0, Sum: 0, Workers: 4
[2538.994s][debug][gc,phases      ] GC(247)     Total                          Min: 0, Avg:  0.0, Max: 0, Diff: 0, Sum: 0, Workers: 4
[2538.994s][debug][gc,phases      ] GC(247)   StringTable Weak               Min:  0.1, Avg:  0.1, Max:  0.1, Diff:  0.0, Sum:  0.5, Workers: 4
[2538.994s][debug][gc,phases      ] GC(247)     Dead                           Min: 0, Avg:  0.0, Max: 0, Diff: 0, Sum: 0, Workers: 4
[2538.994s][debug][gc,phases      ] GC(247)     Total                          Min: 11136, Avg: 12042.5, Max: 13248, Diff: 2112, Sum: 48170, Workers: 4
[2538.994s][debug][gc,phases      ] GC(247)   ResolvedMethodTable Weak       Min:  0.0, Avg:  0.0, Max:  0.0, Diff:  0.0, Sum:  0.1, Workers: 4
[2538.994s][debug][gc,phases      ] GC(247)     Dead                           Min: 0, Avg:  0.0, Max: 0, Diff: 0, Sum: 0, Workers: 4
[2538.994s][debug][gc,phases      ] GC(247)     Total                          Min: 1920, Avg: 2102.0, Max: 2304, Diff: 384, Sum: 8408, Workers: 4
[2538.994s][debug][gc,phases      ] GC(247)   JNI Weak                       Min:  0.0, Avg:  0.0, Max:  0.0, Diff:  0.0, Sum:  0.0, Workers: 4
[2538.994s][debug][gc,phases      ] GC(247)     Dead                           Min: 0, Avg:  0.0, Max: 0, Diff: 0, Sum: 0, Workers: 4
[2538.994s][debug][gc,phases      ] GC(247)     Total                          Min: 0, Avg:  0.0, Max: 0, Diff: 0, Sum: 0, Workers: 4
[2538.994s][debug][gc,phases      ] GC(247)   StringDedup Table Weak         Min:  0.0, Avg:  0.0, Max:  0.0, Diff:  0.0, Sum:  0.0, Workers: 4
[2538.994s][debug][gc,phases      ] GC(247)     Dead                           Min: 0, Avg:  0.0, Max: 0, Diff: 0, Sum: 0, Workers: 4
[2538.994s][debug][gc,phases      ] GC(247)     Total                          Min: 0, Avg:  0.0, Max: 0, Diff: 0, Sum: 0, Workers: 4
[2538.994s][debug][gc,phases      ] GC(247)   StringDedup Requests0 Weak     Min:  0.0, Avg:  0.0, Max:  0.0, Diff:  0.0, Sum:  0.0, Workers: 4
[2538.994s][debug][gc,phases      ] GC(247)     Dead                           Min: 0, Avg:  0.0, Max: 0, Diff: 0, Sum: 0, Workers: 4
[2538.994s][debug][gc,phases      ] GC(247)     Total                          Min: 0, Avg:  0.0, Max: 0, Diff: 0, Sum: 0, Workers: 4
[2538.994s][debug][gc,phases      ] GC(247)   StringDedup Requests1 Weak     Min:  0.0, Avg:  0.0, Max:  0.0, Diff:  0.0, Sum:  0.0, Workers: 4
[2538.994s][debug][gc,phases      ] GC(247)     Dead                           Min: 0, Avg:  0.0, Max: 0, Diff: 0, Sum: 0, Workers: 4
[2538.994s][debug][gc,phases      ] GC(247)     Total                          Min: 0, Avg:  0.0, Max: 0, Diff: 0, Sum: 0, Workers: 4
[2538.994s][debug][gc,phases      ] GC(247)   Weak JFR Old Object Samples    Min:  0.0, Avg:  0.0, Max:  0.0, Diff:  0.0, Sum:  0.0, Workers: 4
[2538.994s][debug][gc,phases      ] GC(247)     Dead                           Min: 0, Avg:  0.0, Max: 0, Diff: 0, Sum: 0, Workers: 4
[2538.994s][debug][gc,phases      ] GC(247)     Total                          Min: 0, Avg:  0.0, Max: 0, Diff: 0, Sum: 0, Workers: 4
[2538.994s][debug][gc,phases      ] GC(247) Weak Processing 0.338ms
[2538.994s][debug][gc,age         ] GC(247) Desired survivor size 59244544 bytes, new threshold 15 (max threshold 15)
[2538.994s][info ][gc,heap        ] GC(247) PSYoungGen: 2036464K(2036736K)->50864K(2038784K) Eden: 1980416K(1980416K)->0K(1980416K) From: 56048K(56320K)->50864K(58368K)
[2538.994s][info ][gc,heap        ] GC(247) ParOldGen: 557222K(631296K)->557230K(631296K)
[2538.994s][info ][gc,metaspace   ] GC(247) Metaspace: 83695K(84544K)->83695K(84544K) NonClass: 72044K(72512K)->72044K(72512K) Class: 11650K(12032K)->11650K(12032K)
[2538.994s][info ][gc             ] GC(247) Pause Young (Allocation Failure) 2532M->593M(2607M) 14.844ms
[2538.994s][info ][gc,cpu         ] GC(247) User=0.05s Sys=0.01s Real=0.02s
[2538.994s][info ][safepoint      ] Safepoint "ParallelGCFailedAllocation", Time since last: 18395817554 ns, Reaching safepoint: 105002 ns, At safepoint: 14924793 ns, Total: 15029795 ns
[2549.995s][info ][safepoint      ] Safepoint "Cleanup", Time since last: 11000755607 ns, Reaching safepoint: 58801 ns, At safepoint: 11401 ns, Total: 70202 ns
[2568.996s][info ][safepoint      ] Safepoint "Cleanup", Time since last: 19001305463 ns, Reaching safepoint: 52701 ns, At safepoint: 27701 ns, Total: 80402 ns
[2571.997s][info ][safepoint      ] Safepoint "Cleanup", Time since last: 3000232401 ns, Reaching safepoint: 85001 ns, At safepoint: 6600 ns, Total: 91601 ns
[2572.997s][info ][safepoint      ] Safepoint "Cleanup", Time since last: 1000112934 ns, Reaching safepoint: 116803 ns, At safepoint: 15700 ns, Total: 132503 ns
[2573.902s][info ][gc,start       ] GC(248) Pause Young (Allocation Failure)
[2573.928s][debug][gc,phases      ] GC(248) Scavenge 26.602ms
[2573.928s][debug][gc,ref         ] GC(248) Skipped phase 1 of Reference Processing: no references
[2573.929s][debug][gc,ref         ] GC(248) ReferenceProcessor::execute queues: 1, RefProcThreadModel::Single, marks_oops_alive: false
[2573.929s][debug][gc,ref         ] GC(248) Skipped phase 3 of Reference Processing: no references
[2573.929s][debug][gc,ref         ] GC(248) ReferenceProcessor::execute queues: 1, RefProcThreadModel::Single, marks_oops_alive: false
[2573.929s][debug][gc,phases      ] GC(248) Reference Processing 0.143ms
[2573.929s][debug][gc,phases      ] GC(248)   VM Weak                        Min:  0.0, Avg:  0.0, Max:  0.0, Diff:  0.0, Sum:  0.0, Workers: 4
[2573.929s][debug][gc,phases      ] GC(248)     Dead                           Min: 0, Avg:  0.0, Max: 0, Diff: 0, Sum: 0, Workers: 4
[2573.929s][debug][gc,phases      ] GC(248)     Total                          Min: 0, Avg: 175.2, Max: 701, Diff: 701, Sum: 701, Workers: 4
[2573.929s][debug][gc,phases      ] GC(248)   ObjectSynchronizer Weak        Min:  0.0, Avg:  0.0, Max:  0.0, Diff:  0.0, Sum:  0.0, Workers: 4
[2573.929s][debug][gc,phases      ] GC(248)     Dead                           Min: 0, Avg:  0.0, Max: 0, Diff: 0, Sum: 0, Workers: 4
[2573.929s][debug][gc,phases      ] GC(248)     Total                          Min: 0, Avg: 104.8, Max: 227, Diff: 227, Sum: 419, Workers: 4
[2573.929s][debug][gc,phases      ] GC(248)   JVMTI Tag Weak OopStorage      Min:  0.0, Avg:  0.0, Max:  0.0, Diff:  0.0, Sum:  0.0, Workers: 4
[2573.929s][debug][gc,phases      ] GC(248)     Dead                           Min: 0, Avg:  0.0, Max: 0, Diff: 0, Sum: 0, Workers: 4
[2573.929s][debug][gc,phases      ] GC(248)     Total                          Min: 0, Avg:  0.0, Max: 0, Diff: 0, Sum: 0, Workers: 4
[2573.929s][debug][gc,phases      ] GC(248)   StringTable Weak               Min:  0.1, Avg:  0.1, Max:  0.1, Diff:  0.0, Sum:  0.5, Workers: 4
[2573.929s][debug][gc,phases      ] GC(248)     Dead                           Min: 0, Avg:  0.5, Max: 2, Diff: 2, Sum: 2, Workers: 4
[2573.929s][debug][gc,phases      ] GC(248)     Total                          Min: 9984, Avg: 12046.5, Max: 13504, Diff: 3520, Sum: 48186, Workers: 4
[2573.929s][debug][gc,phases      ] GC(248)   ResolvedMethodTable Weak       Min:  0.0, Avg:  0.0, Max:  0.0, Diff:  0.0, Sum:  0.1, Workers: 4
[2573.929s][debug][gc,phases      ] GC(248)     Dead                           Min: 0, Avg:  0.0, Max: 0, Diff: 0, Sum: 0, Workers: 4
[2573.929s][debug][gc,phases      ] GC(248)     Total                          Min: 1984, Avg: 2106.8, Max: 2219, Diff: 235, Sum: 8427, Workers: 4
[2573.929s][debug][gc,phases      ] GC(248)   JNI Weak                       Min:  0.0, Avg:  0.0, Max:  0.0, Diff:  0.0, Sum:  0.0, Workers: 4
[2573.929s][debug][gc,phases      ] GC(248)     Dead                           Min: 0, Avg:  0.0, Max: 0, Diff: 0, Sum: 0, Workers: 4
[2573.929s][debug][gc,phases      ] GC(248)     Total                          Min: 0, Avg:  0.2, Max: 1, Diff: 1, Sum: 1, Workers: 4
[2573.929s][debug][gc,phases      ] GC(248)   StringDedup Table Weak         Min:  0.0, Avg:  0.0, Max:  0.0, Diff:  0.0, Sum:  0.0, Workers: 4
[2573.929s][debug][gc,phases      ] GC(248)     Dead                           Min: 0, Avg:  0.0, Max: 0, Diff: 0, Sum: 0, Workers: 4
[2573.929s][debug][gc,phases      ] GC(248)     Total                          Min: 0, Avg:  0.0, Max: 0, Diff: 0, Sum: 0, Workers: 4
[2573.929s][debug][gc,phases      ] GC(248)   StringDedup Requests0 Weak     Min:  0.0, Avg:  0.0, Max:  0.0, Diff:  0.0, Sum:  0.0, Workers: 4
[2573.929s][debug][gc,phases      ] GC(248)     Dead                           Min: 0, Avg:  0.0, Max: 0, Diff: 0, Sum: 0, Workers: 4
[2573.929s][debug][gc,phases      ] GC(248)     Total                          Min: 0, Avg:  0.0, Max: 0, Diff: 0, Sum: 0, Workers: 4
[2573.929s][debug][gc,phases      ] GC(248)   StringDedup Requests1 Weak     Min:  0.0, Avg:  0.0, Max:  0.0, Diff:  0.0, Sum:  0.0, Workers: 4
[2573.929s][debug][gc,phases      ] GC(248)     Dead                           Min: 0, Avg:  0.0, Max: 0, Diff: 0, Sum: 0, Workers: 4
[2573.929s][debug][gc,phases      ] GC(248)     Total                          Min: 0, Avg:  0.0, Max: 0, Diff: 0, Sum: 0, Workers: 4
[2573.929s][debug][gc,phases      ] GC(248)   Weak JFR Old Object Samples    Min:  0.0, Avg:  0.0, Max:  0.0, Diff:  0.0, Sum:  0.0, Workers: 4
[2573.929s][debug][gc,phases      ] GC(248)     Dead                           Min: 0, Avg:  0.0, Max: 0, Diff: 0, Sum: 0, Workers: 4
[2573.929s][debug][gc,phases      ] GC(248)     Total                          Min: 0, Avg:  0.0, Max: 0, Diff: 0, Sum: 0, Workers: 4
[2573.929s][debug][gc,phases      ] GC(248) Weak Processing 0.350ms
[2573.929s][debug][gc,age         ] GC(248) Desired survivor size 72876032 bytes, new threshold 14 (max threshold 15)
[2573.929s][info ][gc,heap        ] GC(248) PSYoungGen: 2031280K(2038784K)->57824K(2012672K) Eden: 1980416K(1980416K)->0K(1954816K) From: 50864K(58368K)->57824K(57856K)
[2573.929s][info ][gc,heap        ] GC(248) ParOldGen: 557230K(631296K)->587639K(631296K)
[2573.929s][info ][gc,metaspace   ] GC(248) Metaspace: 83766K(84608K)->83766K(84608K) NonClass: 72109K(72576K)->72109K(72576K) Class: 11657K(12032K)->11657K(12032K)
[2573.929s][info ][gc             ] GC(248) Pause Young (Allocation Failure) 2527M->630M(2582M) 27.234ms
[2573.929s][info ][gc,cpu         ] GC(248) User=0.11s Sys=0.00s Real=0.03s
[2573.929s][info ][safepoint      ] Safepoint "ParallelGCFailedAllocation", Time since last: 904539758 ns, Reaching safepoint: 172503 ns, At safepoint: 27344737 ns, Total: 27517240 ns
[2574.929s][info ][safepoint      ] Safepoint "Cleanup", Time since last: 1000093333 ns, Reaching safepoint: 110902 ns, At safepoint: 9901 ns, Total: 120803 ns
[2575.929s][info ][safepoint      ] Safepoint "Cleanup", Time since last: 1000098633 ns, Reaching safepoint: 72201 ns, At safepoint: 11100 ns, Total: 83301 ns
[2578.930s][info ][safepoint      ] Safepoint "Cleanup", Time since last: 3000226698 ns, Reaching safepoint: 50801 ns, At safepoint: 11301 ns, Total: 62102 ns
[2579.930s][info ][safepoint      ] Safepoint "Cleanup", Time since last: 1000111433 ns, Reaching safepoint: 71801 ns, At safepoint: 8500 ns, Total: 80301 ns
[2580.930s][info ][safepoint      ] Safepoint "Cleanup", Time since last: 1000099833 ns, Reaching safepoint: 53001 ns, At safepoint: 3900 ns, Total: 56901 ns
[2581.930s][info ][safepoint      ] Safepoint "Cleanup", Time since last: 1000117433 ns, Reaching safepoint: 66301 ns, At safepoint: 9000 ns, Total: 75301 ns
[2582.930s][info ][safepoint      ] Safepoint "Cleanup", Time since last: 1000097733 ns, Reaching safepoint: 50901 ns, At safepoint: 3200 ns, Total: 54101 ns
[2584.931s][info ][safepoint      ] Safepoint "Cleanup", Time since last: 2000171964 ns, Reaching safepoint: 54901 ns, At safepoint: 6700 ns, Total: 61601 ns
[2587.931s][info ][safepoint      ] Safepoint "Cleanup", Time since last: 3000244394 ns, Reaching safepoint: 49801 ns, At safepoint: 6001 ns, Total: 55802 ns
[2588.931s][info ][safepoint      ] Safepoint "Cleanup", Time since last: 1000113431 ns, Reaching safepoint: 113803 ns, At safepoint: 7700 ns, Total: 121503 ns
[2589.931s][info ][safepoint      ] Safepoint "Cleanup", Time since last: 1000098931 ns, Reaching safepoint: 52901 ns, At safepoint: 2800 ns, Total: 55701 ns
[2594.932s][info ][safepoint      ] Safepoint "Cleanup", Time since last: 5000277552 ns, Reaching safepoint: 51801 ns, At safepoint: 4300 ns, Total: 56101 ns
[2596.932s][info ][safepoint      ] Safepoint "Cleanup", Time since last: 2000171760 ns, Reaching safepoint: 49101 ns, At safepoint: 2901 ns, Total: 52002 ns
[2599.932s][info ][safepoint      ] Safepoint "Cleanup", Time since last: 3000250990 ns, Reaching safepoint: 48100 ns, At safepoint: 3401 ns, Total: 51501 ns
[2605.933s][info ][safepoint      ] Safepoint "Cleanup", Time since last: 6000439675 ns, Reaching safepoint: 54701 ns, At safepoint: 5800 ns, Total: 60501 ns
[2606.933s][info ][safepoint      ] Safepoint "Cleanup", Time since last: 1000112730 ns, Reaching safepoint: 48201 ns, At safepoint: 3700 ns, Total: 51901 ns
[2608.933s][info ][safepoint      ] Safepoint "Cleanup", Time since last: 2000159357 ns, Reaching safepoint: 59801 ns, At safepoint: 3200 ns, Total: 63001 ns
[2611.933s][info ][safepoint      ] Safepoint "Cleanup", Time since last: 3000241286 ns, Reaching safepoint: 51201 ns, At safepoint: 4900 ns, Total: 56101 ns
[2615.934s][info ][safepoint      ] Safepoint "Cleanup", Time since last: 4000324912 ns, Reaching safepoint: 56101 ns, At safepoint: 6100 ns, Total: 62201 ns
[2616.934s][info ][safepoint      ] Safepoint "Cleanup", Time since last: 1000108828 ns, Reaching safepoint: 53901 ns, At safepoint: 3100 ns, Total: 57001 ns
[2617.934s][info ][safepoint      ] Safepoint "Cleanup", Time since last: 1000110429 ns, Reaching safepoint: 55201 ns, At safepoint: 21900 ns, Total: 77101 ns
[2620.934s][info ][safepoint      ] Safepoint "Cleanup", Time since last: 3000258882 ns, Reaching safepoint: 55101 ns, At safepoint: 11201 ns, Total: 66302 ns
[2629.455s][info ][gc,start       ] GC(249) Pause Young (Allocation Failure)
[2629.471s][debug][gc,phases      ] GC(249) Scavenge 15.602ms
[2629.471s][debug][gc,ref         ] GC(249) Skipped phase 1 of Reference Processing: no references
[2629.471s][debug][gc,ref         ] GC(249) ReferenceProcessor::execute queues: 1, RefProcThreadModel::Single, marks_oops_alive: false
[2629.471s][debug][gc,ref         ] GC(249) Skipped phase 3 of Reference Processing: no references
[2629.471s][debug][gc,ref         ] GC(249) ReferenceProcessor::execute queues: 1, RefProcThreadModel::Single, marks_oops_alive: false
[2629.471s][debug][gc,phases      ] GC(249) Reference Processing 0.123ms
[2629.471s][debug][gc,phases      ] GC(249)   VM Weak                        Min:  0.0, Avg:  0.0, Max:  0.0, Diff:  0.0, Sum:  0.0, Workers: 4
[2629.471s][debug][gc,phases      ] GC(249)     Dead                           Min: 0, Avg:  0.0, Max: 0, Diff: 0, Sum: 0, Workers: 4
[2629.471s][debug][gc,phases      ] GC(249)     Total                          Min: 0, Avg: 175.2, Max: 701, Diff: 701, Sum: 701, Workers: 4
[2629.471s][debug][gc,phases      ] GC(249)   ObjectSynchronizer Weak        Min:  0.0, Avg:  0.0, Max:  0.0, Diff:  0.0, Sum:  0.0, Workers: 4
[2629.471s][debug][gc,phases      ] GC(249)     Dead                           Min: 0, Avg:  0.0, Max: 0, Diff: 0, Sum: 0, Workers: 4
[2629.471s][debug][gc,phases      ] GC(249)     Total                          Min: 0, Avg: 104.8, Max: 227, Diff: 227, Sum: 419, Workers: 4
[2629.471s][debug][gc,phases      ] GC(249)   JVMTI Tag Weak OopStorage      Min:  0.0, Avg:  0.0, Max:  0.0, Diff:  0.0, Sum:  0.0, Workers: 4
[2629.471s][debug][gc,phases      ] GC(249)     Dead                           Min: 0, Avg:  0.0, Max: 0, Diff: 0, Sum: 0, Workers: 4
[2629.471s][debug][gc,phases      ] GC(249)     Total                          Min: 0, Avg:  0.0, Max: 0, Diff: 0, Sum: 0, Workers: 4
[2629.471s][debug][gc,phases      ] GC(249)   StringTable Weak               Min:  0.1, Avg:  0.1, Max:  0.1, Diff:  0.0, Sum:  0.5, Workers: 4
[2629.471s][debug][gc,phases      ] GC(249)     Dead                           Min: 0, Avg:  0.0, Max: 0, Diff: 0, Sum: 0, Workers: 4
[2629.471s][debug][gc,phases      ] GC(249)     Total                          Min: 11391, Avg: 12047.8, Max: 12928, Diff: 1537, Sum: 48191, Workers: 4
[2629.471s][debug][gc,phases      ] GC(249)   ResolvedMethodTable Weak       Min:  0.0, Avg:  0.0, Max:  0.0, Diff:  0.0, Sum:  0.1, Workers: 4
[2629.471s][debug][gc,phases      ] GC(249)     Dead                           Min: 0, Avg:  0.0, Max: 0, Diff: 0, Sum: 0, Workers: 4
[2629.471s][debug][gc,phases      ] GC(249)     Total                          Min: 1984, Avg: 2107.8, Max: 2223, Diff: 239, Sum: 8431, Workers: 4
[2629.471s][debug][gc,phases      ] GC(249)   JNI Weak                       Min:  0.0, Avg:  0.0, Max:  0.0, Diff:  0.0, Sum:  0.0, Workers: 4
[2629.471s][debug][gc,phases      ] GC(249)     Dead                           Min: 0, Avg:  0.0, Max: 0, Diff: 0, Sum: 0, Workers: 4
[2629.471s][debug][gc,phases      ] GC(249)     Total                          Min: 0, Avg:  0.0, Max: 0, Diff: 0, Sum: 0, Workers: 4
[2629.471s][debug][gc,phases      ] GC(249)   StringDedup Table Weak         Min:  0.0, Avg:  0.0, Max:  0.0, Diff:  0.0, Sum:  0.0, Workers: 4
[2629.471s][debug][gc,phases      ] GC(249)     Dead                           Min: 0, Avg:  0.0, Max: 0, Diff: 0, Sum: 0, Workers: 4
[2629.471s][debug][gc,phases      ] GC(249)     Total                          Min: 0, Avg:  0.0, Max: 0, Diff: 0, Sum: 0, Workers: 4
[2629.471s][debug][gc,phases      ] GC(249)   StringDedup Requests0 Weak     Min:  0.0, Avg:  0.0, Max:  0.0, Diff:  0.0, Sum:  0.0, Workers: 4
[2629.471s][debug][gc,phases      ] GC(249)     Dead                           Min: 0, Avg:  0.0, Max: 0, Diff: 0, Sum: 0, Workers: 4
[2629.471s][debug][gc,phases      ] GC(249)     Total                          Min: 0, Avg:  0.0, Max: 0, Diff: 0, Sum: 0, Workers: 4
[2629.471s][debug][gc,phases      ] GC(249)   StringDedup Requests1 Weak     Min:  0.0, Avg:  0.0, Max:  0.0, Diff:  0.0, Sum:  0.0, Workers: 4
[2629.471s][debug][gc,phases      ] GC(249)     Dead                           Min: 0, Avg:  0.0, Max: 0, Diff: 0, Sum: 0, Workers: 4
[2629.471s][debug][gc,phases      ] GC(249)     Total                          Min: 0, Avg:  0.0, Max: 0, Diff: 0, Sum: 0, Workers: 4
[2629.471s][debug][gc,phases      ] GC(249)   Weak JFR Old Object Samples    Min:  0.0, Avg:  0.0, Max:  0.0, Diff:  0.0, Sum:  0.0, Workers: 4
[2629.472s][debug][gc,phases      ] GC(249)     Dead                           Min: 0, Avg:  0.0, Max: 0, Diff: 0, Sum: 0, Workers: 4
[2629.472s][debug][gc,phases      ] GC(249)     Total                          Min: 0, Avg:  0.0, Max: 0, Diff: 0, Sum: 0, Workers: 4
[2629.472s][debug][gc,phases      ] GC(249) Weak Processing 0.355ms
[2629.472s][debug][gc,age         ] GC(249) Desired survivor size 73924608 bytes, new threshold 15 (max threshold 15)
[2629.472s][info ][gc,heap        ] GC(249) PSYoungGen: 2012640K(2012672K)->59952K(2015232K) Eden: 1954816K(1954816K)->0K(1954816K) From: 57824K(57856K)->59952K(60416K)
[2629.472s][info ][gc,heap        ] GC(249) ParOldGen: 587639K(631296K)->587663K(631296K)
[2629.472s][info ][gc,metaspace   ] GC(249) Metaspace: 83789K(84608K)->83789K(84608K) NonClass: 72130K(72576K)->72130K(72576K) Class: 11658K(12032K)->11658K(12032K)
[2629.472s][info ][gc             ] GC(249) Pause Young (Allocation Failure) 2539M->632M(2584M) 16.215ms
[2629.472s][info ][gc,cpu         ] GC(249) User=0.05s Sys=0.01s Real=0.02s
[2629.472s][info ][safepoint      ] Safepoint "ParallelGCFailedAllocation", Time since last: 8520756920 ns, Reaching safepoint: 103002 ns, At safepoint: 16301820 ns, Total: 16404822 ns
[2630.472s][info ][safepoint      ] Safepoint "Cleanup", Time since last: 1000095426 ns, Reaching safepoint: 50701 ns, At safepoint: 3200 ns, Total: 53901 ns
[2631.472s][info ][safepoint      ] Safepoint "Cleanup", Time since last: 1000113727 ns, Reaching safepoint: 62401 ns, At safepoint: 11200 ns, Total: 73601 ns
[2638.473s][info ][safepoint      ] Safepoint "Cleanup", Time since last: 7000588279 ns, Reaching safepoint: 64401 ns, At safepoint: 15600 ns, Total: 80001 ns
[2642.473s][info ][safepoint      ] Safepoint "Cleanup", Time since last: 4000345300 ns, Reaching safepoint: 60201 ns, At safepoint: 10400 ns, Total: 70601 ns
[2645.473s][info ][safepoint      ] Safepoint "Cleanup", Time since last: 3000250773 ns, Reaching safepoint: 58201 ns, At safepoint: 8101 ns, Total: 66302 ns
[2646.474s][info ][safepoint      ] Safepoint "Cleanup", Time since last: 1000116524 ns, Reaching safepoint: 68202 ns, At safepoint: 12400 ns, Total: 80602 ns
[2656.474s][info ][safepoint      ] Safepoint "Cleanup", Time since last: 10000660232 ns, Reaching safepoint: 55801 ns, At safepoint: 8300 ns, Total: 64101 ns
[2657.474s][info ][safepoint      ] Safepoint "Cleanup", Time since last: 1000112924 ns, Reaching safepoint: 36800 ns, At safepoint: 2700 ns, Total: 39500 ns
[2658.475s][info ][safepoint      ] Safepoint "Cleanup", Time since last: 1000099024 ns, Reaching safepoint: 55501 ns, At safepoint: 3700 ns, Total: 59201 ns
[2659.996s][info ][safepoint      ] Safepoint "Cleanup", Time since last: 1521401651 ns, Reaching safepoint: 89602 ns, At safepoint: 10700 ns, Total: 100302 ns
[2660.996s][info ][safepoint      ] Safepoint "Cleanup", Time since last: 1000059222 ns, Reaching safepoint: 50601 ns, At safepoint: 3200 ns, Total: 53801 ns
[2662.996s][info ][safepoint      ] Safepoint "Cleanup", Time since last: 2000184145 ns, Reaching safepoint: 48201 ns, At safepoint: 2700 ns, Total: 50901 ns
[2664.997s][info ][safepoint      ] Safepoint "Cleanup", Time since last: 2000177645 ns, Reaching safepoint: 50801 ns, At safepoint: 7700 ns, Total: 58501 ns
[2672.997s][info ][safepoint      ] Safepoint "Cleanup", Time since last: 8000596071 ns, Reaching safepoint: 49901 ns, At safepoint: 5900 ns, Total: 55801 ns
[2675.998s][info ][safepoint      ] Safepoint "Cleanup", Time since last: 3000232462 ns, Reaching safepoint: 51801 ns, At safepoint: 8101 ns, Total: 59902 ns
[2680.998s][info ][safepoint      ] Safepoint "Cleanup", Time since last: 5000335800 ns, Reaching safepoint: 122203 ns, At safepoint: 9700 ns, Total: 131903 ns
[2681.998s][info ][safepoint      ] Safepoint "Cleanup", Time since last: 1000117521 ns, Reaching safepoint: 52201 ns, At safepoint: 10900 ns, Total: 63101 ns
[2682.601s][info ][gc,start       ] GC(250) Pause Young (Allocation Failure)
[2682.659s][debug][gc,phases      ] GC(250) Scavenge 58.687ms
[2682.659s][debug][gc,ref         ] GC(250) Skipped phase 1 of Reference Processing: no references
[2682.660s][debug][gc,ref         ] GC(250) ReferenceProcessor::execute queues: 1, RefProcThreadModel::Single, marks_oops_alive: false
[2682.660s][debug][gc,ref         ] GC(250) Skipped phase 3 of Reference Processing: no references
[2682.660s][debug][gc,ref         ] GC(250) ReferenceProcessor::execute queues: 1, RefProcThreadModel::Single, marks_oops_alive: false
[2682.660s][debug][gc,phases      ] GC(250) Reference Processing 0.129ms
[2682.660s][debug][gc,phases      ] GC(250)   VM Weak                        Min:  0.0, Avg:  0.0, Max:  0.0, Diff:  0.0, Sum:  0.0, Workers: 4
[2682.660s][debug][gc,phases      ] GC(250)     Dead                           Min: 0, Avg:  0.0, Max: 0, Diff: 0, Sum: 0, Workers: 4
[2682.660s][debug][gc,phases      ] GC(250)     Total                          Min: 0, Avg: 175.2, Max: 509, Diff: 509, Sum: 701, Workers: 4
[2682.660s][debug][gc,phases      ] GC(250)   ObjectSynchronizer Weak        Min:  0.0, Avg:  0.0, Max:  0.0, Diff:  0.0, Sum:  0.0, Workers: 4
[2682.660s][debug][gc,phases      ] GC(250)     Dead                           Min: 0, Avg:  0.0, Max: 0, Diff: 0, Sum: 0, Workers: 4
[2682.660s][debug][gc,phases      ] GC(250)     Total                          Min: 0, Avg: 105.0, Max: 192, Diff: 192, Sum: 420, Workers: 4
[2682.660s][debug][gc,phases      ] GC(250)   JVMTI Tag Weak OopStorage      Min:  0.0, Avg:  0.0, Max:  0.0, Diff:  0.0, Sum:  0.0, Workers: 4
[2682.660s][debug][gc,phases      ] GC(250)     Dead                           Min: 0, Avg:  0.0, Max: 0, Diff: 0, Sum: 0, Workers: 4
[2682.660s][debug][gc,phases      ] GC(250)     Total                          Min: 0, Avg:  0.0, Max: 0, Diff: 0, Sum: 0, Workers: 4
[2682.660s][debug][gc,phases      ] GC(250)   StringTable Weak               Min:  0.1, Avg:  0.1, Max:  0.1, Diff:  0.0, Sum:  0.4, Workers: 4
[2682.660s][debug][gc,phases      ] GC(250)     Dead                           Min: 0, Avg:  0.5, Max: 2, Diff: 2, Sum: 2, Workers: 4
[2682.660s][debug][gc,phases      ] GC(250)     Total                          Min: 11519, Avg: 12068.8, Max: 12415, Diff: 896, Sum: 48275, Workers: 4
[2682.660s][debug][gc,phases      ] GC(250)   ResolvedMethodTable Weak       Min:  0.0, Avg:  0.0, Max:  0.0, Diff:  0.0, Sum:  0.1, Workers: 4
[2682.660s][debug][gc,phases      ] GC(250)     Dead                           Min: 0, Avg:  0.0, Max: 0, Diff: 0, Sum: 0, Workers: 4
[2682.660s][debug][gc,phases      ] GC(250)     Total                          Min: 2048, Avg: 2114.0, Max: 2176, Diff: 128, Sum: 8456, Workers: 4
[2682.660s][debug][gc,phases      ] GC(250)   JNI Weak                       Min:  0.0, Avg:  0.0, Max:  0.0, Diff:  0.0, Sum:  0.0, Workers: 4
[2682.660s][debug][gc,phases      ] GC(250)     Dead                           Min: 0, Avg:  0.0, Max: 0, Diff: 0, Sum: 0, Workers: 4
[2682.660s][debug][gc,phases      ] GC(250)     Total                          Min: 0, Avg:  0.0, Max: 0, Diff: 0, Sum: 0, Workers: 4
[2682.660s][debug][gc,phases      ] GC(250)   StringDedup Table Weak         Min:  0.0, Avg:  0.0, Max:  0.0, Diff:  0.0, Sum:  0.0, Workers: 4
[2682.660s][debug][gc,phases      ] GC(250)     Dead                           Min: 0, Avg:  0.0, Max: 0, Diff: 0, Sum: 0, Workers: 4
[2682.660s][debug][gc,phases      ] GC(250)     Total                          Min: 0, Avg:  0.0, Max: 0, Diff: 0, Sum: 0, Workers: 4
[2682.660s][debug][gc,phases      ] GC(250)   StringDedup Requests0 Weak     Min:  0.0, Avg:  0.0, Max:  0.0, Diff:  0.0, Sum:  0.0, Workers: 4
[2682.660s][debug][gc,phases      ] GC(250)     Dead                           Min: 0, Avg:  0.0, Max: 0, Diff: 0, Sum: 0, Workers: 4
[2682.660s][debug][gc,phases      ] GC(250)     Total                          Min: 0, Avg:  0.0, Max: 0, Diff: 0, Sum: 0, Workers: 4
[2682.660s][debug][gc,phases      ] GC(250)   StringDedup Requests1 Weak     Min:  0.0, Avg:  0.0, Max:  0.0, Diff:  0.0, Sum:  0.0, Workers: 4
[2682.660s][debug][gc,phases      ] GC(250)     Dead                           Min: 0, Avg:  0.0, Max: 0, Diff: 0, Sum: 0, Workers: 4
[2682.660s][debug][gc,phases      ] GC(250)     Total                          Min: 0, Avg:  0.0, Max: 0, Diff: 0, Sum: 0, Workers: 4
[2682.660s][debug][gc,phases      ] GC(250)   Weak JFR Old Object Samples    Min:  0.0, Avg:  0.0, Max:  0.0, Diff:  0.0, Sum:  0.0, Workers: 4
[2682.660s][debug][gc,phases      ] GC(250)     Dead                           Min: 0, Avg:  0.0, Max: 0, Diff: 0, Sum: 0, Workers: 4
[2682.660s][debug][gc,phases      ] GC(250)     Total                          Min: 0, Avg:  0.0, Max: 0, Diff: 0, Sum: 0, Workers: 4
[2682.660s][debug][gc,phases      ] GC(250) Weak Processing 0.341ms
[2682.660s][debug][gc,age         ] GC(250) Desired survivor size 107479040 bytes, new threshold 14 (max threshold 15)
[2682.660s][info ][gc,heap        ] GC(250) PSYoungGen: 2014768K(2015232K)->72170K(1959424K) Eden: 1954816K(1954816K)->0K(1887232K) From: 59952K(60416K)->72170K(72192K)
[2682.660s][info ][gc,heap        ] GC(250) ParOldGen: 587663K(631296K)->663250K(663552K)
[2682.660s][info ][gc,metaspace   ] GC(250) Metaspace: 83860K(84672K)->83860K(84672K) NonClass: 72188K(72640K)->72188K(72640K) Class: 11672K(12032K)->11672K(12032K)
[2682.660s][info ][gc             ] GC(250) Pause Young (Allocation Failure) 2541M->718M(2561M) 59.291ms
[2682.660s][info ][gc,cpu         ] GC(250) User=0.21s Sys=0.03s Real=0.06s
[2682.660s][debug][gc,phases      ] GC(251) Pre Compact 0.009ms
[2682.660s][info ][gc,start       ] GC(251) Pause Full (Ergonomics)
[2682.660s][info ][gc,phases,start] GC(251) Marking Phase
[2682.814s][debug][gc,phases      ] GC(251) Par Mark 153.946ms
[2682.814s][debug][gc,ref         ] GC(251) ReferenceProcessor::execute queues: 4, RefProcThreadModel::Multi, marks_oops_alive: true
[2682.815s][debug][gc,ref         ] GC(251) ReferenceProcessor::execute queues: 4, RefProcThreadModel::Multi, marks_oops_alive: false
[2682.815s][debug][gc,ref         ] GC(251) Skipped phase 3 of Reference Processing: no references
[2682.815s][debug][gc,ref         ] GC(251) ReferenceProcessor::execute queues: 1, RefProcThreadModel::Single, marks_oops_alive: false
[2682.815s][debug][gc,phases      ] GC(251) Reference Processing 0.937ms
[2682.815s][debug][gc,phases      ] GC(251)   VM Weak                        Min:  0.0, Avg:  0.0, Max:  0.0, Diff:  0.0, Sum:  0.0, Workers: 4
[2682.815s][debug][gc,phases      ] GC(251)     Dead                           Min: 0, Avg: 30.2, Max: 118, Diff: 118, Sum: 121, Workers: 4
[2682.815s][debug][gc,phases      ] GC(251)     Total                          Min: 0, Avg: 175.2, Max: 576, Diff: 576, Sum: 701, Workers: 4
[2682.815s][debug][gc,phases      ] GC(251)   ObjectSynchronizer Weak        Min:  0.0, Avg:  0.0, Max:  0.0, Diff:  0.0, Sum:  0.0, Workers: 4
[2682.815s][debug][gc,phases      ] GC(251)     Dead                           Min: 0, Avg:  0.0, Max: 0, Diff: 0, Sum: 0, Workers: 4
[2682.815s][debug][gc,phases      ] GC(251)     Total                          Min: 0, Avg: 105.0, Max: 164, Diff: 164, Sum: 420, Workers: 4
[2682.815s][debug][gc,phases      ] GC(251)   JVMTI Tag Weak OopStorage      Min:  0.0, Avg:  0.0, Max:  0.0, Diff:  0.0, Sum:  0.0, Workers: 4
[2682.815s][debug][gc,phases      ] GC(251)     Dead                           Min: 0, Avg:  0.0, Max: 0, Diff: 0, Sum: 0, Workers: 4
[2682.815s][debug][gc,phases      ] GC(251)     Total                          Min: 0, Avg:  0.0, Max: 0, Diff: 0, Sum: 0, Workers: 4
[2682.815s][debug][gc,phases      ] GC(251)   StringTable Weak               Min:  0.1, Avg:  0.1, Max:  0.1, Diff:  0.0, Sum:  0.6, Workers: 4
[2682.815s][debug][gc,phases      ] GC(251)     Dead                           Min: 140, Avg: 303.5, Max: 515, Diff: 375, Sum: 1214, Workers: 4
[2682.815s][debug][gc,phases      ] GC(251)     Total                          Min: 11007, Avg: 12068.8, Max: 13205, Diff: 2198, Sum: 48275, Workers: 4
[2682.815s][debug][gc,phases      ] GC(251)   ResolvedMethodTable Weak       Min:  0.0, Avg:  0.0, Max:  0.0, Diff:  0.0, Sum:  0.1, Workers: 4
[2682.815s][debug][gc,phases      ] GC(251)     Dead                           Min: 12, Avg: 27.2, Max: 44, Diff: 32, Sum: 109, Workers: 4
[2682.815s][debug][gc,phases      ] GC(251)     Total                          Min: 1920, Avg: 2114.0, Max: 2432, Diff: 512, Sum: 8456, Workers: 4
[2682.815s][debug][gc,phases      ] GC(251)   JNI Weak                       Min:  0.0, Avg:  0.0, Max:  0.0, Diff:  0.0, Sum:  0.0, Workers: 4
[2682.815s][debug][gc,phases      ] GC(251)     Dead                           Min: 0, Avg:  0.0, Max: 0, Diff: 0, Sum: 0, Workers: 4
[2682.815s][debug][gc,phases      ] GC(251)     Total                          Min: 0, Avg:  0.0, Max: 0, Diff: 0, Sum: 0, Workers: 4
[2682.815s][debug][gc,phases      ] GC(251)   StringDedup Table Weak         Min:  0.0, Avg:  0.0, Max:  0.0, Diff:  0.0, Sum:  0.0, Workers: 4
[2682.815s][debug][gc,phases      ] GC(251)     Dead                           Min: 0, Avg:  0.0, Max: 0, Diff: 0, Sum: 0, Workers: 4
[2682.815s][debug][gc,phases      ] GC(251)     Total                          Min: 0, Avg:  0.0, Max: 0, Diff: 0, Sum: 0, Workers: 4
[2682.815s][debug][gc,phases      ] GC(251)   StringDedup Requests0 Weak     Min:  0.0, Avg:  0.0, Max:  0.0, Diff:  0.0, Sum:  0.0, Workers: 4
[2682.815s][debug][gc,phases      ] GC(251)     Dead                           Min: 0, Avg:  0.0, Max: 0, Diff: 0, Sum: 0, Workers: 4
[2682.815s][debug][gc,phases      ] GC(251)     Total                          Min: 0, Avg:  0.0, Max: 0, Diff: 0, Sum: 0, Workers: 4
[2682.815s][debug][gc,phases      ] GC(251)   StringDedup Requests1 Weak     Min:  0.0, Avg:  0.0, Max:  0.0, Diff:  0.0, Sum:  0.0, Workers: 4
[2682.815s][debug][gc,phases      ] GC(251)     Dead                           Min: 0, Avg:  0.0, Max: 0, Diff: 0, Sum: 0, Workers: 4
[2682.815s][debug][gc,phases      ] GC(251)     Total                          Min: 0, Avg:  0.0, Max: 0, Diff: 0, Sum: 0, Workers: 4
[2682.815s][debug][gc,phases      ] GC(251)   Weak JFR Old Object Samples    Min:  0.0, Avg:  0.0, Max:  0.0, Diff:  0.0, Sum:  0.0, Workers: 4
[2682.815s][debug][gc,phases      ] GC(251)     Dead                           Min: 0, Avg:  0.0, Max: 0, Diff: 0, Sum: 0, Workers: 4
[2682.815s][debug][gc,phases      ] GC(251)     Total                          Min: 0, Avg:  0.0, Max: 0, Diff: 0, Sum: 0, Workers: 4
[2682.815s][debug][gc,phases      ] GC(251) Weak Processing 0.363ms
[2682.816s][debug][gc,phases      ] GC(251) ClassLoaderData 0.670ms
[2682.816s][debug][gc,phases      ] GC(251) Trigger cleanups 0.001ms
[2682.848s][debug][gc,phases      ] GC(251) Class Unloading 32.984ms
[2682.848s][info ][gc,phases      ] GC(251) Marking Phase 188.443ms
[2682.848s][info ][gc,phases,start] GC(251) Summary Phase
[2682.849s][info ][gc,phases      ] GC(251) Summary Phase 0.024ms
[2682.849s][info ][gc,phases,start] GC(251) Adjust Roots
[2682.863s][info ][gc,phases      ] GC(251) Adjust Roots 14.880ms
[2682.863s][info ][gc,phases,start] GC(251) Compaction Phase
[2683.022s][info ][gc,phases      ] GC(251) Compaction Phase 158.133ms
[2683.022s][info ][gc,phases,start] GC(251) Post Compact
[2683.024s][info ][gc,phases      ] GC(251) Post Compact 2.115ms
[2683.024s][info ][gc,heap        ] GC(251) PSYoungGen: 72170K(1959424K)->0K(1992192K) Eden: 0K(1887232K)->0K(1887232K) From: 72170K(72192K)->0K(104960K)
[2683.024s][info ][gc,heap        ] GC(251) ParOldGen: 663250K(663552K)->545900K(707072K)
[2683.024s][info ][gc,metaspace   ] GC(251) Metaspace: 83860K(84672K)->83591K(84672K) NonClass: 72188K(72640K)->71980K(72640K) Class: 11672K(12032K)->11610K(12032K)
[2683.024s][info ][gc             ] GC(251) Pause Full (Ergonomics) 718M->533M(2636M) 363.887ms
[2683.024s][info ][gc,cpu         ] GC(251) User=1.29s Sys=0.00s Real=0.37s
[2683.024s][info ][safepoint      ] Safepoint "ParallelGCFailedAllocation", Time since last: 602339317 ns, Reaching safepoint: 60801 ns, At safepoint: 423369806 ns, Total: 423430607 ns
[2683.879s][info ][gc,start       ] GC(252) Pause Young (Allocation Failure)
[2683.905s][debug][gc,phases      ] GC(252) Scavenge 26.107ms
[2683.905s][debug][gc,ref         ] GC(252) Skipped phase 1 of Reference Processing: no references
[2683.905s][debug][gc,ref         ] GC(252) ReferenceProcessor::execute queues: 1, RefProcThreadModel::Single, marks_oops_alive: false
[2683.905s][debug][gc,ref         ] GC(252) Skipped phase 3 of Reference Processing: no references
[2683.905s][debug][gc,ref         ] GC(252) ReferenceProcessor::execute queues: 1, RefProcThreadModel::Single, marks_oops_alive: false
[2683.905s][debug][gc,phases      ] GC(252) Reference Processing 0.114ms
[2683.905s][debug][gc,phases      ] GC(252)   VM Weak                        Min:  0.0, Avg:  0.0, Max:  0.0, Diff:  0.0, Sum:  0.0, Workers: 4
[2683.905s][debug][gc,phases      ] GC(252)     Dead                           Min: 0, Avg:  0.0, Max: 0, Diff: 0, Sum: 0, Workers: 4
[2683.905s][debug][gc,phases      ] GC(252)     Total                          Min: 0, Avg: 145.0, Max: 405, Diff: 405, Sum: 580, Workers: 4
[2683.905s][debug][gc,phases      ] GC(252)   ObjectSynchronizer Weak        Min:  0.0, Avg:  0.0, Max:  0.0, Diff:  0.0, Sum:  0.0, Workers: 4
[2683.905s][debug][gc,phases      ] GC(252)     Dead                           Min: 0, Avg:  0.0, Max: 0, Diff: 0, Sum: 0, Workers: 4
[2683.905s][debug][gc,phases      ] GC(252)     Total                          Min: 0, Avg: 105.0, Max: 256, Diff: 256, Sum: 420, Workers: 4
[2683.905s][debug][gc,phases      ] GC(252)   JVMTI Tag Weak OopStorage      Min:  0.0, Avg:  0.0, Max:  0.0, Diff:  0.0, Sum:  0.0, Workers: 4
[2683.905s][debug][gc,phases      ] GC(252)     Dead                           Min: 0, Avg:  0.0, Max: 0, Diff: 0, Sum: 0, Workers: 4
[2683.905s][debug][gc,phases      ] GC(252)     Total                          Min: 0, Avg:  0.0, Max: 0, Diff: 0, Sum: 0, Workers: 4
[2683.905s][debug][gc,phases      ] GC(252)   StringTable Weak               Min:  0.1, Avg:  0.1, Max:  0.1, Diff:  0.0, Sum:  0.4, Workers: 4
[2683.905s][debug][gc,phases      ] GC(252)     Dead                           Min: 0, Avg:  0.2, Max: 1, Diff: 1, Sum: 1, Workers: 4
[2683.905s][debug][gc,phases      ] GC(252)     Total                          Min: 11519, Avg: 12068.8, Max: 12992, Diff: 1473, Sum: 48275, Workers: 4
[2683.905s][debug][gc,phases      ] GC(252)   ResolvedMethodTable Weak       Min:  0.0, Avg:  0.0, Max:  0.0, Diff:  0.0, Sum:  0.1, Workers: 4
[2683.905s][debug][gc,phases      ] GC(252)     Dead                           Min: 0, Avg:  0.0, Max: 0, Diff: 0, Sum: 0, Workers: 4
[2683.905s][debug][gc,phases      ] GC(252)     Total                          Min: 1984, Avg: 2114.2, Max: 2240, Diff: 256, Sum: 8457, Workers: 4
[2683.905s][debug][gc,phases      ] GC(252)   JNI Weak                       Min:  0.0, Avg:  0.0, Max:  0.0, Diff:  0.0, Sum:  0.0, Workers: 4
[2683.905s][debug][gc,phases      ] GC(252)     Dead                           Min: 0, Avg:  0.0, Max: 0, Diff: 0, Sum: 0, Workers: 4
[2683.905s][debug][gc,phases      ] GC(252)     Total                          Min: 0, Avg:  0.0, Max: 0, Diff: 0, Sum: 0, Workers: 4
[2683.905s][debug][gc,phases      ] GC(252)   StringDedup Table Weak         Min:  0.0, Avg:  0.0, Max:  0.0, Diff:  0.0, Sum:  0.0, Workers: 4
[2683.905s][debug][gc,phases      ] GC(252)     Dead                           Min: 0, Avg:  0.0, Max: 0, Diff: 0, Sum: 0, Workers: 4
[2683.905s][debug][gc,phases      ] GC(252)     Total                          Min: 0, Avg:  0.0, Max: 0, Diff: 0, Sum: 0, Workers: 4
[2683.905s][debug][gc,phases      ] GC(252)   StringDedup Requests0 Weak     Min:  0.0, Avg:  0.0, Max:  0.0, Diff:  0.0, Sum:  0.0, Workers: 4
[2683.905s][debug][gc,phases      ] GC(252)     Dead                           Min: 0, Avg:  0.0, Max: 0, Diff: 0, Sum: 0, Workers: 4
[2683.905s][debug][gc,phases      ] GC(252)     Total                          Min: 0, Avg:  0.0, Max: 0, Diff: 0, Sum: 0, Workers: 4
[2683.905s][debug][gc,phases      ] GC(252)   StringDedup Requests1 Weak     Min:  0.0, Avg:  0.0, Max:  0.0, Diff:  0.0, Sum:  0.0, Workers: 4
[2683.905s][debug][gc,phases      ] GC(252)     Dead                           Min: 0, Avg:  0.0, Max: 0, Diff: 0, Sum: 0, Workers: 4
[2683.905s][debug][gc,phases      ] GC(252)     Total                          Min: 0, Avg:  0.0, Max: 0, Diff: 0, Sum: 0, Workers: 4
[2683.905s][debug][gc,phases      ] GC(252)   Weak JFR Old Object Samples    Min:  0.0, Avg:  0.0, Max:  0.0, Diff:  0.0, Sum:  0.0, Workers: 4
[2683.906s][debug][gc,phases      ] GC(252)     Dead                           Min: 0, Avg:  0.0, Max: 0, Diff: 0, Sum: 0, Workers: 4
[2683.906s][debug][gc,phases      ] GC(252)     Total                          Min: 0, Avg:  0.0, Max: 0, Diff: 0, Sum: 0, Workers: 4
[2683.906s][debug][gc,phases      ] GC(252) Weak Processing 0.316ms
[2683.906s][debug][gc,age         ] GC(252) Desired survivor size 104857600 bytes, new threshold 15 (max threshold 15)
[2683.906s][info ][gc,heap        ] GC(252) PSYoungGen: 1887232K(1992192K)->54336K(1994752K) Eden: 1887232K(1887232K)->0K(1889792K) From: 0K(104960K)->54336K(104960K)
[2683.906s][info ][gc,heap        ] GC(252) ParOldGen: 545900K(707072K)->545908K(707072K)
[2683.906s][info ][gc,metaspace   ] GC(252) Metaspace: 83593K(84672K)->83593K(84672K) NonClass: 71982K(72640K)->71982K(72640K) Class: 11611K(12032K)->11611K(12032K)
[2683.906s][info ][gc             ] GC(252) Pause Young (Allocation Failure) 2376M->586M(2638M) 26.675ms
[2683.906s][info ][gc,cpu         ] GC(252) User=0.10s Sys=0.00s Real=0.03s
[2683.906s][info ][safepoint      ] Safepoint "ParallelGCFailedAllocation", Time since last: 854572065 ns, Reaching safepoint: 248005 ns, At safepoint: 26762825 ns, Total: 27010830 ns
[2684.565s][info ][safepoint      ] Safepoint "ICBufferFull", Time since last: 658674722 ns, Reaching safepoint: 251605 ns, At safepoint: 13200 ns, Total: 264805 ns
[2684.684s][info ][safepoint      ] Safepoint "ICBufferFull", Time since last: 118693429 ns, Reaching safepoint: 349207 ns, At safepoint: 13200 ns, Total: 362407 ns
[2684.891s][info ][gc,start       ] GC(253) Pause Young (Allocation Failure)
[2685.021s][debug][gc,phases      ] GC(253) Scavenge 129.203ms
[2685.021s][debug][gc,ref         ] GC(253) Skipped phase 1 of Reference Processing: no references
[2685.021s][debug][gc,ref         ] GC(253) ReferenceProcessor::execute queues: 1, RefProcThreadModel::Single, marks_oops_alive: false
[2685.021s][debug][gc,ref         ] GC(253) Skipped phase 3 of Reference Processing: no references
[2685.021s][debug][gc,ref         ] GC(253) ReferenceProcessor::execute queues: 1, RefProcThreadModel::Single, marks_oops_alive: false
[2685.021s][debug][gc,phases      ] GC(253) Reference Processing 0.130ms
[2685.021s][debug][gc,phases      ] GC(253)   VM Weak                        Min:  0.0, Avg:  0.0, Max:  0.0, Diff:  0.0, Sum:  0.0, Workers: 4
[2685.021s][debug][gc,phases      ] GC(253)     Dead                           Min: 0, Avg:  0.0, Max: 0, Diff: 0, Sum: 0, Workers: 4
[2685.021s][debug][gc,phases      ] GC(253)     Total                          Min: 0, Avg: 148.0, Max: 592, Diff: 592, Sum: 592, Workers: 4
[2685.021s][debug][gc,phases      ] GC(253)   ObjectSynchronizer Weak        Min:  0.0, Avg:  0.0, Max:  0.0, Diff:  0.0, Sum:  0.0, Workers: 4
[2685.021s][debug][gc,phases      ] GC(253)     Dead                           Min: 0, Avg:  0.0, Max: 0, Diff: 0, Sum: 0, Workers: 4
[2685.021s][debug][gc,phases      ] GC(253)     Total                          Min: 0, Avg: 105.2, Max: 165, Diff: 165, Sum: 421, Workers: 4
[2685.021s][debug][gc,phases      ] GC(253)   JVMTI Tag Weak OopStorage      Min:  0.0, Avg:  0.0, Max:  0.0, Diff:  0.0, Sum:  0.0, Workers: 4
[2685.021s][debug][gc,phases      ] GC(253)     Dead                           Min: 0, Avg:  0.0, Max: 0, Diff: 0, Sum: 0, Workers: 4
[2685.021s][debug][gc,phases      ] GC(253)     Total                          Min: 0, Avg:  0.0, Max: 0, Diff: 0, Sum: 0, Workers: 4
[2685.021s][debug][gc,phases      ] GC(253)   StringTable Weak               Min:  0.1, Avg:  0.1, Max:  0.1, Diff:  0.0, Sum:  0.4, Workers: 4
[2685.021s][debug][gc,phases      ] GC(253)     Dead                           Min: 0, Avg:  1.0, Max: 3, Diff: 3, Sum: 4, Workers: 4
[2685.021s][debug][gc,phases      ] GC(253)     Total                          Min: 10304, Avg: 12079.8, Max: 13120, Diff: 2816, Sum: 48319, Workers: 4
[2685.021s][debug][gc,phases      ] GC(253)   ResolvedMethodTable Weak       Min:  0.0, Avg:  0.0, Max:  0.0, Diff:  0.0, Sum:  0.1, Workers: 4
[2685.021s][debug][gc,phases      ] GC(253)     Dead                           Min: 0, Avg:  0.0, Max: 0, Diff: 0, Sum: 0, Workers: 4
[2685.021s][debug][gc,phases      ] GC(253)     Total                          Min: 2028, Avg: 2138.8, Max: 2240, Diff: 212, Sum: 8555, Workers: 4
[2685.021s][debug][gc,phases      ] GC(253)   JNI Weak                       Min:  0.0, Avg:  0.0, Max:  0.0, Diff:  0.0, Sum:  0.0, Workers: 4
[2685.021s][debug][gc,phases      ] GC(253)     Dead                           Min: 0, Avg:  0.0, Max: 0, Diff: 0, Sum: 0, Workers: 4
[2685.021s][debug][gc,phases      ] GC(253)     Total                          Min: 0, Avg:  0.5, Max: 2, Diff: 2, Sum: 2, Workers: 4
[2685.021s][debug][gc,phases      ] GC(253)   StringDedup Table Weak         Min:  0.0, Avg:  0.0, Max:  0.0, Diff:  0.0, Sum:  0.0, Workers: 4
[2685.021s][debug][gc,phases      ] GC(253)     Dead                           Min: 0, Avg:  0.0, Max: 0, Diff: 0, Sum: 0, Workers: 4
[2685.021s][debug][gc,phases      ] GC(253)     Total                          Min: 0, Avg:  0.0, Max: 0, Diff: 0, Sum: 0, Workers: 4
[2685.021s][debug][gc,phases      ] GC(253)   StringDedup Requests0 Weak     Min:  0.0, Avg:  0.0, Max:  0.0, Diff:  0.0, Sum:  0.0, Workers: 4
[2685.021s][debug][gc,phases      ] GC(253)     Dead                           Min: 0, Avg:  0.0, Max: 0, Diff: 0, Sum: 0, Workers: 4
[2685.021s][debug][gc,phases      ] GC(253)     Total                          Min: 0, Avg:  0.0, Max: 0, Diff: 0, Sum: 0, Workers: 4
[2685.021s][debug][gc,phases      ] GC(253)   StringDedup Requests1 Weak     Min:  0.0, Avg:  0.0, Max:  0.0, Diff:  0.0, Sum:  0.0, Workers: 4
[2685.021s][debug][gc,phases      ] GC(253)     Dead                           Min: 0, Avg:  0.0, Max: 0, Diff: 0, Sum: 0, Workers: 4
[2685.021s][debug][gc,phases      ] GC(253)     Total                          Min: 0, Avg:  0.0, Max: 0, Diff: 0, Sum: 0, Workers: 4
[2685.021s][debug][gc,phases      ] GC(253)   Weak JFR Old Object Samples    Min:  0.0, Avg:  0.0, Max:  0.0, Diff:  0.0, Sum:  0.0, Workers: 4
[2685.021s][debug][gc,phases      ] GC(253)     Dead                           Min: 0, Avg:  0.0, Max: 0, Diff: 0, Sum: 0, Workers: 4
[2685.021s][debug][gc,phases      ] GC(253)     Total                          Min: 0, Avg:  0.0, Max: 0, Diff: 0, Sum: 0, Workers: 4
[2685.021s][debug][gc,phases      ] GC(253) Weak Processing 0.349ms
[2685.021s][debug][gc,age         ] GC(253) Desired survivor size 134742016 bytes, new threshold 14 (max threshold 15)
[2685.021s][info ][gc,heap        ] GC(253) PSYoungGen: 1944128K(1994752K)->102385K(1992192K) Eden: 1889792K(1889792K)->0K(1889792K) From: 54336K(104960K)->102385K(102400K)
[2685.021s][info ][gc,heap        ] GC(253) ParOldGen: 545908K(707072K)->596377K(707072K)
[2685.021s][info ][gc,metaspace   ] GC(253) Metaspace: 83840K(84672K)->83840K(84672K) NonClass: 72170K(72640K)->72170K(72640K) Class: 11669K(12032K)->11669K(12032K)
[2685.021s][info ][gc             ] GC(253) Pause Young (Allocation Failure) 2431M->682M(2636M) 129.834ms
[2685.021s][info ][gc,cpu         ] GC(253) User=0.52s Sys=0.00s Real=0.12s
[2685.021s][info ][safepoint      ] Safepoint "ParallelGCFailedAllocation", Time since last: 207571072 ns, Reaching safepoint: 137503 ns, At safepoint: 129918549 ns, Total: 130056052 ns
[2685.873s][info ][gc,start       ] GC(254) Pause Young (Allocation Failure)
[2685.979s][debug][gc,phases      ] GC(254) Scavenge 105.488ms
[2685.979s][debug][gc,ref         ] GC(254) Skipped phase 1 of Reference Processing: no references
[2685.979s][debug][gc,ref         ] GC(254) ReferenceProcessor::execute queues: 1, RefProcThreadModel::Single, marks_oops_alive: false
[2685.979s][debug][gc,ref         ] GC(254) Skipped phase 3 of Reference Processing: no references
[2685.979s][debug][gc,ref         ] GC(254) ReferenceProcessor::execute queues: 1, RefProcThreadModel::Single, marks_oops_alive: false
[2685.979s][debug][gc,phases      ] GC(254) Reference Processing 0.109ms
[2685.979s][debug][gc,phases      ] GC(254)   VM Weak                        Min:  0.0, Avg:  0.0, Max:  0.0, Diff:  0.0, Sum:  0.0, Workers: 4
[2685.979s][debug][gc,phases      ] GC(254)     Dead                           Min: 0, Avg:  0.0, Max: 0, Diff: 0, Sum: 0, Workers: 4
[2685.979s][debug][gc,phases      ] GC(254)     Total                          Min: 0, Avg: 149.2, Max: 545, Diff: 545, Sum: 597, Workers: 4
[2685.979s][debug][gc,phases      ] GC(254)   ObjectSynchronizer Weak        Min:  0.0, Avg:  0.0, Max:  0.0, Diff:  0.0, Sum:  0.0, Workers: 4
[2685.979s][debug][gc,phases      ] GC(254)     Dead                           Min: 0, Avg:  0.0, Max: 0, Diff: 0, Sum: 0, Workers: 4
[2685.979s][debug][gc,phases      ] GC(254)     Total                          Min: 0, Avg: 105.2, Max: 229, Diff: 229, Sum: 421, Workers: 4
[2685.979s][debug][gc,phases      ] GC(254)   JVMTI Tag Weak OopStorage      Min:  0.0, Avg:  0.0, Max:  0.0, Diff:  0.0, Sum:  0.0, Workers: 4
[2685.979s][debug][gc,phases      ] GC(254)     Dead                           Min: 0, Avg:  0.0, Max: 0, Diff: 0, Sum: 0, Workers: 4
[2685.979s][debug][gc,phases      ] GC(254)     Total                          Min: 0, Avg:  0.0, Max: 0, Diff: 0, Sum: 0, Workers: 4
[2685.979s][debug][gc,phases      ] GC(254)   StringTable Weak               Min:  0.1, Avg:  0.1, Max:  0.1, Diff:  0.0, Sum:  0.4, Workers: 4
[2685.979s][debug][gc,phases      ] GC(254)     Dead                           Min: 0, Avg:  0.8, Max: 2, Diff: 2, Sum: 3, Workers: 4
[2685.979s][debug][gc,phases      ] GC(254)     Total                          Min: 11456, Avg: 12084.5, Max: 13054, Diff: 1598, Sum: 48338, Workers: 4
[2685.979s][debug][gc,phases      ] GC(254)   ResolvedMethodTable Weak       Min:  0.0, Avg:  0.0, Max:  0.0, Diff:  0.0, Sum:  0.1, Workers: 4
[2685.979s][debug][gc,phases      ] GC(254)     Dead                           Min: 0, Avg:  0.0, Max: 0, Diff: 0, Sum: 0, Workers: 4
[2685.979s][debug][gc,phases      ] GC(254)     Total                          Min: 2073, Avg: 2150.2, Max: 2240, Diff: 167, Sum: 8601, Workers: 4
[2685.979s][debug][gc,phases      ] GC(254)   JNI Weak                       Min:  0.0, Avg:  0.0, Max:  0.0, Diff:  0.0, Sum:  0.0, Workers: 4
[2685.979s][debug][gc,phases      ] GC(254)     Dead                           Min: 0, Avg:  0.0, Max: 0, Diff: 0, Sum: 0, Workers: 4
[2685.979s][debug][gc,phases      ] GC(254)     Total                          Min: 0, Avg:  0.0, Max: 0, Diff: 0, Sum: 0, Workers: 4
[2685.979s][debug][gc,phases      ] GC(254)   StringDedup Table Weak         Min:  0.0, Avg:  0.0, Max:  0.0, Diff:  0.0, Sum:  0.0, Workers: 4
[2685.979s][debug][gc,phases      ] GC(254)     Dead                           Min: 0, Avg:  0.0, Max: 0, Diff: 0, Sum: 0, Workers: 4
[2685.979s][debug][gc,phases      ] GC(254)     Total                          Min: 0, Avg:  0.0, Max: 0, Diff: 0, Sum: 0, Workers: 4
[2685.979s][debug][gc,phases      ] GC(254)   StringDedup Requests0 Weak     Min:  0.0, Avg:  0.0, Max:  0.0, Diff:  0.0, Sum:  0.0, Workers: 4
[2685.979s][debug][gc,phases      ] GC(254)     Dead                           Min: 0, Avg:  0.0, Max: 0, Diff: 0, Sum: 0, Workers: 4
[2685.979s][debug][gc,phases      ] GC(254)     Total                          Min: 0, Avg:  0.0, Max: 0, Diff: 0, Sum: 0, Workers: 4
[2685.979s][debug][gc,phases      ] GC(254)   StringDedup Requests1 Weak     Min:  0.0, Avg:  0.0, Max:  0.0, Diff:  0.0, Sum:  0.0, Workers: 4
[2685.979s][debug][gc,phases      ] GC(254)     Dead                           Min: 0, Avg:  0.0, Max: 0, Diff: 0, Sum: 0, Workers: 4
[2685.979s][debug][gc,phases      ] GC(254)     Total                          Min: 0, Avg:  0.0, Max: 0, Diff: 0, Sum: 0, Workers: 4
[2685.979s][debug][gc,phases      ] GC(254)   Weak JFR Old Object Samples    Min:  0.0, Avg:  0.0, Max:  0.0, Diff:  0.0, Sum:  0.0, Workers: 4
[2685.979s][debug][gc,phases      ] GC(254)     Dead                           Min: 0, Avg:  0.0, Max: 0, Diff: 0, Sum: 0, Workers: 4
[2685.979s][debug][gc,phases      ] GC(254)     Total                          Min: 0, Avg:  0.0, Max: 0, Diff: 0, Sum: 0, Workers: 4
[2685.979s][debug][gc,phases      ] GC(254) Weak Processing 0.320ms
[2685.979s][debug][gc,age         ] GC(254) Desired survivor size 144179200 bytes, new threshold 13 (max threshold 15)
[2685.979s][info ][gc,heap        ] GC(254) PSYoungGen: 1992177K(1992192K)->104928K(1920512K) Eden: 1889792K(1889792K)->0K(1815552K) From: 102385K(102400K)->104928K(104960K)
[2685.979s][info ][gc,heap        ] GC(254) ParOldGen: 596377K(707072K)->604100K(707072K)
[2685.979s][info ][gc,metaspace   ] GC(254) Metaspace: 83908K(84672K)->83908K(84672K) NonClass: 72225K(72640K)->72225K(72640K) Class: 11683K(12032K)->11683K(12032K)
[2685.979s][info ][gc             ] GC(254) Pause Young (Allocation Failure) 2527M->692M(2566M) 106.051ms
[2685.979s][info ][gc,cpu         ] GC(254) User=0.42s Sys=0.00s Real=0.10s
[2685.979s][info ][safepoint      ] Safepoint "ParallelGCFailedAllocation", Time since last: 851936113 ns, Reaching safepoint: 182404 ns, At safepoint: 106142082 ns, Total: 106324486 ns
[2686.980s][info ][safepoint      ] Safepoint "Cleanup", Time since last: 1000093520 ns, Reaching safepoint: 150103 ns, At safepoint: 7400 ns, Total: 157503 ns
[2687.287s][info ][gc,start       ] GC(255) Pause Young (Allocation Failure)
[2687.405s][debug][gc,phases      ] GC(255) Scavenge 117.589ms
[2687.405s][debug][gc,ref         ] GC(255) Skipped phase 1 of Reference Processing: no references
[2687.405s][debug][gc,ref         ] GC(255) ReferenceProcessor::execute queues: 1, RefProcThreadModel::Single, marks_oops_alive: false
[2687.405s][debug][gc,ref         ] GC(255) Skipped phase 3 of Reference Processing: no references
[2687.405s][debug][gc,ref         ] GC(255) ReferenceProcessor::execute queues: 1, RefProcThreadModel::Single, marks_oops_alive: false
[2687.405s][debug][gc,phases      ] GC(255) Reference Processing 0.124ms
[2687.405s][debug][gc,phases      ] GC(255)   VM Weak                        Min:  0.0, Avg:  0.0, Max:  0.0, Diff:  0.0, Sum:  0.0, Workers: 4
[2687.405s][debug][gc,phases      ] GC(255)     Dead                           Min: 0, Avg:  0.0, Max: 0, Diff: 0, Sum: 0, Workers: 4
[2687.405s][debug][gc,phases      ] GC(255)     Total                          Min: 0, Avg: 149.2, Max: 537, Diff: 537, Sum: 597, Workers: 4
[2687.405s][debug][gc,phases      ] GC(255)   ObjectSynchronizer Weak        Min:  0.0, Avg:  0.0, Max:  0.0, Diff:  0.0, Sum:  0.0, Workers: 4
[2687.405s][debug][gc,phases      ] GC(255)     Dead                           Min: 0, Avg:  0.0, Max: 0, Diff: 0, Sum: 0, Workers: 4
[2687.405s][debug][gc,phases      ] GC(255)     Total                          Min: 0, Avg: 105.2, Max: 229, Diff: 229, Sum: 421, Workers: 4
[2687.405s][debug][gc,phases      ] GC(255)   JVMTI Tag Weak OopStorage      Min:  0.0, Avg:  0.0, Max:  0.0, Diff:  0.0, Sum:  0.0, Workers: 4
[2687.405s][debug][gc,phases      ] GC(255)     Dead                           Min: 0, Avg:  0.0, Max: 0, Diff: 0, Sum: 0, Workers: 4
[2687.405s][debug][gc,phases      ] GC(255)     Total                          Min: 0, Avg:  0.0, Max: 0, Diff: 0, Sum: 0, Workers: 4
[2687.405s][debug][gc,phases      ] GC(255)   StringTable Weak               Min:  0.1, Avg:  0.1, Max:  0.1, Diff:  0.0, Sum:  0.4, Workers: 4
[2687.405s][debug][gc,phases      ] GC(255)     Dead                           Min: 0, Avg:  0.5, Max: 1, Diff: 1, Sum: 2, Workers: 4
[2687.405s][debug][gc,phases      ] GC(255)     Total                          Min: 10943, Avg: 12086.8, Max: 14016, Diff: 3073, Sum: 48347, Workers: 4
[2687.405s][debug][gc,phases      ] GC(255)   ResolvedMethodTable Weak       Min:  0.0, Avg:  0.0, Max:  0.0, Diff:  0.0, Sum:  0.1, Workers: 4
[2687.405s][debug][gc,phases      ] GC(255)     Dead                           Min: 0, Avg:  0.0, Max: 0, Diff: 0, Sum: 0, Workers: 4
[2687.405s][debug][gc,phases      ] GC(255)     Total                          Min: 1792, Avg: 2153.5, Max: 2496, Diff: 704, Sum: 8614, Workers: 4
[2687.405s][debug][gc,phases      ] GC(255)   JNI Weak                       Min:  0.0, Avg:  0.0, Max:  0.0, Diff:  0.0, Sum:  0.0, Workers: 4
[2687.405s][debug][gc,phases      ] GC(255)     Dead                           Min: 0, Avg:  0.0, Max: 0, Diff: 0, Sum: 0, Workers: 4
[2687.405s][debug][gc,phases      ] GC(255)     Total                          Min: 0, Avg:  0.0, Max: 0, Diff: 0, Sum: 0, Workers: 4
[2687.405s][debug][gc,phases      ] GC(255)   StringDedup Table Weak         Min:  0.0, Avg:  0.0, Max:  0.0, Diff:  0.0, Sum:  0.0, Workers: 4
[2687.405s][debug][gc,phases      ] GC(255)     Dead                           Min: 0, Avg:  0.0, Max: 0, Diff: 0, Sum: 0, Workers: 4
[2687.405s][debug][gc,phases      ] GC(255)     Total                          Min: 0, Avg:  0.0, Max: 0, Diff: 0, Sum: 0, Workers: 4
[2687.405s][debug][gc,phases      ] GC(255)   StringDedup Requests0 Weak     Min:  0.0, Avg:  0.0, Max:  0.0, Diff:  0.0, Sum:  0.0, Workers: 4
[2687.405s][debug][gc,phases      ] GC(255)     Dead                           Min: 0, Avg:  0.0, Max: 0, Diff: 0, Sum: 0, Workers: 4
[2687.405s][debug][gc,phases      ] GC(255)     Total                          Min: 0, Avg:  0.0, Max: 0, Diff: 0, Sum: 0, Workers: 4
[2687.405s][debug][gc,phases      ] GC(255)   StringDedup Requests1 Weak     Min:  0.0, Avg:  0.0, Max:  0.0, Diff:  0.0, Sum:  0.0, Workers: 4
[2687.405s][debug][gc,phases      ] GC(255)     Dead                           Min: 0, Avg:  0.0, Max: 0, Diff: 0, Sum: 0, Workers: 4
[2687.405s][debug][gc,phases      ] GC(255)     Total                          Min: 0, Avg:  0.0, Max: 0, Diff: 0, Sum: 0, Workers: 4
[2687.405s][debug][gc,phases      ] GC(255)   Weak JFR Old Object Samples    Min:  0.0, Avg:  0.0, Max:  0.0, Diff:  0.0, Sum:  0.0, Workers: 4
[2687.405s][debug][gc,phases      ] GC(255)     Dead                           Min: 0, Avg:  0.0, Max: 0, Diff: 0, Sum: 0, Workers: 4
[2687.405s][debug][gc,phases      ] GC(255)     Total                          Min: 0, Avg:  0.0, Max: 0, Diff: 0, Sum: 0, Workers: 4
[2687.405s][debug][gc,phases      ] GC(255) Weak Processing 0.317ms
[2687.405s][debug][gc,age         ] GC(255) Desired survivor size 158859264 bytes, new threshold 14 (max threshold 15)
[2687.405s][info ][gc,heap        ] GC(255) PSYoungGen: 1920480K(1920512K)->131516K(1947136K) Eden: 1815552K(1815552K)->0K(1815552K) From: 104928K(104960K)->131516K(131584K)
[2687.405s][info ][gc,heap        ] GC(255) ParOldGen: 604100K(707072K)->604100K(707072K)
[2687.405s][info ][gc,metaspace   ] GC(255) Metaspace: 83978K(84736K)->83978K(84736K) NonClass: 72285K(72704K)->72285K(72704K) Class: 11693K(12032K)->11693K(12032K)
[2687.405s][info ][gc             ] GC(255) Pause Young (Allocation Failure) 2465M->718M(2592M) 118.177ms
[2687.405s][info ][gc,cpu         ] GC(255) User=0.47s Sys=0.00s Real=0.12s
[2687.405s][info ][safepoint      ] Safepoint "ParallelGCFailedAllocation", Time since last: 307232427 ns, Reaching safepoint: 132503 ns, At safepoint: 118261920 ns, Total: 118394423 ns
[2688.246s][info ][gc,start       ] GC(256) Pause Young (Allocation Failure)
[2688.355s][debug][gc,phases      ] GC(256) Scavenge 109.000ms
[2688.355s][debug][gc,ref         ] GC(256) Skipped phase 1 of Reference Processing: no references
[2688.356s][debug][gc,ref         ] GC(256) ReferenceProcessor::execute queues: 1, RefProcThreadModel::Single, marks_oops_alive: false
[2688.356s][debug][gc,ref         ] GC(256) Skipped phase 3 of Reference Processing: no references
[2688.356s][debug][gc,ref         ] GC(256) ReferenceProcessor::execute queues: 1, RefProcThreadModel::Single, marks_oops_alive: false
[2688.356s][debug][gc,phases      ] GC(256) Reference Processing 0.114ms
[2688.356s][debug][gc,phases      ] GC(256)   VM Weak                        Min:  0.0, Avg:  0.0, Max:  0.0, Diff:  0.0, Sum:  0.0, Workers: 4
[2688.356s][debug][gc,phases      ] GC(256)     Dead                           Min: 0, Avg:  0.0, Max: 0, Diff: 0, Sum: 0, Workers: 4
[2688.356s][debug][gc,phases      ] GC(256)     Total                          Min: 0, Avg: 149.2, Max: 328, Diff: 328, Sum: 597, Workers: 4
[2688.356s][debug][gc,phases      ] GC(256)   ObjectSynchronizer Weak        Min:  0.0, Avg:  0.0, Max:  0.0, Diff:  0.0, Sum:  0.0, Workers: 4
[2688.356s][debug][gc,phases      ] GC(256)     Dead                           Min: 0, Avg:  0.0, Max: 0, Diff: 0, Sum: 0, Workers: 4
[2688.356s][debug][gc,phases      ] GC(256)     Total                          Min: 0, Avg: 105.2, Max: 192, Diff: 192, Sum: 421, Workers: 4
[2688.356s][debug][gc,phases      ] GC(256)   JVMTI Tag Weak OopStorage      Min:  0.0, Avg:  0.0, Max:  0.0, Diff:  0.0, Sum:  0.0, Workers: 4
[2688.356s][debug][gc,phases      ] GC(256)     Dead                           Min: 0, Avg:  0.0, Max: 0, Diff: 0, Sum: 0, Workers: 4
[2688.356s][debug][gc,phases      ] GC(256)     Total                          Min: 0, Avg:  0.0, Max: 0, Diff: 0, Sum: 0, Workers: 4
[2688.356s][debug][gc,phases      ] GC(256)   StringTable Weak               Min:  0.1, Avg:  0.1, Max:  0.1, Diff:  0.0, Sum:  0.4, Workers: 4
[2688.356s][debug][gc,phases      ] GC(256)     Dead                           Min: 0, Avg:  0.0, Max: 0, Diff: 0, Sum: 0, Workers: 4
[2688.356s][debug][gc,phases      ] GC(256)     Total                          Min: 10240, Avg: 12087.2, Max: 12928, Diff: 2688, Sum: 48349, Workers: 4
[2688.356s][debug][gc,phases      ] GC(256)   ResolvedMethodTable Weak       Min:  0.0, Avg:  0.0, Max:  0.0, Diff:  0.0, Sum:  0.1, Workers: 4
[2688.356s][debug][gc,phases      ] GC(256)     Dead                           Min: 0, Avg:  0.0, Max: 0, Diff: 0, Sum: 0, Workers: 4
[2688.356s][debug][gc,phases      ] GC(256)     Total                          Min: 1984, Avg: 2153.5, Max: 2304, Diff: 320, Sum: 8614, Workers: 4
[2688.356s][debug][gc,phases      ] GC(256)   JNI Weak                       Min:  0.0, Avg:  0.0, Max:  0.0, Diff:  0.0, Sum:  0.0, Workers: 4
[2688.356s][debug][gc,phases      ] GC(256)     Dead                           Min: 0, Avg:  0.0, Max: 0, Diff: 0, Sum: 0, Workers: 4
[2688.356s][debug][gc,phases      ] GC(256)     Total                          Min: 0, Avg:  0.0, Max: 0, Diff: 0, Sum: 0, Workers: 4
[2688.356s][debug][gc,phases      ] GC(256)   StringDedup Table Weak         Min:  0.0, Avg:  0.0, Max:  0.0, Diff:  0.0, Sum:  0.0, Workers: 4
[2688.356s][debug][gc,phases      ] GC(256)     Dead                           Min: 0, Avg:  0.0, Max: 0, Diff: 0, Sum: 0, Workers: 4
[2688.356s][debug][gc,phases      ] GC(256)     Total                          Min: 0, Avg:  0.0, Max: 0, Diff: 0, Sum: 0, Workers: 4
[2688.356s][debug][gc,phases      ] GC(256)   StringDedup Requests0 Weak     Min:  0.0, Avg:  0.0, Max:  0.0, Diff:  0.0, Sum:  0.0, Workers: 4
[2688.356s][debug][gc,phases      ] GC(256)     Dead                           Min: 0, Avg:  0.0, Max: 0, Diff: 0, Sum: 0, Workers: 4
[2688.356s][debug][gc,phases      ] GC(256)     Total                          Min: 0, Avg:  0.0, Max: 0, Diff: 0, Sum: 0, Workers: 4
[2688.356s][debug][gc,phases      ] GC(256)   StringDedup Requests1 Weak     Min:  0.0, Avg:  0.0, Max:  0.0, Diff:  0.0, Sum:  0.0, Workers: 4
[2688.356s][debug][gc,phases      ] GC(256)     Dead                           Min: 0, Avg:  0.0, Max: 0, Diff: 0, Sum: 0, Workers: 4
[2688.356s][debug][gc,phases      ] GC(256)     Total                          Min: 0, Avg:  0.0, Max: 0, Diff: 0, Sum: 0, Workers: 4
[2688.356s][debug][gc,phases      ] GC(256)   Weak JFR Old Object Samples    Min:  0.0, Avg:  0.0, Max:  0.0, Diff:  0.0, Sum:  0.0, Workers: 4
[2688.356s][debug][gc,phases      ] GC(256)     Dead                           Min: 0, Avg:  0.0, Max: 0, Diff: 0, Sum: 0, Workers: 4
[2688.356s][debug][gc,phases      ] GC(256)     Total                          Min: 0, Avg:  0.0, Max: 0, Diff: 0, Sum: 0, Workers: 4
[2688.356s][debug][gc,phases      ] GC(256) Weak Processing 0.319ms
[2688.356s][debug][gc,age         ] GC(256) Desired survivor size 175636480 bytes, new threshold 15 (max threshold 15)
[2688.356s][info ][gc,heap        ] GC(256) PSYoungGen: 1947068K(1947136K)->145939K(1904128K) Eden: 1815552K(1815552K)->0K(1754112K) From: 131516K(131584K)->145939K(150016K)
[2688.356s][info ][gc,heap        ] GC(256) ParOldGen: 604100K(707072K)->604100K(707072K)
[2688.356s][info ][gc,metaspace   ] GC(256) Metaspace: 83995K(84736K)->83995K(84736K) NonClass: 72302K(72704K)->72302K(72704K) Class: 11693K(12032K)->11693K(12032K)
[2688.356s][info ][gc             ] GC(256) Pause Young (Allocation Failure) 2491M->732M(2550M) 109.565ms
[2688.356s][info ][gc,cpu         ] GC(256) User=0.43s Sys=0.00s Real=0.11s
[2688.356s][info ][safepoint      ] Safepoint "ParallelGCFailedAllocation", Time since last: 840854196 ns, Reaching safepoint: 139102 ns, At safepoint: 109654151 ns, Total: 109793253 ns
[2689.183s][info ][safepoint      ] Safepoint "ParallelGCFailedAllocation", Time since last: 826452914 ns, Reaching safepoint: 101502 ns, At safepoint: 22600 ns, Total: 124102 ns
[2689.183s][info ][gc,start       ] GC(257) Pause Young (GCLocker Initiated GC)
[2689.377s][debug][gc,phases      ] GC(257) Scavenge 194.182ms
[2689.377s][debug][gc,ref         ] GC(257) Skipped phase 1 of Reference Processing: no references
[2689.377s][debug][gc,ref         ] GC(257) ReferenceProcessor::execute queues: 1, RefProcThreadModel::Single, marks_oops_alive: false
[2689.377s][debug][gc,ref         ] GC(257) Skipped phase 3 of Reference Processing: no references
[2689.377s][debug][gc,ref         ] GC(257) ReferenceProcessor::execute queues: 1, RefProcThreadModel::Single, marks_oops_alive: false
[2689.377s][debug][gc,phases      ] GC(257) Reference Processing 0.145ms
[2689.377s][debug][gc,phases      ] GC(257)   VM Weak                        Min:  0.0, Avg:  0.0, Max:  0.0, Diff:  0.0, Sum:  0.0, Workers: 4
[2689.377s][debug][gc,phases      ] GC(257)     Dead                           Min: 0, Avg:  0.0, Max: 0, Diff: 0, Sum: 0, Workers: 4
[2689.377s][debug][gc,phases      ] GC(257)     Total                          Min: 0, Avg: 149.2, Max: 597, Diff: 597, Sum: 597, Workers: 4
[2689.377s][debug][gc,phases      ] GC(257)   ObjectSynchronizer Weak        Min:  0.0, Avg:  0.0, Max:  0.0, Diff:  0.0, Sum:  0.0, Workers: 4
[2689.377s][debug][gc,phases      ] GC(257)     Dead                           Min: 0, Avg:  0.0, Max: 0, Diff: 0, Sum: 0, Workers: 4
[2689.377s][debug][gc,phases      ] GC(257)     Total                          Min: 0, Avg: 105.2, Max: 421, Diff: 421, Sum: 421, Workers: 4
[2689.377s][debug][gc,phases      ] GC(257)   JVMTI Tag Weak OopStorage      Min:  0.0, Avg:  0.0, Max:  0.0, Diff:  0.0, Sum:  0.0, Workers: 4
[2689.377s][debug][gc,phases      ] GC(257)     Dead                           Min: 0, Avg:  0.0, Max: 0, Diff: 0, Sum: 0, Workers: 4
[2689.377s][debug][gc,phases      ] GC(257)     Total                          Min: 0, Avg:  0.0, Max: 0, Diff: 0, Sum: 0, Workers: 4
[2689.377s][debug][gc,phases      ] GC(257)   StringTable Weak               Min:  0.1, Avg:  0.1, Max:  0.1, Diff:  0.0, Sum:  0.4, Workers: 4
[2689.377s][debug][gc,phases      ] GC(257)     Dead                           Min: 0, Avg:  0.0, Max: 0, Diff: 0, Sum: 0, Workers: 4
[2689.377s][debug][gc,phases      ] GC(257)     Total                          Min: 10333, Avg: 12087.2, Max: 13376, Diff: 3043, Sum: 48349, Workers: 4
[2689.377s][debug][gc,phases      ] GC(257)   ResolvedMethodTable Weak       Min:  0.0, Avg:  0.0, Max:  0.0, Diff:  0.0, Sum:  0.1, Workers: 4
[2689.377s][debug][gc,phases      ] GC(257)     Dead                           Min: 0, Avg:  0.0, Max: 0, Diff: 0, Sum: 0, Workers: 4
[2689.377s][debug][gc,phases      ] GC(257)     Total                          Min: 2086, Avg: 2153.5, Max: 2240, Diff: 154, Sum: 8614, Workers: 4
[2689.377s][debug][gc,phases      ] GC(257)   JNI Weak                       Min:  0.0, Avg:  0.0, Max:  0.0, Diff:  0.0, Sum:  0.0, Workers: 4
[2689.377s][debug][gc,phases      ] GC(257)     Dead                           Min: 0, Avg:  0.0, Max: 0, Diff: 0, Sum: 0, Workers: 4
[2689.377s][debug][gc,phases      ] GC(257)     Total                          Min: 0, Avg:  0.0, Max: 0, Diff: 0, Sum: 0, Workers: 4
[2689.377s][debug][gc,phases      ] GC(257)   StringDedup Table Weak         Min:  0.0, Avg:  0.0, Max:  0.0, Diff:  0.0, Sum:  0.0, Workers: 4
[2689.377s][debug][gc,phases      ] GC(257)     Dead                           Min: 0, Avg:  0.0, Max: 0, Diff: 0, Sum: 0, Workers: 4
[2689.377s][debug][gc,phases      ] GC(257)     Total                          Min: 0, Avg:  0.0, Max: 0, Diff: 0, Sum: 0, Workers: 4
[2689.377s][debug][gc,phases      ] GC(257)   StringDedup Requests0 Weak     Min:  0.0, Avg:  0.0, Max:  0.0, Diff:  0.0, Sum:  0.0, Workers: 4
[2689.377s][debug][gc,phases      ] GC(257)     Dead                           Min: 0, Avg:  0.0, Max: 0, Diff: 0, Sum: 0, Workers: 4
[2689.377s][debug][gc,phases      ] GC(257)     Total                          Min: 0, Avg:  0.0, Max: 0, Diff: 0, Sum: 0, Workers: 4
[2689.377s][debug][gc,phases      ] GC(257)   StringDedup Requests1 Weak     Min:  0.0, Avg:  0.0, Max:  0.0, Diff:  0.0, Sum:  0.0, Workers: 4
[2689.377s][debug][gc,phases      ] GC(257)     Dead                           Min: 0, Avg:  0.0, Max: 0, Diff: 0, Sum: 0, Workers: 4
[2689.377s][debug][gc,phases      ] GC(257)     Total                          Min: 0, Avg:  0.0, Max: 0, Diff: 0, Sum: 0, Workers: 4
[2689.377s][debug][gc,phases      ] GC(257)   Weak JFR Old Object Samples    Min:  0.0, Avg:  0.0, Max:  0.0, Diff:  0.0, Sum:  0.0, Workers: 4
[2689.377s][debug][gc,phases      ] GC(257)     Dead                           Min: 0, Avg:  0.0, Max: 0, Diff: 0, Sum: 0, Workers: 4
[2689.377s][debug][gc,phases      ] GC(257)     Total                          Min: 0, Avg:  0.0, Max: 0, Diff: 0, Sum: 0, Workers: 4
[2689.377s][debug][gc,phases      ] GC(257) Weak Processing 0.335ms
[2689.377s][debug][gc,age         ] GC(257) Desired survivor size 193462272 bytes, new threshold 15 (max threshold 15)
[2689.377s][info ][gc,heap        ] GC(257) PSYoungGen: 1900051K(1904128K)->156749K(1911296K) Eden: 1754112K(1754112K)->0K(1754112K) From: 145939K(150016K)->156749K(157184K)
[2689.377s][info ][gc,heap        ] GC(257) ParOldGen: 604100K(707072K)->604100K(707072K)
[2689.377s][info ][gc,metaspace   ] GC(257) Metaspace: 84020K(84800K)->84020K(84800K) NonClass: 72327K(72768K)->72327K(72768K) Class: 11693K(12032K)->11693K(12032K)
[2689.377s][info ][gc             ] GC(257) Pause Young (GCLocker Initiated GC) 2445M->743M(2557M) 194.770ms
[2689.377s][info ][gc,cpu         ] GC(257) User=0.78s Sys=0.00s Real=0.19s
[2689.378s][info ][safepoint      ] Safepoint "ParallelGCSystemGC", Time since last: 65101 ns, Reaching safepoint: 15501 ns, At safepoint: 194846422 ns, Total: 194861923 ns
[2691.355s][info ][safepoint      ] Safepoint "Cleanup", Time since last: 1977675097 ns, Reaching safepoint: 225105 ns, At safepoint: 9800 ns, Total: 234905 ns
[2692.356s][info ][safepoint      ] Safepoint "Cleanup", Time since last: 1000135820 ns, Reaching safepoint: 180903 ns, At safepoint: 13301 ns, Total: 194204 ns
[2693.356s][info ][safepoint      ] Safepoint "Cleanup", Time since last: 1000140620 ns, Reaching safepoint: 121602 ns, At safepoint: 8200 ns, Total: 129802 ns
[2694.356s][info ][safepoint      ] Safepoint "Cleanup", Time since last: 1000118720 ns, Reaching safepoint: 133002 ns, At safepoint: 12901 ns, Total: 145903 ns
[2695.357s][info ][safepoint      ] Safepoint "Cleanup", Time since last: 1000104019 ns, Reaching safepoint: 133702 ns, At safepoint: 9301 ns, Total: 143003 ns
[2696.357s][info ][safepoint      ] Safepoint "Cleanup", Time since last: 1000102819 ns, Reaching safepoint: 84301 ns, At safepoint: 9800 ns, Total: 94101 ns
[2697.357s][info ][safepoint      ] Safepoint "Cleanup", Time since last: 1000072819 ns, Reaching safepoint: 124502 ns, At safepoint: 10500 ns, Total: 135002 ns
[2698.357s][info ][safepoint      ] Safepoint "Cleanup", Time since last: 1000125720 ns, Reaching safepoint: 134802 ns, At safepoint: 12300 ns, Total: 147102 ns
[2699.357s][info ][safepoint      ] Safepoint "Cleanup", Time since last: 1000103919 ns, Reaching safepoint: 52601 ns, At safepoint: 6600 ns, Total: 59201 ns
[2700.358s][info ][safepoint      ] Safepoint "Cleanup", Time since last: 1000106819 ns, Reaching safepoint: 47301 ns, At safepoint: 2600 ns, Total: 49901 ns
[2701.358s][info ][safepoint      ] Safepoint "Cleanup", Time since last: 1000124619 ns, Reaching safepoint: 128402 ns, At safepoint: 18301 ns, Total: 146703 ns
[2701.524s][info ][gc,start       ] GC(258) Pause Young (Allocation Failure)
[2701.696s][debug][gc,phases      ] GC(258) Scavenge 171.868ms
[2701.696s][debug][gc,ref         ] GC(258) Skipped phase 1 of Reference Processing: no references
[2701.696s][debug][gc,ref         ] GC(258) ReferenceProcessor::execute queues: 1, RefProcThreadModel::Single, marks_oops_alive: false
[2701.696s][debug][gc,ref         ] GC(258) Skipped phase 3 of Reference Processing: no references
[2701.696s][debug][gc,ref         ] GC(258) ReferenceProcessor::execute queues: 1, RefProcThreadModel::Single, marks_oops_alive: false
[2701.696s][debug][gc,phases      ] GC(258) Reference Processing 0.121ms
[2701.696s][debug][gc,phases      ] GC(258)   VM Weak                        Min:  0.0, Avg:  0.0, Max:  0.0, Diff:  0.0, Sum:  0.0, Workers: 4
[2701.696s][debug][gc,phases      ] GC(258)     Dead                           Min: 0, Avg:  0.0, Max: 0, Diff: 0, Sum: 0, Workers: 4
[2701.696s][debug][gc,phases      ] GC(258)     Total                          Min: 0, Avg: 149.2, Max: 352, Diff: 352, Sum: 597, Workers: 4
[2701.696s][debug][gc,phases      ] GC(258)   ObjectSynchronizer Weak        Min:  0.0, Avg:  0.0, Max:  0.0, Diff:  0.0, Sum:  0.0, Workers: 4
[2701.696s][debug][gc,phases      ] GC(258)     Dead                           Min: 0, Avg:  0.0, Max: 0, Diff: 0, Sum: 0, Workers: 4
[2701.696s][debug][gc,phases      ] GC(258)     Total                          Min: 0, Avg: 105.2, Max: 256, Diff: 256, Sum: 421, Workers: 4
[2701.696s][debug][gc,phases      ] GC(258)   JVMTI Tag Weak OopStorage      Min:  0.0, Avg:  0.0, Max:  0.0, Diff:  0.0, Sum:  0.0, Workers: 4
[2701.696s][debug][gc,phases      ] GC(258)     Dead                           Min: 0, Avg:  0.0, Max: 0, Diff: 0, Sum: 0, Workers: 4
[2701.696s][debug][gc,phases      ] GC(258)     Total                          Min: 0, Avg:  0.0, Max: 0, Diff: 0, Sum: 0, Workers: 4
[2701.696s][debug][gc,phases      ] GC(258)   StringTable Weak               Min:  0.1, Avg:  0.1, Max:  0.1, Diff:  0.0, Sum:  0.4, Workers: 4
[2701.696s][debug][gc,phases      ] GC(258)     Dead                           Min: 0, Avg:  0.2, Max: 1, Diff: 1, Sum: 1, Workers: 4
[2701.696s][debug][gc,phases      ] GC(258)     Total                          Min: 11328, Avg: 12091.0, Max: 12992, Diff: 1664, Sum: 48364, Workers: 4
[2701.696s][debug][gc,phases      ] GC(258)   ResolvedMethodTable Weak       Min:  0.0, Avg:  0.0, Max:  0.0, Diff:  0.0, Sum:  0.1, Workers: 4
[2701.696s][debug][gc,phases      ] GC(258)     Dead                           Min: 0, Avg:  0.0, Max: 0, Diff: 0, Sum: 0, Workers: 4
[2701.696s][debug][gc,phases      ] GC(258)     Total                          Min: 2048, Avg: 2155.0, Max: 2368, Diff: 320, Sum: 8620, Workers: 4
[2701.696s][debug][gc,phases      ] GC(258)   JNI Weak                       Min:  0.0, Avg:  0.0, Max:  0.0, Diff:  0.0, Sum:  0.0, Workers: 4
[2701.696s][debug][gc,phases      ] GC(258)     Dead                           Min: 0, Avg:  0.0, Max: 0, Diff: 0, Sum: 0, Workers: 4
[2701.696s][debug][gc,phases      ] GC(258)     Total                          Min: 0, Avg:  0.0, Max: 0, Diff: 0, Sum: 0, Workers: 4
[2701.696s][debug][gc,phases      ] GC(258)   StringDedup Table Weak         Min:  0.0, Avg:  0.0, Max:  0.0, Diff:  0.0, Sum:  0.0, Workers: 4
[2701.696s][debug][gc,phases      ] GC(258)     Dead                           Min: 0, Avg:  0.0, Max: 0, Diff: 0, Sum: 0, Workers: 4
[2701.696s][debug][gc,phases      ] GC(258)     Total                          Min: 0, Avg:  0.0, Max: 0, Diff: 0, Sum: 0, Workers: 4
[2701.696s][debug][gc,phases      ] GC(258)   StringDedup Requests0 Weak     Min:  0.0, Avg:  0.0, Max:  0.0, Diff:  0.0, Sum:  0.0, Workers: 4
[2701.696s][debug][gc,phases      ] GC(258)     Dead                           Min: 0, Avg:  0.0, Max: 0, Diff: 0, Sum: 0, Workers: 4
[2701.696s][debug][gc,phases      ] GC(258)     Total                          Min: 0, Avg:  0.0, Max: 0, Diff: 0, Sum: 0, Workers: 4
[2701.696s][debug][gc,phases      ] GC(258)   StringDedup Requests1 Weak     Min:  0.0, Avg:  0.0, Max:  0.0, Diff:  0.0, Sum:  0.0, Workers: 4
[2701.696s][debug][gc,phases      ] GC(258)     Dead                           Min: 0, Avg:  0.0, Max: 0, Diff: 0, Sum: 0, Workers: 4
[2701.696s][debug][gc,phases      ] GC(258)     Total                          Min: 0, Avg:  0.0, Max: 0, Diff: 0, Sum: 0, Workers: 4
[2701.696s][debug][gc,phases      ] GC(258)   Weak JFR Old Object Samples    Min:  0.0, Avg:  0.0, Max:  0.0, Diff:  0.0, Sum:  0.0, Workers: 4
[2701.696s][debug][gc,phases      ] GC(258)     Dead                           Min: 0, Avg:  0.0, Max: 0, Diff: 0, Sum: 0, Workers: 4
[2701.696s][debug][gc,phases      ] GC(258)     Total                          Min: 0, Avg:  0.0, Max: 0, Diff: 0, Sum: 0, Workers: 4
[2701.696s][debug][gc,phases      ] GC(258) Weak Processing 0.321ms
[2701.696s][debug][gc,age         ] GC(258) Desired survivor size 213909504 bytes, new threshold 15 (max threshold 15)
[2701.696s][info ][gc,heap        ] GC(258) PSYoungGen: 1910861K(1911296K)->174906K(1865216K) Eden: 1754112K(1754112K)->0K(1679360K) From: 156749K(157184K)->174906K(185856K)
[2701.696s][info ][gc,heap        ] GC(258) ParOldGen: 604102K(707072K)->604102K(707072K)
[2701.696s][info ][gc,metaspace   ] GC(258) Metaspace: 84101K(84864K)->84101K(84864K) NonClass: 72404K(72832K)->72404K(72832K) Class: 11697K(12032K)->11697K(12032K)
[2701.696s][info ][gc             ] GC(258) Pause Young (Allocation Failure) 2456M->760M(2512M) 172.443ms
[2701.696s][info ][gc,cpu         ] GC(258) User=0.69s Sys=0.00s Real=0.17s
[2701.696s][info ][safepoint      ] Safepoint "ParallelGCFailedAllocation", Time since last: 165835053 ns, Reaching safepoint: 109002 ns, At safepoint: 172532384 ns, Total: 172641386 ns
[2702.697s][info ][safepoint      ] Safepoint "Cleanup", Time since last: 1000085818 ns, Reaching safepoint: 136103 ns, At safepoint: 23901 ns, Total: 160004 ns
[2703.504s][info ][safepoint      ] Safepoint "ICBufferFull", Time since last: 807552341 ns, Reaching safepoint: 202904 ns, At safepoint: 6600 ns, Total: 209504 ns
[2704.505s][info ][safepoint      ] Safepoint "Cleanup", Time since last: 1000110318 ns, Reaching safepoint: 150803 ns, At safepoint: 8600 ns, Total: 159403 ns
[2704.894s][info ][gc,start       ] GC(259) Pause Young (Allocation Failure)
[2705.047s][debug][gc,phases      ] GC(259) Scavenge 152.679ms
[2705.047s][debug][gc,ref         ] GC(259) Skipped phase 1 of Reference Processing: no references
[2705.047s][debug][gc,ref         ] GC(259) ReferenceProcessor::execute queues: 1, RefProcThreadModel::Single, marks_oops_alive: false
[2705.047s][debug][gc,ref         ] GC(259) Skipped phase 3 of Reference Processing: no references
[2705.047s][debug][gc,ref         ] GC(259) ReferenceProcessor::execute queues: 1, RefProcThreadModel::Single, marks_oops_alive: false
[2705.047s][debug][gc,phases      ] GC(259) Reference Processing 0.139ms
[2705.047s][debug][gc,phases      ] GC(259)   VM Weak                        Min:  0.0, Avg:  0.0, Max:  0.0, Diff:  0.0, Sum:  0.0, Workers: 4
[2705.047s][debug][gc,phases      ] GC(259)     Dead                           Min: 0, Avg:  0.0, Max: 0, Diff: 0, Sum: 0, Workers: 4
[2705.047s][debug][gc,phases      ] GC(259)     Total                          Min: 0, Avg: 149.2, Max: 597, Diff: 597, Sum: 597, Workers: 4
[2705.047s][debug][gc,phases      ] GC(259)   ObjectSynchronizer Weak        Min:  0.0, Avg:  0.0, Max:  0.0, Diff:  0.0, Sum:  0.0, Workers: 4
[2705.047s][debug][gc,phases      ] GC(259)     Dead                           Min: 0, Avg:  0.0, Max: 0, Diff: 0, Sum: 0, Workers: 4
[2705.047s][debug][gc,phases      ] GC(259)     Total                          Min: 0, Avg: 105.2, Max: 421, Diff: 421, Sum: 421, Workers: 4
[2705.047s][debug][gc,phases      ] GC(259)   JVMTI Tag Weak OopStorage      Min:  0.0, Avg:  0.0, Max:  0.0, Diff:  0.0, Sum:  0.0, Workers: 4
[2705.047s][debug][gc,phases      ] GC(259)     Dead                           Min: 0, Avg:  0.0, Max: 0, Diff: 0, Sum: 0, Workers: 4
[2705.047s][debug][gc,phases      ] GC(259)     Total                          Min: 0, Avg:  0.0, Max: 0, Diff: 0, Sum: 0, Workers: 4
[2705.047s][debug][gc,phases      ] GC(259)   StringTable Weak               Min:  0.1, Avg:  0.1, Max:  0.1, Diff:  0.0, Sum:  0.4, Workers: 4
[2705.047s][debug][gc,phases      ] GC(259)     Dead                           Min: 0, Avg:  0.2, Max: 1, Diff: 1, Sum: 1, Workers: 4
[2705.047s][debug][gc,phases      ] GC(259)     Total                          Min: 11072, Avg: 12093.0, Max: 12916, Diff: 1844, Sum: 48372, Workers: 4
[2705.047s][debug][gc,phases      ] GC(259)   ResolvedMethodTable Weak       Min:  0.0, Avg:  0.0, Max:  0.0, Diff:  0.0, Sum:  0.1, Workers: 4
[2705.047s][debug][gc,phases      ] GC(259)     Dead                           Min: 0, Avg:  0.0, Max: 0, Diff: 0, Sum: 0, Workers: 4
[2705.047s][debug][gc,phases      ] GC(259)     Total                          Min: 2031, Avg: 2155.8, Max: 2240, Diff: 209, Sum: 8623, Workers: 4
[2705.047s][debug][gc,phases      ] GC(259)   JNI Weak                       Min:  0.0, Avg:  0.0, Max:  0.0, Diff:  0.0, Sum:  0.0, Workers: 4
[2705.047s][debug][gc,phases      ] GC(259)     Dead                           Min: 0, Avg:  0.0, Max: 0, Diff: 0, Sum: 0, Workers: 4
[2705.047s][debug][gc,phases      ] GC(259)     Total                          Min: 0, Avg:  0.0, Max: 0, Diff: 0, Sum: 0, Workers: 4
[2705.047s][debug][gc,phases      ] GC(259)   StringDedup Table Weak         Min:  0.0, Avg:  0.0, Max:  0.0, Diff:  0.0, Sum:  0.0, Workers: 4
[2705.047s][debug][gc,phases      ] GC(259)     Dead                           Min: 0, Avg:  0.0, Max: 0, Diff: 0, Sum: 0, Workers: 4
[2705.047s][debug][gc,phases      ] GC(259)     Total                          Min: 0, Avg:  0.0, Max: 0, Diff: 0, Sum: 0, Workers: 4
[2705.047s][debug][gc,phases      ] GC(259)   StringDedup Requests0 Weak     Min:  0.0, Avg:  0.0, Max:  0.0, Diff:  0.0, Sum:  0.0, Workers: 4
[2705.047s][debug][gc,phases      ] GC(259)     Dead                           Min: 0, Avg:  0.0, Max: 0, Diff: 0, Sum: 0, Workers: 4
[2705.047s][debug][gc,phases      ] GC(259)     Total                          Min: 0, Avg:  0.0, Max: 0, Diff: 0, Sum: 0, Workers: 4
[2705.047s][debug][gc,phases      ] GC(259)   StringDedup Requests1 Weak     Min:  0.0, Avg:  0.0, Max:  0.0, Diff:  0.0, Sum:  0.0, Workers: 4
[2705.047s][debug][gc,phases      ] GC(259)     Dead                           Min: 0, Avg:  0.0, Max: 0, Diff: 0, Sum: 0, Workers: 4
[2705.047s][debug][gc,phases      ] GC(259)     Total                          Min: 0, Avg:  0.0, Max: 0, Diff: 0, Sum: 0, Workers: 4
[2705.047s][debug][gc,phases      ] GC(259)   Weak JFR Old Object Samples    Min:  0.0, Avg:  0.0, Max:  0.0, Diff:  0.0, Sum:  0.0, Workers: 4
[2705.047s][debug][gc,phases      ] GC(259)     Dead                           Min: 0, Avg:  0.0, Max: 0, Diff: 0, Sum: 0, Workers: 4
[2705.047s][debug][gc,phases      ] GC(259)     Total                          Min: 0, Avg:  0.0, Max: 0, Diff: 0, Sum: 0, Workers: 4
[2705.047s][debug][gc,phases      ] GC(259) Weak Processing 0.313ms
[2705.047s][debug][gc,age         ] GC(259) Desired survivor size 232259584 bytes, new threshold 15 (max threshold 15)
[2705.047s][info ][gc,heap        ] GC(259) PSYoungGen: 1854266K(1865216K)->179395K(1859072K) Eden: 1679360K(1679360K)->0K(1679360K) From: 174906K(185856K)->179395K(179712K)
[2705.047s][info ][gc,heap        ] GC(259) ParOldGen: 604102K(707072K)->604102K(707072K)
[2705.047s][info ][gc,metaspace   ] GC(259) Metaspace: 84126K(84864K)->84126K(84864K) NonClass: 72427K(72832K)->72427K(72832K) Class: 11699K(12032K)->11699K(12032K)
[2705.047s][info ][gc             ] GC(259) Pause Young (Allocation Failure) 2400M->765M(2506M) 153.265ms
[2705.047s][info ][gc,cpu         ] GC(259) User=0.61s Sys=0.00s Real=0.15s
[2705.047s][info ][safepoint      ] Safepoint "ParallelGCFailedAllocation", Time since last: 389381638 ns, Reaching safepoint: 117203 ns, At safepoint: 153357108 ns, Total: 153474311 ns
[2706.048s][info ][safepoint      ] Safepoint "Cleanup", Time since last: 1000085818 ns, Reaching safepoint: 125502 ns, At safepoint: 10400 ns, Total: 135902 ns
[2707.048s][info ][safepoint      ] Safepoint "Cleanup", Time since last: 1000101818 ns, Reaching safepoint: 54701 ns, At safepoint: 6200 ns, Total: 60901 ns
[2707.108s][info ][gc,start       ] GC(260) Pause Young (Allocation Failure)
[2707.259s][debug][gc,phases      ] GC(260) Scavenge 151.814ms
[2707.259s][debug][gc,ref         ] GC(260) Skipped phase 1 of Reference Processing: no references
[2707.259s][debug][gc,ref         ] GC(260) ReferenceProcessor::execute queues: 1, RefProcThreadModel::Single, marks_oops_alive: false
[2707.260s][debug][gc,ref         ] GC(260) Skipped phase 3 of Reference Processing: no references
[2707.260s][debug][gc,ref         ] GC(260) ReferenceProcessor::execute queues: 1, RefProcThreadModel::Single, marks_oops_alive: false
[2707.260s][debug][gc,phases      ] GC(260) Reference Processing 0.127ms
[2707.260s][debug][gc,phases      ] GC(260)   VM Weak                        Min:  0.0, Avg:  0.0, Max:  0.0, Diff:  0.0, Sum:  0.0, Workers: 4
[2707.260s][debug][gc,phases      ] GC(260)     Dead                           Min: 0, Avg:  0.0, Max: 0, Diff: 0, Sum: 0, Workers: 4
[2707.260s][debug][gc,phases      ] GC(260)     Total                          Min: 0, Avg: 150.2, Max: 601, Diff: 601, Sum: 601, Workers: 4
[2707.260s][debug][gc,phases      ] GC(260)   ObjectSynchronizer Weak        Min:  0.0, Avg:  0.0, Max:  0.0, Diff:  0.0, Sum:  0.0, Workers: 4
[2707.260s][debug][gc,phases      ] GC(260)     Dead                           Min: 0, Avg:  0.0, Max: 0, Diff: 0, Sum: 0, Workers: 4
[2707.260s][debug][gc,phases      ] GC(260)     Total                          Min: 0, Avg: 105.2, Max: 357, Diff: 357, Sum: 421, Workers: 4
[2707.260s][debug][gc,phases      ] GC(260)   JVMTI Tag Weak OopStorage      Min:  0.0, Avg:  0.0, Max:  0.0, Diff:  0.0, Sum:  0.0, Workers: 4
[2707.260s][debug][gc,phases      ] GC(260)     Dead                           Min: 0, Avg:  0.0, Max: 0, Diff: 0, Sum: 0, Workers: 4
[2707.260s][debug][gc,phases      ] GC(260)     Total                          Min: 0, Avg:  0.0, Max: 0, Diff: 0, Sum: 0, Workers: 4
[2707.260s][debug][gc,phases      ] GC(260)   StringTable Weak               Min:  0.1, Avg:  0.1, Max:  0.1, Diff:  0.0, Sum:  0.4, Workers: 4
[2707.260s][debug][gc,phases      ] GC(260)     Dead                           Min: 0, Avg:  0.5, Max: 2, Diff: 2, Sum: 2, Workers: 4
[2707.260s][debug][gc,phases      ] GC(260)     Total                          Min: 11776, Avg: 12094.5, Max: 12922, Diff: 1146, Sum: 48378, Workers: 4
[2707.260s][debug][gc,phases      ] GC(260)   ResolvedMethodTable Weak       Min:  0.0, Avg:  0.0, Max:  0.0, Diff:  0.0, Sum:  0.1, Workers: 4
[2707.260s][debug][gc,phases      ] GC(260)     Dead                           Min: 0, Avg:  0.0, Max: 0, Diff: 0, Sum: 0, Workers: 4
[2707.260s][debug][gc,phases      ] GC(260)     Total                          Min: 1983, Avg: 2158.8, Max: 2300, Diff: 317, Sum: 8635, Workers: 4
[2707.260s][debug][gc,phases      ] GC(260)   JNI Weak                       Min:  0.0, Avg:  0.0, Max:  0.0, Diff:  0.0, Sum:  0.0, Workers: 4
[2707.260s][debug][gc,phases      ] GC(260)     Dead                           Min: 0, Avg:  0.0, Max: 0, Diff: 0, Sum: 0, Workers: 4
[2707.260s][debug][gc,phases      ] GC(260)     Total                          Min: 0, Avg:  0.0, Max: 0, Diff: 0, Sum: 0, Workers: 4
[2707.260s][debug][gc,phases      ] GC(260)   StringDedup Table Weak         Min:  0.0, Avg:  0.0, Max:  0.0, Diff:  0.0, Sum:  0.0, Workers: 4
[2707.260s][debug][gc,phases      ] GC(260)     Dead                           Min: 0, Avg:  0.0, Max: 0, Diff: 0, Sum: 0, Workers: 4
[2707.260s][debug][gc,phases      ] GC(260)     Total                          Min: 0, Avg:  0.0, Max: 0, Diff: 0, Sum: 0, Workers: 4
[2707.260s][debug][gc,phases      ] GC(260)   StringDedup Requests0 Weak     Min:  0.0, Avg:  0.0, Max:  0.0, Diff:  0.0, Sum:  0.0, Workers: 4
[2707.260s][debug][gc,phases      ] GC(260)     Dead                           Min: 0, Avg:  0.0, Max: 0, Diff: 0, Sum: 0, Workers: 4
[2707.260s][debug][gc,phases      ] GC(260)     Total                          Min: 0, Avg:  0.0, Max: 0, Diff: 0, Sum: 0, Workers: 4
[2707.260s][debug][gc,phases      ] GC(260)   StringDedup Requests1 Weak     Min:  0.0, Avg:  0.0, Max:  0.0, Diff:  0.0, Sum:  0.0, Workers: 4
[2707.260s][debug][gc,phases      ] GC(260)     Dead                           Min: 0, Avg:  0.0, Max: 0, Diff: 0, Sum: 0, Workers: 4
[2707.260s][debug][gc,phases      ] GC(260)     Total                          Min: 0, Avg:  0.0, Max: 0, Diff: 0, Sum: 0, Workers: 4
[2707.260s][debug][gc,phases      ] GC(260)   Weak JFR Old Object Samples    Min:  0.0, Avg:  0.0, Max:  0.0, Diff:  0.0, Sum:  0.0, Workers: 4
[2707.260s][debug][gc,phases      ] GC(260)     Dead                           Min: 0, Avg:  0.0, Max: 0, Diff: 0, Sum: 0, Workers: 4
[2707.260s][debug][gc,phases      ] GC(260)     Total                          Min: 0, Avg:  0.0, Max: 0, Diff: 0, Sum: 0, Workers: 4
[2707.260s][debug][gc,phases      ] GC(260) Weak Processing 0.337ms
[2707.260s][debug][gc,age         ] GC(260) Desired survivor size 251133952 bytes, new threshold 15 (max threshold 15)
[2707.260s][info ][gc,heap        ] GC(260) PSYoungGen: 1858755K(1859072K)->191587K(1833472K) Eden: 1679360K(1679360K)->0K(1606656K) From: 179395K(179712K)->191587K(226816K)
[2707.260s][info ][gc,heap        ] GC(260) ParOldGen: 604102K(707072K)->604110K(707072K)
[2707.260s][info ][gc,metaspace   ] GC(260) Metaspace: 84179K(84928K)->84179K(84928K) NonClass: 72474K(72896K)->72474K(72896K) Class: 11704K(12032K)->11704K(12032K)
[2707.260s][info ][gc             ] GC(260) Pause Young (Allocation Failure) 2405M->777M(2481M) 152.407ms
[2707.260s][info ][gc,cpu         ] GC(260) User=0.61s Sys=0.00s Real=0.15s
[2707.260s][info ][safepoint      ] Safepoint "ParallelGCFailedAllocation", Time since last: 59563669 ns, Reaching safepoint: 115102 ns, At safepoint: 152495491 ns, Total: 152610593 ns
[2708.260s][info ][safepoint      ] Safepoint "Cleanup", Time since last: 1000086418 ns, Reaching safepoint: 67901 ns, At safepoint: 10900 ns, Total: 78801 ns
[2709.260s][info ][safepoint      ] Safepoint "Cleanup", Time since last: 1000095518 ns, Reaching safepoint: 110002 ns, At safepoint: 12400 ns, Total: 122402 ns
[2710.261s][info ][safepoint      ] Safepoint "Cleanup", Time since last: 1000090017 ns, Reaching safepoint: 139203 ns, At safepoint: 10800 ns, Total: 150003 ns
[2711.261s][info ][safepoint      ] Safepoint "Cleanup", Time since last: 1000093818 ns, Reaching safepoint: 52401 ns, At safepoint: 8900 ns, Total: 61301 ns
[2712.511s][info ][safepoint      ] Safepoint "ParallelGCFailedAllocation", Time since last: 1250069220 ns, Reaching safepoint: 191004 ns, At safepoint: 17300 ns, Total: 208304 ns
[2712.511s][info ][gc,start       ] GC(261) Pause Young (GCLocker Initiated GC)
[2712.710s][debug][gc,phases      ] GC(261) Scavenge 199.295ms
[2712.711s][debug][gc,ref         ] GC(261) Skipped phase 1 of Reference Processing: no references
[2712.711s][debug][gc,ref         ] GC(261) ReferenceProcessor::execute queues: 1, RefProcThreadModel::Single, marks_oops_alive: false
[2712.711s][debug][gc,ref         ] GC(261) Skipped phase 3 of Reference Processing: no references
[2712.711s][debug][gc,ref         ] GC(261) ReferenceProcessor::execute queues: 1, RefProcThreadModel::Single, marks_oops_alive: false
[2712.711s][debug][gc,phases      ] GC(261) Reference Processing 0.140ms
[2712.711s][debug][gc,phases      ] GC(261)   VM Weak                        Min:  0.0, Avg:  0.0, Max:  0.0, Diff:  0.0, Sum:  0.0, Workers: 4
[2712.711s][debug][gc,phases      ] GC(261)     Dead                           Min: 0, Avg:  0.0, Max: 0, Diff: 0, Sum: 0, Workers: 4
[2712.711s][debug][gc,phases      ] GC(261)     Total                          Min: 0, Avg: 150.2, Max: 479, Diff: 479, Sum: 601, Workers: 4
[2712.711s][debug][gc,phases      ] GC(261)   ObjectSynchronizer Weak        Min:  0.0, Avg:  0.0, Max:  0.0, Diff:  0.0, Sum:  0.0, Workers: 4
[2712.711s][debug][gc,phases      ] GC(261)     Dead                           Min: 0, Avg:  0.0, Max: 0, Diff: 0, Sum: 0, Workers: 4
[2712.711s][debug][gc,phases      ] GC(261)     Total                          Min: 0, Avg: 105.2, Max: 192, Diff: 192, Sum: 421, Workers: 4
[2712.711s][debug][gc,phases      ] GC(261)   JVMTI Tag Weak OopStorage      Min:  0.0, Avg:  0.0, Max:  0.0, Diff:  0.0, Sum:  0.0, Workers: 4
[2712.711s][debug][gc,phases      ] GC(261)     Dead                           Min: 0, Avg:  0.0, Max: 0, Diff: 0, Sum: 0, Workers: 4
[2712.711s][debug][gc,phases      ] GC(261)     Total                          Min: 0, Avg:  0.0, Max: 0, Diff: 0, Sum: 0, Workers: 4
[2712.711s][debug][gc,phases      ] GC(261)   StringTable Weak               Min:  0.1, Avg:  0.1, Max:  0.1, Diff:  0.0, Sum:  0.5, Workers: 4
[2712.711s][debug][gc,phases      ] GC(261)     Dead                           Min: 0, Avg:  0.0, Max: 0, Diff: 0, Sum: 0, Workers: 4
[2712.711s][debug][gc,phases      ] GC(261)     Total                          Min: 11328, Avg: 12095.5, Max: 12542, Diff: 1214, Sum: 48382, Workers: 4
[2712.711s][debug][gc,phases      ] GC(261)   ResolvedMethodTable Weak       Min:  0.0, Avg:  0.0, Max:  0.0, Diff:  0.0, Sum:  0.1, Workers: 4
[2712.711s][debug][gc,phases      ] GC(261)     Dead                           Min: 0, Avg:  0.0, Max: 0, Diff: 0, Sum: 0, Workers: 4
[2712.711s][debug][gc,phases      ] GC(261)     Total                          Min: 1983, Avg: 2158.8, Max: 2304, Diff: 321, Sum: 8635, Workers: 4
[2712.711s][debug][gc,phases      ] GC(261)   JNI Weak                       Min:  0.0, Avg:  0.0, Max:  0.0, Diff:  0.0, Sum:  0.0, Workers: 4
[2712.711s][debug][gc,phases      ] GC(261)     Dead                           Min: 0, Avg:  0.0, Max: 0, Diff: 0, Sum: 0, Workers: 4
[2712.711s][debug][gc,phases      ] GC(261)     Total                          Min: 0, Avg:  0.0, Max: 0, Diff: 0, Sum: 0, Workers: 4
[2712.711s][debug][gc,phases      ] GC(261)   StringDedup Table Weak         Min:  0.0, Avg:  0.0, Max:  0.0, Diff:  0.0, Sum:  0.0, Workers: 4
[2712.711s][debug][gc,phases      ] GC(261)     Dead                           Min: 0, Avg:  0.0, Max: 0, Diff: 0, Sum: 0, Workers: 4
[2712.711s][debug][gc,phases      ] GC(261)     Total                          Min: 0, Avg:  0.0, Max: 0, Diff: 0, Sum: 0, Workers: 4
[2712.711s][debug][gc,phases      ] GC(261)   StringDedup Requests0 Weak     Min:  0.0, Avg:  0.0, Max:  0.0, Diff:  0.0, Sum:  0.0, Workers: 4
[2712.711s][debug][gc,phases      ] GC(261)     Dead                           Min: 0, Avg:  0.0, Max: 0, Diff: 0, Sum: 0, Workers: 4
[2712.711s][debug][gc,phases      ] GC(261)     Total                          Min: 0, Avg:  0.0, Max: 0, Diff: 0, Sum: 0, Workers: 4
[2712.711s][debug][gc,phases      ] GC(261)   StringDedup Requests1 Weak     Min:  0.0, Avg:  0.0, Max:  0.0, Diff:  0.0, Sum:  0.0, Workers: 4
[2712.711s][debug][gc,phases      ] GC(261)     Dead                           Min: 0, Avg:  0.0, Max: 0, Diff: 0, Sum: 0, Workers: 4
[2712.711s][debug][gc,phases      ] GC(261)     Total                          Min: 0, Avg:  0.0, Max: 0, Diff: 0, Sum: 0, Workers: 4
[2712.711s][debug][gc,phases      ] GC(261)   Weak JFR Old Object Samples    Min:  0.0, Avg:  0.0, Max:  0.0, Diff:  0.0, Sum:  0.0, Workers: 4
[2712.711s][debug][gc,phases      ] GC(261)     Dead                           Min: 0, Avg:  0.0, Max: 0, Diff: 0, Sum: 0, Workers: 4
[2712.711s][debug][gc,phases      ] GC(261)     Total                          Min: 0, Avg:  0.0, Max: 0, Diff: 0, Sum: 0, Workers: 4
[2712.711s][debug][gc,phases      ] GC(261) Weak Processing 0.360ms
[2712.711s][debug][gc,age         ] GC(261) Desired survivor size 269484032 bytes, new threshold 15 (max threshold 15)
[2712.711s][info ][gc,heap        ] GC(261) PSYoungGen: 1798243K(1833472K)->201101K(1807872K) Eden: 1606656K(1606656K)->0K(1606656K) From: 191587K(226816K)->201101K(201216K)
[2712.711s][info ][gc,heap        ] GC(261) ParOldGen: 604174K(707072K)->604182K(707072K)
[2712.711s][info ][gc,metaspace   ] GC(261) Metaspace: 84221K(84928K)->84221K(84928K) NonClass: 72513K(72896K)->72513K(72896K) Class: 11707K(12032K)->11707K(12032K)
[2712.711s][info ][gc             ] GC(261) Pause Young (GCLocker Initiated GC) 2346M->786M(2456M) 199.912ms
[2712.711s][info ][gc,cpu         ] GC(261) User=0.80s Sys=0.00s Real=0.20s
[2712.711s][info ][safepoint      ] Safepoint "ParallelGCSystemGC", Time since last: 72302 ns, Reaching safepoint: 19400 ns, At safepoint: 199991823 ns, Total: 200011223 ns
[2713.711s][info ][safepoint      ] Safepoint "Cleanup", Time since last: 1000086317 ns, Reaching safepoint: 124002 ns, At safepoint: 18201 ns, Total: 142203 ns
[2714.711s][info ][safepoint      ] Safepoint "Cleanup", Time since last: 1000100317 ns, Reaching safepoint: 48901 ns, At safepoint: 3100 ns, Total: 52001 ns
[2715.712s][info ][safepoint      ] Safepoint "Cleanup", Time since last: 1000095217 ns, Reaching safepoint: 67001 ns, At safepoint: 11500 ns, Total: 78501 ns
[2716.422s][info ][gc,start       ] GC(262) Pause Young (Allocation Failure)
[2716.605s][debug][gc,phases      ] GC(262) Scavenge 182.397ms
[2716.605s][debug][gc,ref         ] GC(262) Skipped phase 1 of Reference Processing: no references
[2716.605s][debug][gc,ref         ] GC(262) ReferenceProcessor::execute queues: 1, RefProcThreadModel::Single, marks_oops_alive: false
[2716.605s][debug][gc,ref         ] GC(262) Skipped phase 3 of Reference Processing: no references
[2716.605s][debug][gc,ref         ] GC(262) ReferenceProcessor::execute queues: 1, RefProcThreadModel::Single, marks_oops_alive: false
[2716.605s][debug][gc,phases      ] GC(262) Reference Processing 0.121ms
[2716.605s][debug][gc,phases      ] GC(262)   VM Weak                        Min:  0.0, Avg:  0.0, Max:  0.0, Diff:  0.0, Sum:  0.0, Workers: 4
[2716.605s][debug][gc,phases      ] GC(262)     Dead                           Min: 0, Avg:  0.0, Max: 0, Diff: 0, Sum: 0, Workers: 4
[2716.605s][debug][gc,phases      ] GC(262)     Total                          Min: 0, Avg: 150.2, Max: 426, Diff: 426, Sum: 601, Workers: 4
[2716.605s][debug][gc,phases      ] GC(262)   ObjectSynchronizer Weak        Min:  0.0, Avg:  0.0, Max:  0.0, Diff:  0.0, Sum:  0.0, Workers: 4
[2716.605s][debug][gc,phases      ] GC(262)     Dead                           Min: 0, Avg:  0.0, Max: 0, Diff: 0, Sum: 0, Workers: 4
[2716.605s][debug][gc,phases      ] GC(262)     Total                          Min: 0, Avg: 105.2, Max: 192, Diff: 192, Sum: 421, Workers: 4
[2716.605s][debug][gc,phases      ] GC(262)   JVMTI Tag Weak OopStorage      Min:  0.0, Avg:  0.0, Max:  0.0, Diff:  0.0, Sum:  0.0, Workers: 4
[2716.605s][debug][gc,phases      ] GC(262)     Dead                           Min: 0, Avg:  0.0, Max: 0, Diff: 0, Sum: 0, Workers: 4
[2716.605s][debug][gc,phases      ] GC(262)     Total                          Min: 0, Avg:  0.0, Max: 0, Diff: 0, Sum: 0, Workers: 4
[2716.605s][debug][gc,phases      ] GC(262)   StringTable Weak               Min:  0.1, Avg:  0.1, Max:  0.1, Diff:  0.0, Sum:  0.4, Workers: 4
[2716.605s][debug][gc,phases      ] GC(262)     Dead                           Min: 0, Avg:  0.0, Max: 0, Diff: 0, Sum: 0, Workers: 4
[2716.605s][debug][gc,phases      ] GC(262)     Total                          Min: 10880, Avg: 12095.8, Max: 13311, Diff: 2431, Sum: 48383, Workers: 4
[2716.605s][debug][gc,phases      ] GC(262)   ResolvedMethodTable Weak       Min:  0.0, Avg:  0.0, Max:  0.0, Diff:  0.0, Sum:  0.1, Workers: 4
[2716.605s][debug][gc,phases      ] GC(262)     Dead                           Min: 0, Avg:  0.0, Max: 0, Diff: 0, Sum: 0, Workers: 4
[2716.605s][debug][gc,phases      ] GC(262)     Total                          Min: 1916, Avg: 2158.8, Max: 2368, Diff: 452, Sum: 8635, Workers: 4
[2716.605s][debug][gc,phases      ] GC(262)   JNI Weak                       Min:  0.0, Avg:  0.0, Max:  0.0, Diff:  0.0, Sum:  0.0, Workers: 4
[2716.605s][debug][gc,phases      ] GC(262)     Dead                           Min: 0, Avg:  0.0, Max: 0, Diff: 0, Sum: 0, Workers: 4
[2716.605s][debug][gc,phases      ] GC(262)     Total                          Min: 0, Avg:  0.0, Max: 0, Diff: 0, Sum: 0, Workers: 4
[2716.605s][debug][gc,phases      ] GC(262)   StringDedup Table Weak         Min:  0.0, Avg:  0.0, Max:  0.0, Diff:  0.0, Sum:  0.0, Workers: 4
[2716.605s][debug][gc,phases      ] GC(262)     Dead                           Min: 0, Avg:  0.0, Max: 0, Diff: 0, Sum: 0, Workers: 4
[2716.605s][debug][gc,phases      ] GC(262)     Total                          Min: 0, Avg:  0.0, Max: 0, Diff: 0, Sum: 0, Workers: 4
[2716.605s][debug][gc,phases      ] GC(262)   StringDedup Requests0 Weak     Min:  0.0, Avg:  0.0, Max:  0.0, Diff:  0.0, Sum:  0.0, Workers: 4
[2716.605s][debug][gc,phases      ] GC(262)     Dead                           Min: 0, Avg:  0.0, Max: 0, Diff: 0, Sum: 0, Workers: 4
[2716.605s][debug][gc,phases      ] GC(262)     Total                          Min: 0, Avg:  0.0, Max: 0, Diff: 0, Sum: 0, Workers: 4
[2716.605s][debug][gc,phases      ] GC(262)   StringDedup Requests1 Weak     Min:  0.0, Avg:  0.0, Max:  0.0, Diff:  0.0, Sum:  0.0, Workers: 4
[2716.605s][debug][gc,phases      ] GC(262)     Dead                           Min: 0, Avg:  0.0, Max: 0, Diff: 0, Sum: 0, Workers: 4
[2716.605s][debug][gc,phases      ] GC(262)     Total                          Min: 0, Avg:  0.0, Max: 0, Diff: 0, Sum: 0, Workers: 4
[2716.605s][debug][gc,phases      ] GC(262)   Weak JFR Old Object Samples    Min:  0.0, Avg:  0.0, Max:  0.0, Diff:  0.0, Sum:  0.0, Workers: 4
[2716.605s][debug][gc,phases      ] GC(262)     Dead                           Min: 0, Avg:  0.0, Max: 0, Diff: 0, Sum: 0, Workers: 4
[2716.605s][debug][gc,phases      ] GC(262)     Total                          Min: 0, Avg:  0.0, Max: 0, Diff: 0, Sum: 0, Workers: 4
[2716.605s][debug][gc,phases      ] GC(262) Weak Processing 0.323ms
[2716.605s][debug][gc,age         ] GC(262) Desired survivor size 286261248 bytes, new threshold 15 (max threshold 15)
[2716.605s][info ][gc,heap        ] GC(262) PSYoungGen: 1807757K(1807872K)->207791K(1801216K) Eden: 1606656K(1606656K)->0K(1538048K) From: 201101K(201216K)->207791K(263168K)
[2716.605s][info ][gc,heap        ] GC(262) ParOldGen: 604183K(707072K)->604183K(707072K)
[2716.605s][info ][gc,metaspace   ] GC(262) Metaspace: 84224K(84928K)->84224K(84928K) NonClass: 72516K(72896K)->72516K(72896K) Class: 11707K(12032K)->11707K(12032K)
[2716.605s][info ][gc             ] GC(262) Pause Young (Allocation Failure) 2355M->792M(2449M) 182.973ms
[2716.605s][info ][gc,cpu         ] GC(262) User=0.73s Sys=0.01s Real=0.18s
[2716.605s][info ][safepoint      ] Safepoint "ParallelGCFailedAllocation", Time since last: 710287332 ns, Reaching safepoint: 164204 ns, At safepoint: 183062790 ns, Total: 183226994 ns
[2717.605s][info ][safepoint      ] Safepoint "Cleanup", Time since last: 1000092117 ns, Reaching safepoint: 121102 ns, At safepoint: 14901 ns, Total: 136003 ns
[2718.606s][info ][safepoint      ] Safepoint "Cleanup", Time since last: 1000130817 ns, Reaching safepoint: 123802 ns, At safepoint: 18101 ns, Total: 141903 ns
[2718.952s][info ][gc,start       ] GC(263) Pause Young (Allocation Failure)
[2719.109s][debug][gc,phases      ] GC(263) Scavenge 156.902ms
[2719.109s][debug][gc,ref         ] GC(263) Skipped phase 1 of Reference Processing: no references
[2719.109s][debug][gc,ref         ] GC(263) ReferenceProcessor::execute queues: 1, RefProcThreadModel::Single, marks_oops_alive: false
[2719.109s][debug][gc,ref         ] GC(263) Skipped phase 3 of Reference Processing: no references
[2719.109s][debug][gc,ref         ] GC(263) ReferenceProcessor::execute queues: 1, RefProcThreadModel::Single, marks_oops_alive: false
[2719.109s][debug][gc,phases      ] GC(263) Reference Processing 0.122ms
[2719.110s][debug][gc,phases      ] GC(263)   VM Weak                        Min:  0.0, Avg:  0.0, Max:  0.0, Diff:  0.0, Sum:  0.0, Workers: 4
[2719.110s][debug][gc,phases      ] GC(263)     Dead                           Min: 0, Avg:  0.0, Max: 0, Diff: 0, Sum: 0, Workers: 4
[2719.110s][debug][gc,phases      ] GC(263)     Total                          Min: 0, Avg: 151.0, Max: 397, Diff: 397, Sum: 604, Workers: 4
[2719.110s][debug][gc,phases      ] GC(263)   ObjectSynchronizer Weak        Min:  0.0, Avg:  0.0, Max:  0.0, Diff:  0.0, Sum:  0.0, Workers: 4
[2719.110s][debug][gc,phases      ] GC(263)     Dead                           Min: 0, Avg:  0.0, Max: 0, Diff: 0, Sum: 0, Workers: 4
[2719.110s][debug][gc,phases      ] GC(263)     Total                          Min: 0, Avg: 105.2, Max: 229, Diff: 229, Sum: 421, Workers: 4
[2719.110s][debug][gc,phases      ] GC(263)   JVMTI Tag Weak OopStorage      Min:  0.0, Avg:  0.0, Max:  0.0, Diff:  0.0, Sum:  0.0, Workers: 4
[2719.110s][debug][gc,phases      ] GC(263)     Dead                           Min: 0, Avg:  0.0, Max: 0, Diff: 0, Sum: 0, Workers: 4
[2719.110s][debug][gc,phases      ] GC(263)     Total                          Min: 0, Avg:  0.0, Max: 0, Diff: 0, Sum: 0, Workers: 4
[2719.110s][debug][gc,phases      ] GC(263)   StringTable Weak               Min:  0.1, Avg:  0.1, Max:  0.1, Diff:  0.0, Sum:  0.4, Workers: 4
[2719.110s][debug][gc,phases      ] GC(263)     Dead                           Min: 0, Avg:  0.2, Max: 1, Diff: 1, Sum: 1, Workers: 4
[2719.110s][debug][gc,phases      ] GC(263)     Total                          Min: 10752, Avg: 12100.2, Max: 12928, Diff: 2176, Sum: 48401, Workers: 4
[2719.110s][debug][gc,phases      ] GC(263)   ResolvedMethodTable Weak       Min:  0.0, Avg:  0.0, Max:  0.0, Diff:  0.0, Sum:  0.1, Workers: 4
[2719.110s][debug][gc,phases      ] GC(263)     Dead                           Min: 0, Avg:  0.0, Max: 0, Diff: 0, Sum: 0, Workers: 4
[2719.110s][debug][gc,phases      ] GC(263)     Total                          Min: 1984, Avg: 2161.0, Max: 2304, Diff: 320, Sum: 8644, Workers: 4
[2719.110s][debug][gc,phases      ] GC(263)   JNI Weak                       Min:  0.0, Avg:  0.0, Max:  0.0, Diff:  0.0, Sum:  0.0, Workers: 4
[2719.110s][debug][gc,phases      ] GC(263)     Dead                           Min: 0, Avg:  0.0, Max: 0, Diff: 0, Sum: 0, Workers: 4
[2719.110s][debug][gc,phases      ] GC(263)     Total                          Min: 0, Avg:  0.0, Max: 0, Diff: 0, Sum: 0, Workers: 4
[2719.110s][debug][gc,phases      ] GC(263)   StringDedup Table Weak         Min:  0.0, Avg:  0.0, Max:  0.0, Diff:  0.0, Sum:  0.0, Workers: 4
[2719.110s][debug][gc,phases      ] GC(263)     Dead                           Min: 0, Avg:  0.0, Max: 0, Diff: 0, Sum: 0, Workers: 4
[2719.110s][debug][gc,phases      ] GC(263)     Total                          Min: 0, Avg:  0.0, Max: 0, Diff: 0, Sum: 0, Workers: 4
[2719.110s][debug][gc,phases      ] GC(263)   StringDedup Requests0 Weak     Min:  0.0, Avg:  0.0, Max:  0.0, Diff:  0.0, Sum:  0.0, Workers: 4
[2719.110s][debug][gc,phases      ] GC(263)     Dead                           Min: 0, Avg:  0.0, Max: 0, Diff: 0, Sum: 0, Workers: 4
[2719.110s][debug][gc,phases      ] GC(263)     Total                          Min: 0, Avg:  0.0, Max: 0, Diff: 0, Sum: 0, Workers: 4
[2719.110s][debug][gc,phases      ] GC(263)   StringDedup Requests1 Weak     Min:  0.0, Avg:  0.0, Max:  0.0, Diff:  0.0, Sum:  0.0, Workers: 4
[2719.110s][debug][gc,phases      ] GC(263)     Dead                           Min: 0, Avg:  0.0, Max: 0, Diff: 0, Sum: 0, Workers: 4
[2719.110s][debug][gc,phases      ] GC(263)     Total                          Min: 0, Avg:  0.0, Max: 0, Diff: 0, Sum: 0, Workers: 4
[2719.110s][debug][gc,phases      ] GC(263)   Weak JFR Old Object Samples    Min:  0.0, Avg:  0.0, Max:  0.0, Diff:  0.0, Sum:  0.0, Workers: 4
[2719.110s][debug][gc,phases      ] GC(263)     Dead                           Min: 0, Avg:  0.0, Max: 0, Diff: 0, Sum: 0, Workers: 4
[2719.110s][debug][gc,phases      ] GC(263)     Total                          Min: 0, Avg:  0.0, Max: 0, Diff: 0, Sum: 0, Workers: 4
[2719.110s][debug][gc,phases      ] GC(263) Weak Processing 0.321ms
[2719.110s][debug][gc,age         ] GC(263) Desired survivor size 301465600 bytes, new threshold 15 (max threshold 15)
[2719.110s][info ][gc,heap        ] GC(263) PSYoungGen: 1745839K(1801216K)->214886K(1753088K) Eden: 1538048K(1538048K)->0K(1538048K) From: 207791K(263168K)->214886K(215040K)
[2719.110s][info ][gc,heap        ] GC(263) ParOldGen: 604183K(707072K)->604191K(707072K)
[2719.110s][info ][gc,metaspace   ] GC(263) Metaspace: 84242K(84992K)->84242K(84992K) NonClass: 72531K(72960K)->72531K(72960K) Class: 11711K(12032K)->11711K(12032K)
[2719.110s][info ][gc             ] GC(263) Pause Young (Allocation Failure) 2294M->799M(2402M) 157.484ms
[2719.110s][info ][gc,cpu         ] GC(263) User=0.63s Sys=0.00s Real=0.15s
[2719.110s][info ][safepoint      ] Safepoint "ParallelGCFailedAllocation", Time since last: 346509996 ns, Reaching safepoint: 103802 ns, At safepoint: 157588191 ns, Total: 157691993 ns
[2720.110s][info ][safepoint      ] Safepoint "Cleanup", Time since last: 1000086117 ns, Reaching safepoint: 62501 ns, At safepoint: 8700 ns, Total: 71201 ns
[2721.110s][info ][safepoint      ] Safepoint "Cleanup", Time since last: 1000047315 ns, Reaching safepoint: 127103 ns, At safepoint: 19000 ns, Total: 146103 ns
[2722.110s][info ][safepoint      ] Safepoint "Cleanup", Time since last: 1000102216 ns, Reaching safepoint: 67102 ns, At safepoint: 27300 ns, Total: 94402 ns
[2722.137s][info ][gc,start       ] GC(264) Pause Young (Allocation Failure)
[2722.369s][debug][gc,phases      ] GC(264) Scavenge 231.616ms
[2722.369s][debug][gc,ref         ] GC(264) Skipped phase 1 of Reference Processing: no references
[2722.369s][debug][gc,ref         ] GC(264) ReferenceProcessor::execute queues: 1, RefProcThreadModel::Single, marks_oops_alive: false
[2722.369s][debug][gc,ref         ] GC(264) Skipped phase 3 of Reference Processing: no references
[2722.369s][debug][gc,ref         ] GC(264) ReferenceProcessor::execute queues: 1, RefProcThreadModel::Single, marks_oops_alive: false
[2722.369s][debug][gc,phases      ] GC(264) Reference Processing 0.134ms
[2722.369s][debug][gc,phases      ] GC(264)   VM Weak                        Min:  0.0, Avg:  0.0, Max:  0.0, Diff:  0.0, Sum:  0.0, Workers: 4
[2722.369s][debug][gc,phases      ] GC(264)     Dead                           Min: 0, Avg:  0.0, Max: 0, Diff: 0, Sum: 0, Workers: 4
[2722.369s][debug][gc,phases      ] GC(264)     Total                          Min: 0, Avg: 151.0, Max: 335, Diff: 335, Sum: 604, Workers: 4
[2722.369s][debug][gc,phases      ] GC(264)   ObjectSynchronizer Weak        Min:  0.0, Avg:  0.0, Max:  0.0, Diff:  0.0, Sum:  0.0, Workers: 4
[2722.369s][debug][gc,phases      ] GC(264)     Dead                           Min: 0, Avg:  0.0, Max: 0, Diff: 0, Sum: 0, Workers: 4
[2722.369s][debug][gc,phases      ] GC(264)     Total                          Min: 0, Avg: 105.2, Max: 229, Diff: 229, Sum: 421, Workers: 4
[2722.369s][debug][gc,phases      ] GC(264)   JVMTI Tag Weak OopStorage      Min:  0.0, Avg:  0.0, Max:  0.0, Diff:  0.0, Sum:  0.0, Workers: 4
[2722.370s][debug][gc,phases      ] GC(264)     Dead                           Min: 0, Avg:  0.0, Max: 0, Diff: 0, Sum: 0, Workers: 4
[2722.370s][debug][gc,phases      ] GC(264)     Total                          Min: 0, Avg:  0.0, Max: 0, Diff: 0, Sum: 0, Workers: 4
[2722.370s][debug][gc,phases      ] GC(264)   StringTable Weak               Min:  0.1, Avg:  0.1, Max:  0.1, Diff:  0.0, Sum:  0.5, Workers: 4
[2722.370s][debug][gc,phases      ] GC(264)     Dead                           Min: 0, Avg:  0.0, Max: 0, Diff: 0, Sum: 0, Workers: 4
[2722.370s][debug][gc,phases      ] GC(264)     Total                          Min: 11456, Avg: 12100.8, Max: 13395, Diff: 1939, Sum: 48403, Workers: 4
[2722.370s][debug][gc,phases      ] GC(264)   ResolvedMethodTable Weak       Min:  0.0, Avg:  0.0, Max:  0.0, Diff:  0.0, Sum:  0.1, Workers: 4
[2722.370s][debug][gc,phases      ] GC(264)     Dead                           Min: 0, Avg:  0.0, Max: 0, Diff: 0, Sum: 0, Workers: 4
[2722.370s][debug][gc,phases      ] GC(264)     Total                          Min: 2052, Avg: 2161.0, Max: 2240, Diff: 188, Sum: 8644, Workers: 4
[2722.370s][debug][gc,phases      ] GC(264)   JNI Weak                       Min:  0.0, Avg:  0.0, Max:  0.0, Diff:  0.0, Sum:  0.0, Workers: 4
[2722.370s][debug][gc,phases      ] GC(264)     Dead                           Min: 0, Avg:  0.0, Max: 0, Diff: 0, Sum: 0, Workers: 4
[2722.370s][debug][gc,phases      ] GC(264)     Total                          Min: 0, Avg:  0.0, Max: 0, Diff: 0, Sum: 0, Workers: 4
[2722.370s][debug][gc,phases      ] GC(264)   StringDedup Table Weak         Min:  0.0, Avg:  0.0, Max:  0.0, Diff:  0.0, Sum:  0.0, Workers: 4
[2722.370s][debug][gc,phases      ] GC(264)     Dead                           Min: 0, Avg:  0.0, Max: 0, Diff: 0, Sum: 0, Workers: 4
[2722.370s][debug][gc,phases      ] GC(264)     Total                          Min: 0, Avg:  0.0, Max: 0, Diff: 0, Sum: 0, Workers: 4
[2722.370s][debug][gc,phases      ] GC(264)   StringDedup Requests0 Weak     Min:  0.0, Avg:  0.0, Max:  0.0, Diff:  0.0, Sum:  0.0, Workers: 4
[2722.370s][debug][gc,phases      ] GC(264)     Dead                           Min: 0, Avg:  0.0, Max: 0, Diff: 0, Sum: 0, Workers: 4
[2722.370s][debug][gc,phases      ] GC(264)     Total                          Min: 0, Avg:  0.0, Max: 0, Diff: 0, Sum: 0, Workers: 4
[2722.370s][debug][gc,phases      ] GC(264)   StringDedup Requests1 Weak     Min:  0.0, Avg:  0.0, Max:  0.0, Diff:  0.0, Sum:  0.0, Workers: 4
[2722.370s][debug][gc,phases      ] GC(264)     Dead                           Min: 0, Avg:  0.0, Max: 0, Diff: 0, Sum: 0, Workers: 4
[2722.370s][debug][gc,phases      ] GC(264)     Total                          Min: 0, Avg:  0.0, Max: 0, Diff: 0, Sum: 0, Workers: 4
[2722.370s][debug][gc,phases      ] GC(264)   Weak JFR Old Object Samples    Min:  0.0, Avg:  0.0, Max:  0.0, Diff:  0.0, Sum:  0.0, Workers: 4
[2722.370s][debug][gc,phases      ] GC(264)     Dead                           Min: 0, Avg:  0.0, Max: 0, Diff: 0, Sum: 0, Workers: 4
[2722.370s][debug][gc,phases      ] GC(264)     Total                          Min: 0, Avg:  0.0, Max: 0, Diff: 0, Sum: 0, Workers: 4
[2722.370s][debug][gc,phases      ] GC(264) Weak Processing 0.362ms
[2722.370s][debug][gc,age         ] GC(264) Desired survivor size 316669952 bytes, new threshold 15 (max threshold 15)
[2722.370s][info ][gc,heap        ] GC(264) PSYoungGen: 1752934K(1753088K)->223250K(1773056K) Eden: 1538048K(1538048K)->0K(1478656K) From: 214886K(215040K)->223250K(294400K)
[2722.370s][info ][gc,heap        ] GC(264) ParOldGen: 604191K(707072K)->604199K(707072K)
[2722.370s][info ][gc,metaspace   ] GC(264) Metaspace: 84250K(84992K)->84250K(84992K) NonClass: 72539K(72960K)->72539K(72960K) Class: 11711K(12032K)->11711K(12032K)
[2722.370s][info ][gc             ] GC(264) Pause Young (Allocation Failure) 2301M->808M(2422M) 232.287ms
[2722.370s][info ][gc,cpu         ] GC(264) User=0.93s Sys=0.00s Real=0.23s
[2722.370s][info ][safepoint      ] Safepoint "ParallelGCFailedAllocation", Time since last: 26787626 ns, Reaching safepoint: 101002 ns, At safepoint: 232381258 ns, Total: 232482260 ns
[2723.370s][info ][safepoint      ] Safepoint "Cleanup", Time since last: 1000098516 ns, Reaching safepoint: 130302 ns, At safepoint: 10601 ns, Total: 140903 ns
[2724.370s][info ][safepoint      ] Safepoint "Cleanup", Time since last: 1000104216 ns, Reaching safepoint: 119002 ns, At safepoint: 28001 ns, Total: 147003 ns
[2725.370s][info ][safepoint      ] Safepoint "Cleanup", Time since last: 1000119116 ns, Reaching safepoint: 88502 ns, At safepoint: 12900 ns, Total: 101402 ns
[2725.647s][info ][gc,start       ] GC(265) Pause Young (Allocation Failure)
[2725.836s][debug][gc,phases      ] GC(265) Scavenge 188.937ms
[2725.836s][debug][gc,ref         ] GC(265) Skipped phase 1 of Reference Processing: no references
[2725.836s][debug][gc,ref         ] GC(265) ReferenceProcessor::execute queues: 1, RefProcThreadModel::Single, marks_oops_alive: false
[2725.836s][debug][gc,ref         ] GC(265) Skipped phase 3 of Reference Processing: no references
[2725.836s][debug][gc,ref         ] GC(265) ReferenceProcessor::execute queues: 1, RefProcThreadModel::Single, marks_oops_alive: false
[2725.836s][debug][gc,phases      ] GC(265) Reference Processing 0.120ms
[2725.837s][debug][gc,phases      ] GC(265)   VM Weak                        Min:  0.0, Avg:  0.0, Max:  0.0, Diff:  0.0, Sum:  0.0, Workers: 4
[2725.837s][debug][gc,phases      ] GC(265)     Dead                           Min: 0, Avg:  0.0, Max: 0, Diff: 0, Sum: 0, Workers: 4
[2725.837s][debug][gc,phases      ] GC(265)     Total                          Min: 0, Avg: 151.0, Max: 604, Diff: 604, Sum: 604, Workers: 4
[2725.837s][debug][gc,phases      ] GC(265)   ObjectSynchronizer Weak        Min:  0.0, Avg:  0.0, Max:  0.0, Diff:  0.0, Sum:  0.0, Workers: 4
[2725.837s][debug][gc,phases      ] GC(265)     Dead                           Min: 0, Avg:  0.0, Max: 0, Diff: 0, Sum: 0, Workers: 4
[2725.837s][debug][gc,phases      ] GC(265)     Total                          Min: 0, Avg: 105.2, Max: 384, Diff: 384, Sum: 421, Workers: 4
[2725.837s][debug][gc,phases      ] GC(265)   JVMTI Tag Weak OopStorage      Min:  0.0, Avg:  0.0, Max:  0.0, Diff:  0.0, Sum:  0.0, Workers: 4
[2725.837s][debug][gc,phases      ] GC(265)     Dead                           Min: 0, Avg:  0.0, Max: 0, Diff: 0, Sum: 0, Workers: 4
[2725.837s][debug][gc,phases      ] GC(265)     Total                          Min: 0, Avg:  0.0, Max: 0, Diff: 0, Sum: 0, Workers: 4
[2725.837s][debug][gc,phases      ] GC(265)   StringTable Weak               Min:  0.1, Avg:  0.1, Max:  0.1, Diff:  0.0, Sum:  0.4, Workers: 4
[2725.837s][debug][gc,phases      ] GC(265)     Dead                           Min: 0, Avg:  0.0, Max: 0, Diff: 0, Sum: 0, Workers: 4
[2725.837s][debug][gc,phases      ] GC(265)     Total                          Min: 10816, Avg: 12101.0, Max: 14016, Diff: 3200, Sum: 48404, Workers: 4
[2725.837s][debug][gc,phases      ] GC(265)   ResolvedMethodTable Weak       Min:  0.0, Avg:  0.0, Max:  0.0, Diff:  0.0, Sum:  0.1, Workers: 4
[2725.837s][debug][gc,phases      ] GC(265)     Dead                           Min: 0, Avg:  0.0, Max: 0, Diff: 0, Sum: 0, Workers: 4
[2725.837s][debug][gc,phases      ] GC(265)     Total                          Min: 1856, Avg: 2161.0, Max: 2496, Diff: 640, Sum: 8644, Workers: 4
[2725.837s][debug][gc,phases      ] GC(265)   JNI Weak                       Min:  0.0, Avg:  0.0, Max:  0.0, Diff:  0.0, Sum:  0.0, Workers: 4
[2725.837s][debug][gc,phases      ] GC(265)     Dead                           Min: 0, Avg:  0.0, Max: 0, Diff: 0, Sum: 0, Workers: 4
[2725.837s][debug][gc,phases      ] GC(265)     Total                          Min: 0, Avg:  0.0, Max: 0, Diff: 0, Sum: 0, Workers: 4
[2725.837s][debug][gc,phases      ] GC(265)   StringDedup Table Weak         Min:  0.0, Avg:  0.0, Max:  0.0, Diff:  0.0, Sum:  0.0, Workers: 4
[2725.837s][debug][gc,phases      ] GC(265)     Dead                           Min: 0, Avg:  0.0, Max: 0, Diff: 0, Sum: 0, Workers: 4
[2725.837s][debug][gc,phases      ] GC(265)     Total                          Min: 0, Avg:  0.0, Max: 0, Diff: 0, Sum: 0, Workers: 4
[2725.837s][debug][gc,phases      ] GC(265)   StringDedup Requests0 Weak     Min:  0.0, Avg:  0.0, Max:  0.0, Diff:  0.0, Sum:  0.0, Workers: 4
[2725.837s][debug][gc,phases      ] GC(265)     Dead                           Min: 0, Avg:  0.0, Max: 0, Diff: 0, Sum: 0, Workers: 4
[2725.837s][debug][gc,phases      ] GC(265)     Total                          Min: 0, Avg:  0.0, Max: 0, Diff: 0, Sum: 0, Workers: 4
[2725.837s][debug][gc,phases      ] GC(265)   StringDedup Requests1 Weak     Min:  0.0, Avg:  0.0, Max:  0.0, Diff:  0.0, Sum:  0.0, Workers: 4
[2725.837s][debug][gc,phases      ] GC(265)     Dead                           Min: 0, Avg:  0.0, Max: 0, Diff: 0, Sum: 0, Workers: 4
[2725.837s][debug][gc,phases      ] GC(265)     Total                          Min: 0, Avg:  0.0, Max: 0, Diff: 0, Sum: 0, Workers: 4
[2725.837s][debug][gc,phases      ] GC(265)   Weak JFR Old Object Samples    Min:  0.0, Avg:  0.0, Max:  0.0, Diff:  0.0, Sum:  0.0, Workers: 4
[2725.837s][debug][gc,phases      ] GC(265)     Dead                           Min: 0, Avg:  0.0, Max: 0, Diff: 0, Sum: 0, Workers: 4
[2725.837s][debug][gc,phases      ] GC(265)     Total                          Min: 0, Avg:  0.0, Max: 0, Diff: 0, Sum: 0, Workers: 4
[2725.837s][debug][gc,phases      ] GC(265) Weak Processing 0.336ms
[2725.837s][debug][gc,age         ] GC(265) Desired survivor size 329252864 bytes, new threshold 15 (max threshold 15)
[2725.837s][info ][gc,heap        ] GC(265) PSYoungGen: 1701906K(1773056K)->227235K(1705984K) Eden: 1478656K(1478656K)->0K(1478656K) From: 223250K(294400K)->227235K(227328K)
[2725.837s][info ][gc,heap        ] GC(265) ParOldGen: 604199K(707072K)->604199K(707072K)
[2725.837s][info ][gc,metaspace   ] GC(265) Metaspace: 84262K(84992K)->84262K(84992K) NonClass: 72551K(72960K)->72551K(72960K) Class: 11711K(12032K)->11711K(12032K)
[2725.837s][info ][gc             ] GC(265) Pause Young (Allocation Failure) 2252M->811M(2356M) 189.534ms
[2725.837s][info ][gc,cpu         ] GC(265) User=0.76s Sys=0.00s Real=0.19s
[2725.837s][info ][safepoint      ] Safepoint "ParallelGCFailedAllocation", Time since last: 276652126 ns, Reaching safepoint: 122703 ns, At safepoint: 189632219 ns, Total: 189754922 ns
[2726.837s][info ][safepoint      ] Safepoint "Cleanup", Time since last: 1000086415 ns, Reaching safepoint: 120303 ns, At safepoint: 16500 ns, Total: 136803 ns
[2727.649s][info ][gc,start       ] GC(266) Pause Young (Allocation Failure)
[2727.866s][debug][gc,phases      ] GC(266) Scavenge 216.484ms
[2727.866s][debug][gc,ref         ] GC(266) Skipped phase 1 of Reference Processing: no references
[2727.866s][debug][gc,ref         ] GC(266) ReferenceProcessor::execute queues: 1, RefProcThreadModel::Single, marks_oops_alive: false
[2727.866s][debug][gc,ref         ] GC(266) Skipped phase 3 of Reference Processing: no references
[2727.866s][debug][gc,ref         ] GC(266) ReferenceProcessor::execute queues: 1, RefProcThreadModel::Single, marks_oops_alive: false
[2727.866s][debug][gc,phases      ] GC(266) Reference Processing 0.144ms
[2727.866s][debug][gc,phases      ] GC(266)   VM Weak                        Min:  0.0, Avg:  0.0, Max:  0.0, Diff:  0.0, Sum:  0.0, Workers: 4
[2727.866s][debug][gc,phases      ] GC(266)     Dead                           Min: 0, Avg:  0.0, Max: 0, Diff: 0, Sum: 0, Workers: 4
[2727.866s][debug][gc,phases      ] GC(266)     Total                          Min: 0, Avg: 151.0, Max: 397, Diff: 397, Sum: 604, Workers: 4
[2727.866s][debug][gc,phases      ] GC(266)   ObjectSynchronizer Weak        Min:  0.0, Avg:  0.0, Max:  0.0, Diff:  0.0, Sum:  0.0, Workers: 4
[2727.866s][debug][gc,phases      ] GC(266)     Dead                           Min: 0, Avg:  0.0, Max: 0, Diff: 0, Sum: 0, Workers: 4
[2727.866s][debug][gc,phases      ] GC(266)     Total                          Min: 0, Avg: 105.2, Max: 229, Diff: 229, Sum: 421, Workers: 4
[2727.866s][debug][gc,phases      ] GC(266)   JVMTI Tag Weak OopStorage      Min:  0.0, Avg:  0.0, Max:  0.0, Diff:  0.0, Sum:  0.0, Workers: 4
[2727.866s][debug][gc,phases      ] GC(266)     Dead                           Min: 0, Avg:  0.0, Max: 0, Diff: 0, Sum: 0, Workers: 4
[2727.866s][debug][gc,phases      ] GC(266)     Total                          Min: 0, Avg:  0.0, Max: 0, Diff: 0, Sum: 0, Workers: 4
[2727.866s][debug][gc,phases      ] GC(266)   StringTable Weak               Min:  0.1, Avg:  0.1, Max:  0.1, Diff:  0.0, Sum:  0.5, Workers: 4
[2727.866s][debug][gc,phases      ] GC(266)     Dead                           Min: 0, Avg:  0.0, Max: 0, Diff: 0, Sum: 0, Workers: 4
[2727.866s][debug][gc,phases      ] GC(266)     Total                          Min: 11456, Avg: 12101.2, Max: 13269, Diff: 1813, Sum: 48405, Workers: 4
[2727.866s][debug][gc,phases      ] GC(266)   ResolvedMethodTable Weak       Min:  0.0, Avg:  0.0, Max:  0.0, Diff:  0.0, Sum:  0.1, Workers: 4
[2727.866s][debug][gc,phases      ] GC(266)     Dead                           Min: 0, Avg:  0.0, Max: 0, Diff: 0, Sum: 0, Workers: 4
[2727.866s][debug][gc,phases      ] GC(266)     Total                          Min: 2048, Avg: 2161.0, Max: 2496, Diff: 448, Sum: 8644, Workers: 4
[2727.866s][debug][gc,phases      ] GC(266)   JNI Weak                       Min:  0.0, Avg:  0.0, Max:  0.0, Diff:  0.0, Sum:  0.0, Workers: 4
[2727.866s][debug][gc,phases      ] GC(266)     Dead                           Min: 0, Avg:  0.0, Max: 0, Diff: 0, Sum: 0, Workers: 4
[2727.866s][debug][gc,phases      ] GC(266)     Total                          Min: 0, Avg:  0.0, Max: 0, Diff: 0, Sum: 0, Workers: 4
[2727.866s][debug][gc,phases      ] GC(266)   StringDedup Table Weak         Min:  0.0, Avg:  0.0, Max:  0.0, Diff:  0.0, Sum:  0.0, Workers: 4
[2727.866s][debug][gc,phases      ] GC(266)     Dead                           Min: 0, Avg:  0.0, Max: 0, Diff: 0, Sum: 0, Workers: 4
[2727.866s][debug][gc,phases      ] GC(266)     Total                          Min: 0, Avg:  0.0, Max: 0, Diff: 0, Sum: 0, Workers: 4
[2727.867s][debug][gc,phases      ] GC(266)   StringDedup Requests0 Weak     Min:  0.0, Avg:  0.0, Max:  0.0, Diff:  0.0, Sum:  0.0, Workers: 4
[2727.867s][debug][gc,phases      ] GC(266)     Dead                           Min: 0, Avg:  0.0, Max: 0, Diff: 0, Sum: 0, Workers: 4
[2727.867s][debug][gc,phases      ] GC(266)     Total                          Min: 0, Avg:  0.0, Max: 0, Diff: 0, Sum: 0, Workers: 4
[2727.867s][debug][gc,phases      ] GC(266)   StringDedup Requests1 Weak     Min:  0.0, Avg:  0.0, Max:  0.0, Diff:  0.0, Sum:  0.0, Workers: 4
[2727.867s][debug][gc,phases      ] GC(266)     Dead                           Min: 0, Avg:  0.0, Max: 0, Diff: 0, Sum: 0, Workers: 4
[2727.867s][debug][gc,phases      ] GC(266)     Total                          Min: 0, Avg:  0.0, Max: 0, Diff: 0, Sum: 0, Workers: 4
[2727.867s][debug][gc,phases      ] GC(266)   Weak JFR Old Object Samples    Min:  0.0, Avg:  0.0, Max:  0.0, Diff:  0.0, Sum:  0.0, Workers: 4
[2727.867s][debug][gc,phases      ] GC(266)     Dead                           Min: 0, Avg:  0.0, Max: 0, Diff: 0, Sum: 0, Workers: 4
[2727.867s][debug][gc,phases      ] GC(266)     Total                          Min: 0, Avg:  0.0, Max: 0, Diff: 0, Sum: 0, Workers: 4
[2727.867s][debug][gc,phases      ] GC(266) Weak Processing 0.376ms
[2727.867s][debug][gc,age         ] GC(266) Desired survivor size 341835776 bytes, new threshold 15 (max threshold 15)
[2727.867s][info ][gc,heap        ] GC(266) PSYoungGen: 1705891K(1705984K)->235560K(1751040K) Eden: 1478656K(1478656K)->0K(1429504K) From: 227235K(227328K)->235560K(321536K)
[2727.867s][info ][gc,heap        ] GC(266) ParOldGen: 604199K(707072K)->604199K(707072K)
[2727.867s][info ][gc,metaspace   ] GC(266) Metaspace: 84272K(84992K)->84272K(84992K) NonClass: 72561K(72960K)->72561K(72960K) Class: 11711K(12032K)->11711K(12032K)
[2727.867s][info ][gc             ] GC(266) Pause Young (Allocation Failure) 2255M->820M(2400M) 217.149ms
[2727.867s][info ][gc,cpu         ] GC(266) User=0.87s Sys=0.01s Real=0.22s
[2727.867s][info ][safepoint      ] Safepoint "ParallelGCFailedAllocation", Time since last: 812238431 ns, Reaching safepoint: 128203 ns, At safepoint: 217251861 ns, Total: 217380064 ns
[2728.867s][info ][safepoint      ] Safepoint "Cleanup", Time since last: 1000094715 ns, Reaching safepoint: 118503 ns, At safepoint: 12600 ns, Total: 131103 ns
[2730.180s][info ][gc,start       ] GC(267) Pause Young (Allocation Failure)
[2730.357s][debug][gc,phases      ] GC(267) Scavenge 177.221ms
[2730.357s][debug][gc,ref         ] GC(267) Skipped phase 1 of Reference Processing: no references
[2730.357s][debug][gc,ref         ] GC(267) ReferenceProcessor::execute queues: 1, RefProcThreadModel::Single, marks_oops_alive: false
[2730.357s][debug][gc,ref         ] GC(267) Skipped phase 3 of Reference Processing: no references
[2730.357s][debug][gc,ref         ] GC(267) ReferenceProcessor::execute queues: 1, RefProcThreadModel::Single, marks_oops_alive: false
[2730.357s][debug][gc,phases      ] GC(267) Reference Processing 0.123ms
[2730.357s][debug][gc,phases      ] GC(267)   VM Weak                        Min:  0.0, Avg:  0.0, Max:  0.0, Diff:  0.0, Sum:  0.0, Workers: 4
[2730.357s][debug][gc,phases      ] GC(267)     Dead                           Min: 0, Avg:  0.0, Max: 0, Diff: 0, Sum: 0, Workers: 4
[2730.357s][debug][gc,phases      ] GC(267)     Total                          Min: 0, Avg: 151.0, Max: 217, Diff: 217, Sum: 604, Workers: 4
[2730.357s][debug][gc,phases      ] GC(267)   ObjectSynchronizer Weak        Min:  0.0, Avg:  0.0, Max:  0.0, Diff:  0.0, Sum:  0.0, Workers: 4
[2730.357s][debug][gc,phases      ] GC(267)     Dead                           Min: 0, Avg:  0.0, Max: 0, Diff: 0, Sum: 0, Workers: 4
[2730.357s][debug][gc,phases      ] GC(267)     Total                          Min: 0, Avg: 105.2, Max: 192, Diff: 192, Sum: 421, Workers: 4
[2730.357s][debug][gc,phases      ] GC(267)   JVMTI Tag Weak OopStorage      Min:  0.0, Avg:  0.0, Max:  0.0, Diff:  0.0, Sum:  0.0, Workers: 4
[2730.357s][debug][gc,phases      ] GC(267)     Dead                           Min: 0, Avg:  0.0, Max: 0, Diff: 0, Sum: 0, Workers: 4
[2730.357s][debug][gc,phases      ] GC(267)     Total                          Min: 0, Avg:  0.0, Max: 0, Diff: 0, Sum: 0, Workers: 4
[2730.357s][debug][gc,phases      ] GC(267)   StringTable Weak               Min:  0.1, Avg:  0.1, Max:  0.1, Diff:  0.0, Sum:  0.4, Workers: 4
[2730.357s][debug][gc,phases      ] GC(267)     Dead                           Min: 0, Avg:  0.0, Max: 0, Diff: 0, Sum: 0, Workers: 4
[2730.357s][debug][gc,phases      ] GC(267)     Total                          Min: 10688, Avg: 12101.5, Max: 13206, Diff: 2518, Sum: 48406, Workers: 4
[2730.357s][debug][gc,phases      ] GC(267)   ResolvedMethodTable Weak       Min:  0.0, Avg:  0.0, Max:  0.0, Diff:  0.0, Sum:  0.1, Workers: 4
[2730.357s][debug][gc,phases      ] GC(267)     Dead                           Min: 0, Avg:  0.0, Max: 0, Diff: 0, Sum: 0, Workers: 4
[2730.357s][debug][gc,phases      ] GC(267)     Total                          Min: 2048, Avg: 2161.0, Max: 2244, Diff: 196, Sum: 8644, Workers: 4
[2730.357s][debug][gc,phases      ] GC(267)   JNI Weak                       Min:  0.0, Avg:  0.0, Max:  0.0, Diff:  0.0, Sum:  0.0, Workers: 4
[2730.357s][debug][gc,phases      ] GC(267)     Dead                           Min: 0, Avg:  0.0, Max: 0, Diff: 0, Sum: 0, Workers: 4
[2730.357s][debug][gc,phases      ] GC(267)     Total                          Min: 0, Avg:  0.0, Max: 0, Diff: 0, Sum: 0, Workers: 4
[2730.357s][debug][gc,phases      ] GC(267)   StringDedup Table Weak         Min:  0.0, Avg:  0.0, Max:  0.0, Diff:  0.0, Sum:  0.0, Workers: 4
[2730.357s][debug][gc,phases      ] GC(267)     Dead                           Min: 0, Avg:  0.0, Max: 0, Diff: 0, Sum: 0, Workers: 4
[2730.357s][debug][gc,phases      ] GC(267)     Total                          Min: 0, Avg:  0.0, Max: 0, Diff: 0, Sum: 0, Workers: 4
[2730.357s][debug][gc,phases      ] GC(267)   StringDedup Requests0 Weak     Min:  0.0, Avg:  0.0, Max:  0.0, Diff:  0.0, Sum:  0.0, Workers: 4
[2730.357s][debug][gc,phases      ] GC(267)     Dead                           Min: 0, Avg:  0.0, Max: 0, Diff: 0, Sum: 0, Workers: 4
[2730.357s][debug][gc,phases      ] GC(267)     Total                          Min: 0, Avg:  0.0, Max: 0, Diff: 0, Sum: 0, Workers: 4
[2730.357s][debug][gc,phases      ] GC(267)   StringDedup Requests1 Weak     Min:  0.0, Avg:  0.0, Max:  0.0, Diff:  0.0, Sum:  0.0, Workers: 4
[2730.357s][debug][gc,phases      ] GC(267)     Dead                           Min: 0, Avg:  0.0, Max: 0, Diff: 0, Sum: 0, Workers: 4
[2730.357s][debug][gc,phases      ] GC(267)     Total                          Min: 0, Avg:  0.0, Max: 0, Diff: 0, Sum: 0, Workers: 4
[2730.357s][debug][gc,phases      ] GC(267)   Weak JFR Old Object Samples    Min:  0.0, Avg:  0.0, Max:  0.0, Diff:  0.0, Sum:  0.0, Workers: 4
[2730.357s][debug][gc,phases      ] GC(267)     Dead                           Min: 0, Avg:  0.0, Max: 0, Diff: 0, Sum: 0, Workers: 4
[2730.357s][debug][gc,phases      ] GC(267)     Total                          Min: 0, Avg:  0.0, Max: 0, Diff: 0, Sum: 0, Workers: 4
[2730.357s][debug][gc,phases      ] GC(267) Weak Processing 0.323ms
[2730.357s][debug][gc,age         ] GC(267) Desired survivor size 335020032 bytes, new threshold 15 (max threshold 15)
[2730.357s][info ][gc,heap        ] GC(267) PSYoungGen: 1665064K(1751040K)->194040K(1763328K) Eden: 1429504K(1429504K)->0K(1429504K) From: 235560K(321536K)->194040K(333824K)
[2730.357s][info ][gc,heap        ] GC(267) ParOldGen: 604199K(707072K)->641553K(707072K)
[2730.357s][info ][gc,metaspace   ] GC(267) Metaspace: 84273K(84992K)->84273K(84992K) NonClass: 72562K(72960K)->72562K(72960K) Class: 11711K(12032K)->11711K(12032K)
[2730.357s][info ][gc             ] GC(267) Pause Young (Allocation Failure) 2216M->816M(2412M) 177.805ms
[2730.358s][info ][gc,cpu         ] GC(267) User=0.71s Sys=0.00s Real=0.18s
[2730.358s][info ][safepoint      ] Safepoint "ParallelGCFailedAllocation", Time since last: 1312690246 ns, Reaching safepoint: 46101 ns, At safepoint: 177908090 ns, Total: 177954191 ns
[2731.358s][info ][safepoint      ] Safepoint "Cleanup", Time since last: 1000082815 ns, Reaching safepoint: 119202 ns, At safepoint: 6200 ns, Total: 125402 ns
[2732.358s][info ][safepoint      ] Safepoint "Cleanup", Time since last: 1000096815 ns, Reaching safepoint: 121203 ns, At safepoint: 12700 ns, Total: 133903 ns
[2732.832s][info ][gc,start       ] GC(268) Pause Young (Allocation Failure)
[2732.901s][debug][gc,phases      ] GC(268) Scavenge 68.765ms
[2732.901s][debug][gc,ref         ] GC(268) Skipped phase 1 of Reference Processing: no references
[2732.901s][debug][gc,ref         ] GC(268) ReferenceProcessor::execute queues: 1, RefProcThreadModel::Single, marks_oops_alive: false
[2732.901s][debug][gc,ref         ] GC(268) Skipped phase 3 of Reference Processing: no references
[2732.901s][debug][gc,ref         ] GC(268) ReferenceProcessor::execute queues: 1, RefProcThreadModel::Single, marks_oops_alive: false
[2732.901s][debug][gc,phases      ] GC(268) Reference Processing 0.122ms
[2732.901s][debug][gc,phases      ] GC(268)   VM Weak                        Min:  0.0, Avg:  0.0, Max:  0.0, Diff:  0.0, Sum:  0.0, Workers: 4
[2732.901s][debug][gc,phases      ] GC(268)     Dead                           Min: 0, Avg:  0.0, Max: 0, Diff: 0, Sum: 0, Workers: 4
[2732.901s][debug][gc,phases      ] GC(268)     Total                          Min: 0, Avg: 151.0, Max: 327, Diff: 327, Sum: 604, Workers: 4
[2732.901s][debug][gc,phases      ] GC(268)   ObjectSynchronizer Weak        Min:  0.0, Avg:  0.0, Max:  0.0, Diff:  0.0, Sum:  0.0, Workers: 4
[2732.901s][debug][gc,phases      ] GC(268)     Dead                           Min: 0, Avg:  0.2, Max: 1, Diff: 1, Sum: 1, Workers: 4
[2732.901s][debug][gc,phases      ] GC(268)     Total                          Min: 0, Avg: 105.8, Max: 192, Diff: 192, Sum: 423, Workers: 4
[2732.901s][debug][gc,phases      ] GC(268)   JVMTI Tag Weak OopStorage      Min:  0.0, Avg:  0.0, Max:  0.0, Diff:  0.0, Sum:  0.0, Workers: 4
[2732.901s][debug][gc,phases      ] GC(268)     Dead                           Min: 0, Avg:  0.0, Max: 0, Diff: 0, Sum: 0, Workers: 4
[2732.901s][debug][gc,phases      ] GC(268)     Total                          Min: 0, Avg:  0.0, Max: 0, Diff: 0, Sum: 0, Workers: 4
[2732.901s][debug][gc,phases      ] GC(268)   StringTable Weak               Min:  0.1, Avg:  0.1, Max:  0.1, Diff:  0.0, Sum:  0.5, Workers: 4
[2732.901s][debug][gc,phases      ] GC(268)     Dead                           Min: 0, Avg:  0.0, Max: 0, Diff: 0, Sum: 0, Workers: 4
[2732.901s][debug][gc,phases      ] GC(268)     Total                          Min: 11072, Avg: 12102.2, Max: 14553, Diff: 3481, Sum: 48409, Workers: 4
[2732.901s][debug][gc,phases      ] GC(268)   ResolvedMethodTable Weak       Min:  0.0, Avg:  0.0, Max:  0.0, Diff:  0.0, Sum:  0.1, Workers: 4
[2732.901s][debug][gc,phases      ] GC(268)     Dead                           Min: 0, Avg:  0.0, Max: 0, Diff: 0, Sum: 0, Workers: 4
[2732.901s][debug][gc,phases      ] GC(268)     Total                          Min: 1792, Avg: 2161.0, Max: 2628, Diff: 836, Sum: 8644, Workers: 4
[2732.901s][debug][gc,phases      ] GC(268)   JNI Weak                       Min:  0.0, Avg:  0.0, Max:  0.0, Diff:  0.0, Sum:  0.0, Workers: 4
[2732.901s][debug][gc,phases      ] GC(268)     Dead                           Min: 0, Avg:  0.0, Max: 0, Diff: 0, Sum: 0, Workers: 4
[2732.901s][debug][gc,phases      ] GC(268)     Total                          Min: 0, Avg:  0.0, Max: 0, Diff: 0, Sum: 0, Workers: 4
[2732.901s][debug][gc,phases      ] GC(268)   StringDedup Table Weak         Min:  0.0, Avg:  0.0, Max:  0.0, Diff:  0.0, Sum:  0.0, Workers: 4
[2732.901s][debug][gc,phases      ] GC(268)     Dead                           Min: 0, Avg:  0.0, Max: 0, Diff: 0, Sum: 0, Workers: 4
[2732.901s][debug][gc,phases      ] GC(268)     Total                          Min: 0, Avg:  0.0, Max: 0, Diff: 0, Sum: 0, Workers: 4
[2732.901s][debug][gc,phases      ] GC(268)   StringDedup Requests0 Weak     Min:  0.0, Avg:  0.0, Max:  0.0, Diff:  0.0, Sum:  0.0, Workers: 4
[2732.901s][debug][gc,phases      ] GC(268)     Dead                           Min: 0, Avg:  0.0, Max: 0, Diff: 0, Sum: 0, Workers: 4
[2732.901s][debug][gc,phases      ] GC(268)     Total                          Min: 0, Avg:  0.0, Max: 0, Diff: 0, Sum: 0, Workers: 4
[2732.901s][debug][gc,phases      ] GC(268)   StringDedup Requests1 Weak     Min:  0.0, Avg:  0.0, Max:  0.0, Diff:  0.0, Sum:  0.0, Workers: 4
[2732.901s][debug][gc,phases      ] GC(268)     Dead                           Min: 0, Avg:  0.0, Max: 0, Diff: 0, Sum: 0, Workers: 4
[2732.901s][debug][gc,phases      ] GC(268)     Total                          Min: 0, Avg:  0.0, Max: 0, Diff: 0, Sum: 0, Workers: 4
[2732.901s][debug][gc,phases      ] GC(268)   Weak JFR Old Object Samples    Min:  0.0, Avg:  0.0, Max:  0.0, Diff:  0.0, Sum:  0.0, Workers: 4
[2732.901s][debug][gc,phases      ] GC(268)     Dead                           Min: 0, Avg:  0.0, Max: 0, Diff: 0, Sum: 0, Workers: 4
[2732.901s][debug][gc,phases      ] GC(268)     Total                          Min: 0, Avg:  0.0, Max: 0, Diff: 0, Sum: 0, Workers: 4
[2732.901s][debug][gc,phases      ] GC(268) Weak Processing 0.335ms
[2732.901s][debug][gc,age         ] GC(268) Desired survivor size 323485696 bytes, new threshold 15 (max threshold 15)
[2732.901s][info ][gc,heap        ] GC(268) PSYoungGen: 1623544K(1763328K)->144008K(1781248K) Eden: 1429504K(1429504K)->0K(1454080K) From: 194040K(333824K)->144008K(327168K)
[2732.901s][info ][gc,heap        ] GC(268) ParOldGen: 641553K(707072K)->693729K(707072K)
[2732.902s][info ][gc,metaspace   ] GC(268) Metaspace: 84291K(84992K)->84291K(84992K) NonClass: 72579K(72960K)->72579K(72960K) Class: 11712K(12032K)->11712K(12032K)
[2732.902s][info ][gc             ] GC(268) Pause Young (Allocation Failure) 2212M->818M(2430M) 69.359ms
[2732.902s][info ][gc,cpu         ] GC(268) User=0.28s Sys=0.00s Real=0.06s
[2732.902s][debug][gc,phases      ] GC(269) Pre Compact 0.010ms
[2732.902s][info ][gc,start       ] GC(269) Pause Full (Ergonomics)
[2732.902s][info ][gc,phases,start] GC(269) Marking Phase
[2733.041s][debug][gc,phases      ] GC(269) Par Mark 139.498ms
[2733.041s][debug][gc,ref         ] GC(269) ReferenceProcessor::execute queues: 4, RefProcThreadModel::Multi, marks_oops_alive: true
[2733.042s][debug][gc,ref         ] GC(269) ReferenceProcessor::execute queues: 4, RefProcThreadModel::Multi, marks_oops_alive: false
[2733.042s][debug][gc,ref         ] GC(269) Skipped phase 3 of Reference Processing: no references
[2733.042s][debug][gc,ref         ] GC(269) ReferenceProcessor::execute queues: 1, RefProcThreadModel::Single, marks_oops_alive: false
[2733.042s][debug][gc,phases      ] GC(269) Reference Processing 0.617ms
[2733.042s][debug][gc,phases      ] GC(269)   VM Weak                        Min:  0.0, Avg:  0.0, Max:  0.0, Diff:  0.0, Sum:  0.0, Workers: 4
[2733.042s][debug][gc,phases      ] GC(269)     Dead                           Min: 0, Avg:  0.0, Max: 0, Diff: 0, Sum: 0, Workers: 4
[2733.042s][debug][gc,phases      ] GC(269)     Total                          Min: 0, Avg: 151.0, Max: 359, Diff: 359, Sum: 604, Workers: 4
[2733.042s][debug][gc,phases      ] GC(269)   ObjectSynchronizer Weak        Min:  0.0, Avg:  0.0, Max:  0.0, Diff:  0.0, Sum:  0.0, Workers: 4
[2733.042s][debug][gc,phases      ] GC(269)     Dead                           Min: 0, Avg:  0.0, Max: 0, Diff: 0, Sum: 0, Workers: 4
[2733.042s][debug][gc,phases      ] GC(269)     Total                          Min: 0, Avg: 105.8, Max: 231, Diff: 231, Sum: 423, Workers: 4
[2733.042s][debug][gc,phases      ] GC(269)   JVMTI Tag Weak OopStorage      Min:  0.0, Avg:  0.0, Max:  0.0, Diff:  0.0, Sum:  0.0, Workers: 4
[2733.042s][debug][gc,phases      ] GC(269)     Dead                           Min: 0, Avg:  0.0, Max: 0, Diff: 0, Sum: 0, Workers: 4
[2733.042s][debug][gc,phases      ] GC(269)     Total                          Min: 0, Avg:  0.0, Max: 0, Diff: 0, Sum: 0, Workers: 4
[2733.042s][debug][gc,phases      ] GC(269)   StringTable Weak               Min:  0.1, Avg:  0.1, Max:  0.1, Diff:  0.0, Sum:  0.6, Workers: 4
[2733.042s][debug][gc,phases      ] GC(269)     Dead                           Min: 0, Avg:  0.0, Max: 0, Diff: 0, Sum: 0, Workers: 4
[2733.042s][debug][gc,phases      ] GC(269)     Total                          Min: 11072, Avg: 12102.2, Max: 13312, Diff: 2240, Sum: 48409, Workers: 4
[2733.042s][debug][gc,phases      ] GC(269)   ResolvedMethodTable Weak       Min:  0.0, Avg:  0.0, Max:  0.0, Diff:  0.0, Sum:  0.1, Workers: 4
[2733.042s][debug][gc,phases      ] GC(269)     Dead                           Min: 0, Avg:  0.2, Max: 1, Diff: 1, Sum: 1, Workers: 4
[2733.042s][debug][gc,phases      ] GC(269)     Total                          Min: 2048, Avg: 2161.0, Max: 2368, Diff: 320, Sum: 8644, Workers: 4
[2733.042s][debug][gc,phases      ] GC(269)   JNI Weak                       Min:  0.0, Avg:  0.0, Max:  0.0, Diff:  0.0, Sum:  0.0, Workers: 4
[2733.042s][debug][gc,phases      ] GC(269)     Dead                           Min: 0, Avg:  0.0, Max: 0, Diff: 0, Sum: 0, Workers: 4
[2733.042s][debug][gc,phases      ] GC(269)     Total                          Min: 0, Avg:  0.0, Max: 0, Diff: 0, Sum: 0, Workers: 4
[2733.042s][debug][gc,phases      ] GC(269)   StringDedup Table Weak         Min:  0.0, Avg:  0.0, Max:  0.0, Diff:  0.0, Sum:  0.0, Workers: 4
[2733.042s][debug][gc,phases      ] GC(269)     Dead                           Min: 0, Avg:  0.0, Max: 0, Diff: 0, Sum: 0, Workers: 4
[2733.042s][debug][gc,phases      ] GC(269)     Total                          Min: 0, Avg:  0.0, Max: 0, Diff: 0, Sum: 0, Workers: 4
[2733.042s][debug][gc,phases      ] GC(269)   StringDedup Requests0 Weak     Min:  0.0, Avg:  0.0, Max:  0.0, Diff:  0.0, Sum:  0.0, Workers: 4
[2733.042s][debug][gc,phases      ] GC(269)     Dead                           Min: 0, Avg:  0.0, Max: 0, Diff: 0, Sum: 0, Workers: 4
[2733.042s][debug][gc,phases      ] GC(269)     Total                          Min: 0, Avg:  0.0, Max: 0, Diff: 0, Sum: 0, Workers: 4
[2733.042s][debug][gc,phases      ] GC(269)   StringDedup Requests1 Weak     Min:  0.0, Avg:  0.0, Max:  0.0, Diff:  0.0, Sum:  0.0, Workers: 4
[2733.042s][debug][gc,phases      ] GC(269)     Dead                           Min: 0, Avg:  0.0, Max: 0, Diff: 0, Sum: 0, Workers: 4
[2733.042s][debug][gc,phases      ] GC(269)     Total                          Min: 0, Avg:  0.0, Max: 0, Diff: 0, Sum: 0, Workers: 4
[2733.042s][debug][gc,phases      ] GC(269)   Weak JFR Old Object Samples    Min:  0.0, Avg:  0.0, Max:  0.0, Diff:  0.0, Sum:  0.0, Workers: 4
[2733.042s][debug][gc,phases      ] GC(269)     Dead                           Min: 0, Avg:  0.0, Max: 0, Diff: 0, Sum: 0, Workers: 4
[2733.042s][debug][gc,phases      ] GC(269)     Total                          Min: 0, Avg:  0.0, Max: 0, Diff: 0, Sum: 0, Workers: 4
[2733.042s][debug][gc,phases      ] GC(269) Weak Processing 0.380ms
[2733.042s][debug][gc,phases      ] GC(269) ClassLoaderData 0.082ms
[2733.042s][debug][gc,phases      ] GC(269) Trigger cleanups 0.000ms
[2733.064s][debug][gc,phases      ] GC(269) Class Unloading 21.559ms
[2733.064s][info ][gc,phases      ] GC(269) Marking Phase 162.257ms
[2733.064s][info ][gc,phases,start] GC(269) Summary Phase
[2733.064s][info ][gc,phases      ] GC(269) Summary Phase 0.057ms
[2733.064s][info ][gc,phases,start] GC(269) Adjust Roots
[2733.079s][info ][gc,phases      ] GC(269) Adjust Roots 15.124ms
[2733.079s][info ][gc,phases,start] GC(269) Compaction Phase
[2733.179s][info ][gc,phases      ] GC(269) Compaction Phase 100.231ms
[2733.179s][info ][gc,phases,start] GC(269) Post Compact
[2733.182s][info ][gc,phases      ] GC(269) Post Compact 2.174ms
[2733.182s][info ][gc,heap        ] GC(269) PSYoungGen: 144008K(1781248K)->0K(1769984K) Eden: 0K(1454080K)->0K(1454080K) From: 144008K(327168K)->0K(315904K)
[2733.182s][info ][gc,heap        ] GC(269) ParOldGen: 693729K(707072K)->513408K(707072K)
[2733.182s][info ][gc,metaspace   ] GC(269) Metaspace: 84291K(84992K)->84291K(84992K) NonClass: 72579K(72960K)->72579K(72960K) Class: 11712K(12032K)->11712K(12032K)
[2733.182s][info ][gc             ] GC(269) Pause Full (Ergonomics) 818M->501M(2419M) 280.028ms
[2733.182s][info ][gc,cpu         ] GC(269) User=0.99s Sys=0.00s Real=0.28s
[2733.182s][info ][safepoint      ] Safepoint "ParallelGCFailedAllocation", Time since last: 474102299 ns, Reaching safepoint: 43201 ns, At safepoint: 349535555 ns, Total: 349578756 ns
[2734.182s][info ][safepoint      ] Safepoint "Cleanup", Time since last: 1000087315 ns, Reaching safepoint: 114602 ns, At safepoint: 16200 ns, Total: 130802 ns
[2735.182s][info ][safepoint      ] Safepoint "Cleanup", Time since last: 1000101915 ns, Reaching safepoint: 131703 ns, At safepoint: 12600 ns, Total: 144303 ns
[2735.213s][info ][gc,start       ] GC(270) Pause Young (Allocation Failure)
[2735.222s][debug][gc,phases      ] GC(270) Scavenge 8.322ms
[2735.222s][debug][gc,ref         ] GC(270) Skipped phase 1 of Reference Processing: no references
[2735.222s][debug][gc,ref         ] GC(270) Skipped phase 2 of Reference Processing: no references
[2735.222s][debug][gc,ref         ] GC(270) Skipped phase 3 of Reference Processing: no references
[2735.222s][debug][gc,ref         ] GC(270) Skipped phase 4 of Reference Processing: no references
[2735.222s][debug][gc,phases      ] GC(270) Reference Processing 0.025ms
[2735.222s][debug][gc,phases      ] GC(270)   VM Weak                        Min:  0.0, Avg:  0.0, Max:  0.0, Diff:  0.0, Sum:  0.0, Workers: 4
[2735.222s][debug][gc,phases      ] GC(270)     Dead                           Min: 0, Avg:  0.0, Max: 0, Diff: 0, Sum: 0, Workers: 4
[2735.222s][debug][gc,phases      ] GC(270)     Total                          Min: 0, Avg: 151.0, Max: 430, Diff: 430, Sum: 604, Workers: 4
[2735.222s][debug][gc,phases      ] GC(270)   ObjectSynchronizer Weak        Min:  0.0, Avg:  0.0, Max:  0.0, Diff:  0.0, Sum:  0.0, Workers: 4
[2735.222s][debug][gc,phases      ] GC(270)     Dead                           Min: 0, Avg:  0.0, Max: 0, Diff: 0, Sum: 0, Workers: 4
[2735.222s][debug][gc,phases      ] GC(270)     Total                          Min: 0, Avg: 105.8, Max: 231, Diff: 231, Sum: 423, Workers: 4
[2735.222s][debug][gc,phases      ] GC(270)   JVMTI Tag Weak OopStorage      Min:  0.0, Avg:  0.0, Max:  0.0, Diff:  0.0, Sum:  0.0, Workers: 4
[2735.222s][debug][gc,phases      ] GC(270)     Dead                           Min: 0, Avg:  0.0, Max: 0, Diff: 0, Sum: 0, Workers: 4
[2735.222s][debug][gc,phases      ] GC(270)     Total                          Min: 0, Avg:  0.0, Max: 0, Diff: 0, Sum: 0, Workers: 4
[2735.222s][debug][gc,phases      ] GC(270)   StringTable Weak               Min:  0.1, Avg:  0.1, Max:  0.1, Diff:  0.0, Sum:  0.4, Workers: 4
[2735.222s][debug][gc,phases      ] GC(270)     Dead                           Min: 0, Avg:  0.0, Max: 0, Diff: 0, Sum: 0, Workers: 4
[2735.222s][debug][gc,phases      ] GC(270)     Total                          Min: 9435, Avg: 12102.8, Max: 13824, Diff: 4389, Sum: 48411, Workers: 4
[2735.222s][debug][gc,phases      ] GC(270)   ResolvedMethodTable Weak       Min:  0.0, Avg:  0.0, Max:  0.0, Diff:  0.0, Sum:  0.1, Workers: 4
[2735.222s][debug][gc,phases      ] GC(270)     Dead                           Min: 0, Avg:  0.0, Max: 0, Diff: 0, Sum: 0, Workers: 4
[2735.222s][debug][gc,phases      ] GC(270)     Total                          Min: 1860, Avg: 2161.0, Max: 2496, Diff: 636, Sum: 8644, Workers: 4
[2735.222s][debug][gc,phases      ] GC(270)   JNI Weak                       Min:  0.0, Avg:  0.0, Max:  0.0, Diff:  0.0, Sum:  0.0, Workers: 4
[2735.222s][debug][gc,phases      ] GC(270)     Dead                           Min: 0, Avg:  0.0, Max: 0, Diff: 0, Sum: 0, Workers: 4
[2735.222s][debug][gc,phases      ] GC(270)     Total                          Min: 0, Avg:  0.0, Max: 0, Diff: 0, Sum: 0, Workers: 4
[2735.222s][debug][gc,phases      ] GC(270)   StringDedup Table Weak         Min:  0.0, Avg:  0.0, Max:  0.0, Diff:  0.0, Sum:  0.0, Workers: 4
[2735.222s][debug][gc,phases      ] GC(270)     Dead                           Min: 0, Avg:  0.0, Max: 0, Diff: 0, Sum: 0, Workers: 4
[2735.222s][debug][gc,phases      ] GC(270)     Total                          Min: 0, Avg:  0.0, Max: 0, Diff: 0, Sum: 0, Workers: 4
[2735.222s][debug][gc,phases      ] GC(270)   StringDedup Requests0 Weak     Min:  0.0, Avg:  0.0, Max:  0.0, Diff:  0.0, Sum:  0.0, Workers: 4
[2735.222s][debug][gc,phases      ] GC(270)     Dead                           Min: 0, Avg:  0.0, Max: 0, Diff: 0, Sum: 0, Workers: 4
[2735.222s][debug][gc,phases      ] GC(270)     Total                          Min: 0, Avg:  0.0, Max: 0, Diff: 0, Sum: 0, Workers: 4
[2735.222s][debug][gc,phases      ] GC(270)   StringDedup Requests1 Weak     Min:  0.0, Avg:  0.0, Max:  0.0, Diff:  0.0, Sum:  0.0, Workers: 4
[2735.222s][debug][gc,phases      ] GC(270)     Dead                           Min: 0, Avg:  0.0, Max: 0, Diff: 0, Sum: 0, Workers: 4
[2735.222s][debug][gc,phases      ] GC(270)     Total                          Min: 0, Avg:  0.0, Max: 0, Diff: 0, Sum: 0, Workers: 4
[2735.222s][debug][gc,phases      ] GC(270)   Weak JFR Old Object Samples    Min:  0.0, Avg:  0.0, Max:  0.0, Diff:  0.0, Sum:  0.0, Workers: 4
[2735.222s][debug][gc,phases      ] GC(270)     Dead                           Min: 0, Avg:  0.0, Max: 0, Diff: 0, Sum: 0, Workers: 4
[2735.222s][debug][gc,phases      ] GC(270)     Total                          Min: 0, Avg:  0.0, Max: 0, Diff: 0, Sum: 0, Workers: 4
[2735.222s][debug][gc,phases      ] GC(270) Weak Processing 0.366ms
[2735.222s][debug][gc,age         ] GC(270) Desired survivor size 332922880 bytes, new threshold 15 (max threshold 15)
[2735.222s][info ][gc,heap        ] GC(270) PSYoungGen: 1454080K(1769984K)->22928K(1762816K) Eden: 1454080K(1454080K)->0K(1446912K) From: 0K(315904K)->22928K(315904K)
[2735.222s][info ][gc,heap        ] GC(270) ParOldGen: 513408K(707072K)->513408K(707072K)
[2735.222s][info ][gc,metaspace   ] GC(270) Metaspace: 84311K(85056K)->84311K(85056K) NonClass: 72598K(73024K)->72598K(73024K) Class: 11713K(12032K)->11713K(12032K)
[2735.222s][info ][gc             ] GC(270) Pause Young (Allocation Failure) 1921M->523M(2412M) 8.838ms
[2735.222s][info ][gc,cpu         ] GC(270) User=0.03s Sys=0.00s Real=0.01s
[2735.222s][info ][safepoint      ] Safepoint "ParallelGCFailedAllocation", Time since last: 31188512 ns, Reaching safepoint: 27100 ns, At safepoint: 8923275 ns, Total: 8950375 ns
[2736.222s][info ][safepoint      ] Safepoint "Cleanup", Time since last: 1000083415 ns, Reaching safepoint: 127503 ns, At safepoint: 19100 ns, Total: 146603 ns
[2737.223s][info ][safepoint      ] Safepoint "Cleanup", Time since last: 1000102715 ns, Reaching safepoint: 151803 ns, At safepoint: 15600 ns, Total: 167403 ns
[2737.621s][info ][gc,start       ] GC(271) Pause Young (Allocation Failure)
[2737.631s][debug][gc,phases      ] GC(271) Scavenge 9.726ms
[2737.631s][debug][gc,ref         ] GC(271) Skipped phase 1 of Reference Processing: no references
[2737.631s][debug][gc,ref         ] GC(271) Skipped phase 2 of Reference Processing: no references
[2737.631s][debug][gc,ref         ] GC(271) Skipped phase 3 of Reference Processing: no references
[2737.631s][debug][gc,ref         ] GC(271) ReferenceProcessor::execute queues: 1, RefProcThreadModel::Single, marks_oops_alive: false
[2737.631s][debug][gc,phases      ] GC(271) Reference Processing 0.115ms
[2737.632s][debug][gc,phases      ] GC(271)   VM Weak                        Min:  0.0, Avg:  0.0, Max:  0.0, Diff:  0.0, Sum:  0.0, Workers: 4
[2737.632s][debug][gc,phases      ] GC(271)     Dead                           Min: 0, Avg:  0.0, Max: 0, Diff: 0, Sum: 0, Workers: 4
[2737.632s][debug][gc,phases      ] GC(271)     Total                          Min: 0, Avg: 151.0, Max: 482, Diff: 482, Sum: 604, Workers: 4
[2737.632s][debug][gc,phases      ] GC(271)   ObjectSynchronizer Weak        Min:  0.0, Avg:  0.0, Max:  0.0, Diff:  0.0, Sum:  0.0, Workers: 4
[2737.632s][debug][gc,phases      ] GC(271)     Dead                           Min: 0, Avg:  0.0, Max: 0, Diff: 0, Sum: 0, Workers: 4
[2737.632s][debug][gc,phases      ] GC(271)     Total                          Min: 0, Avg: 105.8, Max: 256, Diff: 256, Sum: 423, Workers: 4
[2737.632s][debug][gc,phases      ] GC(271)   JVMTI Tag Weak OopStorage      Min:  0.0, Avg:  0.0, Max:  0.0, Diff:  0.0, Sum:  0.0, Workers: 4
[2737.632s][debug][gc,phases      ] GC(271)     Dead                           Min: 0, Avg:  0.0, Max: 0, Diff: 0, Sum: 0, Workers: 4
[2737.632s][debug][gc,phases      ] GC(271)     Total                          Min: 0, Avg:  0.0, Max: 0, Diff: 0, Sum: 0, Workers: 4
[2737.632s][debug][gc,phases      ] GC(271)   StringTable Weak               Min:  0.1, Avg:  0.1, Max:  0.1, Diff:  0.0, Sum:  0.4, Workers: 4
[2737.632s][debug][gc,phases      ] GC(271)     Dead                           Min: 0, Avg:  0.0, Max: 0, Diff: 0, Sum: 0, Workers: 4
[2737.632s][debug][gc,phases      ] GC(271)     Total                          Min: 11392, Avg: 12102.8, Max: 12992, Diff: 1600, Sum: 48411, Workers: 4
[2737.632s][debug][gc,phases      ] GC(271)   ResolvedMethodTable Weak       Min:  0.0, Avg:  0.0, Max:  0.0, Diff:  0.0, Sum:  0.1, Workers: 4
[2737.632s][debug][gc,phases      ] GC(271)     Dead                           Min: 0, Avg:  0.0, Max: 0, Diff: 0, Sum: 0, Workers: 4
[2737.632s][debug][gc,phases      ] GC(271)     Total                          Min: 1728, Avg: 2161.0, Max: 2368, Diff: 640, Sum: 8644, Workers: 4
[2737.632s][debug][gc,phases      ] GC(271)   JNI Weak                       Min:  0.0, Avg:  0.0, Max:  0.0, Diff:  0.0, Sum:  0.0, Workers: 4
[2737.632s][debug][gc,phases      ] GC(271)     Dead                           Min: 0, Avg:  0.0, Max: 0, Diff: 0, Sum: 0, Workers: 4
[2737.632s][debug][gc,phases      ] GC(271)     Total                          Min: 0, Avg:  0.0, Max: 0, Diff: 0, Sum: 0, Workers: 4
[2737.632s][debug][gc,phases      ] GC(271)   StringDedup Table Weak         Min:  0.0, Avg:  0.0, Max:  0.0, Diff:  0.0, Sum:  0.0, Workers: 4
[2737.632s][debug][gc,phases      ] GC(271)     Dead                           Min: 0, Avg:  0.0, Max: 0, Diff: 0, Sum: 0, Workers: 4
[2737.632s][debug][gc,phases      ] GC(271)     Total                          Min: 0, Avg:  0.0, Max: 0, Diff: 0, Sum: 0, Workers: 4
[2737.632s][debug][gc,phases      ] GC(271)   StringDedup Requests0 Weak     Min:  0.0, Avg:  0.0, Max:  0.0, Diff:  0.0, Sum:  0.0, Workers: 4
[2737.632s][debug][gc,phases      ] GC(271)     Dead                           Min: 0, Avg:  0.0, Max: 0, Diff: 0, Sum: 0, Workers: 4
[2737.632s][debug][gc,phases      ] GC(271)     Total                          Min: 0, Avg:  0.0, Max: 0, Diff: 0, Sum: 0, Workers: 4
[2737.632s][debug][gc,phases      ] GC(271)   StringDedup Requests1 Weak     Min:  0.0, Avg:  0.0, Max:  0.0, Diff:  0.0, Sum:  0.0, Workers: 4
[2737.632s][debug][gc,phases      ] GC(271)     Dead                           Min: 0, Avg:  0.0, Max: 0, Diff: 0, Sum: 0, Workers: 4
[2737.632s][debug][gc,phases      ] GC(271)     Total                          Min: 0, Avg:  0.0, Max: 0, Diff: 0, Sum: 0, Workers: 4
[2737.632s][debug][gc,phases      ] GC(271)   Weak JFR Old Object Samples    Min:  0.0, Avg:  0.0, Max:  0.0, Diff:  0.0, Sum:  0.0, Workers: 4
[2737.632s][debug][gc,phases      ] GC(271)     Dead                           Min: 0, Avg:  0.0, Max: 0, Diff: 0, Sum: 0, Workers: 4
[2737.632s][debug][gc,phases      ] GC(271)     Total                          Min: 0, Avg:  0.0, Max: 0, Diff: 0, Sum: 0, Workers: 4
[2737.632s][debug][gc,phases      ] GC(271) Weak Processing 0.332ms
[2737.632s][debug][gc,age         ] GC(271) Desired survivor size 336068608 bytes, new threshold 15 (max threshold 15)
[2737.632s][info ][gc,heap        ] GC(271) PSYoungGen: 1469840K(1762816K)->32307K(1479680K) Eden: 1446912K(1446912K)->0K(1446912K) From: 22928K(315904K)->32307K(32768K)
[2737.632s][info ][gc,heap        ] GC(271) ParOldGen: 513408K(707072K)->513408K(707072K)
[2737.632s][info ][gc,metaspace   ] GC(271) Metaspace: 84325K(85056K)->84325K(85056K) NonClass: 72612K(73024K)->72612K(73024K) Class: 11713K(12032K)->11713K(12032K)
[2737.632s][info ][gc             ] GC(271) Pause Young (Allocation Failure) 1936M->532M(2135M) 10.305ms
[2737.632s][info ][gc,cpu         ] GC(271) User=0.04s Sys=0.00s Real=0.02s
[2737.632s][info ][safepoint      ] Safepoint "ParallelGCFailedAllocation", Time since last: 398505016 ns, Reaching safepoint: 133802 ns, At safepoint: 10397204 ns, Total: 10531006 ns
[2738.632s][info ][safepoint      ] Safepoint "Cleanup", Time since last: 1000087615 ns, Reaching safepoint: 58401 ns, At safepoint: 7000 ns, Total: 65401 ns
[2739.632s][info ][safepoint      ] Safepoint "Cleanup", Time since last: 1000106215 ns, Reaching safepoint: 138302 ns, At safepoint: 29501 ns, Total: 167803 ns
[2740.255s][info ][gc,start       ] GC(272) Pause Young (Allocation Failure)
[2740.271s][debug][gc,phases      ] GC(272) Scavenge 15.936ms
[2740.271s][debug][gc,ref         ] GC(272) Skipped phase 1 of Reference Processing: no references
[2740.271s][debug][gc,ref         ] GC(272) ReferenceProcessor::execute queues: 1, RefProcThreadModel::Single, marks_oops_alive: false
[2740.271s][debug][gc,ref         ] GC(272) Skipped phase 3 of Reference Processing: no references
[2740.271s][debug][gc,ref         ] GC(272) ReferenceProcessor::execute queues: 1, RefProcThreadModel::Single, marks_oops_alive: false
[2740.271s][debug][gc,phases      ] GC(272) Reference Processing 0.136ms
[2740.271s][debug][gc,phases      ] GC(272)   VM Weak                        Min:  0.0, Avg:  0.0, Max:  0.0, Diff:  0.0, Sum:  0.0, Workers: 4
[2740.271s][debug][gc,phases      ] GC(272)     Dead                           Min: 0, Avg:  0.0, Max: 0, Diff: 0, Sum: 0, Workers: 4
[2740.271s][debug][gc,phases      ] GC(272)     Total                          Min: 0, Avg: 151.0, Max: 359, Diff: 359, Sum: 604, Workers: 4
[2740.271s][debug][gc,phases      ] GC(272)   ObjectSynchronizer Weak        Min:  0.0, Avg:  0.0, Max:  0.0, Diff:  0.0, Sum:  0.0, Workers: 4
[2740.271s][debug][gc,phases      ] GC(272)     Dead                           Min: 0, Avg:  0.0, Max: 0, Diff: 0, Sum: 0, Workers: 4
[2740.271s][debug][gc,phases      ] GC(272)     Total                          Min: 0, Avg: 105.8, Max: 167, Diff: 167, Sum: 423, Workers: 4
[2740.271s][debug][gc,phases      ] GC(272)   JVMTI Tag Weak OopStorage      Min:  0.0, Avg:  0.0, Max:  0.0, Diff:  0.0, Sum:  0.0, Workers: 4
[2740.271s][debug][gc,phases      ] GC(272)     Dead                           Min: 0, Avg:  0.0, Max: 0, Diff: 0, Sum: 0, Workers: 4
[2740.271s][debug][gc,phases      ] GC(272)     Total                          Min: 0, Avg:  0.0, Max: 0, Diff: 0, Sum: 0, Workers: 4
[2740.271s][debug][gc,phases      ] GC(272)   StringTable Weak               Min:  0.1, Avg:  0.1, Max:  0.1, Diff:  0.0, Sum:  0.5, Workers: 4
[2740.271s][debug][gc,phases      ] GC(272)     Dead                           Min: 0, Avg:  0.0, Max: 0, Diff: 0, Sum: 0, Workers: 4
[2740.271s][debug][gc,phases      ] GC(272)     Total                          Min: 11392, Avg: 12102.8, Max: 13019, Diff: 1627, Sum: 48411, Workers: 4
[2740.271s][debug][gc,phases      ] GC(272)   ResolvedMethodTable Weak       Min:  0.0, Avg:  0.0, Max:  0.0, Diff:  0.0, Sum:  0.1, Workers: 4
[2740.271s][debug][gc,phases      ] GC(272)     Dead                           Min: 0, Avg:  0.0, Max: 0, Diff: 0, Sum: 0, Workers: 4
[2740.271s][debug][gc,phases      ] GC(272)     Total                          Min: 2048, Avg: 2161.0, Max: 2244, Diff: 196, Sum: 8644, Workers: 4
[2740.271s][debug][gc,phases      ] GC(272)   JNI Weak                       Min:  0.0, Avg:  0.0, Max:  0.0, Diff:  0.0, Sum:  0.0, Workers: 4
[2740.271s][debug][gc,phases      ] GC(272)     Dead                           Min: 0, Avg:  0.0, Max: 0, Diff: 0, Sum: 0, Workers: 4
[2740.271s][debug][gc,phases      ] GC(272)     Total                          Min: 0, Avg:  0.0, Max: 0, Diff: 0, Sum: 0, Workers: 4
[2740.271s][debug][gc,phases      ] GC(272)   StringDedup Table Weak         Min:  0.0, Avg:  0.0, Max:  0.0, Diff:  0.0, Sum:  0.0, Workers: 4
[2740.271s][debug][gc,phases      ] GC(272)     Dead                           Min: 0, Avg:  0.0, Max: 0, Diff: 0, Sum: 0, Workers: 4
[2740.271s][debug][gc,phases      ] GC(272)     Total                          Min: 0, Avg:  0.0, Max: 0, Diff: 0, Sum: 0, Workers: 4
[2740.271s][debug][gc,phases      ] GC(272)   StringDedup Requests0 Weak     Min:  0.0, Avg:  0.0, Max:  0.0, Diff:  0.0, Sum:  0.0, Workers: 4
[2740.271s][debug][gc,phases      ] GC(272)     Dead                           Min: 0, Avg:  0.0, Max: 0, Diff: 0, Sum: 0, Workers: 4
[2740.271s][debug][gc,phases      ] GC(272)     Total                          Min: 0, Avg:  0.0, Max: 0, Diff: 0, Sum: 0, Workers: 4
[2740.271s][debug][gc,phases      ] GC(272)   StringDedup Requests1 Weak     Min:  0.0, Avg:  0.0, Max:  0.0, Diff:  0.0, Sum:  0.0, Workers: 4
[2740.271s][debug][gc,phases      ] GC(272)     Dead                           Min: 0, Avg:  0.0, Max: 0, Diff: 0, Sum: 0, Workers: 4
[2740.271s][debug][gc,phases      ] GC(272)     Total                          Min: 0, Avg:  0.0, Max: 0, Diff: 0, Sum: 0, Workers: 4
[2740.271s][debug][gc,phases      ] GC(272)   Weak JFR Old Object Samples    Min:  0.0, Avg:  0.0, Max:  0.0, Diff:  0.0, Sum:  0.0, Workers: 4
[2740.271s][debug][gc,phases      ] GC(272)     Dead                           Min: 0, Avg:  0.0, Max: 0, Diff: 0, Sum: 0, Workers: 4
[2740.271s][debug][gc,phases      ] GC(272)     Total                          Min: 0, Avg:  0.0, Max: 0, Diff: 0, Sum: 0, Workers: 4
[2740.271s][debug][gc,phases      ] GC(272) Weak Processing 0.398ms
[2740.271s][debug][gc,age         ] GC(272) Desired survivor size 332922880 bytes, new threshold 15 (max threshold 15)
[2740.271s][info ][gc,heap        ] GC(272) PSYoungGen: 1479219K(1479680K)->48309K(1772032K) Eden: 1446912K(1446912K)->0K(1443840K) From: 32307K(32768K)->48309K(328192K)
[2740.271s][info ][gc,heap        ] GC(272) ParOldGen: 513408K(707072K)->513408K(707072K)
[2740.271s][info ][gc,metaspace   ] GC(272) Metaspace: 84333K(85056K)->84333K(85056K) NonClass: 72620K(73024K)->72620K(73024K) Class: 11713K(12032K)->11713K(12032K)
[2740.271s][info ][gc             ] GC(272) Pause Young (Allocation Failure) 1945M->548M(2421M) 16.625ms
[2740.271s][info ][gc,cpu         ] GC(272) User=0.06s Sys=0.00s Real=0.02s
[2740.271s][info ][safepoint      ] Safepoint "ParallelGCFailedAllocation", Time since last: 622333305 ns, Reaching safepoint: 123403 ns, At safepoint: 16722628 ns, Total: 16846031 ns
[2741.272s][info ][safepoint      ] Safepoint "Cleanup", Time since last: 1000098314 ns, Reaching safepoint: 123703 ns, At safepoint: 8000 ns, Total: 131703 ns
[2742.946s][info ][safepoint      ] Safepoint "Cleanup", Time since last: 1674462140 ns, Reaching safepoint: 98002 ns, At safepoint: 7900 ns, Total: 105902 ns
[2743.317s][info ][safepoint      ] Safepoint "ParallelGCFailedAllocation", Time since last: 370269062 ns, Reaching safepoint: 52001 ns, At safepoint: 8900 ns, Total: 60901 ns
[2743.317s][info ][gc,start       ] GC(273) Pause Young (GCLocker Initiated GC)
[2743.333s][debug][gc,phases      ] GC(273) Scavenge 16.115ms
[2743.333s][debug][gc,ref         ] GC(273) Skipped phase 1 of Reference Processing: no references
[2743.333s][debug][gc,ref         ] GC(273) ReferenceProcessor::execute queues: 1, RefProcThreadModel::Single, marks_oops_alive: false
[2743.333s][debug][gc,ref         ] GC(273) Skipped phase 3 of Reference Processing: no references
[2743.333s][debug][gc,ref         ] GC(273) ReferenceProcessor::execute queues: 1, RefProcThreadModel::Single, marks_oops_alive: false
[2743.333s][debug][gc,phases      ] GC(273) Reference Processing 0.135ms
[2743.333s][debug][gc,phases      ] GC(273)   VM Weak                        Min:  0.0, Avg:  0.0, Max:  0.0, Diff:  0.0, Sum:  0.0, Workers: 4
[2743.333s][debug][gc,phases      ] GC(273)     Dead                           Min: 0, Avg:  0.0, Max: 0, Diff: 0, Sum: 0, Workers: 4
[2743.333s][debug][gc,phases      ] GC(273)     Total                          Min: 0, Avg: 151.0, Max: 604, Diff: 604, Sum: 604, Workers: 4
[2743.333s][debug][gc,phases      ] GC(273)   ObjectSynchronizer Weak        Min:  0.0, Avg:  0.0, Max:  0.0, Diff:  0.0, Sum:  0.0, Workers: 4
[2743.333s][debug][gc,phases      ] GC(273)     Dead                           Min: 0, Avg:  0.0, Max: 0, Diff: 0, Sum: 0, Workers: 4
[2743.333s][debug][gc,phases      ] GC(273)     Total                          Min: 0, Avg: 105.8, Max: 423, Diff: 423, Sum: 423, Workers: 4
[2743.333s][debug][gc,phases      ] GC(273)   JVMTI Tag Weak OopStorage      Min:  0.0, Avg:  0.0, Max:  0.0, Diff:  0.0, Sum:  0.0, Workers: 4
[2743.333s][debug][gc,phases      ] GC(273)     Dead                           Min: 0, Avg:  0.0, Max: 0, Diff: 0, Sum: 0, Workers: 4
[2743.333s][debug][gc,phases      ] GC(273)     Total                          Min: 0, Avg:  0.0, Max: 0, Diff: 0, Sum: 0, Workers: 4
[2743.333s][debug][gc,phases      ] GC(273)   StringTable Weak               Min:  0.1, Avg:  0.1, Max:  0.1, Diff:  0.0, Sum:  0.5, Workers: 4
[2743.333s][debug][gc,phases      ] GC(273)     Dead                           Min: 0, Avg:  0.0, Max: 0, Diff: 0, Sum: 0, Workers: 4
[2743.333s][debug][gc,phases      ] GC(273)     Total                          Min: 11264, Avg: 12116.8, Max: 14272, Diff: 3008, Sum: 48467, Workers: 4
[2743.333s][debug][gc,phases      ] GC(273)   ResolvedMethodTable Weak       Min:  0.0, Avg:  0.0, Max:  0.0, Diff:  0.0, Sum:  0.1, Workers: 4
[2743.333s][debug][gc,phases      ] GC(273)     Dead                           Min: 0, Avg:  0.0, Max: 0, Diff: 0, Sum: 0, Workers: 4
[2743.333s][debug][gc,phases      ] GC(273)     Total                          Min: 2048, Avg: 2161.0, Max: 2304, Diff: 256, Sum: 8644, Workers: 4
[2743.333s][debug][gc,phases      ] GC(273)   JNI Weak                       Min:  0.0, Avg:  0.0, Max:  0.0, Diff:  0.0, Sum:  0.0, Workers: 4
[2743.333s][debug][gc,phases      ] GC(273)     Dead                           Min: 0, Avg:  0.0, Max: 0, Diff: 0, Sum: 0, Workers: 4
[2743.333s][debug][gc,phases      ] GC(273)     Total                          Min: 0, Avg:  0.0, Max: 0, Diff: 0, Sum: 0, Workers: 4
[2743.333s][debug][gc,phases      ] GC(273)   StringDedup Table Weak         Min:  0.0, Avg:  0.0, Max:  0.0, Diff:  0.0, Sum:  0.0, Workers: 4
[2743.333s][debug][gc,phases      ] GC(273)     Dead                           Min: 0, Avg:  0.0, Max: 0, Diff: 0, Sum: 0, Workers: 4
[2743.333s][debug][gc,phases      ] GC(273)     Total                          Min: 0, Avg:  0.0, Max: 0, Diff: 0, Sum: 0, Workers: 4
[2743.333s][debug][gc,phases      ] GC(273)   StringDedup Requests0 Weak     Min:  0.0, Avg:  0.0, Max:  0.0, Diff:  0.0, Sum:  0.0, Workers: 4
[2743.333s][debug][gc,phases      ] GC(273)     Dead                           Min: 0, Avg:  0.0, Max: 0, Diff: 0, Sum: 0, Workers: 4
[2743.333s][debug][gc,phases      ] GC(273)     Total                          Min: 0, Avg:  0.0, Max: 0, Diff: 0, Sum: 0, Workers: 4
[2743.333s][debug][gc,phases      ] GC(273)   StringDedup Requests1 Weak     Min:  0.0, Avg:  0.0, Max:  0.0, Diff:  0.0, Sum:  0.0, Workers: 4
[2743.333s][debug][gc,phases      ] GC(273)     Dead                           Min: 0, Avg:  0.0, Max: 0, Diff: 0, Sum: 0, Workers: 4
[2743.333s][debug][gc,phases      ] GC(273)     Total                          Min: 0, Avg:  0.0, Max: 0, Diff: 0, Sum: 0, Workers: 4
[2743.333s][debug][gc,phases      ] GC(273)   Weak JFR Old Object Samples    Min:  0.0, Avg:  0.0, Max:  0.0, Diff:  0.0, Sum:  0.0, Workers: 4
[2743.333s][debug][gc,phases      ] GC(273)     Dead                           Min: 0, Avg:  0.0, Max: 0, Diff: 0, Sum: 0, Workers: 4
[2743.333s][debug][gc,phases      ] GC(273)     Total                          Min: 0, Avg:  0.0, Max: 0, Diff: 0, Sum: 0, Workers: 4
[2743.333s][debug][gc,phases      ] GC(273) Weak Processing 0.341ms
[2743.333s][debug][gc,age         ] GC(273) Desired survivor size 326107136 bytes, new threshold 15 (max threshold 15)
[2743.333s][info ][gc,heap        ] GC(273) PSYoungGen: 1492149K(1772032K)->57870K(1768960K) Eden: 1443840K(1443840K)->0K(1443840K) From: 48309K(328192K)->57870K(325120K)
[2743.333s][info ][gc,heap        ] GC(273) ParOldGen: 513416K(707072K)->513416K(707072K)
[2743.333s][info ][gc,metaspace   ] GC(273) Metaspace: 84334K(85056K)->84334K(85056K) NonClass: 72621K(73024K)->72621K(73024K) Class: 11713K(12032K)->11713K(12032K)
[2743.334s][info ][gc             ] GC(273) Pause Young (GCLocker Initiated GC) 1958M->557M(2418M) 16.707ms
[2743.334s][info ][gc,cpu         ] GC(273) User=0.07s Sys=0.00s Real=0.02s
[2743.334s][info ][safepoint      ] Safepoint "ParallelGCSystemGC", Time since last: 151903 ns, Reaching safepoint: 86402 ns, At safepoint: 16787829 ns, Total: 16874231 ns
[2744.334s][info ][safepoint      ] Safepoint "Cleanup", Time since last: 1000082514 ns, Reaching safepoint: 45400 ns, At safepoint: 9601 ns, Total: 55001 ns
[2745.334s][info ][safepoint      ] Safepoint "Cleanup", Time since last: 1000094013 ns, Reaching safepoint: 133903 ns, At safepoint: 15200 ns, Total: 149103 ns
[2746.057s][info ][gc,start       ] GC(274) Pause Young (Allocation Failure)
[2746.077s][debug][gc,phases      ] GC(274) Scavenge 20.137ms
[2746.077s][debug][gc,ref         ] GC(274) Skipped phase 1 of Reference Processing: no references
[2746.077s][debug][gc,ref         ] GC(274) ReferenceProcessor::execute queues: 1, RefProcThreadModel::Single, marks_oops_alive: false
[2746.077s][debug][gc,ref         ] GC(274) Skipped phase 3 of Reference Processing: no references
[2746.077s][debug][gc,ref         ] GC(274) ReferenceProcessor::execute queues: 1, RefProcThreadModel::Single, marks_oops_alive: false
[2746.077s][debug][gc,phases      ] GC(274) Reference Processing 0.120ms
[2746.077s][debug][gc,phases      ] GC(274)   VM Weak                        Min:  0.0, Avg:  0.0, Max:  0.0, Diff:  0.0, Sum:  0.0, Workers: 4
[2746.077s][debug][gc,phases      ] GC(274)     Dead                           Min: 0, Avg:  0.0, Max: 0, Diff: 0, Sum: 0, Workers: 4
[2746.077s][debug][gc,phases      ] GC(274)     Total                          Min: 0, Avg: 151.0, Max: 430, Diff: 430, Sum: 604, Workers: 4
[2746.077s][debug][gc,phases      ] GC(274)   ObjectSynchronizer Weak        Min:  0.0, Avg:  0.0, Max:  0.0, Diff:  0.0, Sum:  0.0, Workers: 4
[2746.077s][debug][gc,phases      ] GC(274)     Dead                           Min: 0, Avg:  0.0, Max: 0, Diff: 0, Sum: 0, Workers: 4
[2746.077s][debug][gc,phases      ] GC(274)     Total                          Min: 64, Avg: 105.8, Max: 128, Diff: 64, Sum: 423, Workers: 4
[2746.077s][debug][gc,phases      ] GC(274)   JVMTI Tag Weak OopStorage      Min:  0.0, Avg:  0.0, Max:  0.0, Diff:  0.0, Sum:  0.0, Workers: 4
[2746.077s][debug][gc,phases      ] GC(274)     Dead                           Min: 0, Avg:  0.0, Max: 0, Diff: 0, Sum: 0, Workers: 4
[2746.077s][debug][gc,phases      ] GC(274)     Total                          Min: 0, Avg:  0.0, Max: 0, Diff: 0, Sum: 0, Workers: 4
[2746.077s][debug][gc,phases      ] GC(274)   StringTable Weak               Min:  0.1, Avg:  0.1, Max:  0.1, Diff:  0.0, Sum:  0.5, Workers: 4
[2746.077s][debug][gc,phases      ] GC(274)     Dead                           Min: 0, Avg:  0.0, Max: 0, Diff: 0, Sum: 0, Workers: 4
[2746.077s][debug][gc,phases      ] GC(274)     Total                          Min: 11712, Avg: 12116.8, Max: 12691, Diff: 979, Sum: 48467, Workers: 4
[2746.077s][debug][gc,phases      ] GC(274)   ResolvedMethodTable Weak       Min:  0.0, Avg:  0.0, Max:  0.0, Diff:  0.0, Sum:  0.1, Workers: 4
[2746.077s][debug][gc,phases      ] GC(274)     Dead                           Min: 0, Avg:  0.0, Max: 0, Diff: 0, Sum: 0, Workers: 4
[2746.077s][debug][gc,phases      ] GC(274)     Total                          Min: 2048, Avg: 2161.0, Max: 2304, Diff: 256, Sum: 8644, Workers: 4
[2746.077s][debug][gc,phases      ] GC(274)   JNI Weak                       Min:  0.0, Avg:  0.0, Max:  0.0, Diff:  0.0, Sum:  0.0, Workers: 4
[2746.077s][debug][gc,phases      ] GC(274)     Dead                           Min: 0, Avg:  0.0, Max: 0, Diff: 0, Sum: 0, Workers: 4
[2746.077s][debug][gc,phases      ] GC(274)     Total                          Min: 0, Avg:  0.0, Max: 0, Diff: 0, Sum: 0, Workers: 4
[2746.077s][debug][gc,phases      ] GC(274)   StringDedup Table Weak         Min:  0.0, Avg:  0.0, Max:  0.0, Diff:  0.0, Sum:  0.0, Workers: 4
[2746.077s][debug][gc,phases      ] GC(274)     Dead                           Min: 0, Avg:  0.0, Max: 0, Diff: 0, Sum: 0, Workers: 4
[2746.077s][debug][gc,phases      ] GC(274)     Total                          Min: 0, Avg:  0.0, Max: 0, Diff: 0, Sum: 0, Workers: 4
[2746.077s][debug][gc,phases      ] GC(274)   StringDedup Requests0 Weak     Min:  0.0, Avg:  0.0, Max:  0.0, Diff:  0.0, Sum:  0.0, Workers: 4
[2746.077s][debug][gc,phases      ] GC(274)     Dead                           Min: 0, Avg:  0.0, Max: 0, Diff: 0, Sum: 0, Workers: 4
[2746.077s][debug][gc,phases      ] GC(274)     Total                          Min: 0, Avg:  0.0, Max: 0, Diff: 0, Sum: 0, Workers: 4
[2746.077s][debug][gc,phases      ] GC(274)   StringDedup Requests1 Weak     Min:  0.0, Avg:  0.0, Max:  0.0, Diff:  0.0, Sum:  0.0, Workers: 4
[2746.077s][debug][gc,phases      ] GC(274)     Dead                           Min: 0, Avg:  0.0, Max: 0, Diff: 0, Sum: 0, Workers: 4
[2746.077s][debug][gc,phases      ] GC(274)     Total                          Min: 0, Avg:  0.0, Max: 0, Diff: 0, Sum: 0, Workers: 4
[2746.077s][debug][gc,phases      ] GC(274)   Weak JFR Old Object Samples    Min:  0.0, Avg:  0.0, Max:  0.0, Diff:  0.0, Sum:  0.0, Workers: 4
[2746.077s][debug][gc,phases      ] GC(274)     Dead                           Min: 0, Avg:  0.0, Max: 0, Diff: 0, Sum: 0, Workers: 4
[2746.077s][debug][gc,phases      ] GC(274)     Total                          Min: 0, Avg:  0.0, Max: 0, Diff: 0, Sum: 0, Workers: 4
[2746.077s][debug][gc,phases      ] GC(274) Weak Processing 0.348ms
[2746.077s][debug][gc,age         ] GC(274) Desired survivor size 315097088 bytes, new threshold 15 (max threshold 15)
[2746.077s][info ][gc,heap        ] GC(274) PSYoungGen: 1501710K(1768960K)->70781K(1789440K) Eden: 1443840K(1443840K)->0K(1470976K) From: 57870K(325120K)->70781K(318464K)
[2746.077s][info ][gc,heap        ] GC(274) ParOldGen: 513418K(707072K)->513418K(707072K)
[2746.077s][info ][gc,metaspace   ] GC(274) Metaspace: 84339K(85056K)->84339K(85056K) NonClass: 72626K(73024K)->72626K(73024K) Class: 11713K(12032K)->11713K(12032K)
[2746.077s][info ][gc             ] GC(274) Pause Young (Allocation Failure) 1967M->570M(2438M) 20.733ms
[2746.077s][info ][gc,cpu         ] GC(274) User=0.08s Sys=0.00s Real=0.02s
[2746.077s][info ][safepoint      ] Safepoint "ParallelGCFailedAllocation", Time since last: 722543871 ns, Reaching safepoint: 123202 ns, At safepoint: 20829209 ns, Total: 20952411 ns
[2747.154s][info ][safepoint      ] Safepoint "Cleanup", Time since last: 1076762117 ns, Reaching safepoint: 114702 ns, At safepoint: 14501 ns, Total: 129203 ns
[2749.155s][info ][safepoint      ] Safepoint "Cleanup", Time since last: 2000180227 ns, Reaching safepoint: 132802 ns, At safepoint: 14000 ns, Total: 146802 ns
[2749.257s][info ][gc,start       ] GC(275) Pause Young (Allocation Failure)
[2749.277s][debug][gc,phases      ] GC(275) Scavenge 20.255ms
[2749.278s][debug][gc,ref         ] GC(275) Skipped phase 1 of Reference Processing: no references
[2749.278s][debug][gc,ref         ] GC(275) ReferenceProcessor::execute queues: 1, RefProcThreadModel::Single, marks_oops_alive: false
[2749.278s][debug][gc,ref         ] GC(275) Skipped phase 3 of Reference Processing: no references
[2749.278s][debug][gc,ref         ] GC(275) ReferenceProcessor::execute queues: 1, RefProcThreadModel::Single, marks_oops_alive: false
[2749.278s][debug][gc,phases      ] GC(275) Reference Processing 0.130ms
[2749.278s][debug][gc,phases      ] GC(275)   VM Weak                        Min:  0.0, Avg:  0.0, Max:  0.0, Diff:  0.0, Sum:  0.0, Workers: 4
[2749.278s][debug][gc,phases      ] GC(275)     Dead                           Min: 0, Avg:  0.0, Max: 0, Diff: 0, Sum: 0, Workers: 4
[2749.278s][debug][gc,phases      ] GC(275)     Total                          Min: 0, Avg: 151.0, Max: 327, Diff: 327, Sum: 604, Workers: 4
[2749.278s][debug][gc,phases      ] GC(275)   ObjectSynchronizer Weak        Min:  0.0, Avg:  0.0, Max:  0.0, Diff:  0.0, Sum:  0.0, Workers: 4
[2749.278s][debug][gc,phases      ] GC(275)     Dead                           Min: 0, Avg:  0.0, Max: 0, Diff: 0, Sum: 0, Workers: 4
[2749.278s][debug][gc,phases      ] GC(275)     Total                          Min: 0, Avg: 105.8, Max: 231, Diff: 231, Sum: 423, Workers: 4
[2749.278s][debug][gc,phases      ] GC(275)   JVMTI Tag Weak OopStorage      Min:  0.0, Avg:  0.0, Max:  0.0, Diff:  0.0, Sum:  0.0, Workers: 4
[2749.278s][debug][gc,phases      ] GC(275)     Dead                           Min: 0, Avg:  0.0, Max: 0, Diff: 0, Sum: 0, Workers: 4
[2749.278s][debug][gc,phases      ] GC(275)     Total                          Min: 0, Avg:  0.0, Max: 0, Diff: 0, Sum: 0, Workers: 4
[2749.278s][debug][gc,phases      ] GC(275)   StringTable Weak               Min:  0.1, Avg:  0.1, Max:  0.1, Diff:  0.0, Sum:  0.5, Workers: 4
[2749.278s][debug][gc,phases      ] GC(275)     Dead                           Min: 0, Avg:  0.2, Max: 1, Diff: 1, Sum: 1, Workers: 4
[2749.278s][debug][gc,phases      ] GC(275)     Total                          Min: 11711, Avg: 12119.2, Max: 12672, Diff: 961, Sum: 48477, Workers: 4
[2749.278s][debug][gc,phases      ] GC(275)   ResolvedMethodTable Weak       Min:  0.0, Avg:  0.0, Max:  0.0, Diff:  0.0, Sum:  0.1, Workers: 4
[2749.278s][debug][gc,phases      ] GC(275)     Dead                           Min: 0, Avg:  0.0, Max: 0, Diff: 0, Sum: 0, Workers: 4
[2749.278s][debug][gc,phases      ] GC(275)     Total                          Min: 1874, Avg: 2164.5, Max: 2496, Diff: 622, Sum: 8658, Workers: 4
[2749.278s][debug][gc,phases      ] GC(275)   JNI Weak                       Min:  0.0, Avg:  0.0, Max:  0.0, Diff:  0.0, Sum:  0.0, Workers: 4
[2749.278s][debug][gc,phases      ] GC(275)     Dead                           Min: 0, Avg:  0.0, Max: 0, Diff: 0, Sum: 0, Workers: 4
[2749.278s][debug][gc,phases      ] GC(275)     Total                          Min: 0, Avg:  0.0, Max: 0, Diff: 0, Sum: 0, Workers: 4
[2749.278s][debug][gc,phases      ] GC(275)   StringDedup Table Weak         Min:  0.0, Avg:  0.0, Max:  0.0, Diff:  0.0, Sum:  0.0, Workers: 4
[2749.278s][debug][gc,phases      ] GC(275)     Dead                           Min: 0, Avg:  0.0, Max: 0, Diff: 0, Sum: 0, Workers: 4
[2749.278s][debug][gc,phases      ] GC(275)     Total                          Min: 0, Avg:  0.0, Max: 0, Diff: 0, Sum: 0, Workers: 4
[2749.278s][debug][gc,phases      ] GC(275)   StringDedup Requests0 Weak     Min:  0.0, Avg:  0.0, Max:  0.0, Diff:  0.0, Sum:  0.0, Workers: 4
[2749.278s][debug][gc,phases      ] GC(275)     Dead                           Min: 0, Avg:  0.0, Max: 0, Diff: 0, Sum: 0, Workers: 4
[2749.278s][debug][gc,phases      ] GC(275)     Total                          Min: 0, Avg:  0.0, Max: 0, Diff: 0, Sum: 0, Workers: 4
[2749.278s][debug][gc,phases      ] GC(275)   StringDedup Requests1 Weak     Min:  0.0, Avg:  0.0, Max:  0.0, Diff:  0.0, Sum:  0.0, Workers: 4
[2749.278s][debug][gc,phases      ] GC(275)     Dead                           Min: 0, Avg:  0.0, Max: 0, Diff: 0, Sum: 0, Workers: 4
[2749.278s][debug][gc,phases      ] GC(275)     Total                          Min: 0, Avg:  0.0, Max: 0, Diff: 0, Sum: 0, Workers: 4
[2749.278s][debug][gc,phases      ] GC(275)   Weak JFR Old Object Samples    Min:  0.0, Avg:  0.0, Max:  0.0, Diff:  0.0, Sum:  0.0, Workers: 4
[2749.278s][debug][gc,phases      ] GC(275)     Dead                           Min: 0, Avg:  0.0, Max: 0, Diff: 0, Sum: 0, Workers: 4
[2749.278s][debug][gc,phases      ] GC(275)     Total                          Min: 0, Avg:  0.0, Max: 0, Diff: 0, Sum: 0, Workers: 4
[2749.278s][debug][gc,phases      ] GC(275) Weak Processing 0.354ms
[2749.278s][debug][gc,age         ] GC(275) Desired survivor size 303038464 bytes, new threshold 15 (max threshold 15)
[2749.278s][info ][gc,heap        ] GC(275) PSYoungGen: 1541757K(1789440K)->78183K(1778688K) Eden: 1470976K(1470976K)->0K(1470976K) From: 70781K(318464K)->78183K(307712K)
[2749.278s][info ][gc,heap        ] GC(275) ParOldGen: 513418K(707072K)->513418K(707072K)
[2749.278s][info ][gc,metaspace   ] GC(275) Metaspace: 84383K(85184K)->84383K(85184K) NonClass: 72660K(73088K)->72660K(73088K) Class: 11723K(12096K)->11723K(12096K)
[2749.278s][info ][gc             ] GC(275) Pause Young (Allocation Failure) 2007M->577M(2427M) 20.868ms
[2749.278s][info ][gc,cpu         ] GC(275) User=0.08s Sys=0.00s Real=0.02s
[2749.278s][info ][safepoint      ] Safepoint "ParallelGCFailedAllocation", Time since last: 102403909 ns, Reaching safepoint: 96402 ns, At safepoint: 20976811 ns, Total: 21073213 ns
[2750.278s][info ][safepoint      ] Safepoint "Cleanup", Time since last: 1000091713 ns, Reaching safepoint: 83802 ns, At safepoint: 8100 ns, Total: 91902 ns
[2751.278s][info ][safepoint      ] Safepoint "Cleanup", Time since last: 1000097414 ns, Reaching safepoint: 51901 ns, At safepoint: 7200 ns, Total: 59101 ns
[2755.279s][info ][safepoint      ] Safepoint "Cleanup", Time since last: 4000287750 ns, Reaching safepoint: 55901 ns, At safepoint: 11401 ns, Total: 67302 ns
[2756.157s][info ][safepoint      ] Safepoint "ParallelGCFailedAllocation", Time since last: 877713812 ns, Reaching safepoint: 119403 ns, At safepoint: 15800 ns, Total: 135203 ns
[2756.157s][info ][gc,start       ] GC(276) Pause Young (GCLocker Initiated GC)
[2756.180s][debug][gc,phases      ] GC(276) Scavenge 23.485ms
[2756.180s][debug][gc,ref         ] GC(276) Skipped phase 1 of Reference Processing: no references
[2756.181s][debug][gc,ref         ] GC(276) ReferenceProcessor::execute queues: 1, RefProcThreadModel::Single, marks_oops_alive: false
[2756.181s][debug][gc,ref         ] GC(276) Skipped phase 3 of Reference Processing: no references
[2756.181s][debug][gc,ref         ] GC(276) ReferenceProcessor::execute queues: 1, RefProcThreadModel::Single, marks_oops_alive: false
[2756.181s][debug][gc,phases      ] GC(276) Reference Processing 0.136ms
[2756.181s][debug][gc,phases      ] GC(276)   VM Weak                        Min:  0.0, Avg:  0.0, Max:  0.0, Diff:  0.0, Sum:  0.0, Workers: 4
[2756.181s][debug][gc,phases      ] GC(276)     Dead                           Min: 0, Avg:  0.0, Max: 0, Diff: 0, Sum: 0, Workers: 4
[2756.181s][debug][gc,phases      ] GC(276)     Total                          Min: 0, Avg: 151.0, Max: 482, Diff: 482, Sum: 604, Workers: 4
[2756.181s][debug][gc,phases      ] GC(276)   ObjectSynchronizer Weak        Min:  0.0, Avg:  0.0, Max:  0.0, Diff:  0.0, Sum:  0.0, Workers: 4
[2756.181s][debug][gc,phases      ] GC(276)     Dead                           Min: 0, Avg:  0.0, Max: 0, Diff: 0, Sum: 0, Workers: 4
[2756.181s][debug][gc,phases      ] GC(276)     Total                          Min: 0, Avg: 105.8, Max: 231, Diff: 231, Sum: 423, Workers: 4
[2756.181s][debug][gc,phases      ] GC(276)   JVMTI Tag Weak OopStorage      Min:  0.0, Avg:  0.0, Max:  0.0, Diff:  0.0, Sum:  0.0, Workers: 4
[2756.181s][debug][gc,phases      ] GC(276)     Dead                           Min: 0, Avg:  0.0, Max: 0, Diff: 0, Sum: 0, Workers: 4
[2756.181s][debug][gc,phases      ] GC(276)     Total                          Min: 0, Avg:  0.0, Max: 0, Diff: 0, Sum: 0, Workers: 4
[2756.181s][debug][gc,phases      ] GC(276)   StringTable Weak               Min:  0.1, Avg:  0.1, Max:  0.1, Diff:  0.0, Sum:  0.5, Workers: 4
[2756.181s][debug][gc,phases      ] GC(276)     Dead                           Min: 0, Avg:  0.0, Max: 0, Diff: 0, Sum: 0, Workers: 4
[2756.181s][debug][gc,phases      ] GC(276)     Total                          Min: 11456, Avg: 12123.0, Max: 13036, Diff: 1580, Sum: 48492, Workers: 4
[2756.181s][debug][gc,phases      ] GC(276)   ResolvedMethodTable Weak       Min:  0.0, Avg:  0.0, Max:  0.0, Diff:  0.0, Sum:  0.1, Workers: 4
[2756.181s][debug][gc,phases      ] GC(276)     Dead                           Min: 0, Avg:  0.0, Max: 0, Diff: 0, Sum: 0, Workers: 4
[2756.181s][debug][gc,phases      ] GC(276)     Total                          Min: 2048, Avg: 2164.5, Max: 2259, Diff: 211, Sum: 8658, Workers: 4
[2756.181s][debug][gc,phases      ] GC(276)   JNI Weak                       Min:  0.0, Avg:  0.0, Max:  0.0, Diff:  0.0, Sum:  0.0, Workers: 4
[2756.181s][debug][gc,phases      ] GC(276)     Dead                           Min: 0, Avg:  0.0, Max: 0, Diff: 0, Sum: 0, Workers: 4
[2756.181s][debug][gc,phases      ] GC(276)     Total                          Min: 0, Avg:  0.0, Max: 0, Diff: 0, Sum: 0, Workers: 4
[2756.181s][debug][gc,phases      ] GC(276)   StringDedup Table Weak         Min:  0.0, Avg:  0.0, Max:  0.0, Diff:  0.0, Sum:  0.0, Workers: 4
[2756.181s][debug][gc,phases      ] GC(276)     Dead                           Min: 0, Avg:  0.0, Max: 0, Diff: 0, Sum: 0, Workers: 4
[2756.181s][debug][gc,phases      ] GC(276)     Total                          Min: 0, Avg:  0.0, Max: 0, Diff: 0, Sum: 0, Workers: 4
[2756.181s][debug][gc,phases      ] GC(276)   StringDedup Requests0 Weak     Min:  0.0, Avg:  0.0, Max:  0.0, Diff:  0.0, Sum:  0.0, Workers: 4
[2756.181s][debug][gc,phases      ] GC(276)     Dead                           Min: 0, Avg:  0.0, Max: 0, Diff: 0, Sum: 0, Workers: 4
[2756.181s][debug][gc,phases      ] GC(276)     Total                          Min: 0, Avg:  0.0, Max: 0, Diff: 0, Sum: 0, Workers: 4
[2756.181s][debug][gc,phases      ] GC(276)   StringDedup Requests1 Weak     Min:  0.0, Avg:  0.0, Max:  0.0, Diff:  0.0, Sum:  0.0, Workers: 4
[2756.181s][debug][gc,phases      ] GC(276)     Dead                           Min: 0, Avg:  0.0, Max: 0, Diff: 0, Sum: 0, Workers: 4
[2756.181s][debug][gc,phases      ] GC(276)     Total                          Min: 0, Avg:  0.0, Max: 0, Diff: 0, Sum: 0, Workers: 4
[2756.181s][debug][gc,phases      ] GC(276)   Weak JFR Old Object Samples    Min:  0.0, Avg:  0.0, Max:  0.0, Diff:  0.0, Sum:  0.0, Workers: 4
[2756.181s][debug][gc,phases      ] GC(276)     Dead                           Min: 0, Avg:  0.0, Max: 0, Diff: 0, Sum: 0, Workers: 4
[2756.181s][debug][gc,phases      ] GC(276)     Total                          Min: 0, Avg:  0.0, Max: 0, Diff: 0, Sum: 0, Workers: 4
[2756.181s][debug][gc,phases      ] GC(276) Weak Processing 0.335ms
[2756.181s][debug][gc,age         ] GC(276) Desired survivor size 289406976 bytes, new threshold 15 (max threshold 15)
[2756.181s][info ][gc,heap        ] GC(276) PSYoungGen: 1549159K(1778688K)->86086K(1814528K) Eden: 1470976K(1470976K)->0K(1518592K) From: 78183K(307712K)->86086K(295936K)
[2756.181s][info ][gc,heap        ] GC(276) ParOldGen: 513418K(707072K)->513426K(707072K)
[2756.181s][info ][gc,metaspace   ] GC(276) Metaspace: 84384K(85184K)->84384K(85184K) NonClass: 72661K(73088K)->72661K(73088K) Class: 11723K(12096K)->11723K(12096K)
[2756.181s][info ][gc             ] GC(276) Pause Young (GCLocker Initiated GC) 2014M->585M(2462M) 24.076ms
[2756.181s][info ][gc,cpu         ] GC(276) User=0.09s Sys=0.00s Real=0.02s
[2756.181s][info ][safepoint      ] Safepoint "ParallelGCSystemGC", Time since last: 52401 ns, Reaching safepoint: 87302 ns, At safepoint: 24152373 ns, Total: 24239675 ns
[2757.181s][info ][safepoint      ] Safepoint "Cleanup", Time since last: 1000082513 ns, Reaching safepoint: 51701 ns, At safepoint: 5900 ns, Total: 57601 ns
[2758.181s][info ][safepoint      ] Safepoint "Cleanup", Time since last: 1000093913 ns, Reaching safepoint: 45301 ns, At safepoint: 3000 ns, Total: 48301 ns
[2759.181s][info ][safepoint      ] Safepoint "Cleanup", Time since last: 1000091412 ns, Reaching safepoint: 50401 ns, At safepoint: 4700 ns, Total: 55101 ns
[2760.182s][info ][safepoint      ] Safepoint "Cleanup", Time since last: 1000096113 ns, Reaching safepoint: 46101 ns, At safepoint: 5500 ns, Total: 51601 ns
[2761.182s][info ][safepoint      ] Safepoint "Cleanup", Time since last: 1000096012 ns, Reaching safepoint: 52001 ns, At safepoint: 3000 ns, Total: 55001 ns
[2762.182s][info ][safepoint      ] Safepoint "Cleanup", Time since last: 1000095412 ns, Reaching safepoint: 56902 ns, At safepoint: 2800 ns, Total: 59702 ns
[2765.182s][info ][safepoint      ] Safepoint "Cleanup", Time since last: 3000214035 ns, Reaching safepoint: 104302 ns, At safepoint: 9200 ns, Total: 113502 ns
[2765.862s][info ][gc,start       ] GC(277) Pause Young (Allocation Failure)
[2765.883s][debug][gc,phases      ] GC(277) Scavenge 21.746ms
[2765.883s][debug][gc,ref         ] GC(277) Skipped phase 1 of Reference Processing: no references
[2765.883s][debug][gc,ref         ] GC(277) ReferenceProcessor::execute queues: 1, RefProcThreadModel::Single, marks_oops_alive: false
[2765.884s][debug][gc,ref         ] GC(277) Skipped phase 3 of Reference Processing: no references
[2765.884s][debug][gc,ref         ] GC(277) ReferenceProcessor::execute queues: 1, RefProcThreadModel::Single, marks_oops_alive: false
[2765.884s][debug][gc,phases      ] GC(277) Reference Processing 0.139ms
[2765.884s][debug][gc,phases      ] GC(277)   VM Weak                        Min:  0.0, Avg:  0.0, Max:  0.0, Diff:  0.0, Sum:  0.0, Workers: 4
[2765.884s][debug][gc,phases      ] GC(277)     Dead                           Min: 0, Avg:  0.0, Max: 0, Diff: 0, Sum: 0, Workers: 4
[2765.884s][debug][gc,phases      ] GC(277)     Total                          Min: 0, Avg: 152.0, Max: 608, Diff: 608, Sum: 608, Workers: 4
[2765.884s][debug][gc,phases      ] GC(277)   ObjectSynchronizer Weak        Min:  0.0, Avg:  0.0, Max:  0.0, Diff:  0.0, Sum:  0.0, Workers: 4
[2765.884s][debug][gc,phases      ] GC(277)     Dead                           Min: 0, Avg:  0.0, Max: 0, Diff: 0, Sum: 0, Workers: 4
[2765.884s][debug][gc,phases      ] GC(277)     Total                          Min: 0, Avg: 105.8, Max: 192, Diff: 192, Sum: 423, Workers: 4
[2765.884s][debug][gc,phases      ] GC(277)   JVMTI Tag Weak OopStorage      Min:  0.0, Avg:  0.0, Max:  0.0, Diff:  0.0, Sum:  0.0, Workers: 4
[2765.884s][debug][gc,phases      ] GC(277)     Dead                           Min: 0, Avg:  0.0, Max: 0, Diff: 0, Sum: 0, Workers: 4
[2765.884s][debug][gc,phases      ] GC(277)     Total                          Min: 0, Avg:  0.0, Max: 0, Diff: 0, Sum: 0, Workers: 4
[2765.884s][debug][gc,phases      ] GC(277)   StringTable Weak               Min:  0.1, Avg:  0.1, Max:  0.1, Diff:  0.0, Sum:  0.5, Workers: 4
[2765.884s][debug][gc,phases      ] GC(277)     Dead                           Min: 0, Avg:  0.5, Max: 2, Diff: 2, Sum: 2, Workers: 4
[2765.884s][debug][gc,phases      ] GC(277)     Total                          Min: 11448, Avg: 12125.8, Max: 12928, Diff: 1480, Sum: 48503, Workers: 4
[2765.884s][debug][gc,phases      ] GC(277)   ResolvedMethodTable Weak       Min:  0.0, Avg:  0.0, Max:  0.0, Diff:  0.0, Sum:  0.1, Workers: 4
[2765.884s][debug][gc,phases      ] GC(277)     Dead                           Min: 0, Avg:  0.0, Max: 0, Diff: 0, Sum: 0, Workers: 4
[2765.884s][debug][gc,phases      ] GC(277)     Total                          Min: 1984, Avg: 2168.2, Max: 2368, Diff: 384, Sum: 8673, Workers: 4
[2765.884s][debug][gc,phases      ] GC(277)   JNI Weak                       Min:  0.0, Avg:  0.0, Max:  0.0, Diff:  0.0, Sum:  0.0, Workers: 4
[2765.884s][debug][gc,phases      ] GC(277)     Dead                           Min: 0, Avg:  0.0, Max: 0, Diff: 0, Sum: 0, Workers: 4
[2765.884s][debug][gc,phases      ] GC(277)     Total                          Min: 0, Avg:  0.0, Max: 0, Diff: 0, Sum: 0, Workers: 4
[2765.884s][debug][gc,phases      ] GC(277)   StringDedup Table Weak         Min:  0.0, Avg:  0.0, Max:  0.0, Diff:  0.0, Sum:  0.0, Workers: 4
[2765.884s][debug][gc,phases      ] GC(277)     Dead                           Min: 0, Avg:  0.0, Max: 0, Diff: 0, Sum: 0, Workers: 4
[2765.884s][debug][gc,phases      ] GC(277)     Total                          Min: 0, Avg:  0.0, Max: 0, Diff: 0, Sum: 0, Workers: 4
[2765.884s][debug][gc,phases      ] GC(277)   StringDedup Requests0 Weak     Min:  0.0, Avg:  0.0, Max:  0.0, Diff:  0.0, Sum:  0.0, Workers: 4
[2765.884s][debug][gc,phases      ] GC(277)     Dead                           Min: 0, Avg:  0.0, Max: 0, Diff: 0, Sum: 0, Workers: 4
[2765.884s][debug][gc,phases      ] GC(277)     Total                          Min: 0, Avg:  0.0, Max: 0, Diff: 0, Sum: 0, Workers: 4
[2765.884s][debug][gc,phases      ] GC(277)   StringDedup Requests1 Weak     Min:  0.0, Avg:  0.0, Max:  0.0, Diff:  0.0, Sum:  0.0, Workers: 4
[2765.884s][debug][gc,phases      ] GC(277)     Dead                           Min: 0, Avg:  0.0, Max: 0, Diff: 0, Sum: 0, Workers: 4
[2765.884s][debug][gc,phases      ] GC(277)     Total                          Min: 0, Avg:  0.0, Max: 0, Diff: 0, Sum: 0, Workers: 4
[2765.884s][debug][gc,phases      ] GC(277)   Weak JFR Old Object Samples    Min:  0.0, Avg:  0.0, Max:  0.0, Diff:  0.0, Sum:  0.0, Workers: 4
[2765.884s][debug][gc,phases      ] GC(277)     Dead                           Min: 0, Avg:  0.0, Max: 0, Diff: 0, Sum: 0, Workers: 4
[2765.884s][debug][gc,phases      ] GC(277)     Total                          Min: 0, Avg:  0.0, Max: 0, Diff: 0, Sum: 0, Workers: 4
[2765.884s][debug][gc,phases      ] GC(277) Weak Processing 0.352ms
[2765.884s][debug][gc,age         ] GC(277) Desired survivor size 275775488 bytes, new threshold 15 (max threshold 15)
[2765.884s][info ][gc,heap        ] GC(277) PSYoungGen: 1604678K(1814528K)->87914K(1801216K) Eden: 1518592K(1518592K)->0K(1518592K) From: 86086K(295936K)->87914K(282624K)
[2765.884s][info ][gc,heap        ] GC(277) ParOldGen: 513447K(707072K)->513447K(707072K)
[2765.884s][info ][gc,metaspace   ] GC(277) Metaspace: 84406K(85184K)->84406K(85184K) NonClass: 72678K(73088K)->72678K(73088K) Class: 11727K(12096K)->11727K(12096K)
[2765.884s][info ][gc             ] GC(277) Pause Young (Allocation Failure) 2068M->587M(2449M) 22.366ms
[2765.884s][info ][gc,cpu         ] GC(277) User=0.09s Sys=0.00s Real=0.03s
[2765.884s][info ][safepoint      ] Safepoint "ParallelGCFailedAllocation", Time since last: 679280921 ns, Reaching safepoint: 63201 ns, At safepoint: 22459740 ns, Total: 22522941 ns
[2766.884s][info ][safepoint      ] Safepoint "Cleanup", Time since last: 1000065111 ns, Reaching safepoint: 53802 ns, At safepoint: 5400 ns, Total: 59202 ns
[2767.884s][info ][safepoint      ] Safepoint "Cleanup", Time since last: 1000103512 ns, Reaching safepoint: 45400 ns, At safepoint: 5601 ns, Total: 51001 ns
[2768.884s][info ][safepoint      ] Safepoint "Cleanup", Time since last: 1000102411 ns, Reaching safepoint: 49601 ns, At safepoint: 5500 ns, Total: 55101 ns
[2769.885s][info ][safepoint      ] Safepoint "Cleanup", Time since last: 1000092012 ns, Reaching safepoint: 48301 ns, At safepoint: 3600 ns, Total: 51901 ns
[2770.885s][info ][safepoint      ] Safepoint "Cleanup", Time since last: 1000114112 ns, Reaching safepoint: 45901 ns, At safepoint: 3700 ns, Total: 49601 ns
[2771.885s][info ][safepoint      ] Safepoint "Cleanup", Time since last: 1000098811 ns, Reaching safepoint: 56801 ns, At safepoint: 5701 ns, Total: 62502 ns
[2772.885s][info ][safepoint      ] Safepoint "Cleanup", Time since last: 1000101411 ns, Reaching safepoint: 47801 ns, At safepoint: 3700 ns, Total: 51501 ns
[2775.885s][info ][safepoint      ] Safepoint "Cleanup", Time since last: 3000242132 ns, Reaching safepoint: 49801 ns, At safepoint: 6201 ns, Total: 56002 ns
[2776.885s][info ][safepoint      ] Safepoint "Cleanup", Time since last: 1000102911 ns, Reaching safepoint: 51201 ns, At safepoint: 3300 ns, Total: 54501 ns
[2777.886s][info ][safepoint      ] Safepoint "Cleanup", Time since last: 1000109111 ns, Reaching safepoint: 54301 ns, At safepoint: 6200 ns, Total: 60501 ns
[2778.886s][info ][safepoint      ] Safepoint "Cleanup", Time since last: 1000102911 ns, Reaching safepoint: 49701 ns, At safepoint: 4200 ns, Total: 53901 ns
[2779.756s][info ][gc,start       ] GC(278) Pause Young (Allocation Failure)
[2779.779s][debug][gc,phases      ] GC(278) Scavenge 22.996ms
[2779.779s][debug][gc,ref         ] GC(278) Skipped phase 1 of Reference Processing: no references
[2779.779s][debug][gc,ref         ] GC(278) ReferenceProcessor::execute queues: 1, RefProcThreadModel::Single, marks_oops_alive: false
[2779.779s][debug][gc,ref         ] GC(278) Skipped phase 3 of Reference Processing: no references
[2779.779s][debug][gc,ref         ] GC(278) ReferenceProcessor::execute queues: 1, RefProcThreadModel::Single, marks_oops_alive: false
[2779.779s][debug][gc,phases      ] GC(278) Reference Processing 0.115ms
[2779.780s][debug][gc,phases      ] GC(278)   VM Weak                        Min:  0.0, Avg:  0.0, Max:  0.0, Diff:  0.0, Sum:  0.0, Workers: 4
[2779.780s][debug][gc,phases      ] GC(278)     Dead                           Min: 0, Avg:  0.0, Max: 0, Diff: 0, Sum: 0, Workers: 4
[2779.780s][debug][gc,phases      ] GC(278)     Total                          Min: 0, Avg: 152.0, Max: 548, Diff: 548, Sum: 608, Workers: 4
[2779.780s][debug][gc,phases      ] GC(278)   ObjectSynchronizer Weak        Min:  0.0, Avg:  0.0, Max:  0.0, Diff:  0.0, Sum:  0.0, Workers: 4
[2779.780s][debug][gc,phases      ] GC(278)     Dead                           Min: 0, Avg:  0.0, Max: 0, Diff: 0, Sum: 0, Workers: 4
[2779.780s][debug][gc,phases      ] GC(278)     Total                          Min: 0, Avg: 105.8, Max: 256, Diff: 256, Sum: 423, Workers: 4
[2779.780s][debug][gc,phases      ] GC(278)   JVMTI Tag Weak OopStorage      Min:  0.0, Avg:  0.0, Max:  0.0, Diff:  0.0, Sum:  0.0, Workers: 4
[2779.780s][debug][gc,phases      ] GC(278)     Dead                           Min: 0, Avg:  0.0, Max: 0, Diff: 0, Sum: 0, Workers: 4
[2779.780s][debug][gc,phases      ] GC(278)     Total                          Min: 0, Avg:  0.0, Max: 0, Diff: 0, Sum: 0, Workers: 4
[2779.780s][debug][gc,phases      ] GC(278)   StringTable Weak               Min:  0.1, Avg:  0.1, Max:  0.1, Diff:  0.0, Sum:  0.5, Workers: 4
[2779.780s][debug][gc,phases      ] GC(278)     Dead                           Min: 0, Avg:  0.0, Max: 0, Diff: 0, Sum: 0, Workers: 4
[2779.780s][debug][gc,phases      ] GC(278)     Total                          Min: 10880, Avg: 12125.8, Max: 13440, Diff: 2560, Sum: 48503, Workers: 4
[2779.780s][debug][gc,phases      ] GC(278)   ResolvedMethodTable Weak       Min:  0.0, Avg:  0.0, Max:  0.0, Diff:  0.0, Sum:  0.1, Workers: 4
[2779.780s][debug][gc,phases      ] GC(278)     Dead                           Min: 0, Avg:  0.0, Max: 0, Diff: 0, Sum: 0, Workers: 4
[2779.780s][debug][gc,phases      ] GC(278)     Total                          Min: 2048, Avg: 2168.2, Max: 2240, Diff: 192, Sum: 8673, Workers: 4
[2779.780s][debug][gc,phases      ] GC(278)   JNI Weak                       Min:  0.0, Avg:  0.0, Max:  0.0, Diff:  0.0, Sum:  0.0, Workers: 4
[2779.780s][debug][gc,phases      ] GC(278)     Dead                           Min: 0, Avg:  0.0, Max: 0, Diff: 0, Sum: 0, Workers: 4
[2779.780s][debug][gc,phases      ] GC(278)     Total                          Min: 0, Avg:  0.0, Max: 0, Diff: 0, Sum: 0, Workers: 4
[2779.780s][debug][gc,phases      ] GC(278)   StringDedup Table Weak         Min:  0.0, Avg:  0.0, Max:  0.0, Diff:  0.0, Sum:  0.0, Workers: 4
[2779.780s][debug][gc,phases      ] GC(278)     Dead                           Min: 0, Avg:  0.0, Max: 0, Diff: 0, Sum: 0, Workers: 4
[2779.780s][debug][gc,phases      ] GC(278)     Total                          Min: 0, Avg:  0.0, Max: 0, Diff: 0, Sum: 0, Workers: 4
[2779.780s][debug][gc,phases      ] GC(278)   StringDedup Requests0 Weak     Min:  0.0, Avg:  0.0, Max:  0.0, Diff:  0.0, Sum:  0.0, Workers: 4
[2779.780s][debug][gc,phases      ] GC(278)     Dead                           Min: 0, Avg:  0.0, Max: 0, Diff: 0, Sum: 0, Workers: 4
[2779.780s][debug][gc,phases      ] GC(278)     Total                          Min: 0, Avg:  0.0, Max: 0, Diff: 0, Sum: 0, Workers: 4
[2779.780s][debug][gc,phases      ] GC(278)   StringDedup Requests1 Weak     Min:  0.0, Avg:  0.0, Max:  0.0, Diff:  0.0, Sum:  0.0, Workers: 4
[2779.780s][debug][gc,phases      ] GC(278)     Dead                           Min: 0, Avg:  0.0, Max: 0, Diff: 0, Sum: 0, Workers: 4
[2779.780s][debug][gc,phases      ] GC(278)     Total                          Min: 0, Avg:  0.0, Max: 0, Diff: 0, Sum: 0, Workers: 4
[2779.780s][debug][gc,phases      ] GC(278)   Weak JFR Old Object Samples    Min:  0.0, Avg:  0.0, Max:  0.0, Diff:  0.0, Sum:  0.0, Workers: 4
[2779.780s][debug][gc,phases      ] GC(278)     Dead                           Min: 0, Avg:  0.0, Max: 0, Diff: 0, Sum: 0, Workers: 4
[2779.780s][debug][gc,phases      ] GC(278)     Total                          Min: 0, Avg:  0.0, Max: 0, Diff: 0, Sum: 0, Workers: 4
[2779.780s][debug][gc,phases      ] GC(278) Weak Processing 0.340ms
[2779.780s][debug][gc,age         ] GC(278) Desired survivor size 262668288 bytes, new threshold 15 (max threshold 15)
[2779.780s][info ][gc,heap        ] GC(278) PSYoungGen: 1606506K(1801216K)->92194K(1840640K) Eden: 1518592K(1518592K)->0K(1571328K) From: 87914K(282624K)->92194K(269312K)
[2779.780s][info ][gc,heap        ] GC(278) ParOldGen: 513447K(707072K)->513447K(707072K)
[2779.780s][info ][gc,metaspace   ] GC(278) Metaspace: 84432K(85184K)->84432K(85184K) NonClass: 72704K(73088K)->72704K(73088K) Class: 11727K(12096K)->11727K(12096K)
[2779.780s][info ][gc             ] GC(278) Pause Young (Allocation Failure) 2070M->591M(2488M) 23.578ms
[2779.780s][info ][gc,cpu         ] GC(278) User=0.09s Sys=0.00s Real=0.02s
[2779.780s][info ][safepoint      ] Safepoint "ParallelGCFailedAllocation", Time since last: 870362367 ns, Reaching safepoint: 99402 ns, At safepoint: 23655564 ns, Total: 23754966 ns
[2780.780s][info ][safepoint      ] Safepoint "Cleanup", Time since last: 1000082910 ns, Reaching safepoint: 51901 ns, At safepoint: 6600 ns, Total: 58501 ns
[2781.780s][info ][safepoint      ] Safepoint "Cleanup", Time since last: 1000097111 ns, Reaching safepoint: 43700 ns, At safepoint: 4401 ns, Total: 48101 ns
[2783.780s][info ][safepoint      ] Safepoint "Cleanup", Time since last: 2000156320 ns, Reaching safepoint: 51201 ns, At safepoint: 9700 ns, Total: 60901 ns
[2786.781s][info ][safepoint      ] Safepoint "Cleanup", Time since last: 3000221129 ns, Reaching safepoint: 79501 ns, At safepoint: 6801 ns, Total: 86302 ns
[2787.781s][info ][safepoint      ] Safepoint "Cleanup", Time since last: 1000080609 ns, Reaching safepoint: 47401 ns, At safepoint: 2200 ns, Total: 49601 ns
[2788.781s][info ][safepoint      ] Safepoint "Cleanup", Time since last: 1000090010 ns, Reaching safepoint: 44701 ns, At safepoint: 2100 ns, Total: 46801 ns
[2789.781s][info ][safepoint      ] Safepoint "Cleanup", Time since last: 1000091710 ns, Reaching safepoint: 52001 ns, At safepoint: 5100 ns, Total: 57101 ns
[2790.781s][info ][safepoint      ] Safepoint "Cleanup", Time since last: 1000089109 ns, Reaching safepoint: 57602 ns, At safepoint: 5100 ns, Total: 62702 ns
[2791.561s][info ][gc,start       ] GC(279) Pause Young (Allocation Failure)
[2791.594s][debug][gc,phases      ] GC(279) Scavenge 33.712ms
[2791.594s][debug][gc,ref         ] GC(279) Skipped phase 1 of Reference Processing: no references
[2791.595s][debug][gc,ref         ] GC(279) ReferenceProcessor::execute queues: 1, RefProcThreadModel::Single, marks_oops_alive: false
[2791.595s][debug][gc,ref         ] GC(279) Skipped phase 3 of Reference Processing: no references
[2791.595s][debug][gc,ref         ] GC(279) ReferenceProcessor::execute queues: 1, RefProcThreadModel::Single, marks_oops_alive: false
[2791.595s][debug][gc,phases      ] GC(279) Reference Processing 0.134ms
[2791.595s][debug][gc,phases      ] GC(279)   VM Weak                        Min:  0.0, Avg:  0.0, Max:  0.0, Diff:  0.0, Sum:  0.0, Workers: 4
[2791.595s][debug][gc,phases      ] GC(279)     Dead                           Min: 0, Avg:  0.0, Max: 0, Diff: 0, Sum: 0, Workers: 4
[2791.595s][debug][gc,phases      ] GC(279)     Total                          Min: 0, Avg: 152.0, Max: 371, Diff: 371, Sum: 608, Workers: 4
[2791.595s][debug][gc,phases      ] GC(279)   ObjectSynchronizer Weak        Min:  0.0, Avg:  0.0, Max:  0.0, Diff:  0.0, Sum:  0.0, Workers: 4
[2791.595s][debug][gc,phases      ] GC(279)     Dead                           Min: 0, Avg:  0.0, Max: 0, Diff: 0, Sum: 0, Workers: 4
[2791.595s][debug][gc,phases      ] GC(279)     Total                          Min: 0, Avg: 105.8, Max: 192, Diff: 192, Sum: 423, Workers: 4
[2791.595s][debug][gc,phases      ] GC(279)   JVMTI Tag Weak OopStorage      Min:  0.0, Avg:  0.0, Max:  0.0, Diff:  0.0, Sum:  0.0, Workers: 4
[2791.595s][debug][gc,phases      ] GC(279)     Dead                           Min: 0, Avg:  0.0, Max: 0, Diff: 0, Sum: 0, Workers: 4
[2791.595s][debug][gc,phases      ] GC(279)     Total                          Min: 0, Avg:  0.0, Max: 0, Diff: 0, Sum: 0, Workers: 4
[2791.595s][debug][gc,phases      ] GC(279)   StringTable Weak               Min:  0.1, Avg:  0.1, Max:  0.1, Diff:  0.0, Sum:  0.5, Workers: 4
[2791.595s][debug][gc,phases      ] GC(279)     Dead                           Min: 0, Avg:  0.0, Max: 0, Diff: 0, Sum: 0, Workers: 4
[2791.595s][debug][gc,phases      ] GC(279)     Total                          Min: 11960, Avg: 12125.8, Max: 12287, Diff: 327, Sum: 48503, Workers: 4
[2791.595s][debug][gc,phases      ] GC(279)   ResolvedMethodTable Weak       Min:  0.0, Avg:  0.0, Max:  0.0, Diff:  0.0, Sum:  0.1, Workers: 4
[2791.595s][debug][gc,phases      ] GC(279)     Dead                           Min: 0, Avg:  0.0, Max: 0, Diff: 0, Sum: 0, Workers: 4
[2791.595s][debug][gc,phases      ] GC(279)     Total                          Min: 1856, Avg: 2168.2, Max: 2368, Diff: 512, Sum: 8673, Workers: 4
[2791.595s][debug][gc,phases      ] GC(279)   JNI Weak                       Min:  0.0, Avg:  0.0, Max:  0.0, Diff:  0.0, Sum:  0.0, Workers: 4
[2791.595s][debug][gc,phases      ] GC(279)     Dead                           Min: 0, Avg:  0.0, Max: 0, Diff: 0, Sum: 0, Workers: 4
[2791.595s][debug][gc,phases      ] GC(279)     Total                          Min: 0, Avg:  0.0, Max: 0, Diff: 0, Sum: 0, Workers: 4
[2791.595s][debug][gc,phases      ] GC(279)   StringDedup Table Weak         Min:  0.0, Avg:  0.0, Max:  0.0, Diff:  0.0, Sum:  0.0, Workers: 4
[2791.595s][debug][gc,phases      ] GC(279)     Dead                           Min: 0, Avg:  0.0, Max: 0, Diff: 0, Sum: 0, Workers: 4
[2791.595s][debug][gc,phases      ] GC(279)     Total                          Min: 0, Avg:  0.0, Max: 0, Diff: 0, Sum: 0, Workers: 4
[2791.595s][debug][gc,phases      ] GC(279)   StringDedup Requests0 Weak     Min:  0.0, Avg:  0.0, Max:  0.0, Diff:  0.0, Sum:  0.0, Workers: 4
[2791.595s][debug][gc,phases      ] GC(279)     Dead                           Min: 0, Avg:  0.0, Max: 0, Diff: 0, Sum: 0, Workers: 4
[2791.595s][debug][gc,phases      ] GC(279)     Total                          Min: 0, Avg:  0.0, Max: 0, Diff: 0, Sum: 0, Workers: 4
[2791.595s][debug][gc,phases      ] GC(279)   StringDedup Requests1 Weak     Min:  0.0, Avg:  0.0, Max:  0.0, Diff:  0.0, Sum:  0.0, Workers: 4
[2791.595s][debug][gc,phases      ] GC(279)     Dead                           Min: 0, Avg:  0.0, Max: 0, Diff: 0, Sum: 0, Workers: 4
[2791.595s][debug][gc,phases      ] GC(279)     Total                          Min: 0, Avg:  0.0, Max: 0, Diff: 0, Sum: 0, Workers: 4
[2791.595s][debug][gc,phases      ] GC(279)   Weak JFR Old Object Samples    Min:  0.0, Avg:  0.0, Max:  0.0, Diff:  0.0, Sum:  0.0, Workers: 4
[2791.595s][debug][gc,phases      ] GC(279)     Dead                           Min: 0, Avg:  0.0, Max: 0, Diff: 0, Sum: 0, Workers: 4
[2791.595s][debug][gc,phases      ] GC(279)     Total                          Min: 0, Avg:  0.0, Max: 0, Diff: 0, Sum: 0, Workers: 4
[2791.595s][debug][gc,phases      ] GC(279) Weak Processing 0.356ms
[2791.595s][debug][gc,age         ] GC(279) Desired survivor size 249561088 bytes, new threshold 15 (max threshold 15)
[2791.595s][info ][gc,heap        ] GC(279) PSYoungGen: 1663522K(1840640K)->113146K(1827840K) Eden: 1571328K(1571328K)->0K(1571328K) From: 92194K(269312K)->113146K(256512K)
[2791.595s][info ][gc,heap        ] GC(279) ParOldGen: 513447K(707072K)->513447K(707072K)
[2791.595s][info ][gc,metaspace   ] GC(279) Metaspace: 84450K(85248K)->84450K(85248K) NonClass: 72722K(73152K)->72722K(73152K) Class: 11727K(12096K)->11727K(12096K)
[2791.595s][info ][gc             ] GC(279) Pause Young (Allocation Failure) 2125M->611M(2475M) 34.340ms
[2791.595s][info ][gc,cpu         ] GC(279) User=0.14s Sys=0.00s Real=0.04s
[2791.595s][info ][safepoint      ] Safepoint "ParallelGCFailedAllocation", Time since last: 779155677 ns, Reaching safepoint: 131703 ns, At safepoint: 34436675 ns, Total: 34568378 ns
[2792.595s][info ][safepoint      ] Safepoint "Cleanup", Time since last: 1000088809 ns, Reaching safepoint: 163003 ns, At safepoint: 11001 ns, Total: 174004 ns
[2793.595s][info ][safepoint      ] Safepoint "Cleanup", Time since last: 1000097409 ns, Reaching safepoint: 66402 ns, At safepoint: 5500 ns, Total: 71902 ns
[2794.596s][info ][safepoint      ] Safepoint "Cleanup", Time since last: 1000098309 ns, Reaching safepoint: 37601 ns, At safepoint: 7600 ns, Total: 45201 ns
[2795.596s][info ][safepoint      ] Safepoint "Cleanup", Time since last: 1000111510 ns, Reaching safepoint: 58801 ns, At safepoint: 10800 ns, Total: 69601 ns
[2796.596s][info ][safepoint      ] Safepoint "Cleanup", Time since last: 1000119610 ns, Reaching safepoint: 55101 ns, At safepoint: 4500 ns, Total: 59601 ns
[2797.596s][info ][safepoint      ] Safepoint "Cleanup", Time since last: 1000080209 ns, Reaching safepoint: 58201 ns, At safepoint: 8200 ns, Total: 66401 ns
[2798.596s][info ][safepoint      ] Safepoint "Cleanup", Time since last: 1000114509 ns, Reaching safepoint: 48901 ns, At safepoint: 3300 ns, Total: 52201 ns
[2798.963s][info ][gc,start       ] GC(280) Pause Young (Allocation Failure)
[2798.999s][debug][gc,phases      ] GC(280) Scavenge 35.470ms
[2798.999s][debug][gc,ref         ] GC(280) Skipped phase 1 of Reference Processing: no references
[2798.999s][debug][gc,ref         ] GC(280) ReferenceProcessor::execute queues: 1, RefProcThreadModel::Single, marks_oops_alive: false
[2798.999s][debug][gc,ref         ] GC(280) Skipped phase 3 of Reference Processing: no references
[2798.999s][debug][gc,ref         ] GC(280) ReferenceProcessor::execute queues: 1, RefProcThreadModel::Single, marks_oops_alive: false
[2798.999s][debug][gc,phases      ] GC(280) Reference Processing 0.124ms
[2798.999s][debug][gc,phases      ] GC(280)   VM Weak                        Min:  0.0, Avg:  0.0, Max:  0.0, Diff:  0.0, Sum:  0.0, Workers: 4
[2798.999s][debug][gc,phases      ] GC(280)     Dead                           Min: 0, Avg:  0.0, Max: 0, Diff: 0, Sum: 0, Workers: 4
[2798.999s][debug][gc,phases      ] GC(280)     Total                          Min: 0, Avg: 152.0, Max: 425, Diff: 425, Sum: 608, Workers: 4
[2798.999s][debug][gc,phases      ] GC(280)   ObjectSynchronizer Weak        Min:  0.0, Avg:  0.0, Max:  0.0, Diff:  0.0, Sum:  0.0, Workers: 4
[2798.999s][debug][gc,phases      ] GC(280)     Dead                           Min: 0, Avg:  0.0, Max: 0, Diff: 0, Sum: 0, Workers: 4
[2798.999s][debug][gc,phases      ] GC(280)     Total                          Min: 0, Avg: 105.8, Max: 231, Diff: 231, Sum: 423, Workers: 4
[2798.999s][debug][gc,phases      ] GC(280)   JVMTI Tag Weak OopStorage      Min:  0.0, Avg:  0.0, Max:  0.0, Diff:  0.0, Sum:  0.0, Workers: 4
[2798.999s][debug][gc,phases      ] GC(280)     Dead                           Min: 0, Avg:  0.0, Max: 0, Diff: 0, Sum: 0, Workers: 4
[2798.999s][debug][gc,phases      ] GC(280)     Total                          Min: 0, Avg:  0.0, Max: 0, Diff: 0, Sum: 0, Workers: 4
[2798.999s][debug][gc,phases      ] GC(280)   StringTable Weak               Min:  0.1, Avg:  0.1, Max:  0.1, Diff:  0.0, Sum:  0.5, Workers: 4
[2798.999s][debug][gc,phases      ] GC(280)     Dead                           Min: 0, Avg:  0.0, Max: 0, Diff: 0, Sum: 0, Workers: 4
[2798.999s][debug][gc,phases      ] GC(280)     Total                          Min: 11520, Avg: 12126.2, Max: 12480, Diff: 960, Sum: 48505, Workers: 4
[2798.999s][debug][gc,phases      ] GC(280)   ResolvedMethodTable Weak       Min:  0.0, Avg:  0.0, Max:  0.0, Diff:  0.0, Sum:  0.1, Workers: 4
[2798.999s][debug][gc,phases      ] GC(280)     Dead                           Min: 0, Avg:  0.0, Max: 0, Diff: 0, Sum: 0, Workers: 4
[2798.999s][debug][gc,phases      ] GC(280)     Total                          Min: 1984, Avg: 2168.2, Max: 2337, Diff: 353, Sum: 8673, Workers: 4
[2798.999s][debug][gc,phases      ] GC(280)   JNI Weak                       Min:  0.0, Avg:  0.0, Max:  0.0, Diff:  0.0, Sum:  0.0, Workers: 4
[2798.999s][debug][gc,phases      ] GC(280)     Dead                           Min: 0, Avg:  0.0, Max: 0, Diff: 0, Sum: 0, Workers: 4
[2798.999s][debug][gc,phases      ] GC(280)     Total                          Min: 0, Avg:  0.0, Max: 0, Diff: 0, Sum: 0, Workers: 4
[2798.999s][debug][gc,phases      ] GC(280)   StringDedup Table Weak         Min:  0.0, Avg:  0.0, Max:  0.0, Diff:  0.0, Sum:  0.0, Workers: 4
[2798.999s][debug][gc,phases      ] GC(280)     Dead                           Min: 0, Avg:  0.0, Max: 0, Diff: 0, Sum: 0, Workers: 4
[2798.999s][debug][gc,phases      ] GC(280)     Total                          Min: 0, Avg:  0.0, Max: 0, Diff: 0, Sum: 0, Workers: 4
[2798.999s][debug][gc,phases      ] GC(280)   StringDedup Requests0 Weak     Min:  0.0, Avg:  0.0, Max:  0.0, Diff:  0.0, Sum:  0.0, Workers: 4
[2798.999s][debug][gc,phases      ] GC(280)     Dead                           Min: 0, Avg:  0.0, Max: 0, Diff: 0, Sum: 0, Workers: 4
[2798.999s][debug][gc,phases      ] GC(280)     Total                          Min: 0, Avg:  0.0, Max: 0, Diff: 0, Sum: 0, Workers: 4
[2798.999s][debug][gc,phases      ] GC(280)   StringDedup Requests1 Weak     Min:  0.0, Avg:  0.0, Max:  0.0, Diff:  0.0, Sum:  0.0, Workers: 4
[2798.999s][debug][gc,phases      ] GC(280)     Dead                           Min: 0, Avg:  0.0, Max: 0, Diff: 0, Sum: 0, Workers: 4
[2798.999s][debug][gc,phases      ] GC(280)     Total                          Min: 0, Avg:  0.0, Max: 0, Diff: 0, Sum: 0, Workers: 4
[2798.999s][debug][gc,phases      ] GC(280)   Weak JFR Old Object Samples    Min:  0.0, Avg:  0.0, Max:  0.0, Diff:  0.0, Sum:  0.0, Workers: 4
[2798.999s][debug][gc,phases      ] GC(280)     Dead                           Min: 0, Avg:  0.0, Max: 0, Diff: 0, Sum: 0, Workers: 4
[2798.999s][debug][gc,phases      ] GC(280)     Total                          Min: 0, Avg:  0.0, Max: 0, Diff: 0, Sum: 0, Workers: 4
[2798.999s][debug][gc,phases      ] GC(280) Weak Processing 0.341ms
[2798.999s][debug][gc,age         ] GC(280) Desired survivor size 250609664 bytes, new threshold 15 (max threshold 15)
[2798.999s][info ][gc,heap        ] GC(280) PSYoungGen: 1684474K(1827840K)->148144K(1851392K) Eden: 1571328K(1571328K)->0K(1607680K) From: 113146K(256512K)->148144K(243712K)
[2798.999s][info ][gc,heap        ] GC(280) ParOldGen: 513447K(707072K)->513447K(707072K)
[2798.999s][info ][gc,metaspace   ] GC(280) Metaspace: 84458K(85248K)->84458K(85248K) NonClass: 72730K(73152K)->72730K(73152K) Class: 11727K(12096K)->11727K(12096K)
[2798.999s][info ][gc             ] GC(280) Pause Young (Allocation Failure) 2146M->646M(2498M) 36.080ms
[2798.999s][info ][gc,cpu         ] GC(280) User=0.14s Sys=0.00s Real=0.03s
[2798.999s][info ][safepoint      ] Safepoint "ParallelGCFailedAllocation", Time since last: 366954195 ns, Reaching safepoint: 52301 ns, At safepoint: 36163909 ns, Total: 36216210 ns
[2800.000s][info ][safepoint      ] Safepoint "Cleanup", Time since last: 1000090609 ns, Reaching safepoint: 120902 ns, At safepoint: 8201 ns, Total: 129103 ns
[2801.000s][info ][safepoint      ] Safepoint "Cleanup", Time since last: 1000107609 ns, Reaching safepoint: 52301 ns, At safepoint: 8700 ns, Total: 61001 ns
[2802.000s][info ][safepoint      ] Safepoint "Cleanup", Time since last: 1000098809 ns, Reaching safepoint: 131402 ns, At safepoint: 10600 ns, Total: 142002 ns
[2803.000s][info ][safepoint      ] Safepoint "Cleanup", Time since last: 1000113109 ns, Reaching safepoint: 52401 ns, At safepoint: 7601 ns, Total: 60002 ns
[2804.000s][info ][safepoint      ] Safepoint "Cleanup", Time since last: 1000114608 ns, Reaching safepoint: 56602 ns, At safepoint: 7800 ns, Total: 64402 ns
[2809.001s][info ][safepoint      ] Safepoint "Cleanup", Time since last: 5000363339 ns, Reaching safepoint: 52801 ns, At safepoint: 4000 ns, Total: 56801 ns
[2817.001s][info ][safepoint      ] Safepoint "Cleanup", Time since last: 8000571258 ns, Reaching safepoint: 34301 ns, At safepoint: 3100 ns, Total: 37401 ns
[2818.002s][info ][safepoint      ] Safepoint "Cleanup", Time since last: 1000113008 ns, Reaching safepoint: 51801 ns, At safepoint: 6000 ns, Total: 57801 ns
[2819.002s][info ][safepoint      ] Safepoint "Cleanup", Time since last: 1000107807 ns, Reaching safepoint: 51501 ns, At safepoint: 3600 ns, Total: 55101 ns
[2821.002s][info ][safepoint      ] Safepoint "Cleanup", Time since last: 2000168614 ns, Reaching safepoint: 54001 ns, At safepoint: 3400 ns, Total: 57401 ns
[2827.002s][info ][safepoint      ] Safepoint "Cleanup", Time since last: 6000387038 ns, Reaching safepoint: 53801 ns, At safepoint: 5000 ns, Total: 58801 ns
[2829.003s][info ][safepoint      ] Safepoint "Cleanup", Time since last: 2000173112 ns, Reaching safepoint: 50501 ns, At safepoint: 8501 ns, Total: 59002 ns
[2830.003s][info ][safepoint      ] Safepoint "Cleanup", Time since last: 1000107506 ns, Reaching safepoint: 54401 ns, At safepoint: 7600 ns, Total: 62001 ns
[2833.003s][info ][safepoint      ] Safepoint "Cleanup", Time since last: 3000242218 ns, Reaching safepoint: 58801 ns, At safepoint: 5800 ns, Total: 64601 ns
[2833.902s][info ][gc,start       ] GC(281) Pause Young (Allocation Failure)
[2833.942s][debug][gc,phases      ] GC(281) Scavenge 40.041ms
[2833.942s][debug][gc,ref         ] GC(281) Skipped phase 1 of Reference Processing: no references
[2833.942s][debug][gc,ref         ] GC(281) ReferenceProcessor::execute queues: 1, RefProcThreadModel::Single, marks_oops_alive: false
[2833.942s][debug][gc,ref         ] GC(281) Skipped phase 3 of Reference Processing: no references
[2833.942s][debug][gc,ref         ] GC(281) ReferenceProcessor::execute queues: 1, RefProcThreadModel::Single, marks_oops_alive: false
[2833.942s][debug][gc,phases      ] GC(281) Reference Processing 0.129ms
[2833.943s][debug][gc,phases      ] GC(281)   VM Weak                        Min:  0.0, Avg:  0.0, Max:  0.0, Diff:  0.0, Sum:  0.0, Workers: 4
[2833.943s][debug][gc,phases      ] GC(281)     Dead                           Min: 0, Avg:  0.0, Max: 0, Diff: 0, Sum: 0, Workers: 4
[2833.943s][debug][gc,phases      ] GC(281)     Total                          Min: 0, Avg: 152.0, Max: 608, Diff: 608, Sum: 608, Workers: 4
[2833.943s][debug][gc,phases      ] GC(281)   ObjectSynchronizer Weak        Min:  0.0, Avg:  0.0, Max:  0.0, Diff:  0.0, Sum:  0.0, Workers: 4
[2833.943s][debug][gc,phases      ] GC(281)     Dead                           Min: 0, Avg:  0.0, Max: 0, Diff: 0, Sum: 0, Workers: 4
[2833.943s][debug][gc,phases      ] GC(281)     Total                          Min: 0, Avg: 105.8, Max: 384, Diff: 384, Sum: 423, Workers: 4
[2833.943s][debug][gc,phases      ] GC(281)   JVMTI Tag Weak OopStorage      Min:  0.0, Avg:  0.0, Max:  0.0, Diff:  0.0, Sum:  0.0, Workers: 4
[2833.943s][debug][gc,phases      ] GC(281)     Dead                           Min: 0, Avg:  0.0, Max: 0, Diff: 0, Sum: 0, Workers: 4
[2833.943s][debug][gc,phases      ] GC(281)     Total                          Min: 0, Avg:  0.0, Max: 0, Diff: 0, Sum: 0, Workers: 4
[2833.943s][debug][gc,phases      ] GC(281)   StringTable Weak               Min:  0.1, Avg:  0.1, Max:  0.1, Diff:  0.0, Sum:  0.5, Workers: 4
[2833.943s][debug][gc,phases      ] GC(281)     Dead                           Min: 0, Avg:  0.0, Max: 0, Diff: 0, Sum: 0, Workers: 4
[2833.943s][debug][gc,phases      ] GC(281)     Total                          Min: 11264, Avg: 12126.5, Max: 12736, Diff: 1472, Sum: 48506, Workers: 4
[2833.943s][debug][gc,phases      ] GC(281)   ResolvedMethodTable Weak       Min:  0.0, Avg:  0.0, Max:  0.0, Diff:  0.0, Sum:  0.1, Workers: 4
[2833.943s][debug][gc,phases      ] GC(281)     Dead                           Min: 0, Avg:  0.0, Max: 0, Diff: 0, Sum: 0, Workers: 4
[2833.943s][debug][gc,phases      ] GC(281)     Total                          Min: 1889, Avg: 2168.2, Max: 2304, Diff: 415, Sum: 8673, Workers: 4
[2833.943s][debug][gc,phases      ] GC(281)   JNI Weak                       Min:  0.0, Avg:  0.0, Max:  0.0, Diff:  0.0, Sum:  0.0, Workers: 4
[2833.943s][debug][gc,phases      ] GC(281)     Dead                           Min: 0, Avg:  0.0, Max: 0, Diff: 0, Sum: 0, Workers: 4
[2833.943s][debug][gc,phases      ] GC(281)     Total                          Min: 0, Avg:  0.0, Max: 0, Diff: 0, Sum: 0, Workers: 4
[2833.943s][debug][gc,phases      ] GC(281)   StringDedup Table Weak         Min:  0.0, Avg:  0.0, Max:  0.0, Diff:  0.0, Sum:  0.0, Workers: 4
[2833.943s][debug][gc,phases      ] GC(281)     Dead                           Min: 0, Avg:  0.0, Max: 0, Diff: 0, Sum: 0, Workers: 4
[2833.943s][debug][gc,phases      ] GC(281)     Total                          Min: 0, Avg:  0.0, Max: 0, Diff: 0, Sum: 0, Workers: 4
[2833.943s][debug][gc,phases      ] GC(281)   StringDedup Requests0 Weak     Min:  0.0, Avg:  0.0, Max:  0.0, Diff:  0.0, Sum:  0.0, Workers: 4
[2833.943s][debug][gc,phases      ] GC(281)     Dead                           Min: 0, Avg:  0.0, Max: 0, Diff: 0, Sum: 0, Workers: 4
[2833.943s][debug][gc,phases      ] GC(281)     Total                          Min: 0, Avg:  0.0, Max: 0, Diff: 0, Sum: 0, Workers: 4
[2833.943s][debug][gc,phases      ] GC(281)   StringDedup Requests1 Weak     Min:  0.0, Avg:  0.0, Max:  0.0, Diff:  0.0, Sum:  0.0, Workers: 4
[2833.943s][debug][gc,phases      ] GC(281)     Dead                           Min: 0, Avg:  0.0, Max: 0, Diff: 0, Sum: 0, Workers: 4
[2833.943s][debug][gc,phases      ] GC(281)     Total                          Min: 0, Avg:  0.0, Max: 0, Diff: 0, Sum: 0, Workers: 4
[2833.943s][debug][gc,phases      ] GC(281)   Weak JFR Old Object Samples    Min:  0.0, Avg:  0.0, Max:  0.0, Diff:  0.0, Sum:  0.0, Workers: 4
[2833.943s][debug][gc,phases      ] GC(281)     Dead                           Min: 0, Avg:  0.0, Max: 0, Diff: 0, Sum: 0, Workers: 4
[2833.943s][debug][gc,phases      ] GC(281)     Total                          Min: 0, Avg:  0.0, Max: 0, Diff: 0, Sum: 0, Workers: 4
[2833.943s][debug][gc,phases      ] GC(281) Weak Processing 0.341ms
[2833.943s][debug][gc,age         ] GC(281) Desired survivor size 260571136 bytes, new threshold 15 (max threshold 15)
[2833.943s][info ][gc,heap        ] GC(281) PSYoungGen: 1755824K(1851392K)->173842K(1781760K) Eden: 1607680K(1607680K)->0K(1607680K) From: 148144K(243712K)->173842K(174080K)
[2833.943s][info ][gc,heap        ] GC(281) ParOldGen: 513447K(707072K)->513447K(707072K)
[2833.943s][info ][gc,metaspace   ] GC(281) Metaspace: 84468K(85248K)->84468K(85248K) NonClass: 72740K(73152K)->72740K(73152K) Class: 11727K(12096K)->11727K(12096K)
[2833.943s][info ][gc             ] GC(281) Pause Young (Allocation Failure) 2216M->671M(2430M) 40.657ms
[2833.943s][info ][gc,cpu         ] GC(281) User=0.15s Sys=0.00s Real=0.05s
[2833.943s][info ][safepoint      ] Safepoint "ParallelGCFailedAllocation", Time since last: 898777220 ns, Reaching safepoint: 54301 ns, At safepoint: 40750399 ns, Total: 40804700 ns
[2834.943s][info ][safepoint      ] Safepoint "Cleanup", Time since last: 1000087906 ns, Reaching safepoint: 46301 ns, At safepoint: 3800 ns, Total: 50101 ns
[2835.943s][info ][safepoint      ] Safepoint "Cleanup", Time since last: 1000108806 ns, Reaching safepoint: 42001 ns, At safepoint: 2600 ns, Total: 44601 ns
[2841.944s][info ][safepoint      ] Safepoint "Cleanup", Time since last: 6000447231 ns, Reaching safepoint: 57101 ns, At safepoint: 20801 ns, Total: 77902 ns
[2842.944s][info ][safepoint      ] Safepoint "Cleanup", Time since last: 1000111605 ns, Reaching safepoint: 50201 ns, At safepoint: 7900 ns, Total: 58101 ns
[2844.944s][info ][safepoint      ] Safepoint "Cleanup", Time since last: 2000176511 ns, Reaching safepoint: 118202 ns, At safepoint: 7100 ns, Total: 125302 ns
[2845.944s][info ][safepoint      ] Safepoint "Cleanup", Time since last: 1000105305 ns, Reaching safepoint: 51601 ns, At safepoint: 8200 ns, Total: 59801 ns
[2846.944s][info ][safepoint      ] Safepoint "Cleanup", Time since last: 1000107806 ns, Reaching safepoint: 58901 ns, At safepoint: 3500 ns, Total: 62401 ns
[2847.945s][info ][safepoint      ] Safepoint "Cleanup", Time since last: 1000111305 ns, Reaching safepoint: 50801 ns, At safepoint: 6200 ns, Total: 57001 ns
[2849.945s][info ][safepoint      ] Safepoint "Cleanup", Time since last: 2000130409 ns, Reaching safepoint: 55501 ns, At safepoint: 5200 ns, Total: 60701 ns
[2852.945s][info ][safepoint      ] Safepoint "Cleanup", Time since last: 3000234713 ns, Reaching safepoint: 64801 ns, At safepoint: 3200 ns, Total: 68001 ns
[2853.945s][info ][safepoint      ] Safepoint "Cleanup", Time since last: 1000110005 ns, Reaching safepoint: 61001 ns, At safepoint: 3200 ns, Total: 64201 ns
[2861.946s][info ][safepoint      ] Safepoint "Cleanup", Time since last: 8000532628 ns, Reaching safepoint: 50001 ns, At safepoint: 2900 ns, Total: 52901 ns
[2863.946s][info ][safepoint      ] Safepoint "Cleanup", Time since last: 2000168007 ns, Reaching safepoint: 48801 ns, At safepoint: 3100 ns, Total: 51901 ns
[2864.946s][info ][safepoint      ] Safepoint "Cleanup", Time since last: 1000099804 ns, Reaching safepoint: 51401 ns, At safepoint: 3000 ns, Total: 54401 ns
[2866.946s][info ][safepoint      ] Safepoint "Cleanup", Time since last: 2000158606 ns, Reaching safepoint: 69602 ns, At safepoint: 6000 ns, Total: 75602 ns
[2867.947s][info ][safepoint      ] Safepoint "Cleanup", Time since last: 1000104904 ns, Reaching safepoint: 55001 ns, At safepoint: 3300 ns, Total: 58301 ns
[2872.411s][info ][safepoint      ] Safepoint "ParallelGCFailedAllocation", Time since last: 4463995000 ns, Reaching safepoint: 117502 ns, At safepoint: 19100 ns, Total: 136602 ns
[2872.411s][info ][gc,start       ] GC(282) Pause Young (GCLocker Initiated GC)
[2872.454s][debug][gc,phases      ] GC(282) Scavenge 42.931ms
[2872.454s][debug][gc,ref         ] GC(282) Skipped phase 1 of Reference Processing: no references
[2872.454s][debug][gc,ref         ] GC(282) ReferenceProcessor::execute queues: 1, RefProcThreadModel::Single, marks_oops_alive: false
[2872.454s][debug][gc,ref         ] GC(282) Skipped phase 3 of Reference Processing: no references
[2872.454s][debug][gc,ref         ] GC(282) ReferenceProcessor::execute queues: 1, RefProcThreadModel::Single, marks_oops_alive: false
[2872.454s][debug][gc,phases      ] GC(282) Reference Processing 0.139ms
[2872.454s][debug][gc,phases      ] GC(282)   VM Weak                        Min:  0.0, Avg:  0.0, Max:  0.0, Diff:  0.0, Sum:  0.0, Workers: 4
[2872.454s][debug][gc,phases      ] GC(282)     Dead                           Min: 0, Avg:  0.0, Max: 0, Diff: 0, Sum: 0, Workers: 4
[2872.454s][debug][gc,phases      ] GC(282)     Total                          Min: 0, Avg: 152.0, Max: 338, Diff: 338, Sum: 608, Workers: 4
[2872.454s][debug][gc,phases      ] GC(282)   ObjectSynchronizer Weak        Min:  0.0, Avg:  0.0, Max:  0.0, Diff:  0.0, Sum:  0.0, Workers: 4
[2872.454s][debug][gc,phases      ] GC(282)     Dead                           Min: 0, Avg:  0.0, Max: 0, Diff: 0, Sum: 0, Workers: 4
[2872.454s][debug][gc,phases      ] GC(282)     Total                          Min: 0, Avg: 105.8, Max: 167, Diff: 167, Sum: 423, Workers: 4
[2872.454s][debug][gc,phases      ] GC(282)   JVMTI Tag Weak OopStorage      Min:  0.0, Avg:  0.0, Max:  0.0, Diff:  0.0, Sum:  0.0, Workers: 4
[2872.454s][debug][gc,phases      ] GC(282)     Dead                           Min: 0, Avg:  0.0, Max: 0, Diff: 0, Sum: 0, Workers: 4
[2872.454s][debug][gc,phases      ] GC(282)     Total                          Min: 0, Avg:  0.0, Max: 0, Diff: 0, Sum: 0, Workers: 4
[2872.454s][debug][gc,phases      ] GC(282)   StringTable Weak               Min:  0.1, Avg:  0.1, Max:  0.1, Diff:  0.0, Sum:  0.5, Workers: 4
[2872.454s][debug][gc,phases      ] GC(282)     Dead                           Min: 0, Avg:  0.0, Max: 0, Diff: 0, Sum: 0, Workers: 4
[2872.454s][debug][gc,phases      ] GC(282)     Total                          Min: 10874, Avg: 12126.5, Max: 13376, Diff: 2502, Sum: 48506, Workers: 4
[2872.454s][debug][gc,phases      ] GC(282)   ResolvedMethodTable Weak       Min:  0.0, Avg:  0.0, Max:  0.0, Diff:  0.0, Sum:  0.1, Workers: 4
[2872.454s][debug][gc,phases      ] GC(282)     Dead                           Min: 0, Avg:  0.0, Max: 0, Diff: 0, Sum: 0, Workers: 4
[2872.454s][debug][gc,phases      ] GC(282)     Total                          Min: 1920, Avg: 2168.2, Max: 2304, Diff: 384, Sum: 8673, Workers: 4
[2872.454s][debug][gc,phases      ] GC(282)   JNI Weak                       Min:  0.0, Avg:  0.0, Max:  0.0, Diff:  0.0, Sum:  0.0, Workers: 4
[2872.454s][debug][gc,phases      ] GC(282)     Dead                           Min: 0, Avg:  0.0, Max: 0, Diff: 0, Sum: 0, Workers: 4
[2872.454s][debug][gc,phases      ] GC(282)     Total                          Min: 0, Avg:  0.0, Max: 0, Diff: 0, Sum: 0, Workers: 4
[2872.454s][debug][gc,phases      ] GC(282)   StringDedup Table Weak         Min:  0.0, Avg:  0.0, Max:  0.0, Diff:  0.0, Sum:  0.0, Workers: 4
[2872.454s][debug][gc,phases      ] GC(282)     Dead                           Min: 0, Avg:  0.0, Max: 0, Diff: 0, Sum: 0, Workers: 4
[2872.454s][debug][gc,phases      ] GC(282)     Total                          Min: 0, Avg:  0.0, Max: 0, Diff: 0, Sum: 0, Workers: 4
[2872.454s][debug][gc,phases      ] GC(282)   StringDedup Requests0 Weak     Min:  0.0, Avg:  0.0, Max:  0.0, Diff:  0.0, Sum:  0.0, Workers: 4
[2872.454s][debug][gc,phases      ] GC(282)     Dead                           Min: 0, Avg:  0.0, Max: 0, Diff: 0, Sum: 0, Workers: 4
[2872.454s][debug][gc,phases      ] GC(282)     Total                          Min: 0, Avg:  0.0, Max: 0, Diff: 0, Sum: 0, Workers: 4
[2872.454s][debug][gc,phases      ] GC(282)   StringDedup Requests1 Weak     Min:  0.0, Avg:  0.0, Max:  0.0, Diff:  0.0, Sum:  0.0, Workers: 4
[2872.454s][debug][gc,phases      ] GC(282)     Dead                           Min: 0, Avg:  0.0, Max: 0, Diff: 0, Sum: 0, Workers: 4
[2872.454s][debug][gc,phases      ] GC(282)     Total                          Min: 0, Avg:  0.0, Max: 0, Diff: 0, Sum: 0, Workers: 4
[2872.454s][debug][gc,phases      ] GC(282)   Weak JFR Old Object Samples    Min:  0.0, Avg:  0.0, Max:  0.0, Diff:  0.0, Sum:  0.0, Workers: 4
[2872.454s][debug][gc,phases      ] GC(282)     Dead                           Min: 0, Avg:  0.0, Max: 0, Diff: 0, Sum: 0, Workers: 4
[2872.454s][debug][gc,phases      ] GC(282)     Total                          Min: 0, Avg:  0.0, Max: 0, Diff: 0, Sum: 0, Workers: 4
[2872.454s][debug][gc,phases      ] GC(282) Weak Processing 0.366ms
[2872.454s][debug][gc,age         ] GC(282) Desired survivor size 271581184 bytes, new threshold 15 (max threshold 15)
[2872.454s][info ][gc,heap        ] GC(282) PSYoungGen: 1781522K(1781760K)->184046K(1821184K) Eden: 1607680K(1607680K)->0K(1566720K) From: 173842K(174080K)->184046K(254464K)
[2872.454s][info ][gc,heap        ] GC(282) ParOldGen: 513447K(707072K)->513447K(707072K)
[2872.454s][info ][gc,metaspace   ] GC(282) Metaspace: 84474K(85248K)->84474K(85248K) NonClass: 72746K(73152K)->72746K(73152K) Class: 11727K(12096K)->11727K(12096K)
[2872.454s][info ][gc             ] GC(282) Pause Young (GCLocker Initiated GC) 2241M->681M(2469M) 43.558ms
[2872.454s][info ][gc,cpu         ] GC(282) User=0.17s Sys=0.00s Real=0.04s
[2872.455s][info ][safepoint      ] Safepoint "ParallelGCSystemGC", Time since last: 71302 ns, Reaching safepoint: 88402 ns, At safepoint: 43635455 ns, Total: 43723857 ns
[2876.455s][info ][safepoint      ] Safepoint "Cleanup", Time since last: 4000324710 ns, Reaching safepoint: 115402 ns, At safepoint: 7901 ns, Total: 123303 ns
[2877.908s][info ][safepoint      ] Safepoint "Cleanup", Time since last: 1452836476 ns, Reaching safepoint: 277606 ns, At safepoint: 30100 ns, Total: 307706 ns
[2878.064s][info ][gc,start       ] GC(283) Pause Young (Allocation Failure)
[2878.110s][debug][gc,phases      ] GC(283) Scavenge 45.851ms
[2878.110s][debug][gc,ref         ] GC(283) Skipped phase 1 of Reference Processing: no references
[2878.110s][debug][gc,ref         ] GC(283) ReferenceProcessor::execute queues: 1, RefProcThreadModel::Single, marks_oops_alive: false
[2878.110s][debug][gc,ref         ] GC(283) Skipped phase 3 of Reference Processing: no references
[2878.110s][debug][gc,ref         ] GC(283) ReferenceProcessor::execute queues: 1, RefProcThreadModel::Single, marks_oops_alive: false
[2878.110s][debug][gc,phases      ] GC(283) Reference Processing 0.127ms
[2878.111s][debug][gc,phases      ] GC(283)   VM Weak                        Min:  0.0, Avg:  0.0, Max:  0.0, Diff:  0.0, Sum:  0.0, Workers: 4
[2878.111s][debug][gc,phases      ] GC(283)     Dead                           Min: 0, Avg:  0.0, Max: 0, Diff: 0, Sum: 0, Workers: 4
[2878.111s][debug][gc,phases      ] GC(283)     Total                          Min: 0, Avg: 152.0, Max: 548, Diff: 548, Sum: 608, Workers: 4
[2878.111s][debug][gc,phases      ] GC(283)   ObjectSynchronizer Weak        Min:  0.0, Avg:  0.0, Max:  0.0, Diff:  0.0, Sum:  0.0, Workers: 4
[2878.111s][debug][gc,phases      ] GC(283)     Dead                           Min: 0, Avg:  0.0, Max: 0, Diff: 0, Sum: 0, Workers: 4
[2878.111s][debug][gc,phases      ] GC(283)     Total                          Min: 39, Avg: 105.8, Max: 128, Diff: 89, Sum: 423, Workers: 4
[2878.111s][debug][gc,phases      ] GC(283)   JVMTI Tag Weak OopStorage      Min:  0.0, Avg:  0.0, Max:  0.0, Diff:  0.0, Sum:  0.0, Workers: 4
[2878.111s][debug][gc,phases      ] GC(283)     Dead                           Min: 0, Avg:  0.0, Max: 0, Diff: 0, Sum: 0, Workers: 4
[2878.111s][debug][gc,phases      ] GC(283)     Total                          Min: 0, Avg:  0.0, Max: 0, Diff: 0, Sum: 0, Workers: 4
[2878.111s][debug][gc,phases      ] GC(283)   StringTable Weak               Min:  0.1, Avg:  0.1, Max:  0.1, Diff:  0.0, Sum:  0.5, Workers: 4
[2878.111s][debug][gc,phases      ] GC(283)     Dead                           Min: 0, Avg:  0.0, Max: 0, Diff: 0, Sum: 0, Workers: 4
[2878.111s][debug][gc,phases      ] GC(283)     Total                          Min: 10240, Avg: 12128.8, Max: 14019, Diff: 3779, Sum: 48515, Workers: 4
[2878.111s][debug][gc,phases      ] GC(283)   ResolvedMethodTable Weak       Min:  0.0, Avg:  0.0, Max:  0.0, Diff:  0.0, Sum:  0.1, Workers: 4
[2878.111s][debug][gc,phases      ] GC(283)     Dead                           Min: 0, Avg:  0.0, Max: 0, Diff: 0, Sum: 0, Workers: 4
[2878.111s][debug][gc,phases      ] GC(283)     Total                          Min: 1856, Avg: 2168.2, Max: 2432, Diff: 576, Sum: 8673, Workers: 4
[2878.111s][debug][gc,phases      ] GC(283)   JNI Weak                       Min:  0.0, Avg:  0.0, Max:  0.0, Diff:  0.0, Sum:  0.0, Workers: 4
[2878.111s][debug][gc,phases      ] GC(283)     Dead                           Min: 0, Avg:  0.0, Max: 0, Diff: 0, Sum: 0, Workers: 4
[2878.111s][debug][gc,phases      ] GC(283)     Total                          Min: 0, Avg:  1.5, Max: 6, Diff: 6, Sum: 6, Workers: 4
[2878.111s][debug][gc,phases      ] GC(283)   StringDedup Table Weak         Min:  0.0, Avg:  0.0, Max:  0.0, Diff:  0.0, Sum:  0.0, Workers: 4
[2878.111s][debug][gc,phases      ] GC(283)     Dead                           Min: 0, Avg:  0.0, Max: 0, Diff: 0, Sum: 0, Workers: 4
[2878.111s][debug][gc,phases      ] GC(283)     Total                          Min: 0, Avg:  0.0, Max: 0, Diff: 0, Sum: 0, Workers: 4
[2878.111s][debug][gc,phases      ] GC(283)   StringDedup Requests0 Weak     Min:  0.0, Avg:  0.0, Max:  0.0, Diff:  0.0, Sum:  0.0, Workers: 4
[2878.111s][debug][gc,phases      ] GC(283)     Dead                           Min: 0, Avg:  0.0, Max: 0, Diff: 0, Sum: 0, Workers: 4
[2878.111s][debug][gc,phases      ] GC(283)     Total                          Min: 0, Avg:  0.0, Max: 0, Diff: 0, Sum: 0, Workers: 4
[2878.111s][debug][gc,phases      ] GC(283)   StringDedup Requests1 Weak     Min:  0.0, Avg:  0.0, Max:  0.0, Diff:  0.0, Sum:  0.0, Workers: 4
[2878.111s][debug][gc,phases      ] GC(283)     Dead                           Min: 0, Avg:  0.0, Max: 0, Diff: 0, Sum: 0, Workers: 4
[2878.111s][debug][gc,phases      ] GC(283)     Total                          Min: 0, Avg:  0.0, Max: 0, Diff: 0, Sum: 0, Workers: 4
[2878.111s][debug][gc,phases      ] GC(283)   Weak JFR Old Object Samples    Min:  0.0, Avg:  0.0, Max:  0.0, Diff:  0.0, Sum:  0.0, Workers: 4
[2878.111s][debug][gc,phases      ] GC(283)     Dead                           Min: 0, Avg:  0.0, Max: 0, Diff: 0, Sum: 0, Workers: 4
[2878.111s][debug][gc,phases      ] GC(283)     Total                          Min: 0, Avg:  0.0, Max: 0, Diff: 0, Sum: 0, Workers: 4
[2878.111s][debug][gc,phases      ] GC(283) Weak Processing 0.372ms
[2878.111s][debug][gc,age         ] GC(283) Desired survivor size 286785536 bytes, new threshold 15 (max threshold 15)
[2878.111s][info ][gc,heap        ] GC(283) PSYoungGen: 1750766K(1821184K)->203519K(1770496K) Eden: 1566720K(1566720K)->0K(1566720K) From: 184046K(254464K)->203519K(203776K)
[2878.111s][info ][gc,heap        ] GC(283) ParOldGen: 513465K(707072K)->513465K(707072K)
[2878.111s][info ][gc,metaspace   ] GC(283) Metaspace: 84491K(85248K)->84491K(85248K) NonClass: 72762K(73152K)->72762K(73152K) Class: 11729K(12096K)->11729K(12096K)
[2878.111s][info ][gc             ] GC(283) Pause Young (Allocation Failure) 2211M->700M(2419M) 46.488ms
[2878.111s][info ][gc,cpu         ] GC(283) User=0.21s Sys=0.00s Real=0.05s
[2878.111s][info ][safepoint      ] Safepoint "ParallelGCFailedAllocation", Time since last: 156110860 ns, Reaching safepoint: 129603 ns, At safepoint: 46593413 ns, Total: 46723016 ns
[2879.111s][info ][safepoint      ] Safepoint "Cleanup", Time since last: 1000096003 ns, Reaching safepoint: 175003 ns, At safepoint: 29401 ns, Total: 204404 ns
[2880.111s][info ][safepoint      ] Safepoint "Cleanup", Time since last: 1000112002 ns, Reaching safepoint: 52601 ns, At safepoint: 8701 ns, Total: 61302 ns
[2885.960s][info ][gc,start       ] GC(284) Pause Young (Allocation Failure)
[2886.008s][debug][gc,phases      ] GC(284) Scavenge 47.901ms
[2886.008s][debug][gc,ref         ] GC(284) Skipped phase 1 of Reference Processing: no references
[2886.008s][debug][gc,ref         ] GC(284) ReferenceProcessor::execute queues: 1, RefProcThreadModel::Single, marks_oops_alive: false
[2886.008s][debug][gc,ref         ] GC(284) Skipped phase 3 of Reference Processing: no references
[2886.008s][debug][gc,ref         ] GC(284) ReferenceProcessor::execute queues: 1, RefProcThreadModel::Single, marks_oops_alive: false
[2886.008s][debug][gc,phases      ] GC(284) Reference Processing 0.133ms
[2886.009s][debug][gc,phases      ] GC(284)   VM Weak                        Min:  0.0, Avg:  0.0, Max:  0.0, Diff:  0.0, Sum:  0.0, Workers: 4
[2886.009s][debug][gc,phases      ] GC(284)     Dead                           Min: 0, Avg:  0.0, Max: 0, Diff: 0, Sum: 0, Workers: 4
[2886.009s][debug][gc,phases      ] GC(284)     Total                          Min: 0, Avg: 152.0, Max: 494, Diff: 494, Sum: 608, Workers: 4
[2886.009s][debug][gc,phases      ] GC(284)   ObjectSynchronizer Weak        Min:  0.0, Avg:  0.0, Max:  0.0, Diff:  0.0, Sum:  0.0, Workers: 4
[2886.009s][debug][gc,phases      ] GC(284)     Dead                           Min: 0, Avg:  0.0, Max: 0, Diff: 0, Sum: 0, Workers: 4
[2886.009s][debug][gc,phases      ] GC(284)     Total                          Min: 0, Avg: 105.8, Max: 256, Diff: 256, Sum: 423, Workers: 4
[2886.009s][debug][gc,phases      ] GC(284)   JVMTI Tag Weak OopStorage      Min:  0.0, Avg:  0.0, Max:  0.0, Diff:  0.0, Sum:  0.0, Workers: 4
[2886.009s][debug][gc,phases      ] GC(284)     Dead                           Min: 0, Avg:  0.0, Max: 0, Diff: 0, Sum: 0, Workers: 4
[2886.009s][debug][gc,phases      ] GC(284)     Total                          Min: 0, Avg:  0.0, Max: 0, Diff: 0, Sum: 0, Workers: 4
[2886.009s][debug][gc,phases      ] GC(284)   StringTable Weak               Min:  0.1, Avg:  0.1, Max:  0.1, Diff:  0.0, Sum:  0.5, Workers: 4
[2886.009s][debug][gc,phases      ] GC(284)     Dead                           Min: 0, Avg:  0.0, Max: 0, Diff: 0, Sum: 0, Workers: 4
[2886.009s][debug][gc,phases      ] GC(284)     Total                          Min: 11904, Avg: 12129.2, Max: 12357, Diff: 453, Sum: 48517, Workers: 4
[2886.009s][debug][gc,phases      ] GC(284)   ResolvedMethodTable Weak       Min:  0.0, Avg:  0.0, Max:  0.0, Diff:  0.0, Sum:  0.1, Workers: 4
[2886.009s][debug][gc,phases      ] GC(284)     Dead                           Min: 0, Avg:  0.0, Max: 0, Diff: 0, Sum: 0, Workers: 4
[2886.009s][debug][gc,phases      ] GC(284)     Total                          Min: 2112, Avg: 2168.2, Max: 2209, Diff: 97, Sum: 8673, Workers: 4
[2886.009s][debug][gc,phases      ] GC(284)   JNI Weak                       Min:  0.0, Avg:  0.0, Max:  0.0, Diff:  0.0, Sum:  0.0, Workers: 4
[2886.009s][debug][gc,phases      ] GC(284)     Dead                           Min: 0, Avg:  0.0, Max: 0, Diff: 0, Sum: 0, Workers: 4
[2886.009s][debug][gc,phases      ] GC(284)     Total                          Min: 0, Avg:  0.0, Max: 0, Diff: 0, Sum: 0, Workers: 4
[2886.009s][debug][gc,phases      ] GC(284)   StringDedup Table Weak         Min:  0.0, Avg:  0.0, Max:  0.0, Diff:  0.0, Sum:  0.0, Workers: 4
[2886.009s][debug][gc,phases      ] GC(284)     Dead                           Min: 0, Avg:  0.0, Max: 0, Diff: 0, Sum: 0, Workers: 4
[2886.009s][debug][gc,phases      ] GC(284)     Total                          Min: 0, Avg:  0.0, Max: 0, Diff: 0, Sum: 0, Workers: 4
[2886.009s][debug][gc,phases      ] GC(284)   StringDedup Requests0 Weak     Min:  0.0, Avg:  0.0, Max:  0.0, Diff:  0.0, Sum:  0.0, Workers: 4
[2886.009s][debug][gc,phases      ] GC(284)     Dead                           Min: 0, Avg:  0.0, Max: 0, Diff: 0, Sum: 0, Workers: 4
[2886.009s][debug][gc,phases      ] GC(284)     Total                          Min: 0, Avg:  0.0, Max: 0, Diff: 0, Sum: 0, Workers: 4
[2886.009s][debug][gc,phases      ] GC(284)   StringDedup Requests1 Weak     Min:  0.0, Avg:  0.0, Max:  0.0, Diff:  0.0, Sum:  0.0, Workers: 4
[2886.009s][debug][gc,phases      ] GC(284)     Dead                           Min: 0, Avg:  0.0, Max: 0, Diff: 0, Sum: 0, Workers: 4
[2886.009s][debug][gc,phases      ] GC(284)     Total                          Min: 0, Avg:  0.0, Max: 0, Diff: 0, Sum: 0, Workers: 4
[2886.009s][debug][gc,phases      ] GC(284)   Weak JFR Old Object Samples    Min:  0.0, Avg:  0.0, Max:  0.0, Diff:  0.0, Sum:  0.0, Workers: 4
[2886.009s][debug][gc,phases      ] GC(284)     Dead                           Min: 0, Avg:  0.0, Max: 0, Diff: 0, Sum: 0, Workers: 4
[2886.009s][debug][gc,phases      ] GC(284)     Total                          Min: 0, Avg:  0.0, Max: 0, Diff: 0, Sum: 0, Workers: 4
[2886.009s][debug][gc,phases      ] GC(284) Weak Processing 0.348ms
[2886.009s][debug][gc,age         ] GC(284) Desired survivor size 303562752 bytes, new threshold 15 (max threshold 15)
[2886.009s][info ][gc,heap        ] GC(284) PSYoungGen: 1770239K(1770496K)->216438K(1784320K) Eden: 1566720K(1566720K)->0K(1504256K) From: 203519K(203776K)->216438K(280064K)
[2886.009s][info ][gc,heap        ] GC(284) ParOldGen: 513465K(707072K)->513465K(707072K)
[2886.009s][info ][gc,metaspace   ] GC(284) Metaspace: 84504K(85248K)->84504K(85248K) NonClass: 72775K(73152K)->72775K(73152K) Class: 11729K(12096K)->11729K(12096K)
[2886.009s][info ][gc             ] GC(284) Pause Young (Allocation Failure) 2230M->712M(2433M) 48.521ms
[2886.009s][info ][gc,cpu         ] GC(284) User=0.19s Sys=0.00s Real=0.05s
[2886.009s][info ][safepoint      ] Safepoint "ParallelGCFailedAllocation", Time since last: 5848786138 ns, Reaching safepoint: 40001 ns, At safepoint: 48612152 ns, Total: 48652153 ns
[2890.009s][info ][safepoint      ] Safepoint "Cleanup", Time since last: 4000290406 ns, Reaching safepoint: 115702 ns, At safepoint: 9000 ns, Total: 124702 ns
[2893.010s][info ][safepoint      ] Safepoint "Cleanup", Time since last: 3000275805 ns, Reaching safepoint: 55101 ns, At safepoint: 10300 ns, Total: 65401 ns
[2896.010s][info ][safepoint      ] Safepoint "Cleanup", Time since last: 3000246004 ns, Reaching safepoint: 50601 ns, At safepoint: 4200 ns, Total: 54801 ns
[2899.010s][info ][safepoint      ] Safepoint "Cleanup", Time since last: 3000240102 ns, Reaching safepoint: 43901 ns, At safepoint: 3200 ns, Total: 47101 ns
[2901.010s][info ][safepoint      ] Safepoint "Cleanup", Time since last: 2000174202 ns, Reaching safepoint: 118402 ns, At safepoint: 9700 ns, Total: 128102 ns
[2903.011s][info ][safepoint      ] Safepoint "Cleanup", Time since last: 2000161301 ns, Reaching safepoint: 43701 ns, At safepoint: 3600 ns, Total: 47301 ns
[2904.011s][info ][safepoint      ] Safepoint "Cleanup", Time since last: 1000117802 ns, Reaching safepoint: 109902 ns, At safepoint: 8000 ns, Total: 117902 ns
[2905.011s][info ][safepoint      ] Safepoint "Cleanup", Time since last: 1000090500 ns, Reaching safepoint: 59402 ns, At safepoint: 8500 ns, Total: 67902 ns
[2907.011s][info ][safepoint      ] Safepoint "Cleanup", Time since last: 2000179801 ns, Reaching safepoint: 125202 ns, At safepoint: 20900 ns, Total: 146102 ns
[2917.012s][info ][safepoint      ] Safepoint "Cleanup", Time since last: 10000734998 ns, Reaching safepoint: 50701 ns, At safepoint: 3000 ns, Total: 53701 ns
[2919.012s][info ][safepoint      ] Safepoint "Cleanup", Time since last: 2000156898 ns, Reaching safepoint: 48401 ns, At safepoint: 12101 ns, Total: 60502 ns
[2922.013s][info ][safepoint      ] Safepoint "Cleanup", Time since last: 3000290398 ns, Reaching safepoint: 60301 ns, At safepoint: 8701 ns, Total: 69002 ns
[2923.668s][info ][gc,start       ] GC(285) Pause Young (Allocation Failure)
[2923.714s][debug][gc,phases      ] GC(285) Scavenge 45.128ms
[2923.714s][debug][gc,ref         ] GC(285) Skipped phase 1 of Reference Processing: no references
[2923.714s][debug][gc,ref         ] GC(285) ReferenceProcessor::execute queues: 1, RefProcThreadModel::Single, marks_oops_alive: false
[2923.714s][debug][gc,ref         ] GC(285) Skipped phase 3 of Reference Processing: no references
[2923.714s][debug][gc,ref         ] GC(285) ReferenceProcessor::execute queues: 1, RefProcThreadModel::Single, marks_oops_alive: false
[2923.714s][debug][gc,phases      ] GC(285) Reference Processing 0.134ms
[2923.714s][debug][gc,phases      ] GC(285)   VM Weak                        Min:  0.0, Avg:  0.0, Max:  0.0, Diff:  0.0, Sum:  0.0, Workers: 4
[2923.714s][debug][gc,phases      ] GC(285)     Dead                           Min: 0, Avg:  0.0, Max: 0, Diff: 0, Sum: 0, Workers: 4
[2923.714s][debug][gc,phases      ] GC(285)     Total                          Min: 0, Avg: 152.0, Max: 548, Diff: 548, Sum: 608, Workers: 4
[2923.714s][debug][gc,phases      ] GC(285)   ObjectSynchronizer Weak        Min:  0.0, Avg:  0.0, Max:  0.0, Diff:  0.0, Sum:  0.0, Workers: 4
[2923.714s][debug][gc,phases      ] GC(285)     Dead                           Min: 0, Avg:  0.0, Max: 0, Diff: 0, Sum: 0, Workers: 4
[2923.714s][debug][gc,phases      ] GC(285)     Total                          Min: 0, Avg: 105.8, Max: 167, Diff: 167, Sum: 423, Workers: 4
[2923.714s][debug][gc,phases      ] GC(285)   JVMTI Tag Weak OopStorage      Min:  0.0, Avg:  0.0, Max:  0.0, Diff:  0.0, Sum:  0.0, Workers: 4
[2923.714s][debug][gc,phases      ] GC(285)     Dead                           Min: 0, Avg:  0.0, Max: 0, Diff: 0, Sum: 0, Workers: 4
[2923.714s][debug][gc,phases      ] GC(285)     Total                          Min: 0, Avg:  0.0, Max: 0, Diff: 0, Sum: 0, Workers: 4
[2923.714s][debug][gc,phases      ] GC(285)   StringTable Weak               Min:  0.1, Avg:  0.1, Max:  0.1, Diff:  0.0, Sum:  0.5, Workers: 4
[2923.714s][debug][gc,phases      ] GC(285)     Dead                           Min: 0, Avg:  0.0, Max: 0, Diff: 0, Sum: 0, Workers: 4
[2923.714s][debug][gc,phases      ] GC(285)     Total                          Min: 11328, Avg: 12129.5, Max: 12864, Diff: 1536, Sum: 48518, Workers: 4
[2923.714s][debug][gc,phases      ] GC(285)   ResolvedMethodTable Weak       Min:  0.0, Avg:  0.0, Max:  0.0, Diff:  0.0, Sum:  0.1, Workers: 4
[2923.714s][debug][gc,phases      ] GC(285)     Dead                           Min: 0, Avg:  0.0, Max: 0, Diff: 0, Sum: 0, Workers: 4
[2923.714s][debug][gc,phases      ] GC(285)     Total                          Min: 2048, Avg: 2168.8, Max: 2240, Diff: 192, Sum: 8675, Workers: 4
[2923.714s][debug][gc,phases      ] GC(285)   JNI Weak                       Min:  0.0, Avg:  0.0, Max:  0.0, Diff:  0.0, Sum:  0.0, Workers: 4
[2923.714s][debug][gc,phases      ] GC(285)     Dead                           Min: 0, Avg:  0.0, Max: 0, Diff: 0, Sum: 0, Workers: 4
[2923.714s][debug][gc,phases      ] GC(285)     Total                          Min: 0, Avg:  0.0, Max: 0, Diff: 0, Sum: 0, Workers: 4
[2923.714s][debug][gc,phases      ] GC(285)   StringDedup Table Weak         Min:  0.0, Avg:  0.0, Max:  0.0, Diff:  0.0, Sum:  0.0, Workers: 4
[2923.714s][debug][gc,phases      ] GC(285)     Dead                           Min: 0, Avg:  0.0, Max: 0, Diff: 0, Sum: 0, Workers: 4
[2923.714s][debug][gc,phases      ] GC(285)     Total                          Min: 0, Avg:  0.0, Max: 0, Diff: 0, Sum: 0, Workers: 4
[2923.714s][debug][gc,phases      ] GC(285)   StringDedup Requests0 Weak     Min:  0.0, Avg:  0.0, Max:  0.0, Diff:  0.0, Sum:  0.0, Workers: 4
[2923.714s][debug][gc,phases      ] GC(285)     Dead                           Min: 0, Avg:  0.0, Max: 0, Diff: 0, Sum: 0, Workers: 4
[2923.714s][debug][gc,phases      ] GC(285)     Total                          Min: 0, Avg:  0.0, Max: 0, Diff: 0, Sum: 0, Workers: 4
[2923.714s][debug][gc,phases      ] GC(285)   StringDedup Requests1 Weak     Min:  0.0, Avg:  0.0, Max:  0.0, Diff:  0.0, Sum:  0.0, Workers: 4
[2923.714s][debug][gc,phases      ] GC(285)     Dead                           Min: 0, Avg:  0.0, Max: 0, Diff: 0, Sum: 0, Workers: 4
[2923.714s][debug][gc,phases      ] GC(285)     Total                          Min: 0, Avg:  0.0, Max: 0, Diff: 0, Sum: 0, Workers: 4
[2923.714s][debug][gc,phases      ] GC(285)   Weak JFR Old Object Samples    Min:  0.0, Avg:  0.0, Max:  0.0, Diff:  0.0, Sum:  0.0, Workers: 4
[2923.714s][debug][gc,phases      ] GC(285)     Dead                           Min: 0, Avg:  0.0, Max: 0, Diff: 0, Sum: 0, Workers: 4
[2923.714s][debug][gc,phases      ] GC(285)     Total                          Min: 0, Avg:  0.0, Max: 0, Diff: 0, Sum: 0, Workers: 4
[2923.714s][debug][gc,phases      ] GC(285) Weak Processing 0.382ms
[2923.714s][debug][gc,age         ] GC(285) Desired survivor size 310378496 bytes, new threshold 15 (max threshold 15)
[2923.714s][info ][gc,heap        ] GC(285) PSYoungGen: 1720694K(1784320K)->200270K(1704960K) Eden: 1504256K(1504256K)->0K(1504256K) From: 216438K(280064K)->200270K(200704K)
[2923.714s][info ][gc,heap        ] GC(285) ParOldGen: 513465K(707072K)->531891K(707072K)
[2923.714s][info ][gc,metaspace   ] GC(285) Metaspace: 84516K(85312K)->84516K(85312K) NonClass: 72787K(73216K)->72787K(73216K) Class: 11729K(12096K)->11729K(12096K)
[2923.714s][info ][gc             ] GC(285) Pause Young (Allocation Failure) 2181M->715M(2355M) 45.796ms
[2923.714s][info ][gc,cpu         ] GC(285) User=0.18s Sys=0.00s Real=0.05s
[2923.714s][info ][safepoint      ] Safepoint "ParallelGCFailedAllocation", Time since last: 1655547844 ns, Reaching safepoint: 34301 ns, At safepoint: 45894099 ns, Total: 45928400 ns
[2932.715s][info ][safepoint      ] Safepoint "Cleanup", Time since last: 9000708189 ns, Reaching safepoint: 62201 ns, At safepoint: 3700 ns, Total: 65901 ns
[2937.715s][info ][safepoint      ] Safepoint "Cleanup", Time since last: 5000327390 ns, Reaching safepoint: 56201 ns, At safepoint: 3000 ns, Total: 59201 ns
[2940.716s][info ][safepoint      ] Safepoint "Cleanup", Time since last: 3000258794 ns, Reaching safepoint: 51201 ns, At safepoint: 8501 ns, Total: 59702 ns
[2947.716s][info ][safepoint      ] Safepoint "Cleanup", Time since last: 7000556783 ns, Reaching safepoint: 56401 ns, At safepoint: 4400 ns, Total: 60801 ns
[2957.717s][info ][safepoint      ] Safepoint "Cleanup", Time since last: 10000797371 ns, Reaching safepoint: 53501 ns, At safepoint: 9301 ns, Total: 62802 ns
[2961.718s][info ][safepoint      ] Safepoint "Cleanup", Time since last: 4000340487 ns, Reaching safepoint: 66201 ns, At safepoint: 5100 ns, Total: 71301 ns
[2974.719s][info ][safepoint      ] Safepoint "Cleanup", Time since last: 13001003149 ns, Reaching safepoint: 37601 ns, At safepoint: 4100 ns, Total: 41701 ns
[2979.017s][info ][gc,start       ] GC(286) Pause Young (Allocation Failure)
[2979.066s][debug][gc,phases      ] GC(286) Scavenge 48.994ms
[2979.066s][debug][gc,ref         ] GC(286) Skipped phase 1 of Reference Processing: no references
[2979.066s][debug][gc,ref         ] GC(286) ReferenceProcessor::execute queues: 1, RefProcThreadModel::Single, marks_oops_alive: false
[2979.066s][debug][gc,ref         ] GC(286) Skipped phase 3 of Reference Processing: no references
[2979.066s][debug][gc,ref         ] GC(286) ReferenceProcessor::execute queues: 1, RefProcThreadModel::Single, marks_oops_alive: false
[2979.066s][debug][gc,phases      ] GC(286) Reference Processing 0.135ms
[2979.066s][debug][gc,phases      ] GC(286)   VM Weak                        Min:  0.0, Avg:  0.0, Max:  0.0, Diff:  0.0, Sum:  0.0, Workers: 4
[2979.066s][debug][gc,phases      ] GC(286)     Dead                           Min: 0, Avg:  0.0, Max: 0, Diff: 0, Sum: 0, Workers: 4
[2979.066s][debug][gc,phases      ] GC(286)     Total                          Min: 0, Avg: 152.0, Max: 608, Diff: 608, Sum: 608, Workers: 4
[2979.066s][debug][gc,phases      ] GC(286)   ObjectSynchronizer Weak        Min:  0.0, Avg:  0.0, Max:  0.0, Diff:  0.0, Sum:  0.0, Workers: 4
[2979.066s][debug][gc,phases      ] GC(286)     Dead                           Min: 0, Avg:  0.0, Max: 0, Diff: 0, Sum: 0, Workers: 4
[2979.066s][debug][gc,phases      ] GC(286)     Total                          Min: 0, Avg: 105.8, Max: 423, Diff: 423, Sum: 423, Workers: 4
[2979.066s][debug][gc,phases      ] GC(286)   JVMTI Tag Weak OopStorage      Min:  0.0, Avg:  0.0, Max:  0.0, Diff:  0.0, Sum:  0.0, Workers: 4
[2979.066s][debug][gc,phases      ] GC(286)     Dead                           Min: 0, Avg:  0.0, Max: 0, Diff: 0, Sum: 0, Workers: 4
[2979.066s][debug][gc,phases      ] GC(286)     Total                          Min: 0, Avg:  0.0, Max: 0, Diff: 0, Sum: 0, Workers: 4
[2979.066s][debug][gc,phases      ] GC(286)   StringTable Weak               Min:  0.1, Avg:  0.1, Max:  0.1, Diff:  0.0, Sum:  0.5, Workers: 4
[2979.066s][debug][gc,phases      ] GC(286)     Dead                           Min: 0, Avg:  0.0, Max: 0, Diff: 0, Sum: 0, Workers: 4
[2979.066s][debug][gc,phases      ] GC(286)     Total                          Min: 10703, Avg: 12131.8, Max: 13632, Diff: 2929, Sum: 48527, Workers: 4
[2979.066s][debug][gc,phases      ] GC(286)   ResolvedMethodTable Weak       Min:  0.0, Avg:  0.0, Max:  0.0, Diff:  0.0, Sum:  0.1, Workers: 4
[2979.066s][debug][gc,phases      ] GC(286)     Dead                           Min: 0, Avg:  0.0, Max: 0, Diff: 0, Sum: 0, Workers: 4
[2979.066s][debug][gc,phases      ] GC(286)     Total                          Min: 1920, Avg: 2168.8, Max: 2368, Diff: 448, Sum: 8675, Workers: 4
[2979.066s][debug][gc,phases      ] GC(286)   JNI Weak                       Min:  0.0, Avg:  0.0, Max:  0.0, Diff:  0.0, Sum:  0.0, Workers: 4
[2979.066s][debug][gc,phases      ] GC(286)     Dead                           Min: 0, Avg:  0.0, Max: 0, Diff: 0, Sum: 0, Workers: 4
[2979.066s][debug][gc,phases      ] GC(286)     Total                          Min: 0, Avg:  0.0, Max: 0, Diff: 0, Sum: 0, Workers: 4
[2979.066s][debug][gc,phases      ] GC(286)   StringDedup Table Weak         Min:  0.0, Avg:  0.0, Max:  0.0, Diff:  0.0, Sum:  0.0, Workers: 4
[2979.066s][debug][gc,phases      ] GC(286)     Dead                           Min: 0, Avg:  0.0, Max: 0, Diff: 0, Sum: 0, Workers: 4
[2979.066s][debug][gc,phases      ] GC(286)     Total                          Min: 0, Avg:  0.0, Max: 0, Diff: 0, Sum: 0, Workers: 4
[2979.066s][debug][gc,phases      ] GC(286)   StringDedup Requests0 Weak     Min:  0.0, Avg:  0.0, Max:  0.0, Diff:  0.0, Sum:  0.0, Workers: 4
[2979.066s][debug][gc,phases      ] GC(286)     Dead                           Min: 0, Avg:  0.0, Max: 0, Diff: 0, Sum: 0, Workers: 4
[2979.066s][debug][gc,phases      ] GC(286)     Total                          Min: 0, Avg:  0.0, Max: 0, Diff: 0, Sum: 0, Workers: 4
[2979.066s][debug][gc,phases      ] GC(286)   StringDedup Requests1 Weak     Min:  0.0, Avg:  0.0, Max:  0.0, Diff:  0.0, Sum:  0.0, Workers: 4
[2979.066s][debug][gc,phases      ] GC(286)     Dead                           Min: 0, Avg:  0.0, Max: 0, Diff: 0, Sum: 0, Workers: 4
[2979.066s][debug][gc,phases      ] GC(286)     Total                          Min: 0, Avg:  0.0, Max: 0, Diff: 0, Sum: 0, Workers: 4
[2979.066s][debug][gc,phases      ] GC(286)   Weak JFR Old Object Samples    Min:  0.0, Avg:  0.0, Max:  0.0, Diff:  0.0, Sum:  0.0, Workers: 4
[2979.066s][debug][gc,phases      ] GC(286)     Dead                           Min: 0, Avg:  0.0, Max: 0, Diff: 0, Sum: 0, Workers: 4
[2979.066s][debug][gc,phases      ] GC(286)     Total                          Min: 0, Avg:  0.0, Max: 0, Diff: 0, Sum: 0, Workers: 4
[2979.066s][debug][gc,phases      ] GC(286) Weak Processing 0.383ms
[2979.066s][debug][gc,age         ] GC(286) Desired survivor size 310378496 bytes, new threshold 15 (max threshold 15)
[2979.066s][info ][gc,heap        ] GC(286) PSYoungGen: 1704526K(1704960K)->189556K(1794048K) Eden: 1504256K(1504256K)->0K(1490944K) From: 200270K(200704K)->189556K(303104K)
[2979.066s][info ][gc,heap        ] GC(286) ParOldGen: 531891K(707072K)->542606K(707072K)
[2979.066s][info ][gc,metaspace   ] GC(286) Metaspace: 84518K(85312K)->84518K(85312K) NonClass: 72788K(73216K)->72788K(73216K) Class: 11729K(12096K)->11729K(12096K)
[2979.066s][info ][gc             ] GC(286) Pause Young (Allocation Failure) 2184M->715M(2442M) 49.673ms
[2979.066s][info ][gc,cpu         ] GC(286) User=0.20s Sys=0.00s Real=0.05s
[2979.066s][info ][safepoint      ] Safepoint "ParallelGCFailedAllocation", Time since last: 4297781811 ns, Reaching safepoint: 128902 ns, At safepoint: 49765775 ns, Total: 49894677 ns
[2996.068s][info ][safepoint      ] Safepoint "Cleanup", Time since last: 17001193211 ns, Reaching safepoint: 63501 ns, At safepoint: 8501 ns, Total: 72002 ns
[3004.068s][info ][safepoint      ] Safepoint "Cleanup", Time since last: 8000673454 ns, Reaching safepoint: 73201 ns, At safepoint: 13901 ns, Total: 87102 ns
[3005.069s][info ][safepoint      ] Safepoint "Cleanup", Time since last: 1000119994 ns, Reaching safepoint: 55501 ns, At safepoint: 4801 ns, Total: 60302 ns
[3006.069s][info ][safepoint      ] Safepoint "Cleanup", Time since last: 1000108794 ns, Reaching safepoint: 59001 ns, At safepoint: 16601 ns, Total: 75602 ns
[3012.069s][info ][safepoint      ] Safepoint "Cleanup", Time since last: 6000470861 ns, Reaching safepoint: 65902 ns, At safepoint: 4900 ns, Total: 70802 ns
[3019.070s][info ][safepoint      ] Safepoint "Cleanup", Time since last: 7000547953 ns, Reaching safepoint: 52301 ns, At safepoint: 5800 ns, Total: 58101 ns
[3034.808s][info ][gc,start       ] GC(287) Pause Young (Allocation Failure)
[3034.844s][debug][gc,phases      ] GC(287) Scavenge 36.661ms
[3034.845s][debug][gc,ref         ] GC(287) Skipped phase 1 of Reference Processing: no references
[3034.845s][debug][gc,ref         ] GC(287) ReferenceProcessor::execute queues: 1, RefProcThreadModel::Single, marks_oops_alive: false
[3034.845s][debug][gc,ref         ] GC(287) Skipped phase 3 of Reference Processing: no references
[3034.845s][debug][gc,ref         ] GC(287) ReferenceProcessor::execute queues: 1, RefProcThreadModel::Single, marks_oops_alive: false
[3034.845s][debug][gc,phases      ] GC(287) Reference Processing 0.134ms
[3034.845s][debug][gc,phases      ] GC(287)   VM Weak                        Min:  0.0, Avg:  0.0, Max:  0.0, Diff:  0.0, Sum:  0.0, Workers: 4
[3034.845s][debug][gc,phases      ] GC(287)     Dead                           Min: 0, Avg:  0.0, Max: 0, Diff: 0, Sum: 0, Workers: 4
[3034.845s][debug][gc,phases      ] GC(287)     Total                          Min: 0, Avg: 152.0, Max: 434, Diff: 434, Sum: 608, Workers: 4
[3034.845s][debug][gc,phases      ] GC(287)   ObjectSynchronizer Weak        Min:  0.0, Avg:  0.0, Max:  0.0, Diff:  0.0, Sum:  0.0, Workers: 4
[3034.845s][debug][gc,phases      ] GC(287)     Dead                           Min: 0, Avg:  0.0, Max: 0, Diff: 0, Sum: 0, Workers: 4
[3034.845s][debug][gc,phases      ] GC(287)     Total                          Min: 0, Avg: 105.8, Max: 256, Diff: 256, Sum: 423, Workers: 4
[3034.845s][debug][gc,phases      ] GC(287)   JVMTI Tag Weak OopStorage      Min:  0.0, Avg:  0.0, Max:  0.0, Diff:  0.0, Sum:  0.0, Workers: 4
[3034.845s][debug][gc,phases      ] GC(287)     Dead                           Min: 0, Avg:  0.0, Max: 0, Diff: 0, Sum: 0, Workers: 4
[3034.845s][debug][gc,phases      ] GC(287)     Total                          Min: 0, Avg:  0.0, Max: 0, Diff: 0, Sum: 0, Workers: 4
[3034.845s][debug][gc,phases      ] GC(287)   StringTable Weak               Min:  0.1, Avg:  0.1, Max:  0.1, Diff:  0.0, Sum:  0.5, Workers: 4
[3034.845s][debug][gc,phases      ] GC(287)     Dead                           Min: 0, Avg:  0.0, Max: 0, Diff: 0, Sum: 0, Workers: 4
[3034.845s][debug][gc,phases      ] GC(287)     Total                          Min: 11328, Avg: 12133.2, Max: 12672, Diff: 1344, Sum: 48533, Workers: 4
[3034.845s][debug][gc,phases      ] GC(287)   ResolvedMethodTable Weak       Min:  0.0, Avg:  0.0, Max:  0.0, Diff:  0.0, Sum:  0.1, Workers: 4
[3034.845s][debug][gc,phases      ] GC(287)     Dead                           Min: 0, Avg:  0.0, Max: 0, Diff: 0, Sum: 0, Workers: 4
[3034.845s][debug][gc,phases      ] GC(287)     Total                          Min: 1984, Avg: 2168.8, Max: 2432, Diff: 448, Sum: 8675, Workers: 4
[3034.845s][debug][gc,phases      ] GC(287)   JNI Weak                       Min:  0.0, Avg:  0.0, Max:  0.0, Diff:  0.0, Sum:  0.0, Workers: 4
[3034.845s][debug][gc,phases      ] GC(287)     Dead                           Min: 0, Avg:  0.0, Max: 0, Diff: 0, Sum: 0, Workers: 4
[3034.845s][debug][gc,phases      ] GC(287)     Total                          Min: 0, Avg:  0.0, Max: 0, Diff: 0, Sum: 0, Workers: 4
[3034.845s][debug][gc,phases      ] GC(287)   StringDedup Table Weak         Min:  0.0, Avg:  0.0, Max:  0.0, Diff:  0.0, Sum:  0.0, Workers: 4
[3034.845s][debug][gc,phases      ] GC(287)     Dead                           Min: 0, Avg:  0.0, Max: 0, Diff: 0, Sum: 0, Workers: 4
[3034.845s][debug][gc,phases      ] GC(287)     Total                          Min: 0, Avg:  0.0, Max: 0, Diff: 0, Sum: 0, Workers: 4
[3034.845s][debug][gc,phases      ] GC(287)   StringDedup Requests0 Weak     Min:  0.0, Avg:  0.0, Max:  0.0, Diff:  0.0, Sum:  0.0, Workers: 4
[3034.845s][debug][gc,phases      ] GC(287)     Dead                           Min: 0, Avg:  0.0, Max: 0, Diff: 0, Sum: 0, Workers: 4
[3034.845s][debug][gc,phases      ] GC(287)     Total                          Min: 0, Avg:  0.0, Max: 0, Diff: 0, Sum: 0, Workers: 4
[3034.845s][debug][gc,phases      ] GC(287)   StringDedup Requests1 Weak     Min:  0.0, Avg:  0.0, Max:  0.0, Diff:  0.0, Sum:  0.0, Workers: 4
[3034.845s][debug][gc,phases      ] GC(287)     Dead                           Min: 0, Avg:  0.0, Max: 0, Diff: 0, Sum: 0, Workers: 4
[3034.845s][debug][gc,phases      ] GC(287)     Total                          Min: 0, Avg:  0.0, Max: 0, Diff: 0, Sum: 0, Workers: 4
[3034.845s][debug][gc,phases      ] GC(287)   Weak JFR Old Object Samples    Min:  0.0, Avg:  0.0, Max:  0.0, Diff:  0.0, Sum:  0.0, Workers: 4
[3034.845s][debug][gc,phases      ] GC(287)     Dead                           Min: 0, Avg:  0.0, Max: 0, Diff: 0, Sum: 0, Workers: 4
[3034.845s][debug][gc,phases      ] GC(287)     Total                          Min: 0, Avg:  0.0, Max: 0, Diff: 0, Sum: 0, Workers: 4
[3034.845s][debug][gc,phases      ] GC(287) Weak Processing 0.329ms
[3034.845s][debug][gc,age         ] GC(287) Desired survivor size 305135616 bytes, new threshold 15 (max threshold 15)
[3034.845s][info ][gc,heap        ] GC(287) PSYoungGen: 1680500K(1794048K)->178403K(1794048K) Eden: 1490944K(1490944K)->0K(1490944K) From: 189556K(303104K)->178403K(303104K)
[3034.845s][info ][gc,heap        ] GC(287) ParOldGen: 542606K(707072K)->554060K(707072K)
[3034.845s][info ][gc,metaspace   ] GC(287) Metaspace: 84518K(85312K)->84518K(85312K) NonClass: 72788K(73216K)->72788K(73216K) Class: 11729K(12096K)->11729K(12096K)
[3034.845s][info ][gc             ] GC(287) Pause Young (Allocation Failure) 2171M->715M(2442M) 37.281ms
[3034.845s][info ][gc,cpu         ] GC(287) User=0.15s Sys=0.00s Real=0.04s
[3034.845s][info ][safepoint      ] Safepoint "ParallelGCFailedAllocation", Time since last: 15737740320 ns, Reaching safepoint: 43501 ns, At safepoint: 37397932 ns, Total: 37441433 ns
[3040.846s][info ][safepoint      ] Safepoint "Cleanup", Time since last: 6000447652 ns, Reaching safepoint: 44901 ns, At safepoint: 3300 ns, Total: 48201 ns
[3054.847s][info ][safepoint      ] Safepoint "Cleanup", Time since last: 14000924578 ns, Reaching safepoint: 49001 ns, At safepoint: 4900 ns, Total: 53901 ns
[3058.847s][info ][safepoint      ] Safepoint "Cleanup", Time since last: 4000297863 ns, Reaching safepoint: 62102 ns, At safepoint: 6800 ns, Total: 68902 ns
[3063.847s][info ][safepoint      ] Safepoint "Cleanup", Time since last: 5000331753 ns, Reaching safepoint: 52601 ns, At safepoint: 6200 ns, Total: 58801 ns
[3074.848s][info ][safepoint      ] Safepoint "Cleanup", Time since last: 11000715291 ns, Reaching safepoint: 53001 ns, At safepoint: 5000 ns, Total: 58001 ns
[3078.848s][info ][safepoint      ] Safepoint "Cleanup", Time since last: 4000286260 ns, Reaching safepoint: 53001 ns, At safepoint: 4600 ns, Total: 57601 ns
[3085.210s][info ][gc,start       ] GC(288) Pause Young (Allocation Failure)
[3085.247s][debug][gc,phases      ] GC(288) Scavenge 36.921ms
[3085.247s][debug][gc,ref         ] GC(288) Skipped phase 1 of Reference Processing: no references
[3085.247s][debug][gc,ref         ] GC(288) ReferenceProcessor::execute queues: 1, RefProcThreadModel::Single, marks_oops_alive: false
[3085.247s][debug][gc,ref         ] GC(288) Skipped phase 3 of Reference Processing: no references
[3085.247s][debug][gc,ref         ] GC(288) ReferenceProcessor::execute queues: 1, RefProcThreadModel::Single, marks_oops_alive: false
[3085.247s][debug][gc,phases      ] GC(288) Reference Processing 0.136ms
[3085.247s][debug][gc,phases      ] GC(288)   VM Weak                        Min:  0.0, Avg:  0.0, Max:  0.0, Diff:  0.0, Sum:  0.0, Workers: 4
[3085.247s][debug][gc,phases      ] GC(288)     Dead                           Min: 0, Avg:  0.0, Max: 0, Diff: 0, Sum: 0, Workers: 4
[3085.247s][debug][gc,phases      ] GC(288)     Total                          Min: 0, Avg: 152.0, Max: 608, Diff: 608, Sum: 608, Workers: 4
[3085.247s][debug][gc,phases      ] GC(288)   ObjectSynchronizer Weak        Min:  0.0, Avg:  0.0, Max:  0.0, Diff:  0.0, Sum:  0.0, Workers: 4
[3085.247s][debug][gc,phases      ] GC(288)     Dead                           Min: 0, Avg:  0.0, Max: 0, Diff: 0, Sum: 0, Workers: 4
[3085.247s][debug][gc,phases      ] GC(288)     Total                          Min: 0, Avg: 105.8, Max: 231, Diff: 231, Sum: 423, Workers: 4
[3085.247s][debug][gc,phases      ] GC(288)   JVMTI Tag Weak OopStorage      Min:  0.0, Avg:  0.0, Max:  0.0, Diff:  0.0, Sum:  0.0, Workers: 4
[3085.247s][debug][gc,phases      ] GC(288)     Dead                           Min: 0, Avg:  0.0, Max: 0, Diff: 0, Sum: 0, Workers: 4
[3085.247s][debug][gc,phases      ] GC(288)     Total                          Min: 0, Avg:  0.0, Max: 0, Diff: 0, Sum: 0, Workers: 4
[3085.247s][debug][gc,phases      ] GC(288)   StringTable Weak               Min:  0.1, Avg:  0.1, Max:  0.1, Diff:  0.0, Sum:  0.4, Workers: 4
[3085.247s][debug][gc,phases      ] GC(288)     Dead                           Min: 0, Avg:  0.0, Max: 0, Diff: 0, Sum: 0, Workers: 4
[3085.247s][debug][gc,phases      ] GC(288)     Total                          Min: 11648, Avg: 12133.8, Max: 12672, Diff: 1024, Sum: 48535, Workers: 4
[3085.247s][debug][gc,phases      ] GC(288)   ResolvedMethodTable Weak       Min:  0.0, Avg:  0.0, Max:  0.0, Diff:  0.0, Sum:  0.1, Workers: 4
[3085.247s][debug][gc,phases      ] GC(288)     Dead                           Min: 0, Avg:  0.0, Max: 0, Diff: 0, Sum: 0, Workers: 4
[3085.247s][debug][gc,phases      ] GC(288)     Total                          Min: 2048, Avg: 2168.8, Max: 2240, Diff: 192, Sum: 8675, Workers: 4
[3085.247s][debug][gc,phases      ] GC(288)   JNI Weak                       Min:  0.0, Avg:  0.0, Max:  0.0, Diff:  0.0, Sum:  0.0, Workers: 4
[3085.247s][debug][gc,phases      ] GC(288)     Dead                           Min: 0, Avg:  0.0, Max: 0, Diff: 0, Sum: 0, Workers: 4
[3085.247s][debug][gc,phases      ] GC(288)     Total                          Min: 0, Avg:  0.0, Max: 0, Diff: 0, Sum: 0, Workers: 4
[3085.247s][debug][gc,phases      ] GC(288)   StringDedup Table Weak         Min:  0.0, Avg:  0.0, Max:  0.0, Diff:  0.0, Sum:  0.0, Workers: 4
[3085.247s][debug][gc,phases      ] GC(288)     Dead                           Min: 0, Avg:  0.0, Max: 0, Diff: 0, Sum: 0, Workers: 4
[3085.247s][debug][gc,phases      ] GC(288)     Total                          Min: 0, Avg:  0.0, Max: 0, Diff: 0, Sum: 0, Workers: 4
[3085.247s][debug][gc,phases      ] GC(288)   StringDedup Requests0 Weak     Min:  0.0, Avg:  0.0, Max:  0.0, Diff:  0.0, Sum:  0.0, Workers: 4
[3085.247s][debug][gc,phases      ] GC(288)     Dead                           Min: 0, Avg:  0.0, Max: 0, Diff: 0, Sum: 0, Workers: 4
[3085.247s][debug][gc,phases      ] GC(288)     Total                          Min: 0, Avg:  0.0, Max: 0, Diff: 0, Sum: 0, Workers: 4
[3085.247s][debug][gc,phases      ] GC(288)   StringDedup Requests1 Weak     Min:  0.0, Avg:  0.0, Max:  0.0, Diff:  0.0, Sum:  0.0, Workers: 4
[3085.247s][debug][gc,phases      ] GC(288)     Dead                           Min: 0, Avg:  0.0, Max: 0, Diff: 0, Sum: 0, Workers: 4
[3085.247s][debug][gc,phases      ] GC(288)     Total                          Min: 0, Avg:  0.0, Max: 0, Diff: 0, Sum: 0, Workers: 4
[3085.247s][debug][gc,phases      ] GC(288)   Weak JFR Old Object Samples    Min:  0.0, Avg:  0.0, Max:  0.0, Diff:  0.0, Sum:  0.0, Workers: 4
[3085.247s][debug][gc,phases      ] GC(288)     Dead                           Min: 0, Avg:  0.0, Max: 0, Diff: 0, Sum: 0, Workers: 4
[3085.247s][debug][gc,phases      ] GC(288)     Total                          Min: 0, Avg:  0.0, Max: 0, Diff: 0, Sum: 0, Workers: 4
[3085.247s][debug][gc,phases      ] GC(288) Weak Processing 0.352ms
[3085.247s][debug][gc,age         ] GC(288) Desired survivor size 297271296 bytes, new threshold 15 (max threshold 15)
[3085.247s][info ][gc,heap        ] GC(288) PSYoungGen: 1669347K(1794048K)->172066K(1806848K) Eden: 1490944K(1490944K)->0K(1508864K) From: 178403K(303104K)->172066K(297984K)
[3085.247s][info ][gc,heap        ] GC(288) ParOldGen: 554060K(707072K)->560642K(707072K)
[3085.247s][info ][gc,metaspace   ] GC(288) Metaspace: 84543K(85312K)->84543K(85312K) NonClass: 72813K(73216K)->72813K(73216K) Class: 11729K(12096K)->11729K(12096K)
[3085.247s][info ][gc             ] GC(288) Pause Young (Allocation Failure) 2171M->715M(2455M) 37.545ms
[3085.247s][info ][gc,cpu         ] GC(288) User=0.15s Sys=0.01s Real=0.04s
[3085.247s][info ][safepoint      ] Safepoint "ParallelGCFailedAllocation", Time since last: 6361223105 ns, Reaching safepoint: 28300 ns, At safepoint: 37660338 ns, Total: 37688638 ns
[3111.249s][info ][safepoint      ] Safepoint "Cleanup", Time since last: 26001683906 ns, Reaching safepoint: 55901 ns, At safepoint: 4300 ns, Total: 60201 ns
[3126.250s][info ][safepoint      ] Safepoint "Cleanup", Time since last: 15000962815 ns, Reaching safepoint: 67302 ns, At safepoint: 8700 ns, Total: 76002 ns
[3137.141s][info ][safepoint      ] Safepoint "ParallelGCFailedAllocation", Time since last: 10890597701 ns, Reaching safepoint: 125003 ns, At safepoint: 18700 ns, Total: 143703 ns
[3137.141s][info ][gc,start       ] GC(289) Pause Young (GCLocker Initiated GC)
[3137.176s][debug][gc,phases      ] GC(289) Scavenge 35.242ms
[3137.176s][debug][gc,ref         ] GC(289) Skipped phase 1 of Reference Processing: no references
[3137.176s][debug][gc,ref         ] GC(289) ReferenceProcessor::execute queues: 1, RefProcThreadModel::Single, marks_oops_alive: false
[3137.176s][debug][gc,ref         ] GC(289) Skipped phase 3 of Reference Processing: no references
[3137.176s][debug][gc,ref         ] GC(289) ReferenceProcessor::execute queues: 1, RefProcThreadModel::Single, marks_oops_alive: false
[3137.176s][debug][gc,phases      ] GC(289) Reference Processing 0.133ms
[3137.177s][debug][gc,phases      ] GC(289)   VM Weak                        Min:  0.0, Avg:  0.0, Max:  0.0, Diff:  0.0, Sum:  0.0, Workers: 4
[3137.177s][debug][gc,phases      ] GC(289)     Dead                           Min: 0, Avg:  0.0, Max: 0, Diff: 0, Sum: 0, Workers: 4
[3137.177s][debug][gc,phases      ] GC(289)     Total                          Min: 0, Avg: 152.0, Max: 608, Diff: 608, Sum: 608, Workers: 4
[3137.177s][debug][gc,phases      ] GC(289)   ObjectSynchronizer Weak        Min:  0.0, Avg:  0.0, Max:  0.0, Diff:  0.0, Sum:  0.0, Workers: 4
[3137.177s][debug][gc,phases      ] GC(289)     Dead                           Min: 0, Avg:  0.0, Max: 0, Diff: 0, Sum: 0, Workers: 4
[3137.177s][debug][gc,phases      ] GC(289)     Total                          Min: 0, Avg: 106.0, Max: 320, Diff: 320, Sum: 424, Workers: 4
[3137.177s][debug][gc,phases      ] GC(289)   JVMTI Tag Weak OopStorage      Min:  0.0, Avg:  0.0, Max:  0.0, Diff:  0.0, Sum:  0.0, Workers: 4
[3137.177s][debug][gc,phases      ] GC(289)     Dead                           Min: 0, Avg:  0.0, Max: 0, Diff: 0, Sum: 0, Workers: 4
[3137.177s][debug][gc,phases      ] GC(289)     Total                          Min: 0, Avg:  0.0, Max: 0, Diff: 0, Sum: 0, Workers: 4
[3137.177s][debug][gc,phases      ] GC(289)   StringTable Weak               Min:  0.1, Avg:  0.1, Max:  0.1, Diff:  0.0, Sum:  0.5, Workers: 4
[3137.177s][debug][gc,phases      ] GC(289)     Dead                           Min: 0, Avg:  0.0, Max: 0, Diff: 0, Sum: 0, Workers: 4
[3137.177s][debug][gc,phases      ] GC(289)     Total                          Min: 11264, Avg: 12134.8, Max: 12928, Diff: 1664, Sum: 48539, Workers: 4
[3137.177s][debug][gc,phases      ] GC(289)   ResolvedMethodTable Weak       Min:  0.0, Avg:  0.0, Max:  0.0, Diff:  0.0, Sum:  0.1, Workers: 4
[3137.177s][debug][gc,phases      ] GC(289)     Dead                           Min: 0, Avg:  0.0, Max: 0, Diff: 0, Sum: 0, Workers: 4
[3137.177s][debug][gc,phases      ] GC(289)     Total                          Min: 2048, Avg: 2168.8, Max: 2368, Diff: 320, Sum: 8675, Workers: 4
[3137.177s][debug][gc,phases      ] GC(289)   JNI Weak                       Min:  0.0, Avg:  0.0, Max:  0.0, Diff:  0.0, Sum:  0.0, Workers: 4
[3137.177s][debug][gc,phases      ] GC(289)     Dead                           Min: 0, Avg:  0.0, Max: 0, Diff: 0, Sum: 0, Workers: 4
[3137.177s][debug][gc,phases      ] GC(289)     Total                          Min: 0, Avg:  0.0, Max: 0, Diff: 0, Sum: 0, Workers: 4
[3137.177s][debug][gc,phases      ] GC(289)   StringDedup Table Weak         Min:  0.0, Avg:  0.0, Max:  0.0, Diff:  0.0, Sum:  0.0, Workers: 4
[3137.177s][debug][gc,phases      ] GC(289)     Dead                           Min: 0, Avg:  0.0, Max: 0, Diff: 0, Sum: 0, Workers: 4
[3137.177s][debug][gc,phases      ] GC(289)     Total                          Min: 0, Avg:  0.0, Max: 0, Diff: 0, Sum: 0, Workers: 4
[3137.177s][debug][gc,phases      ] GC(289)   StringDedup Requests0 Weak     Min:  0.0, Avg:  0.0, Max:  0.0, Diff:  0.0, Sum:  0.0, Workers: 4
[3137.177s][debug][gc,phases      ] GC(289)     Dead                           Min: 0, Avg:  0.0, Max: 0, Diff: 0, Sum: 0, Workers: 4
[3137.177s][debug][gc,phases      ] GC(289)     Total                          Min: 0, Avg:  0.0, Max: 0, Diff: 0, Sum: 0, Workers: 4
[3137.177s][debug][gc,phases      ] GC(289)   StringDedup Requests1 Weak     Min:  0.0, Avg:  0.0, Max:  0.0, Diff:  0.0, Sum:  0.0, Workers: 4
[3137.177s][debug][gc,phases      ] GC(289)     Dead                           Min: 0, Avg:  0.0, Max: 0, Diff: 0, Sum: 0, Workers: 4
[3137.177s][debug][gc,phases      ] GC(289)     Total                          Min: 0, Avg:  0.0, Max: 0, Diff: 0, Sum: 0, Workers: 4
[3137.177s][debug][gc,phases      ] GC(289)   Weak JFR Old Object Samples    Min:  0.0, Avg:  0.0, Max:  0.0, Diff:  0.0, Sum:  0.0, Workers: 4
[3137.177s][debug][gc,phases      ] GC(289)     Dead                           Min: 0, Avg:  0.0, Max: 0, Diff: 0, Sum: 0, Workers: 4
[3137.177s][debug][gc,phases      ] GC(289)     Total                          Min: 0, Avg:  0.0, Max: 0, Diff: 0, Sum: 0, Workers: 4
[3137.177s][debug][gc,phases      ] GC(289) Weak Processing 0.356ms
[3137.177s][debug][gc,age         ] GC(289) Desired survivor size 286785536 bytes, new threshold 15 (max threshold 15)
[3137.177s][info ][gc,heap        ] GC(289) PSYoungGen: 1680930K(1806848K)->163774K(1799168K) Eden: 1508864K(1508864K)->0K(1508864K) From: 172066K(297984K)->163774K(290304K)
[3137.177s][info ][gc,heap        ] GC(289) ParOldGen: 560642K(707072K)->573118K(707072K)
[3137.177s][info ][gc,metaspace   ] GC(289) Metaspace: 84582K(85312K)->84582K(85312K) NonClass: 72849K(73216K)->72849K(73216K) Class: 11732K(12096K)->11732K(12096K)
[3137.177s][info ][gc             ] GC(289) Pause Young (GCLocker Initiated GC) 2189M->719M(2447M) 35.848ms
[3137.177s][info ][gc,cpu         ] GC(289) User=0.14s Sys=0.00s Real=0.04s
[3137.177s][info ][safepoint      ] Safepoint "ParallelGCSystemGC", Time since last: 59201 ns, Reaching safepoint: 84402 ns, At safepoint: 35926604 ns, Total: 36011006 ns
[3138.649s][info ][safepoint      ] Safepoint "Cleanup", Time since last: 1472246434 ns, Reaching safepoint: 102802 ns, At safepoint: 9501 ns, Total: 112303 ns
[3143.650s][info ][safepoint      ] Safepoint "Cleanup", Time since last: 5000334633 ns, Reaching safepoint: 52501 ns, At safepoint: 3400 ns, Total: 55901 ns
[3182.653s][info ][safepoint      ] Safepoint "Cleanup", Time since last: 39002829550 ns, Reaching safepoint: 47901 ns, At safepoint: 2500 ns, Total: 50401 ns
[3198.654s][info ][safepoint      ] Safepoint "Cleanup", Time since last: 16001187356 ns, Reaching safepoint: 52901 ns, At safepoint: 7100 ns, Total: 60001 ns
[3366.666s][info ][safepoint      ] Safepoint "Cleanup", Time since last: 168011809872 ns, Reaching safepoint: 49801 ns, At safepoint: 25800 ns, Total: 75601 ns
[3470.442s][info ][safepoint      ] Safepoint "Cleanup", Time since last: 103776012512 ns, Reaching safepoint: 120502 ns, At safepoint: 11700 ns, Total: 132202 ns
[3470.444s][info ][gc,heap,exit   ] Heap
[3470.444s][info ][gc,heap,exit   ]  PSYoungGen      total 1799168K, used 1362814K [0x0000000780000000, 0x0000000800000000, 0x0000000800000000)
[3470.444s][info ][gc,heap,exit   ]   eden space 1508864K, 79% used [0x0000000780000000,0x00000007c92efea8,0x00000007dc180000)
[3470.444s][info ][gc,heap,exit   ]   from space 290304K, 56% used [0x00000007dc180000,0x00000007e616f9f8,0x00000007edd00000)
[3470.444s][info ][gc,heap,exit   ]   to   space 280064K, 0% used [0x00000007eee80000,0x00000007eee80000,0x0000000800000000)
[3470.444s][info ][gc,heap,exit   ]  ParOldGen       total 707072K, used 573118K [0x0000000740000000, 0x000000076b280000, 0x0000000780000000)
[3470.444s][info ][gc,heap,exit   ]   object space 707072K, 81% used [0x0000000740000000,0x0000000762faf878,0x000000076b280000)
[3470.444s][info ][gc,heap,exit   ]  Metaspace       used 84624K, committed 85440K, reserved 1130496K
[3470.444s][info ][gc,heap,exit   ]   class space    used 11738K, committed 12096K, reserved 1048576K
