[0.004s][info][gc] Using Parallel
[0.006s][info][gc,init] Version: 17.0.1+12-LTS (release)
[0.006s][info][gc,init] CPUs: 8 total, 8 available
[0.006s][info][gc,init] Memory: 32117M
[0.006s][info][gc,init] Large Page Support: Disabled
[0.006s][info][gc,init] NUMA Support: Disabled
[0.006s][info][gc,init] Compressed Oops: Enabled (Zero based)
[0.006s][info][gc,init] Alignments: Space 512K, Generation 512K, Heap 2M
[0.006s][info][gc,init] Heap Min Capacity: 2054M
[0.006s][info][gc,init] Heap Initial Capacity: 2054M
[0.006s][info][gc,init] Heap Max Capacity: 3G
[0.006s][info][gc,init] Pre-touch: Disabled
[0.006s][info][gc,init] Parallel Workers: 4
[0.006s][info][gc,metaspace] CDS archive(s) not mapped
[0.006s][info][gc,metaspace] Compressed class space mapped at: 0x0000000800000000-0x0000000840000000, reserved size: 1073741824
[0.006s][info][gc,metaspace] Narrow klass base: 0x0000000800000000, Narrow klass shift: 0, Narrow klass range: 0x40000000
[0.754s][info][safepoint   ] Safepoint "ICBufferFull", Time since last: 728097352 ns, Reaching safepoint: 140803 ns, At safepoint: 7000 ns, Total: 147803 ns
[1.061s][info][safepoint   ] Safepoint "ICBufferFull", Time since last: 306512810 ns, Reaching safepoint: 213606 ns, At safepoint: 7200 ns, Total: 220806 ns
[1.175s][info][gc,start    ] GC(0) Pause Young (Metadata GC Threshold)
[1.185s][debug][gc,phases   ] GC(0) Scavenge 9.305ms
[1.185s][debug][gc,ref      ] GC(0) Skipped phase 1 of Reference Processing: no references
[1.185s][debug][gc,ref      ] GC(0) ReferenceProcessor::execute queues: 1, RefProcThreadModel::Single, marks_oops_alive: false
[1.185s][debug][gc,ref      ] GC(0) Skipped phase 3 of Reference Processing: no references
[1.185s][debug][gc,ref      ] GC(0) ReferenceProcessor::execute queues: 1, RefProcThreadModel::Single, marks_oops_alive: false
[1.185s][debug][gc,phases   ] GC(0) Reference Processing 0.222ms
[1.185s][debug][gc,phases   ] GC(0)   VM Weak                        Min:  0.0, Avg:  0.0, Max:  0.0, Diff:  0.0, Sum:  0.0, Workers: 4
[1.185s][debug][gc,phases   ] GC(0)     Dead                           Min: 0, Avg:  0.0, Max: 0, Diff: 0, Sum: 0, Workers: 4
[1.185s][debug][gc,phases   ] GC(0)     Total                          Min: 0, Avg: 26.8, Max: 107, Diff: 107, Sum: 107, Workers: 4
[1.185s][debug][gc,phases   ] GC(0)   ObjectSynchronizer Weak        Min:  0.0, Avg:  0.0, Max:  0.0, Diff:  0.0, Sum:  0.0, Workers: 4
[1.185s][debug][gc,phases   ] GC(0)     Dead                           Min: 0, Avg:  0.2, Max: 1, Diff: 1, Sum: 1, Workers: 4
[1.185s][debug][gc,phases   ] GC(0)     Total                          Min: 0, Avg:  1.5, Max: 6, Diff: 6, Sum: 6, Workers: 4
[1.185s][debug][gc,phases   ] GC(0)   JVMTI Tag Weak OopStorage      Min:  0.0, Avg:  0.0, Max:  0.0, Diff:  0.0, Sum:  0.0, Workers: 4
[1.185s][debug][gc,phases   ] GC(0)     Dead                           Min: 0, Avg:  0.0, Max: 0, Diff: 0, Sum: 0, Workers: 4
[1.185s][debug][gc,phases   ] GC(0)     Total                          Min: 0, Avg:  0.0, Max: 0, Diff: 0, Sum: 0, Workers: 4
[1.185s][debug][gc,phases   ] GC(0)   StringTable Weak               Min:  0.1, Avg:  0.1, Max:  0.1, Diff:  0.0, Sum:  0.4, Workers: 4
[1.185s][debug][gc,phases   ] GC(0)     Dead                           Min: 0, Avg:  7.8, Max: 14, Diff: 14, Sum: 31, Workers: 4
[1.185s][debug][gc,phases   ] GC(0)     Total                          Min: 2304, Avg: 2869.2, Max: 3584, Diff: 1280, Sum: 11477, Workers: 4
[1.185s][debug][gc,phases   ] GC(0)   ResolvedMethodTable Weak       Min:  0.0, Avg:  0.0, Max:  0.0, Diff:  0.0, Sum:  0.0, Workers: 4
[1.185s][debug][gc,phases   ] GC(0)     Dead                           Min: 2, Avg:  7.8, Max: 19, Diff: 17, Sum: 31, Workers: 4
[1.185s][debug][gc,phases   ] GC(0)     Total                          Min: 87, Avg: 149.8, Max: 192, Diff: 105, Sum: 599, Workers: 4
[1.185s][debug][gc,phases   ] GC(0)   JNI Weak                       Min:  0.0, Avg:  0.0, Max:  0.0, Diff:  0.0, Sum:  0.0, Workers: 4
[1.185s][debug][gc,phases   ] GC(0)     Dead                           Min: 0, Avg:  0.0, Max: 0, Diff: 0, Sum: 0, Workers: 4
[1.185s][debug][gc,phases   ] GC(0)     Total                          Min: 0, Avg:  0.0, Max: 0, Diff: 0, Sum: 0, Workers: 4
[1.185s][debug][gc,phases   ] GC(0)   StringDedup Table Weak         Min:  0.0, Avg:  0.0, Max:  0.0, Diff:  0.0, Sum:  0.0, Workers: 4
[1.185s][debug][gc,phases   ] GC(0)     Dead                           Min: 0, Avg:  0.0, Max: 0, Diff: 0, Sum: 0, Workers: 4
[1.185s][debug][gc,phases   ] GC(0)     Total                          Min: 0, Avg:  0.0, Max: 0, Diff: 0, Sum: 0, Workers: 4
[1.185s][debug][gc,phases   ] GC(0)   StringDedup Requests0 Weak     Min:  0.0, Avg:  0.0, Max:  0.0, Diff:  0.0, Sum:  0.0, Workers: 4
[1.185s][debug][gc,phases   ] GC(0)     Dead                           Min: 0, Avg:  0.0, Max: 0, Diff: 0, Sum: 0, Workers: 4
[1.185s][debug][gc,phases   ] GC(0)     Total                          Min: 0, Avg:  0.0, Max: 0, Diff: 0, Sum: 0, Workers: 4
[1.185s][debug][gc,phases   ] GC(0)   StringDedup Requests1 Weak     Min:  0.0, Avg:  0.0, Max:  0.0, Diff:  0.0, Sum:  0.0, Workers: 4
[1.185s][debug][gc,phases   ] GC(0)     Dead                           Min: 0, Avg:  0.0, Max: 0, Diff: 0, Sum: 0, Workers: 4
[1.186s][debug][gc,phases   ] GC(0)     Total                          Min: 0, Avg:  0.0, Max: 0, Diff: 0, Sum: 0, Workers: 4
[1.186s][debug][gc,phases   ] GC(0)   Weak JFR Old Object Samples    Min:  0.0, Avg:  0.0, Max:  0.0, Diff:  0.0, Sum:  0.0, Workers: 4
[1.186s][debug][gc,phases   ] GC(0)     Dead                           Min: 0, Avg:  0.0, Max: 0, Diff: 0, Sum: 0, Workers: 4
[1.186s][debug][gc,phases   ] GC(0)     Total                          Min: 0, Avg:  0.0, Max: 0, Diff: 0, Sum: 0, Workers: 4
[1.186s][debug][gc,phases   ] GC(0) Weak Processing 0.354ms
[1.186s][debug][gc,age      ] GC(0) Desired survivor size 536870912 bytes, new threshold 7 (max threshold 15)
[1.186s][info ][gc,heap     ] GC(0) PSYoungGen: 272741K(1572864K)->16725K(1572864K) Eden: 272741K(1048576K)->0K(1048576K) From: 0K(524288K)->16725K(524288K)
[1.186s][info ][gc,heap     ] GC(0) ParOldGen: 0K(6144K)->88K(6144K)
[1.186s][info ][gc,metaspace] GC(0) Metaspace: 21321K(21504K)->21321K(21504K) NonClass: 18848K(18944K)->18848K(18944K) Class: 2473K(2560K)->2473K(2560K)
[1.186s][info ][gc          ] GC(0) Pause Young (Metadata GC Threshold) 266M->16M(1542M) 10.263ms
[1.186s][info ][gc,cpu      ] GC(0) User=0.03s Sys=0.00s Real=0.01s
[1.186s][debug][gc,phases   ] GC(1) Pre Compact 0.012ms
[1.186s][info ][gc,start    ] GC(1) Pause Full (Metadata GC Threshold)
[1.186s][info ][gc,phases,start] GC(1) Marking Phase
[1.191s][debug][gc,phases      ] GC(1) Par Mark 5.605ms
[1.191s][debug][gc,ref         ] GC(1) Skipped phase 1 of Reference Processing: no references
[1.191s][debug][gc,ref         ] GC(1) ReferenceProcessor::execute queues: 1, RefProcThreadModel::Single, marks_oops_alive: false
[1.191s][debug][gc,ref         ] GC(1) Skipped phase 3 of Reference Processing: no references
[1.191s][debug][gc,ref         ] GC(1) ReferenceProcessor::execute queues: 1, RefProcThreadModel::Single, marks_oops_alive: false
[1.191s][debug][gc,phases      ] GC(1) Reference Processing 0.049ms
[1.191s][debug][gc,phases      ] GC(1)   VM Weak                        Min:  0.0, Avg:  0.0, Max:  0.0, Diff:  0.0, Sum:  0.0, Workers: 4
[1.191s][debug][gc,phases      ] GC(1)     Dead                           Min: 0, Avg:  0.0, Max: 0, Diff: 0, Sum: 0, Workers: 4
[1.191s][debug][gc,phases      ] GC(1)     Total                          Min: 0, Avg: 26.8, Max: 107, Diff: 107, Sum: 107, Workers: 4
[1.191s][debug][gc,phases      ] GC(1)   ObjectSynchronizer Weak        Min:  0.0, Avg:  0.0, Max:  0.0, Diff:  0.0, Sum:  0.0, Workers: 4
[1.191s][debug][gc,phases      ] GC(1)     Dead                           Min: 0, Avg:  0.0, Max: 0, Diff: 0, Sum: 0, Workers: 4
[1.191s][debug][gc,phases      ] GC(1)     Total                          Min: 0, Avg:  1.5, Max: 6, Diff: 6, Sum: 6, Workers: 4
[1.191s][debug][gc,phases      ] GC(1)   JVMTI Tag Weak OopStorage      Min:  0.0, Avg:  0.0, Max:  0.0, Diff:  0.0, Sum:  0.0, Workers: 4
[1.191s][debug][gc,phases      ] GC(1)     Dead                           Min: 0, Avg:  0.0, Max: 0, Diff: 0, Sum: 0, Workers: 4
[1.191s][debug][gc,phases      ] GC(1)     Total                          Min: 0, Avg:  0.0, Max: 0, Diff: 0, Sum: 0, Workers: 4
[1.191s][debug][gc,phases      ] GC(1)   StringTable Weak               Min:  0.0, Avg:  0.0, Max:  0.0, Diff:  0.0, Sum:  0.1, Workers: 4
[1.191s][debug][gc,phases      ] GC(1)     Dead                           Min: 0, Avg:  0.0, Max: 0, Diff: 0, Sum: 0, Workers: 4
[1.191s][debug][gc,phases      ] GC(1)     Total                          Min: 2112, Avg: 2869.2, Max: 3712, Diff: 1600, Sum: 11477, Workers: 4
[1.191s][debug][gc,phases      ] GC(1)   ResolvedMethodTable Weak       Min:  0.0, Avg:  0.0, Max:  0.0, Diff:  0.0, Sum:  0.0, Workers: 4
[1.192s][debug][gc,phases      ] GC(1)     Dead                           Min: 0, Avg:  0.0, Max: 0, Diff: 0, Sum: 0, Workers: 4
[1.192s][debug][gc,phases      ] GC(1)     Total                          Min: 128, Avg: 149.8, Max: 215, Diff: 87, Sum: 599, Workers: 4
[1.192s][debug][gc,phases      ] GC(1)   JNI Weak                       Min:  0.0, Avg:  0.0, Max:  0.0, Diff:  0.0, Sum:  0.0, Workers: 4
[1.192s][debug][gc,phases      ] GC(1)     Dead                           Min: 0, Avg:  0.0, Max: 0, Diff: 0, Sum: 0, Workers: 4
[1.192s][debug][gc,phases      ] GC(1)     Total                          Min: 0, Avg:  0.0, Max: 0, Diff: 0, Sum: 0, Workers: 4
[1.192s][debug][gc,phases      ] GC(1)   StringDedup Table Weak         Min:  0.0, Avg:  0.0, Max:  0.0, Diff:  0.0, Sum:  0.0, Workers: 4
[1.192s][debug][gc,phases      ] GC(1)     Dead                           Min: 0, Avg:  0.0, Max: 0, Diff: 0, Sum: 0, Workers: 4
[1.192s][debug][gc,phases      ] GC(1)     Total                          Min: 0, Avg:  0.0, Max: 0, Diff: 0, Sum: 0, Workers: 4
[1.192s][debug][gc,phases      ] GC(1)   StringDedup Requests0 Weak     Min:  0.0, Avg:  0.0, Max:  0.0, Diff:  0.0, Sum:  0.0, Workers: 4
[1.192s][debug][gc,phases      ] GC(1)     Dead                           Min: 0, Avg:  0.0, Max: 0, Diff: 0, Sum: 0, Workers: 4
[1.192s][debug][gc,phases      ] GC(1)     Total                          Min: 0, Avg:  0.0, Max: 0, Diff: 0, Sum: 0, Workers: 4
[1.192s][debug][gc,phases      ] GC(1)   StringDedup Requests1 Weak     Min:  0.0, Avg:  0.0, Max:  0.0, Diff:  0.0, Sum:  0.0, Workers: 4
[1.192s][debug][gc,phases      ] GC(1)     Dead                           Min: 0, Avg:  0.0, Max: 0, Diff: 0, Sum: 0, Workers: 4
[1.192s][debug][gc,phases      ] GC(1)     Total                          Min: 0, Avg:  0.0, Max: 0, Diff: 0, Sum: 0, Workers: 4
[1.192s][debug][gc,phases      ] GC(1)   Weak JFR Old Object Samples    Min:  0.0, Avg:  0.0, Max:  0.0, Diff:  0.0, Sum:  0.0, Workers: 4
[1.192s][debug][gc,phases      ] GC(1)     Dead                           Min: 0, Avg:  0.0, Max: 0, Diff: 0, Sum: 0, Workers: 4
[1.192s][debug][gc,phases      ] GC(1)     Total                          Min: 0, Avg:  0.0, Max: 0, Diff: 0, Sum: 0, Workers: 4
[1.192s][debug][gc,phases      ] GC(1) Weak Processing 0.229ms
[1.192s][debug][gc,phases      ] GC(1) ClassLoaderData 0.013ms
[1.192s][debug][gc,phases      ] GC(1) Trigger cleanups 0.000ms
[1.194s][debug][gc,phases      ] GC(1) Class Unloading 2.062ms
[1.194s][info ][gc,phases      ] GC(1) Marking Phase 8.030ms
[1.194s][info ][gc,phases,start] GC(1) Summary Phase
[1.194s][info ][gc,phases      ] GC(1) Summary Phase 0.006ms
[1.194s][info ][gc,phases,start] GC(1) Adjust Roots
[1.196s][info ][gc,phases      ] GC(1) Adjust Roots 2.831ms
[1.197s][info ][gc,phases,start] GC(1) Compaction Phase
[1.208s][info ][gc,phases      ] GC(1) Compaction Phase 11.034ms
[1.208s][info ][gc,phases,start] GC(1) Post Compact
[1.208s][info ][gc,phases      ] GC(1) Post Compact 0.529ms
[1.208s][info ][gc,heap        ] GC(1) PSYoungGen: 16725K(1572864K)->11001K(1572864K) Eden: 0K(1048576K)->0K(1048576K) From: 16725K(524288K)->11001K(524288K)
[1.208s][info ][gc,heap        ] GC(1) ParOldGen: 88K(6144K)->5669K(6144K)
[1.208s][info ][gc,metaspace   ] GC(1) Metaspace: 21321K(21504K)->21321K(21504K) NonClass: 18848K(18944K)->18848K(18944K) Class: 2473K(2560K)->2473K(2560K)
[1.208s][info ][gc             ] GC(1) Pause Full (Metadata GC Threshold) 16M->16M(1542M) 22.553ms
[1.208s][info ][gc,cpu         ] GC(1) User=0.07s Sys=0.00s Real=0.02s
[1.208s][info ][safepoint      ] Safepoint "CollectForMetadataAllocation", Time since last: 114678222 ns, Reaching safepoint: 74602 ns, At safepoint: 32935839 ns, Total: 33010441 ns
[1.208s][info ][safepoint      ] Safepoint "CollectForMetadataAllocation", Time since last: 83002 ns, Reaching safepoint: 180804 ns, At safepoint: 7501 ns, Total: 188305 ns
[1.571s][info ][safepoint      ] Safepoint "ICBufferFull", Time since last: 362052724 ns, Reaching safepoint: 195105 ns, At safepoint: 12001 ns, Total: 207106 ns
[1.589s][info ][safepoint      ] Safepoint "ICBufferFull", Time since last: 18314966 ns, Reaching safepoint: 43301 ns, At safepoint: 2901 ns, Total: 46202 ns
[1.594s][info ][safepoint      ] Safepoint "ICBufferFull", Time since last: 5144031 ns, Reaching safepoint: 115703 ns, At safepoint: 9800 ns, Total: 125503 ns
[1.606s][info ][safepoint      ] Safepoint "ICBufferFull", Time since last: 11521093 ns, Reaching safepoint: 132404 ns, At safepoint: 12300 ns, Total: 144704 ns
[1.609s][info ][safepoint      ] Safepoint "ICBufferFull", Time since last: 3367286 ns, Reaching safepoint: 41501 ns, At safepoint: 2700 ns, Total: 44201 ns
[1.613s][info ][safepoint      ] Safepoint "ICBufferFull", Time since last: 3304184 ns, Reaching safepoint: 44101 ns, At safepoint: 3000 ns, Total: 47101 ns
[1.616s][info ][safepoint      ] Safepoint "ICBufferFull", Time since last: 3323185 ns, Reaching safepoint: 45601 ns, At safepoint: 5900 ns, Total: 51501 ns
[1.619s][info ][safepoint      ] Safepoint "ICBufferFull", Time since last: 2804372 ns, Reaching safepoint: 36301 ns, At safepoint: 2200 ns, Total: 38501 ns
[1.622s][info ][safepoint      ] Safepoint "ICBufferFull", Time since last: 2760570 ns, Reaching safepoint: 36501 ns, At safepoint: 2200 ns, Total: 38701 ns
[1.628s][info ][safepoint      ] Safepoint "ICBufferFull", Time since last: 6450664 ns, Reaching safepoint: 59702 ns, At safepoint: 3500 ns, Total: 63202 ns
[1.630s][info ][safepoint      ] Safepoint "ICBufferFull", Time since last: 1573640 ns, Reaching safepoint: 25501 ns, At safepoint: 5200 ns, Total: 30701 ns
[1.631s][info ][safepoint      ] Safepoint "ICBufferFull", Time since last: 528013 ns, Reaching safepoint: 36401 ns, At safepoint: 2500 ns, Total: 38901 ns
[1.705s][info ][safepoint      ] Safepoint "ICBufferFull", Time since last: 74119389 ns, Reaching safepoint: 115503 ns, At safepoint: 3500 ns, Total: 119003 ns
[1.706s][info ][safepoint      ] Safepoint "ICBufferFull", Time since last: 1275732 ns, Reaching safepoint: 61802 ns, At safepoint: 3300 ns, Total: 65102 ns
[1.707s][info ][safepoint      ] Safepoint "ICBufferFull", Time since last: 892723 ns, Reaching safepoint: 21200 ns, At safepoint: 1900 ns, Total: 23100 ns
[1.708s][info ][safepoint      ] Safepoint "ICBufferFull", Time since last: 1302434 ns, Reaching safepoint: 22600 ns, At safepoint: 5400 ns, Total: 28000 ns
[1.710s][info ][safepoint      ] Safepoint "ICBufferFull", Time since last: 1766845 ns, Reaching safepoint: 25701 ns, At safepoint: 2100 ns, Total: 27801 ns
[1.711s][info ][safepoint      ] Safepoint "ICBufferFull", Time since last: 808221 ns, Reaching safepoint: 26900 ns, At safepoint: 2400 ns, Total: 29300 ns
[1.712s][info ][safepoint      ] Safepoint "ICBufferFull", Time since last: 1336934 ns, Reaching safepoint: 23101 ns, At safepoint: 1900 ns, Total: 25001 ns
[1.713s][info ][safepoint      ] Safepoint "ICBufferFull", Time since last: 942624 ns, Reaching safepoint: 28601 ns, At safepoint: 1900 ns, Total: 30501 ns
[1.715s][info ][safepoint      ] Safepoint "ICBufferFull", Time since last: 1081227 ns, Reaching safepoint: 222706 ns, At safepoint: 2000 ns, Total: 224706 ns
[1.716s][info ][safepoint      ] Safepoint "ICBufferFull", Time since last: 908523 ns, Reaching safepoint: 29401 ns, At safepoint: 1700 ns, Total: 31101 ns
[1.717s][info ][safepoint      ] Safepoint "ICBufferFull", Time since last: 1256932 ns, Reaching safepoint: 28201 ns, At safepoint: 1800 ns, Total: 30001 ns
[1.718s][info ][safepoint      ] Safepoint "ICBufferFull", Time since last: 1281832 ns, Reaching safepoint: 34101 ns, At safepoint: 2100 ns, Total: 36201 ns
[1.719s][info ][safepoint      ] Safepoint "ICBufferFull", Time since last: 512713 ns, Reaching safepoint: 91803 ns, At safepoint: 4800 ns, Total: 96603 ns
[1.721s][info ][safepoint      ] Safepoint "ICBufferFull", Time since last: 1751945 ns, Reaching safepoint: 35900 ns, At safepoint: 5201 ns, Total: 41101 ns
[1.723s][info ][safepoint      ] Safepoint "ICBufferFull", Time since last: 2012151 ns, Reaching safepoint: 25101 ns, At safepoint: 2200 ns, Total: 27301 ns
[1.724s][info ][safepoint      ] Safepoint "ICBufferFull", Time since last: 1500138 ns, Reaching safepoint: 60601 ns, At safepoint: 7701 ns, Total: 68302 ns
[1.734s][info ][safepoint      ] Safepoint "ICBufferFull", Time since last: 9686346 ns, Reaching safepoint: 48402 ns, At safepoint: 3400 ns, Total: 51802 ns
[1.753s][info ][safepoint      ] Safepoint "ICBufferFull", Time since last: 19212489 ns, Reaching safepoint: 60402 ns, At safepoint: 5800 ns, Total: 66202 ns
[1.757s][info ][safepoint      ] Safepoint "ICBufferFull", Time since last: 3995502 ns, Reaching safepoint: 43801 ns, At safepoint: 3000 ns, Total: 46801 ns
[1.808s][info ][safepoint      ] Safepoint "ICBufferFull", Time since last: 51022200 ns, Reaching safepoint: 100502 ns, At safepoint: 5801 ns, Total: 106303 ns
[1.809s][info ][safepoint      ] Safepoint "ICBufferFull", Time since last: 524013 ns, Reaching safepoint: 18400 ns, At safepoint: 5601 ns, Total: 24001 ns
[1.812s][info ][safepoint      ] Safepoint "ICBufferFull", Time since last: 3074678 ns, Reaching safepoint: 46401 ns, At safepoint: 5200 ns, Total: 51601 ns
[1.814s][info ][safepoint      ] Safepoint "ICBufferFull", Time since last: 1939950 ns, Reaching safepoint: 46401 ns, At safepoint: 2900 ns, Total: 49301 ns
[1.855s][info ][safepoint      ] Safepoint "ICBufferFull", Time since last: 41373254 ns, Reaching safepoint: 79102 ns, At safepoint: 4500 ns, Total: 83602 ns
[1.858s][info ][safepoint      ] Safepoint "ICBufferFull", Time since last: 2978276 ns, Reaching safepoint: 27401 ns, At safepoint: 6500 ns, Total: 33901 ns
[1.860s][info ][safepoint      ] Safepoint "ICBufferFull", Time since last: 1097628 ns, Reaching safepoint: 27401 ns, At safepoint: 5100 ns, Total: 32501 ns
[1.861s][info ][safepoint      ] Safepoint "ICBufferFull", Time since last: 1527139 ns, Reaching safepoint: 19500 ns, At safepoint: 6300 ns, Total: 25800 ns
[1.862s][info ][safepoint      ] Safepoint "ICBufferFull", Time since last: 1052827 ns, Reaching safepoint: 18801 ns, At safepoint: 1900 ns, Total: 20701 ns
[1.863s][info ][safepoint      ] Safepoint "ICBufferFull", Time since last: 1233231 ns, Reaching safepoint: 26101 ns, At safepoint: 2400 ns, Total: 28501 ns
[1.865s][info ][safepoint      ] Safepoint "ICBufferFull", Time since last: 1730044 ns, Reaching safepoint: 18100 ns, At safepoint: 1700 ns, Total: 19800 ns
[1.866s][info ][safepoint      ] Safepoint "ICBufferFull", Time since last: 509513 ns, Reaching safepoint: 22701 ns, At safepoint: 1900 ns, Total: 24601 ns
[1.867s][info ][safepoint      ] Safepoint "ICBufferFull", Time since last: 853222 ns, Reaching safepoint: 18800 ns, At safepoint: 1800 ns, Total: 20600 ns
[1.869s][info ][safepoint      ] Safepoint "ICBufferFull", Time since last: 2014652 ns, Reaching safepoint: 38501 ns, At safepoint: 1700 ns, Total: 40201 ns
[1.870s][info ][safepoint      ] Safepoint "ICBufferFull", Time since last: 872422 ns, Reaching safepoint: 16100 ns, At safepoint: 1900 ns, Total: 18000 ns
[1.870s][info ][safepoint      ] Safepoint "ICBufferFull", Time since last: 667117 ns, Reaching safepoint: 16901 ns, At safepoint: 2000 ns, Total: 18901 ns
[1.871s][info ][safepoint      ] Safepoint "ICBufferFull", Time since last: 821721 ns, Reaching safepoint: 15500 ns, At safepoint: 1400 ns, Total: 16900 ns
[1.873s][info ][safepoint      ] Safepoint "ICBufferFull", Time since last: 2234657 ns, Reaching safepoint: 18201 ns, At safepoint: 2400 ns, Total: 20601 ns
[1.874s][info ][safepoint      ] Safepoint "ICBufferFull", Time since last: 657816 ns, Reaching safepoint: 16001 ns, At safepoint: 1500 ns, Total: 17501 ns
[1.876s][info ][safepoint      ] Safepoint "ICBufferFull", Time since last: 1842747 ns, Reaching safepoint: 18000 ns, At safepoint: 1600 ns, Total: 19600 ns
[1.877s][info ][safepoint      ] Safepoint "ICBufferFull", Time since last: 1231132 ns, Reaching safepoint: 15800 ns, At safepoint: 1500 ns, Total: 17300 ns
[1.878s][info ][safepoint      ] Safepoint "ICBufferFull", Time since last: 846522 ns, Reaching safepoint: 16200 ns, At safepoint: 1500 ns, Total: 17700 ns
[1.881s][info ][safepoint      ] Safepoint "ICBufferFull", Time since last: 3059578 ns, Reaching safepoint: 21601 ns, At safepoint: 5800 ns, Total: 27401 ns
[1.884s][info ][safepoint      ] Safepoint "ICBufferFull", Time since last: 2729169 ns, Reaching safepoint: 91903 ns, At safepoint: 5400 ns, Total: 97303 ns
[1.891s][info ][safepoint      ] Safepoint "ICBufferFull", Time since last: 7181283 ns, Reaching safepoint: 43401 ns, At safepoint: 3000 ns, Total: 46401 ns
[1.892s][info ][safepoint      ] Safepoint "ICBufferFull", Time since last: 1013026 ns, Reaching safepoint: 18800 ns, At safepoint: 1900 ns, Total: 20700 ns
[1.894s][info ][safepoint      ] Safepoint "ICBufferFull", Time since last: 2186456 ns, Reaching safepoint: 16700 ns, At safepoint: 1700 ns, Total: 18400 ns
[1.896s][info ][safepoint      ] Safepoint "ICBufferFull", Time since last: 1658543 ns, Reaching safepoint: 19700 ns, At safepoint: 2000 ns, Total: 21700 ns
[1.898s][info ][safepoint      ] Safepoint "ICBufferFull", Time since last: 1530539 ns, Reaching safepoint: 18101 ns, At safepoint: 1500 ns, Total: 19601 ns
[1.899s][info ][safepoint      ] Safepoint "ICBufferFull", Time since last: 1495538 ns, Reaching safepoint: 18100 ns, At safepoint: 6200 ns, Total: 24300 ns
[1.901s][info ][safepoint      ] Safepoint "ICBufferFull", Time since last: 1480638 ns, Reaching safepoint: 17701 ns, At safepoint: 1500 ns, Total: 19201 ns
[1.902s][info ][safepoint      ] Safepoint "ICBufferFull", Time since last: 1611041 ns, Reaching safepoint: 93302 ns, At safepoint: 4800 ns, Total: 98102 ns
[1.906s][info ][safepoint      ] Safepoint "ICBufferFull", Time since last: 3527490 ns, Reaching safepoint: 29301 ns, At safepoint: 3600 ns, Total: 32901 ns
[1.908s][info ][safepoint      ] Safepoint "ICBufferFull", Time since last: 1676643 ns, Reaching safepoint: 25600 ns, At safepoint: 2500 ns, Total: 28100 ns
[1.909s][info ][safepoint      ] Safepoint "ICBufferFull", Time since last: 1589441 ns, Reaching safepoint: 16900 ns, At safepoint: 1500 ns, Total: 18400 ns
[1.911s][info ][safepoint      ] Safepoint "ICBufferFull", Time since last: 1456137 ns, Reaching safepoint: 22701 ns, At safepoint: 2800 ns, Total: 25501 ns
[1.912s][info ][safepoint      ] Safepoint "ICBufferFull", Time since last: 1609141 ns, Reaching safepoint: 93502 ns, At safepoint: 8201 ns, Total: 101703 ns
[1.914s][info ][safepoint      ] Safepoint "ICBufferFull", Time since last: 1750244 ns, Reaching safepoint: 162004 ns, At safepoint: 6301 ns, Total: 168305 ns
[1.916s][info ][safepoint      ] Safepoint "ICBufferFull", Time since last: 1853747 ns, Reaching safepoint: 22500 ns, At safepoint: 2400 ns, Total: 24900 ns
[1.919s][info ][safepoint      ] Safepoint "ICBufferFull", Time since last: 2193056 ns, Reaching safepoint: 116203 ns, At safepoint: 7100 ns, Total: 123303 ns
[1.928s][info ][safepoint      ] Safepoint "ICBufferFull", Time since last: 9012230 ns, Reaching safepoint: 42001 ns, At safepoint: 3400 ns, Total: 45401 ns
[1.929s][info ][safepoint      ] Safepoint "ICBufferFull", Time since last: 985925 ns, Reaching safepoint: 25401 ns, At safepoint: 2400 ns, Total: 27801 ns
[1.929s][info ][safepoint      ] Safepoint "ICBufferFull", Time since last: 501113 ns, Reaching safepoint: 27801 ns, At safepoint: 1900 ns, Total: 29701 ns
[1.931s][info ][safepoint      ] Safepoint "ICBufferFull", Time since last: 1451837 ns, Reaching safepoint: 19400 ns, At safepoint: 2200 ns, Total: 21600 ns
[1.933s][info ][safepoint      ] Safepoint "ICBufferFull", Time since last: 1940350 ns, Reaching safepoint: 16300 ns, At safepoint: 1800 ns, Total: 18100 ns
[1.936s][info ][safepoint      ] Safepoint "ICBufferFull", Time since last: 2969376 ns, Reaching safepoint: 294307 ns, At safepoint: 10600 ns, Total: 304907 ns
[1.936s][info ][safepoint      ] Safepoint "ICBufferFull", Time since last: 490613 ns, Reaching safepoint: 104303 ns, At safepoint: 6100 ns, Total: 110403 ns
[1.943s][info ][safepoint      ] Safepoint "ICBufferFull", Time since last: 6801973 ns, Reaching safepoint: 47401 ns, At safepoint: 7500 ns, Total: 54901 ns
[1.946s][info ][safepoint      ] Safepoint "ICBufferFull", Time since last: 2297759 ns, Reaching safepoint: 31501 ns, At safepoint: 1600 ns, Total: 33101 ns
[1.946s][info ][safepoint      ] Safepoint "ICBufferFull", Time since last: 645016 ns, Reaching safepoint: 16901 ns, At safepoint: 1500 ns, Total: 18401 ns
[1.949s][info ][safepoint      ] Safepoint "ICBufferFull", Time since last: 2219756 ns, Reaching safepoint: 23301 ns, At safepoint: 2300 ns, Total: 25601 ns
[1.950s][info ][safepoint      ] Safepoint "ICBufferFull", Time since last: 1139929 ns, Reaching safepoint: 16500 ns, At safepoint: 1700 ns, Total: 18200 ns
[1.950s][info ][safepoint      ] Safepoint "ICBufferFull", Time since last: 484013 ns, Reaching safepoint: 16400 ns, At safepoint: 1500 ns, Total: 17900 ns
[1.953s][info ][safepoint      ] Safepoint "ICBufferFull", Time since last: 2793971 ns, Reaching safepoint: 22101 ns, At safepoint: 2000 ns, Total: 24101 ns
[1.955s][info ][safepoint      ] Safepoint "ICBufferFull", Time since last: 1577040 ns, Reaching safepoint: 23801 ns, At safepoint: 2700 ns, Total: 26501 ns
[1.956s][info ][safepoint      ] Safepoint "ICBufferFull", Time since last: 1497338 ns, Reaching safepoint: 21301 ns, At safepoint: 2500 ns, Total: 23801 ns
[1.957s][info ][safepoint      ] Safepoint "ICBufferFull", Time since last: 488212 ns, Reaching safepoint: 17501 ns, At safepoint: 1800 ns, Total: 19301 ns
[1.960s][info ][safepoint      ] Safepoint "ICBufferFull", Time since last: 3482688 ns, Reaching safepoint: 26201 ns, At safepoint: 2500 ns, Total: 28701 ns
[1.961s][info ][safepoint      ] Safepoint "ICBufferFull", Time since last: 503513 ns, Reaching safepoint: 15000 ns, At safepoint: 1600 ns, Total: 16600 ns
[1.975s][info ][safepoint      ] Safepoint "ICBufferFull", Time since last: 14739476 ns, Reaching safepoint: 50001 ns, At safepoint: 3900 ns, Total: 53901 ns
[1.991s][info ][safepoint      ] Safepoint "ICBufferFull", Time since last: 15752102 ns, Reaching safepoint: 44701 ns, At safepoint: 2400 ns, Total: 47101 ns
[1.992s][info ][safepoint      ] Safepoint "ICBufferFull", Time since last: 815421 ns, Reaching safepoint: 18900 ns, At safepoint: 1600 ns, Total: 20500 ns
[1.993s][info ][safepoint      ] Safepoint "ICBufferFull", Time since last: 1181230 ns, Reaching safepoint: 19801 ns, At safepoint: 1500 ns, Total: 21301 ns
[1.994s][info ][safepoint      ] Safepoint "ICBufferFull", Time since last: 791620 ns, Reaching safepoint: 18700 ns, At safepoint: 2000 ns, Total: 20700 ns
[1.995s][info ][safepoint      ] Safepoint "ICBufferFull", Time since last: 738219 ns, Reaching safepoint: 18901 ns, At safepoint: 1700 ns, Total: 20601 ns
[1.998s][info ][safepoint      ] Safepoint "ICBufferFull", Time since last: 2733769 ns, Reaching safepoint: 18901 ns, At safepoint: 2000 ns, Total: 20901 ns
[1.999s][info ][safepoint      ] Safepoint "ICBufferFull", Time since last: 1039726 ns, Reaching safepoint: 18301 ns, At safepoint: 1500 ns, Total: 19801 ns
[2.000s][info ][safepoint      ] Safepoint "ICBufferFull", Time since last: 896523 ns, Reaching safepoint: 18600 ns, At safepoint: 2300 ns, Total: 20900 ns
[2.001s][info ][safepoint      ] Safepoint "ICBufferFull", Time since last: 1005926 ns, Reaching safepoint: 24201 ns, At safepoint: 7800 ns, Total: 32001 ns
[2.003s][info ][safepoint      ] Safepoint "ICBufferFull", Time since last: 2553965 ns, Reaching safepoint: 21100 ns, At safepoint: 1800 ns, Total: 22900 ns
[2.005s][info ][safepoint      ] Safepoint "ICBufferFull", Time since last: 1493438 ns, Reaching safepoint: 21901 ns, At safepoint: 1800 ns, Total: 23701 ns
[2.006s][info ][safepoint      ] Safepoint "ICBufferFull", Time since last: 1258832 ns, Reaching safepoint: 20901 ns, At safepoint: 2200 ns, Total: 23101 ns
[2.010s][info ][safepoint      ] Safepoint "ICBufferFull", Time since last: 3880899 ns, Reaching safepoint: 25300 ns, At safepoint: 2600 ns, Total: 27900 ns
[2.011s][info ][safepoint      ] Safepoint "ICBufferFull", Time since last: 767820 ns, Reaching safepoint: 14500 ns, At safepoint: 1400 ns, Total: 15900 ns
[2.012s][info ][safepoint      ] Safepoint "ICBufferFull", Time since last: 1690443 ns, Reaching safepoint: 16801 ns, At safepoint: 1600 ns, Total: 18401 ns
[2.013s][info ][safepoint      ] Safepoint "ICBufferFull", Time since last: 478212 ns, Reaching safepoint: 18700 ns, At safepoint: 2001 ns, Total: 20701 ns
[2.014s][info ][safepoint      ] Safepoint "ICBufferFull", Time since last: 1089527 ns, Reaching safepoint: 17001 ns, At safepoint: 1400 ns, Total: 18401 ns
[2.016s][info ][safepoint      ] Safepoint "ICBufferFull", Time since last: 1716544 ns, Reaching safepoint: 85502 ns, At safepoint: 8000 ns, Total: 93502 ns
[2.017s][info ][safepoint      ] Safepoint "ICBufferFull", Time since last: 1341234 ns, Reaching safepoint: 32801 ns, At safepoint: 2000 ns, Total: 34801 ns
[2.018s][info ][safepoint      ] Safepoint "ICBufferFull", Time since last: 1226431 ns, Reaching safepoint: 26601 ns, At safepoint: 1500 ns, Total: 28101 ns
[2.020s][info ][safepoint      ] Safepoint "ICBufferFull", Time since last: 1416936 ns, Reaching safepoint: 24001 ns, At safepoint: 1900 ns, Total: 25901 ns
[2.021s][info ][safepoint      ] Safepoint "ICBufferFull", Time since last: 1216531 ns, Reaching safepoint: 37001 ns, At safepoint: 1900 ns, Total: 38901 ns
[2.022s][info ][safepoint      ] Safepoint "ICBufferFull", Time since last: 1224131 ns, Reaching safepoint: 22100 ns, At safepoint: 1200 ns, Total: 23300 ns
[2.024s][info ][safepoint      ] Safepoint "ICBufferFull", Time since last: 1217531 ns, Reaching safepoint: 112503 ns, At safepoint: 10301 ns, Total: 122804 ns
[2.025s][info ][safepoint      ] Safepoint "ICBufferFull", Time since last: 1234831 ns, Reaching safepoint: 93402 ns, At safepoint: 5001 ns, Total: 98403 ns
[2.026s][info ][safepoint      ] Safepoint "ICBufferFull", Time since last: 1277432 ns, Reaching safepoint: 21701 ns, At safepoint: 2700 ns, Total: 24401 ns
[2.028s][info ][safepoint      ] Safepoint "ICBufferFull", Time since last: 1339234 ns, Reaching safepoint: 16400 ns, At safepoint: 1600 ns, Total: 18000 ns
[2.029s][info ][safepoint      ] Safepoint "ICBufferFull", Time since last: 1176930 ns, Reaching safepoint: 24801 ns, At safepoint: 2100 ns, Total: 26901 ns
[2.030s][info ][safepoint      ] Safepoint "ICBufferFull", Time since last: 1198631 ns, Reaching safepoint: 33100 ns, At safepoint: 4800 ns, Total: 37900 ns
[2.032s][info ][safepoint      ] Safepoint "ICBufferFull", Time since last: 1245232 ns, Reaching safepoint: 99703 ns, At safepoint: 4500 ns, Total: 104203 ns
[2.033s][info ][safepoint      ] Safepoint "ICBufferFull", Time since last: 1163730 ns, Reaching safepoint: 23100 ns, At safepoint: 2500 ns, Total: 25600 ns
[2.035s][info ][safepoint      ] Safepoint "ICBufferFull", Time since last: 2010951 ns, Reaching safepoint: 19201 ns, At safepoint: 1700 ns, Total: 20901 ns
[2.035s][info ][safepoint      ] Safepoint "ICBufferFull", Time since last: 490412 ns, Reaching safepoint: 17101 ns, At safepoint: 1500 ns, Total: 18601 ns
[2.037s][info ][safepoint      ] Safepoint "ICBufferFull", Time since last: 1331334 ns, Reaching safepoint: 28601 ns, At safepoint: 1300 ns, Total: 29901 ns
[2.039s][info ][safepoint      ] Safepoint "ICBufferFull", Time since last: 2202056 ns, Reaching safepoint: 18200 ns, At safepoint: 6600 ns, Total: 24800 ns
[2.040s][info ][safepoint      ] Safepoint "ICBufferFull", Time since last: 1032227 ns, Reaching safepoint: 19900 ns, At safepoint: 5700 ns, Total: 25600 ns
[2.041s][info ][safepoint      ] Safepoint "ICBufferFull", Time since last: 1146430 ns, Reaching safepoint: 19800 ns, At safepoint: 1900 ns, Total: 21700 ns
[2.042s][info ][safepoint      ] Safepoint "ICBufferFull", Time since last: 1313534 ns, Reaching safepoint: 19600 ns, At safepoint: 5600 ns, Total: 25200 ns
[2.043s][info ][safepoint      ] Safepoint "ICBufferFull", Time since last: 531614 ns, Reaching safepoint: 17800 ns, At safepoint: 1400 ns, Total: 19200 ns
[2.045s][info ][safepoint      ] Safepoint "ICBufferFull", Time since last: 1498038 ns, Reaching safepoint: 16301 ns, At safepoint: 1400 ns, Total: 17701 ns
[2.046s][info ][safepoint      ] Safepoint "ICBufferFull", Time since last: 1367435 ns, Reaching safepoint: 18600 ns, At safepoint: 1700 ns, Total: 20300 ns
[2.047s][info ][safepoint      ] Safepoint "ICBufferFull", Time since last: 622516 ns, Reaching safepoint: 16600 ns, At safepoint: 1400 ns, Total: 18000 ns
[2.048s][info ][safepoint      ] Safepoint "ICBufferFull", Time since last: 1241732 ns, Reaching safepoint: 86302 ns, At safepoint: 5700 ns, Total: 92002 ns
[2.049s][info ][safepoint      ] Safepoint "ICBufferFull", Time since last: 1213931 ns, Reaching safepoint: 17501 ns, At safepoint: 4700 ns, Total: 22201 ns
[2.050s][info ][safepoint      ] Safepoint "ICBufferFull", Time since last: 992325 ns, Reaching safepoint: 17801 ns, At safepoint: 5400 ns, Total: 23201 ns
[2.051s][info ][safepoint      ] Safepoint "ICBufferFull", Time since last: 1122828 ns, Reaching safepoint: 18001 ns, At safepoint: 5400 ns, Total: 23401 ns
[2.052s][info ][safepoint      ] Safepoint "ICBufferFull", Time since last: 786020 ns, Reaching safepoint: 25001 ns, At safepoint: 2600 ns, Total: 27601 ns
[2.053s][info ][safepoint      ] Safepoint "ICBufferFull", Time since last: 948924 ns, Reaching safepoint: 38901 ns, At safepoint: 1900 ns, Total: 40801 ns
[2.054s][info ][safepoint      ] Safepoint "ICBufferFull", Time since last: 1002426 ns, Reaching safepoint: 21000 ns, At safepoint: 1700 ns, Total: 22700 ns
[2.055s][info ][safepoint      ] Safepoint "ICBufferFull", Time since last: 953124 ns, Reaching safepoint: 18601 ns, At safepoint: 1600 ns, Total: 20201 ns
[2.056s][info ][safepoint      ] Safepoint "ICBufferFull", Time since last: 627116 ns, Reaching safepoint: 17500 ns, At safepoint: 1700 ns, Total: 19200 ns
[2.056s][info ][safepoint      ] Safepoint "ICBufferFull", Time since last: 615016 ns, Reaching safepoint: 17601 ns, At safepoint: 1700 ns, Total: 19301 ns
[2.057s][info ][safepoint      ] Safepoint "ICBufferFull", Time since last: 689817 ns, Reaching safepoint: 17401 ns, At safepoint: 1900 ns, Total: 19301 ns
[2.058s][info ][safepoint      ] Safepoint "ICBufferFull", Time since last: 657716 ns, Reaching safepoint: 17701 ns, At safepoint: 1800 ns, Total: 19501 ns
[2.058s][info ][safepoint      ] Safepoint "ICBufferFull", Time since last: 743019 ns, Reaching safepoint: 17500 ns, At safepoint: 1600 ns, Total: 19100 ns
[2.060s][info ][safepoint      ] Safepoint "ICBufferFull", Time since last: 1265533 ns, Reaching safepoint: 16400 ns, At safepoint: 1800 ns, Total: 18200 ns
[2.060s][info ][safepoint      ] Safepoint "ICBufferFull", Time since last: 650717 ns, Reaching safepoint: 16800 ns, At safepoint: 1800 ns, Total: 18600 ns
[2.061s][info ][safepoint      ] Safepoint "ICBufferFull", Time since last: 610616 ns, Reaching safepoint: 42901 ns, At safepoint: 2300 ns, Total: 45201 ns
[2.062s][info ][safepoint      ] Safepoint "ICBufferFull", Time since last: 650516 ns, Reaching safepoint: 37801 ns, At safepoint: 2800 ns, Total: 40601 ns
[2.062s][info ][safepoint      ] Safepoint "ICBufferFull", Time since last: 622316 ns, Reaching safepoint: 30801 ns, At safepoint: 1700 ns, Total: 32501 ns
[2.063s][info ][safepoint      ] Safepoint "ICBufferFull", Time since last: 598815 ns, Reaching safepoint: 18301 ns, At safepoint: 1900 ns, Total: 20201 ns
[2.064s][info ][safepoint      ] Safepoint "ICBufferFull", Time since last: 595615 ns, Reaching safepoint: 17000 ns, At safepoint: 1800 ns, Total: 18800 ns
[2.064s][info ][safepoint      ] Safepoint "ICBufferFull", Time since last: 600016 ns, Reaching safepoint: 16800 ns, At safepoint: 2000 ns, Total: 18800 ns
[2.065s][info ][safepoint      ] Safepoint "ICBufferFull", Time since last: 607416 ns, Reaching safepoint: 33401 ns, At safepoint: 3300 ns, Total: 36701 ns
[2.066s][info ][safepoint      ] Safepoint "ICBufferFull", Time since last: 677217 ns, Reaching safepoint: 21300 ns, At safepoint: 2101 ns, Total: 23401 ns
[2.066s][info ][safepoint      ] Safepoint "ICBufferFull", Time since last: 759919 ns, Reaching safepoint: 18000 ns, At safepoint: 2000 ns, Total: 20000 ns
[2.067s][info ][safepoint      ] Safepoint "ICBufferFull", Time since last: 764620 ns, Reaching safepoint: 18300 ns, At safepoint: 1900 ns, Total: 20200 ns
[2.068s][info ][safepoint      ] Safepoint "ICBufferFull", Time since last: 930124 ns, Reaching safepoint: 18401 ns, At safepoint: 2400 ns, Total: 20801 ns
[2.069s][info ][safepoint      ] Safepoint "ICBufferFull", Time since last: 764019 ns, Reaching safepoint: 17801 ns, At safepoint: 2100 ns, Total: 19901 ns
[2.070s][info ][safepoint      ] Safepoint "ICBufferFull", Time since last: 786920 ns, Reaching safepoint: 17500 ns, At safepoint: 5500 ns, Total: 23000 ns
[2.074s][info ][safepoint      ] Safepoint "ICBufferFull", Time since last: 4279509 ns, Reaching safepoint: 49702 ns, At safepoint: 8800 ns, Total: 58502 ns
[2.077s][info ][safepoint      ] Safepoint "ICBufferFull", Time since last: 2749570 ns, Reaching safepoint: 35101 ns, At safepoint: 2500 ns, Total: 37601 ns
[2.079s][info ][safepoint      ] Safepoint "ICBufferFull", Time since last: 2352260 ns, Reaching safepoint: 34901 ns, At safepoint: 6800 ns, Total: 41701 ns
[2.082s][info ][safepoint      ] Safepoint "ICBufferFull", Time since last: 2379760 ns, Reaching safepoint: 21001 ns, At safepoint: 2600 ns, Total: 23601 ns
[2.083s][info ][safepoint      ] Safepoint "ICBufferFull", Time since last: 1265732 ns, Reaching safepoint: 19701 ns, At safepoint: 1900 ns, Total: 21601 ns
[2.084s][info ][safepoint      ] Safepoint "ICBufferFull", Time since last: 1041026 ns, Reaching safepoint: 37501 ns, At safepoint: 1500 ns, Total: 39001 ns
[2.085s][info ][safepoint      ] Safepoint "ICBufferFull", Time since last: 1062227 ns, Reaching safepoint: 30301 ns, At safepoint: 1500 ns, Total: 31801 ns
[2.086s][info ][safepoint      ] Safepoint "ICBufferFull", Time since last: 1103828 ns, Reaching safepoint: 19101 ns, At safepoint: 1900 ns, Total: 21001 ns
[2.088s][info ][safepoint      ] Safepoint "ICBufferFull", Time since last: 1599941 ns, Reaching safepoint: 18500 ns, At safepoint: 2000 ns, Total: 20500 ns
[2.089s][info ][safepoint      ] Safepoint "ICBufferFull", Time since last: 663117 ns, Reaching safepoint: 17100 ns, At safepoint: 5701 ns, Total: 22801 ns
[2.164s][info ][safepoint      ] Safepoint "ICBufferFull", Time since last: 75761230 ns, Reaching safepoint: 103603 ns, At safepoint: 7000 ns, Total: 110603 ns
[2.339s][info ][safepoint      ] Safepoint "ICBufferFull", Time since last: 174860455 ns, Reaching safepoint: 170604 ns, At safepoint: 3000 ns, Total: 173604 ns
[2.476s][info ][gc,start       ] GC(2) Pause Young (Metadata GC Threshold)
[2.504s][debug][gc,phases      ] GC(2) Scavenge 27.148ms
[2.504s][debug][gc,ref         ] GC(2) Skipped phase 1 of Reference Processing: no references
[2.504s][debug][gc,ref         ] GC(2) ReferenceProcessor::execute queues: 2, RefProcThreadModel::Multi, marks_oops_alive: false
[2.504s][debug][gc,ref         ] GC(2) Skipped phase 3 of Reference Processing: no references
[2.504s][debug][gc,ref         ] GC(2) ReferenceProcessor::execute queues: 1, RefProcThreadModel::Single, marks_oops_alive: false
[2.504s][debug][gc,phases      ] GC(2) Reference Processing 0.305ms
[2.504s][debug][gc,phases      ] GC(2)   VM Weak                        Min:  0.0, Avg:  0.0, Max:  0.0, Diff:  0.0, Sum:  0.0, Workers: 4
[2.504s][debug][gc,phases      ] GC(2)     Dead                           Min: 0, Avg:  0.0, Max: 0, Diff: 0, Sum: 0, Workers: 4
[2.504s][debug][gc,phases      ] GC(2)     Total                          Min: 0, Avg: 60.0, Max: 176, Diff: 176, Sum: 240, Workers: 4
[2.504s][debug][gc,phases      ] GC(2)   ObjectSynchronizer Weak        Min:  0.0, Avg:  0.0, Max:  0.0, Diff:  0.0, Sum:  0.0, Workers: 4
[2.504s][debug][gc,phases      ] GC(2)     Dead                           Min: 0, Avg:  0.2, Max: 1, Diff: 1, Sum: 1, Workers: 4
[2.504s][debug][gc,phases      ] GC(2)     Total                          Min: 0, Avg:  4.0, Max: 16, Diff: 16, Sum: 16, Workers: 4
[2.504s][debug][gc,phases      ] GC(2)   JVMTI Tag Weak OopStorage      Min:  0.0, Avg:  0.0, Max:  0.0, Diff:  0.0, Sum:  0.0, Workers: 4
[2.504s][debug][gc,phases      ] GC(2)     Dead                           Min: 0, Avg:  0.0, Max: 0, Diff: 0, Sum: 0, Workers: 4
[2.504s][debug][gc,phases      ] GC(2)     Total                          Min: 0, Avg:  0.0, Max: 0, Diff: 0, Sum: 0, Workers: 4
[2.504s][debug][gc,phases      ] GC(2)   StringTable Weak               Min:  0.1, Avg:  0.2, Max:  0.2, Diff:  0.0, Sum:  0.6, Workers: 4
[2.504s][debug][gc,phases      ] GC(2)     Dead                           Min: 1, Avg:  6.0, Max: 15, Diff: 14, Sum: 24, Workers: 4
[2.504s][debug][gc,phases      ] GC(2)     Total                          Min: 3392, Avg: 4951.8, Max: 6367, Diff: 2975, Sum: 19807, Workers: 4
[2.504s][debug][gc,phases      ] GC(2)   ResolvedMethodTable Weak       Min:  0.0, Avg:  0.0, Max:  0.0, Diff:  0.0, Sum:  0.1, Workers: 4
[2.504s][debug][gc,phases      ] GC(2)     Dead                           Min: 4, Avg: 18.0, Max: 48, Diff: 44, Sum: 72, Workers: 4
[2.504s][debug][gc,phases      ] GC(2)     Total                          Min: 256, Avg: 459.8, Max: 704, Diff: 448, Sum: 1839, Workers: 4
[2.504s][debug][gc,phases      ] GC(2)   JNI Weak                       Min:  0.0, Avg:  0.0, Max:  0.0, Diff:  0.0, Sum:  0.0, Workers: 4
[2.504s][debug][gc,phases      ] GC(2)     Dead                           Min: 0, Avg:  0.0, Max: 0, Diff: 0, Sum: 0, Workers: 4
[2.504s][debug][gc,phases      ] GC(2)     Total                          Min: 0, Avg:  0.0, Max: 0, Diff: 0, Sum: 0, Workers: 4
[2.504s][debug][gc,phases      ] GC(2)   StringDedup Table Weak         Min:  0.0, Avg:  0.0, Max:  0.0, Diff:  0.0, Sum:  0.0, Workers: 4
[2.504s][debug][gc,phases      ] GC(2)     Dead                           Min: 0, Avg:  0.0, Max: 0, Diff: 0, Sum: 0, Workers: 4
[2.504s][debug][gc,phases      ] GC(2)     Total                          Min: 0, Avg:  0.0, Max: 0, Diff: 0, Sum: 0, Workers: 4
[2.504s][debug][gc,phases      ] GC(2)   StringDedup Requests0 Weak     Min:  0.0, Avg:  0.0, Max:  0.0, Diff:  0.0, Sum:  0.0, Workers: 4
[2.504s][debug][gc,phases      ] GC(2)     Dead                           Min: 0, Avg:  0.0, Max: 0, Diff: 0, Sum: 0, Workers: 4
[2.504s][debug][gc,phases      ] GC(2)     Total                          Min: 0, Avg:  0.0, Max: 0, Diff: 0, Sum: 0, Workers: 4
[2.504s][debug][gc,phases      ] GC(2)   StringDedup Requests1 Weak     Min:  0.0, Avg:  0.0, Max:  0.0, Diff:  0.0, Sum:  0.0, Workers: 4
[2.504s][debug][gc,phases      ] GC(2)     Dead                           Min: 0, Avg:  0.0, Max: 0, Diff: 0, Sum: 0, Workers: 4
[2.504s][debug][gc,phases      ] GC(2)     Total                          Min: 0, Avg:  0.0, Max: 0, Diff: 0, Sum: 0, Workers: 4
[2.504s][debug][gc,phases      ] GC(2)   Weak JFR Old Object Samples    Min:  0.0, Avg:  0.0, Max:  0.0, Diff:  0.0, Sum:  0.0, Workers: 4
[2.504s][debug][gc,phases      ] GC(2)     Dead                           Min: 0, Avg:  0.0, Max: 0, Diff: 0, Sum: 0, Workers: 4
[2.504s][debug][gc,phases      ] GC(2)     Total                          Min: 0, Avg:  0.0, Max: 0, Diff: 0, Sum: 0, Workers: 4
[2.504s][debug][gc,phases      ] GC(2) Weak Processing 0.371ms
[2.504s][debug][gc,age         ] GC(2) Desired survivor size 536870912 bytes, new threshold 7 (max threshold 15)
[2.504s][info ][gc,heap        ] GC(2) PSYoungGen: 443015K(1572864K)->56326K(1572864K) Eden: 432014K(1048576K)->0K(1048576K) From: 11001K(524288K)->56326K(524288K)
[2.504s][info ][gc,heap        ] GC(2) ParOldGen: 5669K(6144K)->5677K(6144K)
[2.504s][info ][gc,metaspace   ] GC(2) Metaspace: 35461K(35840K)->35461K(35840K) NonClass: 30995K(31168K)->30995K(31168K) Class: 4465K(4672K)->4465K(4672K)
[2.504s][info ][gc             ] GC(2) Pause Young (Metadata GC Threshold) 438M->60M(1542M) 27.954ms
[2.504s][info ][gc,cpu         ] GC(2) User=0.11s Sys=0.01s Real=0.03s
[2.504s][debug][gc,phases      ] GC(3) Pre Compact 0.009ms
[2.504s][info ][gc,start       ] GC(3) Pause Full (Metadata GC Threshold)
[2.504s][info ][gc,phases,start] GC(3) Marking Phase
[2.522s][debug][gc,phases      ] GC(3) Par Mark 17.318ms
[2.522s][debug][gc,ref         ] GC(3) Skipped phase 1 of Reference Processing: no references
[2.522s][debug][gc,ref         ] GC(3) ReferenceProcessor::execute queues: 2, RefProcThreadModel::Multi, marks_oops_alive: false
[2.522s][debug][gc,ref         ] GC(3) Skipped phase 3 of Reference Processing: no references
[2.522s][debug][gc,ref         ] GC(3) ReferenceProcessor::execute queues: 1, RefProcThreadModel::Single, marks_oops_alive: false
[2.522s][debug][gc,phases      ] GC(3) Reference Processing 0.136ms
[2.522s][debug][gc,phases      ] GC(3)   VM Weak                        Min:  0.0, Avg:  0.0, Max:  0.0, Diff:  0.0, Sum:  0.0, Workers: 4
[2.522s][debug][gc,phases      ] GC(3)     Dead                           Min: 0, Avg:  0.0, Max: 0, Diff: 0, Sum: 0, Workers: 4
[2.522s][debug][gc,phases      ] GC(3)     Total                          Min: 0, Avg: 60.0, Max: 128, Diff: 128, Sum: 240, Workers: 4
[2.522s][debug][gc,phases      ] GC(3)   ObjectSynchronizer Weak        Min:  0.0, Avg:  0.0, Max:  0.0, Diff:  0.0, Sum:  0.0, Workers: 4
[2.522s][debug][gc,phases      ] GC(3)     Dead                           Min: 0, Avg:  1.0, Max: 4, Diff: 4, Sum: 4, Workers: 4
[2.522s][debug][gc,phases      ] GC(3)     Total                          Min: 0, Avg:  4.0, Max: 16, Diff: 16, Sum: 16, Workers: 4
[2.522s][debug][gc,phases      ] GC(3)   JVMTI Tag Weak OopStorage      Min:  0.0, Avg:  0.0, Max:  0.0, Diff:  0.0, Sum:  0.0, Workers: 4
[2.522s][debug][gc,phases      ] GC(3)     Dead                           Min: 0, Avg:  0.0, Max: 0, Diff: 0, Sum: 0, Workers: 4
[2.522s][debug][gc,phases      ] GC(3)     Total                          Min: 0, Avg:  0.0, Max: 0, Diff: 0, Sum: 0, Workers: 4
[2.522s][debug][gc,phases      ] GC(3)   StringTable Weak               Min:  0.1, Avg:  0.1, Max:  0.1, Diff:  0.0, Sum:  0.3, Workers: 4
[2.522s][debug][gc,phases      ] GC(3)     Dead                           Min: 0, Avg:  0.0, Max: 0, Diff: 0, Sum: 0, Workers: 4
[2.522s][debug][gc,phases      ] GC(3)     Total                          Min: 4480, Avg: 4951.8, Max: 5632, Diff: 1152, Sum: 19807, Workers: 4
[2.522s][debug][gc,phases      ] GC(3)   ResolvedMethodTable Weak       Min:  0.0, Avg:  0.0, Max:  0.0, Diff:  0.0, Sum:  0.0, Workers: 4
[2.522s][debug][gc,phases      ] GC(3)     Dead                           Min: 0, Avg:  0.0, Max: 0, Diff: 0, Sum: 0, Workers: 4
[2.522s][debug][gc,phases      ] GC(3)     Total                          Min: 320, Avg: 459.8, Max: 576, Diff: 256, Sum: 1839, Workers: 4
[2.522s][debug][gc,phases      ] GC(3)   JNI Weak                       Min:  0.0, Avg:  0.0, Max:  0.0, Diff:  0.0, Sum:  0.0, Workers: 4
[2.522s][debug][gc,phases      ] GC(3)     Dead                           Min: 0, Avg:  0.0, Max: 0, Diff: 0, Sum: 0, Workers: 4
[2.522s][debug][gc,phases      ] GC(3)     Total                          Min: 0, Avg:  0.0, Max: 0, Diff: 0, Sum: 0, Workers: 4
[2.522s][debug][gc,phases      ] GC(3)   StringDedup Table Weak         Min:  0.0, Avg:  0.0, Max:  0.0, Diff:  0.0, Sum:  0.0, Workers: 4
[2.522s][debug][gc,phases      ] GC(3)     Dead                           Min: 0, Avg:  0.0, Max: 0, Diff: 0, Sum: 0, Workers: 4
[2.522s][debug][gc,phases      ] GC(3)     Total                          Min: 0, Avg:  0.0, Max: 0, Diff: 0, Sum: 0, Workers: 4
[2.522s][debug][gc,phases      ] GC(3)   StringDedup Requests0 Weak     Min:  0.0, Avg:  0.0, Max:  0.0, Diff:  0.0, Sum:  0.0, Workers: 4
[2.522s][debug][gc,phases      ] GC(3)     Dead                           Min: 0, Avg:  0.0, Max: 0, Diff: 0, Sum: 0, Workers: 4
[2.522s][debug][gc,phases      ] GC(3)     Total                          Min: 0, Avg:  0.0, Max: 0, Diff: 0, Sum: 0, Workers: 4
[2.522s][debug][gc,phases      ] GC(3)   StringDedup Requests1 Weak     Min:  0.0, Avg:  0.0, Max:  0.0, Diff:  0.0, Sum:  0.0, Workers: 4
[2.522s][debug][gc,phases      ] GC(3)     Dead                           Min: 0, Avg:  0.0, Max: 0, Diff: 0, Sum: 0, Workers: 4
[2.522s][debug][gc,phases      ] GC(3)     Total                          Min: 0, Avg:  0.0, Max: 0, Diff: 0, Sum: 0, Workers: 4
[2.522s][debug][gc,phases      ] GC(3)   Weak JFR Old Object Samples    Min:  0.0, Avg:  0.0, Max:  0.0, Diff:  0.0, Sum:  0.0, Workers: 4
[2.522s][debug][gc,phases      ] GC(3)     Dead                           Min: 0, Avg:  0.0, Max: 0, Diff: 0, Sum: 0, Workers: 4
[2.522s][debug][gc,phases      ] GC(3)     Total                          Min: 0, Avg:  0.0, Max: 0, Diff: 0, Sum: 0, Workers: 4
[2.522s][debug][gc,phases      ] GC(3) Weak Processing 0.258ms
[2.522s][debug][gc,phases      ] GC(3) ClassLoaderData 0.034ms
[2.522s][debug][gc,phases      ] GC(3) Trigger cleanups 0.000ms
[2.526s][debug][gc,phases      ] GC(3) Class Unloading 3.560ms
[2.526s][info ][gc,phases      ] GC(3) Marking Phase 21.377ms
[2.526s][info ][gc,phases,start] GC(3) Summary Phase
[2.526s][info ][gc,phases      ] GC(3) Summary Phase 0.006ms
[2.526s][info ][gc,phases,start] GC(3) Adjust Roots
[2.529s][info ][gc,phases      ] GC(3) Adjust Roots 3.691ms
[2.529s][info ][gc,phases,start] GC(3) Compaction Phase
[2.765s][info ][gc,phases      ] GC(3) Compaction Phase 235.576ms
[2.765s][info ][gc,phases,start] GC(3) Post Compact
[2.766s][info ][gc,phases      ] GC(3) Post Compact 0.693ms
[2.766s][info ][gc,heap        ] GC(3) PSYoungGen: 56326K(1572864K)->55689K(1572864K) Eden: 0K(1048576K)->0K(1048576K) From: 56326K(524288K)->55689K(524288K)
[2.766s][info ][gc,heap        ] GC(3) ParOldGen: 5677K(6144K)->6119K(6144K)
[2.766s][info ][gc,metaspace   ] GC(3) Metaspace: 35461K(35840K)->35461K(35840K) NonClass: 30995K(31168K)->30995K(31168K) Class: 4465K(4672K)->4465K(4672K)
[2.766s][info ][gc             ] GC(3) Pause Full (Metadata GC Threshold) 60M->60M(1542M) 261.436ms
[2.766s][info ][gc,cpu         ] GC(3) User=0.56s Sys=0.01s Real=0.26s
[2.766s][info ][safepoint      ] Safepoint "CollectForMetadataAllocation", Time since last: 136750885 ns, Reaching safepoint: 73502 ns, At safepoint: 289507176 ns, Total: 289580678 ns
[2.962s][info ][safepoint      ] Safepoint "ICBufferFull", Time since last: 195555782 ns, Reaching safepoint: 158205 ns, At safepoint: 10300 ns, Total: 168505 ns
[3.130s][info ][safepoint      ] Safepoint "ICBufferFull", Time since last: 168384290 ns, Reaching safepoint: 208705 ns, At safepoint: 5800 ns, Total: 214505 ns
[3.240s][info ][safepoint      ] Safepoint "ICBufferFull", Time since last: 109790398 ns, Reaching safepoint: 210105 ns, At safepoint: 23201 ns, Total: 233306 ns
[3.241s][info ][safepoint      ] Safepoint "ICBufferFull", Time since last: 731618 ns, Reaching safepoint: 226206 ns, At safepoint: 23401 ns, Total: 249607 ns
[3.327s][info ][safepoint      ] Safepoint "ICBufferFull", Time since last: 85535779 ns, Reaching safepoint: 218306 ns, At safepoint: 24300 ns, Total: 242606 ns
[3.488s][info ][safepoint      ] Safepoint "ICBufferFull", Time since last: 160438788 ns, Reaching safepoint: 239006 ns, At safepoint: 27701 ns, Total: 266707 ns
[3.490s][info ][safepoint      ] Safepoint "ICBufferFull", Time since last: 1918949 ns, Reaching safepoint: 107603 ns, At safepoint: 19900 ns, Total: 127503 ns
[3.490s][info ][safepoint      ] Safepoint "ICBufferFull", Time since last: 50001 ns, Reaching safepoint: 91303 ns, At safepoint: 22400 ns, Total: 113703 ns
[3.494s][info ][safepoint      ] Safepoint "ICBufferFull", Time since last: 4171106 ns, Reaching safepoint: 109403 ns, At safepoint: 20601 ns, Total: 130004 ns
[3.554s][info ][safepoint      ] Safepoint "ICBufferFull", Time since last: 56472139 ns, Reaching safepoint: 3290783 ns, At safepoint: 31001 ns, Total: 3321784 ns
[3.556s][info ][safepoint      ] Safepoint "ICBufferFull", Time since last: 1670243 ns, Reaching safepoint: 131703 ns, At safepoint: 23201 ns, Total: 154904 ns
[3.797s][info ][safepoint      ] Safepoint "ICBufferFull", Time since last: 241155944 ns, Reaching safepoint: 215106 ns, At safepoint: 23000 ns, Total: 238106 ns
[3.811s][info ][safepoint      ] Safepoint "ICBufferFull", Time since last: 14012857 ns, Reaching safepoint: 153604 ns, At safepoint: 23401 ns, Total: 177005 ns
[3.815s][info ][safepoint      ] Safepoint "ICBufferFull", Time since last: 3899499 ns, Reaching safepoint: 114703 ns, At safepoint: 29701 ns, Total: 144404 ns
[3.818s][info ][safepoint      ] Safepoint "ICBufferFull", Time since last: 2325959 ns, Reaching safepoint: 114303 ns, At safepoint: 28101 ns, Total: 142404 ns
[3.820s][info ][safepoint      ] Safepoint "ICBufferFull", Time since last: 2172855 ns, Reaching safepoint: 111903 ns, At safepoint: 19500 ns, Total: 131403 ns
[3.823s][info ][safepoint      ] Safepoint "ICBufferFull", Time since last: 2222457 ns, Reaching safepoint: 105303 ns, At safepoint: 25300 ns, Total: 130603 ns
[3.828s][info ][safepoint      ] Safepoint "ICBufferFull", Time since last: 5759047 ns, Reaching safepoint: 115503 ns, At safepoint: 24401 ns, Total: 139904 ns
[3.830s][info ][safepoint      ] Safepoint "ICBufferFull", Time since last: 1820646 ns, Reaching safepoint: 112303 ns, At safepoint: 25901 ns, Total: 138204 ns
[3.833s][info ][safepoint      ] Safepoint "ICBufferFull", Time since last: 2036551 ns, Reaching safepoint: 117403 ns, At safepoint: 20501 ns, Total: 137904 ns
[3.835s][info ][safepoint      ] Safepoint "ICBufferFull", Time since last: 1887648 ns, Reaching safepoint: 119603 ns, At safepoint: 19801 ns, Total: 139404 ns
[3.836s][info ][safepoint      ] Safepoint "ICBufferFull", Time since last: 1683942 ns, Reaching safepoint: 120304 ns, At safepoint: 34300 ns, Total: 154604 ns
[3.838s][info ][safepoint      ] Safepoint "ICBufferFull", Time since last: 1907149 ns, Reaching safepoint: 102203 ns, At safepoint: 22300 ns, Total: 124503 ns
[3.844s][info ][safepoint      ] Safepoint "ICBufferFull", Time since last: 5214133 ns, Reaching safepoint: 258907 ns, At safepoint: 35601 ns, Total: 294508 ns
[3.846s][info ][safepoint      ] Safepoint "ICBufferFull", Time since last: 1434636 ns, Reaching safepoint: 131303 ns, At safepoint: 23801 ns, Total: 155104 ns
[3.848s][info ][safepoint      ] Safepoint "ICBufferFull", Time since last: 1835447 ns, Reaching safepoint: 110303 ns, At safepoint: 29500 ns, Total: 139803 ns
[3.849s][info ][safepoint      ] Safepoint "ICBufferFull", Time since last: 1651342 ns, Reaching safepoint: 103303 ns, At safepoint: 19501 ns, Total: 122804 ns
[3.851s][info ][safepoint      ] Safepoint "ICBufferFull", Time since last: 1828846 ns, Reaching safepoint: 109403 ns, At safepoint: 27201 ns, Total: 136604 ns
[3.856s][info ][safepoint      ] Safepoint "ICBufferFull", Time since last: 4855523 ns, Reaching safepoint: 125804 ns, At safepoint: 29700 ns, Total: 155504 ns
[3.859s][info ][safepoint      ] Safepoint "ICBufferFull", Time since last: 2327660 ns, Reaching safepoint: 118503 ns, At safepoint: 16400 ns, Total: 134903 ns
[3.860s][info ][safepoint      ] Safepoint "ICBufferFull", Time since last: 1533939 ns, Reaching safepoint: 110503 ns, At safepoint: 15400 ns, Total: 125903 ns
[3.862s][info ][safepoint      ] Safepoint "ICBufferFull", Time since last: 1688943 ns, Reaching safepoint: 98003 ns, At safepoint: 23000 ns, Total: 121003 ns
[3.864s][info ][safepoint      ] Safepoint "ICBufferFull", Time since last: 1520539 ns, Reaching safepoint: 111603 ns, At safepoint: 18701 ns, Total: 130304 ns
[3.865s][info ][safepoint      ] Safepoint "ICBufferFull", Time since last: 1221031 ns, Reaching safepoint: 87602 ns, At safepoint: 15500 ns, Total: 103102 ns
[3.881s][info ][safepoint      ] Safepoint "ICBufferFull", Time since last: 15764402 ns, Reaching safepoint: 122003 ns, At safepoint: 20601 ns, Total: 142604 ns
[3.883s][info ][safepoint      ] Safepoint "ICBufferFull", Time since last: 1680642 ns, Reaching safepoint: 91703 ns, At safepoint: 19500 ns, Total: 111203 ns
[3.884s][info ][safepoint      ] Safepoint "ICBufferFull", Time since last: 1457037 ns, Reaching safepoint: 102303 ns, At safepoint: 18700 ns, Total: 121003 ns
[3.958s][info ][safepoint      ] Safepoint "ICBufferFull", Time since last: 70408094 ns, Reaching safepoint: 3264783 ns, At safepoint: 33801 ns, Total: 3298584 ns
[3.969s][info ][safepoint      ] Safepoint "ICBufferFull", Time since last: 11028081 ns, Reaching safepoint: 151304 ns, At safepoint: 28101 ns, Total: 179405 ns
[3.982s][info ][safepoint      ] Safepoint "ICBufferFull", Time since last: 10893577 ns, Reaching safepoint: 2134955 ns, At safepoint: 31901 ns, Total: 2166856 ns
[4.001s][info ][safepoint      ] Safepoint "ICBufferFull", Time since last: 18803179 ns, Reaching safepoint: 142803 ns, At safepoint: 36901 ns, Total: 179704 ns
[4.027s][info ][safepoint      ] Safepoint "ICBufferFull", Time since last: 25587352 ns, Reaching safepoint: 155304 ns, At safepoint: 18701 ns, Total: 174005 ns
[4.040s][info ][safepoint      ] Safepoint "ICBufferFull", Time since last: 12562020 ns, Reaching safepoint: 274707 ns, At safepoint: 28700 ns, Total: 303407 ns
[4.047s][info ][safepoint      ] Safepoint "ICBufferFull", Time since last: 6841075 ns, Reaching safepoint: 148704 ns, At safepoint: 22900 ns, Total: 171604 ns
[4.054s][info ][safepoint      ] Safepoint "ICBufferFull", Time since last: 6403763 ns, Reaching safepoint: 148504 ns, At safepoint: 23001 ns, Total: 171505 ns
[4.082s][info ][safepoint      ] Safepoint "ICBufferFull", Time since last: 28651230 ns, Reaching safepoint: 127203 ns, At safepoint: 26101 ns, Total: 153304 ns
[4.089s][info ][safepoint      ] Safepoint "ICBufferFull", Time since last: 6086355 ns, Reaching safepoint: 295407 ns, At safepoint: 26501 ns, Total: 321908 ns
[4.095s][info ][safepoint      ] Safepoint "ICBufferFull", Time since last: 6189658 ns, Reaching safepoint: 120703 ns, At safepoint: 26100 ns, Total: 146803 ns
[4.106s][info ][safepoint      ] Safepoint "ICBufferFull", Time since last: 6682671 ns, Reaching safepoint: 4301309 ns, At safepoint: 27701 ns, Total: 4329010 ns
[4.117s][info ][safepoint      ] Safepoint "ICBufferFull", Time since last: 10742274 ns, Reaching safepoint: 141603 ns, At safepoint: 27501 ns, Total: 169104 ns
[4.126s][info ][safepoint      ] Safepoint "ICBufferFull", Time since last: 9064631 ns, Reaching safepoint: 123203 ns, At safepoint: 38601 ns, Total: 161804 ns
[4.127s][info ][safepoint      ] Safepoint "ICBufferFull", Time since last: 71702 ns, Reaching safepoint: 94702 ns, At safepoint: 27701 ns, Total: 122403 ns
[4.127s][info ][safepoint      ] Safepoint "ICBufferFull", Time since last: 38201 ns, Reaching safepoint: 88002 ns, At safepoint: 33601 ns, Total: 121603 ns
[4.127s][info ][safepoint      ] Safepoint "ICBufferFull", Time since last: 138404 ns, Reaching safepoint: 101302 ns, At safepoint: 23201 ns, Total: 124503 ns
[4.127s][info ][safepoint      ] Safepoint "ICBufferFull", Time since last: 395410 ns, Reaching safepoint: 98902 ns, At safepoint: 44801 ns, Total: 143703 ns
[4.128s][info ][safepoint      ] Safepoint "ICBufferFull", Time since last: 168105 ns, Reaching safepoint: 88902 ns, At safepoint: 31401 ns, Total: 120303 ns
[4.128s][info ][safepoint      ] Safepoint "ICBufferFull", Time since last: 511913 ns, Reaching safepoint: 104002 ns, At safepoint: 23401 ns, Total: 127403 ns
[4.140s][info ][safepoint      ] Safepoint "ICBufferFull", Time since last: 11218786 ns, Reaching safepoint: 250706 ns, At safepoint: 34801 ns, Total: 285507 ns
[4.158s][info ][safepoint      ] Safepoint "ICBufferFull", Time since last: 17635049 ns, Reaching safepoint: 128404 ns, At safepoint: 26100 ns, Total: 154504 ns
[4.166s][info ][safepoint      ] Safepoint "ICBufferFull", Time since last: 7832200 ns, Reaching safepoint: 120703 ns, At safepoint: 22501 ns, Total: 143204 ns
[4.166s][info ][safepoint      ] Safepoint "ICBufferFull", Time since last: 75202 ns, Reaching safepoint: 85602 ns, At safepoint: 22300 ns, Total: 107902 ns
[4.176s][info ][safepoint      ] Safepoint "ICBufferFull", Time since last: 10149559 ns, Reaching safepoint: 296807 ns, At safepoint: 24401 ns, Total: 321208 ns
[4.177s][info ][safepoint      ] Safepoint "ICBufferFull", Time since last: 72002 ns, Reaching safepoint: 86902 ns, At safepoint: 20701 ns, Total: 107603 ns
[4.198s][info ][safepoint      ] Safepoint "ICBufferFull", Time since last: 21593250 ns, Reaching safepoint: 125703 ns, At safepoint: 22701 ns, Total: 148404 ns
[4.215s][info ][safepoint      ] Safepoint "ICBufferFull", Time since last: 16222413 ns, Reaching safepoint: 119203 ns, At safepoint: 25301 ns, Total: 144504 ns
[4.222s][debug][gc,phases      ] GC(4) Pre Compact 0.021ms
[4.222s][info ][gc,start       ] GC(4) Pause Full (Ergonomics)
[4.222s][info ][gc,phases,start] GC(4) Marking Phase
[4.319s][debug][gc,phases      ] GC(4) Par Mark 97.540ms
[4.319s][debug][gc,ref         ] GC(4) Skipped phase 1 of Reference Processing: no references
[4.320s][debug][gc,ref         ] GC(4) ReferenceProcessor::execute queues: 4, RefProcThreadModel::Multi, marks_oops_alive: false
[4.320s][debug][gc,ref         ] GC(4) Skipped phase 3 of Reference Processing: no references
[4.320s][debug][gc,ref         ] GC(4) ReferenceProcessor::execute queues: 3, RefProcThreadModel::Multi, marks_oops_alive: false
[4.320s][debug][gc,phases      ] GC(4) Reference Processing 1.000ms
[4.321s][debug][gc,phases      ] GC(4)   VM Weak                        Min:  0.0, Avg:  0.0, Max:  0.0, Diff:  0.0, Sum:  0.0, Workers: 4
[4.321s][debug][gc,phases      ] GC(4)     Dead                           Min: 0, Avg:  2.0, Max: 8, Diff: 8, Sum: 8, Workers: 4
[4.321s][debug][gc,phases      ] GC(4)     Total                          Min: 0, Avg: 98.2, Max: 329, Diff: 329, Sum: 393, Workers: 4
[4.321s][debug][gc,phases      ] GC(4)   ObjectSynchronizer Weak        Min:  0.0, Avg:  0.0, Max:  0.0, Diff:  0.0, Sum:  0.0, Workers: 4
[4.321s][debug][gc,phases      ] GC(4)     Dead                           Min: 61, Avg: 88.2, Max: 125, Diff: 64, Sum: 353, Workers: 4
[4.321s][debug][gc,phases      ] GC(4)     Total                          Min: 64, Avg: 101.2, Max: 128, Diff: 64, Sum: 405, Workers: 4
[4.321s][debug][gc,phases      ] GC(4)   JVMTI Tag Weak OopStorage      Min:  0.0, Avg:  0.0, Max:  0.0, Diff:  0.0, Sum:  0.0, Workers: 4
[4.321s][debug][gc,phases      ] GC(4)     Dead                           Min: 0, Avg:  0.0, Max: 0, Diff: 0, Sum: 0, Workers: 4
[4.321s][debug][gc,phases      ] GC(4)     Total                          Min: 0, Avg:  0.0, Max: 0, Diff: 0, Sum: 0, Workers: 4
[4.321s][debug][gc,phases      ] GC(4)   StringTable Weak               Min:  0.1, Avg:  0.1, Max:  0.1, Diff:  0.0, Sum:  0.6, Workers: 4
[4.321s][debug][gc,phases      ] GC(4)     Dead                           Min: 1, Avg:  6.2, Max: 16, Diff: 15, Sum: 25, Workers: 4
[4.321s][debug][gc,phases      ] GC(4)     Total                          Min: 7872, Avg: 9223.0, Max: 10752, Diff: 2880, Sum: 36892, Workers: 4
[4.321s][debug][gc,phases      ] GC(4)   ResolvedMethodTable Weak       Min:  0.0, Avg:  0.0, Max:  0.0, Diff:  0.0, Sum:  0.1, Workers: 4
[4.321s][debug][gc,phases      ] GC(4)     Dead                           Min: 25, Avg: 29.8, Max: 34, Diff: 9, Sum: 119, Workers: 4
[4.321s][debug][gc,phases      ] GC(4)     Total                          Min: 957, Avg: 1183.2, Max: 1344, Diff: 387, Sum: 4733, Workers: 4
[4.321s][debug][gc,phases      ] GC(4)   JNI Weak                       Min:  0.0, Avg:  0.0, Max:  0.0, Diff:  0.0, Sum:  0.0, Workers: 4
[4.321s][debug][gc,phases      ] GC(4)     Dead                           Min: 0, Avg:  0.0, Max: 0, Diff: 0, Sum: 0, Workers: 4
[4.321s][debug][gc,phases      ] GC(4)     Total                          Min: 0, Avg:  1.5, Max: 6, Diff: 6, Sum: 6, Workers: 4
[4.321s][debug][gc,phases      ] GC(4)   StringDedup Table Weak         Min:  0.0, Avg:  0.0, Max:  0.0, Diff:  0.0, Sum:  0.0, Workers: 4
[4.321s][debug][gc,phases      ] GC(4)     Dead                           Min: 0, Avg:  0.0, Max: 0, Diff: 0, Sum: 0, Workers: 4
[4.321s][debug][gc,phases      ] GC(4)     Total                          Min: 0, Avg:  0.0, Max: 0, Diff: 0, Sum: 0, Workers: 4
[4.321s][debug][gc,phases      ] GC(4)   StringDedup Requests0 Weak     Min:  0.0, Avg:  0.0, Max:  0.0, Diff:  0.0, Sum:  0.0, Workers: 4
[4.321s][debug][gc,phases      ] GC(4)     Dead                           Min: 0, Avg:  0.0, Max: 0, Diff: 0, Sum: 0, Workers: 4
[4.321s][debug][gc,phases      ] GC(4)     Total                          Min: 0, Avg:  0.0, Max: 0, Diff: 0, Sum: 0, Workers: 4
[4.321s][debug][gc,phases      ] GC(4)   StringDedup Requests1 Weak     Min:  0.0, Avg:  0.0, Max:  0.0, Diff:  0.0, Sum:  0.0, Workers: 4
[4.321s][debug][gc,phases      ] GC(4)     Dead                           Min: 0, Avg:  0.0, Max: 0, Diff: 0, Sum: 0, Workers: 4
[4.321s][debug][gc,phases      ] GC(4)     Total                          Min: 0, Avg:  0.0, Max: 0, Diff: 0, Sum: 0, Workers: 4
[4.321s][debug][gc,phases      ] GC(4)   Weak JFR Old Object Samples    Min:  0.0, Avg:  0.0, Max:  0.0, Diff:  0.0, Sum:  0.0, Workers: 4
[4.321s][debug][gc,phases      ] GC(4)     Dead                           Min: 0, Avg:  0.0, Max: 0, Diff: 0, Sum: 0, Workers: 4
[4.321s][debug][gc,phases      ] GC(4)     Total                          Min: 0, Avg:  0.0, Max: 0, Diff: 0, Sum: 0, Workers: 4
[4.321s][debug][gc,phases      ] GC(4) Weak Processing 0.359ms
[4.321s][debug][gc,phases      ] GC(4) ClassLoaderData 0.165ms
[4.321s][debug][gc,phases      ] GC(4) Trigger cleanups 0.001ms
[4.330s][debug][gc,phases      ] GC(4) Class Unloading 8.795ms
[4.330s][info ][gc,phases      ] GC(4) Marking Phase 107.851ms
[4.330s][info ][gc,phases,start] GC(4) Summary Phase
[4.330s][info ][gc,phases      ] GC(4) Summary Phase 0.025ms
[4.330s][info ][gc,phases,start] GC(4) Adjust Roots
[4.337s][info ][gc,phases      ] GC(4) Adjust Roots 7.708ms
[4.337s][info ][gc,phases,start] GC(4) Compaction Phase
[4.560s][info ][gc,phases      ] GC(4) Compaction Phase 222.943ms
[4.560s][info ][gc,phases,start] GC(4) Post Compact
[4.564s][info ][gc,phases      ] GC(4) Post Compact 3.576ms
[4.564s][info ][gc,heap        ] GC(4) PSYoungGen: 1104265K(1572864K)->164454K(1572864K) Eden: 1048576K(1048576K)->164454K(1048576K) From: 55689K(524288K)->0K(524288K)
[4.564s][info ][gc,heap        ] GC(4) ParOldGen: 6119K(6144K)->6133K(18944K)
[4.564s][info ][gc,metaspace   ] GC(4) Metaspace: 51512K(52032K)->51498K(52032K) NonClass: 43934K(44224K)->43924K(44224K) Class: 7577K(7808K)->7573K(7808K)
[4.564s][info ][gc             ] GC(4) Pause Full (Ergonomics) 1084M->166M(1554M) 342.351ms
[4.564s][info ][gc,cpu         ] GC(4) User=1.24s Sys=0.01s Real=0.34s
[4.564s][info ][safepoint      ] Safepoint "ParallelGCFailedAllocation", Time since last: 6935176 ns, Reaching safepoint: 126704 ns, At safepoint: 342529327 ns, Total: 342656031 ns
[4.568s][info ][safepoint      ] Safepoint "ICBufferFull", Time since last: 2741170 ns, Reaching safepoint: 744819 ns, At safepoint: 31200 ns, Total: 776019 ns
[4.572s][info ][safepoint      ] Safepoint "ICBufferFull", Time since last: 3970801 ns, Reaching safepoint: 153204 ns, At safepoint: 24001 ns, Total: 177205 ns
[4.576s][info ][safepoint      ] Safepoint "ICBufferFull", Time since last: 3328385 ns, Reaching safepoint: 739019 ns, At safepoint: 27800 ns, Total: 766819 ns
[4.580s][info ][safepoint      ] Safepoint "ICBufferFull", Time since last: 4293810 ns, Reaching safepoint: 128603 ns, At safepoint: 22201 ns, Total: 150804 ns
[4.594s][info ][safepoint      ] Safepoint "ICBufferFull", Time since last: 13111434 ns, Reaching safepoint: 66401 ns, At safepoint: 26001 ns, Total: 92402 ns
[4.597s][info ][safepoint      ] Safepoint "ICBufferFull", Time since last: 3356286 ns, Reaching safepoint: 112302 ns, At safepoint: 21801 ns, Total: 134103 ns
[4.599s][info ][safepoint      ] Safepoint "ICBufferFull", Time since last: 1541339 ns, Reaching safepoint: 97303 ns, At safepoint: 34401 ns, Total: 131704 ns
[4.609s][info ][safepoint      ] Safepoint "ICBufferFull", Time since last: 9589844 ns, Reaching safepoint: 118803 ns, At safepoint: 32201 ns, Total: 151004 ns
[4.622s][info ][safepoint      ] Safepoint "ICBufferFull", Time since last: 12983131 ns, Reaching safepoint: 109202 ns, At safepoint: 27001 ns, Total: 136203 ns
[4.626s][info ][safepoint      ] Safepoint "ICBufferFull", Time since last: 3886199 ns, Reaching safepoint: 91302 ns, At safepoint: 22601 ns, Total: 113903 ns
[4.630s][info ][safepoint      ] Safepoint "ICBufferFull", Time since last: 3328185 ns, Reaching safepoint: 98702 ns, At safepoint: 1143029 ns, Total: 1241731 ns
[4.630s][info ][safepoint      ] Safepoint "ICBufferFull", Time since last: 61002 ns, Reaching safepoint: 91502 ns, At safepoint: 25901 ns, Total: 117403 ns
[4.633s][info ][safepoint      ] Safepoint "ICBufferFull", Time since last: 2532264 ns, Reaching safepoint: 93203 ns, At safepoint: 21400 ns, Total: 114603 ns
[4.636s][info ][safepoint      ] Safepoint "ICBufferFull", Time since last: 2353560 ns, Reaching safepoint: 95303 ns, At safepoint: 21300 ns, Total: 116603 ns
[4.638s][info ][safepoint      ] Safepoint "ICBufferFull", Time since last: 2518164 ns, Reaching safepoint: 111103 ns, At safepoint: 26701 ns, Total: 137804 ns
[4.641s][info ][safepoint      ] Safepoint "ICBufferFull", Time since last: 2499364 ns, Reaching safepoint: 103702 ns, At safepoint: 19501 ns, Total: 123203 ns
[4.643s][info ][safepoint      ] Safepoint "ICBufferFull", Time since last: 2518664 ns, Reaching safepoint: 98102 ns, At safepoint: 28701 ns, Total: 126803 ns
[4.743s][info ][safepoint      ] Safepoint "ICBufferFull", Time since last: 98577212 ns, Reaching safepoint: 830521 ns, At safepoint: 27501 ns, Total: 858022 ns
[4.746s][info ][gc,start       ] GC(5) Pause Young (Allocation Failure)
[4.857s][debug][gc,phases      ] GC(5) Scavenge 111.230ms
[4.857s][debug][gc,ref         ] GC(5) Skipped phase 1 of Reference Processing: no references
[4.857s][debug][gc,ref         ] GC(5) ReferenceProcessor::execute queues: 4, RefProcThreadModel::Multi, marks_oops_alive: false
[4.857s][debug][gc,ref         ] GC(5) Skipped phase 3 of Reference Processing: no references
[4.857s][debug][gc,ref         ] GC(5) ReferenceProcessor::execute queues: 1, RefProcThreadModel::Single, marks_oops_alive: false
[4.857s][debug][gc,phases      ] GC(5) Reference Processing 0.341ms
[4.858s][debug][gc,phases      ] GC(5)   VM Weak                        Min:  0.0, Avg:  0.0, Max:  0.0, Diff:  0.0, Sum:  0.0, Workers: 4
[4.858s][debug][gc,phases      ] GC(5)     Dead                           Min: 0, Avg:  0.0, Max: 0, Diff: 0, Sum: 0, Workers: 4
[4.858s][debug][gc,phases      ] GC(5)     Total                          Min: 0, Avg: 96.8, Max: 256, Diff: 256, Sum: 387, Workers: 4
[4.858s][debug][gc,phases      ] GC(5)   ObjectSynchronizer Weak        Min:  0.0, Avg:  0.0, Max:  0.0, Diff:  0.0, Sum:  0.0, Workers: 4
[4.858s][debug][gc,phases      ] GC(5)     Dead                           Min: 0, Avg:  1.2, Max: 5, Diff: 5, Sum: 5, Workers: 4
[4.858s][debug][gc,phases      ] GC(5)     Total                          Min: 0, Avg: 104.8, Max: 256, Diff: 256, Sum: 419, Workers: 4
[4.858s][debug][gc,phases      ] GC(5)   JVMTI Tag Weak OopStorage      Min:  0.0, Avg:  0.0, Max:  0.0, Diff:  0.0, Sum:  0.0, Workers: 4
[4.858s][debug][gc,phases      ] GC(5)     Dead                           Min: 0, Avg:  0.0, Max: 0, Diff: 0, Sum: 0, Workers: 4
[4.858s][debug][gc,phases      ] GC(5)     Total                          Min: 0, Avg:  0.0, Max: 0, Diff: 0, Sum: 0, Workers: 4
[4.858s][debug][gc,phases      ] GC(5)   StringTable Weak               Min:  0.3, Avg:  0.3, Max:  0.3, Diff:  0.0, Sum:  1.3, Workers: 4
[4.858s][debug][gc,phases      ] GC(5)     Dead                           Min: 0, Avg:  4.0, Max: 15, Diff: 15, Sum: 16, Workers: 4
[4.858s][debug][gc,phases      ] GC(5)     Total                          Min: 7232, Avg: 9406.5, Max: 11328, Diff: 4096, Sum: 37626, Workers: 4
[4.858s][debug][gc,phases      ] GC(5)   ResolvedMethodTable Weak       Min:  0.0, Avg:  0.0, Max:  0.0, Diff:  0.0, Sum:  0.2, Workers: 4
[4.858s][debug][gc,phases      ] GC(5)     Dead                           Min: 0, Avg:  5.0, Max: 11, Diff: 11, Sum: 20, Workers: 4
[4.858s][debug][gc,phases      ] GC(5)     Total                          Min: 700, Avg: 1174.2, Max: 1591, Diff: 891, Sum: 4697, Workers: 4
[4.858s][debug][gc,phases      ] GC(5)   JNI Weak                       Min:  0.0, Avg:  0.0, Max:  0.0, Diff:  0.0, Sum:  0.0, Workers: 4
[4.858s][debug][gc,phases      ] GC(5)     Dead                           Min: 0, Avg:  0.0, Max: 0, Diff: 0, Sum: 0, Workers: 4
[4.858s][debug][gc,phases      ] GC(5)     Total                          Min: 0, Avg:  0.2, Max: 1, Diff: 1, Sum: 1, Workers: 4
[4.858s][debug][gc,phases      ] GC(5)   StringDedup Table Weak         Min:  0.0, Avg:  0.0, Max:  0.0, Diff:  0.0, Sum:  0.0, Workers: 4
[4.858s][debug][gc,phases      ] GC(5)     Dead                           Min: 0, Avg:  0.0, Max: 0, Diff: 0, Sum: 0, Workers: 4
[4.858s][debug][gc,phases      ] GC(5)     Total                          Min: 0, Avg:  0.0, Max: 0, Diff: 0, Sum: 0, Workers: 4
[4.858s][debug][gc,phases      ] GC(5)   StringDedup Requests0 Weak     Min:  0.0, Avg:  0.0, Max:  0.0, Diff:  0.0, Sum:  0.0, Workers: 4
[4.858s][debug][gc,phases      ] GC(5)     Dead                           Min: 0, Avg:  0.0, Max: 0, Diff: 0, Sum: 0, Workers: 4
[4.858s][debug][gc,phases      ] GC(5)     Total                          Min: 0, Avg:  0.0, Max: 0, Diff: 0, Sum: 0, Workers: 4
[4.858s][debug][gc,phases      ] GC(5)   StringDedup Requests1 Weak     Min:  0.0, Avg:  0.0, Max:  0.0, Diff:  0.0, Sum:  0.0, Workers: 4
[4.858s][debug][gc,phases      ] GC(5)     Dead                           Min: 0, Avg:  0.0, Max: 0, Diff: 0, Sum: 0, Workers: 4
[4.858s][debug][gc,phases      ] GC(5)     Total                          Min: 0, Avg:  0.0, Max: 0, Diff: 0, Sum: 0, Workers: 4
[4.858s][debug][gc,phases      ] GC(5)   Weak JFR Old Object Samples    Min:  0.0, Avg:  0.0, Max:  0.0, Diff:  0.0, Sum:  0.0, Workers: 4
[4.858s][debug][gc,phases      ] GC(5)     Dead                           Min: 0, Avg:  0.0, Max: 0, Diff: 0, Sum: 0, Workers: 4
[4.858s][debug][gc,phases      ] GC(5)     Total                          Min: 0, Avg:  0.0, Max: 0, Diff: 0, Sum: 0, Workers: 4
[4.858s][debug][gc,phases      ] GC(5) Weak Processing 0.589ms
[4.858s][debug][gc,age         ] GC(5) Desired survivor size 536870912 bytes, new threshold 7 (max threshold 15)
[4.858s][info ][gc,heap        ] GC(5) PSYoungGen: 1048576K(1572864K)->170380K(1572864K) Eden: 1048576K(1048576K)->0K(1048576K) From: 0K(524288K)->170380K(524288K)
[4.858s][info ][gc,heap        ] GC(5) ParOldGen: 6133K(18944K)->6149K(18944K)
[4.858s][info ][gc,metaspace   ] GC(5) Metaspace: 52406K(52992K)->52406K(52992K) NonClass: 44684K(44992K)->44684K(44992K) Class: 7722K(8000K)->7722K(8000K)
[4.858s][info ][gc             ] GC(5) Pause Young (Allocation Failure) 1029M->172M(1554M) 112.303ms
[4.858s][info ][gc,cpu         ] GC(5) User=0.37s Sys=0.07s Real=0.11s
[4.858s][info ][safepoint      ] Safepoint "ParallelGCFailedAllocation", Time since last: 2496463 ns, Reaching safepoint: 101303 ns, At safepoint: 112437965 ns, Total: 112539268 ns
[5.097s][info ][gc,start       ] GC(6) Pause Young (Allocation Failure)
[5.176s][debug][gc,phases      ] GC(6) Scavenge 79.629ms
[5.176s][debug][gc,ref         ] GC(6) Skipped phase 1 of Reference Processing: no references
[5.176s][debug][gc,ref         ] GC(6) ReferenceProcessor::execute queues: 4, RefProcThreadModel::Multi, marks_oops_alive: false
[5.177s][debug][gc,ref         ] GC(6) Skipped phase 3 of Reference Processing: no references
[5.177s][debug][gc,ref         ] GC(6) ReferenceProcessor::execute queues: 1, RefProcThreadModel::Single, marks_oops_alive: false
[5.177s][debug][gc,phases      ] GC(6) Reference Processing 0.329ms
[5.177s][debug][gc,phases      ] GC(6)   VM Weak                        Min:  0.0, Avg:  0.0, Max:  0.0, Diff:  0.0, Sum:  0.0, Workers: 4
[5.177s][debug][gc,phases      ] GC(6)     Dead                           Min: 0, Avg:  0.0, Max: 0, Diff: 0, Sum: 0, Workers: 4
[5.177s][debug][gc,phases      ] GC(6)     Total                          Min: 0, Avg: 99.2, Max: 256, Diff: 256, Sum: 397, Workers: 4
[5.177s][debug][gc,phases      ] GC(6)   ObjectSynchronizer Weak        Min:  0.0, Avg:  0.0, Max:  0.0, Diff:  0.0, Sum:  0.0, Workers: 4
[5.177s][debug][gc,phases      ] GC(6)     Dead                           Min: 0, Avg:  0.0, Max: 0, Diff: 0, Sum: 0, Workers: 4
[5.177s][debug][gc,phases      ] GC(6)     Total                          Min: 0, Avg: 104.8, Max: 192, Diff: 192, Sum: 419, Workers: 4
[5.177s][debug][gc,phases      ] GC(6)   JVMTI Tag Weak OopStorage      Min:  0.0, Avg:  0.0, Max:  0.0, Diff:  0.0, Sum:  0.0, Workers: 4
[5.177s][debug][gc,phases      ] GC(6)     Dead                           Min: 0, Avg:  0.0, Max: 0, Diff: 0, Sum: 0, Workers: 4
[5.177s][debug][gc,phases      ] GC(6)     Total                          Min: 0, Avg:  0.0, Max: 0, Diff: 0, Sum: 0, Workers: 4
[5.177s][debug][gc,phases      ] GC(6)   StringTable Weak               Min:  0.3, Avg:  0.3, Max:  0.3, Diff:  0.0, Sum:  1.2, Workers: 4
[5.177s][debug][gc,phases      ] GC(6)     Dead                           Min: 0, Avg:  4.2, Max: 12, Diff: 12, Sum: 17, Workers: 4
[5.177s][debug][gc,phases      ] GC(6)     Total                          Min: 8603, Avg: 9606.5, Max: 11071, Diff: 2468, Sum: 38426, Workers: 4
[5.177s][debug][gc,phases      ] GC(6)   ResolvedMethodTable Weak       Min:  0.0, Avg:  0.0, Max:  0.0, Diff:  0.0, Sum:  0.2, Workers: 4
[5.177s][debug][gc,phases      ] GC(6)     Dead                           Min: 2, Avg:  7.2, Max: 18, Diff: 16, Sum: 29, Workers: 4
[5.177s][debug][gc,phases      ] GC(6)     Total                          Min: 1216, Avg: 1343.5, Max: 1600, Diff: 384, Sum: 5374, Workers: 4
[5.177s][debug][gc,phases      ] GC(6)   JNI Weak                       Min:  0.0, Avg:  0.0, Max:  0.0, Diff:  0.0, Sum:  0.0, Workers: 4
[5.177s][debug][gc,phases      ] GC(6)     Dead                           Min: 0, Avg:  0.0, Max: 0, Diff: 0, Sum: 0, Workers: 4
[5.177s][debug][gc,phases      ] GC(6)     Total                          Min: 0, Avg:  0.8, Max: 3, Diff: 3, Sum: 3, Workers: 4
[5.177s][debug][gc,phases      ] GC(6)   StringDedup Table Weak         Min:  0.0, Avg:  0.0, Max:  0.0, Diff:  0.0, Sum:  0.0, Workers: 4
[5.177s][debug][gc,phases      ] GC(6)     Dead                           Min: 0, Avg:  0.0, Max: 0, Diff: 0, Sum: 0, Workers: 4
[5.177s][debug][gc,phases      ] GC(6)     Total                          Min: 0, Avg:  0.0, Max: 0, Diff: 0, Sum: 0, Workers: 4
[5.177s][debug][gc,phases      ] GC(6)   StringDedup Requests0 Weak     Min:  0.0, Avg:  0.0, Max:  0.0, Diff:  0.0, Sum:  0.0, Workers: 4
[5.177s][debug][gc,phases      ] GC(6)     Dead                           Min: 0, Avg:  0.0, Max: 0, Diff: 0, Sum: 0, Workers: 4
[5.177s][debug][gc,phases      ] GC(6)     Total                          Min: 0, Avg:  0.0, Max: 0, Diff: 0, Sum: 0, Workers: 4
[5.177s][debug][gc,phases      ] GC(6)   StringDedup Requests1 Weak     Min:  0.0, Avg:  0.0, Max:  0.0, Diff:  0.0, Sum:  0.0, Workers: 4
[5.177s][debug][gc,phases      ] GC(6)     Dead                           Min: 0, Avg:  0.0, Max: 0, Diff: 0, Sum: 0, Workers: 4
[5.177s][debug][gc,phases      ] GC(6)     Total                          Min: 0, Avg:  0.0, Max: 0, Diff: 0, Sum: 0, Workers: 4
[5.177s][debug][gc,phases      ] GC(6)   Weak JFR Old Object Samples    Min:  0.0, Avg:  0.0, Max:  0.0, Diff:  0.0, Sum:  0.0, Workers: 4
[5.177s][debug][gc,phases      ] GC(6)     Dead                           Min: 0, Avg:  0.0, Max: 0, Diff: 0, Sum: 0, Workers: 4
[5.177s][debug][gc,phases      ] GC(6)     Total                          Min: 0, Avg:  0.0, Max: 0, Diff: 0, Sum: 0, Workers: 4
[5.177s][debug][gc,phases      ] GC(6) Weak Processing 0.521ms
[5.177s][debug][gc,age         ] GC(6) Desired survivor size 536870912 bytes, new threshold 7 (max threshold 15)
[5.177s][info ][gc,heap        ] GC(6) PSYoungGen: 1218956K(1572864K)->175103K(1572864K) Eden: 1048576K(1048576K)->0K(1048576K) From: 170380K(524288K)->175103K(524288K)
[5.177s][info ][gc,heap        ] GC(6) ParOldGen: 6149K(18944K)->6157K(18944K)
[5.177s][info ][gc,metaspace   ] GC(6) Metaspace: 54875K(55424K)->54875K(55424K) NonClass: 46679K(46976K)->46679K(46976K) Class: 8195K(8448K)->8195K(8448K)
[5.177s][info ][gc             ] GC(6) Pause Young (Allocation Failure) 1196M->177M(1554M) 80.622ms
[5.177s][info ][gc,cpu         ] GC(6) User=0.33s Sys=0.00s Real=0.08s
[5.177s][info ][safepoint      ] Safepoint "ParallelGCFailedAllocation", Time since last: 238449775 ns, Reaching safepoint: 237906 ns, At safepoint: 80732557 ns, Total: 80970463 ns
[5.402s][info ][safepoint      ] Safepoint "ICBufferFull", Time since last: 224663524 ns, Reaching safepoint: 295208 ns, At safepoint: 28900 ns, Total: 324108 ns
[5.406s][info ][safepoint      ] Safepoint "ICBufferFull", Time since last: 1575740 ns, Reaching safepoint: 1827747 ns, At safepoint: 27801 ns, Total: 1855548 ns
[5.422s][info ][safepoint      ] Safepoint "ICBufferFull", Time since last: 15842803 ns, Reaching safepoint: 154204 ns, At safepoint: 32301 ns, Total: 186505 ns
[5.422s][info ][safepoint      ] Safepoint "ICBufferFull", Time since last: 68702 ns, Reaching safepoint: 90502 ns, At safepoint: 27401 ns, Total: 117903 ns
[5.422s][info ][safepoint      ] Safepoint "ICBufferFull", Time since last: 37001 ns, Reaching safepoint: 88502 ns, At safepoint: 23801 ns, Total: 112303 ns
[5.606s][info ][safepoint      ] Safepoint "ParallelGCFailedAllocation", Time since last: 183683280 ns, Reaching safepoint: 314408 ns, At safepoint: 38701 ns, Total: 353109 ns
[5.606s][info ][gc,start       ] GC(7) Pause Young (GCLocker Initiated GC)
[5.676s][debug][gc,phases      ] GC(7) Scavenge 70.000ms
[5.676s][debug][gc,ref         ] GC(7) Skipped phase 1 of Reference Processing: no references
[5.677s][debug][gc,ref         ] GC(7) ReferenceProcessor::execute queues: 4, RefProcThreadModel::Multi, marks_oops_alive: false
[5.677s][debug][gc,ref         ] GC(7) Skipped phase 3 of Reference Processing: no references
[5.677s][debug][gc,ref         ] GC(7) ReferenceProcessor::execute queues: 1, RefProcThreadModel::Single, marks_oops_alive: false
[5.677s][debug][gc,phases      ] GC(7) Reference Processing 0.336ms
[5.677s][debug][gc,phases      ] GC(7)   VM Weak                        Min:  0.0, Avg:  0.0, Max:  0.0, Diff:  0.0, Sum:  0.0, Workers: 4
[5.677s][debug][gc,phases      ] GC(7)     Dead                           Min: 0, Avg:  0.0, Max: 0, Diff: 0, Sum: 0, Workers: 4
[5.677s][debug][gc,phases      ] GC(7)     Total                          Min: 0, Avg: 102.5, Max: 256, Diff: 256, Sum: 410, Workers: 4
[5.677s][debug][gc,phases      ] GC(7)   ObjectSynchronizer Weak        Min:  0.0, Avg:  0.0, Max:  0.0, Diff:  0.0, Sum:  0.0, Workers: 4
[5.677s][debug][gc,phases      ] GC(7)     Dead                           Min: 0, Avg:  0.2, Max: 1, Diff: 1, Sum: 1, Workers: 4
[5.677s][debug][gc,phases      ] GC(7)     Total                          Min: 0, Avg: 108.0, Max: 256, Diff: 256, Sum: 432, Workers: 4
[5.677s][debug][gc,phases      ] GC(7)   JVMTI Tag Weak OopStorage      Min:  0.0, Avg:  0.0, Max:  0.0, Diff:  0.0, Sum:  0.0, Workers: 4
[5.677s][debug][gc,phases      ] GC(7)     Dead                           Min: 0, Avg:  0.0, Max: 0, Diff: 0, Sum: 0, Workers: 4
[5.677s][debug][gc,phases      ] GC(7)     Total                          Min: 0, Avg:  0.0, Max: 0, Diff: 0, Sum: 0, Workers: 4
[5.677s][debug][gc,phases      ] GC(7)   StringTable Weak               Min:  0.3, Avg:  0.3, Max:  0.3, Diff:  0.0, Sum:  1.2, Workers: 4
[5.677s][debug][gc,phases      ] GC(7)     Dead                           Min: 0, Avg:  4.2, Max: 13, Diff: 13, Sum: 17, Workers: 4
[5.677s][debug][gc,phases      ] GC(7)     Total                          Min: 9079, Avg: 9738.8, Max: 11136, Diff: 2057, Sum: 38955, Workers: 4
[5.677s][debug][gc,phases      ] GC(7)   ResolvedMethodTable Weak       Min:  0.0, Avg:  0.1, Max:  0.1, Diff:  0.0, Sum:  0.2, Workers: 4
[5.677s][debug][gc,phases      ] GC(7)     Dead                           Min: 0, Avg:  4.5, Max: 10, Diff: 10, Sum: 18, Workers: 4
[5.677s][debug][gc,phases      ] GC(7)     Total                          Min: 1088, Avg: 1400.5, Max: 1600, Diff: 512, Sum: 5602, Workers: 4
[5.677s][debug][gc,phases      ] GC(7)   JNI Weak                       Min:  0.0, Avg:  0.0, Max:  0.0, Diff:  0.0, Sum:  0.0, Workers: 4
[5.677s][debug][gc,phases      ] GC(7)     Dead                           Min: 0, Avg:  0.0, Max: 0, Diff: 0, Sum: 0, Workers: 4
[5.677s][debug][gc,phases      ] GC(7)     Total                          Min: 0, Avg:  0.8, Max: 3, Diff: 3, Sum: 3, Workers: 4
[5.677s][debug][gc,phases      ] GC(7)   StringDedup Table Weak         Min:  0.0, Avg:  0.0, Max:  0.0, Diff:  0.0, Sum:  0.0, Workers: 4
[5.677s][debug][gc,phases      ] GC(7)     Dead                           Min: 0, Avg:  0.0, Max: 0, Diff: 0, Sum: 0, Workers: 4
[5.677s][debug][gc,phases      ] GC(7)     Total                          Min: 0, Avg:  0.0, Max: 0, Diff: 0, Sum: 0, Workers: 4
[5.677s][debug][gc,phases      ] GC(7)   StringDedup Requests0 Weak     Min:  0.0, Avg:  0.0, Max:  0.0, Diff:  0.0, Sum:  0.0, Workers: 4
[5.677s][debug][gc,phases      ] GC(7)     Dead                           Min: 0, Avg:  0.0, Max: 0, Diff: 0, Sum: 0, Workers: 4
[5.677s][debug][gc,phases      ] GC(7)     Total                          Min: 0, Avg:  0.0, Max: 0, Diff: 0, Sum: 0, Workers: 4
[5.677s][debug][gc,phases      ] GC(7)   StringDedup Requests1 Weak     Min:  0.0, Avg:  0.0, Max:  0.0, Diff:  0.0, Sum:  0.0, Workers: 4
[5.677s][debug][gc,phases      ] GC(7)     Dead                           Min: 0, Avg:  0.0, Max: 0, Diff: 0, Sum: 0, Workers: 4
[5.677s][debug][gc,phases      ] GC(7)     Total                          Min: 0, Avg:  0.0, Max: 0, Diff: 0, Sum: 0, Workers: 4
[5.677s][debug][gc,phases      ] GC(7)   Weak JFR Old Object Samples    Min:  0.0, Avg:  0.0, Max:  0.0, Diff:  0.0, Sum:  0.0, Workers: 4
[5.677s][debug][gc,phases      ] GC(7)     Dead                           Min: 0, Avg:  0.0, Max: 0, Diff: 0, Sum: 0, Workers: 4
[5.677s][debug][gc,phases      ] GC(7)     Total                          Min: 0, Avg:  0.0, Max: 0, Diff: 0, Sum: 0, Workers: 4
[5.677s][debug][gc,phases      ] GC(7) Weak Processing 0.564ms
[5.677s][debug][gc,age         ] GC(7) Desired survivor size 270532608 bytes, new threshold 8 (max threshold 15)
[5.677s][info ][gc,heap        ] GC(7) PSYoungGen: 1223679K(1572864K)->181054K(1832960K) Eden: 1048576K(1048576K)->0K(1308672K) From: 175103K(524288K)->181054K(524288K)
[5.677s][info ][gc,heap        ] GC(7) ParOldGen: 6159K(18944K)->6167K(18944K)
[5.677s][info ][gc,metaspace   ] GC(7) Metaspace: 56385K(56960K)->56385K(56960K) NonClass: 47984K(48320K)->47984K(48320K) Class: 8400K(8640K)->8400K(8640K)
[5.677s][info ][gc             ] GC(7) Pause Young (GCLocker Initiated GC) 1201M->182M(1808M) 71.029ms
[5.677s][info ][gc,cpu         ] GC(7) User=0.33s Sys=0.00s Real=0.07s
[5.677s][info ][safepoint      ] Safepoint "ParallelGCSystemGC", Time since last: 98502 ns, Reaching safepoint: 90502 ns, At safepoint: 71141513 ns, Total: 71232015 ns
[5.985s][info ][gc,start       ] GC(8) Pause Young (Allocation Failure)
[6.070s][debug][gc,phases      ] GC(8) Scavenge 84.813ms
[6.070s][debug][gc,ref         ] GC(8) Skipped phase 1 of Reference Processing: no references
[6.070s][debug][gc,ref         ] GC(8) ReferenceProcessor::execute queues: 4, RefProcThreadModel::Multi, marks_oops_alive: false
[6.070s][debug][gc,ref         ] GC(8) Skipped phase 3 of Reference Processing: no references
[6.070s][debug][gc,ref         ] GC(8) ReferenceProcessor::execute queues: 1, RefProcThreadModel::Single, marks_oops_alive: false
[6.070s][debug][gc,phases      ] GC(8) Reference Processing 0.284ms
[6.071s][debug][gc,phases      ] GC(8)   VM Weak                        Min:  0.0, Avg:  0.0, Max:  0.0, Diff:  0.0, Sum:  0.0, Workers: 4
[6.071s][debug][gc,phases      ] GC(8)     Dead                           Min: 0, Avg:  0.0, Max: 0, Diff: 0, Sum: 0, Workers: 4
[6.071s][debug][gc,phases      ] GC(8)     Total                          Min: 0, Avg: 102.5, Max: 282, Diff: 282, Sum: 410, Workers: 4
[6.071s][debug][gc,phases      ] GC(8)   ObjectSynchronizer Weak        Min:  0.0, Avg:  0.0, Max:  0.0, Diff:  0.0, Sum:  0.0, Workers: 4
[6.071s][debug][gc,phases      ] GC(8)     Dead                           Min: 0, Avg:  0.2, Max: 1, Diff: 1, Sum: 1, Workers: 4
[6.071s][debug][gc,phases      ] GC(8)     Total                          Min: 0, Avg: 110.8, Max: 187, Diff: 187, Sum: 443, Workers: 4
[6.071s][debug][gc,phases      ] GC(8)   JVMTI Tag Weak OopStorage      Min:  0.0, Avg:  0.0, Max:  0.0, Diff:  0.0, Sum:  0.0, Workers: 4
[6.071s][debug][gc,phases      ] GC(8)     Dead                           Min: 0, Avg:  0.0, Max: 0, Diff: 0, Sum: 0, Workers: 4
[6.071s][debug][gc,phases      ] GC(8)     Total                          Min: 0, Avg:  0.0, Max: 0, Diff: 0, Sum: 0, Workers: 4
[6.071s][debug][gc,phases      ] GC(8)   StringTable Weak               Min:  0.3, Avg:  0.3, Max:  0.3, Diff:  0.0, Sum:  1.1, Workers: 4
[6.071s][debug][gc,phases      ] GC(8)     Dead                           Min: 0, Avg:  0.0, Max: 0, Diff: 0, Sum: 0, Workers: 4
[6.071s][debug][gc,phases      ] GC(8)     Total                          Min: 8768, Avg: 9754.8, Max: 10347, Diff: 1579, Sum: 39019, Workers: 4
[6.071s][debug][gc,phases      ] GC(8)   ResolvedMethodTable Weak       Min:  0.0, Avg:  0.0, Max:  0.0, Diff:  0.0, Sum:  0.2, Workers: 4
[6.071s][debug][gc,phases      ] GC(8)     Dead                           Min: 0, Avg:  0.0, Max: 0, Diff: 0, Sum: 0, Workers: 4
[6.071s][debug][gc,phases      ] GC(8)     Total                          Min: 1152, Avg: 1400.5, Max: 1634, Diff: 482, Sum: 5602, Workers: 4
[6.071s][debug][gc,phases      ] GC(8)   JNI Weak                       Min:  0.0, Avg:  0.0, Max:  0.0, Diff:  0.0, Sum:  0.0, Workers: 4
[6.071s][debug][gc,phases      ] GC(8)     Dead                           Min: 0, Avg:  0.0, Max: 0, Diff: 0, Sum: 0, Workers: 4
[6.071s][debug][gc,phases      ] GC(8)     Total                          Min: 0, Avg:  0.8, Max: 3, Diff: 3, Sum: 3, Workers: 4
[6.071s][debug][gc,phases      ] GC(8)   StringDedup Table Weak         Min:  0.0, Avg:  0.0, Max:  0.0, Diff:  0.0, Sum:  0.0, Workers: 4
[6.071s][debug][gc,phases      ] GC(8)     Dead                           Min: 0, Avg:  0.0, Max: 0, Diff: 0, Sum: 0, Workers: 4
[6.071s][debug][gc,phases      ] GC(8)     Total                          Min: 0, Avg:  0.0, Max: 0, Diff: 0, Sum: 0, Workers: 4
[6.071s][debug][gc,phases      ] GC(8)   StringDedup Requests0 Weak     Min:  0.0, Avg:  0.0, Max:  0.0, Diff:  0.0, Sum:  0.0, Workers: 4
[6.071s][debug][gc,phases      ] GC(8)     Dead                           Min: 0, Avg:  0.0, Max: 0, Diff: 0, Sum: 0, Workers: 4
[6.071s][debug][gc,phases      ] GC(8)     Total                          Min: 0, Avg:  0.0, Max: 0, Diff: 0, Sum: 0, Workers: 4
[6.071s][debug][gc,phases      ] GC(8)   StringDedup Requests1 Weak     Min:  0.0, Avg:  0.0, Max:  0.0, Diff:  0.0, Sum:  0.0, Workers: 4
[6.071s][debug][gc,phases      ] GC(8)     Dead                           Min: 0, Avg:  0.0, Max: 0, Diff: 0, Sum: 0, Workers: 4
[6.071s][debug][gc,phases      ] GC(8)     Total                          Min: 0, Avg:  0.0, Max: 0, Diff: 0, Sum: 0, Workers: 4
[6.071s][debug][gc,phases      ] GC(8)   Weak JFR Old Object Samples    Min:  0.0, Avg:  0.0, Max:  0.0, Diff:  0.0, Sum:  0.0, Workers: 4
[6.071s][debug][gc,phases      ] GC(8)     Dead                           Min: 0, Avg:  0.0, Max: 0, Diff: 0, Sum: 0, Workers: 4
[6.071s][debug][gc,phases      ] GC(8)     Total                          Min: 0, Avg:  0.0, Max: 0, Diff: 0, Sum: 0, Workers: 4
[6.071s][debug][gc,phases      ] GC(8) Weak Processing 0.526ms
[6.071s][debug][gc,age         ] GC(8) Desired survivor size 288882688 bytes, new threshold 9 (max threshold 15)
[6.071s][info ][gc,heap        ] GC(8) PSYoungGen: 1489726K(1832960K)->192470K(1572864K) Eden: 1308672K(1308672K)->0K(1308672K) From: 181054K(524288K)->192470K(264192K)
[6.071s][info ][gc,heap        ] GC(8) ParOldGen: 6168K(18944K)->6176K(18944K)
[6.071s][info ][gc,metaspace   ] GC(8) Metaspace: 56428K(56960K)->56428K(56960K) NonClass: 48027K(48320K)->48027K(48320K) Class: 8400K(8640K)->8400K(8640K)
[6.071s][info ][gc             ] GC(8) Pause Young (Allocation Failure) 1460M->193M(1554M) 85.775ms
[6.071s][info ][gc,cpu         ] GC(8) User=0.26s Sys=0.07s Real=0.08s
[6.071s][info ][safepoint      ] Safepoint "ParallelGCFailedAllocation", Time since last: 307346331 ns, Reaching safepoint: 146103 ns, At safepoint: 85888589 ns, Total: 86034692 ns
[6.503s][info ][gc,start       ] GC(9) Pause Young (Allocation Failure)
[6.600s][debug][gc,phases      ] GC(9) Scavenge 97.541ms
[6.600s][debug][gc,ref         ] GC(9) Skipped phase 1 of Reference Processing: no references
[6.600s][debug][gc,ref         ] GC(9) ReferenceProcessor::execute queues: 4, RefProcThreadModel::Multi, marks_oops_alive: false
[6.601s][debug][gc,ref         ] GC(9) Skipped phase 3 of Reference Processing: no references
[6.601s][debug][gc,ref         ] GC(9) ReferenceProcessor::execute queues: 1, RefProcThreadModel::Single, marks_oops_alive: false
[6.601s][debug][gc,phases      ] GC(9) Reference Processing 0.386ms
[6.601s][debug][gc,phases      ] GC(9)   VM Weak                        Min:  0.0, Avg:  0.0, Max:  0.0, Diff:  0.0, Sum:  0.0, Workers: 4
[6.601s][debug][gc,phases      ] GC(9)     Dead                           Min: 0, Avg:  0.0, Max: 0, Diff: 0, Sum: 0, Workers: 4
[6.601s][debug][gc,phases      ] GC(9)     Total                          Min: 0, Avg: 103.8, Max: 384, Diff: 384, Sum: 415, Workers: 4
[6.601s][debug][gc,phases      ] GC(9)   ObjectSynchronizer Weak        Min:  0.0, Avg:  0.0, Max:  0.0, Diff:  0.0, Sum:  0.0, Workers: 4
[6.601s][debug][gc,phases      ] GC(9)     Dead                           Min: 0, Avg:  0.0, Max: 0, Diff: 0, Sum: 0, Workers: 4
[6.601s][debug][gc,phases      ] GC(9)     Total                          Min: 0, Avg: 110.8, Max: 251, Diff: 251, Sum: 443, Workers: 4
[6.601s][debug][gc,phases      ] GC(9)   JVMTI Tag Weak OopStorage      Min:  0.0, Avg:  0.0, Max:  0.0, Diff:  0.0, Sum:  0.0, Workers: 4
[6.601s][debug][gc,phases      ] GC(9)     Dead                           Min: 0, Avg:  0.0, Max: 0, Diff: 0, Sum: 0, Workers: 4
[6.601s][debug][gc,phases      ] GC(9)     Total                          Min: 0, Avg:  0.0, Max: 0, Diff: 0, Sum: 0, Workers: 4
[6.601s][debug][gc,phases      ] GC(9)   StringTable Weak               Min:  0.3, Avg:  0.3, Max:  0.3, Diff:  0.0, Sum:  1.4, Workers: 4
[6.601s][debug][gc,phases      ] GC(9)     Dead                           Min: 0, Avg:  4.0, Max: 14, Diff: 14, Sum: 16, Workers: 4
[6.601s][debug][gc,phases      ] GC(9)     Total                          Min: 7808, Avg: 9905.2, Max: 12352, Diff: 4544, Sum: 39621, Workers: 4
[6.601s][debug][gc,phases      ] GC(9)   ResolvedMethodTable Weak       Min:  0.1, Avg:  0.1, Max:  0.1, Diff:  0.0, Sum:  0.2, Workers: 4
[6.601s][debug][gc,phases      ] GC(9)     Dead                           Min: 0, Avg:  7.2, Max: 16, Diff: 16, Sum: 29, Workers: 4
[6.601s][debug][gc,phases      ] GC(9)     Total                          Min: 960, Avg: 1453.8, Max: 2039, Diff: 1079, Sum: 5815, Workers: 4
[6.601s][debug][gc,phases      ] GC(9)   JNI Weak                       Min:  0.0, Avg:  0.0, Max:  0.0, Diff:  0.0, Sum:  0.0, Workers: 4
[6.601s][debug][gc,phases      ] GC(9)     Dead                           Min: 0, Avg:  0.0, Max: 0, Diff: 0, Sum: 0, Workers: 4
[6.601s][debug][gc,phases      ] GC(9)     Total                          Min: 0, Avg:  4.2, Max: 17, Diff: 17, Sum: 17, Workers: 4
[6.601s][debug][gc,phases      ] GC(9)   StringDedup Table Weak         Min:  0.0, Avg:  0.0, Max:  0.0, Diff:  0.0, Sum:  0.0, Workers: 4
[6.601s][debug][gc,phases      ] GC(9)     Dead                           Min: 0, Avg:  0.0, Max: 0, Diff: 0, Sum: 0, Workers: 4
[6.601s][debug][gc,phases      ] GC(9)     Total                          Min: 0, Avg:  0.0, Max: 0, Diff: 0, Sum: 0, Workers: 4
[6.601s][debug][gc,phases      ] GC(9)   StringDedup Requests0 Weak     Min:  0.0, Avg:  0.0, Max:  0.0, Diff:  0.0, Sum:  0.0, Workers: 4
[6.601s][debug][gc,phases      ] GC(9)     Dead                           Min: 0, Avg:  0.0, Max: 0, Diff: 0, Sum: 0, Workers: 4
[6.601s][debug][gc,phases      ] GC(9)     Total                          Min: 0, Avg:  0.0, Max: 0, Diff: 0, Sum: 0, Workers: 4
[6.601s][debug][gc,phases      ] GC(9)   StringDedup Requests1 Weak     Min:  0.0, Avg:  0.0, Max:  0.0, Diff:  0.0, Sum:  0.0, Workers: 4
[6.601s][debug][gc,phases      ] GC(9)     Dead                           Min: 0, Avg:  0.0, Max: 0, Diff: 0, Sum: 0, Workers: 4
[6.601s][debug][gc,phases      ] GC(9)     Total                          Min: 0, Avg:  0.0, Max: 0, Diff: 0, Sum: 0, Workers: 4
[6.601s][debug][gc,phases      ] GC(9)   Weak JFR Old Object Samples    Min:  0.0, Avg:  0.0, Max:  0.0, Diff:  0.0, Sum:  0.0, Workers: 4
[6.601s][debug][gc,phases      ] GC(9)     Dead                           Min: 0, Avg:  0.0, Max: 0, Diff: 0, Sum: 0, Workers: 4
[6.601s][debug][gc,phases      ] GC(9)     Total                          Min: 0, Avg:  0.0, Max: 0, Diff: 0, Sum: 0, Workers: 4
[6.601s][debug][gc,phases      ] GC(9) Weak Processing 0.605ms
[6.601s][debug][gc,age         ] GC(9) Desired survivor size 296222720 bytes, new threshold 10 (max threshold 15)
[6.601s][info ][gc,heap        ] GC(9) PSYoungGen: 1501142K(1572864K)->187571K(1800704K) Eden: 1308672K(1308672K)->0K(1518592K) From: 192470K(264192K)->187571K(282112K)
[6.601s][info ][gc,heap        ] GC(9) ParOldGen: 6176K(18944K)->6184K(18944K)
[6.601s][info ][gc,metaspace   ] GC(9) Metaspace: 58073K(58624K)->58073K(58624K) NonClass: 49440K(49728K)->49440K(49728K) Class: 8632K(8896K)->8632K(8896K)
[6.601s][info ][gc             ] GC(9) Pause Young (Allocation Failure) 1471M->189M(1777M) 98.681ms
[6.601s][info ][gc,cpu         ] GC(9) User=0.40s Sys=0.09s Real=0.09s
[6.604s][info ][safepoint      ] Safepoint "ParallelGCFailedAllocation", Time since last: 431463993 ns, Reaching safepoint: 248406 ns, At safepoint: 101343782 ns, Total: 101592188 ns
[6.770s][info ][safepoint      ] Safepoint "ICBufferFull", Time since last: 165961028 ns, Reaching safepoint: 229706 ns, At safepoint: 27501 ns, Total: 257207 ns
[6.896s][info ][gc,start       ] GC(10) Pause Young (Allocation Failure)
[6.976s][debug][gc,phases      ] GC(10) Scavenge 80.368ms
[6.976s][debug][gc,ref         ] GC(10) Skipped phase 1 of Reference Processing: no references
[6.977s][debug][gc,ref         ] GC(10) ReferenceProcessor::execute queues: 4, RefProcThreadModel::Multi, marks_oops_alive: false
[6.977s][debug][gc,ref         ] GC(10) Skipped phase 3 of Reference Processing: no references
[6.977s][debug][gc,ref         ] GC(10) ReferenceProcessor::execute queues: 1, RefProcThreadModel::Single, marks_oops_alive: false
[6.977s][debug][gc,phases      ] GC(10) Reference Processing 0.366ms
[6.977s][debug][gc,phases      ] GC(10)   VM Weak                        Min:  0.0, Avg:  0.0, Max:  0.0, Diff:  0.0, Sum:  0.0, Workers: 4
[6.977s][debug][gc,phases      ] GC(10)     Dead                           Min: 0, Avg:  0.0, Max: 0, Diff: 0, Sum: 0, Workers: 4
[6.977s][debug][gc,phases      ] GC(10)     Total                          Min: 0, Avg: 107.0, Max: 236, Diff: 236, Sum: 428, Workers: 4
[6.977s][debug][gc,phases      ] GC(10)   ObjectSynchronizer Weak        Min:  0.0, Avg:  0.0, Max:  0.0, Diff:  0.0, Sum:  0.0, Workers: 4
[6.977s][debug][gc,phases      ] GC(10)     Dead                           Min: 0, Avg:  0.2, Max: 1, Diff: 1, Sum: 1, Workers: 4
[6.977s][debug][gc,phases      ] GC(10)     Total                          Min: 0, Avg: 110.8, Max: 256, Diff: 256, Sum: 443, Workers: 4
[6.977s][debug][gc,phases      ] GC(10)   JVMTI Tag Weak OopStorage      Min:  0.0, Avg:  0.0, Max:  0.0, Diff:  0.0, Sum:  0.0, Workers: 4
[6.977s][debug][gc,phases      ] GC(10)     Dead                           Min: 0, Avg:  0.0, Max: 0, Diff: 0, Sum: 0, Workers: 4
[6.977s][debug][gc,phases      ] GC(10)     Total                          Min: 0, Avg:  0.0, Max: 0, Diff: 0, Sum: 0, Workers: 4
[6.977s][debug][gc,phases      ] GC(10)   StringTable Weak               Min:  0.3, Avg:  0.3, Max:  0.3, Diff:  0.0, Sum:  1.3, Workers: 4
[6.977s][debug][gc,phases      ] GC(10)     Dead                           Min: 0, Avg:  3.0, Max: 12, Diff: 12, Sum: 12, Workers: 4
[6.977s][debug][gc,phases      ] GC(10)     Total                          Min: 7872, Avg: 9914.2, Max: 12672, Diff: 4800, Sum: 39657, Workers: 4
[6.977s][debug][gc,phases      ] GC(10)   ResolvedMethodTable Weak       Min:  0.1, Avg:  0.1, Max:  0.1, Diff:  0.0, Sum:  0.2, Workers: 4
[6.977s][debug][gc,phases      ] GC(10)     Dead                           Min: 0, Avg:  0.5, Max: 2, Diff: 2, Sum: 2, Workers: 4
[6.977s][debug][gc,phases      ] GC(10)     Total                          Min: 987, Avg: 1462.8, Max: 1984, Diff: 997, Sum: 5851, Workers: 4
[6.977s][debug][gc,phases      ] GC(10)   JNI Weak                       Min:  0.0, Avg:  0.0, Max:  0.0, Diff:  0.0, Sum:  0.0, Workers: 4
[6.977s][debug][gc,phases      ] GC(10)     Dead                           Min: 0, Avg:  0.0, Max: 0, Diff: 0, Sum: 0, Workers: 4
[6.977s][debug][gc,phases      ] GC(10)     Total                          Min: 0, Avg:  3.2, Max: 13, Diff: 13, Sum: 13, Workers: 4
[6.977s][debug][gc,phases      ] GC(10)   StringDedup Table Weak         Min:  0.0, Avg:  0.0, Max:  0.0, Diff:  0.0, Sum:  0.0, Workers: 4
[6.977s][debug][gc,phases      ] GC(10)     Dead                           Min: 0, Avg:  0.0, Max: 0, Diff: 0, Sum: 0, Workers: 4
[6.977s][debug][gc,phases      ] GC(10)     Total                          Min: 0, Avg:  0.0, Max: 0, Diff: 0, Sum: 0, Workers: 4
[6.977s][debug][gc,phases      ] GC(10)   StringDedup Requests0 Weak     Min:  0.0, Avg:  0.0, Max:  0.0, Diff:  0.0, Sum:  0.0, Workers: 4
[6.977s][debug][gc,phases      ] GC(10)     Dead                           Min: 0, Avg:  0.0, Max: 0, Diff: 0, Sum: 0, Workers: 4
[6.977s][debug][gc,phases      ] GC(10)     Total                          Min: 0, Avg:  0.0, Max: 0, Diff: 0, Sum: 0, Workers: 4
[6.977s][debug][gc,phases      ] GC(10)   StringDedup Requests1 Weak     Min:  0.0, Avg:  0.0, Max:  0.0, Diff:  0.0, Sum:  0.0, Workers: 4
[6.977s][debug][gc,phases      ] GC(10)     Dead                           Min: 0, Avg:  0.0, Max: 0, Diff: 0, Sum: 0, Workers: 4
[6.977s][debug][gc,phases      ] GC(10)     Total                          Min: 0, Avg:  0.0, Max: 0, Diff: 0, Sum: 0, Workers: 4
[6.977s][debug][gc,phases      ] GC(10)   Weak JFR Old Object Samples    Min:  0.0, Avg:  0.0, Max:  0.0, Diff:  0.0, Sum:  0.0, Workers: 4
[6.977s][debug][gc,phases      ] GC(10)     Dead                           Min: 0, Avg:  0.0, Max: 0, Diff: 0, Sum: 0, Workers: 4
[6.977s][debug][gc,phases      ] GC(10)     Total                          Min: 0, Avg:  0.0, Max: 0, Diff: 0, Sum: 0, Workers: 4
[6.977s][debug][gc,phases      ] GC(10) Weak Processing 0.592ms
[6.977s][debug][gc,age         ] GC(10) Desired survivor size 299892736 bytes, new threshold 11 (max threshold 15)
[6.977s][info ][gc,heap        ] GC(10) PSYoungGen: 1706163K(1800704K)->188224K(1707008K) Eden: 1518592K(1518592K)->0K(1518592K) From: 187571K(282112K)->188224K(188416K)
[6.977s][info ][gc,heap        ] GC(10) ParOldGen: 6184K(18944K)->6192K(18944K)
[6.977s][info ][gc,metaspace   ] GC(10) Metaspace: 58297K(58880K)->58297K(58880K) NonClass: 49647K(49984K)->49647K(49984K) Class: 8650K(8896K)->8650K(8896K)
[6.978s][info ][gc             ] GC(10) Pause Young (Allocation Failure) 1672M->189M(1685M) 81.496ms
[6.978s][info ][gc,cpu         ] GC(10) User=0.31s Sys=0.01s Real=0.08s
[6.978s][info ][safepoint      ] Safepoint "ParallelGCFailedAllocation", Time since last: 125609500 ns, Reaching safepoint: 246607 ns, At safepoint: 81611979 ns, Total: 81858586 ns
[7.267s][info ][gc,start       ] GC(11) Pause Young (Allocation Failure)
[7.338s][debug][gc,phases      ] GC(11) Scavenge 71.083ms
[7.339s][debug][gc,ref         ] GC(11) Skipped phase 1 of Reference Processing: no references
[7.339s][debug][gc,ref         ] GC(11) ReferenceProcessor::execute queues: 4, RefProcThreadModel::Multi, marks_oops_alive: false
[7.339s][debug][gc,ref         ] GC(11) Skipped phase 3 of Reference Processing: no references
[7.339s][debug][gc,ref         ] GC(11) ReferenceProcessor::execute queues: 1, RefProcThreadModel::Single, marks_oops_alive: false
[7.339s][debug][gc,phases      ] GC(11) Reference Processing 0.312ms
[7.339s][debug][gc,phases      ] GC(11)   VM Weak                        Min:  0.0, Avg:  0.0, Max:  0.0, Diff:  0.0, Sum:  0.0, Workers: 4
[7.339s][debug][gc,phases      ] GC(11)     Dead                           Min: 0, Avg:  0.0, Max: 0, Diff: 0, Sum: 0, Workers: 4
[7.339s][debug][gc,phases      ] GC(11)     Total                          Min: 0, Avg: 107.0, Max: 256, Diff: 256, Sum: 428, Workers: 4
[7.339s][debug][gc,phases      ] GC(11)   ObjectSynchronizer Weak        Min:  0.0, Avg:  0.0, Max:  0.0, Diff:  0.0, Sum:  0.0, Workers: 4
[7.339s][debug][gc,phases      ] GC(11)     Dead                           Min: 0, Avg:  0.0, Max: 0, Diff: 0, Sum: 0, Workers: 4
[7.339s][debug][gc,phases      ] GC(11)     Total                          Min: 0, Avg: 110.8, Max: 251, Diff: 251, Sum: 443, Workers: 4
[7.339s][debug][gc,phases      ] GC(11)   JVMTI Tag Weak OopStorage      Min:  0.0, Avg:  0.0, Max:  0.0, Diff:  0.0, Sum:  0.0, Workers: 4
[7.339s][debug][gc,phases      ] GC(11)     Dead                           Min: 0, Avg:  0.0, Max: 0, Diff: 0, Sum: 0, Workers: 4
[7.339s][debug][gc,phases      ] GC(11)     Total                          Min: 0, Avg:  0.0, Max: 0, Diff: 0, Sum: 0, Workers: 4
[7.339s][debug][gc,phases      ] GC(11)   StringTable Weak               Min:  0.3, Avg:  0.3, Max:  0.3, Diff:  0.0, Sum:  1.2, Workers: 4
[7.339s][debug][gc,phases      ] GC(11)     Dead                           Min: 0, Avg:  3.0, Max: 12, Diff: 12, Sum: 12, Workers: 4
[7.339s][debug][gc,phases      ] GC(11)     Total                          Min: 8713, Avg: 9954.2, Max: 10752, Diff: 2039, Sum: 39817, Workers: 4
[7.339s][debug][gc,phases      ] GC(11)   ResolvedMethodTable Weak       Min:  0.0, Avg:  0.0, Max:  0.0, Diff:  0.0, Sum:  0.2, Workers: 4
[7.339s][debug][gc,phases      ] GC(11)     Dead                           Min: 0, Avg:  0.0, Max: 0, Diff: 0, Sum: 0, Workers: 4
[7.339s][debug][gc,phases      ] GC(11)     Total                          Min: 1280, Avg: 1465.2, Max: 1637, Diff: 357, Sum: 5861, Workers: 4
[7.339s][debug][gc,phases      ] GC(11)   JNI Weak                       Min:  0.0, Avg:  0.0, Max:  0.0, Diff:  0.0, Sum:  0.0, Workers: 4
[7.339s][debug][gc,phases      ] GC(11)     Dead                           Min: 0, Avg:  0.0, Max: 0, Diff: 0, Sum: 0, Workers: 4
[7.339s][debug][gc,phases      ] GC(11)     Total                          Min: 0, Avg:  3.5, Max: 14, Diff: 14, Sum: 14, Workers: 4
[7.339s][debug][gc,phases      ] GC(11)   StringDedup Table Weak         Min:  0.0, Avg:  0.0, Max:  0.0, Diff:  0.0, Sum:  0.0, Workers: 4
[7.339s][debug][gc,phases      ] GC(11)     Dead                           Min: 0, Avg:  0.0, Max: 0, Diff: 0, Sum: 0, Workers: 4
[7.339s][debug][gc,phases      ] GC(11)     Total                          Min: 0, Avg:  0.0, Max: 0, Diff: 0, Sum: 0, Workers: 4
[7.339s][debug][gc,phases      ] GC(11)   StringDedup Requests0 Weak     Min:  0.0, Avg:  0.0, Max:  0.0, Diff:  0.0, Sum:  0.0, Workers: 4
[7.339s][debug][gc,phases      ] GC(11)     Dead                           Min: 0, Avg:  0.0, Max: 0, Diff: 0, Sum: 0, Workers: 4
[7.339s][debug][gc,phases      ] GC(11)     Total                          Min: 0, Avg:  0.0, Max: 0, Diff: 0, Sum: 0, Workers: 4
[7.339s][debug][gc,phases      ] GC(11)   StringDedup Requests1 Weak     Min:  0.0, Avg:  0.0, Max:  0.0, Diff:  0.0, Sum:  0.0, Workers: 4
[7.339s][debug][gc,phases      ] GC(11)     Dead                           Min: 0, Avg:  0.0, Max: 0, Diff: 0, Sum: 0, Workers: 4
[7.339s][debug][gc,phases      ] GC(11)     Total                          Min: 0, Avg:  0.0, Max: 0, Diff: 0, Sum: 0, Workers: 4
[7.339s][debug][gc,phases      ] GC(11)   Weak JFR Old Object Samples    Min:  0.0, Avg:  0.0, Max:  0.0, Diff:  0.0, Sum:  0.0, Workers: 4
[7.339s][debug][gc,phases      ] GC(11)     Dead                           Min: 0, Avg:  0.0, Max: 0, Diff: 0, Sum: 0, Workers: 4
[7.339s][debug][gc,phases      ] GC(11)     Total                          Min: 0, Avg:  0.0, Max: 0, Diff: 0, Sum: 0, Workers: 4
[7.339s][debug][gc,phases      ] GC(11) Weak Processing 0.548ms
[7.339s][debug][gc,age         ] GC(11) Desired survivor size 301465600 bytes, new threshold 12 (max threshold 15)
[7.339s][info ][gc,heap        ] GC(11) PSYoungGen: 1706816K(1707008K)->189651K(1801216K) Eden: 1518592K(1518592K)->0K(1508352K) From: 188224K(188416K)->189651K(292864K)
[7.339s][info ][gc,heap        ] GC(11) ParOldGen: 6192K(18944K)->6200K(18944K)
[7.339s][info ][gc,metaspace   ] GC(11) Metaspace: 58595K(59200K)->58595K(59200K) NonClass: 49911K(50240K)->49911K(50240K) Class: 8683K(8960K)->8683K(8960K)
[7.339s][info ][gc             ] GC(11) Pause Young (Allocation Failure) 1672M->191M(1777M) 72.087ms
[7.339s][info ][gc,cpu         ] GC(11) User=0.28s Sys=0.00s Real=0.07s
[7.340s][info ][safepoint      ] Safepoint "ParallelGCFailedAllocation", Time since last: 289483575 ns, Reaching safepoint: 249007 ns, At safepoint: 72194539 ns, Total: 72443546 ns
[7.651s][info ][gc,start       ] GC(12) Pause Young (Allocation Failure)
[7.742s][debug][gc,phases      ] GC(12) Scavenge 90.417ms
[7.742s][debug][gc,ref         ] GC(12) Skipped phase 1 of Reference Processing: no references
[7.742s][debug][gc,ref         ] GC(12) ReferenceProcessor::execute queues: 4, RefProcThreadModel::Multi, marks_oops_alive: false
[7.742s][debug][gc,ref         ] GC(12) Skipped phase 3 of Reference Processing: no references
[7.742s][debug][gc,ref         ] GC(12) ReferenceProcessor::execute queues: 1, RefProcThreadModel::Single, marks_oops_alive: false
[7.742s][debug][gc,phases      ] GC(12) Reference Processing 0.357ms
[7.743s][debug][gc,phases      ] GC(12)   VM Weak                        Min:  0.0, Avg:  0.0, Max:  0.0, Diff:  0.0, Sum:  0.0, Workers: 4
[7.743s][debug][gc,phases      ] GC(12)     Dead                           Min: 0, Avg:  0.0, Max: 0, Diff: 0, Sum: 0, Workers: 4
[7.743s][debug][gc,phases      ] GC(12)     Total                          Min: 0, Avg: 107.0, Max: 236, Diff: 236, Sum: 428, Workers: 4
[7.743s][debug][gc,phases      ] GC(12)   ObjectSynchronizer Weak        Min:  0.0, Avg:  0.0, Max:  0.0, Diff:  0.0, Sum:  0.0, Workers: 4
[7.743s][debug][gc,phases      ] GC(12)     Dead                           Min: 0, Avg:  0.0, Max: 0, Diff: 0, Sum: 0, Workers: 4
[7.743s][debug][gc,phases      ] GC(12)     Total                          Min: 64, Avg: 110.8, Max: 128, Diff: 64, Sum: 443, Workers: 4
[7.743s][debug][gc,phases      ] GC(12)   JVMTI Tag Weak OopStorage      Min:  0.0, Avg:  0.0, Max:  0.0, Diff:  0.0, Sum:  0.0, Workers: 4
[7.743s][debug][gc,phases      ] GC(12)     Dead                           Min: 0, Avg:  0.0, Max: 0, Diff: 0, Sum: 0, Workers: 4
[7.743s][debug][gc,phases      ] GC(12)     Total                          Min: 0, Avg:  0.0, Max: 0, Diff: 0, Sum: 0, Workers: 4
[7.743s][debug][gc,phases      ] GC(12)   StringTable Weak               Min:  0.4, Avg:  0.4, Max:  0.4, Diff:  0.0, Sum:  1.6, Workers: 4
[7.743s][debug][gc,phases      ] GC(12)     Dead                           Min: 0, Avg:  3.0, Max: 12, Diff: 12, Sum: 12, Workers: 4
[7.743s][debug][gc,phases      ] GC(12)     Total                          Min: 9396, Avg: 9955.8, Max: 11392, Diff: 1996, Sum: 39823, Workers: 4
[7.743s][debug][gc,phases      ] GC(12)   ResolvedMethodTable Weak       Min:  0.1, Avg:  0.1, Max:  0.1, Diff:  0.0, Sum:  0.3, Workers: 4
[7.743s][debug][gc,phases      ] GC(12)     Dead                           Min: 0, Avg:  0.0, Max: 0, Diff: 0, Sum: 0, Workers: 4
[7.743s][debug][gc,phases      ] GC(12)     Total                          Min: 1317, Avg: 1465.2, Max: 1664, Diff: 347, Sum: 5861, Workers: 4
[7.743s][debug][gc,phases      ] GC(12)   JNI Weak                       Min:  0.0, Avg:  0.0, Max:  0.0, Diff:  0.0, Sum:  0.0, Workers: 4
[7.743s][debug][gc,phases      ] GC(12)     Dead                           Min: 0, Avg:  0.0, Max: 0, Diff: 0, Sum: 0, Workers: 4
[7.743s][debug][gc,phases      ] GC(12)     Total                          Min: 0, Avg:  1.2, Max: 5, Diff: 5, Sum: 5, Workers: 4
[7.743s][debug][gc,phases      ] GC(12)   StringDedup Table Weak         Min:  0.0, Avg:  0.0, Max:  0.0, Diff:  0.0, Sum:  0.0, Workers: 4
[7.743s][debug][gc,phases      ] GC(12)     Dead                           Min: 0, Avg:  0.0, Max: 0, Diff: 0, Sum: 0, Workers: 4
[7.743s][debug][gc,phases      ] GC(12)     Total                          Min: 0, Avg:  0.0, Max: 0, Diff: 0, Sum: 0, Workers: 4
[7.743s][debug][gc,phases      ] GC(12)   StringDedup Requests0 Weak     Min:  0.0, Avg:  0.0, Max:  0.0, Diff:  0.0, Sum:  0.0, Workers: 4
[7.743s][debug][gc,phases      ] GC(12)     Dead                           Min: 0, Avg:  0.0, Max: 0, Diff: 0, Sum: 0, Workers: 4
[7.743s][debug][gc,phases      ] GC(12)     Total                          Min: 0, Avg:  0.0, Max: 0, Diff: 0, Sum: 0, Workers: 4
[7.743s][debug][gc,phases      ] GC(12)   StringDedup Requests1 Weak     Min:  0.0, Avg:  0.0, Max:  0.0, Diff:  0.0, Sum:  0.0, Workers: 4
[7.743s][debug][gc,phases      ] GC(12)     Dead                           Min: 0, Avg:  0.0, Max: 0, Diff: 0, Sum: 0, Workers: 4
[7.743s][debug][gc,phases      ] GC(12)     Total                          Min: 0, Avg:  0.0, Max: 0, Diff: 0, Sum: 0, Workers: 4
[7.743s][debug][gc,phases      ] GC(12)   Weak JFR Old Object Samples    Min:  0.0, Avg:  0.0, Max:  0.0, Diff:  0.0, Sum:  0.0, Workers: 4
[7.743s][debug][gc,phases      ] GC(12)     Dead                           Min: 0, Avg:  0.0, Max: 0, Diff: 0, Sum: 0, Workers: 4
[7.743s][debug][gc,phases      ] GC(12)     Total                          Min: 0, Avg:  0.0, Max: 0, Diff: 0, Sum: 0, Workers: 4
[7.743s][debug][gc,phases      ] GC(12) Weak Processing 0.682ms
[7.743s][debug][gc,age         ] GC(12) Desired survivor size 303038464 bytes, new threshold 12 (max threshold 15)
[7.743s][info ][gc,heap        ] GC(12) PSYoungGen: 1698003K(1801216K)->192701K(1701376K) Eden: 1508352K(1508352K)->0K(1508352K) From: 189651K(292864K)->192701K(193024K)
[7.743s][info ][gc,heap        ] GC(12) ParOldGen: 6200K(18944K)->6208K(18944K)
[7.743s][info ][gc,metaspace   ] GC(12) Metaspace: 58618K(59200K)->58618K(59200K) NonClass: 49933K(50240K)->49933K(50240K) Class: 8684K(8960K)->8684K(8960K)
[7.743s][info ][gc             ] GC(12) Pause Young (Allocation Failure) 1664M->194M(1680M) 91.605ms
[7.743s][info ][gc,cpu         ] GC(12) User=0.37s Sys=0.00s Real=0.10s
[7.743s][info ][safepoint      ] Safepoint "ParallelGCFailedAllocation", Time since last: 311504637 ns, Reaching safepoint: 239506 ns, At safepoint: 91718637 ns, Total: 91958143 ns
[7.840s][info ][safepoint      ] Safepoint "ICBufferFull", Time since last: 96945770 ns, Reaching safepoint: 288807 ns, At safepoint: 22701 ns, Total: 311508 ns
[8.053s][info ][gc,start       ] GC(13) Pause Young (Allocation Failure)
[8.132s][debug][gc,phases      ] GC(13) Scavenge 79.245ms
[8.132s][debug][gc,ref         ] GC(13) Skipped phase 1 of Reference Processing: no references
[8.133s][debug][gc,ref         ] GC(13) ReferenceProcessor::execute queues: 4, RefProcThreadModel::Multi, marks_oops_alive: false
[8.133s][debug][gc,ref         ] GC(13) Skipped phase 3 of Reference Processing: no references
[8.133s][debug][gc,ref         ] GC(13) ReferenceProcessor::execute queues: 1, RefProcThreadModel::Single, marks_oops_alive: false
[8.133s][debug][gc,phases      ] GC(13) Reference Processing 0.484ms
[8.133s][debug][gc,phases      ] GC(13)   VM Weak                        Min:  0.0, Avg:  0.0, Max:  0.0, Diff:  0.0, Sum:  0.0, Workers: 4
[8.133s][debug][gc,phases      ] GC(13)     Dead                           Min: 0, Avg:  0.0, Max: 0, Diff: 0, Sum: 0, Workers: 4
[8.133s][debug][gc,phases      ] GC(13)     Total                          Min: 0, Avg: 107.0, Max: 300, Diff: 300, Sum: 428, Workers: 4
[8.133s][debug][gc,phases      ] GC(13)   ObjectSynchronizer Weak        Min:  0.0, Avg:  0.0, Max:  0.0, Diff:  0.0, Sum:  0.0, Workers: 4
[8.133s][debug][gc,phases      ] GC(13)     Dead                           Min: 0, Avg:  0.0, Max: 0, Diff: 0, Sum: 0, Workers: 4
[8.133s][debug][gc,phases      ] GC(13)     Total                          Min: 64, Avg: 110.8, Max: 187, Diff: 123, Sum: 443, Workers: 4
[8.133s][debug][gc,phases      ] GC(13)   JVMTI Tag Weak OopStorage      Min:  0.0, Avg:  0.0, Max:  0.0, Diff:  0.0, Sum:  0.0, Workers: 4
[8.133s][debug][gc,phases      ] GC(13)     Dead                           Min: 0, Avg:  0.0, Max: 0, Diff: 0, Sum: 0, Workers: 4
[8.133s][debug][gc,phases      ] GC(13)     Total                          Min: 0, Avg:  0.0, Max: 0, Diff: 0, Sum: 0, Workers: 4
[8.133s][debug][gc,phases      ] GC(13)   StringTable Weak               Min:  0.4, Avg:  0.4, Max:  0.4, Diff:  0.0, Sum:  1.4, Workers: 4
[8.134s][debug][gc,phases      ] GC(13)     Dead                           Min: 0, Avg:  0.0, Max: 0, Diff: 0, Sum: 0, Workers: 4
[8.134s][debug][gc,phases      ] GC(13)     Total                          Min: 7616, Avg: 9964.0, Max: 12672, Diff: 5056, Sum: 39856, Workers: 4
[8.134s][debug][gc,phases      ] GC(13)   ResolvedMethodTable Weak       Min:  0.1, Avg:  0.1, Max:  0.1, Diff:  0.0, Sum:  0.2, Workers: 4
[8.134s][debug][gc,phases      ] GC(13)     Dead                           Min: 0, Avg:  0.0, Max: 0, Diff: 0, Sum: 0, Workers: 4
[8.134s][debug][gc,phases      ] GC(13)     Total                          Min: 960, Avg: 1465.2, Max: 1856, Diff: 896, Sum: 5861, Workers: 4
[8.134s][debug][gc,phases      ] GC(13)   JNI Weak                       Min:  0.0, Avg:  0.0, Max:  0.0, Diff:  0.0, Sum:  0.0, Workers: 4
[8.134s][debug][gc,phases      ] GC(13)     Dead                           Min: 0, Avg:  0.0, Max: 0, Diff: 0, Sum: 0, Workers: 4
[8.134s][debug][gc,phases      ] GC(13)     Total                          Min: 0, Avg:  0.0, Max: 0, Diff: 0, Sum: 0, Workers: 4
[8.134s][debug][gc,phases      ] GC(13)   StringDedup Table Weak         Min:  0.0, Avg:  0.0, Max:  0.0, Diff:  0.0, Sum:  0.0, Workers: 4
[8.134s][debug][gc,phases      ] GC(13)     Dead                           Min: 0, Avg:  0.0, Max: 0, Diff: 0, Sum: 0, Workers: 4
[8.134s][debug][gc,phases      ] GC(13)     Total                          Min: 0, Avg:  0.0, Max: 0, Diff: 0, Sum: 0, Workers: 4
[8.134s][debug][gc,phases      ] GC(13)   StringDedup Requests0 Weak     Min:  0.0, Avg:  0.0, Max:  0.0, Diff:  0.0, Sum:  0.0, Workers: 4
[8.134s][debug][gc,phases      ] GC(13)     Dead                           Min: 0, Avg:  0.0, Max: 0, Diff: 0, Sum: 0, Workers: 4
[8.134s][debug][gc,phases      ] GC(13)     Total                          Min: 0, Avg:  0.0, Max: 0, Diff: 0, Sum: 0, Workers: 4
[8.134s][debug][gc,phases      ] GC(13)   StringDedup Requests1 Weak     Min:  0.0, Avg:  0.0, Max:  0.0, Diff:  0.0, Sum:  0.0, Workers: 4
[8.134s][debug][gc,phases      ] GC(13)     Dead                           Min: 0, Avg:  0.0, Max: 0, Diff: 0, Sum: 0, Workers: 4
[8.134s][debug][gc,phases      ] GC(13)     Total                          Min: 0, Avg:  0.0, Max: 0, Diff: 0, Sum: 0, Workers: 4
[8.134s][debug][gc,phases      ] GC(13)   Weak JFR Old Object Samples    Min:  0.0, Avg:  0.0, Max:  0.0, Diff:  0.0, Sum:  0.0, Workers: 4
[8.134s][debug][gc,phases      ] GC(13)     Dead                           Min: 0, Avg:  0.0, Max: 0, Diff: 0, Sum: 0, Workers: 4
[8.134s][debug][gc,phases      ] GC(13)     Total                          Min: 0, Avg:  0.0, Max: 0, Diff: 0, Sum: 0, Workers: 4
[8.134s][debug][gc,phases      ] GC(13) Weak Processing 0.637ms
[8.134s][debug][gc,age         ] GC(13) Desired survivor size 304087040 bytes, new threshold 12 (max threshold 15)
[8.134s][info ][gc,heap        ] GC(13) PSYoungGen: 1701053K(1701376K)->195589K(1799168K) Eden: 1508352K(1508352K)->0K(1503232K) From: 192701K(193024K)->195589K(295936K)
[8.134s][info ][gc,heap        ] GC(13) ParOldGen: 6208K(18944K)->6216K(18944K)
[8.134s][info ][gc,metaspace   ] GC(13) Metaspace: 58626K(59200K)->58626K(59200K) NonClass: 49940K(50240K)->49940K(50240K) Class: 8685K(8960K)->8685K(8960K)
[8.134s][info ][gc             ] GC(13) Pause Young (Allocation Failure) 1667M->197M(1775M) 80.523ms
[8.134s][info ][gc,cpu         ] GC(13) User=0.30s Sys=0.02s Real=0.09s
[8.134s][info ][safepoint      ] Safepoint "ParallelGCFailedAllocation", Time since last: 212385911 ns, Reaching safepoint: 446711 ns, At safepoint: 80647155 ns, Total: 81093866 ns
[8.386s][info ][safepoint      ] Safepoint "ICBufferFull", Time since last: 252506733 ns, Reaching safepoint: 179205 ns, At safepoint: 33401 ns, Total: 212606 ns
[8.388s][info ][safepoint      ] Safepoint "ICBufferFull", Time since last: 1496738 ns, Reaching safepoint: 102402 ns, At safepoint: 24401 ns, Total: 126803 ns
[8.398s][info ][safepoint      ] Safepoint "ICBufferFull", Time since last: 10123758 ns, Reaching safepoint: 184305 ns, At safepoint: 26000 ns, Total: 210305 ns
[8.399s][info ][safepoint      ] Safepoint "ICBufferFull", Time since last: 559215 ns, Reaching safepoint: 93402 ns, At safepoint: 21700 ns, Total: 115102 ns
[8.400s][info ][safepoint      ] Safepoint "ICBufferFull", Time since last: 669118 ns, Reaching safepoint: 95402 ns, At safepoint: 25601 ns, Total: 121003 ns
[8.401s][info ][safepoint      ] Safepoint "ICBufferFull", Time since last: 682617 ns, Reaching safepoint: 84502 ns, At safepoint: 27401 ns, Total: 111903 ns
[8.402s][info ][safepoint      ] Safepoint "ICBufferFull", Time since last: 728618 ns, Reaching safepoint: 104703 ns, At safepoint: 24501 ns, Total: 129204 ns
[8.403s][info ][safepoint      ] Safepoint "ICBufferFull", Time since last: 1187930 ns, Reaching safepoint: 98102 ns, At safepoint: 21301 ns, Total: 119403 ns
[8.404s][info ][safepoint      ] Safepoint "ICBufferFull", Time since last: 691918 ns, Reaching safepoint: 90902 ns, At safepoint: 22901 ns, Total: 113803 ns
[8.404s][info ][safepoint      ] Safepoint "ICBufferFull", Time since last: 669017 ns, Reaching safepoint: 100302 ns, At safepoint: 24001 ns, Total: 124303 ns
[8.405s][info ][safepoint      ] Safepoint "ICBufferFull", Time since last: 710818 ns, Reaching safepoint: 113903 ns, At safepoint: 25800 ns, Total: 139703 ns
[8.406s][info ][safepoint      ] Safepoint "ICBufferFull", Time since last: 696218 ns, Reaching safepoint: 107103 ns, At safepoint: 21400 ns, Total: 128503 ns
[8.407s][info ][safepoint      ] Safepoint "ICBufferFull", Time since last: 660717 ns, Reaching safepoint: 91203 ns, At safepoint: 23800 ns, Total: 115003 ns
[8.408s][info ][safepoint      ] Safepoint "ICBufferFull", Time since last: 678817 ns, Reaching safepoint: 106603 ns, At safepoint: 29101 ns, Total: 135704 ns
[8.409s][info ][safepoint      ] Safepoint "ICBufferFull", Time since last: 719318 ns, Reaching safepoint: 92603 ns, At safepoint: 25200 ns, Total: 117803 ns
[8.409s][info ][safepoint      ] Safepoint "ICBufferFull", Time since last: 667317 ns, Reaching safepoint: 102803 ns, At safepoint: 20400 ns, Total: 123203 ns
[8.410s][info ][safepoint      ] Safepoint "ICBufferFull", Time since last: 680218 ns, Reaching safepoint: 89602 ns, At safepoint: 24701 ns, Total: 114303 ns
[8.411s][info ][safepoint      ] Safepoint "ICBufferFull", Time since last: 679817 ns, Reaching safepoint: 89202 ns, At safepoint: 18701 ns, Total: 107903 ns
[8.412s][info ][safepoint      ] Safepoint "ICBufferFull", Time since last: 670717 ns, Reaching safepoint: 102202 ns, At safepoint: 21801 ns, Total: 124003 ns
[8.412s][info ][safepoint      ] Safepoint "ICBufferFull", Time since last: 668817 ns, Reaching safepoint: 97602 ns, At safepoint: 21001 ns, Total: 118603 ns
[8.413s][info ][safepoint      ] Safepoint "ICBufferFull", Time since last: 711918 ns, Reaching safepoint: 89302 ns, At safepoint: 25401 ns, Total: 114703 ns
[8.414s][info ][safepoint      ] Safepoint "ICBufferFull", Time since last: 701218 ns, Reaching safepoint: 91302 ns, At safepoint: 25801 ns, Total: 117103 ns
[8.415s][info ][safepoint      ] Safepoint "ICBufferFull", Time since last: 667317 ns, Reaching safepoint: 91902 ns, At safepoint: 24701 ns, Total: 116603 ns
[8.426s][info ][safepoint      ] Safepoint "ICBufferFull", Time since last: 10740474 ns, Reaching safepoint: 99802 ns, At safepoint: 28201 ns, Total: 128003 ns
[8.430s][info ][gc,start       ] GC(14) Pause Young (Allocation Failure)
[8.509s][debug][gc,phases      ] GC(14) Scavenge 79.483ms
[8.509s][debug][gc,ref         ] GC(14) Skipped phase 1 of Reference Processing: no references
[8.509s][debug][gc,ref         ] GC(14) ReferenceProcessor::execute queues: 4, RefProcThreadModel::Multi, marks_oops_alive: false
[8.510s][debug][gc,ref         ] GC(14) Skipped phase 3 of Reference Processing: no references
[8.510s][debug][gc,ref         ] GC(14) ReferenceProcessor::execute queues: 1, RefProcThreadModel::Single, marks_oops_alive: false
[8.510s][debug][gc,phases      ] GC(14) Reference Processing 0.408ms
[8.510s][debug][gc,phases      ] GC(14)   VM Weak                        Min:  0.0, Avg:  0.0, Max:  0.0, Diff:  0.0, Sum:  0.0, Workers: 4
[8.510s][debug][gc,phases      ] GC(14)     Dead                           Min: 0, Avg:  0.0, Max: 0, Diff: 0, Sum: 0, Workers: 4
[8.510s][debug][gc,phases      ] GC(14)     Total                          Min: 0, Avg: 109.8, Max: 375, Diff: 375, Sum: 439, Workers: 4
[8.510s][debug][gc,phases      ] GC(14)   ObjectSynchronizer Weak        Min:  0.0, Avg:  0.0, Max:  0.0, Diff:  0.0, Sum:  0.0, Workers: 4
[8.510s][debug][gc,phases      ] GC(14)     Dead                           Min: 0, Avg:  0.0, Max: 0, Diff: 0, Sum: 0, Workers: 4
[8.510s][debug][gc,phases      ] GC(14)     Total                          Min: 0, Avg: 110.8, Max: 187, Diff: 187, Sum: 443, Workers: 4
[8.510s][debug][gc,phases      ] GC(14)   JVMTI Tag Weak OopStorage      Min:  0.0, Avg:  0.0, Max:  0.0, Diff:  0.0, Sum:  0.0, Workers: 4
[8.510s][debug][gc,phases      ] GC(14)     Dead                           Min: 0, Avg:  0.0, Max: 0, Diff: 0, Sum: 0, Workers: 4
[8.510s][debug][gc,phases      ] GC(14)     Total                          Min: 0, Avg:  0.0, Max: 0, Diff: 0, Sum: 0, Workers: 4
[8.510s][debug][gc,phases      ] GC(14)   StringTable Weak               Min:  0.4, Avg:  0.4, Max:  0.4, Diff:  0.0, Sum:  1.5, Workers: 4
[8.510s][debug][gc,phases      ] GC(14)     Dead                           Min: 0, Avg:  4.5, Max: 13, Diff: 13, Sum: 18, Workers: 4
[8.510s][debug][gc,phases      ] GC(14)     Total                          Min: 7911, Avg: 9993.8, Max: 13056, Diff: 5145, Sum: 39975, Workers: 4
[8.510s][debug][gc,phases      ] GC(14)   ResolvedMethodTable Weak       Min:  0.1, Avg:  0.1, Max:  0.1, Diff:  0.0, Sum:  0.3, Workers: 4
[8.510s][debug][gc,phases      ] GC(14)     Dead                           Min: 0, Avg:  1.2, Max: 5, Diff: 5, Sum: 5, Workers: 4
[8.510s][debug][gc,phases      ] GC(14)     Total                          Min: 1152, Avg: 1491.5, Max: 2190, Diff: 1038, Sum: 5966, Workers: 4
[8.510s][debug][gc,phases      ] GC(14)   JNI Weak                       Min:  0.0, Avg:  0.0, Max:  0.0, Diff:  0.0, Sum:  0.0, Workers: 4
[8.510s][debug][gc,phases      ] GC(14)     Dead                           Min: 0, Avg:  0.0, Max: 0, Diff: 0, Sum: 0, Workers: 4
[8.510s][debug][gc,phases      ] GC(14)     Total                          Min: 0, Avg:  0.0, Max: 0, Diff: 0, Sum: 0, Workers: 4
[8.510s][debug][gc,phases      ] GC(14)   StringDedup Table Weak         Min:  0.0, Avg:  0.0, Max:  0.0, Diff:  0.0, Sum:  0.0, Workers: 4
[8.510s][debug][gc,phases      ] GC(14)     Dead                           Min: 0, Avg:  0.0, Max: 0, Diff: 0, Sum: 0, Workers: 4
[8.510s][debug][gc,phases      ] GC(14)     Total                          Min: 0, Avg:  0.0, Max: 0, Diff: 0, Sum: 0, Workers: 4
[8.510s][debug][gc,phases      ] GC(14)   StringDedup Requests0 Weak     Min:  0.0, Avg:  0.0, Max:  0.0, Diff:  0.0, Sum:  0.0, Workers: 4
[8.510s][debug][gc,phases      ] GC(14)     Dead                           Min: 0, Avg:  0.0, Max: 0, Diff: 0, Sum: 0, Workers: 4
[8.510s][debug][gc,phases      ] GC(14)     Total                          Min: 0, Avg:  0.0, Max: 0, Diff: 0, Sum: 0, Workers: 4
[8.510s][debug][gc,phases      ] GC(14)   StringDedup Requests1 Weak     Min:  0.0, Avg:  0.0, Max:  0.0, Diff:  0.0, Sum:  0.0, Workers: 4
[8.510s][debug][gc,phases      ] GC(14)     Dead                           Min: 0, Avg:  0.0, Max: 0, Diff: 0, Sum: 0, Workers: 4
[8.510s][debug][gc,phases      ] GC(14)     Total                          Min: 0, Avg:  0.0, Max: 0, Diff: 0, Sum: 0, Workers: 4
[8.510s][debug][gc,phases      ] GC(14)   Weak JFR Old Object Samples    Min:  0.0, Avg:  0.0, Max:  0.0, Diff:  0.0, Sum:  0.0, Workers: 4
[8.510s][debug][gc,phases      ] GC(14)     Dead                           Min: 0, Avg:  0.0, Max: 0, Diff: 0, Sum: 0, Workers: 4
[8.510s][debug][gc,phases      ] GC(14)     Total                          Min: 0, Avg:  0.0, Max: 0, Diff: 0, Sum: 0, Workers: 4
[8.510s][debug][gc,phases      ] GC(14) Weak Processing 0.649ms
[8.510s][debug][gc,age         ] GC(14) Desired survivor size 305659904 bytes, new threshold 12 (max threshold 15)
[8.510s][info ][gc,heap        ] GC(14) PSYoungGen: 1698821K(1799168K)->199732K(1703424K) Eden: 1503232K(1503232K)->0K(1503232K) From: 195589K(295936K)->199732K(200192K)
[8.510s][info ][gc,heap        ] GC(14) ParOldGen: 6216K(18944K)->6224K(18944K)
[8.510s][info ][gc,metaspace   ] GC(14) Metaspace: 59081K(59648K)->59081K(59648K) NonClass: 50326K(50624K)->50326K(50624K) Class: 8755K(9024K)->8755K(9024K)
[8.510s][info ][gc             ] GC(14) Pause Young (Allocation Failure) 1665M->201M(1682M) 80.662ms
[8.510s][info ][gc,cpu         ] GC(14) User=0.32s Sys=0.00s Real=0.08s
[8.510s][info ][safepoint      ] Safepoint "ParallelGCFailedAllocation", Time since last: 3737895 ns, Reaching safepoint: 111603 ns, At safepoint: 80742557 ns, Total: 80854160 ns
[8.803s][info ][gc,start       ] GC(15) Pause Young (Allocation Failure)
[8.882s][debug][gc,phases      ] GC(15) Scavenge 79.370ms
[8.882s][debug][gc,ref         ] GC(15) Skipped phase 1 of Reference Processing: no references
[8.883s][debug][gc,ref         ] GC(15) ReferenceProcessor::execute queues: 4, RefProcThreadModel::Multi, marks_oops_alive: false
[8.883s][debug][gc,ref         ] GC(15) Skipped phase 3 of Reference Processing: no references
[8.883s][debug][gc,ref         ] GC(15) ReferenceProcessor::execute queues: 1, RefProcThreadModel::Single, marks_oops_alive: false
[8.883s][debug][gc,phases      ] GC(15) Reference Processing 0.302ms
[8.883s][debug][gc,phases      ] GC(15)   VM Weak                        Min:  0.0, Avg:  0.0, Max:  0.0, Diff:  0.0, Sum:  0.0, Workers: 4
[8.883s][debug][gc,phases      ] GC(15)     Dead                           Min: 0, Avg:  0.0, Max: 0, Diff: 0, Sum: 0, Workers: 4
[8.883s][debug][gc,phases      ] GC(15)     Total                          Min: 0, Avg: 109.8, Max: 375, Diff: 375, Sum: 439, Workers: 4
[8.883s][debug][gc,phases      ] GC(15)   ObjectSynchronizer Weak        Min:  0.0, Avg:  0.0, Max:  0.0, Diff:  0.0, Sum:  0.0, Workers: 4
[8.883s][debug][gc,phases      ] GC(15)     Dead                           Min: 0, Avg:  0.0, Max: 0, Diff: 0, Sum: 0, Workers: 4
[8.883s][debug][gc,phases      ] GC(15)     Total                          Min: 0, Avg: 110.8, Max: 192, Diff: 192, Sum: 443, Workers: 4
[8.883s][debug][gc,phases      ] GC(15)   JVMTI Tag Weak OopStorage      Min:  0.0, Avg:  0.0, Max:  0.0, Diff:  0.0, Sum:  0.0, Workers: 4
[8.883s][debug][gc,phases      ] GC(15)     Dead                           Min: 0, Avg:  0.0, Max: 0, Diff: 0, Sum: 0, Workers: 4
[8.883s][debug][gc,phases      ] GC(15)     Total                          Min: 0, Avg:  0.0, Max: 0, Diff: 0, Sum: 0, Workers: 4
[8.883s][debug][gc,phases      ] GC(15)   StringTable Weak               Min:  0.3, Avg:  0.3, Max:  0.3, Diff:  0.0, Sum:  1.2, Workers: 4
[8.883s][debug][gc,phases      ] GC(15)     Dead                           Min: 0, Avg:  3.0, Max: 12, Diff: 12, Sum: 12, Workers: 4
[8.883s][debug][gc,phases      ] GC(15)     Total                          Min: 8576, Avg: 9997.8, Max: 10752, Diff: 2176, Sum: 39991, Workers: 4
[8.883s][debug][gc,phases      ] GC(15)   ResolvedMethodTable Weak       Min:  0.0, Avg:  0.0, Max:  0.0, Diff:  0.0, Sum:  0.2, Workers: 4
[8.883s][debug][gc,phases      ] GC(15)     Dead                           Min: 0, Avg:  0.0, Max: 0, Diff: 0, Sum: 0, Workers: 4
[8.883s][debug][gc,phases      ] GC(15)     Total                          Min: 1344, Avg: 1492.0, Max: 1600, Diff: 256, Sum: 5968, Workers: 4
[8.883s][debug][gc,phases      ] GC(15)   JNI Weak                       Min:  0.0, Avg:  0.0, Max:  0.0, Diff:  0.0, Sum:  0.0, Workers: 4
[8.883s][debug][gc,phases      ] GC(15)     Dead                           Min: 0, Avg:  0.0, Max: 0, Diff: 0, Sum: 0, Workers: 4
[8.883s][debug][gc,phases      ] GC(15)     Total                          Min: 0, Avg:  0.0, Max: 0, Diff: 0, Sum: 0, Workers: 4
[8.883s][debug][gc,phases      ] GC(15)   StringDedup Table Weak         Min:  0.0, Avg:  0.0, Max:  0.0, Diff:  0.0, Sum:  0.0, Workers: 4
[8.883s][debug][gc,phases      ] GC(15)     Dead                           Min: 0, Avg:  0.0, Max: 0, Diff: 0, Sum: 0, Workers: 4
[8.883s][debug][gc,phases      ] GC(15)     Total                          Min: 0, Avg:  0.0, Max: 0, Diff: 0, Sum: 0, Workers: 4
[8.883s][debug][gc,phases      ] GC(15)   StringDedup Requests0 Weak     Min:  0.0, Avg:  0.0, Max:  0.0, Diff:  0.0, Sum:  0.0, Workers: 4
[8.883s][debug][gc,phases      ] GC(15)     Dead                           Min: 0, Avg:  0.0, Max: 0, Diff: 0, Sum: 0, Workers: 4
[8.883s][debug][gc,phases      ] GC(15)     Total                          Min: 0, Avg:  0.0, Max: 0, Diff: 0, Sum: 0, Workers: 4
[8.883s][debug][gc,phases      ] GC(15)   StringDedup Requests1 Weak     Min:  0.0, Avg:  0.0, Max:  0.0, Diff:  0.0, Sum:  0.0, Workers: 4
[8.883s][debug][gc,phases      ] GC(15)     Dead                           Min: 0, Avg:  0.0, Max: 0, Diff: 0, Sum: 0, Workers: 4
[8.883s][debug][gc,phases      ] GC(15)     Total                          Min: 0, Avg:  0.0, Max: 0, Diff: 0, Sum: 0, Workers: 4
[8.883s][debug][gc,phases      ] GC(15)   Weak JFR Old Object Samples    Min:  0.0, Avg:  0.0, Max:  0.0, Diff:  0.0, Sum:  0.0, Workers: 4
[8.883s][debug][gc,phases      ] GC(15)     Dead                           Min: 0, Avg:  0.0, Max: 0, Diff: 0, Sum: 0, Workers: 4
[8.883s][debug][gc,phases      ] GC(15)     Total                          Min: 0, Avg:  0.0, Max: 0, Diff: 0, Sum: 0, Workers: 4
[8.883s][debug][gc,phases      ] GC(15) Weak Processing 0.545ms
[8.883s][debug][gc,age         ] GC(15) Desired survivor size 302514176 bytes, new threshold 12 (max threshold 15)
[8.883s][info ][gc,heap        ] GC(15) PSYoungGen: 1702964K(1703424K)->190183K(1801728K) Eden: 1503232K(1503232K)->0K(1503232K) From: 199732K(200192K)->190183K(298496K)
[8.883s][info ][gc,heap        ] GC(15) ParOldGen: 6224K(18944K)->16106K(18944K)
[8.883s][info ][gc,metaspace   ] GC(15) Metaspace: 59112K(59712K)->59112K(59712K) NonClass: 50355K(50688K)->50355K(50688K) Class: 8756K(9024K)->8756K(9024K)
[8.883s][info ][gc             ] GC(15) Pause Young (Allocation Failure) 1669M->201M(1778M) 80.381ms
[8.883s][info ][gc,cpu         ] GC(15) User=0.32s Sys=0.01s Real=0.08s
[8.883s][debug][gc,phases      ] GC(16) Pre Compact 0.015ms
[8.883s][info ][gc,start       ] GC(16) Pause Full (Ergonomics)
[8.883s][info ][gc,phases,start] GC(16) Marking Phase
[8.959s][debug][gc,phases      ] GC(16) Par Mark 75.764ms
[8.959s][debug][gc,ref         ] GC(16) Skipped phase 1 of Reference Processing: no references
[8.959s][debug][gc,ref         ] GC(16) ReferenceProcessor::execute queues: 4, RefProcThreadModel::Multi, marks_oops_alive: false
[8.960s][debug][gc,ref         ] GC(16) Skipped phase 3 of Reference Processing: no references
[8.960s][debug][gc,ref         ] GC(16) ReferenceProcessor::execute queues: 1, RefProcThreadModel::Single, marks_oops_alive: false
[8.960s][debug][gc,phases      ] GC(16) Reference Processing 0.289ms
[8.960s][debug][gc,phases      ] GC(16)   VM Weak                        Min:  0.0, Avg:  0.0, Max:  0.0, Diff:  0.0, Sum:  0.0, Workers: 4
[8.960s][debug][gc,phases      ] GC(16)     Dead                           Min: 0, Avg:  0.0, Max: 0, Diff: 0, Sum: 0, Workers: 4
[8.960s][debug][gc,phases      ] GC(16)     Total                          Min: 0, Avg: 109.8, Max: 320, Diff: 320, Sum: 439, Workers: 4
[8.960s][debug][gc,phases      ] GC(16)   ObjectSynchronizer Weak        Min:  0.0, Avg:  0.0, Max:  0.0, Diff:  0.0, Sum:  0.0, Workers: 4
[8.960s][debug][gc,phases      ] GC(16)     Dead                           Min: 0, Avg:  0.0, Max: 0, Diff: 0, Sum: 0, Workers: 4
[8.960s][debug][gc,phases      ] GC(16)     Total                          Min: 0, Avg: 110.8, Max: 187, Diff: 187, Sum: 443, Workers: 4
[8.960s][debug][gc,phases      ] GC(16)   JVMTI Tag Weak OopStorage      Min:  0.0, Avg:  0.0, Max:  0.0, Diff:  0.0, Sum:  0.0, Workers: 4
[8.960s][debug][gc,phases      ] GC(16)     Dead                           Min: 0, Avg:  0.0, Max: 0, Diff: 0, Sum: 0, Workers: 4
[8.960s][debug][gc,phases      ] GC(16)     Total                          Min: 0, Avg:  0.0, Max: 0, Diff: 0, Sum: 0, Workers: 4
[8.960s][debug][gc,phases      ] GC(16)   StringTable Weak               Min:  0.1, Avg:  0.1, Max:  0.1, Diff:  0.0, Sum:  0.5, Workers: 4
[8.960s][debug][gc,phases      ] GC(16)     Dead                           Min: 0, Avg:  0.0, Max: 0, Diff: 0, Sum: 0, Workers: 4
[8.960s][debug][gc,phases      ] GC(16)     Total                          Min: 9527, Avg: 9997.8, Max: 10496, Diff: 969, Sum: 39991, Workers: 4
[8.960s][debug][gc,phases      ] GC(16)   ResolvedMethodTable Weak       Min:  0.0, Avg:  0.0, Max:  0.0, Diff:  0.0, Sum:  0.1, Workers: 4
[8.960s][debug][gc,phases      ] GC(16)     Dead                           Min: 0, Avg:  0.0, Max: 0, Diff: 0, Sum: 0, Workers: 4
[8.960s][debug][gc,phases      ] GC(16)     Total                          Min: 1216, Avg: 1492.0, Max: 1856, Diff: 640, Sum: 5968, Workers: 4
[8.960s][debug][gc,phases      ] GC(16)   JNI Weak                       Min:  0.0, Avg:  0.0, Max:  0.0, Diff:  0.0, Sum:  0.0, Workers: 4
[8.960s][debug][gc,phases      ] GC(16)     Dead                           Min: 0, Avg:  0.0, Max: 0, Diff: 0, Sum: 0, Workers: 4
[8.960s][debug][gc,phases      ] GC(16)     Total                          Min: 0, Avg:  0.0, Max: 0, Diff: 0, Sum: 0, Workers: 4
[8.960s][debug][gc,phases      ] GC(16)   StringDedup Table Weak         Min:  0.0, Avg:  0.0, Max:  0.0, Diff:  0.0, Sum:  0.0, Workers: 4
[8.960s][debug][gc,phases      ] GC(16)     Dead                           Min: 0, Avg:  0.0, Max: 0, Diff: 0, Sum: 0, Workers: 4
[8.960s][debug][gc,phases      ] GC(16)     Total                          Min: 0, Avg:  0.0, Max: 0, Diff: 0, Sum: 0, Workers: 4
[8.960s][debug][gc,phases      ] GC(16)   StringDedup Requests0 Weak     Min:  0.0, Avg:  0.0, Max:  0.0, Diff:  0.0, Sum:  0.0, Workers: 4
[8.960s][debug][gc,phases      ] GC(16)     Dead                           Min: 0, Avg:  0.0, Max: 0, Diff: 0, Sum: 0, Workers: 4
[8.960s][debug][gc,phases      ] GC(16)     Total                          Min: 0, Avg:  0.0, Max: 0, Diff: 0, Sum: 0, Workers: 4
[8.960s][debug][gc,phases      ] GC(16)   StringDedup Requests1 Weak     Min:  0.0, Avg:  0.0, Max:  0.0, Diff:  0.0, Sum:  0.0, Workers: 4
[8.960s][debug][gc,phases      ] GC(16)     Dead                           Min: 0, Avg:  0.0, Max: 0, Diff: 0, Sum: 0, Workers: 4
[8.960s][debug][gc,phases      ] GC(16)     Total                          Min: 0, Avg:  0.0, Max: 0, Diff: 0, Sum: 0, Workers: 4
[8.960s][debug][gc,phases      ] GC(16)   Weak JFR Old Object Samples    Min:  0.0, Avg:  0.0, Max:  0.0, Diff:  0.0, Sum:  0.0, Workers: 4
[8.960s][debug][gc,phases      ] GC(16)     Dead                           Min: 0, Avg:  0.0, Max: 0, Diff: 0, Sum: 0, Workers: 4
[8.960s][debug][gc,phases      ] GC(16)     Total                          Min: 0, Avg:  0.0, Max: 0, Diff: 0, Sum: 0, Workers: 4
[8.960s][debug][gc,phases      ] GC(16) Weak Processing 0.373ms
[8.960s][debug][gc,phases      ] GC(16) ClassLoaderData 0.062ms
[8.960s][debug][gc,phases      ] GC(16) Trigger cleanups 0.000ms
[8.967s][debug][gc,phases      ] GC(16) Class Unloading 7.214ms
[8.967s][info ][gc,phases      ] GC(16) Marking Phase 83.779ms
[8.967s][info ][gc,phases,start] GC(16) Summary Phase
[8.967s][info ][gc,phases      ] GC(16) Summary Phase 0.008ms
[8.967s][info ][gc,phases,start] GC(16) Adjust Roots
[8.977s][info ][gc,phases      ] GC(16) Adjust Roots 9.325ms
[8.977s][info ][gc,phases,start] GC(16) Compaction Phase
[9.276s][info ][gc,phases      ] GC(16) Compaction Phase 299.791ms
[9.276s][info ][gc,phases,start] GC(16) Post Compact
[9.278s][info ][gc,phases      ] GC(16) Post Compact 1.204ms
[9.278s][info ][gc,heap        ] GC(16) PSYoungGen: 190183K(1801728K)->187340K(1801728K) Eden: 0K(1503232K)->0K(1503232K) From: 190183K(298496K)->187340K(298496K)
[9.278s][info ][gc,heap        ] GC(16) ParOldGen: 16106K(18944K)->18462K(39936K)
[9.278s][info ][gc,metaspace   ] GC(16) Metaspace: 59112K(59712K)->59112K(59712K) NonClass: 50355K(50688K)->50355K(50688K) Class: 8756K(9024K)->8756K(9024K)
[9.278s][info ][gc             ] GC(16) Pause Full (Ergonomics) 201M->200M(1798M) 394.298ms
[9.278s][info ][gc,cpu         ] GC(16) User=1.45s Sys=0.00s Real=0.39s
[9.278s][info ][safepoint      ] Safepoint "ParallelGCFailedAllocation", Time since last: 292434751 ns, Reaching safepoint: 152404 ns, At safepoint: 474863798 ns, Total: 475016202 ns
[9.327s][info ][safepoint      ] Safepoint "ICBufferFull", Time since last: 49164553 ns, Reaching safepoint: 160004 ns, At safepoint: 26900 ns, Total: 186904 ns
[9.328s][info ][safepoint      ] Safepoint "ICBufferFull", Time since last: 758120 ns, Reaching safepoint: 89802 ns, At safepoint: 26101 ns, Total: 115903 ns
[9.329s][info ][safepoint      ] Safepoint "ICBufferFull", Time since last: 709418 ns, Reaching safepoint: 92402 ns, At safepoint: 22901 ns, Total: 115303 ns
[9.330s][info ][safepoint      ] Safepoint "ICBufferFull", Time since last: 803220 ns, Reaching safepoint: 92503 ns, At safepoint: 25600 ns, Total: 118103 ns
[9.331s][info ][safepoint      ] Safepoint "ICBufferFull", Time since last: 736719 ns, Reaching safepoint: 96802 ns, At safepoint: 24001 ns, Total: 120803 ns
[9.331s][info ][safepoint      ] Safepoint "ICBufferFull", Time since last: 657117 ns, Reaching safepoint: 96802 ns, At safepoint: 27401 ns, Total: 124203 ns
[9.332s][info ][safepoint      ] Safepoint "ICBufferFull", Time since last: 655217 ns, Reaching safepoint: 96002 ns, At safepoint: 23201 ns, Total: 119203 ns
[9.333s][info ][safepoint      ] Safepoint "ICBufferFull", Time since last: 664417 ns, Reaching safepoint: 93302 ns, At safepoint: 25301 ns, Total: 118603 ns
[9.334s][info ][safepoint      ] Safepoint "ICBufferFull", Time since last: 676117 ns, Reaching safepoint: 89902 ns, At safepoint: 27701 ns, Total: 117603 ns
[9.338s][info ][safepoint      ] Safepoint "ICBufferFull", Time since last: 652516 ns, Reaching safepoint: 3200182 ns, At safepoint: 27801 ns, Total: 3227983 ns
[9.338s][info ][safepoint      ] Safepoint "ICBufferFull", Time since last: 660617 ns, Reaching safepoint: 92002 ns, At safepoint: 32001 ns, Total: 124003 ns
[9.339s][info ][safepoint      ] Safepoint "ICBufferFull", Time since last: 880522 ns, Reaching safepoint: 93603 ns, At safepoint: 26200 ns, Total: 119803 ns
[9.340s][info ][safepoint      ] Safepoint "ICBufferFull", Time since last: 727619 ns, Reaching safepoint: 91202 ns, At safepoint: 23901 ns, Total: 115103 ns
[9.341s][info ][safepoint      ] Safepoint "ICBufferFull", Time since last: 671917 ns, Reaching safepoint: 91002 ns, At safepoint: 23801 ns, Total: 114803 ns
[9.342s][info ][safepoint      ] Safepoint "ICBufferFull", Time since last: 724618 ns, Reaching safepoint: 92102 ns, At safepoint: 27601 ns, Total: 119703 ns
[9.343s][info ][safepoint      ] Safepoint "ICBufferFull", Time since last: 701418 ns, Reaching safepoint: 296308 ns, At safepoint: 27600 ns, Total: 323908 ns
[9.577s][info ][gc,start       ] GC(17) Pause Young (Allocation Failure)
[9.652s][debug][gc,phases      ] GC(17) Scavenge 75.443ms
[9.652s][debug][gc,ref         ] GC(17) Skipped phase 1 of Reference Processing: no references
[9.653s][debug][gc,ref         ] GC(17) ReferenceProcessor::execute queues: 2, RefProcThreadModel::Multi, marks_oops_alive: false
[9.653s][debug][gc,ref         ] GC(17) Skipped phase 3 of Reference Processing: no references
[9.653s][debug][gc,ref         ] GC(17) ReferenceProcessor::execute queues: 1, RefProcThreadModel::Single, marks_oops_alive: false
[9.653s][debug][gc,phases      ] GC(17) Reference Processing 0.291ms
[9.653s][debug][gc,phases      ] GC(17)   VM Weak                        Min:  0.0, Avg:  0.0, Max:  0.0, Diff:  0.0, Sum:  0.0, Workers: 4
[9.653s][debug][gc,phases      ] GC(17)     Dead                           Min: 0, Avg:  0.0, Max: 0, Diff: 0, Sum: 0, Workers: 4
[9.653s][debug][gc,phases      ] GC(17)     Total                          Min: 0, Avg: 111.8, Max: 383, Diff: 383, Sum: 447, Workers: 4
[9.653s][debug][gc,phases      ] GC(17)   ObjectSynchronizer Weak        Min:  0.0, Avg:  0.0, Max:  0.0, Diff:  0.0, Sum:  0.0, Workers: 4
[9.653s][debug][gc,phases      ] GC(17)     Dead                           Min: 0, Avg:  0.2, Max: 1, Diff: 1, Sum: 1, Workers: 4
[9.653s][debug][gc,phases      ] GC(17)     Total                          Min: 0, Avg: 110.8, Max: 251, Diff: 251, Sum: 443, Workers: 4
[9.653s][debug][gc,phases      ] GC(17)   JVMTI Tag Weak OopStorage      Min:  0.0, Avg:  0.0, Max:  0.0, Diff:  0.0, Sum:  0.0, Workers: 4
[9.653s][debug][gc,phases      ] GC(17)     Dead                           Min: 0, Avg:  0.0, Max: 0, Diff: 0, Sum: 0, Workers: 4
[9.653s][debug][gc,phases      ] GC(17)     Total                          Min: 0, Avg:  0.0, Max: 0, Diff: 0, Sum: 0, Workers: 4
[9.653s][debug][gc,phases      ] GC(17)   StringTable Weak               Min:  0.0, Avg:  0.3, Max:  0.4, Diff:  0.4, Sum:  1.2, Workers: 4
[9.653s][debug][gc,phases      ] GC(17)     Dead                           Min: 0, Avg:  3.2, Max: 10, Diff: 10, Sum: 13, Workers: 4
[9.653s][debug][gc,phases      ] GC(17)     Total                          Min: 0, Avg: 10044.0, Max: 16368, Diff: 16368, Sum: 40176, Workers: 4
[9.653s][debug][gc,phases      ] GC(17)   ResolvedMethodTable Weak       Min:  0.0, Avg:  0.1, Max:  0.1, Diff:  0.1, Sum:  0.2, Workers: 4
[9.653s][debug][gc,phases      ] GC(17)     Dead                           Min: 0, Avg:  0.2, Max: 1, Diff: 1, Sum: 1, Workers: 4
[9.653s][debug][gc,phases      ] GC(17)     Total                          Min: 0, Avg: 1546.0, Max: 2537, Diff: 2537, Sum: 6184, Workers: 4
[9.653s][debug][gc,phases      ] GC(17)   JNI Weak                       Min:  0.0, Avg:  0.0, Max:  0.0, Diff:  0.0, Sum:  0.0, Workers: 4
[9.653s][debug][gc,phases      ] GC(17)     Dead                           Min: 0, Avg:  0.0, Max: 0, Diff: 0, Sum: 0, Workers: 4
[9.653s][debug][gc,phases      ] GC(17)     Total                          Min: 0, Avg:  0.5, Max: 2, Diff: 2, Sum: 2, Workers: 4
[9.653s][debug][gc,phases      ] GC(17)   StringDedup Table Weak         Min:  0.0, Avg:  0.0, Max:  0.0, Diff:  0.0, Sum:  0.0, Workers: 4
[9.653s][debug][gc,phases      ] GC(17)     Dead                           Min: 0, Avg:  0.0, Max: 0, Diff: 0, Sum: 0, Workers: 4
[9.653s][debug][gc,phases      ] GC(17)     Total                          Min: 0, Avg:  0.0, Max: 0, Diff: 0, Sum: 0, Workers: 4
[9.653s][debug][gc,phases      ] GC(17)   StringDedup Requests0 Weak     Min:  0.0, Avg:  0.0, Max:  0.0, Diff:  0.0, Sum:  0.0, Workers: 4
[9.653s][debug][gc,phases      ] GC(17)     Dead                           Min: 0, Avg:  0.0, Max: 0, Diff: 0, Sum: 0, Workers: 4
[9.653s][debug][gc,phases      ] GC(17)     Total                          Min: 0, Avg:  0.0, Max: 0, Diff: 0, Sum: 0, Workers: 4
[9.653s][debug][gc,phases      ] GC(17)   StringDedup Requests1 Weak     Min:  0.0, Avg:  0.0, Max:  0.0, Diff:  0.0, Sum:  0.0, Workers: 4
[9.653s][debug][gc,phases      ] GC(17)     Dead                           Min: 0, Avg:  0.0, Max: 0, Diff: 0, Sum: 0, Workers: 4
[9.653s][debug][gc,phases      ] GC(17)     Total                          Min: 0, Avg:  0.0, Max: 0, Diff: 0, Sum: 0, Workers: 4
[9.653s][debug][gc,phases      ] GC(17)   Weak JFR Old Object Samples    Min:  0.0, Avg:  0.0, Max:  0.0, Diff:  0.0, Sum:  0.0, Workers: 4
[9.653s][debug][gc,phases      ] GC(17)     Dead                           Min: 0, Avg:  0.0, Max: 0, Diff: 0, Sum: 0, Workers: 4
[9.653s][debug][gc,phases      ] GC(17)     Total                          Min: 0, Avg:  0.0, Max: 0, Diff: 0, Sum: 0, Workers: 4
[9.653s][debug][gc,phases      ] GC(17) Weak Processing 0.686ms
[9.653s][debug][gc,age         ] GC(17) Desired survivor size 292552704 bytes, new threshold 11 (max threshold 15)
[9.653s][info ][gc,heap        ] GC(17) PSYoungGen: 1690572K(1801728K)->146310K(1798656K) Eden: 1503232K(1503232K)->0K(1503232K) From: 187340K(298496K)->146310K(295424K)
[9.653s][info ][gc,heap        ] GC(17) ParOldGen: 18462K(39936K)->62475K(62976K)
[9.653s][info ][gc,metaspace   ] GC(17) Metaspace: 59603K(60224K)->59603K(60224K) NonClass: 50734K(51072K)->50734K(51072K) Class: 8869K(9152K)->8869K(9152K)
[9.653s][info ][gc             ] GC(17) Pause Young (Allocation Failure) 1668M->203M(1818M) 76.571ms
[9.653s][info ][gc,cpu         ] GC(17) User=0.31s Sys=0.00s Real=0.07s
[9.653s][debug][gc,phases      ] GC(18) Pre Compact 0.011ms
[9.653s][info ][gc,start       ] GC(18) Pause Full (Ergonomics)
[9.654s][info ][gc,phases,start] GC(18) Marking Phase
[9.730s][debug][gc,phases      ] GC(18) Par Mark 76.039ms
[9.730s][debug][gc,ref         ] GC(18) Skipped phase 1 of Reference Processing: no references
[9.730s][debug][gc,ref         ] GC(18) ReferenceProcessor::execute queues: 4, RefProcThreadModel::Multi, marks_oops_alive: false
[9.730s][debug][gc,ref         ] GC(18) Skipped phase 3 of Reference Processing: no references
[9.730s][debug][gc,ref         ] GC(18) ReferenceProcessor::execute queues: 1, RefProcThreadModel::Single, marks_oops_alive: false
[9.730s][debug][gc,phases      ] GC(18) Reference Processing 0.291ms
[9.730s][debug][gc,phases      ] GC(18)   VM Weak                        Min:  0.0, Avg:  0.0, Max:  0.0, Diff:  0.0, Sum:  0.0, Workers: 4
[9.730s][debug][gc,phases      ] GC(18)     Dead                           Min: 0, Avg:  0.0, Max: 0, Diff: 0, Sum: 0, Workers: 4
[9.730s][debug][gc,phases      ] GC(18)     Total                          Min: 0, Avg: 111.8, Max: 383, Diff: 383, Sum: 447, Workers: 4
[9.730s][debug][gc,phases      ] GC(18)   ObjectSynchronizer Weak        Min:  0.0, Avg:  0.0, Max:  0.0, Diff:  0.0, Sum:  0.0, Workers: 4
[9.730s][debug][gc,phases      ] GC(18)     Dead                           Min: 0, Avg:  0.0, Max: 0, Diff: 0, Sum: 0, Workers: 4
[9.730s][debug][gc,phases      ] GC(18)     Total                          Min: 0, Avg: 110.8, Max: 192, Diff: 192, Sum: 443, Workers: 4
[9.730s][debug][gc,phases      ] GC(18)   JVMTI Tag Weak OopStorage      Min:  0.0, Avg:  0.0, Max:  0.0, Diff:  0.0, Sum:  0.0, Workers: 4
[9.730s][debug][gc,phases      ] GC(18)     Dead                           Min: 0, Avg:  0.0, Max: 0, Diff: 0, Sum: 0, Workers: 4
[9.730s][debug][gc,phases      ] GC(18)     Total                          Min: 0, Avg:  0.0, Max: 0, Diff: 0, Sum: 0, Workers: 4
[9.730s][debug][gc,phases      ] GC(18)   StringTable Weak               Min:  0.1, Avg:  0.1, Max:  0.1, Diff:  0.0, Sum:  0.5, Workers: 4
[9.730s][debug][gc,phases      ] GC(18)     Dead                           Min: 0, Avg:  0.0, Max: 0, Diff: 0, Sum: 0, Workers: 4
[9.730s][debug][gc,phases      ] GC(18)     Total                          Min: 9072, Avg: 10044.0, Max: 11584, Diff: 2512, Sum: 40176, Workers: 4
[9.730s][debug][gc,phases      ] GC(18)   ResolvedMethodTable Weak       Min:  0.0, Avg:  0.0, Max:  0.0, Diff:  0.0, Sum:  0.1, Workers: 4
[9.730s][debug][gc,phases      ] GC(18)     Dead                           Min: 0, Avg:  0.0, Max: 0, Diff: 0, Sum: 0, Workers: 4
[9.730s][debug][gc,phases      ] GC(18)     Total                          Min: 1344, Avg: 1546.0, Max: 1664, Diff: 320, Sum: 6184, Workers: 4
[9.730s][debug][gc,phases      ] GC(18)   JNI Weak                       Min:  0.0, Avg:  0.0, Max:  0.0, Diff:  0.0, Sum:  0.0, Workers: 4
[9.730s][debug][gc,phases      ] GC(18)     Dead                           Min: 0, Avg:  0.0, Max: 0, Diff: 0, Sum: 0, Workers: 4
[9.730s][debug][gc,phases      ] GC(18)     Total                          Min: 0, Avg:  0.5, Max: 2, Diff: 2, Sum: 2, Workers: 4
[9.730s][debug][gc,phases      ] GC(18)   StringDedup Table Weak         Min:  0.0, Avg:  0.0, Max:  0.0, Diff:  0.0, Sum:  0.0, Workers: 4
[9.730s][debug][gc,phases      ] GC(18)     Dead                           Min: 0, Avg:  0.0, Max: 0, Diff: 0, Sum: 0, Workers: 4
[9.730s][debug][gc,phases      ] GC(18)     Total                          Min: 0, Avg:  0.0, Max: 0, Diff: 0, Sum: 0, Workers: 4
[9.730s][debug][gc,phases      ] GC(18)   StringDedup Requests0 Weak     Min:  0.0, Avg:  0.0, Max:  0.0, Diff:  0.0, Sum:  0.0, Workers: 4
[9.730s][debug][gc,phases      ] GC(18)     Dead                           Min: 0, Avg:  0.0, Max: 0, Diff: 0, Sum: 0, Workers: 4
[9.730s][debug][gc,phases      ] GC(18)     Total                          Min: 0, Avg:  0.0, Max: 0, Diff: 0, Sum: 0, Workers: 4
[9.730s][debug][gc,phases      ] GC(18)   StringDedup Requests1 Weak     Min:  0.0, Avg:  0.0, Max:  0.0, Diff:  0.0, Sum:  0.0, Workers: 4
[9.730s][debug][gc,phases      ] GC(18)     Dead                           Min: 0, Avg:  0.0, Max: 0, Diff: 0, Sum: 0, Workers: 4
[9.730s][debug][gc,phases      ] GC(18)     Total                          Min: 0, Avg:  0.0, Max: 0, Diff: 0, Sum: 0, Workers: 4
[9.730s][debug][gc,phases      ] GC(18)   Weak JFR Old Object Samples    Min:  0.0, Avg:  0.0, Max:  0.0, Diff:  0.0, Sum:  0.0, Workers: 4
[9.730s][debug][gc,phases      ] GC(18)     Dead                           Min: 0, Avg:  0.0, Max: 0, Diff: 0, Sum: 0, Workers: 4
[9.730s][debug][gc,phases      ] GC(18)     Total                          Min: 0, Avg:  0.0, Max: 0, Diff: 0, Sum: 0, Workers: 4
[9.730s][debug][gc,phases      ] GC(18) Weak Processing 0.350ms
[9.730s][debug][gc,phases      ] GC(18) ClassLoaderData 0.062ms
[9.730s][debug][gc,phases      ] GC(18) Trigger cleanups 0.000ms
[9.737s][debug][gc,phases      ] GC(18) Class Unloading 6.883ms
[9.737s][info ][gc,phases      ] GC(18) Marking Phase 83.705ms
[9.737s][info ][gc,phases,start] GC(18) Summary Phase
[9.737s][info ][gc,phases      ] GC(18) Summary Phase 0.008ms
[9.737s][info ][gc,phases,start] GC(18) Adjust Roots
[9.746s][info ][gc,phases      ] GC(18) Adjust Roots 8.642ms
[9.746s][info ][gc,phases,start] GC(18) Compaction Phase
[10.657s][info ][gc,phases      ] GC(18) Compaction Phase 910.598ms
[10.657s][info ][gc,phases,start] GC(18) Post Compact
[10.657s][info ][gc,phases      ] GC(18) Post Compact 0.814ms
[10.657s][info ][gc,heap        ] GC(18) PSYoungGen: 146310K(1798656K)->146116K(1798656K) Eden: 0K(1503232K)->0K(1503232K) From: 146310K(295424K)->146116K(295424K)
[10.657s][info ][gc,heap        ] GC(18) ParOldGen: 62475K(62976K)->62268K(106496K)
[10.657s][info ][gc,metaspace   ] GC(18) Metaspace: 59603K(60224K)->59603K(60224K) NonClass: 50734K(51072K)->50734K(51072K) Class: 8869K(9152K)->8869K(9152K)
[10.657s][info ][gc             ] GC(18) Pause Full (Ergonomics) 203M->203M(1860M) 1004.017ms
[10.658s][info ][gc,cpu         ] GC(18) User=2.28s Sys=0.01s Real=1.01s
[10.658s][info ][safepoint      ] Safepoint "ParallelGCFailedAllocation", Time since last: 230623276 ns, Reaching safepoint: 3245183 ns, At safepoint: 1080767635 ns, Total: 1084012818 ns
[10.964s][info ][gc,start       ] GC(19) Pause Young (Allocation Failure)
[11.073s][debug][gc,phases      ] GC(19) Scavenge 108.621ms
[11.073s][debug][gc,ref         ] GC(19) Skipped phase 1 of Reference Processing: no references
[11.073s][debug][gc,ref         ] GC(19) ReferenceProcessor::execute queues: 1, RefProcThreadModel::Single, marks_oops_alive: false
[11.073s][debug][gc,ref         ] GC(19) Skipped phase 3 of Reference Processing: no references
[11.073s][debug][gc,ref         ] GC(19) ReferenceProcessor::execute queues: 1, RefProcThreadModel::Single, marks_oops_alive: false
[11.073s][debug][gc,phases      ] GC(19) Reference Processing 0.171ms
[11.073s][debug][gc,phases      ] GC(19)   VM Weak                        Min:  0.0, Avg:  0.0, Max:  0.0, Diff:  0.0, Sum:  0.0, Workers: 4
[11.073s][debug][gc,phases      ] GC(19)     Dead                           Min: 0, Avg:  0.0, Max: 0, Diff: 0, Sum: 0, Workers: 4
[11.073s][debug][gc,phases      ] GC(19)     Total                          Min: 0, Avg: 113.2, Max: 261, Diff: 261, Sum: 453, Workers: 4
[11.073s][debug][gc,phases      ] GC(19)   ObjectSynchronizer Weak        Min:  0.0, Avg:  0.0, Max:  0.0, Diff:  0.0, Sum:  0.0, Workers: 4
[11.073s][debug][gc,phases      ] GC(19)     Dead                           Min: 0, Avg:  0.0, Max: 0, Diff: 0, Sum: 0, Workers: 4
[11.073s][debug][gc,phases      ] GC(19)     Total                          Min: 0, Avg: 110.8, Max: 187, Diff: 187, Sum: 443, Workers: 4
[11.073s][debug][gc,phases      ] GC(19)   JVMTI Tag Weak OopStorage      Min:  0.0, Avg:  0.0, Max:  0.0, Diff:  0.0, Sum:  0.0, Workers: 4
[11.073s][debug][gc,phases      ] GC(19)     Dead                           Min: 0, Avg:  0.0, Max: 0, Diff: 0, Sum: 0, Workers: 4
[11.073s][debug][gc,phases      ] GC(19)     Total                          Min: 0, Avg:  0.0, Max: 0, Diff: 0, Sum: 0, Workers: 4
[11.073s][debug][gc,phases      ] GC(19)   StringTable Weak               Min:  0.2, Avg:  0.2, Max:  0.2, Diff:  0.0, Sum:  0.8, Workers: 4
[11.073s][debug][gc,phases      ] GC(19)     Dead                           Min: 1, Avg:  4.2, Max: 11, Diff: 10, Sum: 17, Workers: 4
[11.073s][debug][gc,phases      ] GC(19)     Total                          Min: 8896, Avg: 10080.2, Max: 11073, Diff: 2177, Sum: 40321, Workers: 4
[11.073s][debug][gc,phases      ] GC(19)   ResolvedMethodTable Weak       Min:  0.0, Avg:  0.0, Max:  0.0, Diff:  0.0, Sum:  0.2, Workers: 4
[11.073s][debug][gc,phases      ] GC(19)     Dead                           Min: 0, Avg:  5.2, Max: 15, Diff: 15, Sum: 21, Workers: 4
[11.073s][debug][gc,phases      ] GC(19)     Total                          Min: 1233, Avg: 1572.2, Max: 1728, Diff: 495, Sum: 6289, Workers: 4
[11.073s][debug][gc,phases      ] GC(19)   JNI Weak                       Min:  0.0, Avg:  0.0, Max:  0.0, Diff:  0.0, Sum:  0.0, Workers: 4
[11.073s][debug][gc,phases      ] GC(19)     Dead                           Min: 0, Avg:  0.0, Max: 0, Diff: 0, Sum: 0, Workers: 4
[11.073s][debug][gc,phases      ] GC(19)     Total                          Min: 0, Avg:  0.0, Max: 0, Diff: 0, Sum: 0, Workers: 4
[11.073s][debug][gc,phases      ] GC(19)   StringDedup Table Weak         Min:  0.0, Avg:  0.0, Max:  0.0, Diff:  0.0, Sum:  0.0, Workers: 4
[11.073s][debug][gc,phases      ] GC(19)     Dead                           Min: 0, Avg:  0.0, Max: 0, Diff: 0, Sum: 0, Workers: 4
[11.073s][debug][gc,phases      ] GC(19)     Total                          Min: 0, Avg:  0.0, Max: 0, Diff: 0, Sum: 0, Workers: 4
[11.073s][debug][gc,phases      ] GC(19)   StringDedup Requests0 Weak     Min:  0.0, Avg:  0.0, Max:  0.0, Diff:  0.0, Sum:  0.0, Workers: 4
[11.073s][debug][gc,phases      ] GC(19)     Dead                           Min: 0, Avg:  0.0, Max: 0, Diff: 0, Sum: 0, Workers: 4
[11.073s][debug][gc,phases      ] GC(19)     Total                          Min: 0, Avg:  0.0, Max: 0, Diff: 0, Sum: 0, Workers: 4
[11.073s][debug][gc,phases      ] GC(19)   StringDedup Requests1 Weak     Min:  0.0, Avg:  0.0, Max:  0.0, Diff:  0.0, Sum:  0.0, Workers: 4
[11.073s][debug][gc,phases      ] GC(19)     Dead                           Min: 0, Avg:  0.0, Max: 0, Diff: 0, Sum: 0, Workers: 4
[11.073s][debug][gc,phases      ] GC(19)     Total                          Min: 0, Avg:  0.0, Max: 0, Diff: 0, Sum: 0, Workers: 4
[11.073s][debug][gc,phases      ] GC(19)   Weak JFR Old Object Samples    Min:  0.0, Avg:  0.0, Max:  0.0, Diff:  0.0, Sum:  0.0, Workers: 4
[11.073s][debug][gc,phases      ] GC(19)     Dead                           Min: 0, Avg:  0.0, Max: 0, Diff: 0, Sum: 0, Workers: 4
[11.073s][debug][gc,phases      ] GC(19)     Total                          Min: 0, Avg:  0.0, Max: 0, Diff: 0, Sum: 0, Workers: 4
[11.073s][debug][gc,phases      ] GC(19) Weak Processing 0.465ms
[11.073s][debug][gc,age         ] GC(19) Desired survivor size 303562752 bytes, new threshold 12 (max threshold 15)
[11.073s][info ][gc,heap        ] GC(19) PSYoungGen: 1649348K(1798656K)->27631K(1789952K) Eden: 1503232K(1503232K)->0K(1504256K) From: 146116K(295424K)->27631K(285696K)
[11.073s][info ][gc,heap        ] GC(19) ParOldGen: 62268K(106496K)->181733K(181760K)
[11.073s][info ][gc,metaspace   ] GC(19) Metaspace: 60269K(60864K)->60269K(60864K) NonClass: 51319K(51648K)->51319K(51648K) Class: 8950K(9216K)->8950K(9216K)
[11.073s][info ][gc             ] GC(19) Pause Young (Allocation Failure) 1671M->204M(1925M) 109.402ms
[11.073s][info ][gc,cpu         ] GC(19) User=0.38s Sys=0.06s Real=0.10s
[11.073s][debug][gc,phases      ] GC(20) Pre Compact 0.010ms
[11.073s][info ][gc,start       ] GC(20) Pause Full (Ergonomics)
[11.073s][info ][gc,phases,start] GC(20) Marking Phase
[11.166s][debug][gc,phases      ] GC(20) Par Mark 92.773ms
[11.166s][debug][gc,ref         ] GC(20) Skipped phase 1 of Reference Processing: no references
[11.166s][debug][gc,ref         ] GC(20) ReferenceProcessor::execute queues: 4, RefProcThreadModel::Multi, marks_oops_alive: false
[11.167s][debug][gc,ref         ] GC(20) Skipped phase 3 of Reference Processing: no references
[11.167s][debug][gc,ref         ] GC(20) ReferenceProcessor::execute queues: 1, RefProcThreadModel::Single, marks_oops_alive: false
[11.167s][debug][gc,phases      ] GC(20) Reference Processing 0.292ms
[11.167s][debug][gc,phases      ] GC(20)   VM Weak                        Min:  0.0, Avg:  0.0, Max:  0.0, Diff:  0.0, Sum:  0.0, Workers: 4
[11.167s][debug][gc,phases      ] GC(20)     Dead                           Min: 0, Avg:  0.0, Max: 0, Diff: 0, Sum: 0, Workers: 4
[11.167s][debug][gc,phases      ] GC(20)     Total                          Min: 0, Avg: 113.2, Max: 256, Diff: 256, Sum: 453, Workers: 4
[11.167s][debug][gc,phases      ] GC(20)   ObjectSynchronizer Weak        Min:  0.0, Avg:  0.0, Max:  0.0, Diff:  0.0, Sum:  0.0, Workers: 4
[11.167s][debug][gc,phases      ] GC(20)     Dead                           Min: 0, Avg:  0.0, Max: 0, Diff: 0, Sum: 0, Workers: 4
[11.167s][debug][gc,phases      ] GC(20)     Total                          Min: 0, Avg: 110.8, Max: 187, Diff: 187, Sum: 443, Workers: 4
[11.167s][debug][gc,phases      ] GC(20)   JVMTI Tag Weak OopStorage      Min:  0.0, Avg:  0.0, Max:  0.0, Diff:  0.0, Sum:  0.0, Workers: 4
[11.167s][debug][gc,phases      ] GC(20)     Dead                           Min: 0, Avg:  0.0, Max: 0, Diff: 0, Sum: 0, Workers: 4
[11.167s][debug][gc,phases      ] GC(20)     Total                          Min: 0, Avg:  0.0, Max: 0, Diff: 0, Sum: 0, Workers: 4
[11.167s][debug][gc,phases      ] GC(20)   StringTable Weak               Min:  0.1, Avg:  0.1, Max:  0.1, Diff:  0.0, Sum:  0.5, Workers: 4
[11.167s][debug][gc,phases      ] GC(20)     Dead                           Min: 0, Avg:  0.0, Max: 0, Diff: 0, Sum: 0, Workers: 4
[11.167s][debug][gc,phases      ] GC(20)     Total                          Min: 9472, Avg: 10080.2, Max: 10880, Diff: 1408, Sum: 40321, Workers: 4
[11.167s][debug][gc,phases      ] GC(20)   ResolvedMethodTable Weak       Min:  0.0, Avg:  0.0, Max:  0.0, Diff:  0.0, Sum:  0.1, Workers: 4
[11.167s][debug][gc,phases      ] GC(20)     Dead                           Min: 0, Avg:  0.2, Max: 1, Diff: 1, Sum: 1, Workers: 4
[11.167s][debug][gc,phases      ] GC(20)     Total                          Min: 1472, Avg: 1572.2, Max: 1664, Diff: 192, Sum: 6289, Workers: 4
[11.167s][debug][gc,phases      ] GC(20)   JNI Weak                       Min:  0.0, Avg:  0.0, Max:  0.0, Diff:  0.0, Sum:  0.0, Workers: 4
[11.167s][debug][gc,phases      ] GC(20)     Dead                           Min: 0, Avg:  0.0, Max: 0, Diff: 0, Sum: 0, Workers: 4
[11.167s][debug][gc,phases      ] GC(20)     Total                          Min: 0, Avg:  0.0, Max: 0, Diff: 0, Sum: 0, Workers: 4
[11.167s][debug][gc,phases      ] GC(20)   StringDedup Table Weak         Min:  0.0, Avg:  0.0, Max:  0.0, Diff:  0.0, Sum:  0.0, Workers: 4
[11.167s][debug][gc,phases      ] GC(20)     Dead                           Min: 0, Avg:  0.0, Max: 0, Diff: 0, Sum: 0, Workers: 4
[11.167s][debug][gc,phases      ] GC(20)     Total                          Min: 0, Avg:  0.0, Max: 0, Diff: 0, Sum: 0, Workers: 4
[11.167s][debug][gc,phases      ] GC(20)   StringDedup Requests0 Weak     Min:  0.0, Avg:  0.0, Max:  0.0, Diff:  0.0, Sum:  0.0, Workers: 4
[11.167s][debug][gc,phases      ] GC(20)     Dead                           Min: 0, Avg:  0.0, Max: 0, Diff: 0, Sum: 0, Workers: 4
[11.167s][debug][gc,phases      ] GC(20)     Total                          Min: 0, Avg:  0.0, Max: 0, Diff: 0, Sum: 0, Workers: 4
[11.167s][debug][gc,phases      ] GC(20)   StringDedup Requests1 Weak     Min:  0.0, Avg:  0.0, Max:  0.0, Diff:  0.0, Sum:  0.0, Workers: 4
[11.167s][debug][gc,phases      ] GC(20)     Dead                           Min: 0, Avg:  0.0, Max: 0, Diff: 0, Sum: 0, Workers: 4
[11.167s][debug][gc,phases      ] GC(20)     Total                          Min: 0, Avg:  0.0, Max: 0, Diff: 0, Sum: 0, Workers: 4
[11.167s][debug][gc,phases      ] GC(20)   Weak JFR Old Object Samples    Min:  0.0, Avg:  0.0, Max:  0.0, Diff:  0.0, Sum:  0.0, Workers: 4
[11.167s][debug][gc,phases      ] GC(20)     Dead                           Min: 0, Avg:  0.0, Max: 0, Diff: 0, Sum: 0, Workers: 4
[11.167s][debug][gc,phases      ] GC(20)     Total                          Min: 0, Avg:  0.0, Max: 0, Diff: 0, Sum: 0, Workers: 4
[11.167s][debug][gc,phases      ] GC(20) Weak Processing 0.330ms
[11.167s][debug][gc,phases      ] GC(20) ClassLoaderData 0.063ms
[11.167s][debug][gc,phases      ] GC(20) Trigger cleanups 0.000ms
[11.174s][debug][gc,phases      ] GC(20) Class Unloading 7.069ms
[11.174s][info ][gc,phases      ] GC(20) Marking Phase 100.607ms
[11.174s][info ][gc,phases,start] GC(20) Summary Phase
[11.174s][info ][gc,phases      ] GC(20) Summary Phase 0.008ms
[11.174s][info ][gc,phases,start] GC(20) Adjust Roots
[11.182s][info ][gc,phases      ] GC(20) Adjust Roots 8.440ms
[11.182s][info ][gc,phases,start] GC(20) Compaction Phase
[11.521s][info ][gc,phases      ] GC(20) Compaction Phase 338.411ms
[11.521s][info ][gc,phases,start] GC(20) Post Compact
[11.522s][info ][gc,phases      ] GC(20) Post Compact 0.598ms
[11.522s][info ][gc,heap        ] GC(20) PSYoungGen: 27631K(1789952K)->26983K(1789952K) Eden: 0K(1504256K)->0K(1504256K) From: 27631K(285696K)->26983K(285696K)
[11.522s][info ][gc,heap        ] GC(20) ParOldGen: 181733K(181760K)->181717K(277504K)
[11.522s][info ][gc,metaspace   ] GC(20) Metaspace: 60269K(60864K)->60269K(60864K) NonClass: 51319K(51648K)->51319K(51648K) Class: 8950K(9216K)->8950K(9216K)
[11.522s][info ][gc             ] GC(20) Pause Full (Ergonomics) 204M->203M(2019M) 448.336ms
[11.522s][info ][gc,cpu         ] GC(20) User=1.45s Sys=0.01s Real=0.46s
[11.522s][info ][safepoint      ] Safepoint "ParallelGCFailedAllocation", Time since last: 306100599 ns, Reaching safepoint: 208205 ns, At safepoint: 557903314 ns, Total: 558111519 ns
[11.787s][info ][gc,start       ] GC(21) Pause Young (Allocation Failure)
[11.822s][debug][gc,phases      ] GC(21) Scavenge 35.178ms
[11.822s][debug][gc,ref         ] GC(21) Skipped phase 1 of Reference Processing: no references
[11.822s][debug][gc,ref         ] GC(21) ReferenceProcessor::execute queues: 1, RefProcThreadModel::Single, marks_oops_alive: false
[11.822s][debug][gc,ref         ] GC(21) Skipped phase 3 of Reference Processing: no references
[11.822s][debug][gc,ref         ] GC(21) ReferenceProcessor::execute queues: 1, RefProcThreadModel::Single, marks_oops_alive: false
[11.822s][debug][gc,phases      ] GC(21) Reference Processing 0.157ms
[11.822s][debug][gc,phases      ] GC(21)   VM Weak                        Min:  0.0, Avg:  0.0, Max:  0.0, Diff:  0.0, Sum:  0.0, Workers: 4
[11.822s][debug][gc,phases      ] GC(21)     Dead                           Min: 0, Avg:  0.0, Max: 0, Diff: 0, Sum: 0, Workers: 4
[11.822s][debug][gc,phases      ] GC(21)     Total                          Min: 0, Avg: 113.2, Max: 256, Diff: 256, Sum: 453, Workers: 4
[11.822s][debug][gc,phases      ] GC(21)   ObjectSynchronizer Weak        Min:  0.0, Avg:  0.0, Max:  0.0, Diff:  0.0, Sum:  0.0, Workers: 4
[11.822s][debug][gc,phases      ] GC(21)     Dead                           Min: 0, Avg:  0.0, Max: 0, Diff: 0, Sum: 0, Workers: 4
[11.822s][debug][gc,phases      ] GC(21)     Total                          Min: 0, Avg: 110.8, Max: 251, Diff: 251, Sum: 443, Workers: 4
[11.822s][debug][gc,phases      ] GC(21)   JVMTI Tag Weak OopStorage      Min:  0.0, Avg:  0.0, Max:  0.0, Diff:  0.0, Sum:  0.0, Workers: 4
[11.822s][debug][gc,phases      ] GC(21)     Dead                           Min: 0, Avg:  0.0, Max: 0, Diff: 0, Sum: 0, Workers: 4
[11.822s][debug][gc,phases      ] GC(21)     Total                          Min: 0, Avg:  0.0, Max: 0, Diff: 0, Sum: 0, Workers: 4
[11.822s][debug][gc,phases      ] GC(21)   StringTable Weak               Min:  0.1, Avg:  0.1, Max:  0.1, Diff:  0.0, Sum:  0.4, Workers: 4
[11.822s][debug][gc,phases      ] GC(21)     Dead                           Min: 0, Avg:  2.8, Max: 11, Diff: 11, Sum: 11, Workers: 4
[11.822s][debug][gc,phases      ] GC(21)     Total                          Min: 9018, Avg: 10254.5, Max: 12096, Diff: 3078, Sum: 41018, Workers: 4
[11.822s][debug][gc,phases      ] GC(21)   ResolvedMethodTable Weak       Min:  0.0, Avg:  0.0, Max:  0.0, Diff:  0.0, Sum:  0.1, Workers: 4
[11.822s][debug][gc,phases      ] GC(21)     Dead                           Min: 1, Avg: 12.0, Max: 44, Diff: 43, Sum: 48, Workers: 4
[11.822s][debug][gc,phases      ] GC(21)     Total                          Min: 1408, Avg: 1584.0, Max: 1792, Diff: 384, Sum: 6336, Workers: 4
[11.822s][debug][gc,phases      ] GC(21)   JNI Weak                       Min:  0.0, Avg:  0.0, Max:  0.0, Diff:  0.0, Sum:  0.0, Workers: 4
[11.822s][debug][gc,phases      ] GC(21)     Dead                           Min: 0, Avg:  0.0, Max: 0, Diff: 0, Sum: 0, Workers: 4
[11.822s][debug][gc,phases      ] GC(21)     Total                          Min: 0, Avg:  0.0, Max: 0, Diff: 0, Sum: 0, Workers: 4
[11.822s][debug][gc,phases      ] GC(21)   StringDedup Table Weak         Min:  0.0, Avg:  0.0, Max:  0.0, Diff:  0.0, Sum:  0.0, Workers: 4
[11.822s][debug][gc,phases      ] GC(21)     Dead                           Min: 0, Avg:  0.0, Max: 0, Diff: 0, Sum: 0, Workers: 4
[11.822s][debug][gc,phases      ] GC(21)     Total                          Min: 0, Avg:  0.0, Max: 0, Diff: 0, Sum: 0, Workers: 4
[11.822s][debug][gc,phases      ] GC(21)   StringDedup Requests0 Weak     Min:  0.0, Avg:  0.0, Max:  0.0, Diff:  0.0, Sum:  0.0, Workers: 4
[11.822s][debug][gc,phases      ] GC(21)     Dead                           Min: 0, Avg:  0.0, Max: 0, Diff: 0, Sum: 0, Workers: 4
[11.822s][debug][gc,phases      ] GC(21)     Total                          Min: 0, Avg:  0.0, Max: 0, Diff: 0, Sum: 0, Workers: 4
[11.822s][debug][gc,phases      ] GC(21)   StringDedup Requests1 Weak     Min:  0.0, Avg:  0.0, Max:  0.0, Diff:  0.0, Sum:  0.0, Workers: 4
[11.822s][debug][gc,phases      ] GC(21)     Dead                           Min: 0, Avg:  0.0, Max: 0, Diff: 0, Sum: 0, Workers: 4
[11.822s][debug][gc,phases      ] GC(21)     Total                          Min: 0, Avg:  0.0, Max: 0, Diff: 0, Sum: 0, Workers: 4
[11.822s][debug][gc,phases      ] GC(21)   Weak JFR Old Object Samples    Min:  0.0, Avg:  0.0, Max:  0.0, Diff:  0.0, Sum:  0.0, Workers: 4
[11.822s][debug][gc,phases      ] GC(21)     Dead                           Min: 0, Avg:  0.0, Max: 0, Diff: 0, Sum: 0, Workers: 4
[11.822s][debug][gc,phases      ] GC(21)     Total                          Min: 0, Avg:  0.0, Max: 0, Diff: 0, Sum: 0, Workers: 4
[11.822s][debug][gc,phases      ] GC(21) Weak Processing 0.323ms
[11.822s][debug][gc,age         ] GC(21) Desired survivor size 309854208 bytes, new threshold 13 (max threshold 15)
[11.822s][info ][gc,heap        ] GC(21) PSYoungGen: 1531239K(1789952K)->27533K(1531904K) Eden: 1504256K(1504256K)->0K(1504256K) From: 26983K(285696K)->27533K(27648K)
[11.822s][info ][gc,heap        ] GC(21) ParOldGen: 181717K(277504K)->181725K(277504K)
[11.822s][info ][gc,metaspace   ] GC(21) Metaspace: 61626K(62272K)->61626K(62272K) NonClass: 52505K(52864K)->52505K(52864K) Class: 9121K(9408K)->9121K(9408K)
[11.823s][info ][gc             ] GC(21) Pause Young (Allocation Failure) 1672M->204M(1767M) 35.796ms
[11.823s][info ][gc,cpu         ] GC(21) User=0.14s Sys=0.00s Real=0.04s
[11.823s][info ][safepoint      ] Safepoint "ParallelGCFailedAllocation", Time since last: 264508939 ns, Reaching safepoint: 374710 ns, At safepoint: 35909214 ns, Total: 36283924 ns
[12.179s][info ][gc,start       ] GC(22) Pause Young (Allocation Failure)
[12.193s][debug][gc,phases      ] GC(22) Scavenge 13.994ms
[12.194s][debug][gc,ref         ] GC(22) Skipped phase 1 of Reference Processing: no references
[12.194s][debug][gc,ref         ] GC(22) ReferenceProcessor::execute queues: 2, RefProcThreadModel::Multi, marks_oops_alive: false
[12.194s][debug][gc,ref         ] GC(22) Skipped phase 3 of Reference Processing: no references
[12.194s][debug][gc,ref         ] GC(22) ReferenceProcessor::execute queues: 1, RefProcThreadModel::Single, marks_oops_alive: false
[12.194s][debug][gc,phases      ] GC(22) Reference Processing 0.231ms
[12.194s][debug][gc,phases      ] GC(22)   VM Weak                        Min:  0.0, Avg:  0.0, Max:  0.0, Diff:  0.0, Sum:  0.0, Workers: 4
[12.194s][debug][gc,phases      ] GC(22)     Dead                           Min: 0, Avg:  0.0, Max: 0, Diff: 0, Sum: 0, Workers: 4
[12.194s][debug][gc,phases      ] GC(22)     Total                          Min: 0, Avg: 117.5, Max: 342, Diff: 342, Sum: 470, Workers: 4
[12.194s][debug][gc,phases      ] GC(22)   ObjectSynchronizer Weak        Min:  0.0, Avg:  0.0, Max:  0.0, Diff:  0.0, Sum:  0.0, Workers: 4
[12.194s][debug][gc,phases      ] GC(22)     Dead                           Min: 0, Avg:  0.0, Max: 0, Diff: 0, Sum: 0, Workers: 4
[12.194s][debug][gc,phases      ] GC(22)     Total                          Min: 0, Avg: 111.0, Max: 316, Diff: 316, Sum: 444, Workers: 4
[12.194s][debug][gc,phases      ] GC(22)   JVMTI Tag Weak OopStorage      Min:  0.0, Avg:  0.0, Max:  0.0, Diff:  0.0, Sum:  0.0, Workers: 4
[12.194s][debug][gc,phases      ] GC(22)     Dead                           Min: 0, Avg:  0.0, Max: 0, Diff: 0, Sum: 0, Workers: 4
[12.194s][debug][gc,phases      ] GC(22)     Total                          Min: 0, Avg:  0.0, Max: 0, Diff: 0, Sum: 0, Workers: 4
[12.194s][debug][gc,phases      ] GC(22)   StringTable Weak               Min:  0.1, Avg:  0.1, Max:  0.1, Diff:  0.0, Sum:  0.5, Workers: 4
[12.194s][debug][gc,phases      ] GC(22)     Dead                           Min: 0, Avg:  3.8, Max: 11, Diff: 11, Sum: 15, Workers: 4
[12.194s][debug][gc,phases      ] GC(22)     Total                          Min: 9536, Avg: 10433.5, Max: 11776, Diff: 2240, Sum: 41734, Workers: 4
[12.194s][debug][gc,phases      ] GC(22)   ResolvedMethodTable Weak       Min:  0.0, Avg:  0.0, Max:  0.0, Diff:  0.0, Sum:  0.1, Workers: 4
[12.194s][debug][gc,phases      ] GC(22)     Dead                           Min: 2, Avg: 27.2, Max: 82, Diff: 80, Sum: 109, Workers: 4
[12.194s][debug][gc,phases      ] GC(22)     Total                          Min: 1407, Avg: 1636.2, Max: 1919, Diff: 512, Sum: 6545, Workers: 4
[12.194s][debug][gc,phases      ] GC(22)   JNI Weak                       Min:  0.0, Avg:  0.0, Max:  0.0, Diff:  0.0, Sum:  0.0, Workers: 4
[12.194s][debug][gc,phases      ] GC(22)     Dead                           Min: 0, Avg:  0.0, Max: 0, Diff: 0, Sum: 0, Workers: 4
[12.194s][debug][gc,phases      ] GC(22)     Total                          Min: 0, Avg:  1.2, Max: 5, Diff: 5, Sum: 5, Workers: 4
[12.194s][debug][gc,phases      ] GC(22)   StringDedup Table Weak         Min:  0.0, Avg:  0.0, Max:  0.0, Diff:  0.0, Sum:  0.0, Workers: 4
[12.194s][debug][gc,phases      ] GC(22)     Dead                           Min: 0, Avg:  0.0, Max: 0, Diff: 0, Sum: 0, Workers: 4
[12.194s][debug][gc,phases      ] GC(22)     Total                          Min: 0, Avg:  0.0, Max: 0, Diff: 0, Sum: 0, Workers: 4
[12.194s][debug][gc,phases      ] GC(22)   StringDedup Requests0 Weak     Min:  0.0, Avg:  0.0, Max:  0.0, Diff:  0.0, Sum:  0.0, Workers: 4
[12.194s][debug][gc,phases      ] GC(22)     Dead                           Min: 0, Avg:  0.0, Max: 0, Diff: 0, Sum: 0, Workers: 4
[12.194s][debug][gc,phases      ] GC(22)     Total                          Min: 0, Avg:  0.0, Max: 0, Diff: 0, Sum: 0, Workers: 4
[12.194s][debug][gc,phases      ] GC(22)   StringDedup Requests1 Weak     Min:  0.0, Avg:  0.0, Max:  0.0, Diff:  0.0, Sum:  0.0, Workers: 4
[12.194s][debug][gc,phases      ] GC(22)     Dead                           Min: 0, Avg:  0.0, Max: 0, Diff: 0, Sum: 0, Workers: 4
[12.194s][debug][gc,phases      ] GC(22)     Total                          Min: 0, Avg:  0.0, Max: 0, Diff: 0, Sum: 0, Workers: 4
[12.194s][debug][gc,phases      ] GC(22)   Weak JFR Old Object Samples    Min:  0.0, Avg:  0.0, Max:  0.0, Diff:  0.0, Sum:  0.0, Workers: 4
[12.194s][debug][gc,phases      ] GC(22)     Dead                           Min: 0, Avg:  0.0, Max: 0, Diff: 0, Sum: 0, Workers: 4
[12.194s][debug][gc,phases      ] GC(22)     Total                          Min: 0, Avg:  0.0, Max: 0, Diff: 0, Sum: 0, Workers: 4
[12.194s][debug][gc,phases      ] GC(22) Weak Processing 0.342ms
[12.194s][debug][gc,age         ] GC(22) Desired survivor size 310902784 bytes, new threshold 14 (max threshold 15)
[12.194s][info ][gc,heap        ] GC(22) PSYoungGen: 1531789K(1531904K)->33379K(1792512K) Eden: 1504256K(1504256K)->0K(1489920K) From: 27533K(27648K)->33379K(302592K)
[12.194s][info ][gc,heap        ] GC(22) ParOldGen: 181725K(277504K)->181733K(277504K)
[12.194s][info ][gc,metaspace   ] GC(22) Metaspace: 64877K(65536K)->64877K(65536K) NonClass: 55356K(55744K)->55356K(55744K) Class: 9521K(9792K)->9521K(9792K)
[12.194s][info ][gc             ] GC(22) Pause Young (Allocation Failure) 1673M->210M(2021M) 14.724ms
[12.194s][info ][gc,cpu         ] GC(22) User=0.05s Sys=0.01s Real=0.02s
[12.194s][info ][safepoint      ] Safepoint "ParallelGCFailedAllocation", Time since last: 356604986 ns, Reaching safepoint: 183905 ns, At safepoint: 14832377 ns, Total: 15016282 ns
[12.440s][info ][gc,start       ] GC(23) Pause Young (Allocation Failure)
[12.475s][debug][gc,phases      ] GC(23) Scavenge 35.046ms
[12.475s][debug][gc,ref         ] GC(23) Skipped phase 1 of Reference Processing: no references
[12.475s][debug][gc,ref         ] GC(23) ReferenceProcessor::execute queues: 2, RefProcThreadModel::Multi, marks_oops_alive: false
[12.475s][debug][gc,ref         ] GC(23) Skipped phase 3 of Reference Processing: no references
[12.475s][debug][gc,ref         ] GC(23) ReferenceProcessor::execute queues: 1, RefProcThreadModel::Single, marks_oops_alive: false
[12.475s][debug][gc,phases      ] GC(23) Reference Processing 0.275ms
[12.475s][debug][gc,phases      ] GC(23)   VM Weak                        Min:  0.0, Avg:  0.0, Max:  0.0, Diff:  0.0, Sum:  0.0, Workers: 4
[12.475s][debug][gc,phases      ] GC(23)     Dead                           Min: 0, Avg:  0.0, Max: 0, Diff: 0, Sum: 0, Workers: 4
[12.475s][debug][gc,phases      ] GC(23)     Total                          Min: 0, Avg: 117.5, Max: 448, Diff: 448, Sum: 470, Workers: 4
[12.475s][debug][gc,phases      ] GC(23)   ObjectSynchronizer Weak        Min:  0.0, Avg:  0.0, Max:  0.0, Diff:  0.0, Sum:  0.0, Workers: 4
[12.475s][debug][gc,phases      ] GC(23)     Dead                           Min: 0, Avg:  0.0, Max: 0, Diff: 0, Sum: 0, Workers: 4
[12.475s][debug][gc,phases      ] GC(23)     Total                          Min: 0, Avg: 111.0, Max: 256, Diff: 256, Sum: 444, Workers: 4
[12.475s][debug][gc,phases      ] GC(23)   JVMTI Tag Weak OopStorage      Min:  0.0, Avg:  0.0, Max:  0.0, Diff:  0.0, Sum:  0.0, Workers: 4
[12.475s][debug][gc,phases      ] GC(23)     Dead                           Min: 0, Avg:  0.0, Max: 0, Diff: 0, Sum: 0, Workers: 4
[12.475s][debug][gc,phases      ] GC(23)     Total                          Min: 0, Avg:  0.0, Max: 0, Diff: 0, Sum: 0, Workers: 4
[12.475s][debug][gc,phases      ] GC(23)   StringTable Weak               Min:  0.1, Avg:  0.1, Max:  0.2, Diff:  0.0, Sum:  0.6, Workers: 4
[12.476s][debug][gc,phases      ] GC(23)     Dead                           Min: 0, Avg:  0.0, Max: 0, Diff: 0, Sum: 0, Workers: 4
[12.476s][debug][gc,phases      ] GC(23)     Total                          Min: 9088, Avg: 10435.8, Max: 11904, Diff: 2816, Sum: 41743, Workers: 4
[12.476s][debug][gc,phases      ] GC(23)   ResolvedMethodTable Weak       Min:  0.0, Avg:  0.0, Max:  0.0, Diff:  0.0, Sum:  0.1, Workers: 4
[12.476s][debug][gc,phases      ] GC(23)     Dead                           Min: 0, Avg:  0.0, Max: 0, Diff: 0, Sum: 0, Workers: 4
[12.476s][debug][gc,phases      ] GC(23)     Total                          Min: 1407, Avg: 1640.2, Max: 1955, Diff: 548, Sum: 6561, Workers: 4
[12.476s][debug][gc,phases      ] GC(23)   JNI Weak                       Min:  0.0, Avg:  0.0, Max:  0.0, Diff:  0.0, Sum:  0.0, Workers: 4
[12.476s][debug][gc,phases      ] GC(23)     Dead                           Min: 0, Avg:  0.0, Max: 0, Diff: 0, Sum: 0, Workers: 4
[12.476s][debug][gc,phases      ] GC(23)     Total                          Min: 0, Avg:  1.2, Max: 5, Diff: 5, Sum: 5, Workers: 4
[12.476s][debug][gc,phases      ] GC(23)   StringDedup Table Weak         Min:  0.0, Avg:  0.0, Max:  0.0, Diff:  0.0, Sum:  0.0, Workers: 4
[12.476s][debug][gc,phases      ] GC(23)     Dead                           Min: 0, Avg:  0.0, Max: 0, Diff: 0, Sum: 0, Workers: 4
[12.476s][debug][gc,phases      ] GC(23)     Total                          Min: 0, Avg:  0.0, Max: 0, Diff: 0, Sum: 0, Workers: 4
[12.476s][debug][gc,phases      ] GC(23)   StringDedup Requests0 Weak     Min:  0.0, Avg:  0.0, Max:  0.0, Diff:  0.0, Sum:  0.0, Workers: 4
[12.476s][debug][gc,phases      ] GC(23)     Dead                           Min: 0, Avg:  0.0, Max: 0, Diff: 0, Sum: 0, Workers: 4
[12.476s][debug][gc,phases      ] GC(23)     Total                          Min: 0, Avg:  0.0, Max: 0, Diff: 0, Sum: 0, Workers: 4
[12.476s][debug][gc,phases      ] GC(23)   StringDedup Requests1 Weak     Min:  0.0, Avg:  0.0, Max:  0.0, Diff:  0.0, Sum:  0.0, Workers: 4
[12.476s][debug][gc,phases      ] GC(23)     Dead                           Min: 0, Avg:  0.0, Max: 0, Diff: 0, Sum: 0, Workers: 4
[12.476s][debug][gc,phases      ] GC(23)     Total                          Min: 0, Avg:  0.0, Max: 0, Diff: 0, Sum: 0, Workers: 4
[12.476s][debug][gc,phases      ] GC(23)   Weak JFR Old Object Samples    Min:  0.0, Avg:  0.0, Max:  0.0, Diff:  0.0, Sum:  0.0, Workers: 4
[12.476s][debug][gc,phases      ] GC(23)     Dead                           Min: 0, Avg:  0.0, Max: 0, Diff: 0, Sum: 0, Workers: 4
[12.476s][debug][gc,phases      ] GC(23)     Total                          Min: 0, Avg:  0.0, Max: 0, Diff: 0, Sum: 0, Workers: 4
[12.476s][debug][gc,phases      ] GC(23) Weak Processing 0.395ms
[12.476s][debug][gc,age         ] GC(23) Desired survivor size 304611328 bytes, new threshold 15 (max threshold 15)
[12.476s][info ][gc,heap        ] GC(23) PSYoungGen: 1523299K(1792512K)->60899K(1793536K) Eden: 1489920K(1489920K)->0K(1489920K) From: 33379K(302592K)->60899K(303616K)
[12.476s][info ][gc,heap        ] GC(23) ParOldGen: 181733K(277504K)->181733K(277504K)
[12.476s][info ][gc,metaspace   ] GC(23) Metaspace: 64902K(65536K)->64902K(65536K) NonClass: 55375K(55744K)->55375K(55744K) Class: 9527K(9792K)->9527K(9792K)
[12.476s][info ][gc             ] GC(23) Pause Young (Allocation Failure) 1665M->236M(2022M) 35.889ms
[12.476s][info ][gc,cpu         ] GC(23) User=0.18s Sys=0.00s Real=0.04s
[12.476s][info ][safepoint      ] Safepoint "ParallelGCFailedAllocation", Time since last: 245383652 ns, Reaching safepoint: 149704 ns, At safepoint: 36011017 ns, Total: 36160721 ns
[12.777s][info ][gc,start       ] GC(24) Pause Young (Allocation Failure)
[12.821s][debug][gc,phases      ] GC(24) Scavenge 44.007ms
[12.821s][debug][gc,ref         ] GC(24) Skipped phase 1 of Reference Processing: no references
[12.821s][debug][gc,ref         ] GC(24) ReferenceProcessor::execute queues: 2, RefProcThreadModel::Multi, marks_oops_alive: false
[12.821s][debug][gc,ref         ] GC(24) Skipped phase 3 of Reference Processing: no references
[12.822s][debug][gc,ref         ] GC(24) ReferenceProcessor::execute queues: 1, RefProcThreadModel::Single, marks_oops_alive: false
[12.822s][debug][gc,phases      ] GC(24) Reference Processing 0.242ms
[12.822s][debug][gc,phases      ] GC(24)   VM Weak                        Min:  0.0, Avg:  0.0, Max:  0.0, Diff:  0.0, Sum:  0.0, Workers: 4
[12.822s][debug][gc,phases      ] GC(24)     Dead                           Min: 0, Avg:  0.0, Max: 0, Diff: 0, Sum: 0, Workers: 4
[12.822s][debug][gc,phases      ] GC(24)     Total                          Min: 0, Avg: 117.5, Max: 384, Diff: 384, Sum: 470, Workers: 4
[12.822s][debug][gc,phases      ] GC(24)   ObjectSynchronizer Weak        Min:  0.0, Avg:  0.0, Max:  0.0, Diff:  0.0, Sum:  0.0, Workers: 4
[12.822s][debug][gc,phases      ] GC(24)     Dead                           Min: 0, Avg:  0.0, Max: 0, Diff: 0, Sum: 0, Workers: 4
[12.822s][debug][gc,phases      ] GC(24)     Total                          Min: 0, Avg: 111.0, Max: 256, Diff: 256, Sum: 444, Workers: 4
[12.822s][debug][gc,phases      ] GC(24)   JVMTI Tag Weak OopStorage      Min:  0.0, Avg:  0.0, Max:  0.0, Diff:  0.0, Sum:  0.0, Workers: 4
[12.822s][debug][gc,phases      ] GC(24)     Dead                           Min: 0, Avg:  0.0, Max: 0, Diff: 0, Sum: 0, Workers: 4
[12.822s][debug][gc,phases      ] GC(24)     Total                          Min: 0, Avg:  0.0, Max: 0, Diff: 0, Sum: 0, Workers: 4
[12.822s][debug][gc,phases      ] GC(24)   StringTable Weak               Min:  0.1, Avg:  0.1, Max:  0.1, Diff:  0.0, Sum:  0.5, Workers: 4
[12.822s][debug][gc,phases      ] GC(24)     Dead                           Min: 0, Avg:  2.8, Max: 11, Diff: 11, Sum: 11, Workers: 4
[12.822s][debug][gc,phases      ] GC(24)     Total                          Min: 9600, Avg: 10447.2, Max: 11261, Diff: 1661, Sum: 41789, Workers: 4
[12.822s][debug][gc,phases      ] GC(24)   ResolvedMethodTable Weak       Min:  0.0, Avg:  0.0, Max:  0.0, Diff:  0.0, Sum:  0.1, Workers: 4
[12.822s][debug][gc,phases      ] GC(24)     Dead                           Min: 0, Avg:  0.0, Max: 0, Diff: 0, Sum: 0, Workers: 4
[12.822s][debug][gc,phases      ] GC(24)     Total                          Min: 1471, Avg: 1640.5, Max: 1891, Diff: 420, Sum: 6562, Workers: 4
[12.822s][debug][gc,phases      ] GC(24)   JNI Weak                       Min:  0.0, Avg:  0.0, Max:  0.0, Diff:  0.0, Sum:  0.0, Workers: 4
[12.822s][debug][gc,phases      ] GC(24)     Dead                           Min: 0, Avg:  0.0, Max: 0, Diff: 0, Sum: 0, Workers: 4
[12.822s][debug][gc,phases      ] GC(24)     Total                          Min: 0, Avg:  3.0, Max: 12, Diff: 12, Sum: 12, Workers: 4
[12.822s][debug][gc,phases      ] GC(24)   StringDedup Table Weak         Min:  0.0, Avg:  0.0, Max:  0.0, Diff:  0.0, Sum:  0.0, Workers: 4
[12.822s][debug][gc,phases      ] GC(24)     Dead                           Min: 0, Avg:  0.0, Max: 0, Diff: 0, Sum: 0, Workers: 4
[12.822s][debug][gc,phases      ] GC(24)     Total                          Min: 0, Avg:  0.0, Max: 0, Diff: 0, Sum: 0, Workers: 4
[12.822s][debug][gc,phases      ] GC(24)   StringDedup Requests0 Weak     Min:  0.0, Avg:  0.0, Max:  0.0, Diff:  0.0, Sum:  0.0, Workers: 4
[12.822s][debug][gc,phases      ] GC(24)     Dead                           Min: 0, Avg:  0.0, Max: 0, Diff: 0, Sum: 0, Workers: 4
[12.822s][debug][gc,phases      ] GC(24)     Total                          Min: 0, Avg:  0.0, Max: 0, Diff: 0, Sum: 0, Workers: 4
[12.822s][debug][gc,phases      ] GC(24)   StringDedup Requests1 Weak     Min:  0.0, Avg:  0.0, Max:  0.0, Diff:  0.0, Sum:  0.0, Workers: 4
[12.822s][debug][gc,phases      ] GC(24)     Dead                           Min: 0, Avg:  0.0, Max: 0, Diff: 0, Sum: 0, Workers: 4
[12.822s][debug][gc,phases      ] GC(24)     Total                          Min: 0, Avg:  0.0, Max: 0, Diff: 0, Sum: 0, Workers: 4
[12.822s][debug][gc,phases      ] GC(24)   Weak JFR Old Object Samples    Min:  0.0, Avg:  0.0, Max:  0.0, Diff:  0.0, Sum:  0.0, Workers: 4
[12.822s][debug][gc,phases      ] GC(24)     Dead                           Min: 0, Avg:  0.0, Max: 0, Diff: 0, Sum: 0, Workers: 4
[12.822s][debug][gc,phases      ] GC(24)     Total                          Min: 0, Avg:  0.0, Max: 0, Diff: 0, Sum: 0, Workers: 4
[12.822s][debug][gc,phases      ] GC(24) Weak Processing 0.350ms
[12.822s][debug][gc,age         ] GC(24) Desired survivor size 292028416 bytes, new threshold 15 (max threshold 15)
[12.822s][info ][gc,heap        ] GC(24) PSYoungGen: 1550819K(1793536K)->87635K(1811968K) Eden: 1489920K(1489920K)->0K(1514496K) From: 60899K(303616K)->87635K(297472K)
[12.822s][info ][gc,heap        ] GC(24) ParOldGen: 181733K(277504K)->181733K(277504K)
[12.822s][info ][gc,metaspace   ] GC(24) Metaspace: 64904K(65536K)->64904K(65536K) NonClass: 55376K(55744K)->55376K(55744K) Class: 9527K(9792K)->9527K(9792K)
[12.822s][info ][gc             ] GC(24) Pause Young (Allocation Failure) 1691M->263M(2040M) 44.753ms
[12.822s][info ][gc,cpu         ] GC(24) User=0.22s Sys=0.00s Real=0.05s
[12.822s][info ][safepoint      ] Safepoint "ParallelGCFailedAllocation", Time since last: 301233575 ns, Reaching safepoint: 147404 ns, At safepoint: 44866843 ns, Total: 45014247 ns
[13.163s][info ][gc,start       ] GC(25) Pause Young (Allocation Failure)
[13.233s][debug][gc,phases      ] GC(25) Scavenge 70.755ms
[13.233s][debug][gc,ref         ] GC(25) Skipped phase 1 of Reference Processing: no references
[13.234s][debug][gc,ref         ] GC(25) ReferenceProcessor::execute queues: 2, RefProcThreadModel::Multi, marks_oops_alive: false
[13.234s][debug][gc,ref         ] GC(25) Skipped phase 3 of Reference Processing: no references
[13.234s][debug][gc,ref         ] GC(25) ReferenceProcessor::execute queues: 1, RefProcThreadModel::Single, marks_oops_alive: false
[13.234s][debug][gc,phases      ] GC(25) Reference Processing 0.245ms
[13.234s][debug][gc,phases      ] GC(25)   VM Weak                        Min:  0.0, Avg:  0.0, Max:  0.0, Diff:  0.0, Sum:  0.0, Workers: 4
[13.234s][debug][gc,phases      ] GC(25)     Dead                           Min: 0, Avg:  0.0, Max: 0, Diff: 0, Sum: 0, Workers: 4
[13.234s][debug][gc,phases      ] GC(25)     Total                          Min: 0, Avg: 117.5, Max: 470, Diff: 470, Sum: 470, Workers: 4
[13.234s][debug][gc,phases      ] GC(25)   ObjectSynchronizer Weak        Min:  0.0, Avg:  0.0, Max:  0.0, Diff:  0.0, Sum:  0.0, Workers: 4
[13.234s][debug][gc,phases      ] GC(25)     Dead                           Min: 0, Avg:  0.0, Max: 0, Diff: 0, Sum: 0, Workers: 4
[13.234s][debug][gc,phases      ] GC(25)     Total                          Min: 0, Avg: 111.0, Max: 256, Diff: 256, Sum: 444, Workers: 4
[13.234s][debug][gc,phases      ] GC(25)   JVMTI Tag Weak OopStorage      Min:  0.0, Avg:  0.0, Max:  0.0, Diff:  0.0, Sum:  0.0, Workers: 4
[13.234s][debug][gc,phases      ] GC(25)     Dead                           Min: 0, Avg:  0.0, Max: 0, Diff: 0, Sum: 0, Workers: 4
[13.234s][debug][gc,phases      ] GC(25)     Total                          Min: 0, Avg:  0.0, Max: 0, Diff: 0, Sum: 0, Workers: 4
[13.234s][debug][gc,phases      ] GC(25)   StringTable Weak               Min:  0.1, Avg:  0.1, Max:  0.1, Diff:  0.0, Sum:  0.5, Workers: 4
[13.234s][debug][gc,phases      ] GC(25)     Dead                           Min: 0, Avg:  2.8, Max: 11, Diff: 11, Sum: 11, Workers: 4
[13.234s][debug][gc,phases      ] GC(25)     Total                          Min: 9085, Avg: 10447.2, Max: 12480, Diff: 3395, Sum: 41789, Workers: 4
[13.234s][debug][gc,phases      ] GC(25)   ResolvedMethodTable Weak       Min:  0.0, Avg:  0.0, Max:  0.0, Diff:  0.0, Sum:  0.1, Workers: 4
[13.234s][debug][gc,phases      ] GC(25)     Dead                           Min: 0, Avg:  0.0, Max: 0, Diff: 0, Sum: 0, Workers: 4
[13.234s][debug][gc,phases      ] GC(25)     Total                          Min: 1471, Avg: 1640.5, Max: 1955, Diff: 484, Sum: 6562, Workers: 4
[13.234s][debug][gc,phases      ] GC(25)   JNI Weak                       Min:  0.0, Avg:  0.0, Max:  0.0, Diff:  0.0, Sum:  0.0, Workers: 4
[13.234s][debug][gc,phases      ] GC(25)     Dead                           Min: 0, Avg:  0.0, Max: 0, Diff: 0, Sum: 0, Workers: 4
[13.234s][debug][gc,phases      ] GC(25)     Total                          Min: 0, Avg:  3.8, Max: 15, Diff: 15, Sum: 15, Workers: 4
[13.234s][debug][gc,phases      ] GC(25)   StringDedup Table Weak         Min:  0.0, Avg:  0.0, Max:  0.0, Diff:  0.0, Sum:  0.0, Workers: 4
[13.234s][debug][gc,phases      ] GC(25)     Dead                           Min: 0, Avg:  0.0, Max: 0, Diff: 0, Sum: 0, Workers: 4
[13.234s][debug][gc,phases      ] GC(25)     Total                          Min: 0, Avg:  0.0, Max: 0, Diff: 0, Sum: 0, Workers: 4
[13.234s][debug][gc,phases      ] GC(25)   StringDedup Requests0 Weak     Min:  0.0, Avg:  0.0, Max:  0.0, Diff:  0.0, Sum:  0.0, Workers: 4
[13.234s][debug][gc,phases      ] GC(25)     Dead                           Min: 0, Avg:  0.0, Max: 0, Diff: 0, Sum: 0, Workers: 4
[13.234s][debug][gc,phases      ] GC(25)     Total                          Min: 0, Avg:  0.0, Max: 0, Diff: 0, Sum: 0, Workers: 4
[13.234s][debug][gc,phases      ] GC(25)   StringDedup Requests1 Weak     Min:  0.0, Avg:  0.0, Max:  0.0, Diff:  0.0, Sum:  0.0, Workers: 4
[13.234s][debug][gc,phases      ] GC(25)     Dead                           Min: 0, Avg:  0.0, Max: 0, Diff: 0, Sum: 0, Workers: 4
[13.234s][debug][gc,phases      ] GC(25)     Total                          Min: 0, Avg:  0.0, Max: 0, Diff: 0, Sum: 0, Workers: 4
[13.234s][debug][gc,phases      ] GC(25)   Weak JFR Old Object Samples    Min:  0.0, Avg:  0.0, Max:  0.0, Diff:  0.0, Sum:  0.0, Workers: 4
[13.234s][debug][gc,phases      ] GC(25)     Dead                           Min: 0, Avg:  0.0, Max: 0, Diff: 0, Sum: 0, Workers: 4
[13.234s][debug][gc,phases      ] GC(25)     Total                          Min: 0, Avg:  0.0, Max: 0, Diff: 0, Sum: 0, Workers: 4
[13.234s][debug][gc,phases      ] GC(25) Weak Processing 0.341ms
[13.234s][debug][gc,age         ] GC(25) Desired survivor size 285212672 bytes, new threshold 15 (max threshold 15)
[13.234s][info ][gc,heap        ] GC(25) PSYoungGen: 1602131K(1811968K)->144067K(1799680K) Eden: 1514496K(1514496K)->0K(1514496K) From: 87635K(297472K)->144067K(285184K)
[13.234s][info ][gc,heap        ] GC(25) ParOldGen: 181733K(277504K)->185641K(277504K)
[13.234s][info ][gc,metaspace   ] GC(25) Metaspace: 64905K(65536K)->64905K(65536K) NonClass: 55377K(55744K)->55377K(55744K) Class: 9527K(9792K)->9527K(9792K)
[13.234s][info ][gc             ] GC(25) Pause Young (Allocation Failure) 1742M->321M(2028M) 71.488ms
[13.234s][info ][gc,cpu         ] GC(25) User=0.28s Sys=0.00s Real=0.07s
[13.234s][info ][safepoint      ] Safepoint "ParallelGCFailedAllocation", Time since last: 340454274 ns, Reaching safepoint: 124403 ns, At safepoint: 71599724 ns, Total: 71724127 ns
[13.490s][info ][gc,start       ] GC(26) Pause Young (Allocation Failure)
[13.685s][debug][gc,phases      ] GC(26) Scavenge 195.020ms
[13.686s][debug][gc,ref         ] GC(26) Skipped phase 1 of Reference Processing: no references
[13.686s][debug][gc,ref         ] GC(26) ReferenceProcessor::execute queues: 2, RefProcThreadModel::Multi, marks_oops_alive: false
[13.686s][debug][gc,ref         ] GC(26) Skipped phase 3 of Reference Processing: no references
[13.686s][debug][gc,ref         ] GC(26) ReferenceProcessor::execute queues: 1, RefProcThreadModel::Single, marks_oops_alive: false
[13.686s][debug][gc,phases      ] GC(26) Reference Processing 0.203ms
[13.686s][debug][gc,phases      ] GC(26)   VM Weak                        Min:  0.0, Avg:  0.0, Max:  0.0, Diff:  0.0, Sum:  0.0, Workers: 4
[13.686s][debug][gc,phases      ] GC(26)     Dead                           Min: 0, Avg:  0.0, Max: 0, Diff: 0, Sum: 0, Workers: 4
[13.686s][debug][gc,phases      ] GC(26)     Total                          Min: 0, Avg: 117.5, Max: 470, Diff: 470, Sum: 470, Workers: 4
[13.686s][debug][gc,phases      ] GC(26)   ObjectSynchronizer Weak        Min:  0.0, Avg:  0.0, Max:  0.0, Diff:  0.0, Sum:  0.0, Workers: 4
[13.686s][debug][gc,phases      ] GC(26)     Dead                           Min: 0, Avg:  0.0, Max: 0, Diff: 0, Sum: 0, Workers: 4
[13.686s][debug][gc,phases      ] GC(26)     Total                          Min: 0, Avg: 111.0, Max: 252, Diff: 252, Sum: 444, Workers: 4
[13.686s][debug][gc,phases      ] GC(26)   JVMTI Tag Weak OopStorage      Min:  0.0, Avg:  0.0, Max:  0.0, Diff:  0.0, Sum:  0.0, Workers: 4
[13.686s][debug][gc,phases      ] GC(26)     Dead                           Min: 0, Avg:  0.0, Max: 0, Diff: 0, Sum: 0, Workers: 4
[13.686s][debug][gc,phases      ] GC(26)     Total                          Min: 0, Avg:  0.0, Max: 0, Diff: 0, Sum: 0, Workers: 4
[13.686s][debug][gc,phases      ] GC(26)   StringTable Weak               Min:  0.1, Avg:  0.1, Max:  0.1, Diff:  0.0, Sum:  0.5, Workers: 4
[13.686s][debug][gc,phases      ] GC(26)     Dead                           Min: 0, Avg:  0.0, Max: 0, Diff: 0, Sum: 0, Workers: 4
[13.686s][debug][gc,phases      ] GC(26)     Total                          Min: 7680, Avg: 10447.8, Max: 12800, Diff: 5120, Sum: 41791, Workers: 4
[13.686s][debug][gc,phases      ] GC(26)   ResolvedMethodTable Weak       Min:  0.0, Avg:  0.0, Max:  0.0, Diff:  0.0, Sum:  0.1, Workers: 4
[13.686s][debug][gc,phases      ] GC(26)     Dead                           Min: 0, Avg:  0.0, Max: 0, Diff: 0, Sum: 0, Workers: 4
[13.686s][debug][gc,phases      ] GC(26)     Total                          Min: 1469, Avg: 1640.5, Max: 1957, Diff: 488, Sum: 6562, Workers: 4
[13.686s][debug][gc,phases      ] GC(26)   JNI Weak                       Min:  0.0, Avg:  0.0, Max:  0.0, Diff:  0.0, Sum:  0.0, Workers: 4
[13.686s][debug][gc,phases      ] GC(26)     Dead                           Min: 0, Avg:  0.0, Max: 0, Diff: 0, Sum: 0, Workers: 4
[13.686s][debug][gc,phases      ] GC(26)     Total                          Min: 0, Avg:  1.8, Max: 7, Diff: 7, Sum: 7, Workers: 4
[13.686s][debug][gc,phases      ] GC(26)   StringDedup Table Weak         Min:  0.0, Avg:  0.0, Max:  0.0, Diff:  0.0, Sum:  0.0, Workers: 4
[13.686s][debug][gc,phases      ] GC(26)     Dead                           Min: 0, Avg:  0.0, Max: 0, Diff: 0, Sum: 0, Workers: 4
[13.686s][debug][gc,phases      ] GC(26)     Total                          Min: 0, Avg:  0.0, Max: 0, Diff: 0, Sum: 0, Workers: 4
[13.686s][debug][gc,phases      ] GC(26)   StringDedup Requests0 Weak     Min:  0.0, Avg:  0.0, Max:  0.0, Diff:  0.0, Sum:  0.0, Workers: 4
[13.686s][debug][gc,phases      ] GC(26)     Dead                           Min: 0, Avg:  0.0, Max: 0, Diff: 0, Sum: 0, Workers: 4
[13.686s][debug][gc,phases      ] GC(26)     Total                          Min: 0, Avg:  0.0, Max: 0, Diff: 0, Sum: 0, Workers: 4
[13.686s][debug][gc,phases      ] GC(26)   StringDedup Requests1 Weak     Min:  0.0, Avg:  0.0, Max:  0.0, Diff:  0.0, Sum:  0.0, Workers: 4
[13.686s][debug][gc,phases      ] GC(26)     Dead                           Min: 0, Avg:  0.0, Max: 0, Diff: 0, Sum: 0, Workers: 4
[13.686s][debug][gc,phases      ] GC(26)     Total                          Min: 0, Avg:  0.0, Max: 0, Diff: 0, Sum: 0, Workers: 4
[13.686s][debug][gc,phases      ] GC(26)   Weak JFR Old Object Samples    Min:  0.0, Avg:  0.0, Max:  0.0, Diff:  0.0, Sum:  0.0, Workers: 4
[13.686s][debug][gc,phases      ] GC(26)     Dead                           Min: 0, Avg:  0.0, Max: 0, Diff: 0, Sum: 0, Workers: 4
[13.686s][debug][gc,phases      ] GC(26)     Total                          Min: 0, Avg:  0.0, Max: 0, Diff: 0, Sum: 0, Workers: 4
[13.686s][debug][gc,phases      ] GC(26) Weak Processing 0.347ms
[13.686s][debug][gc,age         ] GC(26) Desired survivor size 352321536 bytes, new threshold 14 (max threshold 15)
[13.686s][info ][gc,heap        ] GC(26) PSYoungGen: 1658563K(1799680K)->278523K(1687552K) Eden: 1514496K(1514496K)->0K(1409024K) From: 144067K(285184K)->278523K(278528K)
[13.686s][info ][gc,heap        ] GC(26) ParOldGen: 185641K(277504K)->246561K(277504K)
[13.686s][info ][gc,metaspace   ] GC(26) Metaspace: 64966K(65536K)->64966K(65536K) NonClass: 55438K(55744K)->55438K(55744K) Class: 9527K(9792K)->9527K(9792K)
[13.686s][info ][gc             ] GC(26) Pause Young (Allocation Failure) 1800M->512M(1919M) 195.734ms
[13.686s][info ][gc,cpu         ] GC(26) User=0.70s Sys=0.08s Real=0.20s
[13.686s][debug][gc,phases      ] GC(27) Pre Compact 0.010ms
[13.686s][info ][gc,start       ] GC(27) Pause Full (Ergonomics)
[13.686s][info ][gc,phases,start] GC(27) Marking Phase
[13.877s][debug][gc,phases      ] GC(27) Par Mark 190.862ms
[13.877s][debug][gc,ref         ] GC(27) Skipped phase 1 of Reference Processing: no references
[13.877s][debug][gc,ref         ] GC(27) ReferenceProcessor::execute queues: 4, RefProcThreadModel::Multi, marks_oops_alive: false
[13.877s][debug][gc,ref         ] GC(27) Skipped phase 3 of Reference Processing: no references
[13.878s][debug][gc,ref         ] GC(27) ReferenceProcessor::execute queues: 1, RefProcThreadModel::Single, marks_oops_alive: false
[13.878s][debug][gc,phases      ] GC(27) Reference Processing 0.349ms
[13.878s][debug][gc,phases      ] GC(27)   VM Weak                        Min:  0.0, Avg:  0.0, Max:  0.0, Diff:  0.0, Sum:  0.0, Workers: 4
[13.878s][debug][gc,phases      ] GC(27)     Dead                           Min: 0, Avg:  0.0, Max: 0, Diff: 0, Sum: 0, Workers: 4
[13.878s][debug][gc,phases      ] GC(27)     Total                          Min: 0, Avg: 117.5, Max: 320, Diff: 320, Sum: 470, Workers: 4
[13.878s][debug][gc,phases      ] GC(27)   ObjectSynchronizer Weak        Min:  0.0, Avg:  0.0, Max:  0.0, Diff:  0.0, Sum:  0.0, Workers: 4
[13.878s][debug][gc,phases      ] GC(27)     Dead                           Min: 0, Avg:  0.0, Max: 0, Diff: 0, Sum: 0, Workers: 4
[13.878s][debug][gc,phases      ] GC(27)     Total                          Min: 0, Avg: 111.0, Max: 256, Diff: 256, Sum: 444, Workers: 4
[13.878s][debug][gc,phases      ] GC(27)   JVMTI Tag Weak OopStorage      Min:  0.0, Avg:  0.0, Max:  0.0, Diff:  0.0, Sum:  0.0, Workers: 4
[13.878s][debug][gc,phases      ] GC(27)     Dead                           Min: 0, Avg:  0.0, Max: 0, Diff: 0, Sum: 0, Workers: 4
[13.878s][debug][gc,phases      ] GC(27)     Total                          Min: 0, Avg:  0.0, Max: 0, Diff: 0, Sum: 0, Workers: 4
[13.878s][debug][gc,phases      ] GC(27)   StringTable Weak               Min:  0.1, Avg:  0.1, Max:  0.1, Diff:  0.0, Sum:  0.6, Workers: 4
[13.878s][debug][gc,phases      ] GC(27)     Dead                           Min: 0, Avg:  0.0, Max: 0, Diff: 0, Sum: 0, Workers: 4
[13.878s][debug][gc,phases      ] GC(27)     Total                          Min: 9984, Avg: 10447.8, Max: 10624, Diff: 640, Sum: 41791, Workers: 4
[13.878s][debug][gc,phases      ] GC(27)   ResolvedMethodTable Weak       Min:  0.0, Avg:  0.0, Max:  0.0, Diff:  0.0, Sum:  0.1, Workers: 4
[13.878s][debug][gc,phases      ] GC(27)     Dead                           Min: 0, Avg:  0.0, Max: 0, Diff: 0, Sum: 0, Workers: 4
[13.878s][debug][gc,phases      ] GC(27)     Total                          Min: 1535, Avg: 1640.5, Max: 1728, Diff: 193, Sum: 6562, Workers: 4
[13.878s][debug][gc,phases      ] GC(27)   JNI Weak                       Min:  0.0, Avg:  0.0, Max:  0.0, Diff:  0.0, Sum:  0.0, Workers: 4
[13.878s][debug][gc,phases      ] GC(27)     Dead                           Min: 0, Avg:  0.0, Max: 0, Diff: 0, Sum: 0, Workers: 4
[13.878s][debug][gc,phases      ] GC(27)     Total                          Min: 0, Avg:  1.8, Max: 7, Diff: 7, Sum: 7, Workers: 4
[13.878s][debug][gc,phases      ] GC(27)   StringDedup Table Weak         Min:  0.0, Avg:  0.0, Max:  0.0, Diff:  0.0, Sum:  0.0, Workers: 4
[13.878s][debug][gc,phases      ] GC(27)     Dead                           Min: 0, Avg:  0.0, Max: 0, Diff: 0, Sum: 0, Workers: 4
[13.878s][debug][gc,phases      ] GC(27)     Total                          Min: 0, Avg:  0.0, Max: 0, Diff: 0, Sum: 0, Workers: 4
[13.878s][debug][gc,phases      ] GC(27)   StringDedup Requests0 Weak     Min:  0.0, Avg:  0.0, Max:  0.0, Diff:  0.0, Sum:  0.0, Workers: 4
[13.878s][debug][gc,phases      ] GC(27)     Dead                           Min: 0, Avg:  0.0, Max: 0, Diff: 0, Sum: 0, Workers: 4
[13.878s][debug][gc,phases      ] GC(27)     Total                          Min: 0, Avg:  0.0, Max: 0, Diff: 0, Sum: 0, Workers: 4
[13.878s][debug][gc,phases      ] GC(27)   StringDedup Requests1 Weak     Min:  0.0, Avg:  0.0, Max:  0.0, Diff:  0.0, Sum:  0.0, Workers: 4
[13.878s][debug][gc,phases      ] GC(27)     Dead                           Min: 0, Avg:  0.0, Max: 0, Diff: 0, Sum: 0, Workers: 4
[13.878s][debug][gc,phases      ] GC(27)     Total                          Min: 0, Avg:  0.0, Max: 0, Diff: 0, Sum: 0, Workers: 4
[13.878s][debug][gc,phases      ] GC(27)   Weak JFR Old Object Samples    Min:  0.0, Avg:  0.0, Max:  0.0, Diff:  0.0, Sum:  0.0, Workers: 4
[13.878s][debug][gc,phases      ] GC(27)     Dead                           Min: 0, Avg:  0.0, Max: 0, Diff: 0, Sum: 0, Workers: 4
[13.878s][debug][gc,phases      ] GC(27)     Total                          Min: 0, Avg:  0.0, Max: 0, Diff: 0, Sum: 0, Workers: 4
[13.878s][debug][gc,phases      ] GC(27) Weak Processing 0.365ms
[13.878s][debug][gc,phases      ] GC(27) ClassLoaderData 0.068ms
[13.878s][debug][gc,phases      ] GC(27) Trigger cleanups 0.000ms
[13.886s][debug][gc,phases      ] GC(27) Class Unloading 8.099ms
[13.886s][info ][gc,phases      ] GC(27) Marking Phase 199.827ms
[13.886s][info ][gc,phases,start] GC(27) Summary Phase
[13.886s][info ][gc,phases      ] GC(27) Summary Phase 0.022ms
[13.886s][info ][gc,phases,start] GC(27) Adjust Roots
[13.893s][info ][gc,phases      ] GC(27) Adjust Roots 6.976ms
[13.893s][info ][gc,phases,start] GC(27) Compaction Phase
[14.458s][info ][gc,phases      ] GC(27) Compaction Phase 565.058ms
[14.458s][info ][gc,phases,start] GC(27) Post Compact
[14.460s][info ][gc,phases      ] GC(27) Post Compact 1.697ms
[14.460s][info ][gc,heap        ] GC(27) PSYoungGen: 278523K(1687552K)->247046K(1687552K) Eden: 0K(1409024K)->0K(1409024K) From: 278523K(278528K)->247046K(278528K)
[14.460s][info ][gc,heap        ] GC(27) ParOldGen: 246561K(277504K)->277334K(388096K)
[14.460s][info ][gc,metaspace   ] GC(27) Metaspace: 64966K(65536K)->64966K(65536K) NonClass: 55438K(55744K)->55438K(55744K) Class: 9527K(9792K)->9527K(9792K)
[14.460s][info ][gc             ] GC(27) Pause Full (Ergonomics) 512M->512M(2027M) 773.881ms
[14.460s][info ][gc,cpu         ] GC(27) User=3.01s Sys=0.01s Real=0.77s
[14.470s][info ][safepoint      ] Safepoint "ParallelGCFailedAllocation", Time since last: 255874619 ns, Reaching safepoint: 298007 ns, At safepoint: 979599358 ns, Total: 979897365 ns
[14.586s][info ][safepoint      ] Safepoint "ICBufferFull", Time since last: 115356739 ns, Reaching safepoint: 194505 ns, At safepoint: 25100 ns, Total: 219605 ns
[14.616s][info ][safepoint      ] Safepoint "ICBufferFull", Time since last: 29956863 ns, Reaching safepoint: 130904 ns, At safepoint: 25400 ns, Total: 156304 ns
[14.638s][info ][safepoint      ] Safepoint "ICBufferFull", Time since last: 21763355 ns, Reaching safepoint: 120003 ns, At safepoint: 34901 ns, Total: 154904 ns
[14.643s][info ][safepoint      ] Safepoint "ICBufferFull", Time since last: 5155931 ns, Reaching safepoint: 75902 ns, At safepoint: 22601 ns, Total: 98503 ns
[14.717s][info ][safepoint      ] Safepoint "ICBufferFull", Time since last: 74198990 ns, Reaching safepoint: 149904 ns, At safepoint: 22800 ns, Total: 172704 ns
[14.747s][info ][gc,start       ] GC(28) Pause Young (Allocation Failure)
[14.872s][debug][gc,phases      ] GC(28) Scavenge 124.993ms
[14.872s][debug][gc,ref         ] GC(28) Skipped phase 1 of Reference Processing: no references
[14.872s][debug][gc,ref         ] GC(28) ReferenceProcessor::execute queues: 1, RefProcThreadModel::Single, marks_oops_alive: false
[14.872s][debug][gc,ref         ] GC(28) Skipped phase 3 of Reference Processing: no references
[14.872s][debug][gc,ref         ] GC(28) ReferenceProcessor::execute queues: 1, RefProcThreadModel::Single, marks_oops_alive: false
[14.872s][debug][gc,phases      ] GC(28) Reference Processing 0.147ms
[14.872s][debug][gc,phases      ] GC(28)   VM Weak                        Min:  0.0, Avg:  0.0, Max:  0.0, Diff:  0.0, Sum:  0.0, Workers: 4
[14.872s][debug][gc,phases      ] GC(28)     Dead                           Min: 0, Avg:  0.0, Max: 0, Diff: 0, Sum: 0, Workers: 4
[14.872s][debug][gc,phases      ] GC(28)     Total                          Min: 0, Avg: 123.0, Max: 448, Diff: 448, Sum: 492, Workers: 4
[14.872s][debug][gc,phases      ] GC(28)   ObjectSynchronizer Weak        Min:  0.0, Avg:  0.0, Max:  0.0, Diff:  0.0, Sum:  0.0, Workers: 4
[14.872s][debug][gc,phases      ] GC(28)     Dead                           Min: 0, Avg:  0.0, Max: 0, Diff: 0, Sum: 0, Workers: 4
[14.872s][debug][gc,phases      ] GC(28)     Total                          Min: 0, Avg: 111.0, Max: 252, Diff: 252, Sum: 444, Workers: 4
[14.872s][debug][gc,phases      ] GC(28)   JVMTI Tag Weak OopStorage      Min:  0.0, Avg:  0.0, Max:  0.0, Diff:  0.0, Sum:  0.0, Workers: 4
[14.872s][debug][gc,phases      ] GC(28)     Dead                           Min: 0, Avg:  0.0, Max: 0, Diff: 0, Sum: 0, Workers: 4
[14.872s][debug][gc,phases      ] GC(28)     Total                          Min: 0, Avg:  0.0, Max: 0, Diff: 0, Sum: 0, Workers: 4
[14.872s][debug][gc,phases      ] GC(28)   StringTable Weak               Min:  0.1, Avg:  0.1, Max:  0.1, Diff:  0.0, Sum:  0.3, Workers: 4
[14.872s][debug][gc,phases      ] GC(28)     Dead                           Min: 0, Avg:  4.0, Max: 10, Diff: 10, Sum: 16, Workers: 4
[14.872s][debug][gc,phases      ] GC(28)     Total                          Min: 10048, Avg: 10504.2, Max: 11072, Diff: 1024, Sum: 42017, Workers: 4
[14.872s][debug][gc,phases      ] GC(28)   ResolvedMethodTable Weak       Min:  0.0, Avg:  0.0, Max:  0.0, Diff:  0.0, Sum:  0.1, Workers: 4
[14.872s][debug][gc,phases      ] GC(28)     Dead                           Min: 0, Avg:  3.5, Max: 7, Diff: 7, Sum: 14, Workers: 4
[14.872s][debug][gc,phases      ] GC(28)     Total                          Min: 1472, Avg: 1707.5, Max: 1982, Diff: 510, Sum: 6830, Workers: 4
[14.872s][debug][gc,phases      ] GC(28)   JNI Weak                       Min:  0.0, Avg:  0.0, Max:  0.0, Diff:  0.0, Sum:  0.0, Workers: 4
[14.872s][debug][gc,phases      ] GC(28)     Dead                           Min: 0, Avg:  0.0, Max: 0, Diff: 0, Sum: 0, Workers: 4
[14.872s][debug][gc,phases      ] GC(28)     Total                          Min: 0, Avg:  1.8, Max: 7, Diff: 7, Sum: 7, Workers: 4
[14.872s][debug][gc,phases      ] GC(28)   StringDedup Table Weak         Min:  0.0, Avg:  0.0, Max:  0.0, Diff:  0.0, Sum:  0.0, Workers: 4
[14.872s][debug][gc,phases      ] GC(28)     Dead                           Min: 0, Avg:  0.0, Max: 0, Diff: 0, Sum: 0, Workers: 4
[14.872s][debug][gc,phases      ] GC(28)     Total                          Min: 0, Avg:  0.0, Max: 0, Diff: 0, Sum: 0, Workers: 4
[14.872s][debug][gc,phases      ] GC(28)   StringDedup Requests0 Weak     Min:  0.0, Avg:  0.0, Max:  0.0, Diff:  0.0, Sum:  0.0, Workers: 4
[14.872s][debug][gc,phases      ] GC(28)     Dead                           Min: 0, Avg:  0.0, Max: 0, Diff: 0, Sum: 0, Workers: 4
[14.872s][debug][gc,phases      ] GC(28)     Total                          Min: 0, Avg:  0.0, Max: 0, Diff: 0, Sum: 0, Workers: 4
[14.872s][debug][gc,phases      ] GC(28)   StringDedup Requests1 Weak     Min:  0.0, Avg:  0.0, Max:  0.0, Diff:  0.0, Sum:  0.0, Workers: 4
[14.872s][debug][gc,phases      ] GC(28)     Dead                           Min: 0, Avg:  0.0, Max: 0, Diff: 0, Sum: 0, Workers: 4
[14.872s][debug][gc,phases      ] GC(28)     Total                          Min: 0, Avg:  0.0, Max: 0, Diff: 0, Sum: 0, Workers: 4
[14.872s][debug][gc,phases      ] GC(28)   Weak JFR Old Object Samples    Min:  0.0, Avg:  0.0, Max:  0.0, Diff:  0.0, Sum:  0.0, Workers: 4
[14.872s][debug][gc,phases      ] GC(28)     Dead                           Min: 0, Avg:  0.0, Max: 0, Diff: 0, Sum: 0, Workers: 4
[14.872s][debug][gc,phases      ] GC(28)     Total                          Min: 0, Avg:  0.0, Max: 0, Diff: 0, Sum: 0, Workers: 4
[14.872s][debug][gc,phases      ] GC(28) Weak Processing 0.310ms
[14.872s][debug][gc,age         ] GC(28) Desired survivor size 374341632 bytes, new threshold 15 (max threshold 15)
[14.872s][info ][gc,heap        ] GC(28) PSYoungGen: 1656070K(1687552K)->254336K(1663488K) Eden: 1409024K(1409024K)->0K(1409024K) From: 247046K(278528K)->254336K(254464K)
[14.872s][info ][gc,heap        ] GC(28) ParOldGen: 277334K(388096K)->277334K(388096K)
[14.872s][info ][gc,metaspace   ] GC(28) Metaspace: 65948K(66560K)->65948K(66560K) NonClass: 56236K(56576K)->56236K(56576K) Class: 9711K(9984K)->9711K(9984K)
[14.872s][info ][gc             ] GC(28) Pause Young (Allocation Failure) 1888M->519M(2003M) 125.595ms
[14.872s][info ][gc,cpu         ] GC(28) User=0.51s Sys=0.00s Real=0.12s
[14.872s][info ][safepoint      ] Safepoint "ParallelGCFailedAllocation", Time since last: 27147792 ns, Reaching safepoint: 2170255 ns, At safepoint: 125726003 ns, Total: 127896258 ns
[14.949s][info ][safepoint      ] Safepoint "ICBufferFull", Time since last: 76497549 ns, Reaching safepoint: 119703 ns, At safepoint: 28101 ns, Total: 147804 ns
[14.963s][info ][safepoint      ] Safepoint "ICBufferFull", Time since last: 13694849 ns, Reaching safepoint: 124803 ns, At safepoint: 31101 ns, Total: 155904 ns
[14.965s][info ][safepoint      ] Safepoint "ICBufferFull", Time since last: 2453463 ns, Reaching safepoint: 125303 ns, At safepoint: 47601 ns, Total: 172904 ns
[14.969s][info ][safepoint      ] Safepoint "ICBufferFull", Time since last: 3044977 ns, Reaching safepoint: 254607 ns, At safepoint: 23901 ns, Total: 278508 ns
[14.985s][info ][safepoint      ] Safepoint "ICBufferFull", Time since last: 15957906 ns, Reaching safepoint: 132004 ns, At safepoint: 28000 ns, Total: 160004 ns
[14.988s][info ][safepoint      ] Safepoint "ICBufferFull", Time since last: 3142580 ns, Reaching safepoint: 110603 ns, At safepoint: 27501 ns, Total: 138104 ns
[14.999s][info ][safepoint      ] Safepoint "ICBufferFull", Time since last: 10523268 ns, Reaching safepoint: 115803 ns, At safepoint: 25901 ns, Total: 141704 ns
[15.038s][info ][safepoint      ] Safepoint "ICBufferFull", Time since last: 39378103 ns, Reaching safepoint: 155104 ns, At safepoint: 27500 ns, Total: 182604 ns
[15.048s][info ][safepoint      ] Safepoint "ICBufferFull", Time since last: 9901053 ns, Reaching safepoint: 118703 ns, At safepoint: 23200 ns, Total: 141903 ns
[15.061s][info ][safepoint      ] Safepoint "ICBufferFull", Time since last: 12011706 ns, Reaching safepoint: 143904 ns, At safepoint: 31001 ns, Total: 174905 ns
[15.062s][info ][safepoint      ] Safepoint "ICBufferFull", Time since last: 1218731 ns, Reaching safepoint: 96702 ns, At safepoint: 29201 ns, Total: 125903 ns
[15.065s][info ][safepoint      ] Safepoint "ICBufferFull", Time since last: 2731970 ns, Reaching safepoint: 117903 ns, At safepoint: 28000 ns, Total: 145903 ns
[15.070s][info ][safepoint      ] Safepoint "ICBufferFull", Time since last: 2546365 ns, Reaching safepoint: 3176181 ns, At safepoint: 27701 ns, Total: 3203882 ns
[15.077s][info ][safepoint      ] Safepoint "ICBufferFull", Time since last: 6577867 ns, Reaching safepoint: 124504 ns, At safepoint: 27400 ns, Total: 151904 ns
[15.079s][info ][safepoint      ] Safepoint "ICBufferFull", Time since last: 1354935 ns, Reaching safepoint: 97202 ns, At safepoint: 26401 ns, Total: 123603 ns
[15.087s][info ][safepoint      ] Safepoint "ICBufferFull", Time since last: 7672895 ns, Reaching safepoint: 132804 ns, At safepoint: 28301 ns, Total: 161105 ns
[15.147s][info ][safepoint      ] Safepoint "ICBufferFull", Time since last: 59876825 ns, Reaching safepoint: 181405 ns, At safepoint: 21800 ns, Total: 203205 ns
[15.160s][info ][safepoint      ] Safepoint "ICBufferFull", Time since last: 12934330 ns, Reaching safepoint: 141403 ns, At safepoint: 31901 ns, Total: 173304 ns
[15.170s][info ][safepoint      ] Safepoint "ICBufferFull", Time since last: 7592094 ns, Reaching safepoint: 2185455 ns, At safepoint: 33401 ns, Total: 2218856 ns
[15.179s][info ][gc,start       ] GC(29) Pause Young (Allocation Failure)
[15.294s][debug][gc,phases      ] GC(29) Scavenge 114.957ms
[15.294s][debug][gc,ref         ] GC(29) Skipped phase 1 of Reference Processing: no references
[15.294s][debug][gc,ref         ] GC(29) ReferenceProcessor::execute queues: 1, RefProcThreadModel::Single, marks_oops_alive: false
[15.294s][debug][gc,ref         ] GC(29) Skipped phase 3 of Reference Processing: no references
[15.294s][debug][gc,ref         ] GC(29) ReferenceProcessor::execute queues: 1, RefProcThreadModel::Single, marks_oops_alive: false
[15.295s][debug][gc,phases      ] GC(29) Reference Processing 0.131ms
[15.295s][debug][gc,phases      ] GC(29)   VM Weak                        Min:  0.0, Avg:  0.0, Max:  0.0, Diff:  0.0, Sum:  0.0, Workers: 4
[15.295s][debug][gc,phases      ] GC(29)     Dead                           Min: 0, Avg:  0.0, Max: 0, Diff: 0, Sum: 0, Workers: 4
[15.295s][debug][gc,phases      ] GC(29)     Total                          Min: 0, Avg: 125.5, Max: 310, Diff: 310, Sum: 502, Workers: 4
[15.295s][debug][gc,phases      ] GC(29)   ObjectSynchronizer Weak        Min:  0.0, Avg:  0.0, Max:  0.0, Diff:  0.0, Sum:  0.0, Workers: 4
[15.295s][debug][gc,phases      ] GC(29)     Dead                           Min: 0, Avg:  0.0, Max: 0, Diff: 0, Sum: 0, Workers: 4
[15.295s][debug][gc,phases      ] GC(29)     Total                          Min: 0, Avg: 111.0, Max: 252, Diff: 252, Sum: 444, Workers: 4
[15.295s][debug][gc,phases      ] GC(29)   JVMTI Tag Weak OopStorage      Min:  0.0, Avg:  0.0, Max:  0.0, Diff:  0.0, Sum:  0.0, Workers: 4
[15.295s][debug][gc,phases      ] GC(29)     Dead                           Min: 0, Avg:  0.0, Max: 0, Diff: 0, Sum: 0, Workers: 4
[15.295s][debug][gc,phases      ] GC(29)     Total                          Min: 0, Avg:  0.0, Max: 0, Diff: 0, Sum: 0, Workers: 4
[15.295s][debug][gc,phases      ] GC(29)   StringTable Weak               Min:  0.1, Avg:  0.1, Max:  0.1, Diff:  0.0, Sum:  0.4, Workers: 4
[15.295s][debug][gc,phases      ] GC(29)     Dead                           Min: 0, Avg:  3.0, Max: 11, Diff: 11, Sum: 12, Workers: 4
[15.295s][debug][gc,phases      ] GC(29)     Total                          Min: 9728, Avg: 10526.5, Max: 11770, Diff: 2042, Sum: 42106, Workers: 4
[15.295s][debug][gc,phases      ] GC(29)   ResolvedMethodTable Weak       Min:  0.0, Avg:  0.0, Max:  0.0, Diff:  0.0, Sum:  0.1, Workers: 4
[15.295s][debug][gc,phases      ] GC(29)     Dead                           Min: 0, Avg:  1.5, Max: 6, Diff: 6, Sum: 6, Workers: 4
[15.295s][debug][gc,phases      ] GC(29)     Total                          Min: 1408, Avg: 1723.0, Max: 1919, Diff: 511, Sum: 6892, Workers: 4
[15.295s][debug][gc,phases      ] GC(29)   JNI Weak                       Min:  0.0, Avg:  0.0, Max:  0.0, Diff:  0.0, Sum:  0.0, Workers: 4
[15.295s][debug][gc,phases      ] GC(29)     Dead                           Min: 0, Avg:  0.0, Max: 0, Diff: 0, Sum: 0, Workers: 4
[15.295s][debug][gc,phases      ] GC(29)     Total                          Min: 0, Avg:  1.2, Max: 5, Diff: 5, Sum: 5, Workers: 4
[15.295s][debug][gc,phases      ] GC(29)   StringDedup Table Weak         Min:  0.0, Avg:  0.0, Max:  0.0, Diff:  0.0, Sum:  0.0, Workers: 4
[15.295s][debug][gc,phases      ] GC(29)     Dead                           Min: 0, Avg:  0.0, Max: 0, Diff: 0, Sum: 0, Workers: 4
[15.295s][debug][gc,phases      ] GC(29)     Total                          Min: 0, Avg:  0.0, Max: 0, Diff: 0, Sum: 0, Workers: 4
[15.295s][debug][gc,phases      ] GC(29)   StringDedup Requests0 Weak     Min:  0.0, Avg:  0.0, Max:  0.0, Diff:  0.0, Sum:  0.0, Workers: 4
[15.295s][debug][gc,phases      ] GC(29)     Dead                           Min: 0, Avg:  0.0, Max: 0, Diff: 0, Sum: 0, Workers: 4
[15.295s][debug][gc,phases      ] GC(29)     Total                          Min: 0, Avg:  0.0, Max: 0, Diff: 0, Sum: 0, Workers: 4
[15.295s][debug][gc,phases      ] GC(29)   StringDedup Requests1 Weak     Min:  0.0, Avg:  0.0, Max:  0.0, Diff:  0.0, Sum:  0.0, Workers: 4
[15.295s][debug][gc,phases      ] GC(29)     Dead                           Min: 0, Avg:  0.0, Max: 0, Diff: 0, Sum: 0, Workers: 4
[15.295s][debug][gc,phases      ] GC(29)     Total                          Min: 0, Avg:  0.0, Max: 0, Diff: 0, Sum: 0, Workers: 4
[15.295s][debug][gc,phases      ] GC(29)   Weak JFR Old Object Samples    Min:  0.0, Avg:  0.0, Max:  0.0, Diff:  0.0, Sum:  0.0, Workers: 4
[15.295s][debug][gc,phases      ] GC(29)     Dead                           Min: 0, Avg:  0.0, Max: 0, Diff: 0, Sum: 0, Workers: 4
[15.295s][debug][gc,phases      ] GC(29)     Total                          Min: 0, Avg:  0.0, Max: 0, Diff: 0, Sum: 0, Workers: 4
[15.295s][debug][gc,phases      ] GC(29) Weak Processing 0.310ms
[15.295s][debug][gc,age         ] GC(29) Desired survivor size 390594560 bytes, new threshold 15 (max threshold 15)
[15.295s][info ][gc,heap        ] GC(29) PSYoungGen: 1663360K(1663488K)->254592K(1699840K) Eden: 1409024K(1409024K)->0K(1334272K) From: 254336K(254464K)->254592K(365568K)
[15.295s][info ][gc,heap        ] GC(29) ParOldGen: 277334K(388096K)->277334K(388096K)
[15.295s][info ][gc,metaspace   ] GC(29) Metaspace: 66400K(67072K)->66400K(67072K) NonClass: 56655K(57024K)->56655K(57024K) Class: 9744K(10048K)->9744K(10048K)
[15.295s][info ][gc             ] GC(29) Pause Young (Allocation Failure) 1895M->519M(2039M) 115.547ms
[15.295s][info ][gc,cpu         ] GC(29) User=0.46s Sys=0.00s Real=0.12s
[15.295s][info ][safepoint      ] Safepoint "ParallelGCFailedAllocation", Time since last: 9626445 ns, Reaching safepoint: 132504 ns, At safepoint: 115657446 ns, Total: 115789950 ns
[15.323s][info ][safepoint      ] Safepoint "ICBufferFull", Time since last: 27131091 ns, Reaching safepoint: 562515 ns, At safepoint: 28601 ns, Total: 591116 ns
[15.329s][info ][safepoint      ] Safepoint "ICBufferFull", Time since last: 5829148 ns, Reaching safepoint: 126503 ns, At safepoint: 27701 ns, Total: 154204 ns
[15.353s][info ][safepoint      ] Safepoint "ICBufferFull", Time since last: 24578926 ns, Reaching safepoint: 121003 ns, At safepoint: 28501 ns, Total: 149504 ns
[15.418s][info ][safepoint      ] Safepoint "ICBufferFull", Time since last: 64368740 ns, Reaching safepoint: 164204 ns, At safepoint: 29301 ns, Total: 193505 ns
[15.424s][info ][safepoint      ] Safepoint "ICBufferFull", Time since last: 5998053 ns, Reaching safepoint: 122703 ns, At safepoint: 27600 ns, Total: 150303 ns
[15.444s][info ][safepoint      ] Safepoint "ICBufferFull", Time since last: 20004210 ns, Reaching safepoint: 145004 ns, At safepoint: 29101 ns, Total: 174105 ns
[15.474s][info ][safepoint      ] Safepoint "ICBufferFull", Time since last: 29662155 ns, Reaching safepoint: 163104 ns, At safepoint: 24301 ns, Total: 187405 ns
[15.477s][info ][safepoint      ] Safepoint "ICBufferFull", Time since last: 2322659 ns, Reaching safepoint: 99703 ns, At safepoint: 22900 ns, Total: 122603 ns
[15.495s][info ][safepoint      ] Safepoint "ICBufferFull", Time since last: 13782151 ns, Reaching safepoint: 4230608 ns, At safepoint: 29901 ns, Total: 4260509 ns
[15.528s][info ][safepoint      ] Safepoint "ICBufferFull", Time since last: 32988240 ns, Reaching safepoint: 157004 ns, At safepoint: 28401 ns, Total: 185405 ns
[15.534s][info ][safepoint      ] Safepoint "ICBufferFull", Time since last: 6351762 ns, Reaching safepoint: 119203 ns, At safepoint: 30001 ns, Total: 149204 ns
[15.568s][info ][safepoint      ] Safepoint "ICBufferFull", Time since last: 33978865 ns, Reaching safepoint: 143204 ns, At safepoint: 29201 ns, Total: 172405 ns
[15.575s][info ][safepoint      ] Safepoint "ICBufferFull", Time since last: 6455064 ns, Reaching safepoint: 109203 ns, At safepoint: 31501 ns, Total: 140704 ns
[15.596s][info ][gc,start       ] GC(30) Pause Young (Allocation Failure)
[15.699s][debug][gc,phases      ] GC(30) Scavenge 103.354ms
[15.699s][debug][gc,ref         ] GC(30) Skipped phase 1 of Reference Processing: no references
[15.699s][debug][gc,ref         ] GC(30) ReferenceProcessor::execute queues: 1, RefProcThreadModel::Single, marks_oops_alive: false
[15.699s][debug][gc,ref         ] GC(30) Skipped phase 3 of Reference Processing: no references
[15.699s][debug][gc,ref         ] GC(30) ReferenceProcessor::execute queues: 1, RefProcThreadModel::Single, marks_oops_alive: false
[15.699s][debug][gc,phases      ] GC(30) Reference Processing 0.134ms
[15.699s][debug][gc,phases      ] GC(30)   VM Weak                        Min:  0.0, Avg:  0.0, Max:  0.0, Diff:  0.0, Sum:  0.0, Workers: 4
[15.699s][debug][gc,phases      ] GC(30)     Dead                           Min: 0, Avg:  0.0, Max: 0, Diff: 0, Sum: 0, Workers: 4
[15.699s][debug][gc,phases      ] GC(30)     Total                          Min: 0, Avg: 125.5, Max: 502, Diff: 502, Sum: 502, Workers: 4
[15.699s][debug][gc,phases      ] GC(30)   ObjectSynchronizer Weak        Min:  0.0, Avg:  0.0, Max:  0.0, Diff:  0.0, Sum:  0.0, Workers: 4
[15.699s][debug][gc,phases      ] GC(30)     Dead                           Min: 0, Avg:  0.0, Max: 0, Diff: 0, Sum: 0, Workers: 4
[15.699s][debug][gc,phases      ] GC(30)     Total                          Min: 0, Avg: 111.0, Max: 316, Diff: 316, Sum: 444, Workers: 4
[15.699s][debug][gc,phases      ] GC(30)   JVMTI Tag Weak OopStorage      Min:  0.0, Avg:  0.0, Max:  0.0, Diff:  0.0, Sum:  0.0, Workers: 4
[15.699s][debug][gc,phases      ] GC(30)     Dead                           Min: 0, Avg:  0.0, Max: 0, Diff: 0, Sum: 0, Workers: 4
[15.699s][debug][gc,phases      ] GC(30)     Total                          Min: 0, Avg:  0.0, Max: 0, Diff: 0, Sum: 0, Workers: 4
[15.699s][debug][gc,phases      ] GC(30)   StringTable Weak               Min:  0.1, Avg:  0.1, Max:  0.1, Diff:  0.0, Sum:  0.4, Workers: 4
[15.699s][debug][gc,phases      ] GC(30)     Dead                           Min: 0, Avg:  2.8, Max: 11, Diff: 11, Sum: 11, Workers: 4
[15.699s][debug][gc,phases      ] GC(30)     Total                          Min: 9845, Avg: 10528.8, Max: 11342, Diff: 1497, Sum: 42115, Workers: 4
[15.699s][debug][gc,phases      ] GC(30)   ResolvedMethodTable Weak       Min:  0.0, Avg:  0.0, Max:  0.0, Diff:  0.0, Sum:  0.1, Workers: 4
[15.699s][debug][gc,phases      ] GC(30)     Dead                           Min: 0, Avg:  0.0, Max: 0, Diff: 0, Sum: 0, Workers: 4
[15.699s][debug][gc,phases      ] GC(30)     Total                          Min: 1472, Avg: 1723.0, Max: 1901, Diff: 429, Sum: 6892, Workers: 4
[15.699s][debug][gc,phases      ] GC(30)   JNI Weak                       Min:  0.0, Avg:  0.0, Max:  0.0, Diff:  0.0, Sum:  0.0, Workers: 4
[15.699s][debug][gc,phases      ] GC(30)     Dead                           Min: 0, Avg:  0.0, Max: 0, Diff: 0, Sum: 0, Workers: 4
[15.699s][debug][gc,phases      ] GC(30)     Total                          Min: 0, Avg:  2.0, Max: 8, Diff: 8, Sum: 8, Workers: 4
[15.699s][debug][gc,phases      ] GC(30)   StringDedup Table Weak         Min:  0.0, Avg:  0.0, Max:  0.0, Diff:  0.0, Sum:  0.0, Workers: 4
[15.699s][debug][gc,phases      ] GC(30)     Dead                           Min: 0, Avg:  0.0, Max: 0, Diff: 0, Sum: 0, Workers: 4
[15.699s][debug][gc,phases      ] GC(30)     Total                          Min: 0, Avg:  0.0, Max: 0, Diff: 0, Sum: 0, Workers: 4
[15.699s][debug][gc,phases      ] GC(30)   StringDedup Requests0 Weak     Min:  0.0, Avg:  0.0, Max:  0.0, Diff:  0.0, Sum:  0.0, Workers: 4
[15.699s][debug][gc,phases      ] GC(30)     Dead                           Min: 0, Avg:  0.0, Max: 0, Diff: 0, Sum: 0, Workers: 4
[15.699s][debug][gc,phases      ] GC(30)     Total                          Min: 0, Avg:  0.0, Max: 0, Diff: 0, Sum: 0, Workers: 4
[15.699s][debug][gc,phases      ] GC(30)   StringDedup Requests1 Weak     Min:  0.0, Avg:  0.0, Max:  0.0, Diff:  0.0, Sum:  0.0, Workers: 4
[15.699s][debug][gc,phases      ] GC(30)     Dead                           Min: 0, Avg:  0.0, Max: 0, Diff: 0, Sum: 0, Workers: 4
[15.699s][debug][gc,phases      ] GC(30)     Total                          Min: 0, Avg:  0.0, Max: 0, Diff: 0, Sum: 0, Workers: 4
[15.699s][debug][gc,phases      ] GC(30)   Weak JFR Old Object Samples    Min:  0.0, Avg:  0.0, Max:  0.0, Diff:  0.0, Sum:  0.0, Workers: 4
[15.699s][debug][gc,phases      ] GC(30)     Dead                           Min: 0, Avg:  0.0, Max: 0, Diff: 0, Sum: 0, Workers: 4
[15.699s][debug][gc,phases      ] GC(30)     Total                          Min: 0, Avg:  0.0, Max: 0, Diff: 0, Sum: 0, Workers: 4
[15.699s][debug][gc,phases      ] GC(30) Weak Processing 0.302ms
[15.699s][debug][gc,age         ] GC(30) Desired survivor size 403177472 bytes, new threshold 15 (max threshold 15)
[15.700s][info ][gc,heap        ] GC(30) PSYoungGen: 1588864K(1699840K)->254912K(1589248K) Eden: 1334272K(1334272K)->0K(1334272K) From: 254592K(365568K)->254912K(254976K)
[15.700s][info ][gc,heap        ] GC(30) ParOldGen: 277334K(388096K)->277342K(388096K)
[15.700s][info ][gc,metaspace   ] GC(30) Metaspace: 66550K(67200K)->66550K(67200K) NonClass: 56805K(57152K)->56805K(57152K) Class: 9744K(10048K)->9744K(10048K)
[15.700s][info ][gc             ] GC(30) Pause Young (Allocation Failure) 1822M->519M(1931M) 103.937ms
[15.700s][info ][gc,cpu         ] GC(30) User=0.42s Sys=0.01s Real=0.10s
[15.700s][info ][safepoint      ] Safepoint "ParallelGCFailedAllocation", Time since last: 20405020 ns, Reaching safepoint: 126603 ns, At safepoint: 104049951 ns, Total: 104176554 ns
[15.713s][info ][safepoint      ] Safepoint "ICBufferFull", Time since last: 12760925 ns, Reaching safepoint: 119303 ns, At safepoint: 30601 ns, Total: 149904 ns
[15.737s][info ][safepoint      ] Safepoint "ICBufferFull", Time since last: 24732630 ns, Reaching safepoint: 138903 ns, At safepoint: 23901 ns, Total: 162804 ns
[15.757s][info ][safepoint      ] Safepoint "ICBufferFull", Time since last: 19818005 ns, Reaching safepoint: 144804 ns, At safepoint: 24100 ns, Total: 168904 ns
[15.794s][info ][safepoint      ] Safepoint "ICBufferFull", Time since last: 36637334 ns, Reaching safepoint: 134503 ns, At safepoint: 25101 ns, Total: 159604 ns
[15.810s][info ][safepoint      ] Safepoint "ICBufferFull", Time since last: 15893304 ns, Reaching safepoint: 146304 ns, At safepoint: 27601 ns, Total: 173905 ns
[15.835s][info ][safepoint      ] Safepoint "ICBufferFull", Time since last: 24355820 ns, Reaching safepoint: 137904 ns, At safepoint: 28501 ns, Total: 166405 ns
[15.847s][info ][safepoint      ] Safepoint "ICBufferFull", Time since last: 11983105 ns, Reaching safepoint: 141304 ns, At safepoint: 26800 ns, Total: 168104 ns
[15.886s][info ][safepoint      ] Safepoint "ICBufferFull", Time since last: 38400079 ns, Reaching safepoint: 122203 ns, At safepoint: 39101 ns, Total: 161304 ns
[15.906s][info ][safepoint      ] Safepoint "ICBufferFull", Time since last: 17736252 ns, Reaching safepoint: 3203181 ns, At safepoint: 35601 ns, Total: 3238782 ns
[15.955s][info ][safepoint      ] Safepoint "ICBufferFull", Time since last: 47946422 ns, Reaching safepoint: 151803 ns, At safepoint: 27501 ns, Total: 179304 ns
[15.959s][info ][safepoint      ] Safepoint "ICBufferFull", Time since last: 4382012 ns, Reaching safepoint: 115303 ns, At safepoint: 25100 ns, Total: 140403 ns
[15.985s][info ][safepoint      ] Safepoint "ICBufferFull", Time since last: 24158016 ns, Reaching safepoint: 2126454 ns, At safepoint: 30201 ns, Total: 2156655 ns
[15.991s][info ][safepoint      ] Safepoint "ICBufferFull", Time since last: 5724346 ns, Reaching safepoint: 103602 ns, At safepoint: 33101 ns, Total: 136703 ns
[16.001s][info ][gc,start       ] GC(31) Pause Young (Allocation Failure)
[16.100s][debug][gc,phases      ] GC(31) Scavenge 99.340ms
[16.100s][debug][gc,ref         ] GC(31) Skipped phase 1 of Reference Processing: no references
[16.100s][debug][gc,ref         ] GC(31) ReferenceProcessor::execute queues: 1, RefProcThreadModel::Single, marks_oops_alive: false
[16.100s][debug][gc,ref         ] GC(31) Skipped phase 3 of Reference Processing: no references
[16.100s][debug][gc,ref         ] GC(31) ReferenceProcessor::execute queues: 1, RefProcThreadModel::Single, marks_oops_alive: false
[16.100s][debug][gc,phases      ] GC(31) Reference Processing 0.126ms
[16.100s][debug][gc,phases      ] GC(31)   VM Weak                        Min:  0.0, Avg:  0.0, Max:  0.0, Diff:  0.0, Sum:  0.0, Workers: 4
[16.100s][debug][gc,phases      ] GC(31)     Dead                           Min: 0, Avg:  0.0, Max: 0, Diff: 0, Sum: 0, Workers: 4
[16.100s][debug][gc,phases      ] GC(31)     Total                          Min: 0, Avg: 125.5, Max: 502, Diff: 502, Sum: 502, Workers: 4
[16.100s][debug][gc,phases      ] GC(31)   ObjectSynchronizer Weak        Min:  0.0, Avg:  0.0, Max:  0.0, Diff:  0.0, Sum:  0.0, Workers: 4
[16.100s][debug][gc,phases      ] GC(31)     Dead                           Min: 0, Avg:  0.0, Max: 0, Diff: 0, Sum: 0, Workers: 4
[16.101s][debug][gc,phases      ] GC(31)     Total                          Min: 0, Avg: 111.0, Max: 384, Diff: 384, Sum: 444, Workers: 4
[16.101s][debug][gc,phases      ] GC(31)   JVMTI Tag Weak OopStorage      Min:  0.0, Avg:  0.0, Max:  0.0, Diff:  0.0, Sum:  0.0, Workers: 4
[16.101s][debug][gc,phases      ] GC(31)     Dead                           Min: 0, Avg:  0.0, Max: 0, Diff: 0, Sum: 0, Workers: 4
[16.101s][debug][gc,phases      ] GC(31)     Total                          Min: 0, Avg:  0.0, Max: 0, Diff: 0, Sum: 0, Workers: 4
[16.101s][debug][gc,phases      ] GC(31)   StringTable Weak               Min:  0.1, Avg:  0.1, Max:  0.1, Diff:  0.0, Sum:  0.4, Workers: 4
[16.101s][debug][gc,phases      ] GC(31)     Dead                           Min: 0, Avg:  2.8, Max: 11, Diff: 11, Sum: 11, Workers: 4
[16.101s][debug][gc,phases      ] GC(31)     Total                          Min: 9792, Avg: 10530.0, Max: 11731, Diff: 1939, Sum: 42120, Workers: 4
[16.101s][debug][gc,phases      ] GC(31)   ResolvedMethodTable Weak       Min:  0.0, Avg:  0.0, Max:  0.0, Diff:  0.0, Sum:  0.1, Workers: 4
[16.101s][debug][gc,phases      ] GC(31)     Dead                           Min: 0, Avg:  0.0, Max: 0, Diff: 0, Sum: 0, Workers: 4
[16.101s][debug][gc,phases      ] GC(31)     Total                          Min: 1453, Avg: 1723.0, Max: 1856, Diff: 403, Sum: 6892, Workers: 4
[16.101s][debug][gc,phases      ] GC(31)   JNI Weak                       Min:  0.0, Avg:  0.0, Max:  0.0, Diff:  0.0, Sum:  0.0, Workers: 4
[16.101s][debug][gc,phases      ] GC(31)     Dead                           Min: 0, Avg:  0.0, Max: 0, Diff: 0, Sum: 0, Workers: 4
[16.101s][debug][gc,phases      ] GC(31)     Total                          Min: 0, Avg:  2.2, Max: 9, Diff: 9, Sum: 9, Workers: 4
[16.101s][debug][gc,phases      ] GC(31)   StringDedup Table Weak         Min:  0.0, Avg:  0.0, Max:  0.0, Diff:  0.0, Sum:  0.0, Workers: 4
[16.101s][debug][gc,phases      ] GC(31)     Dead                           Min: 0, Avg:  0.0, Max: 0, Diff: 0, Sum: 0, Workers: 4
[16.101s][debug][gc,phases      ] GC(31)     Total                          Min: 0, Avg:  0.0, Max: 0, Diff: 0, Sum: 0, Workers: 4
[16.101s][debug][gc,phases      ] GC(31)   StringDedup Requests0 Weak     Min:  0.0, Avg:  0.0, Max:  0.0, Diff:  0.0, Sum:  0.0, Workers: 4
[16.101s][debug][gc,phases      ] GC(31)     Dead                           Min: 0, Avg:  0.0, Max: 0, Diff: 0, Sum: 0, Workers: 4
[16.101s][debug][gc,phases      ] GC(31)     Total                          Min: 0, Avg:  0.0, Max: 0, Diff: 0, Sum: 0, Workers: 4
[16.101s][debug][gc,phases      ] GC(31)   StringDedup Requests1 Weak     Min:  0.0, Avg:  0.0, Max:  0.0, Diff:  0.0, Sum:  0.0, Workers: 4
[16.101s][debug][gc,phases      ] GC(31)     Dead                           Min: 0, Avg:  0.0, Max: 0, Diff: 0, Sum: 0, Workers: 4
[16.101s][debug][gc,phases      ] GC(31)     Total                          Min: 0, Avg:  0.0, Max: 0, Diff: 0, Sum: 0, Workers: 4
[16.101s][debug][gc,phases      ] GC(31)   Weak JFR Old Object Samples    Min:  0.0, Avg:  0.0, Max:  0.0, Diff:  0.0, Sum:  0.0, Workers: 4
[16.101s][debug][gc,phases      ] GC(31)     Dead                           Min: 0, Avg:  0.0, Max: 0, Diff: 0, Sum: 0, Workers: 4
[16.101s][debug][gc,phases      ] GC(31)     Total                          Min: 0, Avg:  0.0, Max: 0, Diff: 0, Sum: 0, Workers: 4
[16.101s][debug][gc,phases      ] GC(31) Weak Processing 0.341ms
[16.101s][debug][gc,age         ] GC(31) Desired survivor size 412090368 bytes, new threshold 15 (max threshold 15)
[16.101s][info ][gc,heap        ] GC(31) PSYoungGen: 1589184K(1589248K)->255232K(1686016K) Eden: 1334272K(1334272K)->0K(1292288K) From: 254912K(254976K)->255232K(393728K)
[16.101s][info ][gc,heap        ] GC(31) ParOldGen: 277342K(388096K)->277350K(388096K)
[16.101s][info ][gc,metaspace   ] GC(31) Metaspace: 66656K(67328K)->66656K(67328K) NonClass: 56911K(57280K)->56911K(57280K) Class: 9744K(10048K)->9744K(10048K)
[16.101s][info ][gc             ] GC(31) Pause Young (Allocation Failure) 1822M->520M(2025M) 99.933ms
[16.101s][info ][gc,cpu         ] GC(31) User=0.40s Sys=0.00s Real=0.10s
[16.101s][info ][safepoint      ] Safepoint "ParallelGCFailedAllocation", Time since last: 9151333 ns, Reaching safepoint: 249007 ns, At safepoint: 100047848 ns, Total: 100296855 ns
[16.115s][info ][safepoint      ] Safepoint "ICBufferFull", Time since last: 14037658 ns, Reaching safepoint: 126503 ns, At safepoint: 35701 ns, Total: 162204 ns
[16.141s][info ][safepoint      ] Safepoint "ICBufferFull", Time since last: 26131066 ns, Reaching safepoint: 138503 ns, At safepoint: 25601 ns, Total: 164104 ns
[16.164s][info ][safepoint      ] Safepoint "ICBufferFull", Time since last: 22992086 ns, Reaching safepoint: 131103 ns, At safepoint: 24901 ns, Total: 156004 ns
[16.189s][info ][safepoint      ] Safepoint "ICBufferFull", Time since last: 23901809 ns, Reaching safepoint: 287007 ns, At safepoint: 32101 ns, Total: 319108 ns
[16.215s][info ][safepoint      ] Safepoint "ICBufferFull", Time since last: 25869959 ns, Reaching safepoint: 180805 ns, At safepoint: 35000 ns, Total: 215805 ns
[16.225s][info ][safepoint      ] Safepoint "ICBufferFull", Time since last: 10572470 ns, Reaching safepoint: 155404 ns, At safepoint: 24900 ns, Total: 180304 ns
[16.247s][info ][safepoint      ] Safepoint "ICBufferFull", Time since last: 21408146 ns, Reaching safepoint: 143704 ns, At safepoint: 32000 ns, Total: 175704 ns
[16.252s][info ][safepoint      ] Safepoint "ICBufferFull", Time since last: 5002728 ns, Reaching safepoint: 109403 ns, At safepoint: 27900 ns, Total: 137303 ns
[16.270s][info ][safepoint      ] Safepoint "ICBufferFull", Time since last: 17579848 ns, Reaching safepoint: 133304 ns, At safepoint: 29000 ns, Total: 162304 ns
[16.276s][info ][safepoint      ] Safepoint "ICBufferFull", Time since last: 5547542 ns, Reaching safepoint: 120503 ns, At safepoint: 31100 ns, Total: 151603 ns
[16.295s][info ][safepoint      ] Safepoint "ICBufferFull", Time since last: 18948783 ns, Reaching safepoint: 143104 ns, At safepoint: 28301 ns, Total: 171405 ns
[16.316s][info ][safepoint      ] Safepoint "ICBufferFull", Time since last: 19899607 ns, Reaching safepoint: 1061727 ns, At safepoint: 35101 ns, Total: 1096828 ns
[16.364s][info ][safepoint      ] Safepoint "ICBufferFull", Time since last: 47913620 ns, Reaching safepoint: 131204 ns, At safepoint: 27800 ns, Total: 159004 ns
[16.391s][info ][safepoint      ] Safepoint "ICBufferFull", Time since last: 27100391 ns, Reaching safepoint: 127103 ns, At safepoint: 38401 ns, Total: 165504 ns
[16.413s][info ][safepoint      ] Safepoint "ICBufferFull", Time since last: 21585650 ns, Reaching safepoint: 125803 ns, At safepoint: 27301 ns, Total: 153104 ns
[16.427s][info ][gc,start       ] GC(32) Pause Young (Allocation Failure)
[16.533s][debug][gc,phases      ] GC(32) Scavenge 105.555ms
[16.533s][debug][gc,ref         ] GC(32) Skipped phase 1 of Reference Processing: no references
[16.533s][debug][gc,ref         ] GC(32) ReferenceProcessor::execute queues: 1, RefProcThreadModel::Single, marks_oops_alive: false
[16.533s][debug][gc,ref         ] GC(32) Skipped phase 3 of Reference Processing: no references
[16.533s][debug][gc,ref         ] GC(32) ReferenceProcessor::execute queues: 1, RefProcThreadModel::Single, marks_oops_alive: false
[16.533s][debug][gc,phases      ] GC(32) Reference Processing 0.132ms
[16.533s][debug][gc,phases      ] GC(32)   VM Weak                        Min:  0.0, Avg:  0.0, Max:  0.0, Diff:  0.0, Sum:  0.0, Workers: 4
[16.533s][debug][gc,phases      ] GC(32)     Dead                           Min: 0, Avg:  0.0, Max: 0, Diff: 0, Sum: 0, Workers: 4
[16.533s][debug][gc,phases      ] GC(32)     Total                          Min: 0, Avg: 125.5, Max: 502, Diff: 502, Sum: 502, Workers: 4
[16.533s][debug][gc,phases      ] GC(32)   ObjectSynchronizer Weak        Min:  0.0, Avg:  0.0, Max:  0.0, Diff:  0.0, Sum:  0.0, Workers: 4
[16.533s][debug][gc,phases      ] GC(32)     Dead                           Min: 0, Avg:  0.0, Max: 0, Diff: 0, Sum: 0, Workers: 4
[16.533s][debug][gc,phases      ] GC(32)     Total                          Min: 0, Avg: 111.0, Max: 444, Diff: 444, Sum: 444, Workers: 4
[16.533s][debug][gc,phases      ] GC(32)   JVMTI Tag Weak OopStorage      Min:  0.0, Avg:  0.0, Max:  0.0, Diff:  0.0, Sum:  0.0, Workers: 4
[16.533s][debug][gc,phases      ] GC(32)     Dead                           Min: 0, Avg:  0.0, Max: 0, Diff: 0, Sum: 0, Workers: 4
[16.533s][debug][gc,phases      ] GC(32)     Total                          Min: 0, Avg:  0.0, Max: 0, Diff: 0, Sum: 0, Workers: 4
[16.533s][debug][gc,phases      ] GC(32)   StringTable Weak               Min:  0.1, Avg:  0.1, Max:  0.1, Diff:  0.0, Sum:  0.4, Workers: 4
[16.533s][debug][gc,phases      ] GC(32)     Dead                           Min: 0, Avg:  0.0, Max: 0, Diff: 0, Sum: 0, Workers: 4
[16.533s][debug][gc,phases      ] GC(32)     Total                          Min: 9344, Avg: 10537.0, Max: 11776, Diff: 2432, Sum: 42148, Workers: 4
[16.533s][debug][gc,phases      ] GC(32)   ResolvedMethodTable Weak       Min:  0.0, Avg:  0.0, Max:  0.0, Diff:  0.0, Sum:  0.1, Workers: 4
[16.533s][debug][gc,phases      ] GC(32)     Dead                           Min: 0, Avg:  0.0, Max: 0, Diff: 0, Sum: 0, Workers: 4
[16.533s][debug][gc,phases      ] GC(32)     Total                          Min: 1535, Avg: 1723.0, Max: 1965, Diff: 430, Sum: 6892, Workers: 4
[16.533s][debug][gc,phases      ] GC(32)   JNI Weak                       Min:  0.0, Avg:  0.0, Max:  0.0, Diff:  0.0, Sum:  0.0, Workers: 4
[16.533s][debug][gc,phases      ] GC(32)     Dead                           Min: 0, Avg:  0.0, Max: 0, Diff: 0, Sum: 0, Workers: 4
[16.533s][debug][gc,phases      ] GC(32)     Total                          Min: 0, Avg:  0.2, Max: 1, Diff: 1, Sum: 1, Workers: 4
[16.533s][debug][gc,phases      ] GC(32)   StringDedup Table Weak         Min:  0.0, Avg:  0.0, Max:  0.0, Diff:  0.0, Sum:  0.0, Workers: 4
[16.533s][debug][gc,phases      ] GC(32)     Dead                           Min: 0, Avg:  0.0, Max: 0, Diff: 0, Sum: 0, Workers: 4
[16.533s][debug][gc,phases      ] GC(32)     Total                          Min: 0, Avg:  0.0, Max: 0, Diff: 0, Sum: 0, Workers: 4
[16.533s][debug][gc,phases      ] GC(32)   StringDedup Requests0 Weak     Min:  0.0, Avg:  0.0, Max:  0.0, Diff:  0.0, Sum:  0.0, Workers: 4
[16.533s][debug][gc,phases      ] GC(32)     Dead                           Min: 0, Avg:  0.0, Max: 0, Diff: 0, Sum: 0, Workers: 4
[16.533s][debug][gc,phases      ] GC(32)     Total                          Min: 0, Avg:  0.0, Max: 0, Diff: 0, Sum: 0, Workers: 4
[16.533s][debug][gc,phases      ] GC(32)   StringDedup Requests1 Weak     Min:  0.0, Avg:  0.0, Max:  0.0, Diff:  0.0, Sum:  0.0, Workers: 4
[16.533s][debug][gc,phases      ] GC(32)     Dead                           Min: 0, Avg:  0.0, Max: 0, Diff: 0, Sum: 0, Workers: 4
[16.533s][debug][gc,phases      ] GC(32)     Total                          Min: 0, Avg:  0.0, Max: 0, Diff: 0, Sum: 0, Workers: 4
[16.533s][debug][gc,phases      ] GC(32)   Weak JFR Old Object Samples    Min:  0.0, Avg:  0.0, Max:  0.0, Diff:  0.0, Sum:  0.0, Workers: 4
[16.533s][debug][gc,phases      ] GC(32)     Dead                           Min: 0, Avg:  0.0, Max: 0, Diff: 0, Sum: 0, Workers: 4
[16.533s][debug][gc,phases      ] GC(32)     Total                          Min: 0, Avg:  0.0, Max: 0, Diff: 0, Sum: 0, Workers: 4
[16.533s][debug][gc,phases      ] GC(32) Weak Processing 0.305ms
[16.533s][debug][gc,age         ] GC(32) Desired survivor size 417857536 bytes, new threshold 15 (max threshold 15)
[16.533s][info ][gc,heap        ] GC(32) PSYoungGen: 1547520K(1686016K)->255632K(1548288K) Eden: 1292288K(1292288K)->0K(1292288K) From: 255232K(393728K)->255632K(256000K)
[16.533s][info ][gc,heap        ] GC(32) ParOldGen: 277350K(388096K)->277358K(388096K)
[16.533s][info ][gc,metaspace   ] GC(32) Metaspace: 66676K(67392K)->66676K(67392K) NonClass: 56931K(57344K)->56931K(57344K) Class: 9744K(10048K)->9744K(10048K)
[16.533s][info ][gc             ] GC(32) Pause Young (Allocation Failure) 1782M->520M(1891M) 106.126ms
[16.533s][info ][gc,cpu         ] GC(32) User=0.42s Sys=0.00s Real=0.10s
[16.533s][info ][safepoint      ] Safepoint "ParallelGCFailedAllocation", Time since last: 13916454 ns, Reaching safepoint: 129404 ns, At safepoint: 106231206 ns, Total: 106360610 ns
[16.542s][info ][safepoint      ] Safepoint "ICBufferFull", Time since last: 8272311 ns, Reaching safepoint: 138103 ns, At safepoint: 32901 ns, Total: 171004 ns
[16.582s][info ][safepoint      ] Safepoint "ICBufferFull", Time since last: 39890116 ns, Reaching safepoint: 143004 ns, At safepoint: 27101 ns, Total: 170105 ns
[16.601s][info ][safepoint      ] Safepoint "ICBufferFull", Time since last: 18863180 ns, Reaching safepoint: 142504 ns, At safepoint: 28401 ns, Total: 170905 ns
[16.606s][info ][safepoint      ] Safepoint "ICBufferFull", Time since last: 4927425 ns, Reaching safepoint: 129203 ns, At safepoint: 31001 ns, Total: 160204 ns
[16.636s][info ][safepoint      ] Safepoint "ICBufferFull", Time since last: 29639255 ns, Reaching safepoint: 133904 ns, At safepoint: 26800 ns, Total: 160704 ns
[16.658s][info ][safepoint      ] Safepoint "ICBufferFull", Time since last: 20248916 ns, Reaching safepoint: 2159355 ns, At safepoint: 33601 ns, Total: 2192956 ns
[16.688s][info ][safepoint      ] Safepoint "ICBufferFull", Time since last: 29509852 ns, Reaching safepoint: 105503 ns, At safepoint: 31000 ns, Total: 136503 ns
[16.706s][info ][safepoint      ] Safepoint "ICBufferFull", Time since last: 17280041 ns, Reaching safepoint: 719718 ns, At safepoint: 31201 ns, Total: 750919 ns
[16.735s][info ][safepoint      ] Safepoint "ICBufferFull", Time since last: 28968438 ns, Reaching safepoint: 135703 ns, At safepoint: 26901 ns, Total: 162604 ns
[16.754s][info ][gc,start       ] GC(33) Pause Young (Allocation Failure)
[16.867s][debug][gc,phases      ] GC(33) Scavenge 113.190ms
[16.867s][debug][gc,ref         ] GC(33) Skipped phase 1 of Reference Processing: no references
[16.867s][debug][gc,ref         ] GC(33) ReferenceProcessor::execute queues: 1, RefProcThreadModel::Single, marks_oops_alive: false
[16.867s][debug][gc,ref         ] GC(33) Skipped phase 3 of Reference Processing: no references
[16.867s][debug][gc,ref         ] GC(33) ReferenceProcessor::execute queues: 1, RefProcThreadModel::Single, marks_oops_alive: false
[16.868s][debug][gc,phases      ] GC(33) Reference Processing 0.131ms
[16.868s][debug][gc,phases      ] GC(33)   VM Weak                        Min:  0.0, Avg:  0.0, Max:  0.0, Diff:  0.0, Sum:  0.0, Workers: 4
[16.868s][debug][gc,phases      ] GC(33)     Dead                           Min: 0, Avg:  0.0, Max: 0, Diff: 0, Sum: 0, Workers: 4
[16.868s][debug][gc,phases      ] GC(33)     Total                          Min: 0, Avg: 125.5, Max: 374, Diff: 374, Sum: 502, Workers: 4
[16.868s][debug][gc,phases      ] GC(33)   ObjectSynchronizer Weak        Min:  0.0, Avg:  0.0, Max:  0.0, Diff:  0.0, Sum:  0.0, Workers: 4
[16.868s][debug][gc,phases      ] GC(33)     Dead                           Min: 0, Avg:  0.0, Max: 0, Diff: 0, Sum: 0, Workers: 4
[16.868s][debug][gc,phases      ] GC(33)     Total                          Min: 0, Avg: 111.0, Max: 256, Diff: 256, Sum: 444, Workers: 4
[16.868s][debug][gc,phases      ] GC(33)   JVMTI Tag Weak OopStorage      Min:  0.0, Avg:  0.0, Max:  0.0, Diff:  0.0, Sum:  0.0, Workers: 4
[16.868s][debug][gc,phases      ] GC(33)     Dead                           Min: 0, Avg:  0.0, Max: 0, Diff: 0, Sum: 0, Workers: 4
[16.868s][debug][gc,phases      ] GC(33)     Total                          Min: 0, Avg:  0.0, Max: 0, Diff: 0, Sum: 0, Workers: 4
[16.868s][debug][gc,phases      ] GC(33)   StringTable Weak               Min:  0.1, Avg:  0.1, Max:  0.1, Diff:  0.0, Sum:  0.4, Workers: 4
[16.868s][debug][gc,phases      ] GC(33)     Dead                           Min: 0, Avg:  2.8, Max: 11, Diff: 11, Sum: 11, Workers: 4
[16.868s][debug][gc,phases      ] GC(33)     Total                          Min: 9344, Avg: 10537.2, Max: 11328, Diff: 1984, Sum: 42149, Workers: 4
[16.868s][debug][gc,phases      ] GC(33)   ResolvedMethodTable Weak       Min:  0.0, Avg:  0.0, Max:  0.0, Diff:  0.0, Sum:  0.1, Workers: 4
[16.868s][debug][gc,phases      ] GC(33)     Dead                           Min: 0, Avg:  0.0, Max: 0, Diff: 0, Sum: 0, Workers: 4
[16.868s][debug][gc,phases      ] GC(33)     Total                          Min: 1325, Avg: 1723.0, Max: 1920, Diff: 595, Sum: 6892, Workers: 4
[16.868s][debug][gc,phases      ] GC(33)   JNI Weak                       Min:  0.0, Avg:  0.0, Max:  0.0, Diff:  0.0, Sum:  0.0, Workers: 4
[16.868s][debug][gc,phases      ] GC(33)     Dead                           Min: 0, Avg:  0.0, Max: 0, Diff: 0, Sum: 0, Workers: 4
[16.868s][debug][gc,phases      ] GC(33)     Total                          Min: 0, Avg:  1.8, Max: 7, Diff: 7, Sum: 7, Workers: 4
[16.868s][debug][gc,phases      ] GC(33)   StringDedup Table Weak         Min:  0.0, Avg:  0.0, Max:  0.0, Diff:  0.0, Sum:  0.0, Workers: 4
[16.868s][debug][gc,phases      ] GC(33)     Dead                           Min: 0, Avg:  0.0, Max: 0, Diff: 0, Sum: 0, Workers: 4
[16.868s][debug][gc,phases      ] GC(33)     Total                          Min: 0, Avg:  0.0, Max: 0, Diff: 0, Sum: 0, Workers: 4
[16.868s][debug][gc,phases      ] GC(33)   StringDedup Requests0 Weak     Min:  0.0, Avg:  0.0, Max:  0.0, Diff:  0.0, Sum:  0.0, Workers: 4
[16.868s][debug][gc,phases      ] GC(33)     Dead                           Min: 0, Avg:  0.0, Max: 0, Diff: 0, Sum: 0, Workers: 4
[16.868s][debug][gc,phases      ] GC(33)     Total                          Min: 0, Avg:  0.0, Max: 0, Diff: 0, Sum: 0, Workers: 4
[16.868s][debug][gc,phases      ] GC(33)   StringDedup Requests1 Weak     Min:  0.0, Avg:  0.0, Max:  0.0, Diff:  0.0, Sum:  0.0, Workers: 4
[16.868s][debug][gc,phases      ] GC(33)     Dead                           Min: 0, Avg:  0.0, Max: 0, Diff: 0, Sum: 0, Workers: 4
[16.868s][debug][gc,phases      ] GC(33)     Total                          Min: 0, Avg:  0.0, Max: 0, Diff: 0, Sum: 0, Workers: 4
[16.868s][debug][gc,phases      ] GC(33)   Weak JFR Old Object Samples    Min:  0.0, Avg:  0.0, Max:  0.0, Diff:  0.0, Sum:  0.0, Workers: 4
[16.868s][debug][gc,phases      ] GC(33)     Dead                           Min: 0, Avg:  0.0, Max: 0, Diff: 0, Sum: 0, Workers: 4
[16.868s][debug][gc,phases      ] GC(33)     Total                          Min: 0, Avg:  0.0, Max: 0, Diff: 0, Sum: 0, Workers: 4
[16.868s][debug][gc,phases      ] GC(33) Weak Processing 0.309ms
[16.868s][debug][gc,age         ] GC(33) Desired survivor size 421003264 bytes, new threshold 15 (max threshold 15)
[16.868s][info ][gc,heap        ] GC(33) PSYoungGen: 1547920K(1548288K)->255824K(1682944K) Eden: 1292288K(1292288K)->0K(1274880K) From: 255632K(256000K)->255824K(408064K)
[16.868s][info ][gc,heap        ] GC(33) ParOldGen: 277358K(388096K)->277366K(388096K)
[16.868s][info ][gc,metaspace   ] GC(33) Metaspace: 66687K(67392K)->66687K(67392K) NonClass: 56942K(57344K)->56942K(57344K) Class: 9744K(10048K)->9744K(10048K)
[16.868s][info ][gc             ] GC(33) Pause Young (Allocation Failure) 1782M->520M(2022M) 113.768ms
[16.868s][info ][gc,cpu         ] GC(33) User=0.46s Sys=0.00s Real=0.11s
[16.868s][info ][safepoint      ] Safepoint "ParallelGCFailedAllocation", Time since last: 16062309 ns, Reaching safepoint: 3214582 ns, At safepoint: 113897702 ns, Total: 117112284 ns
[16.903s][info ][safepoint      ] Safepoint "ICBufferFull", Time since last: 35003292 ns, Reaching safepoint: 132503 ns, At safepoint: 24901 ns, Total: 157404 ns
[16.908s][info ][safepoint      ] Safepoint "ICBufferFull", Time since last: 4928825 ns, Reaching safepoint: 124403 ns, At safepoint: 27301 ns, Total: 151704 ns
[16.937s][info ][safepoint      ] Safepoint "ICBufferFull", Time since last: 28667930 ns, Reaching safepoint: 139804 ns, At safepoint: 25601 ns, Total: 165405 ns
[16.955s][info ][safepoint      ] Safepoint "ICBufferFull", Time since last: 17837054 ns, Reaching safepoint: 142804 ns, At safepoint: 30000 ns, Total: 172804 ns
[16.966s][info ][safepoint      ] Safepoint "ICBufferFull", Time since last: 11000881 ns, Reaching safepoint: 138803 ns, At safepoint: 26901 ns, Total: 165704 ns
[16.987s][info ][safepoint      ] Safepoint "ICBufferFull", Time since last: 20986134 ns, Reaching safepoint: 134304 ns, At safepoint: 28201 ns, Total: 162505 ns
[17.013s][info ][safepoint      ] Safepoint "ICBufferFull", Time since last: 25046538 ns, Reaching safepoint: 144703 ns, At safepoint: 33601 ns, Total: 178304 ns
[17.034s][info ][safepoint      ] Safepoint "ICBufferFull", Time since last: 21460847 ns, Reaching safepoint: 131103 ns, At safepoint: 28201 ns, Total: 159304 ns
[17.054s][info ][safepoint      ] Safepoint "ICBufferFull", Time since last: 19076786 ns, Reaching safepoint: 293508 ns, At safepoint: 29100 ns, Total: 322608 ns
[17.073s][info ][safepoint      ] Safepoint "ICBufferFull", Time since last: 18618775 ns, Reaching safepoint: 268806 ns, At safepoint: 31201 ns, Total: 300007 ns
[17.092s][info ][safepoint      ] Safepoint "ICBufferFull", Time since last: 19417495 ns, Reaching safepoint: 138303 ns, At safepoint: 26901 ns, Total: 165204 ns
[17.104s][info ][safepoint      ] Safepoint "ICBufferFull", Time since last: 11756300 ns, Reaching safepoint: 142003 ns, At safepoint: 31401 ns, Total: 173404 ns
[17.128s][info ][safepoint      ] Safepoint "ICBufferFull", Time since last: 23498099 ns, Reaching safepoint: 324708 ns, At safepoint: 30101 ns, Total: 354809 ns
[17.146s][info ][gc,start       ] GC(34) Pause Young (Allocation Failure)
[17.278s][debug][gc,phases      ] GC(34) Scavenge 131.446ms
[17.278s][debug][gc,ref         ] GC(34) Skipped phase 1 of Reference Processing: no references
[17.278s][debug][gc,ref         ] GC(34) ReferenceProcessor::execute queues: 1, RefProcThreadModel::Single, marks_oops_alive: false
[17.278s][debug][gc,ref         ] GC(34) Skipped phase 3 of Reference Processing: no references
[17.278s][debug][gc,ref         ] GC(34) ReferenceProcessor::execute queues: 1, RefProcThreadModel::Single, marks_oops_alive: false
[17.278s][debug][gc,phases      ] GC(34) Reference Processing 0.153ms
[17.278s][debug][gc,phases      ] GC(34)   VM Weak                        Min:  0.0, Avg:  0.0, Max:  0.0, Diff:  0.0, Sum:  0.0, Workers: 4
[17.278s][debug][gc,phases      ] GC(34)     Dead                           Min: 0, Avg:  0.0, Max: 0, Diff: 0, Sum: 0, Workers: 4
[17.278s][debug][gc,phases      ] GC(34)     Total                          Min: 0, Avg: 125.5, Max: 502, Diff: 502, Sum: 502, Workers: 4
[17.278s][debug][gc,phases      ] GC(34)   ObjectSynchronizer Weak        Min:  0.0, Avg:  0.0, Max:  0.0, Diff:  0.0, Sum:  0.0, Workers: 4
[17.278s][debug][gc,phases      ] GC(34)     Dead                           Min: 0, Avg:  0.0, Max: 0, Diff: 0, Sum: 0, Workers: 4
[17.278s][debug][gc,phases      ] GC(34)     Total                          Min: 0, Avg: 111.0, Max: 444, Diff: 444, Sum: 444, Workers: 4
[17.278s][debug][gc,phases      ] GC(34)   JVMTI Tag Weak OopStorage      Min:  0.0, Avg:  0.0, Max:  0.0, Diff:  0.0, Sum:  0.0, Workers: 4
[17.278s][debug][gc,phases      ] GC(34)     Dead                           Min: 0, Avg:  0.0, Max: 0, Diff: 0, Sum: 0, Workers: 4
[17.278s][debug][gc,phases      ] GC(34)     Total                          Min: 0, Avg:  0.0, Max: 0, Diff: 0, Sum: 0, Workers: 4
[17.278s][debug][gc,phases      ] GC(34)   StringTable Weak               Min:  0.1, Avg:  0.1, Max:  0.1, Diff:  0.0, Sum:  0.4, Workers: 4
[17.278s][debug][gc,phases      ] GC(34)     Dead                           Min: 0, Avg:  2.8, Max: 11, Diff: 11, Sum: 11, Workers: 4
[17.278s][debug][gc,phases      ] GC(34)     Total                          Min: 9216, Avg: 10538.8, Max: 12139, Diff: 2923, Sum: 42155, Workers: 4
[17.278s][debug][gc,phases      ] GC(34)   ResolvedMethodTable Weak       Min:  0.0, Avg:  0.0, Max:  0.0, Diff:  0.0, Sum:  0.1, Workers: 4
[17.278s][debug][gc,phases      ] GC(34)     Dead                           Min: 0, Avg:  0.0, Max: 0, Diff: 0, Sum: 0, Workers: 4
[17.278s][debug][gc,phases      ] GC(34)     Total                          Min: 1516, Avg: 1723.0, Max: 1920, Diff: 404, Sum: 6892, Workers: 4
[17.278s][debug][gc,phases      ] GC(34)   JNI Weak                       Min:  0.0, Avg:  0.0, Max:  0.0, Diff:  0.0, Sum:  0.0, Workers: 4
[17.278s][debug][gc,phases      ] GC(34)     Dead                           Min: 0, Avg:  0.0, Max: 0, Diff: 0, Sum: 0, Workers: 4
[17.278s][debug][gc,phases      ] GC(34)     Total                          Min: 0, Avg:  0.0, Max: 0, Diff: 0, Sum: 0, Workers: 4
[17.278s][debug][gc,phases      ] GC(34)   StringDedup Table Weak         Min:  0.0, Avg:  0.0, Max:  0.0, Diff:  0.0, Sum:  0.0, Workers: 4
[17.278s][debug][gc,phases      ] GC(34)     Dead                           Min: 0, Avg:  0.0, Max: 0, Diff: 0, Sum: 0, Workers: 4
[17.278s][debug][gc,phases      ] GC(34)     Total                          Min: 0, Avg:  0.0, Max: 0, Diff: 0, Sum: 0, Workers: 4
[17.278s][debug][gc,phases      ] GC(34)   StringDedup Requests0 Weak     Min:  0.0, Avg:  0.0, Max:  0.0, Diff:  0.0, Sum:  0.0, Workers: 4
[17.278s][debug][gc,phases      ] GC(34)     Dead                           Min: 0, Avg:  0.0, Max: 0, Diff: 0, Sum: 0, Workers: 4
[17.278s][debug][gc,phases      ] GC(34)     Total                          Min: 0, Avg:  0.0, Max: 0, Diff: 0, Sum: 0, Workers: 4
[17.278s][debug][gc,phases      ] GC(34)   StringDedup Requests1 Weak     Min:  0.0, Avg:  0.0, Max:  0.0, Diff:  0.0, Sum:  0.0, Workers: 4
[17.278s][debug][gc,phases      ] GC(34)     Dead                           Min: 0, Avg:  0.0, Max: 0, Diff: 0, Sum: 0, Workers: 4
[17.278s][debug][gc,phases      ] GC(34)     Total                          Min: 0, Avg:  0.0, Max: 0, Diff: 0, Sum: 0, Workers: 4
[17.278s][debug][gc,phases      ] GC(34)   Weak JFR Old Object Samples    Min:  0.0, Avg:  0.0, Max:  0.0, Diff:  0.0, Sum:  0.0, Workers: 4
[17.278s][debug][gc,phases      ] GC(34)     Dead                           Min: 0, Avg:  0.0, Max: 0, Diff: 0, Sum: 0, Workers: 4
[17.278s][debug][gc,phases      ] GC(34)     Total                          Min: 0, Avg:  0.0, Max: 0, Diff: 0, Sum: 0, Workers: 4
[17.278s][debug][gc,phases      ] GC(34) Weak Processing 0.326ms
[17.279s][debug][gc,age         ] GC(34) Desired survivor size 422051840 bytes, new threshold 15 (max threshold 15)
[17.279s][info ][gc,heap        ] GC(34) PSYoungGen: 1530704K(1682944K)->256208K(1531392K) Eden: 1274880K(1274880K)->0K(1274880K) From: 255824K(408064K)->256208K(256512K)
[17.279s][info ][gc,heap        ] GC(34) ParOldGen: 277366K(388096K)->277374K(388096K)
[17.279s][info ][gc,metaspace   ] GC(34) Metaspace: 66712K(67392K)->66712K(67392K) NonClass: 56967K(57344K)->56967K(57344K) Class: 9744K(10048K)->9744K(10048K)
[17.279s][info ][gc             ] GC(34) Pause Young (Allocation Failure) 1765M->521M(1874M) 132.063ms
[17.279s][info ][gc,cpu         ] GC(34) User=0.52s Sys=0.01s Real=0.13s
[17.279s][info ][safepoint      ] Safepoint "ParallelGCFailedAllocation", Time since last: 18442670 ns, Reaching safepoint: 128703 ns, At safepoint: 132170767 ns, Total: 132299470 ns
[17.296s][info ][safepoint      ] Safepoint "ICBufferFull", Time since last: 17122936 ns, Reaching safepoint: 134504 ns, At safepoint: 36201 ns, Total: 170705 ns
[17.316s][info ][safepoint      ] Safepoint "ICBufferFull", Time since last: 20171614 ns, Reaching safepoint: 152204 ns, At safepoint: 31100 ns, Total: 183304 ns
[17.362s][info ][safepoint      ] Safepoint "ICBufferFull", Time since last: 45305855 ns, Reaching safepoint: 150803 ns, At safepoint: 30201 ns, Total: 181004 ns
[17.385s][info ][safepoint      ] Safepoint "ICBufferFull", Time since last: 23506599 ns, Reaching safepoint: 133603 ns, At safepoint: 27601 ns, Total: 161204 ns
[17.426s][info ][safepoint      ] Safepoint "ICBufferFull", Time since last: 39934518 ns, Reaching safepoint: 150503 ns, At safepoint: 30301 ns, Total: 180804 ns
[17.443s][info ][safepoint      ] Safepoint "ICBufferFull", Time since last: 17487346 ns, Reaching safepoint: 131803 ns, At safepoint: 28701 ns, Total: 160504 ns
[17.478s][info ][safepoint      ] Safepoint "ICBufferFull", Time since last: 34947090 ns, Reaching safepoint: 152504 ns, At safepoint: 35501 ns, Total: 188005 ns
[17.486s][info ][safepoint      ] Safepoint "ICBufferFull", Time since last: 7606394 ns, Reaching safepoint: 118503 ns, At safepoint: 32600 ns, Total: 151103 ns
[17.533s][info ][gc,start       ] GC(35) Pause Young (Allocation Failure)
[17.647s][debug][gc,phases      ] GC(35) Scavenge 114.392ms
[17.647s][debug][gc,ref         ] GC(35) Skipped phase 1 of Reference Processing: no references
[17.647s][debug][gc,ref         ] GC(35) ReferenceProcessor::execute queues: 1, RefProcThreadModel::Single, marks_oops_alive: false
[17.647s][debug][gc,ref         ] GC(35) Skipped phase 3 of Reference Processing: no references
[17.647s][debug][gc,ref         ] GC(35) ReferenceProcessor::execute queues: 1, RefProcThreadModel::Single, marks_oops_alive: false
[17.647s][debug][gc,phases      ] GC(35) Reference Processing 0.136ms
[17.648s][debug][gc,phases      ] GC(35)   VM Weak                        Min:  0.0, Avg:  0.0, Max:  0.0, Diff:  0.0, Sum:  0.0, Workers: 4
[17.648s][debug][gc,phases      ] GC(35)     Dead                           Min: 0, Avg:  0.0, Max: 0, Diff: 0, Sum: 0, Workers: 4
[17.648s][debug][gc,phases      ] GC(35)     Total                          Min: 0, Avg: 125.5, Max: 502, Diff: 502, Sum: 502, Workers: 4
[17.648s][debug][gc,phases      ] GC(35)   ObjectSynchronizer Weak        Min:  0.0, Avg:  0.0, Max:  0.0, Diff:  0.0, Sum:  0.0, Workers: 4
[17.648s][debug][gc,phases      ] GC(35)     Dead                           Min: 0, Avg:  0.0, Max: 0, Diff: 0, Sum: 0, Workers: 4
[17.648s][debug][gc,phases      ] GC(35)     Total                          Min: 0, Avg: 111.0, Max: 444, Diff: 444, Sum: 444, Workers: 4
[17.648s][debug][gc,phases      ] GC(35)   JVMTI Tag Weak OopStorage      Min:  0.0, Avg:  0.0, Max:  0.0, Diff:  0.0, Sum:  0.0, Workers: 4
[17.648s][debug][gc,phases      ] GC(35)     Dead                           Min: 0, Avg:  0.0, Max: 0, Diff: 0, Sum: 0, Workers: 4
[17.648s][debug][gc,phases      ] GC(35)     Total                          Min: 0, Avg:  0.0, Max: 0, Diff: 0, Sum: 0, Workers: 4
[17.648s][debug][gc,phases      ] GC(35)   StringTable Weak               Min:  0.1, Avg:  0.1, Max:  0.1, Diff:  0.0, Sum:  0.4, Workers: 4
[17.648s][debug][gc,phases      ] GC(35)     Dead                           Min: 0, Avg:  0.0, Max: 0, Diff: 0, Sum: 0, Workers: 4
[17.648s][debug][gc,phases      ] GC(35)     Total                          Min: 9536, Avg: 10540.8, Max: 12288, Diff: 2752, Sum: 42163, Workers: 4
[17.648s][debug][gc,phases      ] GC(35)   ResolvedMethodTable Weak       Min:  0.0, Avg:  0.0, Max:  0.0, Diff:  0.0, Sum:  0.1, Workers: 4
[17.648s][debug][gc,phases      ] GC(35)     Dead                           Min: 0, Avg:  0.0, Max: 0, Diff: 0, Sum: 0, Workers: 4
[17.648s][debug][gc,phases      ] GC(35)     Total                          Min: 1453, Avg: 1723.0, Max: 2047, Diff: 594, Sum: 6892, Workers: 4
[17.648s][debug][gc,phases      ] GC(35)   JNI Weak                       Min:  0.0, Avg:  0.0, Max:  0.0, Diff:  0.0, Sum:  0.0, Workers: 4
[17.648s][debug][gc,phases      ] GC(35)     Dead                           Min: 0, Avg:  0.0, Max: 0, Diff: 0, Sum: 0, Workers: 4
[17.648s][debug][gc,phases      ] GC(35)     Total                          Min: 0, Avg:  0.2, Max: 1, Diff: 1, Sum: 1, Workers: 4
[17.648s][debug][gc,phases      ] GC(35)   StringDedup Table Weak         Min:  0.0, Avg:  0.0, Max:  0.0, Diff:  0.0, Sum:  0.0, Workers: 4
[17.648s][debug][gc,phases      ] GC(35)     Dead                           Min: 0, Avg:  0.0, Max: 0, Diff: 0, Sum: 0, Workers: 4
[17.648s][debug][gc,phases      ] GC(35)     Total                          Min: 0, Avg:  0.0, Max: 0, Diff: 0, Sum: 0, Workers: 4
[17.648s][debug][gc,phases      ] GC(35)   StringDedup Requests0 Weak     Min:  0.0, Avg:  0.0, Max:  0.0, Diff:  0.0, Sum:  0.0, Workers: 4
[17.648s][debug][gc,phases      ] GC(35)     Dead                           Min: 0, Avg:  0.0, Max: 0, Diff: 0, Sum: 0, Workers: 4
[17.648s][debug][gc,phases      ] GC(35)     Total                          Min: 0, Avg:  0.0, Max: 0, Diff: 0, Sum: 0, Workers: 4
[17.648s][debug][gc,phases      ] GC(35)   StringDedup Requests1 Weak     Min:  0.0, Avg:  0.0, Max:  0.0, Diff:  0.0, Sum:  0.0, Workers: 4
[17.648s][debug][gc,phases      ] GC(35)     Dead                           Min: 0, Avg:  0.0, Max: 0, Diff: 0, Sum: 0, Workers: 4
[17.648s][debug][gc,phases      ] GC(35)     Total                          Min: 0, Avg:  0.0, Max: 0, Diff: 0, Sum: 0, Workers: 4
[17.648s][debug][gc,phases      ] GC(35)   Weak JFR Old Object Samples    Min:  0.0, Avg:  0.0, Max:  0.0, Diff:  0.0, Sum:  0.0, Workers: 4
[17.648s][debug][gc,phases      ] GC(35)     Dead                           Min: 0, Avg:  0.0, Max: 0, Diff: 0, Sum: 0, Workers: 4
[17.648s][debug][gc,phases      ] GC(35)     Total                          Min: 0, Avg:  0.0, Max: 0, Diff: 0, Sum: 0, Workers: 4
[17.648s][debug][gc,phases      ] GC(35) Weak Processing 0.313ms
[17.648s][debug][gc,age         ] GC(35) Desired survivor size 421527552 bytes, new threshold 15 (max threshold 15)
[17.648s][info ][gc,heap        ] GC(35) PSYoungGen: 1531088K(1531392K)->256496K(1685504K) Eden: 1274880K(1274880K)->0K(1273344K) From: 256208K(256512K)->256496K(412160K)
[17.648s][info ][gc,heap        ] GC(35) ParOldGen: 277374K(388096K)->277382K(388096K)
[17.648s][info ][gc,metaspace   ] GC(35) Metaspace: 66718K(67392K)->66718K(67392K) NonClass: 56973K(57344K)->56973K(57344K) Class: 9745K(10048K)->9745K(10048K)
[17.648s][info ][gc             ] GC(35) Pause Young (Allocation Failure) 1766M->521M(2025M) 114.980ms
[17.648s][info ][gc,cpu         ] GC(35) User=0.47s Sys=0.00s Real=0.12s
[17.648s][info ][safepoint      ] Safepoint "ParallelGCFailedAllocation", Time since last: 46529886 ns, Reaching safepoint: 142904 ns, At safepoint: 115098532 ns, Total: 115241436 ns
[17.657s][info ][safepoint      ] Safepoint "ICBufferFull", Time since last: 9294737 ns, Reaching safepoint: 215605 ns, At safepoint: 34301 ns, Total: 249906 ns
[17.695s][info ][safepoint      ] Safepoint "ICBufferFull", Time since last: 37245049 ns, Reaching safepoint: 150504 ns, At safepoint: 28300 ns, Total: 178804 ns
[17.710s][info ][safepoint      ] Safepoint "ICBufferFull", Time since last: 14851279 ns, Reaching safepoint: 130603 ns, At safepoint: 27301 ns, Total: 157904 ns
[17.730s][info ][safepoint      ] Safepoint "ICBufferFull", Time since last: 20194814 ns, Reaching safepoint: 138304 ns, At safepoint: 33601 ns, Total: 171905 ns
[17.742s][info ][safepoint      ] Safepoint "ICBufferFull", Time since last: 11565994 ns, Reaching safepoint: 125303 ns, At safepoint: 28801 ns, Total: 154104 ns
[17.781s][info ][safepoint      ] Safepoint "ICBufferFull", Time since last: 38456480 ns, Reaching safepoint: 132203 ns, At safepoint: 36901 ns, Total: 169104 ns
[17.794s][info ][safepoint      ] Safepoint "ICBufferFull", Time since last: 12992431 ns, Reaching safepoint: 140604 ns, At safepoint: 31301 ns, Total: 171905 ns
[17.814s][info ][safepoint      ] Safepoint "ICBufferFull", Time since last: 18590473 ns, Reaching safepoint: 2128654 ns, At safepoint: 41902 ns, Total: 2170556 ns
[17.839s][info ][safepoint      ] Safepoint "ICBufferFull", Time since last: 24217117 ns, Reaching safepoint: 128703 ns, At safepoint: 30001 ns, Total: 158704 ns
[17.862s][info ][safepoint      ] Safepoint "ICBufferFull", Time since last: 19805704 ns, Reaching safepoint: 3238183 ns, At safepoint: 39501 ns, Total: 3277684 ns
[17.867s][info ][safepoint      ] Safepoint "ICBufferFull", Time since last: 5181732 ns, Reaching safepoint: 134003 ns, At safepoint: 31401 ns, Total: 165404 ns
[17.881s][info ][safepoint      ] Safepoint "ICBufferFull", Time since last: 13973956 ns, Reaching safepoint: 134103 ns, At safepoint: 29201 ns, Total: 163304 ns
[17.886s][info ][safepoint      ] Safepoint "ICBufferFull", Time since last: 4805622 ns, Reaching safepoint: 128604 ns, At safepoint: 30501 ns, Total: 159105 ns
[17.902s][info ][safepoint      ] Safepoint "ICBufferFull", Time since last: 15329390 ns, Reaching safepoint: 138504 ns, At safepoint: 24600 ns, Total: 163104 ns
[17.907s][info ][safepoint      ] Safepoint "ICBufferFull", Time since last: 4927526 ns, Reaching safepoint: 130603 ns, At safepoint: 27501 ns, Total: 158104 ns
[17.923s][info ][safepoint      ] Safepoint "ICBufferFull", Time since last: 16156611 ns, Reaching safepoint: 134004 ns, At safepoint: 27200 ns, Total: 161204 ns
[17.936s][info ][safepoint      ] Safepoint "ICBufferFull", Time since last: 12725925 ns, Reaching safepoint: 128203 ns, At safepoint: 25601 ns, Total: 153804 ns
[17.946s][info ][safepoint      ] Safepoint "ICBufferFull", Time since last: 9460241 ns, Reaching safepoint: 142003 ns, At safepoint: 28601 ns, Total: 170604 ns
[17.965s][info ][gc,start       ] GC(36) Pause Young (Allocation Failure)
[18.065s][debug][gc,phases      ] GC(36) Scavenge 99.447ms
[18.065s][debug][gc,ref         ] GC(36) Skipped phase 1 of Reference Processing: no references
[18.065s][debug][gc,ref         ] GC(36) ReferenceProcessor::execute queues: 1, RefProcThreadModel::Single, marks_oops_alive: false
[18.065s][debug][gc,ref         ] GC(36) Skipped phase 3 of Reference Processing: no references
[18.065s][debug][gc,ref         ] GC(36) ReferenceProcessor::execute queues: 1, RefProcThreadModel::Single, marks_oops_alive: false
[18.065s][debug][gc,phases      ] GC(36) Reference Processing 0.117ms
[18.065s][debug][gc,phases      ] GC(36)   VM Weak                        Min:  0.0, Avg:  0.0, Max:  0.0, Diff:  0.0, Sum:  0.0, Workers: 4
[18.065s][debug][gc,phases      ] GC(36)     Dead                           Min: 0, Avg:  0.0, Max: 0, Diff: 0, Sum: 0, Workers: 4
[18.065s][debug][gc,phases      ] GC(36)     Total                          Min: 0, Avg: 125.5, Max: 502, Diff: 502, Sum: 502, Workers: 4
[18.065s][debug][gc,phases      ] GC(36)   ObjectSynchronizer Weak        Min:  0.0, Avg:  0.0, Max:  0.0, Diff:  0.0, Sum:  0.0, Workers: 4
[18.065s][debug][gc,phases      ] GC(36)     Dead                           Min: 0, Avg:  0.0, Max: 0, Diff: 0, Sum: 0, Workers: 4
[18.065s][debug][gc,phases      ] GC(36)     Total                          Min: 0, Avg: 111.0, Max: 192, Diff: 192, Sum: 444, Workers: 4
[18.065s][debug][gc,phases      ] GC(36)   JVMTI Tag Weak OopStorage      Min:  0.0, Avg:  0.0, Max:  0.0, Diff:  0.0, Sum:  0.0, Workers: 4
[18.065s][debug][gc,phases      ] GC(36)     Dead                           Min: 0, Avg:  0.0, Max: 0, Diff: 0, Sum: 0, Workers: 4
[18.065s][debug][gc,phases      ] GC(36)     Total                          Min: 0, Avg:  0.0, Max: 0, Diff: 0, Sum: 0, Workers: 4
[18.065s][debug][gc,phases      ] GC(36)   StringTable Weak               Min:  0.1, Avg:  0.1, Max:  0.1, Diff:  0.0, Sum:  0.4, Workers: 4
[18.065s][debug][gc,phases      ] GC(36)     Dead                           Min: 0, Avg:  2.8, Max: 11, Diff: 11, Sum: 11, Workers: 4
[18.065s][debug][gc,phases      ] GC(36)     Total                          Min: 9856, Avg: 10541.5, Max: 11776, Diff: 1920, Sum: 42166, Workers: 4
[18.065s][debug][gc,phases      ] GC(36)   ResolvedMethodTable Weak       Min:  0.0, Avg:  0.0, Max:  0.0, Diff:  0.0, Sum:  0.1, Workers: 4
[18.065s][debug][gc,phases      ] GC(36)     Dead                           Min: 0, Avg:  0.0, Max: 0, Diff: 0, Sum: 0, Workers: 4
[18.065s][debug][gc,phases      ] GC(36)     Total                          Min: 1535, Avg: 1723.0, Max: 1965, Diff: 430, Sum: 6892, Workers: 4
[18.065s][debug][gc,phases      ] GC(36)   JNI Weak                       Min:  0.0, Avg:  0.0, Max:  0.0, Diff:  0.0, Sum:  0.0, Workers: 4
[18.065s][debug][gc,phases      ] GC(36)     Dead                           Min: 0, Avg:  0.0, Max: 0, Diff: 0, Sum: 0, Workers: 4
[18.065s][debug][gc,phases      ] GC(36)     Total                          Min: 0, Avg:  0.0, Max: 0, Diff: 0, Sum: 0, Workers: 4
[18.065s][debug][gc,phases      ] GC(36)   StringDedup Table Weak         Min:  0.0, Avg:  0.0, Max:  0.0, Diff:  0.0, Sum:  0.0, Workers: 4
[18.065s][debug][gc,phases      ] GC(36)     Dead                           Min: 0, Avg:  0.0, Max: 0, Diff: 0, Sum: 0, Workers: 4
[18.065s][debug][gc,phases      ] GC(36)     Total                          Min: 0, Avg:  0.0, Max: 0, Diff: 0, Sum: 0, Workers: 4
[18.065s][debug][gc,phases      ] GC(36)   StringDedup Requests0 Weak     Min:  0.0, Avg:  0.0, Max:  0.0, Diff:  0.0, Sum:  0.0, Workers: 4
[18.065s][debug][gc,phases      ] GC(36)     Dead                           Min: 0, Avg:  0.0, Max: 0, Diff: 0, Sum: 0, Workers: 4
[18.065s][debug][gc,phases      ] GC(36)     Total                          Min: 0, Avg:  0.0, Max: 0, Diff: 0, Sum: 0, Workers: 4
[18.065s][debug][gc,phases      ] GC(36)   StringDedup Requests1 Weak     Min:  0.0, Avg:  0.0, Max:  0.0, Diff:  0.0, Sum:  0.0, Workers: 4
[18.065s][debug][gc,phases      ] GC(36)     Dead                           Min: 0, Avg:  0.0, Max: 0, Diff: 0, Sum: 0, Workers: 4
[18.065s][debug][gc,phases      ] GC(36)     Total                          Min: 0, Avg:  0.0, Max: 0, Diff: 0, Sum: 0, Workers: 4
[18.065s][debug][gc,phases      ] GC(36)   Weak JFR Old Object Samples    Min:  0.0, Avg:  0.0, Max:  0.0, Diff:  0.0, Sum:  0.0, Workers: 4
[18.065s][debug][gc,phases      ] GC(36)     Dead                           Min: 0, Avg:  0.0, Max: 0, Diff: 0, Sum: 0, Workers: 4
[18.065s][debug][gc,phases      ] GC(36)     Total                          Min: 0, Avg:  0.0, Max: 0, Diff: 0, Sum: 0, Workers: 4
[18.065s][debug][gc,phases      ] GC(36) Weak Processing 0.321ms
[18.065s][debug][gc,age         ] GC(36) Desired survivor size 419430400 bytes, new threshold 15 (max threshold 15)
[18.065s][info ][gc,heap        ] GC(36) PSYoungGen: 1529840K(1685504K)->256816K(1684992K) Eden: 1273344K(1273344K)->0K(1273344K) From: 256496K(412160K)->256816K(411648K)
[18.065s][info ][gc,heap        ] GC(36) ParOldGen: 277382K(388096K)->277390K(388096K)
[18.065s][info ][gc,metaspace   ] GC(36) Metaspace: 66734K(67392K)->66734K(67392K) NonClass: 56989K(57344K)->56989K(57344K) Class: 9745K(10048K)->9745K(10048K)
[18.065s][info ][gc             ] GC(36) Pause Young (Allocation Failure) 1764M->521M(2024M) 100.019ms
[18.065s][info ][gc,cpu         ] GC(36) User=0.40s Sys=0.00s Real=0.10s
[18.065s][info ][safepoint      ] Safepoint "ParallelGCFailedAllocation", Time since last: 19197889 ns, Reaching safepoint: 137604 ns, At safepoint: 100131751 ns, Total: 100269355 ns
[18.082s][info ][safepoint      ] Safepoint "ICBufferFull", Time since last: 16534921 ns, Reaching safepoint: 269707 ns, At safepoint: 32401 ns, Total: 302108 ns
[18.120s][info ][safepoint      ] Safepoint "ICBufferFull", Time since last: 37947766 ns, Reaching safepoint: 145904 ns, At safepoint: 29201 ns, Total: 175105 ns
[18.135s][info ][safepoint      ] Safepoint "ICBufferFull", Time since last: 14903079 ns, Reaching safepoint: 116603 ns, At safepoint: 26001 ns, Total: 142604 ns
[18.168s][info ][safepoint      ] Safepoint "ICBufferFull", Time since last: 32124618 ns, Reaching safepoint: 135304 ns, At safepoint: 28301 ns, Total: 163605 ns
[18.175s][info ][safepoint      ] Safepoint "ICBufferFull", Time since last: 6324761 ns, Reaching safepoint: 1049626 ns, At safepoint: 26501 ns, Total: 1076127 ns
[18.221s][info ][safepoint      ] Safepoint "ICBufferFull", Time since last: 45388457 ns, Reaching safepoint: 159104 ns, At safepoint: 28400 ns, Total: 187504 ns
[18.256s][info ][safepoint      ] Safepoint "ICBufferFull", Time since last: 35595207 ns, Reaching safepoint: 136404 ns, At safepoint: 28300 ns, Total: 164704 ns
[18.264s][info ][safepoint      ] Safepoint "ICBufferFull", Time since last: 7091681 ns, Reaching safepoint: 119703 ns, At safepoint: 29301 ns, Total: 149004 ns
[18.316s][info ][gc,start       ] GC(37) Pause Young (Allocation Failure)
[18.416s][debug][gc,phases      ] GC(37) Scavenge 100.142ms
[18.416s][debug][gc,ref         ] GC(37) Skipped phase 1 of Reference Processing: no references
[18.416s][debug][gc,ref         ] GC(37) ReferenceProcessor::execute queues: 1, RefProcThreadModel::Single, marks_oops_alive: false
[18.416s][debug][gc,ref         ] GC(37) Skipped phase 3 of Reference Processing: no references
[18.416s][debug][gc,ref         ] GC(37) ReferenceProcessor::execute queues: 1, RefProcThreadModel::Single, marks_oops_alive: false
[18.416s][debug][gc,phases      ] GC(37) Reference Processing 0.131ms
[18.416s][debug][gc,phases      ] GC(37)   VM Weak                        Min:  0.0, Avg:  0.0, Max:  0.0, Diff:  0.0, Sum:  0.0, Workers: 4
[18.416s][debug][gc,phases      ] GC(37)     Dead                           Min: 0, Avg:  0.0, Max: 0, Diff: 0, Sum: 0, Workers: 4
[18.416s][debug][gc,phases      ] GC(37)     Total                          Min: 0, Avg: 125.5, Max: 502, Diff: 502, Sum: 502, Workers: 4
[18.416s][debug][gc,phases      ] GC(37)   ObjectSynchronizer Weak        Min:  0.0, Avg:  0.0, Max:  0.0, Diff:  0.0, Sum:  0.0, Workers: 4
[18.416s][debug][gc,phases      ] GC(37)     Dead                           Min: 0, Avg:  0.0, Max: 0, Diff: 0, Sum: 0, Workers: 4
[18.416s][debug][gc,phases      ] GC(37)     Total                          Min: 0, Avg: 111.0, Max: 252, Diff: 252, Sum: 444, Workers: 4
[18.416s][debug][gc,phases      ] GC(37)   JVMTI Tag Weak OopStorage      Min:  0.0, Avg:  0.0, Max:  0.0, Diff:  0.0, Sum:  0.0, Workers: 4
[18.416s][debug][gc,phases      ] GC(37)     Dead                           Min: 0, Avg:  0.0, Max: 0, Diff: 0, Sum: 0, Workers: 4
[18.416s][debug][gc,phases      ] GC(37)     Total                          Min: 0, Avg:  0.0, Max: 0, Diff: 0, Sum: 0, Workers: 4
[18.416s][debug][gc,phases      ] GC(37)   StringTable Weak               Min:  0.1, Avg:  0.1, Max:  0.1, Diff:  0.0, Sum:  0.4, Workers: 4
[18.416s][debug][gc,phases      ] GC(37)     Dead                           Min: 0, Avg:  2.8, Max: 11, Diff: 11, Sum: 11, Workers: 4
[18.416s][debug][gc,phases      ] GC(37)     Total                          Min: 9728, Avg: 10541.8, Max: 11264, Diff: 1536, Sum: 42167, Workers: 4
[18.416s][debug][gc,phases      ] GC(37)   ResolvedMethodTable Weak       Min:  0.0, Avg:  0.0, Max:  0.0, Diff:  0.0, Sum:  0.1, Workers: 4
[18.416s][debug][gc,phases      ] GC(37)     Dead                           Min: 0, Avg:  0.0, Max: 0, Diff: 0, Sum: 0, Workers: 4
[18.416s][debug][gc,phases      ] GC(37)     Total                          Min: 1599, Avg: 1723.0, Max: 1856, Diff: 257, Sum: 6892, Workers: 4
[18.416s][debug][gc,phases      ] GC(37)   JNI Weak                       Min:  0.0, Avg:  0.0, Max:  0.0, Diff:  0.0, Sum:  0.0, Workers: 4
[18.417s][debug][gc,phases      ] GC(37)     Dead                           Min: 0, Avg:  0.0, Max: 0, Diff: 0, Sum: 0, Workers: 4
[18.417s][debug][gc,phases      ] GC(37)     Total                          Min: 0, Avg:  0.0, Max: 0, Diff: 0, Sum: 0, Workers: 4
[18.417s][debug][gc,phases      ] GC(37)   StringDedup Table Weak         Min:  0.0, Avg:  0.0, Max:  0.0, Diff:  0.0, Sum:  0.0, Workers: 4
[18.417s][debug][gc,phases      ] GC(37)     Dead                           Min: 0, Avg:  0.0, Max: 0, Diff: 0, Sum: 0, Workers: 4
[18.417s][debug][gc,phases      ] GC(37)     Total                          Min: 0, Avg:  0.0, Max: 0, Diff: 0, Sum: 0, Workers: 4
[18.417s][debug][gc,phases      ] GC(37)   StringDedup Requests0 Weak     Min:  0.0, Avg:  0.0, Max:  0.0, Diff:  0.0, Sum:  0.0, Workers: 4
[18.417s][debug][gc,phases      ] GC(37)     Dead                           Min: 0, Avg:  0.0, Max: 0, Diff: 0, Sum: 0, Workers: 4
[18.417s][debug][gc,phases      ] GC(37)     Total                          Min: 0, Avg:  0.0, Max: 0, Diff: 0, Sum: 0, Workers: 4
[18.417s][debug][gc,phases      ] GC(37)   StringDedup Requests1 Weak     Min:  0.0, Avg:  0.0, Max:  0.0, Diff:  0.0, Sum:  0.0, Workers: 4
[18.417s][debug][gc,phases      ] GC(37)     Dead                           Min: 0, Avg:  0.0, Max: 0, Diff: 0, Sum: 0, Workers: 4
[18.417s][debug][gc,phases      ] GC(37)     Total                          Min: 0, Avg:  0.0, Max: 0, Diff: 0, Sum: 0, Workers: 4
[18.417s][debug][gc,phases      ] GC(37)   Weak JFR Old Object Samples    Min:  0.0, Avg:  0.0, Max:  0.0, Diff:  0.0, Sum:  0.0, Workers: 4
[18.417s][debug][gc,phases      ] GC(37)     Dead                           Min: 0, Avg:  0.0, Max: 0, Diff: 0, Sum: 0, Workers: 4
[18.417s][debug][gc,phases      ] GC(37)     Total                          Min: 0, Avg:  0.0, Max: 0, Diff: 0, Sum: 0, Workers: 4
[18.417s][debug][gc,phases      ] GC(37) Weak Processing 0.301ms
[18.417s][debug][gc,age         ] GC(37) Desired survivor size 416284672 bytes, new threshold 15 (max threshold 15)
[18.417s][info ][gc,heap        ] GC(37) PSYoungGen: 1530160K(1684992K)->257262K(1690624K) Eden: 1273344K(1273344K)->0K(1281024K) From: 256816K(411648K)->257262K(409600K)
[18.417s][info ][gc,heap        ] GC(37) ParOldGen: 277390K(388096K)->277398K(388096K)
[18.417s][info ][gc,metaspace   ] GC(37) Metaspace: 66740K(67392K)->66740K(67392K) NonClass: 56994K(57344K)->56994K(57344K) Class: 9745K(10048K)->9745K(10048K)
[18.417s][info ][gc             ] GC(37) Pause Young (Allocation Failure) 1765M->522M(2030M) 100.718ms
[18.417s][info ][gc,cpu         ] GC(37) User=0.40s Sys=0.00s Real=0.10s
[18.417s][info ][safepoint      ] Safepoint "ParallelGCFailedAllocation", Time since last: 52201830 ns, Reaching safepoint: 142303 ns, At safepoint: 100839269 ns, Total: 100981572 ns
[18.421s][info ][safepoint      ] Safepoint "ICBufferFull", Time since last: 4230808 ns, Reaching safepoint: 108503 ns, At safepoint: 33101 ns, Total: 141604 ns
[18.476s][info ][safepoint      ] Safepoint "ICBufferFull", Time since last: 54389185 ns, Reaching safepoint: 131704 ns, At safepoint: 28200 ns, Total: 159904 ns
[18.525s][info ][safepoint      ] Safepoint "ICBufferFull", Time since last: 48741342 ns, Reaching safepoint: 136804 ns, At safepoint: 28000 ns, Total: 164804 ns
[18.529s][info ][safepoint      ] Safepoint "ICBufferFull", Time since last: 3780297 ns, Reaching safepoint: 272707 ns, At safepoint: 36501 ns, Total: 309208 ns
[18.646s][info ][safepoint      ] Safepoint "ICBufferFull", Time since last: 117640997 ns, Reaching safepoint: 168004 ns, At safepoint: 26201 ns, Total: 194205 ns
[18.648s][info ][safepoint      ] Safepoint "ICBufferFull", Time since last: 1075427 ns, Reaching safepoint: 104803 ns, At safepoint: 28400 ns, Total: 133203 ns
[18.694s][info ][gc,start       ] GC(38) Pause Young (Allocation Failure)
[18.803s][debug][gc,phases      ] GC(38) Scavenge 108.311ms
[18.803s][debug][gc,ref         ] GC(38) Skipped phase 1 of Reference Processing: no references
[18.803s][debug][gc,ref         ] GC(38) ReferenceProcessor::execute queues: 1, RefProcThreadModel::Single, marks_oops_alive: false
[18.803s][debug][gc,ref         ] GC(38) Skipped phase 3 of Reference Processing: no references
[18.803s][debug][gc,ref         ] GC(38) ReferenceProcessor::execute queues: 1, RefProcThreadModel::Single, marks_oops_alive: false
[18.803s][debug][gc,phases      ] GC(38) Reference Processing 0.140ms
[18.803s][debug][gc,phases      ] GC(38)   VM Weak                        Min:  0.0, Avg:  0.0, Max:  0.0, Diff:  0.0, Sum:  0.0, Workers: 4
[18.803s][debug][gc,phases      ] GC(38)     Dead                           Min: 0, Avg:  0.0, Max: 0, Diff: 0, Sum: 0, Workers: 4
[18.803s][debug][gc,phases      ] GC(38)     Total                          Min: 0, Avg: 125.5, Max: 502, Diff: 502, Sum: 502, Workers: 4
[18.803s][debug][gc,phases      ] GC(38)   ObjectSynchronizer Weak        Min:  0.0, Avg:  0.0, Max:  0.0, Diff:  0.0, Sum:  0.0, Workers: 4
[18.803s][debug][gc,phases      ] GC(38)     Dead                           Min: 0, Avg:  0.0, Max: 0, Diff: 0, Sum: 0, Workers: 4
[18.803s][debug][gc,phases      ] GC(38)     Total                          Min: 0, Avg: 111.0, Max: 444, Diff: 444, Sum: 444, Workers: 4
[18.803s][debug][gc,phases      ] GC(38)   JVMTI Tag Weak OopStorage      Min:  0.0, Avg:  0.0, Max:  0.0, Diff:  0.0, Sum:  0.0, Workers: 4
[18.803s][debug][gc,phases      ] GC(38)     Dead                           Min: 0, Avg:  0.0, Max: 0, Diff: 0, Sum: 0, Workers: 4
[18.803s][debug][gc,phases      ] GC(38)     Total                          Min: 0, Avg:  0.0, Max: 0, Diff: 0, Sum: 0, Workers: 4
[18.803s][debug][gc,phases      ] GC(38)   StringTable Weak               Min:  0.1, Avg:  0.1, Max:  0.1, Diff:  0.0, Sum:  0.4, Workers: 4
[18.803s][debug][gc,phases      ] GC(38)     Dead                           Min: 0, Avg:  2.8, Max: 11, Diff: 11, Sum: 11, Workers: 4
[18.803s][debug][gc,phases      ] GC(38)     Total                          Min: 9333, Avg: 10545.0, Max: 12751, Diff: 3418, Sum: 42180, Workers: 4
[18.803s][debug][gc,phases      ] GC(38)   ResolvedMethodTable Weak       Min:  0.0, Avg:  0.0, Max:  0.0, Diff:  0.0, Sum:  0.1, Workers: 4
[18.803s][debug][gc,phases      ] GC(38)     Dead                           Min: 0, Avg:  0.0, Max: 0, Diff: 0, Sum: 0, Workers: 4
[18.803s][debug][gc,phases      ] GC(38)     Total                          Min: 707, Avg: 1728.8, Max: 2368, Diff: 1661, Sum: 6915, Workers: 4
[18.803s][debug][gc,phases      ] GC(38)   JNI Weak                       Min:  0.0, Avg:  0.0, Max:  0.0, Diff:  0.0, Sum:  0.0, Workers: 4
[18.803s][debug][gc,phases      ] GC(38)     Dead                           Min: 0, Avg:  0.0, Max: 0, Diff: 0, Sum: 0, Workers: 4
[18.803s][debug][gc,phases      ] GC(38)     Total                          Min: 0, Avg:  0.0, Max: 0, Diff: 0, Sum: 0, Workers: 4
[18.803s][debug][gc,phases      ] GC(38)   StringDedup Table Weak         Min:  0.0, Avg:  0.0, Max:  0.0, Diff:  0.0, Sum:  0.0, Workers: 4
[18.803s][debug][gc,phases      ] GC(38)     Dead                           Min: 0, Avg:  0.0, Max: 0, Diff: 0, Sum: 0, Workers: 4
[18.803s][debug][gc,phases      ] GC(38)     Total                          Min: 0, Avg:  0.0, Max: 0, Diff: 0, Sum: 0, Workers: 4
[18.803s][debug][gc,phases      ] GC(38)   StringDedup Requests0 Weak     Min:  0.0, Avg:  0.0, Max:  0.0, Diff:  0.0, Sum:  0.0, Workers: 4
[18.803s][debug][gc,phases      ] GC(38)     Dead                           Min: 0, Avg:  0.0, Max: 0, Diff: 0, Sum: 0, Workers: 4
[18.803s][debug][gc,phases      ] GC(38)     Total                          Min: 0, Avg:  0.0, Max: 0, Diff: 0, Sum: 0, Workers: 4
[18.803s][debug][gc,phases      ] GC(38)   StringDedup Requests1 Weak     Min:  0.0, Avg:  0.0, Max:  0.0, Diff:  0.0, Sum:  0.0, Workers: 4
[18.803s][debug][gc,phases      ] GC(38)     Dead                           Min: 0, Avg:  0.0, Max: 0, Diff: 0, Sum: 0, Workers: 4
[18.803s][debug][gc,phases      ] GC(38)     Total                          Min: 0, Avg:  0.0, Max: 0, Diff: 0, Sum: 0, Workers: 4
[18.803s][debug][gc,phases      ] GC(38)   Weak JFR Old Object Samples    Min:  0.0, Avg:  0.0, Max:  0.0, Diff:  0.0, Sum:  0.0, Workers: 4
[18.803s][debug][gc,phases      ] GC(38)     Dead                           Min: 0, Avg:  0.0, Max: 0, Diff: 0, Sum: 0, Workers: 4
[18.803s][debug][gc,phases      ] GC(38)     Total                          Min: 0, Avg:  0.0, Max: 0, Diff: 0, Sum: 0, Workers: 4
[18.803s][debug][gc,phases      ] GC(38) Weak Processing 0.332ms
[18.803s][debug][gc,age         ] GC(38) Desired survivor size 412614656 bytes, new threshold 15 (max threshold 15)
[18.803s][info ][gc,heap        ] GC(38) PSYoungGen: 1538286K(1690624K)->257104K(1687552K) Eden: 1281024K(1281024K)->0K(1281024K) From: 257262K(409600K)->257104K(406528K)
[18.803s][info ][gc,heap        ] GC(38) ParOldGen: 277398K(388096K)->279526K(388096K)
[18.803s][info ][gc,metaspace   ] GC(38) Metaspace: 66780K(67456K)->66780K(67456K) NonClass: 57027K(57408K)->57027K(57408K) Class: 9752K(10048K)->9752K(10048K)
[18.803s][info ][gc             ] GC(38) Pause Young (Allocation Failure) 1773M->524M(2027M) 108.920ms
[18.803s][info ][gc,cpu         ] GC(38) User=0.43s Sys=0.00s Real=0.11s
[18.803s][info ][safepoint      ] Safepoint "ParallelGCFailedAllocation", Time since last: 46594787 ns, Reaching safepoint: 141404 ns, At safepoint: 109028178 ns, Total: 109169582 ns
[18.866s][info ][safepoint      ] Safepoint "ICBufferFull", Time since last: 62024180 ns, Reaching safepoint: 101302 ns, At safepoint: 32501 ns, Total: 133803 ns
[18.873s][info ][safepoint      ] Safepoint "ICBufferFull", Time since last: 6865475 ns, Reaching safepoint: 114003 ns, At safepoint: 26501 ns, Total: 140504 ns
[18.991s][info ][safepoint      ] Safepoint "ICBufferFull", Time since last: 118222011 ns, Reaching safepoint: 144904 ns, At safepoint: 29701 ns, Total: 174605 ns
[19.016s][info ][safepoint      ] Safepoint "ICBufferFull", Time since last: 24574426 ns, Reaching safepoint: 164604 ns, At safepoint: 32101 ns, Total: 196705 ns
[19.046s][info ][gc,start       ] GC(39) Pause Young (Allocation Failure)
[19.158s][debug][gc,phases      ] GC(39) Scavenge 112.333ms
[19.158s][debug][gc,ref         ] GC(39) Skipped phase 1 of Reference Processing: no references
[19.158s][debug][gc,ref         ] GC(39) ReferenceProcessor::execute queues: 1, RefProcThreadModel::Single, marks_oops_alive: false
[19.158s][debug][gc,ref         ] GC(39) Skipped phase 3 of Reference Processing: no references
[19.158s][debug][gc,ref         ] GC(39) ReferenceProcessor::execute queues: 1, RefProcThreadModel::Single, marks_oops_alive: false
[19.158s][debug][gc,phases      ] GC(39) Reference Processing 0.134ms
[19.158s][debug][gc,phases      ] GC(39)   VM Weak                        Min:  0.0, Avg:  0.0, Max:  0.0, Diff:  0.0, Sum:  0.0, Workers: 4
[19.158s][debug][gc,phases      ] GC(39)     Dead                           Min: 0, Avg:  0.0, Max: 0, Diff: 0, Sum: 0, Workers: 4
[19.158s][debug][gc,phases      ] GC(39)     Total                          Min: 0, Avg: 126.8, Max: 507, Diff: 507, Sum: 507, Workers: 4
[19.158s][debug][gc,phases      ] GC(39)   ObjectSynchronizer Weak        Min:  0.0, Avg:  0.0, Max:  0.0, Diff:  0.0, Sum:  0.0, Workers: 4
[19.158s][debug][gc,phases      ] GC(39)     Dead                           Min: 0, Avg:  0.0, Max: 0, Diff: 0, Sum: 0, Workers: 4
[19.158s][debug][gc,phases      ] GC(39)     Total                          Min: 64, Avg: 111.0, Max: 188, Diff: 124, Sum: 444, Workers: 4
[19.158s][debug][gc,phases      ] GC(39)   JVMTI Tag Weak OopStorage      Min:  0.0, Avg:  0.0, Max:  0.0, Diff:  0.0, Sum:  0.0, Workers: 4
[19.158s][debug][gc,phases      ] GC(39)     Dead                           Min: 0, Avg:  0.0, Max: 0, Diff: 0, Sum: 0, Workers: 4
[19.158s][debug][gc,phases      ] GC(39)     Total                          Min: 0, Avg:  0.0, Max: 0, Diff: 0, Sum: 0, Workers: 4
[19.158s][debug][gc,phases      ] GC(39)   StringTable Weak               Min:  0.1, Avg:  0.1, Max:  0.1, Diff:  0.0, Sum:  0.4, Workers: 4
[19.158s][debug][gc,phases      ] GC(39)     Dead                           Min: 0, Avg:  0.0, Max: 0, Diff: 0, Sum: 0, Workers: 4
[19.158s][debug][gc,phases      ] GC(39)     Total                          Min: 10176, Avg: 10551.2, Max: 11456, Diff: 1280, Sum: 42205, Workers: 4
[19.158s][debug][gc,phases      ] GC(39)   ResolvedMethodTable Weak       Min:  0.0, Avg:  0.0, Max:  0.0, Diff:  0.0, Sum:  0.1, Workers: 4
[19.158s][debug][gc,phases      ] GC(39)     Dead                           Min: 0, Avg:  1.2, Max: 5, Diff: 5, Sum: 5, Workers: 4
[19.158s][debug][gc,phases      ] GC(39)     Total                          Min: 1535, Avg: 1739.8, Max: 1920, Diff: 385, Sum: 6959, Workers: 4
[19.158s][debug][gc,phases      ] GC(39)   JNI Weak                       Min:  0.0, Avg:  0.0, Max:  0.0, Diff:  0.0, Sum:  0.0, Workers: 4
[19.158s][debug][gc,phases      ] GC(39)     Dead                           Min: 0, Avg:  0.0, Max: 0, Diff: 0, Sum: 0, Workers: 4
[19.158s][debug][gc,phases      ] GC(39)     Total                          Min: 0, Avg:  0.0, Max: 0, Diff: 0, Sum: 0, Workers: 4
[19.158s][debug][gc,phases      ] GC(39)   StringDedup Table Weak         Min:  0.0, Avg:  0.0, Max:  0.0, Diff:  0.0, Sum:  0.0, Workers: 4
[19.158s][debug][gc,phases      ] GC(39)     Dead                           Min: 0, Avg:  0.0, Max: 0, Diff: 0, Sum: 0, Workers: 4
[19.158s][debug][gc,phases      ] GC(39)     Total                          Min: 0, Avg:  0.0, Max: 0, Diff: 0, Sum: 0, Workers: 4
[19.158s][debug][gc,phases      ] GC(39)   StringDedup Requests0 Weak     Min:  0.0, Avg:  0.0, Max:  0.0, Diff:  0.0, Sum:  0.0, Workers: 4
[19.158s][debug][gc,phases      ] GC(39)     Dead                           Min: 0, Avg:  0.0, Max: 0, Diff: 0, Sum: 0, Workers: 4
[19.158s][debug][gc,phases      ] GC(39)     Total                          Min: 0, Avg:  0.0, Max: 0, Diff: 0, Sum: 0, Workers: 4
[19.158s][debug][gc,phases      ] GC(39)   StringDedup Requests1 Weak     Min:  0.0, Avg:  0.0, Max:  0.0, Diff:  0.0, Sum:  0.0, Workers: 4
[19.158s][debug][gc,phases      ] GC(39)     Dead                           Min: 0, Avg:  0.0, Max: 0, Diff: 0, Sum: 0, Workers: 4
[19.158s][debug][gc,phases      ] GC(39)     Total                          Min: 0, Avg:  0.0, Max: 0, Diff: 0, Sum: 0, Workers: 4
[19.158s][debug][gc,phases      ] GC(39)   Weak JFR Old Object Samples    Min:  0.0, Avg:  0.0, Max:  0.0, Diff:  0.0, Sum:  0.0, Workers: 4
[19.158s][debug][gc,phases      ] GC(39)     Dead                           Min: 0, Avg:  0.0, Max: 0, Diff: 0, Sum: 0, Workers: 4
[19.158s][debug][gc,phases      ] GC(39)     Total                          Min: 0, Avg:  0.0, Max: 0, Diff: 0, Sum: 0, Workers: 4
[19.158s][debug][gc,phases      ] GC(39) Weak Processing 0.306ms
[19.158s][debug][gc,age         ] GC(39) Desired survivor size 400031744 bytes, new threshold 15 (max threshold 15)
[19.158s][info ][gc,heap        ] GC(39) PSYoungGen: 1538128K(1687552K)->237342K(1706496K) Eden: 1281024K(1281024K)->0K(1303552K) From: 257104K(406528K)->237342K(402944K)
[19.158s][info ][gc,heap        ] GC(39) ParOldGen: 279526K(388096K)->300502K(388096K)
[19.158s][info ][gc,metaspace   ] GC(39) Metaspace: 66898K(67520K)->66898K(67520K) NonClass: 57121K(57472K)->57121K(57472K) Class: 9777K(10048K)->9777K(10048K)
[19.158s][info ][gc             ] GC(39) Pause Young (Allocation Failure) 1775M->525M(2045M) 112.925ms
[19.158s][info ][gc,cpu         ] GC(39) User=0.44s Sys=0.02s Real=0.11s
[19.159s][info ][safepoint      ] Safepoint "ParallelGCFailedAllocation", Time since last: 29580454 ns, Reaching safepoint: 117903 ns, At safepoint: 113044680 ns, Total: 113162583 ns
[19.273s][info ][safepoint      ] Safepoint "ICBufferFull", Time since last: 114035705 ns, Reaching safepoint: 134103 ns, At safepoint: 30001 ns, Total: 164104 ns
[19.360s][info ][safepoint      ] Safepoint "ICBufferFull", Time since last: 87483629 ns, Reaching safepoint: 149703 ns, At safepoint: 29901 ns, Total: 179604 ns
[19.426s][info ][safepoint      ] Safepoint "ICBufferFull", Time since last: 64984956 ns, Reaching safepoint: 161504 ns, At safepoint: 25101 ns, Total: 186605 ns
[19.439s][info ][gc,start       ] GC(40) Pause Young (Allocation Failure)
[19.540s][debug][gc,phases      ] GC(40) Scavenge 100.962ms
[19.540s][debug][gc,ref         ] GC(40) Skipped phase 1 of Reference Processing: no references
[19.540s][debug][gc,ref         ] GC(40) ReferenceProcessor::execute queues: 1, RefProcThreadModel::Single, marks_oops_alive: false
[19.540s][debug][gc,ref         ] GC(40) Skipped phase 3 of Reference Processing: no references
[19.540s][debug][gc,ref         ] GC(40) ReferenceProcessor::execute queues: 1, RefProcThreadModel::Single, marks_oops_alive: false
[19.540s][debug][gc,phases      ] GC(40) Reference Processing 0.188ms
[19.540s][debug][gc,phases      ] GC(40)   VM Weak                        Min:  0.0, Avg:  0.0, Max:  0.0, Diff:  0.0, Sum:  0.0, Workers: 4
[19.540s][debug][gc,phases      ] GC(40)     Dead                           Min: 0, Avg:  0.0, Max: 0, Diff: 0, Sum: 0, Workers: 4
[19.540s][debug][gc,phases      ] GC(40)     Total                          Min: 0, Avg: 126.8, Max: 507, Diff: 507, Sum: 507, Workers: 4
[19.540s][debug][gc,phases      ] GC(40)   ObjectSynchronizer Weak        Min:  0.0, Avg:  0.0, Max:  0.0, Diff:  0.0, Sum:  0.0, Workers: 4
[19.540s][debug][gc,phases      ] GC(40)     Dead                           Min: 0, Avg:  0.0, Max: 0, Diff: 0, Sum: 0, Workers: 4
[19.540s][debug][gc,phases      ] GC(40)     Total                          Min: 0, Avg: 111.0, Max: 444, Diff: 444, Sum: 444, Workers: 4
[19.540s][debug][gc,phases      ] GC(40)   JVMTI Tag Weak OopStorage      Min:  0.0, Avg:  0.0, Max:  0.0, Diff:  0.0, Sum:  0.0, Workers: 4
[19.540s][debug][gc,phases      ] GC(40)     Dead                           Min: 0, Avg:  0.0, Max: 0, Diff: 0, Sum: 0, Workers: 4
[19.540s][debug][gc,phases      ] GC(40)     Total                          Min: 0, Avg:  0.0, Max: 0, Diff: 0, Sum: 0, Workers: 4
[19.540s][debug][gc,phases      ] GC(40)   StringTable Weak               Min:  0.1, Avg:  0.1, Max:  0.1, Diff:  0.0, Sum:  0.4, Workers: 4
[19.540s][debug][gc,phases      ] GC(40)     Dead                           Min: 0, Avg:  2.8, Max: 11, Diff: 11, Sum: 11, Workers: 4
[19.540s][debug][gc,phases      ] GC(40)     Total                          Min: 9472, Avg: 10555.8, Max: 12783, Diff: 3311, Sum: 42223, Workers: 4
[19.540s][debug][gc,phases      ] GC(40)   ResolvedMethodTable Weak       Min:  0.0, Avg:  0.0, Max:  0.0, Diff:  0.0, Sum:  0.1, Workers: 4
[19.540s][debug][gc,phases      ] GC(40)     Dead                           Min: 0, Avg:  0.0, Max: 0, Diff: 0, Sum: 0, Workers: 4
[19.540s][debug][gc,phases      ] GC(40)     Total                          Min: 1599, Avg: 1739.8, Max: 1856, Diff: 257, Sum: 6959, Workers: 4
[19.540s][debug][gc,phases      ] GC(40)   JNI Weak                       Min:  0.0, Avg:  0.0, Max:  0.0, Diff:  0.0, Sum:  0.0, Workers: 4
[19.540s][debug][gc,phases      ] GC(40)     Dead                           Min: 0, Avg:  0.0, Max: 0, Diff: 0, Sum: 0, Workers: 4
[19.540s][debug][gc,phases      ] GC(40)     Total                          Min: 0, Avg:  0.2, Max: 1, Diff: 1, Sum: 1, Workers: 4
[19.540s][debug][gc,phases      ] GC(40)   StringDedup Table Weak         Min:  0.0, Avg:  0.0, Max:  0.0, Diff:  0.0, Sum:  0.0, Workers: 4
[19.540s][debug][gc,phases      ] GC(40)     Dead                           Min: 0, Avg:  0.0, Max: 0, Diff: 0, Sum: 0, Workers: 4
[19.540s][debug][gc,phases      ] GC(40)     Total                          Min: 0, Avg:  0.0, Max: 0, Diff: 0, Sum: 0, Workers: 4
[19.540s][debug][gc,phases      ] GC(40)   StringDedup Requests0 Weak     Min:  0.0, Avg:  0.0, Max:  0.0, Diff:  0.0, Sum:  0.0, Workers: 4
[19.540s][debug][gc,phases      ] GC(40)     Dead                           Min: 0, Avg:  0.0, Max: 0, Diff: 0, Sum: 0, Workers: 4
[19.540s][debug][gc,phases      ] GC(40)     Total                          Min: 0, Avg:  0.0, Max: 0, Diff: 0, Sum: 0, Workers: 4
[19.540s][debug][gc,phases      ] GC(40)   StringDedup Requests1 Weak     Min:  0.0, Avg:  0.0, Max:  0.0, Diff:  0.0, Sum:  0.0, Workers: 4
[19.540s][debug][gc,phases      ] GC(40)     Dead                           Min: 0, Avg:  0.0, Max: 0, Diff: 0, Sum: 0, Workers: 4
[19.540s][debug][gc,phases      ] GC(40)     Total                          Min: 0, Avg:  0.0, Max: 0, Diff: 0, Sum: 0, Workers: 4
[19.540s][debug][gc,phases      ] GC(40)   Weak JFR Old Object Samples    Min:  0.0, Avg:  0.0, Max:  0.0, Diff:  0.0, Sum:  0.0, Workers: 4
[19.540s][debug][gc,phases      ] GC(40)     Dead                           Min: 0, Avg:  0.0, Max: 0, Diff: 0, Sum: 0, Workers: 4
[19.540s][debug][gc,phases      ] GC(40)     Total                          Min: 0, Avg:  0.0, Max: 0, Diff: 0, Sum: 0, Workers: 4
[19.540s][debug][gc,phases      ] GC(40) Weak Processing 0.343ms
[19.540s][debug][gc,age         ] GC(40) Desired survivor size 383778816 bytes, new threshold 15 (max threshold 15)
[19.540s][info ][gc,heap        ] GC(40) PSYoungGen: 1540894K(1706496K)->217328K(1694208K) Eden: 1303552K(1303552K)->0K(1303552K) From: 237342K(402944K)->217328K(390656K)
[19.540s][info ][gc,heap        ] GC(40) ParOldGen: 300502K(388096K)->320790K(388096K)
[19.540s][info ][gc,metaspace   ] GC(40) Metaspace: 66932K(67584K)->66932K(67584K) NonClass: 57155K(57536K)->57155K(57536K) Class: 9777K(10048K)->9777K(10048K)
[19.540s][info ][gc             ] GC(40) Pause Young (Allocation Failure) 1798M->525M(2033M) 101.630ms
[19.540s][info ][gc,cpu         ] GC(40) User=0.39s Sys=0.01s Real=0.10s
[19.540s][info ][safepoint      ] Safepoint "ParallelGCFailedAllocation", Time since last: 13006331 ns, Reaching safepoint: 116403 ns, At safepoint: 101746292 ns, Total: 101862695 ns
[19.638s][info ][safepoint      ] Safepoint "ICBufferFull", Time since last: 97869993 ns, Reaching safepoint: 158504 ns, At safepoint: 35001 ns, Total: 193505 ns
[19.714s][info ][safepoint      ] Safepoint "ICBufferFull", Time since last: 75360820 ns, Reaching safepoint: 145504 ns, At safepoint: 36701 ns, Total: 182205 ns
[19.764s][info ][safepoint      ] Safepoint "ICBufferFull", Time since last: 49514161 ns, Reaching safepoint: 148804 ns, At safepoint: 27701 ns, Total: 176505 ns
[19.794s][info ][gc,start       ] GC(41) Pause Young (Allocation Failure)
[19.888s][debug][gc,phases      ] GC(41) Scavenge 93.386ms
[19.888s][debug][gc,ref         ] GC(41) Skipped phase 1 of Reference Processing: no references
[19.888s][debug][gc,ref         ] GC(41) ReferenceProcessor::execute queues: 1, RefProcThreadModel::Single, marks_oops_alive: false
[19.888s][debug][gc,ref         ] GC(41) Skipped phase 3 of Reference Processing: no references
[19.888s][debug][gc,ref         ] GC(41) ReferenceProcessor::execute queues: 1, RefProcThreadModel::Single, marks_oops_alive: false
[19.888s][debug][gc,phases      ] GC(41) Reference Processing 0.150ms
[19.888s][debug][gc,phases      ] GC(41)   VM Weak                        Min:  0.0, Avg:  0.0, Max:  0.0, Diff:  0.0, Sum:  0.0, Workers: 4
[19.888s][debug][gc,phases      ] GC(41)     Dead                           Min: 0, Avg:  0.0, Max: 0, Diff: 0, Sum: 0, Workers: 4
[19.888s][debug][gc,phases      ] GC(41)     Total                          Min: 0, Avg: 126.8, Max: 507, Diff: 507, Sum: 507, Workers: 4
[19.888s][debug][gc,phases      ] GC(41)   ObjectSynchronizer Weak        Min:  0.0, Avg:  0.0, Max:  0.0, Diff:  0.0, Sum:  0.0, Workers: 4
[19.888s][debug][gc,phases      ] GC(41)     Dead                           Min: 0, Avg:  0.0, Max: 0, Diff: 0, Sum: 0, Workers: 4
[19.888s][debug][gc,phases      ] GC(41)     Total                          Min: 0, Avg: 111.0, Max: 316, Diff: 316, Sum: 444, Workers: 4
[19.888s][debug][gc,phases      ] GC(41)   JVMTI Tag Weak OopStorage      Min:  0.0, Avg:  0.0, Max:  0.0, Diff:  0.0, Sum:  0.0, Workers: 4
[19.888s][debug][gc,phases      ] GC(41)     Dead                           Min: 0, Avg:  0.0, Max: 0, Diff: 0, Sum: 0, Workers: 4
[19.888s][debug][gc,phases      ] GC(41)     Total                          Min: 0, Avg:  0.0, Max: 0, Diff: 0, Sum: 0, Workers: 4
[19.888s][debug][gc,phases      ] GC(41)   StringTable Weak               Min:  0.1, Avg:  0.1, Max:  0.1, Diff:  0.0, Sum:  0.4, Workers: 4
[19.888s][debug][gc,phases      ] GC(41)     Dead                           Min: 0, Avg:  2.8, Max: 11, Diff: 11, Sum: 11, Workers: 4
[19.888s][debug][gc,phases      ] GC(41)     Total                          Min: 10048, Avg: 10557.5, Max: 11008, Diff: 960, Sum: 42230, Workers: 4
[19.888s][debug][gc,phases      ] GC(41)   ResolvedMethodTable Weak       Min:  0.0, Avg:  0.0, Max:  0.0, Diff:  0.0, Sum:  0.1, Workers: 4
[19.888s][debug][gc,phases      ] GC(41)     Dead                           Min: 0, Avg:  0.0, Max: 0, Diff: 0, Sum: 0, Workers: 4
[19.888s][debug][gc,phases      ] GC(41)     Total                          Min: 1536, Avg: 1741.2, Max: 1984, Diff: 448, Sum: 6965, Workers: 4
[19.888s][debug][gc,phases      ] GC(41)   JNI Weak                       Min:  0.0, Avg:  0.0, Max:  0.0, Diff:  0.0, Sum:  0.0, Workers: 4
[19.888s][debug][gc,phases      ] GC(41)     Dead                           Min: 0, Avg:  0.0, Max: 0, Diff: 0, Sum: 0, Workers: 4
[19.888s][debug][gc,phases      ] GC(41)     Total                          Min: 0, Avg:  0.0, Max: 0, Diff: 0, Sum: 0, Workers: 4
[19.888s][debug][gc,phases      ] GC(41)   StringDedup Table Weak         Min:  0.0, Avg:  0.0, Max:  0.0, Diff:  0.0, Sum:  0.0, Workers: 4
[19.888s][debug][gc,phases      ] GC(41)     Dead                           Min: 0, Avg:  0.0, Max: 0, Diff: 0, Sum: 0, Workers: 4
[19.888s][debug][gc,phases      ] GC(41)     Total                          Min: 0, Avg:  0.0, Max: 0, Diff: 0, Sum: 0, Workers: 4
[19.888s][debug][gc,phases      ] GC(41)   StringDedup Requests0 Weak     Min:  0.0, Avg:  0.0, Max:  0.0, Diff:  0.0, Sum:  0.0, Workers: 4
[19.888s][debug][gc,phases      ] GC(41)     Dead                           Min: 0, Avg:  0.0, Max: 0, Diff: 0, Sum: 0, Workers: 4
[19.888s][debug][gc,phases      ] GC(41)     Total                          Min: 0, Avg:  0.0, Max: 0, Diff: 0, Sum: 0, Workers: 4
[19.888s][debug][gc,phases      ] GC(41)   StringDedup Requests1 Weak     Min:  0.0, Avg:  0.0, Max:  0.0, Diff:  0.0, Sum:  0.0, Workers: 4
[19.888s][debug][gc,phases      ] GC(41)     Dead                           Min: 0, Avg:  0.0, Max: 0, Diff: 0, Sum: 0, Workers: 4
[19.888s][debug][gc,phases      ] GC(41)     Total                          Min: 0, Avg:  0.0, Max: 0, Diff: 0, Sum: 0, Workers: 4
[19.888s][debug][gc,phases      ] GC(41)   Weak JFR Old Object Samples    Min:  0.0, Avg:  0.0, Max:  0.0, Diff:  0.0, Sum:  0.0, Workers: 4
[19.888s][debug][gc,phases      ] GC(41)     Dead                           Min: 0, Avg:  0.0, Max: 0, Diff: 0, Sum: 0, Workers: 4
[19.888s][debug][gc,phases      ] GC(41)     Total                          Min: 0, Avg:  0.0, Max: 0, Diff: 0, Sum: 0, Workers: 4
[19.888s][debug][gc,phases      ] GC(41) Weak Processing 0.320ms
[19.888s][debug][gc,age         ] GC(41) Desired survivor size 376963072 bytes, new threshold 15 (max threshold 15)
[19.888s][info ][gc,heap        ] GC(41) PSYoungGen: 1520880K(1694208K)->170288K(1729024K) Eden: 1303552K(1303552K)->0K(1354240K) From: 217328K(390656K)->170288K(374784K)
[19.888s][info ][gc,heap        ] GC(41) ParOldGen: 320790K(388096K)->369158K(388096K)
[19.888s][info ][gc,metaspace   ] GC(41) Metaspace: 66944K(67584K)->66944K(67584K) NonClass: 57164K(57536K)->57164K(57536K) Class: 9780K(10048K)->9780K(10048K)
[19.888s][info ][gc             ] GC(41) Pause Young (Allocation Failure) 1798M->526M(2067M) 94.003ms
[19.888s][info ][gc,cpu         ] GC(41) User=0.35s Sys=0.03s Real=0.09s
[19.889s][debug][gc,phases      ] GC(42) Pre Compact 0.008ms
[19.889s][info ][gc,start       ] GC(42) Pause Full (Ergonomics)
[19.889s][info ][gc,phases,start] GC(42) Marking Phase
[20.074s][debug][gc,phases      ] GC(42) Par Mark 185.549ms
[20.074s][debug][gc,ref         ] GC(42) Skipped phase 1 of Reference Processing: no references
[20.074s][debug][gc,ref         ] GC(42) ReferenceProcessor::execute queues: 4, RefProcThreadModel::Multi, marks_oops_alive: false
[20.074s][debug][gc,ref         ] GC(42) Skipped phase 3 of Reference Processing: no references
[20.074s][debug][gc,ref         ] GC(42) ReferenceProcessor::execute queues: 1, RefProcThreadModel::Single, marks_oops_alive: false
[20.074s][debug][gc,phases      ] GC(42) Reference Processing 0.322ms
[20.075s][debug][gc,phases      ] GC(42)   VM Weak                        Min:  0.0, Avg:  0.0, Max:  0.0, Diff:  0.0, Sum:  0.0, Workers: 4
[20.075s][debug][gc,phases      ] GC(42)     Dead                           Min: 0, Avg:  0.0, Max: 0, Diff: 0, Sum: 0, Workers: 4
[20.075s][debug][gc,phases      ] GC(42)     Total                          Min: 0, Avg: 126.8, Max: 320, Diff: 320, Sum: 507, Workers: 4
[20.075s][debug][gc,phases      ] GC(42)   ObjectSynchronizer Weak        Min:  0.0, Avg:  0.0, Max:  0.0, Diff:  0.0, Sum:  0.0, Workers: 4
[20.075s][debug][gc,phases      ] GC(42)     Dead                           Min: 0, Avg:  0.8, Max: 3, Diff: 3, Sum: 3, Workers: 4
[20.075s][debug][gc,phases      ] GC(42)     Total                          Min: 0, Avg: 111.0, Max: 188, Diff: 188, Sum: 444, Workers: 4
[20.075s][debug][gc,phases      ] GC(42)   JVMTI Tag Weak OopStorage      Min:  0.0, Avg:  0.0, Max:  0.0, Diff:  0.0, Sum:  0.0, Workers: 4
[20.075s][debug][gc,phases      ] GC(42)     Dead                           Min: 0, Avg:  0.0, Max: 0, Diff: 0, Sum: 0, Workers: 4
[20.075s][debug][gc,phases      ] GC(42)     Total                          Min: 0, Avg:  0.0, Max: 0, Diff: 0, Sum: 0, Workers: 4
[20.075s][debug][gc,phases      ] GC(42)   StringTable Weak               Min:  0.1, Avg:  0.1, Max:  0.1, Diff:  0.0, Sum:  0.6, Workers: 4
[20.075s][debug][gc,phases      ] GC(42)     Dead                           Min: 0, Avg:  0.0, Max: 0, Diff: 0, Sum: 0, Workers: 4
[20.075s][debug][gc,phases      ] GC(42)     Total                          Min: 10048, Avg: 10557.5, Max: 11392, Diff: 1344, Sum: 42230, Workers: 4
[20.075s][debug][gc,phases      ] GC(42)   ResolvedMethodTable Weak       Min:  0.0, Avg:  0.0, Max:  0.0, Diff:  0.0, Sum:  0.1, Workers: 4
[20.075s][debug][gc,phases      ] GC(42)     Dead                           Min: 0, Avg:  0.0, Max: 0, Diff: 0, Sum: 0, Workers: 4
[20.075s][debug][gc,phases      ] GC(42)     Total                          Min: 1664, Avg: 1741.2, Max: 1856, Diff: 192, Sum: 6965, Workers: 4
[20.075s][debug][gc,phases      ] GC(42)   JNI Weak                       Min:  0.0, Avg:  0.0, Max:  0.0, Diff:  0.0, Sum:  0.0, Workers: 4
[20.075s][debug][gc,phases      ] GC(42)     Dead                           Min: 0, Avg:  0.0, Max: 0, Diff: 0, Sum: 0, Workers: 4
[20.075s][debug][gc,phases      ] GC(42)     Total                          Min: 0, Avg:  0.0, Max: 0, Diff: 0, Sum: 0, Workers: 4
[20.075s][debug][gc,phases      ] GC(42)   StringDedup Table Weak         Min:  0.0, Avg:  0.0, Max:  0.0, Diff:  0.0, Sum:  0.0, Workers: 4
[20.075s][debug][gc,phases      ] GC(42)     Dead                           Min: 0, Avg:  0.0, Max: 0, Diff: 0, Sum: 0, Workers: 4
[20.075s][debug][gc,phases      ] GC(42)     Total                          Min: 0, Avg:  0.0, Max: 0, Diff: 0, Sum: 0, Workers: 4
[20.075s][debug][gc,phases      ] GC(42)   StringDedup Requests0 Weak     Min:  0.0, Avg:  0.0, Max:  0.0, Diff:  0.0, Sum:  0.0, Workers: 4
[20.075s][debug][gc,phases      ] GC(42)     Dead                           Min: 0, Avg:  0.0, Max: 0, Diff: 0, Sum: 0, Workers: 4
[20.075s][debug][gc,phases      ] GC(42)     Total                          Min: 0, Avg:  0.0, Max: 0, Diff: 0, Sum: 0, Workers: 4
[20.075s][debug][gc,phases      ] GC(42)   StringDedup Requests1 Weak     Min:  0.0, Avg:  0.0, Max:  0.0, Diff:  0.0, Sum:  0.0, Workers: 4
[20.075s][debug][gc,phases      ] GC(42)     Dead                           Min: 0, Avg:  0.0, Max: 0, Diff: 0, Sum: 0, Workers: 4
[20.075s][debug][gc,phases      ] GC(42)     Total                          Min: 0, Avg:  0.0, Max: 0, Diff: 0, Sum: 0, Workers: 4
[20.075s][debug][gc,phases      ] GC(42)   Weak JFR Old Object Samples    Min:  0.0, Avg:  0.0, Max:  0.0, Diff:  0.0, Sum:  0.0, Workers: 4
[20.075s][debug][gc,phases      ] GC(42)     Dead                           Min: 0, Avg:  0.0, Max: 0, Diff: 0, Sum: 0, Workers: 4
[20.075s][debug][gc,phases      ] GC(42)     Total                          Min: 0, Avg:  0.0, Max: 0, Diff: 0, Sum: 0, Workers: 4
[20.075s][debug][gc,phases      ] GC(42) Weak Processing 0.359ms
[20.075s][debug][gc,phases      ] GC(42) ClassLoaderData 0.075ms
[20.075s][debug][gc,phases      ] GC(42) Trigger cleanups 0.000ms
[20.084s][debug][gc,phases      ] GC(42) Class Unloading 8.796ms
[20.084s][info ][gc,phases      ] GC(42) Marking Phase 195.132ms
[20.084s][info ][gc,phases,start] GC(42) Summary Phase
[20.084s][info ][gc,phases      ] GC(42) Summary Phase 0.011ms
[20.084s][info ][gc,phases,start] GC(42) Adjust Roots
[20.091s][info ][gc,phases      ] GC(42) Adjust Roots 7.486ms
[20.091s][info ][gc,phases,start] GC(42) Compaction Phase
[20.581s][info ][gc,phases      ] GC(42) Compaction Phase 489.745ms
[20.581s][info ][gc,phases,start] GC(42) Post Compact
[20.583s][info ][gc,phases      ] GC(42) Post Compact 1.680ms
[20.583s][info ][gc,heap        ] GC(42) PSYoungGen: 170288K(1729024K)->150566K(1729024K) Eden: 0K(1354240K)->0K(1354240K) From: 170288K(374784K)->150566K(374784K)
[20.583s][info ][gc,heap        ] GC(42) ParOldGen: 369158K(388096K)->387837K(495104K)
[20.583s][info ][gc,metaspace   ] GC(42) Metaspace: 66944K(67584K)->66944K(67584K) NonClass: 57164K(57536K)->57164K(57536K) Class: 9780K(10048K)->9780K(10048K)
[20.583s][info ][gc             ] GC(42) Pause Full (Ergonomics) 526M->525M(2172M) 694.355ms
[20.583s][info ][gc,cpu         ] GC(42) User=2.71s Sys=0.00s Real=0.70s
[20.583s][info ][safepoint      ] Safepoint "ParallelGCFailedAllocation", Time since last: 30581679 ns, Reaching safepoint: 144003 ns, At safepoint: 788544489 ns, Total: 788688492 ns
[20.677s][info ][safepoint      ] Safepoint "ICBufferFull", Time since last: 93846691 ns, Reaching safepoint: 131603 ns, At safepoint: 34401 ns, Total: 166004 ns
[20.831s][info ][safepoint      ] Safepoint "ICBufferFull", Time since last: 153611014 ns, Reaching safepoint: 167804 ns, At safepoint: 28801 ns, Total: 196605 ns
[20.875s][info ][gc,start       ] GC(43) Pause Young (Allocation Failure)
[21.019s][debug][gc,phases      ] GC(43) Scavenge 143.725ms
[21.019s][debug][gc,ref         ] GC(43) Skipped phase 1 of Reference Processing: no references
[21.019s][debug][gc,ref         ] GC(43) ReferenceProcessor::execute queues: 1, RefProcThreadModel::Single, marks_oops_alive: false
[21.019s][debug][gc,ref         ] GC(43) Skipped phase 3 of Reference Processing: no references
[21.019s][debug][gc,ref         ] GC(43) ReferenceProcessor::execute queues: 1, RefProcThreadModel::Single, marks_oops_alive: false
[21.019s][debug][gc,phases      ] GC(43) Reference Processing 0.127ms
[21.019s][debug][gc,phases      ] GC(43)   VM Weak                        Min:  0.0, Avg:  0.0, Max:  0.0, Diff:  0.0, Sum:  0.0, Workers: 4
[21.019s][debug][gc,phases      ] GC(43)     Dead                           Min: 0, Avg:  0.0, Max: 0, Diff: 0, Sum: 0, Workers: 4
[21.019s][debug][gc,phases      ] GC(43)     Total                          Min: 0, Avg: 128.8, Max: 323, Diff: 323, Sum: 515, Workers: 4
[21.019s][debug][gc,phases      ] GC(43)   ObjectSynchronizer Weak        Min:  0.0, Avg:  0.0, Max:  0.0, Diff:  0.0, Sum:  0.0, Workers: 4
[21.019s][debug][gc,phases      ] GC(43)     Dead                           Min: 0, Avg:  0.0, Max: 0, Diff: 0, Sum: 0, Workers: 4
[21.019s][debug][gc,phases      ] GC(43)     Total                          Min: 0, Avg: 111.0, Max: 252, Diff: 252, Sum: 444, Workers: 4
[21.019s][debug][gc,phases      ] GC(43)   JVMTI Tag Weak OopStorage      Min:  0.0, Avg:  0.0, Max:  0.0, Diff:  0.0, Sum:  0.0, Workers: 4
[21.019s][debug][gc,phases      ] GC(43)     Dead                           Min: 0, Avg:  0.0, Max: 0, Diff: 0, Sum: 0, Workers: 4
[21.019s][debug][gc,phases      ] GC(43)     Total                          Min: 0, Avg:  0.0, Max: 0, Diff: 0, Sum: 0, Workers: 4
[21.019s][debug][gc,phases      ] GC(43)   StringTable Weak               Min:  0.1, Avg:  0.1, Max:  0.1, Diff:  0.0, Sum:  0.4, Workers: 4
[21.019s][debug][gc,phases      ] GC(43)     Dead                           Min: 0, Avg:  3.2, Max: 12, Diff: 12, Sum: 13, Workers: 4
[21.019s][debug][gc,phases      ] GC(43)     Total                          Min: 9792, Avg: 10566.2, Max: 11264, Diff: 1472, Sum: 42265, Workers: 4
[21.019s][debug][gc,phases      ] GC(43)   ResolvedMethodTable Weak       Min:  0.0, Avg:  0.0, Max:  0.0, Diff:  0.0, Sum:  0.1, Workers: 4
[21.019s][debug][gc,phases      ] GC(43)     Dead                           Min: 0, Avg:  0.0, Max: 0, Diff: 0, Sum: 0, Workers: 4
[21.019s][debug][gc,phases      ] GC(43)     Total                          Min: 1571, Avg: 1752.5, Max: 1856, Diff: 285, Sum: 7010, Workers: 4
[21.019s][debug][gc,phases      ] GC(43)   JNI Weak                       Min:  0.0, Avg:  0.0, Max:  0.0, Diff:  0.0, Sum:  0.0, Workers: 4
[21.019s][debug][gc,phases      ] GC(43)     Dead                           Min: 0, Avg:  0.0, Max: 0, Diff: 0, Sum: 0, Workers: 4
[21.019s][debug][gc,phases      ] GC(43)     Total                          Min: 0, Avg:  3.2, Max: 13, Diff: 13, Sum: 13, Workers: 4
[21.019s][debug][gc,phases      ] GC(43)   StringDedup Table Weak         Min:  0.0, Avg:  0.0, Max:  0.0, Diff:  0.0, Sum:  0.0, Workers: 4
[21.019s][debug][gc,phases      ] GC(43)     Dead                           Min: 0, Avg:  0.0, Max: 0, Diff: 0, Sum: 0, Workers: 4
[21.019s][debug][gc,phases      ] GC(43)     Total                          Min: 0, Avg:  0.0, Max: 0, Diff: 0, Sum: 0, Workers: 4
[21.019s][debug][gc,phases      ] GC(43)   StringDedup Requests0 Weak     Min:  0.0, Avg:  0.0, Max:  0.0, Diff:  0.0, Sum:  0.0, Workers: 4
[21.019s][debug][gc,phases      ] GC(43)     Dead                           Min: 0, Avg:  0.0, Max: 0, Diff: 0, Sum: 0, Workers: 4
[21.019s][debug][gc,phases      ] GC(43)     Total                          Min: 0, Avg:  0.0, Max: 0, Diff: 0, Sum: 0, Workers: 4
[21.019s][debug][gc,phases      ] GC(43)   StringDedup Requests1 Weak     Min:  0.0, Avg:  0.0, Max:  0.0, Diff:  0.0, Sum:  0.0, Workers: 4
[21.019s][debug][gc,phases      ] GC(43)     Dead                           Min: 0, Avg:  0.0, Max: 0, Diff: 0, Sum: 0, Workers: 4
[21.019s][debug][gc,phases      ] GC(43)     Total                          Min: 0, Avg:  0.0, Max: 0, Diff: 0, Sum: 0, Workers: 4
[21.019s][debug][gc,phases      ] GC(43)   Weak JFR Old Object Samples    Min:  0.0, Avg:  0.0, Max:  0.0, Diff:  0.0, Sum:  0.0, Workers: 4
[21.019s][debug][gc,phases      ] GC(43)     Dead                           Min: 0, Avg:  0.0, Max: 0, Diff: 0, Sum: 0, Workers: 4
[21.019s][debug][gc,phases      ] GC(43)     Total                          Min: 0, Avg:  0.0, Max: 0, Diff: 0, Sum: 0, Workers: 4
[21.019s][debug][gc,phases      ] GC(43) Weak Processing 0.318ms
[21.019s][debug][gc,age         ] GC(43) Desired survivor size 397934592 bytes, new threshold 15 (max threshold 15)
[21.020s][info ][gc,heap        ] GC(43) PSYoungGen: 1504806K(1729024K)->8128K(1362432K) Eden: 1354240K(1354240K)->0K(1354240K) From: 150566K(374784K)->8128K(8192K)
[21.020s][info ][gc,heap        ] GC(43) ParOldGen: 387837K(495104K)->532757K(532992K)
[21.020s][info ][gc,metaspace   ] GC(43) Metaspace: 67100K(67776K)->67100K(67776K) NonClass: 57300K(57664K)->57300K(57664K) Class: 9799K(10112K)->9799K(10112K)
[21.020s][info ][gc             ] GC(43) Pause Young (Allocation Failure) 1848M->528M(1851M) 144.304ms
[21.020s][info ][gc,cpu         ] GC(43) User=0.50s Sys=0.08s Real=0.14s
[21.020s][debug][gc,phases      ] GC(44) Pre Compact 0.010ms
[21.020s][info ][gc,start       ] GC(44) Pause Full (Ergonomics)
[21.020s][info ][gc,phases,start] GC(44) Marking Phase
[21.206s][debug][gc,phases      ] GC(44) Par Mark 185.964ms
[21.206s][debug][gc,ref         ] GC(44) Skipped phase 1 of Reference Processing: no references
[21.206s][debug][gc,ref         ] GC(44) ReferenceProcessor::execute queues: 4, RefProcThreadModel::Multi, marks_oops_alive: false
[21.206s][debug][gc,ref         ] GC(44) Skipped phase 3 of Reference Processing: no references
[21.206s][debug][gc,ref         ] GC(44) ReferenceProcessor::execute queues: 1, RefProcThreadModel::Single, marks_oops_alive: false
[21.206s][debug][gc,phases      ] GC(44) Reference Processing 0.427ms
[21.206s][debug][gc,phases      ] GC(44)   VM Weak                        Min:  0.0, Avg:  0.0, Max:  0.0, Diff:  0.0, Sum:  0.0, Workers: 4
[21.206s][debug][gc,phases      ] GC(44)     Dead                           Min: 0, Avg:  0.0, Max: 0, Diff: 0, Sum: 0, Workers: 4
[21.206s][debug][gc,phases      ] GC(44)     Total                          Min: 0, Avg: 128.8, Max: 192, Diff: 192, Sum: 515, Workers: 4
[21.206s][debug][gc,phases      ] GC(44)   ObjectSynchronizer Weak        Min:  0.0, Avg:  0.0, Max:  0.0, Diff:  0.0, Sum:  0.0, Workers: 4
[21.206s][debug][gc,phases      ] GC(44)     Dead                           Min: 0, Avg:  0.0, Max: 0, Diff: 0, Sum: 0, Workers: 4
[21.206s][debug][gc,phases      ] GC(44)     Total                          Min: 0, Avg: 111.0, Max: 192, Diff: 192, Sum: 444, Workers: 4
[21.206s][debug][gc,phases      ] GC(44)   JVMTI Tag Weak OopStorage      Min:  0.0, Avg:  0.0, Max:  0.0, Diff:  0.0, Sum:  0.0, Workers: 4
[21.206s][debug][gc,phases      ] GC(44)     Dead                           Min: 0, Avg:  0.0, Max: 0, Diff: 0, Sum: 0, Workers: 4
[21.206s][debug][gc,phases      ] GC(44)     Total                          Min: 0, Avg:  0.0, Max: 0, Diff: 0, Sum: 0, Workers: 4
[21.206s][debug][gc,phases      ] GC(44)   StringTable Weak               Min:  0.2, Avg:  0.2, Max:  0.2, Diff:  0.0, Sum:  0.7, Workers: 4
[21.206s][debug][gc,phases      ] GC(44)     Dead                           Min: 0, Avg:  0.0, Max: 0, Diff: 0, Sum: 0, Workers: 4
[21.206s][debug][gc,phases      ] GC(44)     Total                          Min: 8960, Avg: 10566.2, Max: 11392, Diff: 2432, Sum: 42265, Workers: 4
[21.206s][debug][gc,phases      ] GC(44)   ResolvedMethodTable Weak       Min:  0.0, Avg:  0.0, Max:  0.0, Diff:  0.0, Sum:  0.1, Workers: 4
[21.206s][debug][gc,phases      ] GC(44)     Dead                           Min: 0, Avg:  0.0, Max: 0, Diff: 0, Sum: 0, Workers: 4
[21.206s][debug][gc,phases      ] GC(44)     Total                          Min: 1408, Avg: 1752.5, Max: 1920, Diff: 512, Sum: 7010, Workers: 4
[21.206s][debug][gc,phases      ] GC(44)   JNI Weak                       Min:  0.0, Avg:  0.0, Max:  0.0, Diff:  0.0, Sum:  0.0, Workers: 4
[21.206s][debug][gc,phases      ] GC(44)     Dead                           Min: 0, Avg:  0.0, Max: 0, Diff: 0, Sum: 0, Workers: 4
[21.206s][debug][gc,phases      ] GC(44)     Total                          Min: 0, Avg:  3.2, Max: 13, Diff: 13, Sum: 13, Workers: 4
[21.206s][debug][gc,phases      ] GC(44)   StringDedup Table Weak         Min:  0.0, Avg:  0.0, Max:  0.0, Diff:  0.0, Sum:  0.0, Workers: 4
[21.206s][debug][gc,phases      ] GC(44)     Dead                           Min: 0, Avg:  0.0, Max: 0, Diff: 0, Sum: 0, Workers: 4
[21.206s][debug][gc,phases      ] GC(44)     Total                          Min: 0, Avg:  0.0, Max: 0, Diff: 0, Sum: 0, Workers: 4
[21.206s][debug][gc,phases      ] GC(44)   StringDedup Requests0 Weak     Min:  0.0, Avg:  0.0, Max:  0.0, Diff:  0.0, Sum:  0.0, Workers: 4
[21.206s][debug][gc,phases      ] GC(44)     Dead                           Min: 0, Avg:  0.0, Max: 0, Diff: 0, Sum: 0, Workers: 4
[21.206s][debug][gc,phases      ] GC(44)     Total                          Min: 0, Avg:  0.0, Max: 0, Diff: 0, Sum: 0, Workers: 4
[21.206s][debug][gc,phases      ] GC(44)   StringDedup Requests1 Weak     Min:  0.0, Avg:  0.0, Max:  0.0, Diff:  0.0, Sum:  0.0, Workers: 4
[21.206s][debug][gc,phases      ] GC(44)     Dead                           Min: 0, Avg:  0.0, Max: 0, Diff: 0, Sum: 0, Workers: 4
[21.206s][debug][gc,phases      ] GC(44)     Total                          Min: 0, Avg:  0.0, Max: 0, Diff: 0, Sum: 0, Workers: 4
[21.206s][debug][gc,phases      ] GC(44)   Weak JFR Old Object Samples    Min:  0.0, Avg:  0.0, Max:  0.0, Diff:  0.0, Sum:  0.0, Workers: 4
[21.206s][debug][gc,phases      ] GC(44)     Dead                           Min: 0, Avg:  0.0, Max: 0, Diff: 0, Sum: 0, Workers: 4
[21.206s][debug][gc,phases      ] GC(44)     Total                          Min: 0, Avg:  0.0, Max: 0, Diff: 0, Sum: 0, Workers: 4
[21.206s][debug][gc,phases      ] GC(44) Weak Processing 0.404ms
[21.207s][debug][gc,phases      ] GC(44) ClassLoaderData 0.072ms
[21.207s][debug][gc,phases      ] GC(44) Trigger cleanups 0.000ms
[21.215s][debug][gc,phases      ] GC(44) Class Unloading 8.842ms
[21.215s][info ][gc,phases      ] GC(44) Marking Phase 195.783ms
[21.215s][info ][gc,phases,start] GC(44) Summary Phase
[21.215s][info ][gc,phases      ] GC(44) Summary Phase 0.011ms
[21.215s][info ][gc,phases,start] GC(44) Adjust Roots
[21.222s][info ][gc,phases      ] GC(44) Adjust Roots 6.343ms
[21.222s][info ][gc,phases,start] GC(44) Compaction Phase
[21.561s][info ][gc,phases      ] GC(44) Compaction Phase 339.712ms
[21.562s][info ][gc,phases,start] GC(44) Post Compact
[21.563s][info ][gc,phases      ] GC(44) Post Compact 1.413ms
[21.563s][info ][gc,heap        ] GC(44) PSYoungGen: 8128K(1362432K)->7458K(1362432K) Eden: 0K(1354240K)->0K(1354240K) From: 8128K(8192K)->7458K(8192K)
[21.563s][info ][gc,heap        ] GC(44) ParOldGen: 532757K(532992K)->532542K(694784K)
[21.563s][info ][gc,metaspace   ] GC(44) Metaspace: 67100K(67776K)->67100K(67776K) NonClass: 57300K(57664K)->57300K(57664K) Class: 9799K(10112K)->9799K(10112K)
[21.563s][info ][gc             ] GC(44) Pause Full (Ergonomics) 528M->527M(2009M) 543.639ms
[21.563s][info ][gc,cpu         ] GC(44) User=2.07s Sys=0.00s Real=0.55s
[21.563s][info ][safepoint      ] Safepoint "ParallelGCFailedAllocation", Time since last: 44256927 ns, Reaching safepoint: 136304 ns, At safepoint: 688128930 ns, Total: 688265234 ns
[21.711s][info ][safepoint      ] Safepoint "ICBufferFull", Time since last: 147480857 ns, Reaching safepoint: 135304 ns, At safepoint: 29901 ns, Total: 165205 ns
[21.827s][info ][safepoint      ] Safepoint "ICBufferFull", Time since last: 116088357 ns, Reaching safepoint: 131503 ns, At safepoint: 24101 ns, Total: 155604 ns
[21.849s][info ][gc,start       ] GC(45) Pause Young (Allocation Failure)
[21.923s][debug][gc,phases      ] GC(45) Scavenge 74.438ms
[21.923s][debug][gc,ref         ] GC(45) Skipped phase 1 of Reference Processing: no references
[21.923s][debug][gc,ref         ] GC(45) ReferenceProcessor::execute queues: 1, RefProcThreadModel::Single, marks_oops_alive: false
[21.923s][debug][gc,ref         ] GC(45) Skipped phase 3 of Reference Processing: no references
[21.923s][debug][gc,ref         ] GC(45) Skipped phase 4 of Reference Processing: no references
[21.923s][debug][gc,phases      ] GC(45) Reference Processing 0.116ms
[21.924s][debug][gc,phases      ] GC(45)   VM Weak                        Min:  0.0, Avg:  0.0, Max:  0.0, Diff:  0.0, Sum:  0.0, Workers: 4
[21.924s][debug][gc,phases      ] GC(45)     Dead                           Min: 0, Avg:  0.0, Max: 0, Diff: 0, Sum: 0, Workers: 4
[21.924s][debug][gc,phases      ] GC(45)     Total                          Min: 0, Avg: 128.8, Max: 515, Diff: 515, Sum: 515, Workers: 4
[21.924s][debug][gc,phases      ] GC(45)   ObjectSynchronizer Weak        Min:  0.0, Avg:  0.0, Max:  0.0, Diff:  0.0, Sum:  0.0, Workers: 4
[21.924s][debug][gc,phases      ] GC(45)     Dead                           Min: 0, Avg:  0.0, Max: 0, Diff: 0, Sum: 0, Workers: 4
[21.924s][debug][gc,phases      ] GC(45)     Total                          Min: 0, Avg: 111.0, Max: 316, Diff: 316, Sum: 444, Workers: 4
[21.924s][debug][gc,phases      ] GC(45)   JVMTI Tag Weak OopStorage      Min:  0.0, Avg:  0.0, Max:  0.0, Diff:  0.0, Sum:  0.0, Workers: 4
[21.924s][debug][gc,phases      ] GC(45)     Dead                           Min: 0, Avg:  0.0, Max: 0, Diff: 0, Sum: 0, Workers: 4
[21.924s][debug][gc,phases      ] GC(45)     Total                          Min: 0, Avg:  0.0, Max: 0, Diff: 0, Sum: 0, Workers: 4
[21.924s][debug][gc,phases      ] GC(45)   StringTable Weak               Min:  0.1, Avg:  0.1, Max:  0.1, Diff:  0.0, Sum:  0.4, Workers: 4
[21.924s][debug][gc,phases      ] GC(45)     Dead                           Min: 0, Avg:  2.8, Max: 11, Diff: 11, Sum: 11, Workers: 4
[21.924s][debug][gc,phases      ] GC(45)     Total                          Min: 9909, Avg: 10566.2, Max: 12096, Diff: 2187, Sum: 42265, Workers: 4
[21.924s][debug][gc,phases      ] GC(45)   ResolvedMethodTable Weak       Min:  0.0, Avg:  0.0, Max:  0.0, Diff:  0.0, Sum:  0.1, Workers: 4
[21.924s][debug][gc,phases      ] GC(45)     Dead                           Min: 0, Avg:  0.0, Max: 0, Diff: 0, Sum: 0, Workers: 4
[21.924s][debug][gc,phases      ] GC(45)     Total                          Min: 1600, Avg: 1752.5, Max: 1984, Diff: 384, Sum: 7010, Workers: 4
[21.924s][debug][gc,phases      ] GC(45)   JNI Weak                       Min:  0.0, Avg:  0.0, Max:  0.0, Diff:  0.0, Sum:  0.0, Workers: 4
[21.924s][debug][gc,phases      ] GC(45)     Dead                           Min: 0, Avg:  0.0, Max: 0, Diff: 0, Sum: 0, Workers: 4
[21.924s][debug][gc,phases      ] GC(45)     Total                          Min: 0, Avg:  0.0, Max: 0, Diff: 0, Sum: 0, Workers: 4
[21.924s][debug][gc,phases      ] GC(45)   StringDedup Table Weak         Min:  0.0, Avg:  0.0, Max:  0.0, Diff:  0.0, Sum:  0.0, Workers: 4
[21.924s][debug][gc,phases      ] GC(45)     Dead                           Min: 0, Avg:  0.0, Max: 0, Diff: 0, Sum: 0, Workers: 4
[21.924s][debug][gc,phases      ] GC(45)     Total                          Min: 0, Avg:  0.0, Max: 0, Diff: 0, Sum: 0, Workers: 4
[21.924s][debug][gc,phases      ] GC(45)   StringDedup Requests0 Weak     Min:  0.0, Avg:  0.0, Max:  0.0, Diff:  0.0, Sum:  0.0, Workers: 4
[21.924s][debug][gc,phases      ] GC(45)     Dead                           Min: 0, Avg:  0.0, Max: 0, Diff: 0, Sum: 0, Workers: 4
[21.924s][debug][gc,phases      ] GC(45)     Total                          Min: 0, Avg:  0.0, Max: 0, Diff: 0, Sum: 0, Workers: 4
[21.924s][debug][gc,phases      ] GC(45)   StringDedup Requests1 Weak     Min:  0.0, Avg:  0.0, Max:  0.0, Diff:  0.0, Sum:  0.0, Workers: 4
[21.924s][debug][gc,phases      ] GC(45)     Dead                           Min: 0, Avg:  0.0, Max: 0, Diff: 0, Sum: 0, Workers: 4
[21.924s][debug][gc,phases      ] GC(45)     Total                          Min: 0, Avg:  0.0, Max: 0, Diff: 0, Sum: 0, Workers: 4
[21.924s][debug][gc,phases      ] GC(45)   Weak JFR Old Object Samples    Min:  0.0, Avg:  0.0, Max:  0.0, Diff:  0.0, Sum:  0.0, Workers: 4
[21.924s][debug][gc,phases      ] GC(45)     Dead                           Min: 0, Avg:  0.0, Max: 0, Diff: 0, Sum: 0, Workers: 4
[21.924s][debug][gc,phases      ] GC(45)     Total                          Min: 0, Avg:  0.0, Max: 0, Diff: 0, Sum: 0, Workers: 4
[21.924s][debug][gc,phases      ] GC(45) Weak Processing 0.310ms
[21.924s][debug][gc,age         ] GC(45) Desired survivor size 411041792 bytes, new threshold 15 (max threshold 15)
[21.924s][info ][gc,heap        ] GC(45) PSYoungGen: 1361698K(1362432K)->6112K(1682944K) Eden: 1354240K(1354240K)->0K(1294336K) From: 7458K(8192K)->6112K(388608K)
[21.924s][info ][gc,heap        ] GC(45) ParOldGen: 532542K(694784K)->535814K(694784K)
[21.924s][info ][gc,metaspace   ] GC(45) Metaspace: 67119K(67840K)->67119K(67840K) NonClass: 57319K(57728K)->57319K(57728K) Class: 9799K(10112K)->9799K(10112K)
[21.924s][info ][gc             ] GC(45) Pause Young (Allocation Failure) 1849M->529M(2322M) 75.025ms
[21.924s][info ][gc,cpu         ] GC(45) User=0.28s Sys=0.00s Real=0.08s
[21.924s][info ][safepoint      ] Safepoint "ParallelGCFailedAllocation", Time since last: 21369344 ns, Reaching safepoint: 137004 ns, At safepoint: 75127414 ns, Total: 75264418 ns
[22.069s][info ][safepoint      ] Safepoint "ICBufferFull", Time since last: 144616684 ns, Reaching safepoint: 157104 ns, At safepoint: 27501 ns, Total: 184605 ns
[22.154s][info ][gc,start       ] GC(46) Pause Young (Allocation Failure)
[22.160s][debug][gc,phases      ] GC(46) Scavenge 5.764ms
[22.160s][debug][gc,ref         ] GC(46) Skipped phase 1 of Reference Processing: no references
[22.160s][debug][gc,ref         ] GC(46) ReferenceProcessor::execute queues: 1, RefProcThreadModel::Single, marks_oops_alive: false
[22.160s][debug][gc,ref         ] GC(46) Skipped phase 3 of Reference Processing: no references
[22.160s][debug][gc,ref         ] GC(46) ReferenceProcessor::execute queues: 1, RefProcThreadModel::Single, marks_oops_alive: false
[22.160s][debug][gc,phases      ] GC(46) Reference Processing 0.115ms
[22.160s][debug][gc,phases      ] GC(46)   VM Weak                        Min:  0.0, Avg:  0.0, Max:  0.0, Diff:  0.0, Sum:  0.0, Workers: 4
[22.160s][debug][gc,phases      ] GC(46)     Dead                           Min: 0, Avg:  0.0, Max: 0, Diff: 0, Sum: 0, Workers: 4
[22.160s][debug][gc,phases      ] GC(46)     Total                          Min: 0, Avg: 129.0, Max: 516, Diff: 516, Sum: 516, Workers: 4
[22.160s][debug][gc,phases      ] GC(46)   ObjectSynchronizer Weak        Min:  0.0, Avg:  0.0, Max:  0.0, Diff:  0.0, Sum:  0.0, Workers: 4
[22.160s][debug][gc,phases      ] GC(46)     Dead                           Min: 0, Avg:  0.0, Max: 0, Diff: 0, Sum: 0, Workers: 4
[22.160s][debug][gc,phases      ] GC(46)     Total                          Min: 0, Avg: 111.0, Max: 380, Diff: 380, Sum: 444, Workers: 4
[22.160s][debug][gc,phases      ] GC(46)   JVMTI Tag Weak OopStorage      Min:  0.0, Avg:  0.0, Max:  0.0, Diff:  0.0, Sum:  0.0, Workers: 4
[22.160s][debug][gc,phases      ] GC(46)     Dead                           Min: 0, Avg:  0.0, Max: 0, Diff: 0, Sum: 0, Workers: 4
[22.160s][debug][gc,phases      ] GC(46)     Total                          Min: 0, Avg:  0.0, Max: 0, Diff: 0, Sum: 0, Workers: 4
[22.160s][debug][gc,phases      ] GC(46)   StringTable Weak               Min:  0.1, Avg:  0.1, Max:  0.1, Diff:  0.0, Sum:  0.4, Workers: 4
[22.160s][debug][gc,phases      ] GC(46)     Dead                           Min: 0, Avg:  2.8, Max: 9, Diff: 9, Sum: 11, Workers: 4
[22.160s][debug][gc,phases      ] GC(46)     Total                          Min: 9664, Avg: 10568.0, Max: 11456, Diff: 1792, Sum: 42272, Workers: 4
[22.160s][debug][gc,phases      ] GC(46)   ResolvedMethodTable Weak       Min:  0.0, Avg:  0.0, Max:  0.0, Diff:  0.0, Sum:  0.1, Workers: 4
[22.160s][debug][gc,phases      ] GC(46)     Dead                           Min: 0, Avg:  0.0, Max: 0, Diff: 0, Sum: 0, Workers: 4
[22.160s][debug][gc,phases      ] GC(46)     Total                          Min: 1512, Avg: 1754.0, Max: 2176, Diff: 664, Sum: 7016, Workers: 4
[22.160s][debug][gc,phases      ] GC(46)   JNI Weak                       Min:  0.0, Avg:  0.0, Max:  0.0, Diff:  0.0, Sum:  0.0, Workers: 4
[22.160s][debug][gc,phases      ] GC(46)     Dead                           Min: 0, Avg:  0.0, Max: 0, Diff: 0, Sum: 0, Workers: 4
[22.160s][debug][gc,phases      ] GC(46)     Total                          Min: 0, Avg:  0.0, Max: 0, Diff: 0, Sum: 0, Workers: 4
[22.160s][debug][gc,phases      ] GC(46)   StringDedup Table Weak         Min:  0.0, Avg:  0.0, Max:  0.0, Diff:  0.0, Sum:  0.0, Workers: 4
[22.160s][debug][gc,phases      ] GC(46)     Dead                           Min: 0, Avg:  0.0, Max: 0, Diff: 0, Sum: 0, Workers: 4
[22.160s][debug][gc,phases      ] GC(46)     Total                          Min: 0, Avg:  0.0, Max: 0, Diff: 0, Sum: 0, Workers: 4
[22.160s][debug][gc,phases      ] GC(46)   StringDedup Requests0 Weak     Min:  0.0, Avg:  0.0, Max:  0.0, Diff:  0.0, Sum:  0.0, Workers: 4
[22.160s][debug][gc,phases      ] GC(46)     Dead                           Min: 0, Avg:  0.0, Max: 0, Diff: 0, Sum: 0, Workers: 4
[22.160s][debug][gc,phases      ] GC(46)     Total                          Min: 0, Avg:  0.0, Max: 0, Diff: 0, Sum: 0, Workers: 4
[22.160s][debug][gc,phases      ] GC(46)   StringDedup Requests1 Weak     Min:  0.0, Avg:  0.0, Max:  0.0, Diff:  0.0, Sum:  0.0, Workers: 4
[22.160s][debug][gc,phases      ] GC(46)     Dead                           Min: 0, Avg:  0.0, Max: 0, Diff: 0, Sum: 0, Workers: 4
[22.160s][debug][gc,phases      ] GC(46)     Total                          Min: 0, Avg:  0.0, Max: 0, Diff: 0, Sum: 0, Workers: 4
[22.160s][debug][gc,phases      ] GC(46)   Weak JFR Old Object Samples    Min:  0.0, Avg:  0.0, Max:  0.0, Diff:  0.0, Sum:  0.0, Workers: 4
[22.160s][debug][gc,phases      ] GC(46)     Dead                           Min: 0, Avg:  0.0, Max: 0, Diff: 0, Sum: 0, Workers: 4
[22.160s][debug][gc,phases      ] GC(46)     Total                          Min: 0, Avg:  0.0, Max: 0, Diff: 0, Sum: 0, Workers: 4
[22.160s][debug][gc,phases      ] GC(46) Weak Processing 0.290ms
[22.160s][debug][gc,age         ] GC(46) Desired survivor size 417857536 bytes, new threshold 15 (max threshold 15)
[22.160s][info ][gc,heap        ] GC(46) PSYoungGen: 1300448K(1682944K)->6736K(1301504K) Eden: 1294336K(1294336K)->0K(1294336K) From: 6112K(388608K)->6736K(7168K)
[22.160s][info ][gc,heap        ] GC(46) ParOldGen: 535814K(694784K)->535958K(694784K)
[22.160s][info ][gc,metaspace   ] GC(46) Metaspace: 67131K(67840K)->67131K(67840K) NonClass: 57329K(57728K)->57329K(57728K) Class: 9801K(10112K)->9801K(10112K)
[22.160s][info ][gc             ] GC(46) Pause Young (Allocation Failure) 1793M->529M(1949M) 6.304ms
[22.160s][info ][gc,cpu         ] GC(46) User=0.03s Sys=0.00s Real=0.00s
[22.160s][info ][safepoint      ] Safepoint "ParallelGCFailedAllocation", Time since last: 85157769 ns, Reaching safepoint: 178705 ns, At safepoint: 6414163 ns, Total: 6592868 ns
[22.175s][info ][safepoint      ] Safepoint "ICBufferFull", Time since last: 14542471 ns, Reaching safepoint: 127903 ns, At safepoint: 26601 ns, Total: 154504 ns
[22.184s][info ][safepoint      ] Safepoint "ICBufferFull", Time since last: 8441415 ns, Reaching safepoint: 116003 ns, At safepoint: 32000 ns, Total: 148003 ns
[22.209s][info ][safepoint      ] Safepoint "ICBufferFull", Time since last: 25425848 ns, Reaching safepoint: 154304 ns, At safepoint: 28101 ns, Total: 182405 ns
[22.275s][info ][safepoint      ] Safepoint "ICBufferFull", Time since last: 65135559 ns, Reaching safepoint: 135004 ns, At safepoint: 32300 ns, Total: 167304 ns
[22.276s][info ][safepoint      ] Safepoint "ICBufferFull", Time since last: 1207731 ns, Reaching safepoint: 165104 ns, At safepoint: 26701 ns, Total: 191805 ns
[22.277s][info ][safepoint      ] Safepoint "ICBufferFull", Time since last: 1139529 ns, Reaching safepoint: 95302 ns, At safepoint: 27001 ns, Total: 122303 ns
[22.278s][info ][safepoint      ] Safepoint "ICBufferFull", Time since last: 1107728 ns, Reaching safepoint: 96103 ns, At safepoint: 24900 ns, Total: 121003 ns
[22.285s][info ][safepoint      ] Safepoint "ICBufferFull", Time since last: 6211859 ns, Reaching safepoint: 82602 ns, At safepoint: 29301 ns, Total: 111903 ns
[22.291s][info ][safepoint      ] Safepoint "ICBufferFull", Time since last: 6092755 ns, Reaching safepoint: 62701 ns, At safepoint: 23501 ns, Total: 86202 ns
[22.295s][info ][safepoint      ] Safepoint "ICBufferFull", Time since last: 3622792 ns, Reaching safepoint: 109003 ns, At safepoint: 23301 ns, Total: 132304 ns
[22.298s][info ][safepoint      ] Safepoint "ICBufferFull", Time since last: 1743144 ns, Reaching safepoint: 1098528 ns, At safepoint: 26401 ns, Total: 1124929 ns
[22.310s][info ][safepoint      ] Safepoint "ICBufferFull", Time since last: 12109408 ns, Reaching safepoint: 126903 ns, At safepoint: 26001 ns, Total: 152904 ns
[22.311s][info ][safepoint      ] Safepoint "ICBufferFull", Time since last: 1176230 ns, Reaching safepoint: 107003 ns, At safepoint: 20600 ns, Total: 127603 ns
[22.386s][info ][safepoint      ] Safepoint "ICBufferFull", Time since last: 74341094 ns, Reaching safepoint: 130004 ns, At safepoint: 23600 ns, Total: 153604 ns
[22.387s][info ][safepoint      ] Safepoint "ICBufferFull", Time since last: 1169230 ns, Reaching safepoint: 93502 ns, At safepoint: 22501 ns, Total: 116003 ns
[22.388s][info ][safepoint      ] Safepoint "ICBufferFull", Time since last: 1023926 ns, Reaching safepoint: 95302 ns, At safepoint: 24601 ns, Total: 119903 ns
[22.389s][info ][safepoint      ] Safepoint "ICBufferFull", Time since last: 1037726 ns, Reaching safepoint: 94103 ns, At safepoint: 25000 ns, Total: 119103 ns
[22.413s][info ][gc,start       ] GC(47) Pause Young (Allocation Failure)
[22.419s][debug][gc,phases      ] GC(47) Scavenge 5.481ms
[22.419s][debug][gc,ref         ] GC(47) Skipped phase 1 of Reference Processing: no references
[22.419s][debug][gc,ref         ] GC(47) ReferenceProcessor::execute queues: 1, RefProcThreadModel::Single, marks_oops_alive: false
[22.419s][debug][gc,ref         ] GC(47) Skipped phase 3 of Reference Processing: no references
[22.419s][debug][gc,ref         ] GC(47) ReferenceProcessor::execute queues: 1, RefProcThreadModel::Single, marks_oops_alive: false
[22.419s][debug][gc,phases      ] GC(47) Reference Processing 0.139ms
[22.419s][debug][gc,phases      ] GC(47)   VM Weak                        Min:  0.0, Avg:  0.0, Max:  0.0, Diff:  0.0, Sum:  0.0, Workers: 4
[22.419s][debug][gc,phases      ] GC(47)     Dead                           Min: 0, Avg:  0.0, Max: 0, Diff: 0, Sum: 0, Workers: 4
[22.419s][debug][gc,phases      ] GC(47)     Total                          Min: 0, Avg: 129.0, Max: 320, Diff: 320, Sum: 516, Workers: 4
[22.419s][debug][gc,phases      ] GC(47)   ObjectSynchronizer Weak        Min:  0.0, Avg:  0.0, Max:  0.0, Diff:  0.0, Sum:  0.0, Workers: 4
[22.419s][debug][gc,phases      ] GC(47)     Dead                           Min: 0, Avg:  0.0, Max: 0, Diff: 0, Sum: 0, Workers: 4
[22.419s][debug][gc,phases      ] GC(47)     Total                          Min: 0, Avg: 111.0, Max: 188, Diff: 188, Sum: 444, Workers: 4
[22.419s][debug][gc,phases      ] GC(47)   JVMTI Tag Weak OopStorage      Min:  0.0, Avg:  0.0, Max:  0.0, Diff:  0.0, Sum:  0.0, Workers: 4
[22.419s][debug][gc,phases      ] GC(47)     Dead                           Min: 0, Avg:  0.0, Max: 0, Diff: 0, Sum: 0, Workers: 4
[22.419s][debug][gc,phases      ] GC(47)     Total                          Min: 0, Avg:  0.0, Max: 0, Diff: 0, Sum: 0, Workers: 4
[22.419s][debug][gc,phases      ] GC(47)   StringTable Weak               Min:  0.1, Avg:  0.1, Max:  0.1, Diff:  0.0, Sum:  0.4, Workers: 4
[22.419s][debug][gc,phases      ] GC(47)     Dead                           Min: 0, Avg:  0.0, Max: 0, Diff: 0, Sum: 0, Workers: 4
[22.419s][debug][gc,phases      ] GC(47)     Total                          Min: 9728, Avg: 10574.0, Max: 11200, Diff: 1472, Sum: 42296, Workers: 4
[22.419s][debug][gc,phases      ] GC(47)   ResolvedMethodTable Weak       Min:  0.0, Avg:  0.0, Max:  0.0, Diff:  0.0, Sum:  0.1, Workers: 4
[22.419s][debug][gc,phases      ] GC(47)     Dead                           Min: 0, Avg:  0.0, Max: 0, Diff: 0, Sum: 0, Workers: 4
[22.419s][debug][gc,phases      ] GC(47)     Total                          Min: 1472, Avg: 1755.5, Max: 1902, Diff: 430, Sum: 7022, Workers: 4
[22.419s][debug][gc,phases      ] GC(47)   JNI Weak                       Min:  0.0, Avg:  0.0, Max:  0.0, Diff:  0.0, Sum:  0.0, Workers: 4
[22.419s][debug][gc,phases      ] GC(47)     Dead                           Min: 0, Avg:  0.0, Max: 0, Diff: 0, Sum: 0, Workers: 4
[22.419s][debug][gc,phases      ] GC(47)     Total                          Min: 0, Avg:  0.2, Max: 1, Diff: 1, Sum: 1, Workers: 4
[22.419s][debug][gc,phases      ] GC(47)   StringDedup Table Weak         Min:  0.0, Avg:  0.0, Max:  0.0, Diff:  0.0, Sum:  0.0, Workers: 4
[22.419s][debug][gc,phases      ] GC(47)     Dead                           Min: 0, Avg:  0.0, Max: 0, Diff: 0, Sum: 0, Workers: 4
[22.419s][debug][gc,phases      ] GC(47)     Total                          Min: 0, Avg:  0.0, Max: 0, Diff: 0, Sum: 0, Workers: 4
[22.419s][debug][gc,phases      ] GC(47)   StringDedup Requests0 Weak     Min:  0.0, Avg:  0.0, Max:  0.0, Diff:  0.0, Sum:  0.0, Workers: 4
[22.419s][debug][gc,phases      ] GC(47)     Dead                           Min: 0, Avg:  0.0, Max: 0, Diff: 0, Sum: 0, Workers: 4
[22.419s][debug][gc,phases      ] GC(47)     Total                          Min: 0, Avg:  0.0, Max: 0, Diff: 0, Sum: 0, Workers: 4
[22.419s][debug][gc,phases      ] GC(47)   StringDedup Requests1 Weak     Min:  0.0, Avg:  0.0, Max:  0.0, Diff:  0.0, Sum:  0.0, Workers: 4
[22.419s][debug][gc,phases      ] GC(47)     Dead                           Min: 0, Avg:  0.0, Max: 0, Diff: 0, Sum: 0, Workers: 4
[22.419s][debug][gc,phases      ] GC(47)     Total                          Min: 0, Avg:  0.0, Max: 0, Diff: 0, Sum: 0, Workers: 4
[22.419s][debug][gc,phases      ] GC(47)   Weak JFR Old Object Samples    Min:  0.0, Avg:  0.0, Max:  0.0, Diff:  0.0, Sum:  0.0, Workers: 4
[22.419s][debug][gc,phases      ] GC(47)     Dead                           Min: 0, Avg:  0.0, Max: 0, Diff: 0, Sum: 0, Workers: 4
[22.419s][debug][gc,phases      ] GC(47)     Total                          Min: 0, Avg:  0.0, Max: 0, Diff: 0, Sum: 0, Workers: 4
[22.419s][debug][gc,phases      ] GC(47) Weak Processing 0.316ms
[22.419s][debug][gc,age         ] GC(47) Desired survivor size 418906112 bytes, new threshold 15 (max threshold 15)
[22.419s][info ][gc,heap        ] GC(47) PSYoungGen: 1301072K(1301504K)->7600K(1687040K) Eden: 1294336K(1294336K)->0K(1278976K) From: 6736K(7168K)->7600K(408064K)
[22.419s][info ][gc,heap        ] GC(47) ParOldGen: 535958K(694784K)->536190K(694784K)
[22.419s][info ][gc,metaspace   ] GC(47) Metaspace: 67145K(67840K)->67145K(67840K) NonClass: 57341K(57728K)->57341K(57728K) Class: 9804K(10112K)->9804K(10112K)
[22.419s][info ][gc             ] GC(47) Pause Young (Allocation Failure) 1793M->531M(2326M) 6.063ms
[22.419s][info ][gc,cpu         ] GC(47) User=0.03s Sys=0.00s Real=0.01s
[22.419s][info ][safepoint      ] Safepoint "ParallelGCFailedAllocation", Time since last: 23698204 ns, Reaching safepoint: 137904 ns, At safepoint: 6179657 ns, Total: 6317561 ns
[22.453s][info ][safepoint      ] Safepoint "ICBufferFull", Time since last: 33294348 ns, Reaching safepoint: 135604 ns, At safepoint: 24200 ns, Total: 159804 ns
[22.467s][info ][safepoint      ] Safepoint "ICBufferFull", Time since last: 13937655 ns, Reaching safepoint: 121804 ns, At safepoint: 23400 ns, Total: 145204 ns
[22.468s][info ][safepoint      ] Safepoint "ICBufferFull", Time since last: 1156030 ns, Reaching safepoint: 92102 ns, At safepoint: 23801 ns, Total: 115903 ns
[22.472s][info ][safepoint      ] Safepoint "ICBufferFull", Time since last: 3860198 ns, Reaching safepoint: 116803 ns, At safepoint: 25301 ns, Total: 142104 ns
[22.518s][info ][safepoint      ] Safepoint "ICBufferFull", Time since last: 46254378 ns, Reaching safepoint: 131003 ns, At safepoint: 34901 ns, Total: 165904 ns
[22.520s][info ][safepoint      ] Safepoint "ICBufferFull", Time since last: 1704044 ns, Reaching safepoint: 98602 ns, At safepoint: 25401 ns, Total: 124003 ns
[22.526s][info ][safepoint      ] Safepoint "ICBufferFull", Time since last: 5504040 ns, Reaching safepoint: 110003 ns, At safepoint: 27000 ns, Total: 137003 ns
[22.585s][info ][safepoint      ] Safepoint "ICBufferFull", Time since last: 58508991 ns, Reaching safepoint: 149504 ns, At safepoint: 36401 ns, Total: 185905 ns
[22.586s][info ][safepoint      ] Safepoint "ICBufferFull", Time since last: 1197030 ns, Reaching safepoint: 93903 ns, At safepoint: 27900 ns, Total: 121803 ns
[22.587s][info ][safepoint      ] Safepoint "ICBufferFull", Time since last: 1076328 ns, Reaching safepoint: 109702 ns, At safepoint: 23701 ns, Total: 133403 ns
[22.685s][info ][gc,start       ] GC(48) Pause Young (Allocation Failure)
[22.691s][debug][gc,phases      ] GC(48) Scavenge 5.636ms
[22.691s][debug][gc,ref         ] GC(48) Skipped phase 1 of Reference Processing: no references
[22.691s][debug][gc,ref         ] GC(48) ReferenceProcessor::execute queues: 1, RefProcThreadModel::Single, marks_oops_alive: false
[22.691s][debug][gc,ref         ] GC(48) Skipped phase 3 of Reference Processing: no references
[22.691s][debug][gc,ref         ] GC(48) ReferenceProcessor::execute queues: 1, RefProcThreadModel::Single, marks_oops_alive: false
[22.691s][debug][gc,phases      ] GC(48) Reference Processing 0.123ms
[22.691s][debug][gc,phases      ] GC(48)   VM Weak                        Min:  0.0, Avg:  0.0, Max:  0.0, Diff:  0.0, Sum:  0.0, Workers: 4
[22.691s][debug][gc,phases      ] GC(48)     Dead                           Min: 0, Avg:  0.0, Max: 0, Diff: 0, Sum: 0, Workers: 4
[22.691s][debug][gc,phases      ] GC(48)     Total                          Min: 0, Avg: 129.0, Max: 388, Diff: 388, Sum: 516, Workers: 4
[22.691s][debug][gc,phases      ] GC(48)   ObjectSynchronizer Weak        Min:  0.0, Avg:  0.0, Max:  0.0, Diff:  0.0, Sum:  0.0, Workers: 4
[22.691s][debug][gc,phases      ] GC(48)     Dead                           Min: 0, Avg:  0.0, Max: 0, Diff: 0, Sum: 0, Workers: 4
[22.691s][debug][gc,phases      ] GC(48)     Total                          Min: 0, Avg: 111.0, Max: 188, Diff: 188, Sum: 444, Workers: 4
[22.691s][debug][gc,phases      ] GC(48)   JVMTI Tag Weak OopStorage      Min:  0.0, Avg:  0.0, Max:  0.0, Diff:  0.0, Sum:  0.0, Workers: 4
[22.691s][debug][gc,phases      ] GC(48)     Dead                           Min: 0, Avg:  0.0, Max: 0, Diff: 0, Sum: 0, Workers: 4
[22.691s][debug][gc,phases      ] GC(48)     Total                          Min: 0, Avg:  0.0, Max: 0, Diff: 0, Sum: 0, Workers: 4
[22.691s][debug][gc,phases      ] GC(48)   StringTable Weak               Min:  0.1, Avg:  0.1, Max:  0.1, Diff:  0.0, Sum:  0.4, Workers: 4
[22.691s][debug][gc,phases      ] GC(48)     Dead                           Min: 0, Avg:  2.8, Max: 7, Diff: 7, Sum: 11, Workers: 4
[22.691s][debug][gc,phases      ] GC(48)     Total                          Min: 10240, Avg: 10574.5, Max: 10876, Diff: 636, Sum: 42298, Workers: 4
[22.691s][debug][gc,phases      ] GC(48)   ResolvedMethodTable Weak       Min:  0.0, Avg:  0.0, Max:  0.0, Diff:  0.0, Sum:  0.1, Workers: 4
[22.691s][debug][gc,phases      ] GC(48)     Dead                           Min: 0, Avg:  0.0, Max: 0, Diff: 0, Sum: 0, Workers: 4
[22.691s][debug][gc,phases      ] GC(48)     Total                          Min: 1536, Avg: 1756.0, Max: 1856, Diff: 320, Sum: 7024, Workers: 4
[22.691s][debug][gc,phases      ] GC(48)   JNI Weak                       Min:  0.0, Avg:  0.0, Max:  0.0, Diff:  0.0, Sum:  0.0, Workers: 4
[22.691s][debug][gc,phases      ] GC(48)     Dead                           Min: 0, Avg:  0.0, Max: 0, Diff: 0, Sum: 0, Workers: 4
[22.691s][debug][gc,phases      ] GC(48)     Total                          Min: 0, Avg:  0.0, Max: 0, Diff: 0, Sum: 0, Workers: 4
[22.691s][debug][gc,phases      ] GC(48)   StringDedup Table Weak         Min:  0.0, Avg:  0.0, Max:  0.0, Diff:  0.0, Sum:  0.0, Workers: 4
[22.691s][debug][gc,phases      ] GC(48)     Dead                           Min: 0, Avg:  0.0, Max: 0, Diff: 0, Sum: 0, Workers: 4
[22.691s][debug][gc,phases      ] GC(48)     Total                          Min: 0, Avg:  0.0, Max: 0, Diff: 0, Sum: 0, Workers: 4
[22.691s][debug][gc,phases      ] GC(48)   StringDedup Requests0 Weak     Min:  0.0, Avg:  0.0, Max:  0.0, Diff:  0.0, Sum:  0.0, Workers: 4
[22.691s][debug][gc,phases      ] GC(48)     Dead                           Min: 0, Avg:  0.0, Max: 0, Diff: 0, Sum: 0, Workers: 4
[22.691s][debug][gc,phases      ] GC(48)     Total                          Min: 0, Avg:  0.0, Max: 0, Diff: 0, Sum: 0, Workers: 4
[22.691s][debug][gc,phases      ] GC(48)   StringDedup Requests1 Weak     Min:  0.0, Avg:  0.0, Max:  0.0, Diff:  0.0, Sum:  0.0, Workers: 4
[22.691s][debug][gc,phases      ] GC(48)     Dead                           Min: 0, Avg:  0.0, Max: 0, Diff: 0, Sum: 0, Workers: 4
[22.691s][debug][gc,phases      ] GC(48)     Total                          Min: 0, Avg:  0.0, Max: 0, Diff: 0, Sum: 0, Workers: 4
[22.691s][debug][gc,phases      ] GC(48)   Weak JFR Old Object Samples    Min:  0.0, Avg:  0.0, Max:  0.0, Diff:  0.0, Sum:  0.0, Workers: 4
[22.691s][debug][gc,phases      ] GC(48)     Dead                           Min: 0, Avg:  0.0, Max: 0, Diff: 0, Sum: 0, Workers: 4
[22.691s][debug][gc,phases      ] GC(48)     Total                          Min: 0, Avg:  0.0, Max: 0, Diff: 0, Sum: 0, Workers: 4
[22.691s][debug][gc,phases      ] GC(48) Weak Processing 0.324ms
[22.691s][debug][gc,age         ] GC(48) Desired survivor size 415236096 bytes, new threshold 15 (max threshold 15)
[22.691s][info ][gc,heap        ] GC(48) PSYoungGen: 1286576K(1687040K)->8064K(1688064K) Eden: 1278976K(1278976K)->0K(1278976K) From: 7600K(408064K)->8064K(409088K)
[22.691s][info ][gc,heap        ] GC(48) ParOldGen: 536190K(694784K)->536486K(694784K)
[22.691s][info ][gc,metaspace   ] GC(48) Metaspace: 67153K(67840K)->67153K(67840K) NonClass: 57348K(57728K)->57348K(57728K) Class: 9805K(10112K)->9805K(10112K)
[22.691s][info ][gc             ] GC(48) Pause Young (Allocation Failure) 1780M->531M(2327M) 6.217ms
[22.691s][info ][gc,cpu         ] GC(48) User=0.02s Sys=0.00s Real=0.00s
[22.691s][info ][safepoint      ] Safepoint "ParallelGCFailedAllocation", Time since last: 97776891 ns, Reaching safepoint: 148904 ns, At safepoint: 6320261 ns, Total: 6469165 ns
[22.887s][info ][gc,start       ] GC(49) Pause Young (Allocation Failure)
[22.893s][debug][gc,phases      ] GC(49) Scavenge 5.332ms
[22.893s][debug][gc,ref         ] GC(49) Skipped phase 1 of Reference Processing: no references
[22.893s][debug][gc,ref         ] GC(49) ReferenceProcessor::execute queues: 1, RefProcThreadModel::Single, marks_oops_alive: false
[22.893s][debug][gc,ref         ] GC(49) Skipped phase 3 of Reference Processing: no references
[22.893s][debug][gc,ref         ] GC(49) ReferenceProcessor::execute queues: 1, RefProcThreadModel::Single, marks_oops_alive: false
[22.893s][debug][gc,phases      ] GC(49) Reference Processing 0.118ms
[22.893s][debug][gc,phases      ] GC(49)   VM Weak                        Min:  0.0, Avg:  0.0, Max:  0.0, Diff:  0.0, Sum:  0.0, Workers: 4
[22.893s][debug][gc,phases      ] GC(49)     Dead                           Min: 0, Avg:  0.0, Max: 0, Diff: 0, Sum: 0, Workers: 4
[22.893s][debug][gc,phases      ] GC(49)     Total                          Min: 0, Avg: 129.0, Max: 512, Diff: 512, Sum: 516, Workers: 4
[22.893s][debug][gc,phases      ] GC(49)   ObjectSynchronizer Weak        Min:  0.0, Avg:  0.0, Max:  0.0, Diff:  0.0, Sum:  0.0, Workers: 4
[22.893s][debug][gc,phases      ] GC(49)     Dead                           Min: 0, Avg:  0.0, Max: 0, Diff: 0, Sum: 0, Workers: 4
[22.893s][debug][gc,phases      ] GC(49)     Total                          Min: 0, Avg: 111.0, Max: 252, Diff: 252, Sum: 444, Workers: 4
[22.893s][debug][gc,phases      ] GC(49)   JVMTI Tag Weak OopStorage      Min:  0.0, Avg:  0.0, Max:  0.0, Diff:  0.0, Sum:  0.0, Workers: 4
[22.893s][debug][gc,phases      ] GC(49)     Dead                           Min: 0, Avg:  0.0, Max: 0, Diff: 0, Sum: 0, Workers: 4
[22.893s][debug][gc,phases      ] GC(49)     Total                          Min: 0, Avg:  0.0, Max: 0, Diff: 0, Sum: 0, Workers: 4
[22.893s][debug][gc,phases      ] GC(49)   StringTable Weak               Min:  0.1, Avg:  0.1, Max:  0.1, Diff:  0.0, Sum:  0.4, Workers: 4
[22.893s][debug][gc,phases      ] GC(49)     Dead                           Min: 0, Avg:  0.0, Max: 0, Diff: 0, Sum: 0, Workers: 4
[22.893s][debug][gc,phases      ] GC(49)     Total                          Min: 9984, Avg: 10574.8, Max: 11069, Diff: 1085, Sum: 42299, Workers: 4
[22.893s][debug][gc,phases      ] GC(49)   ResolvedMethodTable Weak       Min:  0.0, Avg:  0.0, Max:  0.0, Diff:  0.0, Sum:  0.1, Workers: 4
[22.893s][debug][gc,phases      ] GC(49)     Dead                           Min: 0, Avg:  0.0, Max: 0, Diff: 0, Sum: 0, Workers: 4
[22.893s][debug][gc,phases      ] GC(49)     Total                          Min: 1408, Avg: 1756.0, Max: 1984, Diff: 576, Sum: 7024, Workers: 4
[22.893s][debug][gc,phases      ] GC(49)   JNI Weak                       Min:  0.0, Avg:  0.0, Max:  0.0, Diff:  0.0, Sum:  0.0, Workers: 4
[22.893s][debug][gc,phases      ] GC(49)     Dead                           Min: 0, Avg:  0.0, Max: 0, Diff: 0, Sum: 0, Workers: 4
[22.893s][debug][gc,phases      ] GC(49)     Total                          Min: 0, Avg:  0.0, Max: 0, Diff: 0, Sum: 0, Workers: 4
[22.893s][debug][gc,phases      ] GC(49)   StringDedup Table Weak         Min:  0.0, Avg:  0.0, Max:  0.0, Diff:  0.0, Sum:  0.0, Workers: 4
[22.893s][debug][gc,phases      ] GC(49)     Dead                           Min: 0, Avg:  0.0, Max: 0, Diff: 0, Sum: 0, Workers: 4
[22.893s][debug][gc,phases      ] GC(49)     Total                          Min: 0, Avg:  0.0, Max: 0, Diff: 0, Sum: 0, Workers: 4
[22.893s][debug][gc,phases      ] GC(49)   StringDedup Requests0 Weak     Min:  0.0, Avg:  0.0, Max:  0.0, Diff:  0.0, Sum:  0.0, Workers: 4
[22.893s][debug][gc,phases      ] GC(49)     Dead                           Min: 0, Avg:  0.0, Max: 0, Diff: 0, Sum: 0, Workers: 4
[22.893s][debug][gc,phases      ] GC(49)     Total                          Min: 0, Avg:  0.0, Max: 0, Diff: 0, Sum: 0, Workers: 4
[22.893s][debug][gc,phases      ] GC(49)   StringDedup Requests1 Weak     Min:  0.0, Avg:  0.0, Max:  0.0, Diff:  0.0, Sum:  0.0, Workers: 4
[22.893s][debug][gc,phases      ] GC(49)     Dead                           Min: 0, Avg:  0.0, Max: 0, Diff: 0, Sum: 0, Workers: 4
[22.893s][debug][gc,phases      ] GC(49)     Total                          Min: 0, Avg:  0.0, Max: 0, Diff: 0, Sum: 0, Workers: 4
[22.893s][debug][gc,phases      ] GC(49)   Weak JFR Old Object Samples    Min:  0.0, Avg:  0.0, Max:  0.0, Diff:  0.0, Sum:  0.0, Workers: 4
[22.893s][debug][gc,phases      ] GC(49)     Dead                           Min: 0, Avg:  0.0, Max: 0, Diff: 0, Sum: 0, Workers: 4
[22.893s][debug][gc,phases      ] GC(49)     Total                          Min: 0, Avg:  0.0, Max: 0, Diff: 0, Sum: 0, Workers: 4
[22.893s][debug][gc,phases      ] GC(49) Weak Processing 0.304ms
[22.893s][debug][gc,age         ] GC(49) Desired survivor size 408420352 bytes, new threshold 15 (max threshold 15)
[22.893s][info ][gc,heap        ] GC(49) PSYoungGen: 1287040K(1688064K)->8240K(1698304K) Eden: 1278976K(1278976K)->0K(1292800K) From: 8064K(409088K)->8240K(405504K)
[22.893s][info ][gc,heap        ] GC(49) ParOldGen: 536486K(694784K)->536798K(694784K)
[22.893s][info ][gc,metaspace   ] GC(49) Metaspace: 67165K(67840K)->67165K(67840K) NonClass: 57360K(57728K)->57360K(57728K) Class: 9805K(10112K)->9805K(10112K)
[22.893s][info ][gc             ] GC(49) Pause Young (Allocation Failure) 1780M->532M(2337M) 5.891ms
[22.893s][info ][gc,cpu         ] GC(49) User=0.02s Sys=0.00s Real=0.00s
[22.893s][info ][safepoint      ] Safepoint "ParallelGCFailedAllocation", Time since last: 195680785 ns, Reaching safepoint: 148404 ns, At safepoint: 6007253 ns, Total: 6155657 ns
[23.172s][info ][gc,start       ] GC(50) Pause Young (Allocation Failure)
[23.178s][debug][gc,phases      ] GC(50) Scavenge 5.670ms
[23.178s][debug][gc,ref         ] GC(50) Skipped phase 1 of Reference Processing: no references
[23.178s][debug][gc,ref         ] GC(50) ReferenceProcessor::execute queues: 1, RefProcThreadModel::Single, marks_oops_alive: false
[23.178s][debug][gc,ref         ] GC(50) Skipped phase 3 of Reference Processing: no references
[23.178s][debug][gc,ref         ] GC(50) ReferenceProcessor::execute queues: 1, RefProcThreadModel::Single, marks_oops_alive: false
[23.178s][debug][gc,phases      ] GC(50) Reference Processing 0.130ms
[23.178s][debug][gc,phases      ] GC(50)   VM Weak                        Min:  0.0, Avg:  0.0, Max:  0.0, Diff:  0.0, Sum:  0.0, Workers: 4
[23.178s][debug][gc,phases      ] GC(50)     Dead                           Min: 0, Avg:  0.0, Max: 0, Diff: 0, Sum: 0, Workers: 4
[23.178s][debug][gc,phases      ] GC(50)     Total                          Min: 0, Avg: 129.0, Max: 320, Diff: 320, Sum: 516, Workers: 4
[23.178s][debug][gc,phases      ] GC(50)   ObjectSynchronizer Weak        Min:  0.0, Avg:  0.0, Max:  0.0, Diff:  0.0, Sum:  0.0, Workers: 4
[23.178s][debug][gc,phases      ] GC(50)     Dead                           Min: 0, Avg:  0.0, Max: 0, Diff: 0, Sum: 0, Workers: 4
[23.178s][debug][gc,phases      ] GC(50)     Total                          Min: 0, Avg: 111.0, Max: 188, Diff: 188, Sum: 444, Workers: 4
[23.178s][debug][gc,phases      ] GC(50)   JVMTI Tag Weak OopStorage      Min:  0.0, Avg:  0.0, Max:  0.0, Diff:  0.0, Sum:  0.0, Workers: 4
[23.178s][debug][gc,phases      ] GC(50)     Dead                           Min: 0, Avg:  0.0, Max: 0, Diff: 0, Sum: 0, Workers: 4
[23.178s][debug][gc,phases      ] GC(50)     Total                          Min: 0, Avg:  0.0, Max: 0, Diff: 0, Sum: 0, Workers: 4
[23.178s][debug][gc,phases      ] GC(50)   StringTable Weak               Min:  0.1, Avg:  0.1, Max:  0.1, Diff:  0.0, Sum:  0.4, Workers: 4
[23.178s][debug][gc,phases      ] GC(50)     Dead                           Min: 0, Avg:  2.8, Max: 11, Diff: 11, Sum: 11, Workers: 4
[23.178s][debug][gc,phases      ] GC(50)     Total                          Min: 9216, Avg: 10583.2, Max: 11392, Diff: 2176, Sum: 42333, Workers: 4
[23.178s][debug][gc,phases      ] GC(50)   ResolvedMethodTable Weak       Min:  0.0, Avg:  0.0, Max:  0.0, Diff:  0.0, Sum:  0.1, Workers: 4
[23.178s][debug][gc,phases      ] GC(50)     Dead                           Min: 0, Avg:  2.5, Max: 10, Diff: 10, Sum: 10, Workers: 4
[23.178s][debug][gc,phases      ] GC(50)     Total                          Min: 1600, Avg: 1759.2, Max: 1920, Diff: 320, Sum: 7037, Workers: 4
[23.178s][debug][gc,phases      ] GC(50)   JNI Weak                       Min:  0.0, Avg:  0.0, Max:  0.0, Diff:  0.0, Sum:  0.0, Workers: 4
[23.179s][debug][gc,phases      ] GC(50)     Dead                           Min: 0, Avg:  0.0, Max: 0, Diff: 0, Sum: 0, Workers: 4
[23.179s][debug][gc,phases      ] GC(50)     Total                          Min: 0, Avg:  0.2, Max: 1, Diff: 1, Sum: 1, Workers: 4
[23.179s][debug][gc,phases      ] GC(50)   StringDedup Table Weak         Min:  0.0, Avg:  0.0, Max:  0.0, Diff:  0.0, Sum:  0.0, Workers: 4
[23.179s][debug][gc,phases      ] GC(50)     Dead                           Min: 0, Avg:  0.0, Max: 0, Diff: 0, Sum: 0, Workers: 4
[23.179s][debug][gc,phases      ] GC(50)     Total                          Min: 0, Avg:  0.0, Max: 0, Diff: 0, Sum: 0, Workers: 4
[23.179s][debug][gc,phases      ] GC(50)   StringDedup Requests0 Weak     Min:  0.0, Avg:  0.0, Max:  0.0, Diff:  0.0, Sum:  0.0, Workers: 4
[23.179s][debug][gc,phases      ] GC(50)     Dead                           Min: 0, Avg:  0.0, Max: 0, Diff: 0, Sum: 0, Workers: 4
[23.179s][debug][gc,phases      ] GC(50)     Total                          Min: 0, Avg:  0.0, Max: 0, Diff: 0, Sum: 0, Workers: 4
[23.179s][debug][gc,phases      ] GC(50)   StringDedup Requests1 Weak     Min:  0.0, Avg:  0.0, Max:  0.0, Diff:  0.0, Sum:  0.0, Workers: 4
[23.179s][debug][gc,phases      ] GC(50)     Dead                           Min: 0, Avg:  0.0, Max: 0, Diff: 0, Sum: 0, Workers: 4
[23.179s][debug][gc,phases      ] GC(50)     Total                          Min: 0, Avg:  0.0, Max: 0, Diff: 0, Sum: 0, Workers: 4
[23.179s][debug][gc,phases      ] GC(50)   Weak JFR Old Object Samples    Min:  0.0, Avg:  0.0, Max:  0.0, Diff:  0.0, Sum:  0.0, Workers: 4
[23.179s][debug][gc,phases      ] GC(50)     Dead                           Min: 0, Avg:  0.0, Max: 0, Diff: 0, Sum: 0, Workers: 4
[23.179s][debug][gc,phases      ] GC(50)     Total                          Min: 0, Avg:  0.0, Max: 0, Diff: 0, Sum: 0, Workers: 4
[23.179s][debug][gc,phases      ] GC(50) Weak Processing 0.316ms
[23.179s][debug][gc,age         ] GC(50) Desired survivor size 398983168 bytes, new threshold 15 (max threshold 15)
[23.179s][info ][gc,heap        ] GC(50) PSYoungGen: 1301040K(1698304K)->8592K(1691648K) Eden: 1292800K(1292800K)->0K(1292800K) From: 8240K(405504K)->8592K(398848K)
[23.179s][info ][gc,heap        ] GC(50) ParOldGen: 536798K(694784K)->536974K(694784K)
[23.179s][info ][gc,metaspace   ] GC(50) Metaspace: 67206K(67904K)->67206K(67904K) NonClass: 57395K(57792K)->57395K(57792K) Class: 9811K(10112K)->9811K(10112K)
[23.179s][info ][gc             ] GC(50) Pause Young (Allocation Failure) 1794M->532M(2330M) 6.252ms
[23.179s][info ][gc,cpu         ] GC(50) User=0.02s Sys=0.00s Real=0.01s
[23.179s][info ][safepoint      ] Safepoint "ParallelGCFailedAllocation", Time since last: 278899005 ns, Reaching safepoint: 165504 ns, At safepoint: 6360062 ns, Total: 6525566 ns
[23.379s][info ][gc,start       ] GC(51) Pause Young (Allocation Failure)
[23.385s][debug][gc,phases      ] GC(51) Scavenge 5.788ms
[23.385s][debug][gc,ref         ] GC(51) Skipped phase 1 of Reference Processing: no references
[23.385s][debug][gc,ref         ] GC(51) ReferenceProcessor::execute queues: 1, RefProcThreadModel::Single, marks_oops_alive: false
[23.385s][debug][gc,ref         ] GC(51) Skipped phase 3 of Reference Processing: no references
[23.385s][debug][gc,ref         ] GC(51) ReferenceProcessor::execute queues: 1, RefProcThreadModel::Single, marks_oops_alive: false
[23.385s][debug][gc,phases      ] GC(51) Reference Processing 0.121ms
[23.385s][debug][gc,phases      ] GC(51)   VM Weak                        Min:  0.0, Avg:  0.0, Max:  0.0, Diff:  0.0, Sum:  0.0, Workers: 4
[23.385s][debug][gc,phases      ] GC(51)     Dead                           Min: 0, Avg:  0.0, Max: 0, Diff: 0, Sum: 0, Workers: 4
[23.385s][debug][gc,phases      ] GC(51)     Total                          Min: 0, Avg: 129.0, Max: 384, Diff: 384, Sum: 516, Workers: 4
[23.385s][debug][gc,phases      ] GC(51)   ObjectSynchronizer Weak        Min:  0.0, Avg:  0.0, Max:  0.0, Diff:  0.0, Sum:  0.0, Workers: 4
[23.385s][debug][gc,phases      ] GC(51)     Dead                           Min: 0, Avg:  0.0, Max: 0, Diff: 0, Sum: 0, Workers: 4
[23.385s][debug][gc,phases      ] GC(51)     Total                          Min: 0, Avg: 111.0, Max: 256, Diff: 256, Sum: 444, Workers: 4
[23.385s][debug][gc,phases      ] GC(51)   JVMTI Tag Weak OopStorage      Min:  0.0, Avg:  0.0, Max:  0.0, Diff:  0.0, Sum:  0.0, Workers: 4
[23.385s][debug][gc,phases      ] GC(51)     Dead                           Min: 0, Avg:  0.0, Max: 0, Diff: 0, Sum: 0, Workers: 4
[23.385s][debug][gc,phases      ] GC(51)     Total                          Min: 0, Avg:  0.0, Max: 0, Diff: 0, Sum: 0, Workers: 4
[23.385s][debug][gc,phases      ] GC(51)   StringTable Weak               Min:  0.1, Avg:  0.1, Max:  0.1, Diff:  0.0, Sum:  0.4, Workers: 4
[23.385s][debug][gc,phases      ] GC(51)     Dead                           Min: 0, Avg:  0.0, Max: 0, Diff: 0, Sum: 0, Workers: 4
[23.385s][debug][gc,phases      ] GC(51)     Total                          Min: 9728, Avg: 10584.2, Max: 11180, Diff: 1452, Sum: 42337, Workers: 4
[23.385s][debug][gc,phases      ] GC(51)   ResolvedMethodTable Weak       Min:  0.0, Avg:  0.0, Max:  0.0, Diff:  0.0, Sum:  0.1, Workers: 4
[23.385s][debug][gc,phases      ] GC(51)     Dead                           Min: 0, Avg:  0.0, Max: 0, Diff: 0, Sum: 0, Workers: 4
[23.385s][debug][gc,phases      ] GC(51)     Total                          Min: 1536, Avg: 1759.2, Max: 2045, Diff: 509, Sum: 7037, Workers: 4
[23.385s][debug][gc,phases      ] GC(51)   JNI Weak                       Min:  0.0, Avg:  0.0, Max:  0.0, Diff:  0.0, Sum:  0.0, Workers: 4
[23.385s][debug][gc,phases      ] GC(51)     Dead                           Min: 0, Avg:  0.0, Max: 0, Diff: 0, Sum: 0, Workers: 4
[23.385s][debug][gc,phases      ] GC(51)     Total                          Min: 0, Avg:  0.5, Max: 2, Diff: 2, Sum: 2, Workers: 4
[23.385s][debug][gc,phases      ] GC(51)   StringDedup Table Weak         Min:  0.0, Avg:  0.0, Max:  0.0, Diff:  0.0, Sum:  0.0, Workers: 4
[23.385s][debug][gc,phases      ] GC(51)     Dead                           Min: 0, Avg:  0.0, Max: 0, Diff: 0, Sum: 0, Workers: 4
[23.385s][debug][gc,phases      ] GC(51)     Total                          Min: 0, Avg:  0.0, Max: 0, Diff: 0, Sum: 0, Workers: 4
[23.385s][debug][gc,phases      ] GC(51)   StringDedup Requests0 Weak     Min:  0.0, Avg:  0.0, Max:  0.0, Diff:  0.0, Sum:  0.0, Workers: 4
[23.385s][debug][gc,phases      ] GC(51)     Dead                           Min: 0, Avg:  0.0, Max: 0, Diff: 0, Sum: 0, Workers: 4
[23.385s][debug][gc,phases      ] GC(51)     Total                          Min: 0, Avg:  0.0, Max: 0, Diff: 0, Sum: 0, Workers: 4
[23.385s][debug][gc,phases      ] GC(51)   StringDedup Requests1 Weak     Min:  0.0, Avg:  0.0, Max:  0.0, Diff:  0.0, Sum:  0.0, Workers: 4
[23.385s][debug][gc,phases      ] GC(51)     Dead                           Min: 0, Avg:  0.0, Max: 0, Diff: 0, Sum: 0, Workers: 4
[23.385s][debug][gc,phases      ] GC(51)     Total                          Min: 0, Avg:  0.0, Max: 0, Diff: 0, Sum: 0, Workers: 4
[23.385s][debug][gc,phases      ] GC(51)   Weak JFR Old Object Samples    Min:  0.0, Avg:  0.0, Max:  0.0, Diff:  0.0, Sum:  0.0, Workers: 4
[23.385s][debug][gc,phases      ] GC(51)     Dead                           Min: 0, Avg:  0.0, Max: 0, Diff: 0, Sum: 0, Workers: 4
[23.385s][debug][gc,phases      ] GC(51)     Total                          Min: 0, Avg:  0.0, Max: 0, Diff: 0, Sum: 0, Workers: 4
[23.385s][debug][gc,phases      ] GC(51) Weak Processing 0.315ms
[23.385s][debug][gc,age         ] GC(51) Desired survivor size 387448832 bytes, new threshold 15 (max threshold 15)
[23.385s][info ][gc,heap        ] GC(51) PSYoungGen: 1301392K(1691648K)->8816K(1718784K) Eden: 1292800K(1292800K)->0K(1329152K) From: 8592K(398848K)->8816K(389632K)
[23.385s][info ][gc,heap        ] GC(51) ParOldGen: 536974K(694784K)->537302K(694784K)
[23.385s][info ][gc,metaspace   ] GC(51) Metaspace: 67222K(67904K)->67222K(67904K) NonClass: 57411K(57792K)->57411K(57792K) Class: 9811K(10112K)->9811K(10112K)
[23.385s][info ][gc             ] GC(51) Pause Young (Allocation Failure) 1795M->533M(2357M) 6.358ms
[23.385s][info ][gc,cpu         ] GC(51) User=0.02s Sys=0.00s Real=0.01s
[23.386s][info ][safepoint      ] Safepoint "ParallelGCFailedAllocation", Time since last: 200119298 ns, Reaching safepoint: 208205 ns, At safepoint: 6492166 ns, Total: 6700371 ns
[23.658s][info ][gc,start       ] GC(52) Pause Young (Allocation Failure)
[23.663s][debug][gc,phases      ] GC(52) Scavenge 5.687ms
[23.663s][debug][gc,ref         ] GC(52) Skipped phase 1 of Reference Processing: no references
[23.664s][debug][gc,ref         ] GC(52) ReferenceProcessor::execute queues: 1, RefProcThreadModel::Single, marks_oops_alive: false
[23.664s][debug][gc,ref         ] GC(52) Skipped phase 3 of Reference Processing: no references
[23.664s][debug][gc,ref         ] GC(52) ReferenceProcessor::execute queues: 1, RefProcThreadModel::Single, marks_oops_alive: false
[23.664s][debug][gc,phases      ] GC(52) Reference Processing 0.126ms
[23.664s][debug][gc,phases      ] GC(52)   VM Weak                        Min:  0.0, Avg:  0.0, Max:  0.0, Diff:  0.0, Sum:  0.0, Workers: 4
[23.664s][debug][gc,phases      ] GC(52)     Dead                           Min: 0, Avg:  0.0, Max: 0, Diff: 0, Sum: 0, Workers: 4
[23.664s][debug][gc,phases      ] GC(52)     Total                          Min: 0, Avg: 129.0, Max: 516, Diff: 516, Sum: 516, Workers: 4
[23.664s][debug][gc,phases      ] GC(52)   ObjectSynchronizer Weak        Min:  0.0, Avg:  0.0, Max:  0.0, Diff:  0.0, Sum:  0.0, Workers: 4
[23.664s][debug][gc,phases      ] GC(52)     Dead                           Min: 0, Avg:  0.0, Max: 0, Diff: 0, Sum: 0, Workers: 4
[23.664s][debug][gc,phases      ] GC(52)     Total                          Min: 0, Avg: 111.0, Max: 256, Diff: 256, Sum: 444, Workers: 4
[23.664s][debug][gc,phases      ] GC(52)   JVMTI Tag Weak OopStorage      Min:  0.0, Avg:  0.0, Max:  0.0, Diff:  0.0, Sum:  0.0, Workers: 4
[23.664s][debug][gc,phases      ] GC(52)     Dead                           Min: 0, Avg:  0.0, Max: 0, Diff: 0, Sum: 0, Workers: 4
[23.664s][debug][gc,phases      ] GC(52)     Total                          Min: 0, Avg:  0.0, Max: 0, Diff: 0, Sum: 0, Workers: 4
[23.664s][debug][gc,phases      ] GC(52)   StringTable Weak               Min:  0.1, Avg:  0.1, Max:  0.1, Diff:  0.0, Sum:  0.4, Workers: 4
[23.664s][debug][gc,phases      ] GC(52)     Dead                           Min: 0, Avg:  2.8, Max: 11, Diff: 11, Sum: 11, Workers: 4
[23.664s][debug][gc,phases      ] GC(52)     Total                          Min: 9394, Avg: 10585.8, Max: 11328, Diff: 1934, Sum: 42343, Workers: 4
[23.664s][debug][gc,phases      ] GC(52)   ResolvedMethodTable Weak       Min:  0.0, Avg:  0.0, Max:  0.0, Diff:  0.0, Sum:  0.1, Workers: 4
[23.664s][debug][gc,phases      ] GC(52)     Dead                           Min: 0, Avg:  0.0, Max: 0, Diff: 0, Sum: 0, Workers: 4
[23.664s][debug][gc,phases      ] GC(52)     Total                          Min: 1472, Avg: 1759.2, Max: 1981, Diff: 509, Sum: 7037, Workers: 4
[23.664s][debug][gc,phases      ] GC(52)   JNI Weak                       Min:  0.0, Avg:  0.0, Max:  0.0, Diff:  0.0, Sum:  0.0, Workers: 4
[23.664s][debug][gc,phases      ] GC(52)     Dead                           Min: 0, Avg:  0.0, Max: 0, Diff: 0, Sum: 0, Workers: 4
[23.664s][debug][gc,phases      ] GC(52)     Total                          Min: 0, Avg:  0.2, Max: 1, Diff: 1, Sum: 1, Workers: 4
[23.664s][debug][gc,phases      ] GC(52)   StringDedup Table Weak         Min:  0.0, Avg:  0.0, Max:  0.0, Diff:  0.0, Sum:  0.0, Workers: 4
[23.664s][debug][gc,phases      ] GC(52)     Dead                           Min: 0, Avg:  0.0, Max: 0, Diff: 0, Sum: 0, Workers: 4
[23.664s][debug][gc,phases      ] GC(52)     Total                          Min: 0, Avg:  0.0, Max: 0, Diff: 0, Sum: 0, Workers: 4
[23.664s][debug][gc,phases      ] GC(52)   StringDedup Requests0 Weak     Min:  0.0, Avg:  0.0, Max:  0.0, Diff:  0.0, Sum:  0.0, Workers: 4
[23.664s][debug][gc,phases      ] GC(52)     Dead                           Min: 0, Avg:  0.0, Max: 0, Diff: 0, Sum: 0, Workers: 4
[23.664s][debug][gc,phases      ] GC(52)     Total                          Min: 0, Avg:  0.0, Max: 0, Diff: 0, Sum: 0, Workers: 4
[23.664s][debug][gc,phases      ] GC(52)   StringDedup Requests1 Weak     Min:  0.0, Avg:  0.0, Max:  0.0, Diff:  0.0, Sum:  0.0, Workers: 4
[23.664s][debug][gc,phases      ] GC(52)     Dead                           Min: 0, Avg:  0.0, Max: 0, Diff: 0, Sum: 0, Workers: 4
[23.664s][debug][gc,phases      ] GC(52)     Total                          Min: 0, Avg:  0.0, Max: 0, Diff: 0, Sum: 0, Workers: 4
[23.664s][debug][gc,phases      ] GC(52)   Weak JFR Old Object Samples    Min:  0.0, Avg:  0.0, Max:  0.0, Diff:  0.0, Sum:  0.0, Workers: 4
[23.664s][debug][gc,phases      ] GC(52)     Dead                           Min: 0, Avg:  0.0, Max: 0, Diff: 0, Sum: 0, Workers: 4
[23.664s][debug][gc,phases      ] GC(52)     Total                          Min: 0, Avg:  0.0, Max: 0, Diff: 0, Sum: 0, Workers: 4
[23.664s][debug][gc,phases      ] GC(52) Weak Processing 0.320ms
[23.664s][debug][gc,age         ] GC(52) Desired survivor size 373817344 bytes, new threshold 15 (max threshold 15)
[23.664s][info ][gc,heap        ] GC(52) PSYoungGen: 1337968K(1718784K)->9368K(1707520K) Eden: 1329152K(1329152K)->0K(1329152K) From: 8816K(389632K)->9368K(378368K)
[23.664s][info ][gc,heap        ] GC(52) ParOldGen: 537302K(694784K)->537462K(694784K)
[23.664s][info ][gc,metaspace   ] GC(52) Metaspace: 67230K(67904K)->67230K(67904K) NonClass: 57419K(57792K)->57419K(57792K) Class: 9811K(10112K)->9811K(10112K)
[23.664s][info ][gc             ] GC(52) Pause Young (Allocation Failure) 1831M->534M(2346M) 6.290ms
[23.664s][info ][gc,cpu         ] GC(52) User=0.02s Sys=0.00s Real=0.01s
[23.664s][info ][safepoint      ] Safepoint "ParallelGCFailedAllocation", Time since last: 271905727 ns, Reaching safepoint: 170104 ns, At safepoint: 6416363 ns, Total: 6586467 ns
[23.872s][info ][gc,start       ] GC(53) Pause Young (Allocation Failure)
[23.879s][debug][gc,phases      ] GC(53) Scavenge 6.498ms
[23.879s][debug][gc,ref         ] GC(53) Skipped phase 1 of Reference Processing: no references
[23.879s][debug][gc,ref         ] GC(53) ReferenceProcessor::execute queues: 1, RefProcThreadModel::Single, marks_oops_alive: false
[23.879s][debug][gc,ref         ] GC(53) Skipped phase 3 of Reference Processing: no references
[23.879s][debug][gc,ref         ] GC(53) ReferenceProcessor::execute queues: 1, RefProcThreadModel::Single, marks_oops_alive: false
[23.879s][debug][gc,phases      ] GC(53) Reference Processing 0.124ms
[23.879s][debug][gc,phases      ] GC(53)   VM Weak                        Min:  0.0, Avg:  0.0, Max:  0.0, Diff:  0.0, Sum:  0.0, Workers: 4
[23.879s][debug][gc,phases      ] GC(53)     Dead                           Min: 0, Avg:  0.0, Max: 0, Diff: 0, Sum: 0, Workers: 4
[23.879s][debug][gc,phases      ] GC(53)     Total                          Min: 0, Avg: 129.0, Max: 516, Diff: 516, Sum: 516, Workers: 4
[23.879s][debug][gc,phases      ] GC(53)   ObjectSynchronizer Weak        Min:  0.0, Avg:  0.0, Max:  0.0, Diff:  0.0, Sum:  0.0, Workers: 4
[23.879s][debug][gc,phases      ] GC(53)     Dead                           Min: 0, Avg:  0.0, Max: 0, Diff: 0, Sum: 0, Workers: 4
[23.879s][debug][gc,phases      ] GC(53)     Total                          Min: 0, Avg: 111.0, Max: 384, Diff: 384, Sum: 444, Workers: 4
[23.879s][debug][gc,phases      ] GC(53)   JVMTI Tag Weak OopStorage      Min:  0.0, Avg:  0.0, Max:  0.0, Diff:  0.0, Sum:  0.0, Workers: 4
[23.879s][debug][gc,phases      ] GC(53)     Dead                           Min: 0, Avg:  0.0, Max: 0, Diff: 0, Sum: 0, Workers: 4
[23.879s][debug][gc,phases      ] GC(53)     Total                          Min: 0, Avg:  0.0, Max: 0, Diff: 0, Sum: 0, Workers: 4
[23.879s][debug][gc,phases      ] GC(53)   StringTable Weak               Min:  0.0, Avg:  0.1, Max:  0.1, Diff:  0.1, Sum:  0.4, Workers: 4
[23.879s][debug][gc,phases      ] GC(53)     Dead                           Min: 0, Avg:  0.0, Max: 0, Diff: 0, Sum: 0, Workers: 4
[23.879s][debug][gc,phases      ] GC(53)     Total                          Min: 0, Avg: 10585.8, Max: 14844, Diff: 14844, Sum: 42343, Workers: 4
[23.879s][debug][gc,phases      ] GC(53)   ResolvedMethodTable Weak       Min:  0.0, Avg:  0.0, Max:  0.0, Diff:  0.0, Sum:  0.1, Workers: 4
[23.879s][debug][gc,phases      ] GC(53)     Dead                           Min: 0, Avg:  0.0, Max: 0, Diff: 0, Sum: 0, Workers: 4
[23.879s][debug][gc,phases      ] GC(53)     Total                          Min: 0, Avg: 1759.2, Max: 2557, Diff: 2557, Sum: 7037, Workers: 4
[23.879s][debug][gc,phases      ] GC(53)   JNI Weak                       Min:  0.0, Avg:  0.0, Max:  0.0, Diff:  0.0, Sum:  0.0, Workers: 4
[23.879s][debug][gc,phases      ] GC(53)     Dead                           Min: 0, Avg:  0.0, Max: 0, Diff: 0, Sum: 0, Workers: 4
[23.879s][debug][gc,phases      ] GC(53)     Total                          Min: 0, Avg:  1.0, Max: 4, Diff: 4, Sum: 4, Workers: 4
[23.879s][debug][gc,phases      ] GC(53)   StringDedup Table Weak         Min:  0.0, Avg:  0.0, Max:  0.0, Diff:  0.0, Sum:  0.0, Workers: 4
[23.879s][debug][gc,phases      ] GC(53)     Dead                           Min: 0, Avg:  0.0, Max: 0, Diff: 0, Sum: 0, Workers: 4
[23.879s][debug][gc,phases      ] GC(53)     Total                          Min: 0, Avg:  0.0, Max: 0, Diff: 0, Sum: 0, Workers: 4
[23.879s][debug][gc,phases      ] GC(53)   StringDedup Requests0 Weak     Min:  0.0, Avg:  0.0, Max:  0.0, Diff:  0.0, Sum:  0.0, Workers: 4
[23.879s][debug][gc,phases      ] GC(53)     Dead                           Min: 0, Avg:  0.0, Max: 0, Diff: 0, Sum: 0, Workers: 4
[23.879s][debug][gc,phases      ] GC(53)     Total                          Min: 0, Avg:  0.0, Max: 0, Diff: 0, Sum: 0, Workers: 4
[23.879s][debug][gc,phases      ] GC(53)   StringDedup Requests1 Weak     Min:  0.0, Avg:  0.0, Max:  0.0, Diff:  0.0, Sum:  0.0, Workers: 4
[23.879s][debug][gc,phases      ] GC(53)     Dead                           Min: 0, Avg:  0.0, Max: 0, Diff: 0, Sum: 0, Workers: 4
[23.879s][debug][gc,phases      ] GC(53)     Total                          Min: 0, Avg:  0.0, Max: 0, Diff: 0, Sum: 0, Workers: 4
[23.879s][debug][gc,phases      ] GC(53)   Weak JFR Old Object Samples    Min:  0.0, Avg:  0.0, Max:  0.0, Diff:  0.0, Sum:  0.0, Workers: 4
[23.879s][debug][gc,phases      ] GC(53)     Dead                           Min: 0, Avg:  0.0, Max: 0, Diff: 0, Sum: 0, Workers: 4
[23.879s][debug][gc,phases      ] GC(53)     Total                          Min: 0, Avg:  0.0, Max: 0, Diff: 0, Sum: 0, Workers: 4
[23.879s][debug][gc,phases      ] GC(53) Weak Processing 0.379ms
[23.879s][debug][gc,age         ] GC(53) Desired survivor size 359661568 bytes, new threshold 15 (max threshold 15)
[23.879s][info ][gc,heap        ] GC(53) PSYoungGen: 1338520K(1707520K)->9440K(1745920K) Eden: 1329152K(1329152K)->0K(1380864K) From: 9368K(378368K)->9440K(365056K)
[23.879s][info ][gc,heap        ] GC(53) ParOldGen: 537462K(694784K)->537830K(694784K)
[23.879s][info ][gc,metaspace   ] GC(53) Metaspace: 67234K(67904K)->67234K(67904K) NonClass: 57422K(57792K)->57422K(57792K) Class: 9811K(10112K)->9811K(10112K)
[23.879s][info ][gc             ] GC(53) Pause Young (Allocation Failure) 1832M->534M(2383M) 7.144ms
[23.879s][info ][gc,cpu         ] GC(53) User=0.03s Sys=0.00s Real=0.01s
[23.879s][info ][safepoint      ] Safepoint "ParallelGCFailedAllocation", Time since last: 207769993 ns, Reaching safepoint: 144804 ns, At safepoint: 7256185 ns, Total: 7400989 ns
[24.156s][info ][gc,start       ] GC(54) Pause Young (Allocation Failure)
[24.163s][debug][gc,phases      ] GC(54) Scavenge 6.949ms
[24.163s][debug][gc,ref         ] GC(54) Skipped phase 1 of Reference Processing: no references
[24.163s][debug][gc,ref         ] GC(54) ReferenceProcessor::execute queues: 1, RefProcThreadModel::Single, marks_oops_alive: false
[24.163s][debug][gc,ref         ] GC(54) Skipped phase 3 of Reference Processing: no references
[24.163s][debug][gc,ref         ] GC(54) ReferenceProcessor::execute queues: 1, RefProcThreadModel::Single, marks_oops_alive: false
[24.163s][debug][gc,phases      ] GC(54) Reference Processing 0.111ms
[24.163s][debug][gc,phases      ] GC(54)   VM Weak                        Min:  0.0, Avg:  0.0, Max:  0.0, Diff:  0.0, Sum:  0.0, Workers: 4
[24.163s][debug][gc,phases      ] GC(54)     Dead                           Min: 0, Avg:  0.0, Max: 0, Diff: 0, Sum: 0, Workers: 4
[24.163s][debug][gc,phases      ] GC(54)     Total                          Min: 0, Avg: 129.0, Max: 516, Diff: 516, Sum: 516, Workers: 4
[24.163s][debug][gc,phases      ] GC(54)   ObjectSynchronizer Weak        Min:  0.0, Avg:  0.0, Max:  0.0, Diff:  0.0, Sum:  0.0, Workers: 4
[24.163s][debug][gc,phases      ] GC(54)     Dead                           Min: 0, Avg:  0.0, Max: 0, Diff: 0, Sum: 0, Workers: 4
[24.163s][debug][gc,phases      ] GC(54)     Total                          Min: 0, Avg: 111.0, Max: 444, Diff: 444, Sum: 444, Workers: 4
[24.163s][debug][gc,phases      ] GC(54)   JVMTI Tag Weak OopStorage      Min:  0.0, Avg:  0.0, Max:  0.0, Diff:  0.0, Sum:  0.0, Workers: 4
[24.163s][debug][gc,phases      ] GC(54)     Dead                           Min: 0, Avg:  0.0, Max: 0, Diff: 0, Sum: 0, Workers: 4
[24.163s][debug][gc,phases      ] GC(54)     Total                          Min: 0, Avg:  0.0, Max: 0, Diff: 0, Sum: 0, Workers: 4
[24.163s][debug][gc,phases      ] GC(54)   StringTable Weak               Min:  0.1, Avg:  0.1, Max:  0.1, Diff:  0.0, Sum:  0.3, Workers: 4
[24.163s][debug][gc,phases      ] GC(54)     Dead                           Min: 0, Avg:  2.8, Max: 6, Diff: 6, Sum: 11, Workers: 4
[24.163s][debug][gc,phases      ] GC(54)     Total                          Min: 9344, Avg: 10586.0, Max: 11944, Diff: 2600, Sum: 42344, Workers: 4
[24.163s][debug][gc,phases      ] GC(54)   ResolvedMethodTable Weak       Min:  0.0, Avg:  0.0, Max:  0.0, Diff:  0.0, Sum:  0.1, Workers: 4
[24.163s][debug][gc,phases      ] GC(54)     Dead                           Min: 0, Avg:  0.0, Max: 0, Diff: 0, Sum: 0, Workers: 4
[24.163s][debug][gc,phases      ] GC(54)     Total                          Min: 1408, Avg: 1759.2, Max: 2240, Diff: 832, Sum: 7037, Workers: 4
[24.163s][debug][gc,phases      ] GC(54)   JNI Weak                       Min:  0.0, Avg:  0.0, Max:  0.0, Diff:  0.0, Sum:  0.0, Workers: 4
[24.163s][debug][gc,phases      ] GC(54)     Dead                           Min: 0, Avg:  0.0, Max: 0, Diff: 0, Sum: 0, Workers: 4
[24.163s][debug][gc,phases      ] GC(54)     Total                          Min: 0, Avg:  0.0, Max: 0, Diff: 0, Sum: 0, Workers: 4
[24.163s][debug][gc,phases      ] GC(54)   StringDedup Table Weak         Min:  0.0, Avg:  0.0, Max:  0.0, Diff:  0.0, Sum:  0.0, Workers: 4
[24.163s][debug][gc,phases      ] GC(54)     Dead                           Min: 0, Avg:  0.0, Max: 0, Diff: 0, Sum: 0, Workers: 4
[24.163s][debug][gc,phases      ] GC(54)     Total                          Min: 0, Avg:  0.0, Max: 0, Diff: 0, Sum: 0, Workers: 4
[24.163s][debug][gc,phases      ] GC(54)   StringDedup Requests0 Weak     Min:  0.0, Avg:  0.0, Max:  0.0, Diff:  0.0, Sum:  0.0, Workers: 4
[24.163s][debug][gc,phases      ] GC(54)     Dead                           Min: 0, Avg:  0.0, Max: 0, Diff: 0, Sum: 0, Workers: 4
[24.163s][debug][gc,phases      ] GC(54)     Total                          Min: 0, Avg:  0.0, Max: 0, Diff: 0, Sum: 0, Workers: 4
[24.163s][debug][gc,phases      ] GC(54)   StringDedup Requests1 Weak     Min:  0.0, Avg:  0.0, Max:  0.0, Diff:  0.0, Sum:  0.0, Workers: 4
[24.163s][debug][gc,phases      ] GC(54)     Dead                           Min: 0, Avg:  0.0, Max: 0, Diff: 0, Sum: 0, Workers: 4
[24.163s][debug][gc,phases      ] GC(54)     Total                          Min: 0, Avg:  0.0, Max: 0, Diff: 0, Sum: 0, Workers: 4
[24.163s][debug][gc,phases      ] GC(54)   Weak JFR Old Object Samples    Min:  0.0, Avg:  0.0, Max:  0.0, Diff:  0.0, Sum:  0.0, Workers: 4
[24.163s][debug][gc,phases      ] GC(54)     Dead                           Min: 0, Avg:  0.0, Max: 0, Diff: 0, Sum: 0, Workers: 4
[24.163s][debug][gc,phases      ] GC(54)     Total                          Min: 0, Avg:  0.0, Max: 0, Diff: 0, Sum: 0, Workers: 4
[24.163s][debug][gc,phases      ] GC(54) Weak Processing 0.286ms
[24.163s][debug][gc,age         ] GC(54) Desired survivor size 344457216 bytes, new threshold 15 (max threshold 15)
[24.163s][info ][gc,heap        ] GC(54) PSYoungGen: 1390304K(1745920K)->10048K(1732096K) Eden: 1380864K(1380864K)->0K(1380864K) From: 9440K(365056K)->10048K(351232K)
[24.163s][info ][gc,heap        ] GC(54) ParOldGen: 537830K(694784K)->538046K(694784K)
[24.163s][info ][gc,metaspace   ] GC(54) Metaspace: 67277K(67968K)->67277K(67968K) NonClass: 57466K(57856K)->57466K(57856K) Class: 9811K(10112K)->9811K(10112K)
[24.163s][info ][gc             ] GC(54) Pause Young (Allocation Failure) 1882M->535M(2370M) 7.480ms
[24.163s][info ][gc,cpu         ] GC(54) User=0.02s Sys=0.00s Real=0.01s
[24.163s][info ][safepoint      ] Safepoint "ParallelGCFailedAllocation", Time since last: 276334040 ns, Reaching safepoint: 162104 ns, At safepoint: 7584993 ns, Total: 7747097 ns
[24.377s][info ][gc,start       ] GC(55) Pause Young (Allocation Failure)
[24.385s][debug][gc,phases      ] GC(55) Scavenge 7.523ms
[24.385s][debug][gc,ref         ] GC(55) Skipped phase 1 of Reference Processing: no references
[24.385s][debug][gc,ref         ] GC(55) ReferenceProcessor::execute queues: 1, RefProcThreadModel::Single, marks_oops_alive: false
[24.385s][debug][gc,ref         ] GC(55) Skipped phase 3 of Reference Processing: no references
[24.385s][debug][gc,ref         ] GC(55) ReferenceProcessor::execute queues: 1, RefProcThreadModel::Single, marks_oops_alive: false
[24.385s][debug][gc,phases      ] GC(55) Reference Processing 0.129ms
[24.385s][debug][gc,phases      ] GC(55)   VM Weak                        Min:  0.0, Avg:  0.0, Max:  0.0, Diff:  0.0, Sum:  0.0, Workers: 4
[24.385s][debug][gc,phases      ] GC(55)     Dead                           Min: 0, Avg:  0.0, Max: 0, Diff: 0, Sum: 0, Workers: 4
[24.385s][debug][gc,phases      ] GC(55)     Total                          Min: 0, Avg: 129.0, Max: 516, Diff: 516, Sum: 516, Workers: 4
[24.385s][debug][gc,phases      ] GC(55)   ObjectSynchronizer Weak        Min:  0.0, Avg:  0.0, Max:  0.0, Diff:  0.0, Sum:  0.0, Workers: 4
[24.385s][debug][gc,phases      ] GC(55)     Dead                           Min: 0, Avg:  0.0, Max: 0, Diff: 0, Sum: 0, Workers: 4
[24.385s][debug][gc,phases      ] GC(55)     Total                          Min: 0, Avg: 111.0, Max: 444, Diff: 444, Sum: 444, Workers: 4
[24.385s][debug][gc,phases      ] GC(55)   JVMTI Tag Weak OopStorage      Min:  0.0, Avg:  0.0, Max:  0.0, Diff:  0.0, Sum:  0.0, Workers: 4
[24.385s][debug][gc,phases      ] GC(55)     Dead                           Min: 0, Avg:  0.0, Max: 0, Diff: 0, Sum: 0, Workers: 4
[24.385s][debug][gc,phases      ] GC(55)     Total                          Min: 0, Avg:  0.0, Max: 0, Diff: 0, Sum: 0, Workers: 4
[24.385s][debug][gc,phases      ] GC(55)   StringTable Weak               Min:  0.1, Avg:  0.1, Max:  0.1, Diff:  0.0, Sum:  0.4, Workers: 4
[24.385s][debug][gc,phases      ] GC(55)     Dead                           Min: 0, Avg:  0.0, Max: 0, Diff: 0, Sum: 0, Workers: 4
[24.385s][debug][gc,phases      ] GC(55)     Total                          Min: 10048, Avg: 10587.0, Max: 11200, Diff: 1152, Sum: 42348, Workers: 4
[24.385s][debug][gc,phases      ] GC(55)   ResolvedMethodTable Weak       Min:  0.0, Avg:  0.0, Max:  0.0, Diff:  0.0, Sum:  0.1, Workers: 4
[24.385s][debug][gc,phases      ] GC(55)     Dead                           Min: 0, Avg:  0.0, Max: 0, Diff: 0, Sum: 0, Workers: 4
[24.385s][debug][gc,phases      ] GC(55)     Total                          Min: 1533, Avg: 1759.2, Max: 1920, Diff: 387, Sum: 7037, Workers: 4
[24.385s][debug][gc,phases      ] GC(55)   JNI Weak                       Min:  0.0, Avg:  0.0, Max:  0.0, Diff:  0.0, Sum:  0.0, Workers: 4
[24.385s][debug][gc,phases      ] GC(55)     Dead                           Min: 0, Avg:  0.0, Max: 0, Diff: 0, Sum: 0, Workers: 4
[24.385s][debug][gc,phases      ] GC(55)     Total                          Min: 0, Avg:  0.2, Max: 1, Diff: 1, Sum: 1, Workers: 4
[24.385s][debug][gc,phases      ] GC(55)   StringDedup Table Weak         Min:  0.0, Avg:  0.0, Max:  0.0, Diff:  0.0, Sum:  0.0, Workers: 4
[24.385s][debug][gc,phases      ] GC(55)     Dead                           Min: 0, Avg:  0.0, Max: 0, Diff: 0, Sum: 0, Workers: 4
[24.385s][debug][gc,phases      ] GC(55)     Total                          Min: 0, Avg:  0.0, Max: 0, Diff: 0, Sum: 0, Workers: 4
[24.385s][debug][gc,phases      ] GC(55)   StringDedup Requests0 Weak     Min:  0.0, Avg:  0.0, Max:  0.0, Diff:  0.0, Sum:  0.0, Workers: 4
[24.385s][debug][gc,phases      ] GC(55)     Dead                           Min: 0, Avg:  0.0, Max: 0, Diff: 0, Sum: 0, Workers: 4
[24.385s][debug][gc,phases      ] GC(55)     Total                          Min: 0, Avg:  0.0, Max: 0, Diff: 0, Sum: 0, Workers: 4
[24.385s][debug][gc,phases      ] GC(55)   StringDedup Requests1 Weak     Min:  0.0, Avg:  0.0, Max:  0.0, Diff:  0.0, Sum:  0.0, Workers: 4
[24.385s][debug][gc,phases      ] GC(55)     Dead                           Min: 0, Avg:  0.0, Max: 0, Diff: 0, Sum: 0, Workers: 4
[24.385s][debug][gc,phases      ] GC(55)     Total                          Min: 0, Avg:  0.0, Max: 0, Diff: 0, Sum: 0, Workers: 4
[24.385s][debug][gc,phases      ] GC(55)   Weak JFR Old Object Samples    Min:  0.0, Avg:  0.0, Max:  0.0, Diff:  0.0, Sum:  0.0, Workers: 4
[24.385s][debug][gc,phases      ] GC(55)     Dead                           Min: 0, Avg:  0.0, Max: 0, Diff: 0, Sum: 0, Workers: 4
[24.385s][debug][gc,phases      ] GC(55)     Total                          Min: 0, Avg:  0.0, Max: 0, Diff: 0, Sum: 0, Workers: 4
[24.385s][debug][gc,phases      ] GC(55) Weak Processing 0.296ms
[24.385s][debug][gc,age         ] GC(55) Desired survivor size 328204288 bytes, new threshold 15 (max threshold 15)
[24.386s][info ][gc,heap        ] GC(55) PSYoungGen: 1390912K(1732096K)->10496K(1776640K) Eden: 1380864K(1380864K)->0K(1440256K) From: 10048K(351232K)->10496K(336384K)
[24.386s][info ][gc,heap        ] GC(55) ParOldGen: 538046K(694784K)->538182K(694784K)
[24.386s][info ][gc,metaspace   ] GC(55) Metaspace: 67278K(67968K)->67278K(67968K) NonClass: 57467K(57856K)->57467K(57856K) Class: 9811K(10112K)->9811K(10112K)
[24.386s][info ][gc             ] GC(55) Pause Young (Allocation Failure) 1883M->535M(2413M) 8.096ms
[24.386s][info ][gc,cpu         ] GC(55) User=0.02s Sys=0.01s Real=0.01s
[24.386s][info ][safepoint      ] Safepoint "ParallelGCFailedAllocation", Time since last: 213958251 ns, Reaching safepoint: 171504 ns, At safepoint: 8207109 ns, Total: 8378613 ns
[24.701s][info ][gc,start       ] GC(56) Pause Young (Allocation Failure)
[24.710s][debug][gc,phases      ] GC(56) Scavenge 8.514ms
[24.710s][debug][gc,ref         ] GC(56) Skipped phase 1 of Reference Processing: no references
[24.710s][debug][gc,ref         ] GC(56) ReferenceProcessor::execute queues: 1, RefProcThreadModel::Single, marks_oops_alive: false
[24.710s][debug][gc,ref         ] GC(56) Skipped phase 3 of Reference Processing: no references
[24.710s][debug][gc,ref         ] GC(56) ReferenceProcessor::execute queues: 1, RefProcThreadModel::Single, marks_oops_alive: false
[24.710s][debug][gc,phases      ] GC(56) Reference Processing 0.123ms
[24.710s][debug][gc,phases      ] GC(56)   VM Weak                        Min:  0.0, Avg:  0.0, Max:  0.0, Diff:  0.0, Sum:  0.0, Workers: 4
[24.710s][debug][gc,phases      ] GC(56)     Dead                           Min: 0, Avg:  0.0, Max: 0, Diff: 0, Sum: 0, Workers: 4
[24.710s][debug][gc,phases      ] GC(56)     Total                          Min: 0, Avg: 129.0, Max: 516, Diff: 516, Sum: 516, Workers: 4
[24.710s][debug][gc,phases      ] GC(56)   ObjectSynchronizer Weak        Min:  0.0, Avg:  0.0, Max:  0.0, Diff:  0.0, Sum:  0.0, Workers: 4
[24.710s][debug][gc,phases      ] GC(56)     Dead                           Min: 0, Avg:  0.0, Max: 0, Diff: 0, Sum: 0, Workers: 4
[24.710s][debug][gc,phases      ] GC(56)     Total                          Min: 0, Avg: 111.0, Max: 380, Diff: 380, Sum: 444, Workers: 4
[24.710s][debug][gc,phases      ] GC(56)   JVMTI Tag Weak OopStorage      Min:  0.0, Avg:  0.0, Max:  0.0, Diff:  0.0, Sum:  0.0, Workers: 4
[24.710s][debug][gc,phases      ] GC(56)     Dead                           Min: 0, Avg:  0.0, Max: 0, Diff: 0, Sum: 0, Workers: 4
[24.710s][debug][gc,phases      ] GC(56)     Total                          Min: 0, Avg:  0.0, Max: 0, Diff: 0, Sum: 0, Workers: 4
[24.710s][debug][gc,phases      ] GC(56)   StringTable Weak               Min:  0.1, Avg:  0.1, Max:  0.1, Diff:  0.0, Sum:  0.4, Workers: 4
[24.710s][debug][gc,phases      ] GC(56)     Dead                           Min: 0, Avg:  2.8, Max: 11, Diff: 11, Sum: 11, Workers: 4
[24.710s][debug][gc,phases      ] GC(56)     Total                          Min: 9152, Avg: 10589.8, Max: 11712, Diff: 2560, Sum: 42359, Workers: 4
[24.710s][debug][gc,phases      ] GC(56)   ResolvedMethodTable Weak       Min:  0.0, Avg:  0.0, Max:  0.0, Diff:  0.0, Sum:  0.1, Workers: 4
[24.710s][debug][gc,phases      ] GC(56)     Dead                           Min: 0, Avg:  0.0, Max: 0, Diff: 0, Sum: 0, Workers: 4
[24.710s][debug][gc,phases      ] GC(56)     Total                          Min: 1536, Avg: 1759.2, Max: 2045, Diff: 509, Sum: 7037, Workers: 4
[24.710s][debug][gc,phases      ] GC(56)   JNI Weak                       Min:  0.0, Avg:  0.0, Max:  0.0, Diff:  0.0, Sum:  0.0, Workers: 4
[24.710s][debug][gc,phases      ] GC(56)     Dead                           Min: 0, Avg:  0.0, Max: 0, Diff: 0, Sum: 0, Workers: 4
[24.710s][debug][gc,phases      ] GC(56)     Total                          Min: 0, Avg:  0.2, Max: 1, Diff: 1, Sum: 1, Workers: 4
[24.710s][debug][gc,phases      ] GC(56)   StringDedup Table Weak         Min:  0.0, Avg:  0.0, Max:  0.0, Diff:  0.0, Sum:  0.0, Workers: 4
[24.710s][debug][gc,phases      ] GC(56)     Dead                           Min: 0, Avg:  0.0, Max: 0, Diff: 0, Sum: 0, Workers: 4
[24.710s][debug][gc,phases      ] GC(56)     Total                          Min: 0, Avg:  0.0, Max: 0, Diff: 0, Sum: 0, Workers: 4
[24.710s][debug][gc,phases      ] GC(56)   StringDedup Requests0 Weak     Min:  0.0, Avg:  0.0, Max:  0.0, Diff:  0.0, Sum:  0.0, Workers: 4
[24.710s][debug][gc,phases      ] GC(56)     Dead                           Min: 0, Avg:  0.0, Max: 0, Diff: 0, Sum: 0, Workers: 4
[24.710s][debug][gc,phases      ] GC(56)     Total                          Min: 0, Avg:  0.0, Max: 0, Diff: 0, Sum: 0, Workers: 4
[24.710s][debug][gc,phases      ] GC(56)   StringDedup Requests1 Weak     Min:  0.0, Avg:  0.0, Max:  0.0, Diff:  0.0, Sum:  0.0, Workers: 4
[24.710s][debug][gc,phases      ] GC(56)     Dead                           Min: 0, Avg:  0.0, Max: 0, Diff: 0, Sum: 0, Workers: 4
[24.710s][debug][gc,phases      ] GC(56)     Total                          Min: 0, Avg:  0.0, Max: 0, Diff: 0, Sum: 0, Workers: 4
[24.710s][debug][gc,phases      ] GC(56)   Weak JFR Old Object Samples    Min:  0.0, Avg:  0.0, Max:  0.0, Diff:  0.0, Sum:  0.0, Workers: 4
[24.710s][debug][gc,phases      ] GC(56)     Dead                           Min: 0, Avg:  0.0, Max: 0, Diff: 0, Sum: 0, Workers: 4
[24.710s][debug][gc,phases      ] GC(56)     Total                          Min: 0, Avg:  0.0, Max: 0, Diff: 0, Sum: 0, Workers: 4
[24.710s][debug][gc,phases      ] GC(56) Weak Processing 0.329ms
[24.710s][debug][gc,age         ] GC(56) Desired survivor size 312475648 bytes, new threshold 15 (max threshold 15)
[24.710s][info ][gc,heap        ] GC(56) PSYoungGen: 1450752K(1776640K)->11552K(1760768K) Eden: 1440256K(1440256K)->0K(1440256K) From: 10496K(336384K)->11552K(320512K)
[24.710s][info ][gc,heap        ] GC(56) ParOldGen: 538182K(694784K)->538254K(694784K)
[24.710s][info ][gc,metaspace   ] GC(56) Metaspace: 67294K(67968K)->67294K(67968K) NonClass: 57483K(57856K)->57483K(57856K) Class: 9811K(10112K)->9811K(10112K)
[24.710s][info ][gc             ] GC(56) Pause Young (Allocation Failure) 1942M->536M(2398M) 9.111ms
[24.710s][info ][gc,cpu         ] GC(56) User=0.04s Sys=0.01s Real=0.01s
[24.710s][info ][safepoint      ] Safepoint "ParallelGCFailedAllocation", Time since last: 315195730 ns, Reaching safepoint: 164904 ns, At safepoint: 9224535 ns, Total: 9389439 ns
[24.950s][info ][gc,start       ] GC(57) Pause Young (Allocation Failure)
[24.957s][debug][gc,phases      ] GC(57) Scavenge 6.675ms
[24.957s][debug][gc,ref         ] GC(57) Skipped phase 1 of Reference Processing: no references
[24.957s][debug][gc,ref         ] GC(57) ReferenceProcessor::execute queues: 1, RefProcThreadModel::Single, marks_oops_alive: false
[24.957s][debug][gc,ref         ] GC(57) Skipped phase 3 of Reference Processing: no references
[24.957s][debug][gc,ref         ] GC(57) ReferenceProcessor::execute queues: 1, RefProcThreadModel::Single, marks_oops_alive: false
[24.957s][debug][gc,phases      ] GC(57) Reference Processing 0.122ms
[24.957s][debug][gc,phases      ] GC(57)   VM Weak                        Min:  0.0, Avg:  0.0, Max:  0.0, Diff:  0.0, Sum:  0.0, Workers: 4
[24.957s][debug][gc,phases      ] GC(57)     Dead                           Min: 0, Avg:  0.0, Max: 0, Diff: 0, Sum: 0, Workers: 4
[24.957s][debug][gc,phases      ] GC(57)     Total                          Min: 0, Avg: 129.0, Max: 448, Diff: 448, Sum: 516, Workers: 4
[24.957s][debug][gc,phases      ] GC(57)   ObjectSynchronizer Weak        Min:  0.0, Avg:  0.0, Max:  0.0, Diff:  0.0, Sum:  0.0, Workers: 4
[24.957s][debug][gc,phases      ] GC(57)     Dead                           Min: 0, Avg:  0.0, Max: 0, Diff: 0, Sum: 0, Workers: 4
[24.957s][debug][gc,phases      ] GC(57)     Total                          Min: 0, Avg: 111.0, Max: 188, Diff: 188, Sum: 444, Workers: 4
[24.957s][debug][gc,phases      ] GC(57)   JVMTI Tag Weak OopStorage      Min:  0.0, Avg:  0.0, Max:  0.0, Diff:  0.0, Sum:  0.0, Workers: 4
[24.957s][debug][gc,phases      ] GC(57)     Dead                           Min: 0, Avg:  0.0, Max: 0, Diff: 0, Sum: 0, Workers: 4
[24.957s][debug][gc,phases      ] GC(57)     Total                          Min: 0, Avg:  0.0, Max: 0, Diff: 0, Sum: 0, Workers: 4
[24.957s][debug][gc,phases      ] GC(57)   StringTable Weak               Min:  0.1, Avg:  0.1, Max:  0.1, Diff:  0.0, Sum:  0.4, Workers: 4
[24.957s][debug][gc,phases      ] GC(57)     Dead                           Min: 0, Avg:  0.0, Max: 0, Diff: 0, Sum: 0, Workers: 4
[24.957s][debug][gc,phases      ] GC(57)     Total                          Min: 10048, Avg: 10590.0, Max: 11198, Diff: 1150, Sum: 42360, Workers: 4
[24.957s][debug][gc,phases      ] GC(57)   ResolvedMethodTable Weak       Min:  0.0, Avg:  0.0, Max:  0.0, Diff:  0.0, Sum:  0.1, Workers: 4
[24.957s][debug][gc,phases      ] GC(57)     Dead                           Min: 0, Avg:  0.0, Max: 0, Diff: 0, Sum: 0, Workers: 4
[24.957s][debug][gc,phases      ] GC(57)     Total                          Min: 1472, Avg: 1759.2, Max: 1981, Diff: 509, Sum: 7037, Workers: 4
[24.957s][debug][gc,phases      ] GC(57)   JNI Weak                       Min:  0.0, Avg:  0.0, Max:  0.0, Diff:  0.0, Sum:  0.0, Workers: 4
[24.957s][debug][gc,phases      ] GC(57)     Dead                           Min: 0, Avg:  0.0, Max: 0, Diff: 0, Sum: 0, Workers: 4
[24.957s][debug][gc,phases      ] GC(57)     Total                          Min: 0, Avg:  0.0, Max: 0, Diff: 0, Sum: 0, Workers: 4
[24.957s][debug][gc,phases      ] GC(57)   StringDedup Table Weak         Min:  0.0, Avg:  0.0, Max:  0.0, Diff:  0.0, Sum:  0.0, Workers: 4
[24.957s][debug][gc,phases      ] GC(57)     Dead                           Min: 0, Avg:  0.0, Max: 0, Diff: 0, Sum: 0, Workers: 4
[24.957s][debug][gc,phases      ] GC(57)     Total                          Min: 0, Avg:  0.0, Max: 0, Diff: 0, Sum: 0, Workers: 4
[24.957s][debug][gc,phases      ] GC(57)   StringDedup Requests0 Weak     Min:  0.0, Avg:  0.0, Max:  0.0, Diff:  0.0, Sum:  0.0, Workers: 4
[24.957s][debug][gc,phases      ] GC(57)     Dead                           Min: 0, Avg:  0.0, Max: 0, Diff: 0, Sum: 0, Workers: 4
[24.957s][debug][gc,phases      ] GC(57)     Total                          Min: 0, Avg:  0.0, Max: 0, Diff: 0, Sum: 0, Workers: 4
[24.957s][debug][gc,phases      ] GC(57)   StringDedup Requests1 Weak     Min:  0.0, Avg:  0.0, Max:  0.0, Diff:  0.0, Sum:  0.0, Workers: 4
[24.957s][debug][gc,phases      ] GC(57)     Dead                           Min: 0, Avg:  0.0, Max: 0, Diff: 0, Sum: 0, Workers: 4
[24.957s][debug][gc,phases      ] GC(57)     Total                          Min: 0, Avg:  0.0, Max: 0, Diff: 0, Sum: 0, Workers: 4
[24.957s][debug][gc,phases      ] GC(57)   Weak JFR Old Object Samples    Min:  0.0, Avg:  0.0, Max:  0.0, Diff:  0.0, Sum:  0.0, Workers: 4
[24.957s][debug][gc,phases      ] GC(57)     Dead                           Min: 0, Avg:  0.0, Max: 0, Diff: 0, Sum: 0, Workers: 4
[24.957s][debug][gc,phases      ] GC(57)     Total                          Min: 0, Avg:  0.0, Max: 0, Diff: 0, Sum: 0, Workers: 4
[24.957s][debug][gc,phases      ] GC(57) Weak Processing 0.310ms
[24.957s][debug][gc,age         ] GC(57) Desired survivor size 296222720 bytes, new threshold 15 (max threshold 15)
[24.957s][info ][gc,heap        ] GC(57) PSYoungGen: 1451808K(1760768K)->11840K(1807872K) Eden: 1440256K(1440256K)->0K(1502720K) From: 11552K(320512K)->11840K(305152K)
[24.957s][info ][gc,heap        ] GC(57) ParOldGen: 538254K(694784K)->538510K(694784K)
[24.957s][info ][gc,metaspace   ] GC(57) Metaspace: 67295K(67968K)->67295K(67968K) NonClass: 57484K(57856K)->57484K(57856K) Class: 9811K(10112K)->9811K(10112K)
[24.957s][info ][gc             ] GC(57) Pause Young (Allocation Failure) 1943M->537M(2444M) 7.249ms
[24.957s][info ][gc,cpu         ] GC(57) User=0.02s Sys=0.00s Real=0.01s
[24.957s][info ][safepoint      ] Safepoint "ParallelGCFailedAllocation", Time since last: 236477324 ns, Reaching safepoint: 3209482 ns, At safepoint: 7368588 ns, Total: 10578070 ns
[25.210s][info ][gc,start       ] GC(58) Pause Young (Allocation Failure)
[25.218s][debug][gc,phases      ] GC(58) Scavenge 8.116ms
[25.218s][debug][gc,ref         ] GC(58) Skipped phase 1 of Reference Processing: no references
[25.218s][debug][gc,ref         ] GC(58) ReferenceProcessor::execute queues: 1, RefProcThreadModel::Single, marks_oops_alive: false
[25.218s][debug][gc,ref         ] GC(58) Skipped phase 3 of Reference Processing: no references
[25.218s][debug][gc,ref         ] GC(58) ReferenceProcessor::execute queues: 1, RefProcThreadModel::Single, marks_oops_alive: false
[25.218s][debug][gc,phases      ] GC(58) Reference Processing 0.118ms
[25.218s][debug][gc,phases      ] GC(58)   VM Weak                        Min:  0.0, Avg:  0.0, Max:  0.0, Diff:  0.0, Sum:  0.0, Workers: 4
[25.218s][debug][gc,phases      ] GC(58)     Dead                           Min: 0, Avg:  0.0, Max: 0, Diff: 0, Sum: 0, Workers: 4
[25.218s][debug][gc,phases      ] GC(58)     Total                          Min: 0, Avg: 129.0, Max: 384, Diff: 384, Sum: 516, Workers: 4
[25.218s][debug][gc,phases      ] GC(58)   ObjectSynchronizer Weak        Min:  0.0, Avg:  0.0, Max:  0.0, Diff:  0.0, Sum:  0.0, Workers: 4
[25.218s][debug][gc,phases      ] GC(58)     Dead                           Min: 0, Avg:  0.0, Max: 0, Diff: 0, Sum: 0, Workers: 4
[25.218s][debug][gc,phases      ] GC(58)     Total                          Min: 0, Avg: 111.0, Max: 188, Diff: 188, Sum: 444, Workers: 4
[25.218s][debug][gc,phases      ] GC(58)   JVMTI Tag Weak OopStorage      Min:  0.0, Avg:  0.0, Max:  0.0, Diff:  0.0, Sum:  0.0, Workers: 4
[25.218s][debug][gc,phases      ] GC(58)     Dead                           Min: 0, Avg:  0.0, Max: 0, Diff: 0, Sum: 0, Workers: 4
[25.218s][debug][gc,phases      ] GC(58)     Total                          Min: 0, Avg:  0.0, Max: 0, Diff: 0, Sum: 0, Workers: 4
[25.218s][debug][gc,phases      ] GC(58)   StringTable Weak               Min:  0.1, Avg:  0.1, Max:  0.1, Diff:  0.0, Sum:  0.4, Workers: 4
[25.218s][debug][gc,phases      ] GC(58)     Dead                           Min: 0, Avg:  2.8, Max: 6, Diff: 6, Sum: 11, Workers: 4
[25.218s][debug][gc,phases      ] GC(58)     Total                          Min: 9920, Avg: 10590.0, Max: 11392, Diff: 1472, Sum: 42360, Workers: 4
[25.218s][debug][gc,phases      ] GC(58)   ResolvedMethodTable Weak       Min:  0.0, Avg:  0.0, Max:  0.0, Diff:  0.0, Sum:  0.1, Workers: 4
[25.218s][debug][gc,phases      ] GC(58)     Dead                           Min: 0, Avg:  0.0, Max: 0, Diff: 0, Sum: 0, Workers: 4
[25.218s][debug][gc,phases      ] GC(58)     Total                          Min: 1536, Avg: 1759.2, Max: 1917, Diff: 381, Sum: 7037, Workers: 4
[25.218s][debug][gc,phases      ] GC(58)   JNI Weak                       Min:  0.0, Avg:  0.0, Max:  0.0, Diff:  0.0, Sum:  0.0, Workers: 4
[25.218s][debug][gc,phases      ] GC(58)     Dead                           Min: 0, Avg:  0.0, Max: 0, Diff: 0, Sum: 0, Workers: 4
[25.218s][debug][gc,phases      ] GC(58)     Total                          Min: 0, Avg:  0.0, Max: 0, Diff: 0, Sum: 0, Workers: 4
[25.218s][debug][gc,phases      ] GC(58)   StringDedup Table Weak         Min:  0.0, Avg:  0.0, Max:  0.0, Diff:  0.0, Sum:  0.0, Workers: 4
[25.218s][debug][gc,phases      ] GC(58)     Dead                           Min: 0, Avg:  0.0, Max: 0, Diff: 0, Sum: 0, Workers: 4
[25.218s][debug][gc,phases      ] GC(58)     Total                          Min: 0, Avg:  0.0, Max: 0, Diff: 0, Sum: 0, Workers: 4
[25.218s][debug][gc,phases      ] GC(58)   StringDedup Requests0 Weak     Min:  0.0, Avg:  0.0, Max:  0.0, Diff:  0.0, Sum:  0.0, Workers: 4
[25.218s][debug][gc,phases      ] GC(58)     Dead                           Min: 0, Avg:  0.0, Max: 0, Diff: 0, Sum: 0, Workers: 4
[25.218s][debug][gc,phases      ] GC(58)     Total                          Min: 0, Avg:  0.0, Max: 0, Diff: 0, Sum: 0, Workers: 4
[25.218s][debug][gc,phases      ] GC(58)   StringDedup Requests1 Weak     Min:  0.0, Avg:  0.0, Max:  0.0, Diff:  0.0, Sum:  0.0, Workers: 4
[25.218s][debug][gc,phases      ] GC(58)     Dead                           Min: 0, Avg:  0.0, Max: 0, Diff: 0, Sum: 0, Workers: 4
[25.218s][debug][gc,phases      ] GC(58)     Total                          Min: 0, Avg:  0.0, Max: 0, Diff: 0, Sum: 0, Workers: 4
[25.218s][debug][gc,phases      ] GC(58)   Weak JFR Old Object Samples    Min:  0.0, Avg:  0.0, Max:  0.0, Diff:  0.0, Sum:  0.0, Workers: 4
[25.218s][debug][gc,phases      ] GC(58)     Dead                           Min: 0, Avg:  0.0, Max: 0, Diff: 0, Sum: 0, Workers: 4
[25.218s][debug][gc,phases      ] GC(58)     Total                          Min: 0, Avg:  0.0, Max: 0, Diff: 0, Sum: 0, Workers: 4
[25.218s][debug][gc,phases      ] GC(58) Weak Processing 0.301ms
[25.218s][debug][gc,age         ] GC(58) Desired survivor size 279969792 bytes, new threshold 15 (max threshold 15)
[25.218s][info ][gc,heap        ] GC(58) PSYoungGen: 1514560K(1807872K)->12064K(1792000K) Eden: 1502720K(1502720K)->0K(1502720K) From: 11840K(305152K)->12064K(289280K)
[25.218s][info ][gc,heap        ] GC(58) ParOldGen: 538510K(694784K)->538838K(694784K)
[25.218s][info ][gc,metaspace   ] GC(58) Metaspace: 67310K(67968K)->67310K(67968K) NonClass: 57499K(57856K)->57499K(57856K) Class: 9811K(10112K)->9811K(10112K)
[25.218s][info ][gc             ] GC(58) Pause Young (Allocation Failure) 2004M->537M(2428M) 8.667ms
[25.218s][info ][gc,cpu         ] GC(58) User=0.04s Sys=0.00s Real=0.01s
[25.218s][info ][safepoint      ] Safepoint "ParallelGCFailedAllocation", Time since last: 252144523 ns, Reaching safepoint: 174605 ns, At safepoint: 8777823 ns, Total: 8952428 ns
[25.509s][info ][gc,start       ] GC(59) Pause Young (Allocation Failure)
[25.518s][debug][gc,phases      ] GC(59) Scavenge 8.694ms
[25.518s][debug][gc,ref         ] GC(59) Skipped phase 1 of Reference Processing: no references
[25.518s][debug][gc,ref         ] GC(59) ReferenceProcessor::execute queues: 1, RefProcThreadModel::Single, marks_oops_alive: false
[25.518s][debug][gc,ref         ] GC(59) Skipped phase 3 of Reference Processing: no references
[25.518s][debug][gc,ref         ] GC(59) ReferenceProcessor::execute queues: 1, RefProcThreadModel::Single, marks_oops_alive: false
[25.518s][debug][gc,phases      ] GC(59) Reference Processing 0.117ms
[25.518s][debug][gc,phases      ] GC(59)   VM Weak                        Min:  0.0, Avg:  0.0, Max:  0.0, Diff:  0.0, Sum:  0.0, Workers: 4
[25.518s][debug][gc,phases      ] GC(59)     Dead                           Min: 0, Avg:  0.0, Max: 0, Diff: 0, Sum: 0, Workers: 4
[25.518s][debug][gc,phases      ] GC(59)     Total                          Min: 0, Avg: 129.0, Max: 324, Diff: 324, Sum: 516, Workers: 4
[25.518s][debug][gc,phases      ] GC(59)   ObjectSynchronizer Weak        Min:  0.0, Avg:  0.0, Max:  0.0, Diff:  0.0, Sum:  0.0, Workers: 4
[25.518s][debug][gc,phases      ] GC(59)     Dead                           Min: 0, Avg:  0.0, Max: 0, Diff: 0, Sum: 0, Workers: 4
[25.518s][debug][gc,phases      ] GC(59)     Total                          Min: 0, Avg: 111.0, Max: 252, Diff: 252, Sum: 444, Workers: 4
[25.518s][debug][gc,phases      ] GC(59)   JVMTI Tag Weak OopStorage      Min:  0.0, Avg:  0.0, Max:  0.0, Diff:  0.0, Sum:  0.0, Workers: 4
[25.518s][debug][gc,phases      ] GC(59)     Dead                           Min: 0, Avg:  0.0, Max: 0, Diff: 0, Sum: 0, Workers: 4
[25.518s][debug][gc,phases      ] GC(59)     Total                          Min: 0, Avg:  0.0, Max: 0, Diff: 0, Sum: 0, Workers: 4
[25.518s][debug][gc,phases      ] GC(59)   StringTable Weak               Min:  0.1, Avg:  0.1, Max:  0.1, Diff:  0.0, Sum:  0.4, Workers: 4
[25.518s][debug][gc,phases      ] GC(59)     Dead                           Min: 0, Avg:  0.0, Max: 0, Diff: 0, Sum: 0, Workers: 4
[25.518s][debug][gc,phases      ] GC(59)     Total                          Min: 9472, Avg: 10593.8, Max: 12416, Diff: 2944, Sum: 42375, Workers: 4
[25.518s][debug][gc,phases      ] GC(59)   ResolvedMethodTable Weak       Min:  0.0, Avg:  0.0, Max:  0.0, Diff:  0.0, Sum:  0.1, Workers: 4
[25.518s][debug][gc,phases      ] GC(59)     Dead                           Min: 0, Avg:  0.0, Max: 0, Diff: 0, Sum: 0, Workers: 4
[25.518s][debug][gc,phases      ] GC(59)     Total                          Min: 1472, Avg: 1759.2, Max: 2176, Diff: 704, Sum: 7037, Workers: 4
[25.518s][debug][gc,phases      ] GC(59)   JNI Weak                       Min:  0.0, Avg:  0.0, Max:  0.0, Diff:  0.0, Sum:  0.0, Workers: 4
[25.518s][debug][gc,phases      ] GC(59)     Dead                           Min: 0, Avg:  0.0, Max: 0, Diff: 0, Sum: 0, Workers: 4
[25.518s][debug][gc,phases      ] GC(59)     Total                          Min: 0, Avg:  0.0, Max: 0, Diff: 0, Sum: 0, Workers: 4
[25.518s][debug][gc,phases      ] GC(59)   StringDedup Table Weak         Min:  0.0, Avg:  0.0, Max:  0.0, Diff:  0.0, Sum:  0.0, Workers: 4
[25.518s][debug][gc,phases      ] GC(59)     Dead                           Min: 0, Avg:  0.0, Max: 0, Diff: 0, Sum: 0, Workers: 4
[25.518s][debug][gc,phases      ] GC(59)     Total                          Min: 0, Avg:  0.0, Max: 0, Diff: 0, Sum: 0, Workers: 4
[25.518s][debug][gc,phases      ] GC(59)   StringDedup Requests0 Weak     Min:  0.0, Avg:  0.0, Max:  0.0, Diff:  0.0, Sum:  0.0, Workers: 4
[25.518s][debug][gc,phases      ] GC(59)     Dead                           Min: 0, Avg:  0.0, Max: 0, Diff: 0, Sum: 0, Workers: 4
[25.518s][debug][gc,phases      ] GC(59)     Total                          Min: 0, Avg:  0.0, Max: 0, Diff: 0, Sum: 0, Workers: 4
[25.518s][debug][gc,phases      ] GC(59)   StringDedup Requests1 Weak     Min:  0.0, Avg:  0.0, Max:  0.0, Diff:  0.0, Sum:  0.0, Workers: 4
[25.518s][debug][gc,phases      ] GC(59)     Dead                           Min: 0, Avg:  0.0, Max: 0, Diff: 0, Sum: 0, Workers: 4
[25.518s][debug][gc,phases      ] GC(59)     Total                          Min: 0, Avg:  0.0, Max: 0, Diff: 0, Sum: 0, Workers: 4
[25.518s][debug][gc,phases      ] GC(59)   Weak JFR Old Object Samples    Min:  0.0, Avg:  0.0, Max:  0.0, Diff:  0.0, Sum:  0.0, Workers: 4
[25.518s][debug][gc,phases      ] GC(59)     Dead                           Min: 0, Avg:  0.0, Max: 0, Diff: 0, Sum: 0, Workers: 4
[25.518s][debug][gc,phases      ] GC(59)     Total                          Min: 0, Avg:  0.0, Max: 0, Diff: 0, Sum: 0, Workers: 4
[25.518s][debug][gc,phases      ] GC(59) Weak Processing 0.309ms
[25.518s][debug][gc,age         ] GC(59) Desired survivor size 264765440 bytes, new threshold 15 (max threshold 15)
[25.518s][info ][gc,heap        ] GC(59) PSYoungGen: 1514784K(1792000K)->11584K(1838592K) Eden: 1502720K(1502720K)->0K(1565184K) From: 12064K(289280K)->11584K(273408K)
[25.518s][info ][gc,heap        ] GC(59) ParOldGen: 538838K(694784K)->540075K(694784K)
[25.518s][info ][gc,metaspace   ] GC(59) Metaspace: 67317K(67968K)->67317K(67968K) NonClass: 57506K(57856K)->57506K(57856K) Class: 9811K(10112K)->9811K(10112K)
[25.518s][info ][gc             ] GC(59) Pause Young (Allocation Failure) 2005M->538M(2474M) 9.264ms
[25.518s][info ][gc,cpu         ] GC(59) User=0.03s Sys=0.00s Real=0.01s
[25.518s][info ][safepoint      ] Safepoint "ParallelGCFailedAllocation", Time since last: 290379798 ns, Reaching safepoint: 156904 ns, At safepoint: 9382239 ns, Total: 9539143 ns
[25.791s][info ][gc,start       ] GC(60) Pause Young (Allocation Failure)
[25.800s][debug][gc,phases      ] GC(60) Scavenge 9.217ms
[25.800s][debug][gc,ref         ] GC(60) Skipped phase 1 of Reference Processing: no references
[25.800s][debug][gc,ref         ] GC(60) ReferenceProcessor::execute queues: 1, RefProcThreadModel::Single, marks_oops_alive: false
[25.800s][debug][gc,ref         ] GC(60) Skipped phase 3 of Reference Processing: no references
[25.801s][debug][gc,ref         ] GC(60) ReferenceProcessor::execute queues: 1, RefProcThreadModel::Single, marks_oops_alive: false
[25.801s][debug][gc,phases      ] GC(60) Reference Processing 0.163ms
[25.801s][debug][gc,phases      ] GC(60)   VM Weak                        Min:  0.0, Avg:  0.0, Max:  0.0, Diff:  0.0, Sum:  0.0, Workers: 4
[25.801s][debug][gc,phases      ] GC(60)     Dead                           Min: 0, Avg:  0.0, Max: 0, Diff: 0, Sum: 0, Workers: 4
[25.801s][debug][gc,phases      ] GC(60)     Total                          Min: 0, Avg: 129.0, Max: 512, Diff: 512, Sum: 516, Workers: 4
[25.801s][debug][gc,phases      ] GC(60)   ObjectSynchronizer Weak        Min:  0.0, Avg:  0.0, Max:  0.0, Diff:  0.0, Sum:  0.0, Workers: 4
[25.801s][debug][gc,phases      ] GC(60)     Dead                           Min: 0, Avg:  0.0, Max: 0, Diff: 0, Sum: 0, Workers: 4
[25.801s][debug][gc,phases      ] GC(60)     Total                          Min: 0, Avg: 111.0, Max: 252, Diff: 252, Sum: 444, Workers: 4
[25.801s][debug][gc,phases      ] GC(60)   JVMTI Tag Weak OopStorage      Min:  0.0, Avg:  0.0, Max:  0.0, Diff:  0.0, Sum:  0.0, Workers: 4
[25.801s][debug][gc,phases      ] GC(60)     Dead                           Min: 0, Avg:  0.0, Max: 0, Diff: 0, Sum: 0, Workers: 4
[25.801s][debug][gc,phases      ] GC(60)     Total                          Min: 0, Avg:  0.0, Max: 0, Diff: 0, Sum: 0, Workers: 4
[25.801s][debug][gc,phases      ] GC(60)   StringTable Weak               Min:  0.1, Avg:  0.1, Max:  0.1, Diff:  0.0, Sum:  0.4, Workers: 4
[25.801s][debug][gc,phases      ] GC(60)     Dead                           Min: 0, Avg:  2.8, Max: 11, Diff: 11, Sum: 11, Workers: 4
[25.801s][debug][gc,phases      ] GC(60)     Total                          Min: 9597, Avg: 10596.0, Max: 11419, Diff: 1822, Sum: 42384, Workers: 4
[25.801s][debug][gc,phases      ] GC(60)   ResolvedMethodTable Weak       Min:  0.0, Avg:  0.0, Max:  0.0, Diff:  0.0, Sum:  0.1, Workers: 4
[25.801s][debug][gc,phases      ] GC(60)     Dead                           Min: 0, Avg:  0.0, Max: 0, Diff: 0, Sum: 0, Workers: 4
[25.801s][debug][gc,phases      ] GC(60)     Total                          Min: 1661, Avg: 1759.2, Max: 1856, Diff: 195, Sum: 7037, Workers: 4
[25.801s][debug][gc,phases      ] GC(60)   JNI Weak                       Min:  0.0, Avg:  0.0, Max:  0.0, Diff:  0.0, Sum:  0.0, Workers: 4
[25.801s][debug][gc,phases      ] GC(60)     Dead                           Min: 0, Avg:  0.0, Max: 0, Diff: 0, Sum: 0, Workers: 4
[25.801s][debug][gc,phases      ] GC(60)     Total                          Min: 0, Avg:  0.2, Max: 1, Diff: 1, Sum: 1, Workers: 4
[25.801s][debug][gc,phases      ] GC(60)   StringDedup Table Weak         Min:  0.0, Avg:  0.0, Max:  0.0, Diff:  0.0, Sum:  0.0, Workers: 4
[25.801s][debug][gc,phases      ] GC(60)     Dead                           Min: 0, Avg:  0.0, Max: 0, Diff: 0, Sum: 0, Workers: 4
[25.801s][debug][gc,phases      ] GC(60)     Total                          Min: 0, Avg:  0.0, Max: 0, Diff: 0, Sum: 0, Workers: 4
[25.801s][debug][gc,phases      ] GC(60)   StringDedup Requests0 Weak     Min:  0.0, Avg:  0.0, Max:  0.0, Diff:  0.0, Sum:  0.0, Workers: 4
[25.801s][debug][gc,phases      ] GC(60)     Dead                           Min: 0, Avg:  0.0, Max: 0, Diff: 0, Sum: 0, Workers: 4
[25.801s][debug][gc,phases      ] GC(60)     Total                          Min: 0, Avg:  0.0, Max: 0, Diff: 0, Sum: 0, Workers: 4
[25.801s][debug][gc,phases      ] GC(60)   StringDedup Requests1 Weak     Min:  0.0, Avg:  0.0, Max:  0.0, Diff:  0.0, Sum:  0.0, Workers: 4
[25.801s][debug][gc,phases      ] GC(60)     Dead                           Min: 0, Avg:  0.0, Max: 0, Diff: 0, Sum: 0, Workers: 4
[25.801s][debug][gc,phases      ] GC(60)     Total                          Min: 0, Avg:  0.0, Max: 0, Diff: 0, Sum: 0, Workers: 4
[25.801s][debug][gc,phases      ] GC(60)   Weak JFR Old Object Samples    Min:  0.0, Avg:  0.0, Max:  0.0, Diff:  0.0, Sum:  0.0, Workers: 4
[25.801s][debug][gc,phases      ] GC(60)     Dead                           Min: 0, Avg:  0.0, Max: 0, Diff: 0, Sum: 0, Workers: 4
[25.801s][debug][gc,phases      ] GC(60)     Total                          Min: 0, Avg:  0.0, Max: 0, Diff: 0, Sum: 0, Workers: 4
[25.801s][debug][gc,phases      ] GC(60) Weak Processing 0.363ms
[25.801s][debug][gc,age         ] GC(60) Desired survivor size 249561088 bytes, new threshold 15 (max threshold 15)
[25.801s][info ][gc,heap        ] GC(60) PSYoungGen: 1576768K(1838592K)->10464K(1823744K) Eden: 1565184K(1565184K)->0K(1565184K) From: 11584K(273408K)->10464K(258560K)
[25.801s][info ][gc,heap        ] GC(60) ParOldGen: 540075K(694784K)->541915K(694784K)
[25.801s][info ][gc,metaspace   ] GC(60) Metaspace: 67345K(67968K)->67345K(67968K) NonClass: 57534K(57856K)->57534K(57856K) Class: 9811K(10112K)->9811K(10112K)
[25.801s][info ][gc             ] GC(60) Pause Young (Allocation Failure) 2067M->539M(2459M) 9.895ms
[25.801s][info ][gc,cpu         ] GC(60) User=0.04s Sys=0.00s Real=0.01s
[25.801s][info ][safepoint      ] Safepoint "ParallelGCFailedAllocation", Time since last: 272600944 ns, Reaching safepoint: 170905 ns, At safepoint: 10021655 ns, Total: 10192560 ns
[26.051s][info ][gc,start       ] GC(61) Pause Young (Allocation Failure)
[26.058s][debug][gc,phases      ] GC(61) Scavenge 7.821ms
[26.058s][debug][gc,ref         ] GC(61) Skipped phase 1 of Reference Processing: no references
[26.059s][debug][gc,ref         ] GC(61) ReferenceProcessor::execute queues: 1, RefProcThreadModel::Single, marks_oops_alive: false
[26.059s][debug][gc,ref         ] GC(61) Skipped phase 3 of Reference Processing: no references
[26.059s][debug][gc,ref         ] GC(61) ReferenceProcessor::execute queues: 1, RefProcThreadModel::Single, marks_oops_alive: false
[26.059s][debug][gc,phases      ] GC(61) Reference Processing 0.127ms
[26.059s][debug][gc,phases      ] GC(61)   VM Weak                        Min:  0.0, Avg:  0.0, Max:  0.0, Diff:  0.0, Sum:  0.0, Workers: 4
[26.059s][debug][gc,phases      ] GC(61)     Dead                           Min: 0, Avg:  0.0, Max: 0, Diff: 0, Sum: 0, Workers: 4
[26.059s][debug][gc,phases      ] GC(61)     Total                          Min: 0, Avg: 129.0, Max: 388, Diff: 388, Sum: 516, Workers: 4
[26.059s][debug][gc,phases      ] GC(61)   ObjectSynchronizer Weak        Min:  0.0, Avg:  0.0, Max:  0.0, Diff:  0.0, Sum:  0.0, Workers: 4
[26.059s][debug][gc,phases      ] GC(61)     Dead                           Min: 0, Avg:  0.0, Max: 0, Diff: 0, Sum: 0, Workers: 4
[26.059s][debug][gc,phases      ] GC(61)     Total                          Min: 0, Avg: 111.0, Max: 252, Diff: 252, Sum: 444, Workers: 4
[26.059s][debug][gc,phases      ] GC(61)   JVMTI Tag Weak OopStorage      Min:  0.0, Avg:  0.0, Max:  0.0, Diff:  0.0, Sum:  0.0, Workers: 4
[26.059s][debug][gc,phases      ] GC(61)     Dead                           Min: 0, Avg:  0.0, Max: 0, Diff: 0, Sum: 0, Workers: 4
[26.059s][debug][gc,phases      ] GC(61)     Total                          Min: 0, Avg:  0.0, Max: 0, Diff: 0, Sum: 0, Workers: 4
[26.059s][debug][gc,phases      ] GC(61)   StringTable Weak               Min:  0.1, Avg:  0.1, Max:  0.1, Diff:  0.0, Sum:  0.4, Workers: 4
[26.059s][debug][gc,phases      ] GC(61)     Dead                           Min: 0, Avg:  0.0, Max: 0, Diff: 0, Sum: 0, Workers: 4
[26.059s][debug][gc,phases      ] GC(61)     Total                          Min: 10176, Avg: 10597.0, Max: 10872, Diff: 696, Sum: 42388, Workers: 4
[26.059s][debug][gc,phases      ] GC(61)   ResolvedMethodTable Weak       Min:  0.0, Avg:  0.0, Max:  0.0, Diff:  0.0, Sum:  0.1, Workers: 4
[26.059s][debug][gc,phases      ] GC(61)     Dead                           Min: 0, Avg:  0.0, Max: 0, Diff: 0, Sum: 0, Workers: 4
[26.059s][debug][gc,phases      ] GC(61)     Total                          Min: 1664, Avg: 1759.2, Max: 1917, Diff: 253, Sum: 7037, Workers: 4
[26.059s][debug][gc,phases      ] GC(61)   JNI Weak                       Min:  0.0, Avg:  0.0, Max:  0.0, Diff:  0.0, Sum:  0.0, Workers: 4
[26.059s][debug][gc,phases      ] GC(61)     Dead                           Min: 0, Avg:  0.0, Max: 0, Diff: 0, Sum: 0, Workers: 4
[26.059s][debug][gc,phases      ] GC(61)     Total                          Min: 0, Avg:  0.0, Max: 0, Diff: 0, Sum: 0, Workers: 4
[26.059s][debug][gc,phases      ] GC(61)   StringDedup Table Weak         Min:  0.0, Avg:  0.0, Max:  0.0, Diff:  0.0, Sum:  0.0, Workers: 4
[26.059s][debug][gc,phases      ] GC(61)     Dead                           Min: 0, Avg:  0.0, Max: 0, Diff: 0, Sum: 0, Workers: 4
[26.059s][debug][gc,phases      ] GC(61)     Total                          Min: 0, Avg:  0.0, Max: 0, Diff: 0, Sum: 0, Workers: 4
[26.059s][debug][gc,phases      ] GC(61)   StringDedup Requests0 Weak     Min:  0.0, Avg:  0.0, Max:  0.0, Diff:  0.0, Sum:  0.0, Workers: 4
[26.059s][debug][gc,phases      ] GC(61)     Dead                           Min: 0, Avg:  0.0, Max: 0, Diff: 0, Sum: 0, Workers: 4
[26.059s][debug][gc,phases      ] GC(61)     Total                          Min: 0, Avg:  0.0, Max: 0, Diff: 0, Sum: 0, Workers: 4
[26.059s][debug][gc,phases      ] GC(61)   StringDedup Requests1 Weak     Min:  0.0, Avg:  0.0, Max:  0.0, Diff:  0.0, Sum:  0.0, Workers: 4
[26.059s][debug][gc,phases      ] GC(61)     Dead                           Min: 0, Avg:  0.0, Max: 0, Diff: 0, Sum: 0, Workers: 4
[26.059s][debug][gc,phases      ] GC(61)     Total                          Min: 0, Avg:  0.0, Max: 0, Diff: 0, Sum: 0, Workers: 4
[26.059s][debug][gc,phases      ] GC(61)   Weak JFR Old Object Samples    Min:  0.0, Avg:  0.0, Max:  0.0, Diff:  0.0, Sum:  0.0, Workers: 4
[26.059s][debug][gc,phases      ] GC(61)     Dead                           Min: 0, Avg:  0.0, Max: 0, Diff: 0, Sum: 0, Workers: 4
[26.059s][debug][gc,phases      ] GC(61)     Total                          Min: 0, Avg:  0.0, Max: 0, Diff: 0, Sum: 0, Workers: 4
[26.059s][debug][gc,phases      ] GC(61) Weak Processing 0.304ms
[26.059s][debug][gc,age         ] GC(61) Desired survivor size 235405312 bytes, new threshold 15 (max threshold 15)
[26.059s][info ][gc,heap        ] GC(61) PSYoungGen: 1575648K(1823744K)->10336K(1867264K) Eden: 1565184K(1565184K)->0K(1623552K) From: 10464K(258560K)->10336K(243712K)
[26.059s][info ][gc,heap        ] GC(61) ParOldGen: 541915K(694784K)->542739K(694784K)
[26.059s][info ][gc,metaspace   ] GC(61) Metaspace: 67354K(68032K)->67354K(68032K) NonClass: 57543K(57920K)->57543K(57920K) Class: 9811K(10112K)->9811K(10112K)
[26.059s][info ][gc             ] GC(61) Pause Young (Allocation Failure) 2067M->540M(2502M) 8.391ms
[26.059s][info ][gc,cpu         ] GC(61) User=0.03s Sys=0.00s Real=0.01s
[26.059s][info ][safepoint      ] Safepoint "ParallelGCFailedAllocation", Time since last: 249252450 ns, Reaching safepoint: 166804 ns, At safepoint: 8502116 ns, Total: 8668920 ns
[26.365s][info ][gc,start       ] GC(62) Pause Young (Allocation Failure)
[26.371s][debug][gc,phases      ] GC(62) Scavenge 6.463ms
[26.371s][debug][gc,ref         ] GC(62) Skipped phase 1 of Reference Processing: no references
[26.371s][debug][gc,ref         ] GC(62) ReferenceProcessor::execute queues: 1, RefProcThreadModel::Single, marks_oops_alive: false
[26.371s][debug][gc,ref         ] GC(62) Skipped phase 3 of Reference Processing: no references
[26.371s][debug][gc,ref         ] GC(62) ReferenceProcessor::execute queues: 1, RefProcThreadModel::Single, marks_oops_alive: false
[26.371s][debug][gc,phases      ] GC(62) Reference Processing 0.100ms
[26.372s][debug][gc,phases      ] GC(62)   VM Weak                        Min:  0.0, Avg:  0.0, Max:  0.0, Diff:  0.0, Sum:  0.0, Workers: 4
[26.372s][debug][gc,phases      ] GC(62)     Dead                           Min: 0, Avg:  0.0, Max: 0, Diff: 0, Sum: 0, Workers: 4
[26.372s][debug][gc,phases      ] GC(62)     Total                          Min: 0, Avg: 129.0, Max: 448, Diff: 448, Sum: 516, Workers: 4
[26.372s][debug][gc,phases      ] GC(62)   ObjectSynchronizer Weak        Min:  0.0, Avg:  0.0, Max:  0.0, Diff:  0.0, Sum:  0.0, Workers: 4
[26.372s][debug][gc,phases      ] GC(62)     Dead                           Min: 0, Avg:  0.0, Max: 0, Diff: 0, Sum: 0, Workers: 4
[26.372s][debug][gc,phases      ] GC(62)     Total                          Min: 0, Avg: 111.0, Max: 192, Diff: 192, Sum: 444, Workers: 4
[26.372s][debug][gc,phases      ] GC(62)   JVMTI Tag Weak OopStorage      Min:  0.0, Avg:  0.0, Max:  0.0, Diff:  0.0, Sum:  0.0, Workers: 4
[26.372s][debug][gc,phases      ] GC(62)     Dead                           Min: 0, Avg:  0.0, Max: 0, Diff: 0, Sum: 0, Workers: 4
[26.372s][debug][gc,phases      ] GC(62)     Total                          Min: 0, Avg:  0.0, Max: 0, Diff: 0, Sum: 0, Workers: 4
[26.372s][debug][gc,phases      ] GC(62)   StringTable Weak               Min:  0.1, Avg:  0.1, Max:  0.1, Diff:  0.0, Sum:  0.4, Workers: 4
[26.372s][debug][gc,phases      ] GC(62)     Dead                           Min: 0, Avg:  2.8, Max: 6, Diff: 6, Sum: 11, Workers: 4
[26.372s][debug][gc,phases      ] GC(62)     Total                          Min: 10048, Avg: 10597.5, Max: 11392, Diff: 1344, Sum: 42390, Workers: 4
[26.372s][debug][gc,phases      ] GC(62)   ResolvedMethodTable Weak       Min:  0.0, Avg:  0.0, Max:  0.0, Diff:  0.0, Sum:  0.1, Workers: 4
[26.372s][debug][gc,phases      ] GC(62)     Dead                           Min: 0, Avg:  0.0, Max: 0, Diff: 0, Sum: 0, Workers: 4
[26.372s][debug][gc,phases      ] GC(62)     Total                          Min: 1472, Avg: 1759.2, Max: 1920, Diff: 448, Sum: 7037, Workers: 4
[26.372s][debug][gc,phases      ] GC(62)   JNI Weak                       Min:  0.0, Avg:  0.0, Max:  0.0, Diff:  0.0, Sum:  0.0, Workers: 4
[26.372s][debug][gc,phases      ] GC(62)     Dead                           Min: 0, Avg:  0.0, Max: 0, Diff: 0, Sum: 0, Workers: 4
[26.372s][debug][gc,phases      ] GC(62)     Total                          Min: 0, Avg:  0.0, Max: 0, Diff: 0, Sum: 0, Workers: 4
[26.372s][debug][gc,phases      ] GC(62)   StringDedup Table Weak         Min:  0.0, Avg:  0.0, Max:  0.0, Diff:  0.0, Sum:  0.0, Workers: 4
[26.372s][debug][gc,phases      ] GC(62)     Dead                           Min: 0, Avg:  0.0, Max: 0, Diff: 0, Sum: 0, Workers: 4
[26.372s][debug][gc,phases      ] GC(62)     Total                          Min: 0, Avg:  0.0, Max: 0, Diff: 0, Sum: 0, Workers: 4
[26.372s][debug][gc,phases      ] GC(62)   StringDedup Requests0 Weak     Min:  0.0, Avg:  0.0, Max:  0.0, Diff:  0.0, Sum:  0.0, Workers: 4
[26.372s][debug][gc,phases      ] GC(62)     Dead                           Min: 0, Avg:  0.0, Max: 0, Diff: 0, Sum: 0, Workers: 4
[26.372s][debug][gc,phases      ] GC(62)     Total                          Min: 0, Avg:  0.0, Max: 0, Diff: 0, Sum: 0, Workers: 4
[26.372s][debug][gc,phases      ] GC(62)   StringDedup Requests1 Weak     Min:  0.0, Avg:  0.0, Max:  0.0, Diff:  0.0, Sum:  0.0, Workers: 4
[26.372s][debug][gc,phases      ] GC(62)     Dead                           Min: 0, Avg:  0.0, Max: 0, Diff: 0, Sum: 0, Workers: 4
[26.372s][debug][gc,phases      ] GC(62)     Total                          Min: 0, Avg:  0.0, Max: 0, Diff: 0, Sum: 0, Workers: 4
[26.372s][debug][gc,phases      ] GC(62)   Weak JFR Old Object Samples    Min:  0.0, Avg:  0.0, Max:  0.0, Diff:  0.0, Sum:  0.0, Workers: 4
[26.372s][debug][gc,phases      ] GC(62)     Dead                           Min: 0, Avg:  0.0, Max: 0, Diff: 0, Sum: 0, Workers: 4
[26.372s][debug][gc,phases      ] GC(62)     Total                          Min: 0, Avg:  0.0, Max: 0, Diff: 0, Sum: 0, Workers: 4
[26.372s][debug][gc,phases      ] GC(62) Weak Processing 0.299ms
[26.372s][debug][gc,age         ] GC(62) Desired survivor size 221249536 bytes, new threshold 15 (max threshold 15)
[26.372s][info ][gc,heap        ] GC(62) PSYoungGen: 1633888K(1867264K)->10272K(1853440K) Eden: 1623552K(1623552K)->0K(1623552K) From: 10336K(243712K)->10272K(229888K)
[26.372s][info ][gc,heap        ] GC(62) ParOldGen: 542739K(694784K)->543707K(694784K)
[26.372s][info ][gc,metaspace   ] GC(62) Metaspace: 67368K(68032K)->67368K(68032K) NonClass: 57556K(57920K)->57556K(57920K) Class: 9811K(10112K)->9811K(10112K)
[26.372s][info ][gc             ] GC(62) Pause Young (Allocation Failure) 2125M->540M(2488M) 6.988ms
[26.372s][info ][gc,cpu         ] GC(62) User=0.04s Sys=0.00s Real=0.00s
[26.372s][info ][safepoint      ] Safepoint "ParallelGCFailedAllocation", Time since last: 305638787 ns, Reaching safepoint: 136803 ns, At safepoint: 7082780 ns, Total: 7219583 ns
[26.656s][info ][gc,start       ] GC(63) Pause Young (Allocation Failure)
[26.663s][debug][gc,phases      ] GC(63) Scavenge 7.347ms
[26.663s][debug][gc,ref         ] GC(63) Skipped phase 1 of Reference Processing: no references
[26.664s][debug][gc,ref         ] GC(63) ReferenceProcessor::execute queues: 1, RefProcThreadModel::Single, marks_oops_alive: false
[26.664s][debug][gc,ref         ] GC(63) Skipped phase 3 of Reference Processing: no references
[26.664s][debug][gc,ref         ] GC(63) ReferenceProcessor::execute queues: 1, RefProcThreadModel::Single, marks_oops_alive: false
[26.664s][debug][gc,phases      ] GC(63) Reference Processing 0.116ms
[26.664s][debug][gc,phases      ] GC(63)   VM Weak                        Min:  0.0, Avg:  0.0, Max:  0.0, Diff:  0.0, Sum:  0.0, Workers: 4
[26.664s][debug][gc,phases      ] GC(63)     Dead                           Min: 0, Avg:  0.0, Max: 0, Diff: 0, Sum: 0, Workers: 4
[26.664s][debug][gc,phases      ] GC(63)     Total                          Min: 0, Avg: 129.0, Max: 320, Diff: 320, Sum: 516, Workers: 4
[26.664s][debug][gc,phases      ] GC(63)   ObjectSynchronizer Weak        Min:  0.0, Avg:  0.0, Max:  0.0, Diff:  0.0, Sum:  0.0, Workers: 4
[26.664s][debug][gc,phases      ] GC(63)     Dead                           Min: 0, Avg:  0.0, Max: 0, Diff: 0, Sum: 0, Workers: 4
[26.664s][debug][gc,phases      ] GC(63)     Total                          Min: 0, Avg: 111.0, Max: 252, Diff: 252, Sum: 444, Workers: 4
[26.664s][debug][gc,phases      ] GC(63)   JVMTI Tag Weak OopStorage      Min:  0.0, Avg:  0.0, Max:  0.0, Diff:  0.0, Sum:  0.0, Workers: 4
[26.664s][debug][gc,phases      ] GC(63)     Dead                           Min: 0, Avg:  0.0, Max: 0, Diff: 0, Sum: 0, Workers: 4
[26.664s][debug][gc,phases      ] GC(63)     Total                          Min: 0, Avg:  0.0, Max: 0, Diff: 0, Sum: 0, Workers: 4
[26.664s][debug][gc,phases      ] GC(63)   StringTable Weak               Min:  0.1, Avg:  0.1, Max:  0.1, Diff:  0.0, Sum:  0.4, Workers: 4
[26.664s][debug][gc,phases      ] GC(63)     Dead                           Min: 0, Avg:  2.8, Max: 11, Diff: 11, Sum: 11, Workers: 4
[26.664s][debug][gc,phases      ] GC(63)     Total                          Min: 9527, Avg: 10599.2, Max: 11712, Diff: 2185, Sum: 42397, Workers: 4
[26.664s][debug][gc,phases      ] GC(63)   ResolvedMethodTable Weak       Min:  0.0, Avg:  0.0, Max:  0.0, Diff:  0.0, Sum:  0.1, Workers: 4
[26.664s][debug][gc,phases      ] GC(63)     Dead                           Min: 0, Avg:  0.0, Max: 0, Diff: 0, Sum: 0, Workers: 4
[26.664s][debug][gc,phases      ] GC(63)     Total                          Min: 1600, Avg: 1759.2, Max: 2048, Diff: 448, Sum: 7037, Workers: 4
[26.664s][debug][gc,phases      ] GC(63)   JNI Weak                       Min:  0.0, Avg:  0.0, Max:  0.0, Diff:  0.0, Sum:  0.0, Workers: 4
[26.664s][debug][gc,phases      ] GC(63)     Dead                           Min: 0, Avg:  0.0, Max: 0, Diff: 0, Sum: 0, Workers: 4
[26.664s][debug][gc,phases      ] GC(63)     Total                          Min: 0, Avg:  0.0, Max: 0, Diff: 0, Sum: 0, Workers: 4
[26.664s][debug][gc,phases      ] GC(63)   StringDedup Table Weak         Min:  0.0, Avg:  0.0, Max:  0.0, Diff:  0.0, Sum:  0.0, Workers: 4
[26.664s][debug][gc,phases      ] GC(63)     Dead                           Min: 0, Avg:  0.0, Max: 0, Diff: 0, Sum: 0, Workers: 4
[26.664s][debug][gc,phases      ] GC(63)     Total                          Min: 0, Avg:  0.0, Max: 0, Diff: 0, Sum: 0, Workers: 4
[26.664s][debug][gc,phases      ] GC(63)   StringDedup Requests0 Weak     Min:  0.0, Avg:  0.0, Max:  0.0, Diff:  0.0, Sum:  0.0, Workers: 4
[26.664s][debug][gc,phases      ] GC(63)     Dead                           Min: 0, Avg:  0.0, Max: 0, Diff: 0, Sum: 0, Workers: 4
[26.664s][debug][gc,phases      ] GC(63)     Total                          Min: 0, Avg:  0.0, Max: 0, Diff: 0, Sum: 0, Workers: 4
[26.664s][debug][gc,phases      ] GC(63)   StringDedup Requests1 Weak     Min:  0.0, Avg:  0.0, Max:  0.0, Diff:  0.0, Sum:  0.0, Workers: 4
[26.664s][debug][gc,phases      ] GC(63)     Dead                           Min: 0, Avg:  0.0, Max: 0, Diff: 0, Sum: 0, Workers: 4
[26.664s][debug][gc,phases      ] GC(63)     Total                          Min: 0, Avg:  0.0, Max: 0, Diff: 0, Sum: 0, Workers: 4
[26.664s][debug][gc,phases      ] GC(63)   Weak JFR Old Object Samples    Min:  0.0, Avg:  0.0, Max:  0.0, Diff:  0.0, Sum:  0.0, Workers: 4
[26.664s][debug][gc,phases      ] GC(63)     Dead                           Min: 0, Avg:  0.0, Max: 0, Diff: 0, Sum: 0, Workers: 4
[26.664s][debug][gc,phases      ] GC(63)     Total                          Min: 0, Avg:  0.0, Max: 0, Diff: 0, Sum: 0, Workers: 4
[26.664s][debug][gc,phases      ] GC(63) Weak Processing 0.301ms
[26.664s][debug][gc,age         ] GC(63) Desired survivor size 208142336 bytes, new threshold 15 (max threshold 15)
[26.664s][info ][gc,heap        ] GC(63) PSYoungGen: 1633824K(1853440K)->10728K(1893888K) Eden: 1623552K(1623552K)->0K(1677824K) From: 10272K(229888K)->10728K(216064K)
[26.664s][info ][gc,heap        ] GC(63) ParOldGen: 543707K(694784K)->544595K(694784K)
[26.664s][info ][gc,metaspace   ] GC(63) Metaspace: 67396K(68096K)->67396K(68096K) NonClass: 57585K(57984K)->57585K(57984K) Class: 9811K(10112K)->9811K(10112K)
[26.664s][info ][gc             ] GC(63) Pause Young (Allocation Failure) 2126M->542M(2528M) 7.915ms
[26.664s][info ][gc,cpu         ] GC(63) User=0.03s Sys=0.00s Real=0.01s
[26.664s][info ][safepoint      ] Safepoint "ParallelGCFailedAllocation", Time since last: 283945234 ns, Reaching safepoint: 194205 ns, At safepoint: 8040705 ns, Total: 8234910 ns
[26.849s][info ][safepoint      ] Safepoint "ICBufferFull", Time since last: 184687805 ns, Reaching safepoint: 152103 ns, At safepoint: 25101 ns, Total: 177204 ns
[26.851s][info ][safepoint      ] Safepoint "ICBufferFull", Time since last: 2452163 ns, Reaching safepoint: 112702 ns, At safepoint: 19701 ns, Total: 132403 ns
[26.857s][info ][safepoint      ] Safepoint "ICBufferFull", Time since last: 5476339 ns, Reaching safepoint: 119803 ns, At safepoint: 28901 ns, Total: 148704 ns
[26.858s][info ][safepoint      ] Safepoint "ICBufferFull", Time since last: 778620 ns, Reaching safepoint: 110903 ns, At safepoint: 25400 ns, Total: 136303 ns
[26.859s][info ][safepoint      ] Safepoint "ICBufferFull", Time since last: 638817 ns, Reaching safepoint: 106802 ns, At safepoint: 23201 ns, Total: 130003 ns
[26.862s][info ][safepoint      ] Safepoint "ICBufferFull", Time since last: 627016 ns, Reaching safepoint: 2107154 ns, At safepoint: 31801 ns, Total: 2138955 ns
[26.863s][info ][safepoint      ] Safepoint "ICBufferFull", Time since last: 944824 ns, Reaching safepoint: 107502 ns, At safepoint: 25601 ns, Total: 133103 ns
[26.863s][info ][safepoint      ] Safepoint "ICBufferFull", Time since last: 651117 ns, Reaching safepoint: 92002 ns, At safepoint: 23101 ns, Total: 115103 ns
[26.864s][info ][safepoint      ] Safepoint "ICBufferFull", Time since last: 653616 ns, Reaching safepoint: 92403 ns, At safepoint: 27400 ns, Total: 119803 ns
[26.865s][info ][safepoint      ] Safepoint "ICBufferFull", Time since last: 647717 ns, Reaching safepoint: 92302 ns, At safepoint: 26201 ns, Total: 118503 ns
[26.870s][info ][safepoint      ] Safepoint "ICBufferFull", Time since last: 5329936 ns, Reaching safepoint: 101002 ns, At safepoint: 25501 ns, Total: 126503 ns
[26.871s][info ][safepoint      ] Safepoint "ICBufferFull", Time since last: 696217 ns, Reaching safepoint: 97703 ns, At safepoint: 24201 ns, Total: 121904 ns
[26.873s][info ][safepoint      ] Safepoint "ICBufferFull", Time since last: 1287732 ns, Reaching safepoint: 97603 ns, At safepoint: 27301 ns, Total: 124904 ns
[26.878s][info ][safepoint      ] Safepoint "ICBufferFull", Time since last: 5496940 ns, Reaching safepoint: 122203 ns, At safepoint: 29100 ns, Total: 151303 ns
[26.981s][info ][gc,start       ] GC(64) Pause Young (Allocation Failure)
[26.989s][debug][gc,phases      ] GC(64) Scavenge 8.221ms
[26.989s][debug][gc,ref         ] GC(64) Skipped phase 1 of Reference Processing: no references
[26.989s][debug][gc,ref         ] GC(64) ReferenceProcessor::execute queues: 1, RefProcThreadModel::Single, marks_oops_alive: false
[26.989s][debug][gc,ref         ] GC(64) Skipped phase 3 of Reference Processing: no references
[26.989s][debug][gc,ref         ] GC(64) ReferenceProcessor::execute queues: 1, RefProcThreadModel::Single, marks_oops_alive: false
[26.989s][debug][gc,phases      ] GC(64) Reference Processing 0.150ms
[26.990s][debug][gc,phases      ] GC(64)   VM Weak                        Min:  0.0, Avg:  0.0, Max:  0.0, Diff:  0.0, Sum:  0.0, Workers: 4
[26.990s][debug][gc,phases      ] GC(64)     Dead                           Min: 0, Avg:  0.0, Max: 0, Diff: 0, Sum: 0, Workers: 4
[26.990s][debug][gc,phases      ] GC(64)     Total                          Min: 0, Avg: 130.2, Max: 521, Diff: 521, Sum: 521, Workers: 4
[26.990s][debug][gc,phases      ] GC(64)   ObjectSynchronizer Weak        Min:  0.0, Avg:  0.0, Max:  0.0, Diff:  0.0, Sum:  0.0, Workers: 4
[26.990s][debug][gc,phases      ] GC(64)     Dead                           Min: 0, Avg:  0.8, Max: 3, Diff: 3, Sum: 3, Workers: 4
[26.990s][debug][gc,phases      ] GC(64)     Total                          Min: 0, Avg: 112.0, Max: 320, Diff: 320, Sum: 448, Workers: 4
[26.990s][debug][gc,phases      ] GC(64)   JVMTI Tag Weak OopStorage      Min:  0.0, Avg:  0.0, Max:  0.0, Diff:  0.0, Sum:  0.0, Workers: 4
[26.990s][debug][gc,phases      ] GC(64)     Dead                           Min: 0, Avg:  0.0, Max: 0, Diff: 0, Sum: 0, Workers: 4
[26.990s][debug][gc,phases      ] GC(64)     Total                          Min: 0, Avg:  0.0, Max: 0, Diff: 0, Sum: 0, Workers: 4
[26.990s][debug][gc,phases      ] GC(64)   StringTable Weak               Min:  0.1, Avg:  0.1, Max:  0.1, Diff:  0.0, Sum:  0.4, Workers: 4
[26.990s][debug][gc,phases      ] GC(64)     Dead                           Min: 0, Avg:  0.8, Max: 2, Diff: 2, Sum: 3, Workers: 4
[26.990s][debug][gc,phases      ] GC(64)     Total                          Min: 9472, Avg: 10608.5, Max: 11264, Diff: 1792, Sum: 42434, Workers: 4
[26.990s][debug][gc,phases      ] GC(64)   ResolvedMethodTable Weak       Min:  0.0, Avg:  0.0, Max:  0.0, Diff:  0.0, Sum:  0.1, Workers: 4
[26.990s][debug][gc,phases      ] GC(64)     Dead                           Min: 0, Avg:  1.8, Max: 7, Diff: 7, Sum: 7, Workers: 4
[26.990s][debug][gc,phases      ] GC(64)     Total                          Min: 1536, Avg: 1771.8, Max: 1917, Diff: 381, Sum: 7087, Workers: 4
[26.990s][debug][gc,phases      ] GC(64)   JNI Weak                       Min:  0.0, Avg:  0.0, Max:  0.0, Diff:  0.0, Sum:  0.0, Workers: 4
[26.990s][debug][gc,phases      ] GC(64)     Dead                           Min: 0, Avg:  0.0, Max: 0, Diff: 0, Sum: 0, Workers: 4
[26.990s][debug][gc,phases      ] GC(64)     Total                          Min: 0, Avg:  0.8, Max: 3, Diff: 3, Sum: 3, Workers: 4
[26.990s][debug][gc,phases      ] GC(64)   StringDedup Table Weak         Min:  0.0, Avg:  0.0, Max:  0.0, Diff:  0.0, Sum:  0.0, Workers: 4
[26.990s][debug][gc,phases      ] GC(64)     Dead                           Min: 0, Avg:  0.0, Max: 0, Diff: 0, Sum: 0, Workers: 4
[26.990s][debug][gc,phases      ] GC(64)     Total                          Min: 0, Avg:  0.0, Max: 0, Diff: 0, Sum: 0, Workers: 4
[26.990s][debug][gc,phases      ] GC(64)   StringDedup Requests0 Weak     Min:  0.0, Avg:  0.0, Max:  0.0, Diff:  0.0, Sum:  0.0, Workers: 4
[26.990s][debug][gc,phases      ] GC(64)     Dead                           Min: 0, Avg:  0.0, Max: 0, Diff: 0, Sum: 0, Workers: 4
[26.990s][debug][gc,phases      ] GC(64)     Total                          Min: 0, Avg:  0.0, Max: 0, Diff: 0, Sum: 0, Workers: 4
[26.990s][debug][gc,phases      ] GC(64)   StringDedup Requests1 Weak     Min:  0.0, Avg:  0.0, Max:  0.0, Diff:  0.0, Sum:  0.0, Workers: 4
[26.990s][debug][gc,phases      ] GC(64)     Dead                           Min: 0, Avg:  0.0, Max: 0, Diff: 0, Sum: 0, Workers: 4
[26.990s][debug][gc,phases      ] GC(64)     Total                          Min: 0, Avg:  0.0, Max: 0, Diff: 0, Sum: 0, Workers: 4
[26.990s][debug][gc,phases      ] GC(64)   Weak JFR Old Object Samples    Min:  0.0, Avg:  0.0, Max:  0.0, Diff:  0.0, Sum:  0.0, Workers: 4
[26.990s][debug][gc,phases      ] GC(64)     Dead                           Min: 0, Avg:  0.0, Max: 0, Diff: 0, Sum: 0, Workers: 4
[26.990s][debug][gc,phases      ] GC(64)     Total                          Min: 0, Avg:  0.0, Max: 0, Diff: 0, Sum: 0, Workers: 4
[26.990s][debug][gc,phases      ] GC(64) Weak Processing 0.296ms
[26.990s][debug][gc,age         ] GC(64) Desired survivor size 194510848 bytes, new threshold 15 (max threshold 15)
[26.990s][info ][gc,heap        ] GC(64) PSYoungGen: 1688552K(1893888K)->12550K(1881088K) Eden: 1677824K(1677824K)->0K(1677824K) From: 10728K(216064K)->12550K(203264K)
[26.990s][info ][gc,heap        ] GC(64) ParOldGen: 544595K(694784K)->544939K(694784K)
[26.990s][info ][gc,metaspace   ] GC(64) Metaspace: 67573K(68224K)->67573K(68224K) NonClass: 57739K(58112K)->57739K(58112K) Class: 9834K(10112K)->9834K(10112K)
[26.990s][info ][gc             ] GC(64) Pause Young (Allocation Failure) 2180M->544M(2515M) 8.819ms
[26.990s][info ][gc,cpu         ] GC(64) User=0.03s Sys=0.00s Real=0.01s
[26.990s][info ][safepoint      ] Safepoint "ParallelGCFailedAllocation", Time since last: 102538213 ns, Reaching safepoint: 194705 ns, At safepoint: 8929527 ns, Total: 9124232 ns
[27.283s][info ][gc,start       ] GC(65) Pause Young (Allocation Failure)
[27.291s][debug][gc,phases      ] GC(65) Scavenge 8.332ms
[27.292s][debug][gc,ref         ] GC(65) Skipped phase 1 of Reference Processing: no references
[27.292s][debug][gc,ref         ] GC(65) ReferenceProcessor::execute queues: 1, RefProcThreadModel::Single, marks_oops_alive: false
[27.292s][debug][gc,ref         ] GC(65) Skipped phase 3 of Reference Processing: no references
[27.292s][debug][gc,ref         ] GC(65) ReferenceProcessor::execute queues: 1, RefProcThreadModel::Single, marks_oops_alive: false
[27.292s][debug][gc,phases      ] GC(65) Reference Processing 0.118ms
[27.292s][debug][gc,phases      ] GC(65)   VM Weak                        Min:  0.0, Avg:  0.0, Max:  0.0, Diff:  0.0, Sum:  0.0, Workers: 4
[27.292s][debug][gc,phases      ] GC(65)     Dead                           Min: 0, Avg:  0.0, Max: 0, Diff: 0, Sum: 0, Workers: 4
[27.292s][debug][gc,phases      ] GC(65)     Total                          Min: 0, Avg: 130.2, Max: 521, Diff: 521, Sum: 521, Workers: 4
[27.292s][debug][gc,phases      ] GC(65)   ObjectSynchronizer Weak        Min:  0.0, Avg:  0.0, Max:  0.0, Diff:  0.0, Sum:  0.0, Workers: 4
[27.292s][debug][gc,phases      ] GC(65)     Dead                           Min: 0, Avg:  0.0, Max: 0, Diff: 0, Sum: 0, Workers: 4
[27.292s][debug][gc,phases      ] GC(65)     Total                          Min: 0, Avg: 112.0, Max: 448, Diff: 448, Sum: 448, Workers: 4
[27.292s][debug][gc,phases      ] GC(65)   JVMTI Tag Weak OopStorage      Min:  0.0, Avg:  0.0, Max:  0.0, Diff:  0.0, Sum:  0.0, Workers: 4
[27.292s][debug][gc,phases      ] GC(65)     Dead                           Min: 0, Avg:  0.0, Max: 0, Diff: 0, Sum: 0, Workers: 4
[27.292s][debug][gc,phases      ] GC(65)     Total                          Min: 0, Avg:  0.0, Max: 0, Diff: 0, Sum: 0, Workers: 4
[27.292s][debug][gc,phases      ] GC(65)   StringTable Weak               Min:  0.1, Avg:  0.1, Max:  0.1, Diff:  0.0, Sum:  0.4, Workers: 4
[27.292s][debug][gc,phases      ] GC(65)     Dead                           Min: 0, Avg:  2.8, Max: 11, Diff: 11, Sum: 11, Workers: 4
[27.292s][debug][gc,phases      ] GC(65)     Total                          Min: 8335, Avg: 10609.0, Max: 13120, Diff: 4785, Sum: 42436, Workers: 4
[27.292s][debug][gc,phases      ] GC(65)   ResolvedMethodTable Weak       Min:  0.0, Avg:  0.0, Max:  0.0, Diff:  0.0, Sum:  0.1, Workers: 4
[27.292s][debug][gc,phases      ] GC(65)     Dead                           Min: 0, Avg:  0.0, Max: 0, Diff: 0, Sum: 0, Workers: 4
[27.292s][debug][gc,phases      ] GC(65)     Total                          Min: 1471, Avg: 1773.0, Max: 2109, Diff: 638, Sum: 7092, Workers: 4
[27.292s][debug][gc,phases      ] GC(65)   JNI Weak                       Min:  0.0, Avg:  0.0, Max:  0.0, Diff:  0.0, Sum:  0.0, Workers: 4
[27.292s][debug][gc,phases      ] GC(65)     Dead                           Min: 0, Avg:  0.0, Max: 0, Diff: 0, Sum: 0, Workers: 4
[27.292s][debug][gc,phases      ] GC(65)     Total                          Min: 0, Avg:  0.0, Max: 0, Diff: 0, Sum: 0, Workers: 4
[27.292s][debug][gc,phases      ] GC(65)   StringDedup Table Weak         Min:  0.0, Avg:  0.0, Max:  0.0, Diff:  0.0, Sum:  0.0, Workers: 4
[27.292s][debug][gc,phases      ] GC(65)     Dead                           Min: 0, Avg:  0.0, Max: 0, Diff: 0, Sum: 0, Workers: 4
[27.292s][debug][gc,phases      ] GC(65)     Total                          Min: 0, Avg:  0.0, Max: 0, Diff: 0, Sum: 0, Workers: 4
[27.292s][debug][gc,phases      ] GC(65)   StringDedup Requests0 Weak     Min:  0.0, Avg:  0.0, Max:  0.0, Diff:  0.0, Sum:  0.0, Workers: 4
[27.292s][debug][gc,phases      ] GC(65)     Dead                           Min: 0, Avg:  0.0, Max: 0, Diff: 0, Sum: 0, Workers: 4
[27.292s][debug][gc,phases      ] GC(65)     Total                          Min: 0, Avg:  0.0, Max: 0, Diff: 0, Sum: 0, Workers: 4
[27.292s][debug][gc,phases      ] GC(65)   StringDedup Requests1 Weak     Min:  0.0, Avg:  0.0, Max:  0.0, Diff:  0.0, Sum:  0.0, Workers: 4
[27.292s][debug][gc,phases      ] GC(65)     Dead                           Min: 0, Avg:  0.0, Max: 0, Diff: 0, Sum: 0, Workers: 4
[27.292s][debug][gc,phases      ] GC(65)     Total                          Min: 0, Avg:  0.0, Max: 0, Diff: 0, Sum: 0, Workers: 4
[27.292s][debug][gc,phases      ] GC(65)   Weak JFR Old Object Samples    Min:  0.0, Avg:  0.0, Max:  0.0, Diff:  0.0, Sum:  0.0, Workers: 4
[27.292s][debug][gc,phases      ] GC(65)     Dead                           Min: 0, Avg:  0.0, Max: 0, Diff: 0, Sum: 0, Workers: 4
[27.292s][debug][gc,phases      ] GC(65)     Total                          Min: 0, Avg:  0.0, Max: 0, Diff: 0, Sum: 0, Workers: 4
[27.292s][debug][gc,phases      ] GC(65) Weak Processing 0.300ms
[27.292s][debug][gc,age         ] GC(65) Desired survivor size 181927936 bytes, new threshold 15 (max threshold 15)
[27.292s][info ][gc,heap        ] GC(65) PSYoungGen: 1690374K(1881088K)->13030K(1919488K) Eden: 1677824K(1677824K)->0K(1729536K) From: 12550K(203264K)->13030K(189952K)
[27.292s][info ][gc,heap        ] GC(65) ParOldGen: 544939K(694784K)->545563K(694784K)
[27.292s][info ][gc,metaspace   ] GC(65) Metaspace: 67688K(68352K)->67688K(68352K) NonClass: 57851K(58240K)->57851K(58240K) Class: 9836K(10112K)->9836K(10112K)
[27.292s][info ][gc             ] GC(65) Pause Young (Allocation Failure) 2182M->545M(2553M) 8.868ms
[27.292s][info ][gc,cpu         ] GC(65) User=0.04s Sys=0.00s Real=0.00s
[27.292s][info ][safepoint      ] Safepoint "ParallelGCFailedAllocation", Time since last: 292995064 ns, Reaching safepoint: 165404 ns, At safepoint: 8975729 ns, Total: 9141133 ns
[27.590s][info ][gc,start       ] GC(66) Pause Young (Allocation Failure)
[27.599s][debug][gc,phases      ] GC(66) Scavenge 8.662ms
[27.599s][debug][gc,ref         ] GC(66) Skipped phase 1 of Reference Processing: no references
[27.599s][debug][gc,ref         ] GC(66) ReferenceProcessor::execute queues: 1, RefProcThreadModel::Single, marks_oops_alive: false
[27.599s][debug][gc,ref         ] GC(66) Skipped phase 3 of Reference Processing: no references
[27.599s][debug][gc,ref         ] GC(66) ReferenceProcessor::execute queues: 1, RefProcThreadModel::Single, marks_oops_alive: false
[27.599s][debug][gc,phases      ] GC(66) Reference Processing 0.139ms
[27.599s][debug][gc,phases      ] GC(66)   VM Weak                        Min:  0.0, Avg:  0.0, Max:  0.0, Diff:  0.0, Sum:  0.0, Workers: 4
[27.599s][debug][gc,phases      ] GC(66)     Dead                           Min: 0, Avg:  0.0, Max: 0, Diff: 0, Sum: 0, Workers: 4
[27.599s][debug][gc,phases      ] GC(66)     Total                          Min: 0, Avg: 130.2, Max: 329, Diff: 329, Sum: 521, Workers: 4
[27.600s][debug][gc,phases      ] GC(66)   ObjectSynchronizer Weak        Min:  0.0, Avg:  0.0, Max:  0.0, Diff:  0.0, Sum:  0.0, Workers: 4
[27.600s][debug][gc,phases      ] GC(66)     Dead                           Min: 0, Avg:  0.0, Max: 0, Diff: 0, Sum: 0, Workers: 4
[27.600s][debug][gc,phases      ] GC(66)     Total                          Min: 0, Avg: 112.0, Max: 256, Diff: 256, Sum: 448, Workers: 4
[27.600s][debug][gc,phases      ] GC(66)   JVMTI Tag Weak OopStorage      Min:  0.0, Avg:  0.0, Max:  0.0, Diff:  0.0, Sum:  0.0, Workers: 4
[27.600s][debug][gc,phases      ] GC(66)     Dead                           Min: 0, Avg:  0.0, Max: 0, Diff: 0, Sum: 0, Workers: 4
[27.600s][debug][gc,phases      ] GC(66)     Total                          Min: 0, Avg:  0.0, Max: 0, Diff: 0, Sum: 0, Workers: 4
[27.600s][debug][gc,phases      ] GC(66)   StringTable Weak               Min:  0.1, Avg:  0.1, Max:  0.1, Diff:  0.0, Sum:  0.4, Workers: 4
[27.600s][debug][gc,phases      ] GC(66)     Dead                           Min: 0, Avg:  0.0, Max: 0, Diff: 0, Sum: 0, Workers: 4
[27.600s][debug][gc,phases      ] GC(66)     Total                          Min: 9461, Avg: 10609.0, Max: 12303, Diff: 2842, Sum: 42436, Workers: 4
[27.600s][debug][gc,phases      ] GC(66)   ResolvedMethodTable Weak       Min:  0.0, Avg:  0.0, Max:  0.0, Diff:  0.0, Sum:  0.1, Workers: 4
[27.600s][debug][gc,phases      ] GC(66)     Dead                           Min: 0, Avg:  0.0, Max: 0, Diff: 0, Sum: 0, Workers: 4
[27.600s][debug][gc,phases      ] GC(66)     Total                          Min: 1536, Avg: 1773.0, Max: 2100, Diff: 564, Sum: 7092, Workers: 4
[27.600s][debug][gc,phases      ] GC(66)   JNI Weak                       Min:  0.0, Avg:  0.0, Max:  0.0, Diff:  0.0, Sum:  0.0, Workers: 4
[27.600s][debug][gc,phases      ] GC(66)     Dead                           Min: 0, Avg:  0.0, Max: 0, Diff: 0, Sum: 0, Workers: 4
[27.600s][debug][gc,phases      ] GC(66)     Total                          Min: 0, Avg:  0.5, Max: 2, Diff: 2, Sum: 2, Workers: 4
[27.600s][debug][gc,phases      ] GC(66)   StringDedup Table Weak         Min:  0.0, Avg:  0.0, Max:  0.0, Diff:  0.0, Sum:  0.0, Workers: 4
[27.600s][debug][gc,phases      ] GC(66)     Dead                           Min: 0, Avg:  0.0, Max: 0, Diff: 0, Sum: 0, Workers: 4
[27.600s][debug][gc,phases      ] GC(66)     Total                          Min: 0, Avg:  0.0, Max: 0, Diff: 0, Sum: 0, Workers: 4
[27.600s][debug][gc,phases      ] GC(66)   StringDedup Requests0 Weak     Min:  0.0, Avg:  0.0, Max:  0.0, Diff:  0.0, Sum:  0.0, Workers: 4
[27.600s][debug][gc,phases      ] GC(66)     Dead                           Min: 0, Avg:  0.0, Max: 0, Diff: 0, Sum: 0, Workers: 4
[27.600s][debug][gc,phases      ] GC(66)     Total                          Min: 0, Avg:  0.0, Max: 0, Diff: 0, Sum: 0, Workers: 4
[27.600s][debug][gc,phases      ] GC(66)   StringDedup Requests1 Weak     Min:  0.0, Avg:  0.0, Max:  0.0, Diff:  0.0, Sum:  0.0, Workers: 4
[27.600s][debug][gc,phases      ] GC(66)     Dead                           Min: 0, Avg:  0.0, Max: 0, Diff: 0, Sum: 0, Workers: 4
[27.600s][debug][gc,phases      ] GC(66)     Total                          Min: 0, Avg:  0.0, Max: 0, Diff: 0, Sum: 0, Workers: 4
[27.600s][debug][gc,phases      ] GC(66)   Weak JFR Old Object Samples    Min:  0.0, Avg:  0.0, Max:  0.0, Diff:  0.0, Sum:  0.0, Workers: 4
[27.600s][debug][gc,phases      ] GC(66)     Dead                           Min: 0, Avg:  0.0, Max: 0, Diff: 0, Sum: 0, Workers: 4
[27.600s][debug][gc,phases      ] GC(66)     Total                          Min: 0, Avg:  0.0, Max: 0, Diff: 0, Sum: 0, Workers: 4
[27.600s][debug][gc,phases      ] GC(66) Weak Processing 0.361ms
[27.600s][debug][gc,age         ] GC(66) Desired survivor size 170393600 bytes, new threshold 15 (max threshold 15)
[27.600s][info ][gc,heap        ] GC(66) PSYoungGen: 1742566K(1919488K)->13698K(1907200K) Eden: 1729536K(1729536K)->0K(1729536K) From: 13030K(189952K)->13698K(177664K)
[27.600s][info ][gc,heap        ] GC(66) ParOldGen: 545563K(694784K)->546115K(694784K)
[27.600s][info ][gc,metaspace   ] GC(66) Metaspace: 67692K(68352K)->67692K(68352K) NonClass: 57855K(58240K)->57855K(58240K) Class: 9836K(10112K)->9836K(10112K)
[27.600s][info ][gc             ] GC(66) Pause Young (Allocation Failure) 2234M->546M(2541M) 9.318ms
[27.600s][info ][gc,cpu         ] GC(66) User=0.04s Sys=0.00s Real=0.01s
[27.600s][info ][safepoint      ] Safepoint "ParallelGCFailedAllocation", Time since last: 298179096 ns, Reaching safepoint: 127803 ns, At safepoint: 9435841 ns, Total: 9563644 ns
[27.902s][info ][gc,start       ] GC(67) Pause Young (Allocation Failure)
[27.913s][debug][gc,phases      ] GC(67) Scavenge 10.219ms
[27.913s][debug][gc,ref         ] GC(67) Skipped phase 1 of Reference Processing: no references
[27.913s][debug][gc,ref         ] GC(67) ReferenceProcessor::execute queues: 1, RefProcThreadModel::Single, marks_oops_alive: false
[27.913s][debug][gc,ref         ] GC(67) Skipped phase 3 of Reference Processing: no references
[27.913s][debug][gc,ref         ] GC(67) ReferenceProcessor::execute queues: 1, RefProcThreadModel::Single, marks_oops_alive: false
[27.913s][debug][gc,phases      ] GC(67) Reference Processing 0.139ms
[27.913s][debug][gc,phases      ] GC(67)   VM Weak                        Min:  0.0, Avg:  0.0, Max:  0.0, Diff:  0.0, Sum:  0.0, Workers: 4
[27.913s][debug][gc,phases      ] GC(67)     Dead                           Min: 0, Avg:  0.0, Max: 0, Diff: 0, Sum: 0, Workers: 4
[27.913s][debug][gc,phases      ] GC(67)     Total                          Min: 0, Avg: 133.8, Max: 471, Diff: 471, Sum: 535, Workers: 4
[27.913s][debug][gc,phases      ] GC(67)   ObjectSynchronizer Weak        Min:  0.0, Avg:  0.0, Max:  0.0, Diff:  0.0, Sum:  0.0, Workers: 4
[27.913s][debug][gc,phases      ] GC(67)     Dead                           Min: 0, Avg:  0.0, Max: 0, Diff: 0, Sum: 0, Workers: 4
[27.913s][debug][gc,phases      ] GC(67)     Total                          Min: 0, Avg: 112.0, Max: 256, Diff: 256, Sum: 448, Workers: 4
[27.913s][debug][gc,phases      ] GC(67)   JVMTI Tag Weak OopStorage      Min:  0.0, Avg:  0.0, Max:  0.0, Diff:  0.0, Sum:  0.0, Workers: 4
[27.913s][debug][gc,phases      ] GC(67)     Dead                           Min: 0, Avg:  0.0, Max: 0, Diff: 0, Sum: 0, Workers: 4
[27.913s][debug][gc,phases      ] GC(67)     Total                          Min: 0, Avg:  0.0, Max: 0, Diff: 0, Sum: 0, Workers: 4
[27.913s][debug][gc,phases      ] GC(67)   StringTable Weak               Min:  0.1, Avg:  0.1, Max:  0.1, Diff:  0.0, Sum:  0.4, Workers: 4
[27.913s][debug][gc,phases      ] GC(67)     Dead                           Min: 0, Avg:  3.5, Max: 11, Diff: 11, Sum: 14, Workers: 4
[27.913s][debug][gc,phases      ] GC(67)     Total                          Min: 9896, Avg: 10617.8, Max: 11136, Diff: 1240, Sum: 42471, Workers: 4
[27.913s][debug][gc,phases      ] GC(67)   ResolvedMethodTable Weak       Min:  0.0, Avg:  0.0, Max:  0.0, Diff:  0.0, Sum:  0.1, Workers: 4
[27.913s][debug][gc,phases      ] GC(67)     Dead                           Min: 0, Avg:  1.2, Max: 3, Diff: 3, Sum: 5, Workers: 4
[27.913s][debug][gc,phases      ] GC(67)     Total                          Min: 1600, Avg: 1786.8, Max: 1919, Diff: 319, Sum: 7147, Workers: 4
[27.913s][debug][gc,phases      ] GC(67)   JNI Weak                       Min:  0.0, Avg:  0.0, Max:  0.0, Diff:  0.0, Sum:  0.0, Workers: 4
[27.913s][debug][gc,phases      ] GC(67)     Dead                           Min: 0, Avg:  0.0, Max: 0, Diff: 0, Sum: 0, Workers: 4
[27.913s][debug][gc,phases      ] GC(67)     Total                          Min: 0, Avg:  2.5, Max: 10, Diff: 10, Sum: 10, Workers: 4
[27.913s][debug][gc,phases      ] GC(67)   StringDedup Table Weak         Min:  0.0, Avg:  0.0, Max:  0.0, Diff:  0.0, Sum:  0.0, Workers: 4
[27.913s][debug][gc,phases      ] GC(67)     Dead                           Min: 0, Avg:  0.0, Max: 0, Diff: 0, Sum: 0, Workers: 4
[27.913s][debug][gc,phases      ] GC(67)     Total                          Min: 0, Avg:  0.0, Max: 0, Diff: 0, Sum: 0, Workers: 4
[27.913s][debug][gc,phases      ] GC(67)   StringDedup Requests0 Weak     Min:  0.0, Avg:  0.0, Max:  0.0, Diff:  0.0, Sum:  0.0, Workers: 4
[27.913s][debug][gc,phases      ] GC(67)     Dead                           Min: 0, Avg:  0.0, Max: 0, Diff: 0, Sum: 0, Workers: 4
[27.913s][debug][gc,phases      ] GC(67)     Total                          Min: 0, Avg:  0.0, Max: 0, Diff: 0, Sum: 0, Workers: 4
[27.913s][debug][gc,phases      ] GC(67)   StringDedup Requests1 Weak     Min:  0.0, Avg:  0.0, Max:  0.0, Diff:  0.0, Sum:  0.0, Workers: 4
[27.913s][debug][gc,phases      ] GC(67)     Dead                           Min: 0, Avg:  0.0, Max: 0, Diff: 0, Sum: 0, Workers: 4
[27.913s][debug][gc,phases      ] GC(67)     Total                          Min: 0, Avg:  0.0, Max: 0, Diff: 0, Sum: 0, Workers: 4
[27.913s][debug][gc,phases      ] GC(67)   Weak JFR Old Object Samples    Min:  0.0, Avg:  0.0, Max:  0.0, Diff:  0.0, Sum:  0.0, Workers: 4
[27.913s][debug][gc,phases      ] GC(67)     Dead                           Min: 0, Avg:  0.0, Max: 0, Diff: 0, Sum: 0, Workers: 4
[27.913s][debug][gc,phases      ] GC(67)     Total                          Min: 0, Avg:  0.0, Max: 0, Diff: 0, Sum: 0, Workers: 4
[27.913s][debug][gc,phases      ] GC(67) Weak Processing 0.325ms
[27.913s][debug][gc,age         ] GC(67) Desired survivor size 158859264 bytes, new threshold 15 (max threshold 15)
[27.913s][info ][gc,heap        ] GC(67) PSYoungGen: 1743234K(1907200K)->14716K(1942016K) Eden: 1729536K(1729536K)->0K(1775616K) From: 13698K(177664K)->14716K(166400K)
[27.913s][info ][gc,heap        ] GC(67) ParOldGen: 546115K(694784K)->546723K(694784K)
[27.913s][info ][gc,metaspace   ] GC(67) Metaspace: 67842K(68544K)->67842K(68544K) NonClass: 57983K(58368K)->57983K(58368K) Class: 9859K(10176K)->9859K(10176K)
[27.913s][info ][gc             ] GC(67) Pause Young (Allocation Failure) 2235M->548M(2575M) 10.826ms
[27.913s][info ][gc,cpu         ] GC(67) User=0.04s Sys=0.00s Real=0.00s
[27.913s][info ][safepoint      ] Safepoint "ParallelGCFailedAllocation", Time since last: 299337825 ns, Reaching safepoint: 3229782 ns, At safepoint: 10953379 ns, Total: 14183161 ns
[28.253s][info ][gc,start       ] GC(68) Pause Young (Allocation Failure)
[28.265s][debug][gc,phases      ] GC(68) Scavenge 12.200ms
[28.265s][debug][gc,ref         ] GC(68) Skipped phase 1 of Reference Processing: no references
[28.265s][debug][gc,ref         ] GC(68) ReferenceProcessor::execute queues: 1, RefProcThreadModel::Single, marks_oops_alive: false
[28.265s][debug][gc,ref         ] GC(68) Skipped phase 3 of Reference Processing: no references
[28.265s][debug][gc,ref         ] GC(68) ReferenceProcessor::execute queues: 1, RefProcThreadModel::Single, marks_oops_alive: false
[28.265s][debug][gc,phases      ] GC(68) Reference Processing 0.128ms
[28.265s][debug][gc,phases      ] GC(68)   VM Weak                        Min:  0.0, Avg:  0.0, Max:  0.0, Diff:  0.0, Sum:  0.0, Workers: 4
[28.265s][debug][gc,phases      ] GC(68)     Dead                           Min: 0, Avg:  0.0, Max: 0, Diff: 0, Sum: 0, Workers: 4
[28.265s][debug][gc,phases      ] GC(68)     Total                          Min: 0, Avg: 138.5, Max: 362, Diff: 362, Sum: 554, Workers: 4
[28.265s][debug][gc,phases      ] GC(68)   ObjectSynchronizer Weak        Min:  0.0, Avg:  0.0, Max:  0.0, Diff:  0.0, Sum:  0.0, Workers: 4
[28.265s][debug][gc,phases      ] GC(68)     Dead                           Min: 0, Avg:  0.0, Max: 0, Diff: 0, Sum: 0, Workers: 4
[28.265s][debug][gc,phases      ] GC(68)     Total                          Min: 0, Avg: 112.0, Max: 192, Diff: 192, Sum: 448, Workers: 4
[28.265s][debug][gc,phases      ] GC(68)   JVMTI Tag Weak OopStorage      Min:  0.0, Avg:  0.0, Max:  0.0, Diff:  0.0, Sum:  0.0, Workers: 4
[28.265s][debug][gc,phases      ] GC(68)     Dead                           Min: 0, Avg:  0.0, Max: 0, Diff: 0, Sum: 0, Workers: 4
[28.265s][debug][gc,phases      ] GC(68)     Total                          Min: 0, Avg:  0.0, Max: 0, Diff: 0, Sum: 0, Workers: 4
[28.265s][debug][gc,phases      ] GC(68)   StringTable Weak               Min:  0.1, Avg:  0.1, Max:  0.1, Diff:  0.0, Sum:  0.4, Workers: 4
[28.265s][debug][gc,phases      ] GC(68)     Dead                           Min: 0, Avg:  2.8, Max: 11, Diff: 11, Sum: 11, Workers: 4
[28.265s][debug][gc,phases      ] GC(68)     Total                          Min: 9333, Avg: 10631.0, Max: 11648, Diff: 2315, Sum: 42524, Workers: 4
[28.265s][debug][gc,phases      ] GC(68)   ResolvedMethodTable Weak       Min:  0.0, Avg:  0.0, Max:  0.0, Diff:  0.0, Sum:  0.1, Workers: 4
[28.265s][debug][gc,phases      ] GC(68)     Dead                           Min: 0, Avg:  0.0, Max: 0, Diff: 0, Sum: 0, Workers: 4
[28.265s][debug][gc,phases      ] GC(68)     Total                          Min: 1728, Avg: 1793.8, Max: 1856, Diff: 128, Sum: 7175, Workers: 4
[28.265s][debug][gc,phases      ] GC(68)   JNI Weak                       Min:  0.0, Avg:  0.0, Max:  0.0, Diff:  0.0, Sum:  0.0, Workers: 4
[28.265s][debug][gc,phases      ] GC(68)     Dead                           Min: 0, Avg:  0.0, Max: 0, Diff: 0, Sum: 0, Workers: 4
[28.265s][debug][gc,phases      ] GC(68)     Total                          Min: 0, Avg:  0.0, Max: 0, Diff: 0, Sum: 0, Workers: 4
[28.265s][debug][gc,phases      ] GC(68)   StringDedup Table Weak         Min:  0.0, Avg:  0.0, Max:  0.0, Diff:  0.0, Sum:  0.0, Workers: 4
[28.265s][debug][gc,phases      ] GC(68)     Dead                           Min: 0, Avg:  0.0, Max: 0, Diff: 0, Sum: 0, Workers: 4
[28.265s][debug][gc,phases      ] GC(68)     Total                          Min: 0, Avg:  0.0, Max: 0, Diff: 0, Sum: 0, Workers: 4
[28.265s][debug][gc,phases      ] GC(68)   StringDedup Requests0 Weak     Min:  0.0, Avg:  0.0, Max:  0.0, Diff:  0.0, Sum:  0.0, Workers: 4
[28.265s][debug][gc,phases      ] GC(68)     Dead                           Min: 0, Avg:  0.0, Max: 0, Diff: 0, Sum: 0, Workers: 4
[28.265s][debug][gc,phases      ] GC(68)     Total                          Min: 0, Avg:  0.0, Max: 0, Diff: 0, Sum: 0, Workers: 4
[28.265s][debug][gc,phases      ] GC(68)   StringDedup Requests1 Weak     Min:  0.0, Avg:  0.0, Max:  0.0, Diff:  0.0, Sum:  0.0, Workers: 4
[28.265s][debug][gc,phases      ] GC(68)     Dead                           Min: 0, Avg:  0.0, Max: 0, Diff: 0, Sum: 0, Workers: 4
[28.265s][debug][gc,phases      ] GC(68)     Total                          Min: 0, Avg:  0.0, Max: 0, Diff: 0, Sum: 0, Workers: 4
[28.265s][debug][gc,phases      ] GC(68)   Weak JFR Old Object Samples    Min:  0.0, Avg:  0.0, Max:  0.0, Diff:  0.0, Sum:  0.0, Workers: 4
[28.265s][debug][gc,phases      ] GC(68)     Dead                           Min: 0, Avg:  0.0, Max: 0, Diff: 0, Sum: 0, Workers: 4
[28.265s][debug][gc,phases      ] GC(68)     Total                          Min: 0, Avg:  0.0, Max: 0, Diff: 0, Sum: 0, Workers: 4
[28.266s][debug][gc,phases      ] GC(68) Weak Processing 0.328ms
[28.266s][debug][gc,age         ] GC(68) Desired survivor size 147849216 bytes, new threshold 15 (max threshold 15)
[28.266s][info ][gc,heap        ] GC(68) PSYoungGen: 1790332K(1942016K)->16700K(1930752K) Eden: 1775616K(1775616K)->0K(1775616K) From: 14716K(166400K)->16700K(155136K)
[28.266s][info ][gc,heap        ] GC(68) ParOldGen: 546723K(694784K)->547283K(694784K)
[28.266s][info ][gc,metaspace   ] GC(68) Metaspace: 67936K(68608K)->67936K(68608K) NonClass: 58061K(58432K)->58061K(58432K) Class: 9874K(10176K)->9874K(10176K)
[28.266s][info ][gc             ] GC(68) Pause Young (Allocation Failure) 2282M->550M(2564M) 12.797ms
[28.266s][info ][gc,cpu         ] GC(68) User=0.05s Sys=0.00s Real=0.02s
[28.266s][info ][safepoint      ] Safepoint "ParallelGCFailedAllocation", Time since last: 336147264 ns, Reaching safepoint: 3247382 ns, At safepoint: 12915229 ns, Total: 16162611 ns
[28.572s][info ][gc,start       ] GC(69) Pause Young (Allocation Failure)
[28.585s][debug][gc,phases      ] GC(69) Scavenge 12.596ms
[28.585s][debug][gc,ref         ] GC(69) Skipped phase 1 of Reference Processing: no references
[28.585s][debug][gc,ref         ] GC(69) ReferenceProcessor::execute queues: 1, RefProcThreadModel::Single, marks_oops_alive: false
[28.585s][debug][gc,ref         ] GC(69) Skipped phase 3 of Reference Processing: no references
[28.585s][debug][gc,ref         ] GC(69) ReferenceProcessor::execute queues: 1, RefProcThreadModel::Single, marks_oops_alive: false
[28.585s][debug][gc,phases      ] GC(69) Reference Processing 0.138ms
[28.585s][debug][gc,phases      ] GC(69)   VM Weak                        Min:  0.0, Avg:  0.0, Max:  0.0, Diff:  0.0, Sum:  0.0, Workers: 4
[28.585s][debug][gc,phases      ] GC(69)     Dead                           Min: 0, Avg:  0.0, Max: 0, Diff: 0, Sum: 0, Workers: 4
[28.585s][debug][gc,phases      ] GC(69)     Total                          Min: 0, Avg: 138.5, Max: 448, Diff: 448, Sum: 554, Workers: 4
[28.585s][debug][gc,phases      ] GC(69)   ObjectSynchronizer Weak        Min:  0.0, Avg:  0.0, Max:  0.0, Diff:  0.0, Sum:  0.0, Workers: 4
[28.585s][debug][gc,phases      ] GC(69)     Dead                           Min: 0, Avg:  0.0, Max: 0, Diff: 0, Sum: 0, Workers: 4
[28.585s][debug][gc,phases      ] GC(69)     Total                          Min: 0, Avg: 112.0, Max: 256, Diff: 256, Sum: 448, Workers: 4
[28.585s][debug][gc,phases      ] GC(69)   JVMTI Tag Weak OopStorage      Min:  0.0, Avg:  0.0, Max:  0.0, Diff:  0.0, Sum:  0.0, Workers: 4
[28.585s][debug][gc,phases      ] GC(69)     Dead                           Min: 0, Avg:  0.0, Max: 0, Diff: 0, Sum: 0, Workers: 4
[28.585s][debug][gc,phases      ] GC(69)     Total                          Min: 0, Avg:  0.0, Max: 0, Diff: 0, Sum: 0, Workers: 4
[28.585s][debug][gc,phases      ] GC(69)   StringTable Weak               Min:  0.1, Avg:  0.1, Max:  0.1, Diff:  0.0, Sum:  0.3, Workers: 4
[28.585s][debug][gc,phases      ] GC(69)     Dead                           Min: 0, Avg:  0.0, Max: 0, Diff: 0, Sum: 0, Workers: 4
[28.585s][debug][gc,phases      ] GC(69)     Total                          Min: 9524, Avg: 10634.2, Max: 11968, Diff: 2444, Sum: 42537, Workers: 4
[28.585s][debug][gc,phases      ] GC(69)   ResolvedMethodTable Weak       Min:  0.0, Avg:  0.0, Max:  0.0, Diff:  0.0, Sum:  0.1, Workers: 4
[28.585s][debug][gc,phases      ] GC(69)     Dead                           Min: 0, Avg:  0.0, Max: 0, Diff: 0, Sum: 0, Workers: 4
[28.585s][debug][gc,phases      ] GC(69)     Total                          Min: 1536, Avg: 1793.8, Max: 2176, Diff: 640, Sum: 7175, Workers: 4
[28.585s][debug][gc,phases      ] GC(69)   JNI Weak                       Min:  0.0, Avg:  0.0, Max:  0.0, Diff:  0.0, Sum:  0.0, Workers: 4
[28.585s][debug][gc,phases      ] GC(69)     Dead                           Min: 0, Avg:  0.0, Max: 0, Diff: 0, Sum: 0, Workers: 4
[28.585s][debug][gc,phases      ] GC(69)     Total                          Min: 0, Avg:  0.0, Max: 0, Diff: 0, Sum: 0, Workers: 4
[28.585s][debug][gc,phases      ] GC(69)   StringDedup Table Weak         Min:  0.0, Avg:  0.0, Max:  0.0, Diff:  0.0, Sum:  0.0, Workers: 4
[28.585s][debug][gc,phases      ] GC(69)     Dead                           Min: 0, Avg:  0.0, Max: 0, Diff: 0, Sum: 0, Workers: 4
[28.585s][debug][gc,phases      ] GC(69)     Total                          Min: 0, Avg:  0.0, Max: 0, Diff: 0, Sum: 0, Workers: 4
[28.585s][debug][gc,phases      ] GC(69)   StringDedup Requests0 Weak     Min:  0.0, Avg:  0.0, Max:  0.0, Diff:  0.0, Sum:  0.0, Workers: 4
[28.585s][debug][gc,phases      ] GC(69)     Dead                           Min: 0, Avg:  0.0, Max: 0, Diff: 0, Sum: 0, Workers: 4
[28.585s][debug][gc,phases      ] GC(69)     Total                          Min: 0, Avg:  0.0, Max: 0, Diff: 0, Sum: 0, Workers: 4
[28.585s][debug][gc,phases      ] GC(69)   StringDedup Requests1 Weak     Min:  0.0, Avg:  0.0, Max:  0.0, Diff:  0.0, Sum:  0.0, Workers: 4
[28.585s][debug][gc,phases      ] GC(69)     Dead                           Min: 0, Avg:  0.0, Max: 0, Diff: 0, Sum: 0, Workers: 4
[28.585s][debug][gc,phases      ] GC(69)     Total                          Min: 0, Avg:  0.0, Max: 0, Diff: 0, Sum: 0, Workers: 4
[28.585s][debug][gc,phases      ] GC(69)   Weak JFR Old Object Samples    Min:  0.0, Avg:  0.0, Max:  0.0, Diff:  0.0, Sum:  0.0, Workers: 4
[28.585s][debug][gc,phases      ] GC(69)     Dead                           Min: 0, Avg:  0.0, Max: 0, Diff: 0, Sum: 0, Workers: 4
[28.585s][debug][gc,phases      ] GC(69)     Total                          Min: 0, Avg:  0.0, Max: 0, Diff: 0, Sum: 0, Workers: 4
[28.585s][debug][gc,phases      ] GC(69) Weak Processing 0.287ms
[28.585s][debug][gc,age         ] GC(69) Desired survivor size 136314880 bytes, new threshold 15 (max threshold 15)
[28.585s][info ][gc,heap        ] GC(69) PSYoungGen: 1792316K(1930752K)->22218K(1964032K) Eden: 1775616K(1775616K)->0K(1819648K) From: 16700K(155136K)->22218K(144384K)
[28.585s][info ][gc,heap        ] GC(69) ParOldGen: 547283K(694784K)->548059K(694784K)
[28.585s][info ][gc,metaspace   ] GC(69) Metaspace: 67948K(68608K)->67948K(68608K) NonClass: 58073K(58432K)->58073K(58432K) Class: 9874K(10176K)->9874K(10176K)
[28.585s][info ][gc             ] GC(69) Pause Young (Allocation Failure) 2284M->556M(2596M) 13.156ms
[28.585s][info ][gc,cpu         ] GC(69) User=0.05s Sys=0.00s Real=0.02s
[28.586s][info ][safepoint      ] Safepoint "ParallelGCFailedAllocation", Time since last: 306316804 ns, Reaching safepoint: 303107 ns, At safepoint: 13281439 ns, Total: 13584546 ns
[28.902s][info ][gc,start       ] GC(70) Pause Young (Allocation Failure)
[28.915s][debug][gc,phases      ] GC(70) Scavenge 12.995ms
[28.915s][debug][gc,ref         ] GC(70) Skipped phase 1 of Reference Processing: no references
[28.915s][debug][gc,ref         ] GC(70) ReferenceProcessor::execute queues: 1, RefProcThreadModel::Single, marks_oops_alive: false
[28.915s][debug][gc,ref         ] GC(70) Skipped phase 3 of Reference Processing: no references
[28.915s][debug][gc,ref         ] GC(70) ReferenceProcessor::execute queues: 1, RefProcThreadModel::Single, marks_oops_alive: false
[28.915s][debug][gc,phases      ] GC(70) Reference Processing 0.134ms
[28.915s][debug][gc,phases      ] GC(70)   VM Weak                        Min:  0.0, Avg:  0.0, Max:  0.0, Diff:  0.0, Sum:  0.0, Workers: 4
[28.915s][debug][gc,phases      ] GC(70)     Dead                           Min: 0, Avg:  0.0, Max: 0, Diff: 0, Sum: 0, Workers: 4
[28.915s][debug][gc,phases      ] GC(70)     Total                          Min: 0, Avg: 138.5, Max: 554, Diff: 554, Sum: 554, Workers: 4
[28.915s][debug][gc,phases      ] GC(70)   ObjectSynchronizer Weak        Min:  0.0, Avg:  0.0, Max:  0.0, Diff:  0.0, Sum:  0.0, Workers: 4
[28.915s][debug][gc,phases      ] GC(70)     Dead                           Min: 0, Avg:  0.0, Max: 0, Diff: 0, Sum: 0, Workers: 4
[28.915s][debug][gc,phases      ] GC(70)     Total                          Min: 0, Avg: 112.0, Max: 256, Diff: 256, Sum: 448, Workers: 4
[28.915s][debug][gc,phases      ] GC(70)   JVMTI Tag Weak OopStorage      Min:  0.0, Avg:  0.0, Max:  0.0, Diff:  0.0, Sum:  0.0, Workers: 4
[28.915s][debug][gc,phases      ] GC(70)     Dead                           Min: 0, Avg:  0.0, Max: 0, Diff: 0, Sum: 0, Workers: 4
[28.915s][debug][gc,phases      ] GC(70)     Total                          Min: 0, Avg:  0.0, Max: 0, Diff: 0, Sum: 0, Workers: 4
[28.915s][debug][gc,phases      ] GC(70)   StringTable Weak               Min:  0.1, Avg:  0.1, Max:  0.1, Diff:  0.0, Sum:  0.4, Workers: 4
[28.915s][debug][gc,phases      ] GC(70)     Dead                           Min: 0, Avg:  2.8, Max: 11, Diff: 11, Sum: 11, Workers: 4
[28.915s][debug][gc,phases      ] GC(70)     Total                          Min: 9984, Avg: 10634.5, Max: 11200, Diff: 1216, Sum: 42538, Workers: 4
[28.915s][debug][gc,phases      ] GC(70)   ResolvedMethodTable Weak       Min:  0.0, Avg:  0.0, Max:  0.0, Diff:  0.0, Sum:  0.1, Workers: 4
[28.915s][debug][gc,phases      ] GC(70)     Dead                           Min: 0, Avg:  0.0, Max: 0, Diff: 0, Sum: 0, Workers: 4
[28.915s][debug][gc,phases      ] GC(70)     Total                          Min: 1728, Avg: 1793.8, Max: 1856, Diff: 128, Sum: 7175, Workers: 4
[28.915s][debug][gc,phases      ] GC(70)   JNI Weak                       Min:  0.0, Avg:  0.0, Max:  0.0, Diff:  0.0, Sum:  0.0, Workers: 4
[28.915s][debug][gc,phases      ] GC(70)     Dead                           Min: 0, Avg:  0.0, Max: 0, Diff: 0, Sum: 0, Workers: 4
[28.915s][debug][gc,phases      ] GC(70)     Total                          Min: 0, Avg:  0.0, Max: 0, Diff: 0, Sum: 0, Workers: 4
[28.915s][debug][gc,phases      ] GC(70)   StringDedup Table Weak         Min:  0.0, Avg:  0.0, Max:  0.0, Diff:  0.0, Sum:  0.0, Workers: 4
[28.915s][debug][gc,phases      ] GC(70)     Dead                           Min: 0, Avg:  0.0, Max: 0, Diff: 0, Sum: 0, Workers: 4
[28.915s][debug][gc,phases      ] GC(70)     Total                          Min: 0, Avg:  0.0, Max: 0, Diff: 0, Sum: 0, Workers: 4
[28.915s][debug][gc,phases      ] GC(70)   StringDedup Requests0 Weak     Min:  0.0, Avg:  0.0, Max:  0.0, Diff:  0.0, Sum:  0.0, Workers: 4
[28.915s][debug][gc,phases      ] GC(70)     Dead                           Min: 0, Avg:  0.0, Max: 0, Diff: 0, Sum: 0, Workers: 4
[28.915s][debug][gc,phases      ] GC(70)     Total                          Min: 0, Avg:  0.0, Max: 0, Diff: 0, Sum: 0, Workers: 4
[28.915s][debug][gc,phases      ] GC(70)   StringDedup Requests1 Weak     Min:  0.0, Avg:  0.0, Max:  0.0, Diff:  0.0, Sum:  0.0, Workers: 4
[28.915s][debug][gc,phases      ] GC(70)     Dead                           Min: 0, Avg:  0.0, Max: 0, Diff: 0, Sum: 0, Workers: 4
[28.915s][debug][gc,phases      ] GC(70)     Total                          Min: 0, Avg:  0.0, Max: 0, Diff: 0, Sum: 0, Workers: 4
[28.915s][debug][gc,phases      ] GC(70)   Weak JFR Old Object Samples    Min:  0.0, Avg:  0.0, Max:  0.0, Diff:  0.0, Sum:  0.0, Workers: 4
[28.915s][debug][gc,phases      ] GC(70)     Dead                           Min: 0, Avg:  0.0, Max: 0, Diff: 0, Sum: 0, Workers: 4
[28.915s][debug][gc,phases      ] GC(70)     Total                          Min: 0, Avg:  0.0, Max: 0, Diff: 0, Sum: 0, Workers: 4
[28.915s][debug][gc,phases      ] GC(70) Weak Processing 0.307ms
[28.915s][debug][gc,age         ] GC(70) Desired survivor size 125829120 bytes, new threshold 15 (max threshold 15)
[28.915s][info ][gc,heap        ] GC(70) PSYoungGen: 1841866K(1964032K)->27292K(1952768K) Eden: 1819648K(1819648K)->0K(1819648K) From: 22218K(144384K)->27292K(133120K)
[28.915s][info ][gc,heap        ] GC(70) ParOldGen: 548059K(694784K)->548635K(694784K)
[28.915s][info ][gc,metaspace   ] GC(70) Metaspace: 67954K(68608K)->67954K(68608K) NonClass: 58079K(58432K)->58079K(58432K) Class: 9874K(10176K)->9874K(10176K)
[28.915s][info ][gc             ] GC(70) Pause Young (Allocation Failure) 2333M->562M(2585M) 13.576ms
[28.915s][info ][gc,cpu         ] GC(70) User=0.05s Sys=0.00s Real=0.01s
[28.915s][info ][safepoint      ] Safepoint "ParallelGCFailedAllocation", Time since last: 316048051 ns, Reaching safepoint: 161304 ns, At safepoint: 13684148 ns, Total: 13845452 ns
[29.251s][info ][gc,start       ] GC(71) Pause Young (Allocation Failure)
[29.268s][debug][gc,phases      ] GC(71) Scavenge 16.458ms
[29.268s][debug][gc,ref         ] GC(71) Skipped phase 1 of Reference Processing: no references
[29.268s][debug][gc,ref         ] GC(71) ReferenceProcessor::execute queues: 1, RefProcThreadModel::Single, marks_oops_alive: false
[29.268s][debug][gc,ref         ] GC(71) Skipped phase 3 of Reference Processing: no references
[29.268s][debug][gc,ref         ] GC(71) ReferenceProcessor::execute queues: 1, RefProcThreadModel::Single, marks_oops_alive: false
[29.268s][debug][gc,phases      ] GC(71) Reference Processing 0.130ms
[29.268s][debug][gc,phases      ] GC(71)   VM Weak                        Min:  0.0, Avg:  0.0, Max:  0.0, Diff:  0.0, Sum:  0.0, Workers: 4
[29.268s][debug][gc,phases      ] GC(71)     Dead                           Min: 0, Avg:  0.0, Max: 0, Diff: 0, Sum: 0, Workers: 4
[29.268s][debug][gc,phases      ] GC(71)     Total                          Min: 0, Avg: 140.5, Max: 448, Diff: 448, Sum: 562, Workers: 4
[29.268s][debug][gc,phases      ] GC(71)   ObjectSynchronizer Weak        Min:  0.0, Avg:  0.0, Max:  0.0, Diff:  0.0, Sum:  0.0, Workers: 4
[29.268s][debug][gc,phases      ] GC(71)     Dead                           Min: 0, Avg:  0.0, Max: 0, Diff: 0, Sum: 0, Workers: 4
[29.268s][debug][gc,phases      ] GC(71)     Total                          Min: 0, Avg: 112.2, Max: 256, Diff: 256, Sum: 449, Workers: 4
[29.268s][debug][gc,phases      ] GC(71)   JVMTI Tag Weak OopStorage      Min:  0.0, Avg:  0.0, Max:  0.0, Diff:  0.0, Sum:  0.0, Workers: 4
[29.268s][debug][gc,phases      ] GC(71)     Dead                           Min: 0, Avg:  0.0, Max: 0, Diff: 0, Sum: 0, Workers: 4
[29.268s][debug][gc,phases      ] GC(71)     Total                          Min: 0, Avg:  0.0, Max: 0, Diff: 0, Sum: 0, Workers: 4
[29.268s][debug][gc,phases      ] GC(71)   StringTable Weak               Min:  0.1, Avg:  0.1, Max:  0.1, Diff:  0.0, Sum:  0.4, Workers: 4
[29.268s][debug][gc,phases      ] GC(71)     Dead                           Min: 0, Avg:  3.0, Max: 11, Diff: 11, Sum: 12, Workers: 4
[29.268s][debug][gc,phases      ] GC(71)     Total                          Min: 9920, Avg: 10638.8, Max: 11708, Diff: 1788, Sum: 42555, Workers: 4
[29.268s][debug][gc,phases      ] GC(71)   ResolvedMethodTable Weak       Min:  0.0, Avg:  0.0, Max:  0.0, Diff:  0.0, Sum:  0.1, Workers: 4
[29.268s][debug][gc,phases      ] GC(71)     Dead                           Min: 0, Avg:  0.0, Max: 0, Diff: 0, Sum: 0, Workers: 4
[29.268s][debug][gc,phases      ] GC(71)     Total                          Min: 1571, Avg: 1800.8, Max: 2112, Diff: 541, Sum: 7203, Workers: 4
[29.268s][debug][gc,phases      ] GC(71)   JNI Weak                       Min:  0.0, Avg:  0.0, Max:  0.0, Diff:  0.0, Sum:  0.0, Workers: 4
[29.268s][debug][gc,phases      ] GC(71)     Dead                           Min: 0, Avg:  0.0, Max: 0, Diff: 0, Sum: 0, Workers: 4
[29.268s][debug][gc,phases      ] GC(71)     Total                          Min: 0, Avg:  2.5, Max: 10, Diff: 10, Sum: 10, Workers: 4
[29.268s][debug][gc,phases      ] GC(71)   StringDedup Table Weak         Min:  0.0, Avg:  0.0, Max:  0.0, Diff:  0.0, Sum:  0.0, Workers: 4
[29.268s][debug][gc,phases      ] GC(71)     Dead                           Min: 0, Avg:  0.0, Max: 0, Diff: 0, Sum: 0, Workers: 4
[29.268s][debug][gc,phases      ] GC(71)     Total                          Min: 0, Avg:  0.0, Max: 0, Diff: 0, Sum: 0, Workers: 4
[29.268s][debug][gc,phases      ] GC(71)   StringDedup Requests0 Weak     Min:  0.0, Avg:  0.0, Max:  0.0, Diff:  0.0, Sum:  0.0, Workers: 4
[29.268s][debug][gc,phases      ] GC(71)     Dead                           Min: 0, Avg:  0.0, Max: 0, Diff: 0, Sum: 0, Workers: 4
[29.268s][debug][gc,phases      ] GC(71)     Total                          Min: 0, Avg:  0.0, Max: 0, Diff: 0, Sum: 0, Workers: 4
[29.268s][debug][gc,phases      ] GC(71)   StringDedup Requests1 Weak     Min:  0.0, Avg:  0.0, Max:  0.0, Diff:  0.0, Sum:  0.0, Workers: 4
[29.268s][debug][gc,phases      ] GC(71)     Dead                           Min: 0, Avg:  0.0, Max: 0, Diff: 0, Sum: 0, Workers: 4
[29.268s][debug][gc,phases      ] GC(71)     Total                          Min: 0, Avg:  0.0, Max: 0, Diff: 0, Sum: 0, Workers: 4
[29.268s][debug][gc,phases      ] GC(71)   Weak JFR Old Object Samples    Min:  0.0, Avg:  0.0, Max:  0.0, Diff:  0.0, Sum:  0.0, Workers: 4
[29.268s][debug][gc,phases      ] GC(71)     Dead                           Min: 0, Avg:  0.0, Max: 0, Diff: 0, Sum: 0, Workers: 4
[29.268s][debug][gc,phases      ] GC(71)     Total                          Min: 0, Avg:  0.0, Max: 0, Diff: 0, Sum: 0, Workers: 4
[29.268s][debug][gc,phases      ] GC(71) Weak Processing 0.312ms
[29.268s][debug][gc,age         ] GC(71) Desired survivor size 116916224 bytes, new threshold 15 (max threshold 15)
[29.268s][info ][gc,heap        ] GC(71) PSYoungGen: 1846940K(1952768K)->28850K(1982976K) Eden: 1819648K(1819648K)->0K(1860096K) From: 27292K(133120K)->28850K(122880K)
[29.268s][info ][gc,heap        ] GC(71) ParOldGen: 548635K(694784K)->549851K(694784K)
[29.268s][info ][gc,metaspace   ] GC(71) Metaspace: 68021K(68672K)->68021K(68672K) NonClass: 58137K(58496K)->58137K(58496K) Class: 9883K(10176K)->9883K(10176K)
[29.269s][info ][gc             ] GC(71) Pause Young (Allocation Failure) 2339M->565M(2615M) 17.040ms
[29.269s][info ][gc,cpu         ] GC(71) User=0.08s Sys=0.00s Real=0.02s
[29.269s][info ][safepoint      ] Safepoint "ParallelGCFailedAllocation", Time since last: 335848656 ns, Reaching safepoint: 154104 ns, At safepoint: 17160737 ns, Total: 17314841 ns
[29.602s][info ][gc,start       ] GC(72) Pause Young (Allocation Failure)
[29.618s][debug][gc,phases      ] GC(72) Scavenge 15.371ms
[29.618s][debug][gc,ref         ] GC(72) Skipped phase 1 of Reference Processing: no references
[29.618s][debug][gc,ref         ] GC(72) ReferenceProcessor::execute queues: 1, RefProcThreadModel::Single, marks_oops_alive: false
[29.618s][debug][gc,ref         ] GC(72) Skipped phase 3 of Reference Processing: no references
[29.618s][debug][gc,ref         ] GC(72) ReferenceProcessor::execute queues: 1, RefProcThreadModel::Single, marks_oops_alive: false
[29.618s][debug][gc,phases      ] GC(72) Reference Processing 0.139ms
[29.618s][debug][gc,phases      ] GC(72)   VM Weak                        Min:  0.0, Avg:  0.0, Max:  0.0, Diff:  0.0, Sum:  0.0, Workers: 4
[29.618s][debug][gc,phases      ] GC(72)     Dead                           Min: 0, Avg:  0.0, Max: 0, Diff: 0, Sum: 0, Workers: 4
[29.618s][debug][gc,phases      ] GC(72)     Total                          Min: 0, Avg: 142.0, Max: 512, Diff: 512, Sum: 568, Workers: 4
[29.618s][debug][gc,phases      ] GC(72)   ObjectSynchronizer Weak        Min:  0.0, Avg:  0.0, Max:  0.0, Diff:  0.0, Sum:  0.0, Workers: 4
[29.618s][debug][gc,phases      ] GC(72)     Dead                           Min: 0, Avg:  0.0, Max: 0, Diff: 0, Sum: 0, Workers: 4
[29.618s][debug][gc,phases      ] GC(72)     Total                          Min: 0, Avg: 112.2, Max: 256, Diff: 256, Sum: 449, Workers: 4
[29.618s][debug][gc,phases      ] GC(72)   JVMTI Tag Weak OopStorage      Min:  0.0, Avg:  0.0, Max:  0.0, Diff:  0.0, Sum:  0.0, Workers: 4
[29.618s][debug][gc,phases      ] GC(72)     Dead                           Min: 0, Avg:  0.0, Max: 0, Diff: 0, Sum: 0, Workers: 4
[29.618s][debug][gc,phases      ] GC(72)     Total                          Min: 0, Avg:  0.0, Max: 0, Diff: 0, Sum: 0, Workers: 4
[29.618s][debug][gc,phases      ] GC(72)   StringTable Weak               Min:  0.1, Avg:  0.1, Max:  0.1, Diff:  0.0, Sum:  0.4, Workers: 4
[29.618s][debug][gc,phases      ] GC(72)     Dead                           Min: 0, Avg:  1.2, Max: 5, Diff: 5, Sum: 5, Workers: 4
[29.618s][debug][gc,phases      ] GC(72)     Total                          Min: 9542, Avg: 10657.5, Max: 11840, Diff: 2298, Sum: 42630, Workers: 4
[29.618s][debug][gc,phases      ] GC(72)   ResolvedMethodTable Weak       Min:  0.0, Avg:  0.0, Max:  0.0, Diff:  0.0, Sum:  0.1, Workers: 4
[29.618s][debug][gc,phases      ] GC(72)     Dead                           Min: 0, Avg:  0.0, Max: 0, Diff: 0, Sum: 0, Workers: 4
[29.618s][debug][gc,phases      ] GC(72)     Total                          Min: 1600, Avg: 1813.8, Max: 2073, Diff: 473, Sum: 7255, Workers: 4
[29.618s][debug][gc,phases      ] GC(72)   JNI Weak                       Min:  0.0, Avg:  0.0, Max:  0.0, Diff:  0.0, Sum:  0.0, Workers: 4
[29.618s][debug][gc,phases      ] GC(72)     Dead                           Min: 0, Avg:  0.0, Max: 0, Diff: 0, Sum: 0, Workers: 4
[29.618s][debug][gc,phases      ] GC(72)     Total                          Min: 0, Avg:  0.0, Max: 0, Diff: 0, Sum: 0, Workers: 4
[29.618s][debug][gc,phases      ] GC(72)   StringDedup Table Weak         Min:  0.0, Avg:  0.0, Max:  0.0, Diff:  0.0, Sum:  0.0, Workers: 4
[29.618s][debug][gc,phases      ] GC(72)     Dead                           Min: 0, Avg:  0.0, Max: 0, Diff: 0, Sum: 0, Workers: 4
[29.618s][debug][gc,phases      ] GC(72)     Total                          Min: 0, Avg:  0.0, Max: 0, Diff: 0, Sum: 0, Workers: 4
[29.618s][debug][gc,phases      ] GC(72)   StringDedup Requests0 Weak     Min:  0.0, Avg:  0.0, Max:  0.0, Diff:  0.0, Sum:  0.0, Workers: 4
[29.618s][debug][gc,phases      ] GC(72)     Dead                           Min: 0, Avg:  0.0, Max: 0, Diff: 0, Sum: 0, Workers: 4
[29.618s][debug][gc,phases      ] GC(72)     Total                          Min: 0, Avg:  0.0, Max: 0, Diff: 0, Sum: 0, Workers: 4
[29.618s][debug][gc,phases      ] GC(72)   StringDedup Requests1 Weak     Min:  0.0, Avg:  0.0, Max:  0.0, Diff:  0.0, Sum:  0.0, Workers: 4
[29.618s][debug][gc,phases      ] GC(72)     Dead                           Min: 0, Avg:  0.0, Max: 0, Diff: 0, Sum: 0, Workers: 4
[29.618s][debug][gc,phases      ] GC(72)     Total                          Min: 0, Avg:  0.0, Max: 0, Diff: 0, Sum: 0, Workers: 4
[29.618s][debug][gc,phases      ] GC(72)   Weak JFR Old Object Samples    Min:  0.0, Avg:  0.0, Max:  0.0, Diff:  0.0, Sum:  0.0, Workers: 4
[29.618s][debug][gc,phases      ] GC(72)     Dead                           Min: 0, Avg:  0.0, Max: 0, Diff: 0, Sum: 0, Workers: 4
[29.618s][debug][gc,phases      ] GC(72)     Total                          Min: 0, Avg:  0.0, Max: 0, Diff: 0, Sum: 0, Workers: 4
[29.618s][debug][gc,phases      ] GC(72) Weak Processing 0.338ms
[29.618s][debug][gc,age         ] GC(72) Desired survivor size 109051904 bytes, new threshold 15 (max threshold 15)
[29.618s][info ][gc,heap        ] GC(72) PSYoungGen: 1888946K(1982976K)->29686K(1974272K) Eden: 1860096K(1860096K)->0K(1860096K) From: 28850K(122880K)->29686K(114176K)
[29.618s][info ][gc,heap        ] GC(72) ParOldGen: 549851K(694784K)->550307K(694784K)
[29.618s][info ][gc,metaspace   ] GC(72) Metaspace: 68357K(69056K)->68357K(69056K) NonClass: 58430K(58816K)->58430K(58816K) Class: 9927K(10240K)->9927K(10240K)
[29.618s][info ][gc             ] GC(72) Pause Young (Allocation Failure) 2381M->566M(2606M) 15.986ms
[29.618s][info ][gc,cpu         ] GC(72) User=0.06s Sys=0.01s Real=0.01s
[29.618s][info ][safepoint      ] Safepoint "ParallelGCFailedAllocation", Time since last: 333428494 ns, Reaching safepoint: 235206 ns, At safepoint: 16099810 ns, Total: 16335016 ns
[29.935s][info ][gc,start       ] GC(73) Pause Young (Allocation Failure)
[29.954s][debug][gc,phases      ] GC(73) Scavenge 18.456ms
[29.954s][debug][gc,ref         ] GC(73) Skipped phase 1 of Reference Processing: no references
[29.954s][debug][gc,ref         ] GC(73) ReferenceProcessor::execute queues: 1, RefProcThreadModel::Single, marks_oops_alive: false
[29.954s][debug][gc,ref         ] GC(73) Skipped phase 3 of Reference Processing: no references
[29.954s][debug][gc,ref         ] GC(73) ReferenceProcessor::execute queues: 1, RefProcThreadModel::Single, marks_oops_alive: false
[29.954s][debug][gc,phases      ] GC(73) Reference Processing 0.149ms
[29.954s][debug][gc,phases      ] GC(73)   VM Weak                        Min:  0.0, Avg:  0.0, Max:  0.0, Diff:  0.0, Sum:  0.0, Workers: 4
[29.954s][debug][gc,phases      ] GC(73)     Dead                           Min: 0, Avg:  0.0, Max: 0, Diff: 0, Sum: 0, Workers: 4
[29.954s][debug][gc,phases      ] GC(73)     Total                          Min: 0, Avg: 142.0, Max: 568, Diff: 568, Sum: 568, Workers: 4
[29.954s][debug][gc,phases      ] GC(73)   ObjectSynchronizer Weak        Min:  0.0, Avg:  0.0, Max:  0.0, Diff:  0.0, Sum:  0.0, Workers: 4
[29.954s][debug][gc,phases      ] GC(73)     Dead                           Min: 0, Avg:  0.0, Max: 0, Diff: 0, Sum: 0, Workers: 4
[29.954s][debug][gc,phases      ] GC(73)     Total                          Min: 0, Avg: 112.2, Max: 257, Diff: 257, Sum: 449, Workers: 4
[29.954s][debug][gc,phases      ] GC(73)   JVMTI Tag Weak OopStorage      Min:  0.0, Avg:  0.0, Max:  0.0, Diff:  0.0, Sum:  0.0, Workers: 4
[29.954s][debug][gc,phases      ] GC(73)     Dead                           Min: 0, Avg:  0.0, Max: 0, Diff: 0, Sum: 0, Workers: 4
[29.954s][debug][gc,phases      ] GC(73)     Total                          Min: 0, Avg:  0.0, Max: 0, Diff: 0, Sum: 0, Workers: 4
[29.954s][debug][gc,phases      ] GC(73)   StringTable Weak               Min:  0.1, Avg:  0.1, Max:  0.1, Diff:  0.0, Sum:  0.4, Workers: 4
[29.954s][debug][gc,phases      ] GC(73)     Dead                           Min: 0, Avg:  2.8, Max: 11, Diff: 11, Sum: 11, Workers: 4
[29.954s][debug][gc,phases      ] GC(73)     Total                          Min: 10176, Avg: 10658.5, Max: 10933, Diff: 757, Sum: 42634, Workers: 4
[29.954s][debug][gc,phases      ] GC(73)   ResolvedMethodTable Weak       Min:  0.0, Avg:  0.0, Max:  0.0, Diff:  0.0, Sum:  0.1, Workers: 4
[29.954s][debug][gc,phases      ] GC(73)     Dead                           Min: 0, Avg:  0.0, Max: 0, Diff: 0, Sum: 0, Workers: 4
[29.954s][debug][gc,phases      ] GC(73)     Total                          Min: 1663, Avg: 1813.8, Max: 1983, Diff: 320, Sum: 7255, Workers: 4
[29.954s][debug][gc,phases      ] GC(73)   JNI Weak                       Min:  0.0, Avg:  0.0, Max:  0.0, Diff:  0.0, Sum:  0.0, Workers: 4
[29.954s][debug][gc,phases      ] GC(73)     Dead                           Min: 0, Avg:  0.0, Max: 0, Diff: 0, Sum: 0, Workers: 4
[29.954s][debug][gc,phases      ] GC(73)     Total                          Min: 0, Avg:  0.0, Max: 0, Diff: 0, Sum: 0, Workers: 4
[29.954s][debug][gc,phases      ] GC(73)   StringDedup Table Weak         Min:  0.0, Avg:  0.0, Max:  0.0, Diff:  0.0, Sum:  0.0, Workers: 4
[29.954s][debug][gc,phases      ] GC(73)     Dead                           Min: 0, Avg:  0.0, Max: 0, Diff: 0, Sum: 0, Workers: 4
[29.954s][debug][gc,phases      ] GC(73)     Total                          Min: 0, Avg:  0.0, Max: 0, Diff: 0, Sum: 0, Workers: 4
[29.954s][debug][gc,phases      ] GC(73)   StringDedup Requests0 Weak     Min:  0.0, Avg:  0.0, Max:  0.0, Diff:  0.0, Sum:  0.0, Workers: 4
[29.954s][debug][gc,phases      ] GC(73)     Dead                           Min: 0, Avg:  0.0, Max: 0, Diff: 0, Sum: 0, Workers: 4
[29.954s][debug][gc,phases      ] GC(73)     Total                          Min: 0, Avg:  0.0, Max: 0, Diff: 0, Sum: 0, Workers: 4
[29.954s][debug][gc,phases      ] GC(73)   StringDedup Requests1 Weak     Min:  0.0, Avg:  0.0, Max:  0.0, Diff:  0.0, Sum:  0.0, Workers: 4
[29.954s][debug][gc,phases      ] GC(73)     Dead                           Min: 0, Avg:  0.0, Max: 0, Diff: 0, Sum: 0, Workers: 4
[29.954s][debug][gc,phases      ] GC(73)     Total                          Min: 0, Avg:  0.0, Max: 0, Diff: 0, Sum: 0, Workers: 4
[29.954s][debug][gc,phases      ] GC(73)   Weak JFR Old Object Samples    Min:  0.0, Avg:  0.0, Max:  0.0, Diff:  0.0, Sum:  0.0, Workers: 4
[29.954s][debug][gc,phases      ] GC(73)     Dead                           Min: 0, Avg:  0.0, Max: 0, Diff: 0, Sum: 0, Workers: 4
[29.954s][debug][gc,phases      ] GC(73)     Total                          Min: 0, Avg:  0.0, Max: 0, Diff: 0, Sum: 0, Workers: 4
[29.954s][debug][gc,phases      ] GC(73) Weak Processing 0.339ms
[29.954s][debug][gc,age         ] GC(73) Desired survivor size 104857600 bytes, new threshold 15 (max threshold 15)
[29.954s][info ][gc,heap        ] GC(73) PSYoungGen: 1889782K(1974272K)->37287K(1994752K) Eden: 1860096K(1860096K)->0K(1888256K) From: 29686K(114176K)->37287K(106496K)
[29.954s][info ][gc,heap        ] GC(73) ParOldGen: 550307K(694784K)->550979K(694784K)
[29.954s][info ][gc,metaspace   ] GC(73) Metaspace: 68383K(69056K)->68383K(69056K) NonClass: 58456K(58816K)->58456K(58816K) Class: 9927K(10240K)->9927K(10240K)
[29.954s][info ][gc             ] GC(73) Pause Young (Allocation Failure) 2382M->574M(2626M) 19.086ms
[29.954s][info ][gc,cpu         ] GC(73) User=0.08s Sys=0.00s Real=0.02s
[29.954s][info ][safepoint      ] Safepoint "ParallelGCFailedAllocation", Time since last: 316486362 ns, Reaching safepoint: 141904 ns, At safepoint: 19203089 ns, Total: 19344993 ns
[30.389s][info ][gc,start       ] GC(74) Pause Young (Allocation Failure)
[30.408s][debug][gc,phases      ] GC(74) Scavenge 19.109ms
[30.408s][debug][gc,ref         ] GC(74) Skipped phase 1 of Reference Processing: no references
[30.409s][debug][gc,ref         ] GC(74) ReferenceProcessor::execute queues: 1, RefProcThreadModel::Single, marks_oops_alive: false
[30.409s][debug][gc,ref         ] GC(74) Skipped phase 3 of Reference Processing: no references
[30.409s][debug][gc,ref         ] GC(74) ReferenceProcessor::execute queues: 1, RefProcThreadModel::Single, marks_oops_alive: false
[30.409s][debug][gc,phases      ] GC(74) Reference Processing 0.178ms
[30.409s][debug][gc,phases      ] GC(74)   VM Weak                        Min:  0.0, Avg:  0.0, Max:  0.0, Diff:  0.0, Sum:  0.0, Workers: 4
[30.409s][debug][gc,phases      ] GC(74)     Dead                           Min: 0, Avg:  0.0, Max: 0, Diff: 0, Sum: 0, Workers: 4
[30.409s][debug][gc,phases      ] GC(74)     Total                          Min: 0, Avg: 143.0, Max: 448, Diff: 448, Sum: 572, Workers: 4
[30.409s][debug][gc,phases      ] GC(74)   ObjectSynchronizer Weak        Min:  0.0, Avg:  0.0, Max:  0.0, Diff:  0.0, Sum:  0.0, Workers: 4
[30.409s][debug][gc,phases      ] GC(74)     Dead                           Min: 0, Avg:  0.0, Max: 0, Diff: 0, Sum: 0, Workers: 4
[30.409s][debug][gc,phases      ] GC(74)     Total                          Min: 0, Avg: 112.2, Max: 193, Diff: 193, Sum: 449, Workers: 4
[30.409s][debug][gc,phases      ] GC(74)   JVMTI Tag Weak OopStorage      Min:  0.0, Avg:  0.0, Max:  0.0, Diff:  0.0, Sum:  0.0, Workers: 4
[30.409s][debug][gc,phases      ] GC(74)     Dead                           Min: 0, Avg:  0.0, Max: 0, Diff: 0, Sum: 0, Workers: 4
[30.409s][debug][gc,phases      ] GC(74)     Total                          Min: 0, Avg:  0.0, Max: 0, Diff: 0, Sum: 0, Workers: 4
[30.409s][debug][gc,phases      ] GC(74)   StringTable Weak               Min:  0.1, Avg:  0.1, Max:  0.1, Diff:  0.0, Sum:  0.4, Workers: 4
[30.409s][debug][gc,phases      ] GC(74)     Dead                           Min: 0, Avg:  2.8, Max: 7, Diff: 7, Sum: 11, Workers: 4
[30.409s][debug][gc,phases      ] GC(74)     Total                          Min: 10304, Avg: 10661.0, Max: 11156, Diff: 852, Sum: 42644, Workers: 4
[30.409s][debug][gc,phases      ] GC(74)   ResolvedMethodTable Weak       Min:  0.0, Avg:  0.0, Max:  0.0, Diff:  0.0, Sum:  0.1, Workers: 4
[30.409s][debug][gc,phases      ] GC(74)     Dead                           Min: 0, Avg:  0.0, Max: 0, Diff: 0, Sum: 0, Workers: 4
[30.409s][debug][gc,phases      ] GC(74)     Total                          Min: 1664, Avg: 1816.5, Max: 2112, Diff: 448, Sum: 7266, Workers: 4
[30.409s][debug][gc,phases      ] GC(74)   JNI Weak                       Min:  0.0, Avg:  0.0, Max:  0.0, Diff:  0.0, Sum:  0.0, Workers: 4
[30.409s][debug][gc,phases      ] GC(74)     Dead                           Min: 0, Avg:  0.0, Max: 0, Diff: 0, Sum: 0, Workers: 4
[30.409s][debug][gc,phases      ] GC(74)     Total                          Min: 0, Avg:  0.8, Max: 3, Diff: 3, Sum: 3, Workers: 4
[30.409s][debug][gc,phases      ] GC(74)   StringDedup Table Weak         Min:  0.0, Avg:  0.0, Max:  0.0, Diff:  0.0, Sum:  0.0, Workers: 4
[30.409s][debug][gc,phases      ] GC(74)     Dead                           Min: 0, Avg:  0.0, Max: 0, Diff: 0, Sum: 0, Workers: 4
[30.409s][debug][gc,phases      ] GC(74)     Total                          Min: 0, Avg:  0.0, Max: 0, Diff: 0, Sum: 0, Workers: 4
[30.409s][debug][gc,phases      ] GC(74)   StringDedup Requests0 Weak     Min:  0.0, Avg:  0.0, Max:  0.0, Diff:  0.0, Sum:  0.0, Workers: 4
[30.409s][debug][gc,phases      ] GC(74)     Dead                           Min: 0, Avg:  0.0, Max: 0, Diff: 0, Sum: 0, Workers: 4
[30.409s][debug][gc,phases      ] GC(74)     Total                          Min: 0, Avg:  0.0, Max: 0, Diff: 0, Sum: 0, Workers: 4
[30.409s][debug][gc,phases      ] GC(74)   StringDedup Requests1 Weak     Min:  0.0, Avg:  0.0, Max:  0.0, Diff:  0.0, Sum:  0.0, Workers: 4
[30.409s][debug][gc,phases      ] GC(74)     Dead                           Min: 0, Avg:  0.0, Max: 0, Diff: 0, Sum: 0, Workers: 4
[30.409s][debug][gc,phases      ] GC(74)     Total                          Min: 0, Avg:  0.0, Max: 0, Diff: 0, Sum: 0, Workers: 4
[30.409s][debug][gc,phases      ] GC(74)   Weak JFR Old Object Samples    Min:  0.0, Avg:  0.0, Max:  0.0, Diff:  0.0, Sum:  0.0, Workers: 4
[30.409s][debug][gc,phases      ] GC(74)     Dead                           Min: 0, Avg:  0.0, Max: 0, Diff: 0, Sum: 0, Workers: 4
[30.409s][debug][gc,phases      ] GC(74)     Total                          Min: 0, Avg:  0.0, Max: 0, Diff: 0, Sum: 0, Workers: 4
[30.409s][debug][gc,phases      ] GC(74) Weak Processing 0.324ms
[30.409s][debug][gc,age         ] GC(74) Desired survivor size 103284736 bytes, new threshold 15 (max threshold 15)
[30.409s][info ][gc,heap        ] GC(74) PSYoungGen: 1925543K(1994752K)->43815K(1990656K) Eden: 1888256K(1888256K)->0K(1888256K) From: 37287K(106496K)->43815K(102400K)
[30.409s][info ][gc,heap        ] GC(74) ParOldGen: 550979K(694784K)->551691K(694784K)
[30.409s][info ][gc,metaspace   ] GC(74) Metaspace: 68417K(69120K)->68417K(69120K) NonClass: 58484K(58880K)->58484K(58880K) Class: 9932K(10240K)->9932K(10240K)
[30.409s][info ][gc             ] GC(74) Pause Young (Allocation Failure) 2418M->581M(2622M) 19.750ms
[30.409s][info ][gc,cpu         ] GC(74) User=0.08s Sys=0.00s Real=0.02s
[30.409s][info ][safepoint      ] Safepoint "ParallelGCFailedAllocation", Time since last: 434777476 ns, Reaching safepoint: 205505 ns, At safepoint: 19867006 ns, Total: 20072511 ns
[30.750s][info ][gc,start       ] GC(75) Pause Young (Allocation Failure)
[30.774s][debug][gc,phases      ] GC(75) Scavenge 23.909ms
[30.774s][debug][gc,ref         ] GC(75) Skipped phase 1 of Reference Processing: no references
[30.774s][debug][gc,ref         ] GC(75) ReferenceProcessor::execute queues: 1, RefProcThreadModel::Single, marks_oops_alive: false
[30.774s][debug][gc,ref         ] GC(75) Skipped phase 3 of Reference Processing: no references
[30.774s][debug][gc,ref         ] GC(75) ReferenceProcessor::execute queues: 1, RefProcThreadModel::Single, marks_oops_alive: false
[30.774s][debug][gc,phases      ] GC(75) Reference Processing 0.163ms
[30.775s][debug][gc,phases      ] GC(75)   VM Weak                        Min:  0.0, Avg:  0.0, Max:  0.0, Diff:  0.0, Sum:  0.0, Workers: 4
[30.775s][debug][gc,phases      ] GC(75)     Dead                           Min: 0, Avg:  0.0, Max: 0, Diff: 0, Sum: 0, Workers: 4
[30.775s][debug][gc,phases      ] GC(75)     Total                          Min: 0, Avg: 143.0, Max: 508, Diff: 508, Sum: 572, Workers: 4
[30.775s][debug][gc,phases      ] GC(75)   ObjectSynchronizer Weak        Min:  0.0, Avg:  0.0, Max:  0.0, Diff:  0.0, Sum:  0.0, Workers: 4
[30.775s][debug][gc,phases      ] GC(75)     Dead                           Min: 0, Avg:  0.0, Max: 0, Diff: 0, Sum: 0, Workers: 4
[30.775s][debug][gc,phases      ] GC(75)     Total                          Min: 0, Avg: 112.5, Max: 256, Diff: 256, Sum: 450, Workers: 4
[30.775s][debug][gc,phases      ] GC(75)   JVMTI Tag Weak OopStorage      Min:  0.0, Avg:  0.0, Max:  0.0, Diff:  0.0, Sum:  0.0, Workers: 4
[30.775s][debug][gc,phases      ] GC(75)     Dead                           Min: 0, Avg:  0.0, Max: 0, Diff: 0, Sum: 0, Workers: 4
[30.775s][debug][gc,phases      ] GC(75)     Total                          Min: 0, Avg:  0.0, Max: 0, Diff: 0, Sum: 0, Workers: 4
[30.775s][debug][gc,phases      ] GC(75)   StringTable Weak               Min:  0.1, Avg:  0.1, Max:  0.1, Diff:  0.0, Sum:  0.4, Workers: 4
[30.775s][debug][gc,phases      ] GC(75)     Dead                           Min: 0, Avg:  2.8, Max: 11, Diff: 11, Sum: 11, Workers: 4
[30.775s][debug][gc,phases      ] GC(75)     Total                          Min: 9823, Avg: 10662.0, Max: 12032, Diff: 2209, Sum: 42648, Workers: 4
[30.775s][debug][gc,phases      ] GC(75)   ResolvedMethodTable Weak       Min:  0.0, Avg:  0.0, Max:  0.0, Diff:  0.0, Sum:  0.1, Workers: 4
[30.775s][debug][gc,phases      ] GC(75)     Dead                           Min: 0, Avg:  1.2, Max: 5, Diff: 5, Sum: 5, Workers: 4
[30.775s][debug][gc,phases      ] GC(75)     Total                          Min: 1600, Avg: 1817.2, Max: 2176, Diff: 576, Sum: 7269, Workers: 4
[30.775s][debug][gc,phases      ] GC(75)   JNI Weak                       Min:  0.0, Avg:  0.0, Max:  0.0, Diff:  0.0, Sum:  0.0, Workers: 4
[30.775s][debug][gc,phases      ] GC(75)     Dead                           Min: 0, Avg:  0.0, Max: 0, Diff: 0, Sum: 0, Workers: 4
[30.775s][debug][gc,phases      ] GC(75)     Total                          Min: 0, Avg:  2.5, Max: 10, Diff: 10, Sum: 10, Workers: 4
[30.775s][debug][gc,phases      ] GC(75)   StringDedup Table Weak         Min:  0.0, Avg:  0.0, Max:  0.0, Diff:  0.0, Sum:  0.0, Workers: 4
[30.775s][debug][gc,phases      ] GC(75)     Dead                           Min: 0, Avg:  0.0, Max: 0, Diff: 0, Sum: 0, Workers: 4
[30.775s][debug][gc,phases      ] GC(75)     Total                          Min: 0, Avg:  0.0, Max: 0, Diff: 0, Sum: 0, Workers: 4
[30.775s][debug][gc,phases      ] GC(75)   StringDedup Requests0 Weak     Min:  0.0, Avg:  0.0, Max:  0.0, Diff:  0.0, Sum:  0.0, Workers: 4
[30.775s][debug][gc,phases      ] GC(75)     Dead                           Min: 0, Avg:  0.0, Max: 0, Diff: 0, Sum: 0, Workers: 4
[30.775s][debug][gc,phases      ] GC(75)     Total                          Min: 0, Avg:  0.0, Max: 0, Diff: 0, Sum: 0, Workers: 4
[30.775s][debug][gc,phases      ] GC(75)   StringDedup Requests1 Weak     Min:  0.0, Avg:  0.0, Max:  0.0, Diff:  0.0, Sum:  0.0, Workers: 4
[30.775s][debug][gc,phases      ] GC(75)     Dead                           Min: 0, Avg:  0.0, Max: 0, Diff: 0, Sum: 0, Workers: 4
[30.775s][debug][gc,phases      ] GC(75)     Total                          Min: 0, Avg:  0.0, Max: 0, Diff: 0, Sum: 0, Workers: 4
[30.775s][debug][gc,phases      ] GC(75)   Weak JFR Old Object Samples    Min:  0.0, Avg:  0.0, Max:  0.0, Diff:  0.0, Sum:  0.0, Workers: 4
[30.775s][debug][gc,phases      ] GC(75)     Dead                           Min: 0, Avg:  0.0, Max: 0, Diff: 0, Sum: 0, Workers: 4
[30.775s][debug][gc,phases      ] GC(75)     Total                          Min: 0, Avg:  0.0, Max: 0, Diff: 0, Sum: 0, Workers: 4
[30.775s][debug][gc,phases      ] GC(75) Weak Processing 0.338ms
[30.775s][debug][gc,age         ] GC(75) Desired survivor size 103809024 bytes, new threshold 15 (max threshold 15)
[30.775s][info ][gc,heap        ] GC(75) PSYoungGen: 1932071K(1990656K)->49272K(1995264K) Eden: 1888256K(1888256K)->0K(1894400K) From: 43815K(102400K)->49272K(100864K)
[30.775s][info ][gc,heap        ] GC(75) ParOldGen: 551691K(694784K)->552443K(694784K)
[30.775s][info ][gc,metaspace   ] GC(75) Metaspace: 68455K(69120K)->68455K(69120K) NonClass: 58520K(58880K)->58520K(58880K) Class: 9934K(10240K)->9934K(10240K)
[30.775s][info ][gc             ] GC(75) Pause Young (Allocation Failure) 2425M->587M(2627M) 24.560ms
[30.775s][info ][gc,cpu         ] GC(75) User=0.10s Sys=0.00s Real=0.03s
[30.775s][info ][safepoint      ] Safepoint "ParallelGCFailedAllocation", Time since last: 341014287 ns, Reaching safepoint: 157504 ns, At safepoint: 24681429 ns, Total: 24838933 ns
[31.155s][info ][gc,start       ] GC(76) Pause Young (Allocation Failure)
[31.181s][debug][gc,phases      ] GC(76) Scavenge 26.295ms
[31.181s][debug][gc,ref         ] GC(76) Skipped phase 1 of Reference Processing: no references
[31.182s][debug][gc,ref         ] GC(76) ReferenceProcessor::execute queues: 1, RefProcThreadModel::Single, marks_oops_alive: false
[31.182s][debug][gc,ref         ] GC(76) Skipped phase 3 of Reference Processing: no references
[31.182s][debug][gc,ref         ] GC(76) ReferenceProcessor::execute queues: 1, RefProcThreadModel::Single, marks_oops_alive: false
[31.182s][debug][gc,phases      ] GC(76) Reference Processing 0.171ms
[31.182s][debug][gc,phases      ] GC(76)   VM Weak                        Min:  0.0, Avg:  0.0, Max:  0.0, Diff:  0.0, Sum:  0.0, Workers: 4
[31.182s][debug][gc,phases      ] GC(76)     Dead                           Min: 0, Avg:  0.0, Max: 0, Diff: 0, Sum: 0, Workers: 4
[31.182s][debug][gc,phases      ] GC(76)     Total                          Min: 0, Avg: 143.5, Max: 574, Diff: 574, Sum: 574, Workers: 4
[31.182s][debug][gc,phases      ] GC(76)   ObjectSynchronizer Weak        Min:  0.0, Avg:  0.0, Max:  0.0, Diff:  0.0, Sum:  0.0, Workers: 4
[31.182s][debug][gc,phases      ] GC(76)     Dead                           Min: 0, Avg:  0.0, Max: 0, Diff: 0, Sum: 0, Workers: 4
[31.182s][debug][gc,phases      ] GC(76)     Total                          Min: 0, Avg: 112.8, Max: 256, Diff: 256, Sum: 451, Workers: 4
[31.182s][debug][gc,phases      ] GC(76)   JVMTI Tag Weak OopStorage      Min:  0.0, Avg:  0.0, Max:  0.0, Diff:  0.0, Sum:  0.0, Workers: 4
[31.182s][debug][gc,phases      ] GC(76)     Dead                           Min: 0, Avg:  0.0, Max: 0, Diff: 0, Sum: 0, Workers: 4
[31.182s][debug][gc,phases      ] GC(76)     Total                          Min: 0, Avg:  0.0, Max: 0, Diff: 0, Sum: 0, Workers: 4
[31.182s][debug][gc,phases      ] GC(76)   StringTable Weak               Min:  0.1, Avg:  0.1, Max:  0.1, Diff:  0.0, Sum:  0.4, Workers: 4
[31.182s][debug][gc,phases      ] GC(76)     Dead                           Min: 0, Avg:  2.8, Max: 11, Diff: 11, Sum: 11, Workers: 4
[31.182s][debug][gc,phases      ] GC(76)     Total                          Min: 10432, Avg: 10670.2, Max: 11072, Diff: 640, Sum: 42681, Workers: 4
[31.182s][debug][gc,phases      ] GC(76)   ResolvedMethodTable Weak       Min:  0.0, Avg:  0.0, Max:  0.0, Diff:  0.0, Sum:  0.1, Workers: 4
[31.182s][debug][gc,phases      ] GC(76)     Dead                           Min: 0, Avg:  0.0, Max: 0, Diff: 0, Sum: 0, Workers: 4
[31.182s][debug][gc,phases      ] GC(76)     Total                          Min: 1728, Avg: 1828.5, Max: 2002, Diff: 274, Sum: 7314, Workers: 4
[31.182s][debug][gc,phases      ] GC(76)   JNI Weak                       Min:  0.0, Avg:  0.0, Max:  0.0, Diff:  0.0, Sum:  0.0, Workers: 4
[31.182s][debug][gc,phases      ] GC(76)     Dead                           Min: 0, Avg:  0.0, Max: 0, Diff: 0, Sum: 0, Workers: 4
[31.182s][debug][gc,phases      ] GC(76)     Total                          Min: 0, Avg:  4.0, Max: 16, Diff: 16, Sum: 16, Workers: 4
[31.182s][debug][gc,phases      ] GC(76)   StringDedup Table Weak         Min:  0.0, Avg:  0.0, Max:  0.0, Diff:  0.0, Sum:  0.0, Workers: 4
[31.182s][debug][gc,phases      ] GC(76)     Dead                           Min: 0, Avg:  0.0, Max: 0, Diff: 0, Sum: 0, Workers: 4
[31.182s][debug][gc,phases      ] GC(76)     Total                          Min: 0, Avg:  0.0, Max: 0, Diff: 0, Sum: 0, Workers: 4
[31.182s][debug][gc,phases      ] GC(76)   StringDedup Requests0 Weak     Min:  0.0, Avg:  0.0, Max:  0.0, Diff:  0.0, Sum:  0.0, Workers: 4
[31.182s][debug][gc,phases      ] GC(76)     Dead                           Min: 0, Avg:  0.0, Max: 0, Diff: 0, Sum: 0, Workers: 4
[31.182s][debug][gc,phases      ] GC(76)     Total                          Min: 0, Avg:  0.0, Max: 0, Diff: 0, Sum: 0, Workers: 4
[31.182s][debug][gc,phases      ] GC(76)   StringDedup Requests1 Weak     Min:  0.0, Avg:  0.0, Max:  0.0, Diff:  0.0, Sum:  0.0, Workers: 4
[31.182s][debug][gc,phases      ] GC(76)     Dead                           Min: 0, Avg:  0.0, Max: 0, Diff: 0, Sum: 0, Workers: 4
[31.182s][debug][gc,phases      ] GC(76)     Total                          Min: 0, Avg:  0.0, Max: 0, Diff: 0, Sum: 0, Workers: 4
[31.182s][debug][gc,phases      ] GC(76)   Weak JFR Old Object Samples    Min:  0.0, Avg:  0.0, Max:  0.0, Diff:  0.0, Sum:  0.0, Workers: 4
[31.182s][debug][gc,phases      ] GC(76)     Dead                           Min: 0, Avg:  0.0, Max: 0, Diff: 0, Sum: 0, Workers: 4
[31.182s][debug][gc,phases      ] GC(76)     Total                          Min: 0, Avg:  0.0, Max: 0, Diff: 0, Sum: 0, Workers: 4
[31.182s][debug][gc,phases      ] GC(76) Weak Processing 0.312ms
[31.182s][debug][gc,age         ] GC(76) Desired survivor size 104857600 bytes, new threshold 15 (max threshold 15)
[31.182s][info ][gc,heap        ] GC(76) PSYoungGen: 1943672K(1995264K)->53903K(1948672K) Eden: 1894400K(1894400K)->0K(1894400K) From: 49272K(100864K)->53903K(54272K)
[31.182s][info ][gc,heap        ] GC(76) ParOldGen: 552443K(694784K)->553235K(694784K)
[31.182s][info ][gc,metaspace   ] GC(76) Metaspace: 68647K(69440K)->68647K(69440K) NonClass: 58682K(59136K)->58682K(59136K) Class: 9964K(10304K)->9964K(10304K)
[31.182s][info ][gc             ] GC(76) Pause Young (Allocation Failure) 2437M->592M(2581M) 26.915ms
[31.182s][info ][gc,cpu         ] GC(76) User=0.10s Sys=0.01s Real=0.03s
[31.182s][info ][safepoint      ] Safepoint "ParallelGCFailedAllocation", Time since last: 379959179 ns, Reaching safepoint: 171804 ns, At safepoint: 27023589 ns, Total: 27195393 ns
[31.524s][info ][gc,start       ] GC(77) Pause Young (Allocation Failure)
[31.551s][debug][gc,phases      ] GC(77) Scavenge 27.222ms
[31.551s][debug][gc,ref         ] GC(77) Skipped phase 1 of Reference Processing: no references
[31.551s][debug][gc,ref         ] GC(77) ReferenceProcessor::execute queues: 1, RefProcThreadModel::Single, marks_oops_alive: false
[31.551s][debug][gc,ref         ] GC(77) Skipped phase 3 of Reference Processing: no references
[31.551s][debug][gc,ref         ] GC(77) ReferenceProcessor::execute queues: 1, RefProcThreadModel::Single, marks_oops_alive: false
[31.551s][debug][gc,phases      ] GC(77) Reference Processing 0.147ms
[31.551s][debug][gc,phases      ] GC(77)   VM Weak                        Min:  0.0, Avg:  0.0, Max:  0.0, Diff:  0.0, Sum:  0.0, Workers: 4
[31.551s][debug][gc,phases      ] GC(77)     Dead                           Min: 0, Avg:  0.0, Max: 0, Diff: 0, Sum: 0, Workers: 4
[31.551s][debug][gc,phases      ] GC(77)     Total                          Min: 0, Avg: 143.5, Max: 318, Diff: 318, Sum: 574, Workers: 4
[31.551s][debug][gc,phases      ] GC(77)   ObjectSynchronizer Weak        Min:  0.0, Avg:  0.0, Max:  0.0, Diff:  0.0, Sum:  0.0, Workers: 4
[31.551s][debug][gc,phases      ] GC(77)     Dead                           Min: 0, Avg:  0.2, Max: 1, Diff: 1, Sum: 1, Workers: 4
[31.551s][debug][gc,phases      ] GC(77)     Total                          Min: 0, Avg: 112.8, Max: 256, Diff: 256, Sum: 451, Workers: 4
[31.551s][debug][gc,phases      ] GC(77)   JVMTI Tag Weak OopStorage      Min:  0.0, Avg:  0.0, Max:  0.0, Diff:  0.0, Sum:  0.0, Workers: 4
[31.551s][debug][gc,phases      ] GC(77)     Dead                           Min: 0, Avg:  0.0, Max: 0, Diff: 0, Sum: 0, Workers: 4
[31.551s][debug][gc,phases      ] GC(77)     Total                          Min: 0, Avg:  0.0, Max: 0, Diff: 0, Sum: 0, Workers: 4
[31.551s][debug][gc,phases      ] GC(77)   StringTable Weak               Min:  0.1, Avg:  0.1, Max:  0.1, Diff:  0.0, Sum:  0.4, Workers: 4
[31.551s][debug][gc,phases      ] GC(77)     Dead                           Min: 0, Avg:  0.0, Max: 0, Diff: 0, Sum: 0, Workers: 4
[31.551s][debug][gc,phases      ] GC(77)     Total                          Min: 9536, Avg: 10671.2, Max: 11584, Diff: 2048, Sum: 42685, Workers: 4
[31.551s][debug][gc,phases      ] GC(77)   ResolvedMethodTable Weak       Min:  0.0, Avg:  0.0, Max:  0.0, Diff:  0.0, Sum:  0.1, Workers: 4
[31.551s][debug][gc,phases      ] GC(77)     Dead                           Min: 0, Avg:  0.0, Max: 0, Diff: 0, Sum: 0, Workers: 4
[31.551s][debug][gc,phases      ] GC(77)     Total                          Min: 1664, Avg: 1829.2, Max: 2176, Diff: 512, Sum: 7317, Workers: 4
[31.551s][debug][gc,phases      ] GC(77)   JNI Weak                       Min:  0.0, Avg:  0.0, Max:  0.0, Diff:  0.0, Sum:  0.0, Workers: 4
[31.551s][debug][gc,phases      ] GC(77)     Dead                           Min: 0, Avg:  0.0, Max: 0, Diff: 0, Sum: 0, Workers: 4
[31.551s][debug][gc,phases      ] GC(77)     Total                          Min: 0, Avg:  3.2, Max: 13, Diff: 13, Sum: 13, Workers: 4
[31.551s][debug][gc,phases      ] GC(77)   StringDedup Table Weak         Min:  0.0, Avg:  0.0, Max:  0.0, Diff:  0.0, Sum:  0.0, Workers: 4
[31.551s][debug][gc,phases      ] GC(77)     Dead                           Min: 0, Avg:  0.0, Max: 0, Diff: 0, Sum: 0, Workers: 4
[31.551s][debug][gc,phases      ] GC(77)     Total                          Min: 0, Avg:  0.0, Max: 0, Diff: 0, Sum: 0, Workers: 4
[31.551s][debug][gc,phases      ] GC(77)   StringDedup Requests0 Weak     Min:  0.0, Avg:  0.0, Max:  0.0, Diff:  0.0, Sum:  0.0, Workers: 4
[31.551s][debug][gc,phases      ] GC(77)     Dead                           Min: 0, Avg:  0.0, Max: 0, Diff: 0, Sum: 0, Workers: 4
[31.551s][debug][gc,phases      ] GC(77)     Total                          Min: 0, Avg:  0.0, Max: 0, Diff: 0, Sum: 0, Workers: 4
[31.551s][debug][gc,phases      ] GC(77)   StringDedup Requests1 Weak     Min:  0.0, Avg:  0.0, Max:  0.0, Diff:  0.0, Sum:  0.0, Workers: 4
[31.551s][debug][gc,phases      ] GC(77)     Dead                           Min: 0, Avg:  0.0, Max: 0, Diff: 0, Sum: 0, Workers: 4
[31.551s][debug][gc,phases      ] GC(77)     Total                          Min: 0, Avg:  0.0, Max: 0, Diff: 0, Sum: 0, Workers: 4
[31.551s][debug][gc,phases      ] GC(77)   Weak JFR Old Object Samples    Min:  0.0, Avg:  0.0, Max:  0.0, Diff:  0.0, Sum:  0.0, Workers: 4
[31.551s][debug][gc,phases      ] GC(77)     Dead                           Min: 0, Avg:  0.0, Max: 0, Diff: 0, Sum: 0, Workers: 4
[31.551s][debug][gc,phases      ] GC(77)     Total                          Min: 0, Avg:  0.0, Max: 0, Diff: 0, Sum: 0, Workers: 4
[31.551s][debug][gc,phases      ] GC(77) Weak Processing 0.333ms
[31.551s][debug][gc,age         ] GC(77) Desired survivor size 109051904 bytes, new threshold 15 (max threshold 15)
[31.551s][info ][gc,heap        ] GC(77) PSYoungGen: 1948303K(1948672K)->63023K(1986560K) Eden: 1894400K(1894400K)->0K(1884160K) From: 53903K(54272K)->63023K(102400K)
[31.551s][info ][gc,heap        ] GC(77) ParOldGen: 553235K(694784K)->554235K(694784K)
[31.551s][info ][gc,metaspace   ] GC(77) Metaspace: 68702K(69504K)->68702K(69504K) NonClass: 58734K(59136K)->58734K(59136K) Class: 9968K(10368K)->9968K(10368K)
[31.551s][info ][gc             ] GC(77) Pause Young (Allocation Failure) 2442M->602M(2618M) 27.844ms
[31.551s][info ][gc,cpu         ] GC(77) User=0.11s Sys=0.00s Real=0.02s
[31.552s][info ][safepoint      ] Safepoint "ParallelGCFailedAllocation", Time since last: 341355696 ns, Reaching safepoint: 151603 ns, At safepoint: 27960913 ns, Total: 28112516 ns
[32.024s][info ][gc,start       ] GC(78) Pause Young (Allocation Failure)
[32.051s][debug][gc,phases      ] GC(78) Scavenge 26.708ms
[32.051s][debug][gc,ref         ] GC(78) Skipped phase 1 of Reference Processing: no references
[32.051s][debug][gc,ref         ] GC(78) ReferenceProcessor::execute queues: 1, RefProcThreadModel::Single, marks_oops_alive: false
[32.051s][debug][gc,ref         ] GC(78) Skipped phase 3 of Reference Processing: no references
[32.051s][debug][gc,ref         ] GC(78) ReferenceProcessor::execute queues: 1, RefProcThreadModel::Single, marks_oops_alive: false
[32.051s][debug][gc,phases      ] GC(78) Reference Processing 0.168ms
[32.052s][debug][gc,phases      ] GC(78)   VM Weak                        Min:  0.0, Avg:  0.0, Max:  0.0, Diff:  0.0, Sum:  0.0, Workers: 4
[32.052s][debug][gc,phases      ] GC(78)     Dead                           Min: 0, Avg:  0.0, Max: 0, Diff: 0, Sum: 0, Workers: 4
[32.052s][debug][gc,phases      ] GC(78)     Total                          Min: 0, Avg: 143.5, Max: 574, Diff: 574, Sum: 574, Workers: 4
[32.052s][debug][gc,phases      ] GC(78)   ObjectSynchronizer Weak        Min:  0.0, Avg:  0.0, Max:  0.0, Diff:  0.0, Sum:  0.0, Workers: 4
[32.052s][debug][gc,phases      ] GC(78)     Dead                           Min: 0, Avg:  0.0, Max: 0, Diff: 0, Sum: 0, Workers: 4
[32.052s][debug][gc,phases      ] GC(78)     Total                          Min: 0, Avg: 112.8, Max: 256, Diff: 256, Sum: 451, Workers: 4
[32.052s][debug][gc,phases      ] GC(78)   JVMTI Tag Weak OopStorage      Min:  0.0, Avg:  0.0, Max:  0.0, Diff:  0.0, Sum:  0.0, Workers: 4
[32.052s][debug][gc,phases      ] GC(78)     Dead                           Min: 0, Avg:  0.0, Max: 0, Diff: 0, Sum: 0, Workers: 4
[32.052s][debug][gc,phases      ] GC(78)     Total                          Min: 0, Avg:  0.0, Max: 0, Diff: 0, Sum: 0, Workers: 4
[32.052s][debug][gc,phases      ] GC(78)   StringTable Weak               Min:  0.1, Avg:  0.1, Max:  0.1, Diff:  0.0, Sum:  0.4, Workers: 4
[32.052s][debug][gc,phases      ] GC(78)     Dead                           Min: 0, Avg:  2.8, Max: 11, Diff: 11, Sum: 11, Workers: 4
[32.052s][debug][gc,phases      ] GC(78)     Total                          Min: 9280, Avg: 10673.5, Max: 11392, Diff: 2112, Sum: 42694, Workers: 4
[32.052s][debug][gc,phases      ] GC(78)   ResolvedMethodTable Weak       Min:  0.0, Avg:  0.0, Max:  0.0, Diff:  0.0, Sum:  0.1, Workers: 4
[32.052s][debug][gc,phases      ] GC(78)     Dead                           Min: 0, Avg:  0.0, Max: 0, Diff: 0, Sum: 0, Workers: 4
[32.052s][debug][gc,phases      ] GC(78)     Total                          Min: 1431, Avg: 1829.8, Max: 2176, Diff: 745, Sum: 7319, Workers: 4
[32.052s][debug][gc,phases      ] GC(78)   JNI Weak                       Min:  0.0, Avg:  0.0, Max:  0.0, Diff:  0.0, Sum:  0.0, Workers: 4
[32.052s][debug][gc,phases      ] GC(78)     Dead                           Min: 0, Avg:  0.0, Max: 0, Diff: 0, Sum: 0, Workers: 4
[32.052s][debug][gc,phases      ] GC(78)     Total                          Min: 0, Avg:  2.5, Max: 10, Diff: 10, Sum: 10, Workers: 4
[32.052s][debug][gc,phases      ] GC(78)   StringDedup Table Weak         Min:  0.0, Avg:  0.0, Max:  0.0, Diff:  0.0, Sum:  0.0, Workers: 4
[32.052s][debug][gc,phases      ] GC(78)     Dead                           Min: 0, Avg:  0.0, Max: 0, Diff: 0, Sum: 0, Workers: 4
[32.052s][debug][gc,phases      ] GC(78)     Total                          Min: 0, Avg:  0.0, Max: 0, Diff: 0, Sum: 0, Workers: 4
[32.052s][debug][gc,phases      ] GC(78)   StringDedup Requests0 Weak     Min:  0.0, Avg:  0.0, Max:  0.0, Diff:  0.0, Sum:  0.0, Workers: 4
[32.052s][debug][gc,phases      ] GC(78)     Dead                           Min: 0, Avg:  0.0, Max: 0, Diff: 0, Sum: 0, Workers: 4
[32.052s][debug][gc,phases      ] GC(78)     Total                          Min: 0, Avg:  0.0, Max: 0, Diff: 0, Sum: 0, Workers: 4
[32.052s][debug][gc,phases      ] GC(78)   StringDedup Requests1 Weak     Min:  0.0, Avg:  0.0, Max:  0.0, Diff:  0.0, Sum:  0.0, Workers: 4
[32.052s][debug][gc,phases      ] GC(78)     Dead                           Min: 0, Avg:  0.0, Max: 0, Diff: 0, Sum: 0, Workers: 4
[32.052s][debug][gc,phases      ] GC(78)     Total                          Min: 0, Avg:  0.0, Max: 0, Diff: 0, Sum: 0, Workers: 4
[32.052s][debug][gc,phases      ] GC(78)   Weak JFR Old Object Samples    Min:  0.0, Avg:  0.0, Max:  0.0, Diff:  0.0, Sum:  0.0, Workers: 4
[32.052s][debug][gc,phases      ] GC(78)     Dead                           Min: 0, Avg:  0.0, Max: 0, Diff: 0, Sum: 0, Workers: 4
[32.052s][debug][gc,phases      ] GC(78)     Total                          Min: 0, Avg:  0.0, Max: 0, Diff: 0, Sum: 0, Workers: 4
[32.052s][debug][gc,phases      ] GC(78) Weak Processing 0.322ms
[32.052s][debug][gc,age         ] GC(78) Desired survivor size 116391936 bytes, new threshold 15 (max threshold 15)
[32.052s][info ][gc,heap        ] GC(78) PSYoungGen: 1947183K(1986560K)->74977K(1959424K) Eden: 1884160K(1884160K)->0K(1884160K) From: 63023K(102400K)->74977K(75264K)
[32.052s][info ][gc,heap        ] GC(78) ParOldGen: 554235K(694784K)->555395K(694784K)
[32.052s][info ][gc,metaspace   ] GC(78) Metaspace: 68779K(69568K)->68779K(69568K) NonClass: 58811K(59200K)->58811K(59200K) Class: 9968K(10368K)->9968K(10368K)
[32.052s][info ][gc             ] GC(78) Pause Young (Allocation Failure) 2442M->615M(2592M) 27.338ms
[32.052s][info ][gc,cpu         ] GC(78) User=0.11s Sys=0.01s Real=0.02s
[32.052s][info ][safepoint      ] Safepoint "ParallelGCFailedAllocation", Time since last: 472641540 ns, Reaching safepoint: 245806 ns, At safepoint: 27455199 ns, Total: 27701005 ns
[32.362s][info ][gc,start       ] GC(79) Pause Young (Allocation Failure)
[32.395s][debug][gc,phases      ] GC(79) Scavenge 33.305ms
[32.395s][debug][gc,ref         ] GC(79) Skipped phase 1 of Reference Processing: no references
[32.395s][debug][gc,ref         ] GC(79) ReferenceProcessor::execute queues: 1, RefProcThreadModel::Single, marks_oops_alive: false
[32.395s][debug][gc,ref         ] GC(79) Skipped phase 3 of Reference Processing: no references
[32.395s][debug][gc,ref         ] GC(79) Skipped phase 4 of Reference Processing: no references
[32.395s][debug][gc,phases      ] GC(79) Reference Processing 0.155ms
[32.395s][debug][gc,phases      ] GC(79)   VM Weak                        Min:  0.0, Avg:  0.0, Max:  0.0, Diff:  0.0, Sum:  0.0, Workers: 4
[32.395s][debug][gc,phases      ] GC(79)     Dead                           Min: 0, Avg:  0.0, Max: 0, Diff: 0, Sum: 0, Workers: 4
[32.395s][debug][gc,phases      ] GC(79)     Total                          Min: 0, Avg: 143.5, Max: 512, Diff: 512, Sum: 574, Workers: 4
[32.395s][debug][gc,phases      ] GC(79)   ObjectSynchronizer Weak        Min:  0.0, Avg:  0.0, Max:  0.0, Diff:  0.0, Sum:  0.0, Workers: 4
[32.395s][debug][gc,phases      ] GC(79)     Dead                           Min: 0, Avg:  0.0, Max: 0, Diff: 0, Sum: 0, Workers: 4
[32.395s][debug][gc,phases      ] GC(79)     Total                          Min: 64, Avg: 112.8, Max: 195, Diff: 131, Sum: 451, Workers: 4
[32.395s][debug][gc,phases      ] GC(79)   JVMTI Tag Weak OopStorage      Min:  0.0, Avg:  0.0, Max:  0.0, Diff:  0.0, Sum:  0.0, Workers: 4
[32.395s][debug][gc,phases      ] GC(79)     Dead                           Min: 0, Avg:  0.0, Max: 0, Diff: 0, Sum: 0, Workers: 4
[32.395s][debug][gc,phases      ] GC(79)     Total                          Min: 0, Avg:  0.0, Max: 0, Diff: 0, Sum: 0, Workers: 4
[32.395s][debug][gc,phases      ] GC(79)   StringTable Weak               Min:  0.1, Avg:  0.1, Max:  0.1, Diff:  0.0, Sum:  0.4, Workers: 4
[32.395s][debug][gc,phases      ] GC(79)     Dead                           Min: 0, Avg:  2.8, Max: 11, Diff: 11, Sum: 11, Workers: 4
[32.395s][debug][gc,phases      ] GC(79)     Total                          Min: 10368, Avg: 10673.8, Max: 11189, Diff: 821, Sum: 42695, Workers: 4
[32.395s][debug][gc,phases      ] GC(79)   ResolvedMethodTable Weak       Min:  0.0, Avg:  0.0, Max:  0.0, Diff:  0.0, Sum:  0.1, Workers: 4
[32.395s][debug][gc,phases      ] GC(79)     Dead                           Min: 0, Avg:  0.0, Max: 0, Diff: 0, Sum: 0, Workers: 4
[32.395s][debug][gc,phases      ] GC(79)     Total                          Min: 1559, Avg: 1829.8, Max: 1984, Diff: 425, Sum: 7319, Workers: 4
[32.395s][debug][gc,phases      ] GC(79)   JNI Weak                       Min:  0.0, Avg:  0.0, Max:  0.0, Diff:  0.0, Sum:  0.0, Workers: 4
[32.395s][debug][gc,phases      ] GC(79)     Dead                           Min: 0, Avg:  0.0, Max: 0, Diff: 0, Sum: 0, Workers: 4
[32.395s][debug][gc,phases      ] GC(79)     Total                          Min: 0, Avg:  3.0, Max: 12, Diff: 12, Sum: 12, Workers: 4
[32.395s][debug][gc,phases      ] GC(79)   StringDedup Table Weak         Min:  0.0, Avg:  0.0, Max:  0.0, Diff:  0.0, Sum:  0.0, Workers: 4
[32.395s][debug][gc,phases      ] GC(79)     Dead                           Min: 0, Avg:  0.0, Max: 0, Diff: 0, Sum: 0, Workers: 4
[32.395s][debug][gc,phases      ] GC(79)     Total                          Min: 0, Avg:  0.0, Max: 0, Diff: 0, Sum: 0, Workers: 4
[32.395s][debug][gc,phases      ] GC(79)   StringDedup Requests0 Weak     Min:  0.0, Avg:  0.0, Max:  0.0, Diff:  0.0, Sum:  0.0, Workers: 4
[32.395s][debug][gc,phases      ] GC(79)     Dead                           Min: 0, Avg:  0.0, Max: 0, Diff: 0, Sum: 0, Workers: 4
[32.395s][debug][gc,phases      ] GC(79)     Total                          Min: 0, Avg:  0.0, Max: 0, Diff: 0, Sum: 0, Workers: 4
[32.395s][debug][gc,phases      ] GC(79)   StringDedup Requests1 Weak     Min:  0.0, Avg:  0.0, Max:  0.0, Diff:  0.0, Sum:  0.0, Workers: 4
[32.395s][debug][gc,phases      ] GC(79)     Dead                           Min: 0, Avg:  0.0, Max: 0, Diff: 0, Sum: 0, Workers: 4
[32.395s][debug][gc,phases      ] GC(79)     Total                          Min: 0, Avg:  0.0, Max: 0, Diff: 0, Sum: 0, Workers: 4
[32.395s][debug][gc,phases      ] GC(79)   Weak JFR Old Object Samples    Min:  0.0, Avg:  0.0, Max:  0.0, Diff:  0.0, Sum:  0.0, Workers: 4
[32.395s][debug][gc,phases      ] GC(79)     Dead                           Min: 0, Avg:  0.0, Max: 0, Diff: 0, Sum: 0, Workers: 4
[32.395s][debug][gc,phases      ] GC(79)     Total                          Min: 0, Avg:  0.0, Max: 0, Diff: 0, Sum: 0, Workers: 4
[32.395s][debug][gc,phases      ] GC(79) Weak Processing 0.325ms
[32.395s][debug][gc,age         ] GC(79) Desired survivor size 124256256 bytes, new threshold 15 (max threshold 15)
[32.396s][info ][gc,heap        ] GC(79) PSYoungGen: 1959137K(1959424K)->81176K(1968128K) Eden: 1884160K(1884160K)->0K(1854464K) From: 74977K(75264K)->81176K(113664K)
[32.396s][info ][gc,heap        ] GC(79) ParOldGen: 555395K(694784K)->557637K(694784K)
[32.396s][info ][gc,metaspace   ] GC(79) Metaspace: 68817K(69632K)->68817K(69632K) NonClass: 58848K(59264K)->58848K(59264K) Class: 9968K(10368K)->9968K(10368K)
[32.396s][info ][gc             ] GC(79) Pause Young (Allocation Failure) 2455M->623M(2600M) 33.936ms
[32.396s][info ][gc,cpu         ] GC(79) User=0.13s Sys=0.00s Real=0.03s
[32.396s][info ][safepoint      ] Safepoint "ParallelGCFailedAllocation", Time since last: 309506585 ns, Reaching safepoint: 197605 ns, At safepoint: 34077568 ns, Total: 34275173 ns
[32.787s][info ][gc,start       ] GC(80) Pause Young (Allocation Failure)
[32.819s][debug][gc,phases      ] GC(80) Scavenge 32.631ms
[32.819s][debug][gc,ref         ] GC(80) Skipped phase 1 of Reference Processing: no references
[32.819s][debug][gc,ref         ] GC(80) ReferenceProcessor::execute queues: 1, RefProcThreadModel::Single, marks_oops_alive: false
[32.820s][debug][gc,ref         ] GC(80) Skipped phase 3 of Reference Processing: no references
[32.820s][debug][gc,ref         ] GC(80) ReferenceProcessor::execute queues: 1, RefProcThreadModel::Single, marks_oops_alive: false
[32.820s][debug][gc,phases      ] GC(80) Reference Processing 0.162ms
[32.820s][debug][gc,phases      ] GC(80)   VM Weak                        Min:  0.0, Avg:  0.0, Max:  0.0, Diff:  0.0, Sum:  0.0, Workers: 4
[32.820s][debug][gc,phases      ] GC(80)     Dead                           Min: 0, Avg:  0.0, Max: 0, Diff: 0, Sum: 0, Workers: 4
[32.820s][debug][gc,phases      ] GC(80)     Total                          Min: 0, Avg: 144.5, Max: 514, Diff: 514, Sum: 578, Workers: 4
[32.820s][debug][gc,phases      ] GC(80)   ObjectSynchronizer Weak        Min:  0.0, Avg:  0.0, Max:  0.0, Diff:  0.0, Sum:  0.0, Workers: 4
[32.820s][debug][gc,phases      ] GC(80)     Dead                           Min: 0, Avg:  0.0, Max: 0, Diff: 0, Sum: 0, Workers: 4
[32.820s][debug][gc,phases      ] GC(80)     Total                          Min: 0, Avg: 112.8, Max: 259, Diff: 259, Sum: 451, Workers: 4
[32.820s][debug][gc,phases      ] GC(80)   JVMTI Tag Weak OopStorage      Min:  0.0, Avg:  0.0, Max:  0.0, Diff:  0.0, Sum:  0.0, Workers: 4
[32.820s][debug][gc,phases      ] GC(80)     Dead                           Min: 0, Avg:  0.0, Max: 0, Diff: 0, Sum: 0, Workers: 4
[32.820s][debug][gc,phases      ] GC(80)     Total                          Min: 0, Avg:  0.0, Max: 0, Diff: 0, Sum: 0, Workers: 4
[32.820s][debug][gc,phases      ] GC(80)   StringTable Weak               Min:  0.1, Avg:  0.1, Max:  0.1, Diff:  0.0, Sum:  0.4, Workers: 4
[32.820s][debug][gc,phases      ] GC(80)     Dead                           Min: 0, Avg:  3.0, Max: 12, Diff: 12, Sum: 12, Workers: 4
[32.820s][debug][gc,phases      ] GC(80)     Total                          Min: 9823, Avg: 10676.8, Max: 11573, Diff: 1750, Sum: 42707, Workers: 4
[32.820s][debug][gc,phases      ] GC(80)   ResolvedMethodTable Weak       Min:  0.0, Avg:  0.0, Max:  0.0, Diff:  0.0, Sum:  0.1, Workers: 4
[32.820s][debug][gc,phases      ] GC(80)     Dead                           Min: 0, Avg:  0.0, Max: 0, Diff: 0, Sum: 0, Workers: 4
[32.820s][debug][gc,phases      ] GC(80)     Total                          Min: 1728, Avg: 1835.2, Max: 1920, Diff: 192, Sum: 7341, Workers: 4
[32.820s][debug][gc,phases      ] GC(80)   JNI Weak                       Min:  0.0, Avg:  0.0, Max:  0.0, Diff:  0.0, Sum:  0.0, Workers: 4
[32.820s][debug][gc,phases      ] GC(80)     Dead                           Min: 0, Avg:  0.0, Max: 0, Diff: 0, Sum: 0, Workers: 4
[32.820s][debug][gc,phases      ] GC(80)     Total                          Min: 0, Avg:  0.8, Max: 3, Diff: 3, Sum: 3, Workers: 4
[32.820s][debug][gc,phases      ] GC(80)   StringDedup Table Weak         Min:  0.0, Avg:  0.0, Max:  0.0, Diff:  0.0, Sum:  0.0, Workers: 4
[32.820s][debug][gc,phases      ] GC(80)     Dead                           Min: 0, Avg:  0.0, Max: 0, Diff: 0, Sum: 0, Workers: 4
[32.820s][debug][gc,phases      ] GC(80)     Total                          Min: 0, Avg:  0.0, Max: 0, Diff: 0, Sum: 0, Workers: 4
[32.820s][debug][gc,phases      ] GC(80)   StringDedup Requests0 Weak     Min:  0.0, Avg:  0.0, Max:  0.0, Diff:  0.0, Sum:  0.0, Workers: 4
[32.820s][debug][gc,phases      ] GC(80)     Dead                           Min: 0, Avg:  0.0, Max: 0, Diff: 0, Sum: 0, Workers: 4
[32.820s][debug][gc,phases      ] GC(80)     Total                          Min: 0, Avg:  0.0, Max: 0, Diff: 0, Sum: 0, Workers: 4
[32.820s][debug][gc,phases      ] GC(80)   StringDedup Requests1 Weak     Min:  0.0, Avg:  0.0, Max:  0.0, Diff:  0.0, Sum:  0.0, Workers: 4
[32.820s][debug][gc,phases      ] GC(80)     Dead                           Min: 0, Avg:  0.0, Max: 0, Diff: 0, Sum: 0, Workers: 4
[32.820s][debug][gc,phases      ] GC(80)     Total                          Min: 0, Avg:  0.0, Max: 0, Diff: 0, Sum: 0, Workers: 4
[32.820s][debug][gc,phases      ] GC(80)   Weak JFR Old Object Samples    Min:  0.0, Avg:  0.0, Max:  0.0, Diff:  0.0, Sum:  0.0, Workers: 4
[32.820s][debug][gc,phases      ] GC(80)     Dead                           Min: 0, Avg:  0.0, Max: 0, Diff: 0, Sum: 0, Workers: 4
[32.820s][debug][gc,phases      ] GC(80)     Total                          Min: 0, Avg:  0.0, Max: 0, Diff: 0, Sum: 0, Workers: 4
[32.820s][debug][gc,phases      ] GC(80) Weak Processing 0.324ms
[32.820s][debug][gc,age         ] GC(80) Desired survivor size 132644864 bytes, new threshold 15 (max threshold 15)
[32.820s][info ][gc,heap        ] GC(80) PSYoungGen: 1935640K(1968128K)->86611K(1941504K) Eden: 1854464K(1854464K)->0K(1854464K) From: 81176K(113664K)->86611K(87040K)
[32.820s][info ][gc,heap        ] GC(80) ParOldGen: 557637K(694784K)->558693K(694784K)
[32.820s][info ][gc,metaspace   ] GC(80) Metaspace: 68880K(69696K)->68880K(69696K) NonClass: 58904K(59328K)->58904K(59328K) Class: 9976K(10368K)->9976K(10368K)
[32.820s][info ][gc             ] GC(80) Pause Young (Allocation Failure) 2434M->630M(2574M) 33.256ms
[32.820s][info ][gc,cpu         ] GC(80) User=0.13s Sys=0.00s Real=0.03s
[32.820s][info ][safepoint      ] Safepoint "ParallelGCFailedAllocation", Time since last: 390803955 ns, Reaching safepoint: 187205 ns, At safepoint: 33364250 ns, Total: 33551455 ns
[33.180s][info ][gc,start       ] GC(81) Pause Young (Allocation Failure)
[33.219s][debug][gc,phases      ] GC(81) Scavenge 38.608ms
[33.219s][debug][gc,ref         ] GC(81) Skipped phase 1 of Reference Processing: no references
[33.219s][debug][gc,ref         ] GC(81) ReferenceProcessor::execute queues: 1, RefProcThreadModel::Single, marks_oops_alive: false
[33.219s][debug][gc,ref         ] GC(81) Skipped phase 3 of Reference Processing: no references
[33.219s][debug][gc,ref         ] GC(81) ReferenceProcessor::execute queues: 1, RefProcThreadModel::Single, marks_oops_alive: false
[33.219s][debug][gc,phases      ] GC(81) Reference Processing 0.166ms
[33.220s][debug][gc,phases      ] GC(81)   VM Weak                        Min:  0.0, Avg:  0.0, Max:  0.0, Diff:  0.0, Sum:  0.0, Workers: 4
[33.220s][debug][gc,phases      ] GC(81)     Dead                           Min: 0, Avg:  0.0, Max: 0, Diff: 0, Sum: 0, Workers: 4
[33.220s][debug][gc,phases      ] GC(81)     Total                          Min: 0, Avg: 144.8, Max: 579, Diff: 579, Sum: 579, Workers: 4
[33.220s][debug][gc,phases      ] GC(81)   ObjectSynchronizer Weak        Min:  0.0, Avg:  0.0, Max:  0.0, Diff:  0.0, Sum:  0.0, Workers: 4
[33.220s][debug][gc,phases      ] GC(81)     Dead                           Min: 0, Avg:  0.0, Max: 0, Diff: 0, Sum: 0, Workers: 4
[33.220s][debug][gc,phases      ] GC(81)     Total                          Min: 0, Avg: 112.8, Max: 448, Diff: 448, Sum: 451, Workers: 4
[33.220s][debug][gc,phases      ] GC(81)   JVMTI Tag Weak OopStorage      Min:  0.0, Avg:  0.0, Max:  0.0, Diff:  0.0, Sum:  0.0, Workers: 4
[33.220s][debug][gc,phases      ] GC(81)     Dead                           Min: 0, Avg:  0.0, Max: 0, Diff: 0, Sum: 0, Workers: 4
[33.220s][debug][gc,phases      ] GC(81)     Total                          Min: 0, Avg:  0.0, Max: 0, Diff: 0, Sum: 0, Workers: 4
[33.220s][debug][gc,phases      ] GC(81)   StringTable Weak               Min:  0.1, Avg:  0.1, Max:  0.1, Diff:  0.0, Sum:  0.4, Workers: 4
[33.220s][debug][gc,phases      ] GC(81)     Dead                           Min: 0, Avg:  3.0, Max: 12, Diff: 12, Sum: 12, Workers: 4
[33.220s][debug][gc,phases      ] GC(81)     Total                          Min: 10293, Avg: 10683.0, Max: 11136, Diff: 843, Sum: 42732, Workers: 4
[33.220s][debug][gc,phases      ] GC(81)   ResolvedMethodTable Weak       Min:  0.0, Avg:  0.0, Max:  0.0, Diff:  0.0, Sum:  0.1, Workers: 4
[33.220s][debug][gc,phases      ] GC(81)     Dead                           Min: 0, Avg:  0.0, Max: 0, Diff: 0, Sum: 0, Workers: 4
[33.220s][debug][gc,phases      ] GC(81)     Total                          Min: 1600, Avg: 1840.2, Max: 2176, Diff: 576, Sum: 7361, Workers: 4
[33.220s][debug][gc,phases      ] GC(81)   JNI Weak                       Min:  0.0, Avg:  0.0, Max:  0.0, Diff:  0.0, Sum:  0.0, Workers: 4
[33.220s][debug][gc,phases      ] GC(81)     Dead                           Min: 0, Avg:  0.0, Max: 0, Diff: 0, Sum: 0, Workers: 4
[33.220s][debug][gc,phases      ] GC(81)     Total                          Min: 0, Avg:  3.5, Max: 14, Diff: 14, Sum: 14, Workers: 4
[33.220s][debug][gc,phases      ] GC(81)   StringDedup Table Weak         Min:  0.0, Avg:  0.0, Max:  0.0, Diff:  0.0, Sum:  0.0, Workers: 4
[33.220s][debug][gc,phases      ] GC(81)     Dead                           Min: 0, Avg:  0.0, Max: 0, Diff: 0, Sum: 0, Workers: 4
[33.220s][debug][gc,phases      ] GC(81)     Total                          Min: 0, Avg:  0.0, Max: 0, Diff: 0, Sum: 0, Workers: 4
[33.220s][debug][gc,phases      ] GC(81)   StringDedup Requests0 Weak     Min:  0.0, Avg:  0.0, Max:  0.0, Diff:  0.0, Sum:  0.0, Workers: 4
[33.220s][debug][gc,phases      ] GC(81)     Dead                           Min: 0, Avg:  0.0, Max: 0, Diff: 0, Sum: 0, Workers: 4
[33.220s][debug][gc,phases      ] GC(81)     Total                          Min: 0, Avg:  0.0, Max: 0, Diff: 0, Sum: 0, Workers: 4
[33.220s][debug][gc,phases      ] GC(81)   StringDedup Requests1 Weak     Min:  0.0, Avg:  0.0, Max:  0.0, Diff:  0.0, Sum:  0.0, Workers: 4
[33.220s][debug][gc,phases      ] GC(81)     Dead                           Min: 0, Avg:  0.0, Max: 0, Diff: 0, Sum: 0, Workers: 4
[33.220s][debug][gc,phases      ] GC(81)     Total                          Min: 0, Avg:  0.0, Max: 0, Diff: 0, Sum: 0, Workers: 4
[33.220s][debug][gc,phases      ] GC(81)   Weak JFR Old Object Samples    Min:  0.0, Avg:  0.0, Max:  0.0, Diff:  0.0, Sum:  0.0, Workers: 4
[33.220s][debug][gc,phases      ] GC(81)     Dead                           Min: 0, Avg:  0.0, Max: 0, Diff: 0, Sum: 0, Workers: 4
[33.220s][debug][gc,phases      ] GC(81)     Total                          Min: 0, Avg:  0.0, Max: 0, Diff: 0, Sum: 0, Workers: 4
[33.220s][debug][gc,phases      ] GC(81) Weak Processing 0.333ms
[33.220s][debug][gc,age         ] GC(81) Desired survivor size 141033472 bytes, new threshold 15 (max threshold 15)
[33.220s][info ][gc,heap        ] GC(81) PSYoungGen: 1941075K(1941504K)->93560K(1951232K) Eden: 1854464K(1854464K)->0K(1821696K) From: 86611K(87040K)->93560K(129536K)
[33.220s][info ][gc,heap        ] GC(81) ParOldGen: 558693K(694784K)->559829K(694784K)
[33.220s][info ][gc,metaspace   ] GC(81) Metaspace: 68999K(69760K)->68999K(69760K) NonClass: 59006K(59392K)->59006K(59392K) Class: 9992K(10368K)->9992K(10368K)
[33.220s][info ][gc             ] GC(81) Pause Young (Allocation Failure) 2441M->638M(2584M) 39.257ms
[33.220s][info ][gc,cpu         ] GC(81) User=0.16s Sys=0.00s Real=0.04s
[33.220s][info ][safepoint      ] Safepoint "ParallelGCFailedAllocation", Time since last: 358272726 ns, Reaching safepoint: 2184756 ns, At safepoint: 39375003 ns, Total: 41559759 ns
[33.634s][info ][gc,start       ] GC(82) Pause Young (Allocation Failure)
[33.676s][debug][gc,phases      ] GC(82) Scavenge 42.137ms
[33.676s][debug][gc,ref         ] GC(82) Skipped phase 1 of Reference Processing: no references
[33.676s][debug][gc,ref         ] GC(82) ReferenceProcessor::execute queues: 1, RefProcThreadModel::Single, marks_oops_alive: false
[33.676s][debug][gc,ref         ] GC(82) Skipped phase 3 of Reference Processing: no references
[33.676s][debug][gc,ref         ] GC(82) Skipped phase 4 of Reference Processing: no references
[33.676s][debug][gc,phases      ] GC(82) Reference Processing 0.160ms
[33.677s][debug][gc,phases      ] GC(82)   VM Weak                        Min:  0.0, Avg:  0.0, Max:  0.0, Diff:  0.0, Sum:  0.0, Workers: 4
[33.677s][debug][gc,phases      ] GC(82)     Dead                           Min: 0, Avg:  0.0, Max: 0, Diff: 0, Sum: 0, Workers: 4
[33.677s][debug][gc,phases      ] GC(82)     Total                          Min: 0, Avg: 144.8, Max: 384, Diff: 384, Sum: 579, Workers: 4
[33.677s][debug][gc,phases      ] GC(82)   ObjectSynchronizer Weak        Min:  0.0, Avg:  0.0, Max:  0.0, Diff:  0.0, Sum:  0.0, Workers: 4
[33.677s][debug][gc,phases      ] GC(82)     Dead                           Min: 0, Avg:  0.0, Max: 0, Diff: 0, Sum: 0, Workers: 4
[33.677s][debug][gc,phases      ] GC(82)     Total                          Min: 0, Avg: 112.8, Max: 256, Diff: 256, Sum: 451, Workers: 4
[33.677s][debug][gc,phases      ] GC(82)   JVMTI Tag Weak OopStorage      Min:  0.0, Avg:  0.0, Max:  0.0, Diff:  0.0, Sum:  0.0, Workers: 4
[33.677s][debug][gc,phases      ] GC(82)     Dead                           Min: 0, Avg:  0.0, Max: 0, Diff: 0, Sum: 0, Workers: 4
[33.677s][debug][gc,phases      ] GC(82)     Total                          Min: 0, Avg:  0.0, Max: 0, Diff: 0, Sum: 0, Workers: 4
[33.677s][debug][gc,phases      ] GC(82)   StringTable Weak               Min:  0.1, Avg:  0.1, Max:  0.1, Diff:  0.0, Sum:  0.4, Workers: 4
[33.677s][debug][gc,phases      ] GC(82)     Dead                           Min: 0, Avg:  0.0, Max: 0, Diff: 0, Sum: 0, Workers: 4
[33.677s][debug][gc,phases      ] GC(82)     Total                          Min: 10232, Avg: 10683.0, Max: 11263, Diff: 1031, Sum: 42732, Workers: 4
[33.677s][debug][gc,phases      ] GC(82)   ResolvedMethodTable Weak       Min:  0.0, Avg:  0.0, Max:  0.0, Diff:  0.0, Sum:  0.1, Workers: 4
[33.677s][debug][gc,phases      ] GC(82)     Dead                           Min: 0, Avg:  0.0, Max: 0, Diff: 0, Sum: 0, Workers: 4
[33.677s][debug][gc,phases      ] GC(82)     Total                          Min: 1600, Avg: 1840.2, Max: 2113, Diff: 513, Sum: 7361, Workers: 4
[33.677s][debug][gc,phases      ] GC(82)   JNI Weak                       Min:  0.0, Avg:  0.0, Max:  0.0, Diff:  0.0, Sum:  0.0, Workers: 4
[33.677s][debug][gc,phases      ] GC(82)     Dead                           Min: 0, Avg:  0.0, Max: 0, Diff: 0, Sum: 0, Workers: 4
[33.677s][debug][gc,phases      ] GC(82)     Total                          Min: 0, Avg:  1.0, Max: 4, Diff: 4, Sum: 4, Workers: 4
[33.677s][debug][gc,phases      ] GC(82)   StringDedup Table Weak         Min:  0.0, Avg:  0.0, Max:  0.0, Diff:  0.0, Sum:  0.0, Workers: 4
[33.677s][debug][gc,phases      ] GC(82)     Dead                           Min: 0, Avg:  0.0, Max: 0, Diff: 0, Sum: 0, Workers: 4
[33.677s][debug][gc,phases      ] GC(82)     Total                          Min: 0, Avg:  0.0, Max: 0, Diff: 0, Sum: 0, Workers: 4
[33.677s][debug][gc,phases      ] GC(82)   StringDedup Requests0 Weak     Min:  0.0, Avg:  0.0, Max:  0.0, Diff:  0.0, Sum:  0.0, Workers: 4
[33.677s][debug][gc,phases      ] GC(82)     Dead                           Min: 0, Avg:  0.0, Max: 0, Diff: 0, Sum: 0, Workers: 4
[33.677s][debug][gc,phases      ] GC(82)     Total                          Min: 0, Avg:  0.0, Max: 0, Diff: 0, Sum: 0, Workers: 4
[33.677s][debug][gc,phases      ] GC(82)   StringDedup Requests1 Weak     Min:  0.0, Avg:  0.0, Max:  0.0, Diff:  0.0, Sum:  0.0, Workers: 4
[33.677s][debug][gc,phases      ] GC(82)     Dead                           Min: 0, Avg:  0.0, Max: 0, Diff: 0, Sum: 0, Workers: 4
[33.677s][debug][gc,phases      ] GC(82)     Total                          Min: 0, Avg:  0.0, Max: 0, Diff: 0, Sum: 0, Workers: 4
[33.677s][debug][gc,phases      ] GC(82)   Weak JFR Old Object Samples    Min:  0.0, Avg:  0.0, Max:  0.0, Diff:  0.0, Sum:  0.0, Workers: 4
[33.677s][debug][gc,phases      ] GC(82)     Dead                           Min: 0, Avg:  0.0, Max: 0, Diff: 0, Sum: 0, Workers: 4
[33.677s][debug][gc,phases      ] GC(82)     Total                          Min: 0, Avg:  0.0, Max: 0, Diff: 0, Sum: 0, Workers: 4
[33.677s][debug][gc,phases      ] GC(82) Weak Processing 0.316ms
[33.677s][debug][gc,age         ] GC(82) Desired survivor size 153616384 bytes, new threshold 15 (max threshold 15)
[33.677s][info ][gc,heap        ] GC(82) PSYoungGen: 1915256K(1951232K)->108674K(1930752K) Eden: 1821696K(1821696K)->0K(1821696K) From: 93560K(129536K)->108674K(109056K)
[33.677s][info ][gc,heap        ] GC(82) ParOldGen: 559829K(694784K)->561539K(694784K)
[33.677s][info ][gc,metaspace   ] GC(82) Metaspace: 69014K(69824K)->69014K(69824K) NonClass: 59021K(59456K)->59021K(59456K) Class: 9992K(10368K)->9992K(10368K)
[33.677s][info ][gc             ] GC(82) Pause Young (Allocation Failure) 2417M->654M(2564M) 42.765ms
[33.677s][info ][gc,cpu         ] GC(82) User=0.17s Sys=0.00s Real=0.04s
[33.677s][info ][safepoint      ] Safepoint "ParallelGCFailedAllocation", Time since last: 413931244 ns, Reaching safepoint: 152104 ns, At safepoint: 42892893 ns, Total: 43044997 ns
[34.039s][info ][gc,start       ] GC(83) Pause Young (Allocation Failure)
[34.083s][debug][gc,phases      ] GC(83) Scavenge 44.314ms
[34.083s][debug][gc,ref         ] GC(83) Skipped phase 1 of Reference Processing: no references
[34.083s][debug][gc,ref         ] GC(83) ReferenceProcessor::execute queues: 1, RefProcThreadModel::Single, marks_oops_alive: false
[34.083s][debug][gc,ref         ] GC(83) Skipped phase 3 of Reference Processing: no references
[34.083s][debug][gc,ref         ] GC(83) ReferenceProcessor::execute queues: 1, RefProcThreadModel::Single, marks_oops_alive: false
[34.083s][debug][gc,phases      ] GC(83) Reference Processing 0.131ms
[34.084s][debug][gc,phases      ] GC(83)   VM Weak                        Min:  0.0, Avg:  0.0, Max:  0.0, Diff:  0.0, Sum:  0.0, Workers: 4
[34.084s][debug][gc,phases      ] GC(83)     Dead                           Min: 0, Avg:  0.0, Max: 0, Diff: 0, Sum: 0, Workers: 4
[34.084s][debug][gc,phases      ] GC(83)     Total                          Min: 0, Avg: 144.8, Max: 512, Diff: 512, Sum: 579, Workers: 4
[34.084s][debug][gc,phases      ] GC(83)   ObjectSynchronizer Weak        Min:  0.0, Avg:  0.0, Max:  0.0, Diff:  0.0, Sum:  0.0, Workers: 4
[34.084s][debug][gc,phases      ] GC(83)     Dead                           Min: 0, Avg:  0.0, Max: 0, Diff: 0, Sum: 0, Workers: 4
[34.084s][debug][gc,phases      ] GC(83)     Total                          Min: 3, Avg: 112.8, Max: 192, Diff: 189, Sum: 451, Workers: 4
[34.084s][debug][gc,phases      ] GC(83)   JVMTI Tag Weak OopStorage      Min:  0.0, Avg:  0.0, Max:  0.0, Diff:  0.0, Sum:  0.0, Workers: 4
[34.084s][debug][gc,phases      ] GC(83)     Dead                           Min: 0, Avg:  0.0, Max: 0, Diff: 0, Sum: 0, Workers: 4
[34.084s][debug][gc,phases      ] GC(83)     Total                          Min: 0, Avg:  0.0, Max: 0, Diff: 0, Sum: 0, Workers: 4
[34.084s][debug][gc,phases      ] GC(83)   StringTable Weak               Min:  0.1, Avg:  0.1, Max:  0.1, Diff:  0.0, Sum:  0.4, Workers: 4
[34.084s][debug][gc,phases      ] GC(83)     Dead                           Min: 0, Avg:  2.8, Max: 11, Diff: 11, Sum: 11, Workers: 4
[34.084s][debug][gc,phases      ] GC(83)     Total                          Min: 10286, Avg: 10683.5, Max: 11008, Diff: 722, Sum: 42734, Workers: 4
[34.084s][debug][gc,phases      ] GC(83)   ResolvedMethodTable Weak       Min:  0.0, Avg:  0.0, Max:  0.0, Diff:  0.0, Sum:  0.1, Workers: 4
[34.084s][debug][gc,phases      ] GC(83)     Dead                           Min: 0, Avg:  0.0, Max: 0, Diff: 0, Sum: 0, Workers: 4
[34.084s][debug][gc,phases      ] GC(83)     Total                          Min: 1536, Avg: 1840.5, Max: 2178, Diff: 642, Sum: 7362, Workers: 4
[34.084s][debug][gc,phases      ] GC(83)   JNI Weak                       Min:  0.0, Avg:  0.0, Max:  0.0, Diff:  0.0, Sum:  0.0, Workers: 4
[34.084s][debug][gc,phases      ] GC(83)     Dead                           Min: 0, Avg:  0.0, Max: 0, Diff: 0, Sum: 0, Workers: 4
[34.084s][debug][gc,phases      ] GC(83)     Total                          Min: 0, Avg:  4.5, Max: 18, Diff: 18, Sum: 18, Workers: 4
[34.084s][debug][gc,phases      ] GC(83)   StringDedup Table Weak         Min:  0.0, Avg:  0.0, Max:  0.0, Diff:  0.0, Sum:  0.0, Workers: 4
[34.084s][debug][gc,phases      ] GC(83)     Dead                           Min: 0, Avg:  0.0, Max: 0, Diff: 0, Sum: 0, Workers: 4
[34.084s][debug][gc,phases      ] GC(83)     Total                          Min: 0, Avg:  0.0, Max: 0, Diff: 0, Sum: 0, Workers: 4
[34.084s][debug][gc,phases      ] GC(83)   StringDedup Requests0 Weak     Min:  0.0, Avg:  0.0, Max:  0.0, Diff:  0.0, Sum:  0.0, Workers: 4
[34.084s][debug][gc,phases      ] GC(83)     Dead                           Min: 0, Avg:  0.0, Max: 0, Diff: 0, Sum: 0, Workers: 4
[34.084s][debug][gc,phases      ] GC(83)     Total                          Min: 0, Avg:  0.0, Max: 0, Diff: 0, Sum: 0, Workers: 4
[34.084s][debug][gc,phases      ] GC(83)   StringDedup Requests1 Weak     Min:  0.0, Avg:  0.0, Max:  0.0, Diff:  0.0, Sum:  0.0, Workers: 4
[34.084s][debug][gc,phases      ] GC(83)     Dead                           Min: 0, Avg:  0.0, Max: 0, Diff: 0, Sum: 0, Workers: 4
[34.084s][debug][gc,phases      ] GC(83)     Total                          Min: 0, Avg:  0.0, Max: 0, Diff: 0, Sum: 0, Workers: 4
[34.084s][debug][gc,phases      ] GC(83)   Weak JFR Old Object Samples    Min:  0.0, Avg:  0.0, Max:  0.0, Diff:  0.0, Sum:  0.0, Workers: 4
[34.084s][debug][gc,phases      ] GC(83)     Dead                           Min: 0, Avg:  0.0, Max: 0, Diff: 0, Sum: 0, Workers: 4
[34.084s][debug][gc,phases      ] GC(83)     Total                          Min: 0, Avg:  0.0, Max: 0, Diff: 0, Sum: 0, Workers: 4
[34.084s][debug][gc,phases      ] GC(83) Weak Processing 0.342ms
[34.084s][debug][gc,age         ] GC(83) Desired survivor size 167247872 bytes, new threshold 15 (max threshold 15)
[34.084s][info ][gc,heap        ] GC(83) PSYoungGen: 1930370K(1930752K)->119554K(1920512K) Eden: 1821696K(1821696K)->0K(1770496K) From: 108674K(109056K)->119554K(150016K)
[34.084s][info ][gc,heap        ] GC(83) ParOldGen: 561539K(694784K)->564059K(694784K)
[34.084s][info ][gc,metaspace   ] GC(83) Metaspace: 69062K(69824K)->69062K(69824K) NonClass: 59066K(59456K)->59066K(59456K) Class: 9995K(10368K)->9995K(10368K)
[34.084s][info ][gc             ] GC(83) Pause Young (Allocation Failure) 2433M->667M(2554M) 44.932ms
[34.084s][info ][gc,cpu         ] GC(83) User=0.18s Sys=0.00s Real=0.05s
[34.084s][info ][safepoint      ] Safepoint "ParallelGCFailedAllocation", Time since last: 361771515 ns, Reaching safepoint: 208606 ns, At safepoint: 45066248 ns, Total: 45274854 ns
[34.463s][info ][gc,start       ] GC(84) Pause Young (Allocation Failure)
[34.505s][debug][gc,phases      ] GC(84) Scavenge 41.679ms
[34.505s][debug][gc,ref         ] GC(84) Skipped phase 1 of Reference Processing: no references
[34.505s][debug][gc,ref         ] GC(84) ReferenceProcessor::execute queues: 1, RefProcThreadModel::Single, marks_oops_alive: false
[34.505s][debug][gc,ref         ] GC(84) Skipped phase 3 of Reference Processing: no references
[34.505s][debug][gc,ref         ] GC(84) ReferenceProcessor::execute queues: 1, RefProcThreadModel::Single, marks_oops_alive: false
[34.505s][debug][gc,phases      ] GC(84) Reference Processing 0.144ms
[34.505s][debug][gc,phases      ] GC(84)   VM Weak                        Min:  0.0, Avg:  0.0, Max:  0.0, Diff:  0.0, Sum:  0.0, Workers: 4
[34.505s][debug][gc,phases      ] GC(84)     Dead                           Min: 0, Avg:  0.0, Max: 0, Diff: 0, Sum: 0, Workers: 4
[34.505s][debug][gc,phases      ] GC(84)     Total                          Min: 0, Avg: 145.2, Max: 576, Diff: 576, Sum: 581, Workers: 4
[34.505s][debug][gc,phases      ] GC(84)   ObjectSynchronizer Weak        Min:  0.0, Avg:  0.0, Max:  0.0, Diff:  0.0, Sum:  0.0, Workers: 4
[34.505s][debug][gc,phases      ] GC(84)     Dead                           Min: 0, Avg:  0.0, Max: 0, Diff: 0, Sum: 0, Workers: 4
[34.505s][debug][gc,phases      ] GC(84)     Total                          Min: 0, Avg: 112.8, Max: 259, Diff: 259, Sum: 451, Workers: 4
[34.505s][debug][gc,phases      ] GC(84)   JVMTI Tag Weak OopStorage      Min:  0.0, Avg:  0.0, Max:  0.0, Diff:  0.0, Sum:  0.0, Workers: 4
[34.505s][debug][gc,phases      ] GC(84)     Dead                           Min: 0, Avg:  0.0, Max: 0, Diff: 0, Sum: 0, Workers: 4
[34.505s][debug][gc,phases      ] GC(84)     Total                          Min: 0, Avg:  0.0, Max: 0, Diff: 0, Sum: 0, Workers: 4
[34.505s][debug][gc,phases      ] GC(84)   StringTable Weak               Min:  0.1, Avg:  0.1, Max:  0.1, Diff:  0.0, Sum:  0.5, Workers: 4
[34.505s][debug][gc,phases      ] GC(84)     Dead                           Min: 0, Avg:  2.8, Max: 11, Diff: 11, Sum: 11, Workers: 4
[34.505s][debug][gc,phases      ] GC(84)     Total                          Min: 9398, Avg: 10685.5, Max: 11584, Diff: 2186, Sum: 42742, Workers: 4
[34.505s][debug][gc,phases      ] GC(84)   ResolvedMethodTable Weak       Min:  0.0, Avg:  0.0, Max:  0.0, Diff:  0.0, Sum:  0.1, Workers: 4
[34.505s][debug][gc,phases      ] GC(84)     Dead                           Min: 0, Avg:  0.0, Max: 0, Diff: 0, Sum: 0, Workers: 4
[34.505s][debug][gc,phases      ] GC(84)     Total                          Min: 1792, Avg: 1843.0, Max: 1932, Diff: 140, Sum: 7372, Workers: 4
[34.505s][debug][gc,phases      ] GC(84)   JNI Weak                       Min:  0.0, Avg:  0.0, Max:  0.0, Diff:  0.0, Sum:  0.0, Workers: 4
[34.505s][debug][gc,phases      ] GC(84)     Dead                           Min: 0, Avg:  0.0, Max: 0, Diff: 0, Sum: 0, Workers: 4
[34.505s][debug][gc,phases      ] GC(84)     Total                          Min: 0, Avg:  3.5, Max: 14, Diff: 14, Sum: 14, Workers: 4
[34.505s][debug][gc,phases      ] GC(84)   StringDedup Table Weak         Min:  0.0, Avg:  0.0, Max:  0.0, Diff:  0.0, Sum:  0.0, Workers: 4
[34.505s][debug][gc,phases      ] GC(84)     Dead                           Min: 0, Avg:  0.0, Max: 0, Diff: 0, Sum: 0, Workers: 4
[34.505s][debug][gc,phases      ] GC(84)     Total                          Min: 0, Avg:  0.0, Max: 0, Diff: 0, Sum: 0, Workers: 4
[34.505s][debug][gc,phases      ] GC(84)   StringDedup Requests0 Weak     Min:  0.0, Avg:  0.0, Max:  0.0, Diff:  0.0, Sum:  0.0, Workers: 4
[34.505s][debug][gc,phases      ] GC(84)     Dead                           Min: 0, Avg:  0.0, Max: 0, Diff: 0, Sum: 0, Workers: 4
[34.505s][debug][gc,phases      ] GC(84)     Total                          Min: 0, Avg:  0.0, Max: 0, Diff: 0, Sum: 0, Workers: 4
[34.505s][debug][gc,phases      ] GC(84)   StringDedup Requests1 Weak     Min:  0.0, Avg:  0.0, Max:  0.0, Diff:  0.0, Sum:  0.0, Workers: 4
[34.505s][debug][gc,phases      ] GC(84)     Dead                           Min: 0, Avg:  0.0, Max: 0, Diff: 0, Sum: 0, Workers: 4
[34.505s][debug][gc,phases      ] GC(84)     Total                          Min: 0, Avg:  0.0, Max: 0, Diff: 0, Sum: 0, Workers: 4
[34.505s][debug][gc,phases      ] GC(84)   Weak JFR Old Object Samples    Min:  0.0, Avg:  0.0, Max:  0.0, Diff:  0.0, Sum:  0.0, Workers: 4
[34.505s][debug][gc,phases      ] GC(84)     Dead                           Min: 0, Avg:  0.0, Max: 0, Diff: 0, Sum: 0, Workers: 4
[34.505s][debug][gc,phases      ] GC(84)     Total                          Min: 0, Avg:  0.0, Max: 0, Diff: 0, Sum: 0, Workers: 4
[34.505s][debug][gc,phases      ] GC(84) Weak Processing 0.369ms
[34.505s][debug][gc,age         ] GC(84) Desired survivor size 179306496 bytes, new threshold 15 (max threshold 15)
[34.505s][info ][gc,heap        ] GC(84) PSYoungGen: 1890050K(1920512K)->123422K(1894400K) Eden: 1770496K(1770496K)->0K(1770496K) From: 119554K(150016K)->123422K(123904K)
[34.505s][info ][gc,heap        ] GC(84) ParOldGen: 564059K(694784K)->570403K(694784K)
[34.505s][info ][gc,metaspace   ] GC(84) Metaspace: 69154K(69952K)->69154K(69952K) NonClass: 59147K(59584K)->59147K(59584K) Class: 10007K(10368K)->10007K(10368K)
[34.505s][info ][gc             ] GC(84) Pause Young (Allocation Failure) 2396M->677M(2528M) 42.348ms
[34.505s][info ][gc,cpu         ] GC(84) User=0.21s Sys=0.00s Real=0.04s
[34.506s][info ][safepoint      ] Safepoint "ParallelGCFailedAllocation", Time since last: 379051856 ns, Reaching safepoint: 147703 ns, At safepoint: 42488483 ns, Total: 42636186 ns
[34.858s][info ][gc,start       ] GC(85) Pause Young (Allocation Failure)
[34.906s][debug][gc,phases      ] GC(85) Scavenge 47.661ms
[34.906s][debug][gc,ref         ] GC(85) Skipped phase 1 of Reference Processing: no references
[34.906s][debug][gc,ref         ] GC(85) ReferenceProcessor::execute queues: 1, RefProcThreadModel::Single, marks_oops_alive: false
[34.906s][debug][gc,ref         ] GC(85) Skipped phase 3 of Reference Processing: no references
[34.906s][debug][gc,ref         ] GC(85) Skipped phase 4 of Reference Processing: no references
[34.906s][debug][gc,phases      ] GC(85) Reference Processing 0.133ms
[34.906s][debug][gc,phases      ] GC(85)   VM Weak                        Min:  0.0, Avg:  0.0, Max:  0.0, Diff:  0.0, Sum:  0.0, Workers: 4
[34.906s][debug][gc,phases      ] GC(85)     Dead                           Min: 0, Avg:  0.0, Max: 0, Diff: 0, Sum: 0, Workers: 4
[34.906s][debug][gc,phases      ] GC(85)     Total                          Min: 0, Avg: 145.2, Max: 512, Diff: 512, Sum: 581, Workers: 4
[34.906s][debug][gc,phases      ] GC(85)   ObjectSynchronizer Weak        Min:  0.0, Avg:  0.0, Max:  0.0, Diff:  0.0, Sum:  0.0, Workers: 4
[34.906s][debug][gc,phases      ] GC(85)     Dead                           Min: 0, Avg:  0.0, Max: 0, Diff: 0, Sum: 0, Workers: 4
[34.906s][debug][gc,phases      ] GC(85)     Total                          Min: 0, Avg: 112.8, Max: 192, Diff: 192, Sum: 451, Workers: 4
[34.906s][debug][gc,phases      ] GC(85)   JVMTI Tag Weak OopStorage      Min:  0.0, Avg:  0.0, Max:  0.0, Diff:  0.0, Sum:  0.0, Workers: 4
[34.906s][debug][gc,phases      ] GC(85)     Dead                           Min: 0, Avg:  0.0, Max: 0, Diff: 0, Sum: 0, Workers: 4
[34.906s][debug][gc,phases      ] GC(85)     Total                          Min: 0, Avg:  0.0, Max: 0, Diff: 0, Sum: 0, Workers: 4
[34.906s][debug][gc,phases      ] GC(85)   StringTable Weak               Min:  0.1, Avg:  0.1, Max:  0.1, Diff:  0.0, Sum:  0.5, Workers: 4
[34.906s][debug][gc,phases      ] GC(85)     Dead                           Min: 0, Avg:  2.8, Max: 10, Diff: 10, Sum: 11, Workers: 4
[34.906s][debug][gc,phases      ] GC(85)     Total                          Min: 9728, Avg: 10686.8, Max: 11200, Diff: 1472, Sum: 42747, Workers: 4
[34.906s][debug][gc,phases      ] GC(85)   ResolvedMethodTable Weak       Min:  0.0, Avg:  0.0, Max:  0.0, Diff:  0.0, Sum:  0.1, Workers: 4
[34.906s][debug][gc,phases      ] GC(85)     Dead                           Min: 0, Avg:  0.0, Max: 0, Diff: 0, Sum: 0, Workers: 4
[34.906s][debug][gc,phases      ] GC(85)     Total                          Min: 1676, Avg: 1843.0, Max: 2176, Diff: 500, Sum: 7372, Workers: 4
[34.906s][debug][gc,phases      ] GC(85)   JNI Weak                       Min:  0.0, Avg:  0.0, Max:  0.0, Diff:  0.0, Sum:  0.0, Workers: 4
[34.906s][debug][gc,phases      ] GC(85)     Dead                           Min: 0, Avg:  0.0, Max: 0, Diff: 0, Sum: 0, Workers: 4
[34.906s][debug][gc,phases      ] GC(85)     Total                          Min: 0, Avg:  1.5, Max: 6, Diff: 6, Sum: 6, Workers: 4
[34.906s][debug][gc,phases      ] GC(85)   StringDedup Table Weak         Min:  0.0, Avg:  0.0, Max:  0.0, Diff:  0.0, Sum:  0.0, Workers: 4
[34.907s][debug][gc,phases      ] GC(85)     Dead                           Min: 0, Avg:  0.0, Max: 0, Diff: 0, Sum: 0, Workers: 4
[34.907s][debug][gc,phases      ] GC(85)     Total                          Min: 0, Avg:  0.0, Max: 0, Diff: 0, Sum: 0, Workers: 4
[34.907s][debug][gc,phases      ] GC(85)   StringDedup Requests0 Weak     Min:  0.0, Avg:  0.0, Max:  0.0, Diff:  0.0, Sum:  0.0, Workers: 4
[34.907s][debug][gc,phases      ] GC(85)     Dead                           Min: 0, Avg:  0.0, Max: 0, Diff: 0, Sum: 0, Workers: 4
[34.907s][debug][gc,phases      ] GC(85)     Total                          Min: 0, Avg:  0.0, Max: 0, Diff: 0, Sum: 0, Workers: 4
[34.907s][debug][gc,phases      ] GC(85)   StringDedup Requests1 Weak     Min:  0.0, Avg:  0.0, Max:  0.0, Diff:  0.0, Sum:  0.0, Workers: 4
[34.907s][debug][gc,phases      ] GC(85)     Dead                           Min: 0, Avg:  0.0, Max: 0, Diff: 0, Sum: 0, Workers: 4
[34.907s][debug][gc,phases      ] GC(85)     Total                          Min: 0, Avg:  0.0, Max: 0, Diff: 0, Sum: 0, Workers: 4
[34.907s][debug][gc,phases      ] GC(85)   Weak JFR Old Object Samples    Min:  0.0, Avg:  0.0, Max:  0.0, Diff:  0.0, Sum:  0.0, Workers: 4
[34.907s][debug][gc,phases      ] GC(85)     Dead                           Min: 0, Avg:  0.0, Max: 0, Diff: 0, Sum: 0, Workers: 4
[34.907s][debug][gc,phases      ] GC(85)     Total                          Min: 0, Avg:  0.0, Max: 0, Diff: 0, Sum: 0, Workers: 4
[34.907s][debug][gc,phases      ] GC(85) Weak Processing 0.363ms
[34.907s][debug][gc,age         ] GC(85) Desired survivor size 188743680 bytes, new threshold 15 (max threshold 15)
[34.907s][info ][gc,heap        ] GC(85) PSYoungGen: 1893918K(1894400K)->124019K(1903616K) Eden: 1770496K(1770496K)->0K(1728512K) From: 123422K(123904K)->124019K(175104K)
[34.907s][info ][gc,heap        ] GC(85) ParOldGen: 570403K(694784K)->576331K(694784K)
[34.907s][info ][gc,metaspace   ] GC(85) Metaspace: 69158K(69952K)->69158K(69952K) NonClass: 59150K(59584K)->59150K(59584K) Class: 10007K(10368K)->10007K(10368K)
[34.907s][info ][gc             ] GC(85) Pause Young (Allocation Failure) 2406M->683M(2537M) 48.312ms
[34.907s][info ][gc,cpu         ] GC(85) User=0.24s Sys=0.00s Real=0.05s
[34.907s][info ][safepoint      ] Safepoint "ParallelGCFailedAllocation", Time since last: 352526280 ns, Reaching safepoint: 205605 ns, At safepoint: 48429934 ns, Total: 48635539 ns
[35.268s][info ][gc,start       ] GC(86) Pause Young (Allocation Failure)
[35.311s][debug][gc,phases      ] GC(86) Scavenge 43.598ms
[35.312s][debug][gc,ref         ] GC(86) Skipped phase 1 of Reference Processing: no references
[35.312s][debug][gc,ref         ] GC(86) ReferenceProcessor::execute queues: 1, RefProcThreadModel::Single, marks_oops_alive: false
[35.312s][debug][gc,ref         ] GC(86) Skipped phase 3 of Reference Processing: no references
[35.312s][debug][gc,ref         ] GC(86) ReferenceProcessor::execute queues: 1, RefProcThreadModel::Single, marks_oops_alive: false
[35.312s][debug][gc,phases      ] GC(86) Reference Processing 0.161ms
[35.312s][debug][gc,phases      ] GC(86)   VM Weak                        Min:  0.0, Avg:  0.0, Max:  0.0, Diff:  0.0, Sum:  0.0, Workers: 4
[35.312s][debug][gc,phases      ] GC(86)     Dead                           Min: 0, Avg:  0.0, Max: 0, Diff: 0, Sum: 0, Workers: 4
[35.312s][debug][gc,phases      ] GC(86)     Total                          Min: 0, Avg: 145.2, Max: 576, Diff: 576, Sum: 581, Workers: 4
[35.312s][debug][gc,phases      ] GC(86)   ObjectSynchronizer Weak        Min:  0.0, Avg:  0.0, Max:  0.0, Diff:  0.0, Sum:  0.0, Workers: 4
[35.312s][debug][gc,phases      ] GC(86)     Dead                           Min: 0, Avg:  0.0, Max: 0, Diff: 0, Sum: 0, Workers: 4
[35.312s][debug][gc,phases      ] GC(86)     Total                          Min: 0, Avg: 112.8, Max: 195, Diff: 195, Sum: 451, Workers: 4
[35.312s][debug][gc,phases      ] GC(86)   JVMTI Tag Weak OopStorage      Min:  0.0, Avg:  0.0, Max:  0.0, Diff:  0.0, Sum:  0.0, Workers: 4
[35.312s][debug][gc,phases      ] GC(86)     Dead                           Min: 0, Avg:  0.0, Max: 0, Diff: 0, Sum: 0, Workers: 4
[35.312s][debug][gc,phases      ] GC(86)     Total                          Min: 0, Avg:  0.0, Max: 0, Diff: 0, Sum: 0, Workers: 4
[35.312s][debug][gc,phases      ] GC(86)   StringTable Weak               Min:  0.1, Avg:  0.1, Max:  0.1, Diff:  0.0, Sum:  0.4, Workers: 4
[35.312s][debug][gc,phases      ] GC(86)     Dead                           Min: 0, Avg:  2.8, Max: 9, Diff: 9, Sum: 11, Workers: 4
[35.312s][debug][gc,phases      ] GC(86)     Total                          Min: 9919, Avg: 10687.5, Max: 11455, Diff: 1536, Sum: 42750, Workers: 4
[35.312s][debug][gc,phases      ] GC(86)   ResolvedMethodTable Weak       Min:  0.0, Avg:  0.0, Max:  0.0, Diff:  0.0, Sum:  0.1, Workers: 4
[35.312s][debug][gc,phases      ] GC(86)     Dead                           Min: 0, Avg:  0.0, Max: 0, Diff: 0, Sum: 0, Workers: 4
[35.312s][debug][gc,phases      ] GC(86)     Total                          Min: 1728, Avg: 1844.0, Max: 1936, Diff: 208, Sum: 7376, Workers: 4
[35.312s][debug][gc,phases      ] GC(86)   JNI Weak                       Min:  0.0, Avg:  0.0, Max:  0.0, Diff:  0.0, Sum:  0.0, Workers: 4
[35.312s][debug][gc,phases      ] GC(86)     Dead                           Min: 0, Avg:  0.0, Max: 0, Diff: 0, Sum: 0, Workers: 4
[35.312s][debug][gc,phases      ] GC(86)     Total                          Min: 0, Avg:  3.2, Max: 13, Diff: 13, Sum: 13, Workers: 4
[35.312s][debug][gc,phases      ] GC(86)   StringDedup Table Weak         Min:  0.0, Avg:  0.0, Max:  0.0, Diff:  0.0, Sum:  0.0, Workers: 4
[35.312s][debug][gc,phases      ] GC(86)     Dead                           Min: 0, Avg:  0.0, Max: 0, Diff: 0, Sum: 0, Workers: 4
[35.312s][debug][gc,phases      ] GC(86)     Total                          Min: 0, Avg:  0.0, Max: 0, Diff: 0, Sum: 0, Workers: 4
[35.312s][debug][gc,phases      ] GC(86)   StringDedup Requests0 Weak     Min:  0.0, Avg:  0.0, Max:  0.0, Diff:  0.0, Sum:  0.0, Workers: 4
[35.312s][debug][gc,phases      ] GC(86)     Dead                           Min: 0, Avg:  0.0, Max: 0, Diff: 0, Sum: 0, Workers: 4
[35.312s][debug][gc,phases      ] GC(86)     Total                          Min: 0, Avg:  0.0, Max: 0, Diff: 0, Sum: 0, Workers: 4
[35.312s][debug][gc,phases      ] GC(86)   StringDedup Requests1 Weak     Min:  0.0, Avg:  0.0, Max:  0.0, Diff:  0.0, Sum:  0.0, Workers: 4
[35.312s][debug][gc,phases      ] GC(86)     Dead                           Min: 0, Avg:  0.0, Max: 0, Diff: 0, Sum: 0, Workers: 4
[35.312s][debug][gc,phases      ] GC(86)     Total                          Min: 0, Avg:  0.0, Max: 0, Diff: 0, Sum: 0, Workers: 4
[35.312s][debug][gc,phases      ] GC(86)   Weak JFR Old Object Samples    Min:  0.0, Avg:  0.0, Max:  0.0, Diff:  0.0, Sum:  0.0, Workers: 4
[35.312s][debug][gc,phases      ] GC(86)     Dead                           Min: 0, Avg:  0.0, Max: 0, Diff: 0, Sum: 0, Workers: 4
[35.312s][debug][gc,phases      ] GC(86)     Total                          Min: 0, Avg:  0.0, Max: 0, Diff: 0, Sum: 0, Workers: 4
[35.312s][debug][gc,phases      ] GC(86) Weak Processing 0.322ms
[35.312s][debug][gc,age         ] GC(86) Desired survivor size 197132288 bytes, new threshold 15 (max threshold 15)
[35.312s][info ][gc,heap        ] GC(86) PSYoungGen: 1852531K(1903616K)->126579K(1855488K) Eden: 1728512K(1728512K)->0K(1728512K) From: 124019K(175104K)->126579K(126976K)
[35.312s][info ][gc,heap        ] GC(86) ParOldGen: 576331K(694784K)->578939K(694784K)
[35.312s][info ][gc,metaspace   ] GC(86) Metaspace: 69195K(69952K)->69195K(69952K) NonClass: 59187K(59584K)->59187K(59584K) Class: 10008K(10368K)->10008K(10368K)
[35.312s][info ][gc             ] GC(86) Pause Young (Allocation Failure) 2371M->688M(2490M) 44.232ms
[35.312s][info ][gc,cpu         ] GC(86) User=0.18s Sys=0.00s Real=0.04s
[35.312s][info ][safepoint      ] Safepoint "ParallelGCFailedAllocation", Time since last: 360931194 ns, Reaching safepoint: 162004 ns, At safepoint: 44351530 ns, Total: 44513534 ns
[35.649s][info ][gc,start       ] GC(87) Pause Young (Allocation Failure)
[35.690s][debug][gc,phases      ] GC(87) Scavenge 41.144ms
[35.690s][debug][gc,ref         ] GC(87) Skipped phase 1 of Reference Processing: no references
[35.690s][debug][gc,ref         ] GC(87) ReferenceProcessor::execute queues: 1, RefProcThreadModel::Single, marks_oops_alive: false
[35.690s][debug][gc,ref         ] GC(87) Skipped phase 3 of Reference Processing: no references
[35.690s][debug][gc,ref         ] GC(87) Skipped phase 4 of Reference Processing: no references
[35.690s][debug][gc,phases      ] GC(87) Reference Processing 0.142ms
[35.690s][debug][gc,phases      ] GC(87)   VM Weak                        Min:  0.0, Avg:  0.0, Max:  0.0, Diff:  0.0, Sum:  0.0, Workers: 4
[35.690s][debug][gc,phases      ] GC(87)     Dead                           Min: 0, Avg:  0.0, Max: 0, Diff: 0, Sum: 0, Workers: 4
[35.690s][debug][gc,phases      ] GC(87)     Total                          Min: 0, Avg: 145.2, Max: 389, Diff: 389, Sum: 581, Workers: 4
[35.690s][debug][gc,phases      ] GC(87)   ObjectSynchronizer Weak        Min:  0.0, Avg:  0.0, Max:  0.0, Diff:  0.0, Sum:  0.0, Workers: 4
[35.690s][debug][gc,phases      ] GC(87)     Dead                           Min: 0, Avg:  0.0, Max: 0, Diff: 0, Sum: 0, Workers: 4
[35.690s][debug][gc,phases      ] GC(87)     Total                          Min: 0, Avg: 112.8, Max: 192, Diff: 192, Sum: 451, Workers: 4
[35.690s][debug][gc,phases      ] GC(87)   JVMTI Tag Weak OopStorage      Min:  0.0, Avg:  0.0, Max:  0.0, Diff:  0.0, Sum:  0.0, Workers: 4
[35.690s][debug][gc,phases      ] GC(87)     Dead                           Min: 0, Avg:  0.0, Max: 0, Diff: 0, Sum: 0, Workers: 4
[35.690s][debug][gc,phases      ] GC(87)     Total                          Min: 0, Avg:  0.0, Max: 0, Diff: 0, Sum: 0, Workers: 4
[35.690s][debug][gc,phases      ] GC(87)   StringTable Weak               Min:  0.1, Avg:  0.1, Max:  0.1, Diff:  0.0, Sum:  0.4, Workers: 4
[35.690s][debug][gc,phases      ] GC(87)     Dead                           Min: 0, Avg:  0.0, Max: 0, Diff: 0, Sum: 0, Workers: 4
[35.690s][debug][gc,phases      ] GC(87)     Total                          Min: 10304, Avg: 10687.8, Max: 11136, Diff: 832, Sum: 42751, Workers: 4
[35.690s][debug][gc,phases      ] GC(87)   ResolvedMethodTable Weak       Min:  0.0, Avg:  0.0, Max:  0.0, Diff:  0.0, Sum:  0.1, Workers: 4
[35.690s][debug][gc,phases      ] GC(87)     Dead                           Min: 0, Avg:  0.0, Max: 0, Diff: 0, Sum: 0, Workers: 4
[35.690s][debug][gc,phases      ] GC(87)     Total                          Min: 1728, Avg: 1844.0, Max: 2112, Diff: 384, Sum: 7376, Workers: 4
[35.690s][debug][gc,phases      ] GC(87)   JNI Weak                       Min:  0.0, Avg:  0.0, Max:  0.0, Diff:  0.0, Sum:  0.0, Workers: 4
[35.690s][debug][gc,phases      ] GC(87)     Dead                           Min: 0, Avg:  0.0, Max: 0, Diff: 0, Sum: 0, Workers: 4
[35.690s][debug][gc,phases      ] GC(87)     Total                          Min: 0, Avg:  1.0, Max: 4, Diff: 4, Sum: 4, Workers: 4
[35.690s][debug][gc,phases      ] GC(87)   StringDedup Table Weak         Min:  0.0, Avg:  0.0, Max:  0.0, Diff:  0.0, Sum:  0.0, Workers: 4
[35.690s][debug][gc,phases      ] GC(87)     Dead                           Min: 0, Avg:  0.0, Max: 0, Diff: 0, Sum: 0, Workers: 4
[35.690s][debug][gc,phases      ] GC(87)     Total                          Min: 0, Avg:  0.0, Max: 0, Diff: 0, Sum: 0, Workers: 4
[35.690s][debug][gc,phases      ] GC(87)   StringDedup Requests0 Weak     Min:  0.0, Avg:  0.0, Max:  0.0, Diff:  0.0, Sum:  0.0, Workers: 4
[35.690s][debug][gc,phases      ] GC(87)     Dead                           Min: 0, Avg:  0.0, Max: 0, Diff: 0, Sum: 0, Workers: 4
[35.690s][debug][gc,phases      ] GC(87)     Total                          Min: 0, Avg:  0.0, Max: 0, Diff: 0, Sum: 0, Workers: 4
[35.690s][debug][gc,phases      ] GC(87)   StringDedup Requests1 Weak     Min:  0.0, Avg:  0.0, Max:  0.0, Diff:  0.0, Sum:  0.0, Workers: 4
[35.690s][debug][gc,phases      ] GC(87)     Dead                           Min: 0, Avg:  0.0, Max: 0, Diff: 0, Sum: 0, Workers: 4
[35.690s][debug][gc,phases      ] GC(87)     Total                          Min: 0, Avg:  0.0, Max: 0, Diff: 0, Sum: 0, Workers: 4
[35.690s][debug][gc,phases      ] GC(87)   Weak JFR Old Object Samples    Min:  0.0, Avg:  0.0, Max:  0.0, Diff:  0.0, Sum:  0.0, Workers: 4
[35.690s][debug][gc,phases      ] GC(87)     Dead                           Min: 0, Avg:  0.0, Max: 0, Diff: 0, Sum: 0, Workers: 4
[35.690s][debug][gc,phases      ] GC(87)     Total                          Min: 0, Avg:  0.0, Max: 0, Diff: 0, Sum: 0, Workers: 4
[35.690s][debug][gc,phases      ] GC(87) Weak Processing 0.304ms
[35.690s][debug][gc,age         ] GC(87) Desired survivor size 206045184 bytes, new threshold 15 (max threshold 15)
[35.690s][info ][gc,heap        ] GC(87) PSYoungGen: 1855091K(1855488K)->134611K(1887232K) Eden: 1728512K(1728512K)->0K(1694720K) From: 126579K(126976K)->134611K(192512K)
[35.690s][info ][gc,heap        ] GC(87) ParOldGen: 578939K(694784K)->580347K(694784K)
[35.690s][info ][gc,metaspace   ] GC(87) Metaspace: 69197K(69952K)->69197K(69952K) NonClass: 59189K(59584K)->59189K(59584K) Class: 10008K(10368K)->10008K(10368K)
[35.690s][info ][gc             ] GC(87) Pause Young (Allocation Failure) 2376M->698M(2521M) 41.736ms
[35.690s][info ][gc,cpu         ] GC(87) User=0.17s Sys=0.00s Real=0.04s
[35.690s][info ][safepoint      ] Safepoint "ParallelGCFailedAllocation", Time since last: 336164163 ns, Reaching safepoint: 205905 ns, At safepoint: 41857866 ns, Total: 42063771 ns
[36.071s][info ][gc,start       ] GC(88) Pause Young (Allocation Failure)
[36.117s][debug][gc,phases      ] GC(88) Scavenge 45.502ms
[36.117s][debug][gc,ref         ] GC(88) Skipped phase 1 of Reference Processing: no references
[36.117s][debug][gc,ref         ] GC(88) ReferenceProcessor::execute queues: 1, RefProcThreadModel::Single, marks_oops_alive: false
[36.117s][debug][gc,ref         ] GC(88) Skipped phase 3 of Reference Processing: no references
[36.117s][debug][gc,ref         ] GC(88) Skipped phase 4 of Reference Processing: no references
[36.117s][debug][gc,phases      ] GC(88) Reference Processing 0.130ms
[36.117s][debug][gc,phases      ] GC(88)   VM Weak                        Min:  0.0, Avg:  0.0, Max:  0.0, Diff:  0.0, Sum:  0.0, Workers: 4
[36.117s][debug][gc,phases      ] GC(88)     Dead                           Min: 0, Avg:  0.0, Max: 0, Diff: 0, Sum: 0, Workers: 4
[36.117s][debug][gc,phases      ] GC(88)     Total                          Min: 0, Avg: 145.2, Max: 517, Diff: 517, Sum: 581, Workers: 4
[36.117s][debug][gc,phases      ] GC(88)   ObjectSynchronizer Weak        Min:  0.0, Avg:  0.0, Max:  0.0, Diff:  0.0, Sum:  0.0, Workers: 4
[36.117s][debug][gc,phases      ] GC(88)     Dead                           Min: 0, Avg:  0.0, Max: 0, Diff: 0, Sum: 0, Workers: 4
[36.117s][debug][gc,phases      ] GC(88)     Total                          Min: 0, Avg: 112.8, Max: 259, Diff: 259, Sum: 451, Workers: 4
[36.117s][debug][gc,phases      ] GC(88)   JVMTI Tag Weak OopStorage      Min:  0.0, Avg:  0.0, Max:  0.0, Diff:  0.0, Sum:  0.0, Workers: 4
[36.117s][debug][gc,phases      ] GC(88)     Dead                           Min: 0, Avg:  0.0, Max: 0, Diff: 0, Sum: 0, Workers: 4
[36.117s][debug][gc,phases      ] GC(88)     Total                          Min: 0, Avg:  0.0, Max: 0, Diff: 0, Sum: 0, Workers: 4
[36.117s][debug][gc,phases      ] GC(88)   StringTable Weak               Min:  0.1, Avg:  0.1, Max:  0.1, Diff:  0.0, Sum:  0.4, Workers: 4
[36.117s][debug][gc,phases      ] GC(88)     Dead                           Min: 0, Avg:  2.8, Max: 8, Diff: 8, Sum: 11, Workers: 4
[36.117s][debug][gc,phases      ] GC(88)     Total                          Min: 10368, Avg: 10688.8, Max: 11200, Diff: 832, Sum: 42755, Workers: 4
[36.117s][debug][gc,phases      ] GC(88)   ResolvedMethodTable Weak       Min:  0.0, Avg:  0.0, Max:  0.0, Diff:  0.0, Sum:  0.1, Workers: 4
[36.117s][debug][gc,phases      ] GC(88)     Dead                           Min: 0, Avg:  0.0, Max: 0, Diff: 0, Sum: 0, Workers: 4
[36.117s][debug][gc,phases      ] GC(88)     Total                          Min: 1664, Avg: 1844.0, Max: 2048, Diff: 384, Sum: 7376, Workers: 4
[36.117s][debug][gc,phases      ] GC(88)   JNI Weak                       Min:  0.0, Avg:  0.0, Max:  0.0, Diff:  0.0, Sum:  0.0, Workers: 4
[36.117s][debug][gc,phases      ] GC(88)     Dead                           Min: 0, Avg:  0.0, Max: 0, Diff: 0, Sum: 0, Workers: 4
[36.117s][debug][gc,phases      ] GC(88)     Total                          Min: 0, Avg:  4.0, Max: 16, Diff: 16, Sum: 16, Workers: 4
[36.117s][debug][gc,phases      ] GC(88)   StringDedup Table Weak         Min:  0.0, Avg:  0.0, Max:  0.0, Diff:  0.0, Sum:  0.0, Workers: 4
[36.117s][debug][gc,phases      ] GC(88)     Dead                           Min: 0, Avg:  0.0, Max: 0, Diff: 0, Sum: 0, Workers: 4
[36.117s][debug][gc,phases      ] GC(88)     Total                          Min: 0, Avg:  0.0, Max: 0, Diff: 0, Sum: 0, Workers: 4
[36.117s][debug][gc,phases      ] GC(88)   StringDedup Requests0 Weak     Min:  0.0, Avg:  0.0, Max:  0.0, Diff:  0.0, Sum:  0.0, Workers: 4
[36.117s][debug][gc,phases      ] GC(88)     Dead                           Min: 0, Avg:  0.0, Max: 0, Diff: 0, Sum: 0, Workers: 4
[36.117s][debug][gc,phases      ] GC(88)     Total                          Min: 0, Avg:  0.0, Max: 0, Diff: 0, Sum: 0, Workers: 4
[36.117s][debug][gc,phases      ] GC(88)   StringDedup Requests1 Weak     Min:  0.0, Avg:  0.0, Max:  0.0, Diff:  0.0, Sum:  0.0, Workers: 4
[36.117s][debug][gc,phases      ] GC(88)     Dead                           Min: 0, Avg:  0.0, Max: 0, Diff: 0, Sum: 0, Workers: 4
[36.117s][debug][gc,phases      ] GC(88)     Total                          Min: 0, Avg:  0.0, Max: 0, Diff: 0, Sum: 0, Workers: 4
[36.117s][debug][gc,phases      ] GC(88)   Weak JFR Old Object Samples    Min:  0.0, Avg:  0.0, Max:  0.0, Diff:  0.0, Sum:  0.0, Workers: 4
[36.117s][debug][gc,phases      ] GC(88)     Dead                           Min: 0, Avg:  0.0, Max: 0, Diff: 0, Sum: 0, Workers: 4
[36.117s][debug][gc,phases      ] GC(88)     Total                          Min: 0, Avg:  0.0, Max: 0, Diff: 0, Sum: 0, Workers: 4
[36.117s][debug][gc,phases      ] GC(88) Weak Processing 0.326ms
[36.117s][debug][gc,age         ] GC(88) Desired survivor size 215482368 bytes, new threshold 15 (max threshold 15)
[36.117s][info ][gc,heap        ] GC(88) PSYoungGen: 1829331K(1887232K)->142115K(1837056K) Eden: 1694720K(1694720K)->0K(1694720K) From: 134611K(192512K)->142115K(142336K)
[36.117s][info ][gc,heap        ] GC(88) ParOldGen: 580347K(694784K)->585188K(694784K)
[36.117s][info ][gc,metaspace   ] GC(88) Metaspace: 69242K(70016K)->69242K(70016K) NonClass: 59234K(59648K)->59234K(59648K) Class: 10008K(10368K)->10008K(10368K)
[36.117s][info ][gc             ] GC(88) Pause Young (Allocation Failure) 2353M->710M(2472M) 46.101ms
[36.117s][info ][gc,cpu         ] GC(88) User=0.19s Sys=0.00s Real=0.05s
[36.117s][info ][safepoint      ] Safepoint "ParallelGCFailedAllocation", Time since last: 380681398 ns, Reaching safepoint: 208605 ns, At safepoint: 46219977 ns, Total: 46428582 ns
[36.468s][info ][gc,start       ] GC(89) Pause Young (Allocation Failure)
[36.528s][debug][gc,phases      ] GC(89) Scavenge 60.386ms
[36.528s][debug][gc,ref         ] GC(89) Skipped phase 1 of Reference Processing: no references
[36.528s][debug][gc,ref         ] GC(89) ReferenceProcessor::execute queues: 1, RefProcThreadModel::Single, marks_oops_alive: false
[36.528s][debug][gc,ref         ] GC(89) Skipped phase 3 of Reference Processing: no references
[36.528s][debug][gc,ref         ] GC(89) Skipped phase 4 of Reference Processing: no references
[36.528s][debug][gc,phases      ] GC(89) Reference Processing 0.131ms
[36.528s][debug][gc,phases      ] GC(89)   VM Weak                        Min:  0.0, Avg:  0.0, Max:  0.0, Diff:  0.0, Sum:  0.0, Workers: 4
[36.528s][debug][gc,phases      ] GC(89)     Dead                           Min: 0, Avg:  0.0, Max: 0, Diff: 0, Sum: 0, Workers: 4
[36.528s][debug][gc,phases      ] GC(89)     Total                          Min: 0, Avg: 145.2, Max: 453, Diff: 453, Sum: 581, Workers: 4
[36.528s][debug][gc,phases      ] GC(89)   ObjectSynchronizer Weak        Min:  0.0, Avg:  0.0, Max:  0.0, Diff:  0.0, Sum:  0.0, Workers: 4
[36.528s][debug][gc,phases      ] GC(89)     Dead                           Min: 0, Avg:  0.0, Max: 0, Diff: 0, Sum: 0, Workers: 4
[36.528s][debug][gc,phases      ] GC(89)     Total                          Min: 0, Avg: 112.8, Max: 256, Diff: 256, Sum: 451, Workers: 4
[36.528s][debug][gc,phases      ] GC(89)   JVMTI Tag Weak OopStorage      Min:  0.0, Avg:  0.0, Max:  0.0, Diff:  0.0, Sum:  0.0, Workers: 4
[36.528s][debug][gc,phases      ] GC(89)     Dead                           Min: 0, Avg:  0.0, Max: 0, Diff: 0, Sum: 0, Workers: 4
[36.528s][debug][gc,phases      ] GC(89)     Total                          Min: 0, Avg:  0.0, Max: 0, Diff: 0, Sum: 0, Workers: 4
[36.528s][debug][gc,phases      ] GC(89)   StringTable Weak               Min:  0.1, Avg:  0.1, Max:  0.1, Diff:  0.0, Sum:  0.4, Workers: 4
[36.528s][debug][gc,phases      ] GC(89)     Dead                           Min: 0, Avg:  2.8, Max: 11, Diff: 11, Sum: 11, Workers: 4
[36.528s][debug][gc,phases      ] GC(89)     Total                          Min: 9213, Avg: 10688.8, Max: 11832, Diff: 2619, Sum: 42755, Workers: 4
[36.528s][debug][gc,phases      ] GC(89)   ResolvedMethodTable Weak       Min:  0.0, Avg:  0.0, Max:  0.0, Diff:  0.0, Sum:  0.1, Workers: 4
[36.528s][debug][gc,phases      ] GC(89)     Dead                           Min: 0, Avg:  0.0, Max: 0, Diff: 0, Sum: 0, Workers: 4
[36.528s][debug][gc,phases      ] GC(89)     Total                          Min: 1600, Avg: 1844.0, Max: 2112, Diff: 512, Sum: 7376, Workers: 4
[36.528s][debug][gc,phases      ] GC(89)   JNI Weak                       Min:  0.0, Avg:  0.0, Max:  0.0, Diff:  0.0, Sum:  0.0, Workers: 4
[36.528s][debug][gc,phases      ] GC(89)     Dead                           Min: 0, Avg:  0.0, Max: 0, Diff: 0, Sum: 0, Workers: 4
[36.528s][debug][gc,phases      ] GC(89)     Total                          Min: 0, Avg:  3.0, Max: 12, Diff: 12, Sum: 12, Workers: 4
[36.528s][debug][gc,phases      ] GC(89)   StringDedup Table Weak         Min:  0.0, Avg:  0.0, Max:  0.0, Diff:  0.0, Sum:  0.0, Workers: 4
[36.528s][debug][gc,phases      ] GC(89)     Dead                           Min: 0, Avg:  0.0, Max: 0, Diff: 0, Sum: 0, Workers: 4
[36.528s][debug][gc,phases      ] GC(89)     Total                          Min: 0, Avg:  0.0, Max: 0, Diff: 0, Sum: 0, Workers: 4
[36.528s][debug][gc,phases      ] GC(89)   StringDedup Requests0 Weak     Min:  0.0, Avg:  0.0, Max:  0.0, Diff:  0.0, Sum:  0.0, Workers: 4
[36.528s][debug][gc,phases      ] GC(89)     Dead                           Min: 0, Avg:  0.0, Max: 0, Diff: 0, Sum: 0, Workers: 4
[36.528s][debug][gc,phases      ] GC(89)     Total                          Min: 0, Avg:  0.0, Max: 0, Diff: 0, Sum: 0, Workers: 4
[36.528s][debug][gc,phases      ] GC(89)   StringDedup Requests1 Weak     Min:  0.0, Avg:  0.0, Max:  0.0, Diff:  0.0, Sum:  0.0, Workers: 4
[36.528s][debug][gc,phases      ] GC(89)     Dead                           Min: 0, Avg:  0.0, Max: 0, Diff: 0, Sum: 0, Workers: 4
[36.528s][debug][gc,phases      ] GC(89)     Total                          Min: 0, Avg:  0.0, Max: 0, Diff: 0, Sum: 0, Workers: 4
[36.528s][debug][gc,phases      ] GC(89)   Weak JFR Old Object Samples    Min:  0.0, Avg:  0.0, Max:  0.0, Diff:  0.0, Sum:  0.0, Workers: 4
[36.528s][debug][gc,phases      ] GC(89)     Dead                           Min: 0, Avg:  0.0, Max: 0, Diff: 0, Sum: 0, Workers: 4
[36.528s][debug][gc,phases      ] GC(89)     Total                          Min: 0, Avg:  0.0, Max: 0, Diff: 0, Sum: 0, Workers: 4
[36.528s][debug][gc,phases      ] GC(89) Weak Processing 0.347ms
[36.528s][debug][gc,age         ] GC(89) Desired survivor size 224919552 bytes, new threshold 15 (max threshold 15)
[36.528s][info ][gc,heap        ] GC(89) PSYoungGen: 1836835K(1837056K)->149105K(1868288K) Eden: 1694720K(1694720K)->0K(1657856K) From: 142115K(142336K)->149105K(210432K)
[36.528s][info ][gc,heap        ] GC(89) ParOldGen: 585188K(694784K)->596270K(694784K)
[36.529s][info ][gc,metaspace   ] GC(89) Metaspace: 69266K(70016K)->69266K(70016K) NonClass: 59258K(59648K)->59258K(59648K) Class: 10008K(10368K)->10008K(10368K)
[36.529s][info ][gc             ] GC(89) Pause Young (Allocation Failure) 2365M->727M(2503M) 61.011ms
[36.529s][info ][gc,cpu         ] GC(89) User=0.30s Sys=0.00s Real=0.06s
[36.529s][info ][safepoint      ] Safepoint "ParallelGCFailedAllocation", Time since last: 349797011 ns, Reaching safepoint: 196705 ns, At safepoint: 61140857 ns, Total: 61337562 ns
[36.865s][info ][gc,start       ] GC(90) Pause Young (Allocation Failure)
[36.916s][debug][gc,phases      ] GC(90) Scavenge 50.830ms
[36.916s][debug][gc,ref         ] GC(90) Skipped phase 1 of Reference Processing: no references
[36.916s][debug][gc,ref         ] GC(90) ReferenceProcessor::execute queues: 1, RefProcThreadModel::Single, marks_oops_alive: false
[36.916s][debug][gc,ref         ] GC(90) Skipped phase 3 of Reference Processing: no references
[36.916s][debug][gc,ref         ] GC(90) Skipped phase 4 of Reference Processing: no references
[36.916s][debug][gc,phases      ] GC(90) Reference Processing 0.122ms
[36.917s][debug][gc,phases      ] GC(90)   VM Weak                        Min:  0.0, Avg:  0.0, Max:  0.0, Diff:  0.0, Sum:  0.0, Workers: 4
[36.917s][debug][gc,phases      ] GC(90)     Dead                           Min: 0, Avg:  0.0, Max: 0, Diff: 0, Sum: 0, Workers: 4
[36.917s][debug][gc,phases      ] GC(90)     Total                          Min: 0, Avg: 145.2, Max: 325, Diff: 325, Sum: 581, Workers: 4
[36.917s][debug][gc,phases      ] GC(90)   ObjectSynchronizer Weak        Min:  0.0, Avg:  0.0, Max:  0.0, Diff:  0.0, Sum:  0.0, Workers: 4
[36.917s][debug][gc,phases      ] GC(90)     Dead                           Min: 0, Avg:  0.0, Max: 0, Diff: 0, Sum: 0, Workers: 4
[36.917s][debug][gc,phases      ] GC(90)     Total                          Min: 0, Avg: 112.8, Max: 192, Diff: 192, Sum: 451, Workers: 4
[36.917s][debug][gc,phases      ] GC(90)   JVMTI Tag Weak OopStorage      Min:  0.0, Avg:  0.0, Max:  0.0, Diff:  0.0, Sum:  0.0, Workers: 4
[36.917s][debug][gc,phases      ] GC(90)     Dead                           Min: 0, Avg:  0.0, Max: 0, Diff: 0, Sum: 0, Workers: 4
[36.917s][debug][gc,phases      ] GC(90)     Total                          Min: 0, Avg:  0.0, Max: 0, Diff: 0, Sum: 0, Workers: 4
[36.917s][debug][gc,phases      ] GC(90)   StringTable Weak               Min:  0.1, Avg:  0.1, Max:  0.1, Diff:  0.0, Sum:  0.4, Workers: 4
[36.917s][debug][gc,phases      ] GC(90)     Dead                           Min: 0, Avg:  2.8, Max: 11, Diff: 11, Sum: 11, Workers: 4
[36.917s][debug][gc,phases      ] GC(90)     Total                          Min: 10365, Avg: 10689.0, Max: 11192, Diff: 827, Sum: 42756, Workers: 4
[36.917s][debug][gc,phases      ] GC(90)   ResolvedMethodTable Weak       Min:  0.0, Avg:  0.0, Max:  0.0, Diff:  0.0, Sum:  0.1, Workers: 4
[36.917s][debug][gc,phases      ] GC(90)     Dead                           Min: 0, Avg:  0.0, Max: 0, Diff: 0, Sum: 0, Workers: 4
[36.917s][debug][gc,phases      ] GC(90)     Total                          Min: 1728, Avg: 1844.0, Max: 1920, Diff: 192, Sum: 7376, Workers: 4
[36.917s][debug][gc,phases      ] GC(90)   JNI Weak                       Min:  0.0, Avg:  0.0, Max:  0.0, Diff:  0.0, Sum:  0.0, Workers: 4
[36.917s][debug][gc,phases      ] GC(90)     Dead                           Min: 0, Avg:  0.0, Max: 0, Diff: 0, Sum: 0, Workers: 4
[36.917s][debug][gc,phases      ] GC(90)     Total                          Min: 0, Avg:  0.2, Max: 1, Diff: 1, Sum: 1, Workers: 4
[36.917s][debug][gc,phases      ] GC(90)   StringDedup Table Weak         Min:  0.0, Avg:  0.0, Max:  0.0, Diff:  0.0, Sum:  0.0, Workers: 4
[36.917s][debug][gc,phases      ] GC(90)     Dead                           Min: 0, Avg:  0.0, Max: 0, Diff: 0, Sum: 0, Workers: 4
[36.917s][debug][gc,phases      ] GC(90)     Total                          Min: 0, Avg:  0.0, Max: 0, Diff: 0, Sum: 0, Workers: 4
[36.917s][debug][gc,phases      ] GC(90)   StringDedup Requests0 Weak     Min:  0.0, Avg:  0.0, Max:  0.0, Diff:  0.0, Sum:  0.0, Workers: 4
[36.917s][debug][gc,phases      ] GC(90)     Dead                           Min: 0, Avg:  0.0, Max: 0, Diff: 0, Sum: 0, Workers: 4
[36.917s][debug][gc,phases      ] GC(90)     Total                          Min: 0, Avg:  0.0, Max: 0, Diff: 0, Sum: 0, Workers: 4
[36.917s][debug][gc,phases      ] GC(90)   StringDedup Requests1 Weak     Min:  0.0, Avg:  0.0, Max:  0.0, Diff:  0.0, Sum:  0.0, Workers: 4
[36.917s][debug][gc,phases      ] GC(90)     Dead                           Min: 0, Avg:  0.0, Max: 0, Diff: 0, Sum: 0, Workers: 4
[36.917s][debug][gc,phases      ] GC(90)     Total                          Min: 0, Avg:  0.0, Max: 0, Diff: 0, Sum: 0, Workers: 4
[36.917s][debug][gc,phases      ] GC(90)   Weak JFR Old Object Samples    Min:  0.0, Avg:  0.0, Max:  0.0, Diff:  0.0, Sum:  0.0, Workers: 4
[36.917s][debug][gc,phases      ] GC(90)     Dead                           Min: 0, Avg:  0.0, Max: 0, Diff: 0, Sum: 0, Workers: 4
[36.917s][debug][gc,phases      ] GC(90)     Total                          Min: 0, Avg:  0.0, Max: 0, Diff: 0, Sum: 0, Workers: 4
[36.917s][debug][gc,phases      ] GC(90) Weak Processing 0.324ms
[36.917s][debug][gc,age         ] GC(90) Desired survivor size 232783872 bytes, new threshold 15 (max threshold 15)
[36.917s][info ][gc,heap        ] GC(90) PSYoungGen: 1806961K(1868288K)->151009K(1808896K) Eden: 1657856K(1657856K)->0K(1657856K) From: 149105K(210432K)->151009K(151040K)
[36.917s][info ][gc,heap        ] GC(90) ParOldGen: 596270K(694784K)->602526K(694784K)
[36.917s][info ][gc,metaspace   ] GC(90) Metaspace: 69274K(70016K)->69274K(70016K) NonClass: 59266K(59648K)->59266K(59648K) Class: 10008K(10368K)->10008K(10368K)
[36.917s][info ][gc             ] GC(90) Pause Young (Allocation Failure) 2346M->735M(2445M) 51.417ms
[36.917s][info ][gc,cpu         ] GC(90) User=0.20s Sys=0.01s Real=0.05s
[36.917s][info ][safepoint      ] Safepoint "ParallelGCFailedAllocation", Time since last: 336585174 ns, Reaching safepoint: 150604 ns, At safepoint: 51547613 ns, Total: 51698217 ns
[37.245s][info ][gc,start       ] GC(91) Pause Young (Allocation Failure)
[37.298s][debug][gc,phases      ] GC(91) Scavenge 52.966ms
[37.298s][debug][gc,ref         ] GC(91) Skipped phase 1 of Reference Processing: no references
[37.298s][debug][gc,ref         ] GC(91) ReferenceProcessor::execute queues: 1, RefProcThreadModel::Single, marks_oops_alive: false
[37.298s][debug][gc,ref         ] GC(91) Skipped phase 3 of Reference Processing: no references
[37.298s][debug][gc,ref         ] GC(91) Skipped phase 4 of Reference Processing: no references
[37.298s][debug][gc,phases      ] GC(91) Reference Processing 0.129ms
[37.298s][debug][gc,phases      ] GC(91)   VM Weak                        Min:  0.0, Avg:  0.0, Max:  0.0, Diff:  0.0, Sum:  0.0, Workers: 4
[37.298s][debug][gc,phases      ] GC(91)     Dead                           Min: 0, Avg:  0.0, Max: 0, Diff: 0, Sum: 0, Workers: 4
[37.298s][debug][gc,phases      ] GC(91)     Total                          Min: 0, Avg: 145.2, Max: 581, Diff: 581, Sum: 581, Workers: 4
[37.298s][debug][gc,phases      ] GC(91)   ObjectSynchronizer Weak        Min:  0.0, Avg:  0.0, Max:  0.0, Diff:  0.0, Sum:  0.0, Workers: 4
[37.298s][debug][gc,phases      ] GC(91)     Dead                           Min: 0, Avg:  0.2, Max: 1, Diff: 1, Sum: 1, Workers: 4
[37.298s][debug][gc,phases      ] GC(91)     Total                          Min: 0, Avg: 113.0, Max: 452, Diff: 452, Sum: 452, Workers: 4
[37.298s][debug][gc,phases      ] GC(91)   JVMTI Tag Weak OopStorage      Min:  0.0, Avg:  0.0, Max:  0.0, Diff:  0.0, Sum:  0.0, Workers: 4
[37.298s][debug][gc,phases      ] GC(91)     Dead                           Min: 0, Avg:  0.0, Max: 0, Diff: 0, Sum: 0, Workers: 4
[37.298s][debug][gc,phases      ] GC(91)     Total                          Min: 0, Avg:  0.0, Max: 0, Diff: 0, Sum: 0, Workers: 4
[37.298s][debug][gc,phases      ] GC(91)   StringTable Weak               Min:  0.1, Avg:  0.1, Max:  0.1, Diff:  0.0, Sum:  0.4, Workers: 4
[37.298s][debug][gc,phases      ] GC(91)     Dead                           Min: 0, Avg:  2.8, Max: 9, Diff: 9, Sum: 11, Workers: 4
[37.298s][debug][gc,phases      ] GC(91)     Total                          Min: 10304, Avg: 10691.2, Max: 11328, Diff: 1024, Sum: 42765, Workers: 4
[37.298s][debug][gc,phases      ] GC(91)   ResolvedMethodTable Weak       Min:  0.0, Avg:  0.0, Max:  0.0, Diff:  0.0, Sum:  0.1, Workers: 4
[37.298s][debug][gc,phases      ] GC(91)     Dead                           Min: 0, Avg:  0.0, Max: 0, Diff: 0, Sum: 0, Workers: 4
[37.298s][debug][gc,phases      ] GC(91)     Total                          Min: 1744, Avg: 1844.0, Max: 1920, Diff: 176, Sum: 7376, Workers: 4
[37.298s][debug][gc,phases      ] GC(91)   JNI Weak                       Min:  0.0, Avg:  0.0, Max:  0.0, Diff:  0.0, Sum:  0.0, Workers: 4
[37.298s][debug][gc,phases      ] GC(91)     Dead                           Min: 0, Avg:  0.0, Max: 0, Diff: 0, Sum: 0, Workers: 4
[37.298s][debug][gc,phases      ] GC(91)     Total                          Min: 0, Avg:  0.5, Max: 2, Diff: 2, Sum: 2, Workers: 4
[37.298s][debug][gc,phases      ] GC(91)   StringDedup Table Weak         Min:  0.0, Avg:  0.0, Max:  0.0, Diff:  0.0, Sum:  0.0, Workers: 4
[37.298s][debug][gc,phases      ] GC(91)     Dead                           Min: 0, Avg:  0.0, Max: 0, Diff: 0, Sum: 0, Workers: 4
[37.298s][debug][gc,phases      ] GC(91)     Total                          Min: 0, Avg:  0.0, Max: 0, Diff: 0, Sum: 0, Workers: 4
[37.298s][debug][gc,phases      ] GC(91)   StringDedup Requests0 Weak     Min:  0.0, Avg:  0.0, Max:  0.0, Diff:  0.0, Sum:  0.0, Workers: 4
[37.298s][debug][gc,phases      ] GC(91)     Dead                           Min: 0, Avg:  0.0, Max: 0, Diff: 0, Sum: 0, Workers: 4
[37.298s][debug][gc,phases      ] GC(91)     Total                          Min: 0, Avg:  0.0, Max: 0, Diff: 0, Sum: 0, Workers: 4
[37.298s][debug][gc,phases      ] GC(91)   StringDedup Requests1 Weak     Min:  0.0, Avg:  0.0, Max:  0.0, Diff:  0.0, Sum:  0.0, Workers: 4
[37.298s][debug][gc,phases      ] GC(91)     Dead                           Min: 0, Avg:  0.0, Max: 0, Diff: 0, Sum: 0, Workers: 4
[37.298s][debug][gc,phases      ] GC(91)     Total                          Min: 0, Avg:  0.0, Max: 0, Diff: 0, Sum: 0, Workers: 4
[37.298s][debug][gc,phases      ] GC(91)   Weak JFR Old Object Samples    Min:  0.0, Avg:  0.0, Max:  0.0, Diff:  0.0, Sum:  0.0, Workers: 4
[37.298s][debug][gc,phases      ] GC(91)     Dead                           Min: 0, Avg:  0.0, Max: 0, Diff: 0, Sum: 0, Workers: 4
[37.298s][debug][gc,phases      ] GC(91)     Total                          Min: 0, Avg:  0.0, Max: 0, Diff: 0, Sum: 0, Workers: 4
[37.298s][debug][gc,phases      ] GC(91) Weak Processing 0.328ms
[37.298s][debug][gc,age         ] GC(91) Desired survivor size 236978176 bytes, new threshold 15 (max threshold 15)
[37.298s][info ][gc,heap        ] GC(91) PSYoungGen: 1808865K(1808896K)->148817K(1861632K) Eden: 1657856K(1657856K)->0K(1634304K) From: 151009K(151040K)->148817K(227328K)
[37.298s][info ][gc,heap        ] GC(91) ParOldGen: 602526K(694784K)->608214K(694784K)
[37.298s][info ][gc,metaspace   ] GC(91) Metaspace: 69305K(70080K)->69305K(70080K) NonClass: 59296K(59712K)->59296K(59712K) Class: 10008K(10368K)->10008K(10368K)
[37.298s][info ][gc             ] GC(91) Pause Young (Allocation Failure) 2354M->739M(2496M) 53.565ms
[37.298s][info ][gc,cpu         ] GC(91) User=0.21s Sys=0.00s Real=0.05s
[37.298s][info ][safepoint      ] Safepoint "ParallelGCFailedAllocation", Time since last: 327487342 ns, Reaching safepoint: 152104 ns, At safepoint: 53685968 ns, Total: 53838072 ns
[37.630s][info ][gc,start       ] GC(92) Pause Young (Allocation Failure)
[37.678s][debug][gc,phases      ] GC(92) Scavenge 48.145ms
[37.678s][debug][gc,ref         ] GC(92) Skipped phase 1 of Reference Processing: no references
[37.678s][debug][gc,ref         ] GC(92) ReferenceProcessor::execute queues: 1, RefProcThreadModel::Single, marks_oops_alive: false
[37.678s][debug][gc,ref         ] GC(92) Skipped phase 3 of Reference Processing: no references
[37.678s][debug][gc,ref         ] GC(92) Skipped phase 4 of Reference Processing: no references
[37.678s][debug][gc,phases      ] GC(92) Reference Processing 0.123ms
[37.678s][debug][gc,phases      ] GC(92)   VM Weak                        Min:  0.0, Avg:  0.0, Max:  0.0, Diff:  0.0, Sum:  0.0, Workers: 4
[37.678s][debug][gc,phases      ] GC(92)     Dead                           Min: 0, Avg:  0.0, Max: 0, Diff: 0, Sum: 0, Workers: 4
[37.678s][debug][gc,phases      ] GC(92)     Total                          Min: 0, Avg: 145.2, Max: 517, Diff: 517, Sum: 581, Workers: 4
[37.678s][debug][gc,phases      ] GC(92)   ObjectSynchronizer Weak        Min:  0.0, Avg:  0.0, Max:  0.0, Diff:  0.0, Sum:  0.0, Workers: 4
[37.678s][debug][gc,phases      ] GC(92)     Dead                           Min: 0, Avg:  0.0, Max: 0, Diff: 0, Sum: 0, Workers: 4
[37.678s][debug][gc,phases      ] GC(92)     Total                          Min: 0, Avg: 113.0, Max: 192, Diff: 192, Sum: 452, Workers: 4
[37.678s][debug][gc,phases      ] GC(92)   JVMTI Tag Weak OopStorage      Min:  0.0, Avg:  0.0, Max:  0.0, Diff:  0.0, Sum:  0.0, Workers: 4
[37.678s][debug][gc,phases      ] GC(92)     Dead                           Min: 0, Avg:  0.0, Max: 0, Diff: 0, Sum: 0, Workers: 4
[37.678s][debug][gc,phases      ] GC(92)     Total                          Min: 0, Avg:  0.0, Max: 0, Diff: 0, Sum: 0, Workers: 4
[37.678s][debug][gc,phases      ] GC(92)   StringTable Weak               Min:  0.1, Avg:  0.1, Max:  0.1, Diff:  0.0, Sum:  0.4, Workers: 4
[37.678s][debug][gc,phases      ] GC(92)     Dead                           Min: 0, Avg:  0.0, Max: 0, Diff: 0, Sum: 0, Workers: 4
[37.678s][debug][gc,phases      ] GC(92)     Total                          Min: 10112, Avg: 10691.8, Max: 11712, Diff: 1600, Sum: 42767, Workers: 4
[37.678s][debug][gc,phases      ] GC(92)   ResolvedMethodTable Weak       Min:  0.0, Avg:  0.0, Max:  0.0, Diff:  0.0, Sum:  0.1, Workers: 4
[37.678s][debug][gc,phases      ] GC(92)     Dead                           Min: 0, Avg:  0.0, Max: 0, Diff: 0, Sum: 0, Workers: 4
[37.678s][debug][gc,phases      ] GC(92)     Total                          Min: 1472, Avg: 1844.0, Max: 2112, Diff: 640, Sum: 7376, Workers: 4
[37.678s][debug][gc,phases      ] GC(92)   JNI Weak                       Min:  0.0, Avg:  0.0, Max:  0.0, Diff:  0.0, Sum:  0.0, Workers: 4
[37.678s][debug][gc,phases      ] GC(92)     Dead                           Min: 0, Avg:  0.0, Max: 0, Diff: 0, Sum: 0, Workers: 4
[37.678s][debug][gc,phases      ] GC(92)     Total                          Min: 0, Avg:  1.0, Max: 4, Diff: 4, Sum: 4, Workers: 4
[37.678s][debug][gc,phases      ] GC(92)   StringDedup Table Weak         Min:  0.0, Avg:  0.0, Max:  0.0, Diff:  0.0, Sum:  0.0, Workers: 4
[37.678s][debug][gc,phases      ] GC(92)     Dead                           Min: 0, Avg:  0.0, Max: 0, Diff: 0, Sum: 0, Workers: 4
[37.678s][debug][gc,phases      ] GC(92)     Total                          Min: 0, Avg:  0.0, Max: 0, Diff: 0, Sum: 0, Workers: 4
[37.678s][debug][gc,phases      ] GC(92)   StringDedup Requests0 Weak     Min:  0.0, Avg:  0.0, Max:  0.0, Diff:  0.0, Sum:  0.0, Workers: 4
[37.678s][debug][gc,phases      ] GC(92)     Dead                           Min: 0, Avg:  0.0, Max: 0, Diff: 0, Sum: 0, Workers: 4
[37.678s][debug][gc,phases      ] GC(92)     Total                          Min: 0, Avg:  0.0, Max: 0, Diff: 0, Sum: 0, Workers: 4
[37.678s][debug][gc,phases      ] GC(92)   StringDedup Requests1 Weak     Min:  0.0, Avg:  0.0, Max:  0.0, Diff:  0.0, Sum:  0.0, Workers: 4
[37.678s][debug][gc,phases      ] GC(92)     Dead                           Min: 0, Avg:  0.0, Max: 0, Diff: 0, Sum: 0, Workers: 4
[37.678s][debug][gc,phases      ] GC(92)     Total                          Min: 0, Avg:  0.0, Max: 0, Diff: 0, Sum: 0, Workers: 4
[37.678s][debug][gc,phases      ] GC(92)   Weak JFR Old Object Samples    Min:  0.0, Avg:  0.0, Max:  0.0, Diff:  0.0, Sum:  0.0, Workers: 4
[37.678s][debug][gc,phases      ] GC(92)     Dead                           Min: 0, Avg:  0.0, Max: 0, Diff: 0, Sum: 0, Workers: 4
[37.678s][debug][gc,phases      ] GC(92)     Total                          Min: 0, Avg:  0.0, Max: 0, Diff: 0, Sum: 0, Workers: 4
[37.678s][debug][gc,phases      ] GC(92) Weak Processing 0.311ms
[37.678s][debug][gc,age         ] GC(92) Desired survivor size 236453888 bytes, new threshold 15 (max threshold 15)
[37.678s][info ][gc,heap        ] GC(92) PSYoungGen: 1783121K(1861632K)->139713K(1865728K) Eden: 1634304K(1634304K)->0K(1634304K) From: 148817K(227328K)->139713K(231424K)
[37.678s][info ][gc,heap        ] GC(92) ParOldGen: 608214K(694784K)->618526K(694784K)
[37.678s][info ][gc,metaspace   ] GC(92) Metaspace: 69308K(70080K)->69308K(70080K) NonClass: 59299K(59712K)->59299K(59712K) Class: 10008K(10368K)->10008K(10368K)
[37.678s][info ][gc             ] GC(92) Pause Young (Allocation Failure) 2335M->740M(2500M) 48.733ms
[37.679s][info ][gc,cpu         ] GC(92) User=0.21s Sys=0.03s Real=0.05s
[37.679s][info ][safepoint      ] Safepoint "ParallelGCFailedAllocation", Time since last: 331354240 ns, Reaching safepoint: 147904 ns, At safepoint: 48850944 ns, Total: 48998848 ns
[38.007s][info ][gc,start       ] GC(93) Pause Young (Allocation Failure)
[38.053s][debug][gc,phases      ] GC(93) Scavenge 45.954ms
[38.053s][debug][gc,ref         ] GC(93) Skipped phase 1 of Reference Processing: no references
[38.054s][debug][gc,ref         ] GC(93) ReferenceProcessor::execute queues: 1, RefProcThreadModel::Single, marks_oops_alive: false
[38.054s][debug][gc,ref         ] GC(93) Skipped phase 3 of Reference Processing: no references
[38.054s][debug][gc,ref         ] GC(93) Skipped phase 4 of Reference Processing: no references
[38.054s][debug][gc,phases      ] GC(93) Reference Processing 0.160ms
[38.054s][debug][gc,phases      ] GC(93)   VM Weak                        Min:  0.0, Avg:  0.0, Max:  0.0, Diff:  0.0, Sum:  0.0, Workers: 4
[38.054s][debug][gc,phases      ] GC(93)     Dead                           Min: 0, Avg:  0.0, Max: 0, Diff: 0, Sum: 0, Workers: 4
[38.054s][debug][gc,phases      ] GC(93)     Total                          Min: 0, Avg: 145.2, Max: 512, Diff: 512, Sum: 581, Workers: 4
[38.054s][debug][gc,phases      ] GC(93)   ObjectSynchronizer Weak        Min:  0.0, Avg:  0.0, Max:  0.0, Diff:  0.0, Sum:  0.0, Workers: 4
[38.054s][debug][gc,phases      ] GC(93)     Dead                           Min: 0, Avg:  0.0, Max: 0, Diff: 0, Sum: 0, Workers: 4
[38.054s][debug][gc,phases      ] GC(93)     Total                          Min: 0, Avg: 113.0, Max: 196, Diff: 196, Sum: 452, Workers: 4
[38.054s][debug][gc,phases      ] GC(93)   JVMTI Tag Weak OopStorage      Min:  0.0, Avg:  0.0, Max:  0.0, Diff:  0.0, Sum:  0.0, Workers: 4
[38.054s][debug][gc,phases      ] GC(93)     Dead                           Min: 0, Avg:  0.0, Max: 0, Diff: 0, Sum: 0, Workers: 4
[38.054s][debug][gc,phases      ] GC(93)     Total                          Min: 0, Avg:  0.0, Max: 0, Diff: 0, Sum: 0, Workers: 4
[38.054s][debug][gc,phases      ] GC(93)   StringTable Weak               Min:  0.1, Avg:  0.1, Max:  0.1, Diff:  0.0, Sum:  0.4, Workers: 4
[38.054s][debug][gc,phases      ] GC(93)     Dead                           Min: 0, Avg:  2.8, Max: 11, Diff: 11, Sum: 11, Workers: 4
[38.054s][debug][gc,phases      ] GC(93)     Total                          Min: 9344, Avg: 10693.8, Max: 11737, Diff: 2393, Sum: 42775, Workers: 4
[38.054s][debug][gc,phases      ] GC(93)   ResolvedMethodTable Weak       Min:  0.0, Avg:  0.0, Max:  0.0, Diff:  0.0, Sum:  0.1, Workers: 4
[38.054s][debug][gc,phases      ] GC(93)     Dead                           Min: 0, Avg:  0.0, Max: 0, Diff: 0, Sum: 0, Workers: 4
[38.054s][debug][gc,phases      ] GC(93)     Total                          Min: 1488, Avg: 1844.0, Max: 2112, Diff: 624, Sum: 7376, Workers: 4
[38.054s][debug][gc,phases      ] GC(93)   JNI Weak                       Min:  0.0, Avg:  0.0, Max:  0.0, Diff:  0.0, Sum:  0.0, Workers: 4
[38.054s][debug][gc,phases      ] GC(93)     Dead                           Min: 0, Avg:  0.0, Max: 0, Diff: 0, Sum: 0, Workers: 4
[38.054s][debug][gc,phases      ] GC(93)     Total                          Min: 0, Avg:  1.5, Max: 6, Diff: 6, Sum: 6, Workers: 4
[38.054s][debug][gc,phases      ] GC(93)   StringDedup Table Weak         Min:  0.0, Avg:  0.0, Max:  0.0, Diff:  0.0, Sum:  0.0, Workers: 4
[38.054s][debug][gc,phases      ] GC(93)     Dead                           Min: 0, Avg:  0.0, Max: 0, Diff: 0, Sum: 0, Workers: 4
[38.054s][debug][gc,phases      ] GC(93)     Total                          Min: 0, Avg:  0.0, Max: 0, Diff: 0, Sum: 0, Workers: 4
[38.054s][debug][gc,phases      ] GC(93)   StringDedup Requests0 Weak     Min:  0.0, Avg:  0.0, Max:  0.0, Diff:  0.0, Sum:  0.0, Workers: 4
[38.054s][debug][gc,phases      ] GC(93)     Dead                           Min: 0, Avg:  0.0, Max: 0, Diff: 0, Sum: 0, Workers: 4
[38.054s][debug][gc,phases      ] GC(93)     Total                          Min: 0, Avg:  0.0, Max: 0, Diff: 0, Sum: 0, Workers: 4
[38.054s][debug][gc,phases      ] GC(93)   StringDedup Requests1 Weak     Min:  0.0, Avg:  0.0, Max:  0.0, Diff:  0.0, Sum:  0.0, Workers: 4
[38.054s][debug][gc,phases      ] GC(93)     Dead                           Min: 0, Avg:  0.0, Max: 0, Diff: 0, Sum: 0, Workers: 4
[38.054s][debug][gc,phases      ] GC(93)     Total                          Min: 0, Avg:  0.0, Max: 0, Diff: 0, Sum: 0, Workers: 4
[38.054s][debug][gc,phases      ] GC(93)   Weak JFR Old Object Samples    Min:  0.0, Avg:  0.0, Max:  0.0, Diff:  0.0, Sum:  0.0, Workers: 4
[38.054s][debug][gc,phases      ] GC(93)     Dead                           Min: 0, Avg:  0.0, Max: 0, Diff: 0, Sum: 0, Workers: 4
[38.054s][debug][gc,phases      ] GC(93)     Total                          Min: 0, Avg:  0.0, Max: 0, Diff: 0, Sum: 0, Workers: 4
[38.054s][debug][gc,phases      ] GC(93) Weak Processing 0.324ms
[38.054s][debug][gc,age         ] GC(93) Desired survivor size 230686720 bytes, new threshold 15 (max threshold 15)
[38.054s][info ][gc,heap        ] GC(93) PSYoungGen: 1774017K(1865728K)->127473K(1871872K) Eden: 1634304K(1634304K)->0K(1640960K) From: 139713K(231424K)->127473K(230912K)
[38.054s][info ][gc,heap        ] GC(93) ParOldGen: 618526K(694784K)->631967K(694784K)
[38.054s][info ][gc,metaspace   ] GC(93) Metaspace: 69324K(70144K)->69324K(70144K) NonClass: 59316K(59776K)->59316K(59776K) Class: 10008K(10368K)->10008K(10368K)
[38.054s][info ][gc             ] GC(93) Pause Young (Allocation Failure) 2336M->741M(2506M) 46.580ms
[38.054s][info ][gc,cpu         ] GC(93) User=0.18s Sys=0.01s Real=0.05s
[38.054s][info ][safepoint      ] Safepoint "ParallelGCFailedAllocation", Time since last: 328594571 ns, Reaching safepoint: 160704 ns, At safepoint: 46692289 ns, Total: 46852993 ns
[38.390s][info ][gc,start       ] GC(94) Pause Young (Allocation Failure)
[38.427s][debug][gc,phases      ] GC(94) Scavenge 37.630ms
[38.427s][debug][gc,ref         ] GC(94) Skipped phase 1 of Reference Processing: no references
[38.428s][debug][gc,ref         ] GC(94) ReferenceProcessor::execute queues: 1, RefProcThreadModel::Single, marks_oops_alive: false
[38.428s][debug][gc,ref         ] GC(94) Skipped phase 3 of Reference Processing: no references
[38.428s][debug][gc,ref         ] GC(94) Skipped phase 4 of Reference Processing: no references
[38.428s][debug][gc,phases      ] GC(94) Reference Processing 0.125ms
[38.428s][debug][gc,phases      ] GC(94)   VM Weak                        Min:  0.0, Avg:  0.0, Max:  0.0, Diff:  0.0, Sum:  0.0, Workers: 4
[38.428s][debug][gc,phases      ] GC(94)     Dead                           Min: 0, Avg:  0.0, Max: 0, Diff: 0, Sum: 0, Workers: 4
[38.428s][debug][gc,phases      ] GC(94)     Total                          Min: 0, Avg: 145.2, Max: 581, Diff: 581, Sum: 581, Workers: 4
[38.428s][debug][gc,phases      ] GC(94)   ObjectSynchronizer Weak        Min:  0.0, Avg:  0.0, Max:  0.0, Diff:  0.0, Sum:  0.0, Workers: 4
[38.428s][debug][gc,phases      ] GC(94)     Dead                           Min: 0, Avg:  0.0, Max: 0, Diff: 0, Sum: 0, Workers: 4
[38.428s][debug][gc,phases      ] GC(94)     Total                          Min: 0, Avg: 113.0, Max: 324, Diff: 324, Sum: 452, Workers: 4
[38.428s][debug][gc,phases      ] GC(94)   JVMTI Tag Weak OopStorage      Min:  0.0, Avg:  0.0, Max:  0.0, Diff:  0.0, Sum:  0.0, Workers: 4
[38.428s][debug][gc,phases      ] GC(94)     Dead                           Min: 0, Avg:  0.0, Max: 0, Diff: 0, Sum: 0, Workers: 4
[38.428s][debug][gc,phases      ] GC(94)     Total                          Min: 0, Avg:  0.0, Max: 0, Diff: 0, Sum: 0, Workers: 4
[38.428s][debug][gc,phases      ] GC(94)   StringTable Weak               Min:  0.1, Avg:  0.1, Max:  0.1, Diff:  0.0, Sum:  0.4, Workers: 4
[38.428s][debug][gc,phases      ] GC(94)     Dead                           Min: 0, Avg:  2.8, Max: 11, Diff: 11, Sum: 11, Workers: 4
[38.428s][debug][gc,phases      ] GC(94)     Total                          Min: 9918, Avg: 10694.0, Max: 11418, Diff: 1500, Sum: 42776, Workers: 4
[38.428s][debug][gc,phases      ] GC(94)   ResolvedMethodTable Weak       Min:  0.0, Avg:  0.0, Max:  0.0, Diff:  0.0, Sum:  0.1, Workers: 4
[38.428s][debug][gc,phases      ] GC(94)     Dead                           Min: 0, Avg:  0.0, Max: 0, Diff: 0, Sum: 0, Workers: 4
[38.428s][debug][gc,phases      ] GC(94)     Total                          Min: 1728, Avg: 1844.0, Max: 1920, Diff: 192, Sum: 7376, Workers: 4
[38.428s][debug][gc,phases      ] GC(94)   JNI Weak                       Min:  0.0, Avg:  0.0, Max:  0.0, Diff:  0.0, Sum:  0.0, Workers: 4
[38.428s][debug][gc,phases      ] GC(94)     Dead                           Min: 0, Avg:  0.0, Max: 0, Diff: 0, Sum: 0, Workers: 4
[38.428s][debug][gc,phases      ] GC(94)     Total                          Min: 0, Avg:  0.5, Max: 2, Diff: 2, Sum: 2, Workers: 4
[38.428s][debug][gc,phases      ] GC(94)   StringDedup Table Weak         Min:  0.0, Avg:  0.0, Max:  0.0, Diff:  0.0, Sum:  0.0, Workers: 4
[38.428s][debug][gc,phases      ] GC(94)     Dead                           Min: 0, Avg:  0.0, Max: 0, Diff: 0, Sum: 0, Workers: 4
[38.428s][debug][gc,phases      ] GC(94)     Total                          Min: 0, Avg:  0.0, Max: 0, Diff: 0, Sum: 0, Workers: 4
[38.428s][debug][gc,phases      ] GC(94)   StringDedup Requests0 Weak     Min:  0.0, Avg:  0.0, Max:  0.0, Diff:  0.0, Sum:  0.0, Workers: 4
[38.428s][debug][gc,phases      ] GC(94)     Dead                           Min: 0, Avg:  0.0, Max: 0, Diff: 0, Sum: 0, Workers: 4
[38.428s][debug][gc,phases      ] GC(94)     Total                          Min: 0, Avg:  0.0, Max: 0, Diff: 0, Sum: 0, Workers: 4
[38.428s][debug][gc,phases      ] GC(94)   StringDedup Requests1 Weak     Min:  0.0, Avg:  0.0, Max:  0.0, Diff:  0.0, Sum:  0.0, Workers: 4
[38.428s][debug][gc,phases      ] GC(94)     Dead                           Min: 0, Avg:  0.0, Max: 0, Diff: 0, Sum: 0, Workers: 4
[38.428s][debug][gc,phases      ] GC(94)     Total                          Min: 0, Avg:  0.0, Max: 0, Diff: 0, Sum: 0, Workers: 4
[38.428s][debug][gc,phases      ] GC(94)   Weak JFR Old Object Samples    Min:  0.0, Avg:  0.0, Max:  0.0, Diff:  0.0, Sum:  0.0, Workers: 4
[38.428s][debug][gc,phases      ] GC(94)     Dead                           Min: 0, Avg:  0.0, Max: 0, Diff: 0, Sum: 0, Workers: 4
[38.428s][debug][gc,phases      ] GC(94)     Total                          Min: 0, Avg:  0.0, Max: 0, Diff: 0, Sum: 0, Workers: 4
[38.428s][debug][gc,phases      ] GC(94) Weak Processing 0.320ms
[38.428s][debug][gc,age         ] GC(94) Desired survivor size 221773824 bytes, new threshold 15 (max threshold 15)
[38.428s][info ][gc,heap        ] GC(94) PSYoungGen: 1768433K(1871872K)->119915K(1866240K) Eden: 1640960K(1640960K)->0K(1640960K) From: 127473K(230912K)->119915K(225280K)
[38.428s][info ][gc,heap        ] GC(94) ParOldGen: 631967K(694784K)->640767K(694784K)
[38.428s][info ][gc,metaspace   ] GC(94) Metaspace: 69324K(70144K)->69324K(70144K) NonClass: 59316K(59776K)->59316K(59776K) Class: 10008K(10368K)->10008K(10368K)
[38.428s][info ][gc             ] GC(94) Pause Young (Allocation Failure) 2344M->742M(2501M) 38.226ms
[38.428s][info ][gc,cpu         ] GC(94) User=0.15s Sys=0.00s Real=0.04s
[38.428s][info ][safepoint      ] Safepoint "ParallelGCFailedAllocation", Time since last: 335556348 ns, Reaching safepoint: 146403 ns, At safepoint: 38353777 ns, Total: 38500180 ns
[38.766s][info ][gc,start       ] GC(95) Pause Young (Allocation Failure)
[38.808s][debug][gc,phases      ] GC(95) Scavenge 41.552ms
[38.808s][debug][gc,ref         ] GC(95) Skipped phase 1 of Reference Processing: no references
[38.808s][debug][gc,ref         ] GC(95) ReferenceProcessor::execute queues: 1, RefProcThreadModel::Single, marks_oops_alive: false
[38.808s][debug][gc,ref         ] GC(95) Skipped phase 3 of Reference Processing: no references
[38.808s][debug][gc,ref         ] GC(95) Skipped phase 4 of Reference Processing: no references
[38.808s][debug][gc,phases      ] GC(95) Reference Processing 0.135ms
[38.808s][debug][gc,phases      ] GC(95)   VM Weak                        Min:  0.0, Avg:  0.0, Max:  0.0, Diff:  0.0, Sum:  0.0, Workers: 4
[38.808s][debug][gc,phases      ] GC(95)     Dead                           Min: 0, Avg:  0.0, Max: 0, Diff: 0, Sum: 0, Workers: 4
[38.808s][debug][gc,phases      ] GC(95)     Total                          Min: 0, Avg: 145.2, Max: 325, Diff: 325, Sum: 581, Workers: 4
[38.808s][debug][gc,phases      ] GC(95)   ObjectSynchronizer Weak        Min:  0.0, Avg:  0.0, Max:  0.0, Diff:  0.0, Sum:  0.0, Workers: 4
[38.808s][debug][gc,phases      ] GC(95)     Dead                           Min: 0, Avg:  0.0, Max: 0, Diff: 0, Sum: 0, Workers: 4
[38.808s][debug][gc,phases      ] GC(95)     Total                          Min: 4, Avg: 113.0, Max: 192, Diff: 188, Sum: 452, Workers: 4
[38.808s][debug][gc,phases      ] GC(95)   JVMTI Tag Weak OopStorage      Min:  0.0, Avg:  0.0, Max:  0.0, Diff:  0.0, Sum:  0.0, Workers: 4
[38.808s][debug][gc,phases      ] GC(95)     Dead                           Min: 0, Avg:  0.0, Max: 0, Diff: 0, Sum: 0, Workers: 4
[38.808s][debug][gc,phases      ] GC(95)     Total                          Min: 0, Avg:  0.0, Max: 0, Diff: 0, Sum: 0, Workers: 4
[38.808s][debug][gc,phases      ] GC(95)   StringTable Weak               Min:  0.1, Avg:  0.1, Max:  0.1, Diff:  0.0, Sum:  0.4, Workers: 4
[38.808s][debug][gc,phases      ] GC(95)     Dead                           Min: 0, Avg:  2.8, Max: 11, Diff: 11, Sum: 11, Workers: 4
[38.808s][debug][gc,phases      ] GC(95)     Total                          Min: 10240, Avg: 10695.2, Max: 11037, Diff: 797, Sum: 42781, Workers: 4
[38.808s][debug][gc,phases      ] GC(95)   ResolvedMethodTable Weak       Min:  0.0, Avg:  0.0, Max:  0.0, Diff:  0.0, Sum:  0.1, Workers: 4
[38.808s][debug][gc,phases      ] GC(95)     Dead                           Min: 0, Avg:  0.0, Max: 0, Diff: 0, Sum: 0, Workers: 4
[38.808s][debug][gc,phases      ] GC(95)     Total                          Min: 1680, Avg: 1844.0, Max: 1984, Diff: 304, Sum: 7376, Workers: 4
[38.808s][debug][gc,phases      ] GC(95)   JNI Weak                       Min:  0.0, Avg:  0.0, Max:  0.0, Diff:  0.0, Sum:  0.0, Workers: 4
[38.808s][debug][gc,phases      ] GC(95)     Dead                           Min: 0, Avg:  0.0, Max: 0, Diff: 0, Sum: 0, Workers: 4
[38.808s][debug][gc,phases      ] GC(95)     Total                          Min: 0, Avg:  1.8, Max: 7, Diff: 7, Sum: 7, Workers: 4
[38.808s][debug][gc,phases      ] GC(95)   StringDedup Table Weak         Min:  0.0, Avg:  0.0, Max:  0.0, Diff:  0.0, Sum:  0.0, Workers: 4
[38.808s][debug][gc,phases      ] GC(95)     Dead                           Min: 0, Avg:  0.0, Max: 0, Diff: 0, Sum: 0, Workers: 4
[38.808s][debug][gc,phases      ] GC(95)     Total                          Min: 0, Avg:  0.0, Max: 0, Diff: 0, Sum: 0, Workers: 4
[38.808s][debug][gc,phases      ] GC(95)   StringDedup Requests0 Weak     Min:  0.0, Avg:  0.0, Max:  0.0, Diff:  0.0, Sum:  0.0, Workers: 4
[38.808s][debug][gc,phases      ] GC(95)     Dead                           Min: 0, Avg:  0.0, Max: 0, Diff: 0, Sum: 0, Workers: 4
[38.808s][debug][gc,phases      ] GC(95)     Total                          Min: 0, Avg:  0.0, Max: 0, Diff: 0, Sum: 0, Workers: 4
[38.808s][debug][gc,phases      ] GC(95)   StringDedup Requests1 Weak     Min:  0.0, Avg:  0.0, Max:  0.0, Diff:  0.0, Sum:  0.0, Workers: 4
[38.808s][debug][gc,phases      ] GC(95)     Dead                           Min: 0, Avg:  0.0, Max: 0, Diff: 0, Sum: 0, Workers: 4
[38.808s][debug][gc,phases      ] GC(95)     Total                          Min: 0, Avg:  0.0, Max: 0, Diff: 0, Sum: 0, Workers: 4
[38.808s][debug][gc,phases      ] GC(95)   Weak JFR Old Object Samples    Min:  0.0, Avg:  0.0, Max:  0.0, Diff:  0.0, Sum:  0.0, Workers: 4
[38.808s][debug][gc,phases      ] GC(95)     Dead                           Min: 0, Avg:  0.0, Max: 0, Diff: 0, Sum: 0, Workers: 4
[38.808s][debug][gc,phases      ] GC(95)     Total                          Min: 0, Avg:  0.0, Max: 0, Diff: 0, Sum: 0, Workers: 4
[38.808s][debug][gc,phases      ] GC(95) Weak Processing 0.318ms
[38.808s][debug][gc,age         ] GC(95) Desired survivor size 213385216 bytes, new threshold 15 (max threshold 15)
[38.808s][info ][gc,heap        ] GC(95) PSYoungGen: 1760875K(1866240K)->117952K(1888768K) Eden: 1640960K(1640960K)->0K(1672192K) From: 119915K(225280K)->117952K(216576K)
[38.808s][info ][gc,heap        ] GC(95) ParOldGen: 640767K(694784K)->647455K(694784K)
[38.808s][info ][gc,metaspace   ] GC(95) Metaspace: 69336K(70144K)->69336K(70144K) NonClass: 59328K(59776K)->59328K(59776K) Class: 10008K(10368K)->10008K(10368K)
[38.808s][info ][gc             ] GC(95) Pause Young (Allocation Failure) 2345M->747M(2523M) 42.143ms
[38.808s][info ][gc,cpu         ] GC(95) User=0.18s Sys=0.01s Real=0.04s
[38.809s][info ][safepoint      ] Safepoint "ParallelGCFailedAllocation", Time since last: 338074512 ns, Reaching safepoint: 148504 ns, At safepoint: 42263376 ns, Total: 42411880 ns
[39.164s][info ][gc,start       ] GC(96) Pause Young (Allocation Failure)
[39.206s][debug][gc,phases      ] GC(96) Scavenge 41.889ms
[39.206s][debug][gc,ref         ] GC(96) Skipped phase 1 of Reference Processing: no references
[39.206s][debug][gc,ref         ] GC(96) ReferenceProcessor::execute queues: 1, RefProcThreadModel::Single, marks_oops_alive: false
[39.206s][debug][gc,ref         ] GC(96) Skipped phase 3 of Reference Processing: no references
[39.206s][debug][gc,ref         ] GC(96) Skipped phase 4 of Reference Processing: no references
[39.206s][debug][gc,phases      ] GC(96) Reference Processing 0.194ms
[39.206s][debug][gc,phases      ] GC(96)   VM Weak                        Min:  0.0, Avg:  0.0, Max:  0.0, Diff:  0.0, Sum:  0.0, Workers: 4
[39.206s][debug][gc,phases      ] GC(96)     Dead                           Min: 0, Avg:  0.0, Max: 0, Diff: 0, Sum: 0, Workers: 4
[39.206s][debug][gc,phases      ] GC(96)     Total                          Min: 0, Avg: 145.2, Max: 517, Diff: 517, Sum: 581, Workers: 4
[39.206s][debug][gc,phases      ] GC(96)   ObjectSynchronizer Weak        Min:  0.0, Avg:  0.0, Max:  0.0, Diff:  0.0, Sum:  0.0, Workers: 4
[39.206s][debug][gc,phases      ] GC(96)     Dead                           Min: 0, Avg:  0.0, Max: 0, Diff: 0, Sum: 0, Workers: 4
[39.206s][debug][gc,phases      ] GC(96)     Total                          Min: 0, Avg: 113.0, Max: 256, Diff: 256, Sum: 452, Workers: 4
[39.206s][debug][gc,phases      ] GC(96)   JVMTI Tag Weak OopStorage      Min:  0.0, Avg:  0.0, Max:  0.0, Diff:  0.0, Sum:  0.0, Workers: 4
[39.206s][debug][gc,phases      ] GC(96)     Dead                           Min: 0, Avg:  0.0, Max: 0, Diff: 0, Sum: 0, Workers: 4
[39.206s][debug][gc,phases      ] GC(96)     Total                          Min: 0, Avg:  0.0, Max: 0, Diff: 0, Sum: 0, Workers: 4
[39.206s][debug][gc,phases      ] GC(96)   StringTable Weak               Min:  0.1, Avg:  0.1, Max:  0.1, Diff:  0.0, Sum:  0.4, Workers: 4
[39.206s][debug][gc,phases      ] GC(96)     Dead                           Min: 0, Avg:  0.0, Max: 0, Diff: 0, Sum: 0, Workers: 4
[39.206s][debug][gc,phases      ] GC(96)     Total                          Min: 10432, Avg: 10695.2, Max: 11328, Diff: 896, Sum: 42781, Workers: 4
[39.206s][debug][gc,phases      ] GC(96)   ResolvedMethodTable Weak       Min:  0.0, Avg:  0.0, Max:  0.0, Diff:  0.0, Sum:  0.1, Workers: 4
[39.206s][debug][gc,phases      ] GC(96)     Dead                           Min: 0, Avg:  0.0, Max: 0, Diff: 0, Sum: 0, Workers: 4
[39.206s][debug][gc,phases      ] GC(96)     Total                          Min: 1664, Avg: 1844.0, Max: 1984, Diff: 320, Sum: 7376, Workers: 4
[39.206s][debug][gc,phases      ] GC(96)   JNI Weak                       Min:  0.0, Avg:  0.0, Max:  0.0, Diff:  0.0, Sum:  0.0, Workers: 4
[39.206s][debug][gc,phases      ] GC(96)     Dead                           Min: 0, Avg:  0.0, Max: 0, Diff: 0, Sum: 0, Workers: 4
[39.206s][debug][gc,phases      ] GC(96)     Total                          Min: 0, Avg:  1.8, Max: 7, Diff: 7, Sum: 7, Workers: 4
[39.206s][debug][gc,phases      ] GC(96)   StringDedup Table Weak         Min:  0.0, Avg:  0.0, Max:  0.0, Diff:  0.0, Sum:  0.0, Workers: 4
[39.206s][debug][gc,phases      ] GC(96)     Dead                           Min: 0, Avg:  0.0, Max: 0, Diff: 0, Sum: 0, Workers: 4
[39.206s][debug][gc,phases      ] GC(96)     Total                          Min: 0, Avg:  0.0, Max: 0, Diff: 0, Sum: 0, Workers: 4
[39.206s][debug][gc,phases      ] GC(96)   StringDedup Requests0 Weak     Min:  0.0, Avg:  0.0, Max:  0.0, Diff:  0.0, Sum:  0.0, Workers: 4
[39.206s][debug][gc,phases      ] GC(96)     Dead                           Min: 0, Avg:  0.0, Max: 0, Diff: 0, Sum: 0, Workers: 4
[39.206s][debug][gc,phases      ] GC(96)     Total                          Min: 0, Avg:  0.0, Max: 0, Diff: 0, Sum: 0, Workers: 4
[39.206s][debug][gc,phases      ] GC(96)   StringDedup Requests1 Weak     Min:  0.0, Avg:  0.0, Max:  0.0, Diff:  0.0, Sum:  0.0, Workers: 4
[39.206s][debug][gc,phases      ] GC(96)     Dead                           Min: 0, Avg:  0.0, Max: 0, Diff: 0, Sum: 0, Workers: 4
[39.206s][debug][gc,phases      ] GC(96)     Total                          Min: 0, Avg:  0.0, Max: 0, Diff: 0, Sum: 0, Workers: 4
[39.206s][debug][gc,phases      ] GC(96)   Weak JFR Old Object Samples    Min:  0.0, Avg:  0.0, Max:  0.0, Diff:  0.0, Sum:  0.0, Workers: 4
[39.206s][debug][gc,phases      ] GC(96)     Dead                           Min: 0, Avg:  0.0, Max: 0, Diff: 0, Sum: 0, Workers: 4
[39.206s][debug][gc,phases      ] GC(96)     Total                          Min: 0, Avg:  0.0, Max: 0, Diff: 0, Sum: 0, Workers: 4
[39.206s][debug][gc,phases      ] GC(96) Weak Processing 0.394ms
[39.206s][debug][gc,age         ] GC(96) Desired survivor size 208666624 bytes, new threshold 15 (max threshold 15)
[39.206s][info ][gc,heap        ] GC(96) PSYoungGen: 1790144K(1888768K)->126800K(1880576K) Eden: 1672192K(1672192K)->0K(1672192K) From: 117952K(216576K)->126800K(208384K)
[39.206s][info ][gc,heap        ] GC(96) ParOldGen: 647455K(694784K)->655415K(694784K)
[39.206s][info ][gc,metaspace   ] GC(96) Metaspace: 69340K(70144K)->69340K(70144K) NonClass: 59332K(59776K)->59332K(59776K) Class: 10008K(10368K)->10008K(10368K)
[39.206s][info ][gc             ] GC(96) Pause Young (Allocation Failure) 2380M->763M(2515M) 42.662ms
[39.206s][info ][gc,cpu         ] GC(96) User=0.19s Sys=0.01s Real=0.04s
[39.206s][info ][safepoint      ] Safepoint "ParallelGCFailedAllocation", Time since last: 354925141 ns, Reaching safepoint: 148704 ns, At safepoint: 42787790 ns, Total: 42936494 ns
[39.554s][info ][gc,start       ] GC(97) Pause Young (Allocation Failure)
[39.595s][debug][gc,phases      ] GC(97) Scavenge 40.878ms
[39.595s][debug][gc,ref         ] GC(97) Skipped phase 1 of Reference Processing: no references
[39.595s][debug][gc,ref         ] GC(97) ReferenceProcessor::execute queues: 1, RefProcThreadModel::Single, marks_oops_alive: false
[39.595s][debug][gc,ref         ] GC(97) Skipped phase 3 of Reference Processing: no references
[39.595s][debug][gc,ref         ] GC(97) Skipped phase 4 of Reference Processing: no references
[39.595s][debug][gc,phases      ] GC(97) Reference Processing 0.120ms
[39.596s][debug][gc,phases      ] GC(97)   VM Weak                        Min:  0.0, Avg:  0.0, Max:  0.0, Diff:  0.0, Sum:  0.0, Workers: 4
[39.596s][debug][gc,phases      ] GC(97)     Dead                           Min: 0, Avg:  0.0, Max: 0, Diff: 0, Sum: 0, Workers: 4
[39.596s][debug][gc,phases      ] GC(97)     Total                          Min: 0, Avg: 145.2, Max: 581, Diff: 581, Sum: 581, Workers: 4
[39.596s][debug][gc,phases      ] GC(97)   ObjectSynchronizer Weak        Min:  0.0, Avg:  0.0, Max:  0.0, Diff:  0.0, Sum:  0.0, Workers: 4
[39.596s][debug][gc,phases      ] GC(97)     Dead                           Min: 0, Avg:  0.0, Max: 0, Diff: 0, Sum: 0, Workers: 4
[39.596s][debug][gc,phases      ] GC(97)     Total                          Min: 0, Avg: 113.0, Max: 256, Diff: 256, Sum: 452, Workers: 4
[39.596s][debug][gc,phases      ] GC(97)   JVMTI Tag Weak OopStorage      Min:  0.0, Avg:  0.0, Max:  0.0, Diff:  0.0, Sum:  0.0, Workers: 4
[39.596s][debug][gc,phases      ] GC(97)     Dead                           Min: 0, Avg:  0.0, Max: 0, Diff: 0, Sum: 0, Workers: 4
[39.596s][debug][gc,phases      ] GC(97)     Total                          Min: 0, Avg:  0.0, Max: 0, Diff: 0, Sum: 0, Workers: 4
[39.596s][debug][gc,phases      ] GC(97)   StringTable Weak               Min:  0.1, Avg:  0.1, Max:  0.1, Diff:  0.0, Sum:  0.4, Workers: 4
[39.596s][debug][gc,phases      ] GC(97)     Dead                           Min: 0, Avg:  2.8, Max: 11, Diff: 11, Sum: 11, Workers: 4
[39.596s][debug][gc,phases      ] GC(97)     Total                          Min: 10368, Avg: 10695.2, Max: 11136, Diff: 768, Sum: 42781, Workers: 4
[39.596s][debug][gc,phases      ] GC(97)   ResolvedMethodTable Weak       Min:  0.0, Avg:  0.0, Max:  0.0, Diff:  0.0, Sum:  0.1, Workers: 4
[39.596s][debug][gc,phases      ] GC(97)     Dead                           Min: 0, Avg:  0.0, Max: 0, Diff: 0, Sum: 0, Workers: 4
[39.596s][debug][gc,phases      ] GC(97)     Total                          Min: 1536, Avg: 1844.0, Max: 2112, Diff: 576, Sum: 7376, Workers: 4
[39.596s][debug][gc,phases      ] GC(97)   JNI Weak                       Min:  0.0, Avg:  0.0, Max:  0.0, Diff:  0.0, Sum:  0.0, Workers: 4
[39.596s][debug][gc,phases      ] GC(97)     Dead                           Min: 0, Avg:  0.0, Max: 0, Diff: 0, Sum: 0, Workers: 4
[39.596s][debug][gc,phases      ] GC(97)     Total                          Min: 0, Avg:  0.0, Max: 0, Diff: 0, Sum: 0, Workers: 4
[39.596s][debug][gc,phases      ] GC(97)   StringDedup Table Weak         Min:  0.0, Avg:  0.0, Max:  0.0, Diff:  0.0, Sum:  0.0, Workers: 4
[39.596s][debug][gc,phases      ] GC(97)     Dead                           Min: 0, Avg:  0.0, Max: 0, Diff: 0, Sum: 0, Workers: 4
[39.596s][debug][gc,phases      ] GC(97)     Total                          Min: 0, Avg:  0.0, Max: 0, Diff: 0, Sum: 0, Workers: 4
[39.596s][debug][gc,phases      ] GC(97)   StringDedup Requests0 Weak     Min:  0.0, Avg:  0.0, Max:  0.0, Diff:  0.0, Sum:  0.0, Workers: 4
[39.596s][debug][gc,phases      ] GC(97)     Dead                           Min: 0, Avg:  0.0, Max: 0, Diff: 0, Sum: 0, Workers: 4
[39.596s][debug][gc,phases      ] GC(97)     Total                          Min: 0, Avg:  0.0, Max: 0, Diff: 0, Sum: 0, Workers: 4
[39.596s][debug][gc,phases      ] GC(97)   StringDedup Requests1 Weak     Min:  0.0, Avg:  0.0, Max:  0.0, Diff:  0.0, Sum:  0.0, Workers: 4
[39.596s][debug][gc,phases      ] GC(97)     Dead                           Min: 0, Avg:  0.0, Max: 0, Diff: 0, Sum: 0, Workers: 4
[39.596s][debug][gc,phases      ] GC(97)     Total                          Min: 0, Avg:  0.0, Max: 0, Diff: 0, Sum: 0, Workers: 4
[39.596s][debug][gc,phases      ] GC(97)   Weak JFR Old Object Samples    Min:  0.0, Avg:  0.0, Max:  0.0, Diff:  0.0, Sum:  0.0, Workers: 4
[39.596s][debug][gc,phases      ] GC(97)     Dead                           Min: 0, Avg:  0.0, Max: 0, Diff: 0, Sum: 0, Workers: 4
[39.596s][debug][gc,phases      ] GC(97)     Total                          Min: 0, Avg:  0.0, Max: 0, Diff: 0, Sum: 0, Workers: 4
[39.596s][debug][gc,phases      ] GC(97) Weak Processing 0.324ms
[39.596s][debug][gc,age         ] GC(97) Desired survivor size 199753728 bytes, new threshold 15 (max threshold 15)
[39.596s][info ][gc,heap        ] GC(97) PSYoungGen: 1798992K(1880576K)->112880K(1902080K) Eden: 1672192K(1672192K)->0K(1698304K) From: 126800K(208384K)->112880K(203776K)
[39.596s][info ][gc,heap        ] GC(97) ParOldGen: 655415K(694784K)->672539K(694784K)
[39.596s][info ][gc,metaspace   ] GC(97) Metaspace: 69340K(70144K)->69340K(70144K) NonClass: 59332K(59776K)->59332K(59776K) Class: 10008K(10368K)->10008K(10368K)
[39.596s][info ][gc             ] GC(97) Pause Young (Allocation Failure) 2396M->767M(2536M) 41.466ms
[39.596s][info ][gc,cpu         ] GC(97) User=0.16s Sys=0.00s Real=0.04s
[39.596s][info ][safepoint      ] Safepoint "ParallelGCFailedAllocation", Time since last: 347762959 ns, Reaching safepoint: 150403 ns, At safepoint: 41575859 ns, Total: 41726262 ns
[39.895s][info ][gc,start       ] GC(98) Pause Young (Allocation Failure)
[39.932s][debug][gc,phases      ] GC(98) Scavenge 37.748ms
[39.933s][debug][gc,ref         ] GC(98) Skipped phase 1 of Reference Processing: no references
[39.933s][debug][gc,ref         ] GC(98) ReferenceProcessor::execute queues: 1, RefProcThreadModel::Single, marks_oops_alive: false
[39.933s][debug][gc,ref         ] GC(98) Skipped phase 3 of Reference Processing: no references
[39.933s][debug][gc,ref         ] GC(98) Skipped phase 4 of Reference Processing: no references
[39.933s][debug][gc,phases      ] GC(98) Reference Processing 0.139ms
[39.933s][debug][gc,phases      ] GC(98)   VM Weak                        Min:  0.0, Avg:  0.0, Max:  0.0, Diff:  0.0, Sum:  0.0, Workers: 4
[39.933s][debug][gc,phases      ] GC(98)     Dead                           Min: 0, Avg:  0.0, Max: 0, Diff: 0, Sum: 0, Workers: 4
[39.933s][debug][gc,phases      ] GC(98)     Total                          Min: 0, Avg: 145.2, Max: 197, Diff: 197, Sum: 581, Workers: 4
[39.933s][debug][gc,phases      ] GC(98)   ObjectSynchronizer Weak        Min:  0.0, Avg:  0.0, Max:  0.0, Diff:  0.0, Sum:  0.0, Workers: 4
[39.933s][debug][gc,phases      ] GC(98)     Dead                           Min: 0, Avg:  0.0, Max: 0, Diff: 0, Sum: 0, Workers: 4
[39.933s][debug][gc,phases      ] GC(98)     Total                          Min: 4, Avg: 113.0, Max: 192, Diff: 188, Sum: 452, Workers: 4
[39.933s][debug][gc,phases      ] GC(98)   JVMTI Tag Weak OopStorage      Min:  0.0, Avg:  0.0, Max:  0.0, Diff:  0.0, Sum:  0.0, Workers: 4
[39.933s][debug][gc,phases      ] GC(98)     Dead                           Min: 0, Avg:  0.0, Max: 0, Diff: 0, Sum: 0, Workers: 4
[39.933s][debug][gc,phases      ] GC(98)     Total                          Min: 0, Avg:  0.0, Max: 0, Diff: 0, Sum: 0, Workers: 4
[39.933s][debug][gc,phases      ] GC(98)   StringTable Weak               Min:  0.1, Avg:  0.1, Max:  0.1, Diff:  0.0, Sum:  0.4, Workers: 4
[39.933s][debug][gc,phases      ] GC(98)     Dead                           Min: 0, Avg:  2.8, Max: 11, Diff: 11, Sum: 11, Workers: 4
[39.933s][debug][gc,phases      ] GC(98)     Total                          Min: 9472, Avg: 10695.2, Max: 12160, Diff: 2688, Sum: 42781, Workers: 4
[39.933s][debug][gc,phases      ] GC(98)   ResolvedMethodTable Weak       Min:  0.0, Avg:  0.0, Max:  0.0, Diff:  0.0, Sum:  0.1, Workers: 4
[39.933s][debug][gc,phases      ] GC(98)     Dead                           Min: 0, Avg:  0.0, Max: 0, Diff: 0, Sum: 0, Workers: 4
[39.933s][debug][gc,phases      ] GC(98)     Total                          Min: 1536, Avg: 1844.0, Max: 2064, Diff: 528, Sum: 7376, Workers: 4
[39.933s][debug][gc,phases      ] GC(98)   JNI Weak                       Min:  0.0, Avg:  0.0, Max:  0.0, Diff:  0.0, Sum:  0.0, Workers: 4
[39.933s][debug][gc,phases      ] GC(98)     Dead                           Min: 0, Avg:  0.0, Max: 0, Diff: 0, Sum: 0, Workers: 4
[39.933s][debug][gc,phases      ] GC(98)     Total                          Min: 0, Avg:  0.2, Max: 1, Diff: 1, Sum: 1, Workers: 4
[39.933s][debug][gc,phases      ] GC(98)   StringDedup Table Weak         Min:  0.0, Avg:  0.0, Max:  0.0, Diff:  0.0, Sum:  0.0, Workers: 4
[39.933s][debug][gc,phases      ] GC(98)     Dead                           Min: 0, Avg:  0.0, Max: 0, Diff: 0, Sum: 0, Workers: 4
[39.933s][debug][gc,phases      ] GC(98)     Total                          Min: 0, Avg:  0.0, Max: 0, Diff: 0, Sum: 0, Workers: 4
[39.933s][debug][gc,phases      ] GC(98)   StringDedup Requests0 Weak     Min:  0.0, Avg:  0.0, Max:  0.0, Diff:  0.0, Sum:  0.0, Workers: 4
[39.933s][debug][gc,phases      ] GC(98)     Dead                           Min: 0, Avg:  0.0, Max: 0, Diff: 0, Sum: 0, Workers: 4
[39.933s][debug][gc,phases      ] GC(98)     Total                          Min: 0, Avg:  0.0, Max: 0, Diff: 0, Sum: 0, Workers: 4
[39.933s][debug][gc,phases      ] GC(98)   StringDedup Requests1 Weak     Min:  0.0, Avg:  0.0, Max:  0.0, Diff:  0.0, Sum:  0.0, Workers: 4
[39.933s][debug][gc,phases      ] GC(98)     Dead                           Min: 0, Avg:  0.0, Max: 0, Diff: 0, Sum: 0, Workers: 4
[39.933s][debug][gc,phases      ] GC(98)     Total                          Min: 0, Avg:  0.0, Max: 0, Diff: 0, Sum: 0, Workers: 4
[39.933s][debug][gc,phases      ] GC(98)   Weak JFR Old Object Samples    Min:  0.0, Avg:  0.0, Max:  0.0, Diff:  0.0, Sum:  0.0, Workers: 4
[39.933s][debug][gc,phases      ] GC(98)     Dead                           Min: 0, Avg:  0.0, Max: 0, Diff: 0, Sum: 0, Workers: 4
[39.933s][debug][gc,phases      ] GC(98)     Total                          Min: 0, Avg:  0.0, Max: 0, Diff: 0, Sum: 0, Workers: 4
[39.933s][debug][gc,phases      ] GC(98) Weak Processing 0.343ms
[39.933s][debug][gc,age         ] GC(98) Desired survivor size 192937984 bytes, new threshold 15 (max threshold 15)
[39.933s][info ][gc,heap        ] GC(98) PSYoungGen: 1811184K(1902080K)->108256K(1893376K) Eden: 1698304K(1698304K)->0K(1698304K) From: 112880K(203776K)->108256K(195072K)
[39.933s][info ][gc,heap        ] GC(98) ParOldGen: 672539K(694784K)->686276K(694784K)
[39.933s][info ][gc,metaspace   ] GC(98) Metaspace: 69341K(70144K)->69341K(70144K) NonClass: 59333K(59776K)->59333K(59776K) Class: 10008K(10368K)->10008K(10368K)
[39.933s][info ][gc             ] GC(98) Pause Young (Allocation Failure) 2425M->775M(2527M) 38.377ms
[39.933s][info ][gc,cpu         ] GC(98) User=0.16s Sys=0.00s Real=0.03s
[39.933s][debug][gc,phases      ] GC(99) Pre Compact 0.010ms
[39.933s][info ][gc,start       ] GC(99) Pause Full (Ergonomics)
[39.933s][info ][gc,phases,start] GC(99) Marking Phase
[40.135s][debug][gc,phases      ] GC(99) Par Mark 202.027ms
[40.135s][debug][gc,ref         ] GC(99) Skipped phase 1 of Reference Processing: no references
[40.136s][debug][gc,ref         ] GC(99) ReferenceProcessor::execute queues: 4, RefProcThreadModel::Multi, marks_oops_alive: false
[40.136s][debug][gc,ref         ] GC(99) Skipped phase 3 of Reference Processing: no references
[40.136s][debug][gc,ref         ] GC(99) ReferenceProcessor::execute queues: 1, RefProcThreadModel::Single, marks_oops_alive: false
[40.136s][debug][gc,phases      ] GC(99) Reference Processing 0.405ms
[40.136s][debug][gc,phases      ] GC(99)   VM Weak                        Min:  0.0, Avg:  0.0, Max:  0.0, Diff:  0.0, Sum:  0.0, Workers: 4
[40.136s][debug][gc,phases      ] GC(99)     Dead                           Min: 0, Avg:  0.0, Max: 0, Diff: 0, Sum: 0, Workers: 4
[40.136s][debug][gc,phases      ] GC(99)     Total                          Min: 0, Avg: 145.2, Max: 261, Diff: 261, Sum: 581, Workers: 4
[40.136s][debug][gc,phases      ] GC(99)   ObjectSynchronizer Weak        Min:  0.0, Avg:  0.0, Max:  0.0, Diff:  0.0, Sum:  0.0, Workers: 4
[40.136s][debug][gc,phases      ] GC(99)     Dead                           Min: 0, Avg:  0.2, Max: 1, Diff: 1, Sum: 1, Workers: 4
[40.136s][debug][gc,phases      ] GC(99)     Total                          Min: 0, Avg: 113.0, Max: 192, Diff: 192, Sum: 452, Workers: 4
[40.136s][debug][gc,phases      ] GC(99)   JVMTI Tag Weak OopStorage      Min:  0.0, Avg:  0.0, Max:  0.0, Diff:  0.0, Sum:  0.0, Workers: 4
[40.136s][debug][gc,phases      ] GC(99)     Dead                           Min: 0, Avg:  0.0, Max: 0, Diff: 0, Sum: 0, Workers: 4
[40.136s][debug][gc,phases      ] GC(99)     Total                          Min: 0, Avg:  0.0, Max: 0, Diff: 0, Sum: 0, Workers: 4
[40.136s][debug][gc,phases      ] GC(99)   StringTable Weak               Min:  0.1, Avg:  0.1, Max:  0.1, Diff:  0.0, Sum:  0.5, Workers: 4
[40.136s][debug][gc,phases      ] GC(99)     Dead                           Min: 0, Avg:  0.0, Max: 0, Diff: 0, Sum: 0, Workers: 4
[40.136s][debug][gc,phases      ] GC(99)     Total                          Min: 10304, Avg: 10695.2, Max: 10944, Diff: 640, Sum: 42781, Workers: 4
[40.136s][debug][gc,phases      ] GC(99)   ResolvedMethodTable Weak       Min:  0.0, Avg:  0.0, Max:  0.0, Diff:  0.0, Sum:  0.1, Workers: 4
[40.136s][debug][gc,phases      ] GC(99)     Dead                           Min: 0, Avg:  0.0, Max: 0, Diff: 0, Sum: 0, Workers: 4
[40.136s][debug][gc,phases      ] GC(99)     Total                          Min: 1664, Avg: 1844.0, Max: 2048, Diff: 384, Sum: 7376, Workers: 4
[40.136s][debug][gc,phases      ] GC(99)   JNI Weak                       Min:  0.0, Avg:  0.0, Max:  0.0, Diff:  0.0, Sum:  0.0, Workers: 4
[40.136s][debug][gc,phases      ] GC(99)     Dead                           Min: 0, Avg:  0.0, Max: 0, Diff: 0, Sum: 0, Workers: 4
[40.136s][debug][gc,phases      ] GC(99)     Total                          Min: 0, Avg:  0.2, Max: 1, Diff: 1, Sum: 1, Workers: 4
[40.136s][debug][gc,phases      ] GC(99)   StringDedup Table Weak         Min:  0.0, Avg:  0.0, Max:  0.0, Diff:  0.0, Sum:  0.0, Workers: 4
[40.136s][debug][gc,phases      ] GC(99)     Dead                           Min: 0, Avg:  0.0, Max: 0, Diff: 0, Sum: 0, Workers: 4
[40.136s][debug][gc,phases      ] GC(99)     Total                          Min: 0, Avg:  0.0, Max: 0, Diff: 0, Sum: 0, Workers: 4
[40.136s][debug][gc,phases      ] GC(99)   StringDedup Requests0 Weak     Min:  0.0, Avg:  0.0, Max:  0.0, Diff:  0.0, Sum:  0.0, Workers: 4
[40.136s][debug][gc,phases      ] GC(99)     Dead                           Min: 0, Avg:  0.0, Max: 0, Diff: 0, Sum: 0, Workers: 4
[40.136s][debug][gc,phases      ] GC(99)     Total                          Min: 0, Avg:  0.0, Max: 0, Diff: 0, Sum: 0, Workers: 4
[40.136s][debug][gc,phases      ] GC(99)   StringDedup Requests1 Weak     Min:  0.0, Avg:  0.0, Max:  0.0, Diff:  0.0, Sum:  0.0, Workers: 4
[40.136s][debug][gc,phases      ] GC(99)     Dead                           Min: 0, Avg:  0.0, Max: 0, Diff: 0, Sum: 0, Workers: 4
[40.136s][debug][gc,phases      ] GC(99)     Total                          Min: 0, Avg:  0.0, Max: 0, Diff: 0, Sum: 0, Workers: 4
[40.136s][debug][gc,phases      ] GC(99)   Weak JFR Old Object Samples    Min:  0.0, Avg:  0.0, Max:  0.0, Diff:  0.0, Sum:  0.0, Workers: 4
[40.136s][debug][gc,phases      ] GC(99)     Dead                           Min: 0, Avg:  0.0, Max: 0, Diff: 0, Sum: 0, Workers: 4
[40.136s][debug][gc,phases      ] GC(99)     Total                          Min: 0, Avg:  0.0, Max: 0, Diff: 0, Sum: 0, Workers: 4
[40.136s][debug][gc,phases      ] GC(99) Weak Processing 0.344ms
[40.136s][debug][gc,phases      ] GC(99) ClassLoaderData 0.079ms
[40.136s][debug][gc,phases      ] GC(99) Trigger cleanups 0.000ms
[40.147s][debug][gc,phases      ] GC(99) Class Unloading 11.423ms
[40.148s][info ][gc,phases      ] GC(99) Marking Phase 214.381ms
[40.148s][info ][gc,phases,start] GC(99) Summary Phase
[40.148s][info ][gc,phases      ] GC(99) Summary Phase 0.025ms
[40.148s][info ][gc,phases,start] GC(99) Adjust Roots
[40.157s][info ][gc,phases      ] GC(99) Adjust Roots 9.822ms
[40.157s][info ][gc,phases,start] GC(99) Compaction Phase
[40.566s][info ][gc,phases      ] GC(99) Compaction Phase 408.136ms
[40.566s][info ][gc,phases,start] GC(99) Post Compact
[40.568s][info ][gc,phases      ] GC(99) Post Compact 2.344ms
[40.568s][info ][gc,heap        ] GC(99) PSYoungGen: 108256K(1893376K)->0K(1908736K) Eden: 0K(1698304K)->0K(1720320K) From: 108256K(195072K)->0K(188416K)
[40.568s][info ][gc,heap        ] GC(99) ParOldGen: 686276K(694784K)->553190K(650752K)
[40.568s][info ][gc,metaspace   ] GC(99) Metaspace: 69341K(70144K)->69341K(70144K) NonClass: 59333K(59776K)->59333K(59776K) Class: 10008K(10368K)->10008K(10368K)
[40.568s][info ][gc             ] GC(99) Pause Full (Ergonomics) 775M->540M(2499M) 635.084ms
[40.568s][info ][gc,cpu         ] GC(99) User=2.47s Sys=0.00s Real=0.64s
[40.593s][info ][safepoint      ] Safepoint "ParallelGCFailedAllocation", Time since last: 298596906 ns, Reaching safepoint: 141604 ns, At safepoint: 698846902 ns, Total: 698988506 ns
[40.893s][info ][gc,start       ] GC(100) Pause Young (Allocation Failure)
[40.895s][debug][gc,phases      ] GC(100) Scavenge 1.929ms
[40.895s][debug][gc,ref         ] GC(100) Skipped phase 1 of Reference Processing: no references
[40.895s][debug][gc,ref         ] GC(100) Skipped phase 2 of Reference Processing: no references
[40.895s][debug][gc,ref         ] GC(100) Skipped phase 3 of Reference Processing: no references
[40.895s][debug][gc,ref         ] GC(100) Skipped phase 4 of Reference Processing: no references
[40.895s][debug][gc,phases      ] GC(100) Reference Processing 0.025ms
[40.895s][debug][gc,phases      ] GC(100)   VM Weak                        Min:  0.0, Avg:  0.0, Max:  0.0, Diff:  0.0, Sum:  0.0, Workers: 4
[40.895s][debug][gc,phases      ] GC(100)     Dead                           Min: 0, Avg:  0.0, Max: 0, Diff: 0, Sum: 0, Workers: 4
[40.895s][debug][gc,phases      ] GC(100)     Total                          Min: 0, Avg: 145.2, Max: 384, Diff: 384, Sum: 581, Workers: 4
[40.895s][debug][gc,phases      ] GC(100)   ObjectSynchronizer Weak        Min:  0.0, Avg:  0.0, Max:  0.0, Diff:  0.0, Sum:  0.0, Workers: 4
[40.895s][debug][gc,phases      ] GC(100)     Dead                           Min: 0, Avg:  0.0, Max: 0, Diff: 0, Sum: 0, Workers: 4
[40.895s][debug][gc,phases      ] GC(100)     Total                          Min: 0, Avg: 113.0, Max: 256, Diff: 256, Sum: 452, Workers: 4
[40.895s][debug][gc,phases      ] GC(100)   JVMTI Tag Weak OopStorage      Min:  0.0, Avg:  0.0, Max:  0.0, Diff:  0.0, Sum:  0.0, Workers: 4
[40.895s][debug][gc,phases      ] GC(100)     Dead                           Min: 0, Avg:  0.0, Max: 0, Diff: 0, Sum: 0, Workers: 4
[40.895s][debug][gc,phases      ] GC(100)     Total                          Min: 0, Avg:  0.0, Max: 0, Diff: 0, Sum: 0, Workers: 4
[40.896s][debug][gc,phases      ] GC(100)   StringTable Weak               Min:  0.1, Avg:  0.1, Max:  0.1, Diff:  0.0, Sum:  0.4, Workers: 4
[40.896s][debug][gc,phases      ] GC(100)     Dead                           Min: 0, Avg:  2.8, Max: 11, Diff: 11, Sum: 11, Workers: 4
[40.896s][debug][gc,phases      ] GC(100)     Total                          Min: 10368, Avg: 10695.5, Max: 11200, Diff: 832, Sum: 42782, Workers: 4
[40.896s][debug][gc,phases      ] GC(100)   ResolvedMethodTable Weak       Min:  0.0, Avg:  0.0, Max:  0.0, Diff:  0.0, Sum:  0.1, Workers: 4
[40.896s][debug][gc,phases      ] GC(100)     Dead                           Min: 0, Avg:  0.0, Max: 0, Diff: 0, Sum: 0, Workers: 4
[40.896s][debug][gc,phases      ] GC(100)     Total                          Min: 1744, Avg: 1844.0, Max: 1984, Diff: 240, Sum: 7376, Workers: 4
[40.896s][debug][gc,phases      ] GC(100)   JNI Weak                       Min:  0.0, Avg:  0.0, Max:  0.0, Diff:  0.0, Sum:  0.0, Workers: 4
[40.896s][debug][gc,phases      ] GC(100)     Dead                           Min: 0, Avg:  0.0, Max: 0, Diff: 0, Sum: 0, Workers: 4
[40.896s][debug][gc,phases      ] GC(100)     Total                          Min: 0, Avg:  0.0, Max: 0, Diff: 0, Sum: 0, Workers: 4
[40.896s][debug][gc,phases      ] GC(100)   StringDedup Table Weak         Min:  0.0, Avg:  0.0, Max:  0.0, Diff:  0.0, Sum:  0.0, Workers: 4
[40.896s][debug][gc,phases      ] GC(100)     Dead                           Min: 0, Avg:  0.0, Max: 0, Diff: 0, Sum: 0, Workers: 4
[40.896s][debug][gc,phases      ] GC(100)     Total                          Min: 0, Avg:  0.0, Max: 0, Diff: 0, Sum: 0, Workers: 4
[40.896s][debug][gc,phases      ] GC(100)   StringDedup Requests0 Weak     Min:  0.0, Avg:  0.0, Max:  0.0, Diff:  0.0, Sum:  0.0, Workers: 4
[40.896s][debug][gc,phases      ] GC(100)     Dead                           Min: 0, Avg:  0.0, Max: 0, Diff: 0, Sum: 0, Workers: 4
[40.896s][debug][gc,phases      ] GC(100)     Total                          Min: 0, Avg:  0.0, Max: 0, Diff: 0, Sum: 0, Workers: 4
[40.896s][debug][gc,phases      ] GC(100)   StringDedup Requests1 Weak     Min:  0.0, Avg:  0.0, Max:  0.0, Diff:  0.0, Sum:  0.0, Workers: 4
[40.896s][debug][gc,phases      ] GC(100)     Dead                           Min: 0, Avg:  0.0, Max: 0, Diff: 0, Sum: 0, Workers: 4
[40.896s][debug][gc,phases      ] GC(100)     Total                          Min: 0, Avg:  0.0, Max: 0, Diff: 0, Sum: 0, Workers: 4
[40.896s][debug][gc,phases      ] GC(100)   Weak JFR Old Object Samples    Min:  0.0, Avg:  0.0, Max:  0.0, Diff:  0.0, Sum:  0.0, Workers: 4
[40.896s][debug][gc,phases      ] GC(100)     Dead                           Min: 0, Avg:  0.0, Max: 0, Diff: 0, Sum: 0, Workers: 4
[40.896s][debug][gc,phases      ] GC(100)     Total                          Min: 0, Avg:  0.0, Max: 0, Diff: 0, Sum: 0, Workers: 4
[40.896s][debug][gc,phases      ] GC(100) Weak Processing 0.306ms
[40.896s][debug][gc,age         ] GC(100) Desired survivor size 204472320 bytes, new threshold 15 (max threshold 15)
[40.896s][info ][gc,heap        ] GC(100) PSYoungGen: 1720320K(1908736K)->2454K(1722880K) Eden: 1720320K(1720320K)->0K(1720320K) From: 0K(188416K)->2454K(2560K)
[40.896s][info ][gc,heap        ] GC(100) ParOldGen: 553190K(650752K)->553190K(650752K)
[40.896s][info ][gc,metaspace   ] GC(100) Metaspace: 69342K(70144K)->69342K(70144K) NonClass: 59334K(59776K)->59334K(59776K) Class: 10008K(10368K)->10008K(10368K)
[40.896s][info ][gc             ] GC(100) Pause Young (Allocation Failure) 2220M->542M(2318M) 2.396ms
[40.896s][info ][gc,cpu         ] GC(100) User=0.01s Sys=0.00s Real=0.01s
[40.896s][info ][safepoint      ] Safepoint "ParallelGCFailedAllocation", Time since last: 299584231 ns, Reaching safepoint: 139703 ns, At safepoint: 2489264 ns, Total: 2628967 ns
[41.215s][info ][gc,start       ] GC(101) Pause Young (Allocation Failure)
[41.221s][debug][gc,phases      ] GC(101) Scavenge 5.071ms
[41.221s][debug][gc,ref         ] GC(101) Skipped phase 1 of Reference Processing: no references
[41.221s][debug][gc,ref         ] GC(101) Skipped phase 2 of Reference Processing: no references
[41.221s][debug][gc,ref         ] GC(101) Skipped phase 3 of Reference Processing: no references
[41.221s][debug][gc,ref         ] GC(101) Skipped phase 4 of Reference Processing: no references
[41.221s][debug][gc,phases      ] GC(101) Reference Processing 0.026ms
[41.221s][debug][gc,phases      ] GC(101)   VM Weak                        Min:  0.0, Avg:  0.0, Max:  0.0, Diff:  0.0, Sum:  0.0, Workers: 4
[41.221s][debug][gc,phases      ] GC(101)     Dead                           Min: 0, Avg:  0.0, Max: 0, Diff: 0, Sum: 0, Workers: 4
[41.221s][debug][gc,phases      ] GC(101)     Total                          Min: 0, Avg: 145.2, Max: 512, Diff: 512, Sum: 581, Workers: 4
[41.221s][debug][gc,phases      ] GC(101)   ObjectSynchronizer Weak        Min:  0.0, Avg:  0.0, Max:  0.0, Diff:  0.0, Sum:  0.0, Workers: 4
[41.221s][debug][gc,phases      ] GC(101)     Dead                           Min: 0, Avg:  0.0, Max: 0, Diff: 0, Sum: 0, Workers: 4
[41.221s][debug][gc,phases      ] GC(101)     Total                          Min: 0, Avg: 113.0, Max: 256, Diff: 256, Sum: 452, Workers: 4
[41.221s][debug][gc,phases      ] GC(101)   JVMTI Tag Weak OopStorage      Min:  0.0, Avg:  0.0, Max:  0.0, Diff:  0.0, Sum:  0.0, Workers: 4
[41.221s][debug][gc,phases      ] GC(101)     Dead                           Min: 0, Avg:  0.0, Max: 0, Diff: 0, Sum: 0, Workers: 4
[41.221s][debug][gc,phases      ] GC(101)     Total                          Min: 0, Avg:  0.0, Max: 0, Diff: 0, Sum: 0, Workers: 4
[41.221s][debug][gc,phases      ] GC(101)   StringTable Weak               Min:  0.1, Avg:  0.1, Max:  0.1, Diff:  0.0, Sum:  0.4, Workers: 4
[41.221s][debug][gc,phases      ] GC(101)     Dead                           Min: 0, Avg:  2.8, Max: 11, Diff: 11, Sum: 11, Workers: 4
[41.221s][debug][gc,phases      ] GC(101)     Total                          Min: 10560, Avg: 10695.5, Max: 10944, Diff: 384, Sum: 42782, Workers: 4
[41.221s][debug][gc,phases      ] GC(101)   ResolvedMethodTable Weak       Min:  0.0, Avg:  0.0, Max:  0.0, Diff:  0.0, Sum:  0.1, Workers: 4
[41.221s][debug][gc,phases      ] GC(101)     Dead                           Min: 0, Avg:  0.0, Max: 0, Diff: 0, Sum: 0, Workers: 4
[41.221s][debug][gc,phases      ] GC(101)     Total                          Min: 1600, Avg: 1844.0, Max: 1984, Diff: 384, Sum: 7376, Workers: 4
[41.221s][debug][gc,phases      ] GC(101)   JNI Weak                       Min:  0.0, Avg:  0.0, Max:  0.0, Diff:  0.0, Sum:  0.0, Workers: 4
[41.221s][debug][gc,phases      ] GC(101)     Dead                           Min: 0, Avg:  0.0, Max: 0, Diff: 0, Sum: 0, Workers: 4
[41.221s][debug][gc,phases      ] GC(101)     Total                          Min: 0, Avg:  0.2, Max: 1, Diff: 1, Sum: 1, Workers: 4
[41.221s][debug][gc,phases      ] GC(101)   StringDedup Table Weak         Min:  0.0, Avg:  0.0, Max:  0.0, Diff:  0.0, Sum:  0.0, Workers: 4
[41.221s][debug][gc,phases      ] GC(101)     Dead                           Min: 0, Avg:  0.0, Max: 0, Diff: 0, Sum: 0, Workers: 4
[41.221s][debug][gc,phases      ] GC(101)     Total                          Min: 0, Avg:  0.0, Max: 0, Diff: 0, Sum: 0, Workers: 4
[41.221s][debug][gc,phases      ] GC(101)   StringDedup Requests0 Weak     Min:  0.0, Avg:  0.0, Max:  0.0, Diff:  0.0, Sum:  0.0, Workers: 4
[41.221s][debug][gc,phases      ] GC(101)     Dead                           Min: 0, Avg:  0.0, Max: 0, Diff: 0, Sum: 0, Workers: 4
[41.221s][debug][gc,phases      ] GC(101)     Total                          Min: 0, Avg:  0.0, Max: 0, Diff: 0, Sum: 0, Workers: 4
[41.221s][debug][gc,phases      ] GC(101)   StringDedup Requests1 Weak     Min:  0.0, Avg:  0.0, Max:  0.0, Diff:  0.0, Sum:  0.0, Workers: 4
[41.221s][debug][gc,phases      ] GC(101)     Dead                           Min: 0, Avg:  0.0, Max: 0, Diff: 0, Sum: 0, Workers: 4
[41.221s][debug][gc,phases      ] GC(101)     Total                          Min: 0, Avg:  0.0, Max: 0, Diff: 0, Sum: 0, Workers: 4
[41.221s][debug][gc,phases      ] GC(101)   Weak JFR Old Object Samples    Min:  0.0, Avg:  0.0, Max:  0.0, Diff:  0.0, Sum:  0.0, Workers: 4
[41.221s][debug][gc,phases      ] GC(101)     Dead                           Min: 0, Avg:  0.0, Max: 0, Diff: 0, Sum: 0, Workers: 4
[41.221s][debug][gc,phases      ] GC(101)     Total                          Min: 0, Avg:  0.0, Max: 0, Diff: 0, Sum: 0, Workers: 4
[41.221s][debug][gc,phases      ] GC(101) Weak Processing 0.318ms
[41.221s][debug][gc,age         ] GC(101) Desired survivor size 210239488 bytes, new threshold 15 (max threshold 15)
[41.221s][info ][gc,heap        ] GC(101) PSYoungGen: 1722774K(1722880K)->15328K(1886208K) Eden: 1720320K(1720320K)->0K(1686528K) From: 2454K(2560K)->15328K(199680K)
[41.221s][info ][gc,heap        ] GC(101) ParOldGen: 553190K(650752K)->553190K(650752K)
[41.221s][info ][gc,metaspace   ] GC(101) Metaspace: 69343K(70144K)->69343K(70144K) NonClass: 59335K(59776K)->59335K(59776K) Class: 10008K(10368K)->10008K(10368K)
[41.221s][info ][gc             ] GC(101) Pause Young (Allocation Failure) 2222M->555M(2477M) 5.544ms
[41.221s][info ][gc,cpu         ] GC(101) User=0.02s Sys=0.00s Real=0.00s
[41.221s][info ][safepoint      ] Safepoint "ParallelGCFailedAllocation", Time since last: 319567440 ns, Reaching safepoint: 140003 ns, At safepoint: 5655644 ns, Total: 5795647 ns
[41.579s][info ][gc,start       ] GC(102) Pause Young (Allocation Failure)
[41.590s][debug][gc,phases      ] GC(102) Scavenge 11.152ms
[41.590s][debug][gc,ref         ] GC(102) Skipped phase 1 of Reference Processing: no references
[41.590s][debug][gc,ref         ] GC(102) ReferenceProcessor::execute queues: 1, RefProcThreadModel::Single, marks_oops_alive: false
[41.590s][debug][gc,ref         ] GC(102) Skipped phase 3 of Reference Processing: no references
[41.590s][debug][gc,ref         ] GC(102) Skipped phase 4 of Reference Processing: no references
[41.590s][debug][gc,phases      ] GC(102) Reference Processing 0.115ms
[41.590s][debug][gc,phases      ] GC(102)   VM Weak                        Min:  0.0, Avg:  0.0, Max:  0.0, Diff:  0.0, Sum:  0.0, Workers: 4
[41.590s][debug][gc,phases      ] GC(102)     Dead                           Min: 0, Avg:  0.0, Max: 0, Diff: 0, Sum: 0, Workers: 4
[41.590s][debug][gc,phases      ] GC(102)     Total                          Min: 0, Avg: 145.2, Max: 453, Diff: 453, Sum: 581, Workers: 4
[41.591s][debug][gc,phases      ] GC(102)   ObjectSynchronizer Weak        Min:  0.0, Avg:  0.0, Max:  0.0, Diff:  0.0, Sum:  0.0, Workers: 4
[41.591s][debug][gc,phases      ] GC(102)     Dead                           Min: 0, Avg:  0.0, Max: 0, Diff: 0, Sum: 0, Workers: 4
[41.591s][debug][gc,phases      ] GC(102)     Total                          Min: 0, Avg: 113.0, Max: 256, Diff: 256, Sum: 452, Workers: 4
[41.591s][debug][gc,phases      ] GC(102)   JVMTI Tag Weak OopStorage      Min:  0.0, Avg:  0.0, Max:  0.0, Diff:  0.0, Sum:  0.0, Workers: 4
[41.591s][debug][gc,phases      ] GC(102)     Dead                           Min: 0, Avg:  0.0, Max: 0, Diff: 0, Sum: 0, Workers: 4
[41.591s][debug][gc,phases      ] GC(102)     Total                          Min: 0, Avg:  0.0, Max: 0, Diff: 0, Sum: 0, Workers: 4
[41.591s][debug][gc,phases      ] GC(102)   StringTable Weak               Min:  0.1, Avg:  0.1, Max:  0.1, Diff:  0.0, Sum:  0.4, Workers: 4
[41.591s][debug][gc,phases      ] GC(102)     Dead                           Min: 0, Avg:  2.8, Max: 11, Diff: 11, Sum: 11, Workers: 4
[41.591s][debug][gc,phases      ] GC(102)     Total                          Min: 10240, Avg: 10695.5, Max: 11294, Diff: 1054, Sum: 42782, Workers: 4
[41.591s][debug][gc,phases      ] GC(102)   ResolvedMethodTable Weak       Min:  0.0, Avg:  0.0, Max:  0.0, Diff:  0.0, Sum:  0.1, Workers: 4
[41.591s][debug][gc,phases      ] GC(102)     Dead                           Min: 0, Avg:  0.0, Max: 0, Diff: 0, Sum: 0, Workers: 4
[41.591s][debug][gc,phases      ] GC(102)     Total                          Min: 1664, Avg: 1844.0, Max: 2000, Diff: 336, Sum: 7376, Workers: 4
[41.591s][debug][gc,phases      ] GC(102)   JNI Weak                       Min:  0.0, Avg:  0.0, Max:  0.0, Diff:  0.0, Sum:  0.0, Workers: 4
[41.591s][debug][gc,phases      ] GC(102)     Dead                           Min: 0, Avg:  0.0, Max: 0, Diff: 0, Sum: 0, Workers: 4
[41.591s][debug][gc,phases      ] GC(102)     Total                          Min: 0, Avg:  1.0, Max: 4, Diff: 4, Sum: 4, Workers: 4
[41.591s][debug][gc,phases      ] GC(102)   StringDedup Table Weak         Min:  0.0, Avg:  0.0, Max:  0.0, Diff:  0.0, Sum:  0.0, Workers: 4
[41.591s][debug][gc,phases      ] GC(102)     Dead                           Min: 0, Avg:  0.0, Max: 0, Diff: 0, Sum: 0, Workers: 4
[41.591s][debug][gc,phases      ] GC(102)     Total                          Min: 0, Avg:  0.0, Max: 0, Diff: 0, Sum: 0, Workers: 4
[41.591s][debug][gc,phases      ] GC(102)   StringDedup Requests0 Weak     Min:  0.0, Avg:  0.0, Max:  0.0, Diff:  0.0, Sum:  0.0, Workers: 4
[41.591s][debug][gc,phases      ] GC(102)     Dead                           Min: 0, Avg:  0.0, Max: 0, Diff: 0, Sum: 0, Workers: 4
[41.591s][debug][gc,phases      ] GC(102)     Total                          Min: 0, Avg:  0.0, Max: 0, Diff: 0, Sum: 0, Workers: 4
[41.591s][debug][gc,phases      ] GC(102)   StringDedup Requests1 Weak     Min:  0.0, Avg:  0.0, Max:  0.0, Diff:  0.0, Sum:  0.0, Workers: 4
[41.591s][debug][gc,phases      ] GC(102)     Dead                           Min: 0, Avg:  0.0, Max: 0, Diff: 0, Sum: 0, Workers: 4
[41.591s][debug][gc,phases      ] GC(102)     Total                          Min: 0, Avg:  0.0, Max: 0, Diff: 0, Sum: 0, Workers: 4
[41.591s][debug][gc,phases      ] GC(102)   Weak JFR Old Object Samples    Min:  0.0, Avg:  0.0, Max:  0.0, Diff:  0.0, Sum:  0.0, Workers: 4
[41.591s][debug][gc,phases      ] GC(102)     Dead                           Min: 0, Avg:  0.0, Max: 0, Diff: 0, Sum: 0, Workers: 4
[41.591s][debug][gc,phases      ] GC(102)     Total                          Min: 0, Avg:  0.0, Max: 0, Diff: 0, Sum: 0, Workers: 4
[41.591s][debug][gc,phases      ] GC(102) Weak Processing 0.329ms
[41.591s][debug][gc,age         ] GC(102) Desired survivor size 209190912 bytes, new threshold 15 (max threshold 15)
[41.591s][info ][gc,heap        ] GC(102) PSYoungGen: 1701856K(1886208K)->34840K(1891840K) Eden: 1686528K(1686528K)->0K(1686528K) From: 15328K(199680K)->34840K(205312K)
[41.591s][info ][gc,heap        ] GC(102) ParOldGen: 553190K(650752K)->553190K(650752K)
[41.591s][info ][gc,metaspace   ] GC(102) Metaspace: 69344K(70144K)->69344K(70144K) NonClass: 59336K(59776K)->59336K(59776K) Class: 10008K(10368K)->10008K(10368K)
[41.591s][info ][gc             ] GC(102) Pause Young (Allocation Failure) 2202M->574M(2483M) 11.740ms
[41.591s][info ][gc,cpu         ] GC(102) User=0.05s Sys=0.00s Real=0.01s
[41.591s][info ][safepoint      ] Safepoint "ParallelGCFailedAllocation", Time since last: 357542808 ns, Reaching safepoint: 284307 ns, At safepoint: 11860102 ns, Total: 12144409 ns
[41.956s][info ][gc,start       ] GC(103) Pause Young (Allocation Failure)
[41.969s][debug][gc,phases      ] GC(103) Scavenge 12.241ms
[41.969s][debug][gc,ref         ] GC(103) Skipped phase 1 of Reference Processing: no references
[41.969s][debug][gc,ref         ] GC(103) ReferenceProcessor::execute queues: 1, RefProcThreadModel::Single, marks_oops_alive: false
[41.969s][debug][gc,ref         ] GC(103) Skipped phase 3 of Reference Processing: no references
[41.969s][debug][gc,ref         ] GC(103) Skipped phase 4 of Reference Processing: no references
[41.969s][debug][gc,phases      ] GC(103) Reference Processing 0.123ms
[41.969s][debug][gc,phases      ] GC(103)   VM Weak                        Min:  0.0, Avg:  0.0, Max:  0.0, Diff:  0.0, Sum:  0.0, Workers: 4
[41.969s][debug][gc,phases      ] GC(103)     Dead                           Min: 0, Avg:  0.0, Max: 0, Diff: 0, Sum: 0, Workers: 4
[41.969s][debug][gc,phases      ] GC(103)     Total                          Min: 0, Avg: 145.2, Max: 581, Diff: 581, Sum: 581, Workers: 4
[41.969s][debug][gc,phases      ] GC(103)   ObjectSynchronizer Weak        Min:  0.0, Avg:  0.0, Max:  0.0, Diff:  0.0, Sum:  0.0, Workers: 4
[41.969s][debug][gc,phases      ] GC(103)     Dead                           Min: 0, Avg:  0.0, Max: 0, Diff: 0, Sum: 0, Workers: 4
[41.969s][debug][gc,phases      ] GC(103)     Total                          Min: 0, Avg: 113.0, Max: 384, Diff: 384, Sum: 452, Workers: 4
[41.969s][debug][gc,phases      ] GC(103)   JVMTI Tag Weak OopStorage      Min:  0.0, Avg:  0.0, Max:  0.0, Diff:  0.0, Sum:  0.0, Workers: 4
[41.969s][debug][gc,phases      ] GC(103)     Dead                           Min: 0, Avg:  0.0, Max: 0, Diff: 0, Sum: 0, Workers: 4
[41.969s][debug][gc,phases      ] GC(103)     Total                          Min: 0, Avg:  0.0, Max: 0, Diff: 0, Sum: 0, Workers: 4
[41.969s][debug][gc,phases      ] GC(103)   StringTable Weak               Min:  0.1, Avg:  0.1, Max:  0.1, Diff:  0.0, Sum:  0.4, Workers: 4
[41.969s][debug][gc,phases      ] GC(103)     Dead                           Min: 0, Avg:  0.0, Max: 0, Diff: 0, Sum: 0, Workers: 4
[41.969s][debug][gc,phases      ] GC(103)     Total                          Min: 9712, Avg: 10700.0, Max: 11520, Diff: 1808, Sum: 42800, Workers: 4
[41.969s][debug][gc,phases      ] GC(103)   ResolvedMethodTable Weak       Min:  0.0, Avg:  0.0, Max:  0.0, Diff:  0.0, Sum:  0.1, Workers: 4
[41.969s][debug][gc,phases      ] GC(103)     Dead                           Min: 0, Avg:  0.0, Max: 0, Diff: 0, Sum: 0, Workers: 4
[41.969s][debug][gc,phases      ] GC(103)     Total                          Min: 1680, Avg: 1844.0, Max: 1984, Diff: 304, Sum: 7376, Workers: 4
[41.969s][debug][gc,phases      ] GC(103)   JNI Weak                       Min:  0.0, Avg:  0.0, Max:  0.0, Diff:  0.0, Sum:  0.0, Workers: 4
[41.969s][debug][gc,phases      ] GC(103)     Dead                           Min: 0, Avg:  0.0, Max: 0, Diff: 0, Sum: 0, Workers: 4
[41.969s][debug][gc,phases      ] GC(103)     Total                          Min: 0, Avg:  0.0, Max: 0, Diff: 0, Sum: 0, Workers: 4
[41.969s][debug][gc,phases      ] GC(103)   StringDedup Table Weak         Min:  0.0, Avg:  0.0, Max:  0.0, Diff:  0.0, Sum:  0.0, Workers: 4
[41.969s][debug][gc,phases      ] GC(103)     Dead                           Min: 0, Avg:  0.0, Max: 0, Diff: 0, Sum: 0, Workers: 4
[41.969s][debug][gc,phases      ] GC(103)     Total                          Min: 0, Avg:  0.0, Max: 0, Diff: 0, Sum: 0, Workers: 4
[41.969s][debug][gc,phases      ] GC(103)   StringDedup Requests0 Weak     Min:  0.0, Avg:  0.0, Max:  0.0, Diff:  0.0, Sum:  0.0, Workers: 4
[41.969s][debug][gc,phases      ] GC(103)     Dead                           Min: 0, Avg:  0.0, Max: 0, Diff: 0, Sum: 0, Workers: 4
[41.969s][debug][gc,phases      ] GC(103)     Total                          Min: 0, Avg:  0.0, Max: 0, Diff: 0, Sum: 0, Workers: 4
[41.969s][debug][gc,phases      ] GC(103)   StringDedup Requests1 Weak     Min:  0.0, Avg:  0.0, Max:  0.0, Diff:  0.0, Sum:  0.0, Workers: 4
[41.969s][debug][gc,phases      ] GC(103)     Dead                           Min: 0, Avg:  0.0, Max: 0, Diff: 0, Sum: 0, Workers: 4
[41.969s][debug][gc,phases      ] GC(103)     Total                          Min: 0, Avg:  0.0, Max: 0, Diff: 0, Sum: 0, Workers: 4
[41.969s][debug][gc,phases      ] GC(103)   Weak JFR Old Object Samples    Min:  0.0, Avg:  0.0, Max:  0.0, Diff:  0.0, Sum:  0.0, Workers: 4
[41.969s][debug][gc,phases      ] GC(103)     Dead                           Min: 0, Avg:  0.0, Max: 0, Diff: 0, Sum: 0, Workers: 4
[41.969s][debug][gc,phases      ] GC(103)     Total                          Min: 0, Avg:  0.0, Max: 0, Diff: 0, Sum: 0, Workers: 4
[41.969s][debug][gc,phases      ] GC(103) Weak Processing 0.323ms
[41.969s][debug][gc,age         ] GC(103) Desired survivor size 204996608 bytes, new threshold 15 (max threshold 15)
[41.969s][info ][gc,heap        ] GC(103) PSYoungGen: 1721368K(1891840K)->44096K(1896960K) Eden: 1686528K(1686528K)->0K(1692672K) From: 34840K(205312K)->44096K(204288K)
[41.969s][info ][gc,heap        ] GC(103) ParOldGen: 553190K(650752K)->553198K(650752K)
[41.969s][info ][gc,metaspace   ] GC(103) Metaspace: 69347K(70144K)->69347K(70144K) NonClass: 59338K(59776K)->59338K(59776K) Class: 10008K(10368K)->10008K(10368K)
[41.969s][info ][gc             ] GC(103) Pause Young (Allocation Failure) 2221M->583M(2488M) 12.849ms
[41.969s][info ][gc,cpu         ] GC(103) User=0.05s Sys=0.00s Real=0.01s
[41.969s][info ][safepoint      ] Safepoint "ParallelGCFailedAllocation", Time since last: 365279805 ns, Reaching safepoint: 149504 ns, At safepoint: 12970130 ns, Total: 13119634 ns
[42.302s][info ][gc,start       ] GC(104) Pause Young (Allocation Failure)
[42.317s][debug][gc,phases      ] GC(104) Scavenge 14.295ms
[42.317s][debug][gc,ref         ] GC(104) Skipped phase 1 of Reference Processing: no references
[42.317s][debug][gc,ref         ] GC(104) ReferenceProcessor::execute queues: 1, RefProcThreadModel::Single, marks_oops_alive: false
[42.317s][debug][gc,ref         ] GC(104) Skipped phase 3 of Reference Processing: no references
[42.317s][debug][gc,ref         ] GC(104) Skipped phase 4 of Reference Processing: no references
[42.317s][debug][gc,phases      ] GC(104) Reference Processing 0.137ms
[42.317s][debug][gc,phases      ] GC(104)   VM Weak                        Min:  0.0, Avg:  0.0, Max:  0.0, Diff:  0.0, Sum:  0.0, Workers: 4
[42.317s][debug][gc,phases      ] GC(104)     Dead                           Min: 0, Avg:  0.0, Max: 0, Diff: 0, Sum: 0, Workers: 4
[42.317s][debug][gc,phases      ] GC(104)     Total                          Min: 0, Avg: 145.2, Max: 581, Diff: 581, Sum: 581, Workers: 4
[42.317s][debug][gc,phases      ] GC(104)   ObjectSynchronizer Weak        Min:  0.0, Avg:  0.0, Max:  0.0, Diff:  0.0, Sum:  0.0, Workers: 4
[42.317s][debug][gc,phases      ] GC(104)     Dead                           Min: 0, Avg:  0.0, Max: 0, Diff: 0, Sum: 0, Workers: 4
[42.317s][debug][gc,phases      ] GC(104)     Total                          Min: 0, Avg: 113.0, Max: 452, Diff: 452, Sum: 452, Workers: 4
[42.317s][debug][gc,phases      ] GC(104)   JVMTI Tag Weak OopStorage      Min:  0.0, Avg:  0.0, Max:  0.0, Diff:  0.0, Sum:  0.0, Workers: 4
[42.317s][debug][gc,phases      ] GC(104)     Dead                           Min: 0, Avg:  0.0, Max: 0, Diff: 0, Sum: 0, Workers: 4
[42.317s][debug][gc,phases      ] GC(104)     Total                          Min: 0, Avg:  0.0, Max: 0, Diff: 0, Sum: 0, Workers: 4
[42.317s][debug][gc,phases      ] GC(104)   StringTable Weak               Min:  0.1, Avg:  0.1, Max:  0.1, Diff:  0.0, Sum:  0.4, Workers: 4
[42.317s][debug][gc,phases      ] GC(104)     Dead                           Min: 0, Avg:  2.8, Max: 11, Diff: 11, Sum: 11, Workers: 4
[42.317s][debug][gc,phases      ] GC(104)     Total                          Min: 9792, Avg: 10716.5, Max: 11573, Diff: 1781, Sum: 42866, Workers: 4
[42.317s][debug][gc,phases      ] GC(104)   ResolvedMethodTable Weak       Min:  0.0, Avg:  0.0, Max:  0.0, Diff:  0.0, Sum:  0.1, Workers: 4
[42.317s][debug][gc,phases      ] GC(104)     Dead                           Min: 0, Avg:  0.0, Max: 0, Diff: 0, Sum: 0, Workers: 4
[42.317s][debug][gc,phases      ] GC(104)     Total                          Min: 1664, Avg: 1844.0, Max: 2176, Diff: 512, Sum: 7376, Workers: 4
[42.317s][debug][gc,phases      ] GC(104)   JNI Weak                       Min:  0.0, Avg:  0.0, Max:  0.0, Diff:  0.0, Sum:  0.0, Workers: 4
[42.317s][debug][gc,phases      ] GC(104)     Dead                           Min: 0, Avg:  0.0, Max: 0, Diff: 0, Sum: 0, Workers: 4
[42.317s][debug][gc,phases      ] GC(104)     Total                          Min: 0, Avg:  0.0, Max: 0, Diff: 0, Sum: 0, Workers: 4
[42.317s][debug][gc,phases      ] GC(104)   StringDedup Table Weak         Min:  0.0, Avg:  0.0, Max:  0.0, Diff:  0.0, Sum:  0.0, Workers: 4
[42.317s][debug][gc,phases      ] GC(104)     Dead                           Min: 0, Avg:  0.0, Max: 0, Diff: 0, Sum: 0, Workers: 4
[42.317s][debug][gc,phases      ] GC(104)     Total                          Min: 0, Avg:  0.0, Max: 0, Diff: 0, Sum: 0, Workers: 4
[42.317s][debug][gc,phases      ] GC(104)   StringDedup Requests0 Weak     Min:  0.0, Avg:  0.0, Max:  0.0, Diff:  0.0, Sum:  0.0, Workers: 4
[42.317s][debug][gc,phases      ] GC(104)     Dead                           Min: 0, Avg:  0.0, Max: 0, Diff: 0, Sum: 0, Workers: 4
[42.317s][debug][gc,phases      ] GC(104)     Total                          Min: 0, Avg:  0.0, Max: 0, Diff: 0, Sum: 0, Workers: 4
[42.317s][debug][gc,phases      ] GC(104)   StringDedup Requests1 Weak     Min:  0.0, Avg:  0.0, Max:  0.0, Diff:  0.0, Sum:  0.0, Workers: 4
[42.317s][debug][gc,phases      ] GC(104)     Dead                           Min: 0, Avg:  0.0, Max: 0, Diff: 0, Sum: 0, Workers: 4
[42.317s][debug][gc,phases      ] GC(104)     Total                          Min: 0, Avg:  0.0, Max: 0, Diff: 0, Sum: 0, Workers: 4
[42.317s][debug][gc,phases      ] GC(104)   Weak JFR Old Object Samples    Min:  0.0, Avg:  0.0, Max:  0.0, Diff:  0.0, Sum:  0.0, Workers: 4
[42.317s][debug][gc,phases      ] GC(104)     Dead                           Min: 0, Avg:  0.0, Max: 0, Diff: 0, Sum: 0, Workers: 4
[42.317s][debug][gc,phases      ] GC(104)     Total                          Min: 0, Avg:  0.0, Max: 0, Diff: 0, Sum: 0, Workers: 4
[42.317s][debug][gc,phases      ] GC(104) Weak Processing 0.333ms
[42.317s][debug][gc,age         ] GC(104) Desired survivor size 198180864 bytes, new threshold 15 (max threshold 15)
[42.317s][info ][gc,heap        ] GC(104) PSYoungGen: 1736768K(1896960K)->55568K(1892864K) Eden: 1692672K(1692672K)->0K(1692672K) From: 44096K(204288K)->55568K(200192K)
[42.317s][info ][gc,heap        ] GC(104) ParOldGen: 553198K(650752K)->553198K(650752K)
[42.317s][info ][gc,metaspace   ] GC(104) Metaspace: 69349K(70144K)->69349K(70144K) NonClass: 59341K(59776K)->59341K(59776K) Class: 10008K(10368K)->10008K(10368K)
[42.317s][info ][gc             ] GC(104) Pause Young (Allocation Failure) 2236M->594M(2484M) 14.919ms
[42.317s][info ][gc,cpu         ] GC(104) User=0.06s Sys=0.00s Real=0.01s
[42.317s][info ][safepoint      ] Safepoint "ParallelGCFailedAllocation", Time since last: 329987905 ns, Reaching safepoint: 3228283 ns, At safepoint: 15052183 ns, Total: 18280466 ns
[42.698s][info ][gc,start       ] GC(105) Pause Young (Allocation Failure)
[42.718s][debug][gc,phases      ] GC(105) Scavenge 20.314ms
[42.718s][debug][gc,ref         ] GC(105) Skipped phase 1 of Reference Processing: no references
[42.718s][debug][gc,ref         ] GC(105) ReferenceProcessor::execute queues: 1, RefProcThreadModel::Single, marks_oops_alive: false
[42.718s][debug][gc,ref         ] GC(105) Skipped phase 3 of Reference Processing: no references
[42.718s][debug][gc,ref         ] GC(105) ReferenceProcessor::execute queues: 1, RefProcThreadModel::Single, marks_oops_alive: false
[42.718s][debug][gc,phases      ] GC(105) Reference Processing 0.166ms
[42.719s][debug][gc,phases      ] GC(105)   VM Weak                        Min:  0.0, Avg:  0.0, Max:  0.0, Diff:  0.0, Sum:  0.0, Workers: 4
[42.719s][debug][gc,phases      ] GC(105)     Dead                           Min: 0, Avg:  0.0, Max: 0, Diff: 0, Sum: 0, Workers: 4
[42.719s][debug][gc,phases      ] GC(105)     Total                          Min: 0, Avg: 145.2, Max: 517, Diff: 517, Sum: 581, Workers: 4
[42.719s][debug][gc,phases      ] GC(105)   ObjectSynchronizer Weak        Min:  0.0, Avg:  0.0, Max:  0.0, Diff:  0.0, Sum:  0.0, Workers: 4
[42.719s][debug][gc,phases      ] GC(105)     Dead                           Min: 0, Avg:  0.0, Max: 0, Diff: 0, Sum: 0, Workers: 4
[42.719s][debug][gc,phases      ] GC(105)     Total                          Min: 0, Avg: 113.0, Max: 196, Diff: 196, Sum: 452, Workers: 4
[42.719s][debug][gc,phases      ] GC(105)   JVMTI Tag Weak OopStorage      Min:  0.0, Avg:  0.0, Max:  0.0, Diff:  0.0, Sum:  0.0, Workers: 4
[42.719s][debug][gc,phases      ] GC(105)     Dead                           Min: 0, Avg:  0.0, Max: 0, Diff: 0, Sum: 0, Workers: 4
[42.719s][debug][gc,phases      ] GC(105)     Total                          Min: 0, Avg:  0.0, Max: 0, Diff: 0, Sum: 0, Workers: 4
[42.719s][debug][gc,phases      ] GC(105)   StringTable Weak               Min:  0.1, Avg:  0.1, Max:  0.1, Diff:  0.0, Sum:  0.4, Workers: 4
[42.719s][debug][gc,phases      ] GC(105)     Dead                           Min: 0, Avg:  3.0, Max: 11, Diff: 11, Sum: 12, Workers: 4
[42.719s][debug][gc,phases      ] GC(105)     Total                          Min: 10229, Avg: 10717.2, Max: 11328, Diff: 1099, Sum: 42869, Workers: 4
[42.719s][debug][gc,phases      ] GC(105)   ResolvedMethodTable Weak       Min:  0.0, Avg:  0.0, Max:  0.0, Diff:  0.0, Sum:  0.1, Workers: 4
[42.719s][debug][gc,phases      ] GC(105)     Dead                           Min: 0, Avg:  0.0, Max: 0, Diff: 0, Sum: 0, Workers: 4
[42.719s][debug][gc,phases      ] GC(105)     Total                          Min: 1664, Avg: 1845.5, Max: 2048, Diff: 384, Sum: 7382, Workers: 4
[42.719s][debug][gc,phases      ] GC(105)   JNI Weak                       Min:  0.0, Avg:  0.0, Max:  0.0, Diff:  0.0, Sum:  0.0, Workers: 4
[42.719s][debug][gc,phases      ] GC(105)     Dead                           Min: 0, Avg:  0.0, Max: 0, Diff: 0, Sum: 0, Workers: 4
[42.719s][debug][gc,phases      ] GC(105)     Total                          Min: 0, Avg:  0.5, Max: 2, Diff: 2, Sum: 2, Workers: 4
[42.719s][debug][gc,phases      ] GC(105)   StringDedup Table Weak         Min:  0.0, Avg:  0.0, Max:  0.0, Diff:  0.0, Sum:  0.0, Workers: 4
[42.719s][debug][gc,phases      ] GC(105)     Dead                           Min: 0, Avg:  0.0, Max: 0, Diff: 0, Sum: 0, Workers: 4
[42.719s][debug][gc,phases      ] GC(105)     Total                          Min: 0, Avg:  0.0, Max: 0, Diff: 0, Sum: 0, Workers: 4
[42.719s][debug][gc,phases      ] GC(105)   StringDedup Requests0 Weak     Min:  0.0, Avg:  0.0, Max:  0.0, Diff:  0.0, Sum:  0.0, Workers: 4
[42.719s][debug][gc,phases      ] GC(105)     Dead                           Min: 0, Avg:  0.0, Max: 0, Diff: 0, Sum: 0, Workers: 4
[42.719s][debug][gc,phases      ] GC(105)     Total                          Min: 0, Avg:  0.0, Max: 0, Diff: 0, Sum: 0, Workers: 4
[42.719s][debug][gc,phases      ] GC(105)   StringDedup Requests1 Weak     Min:  0.0, Avg:  0.0, Max:  0.0, Diff:  0.0, Sum:  0.0, Workers: 4
[42.719s][debug][gc,phases      ] GC(105)     Dead                           Min: 0, Avg:  0.0, Max: 0, Diff: 0, Sum: 0, Workers: 4
[42.719s][debug][gc,phases      ] GC(105)     Total                          Min: 0, Avg:  0.0, Max: 0, Diff: 0, Sum: 0, Workers: 4
[42.719s][debug][gc,phases      ] GC(105)   Weak JFR Old Object Samples    Min:  0.0, Avg:  0.0, Max:  0.0, Diff:  0.0, Sum:  0.0, Workers: 4
[42.719s][debug][gc,phases      ] GC(105)     Dead                           Min: 0, Avg:  0.0, Max: 0, Diff: 0, Sum: 0, Workers: 4
[42.719s][debug][gc,phases      ] GC(105)     Total                          Min: 0, Avg:  0.0, Max: 0, Diff: 0, Sum: 0, Workers: 4
[42.719s][debug][gc,phases      ] GC(105) Weak Processing 0.317ms
[42.719s][debug][gc,age         ] GC(105) Desired survivor size 188219392 bytes, new threshold 15 (max threshold 15)
[42.719s][info ][gc,heap        ] GC(105) PSYoungGen: 1748240K(1892864K)->71898K(1913344K) Eden: 1692672K(1692672K)->0K(1719808K) From: 55568K(200192K)->71898K(193536K)
[42.719s][info ][gc,heap        ] GC(105) ParOldGen: 553198K(650752K)->553206K(650752K)
[42.719s][info ][gc,metaspace   ] GC(105) Metaspace: 69360K(70144K)->69360K(70144K) NonClass: 59347K(59776K)->59347K(59776K) Class: 10012K(10368K)->10012K(10368K)
[42.719s][info ][gc             ] GC(105) Pause Young (Allocation Failure) 2247M->610M(2504M) 20.951ms
[42.719s][info ][gc,cpu         ] GC(105) User=0.09s Sys=0.00s Real=0.02s
[42.719s][info ][safepoint      ] Safepoint "ParallelGCFailedAllocation", Time since last: 380273587 ns, Reaching safepoint: 180304 ns, At safepoint: 21075437 ns, Total: 21255741 ns
[43.080s][info ][gc,start       ] GC(106) Pause Young (Allocation Failure)
[43.098s][debug][gc,phases      ] GC(106) Scavenge 18.286ms
[43.098s][debug][gc,ref         ] GC(106) Skipped phase 1 of Reference Processing: no references
[43.098s][debug][gc,ref         ] GC(106) ReferenceProcessor::execute queues: 1, RefProcThreadModel::Single, marks_oops_alive: false
[43.098s][debug][gc,ref         ] GC(106) Skipped phase 3 of Reference Processing: no references
[43.098s][debug][gc,ref         ] GC(106) Skipped phase 4 of Reference Processing: no references
[43.098s][debug][gc,phases      ] GC(106) Reference Processing 0.106ms
[43.099s][debug][gc,phases      ] GC(106)   VM Weak                        Min:  0.0, Avg:  0.0, Max:  0.0, Diff:  0.0, Sum:  0.0, Workers: 4
[43.099s][debug][gc,phases      ] GC(106)     Dead                           Min: 0, Avg:  0.0, Max: 0, Diff: 0, Sum: 0, Workers: 4
[43.099s][debug][gc,phases      ] GC(106)     Total                          Min: 0, Avg: 145.2, Max: 453, Diff: 453, Sum: 581, Workers: 4
[43.099s][debug][gc,phases      ] GC(106)   ObjectSynchronizer Weak        Min:  0.0, Avg:  0.0, Max:  0.0, Diff:  0.0, Sum:  0.0, Workers: 4
[43.099s][debug][gc,phases      ] GC(106)     Dead                           Min: 0, Avg:  0.0, Max: 0, Diff: 0, Sum: 0, Workers: 4
[43.099s][debug][gc,phases      ] GC(106)     Total                          Min: 0, Avg: 113.0, Max: 256, Diff: 256, Sum: 452, Workers: 4
[43.099s][debug][gc,phases      ] GC(106)   JVMTI Tag Weak OopStorage      Min:  0.0, Avg:  0.0, Max:  0.0, Diff:  0.0, Sum:  0.0, Workers: 4
[43.099s][debug][gc,phases      ] GC(106)     Dead                           Min: 0, Avg:  0.0, Max: 0, Diff: 0, Sum: 0, Workers: 4
[43.099s][debug][gc,phases      ] GC(106)     Total                          Min: 0, Avg:  0.0, Max: 0, Diff: 0, Sum: 0, Workers: 4
[43.099s][debug][gc,phases      ] GC(106)   StringTable Weak               Min:  0.1, Avg:  0.1, Max:  0.1, Diff:  0.0, Sum:  0.4, Workers: 4
[43.099s][debug][gc,phases      ] GC(106)     Dead                           Min: 0, Avg:  2.8, Max: 10, Diff: 10, Sum: 11, Workers: 4
[43.099s][debug][gc,phases      ] GC(106)     Total                          Min: 8896, Avg: 10717.5, Max: 11648, Diff: 2752, Sum: 42870, Workers: 4
[43.099s][debug][gc,phases      ] GC(106)   ResolvedMethodTable Weak       Min:  0.0, Avg:  0.0, Max:  0.0, Diff:  0.0, Sum:  0.1, Workers: 4
[43.099s][debug][gc,phases      ] GC(106)     Dead                           Min: 0, Avg:  0.0, Max: 0, Diff: 0, Sum: 0, Workers: 4
[43.099s][debug][gc,phases      ] GC(106)     Total                          Min: 1792, Avg: 1845.5, Max: 1920, Diff: 128, Sum: 7382, Workers: 4
[43.099s][debug][gc,phases      ] GC(106)   JNI Weak                       Min:  0.0, Avg:  0.0, Max:  0.0, Diff:  0.0, Sum:  0.0, Workers: 4
[43.099s][debug][gc,phases      ] GC(106)     Dead                           Min: 0, Avg:  0.0, Max: 0, Diff: 0, Sum: 0, Workers: 4
[43.099s][debug][gc,phases      ] GC(106)     Total                          Min: 0, Avg:  0.0, Max: 0, Diff: 0, Sum: 0, Workers: 4
[43.099s][debug][gc,phases      ] GC(106)   StringDedup Table Weak         Min:  0.0, Avg:  0.0, Max:  0.0, Diff:  0.0, Sum:  0.0, Workers: 4
[43.099s][debug][gc,phases      ] GC(106)     Dead                           Min: 0, Avg:  0.0, Max: 0, Diff: 0, Sum: 0, Workers: 4
[43.099s][debug][gc,phases      ] GC(106)     Total                          Min: 0, Avg:  0.0, Max: 0, Diff: 0, Sum: 0, Workers: 4
[43.099s][debug][gc,phases      ] GC(106)   StringDedup Requests0 Weak     Min:  0.0, Avg:  0.0, Max:  0.0, Diff:  0.0, Sum:  0.0, Workers: 4
[43.099s][debug][gc,phases      ] GC(106)     Dead                           Min: 0, Avg:  0.0, Max: 0, Diff: 0, Sum: 0, Workers: 4
[43.099s][debug][gc,phases      ] GC(106)     Total                          Min: 0, Avg:  0.0, Max: 0, Diff: 0, Sum: 0, Workers: 4
[43.099s][debug][gc,phases      ] GC(106)   StringDedup Requests1 Weak     Min:  0.0, Avg:  0.0, Max:  0.0, Diff:  0.0, Sum:  0.0, Workers: 4
[43.099s][debug][gc,phases      ] GC(106)     Dead                           Min: 0, Avg:  0.0, Max: 0, Diff: 0, Sum: 0, Workers: 4
[43.099s][debug][gc,phases      ] GC(106)     Total                          Min: 0, Avg:  0.0, Max: 0, Diff: 0, Sum: 0, Workers: 4
[43.099s][debug][gc,phases      ] GC(106)   Weak JFR Old Object Samples    Min:  0.0, Avg:  0.0, Max:  0.0, Diff:  0.0, Sum:  0.0, Workers: 4
[43.099s][debug][gc,phases      ] GC(106)     Dead                           Min: 0, Avg:  0.0, Max: 0, Diff: 0, Sum: 0, Workers: 4
[43.099s][debug][gc,phases      ] GC(106)     Total                          Min: 0, Avg:  0.0, Max: 0, Diff: 0, Sum: 0, Workers: 4
[43.099s][debug][gc,phases      ] GC(106) Weak Processing 0.311ms
[43.099s][debug][gc,age         ] GC(106) Desired survivor size 179306496 bytes, new threshold 15 (max threshold 15)
[43.099s][info ][gc,heap        ] GC(106) PSYoungGen: 1791706K(1913344K)->85152K(1903616K) Eden: 1719808K(1719808K)->0K(1719808K) From: 71898K(193536K)->85152K(183808K)
[43.099s][info ][gc,heap        ] GC(106) ParOldGen: 553206K(650752K)->553206K(650752K)
[43.099s][info ][gc,metaspace   ] GC(106) Metaspace: 69366K(70144K)->69366K(70144K) NonClass: 59354K(59776K)->59354K(59776K) Class: 10012K(10368K)->10012K(10368K)
[43.099s][info ][gc             ] GC(106) Pause Young (Allocation Failure) 2289M->623M(2494M) 18.840ms
[43.099s][info ][gc,cpu         ] GC(106) User=0.07s Sys=0.00s Real=0.02s
[43.099s][info ][safepoint      ] Safepoint "ParallelGCFailedAllocation", Time since last: 360673687 ns, Reaching safepoint: 195205 ns, At safepoint: 18961783 ns, Total: 19156988 ns
[43.426s][info ][gc,start       ] GC(107) Pause Young (Allocation Failure)
[43.450s][debug][gc,phases      ] GC(107) Scavenge 24.492ms
[43.451s][debug][gc,ref         ] GC(107) Skipped phase 1 of Reference Processing: no references
[43.451s][debug][gc,ref         ] GC(107) ReferenceProcessor::execute queues: 1, RefProcThreadModel::Single, marks_oops_alive: false
[43.451s][debug][gc,ref         ] GC(107) Skipped phase 3 of Reference Processing: no references
[43.451s][debug][gc,ref         ] GC(107) Skipped phase 4 of Reference Processing: no references
[43.451s][debug][gc,phases      ] GC(107) Reference Processing 0.126ms
[43.451s][debug][gc,phases      ] GC(107)   VM Weak                        Min:  0.0, Avg:  0.0, Max:  0.0, Diff:  0.0, Sum:  0.0, Workers: 4
[43.451s][debug][gc,phases      ] GC(107)     Dead                           Min: 0, Avg:  0.0, Max: 0, Diff: 0, Sum: 0, Workers: 4
[43.451s][debug][gc,phases      ] GC(107)     Total                          Min: 0, Avg: 145.2, Max: 581, Diff: 581, Sum: 581, Workers: 4
[43.451s][debug][gc,phases      ] GC(107)   ObjectSynchronizer Weak        Min:  0.0, Avg:  0.0, Max:  0.0, Diff:  0.0, Sum:  0.0, Workers: 4
[43.451s][debug][gc,phases      ] GC(107)     Dead                           Min: 0, Avg:  0.0, Max: 0, Diff: 0, Sum: 0, Workers: 4
[43.451s][debug][gc,phases      ] GC(107)     Total                          Min: 0, Avg: 113.0, Max: 196, Diff: 196, Sum: 452, Workers: 4
[43.451s][debug][gc,phases      ] GC(107)   JVMTI Tag Weak OopStorage      Min:  0.0, Avg:  0.0, Max:  0.0, Diff:  0.0, Sum:  0.0, Workers: 4
[43.451s][debug][gc,phases      ] GC(107)     Dead                           Min: 0, Avg:  0.0, Max: 0, Diff: 0, Sum: 0, Workers: 4
[43.451s][debug][gc,phases      ] GC(107)     Total                          Min: 0, Avg:  0.0, Max: 0, Diff: 0, Sum: 0, Workers: 4
[43.451s][debug][gc,phases      ] GC(107)   StringTable Weak               Min:  0.1, Avg:  0.1, Max:  0.1, Diff:  0.0, Sum:  0.4, Workers: 4
[43.451s][debug][gc,phases      ] GC(107)     Dead                           Min: 0, Avg:  0.0, Max: 0, Diff: 0, Sum: 0, Workers: 4
[43.451s][debug][gc,phases      ] GC(107)     Total                          Min: 9974, Avg: 10717.5, Max: 11328, Diff: 1354, Sum: 42870, Workers: 4
[43.451s][debug][gc,phases      ] GC(107)   ResolvedMethodTable Weak       Min:  0.0, Avg:  0.0, Max:  0.0, Diff:  0.0, Sum:  0.1, Workers: 4
[43.451s][debug][gc,phases      ] GC(107)     Dead                           Min: 0, Avg:  0.0, Max: 0, Diff: 0, Sum: 0, Workers: 4
[43.451s][debug][gc,phases      ] GC(107)     Total                          Min: 1664, Avg: 1845.5, Max: 1984, Diff: 320, Sum: 7382, Workers: 4
[43.451s][debug][gc,phases      ] GC(107)   JNI Weak                       Min:  0.0, Avg:  0.0, Max:  0.0, Diff:  0.0, Sum:  0.0, Workers: 4
[43.451s][debug][gc,phases      ] GC(107)     Dead                           Min: 0, Avg:  0.0, Max: 0, Diff: 0, Sum: 0, Workers: 4
[43.451s][debug][gc,phases      ] GC(107)     Total                          Min: 0, Avg:  0.0, Max: 0, Diff: 0, Sum: 0, Workers: 4
[43.451s][debug][gc,phases      ] GC(107)   StringDedup Table Weak         Min:  0.0, Avg:  0.0, Max:  0.0, Diff:  0.0, Sum:  0.0, Workers: 4
[43.451s][debug][gc,phases      ] GC(107)     Dead                           Min: 0, Avg:  0.0, Max: 0, Diff: 0, Sum: 0, Workers: 4
[43.451s][debug][gc,phases      ] GC(107)     Total                          Min: 0, Avg:  0.0, Max: 0, Diff: 0, Sum: 0, Workers: 4
[43.451s][debug][gc,phases      ] GC(107)   StringDedup Requests0 Weak     Min:  0.0, Avg:  0.0, Max:  0.0, Diff:  0.0, Sum:  0.0, Workers: 4
[43.451s][debug][gc,phases      ] GC(107)     Dead                           Min: 0, Avg:  0.0, Max: 0, Diff: 0, Sum: 0, Workers: 4
[43.451s][debug][gc,phases      ] GC(107)     Total                          Min: 0, Avg:  0.0, Max: 0, Diff: 0, Sum: 0, Workers: 4
[43.451s][debug][gc,phases      ] GC(107)   StringDedup Requests1 Weak     Min:  0.0, Avg:  0.0, Max:  0.0, Diff:  0.0, Sum:  0.0, Workers: 4
[43.451s][debug][gc,phases      ] GC(107)     Dead                           Min: 0, Avg:  0.0, Max: 0, Diff: 0, Sum: 0, Workers: 4
[43.451s][debug][gc,phases      ] GC(107)     Total                          Min: 0, Avg:  0.0, Max: 0, Diff: 0, Sum: 0, Workers: 4
[43.451s][debug][gc,phases      ] GC(107)   Weak JFR Old Object Samples    Min:  0.0, Avg:  0.0, Max:  0.0, Diff:  0.0, Sum:  0.0, Workers: 4
[43.451s][debug][gc,phases      ] GC(107)     Dead                           Min: 0, Avg:  0.0, Max: 0, Diff: 0, Sum: 0, Workers: 4
[43.451s][debug][gc,phases      ] GC(107)     Total                          Min: 0, Avg:  0.0, Max: 0, Diff: 0, Sum: 0, Workers: 4
[43.451s][debug][gc,phases      ] GC(107) Weak Processing 0.345ms
[43.451s][debug][gc,age         ] GC(107) Desired survivor size 175112192 bytes, new threshold 15 (max threshold 15)
[43.451s][info ][gc,heap        ] GC(107) PSYoungGen: 1804960K(1903616K)->95099K(1926144K) Eden: 1719808K(1719808K)->0K(1751040K) From: 85152K(183808K)->95099K(175104K)
[43.451s][info ][gc,heap        ] GC(107) ParOldGen: 553206K(650752K)->553206K(650752K)
[43.451s][info ][gc,metaspace   ] GC(107) Metaspace: 69378K(70144K)->69378K(70144K) NonClass: 59366K(59776K)->59366K(59776K) Class: 10012K(10368K)->10012K(10368K)
[43.451s][info ][gc             ] GC(107) Pause Young (Allocation Failure) 2302M->633M(2516M) 25.116ms
[43.451s][info ][gc,cpu         ] GC(107) User=0.10s Sys=0.00s Real=0.02s
[43.451s][info ][safepoint      ] Safepoint "ParallelGCFailedAllocation", Time since last: 326938028 ns, Reaching safepoint: 160604 ns, At safepoint: 25235243 ns, Total: 25395847 ns
[43.791s][info ][gc,start       ] GC(108) Pause Young (Allocation Failure)
[43.813s][debug][gc,phases      ] GC(108) Scavenge 22.350ms
[43.813s][debug][gc,ref         ] GC(108) Skipped phase 1 of Reference Processing: no references
[43.813s][debug][gc,ref         ] GC(108) ReferenceProcessor::execute queues: 1, RefProcThreadModel::Single, marks_oops_alive: false
[43.813s][debug][gc,ref         ] GC(108) Skipped phase 3 of Reference Processing: no references
[43.814s][debug][gc,ref         ] GC(108) ReferenceProcessor::execute queues: 1, RefProcThreadModel::Single, marks_oops_alive: false
[43.814s][debug][gc,phases      ] GC(108) Reference Processing 0.147ms
[43.814s][debug][gc,phases      ] GC(108)   VM Weak                        Min:  0.0, Avg:  0.0, Max:  0.0, Diff:  0.0, Sum:  0.0, Workers: 4
[43.814s][debug][gc,phases      ] GC(108)     Dead                           Min: 0, Avg:  0.0, Max: 0, Diff: 0, Sum: 0, Workers: 4
[43.814s][debug][gc,phases      ] GC(108)     Total                          Min: 0, Avg: 145.2, Max: 325, Diff: 325, Sum: 581, Workers: 4
[43.814s][debug][gc,phases      ] GC(108)   ObjectSynchronizer Weak        Min:  0.0, Avg:  0.0, Max:  0.0, Diff:  0.0, Sum:  0.0, Workers: 4
[43.814s][debug][gc,phases      ] GC(108)     Dead                           Min: 0, Avg:  0.0, Max: 0, Diff: 0, Sum: 0, Workers: 4
[43.814s][debug][gc,phases      ] GC(108)     Total                          Min: 0, Avg: 113.0, Max: 256, Diff: 256, Sum: 452, Workers: 4
[43.814s][debug][gc,phases      ] GC(108)   JVMTI Tag Weak OopStorage      Min:  0.0, Avg:  0.0, Max:  0.0, Diff:  0.0, Sum:  0.0, Workers: 4
[43.814s][debug][gc,phases      ] GC(108)     Dead                           Min: 0, Avg:  0.0, Max: 0, Diff: 0, Sum: 0, Workers: 4
[43.814s][debug][gc,phases      ] GC(108)     Total                          Min: 0, Avg:  0.0, Max: 0, Diff: 0, Sum: 0, Workers: 4
[43.814s][debug][gc,phases      ] GC(108)   StringTable Weak               Min:  0.1, Avg:  0.1, Max:  0.1, Diff:  0.0, Sum:  0.4, Workers: 4
[43.814s][debug][gc,phases      ] GC(108)     Dead                           Min: 0, Avg:  2.8, Max: 10, Diff: 10, Sum: 11, Workers: 4
[43.814s][debug][gc,phases      ] GC(108)     Total                          Min: 9792, Avg: 10717.5, Max: 11575, Diff: 1783, Sum: 42870, Workers: 4
[43.814s][debug][gc,phases      ] GC(108)   ResolvedMethodTable Weak       Min:  0.0, Avg:  0.0, Max:  0.0, Diff:  0.0, Sum:  0.1, Workers: 4
[43.814s][debug][gc,phases      ] GC(108)     Dead                           Min: 0, Avg:  0.0, Max: 0, Diff: 0, Sum: 0, Workers: 4
[43.814s][debug][gc,phases      ] GC(108)     Total                          Min: 1727, Avg: 1845.5, Max: 1984, Diff: 257, Sum: 7382, Workers: 4
[43.814s][debug][gc,phases      ] GC(108)   JNI Weak                       Min:  0.0, Avg:  0.0, Max:  0.0, Diff:  0.0, Sum:  0.0, Workers: 4
[43.814s][debug][gc,phases      ] GC(108)     Dead                           Min: 0, Avg:  0.0, Max: 0, Diff: 0, Sum: 0, Workers: 4
[43.814s][debug][gc,phases      ] GC(108)     Total                          Min: 0, Avg:  0.0, Max: 0, Diff: 0, Sum: 0, Workers: 4
[43.814s][debug][gc,phases      ] GC(108)   StringDedup Table Weak         Min:  0.0, Avg:  0.0, Max:  0.0, Diff:  0.0, Sum:  0.0, Workers: 4
[43.814s][debug][gc,phases      ] GC(108)     Dead                           Min: 0, Avg:  0.0, Max: 0, Diff: 0, Sum: 0, Workers: 4
[43.814s][debug][gc,phases      ] GC(108)     Total                          Min: 0, Avg:  0.0, Max: 0, Diff: 0, Sum: 0, Workers: 4
[43.814s][debug][gc,phases      ] GC(108)   StringDedup Requests0 Weak     Min:  0.0, Avg:  0.0, Max:  0.0, Diff:  0.0, Sum:  0.0, Workers: 4
[43.814s][debug][gc,phases      ] GC(108)     Dead                           Min: 0, Avg:  0.0, Max: 0, Diff: 0, Sum: 0, Workers: 4
[43.814s][debug][gc,phases      ] GC(108)     Total                          Min: 0, Avg:  0.0, Max: 0, Diff: 0, Sum: 0, Workers: 4
[43.814s][debug][gc,phases      ] GC(108)   StringDedup Requests1 Weak     Min:  0.0, Avg:  0.0, Max:  0.0, Diff:  0.0, Sum:  0.0, Workers: 4
[43.814s][debug][gc,phases      ] GC(108)     Dead                           Min: 0, Avg:  0.0, Max: 0, Diff: 0, Sum: 0, Workers: 4
[43.814s][debug][gc,phases      ] GC(108)     Total                          Min: 0, Avg:  0.0, Max: 0, Diff: 0, Sum: 0, Workers: 4
[43.814s][debug][gc,phases      ] GC(108)   Weak JFR Old Object Samples    Min:  0.0, Avg:  0.0, Max:  0.0, Diff:  0.0, Sum:  0.0, Workers: 4
[43.814s][debug][gc,phases      ] GC(108)     Dead                           Min: 0, Avg:  0.0, Max: 0, Diff: 0, Sum: 0, Workers: 4
[43.814s][debug][gc,phases      ] GC(108)     Total                          Min: 0, Avg:  0.0, Max: 0, Diff: 0, Sum: 0, Workers: 4
[43.814s][debug][gc,phases      ] GC(108) Weak Processing 0.330ms
[43.814s][debug][gc,age         ] GC(108) Desired survivor size 174063616 bytes, new threshold 15 (max threshold 15)
[43.814s][info ][gc,heap        ] GC(108) PSYoungGen: 1846139K(1926144K)->103216K(1922048K) Eden: 1751040K(1751040K)->0K(1751040K) From: 95099K(175104K)->103216K(171008K)
[43.814s][info ][gc,heap        ] GC(108) ParOldGen: 553206K(650752K)->553206K(650752K)
[43.814s][info ][gc,metaspace   ] GC(108) Metaspace: 69379K(70144K)->69379K(70144K) NonClass: 59367K(59776K)->59367K(59776K) Class: 10012K(10368K)->10012K(10368K)
[43.814s][info ][gc             ] GC(108) Pause Young (Allocation Failure) 2343M->641M(2512M) 22.962ms
[43.814s][info ][gc,cpu         ] GC(108) User=0.09s Sys=0.00s Real=0.03s
[43.814s][info ][safepoint      ] Safepoint "ParallelGCFailedAllocation", Time since last: 339666052 ns, Reaching safepoint: 117003 ns, At safepoint: 23073487 ns, Total: 23190490 ns
[44.157s][info ][gc,start       ] GC(109) Pause Young (Allocation Failure)
[44.186s][debug][gc,phases      ] GC(109) Scavenge 28.826ms
[44.186s][debug][gc,ref         ] GC(109) Skipped phase 1 of Reference Processing: no references
[44.186s][debug][gc,ref         ] GC(109) ReferenceProcessor::execute queues: 1, RefProcThreadModel::Single, marks_oops_alive: false
[44.186s][debug][gc,ref         ] GC(109) Skipped phase 3 of Reference Processing: no references
[44.186s][debug][gc,ref         ] GC(109) ReferenceProcessor::execute queues: 1, RefProcThreadModel::Single, marks_oops_alive: false
[44.186s][debug][gc,phases      ] GC(109) Reference Processing 0.117ms
[44.186s][debug][gc,phases      ] GC(109)   VM Weak                        Min:  0.0, Avg:  0.0, Max:  0.0, Diff:  0.0, Sum:  0.0, Workers: 4
[44.186s][debug][gc,phases      ] GC(109)     Dead                           Min: 0, Avg:  0.0, Max: 0, Diff: 0, Sum: 0, Workers: 4
[44.186s][debug][gc,phases      ] GC(109)     Total                          Min: 0, Avg: 145.2, Max: 448, Diff: 448, Sum: 581, Workers: 4
[44.186s][debug][gc,phases      ] GC(109)   ObjectSynchronizer Weak        Min:  0.0, Avg:  0.0, Max:  0.0, Diff:  0.0, Sum:  0.0, Workers: 4
[44.186s][debug][gc,phases      ] GC(109)     Dead                           Min: 0, Avg:  0.0, Max: 0, Diff: 0, Sum: 0, Workers: 4
[44.186s][debug][gc,phases      ] GC(109)     Total                          Min: 0, Avg: 113.0, Max: 260, Diff: 260, Sum: 452, Workers: 4
[44.186s][debug][gc,phases      ] GC(109)   JVMTI Tag Weak OopStorage      Min:  0.0, Avg:  0.0, Max:  0.0, Diff:  0.0, Sum:  0.0, Workers: 4
[44.186s][debug][gc,phases      ] GC(109)     Dead                           Min: 0, Avg:  0.0, Max: 0, Diff: 0, Sum: 0, Workers: 4
[44.186s][debug][gc,phases      ] GC(109)     Total                          Min: 0, Avg:  0.0, Max: 0, Diff: 0, Sum: 0, Workers: 4
[44.186s][debug][gc,phases      ] GC(109)   StringTable Weak               Min:  0.1, Avg:  0.1, Max:  0.1, Diff:  0.0, Sum:  0.4, Workers: 4
[44.186s][debug][gc,phases      ] GC(109)     Dead                           Min: 0, Avg:  2.8, Max: 9, Diff: 9, Sum: 11, Workers: 4
[44.186s][debug][gc,phases      ] GC(109)     Total                          Min: 9919, Avg: 10717.5, Max: 11447, Diff: 1528, Sum: 42870, Workers: 4
[44.186s][debug][gc,phases      ] GC(109)   ResolvedMethodTable Weak       Min:  0.0, Avg:  0.0, Max:  0.0, Diff:  0.0, Sum:  0.1, Workers: 4
[44.186s][debug][gc,phases      ] GC(109)     Dead                           Min: 0, Avg:  0.0, Max: 0, Diff: 0, Sum: 0, Workers: 4
[44.186s][debug][gc,phases      ] GC(109)     Total                          Min: 1472, Avg: 1845.5, Max: 2112, Diff: 640, Sum: 7382, Workers: 4
[44.186s][debug][gc,phases      ] GC(109)   JNI Weak                       Min:  0.0, Avg:  0.0, Max:  0.0, Diff:  0.0, Sum:  0.0, Workers: 4
[44.186s][debug][gc,phases      ] GC(109)     Dead                           Min: 0, Avg:  0.0, Max: 0, Diff: 0, Sum: 0, Workers: 4
[44.186s][debug][gc,phases      ] GC(109)     Total                          Min: 0, Avg:  0.0, Max: 0, Diff: 0, Sum: 0, Workers: 4
[44.186s][debug][gc,phases      ] GC(109)   StringDedup Table Weak         Min:  0.0, Avg:  0.0, Max:  0.0, Diff:  0.0, Sum:  0.0, Workers: 4
[44.186s][debug][gc,phases      ] GC(109)     Dead                           Min: 0, Avg:  0.0, Max: 0, Diff: 0, Sum: 0, Workers: 4
[44.186s][debug][gc,phases      ] GC(109)     Total                          Min: 0, Avg:  0.0, Max: 0, Diff: 0, Sum: 0, Workers: 4
[44.186s][debug][gc,phases      ] GC(109)   StringDedup Requests0 Weak     Min:  0.0, Avg:  0.0, Max:  0.0, Diff:  0.0, Sum:  0.0, Workers: 4
[44.186s][debug][gc,phases      ] GC(109)     Dead                           Min: 0, Avg:  0.0, Max: 0, Diff: 0, Sum: 0, Workers: 4
[44.186s][debug][gc,phases      ] GC(109)     Total                          Min: 0, Avg:  0.0, Max: 0, Diff: 0, Sum: 0, Workers: 4
[44.186s][debug][gc,phases      ] GC(109)   StringDedup Requests1 Weak     Min:  0.0, Avg:  0.0, Max:  0.0, Diff:  0.0, Sum:  0.0, Workers: 4
[44.186s][debug][gc,phases      ] GC(109)     Dead                           Min: 0, Avg:  0.0, Max: 0, Diff: 0, Sum: 0, Workers: 4
[44.186s][debug][gc,phases      ] GC(109)     Total                          Min: 0, Avg:  0.0, Max: 0, Diff: 0, Sum: 0, Workers: 4
[44.186s][debug][gc,phases      ] GC(109)   Weak JFR Old Object Samples    Min:  0.0, Avg:  0.0, Max:  0.0, Diff:  0.0, Sum:  0.0, Workers: 4
[44.186s][debug][gc,phases      ] GC(109)     Dead                           Min: 0, Avg:  0.0, Max: 0, Diff: 0, Sum: 0, Workers: 4
[44.186s][debug][gc,phases      ] GC(109)     Total                          Min: 0, Avg:  0.0, Max: 0, Diff: 0, Sum: 0, Workers: 4
[44.186s][debug][gc,phases      ] GC(109) Weak Processing 0.326ms
[44.186s][debug][gc,age         ] GC(109) Desired survivor size 178257920 bytes, new threshold 15 (max threshold 15)
[44.186s][info ][gc,heap        ] GC(109) PSYoungGen: 1854239K(1922048K)->118812K(1918976K) Eden: 1751023K(1751040K)->0K(1748992K) From: 103216K(171008K)->118812K(169984K)
[44.186s][info ][gc,heap        ] GC(109) ParOldGen: 553206K(650752K)->553206K(650752K)
[44.186s][info ][gc,metaspace   ] GC(109) Metaspace: 69379K(70144K)->69379K(70144K) NonClass: 59367K(59776K)->59367K(59776K) Class: 10012K(10368K)->10012K(10368K)
[44.186s][info ][gc             ] GC(109) Pause Young (Allocation Failure) 2351M->656M(2509M) 29.409ms
[44.186s][info ][gc,cpu         ] GC(109) User=0.11s Sys=0.01s Real=0.03s
[44.186s][info ][safepoint      ] Safepoint "ParallelGCFailedAllocation", Time since last: 342696330 ns, Reaching safepoint: 155904 ns, At safepoint: 29527652 ns, Total: 29683556 ns
[44.546s][info ][gc,start       ] GC(110) Pause Young (Allocation Failure)
[44.574s][debug][gc,phases      ] GC(110) Scavenge 27.531ms
[44.574s][debug][gc,ref         ] GC(110) Skipped phase 1 of Reference Processing: no references
[44.574s][debug][gc,ref         ] GC(110) ReferenceProcessor::execute queues: 1, RefProcThreadModel::Single, marks_oops_alive: false
[44.574s][debug][gc,ref         ] GC(110) Skipped phase 3 of Reference Processing: no references
[44.574s][debug][gc,ref         ] GC(110) ReferenceProcessor::execute queues: 1, RefProcThreadModel::Single, marks_oops_alive: false
[44.574s][debug][gc,phases      ] GC(110) Reference Processing 0.137ms
[44.574s][debug][gc,phases      ] GC(110)   VM Weak                        Min:  0.0, Avg:  0.0, Max:  0.0, Diff:  0.0, Sum:  0.0, Workers: 4
[44.574s][debug][gc,phases      ] GC(110)     Dead                           Min: 0, Avg:  0.0, Max: 0, Diff: 0, Sum: 0, Workers: 4
[44.574s][debug][gc,phases      ] GC(110)     Total                          Min: 0, Avg: 145.2, Max: 581, Diff: 581, Sum: 581, Workers: 4
[44.574s][debug][gc,phases      ] GC(110)   ObjectSynchronizer Weak        Min:  0.0, Avg:  0.0, Max:  0.0, Diff:  0.0, Sum:  0.0, Workers: 4
[44.574s][debug][gc,phases      ] GC(110)     Dead                           Min: 0, Avg:  0.0, Max: 0, Diff: 0, Sum: 0, Workers: 4
[44.574s][debug][gc,phases      ] GC(110)     Total                          Min: 0, Avg: 113.0, Max: 448, Diff: 448, Sum: 452, Workers: 4
[44.574s][debug][gc,phases      ] GC(110)   JVMTI Tag Weak OopStorage      Min:  0.0, Avg:  0.0, Max:  0.0, Diff:  0.0, Sum:  0.0, Workers: 4
[44.574s][debug][gc,phases      ] GC(110)     Dead                           Min: 0, Avg:  0.0, Max: 0, Diff: 0, Sum: 0, Workers: 4
[44.574s][debug][gc,phases      ] GC(110)     Total                          Min: 0, Avg:  0.0, Max: 0, Diff: 0, Sum: 0, Workers: 4
[44.574s][debug][gc,phases      ] GC(110)   StringTable Weak               Min:  0.1, Avg:  0.1, Max:  0.1, Diff:  0.0, Sum:  0.4, Workers: 4
[44.574s][debug][gc,phases      ] GC(110)     Dead                           Min: 0, Avg:  0.0, Max: 0, Diff: 0, Sum: 0, Workers: 4
[44.574s][debug][gc,phases      ] GC(110)     Total                          Min: 10112, Avg: 10718.5, Max: 11258, Diff: 1146, Sum: 42874, Workers: 4
[44.574s][debug][gc,phases      ] GC(110)   ResolvedMethodTable Weak       Min:  0.0, Avg:  0.0, Max:  0.0, Diff:  0.0, Sum:  0.1, Workers: 4
[44.574s][debug][gc,phases      ] GC(110)     Dead                           Min: 0, Avg:  0.0, Max: 0, Diff: 0, Sum: 0, Workers: 4
[44.574s][debug][gc,phases      ] GC(110)     Total                          Min: 1687, Avg: 1845.5, Max: 1920, Diff: 233, Sum: 7382, Workers: 4
[44.574s][debug][gc,phases      ] GC(110)   JNI Weak                       Min:  0.0, Avg:  0.0, Max:  0.0, Diff:  0.0, Sum:  0.0, Workers: 4
[44.574s][debug][gc,phases      ] GC(110)     Dead                           Min: 0, Avg:  0.0, Max: 0, Diff: 0, Sum: 0, Workers: 4
[44.574s][debug][gc,phases      ] GC(110)     Total                          Min: 0, Avg:  0.2, Max: 1, Diff: 1, Sum: 1, Workers: 4
[44.574s][debug][gc,phases      ] GC(110)   StringDedup Table Weak         Min:  0.0, Avg:  0.0, Max:  0.0, Diff:  0.0, Sum:  0.0, Workers: 4
[44.574s][debug][gc,phases      ] GC(110)     Dead                           Min: 0, Avg:  0.0, Max: 0, Diff: 0, Sum: 0, Workers: 4
[44.574s][debug][gc,phases      ] GC(110)     Total                          Min: 0, Avg:  0.0, Max: 0, Diff: 0, Sum: 0, Workers: 4
[44.574s][debug][gc,phases      ] GC(110)   StringDedup Requests0 Weak     Min:  0.0, Avg:  0.0, Max:  0.0, Diff:  0.0, Sum:  0.0, Workers: 4
[44.574s][debug][gc,phases      ] GC(110)     Dead                           Min: 0, Avg:  0.0, Max: 0, Diff: 0, Sum: 0, Workers: 4
[44.574s][debug][gc,phases      ] GC(110)     Total                          Min: 0, Avg:  0.0, Max: 0, Diff: 0, Sum: 0, Workers: 4
[44.574s][debug][gc,phases      ] GC(110)   StringDedup Requests1 Weak     Min:  0.0, Avg:  0.0, Max:  0.0, Diff:  0.0, Sum:  0.0, Workers: 4
[44.574s][debug][gc,phases      ] GC(110)     Dead                           Min: 0, Avg:  0.0, Max: 0, Diff: 0, Sum: 0, Workers: 4
[44.574s][debug][gc,phases      ] GC(110)     Total                          Min: 0, Avg:  0.0, Max: 0, Diff: 0, Sum: 0, Workers: 4
[44.574s][debug][gc,phases      ] GC(110)   Weak JFR Old Object Samples    Min:  0.0, Avg:  0.0, Max:  0.0, Diff:  0.0, Sum:  0.0, Workers: 4
[44.574s][debug][gc,phases      ] GC(110)     Dead                           Min: 0, Avg:  0.0, Max: 0, Diff: 0, Sum: 0, Workers: 4
[44.574s][debug][gc,phases      ] GC(110)     Total                          Min: 0, Avg:  0.0, Max: 0, Diff: 0, Sum: 0, Workers: 4
[44.574s][debug][gc,phases      ] GC(110) Weak Processing 0.295ms
[44.574s][debug][gc,age         ] GC(110) Desired survivor size 185597952 bytes, new threshold 15 (max threshold 15)
[44.574s][info ][gc,heap        ] GC(110) PSYoungGen: 1867804K(1918976K)->130432K(1879552K) Eden: 1748992K(1748992K)->0K(1748992K) From: 118812K(169984K)->130432K(130560K)
[44.574s][info ][gc,heap        ] GC(110) ParOldGen: 553206K(650752K)->553206K(650752K)
[44.574s][info ][gc,metaspace   ] GC(110) Metaspace: 69380K(70144K)->69380K(70144K) NonClass: 59368K(59776K)->59368K(59776K) Class: 10012K(10368K)->10012K(10368K)
[44.574s][info ][gc             ] GC(110) Pause Young (Allocation Failure) 2364M->667M(2471M) 28.123ms
[44.574s][info ][gc,cpu         ] GC(110) User=0.12s Sys=0.00s Real=0.03s
[44.574s][info ][safepoint      ] Safepoint "ParallelGCFailedAllocation", Time since last: 359626760 ns, Reaching safepoint: 231706 ns, At safepoint: 28241019 ns, Total: 28472725 ns
[44.942s][info ][gc,start       ] GC(111) Pause Young (Allocation Failure)
[44.981s][debug][gc,phases      ] GC(111) Scavenge 39.277ms
[44.981s][debug][gc,ref         ] GC(111) Skipped phase 1 of Reference Processing: no references
[44.981s][debug][gc,ref         ] GC(111) ReferenceProcessor::execute queues: 1, RefProcThreadModel::Single, marks_oops_alive: false
[44.981s][debug][gc,ref         ] GC(111) Skipped phase 3 of Reference Processing: no references
[44.981s][debug][gc,ref         ] GC(111) ReferenceProcessor::execute queues: 1, RefProcThreadModel::Single, marks_oops_alive: false
[44.981s][debug][gc,phases      ] GC(111) Reference Processing 0.127ms
[44.981s][debug][gc,phases      ] GC(111)   VM Weak                        Min:  0.0, Avg:  0.0, Max:  0.0, Diff:  0.0, Sum:  0.0, Workers: 4
[44.981s][debug][gc,phases      ] GC(111)     Dead                           Min: 0, Avg:  0.0, Max: 0, Diff: 0, Sum: 0, Workers: 4
[44.981s][debug][gc,phases      ] GC(111)     Total                          Min: 0, Avg: 145.2, Max: 325, Diff: 325, Sum: 581, Workers: 4
[44.981s][debug][gc,phases      ] GC(111)   ObjectSynchronizer Weak        Min:  0.0, Avg:  0.0, Max:  0.0, Diff:  0.0, Sum:  0.0, Workers: 4
[44.981s][debug][gc,phases      ] GC(111)     Dead                           Min: 0, Avg:  0.0, Max: 0, Diff: 0, Sum: 0, Workers: 4
[44.981s][debug][gc,phases      ] GC(111)     Total                          Min: 0, Avg: 113.0, Max: 192, Diff: 192, Sum: 452, Workers: 4
[44.981s][debug][gc,phases      ] GC(111)   JVMTI Tag Weak OopStorage      Min:  0.0, Avg:  0.0, Max:  0.0, Diff:  0.0, Sum:  0.0, Workers: 4
[44.981s][debug][gc,phases      ] GC(111)     Dead                           Min: 0, Avg:  0.0, Max: 0, Diff: 0, Sum: 0, Workers: 4
[44.981s][debug][gc,phases      ] GC(111)     Total                          Min: 0, Avg:  0.0, Max: 0, Diff: 0, Sum: 0, Workers: 4
[44.981s][debug][gc,phases      ] GC(111)   StringTable Weak               Min:  0.1, Avg:  0.1, Max:  0.1, Diff:  0.0, Sum:  0.4, Workers: 4
[44.981s][debug][gc,phases      ] GC(111)     Dead                           Min: 0, Avg:  2.8, Max: 6, Diff: 6, Sum: 11, Workers: 4
[44.981s][debug][gc,phases      ] GC(111)     Total                          Min: 9344, Avg: 10718.5, Max: 11392, Diff: 2048, Sum: 42874, Workers: 4
[44.981s][debug][gc,phases      ] GC(111)   ResolvedMethodTable Weak       Min:  0.0, Avg:  0.0, Max:  0.0, Diff:  0.0, Sum:  0.1, Workers: 4
[44.981s][debug][gc,phases      ] GC(111)     Dead                           Min: 0, Avg:  0.0, Max: 0, Diff: 0, Sum: 0, Workers: 4
[44.981s][debug][gc,phases      ] GC(111)     Total                          Min: 1600, Avg: 1845.5, Max: 2048, Diff: 448, Sum: 7382, Workers: 4
[44.981s][debug][gc,phases      ] GC(111)   JNI Weak                       Min:  0.0, Avg:  0.0, Max:  0.0, Diff:  0.0, Sum:  0.0, Workers: 4
[44.981s][debug][gc,phases      ] GC(111)     Dead                           Min: 0, Avg:  0.0, Max: 0, Diff: 0, Sum: 0, Workers: 4
[44.981s][debug][gc,phases      ] GC(111)     Total                          Min: 0, Avg:  0.2, Max: 1, Diff: 1, Sum: 1, Workers: 4
[44.981s][debug][gc,phases      ] GC(111)   StringDedup Table Weak         Min:  0.0, Avg:  0.0, Max:  0.0, Diff:  0.0, Sum:  0.0, Workers: 4
[44.981s][debug][gc,phases      ] GC(111)     Dead                           Min: 0, Avg:  0.0, Max: 0, Diff: 0, Sum: 0, Workers: 4
[44.981s][debug][gc,phases      ] GC(111)     Total                          Min: 0, Avg:  0.0, Max: 0, Diff: 0, Sum: 0, Workers: 4
[44.981s][debug][gc,phases      ] GC(111)   StringDedup Requests0 Weak     Min:  0.0, Avg:  0.0, Max:  0.0, Diff:  0.0, Sum:  0.0, Workers: 4
[44.981s][debug][gc,phases      ] GC(111)     Dead                           Min: 0, Avg:  0.0, Max: 0, Diff: 0, Sum: 0, Workers: 4
[44.981s][debug][gc,phases      ] GC(111)     Total                          Min: 0, Avg:  0.0, Max: 0, Diff: 0, Sum: 0, Workers: 4
[44.981s][debug][gc,phases      ] GC(111)   StringDedup Requests1 Weak     Min:  0.0, Avg:  0.0, Max:  0.0, Diff:  0.0, Sum:  0.0, Workers: 4
[44.981s][debug][gc,phases      ] GC(111)     Dead                           Min: 0, Avg:  0.0, Max: 0, Diff: 0, Sum: 0, Workers: 4
[44.981s][debug][gc,phases      ] GC(111)     Total                          Min: 0, Avg:  0.0, Max: 0, Diff: 0, Sum: 0, Workers: 4
[44.981s][debug][gc,phases      ] GC(111)   Weak JFR Old Object Samples    Min:  0.0, Avg:  0.0, Max:  0.0, Diff:  0.0, Sum:  0.0, Workers: 4
[44.981s][debug][gc,phases      ] GC(111)     Dead                           Min: 0, Avg:  0.0, Max: 0, Diff: 0, Sum: 0, Workers: 4
[44.981s][debug][gc,phases      ] GC(111)     Total                          Min: 0, Avg:  0.0, Max: 0, Diff: 0, Sum: 0, Workers: 4
[44.981s][debug][gc,phases      ] GC(111) Weak Processing 0.333ms
[44.981s][debug][gc,age         ] GC(111) Desired survivor size 195035136 bytes, new threshold 15 (max threshold 15)
[44.981s][info ][gc,heap        ] GC(111) PSYoungGen: 1879424K(1879552K)->140590K(1897472K) Eden: 1748992K(1748992K)->0K(1716224K) From: 130432K(130560K)->140590K(181248K)
[44.981s][info ][gc,heap        ] GC(111) ParOldGen: 553206K(650752K)->553206K(650752K)
[44.981s][info ][gc,metaspace   ] GC(111) Metaspace: 69383K(70144K)->69383K(70144K) NonClass: 59370K(59776K)->59370K(59776K) Class: 10012K(10368K)->10012K(10368K)
[44.981s][info ][gc             ] GC(111) Pause Young (Allocation Failure) 2375M->677M(2488M) 39.886ms
[44.981s][info ][gc,cpu         ] GC(111) User=0.20s Sys=0.00s Real=0.03s
[44.982s][info ][safepoint      ] Safepoint "ParallelGCFailedAllocation", Time since last: 366538837 ns, Reaching safepoint: 474112 ns, At safepoint: 40054520 ns, Total: 40528632 ns
[45.396s][info ][gc,start       ] GC(112) Pause Young (Allocation Failure)
[45.432s][debug][gc,phases      ] GC(112) Scavenge 35.825ms
[45.432s][debug][gc,ref         ] GC(112) Skipped phase 1 of Reference Processing: no references
[45.432s][debug][gc,ref         ] GC(112) ReferenceProcessor::execute queues: 1, RefProcThreadModel::Single, marks_oops_alive: false
[45.432s][debug][gc,ref         ] GC(112) Skipped phase 3 of Reference Processing: no references
[45.432s][debug][gc,ref         ] GC(112) ReferenceProcessor::execute queues: 1, RefProcThreadModel::Single, marks_oops_alive: false
[45.432s][debug][gc,phases      ] GC(112) Reference Processing 0.125ms
[45.432s][debug][gc,phases      ] GC(112)   VM Weak                        Min:  0.0, Avg:  0.0, Max:  0.0, Diff:  0.0, Sum:  0.0, Workers: 4
[45.432s][debug][gc,phases      ] GC(112)     Dead                           Min: 0, Avg:  0.0, Max: 0, Diff: 0, Sum: 0, Workers: 4
[45.432s][debug][gc,phases      ] GC(112)     Total                          Min: 0, Avg: 145.2, Max: 517, Diff: 517, Sum: 581, Workers: 4
[45.432s][debug][gc,phases      ] GC(112)   ObjectSynchronizer Weak        Min:  0.0, Avg:  0.0, Max:  0.0, Diff:  0.0, Sum:  0.0, Workers: 4
[45.432s][debug][gc,phases      ] GC(112)     Dead                           Min: 0, Avg:  0.0, Max: 0, Diff: 0, Sum: 0, Workers: 4
[45.432s][debug][gc,phases      ] GC(112)     Total                          Min: 0, Avg: 113.5, Max: 262, Diff: 262, Sum: 454, Workers: 4
[45.432s][debug][gc,phases      ] GC(112)   JVMTI Tag Weak OopStorage      Min:  0.0, Avg:  0.0, Max:  0.0, Diff:  0.0, Sum:  0.0, Workers: 4
[45.432s][debug][gc,phases      ] GC(112)     Dead                           Min: 0, Avg:  0.0, Max: 0, Diff: 0, Sum: 0, Workers: 4
[45.432s][debug][gc,phases      ] GC(112)     Total                          Min: 0, Avg:  0.0, Max: 0, Diff: 0, Sum: 0, Workers: 4
[45.432s][debug][gc,phases      ] GC(112)   StringTable Weak               Min:  0.1, Avg:  0.1, Max:  0.1, Diff:  0.0, Sum:  0.4, Workers: 4
[45.432s][debug][gc,phases      ] GC(112)     Dead                           Min: 0, Avg:  2.8, Max: 7, Diff: 7, Sum: 11, Workers: 4
[45.432s][debug][gc,phases      ] GC(112)     Total                          Min: 9280, Avg: 10719.5, Max: 11456, Diff: 2176, Sum: 42878, Workers: 4
[45.432s][debug][gc,phases      ] GC(112)   ResolvedMethodTable Weak       Min:  0.0, Avg:  0.0, Max:  0.0, Diff:  0.0, Sum:  0.1, Workers: 4
[45.432s][debug][gc,phases      ] GC(112)     Dead                           Min: 0, Avg:  0.0, Max: 0, Diff: 0, Sum: 0, Workers: 4
[45.432s][debug][gc,phases      ] GC(112)     Total                          Min: 1687, Avg: 1845.5, Max: 1920, Diff: 233, Sum: 7382, Workers: 4
[45.432s][debug][gc,phases      ] GC(112)   JNI Weak                       Min:  0.0, Avg:  0.0, Max:  0.0, Diff:  0.0, Sum:  0.0, Workers: 4
[45.432s][debug][gc,phases      ] GC(112)     Dead                           Min: 0, Avg:  0.0, Max: 0, Diff: 0, Sum: 0, Workers: 4
[45.432s][debug][gc,phases      ] GC(112)     Total                          Min: 0, Avg:  0.5, Max: 2, Diff: 2, Sum: 2, Workers: 4
[45.432s][debug][gc,phases      ] GC(112)   StringDedup Table Weak         Min:  0.0, Avg:  0.0, Max:  0.0, Diff:  0.0, Sum:  0.0, Workers: 4
[45.432s][debug][gc,phases      ] GC(112)     Dead                           Min: 0, Avg:  0.0, Max: 0, Diff: 0, Sum: 0, Workers: 4
[45.432s][debug][gc,phases      ] GC(112)     Total                          Min: 0, Avg:  0.0, Max: 0, Diff: 0, Sum: 0, Workers: 4
[45.432s][debug][gc,phases      ] GC(112)   StringDedup Requests0 Weak     Min:  0.0, Avg:  0.0, Max:  0.0, Diff:  0.0, Sum:  0.0, Workers: 4
[45.432s][debug][gc,phases      ] GC(112)     Dead                           Min: 0, Avg:  0.0, Max: 0, Diff: 0, Sum: 0, Workers: 4
[45.432s][debug][gc,phases      ] GC(112)     Total                          Min: 0, Avg:  0.0, Max: 0, Diff: 0, Sum: 0, Workers: 4
[45.432s][debug][gc,phases      ] GC(112)   StringDedup Requests1 Weak     Min:  0.0, Avg:  0.0, Max:  0.0, Diff:  0.0, Sum:  0.0, Workers: 4
[45.432s][debug][gc,phases      ] GC(112)     Dead                           Min: 0, Avg:  0.0, Max: 0, Diff: 0, Sum: 0, Workers: 4
[45.432s][debug][gc,phases      ] GC(112)     Total                          Min: 0, Avg:  0.0, Max: 0, Diff: 0, Sum: 0, Workers: 4
[45.432s][debug][gc,phases      ] GC(112)   Weak JFR Old Object Samples    Min:  0.0, Avg:  0.0, Max:  0.0, Diff:  0.0, Sum:  0.0, Workers: 4
[45.432s][debug][gc,phases      ] GC(112)     Dead                           Min: 0, Avg:  0.0, Max: 0, Diff: 0, Sum: 0, Workers: 4
[45.432s][debug][gc,phases      ] GC(112)     Total                          Min: 0, Avg:  0.0, Max: 0, Diff: 0, Sum: 0, Workers: 4
[45.432s][debug][gc,phases      ] GC(112) Weak Processing 0.328ms
[45.432s][debug][gc,age         ] GC(112) Desired survivor size 208142336 bytes, new threshold 15 (max threshold 15)
[45.432s][info ][gc,heap        ] GC(112) PSYoungGen: 1856814K(1897472K)->156608K(1872896K) Eden: 1716224K(1716224K)->0K(1716224K) From: 140590K(181248K)->156608K(156672K)
[45.432s][info ][gc,heap        ] GC(112) ParOldGen: 553206K(650752K)->553214K(650752K)
[45.432s][info ][gc,metaspace   ] GC(112) Metaspace: 69386K(70144K)->69386K(70144K) NonClass: 59374K(59776K)->59374K(59776K) Class: 10012K(10368K)->10012K(10368K)
[45.432s][info ][gc             ] GC(112) Pause Young (Allocation Failure) 2353M->693M(2464M) 36.441ms
[45.432s][info ][gc,cpu         ] GC(112) User=0.14s Sys=0.00s Real=0.03s
[45.432s][info ][safepoint      ] Safepoint "ParallelGCFailedAllocation", Time since last: 413970845 ns, Reaching safepoint: 178404 ns, At safepoint: 36567232 ns, Total: 36745636 ns
[46.248s][info ][gc,start       ] GC(113) Pause Young (Allocation Failure)
[46.306s][debug][gc,phases      ] GC(113) Scavenge 58.429ms
[46.306s][debug][gc,ref         ] GC(113) Skipped phase 1 of Reference Processing: no references
[46.307s][debug][gc,ref         ] GC(113) ReferenceProcessor::execute queues: 1, RefProcThreadModel::Single, marks_oops_alive: false
[46.307s][debug][gc,ref         ] GC(113) Skipped phase 3 of Reference Processing: no references
[46.307s][debug][gc,ref         ] GC(113) ReferenceProcessor::execute queues: 1, RefProcThreadModel::Single, marks_oops_alive: false
[46.307s][debug][gc,phases      ] GC(113) Reference Processing 0.129ms
[46.307s][debug][gc,phases      ] GC(113)   VM Weak                        Min:  0.0, Avg:  0.0, Max:  0.0, Diff:  0.0, Sum:  0.0, Workers: 4
[46.307s][debug][gc,phases      ] GC(113)     Dead                           Min: 0, Avg:  0.0, Max: 0, Diff: 0, Sum: 0, Workers: 4
[46.307s][debug][gc,phases      ] GC(113)     Total                          Min: 0, Avg: 145.5, Max: 518, Diff: 518, Sum: 582, Workers: 4
[46.307s][debug][gc,phases      ] GC(113)   ObjectSynchronizer Weak        Min:  0.0, Avg:  0.0, Max:  0.0, Diff:  0.0, Sum:  0.0, Workers: 4
[46.307s][debug][gc,phases      ] GC(113)     Dead                           Min: 0, Avg:  0.0, Max: 0, Diff: 0, Sum: 0, Workers: 4
[46.307s][debug][gc,phases      ] GC(113)     Total                          Min: 0, Avg: 113.8, Max: 192, Diff: 192, Sum: 455, Workers: 4
[46.307s][debug][gc,phases      ] GC(113)   JVMTI Tag Weak OopStorage      Min:  0.0, Avg:  0.0, Max:  0.0, Diff:  0.0, Sum:  0.0, Workers: 4
[46.307s][debug][gc,phases      ] GC(113)     Dead                           Min: 0, Avg:  0.0, Max: 0, Diff: 0, Sum: 0, Workers: 4
[46.307s][debug][gc,phases      ] GC(113)     Total                          Min: 0, Avg:  0.0, Max: 0, Diff: 0, Sum: 0, Workers: 4
[46.307s][debug][gc,phases      ] GC(113)   StringTable Weak               Min:  0.1, Avg:  0.1, Max:  0.1, Diff:  0.0, Sum:  0.4, Workers: 4
[46.307s][debug][gc,phases      ] GC(113)     Dead                           Min: 0, Avg:  3.0, Max: 6, Diff: 6, Sum: 12, Workers: 4
[46.307s][debug][gc,phases      ] GC(113)     Total                          Min: 10560, Avg: 10721.2, Max: 10821, Diff: 261, Sum: 42885, Workers: 4
[46.307s][debug][gc,phases      ] GC(113)   ResolvedMethodTable Weak       Min:  0.0, Avg:  0.0, Max:  0.0, Diff:  0.0, Sum:  0.1, Workers: 4
[46.307s][debug][gc,phases      ] GC(113)     Dead                           Min: 0, Avg:  0.0, Max: 0, Diff: 0, Sum: 0, Workers: 4
[46.307s][debug][gc,phases      ] GC(113)     Total                          Min: 1791, Avg: 1846.2, Max: 1920, Diff: 129, Sum: 7385, Workers: 4
[46.307s][debug][gc,phases      ] GC(113)   JNI Weak                       Min:  0.0, Avg:  0.0, Max:  0.0, Diff:  0.0, Sum:  0.0, Workers: 4
[46.307s][debug][gc,phases      ] GC(113)     Dead                           Min: 0, Avg:  0.0, Max: 0, Diff: 0, Sum: 0, Workers: 4
[46.307s][debug][gc,phases      ] GC(113)     Total                          Min: 0, Avg:  0.2, Max: 1, Diff: 1, Sum: 1, Workers: 4
[46.307s][debug][gc,phases      ] GC(113)   StringDedup Table Weak         Min:  0.0, Avg:  0.0, Max:  0.0, Diff:  0.0, Sum:  0.0, Workers: 4
[46.307s][debug][gc,phases      ] GC(113)     Dead                           Min: 0, Avg:  0.0, Max: 0, Diff: 0, Sum: 0, Workers: 4
[46.307s][debug][gc,phases      ] GC(113)     Total                          Min: 0, Avg:  0.0, Max: 0, Diff: 0, Sum: 0, Workers: 4
[46.307s][debug][gc,phases      ] GC(113)   StringDedup Requests0 Weak     Min:  0.0, Avg:  0.0, Max:  0.0, Diff:  0.0, Sum:  0.0, Workers: 4
[46.307s][debug][gc,phases      ] GC(113)     Dead                           Min: 0, Avg:  0.0, Max: 0, Diff: 0, Sum: 0, Workers: 4
[46.307s][debug][gc,phases      ] GC(113)     Total                          Min: 0, Avg:  0.0, Max: 0, Diff: 0, Sum: 0, Workers: 4
[46.307s][debug][gc,phases      ] GC(113)   StringDedup Requests1 Weak     Min:  0.0, Avg:  0.0, Max:  0.0, Diff:  0.0, Sum:  0.0, Workers: 4
[46.307s][debug][gc,phases      ] GC(113)     Dead                           Min: 0, Avg:  0.0, Max: 0, Diff: 0, Sum: 0, Workers: 4
[46.307s][debug][gc,phases      ] GC(113)     Total                          Min: 0, Avg:  0.0, Max: 0, Diff: 0, Sum: 0, Workers: 4
[46.307s][debug][gc,phases      ] GC(113)   Weak JFR Old Object Samples    Min:  0.0, Avg:  0.0, Max:  0.0, Diff:  0.0, Sum:  0.0, Workers: 4
[46.307s][debug][gc,phases      ] GC(113)     Dead                           Min: 0, Avg:  0.0, Max: 0, Diff: 0, Sum: 0, Workers: 4
[46.307s][debug][gc,phases      ] GC(113)     Total                          Min: 0, Avg:  0.0, Max: 0, Diff: 0, Sum: 0, Workers: 4
[46.307s][debug][gc,phases      ] GC(113) Weak Processing 0.336ms
[46.307s][debug][gc,age         ] GC(113) Desired survivor size 238026752 bytes, new threshold 14 (max threshold 15)
[46.307s][info ][gc,heap        ] GC(113) PSYoungGen: 1872832K(1872896K)->203232K(1835520K) Eden: 1716224K(1716224K)->0K(1632256K) From: 156608K(156672K)->203232K(203264K)
[46.307s][info ][gc,heap        ] GC(113) ParOldGen: 553214K(650752K)->558591K(650752K)
[46.307s][info ][gc,metaspace   ] GC(113) Metaspace: 69434K(70144K)->69434K(70144K) NonClass: 59421K(59776K)->59421K(59776K) Class: 10013K(10368K)->10013K(10368K)
[46.307s][info ][gc             ] GC(113) Pause Young (Allocation Failure) 2369M->743M(2428M) 59.035ms
[46.307s][info ][gc,cpu         ] GC(113) User=0.23s Sys=0.00s Real=0.06s
[46.307s][info ][safepoint      ] Safepoint "ParallelGCFailedAllocation", Time since last: 815514272 ns, Reaching safepoint: 109503 ns, At safepoint: 59124506 ns, Total: 59234009 ns
[47.091s][info ][gc,start       ] GC(114) Pause Young (Allocation Failure)
[47.161s][debug][gc,phases      ] GC(114) Scavenge 70.772ms
[47.161s][debug][gc,ref         ] GC(114) Skipped phase 1 of Reference Processing: no references
[47.162s][debug][gc,ref         ] GC(114) ReferenceProcessor::execute queues: 1, RefProcThreadModel::Single, marks_oops_alive: false
[47.162s][debug][gc,ref         ] GC(114) Skipped phase 3 of Reference Processing: no references
[47.162s][debug][gc,ref         ] GC(114) ReferenceProcessor::execute queues: 1, RefProcThreadModel::Single, marks_oops_alive: false
[47.162s][debug][gc,phases      ] GC(114) Reference Processing 0.121ms
[47.162s][debug][gc,phases      ] GC(114)   VM Weak                        Min:  0.0, Avg:  0.0, Max:  0.0, Diff:  0.0, Sum:  0.0, Workers: 4
[47.162s][debug][gc,phases      ] GC(114)     Dead                           Min: 0, Avg:  0.0, Max: 0, Diff: 0, Sum: 0, Workers: 4
[47.162s][debug][gc,phases      ] GC(114)     Total                          Min: 0, Avg: 145.5, Max: 582, Diff: 582, Sum: 582, Workers: 4
[47.162s][debug][gc,phases      ] GC(114)   ObjectSynchronizer Weak        Min:  0.0, Avg:  0.0, Max:  0.0, Diff:  0.0, Sum:  0.0, Workers: 4
[47.162s][debug][gc,phases      ] GC(114)     Dead                           Min: 0, Avg:  0.0, Max: 0, Diff: 0, Sum: 0, Workers: 4
[47.162s][debug][gc,phases      ] GC(114)     Total                          Min: 0, Avg: 113.8, Max: 455, Diff: 455, Sum: 455, Workers: 4
[47.162s][debug][gc,phases      ] GC(114)   JVMTI Tag Weak OopStorage      Min:  0.0, Avg:  0.0, Max:  0.0, Diff:  0.0, Sum:  0.0, Workers: 4
[47.162s][debug][gc,phases      ] GC(114)     Dead                           Min: 0, Avg:  0.0, Max: 0, Diff: 0, Sum: 0, Workers: 4
[47.162s][debug][gc,phases      ] GC(114)     Total                          Min: 0, Avg:  0.0, Max: 0, Diff: 0, Sum: 0, Workers: 4
[47.162s][debug][gc,phases      ] GC(114)   StringTable Weak               Min:  0.1, Avg:  0.1, Max:  0.1, Diff:  0.0, Sum:  0.4, Workers: 4
[47.162s][debug][gc,phases      ] GC(114)     Dead                           Min: 0, Avg:  2.8, Max: 11, Diff: 11, Sum: 11, Workers: 4
[47.162s][debug][gc,phases      ] GC(114)     Total                          Min: 9402, Avg: 10725.5, Max: 11776, Diff: 2374, Sum: 42902, Workers: 4
[47.162s][debug][gc,phases      ] GC(114)   ResolvedMethodTable Weak       Min:  0.0, Avg:  0.0, Max:  0.0, Diff:  0.0, Sum:  0.1, Workers: 4
[47.162s][debug][gc,phases      ] GC(114)     Dead                           Min: 0, Avg:  0.0, Max: 0, Diff: 0, Sum: 0, Workers: 4
[47.162s][debug][gc,phases      ] GC(114)     Total                          Min: 1664, Avg: 1846.2, Max: 1984, Diff: 320, Sum: 7385, Workers: 4
[47.162s][debug][gc,phases      ] GC(114)   JNI Weak                       Min:  0.0, Avg:  0.0, Max:  0.0, Diff:  0.0, Sum:  0.0, Workers: 4
[47.162s][debug][gc,phases      ] GC(114)     Dead                           Min: 0, Avg:  0.0, Max: 0, Diff: 0, Sum: 0, Workers: 4
[47.162s][debug][gc,phases      ] GC(114)     Total                          Min: 0, Avg:  0.0, Max: 0, Diff: 0, Sum: 0, Workers: 4
[47.162s][debug][gc,phases      ] GC(114)   StringDedup Table Weak         Min:  0.0, Avg:  0.0, Max:  0.0, Diff:  0.0, Sum:  0.0, Workers: 4
[47.162s][debug][gc,phases      ] GC(114)     Dead                           Min: 0, Avg:  0.0, Max: 0, Diff: 0, Sum: 0, Workers: 4
[47.162s][debug][gc,phases      ] GC(114)     Total                          Min: 0, Avg:  0.0, Max: 0, Diff: 0, Sum: 0, Workers: 4
[47.162s][debug][gc,phases      ] GC(114)   StringDedup Requests0 Weak     Min:  0.0, Avg:  0.0, Max:  0.0, Diff:  0.0, Sum:  0.0, Workers: 4
[47.162s][debug][gc,phases      ] GC(114)     Dead                           Min: 0, Avg:  0.0, Max: 0, Diff: 0, Sum: 0, Workers: 4
[47.162s][debug][gc,phases      ] GC(114)     Total                          Min: 0, Avg:  0.0, Max: 0, Diff: 0, Sum: 0, Workers: 4
[47.162s][debug][gc,phases      ] GC(114)   StringDedup Requests1 Weak     Min:  0.0, Avg:  0.0, Max:  0.0, Diff:  0.0, Sum:  0.0, Workers: 4
[47.162s][debug][gc,phases      ] GC(114)     Dead                           Min: 0, Avg:  0.0, Max: 0, Diff: 0, Sum: 0, Workers: 4
[47.162s][debug][gc,phases      ] GC(114)     Total                          Min: 0, Avg:  0.0, Max: 0, Diff: 0, Sum: 0, Workers: 4
[47.162s][debug][gc,phases      ] GC(114)   Weak JFR Old Object Samples    Min:  0.0, Avg:  0.0, Max:  0.0, Diff:  0.0, Sum:  0.0, Workers: 4
[47.162s][debug][gc,phases      ] GC(114)     Dead                           Min: 0, Avg:  0.0, Max: 0, Diff: 0, Sum: 0, Workers: 4
[47.162s][debug][gc,phases      ] GC(114)     Total                          Min: 0, Avg:  0.0, Max: 0, Diff: 0, Sum: 0, Workers: 4
[47.162s][debug][gc,phases      ] GC(114) Weak Processing 0.323ms
[47.162s][debug][gc,age         ] GC(114) Desired survivor size 279445504 bytes, new threshold 13 (max threshold 15)
[47.162s][info ][gc,heap        ] GC(114) PSYoungGen: 1835488K(1835520K)->232443K(1864704K) Eden: 1632256K(1632256K)->0K(1632256K) From: 203232K(203264K)->232443K(232448K)
[47.162s][info ][gc,heap        ] GC(114) ParOldGen: 558591K(650752K)->581568K(650752K)
[47.162s][info ][gc,metaspace   ] GC(114) Metaspace: 69458K(70208K)->69458K(70208K) NonClass: 59445K(59840K)->59445K(59840K) Class: 10013K(10368K)->10013K(10368K)
[47.162s][info ][gc             ] GC(114) Pause Young (Allocation Failure) 2337M->794M(2456M) 71.359ms
[47.162s][info ][gc,cpu         ] GC(114) User=0.28s Sys=0.01s Real=0.08s
[47.162s][info ][safepoint      ] Safepoint "ParallelGCFailedAllocation", Time since last: 783420855 ns, Reaching safepoint: 181304 ns, At safepoint: 71447620 ns, Total: 71628924 ns
[47.978s][info ][gc,start       ] GC(115) Pause Young (Allocation Failure)
[48.072s][debug][gc,phases      ] GC(115) Scavenge 94.067ms
[48.072s][debug][gc,ref         ] GC(115) Skipped phase 1 of Reference Processing: no references
[48.072s][debug][gc,ref         ] GC(115) ReferenceProcessor::execute queues: 1, RefProcThreadModel::Single, marks_oops_alive: false
[48.072s][debug][gc,ref         ] GC(115) Skipped phase 3 of Reference Processing: no references
[48.072s][debug][gc,ref         ] GC(115) ReferenceProcessor::execute queues: 1, RefProcThreadModel::Single, marks_oops_alive: false
[48.072s][debug][gc,phases      ] GC(115) Reference Processing 0.137ms
[48.072s][debug][gc,phases      ] GC(115)   VM Weak                        Min:  0.0, Avg:  0.0, Max:  0.0, Diff:  0.0, Sum:  0.0, Workers: 4
[48.072s][debug][gc,phases      ] GC(115)     Dead                           Min: 0, Avg:  0.0, Max: 0, Diff: 0, Sum: 0, Workers: 4
[48.072s][debug][gc,phases      ] GC(115)     Total                          Min: 0, Avg: 145.5, Max: 326, Diff: 326, Sum: 582, Workers: 4
[48.072s][debug][gc,phases      ] GC(115)   ObjectSynchronizer Weak        Min:  0.0, Avg:  0.0, Max:  0.0, Diff:  0.0, Sum:  0.0, Workers: 4
[48.072s][debug][gc,phases      ] GC(115)     Dead                           Min: 0, Avg:  0.0, Max: 0, Diff: 0, Sum: 0, Workers: 4
[48.072s][debug][gc,phases      ] GC(115)     Total                          Min: 0, Avg: 113.8, Max: 192, Diff: 192, Sum: 455, Workers: 4
[48.072s][debug][gc,phases      ] GC(115)   JVMTI Tag Weak OopStorage      Min:  0.0, Avg:  0.0, Max:  0.0, Diff:  0.0, Sum:  0.0, Workers: 4
[48.072s][debug][gc,phases      ] GC(115)     Dead                           Min: 0, Avg:  0.0, Max: 0, Diff: 0, Sum: 0, Workers: 4
[48.072s][debug][gc,phases      ] GC(115)     Total                          Min: 0, Avg:  0.0, Max: 0, Diff: 0, Sum: 0, Workers: 4
[48.072s][debug][gc,phases      ] GC(115)   StringTable Weak               Min:  0.1, Avg:  0.1, Max:  0.1, Diff:  0.0, Sum:  0.4, Workers: 4
[48.072s][debug][gc,phases      ] GC(115)     Dead                           Min: 0, Avg:  2.8, Max: 7, Diff: 7, Sum: 11, Workers: 4
[48.072s][debug][gc,phases      ] GC(115)     Total                          Min: 10176, Avg: 10725.8, Max: 11648, Diff: 1472, Sum: 42903, Workers: 4
[48.072s][debug][gc,phases      ] GC(115)   ResolvedMethodTable Weak       Min:  0.0, Avg:  0.0, Max:  0.0, Diff:  0.0, Sum:  0.1, Workers: 4
[48.072s][debug][gc,phases      ] GC(115)     Dead                           Min: 0, Avg:  0.0, Max: 0, Diff: 0, Sum: 0, Workers: 4
[48.072s][debug][gc,phases      ] GC(115)     Total                          Min: 1663, Avg: 1846.2, Max: 2240, Diff: 577, Sum: 7385, Workers: 4
[48.072s][debug][gc,phases      ] GC(115)   JNI Weak                       Min:  0.0, Avg:  0.0, Max:  0.0, Diff:  0.0, Sum:  0.0, Workers: 4
[48.072s][debug][gc,phases      ] GC(115)     Dead                           Min: 0, Avg:  0.0, Max: 0, Diff: 0, Sum: 0, Workers: 4
[48.072s][debug][gc,phases      ] GC(115)     Total                          Min: 0, Avg:  0.2, Max: 1, Diff: 1, Sum: 1, Workers: 4
[48.072s][debug][gc,phases      ] GC(115)   StringDedup Table Weak         Min:  0.0, Avg:  0.0, Max:  0.0, Diff:  0.0, Sum:  0.0, Workers: 4
[48.072s][debug][gc,phases      ] GC(115)     Dead                           Min: 0, Avg:  0.0, Max: 0, Diff: 0, Sum: 0, Workers: 4
[48.072s][debug][gc,phases      ] GC(115)     Total                          Min: 0, Avg:  0.0, Max: 0, Diff: 0, Sum: 0, Workers: 4
[48.072s][debug][gc,phases      ] GC(115)   StringDedup Requests0 Weak     Min:  0.0, Avg:  0.0, Max:  0.0, Diff:  0.0, Sum:  0.0, Workers: 4
[48.072s][debug][gc,phases      ] GC(115)     Dead                           Min: 0, Avg:  0.0, Max: 0, Diff: 0, Sum: 0, Workers: 4
[48.072s][debug][gc,phases      ] GC(115)     Total                          Min: 0, Avg:  0.0, Max: 0, Diff: 0, Sum: 0, Workers: 4
[48.072s][debug][gc,phases      ] GC(115)   StringDedup Requests1 Weak     Min:  0.0, Avg:  0.0, Max:  0.0, Diff:  0.0, Sum:  0.0, Workers: 4
[48.072s][debug][gc,phases      ] GC(115)     Dead                           Min: 0, Avg:  0.0, Max: 0, Diff: 0, Sum: 0, Workers: 4
[48.072s][debug][gc,phases      ] GC(115)     Total                          Min: 0, Avg:  0.0, Max: 0, Diff: 0, Sum: 0, Workers: 4
[48.072s][debug][gc,phases      ] GC(115)   Weak JFR Old Object Samples    Min:  0.0, Avg:  0.0, Max:  0.0, Diff:  0.0, Sum:  0.0, Workers: 4
[48.072s][debug][gc,phases      ] GC(115)     Dead                           Min: 0, Avg:  0.0, Max: 0, Diff: 0, Sum: 0, Workers: 4
[48.072s][debug][gc,phases      ] GC(115)     Total                          Min: 0, Avg:  0.0, Max: 0, Diff: 0, Sum: 0, Workers: 4
[48.072s][debug][gc,phases      ] GC(115) Weak Processing 0.299ms
[48.072s][debug][gc,age         ] GC(115) Desired survivor size 322437120 bytes, new threshold 12 (max threshold 15)
[48.072s][info ][gc,heap        ] GC(115) PSYoungGen: 1864699K(1864704K)->232416K(1699840K) Eden: 1632256K(1632256K)->0K(1467392K) From: 232443K(232448K)->232416K(232448K)
[48.072s][info ][gc,heap        ] GC(115) ParOldGen: 581568K(650752K)->629210K(650752K)
[48.072s][info ][gc,metaspace   ] GC(115) Metaspace: 69487K(70272K)->69487K(70272K) NonClass: 59474K(59904K)->59474K(59904K) Class: 10013K(10368K)->10013K(10368K)
[48.072s][info ][gc             ] GC(115) Pause Young (Allocation Failure) 2388M->841M(2295M) 94.653ms
[48.072s][info ][gc,cpu         ] GC(115) User=0.38s Sys=0.01s Real=0.09s
[48.072s][debug][gc,phases      ] GC(116) Pre Compact 0.010ms
[48.072s][info ][gc,start       ] GC(116) Pause Full (Ergonomics)
[48.072s][info ][gc,phases,start] GC(116) Marking Phase
[48.238s][debug][gc,phases      ] GC(116) Par Mark 165.722ms
[48.238s][debug][gc,ref         ] GC(116) Skipped phase 1 of Reference Processing: no references
[48.238s][debug][gc,ref         ] GC(116) ReferenceProcessor::execute queues: 4, RefProcThreadModel::Multi, marks_oops_alive: false
[48.238s][debug][gc,ref         ] GC(116) Skipped phase 3 of Reference Processing: no references
[48.238s][debug][gc,ref         ] GC(116) ReferenceProcessor::execute queues: 1, RefProcThreadModel::Single, marks_oops_alive: false
[48.239s][debug][gc,phases      ] GC(116) Reference Processing 0.421ms
[48.239s][debug][gc,phases      ] GC(116)   VM Weak                        Min:  0.0, Avg:  0.0, Max:  0.0, Diff:  0.0, Sum:  0.0, Workers: 4
[48.239s][debug][gc,phases      ] GC(116)     Dead                           Min: 0, Avg:  0.0, Max: 0, Diff: 0, Sum: 0, Workers: 4
[48.239s][debug][gc,phases      ] GC(116)     Total                          Min: 0, Avg: 145.5, Max: 390, Diff: 390, Sum: 582, Workers: 4
[48.239s][debug][gc,phases      ] GC(116)   ObjectSynchronizer Weak        Min:  0.0, Avg:  0.0, Max:  0.0, Diff:  0.0, Sum:  0.0, Workers: 4
[48.239s][debug][gc,phases      ] GC(116)     Dead                           Min: 0, Avg:  0.0, Max: 0, Diff: 0, Sum: 0, Workers: 4
[48.239s][debug][gc,phases      ] GC(116)     Total                          Min: 0, Avg: 113.8, Max: 192, Diff: 192, Sum: 455, Workers: 4
[48.239s][debug][gc,phases      ] GC(116)   JVMTI Tag Weak OopStorage      Min:  0.0, Avg:  0.0, Max:  0.0, Diff:  0.0, Sum:  0.0, Workers: 4
[48.239s][debug][gc,phases      ] GC(116)     Dead                           Min: 0, Avg:  0.0, Max: 0, Diff: 0, Sum: 0, Workers: 4
[48.239s][debug][gc,phases      ] GC(116)     Total                          Min: 0, Avg:  0.0, Max: 0, Diff: 0, Sum: 0, Workers: 4
[48.239s][debug][gc,phases      ] GC(116)   StringTable Weak               Min:  0.1, Avg:  0.1, Max:  0.1, Diff:  0.0, Sum:  0.6, Workers: 4
[48.239s][debug][gc,phases      ] GC(116)     Dead                           Min: 0, Avg:  0.0, Max: 0, Diff: 0, Sum: 0, Workers: 4
[48.239s][debug][gc,phases      ] GC(116)     Total                          Min: 9920, Avg: 10725.8, Max: 11648, Diff: 1728, Sum: 42903, Workers: 4
[48.239s][debug][gc,phases      ] GC(116)   ResolvedMethodTable Weak       Min:  0.0, Avg:  0.0, Max:  0.0, Diff:  0.0, Sum:  0.1, Workers: 4
[48.239s][debug][gc,phases      ] GC(116)     Dead                           Min: 0, Avg:  0.0, Max: 0, Diff: 0, Sum: 0, Workers: 4
[48.239s][debug][gc,phases      ] GC(116)     Total                          Min: 1664, Avg: 1846.2, Max: 1946, Diff: 282, Sum: 7385, Workers: 4
[48.239s][debug][gc,phases      ] GC(116)   JNI Weak                       Min:  0.0, Avg:  0.0, Max:  0.0, Diff:  0.0, Sum:  0.0, Workers: 4
[48.239s][debug][gc,phases      ] GC(116)     Dead                           Min: 0, Avg:  0.0, Max: 0, Diff: 0, Sum: 0, Workers: 4
[48.239s][debug][gc,phases      ] GC(116)     Total                          Min: 0, Avg:  0.2, Max: 1, Diff: 1, Sum: 1, Workers: 4
[48.239s][debug][gc,phases      ] GC(116)   StringDedup Table Weak         Min:  0.0, Avg:  0.0, Max:  0.0, Diff:  0.0, Sum:  0.0, Workers: 4
[48.239s][debug][gc,phases      ] GC(116)     Dead                           Min: 0, Avg:  0.0, Max: 0, Diff: 0, Sum: 0, Workers: 4
[48.239s][debug][gc,phases      ] GC(116)     Total                          Min: 0, Avg:  0.0, Max: 0, Diff: 0, Sum: 0, Workers: 4
[48.239s][debug][gc,phases      ] GC(116)   StringDedup Requests0 Weak     Min:  0.0, Avg:  0.0, Max:  0.0, Diff:  0.0, Sum:  0.0, Workers: 4
[48.239s][debug][gc,phases      ] GC(116)     Dead                           Min: 0, Avg:  0.0, Max: 0, Diff: 0, Sum: 0, Workers: 4
[48.239s][debug][gc,phases      ] GC(116)     Total                          Min: 0, Avg:  0.0, Max: 0, Diff: 0, Sum: 0, Workers: 4
[48.239s][debug][gc,phases      ] GC(116)   StringDedup Requests1 Weak     Min:  0.0, Avg:  0.0, Max:  0.0, Diff:  0.0, Sum:  0.0, Workers: 4
[48.239s][debug][gc,phases      ] GC(116)     Dead                           Min: 0, Avg:  0.0, Max: 0, Diff: 0, Sum: 0, Workers: 4
[48.239s][debug][gc,phases      ] GC(116)     Total                          Min: 0, Avg:  0.0, Max: 0, Diff: 0, Sum: 0, Workers: 4
[48.239s][debug][gc,phases      ] GC(116)   Weak JFR Old Object Samples    Min:  0.0, Avg:  0.0, Max:  0.0, Diff:  0.0, Sum:  0.0, Workers: 4
[48.239s][debug][gc,phases      ] GC(116)     Dead                           Min: 0, Avg:  0.0, Max: 0, Diff: 0, Sum: 0, Workers: 4
[48.239s][debug][gc,phases      ] GC(116)     Total                          Min: 0, Avg:  0.0, Max: 0, Diff: 0, Sum: 0, Workers: 4
[48.239s][debug][gc,phases      ] GC(116) Weak Processing 0.358ms
[48.239s][debug][gc,phases      ] GC(116) ClassLoaderData 0.081ms
[48.239s][debug][gc,phases      ] GC(116) Trigger cleanups 0.000ms
[48.250s][debug][gc,phases      ] GC(116) Class Unloading 11.179ms
[48.250s][info ][gc,phases      ] GC(116) Marking Phase 177.865ms
[48.250s][info ][gc,phases,start] GC(116) Summary Phase
[48.250s][info ][gc,phases      ] GC(116) Summary Phase 0.027ms
[48.250s][info ][gc,phases,start] GC(116) Adjust Roots
[48.260s][info ][gc,phases      ] GC(116) Adjust Roots 9.611ms
[48.260s][info ][gc,phases,start] GC(116) Compaction Phase
[48.578s][info ][gc,phases      ] GC(116) Compaction Phase 318.314ms
[48.578s][info ][gc,phases,start] GC(116) Post Compact
[48.581s][info ][gc,phases      ] GC(116) Post Compact 2.699ms
[48.581s][info ][gc,heap        ] GC(116) PSYoungGen: 232416K(1699840K)->0K(1782272K) Eden: 0K(1467392K)->0K(1467392K) From: 232416K(232448K)->0K(314880K)
[48.581s][info ][gc,heap        ] GC(116) ParOldGen: 629210K(650752K)->526280K(653312K)
[48.581s][info ][gc,metaspace   ] GC(116) Metaspace: 69487K(70272K)->69487K(70272K) NonClass: 59474K(59904K)->59474K(59904K) Class: 10013K(10368K)->10013K(10368K)
[48.581s][info ][gc             ] GC(116) Pause Full (Ergonomics) 841M->513M(2378M) 508.754ms
[48.581s][info ][gc,cpu         ] GC(116) User=1.96s Sys=0.00s Real=0.51s
[48.581s][info ][safepoint      ] Safepoint "ParallelGCFailedAllocation", Time since last: 815258166 ns, Reaching safepoint: 169204 ns, At safepoint: 603588474 ns, Total: 603757678 ns
[49.295s][info ][gc,start       ] GC(117) Pause Young (Allocation Failure)
[49.305s][debug][gc,phases      ] GC(117) Scavenge 9.716ms
[49.305s][debug][gc,ref         ] GC(117) Skipped phase 1 of Reference Processing: no references
[49.305s][debug][gc,ref         ] GC(117) ReferenceProcessor::execute queues: 1, RefProcThreadModel::Single, marks_oops_alive: false
[49.305s][debug][gc,ref         ] GC(117) Skipped phase 3 of Reference Processing: no references
[49.305s][debug][gc,ref         ] GC(117) Skipped phase 4 of Reference Processing: no references
[49.305s][debug][gc,phases      ] GC(117) Reference Processing 0.117ms
[49.305s][debug][gc,phases      ] GC(117)   VM Weak                        Min:  0.0, Avg:  0.0, Max:  0.0, Diff:  0.0, Sum:  0.0, Workers: 4
[49.305s][debug][gc,phases      ] GC(117)     Dead                           Min: 0, Avg:  0.0, Max: 0, Diff: 0, Sum: 0, Workers: 4
[49.305s][debug][gc,phases      ] GC(117)     Total                          Min: 0, Avg: 145.5, Max: 384, Diff: 384, Sum: 582, Workers: 4
[49.305s][debug][gc,phases      ] GC(117)   ObjectSynchronizer Weak        Min:  0.0, Avg:  0.0, Max:  0.0, Diff:  0.0, Sum:  0.0, Workers: 4
[49.305s][debug][gc,phases      ] GC(117)     Dead                           Min: 0, Avg:  0.0, Max: 0, Diff: 0, Sum: 0, Workers: 4
[49.305s][debug][gc,phases      ] GC(117)     Total                          Min: 0, Avg: 113.8, Max: 192, Diff: 192, Sum: 455, Workers: 4
[49.305s][debug][gc,phases      ] GC(117)   JVMTI Tag Weak OopStorage      Min:  0.0, Avg:  0.0, Max:  0.0, Diff:  0.0, Sum:  0.0, Workers: 4
[49.305s][debug][gc,phases      ] GC(117)     Dead                           Min: 0, Avg:  0.0, Max: 0, Diff: 0, Sum: 0, Workers: 4
[49.305s][debug][gc,phases      ] GC(117)     Total                          Min: 0, Avg:  0.0, Max: 0, Diff: 0, Sum: 0, Workers: 4
[49.305s][debug][gc,phases      ] GC(117)   StringTable Weak               Min:  0.1, Avg:  0.1, Max:  0.1, Diff:  0.0, Sum:  0.4, Workers: 4
[49.305s][debug][gc,phases      ] GC(117)     Dead                           Min: 0, Avg:  2.8, Max: 11, Diff: 11, Sum: 11, Workers: 4
[49.305s][debug][gc,phases      ] GC(117)     Total                          Min: 9535, Avg: 10726.5, Max: 12220, Diff: 2685, Sum: 42906, Workers: 4
[49.305s][debug][gc,phases      ] GC(117)   ResolvedMethodTable Weak       Min:  0.0, Avg:  0.0, Max:  0.0, Diff:  0.0, Sum:  0.1, Workers: 4
[49.305s][debug][gc,phases      ] GC(117)     Dead                           Min: 0, Avg:  0.0, Max: 0, Diff: 0, Sum: 0, Workers: 4
[49.305s][debug][gc,phases      ] GC(117)     Total                          Min: 1600, Avg: 1846.2, Max: 2074, Diff: 474, Sum: 7385, Workers: 4
[49.305s][debug][gc,phases      ] GC(117)   JNI Weak                       Min:  0.0, Avg:  0.0, Max:  0.0, Diff:  0.0, Sum:  0.0, Workers: 4
[49.305s][debug][gc,phases      ] GC(117)     Dead                           Min: 0, Avg:  0.0, Max: 0, Diff: 0, Sum: 0, Workers: 4
[49.305s][debug][gc,phases      ] GC(117)     Total                          Min: 0, Avg:  0.2, Max: 1, Diff: 1, Sum: 1, Workers: 4
[49.305s][debug][gc,phases      ] GC(117)   StringDedup Table Weak         Min:  0.0, Avg:  0.0, Max:  0.0, Diff:  0.0, Sum:  0.0, Workers: 4
[49.305s][debug][gc,phases      ] GC(117)     Dead                           Min: 0, Avg:  0.0, Max: 0, Diff: 0, Sum: 0, Workers: 4
[49.305s][debug][gc,phases      ] GC(117)     Total                          Min: 0, Avg:  0.0, Max: 0, Diff: 0, Sum: 0, Workers: 4
[49.305s][debug][gc,phases      ] GC(117)   StringDedup Requests0 Weak     Min:  0.0, Avg:  0.0, Max:  0.0, Diff:  0.0, Sum:  0.0, Workers: 4
[49.305s][debug][gc,phases      ] GC(117)     Dead                           Min: 0, Avg:  0.0, Max: 0, Diff: 0, Sum: 0, Workers: 4
[49.305s][debug][gc,phases      ] GC(117)     Total                          Min: 0, Avg:  0.0, Max: 0, Diff: 0, Sum: 0, Workers: 4
[49.305s][debug][gc,phases      ] GC(117)   StringDedup Requests1 Weak     Min:  0.0, Avg:  0.0, Max:  0.0, Diff:  0.0, Sum:  0.0, Workers: 4
[49.305s][debug][gc,phases      ] GC(117)     Dead                           Min: 0, Avg:  0.0, Max: 0, Diff: 0, Sum: 0, Workers: 4
[49.305s][debug][gc,phases      ] GC(117)     Total                          Min: 0, Avg:  0.0, Max: 0, Diff: 0, Sum: 0, Workers: 4
[49.305s][debug][gc,phases      ] GC(117)   Weak JFR Old Object Samples    Min:  0.0, Avg:  0.0, Max:  0.0, Diff:  0.0, Sum:  0.0, Workers: 4
[49.305s][debug][gc,phases      ] GC(117)     Dead                           Min: 0, Avg:  0.0, Max: 0, Diff: 0, Sum: 0, Workers: 4
[49.305s][debug][gc,phases      ] GC(117)     Total                          Min: 0, Avg:  0.0, Max: 0, Diff: 0, Sum: 0, Workers: 4
[49.305s][debug][gc,phases      ] GC(117) Weak Processing 0.312ms
[49.305s][debug][gc,age         ] GC(117) Desired survivor size 324009984 bytes, new threshold 13 (max threshold 15)
[49.305s][info ][gc,heap        ] GC(117) PSYoungGen: 1467392K(1782272K)->34160K(1779200K) Eden: 1467392K(1467392K)->0K(1464320K) From: 0K(314880K)->34160K(314880K)
[49.305s][info ][gc,heap        ] GC(117) ParOldGen: 526280K(653312K)->526280K(653312K)
[49.305s][info ][gc,metaspace   ] GC(117) Metaspace: 69496K(70272K)->69496K(70272K) NonClass: 59483K(59904K)->59483K(59904K) Class: 10013K(10368K)->10013K(10368K)
[49.305s][info ][gc             ] GC(117) Pause Young (Allocation Failure) 1946M->547M(2375M) 10.284ms
[49.305s][info ][gc,cpu         ] GC(117) User=0.05s Sys=0.00s Real=0.01s
[49.305s][info ][safepoint      ] Safepoint "ParallelGCFailedAllocation", Time since last: 713616677 ns, Reaching safepoint: 154304 ns, At safepoint: 10377664 ns, Total: 10531968 ns
[49.993s][info ][gc,start       ] GC(118) Pause Young (Allocation Failure)
[50.016s][debug][gc,phases      ] GC(118) Scavenge 23.773ms
[50.016s][debug][gc,ref         ] GC(118) Skipped phase 1 of Reference Processing: no references
[50.016s][debug][gc,ref         ] GC(118) ReferenceProcessor::execute queues: 1, RefProcThreadModel::Single, marks_oops_alive: false
[50.017s][debug][gc,ref         ] GC(118) Skipped phase 3 of Reference Processing: no references
[50.017s][debug][gc,ref         ] GC(118) Skipped phase 4 of Reference Processing: no references
[50.017s][debug][gc,phases      ] GC(118) Reference Processing 0.149ms
[50.017s][debug][gc,phases      ] GC(118)   VM Weak                        Min:  0.0, Avg:  0.0, Max:  0.0, Diff:  0.0, Sum:  0.0, Workers: 4
[50.017s][debug][gc,phases      ] GC(118)     Dead                           Min: 0, Avg:  0.0, Max: 0, Diff: 0, Sum: 0, Workers: 4
[50.017s][debug][gc,phases      ] GC(118)     Total                          Min: 0, Avg: 145.5, Max: 320, Diff: 320, Sum: 582, Workers: 4
[50.017s][debug][gc,phases      ] GC(118)   ObjectSynchronizer Weak        Min:  0.0, Avg:  0.0, Max:  0.0, Diff:  0.0, Sum:  0.0, Workers: 4
[50.017s][debug][gc,phases      ] GC(118)     Dead                           Min: 0, Avg:  0.0, Max: 0, Diff: 0, Sum: 0, Workers: 4
[50.017s][debug][gc,phases      ] GC(118)     Total                          Min: 0, Avg: 113.8, Max: 192, Diff: 192, Sum: 455, Workers: 4
[50.017s][debug][gc,phases      ] GC(118)   JVMTI Tag Weak OopStorage      Min:  0.0, Avg:  0.0, Max:  0.0, Diff:  0.0, Sum:  0.0, Workers: 4
[50.017s][debug][gc,phases      ] GC(118)     Dead                           Min: 0, Avg:  0.0, Max: 0, Diff: 0, Sum: 0, Workers: 4
[50.017s][debug][gc,phases      ] GC(118)     Total                          Min: 0, Avg:  0.0, Max: 0, Diff: 0, Sum: 0, Workers: 4
[50.017s][debug][gc,phases      ] GC(118)   StringTable Weak               Min:  0.1, Avg:  0.1, Max:  0.1, Diff:  0.0, Sum:  0.4, Workers: 4
[50.017s][debug][gc,phases      ] GC(118)     Dead                           Min: 0, Avg:  2.8, Max: 6, Diff: 6, Sum: 11, Workers: 4
[50.017s][debug][gc,phases      ] GC(118)     Total                          Min: 9472, Avg: 10727.5, Max: 13214, Diff: 3742, Sum: 42910, Workers: 4
[50.017s][debug][gc,phases      ] GC(118)   ResolvedMethodTable Weak       Min:  0.0, Avg:  0.0, Max:  0.0, Diff:  0.0, Sum:  0.1, Workers: 4
[50.017s][debug][gc,phases      ] GC(118)     Dead                           Min: 0, Avg:  0.0, Max: 0, Diff: 0, Sum: 0, Workers: 4
[50.017s][debug][gc,phases      ] GC(118)     Total                          Min: 1626, Avg: 1846.2, Max: 2112, Diff: 486, Sum: 7385, Workers: 4
[50.017s][debug][gc,phases      ] GC(118)   JNI Weak                       Min:  0.0, Avg:  0.0, Max:  0.0, Diff:  0.0, Sum:  0.0, Workers: 4
[50.017s][debug][gc,phases      ] GC(118)     Dead                           Min: 0, Avg:  0.0, Max: 0, Diff: 0, Sum: 0, Workers: 4
[50.017s][debug][gc,phases      ] GC(118)     Total                          Min: 0, Avg:  0.0, Max: 0, Diff: 0, Sum: 0, Workers: 4
[50.017s][debug][gc,phases      ] GC(118)   StringDedup Table Weak         Min:  0.0, Avg:  0.0, Max:  0.0, Diff:  0.0, Sum:  0.0, Workers: 4
[50.017s][debug][gc,phases      ] GC(118)     Dead                           Min: 0, Avg:  0.0, Max: 0, Diff: 0, Sum: 0, Workers: 4
[50.017s][debug][gc,phases      ] GC(118)     Total                          Min: 0, Avg:  0.0, Max: 0, Diff: 0, Sum: 0, Workers: 4
[50.017s][debug][gc,phases      ] GC(118)   StringDedup Requests0 Weak     Min:  0.0, Avg:  0.0, Max:  0.0, Diff:  0.0, Sum:  0.0, Workers: 4
[50.017s][debug][gc,phases      ] GC(118)     Dead                           Min: 0, Avg:  0.0, Max: 0, Diff: 0, Sum: 0, Workers: 4
[50.017s][debug][gc,phases      ] GC(118)     Total                          Min: 0, Avg:  0.0, Max: 0, Diff: 0, Sum: 0, Workers: 4
[50.017s][debug][gc,phases      ] GC(118)   StringDedup Requests1 Weak     Min:  0.0, Avg:  0.0, Max:  0.0, Diff:  0.0, Sum:  0.0, Workers: 4
[50.017s][debug][gc,phases      ] GC(118)     Dead                           Min: 0, Avg:  0.0, Max: 0, Diff: 0, Sum: 0, Workers: 4
[50.017s][debug][gc,phases      ] GC(118)     Total                          Min: 0, Avg:  0.0, Max: 0, Diff: 0, Sum: 0, Workers: 4
[50.017s][debug][gc,phases      ] GC(118)   Weak JFR Old Object Samples    Min:  0.0, Avg:  0.0, Max:  0.0, Diff:  0.0, Sum:  0.0, Workers: 4
[50.017s][debug][gc,phases      ] GC(118)     Dead                           Min: 0, Avg:  0.0, Max: 0, Diff: 0, Sum: 0, Workers: 4
[50.017s][debug][gc,phases      ] GC(118)     Total                          Min: 0, Avg:  0.0, Max: 0, Diff: 0, Sum: 0, Workers: 4
[50.017s][debug][gc,phases      ] GC(118) Weak Processing 0.317ms
[50.017s][debug][gc,age         ] GC(118) Desired survivor size 313524224 bytes, new threshold 14 (max threshold 15)
[50.017s][info ][gc,heap        ] GC(118) PSYoungGen: 1498480K(1779200K)->84056K(1780736K) Eden: 1464320K(1464320K)->0K(1464320K) From: 34160K(314880K)->84056K(316416K)
[50.017s][info ][gc,heap        ] GC(118) ParOldGen: 526280K(653312K)->526280K(653312K)
[50.017s][info ][gc,metaspace   ] GC(118) Metaspace: 69504K(70272K)->69504K(70272K) NonClass: 59490K(59904K)->59490K(59904K) Class: 10013K(10368K)->10013K(10368K)
[50.017s][info ][gc             ] GC(118) Pause Young (Allocation Failure) 1977M->596M(2377M) 24.379ms
[50.017s][info ][gc,cpu         ] GC(118) User=0.10s Sys=0.00s Real=0.03s
[50.017s][info ][safepoint      ] Safepoint "ParallelGCFailedAllocation", Time since last: 687077401 ns, Reaching safepoint: 204105 ns, At safepoint: 24481324 ns, Total: 24685429 ns
[50.681s][info ][gc,start       ] GC(119) Pause Young (Allocation Failure)
[50.718s][debug][gc,phases      ] GC(119) Scavenge 36.872ms
[50.718s][debug][gc,ref         ] GC(119) Skipped phase 1 of Reference Processing: no references
[50.718s][debug][gc,ref         ] GC(119) ReferenceProcessor::execute queues: 1, RefProcThreadModel::Single, marks_oops_alive: false
[50.718s][debug][gc,ref         ] GC(119) Skipped phase 3 of Reference Processing: no references
[50.718s][debug][gc,ref         ] GC(119) ReferenceProcessor::execute queues: 1, RefProcThreadModel::Single, marks_oops_alive: false
[50.718s][debug][gc,phases      ] GC(119) Reference Processing 0.135ms
[50.718s][debug][gc,phases      ] GC(119)   VM Weak                        Min:  0.0, Avg:  0.0, Max:  0.0, Diff:  0.0, Sum:  0.0, Workers: 4
[50.718s][debug][gc,phases      ] GC(119)     Dead                           Min: 0, Avg:  0.0, Max: 0, Diff: 0, Sum: 0, Workers: 4
[50.718s][debug][gc,phases      ] GC(119)     Total                          Min: 0, Avg: 145.5, Max: 582, Diff: 582, Sum: 582, Workers: 4
[50.718s][debug][gc,phases      ] GC(119)   ObjectSynchronizer Weak        Min:  0.0, Avg:  0.0, Max:  0.0, Diff:  0.0, Sum:  0.0, Workers: 4
[50.718s][debug][gc,phases      ] GC(119)     Dead                           Min: 0, Avg:  0.0, Max: 0, Diff: 0, Sum: 0, Workers: 4
[50.718s][debug][gc,phases      ] GC(119)     Total                          Min: 0, Avg: 113.8, Max: 263, Diff: 263, Sum: 455, Workers: 4
[50.718s][debug][gc,phases      ] GC(119)   JVMTI Tag Weak OopStorage      Min:  0.0, Avg:  0.0, Max:  0.0, Diff:  0.0, Sum:  0.0, Workers: 4
[50.718s][debug][gc,phases      ] GC(119)     Dead                           Min: 0, Avg:  0.0, Max: 0, Diff: 0, Sum: 0, Workers: 4
[50.718s][debug][gc,phases      ] GC(119)     Total                          Min: 0, Avg:  0.0, Max: 0, Diff: 0, Sum: 0, Workers: 4
[50.718s][debug][gc,phases      ] GC(119)   StringTable Weak               Min:  0.1, Avg:  0.1, Max:  0.1, Diff:  0.0, Sum:  0.4, Workers: 4
[50.718s][debug][gc,phases      ] GC(119)     Dead                           Min: 0, Avg:  2.8, Max: 11, Diff: 11, Sum: 11, Workers: 4
[50.718s][debug][gc,phases      ] GC(119)     Total                          Min: 10432, Avg: 10742.2, Max: 11008, Diff: 576, Sum: 42969, Workers: 4
[50.718s][debug][gc,phases      ] GC(119)   ResolvedMethodTable Weak       Min:  0.0, Avg:  0.0, Max:  0.0, Diff:  0.0, Sum:  0.1, Workers: 4
[50.718s][debug][gc,phases      ] GC(119)     Dead                           Min: 0, Avg:  1.2, Max: 4, Diff: 4, Sum: 5, Workers: 4
[50.718s][debug][gc,phases      ] GC(119)     Total                          Min: 1790, Avg: 1848.8, Max: 1920, Diff: 130, Sum: 7395, Workers: 4
[50.718s][debug][gc,phases      ] GC(119)   JNI Weak                       Min:  0.0, Avg:  0.0, Max:  0.0, Diff:  0.0, Sum:  0.0, Workers: 4
[50.718s][debug][gc,phases      ] GC(119)     Dead                           Min: 0, Avg:  0.0, Max: 0, Diff: 0, Sum: 0, Workers: 4
[50.718s][debug][gc,phases      ] GC(119)     Total                          Min: 0, Avg:  0.0, Max: 0, Diff: 0, Sum: 0, Workers: 4
[50.718s][debug][gc,phases      ] GC(119)   StringDedup Table Weak         Min:  0.0, Avg:  0.0, Max:  0.0, Diff:  0.0, Sum:  0.0, Workers: 4
[50.718s][debug][gc,phases      ] GC(119)     Dead                           Min: 0, Avg:  0.0, Max: 0, Diff: 0, Sum: 0, Workers: 4
[50.718s][debug][gc,phases      ] GC(119)     Total                          Min: 0, Avg:  0.0, Max: 0, Diff: 0, Sum: 0, Workers: 4
[50.719s][debug][gc,phases      ] GC(119)   StringDedup Requests0 Weak     Min:  0.0, Avg:  0.0, Max:  0.0, Diff:  0.0, Sum:  0.0, Workers: 4
[50.719s][debug][gc,phases      ] GC(119)     Dead                           Min: 0, Avg:  0.0, Max: 0, Diff: 0, Sum: 0, Workers: 4
[50.719s][debug][gc,phases      ] GC(119)     Total                          Min: 0, Avg:  0.0, Max: 0, Diff: 0, Sum: 0, Workers: 4
[50.719s][debug][gc,phases      ] GC(119)   StringDedup Requests1 Weak     Min:  0.0, Avg:  0.0, Max:  0.0, Diff:  0.0, Sum:  0.0, Workers: 4
[50.719s][debug][gc,phases      ] GC(119)     Dead                           Min: 0, Avg:  0.0, Max: 0, Diff: 0, Sum: 0, Workers: 4
[50.719s][debug][gc,phases      ] GC(119)     Total                          Min: 0, Avg:  0.0, Max: 0, Diff: 0, Sum: 0, Workers: 4
[50.719s][debug][gc,phases      ] GC(119)   Weak JFR Old Object Samples    Min:  0.0, Avg:  0.0, Max:  0.0, Diff:  0.0, Sum:  0.0, Workers: 4
[50.719s][debug][gc,phases      ] GC(119)     Dead                           Min: 0, Avg:  0.0, Max: 0, Diff: 0, Sum: 0, Workers: 4
[50.719s][debug][gc,phases      ] GC(119)     Total                          Min: 0, Avg:  0.0, Max: 0, Diff: 0, Sum: 0, Workers: 4
[50.719s][debug][gc,phases      ] GC(119) Weak Processing 0.323ms
[50.719s][debug][gc,age         ] GC(119) Desired survivor size 299368448 bytes, new threshold 15 (max threshold 15)
[50.719s][info ][gc,heap        ] GC(119) PSYoungGen: 1548376K(1780736K)->138320K(1804800K) Eden: 1464320K(1464320K)->0K(1498624K) From: 84056K(316416K)->138320K(306176K)
[50.719s][info ][gc,heap        ] GC(119) ParOldGen: 526280K(653312K)->526280K(653312K)
[50.719s][info ][gc,metaspace   ] GC(119) Metaspace: 69568K(70336K)->69568K(70336K) NonClass: 59544K(59968K)->59544K(59968K) Class: 10023K(10368K)->10023K(10368K)
[50.719s][info ][gc             ] GC(119) Pause Young (Allocation Failure) 2026M->649M(2400M) 37.472ms
[50.719s][info ][gc,cpu         ] GC(119) User=0.14s Sys=0.00s Real=0.04s
[50.719s][info ][safepoint      ] Safepoint "ParallelGCFailedAllocation", Time since last: 663950411 ns, Reaching safepoint: 164404 ns, At safepoint: 37565957 ns, Total: 37730361 ns
[51.422s][info ][gc,start       ] GC(120) Pause Young (Allocation Failure)
[51.465s][debug][gc,phases      ] GC(120) Scavenge 42.989ms
[51.465s][debug][gc,ref         ] GC(120) Skipped phase 1 of Reference Processing: no references
[51.465s][debug][gc,ref         ] GC(120) ReferenceProcessor::execute queues: 1, RefProcThreadModel::Single, marks_oops_alive: false
[51.465s][debug][gc,ref         ] GC(120) Skipped phase 3 of Reference Processing: no references
[51.465s][debug][gc,ref         ] GC(120) Skipped phase 4 of Reference Processing: no references
[51.465s][debug][gc,phases      ] GC(120) Reference Processing 0.140ms
[51.465s][debug][gc,phases      ] GC(120)   VM Weak                        Min:  0.0, Avg:  0.0, Max:  0.0, Diff:  0.0, Sum:  0.0, Workers: 4
[51.465s][debug][gc,phases      ] GC(120)     Dead                           Min: 0, Avg:  0.0, Max: 0, Diff: 0, Sum: 0, Workers: 4
[51.465s][debug][gc,phases      ] GC(120)     Total                          Min: 0, Avg: 145.5, Max: 512, Diff: 512, Sum: 582, Workers: 4
[51.465s][debug][gc,phases      ] GC(120)   ObjectSynchronizer Weak        Min:  0.0, Avg:  0.0, Max:  0.0, Diff:  0.0, Sum:  0.0, Workers: 4
[51.465s][debug][gc,phases      ] GC(120)     Dead                           Min: 0, Avg:  0.0, Max: 0, Diff: 0, Sum: 0, Workers: 4
[51.465s][debug][gc,phases      ] GC(120)     Total                          Min: 0, Avg: 113.8, Max: 192, Diff: 192, Sum: 455, Workers: 4
[51.465s][debug][gc,phases      ] GC(120)   JVMTI Tag Weak OopStorage      Min:  0.0, Avg:  0.0, Max:  0.0, Diff:  0.0, Sum:  0.0, Workers: 4
[51.465s][debug][gc,phases      ] GC(120)     Dead                           Min: 0, Avg:  0.0, Max: 0, Diff: 0, Sum: 0, Workers: 4
[51.465s][debug][gc,phases      ] GC(120)     Total                          Min: 0, Avg:  0.0, Max: 0, Diff: 0, Sum: 0, Workers: 4
[51.465s][debug][gc,phases      ] GC(120)   StringTable Weak               Min:  0.1, Avg:  0.1, Max:  0.1, Diff:  0.0, Sum:  0.4, Workers: 4
[51.465s][debug][gc,phases      ] GC(120)     Dead                           Min: 0, Avg:  2.8, Max: 11, Diff: 11, Sum: 11, Workers: 4
[51.465s][debug][gc,phases      ] GC(120)     Total                          Min: 9664, Avg: 10742.8, Max: 11878, Diff: 2214, Sum: 42971, Workers: 4
[51.465s][debug][gc,phases      ] GC(120)   ResolvedMethodTable Weak       Min:  0.0, Avg:  0.0, Max:  0.0, Diff:  0.0, Sum:  0.1, Workers: 4
[51.465s][debug][gc,phases      ] GC(120)     Dead                           Min: 0, Avg:  0.0, Max: 0, Diff: 0, Sum: 0, Workers: 4
[51.465s][debug][gc,phases      ] GC(120)     Total                          Min: 1659, Avg: 1848.8, Max: 2048, Diff: 389, Sum: 7395, Workers: 4
[51.465s][debug][gc,phases      ] GC(120)   JNI Weak                       Min:  0.0, Avg:  0.0, Max:  0.0, Diff:  0.0, Sum:  0.0, Workers: 4
[51.465s][debug][gc,phases      ] GC(120)     Dead                           Min: 0, Avg:  0.0, Max: 0, Diff: 0, Sum: 0, Workers: 4
[51.465s][debug][gc,phases      ] GC(120)     Total                          Min: 0, Avg:  0.8, Max: 3, Diff: 3, Sum: 3, Workers: 4
[51.465s][debug][gc,phases      ] GC(120)   StringDedup Table Weak         Min:  0.0, Avg:  0.0, Max:  0.0, Diff:  0.0, Sum:  0.0, Workers: 4
[51.465s][debug][gc,phases      ] GC(120)     Dead                           Min: 0, Avg:  0.0, Max: 0, Diff: 0, Sum: 0, Workers: 4
[51.465s][debug][gc,phases      ] GC(120)     Total                          Min: 0, Avg:  0.0, Max: 0, Diff: 0, Sum: 0, Workers: 4
[51.465s][debug][gc,phases      ] GC(120)   StringDedup Requests0 Weak     Min:  0.0, Avg:  0.0, Max:  0.0, Diff:  0.0, Sum:  0.0, Workers: 4
[51.465s][debug][gc,phases      ] GC(120)     Dead                           Min: 0, Avg:  0.0, Max: 0, Diff: 0, Sum: 0, Workers: 4
[51.465s][debug][gc,phases      ] GC(120)     Total                          Min: 0, Avg:  0.0, Max: 0, Diff: 0, Sum: 0, Workers: 4
[51.465s][debug][gc,phases      ] GC(120)   StringDedup Requests1 Weak     Min:  0.0, Avg:  0.0, Max:  0.0, Diff:  0.0, Sum:  0.0, Workers: 4
[51.465s][debug][gc,phases      ] GC(120)     Dead                           Min: 0, Avg:  0.0, Max: 0, Diff: 0, Sum: 0, Workers: 4
[51.465s][debug][gc,phases      ] GC(120)     Total                          Min: 0, Avg:  0.0, Max: 0, Diff: 0, Sum: 0, Workers: 4
[51.465s][debug][gc,phases      ] GC(120)   Weak JFR Old Object Samples    Min:  0.0, Avg:  0.0, Max:  0.0, Diff:  0.0, Sum:  0.0, Workers: 4
[51.465s][debug][gc,phases      ] GC(120)     Dead                           Min: 0, Avg:  0.0, Max: 0, Diff: 0, Sum: 0, Workers: 4
[51.465s][debug][gc,phases      ] GC(120)     Total                          Min: 0, Avg:  0.0, Max: 0, Diff: 0, Sum: 0, Workers: 4
[51.465s][debug][gc,phases      ] GC(120) Weak Processing 0.340ms
[51.465s][debug][gc,age         ] GC(120) Desired survivor size 308281344 bytes, new threshold 15 (max threshold 15)
[51.465s][info ][gc,heap        ] GC(120) PSYoungGen: 1636944K(1804800K)->196745K(1790976K) Eden: 1498624K(1498624K)->0K(1498624K) From: 138320K(306176K)->196745K(292352K)
[51.465s][info ][gc,heap        ] GC(120) ParOldGen: 526280K(653312K)->526280K(653312K)
[51.465s][info ][gc,metaspace   ] GC(120) Metaspace: 69590K(70336K)->69590K(70336K) NonClass: 59566K(59968K)->59566K(59968K) Class: 10023K(10368K)->10023K(10368K)
[51.465s][info ][gc             ] GC(120) Pause Young (Allocation Failure) 2112M->706M(2387M) 43.624ms
[51.465s][info ][gc,cpu         ] GC(120) User=0.21s Sys=0.00s Real=0.04s
[51.465s][info ][safepoint      ] Safepoint "ParallelGCFailedAllocation", Time since last: 702661698 ns, Reaching safepoint: 152903 ns, At safepoint: 43732214 ns, Total: 43885117 ns
[52.184s][info ][gc,start       ] GC(121) Pause Young (Allocation Failure)
[52.243s][debug][gc,phases      ] GC(121) Scavenge 58.829ms
[52.243s][debug][gc,ref         ] GC(121) Skipped phase 1 of Reference Processing: no references
[52.243s][debug][gc,ref         ] GC(121) ReferenceProcessor::execute queues: 1, RefProcThreadModel::Single, marks_oops_alive: false
[52.243s][debug][gc,ref         ] GC(121) Skipped phase 3 of Reference Processing: no references
[52.243s][debug][gc,ref         ] GC(121) Skipped phase 4 of Reference Processing: no references
[52.243s][debug][gc,phases      ] GC(121) Reference Processing 0.157ms
[52.243s][debug][gc,phases      ] GC(121)   VM Weak                        Min:  0.0, Avg:  0.0, Max:  0.0, Diff:  0.0, Sum:  0.0, Workers: 4
[52.243s][debug][gc,phases      ] GC(121)     Dead                           Min: 0, Avg:  0.0, Max: 0, Diff: 0, Sum: 0, Workers: 4
[52.243s][debug][gc,phases      ] GC(121)     Total                          Min: 0, Avg: 145.5, Max: 518, Diff: 518, Sum: 582, Workers: 4
[52.243s][debug][gc,phases      ] GC(121)   ObjectSynchronizer Weak        Min:  0.0, Avg:  0.0, Max:  0.0, Diff:  0.0, Sum:  0.0, Workers: 4
[52.243s][debug][gc,phases      ] GC(121)     Dead                           Min: 0, Avg:  0.0, Max: 0, Diff: 0, Sum: 0, Workers: 4
[52.243s][debug][gc,phases      ] GC(121)     Total                          Min: 0, Avg: 113.8, Max: 192, Diff: 192, Sum: 455, Workers: 4
[52.243s][debug][gc,phases      ] GC(121)   JVMTI Tag Weak OopStorage      Min:  0.0, Avg:  0.0, Max:  0.0, Diff:  0.0, Sum:  0.0, Workers: 4
[52.243s][debug][gc,phases      ] GC(121)     Dead                           Min: 0, Avg:  0.0, Max: 0, Diff: 0, Sum: 0, Workers: 4
[52.243s][debug][gc,phases      ] GC(121)     Total                          Min: 0, Avg:  0.0, Max: 0, Diff: 0, Sum: 0, Workers: 4
[52.243s][debug][gc,phases      ] GC(121)   StringTable Weak               Min:  0.1, Avg:  0.1, Max:  0.1, Diff:  0.0, Sum:  0.4, Workers: 4
[52.243s][debug][gc,phases      ] GC(121)     Dead                           Min: 0, Avg:  2.8, Max: 11, Diff: 11, Sum: 11, Workers: 4
[52.243s][debug][gc,phases      ] GC(121)     Total                          Min: 9885, Avg: 10743.2, Max: 11904, Diff: 2019, Sum: 42973, Workers: 4
[52.243s][debug][gc,phases      ] GC(121)   ResolvedMethodTable Weak       Min:  0.0, Avg:  0.0, Max:  0.0, Diff:  0.0, Sum:  0.1, Workers: 4
[52.243s][debug][gc,phases      ] GC(121)     Dead                           Min: 0, Avg:  0.0, Max: 0, Diff: 0, Sum: 0, Workers: 4
[52.243s][debug][gc,phases      ] GC(121)     Total                          Min: 1533, Avg: 1848.8, Max: 2048, Diff: 515, Sum: 7395, Workers: 4
[52.243s][debug][gc,phases      ] GC(121)   JNI Weak                       Min:  0.0, Avg:  0.0, Max:  0.0, Diff:  0.0, Sum:  0.0, Workers: 4
[52.243s][debug][gc,phases      ] GC(121)     Dead                           Min: 0, Avg:  0.0, Max: 0, Diff: 0, Sum: 0, Workers: 4
[52.243s][debug][gc,phases      ] GC(121)     Total                          Min: 0, Avg:  0.0, Max: 0, Diff: 0, Sum: 0, Workers: 4
[52.243s][debug][gc,phases      ] GC(121)   StringDedup Table Weak         Min:  0.0, Avg:  0.0, Max:  0.0, Diff:  0.0, Sum:  0.0, Workers: 4
[52.243s][debug][gc,phases      ] GC(121)     Dead                           Min: 0, Avg:  0.0, Max: 0, Diff: 0, Sum: 0, Workers: 4
[52.243s][debug][gc,phases      ] GC(121)     Total                          Min: 0, Avg:  0.0, Max: 0, Diff: 0, Sum: 0, Workers: 4
[52.243s][debug][gc,phases      ] GC(121)   StringDedup Requests0 Weak     Min:  0.0, Avg:  0.0, Max:  0.0, Diff:  0.0, Sum:  0.0, Workers: 4
[52.243s][debug][gc,phases      ] GC(121)     Dead                           Min: 0, Avg:  0.0, Max: 0, Diff: 0, Sum: 0, Workers: 4
[52.243s][debug][gc,phases      ] GC(121)     Total                          Min: 0, Avg:  0.0, Max: 0, Diff: 0, Sum: 0, Workers: 4
[52.243s][debug][gc,phases      ] GC(121)   StringDedup Requests1 Weak     Min:  0.0, Avg:  0.0, Max:  0.0, Diff:  0.0, Sum:  0.0, Workers: 4
[52.243s][debug][gc,phases      ] GC(121)     Dead                           Min: 0, Avg:  0.0, Max: 0, Diff: 0, Sum: 0, Workers: 4
[52.243s][debug][gc,phases      ] GC(121)     Total                          Min: 0, Avg:  0.0, Max: 0, Diff: 0, Sum: 0, Workers: 4
[52.243s][debug][gc,phases      ] GC(121)   Weak JFR Old Object Samples    Min:  0.0, Avg:  0.0, Max:  0.0, Diff:  0.0, Sum:  0.0, Workers: 4
[52.243s][debug][gc,phases      ] GC(121)     Dead                           Min: 0, Avg:  0.0, Max: 0, Diff: 0, Sum: 0, Workers: 4
[52.243s][debug][gc,phases      ] GC(121)     Total                          Min: 0, Avg:  0.0, Max: 0, Diff: 0, Sum: 0, Workers: 4
[52.243s][debug][gc,phases      ] GC(121) Weak Processing 0.318ms
[52.243s][debug][gc,age         ] GC(121) Desired survivor size 331874304 bytes, new threshold 15 (max threshold 15)
[52.243s][info ][gc,heap        ] GC(121) PSYoungGen: 1695369K(1790976K)->242053K(1750016K) Eden: 1498624K(1498624K)->0K(1448960K) From: 196745K(292352K)->242053K(301056K)
[52.243s][info ][gc,heap        ] GC(121) ParOldGen: 526280K(653312K)->526280K(653312K)
[52.243s][info ][gc,metaspace   ] GC(121) Metaspace: 69611K(70400K)->69611K(70400K) NonClass: 59587K(60032K)->59587K(60032K) Class: 10023K(10368K)->10023K(10368K)
[52.243s][info ][gc             ] GC(121) Pause Young (Allocation Failure) 2169M->750M(2347M) 59.459ms
[52.243s][info ][gc,cpu         ] GC(121) User=0.23s Sys=0.00s Real=0.06s
[52.243s][info ][safepoint      ] Safepoint "ParallelGCFailedAllocation", Time since last: 718575903 ns, Reaching safepoint: 168604 ns, At safepoint: 59553717 ns, Total: 59722321 ns
[52.919s][info ][gc,start       ] GC(122) Pause Young (Allocation Failure)
[52.985s][debug][gc,phases      ] GC(122) Scavenge 66.125ms
[52.985s][debug][gc,ref         ] GC(122) Skipped phase 1 of Reference Processing: no references
[52.985s][debug][gc,ref         ] GC(122) ReferenceProcessor::execute queues: 1, RefProcThreadModel::Single, marks_oops_alive: false
[52.985s][debug][gc,ref         ] GC(122) Skipped phase 3 of Reference Processing: no references
[52.985s][debug][gc,ref         ] GC(122) ReferenceProcessor::execute queues: 1, RefProcThreadModel::Single, marks_oops_alive: false
[52.985s][debug][gc,phases      ] GC(122) Reference Processing 0.165ms
[52.986s][debug][gc,phases      ] GC(122)   VM Weak                        Min:  0.0, Avg:  0.0, Max:  0.0, Diff:  0.0, Sum:  0.0, Workers: 4
[52.986s][debug][gc,phases      ] GC(122)     Dead                           Min: 0, Avg:  0.0, Max: 0, Diff: 0, Sum: 0, Workers: 4
[52.986s][debug][gc,phases      ] GC(122)     Total                          Min: 0, Avg: 145.8, Max: 583, Diff: 583, Sum: 583, Workers: 4
[52.986s][debug][gc,phases      ] GC(122)   ObjectSynchronizer Weak        Min:  0.0, Avg:  0.0, Max:  0.0, Diff:  0.0, Sum:  0.0, Workers: 4
[52.986s][debug][gc,phases      ] GC(122)     Dead                           Min: 0, Avg:  0.0, Max: 0, Diff: 0, Sum: 0, Workers: 4
[52.986s][debug][gc,phases      ] GC(122)     Total                          Min: 0, Avg: 113.8, Max: 199, Diff: 199, Sum: 455, Workers: 4
[52.986s][debug][gc,phases      ] GC(122)   JVMTI Tag Weak OopStorage      Min:  0.0, Avg:  0.0, Max:  0.0, Diff:  0.0, Sum:  0.0, Workers: 4
[52.986s][debug][gc,phases      ] GC(122)     Dead                           Min: 0, Avg:  0.0, Max: 0, Diff: 0, Sum: 0, Workers: 4
[52.986s][debug][gc,phases      ] GC(122)     Total                          Min: 0, Avg:  0.0, Max: 0, Diff: 0, Sum: 0, Workers: 4
[52.986s][debug][gc,phases      ] GC(122)   StringTable Weak               Min:  0.1, Avg:  0.1, Max:  0.1, Diff:  0.0, Sum:  0.4, Workers: 4
[52.986s][debug][gc,phases      ] GC(122)     Dead                           Min: 0, Avg:  2.8, Max: 6, Diff: 6, Sum: 11, Workers: 4
[52.986s][debug][gc,phases      ] GC(122)     Total                          Min: 10048, Avg: 10750.8, Max: 11835, Diff: 1787, Sum: 43003, Workers: 4
[52.986s][debug][gc,phases      ] GC(122)   ResolvedMethodTable Weak       Min:  0.0, Avg:  0.0, Max:  0.0, Diff:  0.0, Sum:  0.1, Workers: 4
[52.986s][debug][gc,phases      ] GC(122)     Dead                           Min: 0, Avg:  1.8, Max: 3, Diff: 3, Sum: 7, Workers: 4
[52.986s][debug][gc,phases      ] GC(122)     Total                          Min: 1600, Avg: 1853.2, Max: 2101, Diff: 501, Sum: 7413, Workers: 4
[52.986s][debug][gc,phases      ] GC(122)   JNI Weak                       Min:  0.0, Avg:  0.0, Max:  0.0, Diff:  0.0, Sum:  0.0, Workers: 4
[52.986s][debug][gc,phases      ] GC(122)     Dead                           Min: 0, Avg:  0.0, Max: 0, Diff: 0, Sum: 0, Workers: 4
[52.986s][debug][gc,phases      ] GC(122)     Total                          Min: 0, Avg:  2.0, Max: 8, Diff: 8, Sum: 8, Workers: 4
[52.986s][debug][gc,phases      ] GC(122)   StringDedup Table Weak         Min:  0.0, Avg:  0.0, Max:  0.0, Diff:  0.0, Sum:  0.0, Workers: 4
[52.986s][debug][gc,phases      ] GC(122)     Dead                           Min: 0, Avg:  0.0, Max: 0, Diff: 0, Sum: 0, Workers: 4
[52.986s][debug][gc,phases      ] GC(122)     Total                          Min: 0, Avg:  0.0, Max: 0, Diff: 0, Sum: 0, Workers: 4
[52.986s][debug][gc,phases      ] GC(122)   StringDedup Requests0 Weak     Min:  0.0, Avg:  0.0, Max:  0.0, Diff:  0.0, Sum:  0.0, Workers: 4
[52.986s][debug][gc,phases      ] GC(122)     Dead                           Min: 0, Avg:  0.0, Max: 0, Diff: 0, Sum: 0, Workers: 4
[52.986s][debug][gc,phases      ] GC(122)     Total                          Min: 0, Avg:  0.0, Max: 0, Diff: 0, Sum: 0, Workers: 4
[52.986s][debug][gc,phases      ] GC(122)   StringDedup Requests1 Weak     Min:  0.0, Avg:  0.0, Max:  0.0, Diff:  0.0, Sum:  0.0, Workers: 4
[52.986s][debug][gc,phases      ] GC(122)     Dead                           Min: 0, Avg:  0.0, Max: 0, Diff: 0, Sum: 0, Workers: 4
[52.986s][debug][gc,phases      ] GC(122)     Total                          Min: 0, Avg:  0.0, Max: 0, Diff: 0, Sum: 0, Workers: 4
[52.986s][debug][gc,phases      ] GC(122)   Weak JFR Old Object Samples    Min:  0.0, Avg:  0.0, Max:  0.0, Diff:  0.0, Sum:  0.0, Workers: 4
[52.986s][debug][gc,phases      ] GC(122)     Dead                           Min: 0, Avg:  0.0, Max: 0, Diff: 0, Sum: 0, Workers: 4
[52.986s][debug][gc,phases      ] GC(122)     Total                          Min: 0, Avg:  0.0, Max: 0, Diff: 0, Sum: 0, Workers: 4
[52.986s][debug][gc,phases      ] GC(122) Weak Processing 0.343ms
[52.986s][debug][gc,age         ] GC(122) Desired survivor size 367001600 bytes, new threshold 15 (max threshold 15)
[52.986s][info ][gc,heap        ] GC(122) PSYoungGen: 1691013K(1750016K)->286114K(1735168K) Eden: 1448960K(1448960K)->0K(1448960K) From: 242053K(301056K)->286114K(286208K)
[52.986s][info ][gc,heap        ] GC(122) ParOldGen: 526280K(653312K)->526288K(653312K)
[52.986s][info ][gc,metaspace   ] GC(122) Metaspace: 69668K(70464K)->69668K(70464K) NonClass: 59634K(60032K)->59634K(60032K) Class: 10034K(10432K)->10034K(10432K)
[52.986s][info ][gc             ] GC(122) Pause Young (Allocation Failure) 2165M->793M(2332M) 66.780ms
[52.986s][info ][gc,cpu         ] GC(122) User=0.27s Sys=0.00s Real=0.07s
[52.986s][info ][safepoint      ] Safepoint "ParallelGCFailedAllocation", Time since last: 675397903 ns, Reaching safepoint: 181204 ns, At safepoint: 66875604 ns, Total: 67056808 ns
[53.649s][info ][gc,start       ] GC(123) Pause Young (Allocation Failure)
[53.736s][debug][gc,phases      ] GC(123) Scavenge 86.726ms
[53.736s][debug][gc,ref         ] GC(123) Skipped phase 1 of Reference Processing: no references
[53.736s][debug][gc,ref         ] GC(123) ReferenceProcessor::execute queues: 1, RefProcThreadModel::Single, marks_oops_alive: false
[53.736s][debug][gc,ref         ] GC(123) Skipped phase 3 of Reference Processing: no references
[53.736s][debug][gc,ref         ] GC(123) ReferenceProcessor::execute queues: 1, RefProcThreadModel::Single, marks_oops_alive: false
[53.736s][debug][gc,phases      ] GC(123) Reference Processing 0.141ms
[53.737s][debug][gc,phases      ] GC(123)   VM Weak                        Min:  0.0, Avg:  0.0, Max:  0.0, Diff:  0.0, Sum:  0.0, Workers: 4
[53.737s][debug][gc,phases      ] GC(123)     Dead                           Min: 0, Avg:  0.0, Max: 0, Diff: 0, Sum: 0, Workers: 4
[53.737s][debug][gc,phases      ] GC(123)     Total                          Min: 0, Avg: 145.8, Max: 384, Diff: 384, Sum: 583, Workers: 4
[53.737s][debug][gc,phases      ] GC(123)   ObjectSynchronizer Weak        Min:  0.0, Avg:  0.0, Max:  0.0, Diff:  0.0, Sum:  0.0, Workers: 4
[53.737s][debug][gc,phases      ] GC(123)     Dead                           Min: 0, Avg:  0.0, Max: 0, Diff: 0, Sum: 0, Workers: 4
[53.737s][debug][gc,phases      ] GC(123)     Total                          Min: 0, Avg: 113.8, Max: 256, Diff: 256, Sum: 455, Workers: 4
[53.737s][debug][gc,phases      ] GC(123)   JVMTI Tag Weak OopStorage      Min:  0.0, Avg:  0.0, Max:  0.0, Diff:  0.0, Sum:  0.0, Workers: 4
[53.737s][debug][gc,phases      ] GC(123)     Dead                           Min: 0, Avg:  0.0, Max: 0, Diff: 0, Sum: 0, Workers: 4
[53.737s][debug][gc,phases      ] GC(123)     Total                          Min: 0, Avg:  0.0, Max: 0, Diff: 0, Sum: 0, Workers: 4
[53.737s][debug][gc,phases      ] GC(123)   StringTable Weak               Min:  0.1, Avg:  0.1, Max:  0.1, Diff:  0.0, Sum:  0.4, Workers: 4
[53.737s][debug][gc,phases      ] GC(123)     Dead                           Min: 0, Avg:  2.8, Max: 6, Diff: 6, Sum: 11, Workers: 4
[53.737s][debug][gc,phases      ] GC(123)     Total                          Min: 10363, Avg: 10750.8, Max: 11008, Diff: 645, Sum: 43003, Workers: 4
[53.737s][debug][gc,phases      ] GC(123)   ResolvedMethodTable Weak       Min:  0.0, Avg:  0.0, Max:  0.0, Diff:  0.0, Sum:  0.1, Workers: 4
[53.737s][debug][gc,phases      ] GC(123)     Dead                           Min: 0, Avg:  0.0, Max: 0, Diff: 0, Sum: 0, Workers: 4
[53.737s][debug][gc,phases      ] GC(123)     Total                          Min: 1407, Avg: 1853.2, Max: 2111, Diff: 704, Sum: 7413, Workers: 4
[53.737s][debug][gc,phases      ] GC(123)   JNI Weak                       Min:  0.0, Avg:  0.0, Max:  0.0, Diff:  0.0, Sum:  0.0, Workers: 4
[53.737s][debug][gc,phases      ] GC(123)     Dead                           Min: 0, Avg:  0.0, Max: 0, Diff: 0, Sum: 0, Workers: 4
[53.737s][debug][gc,phases      ] GC(123)     Total                          Min: 0, Avg:  0.0, Max: 0, Diff: 0, Sum: 0, Workers: 4
[53.737s][debug][gc,phases      ] GC(123)   StringDedup Table Weak         Min:  0.0, Avg:  0.0, Max:  0.0, Diff:  0.0, Sum:  0.0, Workers: 4
[53.737s][debug][gc,phases      ] GC(123)     Dead                           Min: 0, Avg:  0.0, Max: 0, Diff: 0, Sum: 0, Workers: 4
[53.737s][debug][gc,phases      ] GC(123)     Total                          Min: 0, Avg:  0.0, Max: 0, Diff: 0, Sum: 0, Workers: 4
[53.737s][debug][gc,phases      ] GC(123)   StringDedup Requests0 Weak     Min:  0.0, Avg:  0.0, Max:  0.0, Diff:  0.0, Sum:  0.0, Workers: 4
[53.737s][debug][gc,phases      ] GC(123)     Dead                           Min: 0, Avg:  0.0, Max: 0, Diff: 0, Sum: 0, Workers: 4
[53.737s][debug][gc,phases      ] GC(123)     Total                          Min: 0, Avg:  0.0, Max: 0, Diff: 0, Sum: 0, Workers: 4
[53.737s][debug][gc,phases      ] GC(123)   StringDedup Requests1 Weak     Min:  0.0, Avg:  0.0, Max:  0.0, Diff:  0.0, Sum:  0.0, Workers: 4
[53.737s][debug][gc,phases      ] GC(123)     Dead                           Min: 0, Avg:  0.0, Max: 0, Diff: 0, Sum: 0, Workers: 4
[53.737s][debug][gc,phases      ] GC(123)     Total                          Min: 0, Avg:  0.0, Max: 0, Diff: 0, Sum: 0, Workers: 4
[53.737s][debug][gc,phases      ] GC(123)   Weak JFR Old Object Samples    Min:  0.0, Avg:  0.0, Max:  0.0, Diff:  0.0, Sum:  0.0, Workers: 4
[53.737s][debug][gc,phases      ] GC(123)     Dead                           Min: 0, Avg:  0.0, Max: 0, Diff: 0, Sum: 0, Workers: 4
[53.737s][debug][gc,phases      ] GC(123)     Total                          Min: 0, Avg:  0.0, Max: 0, Diff: 0, Sum: 0, Workers: 4
[53.737s][debug][gc,phases      ] GC(123) Weak Processing 0.330ms
[53.737s][debug][gc,age         ] GC(123) Desired survivor size 412090368 bytes, new threshold 15 (max threshold 15)
[53.737s][info ][gc,heap        ] GC(123) PSYoungGen: 1735074K(1735168K)->332650K(1650688K) Eden: 1448960K(1448960K)->0K(1292288K) From: 286114K(286208K)->332650K(358400K)
[53.737s][info ][gc,heap        ] GC(123) ParOldGen: 526288K(653312K)->526288K(653312K)
[53.737s][info ][gc,metaspace   ] GC(123) Metaspace: 69671K(70464K)->69671K(70464K) NonClass: 59637K(60032K)->59637K(60032K) Class: 10034K(10432K)->10034K(10432K)
[53.737s][info ][gc             ] GC(123) Pause Young (Allocation Failure) 2208M->838M(2250M) 87.347ms
[53.737s][info ][gc,cpu         ] GC(123) User=0.41s Sys=0.01s Real=0.09s
[53.737s][info ][safepoint      ] Safepoint "ParallelGCFailedAllocation", Time since last: 663274294 ns, Reaching safepoint: 142603 ns, At safepoint: 87445528 ns, Total: 87588131 ns
[54.149s][info ][safepoint      ] Safepoint "ICBufferFull", Time since last: 411764087 ns, Reaching safepoint: 215506 ns, At safepoint: 13500 ns, Total: 229006 ns
[54.238s][info ][safepoint      ] Safepoint "ICBufferFull", Time since last: 89121470 ns, Reaching safepoint: 271507 ns, At safepoint: 11100 ns, Total: 282607 ns
[54.660s][info ][safepoint      ] Safepoint "ICBufferFull", Time since last: 421558638 ns, Reaching safepoint: 295407 ns, At safepoint: 11600 ns, Total: 307007 ns
[55.210s][info ][gc,start       ] GC(124) Pause Young (Allocation Failure)
[55.302s][debug][gc,phases      ] GC(124) Scavenge 91.690ms
[55.302s][debug][gc,ref         ] GC(124) Skipped phase 1 of Reference Processing: no references
[55.302s][debug][gc,ref         ] GC(124) ReferenceProcessor::execute queues: 1, RefProcThreadModel::Single, marks_oops_alive: false
[55.302s][debug][gc,ref         ] GC(124) Skipped phase 3 of Reference Processing: no references
[55.302s][debug][gc,ref         ] GC(124) ReferenceProcessor::execute queues: 1, RefProcThreadModel::Single, marks_oops_alive: false
[55.302s][debug][gc,phases      ] GC(124) Reference Processing 0.173ms
[55.302s][debug][gc,phases      ] GC(124)   VM Weak                        Min:  0.0, Avg:  0.0, Max:  0.0, Diff:  0.0, Sum:  0.0, Workers: 4
[55.302s][debug][gc,phases      ] GC(124)     Dead                           Min: 0, Avg:  0.0, Max: 0, Diff: 0, Sum: 0, Workers: 4
[55.302s][debug][gc,phases      ] GC(124)     Total                          Min: 0, Avg: 150.2, Max: 512, Diff: 512, Sum: 601, Workers: 4
[55.302s][debug][gc,phases      ] GC(124)   ObjectSynchronizer Weak        Min:  0.0, Avg:  0.0, Max:  0.0, Diff:  0.0, Sum:  0.0, Workers: 4
[55.302s][debug][gc,phases      ] GC(124)     Dead                           Min: 0, Avg:  0.0, Max: 0, Diff: 0, Sum: 0, Workers: 4
[55.302s][debug][gc,phases      ] GC(124)     Total                          Min: 0, Avg: 113.8, Max: 263, Diff: 263, Sum: 455, Workers: 4
[55.302s][debug][gc,phases      ] GC(124)   JVMTI Tag Weak OopStorage      Min:  0.0, Avg:  0.0, Max:  0.0, Diff:  0.0, Sum:  0.0, Workers: 4
[55.302s][debug][gc,phases      ] GC(124)     Dead                           Min: 0, Avg:  0.0, Max: 0, Diff: 0, Sum: 0, Workers: 4
[55.302s][debug][gc,phases      ] GC(124)     Total                          Min: 0, Avg:  0.0, Max: 0, Diff: 0, Sum: 0, Workers: 4
[55.302s][debug][gc,phases      ] GC(124)   StringTable Weak               Min:  0.1, Avg:  0.1, Max:  0.1, Diff:  0.0, Sum:  0.4, Workers: 4
[55.302s][debug][gc,phases      ] GC(124)     Dead                           Min: 0, Avg:  3.2, Max: 12, Diff: 12, Sum: 13, Workers: 4
[55.302s][debug][gc,phases      ] GC(124)     Total                          Min: 8960, Avg: 10787.8, Max: 12096, Diff: 3136, Sum: 43151, Workers: 4
[55.302s][debug][gc,phases      ] GC(124)   ResolvedMethodTable Weak       Min:  0.0, Avg:  0.0, Max:  0.0, Diff:  0.0, Sum:  0.1, Workers: 4
[55.302s][debug][gc,phases      ] GC(124)     Dead                           Min: 0, Avg:  1.0, Max: 4, Diff: 4, Sum: 4, Workers: 4
[55.302s][debug][gc,phases      ] GC(124)     Total                          Min: 1620, Avg: 1876.8, Max: 2112, Diff: 492, Sum: 7507, Workers: 4
[55.302s][debug][gc,phases      ] GC(124)   JNI Weak                       Min:  0.0, Avg:  0.0, Max:  0.0, Diff:  0.0, Sum:  0.0, Workers: 4
[55.302s][debug][gc,phases      ] GC(124)     Dead                           Min: 0, Avg:  0.0, Max: 0, Diff: 0, Sum: 0, Workers: 4
[55.302s][debug][gc,phases      ] GC(124)     Total                          Min: 0, Avg: 10.0, Max: 40, Diff: 40, Sum: 40, Workers: 4
[55.302s][debug][gc,phases      ] GC(124)   StringDedup Table Weak         Min:  0.0, Avg:  0.0, Max:  0.0, Diff:  0.0, Sum:  0.0, Workers: 4
[55.302s][debug][gc,phases      ] GC(124)     Dead                           Min: 0, Avg:  0.0, Max: 0, Diff: 0, Sum: 0, Workers: 4
[55.302s][debug][gc,phases      ] GC(124)     Total                          Min: 0, Avg:  0.0, Max: 0, Diff: 0, Sum: 0, Workers: 4
[55.302s][debug][gc,phases      ] GC(124)   StringDedup Requests0 Weak     Min:  0.0, Avg:  0.0, Max:  0.0, Diff:  0.0, Sum:  0.0, Workers: 4
[55.302s][debug][gc,phases      ] GC(124)     Dead                           Min: 0, Avg:  0.0, Max: 0, Diff: 0, Sum: 0, Workers: 4
[55.302s][debug][gc,phases      ] GC(124)     Total                          Min: 0, Avg:  0.0, Max: 0, Diff: 0, Sum: 0, Workers: 4
[55.302s][debug][gc,phases      ] GC(124)   StringDedup Requests1 Weak     Min:  0.0, Avg:  0.0, Max:  0.0, Diff:  0.0, Sum:  0.0, Workers: 4
[55.302s][debug][gc,phases      ] GC(124)     Dead                           Min: 0, Avg:  0.0, Max: 0, Diff: 0, Sum: 0, Workers: 4
[55.302s][debug][gc,phases      ] GC(124)     Total                          Min: 0, Avg:  0.0, Max: 0, Diff: 0, Sum: 0, Workers: 4
[55.302s][debug][gc,phases      ] GC(124)   Weak JFR Old Object Samples    Min:  0.0, Avg:  0.0, Max:  0.0, Diff:  0.0, Sum:  0.0, Workers: 4
[55.302s][debug][gc,phases      ] GC(124)     Dead                           Min: 0, Avg:  0.0, Max: 0, Diff: 0, Sum: 0, Workers: 4
[55.302s][debug][gc,phases      ] GC(124)     Total                          Min: 0, Avg:  0.0, Max: 0, Diff: 0, Sum: 0, Workers: 4
[55.302s][debug][gc,phases      ] GC(124) Weak Processing 0.341ms
[55.302s][debug][gc,age         ] GC(124) Desired survivor size 473432064 bytes, new threshold 15 (max threshold 15)
[55.302s][info ][gc,heap        ] GC(124) PSYoungGen: 1624938K(1650688K)->399282K(1691648K) Eden: 1292288K(1292288K)->0K(1292288K) From: 332650K(358400K)->399282K(399360K)
[55.302s][info ][gc,heap        ] GC(124) ParOldGen: 526288K(653312K)->526296K(653312K)
[55.302s][info ][gc,metaspace   ] GC(124) Metaspace: 70222K(70976K)->70222K(70976K) NonClass: 60109K(60480K)->60109K(60480K) Class: 10113K(10496K)->10113K(10496K)
[55.302s][info ][gc             ] GC(124) Pause Young (Allocation Failure) 2100M->903M(2290M) 92.351ms
[55.302s][info ][gc,cpu         ] GC(124) User=0.36s Sys=0.00s Real=0.10s
[55.302s][info ][safepoint      ] Safepoint "ParallelGCFailedAllocation", Time since last: 549643000 ns, Reaching safepoint: 225806 ns, At safepoint: 92472455 ns, Total: 92698261 ns
[56.310s][info ][safepoint      ] Safepoint "Cleanup", Time since last: 1007801769 ns, Reaching safepoint: 239106 ns, At safepoint: 29701 ns, Total: 268807 ns
[57.060s][info ][gc,start       ] GC(125) Pause Young (Allocation Failure)
[57.198s][debug][gc,phases      ] GC(125) Scavenge 137.414ms
[57.198s][debug][gc,ref         ] GC(125) Skipped phase 1 of Reference Processing: no references
[57.198s][debug][gc,ref         ] GC(125) ReferenceProcessor::execute queues: 1, RefProcThreadModel::Single, marks_oops_alive: false
[57.198s][debug][gc,ref         ] GC(125) Skipped phase 3 of Reference Processing: no references
[57.198s][debug][gc,ref         ] GC(125) ReferenceProcessor::execute queues: 1, RefProcThreadModel::Single, marks_oops_alive: false
[57.198s][debug][gc,phases      ] GC(125) Reference Processing 0.140ms
[57.198s][debug][gc,phases      ] GC(125)   VM Weak                        Min:  0.0, Avg:  0.0, Max:  0.0, Diff:  0.0, Sum:  0.0, Workers: 4
[57.198s][debug][gc,phases      ] GC(125)     Dead                           Min: 0, Avg:  0.0, Max: 0, Diff: 0, Sum: 0, Workers: 4
[57.198s][debug][gc,phases      ] GC(125)     Total                          Min: 0, Avg: 150.2, Max: 320, Diff: 320, Sum: 601, Workers: 4
[57.198s][debug][gc,phases      ] GC(125)   ObjectSynchronizer Weak        Min:  0.0, Avg:  0.0, Max:  0.0, Diff:  0.0, Sum:  0.0, Workers: 4
[57.198s][debug][gc,phases      ] GC(125)     Dead                           Min: 0, Avg:  0.0, Max: 0, Diff: 0, Sum: 0, Workers: 4
[57.198s][debug][gc,phases      ] GC(125)     Total                          Min: 0, Avg: 113.8, Max: 192, Diff: 192, Sum: 455, Workers: 4
[57.198s][debug][gc,phases      ] GC(125)   JVMTI Tag Weak OopStorage      Min:  0.0, Avg:  0.0, Max:  0.0, Diff:  0.0, Sum:  0.0, Workers: 4
[57.198s][debug][gc,phases      ] GC(125)     Dead                           Min: 0, Avg:  0.0, Max: 0, Diff: 0, Sum: 0, Workers: 4
[57.198s][debug][gc,phases      ] GC(125)     Total                          Min: 0, Avg:  0.0, Max: 0, Diff: 0, Sum: 0, Workers: 4
[57.198s][debug][gc,phases      ] GC(125)   StringTable Weak               Min:  0.1, Avg:  0.1, Max:  0.1, Diff:  0.0, Sum:  0.4, Workers: 4
[57.198s][debug][gc,phases      ] GC(125)     Dead                           Min: 0, Avg:  2.8, Max: 11, Diff: 11, Sum: 11, Workers: 4
[57.198s][debug][gc,phases      ] GC(125)     Total                          Min: 9408, Avg: 10790.0, Max: 12032, Diff: 2624, Sum: 43160, Workers: 4
[57.198s][debug][gc,phases      ] GC(125)   ResolvedMethodTable Weak       Min:  0.0, Avg:  0.0, Max:  0.0, Diff:  0.0, Sum:  0.1, Workers: 4
[57.198s][debug][gc,phases      ] GC(125)     Dead                           Min: 0, Avg:  0.0, Max: 0, Diff: 0, Sum: 0, Workers: 4
[57.198s][debug][gc,phases      ] GC(125)     Total                          Min: 1684, Avg: 1876.8, Max: 2175, Diff: 491, Sum: 7507, Workers: 4
[57.198s][debug][gc,phases      ] GC(125)   JNI Weak                       Min:  0.0, Avg:  0.0, Max:  0.0, Diff:  0.0, Sum:  0.0, Workers: 4
[57.198s][debug][gc,phases      ] GC(125)     Dead                           Min: 0, Avg:  0.0, Max: 0, Diff: 0, Sum: 0, Workers: 4
[57.198s][debug][gc,phases      ] GC(125)     Total                          Min: 0, Avg:  7.5, Max: 30, Diff: 30, Sum: 30, Workers: 4
[57.198s][debug][gc,phases      ] GC(125)   StringDedup Table Weak         Min:  0.0, Avg:  0.0, Max:  0.0, Diff:  0.0, Sum:  0.0, Workers: 4
[57.198s][debug][gc,phases      ] GC(125)     Dead                           Min: 0, Avg:  0.0, Max: 0, Diff: 0, Sum: 0, Workers: 4
[57.198s][debug][gc,phases      ] GC(125)     Total                          Min: 0, Avg:  0.0, Max: 0, Diff: 0, Sum: 0, Workers: 4
[57.198s][debug][gc,phases      ] GC(125)   StringDedup Requests0 Weak     Min:  0.0, Avg:  0.0, Max:  0.0, Diff:  0.0, Sum:  0.0, Workers: 4
[57.198s][debug][gc,phases      ] GC(125)     Dead                           Min: 0, Avg:  0.0, Max: 0, Diff: 0, Sum: 0, Workers: 4
[57.198s][debug][gc,phases      ] GC(125)     Total                          Min: 0, Avg:  0.0, Max: 0, Diff: 0, Sum: 0, Workers: 4
[57.198s][debug][gc,phases      ] GC(125)   StringDedup Requests1 Weak     Min:  0.0, Avg:  0.0, Max:  0.0, Diff:  0.0, Sum:  0.0, Workers: 4
[57.198s][debug][gc,phases      ] GC(125)     Dead                           Min: 0, Avg:  0.0, Max: 0, Diff: 0, Sum: 0, Workers: 4
[57.198s][debug][gc,phases      ] GC(125)     Total                          Min: 0, Avg:  0.0, Max: 0, Diff: 0, Sum: 0, Workers: 4
[57.198s][debug][gc,phases      ] GC(125)   Weak JFR Old Object Samples    Min:  0.0, Avg:  0.0, Max:  0.0, Diff:  0.0, Sum:  0.0, Workers: 4
[57.198s][debug][gc,phases      ] GC(125)     Dead                           Min: 0, Avg:  0.0, Max: 0, Diff: 0, Sum: 0, Workers: 4
[57.198s][debug][gc,phases      ] GC(125)     Total                          Min: 0, Avg:  0.0, Max: 0, Diff: 0, Sum: 0, Workers: 4
[57.198s][debug][gc,phases      ] GC(125) Weak Processing 0.339ms
[57.198s][debug][gc,age         ] GC(125) Desired survivor size 536870912 bytes, new threshold 14 (max threshold 15)
[57.198s][info ][gc,heap        ] GC(125) PSYoungGen: 1691570K(1691648K)->405488K(1454080K) Eden: 1292288K(1292288K)->0K(1048576K) From: 399282K(399360K)->405488K(405504K)
[57.198s][info ][gc,heap        ] GC(125) ParOldGen: 526296K(653312K)->626956K(653312K)
[57.198s][info ][gc,metaspace   ] GC(125) Metaspace: 70242K(71040K)->70242K(71040K) NonClass: 60128K(60544K)->60128K(60544K) Class: 10113K(10496K)->10113K(10496K)
[57.198s][info ][gc             ] GC(125) Pause Young (Allocation Failure) 2165M->1008M(2058M) 138.040ms
[57.198s][info ][gc,cpu         ] GC(125) User=0.55s Sys=0.00s Real=0.14s
[57.198s][debug][gc,phases      ] GC(126) Pre Compact 0.010ms
[57.198s][info ][gc,start       ] GC(126) Pause Full (Ergonomics)
[57.198s][info ][gc,phases,start] GC(126) Marking Phase
[57.358s][debug][gc,phases      ] GC(126) Par Mark 160.068ms
[57.358s][debug][gc,ref         ] GC(126) Skipped phase 1 of Reference Processing: no references
[57.359s][debug][gc,ref         ] GC(126) ReferenceProcessor::execute queues: 4, RefProcThreadModel::Multi, marks_oops_alive: false
[57.359s][debug][gc,ref         ] GC(126) Skipped phase 3 of Reference Processing: no references
[57.359s][debug][gc,ref         ] GC(126) ReferenceProcessor::execute queues: 1, RefProcThreadModel::Single, marks_oops_alive: false
[57.359s][debug][gc,phases      ] GC(126) Reference Processing 0.445ms
[57.359s][debug][gc,phases      ] GC(126)   VM Weak                        Min:  0.0, Avg:  0.0, Max:  0.0, Diff:  0.0, Sum:  0.0, Workers: 4
[57.359s][debug][gc,phases      ] GC(126)     Dead                           Min: 0, Avg:  0.0, Max: 0, Diff: 0, Sum: 0, Workers: 4
[57.359s][debug][gc,phases      ] GC(126)     Total                          Min: 0, Avg: 150.2, Max: 384, Diff: 384, Sum: 601, Workers: 4
[57.359s][debug][gc,phases      ] GC(126)   ObjectSynchronizer Weak        Min:  0.0, Avg:  0.0, Max:  0.0, Diff:  0.0, Sum:  0.0, Workers: 4
[57.359s][debug][gc,phases      ] GC(126)     Dead                           Min: 0, Avg:  0.0, Max: 0, Diff: 0, Sum: 0, Workers: 4
[57.359s][debug][gc,phases      ] GC(126)     Total                          Min: 7, Avg: 113.8, Max: 192, Diff: 185, Sum: 455, Workers: 4
[57.359s][debug][gc,phases      ] GC(126)   JVMTI Tag Weak OopStorage      Min:  0.0, Avg:  0.0, Max:  0.0, Diff:  0.0, Sum:  0.0, Workers: 4
[57.359s][debug][gc,phases      ] GC(126)     Dead                           Min: 0, Avg:  0.0, Max: 0, Diff: 0, Sum: 0, Workers: 4
[57.359s][debug][gc,phases      ] GC(126)     Total                          Min: 0, Avg:  0.0, Max: 0, Diff: 0, Sum: 0, Workers: 4
[57.359s][debug][gc,phases      ] GC(126)   StringTable Weak               Min:  0.1, Avg:  0.1, Max:  0.1, Diff:  0.0, Sum:  0.6, Workers: 4
[57.359s][debug][gc,phases      ] GC(126)     Dead                           Min: 0, Avg:  0.0, Max: 0, Diff: 0, Sum: 0, Workers: 4
[57.359s][debug][gc,phases      ] GC(126)     Total                          Min: 10037, Avg: 10790.0, Max: 11968, Diff: 1931, Sum: 43160, Workers: 4
[57.359s][debug][gc,phases      ] GC(126)   ResolvedMethodTable Weak       Min:  0.0, Avg:  0.0, Max:  0.0, Diff:  0.0, Sum:  0.1, Workers: 4
[57.359s][debug][gc,phases      ] GC(126)     Dead                           Min: 0, Avg:  0.0, Max: 0, Diff: 0, Sum: 0, Workers: 4
[57.359s][debug][gc,phases      ] GC(126)     Total                          Min: 1684, Avg: 1876.8, Max: 2048, Diff: 364, Sum: 7507, Workers: 4
[57.359s][debug][gc,phases      ] GC(126)   JNI Weak                       Min:  0.0, Avg:  0.0, Max:  0.0, Diff:  0.0, Sum:  0.0, Workers: 4
[57.359s][debug][gc,phases      ] GC(126)     Dead                           Min: 0, Avg:  0.0, Max: 0, Diff: 0, Sum: 0, Workers: 4
[57.359s][debug][gc,phases      ] GC(126)     Total                          Min: 0, Avg:  7.5, Max: 30, Diff: 30, Sum: 30, Workers: 4
[57.359s][debug][gc,phases      ] GC(126)   StringDedup Table Weak         Min:  0.0, Avg:  0.0, Max:  0.0, Diff:  0.0, Sum:  0.0, Workers: 4
[57.359s][debug][gc,phases      ] GC(126)     Dead                           Min: 0, Avg:  0.0, Max: 0, Diff: 0, Sum: 0, Workers: 4
[57.359s][debug][gc,phases      ] GC(126)     Total                          Min: 0, Avg:  0.0, Max: 0, Diff: 0, Sum: 0, Workers: 4
[57.359s][debug][gc,phases      ] GC(126)   StringDedup Requests0 Weak     Min:  0.0, Avg:  0.0, Max:  0.0, Diff:  0.0, Sum:  0.0, Workers: 4
[57.359s][debug][gc,phases      ] GC(126)     Dead                           Min: 0, Avg:  0.0, Max: 0, Diff: 0, Sum: 0, Workers: 4
[57.359s][debug][gc,phases      ] GC(126)     Total                          Min: 0, Avg:  0.0, Max: 0, Diff: 0, Sum: 0, Workers: 4
[57.359s][debug][gc,phases      ] GC(126)   StringDedup Requests1 Weak     Min:  0.0, Avg:  0.0, Max:  0.0, Diff:  0.0, Sum:  0.0, Workers: 4
[57.359s][debug][gc,phases      ] GC(126)     Dead                           Min: 0, Avg:  0.0, Max: 0, Diff: 0, Sum: 0, Workers: 4
[57.359s][debug][gc,phases      ] GC(126)     Total                          Min: 0, Avg:  0.0, Max: 0, Diff: 0, Sum: 0, Workers: 4
[57.359s][debug][gc,phases      ] GC(126)   Weak JFR Old Object Samples    Min:  0.0, Avg:  0.0, Max:  0.0, Diff:  0.0, Sum:  0.0, Workers: 4
[57.359s][debug][gc,phases      ] GC(126)     Dead                           Min: 0, Avg:  0.0, Max: 0, Diff: 0, Sum: 0, Workers: 4
[57.359s][debug][gc,phases      ] GC(126)     Total                          Min: 0, Avg:  0.0, Max: 0, Diff: 0, Sum: 0, Workers: 4
[57.359s][debug][gc,phases      ] GC(126) Weak Processing 0.359ms
[57.359s][debug][gc,phases      ] GC(126) ClassLoaderData 0.082ms
[57.359s][debug][gc,phases      ] GC(126) Trigger cleanups 0.000ms
[57.371s][debug][gc,phases      ] GC(126) Class Unloading 11.429ms
[57.371s][info ][gc,phases      ] GC(126) Marking Phase 172.474ms
[57.371s][info ][gc,phases,start] GC(126) Summary Phase
[57.371s][info ][gc,phases      ] GC(126) Summary Phase 0.030ms
[57.371s][info ][gc,phases,start] GC(126) Adjust Roots
[57.381s][info ][gc,phases      ] GC(126) Adjust Roots 10.117ms
[57.381s][info ][gc,phases,start] GC(126) Compaction Phase
[57.624s][info ][gc,phases      ] GC(126) Compaction Phase 243.355ms
[57.624s][info ][gc,phases,start] GC(126) Post Compact
[57.627s][info ][gc,phases      ] GC(126) Post Compact 3.002ms
[57.627s][info ][gc,heap        ] GC(126) PSYoungGen: 405488K(1454080K)->0K(1572864K) Eden: 0K(1048576K)->0K(1048576K) From: 405488K(405504K)->0K(524288K)
[57.627s][info ][gc,heap        ] GC(126) ParOldGen: 626956K(653312K)->489304K(658432K)
[57.627s][info ][gc,metaspace   ] GC(126) Metaspace: 70242K(71040K)->70242K(71040K) NonClass: 60128K(60544K)->60128K(60544K) Class: 10113K(10496K)->10113K(10496K)
[57.627s][info ][gc             ] GC(126) Pause Full (Ergonomics) 1008M->477M(2179M) 429.234ms
[57.627s][info ][gc,cpu         ] GC(126) User=1.64s Sys=0.00s Real=0.43s
[57.628s][info ][safepoint      ] Safepoint "ParallelGCFailedAllocation", Time since last: 749460588 ns, Reaching safepoint: 162804 ns, At safepoint: 567440753 ns, Total: 567603557 ns
[58.628s][info ][safepoint      ] Safepoint "Cleanup", Time since last: 1000095872 ns, Reaching safepoint: 207705 ns, At safepoint: 23401 ns, Total: 231106 ns
[58.952s][info ][gc,start       ] GC(127) Pause Young (Allocation Failure)
[58.976s][debug][gc,phases      ] GC(127) Scavenge 23.180ms
[58.976s][debug][gc,ref         ] GC(127) Skipped phase 1 of Reference Processing: no references
[58.976s][debug][gc,ref         ] GC(127) ReferenceProcessor::execute queues: 1, RefProcThreadModel::Single, marks_oops_alive: false
[58.976s][debug][gc,ref         ] GC(127) Skipped phase 3 of Reference Processing: no references
[58.976s][debug][gc,ref         ] GC(127) ReferenceProcessor::execute queues: 1, RefProcThreadModel::Single, marks_oops_alive: false
[58.976s][debug][gc,phases      ] GC(127) Reference Processing 0.139ms
[58.976s][debug][gc,phases      ] GC(127)   VM Weak                        Min:  0.0, Avg:  0.0, Max:  0.0, Diff:  0.0, Sum:  0.0, Workers: 4
[58.976s][debug][gc,phases      ] GC(127)     Dead                           Min: 0, Avg:  0.0, Max: 0, Diff: 0, Sum: 0, Workers: 4
[58.976s][debug][gc,phases      ] GC(127)     Total                          Min: 0, Avg: 150.2, Max: 320, Diff: 320, Sum: 601, Workers: 4
[58.976s][debug][gc,phases      ] GC(127)   ObjectSynchronizer Weak        Min:  0.0, Avg:  0.0, Max:  0.0, Diff:  0.0, Sum:  0.0, Workers: 4
[58.976s][debug][gc,phases      ] GC(127)     Dead                           Min: 0, Avg:  0.0, Max: 0, Diff: 0, Sum: 0, Workers: 4
[58.976s][debug][gc,phases      ] GC(127)     Total                          Min: 0, Avg: 113.8, Max: 192, Diff: 192, Sum: 455, Workers: 4
[58.976s][debug][gc,phases      ] GC(127)   JVMTI Tag Weak OopStorage      Min:  0.0, Avg:  0.0, Max:  0.0, Diff:  0.0, Sum:  0.0, Workers: 4
[58.976s][debug][gc,phases      ] GC(127)     Dead                           Min: 0, Avg:  0.0, Max: 0, Diff: 0, Sum: 0, Workers: 4
[58.976s][debug][gc,phases      ] GC(127)     Total                          Min: 0, Avg:  0.0, Max: 0, Diff: 0, Sum: 0, Workers: 4
[58.976s][debug][gc,phases      ] GC(127)   StringTable Weak               Min:  0.1, Avg:  0.1, Max:  0.1, Diff:  0.0, Sum:  0.4, Workers: 4
[58.976s][debug][gc,phases      ] GC(127)     Dead                           Min: 0, Avg:  2.8, Max: 11, Diff: 11, Sum: 11, Workers: 4
[58.976s][debug][gc,phases      ] GC(127)     Total                          Min: 10304, Avg: 10820.5, Max: 11584, Diff: 1280, Sum: 43282, Workers: 4
[58.976s][debug][gc,phases      ] GC(127)   ResolvedMethodTable Weak       Min:  0.0, Avg:  0.0, Max:  0.0, Diff:  0.0, Sum:  0.1, Workers: 4
[58.976s][debug][gc,phases      ] GC(127)     Dead                           Min: 0, Avg:  2.8, Max: 11, Diff: 11, Sum: 11, Workers: 4
[58.976s][debug][gc,phases      ] GC(127)     Total                          Min: 1534, Avg: 1884.5, Max: 2104, Diff: 570, Sum: 7538, Workers: 4
[58.976s][debug][gc,phases      ] GC(127)   JNI Weak                       Min:  0.0, Avg:  0.0, Max:  0.0, Diff:  0.0, Sum:  0.0, Workers: 4
[58.976s][debug][gc,phases      ] GC(127)     Dead                           Min: 0, Avg:  0.0, Max: 0, Diff: 0, Sum: 0, Workers: 4
[58.976s][debug][gc,phases      ] GC(127)     Total                          Min: 0, Avg:  1.5, Max: 6, Diff: 6, Sum: 6, Workers: 4
[58.976s][debug][gc,phases      ] GC(127)   StringDedup Table Weak         Min:  0.0, Avg:  0.0, Max:  0.0, Diff:  0.0, Sum:  0.0, Workers: 4
[58.976s][debug][gc,phases      ] GC(127)     Dead                           Min: 0, Avg:  0.0, Max: 0, Diff: 0, Sum: 0, Workers: 4
[58.976s][debug][gc,phases      ] GC(127)     Total                          Min: 0, Avg:  0.0, Max: 0, Diff: 0, Sum: 0, Workers: 4
[58.976s][debug][gc,phases      ] GC(127)   StringDedup Requests0 Weak     Min:  0.0, Avg:  0.0, Max:  0.0, Diff:  0.0, Sum:  0.0, Workers: 4
[58.976s][debug][gc,phases      ] GC(127)     Dead                           Min: 0, Avg:  0.0, Max: 0, Diff: 0, Sum: 0, Workers: 4
[58.976s][debug][gc,phases      ] GC(127)     Total                          Min: 0, Avg:  0.0, Max: 0, Diff: 0, Sum: 0, Workers: 4
[58.976s][debug][gc,phases      ] GC(127)   StringDedup Requests1 Weak     Min:  0.0, Avg:  0.0, Max:  0.0, Diff:  0.0, Sum:  0.0, Workers: 4
[58.976s][debug][gc,phases      ] GC(127)     Dead                           Min: 0, Avg:  0.0, Max: 0, Diff: 0, Sum: 0, Workers: 4
[58.976s][debug][gc,phases      ] GC(127)     Total                          Min: 0, Avg:  0.0, Max: 0, Diff: 0, Sum: 0, Workers: 4
[58.976s][debug][gc,phases      ] GC(127)   Weak JFR Old Object Samples    Min:  0.0, Avg:  0.0, Max:  0.0, Diff:  0.0, Sum:  0.0, Workers: 4
[58.976s][debug][gc,phases      ] GC(127)     Dead                           Min: 0, Avg:  0.0, Max: 0, Diff: 0, Sum: 0, Workers: 4
[58.976s][debug][gc,phases      ] GC(127)     Total                          Min: 0, Avg:  0.0, Max: 0, Diff: 0, Sum: 0, Workers: 4
[58.976s][debug][gc,phases      ] GC(127) Weak Processing 0.321ms
[58.976s][debug][gc,age         ] GC(127) Desired survivor size 536870912 bytes, new threshold 13 (max threshold 15)
[58.976s][info ][gc,heap        ] GC(127) PSYoungGen: 1048576K(1572864K)->74224K(1572864K) Eden: 1048576K(1048576K)->0K(1048576K) From: 0K(524288K)->74224K(524288K)
[58.976s][info ][gc,heap        ] GC(127) ParOldGen: 489304K(658432K)->489312K(658432K)
[58.976s][info ][gc,metaspace   ] GC(127) Metaspace: 70507K(71232K)->70507K(71232K) NonClass: 60363K(60736K)->60363K(60736K) Class: 10144K(10496K)->10144K(10496K)
[58.976s][info ][gc             ] GC(127) Pause Young (Allocation Failure) 1501M->550M(2179M) 23.782ms
[58.976s][info ][gc,cpu         ] GC(127) User=0.09s Sys=0.00s Real=0.03s
[58.976s][info ][safepoint      ] Safepoint "ParallelGCFailedAllocation", Time since last: 324323160 ns, Reaching safepoint: 168005 ns, At safepoint: 23884908 ns, Total: 24052913 ns
[60.301s][info ][safepoint      ] Safepoint "ICBufferFull", Time since last: 1324960646 ns, Reaching safepoint: 269207 ns, At safepoint: 9600 ns, Total: 278807 ns
[60.579s][info ][safepoint      ] Safepoint "ICBufferFull", Time since last: 277038156 ns, Reaching safepoint: 144404 ns, At safepoint: 10900 ns, Total: 155304 ns
[60.793s][info ][safepoint      ] Safepoint "ICBufferFull", Time since last: 213812646 ns, Reaching safepoint: 260306 ns, At safepoint: 17401 ns, Total: 277707 ns
[61.479s][info ][safepoint      ] Safepoint "ICBufferFull", Time since last: 685877169 ns, Reaching safepoint: 203305 ns, At safepoint: 6600 ns, Total: 209905 ns
[62.066s][info ][safepoint      ] Safepoint "ICBufferFull", Time since last: 586972950 ns, Reaching safepoint: 153504 ns, At safepoint: 12800 ns, Total: 166304 ns
[62.120s][info ][safepoint      ] Safepoint "ICBufferFull", Time since last: 53677067 ns, Reaching safepoint: 198305 ns, At safepoint: 18500 ns, Total: 216805 ns
[62.227s][info ][safepoint      ] Safepoint "ICBufferFull", Time since last: 106981725 ns, Reaching safepoint: 243306 ns, At safepoint: 11201 ns, Total: 254507 ns
[62.277s][info ][gc,start       ] GC(128) Pause Young (Allocation Failure)
[62.302s][debug][gc,phases      ] GC(128) Scavenge 25.061ms
[62.302s][debug][gc,ref         ] GC(128) Skipped phase 1 of Reference Processing: no references
[62.303s][debug][gc,ref         ] GC(128) ReferenceProcessor::execute queues: 2, RefProcThreadModel::Multi, marks_oops_alive: false
[62.303s][debug][gc,ref         ] GC(128) Skipped phase 3 of Reference Processing: no references
[62.303s][debug][gc,ref         ] GC(128) ReferenceProcessor::execute queues: 1, RefProcThreadModel::Single, marks_oops_alive: false
[62.303s][debug][gc,phases      ] GC(128) Reference Processing 0.251ms
[62.303s][debug][gc,phases      ] GC(128)   VM Weak                        Min:  0.0, Avg:  0.0, Max:  0.0, Diff:  0.0, Sum:  0.0, Workers: 4
[62.303s][debug][gc,phases      ] GC(128)     Dead                           Min: 0, Avg:  0.0, Max: 0, Diff: 0, Sum: 0, Workers: 4
[62.303s][debug][gc,phases      ] GC(128)     Total                          Min: 0, Avg: 157.2, Max: 320, Diff: 320, Sum: 629, Workers: 4
[62.303s][debug][gc,phases      ] GC(128)   ObjectSynchronizer Weak        Min:  0.0, Avg:  0.0, Max:  0.0, Diff:  0.0, Sum:  0.0, Workers: 4
[62.303s][debug][gc,phases      ] GC(128)     Dead                           Min: 0, Avg:  0.5, Max: 2, Diff: 2, Sum: 2, Workers: 4
[62.303s][debug][gc,phases      ] GC(128)     Total                          Min: 0, Avg: 114.8, Max: 331, Diff: 331, Sum: 459, Workers: 4
[62.303s][debug][gc,phases      ] GC(128)   JVMTI Tag Weak OopStorage      Min:  0.0, Avg:  0.0, Max:  0.0, Diff:  0.0, Sum:  0.0, Workers: 4
[62.303s][debug][gc,phases      ] GC(128)     Dead                           Min: 0, Avg:  0.0, Max: 0, Diff: 0, Sum: 0, Workers: 4
[62.303s][debug][gc,phases      ] GC(128)     Total                          Min: 0, Avg:  0.0, Max: 0, Diff: 0, Sum: 0, Workers: 4
[62.303s][debug][gc,phases      ] GC(128)   StringTable Weak               Min:  0.1, Avg:  0.1, Max:  0.1, Diff:  0.0, Sum:  0.5, Workers: 4
[62.303s][debug][gc,phases      ] GC(128)     Dead                           Min: 0, Avg:  3.8, Max: 13, Diff: 13, Sum: 15, Workers: 4
[62.303s][debug][gc,phases      ] GC(128)     Total                          Min: 11198, Avg: 11583.5, Max: 12224, Diff: 1026, Sum: 46334, Workers: 4
[62.303s][debug][gc,phases      ] GC(128)   ResolvedMethodTable Weak       Min:  0.0, Avg:  0.0, Max:  0.0, Diff:  0.0, Sum:  0.1, Workers: 4
[62.303s][debug][gc,phases      ] GC(128)     Dead                           Min: 1, Avg: 24.0, Max: 48, Diff: 47, Sum: 96, Workers: 4
[62.303s][debug][gc,phases      ] GC(128)     Total                          Min: 1792, Avg: 2024.8, Max: 2432, Diff: 640, Sum: 8099, Workers: 4
[62.303s][debug][gc,phases      ] GC(128)   JNI Weak                       Min:  0.0, Avg:  0.0, Max:  0.0, Diff:  0.0, Sum:  0.0, Workers: 4
[62.303s][debug][gc,phases      ] GC(128)     Dead                           Min: 0, Avg:  0.0, Max: 0, Diff: 0, Sum: 0, Workers: 4
[62.303s][debug][gc,phases      ] GC(128)     Total                          Min: 0, Avg:  8.2, Max: 33, Diff: 33, Sum: 33, Workers: 4
[62.303s][debug][gc,phases      ] GC(128)   StringDedup Table Weak         Min:  0.0, Avg:  0.0, Max:  0.0, Diff:  0.0, Sum:  0.0, Workers: 4
[62.303s][debug][gc,phases      ] GC(128)     Dead                           Min: 0, Avg:  0.0, Max: 0, Diff: 0, Sum: 0, Workers: 4
[62.303s][debug][gc,phases      ] GC(128)     Total                          Min: 0, Avg:  0.0, Max: 0, Diff: 0, Sum: 0, Workers: 4
[62.303s][debug][gc,phases      ] GC(128)   StringDedup Requests0 Weak     Min:  0.0, Avg:  0.0, Max:  0.0, Diff:  0.0, Sum:  0.0, Workers: 4
[62.303s][debug][gc,phases      ] GC(128)     Dead                           Min: 0, Avg:  0.0, Max: 0, Diff: 0, Sum: 0, Workers: 4
[62.303s][debug][gc,phases      ] GC(128)     Total                          Min: 0, Avg:  0.0, Max: 0, Diff: 0, Sum: 0, Workers: 4
[62.303s][debug][gc,phases      ] GC(128)   StringDedup Requests1 Weak     Min:  0.0, Avg:  0.0, Max:  0.0, Diff:  0.0, Sum:  0.0, Workers: 4
[62.303s][debug][gc,phases      ] GC(128)     Dead                           Min: 0, Avg:  0.0, Max: 0, Diff: 0, Sum: 0, Workers: 4
[62.303s][debug][gc,phases      ] GC(128)     Total                          Min: 0, Avg:  0.0, Max: 0, Diff: 0, Sum: 0, Workers: 4
[62.303s][debug][gc,phases      ] GC(128)   Weak JFR Old Object Samples    Min:  0.0, Avg:  0.0, Max:  0.0, Diff:  0.0, Sum:  0.0, Workers: 4
[62.303s][debug][gc,phases      ] GC(128)     Dead                           Min: 0, Avg:  0.0, Max: 0, Diff: 0, Sum: 0, Workers: 4
[62.303s][debug][gc,phases      ] GC(128)     Total                          Min: 0, Avg:  0.0, Max: 0, Diff: 0, Sum: 0, Workers: 4
[62.303s][debug][gc,phases      ] GC(128) Weak Processing 0.361ms
[62.303s][debug][gc,age         ] GC(128) Desired survivor size 536870912 bytes, new threshold 12 (max threshold 15)
[62.303s][info ][gc,heap        ] GC(128) PSYoungGen: 1107949K(1572864K)->103191K(1572864K) Eden: 1033725K(1048576K)->0K(1048576K) From: 74224K(524288K)->103191K(524288K)
[62.303s][info ][gc,heap        ] GC(128) ParOldGen: 489312K(658432K)->489320K(658432K)
[62.303s][info ][gc,metaspace   ] GC(128) Metaspace: 78639K(79360K)->78639K(79360K) NonClass: 67324K(67712K)->67324K(67712K) Class: 11315K(11648K)->11315K(11648K)
[62.303s][info ][gc             ] GC(128) Pause Young (Allocation Failure) 1559M->578M(2179M) 25.808ms
[62.303s][info ][gc,cpu         ] GC(128) User=0.10s Sys=0.00s Real=0.03s
[62.303s][info ][safepoint      ] Safepoint "ParallelGCFailedAllocation", Time since last: 49881870 ns, Reaching safepoint: 237306 ns, At safepoint: 25898160 ns, Total: 26135466 ns
[62.682s][info ][safepoint      ] Safepoint "ICBufferFull", Time since last: 378298835 ns, Reaching safepoint: 236906 ns, At safepoint: 8500 ns, Total: 245406 ns
[62.884s][info ][safepoint      ] Safepoint "ICBufferFull", Time since last: 201817040 ns, Reaching safepoint: 215205 ns, At safepoint: 10801 ns, Total: 226006 ns
[63.227s][info ][safepoint      ] Safepoint "ICBufferFull", Time since last: 342798730 ns, Reaching safepoint: 178705 ns, At safepoint: 9900 ns, Total: 188605 ns
[63.381s][info ][safepoint      ] Safepoint "ICBufferFull", Time since last: 154374932 ns, Reaching safepoint: 235306 ns, At safepoint: 9200 ns, Total: 244506 ns
[63.749s][info ][safepoint      ] Safepoint "ICBufferFull", Time since last: 367093850 ns, Reaching safepoint: 286607 ns, At safepoint: 12500 ns, Total: 299107 ns
[64.185s][info ][safepoint      ] Safepoint "ICBufferFull", Time since last: 436521118 ns, Reaching safepoint: 181905 ns, At safepoint: 7100 ns, Total: 189005 ns
[64.412s][info ][safepoint      ] Safepoint "ICBufferFull", Time since last: 226516769 ns, Reaching safepoint: 198005 ns, At safepoint: 5600 ns, Total: 203605 ns
[64.885s][info ][gc,start       ] GC(129) Pause Young (Allocation Failure)
[64.922s][debug][gc,phases      ] GC(129) Scavenge 37.006ms
[64.922s][debug][gc,ref         ] GC(129) Skipped phase 1 of Reference Processing: no references
[64.922s][debug][gc,ref         ] GC(129) ReferenceProcessor::execute queues: 1, RefProcThreadModel::Single, marks_oops_alive: false
[64.922s][debug][gc,ref         ] GC(129) ReferenceProcessor::execute queues: 4, RefProcThreadModel::Multi, marks_oops_alive: true
[64.922s][debug][gc,ref         ] GC(129) ReferenceProcessor::execute queues: 1, RefProcThreadModel::Single, marks_oops_alive: false
[64.922s][debug][gc,phases      ] GC(129) Reference Processing 0.280ms
[64.922s][debug][gc,phases      ] GC(129)   VM Weak                        Min:  0.0, Avg:  0.0, Max:  0.0, Diff:  0.0, Sum:  0.0, Workers: 4
[64.922s][debug][gc,phases      ] GC(129)     Dead                           Min: 0, Avg:  0.0, Max: 0, Diff: 0, Sum: 0, Workers: 4
[64.922s][debug][gc,phases      ] GC(129)     Total                          Min: 0, Avg: 160.0, Max: 384, Diff: 384, Sum: 640, Workers: 4
[64.922s][debug][gc,phases      ] GC(129)   ObjectSynchronizer Weak        Min:  0.0, Avg:  0.0, Max:  0.0, Diff:  0.0, Sum:  0.0, Workers: 4
[64.922s][debug][gc,phases      ] GC(129)     Dead                           Min: 0, Avg:  1.0, Max: 4, Diff: 4, Sum: 4, Workers: 4
[64.922s][debug][gc,phases      ] GC(129)     Total                          Min: 0, Avg: 116.2, Max: 209, Diff: 209, Sum: 465, Workers: 4
[64.922s][debug][gc,phases      ] GC(129)   JVMTI Tag Weak OopStorage      Min:  0.0, Avg:  0.0, Max:  0.0, Diff:  0.0, Sum:  0.0, Workers: 4
[64.922s][debug][gc,phases      ] GC(129)     Dead                           Min: 0, Avg:  0.0, Max: 0, Diff: 0, Sum: 0, Workers: 4
[64.922s][debug][gc,phases      ] GC(129)     Total                          Min: 0, Avg:  0.0, Max: 0, Diff: 0, Sum: 0, Workers: 4
[64.922s][debug][gc,phases      ] GC(129)   StringTable Weak               Min:  0.1, Avg:  0.1, Max:  0.1, Diff:  0.0, Sum:  0.6, Workers: 4
[64.922s][debug][gc,phases      ] GC(129)     Dead                           Min: 0, Avg:  1.2, Max: 3, Diff: 3, Sum: 5, Workers: 4
[64.922s][debug][gc,phases      ] GC(129)     Total                          Min: 10240, Avg: 11648.5, Max: 12672, Diff: 2432, Sum: 46594, Workers: 4
[64.922s][debug][gc,phases      ] GC(129)   ResolvedMethodTable Weak       Min:  0.0, Avg:  0.0, Max:  0.0, Diff:  0.0, Sum:  0.1, Workers: 4
[64.922s][debug][gc,phases      ] GC(129)     Dead                           Min: 0, Avg:  1.5, Max: 6, Diff: 6, Sum: 6, Workers: 4
[64.922s][debug][gc,phases      ] GC(129)     Total                          Min: 1600, Avg: 2054.5, Max: 2522, Diff: 922, Sum: 8218, Workers: 4
[64.922s][debug][gc,phases      ] GC(129)   JNI Weak                       Min:  0.0, Avg:  0.0, Max:  0.0, Diff:  0.0, Sum:  0.0, Workers: 4
[64.922s][debug][gc,phases      ] GC(129)     Dead                           Min: 0, Avg:  0.0, Max: 0, Diff: 0, Sum: 0, Workers: 4
[64.922s][debug][gc,phases      ] GC(129)     Total                          Min: 0, Avg:  5.2, Max: 21, Diff: 21, Sum: 21, Workers: 4
[64.922s][debug][gc,phases      ] GC(129)   StringDedup Table Weak         Min:  0.0, Avg:  0.0, Max:  0.0, Diff:  0.0, Sum:  0.0, Workers: 4
[64.922s][debug][gc,phases      ] GC(129)     Dead                           Min: 0, Avg:  0.0, Max: 0, Diff: 0, Sum: 0, Workers: 4
[64.922s][debug][gc,phases      ] GC(129)     Total                          Min: 0, Avg:  0.0, Max: 0, Diff: 0, Sum: 0, Workers: 4
[64.922s][debug][gc,phases      ] GC(129)   StringDedup Requests0 Weak     Min:  0.0, Avg:  0.0, Max:  0.0, Diff:  0.0, Sum:  0.0, Workers: 4
[64.922s][debug][gc,phases      ] GC(129)     Dead                           Min: 0, Avg:  0.0, Max: 0, Diff: 0, Sum: 0, Workers: 4
[64.922s][debug][gc,phases      ] GC(129)     Total                          Min: 0, Avg:  0.0, Max: 0, Diff: 0, Sum: 0, Workers: 4
[64.922s][debug][gc,phases      ] GC(129)   StringDedup Requests1 Weak     Min:  0.0, Avg:  0.0, Max:  0.0, Diff:  0.0, Sum:  0.0, Workers: 4
[64.922s][debug][gc,phases      ] GC(129)     Dead                           Min: 0, Avg:  0.0, Max: 0, Diff: 0, Sum: 0, Workers: 4
[64.922s][debug][gc,phases      ] GC(129)     Total                          Min: 0, Avg:  0.0, Max: 0, Diff: 0, Sum: 0, Workers: 4
[64.922s][debug][gc,phases      ] GC(129)   Weak JFR Old Object Samples    Min:  0.0, Avg:  0.0, Max:  0.0, Diff:  0.0, Sum:  0.0, Workers: 4
[64.922s][debug][gc,phases      ] GC(129)     Dead                           Min: 0, Avg:  0.0, Max: 0, Diff: 0, Sum: 0, Workers: 4
[64.923s][debug][gc,phases      ] GC(129)     Total                          Min: 0, Avg:  0.0, Max: 0, Diff: 0, Sum: 0, Workers: 4
[64.923s][debug][gc,phases      ] GC(129) Weak Processing 0.381ms
[64.923s][debug][gc,age         ] GC(129) Desired survivor size 519045120 bytes, new threshold 13 (max threshold 15)
[64.923s][info ][gc,heap        ] GC(129) PSYoungGen: 1151767K(1572864K)->146402K(1590272K) Eden: 1048576K(1048576K)->0K(1065984K) From: 103191K(524288K)->146402K(524288K)
[64.923s][info ][gc,heap        ] GC(129) ParOldGen: 489320K(658432K)->489328K(658432K)
[64.923s][info ][gc,metaspace   ] GC(129) Metaspace: 79966K(80768K)->79966K(80768K) NonClass: 68575K(68992K)->68575K(68992K) Class: 11390K(11776K)->11390K(11776K)
[64.923s][info ][gc             ] GC(129) Pause Young (Allocation Failure) 1602M->620M(2196M) 37.817ms
[64.923s][info ][gc,cpu         ] GC(129) User=0.19s Sys=0.00s Real=0.04s
[64.923s][info ][safepoint      ] Safepoint "ParallelGCFailedAllocation", Time since last: 472447533 ns, Reaching safepoint: 88202 ns, At safepoint: 37907865 ns, Total: 37996067 ns
[65.660s][info ][safepoint      ] Safepoint "ICBufferFull", Time since last: 736716163 ns, Reaching safepoint: 175505 ns, At safepoint: 8900 ns, Total: 184405 ns
[65.819s][info ][safepoint      ] Safepoint "ICBufferFull", Time since last: 159028250 ns, Reaching safepoint: 121003 ns, At safepoint: 5201 ns, Total: 126204 ns
[66.104s][info ][safepoint      ] Safepoint "ICBufferFull", Time since last: 285313566 ns, Reaching safepoint: 114703 ns, At safepoint: 5300 ns, Total: 120003 ns
[66.635s][info ][gc,start       ] GC(130) Pause Young (Allocation Failure)
[66.668s][debug][gc,phases      ] GC(130) Scavenge 32.193ms
[66.668s][debug][gc,ref         ] GC(130) Skipped phase 1 of Reference Processing: no references
[66.668s][debug][gc,ref         ] GC(130) ReferenceProcessor::execute queues: 1, RefProcThreadModel::Single, marks_oops_alive: false
[66.668s][debug][gc,ref         ] GC(130) Skipped phase 3 of Reference Processing: no references
[66.668s][debug][gc,ref         ] GC(130) ReferenceProcessor::execute queues: 1, RefProcThreadModel::Single, marks_oops_alive: false
[66.668s][debug][gc,phases      ] GC(130) Reference Processing 0.175ms
[66.668s][debug][gc,phases      ] GC(130)   VM Weak                        Min:  0.0, Avg:  0.0, Max:  0.0, Diff:  0.0, Sum:  0.0, Workers: 4
[66.668s][debug][gc,phases      ] GC(130)     Dead                           Min: 0, Avg:  0.0, Max: 0, Diff: 0, Sum: 0, Workers: 4
[66.668s][debug][gc,phases      ] GC(130)     Total                          Min: 0, Avg: 160.0, Max: 640, Diff: 640, Sum: 640, Workers: 4
[66.668s][debug][gc,phases      ] GC(130)   ObjectSynchronizer Weak        Min:  0.0, Avg:  0.0, Max:  0.0, Diff:  0.0, Sum:  0.0, Workers: 4
[66.668s][debug][gc,phases      ] GC(130)     Dead                           Min: 0, Avg:  0.0, Max: 0, Diff: 0, Sum: 0, Workers: 4
[66.668s][debug][gc,phases      ] GC(130)     Total                          Min: 0, Avg: 116.2, Max: 337, Diff: 337, Sum: 465, Workers: 4
[66.668s][debug][gc,phases      ] GC(130)   JVMTI Tag Weak OopStorage      Min:  0.0, Avg:  0.0, Max:  0.0, Diff:  0.0, Sum:  0.0, Workers: 4
[66.668s][debug][gc,phases      ] GC(130)     Dead                           Min: 0, Avg:  0.0, Max: 0, Diff: 0, Sum: 0, Workers: 4
[66.668s][debug][gc,phases      ] GC(130)     Total                          Min: 0, Avg:  0.0, Max: 0, Diff: 0, Sum: 0, Workers: 4
[66.668s][debug][gc,phases      ] GC(130)   StringTable Weak               Min:  0.1, Avg:  0.1, Max:  0.1, Diff:  0.0, Sum:  0.5, Workers: 4
[66.668s][debug][gc,phases      ] GC(130)     Dead                           Min: 0, Avg:  0.0, Max: 0, Diff: 0, Sum: 0, Workers: 4
[66.668s][debug][gc,phases      ] GC(130)     Total                          Min: 10560, Avg: 11659.5, Max: 12672, Diff: 2112, Sum: 46638, Workers: 4
[66.668s][debug][gc,phases      ] GC(130)   ResolvedMethodTable Weak       Min:  0.0, Avg:  0.0, Max:  0.0, Diff:  0.0, Sum:  0.1, Workers: 4
[66.668s][debug][gc,phases      ] GC(130)     Dead                           Min: 0, Avg:  1.2, Max: 5, Diff: 5, Sum: 5, Workers: 4
[66.668s][debug][gc,phases      ] GC(130)     Total                          Min: 1805, Avg: 1998.0, Max: 2203, Diff: 398, Sum: 7992, Workers: 4
[66.668s][debug][gc,phases      ] GC(130)   JNI Weak                       Min:  0.0, Avg:  0.0, Max:  0.0, Diff:  0.0, Sum:  0.0, Workers: 4
[66.668s][debug][gc,phases      ] GC(130)     Dead                           Min: 0, Avg:  0.0, Max: 0, Diff: 0, Sum: 0, Workers: 4
[66.668s][debug][gc,phases      ] GC(130)     Total                          Min: 0, Avg:  8.5, Max: 34, Diff: 34, Sum: 34, Workers: 4
[66.668s][debug][gc,phases      ] GC(130)   StringDedup Table Weak         Min:  0.0, Avg:  0.0, Max:  0.0, Diff:  0.0, Sum:  0.0, Workers: 4
[66.668s][debug][gc,phases      ] GC(130)     Dead                           Min: 0, Avg:  0.0, Max: 0, Diff: 0, Sum: 0, Workers: 4
[66.668s][debug][gc,phases      ] GC(130)     Total                          Min: 0, Avg:  0.0, Max: 0, Diff: 0, Sum: 0, Workers: 4
[66.668s][debug][gc,phases      ] GC(130)   StringDedup Requests0 Weak     Min:  0.0, Avg:  0.0, Max:  0.0, Diff:  0.0, Sum:  0.0, Workers: 4
[66.668s][debug][gc,phases      ] GC(130)     Dead                           Min: 0, Avg:  0.0, Max: 0, Diff: 0, Sum: 0, Workers: 4
[66.668s][debug][gc,phases      ] GC(130)     Total                          Min: 0, Avg:  0.0, Max: 0, Diff: 0, Sum: 0, Workers: 4
[66.668s][debug][gc,phases      ] GC(130)   StringDedup Requests1 Weak     Min:  0.0, Avg:  0.0, Max:  0.0, Diff:  0.0, Sum:  0.0, Workers: 4
[66.668s][debug][gc,phases      ] GC(130)     Dead                           Min: 0, Avg:  0.0, Max: 0, Diff: 0, Sum: 0, Workers: 4
[66.668s][debug][gc,phases      ] GC(130)     Total                          Min: 0, Avg:  0.0, Max: 0, Diff: 0, Sum: 0, Workers: 4
[66.668s][debug][gc,phases      ] GC(130)   Weak JFR Old Object Samples    Min:  0.0, Avg:  0.0, Max:  0.0, Diff:  0.0, Sum:  0.0, Workers: 4
[66.668s][debug][gc,phases      ] GC(130)     Dead                           Min: 0, Avg:  0.0, Max: 0, Diff: 0, Sum: 0, Workers: 4
[66.668s][debug][gc,phases      ] GC(130)     Total                          Min: 0, Avg:  0.0, Max: 0, Diff: 0, Sum: 0, Workers: 4
[66.668s][debug][gc,phases      ] GC(130) Weak Processing 0.375ms
[66.668s][debug][gc,age         ] GC(130) Desired survivor size 496500736 bytes, new threshold 14 (max threshold 15)
[66.668s][info ][gc,heap        ] GC(130) PSYoungGen: 1212386K(1590272K)->145773K(1572864K) Eden: 1065984K(1065984K)->0K(1065984K) From: 146402K(524288K)->145773K(506880K)
[66.668s][info ][gc,heap        ] GC(130) ParOldGen: 489328K(658432K)->489328K(658432K)
[66.668s][info ][gc,metaspace   ] GC(130) Metaspace: 80375K(81152K)->80375K(81152K) NonClass: 68969K(69376K)->68969K(69376K) Class: 11405K(11776K)->11405K(11776K)
[66.668s][info ][gc             ] GC(130) Pause Young (Allocation Failure) 1661M->620M(2179M) 32.881ms
[66.668s][info ][gc,cpu         ] GC(130) User=0.16s Sys=0.00s Real=0.03s
[66.668s][info ][safepoint      ] Safepoint "ParallelGCFailedAllocation", Time since last: 530980423 ns, Reaching safepoint: 201305 ns, At safepoint: 32979040 ns, Total: 33180345 ns
[67.099s][info ][safepoint      ] Safepoint "ICBufferFull", Time since last: 430312960 ns, Reaching safepoint: 180104 ns, At safepoint: 11901 ns, Total: 192005 ns
[67.537s][info ][safepoint      ] Safepoint "ICBufferFull", Time since last: 437962554 ns, Reaching safepoint: 189105 ns, At safepoint: 7600 ns, Total: 196705 ns
[67.837s][info ][safepoint      ] Safepoint "ICBufferFull", Time since last: 299844736 ns, Reaching safepoint: 157904 ns, At safepoint: 12101 ns, Total: 170005 ns
[68.034s][info ][safepoint      ] Safepoint "ICBufferFull", Time since last: 196972616 ns, Reaching safepoint: 173605 ns, At safepoint: 4100 ns, Total: 177705 ns
[68.477s][info ][safepoint      ] Safepoint "ICBufferFull", Time since last: 442348565 ns, Reaching safepoint: 176005 ns, At safepoint: 6000 ns, Total: 182005 ns
[69.078s][info ][safepoint      ] Safepoint "ICBufferFull", Time since last: 600946905 ns, Reaching safepoint: 223006 ns, At safepoint: 9300 ns, Total: 232306 ns
[69.679s][info ][safepoint      ] Safepoint "ICBufferFull", Time since last: 600615296 ns, Reaching safepoint: 179905 ns, At safepoint: 6300 ns, Total: 186205 ns
[69.987s][info ][safepoint      ] Safepoint "ICBufferFull", Time since last: 308077346 ns, Reaching safepoint: 222006 ns, At safepoint: 7900 ns, Total: 229906 ns
[70.987s][info ][safepoint      ] Safepoint "Cleanup", Time since last: 1000103470 ns, Reaching safepoint: 163705 ns, At safepoint: 13800 ns, Total: 177505 ns
[71.927s][info ][safepoint      ] Safepoint "ICBufferFull", Time since last: 939858236 ns, Reaching safepoint: 200005 ns, At safepoint: 8800 ns, Total: 208805 ns
[72.254s][info ][safepoint      ] Safepoint "ICBufferFull", Time since last: 326560417 ns, Reaching safepoint: 212805 ns, At safepoint: 4900 ns, Total: 217705 ns
[72.519s][info ][safepoint      ] Safepoint "ICBufferFull", Time since last: 264974649 ns, Reaching safepoint: 257806 ns, At safepoint: 17201 ns, Total: 275007 ns
[73.037s][info ][gc,start       ] GC(131) Pause Young (Allocation Failure)
[73.067s][debug][gc,phases      ] GC(131) Scavenge 30.538ms
[73.067s][debug][gc,ref         ] GC(131) Skipped phase 1 of Reference Processing: no references
[73.068s][debug][gc,ref         ] GC(131) ReferenceProcessor::execute queues: 2, RefProcThreadModel::Multi, marks_oops_alive: false
[73.068s][debug][gc,ref         ] GC(131) ReferenceProcessor::execute queues: 4, RefProcThreadModel::Multi, marks_oops_alive: true
[73.068s][debug][gc,ref         ] GC(131) ReferenceProcessor::execute queues: 1, RefProcThreadModel::Single, marks_oops_alive: false
[73.068s][debug][gc,phases      ] GC(131) Reference Processing 0.274ms
[73.068s][debug][gc,phases      ] GC(131)   VM Weak                        Min:  0.0, Avg:  0.0, Max:  0.0, Diff:  0.0, Sum:  0.0, Workers: 4
[73.068s][debug][gc,phases      ] GC(131)     Dead                           Min: 0, Avg:  0.0, Max: 0, Diff: 0, Sum: 0, Workers: 4
[73.068s][debug][gc,phases      ] GC(131)     Total                          Min: 0, Avg: 161.2, Max: 640, Diff: 640, Sum: 645, Workers: 4
[73.068s][debug][gc,phases      ] GC(131)   ObjectSynchronizer Weak        Min:  0.0, Avg:  0.0, Max:  0.0, Diff:  0.0, Sum:  0.0, Workers: 4
[73.068s][debug][gc,phases      ] GC(131)     Dead                           Min: 0, Avg:  0.0, Max: 0, Diff: 0, Sum: 0, Workers: 4
[73.068s][debug][gc,phases      ] GC(131)     Total                          Min: 0, Avg: 116.2, Max: 209, Diff: 209, Sum: 465, Workers: 4
[73.068s][debug][gc,phases      ] GC(131)   JVMTI Tag Weak OopStorage      Min:  0.0, Avg:  0.0, Max:  0.0, Diff:  0.0, Sum:  0.0, Workers: 4
[73.068s][debug][gc,phases      ] GC(131)     Dead                           Min: 0, Avg:  0.0, Max: 0, Diff: 0, Sum: 0, Workers: 4
[73.068s][debug][gc,phases      ] GC(131)     Total                          Min: 0, Avg:  0.0, Max: 0, Diff: 0, Sum: 0, Workers: 4
[73.068s][debug][gc,phases      ] GC(131)   StringTable Weak               Min:  0.1, Avg:  0.1, Max:  0.1, Diff:  0.0, Sum:  0.5, Workers: 4
[73.068s][debug][gc,phases      ] GC(131)     Dead                           Min: 0, Avg:  0.5, Max: 2, Diff: 2, Sum: 2, Workers: 4
[73.068s][debug][gc,phases      ] GC(131)     Total                          Min: 10876, Avg: 11774.8, Max: 12544, Diff: 1668, Sum: 47099, Workers: 4
[73.068s][debug][gc,phases      ] GC(131)   ResolvedMethodTable Weak       Min:  0.0, Avg:  0.0, Max:  0.0, Diff:  0.0, Sum:  0.1, Workers: 4
[73.068s][debug][gc,phases      ] GC(131)     Dead                           Min: 0, Avg:  0.0, Max: 0, Diff: 0, Sum: 0, Workers: 4
[73.068s][debug][gc,phases      ] GC(131)     Total                          Min: 1924, Avg: 2016.0, Max: 2109, Diff: 185, Sum: 8064, Workers: 4
[73.068s][debug][gc,phases      ] GC(131)   JNI Weak                       Min:  0.0, Avg:  0.0, Max:  0.0, Diff:  0.0, Sum:  0.0, Workers: 4
[73.068s][debug][gc,phases      ] GC(131)     Dead                           Min: 0, Avg:  0.0, Max: 0, Diff: 0, Sum: 0, Workers: 4
[73.068s][debug][gc,phases      ] GC(131)     Total                          Min: 0, Avg:  3.2, Max: 13, Diff: 13, Sum: 13, Workers: 4
[73.068s][debug][gc,phases      ] GC(131)   StringDedup Table Weak         Min:  0.0, Avg:  0.0, Max:  0.0, Diff:  0.0, Sum:  0.0, Workers: 4
[73.068s][debug][gc,phases      ] GC(131)     Dead                           Min: 0, Avg:  0.0, Max: 0, Diff: 0, Sum: 0, Workers: 4
[73.068s][debug][gc,phases      ] GC(131)     Total                          Min: 0, Avg:  0.0, Max: 0, Diff: 0, Sum: 0, Workers: 4
[73.068s][debug][gc,phases      ] GC(131)   StringDedup Requests0 Weak     Min:  0.0, Avg:  0.0, Max:  0.0, Diff:  0.0, Sum:  0.0, Workers: 4
[73.068s][debug][gc,phases      ] GC(131)     Dead                           Min: 0, Avg:  0.0, Max: 0, Diff: 0, Sum: 0, Workers: 4
[73.068s][debug][gc,phases      ] GC(131)     Total                          Min: 0, Avg:  0.0, Max: 0, Diff: 0, Sum: 0, Workers: 4
[73.068s][debug][gc,phases      ] GC(131)   StringDedup Requests1 Weak     Min:  0.0, Avg:  0.0, Max:  0.0, Diff:  0.0, Sum:  0.0, Workers: 4
[73.068s][debug][gc,phases      ] GC(131)     Dead                           Min: 0, Avg:  0.0, Max: 0, Diff: 0, Sum: 0, Workers: 4
[73.068s][debug][gc,phases      ] GC(131)     Total                          Min: 0, Avg:  0.0, Max: 0, Diff: 0, Sum: 0, Workers: 4
[73.068s][debug][gc,phases      ] GC(131)   Weak JFR Old Object Samples    Min:  0.0, Avg:  0.0, Max:  0.0, Diff:  0.0, Sum:  0.0, Workers: 4
[73.068s][debug][gc,phases      ] GC(131)     Dead                           Min: 0, Avg:  0.0, Max: 0, Diff: 0, Sum: 0, Workers: 4
[73.068s][debug][gc,phases      ] GC(131)     Total                          Min: 0, Avg:  0.0, Max: 0, Diff: 0, Sum: 0, Workers: 4
[73.068s][debug][gc,phases      ] GC(131) Weak Processing 0.332ms
[73.068s][debug][gc,age         ] GC(131) Desired survivor size 476053504 bytes, new threshold 15 (max threshold 15)
[73.068s][info ][gc,heap        ] GC(131) PSYoungGen: 1211757K(1572864K)->139308K(1632256K) Eden: 1065984K(1065984K)->0K(1147392K) From: 145773K(506880K)->139308K(484864K)
[73.068s][info ][gc,heap        ] GC(131) ParOldGen: 489328K(658432K)->489336K(658432K)
[73.068s][info ][gc,metaspace   ] GC(131) Metaspace: 80977K(81856K)->80977K(81856K) NonClass: 69528K(70016K)->69528K(70016K) Class: 11449K(11840K)->11449K(11840K)
[73.068s][info ][gc             ] GC(131) Pause Young (Allocation Failure) 1661M->613M(2237M) 31.287ms
[73.068s][info ][gc,cpu         ] GC(131) User=0.14s Sys=0.00s Real=0.03s
[73.068s][info ][safepoint      ] Safepoint "ParallelGCFailedAllocation", Time since last: 517297974 ns, Reaching safepoint: 209905 ns, At safepoint: 31386200 ns, Total: 31596105 ns
[74.068s][info ][safepoint      ] Safepoint "Cleanup", Time since last: 1000081969 ns, Reaching safepoint: 160304 ns, At safepoint: 11500 ns, Total: 171804 ns
[75.069s][info ][safepoint      ] Safepoint "Cleanup", Time since last: 1000103370 ns, Reaching safepoint: 113403 ns, At safepoint: 11200 ns, Total: 124603 ns
[76.069s][info ][safepoint      ] Safepoint "Cleanup", Time since last: 1000106070 ns, Reaching safepoint: 107803 ns, At safepoint: 9500 ns, Total: 117303 ns
[77.069s][info ][safepoint      ] Safepoint "Cleanup", Time since last: 1000092469 ns, Reaching safepoint: 107103 ns, At safepoint: 9000 ns, Total: 116103 ns
[77.650s][info ][gc,start       ] GC(132) Pause Young (Allocation Failure)
[77.676s][debug][gc,phases      ] GC(132) Scavenge 26.204ms
[77.676s][debug][gc,ref         ] GC(132) Skipped phase 1 of Reference Processing: no references
[77.676s][debug][gc,ref         ] GC(132) ReferenceProcessor::execute queues: 2, RefProcThreadModel::Multi, marks_oops_alive: false
[77.676s][debug][gc,ref         ] GC(132) Skipped phase 3 of Reference Processing: no references
[77.676s][debug][gc,ref         ] GC(132) ReferenceProcessor::execute queues: 1, RefProcThreadModel::Single, marks_oops_alive: false
[77.676s][debug][gc,phases      ] GC(132) Reference Processing 0.204ms
[77.677s][debug][gc,phases      ] GC(132)   VM Weak                        Min:  0.0, Avg:  0.0, Max:  0.0, Diff:  0.0, Sum:  0.0, Workers: 4
[77.677s][debug][gc,phases      ] GC(132)     Dead                           Min: 0, Avg:  0.0, Max: 0, Diff: 0, Sum: 0, Workers: 4
[77.677s][debug][gc,phases      ] GC(132)     Total                          Min: 0, Avg: 162.8, Max: 384, Diff: 384, Sum: 651, Workers: 4
[77.677s][debug][gc,phases      ] GC(132)   ObjectSynchronizer Weak        Min:  0.0, Avg:  0.0, Max:  0.0, Diff:  0.0, Sum:  0.0, Workers: 4
[77.677s][debug][gc,phases      ] GC(132)     Dead                           Min: 0, Avg:  0.0, Max: 0, Diff: 0, Sum: 0, Workers: 4
[77.677s][debug][gc,phases      ] GC(132)     Total                          Min: 0, Avg: 116.2, Max: 209, Diff: 209, Sum: 465, Workers: 4
[77.677s][debug][gc,phases      ] GC(132)   JVMTI Tag Weak OopStorage      Min:  0.0, Avg:  0.0, Max:  0.0, Diff:  0.0, Sum:  0.0, Workers: 4
[77.677s][debug][gc,phases      ] GC(132)     Dead                           Min: 0, Avg:  0.0, Max: 0, Diff: 0, Sum: 0, Workers: 4
[77.677s][debug][gc,phases      ] GC(132)     Total                          Min: 0, Avg:  0.0, Max: 0, Diff: 0, Sum: 0, Workers: 4
[77.677s][debug][gc,phases      ] GC(132)   StringTable Weak               Min:  0.1, Avg:  0.1, Max:  0.1, Diff:  0.0, Sum:  0.5, Workers: 4
[77.677s][debug][gc,phases      ] GC(132)     Dead                           Min: 0, Avg:  0.5, Max: 1, Diff: 1, Sum: 2, Workers: 4
[77.677s][debug][gc,phases      ] GC(132)     Total                          Min: 11200, Avg: 11812.8, Max: 12736, Diff: 1536, Sum: 47251, Workers: 4
[77.677s][debug][gc,phases      ] GC(132)   ResolvedMethodTable Weak       Min:  0.0, Avg:  0.0, Max:  0.0, Diff:  0.0, Sum:  0.1, Workers: 4
[77.677s][debug][gc,phases      ] GC(132)     Dead                           Min: 0, Avg:  0.0, Max: 0, Diff: 0, Sum: 0, Workers: 4
[77.677s][debug][gc,phases      ] GC(132)     Total                          Min: 1992, Avg: 2025.2, Max: 2063, Diff: 71, Sum: 8101, Workers: 4
[77.677s][debug][gc,phases      ] GC(132)   JNI Weak                       Min:  0.0, Avg:  0.0, Max:  0.0, Diff:  0.0, Sum:  0.0, Workers: 4
[77.677s][debug][gc,phases      ] GC(132)     Dead                           Min: 0, Avg:  0.0, Max: 0, Diff: 0, Sum: 0, Workers: 4
[77.677s][debug][gc,phases      ] GC(132)     Total                          Min: 0, Avg:  2.2, Max: 9, Diff: 9, Sum: 9, Workers: 4
[77.677s][debug][gc,phases      ] GC(132)   StringDedup Table Weak         Min:  0.0, Avg:  0.0, Max:  0.0, Diff:  0.0, Sum:  0.0, Workers: 4
[77.677s][debug][gc,phases      ] GC(132)     Dead                           Min: 0, Avg:  0.0, Max: 0, Diff: 0, Sum: 0, Workers: 4
[77.677s][debug][gc,phases      ] GC(132)     Total                          Min: 0, Avg:  0.0, Max: 0, Diff: 0, Sum: 0, Workers: 4
[77.677s][debug][gc,phases      ] GC(132)   StringDedup Requests0 Weak     Min:  0.0, Avg:  0.0, Max:  0.0, Diff:  0.0, Sum:  0.0, Workers: 4
[77.677s][debug][gc,phases      ] GC(132)     Dead                           Min: 0, Avg:  0.0, Max: 0, Diff: 0, Sum: 0, Workers: 4
[77.677s][debug][gc,phases      ] GC(132)     Total                          Min: 0, Avg:  0.0, Max: 0, Diff: 0, Sum: 0, Workers: 4
[77.677s][debug][gc,phases      ] GC(132)   StringDedup Requests1 Weak     Min:  0.0, Avg:  0.0, Max:  0.0, Diff:  0.0, Sum:  0.0, Workers: 4
[77.677s][debug][gc,phases      ] GC(132)     Dead                           Min: 0, Avg:  0.0, Max: 0, Diff: 0, Sum: 0, Workers: 4
[77.677s][debug][gc,phases      ] GC(132)     Total                          Min: 0, Avg:  0.0, Max: 0, Diff: 0, Sum: 0, Workers: 4
[77.677s][debug][gc,phases      ] GC(132)   Weak JFR Old Object Samples    Min:  0.0, Avg:  0.0, Max:  0.0, Diff:  0.0, Sum:  0.0, Workers: 4
[77.677s][debug][gc,phases      ] GC(132)     Dead                           Min: 0, Avg:  0.0, Max: 0, Diff: 0, Sum: 0, Workers: 4
[77.677s][debug][gc,phases      ] GC(132)     Total                          Min: 0, Avg:  0.0, Max: 0, Diff: 0, Sum: 0, Workers: 4
[77.677s][debug][gc,phases      ] GC(132) Weak Processing 0.340ms
[77.677s][debug][gc,age         ] GC(132) Desired survivor size 454557696 bytes, new threshold 15 (max threshold 15)
[77.677s][info ][gc,heap        ] GC(132) PSYoungGen: 1286700K(1632256K)->145606K(1612288K) Eden: 1147392K(1147392K)->0K(1147392K) From: 139308K(484864K)->145606K(464896K)
[77.677s][info ][gc,heap        ] GC(132) ParOldGen: 489336K(658432K)->489344K(658432K)
[77.677s][info ][gc,metaspace   ] GC(132) Metaspace: 81151K(81984K)->81151K(81984K) NonClass: 69681K(70144K)->69681K(70144K) Class: 11469K(11840K)->11469K(11840K)
[77.677s][info ][gc             ] GC(132) Pause Young (Allocation Failure) 1734M->620M(2217M) 26.888ms
[77.677s][info ][gc,cpu         ] GC(132) User=0.10s Sys=0.00s Real=0.03s
[77.677s][info ][safepoint      ] Safepoint "ParallelGCFailedAllocation", Time since last: 580725289 ns, Reaching safepoint: 121103 ns, At safepoint: 26977987 ns, Total: 27099090 ns
[78.493s][info ][gc,start       ] GC(133) Pause Young (Allocation Failure)
[78.524s][debug][gc,phases      ] GC(133) Scavenge 30.460ms
[78.524s][debug][gc,ref         ] GC(133) Skipped phase 1 of Reference Processing: no references
[78.524s][debug][gc,ref         ] GC(133) ReferenceProcessor::execute queues: 1, RefProcThreadModel::Single, marks_oops_alive: false
[78.524s][debug][gc,ref         ] GC(133) Skipped phase 3 of Reference Processing: no references
[78.524s][debug][gc,ref         ] GC(133) ReferenceProcessor::execute queues: 1, RefProcThreadModel::Single, marks_oops_alive: false
[78.524s][debug][gc,phases      ] GC(133) Reference Processing 0.182ms
[78.524s][debug][gc,phases      ] GC(133)   VM Weak                        Min:  0.0, Avg:  0.0, Max:  0.0, Diff:  0.0, Sum:  0.0, Workers: 4
[78.524s][debug][gc,phases      ] GC(133)     Dead                           Min: 0, Avg:  0.0, Max: 0, Diff: 0, Sum: 0, Workers: 4
[78.524s][debug][gc,phases      ] GC(133)     Total                          Min: 0, Avg: 162.8, Max: 395, Diff: 395, Sum: 651, Workers: 4
[78.524s][debug][gc,phases      ] GC(133)   ObjectSynchronizer Weak        Min:  0.0, Avg:  0.0, Max:  0.0, Diff:  0.0, Sum:  0.0, Workers: 4
[78.524s][debug][gc,phases      ] GC(133)     Dead                           Min: 0, Avg:  0.0, Max: 0, Diff: 0, Sum: 0, Workers: 4
[78.524s][debug][gc,phases      ] GC(133)     Total                          Min: 0, Avg: 116.2, Max: 320, Diff: 320, Sum: 465, Workers: 4
[78.524s][debug][gc,phases      ] GC(133)   JVMTI Tag Weak OopStorage      Min:  0.0, Avg:  0.0, Max:  0.0, Diff:  0.0, Sum:  0.0, Workers: 4
[78.524s][debug][gc,phases      ] GC(133)     Dead                           Min: 0, Avg:  0.0, Max: 0, Diff: 0, Sum: 0, Workers: 4
[78.524s][debug][gc,phases      ] GC(133)     Total                          Min: 0, Avg:  0.0, Max: 0, Diff: 0, Sum: 0, Workers: 4
[78.524s][debug][gc,phases      ] GC(133)   StringTable Weak               Min:  0.1, Avg:  0.1, Max:  0.1, Diff:  0.0, Sum:  0.5, Workers: 4
[78.524s][debug][gc,phases      ] GC(133)     Dead                           Min: 0, Avg:  0.0, Max: 0, Diff: 0, Sum: 0, Workers: 4
[78.524s][debug][gc,phases      ] GC(133)     Total                          Min: 10560, Avg: 11815.5, Max: 12574, Diff: 2014, Sum: 47262, Workers: 4
[78.524s][debug][gc,phases      ] GC(133)   ResolvedMethodTable Weak       Min:  0.0, Avg:  0.0, Max:  0.0, Diff:  0.0, Sum:  0.1, Workers: 4
[78.524s][debug][gc,phases      ] GC(133)     Dead                           Min: 0, Avg:  0.0, Max: 0, Diff: 0, Sum: 0, Workers: 4
[78.524s][debug][gc,phases      ] GC(133)     Total                          Min: 1928, Avg: 2025.2, Max: 2128, Diff: 200, Sum: 8101, Workers: 4
[78.524s][debug][gc,phases      ] GC(133)   JNI Weak                       Min:  0.0, Avg:  0.0, Max:  0.0, Diff:  0.0, Sum:  0.0, Workers: 4
[78.524s][debug][gc,phases      ] GC(133)     Dead                           Min: 0, Avg:  0.0, Max: 0, Diff: 0, Sum: 0, Workers: 4
[78.524s][debug][gc,phases      ] GC(133)     Total                          Min: 0, Avg:  0.2, Max: 1, Diff: 1, Sum: 1, Workers: 4
[78.524s][debug][gc,phases      ] GC(133)   StringDedup Table Weak         Min:  0.0, Avg:  0.0, Max:  0.0, Diff:  0.0, Sum:  0.0, Workers: 4
[78.524s][debug][gc,phases      ] GC(133)     Dead                           Min: 0, Avg:  0.0, Max: 0, Diff: 0, Sum: 0, Workers: 4
[78.524s][debug][gc,phases      ] GC(133)     Total                          Min: 0, Avg:  0.0, Max: 0, Diff: 0, Sum: 0, Workers: 4
[78.524s][debug][gc,phases      ] GC(133)   StringDedup Requests0 Weak     Min:  0.0, Avg:  0.0, Max:  0.0, Diff:  0.0, Sum:  0.0, Workers: 4
[78.524s][debug][gc,phases      ] GC(133)     Dead                           Min: 0, Avg:  0.0, Max: 0, Diff: 0, Sum: 0, Workers: 4
[78.524s][debug][gc,phases      ] GC(133)     Total                          Min: 0, Avg:  0.0, Max: 0, Diff: 0, Sum: 0, Workers: 4
[78.524s][debug][gc,phases      ] GC(133)   StringDedup Requests1 Weak     Min:  0.0, Avg:  0.0, Max:  0.0, Diff:  0.0, Sum:  0.0, Workers: 4
[78.524s][debug][gc,phases      ] GC(133)     Dead                           Min: 0, Avg:  0.0, Max: 0, Diff: 0, Sum: 0, Workers: 4
[78.524s][debug][gc,phases      ] GC(133)     Total                          Min: 0, Avg:  0.0, Max: 0, Diff: 0, Sum: 0, Workers: 4
[78.524s][debug][gc,phases      ] GC(133)   Weak JFR Old Object Samples    Min:  0.0, Avg:  0.0, Max:  0.0, Diff:  0.0, Sum:  0.0, Workers: 4
[78.524s][debug][gc,phases      ] GC(133)     Dead                           Min: 0, Avg:  0.0, Max: 0, Diff: 0, Sum: 0, Workers: 4
[78.524s][debug][gc,phases      ] GC(133)     Total                          Min: 0, Avg:  0.0, Max: 0, Diff: 0, Sum: 0, Workers: 4
[78.524s][debug][gc,phases      ] GC(133) Weak Processing 0.347ms
[78.524s][debug][gc,age         ] GC(133) Desired survivor size 433586176 bytes, new threshold 15 (max threshold 15)
[78.524s][info ][gc,heap        ] GC(133) PSYoungGen: 1292998K(1612288K)->150221K(1673728K) Eden: 1147392K(1147392K)->0K(1229824K) From: 145606K(464896K)->150221K(443904K)
[78.524s][info ][gc,heap        ] GC(133) ParOldGen: 489344K(658432K)->489352K(658432K)
[78.525s][info ][gc,metaspace   ] GC(133) Metaspace: 81155K(81984K)->81155K(81984K) NonClass: 69685K(70144K)->69685K(70144K) Class: 11469K(11840K)->11469K(11840K)
[78.525s][info ][gc             ] GC(133) Pause Young (Allocation Failure) 1740M->624M(2277M) 31.125ms
[78.525s][info ][gc,cpu         ] GC(133) User=0.13s Sys=0.00s Real=0.04s
[78.525s][info ][safepoint      ] Safepoint "ParallelGCFailedAllocation", Time since last: 816270788 ns, Reaching safepoint: 172804 ns, At safepoint: 31218695 ns, Total: 31391499 ns
[79.525s][info ][safepoint      ] Safepoint "Cleanup", Time since last: 1000068069 ns, Reaching safepoint: 176004 ns, At safepoint: 9600 ns, Total: 185604 ns
[80.525s][info ][safepoint      ] Safepoint "Cleanup", Time since last: 1000097569 ns, Reaching safepoint: 86102 ns, At safepoint: 6400 ns, Total: 92502 ns
[81.406s][info ][gc,start       ] GC(134) Pause Young (Allocation Failure)
[81.434s][debug][gc,phases      ] GC(134) Scavenge 28.123ms
[81.434s][debug][gc,ref         ] GC(134) Skipped phase 1 of Reference Processing: no references
[81.434s][debug][gc,ref         ] GC(134) ReferenceProcessor::execute queues: 1, RefProcThreadModel::Single, marks_oops_alive: false
[81.434s][debug][gc,ref         ] GC(134) Skipped phase 3 of Reference Processing: no references
[81.434s][debug][gc,ref         ] GC(134) ReferenceProcessor::execute queues: 1, RefProcThreadModel::Single, marks_oops_alive: false
[81.434s][debug][gc,phases      ] GC(134) Reference Processing 0.163ms
[81.434s][debug][gc,phases      ] GC(134)   VM Weak                        Min:  0.0, Avg:  0.0, Max:  0.0, Diff:  0.0, Sum:  0.0, Workers: 4
[81.434s][debug][gc,phases      ] GC(134)     Dead                           Min: 0, Avg:  0.0, Max: 0, Diff: 0, Sum: 0, Workers: 4
[81.434s][debug][gc,phases      ] GC(134)     Total                          Min: 0, Avg: 162.8, Max: 459, Diff: 459, Sum: 651, Workers: 4
[81.434s][debug][gc,phases      ] GC(134)   ObjectSynchronizer Weak        Min:  0.0, Avg:  0.0, Max:  0.0, Diff:  0.0, Sum:  0.0, Workers: 4
[81.434s][debug][gc,phases      ] GC(134)     Dead                           Min: 0, Avg:  0.0, Max: 0, Diff: 0, Sum: 0, Workers: 4
[81.434s][debug][gc,phases      ] GC(134)     Total                          Min: 0, Avg: 116.2, Max: 209, Diff: 209, Sum: 465, Workers: 4
[81.434s][debug][gc,phases      ] GC(134)   JVMTI Tag Weak OopStorage      Min:  0.0, Avg:  0.0, Max:  0.0, Diff:  0.0, Sum:  0.0, Workers: 4
[81.434s][debug][gc,phases      ] GC(134)     Dead                           Min: 0, Avg:  0.0, Max: 0, Diff: 0, Sum: 0, Workers: 4
[81.434s][debug][gc,phases      ] GC(134)     Total                          Min: 0, Avg:  0.0, Max: 0, Diff: 0, Sum: 0, Workers: 4
[81.434s][debug][gc,phases      ] GC(134)   StringTable Weak               Min:  0.1, Avg:  0.1, Max:  0.1, Diff:  0.0, Sum:  0.5, Workers: 4
[81.434s][debug][gc,phases      ] GC(134)     Dead                           Min: 0, Avg:  0.0, Max: 0, Diff: 0, Sum: 0, Workers: 4
[81.434s][debug][gc,phases      ] GC(134)     Total                          Min: 10949, Avg: 11825.2, Max: 12544, Diff: 1595, Sum: 47301, Workers: 4
[81.434s][debug][gc,phases      ] GC(134)   ResolvedMethodTable Weak       Min:  0.0, Avg:  0.0, Max:  0.0, Diff:  0.0, Sum:  0.1, Workers: 4
[81.434s][debug][gc,phases      ] GC(134)     Dead                           Min: 0, Avg:  0.0, Max: 0, Diff: 0, Sum: 0, Workers: 4
[81.434s][debug][gc,phases      ] GC(134)     Total                          Min: 1774, Avg: 2025.8, Max: 2338, Diff: 564, Sum: 8103, Workers: 4
[81.434s][debug][gc,phases      ] GC(134)   JNI Weak                       Min:  0.0, Avg:  0.0, Max:  0.0, Diff:  0.0, Sum:  0.0, Workers: 4
[81.434s][debug][gc,phases      ] GC(134)     Dead                           Min: 0, Avg:  0.0, Max: 0, Diff: 0, Sum: 0, Workers: 4
[81.434s][debug][gc,phases      ] GC(134)     Total                          Min: 0, Avg:  0.0, Max: 0, Diff: 0, Sum: 0, Workers: 4
[81.434s][debug][gc,phases      ] GC(134)   StringDedup Table Weak         Min:  0.0, Avg:  0.0, Max:  0.0, Diff:  0.0, Sum:  0.0, Workers: 4
[81.434s][debug][gc,phases      ] GC(134)     Dead                           Min: 0, Avg:  0.0, Max: 0, Diff: 0, Sum: 0, Workers: 4
[81.434s][debug][gc,phases      ] GC(134)     Total                          Min: 0, Avg:  0.0, Max: 0, Diff: 0, Sum: 0, Workers: 4
[81.434s][debug][gc,phases      ] GC(134)   StringDedup Requests0 Weak     Min:  0.0, Avg:  0.0, Max:  0.0, Diff:  0.0, Sum:  0.0, Workers: 4
[81.434s][debug][gc,phases      ] GC(134)     Dead                           Min: 0, Avg:  0.0, Max: 0, Diff: 0, Sum: 0, Workers: 4
[81.434s][debug][gc,phases      ] GC(134)     Total                          Min: 0, Avg:  0.0, Max: 0, Diff: 0, Sum: 0, Workers: 4
[81.434s][debug][gc,phases      ] GC(134)   StringDedup Requests1 Weak     Min:  0.0, Avg:  0.0, Max:  0.0, Diff:  0.0, Sum:  0.0, Workers: 4
[81.434s][debug][gc,phases      ] GC(134)     Dead                           Min: 0, Avg:  0.0, Max: 0, Diff: 0, Sum: 0, Workers: 4
[81.434s][debug][gc,phases      ] GC(134)     Total                          Min: 0, Avg:  0.0, Max: 0, Diff: 0, Sum: 0, Workers: 4
[81.434s][debug][gc,phases      ] GC(134)   Weak JFR Old Object Samples    Min:  0.0, Avg:  0.0, Max:  0.0, Diff:  0.0, Sum:  0.0, Workers: 4
[81.434s][debug][gc,phases      ] GC(134)     Dead                           Min: 0, Avg:  0.0, Max: 0, Diff: 0, Sum: 0, Workers: 4
[81.434s][debug][gc,phases      ] GC(134)     Total                          Min: 0, Avg:  0.0, Max: 0, Diff: 0, Sum: 0, Workers: 4
[81.434s][debug][gc,phases      ] GC(134) Weak Processing 0.357ms
[81.434s][debug][gc,age         ] GC(134) Desired survivor size 413138944 bytes, new threshold 15 (max threshold 15)
[81.434s][info ][gc,heap        ] GC(134) PSYoungGen: 1380045K(1673728K)->155133K(1653248K) Eden: 1229824K(1229824K)->0K(1229824K) From: 150221K(443904K)->155133K(423424K)
[81.434s][info ][gc,heap        ] GC(134) ParOldGen: 489352K(658432K)->489360K(658432K)
[81.434s][info ][gc,metaspace   ] GC(134) Metaspace: 81214K(82048K)->81214K(82048K) NonClass: 69744K(70208K)->69744K(70208K) Class: 11470K(11840K)->11470K(11840K)
[81.434s][info ][gc             ] GC(134) Pause Young (Allocation Failure) 1825M->629M(2257M) 28.782ms
[81.434s][info ][gc,cpu         ] GC(134) User=0.11s Sys=0.00s Real=0.03s
[81.434s][info ][safepoint      ] Safepoint "ParallelGCFailedAllocation", Time since last: 880380620 ns, Reaching safepoint: 169405 ns, At safepoint: 28889535 ns, Total: 29058940 ns
[82.494s][info ][safepoint      ] Safepoint "Cleanup", Time since last: 1059516982 ns, Reaching safepoint: 169904 ns, At safepoint: 10001 ns, Total: 179905 ns
[83.494s][info ][safepoint      ] Safepoint "Cleanup", Time since last: 1000101968 ns, Reaching safepoint: 79202 ns, At safepoint: 6500 ns, Total: 85702 ns
[84.495s][info ][safepoint      ] Safepoint "Cleanup", Time since last: 1000093668 ns, Reaching safepoint: 58602 ns, At safepoint: 6300 ns, Total: 64902 ns
[85.147s][info ][gc,start       ] GC(135) Pause Young (Allocation Failure)
[85.180s][debug][gc,phases      ] GC(135) Scavenge 32.985ms
[85.180s][debug][gc,ref         ] GC(135) Skipped phase 1 of Reference Processing: no references
[85.181s][debug][gc,ref         ] GC(135) ReferenceProcessor::execute queues: 1, RefProcThreadModel::Single, marks_oops_alive: false
[85.181s][debug][gc,ref         ] GC(135) Skipped phase 3 of Reference Processing: no references
[85.181s][debug][gc,ref         ] GC(135) ReferenceProcessor::execute queues: 1, RefProcThreadModel::Single, marks_oops_alive: false
[85.181s][debug][gc,phases      ] GC(135) Reference Processing 0.214ms
[85.181s][debug][gc,phases      ] GC(135)   VM Weak                        Min:  0.0, Avg:  0.0, Max:  0.0, Diff:  0.0, Sum:  0.0, Workers: 4
[85.181s][debug][gc,phases      ] GC(135)     Dead                           Min: 0, Avg:  0.0, Max: 0, Diff: 0, Sum: 0, Workers: 4
[85.181s][debug][gc,phases      ] GC(135)     Total                          Min: 0, Avg: 162.8, Max: 651, Diff: 651, Sum: 651, Workers: 4
[85.181s][debug][gc,phases      ] GC(135)   ObjectSynchronizer Weak        Min:  0.0, Avg:  0.0, Max:  0.0, Diff:  0.0, Sum:  0.0, Workers: 4
[85.181s][debug][gc,phases      ] GC(135)     Dead                           Min: 0, Avg:  0.0, Max: 0, Diff: 0, Sum: 0, Workers: 4
[85.181s][debug][gc,phases      ] GC(135)     Total                          Min: 0, Avg: 116.2, Max: 320, Diff: 320, Sum: 465, Workers: 4
[85.181s][debug][gc,phases      ] GC(135)   JVMTI Tag Weak OopStorage      Min:  0.0, Avg:  0.0, Max:  0.0, Diff:  0.0, Sum:  0.0, Workers: 4
[85.181s][debug][gc,phases      ] GC(135)     Dead                           Min: 0, Avg:  0.0, Max: 0, Diff: 0, Sum: 0, Workers: 4
[85.181s][debug][gc,phases      ] GC(135)     Total                          Min: 0, Avg:  0.0, Max: 0, Diff: 0, Sum: 0, Workers: 4
[85.181s][debug][gc,phases      ] GC(135)   StringTable Weak               Min:  0.1, Avg:  0.1, Max:  0.1, Diff:  0.0, Sum:  0.5, Workers: 4
[85.181s][debug][gc,phases      ] GC(135)     Dead                           Min: 0, Avg:  0.0, Max: 0, Diff: 0, Sum: 0, Workers: 4
[85.181s][debug][gc,phases      ] GC(135)     Total                          Min: 9984, Avg: 11833.0, Max: 13120, Diff: 3136, Sum: 47332, Workers: 4
[85.181s][debug][gc,phases      ] GC(135)   ResolvedMethodTable Weak       Min:  0.0, Avg:  0.0, Max:  0.0, Diff:  0.0, Sum:  0.1, Workers: 4
[85.181s][debug][gc,phases      ] GC(135)     Dead                           Min: 0, Avg:  0.0, Max: 0, Diff: 0, Sum: 0, Workers: 4
[85.181s][debug][gc,phases      ] GC(135)     Total                          Min: 1816, Avg: 2025.8, Max: 2160, Diff: 344, Sum: 8103, Workers: 4
[85.181s][debug][gc,phases      ] GC(135)   JNI Weak                       Min:  0.0, Avg:  0.0, Max:  0.0, Diff:  0.0, Sum:  0.0, Workers: 4
[85.181s][debug][gc,phases      ] GC(135)     Dead                           Min: 0, Avg:  0.0, Max: 0, Diff: 0, Sum: 0, Workers: 4
[85.181s][debug][gc,phases      ] GC(135)     Total                          Min: 0, Avg:  0.2, Max: 1, Diff: 1, Sum: 1, Workers: 4
[85.181s][debug][gc,phases      ] GC(135)   StringDedup Table Weak         Min:  0.0, Avg:  0.0, Max:  0.0, Diff:  0.0, Sum:  0.0, Workers: 4
[85.181s][debug][gc,phases      ] GC(135)     Dead                           Min: 0, Avg:  0.0, Max: 0, Diff: 0, Sum: 0, Workers: 4
[85.181s][debug][gc,phases      ] GC(135)     Total                          Min: 0, Avg:  0.0, Max: 0, Diff: 0, Sum: 0, Workers: 4
[85.181s][debug][gc,phases      ] GC(135)   StringDedup Requests0 Weak     Min:  0.0, Avg:  0.0, Max:  0.0, Diff:  0.0, Sum:  0.0, Workers: 4
[85.181s][debug][gc,phases      ] GC(135)     Dead                           Min: 0, Avg:  0.0, Max: 0, Diff: 0, Sum: 0, Workers: 4
[85.181s][debug][gc,phases      ] GC(135)     Total                          Min: 0, Avg:  0.0, Max: 0, Diff: 0, Sum: 0, Workers: 4
[85.181s][debug][gc,phases      ] GC(135)   StringDedup Requests1 Weak     Min:  0.0, Avg:  0.0, Max:  0.0, Diff:  0.0, Sum:  0.0, Workers: 4
[85.181s][debug][gc,phases      ] GC(135)     Dead                           Min: 0, Avg:  0.0, Max: 0, Diff: 0, Sum: 0, Workers: 4
[85.181s][debug][gc,phases      ] GC(135)     Total                          Min: 0, Avg:  0.0, Max: 0, Diff: 0, Sum: 0, Workers: 4
[85.181s][debug][gc,phases      ] GC(135)   Weak JFR Old Object Samples    Min:  0.0, Avg:  0.0, Max:  0.0, Diff:  0.0, Sum:  0.0, Workers: 4
[85.181s][debug][gc,phases      ] GC(135)     Dead                           Min: 0, Avg:  0.0, Max: 0, Diff: 0, Sum: 0, Workers: 4
[85.181s][debug][gc,phases      ] GC(135)     Total                          Min: 0, Avg:  0.0, Max: 0, Diff: 0, Sum: 0, Workers: 4
[85.181s][debug][gc,phases      ] GC(135) Weak Processing 0.350ms
[85.181s][debug][gc,age         ] GC(135) Desired survivor size 393216000 bytes, new threshold 15 (max threshold 15)
[85.181s][info ][gc,heap        ] GC(135) PSYoungGen: 1384957K(1653248K)->159437K(1713152K) Eden: 1229824K(1229824K)->0K(1309696K) From: 155133K(423424K)->159437K(403456K)
[85.181s][info ][gc,heap        ] GC(135) ParOldGen: 489360K(658432K)->489368K(658432K)
[85.181s][info ][gc,metaspace   ] GC(135) Metaspace: 81234K(82048K)->81234K(82048K) NonClass: 69764K(70208K)->69764K(70208K) Class: 11470K(11840K)->11470K(11840K)
[85.181s][info ][gc             ] GC(135) Pause Young (Allocation Failure) 1830M->633M(2316M) 33.690ms
[85.181s][info ][gc,cpu         ] GC(135) User=0.14s Sys=0.00s Real=0.03s
[85.181s][info ][safepoint      ] Safepoint "ParallelGCFailedAllocation", Time since last: 652705022 ns, Reaching safepoint: 121003 ns, At safepoint: 33797660 ns, Total: 33918663 ns
[86.665s][info ][safepoint      ] Safepoint "Cleanup", Time since last: 1483802586 ns, Reaching safepoint: 120903 ns, At safepoint: 11400 ns, Total: 132303 ns
[87.665s][info ][safepoint      ] Safepoint "Cleanup", Time since last: 1000111168 ns, Reaching safepoint: 107603 ns, At safepoint: 9300 ns, Total: 116903 ns
[88.665s][info ][safepoint      ] Safepoint "Cleanup", Time since last: 1000111968 ns, Reaching safepoint: 83102 ns, At safepoint: 7301 ns, Total: 90403 ns
[89.666s][info ][safepoint      ] Safepoint "Cleanup", Time since last: 1000111267 ns, Reaching safepoint: 101103 ns, At safepoint: 6400 ns, Total: 107503 ns
[90.666s][info ][safepoint      ] Safepoint "Cleanup", Time since last: 1000107468 ns, Reaching safepoint: 78502 ns, At safepoint: 12200 ns, Total: 90702 ns
[91.666s][info ][safepoint      ] Safepoint "Cleanup", Time since last: 1000118668 ns, Reaching safepoint: 56201 ns, At safepoint: 4100 ns, Total: 60301 ns
[92.666s][info ][safepoint      ] Safepoint "Cleanup", Time since last: 1000148468 ns, Reaching safepoint: 82202 ns, At safepoint: 12901 ns, Total: 95103 ns
[93.667s][info ][safepoint      ] Safepoint "Cleanup", Time since last: 1000126867 ns, Reaching safepoint: 166305 ns, At safepoint: 12900 ns, Total: 179205 ns
[94.667s][info ][safepoint      ] Safepoint "Cleanup", Time since last: 1000144468 ns, Reaching safepoint: 66401 ns, At safepoint: 5701 ns, Total: 72102 ns
[95.667s][info ][safepoint      ] Safepoint "Cleanup", Time since last: 1000108966 ns, Reaching safepoint: 72002 ns, At safepoint: 11301 ns, Total: 83303 ns
[96.444s][info ][gc,start       ] GC(136) Pause Young (Allocation Failure)
[96.476s][debug][gc,phases      ] GC(136) Scavenge 32.721ms
[96.476s][debug][gc,ref         ] GC(136) Skipped phase 1 of Reference Processing: no references
[96.477s][debug][gc,ref         ] GC(136) ReferenceProcessor::execute queues: 2, RefProcThreadModel::Multi, marks_oops_alive: false
[96.477s][debug][gc,ref         ] GC(136) Skipped phase 3 of Reference Processing: no references
[96.477s][debug][gc,ref         ] GC(136) ReferenceProcessor::execute queues: 1, RefProcThreadModel::Single, marks_oops_alive: false
[96.477s][debug][gc,phases      ] GC(136) Reference Processing 0.212ms
[96.477s][debug][gc,phases      ] GC(136)   VM Weak                        Min:  0.0, Avg:  0.0, Max:  0.0, Diff:  0.0, Sum:  0.0, Workers: 4
[96.477s][debug][gc,phases      ] GC(136)     Dead                           Min: 0, Avg:  0.0, Max: 0, Diff: 0, Sum: 0, Workers: 4
[96.477s][debug][gc,phases      ] GC(136)     Total                          Min: 0, Avg: 162.8, Max: 331, Diff: 331, Sum: 651, Workers: 4
[96.477s][debug][gc,phases      ] GC(136)   ObjectSynchronizer Weak        Min:  0.0, Avg:  0.0, Max:  0.0, Diff:  0.0, Sum:  0.0, Workers: 4
[96.477s][debug][gc,phases      ] GC(136)     Dead                           Min: 0, Avg:  0.0, Max: 0, Diff: 0, Sum: 0, Workers: 4
[96.477s][debug][gc,phases      ] GC(136)     Total                          Min: 0, Avg: 116.2, Max: 209, Diff: 209, Sum: 465, Workers: 4
[96.477s][debug][gc,phases      ] GC(136)   JVMTI Tag Weak OopStorage      Min:  0.0, Avg:  0.0, Max:  0.0, Diff:  0.0, Sum:  0.0, Workers: 4
[96.477s][debug][gc,phases      ] GC(136)     Dead                           Min: 0, Avg:  0.0, Max: 0, Diff: 0, Sum: 0, Workers: 4
[96.477s][debug][gc,phases      ] GC(136)     Total                          Min: 0, Avg:  0.0, Max: 0, Diff: 0, Sum: 0, Workers: 4
[96.477s][debug][gc,phases      ] GC(136)   StringTable Weak               Min:  0.1, Avg:  0.1, Max:  0.1, Diff:  0.0, Sum:  0.5, Workers: 4
[96.477s][debug][gc,phases      ] GC(136)     Dead                           Min: 0, Avg:  0.2, Max: 1, Diff: 1, Sum: 1, Workers: 4
[96.477s][debug][gc,phases      ] GC(136)     Total                          Min: 11008, Avg: 11838.2, Max: 12665, Diff: 1657, Sum: 47353, Workers: 4
[96.477s][debug][gc,phases      ] GC(136)   ResolvedMethodTable Weak       Min:  0.0, Avg:  0.0, Max:  0.0, Diff:  0.0, Sum:  0.1, Workers: 4
[96.477s][debug][gc,phases      ] GC(136)     Dead                           Min: 0, Avg:  0.0, Max: 0, Diff: 0, Sum: 0, Workers: 4
[96.477s][debug][gc,phases      ] GC(136)     Total                          Min: 1976, Avg: 2028.0, Max: 2140, Diff: 164, Sum: 8112, Workers: 4
[96.477s][debug][gc,phases      ] GC(136)   JNI Weak                       Min:  0.0, Avg:  0.0, Max:  0.0, Diff:  0.0, Sum:  0.0, Workers: 4
[96.477s][debug][gc,phases      ] GC(136)     Dead                           Min: 0, Avg:  0.0, Max: 0, Diff: 0, Sum: 0, Workers: 4
[96.477s][debug][gc,phases      ] GC(136)     Total                          Min: 0, Avg:  0.0, Max: 0, Diff: 0, Sum: 0, Workers: 4
[96.477s][debug][gc,phases      ] GC(136)   StringDedup Table Weak         Min:  0.0, Avg:  0.0, Max:  0.0, Diff:  0.0, Sum:  0.0, Workers: 4
[96.477s][debug][gc,phases      ] GC(136)     Dead                           Min: 0, Avg:  0.0, Max: 0, Diff: 0, Sum: 0, Workers: 4
[96.477s][debug][gc,phases      ] GC(136)     Total                          Min: 0, Avg:  0.0, Max: 0, Diff: 0, Sum: 0, Workers: 4
[96.477s][debug][gc,phases      ] GC(136)   StringDedup Requests0 Weak     Min:  0.0, Avg:  0.0, Max:  0.0, Diff:  0.0, Sum:  0.0, Workers: 4
[96.477s][debug][gc,phases      ] GC(136)     Dead                           Min: 0, Avg:  0.0, Max: 0, Diff: 0, Sum: 0, Workers: 4
[96.477s][debug][gc,phases      ] GC(136)     Total                          Min: 0, Avg:  0.0, Max: 0, Diff: 0, Sum: 0, Workers: 4
[96.477s][debug][gc,phases      ] GC(136)   StringDedup Requests1 Weak     Min:  0.0, Avg:  0.0, Max:  0.0, Diff:  0.0, Sum:  0.0, Workers: 4
[96.477s][debug][gc,phases      ] GC(136)     Dead                           Min: 0, Avg:  0.0, Max: 0, Diff: 0, Sum: 0, Workers: 4
[96.477s][debug][gc,phases      ] GC(136)     Total                          Min: 0, Avg:  0.0, Max: 0, Diff: 0, Sum: 0, Workers: 4
[96.477s][debug][gc,phases      ] GC(136)   Weak JFR Old Object Samples    Min:  0.0, Avg:  0.0, Max:  0.0, Diff:  0.0, Sum:  0.0, Workers: 4
[96.477s][debug][gc,phases      ] GC(136)     Dead                           Min: 0, Avg:  0.0, Max: 0, Diff: 0, Sum: 0, Workers: 4
[96.477s][debug][gc,phases      ] GC(136)     Total                          Min: 0, Avg:  0.0, Max: 0, Diff: 0, Sum: 0, Workers: 4
[96.477s][debug][gc,phases      ] GC(136) Weak Processing 0.361ms
[96.477s][debug][gc,age         ] GC(136) Desired survivor size 373293056 bytes, new threshold 15 (max threshold 15)
[96.477s][info ][gc,heap        ] GC(136) PSYoungGen: 1469133K(1713152K)->166701K(1693696K) Eden: 1309696K(1309696K)->0K(1309696K) From: 159437K(403456K)->166701K(384000K)
[96.477s][info ][gc,heap        ] GC(136) ParOldGen: 489368K(658432K)->489376K(658432K)
[96.477s][info ][gc,metaspace   ] GC(136) Metaspace: 81330K(82176K)->81330K(82176K) NonClass: 69857K(70336K)->69857K(70336K) Class: 11473K(11840K)->11473K(11840K)
[96.477s][info ][gc             ] GC(136) Pause Young (Allocation Failure) 1912M->640M(2297M) 33.428ms
[96.477s][info ][gc,cpu         ] GC(136) User=0.13s Sys=0.00s Real=0.03s
[96.477s][info ][safepoint      ] Safepoint "ParallelGCFailedAllocation", Time since last: 776466671 ns, Reaching safepoint: 64202 ns, At safepoint: 33511853 ns, Total: 33576055 ns
[97.477s][info ][safepoint      ] Safepoint "Cleanup", Time since last: 1000081866 ns, Reaching safepoint: 160104 ns, At safepoint: 10401 ns, Total: 170505 ns
[99.162s][info ][gc,start       ] GC(137) Pause Young (Allocation Failure)
[99.199s][debug][gc,phases      ] GC(137) Scavenge 37.166ms
[99.199s][debug][gc,ref         ] GC(137) Skipped phase 1 of Reference Processing: no references
[99.199s][debug][gc,ref         ] GC(137) ReferenceProcessor::execute queues: 1, RefProcThreadModel::Single, marks_oops_alive: false
[99.199s][debug][gc,ref         ] GC(137) Skipped phase 3 of Reference Processing: no references
[99.199s][debug][gc,ref         ] GC(137) ReferenceProcessor::execute queues: 1, RefProcThreadModel::Single, marks_oops_alive: false
[99.199s][debug][gc,phases      ] GC(137) Reference Processing 0.182ms
[99.199s][debug][gc,phases      ] GC(137)   VM Weak                        Min:  0.0, Avg:  0.0, Max:  0.0, Diff:  0.0, Sum:  0.0, Workers: 4
[99.199s][debug][gc,phases      ] GC(137)     Dead                           Min: 0, Avg:  0.0, Max: 0, Diff: 0, Sum: 0, Workers: 4
[99.199s][debug][gc,phases      ] GC(137)     Total                          Min: 0, Avg: 162.8, Max: 384, Diff: 384, Sum: 651, Workers: 4
[99.199s][debug][gc,phases      ] GC(137)   ObjectSynchronizer Weak        Min:  0.0, Avg:  0.0, Max:  0.0, Diff:  0.0, Sum:  0.0, Workers: 4
[99.199s][debug][gc,phases      ] GC(137)     Dead                           Min: 0, Avg:  0.0, Max: 0, Diff: 0, Sum: 0, Workers: 4
[99.199s][debug][gc,phases      ] GC(137)     Total                          Min: 0, Avg: 116.2, Max: 209, Diff: 209, Sum: 465, Workers: 4
[99.199s][debug][gc,phases      ] GC(137)   JVMTI Tag Weak OopStorage      Min:  0.0, Avg:  0.0, Max:  0.0, Diff:  0.0, Sum:  0.0, Workers: 4
[99.199s][debug][gc,phases      ] GC(137)     Dead                           Min: 0, Avg:  0.0, Max: 0, Diff: 0, Sum: 0, Workers: 4
[99.199s][debug][gc,phases      ] GC(137)     Total                          Min: 0, Avg:  0.0, Max: 0, Diff: 0, Sum: 0, Workers: 4
[99.199s][debug][gc,phases      ] GC(137)   StringTable Weak               Min:  0.1, Avg:  0.1, Max:  0.1, Diff:  0.0, Sum:  0.6, Workers: 4
[99.199s][debug][gc,phases      ] GC(137)     Dead                           Min: 0, Avg:  0.0, Max: 0, Diff: 0, Sum: 0, Workers: 4
[99.199s][debug][gc,phases      ] GC(137)     Total                          Min: 9984, Avg: 11839.5, Max: 12926, Diff: 2942, Sum: 47358, Workers: 4
[99.199s][debug][gc,phases      ] GC(137)   ResolvedMethodTable Weak       Min:  0.0, Avg:  0.0, Max:  0.0, Diff:  0.0, Sum:  0.1, Workers: 4
[99.199s][debug][gc,phases      ] GC(137)     Dead                           Min: 0, Avg:  0.0, Max: 0, Diff: 0, Sum: 0, Workers: 4
[99.199s][debug][gc,phases      ] GC(137)     Total                          Min: 1977, Avg: 2028.0, Max: 2141, Diff: 164, Sum: 8112, Workers: 4
[99.199s][debug][gc,phases      ] GC(137)   JNI Weak                       Min:  0.0, Avg:  0.0, Max:  0.0, Diff:  0.0, Sum:  0.0, Workers: 4
[99.199s][debug][gc,phases      ] GC(137)     Dead                           Min: 0, Avg:  0.0, Max: 0, Diff: 0, Sum: 0, Workers: 4
[99.199s][debug][gc,phases      ] GC(137)     Total                          Min: 0, Avg:  0.0, Max: 0, Diff: 0, Sum: 0, Workers: 4
[99.199s][debug][gc,phases      ] GC(137)   StringDedup Table Weak         Min:  0.0, Avg:  0.0, Max:  0.0, Diff:  0.0, Sum:  0.0, Workers: 4
[99.199s][debug][gc,phases      ] GC(137)     Dead                           Min: 0, Avg:  0.0, Max: 0, Diff: 0, Sum: 0, Workers: 4
[99.199s][debug][gc,phases      ] GC(137)     Total                          Min: 0, Avg:  0.0, Max: 0, Diff: 0, Sum: 0, Workers: 4
[99.199s][debug][gc,phases      ] GC(137)   StringDedup Requests0 Weak     Min:  0.0, Avg:  0.0, Max:  0.0, Diff:  0.0, Sum:  0.0, Workers: 4
[99.199s][debug][gc,phases      ] GC(137)     Dead                           Min: 0, Avg:  0.0, Max: 0, Diff: 0, Sum: 0, Workers: 4
[99.199s][debug][gc,phases      ] GC(137)     Total                          Min: 0, Avg:  0.0, Max: 0, Diff: 0, Sum: 0, Workers: 4
[99.200s][debug][gc,phases      ] GC(137)   StringDedup Requests1 Weak     Min:  0.0, Avg:  0.0, Max:  0.0, Diff:  0.0, Sum:  0.0, Workers: 4
[99.200s][debug][gc,phases      ] GC(137)     Dead                           Min: 0, Avg:  0.0, Max: 0, Diff: 0, Sum: 0, Workers: 4
[99.200s][debug][gc,phases      ] GC(137)     Total                          Min: 0, Avg:  0.0, Max: 0, Diff: 0, Sum: 0, Workers: 4
[99.200s][debug][gc,phases      ] GC(137)   Weak JFR Old Object Samples    Min:  0.0, Avg:  0.0, Max:  0.0, Diff:  0.0, Sum:  0.0, Workers: 4
[99.200s][debug][gc,phases      ] GC(137)     Dead                           Min: 0, Avg:  0.0, Max: 0, Diff: 0, Sum: 0, Workers: 4
[99.200s][debug][gc,phases      ] GC(137)     Total                          Min: 0, Avg:  0.0, Max: 0, Diff: 0, Sum: 0, Workers: 4
[99.200s][debug][gc,phases      ] GC(137) Weak Processing 0.386ms
[99.200s][debug][gc,age         ] GC(137) Desired survivor size 354418688 bytes, new threshold 15 (max threshold 15)
[99.200s][info ][gc,heap        ] GC(137) PSYoungGen: 1476397K(1693696K)->171645K(1751040K) Eden: 1309696K(1309696K)->0K(1386496K) From: 166701K(384000K)->171645K(364544K)
[99.200s][info ][gc,heap        ] GC(137) ParOldGen: 489376K(658432K)->489384K(658432K)
[99.200s][info ][gc,metaspace   ] GC(137) Metaspace: 81342K(82176K)->81342K(82176K) NonClass: 69868K(70336K)->69868K(70336K) Class: 11474K(11840K)->11474K(11840K)
[99.200s][info ][gc             ] GC(137) Pause Young (Allocation Failure) 1919M->645M(2353M) 37.877ms
[99.200s][info ][gc,cpu         ] GC(137) User=0.14s Sys=0.00s Real=0.03s
[99.200s][info ][safepoint      ] Safepoint "ParallelGCFailedAllocation", Time since last: 1684117783 ns, Reaching safepoint: 199405 ns, At safepoint: 37972867 ns, Total: 38172272 ns
[100.200s][info ][safepoint      ] Safepoint "Cleanup", Time since last: 1000093966 ns, Reaching safepoint: 93402 ns, At safepoint: 7901 ns, Total: 101303 ns
[101.200s][info ][safepoint      ] Safepoint "Cleanup", Time since last: 1000115066 ns, Reaching safepoint: 81002 ns, At safepoint: 6700 ns, Total: 87702 ns
[102.200s][info ][safepoint      ] Safepoint "Cleanup", Time since last: 1000106366 ns, Reaching safepoint: 59901 ns, At safepoint: 9001 ns, Total: 68902 ns
[103.200s][info ][safepoint      ] Safepoint "Cleanup", Time since last: 1000100265 ns, Reaching safepoint: 71202 ns, At safepoint: 13200 ns, Total: 84402 ns
[104.201s][info ][safepoint      ] Safepoint "Cleanup", Time since last: 1000105466 ns, Reaching safepoint: 59001 ns, At safepoint: 14201 ns, Total: 73202 ns
[105.201s][info ][safepoint      ] Safepoint "Cleanup", Time since last: 1000107365 ns, Reaching safepoint: 137803 ns, At safepoint: 11601 ns, Total: 149404 ns
[106.201s][info ][safepoint      ] Safepoint "Cleanup", Time since last: 1000106365 ns, Reaching safepoint: 60002 ns, At safepoint: 6900 ns, Total: 66902 ns
[107.032s][info ][gc,start       ] GC(138) Pause Young (Allocation Failure)
[107.064s][debug][gc,phases      ] GC(138) Scavenge 32.127ms
[107.064s][debug][gc,ref         ] GC(138) Skipped phase 1 of Reference Processing: no references
[107.064s][debug][gc,ref         ] GC(138) ReferenceProcessor::execute queues: 1, RefProcThreadModel::Single, marks_oops_alive: false
[107.064s][debug][gc,ref         ] GC(138) Skipped phase 3 of Reference Processing: no references
[107.064s][debug][gc,ref         ] GC(138) ReferenceProcessor::execute queues: 1, RefProcThreadModel::Single, marks_oops_alive: false
[107.064s][debug][gc,phases      ] GC(138) Reference Processing 0.207ms
[107.064s][debug][gc,phases      ] GC(138)   VM Weak                        Min:  0.0, Avg:  0.0, Max:  0.0, Diff:  0.0, Sum:  0.0, Workers: 4
[107.064s][debug][gc,phases      ] GC(138)     Dead                           Min: 0, Avg:  0.0, Max: 0, Diff: 0, Sum: 0, Workers: 4
[107.064s][debug][gc,phases      ] GC(138)     Total                          Min: 0, Avg: 163.8, Max: 335, Diff: 335, Sum: 655, Workers: 4
[107.064s][debug][gc,phases      ] GC(138)   ObjectSynchronizer Weak        Min:  0.0, Avg:  0.0, Max:  0.0, Diff:  0.0, Sum:  0.0, Workers: 4
[107.064s][debug][gc,phases      ] GC(138)     Dead                           Min: 0, Avg:  0.0, Max: 0, Diff: 0, Sum: 0, Workers: 4
[107.064s][debug][gc,phases      ] GC(138)     Total                          Min: 0, Avg: 116.2, Max: 256, Diff: 256, Sum: 465, Workers: 4
[107.064s][debug][gc,phases      ] GC(138)   JVMTI Tag Weak OopStorage      Min:  0.0, Avg:  0.0, Max:  0.0, Diff:  0.0, Sum:  0.0, Workers: 4
[107.064s][debug][gc,phases      ] GC(138)     Dead                           Min: 0, Avg:  0.0, Max: 0, Diff: 0, Sum: 0, Workers: 4
[107.064s][debug][gc,phases      ] GC(138)     Total                          Min: 0, Avg:  0.0, Max: 0, Diff: 0, Sum: 0, Workers: 4
[107.064s][debug][gc,phases      ] GC(138)   StringTable Weak               Min:  0.1, Avg:  0.1, Max:  0.1, Diff:  0.0, Sum:  0.6, Workers: 4
[107.064s][debug][gc,phases      ] GC(138)     Dead                           Min: 0, Avg:  0.0, Max: 0, Diff: 0, Sum: 0, Workers: 4
[107.064s][debug][gc,phases      ] GC(138)     Total                          Min: 10240, Avg: 11842.0, Max: 12928, Diff: 2688, Sum: 47368, Workers: 4
[107.064s][debug][gc,phases      ] GC(138)   ResolvedMethodTable Weak       Min:  0.0, Avg:  0.0, Max:  0.0, Diff:  0.0, Sum:  0.1, Workers: 4
[107.064s][debug][gc,phases      ] GC(138)     Dead                           Min: 0, Avg:  1.5, Max: 6, Diff: 6, Sum: 6, Workers: 4
[107.064s][debug][gc,phases      ] GC(138)     Total                          Min: 1643, Avg: 2031.2, Max: 2508, Diff: 865, Sum: 8125, Workers: 4
[107.064s][debug][gc,phases      ] GC(138)   JNI Weak                       Min:  0.0, Avg:  0.0, Max:  0.0, Diff:  0.0, Sum:  0.0, Workers: 4
[107.064s][debug][gc,phases      ] GC(138)     Dead                           Min: 0, Avg:  0.0, Max: 0, Diff: 0, Sum: 0, Workers: 4
[107.064s][debug][gc,phases      ] GC(138)     Total                          Min: 0, Avg:  0.0, Max: 0, Diff: 0, Sum: 0, Workers: 4
[107.064s][debug][gc,phases      ] GC(138)   StringDedup Table Weak         Min:  0.0, Avg:  0.0, Max:  0.0, Diff:  0.0, Sum:  0.0, Workers: 4
[107.064s][debug][gc,phases      ] GC(138)     Dead                           Min: 0, Avg:  0.0, Max: 0, Diff: 0, Sum: 0, Workers: 4
[107.064s][debug][gc,phases      ] GC(138)     Total                          Min: 0, Avg:  0.0, Max: 0, Diff: 0, Sum: 0, Workers: 4
[107.064s][debug][gc,phases      ] GC(138)   StringDedup Requests0 Weak     Min:  0.0, Avg:  0.0, Max:  0.0, Diff:  0.0, Sum:  0.0, Workers: 4
[107.064s][debug][gc,phases      ] GC(138)     Dead                           Min: 0, Avg:  0.0, Max: 0, Diff: 0, Sum: 0, Workers: 4
[107.064s][debug][gc,phases      ] GC(138)     Total                          Min: 0, Avg:  0.0, Max: 0, Diff: 0, Sum: 0, Workers: 4
[107.064s][debug][gc,phases      ] GC(138)   StringDedup Requests1 Weak     Min:  0.0, Avg:  0.0, Max:  0.0, Diff:  0.0, Sum:  0.0, Workers: 4
[107.064s][debug][gc,phases      ] GC(138)     Dead                           Min: 0, Avg:  0.0, Max: 0, Diff: 0, Sum: 0, Workers: 4
[107.064s][debug][gc,phases      ] GC(138)     Total                          Min: 0, Avg:  0.0, Max: 0, Diff: 0, Sum: 0, Workers: 4
[107.064s][debug][gc,phases      ] GC(138)   Weak JFR Old Object Samples    Min:  0.0, Avg:  0.0, Max:  0.0, Diff:  0.0, Sum:  0.0, Workers: 4
[107.064s][debug][gc,phases      ] GC(138)     Dead                           Min: 0, Avg:  0.0, Max: 0, Diff: 0, Sum: 0, Workers: 4
[107.064s][debug][gc,phases      ] GC(138)     Total                          Min: 0, Avg:  0.0, Max: 0, Diff: 0, Sum: 0, Workers: 4
[107.064s][debug][gc,phases      ] GC(138) Weak Processing 0.385ms
[107.064s][debug][gc,age         ] GC(138) Desired survivor size 336592896 bytes, new threshold 15 (max threshold 15)
[107.064s][info ][gc,heap        ] GC(138) PSYoungGen: 1558141K(1751040K)->174365K(1732608K) Eden: 1386496K(1386496K)->0K(1386496K) From: 171645K(364544K)->174365K(346112K)
[107.064s][info ][gc,heap        ] GC(138) ParOldGen: 489384K(658432K)->489384K(658432K)
[107.065s][info ][gc,metaspace   ] GC(138) Metaspace: 81376K(82176K)->81376K(82176K) NonClass: 69899K(70336K)->69899K(70336K) Class: 11476K(11840K)->11476K(11840K)
[107.065s][info ][gc             ] GC(138) Pause Young (Allocation Failure) 1999M->648M(2335M) 32.859ms
[107.065s][info ][gc,cpu         ] GC(138) User=0.13s Sys=0.00s Real=0.04s
[107.065s][info ][safepoint      ] Safepoint "ParallelGCFailedAllocation", Time since last: 830576048 ns, Reaching safepoint: 48301 ns, At safepoint: 32949339 ns, Total: 32997640 ns
[108.065s][info ][safepoint      ] Safepoint "Cleanup", Time since last: 1000136066 ns, Reaching safepoint: 74502 ns, At safepoint: 14100 ns, Total: 88602 ns
[109.065s][info ][safepoint      ] Safepoint "Cleanup", Time since last: 1000114065 ns, Reaching safepoint: 52202 ns, At safepoint: 6400 ns, Total: 58602 ns
[110.065s][info ][safepoint      ] Safepoint "Cleanup", Time since last: 1000103164 ns, Reaching safepoint: 54002 ns, At safepoint: 11900 ns, Total: 65902 ns
[111.065s][info ][safepoint      ] Safepoint "Cleanup", Time since last: 1000111665 ns, Reaching safepoint: 55001 ns, At safepoint: 4500 ns, Total: 59501 ns
[112.065s][info ][safepoint      ] Safepoint "Cleanup", Time since last: 1000108465 ns, Reaching safepoint: 72502 ns, At safepoint: 9800 ns, Total: 82302 ns
[113.385s][info ][safepoint      ] Safepoint "Cleanup", Time since last: 1319049985 ns, Reaching safepoint: 58301 ns, At safepoint: 6200 ns, Total: 64501 ns
[115.385s][info ][safepoint      ] Safepoint "Cleanup", Time since last: 2000167827 ns, Reaching safepoint: 49202 ns, At safepoint: 3300 ns, Total: 52502 ns
[116.385s][info ][safepoint      ] Safepoint "Cleanup", Time since last: 1000133164 ns, Reaching safepoint: 63802 ns, At safepoint: 10000 ns, Total: 73802 ns
[117.385s][info ][safepoint      ] Safepoint "Cleanup", Time since last: 1000115064 ns, Reaching safepoint: 61201 ns, At safepoint: 10101 ns, Total: 71302 ns
[119.129s][info ][safepoint      ] Safepoint "Cleanup", Time since last: 1743951602 ns, Reaching safepoint: 170704 ns, At safepoint: 11300 ns, Total: 182004 ns
[120.545s][info ][safepoint      ] Safepoint "Cleanup", Time since last: 1415438438 ns, Reaching safepoint: 134104 ns, At safepoint: 11500 ns, Total: 145604 ns
[121.545s][info ][safepoint      ] Safepoint "Cleanup", Time since last: 1000105963 ns, Reaching safepoint: 90602 ns, At safepoint: 11301 ns, Total: 101903 ns
[122.545s][info ][safepoint      ] Safepoint "Cleanup", Time since last: 1000220665 ns, Reaching safepoint: 82103 ns, At safepoint: 6700 ns, Total: 88803 ns
[123.546s][info ][safepoint      ] Safepoint "Cleanup", Time since last: 1000120263 ns, Reaching safepoint: 56301 ns, At safepoint: 7900 ns, Total: 64201 ns
[124.546s][info ][safepoint      ] Safepoint "Cleanup", Time since last: 1000101063 ns, Reaching safepoint: 66602 ns, At safepoint: 4600 ns, Total: 71202 ns
[125.546s][info ][safepoint      ] Safepoint "Cleanup", Time since last: 1000117963 ns, Reaching safepoint: 168404 ns, At safepoint: 14800 ns, Total: 183204 ns
[126.546s][info ][safepoint      ] Safepoint "Cleanup", Time since last: 1000149464 ns, Reaching safepoint: 65701 ns, At safepoint: 9201 ns, Total: 74902 ns
[127.880s][info ][safepoint      ] Safepoint "Cleanup", Time since last: 1333315845 ns, Reaching safepoint: 134403 ns, At safepoint: 11701 ns, Total: 146104 ns
[128.880s][info ][safepoint      ] Safepoint "Cleanup", Time since last: 1000112062 ns, Reaching safepoint: 124803 ns, At safepoint: 11000 ns, Total: 135803 ns
[129.519s][info ][gc,start       ] GC(139) Pause Young (Allocation Failure)
[129.558s][debug][gc,phases      ] GC(139) Scavenge 38.762ms
[129.558s][debug][gc,ref         ] GC(139) Skipped phase 1 of Reference Processing: no references
[129.558s][debug][gc,ref         ] GC(139) ReferenceProcessor::execute queues: 1, RefProcThreadModel::Single, marks_oops_alive: false
[129.558s][debug][gc,ref         ] GC(139) Skipped phase 3 of Reference Processing: no references
[129.558s][debug][gc,ref         ] GC(139) ReferenceProcessor::execute queues: 1, RefProcThreadModel::Single, marks_oops_alive: false
[129.558s][debug][gc,phases      ] GC(139) Reference Processing 0.182ms
[129.558s][debug][gc,phases      ] GC(139)   VM Weak                        Min:  0.0, Avg:  0.0, Max:  0.0, Diff:  0.0, Sum:  0.0, Workers: 4
[129.558s][debug][gc,phases      ] GC(139)     Dead                           Min: 0, Avg:  0.0, Max: 0, Diff: 0, Sum: 0, Workers: 4
[129.558s][debug][gc,phases      ] GC(139)     Total                          Min: 0, Avg: 164.0, Max: 336, Diff: 336, Sum: 656, Workers: 4
[129.558s][debug][gc,phases      ] GC(139)   ObjectSynchronizer Weak        Min:  0.0, Avg:  0.0, Max:  0.0, Diff:  0.0, Sum:  0.0, Workers: 4
[129.558s][debug][gc,phases      ] GC(139)     Dead                           Min: 0, Avg:  0.0, Max: 0, Diff: 0, Sum: 0, Workers: 4
[129.558s][debug][gc,phases      ] GC(139)     Total                          Min: 0, Avg: 116.2, Max: 273, Diff: 273, Sum: 465, Workers: 4
[129.558s][debug][gc,phases      ] GC(139)   JVMTI Tag Weak OopStorage      Min:  0.0, Avg:  0.0, Max:  0.0, Diff:  0.0, Sum:  0.0, Workers: 4
[129.558s][debug][gc,phases      ] GC(139)     Dead                           Min: 0, Avg:  0.0, Max: 0, Diff: 0, Sum: 0, Workers: 4
[129.558s][debug][gc,phases      ] GC(139)     Total                          Min: 0, Avg:  0.0, Max: 0, Diff: 0, Sum: 0, Workers: 4
[129.558s][debug][gc,phases      ] GC(139)   StringTable Weak               Min:  0.1, Avg:  0.1, Max:  0.1, Diff:  0.0, Sum:  0.5, Workers: 4
[129.558s][debug][gc,phases      ] GC(139)     Dead                           Min: 0, Avg:  0.5, Max: 2, Diff: 2, Sum: 2, Workers: 4
[129.558s][debug][gc,phases      ] GC(139)     Total                          Min: 10432, Avg: 11865.5, Max: 14464, Diff: 4032, Sum: 47462, Workers: 4
[129.558s][debug][gc,phases      ] GC(139)   ResolvedMethodTable Weak       Min:  0.0, Avg:  0.0, Max:  0.0, Diff:  0.0, Sum:  0.1, Workers: 4
[129.558s][debug][gc,phases      ] GC(139)     Dead                           Min: 0, Avg:  0.2, Max: 1, Diff: 1, Sum: 1, Workers: 4
[129.558s][debug][gc,phases      ] GC(139)     Total                          Min: 1971, Avg: 2041.0, Max: 2176, Diff: 205, Sum: 8164, Workers: 4
[129.558s][debug][gc,phases      ] GC(139)   JNI Weak                       Min:  0.0, Avg:  0.0, Max:  0.0, Diff:  0.0, Sum:  0.0, Workers: 4
[129.558s][debug][gc,phases      ] GC(139)     Dead                           Min: 0, Avg:  0.0, Max: 0, Diff: 0, Sum: 0, Workers: 4
[129.558s][debug][gc,phases      ] GC(139)     Total                          Min: 0, Avg:  0.0, Max: 0, Diff: 0, Sum: 0, Workers: 4
[129.558s][debug][gc,phases      ] GC(139)   StringDedup Table Weak         Min:  0.0, Avg:  0.0, Max:  0.0, Diff:  0.0, Sum:  0.0, Workers: 4
[129.558s][debug][gc,phases      ] GC(139)     Dead                           Min: 0, Avg:  0.0, Max: 0, Diff: 0, Sum: 0, Workers: 4
[129.558s][debug][gc,phases      ] GC(139)     Total                          Min: 0, Avg:  0.0, Max: 0, Diff: 0, Sum: 0, Workers: 4
[129.558s][debug][gc,phases      ] GC(139)   StringDedup Requests0 Weak     Min:  0.0, Avg:  0.0, Max:  0.0, Diff:  0.0, Sum:  0.0, Workers: 4
[129.558s][debug][gc,phases      ] GC(139)     Dead                           Min: 0, Avg:  0.0, Max: 0, Diff: 0, Sum: 0, Workers: 4
[129.558s][debug][gc,phases      ] GC(139)     Total                          Min: 0, Avg:  0.0, Max: 0, Diff: 0, Sum: 0, Workers: 4
[129.558s][debug][gc,phases      ] GC(139)   StringDedup Requests1 Weak     Min:  0.0, Avg:  0.0, Max:  0.0, Diff:  0.0, Sum:  0.0, Workers: 4
[129.558s][debug][gc,phases      ] GC(139)     Dead                           Min: 0, Avg:  0.0, Max: 0, Diff: 0, Sum: 0, Workers: 4
[129.558s][debug][gc,phases      ] GC(139)     Total                          Min: 0, Avg:  0.0, Max: 0, Diff: 0, Sum: 0, Workers: 4
[129.558s][debug][gc,phases      ] GC(139)   Weak JFR Old Object Samples    Min:  0.0, Avg:  0.0, Max:  0.0, Diff:  0.0, Sum:  0.0, Workers: 4
[129.558s][debug][gc,phases      ] GC(139)     Dead                           Min: 0, Avg:  0.0, Max: 0, Diff: 0, Sum: 0, Workers: 4
[129.558s][debug][gc,phases      ] GC(139)     Total                          Min: 0, Avg:  0.0, Max: 0, Diff: 0, Sum: 0, Workers: 4
[129.558s][debug][gc,phases      ] GC(139) Weak Processing 0.354ms
[129.558s][debug][gc,age         ] GC(139) Desired survivor size 323485696 bytes, new threshold 15 (max threshold 15)
[129.558s][info ][gc,heap        ] GC(139) PSYoungGen: 1560861K(1732608K)->180511K(1781248K) Eden: 1386496K(1386496K)->0K(1452544K) From: 174365K(346112K)->180511K(328704K)
[129.558s][info ][gc,heap        ] GC(139) ParOldGen: 489384K(658432K)->489392K(658432K)
[129.558s][info ][gc,metaspace   ] GC(139) Metaspace: 81712K(82560K)->81712K(82560K) NonClass: 70194K(70656K)->70194K(70656K) Class: 11517K(11904K)->11517K(11904K)
[129.558s][info ][gc             ] GC(139) Pause Young (Allocation Failure) 2002M->654M(2382M) 39.437ms
[129.558s][info ][gc,cpu         ] GC(139) User=0.16s Sys=0.00s Real=0.04s
[129.558s][info ][safepoint      ] Safepoint "ParallelGCFailedAllocation", Time since last: 638523657 ns, Reaching safepoint: 140103 ns, At safepoint: 39542007 ns, Total: 39682110 ns
[130.261s][info ][safepoint      ] Safepoint "ICBufferFull", Time since last: 702924996 ns, Reaching safepoint: 194005 ns, At safepoint: 11600 ns, Total: 205605 ns
[131.262s][info ][safepoint      ] Safepoint "Cleanup", Time since last: 1000111962 ns, Reaching safepoint: 98602 ns, At safepoint: 6201 ns, Total: 104803 ns
[132.262s][info ][safepoint      ] Safepoint "Cleanup", Time since last: 1000103661 ns, Reaching safepoint: 51001 ns, At safepoint: 5401 ns, Total: 56402 ns
[133.262s][info ][safepoint      ] Safepoint "Cleanup", Time since last: 1000099861 ns, Reaching safepoint: 64201 ns, At safepoint: 4101 ns, Total: 68302 ns
[134.262s][info ][safepoint      ] Safepoint "Cleanup", Time since last: 1000093560 ns, Reaching safepoint: 55502 ns, At safepoint: 6500 ns, Total: 62002 ns
[135.262s][info ][safepoint      ] Safepoint "Cleanup", Time since last: 1000100761 ns, Reaching safepoint: 68902 ns, At safepoint: 10100 ns, Total: 79002 ns
[136.262s][info ][safepoint      ] Safepoint "Cleanup", Time since last: 1000108461 ns, Reaching safepoint: 62102 ns, At safepoint: 8000 ns, Total: 70102 ns
[137.263s][info ][safepoint      ] Safepoint "Cleanup", Time since last: 1000114061 ns, Reaching safepoint: 108603 ns, At safepoint: 10300 ns, Total: 118903 ns
[138.263s][info ][safepoint      ] Safepoint "Cleanup", Time since last: 1000152462 ns, Reaching safepoint: 48701 ns, At safepoint: 4000 ns, Total: 52701 ns
[139.263s][info ][safepoint      ] Safepoint "Cleanup", Time since last: 1000109261 ns, Reaching safepoint: 57801 ns, At safepoint: 4801 ns, Total: 62602 ns
[139.992s][info ][gc,start       ] GC(140) Pause Young (Allocation Failure)
[140.034s][debug][gc,phases      ] GC(140) Scavenge 41.304ms
[140.034s][debug][gc,ref         ] GC(140) Skipped phase 1 of Reference Processing: no references
[140.034s][debug][gc,ref         ] GC(140) ReferenceProcessor::execute queues: 1, RefProcThreadModel::Single, marks_oops_alive: false
[140.034s][debug][gc,ref         ] GC(140) ReferenceProcessor::execute queues: 4, RefProcThreadModel::Multi, marks_oops_alive: true
[140.034s][debug][gc,ref         ] GC(140) ReferenceProcessor::execute queues: 1, RefProcThreadModel::Single, marks_oops_alive: false
[140.034s][debug][gc,phases      ] GC(140) Reference Processing 0.232ms
[140.034s][debug][gc,phases      ] GC(140)   VM Weak                        Min:  0.0, Avg:  0.0, Max:  0.0, Diff:  0.0, Sum:  0.0, Workers: 4
[140.034s][debug][gc,phases      ] GC(140)     Dead                           Min: 0, Avg:  0.0, Max: 0, Diff: 0, Sum: 0, Workers: 4
[140.034s][debug][gc,phases      ] GC(140)     Total                          Min: 0, Avg: 164.2, Max: 529, Diff: 529, Sum: 657, Workers: 4
[140.034s][debug][gc,phases      ] GC(140)   ObjectSynchronizer Weak        Min:  0.0, Avg:  0.0, Max:  0.0, Diff:  0.0, Sum:  0.0, Workers: 4
[140.034s][debug][gc,phases      ] GC(140)     Dead                           Min: 0, Avg:  0.2, Max: 1, Diff: 1, Sum: 1, Workers: 4
[140.034s][debug][gc,phases      ] GC(140)     Total                          Min: 0, Avg: 117.0, Max: 192, Diff: 192, Sum: 468, Workers: 4
[140.034s][debug][gc,phases      ] GC(140)   JVMTI Tag Weak OopStorage      Min:  0.0, Avg:  0.0, Max:  0.0, Diff:  0.0, Sum:  0.0, Workers: 4
[140.034s][debug][gc,phases      ] GC(140)     Dead                           Min: 0, Avg:  0.0, Max: 0, Diff: 0, Sum: 0, Workers: 4
[140.034s][debug][gc,phases      ] GC(140)     Total                          Min: 0, Avg:  0.0, Max: 0, Diff: 0, Sum: 0, Workers: 4
[140.034s][debug][gc,phases      ] GC(140)   StringTable Weak               Min:  0.1, Avg:  0.1, Max:  0.1, Diff:  0.0, Sum:  0.5, Workers: 4
[140.034s][debug][gc,phases      ] GC(140)     Dead                           Min: 0, Avg:  0.0, Max: 0, Diff: 0, Sum: 0, Workers: 4
[140.034s][debug][gc,phases      ] GC(140)     Total                          Min: 10688, Avg: 11875.5, Max: 13120, Diff: 2432, Sum: 47502, Workers: 4
[140.034s][debug][gc,phases      ] GC(140)   ResolvedMethodTable Weak       Min:  0.0, Avg:  0.0, Max:  0.0, Diff:  0.0, Sum:  0.1, Workers: 4
[140.034s][debug][gc,phases      ] GC(140)     Dead                           Min: 0, Avg:  0.2, Max: 1, Diff: 1, Sum: 1, Workers: 4
[140.034s][debug][gc,phases      ] GC(140)     Total                          Min: 1915, Avg: 2041.0, Max: 2139, Diff: 224, Sum: 8164, Workers: 4
[140.034s][debug][gc,phases      ] GC(140)   JNI Weak                       Min:  0.0, Avg:  0.0, Max:  0.0, Diff:  0.0, Sum:  0.0, Workers: 4
[140.034s][debug][gc,phases      ] GC(140)     Dead                           Min: 0, Avg:  0.0, Max: 0, Diff: 0, Sum: 0, Workers: 4
[140.034s][debug][gc,phases      ] GC(140)     Total                          Min: 0, Avg:  0.0, Max: 0, Diff: 0, Sum: 0, Workers: 4
[140.034s][debug][gc,phases      ] GC(140)   StringDedup Table Weak         Min:  0.0, Avg:  0.0, Max:  0.0, Diff:  0.0, Sum:  0.0, Workers: 4
[140.034s][debug][gc,phases      ] GC(140)     Dead                           Min: 0, Avg:  0.0, Max: 0, Diff: 0, Sum: 0, Workers: 4
[140.034s][debug][gc,phases      ] GC(140)     Total                          Min: 0, Avg:  0.0, Max: 0, Diff: 0, Sum: 0, Workers: 4
[140.034s][debug][gc,phases      ] GC(140)   StringDedup Requests0 Weak     Min:  0.0, Avg:  0.0, Max:  0.0, Diff:  0.0, Sum:  0.0, Workers: 4
[140.034s][debug][gc,phases      ] GC(140)     Dead                           Min: 0, Avg:  0.0, Max: 0, Diff: 0, Sum: 0, Workers: 4
[140.034s][debug][gc,phases      ] GC(140)     Total                          Min: 0, Avg:  0.0, Max: 0, Diff: 0, Sum: 0, Workers: 4
[140.034s][debug][gc,phases      ] GC(140)   StringDedup Requests1 Weak     Min:  0.0, Avg:  0.0, Max:  0.0, Diff:  0.0, Sum:  0.0, Workers: 4
[140.034s][debug][gc,phases      ] GC(140)     Dead                           Min: 0, Avg:  0.0, Max: 0, Diff: 0, Sum: 0, Workers: 4
[140.034s][debug][gc,phases      ] GC(140)     Total                          Min: 0, Avg:  0.0, Max: 0, Diff: 0, Sum: 0, Workers: 4
[140.034s][debug][gc,phases      ] GC(140)   Weak JFR Old Object Samples    Min:  0.0, Avg:  0.0, Max:  0.0, Diff:  0.0, Sum:  0.0, Workers: 4
[140.034s][debug][gc,phases      ] GC(140)     Dead                           Min: 0, Avg:  0.0, Max: 0, Diff: 0, Sum: 0, Workers: 4
[140.034s][debug][gc,phases      ] GC(140)     Total                          Min: 0, Avg:  0.0, Max: 0, Diff: 0, Sum: 0, Workers: 4
[140.034s][debug][gc,phases      ] GC(140) Weak Processing 0.354ms
[140.034s][debug][gc,age         ] GC(140) Desired survivor size 319815680 bytes, new threshold 15 (max threshold 15)
[140.034s][info ][gc,heap        ] GC(140) PSYoungGen: 1633055K(1781248K)->204176K(1768448K) Eden: 1452544K(1452544K)->0K(1452544K) From: 180511K(328704K)->204176K(315904K)
[140.034s][info ][gc,heap        ] GC(140) ParOldGen: 489392K(658432K)->489400K(658432K)
[140.034s][info ][gc,metaspace   ] GC(140) Metaspace: 81858K(82688K)->81858K(82688K) NonClass: 70339K(70784K)->70339K(70784K) Class: 11518K(11904K)->11518K(11904K)
[140.034s][info ][gc             ] GC(140) Pause Young (Allocation Failure) 2072M->677M(2370M) 42.036ms
[140.034s][info ][gc,cpu         ] GC(140) User=0.17s Sys=0.00s Real=0.05s
[140.034s][info ][safepoint      ] Safepoint "ParallelGCFailedAllocation", Time since last: 728991358 ns, Reaching safepoint: 111103 ns, At safepoint: 42124672 ns, Total: 42235775 ns
[141.034s][info ][safepoint      ] Safepoint "Cleanup", Time since last: 1000081260 ns, Reaching safepoint: 69202 ns, At safepoint: 10700 ns, Total: 79902 ns
[142.035s][info ][safepoint      ] Safepoint "Cleanup", Time since last: 1000096360 ns, Reaching safepoint: 47901 ns, At safepoint: 11101 ns, Total: 59002 ns
[143.035s][info ][safepoint      ] Safepoint "Cleanup", Time since last: 1000098259 ns, Reaching safepoint: 50602 ns, At safepoint: 5300 ns, Total: 55902 ns
[143.441s][info ][gc,start       ] GC(141) Pause Young (Allocation Failure)
[143.489s][debug][gc,phases      ] GC(141) Scavenge 47.723ms
[143.489s][debug][gc,ref         ] GC(141) Skipped phase 1 of Reference Processing: no references
[143.489s][debug][gc,ref         ] GC(141) ReferenceProcessor::execute queues: 1, RefProcThreadModel::Single, marks_oops_alive: false
[143.489s][debug][gc,ref         ] GC(141) Skipped phase 3 of Reference Processing: no references
[143.489s][debug][gc,ref         ] GC(141) ReferenceProcessor::execute queues: 1, RefProcThreadModel::Single, marks_oops_alive: false
[143.489s][debug][gc,phases      ] GC(141) Reference Processing 0.150ms
[143.489s][debug][gc,phases      ] GC(141)   VM Weak                        Min:  0.0, Avg:  0.0, Max:  0.0, Diff:  0.0, Sum:  0.0, Workers: 4
[143.489s][debug][gc,phases      ] GC(141)     Dead                           Min: 0, Avg:  0.0, Max: 0, Diff: 0, Sum: 0, Workers: 4
[143.489s][debug][gc,phases      ] GC(141)     Total                          Min: 0, Avg: 164.2, Max: 384, Diff: 384, Sum: 657, Workers: 4
[143.489s][debug][gc,phases      ] GC(141)   ObjectSynchronizer Weak        Min:  0.0, Avg:  0.0, Max:  0.0, Diff:  0.0, Sum:  0.0, Workers: 4
[143.489s][debug][gc,phases      ] GC(141)     Dead                           Min: 0, Avg:  0.0, Max: 0, Diff: 0, Sum: 0, Workers: 4
[143.489s][debug][gc,phases      ] GC(141)     Total                          Min: 0, Avg: 117.0, Max: 256, Diff: 256, Sum: 468, Workers: 4
[143.489s][debug][gc,phases      ] GC(141)   JVMTI Tag Weak OopStorage      Min:  0.0, Avg:  0.0, Max:  0.0, Diff:  0.0, Sum:  0.0, Workers: 4
[143.489s][debug][gc,phases      ] GC(141)     Dead                           Min: 0, Avg:  0.0, Max: 0, Diff: 0, Sum: 0, Workers: 4
[143.489s][debug][gc,phases      ] GC(141)     Total                          Min: 0, Avg:  0.0, Max: 0, Diff: 0, Sum: 0, Workers: 4
[143.489s][debug][gc,phases      ] GC(141)   StringTable Weak               Min:  0.1, Avg:  0.1, Max:  0.1, Diff:  0.0, Sum:  0.5, Workers: 4
[143.489s][debug][gc,phases      ] GC(141)     Dead                           Min: 0, Avg:  0.0, Max: 0, Diff: 0, Sum: 0, Workers: 4
[143.489s][debug][gc,phases      ] GC(141)     Total                          Min: 10880, Avg: 11875.5, Max: 13440, Diff: 2560, Sum: 47502, Workers: 4
[143.489s][debug][gc,phases      ] GC(141)   ResolvedMethodTable Weak       Min:  0.0, Avg:  0.0, Max:  0.0, Diff:  0.0, Sum:  0.1, Workers: 4
[143.489s][debug][gc,phases      ] GC(141)     Dead                           Min: 0, Avg:  0.0, Max: 0, Diff: 0, Sum: 0, Workers: 4
[143.489s][debug][gc,phases      ] GC(141)     Total                          Min: 1782, Avg: 2041.0, Max: 2367, Diff: 585, Sum: 8164, Workers: 4
[143.489s][debug][gc,phases      ] GC(141)   JNI Weak                       Min:  0.0, Avg:  0.0, Max:  0.0, Diff:  0.0, Sum:  0.0, Workers: 4
[143.489s][debug][gc,phases      ] GC(141)     Dead                           Min: 0, Avg:  0.0, Max: 0, Diff: 0, Sum: 0, Workers: 4
[143.489s][debug][gc,phases      ] GC(141)     Total                          Min: 0, Avg:  0.0, Max: 0, Diff: 0, Sum: 0, Workers: 4
[143.489s][debug][gc,phases      ] GC(141)   StringDedup Table Weak         Min:  0.0, Avg:  0.0, Max:  0.0, Diff:  0.0, Sum:  0.0, Workers: 4
[143.489s][debug][gc,phases      ] GC(141)     Dead                           Min: 0, Avg:  0.0, Max: 0, Diff: 0, Sum: 0, Workers: 4
[143.489s][debug][gc,phases      ] GC(141)     Total                          Min: 0, Avg:  0.0, Max: 0, Diff: 0, Sum: 0, Workers: 4
[143.489s][debug][gc,phases      ] GC(141)   StringDedup Requests0 Weak     Min:  0.0, Avg:  0.0, Max:  0.0, Diff:  0.0, Sum:  0.0, Workers: 4
[143.489s][debug][gc,phases      ] GC(141)     Dead                           Min: 0, Avg:  0.0, Max: 0, Diff: 0, Sum: 0, Workers: 4
[143.489s][debug][gc,phases      ] GC(141)     Total                          Min: 0, Avg:  0.0, Max: 0, Diff: 0, Sum: 0, Workers: 4
[143.489s][debug][gc,phases      ] GC(141)   StringDedup Requests1 Weak     Min:  0.0, Avg:  0.0, Max:  0.0, Diff:  0.0, Sum:  0.0, Workers: 4
[143.489s][debug][gc,phases      ] GC(141)     Dead                           Min: 0, Avg:  0.0, Max: 0, Diff: 0, Sum: 0, Workers: 4
[143.489s][debug][gc,phases      ] GC(141)     Total                          Min: 0, Avg:  0.0, Max: 0, Diff: 0, Sum: 0, Workers: 4
[143.489s][debug][gc,phases      ] GC(141)   Weak JFR Old Object Samples    Min:  0.0, Avg:  0.0, Max:  0.0, Diff:  0.0, Sum:  0.0, Workers: 4
[143.489s][debug][gc,phases      ] GC(141)     Dead                           Min: 0, Avg:  0.0, Max: 0, Diff: 0, Sum: 0, Workers: 4
[143.489s][debug][gc,phases      ] GC(141)     Total                          Min: 0, Avg:  0.0, Max: 0, Diff: 0, Sum: 0, Workers: 4
[143.489s][debug][gc,phases      ] GC(141) Weak Processing 0.388ms
[143.489s][debug][gc,age         ] GC(141) Desired survivor size 319815680 bytes, new threshold 15 (max threshold 15)
[143.489s][info ][gc,heap        ] GC(141) PSYoungGen: 1656720K(1768448K)->213408K(1784832K) Eden: 1452544K(1452544K)->0K(1472512K) From: 204176K(315904K)->213408K(312320K)
[143.489s][info ][gc,heap        ] GC(141) ParOldGen: 489400K(658432K)->489400K(658432K)
[143.489s][info ][gc,metaspace   ] GC(141) Metaspace: 81877K(82688K)->81877K(82688K) NonClass: 70357K(70784K)->70357K(70784K) Class: 11520K(11904K)->11520K(11904K)
[143.489s][info ][gc             ] GC(141) Pause Young (Allocation Failure) 2095M->686M(2386M) 48.408ms
[143.489s][info ][gc,cpu         ] GC(141) User=0.19s Sys=0.00s Real=0.05s
[143.489s][info ][safepoint      ] Safepoint "ParallelGCFailedAllocation", Time since last: 406016236 ns, Reaching safepoint: 135403 ns, At safepoint: 48495835 ns, Total: 48631238 ns
[144.490s][info ][safepoint      ] Safepoint "Cleanup", Time since last: 1000032858 ns, Reaching safepoint: 73502 ns, At safepoint: 5800 ns, Total: 79302 ns
[145.490s][info ][safepoint      ] Safepoint "Cleanup", Time since last: 1000106660 ns, Reaching safepoint: 48301 ns, At safepoint: 3600 ns, Total: 51901 ns
[146.490s][info ][safepoint      ] Safepoint "Cleanup", Time since last: 1000102860 ns, Reaching safepoint: 45701 ns, At safepoint: 3300 ns, Total: 49001 ns
[147.490s][info ][safepoint      ] Safepoint "Cleanup", Time since last: 1000094559 ns, Reaching safepoint: 125403 ns, At safepoint: 8901 ns, Total: 134304 ns
[147.839s][info ][gc,start       ] GC(142) Pause Young (Allocation Failure)
[147.875s][debug][gc,phases      ] GC(142) Scavenge 36.378ms
[147.875s][debug][gc,ref         ] GC(142) Skipped phase 1 of Reference Processing: no references
[147.875s][debug][gc,ref         ] GC(142) ReferenceProcessor::execute queues: 1, RefProcThreadModel::Single, marks_oops_alive: false
[147.875s][debug][gc,ref         ] GC(142) Skipped phase 3 of Reference Processing: no references
[147.875s][debug][gc,ref         ] GC(142) ReferenceProcessor::execute queues: 1, RefProcThreadModel::Single, marks_oops_alive: false
[147.875s][debug][gc,phases      ] GC(142) Reference Processing 0.168ms
[147.875s][debug][gc,phases      ] GC(142)   VM Weak                        Min:  0.0, Avg:  0.0, Max:  0.0, Diff:  0.0, Sum:  0.0, Workers: 4
[147.875s][debug][gc,phases      ] GC(142)     Dead                           Min: 0, Avg:  0.0, Max: 0, Diff: 0, Sum: 0, Workers: 4
[147.875s][debug][gc,phases      ] GC(142)     Total                          Min: 0, Avg: 164.2, Max: 512, Diff: 512, Sum: 657, Workers: 4
[147.875s][debug][gc,phases      ] GC(142)   ObjectSynchronizer Weak        Min:  0.0, Avg:  0.0, Max:  0.0, Diff:  0.0, Sum:  0.0, Workers: 4
[147.875s][debug][gc,phases      ] GC(142)     Dead                           Min: 0, Avg:  0.0, Max: 0, Diff: 0, Sum: 0, Workers: 4
[147.876s][debug][gc,phases      ] GC(142)     Total                          Min: 0, Avg: 117.0, Max: 192, Diff: 192, Sum: 468, Workers: 4
[147.876s][debug][gc,phases      ] GC(142)   JVMTI Tag Weak OopStorage      Min:  0.0, Avg:  0.0, Max:  0.0, Diff:  0.0, Sum:  0.0, Workers: 4
[147.876s][debug][gc,phases      ] GC(142)     Dead                           Min: 0, Avg:  0.0, Max: 0, Diff: 0, Sum: 0, Workers: 4
[147.876s][debug][gc,phases      ] GC(142)     Total                          Min: 0, Avg:  0.0, Max: 0, Diff: 0, Sum: 0, Workers: 4
[147.876s][debug][gc,phases      ] GC(142)   StringTable Weak               Min:  0.1, Avg:  0.2, Max:  0.2, Diff:  0.1, Sum:  0.6, Workers: 4
[147.876s][debug][gc,phases      ] GC(142)     Dead                           Min: 0, Avg:  0.0, Max: 0, Diff: 0, Sum: 0, Workers: 4
[147.876s][debug][gc,phases      ] GC(142)     Total                          Min: 11456, Avg: 11878.5, Max: 12416, Diff: 960, Sum: 47514, Workers: 4
[147.876s][debug][gc,phases      ] GC(142)   ResolvedMethodTable Weak       Min:  0.0, Avg:  0.0, Max:  0.0, Diff:  0.0, Sum:  0.1, Workers: 4
[147.876s][debug][gc,phases      ] GC(142)     Dead                           Min: 0, Avg:  0.0, Max: 0, Diff: 0, Sum: 0, Workers: 4
[147.876s][debug][gc,phases      ] GC(142)     Total                          Min: 0, Avg: 2041.0, Max: 2869, Diff: 2869, Sum: 8164, Workers: 4
[147.876s][debug][gc,phases      ] GC(142)   JNI Weak                       Min:  0.0, Avg:  0.0, Max:  0.0, Diff:  0.0, Sum:  0.0, Workers: 4
[147.876s][debug][gc,phases      ] GC(142)     Dead                           Min: 0, Avg:  0.0, Max: 0, Diff: 0, Sum: 0, Workers: 4
[147.876s][debug][gc,phases      ] GC(142)     Total                          Min: 0, Avg:  0.0, Max: 0, Diff: 0, Sum: 0, Workers: 4
[147.876s][debug][gc,phases      ] GC(142)   StringDedup Table Weak         Min:  0.0, Avg:  0.0, Max:  0.0, Diff:  0.0, Sum:  0.0, Workers: 4
[147.876s][debug][gc,phases      ] GC(142)     Dead                           Min: 0, Avg:  0.0, Max: 0, Diff: 0, Sum: 0, Workers: 4
[147.876s][debug][gc,phases      ] GC(142)     Total                          Min: 0, Avg:  0.0, Max: 0, Diff: 0, Sum: 0, Workers: 4
[147.876s][debug][gc,phases      ] GC(142)   StringDedup Requests0 Weak     Min:  0.0, Avg:  0.0, Max:  0.0, Diff:  0.0, Sum:  0.0, Workers: 4
[147.876s][debug][gc,phases      ] GC(142)     Dead                           Min: 0, Avg:  0.0, Max: 0, Diff: 0, Sum: 0, Workers: 4
[147.876s][debug][gc,phases      ] GC(142)     Total                          Min: 0, Avg:  0.0, Max: 0, Diff: 0, Sum: 0, Workers: 4
[147.876s][debug][gc,phases      ] GC(142)   StringDedup Requests1 Weak     Min:  0.0, Avg:  0.0, Max:  0.0, Diff:  0.0, Sum:  0.0, Workers: 4
[147.876s][debug][gc,phases      ] GC(142)     Dead                           Min: 0, Avg:  0.0, Max: 0, Diff: 0, Sum: 0, Workers: 4
[147.876s][debug][gc,phases      ] GC(142)     Total                          Min: 0, Avg:  0.0, Max: 0, Diff: 0, Sum: 0, Workers: 4
[147.876s][debug][gc,phases      ] GC(142)   Weak JFR Old Object Samples    Min:  0.0, Avg:  0.0, Max:  0.0, Diff:  0.0, Sum:  0.0, Workers: 4
[147.876s][debug][gc,phases      ] GC(142)     Dead                           Min: 0, Avg:  0.0, Max: 0, Diff: 0, Sum: 0, Workers: 4
[147.876s][debug][gc,phases      ] GC(142)     Total                          Min: 0, Avg:  0.0, Max: 0, Diff: 0, Sum: 0, Workers: 4
[147.876s][debug][gc,phases      ] GC(142) Weak Processing 0.440ms
[147.876s][debug][gc,age         ] GC(142) Desired survivor size 312999936 bytes, new threshold 15 (max threshold 15)
[147.876s][info ][gc,heap        ] GC(142) PSYoungGen: 1685920K(1784832K)->144348K(1784832K) Eden: 1472512K(1472512K)->0K(1472512K) From: 213408K(312320K)->144348K(312320K)
[147.876s][info ][gc,heap        ] GC(142) ParOldGen: 489400K(658432K)->565118K(658432K)
[147.876s][info ][gc,metaspace   ] GC(142) Metaspace: 81881K(82688K)->81881K(82688K) NonClass: 70360K(70784K)->70360K(70784K) Class: 11520K(11904K)->11520K(11904K)
[147.876s][info ][gc             ] GC(142) Pause Young (Allocation Failure) 2124M->692M(2386M) 37.125ms
[147.876s][info ][gc,cpu         ] GC(142) User=0.15s Sys=0.00s Real=0.04s
[147.876s][info ][safepoint      ] Safepoint "ParallelGCFailedAllocation", Time since last: 348328467 ns, Reaching safepoint: 116603 ns, At safepoint: 37233148 ns, Total: 37349751 ns
[149.191s][info ][safepoint      ] Safepoint "Cleanup", Time since last: 1314704968 ns, Reaching safepoint: 101702 ns, At safepoint: 6100 ns, Total: 107802 ns
[150.191s][info ][safepoint      ] Safepoint "Cleanup", Time since last: 1000098359 ns, Reaching safepoint: 71902 ns, At safepoint: 6400 ns, Total: 78302 ns
[151.191s][info ][safepoint      ] Safepoint "Cleanup", Time since last: 1000098959 ns, Reaching safepoint: 70602 ns, At safepoint: 8700 ns, Total: 79302 ns
[152.191s][info ][safepoint      ] Safepoint "Cleanup", Time since last: 1000096659 ns, Reaching safepoint: 123103 ns, At safepoint: 11400 ns, Total: 134503 ns
[153.191s][info ][safepoint      ] Safepoint "Cleanup", Time since last: 1000110959 ns, Reaching safepoint: 94002 ns, At safepoint: 11001 ns, Total: 105003 ns
[154.192s][info ][safepoint      ] Safepoint "Cleanup", Time since last: 1000107958 ns, Reaching safepoint: 50702 ns, At safepoint: 5600 ns, Total: 56302 ns
[155.192s][info ][safepoint      ] Safepoint "Cleanup", Time since last: 1000101658 ns, Reaching safepoint: 72302 ns, At safepoint: 6100 ns, Total: 78402 ns
[156.192s][info ][safepoint      ] Safepoint "Cleanup", Time since last: 1000103059 ns, Reaching safepoint: 44701 ns, At safepoint: 3900 ns, Total: 48601 ns
[157.192s][info ][safepoint      ] Safepoint "Cleanup", Time since last: 1000116558 ns, Reaching safepoint: 56002 ns, At safepoint: 5000 ns, Total: 61002 ns
[158.192s][info ][safepoint      ] Safepoint "Cleanup", Time since last: 1000108558 ns, Reaching safepoint: 56401 ns, At safepoint: 6301 ns, Total: 62702 ns
[159.192s][info ][safepoint      ] Safepoint "Cleanup", Time since last: 1000109358 ns, Reaching safepoint: 66801 ns, At safepoint: 6400 ns, Total: 73201 ns
[160.193s][info ][safepoint      ] Safepoint "Cleanup", Time since last: 1000109258 ns, Reaching safepoint: 64802 ns, At safepoint: 6300 ns, Total: 71102 ns
[161.193s][info ][safepoint      ] Safepoint "Cleanup", Time since last: 1000134259 ns, Reaching safepoint: 57201 ns, At safepoint: 9800 ns, Total: 67001 ns
[162.193s][info ][safepoint      ] Safepoint "Cleanup", Time since last: 1000112458 ns, Reaching safepoint: 57502 ns, At safepoint: 6800 ns, Total: 64302 ns
[163.193s][info ][safepoint      ] Safepoint "Cleanup", Time since last: 1000110657 ns, Reaching safepoint: 54002 ns, At safepoint: 6700 ns, Total: 60702 ns
[164.044s][info ][gc,start       ] GC(143) Pause Young (Allocation Failure)
[164.073s][debug][gc,phases      ] GC(143) Scavenge 28.881ms
[164.073s][debug][gc,ref         ] GC(143) Skipped phase 1 of Reference Processing: no references
[164.073s][debug][gc,ref         ] GC(143) ReferenceProcessor::execute queues: 1, RefProcThreadModel::Single, marks_oops_alive: false
[164.073s][debug][gc,ref         ] GC(143) Skipped phase 3 of Reference Processing: no references
[164.073s][debug][gc,ref         ] GC(143) ReferenceProcessor::execute queues: 1, RefProcThreadModel::Single, marks_oops_alive: false
[164.073s][debug][gc,phases      ] GC(143) Reference Processing 0.154ms
[164.074s][debug][gc,phases      ] GC(143)   VM Weak                        Min:  0.0, Avg:  0.0, Max:  0.0, Diff:  0.0, Sum:  0.0, Workers: 4
[164.074s][debug][gc,phases      ] GC(143)     Dead                           Min: 0, Avg:  0.0, Max: 0, Diff: 0, Sum: 0, Workers: 4
[164.074s][debug][gc,phases      ] GC(143)     Total                          Min: 0, Avg: 164.2, Max: 384, Diff: 384, Sum: 657, Workers: 4
[164.074s][debug][gc,phases      ] GC(143)   ObjectSynchronizer Weak        Min:  0.0, Avg:  0.0, Max:  0.0, Diff:  0.0, Sum:  0.0, Workers: 4
[164.074s][debug][gc,phases      ] GC(143)     Dead                           Min: 0, Avg:  0.0, Max: 0, Diff: 0, Sum: 0, Workers: 4
[164.074s][debug][gc,phases      ] GC(143)     Total                          Min: 0, Avg: 117.0, Max: 256, Diff: 256, Sum: 468, Workers: 4
[164.074s][debug][gc,phases      ] GC(143)   JVMTI Tag Weak OopStorage      Min:  0.0, Avg:  0.0, Max:  0.0, Diff:  0.0, Sum:  0.0, Workers: 4
[164.074s][debug][gc,phases      ] GC(143)     Dead                           Min: 0, Avg:  0.0, Max: 0, Diff: 0, Sum: 0, Workers: 4
[164.074s][debug][gc,phases      ] GC(143)     Total                          Min: 0, Avg:  0.0, Max: 0, Diff: 0, Sum: 0, Workers: 4
[164.074s][debug][gc,phases      ] GC(143)   StringTable Weak               Min:  0.1, Avg:  0.2, Max:  0.2, Diff:  0.0, Sum:  0.6, Workers: 4
[164.074s][debug][gc,phases      ] GC(143)     Dead                           Min: 0, Avg:  0.0, Max: 0, Diff: 0, Sum: 0, Workers: 4
[164.074s][debug][gc,phases      ] GC(143)     Total                          Min: 10944, Avg: 11883.2, Max: 12736, Diff: 1792, Sum: 47533, Workers: 4
[164.074s][debug][gc,phases      ] GC(143)   ResolvedMethodTable Weak       Min:  0.0, Avg:  0.0, Max:  0.0, Diff:  0.0, Sum:  0.1, Workers: 4
[164.074s][debug][gc,phases      ] GC(143)     Dead                           Min: 0, Avg:  0.0, Max: 0, Diff: 0, Sum: 0, Workers: 4
[164.074s][debug][gc,phases      ] GC(143)     Total                          Min: 1947, Avg: 2042.2, Max: 2094, Diff: 147, Sum: 8169, Workers: 4
[164.074s][debug][gc,phases      ] GC(143)   JNI Weak                       Min:  0.0, Avg:  0.0, Max:  0.0, Diff:  0.0, Sum:  0.0, Workers: 4
[164.074s][debug][gc,phases      ] GC(143)     Dead                           Min: 0, Avg:  0.0, Max: 0, Diff: 0, Sum: 0, Workers: 4
[164.074s][debug][gc,phases      ] GC(143)     Total                          Min: 0, Avg:  0.0, Max: 0, Diff: 0, Sum: 0, Workers: 4
[164.074s][debug][gc,phases      ] GC(143)   StringDedup Table Weak         Min:  0.0, Avg:  0.0, Max:  0.0, Diff:  0.0, Sum:  0.0, Workers: 4
[164.074s][debug][gc,phases      ] GC(143)     Dead                           Min: 0, Avg:  0.0, Max: 0, Diff: 0, Sum: 0, Workers: 4
[164.074s][debug][gc,phases      ] GC(143)     Total                          Min: 0, Avg:  0.0, Max: 0, Diff: 0, Sum: 0, Workers: 4
[164.074s][debug][gc,phases      ] GC(143)   StringDedup Requests0 Weak     Min:  0.0, Avg:  0.0, Max:  0.0, Diff:  0.0, Sum:  0.0, Workers: 4
[164.074s][debug][gc,phases      ] GC(143)     Dead                           Min: 0, Avg:  0.0, Max: 0, Diff: 0, Sum: 0, Workers: 4
[164.074s][debug][gc,phases      ] GC(143)     Total                          Min: 0, Avg:  0.0, Max: 0, Diff: 0, Sum: 0, Workers: 4
[164.074s][debug][gc,phases      ] GC(143)   StringDedup Requests1 Weak     Min:  0.0, Avg:  0.0, Max:  0.0, Diff:  0.0, Sum:  0.0, Workers: 4
[164.074s][debug][gc,phases      ] GC(143)     Dead                           Min: 0, Avg:  0.0, Max: 0, Diff: 0, Sum: 0, Workers: 4
[164.074s][debug][gc,phases      ] GC(143)     Total                          Min: 0, Avg:  0.0, Max: 0, Diff: 0, Sum: 0, Workers: 4
[164.074s][debug][gc,phases      ] GC(143)   Weak JFR Old Object Samples    Min:  0.0, Avg:  0.0, Max:  0.0, Diff:  0.0, Sum:  0.0, Workers: 4
[164.074s][debug][gc,phases      ] GC(143)     Dead                           Min: 0, Avg:  0.0, Max: 0, Diff: 0, Sum: 0, Workers: 4
[164.074s][debug][gc,phases      ] GC(143)     Total                          Min: 0, Avg:  0.0, Max: 0, Diff: 0, Sum: 0, Workers: 4
[164.074s][debug][gc,phases      ] GC(143) Weak Processing 0.385ms
[164.074s][debug][gc,age         ] GC(143) Desired survivor size 307757056 bytes, new threshold 15 (max threshold 15)
[164.074s][info ][gc,heap        ] GC(143) PSYoungGen: 1616860K(1784832K)->132485K(1796608K) Eden: 1472512K(1472512K)->0K(1490944K) From: 144348K(312320K)->132485K(305664K)
[164.074s][info ][gc,heap        ] GC(143) ParOldGen: 565118K(658432K)->583039K(658432K)
[164.074s][info ][gc,metaspace   ] GC(143) Metaspace: 81943K(82752K)->81943K(82752K) NonClass: 70421K(70848K)->70421K(70848K) Class: 11522K(11904K)->11522K(11904K)
[164.074s][info ][gc             ] GC(143) Pause Young (Allocation Failure) 2130M->698M(2397M) 29.570ms
[164.074s][info ][gc,cpu         ] GC(143) User=0.12s Sys=0.00s Real=0.03s
[164.074s][info ][safepoint      ] Safepoint "ParallelGCFailedAllocation", Time since last: 850966461 ns, Reaching safepoint: 102702 ns, At safepoint: 29691556 ns, Total: 29794258 ns
[165.732s][info ][safepoint      ] Safepoint "Cleanup", Time since last: 1658214209 ns, Reaching safepoint: 166704 ns, At safepoint: 19001 ns, Total: 185705 ns
[166.732s][info ][safepoint      ] Safepoint "Cleanup", Time since last: 1000112957 ns, Reaching safepoint: 63302 ns, At safepoint: 5900 ns, Total: 69202 ns
[167.733s][info ][safepoint      ] Safepoint "Cleanup", Time since last: 1000096456 ns, Reaching safepoint: 60602 ns, At safepoint: 8700 ns, Total: 69302 ns
[168.733s][info ][safepoint      ] Safepoint "Cleanup", Time since last: 1000129658 ns, Reaching safepoint: 60801 ns, At safepoint: 6600 ns, Total: 67401 ns
[169.733s][info ][safepoint      ] Safepoint "Cleanup", Time since last: 1000114357 ns, Reaching safepoint: 59402 ns, At safepoint: 5600 ns, Total: 65002 ns
[170.733s][info ][safepoint      ] Safepoint "Cleanup", Time since last: 1000147857 ns, Reaching safepoint: 59002 ns, At safepoint: 11400 ns, Total: 70402 ns
[171.733s][info ][safepoint      ] Safepoint "Cleanup", Time since last: 1000107757 ns, Reaching safepoint: 51301 ns, At safepoint: 6800 ns, Total: 58101 ns
[172.734s][info ][safepoint      ] Safepoint "Cleanup", Time since last: 1000120757 ns, Reaching safepoint: 52601 ns, At safepoint: 4300 ns, Total: 56901 ns
[173.734s][info ][safepoint      ] Safepoint "Cleanup", Time since last: 1000104956 ns, Reaching safepoint: 57002 ns, At safepoint: 6600 ns, Total: 63602 ns
[174.734s][info ][safepoint      ] Safepoint "Cleanup", Time since last: 1000141257 ns, Reaching safepoint: 90902 ns, At safepoint: 15900 ns, Total: 106802 ns
[176.696s][info ][safepoint      ] Safepoint "Cleanup", Time since last: 1962290747 ns, Reaching safepoint: 128803 ns, At safepoint: 10800 ns, Total: 139603 ns
[177.697s][info ][safepoint      ] Safepoint "Cleanup", Time since last: 1000123156 ns, Reaching safepoint: 71502 ns, At safepoint: 6600 ns, Total: 78102 ns
[178.697s][info ][safepoint      ] Safepoint "Cleanup", Time since last: 1000118556 ns, Reaching safepoint: 64702 ns, At safepoint: 9000 ns, Total: 73702 ns
[179.697s][info ][safepoint      ] Safepoint "Cleanup", Time since last: 1000121256 ns, Reaching safepoint: 61401 ns, At safepoint: 5500 ns, Total: 66901 ns
[180.697s][info ][safepoint      ] Safepoint "Cleanup", Time since last: 1000080255 ns, Reaching safepoint: 72802 ns, At safepoint: 8800 ns, Total: 81602 ns
[181.697s][info ][safepoint      ] Safepoint "Cleanup", Time since last: 1000112955 ns, Reaching safepoint: 81802 ns, At safepoint: 9201 ns, Total: 91003 ns
[182.698s][info ][safepoint      ] Safepoint "Cleanup", Time since last: 1000108955 ns, Reaching safepoint: 62101 ns, At safepoint: 10801 ns, Total: 72902 ns
[183.698s][info ][safepoint      ] Safepoint "Cleanup", Time since last: 1000093854 ns, Reaching safepoint: 63902 ns, At safepoint: 9000 ns, Total: 72902 ns
[184.698s][info ][safepoint      ] Safepoint "Cleanup", Time since last: 1000130655 ns, Reaching safepoint: 66302 ns, At safepoint: 11200 ns, Total: 77502 ns
[185.698s][info ][safepoint      ] Safepoint "Cleanup", Time since last: 1000098955 ns, Reaching safepoint: 51501 ns, At safepoint: 4300 ns, Total: 55801 ns
[185.780s][info ][gc,start       ] GC(144) Pause Young (Allocation Failure)
[185.808s][debug][gc,phases      ] GC(144) Scavenge 28.037ms
[185.808s][debug][gc,ref         ] GC(144) Skipped phase 1 of Reference Processing: no references
[185.808s][debug][gc,ref         ] GC(144) ReferenceProcessor::execute queues: 1, RefProcThreadModel::Single, marks_oops_alive: false
[185.808s][debug][gc,ref         ] GC(144) ReferenceProcessor::execute queues: 4, RefProcThreadModel::Multi, marks_oops_alive: true
[185.808s][debug][gc,ref         ] GC(144) ReferenceProcessor::execute queues: 1, RefProcThreadModel::Single, marks_oops_alive: false
[185.808s][debug][gc,phases      ] GC(144) Reference Processing 0.240ms
[185.809s][debug][gc,phases      ] GC(144)   VM Weak                        Min:  0.0, Avg:  0.0, Max:  0.0, Diff:  0.0, Sum:  0.0, Workers: 4
[185.809s][debug][gc,phases      ] GC(144)     Dead                           Min: 0, Avg:  0.0, Max: 0, Diff: 0, Sum: 0, Workers: 4
[185.809s][debug][gc,phases      ] GC(144)     Total                          Min: 0, Avg: 165.0, Max: 660, Diff: 660, Sum: 660, Workers: 4
[185.809s][debug][gc,phases      ] GC(144)   ObjectSynchronizer Weak        Min:  0.0, Avg:  0.0, Max:  0.0, Diff:  0.0, Sum:  0.0, Workers: 4
[185.809s][debug][gc,phases      ] GC(144)     Dead                           Min: 0, Avg:  0.0, Max: 0, Diff: 0, Sum: 0, Workers: 4
[185.809s][debug][gc,phases      ] GC(144)     Total                          Min: 0, Avg: 117.0, Max: 256, Diff: 256, Sum: 468, Workers: 4
[185.809s][debug][gc,phases      ] GC(144)   JVMTI Tag Weak OopStorage      Min:  0.0, Avg:  0.0, Max:  0.0, Diff:  0.0, Sum:  0.0, Workers: 4
[185.809s][debug][gc,phases      ] GC(144)     Dead                           Min: 0, Avg:  0.0, Max: 0, Diff: 0, Sum: 0, Workers: 4
[185.809s][debug][gc,phases      ] GC(144)     Total                          Min: 0, Avg:  0.0, Max: 0, Diff: 0, Sum: 0, Workers: 4
[185.809s][debug][gc,phases      ] GC(144)   StringTable Weak               Min:  0.1, Avg:  0.1, Max:  0.1, Diff:  0.0, Sum:  0.5, Workers: 4
[185.809s][debug][gc,phases      ] GC(144)     Dead                           Min: 0, Avg:  0.2, Max: 1, Diff: 1, Sum: 1, Workers: 4
[185.809s][debug][gc,phases      ] GC(144)     Total                          Min: 11200, Avg: 11901.8, Max: 12416, Diff: 1216, Sum: 47607, Workers: 4
[185.809s][debug][gc,phases      ] GC(144)   ResolvedMethodTable Weak       Min:  0.0, Avg:  0.0, Max:  0.0, Diff:  0.0, Sum:  0.1, Workers: 4
[185.809s][debug][gc,phases      ] GC(144)     Dead                           Min: 0, Avg:  0.0, Max: 0, Diff: 0, Sum: 0, Workers: 4
[185.809s][debug][gc,phases      ] GC(144)     Total                          Min: 1781, Avg: 2049.8, Max: 2401, Diff: 620, Sum: 8199, Workers: 4
[185.809s][debug][gc,phases      ] GC(144)   JNI Weak                       Min:  0.0, Avg:  0.0, Max:  0.0, Diff:  0.0, Sum:  0.0, Workers: 4
[185.809s][debug][gc,phases      ] GC(144)     Dead                           Min: 0, Avg:  0.0, Max: 0, Diff: 0, Sum: 0, Workers: 4
[185.809s][debug][gc,phases      ] GC(144)     Total                          Min: 0, Avg:  0.0, Max: 0, Diff: 0, Sum: 0, Workers: 4
[185.809s][debug][gc,phases      ] GC(144)   StringDedup Table Weak         Min:  0.0, Avg:  0.0, Max:  0.0, Diff:  0.0, Sum:  0.0, Workers: 4
[185.809s][debug][gc,phases      ] GC(144)     Dead                           Min: 0, Avg:  0.0, Max: 0, Diff: 0, Sum: 0, Workers: 4
[185.809s][debug][gc,phases      ] GC(144)     Total                          Min: 0, Avg:  0.0, Max: 0, Diff: 0, Sum: 0, Workers: 4
[185.809s][debug][gc,phases      ] GC(144)   StringDedup Requests0 Weak     Min:  0.0, Avg:  0.0, Max:  0.0, Diff:  0.0, Sum:  0.0, Workers: 4
[185.809s][debug][gc,phases      ] GC(144)     Dead                           Min: 0, Avg:  0.0, Max: 0, Diff: 0, Sum: 0, Workers: 4
[185.809s][debug][gc,phases      ] GC(144)     Total                          Min: 0, Avg:  0.0, Max: 0, Diff: 0, Sum: 0, Workers: 4
[185.809s][debug][gc,phases      ] GC(144)   StringDedup Requests1 Weak     Min:  0.0, Avg:  0.0, Max:  0.0, Diff:  0.0, Sum:  0.0, Workers: 4
[185.809s][debug][gc,phases      ] GC(144)     Dead                           Min: 0, Avg:  0.0, Max: 0, Diff: 0, Sum: 0, Workers: 4
[185.809s][debug][gc,phases      ] GC(144)     Total                          Min: 0, Avg:  0.0, Max: 0, Diff: 0, Sum: 0, Workers: 4
[185.809s][debug][gc,phases      ] GC(144)   Weak JFR Old Object Samples    Min:  0.0, Avg:  0.0, Max:  0.0, Diff:  0.0, Sum:  0.0, Workers: 4
[185.809s][debug][gc,phases      ] GC(144)     Dead                           Min: 0, Avg:  0.0, Max: 0, Diff: 0, Sum: 0, Workers: 4
[185.809s][debug][gc,phases      ] GC(144)     Total                          Min: 0, Avg:  0.0, Max: 0, Diff: 0, Sum: 0, Workers: 4
[185.809s][debug][gc,phases      ] GC(144) Weak Processing 0.329ms
[185.809s][debug][gc,age         ] GC(144) Desired survivor size 305135616 bytes, new threshold 15 (max threshold 15)
[185.809s][info ][gc,heap        ] GC(144) PSYoungGen: 1623429K(1796608K)->112866K(1791488K) Eden: 1490944K(1490944K)->0K(1490944K) From: 132485K(305664K)->112866K(300544K)
[185.809s][info ][gc,heap        ] GC(144) ParOldGen: 583039K(658432K)->621348K(658432K)
[185.809s][info ][gc,metaspace   ] GC(144) Metaspace: 82105K(82944K)->82105K(82944K) NonClass: 70567K(71040K)->70567K(71040K) Class: 11538K(11904K)->11538K(11904K)
[185.809s][info ][gc             ] GC(144) Pause Young (Allocation Failure) 2154M->717M(2392M) 28.745ms
[185.809s][info ][gc,cpu         ] GC(144) User=0.10s Sys=0.01s Real=0.03s
[185.809s][debug][gc,phases      ] GC(145) Pre Compact 0.010ms
[185.809s][info ][gc,start       ] GC(145) Pause Full (Ergonomics)
[185.809s][info ][gc,phases,start] GC(145) Marking Phase
[185.938s][debug][gc,phases      ] GC(145) Par Mark 129.155ms
[185.938s][debug][gc,ref         ] GC(145) Skipped phase 1 of Reference Processing: no references
[185.938s][debug][gc,ref         ] GC(145) ReferenceProcessor::execute queues: 1, RefProcThreadModel::Single, marks_oops_alive: false
[185.938s][debug][gc,ref         ] GC(145) Skipped phase 3 of Reference Processing: no references
[185.938s][debug][gc,ref         ] GC(145) ReferenceProcessor::execute queues: 1, RefProcThreadModel::Single, marks_oops_alive: false
[185.938s][debug][gc,phases      ] GC(145) Reference Processing 0.158ms
[185.938s][debug][gc,phases      ] GC(145)   VM Weak                        Min:  0.0, Avg:  0.0, Max:  0.0, Diff:  0.0, Sum:  0.0, Workers: 4
[185.938s][debug][gc,phases      ] GC(145)     Dead                           Min: 0, Avg:  0.0, Max: 0, Diff: 0, Sum: 0, Workers: 4
[185.938s][debug][gc,phases      ] GC(145)     Total                          Min: 0, Avg: 165.0, Max: 448, Diff: 448, Sum: 660, Workers: 4
[185.938s][debug][gc,phases      ] GC(145)   ObjectSynchronizer Weak        Min:  0.0, Avg:  0.0, Max:  0.0, Diff:  0.0, Sum:  0.0, Workers: 4
[185.938s][debug][gc,phases      ] GC(145)     Dead                           Min: 0, Avg:  0.2, Max: 1, Diff: 1, Sum: 1, Workers: 4
[185.938s][debug][gc,phases      ] GC(145)     Total                          Min: 0, Avg: 117.0, Max: 192, Diff: 192, Sum: 468, Workers: 4
[185.938s][debug][gc,phases      ] GC(145)   JVMTI Tag Weak OopStorage      Min:  0.0, Avg:  0.0, Max:  0.0, Diff:  0.0, Sum:  0.0, Workers: 4
[185.938s][debug][gc,phases      ] GC(145)     Dead                           Min: 0, Avg:  0.0, Max: 0, Diff: 0, Sum: 0, Workers: 4
[185.938s][debug][gc,phases      ] GC(145)     Total                          Min: 0, Avg:  0.0, Max: 0, Diff: 0, Sum: 0, Workers: 4
[185.938s][debug][gc,phases      ] GC(145)   StringTable Weak               Min:  0.1, Avg:  0.2, Max:  0.2, Diff:  0.0, Sum:  0.6, Workers: 4
[185.939s][debug][gc,phases      ] GC(145)     Dead                           Min: 0, Avg:  0.0, Max: 0, Diff: 0, Sum: 0, Workers: 4
[185.939s][debug][gc,phases      ] GC(145)     Total                          Min: 11264, Avg: 11901.8, Max: 12608, Diff: 1344, Sum: 47607, Workers: 4
[185.939s][debug][gc,phases      ] GC(145)   ResolvedMethodTable Weak       Min:  0.0, Avg:  0.0, Max:  0.0, Diff:  0.0, Sum:  0.1, Workers: 4
[185.939s][debug][gc,phases      ] GC(145)     Dead                           Min: 0, Avg:  0.0, Max: 0, Diff: 0, Sum: 0, Workers: 4
[185.939s][debug][gc,phases      ] GC(145)     Total                          Min: 1830, Avg: 2049.8, Max: 2353, Diff: 523, Sum: 8199, Workers: 4
[185.939s][debug][gc,phases      ] GC(145)   JNI Weak                       Min:  0.0, Avg:  0.0, Max:  0.0, Diff:  0.0, Sum:  0.0, Workers: 4
[185.939s][debug][gc,phases      ] GC(145)     Dead                           Min: 0, Avg:  0.0, Max: 0, Diff: 0, Sum: 0, Workers: 4
[185.939s][debug][gc,phases      ] GC(145)     Total                          Min: 0, Avg:  0.0, Max: 0, Diff: 0, Sum: 0, Workers: 4
[185.939s][debug][gc,phases      ] GC(145)   StringDedup Table Weak         Min:  0.0, Avg:  0.0, Max:  0.0, Diff:  0.0, Sum:  0.0, Workers: 4
[185.939s][debug][gc,phases      ] GC(145)     Dead                           Min: 0, Avg:  0.0, Max: 0, Diff: 0, Sum: 0, Workers: 4
[185.939s][debug][gc,phases      ] GC(145)     Total                          Min: 0, Avg:  0.0, Max: 0, Diff: 0, Sum: 0, Workers: 4
[185.939s][debug][gc,phases      ] GC(145)   StringDedup Requests0 Weak     Min:  0.0, Avg:  0.0, Max:  0.0, Diff:  0.0, Sum:  0.0, Workers: 4
[185.939s][debug][gc,phases      ] GC(145)     Dead                           Min: 0, Avg:  0.0, Max: 0, Diff: 0, Sum: 0, Workers: 4
[185.939s][debug][gc,phases      ] GC(145)     Total                          Min: 0, Avg:  0.0, Max: 0, Diff: 0, Sum: 0, Workers: 4
[185.939s][debug][gc,phases      ] GC(145)   StringDedup Requests1 Weak     Min:  0.0, Avg:  0.0, Max:  0.0, Diff:  0.0, Sum:  0.0, Workers: 4
[185.939s][debug][gc,phases      ] GC(145)     Dead                           Min: 0, Avg:  0.0, Max: 0, Diff: 0, Sum: 0, Workers: 4
[185.939s][debug][gc,phases      ] GC(145)     Total                          Min: 0, Avg:  0.0, Max: 0, Diff: 0, Sum: 0, Workers: 4
[185.939s][debug][gc,phases      ] GC(145)   Weak JFR Old Object Samples    Min:  0.0, Avg:  0.0, Max:  0.0, Diff:  0.0, Sum:  0.0, Workers: 4
[185.939s][debug][gc,phases      ] GC(145)     Dead                           Min: 0, Avg:  0.0, Max: 0, Diff: 0, Sum: 0, Workers: 4
[185.939s][debug][gc,phases      ] GC(145)     Total                          Min: 0, Avg:  0.0, Max: 0, Diff: 0, Sum: 0, Workers: 4
[185.939s][debug][gc,phases      ] GC(145) Weak Processing 0.395ms
[185.939s][debug][gc,phases      ] GC(145) ClassLoaderData 0.093ms
[185.939s][debug][gc,phases      ] GC(145) Trigger cleanups 0.000ms
[185.956s][debug][gc,phases      ] GC(145) Class Unloading 17.825ms
[185.956s][info ][gc,phases      ] GC(145) Marking Phase 147.716ms
[185.956s][info ][gc,phases,start] GC(145) Summary Phase
[185.957s][info ][gc,phases      ] GC(145) Summary Phase 0.023ms
[185.957s][info ][gc,phases,start] GC(145) Adjust Roots
[185.972s][info ][gc,phases      ] GC(145) Adjust Roots 15.151ms
[185.972s][info ][gc,phases,start] GC(145) Compaction Phase
[186.149s][info ][gc,phases      ] GC(145) Compaction Phase 177.523ms
[186.149s][info ][gc,phases,start] GC(145) Post Compact
[186.152s][info ][gc,phases      ] GC(145) Post Compact 2.378ms
[186.152s][info ][gc,heap        ] GC(145) PSYoungGen: 112866K(1791488K)->0K(1799168K) Eden: 0K(1490944K)->0K(1501184K) From: 112866K(300544K)->0K(297984K)
[186.152s][info ][gc,heap        ] GC(145) ParOldGen: 621348K(658432K)->567446K(757248K)
[186.152s][info ][gc,metaspace   ] GC(145) Metaspace: 82105K(82944K)->82105K(82944K) NonClass: 70567K(71040K)->70567K(71040K) Class: 11538K(11904K)->11538K(11904K)
[186.152s][info ][gc             ] GC(145) Pause Full (Ergonomics) 717M->554M(2496M) 343.124ms
[186.152s][info ][gc,cpu         ] GC(145) User=1.26s Sys=0.00s Real=0.34s
[186.152s][info ][safepoint      ] Safepoint "ParallelGCFailedAllocation", Time since last: 81822383 ns, Reaching safepoint: 30901 ns, At safepoint: 372036769 ns, Total: 372067670 ns
[187.152s][info ][safepoint      ] Safepoint "Cleanup", Time since last: 1000098154 ns, Reaching safepoint: 69502 ns, At safepoint: 7000 ns, Total: 76502 ns
[188.152s][info ][safepoint      ] Safepoint "Cleanup", Time since last: 1000102354 ns, Reaching safepoint: 61602 ns, At safepoint: 6700 ns, Total: 68302 ns
[189.153s][info ][safepoint      ] Safepoint "Cleanup", Time since last: 1000131555 ns, Reaching safepoint: 234705 ns, At safepoint: 16101 ns, Total: 250806 ns
[190.153s][info ][safepoint      ] Safepoint "Cleanup", Time since last: 1000115054 ns, Reaching safepoint: 67902 ns, At safepoint: 11200 ns, Total: 79102 ns
[191.153s][info ][safepoint      ] Safepoint "Cleanup", Time since last: 1000108354 ns, Reaching safepoint: 80102 ns, At safepoint: 7800 ns, Total: 87902 ns
[192.153s][info ][safepoint      ] Safepoint "Cleanup", Time since last: 1000110954 ns, Reaching safepoint: 66502 ns, At safepoint: 8500 ns, Total: 75002 ns
[193.153s][info ][safepoint      ] Safepoint "Cleanup", Time since last: 1000106854 ns, Reaching safepoint: 72302 ns, At safepoint: 10600 ns, Total: 82902 ns
[194.154s][info ][safepoint      ] Safepoint "Cleanup", Time since last: 1000055652 ns, Reaching safepoint: 77102 ns, At safepoint: 7901 ns, Total: 85003 ns
[195.154s][info ][safepoint      ] Safepoint "Cleanup", Time since last: 1000108453 ns, Reaching safepoint: 62402 ns, At safepoint: 11500 ns, Total: 73902 ns
[196.154s][info ][safepoint      ] Safepoint "Cleanup", Time since last: 1000129954 ns, Reaching safepoint: 56901 ns, At safepoint: 4201 ns, Total: 61102 ns
[197.853s][info ][safepoint      ] Safepoint "Cleanup", Time since last: 1698866036 ns, Reaching safepoint: 106103 ns, At safepoint: 9500 ns, Total: 115603 ns
[198.853s][info ][safepoint      ] Safepoint "Cleanup", Time since last: 1000122054 ns, Reaching safepoint: 109403 ns, At safepoint: 6200 ns, Total: 115603 ns
[199.853s][info ][safepoint      ] Safepoint "Cleanup", Time since last: 1000112853 ns, Reaching safepoint: 70902 ns, At safepoint: 6900 ns, Total: 77802 ns
[200.854s][info ][safepoint      ] Safepoint "Cleanup", Time since last: 1000136253 ns, Reaching safepoint: 65502 ns, At safepoint: 7100 ns, Total: 72602 ns
[202.854s][info ][safepoint      ] Safepoint "Cleanup", Time since last: 2000190405 ns, Reaching safepoint: 68202 ns, At safepoint: 8500 ns, Total: 76702 ns
[203.854s][info ][safepoint      ] Safepoint "Cleanup", Time since last: 1000076151 ns, Reaching safepoint: 79902 ns, At safepoint: 6501 ns, Total: 86403 ns
[204.854s][info ][safepoint      ] Safepoint "Cleanup", Time since last: 1000088652 ns, Reaching safepoint: 58601 ns, At safepoint: 5700 ns, Total: 64301 ns
[206.855s][info ][safepoint      ] Safepoint "Cleanup", Time since last: 2000279206 ns, Reaching safepoint: 61302 ns, At safepoint: 4000 ns, Total: 65302 ns
[208.855s][info ][safepoint      ] Safepoint "Cleanup", Time since last: 2000173303 ns, Reaching safepoint: 54001 ns, At safepoint: 7000 ns, Total: 61001 ns
[209.855s][info ][safepoint      ] Safepoint "Cleanup", Time since last: 1000111552 ns, Reaching safepoint: 57501 ns, At safepoint: 8201 ns, Total: 65702 ns
[210.855s][info ][safepoint      ] Safepoint "Cleanup", Time since last: 1000133752 ns, Reaching safepoint: 128603 ns, At safepoint: 17701 ns, Total: 146304 ns
[210.898s][info ][gc,start       ] GC(146) Pause Young (Allocation Failure)
[210.903s][debug][gc,phases      ] GC(146) Scavenge 4.647ms
[210.903s][debug][gc,ref         ] GC(146) Skipped phase 1 of Reference Processing: no references
[210.903s][debug][gc,ref         ] GC(146) ReferenceProcessor::execute queues: 1, RefProcThreadModel::Single, marks_oops_alive: false
[210.903s][debug][gc,ref         ] GC(146) Skipped phase 3 of Reference Processing: no references
[210.903s][debug][gc,ref         ] GC(146) ReferenceProcessor::execute queues: 1, RefProcThreadModel::Single, marks_oops_alive: false
[210.903s][debug][gc,phases      ] GC(146) Reference Processing 0.117ms
[210.903s][debug][gc,phases      ] GC(146)   VM Weak                        Min:  0.0, Avg:  0.0, Max:  0.0, Diff:  0.0, Sum:  0.0, Workers: 4
[210.903s][debug][gc,phases      ] GC(146)     Dead                           Min: 0, Avg:  0.0, Max: 0, Diff: 0, Sum: 0, Workers: 4
[210.903s][debug][gc,phases      ] GC(146)     Total                          Min: 0, Avg: 166.0, Max: 664, Diff: 664, Sum: 664, Workers: 4
[210.903s][debug][gc,phases      ] GC(146)   ObjectSynchronizer Weak        Min:  0.0, Avg:  0.0, Max:  0.0, Diff:  0.0, Sum:  0.0, Workers: 4
[210.903s][debug][gc,phases      ] GC(146)     Dead                           Min: 0, Avg:  0.0, Max: 0, Diff: 0, Sum: 0, Workers: 4
[210.903s][debug][gc,phases      ] GC(146)     Total                          Min: 0, Avg: 117.0, Max: 340, Diff: 340, Sum: 468, Workers: 4
[210.903s][debug][gc,phases      ] GC(146)   JVMTI Tag Weak OopStorage      Min:  0.0, Avg:  0.0, Max:  0.0, Diff:  0.0, Sum:  0.0, Workers: 4
[210.903s][debug][gc,phases      ] GC(146)     Dead                           Min: 0, Avg:  0.0, Max: 0, Diff: 0, Sum: 0, Workers: 4
[210.903s][debug][gc,phases      ] GC(146)     Total                          Min: 0, Avg:  0.0, Max: 0, Diff: 0, Sum: 0, Workers: 4
[210.903s][debug][gc,phases      ] GC(146)   StringTable Weak               Min:  0.1, Avg:  0.1, Max:  0.1, Diff:  0.0, Sum:  0.4, Workers: 4
[210.903s][debug][gc,phases      ] GC(146)     Dead                           Min: 0, Avg:  0.5, Max: 2, Diff: 2, Sum: 2, Workers: 4
[210.903s][debug][gc,phases      ] GC(146)     Total                          Min: 11008, Avg: 11911.0, Max: 12636, Diff: 1628, Sum: 47644, Workers: 4
[210.903s][debug][gc,phases      ] GC(146)   ResolvedMethodTable Weak       Min:  0.0, Avg:  0.0, Max:  0.0, Diff:  0.0, Sum:  0.1, Workers: 4
[210.903s][debug][gc,phases      ] GC(146)     Dead                           Min: 0, Avg:  0.0, Max: 0, Diff: 0, Sum: 0, Workers: 4
[210.903s][debug][gc,phases      ] GC(146)     Total                          Min: 1855, Avg: 2057.2, Max: 2222, Diff: 367, Sum: 8229, Workers: 4
[210.903s][debug][gc,phases      ] GC(146)   JNI Weak                       Min:  0.0, Avg:  0.0, Max:  0.0, Diff:  0.0, Sum:  0.0, Workers: 4
[210.903s][debug][gc,phases      ] GC(146)     Dead                           Min: 0, Avg:  0.0, Max: 0, Diff: 0, Sum: 0, Workers: 4
[210.903s][debug][gc,phases      ] GC(146)     Total                          Min: 0, Avg:  0.0, Max: 0, Diff: 0, Sum: 0, Workers: 4
[210.903s][debug][gc,phases      ] GC(146)   StringDedup Table Weak         Min:  0.0, Avg:  0.0, Max:  0.0, Diff:  0.0, Sum:  0.0, Workers: 4
[210.903s][debug][gc,phases      ] GC(146)     Dead                           Min: 0, Avg:  0.0, Max: 0, Diff: 0, Sum: 0, Workers: 4
[210.903s][debug][gc,phases      ] GC(146)     Total                          Min: 0, Avg:  0.0, Max: 0, Diff: 0, Sum: 0, Workers: 4
[210.903s][debug][gc,phases      ] GC(146)   StringDedup Requests0 Weak     Min:  0.0, Avg:  0.0, Max:  0.0, Diff:  0.0, Sum:  0.0, Workers: 4
[210.903s][debug][gc,phases      ] GC(146)     Dead                           Min: 0, Avg:  0.0, Max: 0, Diff: 0, Sum: 0, Workers: 4
[210.903s][debug][gc,phases      ] GC(146)     Total                          Min: 0, Avg:  0.0, Max: 0, Diff: 0, Sum: 0, Workers: 4
[210.903s][debug][gc,phases      ] GC(146)   StringDedup Requests1 Weak     Min:  0.0, Avg:  0.0, Max:  0.0, Diff:  0.0, Sum:  0.0, Workers: 4
[210.903s][debug][gc,phases      ] GC(146)     Dead                           Min: 0, Avg:  0.0, Max: 0, Diff: 0, Sum: 0, Workers: 4
[210.903s][debug][gc,phases      ] GC(146)     Total                          Min: 0, Avg:  0.0, Max: 0, Diff: 0, Sum: 0, Workers: 4
[210.903s][debug][gc,phases      ] GC(146)   Weak JFR Old Object Samples    Min:  0.0, Avg:  0.0, Max:  0.0, Diff:  0.0, Sum:  0.0, Workers: 4
[210.903s][debug][gc,phases      ] GC(146)     Dead                           Min: 0, Avg:  0.0, Max: 0, Diff: 0, Sum: 0, Workers: 4
[210.903s][debug][gc,phases      ] GC(146)     Total                          Min: 0, Avg:  0.0, Max: 0, Diff: 0, Sum: 0, Workers: 4
[210.904s][debug][gc,phases      ] GC(146) Weak Processing 0.328ms
[210.904s][debug][gc,age         ] GC(146) Desired survivor size 319815680 bytes, new threshold 15 (max threshold 15)
[210.904s][info ][gc,heap        ] GC(146) PSYoungGen: 1501184K(1799168K)->7072K(1508352K) Eden: 1501184K(1501184K)->0K(1501184K) From: 0K(297984K)->7072K(7168K)
[210.904s][info ][gc,heap        ] GC(146) ParOldGen: 567446K(757248K)->567454K(757248K)
[210.904s][info ][gc,metaspace   ] GC(146) Metaspace: 82247K(83072K)->82247K(83072K) NonClass: 70692K(71168K)->70692K(71168K) Class: 11554K(11904K)->11554K(11904K)
[210.904s][info ][gc             ] GC(146) Pause Young (Allocation Failure) 2020M->561M(2212M) 5.229ms
[210.904s][info ][gc,cpu         ] GC(146) User=0.02s Sys=0.00s Real=0.01s
[210.904s][info ][safepoint      ] Safepoint "ParallelGCFailedAllocation", Time since last: 42974293 ns, Reaching safepoint: 119203 ns, At safepoint: 5317236 ns, Total: 5436439 ns
[211.904s][info ][safepoint      ] Safepoint "Cleanup", Time since last: 1000089051 ns, Reaching safepoint: 68401 ns, At safepoint: 8501 ns, Total: 76902 ns
[212.904s][info ][safepoint      ] Safepoint "Cleanup", Time since last: 1000149052 ns, Reaching safepoint: 189005 ns, At safepoint: 16100 ns, Total: 205105 ns
[213.904s][info ][safepoint      ] Safepoint "Cleanup", Time since last: 1000107252 ns, Reaching safepoint: 56901 ns, At safepoint: 4300 ns, Total: 61201 ns
[214.905s][info ][safepoint      ] Safepoint "Cleanup", Time since last: 1000113751 ns, Reaching safepoint: 63002 ns, At safepoint: 203605 ns, Total: 266607 ns
[216.905s][info ][safepoint      ] Safepoint "Cleanup", Time since last: 2000172101 ns, Reaching safepoint: 72102 ns, At safepoint: 6300 ns, Total: 78402 ns
[217.905s][info ][safepoint      ] Safepoint "Cleanup", Time since last: 1000118351 ns, Reaching safepoint: 54902 ns, At safepoint: 5200 ns, Total: 60102 ns
[218.905s][info ][safepoint      ] Safepoint "Cleanup", Time since last: 1000138951 ns, Reaching safepoint: 65702 ns, At safepoint: 7700 ns, Total: 73402 ns
[219.696s][info ][gc,start       ] GC(147) Pause Young (Allocation Failure)
[219.701s][debug][gc,phases      ] GC(147) Scavenge 5.120ms
[219.701s][debug][gc,ref         ] GC(147) Skipped phase 1 of Reference Processing: no references
[219.701s][debug][gc,ref         ] GC(147) ReferenceProcessor::execute queues: 1, RefProcThreadModel::Single, marks_oops_alive: false
[219.701s][debug][gc,ref         ] GC(147) Skipped phase 3 of Reference Processing: no references
[219.701s][debug][gc,ref         ] GC(147) ReferenceProcessor::execute queues: 1, RefProcThreadModel::Single, marks_oops_alive: false
[219.701s][debug][gc,phases      ] GC(147) Reference Processing 0.141ms
[219.701s][debug][gc,phases      ] GC(147)   VM Weak                        Min:  0.0, Avg:  0.0, Max:  0.0, Diff:  0.0, Sum:  0.0, Workers: 4
[219.701s][debug][gc,phases      ] GC(147)     Dead                           Min: 0, Avg:  0.0, Max: 0, Diff: 0, Sum: 0, Workers: 4
[219.701s][debug][gc,phases      ] GC(147)     Total                          Min: 0, Avg: 166.0, Max: 448, Diff: 448, Sum: 664, Workers: 4
[219.701s][debug][gc,phases      ] GC(147)   ObjectSynchronizer Weak        Min:  0.0, Avg:  0.0, Max:  0.0, Diff:  0.0, Sum:  0.0, Workers: 4
[219.701s][debug][gc,phases      ] GC(147)     Dead                           Min: 0, Avg:  0.0, Max: 0, Diff: 0, Sum: 0, Workers: 4
[219.701s][debug][gc,phases      ] GC(147)     Total                          Min: 0, Avg: 117.0, Max: 256, Diff: 256, Sum: 468, Workers: 4
[219.701s][debug][gc,phases      ] GC(147)   JVMTI Tag Weak OopStorage      Min:  0.0, Avg:  0.0, Max:  0.0, Diff:  0.0, Sum:  0.0, Workers: 4
[219.701s][debug][gc,phases      ] GC(147)     Dead                           Min: 0, Avg:  0.0, Max: 0, Diff: 0, Sum: 0, Workers: 4
[219.701s][debug][gc,phases      ] GC(147)     Total                          Min: 0, Avg:  0.0, Max: 0, Diff: 0, Sum: 0, Workers: 4
[219.701s][debug][gc,phases      ] GC(147)   StringTable Weak               Min:  0.1, Avg:  0.1, Max:  0.1, Diff:  0.0, Sum:  0.5, Workers: 4
[219.702s][debug][gc,phases      ] GC(147)     Dead                           Min: 0, Avg:  0.0, Max: 0, Diff: 0, Sum: 0, Workers: 4
[219.702s][debug][gc,phases      ] GC(147)     Total                          Min: 11136, Avg: 11912.0, Max: 12320, Diff: 1184, Sum: 47648, Workers: 4
[219.702s][debug][gc,phases      ] GC(147)   ResolvedMethodTable Weak       Min:  0.0, Avg:  0.0, Max:  0.0, Diff:  0.0, Sum:  0.1, Workers: 4
[219.702s][debug][gc,phases      ] GC(147)     Dead                           Min: 0, Avg:  0.0, Max: 0, Diff: 0, Sum: 0, Workers: 4
[219.702s][debug][gc,phases      ] GC(147)     Total                          Min: 1854, Avg: 2057.2, Max: 2237, Diff: 383, Sum: 8229, Workers: 4
[219.702s][debug][gc,phases      ] GC(147)   JNI Weak                       Min:  0.0, Avg:  0.0, Max:  0.0, Diff:  0.0, Sum:  0.0, Workers: 4
[219.702s][debug][gc,phases      ] GC(147)     Dead                           Min: 0, Avg:  0.0, Max: 0, Diff: 0, Sum: 0, Workers: 4
[219.702s][debug][gc,phases      ] GC(147)     Total                          Min: 0, Avg:  0.0, Max: 0, Diff: 0, Sum: 0, Workers: 4
[219.702s][debug][gc,phases      ] GC(147)   StringDedup Table Weak         Min:  0.0, Avg:  0.0, Max:  0.0, Diff:  0.0, Sum:  0.0, Workers: 4
[219.702s][debug][gc,phases      ] GC(147)     Dead                           Min: 0, Avg:  0.0, Max: 0, Diff: 0, Sum: 0, Workers: 4
[219.702s][debug][gc,phases      ] GC(147)     Total                          Min: 0, Avg:  0.0, Max: 0, Diff: 0, Sum: 0, Workers: 4
[219.702s][debug][gc,phases      ] GC(147)   StringDedup Requests0 Weak     Min:  0.0, Avg:  0.0, Max:  0.0, Diff:  0.0, Sum:  0.0, Workers: 4
[219.702s][debug][gc,phases      ] GC(147)     Dead                           Min: 0, Avg:  0.0, Max: 0, Diff: 0, Sum: 0, Workers: 4
[219.702s][debug][gc,phases      ] GC(147)     Total                          Min: 0, Avg:  0.0, Max: 0, Diff: 0, Sum: 0, Workers: 4
[219.702s][debug][gc,phases      ] GC(147)   StringDedup Requests1 Weak     Min:  0.0, Avg:  0.0, Max:  0.0, Diff:  0.0, Sum:  0.0, Workers: 4
[219.702s][debug][gc,phases      ] GC(147)     Dead                           Min: 0, Avg:  0.0, Max: 0, Diff: 0, Sum: 0, Workers: 4
[219.702s][debug][gc,phases      ] GC(147)     Total                          Min: 0, Avg:  0.0, Max: 0, Diff: 0, Sum: 0, Workers: 4
[219.702s][debug][gc,phases      ] GC(147)   Weak JFR Old Object Samples    Min:  0.0, Avg:  0.0, Max:  0.0, Diff:  0.0, Sum:  0.0, Workers: 4
[219.702s][debug][gc,phases      ] GC(147)     Dead                           Min: 0, Avg:  0.0, Max: 0, Diff: 0, Sum: 0, Workers: 4
[219.702s][debug][gc,phases      ] GC(147)     Total                          Min: 0, Avg:  0.0, Max: 0, Diff: 0, Sum: 0, Workers: 4
[219.702s][debug][gc,phases      ] GC(147) Weak Processing 0.370ms
[219.702s][debug][gc,age         ] GC(147) Desired survivor size 327155712 bytes, new threshold 15 (max threshold 15)
[219.702s][info ][gc,heap        ] GC(147) PSYoungGen: 1508256K(1508352K)->11984K(1770496K) Eden: 1501184K(1501184K)->0K(1458176K) From: 7072K(7168K)->11984K(312320K)
[219.702s][info ][gc,heap        ] GC(147) ParOldGen: 567454K(757248K)->567454K(757248K)
[219.702s][info ][gc,metaspace   ] GC(147) Metaspace: 82259K(83072K)->82259K(83072K) NonClass: 70704K(71168K)->70704K(71168K) Class: 11554K(11904K)->11554K(11904K)
[219.702s][info ][gc             ] GC(147) Pause Young (Allocation Failure) 2027M->565M(2468M) 5.776ms
[219.702s][info ][gc,cpu         ] GC(147) User=0.02s Sys=0.01s Real=0.01s
[219.702s][info ][safepoint      ] Safepoint "ParallelGCFailedAllocation", Time since last: 790424915 ns, Reaching safepoint: 85702 ns, At safepoint: 5875549 ns, Total: 5961251 ns
[220.702s][info ][safepoint      ] Safepoint "Cleanup", Time since last: 1000106551 ns, Reaching safepoint: 62101 ns, At safepoint: 4601 ns, Total: 66702 ns
[221.702s][info ][safepoint      ] Safepoint "Cleanup", Time since last: 1000145651 ns, Reaching safepoint: 65002 ns, At safepoint: 5100 ns, Total: 70102 ns
[224.702s][info ][safepoint      ] Safepoint "Cleanup", Time since last: 3000262049 ns, Reaching safepoint: 58201 ns, At safepoint: 5200 ns, Total: 63401 ns
[225.703s][info ][safepoint      ] Safepoint "Cleanup", Time since last: 1000131451 ns, Reaching safepoint: 67201 ns, At safepoint: 10101 ns, Total: 77302 ns
[230.703s][info ][safepoint      ] Safepoint "Cleanup", Time since last: 5000417744 ns, Reaching safepoint: 53602 ns, At safepoint: 4200 ns, Total: 57802 ns
[232.703s][info ][safepoint      ] Safepoint "Cleanup", Time since last: 2000211998 ns, Reaching safepoint: 57102 ns, At safepoint: 5500 ns, Total: 62602 ns
[233.704s][info ][safepoint      ] Safepoint "Cleanup", Time since last: 1000112949 ns, Reaching safepoint: 60901 ns, At safepoint: 4701 ns, Total: 65602 ns
[234.704s][info ][safepoint      ] Safepoint "Cleanup", Time since last: 1000107248 ns, Reaching safepoint: 66302 ns, At safepoint: 10400 ns, Total: 76702 ns
[235.704s][info ][safepoint      ] Safepoint "Cleanup", Time since last: 1000100949 ns, Reaching safepoint: 52001 ns, At safepoint: 3800 ns, Total: 55801 ns
[241.704s][info ][safepoint      ] Safepoint "Cleanup", Time since last: 6000510287 ns, Reaching safepoint: 67902 ns, At safepoint: 9200 ns, Total: 77102 ns
[243.705s][info ][safepoint      ] Safepoint "Cleanup", Time since last: 2000180695 ns, Reaching safepoint: 73202 ns, At safepoint: 5900 ns, Total: 79102 ns
[245.705s][info ][safepoint      ] Safepoint "Cleanup", Time since last: 2000219296 ns, Reaching safepoint: 63902 ns, At safepoint: 26700 ns, Total: 90602 ns
[246.930s][info ][safepoint      ] Safepoint "Cleanup", Time since last: 1224833666 ns, Reaching safepoint: 60701 ns, At safepoint: 10901 ns, Total: 71602 ns
[249.930s][info ][safepoint      ] Safepoint "Cleanup", Time since last: 3000216639 ns, Reaching safepoint: 58602 ns, At safepoint: 8400 ns, Total: 67002 ns
[251.485s][info ][gc,start       ] GC(148) Pause Young (Allocation Failure)
[251.496s][debug][gc,phases      ] GC(148) Scavenge 11.017ms
[251.496s][debug][gc,ref         ] GC(148) Skipped phase 1 of Reference Processing: no references
[251.496s][debug][gc,ref         ] GC(148) ReferenceProcessor::execute queues: 1, RefProcThreadModel::Single, marks_oops_alive: false
[251.496s][debug][gc,ref         ] GC(148) Skipped phase 3 of Reference Processing: no references
[251.496s][debug][gc,ref         ] GC(148) ReferenceProcessor::execute queues: 1, RefProcThreadModel::Single, marks_oops_alive: false
[251.496s][debug][gc,phases      ] GC(148) Reference Processing 0.124ms
[251.497s][debug][gc,phases      ] GC(148)   VM Weak                        Min:  0.0, Avg:  0.0, Max:  0.0, Diff:  0.0, Sum:  0.0, Workers: 4
[251.497s][debug][gc,phases      ] GC(148)     Dead                           Min: 0, Avg:  0.0, Max: 0, Diff: 0, Sum: 0, Workers: 4
[251.497s][debug][gc,phases      ] GC(148)     Total                          Min: 0, Avg: 166.0, Max: 664, Diff: 664, Sum: 664, Workers: 4
[251.497s][debug][gc,phases      ] GC(148)   ObjectSynchronizer Weak        Min:  0.0, Avg:  0.0, Max:  0.0, Diff:  0.0, Sum:  0.0, Workers: 4
[251.497s][debug][gc,phases      ] GC(148)     Dead                           Min: 0, Avg:  0.0, Max: 0, Diff: 0, Sum: 0, Workers: 4
[251.497s][debug][gc,phases      ] GC(148)     Total                          Min: 0, Avg: 117.0, Max: 384, Diff: 384, Sum: 468, Workers: 4
[251.497s][debug][gc,phases      ] GC(148)   JVMTI Tag Weak OopStorage      Min:  0.0, Avg:  0.0, Max:  0.0, Diff:  0.0, Sum:  0.0, Workers: 4
[251.497s][debug][gc,phases      ] GC(148)     Dead                           Min: 0, Avg:  0.0, Max: 0, Diff: 0, Sum: 0, Workers: 4
[251.497s][debug][gc,phases      ] GC(148)     Total                          Min: 0, Avg:  0.0, Max: 0, Diff: 0, Sum: 0, Workers: 4
[251.497s][debug][gc,phases      ] GC(148)   StringTable Weak               Min:  0.1, Avg:  0.1, Max:  0.1, Diff:  0.0, Sum:  0.4, Workers: 4
[251.497s][debug][gc,phases      ] GC(148)     Dead                           Min: 0, Avg:  0.2, Max: 1, Diff: 1, Sum: 1, Workers: 4
[251.497s][debug][gc,phases      ] GC(148)     Total                          Min: 11250, Avg: 11916.5, Max: 12672, Diff: 1422, Sum: 47666, Workers: 4
[251.497s][debug][gc,phases      ] GC(148)   ResolvedMethodTable Weak       Min:  0.0, Avg:  0.0, Max:  0.0, Diff:  0.0, Sum:  0.1, Workers: 4
[251.497s][debug][gc,phases      ] GC(148)     Dead                           Min: 0, Avg:  0.0, Max: 0, Diff: 0, Sum: 0, Workers: 4
[251.497s][debug][gc,phases      ] GC(148)     Total                          Min: 1726, Avg: 2058.2, Max: 2366, Diff: 640, Sum: 8233, Workers: 4
[251.497s][debug][gc,phases      ] GC(148)   JNI Weak                       Min:  0.0, Avg:  0.0, Max:  0.0, Diff:  0.0, Sum:  0.0, Workers: 4
[251.497s][debug][gc,phases      ] GC(148)     Dead                           Min: 0, Avg:  0.0, Max: 0, Diff: 0, Sum: 0, Workers: 4
[251.497s][debug][gc,phases      ] GC(148)     Total                          Min: 0, Avg:  0.0, Max: 0, Diff: 0, Sum: 0, Workers: 4
[251.497s][debug][gc,phases      ] GC(148)   StringDedup Table Weak         Min:  0.0, Avg:  0.0, Max:  0.0, Diff:  0.0, Sum:  0.0, Workers: 4
[251.497s][debug][gc,phases      ] GC(148)     Dead                           Min: 0, Avg:  0.0, Max: 0, Diff: 0, Sum: 0, Workers: 4
[251.497s][debug][gc,phases      ] GC(148)     Total                          Min: 0, Avg:  0.0, Max: 0, Diff: 0, Sum: 0, Workers: 4
[251.497s][debug][gc,phases      ] GC(148)   StringDedup Requests0 Weak     Min:  0.0, Avg:  0.0, Max:  0.0, Diff:  0.0, Sum:  0.0, Workers: 4
[251.497s][debug][gc,phases      ] GC(148)     Dead                           Min: 0, Avg:  0.0, Max: 0, Diff: 0, Sum: 0, Workers: 4
[251.497s][debug][gc,phases      ] GC(148)     Total                          Min: 0, Avg:  0.0, Max: 0, Diff: 0, Sum: 0, Workers: 4
[251.497s][debug][gc,phases      ] GC(148)   StringDedup Requests1 Weak     Min:  0.0, Avg:  0.0, Max:  0.0, Diff:  0.0, Sum:  0.0, Workers: 4
[251.497s][debug][gc,phases      ] GC(148)     Dead                           Min: 0, Avg:  0.0, Max: 0, Diff: 0, Sum: 0, Workers: 4
[251.497s][debug][gc,phases      ] GC(148)     Total                          Min: 0, Avg:  0.0, Max: 0, Diff: 0, Sum: 0, Workers: 4
[251.497s][debug][gc,phases      ] GC(148)   Weak JFR Old Object Samples    Min:  0.0, Avg:  0.0, Max:  0.0, Diff:  0.0, Sum:  0.0, Workers: 4
[251.497s][debug][gc,phases      ] GC(148)     Dead                           Min: 0, Avg:  0.0, Max: 0, Diff: 0, Sum: 0, Workers: 4
[251.497s][debug][gc,phases      ] GC(148)     Total                          Min: 0, Avg:  0.0, Max: 0, Diff: 0, Sum: 0, Workers: 4
[251.497s][debug][gc,phases      ] GC(148) Weak Processing 0.343ms
[251.497s][debug][gc,age         ] GC(148) Desired survivor size 327680000 bytes, new threshold 15 (max threshold 15)
[251.497s][info ][gc,heap        ] GC(148) PSYoungGen: 1470160K(1770496K)->27936K(1486336K) Eden: 1458176K(1458176K)->0K(1458176K) From: 11984K(312320K)->27936K(28160K)
[251.497s][info ][gc,heap        ] GC(148) ParOldGen: 567454K(757248K)->567462K(757248K)
[251.497s][info ][gc,metaspace   ] GC(148) Metaspace: 82324K(83136K)->82324K(83136K) NonClass: 70768K(71232K)->70768K(71232K) Class: 11556K(11904K)->11556K(11904K)
[251.497s][info ][gc             ] GC(148) Pause Young (Allocation Failure) 1989M->581M(2191M) 11.637ms
[251.497s][info ][gc,cpu         ] GC(148) User=0.04s Sys=0.00s Real=0.01s
[251.497s][info ][safepoint      ] Safepoint "ParallelGCFailedAllocation", Time since last: 1554766060 ns, Reaching safepoint: 47601 ns, At safepoint: 11727598 ns, Total: 11775199 ns
[252.398s][info ][gc,start       ] GC(149) Pause Young (Allocation Failure)
[252.408s][debug][gc,phases      ] GC(149) Scavenge 10.470ms
[252.408s][debug][gc,ref         ] GC(149) Skipped phase 1 of Reference Processing: no references
[252.408s][debug][gc,ref         ] GC(149) ReferenceProcessor::execute queues: 1, RefProcThreadModel::Single, marks_oops_alive: false
[252.408s][debug][gc,ref         ] GC(149) Skipped phase 3 of Reference Processing: no references
[252.408s][debug][gc,ref         ] GC(149) ReferenceProcessor::execute queues: 1, RefProcThreadModel::Single, marks_oops_alive: false
[252.408s][debug][gc,phases      ] GC(149) Reference Processing 0.145ms
[252.409s][debug][gc,phases      ] GC(149)   VM Weak                        Min:  0.0, Avg:  0.0, Max:  0.0, Diff:  0.0, Sum:  0.0, Workers: 4
[252.409s][debug][gc,phases      ] GC(149)     Dead                           Min: 0, Avg:  0.0, Max: 0, Diff: 0, Sum: 0, Workers: 4
[252.409s][debug][gc,phases      ] GC(149)     Total                          Min: 0, Avg: 166.0, Max: 576, Diff: 576, Sum: 664, Workers: 4
[252.409s][debug][gc,phases      ] GC(149)   ObjectSynchronizer Weak        Min:  0.0, Avg:  0.0, Max:  0.0, Diff:  0.0, Sum:  0.0, Workers: 4
[252.409s][debug][gc,phases      ] GC(149)     Dead                           Min: 0, Avg:  0.0, Max: 0, Diff: 0, Sum: 0, Workers: 4
[252.409s][debug][gc,phases      ] GC(149)     Total                          Min: 0, Avg: 117.0, Max: 212, Diff: 212, Sum: 468, Workers: 4
[252.409s][debug][gc,phases      ] GC(149)   JVMTI Tag Weak OopStorage      Min:  0.0, Avg:  0.0, Max:  0.0, Diff:  0.0, Sum:  0.0, Workers: 4
[252.409s][debug][gc,phases      ] GC(149)     Dead                           Min: 0, Avg:  0.0, Max: 0, Diff: 0, Sum: 0, Workers: 4
[252.409s][debug][gc,phases      ] GC(149)     Total                          Min: 0, Avg:  0.0, Max: 0, Diff: 0, Sum: 0, Workers: 4
[252.409s][debug][gc,phases      ] GC(149)   StringTable Weak               Min:  0.1, Avg:  0.1, Max:  0.1, Diff:  0.0, Sum:  0.4, Workers: 4
[252.409s][debug][gc,phases      ] GC(149)     Dead                           Min: 0, Avg:  0.0, Max: 0, Diff: 0, Sum: 0, Workers: 4
[252.409s][debug][gc,phases      ] GC(149)     Total                          Min: 10752, Avg: 11916.5, Max: 12800, Diff: 2048, Sum: 47666, Workers: 4
[252.409s][debug][gc,phases      ] GC(149)   ResolvedMethodTable Weak       Min:  0.0, Avg:  0.0, Max:  0.0, Diff:  0.0, Sum:  0.1, Workers: 4
[252.409s][debug][gc,phases      ] GC(149)     Dead                           Min: 0, Avg:  0.0, Max: 0, Diff: 0, Sum: 0, Workers: 4
[252.409s][debug][gc,phases      ] GC(149)     Total                          Min: 1854, Avg: 2058.2, Max: 2239, Diff: 385, Sum: 8233, Workers: 4
[252.409s][debug][gc,phases      ] GC(149)   JNI Weak                       Min:  0.0, Avg:  0.0, Max:  0.0, Diff:  0.0, Sum:  0.0, Workers: 4
[252.409s][debug][gc,phases      ] GC(149)     Dead                           Min: 0, Avg:  0.0, Max: 0, Diff: 0, Sum: 0, Workers: 4
[252.409s][debug][gc,phases      ] GC(149)     Total                          Min: 0, Avg:  0.0, Max: 0, Diff: 0, Sum: 0, Workers: 4
[252.409s][debug][gc,phases      ] GC(149)   StringDedup Table Weak         Min:  0.0, Avg:  0.0, Max:  0.0, Diff:  0.0, Sum:  0.0, Workers: 4
[252.409s][debug][gc,phases      ] GC(149)     Dead                           Min: 0, Avg:  0.0, Max: 0, Diff: 0, Sum: 0, Workers: 4
[252.409s][debug][gc,phases      ] GC(149)     Total                          Min: 0, Avg:  0.0, Max: 0, Diff: 0, Sum: 0, Workers: 4
[252.409s][debug][gc,phases      ] GC(149)   StringDedup Requests0 Weak     Min:  0.0, Avg:  0.0, Max:  0.0, Diff:  0.0, Sum:  0.0, Workers: 4
[252.409s][debug][gc,phases      ] GC(149)     Dead                           Min: 0, Avg:  0.0, Max: 0, Diff: 0, Sum: 0, Workers: 4
[252.409s][debug][gc,phases      ] GC(149)     Total                          Min: 0, Avg:  0.0, Max: 0, Diff: 0, Sum: 0, Workers: 4
[252.409s][debug][gc,phases      ] GC(149)   StringDedup Requests1 Weak     Min:  0.0, Avg:  0.0, Max:  0.0, Diff:  0.0, Sum:  0.0, Workers: 4
[252.409s][debug][gc,phases      ] GC(149)     Dead                           Min: 0, Avg:  0.0, Max: 0, Diff: 0, Sum: 0, Workers: 4
[252.409s][debug][gc,phases      ] GC(149)     Total                          Min: 0, Avg:  0.0, Max: 0, Diff: 0, Sum: 0, Workers: 4
[252.409s][debug][gc,phases      ] GC(149)   Weak JFR Old Object Samples    Min:  0.0, Avg:  0.0, Max:  0.0, Diff:  0.0, Sum:  0.0, Workers: 4
[252.409s][debug][gc,phases      ] GC(149)     Dead                           Min: 0, Avg:  0.0, Max: 0, Diff: 0, Sum: 0, Workers: 4
[252.409s][debug][gc,phases      ] GC(149)     Total                          Min: 0, Avg:  0.0, Max: 0, Diff: 0, Sum: 0, Workers: 4
[252.409s][debug][gc,phases      ] GC(149) Weak Processing 0.367ms
[252.409s][debug][gc,age         ] GC(149) Desired survivor size 324534272 bytes, new threshold 15 (max threshold 15)
[252.409s][info ][gc,heap        ] GC(149) PSYoungGen: 1486112K(1486336K)->31600K(1780224K) Eden: 1458176K(1458176K)->0K(1460224K) From: 27936K(28160K)->31600K(320000K)
[252.409s][info ][gc,heap        ] GC(149) ParOldGen: 567462K(757248K)->567462K(757248K)
[252.409s][info ][gc,metaspace   ] GC(149) Metaspace: 82325K(83136K)->82325K(83136K) NonClass: 70769K(71232K)->70769K(71232K) Class: 11556K(11904K)->11556K(11904K)
[252.409s][info ][gc             ] GC(149) Pause Young (Allocation Failure) 2005M->585M(2478M) 11.142ms
[252.409s][info ][gc,cpu         ] GC(149) User=0.04s Sys=0.00s Real=0.01s
[252.409s][info ][safepoint      ] Safepoint "ParallelGCFailedAllocation", Time since last: 900803021 ns, Reaching safepoint: 61101 ns, At safepoint: 11229686 ns, Total: 11290787 ns
[253.254s][info ][gc,start       ] GC(150) Pause Young (Allocation Failure)
[253.264s][debug][gc,phases      ] GC(150) Scavenge 10.014ms
[253.265s][debug][gc,ref         ] GC(150) Skipped phase 1 of Reference Processing: no references
[253.265s][debug][gc,ref         ] GC(150) ReferenceProcessor::execute queues: 1, RefProcThreadModel::Single, marks_oops_alive: false
[253.265s][debug][gc,ref         ] GC(150) Skipped phase 3 of Reference Processing: no references
[253.265s][debug][gc,ref         ] GC(150) ReferenceProcessor::execute queues: 1, RefProcThreadModel::Single, marks_oops_alive: false
[253.265s][debug][gc,phases      ] GC(150) Reference Processing 0.125ms
[253.265s][debug][gc,phases      ] GC(150)   VM Weak                        Min:  0.0, Avg:  0.0, Max:  0.0, Diff:  0.0, Sum:  0.0, Workers: 4
[253.265s][debug][gc,phases      ] GC(150)     Dead                           Min: 0, Avg:  0.0, Max: 0, Diff: 0, Sum: 0, Workers: 4
[253.265s][debug][gc,phases      ] GC(150)     Total                          Min: 0, Avg: 166.0, Max: 664, Diff: 664, Sum: 664, Workers: 4
[253.265s][debug][gc,phases      ] GC(150)   ObjectSynchronizer Weak        Min:  0.0, Avg:  0.0, Max:  0.0, Diff:  0.0, Sum:  0.0, Workers: 4
[253.265s][debug][gc,phases      ] GC(150)     Dead                           Min: 0, Avg:  0.0, Max: 0, Diff: 0, Sum: 0, Workers: 4
[253.265s][debug][gc,phases      ] GC(150)     Total                          Min: 0, Avg: 117.0, Max: 256, Diff: 256, Sum: 468, Workers: 4
[253.265s][debug][gc,phases      ] GC(150)   JVMTI Tag Weak OopStorage      Min:  0.0, Avg:  0.0, Max:  0.0, Diff:  0.0, Sum:  0.0, Workers: 4
[253.265s][debug][gc,phases      ] GC(150)     Dead                           Min: 0, Avg:  0.0, Max: 0, Diff: 0, Sum: 0, Workers: 4
[253.265s][debug][gc,phases      ] GC(150)     Total                          Min: 0, Avg:  0.0, Max: 0, Diff: 0, Sum: 0, Workers: 4
[253.265s][debug][gc,phases      ] GC(150)   StringTable Weak               Min:  0.1, Avg:  0.1, Max:  0.1, Diff:  0.0, Sum:  0.4, Workers: 4
[253.265s][debug][gc,phases      ] GC(150)     Dead                           Min: 0, Avg:  0.0, Max: 0, Diff: 0, Sum: 0, Workers: 4
[253.265s][debug][gc,phases      ] GC(150)     Total                          Min: 10878, Avg: 11919.5, Max: 12480, Diff: 1602, Sum: 47678, Workers: 4
[253.265s][debug][gc,phases      ] GC(150)   ResolvedMethodTable Weak       Min:  0.0, Avg:  0.0, Max:  0.0, Diff:  0.0, Sum:  0.1, Workers: 4
[253.265s][debug][gc,phases      ] GC(150)     Dead                           Min: 0, Avg:  0.0, Max: 0, Diff: 0, Sum: 0, Workers: 4
[253.265s][debug][gc,phases      ] GC(150)     Total                          Min: 1902, Avg: 2058.2, Max: 2238, Diff: 336, Sum: 8233, Workers: 4
[253.265s][debug][gc,phases      ] GC(150)   JNI Weak                       Min:  0.0, Avg:  0.0, Max:  0.0, Diff:  0.0, Sum:  0.0, Workers: 4
[253.265s][debug][gc,phases      ] GC(150)     Dead                           Min: 0, Avg:  0.0, Max: 0, Diff: 0, Sum: 0, Workers: 4
[253.265s][debug][gc,phases      ] GC(150)     Total                          Min: 0, Avg:  0.0, Max: 0, Diff: 0, Sum: 0, Workers: 4
[253.265s][debug][gc,phases      ] GC(150)   StringDedup Table Weak         Min:  0.0, Avg:  0.0, Max:  0.0, Diff:  0.0, Sum:  0.0, Workers: 4
[253.265s][debug][gc,phases      ] GC(150)     Dead                           Min: 0, Avg:  0.0, Max: 0, Diff: 0, Sum: 0, Workers: 4
[253.265s][debug][gc,phases      ] GC(150)     Total                          Min: 0, Avg:  0.0, Max: 0, Diff: 0, Sum: 0, Workers: 4
[253.265s][debug][gc,phases      ] GC(150)   StringDedup Requests0 Weak     Min:  0.0, Avg:  0.0, Max:  0.0, Diff:  0.0, Sum:  0.0, Workers: 4
[253.265s][debug][gc,phases      ] GC(150)     Dead                           Min: 0, Avg:  0.0, Max: 0, Diff: 0, Sum: 0, Workers: 4
[253.265s][debug][gc,phases      ] GC(150)     Total                          Min: 0, Avg:  0.0, Max: 0, Diff: 0, Sum: 0, Workers: 4
[253.265s][debug][gc,phases      ] GC(150)   StringDedup Requests1 Weak     Min:  0.0, Avg:  0.0, Max:  0.0, Diff:  0.0, Sum:  0.0, Workers: 4
[253.265s][debug][gc,phases      ] GC(150)     Dead                           Min: 0, Avg:  0.0, Max: 0, Diff: 0, Sum: 0, Workers: 4
[253.265s][debug][gc,phases      ] GC(150)     Total                          Min: 0, Avg:  0.0, Max: 0, Diff: 0, Sum: 0, Workers: 4
[253.265s][debug][gc,phases      ] GC(150)   Weak JFR Old Object Samples    Min:  0.0, Avg:  0.0, Max:  0.0, Diff:  0.0, Sum:  0.0, Workers: 4
[253.265s][debug][gc,phases      ] GC(150)     Dead                           Min: 0, Avg:  0.0, Max: 0, Diff: 0, Sum: 0, Workers: 4
[253.265s][debug][gc,phases      ] GC(150)     Total                          Min: 0, Avg:  0.0, Max: 0, Diff: 0, Sum: 0, Workers: 4
[253.265s][debug][gc,phases      ] GC(150) Weak Processing 0.336ms
[253.265s][debug][gc,age         ] GC(150) Desired survivor size 318242816 bytes, new threshold 15 (max threshold 15)
[253.265s][info ][gc,heap        ] GC(150) PSYoungGen: 1491824K(1780224K)->35392K(1777152K) Eden: 1460224K(1460224K)->0K(1460224K) From: 31600K(320000K)->35392K(316928K)
[253.265s][info ][gc,heap        ] GC(150) ParOldGen: 567462K(757248K)->567462K(757248K)
[253.265s][info ][gc,metaspace   ] GC(150) Metaspace: 82325K(83136K)->82325K(83136K) NonClass: 70769K(71232K)->70769K(71232K) Class: 11556K(11904K)->11556K(11904K)
[253.265s][info ][gc             ] GC(150) Pause Young (Allocation Failure) 2011M->588M(2475M) 10.620ms
[253.265s][info ][gc,cpu         ] GC(150) User=0.04s Sys=0.00s Real=0.01s
[253.265s][info ][safepoint      ] Safepoint "ParallelGCFailedAllocation", Time since last: 845386810 ns, Reaching safepoint: 120403 ns, At safepoint: 10713073 ns, Total: 10833476 ns
[254.099s][info ][gc,start       ] GC(151) Pause Young (Allocation Failure)
[254.109s][debug][gc,phases      ] GC(151) Scavenge 10.561ms
[254.109s][debug][gc,ref         ] GC(151) Skipped phase 1 of Reference Processing: no references
[254.109s][debug][gc,ref         ] GC(151) ReferenceProcessor::execute queues: 1, RefProcThreadModel::Single, marks_oops_alive: false
[254.109s][debug][gc,ref         ] GC(151) Skipped phase 3 of Reference Processing: no references
[254.109s][debug][gc,ref         ] GC(151) ReferenceProcessor::execute queues: 1, RefProcThreadModel::Single, marks_oops_alive: false
[254.109s][debug][gc,phases      ] GC(151) Reference Processing 0.116ms
[254.110s][debug][gc,phases      ] GC(151)   VM Weak                        Min:  0.0, Avg:  0.0, Max:  0.0, Diff:  0.0, Sum:  0.0, Workers: 4
[254.110s][debug][gc,phases      ] GC(151)     Dead                           Min: 0, Avg:  0.0, Max: 0, Diff: 0, Sum: 0, Workers: 4
[254.110s][debug][gc,phases      ] GC(151)     Total                          Min: 0, Avg: 166.0, Max: 472, Diff: 472, Sum: 664, Workers: 4
[254.110s][debug][gc,phases      ] GC(151)   ObjectSynchronizer Weak        Min:  0.0, Avg:  0.0, Max:  0.0, Diff:  0.0, Sum:  0.0, Workers: 4
[254.110s][debug][gc,phases      ] GC(151)     Dead                           Min: 0, Avg:  0.0, Max: 0, Diff: 0, Sum: 0, Workers: 4
[254.110s][debug][gc,phases      ] GC(151)     Total                          Min: 0, Avg: 117.0, Max: 256, Diff: 256, Sum: 468, Workers: 4
[254.110s][debug][gc,phases      ] GC(151)   JVMTI Tag Weak OopStorage      Min:  0.0, Avg:  0.0, Max:  0.0, Diff:  0.0, Sum:  0.0, Workers: 4
[254.110s][debug][gc,phases      ] GC(151)     Dead                           Min: 0, Avg:  0.0, Max: 0, Diff: 0, Sum: 0, Workers: 4
[254.110s][debug][gc,phases      ] GC(151)     Total                          Min: 0, Avg:  0.0, Max: 0, Diff: 0, Sum: 0, Workers: 4
[254.110s][debug][gc,phases      ] GC(151)   StringTable Weak               Min:  0.1, Avg:  0.1, Max:  0.1, Diff:  0.0, Sum:  0.4, Workers: 4
[254.110s][debug][gc,phases      ] GC(151)     Dead                           Min: 0, Avg:  0.0, Max: 0, Diff: 0, Sum: 0, Workers: 4
[254.110s][debug][gc,phases      ] GC(151)     Total                          Min: 11072, Avg: 11919.5, Max: 12862, Diff: 1790, Sum: 47678, Workers: 4
[254.110s][debug][gc,phases      ] GC(151)   ResolvedMethodTable Weak       Min:  0.0, Avg:  0.0, Max:  0.0, Diff:  0.0, Sum:  0.1, Workers: 4
[254.110s][debug][gc,phases      ] GC(151)     Dead                           Min: 0, Avg:  0.0, Max: 0, Diff: 0, Sum: 0, Workers: 4
[254.110s][debug][gc,phases      ] GC(151)     Total                          Min: 1854, Avg: 2058.2, Max: 2238, Diff: 384, Sum: 8233, Workers: 4
[254.110s][debug][gc,phases      ] GC(151)   JNI Weak                       Min:  0.0, Avg:  0.0, Max:  0.0, Diff:  0.0, Sum:  0.0, Workers: 4
[254.110s][debug][gc,phases      ] GC(151)     Dead                           Min: 0, Avg:  0.0, Max: 0, Diff: 0, Sum: 0, Workers: 4
[254.110s][debug][gc,phases      ] GC(151)     Total                          Min: 0, Avg:  0.0, Max: 0, Diff: 0, Sum: 0, Workers: 4
[254.110s][debug][gc,phases      ] GC(151)   StringDedup Table Weak         Min:  0.0, Avg:  0.0, Max:  0.0, Diff:  0.0, Sum:  0.0, Workers: 4
[254.110s][debug][gc,phases      ] GC(151)     Dead                           Min: 0, Avg:  0.0, Max: 0, Diff: 0, Sum: 0, Workers: 4
[254.110s][debug][gc,phases      ] GC(151)     Total                          Min: 0, Avg:  0.0, Max: 0, Diff: 0, Sum: 0, Workers: 4
[254.110s][debug][gc,phases      ] GC(151)   StringDedup Requests0 Weak     Min:  0.0, Avg:  0.0, Max:  0.0, Diff:  0.0, Sum:  0.0, Workers: 4
[254.110s][debug][gc,phases      ] GC(151)     Dead                           Min: 0, Avg:  0.0, Max: 0, Diff: 0, Sum: 0, Workers: 4
[254.110s][debug][gc,phases      ] GC(151)     Total                          Min: 0, Avg:  0.0, Max: 0, Diff: 0, Sum: 0, Workers: 4
[254.110s][debug][gc,phases      ] GC(151)   StringDedup Requests1 Weak     Min:  0.0, Avg:  0.0, Max:  0.0, Diff:  0.0, Sum:  0.0, Workers: 4
[254.110s][debug][gc,phases      ] GC(151)     Dead                           Min: 0, Avg:  0.0, Max: 0, Diff: 0, Sum: 0, Workers: 4
[254.110s][debug][gc,phases      ] GC(151)     Total                          Min: 0, Avg:  0.0, Max: 0, Diff: 0, Sum: 0, Workers: 4
[254.110s][debug][gc,phases      ] GC(151)   Weak JFR Old Object Samples    Min:  0.0, Avg:  0.0, Max:  0.0, Diff:  0.0, Sum:  0.0, Workers: 4
[254.110s][debug][gc,phases      ] GC(151)     Dead                           Min: 0, Avg:  0.0, Max: 0, Diff: 0, Sum: 0, Workers: 4
[254.110s][debug][gc,phases      ] GC(151)     Total                          Min: 0, Avg:  0.0, Max: 0, Diff: 0, Sum: 0, Workers: 4
[254.110s][debug][gc,phases      ] GC(151) Weak Processing 0.358ms
[254.110s][debug][gc,age         ] GC(151) Desired survivor size 309854208 bytes, new threshold 15 (max threshold 15)
[254.110s][info ][gc,heap        ] GC(151) PSYoungGen: 1495616K(1777152K)->37181K(1794560K) Eden: 1460224K(1460224K)->0K(1483776K) From: 35392K(316928K)->37181K(310784K)
[254.110s][info ][gc,heap        ] GC(151) ParOldGen: 567462K(757248K)->567462K(757248K)
[254.110s][info ][gc,metaspace   ] GC(151) Metaspace: 82326K(83136K)->82326K(83136K) NonClass: 70770K(71232K)->70770K(71232K) Class: 11556K(11904K)->11556K(11904K)
[254.110s][info ][gc             ] GC(151) Pause Young (Allocation Failure) 2014M->590M(2492M) 11.165ms
[254.110s][info ][gc,cpu         ] GC(151) User=0.04s Sys=0.01s Real=0.01s
[254.110s][info ][safepoint      ] Safepoint "ParallelGCFailedAllocation", Time since last: 833366904 ns, Reaching safepoint: 43101 ns, At safepoint: 11247286 ns, Total: 11290387 ns
[254.876s][info ][gc,start       ] GC(152) Pause Young (Allocation Failure)
[254.885s][debug][gc,phases      ] GC(152) Scavenge 9.176ms
[254.885s][debug][gc,ref         ] GC(152) Skipped phase 1 of Reference Processing: no references
[254.885s][debug][gc,ref         ] GC(152) ReferenceProcessor::execute queues: 1, RefProcThreadModel::Single, marks_oops_alive: false
[254.885s][debug][gc,ref         ] GC(152) Skipped phase 3 of Reference Processing: no references
[254.885s][debug][gc,ref         ] GC(152) ReferenceProcessor::execute queues: 1, RefProcThreadModel::Single, marks_oops_alive: false
[254.885s][debug][gc,phases      ] GC(152) Reference Processing 0.125ms
[254.885s][debug][gc,phases      ] GC(152)   VM Weak                        Min:  0.0, Avg:  0.0, Max:  0.0, Diff:  0.0, Sum:  0.0, Workers: 4
[254.885s][debug][gc,phases      ] GC(152)     Dead                           Min: 0, Avg:  0.0, Max: 0, Diff: 0, Sum: 0, Workers: 4
[254.885s][debug][gc,phases      ] GC(152)     Total                          Min: 0, Avg: 166.0, Max: 664, Diff: 664, Sum: 664, Workers: 4
[254.885s][debug][gc,phases      ] GC(152)   ObjectSynchronizer Weak        Min:  0.0, Avg:  0.0, Max:  0.0, Diff:  0.0, Sum:  0.0, Workers: 4
[254.885s][debug][gc,phases      ] GC(152)     Dead                           Min: 0, Avg:  0.0, Max: 0, Diff: 0, Sum: 0, Workers: 4
[254.885s][debug][gc,phases      ] GC(152)     Total                          Min: 0, Avg: 117.0, Max: 256, Diff: 256, Sum: 468, Workers: 4
[254.886s][debug][gc,phases      ] GC(152)   JVMTI Tag Weak OopStorage      Min:  0.0, Avg:  0.0, Max:  0.0, Diff:  0.0, Sum:  0.0, Workers: 4
[254.886s][debug][gc,phases      ] GC(152)     Dead                           Min: 0, Avg:  0.0, Max: 0, Diff: 0, Sum: 0, Workers: 4
[254.886s][debug][gc,phases      ] GC(152)     Total                          Min: 0, Avg:  0.0, Max: 0, Diff: 0, Sum: 0, Workers: 4
[254.886s][debug][gc,phases      ] GC(152)   StringTable Weak               Min:  0.1, Avg:  0.1, Max:  0.1, Diff:  0.0, Sum:  0.4, Workers: 4
[254.886s][debug][gc,phases      ] GC(152)     Dead                           Min: 0, Avg:  0.0, Max: 0, Diff: 0, Sum: 0, Workers: 4
[254.886s][debug][gc,phases      ] GC(152)     Total                          Min: 11072, Avg: 11919.8, Max: 12607, Diff: 1535, Sum: 47679, Workers: 4
[254.886s][debug][gc,phases      ] GC(152)   ResolvedMethodTable Weak       Min:  0.0, Avg:  0.0, Max:  0.0, Diff:  0.0, Sum:  0.1, Workers: 4
[254.886s][debug][gc,phases      ] GC(152)     Dead                           Min: 0, Avg:  0.0, Max: 0, Diff: 0, Sum: 0, Workers: 4
[254.886s][debug][gc,phases      ] GC(152)     Total                          Min: 1982, Avg: 2058.2, Max: 2174, Diff: 192, Sum: 8233, Workers: 4
[254.886s][debug][gc,phases      ] GC(152)   JNI Weak                       Min:  0.0, Avg:  0.0, Max:  0.0, Diff:  0.0, Sum:  0.0, Workers: 4
[254.886s][debug][gc,phases      ] GC(152)     Dead                           Min: 0, Avg:  0.0, Max: 0, Diff: 0, Sum: 0, Workers: 4
[254.886s][debug][gc,phases      ] GC(152)     Total                          Min: 0, Avg:  0.0, Max: 0, Diff: 0, Sum: 0, Workers: 4
[254.886s][debug][gc,phases      ] GC(152)   StringDedup Table Weak         Min:  0.0, Avg:  0.0, Max:  0.0, Diff:  0.0, Sum:  0.0, Workers: 4
[254.886s][debug][gc,phases      ] GC(152)     Dead                           Min: 0, Avg:  0.0, Max: 0, Diff: 0, Sum: 0, Workers: 4
[254.886s][debug][gc,phases      ] GC(152)     Total                          Min: 0, Avg:  0.0, Max: 0, Diff: 0, Sum: 0, Workers: 4
[254.886s][debug][gc,phases      ] GC(152)   StringDedup Requests0 Weak     Min:  0.0, Avg:  0.0, Max:  0.0, Diff:  0.0, Sum:  0.0, Workers: 4
[254.886s][debug][gc,phases      ] GC(152)     Dead                           Min: 0, Avg:  0.0, Max: 0, Diff: 0, Sum: 0, Workers: 4
[254.886s][debug][gc,phases      ] GC(152)     Total                          Min: 0, Avg:  0.0, Max: 0, Diff: 0, Sum: 0, Workers: 4
[254.886s][debug][gc,phases      ] GC(152)   StringDedup Requests1 Weak     Min:  0.0, Avg:  0.0, Max:  0.0, Diff:  0.0, Sum:  0.0, Workers: 4
[254.886s][debug][gc,phases      ] GC(152)     Dead                           Min: 0, Avg:  0.0, Max: 0, Diff: 0, Sum: 0, Workers: 4
[254.886s][debug][gc,phases      ] GC(152)     Total                          Min: 0, Avg:  0.0, Max: 0, Diff: 0, Sum: 0, Workers: 4
[254.886s][debug][gc,phases      ] GC(152)   Weak JFR Old Object Samples    Min:  0.0, Avg:  0.0, Max:  0.0, Diff:  0.0, Sum:  0.0, Workers: 4
[254.886s][debug][gc,phases      ] GC(152)     Dead                           Min: 0, Avg:  0.0, Max: 0, Diff: 0, Sum: 0, Workers: 4
[254.886s][debug][gc,phases      ] GC(152)     Total                          Min: 0, Avg:  0.0, Max: 0, Diff: 0, Sum: 0, Workers: 4
[254.886s][debug][gc,phases      ] GC(152) Weak Processing 0.367ms
[254.886s][debug][gc,age         ] GC(152) Desired survivor size 300417024 bytes, new threshold 15 (max threshold 15)
[254.886s][info ][gc,heap        ] GC(152) PSYoungGen: 1520957K(1794560K)->36608K(1786368K) Eden: 1483776K(1483776K)->0K(1483776K) From: 37181K(310784K)->36608K(302592K)
[254.886s][info ][gc,heap        ] GC(152) ParOldGen: 567462K(757248K)->567462K(757248K)
[254.886s][info ][gc,metaspace   ] GC(152) Metaspace: 82333K(83136K)->82333K(83136K) NonClass: 70776K(71232K)->70776K(71232K) Class: 11556K(11904K)->11556K(11904K)
[254.886s][info ][gc             ] GC(152) Pause Young (Allocation Failure) 2039M->589M(2484M) 9.809ms
[254.886s][info ][gc,cpu         ] GC(152) User=0.04s Sys=0.00s Real=0.01s
[254.886s][info ][safepoint      ] Safepoint "ParallelGCFailedAllocation", Time since last: 765947889 ns, Reaching safepoint: 125703 ns, At safepoint: 9901952 ns, Total: 10027655 ns
[255.803s][info ][gc,start       ] GC(153) Pause Young (Allocation Failure)
[255.821s][debug][gc,phases      ] GC(153) Scavenge 18.280ms
[255.821s][debug][gc,ref         ] GC(153) Skipped phase 1 of Reference Processing: no references
[255.821s][debug][gc,ref         ] GC(153) ReferenceProcessor::execute queues: 1, RefProcThreadModel::Single, marks_oops_alive: false
[255.821s][debug][gc,ref         ] GC(153) Skipped phase 3 of Reference Processing: no references
[255.821s][debug][gc,ref         ] GC(153) ReferenceProcessor::execute queues: 1, RefProcThreadModel::Single, marks_oops_alive: false
[255.821s][debug][gc,phases      ] GC(153) Reference Processing 0.123ms
[255.821s][debug][gc,phases      ] GC(153)   VM Weak                        Min:  0.0, Avg:  0.0, Max:  0.0, Diff:  0.0, Sum:  0.0, Workers: 4
[255.821s][debug][gc,phases      ] GC(153)     Dead                           Min: 0, Avg:  0.0, Max: 0, Diff: 0, Sum: 0, Workers: 4
[255.821s][debug][gc,phases      ] GC(153)     Total                          Min: 0, Avg: 166.0, Max: 640, Diff: 640, Sum: 664, Workers: 4
[255.821s][debug][gc,phases      ] GC(153)   ObjectSynchronizer Weak        Min:  0.0, Avg:  0.0, Max:  0.0, Diff:  0.0, Sum:  0.0, Workers: 4
[255.821s][debug][gc,phases      ] GC(153)     Dead                           Min: 0, Avg:  0.0, Max: 0, Diff: 0, Sum: 0, Workers: 4
[255.821s][debug][gc,phases      ] GC(153)     Total                          Min: 0, Avg: 117.0, Max: 192, Diff: 192, Sum: 468, Workers: 4
[255.821s][debug][gc,phases      ] GC(153)   JVMTI Tag Weak OopStorage      Min:  0.0, Avg:  0.0, Max:  0.0, Diff:  0.0, Sum:  0.0, Workers: 4
[255.821s][debug][gc,phases      ] GC(153)     Dead                           Min: 0, Avg:  0.0, Max: 0, Diff: 0, Sum: 0, Workers: 4
[255.821s][debug][gc,phases      ] GC(153)     Total                          Min: 0, Avg:  0.0, Max: 0, Diff: 0, Sum: 0, Workers: 4
[255.821s][debug][gc,phases      ] GC(153)   StringTable Weak               Min:  0.1, Avg:  0.1, Max:  0.1, Diff:  0.0, Sum:  0.4, Workers: 4
[255.821s][debug][gc,phases      ] GC(153)     Dead                           Min: 0, Avg:  0.0, Max: 0, Diff: 0, Sum: 0, Workers: 4
[255.821s][debug][gc,phases      ] GC(153)     Total                          Min: 11200, Avg: 11924.5, Max: 12608, Diff: 1408, Sum: 47698, Workers: 4
[255.821s][debug][gc,phases      ] GC(153)   ResolvedMethodTable Weak       Min:  0.0, Avg:  0.0, Max:  0.0, Diff:  0.0, Sum:  0.1, Workers: 4
[255.821s][debug][gc,phases      ] GC(153)     Dead                           Min: 0, Avg:  0.0, Max: 0, Diff: 0, Sum: 0, Workers: 4
[255.821s][debug][gc,phases      ] GC(153)     Total                          Min: 1535, Avg: 2059.2, Max: 2288, Diff: 753, Sum: 8237, Workers: 4
[255.821s][debug][gc,phases      ] GC(153)   JNI Weak                       Min:  0.0, Avg:  0.0, Max:  0.0, Diff:  0.0, Sum:  0.0, Workers: 4
[255.821s][debug][gc,phases      ] GC(153)     Dead                           Min: 0, Avg:  0.0, Max: 0, Diff: 0, Sum: 0, Workers: 4
[255.821s][debug][gc,phases      ] GC(153)     Total                          Min: 0, Avg:  0.0, Max: 0, Diff: 0, Sum: 0, Workers: 4
[255.821s][debug][gc,phases      ] GC(153)   StringDedup Table Weak         Min:  0.0, Avg:  0.0, Max:  0.0, Diff:  0.0, Sum:  0.0, Workers: 4
[255.821s][debug][gc,phases      ] GC(153)     Dead                           Min: 0, Avg:  0.0, Max: 0, Diff: 0, Sum: 0, Workers: 4
[255.821s][debug][gc,phases      ] GC(153)     Total                          Min: 0, Avg:  0.0, Max: 0, Diff: 0, Sum: 0, Workers: 4
[255.821s][debug][gc,phases      ] GC(153)   StringDedup Requests0 Weak     Min:  0.0, Avg:  0.0, Max:  0.0, Diff:  0.0, Sum:  0.0, Workers: 4
[255.821s][debug][gc,phases      ] GC(153)     Dead                           Min: 0, Avg:  0.0, Max: 0, Diff: 0, Sum: 0, Workers: 4
[255.821s][debug][gc,phases      ] GC(153)     Total                          Min: 0, Avg:  0.0, Max: 0, Diff: 0, Sum: 0, Workers: 4
[255.821s][debug][gc,phases      ] GC(153)   StringDedup Requests1 Weak     Min:  0.0, Avg:  0.0, Max:  0.0, Diff:  0.0, Sum:  0.0, Workers: 4
[255.821s][debug][gc,phases      ] GC(153)     Dead                           Min: 0, Avg:  0.0, Max: 0, Diff: 0, Sum: 0, Workers: 4
[255.821s][debug][gc,phases      ] GC(153)     Total                          Min: 0, Avg:  0.0, Max: 0, Diff: 0, Sum: 0, Workers: 4
[255.821s][debug][gc,phases      ] GC(153)   Weak JFR Old Object Samples    Min:  0.0, Avg:  0.0, Max:  0.0, Diff:  0.0, Sum:  0.0, Workers: 4
[255.822s][debug][gc,phases      ] GC(153)     Dead                           Min: 0, Avg:  0.0, Max: 0, Diff: 0, Sum: 0, Workers: 4
[255.822s][debug][gc,phases      ] GC(153)     Total                          Min: 0, Avg:  0.0, Max: 0, Diff: 0, Sum: 0, Workers: 4
[255.822s][debug][gc,phases      ] GC(153) Weak Processing 0.370ms
[255.822s][debug][gc,age         ] GC(153) Desired survivor size 286785536 bytes, new threshold 15 (max threshold 15)
[255.822s][info ][gc,heap        ] GC(153) PSYoungGen: 1520384K(1786368K)->56785K(1817088K) Eden: 1483776K(1483776K)->0K(1523712K) From: 36608K(302592K)->56785K(293376K)
[255.822s][info ][gc,heap        ] GC(153) ParOldGen: 567462K(757248K)->567462K(757248K)
[255.822s][info ][gc,metaspace   ] GC(153) Metaspace: 82365K(83200K)->82365K(83200K) NonClass: 70806K(71296K)->70806K(71296K) Class: 11559K(11904K)->11559K(11904K)
[255.822s][info ][gc             ] GC(153) Pause Young (Allocation Failure) 2038M->609M(2514M) 18.908ms
[255.822s][info ][gc,cpu         ] GC(153) User=0.07s Sys=0.00s Real=0.02s
[255.822s][info ][safepoint      ] Safepoint "ParallelGCFailedAllocation", Time since last: 916738925 ns, Reaching safepoint: 145904 ns, At safepoint: 18999983 ns, Total: 19145887 ns
[256.554s][info ][gc,start       ] GC(154) Pause Young (Allocation Failure)
[256.568s][debug][gc,phases      ] GC(154) Scavenge 14.586ms
[256.568s][debug][gc,ref         ] GC(154) Skipped phase 1 of Reference Processing: no references
[256.568s][debug][gc,ref         ] GC(154) ReferenceProcessor::execute queues: 1, RefProcThreadModel::Single, marks_oops_alive: false
[256.568s][debug][gc,ref         ] GC(154) Skipped phase 3 of Reference Processing: no references
[256.568s][debug][gc,ref         ] GC(154) ReferenceProcessor::execute queues: 1, RefProcThreadModel::Single, marks_oops_alive: false
[256.568s][debug][gc,phases      ] GC(154) Reference Processing 0.120ms
[256.569s][debug][gc,phases      ] GC(154)   VM Weak                        Min:  0.0, Avg:  0.0, Max:  0.0, Diff:  0.0, Sum:  0.0, Workers: 4
[256.569s][debug][gc,phases      ] GC(154)     Dead                           Min: 0, Avg:  0.0, Max: 0, Diff: 0, Sum: 0, Workers: 4
[256.569s][debug][gc,phases      ] GC(154)     Total                          Min: 0, Avg: 166.0, Max: 664, Diff: 664, Sum: 664, Workers: 4
[256.569s][debug][gc,phases      ] GC(154)   ObjectSynchronizer Weak        Min:  0.0, Avg:  0.0, Max:  0.0, Diff:  0.0, Sum:  0.0, Workers: 4
[256.569s][debug][gc,phases      ] GC(154)     Dead                           Min: 0, Avg:  0.0, Max: 0, Diff: 0, Sum: 0, Workers: 4
[256.569s][debug][gc,phases      ] GC(154)     Total                          Min: 0, Avg: 117.0, Max: 212, Diff: 212, Sum: 468, Workers: 4
[256.569s][debug][gc,phases      ] GC(154)   JVMTI Tag Weak OopStorage      Min:  0.0, Avg:  0.0, Max:  0.0, Diff:  0.0, Sum:  0.0, Workers: 4
[256.569s][debug][gc,phases      ] GC(154)     Dead                           Min: 0, Avg:  0.0, Max: 0, Diff: 0, Sum: 0, Workers: 4
[256.569s][debug][gc,phases      ] GC(154)     Total                          Min: 0, Avg:  0.0, Max: 0, Diff: 0, Sum: 0, Workers: 4
[256.569s][debug][gc,phases      ] GC(154)   StringTable Weak               Min:  0.1, Avg:  0.1, Max:  0.1, Diff:  0.0, Sum:  0.4, Workers: 4
[256.569s][debug][gc,phases      ] GC(154)     Dead                           Min: 0, Avg:  0.0, Max: 0, Diff: 0, Sum: 0, Workers: 4
[256.569s][debug][gc,phases      ] GC(154)     Total                          Min: 11090, Avg: 11924.5, Max: 12672, Diff: 1582, Sum: 47698, Workers: 4
[256.569s][debug][gc,phases      ] GC(154)   ResolvedMethodTable Weak       Min:  0.0, Avg:  0.0, Max:  0.0, Diff:  0.0, Sum:  0.1, Workers: 4
[256.569s][debug][gc,phases      ] GC(154)     Dead                           Min: 0, Avg:  0.0, Max: 0, Diff: 0, Sum: 0, Workers: 4
[256.569s][debug][gc,phases      ] GC(154)     Total                          Min: 1727, Avg: 2059.2, Max: 2304, Diff: 577, Sum: 8237, Workers: 4
[256.569s][debug][gc,phases      ] GC(154)   JNI Weak                       Min:  0.0, Avg:  0.0, Max:  0.0, Diff:  0.0, Sum:  0.0, Workers: 4
[256.569s][debug][gc,phases      ] GC(154)     Dead                           Min: 0, Avg:  0.0, Max: 0, Diff: 0, Sum: 0, Workers: 4
[256.569s][debug][gc,phases      ] GC(154)     Total                          Min: 0, Avg:  0.0, Max: 0, Diff: 0, Sum: 0, Workers: 4
[256.569s][debug][gc,phases      ] GC(154)   StringDedup Table Weak         Min:  0.0, Avg:  0.0, Max:  0.0, Diff:  0.0, Sum:  0.0, Workers: 4
[256.569s][debug][gc,phases      ] GC(154)     Dead                           Min: 0, Avg:  0.0, Max: 0, Diff: 0, Sum: 0, Workers: 4
[256.569s][debug][gc,phases      ] GC(154)     Total                          Min: 0, Avg:  0.0, Max: 0, Diff: 0, Sum: 0, Workers: 4
[256.569s][debug][gc,phases      ] GC(154)   StringDedup Requests0 Weak     Min:  0.0, Avg:  0.0, Max:  0.0, Diff:  0.0, Sum:  0.0, Workers: 4
[256.569s][debug][gc,phases      ] GC(154)     Dead                           Min: 0, Avg:  0.0, Max: 0, Diff: 0, Sum: 0, Workers: 4
[256.569s][debug][gc,phases      ] GC(154)     Total                          Min: 0, Avg:  0.0, Max: 0, Diff: 0, Sum: 0, Workers: 4
[256.569s][debug][gc,phases      ] GC(154)   StringDedup Requests1 Weak     Min:  0.0, Avg:  0.0, Max:  0.0, Diff:  0.0, Sum:  0.0, Workers: 4
[256.569s][debug][gc,phases      ] GC(154)     Dead                           Min: 0, Avg:  0.0, Max: 0, Diff: 0, Sum: 0, Workers: 4
[256.569s][debug][gc,phases      ] GC(154)     Total                          Min: 0, Avg:  0.0, Max: 0, Diff: 0, Sum: 0, Workers: 4
[256.569s][debug][gc,phases      ] GC(154)   Weak JFR Old Object Samples    Min:  0.0, Avg:  0.0, Max:  0.0, Diff:  0.0, Sum:  0.0, Workers: 4
[256.569s][debug][gc,phases      ] GC(154)     Dead                           Min: 0, Avg:  0.0, Max: 0, Diff: 0, Sum: 0, Workers: 4
[256.569s][debug][gc,phases      ] GC(154)     Total                          Min: 0, Avg:  0.0, Max: 0, Diff: 0, Sum: 0, Workers: 4
[256.569s][debug][gc,phases      ] GC(154) Weak Processing 0.353ms
[256.569s][debug][gc,age         ] GC(154) Desired survivor size 274202624 bytes, new threshold 15 (max threshold 15)
[256.569s][info ][gc,heap        ] GC(154) PSYoungGen: 1580497K(1817088K)->55129K(1803776K) Eden: 1523712K(1523712K)->0K(1523712K) From: 56785K(293376K)->55129K(280064K)
[256.569s][info ][gc,heap        ] GC(154) ParOldGen: 567462K(757248K)->567462K(757248K)
[256.569s][info ][gc,metaspace   ] GC(154) Metaspace: 82365K(83200K)->82365K(83200K) NonClass: 70806K(71296K)->70806K(71296K) Class: 11559K(11904K)->11559K(11904K)
[256.569s][info ][gc             ] GC(154) Pause Young (Allocation Failure) 2097M->608M(2501M) 15.214ms
[256.569s][info ][gc,cpu         ] GC(154) User=0.06s Sys=0.00s Real=0.01s
[256.569s][info ][safepoint      ] Safepoint "ParallelGCFailedAllocation", Time since last: 731831021 ns, Reaching safepoint: 124903 ns, At safepoint: 15316790 ns, Total: 15441693 ns
[257.277s][info ][safepoint      ] Safepoint "ParallelGCFailedAllocation", Time since last: 707516302 ns, Reaching safepoint: 137003 ns, At safepoint: 23301 ns, Total: 160304 ns
[257.277s][info ][gc,start       ] GC(155) Pause Young (GCLocker Initiated GC)
[257.291s][debug][gc,phases      ] GC(155) Scavenge 14.317ms
[257.291s][debug][gc,ref         ] GC(155) Skipped phase 1 of Reference Processing: no references
[257.291s][debug][gc,ref         ] GC(155) ReferenceProcessor::execute queues: 1, RefProcThreadModel::Single, marks_oops_alive: false
[257.291s][debug][gc,ref         ] GC(155) Skipped phase 3 of Reference Processing: no references
[257.291s][debug][gc,ref         ] GC(155) ReferenceProcessor::execute queues: 1, RefProcThreadModel::Single, marks_oops_alive: false
[257.291s][debug][gc,phases      ] GC(155) Reference Processing 0.146ms
[257.291s][debug][gc,phases      ] GC(155)   VM Weak                        Min:  0.0, Avg:  0.0, Max:  0.0, Diff:  0.0, Sum:  0.0, Workers: 4
[257.291s][debug][gc,phases      ] GC(155)     Dead                           Min: 0, Avg:  0.0, Max: 0, Diff: 0, Sum: 0, Workers: 4
[257.291s][debug][gc,phases      ] GC(155)     Total                          Min: 0, Avg: 166.0, Max: 640, Diff: 640, Sum: 664, Workers: 4
[257.291s][debug][gc,phases      ] GC(155)   ObjectSynchronizer Weak        Min:  0.0, Avg:  0.0, Max:  0.0, Diff:  0.0, Sum:  0.0, Workers: 4
[257.291s][debug][gc,phases      ] GC(155)     Dead                           Min: 0, Avg:  0.0, Max: 0, Diff: 0, Sum: 0, Workers: 4
[257.292s][debug][gc,phases      ] GC(155)     Total                          Min: 0, Avg: 117.0, Max: 192, Diff: 192, Sum: 468, Workers: 4
[257.292s][debug][gc,phases      ] GC(155)   JVMTI Tag Weak OopStorage      Min:  0.0, Avg:  0.0, Max:  0.0, Diff:  0.0, Sum:  0.0, Workers: 4
[257.292s][debug][gc,phases      ] GC(155)     Dead                           Min: 0, Avg:  0.0, Max: 0, Diff: 0, Sum: 0, Workers: 4
[257.292s][debug][gc,phases      ] GC(155)     Total                          Min: 0, Avg:  0.0, Max: 0, Diff: 0, Sum: 0, Workers: 4
[257.292s][debug][gc,phases      ] GC(155)   StringTable Weak               Min:  0.1, Avg:  0.1, Max:  0.1, Diff:  0.0, Sum:  0.4, Workers: 4
[257.292s][debug][gc,phases      ] GC(155)     Dead                           Min: 0, Avg:  0.0, Max: 0, Diff: 0, Sum: 0, Workers: 4
[257.292s][debug][gc,phases      ] GC(155)     Total                          Min: 10944, Avg: 11924.8, Max: 12672, Diff: 1728, Sum: 47699, Workers: 4
[257.292s][debug][gc,phases      ] GC(155)   ResolvedMethodTable Weak       Min:  0.0, Avg:  0.0, Max:  0.0, Diff:  0.0, Sum:  0.1, Workers: 4
[257.292s][debug][gc,phases      ] GC(155)     Dead                           Min: 0, Avg:  0.0, Max: 0, Diff: 0, Sum: 0, Workers: 4
[257.292s][debug][gc,phases      ] GC(155)     Total                          Min: 1663, Avg: 2059.2, Max: 2480, Diff: 817, Sum: 8237, Workers: 4
[257.292s][debug][gc,phases      ] GC(155)   JNI Weak                       Min:  0.0, Avg:  0.0, Max:  0.0, Diff:  0.0, Sum:  0.0, Workers: 4
[257.292s][debug][gc,phases      ] GC(155)     Dead                           Min: 0, Avg:  0.0, Max: 0, Diff: 0, Sum: 0, Workers: 4
[257.292s][debug][gc,phases      ] GC(155)     Total                          Min: 0, Avg:  0.0, Max: 0, Diff: 0, Sum: 0, Workers: 4
[257.292s][debug][gc,phases      ] GC(155)   StringDedup Table Weak         Min:  0.0, Avg:  0.0, Max:  0.0, Diff:  0.0, Sum:  0.0, Workers: 4
[257.292s][debug][gc,phases      ] GC(155)     Dead                           Min: 0, Avg:  0.0, Max: 0, Diff: 0, Sum: 0, Workers: 4
[257.292s][debug][gc,phases      ] GC(155)     Total                          Min: 0, Avg:  0.0, Max: 0, Diff: 0, Sum: 0, Workers: 4
[257.292s][debug][gc,phases      ] GC(155)   StringDedup Requests0 Weak     Min:  0.0, Avg:  0.0, Max:  0.0, Diff:  0.0, Sum:  0.0, Workers: 4
[257.292s][debug][gc,phases      ] GC(155)     Dead                           Min: 0, Avg:  0.0, Max: 0, Diff: 0, Sum: 0, Workers: 4
[257.292s][debug][gc,phases      ] GC(155)     Total                          Min: 0, Avg:  0.0, Max: 0, Diff: 0, Sum: 0, Workers: 4
[257.292s][debug][gc,phases      ] GC(155)   StringDedup Requests1 Weak     Min:  0.0, Avg:  0.0, Max:  0.0, Diff:  0.0, Sum:  0.0, Workers: 4
[257.292s][debug][gc,phases      ] GC(155)     Dead                           Min: 0, Avg:  0.0, Max: 0, Diff: 0, Sum: 0, Workers: 4
[257.292s][debug][gc,phases      ] GC(155)     Total                          Min: 0, Avg:  0.0, Max: 0, Diff: 0, Sum: 0, Workers: 4
[257.292s][debug][gc,phases      ] GC(155)   Weak JFR Old Object Samples    Min:  0.0, Avg:  0.0, Max:  0.0, Diff:  0.0, Sum:  0.0, Workers: 4
[257.292s][debug][gc,phases      ] GC(155)     Dead                           Min: 0, Avg:  0.0, Max: 0, Diff: 0, Sum: 0, Workers: 4
[257.292s][debug][gc,phases      ] GC(155)     Total                          Min: 0, Avg:  0.0, Max: 0, Diff: 0, Sum: 0, Workers: 4
[257.292s][debug][gc,phases      ] GC(155) Weak Processing 0.333ms
[257.292s][debug][gc,age         ] GC(155) Desired survivor size 260571136 bytes, new threshold 15 (max threshold 15)
[257.292s][info ][gc,heap        ] GC(155) PSYoungGen: 1578841K(1803776K)->57473K(1842688K) Eden: 1523712K(1523712K)->0K(1574912K) From: 55129K(280064K)->57473K(267776K)
[257.292s][info ][gc,heap        ] GC(155) ParOldGen: 567465K(757248K)->567465K(757248K)
[257.292s][info ][gc,metaspace   ] GC(155) Metaspace: 82365K(83200K)->82365K(83200K) NonClass: 70806K(71296K)->70806K(71296K) Class: 11559K(11904K)->11559K(11904K)
[257.292s][info ][gc             ] GC(155) Pause Young (GCLocker Initiated GC) 2096M->610M(2539M) 14.919ms
[257.292s][info ][gc,cpu         ] GC(155) User=0.06s Sys=0.00s Real=0.01s
[257.292s][info ][safepoint      ] Safepoint "ParallelGCSystemGC", Time since last: 70902 ns, Reaching safepoint: 85802 ns, At safepoint: 14996181 ns, Total: 15081983 ns
[258.029s][info ][gc,start       ] GC(156) Pause Young (Allocation Failure)
[258.045s][debug][gc,phases      ] GC(156) Scavenge 15.446ms
[258.045s][debug][gc,ref         ] GC(156) Skipped phase 1 of Reference Processing: no references
[258.045s][debug][gc,ref         ] GC(156) ReferenceProcessor::execute queues: 1, RefProcThreadModel::Single, marks_oops_alive: false
[258.045s][debug][gc,ref         ] GC(156) Skipped phase 3 of Reference Processing: no references
[258.045s][debug][gc,ref         ] GC(156) ReferenceProcessor::execute queues: 1, RefProcThreadModel::Single, marks_oops_alive: false
[258.045s][debug][gc,phases      ] GC(156) Reference Processing 0.161ms
[258.045s][debug][gc,phases      ] GC(156)   VM Weak                        Min:  0.0, Avg:  0.0, Max:  0.0, Diff:  0.0, Sum:  0.0, Workers: 4
[258.045s][debug][gc,phases      ] GC(156)     Dead                           Min: 0, Avg:  0.0, Max: 0, Diff: 0, Sum: 0, Workers: 4
[258.045s][debug][gc,phases      ] GC(156)     Total                          Min: 0, Avg: 166.0, Max: 448, Diff: 448, Sum: 664, Workers: 4
[258.045s][debug][gc,phases      ] GC(156)   ObjectSynchronizer Weak        Min:  0.0, Avg:  0.0, Max:  0.0, Diff:  0.0, Sum:  0.0, Workers: 4
[258.045s][debug][gc,phases      ] GC(156)     Dead                           Min: 0, Avg:  0.0, Max: 0, Diff: 0, Sum: 0, Workers: 4
[258.045s][debug][gc,phases      ] GC(156)     Total                          Min: 0, Avg: 117.0, Max: 192, Diff: 192, Sum: 468, Workers: 4
[258.045s][debug][gc,phases      ] GC(156)   JVMTI Tag Weak OopStorage      Min:  0.0, Avg:  0.0, Max:  0.0, Diff:  0.0, Sum:  0.0, Workers: 4
[258.045s][debug][gc,phases      ] GC(156)     Dead                           Min: 0, Avg:  0.0, Max: 0, Diff: 0, Sum: 0, Workers: 4
[258.045s][debug][gc,phases      ] GC(156)     Total                          Min: 0, Avg:  0.0, Max: 0, Diff: 0, Sum: 0, Workers: 4
[258.045s][debug][gc,phases      ] GC(156)   StringTable Weak               Min:  0.1, Avg:  0.1, Max:  0.1, Diff:  0.0, Sum:  0.5, Workers: 4
[258.045s][debug][gc,phases      ] GC(156)     Dead                           Min: 0, Avg:  0.0, Max: 0, Diff: 0, Sum: 0, Workers: 4
[258.045s][debug][gc,phases      ] GC(156)     Total                          Min: 11456, Avg: 11925.2, Max: 12736, Diff: 1280, Sum: 47701, Workers: 4
[258.045s][debug][gc,phases      ] GC(156)   ResolvedMethodTable Weak       Min:  0.0, Avg:  0.0, Max:  0.0, Diff:  0.0, Sum:  0.1, Workers: 4
[258.045s][debug][gc,phases      ] GC(156)     Dead                           Min: 0, Avg:  0.0, Max: 0, Diff: 0, Sum: 0, Workers: 4
[258.045s][debug][gc,phases      ] GC(156)     Total                          Min: 1391, Avg: 2059.2, Max: 2367, Diff: 976, Sum: 8237, Workers: 4
[258.045s][debug][gc,phases      ] GC(156)   JNI Weak                       Min:  0.0, Avg:  0.0, Max:  0.0, Diff:  0.0, Sum:  0.0, Workers: 4
[258.045s][debug][gc,phases      ] GC(156)     Dead                           Min: 0, Avg:  0.0, Max: 0, Diff: 0, Sum: 0, Workers: 4
[258.045s][debug][gc,phases      ] GC(156)     Total                          Min: 0, Avg:  0.2, Max: 1, Diff: 1, Sum: 1, Workers: 4
[258.045s][debug][gc,phases      ] GC(156)   StringDedup Table Weak         Min:  0.0, Avg:  0.0, Max:  0.0, Diff:  0.0, Sum:  0.0, Workers: 4
[258.045s][debug][gc,phases      ] GC(156)     Dead                           Min: 0, Avg:  0.0, Max: 0, Diff: 0, Sum: 0, Workers: 4
[258.045s][debug][gc,phases      ] GC(156)     Total                          Min: 0, Avg:  0.0, Max: 0, Diff: 0, Sum: 0, Workers: 4
[258.045s][debug][gc,phases      ] GC(156)   StringDedup Requests0 Weak     Min:  0.0, Avg:  0.0, Max:  0.0, Diff:  0.0, Sum:  0.0, Workers: 4
[258.045s][debug][gc,phases      ] GC(156)     Dead                           Min: 0, Avg:  0.0, Max: 0, Diff: 0, Sum: 0, Workers: 4
[258.045s][debug][gc,phases      ] GC(156)     Total                          Min: 0, Avg:  0.0, Max: 0, Diff: 0, Sum: 0, Workers: 4
[258.045s][debug][gc,phases      ] GC(156)   StringDedup Requests1 Weak     Min:  0.0, Avg:  0.0, Max:  0.0, Diff:  0.0, Sum:  0.0, Workers: 4
[258.045s][debug][gc,phases      ] GC(156)     Dead                           Min: 0, Avg:  0.0, Max: 0, Diff: 0, Sum: 0, Workers: 4
[258.045s][debug][gc,phases      ] GC(156)     Total                          Min: 0, Avg:  0.0, Max: 0, Diff: 0, Sum: 0, Workers: 4
[258.045s][debug][gc,phases      ] GC(156)   Weak JFR Old Object Samples    Min:  0.0, Avg:  0.0, Max:  0.0, Diff:  0.0, Sum:  0.0, Workers: 4
[258.045s][debug][gc,phases      ] GC(156)     Dead                           Min: 0, Avg:  0.0, Max: 0, Diff: 0, Sum: 0, Workers: 4
[258.045s][debug][gc,phases      ] GC(156)     Total                          Min: 0, Avg:  0.0, Max: 0, Diff: 0, Sum: 0, Workers: 4
[258.045s][debug][gc,phases      ] GC(156) Weak Processing 0.359ms
[258.045s][debug][gc,age         ] GC(156) Desired survivor size 246939648 bytes, new threshold 15 (max threshold 15)
[258.045s][info ][gc,heap        ] GC(156) PSYoungGen: 1632385K(1842688K)->64625K(1829376K) Eden: 1574912K(1574912K)->0K(1574912K) From: 57473K(267776K)->64625K(254464K)
[258.045s][info ][gc,heap        ] GC(156) ParOldGen: 567468K(757248K)->567468K(757248K)
[258.045s][info ][gc,metaspace   ] GC(156) Metaspace: 82366K(83200K)->82366K(83200K) NonClass: 70806K(71296K)->70806K(71296K) Class: 11559K(11904K)->11559K(11904K)
[258.045s][info ][gc             ] GC(156) Pause Young (Allocation Failure) 2148M->617M(2526M) 16.128ms
[258.045s][info ][gc,cpu         ] GC(156) User=0.08s Sys=0.00s Real=0.02s
[258.045s][info ][safepoint      ] Safepoint "ParallelGCFailedAllocation", Time since last: 737392362 ns, Reaching safepoint: 133004 ns, At safepoint: 16226112 ns, Total: 16359116 ns
[258.884s][info ][gc,start       ] GC(157) Pause Young (Allocation Failure)
[258.902s][debug][gc,phases      ] GC(157) Scavenge 17.527ms
[258.902s][debug][gc,ref         ] GC(157) Skipped phase 1 of Reference Processing: no references
[258.902s][debug][gc,ref         ] GC(157) ReferenceProcessor::execute queues: 1, RefProcThreadModel::Single, marks_oops_alive: false
[258.902s][debug][gc,ref         ] GC(157) Skipped phase 3 of Reference Processing: no references
[258.902s][debug][gc,ref         ] GC(157) ReferenceProcessor::execute queues: 1, RefProcThreadModel::Single, marks_oops_alive: false
[258.902s][debug][gc,phases      ] GC(157) Reference Processing 0.135ms
[258.902s][debug][gc,phases      ] GC(157)   VM Weak                        Min:  0.0, Avg:  0.0, Max:  0.0, Diff:  0.0, Sum:  0.0, Workers: 4
[258.902s][debug][gc,phases      ] GC(157)     Dead                           Min: 0, Avg:  0.0, Max: 0, Diff: 0, Sum: 0, Workers: 4
[258.902s][debug][gc,phases      ] GC(157)     Total                          Min: 0, Avg: 166.0, Max: 448, Diff: 448, Sum: 664, Workers: 4
[258.902s][debug][gc,phases      ] GC(157)   ObjectSynchronizer Weak        Min:  0.0, Avg:  0.0, Max:  0.0, Diff:  0.0, Sum:  0.0, Workers: 4
[258.902s][debug][gc,phases      ] GC(157)     Dead                           Min: 0, Avg:  0.0, Max: 0, Diff: 0, Sum: 0, Workers: 4
[258.902s][debug][gc,phases      ] GC(157)     Total                          Min: 0, Avg: 117.0, Max: 276, Diff: 276, Sum: 468, Workers: 4
[258.902s][debug][gc,phases      ] GC(157)   JVMTI Tag Weak OopStorage      Min:  0.0, Avg:  0.0, Max:  0.0, Diff:  0.0, Sum:  0.0, Workers: 4
[258.902s][debug][gc,phases      ] GC(157)     Dead                           Min: 0, Avg:  0.0, Max: 0, Diff: 0, Sum: 0, Workers: 4
[258.902s][debug][gc,phases      ] GC(157)     Total                          Min: 0, Avg:  0.0, Max: 0, Diff: 0, Sum: 0, Workers: 4
[258.902s][debug][gc,phases      ] GC(157)   StringTable Weak               Min:  0.1, Avg:  0.1, Max:  0.1, Diff:  0.0, Sum:  0.4, Workers: 4
[258.902s][debug][gc,phases      ] GC(157)     Dead                           Min: 0, Avg:  0.0, Max: 0, Diff: 0, Sum: 0, Workers: 4
[258.902s][debug][gc,phases      ] GC(157)     Total                          Min: 10752, Avg: 11927.5, Max: 13248, Diff: 2496, Sum: 47710, Workers: 4
[258.902s][debug][gc,phases      ] GC(157)   ResolvedMethodTable Weak       Min:  0.0, Avg:  0.0, Max:  0.0, Diff:  0.0, Sum:  0.1, Workers: 4
[258.902s][debug][gc,phases      ] GC(157)     Dead                           Min: 0, Avg:  0.0, Max: 0, Diff: 0, Sum: 0, Workers: 4
[258.902s][debug][gc,phases      ] GC(157)     Total                          Min: 1904, Avg: 2060.0, Max: 2176, Diff: 272, Sum: 8240, Workers: 4
[258.902s][debug][gc,phases      ] GC(157)   JNI Weak                       Min:  0.0, Avg:  0.0, Max:  0.0, Diff:  0.0, Sum:  0.0, Workers: 4
[258.902s][debug][gc,phases      ] GC(157)     Dead                           Min: 0, Avg:  0.0, Max: 0, Diff: 0, Sum: 0, Workers: 4
[258.902s][debug][gc,phases      ] GC(157)     Total                          Min: 0, Avg:  0.0, Max: 0, Diff: 0, Sum: 0, Workers: 4
[258.902s][debug][gc,phases      ] GC(157)   StringDedup Table Weak         Min:  0.0, Avg:  0.0, Max:  0.0, Diff:  0.0, Sum:  0.0, Workers: 4
[258.902s][debug][gc,phases      ] GC(157)     Dead                           Min: 0, Avg:  0.0, Max: 0, Diff: 0, Sum: 0, Workers: 4
[258.902s][debug][gc,phases      ] GC(157)     Total                          Min: 0, Avg:  0.0, Max: 0, Diff: 0, Sum: 0, Workers: 4
[258.902s][debug][gc,phases      ] GC(157)   StringDedup Requests0 Weak     Min:  0.0, Avg:  0.0, Max:  0.0, Diff:  0.0, Sum:  0.0, Workers: 4
[258.902s][debug][gc,phases      ] GC(157)     Dead                           Min: 0, Avg:  0.0, Max: 0, Diff: 0, Sum: 0, Workers: 4
[258.902s][debug][gc,phases      ] GC(157)     Total                          Min: 0, Avg:  0.0, Max: 0, Diff: 0, Sum: 0, Workers: 4
[258.902s][debug][gc,phases      ] GC(157)   StringDedup Requests1 Weak     Min:  0.0, Avg:  0.0, Max:  0.0, Diff:  0.0, Sum:  0.0, Workers: 4
[258.902s][debug][gc,phases      ] GC(157)     Dead                           Min: 0, Avg:  0.0, Max: 0, Diff: 0, Sum: 0, Workers: 4
[258.902s][debug][gc,phases      ] GC(157)     Total                          Min: 0, Avg:  0.0, Max: 0, Diff: 0, Sum: 0, Workers: 4
[258.902s][debug][gc,phases      ] GC(157)   Weak JFR Old Object Samples    Min:  0.0, Avg:  0.0, Max:  0.0, Diff:  0.0, Sum:  0.0, Workers: 4
[258.902s][debug][gc,phases      ] GC(157)     Dead                           Min: 0, Avg:  0.0, Max: 0, Diff: 0, Sum: 0, Workers: 4
[258.902s][debug][gc,phases      ] GC(157)     Total                          Min: 0, Avg:  0.0, Max: 0, Diff: 0, Sum: 0, Workers: 4
[258.902s][debug][gc,phases      ] GC(157) Weak Processing 0.343ms
[258.902s][debug][gc,age         ] GC(157) Desired survivor size 232783872 bytes, new threshold 15 (max threshold 15)
[258.902s][info ][gc,heap        ] GC(157) PSYoungGen: 1639537K(1829376K)->71346K(1869824K) Eden: 1574912K(1574912K)->0K(1628672K) From: 64625K(254464K)->71346K(241152K)
[258.902s][info ][gc,heap        ] GC(157) ParOldGen: 567468K(757248K)->567476K(757248K)
[258.902s][info ][gc,metaspace   ] GC(157) Metaspace: 82400K(83200K)->82400K(83200K) NonClass: 70838K(71296K)->70838K(71296K) Class: 11561K(11904K)->11561K(11904K)
[258.902s][info ][gc             ] GC(157) Pause Young (Allocation Failure) 2155M->623M(2565M) 18.153ms
[258.902s][info ][gc,cpu         ] GC(157) User=0.08s Sys=0.00s Real=0.02s
[258.902s][info ][safepoint      ] Safepoint "ParallelGCFailedAllocation", Time since last: 838335731 ns, Reaching safepoint: 161304 ns, At safepoint: 18272565 ns, Total: 18433869 ns
[259.809s][info ][gc,start       ] GC(158) Pause Young (Allocation Failure)
[259.827s][debug][gc,phases      ] GC(158) Scavenge 18.178ms
[259.828s][debug][gc,ref         ] GC(158) Skipped phase 1 of Reference Processing: no references
[259.828s][debug][gc,ref         ] GC(158) ReferenceProcessor::execute queues: 1, RefProcThreadModel::Single, marks_oops_alive: false
[259.828s][debug][gc,ref         ] GC(158) Skipped phase 3 of Reference Processing: no references
[259.828s][debug][gc,ref         ] GC(158) ReferenceProcessor::execute queues: 1, RefProcThreadModel::Single, marks_oops_alive: false
[259.828s][debug][gc,phases      ] GC(158) Reference Processing 0.135ms
[259.828s][debug][gc,phases      ] GC(158)   VM Weak                        Min:  0.0, Avg:  0.0, Max:  0.0, Diff:  0.0, Sum:  0.0, Workers: 4
[259.828s][debug][gc,phases      ] GC(158)     Dead                           Min: 0, Avg:  0.0, Max: 0, Diff: 0, Sum: 0, Workers: 4
[259.828s][debug][gc,phases      ] GC(158)     Total                          Min: 0, Avg: 166.0, Max: 664, Diff: 664, Sum: 664, Workers: 4
[259.828s][debug][gc,phases      ] GC(158)   ObjectSynchronizer Weak        Min:  0.0, Avg:  0.0, Max:  0.0, Diff:  0.0, Sum:  0.0, Workers: 4
[259.828s][debug][gc,phases      ] GC(158)     Dead                           Min: 0, Avg:  0.0, Max: 0, Diff: 0, Sum: 0, Workers: 4
[259.828s][debug][gc,phases      ] GC(158)     Total                          Min: 0, Avg: 117.0, Max: 192, Diff: 192, Sum: 468, Workers: 4
[259.828s][debug][gc,phases      ] GC(158)   JVMTI Tag Weak OopStorage      Min:  0.0, Avg:  0.0, Max:  0.0, Diff:  0.0, Sum:  0.0, Workers: 4
[259.828s][debug][gc,phases      ] GC(158)     Dead                           Min: 0, Avg:  0.0, Max: 0, Diff: 0, Sum: 0, Workers: 4
[259.828s][debug][gc,phases      ] GC(158)     Total                          Min: 0, Avg:  0.0, Max: 0, Diff: 0, Sum: 0, Workers: 4
[259.828s][debug][gc,phases      ] GC(158)   StringTable Weak               Min:  0.1, Avg:  0.1, Max:  0.1, Diff:  0.0, Sum:  0.5, Workers: 4
[259.828s][debug][gc,phases      ] GC(158)     Dead                           Min: 0, Avg:  0.0, Max: 0, Diff: 0, Sum: 0, Workers: 4
[259.828s][debug][gc,phases      ] GC(158)     Total                          Min: 11488, Avg: 11928.0, Max: 12928, Diff: 1440, Sum: 47712, Workers: 4
[259.828s][debug][gc,phases      ] GC(158)   ResolvedMethodTable Weak       Min:  0.0, Avg:  0.0, Max:  0.0, Diff:  0.0, Sum:  0.1, Workers: 4
[259.828s][debug][gc,phases      ] GC(158)     Dead                           Min: 0, Avg:  0.0, Max: 0, Diff: 0, Sum: 0, Workers: 4
[259.828s][debug][gc,phases      ] GC(158)     Total                          Min: 1904, Avg: 2060.0, Max: 2240, Diff: 336, Sum: 8240, Workers: 4
[259.828s][debug][gc,phases      ] GC(158)   JNI Weak                       Min:  0.0, Avg:  0.0, Max:  0.0, Diff:  0.0, Sum:  0.0, Workers: 4
[259.828s][debug][gc,phases      ] GC(158)     Dead                           Min: 0, Avg:  0.0, Max: 0, Diff: 0, Sum: 0, Workers: 4
[259.828s][debug][gc,phases      ] GC(158)     Total                          Min: 0, Avg:  0.0, Max: 0, Diff: 0, Sum: 0, Workers: 4
[259.828s][debug][gc,phases      ] GC(158)   StringDedup Table Weak         Min:  0.0, Avg:  0.0, Max:  0.0, Diff:  0.0, Sum:  0.0, Workers: 4
[259.828s][debug][gc,phases      ] GC(158)     Dead                           Min: 0, Avg:  0.0, Max: 0, Diff: 0, Sum: 0, Workers: 4
[259.828s][debug][gc,phases      ] GC(158)     Total                          Min: 0, Avg:  0.0, Max: 0, Diff: 0, Sum: 0, Workers: 4
[259.828s][debug][gc,phases      ] GC(158)   StringDedup Requests0 Weak     Min:  0.0, Avg:  0.0, Max:  0.0, Diff:  0.0, Sum:  0.0, Workers: 4
[259.828s][debug][gc,phases      ] GC(158)     Dead                           Min: 0, Avg:  0.0, Max: 0, Diff: 0, Sum: 0, Workers: 4
[259.828s][debug][gc,phases      ] GC(158)     Total                          Min: 0, Avg:  0.0, Max: 0, Diff: 0, Sum: 0, Workers: 4
[259.828s][debug][gc,phases      ] GC(158)   StringDedup Requests1 Weak     Min:  0.0, Avg:  0.0, Max:  0.0, Diff:  0.0, Sum:  0.0, Workers: 4
[259.828s][debug][gc,phases      ] GC(158)     Dead                           Min: 0, Avg:  0.0, Max: 0, Diff: 0, Sum: 0, Workers: 4
[259.828s][debug][gc,phases      ] GC(158)     Total                          Min: 0, Avg:  0.0, Max: 0, Diff: 0, Sum: 0, Workers: 4
[259.828s][debug][gc,phases      ] GC(158)   Weak JFR Old Object Samples    Min:  0.0, Avg:  0.0, Max:  0.0, Diff:  0.0, Sum:  0.0, Workers: 4
[259.828s][debug][gc,phases      ] GC(158)     Dead                           Min: 0, Avg:  0.0, Max: 0, Diff: 0, Sum: 0, Workers: 4
[259.828s][debug][gc,phases      ] GC(158)     Total                          Min: 0, Avg:  0.0, Max: 0, Diff: 0, Sum: 0, Workers: 4
[259.828s][debug][gc,phases      ] GC(158) Weak Processing 0.343ms
[259.828s][debug][gc,age         ] GC(158) Desired survivor size 218628096 bytes, new threshold 15 (max threshold 15)
[259.828s][info ][gc,heap        ] GC(158) PSYoungGen: 1700018K(1869824K)->77234K(1856000K) Eden: 1628672K(1628672K)->0K(1628672K) From: 71346K(241152K)->77234K(227328K)
[259.828s][info ][gc,heap        ] GC(158) ParOldGen: 567476K(757248K)->567484K(757248K)
[259.828s][info ][gc,metaspace   ] GC(158) Metaspace: 82412K(83200K)->82412K(83200K) NonClass: 70850K(71296K)->70850K(71296K) Class: 11561K(11904K)->11561K(11904K)
[259.828s][info ][gc             ] GC(158) Pause Young (Allocation Failure) 2214M->629M(2552M) 18.801ms
[259.828s][info ][gc,cpu         ] GC(158) User=0.07s Sys=0.00s Real=0.02s
[259.828s][info ][safepoint      ] Safepoint "ParallelGCFailedAllocation", Time since last: 906886274 ns, Reaching safepoint: 63102 ns, At safepoint: 18891580 ns, Total: 18954682 ns
[260.634s][info ][gc,start       ] GC(159) Pause Young (Allocation Failure)
[260.655s][debug][gc,phases      ] GC(159) Scavenge 20.684ms
[260.655s][debug][gc,ref         ] GC(159) Skipped phase 1 of Reference Processing: no references
[260.655s][debug][gc,ref         ] GC(159) ReferenceProcessor::execute queues: 1, RefProcThreadModel::Single, marks_oops_alive: false
[260.655s][debug][gc,ref         ] GC(159) Skipped phase 3 of Reference Processing: no references
[260.655s][debug][gc,ref         ] GC(159) ReferenceProcessor::execute queues: 1, RefProcThreadModel::Single, marks_oops_alive: false
[260.655s][debug][gc,phases      ] GC(159) Reference Processing 0.169ms
[260.655s][debug][gc,phases      ] GC(159)   VM Weak                        Min:  0.0, Avg:  0.0, Max:  0.0, Diff:  0.0, Sum:  0.0, Workers: 4
[260.655s][debug][gc,phases      ] GC(159)     Dead                           Min: 0, Avg:  0.0, Max: 0, Diff: 0, Sum: 0, Workers: 4
[260.655s][debug][gc,phases      ] GC(159)     Total                          Min: 0, Avg: 166.0, Max: 472, Diff: 472, Sum: 664, Workers: 4
[260.655s][debug][gc,phases      ] GC(159)   ObjectSynchronizer Weak        Min:  0.0, Avg:  0.0, Max:  0.0, Diff:  0.0, Sum:  0.0, Workers: 4
[260.655s][debug][gc,phases      ] GC(159)     Dead                           Min: 0, Avg:  0.0, Max: 0, Diff: 0, Sum: 0, Workers: 4
[260.655s][debug][gc,phases      ] GC(159)     Total                          Min: 0, Avg: 117.0, Max: 256, Diff: 256, Sum: 468, Workers: 4
[260.655s][debug][gc,phases      ] GC(159)   JVMTI Tag Weak OopStorage      Min:  0.0, Avg:  0.0, Max:  0.0, Diff:  0.0, Sum:  0.0, Workers: 4
[260.655s][debug][gc,phases      ] GC(159)     Dead                           Min: 0, Avg:  0.0, Max: 0, Diff: 0, Sum: 0, Workers: 4
[260.655s][debug][gc,phases      ] GC(159)     Total                          Min: 0, Avg:  0.0, Max: 0, Diff: 0, Sum: 0, Workers: 4
[260.656s][debug][gc,phases      ] GC(159)   StringTable Weak               Min:  0.1, Avg:  0.1, Max:  0.1, Diff:  0.0, Sum:  0.5, Workers: 4
[260.656s][debug][gc,phases      ] GC(159)     Dead                           Min: 0, Avg:  0.0, Max: 0, Diff: 0, Sum: 0, Workers: 4
[260.656s][debug][gc,phases      ] GC(159)     Total                          Min: 11520, Avg: 11940.5, Max: 12608, Diff: 1088, Sum: 47762, Workers: 4
[260.656s][debug][gc,phases      ] GC(159)   ResolvedMethodTable Weak       Min:  0.0, Avg:  0.0, Max:  0.0, Diff:  0.0, Sum:  0.1, Workers: 4
[260.656s][debug][gc,phases      ] GC(159)     Dead                           Min: 0, Avg:  0.0, Max: 0, Diff: 0, Sum: 0, Workers: 4
[260.656s][debug][gc,phases      ] GC(159)     Total                          Min: 1984, Avg: 2060.2, Max: 2112, Diff: 128, Sum: 8241, Workers: 4
[260.656s][debug][gc,phases      ] GC(159)   JNI Weak                       Min:  0.0, Avg:  0.0, Max:  0.0, Diff:  0.0, Sum:  0.0, Workers: 4
[260.656s][debug][gc,phases      ] GC(159)     Dead                           Min: 0, Avg:  0.0, Max: 0, Diff: 0, Sum: 0, Workers: 4
[260.656s][debug][gc,phases      ] GC(159)     Total                          Min: 0, Avg:  0.0, Max: 0, Diff: 0, Sum: 0, Workers: 4
[260.656s][debug][gc,phases      ] GC(159)   StringDedup Table Weak         Min:  0.0, Avg:  0.0, Max:  0.0, Diff:  0.0, Sum:  0.0, Workers: 4
[260.656s][debug][gc,phases      ] GC(159)     Dead                           Min: 0, Avg:  0.0, Max: 0, Diff: 0, Sum: 0, Workers: 4
[260.656s][debug][gc,phases      ] GC(159)     Total                          Min: 0, Avg:  0.0, Max: 0, Diff: 0, Sum: 0, Workers: 4
[260.656s][debug][gc,phases      ] GC(159)   StringDedup Requests0 Weak     Min:  0.0, Avg:  0.0, Max:  0.0, Diff:  0.0, Sum:  0.0, Workers: 4
[260.656s][debug][gc,phases      ] GC(159)     Dead                           Min: 0, Avg:  0.0, Max: 0, Diff: 0, Sum: 0, Workers: 4
[260.656s][debug][gc,phases      ] GC(159)     Total                          Min: 0, Avg:  0.0, Max: 0, Diff: 0, Sum: 0, Workers: 4
[260.656s][debug][gc,phases      ] GC(159)   StringDedup Requests1 Weak     Min:  0.0, Avg:  0.0, Max:  0.0, Diff:  0.0, Sum:  0.0, Workers: 4
[260.656s][debug][gc,phases      ] GC(159)     Dead                           Min: 0, Avg:  0.0, Max: 0, Diff: 0, Sum: 0, Workers: 4
[260.656s][debug][gc,phases      ] GC(159)     Total                          Min: 0, Avg:  0.0, Max: 0, Diff: 0, Sum: 0, Workers: 4
[260.656s][debug][gc,phases      ] GC(159)   Weak JFR Old Object Samples    Min:  0.0, Avg:  0.0, Max:  0.0, Diff:  0.0, Sum:  0.0, Workers: 4
[260.656s][debug][gc,phases      ] GC(159)     Dead                           Min: 0, Avg:  0.0, Max: 0, Diff: 0, Sum: 0, Workers: 4
[260.656s][debug][gc,phases      ] GC(159)     Total                          Min: 0, Avg:  0.0, Max: 0, Diff: 0, Sum: 0, Workers: 4
[260.656s][debug][gc,phases      ] GC(159) Weak Processing 0.372ms
[260.656s][debug][gc,age         ] GC(159) Desired survivor size 206569472 bytes, new threshold 15 (max threshold 15)
[260.656s][info ][gc,heap        ] GC(159) PSYoungGen: 1705906K(1856000K)->85674K(1895424K) Eden: 1628672K(1628672K)->0K(1681920K) From: 77234K(227328K)->85674K(213504K)
[260.656s][info ][gc,heap        ] GC(159) ParOldGen: 567484K(757248K)->567484K(757248K)
[260.656s][info ][gc,metaspace   ] GC(159) Metaspace: 82427K(83200K)->82427K(83200K) NonClass: 70863K(71296K)->70863K(71296K) Class: 11563K(11904K)->11563K(11904K)
[260.656s][info ][gc             ] GC(159) Pause Young (Allocation Failure) 2220M->637M(2590M) 21.369ms
[260.656s][info ][gc,cpu         ] GC(159) User=0.09s Sys=0.00s Real=0.02s
[260.656s][info ][safepoint      ] Safepoint "ParallelGCFailedAllocation", Time since last: 806065909 ns, Reaching safepoint: 129504 ns, At safepoint: 21464046 ns, Total: 21593550 ns
[261.618s][info ][gc,start       ] GC(160) Pause Young (Allocation Failure)
[261.638s][debug][gc,phases      ] GC(160) Scavenge 20.893ms
[261.639s][debug][gc,ref         ] GC(160) Skipped phase 1 of Reference Processing: no references
[261.639s][debug][gc,ref         ] GC(160) ReferenceProcessor::execute queues: 1, RefProcThreadModel::Single, marks_oops_alive: false
[261.639s][debug][gc,ref         ] GC(160) Skipped phase 3 of Reference Processing: no references
[261.639s][debug][gc,ref         ] GC(160) ReferenceProcessor::execute queues: 1, RefProcThreadModel::Single, marks_oops_alive: false
[261.639s][debug][gc,phases      ] GC(160) Reference Processing 0.177ms
[261.639s][debug][gc,phases      ] GC(160)   VM Weak                        Min:  0.0, Avg:  0.0, Max:  0.0, Diff:  0.0, Sum:  0.0, Workers: 4
[261.639s][debug][gc,phases      ] GC(160)     Dead                           Min: 0, Avg:  0.0, Max: 0, Diff: 0, Sum: 0, Workers: 4
[261.639s][debug][gc,phases      ] GC(160)     Total                          Min: 0, Avg: 166.0, Max: 576, Diff: 576, Sum: 664, Workers: 4
[261.639s][debug][gc,phases      ] GC(160)   ObjectSynchronizer Weak        Min:  0.0, Avg:  0.0, Max:  0.0, Diff:  0.0, Sum:  0.0, Workers: 4
[261.639s][debug][gc,phases      ] GC(160)     Dead                           Min: 0, Avg:  0.0, Max: 0, Diff: 0, Sum: 0, Workers: 4
[261.639s][debug][gc,phases      ] GC(160)     Total                          Min: 0, Avg: 117.0, Max: 192, Diff: 192, Sum: 468, Workers: 4
[261.639s][debug][gc,phases      ] GC(160)   JVMTI Tag Weak OopStorage      Min:  0.0, Avg:  0.0, Max:  0.0, Diff:  0.0, Sum:  0.0, Workers: 4
[261.639s][debug][gc,phases      ] GC(160)     Dead                           Min: 0, Avg:  0.0, Max: 0, Diff: 0, Sum: 0, Workers: 4
[261.639s][debug][gc,phases      ] GC(160)     Total                          Min: 0, Avg:  0.0, Max: 0, Diff: 0, Sum: 0, Workers: 4
[261.639s][debug][gc,phases      ] GC(160)   StringTable Weak               Min:  0.1, Avg:  0.1, Max:  0.1, Diff:  0.0, Sum:  0.5, Workers: 4
[261.639s][debug][gc,phases      ] GC(160)     Dead                           Min: 0, Avg:  0.0, Max: 0, Diff: 0, Sum: 0, Workers: 4
[261.639s][debug][gc,phases      ] GC(160)     Total                          Min: 11456, Avg: 11942.2, Max: 12953, Diff: 1497, Sum: 47769, Workers: 4
[261.639s][debug][gc,phases      ] GC(160)   ResolvedMethodTable Weak       Min:  0.0, Avg:  0.0, Max:  0.0, Diff:  0.0, Sum:  0.1, Workers: 4
[261.639s][debug][gc,phases      ] GC(160)     Dead                           Min: 0, Avg:  0.0, Max: 0, Diff: 0, Sum: 0, Workers: 4
[261.639s][debug][gc,phases      ] GC(160)     Total                          Min: 1792, Avg: 2060.2, Max: 2368, Diff: 576, Sum: 8241, Workers: 4
[261.639s][debug][gc,phases      ] GC(160)   JNI Weak                       Min:  0.0, Avg:  0.0, Max:  0.0, Diff:  0.0, Sum:  0.0, Workers: 4
[261.639s][debug][gc,phases      ] GC(160)     Dead                           Min: 0, Avg:  0.0, Max: 0, Diff: 0, Sum: 0, Workers: 4
[261.639s][debug][gc,phases      ] GC(160)     Total                          Min: 0, Avg:  0.0, Max: 0, Diff: 0, Sum: 0, Workers: 4
[261.639s][debug][gc,phases      ] GC(160)   StringDedup Table Weak         Min:  0.0, Avg:  0.0, Max:  0.0, Diff:  0.0, Sum:  0.0, Workers: 4
[261.639s][debug][gc,phases      ] GC(160)     Dead                           Min: 0, Avg:  0.0, Max: 0, Diff: 0, Sum: 0, Workers: 4
[261.639s][debug][gc,phases      ] GC(160)     Total                          Min: 0, Avg:  0.0, Max: 0, Diff: 0, Sum: 0, Workers: 4
[261.639s][debug][gc,phases      ] GC(160)   StringDedup Requests0 Weak     Min:  0.0, Avg:  0.0, Max:  0.0, Diff:  0.0, Sum:  0.0, Workers: 4
[261.639s][debug][gc,phases      ] GC(160)     Dead                           Min: 0, Avg:  0.0, Max: 0, Diff: 0, Sum: 0, Workers: 4
[261.639s][debug][gc,phases      ] GC(160)     Total                          Min: 0, Avg:  0.0, Max: 0, Diff: 0, Sum: 0, Workers: 4
[261.639s][debug][gc,phases      ] GC(160)   StringDedup Requests1 Weak     Min:  0.0, Avg:  0.0, Max:  0.0, Diff:  0.0, Sum:  0.0, Workers: 4
[261.639s][debug][gc,phases      ] GC(160)     Dead                           Min: 0, Avg:  0.0, Max: 0, Diff: 0, Sum: 0, Workers: 4
[261.639s][debug][gc,phases      ] GC(160)     Total                          Min: 0, Avg:  0.0, Max: 0, Diff: 0, Sum: 0, Workers: 4
[261.639s][debug][gc,phases      ] GC(160)   Weak JFR Old Object Samples    Min:  0.0, Avg:  0.0, Max:  0.0, Diff:  0.0, Sum:  0.0, Workers: 4
[261.639s][debug][gc,phases      ] GC(160)     Dead                           Min: 0, Avg:  0.0, Max: 0, Diff: 0, Sum: 0, Workers: 4
[261.639s][debug][gc,phases      ] GC(160)     Total                          Min: 0, Avg:  0.0, Max: 0, Diff: 0, Sum: 0, Workers: 4
[261.639s][debug][gc,phases      ] GC(160) Weak Processing 0.342ms
[261.639s][debug][gc,age         ] GC(160) Desired survivor size 198705152 bytes, new threshold 15 (max threshold 15)
[261.639s][info ][gc,heap        ] GC(160) PSYoungGen: 1767594K(1895424K)->92877K(1883648K) Eden: 1681920K(1681920K)->0K(1681920K) From: 85674K(213504K)->92877K(201728K)
[261.639s][info ][gc,heap        ] GC(160) ParOldGen: 567484K(757248K)->567484K(757248K)
[261.639s][info ][gc,metaspace   ] GC(160) Metaspace: 82437K(83264K)->82437K(83264K) NonClass: 70874K(71360K)->70874K(71360K) Class: 11563K(11904K)->11563K(11904K)
[261.639s][info ][gc             ] GC(160) Pause Young (Allocation Failure) 2280M->644M(2579M) 21.557ms
[261.639s][info ][gc,cpu         ] GC(160) User=0.08s Sys=0.00s Real=0.02s
[261.639s][info ][safepoint      ] Safepoint "ParallelGCFailedAllocation", Time since last: 961625866 ns, Reaching safepoint: 106703 ns, At safepoint: 21666751 ns, Total: 21773454 ns
[262.571s][info ][gc,start       ] GC(161) Pause Young (Allocation Failure)
[262.593s][debug][gc,phases      ] GC(161) Scavenge 22.095ms
[262.594s][debug][gc,ref         ] GC(161) Skipped phase 1 of Reference Processing: no references
[262.594s][debug][gc,ref         ] GC(161) ReferenceProcessor::execute queues: 1, RefProcThreadModel::Single, marks_oops_alive: false
[262.594s][debug][gc,ref         ] GC(161) Skipped phase 3 of Reference Processing: no references
[262.594s][debug][gc,ref         ] GC(161) ReferenceProcessor::execute queues: 1, RefProcThreadModel::Single, marks_oops_alive: false
[262.594s][debug][gc,phases      ] GC(161) Reference Processing 0.134ms
[262.594s][debug][gc,phases      ] GC(161)   VM Weak                        Min:  0.0, Avg:  0.0, Max:  0.0, Diff:  0.0, Sum:  0.0, Workers: 4
[262.594s][debug][gc,phases      ] GC(161)     Dead                           Min: 0, Avg:  0.0, Max: 0, Diff: 0, Sum: 0, Workers: 4
[262.594s][debug][gc,phases      ] GC(161)     Total                          Min: 0, Avg: 166.2, Max: 384, Diff: 384, Sum: 665, Workers: 4
[262.594s][debug][gc,phases      ] GC(161)   ObjectSynchronizer Weak        Min:  0.0, Avg:  0.0, Max:  0.0, Diff:  0.0, Sum:  0.0, Workers: 4
[262.594s][debug][gc,phases      ] GC(161)     Dead                           Min: 0, Avg:  0.0, Max: 0, Diff: 0, Sum: 0, Workers: 4
[262.594s][debug][gc,phases      ] GC(161)     Total                          Min: 0, Avg: 117.0, Max: 192, Diff: 192, Sum: 468, Workers: 4
[262.594s][debug][gc,phases      ] GC(161)   JVMTI Tag Weak OopStorage      Min:  0.0, Avg:  0.0, Max:  0.0, Diff:  0.0, Sum:  0.0, Workers: 4
[262.594s][debug][gc,phases      ] GC(161)     Dead                           Min: 0, Avg:  0.0, Max: 0, Diff: 0, Sum: 0, Workers: 4
[262.594s][debug][gc,phases      ] GC(161)     Total                          Min: 0, Avg:  0.0, Max: 0, Diff: 0, Sum: 0, Workers: 4
[262.594s][debug][gc,phases      ] GC(161)   StringTable Weak               Min:  0.1, Avg:  0.1, Max:  0.1, Diff:  0.0, Sum:  0.5, Workers: 4
[262.594s][debug][gc,phases      ] GC(161)     Dead                           Min: 0, Avg:  0.0, Max: 0, Diff: 0, Sum: 0, Workers: 4
[262.594s][debug][gc,phases      ] GC(161)     Total                          Min: 10944, Avg: 11943.0, Max: 12672, Diff: 1728, Sum: 47772, Workers: 4
[262.594s][debug][gc,phases      ] GC(161)   ResolvedMethodTable Weak       Min:  0.0, Avg:  0.0, Max:  0.0, Diff:  0.0, Sum:  0.1, Workers: 4
[262.594s][debug][gc,phases      ] GC(161)     Dead                           Min: 0, Avg:  0.0, Max: 0, Diff: 0, Sum: 0, Workers: 4
[262.594s][debug][gc,phases      ] GC(161)     Total                          Min: 1912, Avg: 2062.0, Max: 2304, Diff: 392, Sum: 8248, Workers: 4
[262.594s][debug][gc,phases      ] GC(161)   JNI Weak                       Min:  0.0, Avg:  0.0, Max:  0.0, Diff:  0.0, Sum:  0.0, Workers: 4
[262.594s][debug][gc,phases      ] GC(161)     Dead                           Min: 0, Avg:  0.0, Max: 0, Diff: 0, Sum: 0, Workers: 4
[262.594s][debug][gc,phases      ] GC(161)     Total                          Min: 0, Avg:  0.0, Max: 0, Diff: 0, Sum: 0, Workers: 4
[262.594s][debug][gc,phases      ] GC(161)   StringDedup Table Weak         Min:  0.0, Avg:  0.0, Max:  0.0, Diff:  0.0, Sum:  0.0, Workers: 4
[262.594s][debug][gc,phases      ] GC(161)     Dead                           Min: 0, Avg:  0.0, Max: 0, Diff: 0, Sum: 0, Workers: 4
[262.594s][debug][gc,phases      ] GC(161)     Total                          Min: 0, Avg:  0.0, Max: 0, Diff: 0, Sum: 0, Workers: 4
[262.594s][debug][gc,phases      ] GC(161)   StringDedup Requests0 Weak     Min:  0.0, Avg:  0.0, Max:  0.0, Diff:  0.0, Sum:  0.0, Workers: 4
[262.594s][debug][gc,phases      ] GC(161)     Dead                           Min: 0, Avg:  0.0, Max: 0, Diff: 0, Sum: 0, Workers: 4
[262.594s][debug][gc,phases      ] GC(161)     Total                          Min: 0, Avg:  0.0, Max: 0, Diff: 0, Sum: 0, Workers: 4
[262.594s][debug][gc,phases      ] GC(161)   StringDedup Requests1 Weak     Min:  0.0, Avg:  0.0, Max:  0.0, Diff:  0.0, Sum:  0.0, Workers: 4
[262.594s][debug][gc,phases      ] GC(161)     Dead                           Min: 0, Avg:  0.0, Max: 0, Diff: 0, Sum: 0, Workers: 4
[262.594s][debug][gc,phases      ] GC(161)     Total                          Min: 0, Avg:  0.0, Max: 0, Diff: 0, Sum: 0, Workers: 4
[262.594s][debug][gc,phases      ] GC(161)   Weak JFR Old Object Samples    Min:  0.0, Avg:  0.0, Max:  0.0, Diff:  0.0, Sum:  0.0, Workers: 4
[262.594s][debug][gc,phases      ] GC(161)     Dead                           Min: 0, Avg:  0.0, Max: 0, Diff: 0, Sum: 0, Workers: 4
[262.594s][debug][gc,phases      ] GC(161)     Total                          Min: 0, Avg:  0.0, Max: 0, Diff: 0, Sum: 0, Workers: 4
[262.594s][debug][gc,phases      ] GC(161) Weak Processing 0.339ms
[262.594s][debug][gc,age         ] GC(161) Desired survivor size 191889408 bytes, new threshold 15 (max threshold 15)
[262.594s][info ][gc,heap        ] GC(161) PSYoungGen: 1774797K(1883648K)->94210K(1909760K) Eden: 1681920K(1681920K)->0K(1715712K) From: 92877K(201728K)->94210K(194048K)
[262.594s][info ][gc,heap        ] GC(161) ParOldGen: 567484K(757248K)->572061K(757248K)
[262.594s][info ][gc,metaspace   ] GC(161) Metaspace: 82459K(83264K)->82459K(83264K) NonClass: 70891K(71360K)->70891K(71360K) Class: 11567K(11904K)->11567K(11904K)
[262.594s][info ][gc             ] GC(161) Pause Young (Allocation Failure) 2287M->650M(2604M) 22.728ms
[262.594s][info ][gc,cpu         ] GC(161) User=0.09s Sys=0.00s Real=0.03s
[262.594s][info ][safepoint      ] Safepoint "ParallelGCFailedAllocation", Time since last: 931934312 ns, Reaching safepoint: 212205 ns, At safepoint: 22834581 ns, Total: 23046786 ns
[263.594s][info ][safepoint      ] Safepoint "Cleanup", Time since last: 1000094146 ns, Reaching safepoint: 175104 ns, At safepoint: 10600 ns, Total: 185704 ns
[263.643s][info ][gc,start       ] GC(162) Pause Young (Allocation Failure)
[263.666s][debug][gc,phases      ] GC(162) Scavenge 23.382ms
[263.666s][debug][gc,ref         ] GC(162) Skipped phase 1 of Reference Processing: no references
[263.666s][debug][gc,ref         ] GC(162) ReferenceProcessor::execute queues: 1, RefProcThreadModel::Single, marks_oops_alive: false
[263.666s][debug][gc,ref         ] GC(162) Skipped phase 3 of Reference Processing: no references
[263.666s][debug][gc,ref         ] GC(162) ReferenceProcessor::execute queues: 1, RefProcThreadModel::Single, marks_oops_alive: false
[263.666s][debug][gc,phases      ] GC(162) Reference Processing 0.167ms
[263.666s][debug][gc,phases      ] GC(162)   VM Weak                        Min:  0.0, Avg:  0.0, Max:  0.0, Diff:  0.0, Sum:  0.0, Workers: 4
[263.666s][debug][gc,phases      ] GC(162)     Dead                           Min: 0, Avg:  0.0, Max: 0, Diff: 0, Sum: 0, Workers: 4
[263.666s][debug][gc,phases      ] GC(162)     Total                          Min: 0, Avg: 166.2, Max: 601, Diff: 601, Sum: 665, Workers: 4
[263.666s][debug][gc,phases      ] GC(162)   ObjectSynchronizer Weak        Min:  0.0, Avg:  0.0, Max:  0.0, Diff:  0.0, Sum:  0.0, Workers: 4
[263.666s][debug][gc,phases      ] GC(162)     Dead                           Min: 0, Avg:  0.0, Max: 0, Diff: 0, Sum: 0, Workers: 4
[263.666s][debug][gc,phases      ] GC(162)     Total                          Min: 0, Avg: 117.0, Max: 256, Diff: 256, Sum: 468, Workers: 4
[263.666s][debug][gc,phases      ] GC(162)   JVMTI Tag Weak OopStorage      Min:  0.0, Avg:  0.0, Max:  0.0, Diff:  0.0, Sum:  0.0, Workers: 4
[263.666s][debug][gc,phases      ] GC(162)     Dead                           Min: 0, Avg:  0.0, Max: 0, Diff: 0, Sum: 0, Workers: 4
[263.666s][debug][gc,phases      ] GC(162)     Total                          Min: 0, Avg:  0.0, Max: 0, Diff: 0, Sum: 0, Workers: 4
[263.666s][debug][gc,phases      ] GC(162)   StringTable Weak               Min:  0.1, Avg:  0.1, Max:  0.1, Diff:  0.0, Sum:  0.5, Workers: 4
[263.666s][debug][gc,phases      ] GC(162)     Dead                           Min: 0, Avg:  0.0, Max: 0, Diff: 0, Sum: 0, Workers: 4
[263.667s][debug][gc,phases      ] GC(162)     Total                          Min: 10847, Avg: 11943.8, Max: 13248, Diff: 2401, Sum: 47775, Workers: 4
[263.667s][debug][gc,phases      ] GC(162)   ResolvedMethodTable Weak       Min:  0.0, Avg:  0.0, Max:  0.0, Diff:  0.0, Sum:  0.1, Workers: 4
[263.667s][debug][gc,phases      ] GC(162)     Dead                           Min: 0, Avg:  0.0, Max: 0, Diff: 0, Sum: 0, Workers: 4
[263.667s][debug][gc,phases      ] GC(162)     Total                          Min: 1792, Avg: 2062.0, Max: 2240, Diff: 448, Sum: 8248, Workers: 4
[263.667s][debug][gc,phases      ] GC(162)   JNI Weak                       Min:  0.0, Avg:  0.0, Max:  0.0, Diff:  0.0, Sum:  0.0, Workers: 4
[263.667s][debug][gc,phases      ] GC(162)     Dead                           Min: 0, Avg:  0.0, Max: 0, Diff: 0, Sum: 0, Workers: 4
[263.667s][debug][gc,phases      ] GC(162)     Total                          Min: 0, Avg:  0.0, Max: 0, Diff: 0, Sum: 0, Workers: 4
[263.667s][debug][gc,phases      ] GC(162)   StringDedup Table Weak         Min:  0.0, Avg:  0.0, Max:  0.0, Diff:  0.0, Sum:  0.0, Workers: 4
[263.667s][debug][gc,phases      ] GC(162)     Dead                           Min: 0, Avg:  0.0, Max: 0, Diff: 0, Sum: 0, Workers: 4
[263.667s][debug][gc,phases      ] GC(162)     Total                          Min: 0, Avg:  0.0, Max: 0, Diff: 0, Sum: 0, Workers: 4
[263.667s][debug][gc,phases      ] GC(162)   StringDedup Requests0 Weak     Min:  0.0, Avg:  0.0, Max:  0.0, Diff:  0.0, Sum:  0.0, Workers: 4
[263.667s][debug][gc,phases      ] GC(162)     Dead                           Min: 0, Avg:  0.0, Max: 0, Diff: 0, Sum: 0, Workers: 4
[263.667s][debug][gc,phases      ] GC(162)     Total                          Min: 0, Avg:  0.0, Max: 0, Diff: 0, Sum: 0, Workers: 4
[263.667s][debug][gc,phases      ] GC(162)   StringDedup Requests1 Weak     Min:  0.0, Avg:  0.0, Max:  0.0, Diff:  0.0, Sum:  0.0, Workers: 4
[263.667s][debug][gc,phases      ] GC(162)     Dead                           Min: 0, Avg:  0.0, Max: 0, Diff: 0, Sum: 0, Workers: 4
[263.667s][debug][gc,phases      ] GC(162)     Total                          Min: 0, Avg:  0.0, Max: 0, Diff: 0, Sum: 0, Workers: 4
[263.667s][debug][gc,phases      ] GC(162)   Weak JFR Old Object Samples    Min:  0.0, Avg:  0.0, Max:  0.0, Diff:  0.0, Sum:  0.0, Workers: 4
[263.667s][debug][gc,phases      ] GC(162)     Dead                           Min: 0, Avg:  0.0, Max: 0, Diff: 0, Sum: 0, Workers: 4
[263.667s][debug][gc,phases      ] GC(162)     Total                          Min: 0, Avg:  0.0, Max: 0, Diff: 0, Sum: 0, Workers: 4
[263.667s][debug][gc,phases      ] GC(162) Weak Processing 0.344ms
[263.667s][debug][gc,age         ] GC(162) Desired survivor size 186122240 bytes, new threshold 15 (max threshold 15)
[263.667s][info ][gc,heap        ] GC(162) PSYoungGen: 1809922K(1909760K)->96478K(1903104K) Eden: 1715712K(1715712K)->0K(1715712K) From: 94210K(194048K)->96478K(187392K)
[263.667s][info ][gc,heap        ] GC(162) ParOldGen: 572061K(757248K)->578510K(757248K)
[263.667s][info ][gc,metaspace   ] GC(162) Metaspace: 82481K(83264K)->82481K(83264K) NonClass: 70913K(71360K)->70913K(71360K) Class: 11568K(11904K)->11568K(11904K)
[263.667s][info ][gc             ] GC(162) Pause Young (Allocation Failure) 2326M->659M(2598M) 24.039ms
[263.667s][info ][gc,cpu         ] GC(162) User=0.09s Sys=0.00s Real=0.02s
[263.667s][info ][safepoint      ] Safepoint "ParallelGCFailedAllocation", Time since last: 47912919 ns, Reaching safepoint: 262507 ns, At safepoint: 24133214 ns, Total: 24395721 ns
[264.472s][info ][gc,start       ] GC(163) Pause Young (Allocation Failure)
[264.496s][debug][gc,phases      ] GC(163) Scavenge 24.197ms
[264.496s][debug][gc,ref         ] GC(163) Skipped phase 1 of Reference Processing: no references
[264.497s][debug][gc,ref         ] GC(163) ReferenceProcessor::execute queues: 1, RefProcThreadModel::Single, marks_oops_alive: false
[264.497s][debug][gc,ref         ] GC(163) Skipped phase 3 of Reference Processing: no references
[264.497s][debug][gc,ref         ] GC(163) ReferenceProcessor::execute queues: 1, RefProcThreadModel::Single, marks_oops_alive: false
[264.497s][debug][gc,phases      ] GC(163) Reference Processing 0.140ms
[264.497s][debug][gc,phases      ] GC(163)   VM Weak                        Min:  0.0, Avg:  0.0, Max:  0.0, Diff:  0.0, Sum:  0.0, Workers: 4
[264.497s][debug][gc,phases      ] GC(163)     Dead                           Min: 0, Avg:  0.0, Max: 0, Diff: 0, Sum: 0, Workers: 4
[264.497s][debug][gc,phases      ] GC(163)     Total                          Min: 0, Avg: 166.2, Max: 409, Diff: 409, Sum: 665, Workers: 4
[264.497s][debug][gc,phases      ] GC(163)   ObjectSynchronizer Weak        Min:  0.0, Avg:  0.0, Max:  0.0, Diff:  0.0, Sum:  0.0, Workers: 4
[264.497s][debug][gc,phases      ] GC(163)     Dead                           Min: 0, Avg:  0.0, Max: 0, Diff: 0, Sum: 0, Workers: 4
[264.497s][debug][gc,phases      ] GC(163)     Total                          Min: 0, Avg: 117.0, Max: 256, Diff: 256, Sum: 468, Workers: 4
[264.497s][debug][gc,phases      ] GC(163)   JVMTI Tag Weak OopStorage      Min:  0.0, Avg:  0.0, Max:  0.0, Diff:  0.0, Sum:  0.0, Workers: 4
[264.497s][debug][gc,phases      ] GC(163)     Dead                           Min: 0, Avg:  0.0, Max: 0, Diff: 0, Sum: 0, Workers: 4
[264.497s][debug][gc,phases      ] GC(163)     Total                          Min: 0, Avg:  0.0, Max: 0, Diff: 0, Sum: 0, Workers: 4
[264.497s][debug][gc,phases      ] GC(163)   StringTable Weak               Min:  0.1, Avg:  0.1, Max:  0.1, Diff:  0.0, Sum:  0.5, Workers: 4
[264.497s][debug][gc,phases      ] GC(163)     Dead                           Min: 0, Avg:  0.0, Max: 0, Diff: 0, Sum: 0, Workers: 4
[264.497s][debug][gc,phases      ] GC(163)     Total                          Min: 10719, Avg: 11943.8, Max: 13376, Diff: 2657, Sum: 47775, Workers: 4
[264.497s][debug][gc,phases      ] GC(163)   ResolvedMethodTable Weak       Min:  0.0, Avg:  0.0, Max:  0.0, Diff:  0.0, Sum:  0.1, Workers: 4
[264.497s][debug][gc,phases      ] GC(163)     Dead                           Min: 0, Avg:  0.0, Max: 0, Diff: 0, Sum: 0, Workers: 4
[264.497s][debug][gc,phases      ] GC(163)     Total                          Min: 1920, Avg: 2062.0, Max: 2232, Diff: 312, Sum: 8248, Workers: 4
[264.497s][debug][gc,phases      ] GC(163)   JNI Weak                       Min:  0.0, Avg:  0.0, Max:  0.0, Diff:  0.0, Sum:  0.0, Workers: 4
[264.497s][debug][gc,phases      ] GC(163)     Dead                           Min: 0, Avg:  0.0, Max: 0, Diff: 0, Sum: 0, Workers: 4
[264.497s][debug][gc,phases      ] GC(163)     Total                          Min: 0, Avg:  0.0, Max: 0, Diff: 0, Sum: 0, Workers: 4
[264.497s][debug][gc,phases      ] GC(163)   StringDedup Table Weak         Min:  0.0, Avg:  0.0, Max:  0.0, Diff:  0.0, Sum:  0.0, Workers: 4
[264.497s][debug][gc,phases      ] GC(163)     Dead                           Min: 0, Avg:  0.0, Max: 0, Diff: 0, Sum: 0, Workers: 4
[264.497s][debug][gc,phases      ] GC(163)     Total                          Min: 0, Avg:  0.0, Max: 0, Diff: 0, Sum: 0, Workers: 4
[264.497s][debug][gc,phases      ] GC(163)   StringDedup Requests0 Weak     Min:  0.0, Avg:  0.0, Max:  0.0, Diff:  0.0, Sum:  0.0, Workers: 4
[264.497s][debug][gc,phases      ] GC(163)     Dead                           Min: 0, Avg:  0.0, Max: 0, Diff: 0, Sum: 0, Workers: 4
[264.497s][debug][gc,phases      ] GC(163)     Total                          Min: 0, Avg:  0.0, Max: 0, Diff: 0, Sum: 0, Workers: 4
[264.497s][debug][gc,phases      ] GC(163)   StringDedup Requests1 Weak     Min:  0.0, Avg:  0.0, Max:  0.0, Diff:  0.0, Sum:  0.0, Workers: 4
[264.497s][debug][gc,phases      ] GC(163)     Dead                           Min: 0, Avg:  0.0, Max: 0, Diff: 0, Sum: 0, Workers: 4
[264.497s][debug][gc,phases      ] GC(163)     Total                          Min: 0, Avg:  0.0, Max: 0, Diff: 0, Sum: 0, Workers: 4
[264.497s][debug][gc,phases      ] GC(163)   Weak JFR Old Object Samples    Min:  0.0, Avg:  0.0, Max:  0.0, Diff:  0.0, Sum:  0.0, Workers: 4
[264.497s][debug][gc,phases      ] GC(163)     Dead                           Min: 0, Avg:  0.0, Max: 0, Diff: 0, Sum: 0, Workers: 4
[264.497s][debug][gc,phases      ] GC(163)     Total                          Min: 0, Avg:  0.0, Max: 0, Diff: 0, Sum: 0, Workers: 4
[264.497s][debug][gc,phases      ] GC(163) Weak Processing 0.366ms
[264.497s][debug][gc,age         ] GC(163) Desired survivor size 182452224 bytes, new threshold 15 (max threshold 15)
[264.497s][info ][gc,heap        ] GC(163) PSYoungGen: 1812190K(1903104K)->101650K(1918976K) Eden: 1715712K(1715712K)->0K(1737216K) From: 96478K(187392K)->101650K(181760K)
[264.497s][info ][gc,heap        ] GC(163) ParOldGen: 578510K(757248K)->582331K(757248K)
[264.497s][info ][gc,metaspace   ] GC(163) Metaspace: 82490K(83264K)->82490K(83264K) NonClass: 70921K(71360K)->70921K(71360K) Class: 11568K(11904K)->11568K(11904K)
[264.497s][info ][gc             ] GC(163) Pause Young (Allocation Failure) 2334M->667M(2613M) 24.864ms
[264.497s][info ][gc,cpu         ] GC(163) User=0.10s Sys=0.00s Real=0.03s
[264.497s][info ][safepoint      ] Safepoint "ParallelGCFailedAllocation", Time since last: 805234688 ns, Reaching safepoint: 151803 ns, At safepoint: 24986836 ns, Total: 25138639 ns
[265.589s][info ][gc,start       ] GC(164) Pause Young (Allocation Failure)
[265.611s][debug][gc,phases      ] GC(164) Scavenge 22.285ms
[265.611s][debug][gc,ref         ] GC(164) Skipped phase 1 of Reference Processing: no references
[265.611s][debug][gc,ref         ] GC(164) ReferenceProcessor::execute queues: 1, RefProcThreadModel::Single, marks_oops_alive: false
[265.612s][debug][gc,ref         ] GC(164) Skipped phase 3 of Reference Processing: no references
[265.612s][debug][gc,ref         ] GC(164) ReferenceProcessor::execute queues: 1, RefProcThreadModel::Single, marks_oops_alive: false
[265.612s][debug][gc,phases      ] GC(164) Reference Processing 0.158ms
[265.612s][debug][gc,phases      ] GC(164)   VM Weak                        Min:  0.0, Avg:  0.0, Max:  0.0, Diff:  0.0, Sum:  0.0, Workers: 4
[265.612s][debug][gc,phases      ] GC(164)     Dead                           Min: 0, Avg:  0.0, Max: 0, Diff: 0, Sum: 0, Workers: 4
[265.612s][debug][gc,phases      ] GC(164)     Total                          Min: 0, Avg: 166.2, Max: 665, Diff: 665, Sum: 665, Workers: 4
[265.612s][debug][gc,phases      ] GC(164)   ObjectSynchronizer Weak        Min:  0.0, Avg:  0.0, Max:  0.0, Diff:  0.0, Sum:  0.0, Workers: 4
[265.612s][debug][gc,phases      ] GC(164)     Dead                           Min: 0, Avg:  0.0, Max: 0, Diff: 0, Sum: 0, Workers: 4
[265.612s][debug][gc,phases      ] GC(164)     Total                          Min: 0, Avg: 117.0, Max: 404, Diff: 404, Sum: 468, Workers: 4
[265.612s][debug][gc,phases      ] GC(164)   JVMTI Tag Weak OopStorage      Min:  0.0, Avg:  0.0, Max:  0.0, Diff:  0.0, Sum:  0.0, Workers: 4
[265.612s][debug][gc,phases      ] GC(164)     Dead                           Min: 0, Avg:  0.0, Max: 0, Diff: 0, Sum: 0, Workers: 4
[265.612s][debug][gc,phases      ] GC(164)     Total                          Min: 0, Avg:  0.0, Max: 0, Diff: 0, Sum: 0, Workers: 4
[265.612s][debug][gc,phases      ] GC(164)   StringTable Weak               Min:  0.1, Avg:  0.1, Max:  0.1, Diff:  0.0, Sum:  0.4, Workers: 4
[265.612s][debug][gc,phases      ] GC(164)     Dead                           Min: 0, Avg:  0.0, Max: 0, Diff: 0, Sum: 0, Workers: 4
[265.612s][debug][gc,phases      ] GC(164)     Total                          Min: 10112, Avg: 11947.5, Max: 12910, Diff: 2798, Sum: 47790, Workers: 4
[265.612s][debug][gc,phases      ] GC(164)   ResolvedMethodTable Weak       Min:  0.0, Avg:  0.0, Max:  0.0, Diff:  0.0, Sum:  0.1, Workers: 4
[265.612s][debug][gc,phases      ] GC(164)     Dead                           Min: 0, Avg:  0.0, Max: 0, Diff: 0, Sum: 0, Workers: 4
[265.612s][debug][gc,phases      ] GC(164)     Total                          Min: 1728, Avg: 2063.0, Max: 2240, Diff: 512, Sum: 8252, Workers: 4
[265.612s][debug][gc,phases      ] GC(164)   JNI Weak                       Min:  0.0, Avg:  0.0, Max:  0.0, Diff:  0.0, Sum:  0.0, Workers: 4
[265.612s][debug][gc,phases      ] GC(164)     Dead                           Min: 0, Avg:  0.0, Max: 0, Diff: 0, Sum: 0, Workers: 4
[265.612s][debug][gc,phases      ] GC(164)     Total                          Min: 0, Avg:  0.0, Max: 0, Diff: 0, Sum: 0, Workers: 4
[265.612s][debug][gc,phases      ] GC(164)   StringDedup Table Weak         Min:  0.0, Avg:  0.0, Max:  0.0, Diff:  0.0, Sum:  0.0, Workers: 4
[265.612s][debug][gc,phases      ] GC(164)     Dead                           Min: 0, Avg:  0.0, Max: 0, Diff: 0, Sum: 0, Workers: 4
[265.612s][debug][gc,phases      ] GC(164)     Total                          Min: 0, Avg:  0.0, Max: 0, Diff: 0, Sum: 0, Workers: 4
[265.612s][debug][gc,phases      ] GC(164)   StringDedup Requests0 Weak     Min:  0.0, Avg:  0.0, Max:  0.0, Diff:  0.0, Sum:  0.0, Workers: 4
[265.612s][debug][gc,phases      ] GC(164)     Dead                           Min: 0, Avg:  0.0, Max: 0, Diff: 0, Sum: 0, Workers: 4
[265.612s][debug][gc,phases      ] GC(164)     Total                          Min: 0, Avg:  0.0, Max: 0, Diff: 0, Sum: 0, Workers: 4
[265.612s][debug][gc,phases      ] GC(164)   StringDedup Requests1 Weak     Min:  0.0, Avg:  0.0, Max:  0.0, Diff:  0.0, Sum:  0.0, Workers: 4
[265.612s][debug][gc,phases      ] GC(164)     Dead                           Min: 0, Avg:  0.0, Max: 0, Diff: 0, Sum: 0, Workers: 4
[265.612s][debug][gc,phases      ] GC(164)     Total                          Min: 0, Avg:  0.0, Max: 0, Diff: 0, Sum: 0, Workers: 4
[265.612s][debug][gc,phases      ] GC(164)   Weak JFR Old Object Samples    Min:  0.0, Avg:  0.0, Max:  0.0, Diff:  0.0, Sum:  0.0, Workers: 4
[265.612s][debug][gc,phases      ] GC(164)     Dead                           Min: 0, Avg:  0.0, Max: 0, Diff: 0, Sum: 0, Workers: 4
[265.612s][debug][gc,phases      ] GC(164)     Total                          Min: 0, Avg:  0.0, Max: 0, Diff: 0, Sum: 0, Workers: 4
[265.612s][debug][gc,phases      ] GC(164) Weak Processing 0.327ms
[265.612s][debug][gc,age         ] GC(164) Desired survivor size 180355072 bytes, new threshold 15 (max threshold 15)
[265.612s][info ][gc,heap        ] GC(164) PSYoungGen: 1838866K(1918976K)->105960K(1915392K) Eden: 1737216K(1737216K)->0K(1737216K) From: 101650K(181760K)->105960K(178176K)
[265.612s][info ][gc,heap        ] GC(164) ParOldGen: 582331K(757248K)->586443K(757248K)
[265.612s][info ][gc,metaspace   ] GC(164) Metaspace: 82553K(83392K)->82553K(83392K) NonClass: 70979K(71424K)->70979K(71424K) Class: 11573K(11968K)->11573K(11968K)
[265.612s][info ][gc             ] GC(164) Pause Young (Allocation Failure) 2364M->676M(2610M) 22.900ms
[265.612s][info ][gc,cpu         ] GC(164) User=0.09s Sys=0.00s Real=0.02s
[265.612s][info ][safepoint      ] Safepoint "ParallelGCFailedAllocation", Time since last: 1091746677 ns, Reaching safepoint: 138004 ns, At safepoint: 23002685 ns, Total: 23140689 ns
[266.612s][info ][safepoint      ] Safepoint "Cleanup", Time since last: 1000091045 ns, Reaching safepoint: 135503 ns, At safepoint: 15401 ns, Total: 150904 ns
[266.712s][info ][gc,start       ] GC(165) Pause Young (Allocation Failure)
[266.736s][debug][gc,phases      ] GC(165) Scavenge 24.026ms
[266.736s][debug][gc,ref         ] GC(165) Skipped phase 1 of Reference Processing: no references
[266.736s][debug][gc,ref         ] GC(165) ReferenceProcessor::execute queues: 1, RefProcThreadModel::Single, marks_oops_alive: false
[266.737s][debug][gc,ref         ] GC(165) Skipped phase 3 of Reference Processing: no references
[266.737s][debug][gc,ref         ] GC(165) ReferenceProcessor::execute queues: 1, RefProcThreadModel::Single, marks_oops_alive: false
[266.737s][debug][gc,phases      ] GC(165) Reference Processing 0.177ms
[266.737s][debug][gc,phases      ] GC(165)   VM Weak                        Min:  0.0, Avg:  0.0, Max:  0.0, Diff:  0.0, Sum:  0.0, Workers: 4
[266.737s][debug][gc,phases      ] GC(165)     Dead                           Min: 0, Avg:  0.0, Max: 0, Diff: 0, Sum: 0, Workers: 4
[266.737s][debug][gc,phases      ] GC(165)     Total                          Min: 0, Avg: 166.2, Max: 665, Diff: 665, Sum: 665, Workers: 4
[266.737s][debug][gc,phases      ] GC(165)   ObjectSynchronizer Weak        Min:  0.0, Avg:  0.0, Max:  0.0, Diff:  0.0, Sum:  0.0, Workers: 4
[266.737s][debug][gc,phases      ] GC(165)     Dead                           Min: 0, Avg:  0.0, Max: 0, Diff: 0, Sum: 0, Workers: 4
[266.737s][debug][gc,phases      ] GC(165)     Total                          Min: 0, Avg: 117.0, Max: 468, Diff: 468, Sum: 468, Workers: 4
[266.737s][debug][gc,phases      ] GC(165)   JVMTI Tag Weak OopStorage      Min:  0.0, Avg:  0.0, Max:  0.0, Diff:  0.0, Sum:  0.0, Workers: 4
[266.737s][debug][gc,phases      ] GC(165)     Dead                           Min: 0, Avg:  0.0, Max: 0, Diff: 0, Sum: 0, Workers: 4
[266.737s][debug][gc,phases      ] GC(165)     Total                          Min: 0, Avg:  0.0, Max: 0, Diff: 0, Sum: 0, Workers: 4
[266.737s][debug][gc,phases      ] GC(165)   StringTable Weak               Min:  0.1, Avg:  0.1, Max:  0.1, Diff:  0.0, Sum:  0.4, Workers: 4
[266.737s][debug][gc,phases      ] GC(165)     Dead                           Min: 0, Avg:  0.0, Max: 0, Diff: 0, Sum: 0, Workers: 4
[266.737s][debug][gc,phases      ] GC(165)     Total                          Min: 11392, Avg: 11947.5, Max: 12590, Diff: 1198, Sum: 47790, Workers: 4
[266.737s][debug][gc,phases      ] GC(165)   ResolvedMethodTable Weak       Min:  0.0, Avg:  0.0, Max:  0.0, Diff:  0.0, Sum:  0.1, Workers: 4
[266.737s][debug][gc,phases      ] GC(165)     Dead                           Min: 0, Avg:  0.0, Max: 0, Diff: 0, Sum: 0, Workers: 4
[266.737s][debug][gc,phases      ] GC(165)     Total                          Min: 1920, Avg: 2063.0, Max: 2176, Diff: 256, Sum: 8252, Workers: 4
[266.737s][debug][gc,phases      ] GC(165)   JNI Weak                       Min:  0.0, Avg:  0.0, Max:  0.0, Diff:  0.0, Sum:  0.0, Workers: 4
[266.737s][debug][gc,phases      ] GC(165)     Dead                           Min: 0, Avg:  0.0, Max: 0, Diff: 0, Sum: 0, Workers: 4
[266.737s][debug][gc,phases      ] GC(165)     Total                          Min: 0, Avg:  0.0, Max: 0, Diff: 0, Sum: 0, Workers: 4
[266.737s][debug][gc,phases      ] GC(165)   StringDedup Table Weak         Min:  0.0, Avg:  0.0, Max:  0.0, Diff:  0.0, Sum:  0.0, Workers: 4
[266.737s][debug][gc,phases      ] GC(165)     Dead                           Min: 0, Avg:  0.0, Max: 0, Diff: 0, Sum: 0, Workers: 4
[266.737s][debug][gc,phases      ] GC(165)     Total                          Min: 0, Avg:  0.0, Max: 0, Diff: 0, Sum: 0, Workers: 4
[266.737s][debug][gc,phases      ] GC(165)   StringDedup Requests0 Weak     Min:  0.0, Avg:  0.0, Max:  0.0, Diff:  0.0, Sum:  0.0, Workers: 4
[266.737s][debug][gc,phases      ] GC(165)     Dead                           Min: 0, Avg:  0.0, Max: 0, Diff: 0, Sum: 0, Workers: 4
[266.737s][debug][gc,phases      ] GC(165)     Total                          Min: 0, Avg:  0.0, Max: 0, Diff: 0, Sum: 0, Workers: 4
[266.737s][debug][gc,phases      ] GC(165)   StringDedup Requests1 Weak     Min:  0.0, Avg:  0.0, Max:  0.0, Diff:  0.0, Sum:  0.0, Workers: 4
[266.737s][debug][gc,phases      ] GC(165)     Dead                           Min: 0, Avg:  0.0, Max: 0, Diff: 0, Sum: 0, Workers: 4
[266.737s][debug][gc,phases      ] GC(165)     Total                          Min: 0, Avg:  0.0, Max: 0, Diff: 0, Sum: 0, Workers: 4
[266.737s][debug][gc,phases      ] GC(165)   Weak JFR Old Object Samples    Min:  0.0, Avg:  0.0, Max:  0.0, Diff:  0.0, Sum:  0.0, Workers: 4
[266.737s][debug][gc,phases      ] GC(165)     Dead                           Min: 0, Avg:  0.0, Max: 0, Diff: 0, Sum: 0, Workers: 4
[266.737s][debug][gc,phases      ] GC(165)     Total                          Min: 0, Avg:  0.0, Max: 0, Diff: 0, Sum: 0, Workers: 4
[266.737s][debug][gc,phases      ] GC(165) Weak Processing 0.347ms
[266.737s][debug][gc,age         ] GC(165) Desired survivor size 180879360 bytes, new threshold 15 (max threshold 15)
[266.737s][info ][gc,heap        ] GC(165) PSYoungGen: 1843176K(1915392K)->113867K(1920000K) Eden: 1737216K(1737216K)->0K(1743872K) From: 105960K(178176K)->113867K(176128K)
[266.737s][info ][gc,heap        ] GC(165) ParOldGen: 586443K(757248K)->590515K(757248K)
[266.737s][info ][gc,metaspace   ] GC(165) Metaspace: 82571K(83392K)->82571K(83392K) NonClass: 70997K(71424K)->70997K(71424K) Class: 11573K(11968K)->11573K(11968K)
[266.737s][info ][gc             ] GC(165) Pause Young (Allocation Failure) 2372M->687M(2614M) 24.716ms
[266.737s][info ][gc,cpu         ] GC(165) User=0.09s Sys=0.00s Real=0.03s
[266.737s][info ][safepoint      ] Safepoint "ParallelGCFailedAllocation", Time since last: 99932442 ns, Reaching safepoint: 55802 ns, At safepoint: 24826832 ns, Total: 24882634 ns
[267.737s][info ][safepoint      ] Safepoint "Cleanup", Time since last: 1000090744 ns, Reaching safepoint: 169105 ns, At safepoint: 11600 ns, Total: 180705 ns
[267.873s][info ][gc,start       ] GC(166) Pause Young (Allocation Failure)
[267.896s][debug][gc,phases      ] GC(166) Scavenge 23.713ms
[267.896s][debug][gc,ref         ] GC(166) Skipped phase 1 of Reference Processing: no references
[267.896s][debug][gc,ref         ] GC(166) ReferenceProcessor::execute queues: 1, RefProcThreadModel::Single, marks_oops_alive: false
[267.897s][debug][gc,ref         ] GC(166) Skipped phase 3 of Reference Processing: no references
[267.897s][debug][gc,ref         ] GC(166) ReferenceProcessor::execute queues: 1, RefProcThreadModel::Single, marks_oops_alive: false
[267.897s][debug][gc,phases      ] GC(166) Reference Processing 0.209ms
[267.897s][debug][gc,phases      ] GC(166)   VM Weak                        Min:  0.0, Avg:  0.0, Max:  0.0, Diff:  0.0, Sum:  0.0, Workers: 4
[267.897s][debug][gc,phases      ] GC(166)     Dead                           Min: 0, Avg:  0.0, Max: 0, Diff: 0, Sum: 0, Workers: 4
[267.897s][debug][gc,phases      ] GC(166)     Total                          Min: 0, Avg: 166.2, Max: 665, Diff: 665, Sum: 665, Workers: 4
[267.897s][debug][gc,phases      ] GC(166)   ObjectSynchronizer Weak        Min:  0.0, Avg:  0.0, Max:  0.0, Diff:  0.0, Sum:  0.0, Workers: 4
[267.897s][debug][gc,phases      ] GC(166)     Dead                           Min: 0, Avg:  0.0, Max: 0, Diff: 0, Sum: 0, Workers: 4
[267.897s][debug][gc,phases      ] GC(166)     Total                          Min: 0, Avg: 117.0, Max: 320, Diff: 320, Sum: 468, Workers: 4
[267.897s][debug][gc,phases      ] GC(166)   JVMTI Tag Weak OopStorage      Min:  0.0, Avg:  0.0, Max:  0.0, Diff:  0.0, Sum:  0.0, Workers: 4
[267.897s][debug][gc,phases      ] GC(166)     Dead                           Min: 0, Avg:  0.0, Max: 0, Diff: 0, Sum: 0, Workers: 4
[267.897s][debug][gc,phases      ] GC(166)     Total                          Min: 0, Avg:  0.0, Max: 0, Diff: 0, Sum: 0, Workers: 4
[267.897s][debug][gc,phases      ] GC(166)   StringTable Weak               Min:  0.1, Avg:  0.1, Max:  0.1, Diff:  0.0, Sum:  0.4, Workers: 4
[267.897s][debug][gc,phases      ] GC(166)     Dead                           Min: 0, Avg:  0.0, Max: 0, Diff: 0, Sum: 0, Workers: 4
[267.897s][debug][gc,phases      ] GC(166)     Total                          Min: 9775, Avg: 11947.8, Max: 13504, Diff: 3729, Sum: 47791, Workers: 4
[267.897s][debug][gc,phases      ] GC(166)   ResolvedMethodTable Weak       Min:  0.0, Avg:  0.0, Max:  0.0, Diff:  0.0, Sum:  0.1, Workers: 4
[267.897s][debug][gc,phases      ] GC(166)     Dead                           Min: 0, Avg:  0.0, Max: 0, Diff: 0, Sum: 0, Workers: 4
[267.897s][debug][gc,phases      ] GC(166)     Total                          Min: 1792, Avg: 2063.0, Max: 2240, Diff: 448, Sum: 8252, Workers: 4
[267.897s][debug][gc,phases      ] GC(166)   JNI Weak                       Min:  0.0, Avg:  0.0, Max:  0.0, Diff:  0.0, Sum:  0.0, Workers: 4
[267.897s][debug][gc,phases      ] GC(166)     Dead                           Min: 0, Avg:  0.0, Max: 0, Diff: 0, Sum: 0, Workers: 4
[267.897s][debug][gc,phases      ] GC(166)     Total                          Min: 0, Avg:  0.2, Max: 1, Diff: 1, Sum: 1, Workers: 4
[267.897s][debug][gc,phases      ] GC(166)   StringDedup Table Weak         Min:  0.0, Avg:  0.0, Max:  0.0, Diff:  0.0, Sum:  0.0, Workers: 4
[267.897s][debug][gc,phases      ] GC(166)     Dead                           Min: 0, Avg:  0.0, Max: 0, Diff: 0, Sum: 0, Workers: 4
[267.897s][debug][gc,phases      ] GC(166)     Total                          Min: 0, Avg:  0.0, Max: 0, Diff: 0, Sum: 0, Workers: 4
[267.897s][debug][gc,phases      ] GC(166)   StringDedup Requests0 Weak     Min:  0.0, Avg:  0.0, Max:  0.0, Diff:  0.0, Sum:  0.0, Workers: 4
[267.897s][debug][gc,phases      ] GC(166)     Dead                           Min: 0, Avg:  0.0, Max: 0, Diff: 0, Sum: 0, Workers: 4
[267.897s][debug][gc,phases      ] GC(166)     Total                          Min: 0, Avg:  0.0, Max: 0, Diff: 0, Sum: 0, Workers: 4
[267.897s][debug][gc,phases      ] GC(166)   StringDedup Requests1 Weak     Min:  0.0, Avg:  0.0, Max:  0.0, Diff:  0.0, Sum:  0.0, Workers: 4
[267.897s][debug][gc,phases      ] GC(166)     Dead                           Min: 0, Avg:  0.0, Max: 0, Diff: 0, Sum: 0, Workers: 4
[267.897s][debug][gc,phases      ] GC(166)     Total                          Min: 0, Avg:  0.0, Max: 0, Diff: 0, Sum: 0, Workers: 4
[267.897s][debug][gc,phases      ] GC(166)   Weak JFR Old Object Samples    Min:  0.0, Avg:  0.0, Max:  0.0, Diff:  0.0, Sum:  0.0, Workers: 4
[267.897s][debug][gc,phases      ] GC(166)     Dead                           Min: 0, Avg:  0.0, Max: 0, Diff: 0, Sum: 0, Workers: 4
[267.897s][debug][gc,phases      ] GC(166)     Total                          Min: 0, Avg:  0.0, Max: 0, Diff: 0, Sum: 0, Workers: 4
[267.897s][debug][gc,phases      ] GC(166) Weak Processing 0.505ms
[267.897s][debug][gc,age         ] GC(166) Desired survivor size 182976512 bytes, new threshold 15 (max threshold 15)
[267.897s][info ][gc,heap        ] GC(166) PSYoungGen: 1857739K(1920000K)->120179K(1864192K) Eden: 1743872K(1743872K)->0K(1743872K) From: 113867K(176128K)->120179K(120320K)
[267.897s][info ][gc,heap        ] GC(166) ParOldGen: 590515K(757248K)->595099K(757248K)
[267.897s][info ][gc,metaspace   ] GC(166) Metaspace: 82575K(83456K)->82575K(83456K) NonClass: 71001K(71488K)->71001K(71488K) Class: 11573K(11968K)->11573K(11968K)
[267.897s][info ][gc             ] GC(166) Pause Young (Allocation Failure) 2390M->698M(2560M) 24.579ms
[267.897s][info ][gc,cpu         ] GC(166) User=0.10s Sys=0.00s Real=0.03s
[267.897s][info ][safepoint      ] Safepoint "ParallelGCFailedAllocation", Time since last: 135104937 ns, Reaching safepoint: 129904 ns, At safepoint: 24695328 ns, Total: 24825232 ns
[268.881s][info ][gc,start       ] GC(167) Pause Young (Allocation Failure)
[268.905s][debug][gc,phases      ] GC(167) Scavenge 24.041ms
[268.905s][debug][gc,ref         ] GC(167) Skipped phase 1 of Reference Processing: no references
[268.906s][debug][gc,ref         ] GC(167) ReferenceProcessor::execute queues: 1, RefProcThreadModel::Single, marks_oops_alive: false
[268.906s][debug][gc,ref         ] GC(167) Skipped phase 3 of Reference Processing: no references
[268.906s][debug][gc,ref         ] GC(167) ReferenceProcessor::execute queues: 1, RefProcThreadModel::Single, marks_oops_alive: false
[268.906s][debug][gc,phases      ] GC(167) Reference Processing 0.188ms
[268.906s][debug][gc,phases      ] GC(167)   VM Weak                        Min:  0.0, Avg:  0.0, Max:  0.0, Diff:  0.0, Sum:  0.0, Workers: 4
[268.906s][debug][gc,phases      ] GC(167)     Dead                           Min: 0, Avg:  0.0, Max: 0, Diff: 0, Sum: 0, Workers: 4
[268.906s][debug][gc,phases      ] GC(167)     Total                          Min: 0, Avg: 166.2, Max: 640, Diff: 640, Sum: 665, Workers: 4
[268.906s][debug][gc,phases      ] GC(167)   ObjectSynchronizer Weak        Min:  0.0, Avg:  0.0, Max:  0.0, Diff:  0.0, Sum:  0.0, Workers: 4
[268.906s][debug][gc,phases      ] GC(167)     Dead                           Min: 0, Avg:  0.0, Max: 0, Diff: 0, Sum: 0, Workers: 4
[268.906s][debug][gc,phases      ] GC(167)     Total                          Min: 0, Avg: 117.0, Max: 256, Diff: 256, Sum: 468, Workers: 4
[268.906s][debug][gc,phases      ] GC(167)   JVMTI Tag Weak OopStorage      Min:  0.0, Avg:  0.0, Max:  0.0, Diff:  0.0, Sum:  0.0, Workers: 4
[268.906s][debug][gc,phases      ] GC(167)     Dead                           Min: 0, Avg:  0.0, Max: 0, Diff: 0, Sum: 0, Workers: 4
[268.906s][debug][gc,phases      ] GC(167)     Total                          Min: 0, Avg:  0.0, Max: 0, Diff: 0, Sum: 0, Workers: 4
[268.906s][debug][gc,phases      ] GC(167)   StringTable Weak               Min:  0.1, Avg:  0.1, Max:  0.1, Diff:  0.0, Sum:  0.5, Workers: 4
[268.906s][debug][gc,phases      ] GC(167)     Dead                           Min: 0, Avg:  0.0, Max: 0, Diff: 0, Sum: 0, Workers: 4
[268.906s][debug][gc,phases      ] GC(167)     Total                          Min: 11136, Avg: 11947.8, Max: 12655, Diff: 1519, Sum: 47791, Workers: 4
[268.906s][debug][gc,phases      ] GC(167)   ResolvedMethodTable Weak       Min:  0.0, Avg:  0.0, Max:  0.0, Diff:  0.0, Sum:  0.1, Workers: 4
[268.906s][debug][gc,phases      ] GC(167)     Dead                           Min: 0, Avg:  0.0, Max: 0, Diff: 0, Sum: 0, Workers: 4
[268.906s][debug][gc,phases      ] GC(167)     Total                          Min: 1664, Avg: 2063.0, Max: 2240, Diff: 576, Sum: 8252, Workers: 4
[268.906s][debug][gc,phases      ] GC(167)   JNI Weak                       Min:  0.0, Avg:  0.0, Max:  0.0, Diff:  0.0, Sum:  0.0, Workers: 4
[268.906s][debug][gc,phases      ] GC(167)     Dead                           Min: 0, Avg:  0.0, Max: 0, Diff: 0, Sum: 0, Workers: 4
[268.906s][debug][gc,phases      ] GC(167)     Total                          Min: 0, Avg:  0.0, Max: 0, Diff: 0, Sum: 0, Workers: 4
[268.906s][debug][gc,phases      ] GC(167)   StringDedup Table Weak         Min:  0.0, Avg:  0.0, Max:  0.0, Diff:  0.0, Sum:  0.0, Workers: 4
[268.906s][debug][gc,phases      ] GC(167)     Dead                           Min: 0, Avg:  0.0, Max: 0, Diff: 0, Sum: 0, Workers: 4
[268.906s][debug][gc,phases      ] GC(167)     Total                          Min: 0, Avg:  0.0, Max: 0, Diff: 0, Sum: 0, Workers: 4
[268.906s][debug][gc,phases      ] GC(167)   StringDedup Requests0 Weak     Min:  0.0, Avg:  0.0, Max:  0.0, Diff:  0.0, Sum:  0.0, Workers: 4
[268.906s][debug][gc,phases      ] GC(167)     Dead                           Min: 0, Avg:  0.0, Max: 0, Diff: 0, Sum: 0, Workers: 4
[268.906s][debug][gc,phases      ] GC(167)     Total                          Min: 0, Avg:  0.0, Max: 0, Diff: 0, Sum: 0, Workers: 4
[268.906s][debug][gc,phases      ] GC(167)   StringDedup Requests1 Weak     Min:  0.0, Avg:  0.0, Max:  0.0, Diff:  0.0, Sum:  0.0, Workers: 4
[268.906s][debug][gc,phases      ] GC(167)     Dead                           Min: 0, Avg:  0.0, Max: 0, Diff: 0, Sum: 0, Workers: 4
[268.906s][debug][gc,phases      ] GC(167)     Total                          Min: 0, Avg:  0.0, Max: 0, Diff: 0, Sum: 0, Workers: 4
[268.906s][debug][gc,phases      ] GC(167)   Weak JFR Old Object Samples    Min:  0.0, Avg:  0.0, Max:  0.0, Diff:  0.0, Sum:  0.0, Workers: 4
[268.906s][debug][gc,phases      ] GC(167)     Dead                           Min: 0, Avg:  0.0, Max: 0, Diff: 0, Sum: 0, Workers: 4
[268.906s][debug][gc,phases      ] GC(167)     Total                          Min: 0, Avg:  0.0, Max: 0, Diff: 0, Sum: 0, Workers: 4
[268.906s][debug][gc,phases      ] GC(167) Weak Processing 0.353ms
[268.906s][debug][gc,age         ] GC(167) Desired survivor size 184025088 bytes, new threshold 15 (max threshold 15)
[268.906s][info ][gc,heap        ] GC(167) PSYoungGen: 1864051K(1864192K)->118955K(1916416K) Eden: 1743872K(1743872K)->0K(1737728K) From: 120179K(120320K)->118955K(178688K)
[268.906s][info ][gc,heap        ] GC(167) ParOldGen: 595099K(757248K)->600473K(757248K)
[268.906s][info ][gc,metaspace   ] GC(167) Metaspace: 82582K(83456K)->82582K(83456K) NonClass: 71008K(71488K)->71008K(71488K) Class: 11573K(11968K)->11573K(11968K)
[268.906s][info ][gc             ] GC(167) Pause Young (Allocation Failure) 2401M->702M(2611M) 24.723ms
[268.906s][info ][gc,cpu         ] GC(167) User=0.10s Sys=0.00s Real=0.03s
[268.906s][info ][safepoint      ] Safepoint "ParallelGCFailedAllocation", Time since last: 983818831 ns, Reaching safepoint: 169004 ns, At safepoint: 24826232 ns, Total: 24995236 ns
[269.906s][info ][safepoint      ] Safepoint "Cleanup", Time since last: 1000083744 ns, Reaching safepoint: 128903 ns, At safepoint: 13101 ns, Total: 142004 ns
[270.096s][info ][gc,start       ] GC(168) Pause Young (Allocation Failure)
[270.120s][debug][gc,phases      ] GC(168) Scavenge 24.052ms
[270.120s][debug][gc,ref         ] GC(168) Skipped phase 1 of Reference Processing: no references
[270.120s][debug][gc,ref         ] GC(168) ReferenceProcessor::execute queues: 1, RefProcThreadModel::Single, marks_oops_alive: false
[270.120s][debug][gc,ref         ] GC(168) Skipped phase 3 of Reference Processing: no references
[270.120s][debug][gc,ref         ] GC(168) ReferenceProcessor::execute queues: 1, RefProcThreadModel::Single, marks_oops_alive: false
[270.120s][debug][gc,phases      ] GC(168) Reference Processing 0.154ms
[270.120s][debug][gc,phases      ] GC(168)   VM Weak                        Min:  0.0, Avg:  0.0, Max:  0.0, Diff:  0.0, Sum:  0.0, Workers: 4
[270.120s][debug][gc,phases      ] GC(168)     Dead                           Min: 0, Avg:  0.0, Max: 0, Diff: 0, Sum: 0, Workers: 4
[270.120s][debug][gc,phases      ] GC(168)     Total                          Min: 0, Avg: 166.2, Max: 512, Diff: 512, Sum: 665, Workers: 4
[270.120s][debug][gc,phases      ] GC(168)   ObjectSynchronizer Weak        Min:  0.0, Avg:  0.0, Max:  0.0, Diff:  0.0, Sum:  0.0, Workers: 4
[270.120s][debug][gc,phases      ] GC(168)     Dead                           Min: 0, Avg:  0.0, Max: 0, Diff: 0, Sum: 0, Workers: 4
[270.120s][debug][gc,phases      ] GC(168)     Total                          Min: 0, Avg: 117.0, Max: 256, Diff: 256, Sum: 468, Workers: 4
[270.120s][debug][gc,phases      ] GC(168)   JVMTI Tag Weak OopStorage      Min:  0.0, Avg:  0.0, Max:  0.0, Diff:  0.0, Sum:  0.0, Workers: 4
[270.120s][debug][gc,phases      ] GC(168)     Dead                           Min: 0, Avg:  0.0, Max: 0, Diff: 0, Sum: 0, Workers: 4
[270.120s][debug][gc,phases      ] GC(168)     Total                          Min: 0, Avg:  0.0, Max: 0, Diff: 0, Sum: 0, Workers: 4
[270.120s][debug][gc,phases      ] GC(168)   StringTable Weak               Min:  0.1, Avg:  0.1, Max:  0.1, Diff:  0.0, Sum:  0.4, Workers: 4
[270.120s][debug][gc,phases      ] GC(168)     Dead                           Min: 0, Avg:  0.0, Max: 0, Diff: 0, Sum: 0, Workers: 4
[270.120s][debug][gc,phases      ] GC(168)     Total                          Min: 11328, Avg: 11947.8, Max: 12736, Diff: 1408, Sum: 47791, Workers: 4
[270.120s][debug][gc,phases      ] GC(168)   ResolvedMethodTable Weak       Min:  0.0, Avg:  0.0, Max:  0.0, Diff:  0.0, Sum:  0.1, Workers: 4
[270.120s][debug][gc,phases      ] GC(168)     Dead                           Min: 0, Avg:  0.0, Max: 0, Diff: 0, Sum: 0, Workers: 4
[270.120s][debug][gc,phases      ] GC(168)     Total                          Min: 1920, Avg: 2063.0, Max: 2176, Diff: 256, Sum: 8252, Workers: 4
[270.120s][debug][gc,phases      ] GC(168)   JNI Weak                       Min:  0.0, Avg:  0.0, Max:  0.0, Diff:  0.0, Sum:  0.0, Workers: 4
[270.120s][debug][gc,phases      ] GC(168)     Dead                           Min: 0, Avg:  0.0, Max: 0, Diff: 0, Sum: 0, Workers: 4
[270.120s][debug][gc,phases      ] GC(168)     Total                          Min: 0, Avg:  0.0, Max: 0, Diff: 0, Sum: 0, Workers: 4
[270.120s][debug][gc,phases      ] GC(168)   StringDedup Table Weak         Min:  0.0, Avg:  0.0, Max:  0.0, Diff:  0.0, Sum:  0.0, Workers: 4
[270.120s][debug][gc,phases      ] GC(168)     Dead                           Min: 0, Avg:  0.0, Max: 0, Diff: 0, Sum: 0, Workers: 4
[270.120s][debug][gc,phases      ] GC(168)     Total                          Min: 0, Avg:  0.0, Max: 0, Diff: 0, Sum: 0, Workers: 4
[270.120s][debug][gc,phases      ] GC(168)   StringDedup Requests0 Weak     Min:  0.0, Avg:  0.0, Max:  0.0, Diff:  0.0, Sum:  0.0, Workers: 4
[270.120s][debug][gc,phases      ] GC(168)     Dead                           Min: 0, Avg:  0.0, Max: 0, Diff: 0, Sum: 0, Workers: 4
[270.120s][debug][gc,phases      ] GC(168)     Total                          Min: 0, Avg:  0.0, Max: 0, Diff: 0, Sum: 0, Workers: 4
[270.120s][debug][gc,phases      ] GC(168)   StringDedup Requests1 Weak     Min:  0.0, Avg:  0.0, Max:  0.0, Diff:  0.0, Sum:  0.0, Workers: 4
[270.121s][debug][gc,phases      ] GC(168)     Dead                           Min: 0, Avg:  0.0, Max: 0, Diff: 0, Sum: 0, Workers: 4
[270.121s][debug][gc,phases      ] GC(168)     Total                          Min: 0, Avg:  0.0, Max: 0, Diff: 0, Sum: 0, Workers: 4
[270.121s][debug][gc,phases      ] GC(168)   Weak JFR Old Object Samples    Min:  0.0, Avg:  0.0, Max:  0.0, Diff:  0.0, Sum:  0.0, Workers: 4
[270.121s][debug][gc,phases      ] GC(168)     Dead                           Min: 0, Avg:  0.0, Max: 0, Diff: 0, Sum: 0, Workers: 4
[270.121s][debug][gc,phases      ] GC(168)     Total                          Min: 0, Avg:  0.0, Max: 0, Diff: 0, Sum: 0, Workers: 4
[270.121s][debug][gc,phases      ] GC(168) Weak Processing 0.350ms
[270.121s][debug][gc,age         ] GC(168) Desired survivor size 185073664 bytes, new threshold 15 (max threshold 15)
[270.121s][info ][gc,heap        ] GC(168) PSYoungGen: 1856683K(1916416K)->122370K(1860608K) Eden: 1737728K(1737728K)->0K(1737728K) From: 118955K(178688K)->122370K(122880K)
[270.121s][info ][gc,heap        ] GC(168) ParOldGen: 600473K(757248K)->606931K(757248K)
[270.121s][info ][gc,metaspace   ] GC(168) Metaspace: 82584K(83456K)->82584K(83456K) NonClass: 71011K(71488K)->71011K(71488K) Class: 11573K(11968K)->11573K(11968K)
[270.121s][info ][gc             ] GC(168) Pause Young (Allocation Failure) 2399M->712M(2556M) 24.722ms
[270.121s][info ][gc,cpu         ] GC(168) User=0.10s Sys=0.00s Real=0.02s
[270.121s][info ][safepoint      ] Safepoint "ParallelGCFailedAllocation", Time since last: 189523322 ns, Reaching safepoint: 36601 ns, At safepoint: 24794330 ns, Total: 24830931 ns
[271.121s][info ][safepoint      ] Safepoint "Cleanup", Time since last: 1000082845 ns, Reaching safepoint: 122503 ns, At safepoint: 17200 ns, Total: 139703 ns
[271.154s][info ][gc,start       ] GC(169) Pause Young (Allocation Failure)
[271.182s][debug][gc,phases      ] GC(169) Scavenge 28.335ms
[271.182s][debug][gc,ref         ] GC(169) Skipped phase 1 of Reference Processing: no references
[271.182s][debug][gc,ref         ] GC(169) ReferenceProcessor::execute queues: 1, RefProcThreadModel::Single, marks_oops_alive: false
[271.182s][debug][gc,ref         ] GC(169) Skipped phase 3 of Reference Processing: no references
[271.182s][debug][gc,ref         ] GC(169) ReferenceProcessor::execute queues: 1, RefProcThreadModel::Single, marks_oops_alive: false
[271.182s][debug][gc,phases      ] GC(169) Reference Processing 0.179ms
[271.183s][debug][gc,phases      ] GC(169)   VM Weak                        Min:  0.0, Avg:  0.0, Max:  0.0, Diff:  0.0, Sum:  0.0, Workers: 4
[271.183s][debug][gc,phases      ] GC(169)     Dead                           Min: 0, Avg:  0.0, Max: 0, Diff: 0, Sum: 0, Workers: 4
[271.183s][debug][gc,phases      ] GC(169)     Total                          Min: 0, Avg: 166.2, Max: 665, Diff: 665, Sum: 665, Workers: 4
[271.183s][debug][gc,phases      ] GC(169)   ObjectSynchronizer Weak        Min:  0.0, Avg:  0.0, Max:  0.0, Diff:  0.0, Sum:  0.0, Workers: 4
[271.183s][debug][gc,phases      ] GC(169)     Dead                           Min: 0, Avg:  0.0, Max: 0, Diff: 0, Sum: 0, Workers: 4
[271.183s][debug][gc,phases      ] GC(169)     Total                          Min: 0, Avg: 117.0, Max: 212, Diff: 212, Sum: 468, Workers: 4
[271.183s][debug][gc,phases      ] GC(169)   JVMTI Tag Weak OopStorage      Min:  0.0, Avg:  0.0, Max:  0.0, Diff:  0.0, Sum:  0.0, Workers: 4
[271.183s][debug][gc,phases      ] GC(169)     Dead                           Min: 0, Avg:  0.0, Max: 0, Diff: 0, Sum: 0, Workers: 4
[271.183s][debug][gc,phases      ] GC(169)     Total                          Min: 0, Avg:  0.0, Max: 0, Diff: 0, Sum: 0, Workers: 4
[271.183s][debug][gc,phases      ] GC(169)   StringTable Weak               Min:  0.1, Avg:  0.1, Max:  0.1, Diff:  0.0, Sum:  0.5, Workers: 4
[271.183s][debug][gc,phases      ] GC(169)     Dead                           Min: 0, Avg:  0.2, Max: 1, Diff: 1, Sum: 1, Workers: 4
[271.183s][debug][gc,phases      ] GC(169)     Total                          Min: 11392, Avg: 11953.8, Max: 12616, Diff: 1224, Sum: 47815, Workers: 4
[271.183s][debug][gc,phases      ] GC(169)   ResolvedMethodTable Weak       Min:  0.0, Avg:  0.0, Max:  0.0, Diff:  0.0, Sum:  0.1, Workers: 4
[271.183s][debug][gc,phases      ] GC(169)     Dead                           Min: 0, Avg:  0.0, Max: 0, Diff: 0, Sum: 0, Workers: 4
[271.183s][debug][gc,phases      ] GC(169)     Total                          Min: 1984, Avg: 2063.0, Max: 2240, Diff: 256, Sum: 8252, Workers: 4
[271.183s][debug][gc,phases      ] GC(169)   JNI Weak                       Min:  0.0, Avg:  0.0, Max:  0.0, Diff:  0.0, Sum:  0.0, Workers: 4
[271.183s][debug][gc,phases      ] GC(169)     Dead                           Min: 0, Avg:  0.0, Max: 0, Diff: 0, Sum: 0, Workers: 4
[271.183s][debug][gc,phases      ] GC(169)     Total                          Min: 0, Avg:  0.0, Max: 0, Diff: 0, Sum: 0, Workers: 4
[271.183s][debug][gc,phases      ] GC(169)   StringDedup Table Weak         Min:  0.0, Avg:  0.0, Max:  0.0, Diff:  0.0, Sum:  0.0, Workers: 4
[271.183s][debug][gc,phases      ] GC(169)     Dead                           Min: 0, Avg:  0.0, Max: 0, Diff: 0, Sum: 0, Workers: 4
[271.183s][debug][gc,phases      ] GC(169)     Total                          Min: 0, Avg:  0.0, Max: 0, Diff: 0, Sum: 0, Workers: 4
[271.183s][debug][gc,phases      ] GC(169)   StringDedup Requests0 Weak     Min:  0.0, Avg:  0.0, Max:  0.0, Diff:  0.0, Sum:  0.0, Workers: 4
[271.183s][debug][gc,phases      ] GC(169)     Dead                           Min: 0, Avg:  0.0, Max: 0, Diff: 0, Sum: 0, Workers: 4
[271.183s][debug][gc,phases      ] GC(169)     Total                          Min: 0, Avg:  0.0, Max: 0, Diff: 0, Sum: 0, Workers: 4
[271.183s][debug][gc,phases      ] GC(169)   StringDedup Requests1 Weak     Min:  0.0, Avg:  0.0, Max:  0.0, Diff:  0.0, Sum:  0.0, Workers: 4
[271.183s][debug][gc,phases      ] GC(169)     Dead                           Min: 0, Avg:  0.0, Max: 0, Diff: 0, Sum: 0, Workers: 4
[271.183s][debug][gc,phases      ] GC(169)     Total                          Min: 0, Avg:  0.0, Max: 0, Diff: 0, Sum: 0, Workers: 4
[271.183s][debug][gc,phases      ] GC(169)   Weak JFR Old Object Samples    Min:  0.0, Avg:  0.0, Max:  0.0, Diff:  0.0, Sum:  0.0, Workers: 4
[271.183s][debug][gc,phases      ] GC(169)     Dead                           Min: 0, Avg:  0.0, Max: 0, Diff: 0, Sum: 0, Workers: 4
[271.183s][debug][gc,phases      ] GC(169)     Total                          Min: 0, Avg:  0.0, Max: 0, Diff: 0, Sum: 0, Workers: 4
[271.183s][debug][gc,phases      ] GC(169) Weak Processing 0.348ms
[271.183s][debug][gc,age         ] GC(169) Desired survivor size 186646528 bytes, new threshold 15 (max threshold 15)
[271.183s][info ][gc,heap        ] GC(169) PSYoungGen: 1860098K(1860608K)->124234K(1913344K) Eden: 1737728K(1737728K)->0K(1732608K) From: 122370K(122880K)->124234K(180736K)
[271.183s][info ][gc,heap        ] GC(169) ParOldGen: 606931K(757248K)->613340K(757248K)
[271.183s][info ][gc,metaspace   ] GC(169) Metaspace: 82607K(83456K)->82607K(83456K) NonClass: 71033K(71488K)->71033K(71488K) Class: 11574K(11968K)->11574K(11968K)
[271.183s][info ][gc             ] GC(169) Pause Young (Allocation Failure) 2409M->720M(2608M) 29.025ms
[271.183s][info ][gc,cpu         ] GC(169) User=0.11s Sys=0.00s Real=0.03s
[271.183s][info ][safepoint      ] Safepoint "ParallelGCFailedAllocation", Time since last: 29777658 ns, Reaching safepoint: 3195481 ns, At safepoint: 29152542 ns, Total: 32348023 ns
[272.183s][info ][safepoint      ] Safepoint "Cleanup", Time since last: 1000095845 ns, Reaching safepoint: 127303 ns, At safepoint: 19900 ns, Total: 147203 ns
[272.297s][info ][gc,start       ] GC(170) Pause Young (Allocation Failure)
[272.324s][debug][gc,phases      ] GC(170) Scavenge 26.388ms
[272.324s][debug][gc,ref         ] GC(170) Skipped phase 1 of Reference Processing: no references
[272.324s][debug][gc,ref         ] GC(170) ReferenceProcessor::execute queues: 1, RefProcThreadModel::Single, marks_oops_alive: false
[272.324s][debug][gc,ref         ] GC(170) Skipped phase 3 of Reference Processing: no references
[272.324s][debug][gc,ref         ] GC(170) ReferenceProcessor::execute queues: 1, RefProcThreadModel::Single, marks_oops_alive: false
[272.324s][debug][gc,phases      ] GC(170) Reference Processing 0.161ms
[272.324s][debug][gc,phases      ] GC(170)   VM Weak                        Min:  0.0, Avg:  0.0, Max:  0.0, Diff:  0.0, Sum:  0.0, Workers: 4
[272.324s][debug][gc,phases      ] GC(170)     Dead                           Min: 0, Avg:  0.0, Max: 0, Diff: 0, Sum: 0, Workers: 4
[272.324s][debug][gc,phases      ] GC(170)     Total                          Min: 0, Avg: 166.2, Max: 665, Diff: 665, Sum: 665, Workers: 4
[272.324s][debug][gc,phases      ] GC(170)   ObjectSynchronizer Weak        Min:  0.0, Avg:  0.0, Max:  0.0, Diff:  0.0, Sum:  0.0, Workers: 4
[272.324s][debug][gc,phases      ] GC(170)     Dead                           Min: 0, Avg:  0.0, Max: 0, Diff: 0, Sum: 0, Workers: 4
[272.324s][debug][gc,phases      ] GC(170)     Total                          Min: 0, Avg: 117.0, Max: 192, Diff: 192, Sum: 468, Workers: 4
[272.324s][debug][gc,phases      ] GC(170)   JVMTI Tag Weak OopStorage      Min:  0.0, Avg:  0.0, Max:  0.0, Diff:  0.0, Sum:  0.0, Workers: 4
[272.324s][debug][gc,phases      ] GC(170)     Dead                           Min: 0, Avg:  0.0, Max: 0, Diff: 0, Sum: 0, Workers: 4
[272.324s][debug][gc,phases      ] GC(170)     Total                          Min: 0, Avg:  0.0, Max: 0, Diff: 0, Sum: 0, Workers: 4
[272.324s][debug][gc,phases      ] GC(170)   StringTable Weak               Min:  0.1, Avg:  0.1, Max:  0.1, Diff:  0.0, Sum:  0.5, Workers: 4
[272.324s][debug][gc,phases      ] GC(170)     Dead                           Min: 0, Avg:  0.0, Max: 0, Diff: 0, Sum: 0, Workers: 4
[272.324s][debug][gc,phases      ] GC(170)     Total                          Min: 11520, Avg: 11957.5, Max: 12800, Diff: 1280, Sum: 47830, Workers: 4
[272.324s][debug][gc,phases      ] GC(170)   ResolvedMethodTable Weak       Min:  0.0, Avg:  0.0, Max:  0.0, Diff:  0.0, Sum:  0.1, Workers: 4
[272.324s][debug][gc,phases      ] GC(170)     Dead                           Min: 0, Avg:  0.0, Max: 0, Diff: 0, Sum: 0, Workers: 4
[272.324s][debug][gc,phases      ] GC(170)     Total                          Min: 1920, Avg: 2064.0, Max: 2176, Diff: 256, Sum: 8256, Workers: 4
[272.324s][debug][gc,phases      ] GC(170)   JNI Weak                       Min:  0.0, Avg:  0.0, Max:  0.0, Diff:  0.0, Sum:  0.0, Workers: 4
[272.324s][debug][gc,phases      ] GC(170)     Dead                           Min: 0, Avg:  0.0, Max: 0, Diff: 0, Sum: 0, Workers: 4
[272.324s][debug][gc,phases      ] GC(170)     Total                          Min: 0, Avg:  0.0, Max: 0, Diff: 0, Sum: 0, Workers: 4
[272.324s][debug][gc,phases      ] GC(170)   StringDedup Table Weak         Min:  0.0, Avg:  0.0, Max:  0.0, Diff:  0.0, Sum:  0.0, Workers: 4
[272.324s][debug][gc,phases      ] GC(170)     Dead                           Min: 0, Avg:  0.0, Max: 0, Diff: 0, Sum: 0, Workers: 4
[272.324s][debug][gc,phases      ] GC(170)     Total                          Min: 0, Avg:  0.0, Max: 0, Diff: 0, Sum: 0, Workers: 4
[272.324s][debug][gc,phases      ] GC(170)   StringDedup Requests0 Weak     Min:  0.0, Avg:  0.0, Max:  0.0, Diff:  0.0, Sum:  0.0, Workers: 4
[272.324s][debug][gc,phases      ] GC(170)     Dead                           Min: 0, Avg:  0.0, Max: 0, Diff: 0, Sum: 0, Workers: 4
[272.324s][debug][gc,phases      ] GC(170)     Total                          Min: 0, Avg:  0.0, Max: 0, Diff: 0, Sum: 0, Workers: 4
[272.324s][debug][gc,phases      ] GC(170)   StringDedup Requests1 Weak     Min:  0.0, Avg:  0.0, Max:  0.0, Diff:  0.0, Sum:  0.0, Workers: 4
[272.324s][debug][gc,phases      ] GC(170)     Dead                           Min: 0, Avg:  0.0, Max: 0, Diff: 0, Sum: 0, Workers: 4
[272.324s][debug][gc,phases      ] GC(170)     Total                          Min: 0, Avg:  0.0, Max: 0, Diff: 0, Sum: 0, Workers: 4
[272.324s][debug][gc,phases      ] GC(170)   Weak JFR Old Object Samples    Min:  0.0, Avg:  0.0, Max:  0.0, Diff:  0.0, Sum:  0.0, Workers: 4
[272.324s][debug][gc,phases      ] GC(170)     Dead                           Min: 0, Avg:  0.0, Max: 0, Diff: 0, Sum: 0, Workers: 4
[272.324s][debug][gc,phases      ] GC(170)     Total                          Min: 0, Avg:  0.0, Max: 0, Diff: 0, Sum: 0, Workers: 4
[272.324s][debug][gc,phases      ] GC(170) Weak Processing 0.345ms
[272.324s][debug][gc,age         ] GC(170) Desired survivor size 186646528 bytes, new threshold 15 (max threshold 15)
[272.324s][info ][gc,heap        ] GC(170) PSYoungGen: 1856842K(1913344K)->124176K(1914880K) Eden: 1732608K(1732608K)->0K(1732608K) From: 124234K(180736K)->124176K(182272K)
[272.324s][info ][gc,heap        ] GC(170) ParOldGen: 613340K(757248K)->620283K(757248K)
[272.324s][info ][gc,metaspace   ] GC(170) Metaspace: 82636K(83456K)->82636K(83456K) NonClass: 71060K(71488K)->71060K(71488K) Class: 11575K(11968K)->11575K(11968K)
[272.324s][info ][gc             ] GC(170) Pause Young (Allocation Failure) 2412M->727M(2609M) 27.040ms
[272.324s][info ][gc,cpu         ] GC(170) User=0.10s Sys=0.00s Real=0.03s
[272.324s][info ][safepoint      ] Safepoint "ParallelGCFailedAllocation", Time since last: 113713593 ns, Reaching safepoint: 107003 ns, At safepoint: 27134490 ns, Total: 27241493 ns
[273.200s][info ][gc,start       ] GC(171) Pause Young (Allocation Failure)
[273.228s][debug][gc,phases      ] GC(171) Scavenge 27.421ms
[273.228s][debug][gc,ref         ] GC(171) Skipped phase 1 of Reference Processing: no references
[273.228s][debug][gc,ref         ] GC(171) ReferenceProcessor::execute queues: 1, RefProcThreadModel::Single, marks_oops_alive: false
[273.228s][debug][gc,ref         ] GC(171) Skipped phase 3 of Reference Processing: no references
[273.228s][debug][gc,ref         ] GC(171) ReferenceProcessor::execute queues: 1, RefProcThreadModel::Single, marks_oops_alive: false
[273.228s][debug][gc,phases      ] GC(171) Reference Processing 0.137ms
[273.228s][debug][gc,phases      ] GC(171)   VM Weak                        Min:  0.0, Avg:  0.0, Max:  0.0, Diff:  0.0, Sum:  0.0, Workers: 4
[273.228s][debug][gc,phases      ] GC(171)     Dead                           Min: 0, Avg:  0.0, Max: 0, Diff: 0, Sum: 0, Workers: 4
[273.228s][debug][gc,phases      ] GC(171)     Total                          Min: 0, Avg: 167.2, Max: 576, Diff: 576, Sum: 669, Workers: 4
[273.228s][debug][gc,phases      ] GC(171)   ObjectSynchronizer Weak        Min:  0.0, Avg:  0.0, Max:  0.0, Diff:  0.0, Sum:  0.0, Workers: 4
[273.228s][debug][gc,phases      ] GC(171)     Dead                           Min: 0, Avg:  0.0, Max: 0, Diff: 0, Sum: 0, Workers: 4
[273.228s][debug][gc,phases      ] GC(171)     Total                          Min: 0, Avg: 117.0, Max: 192, Diff: 192, Sum: 468, Workers: 4
[273.228s][debug][gc,phases      ] GC(171)   JVMTI Tag Weak OopStorage      Min:  0.0, Avg:  0.0, Max:  0.0, Diff:  0.0, Sum:  0.0, Workers: 4
[273.228s][debug][gc,phases      ] GC(171)     Dead                           Min: 0, Avg:  0.0, Max: 0, Diff: 0, Sum: 0, Workers: 4
[273.228s][debug][gc,phases      ] GC(171)     Total                          Min: 0, Avg:  0.0, Max: 0, Diff: 0, Sum: 0, Workers: 4
[273.228s][debug][gc,phases      ] GC(171)   StringTable Weak               Min:  0.1, Avg:  0.1, Max:  0.1, Diff:  0.0, Sum:  0.5, Workers: 4
[273.228s][debug][gc,phases      ] GC(171)     Dead                           Min: 0, Avg:  0.2, Max: 1, Diff: 1, Sum: 1, Workers: 4
[273.228s][debug][gc,phases      ] GC(171)     Total                          Min: 10816, Avg: 11959.2, Max: 12543, Diff: 1727, Sum: 47837, Workers: 4
[273.228s][debug][gc,phases      ] GC(171)   ResolvedMethodTable Weak       Min:  0.0, Avg:  0.0, Max:  0.0, Diff:  0.0, Sum:  0.1, Workers: 4
[273.228s][debug][gc,phases      ] GC(171)     Dead                           Min: 0, Avg:  0.0, Max: 0, Diff: 0, Sum: 0, Workers: 4
[273.228s][debug][gc,phases      ] GC(171)     Total                          Min: 1472, Avg: 2068.0, Max: 2368, Diff: 896, Sum: 8272, Workers: 4
[273.228s][debug][gc,phases      ] GC(171)   JNI Weak                       Min:  0.0, Avg:  0.0, Max:  0.0, Diff:  0.0, Sum:  0.0, Workers: 4
[273.228s][debug][gc,phases      ] GC(171)     Dead                           Min: 0, Avg:  0.0, Max: 0, Diff: 0, Sum: 0, Workers: 4
[273.228s][debug][gc,phases      ] GC(171)     Total                          Min: 0, Avg:  0.0, Max: 0, Diff: 0, Sum: 0, Workers: 4
[273.228s][debug][gc,phases      ] GC(171)   StringDedup Table Weak         Min:  0.0, Avg:  0.0, Max:  0.0, Diff:  0.0, Sum:  0.0, Workers: 4
[273.228s][debug][gc,phases      ] GC(171)     Dead                           Min: 0, Avg:  0.0, Max: 0, Diff: 0, Sum: 0, Workers: 4
[273.228s][debug][gc,phases      ] GC(171)     Total                          Min: 0, Avg:  0.0, Max: 0, Diff: 0, Sum: 0, Workers: 4
[273.228s][debug][gc,phases      ] GC(171)   StringDedup Requests0 Weak     Min:  0.0, Avg:  0.0, Max:  0.0, Diff:  0.0, Sum:  0.0, Workers: 4
[273.228s][debug][gc,phases      ] GC(171)     Dead                           Min: 0, Avg:  0.0, Max: 0, Diff: 0, Sum: 0, Workers: 4
[273.228s][debug][gc,phases      ] GC(171)     Total                          Min: 0, Avg:  0.0, Max: 0, Diff: 0, Sum: 0, Workers: 4
[273.228s][debug][gc,phases      ] GC(171)   StringDedup Requests1 Weak     Min:  0.0, Avg:  0.0, Max:  0.0, Diff:  0.0, Sum:  0.0, Workers: 4
[273.228s][debug][gc,phases      ] GC(171)     Dead                           Min: 0, Avg:  0.0, Max: 0, Diff: 0, Sum: 0, Workers: 4
[273.228s][debug][gc,phases      ] GC(171)     Total                          Min: 0, Avg:  0.0, Max: 0, Diff: 0, Sum: 0, Workers: 4
[273.228s][debug][gc,phases      ] GC(171)   Weak JFR Old Object Samples    Min:  0.0, Avg:  0.0, Max:  0.0, Diff:  0.0, Sum:  0.0, Workers: 4
[273.228s][debug][gc,phases      ] GC(171)     Dead                           Min: 0, Avg:  0.0, Max: 0, Diff: 0, Sum: 0, Workers: 4
[273.228s][debug][gc,phases      ] GC(171)     Total                          Min: 0, Avg:  0.0, Max: 0, Diff: 0, Sum: 0, Workers: 4
[273.228s][debug][gc,phases      ] GC(171) Weak Processing 0.353ms
[273.228s][debug][gc,age         ] GC(171) Desired survivor size 188219392 bytes, new threshold 15 (max threshold 15)
[273.228s][info ][gc,heap        ] GC(171) PSYoungGen: 1856784K(1914880K)->128430K(1911808K) Eden: 1732608K(1732608K)->0K(1729536K) From: 124176K(182272K)->128430K(182272K)
[273.228s][info ][gc,heap        ] GC(171) ParOldGen: 620283K(757248K)->626584K(757248K)
[273.228s][info ][gc,metaspace   ] GC(171) Metaspace: 82659K(83520K)->82659K(83520K) NonClass: 71078K(71552K)->71078K(71552K) Class: 11580K(11968K)->11580K(11968K)
[273.228s][info ][gc             ] GC(171) Pause Young (Allocation Failure) 2419M->737M(2606M) 28.055ms
[273.228s][info ][gc,cpu         ] GC(171) User=0.11s Sys=0.00s Real=0.03s
[273.228s][info ][safepoint      ] Safepoint "ParallelGCFailedAllocation", Time since last: 875987487 ns, Reaching safepoint: 150304 ns, At safepoint: 28155316 ns, Total: 28305620 ns
[274.229s][info ][safepoint      ] Safepoint "Cleanup", Time since last: 1000103245 ns, Reaching safepoint: 235406 ns, At safepoint: 30701 ns, Total: 266107 ns
[274.352s][info ][gc,start       ] GC(172) Pause Young (Allocation Failure)
[274.383s][debug][gc,phases      ] GC(172) Scavenge 30.448ms
[274.383s][debug][gc,ref         ] GC(172) Skipped phase 1 of Reference Processing: no references
[274.383s][debug][gc,ref         ] GC(172) ReferenceProcessor::execute queues: 1, RefProcThreadModel::Single, marks_oops_alive: false
[274.383s][debug][gc,ref         ] GC(172) Skipped phase 3 of Reference Processing: no references
[274.383s][debug][gc,ref         ] GC(172) ReferenceProcessor::execute queues: 1, RefProcThreadModel::Single, marks_oops_alive: false
[274.383s][debug][gc,phases      ] GC(172) Reference Processing 0.177ms
[274.383s][debug][gc,phases      ] GC(172)   VM Weak                        Min:  0.0, Avg:  0.0, Max:  0.0, Diff:  0.0, Sum:  0.0, Workers: 4
[274.383s][debug][gc,phases      ] GC(172)     Dead                           Min: 0, Avg:  0.0, Max: 0, Diff: 0, Sum: 0, Workers: 4
[274.383s][debug][gc,phases      ] GC(172)     Total                          Min: 0, Avg: 169.2, Max: 384, Diff: 384, Sum: 677, Workers: 4
[274.383s][debug][gc,phases      ] GC(172)   ObjectSynchronizer Weak        Min:  0.0, Avg:  0.0, Max:  0.0, Diff:  0.0, Sum:  0.0, Workers: 4
[274.383s][debug][gc,phases      ] GC(172)     Dead                           Min: 0, Avg:  0.0, Max: 0, Diff: 0, Sum: 0, Workers: 4
[274.383s][debug][gc,phases      ] GC(172)     Total                          Min: 64, Avg: 117.0, Max: 192, Diff: 128, Sum: 468, Workers: 4
[274.383s][debug][gc,phases      ] GC(172)   JVMTI Tag Weak OopStorage      Min:  0.0, Avg:  0.0, Max:  0.0, Diff:  0.0, Sum:  0.0, Workers: 4
[274.383s][debug][gc,phases      ] GC(172)     Dead                           Min: 0, Avg:  0.0, Max: 0, Diff: 0, Sum: 0, Workers: 4
[274.383s][debug][gc,phases      ] GC(172)     Total                          Min: 0, Avg:  0.0, Max: 0, Diff: 0, Sum: 0, Workers: 4
[274.383s][debug][gc,phases      ] GC(172)   StringTable Weak               Min:  0.1, Avg:  0.1, Max:  0.1, Diff:  0.0, Sum:  0.5, Workers: 4
[274.383s][debug][gc,phases      ] GC(172)     Dead                           Min: 0, Avg:  0.2, Max: 1, Diff: 1, Sum: 1, Workers: 4
[274.383s][debug][gc,phases      ] GC(172)     Total                          Min: 10752, Avg: 11965.2, Max: 12736, Diff: 1984, Sum: 47861, Workers: 4
[274.383s][debug][gc,phases      ] GC(172)   ResolvedMethodTable Weak       Min:  0.0, Avg:  0.0, Max:  0.0, Diff:  0.0, Sum:  0.1, Workers: 4
[274.383s][debug][gc,phases      ] GC(172)     Dead                           Min: 0, Avg:  0.0, Max: 0, Diff: 0, Sum: 0, Workers: 4
[274.383s][debug][gc,phases      ] GC(172)     Total                          Min: 1920, Avg: 2077.2, Max: 2357, Diff: 437, Sum: 8309, Workers: 4
[274.383s][debug][gc,phases      ] GC(172)   JNI Weak                       Min:  0.0, Avg:  0.0, Max:  0.0, Diff:  0.0, Sum:  0.0, Workers: 4
[274.383s][debug][gc,phases      ] GC(172)     Dead                           Min: 0, Avg:  0.0, Max: 0, Diff: 0, Sum: 0, Workers: 4
[274.383s][debug][gc,phases      ] GC(172)     Total                          Min: 0, Avg:  0.5, Max: 2, Diff: 2, Sum: 2, Workers: 4
[274.383s][debug][gc,phases      ] GC(172)   StringDedup Table Weak         Min:  0.0, Avg:  0.0, Max:  0.0, Diff:  0.0, Sum:  0.0, Workers: 4
[274.383s][debug][gc,phases      ] GC(172)     Dead                           Min: 0, Avg:  0.0, Max: 0, Diff: 0, Sum: 0, Workers: 4
[274.383s][debug][gc,phases      ] GC(172)     Total                          Min: 0, Avg:  0.0, Max: 0, Diff: 0, Sum: 0, Workers: 4
[274.383s][debug][gc,phases      ] GC(172)   StringDedup Requests0 Weak     Min:  0.0, Avg:  0.0, Max:  0.0, Diff:  0.0, Sum:  0.0, Workers: 4
[274.383s][debug][gc,phases      ] GC(172)     Dead                           Min: 0, Avg:  0.0, Max: 0, Diff: 0, Sum: 0, Workers: 4
[274.383s][debug][gc,phases      ] GC(172)     Total                          Min: 0, Avg:  0.0, Max: 0, Diff: 0, Sum: 0, Workers: 4
[274.383s][debug][gc,phases      ] GC(172)   StringDedup Requests1 Weak     Min:  0.0, Avg:  0.0, Max:  0.0, Diff:  0.0, Sum:  0.0, Workers: 4
[274.383s][debug][gc,phases      ] GC(172)     Dead                           Min: 0, Avg:  0.0, Max: 0, Diff: 0, Sum: 0, Workers: 4
[274.383s][debug][gc,phases      ] GC(172)     Total                          Min: 0, Avg:  0.0, Max: 0, Diff: 0, Sum: 0, Workers: 4
[274.384s][debug][gc,phases      ] GC(172)   Weak JFR Old Object Samples    Min:  0.0, Avg:  0.0, Max:  0.0, Diff:  0.0, Sum:  0.0, Workers: 4
[274.384s][debug][gc,phases      ] GC(172)     Dead                           Min: 0, Avg:  0.0, Max: 0, Diff: 0, Sum: 0, Workers: 4
[274.384s][debug][gc,phases      ] GC(172)     Total                          Min: 0, Avg:  0.0, Max: 0, Diff: 0, Sum: 0, Workers: 4
[274.384s][debug][gc,phases      ] GC(172) Weak Processing 0.357ms
[274.384s][debug][gc,age         ] GC(172) Desired survivor size 188743680 bytes, new threshold 15 (max threshold 15)
[274.384s][info ][gc,heap        ] GC(172) PSYoungGen: 1857966K(1911808K)->128537K(1858560K) Eden: 1729536K(1729536K)->0K(1729536K) From: 128430K(182272K)->128537K(129024K)
[274.384s][info ][gc,heap        ] GC(172) ParOldGen: 626584K(757248K)->634066K(757248K)
[274.384s][info ][gc,metaspace   ] GC(172) Metaspace: 82726K(83520K)->82726K(83520K) NonClass: 71131K(71552K)->71131K(71552K) Class: 11595K(11968K)->11595K(11968K)
[274.384s][info ][gc             ] GC(172) Pause Young (Allocation Failure) 2426M->744M(2554M) 31.127ms
[274.384s][info ][gc,cpu         ] GC(172) User=0.15s Sys=0.00s Real=0.04s
[274.384s][info ][safepoint      ] Safepoint "ParallelGCFailedAllocation", Time since last: 123400939 ns, Reaching safepoint: 171205 ns, At safepoint: 31253195 ns, Total: 31424400 ns
[275.877s][info ][gc,start       ] GC(173) Pause Young (Allocation Failure)
[275.907s][debug][gc,phases      ] GC(173) Scavenge 29.796ms
[275.907s][debug][gc,ref         ] GC(173) Skipped phase 1 of Reference Processing: no references
[275.907s][debug][gc,ref         ] GC(173) ReferenceProcessor::execute queues: 1, RefProcThreadModel::Single, marks_oops_alive: false
[275.907s][debug][gc,ref         ] GC(173) Skipped phase 3 of Reference Processing: no references
[275.907s][debug][gc,ref         ] GC(173) Skipped phase 4 of Reference Processing: no references
[275.907s][debug][gc,phases      ] GC(173) Reference Processing 0.177ms
[275.907s][debug][gc,phases      ] GC(173)   VM Weak                        Min:  0.0, Avg:  0.0, Max:  0.0, Diff:  0.0, Sum:  0.0, Workers: 4
[275.907s][debug][gc,phases      ] GC(173)     Dead                           Min: 0, Avg:  0.0, Max: 0, Diff: 0, Sum: 0, Workers: 4
[275.907s][debug][gc,phases      ] GC(173)     Total                          Min: 0, Avg: 169.2, Max: 485, Diff: 485, Sum: 677, Workers: 4
[275.907s][debug][gc,phases      ] GC(173)   ObjectSynchronizer Weak        Min:  0.0, Avg:  0.0, Max:  0.0, Diff:  0.0, Sum:  0.0, Workers: 4
[275.907s][debug][gc,phases      ] GC(173)     Dead                           Min: 0, Avg:  0.0, Max: 0, Diff: 0, Sum: 0, Workers: 4
[275.907s][debug][gc,phases      ] GC(173)     Total                          Min: 0, Avg: 117.0, Max: 192, Diff: 192, Sum: 468, Workers: 4
[275.907s][debug][gc,phases      ] GC(173)   JVMTI Tag Weak OopStorage      Min:  0.0, Avg:  0.0, Max:  0.0, Diff:  0.0, Sum:  0.0, Workers: 4
[275.907s][debug][gc,phases      ] GC(173)     Dead                           Min: 0, Avg:  0.0, Max: 0, Diff: 0, Sum: 0, Workers: 4
[275.907s][debug][gc,phases      ] GC(173)     Total                          Min: 0, Avg:  0.0, Max: 0, Diff: 0, Sum: 0, Workers: 4
[275.907s][debug][gc,phases      ] GC(173)   StringTable Weak               Min:  0.1, Avg:  0.1, Max:  0.1, Diff:  0.0, Sum:  0.5, Workers: 4
[275.907s][debug][gc,phases      ] GC(173)     Dead                           Min: 0, Avg:  0.0, Max: 0, Diff: 0, Sum: 0, Workers: 4
[275.907s][debug][gc,phases      ] GC(173)     Total                          Min: 10688, Avg: 11966.5, Max: 12602, Diff: 1914, Sum: 47866, Workers: 4
[275.907s][debug][gc,phases      ] GC(173)   ResolvedMethodTable Weak       Min:  0.0, Avg:  0.0, Max:  0.0, Diff:  0.0, Sum:  0.1, Workers: 4
[275.907s][debug][gc,phases      ] GC(173)     Dead                           Min: 0, Avg:  0.0, Max: 0, Diff: 0, Sum: 0, Workers: 4
[275.907s][debug][gc,phases      ] GC(173)     Total                          Min: 1856, Avg: 2077.2, Max: 2240, Diff: 384, Sum: 8309, Workers: 4
[275.907s][debug][gc,phases      ] GC(173)   JNI Weak                       Min:  0.0, Avg:  0.0, Max:  0.0, Diff:  0.0, Sum:  0.0, Workers: 4
[275.907s][debug][gc,phases      ] GC(173)     Dead                           Min: 0, Avg:  0.0, Max: 0, Diff: 0, Sum: 0, Workers: 4
[275.907s][debug][gc,phases      ] GC(173)     Total                          Min: 0, Avg:  0.0, Max: 0, Diff: 0, Sum: 0, Workers: 4
[275.907s][debug][gc,phases      ] GC(173)   StringDedup Table Weak         Min:  0.0, Avg:  0.0, Max:  0.0, Diff:  0.0, Sum:  0.0, Workers: 4
[275.907s][debug][gc,phases      ] GC(173)     Dead                           Min: 0, Avg:  0.0, Max: 0, Diff: 0, Sum: 0, Workers: 4
[275.907s][debug][gc,phases      ] GC(173)     Total                          Min: 0, Avg:  0.0, Max: 0, Diff: 0, Sum: 0, Workers: 4
[275.907s][debug][gc,phases      ] GC(173)   StringDedup Requests0 Weak     Min:  0.0, Avg:  0.0, Max:  0.0, Diff:  0.0, Sum:  0.0, Workers: 4
[275.907s][debug][gc,phases      ] GC(173)     Dead                           Min: 0, Avg:  0.0, Max: 0, Diff: 0, Sum: 0, Workers: 4
[275.907s][debug][gc,phases      ] GC(173)     Total                          Min: 0, Avg:  0.0, Max: 0, Diff: 0, Sum: 0, Workers: 4
[275.907s][debug][gc,phases      ] GC(173)   StringDedup Requests1 Weak     Min:  0.0, Avg:  0.0, Max:  0.0, Diff:  0.0, Sum:  0.0, Workers: 4
[275.907s][debug][gc,phases      ] GC(173)     Dead                           Min: 0, Avg:  0.0, Max: 0, Diff: 0, Sum: 0, Workers: 4
[275.907s][debug][gc,phases      ] GC(173)     Total                          Min: 0, Avg:  0.0, Max: 0, Diff: 0, Sum: 0, Workers: 4
[275.907s][debug][gc,phases      ] GC(173)   Weak JFR Old Object Samples    Min:  0.0, Avg:  0.0, Max:  0.0, Diff:  0.0, Sum:  0.0, Workers: 4
[275.907s][debug][gc,phases      ] GC(173)     Dead                           Min: 0, Avg:  0.0, Max: 0, Diff: 0, Sum: 0, Workers: 4
[275.907s][debug][gc,phases      ] GC(173)     Total                          Min: 0, Avg:  0.0, Max: 0, Diff: 0, Sum: 0, Workers: 4
[275.907s][debug][gc,phases      ] GC(173) Weak Processing 0.336ms
[275.907s][debug][gc,age         ] GC(173) Desired survivor size 188743680 bytes, new threshold 15 (max threshold 15)
[275.907s][info ][gc,heap        ] GC(173) PSYoungGen: 1858073K(1858560K)->129001K(1912832K) Eden: 1729536K(1729536K)->0K(1728512K) From: 128537K(129024K)->129001K(184320K)
[275.907s][info ][gc,heap        ] GC(173) ParOldGen: 634066K(757248K)->641150K(757248K)
[275.907s][info ][gc,metaspace   ] GC(173) Metaspace: 82755K(83584K)->82755K(83584K) NonClass: 71159K(71616K)->71159K(71616K) Class: 11595K(11968K)->11595K(11968K)
[275.907s][info ][gc             ] GC(173) Pause Young (Allocation Failure) 2433M->752M(2607M) 30.456ms
[275.907s][info ][gc,cpu         ] GC(173) User=0.12s Sys=0.00s Real=0.03s
[275.907s][info ][safepoint      ] Safepoint "ParallelGCFailedAllocation", Time since last: 1493144788 ns, Reaching safepoint: 135503 ns, At safepoint: 30556978 ns, Total: 30692481 ns
[276.908s][info ][safepoint      ] Safepoint "Cleanup", Time since last: 1000077744 ns, Reaching safepoint: 62701 ns, At safepoint: 10300 ns, Total: 73001 ns
[277.908s][info ][safepoint      ] Safepoint "Cleanup", Time since last: 1000096044 ns, Reaching safepoint: 58002 ns, At safepoint: 6000 ns, Total: 64002 ns
[278.908s][info ][safepoint      ] Safepoint "Cleanup", Time since last: 1000111244 ns, Reaching safepoint: 59002 ns, At safepoint: 5700 ns, Total: 64702 ns
[279.757s][info ][safepoint      ] Safepoint "ParallelGCFailedAllocation", Time since last: 849264706 ns, Reaching safepoint: 75702 ns, At safepoint: 16301 ns, Total: 92003 ns
[279.758s][info ][gc,start       ] GC(174) Pause Young (GCLocker Initiated GC)
[279.786s][debug][gc,phases      ] GC(174) Scavenge 28.586ms
[279.786s][debug][gc,ref         ] GC(174) Skipped phase 1 of Reference Processing: no references
[279.786s][debug][gc,ref         ] GC(174) ReferenceProcessor::execute queues: 1, RefProcThreadModel::Single, marks_oops_alive: false
[279.786s][debug][gc,ref         ] GC(174) Skipped phase 3 of Reference Processing: no references
[279.786s][debug][gc,ref         ] GC(174) ReferenceProcessor::execute queues: 1, RefProcThreadModel::Single, marks_oops_alive: false
[279.786s][debug][gc,phases      ] GC(174) Reference Processing 0.178ms
[279.787s][debug][gc,phases      ] GC(174)   VM Weak                        Min:  0.0, Avg:  0.0, Max:  0.0, Diff:  0.0, Sum:  0.0, Workers: 4
[279.787s][debug][gc,phases      ] GC(174)     Dead                           Min: 0, Avg:  0.0, Max: 0, Diff: 0, Sum: 0, Workers: 4
[279.787s][debug][gc,phases      ] GC(174)     Total                          Min: 0, Avg: 169.2, Max: 448, Diff: 448, Sum: 677, Workers: 4
[279.787s][debug][gc,phases      ] GC(174)   ObjectSynchronizer Weak        Min:  0.0, Avg:  0.0, Max:  0.0, Diff:  0.0, Sum:  0.0, Workers: 4
[279.787s][debug][gc,phases      ] GC(174)     Dead                           Min: 0, Avg:  0.0, Max: 0, Diff: 0, Sum: 0, Workers: 4
[279.787s][debug][gc,phases      ] GC(174)     Total                          Min: 0, Avg: 117.0, Max: 212, Diff: 212, Sum: 468, Workers: 4
[279.787s][debug][gc,phases      ] GC(174)   JVMTI Tag Weak OopStorage      Min:  0.0, Avg:  0.0, Max:  0.0, Diff:  0.0, Sum:  0.0, Workers: 4
[279.787s][debug][gc,phases      ] GC(174)     Dead                           Min: 0, Avg:  0.0, Max: 0, Diff: 0, Sum: 0, Workers: 4
[279.787s][debug][gc,phases      ] GC(174)     Total                          Min: 0, Avg:  0.0, Max: 0, Diff: 0, Sum: 0, Workers: 4
[279.787s][debug][gc,phases      ] GC(174)   StringTable Weak               Min:  0.1, Avg:  0.1, Max:  0.1, Diff:  0.0, Sum:  0.5, Workers: 4
[279.787s][debug][gc,phases      ] GC(174)     Dead                           Min: 0, Avg:  0.0, Max: 0, Diff: 0, Sum: 0, Workers: 4
[279.787s][debug][gc,phases      ] GC(174)     Total                          Min: 11264, Avg: 11966.5, Max: 12736, Diff: 1472, Sum: 47866, Workers: 4
[279.787s][debug][gc,phases      ] GC(174)   ResolvedMethodTable Weak       Min:  0.0, Avg:  0.0, Max:  0.0, Diff:  0.0, Sum:  0.1, Workers: 4
[279.787s][debug][gc,phases      ] GC(174)     Dead                           Min: 0, Avg:  0.0, Max: 0, Diff: 0, Sum: 0, Workers: 4
[279.787s][debug][gc,phases      ] GC(174)     Total                          Min: 1664, Avg: 2077.2, Max: 2357, Diff: 693, Sum: 8309, Workers: 4
[279.787s][debug][gc,phases      ] GC(174)   JNI Weak                       Min:  0.0, Avg:  0.0, Max:  0.0, Diff:  0.0, Sum:  0.0, Workers: 4
[279.787s][debug][gc,phases      ] GC(174)     Dead                           Min: 0, Avg:  0.0, Max: 0, Diff: 0, Sum: 0, Workers: 4
[279.787s][debug][gc,phases      ] GC(174)     Total                          Min: 0, Avg:  0.0, Max: 0, Diff: 0, Sum: 0, Workers: 4
[279.787s][debug][gc,phases      ] GC(174)   StringDedup Table Weak         Min:  0.0, Avg:  0.0, Max:  0.0, Diff:  0.0, Sum:  0.0, Workers: 4
[279.787s][debug][gc,phases      ] GC(174)     Dead                           Min: 0, Avg:  0.0, Max: 0, Diff: 0, Sum: 0, Workers: 4
[279.787s][debug][gc,phases      ] GC(174)     Total                          Min: 0, Avg:  0.0, Max: 0, Diff: 0, Sum: 0, Workers: 4
[279.787s][debug][gc,phases      ] GC(174)   StringDedup Requests0 Weak     Min:  0.0, Avg:  0.0, Max:  0.0, Diff:  0.0, Sum:  0.0, Workers: 4
[279.787s][debug][gc,phases      ] GC(174)     Dead                           Min: 0, Avg:  0.0, Max: 0, Diff: 0, Sum: 0, Workers: 4
[279.787s][debug][gc,phases      ] GC(174)     Total                          Min: 0, Avg:  0.0, Max: 0, Diff: 0, Sum: 0, Workers: 4
[279.787s][debug][gc,phases      ] GC(174)   StringDedup Requests1 Weak     Min:  0.0, Avg:  0.0, Max:  0.0, Diff:  0.0, Sum:  0.0, Workers: 4
[279.787s][debug][gc,phases      ] GC(174)     Dead                           Min: 0, Avg:  0.0, Max: 0, Diff: 0, Sum: 0, Workers: 4
[279.787s][debug][gc,phases      ] GC(174)     Total                          Min: 0, Avg:  0.0, Max: 0, Diff: 0, Sum: 0, Workers: 4
[279.787s][debug][gc,phases      ] GC(174)   Weak JFR Old Object Samples    Min:  0.0, Avg:  0.0, Max:  0.0, Diff:  0.0, Sum:  0.0, Workers: 4
[279.787s][debug][gc,phases      ] GC(174)     Dead                           Min: 0, Avg:  0.0, Max: 0, Diff: 0, Sum: 0, Workers: 4
[279.787s][debug][gc,phases      ] GC(174)     Total                          Min: 0, Avg:  0.0, Max: 0, Diff: 0, Sum: 0, Workers: 4
[279.787s][debug][gc,phases      ] GC(174) Weak Processing 0.346ms
[279.787s][debug][gc,age         ] GC(174) Desired survivor size 189267968 bytes, new threshold 15 (max threshold 15)
[279.787s][info ][gc,heap        ] GC(174) PSYoungGen: 1857513K(1912832K)->132807K(1861632K) Eden: 1728512K(1728512K)->0K(1728512K) From: 129001K(184320K)->132807K(133120K)
[279.787s][info ][gc,heap        ] GC(174) ParOldGen: 641183K(757248K)->648908K(757248K)
[279.787s][info ][gc,metaspace   ] GC(174) Metaspace: 82779K(83584K)->82779K(83584K) NonClass: 71183K(71616K)->71183K(71616K) Class: 11595K(11968K)->11595K(11968K)
[279.787s][info ][gc             ] GC(174) Pause Young (GCLocker Initiated GC) 2440M->763M(2557M) 29.229ms
[279.787s][info ][gc,cpu         ] GC(174) User=0.11s Sys=0.00s Real=0.03s
[279.787s][info ][safepoint      ] Safepoint "ParallelGCSystemGC", Time since last: 71201 ns, Reaching safepoint: 92203 ns, At safepoint: 29317546 ns, Total: 29409749 ns
[280.787s][info ][safepoint      ] Safepoint "Cleanup", Time since last: 1000088543 ns, Reaching safepoint: 100503 ns, At safepoint: 11400 ns, Total: 111903 ns
[281.787s][info ][safepoint      ] Safepoint "Cleanup", Time since last: 1000097644 ns, Reaching safepoint: 56601 ns, At safepoint: 13700 ns, Total: 70301 ns
[282.787s][info ][safepoint      ] Safepoint "Cleanup", Time since last: 1000098244 ns, Reaching safepoint: 57201 ns, At safepoint: 8801 ns, Total: 66002 ns
[283.787s][info ][safepoint      ] Safepoint "Cleanup", Time since last: 1000059142 ns, Reaching safepoint: 45801 ns, At safepoint: 3400 ns, Total: 49201 ns
[284.788s][info ][safepoint      ] Safepoint "Cleanup", Time since last: 1000094643 ns, Reaching safepoint: 64802 ns, At safepoint: 8100 ns, Total: 72902 ns
[285.788s][info ][safepoint      ] Safepoint "Cleanup", Time since last: 1000109144 ns, Reaching safepoint: 51601 ns, At safepoint: 5700 ns, Total: 57301 ns
[286.788s][info ][safepoint      ] Safepoint "Cleanup", Time since last: 1000105544 ns, Reaching safepoint: 59801 ns, At safepoint: 6600 ns, Total: 66401 ns
[287.447s][info ][gc,start       ] GC(175) Pause Young (Allocation Failure)
[287.476s][debug][gc,phases      ] GC(175) Scavenge 28.204ms
[287.476s][debug][gc,ref         ] GC(175) Skipped phase 1 of Reference Processing: no references
[287.476s][debug][gc,ref         ] GC(175) ReferenceProcessor::execute queues: 1, RefProcThreadModel::Single, marks_oops_alive: false
[287.476s][debug][gc,ref         ] GC(175) Skipped phase 3 of Reference Processing: no references
[287.476s][debug][gc,ref         ] GC(175) ReferenceProcessor::execute queues: 1, RefProcThreadModel::Single, marks_oops_alive: false
[287.476s][debug][gc,phases      ] GC(175) Reference Processing 0.180ms
[287.476s][debug][gc,phases      ] GC(175)   VM Weak                        Min:  0.0, Avg:  0.0, Max:  0.0, Diff:  0.0, Sum:  0.0, Workers: 4
[287.476s][debug][gc,phases      ] GC(175)     Dead                           Min: 0, Avg:  0.0, Max: 0, Diff: 0, Sum: 0, Workers: 4
[287.476s][debug][gc,phases      ] GC(175)     Total                          Min: 0, Avg: 169.2, Max: 512, Diff: 512, Sum: 677, Workers: 4
[287.476s][debug][gc,phases      ] GC(175)   ObjectSynchronizer Weak        Min:  0.0, Avg:  0.0, Max:  0.0, Diff:  0.0, Sum:  0.0, Workers: 4
[287.476s][debug][gc,phases      ] GC(175)     Dead                           Min: 0, Avg:  0.0, Max: 0, Diff: 0, Sum: 0, Workers: 4
[287.476s][debug][gc,phases      ] GC(175)     Total                          Min: 0, Avg: 117.0, Max: 192, Diff: 192, Sum: 468, Workers: 4
[287.476s][debug][gc,phases      ] GC(175)   JVMTI Tag Weak OopStorage      Min:  0.0, Avg:  0.0, Max:  0.0, Diff:  0.0, Sum:  0.0, Workers: 4
[287.476s][debug][gc,phases      ] GC(175)     Dead                           Min: 0, Avg:  0.0, Max: 0, Diff: 0, Sum: 0, Workers: 4
[287.476s][debug][gc,phases      ] GC(175)     Total                          Min: 0, Avg:  0.0, Max: 0, Diff: 0, Sum: 0, Workers: 4
[287.476s][debug][gc,phases      ] GC(175)   StringTable Weak               Min:  0.1, Avg:  0.1, Max:  0.1, Diff:  0.0, Sum:  0.4, Workers: 4
[287.476s][debug][gc,phases      ] GC(175)     Dead                           Min: 0, Avg:  0.0, Max: 0, Diff: 0, Sum: 0, Workers: 4
[287.476s][debug][gc,phases      ] GC(175)     Total                          Min: 11392, Avg: 11972.0, Max: 13056, Diff: 1664, Sum: 47888, Workers: 4
[287.476s][debug][gc,phases      ] GC(175)   ResolvedMethodTable Weak       Min:  0.0, Avg:  0.0, Max:  0.0, Diff:  0.0, Sum:  0.1, Workers: 4
[287.476s][debug][gc,phases      ] GC(175)     Dead                           Min: 0, Avg:  0.0, Max: 0, Diff: 0, Sum: 0, Workers: 4
[287.476s][debug][gc,phases      ] GC(175)     Total                          Min: 1920, Avg: 2078.0, Max: 2240, Diff: 320, Sum: 8312, Workers: 4
[287.476s][debug][gc,phases      ] GC(175)   JNI Weak                       Min:  0.0, Avg:  0.0, Max:  0.0, Diff:  0.0, Sum:  0.0, Workers: 4
[287.476s][debug][gc,phases      ] GC(175)     Dead                           Min: 0, Avg:  0.0, Max: 0, Diff: 0, Sum: 0, Workers: 4
[287.476s][debug][gc,phases      ] GC(175)     Total                          Min: 0, Avg:  0.0, Max: 0, Diff: 0, Sum: 0, Workers: 4
[287.476s][debug][gc,phases      ] GC(175)   StringDedup Table Weak         Min:  0.0, Avg:  0.0, Max:  0.0, Diff:  0.0, Sum:  0.0, Workers: 4
[287.476s][debug][gc,phases      ] GC(175)     Dead                           Min: 0, Avg:  0.0, Max: 0, Diff: 0, Sum: 0, Workers: 4
[287.476s][debug][gc,phases      ] GC(175)     Total                          Min: 0, Avg:  0.0, Max: 0, Diff: 0, Sum: 0, Workers: 4
[287.476s][debug][gc,phases      ] GC(175)   StringDedup Requests0 Weak     Min:  0.0, Avg:  0.0, Max:  0.0, Diff:  0.0, Sum:  0.0, Workers: 4
[287.476s][debug][gc,phases      ] GC(175)     Dead                           Min: 0, Avg:  0.0, Max: 0, Diff: 0, Sum: 0, Workers: 4
[287.476s][debug][gc,phases      ] GC(175)     Total                          Min: 0, Avg:  0.0, Max: 0, Diff: 0, Sum: 0, Workers: 4
[287.476s][debug][gc,phases      ] GC(175)   StringDedup Requests1 Weak     Min:  0.0, Avg:  0.0, Max:  0.0, Diff:  0.0, Sum:  0.0, Workers: 4
[287.476s][debug][gc,phases      ] GC(175)     Dead                           Min: 0, Avg:  0.0, Max: 0, Diff: 0, Sum: 0, Workers: 4
[287.476s][debug][gc,phases      ] GC(175)     Total                          Min: 0, Avg:  0.0, Max: 0, Diff: 0, Sum: 0, Workers: 4
[287.476s][debug][gc,phases      ] GC(175)   Weak JFR Old Object Samples    Min:  0.0, Avg:  0.0, Max:  0.0, Diff:  0.0, Sum:  0.0, Workers: 4
[287.476s][debug][gc,phases      ] GC(175)     Dead                           Min: 0, Avg:  0.0, Max: 0, Diff: 0, Sum: 0, Workers: 4
[287.476s][debug][gc,phases      ] GC(175)     Total                          Min: 0, Avg:  0.0, Max: 0, Diff: 0, Sum: 0, Workers: 4
[287.476s][debug][gc,phases      ] GC(175) Weak Processing 0.343ms
[287.476s][debug][gc,age         ] GC(175) Desired survivor size 184549376 bytes, new threshold 15 (max threshold 15)
[287.476s][info ][gc,heap        ] GC(175) PSYoungGen: 1861319K(1861632K)->119122K(1916928K) Eden: 1728512K(1728512K)->0K(1732096K) From: 132807K(133120K)->119122K(184832K)
[287.476s][info ][gc,heap        ] GC(175) ParOldGen: 648970K(757248K)->656946K(757248K)
[287.476s][info ][gc,metaspace   ] GC(175) Metaspace: 82801K(83648K)->82801K(83648K) NonClass: 71204K(71680K)->71204K(71680K) Class: 11596K(11968K)->11596K(11968K)
[287.476s][info ][gc             ] GC(175) Pause Young (Allocation Failure) 2451M->757M(2611M) 28.882ms
[287.476s][info ][gc,cpu         ] GC(175) User=0.11s Sys=0.00s Real=0.03s
[287.476s][info ][safepoint      ] Safepoint "ParallelGCFailedAllocation", Time since last: 659277673 ns, Reaching safepoint: 119403 ns, At safepoint: 28977837 ns, Total: 29097240 ns
[288.477s][info ][safepoint      ] Safepoint "Cleanup", Time since last: 1000092543 ns, Reaching safepoint: 142603 ns, At safepoint: 8201 ns, Total: 150804 ns
[289.477s][info ][safepoint      ] Safepoint "Cleanup", Time since last: 1000114143 ns, Reaching safepoint: 125903 ns, At safepoint: 9600 ns, Total: 135503 ns
[290.477s][info ][safepoint      ] Safepoint "Cleanup", Time since last: 1000115943 ns, Reaching safepoint: 126104 ns, At safepoint: 11800 ns, Total: 137904 ns
[291.477s][info ][safepoint      ] Safepoint "Cleanup", Time since last: 1000115243 ns, Reaching safepoint: 135303 ns, At safepoint: 11901 ns, Total: 147204 ns
[292.478s][info ][safepoint      ] Safepoint "Cleanup", Time since last: 1000119143 ns, Reaching safepoint: 126003 ns, At safepoint: 9400 ns, Total: 135403 ns
[293.478s][info ][safepoint      ] Safepoint "Cleanup", Time since last: 1000113343 ns, Reaching safepoint: 137604 ns, At safepoint: 9300 ns, Total: 146904 ns
[294.478s][info ][safepoint      ] Safepoint "Cleanup", Time since last: 1000099042 ns, Reaching safepoint: 118903 ns, At safepoint: 9000 ns, Total: 127903 ns
[295.478s][info ][safepoint      ] Safepoint "Cleanup", Time since last: 1000121343 ns, Reaching safepoint: 153904 ns, At safepoint: 16901 ns, Total: 170805 ns
[296.479s][info ][safepoint      ] Safepoint "Cleanup", Time since last: 1000120942 ns, Reaching safepoint: 130704 ns, At safepoint: 17600 ns, Total: 148304 ns
[297.479s][info ][safepoint      ] Safepoint "Cleanup", Time since last: 1000099542 ns, Reaching safepoint: 112303 ns, At safepoint: 10600 ns, Total: 122903 ns
[298.479s][info ][safepoint      ] Safepoint "Cleanup", Time since last: 1000114043 ns, Reaching safepoint: 111203 ns, At safepoint: 11800 ns, Total: 123003 ns
[299.479s][info ][safepoint      ] Safepoint "Cleanup", Time since last: 1000125842 ns, Reaching safepoint: 124104 ns, At safepoint: 10800 ns, Total: 134904 ns
[300.480s][info ][safepoint      ] Safepoint "Cleanup", Time since last: 1000117042 ns, Reaching safepoint: 135403 ns, At safepoint: 12401 ns, Total: 147804 ns
[301.480s][info ][safepoint      ] Safepoint "Cleanup", Time since last: 1000115942 ns, Reaching safepoint: 127903 ns, At safepoint: 9000 ns, Total: 136903 ns
[302.480s][info ][safepoint      ] Safepoint "Cleanup", Time since last: 1000112042 ns, Reaching safepoint: 123403 ns, At safepoint: 26601 ns, Total: 150004 ns
[303.480s][info ][safepoint      ] Safepoint "Cleanup", Time since last: 1000115342 ns, Reaching safepoint: 127203 ns, At safepoint: 13901 ns, Total: 141104 ns
[306.481s][info ][safepoint      ] Safepoint "Cleanup", Time since last: 3000268223 ns, Reaching safepoint: 128103 ns, At safepoint: 14500 ns, Total: 142603 ns
[307.481s][info ][safepoint      ] Safepoint "Cleanup", Time since last: 1000112342 ns, Reaching safepoint: 123003 ns, At safepoint: 10900 ns, Total: 133903 ns
[308.481s][info ][safepoint      ] Safepoint "Cleanup", Time since last: 1000110841 ns, Reaching safepoint: 125204 ns, At safepoint: 13800 ns, Total: 139004 ns
[309.482s][info ][safepoint      ] Safepoint "Cleanup", Time since last: 1000108741 ns, Reaching safepoint: 138004 ns, At safepoint: 10100 ns, Total: 148104 ns
[311.482s][info ][safepoint      ] Safepoint "Cleanup", Time since last: 2000187181 ns, Reaching safepoint: 110203 ns, At safepoint: 11500 ns, Total: 121703 ns
[312.482s][info ][safepoint      ] Safepoint "Cleanup", Time since last: 1000110641 ns, Reaching safepoint: 50801 ns, At safepoint: 3300 ns, Total: 54101 ns
[312.728s][info ][gc,start       ] GC(176) Pause Young (Allocation Failure)
[312.752s][debug][gc,phases      ] GC(176) Scavenge 23.736ms
[312.752s][debug][gc,ref         ] GC(176) Skipped phase 1 of Reference Processing: no references
[312.752s][debug][gc,ref         ] GC(176) ReferenceProcessor::execute queues: 1, RefProcThreadModel::Single, marks_oops_alive: false
[312.752s][debug][gc,ref         ] GC(176) Skipped phase 3 of Reference Processing: no references
[312.752s][debug][gc,ref         ] GC(176) ReferenceProcessor::execute queues: 1, RefProcThreadModel::Single, marks_oops_alive: false
[312.752s][debug][gc,phases      ] GC(176) Reference Processing 0.167ms
[312.752s][debug][gc,phases      ] GC(176)   VM Weak                        Min:  0.0, Avg:  0.0, Max:  0.0, Diff:  0.0, Sum:  0.0, Workers: 4
[312.752s][debug][gc,phases      ] GC(176)     Dead                           Min: 0, Avg:  0.0, Max: 0, Diff: 0, Sum: 0, Workers: 4
[312.752s][debug][gc,phases      ] GC(176)     Total                          Min: 0, Avg: 173.0, Max: 692, Diff: 692, Sum: 692, Workers: 4
[312.752s][debug][gc,phases      ] GC(176)   ObjectSynchronizer Weak        Min:  0.0, Avg:  0.0, Max:  0.0, Diff:  0.0, Sum:  0.0, Workers: 4
[312.752s][debug][gc,phases      ] GC(176)     Dead                           Min: 0, Avg:  0.0, Max: 0, Diff: 0, Sum: 0, Workers: 4
[312.752s][debug][gc,phases      ] GC(176)     Total                          Min: 0, Avg: 117.0, Max: 320, Diff: 320, Sum: 468, Workers: 4
[312.752s][debug][gc,phases      ] GC(176)   JVMTI Tag Weak OopStorage      Min:  0.0, Avg:  0.0, Max:  0.0, Diff:  0.0, Sum:  0.0, Workers: 4
[312.752s][debug][gc,phases      ] GC(176)     Dead                           Min: 0, Avg:  0.0, Max: 0, Diff: 0, Sum: 0, Workers: 4
[312.752s][debug][gc,phases      ] GC(176)     Total                          Min: 0, Avg:  0.0, Max: 0, Diff: 0, Sum: 0, Workers: 4
[312.752s][debug][gc,phases      ] GC(176)   StringTable Weak               Min:  0.1, Avg:  0.1, Max:  0.1, Diff:  0.0, Sum:  0.5, Workers: 4
[312.752s][debug][gc,phases      ] GC(176)     Dead                           Min: 0, Avg:  0.2, Max: 1, Diff: 1, Sum: 1, Workers: 4
[312.752s][debug][gc,phases      ] GC(176)     Total                          Min: 11328, Avg: 11990.8, Max: 13376, Diff: 2048, Sum: 47963, Workers: 4
[312.752s][debug][gc,phases      ] GC(176)   ResolvedMethodTable Weak       Min:  0.0, Avg:  0.0, Max:  0.0, Diff:  0.0, Sum:  0.1, Workers: 4
[312.752s][debug][gc,phases      ] GC(176)     Dead                           Min: 0, Avg:  0.2, Max: 1, Diff: 1, Sum: 1, Workers: 4
[312.752s][debug][gc,phases      ] GC(176)     Total                          Min: 1792, Avg: 2089.5, Max: 2368, Diff: 576, Sum: 8358, Workers: 4
[312.752s][debug][gc,phases      ] GC(176)   JNI Weak                       Min:  0.0, Avg:  0.0, Max:  0.0, Diff:  0.0, Sum:  0.0, Workers: 4
[312.752s][debug][gc,phases      ] GC(176)     Dead                           Min: 0, Avg:  0.0, Max: 0, Diff: 0, Sum: 0, Workers: 4
[312.752s][debug][gc,phases      ] GC(176)     Total                          Min: 0, Avg:  0.0, Max: 0, Diff: 0, Sum: 0, Workers: 4
[312.752s][debug][gc,phases      ] GC(176)   StringDedup Table Weak         Min:  0.0, Avg:  0.0, Max:  0.0, Diff:  0.0, Sum:  0.0, Workers: 4
[312.753s][debug][gc,phases      ] GC(176)     Dead                           Min: 0, Avg:  0.0, Max: 0, Diff: 0, Sum: 0, Workers: 4
[312.753s][debug][gc,phases      ] GC(176)     Total                          Min: 0, Avg:  0.0, Max: 0, Diff: 0, Sum: 0, Workers: 4
[312.753s][debug][gc,phases      ] GC(176)   StringDedup Requests0 Weak     Min:  0.0, Avg:  0.0, Max:  0.0, Diff:  0.0, Sum:  0.0, Workers: 4
[312.753s][debug][gc,phases      ] GC(176)     Dead                           Min: 0, Avg:  0.0, Max: 0, Diff: 0, Sum: 0, Workers: 4
[312.753s][debug][gc,phases      ] GC(176)     Total                          Min: 0, Avg:  0.0, Max: 0, Diff: 0, Sum: 0, Workers: 4
[312.753s][debug][gc,phases      ] GC(176)   StringDedup Requests1 Weak     Min:  0.0, Avg:  0.0, Max:  0.0, Diff:  0.0, Sum:  0.0, Workers: 4
[312.753s][debug][gc,phases      ] GC(176)     Dead                           Min: 0, Avg:  0.0, Max: 0, Diff: 0, Sum: 0, Workers: 4
[312.753s][debug][gc,phases      ] GC(176)     Total                          Min: 0, Avg:  0.0, Max: 0, Diff: 0, Sum: 0, Workers: 4
[312.753s][debug][gc,phases      ] GC(176)   Weak JFR Old Object Samples    Min:  0.0, Avg:  0.0, Max:  0.0, Diff:  0.0, Sum:  0.0, Workers: 4
[312.753s][debug][gc,phases      ] GC(176)     Dead                           Min: 0, Avg:  0.0, Max: 0, Diff: 0, Sum: 0, Workers: 4
[312.753s][debug][gc,phases      ] GC(176)     Total                          Min: 0, Avg:  0.0, Max: 0, Diff: 0, Sum: 0, Workers: 4
[312.753s][debug][gc,phases      ] GC(176) Weak Processing 0.344ms
[312.753s][debug][gc,age         ] GC(176) Desired survivor size 177733632 bytes, new threshold 15 (max threshold 15)
[312.753s][info ][gc,heap        ] GC(176) PSYoungGen: 1851218K(1916928K)->112401K(1912320K) Eden: 1732096K(1732096K)->0K(1732096K) From: 119122K(184832K)->112401K(180224K)
[312.753s][info ][gc,heap        ] GC(176) ParOldGen: 656946K(757248K)->664500K(757248K)
[312.753s][info ][gc,metaspace   ] GC(176) Metaspace: 83054K(83904K)->83054K(83904K) NonClass: 71423K(71872K)->71423K(71872K) Class: 11631K(12032K)->11631K(12032K)
[312.753s][info ][gc             ] GC(176) Pause Young (Allocation Failure) 2449M->758M(2607M) 24.381ms
[312.753s][info ][gc,cpu         ] GC(176) User=0.09s Sys=0.01s Real=0.02s
[312.753s][info ][safepoint      ] Safepoint "ParallelGCFailedAllocation", Time since last: 246039659 ns, Reaching safepoint: 96403 ns, At safepoint: 24472022 ns, Total: 24568425 ns
[313.753s][info ][safepoint      ] Safepoint "Cleanup", Time since last: 1000091940 ns, Reaching safepoint: 62302 ns, At safepoint: 8500 ns, Total: 70802 ns
[314.753s][info ][safepoint      ] Safepoint "Cleanup", Time since last: 1000120041 ns, Reaching safepoint: 57402 ns, At safepoint: 4000 ns, Total: 61402 ns
[315.753s][info ][safepoint      ] Safepoint "Cleanup", Time since last: 1000112340 ns, Reaching safepoint: 56802 ns, At safepoint: 10500 ns, Total: 67302 ns
[316.753s][info ][safepoint      ] Safepoint "Cleanup", Time since last: 1000130241 ns, Reaching safepoint: 68802 ns, At safepoint: 8600 ns, Total: 77402 ns
[317.754s][info ][safepoint      ] Safepoint "Cleanup", Time since last: 1000141941 ns, Reaching safepoint: 61502 ns, At safepoint: 4500 ns, Total: 66002 ns
[318.754s][info ][safepoint      ] Safepoint "Cleanup", Time since last: 1000133641 ns, Reaching safepoint: 53501 ns, At safepoint: 4200 ns, Total: 57701 ns
[320.838s][info ][safepoint      ] Safepoint "Cleanup", Time since last: 2084268818 ns, Reaching safepoint: 84203 ns, At safepoint: 8400 ns, Total: 92603 ns
[323.838s][info ][safepoint      ] Safepoint "Cleanup", Time since last: 3000253918 ns, Reaching safepoint: 58801 ns, At safepoint: 6500 ns, Total: 65301 ns
[324.839s][info ][safepoint      ] Safepoint "Cleanup", Time since last: 1000119740 ns, Reaching safepoint: 56102 ns, At safepoint: 8800 ns, Total: 64902 ns
[327.839s][info ][safepoint      ] Safepoint "Cleanup", Time since last: 3000247716 ns, Reaching safepoint: 65302 ns, At safepoint: 8400 ns, Total: 73702 ns
[328.839s][info ][safepoint      ] Safepoint "Cleanup", Time since last: 1000099139 ns, Reaching safepoint: 51202 ns, At safepoint: 3400 ns, Total: 54602 ns
[331.839s][info ][safepoint      ] Safepoint "Cleanup", Time since last: 3000233215 ns, Reaching safepoint: 52401 ns, At safepoint: 7600 ns, Total: 60001 ns
[333.840s][info ][safepoint      ] Safepoint "Cleanup", Time since last: 2000177577 ns, Reaching safepoint: 58801 ns, At safepoint: 10501 ns, Total: 69302 ns
[334.840s][info ][safepoint      ] Safepoint "Cleanup", Time since last: 1000112438 ns, Reaching safepoint: 48202 ns, At safepoint: 4100 ns, Total: 52302 ns
[336.840s][info ][safepoint      ] Safepoint "Cleanup", Time since last: 2000173976 ns, Reaching safepoint: 57001 ns, At safepoint: 10401 ns, Total: 67402 ns
[338.840s][info ][safepoint      ] Safepoint "Cleanup", Time since last: 2000181776 ns, Reaching safepoint: 47901 ns, At safepoint: 4100 ns, Total: 52001 ns
[339.840s][info ][safepoint      ] Safepoint "Cleanup", Time since last: 1000108338 ns, Reaching safepoint: 57202 ns, At safepoint: 7800 ns, Total: 65002 ns
[340.841s][info ][safepoint      ] Safepoint "Cleanup", Time since last: 1000107638 ns, Reaching safepoint: 48301 ns, At safepoint: 6300 ns, Total: 54601 ns
[342.841s][info ][safepoint      ] Safepoint "Cleanup", Time since last: 2000186576 ns, Reaching safepoint: 57301 ns, At safepoint: 3700 ns, Total: 61001 ns
[345.841s][info ][safepoint      ] Safepoint "Cleanup", Time since last: 3000250412 ns, Reaching safepoint: 60101 ns, At safepoint: 9501 ns, Total: 69602 ns
[346.841s][info ][safepoint      ] Safepoint "Cleanup", Time since last: 1000111537 ns, Reaching safepoint: 51302 ns, At safepoint: 7100 ns, Total: 58402 ns
[347.842s][info ][safepoint      ] Safepoint "Cleanup", Time since last: 1000108537 ns, Reaching safepoint: 46002 ns, At safepoint: 5700 ns, Total: 51702 ns
[348.842s][info ][safepoint      ] Safepoint "Cleanup", Time since last: 1000099637 ns, Reaching safepoint: 121903 ns, At safepoint: 31001 ns, Total: 152904 ns
[348.871s][info ][gc,start       ] GC(177) Pause Young (Allocation Failure)
[348.898s][debug][gc,phases      ] GC(177) Scavenge 27.056ms
[348.899s][debug][gc,ref         ] GC(177) Skipped phase 1 of Reference Processing: no references
[348.899s][debug][gc,ref         ] GC(177) ReferenceProcessor::execute queues: 1, RefProcThreadModel::Single, marks_oops_alive: false
[348.899s][debug][gc,ref         ] GC(177) Skipped phase 3 of Reference Processing: no references
[348.899s][debug][gc,ref         ] GC(177) ReferenceProcessor::execute queues: 1, RefProcThreadModel::Single, marks_oops_alive: false
[348.899s][debug][gc,phases      ] GC(177) Reference Processing 0.132ms
[348.899s][debug][gc,phases      ] GC(177)   VM Weak                        Min:  0.0, Avg:  0.0, Max:  0.0, Diff:  0.0, Sum:  0.0, Workers: 4
[348.899s][debug][gc,phases      ] GC(177)     Dead                           Min: 0, Avg:  0.0, Max: 0, Diff: 0, Sum: 0, Workers: 4
[348.899s][debug][gc,phases      ] GC(177)     Total                          Min: 0, Avg: 173.0, Max: 500, Diff: 500, Sum: 692, Workers: 4
[348.899s][debug][gc,phases      ] GC(177)   ObjectSynchronizer Weak        Min:  0.0, Avg:  0.0, Max:  0.0, Diff:  0.0, Sum:  0.0, Workers: 4
[348.899s][debug][gc,phases      ] GC(177)     Dead                           Min: 0, Avg:  0.0, Max: 0, Diff: 0, Sum: 0, Workers: 4
[348.899s][debug][gc,phases      ] GC(177)     Total                          Min: 0, Avg: 117.0, Max: 256, Diff: 256, Sum: 468, Workers: 4
[348.899s][debug][gc,phases      ] GC(177)   JVMTI Tag Weak OopStorage      Min:  0.0, Avg:  0.0, Max:  0.0, Diff:  0.0, Sum:  0.0, Workers: 4
[348.899s][debug][gc,phases      ] GC(177)     Dead                           Min: 0, Avg:  0.0, Max: 0, Diff: 0, Sum: 0, Workers: 4
[348.899s][debug][gc,phases      ] GC(177)     Total                          Min: 0, Avg:  0.0, Max: 0, Diff: 0, Sum: 0, Workers: 4
[348.899s][debug][gc,phases      ] GC(177)   StringTable Weak               Min:  0.1, Avg:  0.1, Max:  0.1, Diff:  0.0, Sum:  0.4, Workers: 4
[348.899s][debug][gc,phases      ] GC(177)     Dead                           Min: 0, Avg:  0.0, Max: 0, Diff: 0, Sum: 0, Workers: 4
[348.899s][debug][gc,phases      ] GC(177)     Total                          Min: 11264, Avg: 12004.8, Max: 12883, Diff: 1619, Sum: 48019, Workers: 4
[348.899s][debug][gc,phases      ] GC(177)   ResolvedMethodTable Weak       Min:  0.0, Avg:  0.0, Max:  0.0, Diff:  0.0, Sum:  0.1, Workers: 4
[348.899s][debug][gc,phases      ] GC(177)     Dead                           Min: 0, Avg:  0.0, Max: 0, Diff: 0, Sum: 0, Workers: 4
[348.899s][debug][gc,phases      ] GC(177)     Total                          Min: 1856, Avg: 2090.2, Max: 2304, Diff: 448, Sum: 8361, Workers: 4
[348.899s][debug][gc,phases      ] GC(177)   JNI Weak                       Min:  0.0, Avg:  0.0, Max:  0.0, Diff:  0.0, Sum:  0.0, Workers: 4
[348.899s][debug][gc,phases      ] GC(177)     Dead                           Min: 0, Avg:  0.0, Max: 0, Diff: 0, Sum: 0, Workers: 4
[348.899s][debug][gc,phases      ] GC(177)     Total                          Min: 0, Avg:  0.0, Max: 0, Diff: 0, Sum: 0, Workers: 4
[348.899s][debug][gc,phases      ] GC(177)   StringDedup Table Weak         Min:  0.0, Avg:  0.0, Max:  0.0, Diff:  0.0, Sum:  0.0, Workers: 4
[348.899s][debug][gc,phases      ] GC(177)     Dead                           Min: 0, Avg:  0.0, Max: 0, Diff: 0, Sum: 0, Workers: 4
[348.899s][debug][gc,phases      ] GC(177)     Total                          Min: 0, Avg:  0.0, Max: 0, Diff: 0, Sum: 0, Workers: 4
[348.899s][debug][gc,phases      ] GC(177)   StringDedup Requests0 Weak     Min:  0.0, Avg:  0.0, Max:  0.0, Diff:  0.0, Sum:  0.0, Workers: 4
[348.899s][debug][gc,phases      ] GC(177)     Dead                           Min: 0, Avg:  0.0, Max: 0, Diff: 0, Sum: 0, Workers: 4
[348.899s][debug][gc,phases      ] GC(177)     Total                          Min: 0, Avg:  0.0, Max: 0, Diff: 0, Sum: 0, Workers: 4
[348.899s][debug][gc,phases      ] GC(177)   StringDedup Requests1 Weak     Min:  0.0, Avg:  0.0, Max:  0.0, Diff:  0.0, Sum:  0.0, Workers: 4
[348.899s][debug][gc,phases      ] GC(177)     Dead                           Min: 0, Avg:  0.0, Max: 0, Diff: 0, Sum: 0, Workers: 4
[348.899s][debug][gc,phases      ] GC(177)     Total                          Min: 0, Avg:  0.0, Max: 0, Diff: 0, Sum: 0, Workers: 4
[348.899s][debug][gc,phases      ] GC(177)   Weak JFR Old Object Samples    Min:  0.0, Avg:  0.0, Max:  0.0, Diff:  0.0, Sum:  0.0, Workers: 4
[348.899s][debug][gc,phases      ] GC(177)     Dead                           Min: 0, Avg:  0.0, Max: 0, Diff: 0, Sum: 0, Workers: 4
[348.899s][debug][gc,phases      ] GC(177)     Total                          Min: 0, Avg:  0.0, Max: 0, Diff: 0, Sum: 0, Workers: 4
[348.899s][debug][gc,phases      ] GC(177) Weak Processing 0.326ms
[348.899s][debug][gc,age         ] GC(177) Desired survivor size 171966464 bytes, new threshold 15 (max threshold 15)
[348.899s][info ][gc,heap        ] GC(177) PSYoungGen: 1844497K(1912320K)->111394K(1929216K) Eden: 1732096K(1732096K)->0K(1755648K) From: 112401K(180224K)->111394K(173568K)
[348.899s][info ][gc,heap        ] GC(177) ParOldGen: 664500K(757248K)->672269K(757248K)
[348.899s][info ][gc,metaspace   ] GC(177) Metaspace: 83096K(83968K)->83096K(83968K) NonClass: 71464K(71936K)->71464K(71936K) Class: 11632K(12032K)->11632K(12032K)
[348.899s][info ][gc             ] GC(177) Pause Young (Allocation Failure) 2450M->765M(2623M) 27.654ms
[348.899s][info ][gc,cpu         ] GC(177) User=0.11s Sys=0.00s Real=0.03s
[348.899s][info ][safepoint      ] Safepoint "ParallelGCFailedAllocation", Time since last: 29461149 ns, Reaching safepoint: 94403 ns, At safepoint: 27734305 ns, Total: 27828708 ns
[349.899s][info ][safepoint      ] Safepoint "Cleanup", Time since last: 1000083437 ns, Reaching safepoint: 130203 ns, At safepoint: 14800 ns, Total: 145003 ns
[350.899s][info ][safepoint      ] Safepoint "Cleanup", Time since last: 1000104738 ns, Reaching safepoint: 55201 ns, At safepoint: 10100 ns, Total: 65301 ns
[352.437s][info ][safepoint      ] Safepoint "Cleanup", Time since last: 1537108196 ns, Reaching safepoint: 56601 ns, At safepoint: 8300 ns, Total: 64901 ns
[353.110s][info ][gc,start       ] GC(178) Pause Young (Allocation Failure)
[353.133s][debug][gc,phases      ] GC(178) Scavenge 22.554ms
[353.133s][debug][gc,ref         ] GC(178) Skipped phase 1 of Reference Processing: no references
[353.133s][debug][gc,ref         ] GC(178) ReferenceProcessor::execute queues: 1, RefProcThreadModel::Single, marks_oops_alive: false
[353.133s][debug][gc,ref         ] GC(178) Skipped phase 3 of Reference Processing: no references
[353.133s][debug][gc,ref         ] GC(178) ReferenceProcessor::execute queues: 1, RefProcThreadModel::Single, marks_oops_alive: false
[353.133s][debug][gc,phases      ] GC(178) Reference Processing 0.156ms
[353.133s][debug][gc,phases      ] GC(178)   VM Weak                        Min:  0.0, Avg:  0.0, Max:  0.0, Diff:  0.0, Sum:  0.0, Workers: 4
[353.133s][debug][gc,phases      ] GC(178)     Dead                           Min: 0, Avg:  0.0, Max: 0, Diff: 0, Sum: 0, Workers: 4
[353.133s][debug][gc,phases      ] GC(178)     Total                          Min: 0, Avg: 173.2, Max: 640, Diff: 640, Sum: 693, Workers: 4
[353.133s][debug][gc,phases      ] GC(178)   ObjectSynchronizer Weak        Min:  0.0, Avg:  0.0, Max:  0.0, Diff:  0.0, Sum:  0.0, Workers: 4
[353.133s][debug][gc,phases      ] GC(178)     Dead                           Min: 0, Avg:  0.0, Max: 0, Diff: 0, Sum: 0, Workers: 4
[353.133s][debug][gc,phases      ] GC(178)     Total                          Min: 0, Avg: 117.0, Max: 256, Diff: 256, Sum: 468, Workers: 4
[353.133s][debug][gc,phases      ] GC(178)   JVMTI Tag Weak OopStorage      Min:  0.0, Avg:  0.0, Max:  0.0, Diff:  0.0, Sum:  0.0, Workers: 4
[353.133s][debug][gc,phases      ] GC(178)     Dead                           Min: 0, Avg:  0.0, Max: 0, Diff: 0, Sum: 0, Workers: 4
[353.133s][debug][gc,phases      ] GC(178)     Total                          Min: 0, Avg:  0.0, Max: 0, Diff: 0, Sum: 0, Workers: 4
[353.133s][debug][gc,phases      ] GC(178)   StringTable Weak               Min:  0.1, Avg:  0.1, Max:  0.1, Diff:  0.0, Sum:  0.4, Workers: 4
[353.133s][debug][gc,phases      ] GC(178)     Dead                           Min: 0, Avg:  0.2, Max: 1, Diff: 1, Sum: 1, Workers: 4
[353.133s][debug][gc,phases      ] GC(178)     Total                          Min: 11136, Avg: 12009.0, Max: 12735, Diff: 1599, Sum: 48036, Workers: 4
[353.133s][debug][gc,phases      ] GC(178)   ResolvedMethodTable Weak       Min:  0.0, Avg:  0.0, Max:  0.0, Diff:  0.0, Sum:  0.1, Workers: 4
[353.133s][debug][gc,phases      ] GC(178)     Dead                           Min: 0, Avg:  0.0, Max: 0, Diff: 0, Sum: 0, Workers: 4
[353.133s][debug][gc,phases      ] GC(178)     Total                          Min: 1920, Avg: 2093.0, Max: 2304, Diff: 384, Sum: 8372, Workers: 4
[353.133s][debug][gc,phases      ] GC(178)   JNI Weak                       Min:  0.0, Avg:  0.0, Max:  0.0, Diff:  0.0, Sum:  0.0, Workers: 4
[353.133s][debug][gc,phases      ] GC(178)     Dead                           Min: 0, Avg:  0.0, Max: 0, Diff: 0, Sum: 0, Workers: 4
[353.133s][debug][gc,phases      ] GC(178)     Total                          Min: 0, Avg:  0.0, Max: 0, Diff: 0, Sum: 0, Workers: 4
[353.133s][debug][gc,phases      ] GC(178)   StringDedup Table Weak         Min:  0.0, Avg:  0.0, Max:  0.0, Diff:  0.0, Sum:  0.0, Workers: 4
[353.133s][debug][gc,phases      ] GC(178)     Dead                           Min: 0, Avg:  0.0, Max: 0, Diff: 0, Sum: 0, Workers: 4
[353.133s][debug][gc,phases      ] GC(178)     Total                          Min: 0, Avg:  0.0, Max: 0, Diff: 0, Sum: 0, Workers: 4
[353.133s][debug][gc,phases      ] GC(178)   StringDedup Requests0 Weak     Min:  0.0, Avg:  0.0, Max:  0.0, Diff:  0.0, Sum:  0.0, Workers: 4
[353.133s][debug][gc,phases      ] GC(178)     Dead                           Min: 0, Avg:  0.0, Max: 0, Diff: 0, Sum: 0, Workers: 4
[353.133s][debug][gc,phases      ] GC(178)     Total                          Min: 0, Avg:  0.0, Max: 0, Diff: 0, Sum: 0, Workers: 4
[353.133s][debug][gc,phases      ] GC(178)   StringDedup Requests1 Weak     Min:  0.0, Avg:  0.0, Max:  0.0, Diff:  0.0, Sum:  0.0, Workers: 4
[353.133s][debug][gc,phases      ] GC(178)     Dead                           Min: 0, Avg:  0.0, Max: 0, Diff: 0, Sum: 0, Workers: 4
[353.133s][debug][gc,phases      ] GC(178)     Total                          Min: 0, Avg:  0.0, Max: 0, Diff: 0, Sum: 0, Workers: 4
[353.133s][debug][gc,phases      ] GC(178)   Weak JFR Old Object Samples    Min:  0.0, Avg:  0.0, Max:  0.0, Diff:  0.0, Sum:  0.0, Workers: 4
[353.133s][debug][gc,phases      ] GC(178)     Dead                           Min: 0, Avg:  0.0, Max: 0, Diff: 0, Sum: 0, Workers: 4
[353.133s][debug][gc,phases      ] GC(178)     Total                          Min: 0, Avg:  0.0, Max: 0, Diff: 0, Sum: 0, Workers: 4
[353.133s][debug][gc,phases      ] GC(178) Weak Processing 0.313ms
[353.133s][debug][gc,age         ] GC(178) Desired survivor size 166723584 bytes, new threshold 15 (max threshold 15)
[353.133s][info ][gc,heap        ] GC(178) PSYoungGen: 1867042K(1929216K)->110465K(1923584K) Eden: 1755648K(1755648K)->0K(1755648K) From: 111394K(173568K)->110465K(167936K)
[353.133s][info ][gc,heap        ] GC(178) ParOldGen: 672269K(757248K)->679810K(757248K)
[353.133s][info ][gc,metaspace   ] GC(178) Metaspace: 83133K(83968K)->83133K(83968K) NonClass: 71492K(71936K)->71492K(71936K) Class: 11640K(12032K)->11640K(12032K)
[353.133s][info ][gc             ] GC(178) Pause Young (Allocation Failure) 2479M->771M(2618M) 23.170ms
[353.133s][info ][gc,cpu         ] GC(178) User=0.08s Sys=0.00s Real=0.02s
[353.133s][info ][safepoint      ] Safepoint "ParallelGCFailedAllocation", Time since last: 673086920 ns, Reaching safepoint: 122703 ns, At safepoint: 23279892 ns, Total: 23402595 ns
[354.133s][info ][safepoint      ] Safepoint "Cleanup", Time since last: 1000053336 ns, Reaching safepoint: 50001 ns, At safepoint: 8700 ns, Total: 58701 ns
[356.134s][info ][safepoint      ] Safepoint "Cleanup", Time since last: 2000174573 ns, Reaching safepoint: 67201 ns, At safepoint: 10301 ns, Total: 77502 ns
[357.134s][info ][safepoint      ] Safepoint "Cleanup", Time since last: 1000106836 ns, Reaching safepoint: 125304 ns, At safepoint: 10400 ns, Total: 135704 ns
[358.134s][info ][safepoint      ] Safepoint "Cleanup", Time since last: 1000092936 ns, Reaching safepoint: 49201 ns, At safepoint: 5701 ns, Total: 54902 ns
[359.398s][info ][safepoint      ] Safepoint "Cleanup", Time since last: 1264079850 ns, Reaching safepoint: 73902 ns, At safepoint: 8000 ns, Total: 81902 ns
[360.398s][info ][safepoint      ] Safepoint "Cleanup", Time since last: 1000104136 ns, Reaching safepoint: 45301 ns, At safepoint: 6901 ns, Total: 52202 ns
[362.398s][info ][safepoint      ] Safepoint "Cleanup", Time since last: 2000148170 ns, Reaching safepoint: 45802 ns, At safepoint: 3800 ns, Total: 49602 ns
[364.399s][info ][safepoint      ] Safepoint "Cleanup", Time since last: 2000179171 ns, Reaching safepoint: 86902 ns, At safepoint: 11901 ns, Total: 98803 ns
[365.399s][info ][safepoint      ] Safepoint "Cleanup", Time since last: 1000079635 ns, Reaching safepoint: 51701 ns, At safepoint: 4900 ns, Total: 56601 ns
[366.662s][info ][safepoint      ] Safepoint "Cleanup", Time since last: 1262991222 ns, Reaching safepoint: 67302 ns, At safepoint: 6200 ns, Total: 73502 ns
[368.662s][info ][safepoint      ] Safepoint "Cleanup", Time since last: 2000225472 ns, Reaching safepoint: 61101 ns, At safepoint: 9201 ns, Total: 70302 ns
[369.662s][info ][safepoint      ] Safepoint "Cleanup", Time since last: 1000150636 ns, Reaching safepoint: 48701 ns, At safepoint: 4601 ns, Total: 53302 ns
[370.663s][info ][safepoint      ] Safepoint "Cleanup", Time since last: 1000109735 ns, Reaching safepoint: 52402 ns, At safepoint: 9700 ns, Total: 62102 ns
[371.663s][info ][safepoint      ] Safepoint "Cleanup", Time since last: 1000114035 ns, Reaching safepoint: 53802 ns, At safepoint: 3800 ns, Total: 57602 ns
[372.663s][info ][safepoint      ] Safepoint "Cleanup", Time since last: 1000112035 ns, Reaching safepoint: 43101 ns, At safepoint: 3400 ns, Total: 46501 ns
[374.157s][info ][gc,start       ] GC(179) Pause Young (Allocation Failure)
[374.181s][debug][gc,phases      ] GC(179) Scavenge 23.531ms
[374.181s][debug][gc,ref         ] GC(179) Skipped phase 1 of Reference Processing: no references
[374.181s][debug][gc,ref         ] GC(179) ReferenceProcessor::execute queues: 1, RefProcThreadModel::Single, marks_oops_alive: false
[374.181s][debug][gc,ref         ] GC(179) Skipped phase 3 of Reference Processing: no references
[374.181s][debug][gc,ref         ] GC(179) ReferenceProcessor::execute queues: 1, RefProcThreadModel::Single, marks_oops_alive: false
[374.181s][debug][gc,phases      ] GC(179) Reference Processing 0.131ms
[374.181s][debug][gc,phases      ] GC(179)   VM Weak                        Min:  0.0, Avg:  0.0, Max:  0.0, Diff:  0.0, Sum:  0.0, Workers: 4
[374.181s][debug][gc,phases      ] GC(179)     Dead                           Min: 0, Avg:  0.0, Max: 0, Diff: 0, Sum: 0, Workers: 4
[374.181s][debug][gc,phases      ] GC(179)     Total                          Min: 0, Avg: 173.5, Max: 640, Diff: 640, Sum: 694, Workers: 4
[374.181s][debug][gc,phases      ] GC(179)   ObjectSynchronizer Weak        Min:  0.0, Avg:  0.0, Max:  0.0, Diff:  0.0, Sum:  0.0, Workers: 4
[374.181s][debug][gc,phases      ] GC(179)     Dead                           Min: 0, Avg:  0.0, Max: 0, Diff: 0, Sum: 0, Workers: 4
[374.181s][debug][gc,phases      ] GC(179)     Total                          Min: 0, Avg: 117.0, Max: 256, Diff: 256, Sum: 468, Workers: 4
[374.181s][debug][gc,phases      ] GC(179)   JVMTI Tag Weak OopStorage      Min:  0.0, Avg:  0.0, Max:  0.0, Diff:  0.0, Sum:  0.0, Workers: 4
[374.181s][debug][gc,phases      ] GC(179)     Dead                           Min: 0, Avg:  0.0, Max: 0, Diff: 0, Sum: 0, Workers: 4
[374.181s][debug][gc,phases      ] GC(179)     Total                          Min: 0, Avg:  0.0, Max: 0, Diff: 0, Sum: 0, Workers: 4
[374.181s][debug][gc,phases      ] GC(179)   StringTable Weak               Min:  0.1, Avg:  0.1, Max:  0.1, Diff:  0.0, Sum:  0.4, Workers: 4
[374.181s][debug][gc,phases      ] GC(179)     Dead                           Min: 0, Avg:  0.2, Max: 1, Diff: 1, Sum: 1, Workers: 4
[374.181s][debug][gc,phases      ] GC(179)     Total                          Min: 11506, Avg: 12012.5, Max: 12480, Diff: 974, Sum: 48050, Workers: 4
[374.181s][debug][gc,phases      ] GC(179)   ResolvedMethodTable Weak       Min:  0.0, Avg:  0.0, Max:  0.0, Diff:  0.0, Sum:  0.1, Workers: 4
[374.181s][debug][gc,phases      ] GC(179)     Dead                           Min: 0, Avg:  0.0, Max: 0, Diff: 0, Sum: 0, Workers: 4
[374.181s][debug][gc,phases      ] GC(179)     Total                          Min: 1984, Avg: 2097.2, Max: 2245, Diff: 261, Sum: 8389, Workers: 4
[374.181s][debug][gc,phases      ] GC(179)   JNI Weak                       Min:  0.0, Avg:  0.0, Max:  0.0, Diff:  0.0, Sum:  0.0, Workers: 4
[374.181s][debug][gc,phases      ] GC(179)     Dead                           Min: 0, Avg:  0.0, Max: 0, Diff: 0, Sum: 0, Workers: 4
[374.181s][debug][gc,phases      ] GC(179)     Total                          Min: 0, Avg:  0.0, Max: 0, Diff: 0, Sum: 0, Workers: 4
[374.181s][debug][gc,phases      ] GC(179)   StringDedup Table Weak         Min:  0.0, Avg:  0.0, Max:  0.0, Diff:  0.0, Sum:  0.0, Workers: 4
[374.181s][debug][gc,phases      ] GC(179)     Dead                           Min: 0, Avg:  0.0, Max: 0, Diff: 0, Sum: 0, Workers: 4
[374.181s][debug][gc,phases      ] GC(179)     Total                          Min: 0, Avg:  0.0, Max: 0, Diff: 0, Sum: 0, Workers: 4
[374.181s][debug][gc,phases      ] GC(179)   StringDedup Requests0 Weak     Min:  0.0, Avg:  0.0, Max:  0.0, Diff:  0.0, Sum:  0.0, Workers: 4
[374.181s][debug][gc,phases      ] GC(179)     Dead                           Min: 0, Avg:  0.0, Max: 0, Diff: 0, Sum: 0, Workers: 4
[374.181s][debug][gc,phases      ] GC(179)     Total                          Min: 0, Avg:  0.0, Max: 0, Diff: 0, Sum: 0, Workers: 4
[374.181s][debug][gc,phases      ] GC(179)   StringDedup Requests1 Weak     Min:  0.0, Avg:  0.0, Max:  0.0, Diff:  0.0, Sum:  0.0, Workers: 4
[374.181s][debug][gc,phases      ] GC(179)     Dead                           Min: 0, Avg:  0.0, Max: 0, Diff: 0, Sum: 0, Workers: 4
[374.181s][debug][gc,phases      ] GC(179)     Total                          Min: 0, Avg:  0.0, Max: 0, Diff: 0, Sum: 0, Workers: 4
[374.181s][debug][gc,phases      ] GC(179)   Weak JFR Old Object Samples    Min:  0.0, Avg:  0.0, Max:  0.0, Diff:  0.0, Sum:  0.0, Workers: 4
[374.181s][debug][gc,phases      ] GC(179)     Dead                           Min: 0, Avg:  0.0, Max: 0, Diff: 0, Sum: 0, Workers: 4
[374.181s][debug][gc,phases      ] GC(179)     Total                          Min: 0, Avg:  0.0, Max: 0, Diff: 0, Sum: 0, Workers: 4
[374.181s][debug][gc,phases      ] GC(179) Weak Processing 0.334ms
[374.181s][debug][gc,age         ] GC(179) Desired survivor size 163053568 bytes, new threshold 15 (max threshold 15)
[374.181s][info ][gc,heap        ] GC(179) PSYoungGen: 1866113K(1923584K)->105329K(1937920K) Eden: 1755648K(1755648K)->0K(1775104K) From: 110465K(167936K)->105329K(162816K)
[374.181s][info ][gc,heap        ] GC(179) ParOldGen: 679810K(757248K)->689053K(757248K)
[374.181s][info ][gc,metaspace   ] GC(179) Metaspace: 83196K(84032K)->83196K(84032K) NonClass: 71550K(72000K)->71550K(72000K) Class: 11646K(12032K)->11646K(12032K)
[374.181s][info ][gc             ] GC(179) Pause Young (Allocation Failure) 2486M->775M(2632M) 24.137ms
[374.181s][info ][gc,cpu         ] GC(179) User=0.10s Sys=0.00s Real=0.02s
[374.181s][info ][safepoint      ] Safepoint "ParallelGCFailedAllocation", Time since last: 1493950395 ns, Reaching safepoint: 119603 ns, At safepoint: 24224517 ns, Total: 24344120 ns
[375.181s][info ][safepoint      ] Safepoint "Cleanup", Time since last: 1000084434 ns, Reaching safepoint: 133503 ns, At safepoint: 6701 ns, Total: 140204 ns
[376.182s][info ][safepoint      ] Safepoint "Cleanup", Time since last: 1000107935 ns, Reaching safepoint: 137503 ns, At safepoint: 8800 ns, Total: 146303 ns
[377.182s][info ][safepoint      ] Safepoint "Cleanup", Time since last: 1000111336 ns, Reaching safepoint: 126703 ns, At safepoint: 17600 ns, Total: 144303 ns
[378.182s][info ][safepoint      ] Safepoint "Cleanup", Time since last: 1000117835 ns, Reaching safepoint: 126904 ns, At safepoint: 10300 ns, Total: 137204 ns
[378.895s][info ][gc,start       ] GC(180) Pause Young (Allocation Failure)
[378.919s][debug][gc,phases      ] GC(180) Scavenge 23.612ms
[378.919s][debug][gc,ref         ] GC(180) Skipped phase 1 of Reference Processing: no references
[378.919s][debug][gc,ref         ] GC(180) ReferenceProcessor::execute queues: 1, RefProcThreadModel::Single, marks_oops_alive: false
[378.919s][debug][gc,ref         ] GC(180) Skipped phase 3 of Reference Processing: no references
[378.919s][debug][gc,ref         ] GC(180) ReferenceProcessor::execute queues: 1, RefProcThreadModel::Single, marks_oops_alive: false
[378.919s][debug][gc,phases      ] GC(180) Reference Processing 0.152ms
[378.919s][debug][gc,phases      ] GC(180)   VM Weak                        Min:  0.0, Avg:  0.0, Max:  0.0, Diff:  0.0, Sum:  0.0, Workers: 4
[378.919s][debug][gc,phases      ] GC(180)     Dead                           Min: 0, Avg:  0.0, Max: 0, Diff: 0, Sum: 0, Workers: 4
[378.919s][debug][gc,phases      ] GC(180)     Total                          Min: 0, Avg: 173.5, Max: 694, Diff: 694, Sum: 694, Workers: 4
[378.919s][debug][gc,phases      ] GC(180)   ObjectSynchronizer Weak        Min:  0.0, Avg:  0.0, Max:  0.0, Diff:  0.0, Sum:  0.0, Workers: 4
[378.919s][debug][gc,phases      ] GC(180)     Dead                           Min: 0, Avg:  0.0, Max: 0, Diff: 0, Sum: 0, Workers: 4
[378.919s][debug][gc,phases      ] GC(180)     Total                          Min: 0, Avg: 117.0, Max: 256, Diff: 256, Sum: 468, Workers: 4
[378.919s][debug][gc,phases      ] GC(180)   JVMTI Tag Weak OopStorage      Min:  0.0, Avg:  0.0, Max:  0.0, Diff:  0.0, Sum:  0.0, Workers: 4
[378.919s][debug][gc,phases      ] GC(180)     Dead                           Min: 0, Avg:  0.0, Max: 0, Diff: 0, Sum: 0, Workers: 4
[378.919s][debug][gc,phases      ] GC(180)     Total                          Min: 0, Avg:  0.0, Max: 0, Diff: 0, Sum: 0, Workers: 4
[378.919s][debug][gc,phases      ] GC(180)   StringTable Weak               Min:  0.1, Avg:  0.1, Max:  0.1, Diff:  0.0, Sum:  0.5, Workers: 4
[378.919s][debug][gc,phases      ] GC(180)     Dead                           Min: 0, Avg:  0.0, Max: 0, Diff: 0, Sum: 0, Workers: 4
[378.919s][debug][gc,phases      ] GC(180)     Total                          Min: 11584, Avg: 12013.8, Max: 12736, Diff: 1152, Sum: 48055, Workers: 4
[378.919s][debug][gc,phases      ] GC(180)   ResolvedMethodTable Weak       Min:  0.0, Avg:  0.0, Max:  0.0, Diff:  0.0, Sum:  0.1, Workers: 4
[378.919s][debug][gc,phases      ] GC(180)     Dead                           Min: 0, Avg:  0.0, Max: 0, Diff: 0, Sum: 0, Workers: 4
[378.919s][debug][gc,phases      ] GC(180)     Total                          Min: 1920, Avg: 2098.2, Max: 2304, Diff: 384, Sum: 8393, Workers: 4
[378.919s][debug][gc,phases      ] GC(180)   JNI Weak                       Min:  0.0, Avg:  0.0, Max:  0.0, Diff:  0.0, Sum:  0.0, Workers: 4
[378.919s][debug][gc,phases      ] GC(180)     Dead                           Min: 0, Avg:  0.0, Max: 0, Diff: 0, Sum: 0, Workers: 4
[378.919s][debug][gc,phases      ] GC(180)     Total                          Min: 0, Avg:  0.0, Max: 0, Diff: 0, Sum: 0, Workers: 4
[378.919s][debug][gc,phases      ] GC(180)   StringDedup Table Weak         Min:  0.0, Avg:  0.0, Max:  0.0, Diff:  0.0, Sum:  0.0, Workers: 4
[378.919s][debug][gc,phases      ] GC(180)     Dead                           Min: 0, Avg:  0.0, Max: 0, Diff: 0, Sum: 0, Workers: 4
[378.919s][debug][gc,phases      ] GC(180)     Total                          Min: 0, Avg:  0.0, Max: 0, Diff: 0, Sum: 0, Workers: 4
[378.919s][debug][gc,phases      ] GC(180)   StringDedup Requests0 Weak     Min:  0.0, Avg:  0.0, Max:  0.0, Diff:  0.0, Sum:  0.0, Workers: 4
[378.919s][debug][gc,phases      ] GC(180)     Dead                           Min: 0, Avg:  0.0, Max: 0, Diff: 0, Sum: 0, Workers: 4
[378.919s][debug][gc,phases      ] GC(180)     Total                          Min: 0, Avg:  0.0, Max: 0, Diff: 0, Sum: 0, Workers: 4
[378.919s][debug][gc,phases      ] GC(180)   StringDedup Requests1 Weak     Min:  0.0, Avg:  0.0, Max:  0.0, Diff:  0.0, Sum:  0.0, Workers: 4
[378.919s][debug][gc,phases      ] GC(180)     Dead                           Min: 0, Avg:  0.0, Max: 0, Diff: 0, Sum: 0, Workers: 4
[378.919s][debug][gc,phases      ] GC(180)     Total                          Min: 0, Avg:  0.0, Max: 0, Diff: 0, Sum: 0, Workers: 4
[378.919s][debug][gc,phases      ] GC(180)   Weak JFR Old Object Samples    Min:  0.0, Avg:  0.0, Max:  0.0, Diff:  0.0, Sum:  0.0, Workers: 4
[378.919s][debug][gc,phases      ] GC(180)     Dead                           Min: 0, Avg:  0.0, Max: 0, Diff: 0, Sum: 0, Workers: 4
[378.919s][debug][gc,phases      ] GC(180)     Total                          Min: 0, Avg:  0.0, Max: 0, Diff: 0, Sum: 0, Workers: 4
[378.919s][debug][gc,phases      ] GC(180) Weak Processing 0.341ms
[378.919s][debug][gc,age         ] GC(180) Desired survivor size 160956416 bytes, new threshold 15 (max threshold 15)
[378.919s][info ][gc,heap        ] GC(180) PSYoungGen: 1880433K(1937920K)->98545K(1934336K) Eden: 1775104K(1775104K)->0K(1775104K) From: 105329K(162816K)->98545K(159232K)
[378.919s][info ][gc,heap        ] GC(180) ParOldGen: 689053K(757248K)->700867K(757248K)
[378.919s][info ][gc,metaspace   ] GC(180) Metaspace: 83219K(84032K)->83219K(84032K) NonClass: 71571K(72000K)->71571K(72000K) Class: 11648K(12032K)->11648K(12032K)
[378.919s][info ][gc             ] GC(180) Pause Young (Allocation Failure) 2509M->780M(2628M) 24.239ms
[378.919s][info ][gc,cpu         ] GC(180) User=0.08s Sys=0.01s Real=0.02s
[378.919s][info ][safepoint      ] Safepoint "ParallelGCFailedAllocation", Time since last: 712942031 ns, Reaching safepoint: 42302 ns, At safepoint: 24331318 ns, Total: 24373620 ns
[380.920s][info ][safepoint      ] Safepoint "Cleanup", Time since last: 2000158068 ns, Reaching safepoint: 53802 ns, At safepoint: 4100 ns, Total: 57902 ns
[382.920s][info ][safepoint      ] Safepoint "Cleanup", Time since last: 2000168668 ns, Reaching safepoint: 54201 ns, At safepoint: 3300 ns, Total: 57501 ns
[383.920s][info ][safepoint      ] Safepoint "Cleanup", Time since last: 1000127435 ns, Reaching safepoint: 55201 ns, At safepoint: 3400 ns, Total: 58601 ns
[384.920s][info ][safepoint      ] Safepoint "Cleanup", Time since last: 1000098535 ns, Reaching safepoint: 49201 ns, At safepoint: 5300 ns, Total: 54501 ns
[388.921s][info ][safepoint      ] Safepoint "Cleanup", Time since last: 4000265932 ns, Reaching safepoint: 60902 ns, At safepoint: 3400 ns, Total: 64302 ns
[389.921s][info ][safepoint      ] Safepoint "Cleanup", Time since last: 1000103534 ns, Reaching safepoint: 59201 ns, At safepoint: 5800 ns, Total: 65001 ns
[390.921s][info ][safepoint      ] Safepoint "Cleanup", Time since last: 1000100934 ns, Reaching safepoint: 55701 ns, At safepoint: 11001 ns, Total: 66702 ns
[391.921s][info ][safepoint      ] Safepoint "Cleanup", Time since last: 1000104033 ns, Reaching safepoint: 49802 ns, At safepoint: 3200 ns, Total: 53002 ns
[392.921s][info ][safepoint      ] Safepoint "Cleanup", Time since last: 1000101433 ns, Reaching safepoint: 69102 ns, At safepoint: 5900 ns, Total: 75002 ns
[393.922s][info ][safepoint      ] Safepoint "Cleanup", Time since last: 1000098633 ns, Reaching safepoint: 139504 ns, At safepoint: 6800 ns, Total: 146304 ns
[395.922s][info ][safepoint      ] Safepoint "Cleanup", Time since last: 2000168766 ns, Reaching safepoint: 62901 ns, At safepoint: 8801 ns, Total: 71702 ns
[396.922s][info ][safepoint      ] Safepoint "Cleanup", Time since last: 1000098133 ns, Reaching safepoint: 65801 ns, At safepoint: 6101 ns, Total: 71902 ns
[398.922s][info ][safepoint      ] Safepoint "Cleanup", Time since last: 2000216266 ns, Reaching safepoint: 53401 ns, At safepoint: 8301 ns, Total: 61702 ns
[399.922s][info ][safepoint      ] Safepoint "Cleanup", Time since last: 1000106533 ns, Reaching safepoint: 54201 ns, At safepoint: 7700 ns, Total: 61901 ns
[400.923s][info ][safepoint      ] Safepoint "Cleanup", Time since last: 1000116234 ns, Reaching safepoint: 49901 ns, At safepoint: 6100 ns, Total: 56001 ns
[402.923s][info ][safepoint      ] Safepoint "Cleanup", Time since last: 2000170965 ns, Reaching safepoint: 68201 ns, At safepoint: 7601 ns, Total: 75802 ns
[403.923s][info ][safepoint      ] Safepoint "Cleanup", Time since last: 1000101332 ns, Reaching safepoint: 65102 ns, At safepoint: 8800 ns, Total: 73902 ns
[404.923s][info ][safepoint      ] Safepoint "Cleanup", Time since last: 1000102333 ns, Reaching safepoint: 50501 ns, At safepoint: 5100 ns, Total: 55601 ns
[405.923s][info ][safepoint      ] Safepoint "Cleanup", Time since last: 1000101632 ns, Reaching safepoint: 54402 ns, At safepoint: 8700 ns, Total: 63102 ns
[406.923s][info ][safepoint      ] Safepoint "Cleanup", Time since last: 1000107133 ns, Reaching safepoint: 61101 ns, At safepoint: 14000 ns, Total: 75101 ns
[408.837s][info ][safepoint      ] Safepoint "Cleanup", Time since last: 1913563562 ns, Reaching safepoint: 72002 ns, At safepoint: 15400 ns, Total: 87402 ns
[409.764s][info ][gc,start       ] GC(181) Pause Young (Allocation Failure)
[409.788s][debug][gc,phases      ] GC(181) Scavenge 24.120ms
[409.788s][debug][gc,ref         ] GC(181) Skipped phase 1 of Reference Processing: no references
[409.788s][debug][gc,ref         ] GC(181) ReferenceProcessor::execute queues: 1, RefProcThreadModel::Single, marks_oops_alive: false
[409.788s][debug][gc,ref         ] GC(181) Skipped phase 3 of Reference Processing: no references
[409.788s][debug][gc,ref         ] GC(181) ReferenceProcessor::execute queues: 1, RefProcThreadModel::Single, marks_oops_alive: false
[409.788s][debug][gc,phases      ] GC(181) Reference Processing 0.131ms
[409.788s][debug][gc,phases      ] GC(181)   VM Weak                        Min:  0.0, Avg:  0.0, Max:  0.0, Diff:  0.0, Sum:  0.0, Workers: 4
[409.788s][debug][gc,phases      ] GC(181)     Dead                           Min: 0, Avg:  0.0, Max: 0, Diff: 0, Sum: 0, Workers: 4
[409.788s][debug][gc,phases      ] GC(181)     Total                          Min: 0, Avg: 174.5, Max: 698, Diff: 698, Sum: 698, Workers: 4
[409.788s][debug][gc,phases      ] GC(181)   ObjectSynchronizer Weak        Min:  0.0, Avg:  0.0, Max:  0.0, Diff:  0.0, Sum:  0.0, Workers: 4
[409.788s][debug][gc,phases      ] GC(181)     Dead                           Min: 0, Avg:  0.0, Max: 0, Diff: 0, Sum: 0, Workers: 4
[409.788s][debug][gc,phases      ] GC(181)     Total                          Min: 0, Avg: 117.0, Max: 212, Diff: 212, Sum: 468, Workers: 4
[409.788s][debug][gc,phases      ] GC(181)   JVMTI Tag Weak OopStorage      Min:  0.0, Avg:  0.0, Max:  0.0, Diff:  0.0, Sum:  0.0, Workers: 4
[409.788s][debug][gc,phases      ] GC(181)     Dead                           Min: 0, Avg:  0.0, Max: 0, Diff: 0, Sum: 0, Workers: 4
[409.788s][debug][gc,phases      ] GC(181)     Total                          Min: 0, Avg:  0.0, Max: 0, Diff: 0, Sum: 0, Workers: 4
[409.788s][debug][gc,phases      ] GC(181)   StringTable Weak               Min:  0.1, Avg:  0.1, Max:  0.1, Diff:  0.0, Sum:  0.4, Workers: 4
[409.788s][debug][gc,phases      ] GC(181)     Dead                           Min: 0, Avg:  0.0, Max: 0, Diff: 0, Sum: 0, Workers: 4
[409.788s][debug][gc,phases      ] GC(181)     Total                          Min: 9920, Avg: 12015.0, Max: 12928, Diff: 3008, Sum: 48060, Workers: 4
[409.788s][debug][gc,phases      ] GC(181)   ResolvedMethodTable Weak       Min:  0.0, Avg:  0.0, Max:  0.0, Diff:  0.0, Sum:  0.1, Workers: 4
[409.788s][debug][gc,phases      ] GC(181)     Dead                           Min: 0, Avg:  0.0, Max: 0, Diff: 0, Sum: 0, Workers: 4
[409.788s][debug][gc,phases      ] GC(181)     Total                          Min: 1728, Avg: 2101.2, Max: 2304, Diff: 576, Sum: 8405, Workers: 4
[409.788s][debug][gc,phases      ] GC(181)   JNI Weak                       Min:  0.0, Avg:  0.0, Max:  0.0, Diff:  0.0, Sum:  0.0, Workers: 4
[409.788s][debug][gc,phases      ] GC(181)     Dead                           Min: 0, Avg:  0.0, Max: 0, Diff: 0, Sum: 0, Workers: 4
[409.788s][debug][gc,phases      ] GC(181)     Total                          Min: 0, Avg:  0.0, Max: 0, Diff: 0, Sum: 0, Workers: 4
[409.788s][debug][gc,phases      ] GC(181)   StringDedup Table Weak         Min:  0.0, Avg:  0.0, Max:  0.0, Diff:  0.0, Sum:  0.0, Workers: 4
[409.788s][debug][gc,phases      ] GC(181)     Dead                           Min: 0, Avg:  0.0, Max: 0, Diff: 0, Sum: 0, Workers: 4
[409.788s][debug][gc,phases      ] GC(181)     Total                          Min: 0, Avg:  0.0, Max: 0, Diff: 0, Sum: 0, Workers: 4
[409.788s][debug][gc,phases      ] GC(181)   StringDedup Requests0 Weak     Min:  0.0, Avg:  0.0, Max:  0.0, Diff:  0.0, Sum:  0.0, Workers: 4
[409.788s][debug][gc,phases      ] GC(181)     Dead                           Min: 0, Avg:  0.0, Max: 0, Diff: 0, Sum: 0, Workers: 4
[409.788s][debug][gc,phases      ] GC(181)     Total                          Min: 0, Avg:  0.0, Max: 0, Diff: 0, Sum: 0, Workers: 4
[409.788s][debug][gc,phases      ] GC(181)   StringDedup Requests1 Weak     Min:  0.0, Avg:  0.0, Max:  0.0, Diff:  0.0, Sum:  0.0, Workers: 4
[409.788s][debug][gc,phases      ] GC(181)     Dead                           Min: 0, Avg:  0.0, Max: 0, Diff: 0, Sum: 0, Workers: 4
[409.788s][debug][gc,phases      ] GC(181)     Total                          Min: 0, Avg:  0.0, Max: 0, Diff: 0, Sum: 0, Workers: 4
[409.788s][debug][gc,phases      ] GC(181)   Weak JFR Old Object Samples    Min:  0.0, Avg:  0.0, Max:  0.0, Diff:  0.0, Sum:  0.0, Workers: 4
[409.788s][debug][gc,phases      ] GC(181)     Dead                           Min: 0, Avg:  0.0, Max: 0, Diff: 0, Sum: 0, Workers: 4
[409.788s][debug][gc,phases      ] GC(181)     Total                          Min: 0, Avg:  0.0, Max: 0, Diff: 0, Sum: 0, Workers: 4
[409.788s][debug][gc,phases      ] GC(181) Weak Processing 0.345ms
[409.788s][debug][gc,age         ] GC(181) Desired survivor size 158334976 bytes, new threshold 15 (max threshold 15)
[409.789s][info ][gc,heap        ] GC(181) PSYoungGen: 1873649K(1934336K)->96609K(1942528K) Eden: 1775104K(1775104K)->0K(1785344K) From: 98545K(159232K)->96609K(157184K)
[409.789s][info ][gc,heap        ] GC(181) ParOldGen: 700867K(757248K)->708744K(757248K)
[409.789s][info ][gc,metaspace   ] GC(181) Metaspace: 83276K(84096K)->83276K(84096K) NonClass: 71624K(72064K)->71624K(72064K) Class: 11652K(12032K)->11652K(12032K)
[409.789s][info ][gc             ] GC(181) Pause Young (Allocation Failure) 2514M->786M(2636M) 24.753ms
[409.789s][info ][gc,cpu         ] GC(181) User=0.12s Sys=0.00s Real=0.02s
[409.789s][info ][safepoint      ] Safepoint "ParallelGCFailedAllocation", Time since last: 926481960 ns, Reaching safepoint: 130903 ns, At safepoint: 24869633 ns, Total: 25000536 ns
[410.789s][info ][safepoint      ] Safepoint "Cleanup", Time since last: 1000050731 ns, Reaching safepoint: 55901 ns, At safepoint: 4600 ns, Total: 60501 ns
[411.789s][info ][safepoint      ] Safepoint "Cleanup", Time since last: 1000091532 ns, Reaching safepoint: 56101 ns, At safepoint: 6300 ns, Total: 62401 ns
[412.789s][info ][safepoint      ] Safepoint "Cleanup", Time since last: 1000102732 ns, Reaching safepoint: 61102 ns, At safepoint: 10900 ns, Total: 72002 ns
[413.789s][info ][safepoint      ] Safepoint "Cleanup", Time since last: 1000111032 ns, Reaching safepoint: 134604 ns, At safepoint: 25000 ns, Total: 159604 ns
[413.964s][info ][gc,start       ] GC(182) Pause Young (Allocation Failure)
[413.985s][debug][gc,phases      ] GC(182) Scavenge 20.155ms
[413.985s][debug][gc,ref         ] GC(182) Skipped phase 1 of Reference Processing: no references
[413.985s][debug][gc,ref         ] GC(182) ReferenceProcessor::execute queues: 1, RefProcThreadModel::Single, marks_oops_alive: false
[413.985s][debug][gc,ref         ] GC(182) Skipped phase 3 of Reference Processing: no references
[413.985s][debug][gc,ref         ] GC(182) ReferenceProcessor::execute queues: 1, RefProcThreadModel::Single, marks_oops_alive: false
[413.985s][debug][gc,phases      ] GC(182) Reference Processing 0.134ms
[413.985s][debug][gc,phases      ] GC(182)   VM Weak                        Min:  0.0, Avg:  0.0, Max:  0.0, Diff:  0.0, Sum:  0.0, Workers: 4
[413.985s][debug][gc,phases      ] GC(182)     Dead                           Min: 0, Avg:  0.0, Max: 0, Diff: 0, Sum: 0, Workers: 4
[413.985s][debug][gc,phases      ] GC(182)     Total                          Min: 0, Avg: 174.5, Max: 698, Diff: 698, Sum: 698, Workers: 4
[413.985s][debug][gc,phases      ] GC(182)   ObjectSynchronizer Weak        Min:  0.0, Avg:  0.0, Max:  0.0, Diff:  0.0, Sum:  0.0, Workers: 4
[413.985s][debug][gc,phases      ] GC(182)     Dead                           Min: 0, Avg:  0.0, Max: 0, Diff: 0, Sum: 0, Workers: 4
[413.985s][debug][gc,phases      ] GC(182)     Total                          Min: 0, Avg: 117.0, Max: 256, Diff: 256, Sum: 468, Workers: 4
[413.985s][debug][gc,phases      ] GC(182)   JVMTI Tag Weak OopStorage      Min:  0.0, Avg:  0.0, Max:  0.0, Diff:  0.0, Sum:  0.0, Workers: 4
[413.985s][debug][gc,phases      ] GC(182)     Dead                           Min: 0, Avg:  0.0, Max: 0, Diff: 0, Sum: 0, Workers: 4
[413.985s][debug][gc,phases      ] GC(182)     Total                          Min: 0, Avg:  0.0, Max: 0, Diff: 0, Sum: 0, Workers: 4
[413.985s][debug][gc,phases      ] GC(182)   StringTable Weak               Min:  0.1, Avg:  0.1, Max:  0.1, Diff:  0.0, Sum:  0.4, Workers: 4
[413.985s][debug][gc,phases      ] GC(182)     Dead                           Min: 0, Avg:  0.0, Max: 0, Diff: 0, Sum: 0, Workers: 4
[413.985s][debug][gc,phases      ] GC(182)     Total                          Min: 11075, Avg: 12016.8, Max: 12608, Diff: 1533, Sum: 48067, Workers: 4
[413.985s][debug][gc,phases      ] GC(182)   ResolvedMethodTable Weak       Min:  0.0, Avg:  0.0, Max:  0.0, Diff:  0.0, Sum:  0.1, Workers: 4
[413.985s][debug][gc,phases      ] GC(182)     Dead                           Min: 0, Avg:  0.0, Max: 0, Diff: 0, Sum: 0, Workers: 4
[413.985s][debug][gc,phases      ] GC(182)     Total                          Min: 2009, Avg: 2102.2, Max: 2176, Diff: 167, Sum: 8409, Workers: 4
[413.985s][debug][gc,phases      ] GC(182)   JNI Weak                       Min:  0.0, Avg:  0.0, Max:  0.0, Diff:  0.0, Sum:  0.0, Workers: 4
[413.985s][debug][gc,phases      ] GC(182)     Dead                           Min: 0, Avg:  0.0, Max: 0, Diff: 0, Sum: 0, Workers: 4
[413.985s][debug][gc,phases      ] GC(182)     Total                          Min: 0, Avg:  0.0, Max: 0, Diff: 0, Sum: 0, Workers: 4
[413.985s][debug][gc,phases      ] GC(182)   StringDedup Table Weak         Min:  0.0, Avg:  0.0, Max:  0.0, Diff:  0.0, Sum:  0.0, Workers: 4
[413.985s][debug][gc,phases      ] GC(182)     Dead                           Min: 0, Avg:  0.0, Max: 0, Diff: 0, Sum: 0, Workers: 4
[413.985s][debug][gc,phases      ] GC(182)     Total                          Min: 0, Avg:  0.0, Max: 0, Diff: 0, Sum: 0, Workers: 4
[413.985s][debug][gc,phases      ] GC(182)   StringDedup Requests0 Weak     Min:  0.0, Avg:  0.0, Max:  0.0, Diff:  0.0, Sum:  0.0, Workers: 4
[413.985s][debug][gc,phases      ] GC(182)     Dead                           Min: 0, Avg:  0.0, Max: 0, Diff: 0, Sum: 0, Workers: 4
[413.985s][debug][gc,phases      ] GC(182)     Total                          Min: 0, Avg:  0.0, Max: 0, Diff: 0, Sum: 0, Workers: 4
[413.985s][debug][gc,phases      ] GC(182)   StringDedup Requests1 Weak     Min:  0.0, Avg:  0.0, Max:  0.0, Diff:  0.0, Sum:  0.0, Workers: 4
[413.985s][debug][gc,phases      ] GC(182)     Dead                           Min: 0, Avg:  0.0, Max: 0, Diff: 0, Sum: 0, Workers: 4
[413.985s][debug][gc,phases      ] GC(182)     Total                          Min: 0, Avg:  0.0, Max: 0, Diff: 0, Sum: 0, Workers: 4
[413.985s][debug][gc,phases      ] GC(182)   Weak JFR Old Object Samples    Min:  0.0, Avg:  0.0, Max:  0.0, Diff:  0.0, Sum:  0.0, Workers: 4
[413.985s][debug][gc,phases      ] GC(182)     Dead                           Min: 0, Avg:  0.0, Max: 0, Diff: 0, Sum: 0, Workers: 4
[413.985s][debug][gc,phases      ] GC(182)     Total                          Min: 0, Avg:  0.0, Max: 0, Diff: 0, Sum: 0, Workers: 4
[413.985s][debug][gc,phases      ] GC(182) Weak Processing 0.329ms
[413.985s][debug][gc,age         ] GC(182) Desired survivor size 156237824 bytes, new threshold 15 (max threshold 15)
[413.985s][info ][gc,heap        ] GC(182) PSYoungGen: 1881953K(1942528K)->94993K(1939968K) Eden: 1785344K(1785344K)->0K(1785344K) From: 96609K(157184K)->94993K(154624K)
[413.985s][info ][gc,heap        ] GC(182) ParOldGen: 708744K(757248K)->716934K(757248K)
[413.985s][info ][gc,metaspace   ] GC(182) Metaspace: 83300K(84096K)->83300K(84096K) NonClass: 71645K(72064K)->71645K(72064K) Class: 11654K(12032K)->11654K(12032K)
[413.985s][info ][gc             ] GC(182) Pause Young (Allocation Failure) 2529M->792M(2634M) 20.761ms
[413.985s][info ][gc,cpu         ] GC(182) User=0.08s Sys=0.00s Real=0.02s
[413.985s][info ][safepoint      ] Safepoint "ParallelGCFailedAllocation", Time since last: 175016251 ns, Reaching safepoint: 101502 ns, At safepoint: 20857131 ns, Total: 20958633 ns
[414.985s][info ][safepoint      ] Safepoint "Cleanup", Time since last: 1000050030 ns, Reaching safepoint: 50801 ns, At safepoint: 11901 ns, Total: 62702 ns
[416.986s][info ][safepoint      ] Safepoint "Cleanup", Time since last: 2000158262 ns, Reaching safepoint: 50401 ns, At safepoint: 5100 ns, Total: 55501 ns
[417.986s][info ][safepoint      ] Safepoint "Cleanup", Time since last: 1000247635 ns, Reaching safepoint: 46002 ns, At safepoint: 4000 ns, Total: 50002 ns
[418.986s][info ][safepoint      ] Safepoint "Cleanup", Time since last: 1000096531 ns, Reaching safepoint: 50601 ns, At safepoint: 6701 ns, Total: 57302 ns
[419.679s][info ][gc,start       ] GC(183) Pause Young (Allocation Failure)
[419.701s][debug][gc,phases      ] GC(183) Scavenge 22.396ms
[419.701s][debug][gc,ref         ] GC(183) Skipped phase 1 of Reference Processing: no references
[419.701s][debug][gc,ref         ] GC(183) ReferenceProcessor::execute queues: 1, RefProcThreadModel::Single, marks_oops_alive: false
[419.701s][debug][gc,ref         ] GC(183) Skipped phase 3 of Reference Processing: no references
[419.701s][debug][gc,ref         ] GC(183) Skipped phase 4 of Reference Processing: no references
[419.701s][debug][gc,phases      ] GC(183) Reference Processing 0.133ms
[419.702s][debug][gc,phases      ] GC(183)   VM Weak                        Min:  0.0, Avg:  0.0, Max:  0.0, Diff:  0.0, Sum:  0.0, Workers: 4
[419.702s][debug][gc,phases      ] GC(183)     Dead                           Min: 0, Avg:  0.0, Max: 0, Diff: 0, Sum: 0, Workers: 4
[419.702s][debug][gc,phases      ] GC(183)     Total                          Min: 0, Avg: 174.5, Max: 698, Diff: 698, Sum: 698, Workers: 4
[419.702s][debug][gc,phases      ] GC(183)   ObjectSynchronizer Weak        Min:  0.0, Avg:  0.0, Max:  0.0, Diff:  0.0, Sum:  0.0, Workers: 4
[419.702s][debug][gc,phases      ] GC(183)     Dead                           Min: 0, Avg:  0.0, Max: 0, Diff: 0, Sum: 0, Workers: 4
[419.702s][debug][gc,phases      ] GC(183)     Total                          Min: 0, Avg: 117.0, Max: 404, Diff: 404, Sum: 468, Workers: 4
[419.702s][debug][gc,phases      ] GC(183)   JVMTI Tag Weak OopStorage      Min:  0.0, Avg:  0.0, Max:  0.0, Diff:  0.0, Sum:  0.0, Workers: 4
[419.702s][debug][gc,phases      ] GC(183)     Dead                           Min: 0, Avg:  0.0, Max: 0, Diff: 0, Sum: 0, Workers: 4
[419.702s][debug][gc,phases      ] GC(183)     Total                          Min: 0, Avg:  0.0, Max: 0, Diff: 0, Sum: 0, Workers: 4
[419.702s][debug][gc,phases      ] GC(183)   StringTable Weak               Min:  0.1, Avg:  0.1, Max:  0.1, Diff:  0.0, Sum:  0.5, Workers: 4
[419.702s][debug][gc,phases      ] GC(183)     Dead                           Min: 0, Avg:  0.0, Max: 0, Diff: 0, Sum: 0, Workers: 4
[419.702s][debug][gc,phases      ] GC(183)     Total                          Min: 10816, Avg: 12016.8, Max: 13120, Diff: 2304, Sum: 48067, Workers: 4
[419.702s][debug][gc,phases      ] GC(183)   ResolvedMethodTable Weak       Min:  0.0, Avg:  0.0, Max:  0.0, Diff:  0.0, Sum:  0.1, Workers: 4
[419.702s][debug][gc,phases      ] GC(183)     Dead                           Min: 0, Avg:  0.0, Max: 0, Diff: 0, Sum: 0, Workers: 4
[419.702s][debug][gc,phases      ] GC(183)     Total                          Min: 1728, Avg: 2102.2, Max: 2329, Diff: 601, Sum: 8409, Workers: 4
[419.702s][debug][gc,phases      ] GC(183)   JNI Weak                       Min:  0.0, Avg:  0.0, Max:  0.0, Diff:  0.0, Sum:  0.0, Workers: 4
[419.702s][debug][gc,phases      ] GC(183)     Dead                           Min: 0, Avg:  0.0, Max: 0, Diff: 0, Sum: 0, Workers: 4
[419.702s][debug][gc,phases      ] GC(183)     Total                          Min: 0, Avg:  0.0, Max: 0, Diff: 0, Sum: 0, Workers: 4
[419.702s][debug][gc,phases      ] GC(183)   StringDedup Table Weak         Min:  0.0, Avg:  0.0, Max:  0.0, Diff:  0.0, Sum:  0.0, Workers: 4
[419.702s][debug][gc,phases      ] GC(183)     Dead                           Min: 0, Avg:  0.0, Max: 0, Diff: 0, Sum: 0, Workers: 4
[419.702s][debug][gc,phases      ] GC(183)     Total                          Min: 0, Avg:  0.0, Max: 0, Diff: 0, Sum: 0, Workers: 4
[419.702s][debug][gc,phases      ] GC(183)   StringDedup Requests0 Weak     Min:  0.0, Avg:  0.0, Max:  0.0, Diff:  0.0, Sum:  0.0, Workers: 4
[419.702s][debug][gc,phases      ] GC(183)     Dead                           Min: 0, Avg:  0.0, Max: 0, Diff: 0, Sum: 0, Workers: 4
[419.702s][debug][gc,phases      ] GC(183)     Total                          Min: 0, Avg:  0.0, Max: 0, Diff: 0, Sum: 0, Workers: 4
[419.702s][debug][gc,phases      ] GC(183)   StringDedup Requests1 Weak     Min:  0.0, Avg:  0.0, Max:  0.0, Diff:  0.0, Sum:  0.0, Workers: 4
[419.702s][debug][gc,phases      ] GC(183)     Dead                           Min: 0, Avg:  0.0, Max: 0, Diff: 0, Sum: 0, Workers: 4
[419.702s][debug][gc,phases      ] GC(183)     Total                          Min: 0, Avg:  0.0, Max: 0, Diff: 0, Sum: 0, Workers: 4
[419.702s][debug][gc,phases      ] GC(183)   Weak JFR Old Object Samples    Min:  0.0, Avg:  0.0, Max:  0.0, Diff:  0.0, Sum:  0.0, Workers: 4
[419.702s][debug][gc,phases      ] GC(183)     Dead                           Min: 0, Avg:  0.0, Max: 0, Diff: 0, Sum: 0, Workers: 4
[419.702s][debug][gc,phases      ] GC(183)     Total                          Min: 0, Avg:  0.0, Max: 0, Diff: 0, Sum: 0, Workers: 4
[419.702s][debug][gc,phases      ] GC(183) Weak Processing 0.401ms
[419.702s][debug][gc,age         ] GC(183) Desired survivor size 153616384 bytes, new threshold 15 (max threshold 15)
[419.702s][info ][gc,heap        ] GC(183) PSYoungGen: 1880337K(1939968K)->96801K(1947136K) Eden: 1785344K(1785344K)->0K(1794560K) From: 94993K(154624K)->96801K(152576K)
[419.702s][info ][gc,heap        ] GC(183) ParOldGen: 716934K(757248K)->724251K(757248K)
[419.702s][info ][gc,metaspace   ] GC(183) Metaspace: 83313K(84160K)->83313K(84160K) NonClass: 71658K(72128K)->71658K(72128K) Class: 11654K(12032K)->11654K(12032K)
[419.702s][info ][gc             ] GC(183) Pause Young (Allocation Failure) 2536M->801M(2641M) 23.079ms
[419.702s][info ][gc,cpu         ] GC(183) User=0.09s Sys=0.01s Real=0.03s
[419.702s][info ][safepoint      ] Safepoint "ParallelGCFailedAllocation", Time since last: 692559510 ns, Reaching safepoint: 123404 ns, At safepoint: 23171789 ns, Total: 23295193 ns
[421.272s][info ][safepoint      ] Safepoint "Cleanup", Time since last: 1569701715 ns, Reaching safepoint: 77102 ns, At safepoint: 6900 ns, Total: 84002 ns
[423.695s][info ][gc,start       ] GC(184) Pause Young (Allocation Failure)
[423.717s][debug][gc,phases      ] GC(184) Scavenge 21.859ms
[423.717s][debug][gc,ref         ] GC(184) Skipped phase 1 of Reference Processing: no references
[423.717s][debug][gc,ref         ] GC(184) ReferenceProcessor::execute queues: 1, RefProcThreadModel::Single, marks_oops_alive: false
[423.717s][debug][gc,ref         ] GC(184) Skipped phase 3 of Reference Processing: no references
[423.717s][debug][gc,ref         ] GC(184) ReferenceProcessor::execute queues: 1, RefProcThreadModel::Single, marks_oops_alive: false
[423.717s][debug][gc,phases      ] GC(184) Reference Processing 0.139ms
[423.718s][debug][gc,phases      ] GC(184)   VM Weak                        Min:  0.0, Avg:  0.0, Max:  0.0, Diff:  0.0, Sum:  0.0, Workers: 4
[423.718s][debug][gc,phases      ] GC(184)     Dead                           Min: 0, Avg:  0.0, Max: 0, Diff: 0, Sum: 0, Workers: 4
[423.718s][debug][gc,phases      ] GC(184)     Total                          Min: 0, Avg: 174.5, Max: 698, Diff: 698, Sum: 698, Workers: 4
[423.718s][debug][gc,phases      ] GC(184)   ObjectSynchronizer Weak        Min:  0.0, Avg:  0.0, Max:  0.0, Diff:  0.0, Sum:  0.0, Workers: 4
[423.718s][debug][gc,phases      ] GC(184)     Dead                           Min: 0, Avg:  0.0, Max: 0, Diff: 0, Sum: 0, Workers: 4
[423.718s][debug][gc,phases      ] GC(184)     Total                          Min: 0, Avg: 117.0, Max: 276, Diff: 276, Sum: 468, Workers: 4
[423.718s][debug][gc,phases      ] GC(184)   JVMTI Tag Weak OopStorage      Min:  0.0, Avg:  0.0, Max:  0.0, Diff:  0.0, Sum:  0.0, Workers: 4
[423.718s][debug][gc,phases      ] GC(184)     Dead                           Min: 0, Avg:  0.0, Max: 0, Diff: 0, Sum: 0, Workers: 4
[423.718s][debug][gc,phases      ] GC(184)     Total                          Min: 0, Avg:  0.0, Max: 0, Diff: 0, Sum: 0, Workers: 4
[423.718s][debug][gc,phases      ] GC(184)   StringTable Weak               Min:  0.1, Avg:  0.1, Max:  0.1, Diff:  0.0, Sum:  0.5, Workers: 4
[423.718s][debug][gc,phases      ] GC(184)     Dead                           Min: 0, Avg:  0.2, Max: 1, Diff: 1, Sum: 1, Workers: 4
[423.718s][debug][gc,phases      ] GC(184)     Total                          Min: 10880, Avg: 12034.2, Max: 12864, Diff: 1984, Sum: 48137, Workers: 4
[423.718s][debug][gc,phases      ] GC(184)   ResolvedMethodTable Weak       Min:  0.0, Avg:  0.0, Max:  0.0, Diff:  0.0, Sum:  0.1, Workers: 4
[423.718s][debug][gc,phases      ] GC(184)     Dead                           Min: 0, Avg:  0.0, Max: 0, Diff: 0, Sum: 0, Workers: 4
[423.718s][debug][gc,phases      ] GC(184)     Total                          Min: 1920, Avg: 2108.2, Max: 2289, Diff: 369, Sum: 8433, Workers: 4
[423.718s][debug][gc,phases      ] GC(184)   JNI Weak                       Min:  0.0, Avg:  0.0, Max:  0.0, Diff:  0.0, Sum:  0.0, Workers: 4
[423.718s][debug][gc,phases      ] GC(184)     Dead                           Min: 0, Avg:  0.0, Max: 0, Diff: 0, Sum: 0, Workers: 4
[423.718s][debug][gc,phases      ] GC(184)     Total                          Min: 0, Avg:  0.0, Max: 0, Diff: 0, Sum: 0, Workers: 4
[423.718s][debug][gc,phases      ] GC(184)   StringDedup Table Weak         Min:  0.0, Avg:  0.0, Max:  0.0, Diff:  0.0, Sum:  0.0, Workers: 4
[423.718s][debug][gc,phases      ] GC(184)     Dead                           Min: 0, Avg:  0.0, Max: 0, Diff: 0, Sum: 0, Workers: 4
[423.718s][debug][gc,phases      ] GC(184)     Total                          Min: 0, Avg:  0.0, Max: 0, Diff: 0, Sum: 0, Workers: 4
[423.718s][debug][gc,phases      ] GC(184)   StringDedup Requests0 Weak     Min:  0.0, Avg:  0.0, Max:  0.0, Diff:  0.0, Sum:  0.0, Workers: 4
[423.718s][debug][gc,phases      ] GC(184)     Dead                           Min: 0, Avg:  0.0, Max: 0, Diff: 0, Sum: 0, Workers: 4
[423.718s][debug][gc,phases      ] GC(184)     Total                          Min: 0, Avg:  0.0, Max: 0, Diff: 0, Sum: 0, Workers: 4
[423.718s][debug][gc,phases      ] GC(184)   StringDedup Requests1 Weak     Min:  0.0, Avg:  0.0, Max:  0.0, Diff:  0.0, Sum:  0.0, Workers: 4
[423.718s][debug][gc,phases      ] GC(184)     Dead                           Min: 0, Avg:  0.0, Max: 0, Diff: 0, Sum: 0, Workers: 4
[423.718s][debug][gc,phases      ] GC(184)     Total                          Min: 0, Avg:  0.0, Max: 0, Diff: 0, Sum: 0, Workers: 4
[423.718s][debug][gc,phases      ] GC(184)   Weak JFR Old Object Samples    Min:  0.0, Avg:  0.0, Max:  0.0, Diff:  0.0, Sum:  0.0, Workers: 4
[423.718s][debug][gc,phases      ] GC(184)     Dead                           Min: 0, Avg:  0.0, Max: 0, Diff: 0, Sum: 0, Workers: 4
[423.718s][debug][gc,phases      ] GC(184)     Total                          Min: 0, Avg:  0.0, Max: 0, Diff: 0, Sum: 0, Workers: 4
[423.718s][debug][gc,phases      ] GC(184) Weak Processing 0.360ms
[423.718s][debug][gc,age         ] GC(184) Desired survivor size 151519232 bytes, new threshold 15 (max threshold 15)
[423.718s][info ][gc,heap        ] GC(184) PSYoungGen: 1891361K(1947136K)->95505K(1944576K) Eden: 1794560K(1794560K)->0K(1794560K) From: 96801K(152576K)->95505K(150016K)
[423.718s][info ][gc,heap        ] GC(184) ParOldGen: 724251K(757248K)->732189K(757248K)
[423.718s][info ][gc,metaspace   ] GC(184) Metaspace: 83511K(84416K)->83511K(84416K) NonClass: 71824K(72320K)->71824K(72320K) Class: 11687K(12096K)->11687K(12096K)
[423.718s][info ][gc             ] GC(184) Pause Young (Allocation Failure) 2554M->808M(2638M) 22.502ms
[423.718s][info ][gc,cpu         ] GC(184) User=0.09s Sys=0.01s Real=0.02s
[423.718s][info ][safepoint      ] Safepoint "ParallelGCFailedAllocation", Time since last: 2423372123 ns, Reaching safepoint: 127103 ns, At safepoint: 22618476 ns, Total: 22745579 ns
[424.718s][info ][safepoint      ] Safepoint "Cleanup", Time since last: 1000094730 ns, Reaching safepoint: 63002 ns, At safepoint: 24301 ns, Total: 87303 ns
[425.718s][info ][safepoint      ] Safepoint "Cleanup", Time since last: 1000102931 ns, Reaching safepoint: 57701 ns, At safepoint: 6900 ns, Total: 64601 ns
[426.718s][info ][safepoint      ] Safepoint "Cleanup", Time since last: 1000095431 ns, Reaching safepoint: 78702 ns, At safepoint: 9300 ns, Total: 88002 ns
[428.436s][info ][safepoint      ] Safepoint "Cleanup", Time since last: 1717908383 ns, Reaching safepoint: 62302 ns, At safepoint: 7900 ns, Total: 70202 ns
[429.437s][info ][safepoint      ] Safepoint "Cleanup", Time since last: 1000097531 ns, Reaching safepoint: 68201 ns, At safepoint: 10201 ns, Total: 78402 ns
[430.437s][info ][safepoint      ] Safepoint "Cleanup", Time since last: 1000111030 ns, Reaching safepoint: 45001 ns, At safepoint: 4601 ns, Total: 49602 ns
[431.437s][info ][safepoint      ] Safepoint "Cleanup", Time since last: 1000103530 ns, Reaching safepoint: 50101 ns, At safepoint: 7201 ns, Total: 57302 ns
[432.437s][info ][safepoint      ] Safepoint "Cleanup", Time since last: 1000121330 ns, Reaching safepoint: 55002 ns, At safepoint: 9000 ns, Total: 64002 ns
[433.437s][info ][safepoint      ] Safepoint "Cleanup", Time since last: 1000104830 ns, Reaching safepoint: 65802 ns, At safepoint: 6800 ns, Total: 72602 ns
[434.437s][info ][safepoint      ] Safepoint "Cleanup", Time since last: 1000105531 ns, Reaching safepoint: 60601 ns, At safepoint: 7000 ns, Total: 67601 ns
[437.438s][info ][safepoint      ] Safepoint "Cleanup", Time since last: 3000210488 ns, Reaching safepoint: 44501 ns, At safepoint: 3800 ns, Total: 48301 ns
[438.438s][info ][safepoint      ] Safepoint "Cleanup", Time since last: 1000106730 ns, Reaching safepoint: 55602 ns, At safepoint: 3900 ns, Total: 59502 ns
[440.438s][info ][safepoint      ] Safepoint "Cleanup", Time since last: 2000119458 ns, Reaching safepoint: 54901 ns, At safepoint: 10300 ns, Total: 65201 ns
[441.438s][info ][safepoint      ] Safepoint "Cleanup", Time since last: 1000150031 ns, Reaching safepoint: 65602 ns, At safepoint: 14400 ns, Total: 80002 ns
[442.438s][info ][safepoint      ] Safepoint "Cleanup", Time since last: 1000118830 ns, Reaching safepoint: 58502 ns, At safepoint: 6600 ns, Total: 65102 ns
[443.439s][info ][safepoint      ] Safepoint "Cleanup", Time since last: 1000104730 ns, Reaching safepoint: 68201 ns, At safepoint: 9000 ns, Total: 77201 ns
[445.439s][info ][safepoint      ] Safepoint "Cleanup", Time since last: 2000207959 ns, Reaching safepoint: 61102 ns, At safepoint: 3200 ns, Total: 64302 ns
[449.439s][info ][safepoint      ] Safepoint "Cleanup", Time since last: 4000304714 ns, Reaching safepoint: 63502 ns, At safepoint: 6000 ns, Total: 69502 ns
[450.439s][info ][safepoint      ] Safepoint "Cleanup", Time since last: 1000108829 ns, Reaching safepoint: 61802 ns, At safepoint: 4600 ns, Total: 66402 ns
[451.068s][info ][gc,start       ] GC(185) Pause Young (Allocation Failure)
[451.092s][debug][gc,phases      ] GC(185) Scavenge 23.427ms
[451.092s][debug][gc,ref         ] GC(185) Skipped phase 1 of Reference Processing: no references
[451.092s][debug][gc,ref         ] GC(185) ReferenceProcessor::execute queues: 1, RefProcThreadModel::Single, marks_oops_alive: false
[451.092s][debug][gc,ref         ] GC(185) Skipped phase 3 of Reference Processing: no references
[451.092s][debug][gc,ref         ] GC(185) ReferenceProcessor::execute queues: 1, RefProcThreadModel::Single, marks_oops_alive: false
[451.092s][debug][gc,phases      ] GC(185) Reference Processing 0.143ms
[451.092s][debug][gc,phases      ] GC(185)   VM Weak                        Min:  0.0, Avg:  0.0, Max:  0.0, Diff:  0.0, Sum:  0.0, Workers: 4
[451.092s][debug][gc,phases      ] GC(185)     Dead                           Min: 0, Avg:  0.0, Max: 0, Diff: 0, Sum: 0, Workers: 4
[451.092s][debug][gc,phases      ] GC(185)     Total                          Min: 0, Avg: 174.5, Max: 512, Diff: 512, Sum: 698, Workers: 4
[451.092s][debug][gc,phases      ] GC(185)   ObjectSynchronizer Weak        Min:  0.0, Avg:  0.0, Max:  0.0, Diff:  0.0, Sum:  0.0, Workers: 4
[451.092s][debug][gc,phases      ] GC(185)     Dead                           Min: 0, Avg:  0.0, Max: 0, Diff: 0, Sum: 0, Workers: 4
[451.092s][debug][gc,phases      ] GC(185)     Total                          Min: 0, Avg: 117.0, Max: 320, Diff: 320, Sum: 468, Workers: 4
[451.092s][debug][gc,phases      ] GC(185)   JVMTI Tag Weak OopStorage      Min:  0.0, Avg:  0.0, Max:  0.0, Diff:  0.0, Sum:  0.0, Workers: 4
[451.092s][debug][gc,phases      ] GC(185)     Dead                           Min: 0, Avg:  0.0, Max: 0, Diff: 0, Sum: 0, Workers: 4
[451.092s][debug][gc,phases      ] GC(185)     Total                          Min: 0, Avg:  0.0, Max: 0, Diff: 0, Sum: 0, Workers: 4
[451.092s][debug][gc,phases      ] GC(185)   StringTable Weak               Min:  0.1, Avg:  0.1, Max:  0.1, Diff:  0.0, Sum:  0.4, Workers: 4
[451.092s][debug][gc,phases      ] GC(185)     Dead                           Min: 0, Avg:  0.0, Max: 0, Diff: 0, Sum: 0, Workers: 4
[451.092s][debug][gc,phases      ] GC(185)     Total                          Min: 11456, Avg: 12037.2, Max: 13461, Diff: 2005, Sum: 48149, Workers: 4
[451.092s][debug][gc,phases      ] GC(185)   ResolvedMethodTable Weak       Min:  0.0, Avg:  0.0, Max:  0.0, Diff:  0.0, Sum:  0.1, Workers: 4
[451.092s][debug][gc,phases      ] GC(185)     Dead                           Min: 0, Avg:  0.0, Max: 0, Diff: 0, Sum: 0, Workers: 4
[451.092s][debug][gc,phases      ] GC(185)     Total                          Min: 1856, Avg: 2112.0, Max: 2304, Diff: 448, Sum: 8448, Workers: 4
[451.092s][debug][gc,phases      ] GC(185)   JNI Weak                       Min:  0.0, Avg:  0.0, Max:  0.0, Diff:  0.0, Sum:  0.0, Workers: 4
[451.092s][debug][gc,phases      ] GC(185)     Dead                           Min: 0, Avg:  0.0, Max: 0, Diff: 0, Sum: 0, Workers: 4
[451.092s][debug][gc,phases      ] GC(185)     Total                          Min: 0, Avg:  0.0, Max: 0, Diff: 0, Sum: 0, Workers: 4
[451.092s][debug][gc,phases      ] GC(185)   StringDedup Table Weak         Min:  0.0, Avg:  0.0, Max:  0.0, Diff:  0.0, Sum:  0.0, Workers: 4
[451.092s][debug][gc,phases      ] GC(185)     Dead                           Min: 0, Avg:  0.0, Max: 0, Diff: 0, Sum: 0, Workers: 4
[451.092s][debug][gc,phases      ] GC(185)     Total                          Min: 0, Avg:  0.0, Max: 0, Diff: 0, Sum: 0, Workers: 4
[451.092s][debug][gc,phases      ] GC(185)   StringDedup Requests0 Weak     Min:  0.0, Avg:  0.0, Max:  0.0, Diff:  0.0, Sum:  0.0, Workers: 4
[451.092s][debug][gc,phases      ] GC(185)     Dead                           Min: 0, Avg:  0.0, Max: 0, Diff: 0, Sum: 0, Workers: 4
[451.092s][debug][gc,phases      ] GC(185)     Total                          Min: 0, Avg:  0.0, Max: 0, Diff: 0, Sum: 0, Workers: 4
[451.092s][debug][gc,phases      ] GC(185)   StringDedup Requests1 Weak     Min:  0.0, Avg:  0.0, Max:  0.0, Diff:  0.0, Sum:  0.0, Workers: 4
[451.092s][debug][gc,phases      ] GC(185)     Dead                           Min: 0, Avg:  0.0, Max: 0, Diff: 0, Sum: 0, Workers: 4
[451.092s][debug][gc,phases      ] GC(185)     Total                          Min: 0, Avg:  0.0, Max: 0, Diff: 0, Sum: 0, Workers: 4
[451.092s][debug][gc,phases      ] GC(185)   Weak JFR Old Object Samples    Min:  0.0, Avg:  0.0, Max:  0.0, Diff:  0.0, Sum:  0.0, Workers: 4
[451.092s][debug][gc,phases      ] GC(185)     Dead                           Min: 0, Avg:  0.0, Max: 0, Diff: 0, Sum: 0, Workers: 4
[451.092s][debug][gc,phases      ] GC(185)     Total                          Min: 0, Avg:  0.0, Max: 0, Diff: 0, Sum: 0, Workers: 4
[451.092s][debug][gc,phases      ] GC(185) Weak Processing 0.327ms
[451.092s][debug][gc,age         ] GC(185) Desired survivor size 149946368 bytes, new threshold 15 (max threshold 15)
[451.092s][info ][gc,heap        ] GC(185) PSYoungGen: 1890063K(1944576K)->88304K(1950720K) Eden: 1794557K(1794560K)->0K(1802752K) From: 95505K(150016K)->88304K(147968K)
[451.092s][info ][gc,heap        ] GC(185) ParOldGen: 732189K(757248K)->740150K(757248K)
[451.092s][info ][gc,metaspace   ] GC(185) Metaspace: 83575K(84480K)->83575K(84480K) NonClass: 71880K(72384K)->71880K(72384K) Class: 11694K(12096K)->11694K(12096K)
[451.092s][info ][gc             ] GC(185) Pause Young (Allocation Failure) 2560M->809M(2644M) 24.038ms
[451.092s][info ][gc,cpu         ] GC(185) User=0.09s Sys=0.00s Real=0.02s
[451.092s][info ][safepoint      ] Safepoint "ParallelGCFailedAllocation", Time since last: 628502781 ns, Reaching safepoint: 138403 ns, At safepoint: 24145114 ns, Total: 24283517 ns
[452.092s][info ][safepoint      ] Safepoint "Cleanup", Time since last: 1000089529 ns, Reaching safepoint: 51401 ns, At safepoint: 6100 ns, Total: 57501 ns
[459.093s][info ][safepoint      ] Safepoint "Cleanup", Time since last: 7000490795 ns, Reaching safepoint: 43501 ns, At safepoint: 3300 ns, Total: 46801 ns
[465.093s][info ][safepoint      ] Safepoint "Cleanup", Time since last: 6000392564 ns, Reaching safepoint: 49401 ns, At safepoint: 3700 ns, Total: 53101 ns
[466.093s][info ][safepoint      ] Safepoint "Cleanup", Time since last: 1000105628 ns, Reaching safepoint: 48501 ns, At safepoint: 13900 ns, Total: 62401 ns
[467.094s][info ][safepoint      ] Safepoint "Cleanup", Time since last: 1000096028 ns, Reaching safepoint: 50501 ns, At safepoint: 7401 ns, Total: 57902 ns
[471.094s][info ][safepoint      ] Safepoint "Cleanup", Time since last: 4000288207 ns, Reaching safepoint: 43001 ns, At safepoint: 3000 ns, Total: 46001 ns
[472.094s][info ][safepoint      ] Safepoint "Cleanup", Time since last: 1000110728 ns, Reaching safepoint: 45801 ns, At safepoint: 2600 ns, Total: 48401 ns
[474.743s][info ][safepoint      ] Safepoint "Cleanup", Time since last: 2648604741 ns, Reaching safepoint: 69301 ns, At safepoint: 6800 ns, Total: 76101 ns
[475.743s][info ][safepoint      ] Safepoint "Cleanup", Time since last: 1000111428 ns, Reaching safepoint: 51201 ns, At safepoint: 6100 ns, Total: 57301 ns
[477.743s][info ][safepoint      ] Safepoint "Cleanup", Time since last: 2000199055 ns, Reaching safepoint: 55801 ns, At safepoint: 6500 ns, Total: 62301 ns
[479.744s][info ][safepoint      ] Safepoint "Cleanup", Time since last: 2000189754 ns, Reaching safepoint: 72002 ns, At safepoint: 8300 ns, Total: 80302 ns
[480.744s][info ][safepoint      ] Safepoint "Cleanup", Time since last: 1000105827 ns, Reaching safepoint: 59901 ns, At safepoint: 17001 ns, Total: 76902 ns
[484.744s][info ][safepoint      ] Safepoint "Cleanup", Time since last: 4000295504 ns, Reaching safepoint: 71802 ns, At safepoint: 6700 ns, Total: 78502 ns
[485.744s][info ][safepoint      ] Safepoint "Cleanup", Time since last: 1000116127 ns, Reaching safepoint: 65701 ns, At safepoint: 8501 ns, Total: 74202 ns
[487.745s][info ][safepoint      ] Safepoint "Cleanup", Time since last: 2000176552 ns, Reaching safepoint: 73302 ns, At safepoint: 13400 ns, Total: 86702 ns
[488.745s][info ][safepoint      ] Safepoint "Cleanup", Time since last: 1000119527 ns, Reaching safepoint: 55401 ns, At safepoint: 10500 ns, Total: 65901 ns
[490.745s][info ][safepoint      ] Safepoint "Cleanup", Time since last: 2000183152 ns, Reaching safepoint: 53102 ns, At safepoint: 10500 ns, Total: 63602 ns
[491.745s][info ][safepoint      ] Safepoint "Cleanup", Time since last: 1000115626 ns, Reaching safepoint: 51602 ns, At safepoint: 3000 ns, Total: 54602 ns
[492.745s][info ][safepoint      ] Safepoint "Cleanup", Time since last: 1000099526 ns, Reaching safepoint: 37401 ns, At safepoint: 3600 ns, Total: 41001 ns
[493.745s][info ][safepoint      ] Safepoint "Cleanup", Time since last: 1000131427 ns, Reaching safepoint: 45901 ns, At safepoint: 3600 ns, Total: 49501 ns
[494.178s][info ][gc,start       ] GC(186) Pause Young (Allocation Failure)
[494.196s][debug][gc,phases      ] GC(186) Scavenge 17.523ms
[494.196s][debug][gc,ref         ] GC(186) Skipped phase 1 of Reference Processing: no references
[494.196s][debug][gc,ref         ] GC(186) ReferenceProcessor::execute queues: 1, RefProcThreadModel::Single, marks_oops_alive: false
[494.196s][debug][gc,ref         ] GC(186) Skipped phase 3 of Reference Processing: no references
[494.196s][debug][gc,ref         ] GC(186) ReferenceProcessor::execute queues: 1, RefProcThreadModel::Single, marks_oops_alive: false
[494.196s][debug][gc,phases      ] GC(186) Reference Processing 0.148ms
[494.196s][debug][gc,phases      ] GC(186)   VM Weak                        Min:  0.0, Avg:  0.0, Max:  0.0, Diff:  0.0, Sum:  0.0, Workers: 4
[494.196s][debug][gc,phases      ] GC(186)     Dead                           Min: 0, Avg:  0.0, Max: 0, Diff: 0, Sum: 0, Workers: 4
[494.196s][debug][gc,phases      ] GC(186)     Total                          Min: 0, Avg: 174.5, Max: 634, Diff: 634, Sum: 698, Workers: 4
[494.196s][debug][gc,phases      ] GC(186)   ObjectSynchronizer Weak        Min:  0.0, Avg:  0.0, Max:  0.0, Diff:  0.0, Sum:  0.0, Workers: 4
[494.196s][debug][gc,phases      ] GC(186)     Dead                           Min: 0, Avg:  0.0, Max: 0, Diff: 0, Sum: 0, Workers: 4
[494.196s][debug][gc,phases      ] GC(186)     Total                          Min: 0, Avg: 117.0, Max: 256, Diff: 256, Sum: 468, Workers: 4
[494.196s][debug][gc,phases      ] GC(186)   JVMTI Tag Weak OopStorage      Min:  0.0, Avg:  0.0, Max:  0.0, Diff:  0.0, Sum:  0.0, Workers: 4
[494.196s][debug][gc,phases      ] GC(186)     Dead                           Min: 0, Avg:  0.0, Max: 0, Diff: 0, Sum: 0, Workers: 4
[494.196s][debug][gc,phases      ] GC(186)     Total                          Min: 0, Avg:  0.0, Max: 0, Diff: 0, Sum: 0, Workers: 4
[494.196s][debug][gc,phases      ] GC(186)   StringTable Weak               Min:  0.1, Avg:  0.1, Max:  0.1, Diff:  0.0, Sum:  0.4, Workers: 4
[494.196s][debug][gc,phases      ] GC(186)     Dead                           Min: 0, Avg:  0.2, Max: 1, Diff: 1, Sum: 1, Workers: 4
[494.196s][debug][gc,phases      ] GC(186)     Total                          Min: 10816, Avg: 12041.5, Max: 13120, Diff: 2304, Sum: 48166, Workers: 4
[494.196s][debug][gc,phases      ] GC(186)   ResolvedMethodTable Weak       Min:  0.0, Avg:  0.0, Max:  0.0, Diff:  0.0, Sum:  0.1, Workers: 4
[494.196s][debug][gc,phases      ] GC(186)     Dead                           Min: 0, Avg:  0.0, Max: 0, Diff: 0, Sum: 0, Workers: 4
[494.196s][debug][gc,phases      ] GC(186)     Total                          Min: 1984, Avg: 2116.5, Max: 2304, Diff: 320, Sum: 8466, Workers: 4
[494.196s][debug][gc,phases      ] GC(186)   JNI Weak                       Min:  0.0, Avg:  0.0, Max:  0.0, Diff:  0.0, Sum:  0.0, Workers: 4
[494.196s][debug][gc,phases      ] GC(186)     Dead                           Min: 0, Avg:  0.0, Max: 0, Diff: 0, Sum: 0, Workers: 4
[494.196s][debug][gc,phases      ] GC(186)     Total                          Min: 0, Avg:  0.0, Max: 0, Diff: 0, Sum: 0, Workers: 4
[494.196s][debug][gc,phases      ] GC(186)   StringDedup Table Weak         Min:  0.0, Avg:  0.0, Max:  0.0, Diff:  0.0, Sum:  0.0, Workers: 4
[494.196s][debug][gc,phases      ] GC(186)     Dead                           Min: 0, Avg:  0.0, Max: 0, Diff: 0, Sum: 0, Workers: 4
[494.196s][debug][gc,phases      ] GC(186)     Total                          Min: 0, Avg:  0.0, Max: 0, Diff: 0, Sum: 0, Workers: 4
[494.196s][debug][gc,phases      ] GC(186)   StringDedup Requests0 Weak     Min:  0.0, Avg:  0.0, Max:  0.0, Diff:  0.0, Sum:  0.0, Workers: 4
[494.196s][debug][gc,phases      ] GC(186)     Dead                           Min: 0, Avg:  0.0, Max: 0, Diff: 0, Sum: 0, Workers: 4
[494.196s][debug][gc,phases      ] GC(186)     Total                          Min: 0, Avg:  0.0, Max: 0, Diff: 0, Sum: 0, Workers: 4
[494.196s][debug][gc,phases      ] GC(186)   StringDedup Requests1 Weak     Min:  0.0, Avg:  0.0, Max:  0.0, Diff:  0.0, Sum:  0.0, Workers: 4
[494.196s][debug][gc,phases      ] GC(186)     Dead                           Min: 0, Avg:  0.0, Max: 0, Diff: 0, Sum: 0, Workers: 4
[494.196s][debug][gc,phases      ] GC(186)     Total                          Min: 0, Avg:  0.0, Max: 0, Diff: 0, Sum: 0, Workers: 4
[494.196s][debug][gc,phases      ] GC(186)   Weak JFR Old Object Samples    Min:  0.0, Avg:  0.0, Max:  0.0, Diff:  0.0, Sum:  0.0, Workers: 4
[494.196s][debug][gc,phases      ] GC(186)     Dead                           Min: 0, Avg:  0.0, Max: 0, Diff: 0, Sum: 0, Workers: 4
[494.196s][debug][gc,phases      ] GC(186)     Total                          Min: 0, Avg:  0.0, Max: 0, Diff: 0, Sum: 0, Workers: 4
[494.196s][debug][gc,phases      ] GC(186) Weak Processing 0.318ms
[494.196s][debug][gc,age         ] GC(186) Desired survivor size 149946368 bytes, new threshold 15 (max threshold 15)
[494.196s][info ][gc,heap        ] GC(186) PSYoungGen: 1891056K(1950720K)->80273K(1949184K) Eden: 1802752K(1802752K)->0K(1802752K) From: 88304K(147968K)->80273K(146432K)
[494.196s][info ][gc,heap        ] GC(186) ParOldGen: 740150K(757248K)->748000K(757248K)
[494.196s][info ][gc,metaspace   ] GC(186) Metaspace: 83622K(84544K)->83622K(84544K) NonClass: 71922K(72448K)->71922K(72448K) Class: 11700K(12096K)->11700K(12096K)
[494.196s][info ][gc             ] GC(186) Pause Young (Allocation Failure) 2569M->808M(2643M) 18.119ms
[494.196s][info ][gc,cpu         ] GC(186) User=0.07s Sys=0.00s Real=0.02s
[494.196s][debug][gc,phases      ] GC(187) Pre Compact 0.008ms
[494.196s][info ][gc,start       ] GC(187) Pause Full (Ergonomics)
[494.196s][info ][gc,phases,start] GC(187) Marking Phase
[494.359s][debug][gc,phases      ] GC(187) Par Mark 162.041ms
[494.359s][debug][gc,ref         ] GC(187) Skipped phase 1 of Reference Processing: no references
[494.359s][debug][gc,ref         ] GC(187) ReferenceProcessor::execute queues: 4, RefProcThreadModel::Multi, marks_oops_alive: false
[494.359s][debug][gc,ref         ] GC(187) Skipped phase 3 of Reference Processing: no references
[494.359s][debug][gc,ref         ] GC(187) ReferenceProcessor::execute queues: 1, RefProcThreadModel::Single, marks_oops_alive: false
[494.359s][debug][gc,phases      ] GC(187) Reference Processing 0.582ms
[494.359s][debug][gc,phases      ] GC(187)   VM Weak                        Min:  0.0, Avg:  0.0, Max:  0.0, Diff:  0.0, Sum:  0.0, Workers: 4
[494.359s][debug][gc,phases      ] GC(187)     Dead                           Min: 0, Avg:  0.0, Max: 0, Diff: 0, Sum: 0, Workers: 4
[494.359s][debug][gc,phases      ] GC(187)     Total                          Min: 0, Avg: 174.5, Max: 320, Diff: 320, Sum: 698, Workers: 4
[494.359s][debug][gc,phases      ] GC(187)   ObjectSynchronizer Weak        Min:  0.0, Avg:  0.0, Max:  0.0, Diff:  0.0, Sum:  0.0, Workers: 4
[494.359s][debug][gc,phases      ] GC(187)     Dead                           Min: 0, Avg:  0.0, Max: 0, Diff: 0, Sum: 0, Workers: 4
[494.359s][debug][gc,phases      ] GC(187)     Total                          Min: 20, Avg: 117.0, Max: 192, Diff: 172, Sum: 468, Workers: 4
[494.359s][debug][gc,phases      ] GC(187)   JVMTI Tag Weak OopStorage      Min:  0.0, Avg:  0.0, Max:  0.0, Diff:  0.0, Sum:  0.0, Workers: 4
[494.359s][debug][gc,phases      ] GC(187)     Dead                           Min: 0, Avg:  0.0, Max: 0, Diff: 0, Sum: 0, Workers: 4
[494.359s][debug][gc,phases      ] GC(187)     Total                          Min: 0, Avg:  0.0, Max: 0, Diff: 0, Sum: 0, Workers: 4
[494.359s][debug][gc,phases      ] GC(187)   StringTable Weak               Min:  0.2, Avg:  0.2, Max:  0.2, Diff:  0.0, Sum:  0.6, Workers: 4
[494.359s][debug][gc,phases      ] GC(187)     Dead                           Min: 0, Avg:  0.0, Max: 0, Diff: 0, Sum: 0, Workers: 4
[494.359s][debug][gc,phases      ] GC(187)     Total                          Min: 11392, Avg: 12041.5, Max: 12454, Diff: 1062, Sum: 48166, Workers: 4
[494.359s][debug][gc,phases      ] GC(187)   ResolvedMethodTable Weak       Min:  0.0, Avg:  0.0, Max:  0.0, Diff:  0.0, Sum:  0.1, Workers: 4
[494.359s][debug][gc,phases      ] GC(187)     Dead                           Min: 0, Avg:  0.0, Max: 0, Diff: 0, Sum: 0, Workers: 4
[494.359s][debug][gc,phases      ] GC(187)     Total                          Min: 1984, Avg: 2116.5, Max: 2258, Diff: 274, Sum: 8466, Workers: 4
[494.360s][debug][gc,phases      ] GC(187)   JNI Weak                       Min:  0.0, Avg:  0.0, Max:  0.0, Diff:  0.0, Sum:  0.0, Workers: 4
[494.360s][debug][gc,phases      ] GC(187)     Dead                           Min: 0, Avg:  0.0, Max: 0, Diff: 0, Sum: 0, Workers: 4
[494.360s][debug][gc,phases      ] GC(187)     Total                          Min: 0, Avg:  0.0, Max: 0, Diff: 0, Sum: 0, Workers: 4
[494.360s][debug][gc,phases      ] GC(187)   StringDedup Table Weak         Min:  0.0, Avg:  0.0, Max:  0.0, Diff:  0.0, Sum:  0.0, Workers: 4
[494.360s][debug][gc,phases      ] GC(187)     Dead                           Min: 0, Avg:  0.0, Max: 0, Diff: 0, Sum: 0, Workers: 4
[494.360s][debug][gc,phases      ] GC(187)     Total                          Min: 0, Avg:  0.0, Max: 0, Diff: 0, Sum: 0, Workers: 4
[494.360s][debug][gc,phases      ] GC(187)   StringDedup Requests0 Weak     Min:  0.0, Avg:  0.0, Max:  0.0, Diff:  0.0, Sum:  0.0, Workers: 4
[494.360s][debug][gc,phases      ] GC(187)     Dead                           Min: 0, Avg:  0.0, Max: 0, Diff: 0, Sum: 0, Workers: 4
[494.360s][debug][gc,phases      ] GC(187)     Total                          Min: 0, Avg:  0.0, Max: 0, Diff: 0, Sum: 0, Workers: 4
[494.360s][debug][gc,phases      ] GC(187)   StringDedup Requests1 Weak     Min:  0.0, Avg:  0.0, Max:  0.0, Diff:  0.0, Sum:  0.0, Workers: 4
[494.360s][debug][gc,phases      ] GC(187)     Dead                           Min: 0, Avg:  0.0, Max: 0, Diff: 0, Sum: 0, Workers: 4
[494.360s][debug][gc,phases      ] GC(187)     Total                          Min: 0, Avg:  0.0, Max: 0, Diff: 0, Sum: 0, Workers: 4
[494.360s][debug][gc,phases      ] GC(187)   Weak JFR Old Object Samples    Min:  0.0, Avg:  0.0, Max:  0.0, Diff:  0.0, Sum:  0.0, Workers: 4
[494.360s][debug][gc,phases      ] GC(187)     Dead                           Min: 0, Avg:  0.0, Max: 0, Diff: 0, Sum: 0, Workers: 4
[494.360s][debug][gc,phases      ] GC(187)     Total                          Min: 0, Avg:  0.0, Max: 0, Diff: 0, Sum: 0, Workers: 4
[494.360s][debug][gc,phases      ] GC(187) Weak Processing 0.383ms
[494.360s][debug][gc,phases      ] GC(187) ClassLoaderData 0.099ms
[494.360s][debug][gc,phases      ] GC(187) Trigger cleanups 0.000ms
[494.379s][debug][gc,phases      ] GC(187) Class Unloading 19.628ms
[494.379s][info ][gc,phases      ] GC(187) Marking Phase 182.757ms
[494.379s][info ][gc,phases,start] GC(187) Summary Phase
[494.379s][info ][gc,phases      ] GC(187) Summary Phase 0.015ms
[494.379s][info ][gc,phases,start] GC(187) Adjust Roots
[494.400s][info ][gc,phases      ] GC(187) Adjust Roots 20.715ms
[494.400s][info ][gc,phases,start] GC(187) Compaction Phase
[494.840s][info ][gc,phases      ] GC(187) Compaction Phase 440.322ms
[494.840s][info ][gc,phases,start] GC(187) Post Compact
[494.843s][info ][gc,phases      ] GC(187) Post Compact 2.271ms
[494.843s][info ][gc,heap        ] GC(187) PSYoungGen: 80273K(1949184K)->47328K(1949184K) Eden: 0K(1802752K)->0K(1802752K) From: 80273K(146432K)->47328K(146432K)
[494.843s][info ][gc,heap        ] GC(187) ParOldGen: 748000K(757248K)->757007K(931840K)
[494.843s][info ][gc,metaspace   ] GC(187) Metaspace: 83622K(84544K)->83622K(84544K) NonClass: 71922K(72448K)->71922K(72448K) Class: 11700K(12096K)->11700K(12096K)
[494.843s][info ][gc             ] GC(187) Pause Full (Ergonomics) 808M->785M(2813M) 646.527ms
[494.843s][info ][gc,cpu         ] GC(187) User=2.44s Sys=0.00s Real=0.65s
[494.843s][info ][safepoint      ] Safepoint "ParallelGCFailedAllocation", Time since last: 432718601 ns, Reaching safepoint: 101703 ns, At safepoint: 664809601 ns, Total: 664911304 ns
[495.843s][info ][safepoint      ] Safepoint "Cleanup", Time since last: 1000091526 ns, Reaching safepoint: 48501 ns, At safepoint: 5300 ns, Total: 53801 ns
[496.843s][info ][safepoint      ] Safepoint "Cleanup", Time since last: 1000135527 ns, Reaching safepoint: 83702 ns, At safepoint: 6100 ns, Total: 89802 ns
[506.844s][info ][safepoint      ] Safepoint "Cleanup", Time since last: 10000760248 ns, Reaching safepoint: 52701 ns, At safepoint: 9300 ns, Total: 62001 ns
[512.845s][info ][safepoint      ] Safepoint "Cleanup", Time since last: 6000401844 ns, Reaching safepoint: 50402 ns, At safepoint: 3900 ns, Total: 54302 ns
[514.845s][info ][safepoint      ] Safepoint "Cleanup", Time since last: 2000179948 ns, Reaching safepoint: 75902 ns, At safepoint: 6701 ns, Total: 82603 ns
[515.845s][info ][safepoint      ] Safepoint "Cleanup", Time since last: 1000111924 ns, Reaching safepoint: 45502 ns, At safepoint: 10400 ns, Total: 55902 ns
[516.845s][info ][safepoint      ] Safepoint "Cleanup", Time since last: 1000123225 ns, Reaching safepoint: 59301 ns, At safepoint: 8501 ns, Total: 67802 ns
[517.846s][info ][safepoint      ] Safepoint "Cleanup", Time since last: 1000109124 ns, Reaching safepoint: 63002 ns, At safepoint: 9100 ns, Total: 72102 ns
[519.846s][info ][safepoint      ] Safepoint "Cleanup", Time since last: 2000195348 ns, Reaching safepoint: 63302 ns, At safepoint: 10600 ns, Total: 73902 ns
[521.846s][info ][safepoint      ] Safepoint "Cleanup", Time since last: 2000184648 ns, Reaching safepoint: 52101 ns, At safepoint: 5201 ns, Total: 57302 ns
[523.846s][info ][safepoint      ] Safepoint "Cleanup", Time since last: 2000189347 ns, Reaching safepoint: 59802 ns, At safepoint: 7100 ns, Total: 66902 ns
[524.847s][info ][safepoint      ] Safepoint "Cleanup", Time since last: 1000118124 ns, Reaching safepoint: 226906 ns, At safepoint: 7300 ns, Total: 234206 ns
[525.161s][info ][gc,start       ] GC(188) Pause Young (Allocation Failure)
[525.231s][debug][gc,phases      ] GC(188) Scavenge 69.913ms
[525.231s][debug][gc,ref         ] GC(188) Skipped phase 1 of Reference Processing: no references
[525.231s][debug][gc,ref         ] GC(188) ReferenceProcessor::execute queues: 1, RefProcThreadModel::Single, marks_oops_alive: false
[525.231s][debug][gc,ref         ] GC(188) Skipped phase 3 of Reference Processing: no references
[525.231s][debug][gc,ref         ] GC(188) ReferenceProcessor::execute queues: 1, RefProcThreadModel::Single, marks_oops_alive: false
[525.231s][debug][gc,phases      ] GC(188) Reference Processing 0.139ms
[525.231s][debug][gc,phases      ] GC(188)   VM Weak                        Min:  0.0, Avg:  0.0, Max:  0.0, Diff:  0.0, Sum:  0.0, Workers: 4
[525.231s][debug][gc,phases      ] GC(188)     Dead                           Min: 0, Avg:  0.0, Max: 0, Diff: 0, Sum: 0, Workers: 4
[525.231s][debug][gc,phases      ] GC(188)     Total                          Min: 0, Avg: 174.5, Max: 570, Diff: 570, Sum: 698, Workers: 4
[525.231s][debug][gc,phases      ] GC(188)   ObjectSynchronizer Weak        Min:  0.0, Avg:  0.0, Max:  0.0, Diff:  0.0, Sum:  0.0, Workers: 4
[525.231s][debug][gc,phases      ] GC(188)     Dead                           Min: 0, Avg:  0.0, Max: 0, Diff: 0, Sum: 0, Workers: 4
[525.231s][debug][gc,phases      ] GC(188)     Total                          Min: 0, Avg: 117.0, Max: 256, Diff: 256, Sum: 468, Workers: 4
[525.231s][debug][gc,phases      ] GC(188)   JVMTI Tag Weak OopStorage      Min:  0.0, Avg:  0.0, Max:  0.0, Diff:  0.0, Sum:  0.0, Workers: 4
[525.231s][debug][gc,phases      ] GC(188)     Dead                           Min: 0, Avg:  0.0, Max: 0, Diff: 0, Sum: 0, Workers: 4
[525.231s][debug][gc,phases      ] GC(188)     Total                          Min: 0, Avg:  0.0, Max: 0, Diff: 0, Sum: 0, Workers: 4
[525.231s][debug][gc,phases      ] GC(188)   StringTable Weak               Min:  0.1, Avg:  0.1, Max:  0.1, Diff:  0.0, Sum:  0.4, Workers: 4
[525.231s][debug][gc,phases      ] GC(188)     Dead                           Min: 0, Avg:  0.2, Max: 1, Diff: 1, Sum: 1, Workers: 4
[525.231s][debug][gc,phases      ] GC(188)     Total                          Min: 10624, Avg: 12044.0, Max: 14208, Diff: 3584, Sum: 48176, Workers: 4
[525.231s][debug][gc,phases      ] GC(188)   ResolvedMethodTable Weak       Min:  0.0, Avg:  0.0, Max:  0.0, Diff:  0.0, Sum:  0.1, Workers: 4
[525.231s][debug][gc,phases      ] GC(188)     Dead                           Min: 0, Avg:  0.0, Max: 0, Diff: 0, Sum: 0, Workers: 4
[525.231s][debug][gc,phases      ] GC(188)     Total                          Min: 1984, Avg: 2117.8, Max: 2368, Diff: 384, Sum: 8471, Workers: 4
[525.231s][debug][gc,phases      ] GC(188)   JNI Weak                       Min:  0.0, Avg:  0.0, Max:  0.0, Diff:  0.0, Sum:  0.0, Workers: 4
[525.231s][debug][gc,phases      ] GC(188)     Dead                           Min: 0, Avg:  0.0, Max: 0, Diff: 0, Sum: 0, Workers: 4
[525.231s][debug][gc,phases      ] GC(188)     Total                          Min: 0, Avg:  0.0, Max: 0, Diff: 0, Sum: 0, Workers: 4
[525.231s][debug][gc,phases      ] GC(188)   StringDedup Table Weak         Min:  0.0, Avg:  0.0, Max:  0.0, Diff:  0.0, Sum:  0.0, Workers: 4
[525.231s][debug][gc,phases      ] GC(188)     Dead                           Min: 0, Avg:  0.0, Max: 0, Diff: 0, Sum: 0, Workers: 4
[525.231s][debug][gc,phases      ] GC(188)     Total                          Min: 0, Avg:  0.0, Max: 0, Diff: 0, Sum: 0, Workers: 4
[525.231s][debug][gc,phases      ] GC(188)   StringDedup Requests0 Weak     Min:  0.0, Avg:  0.0, Max:  0.0, Diff:  0.0, Sum:  0.0, Workers: 4
[525.231s][debug][gc,phases      ] GC(188)     Dead                           Min: 0, Avg:  0.0, Max: 0, Diff: 0, Sum: 0, Workers: 4
[525.231s][debug][gc,phases      ] GC(188)     Total                          Min: 0, Avg:  0.0, Max: 0, Diff: 0, Sum: 0, Workers: 4
[525.231s][debug][gc,phases      ] GC(188)   StringDedup Requests1 Weak     Min:  0.0, Avg:  0.0, Max:  0.0, Diff:  0.0, Sum:  0.0, Workers: 4
[525.231s][debug][gc,phases      ] GC(188)     Dead                           Min: 0, Avg:  0.0, Max: 0, Diff: 0, Sum: 0, Workers: 4
[525.231s][debug][gc,phases      ] GC(188)     Total                          Min: 0, Avg:  0.0, Max: 0, Diff: 0, Sum: 0, Workers: 4
[525.231s][debug][gc,phases      ] GC(188)   Weak JFR Old Object Samples    Min:  0.0, Avg:  0.0, Max:  0.0, Diff:  0.0, Sum:  0.0, Workers: 4
[525.231s][debug][gc,phases      ] GC(188)     Dead                           Min: 0, Avg:  0.0, Max: 0, Diff: 0, Sum: 0, Workers: 4
[525.231s][debug][gc,phases      ] GC(188)     Total                          Min: 0, Avg:  0.0, Max: 0, Diff: 0, Sum: 0, Workers: 4
[525.231s][debug][gc,phases      ] GC(188) Weak Processing 0.340ms
[525.231s][debug][gc,age         ] GC(188) Desired survivor size 148897792 bytes, new threshold 15 (max threshold 15)
[525.231s][info ][gc,heap        ] GC(188) PSYoungGen: 1850080K(1949184K)->80021K(1951744K) Eden: 1802752K(1802752K)->0K(1805312K) From: 47328K(146432K)->80021K(146432K)
[525.231s][info ][gc,heap        ] GC(188) ParOldGen: 757007K(931840K)->760968K(931840K)
[525.231s][info ][gc,metaspace   ] GC(188) Metaspace: 83708K(84544K)->83708K(84544K) NonClass: 72003K(72448K)->72003K(72448K) Class: 11704K(12096K)->11704K(12096K)
[525.231s][info ][gc             ] GC(188) Pause Young (Allocation Failure) 2545M->821M(2816M) 70.533ms
[525.231s][info ][gc,cpu         ] GC(188) User=0.28s Sys=0.00s Real=0.07s
[525.232s][info ][safepoint      ] Safepoint "ParallelGCFailedAllocation", Time since last: 314220988 ns, Reaching safepoint: 40901 ns, At safepoint: 70628896 ns, Total: 70669797 ns
[526.238s][info ][safepoint      ] Safepoint "Cleanup", Time since last: 1005921172 ns, Reaching safepoint: 101702 ns, At safepoint: 13201 ns, Total: 114903 ns
[526.291s][info ][gc,start       ] GC(189) Pause Young (Allocation Failure)
[526.310s][debug][gc,phases      ] GC(189) Scavenge 18.731ms
[526.310s][debug][gc,ref         ] GC(189) Skipped phase 1 of Reference Processing: no references
[526.310s][debug][gc,ref         ] GC(189) ReferenceProcessor::execute queues: 1, RefProcThreadModel::Single, marks_oops_alive: false
[526.310s][debug][gc,ref         ] GC(189) Skipped phase 3 of Reference Processing: no references
[526.310s][debug][gc,ref         ] GC(189) ReferenceProcessor::execute queues: 1, RefProcThreadModel::Single, marks_oops_alive: false
[526.310s][debug][gc,phases      ] GC(189) Reference Processing 0.126ms
[526.311s][debug][gc,phases      ] GC(189)   VM Weak                        Min:  0.0, Avg:  0.0, Max:  0.0, Diff:  0.0, Sum:  0.0, Workers: 4
[526.311s][debug][gc,phases      ] GC(189)     Dead                           Min: 0, Avg:  0.0, Max: 0, Diff: 0, Sum: 0, Workers: 4
[526.311s][debug][gc,phases      ] GC(189)     Total                          Min: 0, Avg: 174.5, Max: 634, Diff: 634, Sum: 698, Workers: 4
[526.311s][debug][gc,phases      ] GC(189)   ObjectSynchronizer Weak        Min:  0.0, Avg:  0.0, Max:  0.0, Diff:  0.0, Sum:  0.0, Workers: 4
[526.311s][debug][gc,phases      ] GC(189)     Dead                           Min: 0, Avg:  0.0, Max: 0, Diff: 0, Sum: 0, Workers: 4
[526.311s][debug][gc,phases      ] GC(189)     Total                          Min: 0, Avg: 117.0, Max: 256, Diff: 256, Sum: 468, Workers: 4
[526.311s][debug][gc,phases      ] GC(189)   JVMTI Tag Weak OopStorage      Min:  0.0, Avg:  0.0, Max:  0.0, Diff:  0.0, Sum:  0.0, Workers: 4
[526.311s][debug][gc,phases      ] GC(189)     Dead                           Min: 0, Avg:  0.0, Max: 0, Diff: 0, Sum: 0, Workers: 4
[526.311s][debug][gc,phases      ] GC(189)     Total                          Min: 0, Avg:  0.0, Max: 0, Diff: 0, Sum: 0, Workers: 4
[526.311s][debug][gc,phases      ] GC(189)   StringTable Weak               Min:  0.1, Avg:  0.1, Max:  0.1, Diff:  0.0, Sum:  0.4, Workers: 4
[526.311s][debug][gc,phases      ] GC(189)     Dead                           Min: 0, Avg:  0.0, Max: 0, Diff: 0, Sum: 0, Workers: 4
[526.311s][debug][gc,phases      ] GC(189)     Total                          Min: 10240, Avg: 12044.0, Max: 13168, Diff: 2928, Sum: 48176, Workers: 4
[526.311s][debug][gc,phases      ] GC(189)   ResolvedMethodTable Weak       Min:  0.0, Avg:  0.0, Max:  0.0, Diff:  0.0, Sum:  0.1, Workers: 4
[526.311s][debug][gc,phases      ] GC(189)     Dead                           Min: 0, Avg:  0.0, Max: 0, Diff: 0, Sum: 0, Workers: 4
[526.311s][debug][gc,phases      ] GC(189)     Total                          Min: 1984, Avg: 2117.8, Max: 2304, Diff: 320, Sum: 8471, Workers: 4
[526.311s][debug][gc,phases      ] GC(189)   JNI Weak                       Min:  0.0, Avg:  0.0, Max:  0.0, Diff:  0.0, Sum:  0.0, Workers: 4
[526.311s][debug][gc,phases      ] GC(189)     Dead                           Min: 0, Avg:  0.0, Max: 0, Diff: 0, Sum: 0, Workers: 4
[526.311s][debug][gc,phases      ] GC(189)     Total                          Min: 0, Avg:  0.0, Max: 0, Diff: 0, Sum: 0, Workers: 4
[526.311s][debug][gc,phases      ] GC(189)   StringDedup Table Weak         Min:  0.0, Avg:  0.0, Max:  0.0, Diff:  0.0, Sum:  0.0, Workers: 4
[526.311s][debug][gc,phases      ] GC(189)     Dead                           Min: 0, Avg:  0.0, Max: 0, Diff: 0, Sum: 0, Workers: 4
[526.311s][debug][gc,phases      ] GC(189)     Total                          Min: 0, Avg:  0.0, Max: 0, Diff: 0, Sum: 0, Workers: 4
[526.311s][debug][gc,phases      ] GC(189)   StringDedup Requests0 Weak     Min:  0.0, Avg:  0.0, Max:  0.0, Diff:  0.0, Sum:  0.0, Workers: 4
[526.311s][debug][gc,phases      ] GC(189)     Dead                           Min: 0, Avg:  0.0, Max: 0, Diff: 0, Sum: 0, Workers: 4
[526.311s][debug][gc,phases      ] GC(189)     Total                          Min: 0, Avg:  0.0, Max: 0, Diff: 0, Sum: 0, Workers: 4
[526.311s][debug][gc,phases      ] GC(189)   StringDedup Requests1 Weak     Min:  0.0, Avg:  0.0, Max:  0.0, Diff:  0.0, Sum:  0.0, Workers: 4
[526.311s][debug][gc,phases      ] GC(189)     Dead                           Min: 0, Avg:  0.0, Max: 0, Diff: 0, Sum: 0, Workers: 4
[526.311s][debug][gc,phases      ] GC(189)     Total                          Min: 0, Avg:  0.0, Max: 0, Diff: 0, Sum: 0, Workers: 4
[526.311s][debug][gc,phases      ] GC(189)   Weak JFR Old Object Samples    Min:  0.0, Avg:  0.0, Max:  0.0, Diff:  0.0, Sum:  0.0, Workers: 4
[526.311s][debug][gc,phases      ] GC(189)     Dead                           Min: 0, Avg:  0.0, Max: 0, Diff: 0, Sum: 0, Workers: 4
[526.311s][debug][gc,phases      ] GC(189)     Total                          Min: 0, Avg:  0.0, Max: 0, Diff: 0, Sum: 0, Workers: 4
[526.311s][debug][gc,phases      ] GC(189) Weak Processing 0.353ms
[526.311s][debug][gc,age         ] GC(189) Desired survivor size 146800640 bytes, new threshold 15 (max threshold 15)
[526.311s][info ][gc,heap        ] GC(189) PSYoungGen: 1885333K(1951744K)->83989K(1950720K) Eden: 1805312K(1805312K)->0K(1805312K) From: 80021K(146432K)->83989K(145408K)
[526.311s][info ][gc,heap        ] GC(189) ParOldGen: 760968K(931840K)->761524K(931840K)
[526.311s][info ][gc,metaspace   ] GC(189) Metaspace: 83709K(84544K)->83709K(84544K) NonClass: 72004K(72448K)->72004K(72448K) Class: 11704K(12096K)->11704K(12096K)
[526.311s][info ][gc             ] GC(189) Pause Young (Allocation Failure) 2584M->825M(2815M) 19.356ms
[526.311s][info ][gc,cpu         ] GC(189) User=0.08s Sys=0.00s Real=0.02s
[526.311s][info ][safepoint      ] Safepoint "ParallelGCFailedAllocation", Time since last: 53671964 ns, Reaching safepoint: 122403 ns, At safepoint: 19441594 ns, Total: 19563997 ns
[527.385s][info ][gc,start       ] GC(190) Pause Young (Allocation Failure)
[527.407s][debug][gc,phases      ] GC(190) Scavenge 21.618ms
[527.407s][debug][gc,ref         ] GC(190) Skipped phase 1 of Reference Processing: no references
[527.407s][debug][gc,ref         ] GC(190) ReferenceProcessor::execute queues: 1, RefProcThreadModel::Single, marks_oops_alive: false
[527.407s][debug][gc,ref         ] GC(190) Skipped phase 3 of Reference Processing: no references
[527.407s][debug][gc,ref         ] GC(190) ReferenceProcessor::execute queues: 1, RefProcThreadModel::Single, marks_oops_alive: false
[527.407s][debug][gc,phases      ] GC(190) Reference Processing 0.110ms
[527.407s][debug][gc,phases      ] GC(190)   VM Weak                        Min:  0.0, Avg:  0.0, Max:  0.0, Diff:  0.0, Sum:  0.0, Workers: 4
[527.407s][debug][gc,phases      ] GC(190)     Dead                           Min: 0, Avg:  0.0, Max: 0, Diff: 0, Sum: 0, Workers: 4
[527.407s][debug][gc,phases      ] GC(190)     Total                          Min: 0, Avg: 174.5, Max: 512, Diff: 512, Sum: 698, Workers: 4
[527.407s][debug][gc,phases      ] GC(190)   ObjectSynchronizer Weak        Min:  0.0, Avg:  0.0, Max:  0.0, Diff:  0.0, Sum:  0.0, Workers: 4
[527.407s][debug][gc,phases      ] GC(190)     Dead                           Min: 0, Avg:  0.0, Max: 0, Diff: 0, Sum: 0, Workers: 4
[527.407s][debug][gc,phases      ] GC(190)     Total                          Min: 0, Avg: 117.0, Max: 256, Diff: 256, Sum: 468, Workers: 4
[527.407s][debug][gc,phases      ] GC(190)   JVMTI Tag Weak OopStorage      Min:  0.0, Avg:  0.0, Max:  0.0, Diff:  0.0, Sum:  0.0, Workers: 4
[527.407s][debug][gc,phases      ] GC(190)     Dead                           Min: 0, Avg:  0.0, Max: 0, Diff: 0, Sum: 0, Workers: 4
[527.407s][debug][gc,phases      ] GC(190)     Total                          Min: 0, Avg:  0.0, Max: 0, Diff: 0, Sum: 0, Workers: 4
[527.407s][debug][gc,phases      ] GC(190)   StringTable Weak               Min:  0.1, Avg:  0.1, Max:  0.1, Diff:  0.0, Sum:  0.4, Workers: 4
[527.407s][debug][gc,phases      ] GC(190)     Dead                           Min: 0, Avg:  0.0, Max: 0, Diff: 0, Sum: 0, Workers: 4
[527.407s][debug][gc,phases      ] GC(190)     Total                          Min: 11392, Avg: 12044.0, Max: 13440, Diff: 2048, Sum: 48176, Workers: 4
[527.407s][debug][gc,phases      ] GC(190)   ResolvedMethodTable Weak       Min:  0.0, Avg:  0.0, Max:  0.0, Diff:  0.0, Sum:  0.1, Workers: 4
[527.407s][debug][gc,phases      ] GC(190)     Dead                           Min: 0, Avg:  0.0, Max: 0, Diff: 0, Sum: 0, Workers: 4
[527.407s][debug][gc,phases      ] GC(190)     Total                          Min: 1920, Avg: 2117.8, Max: 2263, Diff: 343, Sum: 8471, Workers: 4
[527.407s][debug][gc,phases      ] GC(190)   JNI Weak                       Min:  0.0, Avg:  0.0, Max:  0.0, Diff:  0.0, Sum:  0.0, Workers: 4
[527.407s][debug][gc,phases      ] GC(190)     Dead                           Min: 0, Avg:  0.0, Max: 0, Diff: 0, Sum: 0, Workers: 4
[527.407s][debug][gc,phases      ] GC(190)     Total                          Min: 0, Avg:  0.0, Max: 0, Diff: 0, Sum: 0, Workers: 4
[527.407s][debug][gc,phases      ] GC(190)   StringDedup Table Weak         Min:  0.0, Avg:  0.0, Max:  0.0, Diff:  0.0, Sum:  0.0, Workers: 4
[527.407s][debug][gc,phases      ] GC(190)     Dead                           Min: 0, Avg:  0.0, Max: 0, Diff: 0, Sum: 0, Workers: 4
[527.407s][debug][gc,phases      ] GC(190)     Total                          Min: 0, Avg:  0.0, Max: 0, Diff: 0, Sum: 0, Workers: 4
[527.407s][debug][gc,phases      ] GC(190)   StringDedup Requests0 Weak     Min:  0.0, Avg:  0.0, Max:  0.0, Diff:  0.0, Sum:  0.0, Workers: 4
[527.407s][debug][gc,phases      ] GC(190)     Dead                           Min: 0, Avg:  0.0, Max: 0, Diff: 0, Sum: 0, Workers: 4
[527.407s][debug][gc,phases      ] GC(190)     Total                          Min: 0, Avg:  0.0, Max: 0, Diff: 0, Sum: 0, Workers: 4
[527.407s][debug][gc,phases      ] GC(190)   StringDedup Requests1 Weak     Min:  0.0, Avg:  0.0, Max:  0.0, Diff:  0.0, Sum:  0.0, Workers: 4
[527.407s][debug][gc,phases      ] GC(190)     Dead                           Min: 0, Avg:  0.0, Max: 0, Diff: 0, Sum: 0, Workers: 4
[527.407s][debug][gc,phases      ] GC(190)     Total                          Min: 0, Avg:  0.0, Max: 0, Diff: 0, Sum: 0, Workers: 4
[527.407s][debug][gc,phases      ] GC(190)   Weak JFR Old Object Samples    Min:  0.0, Avg:  0.0, Max:  0.0, Diff:  0.0, Sum:  0.0, Workers: 4
[527.407s][debug][gc,phases      ] GC(190)     Dead                           Min: 0, Avg:  0.0, Max: 0, Diff: 0, Sum: 0, Workers: 4
[527.407s][debug][gc,phases      ] GC(190)     Total                          Min: 0, Avg:  0.0, Max: 0, Diff: 0, Sum: 0, Workers: 4
[527.407s][debug][gc,phases      ] GC(190) Weak Processing 0.326ms
[527.407s][debug][gc,age         ] GC(190) Desired survivor size 144179200 bytes, new threshold 15 (max threshold 15)
[527.407s][info ][gc,heap        ] GC(190) PSYoungGen: 1889301K(1950720K)->87576K(1956352K) Eden: 1805312K(1805312K)->0K(1812992K) From: 83989K(145408K)->87576K(143360K)
[527.407s][info ][gc,heap        ] GC(190) ParOldGen: 761524K(931840K)->761556K(931840K)
[527.407s][info ][gc,metaspace   ] GC(190) Metaspace: 83709K(84544K)->83709K(84544K) NonClass: 72004K(72448K)->72004K(72448K) Class: 11704K(12096K)->11704K(12096K)
[527.407s][info ][gc             ] GC(190) Pause Young (Allocation Failure) 2588M->829M(2820M) 22.172ms
[527.407s][info ][gc,cpu         ] GC(190) User=0.08s Sys=0.00s Real=0.02s
[527.407s][info ][safepoint      ] Safepoint "ParallelGCFailedAllocation", Time since last: 1074355112 ns, Reaching safepoint: 62201 ns, At safepoint: 22256266 ns, Total: 22318467 ns
[528.370s][info ][gc,start       ] GC(191) Pause Young (Allocation Failure)
[528.390s][debug][gc,phases      ] GC(191) Scavenge 20.472ms
[528.390s][debug][gc,ref         ] GC(191) Skipped phase 1 of Reference Processing: no references
[528.390s][debug][gc,ref         ] GC(191) ReferenceProcessor::execute queues: 1, RefProcThreadModel::Single, marks_oops_alive: false
[528.390s][debug][gc,ref         ] GC(191) Skipped phase 3 of Reference Processing: no references
[528.390s][debug][gc,ref         ] GC(191) ReferenceProcessor::execute queues: 1, RefProcThreadModel::Single, marks_oops_alive: false
[528.390s][debug][gc,phases      ] GC(191) Reference Processing 0.124ms
[528.391s][debug][gc,phases      ] GC(191)   VM Weak                        Min:  0.0, Avg:  0.0, Max:  0.0, Diff:  0.0, Sum:  0.0, Workers: 4
[528.391s][debug][gc,phases      ] GC(191)     Dead                           Min: 0, Avg:  0.0, Max: 0, Diff: 0, Sum: 0, Workers: 4
[528.391s][debug][gc,phases      ] GC(191)     Total                          Min: 0, Avg: 174.5, Max: 698, Diff: 698, Sum: 698, Workers: 4
[528.391s][debug][gc,phases      ] GC(191)   ObjectSynchronizer Weak        Min:  0.0, Avg:  0.0, Max:  0.0, Diff:  0.0, Sum:  0.0, Workers: 4
[528.391s][debug][gc,phases      ] GC(191)     Dead                           Min: 0, Avg:  0.0, Max: 0, Diff: 0, Sum: 0, Workers: 4
[528.391s][debug][gc,phases      ] GC(191)     Total                          Min: 0, Avg: 117.0, Max: 468, Diff: 468, Sum: 468, Workers: 4
[528.391s][debug][gc,phases      ] GC(191)   JVMTI Tag Weak OopStorage      Min:  0.0, Avg:  0.0, Max:  0.0, Diff:  0.0, Sum:  0.0, Workers: 4
[528.391s][debug][gc,phases      ] GC(191)     Dead                           Min: 0, Avg:  0.0, Max: 0, Diff: 0, Sum: 0, Workers: 4
[528.391s][debug][gc,phases      ] GC(191)     Total                          Min: 0, Avg:  0.0, Max: 0, Diff: 0, Sum: 0, Workers: 4
[528.391s][debug][gc,phases      ] GC(191)   StringTable Weak               Min:  0.1, Avg:  0.1, Max:  0.1, Diff:  0.0, Sum:  0.5, Workers: 4
[528.391s][debug][gc,phases      ] GC(191)     Dead                           Min: 0, Avg:  0.0, Max: 0, Diff: 0, Sum: 0, Workers: 4
[528.391s][debug][gc,phases      ] GC(191)     Total                          Min: 10240, Avg: 12044.2, Max: 13120, Diff: 2880, Sum: 48177, Workers: 4
[528.391s][debug][gc,phases      ] GC(191)   ResolvedMethodTable Weak       Min:  0.0, Avg:  0.0, Max:  0.0, Diff:  0.0, Sum:  0.1, Workers: 4
[528.391s][debug][gc,phases      ] GC(191)     Dead                           Min: 0, Avg:  0.0, Max: 0, Diff: 0, Sum: 0, Workers: 4
[528.391s][debug][gc,phases      ] GC(191)     Total                          Min: 0, Avg: 2117.8, Max: 3008, Diff: 3008, Sum: 8471, Workers: 4
[528.391s][debug][gc,phases      ] GC(191)   JNI Weak                       Min:  0.0, Avg:  0.0, Max:  0.0, Diff:  0.0, Sum:  0.0, Workers: 4
[528.391s][debug][gc,phases      ] GC(191)     Dead                           Min: 0, Avg:  0.0, Max: 0, Diff: 0, Sum: 0, Workers: 4
[528.391s][debug][gc,phases      ] GC(191)     Total                          Min: 0, Avg:  0.0, Max: 0, Diff: 0, Sum: 0, Workers: 4
[528.391s][debug][gc,phases      ] GC(191)   StringDedup Table Weak         Min:  0.0, Avg:  0.0, Max:  0.0, Diff:  0.0, Sum:  0.0, Workers: 4
[528.391s][debug][gc,phases      ] GC(191)     Dead                           Min: 0, Avg:  0.0, Max: 0, Diff: 0, Sum: 0, Workers: 4
[528.391s][debug][gc,phases      ] GC(191)     Total                          Min: 0, Avg:  0.0, Max: 0, Diff: 0, Sum: 0, Workers: 4
[528.391s][debug][gc,phases      ] GC(191)   StringDedup Requests0 Weak     Min:  0.0, Avg:  0.0, Max:  0.0, Diff:  0.0, Sum:  0.0, Workers: 4
[528.391s][debug][gc,phases      ] GC(191)     Dead                           Min: 0, Avg:  0.0, Max: 0, Diff: 0, Sum: 0, Workers: 4
[528.391s][debug][gc,phases      ] GC(191)     Total                          Min: 0, Avg:  0.0, Max: 0, Diff: 0, Sum: 0, Workers: 4
[528.391s][debug][gc,phases      ] GC(191)   StringDedup Requests1 Weak     Min:  0.0, Avg:  0.0, Max:  0.0, Diff:  0.0, Sum:  0.0, Workers: 4
[528.391s][debug][gc,phases      ] GC(191)     Dead                           Min: 0, Avg:  0.0, Max: 0, Diff: 0, Sum: 0, Workers: 4
[528.391s][debug][gc,phases      ] GC(191)     Total                          Min: 0, Avg:  0.0, Max: 0, Diff: 0, Sum: 0, Workers: 4
[528.391s][debug][gc,phases      ] GC(191)   Weak JFR Old Object Samples    Min:  0.0, Avg:  0.0, Max:  0.0, Diff:  0.0, Sum:  0.0, Workers: 4
[528.391s][debug][gc,phases      ] GC(191)     Dead                           Min: 0, Avg:  0.0, Max: 0, Diff: 0, Sum: 0, Workers: 4
[528.391s][debug][gc,phases      ] GC(191)     Total                          Min: 0, Avg:  0.0, Max: 0, Diff: 0, Sum: 0, Workers: 4
[528.391s][debug][gc,phases      ] GC(191) Weak Processing 0.353ms
[528.391s][debug][gc,age         ] GC(191) Desired survivor size 141557760 bytes, new threshold 15 (max threshold 15)
[528.391s][info ][gc,heap        ] GC(191) PSYoungGen: 1900568K(1956352K)->85392K(1953792K) Eden: 1812992K(1812992K)->0K(1812992K) From: 87576K(143360K)->85392K(140800K)
[528.391s][info ][gc,heap        ] GC(191) ParOldGen: 761556K(931840K)->764268K(931840K)
[528.391s][info ][gc,metaspace   ] GC(191) Metaspace: 83711K(84544K)->83711K(84544K) NonClass: 72006K(72448K)->72006K(72448K) Class: 11704K(12096K)->11704K(12096K)
[528.391s][info ][gc             ] GC(191) Pause Young (Allocation Failure) 2599M->829M(2818M) 21.092ms
[528.391s][info ][gc,cpu         ] GC(191) User=0.08s Sys=0.00s Real=0.02s
[528.391s][info ][safepoint      ] Safepoint "ParallelGCFailedAllocation", Time since last: 962070457 ns, Reaching safepoint: 61602 ns, At safepoint: 21189638 ns, Total: 21251240 ns
[529.314s][info ][gc,start       ] GC(192) Pause Young (Allocation Failure)
[529.340s][debug][gc,phases      ] GC(192) Scavenge 25.573ms
[529.340s][debug][gc,ref         ] GC(192) Skipped phase 1 of Reference Processing: no references
[529.340s][debug][gc,ref         ] GC(192) ReferenceProcessor::execute queues: 1, RefProcThreadModel::Single, marks_oops_alive: false
[529.340s][debug][gc,ref         ] GC(192) Skipped phase 3 of Reference Processing: no references
[529.340s][debug][gc,ref         ] GC(192) ReferenceProcessor::execute queues: 1, RefProcThreadModel::Single, marks_oops_alive: false
[529.340s][debug][gc,phases      ] GC(192) Reference Processing 0.125ms
[529.340s][debug][gc,phases      ] GC(192)   VM Weak                        Min:  0.0, Avg:  0.0, Max:  0.0, Diff:  0.0, Sum:  0.0, Workers: 4
[529.340s][debug][gc,phases      ] GC(192)     Dead                           Min: 0, Avg:  0.0, Max: 0, Diff: 0, Sum: 0, Workers: 4
[529.340s][debug][gc,phases      ] GC(192)     Total                          Min: 0, Avg: 174.5, Max: 512, Diff: 512, Sum: 698, Workers: 4
[529.340s][debug][gc,phases      ] GC(192)   ObjectSynchronizer Weak        Min:  0.0, Avg:  0.0, Max:  0.0, Diff:  0.0, Sum:  0.0, Workers: 4
[529.340s][debug][gc,phases      ] GC(192)     Dead                           Min: 0, Avg:  0.0, Max: 0, Diff: 0, Sum: 0, Workers: 4
[529.340s][debug][gc,phases      ] GC(192)     Total                          Min: 0, Avg: 117.0, Max: 192, Diff: 192, Sum: 468, Workers: 4
[529.340s][debug][gc,phases      ] GC(192)   JVMTI Tag Weak OopStorage      Min:  0.0, Avg:  0.0, Max:  0.0, Diff:  0.0, Sum:  0.0, Workers: 4
[529.340s][debug][gc,phases      ] GC(192)     Dead                           Min: 0, Avg:  0.0, Max: 0, Diff: 0, Sum: 0, Workers: 4
[529.340s][debug][gc,phases      ] GC(192)     Total                          Min: 0, Avg:  0.0, Max: 0, Diff: 0, Sum: 0, Workers: 4
[529.340s][debug][gc,phases      ] GC(192)   StringTable Weak               Min:  0.1, Avg:  0.1, Max:  0.1, Diff:  0.0, Sum:  0.4, Workers: 4
[529.340s][debug][gc,phases      ] GC(192)     Dead                           Min: 0, Avg:  0.0, Max: 0, Diff: 0, Sum: 0, Workers: 4
[529.340s][debug][gc,phases      ] GC(192)     Total                          Min: 11456, Avg: 12044.2, Max: 12736, Diff: 1280, Sum: 48177, Workers: 4
[529.340s][debug][gc,phases      ] GC(192)   ResolvedMethodTable Weak       Min:  0.0, Avg:  0.0, Max:  0.0, Diff:  0.0, Sum:  0.1, Workers: 4
[529.340s][debug][gc,phases      ] GC(192)     Dead                           Min: 0, Avg:  0.0, Max: 0, Diff: 0, Sum: 0, Workers: 4
[529.340s][debug][gc,phases      ] GC(192)     Total                          Min: 1984, Avg: 2117.8, Max: 2327, Diff: 343, Sum: 8471, Workers: 4
[529.340s][debug][gc,phases      ] GC(192)   JNI Weak                       Min:  0.0, Avg:  0.0, Max:  0.0, Diff:  0.0, Sum:  0.0, Workers: 4
[529.340s][debug][gc,phases      ] GC(192)     Dead                           Min: 0, Avg:  0.0, Max: 0, Diff: 0, Sum: 0, Workers: 4
[529.340s][debug][gc,phases      ] GC(192)     Total                          Min: 0, Avg:  0.0, Max: 0, Diff: 0, Sum: 0, Workers: 4
[529.340s][debug][gc,phases      ] GC(192)   StringDedup Table Weak         Min:  0.0, Avg:  0.0, Max:  0.0, Diff:  0.0, Sum:  0.0, Workers: 4
[529.340s][debug][gc,phases      ] GC(192)     Dead                           Min: 0, Avg:  0.0, Max: 0, Diff: 0, Sum: 0, Workers: 4
[529.340s][debug][gc,phases      ] GC(192)     Total                          Min: 0, Avg:  0.0, Max: 0, Diff: 0, Sum: 0, Workers: 4
[529.340s][debug][gc,phases      ] GC(192)   StringDedup Requests0 Weak     Min:  0.0, Avg:  0.0, Max:  0.0, Diff:  0.0, Sum:  0.0, Workers: 4
[529.340s][debug][gc,phases      ] GC(192)     Dead                           Min: 0, Avg:  0.0, Max: 0, Diff: 0, Sum: 0, Workers: 4
[529.340s][debug][gc,phases      ] GC(192)     Total                          Min: 0, Avg:  0.0, Max: 0, Diff: 0, Sum: 0, Workers: 4
[529.340s][debug][gc,phases      ] GC(192)   StringDedup Requests1 Weak     Min:  0.0, Avg:  0.0, Max:  0.0, Diff:  0.0, Sum:  0.0, Workers: 4
[529.340s][debug][gc,phases      ] GC(192)     Dead                           Min: 0, Avg:  0.0, Max: 0, Diff: 0, Sum: 0, Workers: 4
[529.340s][debug][gc,phases      ] GC(192)     Total                          Min: 0, Avg:  0.0, Max: 0, Diff: 0, Sum: 0, Workers: 4
[529.340s][debug][gc,phases      ] GC(192)   Weak JFR Old Object Samples    Min:  0.0, Avg:  0.0, Max:  0.0, Diff:  0.0, Sum:  0.0, Workers: 4
[529.340s][debug][gc,phases      ] GC(192)     Dead                           Min: 0, Avg:  0.0, Max: 0, Diff: 0, Sum: 0, Workers: 4
[529.340s][debug][gc,phases      ] GC(192)     Total                          Min: 0, Avg:  0.0, Max: 0, Diff: 0, Sum: 0, Workers: 4
[529.340s][debug][gc,phases      ] GC(192) Weak Processing 0.344ms
[529.340s][debug][gc,age         ] GC(192) Desired survivor size 139984896 bytes, new threshold 15 (max threshold 15)
[529.340s][info ][gc,heap        ] GC(192) PSYoungGen: 1898384K(1953792K)->102885K(1960448K) Eden: 1812992K(1812992K)->0K(1822208K) From: 85392K(140800K)->102885K(138240K)
[529.340s][info ][gc,heap        ] GC(192) ParOldGen: 764268K(931840K)->765300K(931840K)
[529.340s][info ][gc,metaspace   ] GC(192) Metaspace: 83711K(84544K)->83711K(84544K) NonClass: 72006K(72448K)->72006K(72448K) Class: 11704K(12096K)->11704K(12096K)
[529.340s][info ][gc             ] GC(192) Pause Young (Allocation Failure) 2600M->847M(2824M) 26.205ms
[529.340s][info ][gc,cpu         ] GC(192) User=0.11s Sys=0.00s Real=0.02s
[529.340s][info ][safepoint      ] Safepoint "ParallelGCFailedAllocation", Time since last: 922965963 ns, Reaching safepoint: 120903 ns, At safepoint: 26311869 ns, Total: 26432772 ns
[530.187s][info ][gc,start       ] GC(193) Pause Young (Allocation Failure)
[530.211s][debug][gc,phases      ] GC(193) Scavenge 24.186ms
[530.211s][debug][gc,ref         ] GC(193) Skipped phase 1 of Reference Processing: no references
[530.212s][debug][gc,ref         ] GC(193) ReferenceProcessor::execute queues: 1, RefProcThreadModel::Single, marks_oops_alive: false
[530.212s][debug][gc,ref         ] GC(193) Skipped phase 3 of Reference Processing: no references
[530.212s][debug][gc,ref         ] GC(193) ReferenceProcessor::execute queues: 1, RefProcThreadModel::Single, marks_oops_alive: false
[530.212s][debug][gc,phases      ] GC(193) Reference Processing 0.140ms
[530.212s][debug][gc,phases      ] GC(193)   VM Weak                        Min:  0.0, Avg:  0.0, Max:  0.0, Diff:  0.0, Sum:  0.0, Workers: 4
[530.212s][debug][gc,phases      ] GC(193)     Dead                           Min: 0, Avg:  0.0, Max: 0, Diff: 0, Sum: 0, Workers: 4
[530.212s][debug][gc,phases      ] GC(193)     Total                          Min: 0, Avg: 174.5, Max: 698, Diff: 698, Sum: 698, Workers: 4
[530.212s][debug][gc,phases      ] GC(193)   ObjectSynchronizer Weak        Min:  0.0, Avg:  0.0, Max:  0.0, Diff:  0.0, Sum:  0.0, Workers: 4
[530.212s][debug][gc,phases      ] GC(193)     Dead                           Min: 0, Avg:  0.0, Max: 0, Diff: 0, Sum: 0, Workers: 4
[530.212s][debug][gc,phases      ] GC(193)     Total                          Min: 0, Avg: 117.0, Max: 384, Diff: 384, Sum: 468, Workers: 4
[530.212s][debug][gc,phases      ] GC(193)   JVMTI Tag Weak OopStorage      Min:  0.0, Avg:  0.0, Max:  0.0, Diff:  0.0, Sum:  0.0, Workers: 4
[530.212s][debug][gc,phases      ] GC(193)     Dead                           Min: 0, Avg:  0.0, Max: 0, Diff: 0, Sum: 0, Workers: 4
[530.212s][debug][gc,phases      ] GC(193)     Total                          Min: 0, Avg:  0.0, Max: 0, Diff: 0, Sum: 0, Workers: 4
[530.212s][debug][gc,phases      ] GC(193)   StringTable Weak               Min:  0.1, Avg:  0.1, Max:  0.1, Diff:  0.0, Sum:  0.4, Workers: 4
[530.212s][debug][gc,phases      ] GC(193)     Dead                           Min: 0, Avg:  0.0, Max: 0, Diff: 0, Sum: 0, Workers: 4
[530.212s][debug][gc,phases      ] GC(193)     Total                          Min: 11442, Avg: 12044.5, Max: 12672, Diff: 1230, Sum: 48178, Workers: 4
[530.212s][debug][gc,phases      ] GC(193)   ResolvedMethodTable Weak       Min:  0.0, Avg:  0.0, Max:  0.0, Diff:  0.0, Sum:  0.1, Workers: 4
[530.212s][debug][gc,phases      ] GC(193)     Dead                           Min: 0, Avg:  0.0, Max: 0, Diff: 0, Sum: 0, Workers: 4
[530.212s][debug][gc,phases      ] GC(193)     Total                          Min: 1879, Avg: 2117.8, Max: 2304, Diff: 425, Sum: 8471, Workers: 4
[530.212s][debug][gc,phases      ] GC(193)   JNI Weak                       Min:  0.0, Avg:  0.0, Max:  0.0, Diff:  0.0, Sum:  0.0, Workers: 4
[530.212s][debug][gc,phases      ] GC(193)     Dead                           Min: 0, Avg:  0.0, Max: 0, Diff: 0, Sum: 0, Workers: 4
[530.212s][debug][gc,phases      ] GC(193)     Total                          Min: 0, Avg:  0.0, Max: 0, Diff: 0, Sum: 0, Workers: 4
[530.212s][debug][gc,phases      ] GC(193)   StringDedup Table Weak         Min:  0.0, Avg:  0.0, Max:  0.0, Diff:  0.0, Sum:  0.0, Workers: 4
[530.212s][debug][gc,phases      ] GC(193)     Dead                           Min: 0, Avg:  0.0, Max: 0, Diff: 0, Sum: 0, Workers: 4
[530.212s][debug][gc,phases      ] GC(193)     Total                          Min: 0, Avg:  0.0, Max: 0, Diff: 0, Sum: 0, Workers: 4
[530.212s][debug][gc,phases      ] GC(193)   StringDedup Requests0 Weak     Min:  0.0, Avg:  0.0, Max:  0.0, Diff:  0.0, Sum:  0.0, Workers: 4
[530.212s][debug][gc,phases      ] GC(193)     Dead                           Min: 0, Avg:  0.0, Max: 0, Diff: 0, Sum: 0, Workers: 4
[530.212s][debug][gc,phases      ] GC(193)     Total                          Min: 0, Avg:  0.0, Max: 0, Diff: 0, Sum: 0, Workers: 4
[530.212s][debug][gc,phases      ] GC(193)   StringDedup Requests1 Weak     Min:  0.0, Avg:  0.0, Max:  0.0, Diff:  0.0, Sum:  0.0, Workers: 4
[530.212s][debug][gc,phases      ] GC(193)     Dead                           Min: 0, Avg:  0.0, Max: 0, Diff: 0, Sum: 0, Workers: 4
[530.212s][debug][gc,phases      ] GC(193)     Total                          Min: 0, Avg:  0.0, Max: 0, Diff: 0, Sum: 0, Workers: 4
[530.212s][debug][gc,phases      ] GC(193)   Weak JFR Old Object Samples    Min:  0.0, Avg:  0.0, Max:  0.0, Diff:  0.0, Sum:  0.0, Workers: 4
[530.212s][debug][gc,phases      ] GC(193)     Dead                           Min: 0, Avg:  0.0, Max: 0, Diff: 0, Sum: 0, Workers: 4
[530.212s][debug][gc,phases      ] GC(193)     Total                          Min: 0, Avg:  0.0, Max: 0, Diff: 0, Sum: 0, Workers: 4
[530.212s][debug][gc,phases      ] GC(193) Weak Processing 0.337ms
[530.212s][debug][gc,age         ] GC(193) Desired survivor size 138936320 bytes, new threshold 15 (max threshold 15)
[530.212s][info ][gc,heap        ] GC(193) PSYoungGen: 1925093K(1960448K)->104037K(1958912K) Eden: 1822208K(1822208K)->0K(1822208K) From: 102885K(138240K)->104037K(136704K)
[530.212s][info ][gc,heap        ] GC(193) ParOldGen: 765300K(931840K)->766892K(931840K)
[530.212s][info ][gc,metaspace   ] GC(193) Metaspace: 83714K(84544K)->83714K(84544K) NonClass: 72009K(72448K)->72009K(72448K) Class: 11704K(12096K)->11704K(12096K)
[530.212s][info ][gc             ] GC(193) Pause Young (Allocation Failure) 2627M->850M(2823M) 24.804ms
[530.212s][info ][gc,cpu         ] GC(193) User=0.09s Sys=0.00s Real=0.02s
[530.212s][info ][safepoint      ] Safepoint "ParallelGCFailedAllocation", Time since last: 846822427 ns, Reaching safepoint: 126303 ns, At safepoint: 24908033 ns, Total: 25034336 ns
[531.212s][info ][safepoint      ] Safepoint "Cleanup", Time since last: 1000095224 ns, Reaching safepoint: 181404 ns, At safepoint: 10501 ns, Total: 191905 ns
[531.240s][info ][gc,start       ] GC(194) Pause Young (Allocation Failure)
[531.267s][debug][gc,phases      ] GC(194) Scavenge 27.117ms
[531.267s][debug][gc,ref         ] GC(194) Skipped phase 1 of Reference Processing: no references
[531.267s][debug][gc,ref         ] GC(194) ReferenceProcessor::execute queues: 1, RefProcThreadModel::Single, marks_oops_alive: false
[531.267s][debug][gc,ref         ] GC(194) Skipped phase 3 of Reference Processing: no references
[531.267s][debug][gc,ref         ] GC(194) ReferenceProcessor::execute queues: 1, RefProcThreadModel::Single, marks_oops_alive: false
[531.267s][debug][gc,phases      ] GC(194) Reference Processing 0.143ms
[531.267s][debug][gc,phases      ] GC(194)   VM Weak                        Min:  0.0, Avg:  0.0, Max:  0.0, Diff:  0.0, Sum:  0.0, Workers: 4
[531.267s][debug][gc,phases      ] GC(194)     Dead                           Min: 0, Avg:  0.0, Max: 0, Diff: 0, Sum: 0, Workers: 4
[531.267s][debug][gc,phases      ] GC(194)     Total                          Min: 0, Avg: 174.5, Max: 384, Diff: 384, Sum: 698, Workers: 4
[531.267s][debug][gc,phases      ] GC(194)   ObjectSynchronizer Weak        Min:  0.0, Avg:  0.0, Max:  0.0, Diff:  0.0, Sum:  0.0, Workers: 4
[531.267s][debug][gc,phases      ] GC(194)     Dead                           Min: 0, Avg:  0.0, Max: 0, Diff: 0, Sum: 0, Workers: 4
[531.267s][debug][gc,phases      ] GC(194)     Total                          Min: 0, Avg: 117.0, Max: 256, Diff: 256, Sum: 468, Workers: 4
[531.267s][debug][gc,phases      ] GC(194)   JVMTI Tag Weak OopStorage      Min:  0.0, Avg:  0.0, Max:  0.0, Diff:  0.0, Sum:  0.0, Workers: 4
[531.267s][debug][gc,phases      ] GC(194)     Dead                           Min: 0, Avg:  0.0, Max: 0, Diff: 0, Sum: 0, Workers: 4
[531.267s][debug][gc,phases      ] GC(194)     Total                          Min: 0, Avg:  0.0, Max: 0, Diff: 0, Sum: 0, Workers: 4
[531.267s][debug][gc,phases      ] GC(194)   StringTable Weak               Min:  0.1, Avg:  0.1, Max:  0.1, Diff:  0.0, Sum:  0.4, Workers: 4
[531.267s][debug][gc,phases      ] GC(194)     Dead                           Min: 0, Avg:  0.2, Max: 1, Diff: 1, Sum: 1, Workers: 4
[531.267s][debug][gc,phases      ] GC(194)     Total                          Min: 11648, Avg: 12052.0, Max: 12992, Diff: 1344, Sum: 48208, Workers: 4
[531.267s][debug][gc,phases      ] GC(194)   ResolvedMethodTable Weak       Min:  0.0, Avg:  0.0, Max:  0.0, Diff:  0.0, Sum:  0.1, Workers: 4
[531.267s][debug][gc,phases      ] GC(194)     Dead                           Min: 0, Avg:  1.2, Max: 5, Diff: 5, Sum: 5, Workers: 4
[531.267s][debug][gc,phases      ] GC(194)     Total                          Min: 1961, Avg: 2121.5, Max: 2237, Diff: 276, Sum: 8486, Workers: 4
[531.267s][debug][gc,phases      ] GC(194)   JNI Weak                       Min:  0.0, Avg:  0.0, Max:  0.0, Diff:  0.0, Sum:  0.0, Workers: 4
[531.267s][debug][gc,phases      ] GC(194)     Dead                           Min: 0, Avg:  0.0, Max: 0, Diff: 0, Sum: 0, Workers: 4
[531.267s][debug][gc,phases      ] GC(194)     Total                          Min: 0, Avg:  0.0, Max: 0, Diff: 0, Sum: 0, Workers: 4
[531.267s][debug][gc,phases      ] GC(194)   StringDedup Table Weak         Min:  0.0, Avg:  0.0, Max:  0.0, Diff:  0.0, Sum:  0.0, Workers: 4
[531.267s][debug][gc,phases      ] GC(194)     Dead                           Min: 0, Avg:  0.0, Max: 0, Diff: 0, Sum: 0, Workers: 4
[531.267s][debug][gc,phases      ] GC(194)     Total                          Min: 0, Avg:  0.0, Max: 0, Diff: 0, Sum: 0, Workers: 4
[531.267s][debug][gc,phases      ] GC(194)   StringDedup Requests0 Weak     Min:  0.0, Avg:  0.0, Max:  0.0, Diff:  0.0, Sum:  0.0, Workers: 4
[531.267s][debug][gc,phases      ] GC(194)     Dead                           Min: 0, Avg:  0.0, Max: 0, Diff: 0, Sum: 0, Workers: 4
[531.267s][debug][gc,phases      ] GC(194)     Total                          Min: 0, Avg:  0.0, Max: 0, Diff: 0, Sum: 0, Workers: 4
[531.267s][debug][gc,phases      ] GC(194)   StringDedup Requests1 Weak     Min:  0.0, Avg:  0.0, Max:  0.0, Diff:  0.0, Sum:  0.0, Workers: 4
[531.267s][debug][gc,phases      ] GC(194)     Dead                           Min: 0, Avg:  0.0, Max: 0, Diff: 0, Sum: 0, Workers: 4
[531.267s][debug][gc,phases      ] GC(194)     Total                          Min: 0, Avg:  0.0, Max: 0, Diff: 0, Sum: 0, Workers: 4
[531.267s][debug][gc,phases      ] GC(194)   Weak JFR Old Object Samples    Min:  0.0, Avg:  0.0, Max:  0.0, Diff:  0.0, Sum:  0.0, Workers: 4
[531.267s][debug][gc,phases      ] GC(194)     Dead                           Min: 0, Avg:  0.0, Max: 0, Diff: 0, Sum: 0, Workers: 4
[531.267s][debug][gc,phases      ] GC(194)     Total                          Min: 0, Avg:  0.0, Max: 0, Diff: 0, Sum: 0, Workers: 4
[531.267s][debug][gc,phases      ] GC(194) Weak Processing 0.324ms
[531.267s][debug][gc,age         ] GC(194) Desired survivor size 137363456 bytes, new threshold 15 (max threshold 15)
[531.267s][info ][gc,heap        ] GC(194) PSYoungGen: 1926245K(1958912K)->103205K(1963008K) Eden: 1822208K(1822208K)->0K(1827328K) From: 104037K(136704K)->103205K(135680K)
[531.267s][info ][gc,heap        ] GC(194) ParOldGen: 766892K(931840K)->774094K(931840K)
[531.267s][info ][gc,metaspace   ] GC(194) Metaspace: 83767K(84608K)->83767K(84608K) NonClass: 72056K(72512K)->72056K(72512K) Class: 11710K(12096K)->11710K(12096K)
[531.267s][info ][gc             ] GC(194) Pause Young (Allocation Failure) 2630M->856M(2827M) 27.724ms
[531.267s][info ][gc,cpu         ] GC(194) User=0.12s Sys=0.00s Real=0.03s
[531.267s][info ][safepoint      ] Safepoint "ParallelGCFailedAllocation", Time since last: 27225292 ns, Reaching safepoint: 48801 ns, At safepoint: 27808407 ns, Total: 27857208 ns
[532.339s][info ][gc,start       ] GC(195) Pause Young (Allocation Failure)
[532.362s][debug][gc,phases      ] GC(195) Scavenge 23.040ms
[532.362s][debug][gc,ref         ] GC(195) Skipped phase 1 of Reference Processing: no references
[532.362s][debug][gc,ref         ] GC(195) ReferenceProcessor::execute queues: 1, RefProcThreadModel::Single, marks_oops_alive: false
[532.362s][debug][gc,ref         ] GC(195) Skipped phase 3 of Reference Processing: no references
[532.362s][debug][gc,ref         ] GC(195) ReferenceProcessor::execute queues: 1, RefProcThreadModel::Single, marks_oops_alive: false
[532.362s][debug][gc,phases      ] GC(195) Reference Processing 0.124ms
[532.362s][debug][gc,phases      ] GC(195)   VM Weak                        Min:  0.0, Avg:  0.0, Max:  0.0, Diff:  0.0, Sum:  0.0, Workers: 4
[532.362s][debug][gc,phases      ] GC(195)     Dead                           Min: 0, Avg:  0.0, Max: 0, Diff: 0, Sum: 0, Workers: 4
[532.362s][debug][gc,phases      ] GC(195)     Total                          Min: 0, Avg: 174.5, Max: 698, Diff: 698, Sum: 698, Workers: 4
[532.362s][debug][gc,phases      ] GC(195)   ObjectSynchronizer Weak        Min:  0.0, Avg:  0.0, Max:  0.0, Diff:  0.0, Sum:  0.0, Workers: 4
[532.362s][debug][gc,phases      ] GC(195)     Dead                           Min: 0, Avg:  0.0, Max: 0, Diff: 0, Sum: 0, Workers: 4
[532.362s][debug][gc,phases      ] GC(195)     Total                          Min: 0, Avg: 117.0, Max: 212, Diff: 212, Sum: 468, Workers: 4
[532.362s][debug][gc,phases      ] GC(195)   JVMTI Tag Weak OopStorage      Min:  0.0, Avg:  0.0, Max:  0.0, Diff:  0.0, Sum:  0.0, Workers: 4
[532.362s][debug][gc,phases      ] GC(195)     Dead                           Min: 0, Avg:  0.0, Max: 0, Diff: 0, Sum: 0, Workers: 4
[532.362s][debug][gc,phases      ] GC(195)     Total                          Min: 0, Avg:  0.0, Max: 0, Diff: 0, Sum: 0, Workers: 4
[532.362s][debug][gc,phases      ] GC(195)   StringTable Weak               Min:  0.1, Avg:  0.1, Max:  0.1, Diff:  0.0, Sum:  0.4, Workers: 4
[532.362s][debug][gc,phases      ] GC(195)     Dead                           Min: 0, Avg:  0.0, Max: 0, Diff: 0, Sum: 0, Workers: 4
[532.363s][debug][gc,phases      ] GC(195)     Total                          Min: 11328, Avg: 12053.5, Max: 13568, Diff: 2240, Sum: 48214, Workers: 4
[532.363s][debug][gc,phases      ] GC(195)   ResolvedMethodTable Weak       Min:  0.0, Avg:  0.0, Max:  0.0, Diff:  0.0, Sum:  0.1, Workers: 4
[532.363s][debug][gc,phases      ] GC(195)     Dead                           Min: 0, Avg:  0.0, Max: 0, Diff: 0, Sum: 0, Workers: 4
[532.363s][debug][gc,phases      ] GC(195)     Total                          Min: 1856, Avg: 2121.8, Max: 2494, Diff: 638, Sum: 8487, Workers: 4
[532.363s][debug][gc,phases      ] GC(195)   JNI Weak                       Min:  0.0, Avg:  0.0, Max:  0.0, Diff:  0.0, Sum:  0.0, Workers: 4
[532.363s][debug][gc,phases      ] GC(195)     Dead                           Min: 0, Avg:  0.0, Max: 0, Diff: 0, Sum: 0, Workers: 4
[532.363s][debug][gc,phases      ] GC(195)     Total                          Min: 0, Avg:  0.2, Max: 1, Diff: 1, Sum: 1, Workers: 4
[532.363s][debug][gc,phases      ] GC(195)   StringDedup Table Weak         Min:  0.0, Avg:  0.0, Max:  0.0, Diff:  0.0, Sum:  0.0, Workers: 4
[532.363s][debug][gc,phases      ] GC(195)     Dead                           Min: 0, Avg:  0.0, Max: 0, Diff: 0, Sum: 0, Workers: 4
[532.363s][debug][gc,phases      ] GC(195)     Total                          Min: 0, Avg:  0.0, Max: 0, Diff: 0, Sum: 0, Workers: 4
[532.363s][debug][gc,phases      ] GC(195)   StringDedup Requests0 Weak     Min:  0.0, Avg:  0.0, Max:  0.0, Diff:  0.0, Sum:  0.0, Workers: 4
[532.363s][debug][gc,phases      ] GC(195)     Dead                           Min: 0, Avg:  0.0, Max: 0, Diff: 0, Sum: 0, Workers: 4
[532.363s][debug][gc,phases      ] GC(195)     Total                          Min: 0, Avg:  0.0, Max: 0, Diff: 0, Sum: 0, Workers: 4
[532.363s][debug][gc,phases      ] GC(195)   StringDedup Requests1 Weak     Min:  0.0, Avg:  0.0, Max:  0.0, Diff:  0.0, Sum:  0.0, Workers: 4
[532.363s][debug][gc,phases      ] GC(195)     Dead                           Min: 0, Avg:  0.0, Max: 0, Diff: 0, Sum: 0, Workers: 4
[532.363s][debug][gc,phases      ] GC(195)     Total                          Min: 0, Avg:  0.0, Max: 0, Diff: 0, Sum: 0, Workers: 4
[532.363s][debug][gc,phases      ] GC(195)   Weak JFR Old Object Samples    Min:  0.0, Avg:  0.0, Max:  0.0, Diff:  0.0, Sum:  0.0, Workers: 4
[532.363s][debug][gc,phases      ] GC(195)     Dead                           Min: 0, Avg:  0.0, Max: 0, Diff: 0, Sum: 0, Workers: 4
[532.363s][debug][gc,phases      ] GC(195)     Total                          Min: 0, Avg:  0.0, Max: 0, Diff: 0, Sum: 0, Workers: 4
[532.363s][debug][gc,phases      ] GC(195) Weak Processing 0.330ms
[532.363s][debug][gc,age         ] GC(195) Desired survivor size 137887744 bytes, new threshold 15 (max threshold 15)
[532.363s][info ][gc,heap        ] GC(195) PSYoungGen: 1930533K(1963008K)->108693K(1961472K) Eden: 1827328K(1827328K)->0K(1827328K) From: 103205K(135680K)->108693K(134144K)
[532.363s][info ][gc,heap        ] GC(195) ParOldGen: 774094K(931840K)->776102K(931840K)
[532.363s][info ][gc,metaspace   ] GC(195) Metaspace: 83798K(84608K)->83798K(84608K) NonClass: 72085K(72512K)->72085K(72512K) Class: 11713K(12096K)->11713K(12096K)
[532.363s][info ][gc             ] GC(195) Pause Young (Allocation Failure) 2641M->864M(2825M) 23.629ms
[532.363s][info ][gc,cpu         ] GC(195) User=0.09s Sys=0.00s Real=0.03s
[532.363s][info ][safepoint      ] Safepoint "ParallelGCFailedAllocation", Time since last: 1071427937 ns, Reaching safepoint: 123603 ns, At safepoint: 23722803 ns, Total: 23846406 ns
[533.363s][info ][safepoint      ] Safepoint "Cleanup", Time since last: 1000105223 ns, Reaching safepoint: 150404 ns, At safepoint: 19101 ns, Total: 169505 ns
[533.420s][info ][gc,start       ] GC(196) Pause Young (Allocation Failure)
[533.447s][debug][gc,phases      ] GC(196) Scavenge 26.058ms
[533.447s][debug][gc,ref         ] GC(196) Skipped phase 1 of Reference Processing: no references
[533.447s][debug][gc,ref         ] GC(196) ReferenceProcessor::execute queues: 1, RefProcThreadModel::Single, marks_oops_alive: false
[533.447s][debug][gc,ref         ] GC(196) Skipped phase 3 of Reference Processing: no references
[533.447s][debug][gc,ref         ] GC(196) ReferenceProcessor::execute queues: 1, RefProcThreadModel::Single, marks_oops_alive: false
[533.447s][debug][gc,phases      ] GC(196) Reference Processing 0.126ms
[533.447s][debug][gc,phases      ] GC(196)   VM Weak                        Min:  0.0, Avg:  0.0, Max:  0.0, Diff:  0.0, Sum:  0.0, Workers: 4
[533.447s][debug][gc,phases      ] GC(196)     Dead                           Min: 0, Avg:  0.0, Max: 0, Diff: 0, Sum: 0, Workers: 4
[533.447s][debug][gc,phases      ] GC(196)     Total                          Min: 0, Avg: 174.5, Max: 506, Diff: 506, Sum: 698, Workers: 4
[533.447s][debug][gc,phases      ] GC(196)   ObjectSynchronizer Weak        Min:  0.0, Avg:  0.0, Max:  0.0, Diff:  0.0, Sum:  0.0, Workers: 4
[533.447s][debug][gc,phases      ] GC(196)     Dead                           Min: 0, Avg:  0.0, Max: 0, Diff: 0, Sum: 0, Workers: 4
[533.447s][debug][gc,phases      ] GC(196)     Total                          Min: 0, Avg: 117.0, Max: 256, Diff: 256, Sum: 468, Workers: 4
[533.447s][debug][gc,phases      ] GC(196)   JVMTI Tag Weak OopStorage      Min:  0.0, Avg:  0.0, Max:  0.0, Diff:  0.0, Sum:  0.0, Workers: 4
[533.447s][debug][gc,phases      ] GC(196)     Dead                           Min: 0, Avg:  0.0, Max: 0, Diff: 0, Sum: 0, Workers: 4
[533.447s][debug][gc,phases      ] GC(196)     Total                          Min: 0, Avg:  0.0, Max: 0, Diff: 0, Sum: 0, Workers: 4
[533.447s][debug][gc,phases      ] GC(196)   StringTable Weak               Min:  0.1, Avg:  0.1, Max:  0.1, Diff:  0.0, Sum:  0.4, Workers: 4
[533.447s][debug][gc,phases      ] GC(196)     Dead                           Min: 0, Avg:  0.0, Max: 0, Diff: 0, Sum: 0, Workers: 4
[533.447s][debug][gc,phases      ] GC(196)     Total                          Min: 11296, Avg: 12056.0, Max: 13568, Diff: 2272, Sum: 48224, Workers: 4
[533.447s][debug][gc,phases      ] GC(196)   ResolvedMethodTable Weak       Min:  0.0, Avg:  0.0, Max:  0.0, Diff:  0.0, Sum:  0.1, Workers: 4
[533.447s][debug][gc,phases      ] GC(196)     Dead                           Min: 0, Avg:  0.0, Max: 0, Diff: 0, Sum: 0, Workers: 4
[533.447s][debug][gc,phases      ] GC(196)     Total                          Min: 1920, Avg: 2122.0, Max: 2304, Diff: 384, Sum: 8488, Workers: 4
[533.447s][debug][gc,phases      ] GC(196)   JNI Weak                       Min:  0.0, Avg:  0.0, Max:  0.0, Diff:  0.0, Sum:  0.0, Workers: 4
[533.447s][debug][gc,phases      ] GC(196)     Dead                           Min: 0, Avg:  0.0, Max: 0, Diff: 0, Sum: 0, Workers: 4
[533.447s][debug][gc,phases      ] GC(196)     Total                          Min: 0, Avg:  0.0, Max: 0, Diff: 0, Sum: 0, Workers: 4
[533.447s][debug][gc,phases      ] GC(196)   StringDedup Table Weak         Min:  0.0, Avg:  0.0, Max:  0.0, Diff:  0.0, Sum:  0.0, Workers: 4
[533.447s][debug][gc,phases      ] GC(196)     Dead                           Min: 0, Avg:  0.0, Max: 0, Diff: 0, Sum: 0, Workers: 4
[533.447s][debug][gc,phases      ] GC(196)     Total                          Min: 0, Avg:  0.0, Max: 0, Diff: 0, Sum: 0, Workers: 4
[533.447s][debug][gc,phases      ] GC(196)   StringDedup Requests0 Weak     Min:  0.0, Avg:  0.0, Max:  0.0, Diff:  0.0, Sum:  0.0, Workers: 4
[533.447s][debug][gc,phases      ] GC(196)     Dead                           Min: 0, Avg:  0.0, Max: 0, Diff: 0, Sum: 0, Workers: 4
[533.447s][debug][gc,phases      ] GC(196)     Total                          Min: 0, Avg:  0.0, Max: 0, Diff: 0, Sum: 0, Workers: 4
[533.447s][debug][gc,phases      ] GC(196)   StringDedup Requests1 Weak     Min:  0.0, Avg:  0.0, Max:  0.0, Diff:  0.0, Sum:  0.0, Workers: 4
[533.447s][debug][gc,phases      ] GC(196)     Dead                           Min: 0, Avg:  0.0, Max: 0, Diff: 0, Sum: 0, Workers: 4
[533.447s][debug][gc,phases      ] GC(196)     Total                          Min: 0, Avg:  0.0, Max: 0, Diff: 0, Sum: 0, Workers: 4
[533.447s][debug][gc,phases      ] GC(196)   Weak JFR Old Object Samples    Min:  0.0, Avg:  0.0, Max:  0.0, Diff:  0.0, Sum:  0.0, Workers: 4
[533.447s][debug][gc,phases      ] GC(196)     Dead                           Min: 0, Avg:  0.0, Max: 0, Diff: 0, Sum: 0, Workers: 4
[533.447s][debug][gc,phases      ] GC(196)     Total                          Min: 0, Avg:  0.0, Max: 0, Diff: 0, Sum: 0, Workers: 4
[533.447s][debug][gc,phases      ] GC(196) Weak Processing 0.325ms
[533.447s][debug][gc,age         ] GC(196) Desired survivor size 139460608 bytes, new threshold 15 (max threshold 15)
[533.447s][info ][gc,heap        ] GC(196) PSYoungGen: 1936021K(1961472K)->113445K(1959424K) Eden: 1827328K(1827328K)->0K(1824768K) From: 108693K(134144K)->113445K(134656K)
[533.447s][info ][gc,heap        ] GC(196) ParOldGen: 776102K(931840K)->781668K(931840K)
[533.447s][info ][gc,metaspace   ] GC(196) Metaspace: 83803K(84608K)->83803K(84608K) NonClass: 72089K(72512K)->72089K(72512K) Class: 11714K(12096K)->11714K(12096K)
[533.447s][info ][gc             ] GC(196) Pause Young (Allocation Failure) 2648M->874M(2823M) 26.658ms
[533.447s][info ][gc,cpu         ] GC(196) User=0.10s Sys=0.00s Real=0.03s
[533.447s][info ][safepoint      ] Safepoint "ParallelGCFailedAllocation", Time since last: 57305656 ns, Reaching safepoint: 127404 ns, At safepoint: 26768080 ns, Total: 26895484 ns
[534.447s][info ][safepoint      ] Safepoint "Cleanup", Time since last: 1000099323 ns, Reaching safepoint: 141904 ns, At safepoint: 17000 ns, Total: 158904 ns
[534.657s][info ][gc,start       ] GC(197) Pause Young (Allocation Failure)
[534.686s][debug][gc,phases      ] GC(197) Scavenge 29.492ms
[534.687s][debug][gc,ref         ] GC(197) Skipped phase 1 of Reference Processing: no references
[534.687s][debug][gc,ref         ] GC(197) ReferenceProcessor::execute queues: 1, RefProcThreadModel::Single, marks_oops_alive: false
[534.687s][debug][gc,ref         ] GC(197) ReferenceProcessor::execute queues: 4, RefProcThreadModel::Multi, marks_oops_alive: true
[534.687s][debug][gc,ref         ] GC(197) ReferenceProcessor::execute queues: 1, RefProcThreadModel::Single, marks_oops_alive: false
[534.687s][debug][gc,phases      ] GC(197) Reference Processing 0.202ms
[534.687s][debug][gc,phases      ] GC(197)   VM Weak                        Min:  0.0, Avg:  0.0, Max:  0.0, Diff:  0.0, Sum:  0.0, Workers: 4
[534.687s][debug][gc,phases      ] GC(197)     Dead                           Min: 0, Avg:  0.0, Max: 0, Diff: 0, Sum: 0, Workers: 4
[534.687s][debug][gc,phases      ] GC(197)     Total                          Min: 0, Avg: 174.5, Max: 506, Diff: 506, Sum: 698, Workers: 4
[534.687s][debug][gc,phases      ] GC(197)   ObjectSynchronizer Weak        Min:  0.0, Avg:  0.0, Max:  0.0, Diff:  0.0, Sum:  0.0, Workers: 4
[534.687s][debug][gc,phases      ] GC(197)     Dead                           Min: 0, Avg:  0.0, Max: 0, Diff: 0, Sum: 0, Workers: 4
[534.687s][debug][gc,phases      ] GC(197)     Total                          Min: 0, Avg: 117.0, Max: 276, Diff: 276, Sum: 468, Workers: 4
[534.687s][debug][gc,phases      ] GC(197)   JVMTI Tag Weak OopStorage      Min:  0.0, Avg:  0.0, Max:  0.0, Diff:  0.0, Sum:  0.0, Workers: 4
[534.687s][debug][gc,phases      ] GC(197)     Dead                           Min: 0, Avg:  0.0, Max: 0, Diff: 0, Sum: 0, Workers: 4
[534.687s][debug][gc,phases      ] GC(197)     Total                          Min: 0, Avg:  0.0, Max: 0, Diff: 0, Sum: 0, Workers: 4
[534.687s][debug][gc,phases      ] GC(197)   StringTable Weak               Min:  0.1, Avg:  0.1, Max:  0.1, Diff:  0.0, Sum:  0.5, Workers: 4
[534.687s][debug][gc,phases      ] GC(197)     Dead                           Min: 0, Avg:  0.0, Max: 0, Diff: 0, Sum: 0, Workers: 4
[534.687s][debug][gc,phases      ] GC(197)     Total                          Min: 11584, Avg: 12057.2, Max: 12864, Diff: 1280, Sum: 48229, Workers: 4
[534.687s][debug][gc,phases      ] GC(197)   ResolvedMethodTable Weak       Min:  0.0, Avg:  0.0, Max:  0.0, Diff:  0.0, Sum:  0.1, Workers: 4
[534.687s][debug][gc,phases      ] GC(197)     Dead                           Min: 0, Avg:  0.0, Max: 0, Diff: 0, Sum: 0, Workers: 4
[534.687s][debug][gc,phases      ] GC(197)     Total                          Min: 1770, Avg: 2122.5, Max: 2368, Diff: 598, Sum: 8490, Workers: 4
[534.687s][debug][gc,phases      ] GC(197)   JNI Weak                       Min:  0.0, Avg:  0.0, Max:  0.0, Diff:  0.0, Sum:  0.0, Workers: 4
[534.687s][debug][gc,phases      ] GC(197)     Dead                           Min: 0, Avg:  0.0, Max: 0, Diff: 0, Sum: 0, Workers: 4
[534.687s][debug][gc,phases      ] GC(197)     Total                          Min: 0, Avg:  0.0, Max: 0, Diff: 0, Sum: 0, Workers: 4
[534.687s][debug][gc,phases      ] GC(197)   StringDedup Table Weak         Min:  0.0, Avg:  0.0, Max:  0.0, Diff:  0.0, Sum:  0.0, Workers: 4
[534.687s][debug][gc,phases      ] GC(197)     Dead                           Min: 0, Avg:  0.0, Max: 0, Diff: 0, Sum: 0, Workers: 4
[534.687s][debug][gc,phases      ] GC(197)     Total                          Min: 0, Avg:  0.0, Max: 0, Diff: 0, Sum: 0, Workers: 4
[534.687s][debug][gc,phases      ] GC(197)   StringDedup Requests0 Weak     Min:  0.0, Avg:  0.0, Max:  0.0, Diff:  0.0, Sum:  0.0, Workers: 4
[534.687s][debug][gc,phases      ] GC(197)     Dead                           Min: 0, Avg:  0.0, Max: 0, Diff: 0, Sum: 0, Workers: 4
[534.687s][debug][gc,phases      ] GC(197)     Total                          Min: 0, Avg:  0.0, Max: 0, Diff: 0, Sum: 0, Workers: 4
[534.687s][debug][gc,phases      ] GC(197)   StringDedup Requests1 Weak     Min:  0.0, Avg:  0.0, Max:  0.0, Diff:  0.0, Sum:  0.0, Workers: 4
[534.687s][debug][gc,phases      ] GC(197)     Dead                           Min: 0, Avg:  0.0, Max: 0, Diff: 0, Sum: 0, Workers: 4
[534.687s][debug][gc,phases      ] GC(197)     Total                          Min: 0, Avg:  0.0, Max: 0, Diff: 0, Sum: 0, Workers: 4
[534.687s][debug][gc,phases      ] GC(197)   Weak JFR Old Object Samples    Min:  0.0, Avg:  0.0, Max:  0.0, Diff:  0.0, Sum:  0.0, Workers: 4
[534.687s][debug][gc,phases      ] GC(197)     Dead                           Min: 0, Avg:  0.0, Max: 0, Diff: 0, Sum: 0, Workers: 4
[534.687s][debug][gc,phases      ] GC(197)     Total                          Min: 0, Avg:  0.0, Max: 0, Diff: 0, Sum: 0, Workers: 4
[534.687s][debug][gc,phases      ] GC(197) Weak Processing 0.333ms
[534.687s][debug][gc,age         ] GC(197) Desired survivor size 144703488 bytes, new threshold 15 (max threshold 15)
[534.687s][info ][gc,heap        ] GC(197) PSYoungGen: 1938213K(1959424K)->123157K(1948160K) Eden: 1824768K(1824768K)->0K(1824768K) From: 113445K(134656K)->123157K(123392K)
[534.687s][info ][gc,heap        ] GC(197) ParOldGen: 781668K(931840K)->784996K(931840K)
[534.687s][info ][gc,metaspace   ] GC(197) Metaspace: 83818K(84672K)->83818K(84672K) NonClass: 72103K(72576K)->72103K(72576K) Class: 11715K(12096K)->11715K(12096K)
[534.687s][info ][gc             ] GC(197) Pause Young (Allocation Failure) 2656M->886M(2812M) 30.168ms
[534.687s][info ][gc,cpu         ] GC(197) User=0.12s Sys=0.00s Real=0.03s
[534.687s][info ][safepoint      ] Safepoint "ParallelGCFailedAllocation", Time since last: 209370823 ns, Reaching safepoint: 106002 ns, At safepoint: 30252470 ns, Total: 30358472 ns
[535.687s][info ][safepoint      ] Safepoint "Cleanup", Time since last: 1000095923 ns, Reaching safepoint: 191405 ns, At safepoint: 21800 ns, Total: 213205 ns
[535.913s][info ][gc,start       ] GC(198) Pause Young (Allocation Failure)
[535.948s][debug][gc,phases      ] GC(198) Scavenge 35.371ms
[535.948s][debug][gc,ref         ] GC(198) Skipped phase 1 of Reference Processing: no references
[535.949s][debug][gc,ref         ] GC(198) ReferenceProcessor::execute queues: 1, RefProcThreadModel::Single, marks_oops_alive: false
[535.949s][debug][gc,ref         ] GC(198) Skipped phase 3 of Reference Processing: no references
[535.949s][debug][gc,ref         ] GC(198) ReferenceProcessor::execute queues: 1, RefProcThreadModel::Single, marks_oops_alive: false
[535.949s][debug][gc,phases      ] GC(198) Reference Processing 0.130ms
[535.949s][debug][gc,phases      ] GC(198)   VM Weak                        Min:  0.0, Avg:  0.0, Max:  0.0, Diff:  0.0, Sum:  0.0, Workers: 4
[535.949s][debug][gc,phases      ] GC(198)     Dead                           Min: 0, Avg:  0.0, Max: 0, Diff: 0, Sum: 0, Workers: 4
[535.949s][debug][gc,phases      ] GC(198)     Total                          Min: 0, Avg: 175.8, Max: 383, Diff: 383, Sum: 703, Workers: 4
[535.949s][debug][gc,phases      ] GC(198)   ObjectSynchronizer Weak        Min:  0.0, Avg:  0.0, Max:  0.0, Diff:  0.0, Sum:  0.0, Workers: 4
[535.949s][debug][gc,phases      ] GC(198)     Dead                           Min: 0, Avg:  0.0, Max: 0, Diff: 0, Sum: 0, Workers: 4
[535.949s][debug][gc,phases      ] GC(198)     Total                          Min: 0, Avg: 117.0, Max: 192, Diff: 192, Sum: 468, Workers: 4
[535.949s][debug][gc,phases      ] GC(198)   JVMTI Tag Weak OopStorage      Min:  0.0, Avg:  0.0, Max:  0.0, Diff:  0.0, Sum:  0.0, Workers: 4
[535.949s][debug][gc,phases      ] GC(198)     Dead                           Min: 0, Avg:  0.0, Max: 0, Diff: 0, Sum: 0, Workers: 4
[535.949s][debug][gc,phases      ] GC(198)     Total                          Min: 0, Avg:  0.0, Max: 0, Diff: 0, Sum: 0, Workers: 4
[535.949s][debug][gc,phases      ] GC(198)   StringTable Weak               Min:  0.0, Avg:  0.1, Max:  0.1, Diff:  0.1, Sum:  0.5, Workers: 4
[535.949s][debug][gc,phases      ] GC(198)     Dead                           Min: 0, Avg:  0.2, Max: 1, Diff: 1, Sum: 1, Workers: 4
[535.949s][debug][gc,phases      ] GC(198)     Total                          Min: 2496, Avg: 12061.2, Max: 16383, Diff: 13887, Sum: 48245, Workers: 4
[535.949s][debug][gc,phases      ] GC(198)   ResolvedMethodTable Weak       Min:  0.0, Avg:  0.0, Max:  0.0, Diff:  0.0, Sum:  0.1, Workers: 4
[535.949s][debug][gc,phases      ] GC(198)     Dead                           Min: 0, Avg:  0.0, Max: 0, Diff: 0, Sum: 0, Workers: 4
[535.949s][debug][gc,phases      ] GC(198)     Total                          Min: 1920, Avg: 2130.5, Max: 2378, Diff: 458, Sum: 8522, Workers: 4
[535.949s][debug][gc,phases      ] GC(198)   JNI Weak                       Min:  0.0, Avg:  0.0, Max:  0.0, Diff:  0.0, Sum:  0.0, Workers: 4
[535.949s][debug][gc,phases      ] GC(198)     Dead                           Min: 0, Avg:  0.0, Max: 0, Diff: 0, Sum: 0, Workers: 4
[535.949s][debug][gc,phases      ] GC(198)     Total                          Min: 0, Avg:  0.2, Max: 1, Diff: 1, Sum: 1, Workers: 4
[535.949s][debug][gc,phases      ] GC(198)   StringDedup Table Weak         Min:  0.0, Avg:  0.0, Max:  0.0, Diff:  0.0, Sum:  0.0, Workers: 4
[535.949s][debug][gc,phases      ] GC(198)     Dead                           Min: 0, Avg:  0.0, Max: 0, Diff: 0, Sum: 0, Workers: 4
[535.949s][debug][gc,phases      ] GC(198)     Total                          Min: 0, Avg:  0.0, Max: 0, Diff: 0, Sum: 0, Workers: 4
[535.949s][debug][gc,phases      ] GC(198)   StringDedup Requests0 Weak     Min:  0.0, Avg:  0.0, Max:  0.0, Diff:  0.0, Sum:  0.0, Workers: 4
[535.949s][debug][gc,phases      ] GC(198)     Dead                           Min: 0, Avg:  0.0, Max: 0, Diff: 0, Sum: 0, Workers: 4
[535.949s][debug][gc,phases      ] GC(198)     Total                          Min: 0, Avg:  0.0, Max: 0, Diff: 0, Sum: 0, Workers: 4
[535.949s][debug][gc,phases      ] GC(198)   StringDedup Requests1 Weak     Min:  0.0, Avg:  0.0, Max:  0.0, Diff:  0.0, Sum:  0.0, Workers: 4
[535.949s][debug][gc,phases      ] GC(198)     Dead                           Min: 0, Avg:  0.0, Max: 0, Diff: 0, Sum: 0, Workers: 4
[535.949s][debug][gc,phases      ] GC(198)     Total                          Min: 0, Avg:  0.0, Max: 0, Diff: 0, Sum: 0, Workers: 4
[535.949s][debug][gc,phases      ] GC(198)   Weak JFR Old Object Samples    Min:  0.0, Avg:  0.0, Max:  0.0, Diff:  0.0, Sum:  0.0, Workers: 4
[535.949s][debug][gc,phases      ] GC(198)     Dead                           Min: 0, Avg:  0.0, Max: 0, Diff: 0, Sum: 0, Workers: 4
[535.949s][debug][gc,phases      ] GC(198)     Total                          Min: 0, Avg:  0.0, Max: 0, Diff: 0, Sum: 0, Workers: 4
[535.949s][debug][gc,phases      ] GC(198) Weak Processing 0.385ms
[535.949s][debug][gc,age         ] GC(198) Desired survivor size 149946368 bytes, new threshold 15 (max threshold 15)
[535.949s][info ][gc,heap        ] GC(198) PSYoungGen: 1947925K(1948160K)->127125K(1945600K) Eden: 1824768K(1824768K)->0K(1804288K) From: 123157K(123392K)->127125K(141312K)
[535.949s][info ][gc,heap        ] GC(198) ParOldGen: 784996K(931840K)->791357K(931840K)
[535.949s][info ][gc,metaspace   ] GC(198) Metaspace: 83872K(84672K)->83872K(84672K) NonClass: 72143K(72576K)->72143K(72576K) Class: 11729K(12096K)->11729K(12096K)
[535.949s][info ][gc             ] GC(198) Pause Young (Allocation Failure) 2668M->896M(2810M) 36.035ms
[535.949s][info ][gc,cpu         ] GC(198) User=0.18s Sys=0.00s Real=0.04s
[535.949s][info ][safepoint      ] Safepoint "ParallelGCFailedAllocation", Time since last: 225312028 ns, Reaching safepoint: 169304 ns, At safepoint: 36144619 ns, Total: 36313923 ns
[536.949s][info ][safepoint      ] Safepoint "Cleanup", Time since last: 1000064822 ns, Reaching safepoint: 241106 ns, At safepoint: 10900 ns, Total: 252006 ns
[537.200s][info ][gc,start       ] GC(199) Pause Young (Allocation Failure)
[537.229s][debug][gc,phases      ] GC(199) Scavenge 29.165ms
[537.229s][debug][gc,ref         ] GC(199) Skipped phase 1 of Reference Processing: no references
[537.229s][debug][gc,ref         ] GC(199) ReferenceProcessor::execute queues: 1, RefProcThreadModel::Single, marks_oops_alive: false
[537.229s][debug][gc,ref         ] GC(199) Skipped phase 3 of Reference Processing: no references
[537.229s][debug][gc,ref         ] GC(199) ReferenceProcessor::execute queues: 1, RefProcThreadModel::Single, marks_oops_alive: false
[537.229s][debug][gc,phases      ] GC(199) Reference Processing 0.136ms
[537.230s][debug][gc,phases      ] GC(199)   VM Weak                        Min:  0.0, Avg:  0.0, Max:  0.0, Diff:  0.0, Sum:  0.0, Workers: 4
[537.230s][debug][gc,phases      ] GC(199)     Dead                           Min: 0, Avg:  0.0, Max: 0, Diff: 0, Sum: 0, Workers: 4
[537.230s][debug][gc,phases      ] GC(199)     Total                          Min: 0, Avg: 176.0, Max: 704, Diff: 704, Sum: 704, Workers: 4
[537.230s][debug][gc,phases      ] GC(199)   ObjectSynchronizer Weak        Min:  0.0, Avg:  0.0, Max:  0.0, Diff:  0.0, Sum:  0.0, Workers: 4
[537.230s][debug][gc,phases      ] GC(199)     Dead                           Min: 0, Avg:  0.0, Max: 0, Diff: 0, Sum: 0, Workers: 4
[537.230s][debug][gc,phases      ] GC(199)     Total                          Min: 0, Avg: 117.0, Max: 256, Diff: 256, Sum: 468, Workers: 4
[537.230s][debug][gc,phases      ] GC(199)   JVMTI Tag Weak OopStorage      Min:  0.0, Avg:  0.0, Max:  0.0, Diff:  0.0, Sum:  0.0, Workers: 4
[537.230s][debug][gc,phases      ] GC(199)     Dead                           Min: 0, Avg:  0.0, Max: 0, Diff: 0, Sum: 0, Workers: 4
[537.230s][debug][gc,phases      ] GC(199)     Total                          Min: 0, Avg:  0.0, Max: 0, Diff: 0, Sum: 0, Workers: 4
[537.230s][debug][gc,phases      ] GC(199)   StringTable Weak               Min:  0.1, Avg:  0.1, Max:  0.1, Diff:  0.0, Sum:  0.5, Workers: 4
[537.230s][debug][gc,phases      ] GC(199)     Dead                           Min: 0, Avg:  0.2, Max: 1, Diff: 1, Sum: 1, Workers: 4
[537.230s][debug][gc,phases      ] GC(199)     Total                          Min: 10183, Avg: 12065.8, Max: 13376, Diff: 3193, Sum: 48263, Workers: 4
[537.230s][debug][gc,phases      ] GC(199)   ResolvedMethodTable Weak       Min:  0.0, Avg:  0.0, Max:  0.0, Diff:  0.0, Sum:  0.1, Workers: 4
[537.230s][debug][gc,phases      ] GC(199)     Dead                           Min: 0, Avg:  0.0, Max: 0, Diff: 0, Sum: 0, Workers: 4
[537.230s][debug][gc,phases      ] GC(199)     Total                          Min: 1920, Avg: 2138.2, Max: 2368, Diff: 448, Sum: 8553, Workers: 4
[537.230s][debug][gc,phases      ] GC(199)   JNI Weak                       Min:  0.0, Avg:  0.0, Max:  0.0, Diff:  0.0, Sum:  0.0, Workers: 4
[537.230s][debug][gc,phases      ] GC(199)     Dead                           Min: 0, Avg:  0.0, Max: 0, Diff: 0, Sum: 0, Workers: 4
[537.230s][debug][gc,phases      ] GC(199)     Total                          Min: 0, Avg:  0.0, Max: 0, Diff: 0, Sum: 0, Workers: 4
[537.230s][debug][gc,phases      ] GC(199)   StringDedup Table Weak         Min:  0.0, Avg:  0.0, Max:  0.0, Diff:  0.0, Sum:  0.0, Workers: 4
[537.230s][debug][gc,phases      ] GC(199)     Dead                           Min: 0, Avg:  0.0, Max: 0, Diff: 0, Sum: 0, Workers: 4
[537.230s][debug][gc,phases      ] GC(199)     Total                          Min: 0, Avg:  0.0, Max: 0, Diff: 0, Sum: 0, Workers: 4
[537.230s][debug][gc,phases      ] GC(199)   StringDedup Requests0 Weak     Min:  0.0, Avg:  0.0, Max:  0.0, Diff:  0.0, Sum:  0.0, Workers: 4
[537.230s][debug][gc,phases      ] GC(199)     Dead                           Min: 0, Avg:  0.0, Max: 0, Diff: 0, Sum: 0, Workers: 4
[537.230s][debug][gc,phases      ] GC(199)     Total                          Min: 0, Avg:  0.0, Max: 0, Diff: 0, Sum: 0, Workers: 4
[537.230s][debug][gc,phases      ] GC(199)   StringDedup Requests1 Weak     Min:  0.0, Avg:  0.0, Max:  0.0, Diff:  0.0, Sum:  0.0, Workers: 4
[537.230s][debug][gc,phases      ] GC(199)     Dead                           Min: 0, Avg:  0.0, Max: 0, Diff: 0, Sum: 0, Workers: 4
[537.230s][debug][gc,phases      ] GC(199)     Total                          Min: 0, Avg:  0.0, Max: 0, Diff: 0, Sum: 0, Workers: 4
[537.230s][debug][gc,phases      ] GC(199)   Weak JFR Old Object Samples    Min:  0.0, Avg:  0.0, Max:  0.0, Diff:  0.0, Sum:  0.0, Workers: 4
[537.230s][debug][gc,phases      ] GC(199)     Dead                           Min: 0, Avg:  0.0, Max: 0, Diff: 0, Sum: 0, Workers: 4
[537.230s][debug][gc,phases      ] GC(199)     Total                          Min: 0, Avg:  0.0, Max: 0, Diff: 0, Sum: 0, Workers: 4
[537.230s][debug][gc,phases      ] GC(199) Weak Processing 0.360ms
[537.230s][debug][gc,age         ] GC(199) Desired survivor size 154140672 bytes, new threshold 15 (max threshold 15)
[537.230s][info ][gc,heap        ] GC(199) PSYoungGen: 1931413K(1945600K)->127712K(1932288K) Eden: 1804288K(1804288K)->0K(1804288K) From: 127125K(141312K)->127712K(128000K)
[537.230s][info ][gc,heap        ] GC(199) ParOldGen: 791357K(931840K)->797183K(931840K)
[537.230s][info ][gc,metaspace   ] GC(199) Metaspace: 83914K(84736K)->83914K(84736K) NonClass: 72175K(72640K)->72175K(72640K) Class: 11739K(12096K)->11739K(12096K)
[537.230s][info ][gc             ] GC(199) Pause Young (Allocation Failure) 2658M->903M(2797M) 29.811ms
[537.230s][info ][gc,cpu         ] GC(199) User=0.11s Sys=0.01s Real=0.03s
[537.230s][info ][safepoint      ] Safepoint "ParallelGCFailedAllocation", Time since last: 250363665 ns, Reaching safepoint: 177504 ns, At safepoint: 29909061 ns, Total: 30086565 ns
[538.230s][info ][safepoint      ] Safepoint "Cleanup", Time since last: 1000087122 ns, Reaching safepoint: 150404 ns, At safepoint: 19601 ns, Total: 170005 ns
[538.476s][info ][gc,start       ] GC(200) Pause Young (Allocation Failure)
[538.509s][debug][gc,phases      ] GC(200) Scavenge 32.621ms
[538.509s][debug][gc,ref         ] GC(200) Skipped phase 1 of Reference Processing: no references
[538.509s][debug][gc,ref         ] GC(200) ReferenceProcessor::execute queues: 1, RefProcThreadModel::Single, marks_oops_alive: false
[538.509s][debug][gc,ref         ] GC(200) Skipped phase 3 of Reference Processing: no references
[538.509s][debug][gc,ref         ] GC(200) ReferenceProcessor::execute queues: 1, RefProcThreadModel::Single, marks_oops_alive: false
[538.509s][debug][gc,phases      ] GC(200) Reference Processing 0.122ms
[538.509s][debug][gc,phases      ] GC(200)   VM Weak                        Min:  0.0, Avg:  0.0, Max:  0.0, Diff:  0.0, Sum:  0.0, Workers: 4
[538.509s][debug][gc,phases      ] GC(200)     Dead                           Min: 0, Avg:  0.0, Max: 0, Diff: 0, Sum: 0, Workers: 4
[538.509s][debug][gc,phases      ] GC(200)     Total                          Min: 0, Avg: 176.0, Max: 384, Diff: 384, Sum: 704, Workers: 4
[538.509s][debug][gc,phases      ] GC(200)   ObjectSynchronizer Weak        Min:  0.0, Avg:  0.0, Max:  0.0, Diff:  0.0, Sum:  0.0, Workers: 4
[538.509s][debug][gc,phases      ] GC(200)     Dead                           Min: 0, Avg:  0.0, Max: 0, Diff: 0, Sum: 0, Workers: 4
[538.509s][debug][gc,phases      ] GC(200)     Total                          Min: 0, Avg: 117.0, Max: 256, Diff: 256, Sum: 468, Workers: 4
[538.509s][debug][gc,phases      ] GC(200)   JVMTI Tag Weak OopStorage      Min:  0.0, Avg:  0.0, Max:  0.0, Diff:  0.0, Sum:  0.0, Workers: 4
[538.509s][debug][gc,phases      ] GC(200)     Dead                           Min: 0, Avg:  0.0, Max: 0, Diff: 0, Sum: 0, Workers: 4
[538.509s][debug][gc,phases      ] GC(200)     Total                          Min: 0, Avg:  0.0, Max: 0, Diff: 0, Sum: 0, Workers: 4
[538.509s][debug][gc,phases      ] GC(200)   StringTable Weak               Min:  0.1, Avg:  0.1, Max:  0.1, Diff:  0.0, Sum:  0.5, Workers: 4
[538.509s][debug][gc,phases      ] GC(200)     Dead                           Min: 0, Avg:  0.0, Max: 0, Diff: 0, Sum: 0, Workers: 4
[538.509s][debug][gc,phases      ] GC(200)     Total                          Min: 11328, Avg: 12067.0, Max: 12672, Diff: 1344, Sum: 48268, Workers: 4
[538.509s][debug][gc,phases      ] GC(200)   ResolvedMethodTable Weak       Min:  0.0, Avg:  0.0, Max:  0.0, Diff:  0.0, Sum:  0.1, Workers: 4
[538.509s][debug][gc,phases      ] GC(200)     Dead                           Min: 0, Avg:  0.0, Max: 0, Diff: 0, Sum: 0, Workers: 4
[538.509s][debug][gc,phases      ] GC(200)     Total                          Min: 1920, Avg: 2138.8, Max: 2368, Diff: 448, Sum: 8555, Workers: 4
[538.509s][debug][gc,phases      ] GC(200)   JNI Weak                       Min:  0.0, Avg:  0.0, Max:  0.0, Diff:  0.0, Sum:  0.0, Workers: 4
[538.509s][debug][gc,phases      ] GC(200)     Dead                           Min: 0, Avg:  0.0, Max: 0, Diff: 0, Sum: 0, Workers: 4
[538.509s][debug][gc,phases      ] GC(200)     Total                          Min: 0, Avg:  0.0, Max: 0, Diff: 0, Sum: 0, Workers: 4
[538.509s][debug][gc,phases      ] GC(200)   StringDedup Table Weak         Min:  0.0, Avg:  0.0, Max:  0.0, Diff:  0.0, Sum:  0.0, Workers: 4
[538.509s][debug][gc,phases      ] GC(200)     Dead                           Min: 0, Avg:  0.0, Max: 0, Diff: 0, Sum: 0, Workers: 4
[538.509s][debug][gc,phases      ] GC(200)     Total                          Min: 0, Avg:  0.0, Max: 0, Diff: 0, Sum: 0, Workers: 4
[538.509s][debug][gc,phases      ] GC(200)   StringDedup Requests0 Weak     Min:  0.0, Avg:  0.0, Max:  0.0, Diff:  0.0, Sum:  0.0, Workers: 4
[538.509s][debug][gc,phases      ] GC(200)     Dead                           Min: 0, Avg:  0.0, Max: 0, Diff: 0, Sum: 0, Workers: 4
[538.509s][debug][gc,phases      ] GC(200)     Total                          Min: 0, Avg:  0.0, Max: 0, Diff: 0, Sum: 0, Workers: 4
[538.509s][debug][gc,phases      ] GC(200)   StringDedup Requests1 Weak     Min:  0.0, Avg:  0.0, Max:  0.0, Diff:  0.0, Sum:  0.0, Workers: 4
[538.509s][debug][gc,phases      ] GC(200)     Dead                           Min: 0, Avg:  0.0, Max: 0, Diff: 0, Sum: 0, Workers: 4
[538.509s][debug][gc,phases      ] GC(200)     Total                          Min: 0, Avg:  0.0, Max: 0, Diff: 0, Sum: 0, Workers: 4
[538.509s][debug][gc,phases      ] GC(200)   Weak JFR Old Object Samples    Min:  0.0, Avg:  0.0, Max:  0.0, Diff:  0.0, Sum:  0.0, Workers: 4
[538.509s][debug][gc,phases      ] GC(200)     Dead                           Min: 0, Avg:  0.0, Max: 0, Diff: 0, Sum: 0, Workers: 4
[538.509s][debug][gc,phases      ] GC(200)     Total                          Min: 0, Avg:  0.0, Max: 0, Diff: 0, Sum: 0, Workers: 4
[538.509s][debug][gc,phases      ] GC(200) Weak Processing 0.343ms
[538.509s][debug][gc,age         ] GC(200) Desired survivor size 159383552 bytes, new threshold 15 (max threshold 15)
[538.509s][info ][gc,heap        ] GC(200) PSYoungGen: 1932000K(1932288K)->131795K(1936384K) Eden: 1804288K(1804288K)->0K(1785856K) From: 127712K(128000K)->131795K(150528K)
[538.509s][info ][gc,heap        ] GC(200) ParOldGen: 797183K(931840K)->804344K(931840K)
[538.509s][info ][gc,metaspace   ] GC(200) Metaspace: 83930K(84736K)->83930K(84736K) NonClass: 72190K(72640K)->72190K(72640K) Class: 11740K(12096K)->11740K(12096K)
[538.509s][info ][gc             ] GC(200) Pause Young (Allocation Failure) 2665M->914M(2801M) 33.226ms
[538.510s][info ][gc,cpu         ] GC(200) User=0.13s Sys=0.00s Real=0.03s
[538.510s][info ][safepoint      ] Safepoint "ParallelGCFailedAllocation", Time since last: 245985853 ns, Reaching safepoint: 85902 ns, At safepoint: 33381249 ns, Total: 33467151 ns
[539.510s][info ][safepoint      ] Safepoint "Cleanup", Time since last: 1000076522 ns, Reaching safepoint: 144304 ns, At safepoint: 13200 ns, Total: 157504 ns
[539.654s][info ][gc,start       ] GC(201) Pause Young (Allocation Failure)
[539.683s][debug][gc,phases      ] GC(201) Scavenge 29.019ms
[539.683s][debug][gc,ref         ] GC(201) Skipped phase 1 of Reference Processing: no references
[539.684s][debug][gc,ref         ] GC(201) ReferenceProcessor::execute queues: 1, RefProcThreadModel::Single, marks_oops_alive: false
[539.684s][debug][gc,ref         ] GC(201) Skipped phase 3 of Reference Processing: no references
[539.684s][debug][gc,ref         ] GC(201) ReferenceProcessor::execute queues: 1, RefProcThreadModel::Single, marks_oops_alive: false
[539.684s][debug][gc,phases      ] GC(201) Reference Processing 0.138ms
[539.684s][debug][gc,phases      ] GC(201)   VM Weak                        Min:  0.0, Avg:  0.0, Max:  0.0, Diff:  0.0, Sum:  0.0, Workers: 4
[539.684s][debug][gc,phases      ] GC(201)     Dead                           Min: 0, Avg:  0.0, Max: 0, Diff: 0, Sum: 0, Workers: 4
[539.684s][debug][gc,phases      ] GC(201)     Total                          Min: 0, Avg: 176.0, Max: 512, Diff: 512, Sum: 704, Workers: 4
[539.684s][debug][gc,phases      ] GC(201)   ObjectSynchronizer Weak        Min:  0.0, Avg:  0.0, Max:  0.0, Diff:  0.0, Sum:  0.0, Workers: 4
[539.684s][debug][gc,phases      ] GC(201)     Dead                           Min: 0, Avg:  0.0, Max: 0, Diff: 0, Sum: 0, Workers: 4
[539.684s][debug][gc,phases      ] GC(201)     Total                          Min: 0, Avg: 117.0, Max: 212, Diff: 212, Sum: 468, Workers: 4
[539.684s][debug][gc,phases      ] GC(201)   JVMTI Tag Weak OopStorage      Min:  0.0, Avg:  0.0, Max:  0.0, Diff:  0.0, Sum:  0.0, Workers: 4
[539.684s][debug][gc,phases      ] GC(201)     Dead                           Min: 0, Avg:  0.0, Max: 0, Diff: 0, Sum: 0, Workers: 4
[539.684s][debug][gc,phases      ] GC(201)     Total                          Min: 0, Avg:  0.0, Max: 0, Diff: 0, Sum: 0, Workers: 4
[539.684s][debug][gc,phases      ] GC(201)   StringTable Weak               Min:  0.1, Avg:  0.1, Max:  0.1, Diff:  0.0, Sum:  0.4, Workers: 4
[539.684s][debug][gc,phases      ] GC(201)     Dead                           Min: 0, Avg:  0.0, Max: 0, Diff: 0, Sum: 0, Workers: 4
[539.684s][debug][gc,phases      ] GC(201)     Total                          Min: 11200, Avg: 12067.8, Max: 13312, Diff: 2112, Sum: 48271, Workers: 4
[539.684s][debug][gc,phases      ] GC(201)   ResolvedMethodTable Weak       Min:  0.0, Avg:  0.0, Max:  0.0, Diff:  0.0, Sum:  0.1, Workers: 4
[539.684s][debug][gc,phases      ] GC(201)     Dead                           Min: 0, Avg:  0.0, Max: 0, Diff: 0, Sum: 0, Workers: 4
[539.684s][debug][gc,phases      ] GC(201)     Total                          Min: 1920, Avg: 2139.5, Max: 2560, Diff: 640, Sum: 8558, Workers: 4
[539.684s][debug][gc,phases      ] GC(201)   JNI Weak                       Min:  0.0, Avg:  0.0, Max:  0.0, Diff:  0.0, Sum:  0.0, Workers: 4
[539.684s][debug][gc,phases      ] GC(201)     Dead                           Min: 0, Avg:  0.0, Max: 0, Diff: 0, Sum: 0, Workers: 4
[539.684s][debug][gc,phases      ] GC(201)     Total                          Min: 0, Avg:  0.0, Max: 0, Diff: 0, Sum: 0, Workers: 4
[539.684s][debug][gc,phases      ] GC(201)   StringDedup Table Weak         Min:  0.0, Avg:  0.0, Max:  0.0, Diff:  0.0, Sum:  0.0, Workers: 4
[539.684s][debug][gc,phases      ] GC(201)     Dead                           Min: 0, Avg:  0.0, Max: 0, Diff: 0, Sum: 0, Workers: 4
[539.684s][debug][gc,phases      ] GC(201)     Total                          Min: 0, Avg:  0.0, Max: 0, Diff: 0, Sum: 0, Workers: 4
[539.684s][debug][gc,phases      ] GC(201)   StringDedup Requests0 Weak     Min:  0.0, Avg:  0.0, Max:  0.0, Diff:  0.0, Sum:  0.0, Workers: 4
[539.684s][debug][gc,phases      ] GC(201)     Dead                           Min: 0, Avg:  0.0, Max: 0, Diff: 0, Sum: 0, Workers: 4
[539.684s][debug][gc,phases      ] GC(201)     Total                          Min: 0, Avg:  0.0, Max: 0, Diff: 0, Sum: 0, Workers: 4
[539.684s][debug][gc,phases      ] GC(201)   StringDedup Requests1 Weak     Min:  0.0, Avg:  0.0, Max:  0.0, Diff:  0.0, Sum:  0.0, Workers: 4
[539.684s][debug][gc,phases      ] GC(201)     Dead                           Min: 0, Avg:  0.0, Max: 0, Diff: 0, Sum: 0, Workers: 4
[539.684s][debug][gc,phases      ] GC(201)     Total                          Min: 0, Avg:  0.0, Max: 0, Diff: 0, Sum: 0, Workers: 4
[539.684s][debug][gc,phases      ] GC(201)   Weak JFR Old Object Samples    Min:  0.0, Avg:  0.0, Max:  0.0, Diff:  0.0, Sum:  0.0, Workers: 4
[539.684s][debug][gc,phases      ] GC(201)     Dead                           Min: 0, Avg:  0.0, Max: 0, Diff: 0, Sum: 0, Workers: 4
[539.684s][debug][gc,phases      ] GC(201)     Total                          Min: 0, Avg:  0.0, Max: 0, Diff: 0, Sum: 0, Workers: 4
[539.684s][debug][gc,phases      ] GC(201) Weak Processing 0.321ms
[539.684s][debug][gc,age         ] GC(201) Desired survivor size 166199296 bytes, new threshold 15 (max threshold 15)
[539.684s][info ][gc,heap        ] GC(201) PSYoungGen: 1917651K(1936384K)->141133K(1927168K) Eden: 1785856K(1785856K)->0K(1785856K) From: 131795K(150528K)->141133K(141312K)
[539.684s][info ][gc,heap        ] GC(201) ParOldGen: 804344K(931840K)->805904K(931840K)
[539.684s][info ][gc,metaspace   ] GC(201) Metaspace: 83944K(84736K)->83944K(84736K) NonClass: 72203K(72640K)->72203K(72640K) Class: 11741K(12096K)->11741K(12096K)
[539.684s][info ][gc             ] GC(201) Pause Young (Allocation Failure) 2658M->924M(2792M) 29.618ms
[539.684s][info ][gc,cpu         ] GC(201) User=0.12s Sys=0.00s Real=0.03s
[539.684s][info ][safepoint      ] Safepoint "ParallelGCFailedAllocation", Time since last: 144394471 ns, Reaching safepoint: 50401 ns, At safepoint: 29707755 ns, Total: 29758156 ns
[540.684s][info ][safepoint      ] Safepoint "Cleanup", Time since last: 1000085123 ns, Reaching safepoint: 146503 ns, At safepoint: 13001 ns, Total: 159504 ns
[540.720s][info ][gc,start       ] GC(202) Pause Young (Allocation Failure)
[540.754s][debug][gc,phases      ] GC(202) Scavenge 34.081ms
[540.754s][debug][gc,ref         ] GC(202) Skipped phase 1 of Reference Processing: no references
[540.754s][debug][gc,ref         ] GC(202) ReferenceProcessor::execute queues: 1, RefProcThreadModel::Single, marks_oops_alive: false
[540.754s][debug][gc,ref         ] GC(202) Skipped phase 3 of Reference Processing: no references
[540.754s][debug][gc,ref         ] GC(202) ReferenceProcessor::execute queues: 1, RefProcThreadModel::Single, marks_oops_alive: false
[540.754s][debug][gc,phases      ] GC(202) Reference Processing 0.158ms
[540.754s][debug][gc,phases      ] GC(202)   VM Weak                        Min:  0.0, Avg:  0.0, Max:  0.0, Diff:  0.0, Sum:  0.0, Workers: 4
[540.754s][debug][gc,phases      ] GC(202)     Dead                           Min: 0, Avg:  0.0, Max: 0, Diff: 0, Sum: 0, Workers: 4
[540.754s][debug][gc,phases      ] GC(202)     Total                          Min: 0, Avg: 176.0, Max: 704, Diff: 704, Sum: 704, Workers: 4
[540.754s][debug][gc,phases      ] GC(202)   ObjectSynchronizer Weak        Min:  0.0, Avg:  0.0, Max:  0.0, Diff:  0.0, Sum:  0.0, Workers: 4
[540.754s][debug][gc,phases      ] GC(202)     Dead                           Min: 0, Avg:  0.0, Max: 0, Diff: 0, Sum: 0, Workers: 4
[540.754s][debug][gc,phases      ] GC(202)     Total                          Min: 0, Avg: 117.0, Max: 468, Diff: 468, Sum: 468, Workers: 4
[540.754s][debug][gc,phases      ] GC(202)   JVMTI Tag Weak OopStorage      Min:  0.0, Avg:  0.0, Max:  0.0, Diff:  0.0, Sum:  0.0, Workers: 4
[540.754s][debug][gc,phases      ] GC(202)     Dead                           Min: 0, Avg:  0.0, Max: 0, Diff: 0, Sum: 0, Workers: 4
[540.754s][debug][gc,phases      ] GC(202)     Total                          Min: 0, Avg:  0.0, Max: 0, Diff: 0, Sum: 0, Workers: 4
[540.754s][debug][gc,phases      ] GC(202)   StringTable Weak               Min:  0.1, Avg:  0.1, Max:  0.1, Diff:  0.0, Sum:  0.4, Workers: 4
[540.754s][debug][gc,phases      ] GC(202)     Dead                           Min: 0, Avg:  0.0, Max: 0, Diff: 0, Sum: 0, Workers: 4
[540.754s][debug][gc,phases      ] GC(202)     Total                          Min: 11298, Avg: 12072.5, Max: 13504, Diff: 2206, Sum: 48290, Workers: 4
[540.755s][debug][gc,phases      ] GC(202)   ResolvedMethodTable Weak       Min:  0.0, Avg:  0.0, Max:  0.0, Diff:  0.0, Sum:  0.1, Workers: 4
[540.755s][debug][gc,phases      ] GC(202)     Dead                           Min: 0, Avg:  0.0, Max: 0, Diff: 0, Sum: 0, Workers: 4
[540.755s][debug][gc,phases      ] GC(202)     Total                          Min: 2030, Avg: 2139.5, Max: 2368, Diff: 338, Sum: 8558, Workers: 4
[540.755s][debug][gc,phases      ] GC(202)   JNI Weak                       Min:  0.0, Avg:  0.0, Max:  0.0, Diff:  0.0, Sum:  0.0, Workers: 4
[540.755s][debug][gc,phases      ] GC(202)     Dead                           Min: 0, Avg:  0.0, Max: 0, Diff: 0, Sum: 0, Workers: 4
[540.755s][debug][gc,phases      ] GC(202)     Total                          Min: 0, Avg:  0.0, Max: 0, Diff: 0, Sum: 0, Workers: 4
[540.755s][debug][gc,phases      ] GC(202)   StringDedup Table Weak         Min:  0.0, Avg:  0.0, Max:  0.0, Diff:  0.0, Sum:  0.0, Workers: 4
[540.755s][debug][gc,phases      ] GC(202)     Dead                           Min: 0, Avg:  0.0, Max: 0, Diff: 0, Sum: 0, Workers: 4
[540.755s][debug][gc,phases      ] GC(202)     Total                          Min: 0, Avg:  0.0, Max: 0, Diff: 0, Sum: 0, Workers: 4
[540.755s][debug][gc,phases      ] GC(202)   StringDedup Requests0 Weak     Min:  0.0, Avg:  0.0, Max:  0.0, Diff:  0.0, Sum:  0.0, Workers: 4
[540.755s][debug][gc,phases      ] GC(202)     Dead                           Min: 0, Avg:  0.0, Max: 0, Diff: 0, Sum: 0, Workers: 4
[540.755s][debug][gc,phases      ] GC(202)     Total                          Min: 0, Avg:  0.0, Max: 0, Diff: 0, Sum: 0, Workers: 4
[540.755s][debug][gc,phases      ] GC(202)   StringDedup Requests1 Weak     Min:  0.0, Avg:  0.0, Max:  0.0, Diff:  0.0, Sum:  0.0, Workers: 4
[540.755s][debug][gc,phases      ] GC(202)     Dead                           Min: 0, Avg:  0.0, Max: 0, Diff: 0, Sum: 0, Workers: 4
[540.755s][debug][gc,phases      ] GC(202)     Total                          Min: 0, Avg:  0.0, Max: 0, Diff: 0, Sum: 0, Workers: 4
[540.755s][debug][gc,phases      ] GC(202)   Weak JFR Old Object Samples    Min:  0.0, Avg:  0.0, Max:  0.0, Diff:  0.0, Sum:  0.0, Workers: 4
[540.755s][debug][gc,phases      ] GC(202)     Dead                           Min: 0, Avg:  0.0, Max: 0, Diff: 0, Sum: 0, Workers: 4
[540.755s][debug][gc,phases      ] GC(202)     Total                          Min: 0, Avg:  0.0, Max: 0, Diff: 0, Sum: 0, Workers: 4
[540.755s][debug][gc,phases      ] GC(202) Weak Processing 0.407ms
[540.755s][debug][gc,age         ] GC(202) Desired survivor size 174063616 bytes, new threshold 15 (max threshold 15)
[540.755s][info ][gc,heap        ] GC(202) PSYoungGen: 1926989K(1927168K)->146933K(1919488K) Eden: 1785856K(1785856K)->0K(1757184K) From: 141133K(141312K)->146933K(162304K)
[540.755s][info ][gc,heap        ] GC(202) ParOldGen: 805904K(931840K)->806505K(931840K)
[540.755s][info ][gc,metaspace   ] GC(202) Metaspace: 83961K(84800K)->83961K(84800K) NonClass: 72220K(72704K)->72220K(72704K) Class: 11741K(12096K)->11741K(12096K)
[540.755s][info ][gc             ] GC(202) Pause Young (Allocation Failure) 2668M->931M(2784M) 34.812ms
[540.755s][info ][gc,cpu         ] GC(202) User=0.14s Sys=0.00s Real=0.04s
[540.755s][info ][safepoint      ] Safepoint "ParallelGCFailedAllocation", Time since last: 35493702 ns, Reaching safepoint: 126603 ns, At safepoint: 34932588 ns, Total: 35059191 ns
[541.755s][info ][safepoint      ] Safepoint "Cleanup", Time since last: 1000098323 ns, Reaching safepoint: 136103 ns, At safepoint: 16601 ns, Total: 152704 ns
[542.063s][info ][gc,start       ] GC(203) Pause Young (Allocation Failure)
[542.098s][debug][gc,phases      ] GC(203) Scavenge 35.367ms
[542.098s][debug][gc,ref         ] GC(203) Skipped phase 1 of Reference Processing: no references
[542.098s][debug][gc,ref         ] GC(203) ReferenceProcessor::execute queues: 1, RefProcThreadModel::Single, marks_oops_alive: false
[542.098s][debug][gc,ref         ] GC(203) Skipped phase 3 of Reference Processing: no references
[542.098s][debug][gc,ref         ] GC(203) ReferenceProcessor::execute queues: 1, RefProcThreadModel::Single, marks_oops_alive: false
[542.098s][debug][gc,phases      ] GC(203) Reference Processing 0.126ms
[542.099s][debug][gc,phases      ] GC(203)   VM Weak                        Min:  0.0, Avg:  0.0, Max:  0.0, Diff:  0.0, Sum:  0.0, Workers: 4
[542.099s][debug][gc,phases      ] GC(203)     Dead                           Min: 0, Avg:  0.0, Max: 0, Diff: 0, Sum: 0, Workers: 4
[542.099s][debug][gc,phases      ] GC(203)     Total                          Min: 0, Avg: 176.0, Max: 704, Diff: 704, Sum: 704, Workers: 4
[542.099s][debug][gc,phases      ] GC(203)   ObjectSynchronizer Weak        Min:  0.0, Avg:  0.0, Max:  0.0, Diff:  0.0, Sum:  0.0, Workers: 4
[542.099s][debug][gc,phases      ] GC(203)     Dead                           Min: 0, Avg:  0.0, Max: 0, Diff: 0, Sum: 0, Workers: 4
[542.099s][debug][gc,phases      ] GC(203)     Total                          Min: 0, Avg: 117.0, Max: 276, Diff: 276, Sum: 468, Workers: 4
[542.099s][debug][gc,phases      ] GC(203)   JVMTI Tag Weak OopStorage      Min:  0.0, Avg:  0.0, Max:  0.0, Diff:  0.0, Sum:  0.0, Workers: 4
[542.099s][debug][gc,phases      ] GC(203)     Dead                           Min: 0, Avg:  0.0, Max: 0, Diff: 0, Sum: 0, Workers: 4
[542.099s][debug][gc,phases      ] GC(203)     Total                          Min: 0, Avg:  0.0, Max: 0, Diff: 0, Sum: 0, Workers: 4
[542.099s][debug][gc,phases      ] GC(203)   StringTable Weak               Min:  0.1, Avg:  0.1, Max:  0.1, Diff:  0.0, Sum:  0.4, Workers: 4
[542.099s][debug][gc,phases      ] GC(203)     Dead                           Min: 0, Avg:  0.0, Max: 0, Diff: 0, Sum: 0, Workers: 4
[542.099s][debug][gc,phases      ] GC(203)     Total                          Min: 10688, Avg: 12072.5, Max: 13026, Diff: 2338, Sum: 48290, Workers: 4
[542.099s][debug][gc,phases      ] GC(203)   ResolvedMethodTable Weak       Min:  0.0, Avg:  0.0, Max:  0.0, Diff:  0.0, Sum:  0.1, Workers: 4
[542.099s][debug][gc,phases      ] GC(203)     Dead                           Min: 0, Avg:  0.0, Max: 0, Diff: 0, Sum: 0, Workers: 4
[542.099s][debug][gc,phases      ] GC(203)     Total                          Min: 1984, Avg: 2139.5, Max: 2304, Diff: 320, Sum: 8558, Workers: 4
[542.099s][debug][gc,phases      ] GC(203)   JNI Weak                       Min:  0.0, Avg:  0.0, Max:  0.0, Diff:  0.0, Sum:  0.0, Workers: 4
[542.099s][debug][gc,phases      ] GC(203)     Dead                           Min: 0, Avg:  0.0, Max: 0, Diff: 0, Sum: 0, Workers: 4
[542.099s][debug][gc,phases      ] GC(203)     Total                          Min: 0, Avg:  0.0, Max: 0, Diff: 0, Sum: 0, Workers: 4
[542.099s][debug][gc,phases      ] GC(203)   StringDedup Table Weak         Min:  0.0, Avg:  0.0, Max:  0.0, Diff:  0.0, Sum:  0.0, Workers: 4
[542.099s][debug][gc,phases      ] GC(203)     Dead                           Min: 0, Avg:  0.0, Max: 0, Diff: 0, Sum: 0, Workers: 4
[542.099s][debug][gc,phases      ] GC(203)     Total                          Min: 0, Avg:  0.0, Max: 0, Diff: 0, Sum: 0, Workers: 4
[542.099s][debug][gc,phases      ] GC(203)   StringDedup Requests0 Weak     Min:  0.0, Avg:  0.0, Max:  0.0, Diff:  0.0, Sum:  0.0, Workers: 4
[542.099s][debug][gc,phases      ] GC(203)     Dead                           Min: 0, Avg:  0.0, Max: 0, Diff: 0, Sum: 0, Workers: 4
[542.099s][debug][gc,phases      ] GC(203)     Total                          Min: 0, Avg:  0.0, Max: 0, Diff: 0, Sum: 0, Workers: 4
[542.099s][debug][gc,phases      ] GC(203)   StringDedup Requests1 Weak     Min:  0.0, Avg:  0.0, Max:  0.0, Diff:  0.0, Sum:  0.0, Workers: 4
[542.099s][debug][gc,phases      ] GC(203)     Dead                           Min: 0, Avg:  0.0, Max: 0, Diff: 0, Sum: 0, Workers: 4
[542.099s][debug][gc,phases      ] GC(203)     Total                          Min: 0, Avg:  0.0, Max: 0, Diff: 0, Sum: 0, Workers: 4
[542.099s][debug][gc,phases      ] GC(203)   Weak JFR Old Object Samples    Min:  0.0, Avg:  0.0, Max:  0.0, Diff:  0.0, Sum:  0.0, Workers: 4
[542.099s][debug][gc,phases      ] GC(203)     Dead                           Min: 0, Avg:  0.0, Max: 0, Diff: 0, Sum: 0, Workers: 4
[542.099s][debug][gc,phases      ] GC(203)     Total                          Min: 0, Avg:  0.0, Max: 0, Diff: 0, Sum: 0, Workers: 4
[542.099s][debug][gc,phases      ] GC(203) Weak Processing 0.318ms
[542.099s][debug][gc,age         ] GC(203) Desired survivor size 176685056 bytes, new threshold 15 (max threshold 15)
[542.099s][info ][gc,heap        ] GC(203) PSYoungGen: 1904117K(1919488K)->136688K(1893888K) Eden: 1757184K(1757184K)->0K(1757184K) From: 146933K(162304K)->136688K(136704K)
[542.099s][info ][gc,heap        ] GC(203) ParOldGen: 806505K(931840K)->828334K(931840K)
[542.099s][info ][gc,metaspace   ] GC(203) Metaspace: 83979K(84800K)->83979K(84800K) NonClass: 72237K(72704K)->72237K(72704K) Class: 11741K(12096K)->11741K(12096K)
[542.099s][info ][gc             ] GC(203) Pause Young (Allocation Failure) 2647M->942M(2759M) 35.949ms
[542.099s][info ][gc,cpu         ] GC(203) User=0.13s Sys=0.00s Real=0.03s
[542.099s][info ][safepoint      ] Safepoint "ParallelGCFailedAllocation", Time since last: 307590319 ns, Reaching safepoint: 125403 ns, At safepoint: 36045316 ns, Total: 36170719 ns
[543.099s][info ][safepoint      ] Safepoint "Cleanup", Time since last: 1000090623 ns, Reaching safepoint: 134903 ns, At safepoint: 16601 ns, Total: 151504 ns
[543.186s][info ][gc,start       ] GC(204) Pause Young (Allocation Failure)
[543.220s][debug][gc,phases      ] GC(204) Scavenge 33.643ms
[543.220s][debug][gc,ref         ] GC(204) Skipped phase 1 of Reference Processing: no references
[543.220s][debug][gc,ref         ] GC(204) ReferenceProcessor::execute queues: 1, RefProcThreadModel::Single, marks_oops_alive: false
[543.220s][debug][gc,ref         ] GC(204) Skipped phase 3 of Reference Processing: no references
[543.220s][debug][gc,ref         ] GC(204) ReferenceProcessor::execute queues: 1, RefProcThreadModel::Single, marks_oops_alive: false
[543.220s][debug][gc,phases      ] GC(204) Reference Processing 0.131ms
[543.220s][debug][gc,phases      ] GC(204)   VM Weak                        Min:  0.0, Avg:  0.0, Max:  0.0, Diff:  0.0, Sum:  0.0, Workers: 4
[543.220s][debug][gc,phases      ] GC(204)     Dead                           Min: 0, Avg:  0.0, Max: 0, Diff: 0, Sum: 0, Workers: 4
[543.220s][debug][gc,phases      ] GC(204)     Total                          Min: 0, Avg: 177.0, Max: 708, Diff: 708, Sum: 708, Workers: 4
[543.220s][debug][gc,phases      ] GC(204)   ObjectSynchronizer Weak        Min:  0.0, Avg:  0.0, Max:  0.0, Diff:  0.0, Sum:  0.0, Workers: 4
[543.220s][debug][gc,phases      ] GC(204)     Dead                           Min: 0, Avg:  0.0, Max: 0, Diff: 0, Sum: 0, Workers: 4
[543.220s][debug][gc,phases      ] GC(204)     Total                          Min: 0, Avg: 117.0, Max: 340, Diff: 340, Sum: 468, Workers: 4
[543.220s][debug][gc,phases      ] GC(204)   JVMTI Tag Weak OopStorage      Min:  0.0, Avg:  0.0, Max:  0.0, Diff:  0.0, Sum:  0.0, Workers: 4
[543.220s][debug][gc,phases      ] GC(204)     Dead                           Min: 0, Avg:  0.0, Max: 0, Diff: 0, Sum: 0, Workers: 4
[543.220s][debug][gc,phases      ] GC(204)     Total                          Min: 0, Avg:  0.0, Max: 0, Diff: 0, Sum: 0, Workers: 4
[543.220s][debug][gc,phases      ] GC(204)   StringTable Weak               Min:  0.1, Avg:  0.1, Max:  0.1, Diff:  0.0, Sum:  0.4, Workers: 4
[543.220s][debug][gc,phases      ] GC(204)     Dead                           Min: 0, Avg:  0.0, Max: 0, Diff: 0, Sum: 0, Workers: 4
[543.220s][debug][gc,phases      ] GC(204)     Total                          Min: 11456, Avg: 12072.8, Max: 12736, Diff: 1280, Sum: 48291, Workers: 4
[543.220s][debug][gc,phases      ] GC(204)   ResolvedMethodTable Weak       Min:  0.0, Avg:  0.0, Max:  0.0, Diff:  0.0, Sum:  0.1, Workers: 4
[543.220s][debug][gc,phases      ] GC(204)     Dead                           Min: 0, Avg:  0.0, Max: 0, Diff: 0, Sum: 0, Workers: 4
[543.220s][debug][gc,phases      ] GC(204)     Total                          Min: 1920, Avg: 2142.2, Max: 2240, Diff: 320, Sum: 8569, Workers: 4
[543.220s][debug][gc,phases      ] GC(204)   JNI Weak                       Min:  0.0, Avg:  0.0, Max:  0.0, Diff:  0.0, Sum:  0.0, Workers: 4
[543.220s][debug][gc,phases      ] GC(204)     Dead                           Min: 0, Avg:  0.0, Max: 0, Diff: 0, Sum: 0, Workers: 4
[543.220s][debug][gc,phases      ] GC(204)     Total                          Min: 0, Avg:  0.0, Max: 0, Diff: 0, Sum: 0, Workers: 4
[543.220s][debug][gc,phases      ] GC(204)   StringDedup Table Weak         Min:  0.0, Avg:  0.0, Max:  0.0, Diff:  0.0, Sum:  0.0, Workers: 4
[543.220s][debug][gc,phases      ] GC(204)     Dead                           Min: 0, Avg:  0.0, Max: 0, Diff: 0, Sum: 0, Workers: 4
[543.220s][debug][gc,phases      ] GC(204)     Total                          Min: 0, Avg:  0.0, Max: 0, Diff: 0, Sum: 0, Workers: 4
[543.220s][debug][gc,phases      ] GC(204)   StringDedup Requests0 Weak     Min:  0.0, Avg:  0.0, Max:  0.0, Diff:  0.0, Sum:  0.0, Workers: 4
[543.220s][debug][gc,phases      ] GC(204)     Dead                           Min: 0, Avg:  0.0, Max: 0, Diff: 0, Sum: 0, Workers: 4
[543.220s][debug][gc,phases      ] GC(204)     Total                          Min: 0, Avg:  0.0, Max: 0, Diff: 0, Sum: 0, Workers: 4
[543.220s][debug][gc,phases      ] GC(204)   StringDedup Requests1 Weak     Min:  0.0, Avg:  0.0, Max:  0.0, Diff:  0.0, Sum:  0.0, Workers: 4
[543.220s][debug][gc,phases      ] GC(204)     Dead                           Min: 0, Avg:  0.0, Max: 0, Diff: 0, Sum: 0, Workers: 4
[543.220s][debug][gc,phases      ] GC(204)     Total                          Min: 0, Avg:  0.0, Max: 0, Diff: 0, Sum: 0, Workers: 4
[543.220s][debug][gc,phases      ] GC(204)   Weak JFR Old Object Samples    Min:  0.0, Avg:  0.0, Max:  0.0, Diff:  0.0, Sum:  0.0, Workers: 4
[543.220s][debug][gc,phases      ] GC(204)     Dead                           Min: 0, Avg:  0.0, Max: 0, Diff: 0, Sum: 0, Workers: 4
[543.220s][debug][gc,phases      ] GC(204)     Total                          Min: 0, Avg:  0.0, Max: 0, Diff: 0, Sum: 0, Workers: 4
[543.220s][debug][gc,phases      ] GC(204) Weak Processing 0.327ms
[543.220s][debug][gc,age         ] GC(204) Desired survivor size 178257920 bytes, new threshold 15 (max threshold 15)
[543.220s][info ][gc,heap        ] GC(204) PSYoungGen: 1893872K(1893888K)->138304K(1921536K) Eden: 1757184K(1757184K)->0K(1748992K) From: 136688K(136704K)->138304K(172544K)
[543.220s][info ][gc,heap        ] GC(204) ParOldGen: 828334K(931840K)->833443K(931840K)
[543.220s][info ][gc,metaspace   ] GC(204) Metaspace: 84011K(84864K)->84011K(84864K) NonClass: 72267K(72704K)->72267K(72704K) Class: 11744K(12160K)->11744K(12160K)
[543.220s][info ][gc             ] GC(204) Pause Young (Allocation Failure) 2658M->948M(2786M) 34.247ms
[543.220s][info ][gc,cpu         ] GC(204) User=0.13s Sys=0.01s Real=0.03s
[543.220s][info ][safepoint      ] Safepoint "ParallelGCFailedAllocation", Time since last: 86616701 ns, Reaching safepoint: 138304 ns, At safepoint: 34349073 ns, Total: 34487377 ns
[544.220s][info ][safepoint      ] Safepoint "Cleanup", Time since last: 1000098823 ns, Reaching safepoint: 131903 ns, At safepoint: 15301 ns, Total: 147204 ns
[544.301s][info ][gc,start       ] GC(205) Pause Young (Allocation Failure)
[544.337s][debug][gc,phases      ] GC(205) Scavenge 36.057ms
[544.337s][debug][gc,ref         ] GC(205) Skipped phase 1 of Reference Processing: no references
[544.337s][debug][gc,ref         ] GC(205) ReferenceProcessor::execute queues: 1, RefProcThreadModel::Single, marks_oops_alive: false
[544.337s][debug][gc,ref         ] GC(205) Skipped phase 3 of Reference Processing: no references
[544.337s][debug][gc,ref         ] GC(205) ReferenceProcessor::execute queues: 1, RefProcThreadModel::Single, marks_oops_alive: false
[544.337s][debug][gc,phases      ] GC(205) Reference Processing 0.139ms
[544.338s][debug][gc,phases      ] GC(205)   VM Weak                        Min:  0.0, Avg:  0.0, Max:  0.0, Diff:  0.0, Sum:  0.1, Workers: 4
[544.338s][debug][gc,phases      ] GC(205)     Dead                           Min: 0, Avg:  0.0, Max: 0, Diff: 0, Sum: 0, Workers: 4
[544.338s][debug][gc,phases      ] GC(205)     Total                          Min: 0, Avg: 178.0, Max: 448, Diff: 448, Sum: 712, Workers: 4
[544.338s][debug][gc,phases      ] GC(205)   ObjectSynchronizer Weak        Min:  0.0, Avg:  0.0, Max:  0.0, Diff:  0.0, Sum:  0.0, Workers: 4
[544.338s][debug][gc,phases      ] GC(205)     Dead                           Min: 0, Avg:  0.0, Max: 0, Diff: 0, Sum: 0, Workers: 4
[544.338s][debug][gc,phases      ] GC(205)     Total                          Min: 0, Avg: 117.0, Max: 212, Diff: 212, Sum: 468, Workers: 4
[544.338s][debug][gc,phases      ] GC(205)   JVMTI Tag Weak OopStorage      Min:  0.0, Avg:  0.0, Max:  0.0, Diff:  0.0, Sum:  0.0, Workers: 4
[544.338s][debug][gc,phases      ] GC(205)     Dead                           Min: 0, Avg:  0.0, Max: 0, Diff: 0, Sum: 0, Workers: 4
[544.338s][debug][gc,phases      ] GC(205)     Total                          Min: 0, Avg:  0.0, Max: 0, Diff: 0, Sum: 0, Workers: 4
[544.338s][debug][gc,phases      ] GC(205)   StringTable Weak               Min:  0.1, Avg:  0.1, Max:  0.1, Diff:  0.0, Sum:  0.5, Workers: 4
[544.338s][debug][gc,phases      ] GC(205)     Dead                           Min: 0, Avg:  0.2, Max: 1, Diff: 1, Sum: 1, Workers: 4
[544.338s][debug][gc,phases      ] GC(205)     Total                          Min: 11648, Avg: 12092.0, Max: 12416, Diff: 768, Sum: 48368, Workers: 4
[544.338s][debug][gc,phases      ] GC(205)   ResolvedMethodTable Weak       Min:  0.0, Avg:  0.0, Max:  0.0, Diff:  0.0, Sum:  0.1, Workers: 4
[544.338s][debug][gc,phases      ] GC(205)     Dead                           Min: 0, Avg:  0.0, Max: 0, Diff: 0, Sum: 0, Workers: 4
[544.338s][debug][gc,phases      ] GC(205)     Total                          Min: 1984, Avg: 2153.2, Max: 2405, Diff: 421, Sum: 8613, Workers: 4
[544.338s][debug][gc,phases      ] GC(205)   JNI Weak                       Min:  0.0, Avg:  0.0, Max:  0.0, Diff:  0.0, Sum:  0.0, Workers: 4
[544.338s][debug][gc,phases      ] GC(205)     Dead                           Min: 0, Avg:  0.0, Max: 0, Diff: 0, Sum: 0, Workers: 4
[544.338s][debug][gc,phases      ] GC(205)     Total                          Min: 0, Avg:  0.0, Max: 0, Diff: 0, Sum: 0, Workers: 4
[544.338s][debug][gc,phases      ] GC(205)   StringDedup Table Weak         Min:  0.0, Avg:  0.0, Max:  0.0, Diff:  0.0, Sum:  0.0, Workers: 4
[544.338s][debug][gc,phases      ] GC(205)     Dead                           Min: 0, Avg:  0.0, Max: 0, Diff: 0, Sum: 0, Workers: 4
[544.338s][debug][gc,phases      ] GC(205)     Total                          Min: 0, Avg:  0.0, Max: 0, Diff: 0, Sum: 0, Workers: 4
[544.338s][debug][gc,phases      ] GC(205)   StringDedup Requests0 Weak     Min:  0.0, Avg:  0.0, Max:  0.0, Diff:  0.0, Sum:  0.0, Workers: 4
[544.338s][debug][gc,phases      ] GC(205)     Dead                           Min: 0, Avg:  0.0, Max: 0, Diff: 0, Sum: 0, Workers: 4
[544.338s][debug][gc,phases      ] GC(205)     Total                          Min: 0, Avg:  0.0, Max: 0, Diff: 0, Sum: 0, Workers: 4
[544.338s][debug][gc,phases      ] GC(205)   StringDedup Requests1 Weak     Min:  0.0, Avg:  0.0, Max:  0.0, Diff:  0.0, Sum:  0.0, Workers: 4
[544.338s][debug][gc,phases      ] GC(205)     Dead                           Min: 0, Avg:  0.0, Max: 0, Diff: 0, Sum: 0, Workers: 4
[544.338s][debug][gc,phases      ] GC(205)     Total                          Min: 0, Avg:  0.0, Max: 0, Diff: 0, Sum: 0, Workers: 4
[544.338s][debug][gc,phases      ] GC(205)   Weak JFR Old Object Samples    Min:  0.0, Avg:  0.0, Max:  0.0, Diff:  0.0, Sum:  0.0, Workers: 4
[544.338s][debug][gc,phases      ] GC(205)     Dead                           Min: 0, Avg:  0.0, Max: 0, Diff: 0, Sum: 0, Workers: 4
[544.338s][debug][gc,phases      ] GC(205)     Total                          Min: 0, Avg:  0.0, Max: 0, Diff: 0, Sum: 0, Workers: 4
[544.338s][debug][gc,phases      ] GC(205) Weak Processing 0.363ms
[544.338s][debug][gc,age         ] GC(205) Desired survivor size 180879360 bytes, new threshold 15 (max threshold 15)
[544.338s][info ][gc,heap        ] GC(205) PSYoungGen: 1887296K(1921536K)->140896K(1890304K) Eden: 1748992K(1748992K)->0K(1748992K) From: 138304K(172544K)->140896K(141312K)
[544.338s][info ][gc,heap        ] GC(205) ParOldGen: 833443K(931840K)->839115K(931840K)
[544.338s][info ][gc,metaspace   ] GC(205) Metaspace: 84422K(85248K)->84422K(85248K) NonClass: 72625K(73088K)->72625K(73088K) Class: 11797K(12160K)->11797K(12160K)
[544.338s][info ][gc             ] GC(205) Pause Young (Allocation Failure) 2656M->957M(2756M) 36.719ms
[544.338s][info ][gc,cpu         ] GC(205) User=0.15s Sys=0.00s Real=0.04s
[544.338s][info ][safepoint      ] Safepoint "ParallelGCFailedAllocation", Time since last: 80628049 ns, Reaching safepoint: 120103 ns, At safepoint: 36815736 ns, Total: 36935839 ns
[545.338s][info ][safepoint      ] Safepoint "Cleanup", Time since last: 1000089322 ns, Reaching safepoint: 137504 ns, At safepoint: 10800 ns, Total: 148304 ns
[546.338s][info ][safepoint      ] Safepoint "Cleanup", Time since last: 1000103023 ns, Reaching safepoint: 121903 ns, At safepoint: 11000 ns, Total: 132903 ns
[547.339s][info ][safepoint      ] Safepoint "Cleanup", Time since last: 1000111323 ns, Reaching safepoint: 139504 ns, At safepoint: 11500 ns, Total: 151004 ns
[548.339s][info ][safepoint      ] Safepoint "Cleanup", Time since last: 1000095722 ns, Reaching safepoint: 134904 ns, At safepoint: 9800 ns, Total: 144704 ns
[549.339s][info ][safepoint      ] Safepoint "Cleanup", Time since last: 1000102522 ns, Reaching safepoint: 47302 ns, At safepoint: 4200 ns, Total: 51502 ns
[550.339s][info ][safepoint      ] Safepoint "Cleanup", Time since last: 1000122023 ns, Reaching safepoint: 129703 ns, At safepoint: 8400 ns, Total: 138103 ns
[551.340s][info ][safepoint      ] Safepoint "Cleanup", Time since last: 1000102922 ns, Reaching safepoint: 119903 ns, At safepoint: 9301 ns, Total: 129204 ns
[552.340s][info ][safepoint      ] Safepoint "Cleanup", Time since last: 1000091422 ns, Reaching safepoint: 49101 ns, At safepoint: 2900 ns, Total: 52001 ns
[553.340s][info ][safepoint      ] Safepoint "Cleanup", Time since last: 1000098922 ns, Reaching safepoint: 49201 ns, At safepoint: 3400 ns, Total: 52601 ns
[553.981s][info ][gc,start       ] GC(206) Pause Young (Allocation Failure)
[554.019s][debug][gc,phases      ] GC(206) Scavenge 38.098ms
[554.019s][debug][gc,ref         ] GC(206) Skipped phase 1 of Reference Processing: no references
[554.019s][debug][gc,ref         ] GC(206) ReferenceProcessor::execute queues: 1, RefProcThreadModel::Single, marks_oops_alive: false
[554.019s][debug][gc,ref         ] GC(206) Skipped phase 3 of Reference Processing: no references
[554.019s][debug][gc,ref         ] GC(206) ReferenceProcessor::execute queues: 1, RefProcThreadModel::Single, marks_oops_alive: false
[554.019s][debug][gc,phases      ] GC(206) Reference Processing 0.157ms
[554.019s][debug][gc,phases      ] GC(206)   VM Weak                        Min:  0.0, Avg:  0.0, Max:  0.0, Diff:  0.0, Sum:  0.0, Workers: 4
[554.019s][debug][gc,phases      ] GC(206)     Dead                           Min: 0, Avg:  0.0, Max: 0, Diff: 0, Sum: 0, Workers: 4
[554.019s][debug][gc,phases      ] GC(206)     Total                          Min: 0, Avg: 178.0, Max: 648, Diff: 648, Sum: 712, Workers: 4
[554.019s][debug][gc,phases      ] GC(206)   ObjectSynchronizer Weak        Min:  0.0, Avg:  0.0, Max:  0.0, Diff:  0.0, Sum:  0.0, Workers: 4
[554.019s][debug][gc,phases      ] GC(206)     Dead                           Min: 0, Avg:  0.0, Max: 0, Diff: 0, Sum: 0, Workers: 4
[554.019s][debug][gc,phases      ] GC(206)     Total                          Min: 0, Avg: 117.0, Max: 192, Diff: 192, Sum: 468, Workers: 4
[554.019s][debug][gc,phases      ] GC(206)   JVMTI Tag Weak OopStorage      Min:  0.0, Avg:  0.0, Max:  0.0, Diff:  0.0, Sum:  0.0, Workers: 4
[554.019s][debug][gc,phases      ] GC(206)     Dead                           Min: 0, Avg:  0.0, Max: 0, Diff: 0, Sum: 0, Workers: 4
[554.019s][debug][gc,phases      ] GC(206)     Total                          Min: 0, Avg:  0.0, Max: 0, Diff: 0, Sum: 0, Workers: 4
[554.019s][debug][gc,phases      ] GC(206)   StringTable Weak               Min:  0.1, Avg:  0.1, Max:  0.1, Diff:  0.0, Sum:  0.5, Workers: 4
[554.019s][debug][gc,phases      ] GC(206)     Dead                           Min: 0, Avg:  0.0, Max: 0, Diff: 0, Sum: 0, Workers: 4
[554.019s][debug][gc,phases      ] GC(206)     Total                          Min: 10800, Avg: 12092.0, Max: 13248, Diff: 2448, Sum: 48368, Workers: 4
[554.019s][debug][gc,phases      ] GC(206)   ResolvedMethodTable Weak       Min:  0.0, Avg:  0.0, Max:  0.0, Diff:  0.0, Sum:  0.1, Workers: 4
[554.019s][debug][gc,phases      ] GC(206)     Dead                           Min: 0, Avg:  0.0, Max: 0, Diff: 0, Sum: 0, Workers: 4
[554.019s][debug][gc,phases      ] GC(206)     Total                          Min: 1856, Avg: 2153.2, Max: 2277, Diff: 421, Sum: 8613, Workers: 4
[554.019s][debug][gc,phases      ] GC(206)   JNI Weak                       Min:  0.0, Avg:  0.0, Max:  0.0, Diff:  0.0, Sum:  0.0, Workers: 4
[554.019s][debug][gc,phases      ] GC(206)     Dead                           Min: 0, Avg:  0.0, Max: 0, Diff: 0, Sum: 0, Workers: 4
[554.019s][debug][gc,phases      ] GC(206)     Total                          Min: 0, Avg:  0.0, Max: 0, Diff: 0, Sum: 0, Workers: 4
[554.019s][debug][gc,phases      ] GC(206)   StringDedup Table Weak         Min:  0.0, Avg:  0.0, Max:  0.0, Diff:  0.0, Sum:  0.0, Workers: 4
[554.019s][debug][gc,phases      ] GC(206)     Dead                           Min: 0, Avg:  0.0, Max: 0, Diff: 0, Sum: 0, Workers: 4
[554.019s][debug][gc,phases      ] GC(206)     Total                          Min: 0, Avg:  0.0, Max: 0, Diff: 0, Sum: 0, Workers: 4
[554.019s][debug][gc,phases      ] GC(206)   StringDedup Requests0 Weak     Min:  0.0, Avg:  0.0, Max:  0.0, Diff:  0.0, Sum:  0.0, Workers: 4
[554.019s][debug][gc,phases      ] GC(206)     Dead                           Min: 0, Avg:  0.0, Max: 0, Diff: 0, Sum: 0, Workers: 4
[554.019s][debug][gc,phases      ] GC(206)     Total                          Min: 0, Avg:  0.0, Max: 0, Diff: 0, Sum: 0, Workers: 4
[554.019s][debug][gc,phases      ] GC(206)   StringDedup Requests1 Weak     Min:  0.0, Avg:  0.0, Max:  0.0, Diff:  0.0, Sum:  0.0, Workers: 4
[554.019s][debug][gc,phases      ] GC(206)     Dead                           Min: 0, Avg:  0.0, Max: 0, Diff: 0, Sum: 0, Workers: 4
[554.019s][debug][gc,phases      ] GC(206)     Total                          Min: 0, Avg:  0.0, Max: 0, Diff: 0, Sum: 0, Workers: 4
[554.019s][debug][gc,phases      ] GC(206)   Weak JFR Old Object Samples    Min:  0.0, Avg:  0.0, Max:  0.0, Diff:  0.0, Sum:  0.0, Workers: 4
[554.019s][debug][gc,phases      ] GC(206)     Dead                           Min: 0, Avg:  0.0, Max: 0, Diff: 0, Sum: 0, Workers: 4
[554.019s][debug][gc,phases      ] GC(206)     Total                          Min: 0, Avg:  0.0, Max: 0, Diff: 0, Sum: 0, Workers: 4
[554.019s][debug][gc,phases      ] GC(206) Weak Processing 0.377ms
[554.019s][debug][gc,age         ] GC(206) Desired survivor size 185073664 bytes, new threshold 15 (max threshold 15)
[554.020s][info ][gc,heap        ] GC(206) PSYoungGen: 1889888K(1890304K)->148497K(1912320K) Eden: 1748992K(1748992K)->0K(1735680K) From: 140896K(141312K)->148497K(176640K)
[554.020s][info ][gc,heap        ] GC(206) ParOldGen: 839115K(931840K)->846580K(931840K)
[554.020s][info ][gc,metaspace   ] GC(206) Metaspace: 84494K(85312K)->84494K(85312K) NonClass: 72697K(73152K)->72697K(73152K) Class: 11797K(12160K)->11797K(12160K)
[554.020s][info ][gc             ] GC(206) Pause Young (Allocation Failure) 2665M->971M(2777M) 38.787ms
[554.020s][info ][gc,cpu         ] GC(206) User=0.15s Sys=0.00s Real=0.04s
[554.020s][info ][safepoint      ] Safepoint "ParallelGCFailedAllocation", Time since last: 640726187 ns, Reaching safepoint: 123504 ns, At safepoint: 38892788 ns, Total: 39016292 ns
[555.020s][info ][safepoint      ] Safepoint "Cleanup", Time since last: 1000091222 ns, Reaching safepoint: 73802 ns, At safepoint: 6600 ns, Total: 80402 ns
[556.020s][info ][safepoint      ] Safepoint "Cleanup", Time since last: 1000123623 ns, Reaching safepoint: 52301 ns, At safepoint: 3700 ns, Total: 56001 ns
[557.020s][info ][safepoint      ] Safepoint "Cleanup", Time since last: 1000097122 ns, Reaching safepoint: 50801 ns, At safepoint: 3300 ns, Total: 54101 ns
[558.020s][info ][safepoint      ] Safepoint "Cleanup", Time since last: 1000096622 ns, Reaching safepoint: 62302 ns, At safepoint: 9800 ns, Total: 72102 ns
[559.020s][info ][safepoint      ] Safepoint "Cleanup", Time since last: 1000124622 ns, Reaching safepoint: 72702 ns, At safepoint: 8600 ns, Total: 81302 ns
[560.364s][info ][gc,start       ] GC(207) Pause Young (Allocation Failure)
[560.416s][debug][gc,phases      ] GC(207) Scavenge 51.479ms
[560.416s][debug][gc,ref         ] GC(207) Skipped phase 1 of Reference Processing: no references
[560.416s][debug][gc,ref         ] GC(207) ReferenceProcessor::execute queues: 1, RefProcThreadModel::Single, marks_oops_alive: false
[560.416s][debug][gc,ref         ] GC(207) Skipped phase 3 of Reference Processing: no references
[560.416s][debug][gc,ref         ] GC(207) ReferenceProcessor::execute queues: 1, RefProcThreadModel::Single, marks_oops_alive: false
[560.416s][debug][gc,phases      ] GC(207) Reference Processing 0.136ms
[560.416s][debug][gc,phases      ] GC(207)   VM Weak                        Min:  0.0, Avg:  0.0, Max:  0.0, Diff:  0.0, Sum:  0.0, Workers: 4
[560.416s][debug][gc,phases      ] GC(207)     Dead                           Min: 0, Avg:  0.0, Max: 0, Diff: 0, Sum: 0, Workers: 4
[560.416s][debug][gc,phases      ] GC(207)     Total                          Min: 0, Avg: 178.0, Max: 576, Diff: 576, Sum: 712, Workers: 4
[560.416s][debug][gc,phases      ] GC(207)   ObjectSynchronizer Weak        Min:  0.0, Avg:  0.0, Max:  0.0, Diff:  0.0, Sum:  0.0, Workers: 4
[560.416s][debug][gc,phases      ] GC(207)     Dead                           Min: 0, Avg:  0.0, Max: 0, Diff: 0, Sum: 0, Workers: 4
[560.416s][debug][gc,phases      ] GC(207)     Total                          Min: 0, Avg: 117.0, Max: 192, Diff: 192, Sum: 468, Workers: 4
[560.416s][debug][gc,phases      ] GC(207)   JVMTI Tag Weak OopStorage      Min:  0.0, Avg:  0.0, Max:  0.0, Diff:  0.0, Sum:  0.0, Workers: 4
[560.416s][debug][gc,phases      ] GC(207)     Dead                           Min: 0, Avg:  0.0, Max: 0, Diff: 0, Sum: 0, Workers: 4
[560.416s][debug][gc,phases      ] GC(207)     Total                          Min: 0, Avg:  0.0, Max: 0, Diff: 0, Sum: 0, Workers: 4
[560.416s][debug][gc,phases      ] GC(207)   StringTable Weak               Min:  0.1, Avg:  0.1, Max:  0.1, Diff:  0.0, Sum:  0.4, Workers: 4
[560.416s][debug][gc,phases      ] GC(207)     Dead                           Min: 0, Avg:  0.0, Max: 0, Diff: 0, Sum: 0, Workers: 4
[560.416s][debug][gc,phases      ] GC(207)     Total                          Min: 11008, Avg: 12093.0, Max: 12864, Diff: 1856, Sum: 48372, Workers: 4
[560.416s][debug][gc,phases      ] GC(207)   ResolvedMethodTable Weak       Min:  0.0, Avg:  0.0, Max:  0.0, Diff:  0.0, Sum:  0.1, Workers: 4
[560.416s][debug][gc,phases      ] GC(207)     Dead                           Min: 0, Avg:  0.0, Max: 0, Diff: 0, Sum: 0, Workers: 4
[560.416s][debug][gc,phases      ] GC(207)     Total                          Min: 2048, Avg: 2155.8, Max: 2368, Diff: 320, Sum: 8623, Workers: 4
[560.416s][debug][gc,phases      ] GC(207)   JNI Weak                       Min:  0.0, Avg:  0.0, Max:  0.0, Diff:  0.0, Sum:  0.0, Workers: 4
[560.416s][debug][gc,phases      ] GC(207)     Dead                           Min: 0, Avg:  0.0, Max: 0, Diff: 0, Sum: 0, Workers: 4
[560.416s][debug][gc,phases      ] GC(207)     Total                          Min: 0, Avg:  0.0, Max: 0, Diff: 0, Sum: 0, Workers: 4
[560.416s][debug][gc,phases      ] GC(207)   StringDedup Table Weak         Min:  0.0, Avg:  0.0, Max:  0.0, Diff:  0.0, Sum:  0.0, Workers: 4
[560.416s][debug][gc,phases      ] GC(207)     Dead                           Min: 0, Avg:  0.0, Max: 0, Diff: 0, Sum: 0, Workers: 4
[560.416s][debug][gc,phases      ] GC(207)     Total                          Min: 0, Avg:  0.0, Max: 0, Diff: 0, Sum: 0, Workers: 4
[560.416s][debug][gc,phases      ] GC(207)   StringDedup Requests0 Weak     Min:  0.0, Avg:  0.0, Max:  0.0, Diff:  0.0, Sum:  0.0, Workers: 4
[560.416s][debug][gc,phases      ] GC(207)     Dead                           Min: 0, Avg:  0.0, Max: 0, Diff: 0, Sum: 0, Workers: 4
[560.416s][debug][gc,phases      ] GC(207)     Total                          Min: 0, Avg:  0.0, Max: 0, Diff: 0, Sum: 0, Workers: 4
[560.416s][debug][gc,phases      ] GC(207)   StringDedup Requests1 Weak     Min:  0.0, Avg:  0.0, Max:  0.0, Diff:  0.0, Sum:  0.0, Workers: 4
[560.416s][debug][gc,phases      ] GC(207)     Dead                           Min: 0, Avg:  0.0, Max: 0, Diff: 0, Sum: 0, Workers: 4
[560.416s][debug][gc,phases      ] GC(207)     Total                          Min: 0, Avg:  0.0, Max: 0, Diff: 0, Sum: 0, Workers: 4
[560.417s][debug][gc,phases      ] GC(207)   Weak JFR Old Object Samples    Min:  0.0, Avg:  0.0, Max:  0.0, Diff:  0.0, Sum:  0.0, Workers: 4
[560.417s][debug][gc,phases      ] GC(207)     Dead                           Min: 0, Avg:  0.0, Max: 0, Diff: 0, Sum: 0, Workers: 4
[560.417s][debug][gc,phases      ] GC(207)     Total                          Min: 0, Avg:  0.0, Max: 0, Diff: 0, Sum: 0, Workers: 4
[560.417s][debug][gc,phases      ] GC(207) Weak Processing 0.337ms
[560.417s][debug][gc,age         ] GC(207) Desired survivor size 198180864 bytes, new threshold 15 (max threshold 15)
[560.417s][info ][gc,heap        ] GC(207) PSYoungGen: 1884177K(1912320K)->174881K(1910784K) Eden: 1735680K(1735680K)->0K(1735680K) From: 148497K(176640K)->174881K(175104K)
[560.417s][info ][gc,heap        ] GC(207) ParOldGen: 846580K(931840K)->855402K(931840K)
[560.417s][info ][gc,metaspace   ] GC(207) Metaspace: 84540K(85376K)->84540K(85376K) NonClass: 72739K(73216K)->72739K(73216K) Class: 11801K(12160K)->11801K(12160K)
[560.417s][info ][gc             ] GC(207) Pause Young (Allocation Failure) 2666M->1006M(2776M) 52.086ms
[560.417s][info ][gc,cpu         ] GC(207) User=0.19s Sys=0.02s Real=0.05s
[560.417s][info ][safepoint      ] Safepoint "ParallelGCFailedAllocation", Time since last: 1343772758 ns, Reaching safepoint: 199905 ns, At safepoint: 52179927 ns, Total: 52379832 ns
[561.751s][info ][safepoint      ] Safepoint "Cleanup", Time since last: 1334171613 ns, Reaching safepoint: 70302 ns, At safepoint: 6900 ns, Total: 77202 ns
[564.751s][info ][safepoint      ] Safepoint "Cleanup", Time since last: 3000236663 ns, Reaching safepoint: 64002 ns, At safepoint: 11100 ns, Total: 75102 ns
[567.752s][info ][safepoint      ] Safepoint "Cleanup", Time since last: 3000255363 ns, Reaching safepoint: 86702 ns, At safepoint: 11200 ns, Total: 97902 ns
[568.752s][info ][safepoint      ] Safepoint "Cleanup", Time since last: 1000121722 ns, Reaching safepoint: 68402 ns, At safepoint: 11900 ns, Total: 80302 ns
[571.752s][info ][safepoint      ] Safepoint "Cleanup", Time since last: 3000204961 ns, Reaching safepoint: 64002 ns, At safepoint: 8700 ns, Total: 72702 ns
[575.752s][info ][safepoint      ] Safepoint "Cleanup", Time since last: 4000349982 ns, Reaching safepoint: 51402 ns, At safepoint: 3800 ns, Total: 55202 ns
[583.753s][info ][safepoint      ] Safepoint "Cleanup", Time since last: 8000626560 ns, Reaching safepoint: 60002 ns, At safepoint: 4400 ns, Total: 64402 ns
[584.753s][info ][safepoint      ] Safepoint "Cleanup", Time since last: 1000139021 ns, Reaching safepoint: 58401 ns, At safepoint: 6901 ns, Total: 65302 ns
[585.754s][info ][safepoint      ] Safepoint "Cleanup", Time since last: 1000117420 ns, Reaching safepoint: 79602 ns, At safepoint: 10501 ns, Total: 90103 ns
[586.754s][info ][safepoint      ] Safepoint "Cleanup", Time since last: 1000109920 ns, Reaching safepoint: 54201 ns, At safepoint: 4201 ns, Total: 58402 ns
[591.754s][info ][safepoint      ] Safepoint "Cleanup", Time since last: 5000359496 ns, Reaching safepoint: 54602 ns, At safepoint: 10500 ns, Total: 65102 ns
[593.754s][info ][safepoint      ] Safepoint "Cleanup", Time since last: 2000200940 ns, Reaching safepoint: 60401 ns, At safepoint: 6100 ns, Total: 66501 ns
[597.755s][info ][safepoint      ] Safepoint "Cleanup", Time since last: 4000323177 ns, Reaching safepoint: 128603 ns, At safepoint: 11401 ns, Total: 140004 ns
[600.179s][info ][gc,start       ] GC(208) Pause Young (Allocation Failure)
[600.212s][debug][gc,phases      ] GC(208) Scavenge 33.410ms
[600.212s][debug][gc,ref         ] GC(208) Skipped phase 1 of Reference Processing: no references
[600.212s][debug][gc,ref         ] GC(208) ReferenceProcessor::execute queues: 1, RefProcThreadModel::Single, marks_oops_alive: false
[600.212s][debug][gc,ref         ] GC(208) Skipped phase 3 of Reference Processing: no references
[600.212s][debug][gc,ref         ] GC(208) ReferenceProcessor::execute queues: 1, RefProcThreadModel::Single, marks_oops_alive: false
[600.212s][debug][gc,phases      ] GC(208) Reference Processing 0.147ms
[600.213s][debug][gc,phases      ] GC(208)   VM Weak                        Min:  0.0, Avg:  0.0, Max:  0.0, Diff:  0.0, Sum:  0.0, Workers: 4
[600.213s][debug][gc,phases      ] GC(208)     Dead                           Min: 0, Avg:  0.0, Max: 0, Diff: 0, Sum: 0, Workers: 4
[600.213s][debug][gc,phases      ] GC(208)     Total                          Min: 0, Avg: 178.0, Max: 648, Diff: 648, Sum: 712, Workers: 4
[600.213s][debug][gc,phases      ] GC(208)   ObjectSynchronizer Weak        Min:  0.0, Avg:  0.0, Max:  0.0, Diff:  0.0, Sum:  0.0, Workers: 4
[600.213s][debug][gc,phases      ] GC(208)     Dead                           Min: 0, Avg:  0.0, Max: 0, Diff: 0, Sum: 0, Workers: 4
[600.213s][debug][gc,phases      ] GC(208)     Total                          Min: 64, Avg: 117.5, Max: 192, Diff: 128, Sum: 470, Workers: 4
[600.213s][debug][gc,phases      ] GC(208)   JVMTI Tag Weak OopStorage      Min:  0.0, Avg:  0.0, Max:  0.0, Diff:  0.0, Sum:  0.0, Workers: 4
[600.213s][debug][gc,phases      ] GC(208)     Dead                           Min: 0, Avg:  0.0, Max: 0, Diff: 0, Sum: 0, Workers: 4
[600.213s][debug][gc,phases      ] GC(208)     Total                          Min: 0, Avg:  0.0, Max: 0, Diff: 0, Sum: 0, Workers: 4
[600.213s][debug][gc,phases      ] GC(208)   StringTable Weak               Min:  0.1, Avg:  0.1, Max:  0.2, Diff:  0.0, Sum:  0.5, Workers: 4
[600.213s][debug][gc,phases      ] GC(208)     Dead                           Min: 0, Avg:  0.2, Max: 1, Diff: 1, Sum: 1, Workers: 4
[600.213s][debug][gc,phases      ] GC(208)     Total                          Min: 7680, Avg: 12094.0, Max: 14008, Diff: 6328, Sum: 48376, Workers: 4
[600.213s][debug][gc,phases      ] GC(208)   ResolvedMethodTable Weak       Min:  0.0, Avg:  0.0, Max:  0.0, Diff:  0.0, Sum:  0.1, Workers: 4
[600.213s][debug][gc,phases      ] GC(208)     Dead                           Min: 0, Avg:  0.0, Max: 0, Diff: 0, Sum: 0, Workers: 4
[600.213s][debug][gc,phases      ] GC(208)     Total                          Min: 64, Avg: 2156.8, Max: 3123, Diff: 3059, Sum: 8627, Workers: 4
[600.213s][debug][gc,phases      ] GC(208)   JNI Weak                       Min:  0.0, Avg:  0.0, Max:  0.0, Diff:  0.0, Sum:  0.0, Workers: 4
[600.213s][debug][gc,phases      ] GC(208)     Dead                           Min: 0, Avg:  0.0, Max: 0, Diff: 0, Sum: 0, Workers: 4
[600.213s][debug][gc,phases      ] GC(208)     Total                          Min: 0, Avg:  0.0, Max: 0, Diff: 0, Sum: 0, Workers: 4
[600.213s][debug][gc,phases      ] GC(208)   StringDedup Table Weak         Min:  0.0, Avg:  0.0, Max:  0.0, Diff:  0.0, Sum:  0.0, Workers: 4
[600.213s][debug][gc,phases      ] GC(208)     Dead                           Min: 0, Avg:  0.0, Max: 0, Diff: 0, Sum: 0, Workers: 4
[600.213s][debug][gc,phases      ] GC(208)     Total                          Min: 0, Avg:  0.0, Max: 0, Diff: 0, Sum: 0, Workers: 4
[600.213s][debug][gc,phases      ] GC(208)   StringDedup Requests0 Weak     Min:  0.0, Avg:  0.0, Max:  0.0, Diff:  0.0, Sum:  0.0, Workers: 4
[600.213s][debug][gc,phases      ] GC(208)     Dead                           Min: 0, Avg:  0.0, Max: 0, Diff: 0, Sum: 0, Workers: 4
[600.213s][debug][gc,phases      ] GC(208)     Total                          Min: 0, Avg:  0.0, Max: 0, Diff: 0, Sum: 0, Workers: 4
[600.213s][debug][gc,phases      ] GC(208)   StringDedup Requests1 Weak     Min:  0.0, Avg:  0.0, Max:  0.0, Diff:  0.0, Sum:  0.0, Workers: 4
[600.213s][debug][gc,phases      ] GC(208)     Dead                           Min: 0, Avg:  0.0, Max: 0, Diff: 0, Sum: 0, Workers: 4
[600.213s][debug][gc,phases      ] GC(208)     Total                          Min: 0, Avg:  0.0, Max: 0, Diff: 0, Sum: 0, Workers: 4
[600.213s][debug][gc,phases      ] GC(208)   Weak JFR Old Object Samples    Min:  0.0, Avg:  0.0, Max:  0.0, Diff:  0.0, Sum:  0.0, Workers: 4
[600.213s][debug][gc,phases      ] GC(208)     Dead                           Min: 0, Avg:  0.0, Max: 0, Diff: 0, Sum: 0, Workers: 4
[600.213s][debug][gc,phases      ] GC(208)     Total                          Min: 0, Avg:  0.0, Max: 0, Diff: 0, Sum: 0, Workers: 4
[600.213s][debug][gc,phases      ] GC(208) Weak Processing 0.368ms
[600.213s][debug][gc,age         ] GC(208) Desired survivor size 191889408 bytes, new threshold 15 (max threshold 15)
[600.213s][info ][gc,heap        ] GC(208) PSYoungGen: 1910561K(1910784K)->129585K(1908736K) Eden: 1735680K(1735680K)->0K(1722368K) From: 174881K(175104K)->129585K(186368K)
[600.213s][info ][gc,heap        ] GC(208) ParOldGen: 855402K(931840K)->862799K(931840K)
[600.213s][info ][gc,metaspace   ] GC(208) Metaspace: 84556K(85376K)->84556K(85376K) NonClass: 72754K(73216K)->72754K(73216K) Class: 11802K(12160K)->11802K(12160K)
[600.213s][info ][gc             ] GC(208) Pause Young (Allocation Failure) 2701M->969M(2774M) 34.071ms
[600.213s][info ][gc,cpu         ] GC(208) User=0.13s Sys=0.01s Real=0.03s
[600.213s][info ][safepoint      ] Safepoint "ParallelGCFailedAllocation", Time since last: 2423750104 ns, Reaching safepoint: 147904 ns, At safepoint: 34174968 ns, Total: 34322872 ns
[601.213s][info ][safepoint      ] Safepoint "Cleanup", Time since last: 1000090820 ns, Reaching safepoint: 67501 ns, At safepoint: 6400 ns, Total: 73901 ns
[602.213s][info ][safepoint      ] Safepoint "Cleanup", Time since last: 1000117020 ns, Reaching safepoint: 58902 ns, At safepoint: 4400 ns, Total: 63302 ns
[606.214s][info ][safepoint      ] Safepoint "Cleanup", Time since last: 4000312174 ns, Reaching safepoint: 56202 ns, At safepoint: 5000 ns, Total: 61202 ns
[608.214s][info ][safepoint      ] Safepoint "Cleanup", Time since last: 2000179738 ns, Reaching safepoint: 59501 ns, At safepoint: 3500 ns, Total: 63001 ns
[609.214s][info ][safepoint      ] Safepoint "Cleanup", Time since last: 1000110519 ns, Reaching safepoint: 56902 ns, At safepoint: 25801 ns, Total: 82703 ns
[610.214s][info ][safepoint      ] Safepoint "Cleanup", Time since last: 1000097718 ns, Reaching safepoint: 58502 ns, At safepoint: 5500 ns, Total: 64002 ns
[611.214s][info ][safepoint      ] Safepoint "Cleanup", Time since last: 1000113019 ns, Reaching safepoint: 121203 ns, At safepoint: 7000 ns, Total: 128203 ns
[612.215s][info ][safepoint      ] Safepoint "Cleanup", Time since last: 1000105819 ns, Reaching safepoint: 99803 ns, At safepoint: 7500 ns, Total: 107303 ns
[612.282s][info ][gc,start       ] GC(209) Pause Young (Allocation Failure)
[612.312s][debug][gc,phases      ] GC(209) Scavenge 29.760ms
[612.312s][debug][gc,ref         ] GC(209) Skipped phase 1 of Reference Processing: no references
[612.312s][debug][gc,ref         ] GC(209) ReferenceProcessor::execute queues: 1, RefProcThreadModel::Single, marks_oops_alive: false
[612.312s][debug][gc,ref         ] GC(209) Skipped phase 3 of Reference Processing: no references
[612.312s][debug][gc,ref         ] GC(209) ReferenceProcessor::execute queues: 1, RefProcThreadModel::Single, marks_oops_alive: false
[612.312s][debug][gc,phases      ] GC(209) Reference Processing 0.139ms
[612.312s][debug][gc,phases      ] GC(209)   VM Weak                        Min:  0.0, Avg:  0.0, Max:  0.0, Diff:  0.0, Sum:  0.0, Workers: 4
[612.312s][debug][gc,phases      ] GC(209)     Dead                           Min: 0, Avg:  0.0, Max: 0, Diff: 0, Sum: 0, Workers: 4
[612.312s][debug][gc,phases      ] GC(209)     Total                          Min: 0, Avg: 178.0, Max: 328, Diff: 328, Sum: 712, Workers: 4
[612.312s][debug][gc,phases      ] GC(209)   ObjectSynchronizer Weak        Min:  0.0, Avg:  0.0, Max:  0.0, Diff:  0.0, Sum:  0.0, Workers: 4
[612.312s][debug][gc,phases      ] GC(209)     Dead                           Min: 0, Avg:  0.0, Max: 0, Diff: 0, Sum: 0, Workers: 4
[612.312s][debug][gc,phases      ] GC(209)     Total                          Min: 0, Avg: 117.5, Max: 214, Diff: 214, Sum: 470, Workers: 4
[612.312s][debug][gc,phases      ] GC(209)   JVMTI Tag Weak OopStorage      Min:  0.0, Avg:  0.0, Max:  0.0, Diff:  0.0, Sum:  0.0, Workers: 4
[612.312s][debug][gc,phases      ] GC(209)     Dead                           Min: 0, Avg:  0.0, Max: 0, Diff: 0, Sum: 0, Workers: 4
[612.312s][debug][gc,phases      ] GC(209)     Total                          Min: 0, Avg:  0.0, Max: 0, Diff: 0, Sum: 0, Workers: 4
[612.312s][debug][gc,phases      ] GC(209)   StringTable Weak               Min:  0.1, Avg:  0.1, Max:  0.1, Diff:  0.0, Sum:  0.5, Workers: 4
[612.312s][debug][gc,phases      ] GC(209)     Dead                           Min: 0, Avg:  0.0, Max: 0, Diff: 0, Sum: 0, Workers: 4
[612.312s][debug][gc,phases      ] GC(209)     Total                          Min: 10944, Avg: 12101.5, Max: 13312, Diff: 2368, Sum: 48406, Workers: 4
[612.312s][debug][gc,phases      ] GC(209)   ResolvedMethodTable Weak       Min:  0.0, Avg:  0.0, Max:  0.0, Diff:  0.0, Sum:  0.1, Workers: 4
[612.312s][debug][gc,phases      ] GC(209)     Dead                           Min: 0, Avg:  0.0, Max: 0, Diff: 0, Sum: 0, Workers: 4
[612.312s][debug][gc,phases      ] GC(209)     Total                          Min: 1920, Avg: 2158.8, Max: 2427, Diff: 507, Sum: 8635, Workers: 4
[612.312s][debug][gc,phases      ] GC(209)   JNI Weak                       Min:  0.0, Avg:  0.0, Max:  0.0, Diff:  0.0, Sum:  0.0, Workers: 4
[612.312s][debug][gc,phases      ] GC(209)     Dead                           Min: 0, Avg:  0.0, Max: 0, Diff: 0, Sum: 0, Workers: 4
[612.312s][debug][gc,phases      ] GC(209)     Total                          Min: 0, Avg:  0.0, Max: 0, Diff: 0, Sum: 0, Workers: 4
[612.312s][debug][gc,phases      ] GC(209)   StringDedup Table Weak         Min:  0.0, Avg:  0.0, Max:  0.0, Diff:  0.0, Sum:  0.0, Workers: 4
[612.312s][debug][gc,phases      ] GC(209)     Dead                           Min: 0, Avg:  0.0, Max: 0, Diff: 0, Sum: 0, Workers: 4
[612.312s][debug][gc,phases      ] GC(209)     Total                          Min: 0, Avg:  0.0, Max: 0, Diff: 0, Sum: 0, Workers: 4
[612.312s][debug][gc,phases      ] GC(209)   StringDedup Requests0 Weak     Min:  0.0, Avg:  0.0, Max:  0.0, Diff:  0.0, Sum:  0.0, Workers: 4
[612.312s][debug][gc,phases      ] GC(209)     Dead                           Min: 0, Avg:  0.0, Max: 0, Diff: 0, Sum: 0, Workers: 4
[612.312s][debug][gc,phases      ] GC(209)     Total                          Min: 0, Avg:  0.0, Max: 0, Diff: 0, Sum: 0, Workers: 4
[612.312s][debug][gc,phases      ] GC(209)   StringDedup Requests1 Weak     Min:  0.0, Avg:  0.0, Max:  0.0, Diff:  0.0, Sum:  0.0, Workers: 4
[612.312s][debug][gc,phases      ] GC(209)     Dead                           Min: 0, Avg:  0.0, Max: 0, Diff: 0, Sum: 0, Workers: 4
[612.312s][debug][gc,phases      ] GC(209)     Total                          Min: 0, Avg:  0.0, Max: 0, Diff: 0, Sum: 0, Workers: 4
[612.312s][debug][gc,phases      ] GC(209)   Weak JFR Old Object Samples    Min:  0.0, Avg:  0.0, Max:  0.0, Diff:  0.0, Sum:  0.0, Workers: 4
[612.312s][debug][gc,phases      ] GC(209)     Dead                           Min: 0, Avg:  0.0, Max: 0, Diff: 0, Sum: 0, Workers: 4
[612.312s][debug][gc,phases      ] GC(209)     Total                          Min: 0, Avg:  0.0, Max: 0, Diff: 0, Sum: 0, Workers: 4
[612.312s][debug][gc,phases      ] GC(209) Weak Processing 0.375ms
[612.312s][debug][gc,age         ] GC(209) Desired survivor size 186122240 bytes, new threshold 15 (max threshold 15)
[612.312s][info ][gc,heap        ] GC(209) PSYoungGen: 1851953K(1908736K)->128417K(1909760K) Eden: 1722368K(1722368K)->0K(1722368K) From: 129585K(186368K)->128417K(187392K)
[612.312s][info ][gc,heap        ] GC(209) ParOldGen: 862799K(931840K)->873201K(931840K)
[612.312s][info ][gc,metaspace   ] GC(209) Metaspace: 84649K(85504K)->84649K(85504K) NonClass: 72840K(73280K)->72840K(73280K) Class: 11809K(12224K)->11809K(12224K)
[612.312s][info ][gc             ] GC(209) Pause Young (Allocation Failure) 2651M->978M(2775M) 30.411ms
[612.312s][info ][gc,cpu         ] GC(209) User=0.12s Sys=0.00s Real=0.02s
[612.312s][info ][safepoint      ] Safepoint "ParallelGCFailedAllocation", Time since last: 67066005 ns, Reaching safepoint: 101602 ns, At safepoint: 30498375 ns, Total: 30599977 ns
[613.313s][info ][safepoint      ] Safepoint "Cleanup", Time since last: 1000086619 ns, Reaching safepoint: 119103 ns, At safepoint: 7400 ns, Total: 126503 ns
[614.313s][info ][safepoint      ] Safepoint "Cleanup", Time since last: 1000100519 ns, Reaching safepoint: 53301 ns, At safepoint: 6100 ns, Total: 59401 ns
[615.973s][info ][safepoint      ] Safepoint "Cleanup", Time since last: 1660662408 ns, Reaching safepoint: 70602 ns, At safepoint: 20200 ns, Total: 90802 ns
[616.974s][info ][safepoint      ] Safepoint "Cleanup", Time since last: 1000068418 ns, Reaching safepoint: 59001 ns, At safepoint: 4601 ns, Total: 63602 ns
[617.974s][info ][safepoint      ] Safepoint "Cleanup", Time since last: 1000105618 ns, Reaching safepoint: 49501 ns, At safepoint: 3701 ns, Total: 53202 ns
[619.974s][info ][safepoint      ] Safepoint "Cleanup", Time since last: 2000172736 ns, Reaching safepoint: 29800 ns, At safepoint: 3801 ns, Total: 33601 ns
[620.974s][info ][safepoint      ] Safepoint "Cleanup", Time since last: 1000110218 ns, Reaching safepoint: 48701 ns, At safepoint: 3601 ns, Total: 52302 ns
[622.974s][info ][safepoint      ] Safepoint "Cleanup", Time since last: 2000178035 ns, Reaching safepoint: 49702 ns, At safepoint: 13900 ns, Total: 63602 ns
[623.975s][info ][safepoint      ] Safepoint "Cleanup", Time since last: 1000102318 ns, Reaching safepoint: 61002 ns, At safepoint: 9000 ns, Total: 70002 ns
[625.975s][info ][safepoint      ] Safepoint "Cleanup", Time since last: 2000173836 ns, Reaching safepoint: 58101 ns, At safepoint: 8900 ns, Total: 67001 ns
[639.976s][info ][safepoint      ] Safepoint "Cleanup", Time since last: 14000916636 ns, Reaching safepoint: 47601 ns, At safepoint: 25301 ns, Total: 72902 ns
[641.976s][info ][safepoint      ] Safepoint "Cleanup", Time since last: 2000159033 ns, Reaching safepoint: 46101 ns, At safepoint: 4101 ns, Total: 50202 ns
[643.976s][info ][safepoint      ] Safepoint "Cleanup", Time since last: 2000209634 ns, Reaching safepoint: 121203 ns, At safepoint: 9001 ns, Total: 130204 ns
[644.977s][info ][safepoint      ] Safepoint "Cleanup", Time since last: 1000105117 ns, Reaching safepoint: 85202 ns, At safepoint: 9400 ns, Total: 94602 ns
[645.977s][info ][safepoint      ] Safepoint "Cleanup", Time since last: 1000107017 ns, Reaching safepoint: 124504 ns, At safepoint: 7800 ns, Total: 132304 ns
[646.977s][info ][safepoint      ] Safepoint "Cleanup", Time since last: 1000109617 ns, Reaching safepoint: 136003 ns, At safepoint: 12601 ns, Total: 148604 ns
[647.977s][info ][safepoint      ] Safepoint "Cleanup", Time since last: 1000095917 ns, Reaching safepoint: 120803 ns, At safepoint: 11100 ns, Total: 131903 ns
[648.978s][info ][safepoint      ] Safepoint "Cleanup", Time since last: 1000107517 ns, Reaching safepoint: 150004 ns, At safepoint: 11400 ns, Total: 161404 ns
[649.978s][info ][safepoint      ] Safepoint "Cleanup", Time since last: 1000119718 ns, Reaching safepoint: 125903 ns, At safepoint: 7000 ns, Total: 132903 ns
[650.978s][info ][safepoint      ] Safepoint "Cleanup", Time since last: 1000117217 ns, Reaching safepoint: 128804 ns, At safepoint: 10500 ns, Total: 139304 ns
[651.082s][info ][gc,start       ] GC(210) Pause Young (Allocation Failure)
[651.111s][debug][gc,phases      ] GC(210) Scavenge 29.735ms
[651.111s][debug][gc,ref         ] GC(210) Skipped phase 1 of Reference Processing: no references
[651.111s][debug][gc,ref         ] GC(210) ReferenceProcessor::execute queues: 1, RefProcThreadModel::Single, marks_oops_alive: false
[651.111s][debug][gc,ref         ] GC(210) Skipped phase 3 of Reference Processing: no references
[651.111s][debug][gc,ref         ] GC(210) ReferenceProcessor::execute queues: 1, RefProcThreadModel::Single, marks_oops_alive: false
[651.112s][debug][gc,phases      ] GC(210) Reference Processing 0.127ms
[651.112s][debug][gc,phases      ] GC(210)   VM Weak                        Min:  0.0, Avg:  0.0, Max:  0.0, Diff:  0.0, Sum:  0.0, Workers: 4
[651.112s][debug][gc,phases      ] GC(210)     Dead                           Min: 0, Avg:  0.0, Max: 0, Diff: 0, Sum: 0, Workers: 4
[651.112s][debug][gc,phases      ] GC(210)     Total                          Min: 72, Avg: 178.0, Max: 256, Diff: 184, Sum: 712, Workers: 4
[651.112s][debug][gc,phases      ] GC(210)   ObjectSynchronizer Weak        Min:  0.0, Avg:  0.0, Max:  0.0, Diff:  0.0, Sum:  0.0, Workers: 4
[651.112s][debug][gc,phases      ] GC(210)     Dead                           Min: 0, Avg:  0.0, Max: 0, Diff: 0, Sum: 0, Workers: 4
[651.112s][debug][gc,phases      ] GC(210)     Total                          Min: 64, Avg: 117.5, Max: 192, Diff: 128, Sum: 470, Workers: 4
[651.112s][debug][gc,phases      ] GC(210)   JVMTI Tag Weak OopStorage      Min:  0.0, Avg:  0.0, Max:  0.0, Diff:  0.0, Sum:  0.0, Workers: 4
[651.112s][debug][gc,phases      ] GC(210)     Dead                           Min: 0, Avg:  0.0, Max: 0, Diff: 0, Sum: 0, Workers: 4
[651.112s][debug][gc,phases      ] GC(210)     Total                          Min: 0, Avg:  0.0, Max: 0, Diff: 0, Sum: 0, Workers: 4
[651.112s][debug][gc,phases      ] GC(210)   StringTable Weak               Min:  0.1, Avg:  0.1, Max:  0.1, Diff:  0.0, Sum:  0.5, Workers: 4
[651.112s][debug][gc,phases      ] GC(210)     Dead                           Min: 0, Avg:  0.2, Max: 1, Diff: 1, Sum: 1, Workers: 4
[651.112s][debug][gc,phases      ] GC(210)     Total                          Min: 11520, Avg: 12111.5, Max: 12864, Diff: 1344, Sum: 48446, Workers: 4
[651.112s][debug][gc,phases      ] GC(210)   ResolvedMethodTable Weak       Min:  0.0, Avg:  0.0, Max:  0.0, Diff:  0.0, Sum:  0.1, Workers: 4
[651.112s][debug][gc,phases      ] GC(210)     Dead                           Min: 0, Avg:  0.0, Max: 0, Diff: 0, Sum: 0, Workers: 4
[651.112s][debug][gc,phases      ] GC(210)     Total                          Min: 1857, Avg: 2160.2, Max: 2304, Diff: 447, Sum: 8641, Workers: 4
[651.112s][debug][gc,phases      ] GC(210)   JNI Weak                       Min:  0.0, Avg:  0.0, Max:  0.0, Diff:  0.0, Sum:  0.0, Workers: 4
[651.112s][debug][gc,phases      ] GC(210)     Dead                           Min: 0, Avg:  0.0, Max: 0, Diff: 0, Sum: 0, Workers: 4
[651.112s][debug][gc,phases      ] GC(210)     Total                          Min: 0, Avg:  0.0, Max: 0, Diff: 0, Sum: 0, Workers: 4
[651.112s][debug][gc,phases      ] GC(210)   StringDedup Table Weak         Min:  0.0, Avg:  0.0, Max:  0.0, Diff:  0.0, Sum:  0.0, Workers: 4
[651.112s][debug][gc,phases      ] GC(210)     Dead                           Min: 0, Avg:  0.0, Max: 0, Diff: 0, Sum: 0, Workers: 4
[651.112s][debug][gc,phases      ] GC(210)     Total                          Min: 0, Avg:  0.0, Max: 0, Diff: 0, Sum: 0, Workers: 4
[651.112s][debug][gc,phases      ] GC(210)   StringDedup Requests0 Weak     Min:  0.0, Avg:  0.0, Max:  0.0, Diff:  0.0, Sum:  0.0, Workers: 4
[651.112s][debug][gc,phases      ] GC(210)     Dead                           Min: 0, Avg:  0.0, Max: 0, Diff: 0, Sum: 0, Workers: 4
[651.112s][debug][gc,phases      ] GC(210)     Total                          Min: 0, Avg:  0.0, Max: 0, Diff: 0, Sum: 0, Workers: 4
[651.112s][debug][gc,phases      ] GC(210)   StringDedup Requests1 Weak     Min:  0.0, Avg:  0.0, Max:  0.0, Diff:  0.0, Sum:  0.0, Workers: 4
[651.112s][debug][gc,phases      ] GC(210)     Dead                           Min: 0, Avg:  0.0, Max: 0, Diff: 0, Sum: 0, Workers: 4
[651.112s][debug][gc,phases      ] GC(210)     Total                          Min: 0, Avg:  0.0, Max: 0, Diff: 0, Sum: 0, Workers: 4
[651.112s][debug][gc,phases      ] GC(210)   Weak JFR Old Object Samples    Min:  0.0, Avg:  0.0, Max:  0.0, Diff:  0.0, Sum:  0.0, Workers: 4
[651.112s][debug][gc,phases      ] GC(210)     Dead                           Min: 0, Avg:  0.0, Max: 0, Diff: 0, Sum: 0, Workers: 4
[651.112s][debug][gc,phases      ] GC(210)     Total                          Min: 0, Avg:  0.0, Max: 0, Diff: 0, Sum: 0, Workers: 4
[651.112s][debug][gc,phases      ] GC(210) Weak Processing 0.354ms
[651.112s][debug][gc,age         ] GC(210) Desired survivor size 182976512 bytes, new threshold 15 (max threshold 15)
[651.112s][info ][gc,heap        ] GC(210) PSYoungGen: 1850785K(1909760K)->120049K(1918464K) Eden: 1722368K(1722368K)->0K(1736704K) From: 128417K(187392K)->120049K(181760K)
[651.112s][info ][gc,heap        ] GC(210) ParOldGen: 873201K(931840K)->883081K(931840K)
[651.112s][info ][gc,metaspace   ] GC(210) Metaspace: 84722K(85568K)->84722K(85568K) NonClass: 72909K(73344K)->72909K(73344K) Class: 11812K(12224K)->11812K(12224K)
[651.112s][info ][gc             ] GC(210) Pause Young (Allocation Failure) 2660M->979M(2783M) 30.369ms
[651.112s][info ][gc,cpu         ] GC(210) User=0.12s Sys=0.00s Real=0.02s
[651.112s][info ][safepoint      ] Safepoint "ParallelGCFailedAllocation", Time since last: 103342626 ns, Reaching safepoint: 117703 ns, At safepoint: 30460474 ns, Total: 30578177 ns
[652.112s][info ][safepoint      ] Safepoint "Cleanup", Time since last: 1000089917 ns, Reaching safepoint: 63301 ns, At safepoint: 8501 ns, Total: 71802 ns
[653.112s][info ][safepoint      ] Safepoint "Cleanup", Time since last: 1000143317 ns, Reaching safepoint: 71102 ns, At safepoint: 11801 ns, Total: 82903 ns
[654.113s][info ][safepoint      ] Safepoint "Cleanup", Time since last: 1000110116 ns, Reaching safepoint: 46102 ns, At safepoint: 4200 ns, Total: 50302 ns
[655.113s][info ][safepoint      ] Safepoint "Cleanup", Time since last: 1000126617 ns, Reaching safepoint: 56101 ns, At safepoint: 10501 ns, Total: 66602 ns
[658.113s][info ][safepoint      ] Safepoint "Cleanup", Time since last: 3000243948 ns, Reaching safepoint: 57901 ns, At safepoint: 11001 ns, Total: 68902 ns
[659.113s][info ][safepoint      ] Safepoint "Cleanup", Time since last: 1000108616 ns, Reaching safepoint: 46801 ns, At safepoint: 3100 ns, Total: 49901 ns
[660.113s][info ][safepoint      ] Safepoint "Cleanup", Time since last: 1000092817 ns, Reaching safepoint: 42701 ns, At safepoint: 2800 ns, Total: 45501 ns
[661.113s][info ][safepoint      ] Safepoint "Cleanup", Time since last: 1000098216 ns, Reaching safepoint: 61402 ns, At safepoint: 22800 ns, Total: 84202 ns
[662.114s][info ][safepoint      ] Safepoint "Cleanup", Time since last: 1000052215 ns, Reaching safepoint: 53602 ns, At safepoint: 6300 ns, Total: 59902 ns
[663.114s][info ][safepoint      ] Safepoint "Cleanup", Time since last: 1000110016 ns, Reaching safepoint: 57502 ns, At safepoint: 8600 ns, Total: 66102 ns
[664.114s][info ][safepoint      ] Safepoint "Cleanup", Time since last: 1000103516 ns, Reaching safepoint: 50702 ns, At safepoint: 3200 ns, Total: 53902 ns
[667.114s][info ][safepoint      ] Safepoint "Cleanup", Time since last: 3000220546 ns, Reaching safepoint: 51101 ns, At safepoint: 4200 ns, Total: 55301 ns
[670.115s][info ][safepoint      ] Safepoint "Cleanup", Time since last: 3000204946 ns, Reaching safepoint: 73601 ns, At safepoint: 11701 ns, Total: 85302 ns
[671.115s][info ][safepoint      ] Safepoint "Cleanup", Time since last: 1000100316 ns, Reaching safepoint: 51601 ns, At safepoint: 4700 ns, Total: 56301 ns
[673.115s][info ][safepoint      ] Safepoint "Cleanup", Time since last: 2000164331 ns, Reaching safepoint: 44401 ns, At safepoint: 3800 ns, Total: 48201 ns
[681.115s][info ][safepoint      ] Safepoint "Cleanup", Time since last: 8000521017 ns, Reaching safepoint: 51401 ns, At safepoint: 5700 ns, Total: 57101 ns
[683.116s][info ][safepoint      ] Safepoint "Cleanup", Time since last: 2000174730 ns, Reaching safepoint: 50802 ns, At safepoint: 4300 ns, Total: 55102 ns
[684.116s][info ][safepoint      ] Safepoint "Cleanup", Time since last: 1000119216 ns, Reaching safepoint: 225505 ns, At safepoint: 7800 ns, Total: 233305 ns
[690.117s][info ][safepoint      ] Safepoint "Cleanup", Time since last: 6000435387 ns, Reaching safepoint: 60701 ns, At safepoint: 10900 ns, Total: 71601 ns
[691.486s][info ][gc,start       ] GC(211) Pause Young (Allocation Failure)
[691.514s][debug][gc,phases      ] GC(211) Scavenge 27.239ms
[691.514s][debug][gc,ref         ] GC(211) Skipped phase 1 of Reference Processing: no references
[691.514s][debug][gc,ref         ] GC(211) ReferenceProcessor::execute queues: 1, RefProcThreadModel::Single, marks_oops_alive: false
[691.514s][debug][gc,ref         ] GC(211) Skipped phase 3 of Reference Processing: no references
[691.514s][debug][gc,ref         ] GC(211) ReferenceProcessor::execute queues: 1, RefProcThreadModel::Single, marks_oops_alive: false
[691.514s][debug][gc,phases      ] GC(211) Reference Processing 0.150ms
[691.514s][debug][gc,phases      ] GC(211)   VM Weak                        Min:  0.0, Avg:  0.0, Max:  0.0, Diff:  0.0, Sum:  0.0, Workers: 4
[691.514s][debug][gc,phases      ] GC(211)     Dead                           Min: 0, Avg:  0.0, Max: 0, Diff: 0, Sum: 0, Workers: 4
[691.514s][debug][gc,phases      ] GC(211)     Total                          Min: 0, Avg: 179.0, Max: 448, Diff: 448, Sum: 716, Workers: 4
[691.514s][debug][gc,phases      ] GC(211)   ObjectSynchronizer Weak        Min:  0.0, Avg:  0.0, Max:  0.0, Diff:  0.0, Sum:  0.0, Workers: 4
[691.514s][debug][gc,phases      ] GC(211)     Dead                           Min: 0, Avg:  0.0, Max: 0, Diff: 0, Sum: 0, Workers: 4
[691.514s][debug][gc,phases      ] GC(211)     Total                          Min: 22, Avg: 117.5, Max: 192, Diff: 170, Sum: 470, Workers: 4
[691.514s][debug][gc,phases      ] GC(211)   JVMTI Tag Weak OopStorage      Min:  0.0, Avg:  0.0, Max:  0.0, Diff:  0.0, Sum:  0.0, Workers: 4
[691.514s][debug][gc,phases      ] GC(211)     Dead                           Min: 0, Avg:  0.0, Max: 0, Diff: 0, Sum: 0, Workers: 4
[691.514s][debug][gc,phases      ] GC(211)     Total                          Min: 0, Avg:  0.0, Max: 0, Diff: 0, Sum: 0, Workers: 4
[691.514s][debug][gc,phases      ] GC(211)   StringTable Weak               Min:  0.1, Avg:  0.1, Max:  0.1, Diff:  0.0, Sum:  0.4, Workers: 4
[691.514s][debug][gc,phases      ] GC(211)     Dead                           Min: 0, Avg:  0.0, Max: 0, Diff: 0, Sum: 0, Workers: 4
[691.514s][debug][gc,phases      ] GC(211)     Total                          Min: 11712, Avg: 12114.2, Max: 12672, Diff: 960, Sum: 48457, Workers: 4
[691.514s][debug][gc,phases      ] GC(211)   ResolvedMethodTable Weak       Min:  0.0, Avg:  0.0, Max:  0.0, Diff:  0.0, Sum:  0.1, Workers: 4
[691.514s][debug][gc,phases      ] GC(211)     Dead                           Min: 0, Avg:  0.0, Max: 0, Diff: 0, Sum: 0, Workers: 4
[691.514s][debug][gc,phases      ] GC(211)     Total                          Min: 2048, Avg: 2163.8, Max: 2255, Diff: 207, Sum: 8655, Workers: 4
[691.514s][debug][gc,phases      ] GC(211)   JNI Weak                       Min:  0.0, Avg:  0.0, Max:  0.0, Diff:  0.0, Sum:  0.0, Workers: 4
[691.514s][debug][gc,phases      ] GC(211)     Dead                           Min: 0, Avg:  0.0, Max: 0, Diff: 0, Sum: 0, Workers: 4
[691.514s][debug][gc,phases      ] GC(211)     Total                          Min: 0, Avg:  0.0, Max: 0, Diff: 0, Sum: 0, Workers: 4
[691.514s][debug][gc,phases      ] GC(211)   StringDedup Table Weak         Min:  0.0, Avg:  0.0, Max:  0.0, Diff:  0.0, Sum:  0.0, Workers: 4
[691.514s][debug][gc,phases      ] GC(211)     Dead                           Min: 0, Avg:  0.0, Max: 0, Diff: 0, Sum: 0, Workers: 4
[691.514s][debug][gc,phases      ] GC(211)     Total                          Min: 0, Avg:  0.0, Max: 0, Diff: 0, Sum: 0, Workers: 4
[691.514s][debug][gc,phases      ] GC(211)   StringDedup Requests0 Weak     Min:  0.0, Avg:  0.0, Max:  0.0, Diff:  0.0, Sum:  0.0, Workers: 4
[691.514s][debug][gc,phases      ] GC(211)     Dead                           Min: 0, Avg:  0.0, Max: 0, Diff: 0, Sum: 0, Workers: 4
[691.514s][debug][gc,phases      ] GC(211)     Total                          Min: 0, Avg:  0.0, Max: 0, Diff: 0, Sum: 0, Workers: 4
[691.514s][debug][gc,phases      ] GC(211)   StringDedup Requests1 Weak     Min:  0.0, Avg:  0.0, Max:  0.0, Diff:  0.0, Sum:  0.0, Workers: 4
[691.514s][debug][gc,phases      ] GC(211)     Dead                           Min: 0, Avg:  0.0, Max: 0, Diff: 0, Sum: 0, Workers: 4
[691.514s][debug][gc,phases      ] GC(211)     Total                          Min: 0, Avg:  0.0, Max: 0, Diff: 0, Sum: 0, Workers: 4
[691.514s][debug][gc,phases      ] GC(211)   Weak JFR Old Object Samples    Min:  0.0, Avg:  0.0, Max:  0.0, Diff:  0.0, Sum:  0.0, Workers: 4
[691.514s][debug][gc,phases      ] GC(211)     Dead                           Min: 0, Avg:  0.0, Max: 0, Diff: 0, Sum: 0, Workers: 4
[691.514s][debug][gc,phases      ] GC(211)     Total                          Min: 0, Avg:  0.0, Max: 0, Diff: 0, Sum: 0, Workers: 4
[691.514s][debug][gc,phases      ] GC(211) Weak Processing 0.360ms
[691.514s][debug][gc,age         ] GC(211) Desired survivor size 180879360 bytes, new threshold 15 (max threshold 15)
[691.514s][info ][gc,heap        ] GC(211) PSYoungGen: 1856753K(1918464K)->111137K(1915392K) Eden: 1736704K(1736704K)->0K(1736704K) From: 120049K(181760K)->111137K(178688K)
[691.514s][info ][gc,heap        ] GC(211) ParOldGen: 883081K(931840K)->892447K(931840K)
[691.514s][info ][gc,metaspace   ] GC(211) Metaspace: 84773K(85632K)->84773K(85632K) NonClass: 72956K(73408K)->72956K(73408K) Class: 11816K(12224K)->11816K(12224K)
[691.514s][info ][gc             ] GC(211) Pause Young (Allocation Failure) 2675M->980M(2780M) 27.900ms
[691.514s][info ][gc,cpu         ] GC(211) User=0.11s Sys=0.00s Real=0.03s
[691.514s][info ][safepoint      ] Safepoint "ParallelGCFailedAllocation", Time since last: 1369806310 ns, Reaching safepoint: 43302 ns, At safepoint: 28002811 ns, Total: 28046113 ns
[695.515s][info ][safepoint      ] Safepoint "Cleanup", Time since last: 4000307457 ns, Reaching safepoint: 56201 ns, At safepoint: 13001 ns, Total: 69202 ns
[698.515s][info ][safepoint      ] Safepoint "Cleanup", Time since last: 3000224942 ns, Reaching safepoint: 62601 ns, At safepoint: 7200 ns, Total: 69801 ns
[699.515s][info ][safepoint      ] Safepoint "Cleanup", Time since last: 1000113815 ns, Reaching safepoint: 53302 ns, At safepoint: 4200 ns, Total: 57502 ns
[704.516s][info ][safepoint      ] Safepoint "Cleanup", Time since last: 5000335767 ns, Reaching safepoint: 51902 ns, At safepoint: 4200 ns, Total: 56102 ns
[707.516s][info ][safepoint      ] Safepoint "Cleanup", Time since last: 3000273142 ns, Reaching safepoint: 134703 ns, At safepoint: 12901 ns, Total: 147604 ns
[711.516s][info ][safepoint      ] Safepoint "Cleanup", Time since last: 4000337954 ns, Reaching safepoint: 61402 ns, At safepoint: 7900 ns, Total: 69302 ns
[712.517s][info ][safepoint      ] Safepoint "Cleanup", Time since last: 1000104014 ns, Reaching safepoint: 83802 ns, At safepoint: 11600 ns, Total: 95402 ns
[713.517s][info ][safepoint      ] Safepoint "Cleanup", Time since last: 1000111515 ns, Reaching safepoint: 52201 ns, At safepoint: 5300 ns, Total: 57501 ns
[714.517s][info ][safepoint      ] Safepoint "Cleanup", Time since last: 1000098714 ns, Reaching safepoint: 73802 ns, At safepoint: 5900 ns, Total: 79702 ns
[719.517s][info ][safepoint      ] Safepoint "Cleanup", Time since last: 5000409366 ns, Reaching safepoint: 53802 ns, At safepoint: 6400 ns, Total: 60202 ns
[724.518s][info ][safepoint      ] Safepoint "Cleanup", Time since last: 5000377164 ns, Reaching safepoint: 70702 ns, At safepoint: 6600 ns, Total: 77302 ns
[733.519s][info ][safepoint      ] Safepoint "Cleanup", Time since last: 9000660013 ns, Reaching safepoint: 65802 ns, At safepoint: 12700 ns, Total: 78502 ns
[734.519s][info ][safepoint      ] Safepoint "Cleanup", Time since last: 1000112413 ns, Reaching safepoint: 63702 ns, At safepoint: 11600 ns, Total: 75302 ns
[738.135s][info ][safepoint      ] Safepoint "ParallelGCFailedAllocation", Time since last: 3615569473 ns, Reaching safepoint: 110303 ns, At safepoint: 16300 ns, Total: 126603 ns
[738.135s][info ][gc,start       ] GC(212) Pause Young (GCLocker Initiated GC)
[738.164s][debug][gc,phases      ] GC(212) Scavenge 29.303ms
[738.165s][debug][gc,ref         ] GC(212) Skipped phase 1 of Reference Processing: no references
[738.165s][debug][gc,ref         ] GC(212) ReferenceProcessor::execute queues: 1, RefProcThreadModel::Single, marks_oops_alive: false
[738.165s][debug][gc,ref         ] GC(212) Skipped phase 3 of Reference Processing: no references
[738.165s][debug][gc,ref         ] GC(212) ReferenceProcessor::execute queues: 1, RefProcThreadModel::Single, marks_oops_alive: false
[738.165s][debug][gc,phases      ] GC(212) Reference Processing 0.151ms
[738.165s][debug][gc,phases      ] GC(212)   VM Weak                        Min:  0.0, Avg:  0.0, Max:  0.0, Diff:  0.0, Sum:  0.0, Workers: 4
[738.165s][debug][gc,phases      ] GC(212)     Dead                           Min: 0, Avg:  0.0, Max: 0, Diff: 0, Sum: 0, Workers: 4
[738.165s][debug][gc,phases      ] GC(212)     Total                          Min: 0, Avg: 179.0, Max: 524, Diff: 524, Sum: 716, Workers: 4
[738.165s][debug][gc,phases      ] GC(212)   ObjectSynchronizer Weak        Min:  0.0, Avg:  0.0, Max:  0.0, Diff:  0.0, Sum:  0.0, Workers: 4
[738.165s][debug][gc,phases      ] GC(212)     Dead                           Min: 0, Avg:  0.0, Max: 0, Diff: 0, Sum: 0, Workers: 4
[738.165s][debug][gc,phases      ] GC(212)     Total                          Min: 0, Avg: 117.5, Max: 192, Diff: 192, Sum: 470, Workers: 4
[738.165s][debug][gc,phases      ] GC(212)   JVMTI Tag Weak OopStorage      Min:  0.0, Avg:  0.0, Max:  0.0, Diff:  0.0, Sum:  0.0, Workers: 4
[738.165s][debug][gc,phases      ] GC(212)     Dead                           Min: 0, Avg:  0.0, Max: 0, Diff: 0, Sum: 0, Workers: 4
[738.165s][debug][gc,phases      ] GC(212)     Total                          Min: 0, Avg:  0.0, Max: 0, Diff: 0, Sum: 0, Workers: 4
[738.165s][debug][gc,phases      ] GC(212)   StringTable Weak               Min:  0.1, Avg:  0.1, Max:  0.1, Diff:  0.0, Sum:  0.5, Workers: 4
[738.165s][debug][gc,phases      ] GC(212)     Dead                           Min: 0, Avg:  0.0, Max: 0, Diff: 0, Sum: 0, Workers: 4
[738.165s][debug][gc,phases      ] GC(212)     Total                          Min: 11533, Avg: 12115.2, Max: 12480, Diff: 947, Sum: 48461, Workers: 4
[738.165s][debug][gc,phases      ] GC(212)   ResolvedMethodTable Weak       Min:  0.0, Avg:  0.0, Max:  0.0, Diff:  0.0, Sum:  0.1, Workers: 4
[738.165s][debug][gc,phases      ] GC(212)     Dead                           Min: 0, Avg:  0.0, Max: 0, Diff: 0, Sum: 0, Workers: 4
[738.165s][debug][gc,phases      ] GC(212)     Total                          Min: 2048, Avg: 2164.5, Max: 2304, Diff: 256, Sum: 8658, Workers: 4
[738.165s][debug][gc,phases      ] GC(212)   JNI Weak                       Min:  0.0, Avg:  0.0, Max:  0.0, Diff:  0.0, Sum:  0.0, Workers: 4
[738.165s][debug][gc,phases      ] GC(212)     Dead                           Min: 0, Avg:  0.0, Max: 0, Diff: 0, Sum: 0, Workers: 4
[738.165s][debug][gc,phases      ] GC(212)     Total                          Min: 0, Avg:  0.0, Max: 0, Diff: 0, Sum: 0, Workers: 4
[738.165s][debug][gc,phases      ] GC(212)   StringDedup Table Weak         Min:  0.0, Avg:  0.0, Max:  0.0, Diff:  0.0, Sum:  0.0, Workers: 4
[738.165s][debug][gc,phases      ] GC(212)     Dead                           Min: 0, Avg:  0.0, Max: 0, Diff: 0, Sum: 0, Workers: 4
[738.165s][debug][gc,phases      ] GC(212)     Total                          Min: 0, Avg:  0.0, Max: 0, Diff: 0, Sum: 0, Workers: 4
[738.165s][debug][gc,phases      ] GC(212)   StringDedup Requests0 Weak     Min:  0.0, Avg:  0.0, Max:  0.0, Diff:  0.0, Sum:  0.0, Workers: 4
[738.165s][debug][gc,phases      ] GC(212)     Dead                           Min: 0, Avg:  0.0, Max: 0, Diff: 0, Sum: 0, Workers: 4
[738.165s][debug][gc,phases      ] GC(212)     Total                          Min: 0, Avg:  0.0, Max: 0, Diff: 0, Sum: 0, Workers: 4
[738.165s][debug][gc,phases      ] GC(212)   StringDedup Requests1 Weak     Min:  0.0, Avg:  0.0, Max:  0.0, Diff:  0.0, Sum:  0.0, Workers: 4
[738.165s][debug][gc,phases      ] GC(212)     Dead                           Min: 0, Avg:  0.0, Max: 0, Diff: 0, Sum: 0, Workers: 4
[738.165s][debug][gc,phases      ] GC(212)     Total                          Min: 0, Avg:  0.0, Max: 0, Diff: 0, Sum: 0, Workers: 4
[738.165s][debug][gc,phases      ] GC(212)   Weak JFR Old Object Samples    Min:  0.0, Avg:  0.0, Max:  0.0, Diff:  0.0, Sum:  0.0, Workers: 4
[738.165s][debug][gc,phases      ] GC(212)     Dead                           Min: 0, Avg:  0.0, Max: 0, Diff: 0, Sum: 0, Workers: 4
[738.165s][debug][gc,phases      ] GC(212)     Total                          Min: 0, Avg:  0.0, Max: 0, Diff: 0, Sum: 0, Workers: 4
[738.165s][debug][gc,phases      ] GC(212) Weak Processing 0.363ms
[738.165s][debug][gc,age         ] GC(212) Desired survivor size 180355072 bytes, new threshold 15 (max threshold 15)
[738.165s][info ][gc,heap        ] GC(212) PSYoungGen: 1847841K(1915392K)->99957K(1921024K) Eden: 1736704K(1736704K)->0K(1744384K) From: 111137K(178688K)->99957K(176640K)
[738.165s][info ][gc,heap        ] GC(212) ParOldGen: 892703K(931840K)->903844K(931840K)
[738.165s][info ][gc,metaspace   ] GC(212) Metaspace: 84807K(85632K)->84807K(85632K) NonClass: 72986K(73408K)->72986K(73408K) Class: 11821K(12224K)->11821K(12224K)
[738.165s][info ][gc             ] GC(212) Pause Young (GCLocker Initiated GC) 2676M->980M(2786M) 29.939ms
[738.165s][info ][gc,cpu         ] GC(212) User=0.12s Sys=0.00s Real=0.03s
[738.165s][info ][safepoint      ] Safepoint "ParallelGCSystemGC", Time since last: 461512 ns, Reaching safepoint: 87602 ns, At safepoint: 30017263 ns, Total: 30104865 ns
[742.166s][info ][safepoint      ] Safepoint "Cleanup", Time since last: 4000320849 ns, Reaching safepoint: 70702 ns, At safepoint: 13300 ns, Total: 84002 ns
[745.166s][info ][safepoint      ] Safepoint "Cleanup", Time since last: 3000275737 ns, Reaching safepoint: 59702 ns, At safepoint: 9300 ns, Total: 69002 ns
[746.166s][info ][safepoint      ] Safepoint "Cleanup", Time since last: 1000098812 ns, Reaching safepoint: 49902 ns, At safepoint: 6500 ns, Total: 56402 ns
[766.793s][info ][safepoint      ] Safepoint "Cleanup", Time since last: 20627183927 ns, Reaching safepoint: 52301 ns, At safepoint: 5900 ns, Total: 58201 ns
[767.793s][info ][safepoint      ] Safepoint "Cleanup", Time since last: 1000107312 ns, Reaching safepoint: 82502 ns, At safepoint: 6300 ns, Total: 88802 ns
[771.794s][info ][safepoint      ] Safepoint "Cleanup", Time since last: 4000336245 ns, Reaching safepoint: 51901 ns, At safepoint: 7700 ns, Total: 59601 ns
[772.794s][info ][safepoint      ] Safepoint "Cleanup", Time since last: 1000118912 ns, Reaching safepoint: 42501 ns, At safepoint: 5700 ns, Total: 48201 ns
[774.794s][info ][safepoint      ] Safepoint "Cleanup", Time since last: 2000196023 ns, Reaching safepoint: 50001 ns, At safepoint: 11501 ns, Total: 61502 ns
[775.794s][info ][safepoint      ] Safepoint "Cleanup", Time since last: 1000102711 ns, Reaching safepoint: 45701 ns, At safepoint: 4100 ns, Total: 49801 ns
[781.795s][info ][safepoint      ] Safepoint "Cleanup", Time since last: 6000464764 ns, Reaching safepoint: 45501 ns, At safepoint: 3000 ns, Total: 48501 ns
[786.795s][info ][safepoint      ] Safepoint "Cleanup", Time since last: 5000378352 ns, Reaching safepoint: 49901 ns, At safepoint: 4300 ns, Total: 54201 ns
[786.853s][info ][gc,start       ] GC(213) Pause Young (Allocation Failure)
[786.879s][debug][gc,phases      ] GC(213) Scavenge 26.109ms
[786.879s][debug][gc,ref         ] GC(213) Skipped phase 1 of Reference Processing: no references
[786.879s][debug][gc,ref         ] GC(213) ReferenceProcessor::execute queues: 1, RefProcThreadModel::Single, marks_oops_alive: false
[786.879s][debug][gc,ref         ] GC(213) Skipped phase 3 of Reference Processing: no references
[786.879s][debug][gc,ref         ] GC(213) ReferenceProcessor::execute queues: 1, RefProcThreadModel::Single, marks_oops_alive: false
[786.879s][debug][gc,phases      ] GC(213) Reference Processing 0.181ms
[786.879s][debug][gc,phases      ] GC(213)   VM Weak                        Min:  0.0, Avg:  0.0, Max:  0.0, Diff:  0.0, Sum:  0.0, Workers: 4
[786.879s][debug][gc,phases      ] GC(213)     Dead                           Min: 0, Avg:  0.0, Max: 0, Diff: 0, Sum: 0, Workers: 4
[786.879s][debug][gc,phases      ] GC(213)     Total                          Min: 0, Avg: 179.0, Max: 332, Diff: 332, Sum: 716, Workers: 4
[786.879s][debug][gc,phases      ] GC(213)   ObjectSynchronizer Weak        Min:  0.0, Avg:  0.0, Max:  0.0, Diff:  0.0, Sum:  0.0, Workers: 4
[786.879s][debug][gc,phases      ] GC(213)     Dead                           Min: 0, Avg:  0.0, Max: 0, Diff: 0, Sum: 0, Workers: 4
[786.879s][debug][gc,phases      ] GC(213)     Total                          Min: 0, Avg: 117.5, Max: 192, Diff: 192, Sum: 470, Workers: 4
[786.879s][debug][gc,phases      ] GC(213)   JVMTI Tag Weak OopStorage      Min:  0.0, Avg:  0.0, Max:  0.0, Diff:  0.0, Sum:  0.0, Workers: 4
[786.879s][debug][gc,phases      ] GC(213)     Dead                           Min: 0, Avg:  0.0, Max: 0, Diff: 0, Sum: 0, Workers: 4
[786.879s][debug][gc,phases      ] GC(213)     Total                          Min: 0, Avg:  0.0, Max: 0, Diff: 0, Sum: 0, Workers: 4
[786.879s][debug][gc,phases      ] GC(213)   StringTable Weak               Min:  0.1, Avg:  0.1, Max:  0.1, Diff:  0.0, Sum:  0.5, Workers: 4
[786.879s][debug][gc,phases      ] GC(213)     Dead                           Min: 0, Avg:  0.0, Max: 0, Diff: 0, Sum: 0, Workers: 4
[786.879s][debug][gc,phases      ] GC(213)     Total                          Min: 11605, Avg: 12117.2, Max: 12608, Diff: 1003, Sum: 48469, Workers: 4
[786.879s][debug][gc,phases      ] GC(213)   ResolvedMethodTable Weak       Min:  0.0, Avg:  0.0, Max:  0.0, Diff:  0.0, Sum:  0.1, Workers: 4
[786.879s][debug][gc,phases      ] GC(213)     Dead                           Min: 0, Avg:  0.0, Max: 0, Diff: 0, Sum: 0, Workers: 4
[786.879s][debug][gc,phases      ] GC(213)     Total                          Min: 1920, Avg: 2166.2, Max: 2393, Diff: 473, Sum: 8665, Workers: 4
[786.879s][debug][gc,phases      ] GC(213)   JNI Weak                       Min:  0.0, Avg:  0.0, Max:  0.0, Diff:  0.0, Sum:  0.0, Workers: 4
[786.879s][debug][gc,phases      ] GC(213)     Dead                           Min: 0, Avg:  0.0, Max: 0, Diff: 0, Sum: 0, Workers: 4
[786.879s][debug][gc,phases      ] GC(213)     Total                          Min: 0, Avg:  0.0, Max: 0, Diff: 0, Sum: 0, Workers: 4
[786.879s][debug][gc,phases      ] GC(213)   StringDedup Table Weak         Min:  0.0, Avg:  0.0, Max:  0.0, Diff:  0.0, Sum:  0.0, Workers: 4
[786.879s][debug][gc,phases      ] GC(213)     Dead                           Min: 0, Avg:  0.0, Max: 0, Diff: 0, Sum: 0, Workers: 4
[786.879s][debug][gc,phases      ] GC(213)     Total                          Min: 0, Avg:  0.0, Max: 0, Diff: 0, Sum: 0, Workers: 4
[786.879s][debug][gc,phases      ] GC(213)   StringDedup Requests0 Weak     Min:  0.0, Avg:  0.0, Max:  0.0, Diff:  0.0, Sum:  0.0, Workers: 4
[786.879s][debug][gc,phases      ] GC(213)     Dead                           Min: 0, Avg:  0.0, Max: 0, Diff: 0, Sum: 0, Workers: 4
[786.879s][debug][gc,phases      ] GC(213)     Total                          Min: 0, Avg:  0.0, Max: 0, Diff: 0, Sum: 0, Workers: 4
[786.879s][debug][gc,phases      ] GC(213)   StringDedup Requests1 Weak     Min:  0.0, Avg:  0.0, Max:  0.0, Diff:  0.0, Sum:  0.0, Workers: 4
[786.879s][debug][gc,phases      ] GC(213)     Dead                           Min: 0, Avg:  0.0, Max: 0, Diff: 0, Sum: 0, Workers: 4
[786.879s][debug][gc,phases      ] GC(213)     Total                          Min: 0, Avg:  0.0, Max: 0, Diff: 0, Sum: 0, Workers: 4
[786.879s][debug][gc,phases      ] GC(213)   Weak JFR Old Object Samples    Min:  0.0, Avg:  0.0, Max:  0.0, Diff:  0.0, Sum:  0.0, Workers: 4
[786.879s][debug][gc,phases      ] GC(213)     Dead                           Min: 0, Avg:  0.0, Max: 0, Diff: 0, Sum: 0, Workers: 4
[786.879s][debug][gc,phases      ] GC(213)     Total                          Min: 0, Avg:  0.0, Max: 0, Diff: 0, Sum: 0, Workers: 4
[786.879s][debug][gc,phases      ] GC(213) Weak Processing 0.324ms
[786.879s][debug][gc,age         ] GC(213) Desired survivor size 180879360 bytes, new threshold 15 (max threshold 15)
[786.879s][info ][gc,heap        ] GC(213) PSYoungGen: 1844341K(1921024K)->92432K(1920512K) Eden: 1744384K(1744384K)->0K(1744384K) From: 99957K(176640K)->92432K(176128K)
[786.879s][info ][gc,heap        ] GC(213) ParOldGen: 903962K(931840K)->912735K(931840K)
[786.879s][info ][gc,metaspace   ] GC(213) Metaspace: 84860K(85696K)->84860K(85696K) NonClass: 73035K(73472K)->73035K(73472K) Class: 11824K(12224K)->11824K(12224K)
[786.879s][info ][gc             ] GC(213) Pause Young (Allocation Failure) 2683M->981M(2785M) 26.750ms
[786.879s][info ][gc,cpu         ] GC(213) User=0.09s Sys=0.00s Real=0.03s
[786.879s][info ][safepoint      ] Safepoint "ParallelGCFailedAllocation", Time since last: 57116752 ns, Reaching safepoint: 27400 ns, At safepoint: 26831682 ns, Total: 26859082 ns
[797.880s][info ][safepoint      ] Safepoint "Cleanup", Time since last: 11000809410 ns, Reaching safepoint: 148804 ns, At safepoint: 11100 ns, Total: 159904 ns
[803.881s][info ][safepoint      ] Safepoint "Cleanup", Time since last: 6000545761 ns, Reaching safepoint: 143704 ns, At safepoint: 12500 ns, Total: 156204 ns
[805.881s][info ][safepoint      ] Safepoint "Cleanup", Time since last: 2000216321 ns, Reaching safepoint: 142303 ns, At safepoint: 7800 ns, Total: 150103 ns
[806.882s][info ][safepoint      ] Safepoint "Cleanup", Time since last: 1000108511 ns, Reaching safepoint: 126003 ns, At safepoint: 7100 ns, Total: 133103 ns
[808.882s][info ][safepoint      ] Safepoint "Cleanup", Time since last: 2000180620 ns, Reaching safepoint: 122603 ns, At safepoint: 8900 ns, Total: 131503 ns
[815.883s][info ][safepoint      ] Safepoint "Cleanup", Time since last: 7000563566 ns, Reaching safepoint: 164004 ns, At safepoint: 13901 ns, Total: 177905 ns
[819.883s][info ][safepoint      ] Safepoint "Cleanup", Time since last: 4000303936 ns, Reaching safepoint: 52102 ns, At safepoint: 5500 ns, Total: 57602 ns
[820.883s][info ][safepoint      ] Safepoint "Cleanup", Time since last: 1000065309 ns, Reaching safepoint: 46101 ns, At safepoint: 3500 ns, Total: 49601 ns
[823.883s][info ][safepoint      ] Safepoint "Cleanup", Time since last: 3000261028 ns, Reaching safepoint: 42101 ns, At safepoint: 5800 ns, Total: 47901 ns
[825.884s][info ][safepoint      ] Safepoint "Cleanup", Time since last: 2000180118 ns, Reaching safepoint: 56802 ns, At safepoint: 7600 ns, Total: 64402 ns
[832.884s][info ][safepoint      ] Safepoint "Cleanup", Time since last: 7000502560 ns, Reaching safepoint: 51201 ns, At safepoint: 5701 ns, Total: 56902 ns
[836.829s][info ][gc,start       ] GC(214) Pause Young (Allocation Failure)
[836.854s][debug][gc,phases      ] GC(214) Scavenge 24.887ms
[836.854s][debug][gc,ref         ] GC(214) Skipped phase 1 of Reference Processing: no references
[836.854s][debug][gc,ref         ] GC(214) ReferenceProcessor::execute queues: 1, RefProcThreadModel::Single, marks_oops_alive: false
[836.854s][debug][gc,ref         ] GC(214) Skipped phase 3 of Reference Processing: no references
[836.854s][debug][gc,ref         ] GC(214) ReferenceProcessor::execute queues: 1, RefProcThreadModel::Single, marks_oops_alive: false
[836.854s][debug][gc,phases      ] GC(214) Reference Processing 0.135ms
[836.854s][debug][gc,phases      ] GC(214)   VM Weak                        Min:  0.0, Avg:  0.0, Max:  0.0, Diff:  0.0, Sum:  0.0, Workers: 4
[836.854s][debug][gc,phases      ] GC(214)     Dead                           Min: 0, Avg:  0.0, Max: 0, Diff: 0, Sum: 0, Workers: 4
[836.854s][debug][gc,phases      ] GC(214)     Total                          Min: 0, Avg: 179.0, Max: 320, Diff: 320, Sum: 716, Workers: 4
[836.854s][debug][gc,phases      ] GC(214)   ObjectSynchronizer Weak        Min:  0.0, Avg:  0.0, Max:  0.0, Diff:  0.0, Sum:  0.0, Workers: 4
[836.854s][debug][gc,phases      ] GC(214)     Dead                           Min: 0, Avg:  0.0, Max: 0, Diff: 0, Sum: 0, Workers: 4
[836.854s][debug][gc,phases      ] GC(214)     Total                          Min: 0, Avg: 117.5, Max: 192, Diff: 192, Sum: 470, Workers: 4
[836.854s][debug][gc,phases      ] GC(214)   JVMTI Tag Weak OopStorage      Min:  0.0, Avg:  0.0, Max:  0.0, Diff:  0.0, Sum:  0.0, Workers: 4
[836.854s][debug][gc,phases      ] GC(214)     Dead                           Min: 0, Avg:  0.0, Max: 0, Diff: 0, Sum: 0, Workers: 4
[836.854s][debug][gc,phases      ] GC(214)     Total                          Min: 0, Avg:  0.0, Max: 0, Diff: 0, Sum: 0, Workers: 4
[836.854s][debug][gc,phases      ] GC(214)   StringTable Weak               Min:  0.1, Avg:  0.1, Max:  0.1, Diff:  0.0, Sum:  0.5, Workers: 4
[836.854s][debug][gc,phases      ] GC(214)     Dead                           Min: 0, Avg:  0.0, Max: 0, Diff: 0, Sum: 0, Workers: 4
[836.854s][debug][gc,phases      ] GC(214)     Total                          Min: 10944, Avg: 12117.2, Max: 12928, Diff: 1984, Sum: 48469, Workers: 4
[836.854s][debug][gc,phases      ] GC(214)   ResolvedMethodTable Weak       Min:  0.0, Avg:  0.0, Max:  0.0, Diff:  0.0, Sum:  0.1, Workers: 4
[836.854s][debug][gc,phases      ] GC(214)     Dead                           Min: 0, Avg:  0.0, Max: 0, Diff: 0, Sum: 0, Workers: 4
[836.854s][debug][gc,phases      ] GC(214)     Total                          Min: 1984, Avg: 2166.2, Max: 2432, Diff: 448, Sum: 8665, Workers: 4
[836.854s][debug][gc,phases      ] GC(214)   JNI Weak                       Min:  0.0, Avg:  0.0, Max:  0.0, Diff:  0.0, Sum:  0.0, Workers: 4
[836.854s][debug][gc,phases      ] GC(214)     Dead                           Min: 0, Avg:  0.0, Max: 0, Diff: 0, Sum: 0, Workers: 4
[836.854s][debug][gc,phases      ] GC(214)     Total                          Min: 0, Avg:  0.0, Max: 0, Diff: 0, Sum: 0, Workers: 4
[836.854s][debug][gc,phases      ] GC(214)   StringDedup Table Weak         Min:  0.0, Avg:  0.0, Max:  0.0, Diff:  0.0, Sum:  0.0, Workers: 4
[836.854s][debug][gc,phases      ] GC(214)     Dead                           Min: 0, Avg:  0.0, Max: 0, Diff: 0, Sum: 0, Workers: 4
[836.854s][debug][gc,phases      ] GC(214)     Total                          Min: 0, Avg:  0.0, Max: 0, Diff: 0, Sum: 0, Workers: 4
[836.854s][debug][gc,phases      ] GC(214)   StringDedup Requests0 Weak     Min:  0.0, Avg:  0.0, Max:  0.0, Diff:  0.0, Sum:  0.0, Workers: 4
[836.854s][debug][gc,phases      ] GC(214)     Dead                           Min: 0, Avg:  0.0, Max: 0, Diff: 0, Sum: 0, Workers: 4
[836.854s][debug][gc,phases      ] GC(214)     Total                          Min: 0, Avg:  0.0, Max: 0, Diff: 0, Sum: 0, Workers: 4
[836.854s][debug][gc,phases      ] GC(214)   StringDedup Requests1 Weak     Min:  0.0, Avg:  0.0, Max:  0.0, Diff:  0.0, Sum:  0.0, Workers: 4
[836.854s][debug][gc,phases      ] GC(214)     Dead                           Min: 0, Avg:  0.0, Max: 0, Diff: 0, Sum: 0, Workers: 4
[836.854s][debug][gc,phases      ] GC(214)     Total                          Min: 0, Avg:  0.0, Max: 0, Diff: 0, Sum: 0, Workers: 4
[836.854s][debug][gc,phases      ] GC(214)   Weak JFR Old Object Samples    Min:  0.0, Avg:  0.0, Max:  0.0, Diff:  0.0, Sum:  0.0, Workers: 4
[836.854s][debug][gc,phases      ] GC(214)     Dead                           Min: 0, Avg:  0.0, Max: 0, Diff: 0, Sum: 0, Workers: 4
[836.854s][debug][gc,phases      ] GC(214)     Total                          Min: 0, Avg:  0.0, Max: 0, Diff: 0, Sum: 0, Workers: 4
[836.854s][debug][gc,phases      ] GC(214) Weak Processing 0.349ms
[836.854s][debug][gc,age         ] GC(214) Desired survivor size 181403648 bytes, new threshold 15 (max threshold 15)
[836.854s][info ][gc,heap        ] GC(214) PSYoungGen: 1836816K(1920512K)->83745K(1919488K) Eden: 1744384K(1744384K)->0K(1742848K) From: 92432K(176128K)->83745K(176640K)
[836.854s][info ][gc,heap        ] GC(214) ParOldGen: 912735K(931840K)->920660K(931840K)
[836.854s][info ][gc,metaspace   ] GC(214) Metaspace: 84874K(85696K)->84874K(85696K) NonClass: 73050K(73472K)->73050K(73472K) Class: 11824K(12224K)->11824K(12224K)
[836.854s][info ][gc             ] GC(214) Pause Young (Allocation Failure) 2685M->980M(2784M) 25.535ms
[836.854s][info ][gc,cpu         ] GC(214) User=0.10s Sys=0.00s Real=0.03s
[836.855s][debug][gc,phases      ] GC(215) Pre Compact 0.010ms
[836.855s][info ][gc,start       ] GC(215) Pause Full (Ergonomics)
[836.855s][info ][gc,phases,start] GC(215) Marking Phase
[837.025s][debug][gc,phases      ] GC(215) Par Mark 170.821ms
[837.026s][debug][gc,ref         ] GC(215) Skipped phase 1 of Reference Processing: no references
[837.026s][debug][gc,ref         ] GC(215) ReferenceProcessor::execute queues: 4, RefProcThreadModel::Multi, marks_oops_alive: false
[837.026s][debug][gc,ref         ] GC(215) Skipped phase 3 of Reference Processing: no references
[837.026s][debug][gc,ref         ] GC(215) ReferenceProcessor::execute queues: 1, RefProcThreadModel::Single, marks_oops_alive: false
[837.026s][debug][gc,phases      ] GC(215) Reference Processing 0.512ms
[837.026s][debug][gc,phases      ] GC(215)   VM Weak                        Min:  0.0, Avg:  0.0, Max:  0.0, Diff:  0.0, Sum:  0.0, Workers: 4
[837.026s][debug][gc,phases      ] GC(215)     Dead                           Min: 0, Avg:  0.0, Max: 0, Diff: 0, Sum: 0, Workers: 4
[837.026s][debug][gc,phases      ] GC(215)     Total                          Min: 0, Avg: 179.0, Max: 640, Diff: 640, Sum: 716, Workers: 4
[837.026s][debug][gc,phases      ] GC(215)   ObjectSynchronizer Weak        Min:  0.0, Avg:  0.0, Max:  0.0, Diff:  0.0, Sum:  0.0, Workers: 4
[837.026s][debug][gc,phases      ] GC(215)     Dead                           Min: 0, Avg:  0.0, Max: 0, Diff: 0, Sum: 0, Workers: 4
[837.026s][debug][gc,phases      ] GC(215)     Total                          Min: 0, Avg: 117.5, Max: 192, Diff: 192, Sum: 470, Workers: 4
[837.026s][debug][gc,phases      ] GC(215)   JVMTI Tag Weak OopStorage      Min:  0.0, Avg:  0.0, Max:  0.0, Diff:  0.0, Sum:  0.0, Workers: 4
[837.026s][debug][gc,phases      ] GC(215)     Dead                           Min: 0, Avg:  0.0, Max: 0, Diff: 0, Sum: 0, Workers: 4
[837.026s][debug][gc,phases      ] GC(215)     Total                          Min: 0, Avg:  0.0, Max: 0, Diff: 0, Sum: 0, Workers: 4
[837.026s][debug][gc,phases      ] GC(215)   StringTable Weak               Min:  0.2, Avg:  0.2, Max:  0.2, Diff:  0.0, Sum:  0.6, Workers: 4
[837.026s][debug][gc,phases      ] GC(215)     Dead                           Min: 0, Avg:  0.0, Max: 0, Diff: 0, Sum: 0, Workers: 4
[837.026s][debug][gc,phases      ] GC(215)     Total                          Min: 11477, Avg: 12117.2, Max: 12928, Diff: 1451, Sum: 48469, Workers: 4
[837.026s][debug][gc,phases      ] GC(215)   ResolvedMethodTable Weak       Min:  0.0, Avg:  0.0, Max:  0.0, Diff:  0.0, Sum:  0.1, Workers: 4
[837.026s][debug][gc,phases      ] GC(215)     Dead                           Min: 0, Avg:  0.0, Max: 0, Diff: 0, Sum: 0, Workers: 4
[837.026s][debug][gc,phases      ] GC(215)     Total                          Min: 2048, Avg: 2166.2, Max: 2393, Diff: 345, Sum: 8665, Workers: 4
[837.026s][debug][gc,phases      ] GC(215)   JNI Weak                       Min:  0.0, Avg:  0.0, Max:  0.0, Diff:  0.0, Sum:  0.0, Workers: 4
[837.026s][debug][gc,phases      ] GC(215)     Dead                           Min: 0, Avg:  0.0, Max: 0, Diff: 0, Sum: 0, Workers: 4
[837.026s][debug][gc,phases      ] GC(215)     Total                          Min: 0, Avg:  0.0, Max: 0, Diff: 0, Sum: 0, Workers: 4
[837.026s][debug][gc,phases      ] GC(215)   StringDedup Table Weak         Min:  0.0, Avg:  0.0, Max:  0.0, Diff:  0.0, Sum:  0.0, Workers: 4
[837.026s][debug][gc,phases      ] GC(215)     Dead                           Min: 0, Avg:  0.0, Max: 0, Diff: 0, Sum: 0, Workers: 4
[837.026s][debug][gc,phases      ] GC(215)     Total                          Min: 0, Avg:  0.0, Max: 0, Diff: 0, Sum: 0, Workers: 4
[837.026s][debug][gc,phases      ] GC(215)   StringDedup Requests0 Weak     Min:  0.0, Avg:  0.0, Max:  0.0, Diff:  0.0, Sum:  0.0, Workers: 4
[837.026s][debug][gc,phases      ] GC(215)     Dead                           Min: 0, Avg:  0.0, Max: 0, Diff: 0, Sum: 0, Workers: 4
[837.026s][debug][gc,phases      ] GC(215)     Total                          Min: 0, Avg:  0.0, Max: 0, Diff: 0, Sum: 0, Workers: 4
[837.026s][debug][gc,phases      ] GC(215)   StringDedup Requests1 Weak     Min:  0.0, Avg:  0.0, Max:  0.0, Diff:  0.0, Sum:  0.0, Workers: 4
[837.026s][debug][gc,phases      ] GC(215)     Dead                           Min: 0, Avg:  0.0, Max: 0, Diff: 0, Sum: 0, Workers: 4
[837.026s][debug][gc,phases      ] GC(215)     Total                          Min: 0, Avg:  0.0, Max: 0, Diff: 0, Sum: 0, Workers: 4
[837.026s][debug][gc,phases      ] GC(215)   Weak JFR Old Object Samples    Min:  0.0, Avg:  0.0, Max:  0.0, Diff:  0.0, Sum:  0.0, Workers: 4
[837.026s][debug][gc,phases      ] GC(215)     Dead                           Min: 0, Avg:  0.0, Max: 0, Diff: 0, Sum: 0, Workers: 4
[837.026s][debug][gc,phases      ] GC(215)     Total                          Min: 0, Avg:  0.0, Max: 0, Diff: 0, Sum: 0, Workers: 4
[837.026s][debug][gc,phases      ] GC(215) Weak Processing 0.383ms
[837.027s][debug][gc,phases      ] GC(215) ClassLoaderData 0.098ms
[837.027s][debug][gc,phases      ] GC(215) Trigger cleanups 0.000ms
[837.048s][debug][gc,phases      ] GC(215) Class Unloading 21.223ms
[837.048s][info ][gc,phases      ] GC(215) Marking Phase 193.164ms
[837.048s][info ][gc,phases,start] GC(215) Summary Phase
[837.048s][info ][gc,phases      ] GC(215) Summary Phase 0.026ms
[837.048s][info ][gc,phases,start] GC(215) Adjust Roots
[837.063s][info ][gc,phases      ] GC(215) Adjust Roots 14.950ms
[837.063s][info ][gc,phases,start] GC(215) Compaction Phase
[837.183s][info ][gc,phases      ] GC(215) Compaction Phase 120.405ms
[837.183s][info ][gc,phases,start] GC(215) Post Compact
[837.186s][info ][gc,phases      ] GC(215) Post Compact 2.869ms
[837.186s][info ][gc,heap        ] GC(215) PSYoungGen: 83745K(1919488K)->0K(1920000K) Eden: 0K(1742848K)->0K(1742848K) From: 83745K(176640K)->0K(177152K)
[837.186s][info ][gc,heap        ] GC(215) ParOldGen: 920660K(931840K)->853188K(1048576K)
[837.186s][info ][gc,metaspace   ] GC(215) Metaspace: 84874K(85696K)->84874K(85696K) NonClass: 73050K(73472K)->73050K(73472K) Class: 11824K(12224K)->11824K(12224K)
[837.186s][info ][gc             ] GC(215) Pause Full (Ergonomics) 980M->833M(2899M) 331.781ms
[837.186s][info ][gc,cpu         ] GC(215) User=1.20s Sys=0.00s Real=0.33s
[837.186s][info ][safepoint      ] Safepoint "ParallelGCFailedAllocation", Time since last: 3944478915 ns, Reaching safepoint: 122103 ns, At safepoint: 357488283 ns, Total: 357610386 ns
[846.187s][info ][safepoint      ] Safepoint "Cleanup", Time since last: 9000646574 ns, Reaching safepoint: 49401 ns, At safepoint: 10000 ns, Total: 59401 ns
[857.188s][info ][safepoint      ] Safepoint "Cleanup", Time since last: 11000794487 ns, Reaching safepoint: 54601 ns, At safepoint: 9500 ns, Total: 64101 ns
[858.188s][info ][safepoint      ] Safepoint "Cleanup", Time since last: 1000106209 ns, Reaching safepoint: 56901 ns, At safepoint: 4300 ns, Total: 61201 ns
[862.188s][info ][safepoint      ] Safepoint "Cleanup", Time since last: 4000303431 ns, Reaching safepoint: 50601 ns, At safepoint: 5400 ns, Total: 56001 ns
[863.189s][info ][safepoint      ] Safepoint "Cleanup", Time since last: 1000107409 ns, Reaching safepoint: 84002 ns, At safepoint: 13700 ns, Total: 97702 ns
[864.189s][info ][safepoint      ] Safepoint "Cleanup", Time since last: 1000107209 ns, Reaching safepoint: 56101 ns, At safepoint: 5800 ns, Total: 61901 ns
[865.189s][info ][safepoint      ] Safepoint "Cleanup", Time since last: 1000101608 ns, Reaching safepoint: 54802 ns, At safepoint: 5900 ns, Total: 60702 ns
[866.189s][info ][safepoint      ] Safepoint "Cleanup", Time since last: 1000108908 ns, Reaching safepoint: 48601 ns, At safepoint: 5801 ns, Total: 54402 ns
[874.190s][info ][safepoint      ] Safepoint "Cleanup", Time since last: 8000572457 ns, Reaching safepoint: 48902 ns, At safepoint: 6600 ns, Total: 55502 ns
[877.868s][info ][gc,start       ] GC(216) Pause Young (Allocation Failure)
[877.873s][debug][gc,phases      ] GC(216) Scavenge 4.997ms
[877.873s][debug][gc,ref         ] GC(216) Skipped phase 1 of Reference Processing: no references
[877.873s][debug][gc,ref         ] GC(216) ReferenceProcessor::execute queues: 1, RefProcThreadModel::Single, marks_oops_alive: false
[877.873s][debug][gc,ref         ] GC(216) Skipped phase 3 of Reference Processing: no references
[877.873s][debug][gc,ref         ] GC(216) ReferenceProcessor::execute queues: 1, RefProcThreadModel::Single, marks_oops_alive: false
[877.873s][debug][gc,phases      ] GC(216) Reference Processing 0.118ms
[877.874s][debug][gc,phases      ] GC(216)   VM Weak                        Min:  0.0, Avg:  0.0, Max:  0.0, Diff:  0.0, Sum:  0.0, Workers: 4
[877.874s][debug][gc,phases      ] GC(216)     Dead                           Min: 0, Avg:  0.0, Max: 0, Diff: 0, Sum: 0, Workers: 4
[877.874s][debug][gc,phases      ] GC(216)     Total                          Min: 0, Avg: 179.0, Max: 716, Diff: 716, Sum: 716, Workers: 4
[877.874s][debug][gc,phases      ] GC(216)   ObjectSynchronizer Weak        Min:  0.0, Avg:  0.0, Max:  0.0, Diff:  0.0, Sum:  0.0, Workers: 4
[877.874s][debug][gc,phases      ] GC(216)     Dead                           Min: 0, Avg:  0.0, Max: 0, Diff: 0, Sum: 0, Workers: 4
[877.874s][debug][gc,phases      ] GC(216)     Total                          Min: 0, Avg: 117.5, Max: 384, Diff: 384, Sum: 470, Workers: 4
[877.874s][debug][gc,phases      ] GC(216)   JVMTI Tag Weak OopStorage      Min:  0.0, Avg:  0.0, Max:  0.0, Diff:  0.0, Sum:  0.0, Workers: 4
[877.874s][debug][gc,phases      ] GC(216)     Dead                           Min: 0, Avg:  0.0, Max: 0, Diff: 0, Sum: 0, Workers: 4
[877.874s][debug][gc,phases      ] GC(216)     Total                          Min: 0, Avg:  0.0, Max: 0, Diff: 0, Sum: 0, Workers: 4
[877.874s][debug][gc,phases      ] GC(216)   StringTable Weak               Min:  0.1, Avg:  0.1, Max:  0.1, Diff:  0.0, Sum:  0.4, Workers: 4
[877.874s][debug][gc,phases      ] GC(216)     Dead                           Min: 0, Avg:  0.0, Max: 0, Diff: 0, Sum: 0, Workers: 4
[877.874s][debug][gc,phases      ] GC(216)     Total                          Min: 10688, Avg: 12118.2, Max: 13721, Diff: 3033, Sum: 48473, Workers: 4
[877.874s][debug][gc,phases      ] GC(216)   ResolvedMethodTable Weak       Min:  0.0, Avg:  0.0, Max:  0.0, Diff:  0.0, Sum:  0.1, Workers: 4
[877.874s][debug][gc,phases      ] GC(216)     Dead                           Min: 0, Avg:  0.0, Max: 0, Diff: 0, Sum: 0, Workers: 4
[877.874s][debug][gc,phases      ] GC(216)     Total                          Min: 1920, Avg: 2166.8, Max: 2368, Diff: 448, Sum: 8667, Workers: 4
[877.874s][debug][gc,phases      ] GC(216)   JNI Weak                       Min:  0.0, Avg:  0.0, Max:  0.0, Diff:  0.0, Sum:  0.0, Workers: 4
[877.874s][debug][gc,phases      ] GC(216)     Dead                           Min: 0, Avg:  0.0, Max: 0, Diff: 0, Sum: 0, Workers: 4
[877.874s][debug][gc,phases      ] GC(216)     Total                          Min: 0, Avg:  0.0, Max: 0, Diff: 0, Sum: 0, Workers: 4
[877.874s][debug][gc,phases      ] GC(216)   StringDedup Table Weak         Min:  0.0, Avg:  0.0, Max:  0.0, Diff:  0.0, Sum:  0.0, Workers: 4
[877.874s][debug][gc,phases      ] GC(216)     Dead                           Min: 0, Avg:  0.0, Max: 0, Diff: 0, Sum: 0, Workers: 4
[877.874s][debug][gc,phases      ] GC(216)     Total                          Min: 0, Avg:  0.0, Max: 0, Diff: 0, Sum: 0, Workers: 4
[877.874s][debug][gc,phases      ] GC(216)   StringDedup Requests0 Weak     Min:  0.0, Avg:  0.0, Max:  0.0, Diff:  0.0, Sum:  0.0, Workers: 4
[877.874s][debug][gc,phases      ] GC(216)     Dead                           Min: 0, Avg:  0.0, Max: 0, Diff: 0, Sum: 0, Workers: 4
[877.874s][debug][gc,phases      ] GC(216)     Total                          Min: 0, Avg:  0.0, Max: 0, Diff: 0, Sum: 0, Workers: 4
[877.874s][debug][gc,phases      ] GC(216)   StringDedup Requests1 Weak     Min:  0.0, Avg:  0.0, Max:  0.0, Diff:  0.0, Sum:  0.0, Workers: 4
[877.874s][debug][gc,phases      ] GC(216)     Dead                           Min: 0, Avg:  0.0, Max: 0, Diff: 0, Sum: 0, Workers: 4
[877.874s][debug][gc,phases      ] GC(216)     Total                          Min: 0, Avg:  0.0, Max: 0, Diff: 0, Sum: 0, Workers: 4
[877.874s][debug][gc,phases      ] GC(216)   Weak JFR Old Object Samples    Min:  0.0, Avg:  0.0, Max:  0.0, Diff:  0.0, Sum:  0.0, Workers: 4
[877.874s][debug][gc,phases      ] GC(216)     Dead                           Min: 0, Avg:  0.0, Max: 0, Diff: 0, Sum: 0, Workers: 4
[877.874s][debug][gc,phases      ] GC(216)     Total                          Min: 0, Avg:  0.0, Max: 0, Diff: 0, Sum: 0, Workers: 4
[877.874s][debug][gc,phases      ] GC(216) Weak Processing 0.370ms
[877.874s][debug][gc,age         ] GC(216) Desired survivor size 194510848 bytes, new threshold 15 (max threshold 15)
[877.874s][info ][gc,heap        ] GC(216) PSYoungGen: 1742848K(1920000K)->8944K(1894400K) Eden: 1742848K(1742848K)->0K(1717248K) From: 0K(177152K)->8944K(177152K)
[877.874s][info ][gc,heap        ] GC(216) ParOldGen: 853188K(1048576K)->853188K(1048576K)
[877.874s][info ][gc,metaspace   ] GC(216) Metaspace: 84893K(85760K)->84893K(85760K) NonClass: 73068K(73536K)->73068K(73536K) Class: 11825K(12224K)->11825K(12224K)
[877.874s][info ][gc             ] GC(216) Pause Young (Allocation Failure) 2535M->841M(2874M) 5.645ms
[877.874s][info ][gc,cpu         ] GC(216) User=0.01s Sys=0.01s Real=0.01s
[877.874s][info ][safepoint      ] Safepoint "ParallelGCFailedAllocation", Time since last: 3678279647 ns, Reaching safepoint: 122403 ns, At safepoint: 5742146 ns, Total: 5864549 ns
[878.874s][info ][safepoint      ] Safepoint "Cleanup", Time since last: 1000062707 ns, Reaching safepoint: 54802 ns, At safepoint: 6500 ns, Total: 61302 ns
[879.874s][info ][safepoint      ] Safepoint "Cleanup", Time since last: 1000111308 ns, Reaching safepoint: 51501 ns, At safepoint: 5200 ns, Total: 56701 ns
[885.875s][info ][safepoint      ] Safepoint "Cleanup", Time since last: 6000506843 ns, Reaching safepoint: 74602 ns, At safepoint: 15500 ns, Total: 90102 ns
[889.875s][info ][safepoint      ] Safepoint "Cleanup", Time since last: 4000381729 ns, Reaching safepoint: 53302 ns, At safepoint: 3800 ns, Total: 57102 ns
[893.876s][info ][safepoint      ] Safepoint "Cleanup", Time since last: 4000320840 ns, Reaching safepoint: 51901 ns, At safepoint: 6500 ns, Total: 58401 ns
[894.876s][info ][safepoint      ] Safepoint "Cleanup", Time since last: 1000112727 ns, Reaching safepoint: 54802 ns, At safepoint: 6300 ns, Total: 61102 ns
[899.832s][info ][gc,start       ] GC(217) Pause Young (Allocation Failure)
[899.839s][debug][gc,phases      ] GC(217) Scavenge 6.485ms
[899.839s][debug][gc,ref         ] GC(217) Skipped phase 1 of Reference Processing: no references
[899.839s][debug][gc,ref         ] GC(217) ReferenceProcessor::execute queues: 1, RefProcThreadModel::Single, marks_oops_alive: false
[899.839s][debug][gc,ref         ] GC(217) Skipped phase 3 of Reference Processing: no references
[899.839s][debug][gc,ref         ] GC(217) ReferenceProcessor::execute queues: 1, RefProcThreadModel::Single, marks_oops_alive: false
[899.839s][debug][gc,phases      ] GC(217) Reference Processing 0.142ms
[899.839s][debug][gc,phases      ] GC(217)   VM Weak                        Min:  0.0, Avg:  0.0, Max:  0.0, Diff:  0.0, Sum:  0.0, Workers: 4
[899.839s][debug][gc,phases      ] GC(217)     Dead                           Min: 0, Avg:  0.0, Max: 0, Diff: 0, Sum: 0, Workers: 4
[899.839s][debug][gc,phases      ] GC(217)     Total                          Min: 0, Avg: 179.0, Max: 716, Diff: 716, Sum: 716, Workers: 4
[899.839s][debug][gc,phases      ] GC(217)   ObjectSynchronizer Weak        Min:  0.0, Avg:  0.0, Max:  0.0, Diff:  0.0, Sum:  0.0, Workers: 4
[899.839s][debug][gc,phases      ] GC(217)     Dead                           Min: 0, Avg:  0.0, Max: 0, Diff: 0, Sum: 0, Workers: 4
[899.839s][debug][gc,phases      ] GC(217)     Total                          Min: 0, Avg: 117.5, Max: 278, Diff: 278, Sum: 470, Workers: 4
[899.839s][debug][gc,phases      ] GC(217)   JVMTI Tag Weak OopStorage      Min:  0.0, Avg:  0.0, Max:  0.0, Diff:  0.0, Sum:  0.0, Workers: 4
[899.839s][debug][gc,phases      ] GC(217)     Dead                           Min: 0, Avg:  0.0, Max: 0, Diff: 0, Sum: 0, Workers: 4
[899.839s][debug][gc,phases      ] GC(217)     Total                          Min: 0, Avg:  0.0, Max: 0, Diff: 0, Sum: 0, Workers: 4
[899.839s][debug][gc,phases      ] GC(217)   StringTable Weak               Min:  0.1, Avg:  0.1, Max:  0.1, Diff:  0.0, Sum:  0.6, Workers: 4
[899.839s][debug][gc,phases      ] GC(217)     Dead                           Min: 0, Avg:  0.0, Max: 0, Diff: 0, Sum: 0, Workers: 4
[899.839s][debug][gc,phases      ] GC(217)     Total                          Min: 11008, Avg: 12120.8, Max: 13056, Diff: 2048, Sum: 48483, Workers: 4
[899.839s][debug][gc,phases      ] GC(217)   ResolvedMethodTable Weak       Min:  0.0, Avg:  0.0, Max:  0.0, Diff:  0.0, Sum:  0.1, Workers: 4
[899.839s][debug][gc,phases      ] GC(217)     Dead                           Min: 0, Avg:  1.2, Max: 5, Diff: 5, Sum: 5, Workers: 4
[899.839s][debug][gc,phases      ] GC(217)     Total                          Min: 2048, Avg: 2168.2, Max: 2276, Diff: 228, Sum: 8673, Workers: 4
[899.839s][debug][gc,phases      ] GC(217)   JNI Weak                       Min:  0.0, Avg:  0.0, Max:  0.0, Diff:  0.0, Sum:  0.0, Workers: 4
[899.839s][debug][gc,phases      ] GC(217)     Dead                           Min: 0, Avg:  0.0, Max: 0, Diff: 0, Sum: 0, Workers: 4
[899.839s][debug][gc,phases      ] GC(217)     Total                          Min: 0, Avg:  0.0, Max: 0, Diff: 0, Sum: 0, Workers: 4
[899.839s][debug][gc,phases      ] GC(217)   StringDedup Table Weak         Min:  0.0, Avg:  0.0, Max:  0.0, Diff:  0.0, Sum:  0.0, Workers: 4
[899.839s][debug][gc,phases      ] GC(217)     Dead                           Min: 0, Avg:  0.0, Max: 0, Diff: 0, Sum: 0, Workers: 4
[899.839s][debug][gc,phases      ] GC(217)     Total                          Min: 0, Avg:  0.0, Max: 0, Diff: 0, Sum: 0, Workers: 4
[899.839s][debug][gc,phases      ] GC(217)   StringDedup Requests0 Weak     Min:  0.0, Avg:  0.0, Max:  0.0, Diff:  0.0, Sum:  0.0, Workers: 4
[899.839s][debug][gc,phases      ] GC(217)     Dead                           Min: 0, Avg:  0.0, Max: 0, Diff: 0, Sum: 0, Workers: 4
[899.839s][debug][gc,phases      ] GC(217)     Total                          Min: 0, Avg:  0.0, Max: 0, Diff: 0, Sum: 0, Workers: 4
[899.839s][debug][gc,phases      ] GC(217)   StringDedup Requests1 Weak     Min:  0.0, Avg:  0.0, Max:  0.0, Diff:  0.0, Sum:  0.0, Workers: 4
[899.839s][debug][gc,phases      ] GC(217)     Dead                           Min: 0, Avg:  0.0, Max: 0, Diff: 0, Sum: 0, Workers: 4
[899.839s][debug][gc,phases      ] GC(217)     Total                          Min: 0, Avg:  0.0, Max: 0, Diff: 0, Sum: 0, Workers: 4
[899.839s][debug][gc,phases      ] GC(217)   Weak JFR Old Object Samples    Min:  0.0, Avg:  0.0, Max:  0.0, Diff:  0.0, Sum:  0.0, Workers: 4
[899.839s][debug][gc,phases      ] GC(217)     Dead                           Min: 0, Avg:  0.0, Max: 0, Diff: 0, Sum: 0, Workers: 4
[899.839s][debug][gc,phases      ] GC(217)     Total                          Min: 0, Avg:  0.0, Max: 0, Diff: 0, Sum: 0, Workers: 4
[899.839s][debug][gc,phases      ] GC(217) Weak Processing 0.366ms
[899.839s][debug][gc,age         ] GC(217) Desired survivor size 202375168 bytes, new threshold 15 (max threshold 15)
[899.839s][info ][gc,heap        ] GC(217) PSYoungGen: 1726192K(1894400K)->12336K(1730048K) Eden: 1717248K(1717248K)->0K(1717248K) From: 8944K(177152K)->12336K(12800K)
[899.839s][info ][gc,heap        ] GC(217) ParOldGen: 853188K(1048576K)->853188K(1048576K)
[899.839s][info ][gc,metaspace   ] GC(217) Metaspace: 84929K(85760K)->84929K(85760K) NonClass: 73102K(73536K)->73102K(73536K) Class: 11826K(12224K)->11826K(12224K)
[899.839s][info ][gc             ] GC(217) Pause Young (Allocation Failure) 2518M->845M(2713M) 7.135ms
[899.839s][info ][gc,cpu         ] GC(217) User=0.03s Sys=0.00s Real=0.01s
[899.839s][info ][safepoint      ] Safepoint "ParallelGCFailedAllocation", Time since last: 4956129306 ns, Reaching safepoint: 55402 ns, At safepoint: 7228483 ns, Total: 7283885 ns
[909.840s][info ][safepoint      ] Safepoint "Cleanup", Time since last: 10000796359 ns, Reaching safepoint: 55201 ns, At safepoint: 6801 ns, Total: 62002 ns
[916.841s][info ][safepoint      ] Safepoint "Cleanup", Time since last: 7000507176 ns, Reaching safepoint: 53801 ns, At safepoint: 33001 ns, Total: 86802 ns
[917.841s][info ][safepoint      ] Safepoint "Cleanup", Time since last: 1000108226 ns, Reaching safepoint: 54801 ns, At safepoint: 3600 ns, Total: 58401 ns
[919.841s][info ][safepoint      ] Safepoint "Cleanup", Time since last: 2000189251 ns, Reaching safepoint: 54002 ns, At safepoint: 7200 ns, Total: 61202 ns
[934.842s][info ][safepoint      ] Safepoint "Cleanup", Time since last: 15001210868 ns, Reaching safepoint: 59202 ns, At safepoint: 3800 ns, Total: 63002 ns
[952.844s][info ][safepoint      ] Safepoint "Cleanup", Time since last: 18001322922 ns, Reaching safepoint: 71602 ns, At safepoint: 40001 ns, Total: 111603 ns
[964.846s][info ][gc,start       ] GC(218) Pause Young (Allocation Failure)
[964.851s][debug][gc,phases      ] GC(218) Scavenge 5.419ms
[964.851s][debug][gc,ref         ] GC(218) Skipped phase 1 of Reference Processing: no references
[964.851s][debug][gc,ref         ] GC(218) ReferenceProcessor::execute queues: 1, RefProcThreadModel::Single, marks_oops_alive: false
[964.851s][debug][gc,ref         ] GC(218) Skipped phase 3 of Reference Processing: no references
[964.851s][debug][gc,ref         ] GC(218) ReferenceProcessor::execute queues: 1, RefProcThreadModel::Single, marks_oops_alive: false
[964.851s][debug][gc,phases      ] GC(218) Reference Processing 0.121ms
[964.852s][debug][gc,phases      ] GC(218)   VM Weak                        Min:  0.0, Avg:  0.0, Max:  0.0, Diff:  0.0, Sum:  0.0, Workers: 4
[964.852s][debug][gc,phases      ] GC(218)     Dead                           Min: 0, Avg:  0.0, Max: 0, Diff: 0, Sum: 0, Workers: 4
[964.852s][debug][gc,phases      ] GC(218)     Total                          Min: 0, Avg: 179.2, Max: 512, Diff: 512, Sum: 717, Workers: 4
[964.852s][debug][gc,phases      ] GC(218)   ObjectSynchronizer Weak        Min:  0.0, Avg:  0.0, Max:  0.0, Diff:  0.0, Sum:  0.0, Workers: 4
[964.852s][debug][gc,phases      ] GC(218)     Dead                           Min: 0, Avg:  0.0, Max: 0, Diff: 0, Sum: 0, Workers: 4
[964.852s][debug][gc,phases      ] GC(218)     Total                          Min: 0, Avg: 117.8, Max: 192, Diff: 192, Sum: 471, Workers: 4
[964.852s][debug][gc,phases      ] GC(218)   JVMTI Tag Weak OopStorage      Min:  0.0, Avg:  0.0, Max:  0.0, Diff:  0.0, Sum:  0.0, Workers: 4
[964.852s][debug][gc,phases      ] GC(218)     Dead                           Min: 0, Avg:  0.0, Max: 0, Diff: 0, Sum: 0, Workers: 4
[964.852s][debug][gc,phases      ] GC(218)     Total                          Min: 0, Avg:  0.0, Max: 0, Diff: 0, Sum: 0, Workers: 4
[964.852s][debug][gc,phases      ] GC(218)   StringTable Weak               Min:  0.1, Avg:  0.1, Max:  0.1, Diff:  0.0, Sum:  0.5, Workers: 4
[964.852s][debug][gc,phases      ] GC(218)     Dead                           Min: 0, Avg:  0.0, Max: 0, Diff: 0, Sum: 0, Workers: 4
[964.852s][debug][gc,phases      ] GC(218)     Total                          Min: 11648, Avg: 12125.8, Max: 12416, Diff: 768, Sum: 48503, Workers: 4
[964.852s][debug][gc,phases      ] GC(218)   ResolvedMethodTable Weak       Min:  0.0, Avg:  0.0, Max:  0.0, Diff:  0.0, Sum:  0.1, Workers: 4
[964.852s][debug][gc,phases      ] GC(218)     Dead                           Min: 0, Avg:  0.0, Max: 0, Diff: 0, Sum: 0, Workers: 4
[964.852s][debug][gc,phases      ] GC(218)     Total                          Min: 1984, Avg: 2168.2, Max: 2365, Diff: 381, Sum: 8673, Workers: 4
[964.852s][debug][gc,phases      ] GC(218)   JNI Weak                       Min:  0.0, Avg:  0.0, Max:  0.0, Diff:  0.0, Sum:  0.0, Workers: 4
[964.852s][debug][gc,phases      ] GC(218)     Dead                           Min: 0, Avg:  0.0, Max: 0, Diff: 0, Sum: 0, Workers: 4
[964.852s][debug][gc,phases      ] GC(218)     Total                          Min: 0, Avg:  0.0, Max: 0, Diff: 0, Sum: 0, Workers: 4
[964.852s][debug][gc,phases      ] GC(218)   StringDedup Table Weak         Min:  0.0, Avg:  0.0, Max:  0.0, Diff:  0.0, Sum:  0.0, Workers: 4
[964.852s][debug][gc,phases      ] GC(218)     Dead                           Min: 0, Avg:  0.0, Max: 0, Diff: 0, Sum: 0, Workers: 4
[964.852s][debug][gc,phases      ] GC(218)     Total                          Min: 0, Avg:  0.0, Max: 0, Diff: 0, Sum: 0, Workers: 4
[964.852s][debug][gc,phases      ] GC(218)   StringDedup Requests0 Weak     Min:  0.0, Avg:  0.0, Max:  0.0, Diff:  0.0, Sum:  0.0, Workers: 4
[964.852s][debug][gc,phases      ] GC(218)     Dead                           Min: 0, Avg:  0.0, Max: 0, Diff: 0, Sum: 0, Workers: 4
[964.852s][debug][gc,phases      ] GC(218)     Total                          Min: 0, Avg:  0.0, Max: 0, Diff: 0, Sum: 0, Workers: 4
[964.852s][debug][gc,phases      ] GC(218)   StringDedup Requests1 Weak     Min:  0.0, Avg:  0.0, Max:  0.0, Diff:  0.0, Sum:  0.0, Workers: 4
[964.852s][debug][gc,phases      ] GC(218)     Dead                           Min: 0, Avg:  0.0, Max: 0, Diff: 0, Sum: 0, Workers: 4
[964.852s][debug][gc,phases      ] GC(218)     Total                          Min: 0, Avg:  0.0, Max: 0, Diff: 0, Sum: 0, Workers: 4
[964.852s][debug][gc,phases      ] GC(218)   Weak JFR Old Object Samples    Min:  0.0, Avg:  0.0, Max:  0.0, Diff:  0.0, Sum:  0.0, Workers: 4
[964.852s][debug][gc,phases      ] GC(218)     Dead                           Min: 0, Avg:  0.0, Max: 0, Diff: 0, Sum: 0, Workers: 4
[964.852s][debug][gc,phases      ] GC(218)     Total                          Min: 0, Avg:  0.0, Max: 0, Diff: 0, Sum: 0, Workers: 4
[964.852s][debug][gc,phases      ] GC(218) Weak Processing 0.374ms
[964.852s][debug][gc,age         ] GC(218) Desired survivor size 206569472 bytes, new threshold 15 (max threshold 15)
[964.852s][info ][gc,heap        ] GC(218) PSYoungGen: 1729584K(1730048K)->12656K(1891328K) Eden: 1717248K(1717248K)->0K(1693696K) From: 12336K(12800K)->12656K(197632K)
[964.852s][info ][gc,heap        ] GC(218) ParOldGen: 853188K(1048576K)->853188K(1048576K)
[964.852s][info ][gc,metaspace   ] GC(218) Metaspace: 84940K(85824K)->84940K(85824K) NonClass: 73113K(73600K)->73113K(73600K) Class: 11827K(12224K)->11827K(12224K)
[964.852s][info ][gc             ] GC(218) Pause Young (Allocation Failure) 2522M->845M(2871M) 6.067ms
[964.852s][info ][gc,cpu         ] GC(218) User=0.02s Sys=0.00s Real=0.00s
[964.852s][info ][safepoint      ] Safepoint "ParallelGCFailedAllocation", Time since last: 12001760393 ns, Reaching safepoint: 37901 ns, At safepoint: 6163157 ns, Total: 6201058 ns
[969.852s][info ][safepoint      ] Safepoint "Cleanup", Time since last: 5000329610 ns, Reaching safepoint: 60801 ns, At safepoint: 9001 ns, Total: 69802 ns
[976.853s][info ][safepoint      ] Safepoint "Cleanup", Time since last: 7000709857 ns, Reaching safepoint: 61102 ns, At safepoint: 11500 ns, Total: 72602 ns
[978.853s][info ][safepoint      ] Safepoint "Cleanup", Time since last: 2000213345 ns, Reaching safepoint: 58302 ns, At safepoint: 4200 ns, Total: 62502 ns
[985.854s][info ][safepoint      ] Safepoint "Cleanup", Time since last: 7000525650 ns, Reaching safepoint: 55801 ns, At safepoint: 4000 ns, Total: 59801 ns
[988.854s][info ][safepoint      ] Safepoint "Cleanup", Time since last: 3000282265 ns, Reaching safepoint: 47801 ns, At safepoint: 3100 ns, Total: 50901 ns
[989.854s][info ][safepoint      ] Safepoint "Cleanup", Time since last: 1000117222 ns, Reaching safepoint: 58802 ns, At safepoint: 4500 ns, Total: 63302 ns
[990.854s][info ][safepoint      ] Safepoint "Cleanup", Time since last: 1000117822 ns, Reaching safepoint: 56401 ns, At safepoint: 4801 ns, Total: 61202 ns
[994.855s][info ][safepoint      ] Safepoint "Cleanup", Time since last: 4000295583 ns, Reaching safepoint: 59901 ns, At safepoint: 4301 ns, Total: 64202 ns
[995.855s][info ][safepoint      ] Safepoint "Cleanup", Time since last: 1000084520 ns, Reaching safepoint: 64802 ns, At safepoint: 4300 ns, Total: 69102 ns
[996.855s][info ][safepoint      ] Safepoint "Cleanup", Time since last: 1000113022 ns, Reaching safepoint: 55001 ns, At safepoint: 4000 ns, Total: 59001 ns
[1008.856s][info ][safepoint      ] Safepoint "Cleanup", Time since last: 12000809642 ns, Reaching safepoint: 53302 ns, At safepoint: 35501 ns, Total: 88803 ns
[1009.856s][info ][safepoint      ] Safepoint "Cleanup", Time since last: 1000100720 ns, Reaching safepoint: 48401 ns, At safepoint: 3601 ns, Total: 52002 ns
[1017.857s][info ][safepoint      ] Safepoint "Cleanup", Time since last: 8000554057 ns, Reaching safepoint: 55501 ns, At safepoint: 6800 ns, Total: 62301 ns
[1018.857s][info ][safepoint      ] Safepoint "Cleanup", Time since last: 1000113321 ns, Reaching safepoint: 59302 ns, At safepoint: 5900 ns, Total: 65202 ns
[1019.857s][info ][safepoint      ] Safepoint "Cleanup", Time since last: 1000130821 ns, Reaching safepoint: 53001 ns, At safepoint: 3700 ns, Total: 56701 ns
[1020.857s][info ][safepoint      ] Safepoint "Cleanup", Time since last: 1000114321 ns, Reaching safepoint: 47401 ns, At safepoint: 4600 ns, Total: 52001 ns
[1024.412s][info ][gc,start       ] GC(219) Pause Young (Allocation Failure)
[1024.417s][debug][gc,phases      ] GC(219) Scavenge 4.813ms
[1024.417s][debug][gc,ref         ] GC(219) Skipped phase 1 of Reference Processing: no references
[1024.417s][debug][gc,ref         ] GC(219) ReferenceProcessor::execute queues: 1, RefProcThreadModel::Single, marks_oops_alive: false
[1024.417s][debug][gc,ref         ] GC(219) Skipped phase 3 of Reference Processing: no references
[1024.417s][debug][gc,ref         ] GC(219) ReferenceProcessor::execute queues: 1, RefProcThreadModel::Single, marks_oops_alive: false
[1024.417s][debug][gc,phases      ] GC(219) Reference Processing 0.136ms
[1024.417s][debug][gc,phases      ] GC(219)   VM Weak                        Min:  0.0, Avg:  0.0, Max:  0.0, Diff:  0.0, Sum:  0.0, Workers: 4
[1024.417s][debug][gc,phases      ] GC(219)     Dead                           Min: 0, Avg:  0.0, Max: 0, Diff: 0, Sum: 0, Workers: 4
[1024.417s][debug][gc,phases      ] GC(219)     Total                          Min: 0, Avg: 179.2, Max: 525, Diff: 525, Sum: 717, Workers: 4
[1024.417s][debug][gc,phases      ] GC(219)   ObjectSynchronizer Weak        Min:  0.0, Avg:  0.0, Max:  0.0, Diff:  0.0, Sum:  0.0, Workers: 4
[1024.418s][debug][gc,phases      ] GC(219)     Dead                           Min: 0, Avg:  0.0, Max: 0, Diff: 0, Sum: 0, Workers: 4
[1024.418s][debug][gc,phases      ] GC(219)     Total                          Min: 0, Avg: 118.0, Max: 256, Diff: 256, Sum: 472, Workers: 4
[1024.418s][debug][gc,phases      ] GC(219)   JVMTI Tag Weak OopStorage      Min:  0.0, Avg:  0.0, Max:  0.0, Diff:  0.0, Sum:  0.0, Workers: 4
[1024.418s][debug][gc,phases      ] GC(219)     Dead                           Min: 0, Avg:  0.0, Max: 0, Diff: 0, Sum: 0, Workers: 4
[1024.418s][debug][gc,phases      ] GC(219)     Total                          Min: 0, Avg:  0.0, Max: 0, Diff: 0, Sum: 0, Workers: 4
[1024.418s][debug][gc,phases      ] GC(219)   StringTable Weak               Min:  0.1, Avg:  0.1, Max:  0.1, Diff:  0.0, Sum:  0.4, Workers: 4
[1024.418s][debug][gc,phases      ] GC(219)     Dead                           Min: 0, Avg:  0.0, Max: 0, Diff: 0, Sum: 0, Workers: 4
[1024.418s][debug][gc,phases      ] GC(219)     Total                          Min: 11136, Avg: 12131.8, Max: 13327, Diff: 2191, Sum: 48527, Workers: 4
[1024.418s][debug][gc,phases      ] GC(219)   ResolvedMethodTable Weak       Min:  0.0, Avg:  0.0, Max:  0.0, Diff:  0.0, Sum:  0.1, Workers: 4
[1024.418s][debug][gc,phases      ] GC(219)     Dead                           Min: 0, Avg:  0.0, Max: 0, Diff: 0, Sum: 0, Workers: 4
[1024.418s][debug][gc,phases      ] GC(219)     Total                          Min: 2048, Avg: 2171.8, Max: 2368, Diff: 320, Sum: 8687, Workers: 4
[1024.418s][debug][gc,phases      ] GC(219)   JNI Weak                       Min:  0.0, Avg:  0.0, Max:  0.0, Diff:  0.0, Sum:  0.0, Workers: 4
[1024.418s][debug][gc,phases      ] GC(219)     Dead                           Min: 0, Avg:  0.0, Max: 0, Diff: 0, Sum: 0, Workers: 4
[1024.418s][debug][gc,phases      ] GC(219)     Total                          Min: 0, Avg:  0.0, Max: 0, Diff: 0, Sum: 0, Workers: 4
[1024.418s][debug][gc,phases      ] GC(219)   StringDedup Table Weak         Min:  0.0, Avg:  0.0, Max:  0.0, Diff:  0.0, Sum:  0.0, Workers: 4
[1024.418s][debug][gc,phases      ] GC(219)     Dead                           Min: 0, Avg:  0.0, Max: 0, Diff: 0, Sum: 0, Workers: 4
[1024.418s][debug][gc,phases      ] GC(219)     Total                          Min: 0, Avg:  0.0, Max: 0, Diff: 0, Sum: 0, Workers: 4
[1024.418s][debug][gc,phases      ] GC(219)   StringDedup Requests0 Weak     Min:  0.0, Avg:  0.0, Max:  0.0, Diff:  0.0, Sum:  0.0, Workers: 4
[1024.418s][debug][gc,phases      ] GC(219)     Dead                           Min: 0, Avg:  0.0, Max: 0, Diff: 0, Sum: 0, Workers: 4
[1024.418s][debug][gc,phases      ] GC(219)     Total                          Min: 0, Avg:  0.0, Max: 0, Diff: 0, Sum: 0, Workers: 4
[1024.418s][debug][gc,phases      ] GC(219)   StringDedup Requests1 Weak     Min:  0.0, Avg:  0.0, Max:  0.0, Diff:  0.0, Sum:  0.0, Workers: 4
[1024.418s][debug][gc,phases      ] GC(219)     Dead                           Min: 0, Avg:  0.0, Max: 0, Diff: 0, Sum: 0, Workers: 4
[1024.418s][debug][gc,phases      ] GC(219)     Total                          Min: 0, Avg:  0.0, Max: 0, Diff: 0, Sum: 0, Workers: 4
[1024.418s][debug][gc,phases      ] GC(219)   Weak JFR Old Object Samples    Min:  0.0, Avg:  0.0, Max:  0.0, Diff:  0.0, Sum:  0.0, Workers: 4
[1024.418s][debug][gc,phases      ] GC(219)     Dead                           Min: 0, Avg:  0.0, Max: 0, Diff: 0, Sum: 0, Workers: 4
[1024.418s][debug][gc,phases      ] GC(219)     Total                          Min: 0, Avg:  0.0, Max: 0, Diff: 0, Sum: 0, Workers: 4
[1024.418s][debug][gc,phases      ] GC(219) Weak Processing 0.365ms
[1024.418s][debug][gc,age         ] GC(219) Desired survivor size 208142336 bytes, new threshold 15 (max threshold 15)
[1024.418s][info ][gc,heap        ] GC(219) PSYoungGen: 1706352K(1891328K)->13072K(1707008K) Eden: 1693696K(1693696K)->0K(1693696K) From: 12656K(197632K)->13072K(13312K)
[1024.418s][info ][gc,heap        ] GC(219) ParOldGen: 853188K(1048576K)->853188K(1048576K)
[1024.418s][info ][gc,metaspace   ] GC(219) Metaspace: 84996K(85888K)->84996K(85888K) NonClass: 73162K(73664K)->73162K(73664K) Class: 11834K(12224K)->11834K(12224K)
[1024.418s][info ][gc             ] GC(219) Pause Young (Allocation Failure) 2499M->845M(2691M) 5.450ms
[1024.418s][info ][gc,cpu         ] GC(219) User=0.02s Sys=0.00s Real=0.01s
[1024.418s][info ][safepoint      ] Safepoint "ParallelGCFailedAllocation", Time since last: 3554752853 ns, Reaching safepoint: 52001 ns, At safepoint: 5541041 ns, Total: 5593042 ns
[1026.418s][info ][safepoint      ] Safepoint "Cleanup", Time since last: 2000158139 ns, Reaching safepoint: 51101 ns, At safepoint: 12000 ns, Total: 63101 ns
[1027.418s][info ][safepoint      ] Safepoint "Cleanup", Time since last: 1000097020 ns, Reaching safepoint: 64402 ns, At safepoint: 8400 ns, Total: 72802 ns
[1028.418s][info ][safepoint      ] Safepoint "Cleanup", Time since last: 1000095319 ns, Reaching safepoint: 53302 ns, At safepoint: 6200 ns, Total: 59502 ns
[1029.418s][info ][safepoint      ] Safepoint "Cleanup", Time since last: 1000120620 ns, Reaching safepoint: 46201 ns, At safepoint: 3400 ns, Total: 49601 ns
[1030.419s][info ][safepoint      ] Safepoint "Cleanup", Time since last: 1000113520 ns, Reaching safepoint: 50302 ns, At safepoint: 8600 ns, Total: 58902 ns
[1033.835s][info ][safepoint      ] Safepoint "Cleanup", Time since last: 3416193929 ns, Reaching safepoint: 67802 ns, At safepoint: 6600 ns, Total: 74402 ns
[1036.835s][info ][safepoint      ] Safepoint "Cleanup", Time since last: 3000297358 ns, Reaching safepoint: 50902 ns, At safepoint: 13800 ns, Total: 64702 ns
[1039.002s][info ][safepoint      ] Safepoint "Cleanup", Time since last: 2166241859 ns, Reaching safepoint: 76002 ns, At safepoint: 8200 ns, Total: 84202 ns
[1041.002s][info ][safepoint      ] Safepoint "Cleanup", Time since last: 2000190338 ns, Reaching safepoint: 74102 ns, At safepoint: 9800 ns, Total: 83902 ns
[1042.002s][info ][safepoint      ] Safepoint "Cleanup", Time since last: 1000117120 ns, Reaching safepoint: 48001 ns, At safepoint: 3600 ns, Total: 51601 ns
[1043.002s][info ][safepoint      ] Safepoint "Cleanup", Time since last: 1000108719 ns, Reaching safepoint: 61802 ns, At safepoint: 13000 ns, Total: 74802 ns
[1046.003s][info ][safepoint      ] Safepoint "Cleanup", Time since last: 3000316058 ns, Reaching safepoint: 52501 ns, At safepoint: 4200 ns, Total: 56701 ns
[1048.003s][info ][safepoint      ] Safepoint "Cleanup", Time since last: 2000225939 ns, Reaching safepoint: 89702 ns, At safepoint: 11200 ns, Total: 100902 ns
[1049.003s][info ][safepoint      ] Safepoint "Cleanup", Time since last: 1000126120 ns, Reaching safepoint: 63001 ns, At safepoint: 8700 ns, Total: 71701 ns
[1051.003s][info ][safepoint      ] Safepoint "Cleanup", Time since last: 2000203038 ns, Reaching safepoint: 53901 ns, At safepoint: 3600 ns, Total: 57501 ns
[1053.004s][info ][safepoint      ] Safepoint "Cleanup", Time since last: 2000193338 ns, Reaching safepoint: 54601 ns, At safepoint: 3700 ns, Total: 58301 ns
[1059.004s][info ][safepoint      ] Safepoint "Cleanup", Time since last: 6000421306 ns, Reaching safepoint: 79302 ns, At safepoint: 8200 ns, Total: 87502 ns
[1060.004s][info ][safepoint      ] Safepoint "Cleanup", Time since last: 1000113719 ns, Reaching safepoint: 73602 ns, At safepoint: 14000 ns, Total: 87602 ns
[1061.004s][info ][safepoint      ] Safepoint "Cleanup", Time since last: 1000119519 ns, Reaching safepoint: 50801 ns, At safepoint: 3300 ns, Total: 54101 ns
[1062.005s][info ][safepoint      ] Safepoint "Cleanup", Time since last: 1000118619 ns, Reaching safepoint: 78102 ns, At safepoint: 12800 ns, Total: 90902 ns
[1071.005s][info ][safepoint      ] Safepoint "Cleanup", Time since last: 9000685757 ns, Reaching safepoint: 45301 ns, At safepoint: 3700 ns, Total: 49001 ns
[1073.006s][info ][safepoint      ] Safepoint "Cleanup", Time since last: 2000167635 ns, Reaching safepoint: 52401 ns, At safepoint: 4900 ns, Total: 57301 ns
[1078.031s][info ][gc,start       ] GC(220) Pause Young (Allocation Failure)
[1078.037s][debug][gc,phases      ] GC(220) Scavenge 5.612ms
[1078.037s][debug][gc,ref         ] GC(220) Skipped phase 1 of Reference Processing: no references
[1078.037s][debug][gc,ref         ] GC(220) ReferenceProcessor::execute queues: 1, RefProcThreadModel::Single, marks_oops_alive: false
[1078.037s][debug][gc,ref         ] GC(220) Skipped phase 3 of Reference Processing: no references
[1078.037s][debug][gc,ref         ] GC(220) ReferenceProcessor::execute queues: 1, RefProcThreadModel::Single, marks_oops_alive: false
[1078.037s][debug][gc,phases      ] GC(220) Reference Processing 0.149ms
[1078.037s][debug][gc,phases      ] GC(220)   VM Weak                        Min:  0.0, Avg:  0.0, Max:  0.0, Diff:  0.0, Sum:  0.0, Workers: 4
[1078.037s][debug][gc,phases      ] GC(220)     Dead                           Min: 0, Avg:  0.0, Max: 0, Diff: 0, Sum: 0, Workers: 4
[1078.037s][debug][gc,phases      ] GC(220)     Total                          Min: 0, Avg: 179.2, Max: 461, Diff: 461, Sum: 717, Workers: 4
[1078.037s][debug][gc,phases      ] GC(220)   ObjectSynchronizer Weak        Min:  0.0, Avg:  0.0, Max:  0.0, Diff:  0.0, Sum:  0.0, Workers: 4
[1078.037s][debug][gc,phases      ] GC(220)     Dead                           Min: 0, Avg:  0.0, Max: 0, Diff: 0, Sum: 0, Workers: 4
[1078.037s][debug][gc,phases      ] GC(220)     Total                          Min: 0, Avg: 118.0, Max: 216, Diff: 216, Sum: 472, Workers: 4
[1078.037s][debug][gc,phases      ] GC(220)   JVMTI Tag Weak OopStorage      Min:  0.0, Avg:  0.0, Max:  0.0, Diff:  0.0, Sum:  0.0, Workers: 4
[1078.037s][debug][gc,phases      ] GC(220)     Dead                           Min: 0, Avg:  0.0, Max: 0, Diff: 0, Sum: 0, Workers: 4
[1078.037s][debug][gc,phases      ] GC(220)     Total                          Min: 0, Avg:  0.0, Max: 0, Diff: 0, Sum: 0, Workers: 4
[1078.037s][debug][gc,phases      ] GC(220)   StringTable Weak               Min:  0.1, Avg:  0.1, Max:  0.1, Diff:  0.0, Sum:  0.5, Workers: 4
[1078.037s][debug][gc,phases      ] GC(220)     Dead                           Min: 0, Avg:  0.0, Max: 0, Diff: 0, Sum: 0, Workers: 4
[1078.037s][debug][gc,phases      ] GC(220)     Total                          Min: 11648, Avg: 12132.2, Max: 12945, Diff: 1297, Sum: 48529, Workers: 4
[1078.037s][debug][gc,phases      ] GC(220)   ResolvedMethodTable Weak       Min:  0.0, Avg:  0.0, Max:  0.0, Diff:  0.0, Sum:  0.1, Workers: 4
[1078.037s][debug][gc,phases      ] GC(220)     Dead                           Min: 0, Avg:  0.0, Max: 0, Diff: 0, Sum: 0, Workers: 4
[1078.037s][debug][gc,phases      ] GC(220)     Total                          Min: 2048, Avg: 2171.8, Max: 2287, Diff: 239, Sum: 8687, Workers: 4
[1078.037s][debug][gc,phases      ] GC(220)   JNI Weak                       Min:  0.0, Avg:  0.0, Max:  0.0, Diff:  0.0, Sum:  0.0, Workers: 4
[1078.037s][debug][gc,phases      ] GC(220)     Dead                           Min: 0, Avg:  0.0, Max: 0, Diff: 0, Sum: 0, Workers: 4
[1078.037s][debug][gc,phases      ] GC(220)     Total                          Min: 0, Avg:  0.0, Max: 0, Diff: 0, Sum: 0, Workers: 4
[1078.037s][debug][gc,phases      ] GC(220)   StringDedup Table Weak         Min:  0.0, Avg:  0.0, Max:  0.0, Diff:  0.0, Sum:  0.0, Workers: 4
[1078.037s][debug][gc,phases      ] GC(220)     Dead                           Min: 0, Avg:  0.0, Max: 0, Diff: 0, Sum: 0, Workers: 4
[1078.037s][debug][gc,phases      ] GC(220)     Total                          Min: 0, Avg:  0.0, Max: 0, Diff: 0, Sum: 0, Workers: 4
[1078.037s][debug][gc,phases      ] GC(220)   StringDedup Requests0 Weak     Min:  0.0, Avg:  0.0, Max:  0.0, Diff:  0.0, Sum:  0.0, Workers: 4
[1078.037s][debug][gc,phases      ] GC(220)     Dead                           Min: 0, Avg:  0.0, Max: 0, Diff: 0, Sum: 0, Workers: 4
[1078.037s][debug][gc,phases      ] GC(220)     Total                          Min: 0, Avg:  0.0, Max: 0, Diff: 0, Sum: 0, Workers: 4
[1078.037s][debug][gc,phases      ] GC(220)   StringDedup Requests1 Weak     Min:  0.0, Avg:  0.0, Max:  0.0, Diff:  0.0, Sum:  0.0, Workers: 4
[1078.037s][debug][gc,phases      ] GC(220)     Dead                           Min: 0, Avg:  0.0, Max: 0, Diff: 0, Sum: 0, Workers: 4
[1078.037s][debug][gc,phases      ] GC(220)     Total                          Min: 0, Avg:  0.0, Max: 0, Diff: 0, Sum: 0, Workers: 4
[1078.037s][debug][gc,phases      ] GC(220)   Weak JFR Old Object Samples    Min:  0.0, Avg:  0.0, Max:  0.0, Diff:  0.0, Sum:  0.0, Workers: 4
[1078.037s][debug][gc,phases      ] GC(220)     Dead                           Min: 0, Avg:  0.0, Max: 0, Diff: 0, Sum: 0, Workers: 4
[1078.037s][debug][gc,phases      ] GC(220)     Total                          Min: 0, Avg:  0.0, Max: 0, Diff: 0, Sum: 0, Workers: 4
[1078.037s][debug][gc,phases      ] GC(220) Weak Processing 0.359ms
[1078.037s][debug][gc,age         ] GC(220) Desired survivor size 207618048 bytes, new threshold 15 (max threshold 15)
[1078.037s][info ][gc,heap        ] GC(220) PSYoungGen: 1706768K(1707008K)->14592K(1894400K) Eden: 1693696K(1693696K)->0K(1691136K) From: 13072K(13312K)->14592K(203264K)
[1078.037s][info ][gc,heap        ] GC(220) ParOldGen: 853188K(1048576K)->853188K(1048576K)
[1078.037s][info ][gc,metaspace   ] GC(220) Metaspace: 85067K(85952K)->85067K(85952K) NonClass: 73232K(73728K)->73232K(73728K) Class: 11834K(12224K)->11834K(12224K)
[1078.037s][info ][gc             ] GC(220) Pause Young (Allocation Failure) 2499M->847M(2874M) 6.262ms
[1078.037s][info ][gc,cpu         ] GC(220) User=0.03s Sys=0.00s Real=0.01s
[1078.037s][info ][safepoint      ] Safepoint "ParallelGCFailedAllocation", Time since last: 5025204116 ns, Reaching safepoint: 119003 ns, At safepoint: 6360662 ns, Total: 6479665 ns
[1081.038s][info ][safepoint      ] Safepoint "Cleanup", Time since last: 3000226750 ns, Reaching safepoint: 44401 ns, At safepoint: 4101 ns, Total: 48502 ns
[1082.038s][info ][safepoint      ] Safepoint "Cleanup", Time since last: 1000112317 ns, Reaching safepoint: 39001 ns, At safepoint: 3600 ns, Total: 42601 ns
[1084.038s][info ][safepoint      ] Safepoint "Cleanup", Time since last: 2000182534 ns, Reaching safepoint: 57302 ns, At safepoint: 8600 ns, Total: 65902 ns
[1087.038s][info ][safepoint      ] Safepoint "Cleanup", Time since last: 3000268351 ns, Reaching safepoint: 50501 ns, At safepoint: 8600 ns, Total: 59101 ns
[1091.039s][info ][safepoint      ] Safepoint "Cleanup", Time since last: 4000301166 ns, Reaching safepoint: 46501 ns, At safepoint: 5500 ns, Total: 52001 ns
[1092.271s][info ][safepoint      ] Safepoint "Cleanup", Time since last: 1231764205 ns, Reaching safepoint: 54401 ns, At safepoint: 4100 ns, Total: 58501 ns
[1093.271s][info ][safepoint      ] Safepoint "Cleanup", Time since last: 1000116417 ns, Reaching safepoint: 49102 ns, At safepoint: 10800 ns, Total: 59902 ns
[1094.271s][info ][safepoint      ] Safepoint "Cleanup", Time since last: 1000102217 ns, Reaching safepoint: 63901 ns, At safepoint: 6301 ns, Total: 70202 ns
[1097.271s][info ][safepoint      ] Safepoint "Cleanup", Time since last: 3000280849 ns, Reaching safepoint: 80802 ns, At safepoint: 9501 ns, Total: 90303 ns
[1098.271s][info ][safepoint      ] Safepoint "Cleanup", Time since last: 1000183518 ns, Reaching safepoint: 47102 ns, At safepoint: 3700 ns, Total: 50802 ns
[1108.272s][info ][safepoint      ] Safepoint "Cleanup", Time since last: 10000663655 ns, Reaching safepoint: 56802 ns, At safepoint: 8700 ns, Total: 65502 ns
[1109.272s][info ][safepoint      ] Safepoint "Cleanup", Time since last: 1000147317 ns, Reaching safepoint: 71802 ns, At safepoint: 13601 ns, Total: 85403 ns
[1111.273s][info ][safepoint      ] Safepoint "Cleanup", Time since last: 2000179631 ns, Reaching safepoint: 116603 ns, At safepoint: 8401 ns, Total: 125004 ns
[1117.273s][info ][safepoint      ] Safepoint "Cleanup", Time since last: 6000396190 ns, Reaching safepoint: 58302 ns, At safepoint: 6500 ns, Total: 64802 ns
[1120.274s][info ][safepoint      ] Safepoint "Cleanup", Time since last: 3000243446 ns, Reaching safepoint: 59501 ns, At safepoint: 5500 ns, Total: 65001 ns
[1124.015s][info ][gc,start       ] GC(221) Pause Young (Allocation Failure)
[1124.020s][debug][gc,phases      ] GC(221) Scavenge 4.894ms
[1124.020s][debug][gc,ref         ] GC(221) Skipped phase 1 of Reference Processing: no references
[1124.020s][debug][gc,ref         ] GC(221) ReferenceProcessor::execute queues: 1, RefProcThreadModel::Single, marks_oops_alive: false
[1124.020s][debug][gc,ref         ] GC(221) Skipped phase 3 of Reference Processing: no references
[1124.020s][debug][gc,ref         ] GC(221) ReferenceProcessor::execute queues: 1, RefProcThreadModel::Single, marks_oops_alive: false
[1124.020s][debug][gc,phases      ] GC(221) Reference Processing 0.127ms
[1124.021s][debug][gc,phases      ] GC(221)   VM Weak                        Min:  0.0, Avg:  0.0, Max:  0.0, Diff:  0.0, Sum:  0.0, Workers: 4
[1124.021s][debug][gc,phases      ] GC(221)     Dead                           Min: 0, Avg:  0.0, Max: 0, Diff: 0, Sum: 0, Workers: 4
[1124.021s][debug][gc,phases      ] GC(221)     Total                          Min: 0, Avg: 179.2, Max: 653, Diff: 653, Sum: 717, Workers: 4
[1124.021s][debug][gc,phases      ] GC(221)   ObjectSynchronizer Weak        Min:  0.0, Avg:  0.0, Max:  0.0, Diff:  0.0, Sum:  0.0, Workers: 4
[1124.021s][debug][gc,phases      ] GC(221)     Dead                           Min: 0, Avg:  0.0, Max: 0, Diff: 0, Sum: 0, Workers: 4
[1124.021s][debug][gc,phases      ] GC(221)     Total                          Min: 0, Avg: 118.2, Max: 281, Diff: 281, Sum: 473, Workers: 4
[1124.021s][debug][gc,phases      ] GC(221)   JVMTI Tag Weak OopStorage      Min:  0.0, Avg:  0.0, Max:  0.0, Diff:  0.0, Sum:  0.0, Workers: 4
[1124.021s][debug][gc,phases      ] GC(221)     Dead                           Min: 0, Avg:  0.0, Max: 0, Diff: 0, Sum: 0, Workers: 4
[1124.021s][debug][gc,phases      ] GC(221)     Total                          Min: 0, Avg:  0.0, Max: 0, Diff: 0, Sum: 0, Workers: 4
[1124.021s][debug][gc,phases      ] GC(221)   StringTable Weak               Min:  0.1, Avg:  0.1, Max:  0.1, Diff:  0.0, Sum:  0.4, Workers: 4
[1124.021s][debug][gc,phases      ] GC(221)     Dead                           Min: 0, Avg:  0.0, Max: 0, Diff: 0, Sum: 0, Workers: 4
[1124.021s][debug][gc,phases      ] GC(221)     Total                          Min: 11008, Avg: 12132.2, Max: 12736, Diff: 1728, Sum: 48529, Workers: 4
[1124.021s][debug][gc,phases      ] GC(221)   ResolvedMethodTable Weak       Min:  0.0, Avg:  0.0, Max:  0.0, Diff:  0.0, Sum:  0.1, Workers: 4
[1124.021s][debug][gc,phases      ] GC(221)     Dead                           Min: 0, Avg:  0.0, Max: 0, Diff: 0, Sum: 0, Workers: 4
[1124.021s][debug][gc,phases      ] GC(221)     Total                          Min: 1472, Avg: 2171.8, Max: 2560, Diff: 1088, Sum: 8687, Workers: 4
[1124.021s][debug][gc,phases      ] GC(221)   JNI Weak                       Min:  0.0, Avg:  0.0, Max:  0.0, Diff:  0.0, Sum:  0.0, Workers: 4
[1124.021s][debug][gc,phases      ] GC(221)     Dead                           Min: 0, Avg:  0.0, Max: 0, Diff: 0, Sum: 0, Workers: 4
[1124.021s][debug][gc,phases      ] GC(221)     Total                          Min: 0, Avg:  0.0, Max: 0, Diff: 0, Sum: 0, Workers: 4
[1124.021s][debug][gc,phases      ] GC(221)   StringDedup Table Weak         Min:  0.0, Avg:  0.0, Max:  0.0, Diff:  0.0, Sum:  0.0, Workers: 4
[1124.021s][debug][gc,phases      ] GC(221)     Dead                           Min: 0, Avg:  0.0, Max: 0, Diff: 0, Sum: 0, Workers: 4
[1124.021s][debug][gc,phases      ] GC(221)     Total                          Min: 0, Avg:  0.0, Max: 0, Diff: 0, Sum: 0, Workers: 4
[1124.021s][debug][gc,phases      ] GC(221)   StringDedup Requests0 Weak     Min:  0.0, Avg:  0.0, Max:  0.0, Diff:  0.0, Sum:  0.0, Workers: 4
[1124.021s][debug][gc,phases      ] GC(221)     Dead                           Min: 0, Avg:  0.0, Max: 0, Diff: 0, Sum: 0, Workers: 4
[1124.021s][debug][gc,phases      ] GC(221)     Total                          Min: 0, Avg:  0.0, Max: 0, Diff: 0, Sum: 0, Workers: 4
[1124.021s][debug][gc,phases      ] GC(221)   StringDedup Requests1 Weak     Min:  0.0, Avg:  0.0, Max:  0.0, Diff:  0.0, Sum:  0.0, Workers: 4
[1124.021s][debug][gc,phases      ] GC(221)     Dead                           Min: 0, Avg:  0.0, Max: 0, Diff: 0, Sum: 0, Workers: 4
[1124.021s][debug][gc,phases      ] GC(221)     Total                          Min: 0, Avg:  0.0, Max: 0, Diff: 0, Sum: 0, Workers: 4
[1124.021s][debug][gc,phases      ] GC(221)   Weak JFR Old Object Samples    Min:  0.0, Avg:  0.0, Max:  0.0, Diff:  0.0, Sum:  0.0, Workers: 4
[1124.021s][debug][gc,phases      ] GC(221)     Dead                           Min: 0, Avg:  0.0, Max: 0, Diff: 0, Sum: 0, Workers: 4
[1124.021s][debug][gc,phases      ] GC(221)     Total                          Min: 0, Avg:  0.0, Max: 0, Diff: 0, Sum: 0, Workers: 4
[1124.021s][debug][gc,phases      ] GC(221) Weak Processing 0.349ms
[1124.021s][debug][gc,age         ] GC(221) Desired survivor size 204996608 bytes, new threshold 15 (max threshold 15)
[1124.021s][info ][gc,heap        ] GC(221) PSYoungGen: 1705728K(1894400K)->14528K(1893888K) Eden: 1691136K(1691136K)->0K(1691136K) From: 14592K(203264K)->14528K(202752K)
[1124.021s][info ][gc,heap        ] GC(221) ParOldGen: 853188K(1048576K)->853188K(1048576K)
[1124.021s][info ][gc,metaspace   ] GC(221) Metaspace: 85076K(85952K)->85076K(85952K) NonClass: 73241K(73728K)->73241K(73728K) Class: 11834K(12224K)->11834K(12224K)
[1124.021s][info ][gc             ] GC(221) Pause Young (Allocation Failure) 2498M->847M(2873M) 5.516ms
[1124.021s][info ][gc,cpu         ] GC(221) User=0.02s Sys=0.00s Real=0.00s
[1124.021s][info ][safepoint      ] Safepoint "ParallelGCFailedAllocation", Time since last: 3741622487 ns, Reaching safepoint: 50401 ns, At safepoint: 5619443 ns, Total: 5669844 ns
[1125.021s][info ][safepoint      ] Safepoint "Cleanup", Time since last: 1000052914 ns, Reaching safepoint: 34701 ns, At safepoint: 4200 ns, Total: 38901 ns
[1130.021s][info ][safepoint      ] Safepoint "Cleanup", Time since last: 5000382774 ns, Reaching safepoint: 56802 ns, At safepoint: 6700 ns, Total: 63502 ns
[1131.022s][info ][safepoint      ] Safepoint "Cleanup", Time since last: 1000097115 ns, Reaching safepoint: 55802 ns, At safepoint: 7500 ns, Total: 63302 ns
[1139.022s][info ][safepoint      ] Safepoint "Cleanup", Time since last: 8000552315 ns, Reaching safepoint: 70502 ns, At safepoint: 8700 ns, Total: 79202 ns
[1141.022s][info ][safepoint      ] Safepoint "Cleanup", Time since last: 2000166929 ns, Reaching safepoint: 33201 ns, At safepoint: 5100 ns, Total: 38301 ns
[1147.023s][info ][safepoint      ] Safepoint "Cleanup", Time since last: 6000429085 ns, Reaching safepoint: 62901 ns, At safepoint: 6200 ns, Total: 69101 ns
[1148.023s][info ][safepoint      ] Safepoint "Cleanup", Time since last: 1000107015 ns, Reaching safepoint: 56602 ns, At safepoint: 6900 ns, Total: 63502 ns
[1153.023s][info ][safepoint      ] Safepoint "Cleanup", Time since last: 5000336668 ns, Reaching safepoint: 53602 ns, At safepoint: 6200 ns, Total: 59802 ns
[1159.024s][info ][safepoint      ] Safepoint "Cleanup", Time since last: 6000493083 ns, Reaching safepoint: 54402 ns, At safepoint: 6100 ns, Total: 60502 ns
[1161.024s][info ][safepoint      ] Safepoint "Cleanup", Time since last: 2000169028 ns, Reaching safepoint: 55201 ns, At safepoint: 6100 ns, Total: 61301 ns
[1164.024s][info ][safepoint      ] Safepoint "Cleanup", Time since last: 3000234341 ns, Reaching safepoint: 56001 ns, At safepoint: 8701 ns, Total: 64702 ns
[1167.564s][info ][gc,start       ] GC(222) Pause Young (Allocation Failure)
[1167.570s][debug][gc,phases      ] GC(222) Scavenge 5.342ms
[1167.570s][debug][gc,ref         ] GC(222) Skipped phase 1 of Reference Processing: no references
[1167.570s][debug][gc,ref         ] GC(222) ReferenceProcessor::execute queues: 1, RefProcThreadModel::Single, marks_oops_alive: false
[1167.570s][debug][gc,ref         ] GC(222) Skipped phase 3 of Reference Processing: no references
[1167.570s][debug][gc,ref         ] GC(222) ReferenceProcessor::execute queues: 1, RefProcThreadModel::Single, marks_oops_alive: false
[1167.570s][debug][gc,phases      ] GC(222) Reference Processing 0.143ms
[1167.570s][debug][gc,phases      ] GC(222)   VM Weak                        Min:  0.0, Avg:  0.0, Max:  0.0, Diff:  0.0, Sum:  0.0, Workers: 4
[1167.570s][debug][gc,phases      ] GC(222)     Dead                           Min: 0, Avg:  0.0, Max: 0, Diff: 0, Sum: 0, Workers: 4
[1167.570s][debug][gc,phases      ] GC(222)     Total                          Min: 0, Avg: 179.2, Max: 704, Diff: 704, Sum: 717, Workers: 4
[1167.570s][debug][gc,phases      ] GC(222)   ObjectSynchronizer Weak        Min:  0.0, Avg:  0.0, Max:  0.0, Diff:  0.0, Sum:  0.0, Workers: 4
[1167.570s][debug][gc,phases      ] GC(222)     Dead                           Min: 0, Avg:  0.0, Max: 0, Diff: 0, Sum: 0, Workers: 4
[1167.570s][debug][gc,phases      ] GC(222)     Total                          Min: 0, Avg: 118.2, Max: 256, Diff: 256, Sum: 473, Workers: 4
[1167.570s][debug][gc,phases      ] GC(222)   JVMTI Tag Weak OopStorage      Min:  0.0, Avg:  0.0, Max:  0.0, Diff:  0.0, Sum:  0.0, Workers: 4
[1167.570s][debug][gc,phases      ] GC(222)     Dead                           Min: 0, Avg:  0.0, Max: 0, Diff: 0, Sum: 0, Workers: 4
[1167.570s][debug][gc,phases      ] GC(222)     Total                          Min: 0, Avg:  0.0, Max: 0, Diff: 0, Sum: 0, Workers: 4
[1167.570s][debug][gc,phases      ] GC(222)   StringTable Weak               Min:  0.1, Avg:  0.1, Max:  0.1, Diff:  0.0, Sum:  0.4, Workers: 4
[1167.570s][debug][gc,phases      ] GC(222)     Dead                           Min: 0, Avg:  0.0, Max: 0, Diff: 0, Sum: 0, Workers: 4
[1167.570s][debug][gc,phases      ] GC(222)     Total                          Min: 11456, Avg: 12132.5, Max: 12864, Diff: 1408, Sum: 48530, Workers: 4
[1167.570s][debug][gc,phases      ] GC(222)   ResolvedMethodTable Weak       Min:  0.0, Avg:  0.0, Max:  0.0, Diff:  0.0, Sum:  0.1, Workers: 4
[1167.570s][debug][gc,phases      ] GC(222)     Dead                           Min: 0, Avg:  0.0, Max: 0, Diff: 0, Sum: 0, Workers: 4
[1167.570s][debug][gc,phases      ] GC(222)     Total                          Min: 1920, Avg: 2172.2, Max: 2304, Diff: 384, Sum: 8689, Workers: 4
[1167.570s][debug][gc,phases      ] GC(222)   JNI Weak                       Min:  0.0, Avg:  0.0, Max:  0.0, Diff:  0.0, Sum:  0.0, Workers: 4
[1167.570s][debug][gc,phases      ] GC(222)     Dead                           Min: 0, Avg:  0.0, Max: 0, Diff: 0, Sum: 0, Workers: 4
[1167.570s][debug][gc,phases      ] GC(222)     Total                          Min: 0, Avg:  0.0, Max: 0, Diff: 0, Sum: 0, Workers: 4
[1167.570s][debug][gc,phases      ] GC(222)   StringDedup Table Weak         Min:  0.0, Avg:  0.0, Max:  0.0, Diff:  0.0, Sum:  0.0, Workers: 4
[1167.570s][debug][gc,phases      ] GC(222)     Dead                           Min: 0, Avg:  0.0, Max: 0, Diff: 0, Sum: 0, Workers: 4
[1167.570s][debug][gc,phases      ] GC(222)     Total                          Min: 0, Avg:  0.0, Max: 0, Diff: 0, Sum: 0, Workers: 4
[1167.570s][debug][gc,phases      ] GC(222)   StringDedup Requests0 Weak     Min:  0.0, Avg:  0.0, Max:  0.0, Diff:  0.0, Sum:  0.0, Workers: 4
[1167.570s][debug][gc,phases      ] GC(222)     Dead                           Min: 0, Avg:  0.0, Max: 0, Diff: 0, Sum: 0, Workers: 4
[1167.570s][debug][gc,phases      ] GC(222)     Total                          Min: 0, Avg:  0.0, Max: 0, Diff: 0, Sum: 0, Workers: 4
[1167.570s][debug][gc,phases      ] GC(222)   StringDedup Requests1 Weak     Min:  0.0, Avg:  0.0, Max:  0.0, Diff:  0.0, Sum:  0.0, Workers: 4
[1167.570s][debug][gc,phases      ] GC(222)     Dead                           Min: 0, Avg:  0.0, Max: 0, Diff: 0, Sum: 0, Workers: 4
[1167.570s][debug][gc,phases      ] GC(222)     Total                          Min: 0, Avg:  0.0, Max: 0, Diff: 0, Sum: 0, Workers: 4
[1167.570s][debug][gc,phases      ] GC(222)   Weak JFR Old Object Samples    Min:  0.0, Avg:  0.0, Max:  0.0, Diff:  0.0, Sum:  0.0, Workers: 4
[1167.570s][debug][gc,phases      ] GC(222)     Dead                           Min: 0, Avg:  0.0, Max: 0, Diff: 0, Sum: 0, Workers: 4
[1167.570s][debug][gc,phases      ] GC(222)     Total                          Min: 0, Avg:  0.0, Max: 0, Diff: 0, Sum: 0, Workers: 4
[1167.570s][debug][gc,phases      ] GC(222) Weak Processing 0.340ms
[1167.570s][debug][gc,age         ] GC(222) Desired survivor size 200802304 bytes, new threshold 15 (max threshold 15)
[1167.570s][info ][gc,heap        ] GC(222) PSYoungGen: 1705664K(1893888K)->14464K(1901056K) Eden: 1691136K(1691136K)->0K(1700864K) From: 14528K(202752K)->14464K(200192K)
[1167.570s][info ][gc,heap        ] GC(222) ParOldGen: 853188K(1048576K)->853188K(1048576K)
[1167.570s][info ][gc,metaspace   ] GC(222) Metaspace: 85088K(85952K)->85088K(85952K) NonClass: 73252K(73728K)->73252K(73728K) Class: 11835K(12224K)->11835K(12224K)
[1167.570s][info ][gc             ] GC(222) Pause Young (Allocation Failure) 2498M->847M(2880M) 5.964ms
[1167.570s][info ][gc,cpu         ] GC(222) User=0.02s Sys=0.00s Real=0.00s
[1167.570s][info ][safepoint      ] Safepoint "ParallelGCFailedAllocation", Time since last: 3539686148 ns, Reaching safepoint: 48601 ns, At safepoint: 6063854 ns, Total: 6112455 ns
[1169.570s][info ][safepoint      ] Safepoint "Cleanup", Time since last: 2000152227 ns, Reaching safepoint: 47501 ns, At safepoint: 3400 ns, Total: 50901 ns
[1175.571s][info ][safepoint      ] Safepoint "Cleanup", Time since last: 6000417778 ns, Reaching safepoint: 68202 ns, At safepoint: 10400 ns, Total: 78602 ns
[1178.571s][info ][safepoint      ] Safepoint "Cleanup", Time since last: 3000242840 ns, Reaching safepoint: 58701 ns, At safepoint: 6700 ns, Total: 65401 ns
[1181.572s][info ][safepoint      ] Safepoint "Cleanup", Time since last: 3000266640 ns, Reaching safepoint: 51201 ns, At safepoint: 4000 ns, Total: 55201 ns
[1202.573s][info ][safepoint      ] Safepoint "Cleanup", Time since last: 21001428858 ns, Reaching safepoint: 55901 ns, At safepoint: 6100 ns, Total: 62001 ns
[1203.573s][info ][safepoint      ] Safepoint "Cleanup", Time since last: 1000117114 ns, Reaching safepoint: 65901 ns, At safepoint: 4200 ns, Total: 70101 ns
[1204.573s][info ][safepoint      ] Safepoint "Cleanup", Time since last: 1000109813 ns, Reaching safepoint: 54602 ns, At safepoint: 3900 ns, Total: 58502 ns
[1207.574s][info ][safepoint      ] Safepoint "Cleanup", Time since last: 3000245136 ns, Reaching safepoint: 52001 ns, At safepoint: 3201 ns, Total: 55202 ns
[1217.575s][info ][safepoint      ] Safepoint "Cleanup", Time since last: 10000748517 ns, Reaching safepoint: 52901 ns, At safepoint: 3900 ns, Total: 56801 ns
[1218.575s][info ][safepoint      ] Safepoint "Cleanup", Time since last: 1000113013 ns, Reaching safepoint: 50201 ns, At safepoint: 4100 ns, Total: 54301 ns
[1225.129s][info ][gc,start       ] GC(223) Pause Young (Allocation Failure)
[1225.134s][debug][gc,phases      ] GC(223) Scavenge 4.932ms
[1225.134s][debug][gc,ref         ] GC(223) Skipped phase 1 of Reference Processing: no references
[1225.134s][debug][gc,ref         ] GC(223) ReferenceProcessor::execute queues: 1, RefProcThreadModel::Single, marks_oops_alive: false
[1225.134s][debug][gc,ref         ] GC(223) Skipped phase 3 of Reference Processing: no references
[1225.134s][debug][gc,ref         ] GC(223) ReferenceProcessor::execute queues: 1, RefProcThreadModel::Single, marks_oops_alive: false
[1225.134s][debug][gc,phases      ] GC(223) Reference Processing 0.119ms
[1225.134s][debug][gc,phases      ] GC(223)   VM Weak                        Min:  0.0, Avg:  0.0, Max:  0.0, Diff:  0.0, Sum:  0.0, Workers: 4
[1225.134s][debug][gc,phases      ] GC(223)     Dead                           Min: 0, Avg:  0.0, Max: 0, Diff: 0, Sum: 0, Workers: 4
[1225.134s][debug][gc,phases      ] GC(223)     Total                          Min: 0, Avg: 180.2, Max: 448, Diff: 448, Sum: 721, Workers: 4
[1225.134s][debug][gc,phases      ] GC(223)   ObjectSynchronizer Weak        Min:  0.0, Avg:  0.0, Max:  0.0, Diff:  0.0, Sum:  0.0, Workers: 4
[1225.134s][debug][gc,phases      ] GC(223)     Dead                           Min: 0, Avg:  0.0, Max: 0, Diff: 0, Sum: 0, Workers: 4
[1225.134s][debug][gc,phases      ] GC(223)     Total                          Min: 0, Avg: 118.2, Max: 192, Diff: 192, Sum: 473, Workers: 4
[1225.134s][debug][gc,phases      ] GC(223)   JVMTI Tag Weak OopStorage      Min:  0.0, Avg:  0.0, Max:  0.0, Diff:  0.0, Sum:  0.0, Workers: 4
[1225.134s][debug][gc,phases      ] GC(223)     Dead                           Min: 0, Avg:  0.0, Max: 0, Diff: 0, Sum: 0, Workers: 4
[1225.134s][debug][gc,phases      ] GC(223)     Total                          Min: 0, Avg:  0.0, Max: 0, Diff: 0, Sum: 0, Workers: 4
[1225.134s][debug][gc,phases      ] GC(223)   StringTable Weak               Min:  0.1, Avg:  0.1, Max:  0.1, Diff:  0.0, Sum:  0.4, Workers: 4
[1225.134s][debug][gc,phases      ] GC(223)     Dead                           Min: 0, Avg:  0.0, Max: 0, Diff: 0, Sum: 0, Workers: 4
[1225.134s][debug][gc,phases      ] GC(223)     Total                          Min: 10688, Avg: 12135.8, Max: 12736, Diff: 2048, Sum: 48543, Workers: 4
[1225.134s][debug][gc,phases      ] GC(223)   ResolvedMethodTable Weak       Min:  0.0, Avg:  0.0, Max:  0.0, Diff:  0.0, Sum:  0.1, Workers: 4
[1225.134s][debug][gc,phases      ] GC(223)     Dead                           Min: 0, Avg:  0.0, Max: 0, Diff: 0, Sum: 0, Workers: 4
[1225.134s][debug][gc,phases      ] GC(223)     Total                          Min: 1984, Avg: 2178.2, Max: 2304, Diff: 320, Sum: 8713, Workers: 4
[1225.134s][debug][gc,phases      ] GC(223)   JNI Weak                       Min:  0.0, Avg:  0.0, Max:  0.0, Diff:  0.0, Sum:  0.0, Workers: 4
[1225.134s][debug][gc,phases      ] GC(223)     Dead                           Min: 0, Avg:  0.0, Max: 0, Diff: 0, Sum: 0, Workers: 4
[1225.134s][debug][gc,phases      ] GC(223)     Total                          Min: 0, Avg:  0.0, Max: 0, Diff: 0, Sum: 0, Workers: 4
[1225.134s][debug][gc,phases      ] GC(223)   StringDedup Table Weak         Min:  0.0, Avg:  0.0, Max:  0.0, Diff:  0.0, Sum:  0.0, Workers: 4
[1225.134s][debug][gc,phases      ] GC(223)     Dead                           Min: 0, Avg:  0.0, Max: 0, Diff: 0, Sum: 0, Workers: 4
[1225.134s][debug][gc,phases      ] GC(223)     Total                          Min: 0, Avg:  0.0, Max: 0, Diff: 0, Sum: 0, Workers: 4
[1225.134s][debug][gc,phases      ] GC(223)   StringDedup Requests0 Weak     Min:  0.0, Avg:  0.0, Max:  0.0, Diff:  0.0, Sum:  0.0, Workers: 4
[1225.134s][debug][gc,phases      ] GC(223)     Dead                           Min: 0, Avg:  0.0, Max: 0, Diff: 0, Sum: 0, Workers: 4
[1225.134s][debug][gc,phases      ] GC(223)     Total                          Min: 0, Avg:  0.0, Max: 0, Diff: 0, Sum: 0, Workers: 4
[1225.134s][debug][gc,phases      ] GC(223)   StringDedup Requests1 Weak     Min:  0.0, Avg:  0.0, Max:  0.0, Diff:  0.0, Sum:  0.0, Workers: 4
[1225.134s][debug][gc,phases      ] GC(223)     Dead                           Min: 0, Avg:  0.0, Max: 0, Diff: 0, Sum: 0, Workers: 4
[1225.134s][debug][gc,phases      ] GC(223)     Total                          Min: 0, Avg:  0.0, Max: 0, Diff: 0, Sum: 0, Workers: 4
[1225.134s][debug][gc,phases      ] GC(223)   Weak JFR Old Object Samples    Min:  0.0, Avg:  0.0, Max:  0.0, Diff:  0.0, Sum:  0.0, Workers: 4
[1225.134s][debug][gc,phases      ] GC(223)     Dead                           Min: 0, Avg:  0.0, Max: 0, Diff: 0, Sum: 0, Workers: 4
[1225.134s][debug][gc,phases      ] GC(223)     Total                          Min: 0, Avg:  0.0, Max: 0, Diff: 0, Sum: 0, Workers: 4
[1225.134s][debug][gc,phases      ] GC(223) Weak Processing 0.322ms
[1225.134s][debug][gc,age         ] GC(223) Desired survivor size 195559424 bytes, new threshold 15 (max threshold 15)
[1225.134s][info ][gc,heap        ] GC(223) PSYoungGen: 1715328K(1901056K)->14544K(1896960K) Eden: 1700864K(1700864K)->0K(1700864K) From: 14464K(200192K)->14544K(196096K)
[1225.134s][info ][gc,heap        ] GC(223) ParOldGen: 853188K(1048576K)->853188K(1048576K)
[1225.134s][info ][gc,metaspace   ] GC(223) Metaspace: 85133K(86016K)->85133K(86016K) NonClass: 73291K(73792K)->73291K(73792K) Class: 11842K(12224K)->11842K(12224K)
[1225.134s][info ][gc             ] GC(223) Pause Young (Allocation Failure) 2508M->847M(2876M) 5.509ms
[1225.134s][info ][gc,cpu         ] GC(223) User=0.02s Sys=0.00s Real=0.01s
[1225.134s][info ][safepoint      ] Safepoint "ParallelGCFailedAllocation", Time since last: 6553971834 ns, Reaching safepoint: 117403 ns, At safepoint: 5594742 ns, Total: 5712145 ns
[1233.135s][info ][safepoint      ] Safepoint "Cleanup", Time since last: 8000637590 ns, Reaching safepoint: 64902 ns, At safepoint: 12200 ns, Total: 77102 ns
[1234.135s][info ][safepoint      ] Safepoint "Cleanup", Time since last: 1000110512 ns, Reaching safepoint: 41601 ns, At safepoint: 3400 ns, Total: 45001 ns
[1235.135s][info ][safepoint      ] Safepoint "Cleanup", Time since last: 1000093912 ns, Reaching safepoint: 50701 ns, At safepoint: 13601 ns, Total: 64302 ns
[1237.136s][info ][safepoint      ] Safepoint "Cleanup", Time since last: 2000184422 ns, Reaching safepoint: 55902 ns, At safepoint: 4100 ns, Total: 60002 ns
[1246.137s][info ][safepoint      ] Safepoint "Cleanup", Time since last: 9000759999 ns, Reaching safepoint: 61302 ns, At safepoint: 4700 ns, Total: 66002 ns
[1247.137s][info ][safepoint      ] Safepoint "Cleanup", Time since last: 1000110812 ns, Reaching safepoint: 51901 ns, At safepoint: 4300 ns, Total: 56201 ns
[1252.137s][info ][safepoint      ] Safepoint "Cleanup", Time since last: 5000371753 ns, Reaching safepoint: 43201 ns, At safepoint: 4200 ns, Total: 47401 ns
[1255.137s][info ][safepoint      ] Safepoint "Cleanup", Time since last: 3000222931 ns, Reaching safepoint: 48301 ns, At safepoint: 30201 ns, Total: 78502 ns
[1256.181s][info ][safepoint      ] Safepoint "Cleanup", Time since last: 1043869023 ns, Reaching safepoint: 128404 ns, At safepoint: 7900 ns, Total: 136304 ns
[1257.182s][info ][safepoint      ] Safepoint "Cleanup", Time since last: 1000110411 ns, Reaching safepoint: 103003 ns, At safepoint: 8000 ns, Total: 111003 ns
[1260.182s][info ][safepoint      ] Safepoint "Cleanup", Time since last: 3000263432 ns, Reaching safepoint: 121103 ns, At safepoint: 9100 ns, Total: 130203 ns
[1264.182s][info ][safepoint      ] Safepoint "Cleanup", Time since last: 4000277440 ns, Reaching safepoint: 121003 ns, At safepoint: 10500 ns, Total: 131503 ns
[1266.183s][info ][safepoint      ] Safepoint "Cleanup", Time since last: 2000159321 ns, Reaching safepoint: 119003 ns, At safepoint: 5900 ns, Total: 124903 ns
[1270.183s][info ][safepoint      ] Safepoint "Cleanup", Time since last: 4000307440 ns, Reaching safepoint: 125803 ns, At safepoint: 6600 ns, Total: 132403 ns
[1271.183s][info ][safepoint      ] Safepoint "Cleanup", Time since last: 1000095811 ns, Reaching safepoint: 121003 ns, At safepoint: 7800 ns, Total: 128803 ns
[1272.394s][info ][gc,start       ] GC(224) Pause Young (Allocation Failure)
[1272.400s][debug][gc,phases      ] GC(224) Scavenge 5.849ms
[1272.400s][debug][gc,ref         ] GC(224) Skipped phase 1 of Reference Processing: no references
[1272.400s][debug][gc,ref         ] GC(224) ReferenceProcessor::execute queues: 1, RefProcThreadModel::Single, marks_oops_alive: false
[1272.400s][debug][gc,ref         ] GC(224) Skipped phase 3 of Reference Processing: no references
[1272.400s][debug][gc,ref         ] GC(224) ReferenceProcessor::execute queues: 1, RefProcThreadModel::Single, marks_oops_alive: false
[1272.400s][debug][gc,phases      ] GC(224) Reference Processing 0.129ms
[1272.400s][debug][gc,phases      ] GC(224)   VM Weak                        Min:  0.0, Avg:  0.0, Max:  0.0, Diff:  0.0, Sum:  0.0, Workers: 4
[1272.400s][debug][gc,phases      ] GC(224)     Dead                           Min: 0, Avg:  0.0, Max: 0, Diff: 0, Sum: 0, Workers: 4
[1272.400s][debug][gc,phases      ] GC(224)     Total                          Min: 0, Avg: 180.2, Max: 384, Diff: 384, Sum: 721, Workers: 4
[1272.400s][debug][gc,phases      ] GC(224)   ObjectSynchronizer Weak        Min:  0.0, Avg:  0.0, Max:  0.0, Diff:  0.0, Sum:  0.0, Workers: 4
[1272.400s][debug][gc,phases      ] GC(224)     Dead                           Min: 0, Avg:  0.0, Max: 0, Diff: 0, Sum: 0, Workers: 4
[1272.400s][debug][gc,phases      ] GC(224)     Total                          Min: 0, Avg: 118.2, Max: 256, Diff: 256, Sum: 473, Workers: 4
[1272.400s][debug][gc,phases      ] GC(224)   JVMTI Tag Weak OopStorage      Min:  0.0, Avg:  0.0, Max:  0.0, Diff:  0.0, Sum:  0.0, Workers: 4
[1272.400s][debug][gc,phases      ] GC(224)     Dead                           Min: 0, Avg:  0.0, Max: 0, Diff: 0, Sum: 0, Workers: 4
[1272.400s][debug][gc,phases      ] GC(224)     Total                          Min: 0, Avg:  0.0, Max: 0, Diff: 0, Sum: 0, Workers: 4
[1272.400s][debug][gc,phases      ] GC(224)   StringTable Weak               Min:  0.1, Avg:  0.1, Max:  0.1, Diff:  0.0, Sum:  0.5, Workers: 4
[1272.400s][debug][gc,phases      ] GC(224)     Dead                           Min: 0, Avg:  0.0, Max: 0, Diff: 0, Sum: 0, Workers: 4
[1272.400s][debug][gc,phases      ] GC(224)     Total                          Min: 10944, Avg: 12142.5, Max: 13184, Diff: 2240, Sum: 48570, Workers: 4
[1272.400s][debug][gc,phases      ] GC(224)   ResolvedMethodTable Weak       Min:  0.0, Avg:  0.0, Max:  0.0, Diff:  0.0, Sum:  0.1, Workers: 4
[1272.400s][debug][gc,phases      ] GC(224)     Dead                           Min: 0, Avg:  0.0, Max: 0, Diff: 0, Sum: 0, Workers: 4
[1272.400s][debug][gc,phases      ] GC(224)     Total                          Min: 2048, Avg: 2180.2, Max: 2432, Diff: 384, Sum: 8721, Workers: 4
[1272.400s][debug][gc,phases      ] GC(224)   JNI Weak                       Min:  0.0, Avg:  0.0, Max:  0.0, Diff:  0.0, Sum:  0.0, Workers: 4
[1272.400s][debug][gc,phases      ] GC(224)     Dead                           Min: 0, Avg:  0.0, Max: 0, Diff: 0, Sum: 0, Workers: 4
[1272.400s][debug][gc,phases      ] GC(224)     Total                          Min: 0, Avg:  1.5, Max: 6, Diff: 6, Sum: 6, Workers: 4
[1272.400s][debug][gc,phases      ] GC(224)   StringDedup Table Weak         Min:  0.0, Avg:  0.0, Max:  0.0, Diff:  0.0, Sum:  0.0, Workers: 4
[1272.400s][debug][gc,phases      ] GC(224)     Dead                           Min: 0, Avg:  0.0, Max: 0, Diff: 0, Sum: 0, Workers: 4
[1272.400s][debug][gc,phases      ] GC(224)     Total                          Min: 0, Avg:  0.0, Max: 0, Diff: 0, Sum: 0, Workers: 4
[1272.400s][debug][gc,phases      ] GC(224)   StringDedup Requests0 Weak     Min:  0.0, Avg:  0.0, Max:  0.0, Diff:  0.0, Sum:  0.0, Workers: 4
[1272.400s][debug][gc,phases      ] GC(224)     Dead                           Min: 0, Avg:  0.0, Max: 0, Diff: 0, Sum: 0, Workers: 4
[1272.400s][debug][gc,phases      ] GC(224)     Total                          Min: 0, Avg:  0.0, Max: 0, Diff: 0, Sum: 0, Workers: 4
[1272.400s][debug][gc,phases      ] GC(224)   StringDedup Requests1 Weak     Min:  0.0, Avg:  0.0, Max:  0.0, Diff:  0.0, Sum:  0.0, Workers: 4
[1272.400s][debug][gc,phases      ] GC(224)     Dead                           Min: 0, Avg:  0.0, Max: 0, Diff: 0, Sum: 0, Workers: 4
[1272.400s][debug][gc,phases      ] GC(224)     Total                          Min: 0, Avg:  0.0, Max: 0, Diff: 0, Sum: 0, Workers: 4
[1272.400s][debug][gc,phases      ] GC(224)   Weak JFR Old Object Samples    Min:  0.0, Avg:  0.0, Max:  0.0, Diff:  0.0, Sum:  0.0, Workers: 4
[1272.400s][debug][gc,phases      ] GC(224)     Dead                           Min: 0, Avg:  0.0, Max: 0, Diff: 0, Sum: 0, Workers: 4
[1272.400s][debug][gc,phases      ] GC(224)     Total                          Min: 0, Avg:  0.0, Max: 0, Diff: 0, Sum: 0, Workers: 4
[1272.400s][debug][gc,phases      ] GC(224) Weak Processing 0.353ms
[1272.400s][debug][gc,age         ] GC(224) Desired survivor size 189267968 bytes, new threshold 15 (max threshold 15)
[1272.400s][info ][gc,heap        ] GC(224) PSYoungGen: 1715408K(1896960K)->15920K(1912320K) Eden: 1700864K(1700864K)->0K(1721344K) From: 14544K(196096K)->15920K(190976K)
[1272.400s][info ][gc,heap        ] GC(224) ParOldGen: 853188K(1048576K)->853196K(1048576K)
[1272.400s][info ][gc,metaspace   ] GC(224) Metaspace: 85184K(86080K)->85184K(86080K) NonClass: 73338K(73856K)->73338K(73856K) Class: 11846K(12224K)->11846K(12224K)
[1272.400s][info ][gc             ] GC(224) Pause Young (Allocation Failure) 2508M->848M(2891M) 6.468ms
[1272.400s][info ][gc,cpu         ] GC(224) User=0.02s Sys=0.00s Real=0.00s
[1272.400s][info ][safepoint      ] Safepoint "ParallelGCFailedAllocation", Time since last: 1210269351 ns, Reaching safepoint: 33401 ns, At safepoint: 6567066 ns, Total: 6600467 ns
[1275.401s][info ][safepoint      ] Safepoint "Cleanup", Time since last: 3000215230 ns, Reaching safepoint: 52201 ns, At safepoint: 3900 ns, Total: 56101 ns
[1276.401s][info ][safepoint      ] Safepoint "Cleanup", Time since last: 1000104311 ns, Reaching safepoint: 58901 ns, At safepoint: 8400 ns, Total: 67301 ns
[1277.401s][info ][safepoint      ] Safepoint "Cleanup", Time since last: 1000063210 ns, Reaching safepoint: 48201 ns, At safepoint: 8500 ns, Total: 56701 ns
[1278.401s][info ][safepoint      ] Safepoint "Cleanup", Time since last: 1000103611 ns, Reaching safepoint: 49801 ns, At safepoint: 4900 ns, Total: 54701 ns
[1279.401s][info ][safepoint      ] Safepoint "Cleanup", Time since last: 1000092710 ns, Reaching safepoint: 53301 ns, At safepoint: 4101 ns, Total: 57402 ns
[1280.401s][info ][safepoint      ] Safepoint "Cleanup", Time since last: 1000137411 ns, Reaching safepoint: 60301 ns, At safepoint: 13401 ns, Total: 73702 ns
[1281.402s][info ][safepoint      ] Safepoint "Cleanup", Time since last: 1000115610 ns, Reaching safepoint: 57202 ns, At safepoint: 4800 ns, Total: 62002 ns
[1282.402s][info ][safepoint      ] Safepoint "Cleanup", Time since last: 1000111810 ns, Reaching safepoint: 63702 ns, At safepoint: 13900 ns, Total: 77602 ns
[1283.402s][info ][safepoint      ] Safepoint "Cleanup", Time since last: 1000131411 ns, Reaching safepoint: 60602 ns, At safepoint: 8300 ns, Total: 68902 ns
[1284.402s][info ][safepoint      ] Safepoint "Cleanup", Time since last: 1000106611 ns, Reaching safepoint: 61601 ns, At safepoint: 4200 ns, Total: 65801 ns
[1285.402s][info ][safepoint      ] Safepoint "Cleanup", Time since last: 1000111611 ns, Reaching safepoint: 56201 ns, At safepoint: 24701 ns, Total: 80902 ns
[1286.402s][info ][safepoint      ] Safepoint "Cleanup", Time since last: 1000108710 ns, Reaching safepoint: 57001 ns, At safepoint: 4301 ns, Total: 61302 ns
[1288.403s][info ][safepoint      ] Safepoint "Cleanup", Time since last: 2000175119 ns, Reaching safepoint: 56501 ns, At safepoint: 5401 ns, Total: 61902 ns
[1290.403s][info ][safepoint      ] Safepoint "Cleanup", Time since last: 2000193719 ns, Reaching safepoint: 59102 ns, At safepoint: 4200 ns, Total: 63302 ns
[1291.403s][info ][safepoint      ] Safepoint "Cleanup", Time since last: 1000117211 ns, Reaching safepoint: 60801 ns, At safepoint: 6200 ns, Total: 67001 ns
[1294.403s][info ][safepoint      ] Safepoint "Cleanup", Time since last: 3000250229 ns, Reaching safepoint: 49101 ns, At safepoint: 4500 ns, Total: 53601 ns
[1297.404s][info ][safepoint      ] Safepoint "Cleanup", Time since last: 3000235528 ns, Reaching safepoint: 63501 ns, At safepoint: 8001 ns, Total: 71502 ns
[1298.404s][info ][safepoint      ] Safepoint "Cleanup", Time since last: 1000135410 ns, Reaching safepoint: 49502 ns, At safepoint: 6200 ns, Total: 55702 ns
[1300.404s][info ][safepoint      ] Safepoint "Cleanup", Time since last: 2000171619 ns, Reaching safepoint: 51801 ns, At safepoint: 4100 ns, Total: 55901 ns
[1301.404s][info ][safepoint      ] Safepoint "Cleanup", Time since last: 1000119610 ns, Reaching safepoint: 51601 ns, At safepoint: 4901 ns, Total: 56502 ns
[1303.405s][info ][safepoint      ] Safepoint "Cleanup", Time since last: 2000198019 ns, Reaching safepoint: 55501 ns, At safepoint: 5700 ns, Total: 61201 ns
[1307.405s][info ][safepoint      ] Safepoint "Cleanup", Time since last: 4000368638 ns, Reaching safepoint: 52601 ns, At safepoint: 6500 ns, Total: 59101 ns
[1308.405s][info ][safepoint      ] Safepoint "Cleanup", Time since last: 1000115710 ns, Reaching safepoint: 57902 ns, At safepoint: 6900 ns, Total: 64802 ns
[1310.405s][info ][safepoint      ] Safepoint "Cleanup", Time since last: 2000188418 ns, Reaching safepoint: 60802 ns, At safepoint: 8700 ns, Total: 69502 ns
[1311.406s][info ][safepoint      ] Safepoint "Cleanup", Time since last: 1000126210 ns, Reaching safepoint: 50802 ns, At safepoint: 4100 ns, Total: 54902 ns
[1312.406s][info ][safepoint      ] Safepoint "Cleanup", Time since last: 1000120410 ns, Reaching safepoint: 48301 ns, At safepoint: 8600 ns, Total: 56901 ns
[1316.179s][info ][gc,start       ] GC(225) Pause Young (Allocation Failure)
[1316.185s][debug][gc,phases      ] GC(225) Scavenge 6.690ms
[1316.185s][debug][gc,ref         ] GC(225) Skipped phase 1 of Reference Processing: no references
[1316.186s][debug][gc,ref         ] GC(225) ReferenceProcessor::execute queues: 1, RefProcThreadModel::Single, marks_oops_alive: false
[1316.186s][debug][gc,ref         ] GC(225) Skipped phase 3 of Reference Processing: no references
[1316.186s][debug][gc,ref         ] GC(225) ReferenceProcessor::execute queues: 1, RefProcThreadModel::Single, marks_oops_alive: false
[1316.186s][debug][gc,phases      ] GC(225) Reference Processing 0.145ms
[1316.186s][debug][gc,phases      ] GC(225)   VM Weak                        Min:  0.0, Avg:  0.0, Max:  0.0, Diff:  0.0, Sum:  0.0, Workers: 4
[1316.186s][debug][gc,phases      ] GC(225)     Dead                           Min: 0, Avg:  0.0, Max: 0, Diff: 0, Sum: 0, Workers: 4
[1316.186s][debug][gc,phases      ] GC(225)     Total                          Min: 0, Avg: 180.2, Max: 657, Diff: 657, Sum: 721, Workers: 4
[1316.186s][debug][gc,phases      ] GC(225)   ObjectSynchronizer Weak        Min:  0.0, Avg:  0.0, Max:  0.0, Diff:  0.0, Sum:  0.0, Workers: 4
[1316.186s][debug][gc,phases      ] GC(225)     Dead                           Min: 0, Avg:  0.0, Max: 0, Diff: 0, Sum: 0, Workers: 4
[1316.186s][debug][gc,phases      ] GC(225)     Total                          Min: 0, Avg: 118.2, Max: 281, Diff: 281, Sum: 473, Workers: 4
[1316.186s][debug][gc,phases      ] GC(225)   JVMTI Tag Weak OopStorage      Min:  0.0, Avg:  0.0, Max:  0.0, Diff:  0.0, Sum:  0.0, Workers: 4
[1316.186s][debug][gc,phases      ] GC(225)     Dead                           Min: 0, Avg:  0.0, Max: 0, Diff: 0, Sum: 0, Workers: 4
[1316.186s][debug][gc,phases      ] GC(225)     Total                          Min: 0, Avg:  0.0, Max: 0, Diff: 0, Sum: 0, Workers: 4
[1316.186s][debug][gc,phases      ] GC(225)   StringTable Weak               Min:  0.1, Avg:  0.1, Max:  0.1, Diff:  0.0, Sum:  0.6, Workers: 4
[1316.186s][debug][gc,phases      ] GC(225)     Dead                           Min: 0, Avg:  0.0, Max: 0, Diff: 0, Sum: 0, Workers: 4
[1316.186s][debug][gc,phases      ] GC(225)     Total                          Min: 5440, Avg: 12151.0, Max: 14940, Diff: 9500, Sum: 48604, Workers: 4
[1316.186s][debug][gc,phases      ] GC(225)   ResolvedMethodTable Weak       Min:  0.0, Avg:  0.0, Max:  0.0, Diff:  0.0, Sum:  0.1, Workers: 4
[1316.186s][debug][gc,phases      ] GC(225)     Dead                           Min: 0, Avg:  0.0, Max: 0, Diff: 0, Sum: 0, Workers: 4
[1316.186s][debug][gc,phases      ] GC(225)     Total                          Min: 2008, Avg: 2182.0, Max: 2368, Diff: 360, Sum: 8728, Workers: 4
[1316.186s][debug][gc,phases      ] GC(225)   JNI Weak                       Min:  0.0, Avg:  0.0, Max:  0.0, Diff:  0.0, Sum:  0.0, Workers: 4
[1316.186s][debug][gc,phases      ] GC(225)     Dead                           Min: 0, Avg:  0.0, Max: 0, Diff: 0, Sum: 0, Workers: 4
[1316.186s][debug][gc,phases      ] GC(225)     Total                          Min: 0, Avg:  0.0, Max: 0, Diff: 0, Sum: 0, Workers: 4
[1316.186s][debug][gc,phases      ] GC(225)   StringDedup Table Weak         Min:  0.0, Avg:  0.0, Max:  0.0, Diff:  0.0, Sum:  0.0, Workers: 4
[1316.186s][debug][gc,phases      ] GC(225)     Dead                           Min: 0, Avg:  0.0, Max: 0, Diff: 0, Sum: 0, Workers: 4
[1316.186s][debug][gc,phases      ] GC(225)     Total                          Min: 0, Avg:  0.0, Max: 0, Diff: 0, Sum: 0, Workers: 4
[1316.186s][debug][gc,phases      ] GC(225)   StringDedup Requests0 Weak     Min:  0.0, Avg:  0.0, Max:  0.0, Diff:  0.0, Sum:  0.0, Workers: 4
[1316.186s][debug][gc,phases      ] GC(225)     Dead                           Min: 0, Avg:  0.0, Max: 0, Diff: 0, Sum: 0, Workers: 4
[1316.186s][debug][gc,phases      ] GC(225)     Total                          Min: 0, Avg:  0.0, Max: 0, Diff: 0, Sum: 0, Workers: 4
[1316.186s][debug][gc,phases      ] GC(225)   StringDedup Requests1 Weak     Min:  0.0, Avg:  0.0, Max:  0.0, Diff:  0.0, Sum:  0.0, Workers: 4
[1316.186s][debug][gc,phases      ] GC(225)     Dead                           Min: 0, Avg:  0.0, Max: 0, Diff: 0, Sum: 0, Workers: 4
[1316.186s][debug][gc,phases      ] GC(225)     Total                          Min: 0, Avg:  0.0, Max: 0, Diff: 0, Sum: 0, Workers: 4
[1316.186s][debug][gc,phases      ] GC(225)   Weak JFR Old Object Samples    Min:  0.0, Avg:  0.0, Max:  0.0, Diff:  0.0, Sum:  0.0, Workers: 4
[1316.186s][debug][gc,phases      ] GC(225)     Dead                           Min: 0, Avg:  0.0, Max: 0, Diff: 0, Sum: 0, Workers: 4
[1316.186s][debug][gc,phases      ] GC(225)     Total                          Min: 0, Avg:  0.0, Max: 0, Diff: 0, Sum: 0, Workers: 4
[1316.186s][debug][gc,phases      ] GC(225) Weak Processing 0.364ms
[1316.186s][debug][gc,age         ] GC(225) Desired survivor size 182452224 bytes, new threshold 15 (max threshold 15)
[1316.186s][info ][gc,heap        ] GC(225) PSYoungGen: 1737264K(1912320K)->18096K(1906176K) Eden: 1721344K(1721344K)->0K(1721344K) From: 15920K(190976K)->18096K(184832K)
[1316.186s][info ][gc,heap        ] GC(225) ParOldGen: 853196K(1048576K)->853196K(1048576K)
[1316.186s][info ][gc,metaspace   ] GC(225) Metaspace: 85229K(86080K)->85229K(86080K) NonClass: 73380K(73856K)->73380K(73856K) Class: 11848K(12224K)->11848K(12224K)
[1316.186s][info ][gc             ] GC(225) Pause Young (Allocation Failure) 2529M->850M(2885M) 7.331ms
[1316.186s][info ][gc,cpu         ] GC(225) User=0.03s Sys=0.00s Real=0.01s
[1316.186s][info ][safepoint      ] Safepoint "ParallelGCFailedAllocation", Time since last: 3772716753 ns, Reaching safepoint: 124603 ns, At safepoint: 7430989 ns, Total: 7555592 ns
[1317.186s][info ][safepoint      ] Safepoint "Cleanup", Time since last: 1000091209 ns, Reaching safepoint: 69501 ns, At safepoint: 8101 ns, Total: 77602 ns
[1318.186s][info ][safepoint      ] Safepoint "Cleanup", Time since last: 1000112309 ns, Reaching safepoint: 44501 ns, At safepoint: 3100 ns, Total: 47601 ns
[1319.187s][info ][safepoint      ] Safepoint "Cleanup", Time since last: 1000093609 ns, Reaching safepoint: 44801 ns, At safepoint: 3101 ns, Total: 47902 ns
[1329.187s][info ][safepoint      ] Safepoint "Cleanup", Time since last: 10000641481 ns, Reaching safepoint: 48201 ns, At safepoint: 4600 ns, Total: 52801 ns
[1336.188s][info ][safepoint      ] Safepoint "Cleanup", Time since last: 7000491957 ns, Reaching safepoint: 59601 ns, At safepoint: 3400 ns, Total: 63001 ns
[1340.188s][info ][safepoint      ] Safepoint "Cleanup", Time since last: 4000273032 ns, Reaching safepoint: 53901 ns, At safepoint: 5300 ns, Total: 59201 ns
[1350.189s][info ][safepoint      ] Safepoint "Cleanup", Time since last: 10000799880 ns, Reaching safepoint: 56702 ns, At safepoint: 8100 ns, Total: 64802 ns
[1362.190s][info ][safepoint      ] Safepoint "Cleanup", Time since last: 12000816289 ns, Reaching safepoint: 54601 ns, At safepoint: 6600 ns, Total: 61201 ns
[1365.190s][info ][safepoint      ] Safepoint "Cleanup", Time since last: 3000281224 ns, Reaching safepoint: 56601 ns, At safepoint: 4101 ns, Total: 60702 ns
[1369.777s][info ][gc,start       ] GC(226) Pause Young (Allocation Failure)
[1369.783s][debug][gc,phases      ] GC(226) Scavenge 6.543ms
[1369.783s][debug][gc,ref         ] GC(226) Skipped phase 1 of Reference Processing: no references
[1369.783s][debug][gc,ref         ] GC(226) ReferenceProcessor::execute queues: 1, RefProcThreadModel::Single, marks_oops_alive: false
[1369.783s][debug][gc,ref         ] GC(226) Skipped phase 3 of Reference Processing: no references
[1369.783s][debug][gc,ref         ] GC(226) ReferenceProcessor::execute queues: 1, RefProcThreadModel::Single, marks_oops_alive: false
[1369.783s][debug][gc,phases      ] GC(226) Reference Processing 0.154ms
[1369.784s][debug][gc,phases      ] GC(226)   VM Weak                        Min:  0.0, Avg:  0.0, Max:  0.0, Diff:  0.0, Sum:  0.0, Workers: 4
[1369.784s][debug][gc,phases      ] GC(226)     Dead                           Min: 0, Avg:  0.0, Max: 0, Diff: 0, Sum: 0, Workers: 4
[1369.784s][debug][gc,phases      ] GC(226)     Total                          Min: 0, Avg: 180.2, Max: 704, Diff: 704, Sum: 721, Workers: 4
[1369.784s][debug][gc,phases      ] GC(226)   ObjectSynchronizer Weak        Min:  0.0, Avg:  0.0, Max:  0.0, Diff:  0.0, Sum:  0.0, Workers: 4
[1369.784s][debug][gc,phases      ] GC(226)     Dead                           Min: 0, Avg:  0.0, Max: 0, Diff: 0, Sum: 0, Workers: 4
[1369.784s][debug][gc,phases      ] GC(226)     Total                          Min: 0, Avg: 118.2, Max: 256, Diff: 256, Sum: 473, Workers: 4
[1369.784s][debug][gc,phases      ] GC(226)   JVMTI Tag Weak OopStorage      Min:  0.0, Avg:  0.0, Max:  0.0, Diff:  0.0, Sum:  0.0, Workers: 4
[1369.784s][debug][gc,phases      ] GC(226)     Dead                           Min: 0, Avg:  0.0, Max: 0, Diff: 0, Sum: 0, Workers: 4
[1369.784s][debug][gc,phases      ] GC(226)     Total                          Min: 0, Avg:  0.0, Max: 0, Diff: 0, Sum: 0, Workers: 4
[1369.784s][debug][gc,phases      ] GC(226)   StringTable Weak               Min:  0.1, Avg:  0.1, Max:  0.1, Diff:  0.0, Sum:  0.5, Workers: 4
[1369.784s][debug][gc,phases      ] GC(226)     Dead                           Min: 0, Avg:  0.0, Max: 0, Diff: 0, Sum: 0, Workers: 4
[1369.784s][debug][gc,phases      ] GC(226)     Total                          Min: 11625, Avg: 12154.2, Max: 12544, Diff: 919, Sum: 48617, Workers: 4
[1369.784s][debug][gc,phases      ] GC(226)   ResolvedMethodTable Weak       Min:  0.0, Avg:  0.0, Max:  0.0, Diff:  0.0, Sum:  0.1, Workers: 4
[1369.784s][debug][gc,phases      ] GC(226)     Dead                           Min: 0, Avg:  0.0, Max: 0, Diff: 0, Sum: 0, Workers: 4
[1369.784s][debug][gc,phases      ] GC(226)     Total                          Min: 2072, Avg: 2182.0, Max: 2304, Diff: 232, Sum: 8728, Workers: 4
[1369.784s][debug][gc,phases      ] GC(226)   JNI Weak                       Min:  0.0, Avg:  0.0, Max:  0.0, Diff:  0.0, Sum:  0.0, Workers: 4
[1369.784s][debug][gc,phases      ] GC(226)     Dead                           Min: 0, Avg:  0.0, Max: 0, Diff: 0, Sum: 0, Workers: 4
[1369.784s][debug][gc,phases      ] GC(226)     Total                          Min: 0, Avg:  0.0, Max: 0, Diff: 0, Sum: 0, Workers: 4
[1369.784s][debug][gc,phases      ] GC(226)   StringDedup Table Weak         Min:  0.0, Avg:  0.0, Max:  0.0, Diff:  0.0, Sum:  0.0, Workers: 4
[1369.784s][debug][gc,phases      ] GC(226)     Dead                           Min: 0, Avg:  0.0, Max: 0, Diff: 0, Sum: 0, Workers: 4
[1369.784s][debug][gc,phases      ] GC(226)     Total                          Min: 0, Avg:  0.0, Max: 0, Diff: 0, Sum: 0, Workers: 4
[1369.784s][debug][gc,phases      ] GC(226)   StringDedup Requests0 Weak     Min:  0.0, Avg:  0.0, Max:  0.0, Diff:  0.0, Sum:  0.0, Workers: 4
[1369.784s][debug][gc,phases      ] GC(226)     Dead                           Min: 0, Avg:  0.0, Max: 0, Diff: 0, Sum: 0, Workers: 4
[1369.784s][debug][gc,phases      ] GC(226)     Total                          Min: 0, Avg:  0.0, Max: 0, Diff: 0, Sum: 0, Workers: 4
[1369.784s][debug][gc,phases      ] GC(226)   StringDedup Requests1 Weak     Min:  0.0, Avg:  0.0, Max:  0.0, Diff:  0.0, Sum:  0.0, Workers: 4
[1369.784s][debug][gc,phases      ] GC(226)     Dead                           Min: 0, Avg:  0.0, Max: 0, Diff: 0, Sum: 0, Workers: 4
[1369.784s][debug][gc,phases      ] GC(226)     Total                          Min: 0, Avg:  0.0, Max: 0, Diff: 0, Sum: 0, Workers: 4
[1369.784s][debug][gc,phases      ] GC(226)   Weak JFR Old Object Samples    Min:  0.0, Avg:  0.0, Max:  0.0, Diff:  0.0, Sum:  0.0, Workers: 4
[1369.784s][debug][gc,phases      ] GC(226)     Dead                           Min: 0, Avg:  0.0, Max: 0, Diff: 0, Sum: 0, Workers: 4
[1369.784s][debug][gc,phases      ] GC(226)     Total                          Min: 0, Avg:  0.0, Max: 0, Diff: 0, Sum: 0, Workers: 4
[1369.784s][debug][gc,phases      ] GC(226) Weak Processing 0.403ms
[1369.784s][debug][gc,age         ] GC(226) Desired survivor size 175112192 bytes, new threshold 15 (max threshold 15)
[1369.784s][info ][gc,heap        ] GC(226) PSYoungGen: 1739440K(1906176K)->17888K(1926144K) Eden: 1721344K(1721344K)->0K(1747968K) From: 18096K(184832K)->17888K(178176K)
[1369.784s][info ][gc,heap        ] GC(226) ParOldGen: 853196K(1048576K)->853196K(1048576K)
[1369.784s][info ][gc,metaspace   ] GC(226) Metaspace: 85236K(86080K)->85236K(86080K) NonClass: 73388K(73856K)->73388K(73856K) Class: 11848K(12224K)->11848K(12224K)
[1369.784s][info ][gc             ] GC(226) Pause Young (Allocation Failure) 2531M->850M(2905M) 7.265ms
[1369.784s][info ][gc,cpu         ] GC(226) User=0.03s Sys=0.00s Real=0.01s
[1369.784s][info ][safepoint      ] Safepoint "ParallelGCFailedAllocation", Time since last: 4586217714 ns, Reaching safepoint: 119003 ns, At safepoint: 7367187 ns, Total: 7486190 ns
[1373.784s][info ][safepoint      ] Safepoint "Cleanup", Time since last: 4000327130 ns, Reaching safepoint: 32801 ns, At safepoint: 3100 ns, Total: 35901 ns
[1376.785s][info ][safepoint      ] Safepoint "Cleanup", Time since last: 3000277623 ns, Reaching safepoint: 62001 ns, At safepoint: 3800 ns, Total: 65801 ns
[1378.785s][info ][safepoint      ] Safepoint "Cleanup", Time since last: 2000178915 ns, Reaching safepoint: 58202 ns, At safepoint: 6800 ns, Total: 65002 ns
[1386.786s][info ][safepoint      ] Safepoint "Cleanup", Time since last: 8000617956 ns, Reaching safepoint: 60801 ns, At safepoint: 6700 ns, Total: 67501 ns
[1402.787s][info ][safepoint      ] Safepoint "Cleanup", Time since last: 16001082004 ns, Reaching safepoint: 51401 ns, At safepoint: 8600 ns, Total: 60001 ns
[1417.788s][info ][safepoint      ] Safepoint "Cleanup", Time since last: 15001066493 ns, Reaching safepoint: 78002 ns, At safepoint: 21401 ns, Total: 99403 ns
[1424.788s][info ][safepoint      ] Safepoint "Cleanup", Time since last: 7000551743 ns, Reaching safepoint: 54301 ns, At safepoint: 7601 ns, Total: 61902 ns
[1427.532s][info ][gc,start       ] GC(227) Pause Young (Allocation Failure)
[1427.537s][debug][gc,phases      ] GC(227) Scavenge 5.236ms
[1427.537s][debug][gc,ref         ] GC(227) Skipped phase 1 of Reference Processing: no references
[1427.537s][debug][gc,ref         ] GC(227) ReferenceProcessor::execute queues: 1, RefProcThreadModel::Single, marks_oops_alive: false
[1427.537s][debug][gc,ref         ] GC(227) Skipped phase 3 of Reference Processing: no references
[1427.538s][debug][gc,ref         ] GC(227) ReferenceProcessor::execute queues: 1, RefProcThreadModel::Single, marks_oops_alive: false
[1427.538s][debug][gc,phases      ] GC(227) Reference Processing 0.158ms
[1427.538s][debug][gc,phases      ] GC(227)   VM Weak                        Min:  0.0, Avg:  0.0, Max:  0.0, Diff:  0.0, Sum:  0.0, Workers: 4
[1427.538s][debug][gc,phases      ] GC(227)     Dead                           Min: 0, Avg:  0.0, Max: 0, Diff: 0, Sum: 0, Workers: 4
[1427.538s][debug][gc,phases      ] GC(227)     Total                          Min: 0, Avg: 180.2, Max: 465, Diff: 465, Sum: 721, Workers: 4
[1427.538s][debug][gc,phases      ] GC(227)   ObjectSynchronizer Weak        Min:  0.0, Avg:  0.0, Max:  0.0, Diff:  0.0, Sum:  0.0, Workers: 4
[1427.538s][debug][gc,phases      ] GC(227)     Dead                           Min: 0, Avg:  0.0, Max: 0, Diff: 0, Sum: 0, Workers: 4
[1427.538s][debug][gc,phases      ] GC(227)     Total                          Min: 0, Avg: 118.2, Max: 256, Diff: 256, Sum: 473, Workers: 4
[1427.538s][debug][gc,phases      ] GC(227)   JVMTI Tag Weak OopStorage      Min:  0.0, Avg:  0.0, Max:  0.0, Diff:  0.0, Sum:  0.0, Workers: 4
[1427.538s][debug][gc,phases      ] GC(227)     Dead                           Min: 0, Avg:  0.0, Max: 0, Diff: 0, Sum: 0, Workers: 4
[1427.538s][debug][gc,phases      ] GC(227)     Total                          Min: 0, Avg:  0.0, Max: 0, Diff: 0, Sum: 0, Workers: 4
[1427.538s][debug][gc,phases      ] GC(227)   StringTable Weak               Min:  0.1, Avg:  0.1, Max:  0.1, Diff:  0.0, Sum:  0.4, Workers: 4
[1427.538s][debug][gc,phases      ] GC(227)     Dead                           Min: 0, Avg:  0.0, Max: 0, Diff: 0, Sum: 0, Workers: 4
[1427.538s][debug][gc,phases      ] GC(227)     Total                          Min: 11626, Avg: 12154.5, Max: 12672, Diff: 1046, Sum: 48618, Workers: 4
[1427.538s][debug][gc,phases      ] GC(227)   ResolvedMethodTable Weak       Min:  0.0, Avg:  0.0, Max:  0.0, Diff:  0.0, Sum:  0.1, Workers: 4
[1427.538s][debug][gc,phases      ] GC(227)     Dead                           Min: 0, Avg:  0.0, Max: 0, Diff: 0, Sum: 0, Workers: 4
[1427.538s][debug][gc,phases      ] GC(227)     Total                          Min: 2112, Avg: 2182.0, Max: 2240, Diff: 128, Sum: 8728, Workers: 4
[1427.538s][debug][gc,phases      ] GC(227)   JNI Weak                       Min:  0.0, Avg:  0.0, Max:  0.0, Diff:  0.0, Sum:  0.0, Workers: 4
[1427.538s][debug][gc,phases      ] GC(227)     Dead                           Min: 0, Avg:  0.0, Max: 0, Diff: 0, Sum: 0, Workers: 4
[1427.538s][debug][gc,phases      ] GC(227)     Total                          Min: 0, Avg:  0.0, Max: 0, Diff: 0, Sum: 0, Workers: 4
[1427.538s][debug][gc,phases      ] GC(227)   StringDedup Table Weak         Min:  0.0, Avg:  0.0, Max:  0.0, Diff:  0.0, Sum:  0.0, Workers: 4
[1427.538s][debug][gc,phases      ] GC(227)     Dead                           Min: 0, Avg:  0.0, Max: 0, Diff: 0, Sum: 0, Workers: 4
[1427.538s][debug][gc,phases      ] GC(227)     Total                          Min: 0, Avg:  0.0, Max: 0, Diff: 0, Sum: 0, Workers: 4
[1427.538s][debug][gc,phases      ] GC(227)   StringDedup Requests0 Weak     Min:  0.0, Avg:  0.0, Max:  0.0, Diff:  0.0, Sum:  0.0, Workers: 4
[1427.538s][debug][gc,phases      ] GC(227)     Dead                           Min: 0, Avg:  0.0, Max: 0, Diff: 0, Sum: 0, Workers: 4
[1427.538s][debug][gc,phases      ] GC(227)     Total                          Min: 0, Avg:  0.0, Max: 0, Diff: 0, Sum: 0, Workers: 4
[1427.538s][debug][gc,phases      ] GC(227)   StringDedup Requests1 Weak     Min:  0.0, Avg:  0.0, Max:  0.0, Diff:  0.0, Sum:  0.0, Workers: 4
[1427.538s][debug][gc,phases      ] GC(227)     Dead                           Min: 0, Avg:  0.0, Max: 0, Diff: 0, Sum: 0, Workers: 4
[1427.538s][debug][gc,phases      ] GC(227)     Total                          Min: 0, Avg:  0.0, Max: 0, Diff: 0, Sum: 0, Workers: 4
[1427.538s][debug][gc,phases      ] GC(227)   Weak JFR Old Object Samples    Min:  0.0, Avg:  0.0, Max:  0.0, Diff:  0.0, Sum:  0.0, Workers: 4
[1427.538s][debug][gc,phases      ] GC(227)     Dead                           Min: 0, Avg:  0.0, Max: 0, Diff: 0, Sum: 0, Workers: 4
[1427.538s][debug][gc,phases      ] GC(227)     Total                          Min: 0, Avg:  0.0, Max: 0, Diff: 0, Sum: 0, Workers: 4
[1427.538s][debug][gc,phases      ] GC(227) Weak Processing 0.347ms
[1427.538s][debug][gc,age         ] GC(227) Desired survivor size 167247872 bytes, new threshold 15 (max threshold 15)
[1427.538s][info ][gc,heap        ] GC(227) PSYoungGen: 1765856K(1926144K)->17584K(1918976K) Eden: 1747968K(1747968K)->0K(1747968K) From: 17888K(178176K)->17584K(171008K)
[1427.538s][info ][gc,heap        ] GC(227) ParOldGen: 853196K(1048576K)->853196K(1048576K)
[1427.538s][info ][gc,metaspace   ] GC(227) Metaspace: 85258K(86144K)->85258K(86144K) NonClass: 73409K(73920K)->73409K(73920K) Class: 11848K(12224K)->11848K(12224K)
[1427.538s][info ][gc             ] GC(227) Pause Young (Allocation Failure) 2557M->850M(2898M) 5.882ms
[1427.538s][info ][gc,cpu         ] GC(227) User=0.03s Sys=0.00s Real=0.01s
[1427.538s][info ][safepoint      ] Safepoint "ParallelGCFailedAllocation", Time since last: 2743444594 ns, Reaching safepoint: 46301 ns, At safepoint: 5971852 ns, Total: 6018153 ns
[1430.538s][info ][safepoint      ] Safepoint "Cleanup", Time since last: 3000218818 ns, Reaching safepoint: 40701 ns, At safepoint: 7000 ns, Total: 47701 ns
[1438.539s][info ][safepoint      ] Safepoint "Cleanup", Time since last: 8000593146 ns, Reaching safepoint: 43301 ns, At safepoint: 25500 ns, Total: 68801 ns
[1441.539s][info ][safepoint      ] Safepoint "Cleanup", Time since last: 3000227717 ns, Reaching safepoint: 48702 ns, At safepoint: 3600 ns, Total: 52302 ns
[1449.540s][info ][safepoint      ] Safepoint "Cleanup", Time since last: 8000593644 ns, Reaching safepoint: 40301 ns, At safepoint: 9500 ns, Total: 49801 ns
[1460.541s][info ][safepoint      ] Safepoint "Cleanup", Time since last: 11000744757 ns, Reaching safepoint: 51901 ns, At safepoint: 10900 ns, Total: 62801 ns
[1462.541s][info ][safepoint      ] Safepoint "Cleanup", Time since last: 2000173411 ns, Reaching safepoint: 38401 ns, At safepoint: 3700 ns, Total: 42101 ns
[1468.541s][info ][safepoint      ] Safepoint "Cleanup", Time since last: 6000474832 ns, Reaching safepoint: 46201 ns, At safepoint: 9200 ns, Total: 55401 ns
[1472.542s][info ][safepoint      ] Safepoint "Cleanup", Time since last: 4000339821 ns, Reaching safepoint: 120303 ns, At safepoint: 7700 ns, Total: 128003 ns
[1479.542s][info ][safepoint      ] Safepoint "Cleanup", Time since last: 7000558936 ns, Reaching safepoint: 51901 ns, At safepoint: 4800 ns, Total: 56701 ns
[1480.543s][info ][safepoint      ] Safepoint "Cleanup", Time since last: 1000116506 ns, Reaching safepoint: 57001 ns, At safepoint: 4101 ns, Total: 61102 ns
[1482.543s][info ][safepoint      ] Safepoint "Cleanup", Time since last: 2000186210 ns, Reaching safepoint: 49301 ns, At safepoint: 4300 ns, Total: 53601 ns
[1486.898s][info ][gc,start       ] GC(228) Pause Young (Allocation Failure)
[1486.906s][debug][gc,phases      ] GC(228) Scavenge 7.093ms
[1486.906s][debug][gc,ref         ] GC(228) Skipped phase 1 of Reference Processing: no references
[1486.906s][debug][gc,ref         ] GC(228) ReferenceProcessor::execute queues: 1, RefProcThreadModel::Single, marks_oops_alive: false
[1486.906s][debug][gc,ref         ] GC(228) Skipped phase 3 of Reference Processing: no references
[1486.906s][debug][gc,ref         ] GC(228) ReferenceProcessor::execute queues: 1, RefProcThreadModel::Single, marks_oops_alive: false
[1486.906s][debug][gc,phases      ] GC(228) Reference Processing 0.135ms
[1486.906s][debug][gc,phases      ] GC(228)   VM Weak                        Min:  0.0, Avg:  0.0, Max:  0.0, Diff:  0.0, Sum:  0.0, Workers: 4
[1486.906s][debug][gc,phases      ] GC(228)     Dead                           Min: 0, Avg:  0.0, Max: 0, Diff: 0, Sum: 0, Workers: 4
[1486.906s][debug][gc,phases      ] GC(228)     Total                          Min: 0, Avg: 180.2, Max: 721, Diff: 721, Sum: 721, Workers: 4
[1486.906s][debug][gc,phases      ] GC(228)   ObjectSynchronizer Weak        Min:  0.0, Avg:  0.0, Max:  0.0, Diff:  0.0, Sum:  0.0, Workers: 4
[1486.906s][debug][gc,phases      ] GC(228)     Dead                           Min: 0, Avg:  0.0, Max: 0, Diff: 0, Sum: 0, Workers: 4
[1486.906s][debug][gc,phases      ] GC(228)     Total                          Min: 0, Avg: 118.2, Max: 256, Diff: 256, Sum: 473, Workers: 4
[1486.906s][debug][gc,phases      ] GC(228)   JVMTI Tag Weak OopStorage      Min:  0.0, Avg:  0.0, Max:  0.0, Diff:  0.0, Sum:  0.0, Workers: 4
[1486.906s][debug][gc,phases      ] GC(228)     Dead                           Min: 0, Avg:  0.0, Max: 0, Diff: 0, Sum: 0, Workers: 4
[1486.906s][debug][gc,phases      ] GC(228)     Total                          Min: 0, Avg:  0.0, Max: 0, Diff: 0, Sum: 0, Workers: 4
[1486.906s][debug][gc,phases      ] GC(228)   StringTable Weak               Min:  0.1, Avg:  0.1, Max:  0.1, Diff:  0.0, Sum:  0.5, Workers: 4
[1486.906s][debug][gc,phases      ] GC(228)     Dead                           Min: 0, Avg:  0.0, Max: 0, Diff: 0, Sum: 0, Workers: 4
[1486.906s][debug][gc,phases      ] GC(228)     Total                          Min: 10496, Avg: 12155.2, Max: 13120, Diff: 2624, Sum: 48621, Workers: 4
[1486.906s][debug][gc,phases      ] GC(228)   ResolvedMethodTable Weak       Min:  0.0, Avg:  0.0, Max:  0.0, Diff:  0.0, Sum:  0.1, Workers: 4
[1486.906s][debug][gc,phases      ] GC(228)     Dead                           Min: 0, Avg:  0.0, Max: 0, Diff: 0, Sum: 0, Workers: 4
[1486.906s][debug][gc,phases      ] GC(228)     Total                          Min: 1920, Avg: 2182.0, Max: 2560, Diff: 640, Sum: 8728, Workers: 4
[1486.906s][debug][gc,phases      ] GC(228)   JNI Weak                       Min:  0.0, Avg:  0.0, Max:  0.0, Diff:  0.0, Sum:  0.0, Workers: 4
[1486.906s][debug][gc,phases      ] GC(228)     Dead                           Min: 0, Avg:  0.0, Max: 0, Diff: 0, Sum: 0, Workers: 4
[1486.906s][debug][gc,phases      ] GC(228)     Total                          Min: 0, Avg:  0.0, Max: 0, Diff: 0, Sum: 0, Workers: 4
[1486.906s][debug][gc,phases      ] GC(228)   StringDedup Table Weak         Min:  0.0, Avg:  0.0, Max:  0.0, Diff:  0.0, Sum:  0.0, Workers: 4
[1486.906s][debug][gc,phases      ] GC(228)     Dead                           Min: 0, Avg:  0.0, Max: 0, Diff: 0, Sum: 0, Workers: 4
[1486.906s][debug][gc,phases      ] GC(228)     Total                          Min: 0, Avg:  0.0, Max: 0, Diff: 0, Sum: 0, Workers: 4
[1486.906s][debug][gc,phases      ] GC(228)   StringDedup Requests0 Weak     Min:  0.0, Avg:  0.0, Max:  0.0, Diff:  0.0, Sum:  0.0, Workers: 4
[1486.906s][debug][gc,phases      ] GC(228)     Dead                           Min: 0, Avg:  0.0, Max: 0, Diff: 0, Sum: 0, Workers: 4
[1486.906s][debug][gc,phases      ] GC(228)     Total                          Min: 0, Avg:  0.0, Max: 0, Diff: 0, Sum: 0, Workers: 4
[1486.906s][debug][gc,phases      ] GC(228)   StringDedup Requests1 Weak     Min:  0.0, Avg:  0.0, Max:  0.0, Diff:  0.0, Sum:  0.0, Workers: 4
[1486.906s][debug][gc,phases      ] GC(228)     Dead                           Min: 0, Avg:  0.0, Max: 0, Diff: 0, Sum: 0, Workers: 4
[1486.906s][debug][gc,phases      ] GC(228)     Total                          Min: 0, Avg:  0.0, Max: 0, Diff: 0, Sum: 0, Workers: 4
[1486.906s][debug][gc,phases      ] GC(228)   Weak JFR Old Object Samples    Min:  0.0, Avg:  0.0, Max:  0.0, Diff:  0.0, Sum:  0.0, Workers: 4
[1486.906s][debug][gc,phases      ] GC(228)     Dead                           Min: 0, Avg:  0.0, Max: 0, Diff: 0, Sum: 0, Workers: 4
[1486.906s][debug][gc,phases      ] GC(228)     Total                          Min: 0, Avg:  0.0, Max: 0, Diff: 0, Sum: 0, Workers: 4
[1486.906s][debug][gc,phases      ] GC(228) Weak Processing 0.372ms
[1486.906s][debug][gc,age         ] GC(228) Desired survivor size 159907840 bytes, new threshold 15 (max threshold 15)
[1486.906s][info ][gc,heap        ] GC(228) PSYoungGen: 1765552K(1918976K)->17488K(1940992K) Eden: 1747968K(1747968K)->0K(1777664K) From: 17584K(171008K)->17488K(163328K)
[1486.906s][info ][gc,heap        ] GC(228) ParOldGen: 853196K(1048576K)->853196K(1048576K)
[1486.906s][info ][gc,metaspace   ] GC(228) Metaspace: 85272K(86144K)->85272K(86144K) NonClass: 73424K(73920K)->73424K(73920K) Class: 11848K(12224K)->11848K(12224K)
[1486.906s][info ][gc             ] GC(228) Pause Young (Allocation Failure) 2557M->850M(2919M) 7.737ms
[1486.906s][info ][gc,cpu         ] GC(228) User=0.03s Sys=0.00s Real=0.01s
[1486.906s][info ][safepoint      ] Safepoint "ParallelGCFailedAllocation", Time since last: 4355477342 ns, Reaching safepoint: 42501 ns, At safepoint: 7827399 ns, Total: 7869900 ns
[1488.906s][info ][safepoint      ] Safepoint "Cleanup", Time since last: 2000164410 ns, Reaching safepoint: 50901 ns, At safepoint: 6400 ns, Total: 57301 ns
[1490.907s][info ][safepoint      ] Safepoint "Cleanup", Time since last: 2000175110 ns, Reaching safepoint: 55201 ns, At safepoint: 3900 ns, Total: 59101 ns
[1492.907s][info ][safepoint      ] Safepoint "Cleanup", Time since last: 2000181710 ns, Reaching safepoint: 61302 ns, At safepoint: 7200 ns, Total: 68502 ns
[1509.908s][info ][safepoint      ] Safepoint "Cleanup", Time since last: 17001258275 ns, Reaching safepoint: 55401 ns, At safepoint: 3500 ns, Total: 58901 ns
[1532.910s][info ][safepoint      ] Safepoint "Cleanup", Time since last: 23001721093 ns, Reaching safepoint: 58902 ns, At safepoint: 4100 ns, Total: 63002 ns
[1535.910s][info ][safepoint      ] Safepoint "Cleanup", Time since last: 3000261912 ns, Reaching safepoint: 57202 ns, At safepoint: 4300 ns, Total: 61502 ns
[1540.911s][info ][safepoint      ] Safepoint "Cleanup", Time since last: 5000344818 ns, Reaching safepoint: 61801 ns, At safepoint: 14301 ns, Total: 76102 ns
[1543.829s][info ][gc,start       ] GC(229) Pause Young (Allocation Failure)
[1543.835s][debug][gc,phases      ] GC(229) Scavenge 5.769ms
[1543.835s][debug][gc,ref         ] GC(229) Skipped phase 1 of Reference Processing: no references
[1543.835s][debug][gc,ref         ] GC(229) ReferenceProcessor::execute queues: 1, RefProcThreadModel::Single, marks_oops_alive: false
[1543.835s][debug][gc,ref         ] GC(229) Skipped phase 3 of Reference Processing: no references
[1543.835s][debug][gc,ref         ] GC(229) ReferenceProcessor::execute queues: 1, RefProcThreadModel::Single, marks_oops_alive: false
[1543.835s][debug][gc,phases      ] GC(229) Reference Processing 0.132ms
[1543.835s][debug][gc,phases      ] GC(229)   VM Weak                        Min:  0.0, Avg:  0.0, Max:  0.0, Diff:  0.0, Sum:  0.0, Workers: 4
[1543.835s][debug][gc,phases      ] GC(229)     Dead                           Min: 0, Avg:  0.0, Max: 0, Diff: 0, Sum: 0, Workers: 4
[1543.835s][debug][gc,phases      ] GC(229)     Total                          Min: 0, Avg: 180.2, Max: 512, Diff: 512, Sum: 721, Workers: 4
[1543.835s][debug][gc,phases      ] GC(229)   ObjectSynchronizer Weak        Min:  0.0, Avg:  0.0, Max:  0.0, Diff:  0.0, Sum:  0.0, Workers: 4
[1543.835s][debug][gc,phases      ] GC(229)     Dead                           Min: 0, Avg:  0.0, Max: 0, Diff: 0, Sum: 0, Workers: 4
[1543.835s][debug][gc,phases      ] GC(229)     Total                          Min: 0, Avg: 118.2, Max: 192, Diff: 192, Sum: 473, Workers: 4
[1543.835s][debug][gc,phases      ] GC(229)   JVMTI Tag Weak OopStorage      Min:  0.0, Avg:  0.0, Max:  0.0, Diff:  0.0, Sum:  0.0, Workers: 4
[1543.835s][debug][gc,phases      ] GC(229)     Dead                           Min: 0, Avg:  0.0, Max: 0, Diff: 0, Sum: 0, Workers: 4
[1543.835s][debug][gc,phases      ] GC(229)     Total                          Min: 0, Avg:  0.0, Max: 0, Diff: 0, Sum: 0, Workers: 4
[1543.835s][debug][gc,phases      ] GC(229)   StringTable Weak               Min:  0.1, Avg:  0.1, Max:  0.1, Diff:  0.0, Sum:  0.5, Workers: 4
[1543.835s][debug][gc,phases      ] GC(229)     Dead                           Min: 0, Avg:  0.0, Max: 0, Diff: 0, Sum: 0, Workers: 4
[1543.835s][debug][gc,phases      ] GC(229)     Total                          Min: 11200, Avg: 12155.5, Max: 13440, Diff: 2240, Sum: 48622, Workers: 4
[1543.835s][debug][gc,phases      ] GC(229)   ResolvedMethodTable Weak       Min:  0.0, Avg:  0.0, Max:  0.0, Diff:  0.0, Sum:  0.1, Workers: 4
[1543.835s][debug][gc,phases      ] GC(229)     Dead                           Min: 0, Avg:  0.0, Max: 0, Diff: 0, Sum: 0, Workers: 4
[1543.835s][debug][gc,phases      ] GC(229)     Total                          Min: 2048, Avg: 2182.0, Max: 2368, Diff: 320, Sum: 8728, Workers: 4
[1543.835s][debug][gc,phases      ] GC(229)   JNI Weak                       Min:  0.0, Avg:  0.0, Max:  0.0, Diff:  0.0, Sum:  0.0, Workers: 4
[1543.835s][debug][gc,phases      ] GC(229)     Dead                           Min: 0, Avg:  0.0, Max: 0, Diff: 0, Sum: 0, Workers: 4
[1543.835s][debug][gc,phases      ] GC(229)     Total                          Min: 0, Avg:  0.0, Max: 0, Diff: 0, Sum: 0, Workers: 4
[1543.835s][debug][gc,phases      ] GC(229)   StringDedup Table Weak         Min:  0.0, Avg:  0.0, Max:  0.0, Diff:  0.0, Sum:  0.0, Workers: 4
[1543.835s][debug][gc,phases      ] GC(229)     Dead                           Min: 0, Avg:  0.0, Max: 0, Diff: 0, Sum: 0, Workers: 4
[1543.835s][debug][gc,phases      ] GC(229)     Total                          Min: 0, Avg:  0.0, Max: 0, Diff: 0, Sum: 0, Workers: 4
[1543.835s][debug][gc,phases      ] GC(229)   StringDedup Requests0 Weak     Min:  0.0, Avg:  0.0, Max:  0.0, Diff:  0.0, Sum:  0.0, Workers: 4
[1543.835s][debug][gc,phases      ] GC(229)     Dead                           Min: 0, Avg:  0.0, Max: 0, Diff: 0, Sum: 0, Workers: 4
[1543.835s][debug][gc,phases      ] GC(229)     Total                          Min: 0, Avg:  0.0, Max: 0, Diff: 0, Sum: 0, Workers: 4
[1543.835s][debug][gc,phases      ] GC(229)   StringDedup Requests1 Weak     Min:  0.0, Avg:  0.0, Max:  0.0, Diff:  0.0, Sum:  0.0, Workers: 4
[1543.835s][debug][gc,phases      ] GC(229)     Dead                           Min: 0, Avg:  0.0, Max: 0, Diff: 0, Sum: 0, Workers: 4
[1543.835s][debug][gc,phases      ] GC(229)     Total                          Min: 0, Avg:  0.0, Max: 0, Diff: 0, Sum: 0, Workers: 4
[1543.835s][debug][gc,phases      ] GC(229)   Weak JFR Old Object Samples    Min:  0.0, Avg:  0.0, Max:  0.0, Diff:  0.0, Sum:  0.0, Workers: 4
[1543.835s][debug][gc,phases      ] GC(229)     Dead                           Min: 0, Avg:  0.0, Max: 0, Diff: 0, Sum: 0, Workers: 4
[1543.835s][debug][gc,phases      ] GC(229)     Total                          Min: 0, Avg:  0.0, Max: 0, Diff: 0, Sum: 0, Workers: 4
[1543.835s][debug][gc,phases      ] GC(229) Weak Processing 0.345ms
[1543.836s][debug][gc,age         ] GC(229) Desired survivor size 152043520 bytes, new threshold 15 (max threshold 15)
[1543.836s][info ][gc,heap        ] GC(229) PSYoungGen: 1795152K(1940992K)->17792K(1933824K) Eden: 1777664K(1777664K)->0K(1777664K) From: 17488K(163328K)->17792K(156160K)
[1543.836s][info ][gc,heap        ] GC(229) ParOldGen: 853196K(1048576K)->853196K(1048576K)
[1543.836s][info ][gc,metaspace   ] GC(229) Metaspace: 85289K(86144K)->85289K(86144K) NonClass: 73441K(73920K)->73441K(73920K) Class: 11848K(12224K)->11848K(12224K)
[1543.836s][info ][gc             ] GC(229) Pause Young (Allocation Failure) 2586M->850M(2912M) 6.385ms
[1543.836s][info ][gc,cpu         ] GC(229) User=0.03s Sys=0.00s Real=0.01s
[1543.836s][info ][safepoint      ] Safepoint "ParallelGCFailedAllocation", Time since last: 2918316430 ns, Reaching safepoint: 54201 ns, At safepoint: 6477365 ns, Total: 6531566 ns
[1549.836s][info ][safepoint      ] Safepoint "Cleanup", Time since last: 6000404220 ns, Reaching safepoint: 57502 ns, At safepoint: 7500 ns, Total: 65002 ns
[1558.837s][info ][safepoint      ] Safepoint "Cleanup", Time since last: 9000666531 ns, Reaching safepoint: 53801 ns, At safepoint: 11201 ns, Total: 65002 ns
[1559.837s][info ][safepoint      ] Safepoint "Cleanup", Time since last: 1000115104 ns, Reaching safepoint: 54902 ns, At safepoint: 10200 ns, Total: 65102 ns
[1560.837s][info ][safepoint      ] Safepoint "Cleanup", Time since last: 1000069503 ns, Reaching safepoint: 49301 ns, At safepoint: 3600 ns, Total: 52901 ns
[1565.838s][info ][safepoint      ] Safepoint "Cleanup", Time since last: 5000400218 ns, Reaching safepoint: 46301 ns, At safepoint: 3600 ns, Total: 49901 ns
[1566.838s][info ][safepoint      ] Safepoint "Cleanup", Time since last: 1000093804 ns, Reaching safepoint: 51801 ns, At safepoint: 6500 ns, Total: 58301 ns
[1568.838s][info ][safepoint      ] Safepoint "Cleanup", Time since last: 2000183507 ns, Reaching safepoint: 124304 ns, At safepoint: 7400 ns, Total: 131704 ns
[1569.838s][info ][safepoint      ] Safepoint "Cleanup", Time since last: 1000115304 ns, Reaching safepoint: 43901 ns, At safepoint: 3500 ns, Total: 47401 ns
[1571.838s][info ][safepoint      ] Safepoint "Cleanup", Time since last: 2000190808 ns, Reaching safepoint: 50301 ns, At safepoint: 3100 ns, Total: 53401 ns
[1572.839s][info ][safepoint      ] Safepoint "Cleanup", Time since last: 1000116304 ns, Reaching safepoint: 48701 ns, At safepoint: 3200 ns, Total: 51901 ns
[1577.839s][info ][safepoint      ] Safepoint "Cleanup", Time since last: 5000367916 ns, Reaching safepoint: 55101 ns, At safepoint: 10101 ns, Total: 65202 ns
[1585.840s][info ][safepoint      ] Safepoint "Cleanup", Time since last: 8000625424 ns, Reaching safepoint: 57302 ns, At safepoint: 10200 ns, Total: 67502 ns
[1587.840s][info ][safepoint      ] Safepoint "Cleanup", Time since last: 2000177207 ns, Reaching safepoint: 46201 ns, At safepoint: 4200 ns, Total: 50401 ns
[1588.501s][info ][gc,start       ] GC(230) Pause Young (Allocation Failure)
[1588.508s][debug][gc,phases      ] GC(230) Scavenge 7.137ms
[1588.508s][debug][gc,ref         ] GC(230) Skipped phase 1 of Reference Processing: no references
[1588.508s][debug][gc,ref         ] GC(230) ReferenceProcessor::execute queues: 1, RefProcThreadModel::Single, marks_oops_alive: false
[1588.508s][debug][gc,ref         ] GC(230) Skipped phase 3 of Reference Processing: no references
[1588.508s][debug][gc,ref         ] GC(230) ReferenceProcessor::execute queues: 1, RefProcThreadModel::Single, marks_oops_alive: false
[1588.508s][debug][gc,phases      ] GC(230) Reference Processing 0.164ms
[1588.508s][debug][gc,phases      ] GC(230)   VM Weak                        Min:  0.0, Avg:  0.0, Max:  0.0, Diff:  0.0, Sum:  0.0, Workers: 4
[1588.508s][debug][gc,phases      ] GC(230)     Dead                           Min: 0, Avg:  0.0, Max: 0, Diff: 0, Sum: 0, Workers: 4
[1588.508s][debug][gc,phases      ] GC(230)     Total                          Min: 0, Avg: 180.2, Max: 721, Diff: 721, Sum: 721, Workers: 4
[1588.508s][debug][gc,phases      ] GC(230)   ObjectSynchronizer Weak        Min:  0.0, Avg:  0.0, Max:  0.0, Diff:  0.0, Sum:  0.0, Workers: 4
[1588.508s][debug][gc,phases      ] GC(230)     Dead                           Min: 0, Avg:  0.0, Max: 0, Diff: 0, Sum: 0, Workers: 4
[1588.508s][debug][gc,phases      ] GC(230)     Total                          Min: 0, Avg: 118.2, Max: 345, Diff: 345, Sum: 473, Workers: 4
[1588.508s][debug][gc,phases      ] GC(230)   JVMTI Tag Weak OopStorage      Min:  0.0, Avg:  0.0, Max:  0.0, Diff:  0.0, Sum:  0.0, Workers: 4
[1588.508s][debug][gc,phases      ] GC(230)     Dead                           Min: 0, Avg:  0.0, Max: 0, Diff: 0, Sum: 0, Workers: 4
[1588.508s][debug][gc,phases      ] GC(230)     Total                          Min: 0, Avg:  0.0, Max: 0, Diff: 0, Sum: 0, Workers: 4
[1588.508s][debug][gc,phases      ] GC(230)   StringTable Weak               Min:  0.1, Avg:  0.1, Max:  0.1, Diff:  0.0, Sum:  0.4, Workers: 4
[1588.508s][debug][gc,phases      ] GC(230)     Dead                           Min: 0, Avg:  0.0, Max: 0, Diff: 0, Sum: 0, Workers: 4
[1588.508s][debug][gc,phases      ] GC(230)     Total                          Min: 10947, Avg: 12160.8, Max: 13120, Diff: 2173, Sum: 48643, Workers: 4
[1588.508s][debug][gc,phases      ] GC(230)   ResolvedMethodTable Weak       Min:  0.0, Avg:  0.0, Max:  0.0, Diff:  0.0, Sum:  0.1, Workers: 4
[1588.508s][debug][gc,phases      ] GC(230)     Dead                           Min: 0, Avg:  0.0, Max: 0, Diff: 0, Sum: 0, Workers: 4
[1588.508s][debug][gc,phases      ] GC(230)     Total                          Min: 1984, Avg: 2182.5, Max: 2394, Diff: 410, Sum: 8730, Workers: 4
[1588.508s][debug][gc,phases      ] GC(230)   JNI Weak                       Min:  0.0, Avg:  0.0, Max:  0.0, Diff:  0.0, Sum:  0.0, Workers: 4
[1588.508s][debug][gc,phases      ] GC(230)     Dead                           Min: 0, Avg:  0.0, Max: 0, Diff: 0, Sum: 0, Workers: 4
[1588.508s][debug][gc,phases      ] GC(230)     Total                          Min: 0, Avg:  0.0, Max: 0, Diff: 0, Sum: 0, Workers: 4
[1588.508s][debug][gc,phases      ] GC(230)   StringDedup Table Weak         Min:  0.0, Avg:  0.0, Max:  0.0, Diff:  0.0, Sum:  0.0, Workers: 4
[1588.508s][debug][gc,phases      ] GC(230)     Dead                           Min: 0, Avg:  0.0, Max: 0, Diff: 0, Sum: 0, Workers: 4
[1588.509s][debug][gc,phases      ] GC(230)     Total                          Min: 0, Avg:  0.0, Max: 0, Diff: 0, Sum: 0, Workers: 4
[1588.509s][debug][gc,phases      ] GC(230)   StringDedup Requests0 Weak     Min:  0.0, Avg:  0.0, Max:  0.0, Diff:  0.0, Sum:  0.0, Workers: 4
[1588.509s][debug][gc,phases      ] GC(230)     Dead                           Min: 0, Avg:  0.0, Max: 0, Diff: 0, Sum: 0, Workers: 4
[1588.509s][debug][gc,phases      ] GC(230)     Total                          Min: 0, Avg:  0.0, Max: 0, Diff: 0, Sum: 0, Workers: 4
[1588.509s][debug][gc,phases      ] GC(230)   StringDedup Requests1 Weak     Min:  0.0, Avg:  0.0, Max:  0.0, Diff:  0.0, Sum:  0.0, Workers: 4
[1588.509s][debug][gc,phases      ] GC(230)     Dead                           Min: 0, Avg:  0.0, Max: 0, Diff: 0, Sum: 0, Workers: 4
[1588.509s][debug][gc,phases      ] GC(230)     Total                          Min: 0, Avg:  0.0, Max: 0, Diff: 0, Sum: 0, Workers: 4
[1588.509s][debug][gc,phases      ] GC(230)   Weak JFR Old Object Samples    Min:  0.0, Avg:  0.0, Max:  0.0, Diff:  0.0, Sum:  0.0, Workers: 4
[1588.509s][debug][gc,phases      ] GC(230)     Dead                           Min: 0, Avg:  0.0, Max: 0, Diff: 0, Sum: 0, Workers: 4
[1588.509s][debug][gc,phases      ] GC(230)     Total                          Min: 0, Avg:  0.0, Max: 0, Diff: 0, Sum: 0, Workers: 4
[1588.509s][debug][gc,phases      ] GC(230) Weak Processing 0.413ms
[1588.509s][debug][gc,age         ] GC(230) Desired survivor size 144703488 bytes, new threshold 15 (max threshold 15)
[1588.509s][info ][gc,heap        ] GC(230) PSYoungGen: 1795456K(1933824K)->19792K(1955840K) Eden: 1777664K(1777664K)->0K(1807360K) From: 17792K(156160K)->19792K(148480K)
[1588.509s][info ][gc,heap        ] GC(230) ParOldGen: 853196K(1048576K)->853196K(1048576K)
[1588.509s][info ][gc,metaspace   ] GC(230) Metaspace: 85311K(86144K)->85311K(86144K) NonClass: 73460K(73920K)->73460K(73920K) Class: 11850K(12224K)->11850K(12224K)
[1588.509s][info ][gc             ] GC(230) Pause Young (Allocation Failure) 2586M->852M(2934M) 7.886ms
[1588.509s][info ][gc,cpu         ] GC(230) User=0.03s Sys=0.00s Real=0.01s
[1588.509s][info ][safepoint      ] Safepoint "ParallelGCFailedAllocation", Time since last: 660686582 ns, Reaching safepoint: 58801 ns, At safepoint: 8005004 ns, Total: 8063805 ns
[1590.509s][info ][safepoint      ] Safepoint "Cleanup", Time since last: 2000167806 ns, Reaching safepoint: 61402 ns, At safepoint: 9300 ns, Total: 70702 ns
[1591.509s][info ][safepoint      ] Safepoint "Cleanup", Time since last: 1000112204 ns, Reaching safepoint: 60401 ns, At safepoint: 4400 ns, Total: 64801 ns
[1598.510s][info ][safepoint      ] Safepoint "Cleanup", Time since last: 7000546020 ns, Reaching safepoint: 61302 ns, At safepoint: 15200 ns, Total: 76502 ns
[1610.511s][info ][safepoint      ] Safepoint "Cleanup", Time since last: 12000849031 ns, Reaching safepoint: 54901 ns, At safepoint: 3400 ns, Total: 58301 ns
[1616.511s][info ][safepoint      ] Safepoint "Cleanup", Time since last: 6000449615 ns, Reaching safepoint: 59302 ns, At safepoint: 6000 ns, Total: 65302 ns
[1619.511s][info ][safepoint      ] Safepoint "Cleanup", Time since last: 3000235608 ns, Reaching safepoint: 36101 ns, At safepoint: 4200 ns, Total: 40301 ns
[1621.512s][info ][safepoint      ] Safepoint "Cleanup", Time since last: 2000170505 ns, Reaching safepoint: 53301 ns, At safepoint: 5301 ns, Total: 58602 ns
[1622.512s][info ][safepoint      ] Safepoint "Cleanup", Time since last: 1000135704 ns, Reaching safepoint: 48701 ns, At safepoint: 5600 ns, Total: 54301 ns
[1631.513s][info ][safepoint      ] Safepoint "Cleanup", Time since last: 9000653520 ns, Reaching safepoint: 57902 ns, At safepoint: 8300 ns, Total: 66202 ns
[1636.031s][info ][gc,start       ] GC(231) Pause Young (Allocation Failure)
[1636.037s][debug][gc,phases      ] GC(231) Scavenge 6.615ms
[1636.037s][debug][gc,ref         ] GC(231) Skipped phase 1 of Reference Processing: no references
[1636.037s][debug][gc,ref         ] GC(231) ReferenceProcessor::execute queues: 1, RefProcThreadModel::Single, marks_oops_alive: false
[1636.037s][debug][gc,ref         ] GC(231) Skipped phase 3 of Reference Processing: no references
[1636.037s][debug][gc,ref         ] GC(231) ReferenceProcessor::execute queues: 1, RefProcThreadModel::Single, marks_oops_alive: false
[1636.037s][debug][gc,phases      ] GC(231) Reference Processing 0.128ms
[1636.038s][debug][gc,phases      ] GC(231)   VM Weak                        Min:  0.0, Avg:  0.0, Max:  0.0, Diff:  0.0, Sum:  0.0, Workers: 4
[1636.038s][debug][gc,phases      ] GC(231)     Dead                           Min: 0, Avg:  0.0, Max: 0, Diff: 0, Sum: 0, Workers: 4
[1636.038s][debug][gc,phases      ] GC(231)     Total                          Min: 0, Avg: 180.2, Max: 512, Diff: 512, Sum: 721, Workers: 4
[1636.038s][debug][gc,phases      ] GC(231)   ObjectSynchronizer Weak        Min:  0.0, Avg:  0.0, Max:  0.0, Diff:  0.0, Sum:  0.0, Workers: 4
[1636.038s][debug][gc,phases      ] GC(231)     Dead                           Min: 0, Avg:  0.0, Max: 0, Diff: 0, Sum: 0, Workers: 4
[1636.038s][debug][gc,phases      ] GC(231)     Total                          Min: 0, Avg: 118.2, Max: 217, Diff: 217, Sum: 473, Workers: 4
[1636.038s][debug][gc,phases      ] GC(231)   JVMTI Tag Weak OopStorage      Min:  0.0, Avg:  0.0, Max:  0.0, Diff:  0.0, Sum:  0.0, Workers: 4
[1636.038s][debug][gc,phases      ] GC(231)     Dead                           Min: 0, Avg:  0.0, Max: 0, Diff: 0, Sum: 0, Workers: 4
[1636.038s][debug][gc,phases      ] GC(231)     Total                          Min: 0, Avg:  0.0, Max: 0, Diff: 0, Sum: 0, Workers: 4
[1636.038s][debug][gc,phases      ] GC(231)   StringTable Weak               Min:  0.1, Avg:  0.1, Max:  0.1, Diff:  0.0, Sum:  0.5, Workers: 4
[1636.038s][debug][gc,phases      ] GC(231)     Dead                           Min: 0, Avg:  0.0, Max: 0, Diff: 0, Sum: 0, Workers: 4
[1636.038s][debug][gc,phases      ] GC(231)     Total                          Min: 11648, Avg: 12163.0, Max: 12428, Diff: 780, Sum: 48652, Workers: 4
[1636.038s][debug][gc,phases      ] GC(231)   ResolvedMethodTable Weak       Min:  0.0, Avg:  0.0, Max:  0.0, Diff:  0.0, Sum:  0.1, Workers: 4
[1636.038s][debug][gc,phases      ] GC(231)     Dead                           Min: 0, Avg:  0.0, Max: 0, Diff: 0, Sum: 0, Workers: 4
[1636.038s][debug][gc,phases      ] GC(231)     Total                          Min: 2074, Avg: 2182.5, Max: 2304, Diff: 230, Sum: 8730, Workers: 4
[1636.038s][debug][gc,phases      ] GC(231)   JNI Weak                       Min:  0.0, Avg:  0.0, Max:  0.0, Diff:  0.0, Sum:  0.0, Workers: 4
[1636.038s][debug][gc,phases      ] GC(231)     Dead                           Min: 0, Avg:  0.0, Max: 0, Diff: 0, Sum: 0, Workers: 4
[1636.038s][debug][gc,phases      ] GC(231)     Total                          Min: 0, Avg:  0.0, Max: 0, Diff: 0, Sum: 0, Workers: 4
[1636.038s][debug][gc,phases      ] GC(231)   StringDedup Table Weak         Min:  0.0, Avg:  0.0, Max:  0.0, Diff:  0.0, Sum:  0.0, Workers: 4
[1636.038s][debug][gc,phases      ] GC(231)     Dead                           Min: 0, Avg:  0.0, Max: 0, Diff: 0, Sum: 0, Workers: 4
[1636.038s][debug][gc,phases      ] GC(231)     Total                          Min: 0, Avg:  0.0, Max: 0, Diff: 0, Sum: 0, Workers: 4
[1636.038s][debug][gc,phases      ] GC(231)   StringDedup Requests0 Weak     Min:  0.0, Avg:  0.0, Max:  0.0, Diff:  0.0, Sum:  0.0, Workers: 4
[1636.038s][debug][gc,phases      ] GC(231)     Dead                           Min: 0, Avg:  0.0, Max: 0, Diff: 0, Sum: 0, Workers: 4
[1636.038s][debug][gc,phases      ] GC(231)     Total                          Min: 0, Avg:  0.0, Max: 0, Diff: 0, Sum: 0, Workers: 4
[1636.038s][debug][gc,phases      ] GC(231)   StringDedup Requests1 Weak     Min:  0.0, Avg:  0.0, Max:  0.0, Diff:  0.0, Sum:  0.0, Workers: 4
[1636.038s][debug][gc,phases      ] GC(231)     Dead                           Min: 0, Avg:  0.0, Max: 0, Diff: 0, Sum: 0, Workers: 4
[1636.038s][debug][gc,phases      ] GC(231)     Total                          Min: 0, Avg:  0.0, Max: 0, Diff: 0, Sum: 0, Workers: 4
[1636.038s][debug][gc,phases      ] GC(231)   Weak JFR Old Object Samples    Min:  0.0, Avg:  0.0, Max:  0.0, Diff:  0.0, Sum:  0.0, Workers: 4
[1636.038s][debug][gc,phases      ] GC(231)     Dead                           Min: 0, Avg:  0.0, Max: 0, Diff: 0, Sum: 0, Workers: 4
[1636.038s][debug][gc,phases      ] GC(231)     Total                          Min: 0, Avg:  0.0, Max: 0, Diff: 0, Sum: 0, Workers: 4
[1636.038s][debug][gc,phases      ] GC(231) Weak Processing 0.352ms
[1636.038s][debug][gc,age         ] GC(231) Desired survivor size 137363456 bytes, new threshold 15 (max threshold 15)
[1636.038s][info ][gc,heap        ] GC(231) PSYoungGen: 1827152K(1955840K)->18096K(1948672K) Eden: 1807360K(1807360K)->0K(1807360K) From: 19792K(148480K)->18096K(141312K)
[1636.038s][info ][gc,heap        ] GC(231) ParOldGen: 853196K(1048576K)->855729K(1048576K)
[1636.038s][info ][gc,metaspace   ] GC(231) Metaspace: 85325K(86208K)->85325K(86208K) NonClass: 73475K(73984K)->73475K(73984K) Class: 11850K(12224K)->11850K(12224K)
[1636.038s][info ][gc             ] GC(231) Pause Young (Allocation Failure) 2617M->853M(2927M) 7.225ms
[1636.038s][info ][gc,cpu         ] GC(231) User=0.03s Sys=0.00s Real=0.01s
[1636.038s][info ][safepoint      ] Safepoint "ParallelGCFailedAllocation", Time since last: 4517875355 ns, Reaching safepoint: 35401 ns, At safepoint: 7311286 ns, Total: 7346687 ns
[1641.038s][info ][safepoint      ] Safepoint "Cleanup", Time since last: 5000345910 ns, Reaching safepoint: 118503 ns, At safepoint: 9500 ns, Total: 128003 ns
[1643.038s][info ][safepoint      ] Safepoint "Cleanup", Time since last: 2000168405 ns, Reaching safepoint: 53901 ns, At safepoint: 3700 ns, Total: 57601 ns
[1670.040s][info ][safepoint      ] Safepoint "Cleanup", Time since last: 27001820046 ns, Reaching safepoint: 49001 ns, At safepoint: 12601 ns, Total: 61602 ns
[1685.041s][info ][safepoint      ] Safepoint "Cleanup", Time since last: 15001034722 ns, Reaching safepoint: 58301 ns, At safepoint: 23601 ns, Total: 81902 ns
[1687.865s][info ][safepoint      ] Safepoint "Cleanup", Time since last: 2823533016 ns, Reaching safepoint: 92202 ns, At safepoint: 8101 ns, Total: 100303 ns
[1693.866s][info ][safepoint      ] Safepoint "Cleanup", Time since last: 6000501810 ns, Reaching safepoint: 52601 ns, At safepoint: 5900 ns, Total: 58501 ns
[1696.612s][info ][gc,start       ] GC(232) Pause Young (Allocation Failure)
[1696.618s][debug][gc,phases      ] GC(232) Scavenge 6.103ms
[1696.618s][debug][gc,ref         ] GC(232) Skipped phase 1 of Reference Processing: no references
[1696.618s][debug][gc,ref         ] GC(232) ReferenceProcessor::execute queues: 1, RefProcThreadModel::Single, marks_oops_alive: false
[1696.618s][debug][gc,ref         ] GC(232) Skipped phase 3 of Reference Processing: no references
[1696.618s][debug][gc,ref         ] GC(232) ReferenceProcessor::execute queues: 1, RefProcThreadModel::Single, marks_oops_alive: false
[1696.618s][debug][gc,phases      ] GC(232) Reference Processing 0.121ms
[1696.618s][debug][gc,phases      ] GC(232)   VM Weak                        Min:  0.0, Avg:  0.0, Max:  0.0, Diff:  0.0, Sum:  0.0, Workers: 4
[1696.618s][debug][gc,phases      ] GC(232)     Dead                           Min: 0, Avg:  0.0, Max: 0, Diff: 0, Sum: 0, Workers: 4
[1696.618s][debug][gc,phases      ] GC(232)     Total                          Min: 0, Avg: 180.2, Max: 448, Diff: 448, Sum: 721, Workers: 4
[1696.618s][debug][gc,phases      ] GC(232)   ObjectSynchronizer Weak        Min:  0.0, Avg:  0.0, Max:  0.0, Diff:  0.0, Sum:  0.0, Workers: 4
[1696.618s][debug][gc,phases      ] GC(232)     Dead                           Min: 0, Avg:  0.0, Max: 0, Diff: 0, Sum: 0, Workers: 4
[1696.618s][debug][gc,phases      ] GC(232)     Total                          Min: 0, Avg: 118.2, Max: 192, Diff: 192, Sum: 473, Workers: 4
[1696.618s][debug][gc,phases      ] GC(232)   JVMTI Tag Weak OopStorage      Min:  0.0, Avg:  0.0, Max:  0.0, Diff:  0.0, Sum:  0.0, Workers: 4
[1696.618s][debug][gc,phases      ] GC(232)     Dead                           Min: 0, Avg:  0.0, Max: 0, Diff: 0, Sum: 0, Workers: 4
[1696.618s][debug][gc,phases      ] GC(232)     Total                          Min: 0, Avg:  0.0, Max: 0, Diff: 0, Sum: 0, Workers: 4
[1696.618s][debug][gc,phases      ] GC(232)   StringTable Weak               Min:  0.1, Avg:  0.1, Max:  0.1, Diff:  0.0, Sum:  0.4, Workers: 4
[1696.618s][debug][gc,phases      ] GC(232)     Dead                           Min: 0, Avg:  0.0, Max: 0, Diff: 0, Sum: 0, Workers: 4
[1696.618s][debug][gc,phases      ] GC(232)     Total                          Min: 11663, Avg: 12163.8, Max: 13248, Diff: 1585, Sum: 48655, Workers: 4
[1696.618s][debug][gc,phases      ] GC(232)   ResolvedMethodTable Weak       Min:  0.0, Avg:  0.0, Max:  0.0, Diff:  0.0, Sum:  0.1, Workers: 4
[1696.618s][debug][gc,phases      ] GC(232)     Dead                           Min: 0, Avg:  0.0, Max: 0, Diff: 0, Sum: 0, Workers: 4
[1696.618s][debug][gc,phases      ] GC(232)     Total                          Min: 1984, Avg: 2182.5, Max: 2458, Diff: 474, Sum: 8730, Workers: 4
[1696.618s][debug][gc,phases      ] GC(232)   JNI Weak                       Min:  0.0, Avg:  0.0, Max:  0.0, Diff:  0.0, Sum:  0.0, Workers: 4
[1696.618s][debug][gc,phases      ] GC(232)     Dead                           Min: 0, Avg:  0.0, Max: 0, Diff: 0, Sum: 0, Workers: 4
[1696.618s][debug][gc,phases      ] GC(232)     Total                          Min: 0, Avg:  0.0, Max: 0, Diff: 0, Sum: 0, Workers: 4
[1696.618s][debug][gc,phases      ] GC(232)   StringDedup Table Weak         Min:  0.0, Avg:  0.0, Max:  0.0, Diff:  0.0, Sum:  0.0, Workers: 4
[1696.618s][debug][gc,phases      ] GC(232)     Dead                           Min: 0, Avg:  0.0, Max: 0, Diff: 0, Sum: 0, Workers: 4
[1696.618s][debug][gc,phases      ] GC(232)     Total                          Min: 0, Avg:  0.0, Max: 0, Diff: 0, Sum: 0, Workers: 4
[1696.618s][debug][gc,phases      ] GC(232)   StringDedup Requests0 Weak     Min:  0.0, Avg:  0.0, Max:  0.0, Diff:  0.0, Sum:  0.0, Workers: 4
[1696.618s][debug][gc,phases      ] GC(232)     Dead                           Min: 0, Avg:  0.0, Max: 0, Diff: 0, Sum: 0, Workers: 4
[1696.619s][debug][gc,phases      ] GC(232)     Total                          Min: 0, Avg:  0.0, Max: 0, Diff: 0, Sum: 0, Workers: 4
[1696.619s][debug][gc,phases      ] GC(232)   StringDedup Requests1 Weak     Min:  0.0, Avg:  0.0, Max:  0.0, Diff:  0.0, Sum:  0.0, Workers: 4
[1696.619s][debug][gc,phases      ] GC(232)     Dead                           Min: 0, Avg:  0.0, Max: 0, Diff: 0, Sum: 0, Workers: 4
[1696.619s][debug][gc,phases      ] GC(232)     Total                          Min: 0, Avg:  0.0, Max: 0, Diff: 0, Sum: 0, Workers: 4
[1696.619s][debug][gc,phases      ] GC(232)   Weak JFR Old Object Samples    Min:  0.0, Avg:  0.0, Max:  0.0, Diff:  0.0, Sum:  0.0, Workers: 4
[1696.619s][debug][gc,phases      ] GC(232)     Dead                           Min: 0, Avg:  0.0, Max: 0, Diff: 0, Sum: 0, Workers: 4
[1696.619s][debug][gc,phases      ] GC(232)     Total                          Min: 0, Avg:  0.0, Max: 0, Diff: 0, Sum: 0, Workers: 4
[1696.619s][debug][gc,phases      ] GC(232) Weak Processing 0.359ms
[1696.619s][debug][gc,age         ] GC(232) Desired survivor size 131072000 bytes, new threshold 15 (max threshold 15)
[1696.619s][info ][gc,heap        ] GC(232) PSYoungGen: 1825456K(1948672K)->11616K(1969152K) Eden: 1807360K(1807360K)->0K(1835008K) From: 18096K(141312K)->11616K(134144K)
[1696.619s][info ][gc,heap        ] GC(232) ParOldGen: 855729K(1048576K)->861760K(1048576K)
[1696.619s][info ][gc,metaspace   ] GC(232) Metaspace: 85371K(86208K)->85371K(86208K) NonClass: 73519K(73984K)->73519K(73984K) Class: 11852K(12224K)->11852K(12224K)
[1696.619s][info ][gc             ] GC(232) Pause Young (Allocation Failure) 2618M->852M(2947M) 6.715ms
[1696.619s][info ][gc,cpu         ] GC(232) User=0.03s Sys=0.00s Real=0.01s
[1696.619s][info ][safepoint      ] Safepoint "ParallelGCFailedAllocation", Time since last: 2746115950 ns, Reaching safepoint: 47101 ns, At safepoint: 6809373 ns, Total: 6856474 ns
[1698.619s][info ][safepoint      ] Safepoint "Cleanup", Time since last: 2000154603 ns, Reaching safepoint: 64002 ns, At safepoint: 11300 ns, Total: 75302 ns
[1699.619s][info ][safepoint      ] Safepoint "Cleanup", Time since last: 1000110102 ns, Reaching safepoint: 52801 ns, At safepoint: 5200 ns, Total: 58001 ns
[1707.265s][info ][safepoint      ] Safepoint "ICBufferFull", Time since last: 7645329387 ns, Reaching safepoint: 245406 ns, At safepoint: 14801 ns, Total: 260207 ns
[1708.265s][info ][safepoint      ] Safepoint "Cleanup", Time since last: 1000137902 ns, Reaching safepoint: 127504 ns, At safepoint: 9600 ns, Total: 137104 ns
[1712.265s][info ][safepoint      ] Safepoint "Cleanup", Time since last: 4000370106 ns, Reaching safepoint: 55602 ns, At safepoint: 4300 ns, Total: 59902 ns
[1722.266s][info ][safepoint      ] Safepoint "Cleanup", Time since last: 10000766511 ns, Reaching safepoint: 52902 ns, At safepoint: 6500 ns, Total: 59402 ns
[1730.267s][info ][safepoint      ] Safepoint "Cleanup", Time since last: 8000600008 ns, Reaching safepoint: 64001 ns, At safepoint: 9500 ns, Total: 73501 ns
[1731.267s][info ][safepoint      ] Safepoint "Cleanup", Time since last: 1000114902 ns, Reaching safepoint: 60302 ns, At safepoint: 3900 ns, Total: 64202 ns
[1737.267s][info ][safepoint      ] Safepoint "Cleanup", Time since last: 6000362803 ns, Reaching safepoint: 67302 ns, At safepoint: 8800 ns, Total: 76102 ns
[1771.530s][info ][gc,start       ] GC(233) Pause Young (Allocation Failure)
[1771.537s][debug][gc,phases      ] GC(233) Scavenge 7.301ms
[1771.537s][debug][gc,ref         ] GC(233) Skipped phase 1 of Reference Processing: no references
[1771.537s][debug][gc,ref         ] GC(233) ReferenceProcessor::execute queues: 1, RefProcThreadModel::Single, marks_oops_alive: false
[1771.537s][debug][gc,ref         ] GC(233) ReferenceProcessor::execute queues: 4, RefProcThreadModel::Multi, marks_oops_alive: true
[1771.537s][debug][gc,ref         ] GC(233) ReferenceProcessor::execute queues: 1, RefProcThreadModel::Single, marks_oops_alive: false
[1771.537s][debug][gc,phases      ] GC(233) Reference Processing 0.248ms
[1771.538s][debug][gc,phases      ] GC(233)   VM Weak                        Min:  0.0, Avg:  0.0, Max:  0.0, Diff:  0.0, Sum:  0.0, Workers: 4
[1771.538s][debug][gc,phases      ] GC(233)     Dead                           Min: 0, Avg:  0.0, Max: 0, Diff: 0, Sum: 0, Workers: 4
[1771.538s][debug][gc,phases      ] GC(233)     Total                          Min: 0, Avg: 180.2, Max: 657, Diff: 657, Sum: 721, Workers: 4
[1771.538s][debug][gc,phases      ] GC(233)   ObjectSynchronizer Weak        Min:  0.0, Avg:  0.0, Max:  0.0, Diff:  0.0, Sum:  0.0, Workers: 4
[1771.538s][debug][gc,phases      ] GC(233)     Dead                           Min: 0, Avg:  0.0, Max: 0, Diff: 0, Sum: 0, Workers: 4
[1771.538s][debug][gc,phases      ] GC(233)     Total                          Min: 0, Avg: 118.5, Max: 256, Diff: 256, Sum: 474, Workers: 4
[1771.538s][debug][gc,phases      ] GC(233)   JVMTI Tag Weak OopStorage      Min:  0.0, Avg:  0.0, Max:  0.0, Diff:  0.0, Sum:  0.0, Workers: 4
[1771.538s][debug][gc,phases      ] GC(233)     Dead                           Min: 0, Avg:  0.0, Max: 0, Diff: 0, Sum: 0, Workers: 4
[1771.538s][debug][gc,phases      ] GC(233)     Total                          Min: 0, Avg:  0.0, Max: 0, Diff: 0, Sum: 0, Workers: 4
[1771.538s][debug][gc,phases      ] GC(233)   StringTable Weak               Min:  0.1, Avg:  0.1, Max:  0.1, Diff:  0.0, Sum:  0.5, Workers: 4
[1771.538s][debug][gc,phases      ] GC(233)     Dead                           Min: 0, Avg:  0.0, Max: 0, Diff: 0, Sum: 0, Workers: 4
[1771.538s][debug][gc,phases      ] GC(233)     Total                          Min: 11520, Avg: 12163.8, Max: 13184, Diff: 1664, Sum: 48655, Workers: 4
[1771.538s][debug][gc,phases      ] GC(233)   ResolvedMethodTable Weak       Min:  0.0, Avg:  0.0, Max:  0.0, Diff:  0.0, Sum:  0.1, Workers: 4
[1771.538s][debug][gc,phases      ] GC(233)     Dead                           Min: 0, Avg:  0.0, Max: 0, Diff: 0, Sum: 0, Workers: 4
[1771.538s][debug][gc,phases      ] GC(233)     Total                          Min: 1882, Avg: 2182.5, Max: 2496, Diff: 614, Sum: 8730, Workers: 4
[1771.538s][debug][gc,phases      ] GC(233)   JNI Weak                       Min:  0.0, Avg:  0.0, Max:  0.0, Diff:  0.0, Sum:  0.0, Workers: 4
[1771.538s][debug][gc,phases      ] GC(233)     Dead                           Min: 0, Avg:  0.0, Max: 0, Diff: 0, Sum: 0, Workers: 4
[1771.538s][debug][gc,phases      ] GC(233)     Total                          Min: 0, Avg:  0.0, Max: 0, Diff: 0, Sum: 0, Workers: 4
[1771.538s][debug][gc,phases      ] GC(233)   StringDedup Table Weak         Min:  0.0, Avg:  0.0, Max:  0.0, Diff:  0.0, Sum:  0.0, Workers: 4
[1771.538s][debug][gc,phases      ] GC(233)     Dead                           Min: 0, Avg:  0.0, Max: 0, Diff: 0, Sum: 0, Workers: 4
[1771.538s][debug][gc,phases      ] GC(233)     Total                          Min: 0, Avg:  0.0, Max: 0, Diff: 0, Sum: 0, Workers: 4
[1771.538s][debug][gc,phases      ] GC(233)   StringDedup Requests0 Weak     Min:  0.0, Avg:  0.0, Max:  0.0, Diff:  0.0, Sum:  0.0, Workers: 4
[1771.538s][debug][gc,phases      ] GC(233)     Dead                           Min: 0, Avg:  0.0, Max: 0, Diff: 0, Sum: 0, Workers: 4
[1771.538s][debug][gc,phases      ] GC(233)     Total                          Min: 0, Avg:  0.0, Max: 0, Diff: 0, Sum: 0, Workers: 4
[1771.538s][debug][gc,phases      ] GC(233)   StringDedup Requests1 Weak     Min:  0.0, Avg:  0.0, Max:  0.0, Diff:  0.0, Sum:  0.0, Workers: 4
[1771.538s][debug][gc,phases      ] GC(233)     Dead                           Min: 0, Avg:  0.0, Max: 0, Diff: 0, Sum: 0, Workers: 4
[1771.538s][debug][gc,phases      ] GC(233)     Total                          Min: 0, Avg:  0.0, Max: 0, Diff: 0, Sum: 0, Workers: 4
[1771.538s][debug][gc,phases      ] GC(233)   Weak JFR Old Object Samples    Min:  0.0, Avg:  0.0, Max:  0.0, Diff:  0.0, Sum:  0.0, Workers: 4
[1771.538s][debug][gc,phases      ] GC(233)     Dead                           Min: 0, Avg:  0.0, Max: 0, Diff: 0, Sum: 0, Workers: 4
[1771.538s][debug][gc,phases      ] GC(233)     Total                          Min: 0, Avg:  0.0, Max: 0, Diff: 0, Sum: 0, Workers: 4
[1771.538s][debug][gc,phases      ] GC(233) Weak Processing 0.344ms
[1771.538s][debug][gc,age         ] GC(233) Desired survivor size 122159104 bytes, new threshold 15 (max threshold 15)
[1771.538s][info ][gc,heap        ] GC(233) PSYoungGen: 1846624K(1969152K)->29109K(1963008K) Eden: 1835008K(1835008K)->0K(1835008K) From: 11616K(134144K)->29109K(128000K)
[1771.538s][info ][gc,heap        ] GC(233) ParOldGen: 861760K(1048576K)->861800K(1048576K)
[1771.538s][info ][gc,metaspace   ] GC(233) Metaspace: 85387K(86272K)->85387K(86272K) NonClass: 73535K(74048K)->73535K(74048K) Class: 11852K(12224K)->11852K(12224K)
[1771.538s][info ][gc             ] GC(233) Pause Young (Allocation Failure) 2644M->870M(2941M) 8.057ms
[1771.538s][info ][gc,cpu         ] GC(233) User=0.03s Sys=0.00s Real=0.01s
[1771.538s][info ][safepoint      ] Safepoint "ParallelGCFailedAllocation", Time since last: 34262054313 ns, Reaching safepoint: 117103 ns, At safepoint: 8148207 ns, Total: 8265310 ns
[1792.539s][info ][safepoint      ] Safepoint "Cleanup", Time since last: 21001350502 ns, Reaching safepoint: 54301 ns, At safepoint: 6400 ns, Total: 60701 ns
[1840.542s][info ][safepoint      ] Safepoint "Cleanup", Time since last: 48003161888 ns, Reaching safepoint: 54801 ns, At safepoint: 12501 ns, Total: 67302 ns
[1841.252s][info ][gc,start       ] GC(234) Pause Young (Allocation Failure)
[1841.259s][debug][gc,phases      ] GC(234) Scavenge 6.966ms
[1841.259s][debug][gc,ref         ] GC(234) Skipped phase 1 of Reference Processing: no references
[1841.259s][debug][gc,ref         ] GC(234) ReferenceProcessor::execute queues: 1, RefProcThreadModel::Single, marks_oops_alive: false
[1841.259s][debug][gc,ref         ] GC(234) Skipped phase 3 of Reference Processing: no references
[1841.259s][debug][gc,ref         ] GC(234) ReferenceProcessor::execute queues: 1, RefProcThreadModel::Single, marks_oops_alive: false
[1841.259s][debug][gc,phases      ] GC(234) Reference Processing 0.131ms
[1841.259s][debug][gc,phases      ] GC(234)   VM Weak                        Min:  0.0, Avg:  0.0, Max:  0.0, Diff:  0.0, Sum:  0.0, Workers: 4
[1841.259s][debug][gc,phases      ] GC(234)     Dead                           Min: 0, Avg:  0.0, Max: 0, Diff: 0, Sum: 0, Workers: 4
[1841.259s][debug][gc,phases      ] GC(234)     Total                          Min: 0, Avg: 180.2, Max: 384, Diff: 384, Sum: 721, Workers: 4
[1841.259s][debug][gc,phases      ] GC(234)   ObjectSynchronizer Weak        Min:  0.0, Avg:  0.0, Max:  0.0, Diff:  0.0, Sum:  0.0, Workers: 4
[1841.259s][debug][gc,phases      ] GC(234)     Dead                           Min: 0, Avg:  0.0, Max: 0, Diff: 0, Sum: 0, Workers: 4
[1841.259s][debug][gc,phases      ] GC(234)     Total                          Min: 0, Avg: 118.5, Max: 256, Diff: 256, Sum: 474, Workers: 4
[1841.259s][debug][gc,phases      ] GC(234)   JVMTI Tag Weak OopStorage      Min:  0.0, Avg:  0.0, Max:  0.0, Diff:  0.0, Sum:  0.0, Workers: 4
[1841.259s][debug][gc,phases      ] GC(234)     Dead                           Min: 0, Avg:  0.0, Max: 0, Diff: 0, Sum: 0, Workers: 4
[1841.259s][debug][gc,phases      ] GC(234)     Total                          Min: 0, Avg:  0.0, Max: 0, Diff: 0, Sum: 0, Workers: 4
[1841.259s][debug][gc,phases      ] GC(234)   StringTable Weak               Min:  0.1, Avg:  0.1, Max:  0.1, Diff:  0.0, Sum:  0.4, Workers: 4
[1841.259s][debug][gc,phases      ] GC(234)     Dead                           Min: 0, Avg:  0.0, Max: 0, Diff: 0, Sum: 0, Workers: 4
[1841.259s][debug][gc,phases      ] GC(234)     Total                          Min: 11456, Avg: 12164.2, Max: 12672, Diff: 1216, Sum: 48657, Workers: 4
[1841.259s][debug][gc,phases      ] GC(234)   ResolvedMethodTable Weak       Min:  0.0, Avg:  0.0, Max:  0.0, Diff:  0.0, Sum:  0.1, Workers: 4
[1841.259s][debug][gc,phases      ] GC(234)     Dead                           Min: 0, Avg:  0.0, Max: 0, Diff: 0, Sum: 0, Workers: 4
[1841.259s][debug][gc,phases      ] GC(234)     Total                          Min: 1920, Avg: 2182.5, Max: 2496, Diff: 576, Sum: 8730, Workers: 4
[1841.259s][debug][gc,phases      ] GC(234)   JNI Weak                       Min:  0.0, Avg:  0.0, Max:  0.0, Diff:  0.0, Sum:  0.0, Workers: 4
[1841.259s][debug][gc,phases      ] GC(234)     Dead                           Min: 0, Avg:  0.0, Max: 0, Diff: 0, Sum: 0, Workers: 4
[1841.259s][debug][gc,phases      ] GC(234)     Total                          Min: 0, Avg:  0.0, Max: 0, Diff: 0, Sum: 0, Workers: 4
[1841.259s][debug][gc,phases      ] GC(234)   StringDedup Table Weak         Min:  0.0, Avg:  0.0, Max:  0.0, Diff:  0.0, Sum:  0.0, Workers: 4
[1841.259s][debug][gc,phases      ] GC(234)     Dead                           Min: 0, Avg:  0.0, Max: 0, Diff: 0, Sum: 0, Workers: 4
[1841.259s][debug][gc,phases      ] GC(234)     Total                          Min: 0, Avg:  0.0, Max: 0, Diff: 0, Sum: 0, Workers: 4
[1841.259s][debug][gc,phases      ] GC(234)   StringDedup Requests0 Weak     Min:  0.0, Avg:  0.0, Max:  0.0, Diff:  0.0, Sum:  0.0, Workers: 4
[1841.259s][debug][gc,phases      ] GC(234)     Dead                           Min: 0, Avg:  0.0, Max: 0, Diff: 0, Sum: 0, Workers: 4
[1841.259s][debug][gc,phases      ] GC(234)     Total                          Min: 0, Avg:  0.0, Max: 0, Diff: 0, Sum: 0, Workers: 4
[1841.259s][debug][gc,phases      ] GC(234)   StringDedup Requests1 Weak     Min:  0.0, Avg:  0.0, Max:  0.0, Diff:  0.0, Sum:  0.0, Workers: 4
[1841.259s][debug][gc,phases      ] GC(234)     Dead                           Min: 0, Avg:  0.0, Max: 0, Diff: 0, Sum: 0, Workers: 4
[1841.259s][debug][gc,phases      ] GC(234)     Total                          Min: 0, Avg:  0.0, Max: 0, Diff: 0, Sum: 0, Workers: 4
[1841.259s][debug][gc,phases      ] GC(234)   Weak JFR Old Object Samples    Min:  0.0, Avg:  0.0, Max:  0.0, Diff:  0.0, Sum:  0.0, Workers: 4
[1841.259s][debug][gc,phases      ] GC(234)     Dead                           Min: 0, Avg:  0.0, Max: 0, Diff: 0, Sum: 0, Workers: 4
[1841.259s][debug][gc,phases      ] GC(234)     Total                          Min: 0, Avg:  0.0, Max: 0, Diff: 0, Sum: 0, Workers: 4
[1841.259s][debug][gc,phases      ] GC(234) Weak Processing 0.358ms
[1841.259s][debug][gc,age         ] GC(234) Desired survivor size 113770496 bytes, new threshold 15 (max threshold 15)
[1841.259s][info ][gc,heap        ] GC(234) PSYoungGen: 1864117K(1963008K)->29315K(1986048K) Eden: 1835008K(1835008K)->0K(1866752K) From: 29109K(128000K)->29315K(119296K)
[1841.259s][info ][gc,heap        ] GC(234) ParOldGen: 861800K(1048576K)->861896K(1048576K)
[1841.259s][info ][gc,metaspace   ] GC(234) Metaspace: 85388K(86272K)->85388K(86272K) NonClass: 73536K(74048K)->73536K(74048K) Class: 11852K(12224K)->11852K(12224K)
[1841.259s][info ][gc             ] GC(234) Pause Young (Allocation Failure) 2662M->870M(2963M) 7.601ms
[1841.259s][info ][gc,cpu         ] GC(234) User=0.03s Sys=0.00s Real=0.01s
[1841.259s][info ][safepoint      ] Safepoint "ParallelGCFailedAllocation", Time since last: 709167511 ns, Reaching safepoint: 44801 ns, At safepoint: 7698496 ns, Total: 7743297 ns
[1859.261s][info ][safepoint      ] Safepoint "Cleanup", Time since last: 18001304192 ns, Reaching safepoint: 60502 ns, At safepoint: 3600 ns, Total: 64102 ns
[1860.261s][info ][safepoint      ] Safepoint "Cleanup", Time since last: 1000126701 ns, Reaching safepoint: 49401 ns, At safepoint: 3900 ns, Total: 53301 ns
[1861.261s][info ][safepoint      ] Safepoint "Cleanup", Time since last: 1000114101 ns, Reaching safepoint: 59101 ns, At safepoint: 10500 ns, Total: 69601 ns
[1863.261s][info ][safepoint      ] Safepoint "Cleanup", Time since last: 2000198701 ns, Reaching safepoint: 71301 ns, At safepoint: 8501 ns, Total: 79802 ns
[1866.262s][info ][safepoint      ] Safepoint "Cleanup", Time since last: 3000270099 ns, Reaching safepoint: 54102 ns, At safepoint: 4100 ns, Total: 58202 ns
[1867.262s][info ][safepoint      ] Safepoint "Cleanup", Time since last: 1000120400 ns, Reaching safepoint: 47502 ns, At safepoint: 4200 ns, Total: 51702 ns
[1868.262s][info ][safepoint      ] Safepoint "Cleanup", Time since last: 1000112300 ns, Reaching safepoint: 55302 ns, At safepoint: 9100 ns, Total: 64402 ns
[1869.262s][info ][safepoint      ] Safepoint "Cleanup", Time since last: 1000122400 ns, Reaching safepoint: 50302 ns, At safepoint: 5100 ns, Total: 55402 ns
[1870.262s][info ][safepoint      ] Safepoint "Cleanup", Time since last: 1000098600 ns, Reaching safepoint: 51801 ns, At safepoint: 4700 ns, Total: 56501 ns
[1873.263s][info ][safepoint      ] Safepoint "Cleanup", Time since last: 3000254999 ns, Reaching safepoint: 64602 ns, At safepoint: 6600 ns, Total: 71202 ns
[1874.029s][info ][gc,start       ] GC(235) Pause Young (Allocation Failure)
[1874.039s][debug][gc,phases      ] GC(235) Scavenge 10.013ms
[1874.039s][debug][gc,ref         ] GC(235) Skipped phase 1 of Reference Processing: no references
[1874.039s][debug][gc,ref         ] GC(235) ReferenceProcessor::execute queues: 1, RefProcThreadModel::Single, marks_oops_alive: false
[1874.039s][debug][gc,ref         ] GC(235) Skipped phase 3 of Reference Processing: no references
[1874.039s][debug][gc,ref         ] GC(235) ReferenceProcessor::execute queues: 1, RefProcThreadModel::Single, marks_oops_alive: false
[1874.039s][debug][gc,phases      ] GC(235) Reference Processing 0.130ms
[1874.040s][debug][gc,phases      ] GC(235)   VM Weak                        Min:  0.0, Avg:  0.0, Max:  0.0, Diff:  0.0, Sum:  0.0, Workers: 4
[1874.040s][debug][gc,phases      ] GC(235)     Dead                           Min: 0, Avg:  0.0, Max: 0, Diff: 0, Sum: 0, Workers: 4
[1874.040s][debug][gc,phases      ] GC(235)     Total                          Min: 0, Avg: 180.2, Max: 448, Diff: 448, Sum: 721, Workers: 4
[1874.040s][debug][gc,phases      ] GC(235)   ObjectSynchronizer Weak        Min:  0.0, Avg:  0.0, Max:  0.0, Diff:  0.0, Sum:  0.0, Workers: 4
[1874.040s][debug][gc,phases      ] GC(235)     Dead                           Min: 0, Avg:  0.0, Max: 0, Diff: 0, Sum: 0, Workers: 4
[1874.040s][debug][gc,phases      ] GC(235)     Total                          Min: 0, Avg: 118.5, Max: 256, Diff: 256, Sum: 474, Workers: 4
[1874.040s][debug][gc,phases      ] GC(235)   JVMTI Tag Weak OopStorage      Min:  0.0, Avg:  0.0, Max:  0.0, Diff:  0.0, Sum:  0.0, Workers: 4
[1874.040s][debug][gc,phases      ] GC(235)     Dead                           Min: 0, Avg:  0.0, Max: 0, Diff: 0, Sum: 0, Workers: 4
[1874.040s][debug][gc,phases      ] GC(235)     Total                          Min: 0, Avg:  0.0, Max: 0, Diff: 0, Sum: 0, Workers: 4
[1874.040s][debug][gc,phases      ] GC(235)   StringTable Weak               Min:  0.1, Avg:  0.1, Max:  0.1, Diff:  0.0, Sum:  0.4, Workers: 4
[1874.040s][debug][gc,phases      ] GC(235)     Dead                           Min: 0, Avg:  0.0, Max: 0, Diff: 0, Sum: 0, Workers: 4
[1874.040s][debug][gc,phases      ] GC(235)     Total                          Min: 11584, Avg: 12166.0, Max: 12864, Diff: 1280, Sum: 48664, Workers: 4
[1874.040s][debug][gc,phases      ] GC(235)   ResolvedMethodTable Weak       Min:  0.0, Avg:  0.0, Max:  0.0, Diff:  0.0, Sum:  0.1, Workers: 4
[1874.040s][debug][gc,phases      ] GC(235)     Dead                           Min: 0, Avg:  0.0, Max: 0, Diff: 0, Sum: 0, Workers: 4
[1874.040s][debug][gc,phases      ] GC(235)     Total                          Min: 2048, Avg: 2184.2, Max: 2304, Diff: 256, Sum: 8737, Workers: 4
[1874.040s][debug][gc,phases      ] GC(235)   JNI Weak                       Min:  0.0, Avg:  0.0, Max:  0.0, Diff:  0.0, Sum:  0.0, Workers: 4
[1874.040s][debug][gc,phases      ] GC(235)     Dead                           Min: 0, Avg:  0.0, Max: 0, Diff: 0, Sum: 0, Workers: 4
[1874.040s][debug][gc,phases      ] GC(235)     Total                          Min: 0, Avg:  0.0, Max: 0, Diff: 0, Sum: 0, Workers: 4
[1874.040s][debug][gc,phases      ] GC(235)   StringDedup Table Weak         Min:  0.0, Avg:  0.0, Max:  0.0, Diff:  0.0, Sum:  0.0, Workers: 4
[1874.040s][debug][gc,phases      ] GC(235)     Dead                           Min: 0, Avg:  0.0, Max: 0, Diff: 0, Sum: 0, Workers: 4
[1874.040s][debug][gc,phases      ] GC(235)     Total                          Min: 0, Avg:  0.0, Max: 0, Diff: 0, Sum: 0, Workers: 4
[1874.040s][debug][gc,phases      ] GC(235)   StringDedup Requests0 Weak     Min:  0.0, Avg:  0.0, Max:  0.0, Diff:  0.0, Sum:  0.0, Workers: 4
[1874.040s][debug][gc,phases      ] GC(235)     Dead                           Min: 0, Avg:  0.0, Max: 0, Diff: 0, Sum: 0, Workers: 4
[1874.040s][debug][gc,phases      ] GC(235)     Total                          Min: 0, Avg:  0.0, Max: 0, Diff: 0, Sum: 0, Workers: 4
[1874.040s][debug][gc,phases      ] GC(235)   StringDedup Requests1 Weak     Min:  0.0, Avg:  0.0, Max:  0.0, Diff:  0.0, Sum:  0.0, Workers: 4
[1874.040s][debug][gc,phases      ] GC(235)     Dead                           Min: 0, Avg:  0.0, Max: 0, Diff: 0, Sum: 0, Workers: 4
[1874.040s][debug][gc,phases      ] GC(235)     Total                          Min: 0, Avg:  0.0, Max: 0, Diff: 0, Sum: 0, Workers: 4
[1874.040s][debug][gc,phases      ] GC(235)   Weak JFR Old Object Samples    Min:  0.0, Avg:  0.0, Max:  0.0, Diff:  0.0, Sum:  0.0, Workers: 4
[1874.040s][debug][gc,phases      ] GC(235)     Dead                           Min: 0, Avg:  0.0, Max: 0, Diff: 0, Sum: 0, Workers: 4
[1874.040s][debug][gc,phases      ] GC(235)     Total                          Min: 0, Avg:  0.0, Max: 0, Diff: 0, Sum: 0, Workers: 4
[1874.040s][debug][gc,phases      ] GC(235) Weak Processing 0.359ms
[1874.040s][debug][gc,age         ] GC(235) Desired survivor size 108527616 bytes, new threshold 15 (max threshold 15)
[1874.040s][info ][gc,heap        ] GC(235) PSYoungGen: 1896067K(1986048K)->39749K(1977856K) Eden: 1866752K(1866752K)->0K(1866752K) From: 29315K(119296K)->39749K(111104K)
[1874.040s][info ][gc,heap        ] GC(235) ParOldGen: 861896K(1048576K)->863380K(1048576K)
[1874.040s][info ][gc,metaspace   ] GC(235) Metaspace: 85401K(86272K)->85401K(86272K) NonClass: 73545K(74048K)->73545K(74048K) Class: 11855K(12224K)->11855K(12224K)
[1874.040s][info ][gc             ] GC(235) Pause Young (Allocation Failure) 2693M->881M(2955M) 10.638ms
[1874.040s][info ][gc,cpu         ] GC(235) User=0.04s Sys=0.00s Real=0.01s
[1874.040s][info ][safepoint      ] Safepoint "ParallelGCFailedAllocation", Time since last: 766349964 ns, Reaching safepoint: 152504 ns, At safepoint: 10733372 ns, Total: 10885876 ns
[1875.040s][info ][safepoint      ] Safepoint "Cleanup", Time since last: 1000085300 ns, Reaching safepoint: 72902 ns, At safepoint: 8500 ns, Total: 81402 ns
[1876.040s][info ][safepoint      ] Safepoint "Cleanup", Time since last: 1000120000 ns, Reaching safepoint: 127604 ns, At safepoint: 10000 ns, Total: 137604 ns
[1883.041s][info ][safepoint      ] Safepoint "Cleanup", Time since last: 7000450494 ns, Reaching safepoint: 52601 ns, At safepoint: 7100 ns, Total: 59701 ns
[1885.041s][info ][safepoint      ] Safepoint "Cleanup", Time since last: 2000185500 ns, Reaching safepoint: 59201 ns, At safepoint: 4100 ns, Total: 63301 ns
[1893.042s][info ][safepoint      ] Safepoint "Cleanup", Time since last: 8000590994 ns, Reaching safepoint: 48302 ns, At safepoint: 5500 ns, Total: 53802 ns
[1901.042s][info ][safepoint      ] Safepoint "Cleanup", Time since last: 8000636794 ns, Reaching safepoint: 52302 ns, At safepoint: 6400 ns, Total: 58702 ns
[1903.043s][info ][safepoint      ] Safepoint "Cleanup", Time since last: 2000179799 ns, Reaching safepoint: 57001 ns, At safepoint: 6801 ns, Total: 63802 ns
[1926.044s][info ][safepoint      ] Safepoint "Cleanup", Time since last: 23001654776 ns, Reaching safepoint: 50902 ns, At safepoint: 8700 ns, Total: 59602 ns
[1927.045s][info ][safepoint      ] Safepoint "Cleanup", Time since last: 1000104600 ns, Reaching safepoint: 47901 ns, At safepoint: 6200 ns, Total: 54101 ns
[1928.045s][info ][safepoint      ] Safepoint "Cleanup", Time since last: 1000110000 ns, Reaching safepoint: 61601 ns, At safepoint: 3501 ns, Total: 65102 ns
[1929.340s][info ][gc,start       ] GC(236) Pause Young (Allocation Failure)
[1929.350s][debug][gc,phases      ] GC(236) Scavenge 10.323ms
[1929.350s][debug][gc,ref         ] GC(236) Skipped phase 1 of Reference Processing: no references
[1929.350s][debug][gc,ref         ] GC(236) ReferenceProcessor::execute queues: 1, RefProcThreadModel::Single, marks_oops_alive: false
[1929.350s][debug][gc,ref         ] GC(236) Skipped phase 3 of Reference Processing: no references
[1929.350s][debug][gc,ref         ] GC(236) ReferenceProcessor::execute queues: 1, RefProcThreadModel::Single, marks_oops_alive: false
[1929.350s][debug][gc,phases      ] GC(236) Reference Processing 0.151ms
[1929.350s][debug][gc,phases      ] GC(236)   VM Weak                        Min:  0.0, Avg:  0.0, Max:  0.0, Diff:  0.0, Sum:  0.0, Workers: 4
[1929.350s][debug][gc,phases      ] GC(236)     Dead                           Min: 0, Avg:  0.0, Max: 0, Diff: 0, Sum: 0, Workers: 4
[1929.350s][debug][gc,phases      ] GC(236)     Total                          Min: 0, Avg: 180.2, Max: 465, Diff: 465, Sum: 721, Workers: 4
[1929.350s][debug][gc,phases      ] GC(236)   ObjectSynchronizer Weak        Min:  0.0, Avg:  0.0, Max:  0.0, Diff:  0.0, Sum:  0.0, Workers: 4
[1929.351s][debug][gc,phases      ] GC(236)     Dead                           Min: 0, Avg:  0.0, Max: 0, Diff: 0, Sum: 0, Workers: 4
[1929.351s][debug][gc,phases      ] GC(236)     Total                          Min: 0, Avg: 118.5, Max: 256, Diff: 256, Sum: 474, Workers: 4
[1929.351s][debug][gc,phases      ] GC(236)   JVMTI Tag Weak OopStorage      Min:  0.0, Avg:  0.0, Max:  0.0, Diff:  0.0, Sum:  0.0, Workers: 4
[1929.351s][debug][gc,phases      ] GC(236)     Dead                           Min: 0, Avg:  0.0, Max: 0, Diff: 0, Sum: 0, Workers: 4
[1929.351s][debug][gc,phases      ] GC(236)     Total                          Min: 0, Avg:  0.0, Max: 0, Diff: 0, Sum: 0, Workers: 4
[1929.351s][debug][gc,phases      ] GC(236)   StringTable Weak               Min:  0.1, Avg:  0.1, Max:  0.1, Diff:  0.0, Sum:  0.5, Workers: 4
[1929.351s][debug][gc,phases      ] GC(236)     Dead                           Min: 0, Avg:  0.0, Max: 0, Diff: 0, Sum: 0, Workers: 4
[1929.351s][debug][gc,phases      ] GC(236)     Total                          Min: 11904, Avg: 12166.5, Max: 12352, Diff: 448, Sum: 48666, Workers: 4
[1929.351s][debug][gc,phases      ] GC(236)   ResolvedMethodTable Weak       Min:  0.0, Avg:  0.0, Max:  0.0, Diff:  0.0, Sum:  0.1, Workers: 4
[1929.351s][debug][gc,phases      ] GC(236)     Dead                           Min: 0, Avg:  0.0, Max: 0, Diff: 0, Sum: 0, Workers: 4
[1929.351s][debug][gc,phases      ] GC(236)     Total                          Min: 2112, Avg: 2184.2, Max: 2304, Diff: 192, Sum: 8737, Workers: 4
[1929.351s][debug][gc,phases      ] GC(236)   JNI Weak                       Min:  0.0, Avg:  0.0, Max:  0.0, Diff:  0.0, Sum:  0.0, Workers: 4
[1929.351s][debug][gc,phases      ] GC(236)     Dead                           Min: 0, Avg:  0.0, Max: 0, Diff: 0, Sum: 0, Workers: 4
[1929.351s][debug][gc,phases      ] GC(236)     Total                          Min: 0, Avg:  0.0, Max: 0, Diff: 0, Sum: 0, Workers: 4
[1929.351s][debug][gc,phases      ] GC(236)   StringDedup Table Weak         Min:  0.0, Avg:  0.0, Max:  0.0, Diff:  0.0, Sum:  0.0, Workers: 4
[1929.351s][debug][gc,phases      ] GC(236)     Dead                           Min: 0, Avg:  0.0, Max: 0, Diff: 0, Sum: 0, Workers: 4
[1929.351s][debug][gc,phases      ] GC(236)     Total                          Min: 0, Avg:  0.0, Max: 0, Diff: 0, Sum: 0, Workers: 4
[1929.351s][debug][gc,phases      ] GC(236)   StringDedup Requests0 Weak     Min:  0.0, Avg:  0.0, Max:  0.0, Diff:  0.0, Sum:  0.0, Workers: 4
[1929.351s][debug][gc,phases      ] GC(236)     Dead                           Min: 0, Avg:  0.0, Max: 0, Diff: 0, Sum: 0, Workers: 4
[1929.351s][debug][gc,phases      ] GC(236)     Total                          Min: 0, Avg:  0.0, Max: 0, Diff: 0, Sum: 0, Workers: 4
[1929.351s][debug][gc,phases      ] GC(236)   StringDedup Requests1 Weak     Min:  0.0, Avg:  0.0, Max:  0.0, Diff:  0.0, Sum:  0.0, Workers: 4
[1929.351s][debug][gc,phases      ] GC(236)     Dead                           Min: 0, Avg:  0.0, Max: 0, Diff: 0, Sum: 0, Workers: 4
[1929.351s][debug][gc,phases      ] GC(236)     Total                          Min: 0, Avg:  0.0, Max: 0, Diff: 0, Sum: 0, Workers: 4
[1929.351s][debug][gc,phases      ] GC(236)   Weak JFR Old Object Samples    Min:  0.0, Avg:  0.0, Max:  0.0, Diff:  0.0, Sum:  0.0, Workers: 4
[1929.351s][debug][gc,phases      ] GC(236)     Dead                           Min: 0, Avg:  0.0, Max: 0, Diff: 0, Sum: 0, Workers: 4
[1929.351s][debug][gc,phases      ] GC(236)     Total                          Min: 0, Avg:  0.0, Max: 0, Diff: 0, Sum: 0, Workers: 4
[1929.351s][debug][gc,phases      ] GC(236) Weak Processing 0.365ms
[1929.351s][debug][gc,age         ] GC(236) Desired survivor size 103809024 bytes, new threshold 15 (max threshold 15)
[1929.351s][info ][gc,heap        ] GC(236) PSYoungGen: 1906501K(1977856K)->39440K(1995776K) Eden: 1866752K(1866752K)->0K(1889792K) From: 39749K(111104K)->39440K(105984K)
[1929.351s][info ][gc,heap        ] GC(236) ParOldGen: 863380K(1048576K)->863420K(1048576K)
[1929.351s][info ][gc,metaspace   ] GC(236) Metaspace: 85412K(86272K)->85412K(86272K) NonClass: 73556K(74048K)->73556K(74048K) Class: 11856K(12224K)->11856K(12224K)
[1929.351s][info ][gc             ] GC(236) Pause Young (Allocation Failure) 2704M->881M(2973M) 10.960ms
[1929.351s][info ][gc,cpu         ] GC(236) User=0.04s Sys=0.00s Real=0.01s
[1929.351s][info ][safepoint      ] Safepoint "ParallelGCFailedAllocation", Time since last: 1294899786 ns, Reaching safepoint: 30601 ns, At safepoint: 11048881 ns, Total: 11079482 ns
[1937.351s][info ][safepoint      ] Safepoint "Cleanup", Time since last: 8000556090 ns, Reaching safepoint: 57101 ns, At safepoint: 8400 ns, Total: 65501 ns
[1938.352s][info ][safepoint      ] Safepoint "Cleanup", Time since last: 1000110400 ns, Reaching safepoint: 60302 ns, At safepoint: 3700 ns, Total: 64002 ns
[1939.352s][info ][safepoint      ] Safepoint "Cleanup", Time since last: 1000116700 ns, Reaching safepoint: 53501 ns, At safepoint: 9800 ns, Total: 63301 ns
[1940.352s][info ][safepoint      ] Safepoint "Cleanup", Time since last: 1000113000 ns, Reaching safepoint: 55402 ns, At safepoint: 4000 ns, Total: 59402 ns
[1941.352s][info ][safepoint      ] Safepoint "Cleanup", Time since last: 1000111099 ns, Reaching safepoint: 55602 ns, At safepoint: 11200 ns, Total: 66802 ns
[1943.352s][info ][safepoint      ] Safepoint "Cleanup", Time since last: 2000180399 ns, Reaching safepoint: 53501 ns, At safepoint: 4500 ns, Total: 58001 ns
[1944.352s][info ][safepoint      ] Safepoint "Cleanup", Time since last: 1000113800 ns, Reaching safepoint: 53201 ns, At safepoint: 4000 ns, Total: 57201 ns
[1946.353s][info ][safepoint      ] Safepoint "Cleanup", Time since last: 2000183999 ns, Reaching safepoint: 62501 ns, At safepoint: 6301 ns, Total: 68802 ns
[1948.353s][info ][safepoint      ] Safepoint "Cleanup", Time since last: 2000229599 ns, Reaching safepoint: 63302 ns, At safepoint: 10800 ns, Total: 74102 ns
[1951.353s][info ][safepoint      ] Safepoint "Cleanup", Time since last: 3000258397 ns, Reaching safepoint: 56702 ns, At safepoint: 3900 ns, Total: 60602 ns
[1953.354s][info ][safepoint      ] Safepoint "Cleanup", Time since last: 2000212699 ns, Reaching safepoint: 62201 ns, At safepoint: 5401 ns, Total: 67602 ns
[1954.354s][info ][safepoint      ] Safepoint "Cleanup", Time since last: 1000126300 ns, Reaching safepoint: 68101 ns, At safepoint: 11201 ns, Total: 79302 ns
[1977.356s][info ][safepoint      ] Safepoint "Cleanup", Time since last: 23001707868 ns, Reaching safepoint: 60202 ns, At safepoint: 6900 ns, Total: 67102 ns
[1986.356s][info ][safepoint      ] Safepoint "Cleanup", Time since last: 9000769789 ns, Reaching safepoint: 90703 ns, At safepoint: 14700 ns, Total: 105403 ns
[1992.357s][info ][safepoint      ] Safepoint "Cleanup", Time since last: 6000463091 ns, Reaching safepoint: 60902 ns, At safepoint: 6300 ns, Total: 67202 ns
[2001.919s][info ][gc,start       ] GC(237) Pause Young (Allocation Failure)
[2001.930s][debug][gc,phases      ] GC(237) Scavenge 10.889ms
[2001.930s][debug][gc,ref         ] GC(237) Skipped phase 1 of Reference Processing: no references
[2001.930s][debug][gc,ref         ] GC(237) ReferenceProcessor::execute queues: 1, RefProcThreadModel::Single, marks_oops_alive: false
[2001.930s][debug][gc,ref         ] GC(237) Skipped phase 3 of Reference Processing: no references
[2001.930s][debug][gc,ref         ] GC(237) ReferenceProcessor::execute queues: 1, RefProcThreadModel::Single, marks_oops_alive: false
[2001.930s][debug][gc,phases      ] GC(237) Reference Processing 0.168ms
[2001.931s][debug][gc,phases      ] GC(237)   VM Weak                        Min:  0.0, Avg:  0.0, Max:  0.0, Diff:  0.0, Sum:  0.0, Workers: 4
[2001.931s][debug][gc,phases      ] GC(237)     Dead                           Min: 0, Avg:  0.0, Max: 0, Diff: 0, Sum: 0, Workers: 4
[2001.931s][debug][gc,phases      ] GC(237)     Total                          Min: 0, Avg: 180.2, Max: 448, Diff: 448, Sum: 721, Workers: 4
[2001.931s][debug][gc,phases      ] GC(237)   ObjectSynchronizer Weak        Min:  0.0, Avg:  0.0, Max:  0.0, Diff:  0.0, Sum:  0.0, Workers: 4
[2001.931s][debug][gc,phases      ] GC(237)     Dead                           Min: 0, Avg:  0.0, Max: 0, Diff: 0, Sum: 0, Workers: 4
[2001.931s][debug][gc,phases      ] GC(237)     Total                          Min: 26, Avg: 118.5, Max: 192, Diff: 166, Sum: 474, Workers: 4
[2001.931s][debug][gc,phases      ] GC(237)   JVMTI Tag Weak OopStorage      Min:  0.0, Avg:  0.0, Max:  0.0, Diff:  0.0, Sum:  0.0, Workers: 4
[2001.931s][debug][gc,phases      ] GC(237)     Dead                           Min: 0, Avg:  0.0, Max: 0, Diff: 0, Sum: 0, Workers: 4
[2001.931s][debug][gc,phases      ] GC(237)     Total                          Min: 0, Avg:  0.0, Max: 0, Diff: 0, Sum: 0, Workers: 4
[2001.931s][debug][gc,phases      ] GC(237)   StringTable Weak               Min:  0.1, Avg:  0.1, Max:  0.1, Diff:  0.0, Sum:  0.5, Workers: 4
[2001.931s][debug][gc,phases      ] GC(237)     Dead                           Min: 0, Avg:  0.0, Max: 0, Diff: 0, Sum: 0, Workers: 4
[2001.931s][debug][gc,phases      ] GC(237)     Total                          Min: 10624, Avg: 12168.0, Max: 12832, Diff: 2208, Sum: 48672, Workers: 4
[2001.931s][debug][gc,phases      ] GC(237)   ResolvedMethodTable Weak       Min:  0.0, Avg:  0.0, Max:  0.0, Diff:  0.0, Sum:  0.1, Workers: 4
[2001.931s][debug][gc,phases      ] GC(237)     Dead                           Min: 0, Avg:  0.0, Max: 0, Diff: 0, Sum: 0, Workers: 4
[2001.931s][debug][gc,phases      ] GC(237)     Total                          Min: 2112, Avg: 2185.0, Max: 2276, Diff: 164, Sum: 8740, Workers: 4
[2001.931s][debug][gc,phases      ] GC(237)   JNI Weak                       Min:  0.0, Avg:  0.0, Max:  0.0, Diff:  0.0, Sum:  0.0, Workers: 4
[2001.931s][debug][gc,phases      ] GC(237)     Dead                           Min: 0, Avg:  0.0, Max: 0, Diff: 0, Sum: 0, Workers: 4
[2001.931s][debug][gc,phases      ] GC(237)     Total                          Min: 0, Avg:  0.0, Max: 0, Diff: 0, Sum: 0, Workers: 4
[2001.931s][debug][gc,phases      ] GC(237)   StringDedup Table Weak         Min:  0.0, Avg:  0.0, Max:  0.0, Diff:  0.0, Sum:  0.0, Workers: 4
[2001.931s][debug][gc,phases      ] GC(237)     Dead                           Min: 0, Avg:  0.0, Max: 0, Diff: 0, Sum: 0, Workers: 4
[2001.931s][debug][gc,phases      ] GC(237)     Total                          Min: 0, Avg:  0.0, Max: 0, Diff: 0, Sum: 0, Workers: 4
[2001.931s][debug][gc,phases      ] GC(237)   StringDedup Requests0 Weak     Min:  0.0, Avg:  0.0, Max:  0.0, Diff:  0.0, Sum:  0.0, Workers: 4
[2001.931s][debug][gc,phases      ] GC(237)     Dead                           Min: 0, Avg:  0.0, Max: 0, Diff: 0, Sum: 0, Workers: 4
[2001.931s][debug][gc,phases      ] GC(237)     Total                          Min: 0, Avg:  0.0, Max: 0, Diff: 0, Sum: 0, Workers: 4
[2001.931s][debug][gc,phases      ] GC(237)   StringDedup Requests1 Weak     Min:  0.0, Avg:  0.0, Max:  0.0, Diff:  0.0, Sum:  0.0, Workers: 4
[2001.931s][debug][gc,phases      ] GC(237)     Dead                           Min: 0, Avg:  0.0, Max: 0, Diff: 0, Sum: 0, Workers: 4
[2001.931s][debug][gc,phases      ] GC(237)     Total                          Min: 0, Avg:  0.0, Max: 0, Diff: 0, Sum: 0, Workers: 4
[2001.931s][debug][gc,phases      ] GC(237)   Weak JFR Old Object Samples    Min:  0.0, Avg:  0.0, Max:  0.0, Diff:  0.0, Sum:  0.0, Workers: 4
[2001.931s][debug][gc,phases      ] GC(237)     Dead                           Min: 0, Avg:  0.0, Max: 0, Diff: 0, Sum: 0, Workers: 4
[2001.931s][debug][gc,phases      ] GC(237)     Total                          Min: 0, Avg:  0.0, Max: 0, Diff: 0, Sum: 0, Workers: 4
[2001.931s][debug][gc,phases      ] GC(237) Weak Processing 0.333ms
[2001.931s][debug][gc,age         ] GC(237) Desired survivor size 99614720 bytes, new threshold 15 (max threshold 15)
[2001.931s][info ][gc,heap        ] GC(237) PSYoungGen: 1929232K(1995776K)->41296K(1991168K) Eden: 1889792K(1889792K)->0K(1889792K) From: 39440K(105984K)->41296K(101376K)
[2001.931s][info ][gc,heap        ] GC(237) ParOldGen: 863420K(1048576K)->863452K(1048576K)
[2001.931s][info ][gc,metaspace   ] GC(237) Metaspace: 85451K(86272K)->85451K(86272K) NonClass: 73592K(74048K)->73592K(74048K) Class: 11858K(12224K)->11858K(12224K)
[2001.931s][info ][gc             ] GC(237) Pause Young (Allocation Failure) 2727M->883M(2968M) 11.515ms
[2001.931s][info ][gc,cpu         ] GC(237) User=0.04s Sys=0.00s Real=0.01s
[2001.931s][info ][safepoint      ] Safepoint "ParallelGCFailedAllocation", Time since last: 9562214747 ns, Reaching safepoint: 49201 ns, At safepoint: 11599795 ns, Total: 11648996 ns
[2013.932s][info ][safepoint      ] Safepoint "Cleanup", Time since last: 12000918880 ns, Reaching safepoint: 62902 ns, At safepoint: 6000 ns, Total: 68902 ns
[2030.933s][info ][safepoint      ] Safepoint "Cleanup", Time since last: 17001189068 ns, Reaching safepoint: 53501 ns, At safepoint: 4401 ns, Total: 57902 ns
[2031.933s][info ][safepoint      ] Safepoint "Cleanup", Time since last: 1000161000 ns, Reaching safepoint: 65802 ns, At safepoint: 4200 ns, Total: 70002 ns
[2039.934s][info ][safepoint      ] Safepoint "Cleanup", Time since last: 8000561884 ns, Reaching safepoint: 89702 ns, At safepoint: 12601 ns, Total: 102303 ns
[2071.937s][info ][safepoint      ] Safepoint "Cleanup", Time since last: 32002569841 ns, Reaching safepoint: 50401 ns, At safepoint: 7800 ns, Total: 58201 ns
[2089.938s][info ][safepoint      ] Safepoint "Cleanup", Time since last: 18001316461 ns, Reaching safepoint: 52301 ns, At safepoint: 4001 ns, Total: 56302 ns
[2089.981s][info ][gc,start       ] GC(238) Pause Young (Allocation Failure)
[2089.991s][debug][gc,phases      ] GC(238) Scavenge 10.118ms
[2089.991s][debug][gc,ref         ] GC(238) Skipped phase 1 of Reference Processing: no references
[2089.991s][debug][gc,ref         ] GC(238) ReferenceProcessor::execute queues: 1, RefProcThreadModel::Single, marks_oops_alive: false
[2089.991s][debug][gc,ref         ] GC(238) Skipped phase 3 of Reference Processing: no references
[2089.991s][debug][gc,ref         ] GC(238) ReferenceProcessor::execute queues: 1, RefProcThreadModel::Single, marks_oops_alive: false
[2089.991s][debug][gc,phases      ] GC(238) Reference Processing 0.136ms
[2089.991s][debug][gc,phases      ] GC(238)   VM Weak                        Min:  0.0, Avg:  0.0, Max:  0.0, Diff:  0.0, Sum:  0.0, Workers: 4
[2089.991s][debug][gc,phases      ] GC(238)     Dead                           Min: 0, Avg:  0.0, Max: 0, Diff: 0, Sum: 0, Workers: 4
[2089.991s][debug][gc,phases      ] GC(238)     Total                          Min: 0, Avg: 180.2, Max: 401, Diff: 401, Sum: 721, Workers: 4
[2089.991s][debug][gc,phases      ] GC(238)   ObjectSynchronizer Weak        Min:  0.0, Avg:  0.0, Max:  0.0, Diff:  0.0, Sum:  0.0, Workers: 4
[2089.991s][debug][gc,phases      ] GC(238)     Dead                           Min: 0, Avg:  0.0, Max: 0, Diff: 0, Sum: 0, Workers: 4
[2089.991s][debug][gc,phases      ] GC(238)     Total                          Min: 64, Avg: 118.5, Max: 192, Diff: 128, Sum: 474, Workers: 4
[2089.991s][debug][gc,phases      ] GC(238)   JVMTI Tag Weak OopStorage      Min:  0.0, Avg:  0.0, Max:  0.0, Diff:  0.0, Sum:  0.0, Workers: 4
[2089.991s][debug][gc,phases      ] GC(238)     Dead                           Min: 0, Avg:  0.0, Max: 0, Diff: 0, Sum: 0, Workers: 4
[2089.991s][debug][gc,phases      ] GC(238)     Total                          Min: 0, Avg:  0.0, Max: 0, Diff: 0, Sum: 0, Workers: 4
[2089.991s][debug][gc,phases      ] GC(238)   StringTable Weak               Min:  0.1, Avg:  0.1, Max:  0.1, Diff:  0.0, Sum:  0.5, Workers: 4
[2089.991s][debug][gc,phases      ] GC(238)     Dead                           Min: 0, Avg:  0.0, Max: 0, Diff: 0, Sum: 0, Workers: 4
[2089.991s][debug][gc,phases      ] GC(238)     Total                          Min: 11296, Avg: 12168.0, Max: 12864, Diff: 1568, Sum: 48672, Workers: 4
[2089.991s][debug][gc,phases      ] GC(238)   ResolvedMethodTable Weak       Min:  0.0, Avg:  0.0, Max:  0.0, Diff:  0.0, Sum:  0.1, Workers: 4
[2089.991s][debug][gc,phases      ] GC(238)     Dead                           Min: 0, Avg:  0.0, Max: 0, Diff: 0, Sum: 0, Workers: 4
[2089.991s][debug][gc,phases      ] GC(238)     Total                          Min: 1984, Avg: 2185.0, Max: 2404, Diff: 420, Sum: 8740, Workers: 4
[2089.991s][debug][gc,phases      ] GC(238)   JNI Weak                       Min:  0.0, Avg:  0.0, Max:  0.0, Diff:  0.0, Sum:  0.0, Workers: 4
[2089.991s][debug][gc,phases      ] GC(238)     Dead                           Min: 0, Avg:  0.0, Max: 0, Diff: 0, Sum: 0, Workers: 4
[2089.991s][debug][gc,phases      ] GC(238)     Total                          Min: 0, Avg:  0.0, Max: 0, Diff: 0, Sum: 0, Workers: 4
[2089.991s][debug][gc,phases      ] GC(238)   StringDedup Table Weak         Min:  0.0, Avg:  0.0, Max:  0.0, Diff:  0.0, Sum:  0.0, Workers: 4
[2089.991s][debug][gc,phases      ] GC(238)     Dead                           Min: 0, Avg:  0.0, Max: 0, Diff: 0, Sum: 0, Workers: 4
[2089.991s][debug][gc,phases      ] GC(238)     Total                          Min: 0, Avg:  0.0, Max: 0, Diff: 0, Sum: 0, Workers: 4
[2089.991s][debug][gc,phases      ] GC(238)   StringDedup Requests0 Weak     Min:  0.0, Avg:  0.0, Max:  0.0, Diff:  0.0, Sum:  0.0, Workers: 4
[2089.991s][debug][gc,phases      ] GC(238)     Dead                           Min: 0, Avg:  0.0, Max: 0, Diff: 0, Sum: 0, Workers: 4
[2089.991s][debug][gc,phases      ] GC(238)     Total                          Min: 0, Avg:  0.0, Max: 0, Diff: 0, Sum: 0, Workers: 4
[2089.991s][debug][gc,phases      ] GC(238)   StringDedup Requests1 Weak     Min:  0.0, Avg:  0.0, Max:  0.0, Diff:  0.0, Sum:  0.0, Workers: 4
[2089.991s][debug][gc,phases      ] GC(238)     Dead                           Min: 0, Avg:  0.0, Max: 0, Diff: 0, Sum: 0, Workers: 4
[2089.991s][debug][gc,phases      ] GC(238)     Total                          Min: 0, Avg:  0.0, Max: 0, Diff: 0, Sum: 0, Workers: 4
[2089.991s][debug][gc,phases      ] GC(238)   Weak JFR Old Object Samples    Min:  0.0, Avg:  0.0, Max:  0.0, Diff:  0.0, Sum:  0.0, Workers: 4
[2089.991s][debug][gc,phases      ] GC(238)     Dead                           Min: 0, Avg:  0.0, Max: 0, Diff: 0, Sum: 0, Workers: 4
[2089.991s][debug][gc,phases      ] GC(238)     Total                          Min: 0, Avg:  0.0, Max: 0, Diff: 0, Sum: 0, Workers: 4
[2089.991s][debug][gc,phases      ] GC(238) Weak Processing 0.408ms
[2089.992s][debug][gc,age         ] GC(238) Desired survivor size 95944704 bytes, new threshold 15 (max threshold 15)
[2089.992s][info ][gc,heap        ] GC(238) PSYoungGen: 1931088K(1991168K)->41312K(2003456K) Eden: 1889792K(1889792K)->0K(1906176K) From: 41296K(101376K)->41312K(97280K)
[2089.992s][info ][gc,heap        ] GC(238) ParOldGen: 863452K(1048576K)->863508K(1048576K)
[2089.992s][info ][gc,metaspace   ] GC(238) Metaspace: 85459K(86272K)->85459K(86272K) NonClass: 73601K(74048K)->73601K(74048K) Class: 11858K(12224K)->11858K(12224K)
[2089.992s][info ][gc             ] GC(238) Pause Young (Allocation Failure) 2729M->883M(2980M) 10.812ms
[2089.992s][info ][gc,cpu         ] GC(238) User=0.04s Sys=0.00s Real=0.01s
[2089.992s][info ][safepoint      ] Safepoint "ParallelGCFailedAllocation", Time since last: 42670883 ns, Reaching safepoint: 28801 ns, At safepoint: 10899777 ns, Total: 10928578 ns
[2091.992s][info ][safepoint      ] Safepoint "Cleanup", Time since last: 2000154196 ns, Reaching safepoint: 47001 ns, At safepoint: 6100 ns, Total: 53101 ns
[2098.992s][info ][safepoint      ] Safepoint "Cleanup", Time since last: 7000524684 ns, Reaching safepoint: 50102 ns, At safepoint: 6300 ns, Total: 56402 ns
[2107.993s][info ][safepoint      ] Safepoint "Cleanup", Time since last: 9000819983 ns, Reaching safepoint: 53401 ns, At safepoint: 5901 ns, Total: 59302 ns
[2117.994s][info ][safepoint      ] Safepoint "Cleanup", Time since last: 10000828178 ns, Reaching safepoint: 117203 ns, At safepoint: 8801 ns, Total: 126004 ns
[2118.994s][info ][safepoint      ] Safepoint "Cleanup", Time since last: 1000107398 ns, Reaching safepoint: 43701 ns, At safepoint: 6500 ns, Total: 50201 ns
[2122.020s][info ][safepoint      ] Safepoint "Cleanup", Time since last: 3025916646 ns, Reaching safepoint: 100102 ns, At safepoint: 10401 ns, Total: 110503 ns
[2125.021s][info ][safepoint      ] Safepoint "Cleanup", Time since last: 3000230493 ns, Reaching safepoint: 55301 ns, At safepoint: 10700 ns, Total: 66001 ns
[2127.021s][info ][safepoint      ] Safepoint "Cleanup", Time since last: 2000190096 ns, Reaching safepoint: 44302 ns, At safepoint: 3700 ns, Total: 48002 ns
[2128.807s][info ][safepoint      ] Safepoint "Cleanup", Time since last: 1786124360 ns, Reaching safepoint: 64001 ns, At safepoint: 4400 ns, Total: 68401 ns
[2129.807s][info ][safepoint      ] Safepoint "Cleanup", Time since last: 1000110999 ns, Reaching safepoint: 40301 ns, At safepoint: 4500 ns, Total: 44801 ns
[2132.808s][info ][safepoint      ] Safepoint "Cleanup", Time since last: 3000251293 ns, Reaching safepoint: 68402 ns, At safepoint: 4500 ns, Total: 72902 ns
[2133.808s][info ][safepoint      ] Safepoint "Cleanup", Time since last: 1000132099 ns, Reaching safepoint: 55202 ns, At safepoint: 8400 ns, Total: 63602 ns
[2138.808s][info ][safepoint      ] Safepoint "Cleanup", Time since last: 5000422789 ns, Reaching safepoint: 59101 ns, At safepoint: 4200 ns, Total: 63301 ns
[2144.809s][info ][safepoint      ] Safepoint "Cleanup", Time since last: 6000478586 ns, Reaching safepoint: 56302 ns, At safepoint: 4200 ns, Total: 60502 ns
[2147.809s][info ][safepoint      ] Safepoint "Cleanup", Time since last: 3000264693 ns, Reaching safepoint: 57802 ns, At safepoint: 4500 ns, Total: 62302 ns
[2156.810s][info ][safepoint      ] Safepoint "Cleanup", Time since last: 9000679677 ns, Reaching safepoint: 73202 ns, At safepoint: 15000 ns, Total: 88202 ns
[2158.810s][info ][safepoint      ] Safepoint "Cleanup", Time since last: 2000205697 ns, Reaching safepoint: 48001 ns, At safepoint: 4800 ns, Total: 52801 ns
[2159.579s][info ][gc,start       ] GC(239) Pause Young (Allocation Failure)
[2159.589s][debug][gc,phases      ] GC(239) Scavenge 10.263ms
[2159.589s][debug][gc,ref         ] GC(239) Skipped phase 1 of Reference Processing: no references
[2159.589s][debug][gc,ref         ] GC(239) ReferenceProcessor::execute queues: 1, RefProcThreadModel::Single, marks_oops_alive: false
[2159.589s][debug][gc,ref         ] GC(239) Skipped phase 3 of Reference Processing: no references
[2159.589s][debug][gc,ref         ] GC(239) ReferenceProcessor::execute queues: 1, RefProcThreadModel::Single, marks_oops_alive: false
[2159.589s][debug][gc,phases      ] GC(239) Reference Processing 0.148ms
[2159.590s][debug][gc,phases      ] GC(239)   VM Weak                        Min:  0.0, Avg:  0.0, Max:  0.0, Diff:  0.0, Sum:  0.0, Workers: 4
[2159.590s][debug][gc,phases      ] GC(239)     Dead                           Min: 0, Avg:  0.0, Max: 0, Diff: 0, Sum: 0, Workers: 4
[2159.590s][debug][gc,phases      ] GC(239)     Total                          Min: 0, Avg: 180.2, Max: 448, Diff: 448, Sum: 721, Workers: 4
[2159.590s][debug][gc,phases      ] GC(239)   ObjectSynchronizer Weak        Min:  0.0, Avg:  0.0, Max:  0.0, Diff:  0.0, Sum:  0.0, Workers: 4
[2159.590s][debug][gc,phases      ] GC(239)     Dead                           Min: 0, Avg:  0.0, Max: 0, Diff: 0, Sum: 0, Workers: 4
[2159.590s][debug][gc,phases      ] GC(239)     Total                          Min: 0, Avg: 118.5, Max: 256, Diff: 256, Sum: 474, Workers: 4
[2159.590s][debug][gc,phases      ] GC(239)   JVMTI Tag Weak OopStorage      Min:  0.0, Avg:  0.0, Max:  0.0, Diff:  0.0, Sum:  0.0, Workers: 4
[2159.590s][debug][gc,phases      ] GC(239)     Dead                           Min: 0, Avg:  0.0, Max: 0, Diff: 0, Sum: 0, Workers: 4
[2159.590s][debug][gc,phases      ] GC(239)     Total                          Min: 0, Avg:  0.0, Max: 0, Diff: 0, Sum: 0, Workers: 4
[2159.590s][debug][gc,phases      ] GC(239)   StringTable Weak               Min:  0.1, Avg:  0.1, Max:  0.1, Diff:  0.0, Sum:  0.5, Workers: 4
[2159.590s][debug][gc,phases      ] GC(239)     Dead                           Min: 0, Avg:  0.0, Max: 0, Diff: 0, Sum: 0, Workers: 4
[2159.590s][debug][gc,phases      ] GC(239)     Total                          Min: 11648, Avg: 12168.2, Max: 12672, Diff: 1024, Sum: 48673, Workers: 4
[2159.590s][debug][gc,phases      ] GC(239)   ResolvedMethodTable Weak       Min:  0.0, Avg:  0.0, Max:  0.0, Diff:  0.0, Sum:  0.1, Workers: 4
[2159.590s][debug][gc,phases      ] GC(239)     Dead                           Min: 0, Avg:  0.0, Max: 0, Diff: 0, Sum: 0, Workers: 4
[2159.590s][debug][gc,phases      ] GC(239)     Total                          Min: 1895, Avg: 2185.8, Max: 2944, Diff: 1049, Sum: 8743, Workers: 4
[2159.590s][debug][gc,phases      ] GC(239)   JNI Weak                       Min:  0.0, Avg:  0.0, Max:  0.0, Diff:  0.0, Sum:  0.0, Workers: 4
[2159.590s][debug][gc,phases      ] GC(239)     Dead                           Min: 0, Avg:  0.0, Max: 0, Diff: 0, Sum: 0, Workers: 4
[2159.590s][debug][gc,phases      ] GC(239)     Total                          Min: 0, Avg:  0.0, Max: 0, Diff: 0, Sum: 0, Workers: 4
[2159.590s][debug][gc,phases      ] GC(239)   StringDedup Table Weak         Min:  0.0, Avg:  0.0, Max:  0.0, Diff:  0.0, Sum:  0.0, Workers: 4
[2159.590s][debug][gc,phases      ] GC(239)     Dead                           Min: 0, Avg:  0.0, Max: 0, Diff: 0, Sum: 0, Workers: 4
[2159.590s][debug][gc,phases      ] GC(239)     Total                          Min: 0, Avg:  0.0, Max: 0, Diff: 0, Sum: 0, Workers: 4
[2159.590s][debug][gc,phases      ] GC(239)   StringDedup Requests0 Weak     Min:  0.0, Avg:  0.0, Max:  0.0, Diff:  0.0, Sum:  0.0, Workers: 4
[2159.590s][debug][gc,phases      ] GC(239)     Dead                           Min: 0, Avg:  0.0, Max: 0, Diff: 0, Sum: 0, Workers: 4
[2159.590s][debug][gc,phases      ] GC(239)     Total                          Min: 0, Avg:  0.0, Max: 0, Diff: 0, Sum: 0, Workers: 4
[2159.590s][debug][gc,phases      ] GC(239)   StringDedup Requests1 Weak     Min:  0.0, Avg:  0.0, Max:  0.0, Diff:  0.0, Sum:  0.0, Workers: 4
[2159.590s][debug][gc,phases      ] GC(239)     Dead                           Min: 0, Avg:  0.0, Max: 0, Diff: 0, Sum: 0, Workers: 4
[2159.590s][debug][gc,phases      ] GC(239)     Total                          Min: 0, Avg:  0.0, Max: 0, Diff: 0, Sum: 0, Workers: 4
[2159.590s][debug][gc,phases      ] GC(239)   Weak JFR Old Object Samples    Min:  0.0, Avg:  0.0, Max:  0.0, Diff:  0.0, Sum:  0.0, Workers: 4
[2159.590s][debug][gc,phases      ] GC(239)     Dead                           Min: 0, Avg:  0.0, Max: 0, Diff: 0, Sum: 0, Workers: 4
[2159.590s][debug][gc,phases      ] GC(239)     Total                          Min: 0, Avg:  0.0, Max: 0, Diff: 0, Sum: 0, Workers: 4
[2159.590s][debug][gc,phases      ] GC(239) Weak Processing 0.377ms
[2159.590s][debug][gc,age         ] GC(239) Desired survivor size 92274688 bytes, new threshold 15 (max threshold 15)
[2159.590s][info ][gc,heap        ] GC(239) PSYoungGen: 1947488K(2003456K)->41392K(1999872K) Eden: 1906176K(1906176K)->0K(1906176K) From: 41312K(97280K)->41392K(93696K)
[2159.590s][info ][gc,heap        ] GC(239) ParOldGen: 863508K(1048576K)->863572K(1048576K)
[2159.590s][info ][gc,metaspace   ] GC(239) Metaspace: 85480K(86336K)->85480K(86336K) NonClass: 73620K(74112K)->73620K(74112K) Class: 11860K(12224K)->11860K(12224K)
[2159.590s][info ][gc             ] GC(239) Pause Young (Allocation Failure) 2745M->883M(2977M) 10.945ms
[2159.590s][info ][gc,cpu         ] GC(239) User=0.04s Sys=0.00s Real=0.01s
[2159.590s][info ][safepoint      ] Safepoint "ParallelGCFailedAllocation", Time since last: 768474816 ns, Reaching safepoint: 103003 ns, At safepoint: 11034580 ns, Total: 11137583 ns
[2165.590s][info ][safepoint      ] Safepoint "Cleanup", Time since last: 6000401183 ns, Reaching safepoint: 48201 ns, At safepoint: 3800 ns, Total: 52001 ns
[2167.590s][info ][safepoint      ] Safepoint "Cleanup", Time since last: 2000181496 ns, Reaching safepoint: 56901 ns, At safepoint: 5300 ns, Total: 62201 ns
[2169.591s][info ][safepoint      ] Safepoint "Cleanup", Time since last: 2000209397 ns, Reaching safepoint: 68701 ns, At safepoint: 8901 ns, Total: 77602 ns
[2170.591s][info ][safepoint      ] Safepoint "Cleanup", Time since last: 1000138599 ns, Reaching safepoint: 39401 ns, At safepoint: 3700 ns, Total: 43101 ns
[2185.592s][info ][safepoint      ] Safepoint "Cleanup", Time since last: 15001107459 ns, Reaching safepoint: 52702 ns, At safepoint: 9100 ns, Total: 61802 ns
[2192.593s][info ][safepoint      ] Safepoint "Cleanup", Time since last: 7000509280 ns, Reaching safepoint: 48802 ns, At safepoint: 11000 ns, Total: 59802 ns
[2198.593s][info ][safepoint      ] Safepoint "Cleanup", Time since last: 6000437283 ns, Reaching safepoint: 54402 ns, At safepoint: 8100 ns, Total: 62502 ns
[2221.595s][info ][safepoint      ] Safepoint "Cleanup", Time since last: 23001466828 ns, Reaching safepoint: 59802 ns, At safepoint: 13700 ns, Total: 73502 ns
[2229.595s][info ][safepoint      ] Safepoint "Cleanup", Time since last: 8000566476 ns, Reaching safepoint: 54302 ns, At safepoint: 7200 ns, Total: 61502 ns
[2230.596s][info ][safepoint      ] Safepoint "Cleanup", Time since last: 1000116098 ns, Reaching safepoint: 61801 ns, At safepoint: 6301 ns, Total: 68102 ns
[2233.596s][info ][safepoint      ] Safepoint "Cleanup", Time since last: 3000239191 ns, Reaching safepoint: 61002 ns, At safepoint: 9300 ns, Total: 70302 ns
[2235.656s][info ][gc,start       ] GC(240) Pause Young (Allocation Failure)
[2235.667s][debug][gc,phases      ] GC(240) Scavenge 10.411ms
[2235.667s][debug][gc,ref         ] GC(240) Skipped phase 1 of Reference Processing: no references
[2235.667s][debug][gc,ref         ] GC(240) ReferenceProcessor::execute queues: 1, RefProcThreadModel::Single, marks_oops_alive: false
[2235.667s][debug][gc,ref         ] GC(240) Skipped phase 3 of Reference Processing: no references
[2235.667s][debug][gc,ref         ] GC(240) ReferenceProcessor::execute queues: 1, RefProcThreadModel::Single, marks_oops_alive: false
[2235.667s][debug][gc,phases      ] GC(240) Reference Processing 0.135ms
[2235.667s][debug][gc,phases      ] GC(240)   VM Weak                        Min:  0.0, Avg:  0.0, Max:  0.0, Diff:  0.0, Sum:  0.0, Workers: 4
[2235.667s][debug][gc,phases      ] GC(240)     Dead                           Min: 0, Avg:  0.0, Max: 0, Diff: 0, Sum: 0, Workers: 4
[2235.667s][debug][gc,phases      ] GC(240)     Total                          Min: 0, Avg: 180.2, Max: 337, Diff: 337, Sum: 721, Workers: 4
[2235.667s][debug][gc,phases      ] GC(240)   ObjectSynchronizer Weak        Min:  0.0, Avg:  0.0, Max:  0.0, Diff:  0.0, Sum:  0.0, Workers: 4
[2235.667s][debug][gc,phases      ] GC(240)     Dead                           Min: 0, Avg:  0.0, Max: 0, Diff: 0, Sum: 0, Workers: 4
[2235.667s][debug][gc,phases      ] GC(240)     Total                          Min: 64, Avg: 118.5, Max: 192, Diff: 128, Sum: 474, Workers: 4
[2235.667s][debug][gc,phases      ] GC(240)   JVMTI Tag Weak OopStorage      Min:  0.0, Avg:  0.0, Max:  0.0, Diff:  0.0, Sum:  0.0, Workers: 4
[2235.667s][debug][gc,phases      ] GC(240)     Dead                           Min: 0, Avg:  0.0, Max: 0, Diff: 0, Sum: 0, Workers: 4
[2235.667s][debug][gc,phases      ] GC(240)     Total                          Min: 0, Avg:  0.0, Max: 0, Diff: 0, Sum: 0, Workers: 4
[2235.667s][debug][gc,phases      ] GC(240)   StringTable Weak               Min:  0.1, Avg:  0.1, Max:  0.1, Diff:  0.0, Sum:  0.5, Workers: 4
[2235.667s][debug][gc,phases      ] GC(240)     Dead                           Min: 0, Avg:  0.0, Max: 0, Diff: 0, Sum: 0, Workers: 4
[2235.667s][debug][gc,phases      ] GC(240)     Total                          Min: 11904, Avg: 12170.2, Max: 12416, Diff: 512, Sum: 48681, Workers: 4
[2235.667s][debug][gc,phases      ] GC(240)   ResolvedMethodTable Weak       Min:  0.0, Avg:  0.0, Max:  0.0, Diff:  0.0, Sum:  0.1, Workers: 4
[2235.667s][debug][gc,phases      ] GC(240)     Dead                           Min: 0, Avg:  0.0, Max: 0, Diff: 0, Sum: 0, Workers: 4
[2235.667s][debug][gc,phases      ] GC(240)     Total                          Min: 2023, Avg: 2185.8, Max: 2304, Diff: 281, Sum: 8743, Workers: 4
[2235.667s][debug][gc,phases      ] GC(240)   JNI Weak                       Min:  0.0, Avg:  0.0, Max:  0.0, Diff:  0.0, Sum:  0.0, Workers: 4
[2235.667s][debug][gc,phases      ] GC(240)     Dead                           Min: 0, Avg:  0.0, Max: 0, Diff: 0, Sum: 0, Workers: 4
[2235.667s][debug][gc,phases      ] GC(240)     Total                          Min: 0, Avg:  0.0, Max: 0, Diff: 0, Sum: 0, Workers: 4
[2235.667s][debug][gc,phases      ] GC(240)   StringDedup Table Weak         Min:  0.0, Avg:  0.0, Max:  0.0, Diff:  0.0, Sum:  0.0, Workers: 4
[2235.667s][debug][gc,phases      ] GC(240)     Dead                           Min: 0, Avg:  0.0, Max: 0, Diff: 0, Sum: 0, Workers: 4
[2235.667s][debug][gc,phases      ] GC(240)     Total                          Min: 0, Avg:  0.0, Max: 0, Diff: 0, Sum: 0, Workers: 4
[2235.667s][debug][gc,phases      ] GC(240)   StringDedup Requests0 Weak     Min:  0.0, Avg:  0.0, Max:  0.0, Diff:  0.0, Sum:  0.0, Workers: 4
[2235.667s][debug][gc,phases      ] GC(240)     Dead                           Min: 0, Avg:  0.0, Max: 0, Diff: 0, Sum: 0, Workers: 4
[2235.667s][debug][gc,phases      ] GC(240)     Total                          Min: 0, Avg:  0.0, Max: 0, Diff: 0, Sum: 0, Workers: 4
[2235.667s][debug][gc,phases      ] GC(240)   StringDedup Requests1 Weak     Min:  0.0, Avg:  0.0, Max:  0.0, Diff:  0.0, Sum:  0.0, Workers: 4
[2235.667s][debug][gc,phases      ] GC(240)     Dead                           Min: 0, Avg:  0.0, Max: 0, Diff: 0, Sum: 0, Workers: 4
[2235.667s][debug][gc,phases      ] GC(240)     Total                          Min: 0, Avg:  0.0, Max: 0, Diff: 0, Sum: 0, Workers: 4
[2235.667s][debug][gc,phases      ] GC(240)   Weak JFR Old Object Samples    Min:  0.0, Avg:  0.0, Max:  0.0, Diff:  0.0, Sum:  0.0, Workers: 4
[2235.667s][debug][gc,phases      ] GC(240)     Dead                           Min: 0, Avg:  0.0, Max: 0, Diff: 0, Sum: 0, Workers: 4
[2235.667s][debug][gc,phases      ] GC(240)     Total                          Min: 0, Avg:  0.0, Max: 0, Diff: 0, Sum: 0, Workers: 4
[2235.667s][debug][gc,phases      ] GC(240) Weak Processing 0.364ms
[2235.667s][debug][gc,age         ] GC(240) Desired survivor size 88080384 bytes, new threshold 15 (max threshold 15)
[2235.667s][info ][gc,heap        ] GC(240) PSYoungGen: 1947568K(1999872K)->38672K(2011136K) Eden: 1906176K(1906176K)->0K(1921024K) From: 41392K(93696K)->38672K(90112K)
[2235.667s][info ][gc,heap        ] GC(240) ParOldGen: 863572K(1048576K)->866356K(1048576K)
[2235.667s][info ][gc,metaspace   ] GC(240) Metaspace: 85493K(86336K)->85493K(86336K) NonClass: 73633K(74112K)->73633K(74112K) Class: 11860K(12224K)->11860K(12224K)
[2235.667s][info ][gc             ] GC(240) Pause Young (Allocation Failure) 2745M->883M(2988M) 11.054ms
[2235.667s][info ][gc,cpu         ] GC(240) User=0.04s Sys=0.00s Real=0.01s
[2235.667s][info ][safepoint      ] Safepoint "ParallelGCFailedAllocation", Time since last: 2060321422 ns, Reaching safepoint: 44401 ns, At safepoint: 11142183 ns, Total: 11186584 ns
[2268.670s][info ][safepoint      ] Safepoint "Cleanup", Time since last: 33002213794 ns, Reaching safepoint: 46601 ns, At safepoint: 27201 ns, Total: 73802 ns
[2323.678s][info ][gc,start       ] GC(241) Pause Young (Allocation Failure)
[2323.688s][debug][gc,phases      ] GC(241) Scavenge 9.338ms
[2323.688s][debug][gc,ref         ] GC(241) Skipped phase 1 of Reference Processing: no references
[2323.688s][debug][gc,ref         ] GC(241) ReferenceProcessor::execute queues: 1, RefProcThreadModel::Single, marks_oops_alive: false
[2323.688s][debug][gc,ref         ] GC(241) Skipped phase 3 of Reference Processing: no references
[2323.688s][debug][gc,ref         ] GC(241) ReferenceProcessor::execute queues: 1, RefProcThreadModel::Single, marks_oops_alive: false
[2323.688s][debug][gc,phases      ] GC(241) Reference Processing 0.135ms
[2323.688s][debug][gc,phases      ] GC(241)   VM Weak                        Min:  0.0, Avg:  0.0, Max:  0.0, Diff:  0.0, Sum:  0.0, Workers: 4
[2323.688s][debug][gc,phases      ] GC(241)     Dead                           Min: 0, Avg:  0.0, Max: 0, Diff: 0, Sum: 0, Workers: 4
[2323.688s][debug][gc,phases      ] GC(241)     Total                          Min: 0, Avg: 180.2, Max: 721, Diff: 721, Sum: 721, Workers: 4
[2323.688s][debug][gc,phases      ] GC(241)   ObjectSynchronizer Weak        Min:  0.0, Avg:  0.0, Max:  0.0, Diff:  0.0, Sum:  0.0, Workers: 4
[2323.688s][debug][gc,phases      ] GC(241)     Dead                           Min: 0, Avg:  0.0, Max: 0, Diff: 0, Sum: 0, Workers: 4
[2323.688s][debug][gc,phases      ] GC(241)     Total                          Min: 0, Avg: 118.5, Max: 192, Diff: 192, Sum: 474, Workers: 4
[2323.688s][debug][gc,phases      ] GC(241)   JVMTI Tag Weak OopStorage      Min:  0.0, Avg:  0.0, Max:  0.0, Diff:  0.0, Sum:  0.0, Workers: 4
[2323.688s][debug][gc,phases      ] GC(241)     Dead                           Min: 0, Avg:  0.0, Max: 0, Diff: 0, Sum: 0, Workers: 4
[2323.688s][debug][gc,phases      ] GC(241)     Total                          Min: 0, Avg:  0.0, Max: 0, Diff: 0, Sum: 0, Workers: 4
[2323.688s][debug][gc,phases      ] GC(241)   StringTable Weak               Min:  0.1, Avg:  0.1, Max:  0.1, Diff:  0.0, Sum:  0.5, Workers: 4
[2323.688s][debug][gc,phases      ] GC(241)     Dead                           Min: 0, Avg:  0.0, Max: 0, Diff: 0, Sum: 0, Workers: 4
[2323.688s][debug][gc,phases      ] GC(241)     Total                          Min: 11689, Avg: 12170.2, Max: 12736, Diff: 1047, Sum: 48681, Workers: 4
[2323.688s][debug][gc,phases      ] GC(241)   ResolvedMethodTable Weak       Min:  0.0, Avg:  0.0, Max:  0.0, Diff:  0.0, Sum:  0.1, Workers: 4
[2323.688s][debug][gc,phases      ] GC(241)     Dead                           Min: 0, Avg:  0.0, Max: 0, Diff: 0, Sum: 0, Workers: 4
[2323.688s][debug][gc,phases      ] GC(241)     Total                          Min: 2048, Avg: 2185.8, Max: 2304, Diff: 256, Sum: 8743, Workers: 4
[2323.688s][debug][gc,phases      ] GC(241)   JNI Weak                       Min:  0.0, Avg:  0.0, Max:  0.0, Diff:  0.0, Sum:  0.0, Workers: 4
[2323.688s][debug][gc,phases      ] GC(241)     Dead                           Min: 0, Avg:  0.0, Max: 0, Diff: 0, Sum: 0, Workers: 4
[2323.688s][debug][gc,phases      ] GC(241)     Total                          Min: 0, Avg:  0.0, Max: 0, Diff: 0, Sum: 0, Workers: 4
[2323.688s][debug][gc,phases      ] GC(241)   StringDedup Table Weak         Min:  0.0, Avg:  0.0, Max:  0.0, Diff:  0.0, Sum:  0.0, Workers: 4
[2323.688s][debug][gc,phases      ] GC(241)     Dead                           Min: 0, Avg:  0.0, Max: 0, Diff: 0, Sum: 0, Workers: 4
[2323.688s][debug][gc,phases      ] GC(241)     Total                          Min: 0, Avg:  0.0, Max: 0, Diff: 0, Sum: 0, Workers: 4
[2323.688s][debug][gc,phases      ] GC(241)   StringDedup Requests0 Weak     Min:  0.0, Avg:  0.0, Max:  0.0, Diff:  0.0, Sum:  0.0, Workers: 4
[2323.688s][debug][gc,phases      ] GC(241)     Dead                           Min: 0, Avg:  0.0, Max: 0, Diff: 0, Sum: 0, Workers: 4
[2323.688s][debug][gc,phases      ] GC(241)     Total                          Min: 0, Avg:  0.0, Max: 0, Diff: 0, Sum: 0, Workers: 4
[2323.688s][debug][gc,phases      ] GC(241)   StringDedup Requests1 Weak     Min:  0.0, Avg:  0.0, Max:  0.0, Diff:  0.0, Sum:  0.0, Workers: 4
[2323.688s][debug][gc,phases      ] GC(241)     Dead                           Min: 0, Avg:  0.0, Max: 0, Diff: 0, Sum: 0, Workers: 4
[2323.688s][debug][gc,phases      ] GC(241)     Total                          Min: 0, Avg:  0.0, Max: 0, Diff: 0, Sum: 0, Workers: 4
[2323.688s][debug][gc,phases      ] GC(241)   Weak JFR Old Object Samples    Min:  0.0, Avg:  0.0, Max:  0.0, Diff:  0.0, Sum:  0.0, Workers: 4
[2323.688s][debug][gc,phases      ] GC(241)     Dead                           Min: 0, Avg:  0.0, Max: 0, Diff: 0, Sum: 0, Workers: 4
[2323.688s][debug][gc,phases      ] GC(241)     Total                          Min: 0, Avg:  0.0, Max: 0, Diff: 0, Sum: 0, Workers: 4
[2323.688s][debug][gc,phases      ] GC(241) Weak Processing 0.358ms
[2323.688s][debug][gc,age         ] GC(241) Desired survivor size 83886080 bytes, new threshold 15 (max threshold 15)
[2323.688s][info ][gc,heap        ] GC(241) PSYoungGen: 1959696K(2011136K)->38832K(2007040K) Eden: 1921024K(1921024K)->0K(1921024K) From: 38672K(90112K)->38832K(86016K)
[2323.688s][info ][gc,heap        ] GC(241) ParOldGen: 866356K(1048576K)->866388K(1048576K)
[2323.688s][info ][gc,metaspace   ] GC(241) Metaspace: 85498K(86336K)->85498K(86336K) NonClass: 73638K(74112K)->73638K(74112K) Class: 11860K(12224K)->11860K(12224K)
[2323.688s][info ][gc             ] GC(241) Pause Young (Allocation Failure) 2759M->884M(2984M) 9.967ms
[2323.688s][info ][gc,cpu         ] GC(241) User=0.04s Sys=0.00s Real=0.01s
[2323.688s][info ][safepoint      ] Safepoint "ParallelGCFailedAllocation", Time since last: 55008663540 ns, Reaching safepoint: 110802 ns, At safepoint: 10056156 ns, Total: 10166958 ns
[2362.691s][info ][safepoint      ] Safepoint "Cleanup", Time since last: 39002753664 ns, Reaching safepoint: 58201 ns, At safepoint: 22501 ns, Total: 80702 ns
[2363.691s][info ][safepoint      ] Safepoint "Cleanup", Time since last: 1000124998 ns, Reaching safepoint: 52501 ns, At safepoint: 3500 ns, Total: 56001 ns
[2367.692s][info ][safepoint      ] Safepoint "Cleanup", Time since last: 4000346387 ns, Reaching safepoint: 52102 ns, At safepoint: 6600 ns, Total: 58702 ns
[2375.693s][info ][safepoint      ] Safepoint "Cleanup", Time since last: 8000636873 ns, Reaching safepoint: 58201 ns, At safepoint: 5501 ns, Total: 63702 ns
[2392.694s][info ][safepoint      ] Safepoint "Cleanup", Time since last: 17001278240 ns, Reaching safepoint: 54501 ns, At safepoint: 31801 ns, Total: 86302 ns
[2400.695s][info ][safepoint      ] Safepoint "Cleanup", Time since last: 8000563671 ns, Reaching safepoint: 50101 ns, At safepoint: 3500 ns, Total: 53601 ns
[2412.820s][info ][gc,start       ] GC(242) Pause Young (Allocation Failure)
[2412.829s][debug][gc,phases      ] GC(242) Scavenge 8.777ms
[2412.829s][debug][gc,ref         ] GC(242) Skipped phase 1 of Reference Processing: no references
[2412.829s][debug][gc,ref         ] GC(242) ReferenceProcessor::execute queues: 1, RefProcThreadModel::Single, marks_oops_alive: false
[2412.829s][debug][gc,ref         ] GC(242) Skipped phase 3 of Reference Processing: no references
[2412.829s][debug][gc,ref         ] GC(242) ReferenceProcessor::execute queues: 1, RefProcThreadModel::Single, marks_oops_alive: false
[2412.829s][debug][gc,phases      ] GC(242) Reference Processing 0.138ms
[2412.830s][debug][gc,phases      ] GC(242)   VM Weak                        Min:  0.0, Avg:  0.0, Max:  0.0, Diff:  0.0, Sum:  0.0, Workers: 4
[2412.830s][debug][gc,phases      ] GC(242)     Dead                           Min: 0, Avg:  0.0, Max: 0, Diff: 0, Sum: 0, Workers: 4
[2412.830s][debug][gc,phases      ] GC(242)     Total                          Min: 0, Avg: 180.2, Max: 384, Diff: 384, Sum: 721, Workers: 4
[2412.830s][debug][gc,phases      ] GC(242)   ObjectSynchronizer Weak        Min:  0.0, Avg:  0.0, Max:  0.0, Diff:  0.0, Sum:  0.0, Workers: 4
[2412.830s][debug][gc,phases      ] GC(242)     Dead                           Min: 0, Avg:  0.0, Max: 0, Diff: 0, Sum: 0, Workers: 4
[2412.830s][debug][gc,phases      ] GC(242)     Total                          Min: 0, Avg: 118.5, Max: 192, Diff: 192, Sum: 474, Workers: 4
[2412.830s][debug][gc,phases      ] GC(242)   JVMTI Tag Weak OopStorage      Min:  0.0, Avg:  0.0, Max:  0.0, Diff:  0.0, Sum:  0.0, Workers: 4
[2412.830s][debug][gc,phases      ] GC(242)     Dead                           Min: 0, Avg:  0.0, Max: 0, Diff: 0, Sum: 0, Workers: 4
[2412.830s][debug][gc,phases      ] GC(242)     Total                          Min: 0, Avg:  0.0, Max: 0, Diff: 0, Sum: 0, Workers: 4
[2412.830s][debug][gc,phases      ] GC(242)   StringTable Weak               Min:  0.1, Avg:  0.1, Max:  0.1, Diff:  0.0, Sum:  0.5, Workers: 4
[2412.830s][debug][gc,phases      ] GC(242)     Dead                           Min: 0, Avg:  0.0, Max: 0, Diff: 0, Sum: 0, Workers: 4
[2412.830s][debug][gc,phases      ] GC(242)     Total                          Min: 10944, Avg: 12170.2, Max: 13481, Diff: 2537, Sum: 48681, Workers: 4
[2412.830s][debug][gc,phases      ] GC(242)   ResolvedMethodTable Weak       Min:  0.0, Avg:  0.0, Max:  0.0, Diff:  0.0, Sum:  0.1, Workers: 4
[2412.830s][debug][gc,phases      ] GC(242)     Dead                           Min: 0, Avg:  0.0, Max: 0, Diff: 0, Sum: 0, Workers: 4
[2412.830s][debug][gc,phases      ] GC(242)     Total                          Min: 1984, Avg: 2185.8, Max: 2368, Diff: 384, Sum: 8743, Workers: 4
[2412.830s][debug][gc,phases      ] GC(242)   JNI Weak                       Min:  0.0, Avg:  0.0, Max:  0.0, Diff:  0.0, Sum:  0.0, Workers: 4
[2412.830s][debug][gc,phases      ] GC(242)     Dead                           Min: 0, Avg:  0.0, Max: 0, Diff: 0, Sum: 0, Workers: 4
[2412.830s][debug][gc,phases      ] GC(242)     Total                          Min: 0, Avg:  0.0, Max: 0, Diff: 0, Sum: 0, Workers: 4
[2412.830s][debug][gc,phases      ] GC(242)   StringDedup Table Weak         Min:  0.0, Avg:  0.0, Max:  0.0, Diff:  0.0, Sum:  0.0, Workers: 4
[2412.830s][debug][gc,phases      ] GC(242)     Dead                           Min: 0, Avg:  0.0, Max: 0, Diff: 0, Sum: 0, Workers: 4
[2412.830s][debug][gc,phases      ] GC(242)     Total                          Min: 0, Avg:  0.0, Max: 0, Diff: 0, Sum: 0, Workers: 4
[2412.830s][debug][gc,phases      ] GC(242)   StringDedup Requests0 Weak     Min:  0.0, Avg:  0.0, Max:  0.0, Diff:  0.0, Sum:  0.0, Workers: 4
[2412.830s][debug][gc,phases      ] GC(242)     Dead                           Min: 0, Avg:  0.0, Max: 0, Diff: 0, Sum: 0, Workers: 4
[2412.830s][debug][gc,phases      ] GC(242)     Total                          Min: 0, Avg:  0.0, Max: 0, Diff: 0, Sum: 0, Workers: 4
[2412.830s][debug][gc,phases      ] GC(242)   StringDedup Requests1 Weak     Min:  0.0, Avg:  0.0, Max:  0.0, Diff:  0.0, Sum:  0.0, Workers: 4
[2412.830s][debug][gc,phases      ] GC(242)     Dead                           Min: 0, Avg:  0.0, Max: 0, Diff: 0, Sum: 0, Workers: 4
[2412.830s][debug][gc,phases      ] GC(242)     Total                          Min: 0, Avg:  0.0, Max: 0, Diff: 0, Sum: 0, Workers: 4
[2412.830s][debug][gc,phases      ] GC(242)   Weak JFR Old Object Samples    Min:  0.0, Avg:  0.0, Max:  0.0, Diff:  0.0, Sum:  0.0, Workers: 4
[2412.830s][debug][gc,phases      ] GC(242)     Dead                           Min: 0, Avg:  0.0, Max: 0, Diff: 0, Sum: 0, Workers: 4
[2412.830s][debug][gc,phases      ] GC(242)     Total                          Min: 0, Avg:  0.0, Max: 0, Diff: 0, Sum: 0, Workers: 4
[2412.830s][debug][gc,phases      ] GC(242) Weak Processing 0.359ms
[2412.830s][debug][gc,age         ] GC(242) Desired survivor size 80216064 bytes, new threshold 15 (max threshold 15)
[2412.830s][info ][gc,heap        ] GC(242) PSYoungGen: 1959856K(2007040K)->38496K(2018816K) Eden: 1921024K(1921024K)->0K(1936896K) From: 38832K(86016K)->38496K(81920K)
[2412.830s][info ][gc,heap        ] GC(242) ParOldGen: 866388K(1048576K)->866436K(1048576K)
[2412.830s][info ][gc,metaspace   ] GC(242) Metaspace: 85499K(86336K)->85499K(86336K) NonClass: 73639K(74112K)->73639K(74112K) Class: 11860K(12224K)->11860K(12224K)
[2412.830s][info ][gc             ] GC(242) Pause Young (Allocation Failure) 2760M->883M(2995M) 9.436ms
[2412.830s][info ][gc,cpu         ] GC(242) User=0.03s Sys=0.00s Real=0.01s
[2412.830s][info ][safepoint      ] Safepoint "ParallelGCFailedAllocation", Time since last: 12125811929 ns, Reaching safepoint: 38101 ns, At safepoint: 9540542 ns, Total: 9578643 ns
[2429.831s][info ][safepoint      ] Safepoint "Cleanup", Time since last: 17001271838 ns, Reaching safepoint: 156104 ns, At safepoint: 11300 ns, Total: 167404 ns
[2458.834s][info ][safepoint      ] Safepoint "Cleanup", Time since last: 29002327997 ns, Reaching safepoint: 52301 ns, At safepoint: 3300 ns, Total: 55601 ns
[2500.907s][info ][gc,start       ] GC(243) Pause Young (Allocation Failure)
[2500.915s][debug][gc,phases      ] GC(243) Scavenge 8.315ms
[2500.915s][debug][gc,ref         ] GC(243) Skipped phase 1 of Reference Processing: no references
[2500.915s][debug][gc,ref         ] GC(243) ReferenceProcessor::execute queues: 1, RefProcThreadModel::Single, marks_oops_alive: false
[2500.915s][debug][gc,ref         ] GC(243) Skipped phase 3 of Reference Processing: no references
[2500.915s][debug][gc,ref         ] GC(243) ReferenceProcessor::execute queues: 1, RefProcThreadModel::Single, marks_oops_alive: false
[2500.915s][debug][gc,phases      ] GC(243) Reference Processing 0.139ms
[2500.915s][debug][gc,phases      ] GC(243)   VM Weak                        Min:  0.0, Avg:  0.0, Max:  0.0, Diff:  0.0, Sum:  0.0, Workers: 4
[2500.915s][debug][gc,phases      ] GC(243)     Dead                           Min: 0, Avg:  0.0, Max: 0, Diff: 0, Sum: 0, Workers: 4
[2500.915s][debug][gc,phases      ] GC(243)     Total                          Min: 0, Avg: 180.2, Max: 512, Diff: 512, Sum: 721, Workers: 4
[2500.915s][debug][gc,phases      ] GC(243)   ObjectSynchronizer Weak        Min:  0.0, Avg:  0.0, Max:  0.0, Diff:  0.0, Sum:  0.0, Workers: 4
[2500.915s][debug][gc,phases      ] GC(243)     Dead                           Min: 0, Avg:  0.0, Max: 0, Diff: 0, Sum: 0, Workers: 4
[2500.915s][debug][gc,phases      ] GC(243)     Total                          Min: 0, Avg: 118.5, Max: 218, Diff: 218, Sum: 474, Workers: 4
[2500.915s][debug][gc,phases      ] GC(243)   JVMTI Tag Weak OopStorage      Min:  0.0, Avg:  0.0, Max:  0.0, Diff:  0.0, Sum:  0.0, Workers: 4
[2500.915s][debug][gc,phases      ] GC(243)     Dead                           Min: 0, Avg:  0.0, Max: 0, Diff: 0, Sum: 0, Workers: 4
[2500.915s][debug][gc,phases      ] GC(243)     Total                          Min: 0, Avg:  0.0, Max: 0, Diff: 0, Sum: 0, Workers: 4
[2500.915s][debug][gc,phases      ] GC(243)   StringTable Weak               Min:  0.1, Avg:  0.1, Max:  0.1, Diff:  0.0, Sum:  0.5, Workers: 4
[2500.915s][debug][gc,phases      ] GC(243)     Dead                           Min: 0, Avg:  0.0, Max: 0, Diff: 0, Sum: 0, Workers: 4
[2500.915s][debug][gc,phases      ] GC(243)     Total                          Min: 11456, Avg: 12172.5, Max: 13234, Diff: 1778, Sum: 48690, Workers: 4
[2500.915s][debug][gc,phases      ] GC(243)   ResolvedMethodTable Weak       Min:  0.0, Avg:  0.0, Max:  0.0, Diff:  0.0, Sum:  0.1, Workers: 4
[2500.915s][debug][gc,phases      ] GC(243)     Dead                           Min: 0, Avg:  0.0, Max: 0, Diff: 0, Sum: 0, Workers: 4
[2500.915s][debug][gc,phases      ] GC(243)     Total                          Min: 1984, Avg: 2185.8, Max: 2304, Diff: 320, Sum: 8743, Workers: 4
[2500.915s][debug][gc,phases      ] GC(243)   JNI Weak                       Min:  0.0, Avg:  0.0, Max:  0.0, Diff:  0.0, Sum:  0.0, Workers: 4
[2500.915s][debug][gc,phases      ] GC(243)     Dead                           Min: 0, Avg:  0.0, Max: 0, Diff: 0, Sum: 0, Workers: 4
[2500.915s][debug][gc,phases      ] GC(243)     Total                          Min: 0, Avg:  0.0, Max: 0, Diff: 0, Sum: 0, Workers: 4
[2500.915s][debug][gc,phases      ] GC(243)   StringDedup Table Weak         Min:  0.0, Avg:  0.0, Max:  0.0, Diff:  0.0, Sum:  0.0, Workers: 4
[2500.915s][debug][gc,phases      ] GC(243)     Dead                           Min: 0, Avg:  0.0, Max: 0, Diff: 0, Sum: 0, Workers: 4
[2500.915s][debug][gc,phases      ] GC(243)     Total                          Min: 0, Avg:  0.0, Max: 0, Diff: 0, Sum: 0, Workers: 4
[2500.915s][debug][gc,phases      ] GC(243)   StringDedup Requests0 Weak     Min:  0.0, Avg:  0.0, Max:  0.0, Diff:  0.0, Sum:  0.0, Workers: 4
[2500.915s][debug][gc,phases      ] GC(243)     Dead                           Min: 0, Avg:  0.0, Max: 0, Diff: 0, Sum: 0, Workers: 4
[2500.915s][debug][gc,phases      ] GC(243)     Total                          Min: 0, Avg:  0.0, Max: 0, Diff: 0, Sum: 0, Workers: 4
[2500.915s][debug][gc,phases      ] GC(243)   StringDedup Requests1 Weak     Min:  0.0, Avg:  0.0, Max:  0.0, Diff:  0.0, Sum:  0.0, Workers: 4
[2500.915s][debug][gc,phases      ] GC(243)     Dead                           Min: 0, Avg:  0.0, Max: 0, Diff: 0, Sum: 0, Workers: 4
[2500.915s][debug][gc,phases      ] GC(243)     Total                          Min: 0, Avg:  0.0, Max: 0, Diff: 0, Sum: 0, Workers: 4
[2500.915s][debug][gc,phases      ] GC(243)   Weak JFR Old Object Samples    Min:  0.0, Avg:  0.0, Max:  0.0, Diff:  0.0, Sum:  0.0, Workers: 4
[2500.915s][debug][gc,phases      ] GC(243)     Dead                           Min: 0, Avg:  0.0, Max: 0, Diff: 0, Sum: 0, Workers: 4
[2500.915s][debug][gc,phases      ] GC(243)     Total                          Min: 0, Avg:  0.0, Max: 0, Diff: 0, Sum: 0, Workers: 4
[2500.915s][debug][gc,phases      ] GC(243) Weak Processing 0.360ms
[2500.915s][debug][gc,age         ] GC(243) Desired survivor size 76546048 bytes, new threshold 15 (max threshold 15)
[2500.916s][info ][gc,heap        ] GC(243) PSYoungGen: 1975392K(2018816K)->38480K(2015232K) Eden: 1936896K(1936896K)->0K(1936896K) From: 38496K(81920K)->38480K(78336K)
[2500.916s][info ][gc,heap        ] GC(243) ParOldGen: 866436K(1048576K)->866468K(1048576K)
[2500.916s][info ][gc,metaspace   ] GC(243) Metaspace: 85503K(86336K)->85503K(86336K) NonClass: 73643K(74112K)->73643K(74112K) Class: 11860K(12224K)->11860K(12224K)
[2500.916s][info ][gc             ] GC(243) Pause Young (Allocation Failure) 2775M->883M(2992M) 8.970ms
[2500.916s][info ][gc,cpu         ] GC(243) User=0.03s Sys=0.00s Real=0.01s
[2500.916s][info ][safepoint      ] Safepoint "ParallelGCFailedAllocation", Time since last: 42072631104 ns, Reaching safepoint: 82803 ns, At safepoint: 9073630 ns, Total: 9156433 ns
[2525.917s][info ][safepoint      ] Safepoint "Cleanup", Time since last: 25001658197 ns, Reaching safepoint: 45301 ns, At safepoint: 4200 ns, Total: 49501 ns
[2563.920s][info ][safepoint      ] Safepoint "Cleanup", Time since last: 38002721346 ns, Reaching safepoint: 50401 ns, At safepoint: 6100 ns, Total: 56501 ns
[2589.487s][info ][gc,start       ] GC(244) Pause Young (Allocation Failure)
[2589.497s][debug][gc,phases      ] GC(244) Scavenge 9.572ms
[2589.497s][debug][gc,ref         ] GC(244) Skipped phase 1 of Reference Processing: no references
[2589.497s][debug][gc,ref         ] GC(244) ReferenceProcessor::execute queues: 1, RefProcThreadModel::Single, marks_oops_alive: false
[2589.497s][debug][gc,ref         ] GC(244) Skipped phase 3 of Reference Processing: no references
[2589.497s][debug][gc,ref         ] GC(244) ReferenceProcessor::execute queues: 1, RefProcThreadModel::Single, marks_oops_alive: false
[2589.497s][debug][gc,phases      ] GC(244) Reference Processing 0.130ms
[2589.497s][debug][gc,phases      ] GC(244)   VM Weak                        Min:  0.0, Avg:  0.0, Max:  0.0, Diff:  0.0, Sum:  0.0, Workers: 4
[2589.497s][debug][gc,phases      ] GC(244)     Dead                           Min: 0, Avg:  0.0, Max: 0, Diff: 0, Sum: 0, Workers: 4
[2589.497s][debug][gc,phases      ] GC(244)     Total                          Min: 0, Avg: 180.2, Max: 721, Diff: 721, Sum: 721, Workers: 4
[2589.497s][debug][gc,phases      ] GC(244)   ObjectSynchronizer Weak        Min:  0.0, Avg:  0.0, Max:  0.0, Diff:  0.0, Sum:  0.0, Workers: 4
[2589.497s][debug][gc,phases      ] GC(244)     Dead                           Min: 0, Avg:  0.0, Max: 0, Diff: 0, Sum: 0, Workers: 4
[2589.497s][debug][gc,phases      ] GC(244)     Total                          Min: 0, Avg: 118.5, Max: 384, Diff: 384, Sum: 474, Workers: 4
[2589.497s][debug][gc,phases      ] GC(244)   JVMTI Tag Weak OopStorage      Min:  0.0, Avg:  0.0, Max:  0.0, Diff:  0.0, Sum:  0.0, Workers: 4
[2589.497s][debug][gc,phases      ] GC(244)     Dead                           Min: 0, Avg:  0.0, Max: 0, Diff: 0, Sum: 0, Workers: 4
[2589.497s][debug][gc,phases      ] GC(244)     Total                          Min: 0, Avg:  0.0, Max: 0, Diff: 0, Sum: 0, Workers: 4
[2589.497s][debug][gc,phases      ] GC(244)   StringTable Weak               Min:  0.1, Avg:  0.1, Max:  0.1, Diff:  0.0, Sum:  0.5, Workers: 4
[2589.497s][debug][gc,phases      ] GC(244)     Dead                           Min: 0, Avg:  0.0, Max: 0, Diff: 0, Sum: 0, Workers: 4
[2589.497s][debug][gc,phases      ] GC(244)     Total                          Min: 11712, Avg: 12172.5, Max: 12480, Diff: 768, Sum: 48690, Workers: 4
[2589.497s][debug][gc,phases      ] GC(244)   ResolvedMethodTable Weak       Min:  0.0, Avg:  0.0, Max:  0.0, Diff:  0.0, Sum:  0.1, Workers: 4
[2589.497s][debug][gc,phases      ] GC(244)     Dead                           Min: 0, Avg:  0.0, Max: 0, Diff: 0, Sum: 0, Workers: 4
[2589.497s][debug][gc,phases      ] GC(244)     Total                          Min: 1984, Avg: 2185.8, Max: 2432, Diff: 448, Sum: 8743, Workers: 4
[2589.497s][debug][gc,phases      ] GC(244)   JNI Weak                       Min:  0.0, Avg:  0.0, Max:  0.0, Diff:  0.0, Sum:  0.0, Workers: 4
[2589.497s][debug][gc,phases      ] GC(244)     Dead                           Min: 0, Avg:  0.0, Max: 0, Diff: 0, Sum: 0, Workers: 4
[2589.497s][debug][gc,phases      ] GC(244)     Total                          Min: 0, Avg:  0.0, Max: 0, Diff: 0, Sum: 0, Workers: 4
[2589.497s][debug][gc,phases      ] GC(244)   StringDedup Table Weak         Min:  0.0, Avg:  0.0, Max:  0.0, Diff:  0.0, Sum:  0.0, Workers: 4
[2589.497s][debug][gc,phases      ] GC(244)     Dead                           Min: 0, Avg:  0.0, Max: 0, Diff: 0, Sum: 0, Workers: 4
[2589.497s][debug][gc,phases      ] GC(244)     Total                          Min: 0, Avg:  0.0, Max: 0, Diff: 0, Sum: 0, Workers: 4
[2589.497s][debug][gc,phases      ] GC(244)   StringDedup Requests0 Weak     Min:  0.0, Avg:  0.0, Max:  0.0, Diff:  0.0, Sum:  0.0, Workers: 4
[2589.497s][debug][gc,phases      ] GC(244)     Dead                           Min: 0, Avg:  0.0, Max: 0, Diff: 0, Sum: 0, Workers: 4
[2589.497s][debug][gc,phases      ] GC(244)     Total                          Min: 0, Avg:  0.0, Max: 0, Diff: 0, Sum: 0, Workers: 4
[2589.497s][debug][gc,phases      ] GC(244)   StringDedup Requests1 Weak     Min:  0.0, Avg:  0.0, Max:  0.0, Diff:  0.0, Sum:  0.0, Workers: 4
[2589.497s][debug][gc,phases      ] GC(244)     Dead                           Min: 0, Avg:  0.0, Max: 0, Diff: 0, Sum: 0, Workers: 4
[2589.497s][debug][gc,phases      ] GC(244)     Total                          Min: 0, Avg:  0.0, Max: 0, Diff: 0, Sum: 0, Workers: 4
[2589.497s][debug][gc,phases      ] GC(244)   Weak JFR Old Object Samples    Min:  0.0, Avg:  0.0, Max:  0.0, Diff:  0.0, Sum:  0.0, Workers: 4
[2589.497s][debug][gc,phases      ] GC(244)     Dead                           Min: 0, Avg:  0.0, Max: 0, Diff: 0, Sum: 0, Workers: 4
[2589.497s][debug][gc,phases      ] GC(244)     Total                          Min: 0, Avg:  0.0, Max: 0, Diff: 0, Sum: 0, Workers: 4
[2589.497s][debug][gc,phases      ] GC(244) Weak Processing 0.347ms
[2589.497s][debug][gc,age         ] GC(244) Desired survivor size 73400320 bytes, new threshold 15 (max threshold 15)
[2589.497s][info ][gc,heap        ] GC(244) PSYoungGen: 1975376K(2015232K)->38592K(2025472K) Eden: 1936896K(1936896K)->0K(1950720K) From: 38480K(78336K)->38592K(74752K)
[2589.497s][info ][gc,heap        ] GC(244) ParOldGen: 866468K(1048576K)->866508K(1048576K)
[2589.497s][info ][gc,metaspace   ] GC(244) Metaspace: 85505K(86336K)->85505K(86336K) NonClass: 73645K(74112K)->73645K(74112K) Class: 11860K(12224K)->11860K(12224K)
[2589.497s][info ][gc             ] GC(244) Pause Young (Allocation Failure) 2775M->883M(3002M) 10.190ms
[2589.497s][info ][gc,cpu         ] GC(244) User=0.04s Sys=0.00s Real=0.01s
[2589.497s][info ][safepoint      ] Safepoint "ParallelGCFailedAllocation", Time since last: 25566711042 ns, Reaching safepoint: 50001 ns, At safepoint: 10312562 ns, Total: 10362563 ns
[2602.498s][info ][safepoint      ] Safepoint "Cleanup", Time since last: 13000987847 ns, Reaching safepoint: 53702 ns, At safepoint: 9000 ns, Total: 62702 ns
[2623.500s][info ][safepoint      ] Safepoint "Cleanup", Time since last: 21001533412 ns, Reaching safepoint: 57401 ns, At safepoint: 8500 ns, Total: 65901 ns
[2625.030s][info ][safepoint      ] Safepoint "Cleanup", Time since last: 1529888050 ns, Reaching safepoint: 143304 ns, At safepoint: 12200 ns, Total: 155504 ns
[2626.030s][info ][safepoint      ] Safepoint "Cleanup", Time since last: 1000121597 ns, Reaching safepoint: 113803 ns, At safepoint: 8800 ns, Total: 122603 ns
[2634.031s][info ][safepoint      ] Safepoint "Cleanup", Time since last: 8000607367 ns, Reaching safepoint: 123903 ns, At safepoint: 11901 ns, Total: 135804 ns
[2646.032s][info ][safepoint      ] Safepoint "Cleanup", Time since last: 12000840848 ns, Reaching safepoint: 59201 ns, At safepoint: 12201 ns, Total: 71402 ns
[2653.032s][info ][safepoint      ] Safepoint "Cleanup", Time since last: 7000608072 ns, Reaching safepoint: 64302 ns, At safepoint: 18100 ns, Total: 82402 ns
[2665.033s][info ][safepoint      ] Safepoint "Cleanup", Time since last: 12000929450 ns, Reaching safepoint: 64302 ns, At safepoint: 6300 ns, Total: 70602 ns
[2668.034s][info ][safepoint      ] Safepoint "Cleanup", Time since last: 3000193687 ns, Reaching safepoint: 46001 ns, At safepoint: 20800 ns, Total: 66801 ns
[2670.034s][info ][safepoint      ] Safepoint "Cleanup", Time since last: 2000161692 ns, Reaching safepoint: 78002 ns, At safepoint: 9500 ns, Total: 87502 ns
[2678.069s][info ][gc,start       ] GC(245) Pause Young (Allocation Failure)
[2678.077s][debug][gc,phases      ] GC(245) Scavenge 7.396ms
[2678.077s][debug][gc,ref         ] GC(245) Skipped phase 1 of Reference Processing: no references
[2678.077s][debug][gc,ref         ] GC(245) ReferenceProcessor::execute queues: 1, RefProcThreadModel::Single, marks_oops_alive: false
[2678.077s][debug][gc,ref         ] GC(245) Skipped phase 3 of Reference Processing: no references
[2678.077s][debug][gc,ref         ] GC(245) ReferenceProcessor::execute queues: 1, RefProcThreadModel::Single, marks_oops_alive: false
[2678.077s][debug][gc,phases      ] GC(245) Reference Processing 0.122ms
[2678.077s][debug][gc,phases      ] GC(245)   VM Weak                        Min:  0.0, Avg:  0.0, Max:  0.0, Diff:  0.0, Sum:  0.0, Workers: 4
[2678.077s][debug][gc,phases      ] GC(245)     Dead                           Min: 0, Avg:  0.0, Max: 0, Diff: 0, Sum: 0, Workers: 4
[2678.077s][debug][gc,phases      ] GC(245)     Total                          Min: 0, Avg: 180.2, Max: 657, Diff: 657, Sum: 721, Workers: 4
[2678.077s][debug][gc,phases      ] GC(245)   ObjectSynchronizer Weak        Min:  0.0, Avg:  0.0, Max:  0.0, Diff:  0.0, Sum:  0.0, Workers: 4
[2678.077s][debug][gc,phases      ] GC(245)     Dead                           Min: 0, Avg:  0.0, Max: 0, Diff: 0, Sum: 0, Workers: 4
[2678.077s][debug][gc,phases      ] GC(245)     Total                          Min: 0, Avg: 118.5, Max: 282, Diff: 282, Sum: 474, Workers: 4
[2678.077s][debug][gc,phases      ] GC(245)   JVMTI Tag Weak OopStorage      Min:  0.0, Avg:  0.0, Max:  0.0, Diff:  0.0, Sum:  0.0, Workers: 4
[2678.077s][debug][gc,phases      ] GC(245)     Dead                           Min: 0, Avg:  0.0, Max: 0, Diff: 0, Sum: 0, Workers: 4
[2678.077s][debug][gc,phases      ] GC(245)     Total                          Min: 0, Avg:  0.0, Max: 0, Diff: 0, Sum: 0, Workers: 4
[2678.077s][debug][gc,phases      ] GC(245)   StringTable Weak               Min:  0.1, Avg:  0.1, Max:  0.1, Diff:  0.0, Sum:  0.4, Workers: 4
[2678.077s][debug][gc,phases      ] GC(245)     Dead                           Min: 0, Avg:  0.0, Max: 0, Diff: 0, Sum: 0, Workers: 4
[2678.077s][debug][gc,phases      ] GC(245)     Total                          Min: 11008, Avg: 12194.5, Max: 13120, Diff: 2112, Sum: 48778, Workers: 4
[2678.077s][debug][gc,phases      ] GC(245)   ResolvedMethodTable Weak       Min:  0.0, Avg:  0.0, Max:  0.0, Diff:  0.0, Sum:  0.1, Workers: 4
[2678.077s][debug][gc,phases      ] GC(245)     Dead                           Min: 0, Avg:  0.0, Max: 0, Diff: 0, Sum: 0, Workers: 4
[2678.077s][debug][gc,phases      ] GC(245)     Total                          Min: 2112, Avg: 2185.8, Max: 2240, Diff: 128, Sum: 8743, Workers: 4
[2678.077s][debug][gc,phases      ] GC(245)   JNI Weak                       Min:  0.0, Avg:  0.0, Max:  0.0, Diff:  0.0, Sum:  0.0, Workers: 4
[2678.077s][debug][gc,phases      ] GC(245)     Dead                           Min: 0, Avg:  0.0, Max: 0, Diff: 0, Sum: 0, Workers: 4
[2678.077s][debug][gc,phases      ] GC(245)     Total                          Min: 0, Avg:  0.0, Max: 0, Diff: 0, Sum: 0, Workers: 4
[2678.077s][debug][gc,phases      ] GC(245)   StringDedup Table Weak         Min:  0.0, Avg:  0.0, Max:  0.0, Diff:  0.0, Sum:  0.0, Workers: 4
[2678.077s][debug][gc,phases      ] GC(245)     Dead                           Min: 0, Avg:  0.0, Max: 0, Diff: 0, Sum: 0, Workers: 4
[2678.077s][debug][gc,phases      ] GC(245)     Total                          Min: 0, Avg:  0.0, Max: 0, Diff: 0, Sum: 0, Workers: 4
[2678.077s][debug][gc,phases      ] GC(245)   StringDedup Requests0 Weak     Min:  0.0, Avg:  0.0, Max:  0.0, Diff:  0.0, Sum:  0.0, Workers: 4
[2678.077s][debug][gc,phases      ] GC(245)     Dead                           Min: 0, Avg:  0.0, Max: 0, Diff: 0, Sum: 0, Workers: 4
[2678.077s][debug][gc,phases      ] GC(245)     Total                          Min: 0, Avg:  0.0, Max: 0, Diff: 0, Sum: 0, Workers: 4
[2678.077s][debug][gc,phases      ] GC(245)   StringDedup Requests1 Weak     Min:  0.0, Avg:  0.0, Max:  0.0, Diff:  0.0, Sum:  0.0, Workers: 4
[2678.077s][debug][gc,phases      ] GC(245)     Dead                           Min: 0, Avg:  0.0, Max: 0, Diff: 0, Sum: 0, Workers: 4
[2678.077s][debug][gc,phases      ] GC(245)     Total                          Min: 0, Avg:  0.0, Max: 0, Diff: 0, Sum: 0, Workers: 4
[2678.077s][debug][gc,phases      ] GC(245)   Weak JFR Old Object Samples    Min:  0.0, Avg:  0.0, Max:  0.0, Diff:  0.0, Sum:  0.0, Workers: 4
[2678.077s][debug][gc,phases      ] GC(245)     Dead                           Min: 0, Avg:  0.0, Max: 0, Diff: 0, Sum: 0, Workers: 4
[2678.077s][debug][gc,phases      ] GC(245)     Total                          Min: 0, Avg:  0.0, Max: 0, Diff: 0, Sum: 0, Workers: 4
[2678.077s][debug][gc,phases      ] GC(245) Weak Processing 0.329ms
[2678.077s][debug][gc,age         ] GC(245) Desired survivor size 70254592 bytes, new threshold 15 (max threshold 15)
[2678.077s][info ][gc,heap        ] GC(245) PSYoungGen: 1989312K(2025472K)->36048K(2022400K) Eden: 1950720K(1950720K)->0K(1950720K) From: 38592K(74752K)->36048K(71680K)
[2678.077s][info ][gc,heap        ] GC(245) ParOldGen: 866508K(1048576K)->869236K(1048576K)
[2678.077s][info ][gc,metaspace   ] GC(245) Metaspace: 85509K(86336K)->85509K(86336K) NonClass: 73649K(74112K)->73649K(74112K) Class: 11860K(12224K)->11860K(12224K)
[2678.077s][info ][gc             ] GC(245) Pause Young (Allocation Failure) 2788M->884M(2999M) 7.990ms
[2678.077s][info ][gc,cpu         ] GC(245) User=0.03s Sys=0.00s Real=0.01s
[2678.077s][info ][safepoint      ] Safepoint "ParallelGCFailedAllocation", Time since last: 8035195545 ns, Reaching safepoint: 44601 ns, At safepoint: 8080005 ns, Total: 8124606 ns
[2699.079s][info ][safepoint      ] Safepoint "Cleanup", Time since last: 21001558809 ns, Reaching safepoint: 118903 ns, At safepoint: 34701 ns, Total: 153604 ns
[2702.079s][info ][safepoint      ] Safepoint "Cleanup", Time since last: 3000226787 ns, Reaching safepoint: 150404 ns, At safepoint: 7701 ns, Total: 158105 ns
[2707.080s][info ][safepoint      ] Safepoint "Cleanup", Time since last: 5000371178 ns, Reaching safepoint: 124203 ns, At safepoint: 7100 ns, Total: 131303 ns
[2723.081s][info ][safepoint      ] Safepoint "Cleanup", Time since last: 16001196131 ns, Reaching safepoint: 159704 ns, At safepoint: 10500 ns, Total: 170204 ns
[2724.081s][info ][safepoint      ] Safepoint "Cleanup", Time since last: 1000120897 ns, Reaching safepoint: 53101 ns, At safepoint: 3700 ns, Total: 56801 ns
[2730.082s][info ][safepoint      ] Safepoint "Cleanup", Time since last: 6000429674 ns, Reaching safepoint: 91202 ns, At safepoint: 15400 ns, Total: 106602 ns
[2733.082s][info ][safepoint      ] Safepoint "Cleanup", Time since last: 3000264388 ns, Reaching safepoint: 54602 ns, At safepoint: 10200 ns, Total: 64802 ns
[2755.084s][info ][safepoint      ] Safepoint "Cleanup", Time since last: 22001552101 ns, Reaching safepoint: 64101 ns, At safepoint: 9201 ns, Total: 73302 ns
[2763.085s][info ][safepoint      ] Safepoint "Cleanup", Time since last: 8000623565 ns, Reaching safepoint: 53101 ns, At safepoint: 4300 ns, Total: 57401 ns
[2767.878s][info ][gc,start       ] GC(246) Pause Young (Allocation Failure)
[2767.885s][debug][gc,phases      ] GC(246) Scavenge 6.790ms
[2767.885s][debug][gc,ref         ] GC(246) Skipped phase 1 of Reference Processing: no references
[2767.885s][debug][gc,ref         ] GC(246) ReferenceProcessor::execute queues: 1, RefProcThreadModel::Single, marks_oops_alive: false
[2767.885s][debug][gc,ref         ] GC(246) Skipped phase 3 of Reference Processing: no references
[2767.885s][debug][gc,ref         ] GC(246) ReferenceProcessor::execute queues: 1, RefProcThreadModel::Single, marks_oops_alive: false
[2767.885s][debug][gc,phases      ] GC(246) Reference Processing 0.126ms
[2767.885s][debug][gc,phases      ] GC(246)   VM Weak                        Min:  0.0, Avg:  0.0, Max:  0.0, Diff:  0.0, Sum:  0.0, Workers: 4
[2767.885s][debug][gc,phases      ] GC(246)     Dead                           Min: 0, Avg:  0.0, Max: 0, Diff: 0, Sum: 0, Workers: 4
[2767.885s][debug][gc,phases      ] GC(246)     Total                          Min: 0, Avg: 180.2, Max: 721, Diff: 721, Sum: 721, Workers: 4
[2767.885s][debug][gc,phases      ] GC(246)   ObjectSynchronizer Weak        Min:  0.0, Avg:  0.0, Max:  0.0, Diff:  0.0, Sum:  0.0, Workers: 4
[2767.885s][debug][gc,phases      ] GC(246)     Dead                           Min: 0, Avg:  0.0, Max: 0, Diff: 0, Sum: 0, Workers: 4
[2767.885s][debug][gc,phases      ] GC(246)     Total                          Min: 0, Avg: 118.5, Max: 474, Diff: 474, Sum: 474, Workers: 4
[2767.885s][debug][gc,phases      ] GC(246)   JVMTI Tag Weak OopStorage      Min:  0.0, Avg:  0.0, Max:  0.0, Diff:  0.0, Sum:  0.0, Workers: 4
[2767.885s][debug][gc,phases      ] GC(246)     Dead                           Min: 0, Avg:  0.0, Max: 0, Diff: 0, Sum: 0, Workers: 4
[2767.885s][debug][gc,phases      ] GC(246)     Total                          Min: 0, Avg:  0.0, Max: 0, Diff: 0, Sum: 0, Workers: 4
[2767.885s][debug][gc,phases      ] GC(246)   StringTable Weak               Min:  0.1, Avg:  0.1, Max:  0.1, Diff:  0.0, Sum:  0.4, Workers: 4
[2767.885s][debug][gc,phases      ] GC(246)     Dead                           Min: 0, Avg:  0.0, Max: 0, Diff: 0, Sum: 0, Workers: 4
[2767.885s][debug][gc,phases      ] GC(246)     Total                          Min: 11840, Avg: 12211.5, Max: 13070, Diff: 1230, Sum: 48846, Workers: 4
[2767.885s][debug][gc,phases      ] GC(246)   ResolvedMethodTable Weak       Min:  0.0, Avg:  0.0, Max:  0.0, Diff:  0.0, Sum:  0.1, Workers: 4
[2767.885s][debug][gc,phases      ] GC(246)     Dead                           Min: 0, Avg:  0.0, Max: 0, Diff: 0, Sum: 0, Workers: 4
[2767.885s][debug][gc,phases      ] GC(246)     Total                          Min: 1728, Avg: 2185.8, Max: 2368, Diff: 640, Sum: 8743, Workers: 4
[2767.885s][debug][gc,phases      ] GC(246)   JNI Weak                       Min:  0.0, Avg:  0.0, Max:  0.0, Diff:  0.0, Sum:  0.0, Workers: 4
[2767.885s][debug][gc,phases      ] GC(246)     Dead                           Min: 0, Avg:  0.0, Max: 0, Diff: 0, Sum: 0, Workers: 4
[2767.885s][debug][gc,phases      ] GC(246)     Total                          Min: 0, Avg:  0.0, Max: 0, Diff: 0, Sum: 0, Workers: 4
[2767.886s][debug][gc,phases      ] GC(246)   StringDedup Table Weak         Min:  0.0, Avg:  0.0, Max:  0.0, Diff:  0.0, Sum:  0.0, Workers: 4
[2767.886s][debug][gc,phases      ] GC(246)     Dead                           Min: 0, Avg:  0.0, Max: 0, Diff: 0, Sum: 0, Workers: 4
[2767.886s][debug][gc,phases      ] GC(246)     Total                          Min: 0, Avg:  0.0, Max: 0, Diff: 0, Sum: 0, Workers: 4
[2767.886s][debug][gc,phases      ] GC(246)   StringDedup Requests0 Weak     Min:  0.0, Avg:  0.0, Max:  0.0, Diff:  0.0, Sum:  0.0, Workers: 4
[2767.886s][debug][gc,phases      ] GC(246)     Dead                           Min: 0, Avg:  0.0, Max: 0, Diff: 0, Sum: 0, Workers: 4
[2767.886s][debug][gc,phases      ] GC(246)     Total                          Min: 0, Avg:  0.0, Max: 0, Diff: 0, Sum: 0, Workers: 4
[2767.886s][debug][gc,phases      ] GC(246)   StringDedup Requests1 Weak     Min:  0.0, Avg:  0.0, Max:  0.0, Diff:  0.0, Sum:  0.0, Workers: 4
[2767.886s][debug][gc,phases      ] GC(246)     Dead                           Min: 0, Avg:  0.0, Max: 0, Diff: 0, Sum: 0, Workers: 4
[2767.886s][debug][gc,phases      ] GC(246)     Total                          Min: 0, Avg:  0.0, Max: 0, Diff: 0, Sum: 0, Workers: 4
[2767.886s][debug][gc,phases      ] GC(246)   Weak JFR Old Object Samples    Min:  0.0, Avg:  0.0, Max:  0.0, Diff:  0.0, Sum:  0.0, Workers: 4
[2767.886s][debug][gc,phases      ] GC(246)     Dead                           Min: 0, Avg:  0.0, Max: 0, Diff: 0, Sum: 0, Workers: 4
[2767.886s][debug][gc,phases      ] GC(246)     Total                          Min: 0, Avg:  0.0, Max: 0, Diff: 0, Sum: 0, Workers: 4
[2767.886s][debug][gc,phases      ] GC(246) Weak Processing 0.369ms
[2767.886s][debug][gc,age         ] GC(246) Desired survivor size 67108864 bytes, new threshold 15 (max threshold 15)
[2767.886s][info ][gc,heap        ] GC(246) PSYoungGen: 1986768K(2022400K)->36032K(2031616K) Eden: 1950720K(1950720K)->0K(1963008K) From: 36048K(71680K)->36032K(68608K)
[2767.886s][info ][gc,heap        ] GC(246) ParOldGen: 869236K(1048576K)->869396K(1048576K)
[2767.886s][info ][gc,metaspace   ] GC(246) Metaspace: 85513K(86336K)->85513K(86336K) NonClass: 73653K(74112K)->73653K(74112K) Class: 11860K(12224K)->11860K(12224K)
[2767.886s][info ][gc             ] GC(246) Pause Young (Allocation Failure) 2789M->884M(3008M) 7.422ms
[2767.886s][info ][gc,cpu         ] GC(246) User=0.02s Sys=0.00s Real=0.01s
[2767.886s][info ][safepoint      ] Safepoint "ParallelGCFailedAllocation", Time since last: 4793441924 ns, Reaching safepoint: 127603 ns, At safepoint: 7512591 ns, Total: 7640194 ns
[2776.886s][info ][safepoint      ] Safepoint "Cleanup", Time since last: 9000673360 ns, Reaching safepoint: 65901 ns, At safepoint: 5200 ns, Total: 71101 ns
[2785.887s][info ][safepoint      ] Safepoint "Cleanup", Time since last: 9000578658 ns, Reaching safepoint: 42301 ns, At safepoint: 4400 ns, Total: 46701 ns
[2794.888s][info ][safepoint      ] Safepoint "Cleanup", Time since last: 9000697561 ns, Reaching safepoint: 57901 ns, At safepoint: 34601 ns, Total: 92502 ns
[2828.890s][info ][safepoint      ] Safepoint "Cleanup", Time since last: 34002309141 ns, Reaching safepoint: 49901 ns, At safepoint: 26101 ns, Total: 76002 ns
[2832.891s][info ][safepoint      ] Safepoint "Cleanup", Time since last: 4000328783 ns, Reaching safepoint: 27600 ns, At safepoint: 2800 ns, Total: 30400 ns
[2840.891s][info ][safepoint      ] Safepoint "Cleanup", Time since last: 8000529162 ns, Reaching safepoint: 49102 ns, At safepoint: 5300 ns, Total: 54402 ns
[2859.208s][info ][gc,start       ] GC(247) Pause Young (Allocation Failure)
[2859.215s][debug][gc,phases      ] GC(247) Scavenge 7.280ms
[2859.215s][debug][gc,ref         ] GC(247) Skipped phase 1 of Reference Processing: no references
[2859.216s][debug][gc,ref         ] GC(247) ReferenceProcessor::execute queues: 1, RefProcThreadModel::Single, marks_oops_alive: false
[2859.216s][debug][gc,ref         ] GC(247) Skipped phase 3 of Reference Processing: no references
[2859.216s][debug][gc,ref         ] GC(247) ReferenceProcessor::execute queues: 1, RefProcThreadModel::Single, marks_oops_alive: false
[2859.216s][debug][gc,phases      ] GC(247) Reference Processing 0.144ms
[2859.216s][debug][gc,phases      ] GC(247)   VM Weak                        Min:  0.0, Avg:  0.0, Max:  0.0, Diff:  0.0, Sum:  0.0, Workers: 4
[2859.216s][debug][gc,phases      ] GC(247)     Dead                           Min: 0, Avg:  0.0, Max: 0, Diff: 0, Sum: 0, Workers: 4
[2859.216s][debug][gc,phases      ] GC(247)     Total                          Min: 0, Avg: 180.2, Max: 704, Diff: 704, Sum: 721, Workers: 4
[2859.216s][debug][gc,phases      ] GC(247)   ObjectSynchronizer Weak        Min:  0.0, Avg:  0.0, Max:  0.0, Diff:  0.0, Sum:  0.0, Workers: 4
[2859.216s][debug][gc,phases      ] GC(247)     Dead                           Min: 0, Avg:  0.0, Max: 0, Diff: 0, Sum: 0, Workers: 4
[2859.216s][debug][gc,phases      ] GC(247)     Total                          Min: 0, Avg: 118.5, Max: 256, Diff: 256, Sum: 474, Workers: 4
[2859.216s][debug][gc,phases      ] GC(247)   JVMTI Tag Weak OopStorage      Min:  0.0, Avg:  0.0, Max:  0.0, Diff:  0.0, Sum:  0.0, Workers: 4
[2859.216s][debug][gc,phases      ] GC(247)     Dead                           Min: 0, Avg:  0.0, Max: 0, Diff: 0, Sum: 0, Workers: 4
[2859.216s][debug][gc,phases      ] GC(247)     Total                          Min: 0, Avg:  0.0, Max: 0, Diff: 0, Sum: 0, Workers: 4
[2859.216s][debug][gc,phases      ] GC(247)   StringTable Weak               Min:  0.1, Avg:  0.1, Max:  0.1, Diff:  0.0, Sum:  0.4, Workers: 4
[2859.216s][debug][gc,phases      ] GC(247)     Dead                           Min: 0, Avg:  0.0, Max: 0, Diff: 0, Sum: 0, Workers: 4
[2859.216s][debug][gc,phases      ] GC(247)     Total                          Min: 11584, Avg: 12212.5, Max: 13010, Diff: 1426, Sum: 48850, Workers: 4
[2859.216s][debug][gc,phases      ] GC(247)   ResolvedMethodTable Weak       Min:  0.0, Avg:  0.0, Max:  0.0, Diff:  0.0, Sum:  0.1, Workers: 4
[2859.216s][debug][gc,phases      ] GC(247)     Dead                           Min: 0, Avg:  0.0, Max: 0, Diff: 0, Sum: 0, Workers: 4
[2859.216s][debug][gc,phases      ] GC(247)     Total                          Min: 1920, Avg: 2185.8, Max: 2432, Diff: 512, Sum: 8743, Workers: 4
[2859.216s][debug][gc,phases      ] GC(247)   JNI Weak                       Min:  0.0, Avg:  0.0, Max:  0.0, Diff:  0.0, Sum:  0.0, Workers: 4
[2859.216s][debug][gc,phases      ] GC(247)     Dead                           Min: 0, Avg:  0.0, Max: 0, Diff: 0, Sum: 0, Workers: 4
[2859.216s][debug][gc,phases      ] GC(247)     Total                          Min: 0, Avg:  0.0, Max: 0, Diff: 0, Sum: 0, Workers: 4
[2859.216s][debug][gc,phases      ] GC(247)   StringDedup Table Weak         Min:  0.0, Avg:  0.0, Max:  0.0, Diff:  0.0, Sum:  0.0, Workers: 4
[2859.216s][debug][gc,phases      ] GC(247)     Dead                           Min: 0, Avg:  0.0, Max: 0, Diff: 0, Sum: 0, Workers: 4
[2859.216s][debug][gc,phases      ] GC(247)     Total                          Min: 0, Avg:  0.0, Max: 0, Diff: 0, Sum: 0, Workers: 4
[2859.216s][debug][gc,phases      ] GC(247)   StringDedup Requests0 Weak     Min:  0.0, Avg:  0.0, Max:  0.0, Diff:  0.0, Sum:  0.0, Workers: 4
[2859.216s][debug][gc,phases      ] GC(247)     Dead                           Min: 0, Avg:  0.0, Max: 0, Diff: 0, Sum: 0, Workers: 4
[2859.216s][debug][gc,phases      ] GC(247)     Total                          Min: 0, Avg:  0.0, Max: 0, Diff: 0, Sum: 0, Workers: 4
[2859.216s][debug][gc,phases      ] GC(247)   StringDedup Requests1 Weak     Min:  0.0, Avg:  0.0, Max:  0.0, Diff:  0.0, Sum:  0.0, Workers: 4
[2859.216s][debug][gc,phases      ] GC(247)     Dead                           Min: 0, Avg:  0.0, Max: 0, Diff: 0, Sum: 0, Workers: 4
[2859.216s][debug][gc,phases      ] GC(247)     Total                          Min: 0, Avg:  0.0, Max: 0, Diff: 0, Sum: 0, Workers: 4
[2859.216s][debug][gc,phases      ] GC(247)   Weak JFR Old Object Samples    Min:  0.0, Avg:  0.0, Max:  0.0, Diff:  0.0, Sum:  0.0, Workers: 4
[2859.216s][debug][gc,phases      ] GC(247)     Dead                           Min: 0, Avg:  0.0, Max: 0, Diff: 0, Sum: 0, Workers: 4
[2859.216s][debug][gc,phases      ] GC(247)     Total                          Min: 0, Avg:  0.0, Max: 0, Diff: 0, Sum: 0, Workers: 4
[2859.216s][debug][gc,phases      ] GC(247) Weak Processing 0.316ms
[2859.216s][debug][gc,age         ] GC(247) Desired survivor size 63963136 bytes, new threshold 15 (max threshold 15)
[2859.216s][info ][gc,heap        ] GC(247) PSYoungGen: 1999040K(2031616K)->35632K(2028544K) Eden: 1963008K(1963008K)->0K(1963008K) From: 36032K(68608K)->35632K(65536K)
[2859.216s][info ][gc,heap        ] GC(247) ParOldGen: 869396K(1048576K)->869500K(1048576K)
[2859.216s][info ][gc,metaspace   ] GC(247) Metaspace: 85515K(86336K)->85515K(86336K) NonClass: 73655K(74112K)->73655K(74112K) Class: 11860K(12224K)->11860K(12224K)
[2859.216s][info ][gc             ] GC(247) Pause Young (Allocation Failure) 2801M->883M(3005M) 7.862ms
[2859.216s][info ][gc,cpu         ] GC(247) User=0.03s Sys=0.00s Real=0.01s
[2859.216s][info ][safepoint      ] Safepoint "ParallelGCFailedAllocation", Time since last: 18316888331 ns, Reaching safepoint: 34800 ns, At safepoint: 7960903 ns, Total: 7995703 ns
[2875.217s][info ][safepoint      ] Safepoint "Cleanup", Time since last: 16001062623 ns, Reaching safepoint: 55601 ns, At safepoint: 3700 ns, Total: 59301 ns
[2949.222s][info ][safepoint      ] Safepoint "Cleanup", Time since last: 74004678523 ns, Reaching safepoint: 40401 ns, At safepoint: 26500 ns, Total: 66901 ns
[2952.284s][info ][gc,start       ] GC(248) Pause Young (Allocation Failure)
[2952.290s][debug][gc,phases      ] GC(248) Scavenge 6.835ms
[2952.291s][debug][gc,ref         ] GC(248) Skipped phase 1 of Reference Processing: no references
[2952.291s][debug][gc,ref         ] GC(248) ReferenceProcessor::execute queues: 1, RefProcThreadModel::Single, marks_oops_alive: false
[2952.291s][debug][gc,ref         ] GC(248) Skipped phase 3 of Reference Processing: no references
[2952.291s][debug][gc,ref         ] GC(248) Skipped phase 4 of Reference Processing: no references
[2952.291s][debug][gc,phases      ] GC(248) Reference Processing 0.119ms
[2952.291s][debug][gc,phases      ] GC(248)   VM Weak                        Min:  0.0, Avg:  0.0, Max:  0.0, Diff:  0.0, Sum:  0.0, Workers: 4
[2952.291s][debug][gc,phases      ] GC(248)     Dead                           Min: 0, Avg:  0.0, Max: 0, Diff: 0, Sum: 0, Workers: 4
[2952.291s][debug][gc,phases      ] GC(248)     Total                          Min: 0, Avg: 180.2, Max: 721, Diff: 721, Sum: 721, Workers: 4
[2952.291s][debug][gc,phases      ] GC(248)   ObjectSynchronizer Weak        Min:  0.0, Avg:  0.0, Max:  0.0, Diff:  0.0, Sum:  0.0, Workers: 4
[2952.291s][debug][gc,phases      ] GC(248)     Dead                           Min: 0, Avg:  0.0, Max: 0, Diff: 0, Sum: 0, Workers: 4
[2952.291s][debug][gc,phases      ] GC(248)     Total                          Min: 0, Avg: 118.5, Max: 256, Diff: 256, Sum: 474, Workers: 4
[2952.291s][debug][gc,phases      ] GC(248)   JVMTI Tag Weak OopStorage      Min:  0.0, Avg:  0.0, Max:  0.0, Diff:  0.0, Sum:  0.0, Workers: 4
[2952.291s][debug][gc,phases      ] GC(248)     Dead                           Min: 0, Avg:  0.0, Max: 0, Diff: 0, Sum: 0, Workers: 4
[2952.291s][debug][gc,phases      ] GC(248)     Total                          Min: 0, Avg:  0.0, Max: 0, Diff: 0, Sum: 0, Workers: 4
[2952.291s][debug][gc,phases      ] GC(248)   StringTable Weak               Min:  0.1, Avg:  0.1, Max:  0.1, Diff:  0.0, Sum:  0.4, Workers: 4
[2952.291s][debug][gc,phases      ] GC(248)     Dead                           Min: 0, Avg:  0.0, Max: 0, Diff: 0, Sum: 0, Workers: 4
[2952.291s][debug][gc,phases      ] GC(248)     Total                          Min: 11776, Avg: 12212.5, Max: 12736, Diff: 960, Sum: 48850, Workers: 4
[2952.291s][debug][gc,phases      ] GC(248)   ResolvedMethodTable Weak       Min:  0.0, Avg:  0.0, Max:  0.0, Diff:  0.0, Sum:  0.1, Workers: 4
[2952.291s][debug][gc,phases      ] GC(248)     Dead                           Min: 0, Avg:  0.0, Max: 0, Diff: 0, Sum: 0, Workers: 4
[2952.291s][debug][gc,phases      ] GC(248)     Total                          Min: 2023, Avg: 2185.8, Max: 2304, Diff: 281, Sum: 8743, Workers: 4
[2952.291s][debug][gc,phases      ] GC(248)   JNI Weak                       Min:  0.0, Avg:  0.0, Max:  0.0, Diff:  0.0, Sum:  0.0, Workers: 4
[2952.291s][debug][gc,phases      ] GC(248)     Dead                           Min: 0, Avg:  0.0, Max: 0, Diff: 0, Sum: 0, Workers: 4
[2952.291s][debug][gc,phases      ] GC(248)     Total                          Min: 0, Avg:  0.0, Max: 0, Diff: 0, Sum: 0, Workers: 4
[2952.291s][debug][gc,phases      ] GC(248)   StringDedup Table Weak         Min:  0.0, Avg:  0.0, Max:  0.0, Diff:  0.0, Sum:  0.0, Workers: 4
[2952.291s][debug][gc,phases      ] GC(248)     Dead                           Min: 0, Avg:  0.0, Max: 0, Diff: 0, Sum: 0, Workers: 4
[2952.291s][debug][gc,phases      ] GC(248)     Total                          Min: 0, Avg:  0.0, Max: 0, Diff: 0, Sum: 0, Workers: 4
[2952.291s][debug][gc,phases      ] GC(248)   StringDedup Requests0 Weak     Min:  0.0, Avg:  0.0, Max:  0.0, Diff:  0.0, Sum:  0.0, Workers: 4
[2952.291s][debug][gc,phases      ] GC(248)     Dead                           Min: 0, Avg:  0.0, Max: 0, Diff: 0, Sum: 0, Workers: 4
[2952.291s][debug][gc,phases      ] GC(248)     Total                          Min: 0, Avg:  0.0, Max: 0, Diff: 0, Sum: 0, Workers: 4
[2952.291s][debug][gc,phases      ] GC(248)   StringDedup Requests1 Weak     Min:  0.0, Avg:  0.0, Max:  0.0, Diff:  0.0, Sum:  0.0, Workers: 4
[2952.291s][debug][gc,phases      ] GC(248)     Dead                           Min: 0, Avg:  0.0, Max: 0, Diff: 0, Sum: 0, Workers: 4
[2952.291s][debug][gc,phases      ] GC(248)     Total                          Min: 0, Avg:  0.0, Max: 0, Diff: 0, Sum: 0, Workers: 4
[2952.291s][debug][gc,phases      ] GC(248)   Weak JFR Old Object Samples    Min:  0.0, Avg:  0.0, Max:  0.0, Diff:  0.0, Sum:  0.0, Workers: 4
[2952.291s][debug][gc,phases      ] GC(248)     Dead                           Min: 0, Avg:  0.0, Max: 0, Diff: 0, Sum: 0, Workers: 4
[2952.291s][debug][gc,phases      ] GC(248)     Total                          Min: 0, Avg:  0.0, Max: 0, Diff: 0, Sum: 0, Workers: 4
[2952.291s][debug][gc,phases      ] GC(248) Weak Processing 0.327ms
[2952.291s][debug][gc,age         ] GC(248) Desired survivor size 64487424 bytes, new threshold 15 (max threshold 15)
[2952.291s][info ][gc,heap        ] GC(248) PSYoungGen: 1998640K(2028544K)->19216K(2033664K) Eden: 1963008K(1963008K)->0K(1971200K) From: 35632K(65536K)->19216K(62464K)
[2952.291s][info ][gc,heap        ] GC(248) ParOldGen: 869500K(1048576K)->886164K(1048576K)
[2952.291s][info ][gc,metaspace   ] GC(248) Metaspace: 85519K(86336K)->85519K(86336K) NonClass: 73659K(74112K)->73659K(74112K) Class: 11860K(12224K)->11860K(12224K)
[2952.291s][info ][gc             ] GC(248) Pause Young (Allocation Failure) 2800M->884M(3010M) 7.429ms
[2952.291s][info ][gc,cpu         ] GC(248) User=0.03s Sys=0.00s Real=0.00s
[2952.291s][info ][safepoint      ] Safepoint "ParallelGCFailedAllocation", Time since last: 3061626943 ns, Reaching safepoint: 32501 ns, At safepoint: 7513497 ns, Total: 7545998 ns
[3031.297s][info ][safepoint      ] Safepoint "Cleanup", Time since last: 79005627804 ns, Reaching safepoint: 71302 ns, At safepoint: 7700 ns, Total: 79002 ns
[3045.431s][info ][gc,start       ] GC(249) Pause Young (Allocation Failure)
[3045.437s][debug][gc,phases      ] GC(249) Scavenge 5.783ms
[3045.437s][debug][gc,ref         ] GC(249) Skipped phase 1 of Reference Processing: no references
[3045.437s][debug][gc,ref         ] GC(249) ReferenceProcessor::execute queues: 1, RefProcThreadModel::Single, marks_oops_alive: false
[3045.437s][debug][gc,ref         ] GC(249) Skipped phase 3 of Reference Processing: no references
[3045.437s][debug][gc,ref         ] GC(249) ReferenceProcessor::execute queues: 1, RefProcThreadModel::Single, marks_oops_alive: false
[3045.437s][debug][gc,phases      ] GC(249) Reference Processing 0.140ms
[3045.437s][debug][gc,phases      ] GC(249)   VM Weak                        Min:  0.0, Avg:  0.0, Max:  0.0, Diff:  0.0, Sum:  0.0, Workers: 4
[3045.437s][debug][gc,phases      ] GC(249)     Dead                           Min: 0, Avg:  0.0, Max: 0, Diff: 0, Sum: 0, Workers: 4
[3045.437s][debug][gc,phases      ] GC(249)     Total                          Min: 0, Avg: 180.2, Max: 465, Diff: 465, Sum: 721, Workers: 4
[3045.437s][debug][gc,phases      ] GC(249)   ObjectSynchronizer Weak        Min:  0.0, Avg:  0.0, Max:  0.0, Diff:  0.0, Sum:  0.0, Workers: 4
[3045.437s][debug][gc,phases      ] GC(249)     Dead                           Min: 0, Avg:  0.0, Max: 0, Diff: 0, Sum: 0, Workers: 4
[3045.437s][debug][gc,phases      ] GC(249)     Total                          Min: 0, Avg: 118.5, Max: 282, Diff: 282, Sum: 474, Workers: 4
[3045.437s][debug][gc,phases      ] GC(249)   JVMTI Tag Weak OopStorage      Min:  0.0, Avg:  0.0, Max:  0.0, Diff:  0.0, Sum:  0.0, Workers: 4
[3045.437s][debug][gc,phases      ] GC(249)     Dead                           Min: 0, Avg:  0.0, Max: 0, Diff: 0, Sum: 0, Workers: 4
[3045.437s][debug][gc,phases      ] GC(249)     Total                          Min: 0, Avg:  0.0, Max: 0, Diff: 0, Sum: 0, Workers: 4
[3045.437s][debug][gc,phases      ] GC(249)   StringTable Weak               Min:  0.1, Avg:  0.1, Max:  0.1, Diff:  0.0, Sum:  0.5, Workers: 4
[3045.437s][debug][gc,phases      ] GC(249)     Dead                           Min: 0, Avg:  0.0, Max: 0, Diff: 0, Sum: 0, Workers: 4
[3045.437s][debug][gc,phases      ] GC(249)     Total                          Min: 11136, Avg: 12212.5, Max: 13184, Diff: 2048, Sum: 48850, Workers: 4
[3045.437s][debug][gc,phases      ] GC(249)   ResolvedMethodTable Weak       Min:  0.0, Avg:  0.0, Max:  0.0, Diff:  0.0, Sum:  0.1, Workers: 4
[3045.437s][debug][gc,phases      ] GC(249)     Dead                           Min: 0, Avg:  0.0, Max: 0, Diff: 0, Sum: 0, Workers: 4
[3045.437s][debug][gc,phases      ] GC(249)     Total                          Min: 2112, Avg: 2185.8, Max: 2343, Diff: 231, Sum: 8743, Workers: 4
[3045.437s][debug][gc,phases      ] GC(249)   JNI Weak                       Min:  0.0, Avg:  0.0, Max:  0.0, Diff:  0.0, Sum:  0.0, Workers: 4
[3045.437s][debug][gc,phases      ] GC(249)     Dead                           Min: 0, Avg:  0.0, Max: 0, Diff: 0, Sum: 0, Workers: 4
[3045.437s][debug][gc,phases      ] GC(249)     Total                          Min: 0, Avg:  0.0, Max: 0, Diff: 0, Sum: 0, Workers: 4
[3045.437s][debug][gc,phases      ] GC(249)   StringDedup Table Weak         Min:  0.0, Avg:  0.0, Max:  0.0, Diff:  0.0, Sum:  0.0, Workers: 4
[3045.437s][debug][gc,phases      ] GC(249)     Dead                           Min: 0, Avg:  0.0, Max: 0, Diff: 0, Sum: 0, Workers: 4
[3045.437s][debug][gc,phases      ] GC(249)     Total                          Min: 0, Avg:  0.0, Max: 0, Diff: 0, Sum: 0, Workers: 4
[3045.437s][debug][gc,phases      ] GC(249)   StringDedup Requests0 Weak     Min:  0.0, Avg:  0.0, Max:  0.0, Diff:  0.0, Sum:  0.0, Workers: 4
[3045.437s][debug][gc,phases      ] GC(249)     Dead                           Min: 0, Avg:  0.0, Max: 0, Diff: 0, Sum: 0, Workers: 4
[3045.437s][debug][gc,phases      ] GC(249)     Total                          Min: 0, Avg:  0.0, Max: 0, Diff: 0, Sum: 0, Workers: 4
[3045.437s][debug][gc,phases      ] GC(249)   StringDedup Requests1 Weak     Min:  0.0, Avg:  0.0, Max:  0.0, Diff:  0.0, Sum:  0.0, Workers: 4
[3045.437s][debug][gc,phases      ] GC(249)     Dead                           Min: 0, Avg:  0.0, Max: 0, Diff: 0, Sum: 0, Workers: 4
[3045.437s][debug][gc,phases      ] GC(249)     Total                          Min: 0, Avg:  0.0, Max: 0, Diff: 0, Sum: 0, Workers: 4
[3045.437s][debug][gc,phases      ] GC(249)   Weak JFR Old Object Samples    Min:  0.0, Avg:  0.0, Max:  0.0, Diff:  0.0, Sum:  0.0, Workers: 4
[3045.437s][debug][gc,phases      ] GC(249)     Dead                           Min: 0, Avg:  0.0, Max: 0, Diff: 0, Sum: 0, Workers: 4
[3045.437s][debug][gc,phases      ] GC(249)     Total                          Min: 0, Avg:  0.0, Max: 0, Diff: 0, Sum: 0, Workers: 4
[3045.437s][debug][gc,phases      ] GC(249) Weak Processing 0.334ms
[3045.437s][debug][gc,age         ] GC(249) Desired survivor size 64487424 bytes, new threshold 15 (max threshold 15)
[3045.437s][info ][gc,heap        ] GC(249) PSYoungGen: 1990416K(2033664K)->18944K(2034176K) Eden: 1971200K(1971200K)->0K(1971200K) From: 19216K(62464K)->18944K(62976K)
[3045.437s][info ][gc,heap        ] GC(249) ParOldGen: 886164K(1048576K)->886196K(1048576K)
[3045.437s][info ][gc,metaspace   ] GC(249) Metaspace: 85520K(86336K)->85520K(86336K) NonClass: 73660K(74112K)->73660K(74112K) Class: 11860K(12224K)->11860K(12224K)
[3045.437s][info ][gc             ] GC(249) Pause Young (Allocation Failure) 2809M->883M(3010M) 6.419ms
[3045.437s][info ][gc,cpu         ] GC(249) User=0.02s Sys=0.00s Real=0.01s
[3045.437s][info ][safepoint      ] Safepoint "ParallelGCFailedAllocation", Time since last: 14133841131 ns, Reaching safepoint: 41601 ns, At safepoint: 6510370 ns, Total: 6551971 ns
[3047.437s][info ][safepoint      ] Safepoint "Cleanup", Time since last: 2000127564 ns, Reaching safepoint: 32001 ns, At safepoint: 2900 ns, Total: 34901 ns
[3069.439s][info ][safepoint      ] Safepoint "Cleanup", Time since last: 22001718828 ns, Reaching safepoint: 63502 ns, At safepoint: 6100 ns, Total: 69602 ns
[3137.730s][info ][gc,start       ] GC(250) Pause Young (Allocation Failure)
[3137.738s][debug][gc,phases      ] GC(250) Scavenge 7.001ms
[3137.738s][debug][gc,ref         ] GC(250) Skipped phase 1 of Reference Processing: no references
[3137.738s][debug][gc,ref         ] GC(250) ReferenceProcessor::execute queues: 1, RefProcThreadModel::Single, marks_oops_alive: false
[3137.738s][debug][gc,ref         ] GC(250) Skipped phase 3 of Reference Processing: no references
[3137.738s][debug][gc,ref         ] GC(250) ReferenceProcessor::execute queues: 1, RefProcThreadModel::Single, marks_oops_alive: false
[3137.738s][debug][gc,phases      ] GC(250) Reference Processing 0.119ms
[3137.738s][debug][gc,phases      ] GC(250)   VM Weak                        Min:  0.0, Avg:  0.0, Max:  0.0, Diff:  0.0, Sum:  0.0, Workers: 4
[3137.738s][debug][gc,phases      ] GC(250)     Dead                           Min: 0, Avg:  0.0, Max: 0, Diff: 0, Sum: 0, Workers: 4
[3137.738s][debug][gc,phases      ] GC(250)     Total                          Min: 0, Avg: 180.2, Max: 721, Diff: 721, Sum: 721, Workers: 4
[3137.738s][debug][gc,phases      ] GC(250)   ObjectSynchronizer Weak        Min:  0.0, Avg:  0.0, Max:  0.0, Diff:  0.0, Sum:  0.0, Workers: 4
[3137.738s][debug][gc,phases      ] GC(250)     Dead                           Min: 0, Avg:  0.0, Max: 0, Diff: 0, Sum: 0, Workers: 4
[3137.738s][debug][gc,phases      ] GC(250)     Total                          Min: 0, Avg: 118.5, Max: 282, Diff: 282, Sum: 474, Workers: 4
[3137.738s][debug][gc,phases      ] GC(250)   JVMTI Tag Weak OopStorage      Min:  0.0, Avg:  0.0, Max:  0.0, Diff:  0.0, Sum:  0.0, Workers: 4
[3137.738s][debug][gc,phases      ] GC(250)     Dead                           Min: 0, Avg:  0.0, Max: 0, Diff: 0, Sum: 0, Workers: 4
[3137.738s][debug][gc,phases      ] GC(250)     Total                          Min: 0, Avg:  0.0, Max: 0, Diff: 0, Sum: 0, Workers: 4
[3137.738s][debug][gc,phases      ] GC(250)   StringTable Weak               Min:  0.1, Avg:  0.1, Max:  0.1, Diff:  0.0, Sum:  0.4, Workers: 4
[3137.738s][debug][gc,phases      ] GC(250)     Dead                           Min: 0, Avg:  0.0, Max: 0, Diff: 0, Sum: 0, Workers: 4
[3137.738s][debug][gc,phases      ] GC(250)     Total                          Min: 11648, Avg: 12212.5, Max: 13120, Diff: 1472, Sum: 48850, Workers: 4
[3137.738s][debug][gc,phases      ] GC(250)   ResolvedMethodTable Weak       Min:  0.0, Avg:  0.0, Max:  0.0, Diff:  0.0, Sum:  0.1, Workers: 4
[3137.738s][debug][gc,phases      ] GC(250)     Dead                           Min: 0, Avg:  0.0, Max: 0, Diff: 0, Sum: 0, Workers: 4
[3137.738s][debug][gc,phases      ] GC(250)     Total                          Min: 1408, Avg: 2185.8, Max: 2624, Diff: 1216, Sum: 8743, Workers: 4
[3137.738s][debug][gc,phases      ] GC(250)   JNI Weak                       Min:  0.0, Avg:  0.0, Max:  0.0, Diff:  0.0, Sum:  0.0, Workers: 4
[3137.738s][debug][gc,phases      ] GC(250)     Dead                           Min: 0, Avg:  0.0, Max: 0, Diff: 0, Sum: 0, Workers: 4
[3137.738s][debug][gc,phases      ] GC(250)     Total                          Min: 0, Avg:  0.0, Max: 0, Diff: 0, Sum: 0, Workers: 4
[3137.738s][debug][gc,phases      ] GC(250)   StringDedup Table Weak         Min:  0.0, Avg:  0.0, Max:  0.0, Diff:  0.0, Sum:  0.0, Workers: 4
[3137.738s][debug][gc,phases      ] GC(250)     Dead                           Min: 0, Avg:  0.0, Max: 0, Diff: 0, Sum: 0, Workers: 4
[3137.738s][debug][gc,phases      ] GC(250)     Total                          Min: 0, Avg:  0.0, Max: 0, Diff: 0, Sum: 0, Workers: 4
[3137.738s][debug][gc,phases      ] GC(250)   StringDedup Requests0 Weak     Min:  0.0, Avg:  0.0, Max:  0.0, Diff:  0.0, Sum:  0.0, Workers: 4
[3137.738s][debug][gc,phases      ] GC(250)     Dead                           Min: 0, Avg:  0.0, Max: 0, Diff: 0, Sum: 0, Workers: 4
[3137.738s][debug][gc,phases      ] GC(250)     Total                          Min: 0, Avg:  0.0, Max: 0, Diff: 0, Sum: 0, Workers: 4
[3137.738s][debug][gc,phases      ] GC(250)   StringDedup Requests1 Weak     Min:  0.0, Avg:  0.0, Max:  0.0, Diff:  0.0, Sum:  0.0, Workers: 4
[3137.738s][debug][gc,phases      ] GC(250)     Dead                           Min: 0, Avg:  0.0, Max: 0, Diff: 0, Sum: 0, Workers: 4
[3137.738s][debug][gc,phases      ] GC(250)     Total                          Min: 0, Avg:  0.0, Max: 0, Diff: 0, Sum: 0, Workers: 4
[3137.738s][debug][gc,phases      ] GC(250)   Weak JFR Old Object Samples    Min:  0.0, Avg:  0.0, Max:  0.0, Diff:  0.0, Sum:  0.0, Workers: 4
[3137.738s][debug][gc,phases      ] GC(250)     Dead                           Min: 0, Avg:  0.0, Max: 0, Diff: 0, Sum: 0, Workers: 4
[3137.738s][debug][gc,phases      ] GC(250)     Total                          Min: 0, Avg:  0.0, Max: 0, Diff: 0, Sum: 0, Workers: 4
[3137.738s][debug][gc,phases      ] GC(250) Weak Processing 0.341ms
[3137.738s][debug][gc,age         ] GC(250) Desired survivor size 66060288 bytes, new threshold 15 (max threshold 15)
[3137.738s][info ][gc,heap        ] GC(250) PSYoungGen: 1990144K(2034176K)->8416K(2031104K) Eden: 1971200K(1971200K)->0K(1968128K) From: 18944K(62976K)->8416K(62976K)
[3137.738s][info ][gc,heap        ] GC(250) ParOldGen: 886196K(1048576K)->897201K(1048576K)
[3137.738s][info ][gc,metaspace   ] GC(250) Metaspace: 85547K(86400K)->85547K(86400K) NonClass: 73687K(74176K)->73687K(74176K) Class: 11860K(12224K)->11860K(12224K)
[3137.738s][info ][gc             ] GC(250) Pause Young (Allocation Failure) 2808M->884M(3007M) 7.611ms
[3137.738s][info ][gc,cpu         ] GC(250) User=0.03s Sys=0.00s Real=0.01s
[3137.738s][info ][safepoint      ] Safepoint "ParallelGCFailedAllocation", Time since last: 68291230771 ns, Reaching safepoint: 43801 ns, At safepoint: 7712200 ns, Total: 7756001 ns
[3163.740s][info ][safepoint      ] Safepoint "Cleanup", Time since last: 26001637979 ns, Reaching safepoint: 47401 ns, At safepoint: 42102 ns, Total: 89503 ns
[3186.741s][info ][safepoint      ] Safepoint "Cleanup", Time since last: 23001485504 ns, Reaching safepoint: 116703 ns, At safepoint: 5501 ns, Total: 122204 ns
[3187.742s][info ][safepoint      ] Safepoint "Cleanup", Time since last: 1000061498 ns, Reaching safepoint: 67602 ns, At safepoint: 6900 ns, Total: 74502 ns
[3195.742s][info ][safepoint      ] Safepoint "Cleanup", Time since last: 8000545663 ns, Reaching safepoint: 51001 ns, At safepoint: 12101 ns, Total: 63102 ns
[3197.742s][info ][safepoint      ] Safepoint "Cleanup", Time since last: 2000180283 ns, Reaching safepoint: 59302 ns, At safepoint: 4100 ns, Total: 63402 ns
[3211.531s][info ][gc,start       ] GC(251) Pause Young (Allocation Failure)
[3211.538s][debug][gc,phases      ] GC(251) Scavenge 6.817ms
[3211.538s][debug][gc,ref         ] GC(251) Skipped phase 1 of Reference Processing: no references
[3211.538s][debug][gc,ref         ] GC(251) ReferenceProcessor::execute queues: 1, RefProcThreadModel::Single, marks_oops_alive: false
[3211.538s][debug][gc,ref         ] GC(251) ReferenceProcessor::execute queues: 4, RefProcThreadModel::Multi, marks_oops_alive: true
[3211.538s][debug][gc,ref         ] GC(251) ReferenceProcessor::execute queues: 1, RefProcThreadModel::Single, marks_oops_alive: false
[3211.538s][debug][gc,phases      ] GC(251) Reference Processing 0.226ms
[3211.538s][debug][gc,phases      ] GC(251)   VM Weak                        Min:  0.0, Avg:  0.0, Max:  0.0, Diff:  0.0, Sum:  0.0, Workers: 4
[3211.538s][debug][gc,phases      ] GC(251)     Dead                           Min: 0, Avg:  0.0, Max: 0, Diff: 0, Sum: 0, Workers: 4
[3211.538s][debug][gc,phases      ] GC(251)     Total                          Min: 0, Avg: 180.2, Max: 721, Diff: 721, Sum: 721, Workers: 4
[3211.538s][debug][gc,phases      ] GC(251)   ObjectSynchronizer Weak        Min:  0.0, Avg:  0.0, Max:  0.0, Diff:  0.0, Sum:  0.0, Workers: 4
[3211.538s][debug][gc,phases      ] GC(251)     Dead                           Min: 0, Avg:  0.0, Max: 0, Diff: 0, Sum: 0, Workers: 4
[3211.538s][debug][gc,phases      ] GC(251)     Total                          Min: 0, Avg: 118.5, Max: 218, Diff: 218, Sum: 474, Workers: 4
[3211.538s][debug][gc,phases      ] GC(251)   JVMTI Tag Weak OopStorage      Min:  0.0, Avg:  0.0, Max:  0.0, Diff:  0.0, Sum:  0.0, Workers: 4
[3211.538s][debug][gc,phases      ] GC(251)     Dead                           Min: 0, Avg:  0.0, Max: 0, Diff: 0, Sum: 0, Workers: 4
[3211.538s][debug][gc,phases      ] GC(251)     Total                          Min: 0, Avg:  0.0, Max: 0, Diff: 0, Sum: 0, Workers: 4
[3211.538s][debug][gc,phases      ] GC(251)   StringTable Weak               Min:  0.1, Avg:  0.1, Max:  0.1, Diff:  0.0, Sum:  0.4, Workers: 4
[3211.538s][debug][gc,phases      ] GC(251)     Dead                           Min: 0, Avg:  0.0, Max: 0, Diff: 0, Sum: 0, Workers: 4
[3211.538s][debug][gc,phases      ] GC(251)     Total                          Min: 10304, Avg: 12214.5, Max: 13466, Diff: 3162, Sum: 48858, Workers: 4
[3211.538s][debug][gc,phases      ] GC(251)   ResolvedMethodTable Weak       Min:  0.0, Avg:  0.0, Max:  0.0, Diff:  0.0, Sum:  0.1, Workers: 4
[3211.538s][debug][gc,phases      ] GC(251)     Dead                           Min: 0, Avg:  0.0, Max: 0, Diff: 0, Sum: 0, Workers: 4
[3211.538s][debug][gc,phases      ] GC(251)     Total                          Min: 1984, Avg: 2185.8, Max: 2407, Diff: 423, Sum: 8743, Workers: 4
[3211.538s][debug][gc,phases      ] GC(251)   JNI Weak                       Min:  0.0, Avg:  0.0, Max:  0.0, Diff:  0.0, Sum:  0.0, Workers: 4
[3211.538s][debug][gc,phases      ] GC(251)     Dead                           Min: 0, Avg:  0.0, Max: 0, Diff: 0, Sum: 0, Workers: 4
[3211.538s][debug][gc,phases      ] GC(251)     Total                          Min: 0, Avg:  0.0, Max: 0, Diff: 0, Sum: 0, Workers: 4
[3211.538s][debug][gc,phases      ] GC(251)   StringDedup Table Weak         Min:  0.0, Avg:  0.0, Max:  0.0, Diff:  0.0, Sum:  0.0, Workers: 4
[3211.538s][debug][gc,phases      ] GC(251)     Dead                           Min: 0, Avg:  0.0, Max: 0, Diff: 0, Sum: 0, Workers: 4
[3211.538s][debug][gc,phases      ] GC(251)     Total                          Min: 0, Avg:  0.0, Max: 0, Diff: 0, Sum: 0, Workers: 4
[3211.538s][debug][gc,phases      ] GC(251)   StringDedup Requests0 Weak     Min:  0.0, Avg:  0.0, Max:  0.0, Diff:  0.0, Sum:  0.0, Workers: 4
[3211.538s][debug][gc,phases      ] GC(251)     Dead                           Min: 0, Avg:  0.0, Max: 0, Diff: 0, Sum: 0, Workers: 4
[3211.538s][debug][gc,phases      ] GC(251)     Total                          Min: 0, Avg:  0.0, Max: 0, Diff: 0, Sum: 0, Workers: 4
[3211.538s][debug][gc,phases      ] GC(251)   StringDedup Requests1 Weak     Min:  0.0, Avg:  0.0, Max:  0.0, Diff:  0.0, Sum:  0.0, Workers: 4
[3211.538s][debug][gc,phases      ] GC(251)     Dead                           Min: 0, Avg:  0.0, Max: 0, Diff: 0, Sum: 0, Workers: 4
[3211.538s][debug][gc,phases      ] GC(251)     Total                          Min: 0, Avg:  0.0, Max: 0, Diff: 0, Sum: 0, Workers: 4
[3211.538s][debug][gc,phases      ] GC(251)   Weak JFR Old Object Samples    Min:  0.0, Avg:  0.0, Max:  0.0, Diff:  0.0, Sum:  0.0, Workers: 4
[3211.538s][debug][gc,phases      ] GC(251)     Dead                           Min: 0, Avg:  0.0, Max: 0, Diff: 0, Sum: 0, Workers: 4
[3211.538s][debug][gc,phases      ] GC(251)     Total                          Min: 0, Avg:  0.0, Max: 0, Diff: 0, Sum: 0, Workers: 4
[3211.538s][debug][gc,phases      ] GC(251) Weak Processing 0.320ms
[3211.538s][debug][gc,age         ] GC(251) Desired survivor size 63438848 bytes, new threshold 15 (max threshold 15)
[3211.538s][info ][gc,heap        ] GC(251) PSYoungGen: 1976544K(2031104K)->24978K(2032640K) Eden: 1968128K(1968128K)->0K(1968128K) From: 8416K(62976K)->24978K(64512K)
[3211.538s][info ][gc,heap        ] GC(251) ParOldGen: 897201K(1048576K)->898246K(1048576K)
[3211.538s][info ][gc,metaspace   ] GC(251) Metaspace: 85563K(86400K)->85563K(86400K) NonClass: 73702K(74176K)->73702K(74176K) Class: 11860K(12224K)->11860K(12224K)
[3211.538s][info ][gc             ] GC(251) Pause Young (Allocation Failure) 2806M->901M(3009M) 7.502ms
[3211.539s][info ][gc,cpu         ] GC(251) User=0.03s Sys=0.00s Real=0.01s
[3211.539s][info ][safepoint      ] Safepoint "ParallelGCFailedAllocation", Time since last: 13788454890 ns, Reaching safepoint: 49901 ns, At safepoint: 7612997 ns, Total: 7662898 ns
[3214.539s][info ][safepoint      ] Safepoint "Cleanup", Time since last: 3000246236 ns, Reaching safepoint: 55101 ns, At safepoint: 7801 ns, Total: 62902 ns
[3253.542s][info ][safepoint      ] Safepoint "Cleanup", Time since last: 39002797837 ns, Reaching safepoint: 50101 ns, At safepoint: 37801 ns, Total: 87902 ns
[3279.928s][info ][gc,start       ] GC(252) Pause Young (Allocation Failure)
[3279.934s][debug][gc,phases      ] GC(252) Scavenge 6.256ms
[3279.934s][debug][gc,ref         ] GC(252) Skipped phase 1 of Reference Processing: no references
[3279.934s][debug][gc,ref         ] GC(252) ReferenceProcessor::execute queues: 1, RefProcThreadModel::Single, marks_oops_alive: false
[3279.934s][debug][gc,ref         ] GC(252) Skipped phase 3 of Reference Processing: no references
[3279.934s][debug][gc,ref         ] GC(252) ReferenceProcessor::execute queues: 1, RefProcThreadModel::Single, marks_oops_alive: false
[3279.934s][debug][gc,phases      ] GC(252) Reference Processing 0.134ms
[3279.935s][debug][gc,phases      ] GC(252)   VM Weak                        Min:  0.0, Avg:  0.0, Max:  0.0, Diff:  0.0, Sum:  0.0, Workers: 4
[3279.935s][debug][gc,phases      ] GC(252)     Dead                           Min: 0, Avg:  0.0, Max: 0, Diff: 0, Sum: 0, Workers: 4
[3279.935s][debug][gc,phases      ] GC(252)     Total                          Min: 0, Avg: 180.2, Max: 576, Diff: 576, Sum: 721, Workers: 4
[3279.935s][debug][gc,phases      ] GC(252)   ObjectSynchronizer Weak        Min:  0.0, Avg:  0.0, Max:  0.0, Diff:  0.0, Sum:  0.0, Workers: 4
[3279.935s][debug][gc,phases      ] GC(252)     Dead                           Min: 0, Avg:  0.0, Max: 0, Diff: 0, Sum: 0, Workers: 4
[3279.935s][debug][gc,phases      ] GC(252)     Total                          Min: 0, Avg: 118.5, Max: 192, Diff: 192, Sum: 474, Workers: 4
[3279.935s][debug][gc,phases      ] GC(252)   JVMTI Tag Weak OopStorage      Min:  0.0, Avg:  0.0, Max:  0.0, Diff:  0.0, Sum:  0.0, Workers: 4
[3279.935s][debug][gc,phases      ] GC(252)     Dead                           Min: 0, Avg:  0.0, Max: 0, Diff: 0, Sum: 0, Workers: 4
[3279.935s][debug][gc,phases      ] GC(252)     Total                          Min: 0, Avg:  0.0, Max: 0, Diff: 0, Sum: 0, Workers: 4
[3279.935s][debug][gc,phases      ] GC(252)   StringTable Weak               Min:  0.1, Avg:  0.1, Max:  0.1, Diff:  0.0, Sum:  0.4, Workers: 4
[3279.935s][debug][gc,phases      ] GC(252)     Dead                           Min: 0, Avg:  0.0, Max: 0, Diff: 0, Sum: 0, Workers: 4
[3279.935s][debug][gc,phases      ] GC(252)     Total                          Min: 11648, Avg: 12214.8, Max: 13019, Diff: 1371, Sum: 48859, Workers: 4
[3279.935s][debug][gc,phases      ] GC(252)   ResolvedMethodTable Weak       Min:  0.0, Avg:  0.0, Max:  0.0, Diff:  0.0, Sum:  0.1, Workers: 4
[3279.935s][debug][gc,phases      ] GC(252)     Dead                           Min: 0, Avg:  0.0, Max: 0, Diff: 0, Sum: 0, Workers: 4
[3279.935s][debug][gc,phases      ] GC(252)     Total                          Min: 1920, Avg: 2186.2, Max: 2432, Diff: 512, Sum: 8745, Workers: 4
[3279.935s][debug][gc,phases      ] GC(252)   JNI Weak                       Min:  0.0, Avg:  0.0, Max:  0.0, Diff:  0.0, Sum:  0.0, Workers: 4
[3279.935s][debug][gc,phases      ] GC(252)     Dead                           Min: 0, Avg:  0.0, Max: 0, Diff: 0, Sum: 0, Workers: 4
[3279.935s][debug][gc,phases      ] GC(252)     Total                          Min: 0, Avg:  0.0, Max: 0, Diff: 0, Sum: 0, Workers: 4
[3279.935s][debug][gc,phases      ] GC(252)   StringDedup Table Weak         Min:  0.0, Avg:  0.0, Max:  0.0, Diff:  0.0, Sum:  0.0, Workers: 4
[3279.935s][debug][gc,phases      ] GC(252)     Dead                           Min: 0, Avg:  0.0, Max: 0, Diff: 0, Sum: 0, Workers: 4
[3279.935s][debug][gc,phases      ] GC(252)     Total                          Min: 0, Avg:  0.0, Max: 0, Diff: 0, Sum: 0, Workers: 4
[3279.935s][debug][gc,phases      ] GC(252)   StringDedup Requests0 Weak     Min:  0.0, Avg:  0.0, Max:  0.0, Diff:  0.0, Sum:  0.0, Workers: 4
[3279.935s][debug][gc,phases      ] GC(252)     Dead                           Min: 0, Avg:  0.0, Max: 0, Diff: 0, Sum: 0, Workers: 4
[3279.935s][debug][gc,phases      ] GC(252)     Total                          Min: 0, Avg:  0.0, Max: 0, Diff: 0, Sum: 0, Workers: 4
[3279.935s][debug][gc,phases      ] GC(252)   StringDedup Requests1 Weak     Min:  0.0, Avg:  0.0, Max:  0.0, Diff:  0.0, Sum:  0.0, Workers: 4
[3279.935s][debug][gc,phases      ] GC(252)     Dead                           Min: 0, Avg:  0.0, Max: 0, Diff: 0, Sum: 0, Workers: 4
[3279.935s][debug][gc,phases      ] GC(252)     Total                          Min: 0, Avg:  0.0, Max: 0, Diff: 0, Sum: 0, Workers: 4
[3279.935s][debug][gc,phases      ] GC(252)   Weak JFR Old Object Samples    Min:  0.0, Avg:  0.0, Max:  0.0, Diff:  0.0, Sum:  0.0, Workers: 4
[3279.935s][debug][gc,phases      ] GC(252)     Dead                           Min: 0, Avg:  0.0, Max: 0, Diff: 0, Sum: 0, Workers: 4
[3279.935s][debug][gc,phases      ] GC(252)     Total                          Min: 0, Avg:  0.0, Max: 0, Diff: 0, Sum: 0, Workers: 4
[3279.935s][debug][gc,phases      ] GC(252) Weak Processing 0.343ms
[3279.935s][debug][gc,age         ] GC(252) Desired survivor size 61865984 bytes, new threshold 15 (max threshold 15)
[3279.935s][info ][gc,heap        ] GC(252) PSYoungGen: 1993106K(2032640K)->21314K(2036736K) Eden: 1968128K(1968128K)->0K(1974784K) From: 24978K(64512K)->21314K(61952K)
[3279.935s][info ][gc,heap        ] GC(252) ParOldGen: 898246K(1048576K)->901616K(1048576K)
[3279.935s][info ][gc,metaspace   ] GC(252) Metaspace: 85577K(86400K)->85577K(86400K) NonClass: 73716K(74176K)->73716K(74176K) Class: 11860K(12224K)->11860K(12224K)
[3279.935s][info ][gc             ] GC(252) Pause Young (Allocation Failure) 2823M->901M(3013M) 6.872ms
[3279.935s][info ][gc,cpu         ] GC(252) User=0.03s Sys=0.00s Real=0.01s
[3279.935s][info ][safepoint      ] Safepoint "ParallelGCFailedAllocation", Time since last: 26386144236 ns, Reaching safepoint: 59501 ns, At safepoint: 6973180 ns, Total: 7032681 ns
[3327.938s][info ][safepoint      ] Safepoint "Cleanup", Time since last: 48003344851 ns, Reaching safepoint: 60602 ns, At safepoint: 6900 ns, Total: 67502 ns
[3331.939s][info ][safepoint      ] Safepoint "Cleanup", Time since last: 4000335989 ns, Reaching safepoint: 34301 ns, At safepoint: 4000 ns, Total: 38301 ns
[3346.940s][info ][safepoint      ] Safepoint "Cleanup", Time since last: 15000974464 ns, Reaching safepoint: 49901 ns, At safepoint: 3900 ns, Total: 53801 ns
[3347.940s][info ][safepoint      ] Safepoint "Cleanup", Time since last: 1000108787 ns, Reaching safepoint: 42501 ns, At safepoint: 4401 ns, Total: 46902 ns
[3348.940s][info ][safepoint      ] Safepoint "Cleanup", Time since last: 1000125887 ns, Reaching safepoint: 58201 ns, At safepoint: 6900 ns, Total: 65101 ns
[3350.377s][info ][gc,start       ] GC(253) Pause Young (Allocation Failure)
[3350.382s][debug][gc,phases      ] GC(253) Scavenge 4.993ms
[3350.382s][debug][gc,ref         ] GC(253) Skipped phase 1 of Reference Processing: no references
[3350.383s][debug][gc,ref         ] GC(253) ReferenceProcessor::execute queues: 1, RefProcThreadModel::Single, marks_oops_alive: false
[3350.383s][debug][gc,ref         ] GC(253) Skipped phase 3 of Reference Processing: no references
[3350.383s][debug][gc,ref         ] GC(253) ReferenceProcessor::execute queues: 1, RefProcThreadModel::Single, marks_oops_alive: false
[3350.383s][debug][gc,phases      ] GC(253) Reference Processing 0.123ms
[3350.383s][debug][gc,phases      ] GC(253)   VM Weak                        Min:  0.0, Avg:  0.0, Max:  0.0, Diff:  0.0, Sum:  0.0, Workers: 4
[3350.383s][debug][gc,phases      ] GC(253)     Dead                           Min: 0, Avg:  0.0, Max: 0, Diff: 0, Sum: 0, Workers: 4
[3350.383s][debug][gc,phases      ] GC(253)     Total                          Min: 0, Avg: 181.5, Max: 704, Diff: 704, Sum: 726, Workers: 4
[3350.383s][debug][gc,phases      ] GC(253)   ObjectSynchronizer Weak        Min:  0.0, Avg:  0.0, Max:  0.0, Diff:  0.0, Sum:  0.0, Workers: 4
[3350.383s][debug][gc,phases      ] GC(253)     Dead                           Min: 0, Avg:  0.0, Max: 0, Diff: 0, Sum: 0, Workers: 4
[3350.383s][debug][gc,phases      ] GC(253)     Total                          Min: 0, Avg: 118.5, Max: 256, Diff: 256, Sum: 474, Workers: 4
[3350.383s][debug][gc,phases      ] GC(253)   JVMTI Tag Weak OopStorage      Min:  0.0, Avg:  0.0, Max:  0.0, Diff:  0.0, Sum:  0.0, Workers: 4
[3350.383s][debug][gc,phases      ] GC(253)     Dead                           Min: 0, Avg:  0.0, Max: 0, Diff: 0, Sum: 0, Workers: 4
[3350.383s][debug][gc,phases      ] GC(253)     Total                          Min: 0, Avg:  0.0, Max: 0, Diff: 0, Sum: 0, Workers: 4
[3350.383s][debug][gc,phases      ] GC(253)   StringTable Weak               Min:  0.1, Avg:  0.1, Max:  0.1, Diff:  0.0, Sum:  0.4, Workers: 4
[3350.383s][debug][gc,phases      ] GC(253)     Dead                           Min: 0, Avg:  0.2, Max: 1, Diff: 1, Sum: 1, Workers: 4
[3350.383s][debug][gc,phases      ] GC(253)     Total                          Min: 11264, Avg: 12215.8, Max: 13151, Diff: 1887, Sum: 48863, Workers: 4
[3350.383s][debug][gc,phases      ] GC(253)   ResolvedMethodTable Weak       Min:  0.0, Avg:  0.0, Max:  0.0, Diff:  0.0, Sum:  0.1, Workers: 4
[3350.383s][debug][gc,phases      ] GC(253)     Dead                           Min: 0, Avg:  0.0, Max: 0, Diff: 0, Sum: 0, Workers: 4
[3350.383s][debug][gc,phases      ] GC(253)     Total                          Min: 2112, Avg: 2191.2, Max: 2304, Diff: 192, Sum: 8765, Workers: 4
[3350.383s][debug][gc,phases      ] GC(253)   JNI Weak                       Min:  0.0, Avg:  0.0, Max:  0.0, Diff:  0.0, Sum:  0.0, Workers: 4
[3350.383s][debug][gc,phases      ] GC(253)     Dead                           Min: 0, Avg:  0.0, Max: 0, Diff: 0, Sum: 0, Workers: 4
[3350.383s][debug][gc,phases      ] GC(253)     Total                          Min: 0, Avg:  0.0, Max: 0, Diff: 0, Sum: 0, Workers: 4
[3350.383s][debug][gc,phases      ] GC(253)   StringDedup Table Weak         Min:  0.0, Avg:  0.0, Max:  0.0, Diff:  0.0, Sum:  0.0, Workers: 4
[3350.383s][debug][gc,phases      ] GC(253)     Dead                           Min: 0, Avg:  0.0, Max: 0, Diff: 0, Sum: 0, Workers: 4
[3350.383s][debug][gc,phases      ] GC(253)     Total                          Min: 0, Avg:  0.0, Max: 0, Diff: 0, Sum: 0, Workers: 4
[3350.383s][debug][gc,phases      ] GC(253)   StringDedup Requests0 Weak     Min:  0.0, Avg:  0.0, Max:  0.0, Diff:  0.0, Sum:  0.0, Workers: 4
[3350.383s][debug][gc,phases      ] GC(253)     Dead                           Min: 0, Avg:  0.0, Max: 0, Diff: 0, Sum: 0, Workers: 4
[3350.383s][debug][gc,phases      ] GC(253)     Total                          Min: 0, Avg:  0.0, Max: 0, Diff: 0, Sum: 0, Workers: 4
[3350.383s][debug][gc,phases      ] GC(253)   StringDedup Requests1 Weak     Min:  0.0, Avg:  0.0, Max:  0.0, Diff:  0.0, Sum:  0.0, Workers: 4
[3350.383s][debug][gc,phases      ] GC(253)     Dead                           Min: 0, Avg:  0.0, Max: 0, Diff: 0, Sum: 0, Workers: 4
[3350.383s][debug][gc,phases      ] GC(253)     Total                          Min: 0, Avg:  0.0, Max: 0, Diff: 0, Sum: 0, Workers: 4
[3350.383s][debug][gc,phases      ] GC(253)   Weak JFR Old Object Samples    Min:  0.0, Avg:  0.0, Max:  0.0, Diff:  0.0, Sum:  0.0, Workers: 4
[3350.383s][debug][gc,phases      ] GC(253)     Dead                           Min: 0, Avg:  0.0, Max: 0, Diff: 0, Sum: 0, Workers: 4
[3350.383s][debug][gc,phases      ] GC(253)     Total                          Min: 0, Avg:  0.0, Max: 0, Diff: 0, Sum: 0, Workers: 4
[3350.383s][debug][gc,phases      ] GC(253) Weak Processing 0.323ms
[3350.383s][debug][gc,age         ] GC(253) Desired survivor size 59768832 bytes, new threshold 15 (max threshold 15)
[3350.383s][info ][gc,heap        ] GC(253) PSYoungGen: 1996098K(2036736K)->21794K(2035200K) Eden: 1974784K(1974784K)->0K(1974784K) From: 21314K(61952K)->21794K(60416K)
[3350.383s][info ][gc,heap        ] GC(253) ParOldGen: 901616K(1048576K)->901648K(1048576K)
[3350.383s][info ][gc,metaspace   ] GC(253) Metaspace: 85603K(86464K)->85603K(86464K) NonClass: 73736K(74176K)->73736K(74176K) Class: 11867K(12288K)->11867K(12288K)
[3350.383s][info ][gc             ] GC(253) Pause Young (Allocation Failure) 2829M->901M(3011M) 5.578ms
[3350.383s][info ][gc,cpu         ] GC(253) User=0.02s Sys=0.00s Real=0.01s
[3350.383s][info ][safepoint      ] Safepoint "ParallelGCFailedAllocation", Time since last: 1437238057 ns, Reaching safepoint: 32501 ns, At safepoint: 5658045 ns, Total: 5690546 ns
[3353.383s][info ][safepoint      ] Safepoint "Cleanup", Time since last: 3000202351 ns, Reaching safepoint: 49001 ns, At safepoint: 4000 ns, Total: 53001 ns
[3354.383s][info ][safepoint      ] Safepoint "Cleanup", Time since last: 1000106784 ns, Reaching safepoint: 32300 ns, At safepoint: 3801 ns, Total: 36101 ns
[3355.384s][info ][safepoint      ] Safepoint "Cleanup", Time since last: 1000138683 ns, Reaching safepoint: 53501 ns, At safepoint: 4001 ns, Total: 57502 ns
[3356.384s][info ][safepoint      ] Safepoint "Cleanup", Time since last: 1000109182 ns, Reaching safepoint: 50201 ns, At safepoint: 3600 ns, Total: 53801 ns
[3361.384s][info ][safepoint      ] Safepoint "Cleanup", Time since last: 5000367998 ns, Reaching safepoint: 58901 ns, At safepoint: 16801 ns, Total: 75702 ns
[3369.385s][info ][safepoint      ] Safepoint "Cleanup", Time since last: 8000552805 ns, Reaching safepoint: 43001 ns, At safepoint: 4700 ns, Total: 47701 ns
[3383.386s][info ][safepoint      ] Safepoint "Cleanup", Time since last: 14001031772 ns, Reaching safepoint: 50901 ns, At safepoint: 45501 ns, Total: 96402 ns
[3384.386s][info ][safepoint      ] Safepoint "Cleanup", Time since last: 1000072365 ns, Reaching safepoint: 54902 ns, At safepoint: 5400 ns, Total: 60302 ns
[3392.387s][info ][safepoint      ] Safepoint "Cleanup", Time since last: 8000536500 ns, Reaching safepoint: 52902 ns, At safepoint: 3600 ns, Total: 56502 ns
[3393.387s][info ][safepoint      ] Safepoint "Cleanup", Time since last: 1000128261 ns, Reaching safepoint: 56002 ns, At safepoint: 7300 ns, Total: 63302 ns
[3395.387s][info ][safepoint      ] Safepoint "Cleanup", Time since last: 2000172819 ns, Reaching safepoint: 62002 ns, At safepoint: 5800 ns, Total: 67802 ns
[3400.388s][info ][safepoint      ] Safepoint "Cleanup", Time since last: 5000403488 ns, Reaching safepoint: 48602 ns, At safepoint: 4000 ns, Total: 52602 ns
[3408.388s][info ][safepoint      ] Safepoint "Cleanup", Time since last: 8000587532 ns, Reaching safepoint: 43801 ns, At safepoint: 4300 ns, Total: 48101 ns
[3410.388s][info ][safepoint      ] Safepoint "Cleanup", Time since last: 2000172903 ns, Reaching safepoint: 31901 ns, At safepoint: 3800 ns, Total: 35701 ns
[3411.108s][info ][gc,start       ] GC(254) Pause Young (Allocation Failure)
[3411.114s][debug][gc,phases      ] GC(254) Scavenge 6.080ms
[3411.114s][debug][gc,ref         ] GC(254) Skipped phase 1 of Reference Processing: no references
[3411.115s][debug][gc,ref         ] GC(254) ReferenceProcessor::execute queues: 1, RefProcThreadModel::Single, marks_oops_alive: false
[3411.115s][debug][gc,ref         ] GC(254) Skipped phase 3 of Reference Processing: no references
[3411.115s][debug][gc,ref         ] GC(254) ReferenceProcessor::execute queues: 1, RefProcThreadModel::Single, marks_oops_alive: false
[3411.115s][debug][gc,phases      ] GC(254) Reference Processing 0.113ms
[3411.115s][debug][gc,phases      ] GC(254)   VM Weak                        Min:  0.0, Avg:  0.0, Max:  0.0, Diff:  0.0, Sum:  0.0, Workers: 4
[3411.115s][debug][gc,phases      ] GC(254)     Dead                           Min: 0, Avg:  0.0, Max: 0, Diff: 0, Sum: 0, Workers: 4
[3411.115s][debug][gc,phases      ] GC(254)     Total                          Min: 0, Avg: 181.5, Max: 384, Diff: 384, Sum: 726, Workers: 4
[3411.115s][debug][gc,phases      ] GC(254)   ObjectSynchronizer Weak        Min:  0.0, Avg:  0.0, Max:  0.0, Diff:  0.0, Sum:  0.0, Workers: 4
[3411.115s][debug][gc,phases      ] GC(254)     Dead                           Min: 0, Avg:  0.0, Max: 0, Diff: 0, Sum: 0, Workers: 4
[3411.115s][debug][gc,phases      ] GC(254)     Total                          Min: 0, Avg: 118.5, Max: 192, Diff: 192, Sum: 474, Workers: 4
[3411.115s][debug][gc,phases      ] GC(254)   JVMTI Tag Weak OopStorage      Min:  0.0, Avg:  0.0, Max:  0.0, Diff:  0.0, Sum:  0.0, Workers: 4
[3411.115s][debug][gc,phases      ] GC(254)     Dead                           Min: 0, Avg:  0.0, Max: 0, Diff: 0, Sum: 0, Workers: 4
[3411.115s][debug][gc,phases      ] GC(254)     Total                          Min: 0, Avg:  0.0, Max: 0, Diff: 0, Sum: 0, Workers: 4
[3411.115s][debug][gc,phases      ] GC(254)   StringTable Weak               Min:  0.1, Avg:  0.1, Max:  0.1, Diff:  0.0, Sum:  0.4, Workers: 4
[3411.115s][debug][gc,phases      ] GC(254)     Dead                           Min: 0, Avg:  0.0, Max: 0, Diff: 0, Sum: 0, Workers: 4
[3411.115s][debug][gc,phases      ] GC(254)     Total                          Min: 10816, Avg: 12215.8, Max: 13024, Diff: 2208, Sum: 48863, Workers: 4
[3411.115s][debug][gc,phases      ] GC(254)   ResolvedMethodTable Weak       Min:  0.0, Avg:  0.0, Max:  0.0, Diff:  0.0, Sum:  0.1, Workers: 4
[3411.115s][debug][gc,phases      ] GC(254)     Dead                           Min: 0, Avg:  0.0, Max: 0, Diff: 0, Sum: 0, Workers: 4
[3411.115s][debug][gc,phases      ] GC(254)     Total                          Min: 1917, Avg: 2191.2, Max: 2368, Diff: 451, Sum: 8765, Workers: 4
[3411.115s][debug][gc,phases      ] GC(254)   JNI Weak                       Min:  0.0, Avg:  0.0, Max:  0.0, Diff:  0.0, Sum:  0.0, Workers: 4
[3411.115s][debug][gc,phases      ] GC(254)     Dead                           Min: 0, Avg:  0.0, Max: 0, Diff: 0, Sum: 0, Workers: 4
[3411.115s][debug][gc,phases      ] GC(254)     Total                          Min: 0, Avg:  0.0, Max: 0, Diff: 0, Sum: 0, Workers: 4
[3411.115s][debug][gc,phases      ] GC(254)   StringDedup Table Weak         Min:  0.0, Avg:  0.0, Max:  0.0, Diff:  0.0, Sum:  0.0, Workers: 4
[3411.115s][debug][gc,phases      ] GC(254)     Dead                           Min: 0, Avg:  0.0, Max: 0, Diff: 0, Sum: 0, Workers: 4
[3411.115s][debug][gc,phases      ] GC(254)     Total                          Min: 0, Avg:  0.0, Max: 0, Diff: 0, Sum: 0, Workers: 4
[3411.115s][debug][gc,phases      ] GC(254)   StringDedup Requests0 Weak     Min:  0.0, Avg:  0.0, Max:  0.0, Diff:  0.0, Sum:  0.0, Workers: 4
[3411.115s][debug][gc,phases      ] GC(254)     Dead                           Min: 0, Avg:  0.0, Max: 0, Diff: 0, Sum: 0, Workers: 4
[3411.115s][debug][gc,phases      ] GC(254)     Total                          Min: 0, Avg:  0.0, Max: 0, Diff: 0, Sum: 0, Workers: 4
[3411.115s][debug][gc,phases      ] GC(254)   StringDedup Requests1 Weak     Min:  0.0, Avg:  0.0, Max:  0.0, Diff:  0.0, Sum:  0.0, Workers: 4
[3411.115s][debug][gc,phases      ] GC(254)     Dead                           Min: 0, Avg:  0.0, Max: 0, Diff: 0, Sum: 0, Workers: 4
[3411.115s][debug][gc,phases      ] GC(254)     Total                          Min: 0, Avg:  0.0, Max: 0, Diff: 0, Sum: 0, Workers: 4
[3411.115s][debug][gc,phases      ] GC(254)   Weak JFR Old Object Samples    Min:  0.0, Avg:  0.0, Max:  0.0, Diff:  0.0, Sum:  0.0, Workers: 4
[3411.115s][debug][gc,phases      ] GC(254)     Dead                           Min: 0, Avg:  0.0, Max: 0, Diff: 0, Sum: 0, Workers: 4
[3411.115s][debug][gc,phases      ] GC(254)     Total                          Min: 0, Avg:  0.0, Max: 0, Diff: 0, Sum: 0, Workers: 4
[3411.115s][debug][gc,phases      ] GC(254) Weak Processing 0.312ms
[3411.115s][debug][gc,age         ] GC(254) Desired survivor size 58195968 bytes, new threshold 15 (max threshold 15)
[3411.115s][info ][gc,heap        ] GC(254) PSYoungGen: 1996578K(2035200K)->21618K(2040320K) Eden: 1974784K(1974784K)->0K(1981952K) From: 21794K(60416K)->21618K(58368K)
[3411.115s][info ][gc,heap        ] GC(254) ParOldGen: 901648K(1048576K)->902120K(1048576K)
[3411.115s][info ][gc,metaspace   ] GC(254) Metaspace: 85616K(86528K)->85616K(86528K) NonClass: 73749K(74240K)->73749K(74240K) Class: 11867K(12288K)->11867K(12288K)
[3411.115s][info ][gc             ] GC(254) Pause Young (Allocation Failure) 2830M->902M(3016M) 6.622ms
[3411.115s][info ][gc,cpu         ] GC(254) User=0.02s Sys=0.00s Real=0.01s
[3411.115s][info ][safepoint      ] Safepoint "ParallelGCFailedAllocation", Time since last: 719832035 ns, Reaching safepoint: 41601 ns, At safepoint: 6713473 ns, Total: 6755074 ns
[3412.115s][info ][safepoint      ] Safepoint "Cleanup", Time since last: 1000090050 ns, Reaching safepoint: 50601 ns, At safepoint: 13601 ns, Total: 64202 ns
[3416.115s][info ][safepoint      ] Safepoint "Cleanup", Time since last: 4000307195 ns, Reaching safepoint: 41401 ns, At safepoint: 3101 ns, Total: 44502 ns
[3420.116s][info ][safepoint      ] Safepoint "Cleanup", Time since last: 4000299186 ns, Reaching safepoint: 48302 ns, At safepoint: 3400 ns, Total: 51702 ns
[3422.116s][info ][safepoint      ] Safepoint "Cleanup", Time since last: 2000168091 ns, Reaching safepoint: 54401 ns, At safepoint: 9500 ns, Total: 63901 ns
[3427.117s][info ][safepoint      ] Safepoint "Cleanup", Time since last: 5000427218 ns, Reaching safepoint: 53802 ns, At safepoint: 9400 ns, Total: 63202 ns
[3429.117s][info ][safepoint      ] Safepoint "Cleanup", Time since last: 2000210685 ns, Reaching safepoint: 58401 ns, At safepoint: 4600 ns, Total: 63001 ns
[3452.118s][info ][safepoint      ] Safepoint "Cleanup", Time since last: 23001580708 ns, Reaching safepoint: 55601 ns, At safepoint: 5700 ns, Total: 61301 ns
[3453.119s][info ][safepoint      ] Safepoint "Cleanup", Time since last: 1000109030 ns, Reaching safepoint: 49402 ns, At safepoint: 3600 ns, Total: 53002 ns
[3454.119s][info ][safepoint      ] Safepoint "Cleanup", Time since last: 1000116330 ns, Reaching safepoint: 75002 ns, At safepoint: 11400 ns, Total: 86402 ns
[3456.119s][info ][safepoint      ] Safepoint "Cleanup", Time since last: 2000153356 ns, Reaching safepoint: 47901 ns, At safepoint: 4400 ns, Total: 52301 ns
[3457.119s][info ][safepoint      ] Safepoint "Cleanup", Time since last: 1000115729 ns, Reaching safepoint: 51501 ns, At safepoint: 3400 ns, Total: 54901 ns
[3460.119s][info ][safepoint      ] Safepoint "Cleanup", Time since last: 3000220079 ns, Reaching safepoint: 49502 ns, At safepoint: 5900 ns, Total: 55402 ns
[3462.120s][info ][safepoint      ] Safepoint "Cleanup", Time since last: 2000160550 ns, Reaching safepoint: 63602 ns, At safepoint: 16200 ns, Total: 79802 ns
[3465.120s][info ][safepoint      ] Safepoint "Cleanup", Time since last: 3000184671 ns, Reaching safepoint: 52502 ns, At safepoint: 3700 ns, Total: 56202 ns
[3467.120s][info ][safepoint      ] Safepoint "Cleanup", Time since last: 2000205747 ns, Reaching safepoint: 59301 ns, At safepoint: 8301 ns, Total: 67602 ns
[3468.120s][info ][safepoint      ] Safepoint "Cleanup", Time since last: 1000122723 ns, Reaching safepoint: 62902 ns, At safepoint: 9400 ns, Total: 72302 ns
[3469.121s][info ][safepoint      ] Safepoint "Cleanup", Time since last: 1000107622 ns, Reaching safepoint: 56002 ns, At safepoint: 6200 ns, Total: 62202 ns
[3470.121s][info ][safepoint      ] Safepoint "Cleanup", Time since last: 1000107822 ns, Reaching safepoint: 45901 ns, At safepoint: 3200 ns, Total: 49101 ns
[3472.927s][info ][gc,start       ] GC(255) Pause Young (Allocation Failure)
[3472.936s][debug][gc,phases      ] GC(255) Scavenge 8.279ms
[3472.936s][debug][gc,ref         ] GC(255) Skipped phase 1 of Reference Processing: no references
[3472.936s][debug][gc,ref         ] GC(255) ReferenceProcessor::execute queues: 1, RefProcThreadModel::Single, marks_oops_alive: false
[3472.936s][debug][gc,ref         ] GC(255) ReferenceProcessor::execute queues: 4, RefProcThreadModel::Multi, marks_oops_alive: true
[3472.936s][debug][gc,ref         ] GC(255) ReferenceProcessor::execute queues: 1, RefProcThreadModel::Single, marks_oops_alive: false
[3472.936s][debug][gc,phases      ] GC(255) Reference Processing 0.191ms
[3472.936s][debug][gc,phases      ] GC(255)   VM Weak                        Min:  0.0, Avg:  0.0, Max:  0.0, Diff:  0.0, Sum:  0.0, Workers: 4
[3472.936s][debug][gc,phases      ] GC(255)     Dead                           Min: 0, Avg:  0.0, Max: 0, Diff: 0, Sum: 0, Workers: 4
[3472.936s][debug][gc,phases      ] GC(255)     Total                          Min: 0, Avg: 181.5, Max: 406, Diff: 406, Sum: 726, Workers: 4
[3472.936s][debug][gc,phases      ] GC(255)   ObjectSynchronizer Weak        Min:  0.0, Avg:  0.0, Max:  0.0, Diff:  0.0, Sum:  0.0, Workers: 4
[3472.936s][debug][gc,phases      ] GC(255)     Dead                           Min: 0, Avg:  0.0, Max: 0, Diff: 0, Sum: 0, Workers: 4
[3472.936s][debug][gc,phases      ] GC(255)     Total                          Min: 0, Avg: 118.5, Max: 256, Diff: 256, Sum: 474, Workers: 4
[3472.936s][debug][gc,phases      ] GC(255)   JVMTI Tag Weak OopStorage      Min:  0.0, Avg:  0.0, Max:  0.0, Diff:  0.0, Sum:  0.0, Workers: 4
[3472.936s][debug][gc,phases      ] GC(255)     Dead                           Min: 0, Avg:  0.0, Max: 0, Diff: 0, Sum: 0, Workers: 4
[3472.936s][debug][gc,phases      ] GC(255)     Total                          Min: 0, Avg:  0.0, Max: 0, Diff: 0, Sum: 0, Workers: 4
[3472.936s][debug][gc,phases      ] GC(255)   StringTable Weak               Min:  0.1, Avg:  0.1, Max:  0.1, Diff:  0.0, Sum:  0.4, Workers: 4
[3472.936s][debug][gc,phases      ] GC(255)     Dead                           Min: 0, Avg:  0.0, Max: 0, Diff: 0, Sum: 0, Workers: 4
[3472.936s][debug][gc,phases      ] GC(255)     Total                          Min: 11520, Avg: 12218.8, Max: 12715, Diff: 1195, Sum: 48875, Workers: 4
[3472.936s][debug][gc,phases      ] GC(255)   ResolvedMethodTable Weak       Min:  0.0, Avg:  0.0, Max:  0.0, Diff:  0.0, Sum:  0.1, Workers: 4
[3472.936s][debug][gc,phases      ] GC(255)     Dead                           Min: 0, Avg:  0.2, Max: 1, Diff: 1, Sum: 1, Workers: 4
[3472.936s][debug][gc,phases      ] GC(255)     Total                          Min: 2046, Avg: 2191.2, Max: 2368, Diff: 322, Sum: 8765, Workers: 4
[3472.936s][debug][gc,phases      ] GC(255)   JNI Weak                       Min:  0.0, Avg:  0.0, Max:  0.0, Diff:  0.0, Sum:  0.0, Workers: 4
[3472.936s][debug][gc,phases      ] GC(255)     Dead                           Min: 0, Avg:  0.0, Max: 0, Diff: 0, Sum: 0, Workers: 4
[3472.936s][debug][gc,phases      ] GC(255)     Total                          Min: 0, Avg:  0.0, Max: 0, Diff: 0, Sum: 0, Workers: 4
[3472.936s][debug][gc,phases      ] GC(255)   StringDedup Table Weak         Min:  0.0, Avg:  0.0, Max:  0.0, Diff:  0.0, Sum:  0.0, Workers: 4
[3472.936s][debug][gc,phases      ] GC(255)     Dead                           Min: 0, Avg:  0.0, Max: 0, Diff: 0, Sum: 0, Workers: 4
[3472.936s][debug][gc,phases      ] GC(255)     Total                          Min: 0, Avg:  0.0, Max: 0, Diff: 0, Sum: 0, Workers: 4
[3472.936s][debug][gc,phases      ] GC(255)   StringDedup Requests0 Weak     Min:  0.0, Avg:  0.0, Max:  0.0, Diff:  0.0, Sum:  0.0, Workers: 4
[3472.936s][debug][gc,phases      ] GC(255)     Dead                           Min: 0, Avg:  0.0, Max: 0, Diff: 0, Sum: 0, Workers: 4
[3472.936s][debug][gc,phases      ] GC(255)     Total                          Min: 0, Avg:  0.0, Max: 0, Diff: 0, Sum: 0, Workers: 4
[3472.936s][debug][gc,phases      ] GC(255)   StringDedup Requests1 Weak     Min:  0.0, Avg:  0.0, Max:  0.0, Diff:  0.0, Sum:  0.0, Workers: 4
[3472.936s][debug][gc,phases      ] GC(255)     Dead                           Min: 0, Avg:  0.0, Max: 0, Diff: 0, Sum: 0, Workers: 4
[3472.936s][debug][gc,phases      ] GC(255)     Total                          Min: 0, Avg:  0.0, Max: 0, Diff: 0, Sum: 0, Workers: 4
[3472.936s][debug][gc,phases      ] GC(255)   Weak JFR Old Object Samples    Min:  0.0, Avg:  0.0, Max:  0.0, Diff:  0.0, Sum:  0.0, Workers: 4
[3472.936s][debug][gc,phases      ] GC(255)     Dead                           Min: 0, Avg:  0.0, Max: 0, Diff: 0, Sum: 0, Workers: 4
[3472.936s][debug][gc,phases      ] GC(255)     Total                          Min: 0, Avg:  0.0, Max: 0, Diff: 0, Sum: 0, Workers: 4
[3472.936s][debug][gc,phases      ] GC(255) Weak Processing 0.326ms
[3472.936s][debug][gc,age         ] GC(255) Desired survivor size 59768832 bytes, new threshold 15 (max threshold 15)
[3472.936s][info ][gc,heap        ] GC(255) PSYoungGen: 2003570K(2040320K)->40066K(2038784K) Eden: 1981952K(1981952K)->0K(1981952K) From: 21618K(58368K)->40066K(56832K)
[3472.936s][info ][gc,heap        ] GC(255) ParOldGen: 902120K(1048576K)->902168K(1048576K)
[3472.936s][info ][gc,metaspace   ] GC(255) Metaspace: 85657K(86528K)->85657K(86528K) NonClass: 73790K(74240K)->73790K(74240K) Class: 11867K(12288K)->11867K(12288K)
[3472.936s][info ][gc             ] GC(255) Pause Young (Allocation Failure) 2837M->920M(3015M) 8.927ms
[3472.936s][info ][gc,cpu         ] GC(255) User=0.03s Sys=0.00s Real=0.01s
[3472.936s][info ][safepoint      ] Safepoint "ParallelGCFailedAllocation", Time since last: 2806416476 ns, Reaching safepoint: 35701 ns, At safepoint: 9016532 ns, Total: 9052233 ns
[3478.937s][info ][safepoint      ] Safepoint "Cleanup", Time since last: 6000455809 ns, Reaching safepoint: 59502 ns, At safepoint: 8800 ns, Total: 68302 ns
[3479.937s][info ][safepoint      ] Safepoint "Cleanup", Time since last: 1000107118 ns, Reaching safepoint: 38801 ns, At safepoint: 3800 ns, Total: 42601 ns
[3480.937s][info ][safepoint      ] Safepoint "Cleanup", Time since last: 1000146218 ns, Reaching safepoint: 62001 ns, At safepoint: 6500 ns, Total: 68501 ns
[3481.937s][info ][safepoint      ] Safepoint "Cleanup", Time since last: 1000110617 ns, Reaching safepoint: 38901 ns, At safepoint: 8700 ns, Total: 47601 ns
[3485.938s][info ][safepoint      ] Safepoint "Cleanup", Time since last: 4000287858 ns, Reaching safepoint: 54701 ns, At safepoint: 3800 ns, Total: 58501 ns
[3499.939s][info ][safepoint      ] Safepoint "Cleanup", Time since last: 14001084346 ns, Reaching safepoint: 56902 ns, At safepoint: 21400 ns, Total: 78302 ns
[3509.940s][info ][safepoint      ] Safepoint "Cleanup", Time since last: 10000648648 ns, Reaching safepoint: 63002 ns, At safepoint: 15300 ns, Total: 78302 ns
[3510.940s][info ][safepoint      ] Safepoint "Cleanup", Time since last: 1000101603 ns, Reaching safepoint: 47502 ns, At safepoint: 4500 ns, Total: 52002 ns
[3522.941s][info ][safepoint      ] Safepoint "Cleanup", Time since last: 12000853596 ns, Reaching safepoint: 57701 ns, At safepoint: 13401 ns, Total: 71102 ns
[3529.631s][info ][safepoint      ] Safepoint "ParallelGCFailedAllocation", Time since last: 6689929990 ns, Reaching safepoint: 123903 ns, At safepoint: 17501 ns, Total: 141404 ns
[3529.631s][info ][gc,start       ] GC(256) Pause Young (GCLocker Initiated GC)
[3529.639s][debug][gc,phases      ] GC(256) Scavenge 7.665ms
[3529.639s][debug][gc,ref         ] GC(256) Skipped phase 1 of Reference Processing: no references
[3529.639s][debug][gc,ref         ] GC(256) ReferenceProcessor::execute queues: 1, RefProcThreadModel::Single, marks_oops_alive: false
[3529.639s][debug][gc,ref         ] GC(256) Skipped phase 3 of Reference Processing: no references
[3529.639s][debug][gc,ref         ] GC(256) ReferenceProcessor::execute queues: 1, RefProcThreadModel::Single, marks_oops_alive: false
[3529.639s][debug][gc,phases      ] GC(256) Reference Processing 0.147ms
[3529.639s][debug][gc,phases      ] GC(256)   VM Weak                        Min:  0.0, Avg:  0.0, Max:  0.0, Diff:  0.0, Sum:  0.0, Workers: 4
[3529.639s][debug][gc,phases      ] GC(256)     Dead                           Min: 0, Avg:  0.0, Max: 0, Diff: 0, Sum: 0, Workers: 4
[3529.639s][debug][gc,phases      ] GC(256)     Total                          Min: 0, Avg: 181.5, Max: 534, Diff: 534, Sum: 726, Workers: 4
[3529.639s][debug][gc,phases      ] GC(256)   ObjectSynchronizer Weak        Min:  0.0, Avg:  0.0, Max:  0.0, Diff:  0.0, Sum:  0.0, Workers: 4
[3529.639s][debug][gc,phases      ] GC(256)     Dead                           Min: 0, Avg:  0.0, Max: 0, Diff: 0, Sum: 0, Workers: 4
[3529.639s][debug][gc,phases      ] GC(256)     Total                          Min: 0, Avg: 118.5, Max: 192, Diff: 192, Sum: 474, Workers: 4
[3529.639s][debug][gc,phases      ] GC(256)   JVMTI Tag Weak OopStorage      Min:  0.0, Avg:  0.0, Max:  0.0, Diff:  0.0, Sum:  0.0, Workers: 4
[3529.639s][debug][gc,phases      ] GC(256)     Dead                           Min: 0, Avg:  0.0, Max: 0, Diff: 0, Sum: 0, Workers: 4
[3529.639s][debug][gc,phases      ] GC(256)     Total                          Min: 0, Avg:  0.0, Max: 0, Diff: 0, Sum: 0, Workers: 4
[3529.639s][debug][gc,phases      ] GC(256)   StringTable Weak               Min:  0.1, Avg:  0.1, Max:  0.1, Diff:  0.0, Sum:  0.5, Workers: 4
[3529.639s][debug][gc,phases      ] GC(256)     Dead                           Min: 0, Avg:  0.2, Max: 1, Diff: 1, Sum: 1, Workers: 4
[3529.639s][debug][gc,phases      ] GC(256)     Total                          Min: 11584, Avg: 12220.8, Max: 12480, Diff: 896, Sum: 48883, Workers: 4
[3529.639s][debug][gc,phases      ] GC(256)   ResolvedMethodTable Weak       Min:  0.0, Avg:  0.0, Max:  0.0, Diff:  0.0, Sum:  0.1, Workers: 4
[3529.639s][debug][gc,phases      ] GC(256)     Dead                           Min: 0, Avg:  1.2, Max: 3, Diff: 3, Sum: 5, Workers: 4
[3529.639s][debug][gc,phases      ] GC(256)     Total                          Min: 2112, Avg: 2193.8, Max: 2311, Diff: 199, Sum: 8775, Workers: 4
[3529.639s][debug][gc,phases      ] GC(256)   JNI Weak                       Min:  0.0, Avg:  0.0, Max:  0.0, Diff:  0.0, Sum:  0.0, Workers: 4
[3529.639s][debug][gc,phases      ] GC(256)     Dead                           Min: 0, Avg:  0.0, Max: 0, Diff: 0, Sum: 0, Workers: 4
[3529.639s][debug][gc,phases      ] GC(256)     Total                          Min: 0, Avg:  0.0, Max: 0, Diff: 0, Sum: 0, Workers: 4
[3529.639s][debug][gc,phases      ] GC(256)   StringDedup Table Weak         Min:  0.0, Avg:  0.0, Max:  0.0, Diff:  0.0, Sum:  0.0, Workers: 4
[3529.639s][debug][gc,phases      ] GC(256)     Dead                           Min: 0, Avg:  0.0, Max: 0, Diff: 0, Sum: 0, Workers: 4
[3529.639s][debug][gc,phases      ] GC(256)     Total                          Min: 0, Avg:  0.0, Max: 0, Diff: 0, Sum: 0, Workers: 4
[3529.639s][debug][gc,phases      ] GC(256)   StringDedup Requests0 Weak     Min:  0.0, Avg:  0.0, Max:  0.0, Diff:  0.0, Sum:  0.0, Workers: 4
[3529.639s][debug][gc,phases      ] GC(256)     Dead                           Min: 0, Avg:  0.0, Max: 0, Diff: 0, Sum: 0, Workers: 4
[3529.639s][debug][gc,phases      ] GC(256)     Total                          Min: 0, Avg:  0.0, Max: 0, Diff: 0, Sum: 0, Workers: 4
[3529.639s][debug][gc,phases      ] GC(256)   StringDedup Requests1 Weak     Min:  0.0, Avg:  0.0, Max:  0.0, Diff:  0.0, Sum:  0.0, Workers: 4
[3529.639s][debug][gc,phases      ] GC(256)     Dead                           Min: 0, Avg:  0.0, Max: 0, Diff: 0, Sum: 0, Workers: 4
[3529.639s][debug][gc,phases      ] GC(256)     Total                          Min: 0, Avg:  0.0, Max: 0, Diff: 0, Sum: 0, Workers: 4
[3529.639s][debug][gc,phases      ] GC(256)   Weak JFR Old Object Samples    Min:  0.0, Avg:  0.0, Max:  0.0, Diff:  0.0, Sum:  0.0, Workers: 4
[3529.639s][debug][gc,phases      ] GC(256)     Dead                           Min: 0, Avg:  0.0, Max: 0, Diff: 0, Sum: 0, Workers: 4
[3529.639s][debug][gc,phases      ] GC(256)     Total                          Min: 0, Avg:  0.0, Max: 0, Diff: 0, Sum: 0, Workers: 4
[3529.639s][debug][gc,phases      ] GC(256) Weak Processing 0.398ms
[3529.639s][debug][gc,age         ] GC(256) Desired survivor size 60817408 bytes, new threshold 15 (max threshold 15)
[3529.639s][info ][gc,heap        ] GC(256) PSYoungGen: 2022018K(2038784K)->39389K(2036736K) Eden: 1981952K(1981952K)->0K(1978368K) From: 40066K(56832K)->39389K(58368K)
[3529.639s][info ][gc,heap        ] GC(256) ParOldGen: 902213K(1048576K)->902237K(1048576K)
[3529.639s][info ][gc,metaspace   ] GC(256) Metaspace: 85682K(86592K)->85682K(86592K) NonClass: 73811K(74304K)->73811K(74304K) Class: 11871K(12288K)->11871K(12288K)
[3529.639s][info ][gc             ] GC(256) Pause Young (GCLocker Initiated GC) 2855M->919M(3013M) 8.345ms
[3529.639s][info ][gc,cpu         ] GC(256) User=0.03s Sys=0.00s Real=0.01s
[3529.639s][info ][safepoint      ] Safepoint "ParallelGCSystemGC", Time since last: 81502 ns, Reaching safepoint: 97202 ns, At safepoint: 8421817 ns, Total: 8519019 ns
[3531.639s][info ][safepoint      ] Safepoint "Cleanup", Time since last: 2000148088 ns, Reaching safepoint: 53901 ns, At safepoint: 5400 ns, Total: 59301 ns
[3532.640s][info ][safepoint      ] Safepoint "Cleanup", Time since last: 1000118095 ns, Reaching safepoint: 53201 ns, At safepoint: 5700 ns, Total: 58901 ns
[3533.640s][info ][safepoint      ] Safepoint "Cleanup", Time since last: 1000132894 ns, Reaching safepoint: 50902 ns, At safepoint: 3500 ns, Total: 54402 ns
[3540.640s][info ][safepoint      ] Safepoint "Cleanup", Time since last: 7000483138 ns, Reaching safepoint: 56001 ns, At safepoint: 8200 ns, Total: 64201 ns
[3542.641s][info ][safepoint      ] Safepoint "Cleanup", Time since last: 2000163279 ns, Reaching safepoint: 66802 ns, At safepoint: 8200 ns, Total: 75002 ns
[3543.641s][info ][safepoint      ] Safepoint "Cleanup", Time since last: 1000115090 ns, Reaching safepoint: 66802 ns, At safepoint: 9300 ns, Total: 76102 ns
[3546.641s][info ][safepoint      ] Safepoint "Cleanup", Time since last: 3000238864 ns, Reaching safepoint: 52202 ns, At safepoint: 6500 ns, Total: 58702 ns
[3557.642s][info ][safepoint      ] Safepoint "Cleanup", Time since last: 11000751635 ns, Reaching safepoint: 64901 ns, At safepoint: 7701 ns, Total: 72602 ns
[3562.642s][info ][safepoint      ] Safepoint "Cleanup", Time since last: 5000339708 ns, Reaching safepoint: 56702 ns, At safepoint: 30201 ns, Total: 86903 ns
[3565.643s][info ][safepoint      ] Safepoint "Cleanup", Time since last: 3000209340 ns, Reaching safepoint: 46802 ns, At safepoint: 5000 ns, Total: 51802 ns
[3567.643s][info ][safepoint      ] Safepoint "Cleanup", Time since last: 2000173859 ns, Reaching safepoint: 57602 ns, At safepoint: 10800 ns, Total: 68402 ns
[3568.643s][info ][safepoint      ] Safepoint "Cleanup", Time since last: 1000110980 ns, Reaching safepoint: 76702 ns, At safepoint: 10600 ns, Total: 87302 ns
[3570.643s][info ][safepoint      ] Safepoint "Cleanup", Time since last: 2000174557 ns, Reaching safepoint: 51501 ns, At safepoint: 7000 ns, Total: 58501 ns
[3571.643s][info ][safepoint      ] Safepoint "Cleanup", Time since last: 1000112479 ns, Reaching safepoint: 56901 ns, At safepoint: 6601 ns, Total: 63502 ns
[3578.644s][info ][safepoint      ] Safepoint "Cleanup", Time since last: 7000614035 ns, Reaching safepoint: 35600 ns, At safepoint: 4101 ns, Total: 39701 ns
[3587.068s][info ][gc,start       ] GC(257) Pause Young (Allocation Failure)
[3587.077s][debug][gc,phases      ] GC(257) Scavenge 9.074ms
[3587.077s][debug][gc,ref         ] GC(257) Skipped phase 1 of Reference Processing: no references
[3587.077s][debug][gc,ref         ] GC(257) ReferenceProcessor::execute queues: 1, RefProcThreadModel::Single, marks_oops_alive: false
[3587.077s][debug][gc,ref         ] GC(257) Skipped phase 3 of Reference Processing: no references
[3587.077s][debug][gc,ref         ] GC(257) ReferenceProcessor::execute queues: 1, RefProcThreadModel::Single, marks_oops_alive: false
[3587.077s][debug][gc,phases      ] GC(257) Reference Processing 0.139ms
[3587.077s][debug][gc,phases      ] GC(257)   VM Weak                        Min:  0.0, Avg:  0.0, Max:  0.0, Diff:  0.0, Sum:  0.0, Workers: 4
[3587.077s][debug][gc,phases      ] GC(257)     Dead                           Min: 0, Avg:  0.0, Max: 0, Diff: 0, Sum: 0, Workers: 4
[3587.077s][debug][gc,phases      ] GC(257)     Total                          Min: 0, Avg: 181.5, Max: 406, Diff: 406, Sum: 726, Workers: 4
[3587.077s][debug][gc,phases      ] GC(257)   ObjectSynchronizer Weak        Min:  0.0, Avg:  0.0, Max:  0.0, Diff:  0.0, Sum:  0.0, Workers: 4
[3587.077s][debug][gc,phases      ] GC(257)     Dead                           Min: 0, Avg:  0.0, Max: 0, Diff: 0, Sum: 0, Workers: 4
[3587.077s][debug][gc,phases      ] GC(257)     Total                          Min: 0, Avg: 118.5, Max: 192, Diff: 192, Sum: 474, Workers: 4
[3587.077s][debug][gc,phases      ] GC(257)   JVMTI Tag Weak OopStorage      Min:  0.0, Avg:  0.0, Max:  0.0, Diff:  0.0, Sum:  0.0, Workers: 4
[3587.077s][debug][gc,phases      ] GC(257)     Dead                           Min: 0, Avg:  0.0, Max: 0, Diff: 0, Sum: 0, Workers: 4
[3587.077s][debug][gc,phases      ] GC(257)     Total                          Min: 0, Avg:  0.0, Max: 0, Diff: 0, Sum: 0, Workers: 4
[3587.077s][debug][gc,phases      ] GC(257)   StringTable Weak               Min:  0.1, Avg:  0.1, Max:  0.1, Diff:  0.0, Sum:  0.4, Workers: 4
[3587.077s][debug][gc,phases      ] GC(257)     Dead                           Min: 0, Avg:  0.0, Max: 0, Diff: 0, Sum: 0, Workers: 4
[3587.077s][debug][gc,phases      ] GC(257)     Total                          Min: 11637, Avg: 12221.2, Max: 12736, Diff: 1099, Sum: 48885, Workers: 4
[3587.077s][debug][gc,phases      ] GC(257)   ResolvedMethodTable Weak       Min:  0.0, Avg:  0.0, Max:  0.0, Diff:  0.0, Sum:  0.1, Workers: 4
[3587.077s][debug][gc,phases      ] GC(257)     Dead                           Min: 0, Avg:  0.0, Max: 0, Diff: 0, Sum: 0, Workers: 4
[3587.077s][debug][gc,phases      ] GC(257)     Total                          Min: 1856, Avg: 2193.8, Max: 2567, Diff: 711, Sum: 8775, Workers: 4
[3587.077s][debug][gc,phases      ] GC(257)   JNI Weak                       Min:  0.0, Avg:  0.0, Max:  0.0, Diff:  0.0, Sum:  0.0, Workers: 4
[3587.077s][debug][gc,phases      ] GC(257)     Dead                           Min: 0, Avg:  0.0, Max: 0, Diff: 0, Sum: 0, Workers: 4
[3587.077s][debug][gc,phases      ] GC(257)     Total                          Min: 0, Avg:  0.0, Max: 0, Diff: 0, Sum: 0, Workers: 4
[3587.077s][debug][gc,phases      ] GC(257)   StringDedup Table Weak         Min:  0.0, Avg:  0.0, Max:  0.0, Diff:  0.0, Sum:  0.0, Workers: 4
[3587.077s][debug][gc,phases      ] GC(257)     Dead                           Min: 0, Avg:  0.0, Max: 0, Diff: 0, Sum: 0, Workers: 4
[3587.077s][debug][gc,phases      ] GC(257)     Total                          Min: 0, Avg:  0.0, Max: 0, Diff: 0, Sum: 0, Workers: 4
[3587.077s][debug][gc,phases      ] GC(257)   StringDedup Requests0 Weak     Min:  0.0, Avg:  0.0, Max:  0.0, Diff:  0.0, Sum:  0.0, Workers: 4
[3587.077s][debug][gc,phases      ] GC(257)     Dead                           Min: 0, Avg:  0.0, Max: 0, Diff: 0, Sum: 0, Workers: 4
[3587.077s][debug][gc,phases      ] GC(257)     Total                          Min: 0, Avg:  0.0, Max: 0, Diff: 0, Sum: 0, Workers: 4
[3587.077s][debug][gc,phases      ] GC(257)   StringDedup Requests1 Weak     Min:  0.0, Avg:  0.0, Max:  0.0, Diff:  0.0, Sum:  0.0, Workers: 4
[3587.077s][debug][gc,phases      ] GC(257)     Dead                           Min: 0, Avg:  0.0, Max: 0, Diff: 0, Sum: 0, Workers: 4
[3587.077s][debug][gc,phases      ] GC(257)     Total                          Min: 0, Avg:  0.0, Max: 0, Diff: 0, Sum: 0, Workers: 4
[3587.077s][debug][gc,phases      ] GC(257)   Weak JFR Old Object Samples    Min:  0.0, Avg:  0.0, Max:  0.0, Diff:  0.0, Sum:  0.0, Workers: 4
[3587.077s][debug][gc,phases      ] GC(257)     Dead                           Min: 0, Avg:  0.0, Max: 0, Diff: 0, Sum: 0, Workers: 4
[3587.077s][debug][gc,phases      ] GC(257)     Total                          Min: 0, Avg:  0.0, Max: 0, Diff: 0, Sum: 0, Workers: 4
[3587.077s][debug][gc,phases      ] GC(257) Weak Processing 0.329ms
[3587.077s][debug][gc,age         ] GC(257) Desired survivor size 61865984 bytes, new threshold 15 (max threshold 15)
[3587.077s][info ][gc,heap        ] GC(257) PSYoungGen: 2017757K(2036736K)->40453K(2019328K) Eden: 1978368K(1978368K)->0K(1978368K) From: 39389K(58368K)->40453K(40960K)
[3587.077s][info ][gc,heap        ] GC(257) ParOldGen: 902239K(1048576K)->902263K(1048576K)
[3587.077s][info ][gc,metaspace   ] GC(257) Metaspace: 85701K(86656K)->85701K(86656K) NonClass: 73830K(74368K)->73830K(74368K) Class: 11871K(12288K)->11871K(12288K)
[3587.077s][info ][gc             ] GC(257) Pause Young (Allocation Failure) 2851M->920M(2996M) 9.698ms
[3587.077s][info ][gc,cpu         ] GC(257) User=0.03s Sys=0.00s Real=0.01s
[3587.077s][info ][safepoint      ] Safepoint "ParallelGCFailedAllocation", Time since last: 8423337737 ns, Reaching safepoint: 40101 ns, At safepoint: 9789751 ns, Total: 9829852 ns
[3588.078s][info ][safepoint      ] Safepoint "Cleanup", Time since last: 1000085972 ns, Reaching safepoint: 126903 ns, At safepoint: 6200 ns, Total: 133103 ns
[3593.078s][info ][safepoint      ] Safepoint "Cleanup", Time since last: 5000444554 ns, Reaching safepoint: 121503 ns, At safepoint: 36401 ns, Total: 157904 ns
[3594.078s][info ][safepoint      ] Safepoint "Cleanup", Time since last: 1000099769 ns, Reaching safepoint: 117403 ns, At safepoint: 7601 ns, Total: 125004 ns
[3599.079s][info ][safepoint      ] Safepoint "Cleanup", Time since last: 5000372940 ns, Reaching safepoint: 118203 ns, At safepoint: 13000 ns, Total: 131203 ns
[3600.079s][info ][safepoint      ] Safepoint "Cleanup", Time since last: 1000125368 ns, Reaching safepoint: 126404 ns, At safepoint: 14900 ns, Total: 141304 ns
[3601.079s][info ][safepoint      ] Safepoint "Cleanup", Time since last: 1000142668 ns, Reaching safepoint: 169905 ns, At safepoint: 14900 ns, Total: 184805 ns
[3605.080s][info ][safepoint      ] Safepoint "Cleanup", Time since last: 4000371464 ns, Reaching safepoint: 119403 ns, At safepoint: 5701 ns, Total: 125104 ns
[3607.080s][info ][safepoint      ] Safepoint "Cleanup", Time since last: 2000196030 ns, Reaching safepoint: 137403 ns, At safepoint: 14601 ns, Total: 152004 ns
[3609.081s][info ][safepoint      ] Safepoint "Cleanup", Time since last: 2000198729 ns, Reaching safepoint: 134503 ns, At safepoint: 13301 ns, Total: 147804 ns
[3610.081s][info ][safepoint      ] Safepoint "Cleanup", Time since last: 1000118164 ns, Reaching safepoint: 133603 ns, At safepoint: 6801 ns, Total: 140404 ns
[3612.081s][info ][safepoint      ] Safepoint "Cleanup", Time since last: 2000219027 ns, Reaching safepoint: 129703 ns, At safepoint: 8200 ns, Total: 137903 ns
[3644.084s][info ][safepoint      ] Safepoint "Cleanup", Time since last: 32002380317 ns, Reaching safepoint: 60902 ns, At safepoint: 3300 ns, Total: 64202 ns
[3647.932s][info ][gc,start       ] GC(258) Pause Young (Allocation Failure)
[3647.939s][debug][gc,phases      ] GC(258) Scavenge 7.492ms
[3647.939s][debug][gc,ref         ] GC(258) Skipped phase 1 of Reference Processing: no references
[3647.940s][debug][gc,ref         ] GC(258) ReferenceProcessor::execute queues: 1, RefProcThreadModel::Single, marks_oops_alive: false
[3647.940s][debug][gc,ref         ] GC(258) Skipped phase 3 of Reference Processing: no references
[3647.940s][debug][gc,ref         ] GC(258) ReferenceProcessor::execute queues: 1, RefProcThreadModel::Single, marks_oops_alive: false
[3647.940s][debug][gc,phases      ] GC(258) Reference Processing 0.232ms
[3647.940s][debug][gc,phases      ] GC(258)   VM Weak                        Min:  0.0, Avg:  0.0, Max:  0.0, Diff:  0.0, Sum:  0.0, Workers: 4
[3647.940s][debug][gc,phases      ] GC(258)     Dead                           Min: 0, Avg:  0.0, Max: 0, Diff: 0, Sum: 0, Workers: 4
[3647.940s][debug][gc,phases      ] GC(258)     Total                          Min: 0, Avg: 181.5, Max: 662, Diff: 662, Sum: 726, Workers: 4
[3647.940s][debug][gc,phases      ] GC(258)   ObjectSynchronizer Weak        Min:  0.0, Avg:  0.0, Max:  0.0, Diff:  0.0, Sum:  0.0, Workers: 4
[3647.940s][debug][gc,phases      ] GC(258)     Dead                           Min: 0, Avg:  0.0, Max: 0, Diff: 0, Sum: 0, Workers: 4
[3647.940s][debug][gc,phases      ] GC(258)     Total                          Min: 0, Avg: 118.5, Max: 282, Diff: 282, Sum: 474, Workers: 4
[3647.940s][debug][gc,phases      ] GC(258)   JVMTI Tag Weak OopStorage      Min:  0.0, Avg:  0.0, Max:  0.0, Diff:  0.0, Sum:  0.0, Workers: 4
[3647.940s][debug][gc,phases      ] GC(258)     Dead                           Min: 0, Avg:  0.0, Max: 0, Diff: 0, Sum: 0, Workers: 4
[3647.940s][debug][gc,phases      ] GC(258)     Total                          Min: 0, Avg:  0.0, Max: 0, Diff: 0, Sum: 0, Workers: 4
[3647.940s][debug][gc,phases      ] GC(258)   StringTable Weak               Min:  0.1, Avg:  0.1, Max:  0.1, Diff:  0.0, Sum:  0.4, Workers: 4
[3647.940s][debug][gc,phases      ] GC(258)     Dead                           Min: 0, Avg:  0.0, Max: 0, Diff: 0, Sum: 0, Workers: 4
[3647.940s][debug][gc,phases      ] GC(258)     Total                          Min: 11712, Avg: 12221.2, Max: 13504, Diff: 1792, Sum: 48885, Workers: 4
[3647.940s][debug][gc,phases      ] GC(258)   ResolvedMethodTable Weak       Min:  0.0, Avg:  0.0, Max:  0.0, Diff:  0.0, Sum:  0.1, Workers: 4
[3647.940s][debug][gc,phases      ] GC(258)     Dead                           Min: 0, Avg:  0.0, Max: 0, Diff: 0, Sum: 0, Workers: 4
[3647.940s][debug][gc,phases      ] GC(258)     Total                          Min: 1984, Avg: 2193.8, Max: 2432, Diff: 448, Sum: 8775, Workers: 4
[3647.940s][debug][gc,phases      ] GC(258)   JNI Weak                       Min:  0.0, Avg:  0.0, Max:  0.0, Diff:  0.0, Sum:  0.0, Workers: 4
[3647.940s][debug][gc,phases      ] GC(258)     Dead                           Min: 0, Avg:  0.0, Max: 0, Diff: 0, Sum: 0, Workers: 4
[3647.940s][debug][gc,phases      ] GC(258)     Total                          Min: 0, Avg:  0.0, Max: 0, Diff: 0, Sum: 0, Workers: 4
[3647.940s][debug][gc,phases      ] GC(258)   StringDedup Table Weak         Min:  0.0, Avg:  0.0, Max:  0.0, Diff:  0.0, Sum:  0.0, Workers: 4
[3647.940s][debug][gc,phases      ] GC(258)     Dead                           Min: 0, Avg:  0.0, Max: 0, Diff: 0, Sum: 0, Workers: 4
[3647.940s][debug][gc,phases      ] GC(258)     Total                          Min: 0, Avg:  0.0, Max: 0, Diff: 0, Sum: 0, Workers: 4
[3647.940s][debug][gc,phases      ] GC(258)   StringDedup Requests0 Weak     Min:  0.0, Avg:  0.0, Max:  0.0, Diff:  0.0, Sum:  0.0, Workers: 4
[3647.940s][debug][gc,phases      ] GC(258)     Dead                           Min: 0, Avg:  0.0, Max: 0, Diff: 0, Sum: 0, Workers: 4
[3647.940s][debug][gc,phases      ] GC(258)     Total                          Min: 0, Avg:  0.0, Max: 0, Diff: 0, Sum: 0, Workers: 4
[3647.940s][debug][gc,phases      ] GC(258)   StringDedup Requests1 Weak     Min:  0.0, Avg:  0.0, Max:  0.0, Diff:  0.0, Sum:  0.0, Workers: 4
[3647.940s][debug][gc,phases      ] GC(258)     Dead                           Min: 0, Avg:  0.0, Max: 0, Diff: 0, Sum: 0, Workers: 4
[3647.940s][debug][gc,phases      ] GC(258)     Total                          Min: 0, Avg:  0.0, Max: 0, Diff: 0, Sum: 0, Workers: 4
[3647.940s][debug][gc,phases      ] GC(258)   Weak JFR Old Object Samples    Min:  0.0, Avg:  0.0, Max:  0.0, Diff:  0.0, Sum:  0.0, Workers: 4
[3647.940s][debug][gc,phases      ] GC(258)     Dead                           Min: 0, Avg:  0.0, Max: 0, Diff: 0, Sum: 0, Workers: 4
[3647.940s][debug][gc,phases      ] GC(258)     Total                          Min: 0, Avg:  0.0, Max: 0, Diff: 0, Sum: 0, Workers: 4
[3647.940s][debug][gc,phases      ] GC(258) Weak Processing 0.329ms
[3647.940s][debug][gc,age         ] GC(258) Desired survivor size 61865984 bytes, new threshold 15 (max threshold 15)
[3647.940s][info ][gc,heap        ] GC(258) PSYoungGen: 2018821K(2019328K)->40018K(2036736K) Eden: 1978368K(1978368K)->0K(1976320K) From: 40453K(40960K)->40018K(60416K)
[3647.940s][info ][gc,heap        ] GC(258) ParOldGen: 902263K(1048576K)->902279K(1048576K)
[3647.940s][info ][gc,metaspace   ] GC(258) Metaspace: 85716K(86656K)->85716K(86656K) NonClass: 73845K(74368K)->73845K(74368K) Class: 11871K(12288K)->11871K(12288K)
[3647.940s][info ][gc             ] GC(258) Pause Young (Allocation Failure) 2852M->920M(3013M) 8.203ms
[3647.940s][info ][gc,cpu         ] GC(258) User=0.03s Sys=0.00s Real=0.01s
[3647.940s][info ][safepoint      ] Safepoint "ParallelGCFailedAllocation", Time since last: 3848057198 ns, Reaching safepoint: 54301 ns, At safepoint: 8294313 ns, Total: 8348614 ns
[3651.940s][info ][safepoint      ] Safepoint "Cleanup", Time since last: 4000294097 ns, Reaching safepoint: 54502 ns, At safepoint: 11400 ns, Total: 65902 ns
[3655.941s][info ][safepoint      ] Safepoint "Cleanup", Time since last: 4000323393 ns, Reaching safepoint: 50301 ns, At safepoint: 4000 ns, Total: 54301 ns
[3657.483s][info ][safepoint      ] Safepoint "Cleanup", Time since last: 1542300253 ns, Reaching safepoint: 71402 ns, At safepoint: 6800 ns, Total: 78202 ns
[3658.483s][info ][safepoint      ] Safepoint "Cleanup", Time since last: 1000130448 ns, Reaching safepoint: 56801 ns, At safepoint: 10101 ns, Total: 66902 ns
[3659.484s][info ][safepoint      ] Safepoint "Cleanup", Time since last: 1000106447 ns, Reaching safepoint: 50801 ns, At safepoint: 3800 ns, Total: 54601 ns
[3662.484s][info ][safepoint      ] Safepoint "Cleanup", Time since last: 3000302839 ns, Reaching safepoint: 55302 ns, At safepoint: 4300 ns, Total: 59602 ns
[3666.484s][info ][safepoint      ] Safepoint "Cleanup", Time since last: 4000302078 ns, Reaching safepoint: 58802 ns, At safepoint: 5900 ns, Total: 64702 ns
[3668.485s][info ][safepoint      ] Safepoint "Cleanup", Time since last: 2000215989 ns, Reaching safepoint: 60301 ns, At safepoint: 9101 ns, Total: 69402 ns
[3675.485s][info ][safepoint      ] Safepoint "Cleanup", Time since last: 7000524195 ns, Reaching safepoint: 60802 ns, At safepoint: 13600 ns, Total: 74402 ns
[3677.486s][info ][safepoint      ] Safepoint "Cleanup", Time since last: 2000184582 ns, Reaching safepoint: 130904 ns, At safepoint: 6000 ns, Total: 136904 ns
[3681.486s][info ][safepoint      ] Safepoint "Cleanup", Time since last: 4000356461 ns, Reaching safepoint: 52101 ns, At safepoint: 29801 ns, Total: 81902 ns
[3684.486s][info ][safepoint      ] Safepoint "Cleanup", Time since last: 3000261717 ns, Reaching safepoint: 55301 ns, At safepoint: 5700 ns, Total: 61001 ns
[3695.487s][info ][safepoint      ] Safepoint "Cleanup", Time since last: 11000769001 ns, Reaching safepoint: 55602 ns, At safepoint: 10300 ns, Total: 65902 ns
[3699.488s][info ][safepoint      ] Safepoint "Cleanup", Time since last: 4000337738 ns, Reaching safepoint: 63202 ns, At safepoint: 8800 ns, Total: 72002 ns
[3710.488s][info ][safepoint      ] Safepoint "Cleanup", Time since last: 11000874253 ns, Reaching safepoint: 66902 ns, At safepoint: 5700 ns, Total: 72602 ns
[3712.814s][info ][gc,start       ] GC(259) Pause Young (Allocation Failure)
[3712.822s][debug][gc,phases      ] GC(259) Scavenge 7.363ms
[3712.822s][debug][gc,ref         ] GC(259) Skipped phase 1 of Reference Processing: no references
[3712.822s][debug][gc,ref         ] GC(259) ReferenceProcessor::execute queues: 1, RefProcThreadModel::Single, marks_oops_alive: false
[3712.822s][debug][gc,ref         ] GC(259) Skipped phase 3 of Reference Processing: no references
[3712.822s][debug][gc,ref         ] GC(259) ReferenceProcessor::execute queues: 1, RefProcThreadModel::Single, marks_oops_alive: false
[3712.822s][debug][gc,phases      ] GC(259) Reference Processing 0.147ms
[3712.822s][debug][gc,phases      ] GC(259)   VM Weak                        Min:  0.0, Avg:  0.0, Max:  0.0, Diff:  0.0, Sum:  0.0, Workers: 4
[3712.822s][debug][gc,phases      ] GC(259)     Dead                           Min: 0, Avg:  0.0, Max: 0, Diff: 0, Sum: 0, Workers: 4
[3712.822s][debug][gc,phases      ] GC(259)     Total                          Min: 0, Avg: 181.5, Max: 598, Diff: 598, Sum: 726, Workers: 4
[3712.822s][debug][gc,phases      ] GC(259)   ObjectSynchronizer Weak        Min:  0.0, Avg:  0.0, Max:  0.0, Diff:  0.0, Sum:  0.0, Workers: 4
[3712.822s][debug][gc,phases      ] GC(259)     Dead                           Min: 0, Avg:  0.0, Max: 0, Diff: 0, Sum: 0, Workers: 4
[3712.822s][debug][gc,phases      ] GC(259)     Total                          Min: 0, Avg: 118.5, Max: 256, Diff: 256, Sum: 474, Workers: 4
[3712.822s][debug][gc,phases      ] GC(259)   JVMTI Tag Weak OopStorage      Min:  0.0, Avg:  0.0, Max:  0.0, Diff:  0.0, Sum:  0.0, Workers: 4
[3712.822s][debug][gc,phases      ] GC(259)     Dead                           Min: 0, Avg:  0.0, Max: 0, Diff: 0, Sum: 0, Workers: 4
[3712.822s][debug][gc,phases      ] GC(259)     Total                          Min: 0, Avg:  0.0, Max: 0, Diff: 0, Sum: 0, Workers: 4
[3712.822s][debug][gc,phases      ] GC(259)   StringTable Weak               Min:  0.1, Avg:  0.1, Max:  0.1, Diff:  0.0, Sum:  0.5, Workers: 4
[3712.822s][debug][gc,phases      ] GC(259)     Dead                           Min: 0, Avg:  0.0, Max: 0, Diff: 0, Sum: 0, Workers: 4
[3712.822s][debug][gc,phases      ] GC(259)     Total                          Min: 11584, Avg: 12222.0, Max: 12928, Diff: 1344, Sum: 48888, Workers: 4
[3712.822s][debug][gc,phases      ] GC(259)   ResolvedMethodTable Weak       Min:  0.0, Avg:  0.0, Max:  0.0, Diff:  0.0, Sum:  0.1, Workers: 4
[3712.822s][debug][gc,phases      ] GC(259)     Dead                           Min: 0, Avg:  0.0, Max: 0, Diff: 0, Sum: 0, Workers: 4
[3712.822s][debug][gc,phases      ] GC(259)     Total                          Min: 1984, Avg: 2194.2, Max: 2313, Diff: 329, Sum: 8777, Workers: 4
[3712.822s][debug][gc,phases      ] GC(259)   JNI Weak                       Min:  0.0, Avg:  0.0, Max:  0.0, Diff:  0.0, Sum:  0.0, Workers: 4
[3712.822s][debug][gc,phases      ] GC(259)     Dead                           Min: 0, Avg:  0.0, Max: 0, Diff: 0, Sum: 0, Workers: 4
[3712.822s][debug][gc,phases      ] GC(259)     Total                          Min: 0, Avg:  0.0, Max: 0, Diff: 0, Sum: 0, Workers: 4
[3712.822s][debug][gc,phases      ] GC(259)   StringDedup Table Weak         Min:  0.0, Avg:  0.0, Max:  0.0, Diff:  0.0, Sum:  0.0, Workers: 4
[3712.822s][debug][gc,phases      ] GC(259)     Dead                           Min: 0, Avg:  0.0, Max: 0, Diff: 0, Sum: 0, Workers: 4
[3712.822s][debug][gc,phases      ] GC(259)     Total                          Min: 0, Avg:  0.0, Max: 0, Diff: 0, Sum: 0, Workers: 4
[3712.822s][debug][gc,phases      ] GC(259)   StringDedup Requests0 Weak     Min:  0.0, Avg:  0.0, Max:  0.0, Diff:  0.0, Sum:  0.0, Workers: 4
[3712.822s][debug][gc,phases      ] GC(259)     Dead                           Min: 0, Avg:  0.0, Max: 0, Diff: 0, Sum: 0, Workers: 4
[3712.822s][debug][gc,phases      ] GC(259)     Total                          Min: 0, Avg:  0.0, Max: 0, Diff: 0, Sum: 0, Workers: 4
[3712.822s][debug][gc,phases      ] GC(259)   StringDedup Requests1 Weak     Min:  0.0, Avg:  0.0, Max:  0.0, Diff:  0.0, Sum:  0.0, Workers: 4
[3712.822s][debug][gc,phases      ] GC(259)     Dead                           Min: 0, Avg:  0.0, Max: 0, Diff: 0, Sum: 0, Workers: 4
[3712.822s][debug][gc,phases      ] GC(259)     Total                          Min: 0, Avg:  0.0, Max: 0, Diff: 0, Sum: 0, Workers: 4
[3712.822s][debug][gc,phases      ] GC(259)   Weak JFR Old Object Samples    Min:  0.0, Avg:  0.0, Max:  0.0, Diff:  0.0, Sum:  0.0, Workers: 4
[3712.822s][debug][gc,phases      ] GC(259)     Dead                           Min: 0, Avg:  0.0, Max: 0, Diff: 0, Sum: 0, Workers: 4
[3712.822s][debug][gc,phases      ] GC(259)     Total                          Min: 0, Avg:  0.0, Max: 0, Diff: 0, Sum: 0, Workers: 4
[3712.822s][debug][gc,phases      ] GC(259) Weak Processing 0.324ms
[3712.822s][debug][gc,age         ] GC(259) Desired survivor size 62390272 bytes, new threshold 15 (max threshold 15)
[3712.822s][info ][gc,heap        ] GC(259) PSYoungGen: 2016338K(2036736K)->40325K(2016768K) Eden: 1976320K(1976320K)->0K(1976320K) From: 40018K(60416K)->40325K(40448K)
[3712.822s][info ][gc,heap        ] GC(259) ParOldGen: 902279K(1048576K)->902295K(1048576K)
[3712.822s][info ][gc,metaspace   ] GC(259) Metaspace: 85743K(86656K)->85743K(86656K) NonClass: 73871K(74368K)->73871K(74368K) Class: 11871K(12288K)->11871K(12288K)
[3712.822s][info ][gc             ] GC(259) Pause Young (Allocation Failure) 2850M->920M(2993M) 7.962ms
[3712.822s][info ][gc,cpu         ] GC(259) User=0.02s Sys=0.00s Real=0.01s
[3712.822s][info ][safepoint      ] Safepoint "ParallelGCFailedAllocation", Time since last: 2325789906 ns, Reaching safepoint: 34201 ns, At safepoint: 8072307 ns, Total: 8106508 ns
[3718.823s][info ][safepoint      ] Safepoint "Cleanup", Time since last: 6000400771 ns, Reaching safepoint: 50102 ns, At safepoint: 8800 ns, Total: 58902 ns
[3719.823s][info ][safepoint      ] Safepoint "Cleanup", Time since last: 1000108529 ns, Reaching safepoint: 125503 ns, At safepoint: 22000 ns, Total: 147503 ns
[3720.702s][info ][gc,start       ] GC(260) Pause Young (Allocation Failure)
[3720.723s][debug][gc,phases      ] GC(260) Scavenge 20.174ms
[3720.723s][debug][gc,ref         ] GC(260) Skipped phase 1 of Reference Processing: no references
[3720.723s][debug][gc,ref         ] GC(260) ReferenceProcessor::execute queues: 1, RefProcThreadModel::Single, marks_oops_alive: false
[3720.723s][debug][gc,ref         ] GC(260) Skipped phase 3 of Reference Processing: no references
[3720.723s][debug][gc,ref         ] GC(260) ReferenceProcessor::execute queues: 1, RefProcThreadModel::Single, marks_oops_alive: false
[3720.723s][debug][gc,phases      ] GC(260) Reference Processing 0.129ms
[3720.723s][debug][gc,phases      ] GC(260)   VM Weak                        Min:  0.0, Avg:  0.0, Max:  0.0, Diff:  0.0, Sum:  0.0, Workers: 4
[3720.723s][debug][gc,phases      ] GC(260)     Dead                           Min: 0, Avg:  0.0, Max: 0, Diff: 0, Sum: 0, Workers: 4
[3720.723s][debug][gc,phases      ] GC(260)     Total                          Min: 0, Avg: 181.5, Max: 704, Diff: 704, Sum: 726, Workers: 4
[3720.723s][debug][gc,phases      ] GC(260)   ObjectSynchronizer Weak        Min:  0.0, Avg:  0.0, Max:  0.0, Diff:  0.0, Sum:  0.0, Workers: 4
[3720.723s][debug][gc,phases      ] GC(260)     Dead                           Min: 0, Avg:  0.0, Max: 0, Diff: 0, Sum: 0, Workers: 4
[3720.723s][debug][gc,phases      ] GC(260)     Total                          Min: 0, Avg: 118.5, Max: 256, Diff: 256, Sum: 474, Workers: 4
[3720.723s][debug][gc,phases      ] GC(260)   JVMTI Tag Weak OopStorage      Min:  0.0, Avg:  0.0, Max:  0.0, Diff:  0.0, Sum:  0.0, Workers: 4
[3720.723s][debug][gc,phases      ] GC(260)     Dead                           Min: 0, Avg:  0.0, Max: 0, Diff: 0, Sum: 0, Workers: 4
[3720.723s][debug][gc,phases      ] GC(260)     Total                          Min: 0, Avg:  0.0, Max: 0, Diff: 0, Sum: 0, Workers: 4
[3720.723s][debug][gc,phases      ] GC(260)   StringTable Weak               Min:  0.1, Avg:  0.1, Max:  0.1, Diff:  0.0, Sum:  0.5, Workers: 4
[3720.723s][debug][gc,phases      ] GC(260)     Dead                           Min: 0, Avg:  0.0, Max: 0, Diff: 0, Sum: 0, Workers: 4
[3720.723s][debug][gc,phases      ] GC(260)     Total                          Min: 11840, Avg: 12222.5, Max: 12608, Diff: 768, Sum: 48890, Workers: 4
[3720.723s][debug][gc,phases      ] GC(260)   ResolvedMethodTable Weak       Min:  0.0, Avg:  0.0, Max:  0.0, Diff:  0.0, Sum:  0.1, Workers: 4
[3720.723s][debug][gc,phases      ] GC(260)     Dead                           Min: 0, Avg:  0.0, Max: 0, Diff: 0, Sum: 0, Workers: 4
[3720.723s][debug][gc,phases      ] GC(260)     Total                          Min: 2058, Avg: 2194.5, Max: 2368, Diff: 310, Sum: 8778, Workers: 4
[3720.723s][debug][gc,phases      ] GC(260)   JNI Weak                       Min:  0.0, Avg:  0.0, Max:  0.0, Diff:  0.0, Sum:  0.0, Workers: 4
[3720.723s][debug][gc,phases      ] GC(260)     Dead                           Min: 0, Avg:  0.0, Max: 0, Diff: 0, Sum: 0, Workers: 4
[3720.723s][debug][gc,phases      ] GC(260)     Total                          Min: 0, Avg:  0.2, Max: 1, Diff: 1, Sum: 1, Workers: 4
[3720.723s][debug][gc,phases      ] GC(260)   StringDedup Table Weak         Min:  0.0, Avg:  0.0, Max:  0.0, Diff:  0.0, Sum:  0.0, Workers: 4
[3720.723s][debug][gc,phases      ] GC(260)     Dead                           Min: 0, Avg:  0.0, Max: 0, Diff: 0, Sum: 0, Workers: 4
[3720.723s][debug][gc,phases      ] GC(260)     Total                          Min: 0, Avg:  0.0, Max: 0, Diff: 0, Sum: 0, Workers: 4
[3720.723s][debug][gc,phases      ] GC(260)   StringDedup Requests0 Weak     Min:  0.0, Avg:  0.0, Max:  0.0, Diff:  0.0, Sum:  0.0, Workers: 4
[3720.723s][debug][gc,phases      ] GC(260)     Dead                           Min: 0, Avg:  0.0, Max: 0, Diff: 0, Sum: 0, Workers: 4
[3720.723s][debug][gc,phases      ] GC(260)     Total                          Min: 0, Avg:  0.0, Max: 0, Diff: 0, Sum: 0, Workers: 4
[3720.723s][debug][gc,phases      ] GC(260)   StringDedup Requests1 Weak     Min:  0.0, Avg:  0.0, Max:  0.0, Diff:  0.0, Sum:  0.0, Workers: 4
[3720.723s][debug][gc,phases      ] GC(260)     Dead                           Min: 0, Avg:  0.0, Max: 0, Diff: 0, Sum: 0, Workers: 4
[3720.723s][debug][gc,phases      ] GC(260)     Total                          Min: 0, Avg:  0.0, Max: 0, Diff: 0, Sum: 0, Workers: 4
[3720.723s][debug][gc,phases      ] GC(260)   Weak JFR Old Object Samples    Min:  0.0, Avg:  0.0, Max:  0.0, Diff:  0.0, Sum:  0.0, Workers: 4
[3720.723s][debug][gc,phases      ] GC(260)     Dead                           Min: 0, Avg:  0.0, Max: 0, Diff: 0, Sum: 0, Workers: 4
[3720.723s][debug][gc,phases      ] GC(260)     Total                          Min: 0, Avg:  0.0, Max: 0, Diff: 0, Sum: 0, Workers: 4
[3720.723s][debug][gc,phases      ] GC(260) Weak Processing 0.352ms
[3720.723s][debug][gc,age         ] GC(260) Desired survivor size 72876032 bytes, new threshold 14 (max threshold 15)
[3720.723s][info ][gc,heap        ] GC(260) PSYoungGen: 2016645K(2016768K)->60899K(2015744K) Eden: 1976320K(1976320K)->0K(1954816K) From: 40325K(40448K)->60899K(60928K)
[3720.723s][info ][gc,heap        ] GC(260) ParOldGen: 902295K(1048576K)->909267K(1048576K)
[3720.723s][info ][gc,metaspace   ] GC(260) Metaspace: 85750K(86656K)->85750K(86656K) NonClass: 73877K(74368K)->73877K(74368K) Class: 11872K(12288K)->11872K(12288K)
[3720.723s][info ][gc             ] GC(260) Pause Young (Allocation Failure) 2850M->947M(2992M) 20.795ms
[3720.723s][info ][gc,cpu         ] GC(260) User=0.09s Sys=0.00s Real=0.02s
[3720.723s][info ][safepoint      ] Safepoint "ParallelGCFailedAllocation", Time since last: 879079027 ns, Reaching safepoint: 176905 ns, At safepoint: 20899235 ns, Total: 21076140 ns
[3721.536s][info ][gc,start       ] GC(261) Pause Young (Allocation Failure)
[3721.562s][debug][gc,phases      ] GC(261) Scavenge 26.562ms
[3721.562s][debug][gc,ref         ] GC(261) Skipped phase 1 of Reference Processing: no references
[3721.563s][debug][gc,ref         ] GC(261) ReferenceProcessor::execute queues: 1, RefProcThreadModel::Single, marks_oops_alive: false
[3721.563s][debug][gc,ref         ] GC(261) Skipped phase 3 of Reference Processing: no references
[3721.563s][debug][gc,ref         ] GC(261) ReferenceProcessor::execute queues: 1, RefProcThreadModel::Single, marks_oops_alive: false
[3721.563s][debug][gc,phases      ] GC(261) Reference Processing 0.122ms
[3721.563s][debug][gc,phases      ] GC(261)   VM Weak                        Min:  0.0, Avg:  0.0, Max:  0.0, Diff:  0.0, Sum:  0.0, Workers: 4
[3721.563s][debug][gc,phases      ] GC(261)     Dead                           Min: 0, Avg:  0.0, Max: 0, Diff: 0, Sum: 0, Workers: 4
[3721.563s][debug][gc,phases      ] GC(261)     Total                          Min: 0, Avg: 181.5, Max: 534, Diff: 534, Sum: 726, Workers: 4
[3721.563s][debug][gc,phases      ] GC(261)   ObjectSynchronizer Weak        Min:  0.0, Avg:  0.0, Max:  0.0, Diff:  0.0, Sum:  0.0, Workers: 4
[3721.563s][debug][gc,phases      ] GC(261)     Dead                           Min: 0, Avg:  0.0, Max: 0, Diff: 0, Sum: 0, Workers: 4
[3721.563s][debug][gc,phases      ] GC(261)     Total                          Min: 0, Avg: 118.5, Max: 282, Diff: 282, Sum: 474, Workers: 4
[3721.563s][debug][gc,phases      ] GC(261)   JVMTI Tag Weak OopStorage      Min:  0.0, Avg:  0.0, Max:  0.0, Diff:  0.0, Sum:  0.0, Workers: 4
[3721.563s][debug][gc,phases      ] GC(261)     Dead                           Min: 0, Avg:  0.0, Max: 0, Diff: 0, Sum: 0, Workers: 4
[3721.563s][debug][gc,phases      ] GC(261)     Total                          Min: 0, Avg:  0.0, Max: 0, Diff: 0, Sum: 0, Workers: 4
[3721.563s][debug][gc,phases      ] GC(261)   StringTable Weak               Min:  0.1, Avg:  0.1, Max:  0.1, Diff:  0.0, Sum:  0.5, Workers: 4
[3721.563s][debug][gc,phases      ] GC(261)     Dead                           Min: 0, Avg:  0.0, Max: 0, Diff: 0, Sum: 0, Workers: 4
[3721.563s][debug][gc,phases      ] GC(261)     Total                          Min: 11130, Avg: 12222.5, Max: 12992, Diff: 1862, Sum: 48890, Workers: 4
[3721.563s][debug][gc,phases      ] GC(261)   ResolvedMethodTable Weak       Min:  0.0, Avg:  0.0, Max:  0.0, Diff:  0.0, Sum:  0.1, Workers: 4
[3721.563s][debug][gc,phases      ] GC(261)     Dead                           Min: 0, Avg:  0.0, Max: 0, Diff: 0, Sum: 0, Workers: 4
[3721.563s][debug][gc,phases      ] GC(261)     Total                          Min: 2048, Avg: 2194.5, Max: 2368, Diff: 320, Sum: 8778, Workers: 4
[3721.563s][debug][gc,phases      ] GC(261)   JNI Weak                       Min:  0.0, Avg:  0.0, Max:  0.0, Diff:  0.0, Sum:  0.0, Workers: 4
[3721.563s][debug][gc,phases      ] GC(261)     Dead                           Min: 0, Avg:  0.0, Max: 0, Diff: 0, Sum: 0, Workers: 4
[3721.563s][debug][gc,phases      ] GC(261)     Total                          Min: 0, Avg:  0.5, Max: 2, Diff: 2, Sum: 2, Workers: 4
[3721.563s][debug][gc,phases      ] GC(261)   StringDedup Table Weak         Min:  0.0, Avg:  0.0, Max:  0.0, Diff:  0.0, Sum:  0.0, Workers: 4
[3721.563s][debug][gc,phases      ] GC(261)     Dead                           Min: 0, Avg:  0.0, Max: 0, Diff: 0, Sum: 0, Workers: 4
[3721.563s][debug][gc,phases      ] GC(261)     Total                          Min: 0, Avg:  0.0, Max: 0, Diff: 0, Sum: 0, Workers: 4
[3721.563s][debug][gc,phases      ] GC(261)   StringDedup Requests0 Weak     Min:  0.0, Avg:  0.0, Max:  0.0, Diff:  0.0, Sum:  0.0, Workers: 4
[3721.563s][debug][gc,phases      ] GC(261)     Dead                           Min: 0, Avg:  0.0, Max: 0, Diff: 0, Sum: 0, Workers: 4
[3721.563s][debug][gc,phases      ] GC(261)     Total                          Min: 0, Avg:  0.0, Max: 0, Diff: 0, Sum: 0, Workers: 4
[3721.563s][debug][gc,phases      ] GC(261)   StringDedup Requests1 Weak     Min:  0.0, Avg:  0.0, Max:  0.0, Diff:  0.0, Sum:  0.0, Workers: 4
[3721.563s][debug][gc,phases      ] GC(261)     Dead                           Min: 0, Avg:  0.0, Max: 0, Diff: 0, Sum: 0, Workers: 4
[3721.563s][debug][gc,phases      ] GC(261)     Total                          Min: 0, Avg:  0.0, Max: 0, Diff: 0, Sum: 0, Workers: 4
[3721.563s][debug][gc,phases      ] GC(261)   Weak JFR Old Object Samples    Min:  0.0, Avg:  0.0, Max:  0.0, Diff:  0.0, Sum:  0.0, Workers: 4
[3721.563s][debug][gc,phases      ] GC(261)     Dead                           Min: 0, Avg:  0.0, Max: 0, Diff: 0, Sum: 0, Workers: 4
[3721.563s][debug][gc,phases      ] GC(261)     Total                          Min: 0, Avg:  0.0, Max: 0, Diff: 0, Sum: 0, Workers: 4
[3721.563s][debug][gc,phases      ] GC(261) Weak Processing 0.362ms
[3721.563s][debug][gc,age         ] GC(261) Desired survivor size 86507520 bytes, new threshold 13 (max threshold 15)
[3721.563s][info ][gc,heap        ] GC(261) PSYoungGen: 2015715K(2015744K)->71154K(2025984K) Eden: 1954816K(1954816K)->0K(1954816K) From: 60899K(60928K)->71154K(71168K)
[3721.563s][info ][gc,heap        ] GC(261) ParOldGen: 909267K(1048576K)->920647K(1048576K)
[3721.563s][info ][gc,metaspace   ] GC(261) Metaspace: 85761K(86656K)->85761K(86656K) NonClass: 73888K(74368K)->73888K(74368K) Class: 11872K(12288K)->11872K(12288K)
[3721.563s][info ][gc             ] GC(261) Pause Young (Allocation Failure) 2856M->968M(3002M) 27.189ms
[3721.563s][info ][gc,cpu         ] GC(261) User=0.12s Sys=0.00s Real=0.03s
[3721.563s][info ][safepoint      ] Safepoint "ParallelGCFailedAllocation", Time since last: 812391718 ns, Reaching safepoint: 119203 ns, At safepoint: 27290400 ns, Total: 27409603 ns
[3722.909s][info ][safepoint      ] Safepoint "Cleanup", Time since last: 1346090793 ns, Reaching safepoint: 142104 ns, At safepoint: 12500 ns, Total: 154604 ns
[3723.910s][info ][safepoint      ] Safepoint "Cleanup", Time since last: 1000166329 ns, Reaching safepoint: 73602 ns, At safepoint: 12100 ns, Total: 85702 ns
[3726.910s][info ][safepoint      ] Safepoint "Cleanup", Time since last: 3000266880 ns, Reaching safepoint: 57001 ns, At safepoint: 10900 ns, Total: 67901 ns
[3728.910s][info ][safepoint      ] Safepoint "Cleanup", Time since last: 2000205753 ns, Reaching safepoint: 60901 ns, At safepoint: 5100 ns, Total: 66001 ns
[3730.910s][info ][safepoint      ] Safepoint "Cleanup", Time since last: 2000205251 ns, Reaching safepoint: 70202 ns, At safepoint: 9300 ns, Total: 79502 ns
[3731.914s][info ][safepoint      ] Safepoint "Cleanup", Time since last: 1000115526 ns, Reaching safepoint: 3221682 ns, At safepoint: 15501 ns, Total: 3237183 ns
[3734.914s][info ][safepoint      ] Safepoint "Cleanup", Time since last: 3000254172 ns, Reaching safepoint: 66301 ns, At safepoint: 7301 ns, Total: 73602 ns
[3736.043s][info ][safepoint      ] Safepoint "Cleanup", Time since last: 1128258807 ns, Reaching safepoint: 176504 ns, At safepoint: 6801 ns, Total: 183305 ns
[3737.043s][info ][safepoint      ] Safepoint "Cleanup", Time since last: 1000103223 ns, Reaching safepoint: 113403 ns, At safepoint: 9500 ns, Total: 122903 ns
[3738.043s][info ][safepoint      ] Safepoint "Cleanup", Time since last: 1000104224 ns, Reaching safepoint: 81702 ns, At safepoint: 12600 ns, Total: 94302 ns
[3739.043s][info ][safepoint      ] Safepoint "Cleanup", Time since last: 1000122924 ns, Reaching safepoint: 76502 ns, At safepoint: 7800 ns, Total: 84302 ns
[3740.043s][info ][safepoint      ] Safepoint "Cleanup", Time since last: 1000102823 ns, Reaching safepoint: 50501 ns, At safepoint: 7900 ns, Total: 58401 ns
[3741.044s][info ][safepoint      ] Safepoint "Cleanup", Time since last: 1000118723 ns, Reaching safepoint: 57302 ns, At safepoint: 4000 ns, Total: 61302 ns
[3742.044s][info ][safepoint      ] Safepoint "Cleanup", Time since last: 1000115622 ns, Reaching safepoint: 54002 ns, At safepoint: 5500 ns, Total: 59502 ns
[3743.044s][info ][safepoint      ] Safepoint "Cleanup", Time since last: 1000119122 ns, Reaching safepoint: 63702 ns, At safepoint: 8700 ns, Total: 72402 ns
[3743.326s][info ][gc,start       ] GC(262) Pause Young (Allocation Failure)
[3743.348s][debug][gc,phases      ] GC(262) Scavenge 22.012ms
[3743.348s][debug][gc,ref         ] GC(262) Skipped phase 1 of Reference Processing: no references
[3743.348s][debug][gc,ref         ] GC(262) ReferenceProcessor::execute queues: 1, RefProcThreadModel::Single, marks_oops_alive: false
[3743.348s][debug][gc,ref         ] GC(262) Skipped phase 3 of Reference Processing: no references
[3743.348s][debug][gc,ref         ] GC(262) ReferenceProcessor::execute queues: 1, RefProcThreadModel::Single, marks_oops_alive: false
[3743.348s][debug][gc,phases      ] GC(262) Reference Processing 0.121ms
[3743.348s][debug][gc,phases      ] GC(262)   VM Weak                        Min:  0.0, Avg:  0.0, Max:  0.0, Diff:  0.0, Sum:  0.0, Workers: 4
[3743.348s][debug][gc,phases      ] GC(262)     Dead                           Min: 0, Avg:  0.0, Max: 0, Diff: 0, Sum: 0, Workers: 4
[3743.348s][debug][gc,phases      ] GC(262)     Total                          Min: 0, Avg: 181.5, Max: 726, Diff: 726, Sum: 726, Workers: 4
[3743.348s][debug][gc,phases      ] GC(262)   ObjectSynchronizer Weak        Min:  0.0, Avg:  0.0, Max:  0.0, Diff:  0.0, Sum:  0.0, Workers: 4
[3743.348s][debug][gc,phases      ] GC(262)     Dead                           Min: 0, Avg:  0.0, Max: 0, Diff: 0, Sum: 0, Workers: 4
[3743.348s][debug][gc,phases      ] GC(262)     Total                          Min: 0, Avg: 118.8, Max: 256, Diff: 256, Sum: 475, Workers: 4
[3743.348s][debug][gc,phases      ] GC(262)   JVMTI Tag Weak OopStorage      Min:  0.0, Avg:  0.0, Max:  0.0, Diff:  0.0, Sum:  0.0, Workers: 4
[3743.348s][debug][gc,phases      ] GC(262)     Dead                           Min: 0, Avg:  0.0, Max: 0, Diff: 0, Sum: 0, Workers: 4
[3743.348s][debug][gc,phases      ] GC(262)     Total                          Min: 0, Avg:  0.0, Max: 0, Diff: 0, Sum: 0, Workers: 4
[3743.348s][debug][gc,phases      ] GC(262)   StringTable Weak               Min:  0.1, Avg:  0.1, Max:  0.1, Diff:  0.0, Sum:  0.5, Workers: 4
[3743.348s][debug][gc,phases      ] GC(262)     Dead                           Min: 0, Avg:  0.2, Max: 1, Diff: 1, Sum: 1, Workers: 4
[3743.348s][debug][gc,phases      ] GC(262)     Total                          Min: 11008, Avg: 12223.5, Max: 12992, Diff: 1984, Sum: 48894, Workers: 4
[3743.348s][debug][gc,phases      ] GC(262)   ResolvedMethodTable Weak       Min:  0.0, Avg:  0.0, Max:  0.0, Diff:  0.0, Sum:  0.1, Workers: 4
[3743.348s][debug][gc,phases      ] GC(262)     Dead                           Min: 0, Avg:  0.0, Max: 0, Diff: 0, Sum: 0, Workers: 4
[3743.348s][debug][gc,phases      ] GC(262)     Total                          Min: 2058, Avg: 2194.5, Max: 2304, Diff: 246, Sum: 8778, Workers: 4
[3743.348s][debug][gc,phases      ] GC(262)   JNI Weak                       Min:  0.0, Avg:  0.0, Max:  0.0, Diff:  0.0, Sum:  0.0, Workers: 4
[3743.348s][debug][gc,phases      ] GC(262)     Dead                           Min: 0, Avg:  0.0, Max: 0, Diff: 0, Sum: 0, Workers: 4
[3743.348s][debug][gc,phases      ] GC(262)     Total                          Min: 0, Avg:  0.5, Max: 2, Diff: 2, Sum: 2, Workers: 4
[3743.348s][debug][gc,phases      ] GC(262)   StringDedup Table Weak         Min:  0.0, Avg:  0.0, Max:  0.0, Diff:  0.0, Sum:  0.0, Workers: 4
[3743.348s][debug][gc,phases      ] GC(262)     Dead                           Min: 0, Avg:  0.0, Max: 0, Diff: 0, Sum: 0, Workers: 4
[3743.348s][debug][gc,phases      ] GC(262)     Total                          Min: 0, Avg:  0.0, Max: 0, Diff: 0, Sum: 0, Workers: 4
[3743.348s][debug][gc,phases      ] GC(262)   StringDedup Requests0 Weak     Min:  0.0, Avg:  0.0, Max:  0.0, Diff:  0.0, Sum:  0.0, Workers: 4
[3743.348s][debug][gc,phases      ] GC(262)     Dead                           Min: 0, Avg:  0.0, Max: 0, Diff: 0, Sum: 0, Workers: 4
[3743.348s][debug][gc,phases      ] GC(262)     Total                          Min: 0, Avg:  0.0, Max: 0, Diff: 0, Sum: 0, Workers: 4
[3743.348s][debug][gc,phases      ] GC(262)   StringDedup Requests1 Weak     Min:  0.0, Avg:  0.0, Max:  0.0, Diff:  0.0, Sum:  0.0, Workers: 4
[3743.348s][debug][gc,phases      ] GC(262)     Dead                           Min: 0, Avg:  0.0, Max: 0, Diff: 0, Sum: 0, Workers: 4
[3743.348s][debug][gc,phases      ] GC(262)     Total                          Min: 0, Avg:  0.0, Max: 0, Diff: 0, Sum: 0, Workers: 4
[3743.348s][debug][gc,phases      ] GC(262)   Weak JFR Old Object Samples    Min:  0.0, Avg:  0.0, Max:  0.0, Diff:  0.0, Sum:  0.0, Workers: 4
[3743.348s][debug][gc,phases      ] GC(262)     Dead                           Min: 0, Avg:  0.0, Max: 0, Diff: 0, Sum: 0, Workers: 4
[3743.348s][debug][gc,phases      ] GC(262)     Total                          Min: 0, Avg:  0.0, Max: 0, Diff: 0, Sum: 0, Workers: 4
[3743.348s][debug][gc,phases      ] GC(262) Weak Processing 0.344ms
[3743.348s][debug][gc,age         ] GC(262) Desired survivor size 96468992 bytes, new threshold 12 (max threshold 15)
[3743.348s][info ][gc,heap        ] GC(262) PSYoungGen: 2025970K(2025984K)->71158K(1979904K) Eden: 1954816K(1954816K)->0K(1908736K) From: 71154K(71168K)->71158K(71168K)
[3743.348s][info ][gc,heap        ] GC(262) ParOldGen: 920647K(1048576K)->928036K(1048576K)
[3743.348s][info ][gc,metaspace   ] GC(262) Metaspace: 85782K(86720K)->85782K(86720K) NonClass: 73910K(74432K)->73910K(74432K) Class: 11872K(12288K)->11872K(12288K)
[3743.348s][info ][gc             ] GC(262) Pause Young (Allocation Failure) 2877M->975M(2957M) 22.621ms
[3743.348s][info ][gc,cpu         ] GC(262) User=0.09s Sys=0.02s Real=0.02s
[3743.348s][info ][safepoint      ] Safepoint "ParallelGCFailedAllocation", Time since last: 281476811 ns, Reaching safepoint: 125303 ns, At safepoint: 22722083 ns, Total: 22847386 ns
[3744.348s][info ][safepoint      ] Safepoint "Cleanup", Time since last: 1000167223 ns, Reaching safepoint: 59601 ns, At safepoint: 12001 ns, Total: 71602 ns
[3748.349s][info ][safepoint      ] Safepoint "Cleanup", Time since last: 4000302480 ns, Reaching safepoint: 58402 ns, At safepoint: 10800 ns, Total: 69202 ns
[3749.349s][info ][safepoint      ] Safepoint "Cleanup", Time since last: 1000158422 ns, Reaching safepoint: 143703 ns, At safepoint: 11701 ns, Total: 155404 ns
[3751.349s][info ][safepoint      ] Safepoint "Cleanup", Time since last: 2000170638 ns, Reaching safepoint: 50802 ns, At safepoint: 4300 ns, Total: 55102 ns
[3752.350s][info ][safepoint      ] Safepoint "Cleanup", Time since last: 1000083519 ns, Reaching safepoint: 64301 ns, At safepoint: 4501 ns, Total: 68802 ns
[3761.350s][info ][safepoint      ] Safepoint "Cleanup", Time since last: 9000654055 ns, Reaching safepoint: 54201 ns, At safepoint: 7600 ns, Total: 61801 ns
[3763.351s][info ][safepoint      ] Safepoint "Cleanup", Time since last: 2000179333 ns, Reaching safepoint: 83202 ns, At safepoint: 18501 ns, Total: 101703 ns
[3764.351s][info ][safepoint      ] Safepoint "Cleanup", Time since last: 1000116716 ns, Reaching safepoint: 46501 ns, At safepoint: 3900 ns, Total: 50401 ns
[3766.351s][info ][safepoint      ] Safepoint "Cleanup", Time since last: 2000168431 ns, Reaching safepoint: 58801 ns, At safepoint: 4001 ns, Total: 62802 ns
[3771.351s][info ][safepoint      ] Safepoint "Cleanup", Time since last: 5000380270 ns, Reaching safepoint: 52502 ns, At safepoint: 5500 ns, Total: 58002 ns
[3773.352s][info ][safepoint      ] Safepoint "Cleanup", Time since last: 2000192827 ns, Reaching safepoint: 57502 ns, At safepoint: 33401 ns, Total: 90903 ns
[3774.352s][info ][safepoint      ] Safepoint "Cleanup", Time since last: 1000115413 ns, Reaching safepoint: 35501 ns, At safepoint: 3800 ns, Total: 39301 ns
[3775.352s][info ][safepoint      ] Safepoint "Cleanup", Time since last: 1000113314 ns, Reaching safepoint: 61302 ns, At safepoint: 5400 ns, Total: 66702 ns
[3776.352s][info ][safepoint      ] Safepoint "Cleanup", Time since last: 1000114113 ns, Reaching safepoint: 53701 ns, At safepoint: 6001 ns, Total: 59702 ns
[3777.352s][info ][safepoint      ] Safepoint "Cleanup", Time since last: 1000109212 ns, Reaching safepoint: 52202 ns, At safepoint: 11000 ns, Total: 63202 ns
[3779.353s][info ][safepoint      ] Safepoint "Cleanup", Time since last: 2000214725 ns, Reaching safepoint: 68902 ns, At safepoint: 6200 ns, Total: 75102 ns
[3780.353s][info ][safepoint      ] Safepoint "Cleanup", Time since last: 1000128013 ns, Reaching safepoint: 57301 ns, At safepoint: 4000 ns, Total: 61301 ns
[3782.353s][info ][safepoint      ] Safepoint "Cleanup", Time since last: 2000187523 ns, Reaching safepoint: 62701 ns, At safepoint: 6001 ns, Total: 68702 ns
[3785.353s][info ][safepoint      ] Safepoint "Cleanup", Time since last: 3000270931 ns, Reaching safepoint: 55802 ns, At safepoint: 8700 ns, Total: 64502 ns
[3786.354s][info ][safepoint      ] Safepoint "Cleanup", Time since last: 1000114111 ns, Reaching safepoint: 56401 ns, At safepoint: 4200 ns, Total: 60601 ns
[3795.354s][info ][safepoint      ] Safepoint "Cleanup", Time since last: 9000675777 ns, Reaching safepoint: 76602 ns, At safepoint: 12500 ns, Total: 89102 ns
[3797.355s][info ][safepoint      ] Safepoint "Cleanup", Time since last: 2000216416 ns, Reaching safepoint: 67301 ns, At safepoint: 7901 ns, Total: 75202 ns
[3798.355s][info ][safepoint      ] Safepoint "Cleanup", Time since last: 1000122408 ns, Reaching safepoint: 64901 ns, At safepoint: 7100 ns, Total: 72001 ns
[3803.889s][info ][gc,start       ] GC(263) Pause Young (Allocation Failure)
[3803.903s][debug][gc,phases      ] GC(263) Scavenge 13.648ms
[3803.903s][debug][gc,ref         ] GC(263) Skipped phase 1 of Reference Processing: no references
[3803.903s][debug][gc,ref         ] GC(263) ReferenceProcessor::execute queues: 1, RefProcThreadModel::Single, marks_oops_alive: false
[3803.903s][debug][gc,ref         ] GC(263) Skipped phase 3 of Reference Processing: no references
[3803.903s][debug][gc,ref         ] GC(263) ReferenceProcessor::execute queues: 1, RefProcThreadModel::Single, marks_oops_alive: false
[3803.903s][debug][gc,phases      ] GC(263) Reference Processing 0.151ms
[3803.903s][debug][gc,phases      ] GC(263)   VM Weak                        Min:  0.0, Avg:  0.0, Max:  0.0, Diff:  0.0, Sum:  0.0, Workers: 4
[3803.903s][debug][gc,phases      ] GC(263)     Dead                           Min: 0, Avg:  0.0, Max: 0, Diff: 0, Sum: 0, Workers: 4
[3803.903s][debug][gc,phases      ] GC(263)     Total                          Min: 0, Avg: 181.5, Max: 448, Diff: 448, Sum: 726, Workers: 4
[3803.903s][debug][gc,phases      ] GC(263)   ObjectSynchronizer Weak        Min:  0.0, Avg:  0.0, Max:  0.0, Diff:  0.0, Sum:  0.0, Workers: 4
[3803.903s][debug][gc,phases      ] GC(263)     Dead                           Min: 0, Avg:  0.0, Max: 0, Diff: 0, Sum: 0, Workers: 4
[3803.903s][debug][gc,phases      ] GC(263)     Total                          Min: 0, Avg: 118.8, Max: 256, Diff: 256, Sum: 475, Workers: 4
[3803.903s][debug][gc,phases      ] GC(263)   JVMTI Tag Weak OopStorage      Min:  0.0, Avg:  0.0, Max:  0.0, Diff:  0.0, Sum:  0.0, Workers: 4
[3803.903s][debug][gc,phases      ] GC(263)     Dead                           Min: 0, Avg:  0.0, Max: 0, Diff: 0, Sum: 0, Workers: 4
[3803.903s][debug][gc,phases      ] GC(263)     Total                          Min: 0, Avg:  0.0, Max: 0, Diff: 0, Sum: 0, Workers: 4
[3803.903s][debug][gc,phases      ] GC(263)   StringTable Weak               Min:  0.1, Avg:  0.1, Max:  0.1, Diff:  0.0, Sum:  0.5, Workers: 4
[3803.903s][debug][gc,phases      ] GC(263)     Dead                           Min: 0, Avg:  0.0, Max: 0, Diff: 0, Sum: 0, Workers: 4
[3803.903s][debug][gc,phases      ] GC(263)     Total                          Min: 10048, Avg: 12223.8, Max: 13951, Diff: 3903, Sum: 48895, Workers: 4
[3803.903s][debug][gc,phases      ] GC(263)   ResolvedMethodTable Weak       Min:  0.0, Avg:  0.0, Max:  0.0, Diff:  0.0, Sum:  0.1, Workers: 4
[3803.903s][debug][gc,phases      ] GC(263)     Dead                           Min: 0, Avg:  0.0, Max: 0, Diff: 0, Sum: 0, Workers: 4
[3803.903s][debug][gc,phases      ] GC(263)     Total                          Min: 2058, Avg: 2194.5, Max: 2368, Diff: 310, Sum: 8778, Workers: 4
[3803.903s][debug][gc,phases      ] GC(263)   JNI Weak                       Min:  0.0, Avg:  0.0, Max:  0.0, Diff:  0.0, Sum:  0.0, Workers: 4
[3803.903s][debug][gc,phases      ] GC(263)     Dead                           Min: 0, Avg:  0.0, Max: 0, Diff: 0, Sum: 0, Workers: 4
[3803.903s][debug][gc,phases      ] GC(263)     Total                          Min: 0, Avg:  0.0, Max: 0, Diff: 0, Sum: 0, Workers: 4
[3803.903s][debug][gc,phases      ] GC(263)   StringDedup Table Weak         Min:  0.0, Avg:  0.0, Max:  0.0, Diff:  0.0, Sum:  0.0, Workers: 4
[3803.903s][debug][gc,phases      ] GC(263)     Dead                           Min: 0, Avg:  0.0, Max: 0, Diff: 0, Sum: 0, Workers: 4
[3803.903s][debug][gc,phases      ] GC(263)     Total                          Min: 0, Avg:  0.0, Max: 0, Diff: 0, Sum: 0, Workers: 4
[3803.903s][debug][gc,phases      ] GC(263)   StringDedup Requests0 Weak     Min:  0.0, Avg:  0.0, Max:  0.0, Diff:  0.0, Sum:  0.0, Workers: 4
[3803.903s][debug][gc,phases      ] GC(263)     Dead                           Min: 0, Avg:  0.0, Max: 0, Diff: 0, Sum: 0, Workers: 4
[3803.903s][debug][gc,phases      ] GC(263)     Total                          Min: 0, Avg:  0.0, Max: 0, Diff: 0, Sum: 0, Workers: 4
[3803.903s][debug][gc,phases      ] GC(263)   StringDedup Requests1 Weak     Min:  0.0, Avg:  0.0, Max:  0.0, Diff:  0.0, Sum:  0.0, Workers: 4
[3803.903s][debug][gc,phases      ] GC(263)     Dead                           Min: 0, Avg:  0.0, Max: 0, Diff: 0, Sum: 0, Workers: 4
[3803.903s][debug][gc,phases      ] GC(263)     Total                          Min: 0, Avg:  0.0, Max: 0, Diff: 0, Sum: 0, Workers: 4
[3803.903s][debug][gc,phases      ] GC(263)   Weak JFR Old Object Samples    Min:  0.0, Avg:  0.0, Max:  0.0, Diff:  0.0, Sum:  0.0, Workers: 4
[3803.903s][debug][gc,phases      ] GC(263)     Dead                           Min: 0, Avg:  0.0, Max: 0, Diff: 0, Sum: 0, Workers: 4
[3803.903s][debug][gc,phases      ] GC(263)     Total                          Min: 0, Avg:  0.0, Max: 0, Diff: 0, Sum: 0, Workers: 4
[3803.903s][debug][gc,phases      ] GC(263) Weak Processing 0.404ms
[3803.903s][debug][gc,age         ] GC(263) Desired survivor size 91750400 bytes, new threshold 13 (max threshold 15)
[3803.903s][info ][gc,heap        ] GC(263) PSYoungGen: 1979894K(1979904K)->45093K(2002944K) Eden: 1908736K(1908736K)->0K(1908736K) From: 71158K(71168K)->45093K(94208K)
[3803.903s][info ][gc,heap        ] GC(263) ParOldGen: 928036K(1048576K)->944492K(1048576K)
[3803.903s][info ][gc,metaspace   ] GC(263) Metaspace: 85789K(86720K)->85789K(86720K) NonClass: 73916K(74432K)->73916K(74432K) Class: 11872K(12288K)->11872K(12288K)
[3803.903s][info ][gc             ] GC(263) Pause Young (Allocation Failure) 2839M->966M(2980M) 14.365ms
[3803.903s][info ][gc,cpu         ] GC(263) User=0.04s Sys=0.00s Real=0.02s
[3803.903s][info ][safepoint      ] Safepoint "ParallelGCFailedAllocation", Time since last: 5533937591 ns, Reaching safepoint: 42001 ns, At safepoint: 14458870 ns, Total: 14500871 ns
[3810.904s][info ][safepoint      ] Safepoint "Cleanup", Time since last: 7000563632 ns, Reaching safepoint: 69402 ns, At safepoint: 11700 ns, Total: 81102 ns
[3814.904s][info ][safepoint      ] Safepoint "Cleanup", Time since last: 4000339313 ns, Reaching safepoint: 37101 ns, At safepoint: 4500 ns, Total: 41601 ns
[3818.905s][info ][safepoint      ] Safepoint "Cleanup", Time since last: 4000325209 ns, Reaching safepoint: 58301 ns, At safepoint: 11501 ns, Total: 69802 ns
[3819.905s][info ][safepoint      ] Safepoint "Cleanup", Time since last: 1000127603 ns, Reaching safepoint: 61201 ns, At safepoint: 4200 ns, Total: 65401 ns
[3865.908s][info ][safepoint      ] Safepoint "Cleanup", Time since last: 46003260612 ns, Reaching safepoint: 45002 ns, At safepoint: 26000 ns, Total: 71002 ns
[3866.908s][info ][safepoint      ] Safepoint "Cleanup", Time since last: 1000100292 ns, Reaching safepoint: 50801 ns, At safepoint: 4000 ns, Total: 54801 ns
[3868.429s][info ][gc,start       ] GC(264) Pause Young (Allocation Failure)
[3868.441s][debug][gc,phases      ] GC(264) Scavenge 12.147ms
[3868.441s][debug][gc,ref         ] GC(264) Skipped phase 1 of Reference Processing: no references
[3868.441s][debug][gc,ref         ] GC(264) ReferenceProcessor::execute queues: 1, RefProcThreadModel::Single, marks_oops_alive: false
[3868.441s][debug][gc,ref         ] GC(264) Skipped phase 3 of Reference Processing: no references
[3868.441s][debug][gc,ref         ] GC(264) ReferenceProcessor::execute queues: 1, RefProcThreadModel::Single, marks_oops_alive: false
[3868.441s][debug][gc,phases      ] GC(264) Reference Processing 0.127ms
[3868.441s][debug][gc,phases      ] GC(264)   VM Weak                        Min:  0.0, Avg:  0.0, Max:  0.0, Diff:  0.0, Sum:  0.0, Workers: 4
[3868.441s][debug][gc,phases      ] GC(264)     Dead                           Min: 0, Avg:  0.0, Max: 0, Diff: 0, Sum: 0, Workers: 4
[3868.441s][debug][gc,phases      ] GC(264)     Total                          Min: 0, Avg: 181.5, Max: 726, Diff: 726, Sum: 726, Workers: 4
[3868.441s][debug][gc,phases      ] GC(264)   ObjectSynchronizer Weak        Min:  0.0, Avg:  0.0, Max:  0.0, Diff:  0.0, Sum:  0.0, Workers: 4
[3868.441s][debug][gc,phases      ] GC(264)     Dead                           Min: 0, Avg:  0.0, Max: 0, Diff: 0, Sum: 0, Workers: 4
[3868.441s][debug][gc,phases      ] GC(264)     Total                          Min: 0, Avg: 118.8, Max: 475, Diff: 475, Sum: 475, Workers: 4
[3868.441s][debug][gc,phases      ] GC(264)   JVMTI Tag Weak OopStorage      Min:  0.0, Avg:  0.0, Max:  0.0, Diff:  0.0, Sum:  0.0, Workers: 4
[3868.441s][debug][gc,phases      ] GC(264)     Dead                           Min: 0, Avg:  0.0, Max: 0, Diff: 0, Sum: 0, Workers: 4
[3868.441s][debug][gc,phases      ] GC(264)     Total                          Min: 0, Avg:  0.0, Max: 0, Diff: 0, Sum: 0, Workers: 4
[3868.441s][debug][gc,phases      ] GC(264)   StringTable Weak               Min:  0.1, Avg:  0.1, Max:  0.1, Diff:  0.0, Sum:  0.4, Workers: 4
[3868.441s][debug][gc,phases      ] GC(264)     Dead                           Min: 0, Avg:  0.0, Max: 0, Diff: 0, Sum: 0, Workers: 4
[3868.441s][debug][gc,phases      ] GC(264)     Total                          Min: 11072, Avg: 12223.8, Max: 13696, Diff: 2624, Sum: 48895, Workers: 4
[3868.441s][debug][gc,phases      ] GC(264)   ResolvedMethodTable Weak       Min:  0.0, Avg:  0.0, Max:  0.0, Diff:  0.0, Sum:  0.1, Workers: 4
[3868.441s][debug][gc,phases      ] GC(264)     Dead                           Min: 0, Avg:  0.0, Max: 0, Diff: 0, Sum: 0, Workers: 4
[3868.441s][debug][gc,phases      ] GC(264)     Total                          Min: 1856, Avg: 2194.5, Max: 2432, Diff: 576, Sum: 8778, Workers: 4
[3868.441s][debug][gc,phases      ] GC(264)   JNI Weak                       Min:  0.0, Avg:  0.0, Max:  0.0, Diff:  0.0, Sum:  0.0, Workers: 4
[3868.441s][debug][gc,phases      ] GC(264)     Dead                           Min: 0, Avg:  0.0, Max: 0, Diff: 0, Sum: 0, Workers: 4
[3868.441s][debug][gc,phases      ] GC(264)     Total                          Min: 0, Avg:  0.0, Max: 0, Diff: 0, Sum: 0, Workers: 4
[3868.441s][debug][gc,phases      ] GC(264)   StringDedup Table Weak         Min:  0.0, Avg:  0.0, Max:  0.0, Diff:  0.0, Sum:  0.0, Workers: 4
[3868.441s][debug][gc,phases      ] GC(264)     Dead                           Min: 0, Avg:  0.0, Max: 0, Diff: 0, Sum: 0, Workers: 4
[3868.441s][debug][gc,phases      ] GC(264)     Total                          Min: 0, Avg:  0.0, Max: 0, Diff: 0, Sum: 0, Workers: 4
[3868.441s][debug][gc,phases      ] GC(264)   StringDedup Requests0 Weak     Min:  0.0, Avg:  0.0, Max:  0.0, Diff:  0.0, Sum:  0.0, Workers: 4
[3868.441s][debug][gc,phases      ] GC(264)     Dead                           Min: 0, Avg:  0.0, Max: 0, Diff: 0, Sum: 0, Workers: 4
[3868.441s][debug][gc,phases      ] GC(264)     Total                          Min: 0, Avg:  0.0, Max: 0, Diff: 0, Sum: 0, Workers: 4
[3868.441s][debug][gc,phases      ] GC(264)   StringDedup Requests1 Weak     Min:  0.0, Avg:  0.0, Max:  0.0, Diff:  0.0, Sum:  0.0, Workers: 4
[3868.441s][debug][gc,phases      ] GC(264)     Dead                           Min: 0, Avg:  0.0, Max: 0, Diff: 0, Sum: 0, Workers: 4
[3868.441s][debug][gc,phases      ] GC(264)     Total                          Min: 0, Avg:  0.0, Max: 0, Diff: 0, Sum: 0, Workers: 4
[3868.441s][debug][gc,phases      ] GC(264)   Weak JFR Old Object Samples    Min:  0.0, Avg:  0.0, Max:  0.0, Diff:  0.0, Sum:  0.0, Workers: 4
[3868.441s][debug][gc,phases      ] GC(264)     Dead                           Min: 0, Avg:  0.0, Max: 0, Diff: 0, Sum: 0, Workers: 4
[3868.441s][debug][gc,phases      ] GC(264)     Total                          Min: 0, Avg:  0.0, Max: 0, Diff: 0, Sum: 0, Workers: 4
[3868.441s][debug][gc,phases      ] GC(264) Weak Processing 0.336ms
[3868.441s][debug][gc,age         ] GC(264) Desired survivor size 87556096 bytes, new threshold 14 (max threshold 15)
[3868.441s][info ][gc,heap        ] GC(264) PSYoungGen: 1953829K(2002944K)->45909K(2011648K) Eden: 1908736K(1908736K)->0K(1922048K) From: 45093K(94208K)->45909K(89600K)
[3868.441s][info ][gc,heap        ] GC(264) ParOldGen: 944492K(1048576K)->944492K(1048576K)
[3868.441s][info ][gc,metaspace   ] GC(264) Metaspace: 85796K(86720K)->85796K(86720K) NonClass: 73923K(74432K)->73923K(74432K) Class: 11872K(12288K)->11872K(12288K)
[3868.441s][info ][gc             ] GC(264) Pause Young (Allocation Failure) 2830M->967M(2988M) 12.756ms
[3868.441s][info ][gc,cpu         ] GC(264) User=0.05s Sys=0.00s Real=0.01s
[3868.441s][info ][safepoint      ] Safepoint "ParallelGCFailedAllocation", Time since last: 1520062996 ns, Reaching safepoint: 106103 ns, At safepoint: 12847929 ns, Total: 12954032 ns
[3876.442s][info ][safepoint      ] Safepoint "Cleanup", Time since last: 8000547614 ns, Reaching safepoint: 58201 ns, At safepoint: 7101 ns, Total: 65302 ns
[3879.442s][info ][safepoint      ] Safepoint "Cleanup", Time since last: 3000238965 ns, Reaching safepoint: 66201 ns, At safepoint: 4001 ns, Total: 70202 ns
[3882.443s][info ][safepoint      ] Safepoint "Cleanup", Time since last: 3000218462 ns, Reaching safepoint: 53002 ns, At safepoint: 4700 ns, Total: 57702 ns
[3883.443s][info ][safepoint      ] Safepoint "Cleanup", Time since last: 1000106088 ns, Reaching safepoint: 54401 ns, At safepoint: 10300 ns, Total: 64701 ns
[3892.443s][info ][safepoint      ] Safepoint "Cleanup", Time since last: 9000654075 ns, Reaching safepoint: 50402 ns, At safepoint: 5500 ns, Total: 55902 ns
[3897.444s][info ][safepoint      ] Safepoint "Cleanup", Time since last: 5000326822 ns, Reaching safepoint: 47601 ns, At safepoint: 5101 ns, Total: 52702 ns
[3904.444s][info ][safepoint      ] Safepoint "Cleanup", Time since last: 7000513984 ns, Reaching safepoint: 51801 ns, At safepoint: 6800 ns, Total: 58601 ns
[3907.445s][info ][safepoint      ] Safepoint "Cleanup", Time since last: 3000245948 ns, Reaching safepoint: 45701 ns, At safepoint: 4100 ns, Total: 49801 ns
[3908.445s][info ][safepoint      ] Safepoint "Cleanup", Time since last: 1000116484 ns, Reaching safepoint: 57301 ns, At safepoint: 3800 ns, Total: 61101 ns
[3911.445s][info ][safepoint      ] Safepoint "Cleanup", Time since last: 3000251646 ns, Reaching safepoint: 53601 ns, At safepoint: 10100 ns, Total: 63701 ns
[3912.445s][info ][safepoint      ] Safepoint "Cleanup", Time since last: 1000112683 ns, Reaching safepoint: 59501 ns, At safepoint: 4400 ns, Total: 63901 ns
[3915.446s][info ][safepoint      ] Safepoint "Cleanup", Time since last: 3000240043 ns, Reaching safepoint: 50902 ns, At safepoint: 3800 ns, Total: 54702 ns
[3917.446s][info ][safepoint      ] Safepoint "Cleanup", Time since last: 2000198662 ns, Reaching safepoint: 57301 ns, At safepoint: 5600 ns, Total: 62901 ns
[3921.982s][info ][gc,start       ] GC(265) Pause Young (Allocation Failure)
[3921.993s][debug][gc,phases      ] GC(265) Scavenge 11.768ms
[3921.993s][debug][gc,ref         ] GC(265) Skipped phase 1 of Reference Processing: no references
[3921.994s][debug][gc,ref         ] GC(265) ReferenceProcessor::execute queues: 1, RefProcThreadModel::Single, marks_oops_alive: false
[3921.994s][debug][gc,ref         ] GC(265) Skipped phase 3 of Reference Processing: no references
[3921.994s][debug][gc,ref         ] GC(265) ReferenceProcessor::execute queues: 1, RefProcThreadModel::Single, marks_oops_alive: false
[3921.994s][debug][gc,phases      ] GC(265) Reference Processing 0.153ms
[3921.994s][debug][gc,phases      ] GC(265)   VM Weak                        Min:  0.0, Avg:  0.0, Max:  0.0, Diff:  0.0, Sum:  0.0, Workers: 4
[3921.994s][debug][gc,phases      ] GC(265)     Dead                           Min: 0, Avg:  0.0, Max: 0, Diff: 0, Sum: 0, Workers: 4
[3921.994s][debug][gc,phases      ] GC(265)     Total                          Min: 0, Avg: 181.5, Max: 726, Diff: 726, Sum: 726, Workers: 4
[3921.994s][debug][gc,phases      ] GC(265)   ObjectSynchronizer Weak        Min:  0.0, Avg:  0.0, Max:  0.0, Diff:  0.0, Sum:  0.0, Workers: 4
[3921.994s][debug][gc,phases      ] GC(265)     Dead                           Min: 0, Avg:  0.0, Max: 0, Diff: 0, Sum: 0, Workers: 4
[3921.994s][debug][gc,phases      ] GC(265)     Total                          Min: 0, Avg: 118.8, Max: 256, Diff: 256, Sum: 475, Workers: 4
[3921.994s][debug][gc,phases      ] GC(265)   JVMTI Tag Weak OopStorage      Min:  0.0, Avg:  0.0, Max:  0.0, Diff:  0.0, Sum:  0.0, Workers: 4
[3921.994s][debug][gc,phases      ] GC(265)     Dead                           Min: 0, Avg:  0.0, Max: 0, Diff: 0, Sum: 0, Workers: 4
[3921.994s][debug][gc,phases      ] GC(265)     Total                          Min: 0, Avg:  0.0, Max: 0, Diff: 0, Sum: 0, Workers: 4
[3921.994s][debug][gc,phases      ] GC(265)   StringTable Weak               Min:  0.1, Avg:  0.1, Max:  0.1, Diff:  0.0, Sum:  0.5, Workers: 4
[3921.994s][debug][gc,phases      ] GC(265)     Dead                           Min: 0, Avg:  0.0, Max: 0, Diff: 0, Sum: 0, Workers: 4
[3921.994s][debug][gc,phases      ] GC(265)     Total                          Min: 11263, Avg: 12223.8, Max: 13056, Diff: 1793, Sum: 48895, Workers: 4
[3921.994s][debug][gc,phases      ] GC(265)   ResolvedMethodTable Weak       Min:  0.0, Avg:  0.0, Max:  0.0, Diff:  0.0, Sum:  0.1, Workers: 4
[3921.994s][debug][gc,phases      ] GC(265)     Dead                           Min: 0, Avg:  0.0, Max: 0, Diff: 0, Sum: 0, Workers: 4
[3921.994s][debug][gc,phases      ] GC(265)     Total                          Min: 2058, Avg: 2194.5, Max: 2304, Diff: 246, Sum: 8778, Workers: 4
[3921.994s][debug][gc,phases      ] GC(265)   JNI Weak                       Min:  0.0, Avg:  0.0, Max:  0.0, Diff:  0.0, Sum:  0.0, Workers: 4
[3921.994s][debug][gc,phases      ] GC(265)     Dead                           Min: 0, Avg:  0.0, Max: 0, Diff: 0, Sum: 0, Workers: 4
[3921.994s][debug][gc,phases      ] GC(265)     Total                          Min: 0, Avg:  0.0, Max: 0, Diff: 0, Sum: 0, Workers: 4
[3921.994s][debug][gc,phases      ] GC(265)   StringDedup Table Weak         Min:  0.0, Avg:  0.0, Max:  0.0, Diff:  0.0, Sum:  0.0, Workers: 4
[3921.994s][debug][gc,phases      ] GC(265)     Dead                           Min: 0, Avg:  0.0, Max: 0, Diff: 0, Sum: 0, Workers: 4
[3921.994s][debug][gc,phases      ] GC(265)     Total                          Min: 0, Avg:  0.0, Max: 0, Diff: 0, Sum: 0, Workers: 4
[3921.994s][debug][gc,phases      ] GC(265)   StringDedup Requests0 Weak     Min:  0.0, Avg:  0.0, Max:  0.0, Diff:  0.0, Sum:  0.0, Workers: 4
[3921.994s][debug][gc,phases      ] GC(265)     Dead                           Min: 0, Avg:  0.0, Max: 0, Diff: 0, Sum: 0, Workers: 4
[3921.994s][debug][gc,phases      ] GC(265)     Total                          Min: 0, Avg:  0.0, Max: 0, Diff: 0, Sum: 0, Workers: 4
[3921.994s][debug][gc,phases      ] GC(265)   StringDedup Requests1 Weak     Min:  0.0, Avg:  0.0, Max:  0.0, Diff:  0.0, Sum:  0.0, Workers: 4
[3921.994s][debug][gc,phases      ] GC(265)     Dead                           Min: 0, Avg:  0.0, Max: 0, Diff: 0, Sum: 0, Workers: 4
[3921.994s][debug][gc,phases      ] GC(265)     Total                          Min: 0, Avg:  0.0, Max: 0, Diff: 0, Sum: 0, Workers: 4
[3921.994s][debug][gc,phases      ] GC(265)   Weak JFR Old Object Samples    Min:  0.0, Avg:  0.0, Max:  0.0, Diff:  0.0, Sum:  0.0, Workers: 4
[3921.994s][debug][gc,phases      ] GC(265)     Dead                           Min: 0, Avg:  0.0, Max: 0, Diff: 0, Sum: 0, Workers: 4
[3921.994s][debug][gc,phases      ] GC(265)     Total                          Min: 0, Avg:  0.0, Max: 0, Diff: 0, Sum: 0, Workers: 4
[3921.994s][debug][gc,phases      ] GC(265) Weak Processing 0.349ms
[3921.994s][debug][gc,age         ] GC(265) Desired survivor size 83886080 bytes, new threshold 15 (max threshold 15)
[3921.994s][info ][gc,heap        ] GC(265) PSYoungGen: 1967957K(2011648K)->46674K(2007552K) Eden: 1922048K(1922048K)->0K(1922048K) From: 45909K(89600K)->46674K(85504K)
[3921.994s][info ][gc,heap        ] GC(265) ParOldGen: 944492K(1048576K)->944492K(1048576K)
[3921.994s][info ][gc,metaspace   ] GC(265) Metaspace: 85805K(86720K)->85805K(86720K) NonClass: 73933K(74432K)->73933K(74432K) Class: 11872K(12288K)->11872K(12288K)
[3921.994s][info ][gc             ] GC(265) Pause Young (Allocation Failure) 2844M->967M(2984M) 12.416ms
[3921.994s][info ][gc,cpu         ] GC(265) User=0.04s Sys=0.00s Real=0.01s
[3921.994s][info ][safepoint      ] Safepoint "ParallelGCFailedAllocation", Time since last: 4535443407 ns, Reaching safepoint: 149904 ns, At safepoint: 12510620 ns, Total: 12660524 ns
[3923.994s][info ][safepoint      ] Safepoint "Cleanup", Time since last: 2000156158 ns, Reaching safepoint: 50502 ns, At safepoint: 4200 ns, Total: 54702 ns
[3931.995s][info ][safepoint      ] Safepoint "Cleanup", Time since last: 8000574724 ns, Reaching safepoint: 56802 ns, At safepoint: 11600 ns, Total: 68402 ns
[3934.995s][info ][safepoint      ] Safepoint "Cleanup", Time since last: 3000239632 ns, Reaching safepoint: 55201 ns, At safepoint: 4300 ns, Total: 59501 ns
[3962.997s][info ][safepoint      ] Safepoint "Cleanup", Time since last: 28001923372 ns, Reaching safepoint: 50602 ns, At safepoint: 4800 ns, Total: 55402 ns
[3967.998s][info ][safepoint      ] Safepoint "Cleanup", Time since last: 5000409857 ns, Reaching safepoint: 51201 ns, At safepoint: 3600 ns, Total: 54801 ns
[3969.998s][info ][safepoint      ] Safepoint "Cleanup", Time since last: 2000173242 ns, Reaching safepoint: 45501 ns, At safepoint: 5200 ns, Total: 50701 ns
[3973.998s][info ][safepoint      ] Safepoint "Cleanup", Time since last: 4000278379 ns, Reaching safepoint: 58502 ns, At safepoint: 9700 ns, Total: 68202 ns
[3975.530s][info ][gc,start       ] GC(266) Pause Young (Allocation Failure)
[3975.541s][debug][gc,phases      ] GC(266) Scavenge 11.401ms
[3975.541s][debug][gc,ref         ] GC(266) Skipped phase 1 of Reference Processing: no references
[3975.542s][debug][gc,ref         ] GC(266) ReferenceProcessor::execute queues: 1, RefProcThreadModel::Single, marks_oops_alive: false
[3975.542s][debug][gc,ref         ] GC(266) Skipped phase 3 of Reference Processing: no references
[3975.542s][debug][gc,ref         ] GC(266) ReferenceProcessor::execute queues: 1, RefProcThreadModel::Single, marks_oops_alive: false
[3975.542s][debug][gc,phases      ] GC(266) Reference Processing 0.174ms
[3975.542s][debug][gc,phases      ] GC(266)   VM Weak                        Min:  0.0, Avg:  0.0, Max:  0.0, Diff:  0.0, Sum:  0.0, Workers: 4
[3975.542s][debug][gc,phases      ] GC(266)     Dead                           Min: 0, Avg:  0.0, Max: 0, Diff: 0, Sum: 0, Workers: 4
[3975.542s][debug][gc,phases      ] GC(266)     Total                          Min: 0, Avg: 181.5, Max: 704, Diff: 704, Sum: 726, Workers: 4
[3975.542s][debug][gc,phases      ] GC(266)   ObjectSynchronizer Weak        Min:  0.0, Avg:  0.0, Max:  0.0, Diff:  0.0, Sum:  0.0, Workers: 4
[3975.542s][debug][gc,phases      ] GC(266)     Dead                           Min: 0, Avg:  0.0, Max: 0, Diff: 0, Sum: 0, Workers: 4
[3975.542s][debug][gc,phases      ] GC(266)     Total                          Min: 0, Avg: 118.8, Max: 256, Diff: 256, Sum: 475, Workers: 4
[3975.542s][debug][gc,phases      ] GC(266)   JVMTI Tag Weak OopStorage      Min:  0.0, Avg:  0.0, Max:  0.0, Diff:  0.0, Sum:  0.0, Workers: 4
[3975.542s][debug][gc,phases      ] GC(266)     Dead                           Min: 0, Avg:  0.0, Max: 0, Diff: 0, Sum: 0, Workers: 4
[3975.542s][debug][gc,phases      ] GC(266)     Total                          Min: 0, Avg:  0.0, Max: 0, Diff: 0, Sum: 0, Workers: 4
[3975.542s][debug][gc,phases      ] GC(266)   StringTable Weak               Min:  0.1, Avg:  0.1, Max:  0.1, Diff:  0.0, Sum:  0.4, Workers: 4
[3975.542s][debug][gc,phases      ] GC(266)     Dead                           Min: 0, Avg:  0.0, Max: 0, Diff: 0, Sum: 0, Workers: 4
[3975.542s][debug][gc,phases      ] GC(266)     Total                          Min: 11456, Avg: 12224.2, Max: 12545, Diff: 1089, Sum: 48897, Workers: 4
[3975.542s][debug][gc,phases      ] GC(266)   ResolvedMethodTable Weak       Min:  0.0, Avg:  0.0, Max:  0.0, Diff:  0.0, Sum:  0.1, Workers: 4
[3975.542s][debug][gc,phases      ] GC(266)     Dead                           Min: 0, Avg:  0.0, Max: 0, Diff: 0, Sum: 0, Workers: 4
[3975.542s][debug][gc,phases      ] GC(266)     Total                          Min: 1984, Avg: 2195.8, Max: 2304, Diff: 320, Sum: 8783, Workers: 4
[3975.542s][debug][gc,phases      ] GC(266)   JNI Weak                       Min:  0.0, Avg:  0.0, Max:  0.0, Diff:  0.0, Sum:  0.0, Workers: 4
[3975.542s][debug][gc,phases      ] GC(266)     Dead                           Min: 0, Avg:  0.0, Max: 0, Diff: 0, Sum: 0, Workers: 4
[3975.542s][debug][gc,phases      ] GC(266)     Total                          Min: 0, Avg:  0.0, Max: 0, Diff: 0, Sum: 0, Workers: 4
[3975.542s][debug][gc,phases      ] GC(266)   StringDedup Table Weak         Min:  0.0, Avg:  0.0, Max:  0.0, Diff:  0.0, Sum:  0.0, Workers: 4
[3975.542s][debug][gc,phases      ] GC(266)     Dead                           Min: 0, Avg:  0.0, Max: 0, Diff: 0, Sum: 0, Workers: 4
[3975.542s][debug][gc,phases      ] GC(266)     Total                          Min: 0, Avg:  0.0, Max: 0, Diff: 0, Sum: 0, Workers: 4
[3975.542s][debug][gc,phases      ] GC(266)   StringDedup Requests0 Weak     Min:  0.0, Avg:  0.0, Max:  0.0, Diff:  0.0, Sum:  0.0, Workers: 4
[3975.542s][debug][gc,phases      ] GC(266)     Dead                           Min: 0, Avg:  0.0, Max: 0, Diff: 0, Sum: 0, Workers: 4
[3975.542s][debug][gc,phases      ] GC(266)     Total                          Min: 0, Avg:  0.0, Max: 0, Diff: 0, Sum: 0, Workers: 4
[3975.542s][debug][gc,phases      ] GC(266)   StringDedup Requests1 Weak     Min:  0.0, Avg:  0.0, Max:  0.0, Diff:  0.0, Sum:  0.0, Workers: 4
[3975.542s][debug][gc,phases      ] GC(266)     Dead                           Min: 0, Avg:  0.0, Max: 0, Diff: 0, Sum: 0, Workers: 4
[3975.542s][debug][gc,phases      ] GC(266)     Total                          Min: 0, Avg:  0.0, Max: 0, Diff: 0, Sum: 0, Workers: 4
[3975.542s][debug][gc,phases      ] GC(266)   Weak JFR Old Object Samples    Min:  0.0, Avg:  0.0, Max:  0.0, Diff:  0.0, Sum:  0.0, Workers: 4
[3975.542s][debug][gc,phases      ] GC(266)     Dead                           Min: 0, Avg:  0.0, Max: 0, Diff: 0, Sum: 0, Workers: 4
[3975.542s][debug][gc,phases      ] GC(266)     Total                          Min: 0, Avg:  0.0, Max: 0, Diff: 0, Sum: 0, Workers: 4
[3975.542s][debug][gc,phases      ] GC(266) Weak Processing 0.344ms
[3975.542s][debug][gc,age         ] GC(266) Desired survivor size 80740352 bytes, new threshold 15 (max threshold 15)
[3975.542s][info ][gc,heap        ] GC(266) PSYoungGen: 1968722K(2007552K)->46834K(2018304K) Eden: 1922048K(1922048K)->0K(1936384K) From: 46674K(85504K)->46834K(81920K)
[3975.542s][info ][gc,heap        ] GC(266) ParOldGen: 944492K(1048576K)->944492K(1048576K)
[3975.542s][info ][gc,metaspace   ] GC(266) Metaspace: 85825K(86720K)->85825K(86720K) NonClass: 73950K(74432K)->73950K(74432K) Class: 11874K(12288K)->11874K(12288K)
[3975.542s][info ][gc             ] GC(266) Pause Young (Allocation Failure) 2844M->968M(2995M) 12.212ms
[3975.542s][info ][gc,cpu         ] GC(266) User=0.05s Sys=0.00s Real=0.02s
[3975.542s][info ][safepoint      ] Safepoint "ParallelGCFailedAllocation", Time since last: 1531400154 ns, Reaching safepoint: 101803 ns, At safepoint: 12305115 ns, Total: 12406918 ns
[3976.542s][info ][safepoint      ] Safepoint "Cleanup", Time since last: 1000080169 ns, Reaching safepoint: 49101 ns, At safepoint: 4200 ns, Total: 53301 ns
[3988.543s][info ][safepoint      ] Safepoint "Cleanup", Time since last: 12000783315 ns, Reaching safepoint: 54102 ns, At safepoint: 28500 ns, Total: 82602 ns
[3993.543s][info ][safepoint      ] Safepoint "Cleanup", Time since last: 5000396934 ns, Reaching safepoint: 58402 ns, At safepoint: 4400 ns, Total: 62802 ns
[3995.544s][info ][safepoint      ] Safepoint "Cleanup", Time since last: 2000178833 ns, Reaching safepoint: 61502 ns, At safepoint: 6400 ns, Total: 67902 ns
[4025.546s][info ][safepoint      ] Safepoint "Cleanup", Time since last: 30002081299 ns, Reaching safepoint: 57801 ns, At safepoint: 5200 ns, Total: 63001 ns
[4026.546s][info ][safepoint      ] Safepoint "Cleanup", Time since last: 1000143463 ns, Reaching safepoint: 45301 ns, At safepoint: 3900 ns, Total: 49201 ns
[4028.546s][info ][safepoint      ] Safepoint "Cleanup", Time since last: 2000199523 ns, Reaching safepoint: 50401 ns, At safepoint: 9601 ns, Total: 60002 ns
[4035.549s][info ][safepoint      ] Safepoint "Cleanup", Time since last: 7000564520 ns, Reaching safepoint: 2154056 ns, At safepoint: 11800 ns, Total: 2165856 ns
[4037.549s][info ][safepoint      ] Safepoint "Cleanup", Time since last: 2000186019 ns, Reaching safepoint: 58402 ns, At safepoint: 4000 ns, Total: 62402 ns
[4040.085s][info ][gc,start       ] GC(267) Pause Young (Allocation Failure)
[4040.097s][debug][gc,phases      ] GC(267) Scavenge 12.473ms
[4040.097s][debug][gc,ref         ] GC(267) Skipped phase 1 of Reference Processing: no references
[4040.097s][debug][gc,ref         ] GC(267) ReferenceProcessor::execute queues: 1, RefProcThreadModel::Single, marks_oops_alive: false
[4040.097s][debug][gc,ref         ] GC(267) Skipped phase 3 of Reference Processing: no references
[4040.097s][debug][gc,ref         ] GC(267) ReferenceProcessor::execute queues: 1, RefProcThreadModel::Single, marks_oops_alive: false
[4040.097s][debug][gc,phases      ] GC(267) Reference Processing 0.119ms
[4040.098s][debug][gc,phases      ] GC(267)   VM Weak                        Min:  0.0, Avg:  0.0, Max:  0.0, Diff:  0.0, Sum:  0.0, Workers: 4
[4040.098s][debug][gc,phases      ] GC(267)     Dead                           Min: 0, Avg:  0.0, Max: 0, Diff: 0, Sum: 0, Workers: 4
[4040.098s][debug][gc,phases      ] GC(267)     Total                          Min: 0, Avg: 181.5, Max: 406, Diff: 406, Sum: 726, Workers: 4
[4040.098s][debug][gc,phases      ] GC(267)   ObjectSynchronizer Weak        Min:  0.0, Avg:  0.0, Max:  0.0, Diff:  0.0, Sum:  0.0, Workers: 4
[4040.098s][debug][gc,phases      ] GC(267)     Dead                           Min: 0, Avg:  0.0, Max: 0, Diff: 0, Sum: 0, Workers: 4
[4040.098s][debug][gc,phases      ] GC(267)     Total                          Min: 0, Avg: 118.8, Max: 192, Diff: 192, Sum: 475, Workers: 4
[4040.098s][debug][gc,phases      ] GC(267)   JVMTI Tag Weak OopStorage      Min:  0.0, Avg:  0.0, Max:  0.0, Diff:  0.0, Sum:  0.0, Workers: 4
[4040.098s][debug][gc,phases      ] GC(267)     Dead                           Min: 0, Avg:  0.0, Max: 0, Diff: 0, Sum: 0, Workers: 4
[4040.098s][debug][gc,phases      ] GC(267)     Total                          Min: 0, Avg:  0.0, Max: 0, Diff: 0, Sum: 0, Workers: 4
[4040.098s][debug][gc,phases      ] GC(267)   StringTable Weak               Min:  0.1, Avg:  0.1, Max:  0.1, Diff:  0.0, Sum:  0.5, Workers: 4
[4040.098s][debug][gc,phases      ] GC(267)     Dead                           Min: 0, Avg:  0.0, Max: 0, Diff: 0, Sum: 0, Workers: 4
[4040.098s][debug][gc,phases      ] GC(267)     Total                          Min: 10688, Avg: 12224.2, Max: 13120, Diff: 2432, Sum: 48897, Workers: 4
[4040.098s][debug][gc,phases      ] GC(267)   ResolvedMethodTable Weak       Min:  0.0, Avg:  0.0, Max:  0.0, Diff:  0.0, Sum:  0.1, Workers: 4
[4040.098s][debug][gc,phases      ] GC(267)     Dead                           Min: 0, Avg:  0.0, Max: 0, Diff: 0, Sum: 0, Workers: 4
[4040.098s][debug][gc,phases      ] GC(267)     Total                          Min: 2063, Avg: 2195.8, Max: 2368, Diff: 305, Sum: 8783, Workers: 4
[4040.098s][debug][gc,phases      ] GC(267)   JNI Weak                       Min:  0.0, Avg:  0.0, Max:  0.0, Diff:  0.0, Sum:  0.0, Workers: 4
[4040.098s][debug][gc,phases      ] GC(267)     Dead                           Min: 0, Avg:  0.0, Max: 0, Diff: 0, Sum: 0, Workers: 4
[4040.098s][debug][gc,phases      ] GC(267)     Total                          Min: 0, Avg:  0.0, Max: 0, Diff: 0, Sum: 0, Workers: 4
[4040.098s][debug][gc,phases      ] GC(267)   StringDedup Table Weak         Min:  0.0, Avg:  0.0, Max:  0.0, Diff:  0.0, Sum:  0.0, Workers: 4
[4040.098s][debug][gc,phases      ] GC(267)     Dead                           Min: 0, Avg:  0.0, Max: 0, Diff: 0, Sum: 0, Workers: 4
[4040.098s][debug][gc,phases      ] GC(267)     Total                          Min: 0, Avg:  0.0, Max: 0, Diff: 0, Sum: 0, Workers: 4
[4040.098s][debug][gc,phases      ] GC(267)   StringDedup Requests0 Weak     Min:  0.0, Avg:  0.0, Max:  0.0, Diff:  0.0, Sum:  0.0, Workers: 4
[4040.098s][debug][gc,phases      ] GC(267)     Dead                           Min: 0, Avg:  0.0, Max: 0, Diff: 0, Sum: 0, Workers: 4
[4040.098s][debug][gc,phases      ] GC(267)     Total                          Min: 0, Avg:  0.0, Max: 0, Diff: 0, Sum: 0, Workers: 4
[4040.098s][debug][gc,phases      ] GC(267)   StringDedup Requests1 Weak     Min:  0.0, Avg:  0.0, Max:  0.0, Diff:  0.0, Sum:  0.0, Workers: 4
[4040.098s][debug][gc,phases      ] GC(267)     Dead                           Min: 0, Avg:  0.0, Max: 0, Diff: 0, Sum: 0, Workers: 4
[4040.098s][debug][gc,phases      ] GC(267)     Total                          Min: 0, Avg:  0.0, Max: 0, Diff: 0, Sum: 0, Workers: 4
[4040.098s][debug][gc,phases      ] GC(267)   Weak JFR Old Object Samples    Min:  0.0, Avg:  0.0, Max:  0.0, Diff:  0.0, Sum:  0.0, Workers: 4
[4040.098s][debug][gc,phases      ] GC(267)     Dead                           Min: 0, Avg:  0.0, Max: 0, Diff: 0, Sum: 0, Workers: 4
[4040.098s][debug][gc,phases      ] GC(267)     Total                          Min: 0, Avg:  0.0, Max: 0, Diff: 0, Sum: 0, Workers: 4
[4040.098s][debug][gc,phases      ] GC(267) Weak Processing 0.340ms
[4040.098s][debug][gc,age         ] GC(267) Desired survivor size 77594624 bytes, new threshold 15 (max threshold 15)
[4040.098s][info ][gc,heap        ] GC(267) PSYoungGen: 1983218K(2018304K)->45794K(2015232K) Eden: 1936384K(1936384K)->0K(1936384K) From: 46834K(81920K)->45794K(78848K)
[4040.098s][info ][gc,heap        ] GC(267) ParOldGen: 944492K(1048576K)->944540K(1048576K)
[4040.098s][info ][gc,metaspace   ] GC(267) Metaspace: 85850K(86784K)->85850K(86784K) NonClass: 73976K(74496K)->73976K(74496K) Class: 11874K(12288K)->11874K(12288K)
[4040.098s][info ][gc             ] GC(267) Pause Young (Allocation Failure) 2859M->967M(2992M) 13.076ms
[4040.098s][info ][gc,cpu         ] GC(267) User=0.05s Sys=0.01s Real=0.01s
[4040.098s][info ][safepoint      ] Safepoint "ParallelGCFailedAllocation", Time since last: 2535396097 ns, Reaching safepoint: 40801 ns, At safepoint: 13175537 ns, Total: 13216338 ns
[4042.098s][info ][safepoint      ] Safepoint "Cleanup", Time since last: 2000145417 ns, Reaching safepoint: 37301 ns, At safepoint: 3400 ns, Total: 40701 ns
[4049.099s][info ][safepoint      ] Safepoint "Cleanup", Time since last: 7000432803 ns, Reaching safepoint: 48101 ns, At safepoint: 4800 ns, Total: 52901 ns
[4058.099s][info ][safepoint      ] Safepoint "Cleanup", Time since last: 9000620909 ns, Reaching safepoint: 66101 ns, At safepoint: 14501 ns, Total: 80602 ns
[4058.751s][info ][gc,start       ] GC(268) Pause Young (Allocation Failure)
[4058.830s][debug][gc,phases      ] GC(268) Scavenge 79.127ms
[4058.830s][debug][gc,ref         ] GC(268) Skipped phase 1 of Reference Processing: no references
[4058.830s][debug][gc,ref         ] GC(268) ReferenceProcessor::execute queues: 1, RefProcThreadModel::Single, marks_oops_alive: false
[4058.830s][debug][gc,ref         ] GC(268) Skipped phase 3 of Reference Processing: no references
[4058.830s][debug][gc,ref         ] GC(268) ReferenceProcessor::execute queues: 1, RefProcThreadModel::Single, marks_oops_alive: false
[4058.830s][debug][gc,phases      ] GC(268) Reference Processing 0.128ms
[4058.830s][debug][gc,phases      ] GC(268)   VM Weak                        Min:  0.0, Avg:  0.0, Max:  0.0, Diff:  0.0, Sum:  0.0, Workers: 4
[4058.830s][debug][gc,phases      ] GC(268)     Dead                           Min: 0, Avg:  0.0, Max: 0, Diff: 0, Sum: 0, Workers: 4
[4058.830s][debug][gc,phases      ] GC(268)     Total                          Min: 0, Avg: 181.5, Max: 726, Diff: 726, Sum: 726, Workers: 4
[4058.830s][debug][gc,phases      ] GC(268)   ObjectSynchronizer Weak        Min:  0.0, Avg:  0.0, Max:  0.0, Diff:  0.0, Sum:  0.0, Workers: 4
[4058.830s][debug][gc,phases      ] GC(268)     Dead                           Min: 0, Avg:  0.0, Max: 0, Diff: 0, Sum: 0, Workers: 4
[4058.830s][debug][gc,phases      ] GC(268)     Total                          Min: 0, Avg: 118.8, Max: 384, Diff: 384, Sum: 475, Workers: 4
[4058.830s][debug][gc,phases      ] GC(268)   JVMTI Tag Weak OopStorage      Min:  0.0, Avg:  0.0, Max:  0.0, Diff:  0.0, Sum:  0.0, Workers: 4
[4058.830s][debug][gc,phases      ] GC(268)     Dead                           Min: 0, Avg:  0.0, Max: 0, Diff: 0, Sum: 0, Workers: 4
[4058.830s][debug][gc,phases      ] GC(268)     Total                          Min: 0, Avg:  0.0, Max: 0, Diff: 0, Sum: 0, Workers: 4
[4058.830s][debug][gc,phases      ] GC(268)   StringTable Weak               Min:  0.1, Avg:  0.1, Max:  0.1, Diff:  0.0, Sum:  0.5, Workers: 4
[4058.830s][debug][gc,phases      ] GC(268)     Dead                           Min: 0, Avg:  0.0, Max: 0, Diff: 0, Sum: 0, Workers: 4
[4058.830s][debug][gc,phases      ] GC(268)     Total                          Min: 11264, Avg: 12224.2, Max: 14208, Diff: 2944, Sum: 48897, Workers: 4
[4058.830s][debug][gc,phases      ] GC(268)   ResolvedMethodTable Weak       Min:  0.0, Avg:  0.0, Max:  0.0, Diff:  0.0, Sum:  0.1, Workers: 4
[4058.830s][debug][gc,phases      ] GC(268)     Dead                           Min: 0, Avg:  0.0, Max: 0, Diff: 0, Sum: 0, Workers: 4
[4058.830s][debug][gc,phases      ] GC(268)     Total                          Min: 1920, Avg: 2195.8, Max: 2447, Diff: 527, Sum: 8783, Workers: 4
[4058.830s][debug][gc,phases      ] GC(268)   JNI Weak                       Min:  0.0, Avg:  0.0, Max:  0.0, Diff:  0.0, Sum:  0.0, Workers: 4
[4058.830s][debug][gc,phases      ] GC(268)     Dead                           Min: 0, Avg:  0.0, Max: 0, Diff: 0, Sum: 0, Workers: 4
[4058.830s][debug][gc,phases      ] GC(268)     Total                          Min: 0, Avg:  0.0, Max: 0, Diff: 0, Sum: 0, Workers: 4
[4058.830s][debug][gc,phases      ] GC(268)   StringDedup Table Weak         Min:  0.0, Avg:  0.0, Max:  0.0, Diff:  0.0, Sum:  0.0, Workers: 4
[4058.830s][debug][gc,phases      ] GC(268)     Dead                           Min: 0, Avg:  0.0, Max: 0, Diff: 0, Sum: 0, Workers: 4
[4058.830s][debug][gc,phases      ] GC(268)     Total                          Min: 0, Avg:  0.0, Max: 0, Diff: 0, Sum: 0, Workers: 4
[4058.830s][debug][gc,phases      ] GC(268)   StringDedup Requests0 Weak     Min:  0.0, Avg:  0.0, Max:  0.0, Diff:  0.0, Sum:  0.0, Workers: 4
[4058.830s][debug][gc,phases      ] GC(268)     Dead                           Min: 0, Avg:  0.0, Max: 0, Diff: 0, Sum: 0, Workers: 4
[4058.830s][debug][gc,phases      ] GC(268)     Total                          Min: 0, Avg:  0.0, Max: 0, Diff: 0, Sum: 0, Workers: 4
[4058.830s][debug][gc,phases      ] GC(268)   StringDedup Requests1 Weak     Min:  0.0, Avg:  0.0, Max:  0.0, Diff:  0.0, Sum:  0.0, Workers: 4
[4058.830s][debug][gc,phases      ] GC(268)     Dead                           Min: 0, Avg:  0.0, Max: 0, Diff: 0, Sum: 0, Workers: 4
[4058.830s][debug][gc,phases      ] GC(268)     Total                          Min: 0, Avg:  0.0, Max: 0, Diff: 0, Sum: 0, Workers: 4
[4058.830s][debug][gc,phases      ] GC(268)   Weak JFR Old Object Samples    Min:  0.0, Avg:  0.0, Max:  0.0, Diff:  0.0, Sum:  0.0, Workers: 4
[4058.830s][debug][gc,phases      ] GC(268)     Dead                           Min: 0, Avg:  0.0, Max: 0, Diff: 0, Sum: 0, Workers: 4
[4058.830s][debug][gc,phases      ] GC(268)     Total                          Min: 0, Avg:  0.0, Max: 0, Diff: 0, Sum: 0, Workers: 4
[4058.830s][debug][gc,phases      ] GC(268) Weak Processing 0.341ms
[4058.830s][debug][gc,age         ] GC(268) Desired survivor size 109051904 bytes, new threshold 14 (max threshold 15)
[4058.830s][info ][gc,heap        ] GC(268) PSYoungGen: 1982178K(2015232K)->75763K(1959936K) Eden: 1936384K(1936384K)->0K(1884160K) From: 45794K(78848K)->75763K(75776K)
[4058.830s][info ][gc,heap        ] GC(268) ParOldGen: 944540K(1048576K)->1004529K(1048576K)
[4058.830s][info ][gc,metaspace   ] GC(268) Metaspace: 85855K(86784K)->85855K(86784K) NonClass: 73980K(74496K)->73980K(74496K) Class: 11874K(12288K)->11874K(12288K)
[4058.830s][info ][gc             ] GC(268) Pause Young (Allocation Failure) 2858M->1054M(2938M) 79.747ms
[4058.830s][info ][gc,cpu         ] GC(268) User=0.30s Sys=0.03s Real=0.08s
[4058.830s][info ][safepoint      ] Safepoint "ParallelGCFailedAllocation", Time since last: 651236041 ns, Reaching safepoint: 43601 ns, At safepoint: 79858041 ns, Total: 79901642 ns
[4060.284s][info ][safepoint      ] Safepoint "Cleanup", Time since last: 1453079632 ns, Reaching safepoint: 158704 ns, At safepoint: 12300 ns, Total: 171004 ns
[4066.134s][info ][gc,start       ] GC(269) Pause Young (Allocation Failure)
[4066.285s][debug][gc,phases      ] GC(269) Scavenge 151.226ms
[4066.286s][debug][gc,ref         ] GC(269) Skipped phase 1 of Reference Processing: no references
[4066.286s][debug][gc,ref         ] GC(269) ReferenceProcessor::execute queues: 1, RefProcThreadModel::Single, marks_oops_alive: false
[4066.286s][debug][gc,ref         ] GC(269) Skipped phase 3 of Reference Processing: no references
[4066.286s][debug][gc,ref         ] GC(269) ReferenceProcessor::execute queues: 1, RefProcThreadModel::Single, marks_oops_alive: false
[4066.286s][debug][gc,phases      ] GC(269) Reference Processing 0.121ms
[4066.286s][debug][gc,phases      ] GC(269)   VM Weak                        Min:  0.0, Avg:  0.0, Max:  0.0, Diff:  0.0, Sum:  0.0, Workers: 4
[4066.286s][debug][gc,phases      ] GC(269)     Dead                           Min: 0, Avg:  0.0, Max: 0, Diff: 0, Sum: 0, Workers: 4
[4066.286s][debug][gc,phases      ] GC(269)     Total                          Min: 0, Avg: 181.5, Max: 726, Diff: 726, Sum: 726, Workers: 4
[4066.286s][debug][gc,phases      ] GC(269)   ObjectSynchronizer Weak        Min:  0.0, Avg:  0.0, Max:  0.0, Diff:  0.0, Sum:  0.0, Workers: 4
[4066.286s][debug][gc,phases      ] GC(269)     Dead                           Min: 0, Avg:  0.0, Max: 0, Diff: 0, Sum: 0, Workers: 4
[4066.286s][debug][gc,phases      ] GC(269)     Total                          Min: 0, Avg: 118.8, Max: 411, Diff: 411, Sum: 475, Workers: 4
[4066.286s][debug][gc,phases      ] GC(269)   JVMTI Tag Weak OopStorage      Min:  0.0, Avg:  0.0, Max:  0.0, Diff:  0.0, Sum:  0.0, Workers: 4
[4066.286s][debug][gc,phases      ] GC(269)     Dead                           Min: 0, Avg:  0.0, Max: 0, Diff: 0, Sum: 0, Workers: 4
[4066.286s][debug][gc,phases      ] GC(269)     Total                          Min: 0, Avg:  0.0, Max: 0, Diff: 0, Sum: 0, Workers: 4
[4066.286s][debug][gc,phases      ] GC(269)   StringTable Weak               Min:  0.1, Avg:  0.1, Max:  0.1, Diff:  0.0, Sum:  0.4, Workers: 4
[4066.286s][debug][gc,phases      ] GC(269)     Dead                           Min: 0, Avg:  0.0, Max: 0, Diff: 0, Sum: 0, Workers: 4
[4066.286s][debug][gc,phases      ] GC(269)     Total                          Min: 11136, Avg: 12224.2, Max: 13312, Diff: 2176, Sum: 48897, Workers: 4
[4066.286s][debug][gc,phases      ] GC(269)   ResolvedMethodTable Weak       Min:  0.0, Avg:  0.0, Max:  0.0, Diff:  0.0, Sum:  0.1, Workers: 4
[4066.286s][debug][gc,phases      ] GC(269)     Dead                           Min: 0, Avg:  0.0, Max: 0, Diff: 0, Sum: 0, Workers: 4
[4066.286s][debug][gc,phases      ] GC(269)     Total                          Min: 1984, Avg: 2195.8, Max: 2639, Diff: 655, Sum: 8783, Workers: 4
[4066.286s][debug][gc,phases      ] GC(269)   JNI Weak                       Min:  0.0, Avg:  0.0, Max:  0.0, Diff:  0.0, Sum:  0.0, Workers: 4
[4066.286s][debug][gc,phases      ] GC(269)     Dead                           Min: 0, Avg:  0.0, Max: 0, Diff: 0, Sum: 0, Workers: 4
[4066.286s][debug][gc,phases      ] GC(269)     Total                          Min: 0, Avg:  0.0, Max: 0, Diff: 0, Sum: 0, Workers: 4
[4066.286s][debug][gc,phases      ] GC(269)   StringDedup Table Weak         Min:  0.0, Avg:  0.0, Max:  0.0, Diff:  0.0, Sum:  0.0, Workers: 4
[4066.286s][debug][gc,phases      ] GC(269)     Dead                           Min: 0, Avg:  0.0, Max: 0, Diff: 0, Sum: 0, Workers: 4
[4066.286s][debug][gc,phases      ] GC(269)     Total                          Min: 0, Avg:  0.0, Max: 0, Diff: 0, Sum: 0, Workers: 4
[4066.286s][debug][gc,phases      ] GC(269)   StringDedup Requests0 Weak     Min:  0.0, Avg:  0.0, Max:  0.0, Diff:  0.0, Sum:  0.0, Workers: 4
[4066.286s][debug][gc,phases      ] GC(269)     Dead                           Min: 0, Avg:  0.0, Max: 0, Diff: 0, Sum: 0, Workers: 4
[4066.286s][debug][gc,phases      ] GC(269)     Total                          Min: 0, Avg:  0.0, Max: 0, Diff: 0, Sum: 0, Workers: 4
[4066.286s][debug][gc,phases      ] GC(269)   StringDedup Requests1 Weak     Min:  0.0, Avg:  0.0, Max:  0.0, Diff:  0.0, Sum:  0.0, Workers: 4
[4066.286s][debug][gc,phases      ] GC(269)     Dead                           Min: 0, Avg:  0.0, Max: 0, Diff: 0, Sum: 0, Workers: 4
[4066.286s][debug][gc,phases      ] GC(269)     Total                          Min: 0, Avg:  0.0, Max: 0, Diff: 0, Sum: 0, Workers: 4
[4066.286s][debug][gc,phases      ] GC(269)   Weak JFR Old Object Samples    Min:  0.0, Avg:  0.0, Max:  0.0, Diff:  0.0, Sum:  0.0, Workers: 4
[4066.286s][debug][gc,phases      ] GC(269)     Dead                           Min: 0, Avg:  0.0, Max: 0, Diff: 0, Sum: 0, Workers: 4
[4066.286s][debug][gc,phases      ] GC(269)     Total                          Min: 0, Avg:  0.0, Max: 0, Diff: 0, Sum: 0, Workers: 4
[4066.286s][debug][gc,phases      ] GC(269) Weak Processing 0.323ms
[4066.603s][info ][gc,promotion   ] GC(269) Promotion failed
[4066.603s][info ][gc,heap        ] GC(269) PSYoungGen: 1959923K(1959936K)->1959923K(1959936K) Eden: 1884160K(1884160K)->1884160K(1884160K) From: 75763K(75776K)->75763K(75776K)
[4066.603s][info ][gc,heap        ] GC(269) ParOldGen: 1004529K(1048576K)->1048570K(1048576K)
[4066.603s][info ][gc,metaspace   ] GC(269) Metaspace: 85855K(86784K)->85855K(86784K) NonClass: 73980K(74496K)->73980K(74496K) Class: 11874K(12288K)->11874K(12288K)
[4066.603s][info ][gc             ] GC(269) Pause Young (Allocation Failure) 2894M->2937M(2938M) 468.521ms
[4066.603s][info ][gc,cpu         ] GC(269) User=0.92s Sys=0.00s Real=0.47s
[4066.603s][debug][gc,phases      ] GC(270) Pre Compact 0.017ms
[4066.603s][info ][gc,start       ] GC(270) Pause Full (Ergonomics)
[4066.603s][info ][gc,phases,start] GC(270) Marking Phase
[4066.806s][debug][gc,phases      ] GC(270) Par Mark 202.906ms
[4066.806s][debug][gc,ref         ] GC(270) ReferenceProcessor::execute queues: 4, RefProcThreadModel::Multi, marks_oops_alive: true
[4066.807s][debug][gc,ref         ] GC(270) ReferenceProcessor::execute queues: 4, RefProcThreadModel::Multi, marks_oops_alive: false
[4066.807s][debug][gc,ref         ] GC(270) Skipped phase 3 of Reference Processing: no references
[4066.807s][debug][gc,ref         ] GC(270) ReferenceProcessor::execute queues: 1, RefProcThreadModel::Single, marks_oops_alive: false
[4066.807s][debug][gc,phases      ] GC(270) Reference Processing 1.065ms
[4066.807s][debug][gc,phases      ] GC(270)   VM Weak                        Min:  0.0, Avg:  0.0, Max:  0.0, Diff:  0.0, Sum:  0.0, Workers: 4
[4066.807s][debug][gc,phases      ] GC(270)     Dead                           Min: 0, Avg: 30.8, Max: 78, Diff: 78, Sum: 123, Workers: 4
[4066.807s][debug][gc,phases      ] GC(270)     Total                          Min: 0, Avg: 181.5, Max: 406, Diff: 406, Sum: 726, Workers: 4
[4066.807s][debug][gc,phases      ] GC(270)   ObjectSynchronizer Weak        Min:  0.0, Avg:  0.0, Max:  0.0, Diff:  0.0, Sum:  0.0, Workers: 4
[4066.807s][debug][gc,phases      ] GC(270)     Dead                           Min: 0, Avg:  0.0, Max: 0, Diff: 0, Sum: 0, Workers: 4
[4066.807s][debug][gc,phases      ] GC(270)     Total                          Min: 64, Avg: 118.8, Max: 192, Diff: 128, Sum: 475, Workers: 4
[4066.807s][debug][gc,phases      ] GC(270)   JVMTI Tag Weak OopStorage      Min:  0.0, Avg:  0.0, Max:  0.0, Diff:  0.0, Sum:  0.0, Workers: 4
[4066.807s][debug][gc,phases      ] GC(270)     Dead                           Min: 0, Avg:  0.0, Max: 0, Diff: 0, Sum: 0, Workers: 4
[4066.807s][debug][gc,phases      ] GC(270)     Total                          Min: 0, Avg:  0.0, Max: 0, Diff: 0, Sum: 0, Workers: 4
[4066.807s][debug][gc,phases      ] GC(270)   StringTable Weak               Min:  0.2, Avg:  0.2, Max:  0.2, Diff:  0.0, Sum:  0.6, Workers: 4
[4066.807s][debug][gc,phases      ] GC(270)     Dead                           Min: 151, Avg: 305.0, Max: 468, Diff: 317, Sum: 1220, Workers: 4
[4066.807s][debug][gc,phases      ] GC(270)     Total                          Min: 10432, Avg: 12224.2, Max: 13184, Diff: 2752, Sum: 48897, Workers: 4
[4066.807s][debug][gc,phases      ] GC(270)   ResolvedMethodTable Weak       Min:  0.0, Avg:  0.0, Max:  0.0, Diff:  0.0, Sum:  0.1, Workers: 4
[4066.807s][debug][gc,phases      ] GC(270)     Dead                           Min: 1, Avg: 29.8, Max: 46, Diff: 45, Sum: 119, Workers: 4
[4066.807s][debug][gc,phases      ] GC(270)     Total                          Min: 1807, Avg: 2195.8, Max: 2432, Diff: 625, Sum: 8783, Workers: 4
[4066.807s][debug][gc,phases      ] GC(270)   JNI Weak                       Min:  0.0, Avg:  0.0, Max:  0.0, Diff:  0.0, Sum:  0.0, Workers: 4
[4066.807s][debug][gc,phases      ] GC(270)     Dead                           Min: 0, Avg:  0.0, Max: 0, Diff: 0, Sum: 0, Workers: 4
[4066.807s][debug][gc,phases      ] GC(270)     Total                          Min: 0, Avg:  0.0, Max: 0, Diff: 0, Sum: 0, Workers: 4
[4066.807s][debug][gc,phases      ] GC(270)   StringDedup Table Weak         Min:  0.0, Avg:  0.0, Max:  0.0, Diff:  0.0, Sum:  0.0, Workers: 4
[4066.807s][debug][gc,phases      ] GC(270)     Dead                           Min: 0, Avg:  0.0, Max: 0, Diff: 0, Sum: 0, Workers: 4
[4066.807s][debug][gc,phases      ] GC(270)     Total                          Min: 0, Avg:  0.0, Max: 0, Diff: 0, Sum: 0, Workers: 4
[4066.807s][debug][gc,phases      ] GC(270)   StringDedup Requests0 Weak     Min:  0.0, Avg:  0.0, Max:  0.0, Diff:  0.0, Sum:  0.0, Workers: 4
[4066.807s][debug][gc,phases      ] GC(270)     Dead                           Min: 0, Avg:  0.0, Max: 0, Diff: 0, Sum: 0, Workers: 4
[4066.807s][debug][gc,phases      ] GC(270)     Total                          Min: 0, Avg:  0.0, Max: 0, Diff: 0, Sum: 0, Workers: 4
[4066.807s][debug][gc,phases      ] GC(270)   StringDedup Requests1 Weak     Min:  0.0, Avg:  0.0, Max:  0.0, Diff:  0.0, Sum:  0.0, Workers: 4
[4066.807s][debug][gc,phases      ] GC(270)     Dead                           Min: 0, Avg:  0.0, Max: 0, Diff: 0, Sum: 0, Workers: 4
[4066.807s][debug][gc,phases      ] GC(270)     Total                          Min: 0, Avg:  0.0, Max: 0, Diff: 0, Sum: 0, Workers: 4
[4066.807s][debug][gc,phases      ] GC(270)   Weak JFR Old Object Samples    Min:  0.0, Avg:  0.0, Max:  0.0, Diff:  0.0, Sum:  0.0, Workers: 4
[4066.807s][debug][gc,phases      ] GC(270)     Dead                           Min: 0, Avg:  0.0, Max: 0, Diff: 0, Sum: 0, Workers: 4
[4066.807s][debug][gc,phases      ] GC(270)     Total                          Min: 0, Avg:  0.0, Max: 0, Diff: 0, Sum: 0, Workers: 4
[4066.807s][debug][gc,phases      ] GC(270) Weak Processing 0.393ms
[4066.808s][debug][gc,phases      ] GC(270) ClassLoaderData 0.678ms
[4066.808s][debug][gc,phases      ] GC(270) Trigger cleanups 0.001ms
[4066.843s][debug][gc,phases      ] GC(270) Class Unloading 35.881ms
[4066.843s][info ][gc,phases      ] GC(270) Marking Phase 240.470ms
[4066.843s][info ][gc,phases,start] GC(270) Summary Phase
[4066.843s][info ][gc,phases      ] GC(270) Summary Phase 0.056ms
[4066.843s][info ][gc,phases,start] GC(270) Adjust Roots
[4066.859s][info ][gc,phases      ] GC(270) Adjust Roots 16.041ms
[4066.859s][info ][gc,phases,start] GC(270) Compaction Phase
[4066.998s][info ][gc,phases      ] GC(270) Compaction Phase 138.241ms
[4066.998s][info ][gc,phases,start] GC(270) Post Compact
[4067.008s][info ][gc,phases      ] GC(270) Post Compact 10.422ms
[4067.008s][info ][gc,heap        ] GC(270) PSYoungGen: 1959923K(1959936K)->0K(1990656K) Eden: 1884160K(1884160K)->0K(1884160K) From: 75763K(75776K)->0K(106496K)
[4067.008s][info ][gc,heap        ] GC(270) ParOldGen: 1048570K(1048576K)->964955K(1048576K)
[4067.008s][info ][gc,metaspace   ] GC(270) Metaspace: 85855K(86784K)->85581K(86784K) NonClass: 73980K(74496K)->73769K(74496K) Class: 11874K(12288K)->11811K(12288K)
[4067.008s][info ][gc             ] GC(270) Pause Full (Ergonomics) 2937M->942M(2968M) 405.459ms
[4067.008s][info ][gc,cpu         ] GC(270) User=1.43s Sys=0.00s Real=0.40s
[4067.008s][info ][safepoint      ] Safepoint "ParallelGCFailedAllocation", Time since last: 5850411098 ns, Reaching safepoint: 112302 ns, At safepoint: 874176538 ns, Total: 874288840 ns
[4067.017s][info ][safepoint      ] Safepoint "ICBufferFull", Time since last: 7235185 ns, Reaching safepoint: 1253132 ns, At safepoint: 7700 ns, Total: 1260832 ns
[4068.017s][info ][safepoint      ] Safepoint "Cleanup", Time since last: 1000122556 ns, Reaching safepoint: 233606 ns, At safepoint: 10200 ns, Total: 243806 ns
[4069.017s][info ][safepoint      ] Safepoint "Cleanup", Time since last: 1000115756 ns, Reaching safepoint: 84202 ns, At safepoint: 3200 ns, Total: 87402 ns
[4070.018s][info ][safepoint      ] Safepoint "Cleanup", Time since last: 1000100955 ns, Reaching safepoint: 83102 ns, At safepoint: 5500 ns, Total: 88602 ns
[4071.018s][info ][safepoint      ] Safepoint "Cleanup", Time since last: 1000110555 ns, Reaching safepoint: 56702 ns, At safepoint: 8700 ns, Total: 65402 ns
[4072.018s][info ][safepoint      ] Safepoint "Cleanup", Time since last: 1000106955 ns, Reaching safepoint: 40601 ns, At safepoint: 5900 ns, Total: 46501 ns
[4073.018s][info ][safepoint      ] Safepoint "Cleanup", Time since last: 1000097454 ns, Reaching safepoint: 115503 ns, At safepoint: 8501 ns, Total: 124004 ns
[4073.518s][info ][safepoint      ] Safepoint "ParallelGCFailedAllocation", Time since last: 500018976 ns, Reaching safepoint: 115603 ns, At safepoint: 26701 ns, Total: 142304 ns
[4073.519s][info ][gc,start       ] GC(271) Pause Young (GCLocker Initiated GC)
[4073.544s][debug][gc,phases      ] GC(271) Scavenge 25.093ms
[4073.544s][debug][gc,ref         ] GC(271) Skipped phase 1 of Reference Processing: no references
[4073.544s][debug][gc,ref         ] GC(271) ReferenceProcessor::execute queues: 1, RefProcThreadModel::Single, marks_oops_alive: false
[4073.544s][debug][gc,ref         ] GC(271) Skipped phase 3 of Reference Processing: no references
[4073.544s][debug][gc,ref         ] GC(271) ReferenceProcessor::execute queues: 1, RefProcThreadModel::Single, marks_oops_alive: false
[4073.544s][debug][gc,phases      ] GC(271) Reference Processing 0.116ms
[4073.544s][debug][gc,phases      ] GC(271)   VM Weak                        Min:  0.0, Avg:  0.0, Max:  0.0, Diff:  0.0, Sum:  0.0, Workers: 4
[4073.544s][debug][gc,phases      ] GC(271)     Dead                           Min: 0, Avg:  0.0, Max: 0, Diff: 0, Sum: 0, Workers: 4
[4073.544s][debug][gc,phases      ] GC(271)     Total                          Min: 0, Avg: 150.8, Max: 380, Diff: 380, Sum: 603, Workers: 4
[4073.544s][debug][gc,phases      ] GC(271)   ObjectSynchronizer Weak        Min:  0.0, Avg:  0.0, Max:  0.0, Diff:  0.0, Sum:  0.0, Workers: 4
[4073.544s][debug][gc,phases      ] GC(271)     Dead                           Min: 0, Avg:  0.0, Max: 0, Diff: 0, Sum: 0, Workers: 4
[4073.544s][debug][gc,phases      ] GC(271)     Total                          Min: 0, Avg: 118.8, Max: 192, Diff: 192, Sum: 475, Workers: 4
[4073.544s][debug][gc,phases      ] GC(271)   JVMTI Tag Weak OopStorage      Min:  0.0, Avg:  0.0, Max:  0.0, Diff:  0.0, Sum:  0.0, Workers: 4
[4073.544s][debug][gc,phases      ] GC(271)     Dead                           Min: 0, Avg:  0.0, Max: 0, Diff: 0, Sum: 0, Workers: 4
[4073.544s][debug][gc,phases      ] GC(271)     Total                          Min: 0, Avg:  0.0, Max: 0, Diff: 0, Sum: 0, Workers: 4
[4073.544s][debug][gc,phases      ] GC(271)   StringTable Weak               Min:  0.1, Avg:  0.1, Max:  0.1, Diff:  0.0, Sum:  0.4, Workers: 4
[4073.544s][debug][gc,phases      ] GC(271)     Dead                           Min: 0, Avg:  0.0, Max: 0, Diff: 0, Sum: 0, Workers: 4
[4073.544s][debug][gc,phases      ] GC(271)     Total                          Min: 11136, Avg: 12224.8, Max: 13184, Diff: 2048, Sum: 48899, Workers: 4
[4073.544s][debug][gc,phases      ] GC(271)   ResolvedMethodTable Weak       Min:  0.0, Avg:  0.0, Max:  0.0, Diff:  0.0, Sum:  0.1, Workers: 4
[4073.544s][debug][gc,phases      ] GC(271)     Dead                           Min: 0, Avg:  0.0, Max: 0, Diff: 0, Sum: 0, Workers: 4
[4073.544s][debug][gc,phases      ] GC(271)     Total                          Min: 2063, Avg: 2195.8, Max: 2432, Diff: 369, Sum: 8783, Workers: 4
[4073.544s][debug][gc,phases      ] GC(271)   JNI Weak                       Min:  0.0, Avg:  0.0, Max:  0.0, Diff:  0.0, Sum:  0.0, Workers: 4
[4073.544s][debug][gc,phases      ] GC(271)     Dead                           Min: 0, Avg:  0.0, Max: 0, Diff: 0, Sum: 0, Workers: 4
[4073.544s][debug][gc,phases      ] GC(271)     Total                          Min: 0, Avg:  0.0, Max: 0, Diff: 0, Sum: 0, Workers: 4
[4073.544s][debug][gc,phases      ] GC(271)   StringDedup Table Weak         Min:  0.0, Avg:  0.0, Max:  0.0, Diff:  0.0, Sum:  0.0, Workers: 4
[4073.544s][debug][gc,phases      ] GC(271)     Dead                           Min: 0, Avg:  0.0, Max: 0, Diff: 0, Sum: 0, Workers: 4
[4073.544s][debug][gc,phases      ] GC(271)     Total                          Min: 0, Avg:  0.0, Max: 0, Diff: 0, Sum: 0, Workers: 4
[4073.544s][debug][gc,phases      ] GC(271)   StringDedup Requests0 Weak     Min:  0.0, Avg:  0.0, Max:  0.0, Diff:  0.0, Sum:  0.0, Workers: 4
[4073.544s][debug][gc,phases      ] GC(271)     Dead                           Min: 0, Avg:  0.0, Max: 0, Diff: 0, Sum: 0, Workers: 4
[4073.544s][debug][gc,phases      ] GC(271)     Total                          Min: 0, Avg:  0.0, Max: 0, Diff: 0, Sum: 0, Workers: 4
[4073.544s][debug][gc,phases      ] GC(271)   StringDedup Requests1 Weak     Min:  0.0, Avg:  0.0, Max:  0.0, Diff:  0.0, Sum:  0.0, Workers: 4
[4073.544s][debug][gc,phases      ] GC(271)     Dead                           Min: 0, Avg:  0.0, Max: 0, Diff: 0, Sum: 0, Workers: 4
[4073.544s][debug][gc,phases      ] GC(271)     Total                          Min: 0, Avg:  0.0, Max: 0, Diff: 0, Sum: 0, Workers: 4
[4073.544s][debug][gc,phases      ] GC(271)   Weak JFR Old Object Samples    Min:  0.0, Avg:  0.0, Max:  0.0, Diff:  0.0, Sum:  0.0, Workers: 4
[4073.544s][debug][gc,phases      ] GC(271)     Dead                           Min: 0, Avg:  0.0, Max: 0, Diff: 0, Sum: 0, Workers: 4
[4073.544s][debug][gc,phases      ] GC(271)     Total                          Min: 0, Avg:  0.0, Max: 0, Diff: 0, Sum: 0, Workers: 4
[4073.544s][debug][gc,phases      ] GC(271) Weak Processing 0.340ms
[4073.544s][debug][gc,age         ] GC(271) Desired survivor size 105381888 bytes, new threshold 15 (max threshold 15)
[4073.544s][info ][gc,heap        ] GC(271) PSYoungGen: 1884160K(1990656K)->43248K(1994240K) Eden: 1884160K(1884160K)->0K(1887744K) From: 0K(106496K)->43248K(106496K)
[4073.544s][info ][gc,heap        ] GC(271) ParOldGen: 965467K(1048576K)->965475K(1048576K)
[4073.544s][info ][gc,metaspace   ] GC(271) Metaspace: 85586K(86784K)->85586K(86784K) NonClass: 73775K(74496K)->73775K(74496K) Class: 11811K(12288K)->11811K(12288K)
[4073.544s][info ][gc             ] GC(271) Pause Young (GCLocker Initiated GC) 2782M->985M(2971M) 25.667ms
[4073.544s][info ][gc,cpu         ] GC(271) User=0.10s Sys=0.00s Real=0.03s
[4073.544s][info ][safepoint      ] Safepoint "ParallelGCSystemGC", Time since last: 68201 ns, Reaching safepoint: 90203 ns, At safepoint: 25759158 ns, Total: 25849361 ns
[4074.544s][info ][safepoint      ] Safepoint "Cleanup", Time since last: 1000083654 ns, Reaching safepoint: 51401 ns, At safepoint: 5000 ns, Total: 56401 ns
[4075.545s][info ][safepoint      ] Safepoint "Cleanup", Time since last: 1000103254 ns, Reaching safepoint: 43901 ns, At safepoint: 3401 ns, Total: 47302 ns
[4076.545s][info ][safepoint      ] Safepoint "Cleanup", Time since last: 1000094753 ns, Reaching safepoint: 45702 ns, At safepoint: 5900 ns, Total: 51602 ns
[4079.545s][info ][safepoint      ] Safepoint "Cleanup", Time since last: 3000218459 ns, Reaching safepoint: 62801 ns, At safepoint: 3500 ns, Total: 66301 ns
[4081.545s][info ][safepoint      ] Safepoint "Cleanup", Time since last: 2000169006 ns, Reaching safepoint: 42601 ns, At safepoint: 19101 ns, Total: 61702 ns
[4082.545s][info ][safepoint      ] Safepoint "Cleanup", Time since last: 1000090853 ns, Reaching safepoint: 74902 ns, At safepoint: 6700 ns, Total: 81602 ns
[4085.546s][info ][safepoint      ] Safepoint "Cleanup", Time since last: 3000217856 ns, Reaching safepoint: 53302 ns, At safepoint: 6100 ns, Total: 59402 ns
[4089.546s][info ][safepoint      ] Safepoint "Cleanup", Time since last: 4000322107 ns, Reaching safepoint: 90503 ns, At safepoint: 8300 ns, Total: 98803 ns
[4090.546s][info ][safepoint      ] Safepoint "Cleanup", Time since last: 1000094852 ns, Reaching safepoint: 46101 ns, At safepoint: 5900 ns, Total: 52001 ns
[4093.546s][info ][safepoint      ] Safepoint "Cleanup", Time since last: 3000224153 ns, Reaching safepoint: 40801 ns, At safepoint: 3400 ns, Total: 44201 ns
[4094.547s][info ][safepoint      ] Safepoint "Cleanup", Time since last: 1000097852 ns, Reaching safepoint: 50401 ns, At safepoint: 6400 ns, Total: 56801 ns
[4095.547s][info ][safepoint      ] Safepoint "Cleanup", Time since last: 1000096751 ns, Reaching safepoint: 46801 ns, At safepoint: 11301 ns, Total: 58102 ns
[4097.547s][info ][safepoint      ] Safepoint "Cleanup", Time since last: 2000160501 ns, Reaching safepoint: 58401 ns, At safepoint: 5301 ns, Total: 63702 ns
[4099.547s][info ][safepoint      ] Safepoint "Cleanup", Time since last: 2000160600 ns, Reaching safepoint: 49901 ns, At safepoint: 6001 ns, Total: 55902 ns
[4100.547s][info ][safepoint      ] Safepoint "Cleanup", Time since last: 1000103650 ns, Reaching safepoint: 56502 ns, At safepoint: 7900 ns, Total: 64402 ns
[4104.548s][info ][safepoint      ] Safepoint "Cleanup", Time since last: 4000308799 ns, Reaching safepoint: 54201 ns, At safepoint: 8700 ns, Total: 62901 ns
[4107.548s][info ][safepoint      ] Safepoint "Cleanup", Time since last: 3000195947 ns, Reaching safepoint: 55601 ns, At safepoint: 12801 ns, Total: 68402 ns
[4108.548s][info ][safepoint      ] Safepoint "Cleanup", Time since last: 1000107549 ns, Reaching safepoint: 42901 ns, At safepoint: 3301 ns, Total: 46202 ns
[4109.548s][info ][safepoint      ] Safepoint "Cleanup", Time since last: 1000099549 ns, Reaching safepoint: 38501 ns, At safepoint: 10500 ns, Total: 49001 ns
[4112.031s][info ][gc,start       ] GC(272) Pause Young (Allocation Failure)
[4112.038s][debug][gc,phases      ] GC(272) Scavenge 7.358ms
[4112.038s][debug][gc,ref         ] GC(272) Skipped phase 1 of Reference Processing: no references
[4112.038s][debug][gc,ref         ] GC(272) ReferenceProcessor::execute queues: 1, RefProcThreadModel::Single, marks_oops_alive: false
[4112.038s][debug][gc,ref         ] GC(272) Skipped phase 3 of Reference Processing: no references
[4112.038s][debug][gc,ref         ] GC(272) ReferenceProcessor::execute queues: 1, RefProcThreadModel::Single, marks_oops_alive: false
[4112.038s][debug][gc,phases      ] GC(272) Reference Processing 0.150ms
[4112.039s][debug][gc,phases      ] GC(272)   VM Weak                        Min:  0.0, Avg:  0.0, Max:  0.0, Diff:  0.0, Sum:  0.0, Workers: 4
[4112.039s][debug][gc,phases      ] GC(272)     Dead                           Min: 0, Avg:  0.0, Max: 0, Diff: 0, Sum: 0, Workers: 4
[4112.039s][debug][gc,phases      ] GC(272)     Total                          Min: 0, Avg: 150.8, Max: 581, Diff: 581, Sum: 603, Workers: 4
[4112.039s][debug][gc,phases      ] GC(272)   ObjectSynchronizer Weak        Min:  0.0, Avg:  0.0, Max:  0.0, Diff:  0.0, Sum:  0.0, Workers: 4
[4112.039s][debug][gc,phases      ] GC(272)     Dead                           Min: 0, Avg:  0.0, Max: 0, Diff: 0, Sum: 0, Workers: 4
[4112.039s][debug][gc,phases      ] GC(272)     Total                          Min: 0, Avg: 118.8, Max: 219, Diff: 219, Sum: 475, Workers: 4
[4112.039s][debug][gc,phases      ] GC(272)   JVMTI Tag Weak OopStorage      Min:  0.0, Avg:  0.0, Max:  0.0, Diff:  0.0, Sum:  0.0, Workers: 4
[4112.039s][debug][gc,phases      ] GC(272)     Dead                           Min: 0, Avg:  0.0, Max: 0, Diff: 0, Sum: 0, Workers: 4
[4112.039s][debug][gc,phases      ] GC(272)     Total                          Min: 0, Avg:  0.0, Max: 0, Diff: 0, Sum: 0, Workers: 4
[4112.039s][debug][gc,phases      ] GC(272)   StringTable Weak               Min:  0.1, Avg:  0.1, Max:  0.1, Diff:  0.0, Sum:  0.6, Workers: 4
[4112.039s][debug][gc,phases      ] GC(272)     Dead                           Min: 0, Avg:  0.0, Max: 0, Diff: 0, Sum: 0, Workers: 4
[4112.039s][debug][gc,phases      ] GC(272)     Total                          Min: 11456, Avg: 12226.2, Max: 13888, Diff: 2432, Sum: 48905, Workers: 4
[4112.039s][debug][gc,phases      ] GC(272)   ResolvedMethodTable Weak       Min:  0.0, Avg:  0.0, Max:  0.0, Diff:  0.0, Sum:  0.1, Workers: 4
[4112.039s][debug][gc,phases      ] GC(272)     Dead                           Min: 0, Avg:  0.0, Max: 0, Diff: 0, Sum: 0, Workers: 4
[4112.039s][debug][gc,phases      ] GC(272)     Total                          Min: 1984, Avg: 2195.8, Max: 2447, Diff: 463, Sum: 8783, Workers: 4
[4112.039s][debug][gc,phases      ] GC(272)   JNI Weak                       Min:  0.0, Avg:  0.0, Max:  0.0, Diff:  0.0, Sum:  0.0, Workers: 4
[4112.039s][debug][gc,phases      ] GC(272)     Dead                           Min: 0, Avg:  0.0, Max: 0, Diff: 0, Sum: 0, Workers: 4
[4112.039s][debug][gc,phases      ] GC(272)     Total                          Min: 0, Avg:  0.0, Max: 0, Diff: 0, Sum: 0, Workers: 4
[4112.039s][debug][gc,phases      ] GC(272)   StringDedup Table Weak         Min:  0.0, Avg:  0.0, Max:  0.0, Diff:  0.0, Sum:  0.0, Workers: 4
[4112.039s][debug][gc,phases      ] GC(272)     Dead                           Min: 0, Avg:  0.0, Max: 0, Diff: 0, Sum: 0, Workers: 4
[4112.039s][debug][gc,phases      ] GC(272)     Total                          Min: 0, Avg:  0.0, Max: 0, Diff: 0, Sum: 0, Workers: 4
[4112.039s][debug][gc,phases      ] GC(272)   StringDedup Requests0 Weak     Min:  0.0, Avg:  0.0, Max:  0.0, Diff:  0.0, Sum:  0.0, Workers: 4
[4112.039s][debug][gc,phases      ] GC(272)     Dead                           Min: 0, Avg:  0.0, Max: 0, Diff: 0, Sum: 0, Workers: 4
[4112.039s][debug][gc,phases      ] GC(272)     Total                          Min: 0, Avg:  0.0, Max: 0, Diff: 0, Sum: 0, Workers: 4
[4112.039s][debug][gc,phases      ] GC(272)   StringDedup Requests1 Weak     Min:  0.0, Avg:  0.0, Max:  0.0, Diff:  0.0, Sum:  0.0, Workers: 4
[4112.039s][debug][gc,phases      ] GC(272)     Dead                           Min: 0, Avg:  0.0, Max: 0, Diff: 0, Sum: 0, Workers: 4
[4112.039s][debug][gc,phases      ] GC(272)     Total                          Min: 0, Avg:  0.0, Max: 0, Diff: 0, Sum: 0, Workers: 4
[4112.039s][debug][gc,phases      ] GC(272)   Weak JFR Old Object Samples    Min:  0.0, Avg:  0.0, Max:  0.0, Diff:  0.0, Sum:  0.0, Workers: 4
[4112.039s][debug][gc,phases      ] GC(272)     Dead                           Min: 0, Avg:  0.0, Max: 0, Diff: 0, Sum: 0, Workers: 4
[4112.039s][debug][gc,phases      ] GC(272)     Total                          Min: 0, Avg:  0.0, Max: 0, Diff: 0, Sum: 0, Workers: 4
[4112.039s][debug][gc,phases      ] GC(272) Weak Processing 0.380ms
[4112.039s][debug][gc,age         ] GC(272) Desired survivor size 106954752 bytes, new threshold 15 (max threshold 15)
[4112.039s][info ][gc,heap        ] GC(272) PSYoungGen: 1930992K(1994240K)->16864K(1990656K) Eden: 1887744K(1887744K)->0K(1887744K) From: 43248K(106496K)->16864K(102912K)
[4112.039s][info ][gc,heap        ] GC(272) ParOldGen: 965483K(1048576K)->965483K(1048576K)
[4112.039s][info ][gc,metaspace   ] GC(272) Metaspace: 85589K(86784K)->85589K(86784K) NonClass: 73778K(74496K)->73778K(74496K) Class: 11811K(12288K)->11811K(12288K)
[4112.039s][info ][gc             ] GC(272) Pause Young (Allocation Failure) 2828M->959M(2968M) 8.030ms
[4112.039s][info ][gc,cpu         ] GC(272) User=0.03s Sys=0.00s Real=0.01s
[4112.039s][info ][safepoint      ] Safepoint "ParallelGCFailedAllocation", Time since last: 2482265014 ns, Reaching safepoint: 101802 ns, At safepoint: 8136708 ns, Total: 8238510 ns
[4113.039s][info ][safepoint      ] Safepoint "Cleanup", Time since last: 1000087149 ns, Reaching safepoint: 55001 ns, At safepoint: 6300 ns, Total: 61301 ns
[4120.040s][info ][safepoint      ] Safepoint "Cleanup", Time since last: 7000574936 ns, Reaching safepoint: 61301 ns, At safepoint: 8500 ns, Total: 69801 ns
[4121.040s][info ][safepoint      ] Safepoint "Cleanup", Time since last: 1000099248 ns, Reaching safepoint: 53402 ns, At safepoint: 6600 ns, Total: 60002 ns
[4123.040s][info ][safepoint      ] Safepoint "Cleanup", Time since last: 2000164994 ns, Reaching safepoint: 52301 ns, At safepoint: 11201 ns, Total: 63502 ns
[4133.041s][info ][safepoint      ] Safepoint "Cleanup", Time since last: 10000731161 ns, Reaching safepoint: 51502 ns, At safepoint: 5200 ns, Total: 56702 ns
[4137.041s][info ][safepoint      ] Safepoint "Cleanup", Time since last: 4000250580 ns, Reaching safepoint: 29300 ns, At safepoint: 4201 ns, Total: 33501 ns
[4144.042s][info ][safepoint      ] Safepoint "Cleanup", Time since last: 7000498711 ns, Reaching safepoint: 55002 ns, At safepoint: 14400 ns, Total: 69402 ns
[4145.561s][info ][gc,start       ] GC(273) Pause Young (Allocation Failure)
[4145.569s][debug][gc,phases      ] GC(273) Scavenge 8.096ms
[4145.569s][debug][gc,ref         ] GC(273) Skipped phase 1 of Reference Processing: no references
[4145.569s][debug][gc,ref         ] GC(273) ReferenceProcessor::execute queues: 1, RefProcThreadModel::Single, marks_oops_alive: false
[4145.569s][debug][gc,ref         ] GC(273) Skipped phase 3 of Reference Processing: no references
[4145.569s][debug][gc,ref         ] GC(273) ReferenceProcessor::execute queues: 1, RefProcThreadModel::Single, marks_oops_alive: false
[4145.569s][debug][gc,phases      ] GC(273) Reference Processing 0.123ms
[4145.569s][debug][gc,phases      ] GC(273)   VM Weak                        Min:  0.0, Avg:  0.0, Max:  0.0, Diff:  0.0, Sum:  0.0, Workers: 4
[4145.569s][debug][gc,phases      ] GC(273)     Dead                           Min: 0, Avg:  0.0, Max: 0, Diff: 0, Sum: 0, Workers: 4
[4145.569s][debug][gc,phases      ] GC(273)     Total                          Min: 0, Avg: 150.8, Max: 347, Diff: 347, Sum: 603, Workers: 4
[4145.569s][debug][gc,phases      ] GC(273)   ObjectSynchronizer Weak        Min:  0.0, Avg:  0.0, Max:  0.0, Diff:  0.0, Sum:  0.0, Workers: 4
[4145.569s][debug][gc,phases      ] GC(273)     Dead                           Min: 0, Avg:  0.0, Max: 0, Diff: 0, Sum: 0, Workers: 4
[4145.569s][debug][gc,phases      ] GC(273)     Total                          Min: 0, Avg: 118.8, Max: 256, Diff: 256, Sum: 475, Workers: 4
[4145.569s][debug][gc,phases      ] GC(273)   JVMTI Tag Weak OopStorage      Min:  0.0, Avg:  0.0, Max:  0.0, Diff:  0.0, Sum:  0.0, Workers: 4
[4145.569s][debug][gc,phases      ] GC(273)     Dead                           Min: 0, Avg:  0.0, Max: 0, Diff: 0, Sum: 0, Workers: 4
[4145.569s][debug][gc,phases      ] GC(273)     Total                          Min: 0, Avg:  0.0, Max: 0, Diff: 0, Sum: 0, Workers: 4
[4145.569s][debug][gc,phases      ] GC(273)   StringTable Weak               Min:  0.1, Avg:  0.1, Max:  0.1, Diff:  0.0, Sum:  0.5, Workers: 4
[4145.569s][debug][gc,phases      ] GC(273)     Dead                           Min: 0, Avg:  0.0, Max: 0, Diff: 0, Sum: 0, Workers: 4
[4145.569s][debug][gc,phases      ] GC(273)     Total                          Min: 9545, Avg: 12226.2, Max: 13376, Diff: 3831, Sum: 48905, Workers: 4
[4145.569s][debug][gc,phases      ] GC(273)   ResolvedMethodTable Weak       Min:  0.0, Avg:  0.0, Max:  0.0, Diff:  0.0, Sum:  0.1, Workers: 4
[4145.569s][debug][gc,phases      ] GC(273)     Dead                           Min: 0, Avg:  0.0, Max: 0, Diff: 0, Sum: 0, Workers: 4
[4145.569s][debug][gc,phases      ] GC(273)     Total                          Min: 1855, Avg: 2195.8, Max: 2448, Diff: 593, Sum: 8783, Workers: 4
[4145.569s][debug][gc,phases      ] GC(273)   JNI Weak                       Min:  0.0, Avg:  0.0, Max:  0.0, Diff:  0.0, Sum:  0.0, Workers: 4
[4145.569s][debug][gc,phases      ] GC(273)     Dead                           Min: 0, Avg:  0.0, Max: 0, Diff: 0, Sum: 0, Workers: 4
[4145.569s][debug][gc,phases      ] GC(273)     Total                          Min: 0, Avg:  0.0, Max: 0, Diff: 0, Sum: 0, Workers: 4
[4145.569s][debug][gc,phases      ] GC(273)   StringDedup Table Weak         Min:  0.0, Avg:  0.0, Max:  0.0, Diff:  0.0, Sum:  0.0, Workers: 4
[4145.569s][debug][gc,phases      ] GC(273)     Dead                           Min: 0, Avg:  0.0, Max: 0, Diff: 0, Sum: 0, Workers: 4
[4145.569s][debug][gc,phases      ] GC(273)     Total                          Min: 0, Avg:  0.0, Max: 0, Diff: 0, Sum: 0, Workers: 4
[4145.569s][debug][gc,phases      ] GC(273)   StringDedup Requests0 Weak     Min:  0.0, Avg:  0.0, Max:  0.0, Diff:  0.0, Sum:  0.0, Workers: 4
[4145.569s][debug][gc,phases      ] GC(273)     Dead                           Min: 0, Avg:  0.0, Max: 0, Diff: 0, Sum: 0, Workers: 4
[4145.569s][debug][gc,phases      ] GC(273)     Total                          Min: 0, Avg:  0.0, Max: 0, Diff: 0, Sum: 0, Workers: 4
[4145.569s][debug][gc,phases      ] GC(273)   StringDedup Requests1 Weak     Min:  0.0, Avg:  0.0, Max:  0.0, Diff:  0.0, Sum:  0.0, Workers: 4
[4145.569s][debug][gc,phases      ] GC(273)     Dead                           Min: 0, Avg:  0.0, Max: 0, Diff: 0, Sum: 0, Workers: 4
[4145.569s][debug][gc,phases      ] GC(273)     Total                          Min: 0, Avg:  0.0, Max: 0, Diff: 0, Sum: 0, Workers: 4
[4145.569s][debug][gc,phases      ] GC(273)   Weak JFR Old Object Samples    Min:  0.0, Avg:  0.0, Max:  0.0, Diff:  0.0, Sum:  0.0, Workers: 4
[4145.569s][debug][gc,phases      ] GC(273)     Dead                           Min: 0, Avg:  0.0, Max: 0, Diff: 0, Sum: 0, Workers: 4
[4145.569s][debug][gc,phases      ] GC(273)     Total                          Min: 0, Avg:  0.0, Max: 0, Diff: 0, Sum: 0, Workers: 4
[4145.569s][debug][gc,phases      ] GC(273) Weak Processing 0.372ms
[4145.569s][debug][gc,age         ] GC(273) Desired survivor size 106430464 bytes, new threshold 15 (max threshold 15)
[4145.569s][info ][gc,heap        ] GC(273) PSYoungGen: 1904608K(1990656K)->19824K(1993216K) Eden: 1887744K(1887744K)->0K(1888768K) From: 16864K(102912K)->19824K(104448K)
[4145.569s][info ][gc,heap        ] GC(273) ParOldGen: 965483K(1048576K)->965483K(1048576K)
[4145.569s][info ][gc,metaspace   ] GC(273) Metaspace: 85596K(86784K)->85596K(86784K) NonClass: 73784K(74496K)->73784K(74496K) Class: 11811K(12288K)->11811K(12288K)
[4145.569s][info ][gc             ] GC(273) Pause Young (Allocation Failure) 2802M->962M(2970M) 8.730ms
[4145.569s][info ][gc,cpu         ] GC(273) User=0.04s Sys=0.00s Real=0.01s
[4145.569s][info ][safepoint      ] Safepoint "ParallelGCFailedAllocation", Time since last: 1518787893 ns, Reaching safepoint: 31101 ns, At safepoint: 8824325 ns, Total: 8855426 ns
[4148.570s][info ][safepoint      ] Safepoint "Cleanup", Time since last: 3000250532 ns, Reaching safepoint: 43001 ns, At safepoint: 4800 ns, Total: 47801 ns
[4156.570s][info ][safepoint      ] Safepoint "Cleanup", Time since last: 8000574344 ns, Reaching safepoint: 55402 ns, At safepoint: 3900 ns, Total: 59302 ns
[4160.571s][info ][safepoint      ] Safepoint "Cleanup", Time since last: 4000306770 ns, Reaching safepoint: 54101 ns, At safepoint: 4400 ns, Total: 58501 ns
[4165.571s][info ][safepoint      ] Safepoint "Cleanup", Time since last: 5000385109 ns, Reaching safepoint: 61202 ns, At safepoint: 8300 ns, Total: 69502 ns
[4171.572s][info ][safepoint      ] Safepoint "Cleanup", Time since last: 6000398446 ns, Reaching safepoint: 53701 ns, At safepoint: 6100 ns, Total: 59801 ns
[4172.955s][info ][safepoint      ] Safepoint "Cleanup", Time since last: 1383131224 ns, Reaching safepoint: 126603 ns, At safepoint: 32901 ns, Total: 159504 ns
[4174.955s][info ][safepoint      ] Safepoint "Cleanup", Time since last: 2000194982 ns, Reaching safepoint: 65401 ns, At safepoint: 11801 ns, Total: 77202 ns
[4175.955s][info ][safepoint      ] Safepoint "Cleanup", Time since last: 1000100541 ns, Reaching safepoint: 55701 ns, At safepoint: 5700 ns, Total: 61401 ns
[4176.955s][info ][safepoint      ] Safepoint "Cleanup", Time since last: 1000099441 ns, Reaching safepoint: 83502 ns, At safepoint: 9000 ns, Total: 92502 ns
[4177.589s][info ][gc,start       ] GC(274) Pause Young (Allocation Failure)
[4177.601s][debug][gc,phases      ] GC(274) Scavenge 11.309ms
[4177.601s][debug][gc,ref         ] GC(274) Skipped phase 1 of Reference Processing: no references
[4177.601s][debug][gc,ref         ] GC(274) ReferenceProcessor::execute queues: 1, RefProcThreadModel::Single, marks_oops_alive: false
[4177.601s][debug][gc,ref         ] GC(274) Skipped phase 3 of Reference Processing: no references
[4177.601s][debug][gc,ref         ] GC(274) ReferenceProcessor::execute queues: 1, RefProcThreadModel::Single, marks_oops_alive: false
[4177.601s][debug][gc,phases      ] GC(274) Reference Processing 0.123ms
[4177.601s][debug][gc,phases      ] GC(274)   VM Weak                        Min:  0.0, Avg:  0.0, Max:  0.0, Diff:  0.0, Sum:  0.0, Workers: 4
[4177.601s][debug][gc,phases      ] GC(274)     Dead                           Min: 0, Avg:  0.0, Max: 0, Diff: 0, Sum: 0, Workers: 4
[4177.601s][debug][gc,phases      ] GC(274)     Total                          Min: 0, Avg: 151.8, Max: 371, Diff: 371, Sum: 607, Workers: 4
[4177.601s][debug][gc,phases      ] GC(274)   ObjectSynchronizer Weak        Min:  0.0, Avg:  0.0, Max:  0.0, Diff:  0.0, Sum:  0.0, Workers: 4
[4177.601s][debug][gc,phases      ] GC(274)     Dead                           Min: 0, Avg:  0.2, Max: 1, Diff: 1, Sum: 1, Workers: 4
[4177.601s][debug][gc,phases      ] GC(274)     Total                          Min: 0, Avg: 119.5, Max: 192, Diff: 192, Sum: 478, Workers: 4
[4177.601s][debug][gc,phases      ] GC(274)   JVMTI Tag Weak OopStorage      Min:  0.0, Avg:  0.0, Max:  0.0, Diff:  0.0, Sum:  0.0, Workers: 4
[4177.601s][debug][gc,phases      ] GC(274)     Dead                           Min: 0, Avg:  0.0, Max: 0, Diff: 0, Sum: 0, Workers: 4
[4177.601s][debug][gc,phases      ] GC(274)     Total                          Min: 0, Avg:  0.0, Max: 0, Diff: 0, Sum: 0, Workers: 4
[4177.601s][debug][gc,phases      ] GC(274)   StringTable Weak               Min:  0.1, Avg:  0.1, Max:  0.1, Diff:  0.0, Sum:  0.5, Workers: 4
[4177.601s][debug][gc,phases      ] GC(274)     Dead                           Min: 0, Avg:  0.5, Max: 2, Diff: 2, Sum: 2, Workers: 4
[4177.601s][debug][gc,phases      ] GC(274)     Total                          Min: 11455, Avg: 12227.0, Max: 12608, Diff: 1153, Sum: 48908, Workers: 4
[4177.601s][debug][gc,phases      ] GC(274)   ResolvedMethodTable Weak       Min:  0.0, Avg:  0.0, Max:  0.0, Diff:  0.0, Sum:  0.1, Workers: 4
[4177.601s][debug][gc,phases      ] GC(274)     Dead                           Min: 0, Avg:  0.0, Max: 0, Diff: 0, Sum: 0, Workers: 4
[4177.601s][debug][gc,phases      ] GC(274)     Total                          Min: 1792, Avg: 2198.5, Max: 2496, Diff: 704, Sum: 8794, Workers: 4
[4177.601s][debug][gc,phases      ] GC(274)   JNI Weak                       Min:  0.0, Avg:  0.0, Max:  0.0, Diff:  0.0, Sum:  0.0, Workers: 4
[4177.601s][debug][gc,phases      ] GC(274)     Dead                           Min: 0, Avg:  0.0, Max: 0, Diff: 0, Sum: 0, Workers: 4
[4177.601s][debug][gc,phases      ] GC(274)     Total                          Min: 0, Avg:  0.0, Max: 0, Diff: 0, Sum: 0, Workers: 4
[4177.601s][debug][gc,phases      ] GC(274)   StringDedup Table Weak         Min:  0.0, Avg:  0.0, Max:  0.0, Diff:  0.0, Sum:  0.0, Workers: 4
[4177.601s][debug][gc,phases      ] GC(274)     Dead                           Min: 0, Avg:  0.0, Max: 0, Diff: 0, Sum: 0, Workers: 4
[4177.601s][debug][gc,phases      ] GC(274)     Total                          Min: 0, Avg:  0.0, Max: 0, Diff: 0, Sum: 0, Workers: 4
[4177.601s][debug][gc,phases      ] GC(274)   StringDedup Requests0 Weak     Min:  0.0, Avg:  0.0, Max:  0.0, Diff:  0.0, Sum:  0.0, Workers: 4
[4177.601s][debug][gc,phases      ] GC(274)     Dead                           Min: 0, Avg:  0.0, Max: 0, Diff: 0, Sum: 0, Workers: 4
[4177.601s][debug][gc,phases      ] GC(274)     Total                          Min: 0, Avg:  0.0, Max: 0, Diff: 0, Sum: 0, Workers: 4
[4177.601s][debug][gc,phases      ] GC(274)   StringDedup Requests1 Weak     Min:  0.0, Avg:  0.0, Max:  0.0, Diff:  0.0, Sum:  0.0, Workers: 4
[4177.601s][debug][gc,phases      ] GC(274)     Dead                           Min: 0, Avg:  0.0, Max: 0, Diff: 0, Sum: 0, Workers: 4
[4177.601s][debug][gc,phases      ] GC(274)     Total                          Min: 0, Avg:  0.0, Max: 0, Diff: 0, Sum: 0, Workers: 4
[4177.601s][debug][gc,phases      ] GC(274)   Weak JFR Old Object Samples    Min:  0.0, Avg:  0.0, Max:  0.0, Diff:  0.0, Sum:  0.0, Workers: 4
[4177.601s][debug][gc,phases      ] GC(274)     Dead                           Min: 0, Avg:  0.0, Max: 0, Diff: 0, Sum: 0, Workers: 4
[4177.601s][debug][gc,phases      ] GC(274)     Total                          Min: 0, Avg:  0.0, Max: 0, Diff: 0, Sum: 0, Workers: 4
[4177.601s][debug][gc,phases      ] GC(274) Weak Processing 0.349ms
[4177.601s][debug][gc,age         ] GC(274) Desired survivor size 104333312 bytes, new threshold 15 (max threshold 15)
[4177.601s][info ][gc,heap        ] GC(274) PSYoungGen: 1908592K(1993216K)->24096K(1992704K) Eden: 1888768K(1888768K)->0K(1888768K) From: 19824K(104448K)->24096K(103936K)
[4177.601s][info ][gc,heap        ] GC(274) ParOldGen: 965483K(1048576K)->965491K(1048576K)
[4177.601s][info ][gc,metaspace   ] GC(274) Metaspace: 85632K(86784K)->85632K(86784K) NonClass: 73811K(74496K)->73811K(74496K) Class: 11821K(12288K)->11821K(12288K)
[4177.601s][info ][gc             ] GC(274) Pause Young (Allocation Failure) 2806M->966M(2970M) 11.914ms
[4177.601s][info ][gc,cpu         ] GC(274) User=0.05s Sys=0.00s Real=0.01s
[4177.601s][info ][safepoint      ] Safepoint "ParallelGCFailedAllocation", Time since last: 633679483 ns, Reaching safepoint: 120403 ns, At safepoint: 12007807 ns, Total: 12128210 ns
[4179.358s][info ][safepoint      ] Safepoint "Cleanup", Time since last: 1756881167 ns, Reaching safepoint: 326809 ns, At safepoint: 16200 ns, Total: 343009 ns
[4180.359s][info ][safepoint      ] Safepoint "Cleanup", Time since last: 1000102741 ns, Reaching safepoint: 91602 ns, At safepoint: 8500 ns, Total: 100102 ns
[4181.359s][info ][safepoint      ] Safepoint "Cleanup", Time since last: 1000109841 ns, Reaching safepoint: 66602 ns, At safepoint: 5800 ns, Total: 72402 ns
[4182.359s][info ][safepoint      ] Safepoint "Cleanup", Time since last: 1000110640 ns, Reaching safepoint: 60202 ns, At safepoint: 3400 ns, Total: 63602 ns
[4183.359s][info ][safepoint      ] Safepoint "Cleanup", Time since last: 1000113340 ns, Reaching safepoint: 40101 ns, At safepoint: 3200 ns, Total: 43301 ns
[4184.359s][info ][safepoint      ] Safepoint "Cleanup", Time since last: 1000085140 ns, Reaching safepoint: 54101 ns, At safepoint: 4500 ns, Total: 58601 ns
[4188.277s][info ][gc,start       ] GC(275) Pause Young (Allocation Failure)
[4188.300s][debug][gc,phases      ] GC(275) Scavenge 22.602ms
[4188.300s][debug][gc,ref         ] GC(275) Skipped phase 1 of Reference Processing: no references
[4188.300s][debug][gc,ref         ] GC(275) ReferenceProcessor::execute queues: 1, RefProcThreadModel::Single, marks_oops_alive: false
[4188.300s][debug][gc,ref         ] GC(275) Skipped phase 3 of Reference Processing: no references
[4188.300s][debug][gc,ref         ] GC(275) ReferenceProcessor::execute queues: 1, RefProcThreadModel::Single, marks_oops_alive: false
[4188.300s][debug][gc,phases      ] GC(275) Reference Processing 0.125ms
[4188.300s][debug][gc,phases      ] GC(275)   VM Weak                        Min:  0.0, Avg:  0.0, Max:  0.0, Diff:  0.0, Sum:  0.0, Workers: 4
[4188.300s][debug][gc,phases      ] GC(275)     Dead                           Min: 0, Avg:  0.0, Max: 0, Diff: 0, Sum: 0, Workers: 4
[4188.300s][debug][gc,phases      ] GC(275)     Total                          Min: 0, Avg: 151.8, Max: 607, Diff: 607, Sum: 607, Workers: 4
[4188.300s][debug][gc,phases      ] GC(275)   ObjectSynchronizer Weak        Min:  0.0, Avg:  0.0, Max:  0.0, Diff:  0.0, Sum:  0.0, Workers: 4
[4188.300s][debug][gc,phases      ] GC(275)     Dead                           Min: 0, Avg:  0.0, Max: 0, Diff: 0, Sum: 0, Workers: 4
[4188.300s][debug][gc,phases      ] GC(275)     Total                          Min: 0, Avg: 119.5, Max: 478, Diff: 478, Sum: 478, Workers: 4
[4188.300s][debug][gc,phases      ] GC(275)   JVMTI Tag Weak OopStorage      Min:  0.0, Avg:  0.0, Max:  0.0, Diff:  0.0, Sum:  0.0, Workers: 4
[4188.300s][debug][gc,phases      ] GC(275)     Dead                           Min: 0, Avg:  0.0, Max: 0, Diff: 0, Sum: 0, Workers: 4
[4188.300s][debug][gc,phases      ] GC(275)     Total                          Min: 0, Avg:  0.0, Max: 0, Diff: 0, Sum: 0, Workers: 4
[4188.300s][debug][gc,phases      ] GC(275)   StringTable Weak               Min:  0.1, Avg:  0.1, Max:  0.1, Diff:  0.0, Sum:  0.5, Workers: 4
[4188.300s][debug][gc,phases      ] GC(275)     Dead                           Min: 0, Avg:  0.0, Max: 0, Diff: 0, Sum: 0, Workers: 4
[4188.300s][debug][gc,phases      ] GC(275)     Total                          Min: 10880, Avg: 12229.0, Max: 13716, Diff: 2836, Sum: 48916, Workers: 4
[4188.300s][debug][gc,phases      ] GC(275)   ResolvedMethodTable Weak       Min:  0.0, Avg:  0.0, Max:  0.0, Diff:  0.0, Sum:  0.1, Workers: 4
[4188.300s][debug][gc,phases      ] GC(275)     Dead                           Min: 0, Avg:  0.0, Max: 0, Diff: 0, Sum: 0, Workers: 4
[4188.300s][debug][gc,phases      ] GC(275)     Total                          Min: 1984, Avg: 2198.5, Max: 2304, Diff: 320, Sum: 8794, Workers: 4
[4188.300s][debug][gc,phases      ] GC(275)   JNI Weak                       Min:  0.0, Avg:  0.0, Max:  0.0, Diff:  0.0, Sum:  0.0, Workers: 4
[4188.300s][debug][gc,phases      ] GC(275)     Dead                           Min: 0, Avg:  0.0, Max: 0, Diff: 0, Sum: 0, Workers: 4
[4188.300s][debug][gc,phases      ] GC(275)     Total                          Min: 0, Avg:  0.0, Max: 0, Diff: 0, Sum: 0, Workers: 4
[4188.300s][debug][gc,phases      ] GC(275)   StringDedup Table Weak         Min:  0.0, Avg:  0.0, Max:  0.0, Diff:  0.0, Sum:  0.0, Workers: 4
[4188.300s][debug][gc,phases      ] GC(275)     Dead                           Min: 0, Avg:  0.0, Max: 0, Diff: 0, Sum: 0, Workers: 4
[4188.300s][debug][gc,phases      ] GC(275)     Total                          Min: 0, Avg:  0.0, Max: 0, Diff: 0, Sum: 0, Workers: 4
[4188.300s][debug][gc,phases      ] GC(275)   StringDedup Requests0 Weak     Min:  0.0, Avg:  0.0, Max:  0.0, Diff:  0.0, Sum:  0.0, Workers: 4
[4188.300s][debug][gc,phases      ] GC(275)     Dead                           Min: 0, Avg:  0.0, Max: 0, Diff: 0, Sum: 0, Workers: 4
[4188.300s][debug][gc,phases      ] GC(275)     Total                          Min: 0, Avg:  0.0, Max: 0, Diff: 0, Sum: 0, Workers: 4
[4188.300s][debug][gc,phases      ] GC(275)   StringDedup Requests1 Weak     Min:  0.0, Avg:  0.0, Max:  0.0, Diff:  0.0, Sum:  0.0, Workers: 4
[4188.300s][debug][gc,phases      ] GC(275)     Dead                           Min: 0, Avg:  0.0, Max: 0, Diff: 0, Sum: 0, Workers: 4
[4188.300s][debug][gc,phases      ] GC(275)     Total                          Min: 0, Avg:  0.0, Max: 0, Diff: 0, Sum: 0, Workers: 4
[4188.300s][debug][gc,phases      ] GC(275)   Weak JFR Old Object Samples    Min:  0.0, Avg:  0.0, Max:  0.0, Diff:  0.0, Sum:  0.0, Workers: 4
[4188.300s][debug][gc,phases      ] GC(275)     Dead                           Min: 0, Avg:  0.0, Max: 0, Diff: 0, Sum: 0, Workers: 4
[4188.300s][debug][gc,phases      ] GC(275)     Total                          Min: 0, Avg:  0.0, Max: 0, Diff: 0, Sum: 0, Workers: 4
[4188.300s][debug][gc,phases      ] GC(275) Weak Processing 0.356ms
[4188.300s][debug][gc,age         ] GC(275) Desired survivor size 105906176 bytes, new threshold 15 (max threshold 15)
[4188.300s][info ][gc,heap        ] GC(275) PSYoungGen: 1912864K(1992704K)->63696K(1992192K) Eden: 1888768K(1888768K)->0K(1890304K) From: 24096K(103936K)->63696K(101888K)
[4188.300s][info ][gc,heap        ] GC(275) ParOldGen: 965491K(1048576K)->965491K(1048576K)
[4188.300s][info ][gc,metaspace   ] GC(275) Metaspace: 85646K(86784K)->85646K(86784K) NonClass: 73825K(74496K)->73825K(74496K) Class: 11821K(12288K)->11821K(12288K)
[4188.300s][info ][gc             ] GC(275) Pause Young (Allocation Failure) 2810M->1005M(2969M) 23.231ms
[4188.300s][info ][gc,cpu         ] GC(275) User=0.09s Sys=0.00s Real=0.02s
[4188.300s][info ][safepoint      ] Safepoint "ParallelGCFailedAllocation", Time since last: 3917534143 ns, Reaching safepoint: 107203 ns, At safepoint: 23322195 ns, Total: 23429398 ns
[4190.301s][info ][safepoint      ] Safepoint "Cleanup", Time since last: 2000183178 ns, Reaching safepoint: 67302 ns, At safepoint: 10800 ns, Total: 78102 ns
[4191.301s][info ][safepoint      ] Safepoint "Cleanup", Time since last: 1000114440 ns, Reaching safepoint: 156604 ns, At safepoint: 20300 ns, Total: 176904 ns
[4192.840s][info ][safepoint      ] Safepoint "Cleanup", Time since last: 1539525014 ns, Reaching safepoint: 52702 ns, At safepoint: 4100 ns, Total: 56802 ns
[4194.841s][info ][safepoint      ] Safepoint "Cleanup", Time since last: 2000215078 ns, Reaching safepoint: 55201 ns, At safepoint: 4600 ns, Total: 59801 ns
[4195.841s][info ][safepoint      ] Safepoint "Cleanup", Time since last: 1000109139 ns, Reaching safepoint: 54402 ns, At safepoint: 4000 ns, Total: 58402 ns
[4196.841s][info ][safepoint      ] Safepoint "Cleanup", Time since last: 1000131039 ns, Reaching safepoint: 59902 ns, At safepoint: 8000 ns, Total: 67902 ns
[4200.841s][info ][safepoint      ] Safepoint "Cleanup", Time since last: 4000270149 ns, Reaching safepoint: 67502 ns, At safepoint: 3500 ns, Total: 71002 ns
[4201.842s][info ][safepoint      ] Safepoint "Cleanup", Time since last: 1000119439 ns, Reaching safepoint: 47001 ns, At safepoint: 5600 ns, Total: 52601 ns
[4202.842s][info ][safepoint      ] Safepoint "Cleanup", Time since last: 1000117138 ns, Reaching safepoint: 133504 ns, At safepoint: 15800 ns, Total: 149304 ns
[4204.842s][info ][safepoint      ] Safepoint "Cleanup", Time since last: 2000229376 ns, Reaching safepoint: 46901 ns, At safepoint: 4200 ns, Total: 51101 ns
[4205.842s][info ][safepoint      ] Safepoint "Cleanup", Time since last: 1000117538 ns, Reaching safepoint: 47202 ns, At safepoint: 4400 ns, Total: 51602 ns
[4206.843s][info ][safepoint      ] Safepoint "Cleanup", Time since last: 1000112737 ns, Reaching safepoint: 117403 ns, At safepoint: 12901 ns, Total: 130304 ns
[4207.843s][info ][safepoint      ] Safepoint "Cleanup", Time since last: 1000102937 ns, Reaching safepoint: 50801 ns, At safepoint: 8901 ns, Total: 59702 ns
[4209.843s][info ][safepoint      ] Safepoint "Cleanup", Time since last: 2000172473 ns, Reaching safepoint: 55001 ns, At safepoint: 9901 ns, Total: 64902 ns
[4214.843s][info ][safepoint      ] Safepoint "Cleanup", Time since last: 5000360380 ns, Reaching safepoint: 51901 ns, At safepoint: 5900 ns, Total: 57801 ns
[4216.844s][info ][safepoint      ] Safepoint "Cleanup", Time since last: 2000178672 ns, Reaching safepoint: 55702 ns, At safepoint: 4100 ns, Total: 59802 ns
[4229.845s][info ][safepoint      ] Safepoint "Cleanup", Time since last: 13000915752 ns, Reaching safepoint: 50701 ns, At safepoint: 4300 ns, Total: 55001 ns
[4235.845s][info ][safepoint      ] Safepoint "Cleanup", Time since last: 6000382602 ns, Reaching safepoint: 54801 ns, At safepoint: 28701 ns, Total: 83502 ns
[4236.658s][info ][gc,start       ] GC(276) Pause Young (Allocation Failure)
[4236.684s][debug][gc,phases      ] GC(276) Scavenge 25.382ms
[4236.684s][debug][gc,ref         ] GC(276) Skipped phase 1 of Reference Processing: no references
[4236.684s][debug][gc,ref         ] GC(276) ReferenceProcessor::execute queues: 1, RefProcThreadModel::Single, marks_oops_alive: false
[4236.684s][debug][gc,ref         ] GC(276) Skipped phase 3 of Reference Processing: no references
[4236.684s][debug][gc,ref         ] GC(276) ReferenceProcessor::execute queues: 1, RefProcThreadModel::Single, marks_oops_alive: false
[4236.684s][debug][gc,phases      ] GC(276) Reference Processing 0.129ms
[4236.684s][debug][gc,phases      ] GC(276)   VM Weak                        Min:  0.0, Avg:  0.0, Max:  0.0, Diff:  0.0, Sum:  0.0, Workers: 4
[4236.684s][debug][gc,phases      ] GC(276)     Dead                           Min: 0, Avg:  0.0, Max: 0, Diff: 0, Sum: 0, Workers: 4
[4236.684s][debug][gc,phases      ] GC(276)     Total                          Min: 0, Avg: 151.8, Max: 461, Diff: 461, Sum: 607, Workers: 4
[4236.684s][debug][gc,phases      ] GC(276)   ObjectSynchronizer Weak        Min:  0.0, Avg:  0.0, Max:  0.0, Diff:  0.0, Sum:  0.0, Workers: 4
[4236.684s][debug][gc,phases      ] GC(276)     Dead                           Min: 0, Avg:  0.0, Max: 0, Diff: 0, Sum: 0, Workers: 4
[4236.684s][debug][gc,phases      ] GC(276)     Total                          Min: 0, Avg: 119.5, Max: 222, Diff: 222, Sum: 478, Workers: 4
[4236.684s][debug][gc,phases      ] GC(276)   JVMTI Tag Weak OopStorage      Min:  0.0, Avg:  0.0, Max:  0.0, Diff:  0.0, Sum:  0.0, Workers: 4
[4236.684s][debug][gc,phases      ] GC(276)     Dead                           Min: 0, Avg:  0.0, Max: 0, Diff: 0, Sum: 0, Workers: 4
[4236.684s][debug][gc,phases      ] GC(276)     Total                          Min: 0, Avg:  0.0, Max: 0, Diff: 0, Sum: 0, Workers: 4
[4236.684s][debug][gc,phases      ] GC(276)   StringTable Weak               Min:  0.1, Avg:  0.1, Max:  0.1, Diff:  0.0, Sum:  0.5, Workers: 4
[4236.684s][debug][gc,phases      ] GC(276)     Dead                           Min: 0, Avg:  0.0, Max: 0, Diff: 0, Sum: 0, Workers: 4
[4236.684s][debug][gc,phases      ] GC(276)     Total                          Min: 11584, Avg: 12229.2, Max: 13653, Diff: 2069, Sum: 48917, Workers: 4
[4236.684s][debug][gc,phases      ] GC(276)   ResolvedMethodTable Weak       Min:  0.0, Avg:  0.0, Max:  0.0, Diff:  0.0, Sum:  0.1, Workers: 4
[4236.684s][debug][gc,phases      ] GC(276)     Dead                           Min: 0, Avg:  0.0, Max: 0, Diff: 0, Sum: 0, Workers: 4
[4236.684s][debug][gc,phases      ] GC(276)     Total                          Min: 2112, Avg: 2198.5, Max: 2304, Diff: 192, Sum: 8794, Workers: 4
[4236.684s][debug][gc,phases      ] GC(276)   JNI Weak                       Min:  0.0, Avg:  0.0, Max:  0.0, Diff:  0.0, Sum:  0.0, Workers: 4
[4236.684s][debug][gc,phases      ] GC(276)     Dead                           Min: 0, Avg:  0.0, Max: 0, Diff: 0, Sum: 0, Workers: 4
[4236.684s][debug][gc,phases      ] GC(276)     Total                          Min: 0, Avg:  0.0, Max: 0, Diff: 0, Sum: 0, Workers: 4
[4236.684s][debug][gc,phases      ] GC(276)   StringDedup Table Weak         Min:  0.0, Avg:  0.0, Max:  0.0, Diff:  0.0, Sum:  0.0, Workers: 4
[4236.684s][debug][gc,phases      ] GC(276)     Dead                           Min: 0, Avg:  0.0, Max: 0, Diff: 0, Sum: 0, Workers: 4
[4236.684s][debug][gc,phases      ] GC(276)     Total                          Min: 0, Avg:  0.0, Max: 0, Diff: 0, Sum: 0, Workers: 4
[4236.684s][debug][gc,phases      ] GC(276)   StringDedup Requests0 Weak     Min:  0.0, Avg:  0.0, Max:  0.0, Diff:  0.0, Sum:  0.0, Workers: 4
[4236.684s][debug][gc,phases      ] GC(276)     Dead                           Min: 0, Avg:  0.0, Max: 0, Diff: 0, Sum: 0, Workers: 4
[4236.684s][debug][gc,phases      ] GC(276)     Total                          Min: 0, Avg:  0.0, Max: 0, Diff: 0, Sum: 0, Workers: 4
[4236.684s][debug][gc,phases      ] GC(276)   StringDedup Requests1 Weak     Min:  0.0, Avg:  0.0, Max:  0.0, Diff:  0.0, Sum:  0.0, Workers: 4
[4236.684s][debug][gc,phases      ] GC(276)     Dead                           Min: 0, Avg:  0.0, Max: 0, Diff: 0, Sum: 0, Workers: 4
[4236.684s][debug][gc,phases      ] GC(276)     Total                          Min: 0, Avg:  0.0, Max: 0, Diff: 0, Sum: 0, Workers: 4
[4236.684s][debug][gc,phases      ] GC(276)   Weak JFR Old Object Samples    Min:  0.0, Avg:  0.0, Max:  0.0, Diff:  0.0, Sum:  0.0, Workers: 4
[4236.684s][debug][gc,phases      ] GC(276)     Dead                           Min: 0, Avg:  0.0, Max: 0, Diff: 0, Sum: 0, Workers: 4
[4236.684s][debug][gc,phases      ] GC(276)     Total                          Min: 0, Avg:  0.0, Max: 0, Diff: 0, Sum: 0, Workers: 4
[4236.684s][debug][gc,phases      ] GC(276) Weak Processing 0.377ms
[4236.684s][debug][gc,age         ] GC(276) Desired survivor size 117440512 bytes, new threshold 15 (max threshold 15)
[4236.684s][info ][gc,heap        ] GC(276) PSYoungGen: 1954000K(1992192K)->92643K(1982976K) Eden: 1890304K(1890304K)->0K(1890304K) From: 63696K(101888K)->92643K(92672K)
[4236.684s][info ][gc,heap        ] GC(276) ParOldGen: 965491K(1048576K)->965491K(1048576K)
[4236.684s][info ][gc,metaspace   ] GC(276) Metaspace: 85651K(86784K)->85651K(86784K) NonClass: 73830K(74496K)->73830K(74496K) Class: 11821K(12288K)->11821K(12288K)
[4236.684s][info ][gc             ] GC(276) Pause Young (Allocation Failure) 2851M->1033M(2960M) 26.035ms
[4236.684s][info ][gc,cpu         ] GC(276) User=0.10s Sys=0.00s Real=0.03s
[4236.684s][info ][safepoint      ] Safepoint "ParallelGCFailedAllocation", Time since last: 812941355 ns, Reaching safepoint: 123904 ns, At safepoint: 26138267 ns, Total: 26262171 ns
[4239.685s][info ][safepoint      ] Safepoint "Cleanup", Time since last: 3000230600 ns, Reaching safepoint: 52801 ns, At safepoint: 3500 ns, Total: 56301 ns
[4240.685s][info ][safepoint      ] Safepoint "Cleanup", Time since last: 1000118234 ns, Reaching safepoint: 95503 ns, At safepoint: 26201 ns, Total: 121704 ns
[4241.685s][info ][safepoint      ] Safepoint "Cleanup", Time since last: 1000116034 ns, Reaching safepoint: 141103 ns, At safepoint: 15901 ns, Total: 157004 ns
[4242.144s][info ][safepoint      ] Safepoint "ParallelGCFailedAllocation", Time since last: 458699511 ns, Reaching safepoint: 28500 ns, At safepoint: 11001 ns, Total: 39501 ns
[4242.144s][info ][gc,start       ] GC(277) Pause Young (GCLocker Initiated GC)
[4242.166s][debug][gc,phases      ] GC(277) Scavenge 21.663ms
[4242.166s][debug][gc,ref         ] GC(277) Skipped phase 1 of Reference Processing: no references
[4242.166s][debug][gc,ref         ] GC(277) ReferenceProcessor::execute queues: 1, RefProcThreadModel::Single, marks_oops_alive: false
[4242.166s][debug][gc,ref         ] GC(277) Skipped phase 3 of Reference Processing: no references
[4242.166s][debug][gc,ref         ] GC(277) ReferenceProcessor::execute queues: 1, RefProcThreadModel::Single, marks_oops_alive: false
[4242.166s][debug][gc,phases      ] GC(277) Reference Processing 0.130ms
[4242.166s][debug][gc,phases      ] GC(277)   VM Weak                        Min:  0.0, Avg:  0.0, Max:  0.0, Diff:  0.0, Sum:  0.0, Workers: 4
[4242.166s][debug][gc,phases      ] GC(277)     Dead                           Min: 0, Avg:  0.0, Max: 0, Diff: 0, Sum: 0, Workers: 4
[4242.166s][debug][gc,phases      ] GC(277)     Total                          Min: 0, Avg: 151.8, Max: 555, Diff: 555, Sum: 607, Workers: 4
[4242.166s][debug][gc,phases      ] GC(277)   ObjectSynchronizer Weak        Min:  0.0, Avg:  0.0, Max:  0.0, Diff:  0.0, Sum:  0.0, Workers: 4
[4242.166s][debug][gc,phases      ] GC(277)     Dead                           Min: 0, Avg:  0.0, Max: 0, Diff: 0, Sum: 0, Workers: 4
[4242.166s][debug][gc,phases      ] GC(277)     Total                          Min: 0, Avg: 119.5, Max: 256, Diff: 256, Sum: 478, Workers: 4
[4242.166s][debug][gc,phases      ] GC(277)   JVMTI Tag Weak OopStorage      Min:  0.0, Avg:  0.0, Max:  0.0, Diff:  0.0, Sum:  0.0, Workers: 4
[4242.166s][debug][gc,phases      ] GC(277)     Dead                           Min: 0, Avg:  0.0, Max: 0, Diff: 0, Sum: 0, Workers: 4
[4242.166s][debug][gc,phases      ] GC(277)     Total                          Min: 0, Avg:  0.0, Max: 0, Diff: 0, Sum: 0, Workers: 4
[4242.166s][debug][gc,phases      ] GC(277)   StringTable Weak               Min:  0.1, Avg:  0.1, Max:  0.1, Diff:  0.0, Sum:  0.5, Workers: 4
[4242.166s][debug][gc,phases      ] GC(277)     Dead                           Min: 0, Avg:  0.0, Max: 0, Diff: 0, Sum: 0, Workers: 4
[4242.166s][debug][gc,phases      ] GC(277)     Total                          Min: 12032, Avg: 12229.2, Max: 12480, Diff: 448, Sum: 48917, Workers: 4
[4242.166s][debug][gc,phases      ] GC(277)   ResolvedMethodTable Weak       Min:  0.0, Avg:  0.0, Max:  0.0, Diff:  0.0, Sum:  0.1, Workers: 4
[4242.166s][debug][gc,phases      ] GC(277)     Dead                           Min: 0, Avg:  0.0, Max: 0, Diff: 0, Sum: 0, Workers: 4
[4242.166s][debug][gc,phases      ] GC(277)     Total                          Min: 2048, Avg: 2198.5, Max: 2368, Diff: 320, Sum: 8794, Workers: 4
[4242.166s][debug][gc,phases      ] GC(277)   JNI Weak                       Min:  0.0, Avg:  0.0, Max:  0.0, Diff:  0.0, Sum:  0.0, Workers: 4
[4242.166s][debug][gc,phases      ] GC(277)     Dead                           Min: 0, Avg:  0.0, Max: 0, Diff: 0, Sum: 0, Workers: 4
[4242.166s][debug][gc,phases      ] GC(277)     Total                          Min: 0, Avg:  0.0, Max: 0, Diff: 0, Sum: 0, Workers: 4
[4242.166s][debug][gc,phases      ] GC(277)   StringDedup Table Weak         Min:  0.0, Avg:  0.0, Max:  0.0, Diff:  0.0, Sum:  0.0, Workers: 4
[4242.166s][debug][gc,phases      ] GC(277)     Dead                           Min: 0, Avg:  0.0, Max: 0, Diff: 0, Sum: 0, Workers: 4
[4242.166s][debug][gc,phases      ] GC(277)     Total                          Min: 0, Avg:  0.0, Max: 0, Diff: 0, Sum: 0, Workers: 4
[4242.166s][debug][gc,phases      ] GC(277)   StringDedup Requests0 Weak     Min:  0.0, Avg:  0.0, Max:  0.0, Diff:  0.0, Sum:  0.0, Workers: 4
[4242.166s][debug][gc,phases      ] GC(277)     Dead                           Min: 0, Avg:  0.0, Max: 0, Diff: 0, Sum: 0, Workers: 4
[4242.166s][debug][gc,phases      ] GC(277)     Total                          Min: 0, Avg:  0.0, Max: 0, Diff: 0, Sum: 0, Workers: 4
[4242.166s][debug][gc,phases      ] GC(277)   StringDedup Requests1 Weak     Min:  0.0, Avg:  0.0, Max:  0.0, Diff:  0.0, Sum:  0.0, Workers: 4
[4242.166s][debug][gc,phases      ] GC(277)     Dead                           Min: 0, Avg:  0.0, Max: 0, Diff: 0, Sum: 0, Workers: 4
[4242.166s][debug][gc,phases      ] GC(277)     Total                          Min: 0, Avg:  0.0, Max: 0, Diff: 0, Sum: 0, Workers: 4
[4242.166s][debug][gc,phases      ] GC(277)   Weak JFR Old Object Samples    Min:  0.0, Avg:  0.0, Max:  0.0, Diff:  0.0, Sum:  0.0, Workers: 4
[4242.166s][debug][gc,phases      ] GC(277)     Dead                           Min: 0, Avg:  0.0, Max: 0, Diff: 0, Sum: 0, Workers: 4
[4242.166s][debug][gc,phases      ] GC(277)     Total                          Min: 0, Avg:  0.0, Max: 0, Diff: 0, Sum: 0, Workers: 4
[4242.166s][debug][gc,phases      ] GC(277) Weak Processing 0.344ms
[4242.166s][debug][gc,age         ] GC(277) Desired survivor size 116391936 bytes, new threshold 15 (max threshold 15)
[4242.166s][info ][gc,heap        ] GC(277) PSYoungGen: 1982947K(1982976K)->64688K(1983488K) Eden: 1890304K(1890304K)->0K(1869312K) From: 92643K(92672K)->64688K(114176K)
[4242.166s][info ][gc,heap        ] GC(277) ParOldGen: 965492K(1048576K)->965500K(1048576K)
[4242.166s][info ][gc,metaspace   ] GC(277) Metaspace: 85662K(86784K)->85662K(86784K) NonClass: 73841K(74496K)->73841K(74496K) Class: 11821K(12288K)->11821K(12288K)
[4242.166s][info ][gc             ] GC(277) Pause Young (GCLocker Initiated GC) 2879M->1006M(2961M) 22.257ms
[4242.166s][info ][gc,cpu         ] GC(277) User=0.09s Sys=0.00s Real=0.02s
[4242.166s][info ][safepoint      ] Safepoint "ParallelGCSystemGC", Time since last: 62601 ns, Reaching safepoint: 17401 ns, At safepoint: 22338570 ns, Total: 22355971 ns
[4245.166s][info ][safepoint      ] Safepoint "Cleanup", Time since last: 3000236199 ns, Reaching safepoint: 55801 ns, At safepoint: 10800 ns, Total: 66601 ns
[4246.167s][info ][safepoint      ] Safepoint "Cleanup", Time since last: 1000113534 ns, Reaching safepoint: 113103 ns, At safepoint: 10000 ns, Total: 123103 ns
[4247.167s][info ][safepoint      ] Safepoint "Cleanup", Time since last: 1000108833 ns, Reaching safepoint: 114503 ns, At safepoint: 15000 ns, Total: 129503 ns
[4248.167s][info ][safepoint      ] Safepoint "Cleanup", Time since last: 1000132334 ns, Reaching safepoint: 53702 ns, At safepoint: 5700 ns, Total: 59402 ns
[4249.167s][info ][safepoint      ] Safepoint "Cleanup", Time since last: 1000115433 ns, Reaching safepoint: 55201 ns, At safepoint: 7901 ns, Total: 63102 ns
[4267.169s][info ][safepoint      ] Safepoint "Cleanup", Time since last: 18001385563 ns, Reaching safepoint: 53201 ns, At safepoint: 32701 ns, Total: 85902 ns
[4270.169s][info ][safepoint      ] Safepoint "Cleanup", Time since last: 3000228790 ns, Reaching safepoint: 76802 ns, At safepoint: 7101 ns, Total: 83903 ns
[4274.170s][info ][safepoint      ] Safepoint "Cleanup", Time since last: 4000338420 ns, Reaching safepoint: 60601 ns, At safepoint: 6301 ns, Total: 66902 ns
[4277.979s][info ][gc,start       ] GC(278) Pause Young (Allocation Failure)
[4278.005s][debug][gc,phases      ] GC(278) Scavenge 26.441ms
[4278.005s][debug][gc,ref         ] GC(278) Skipped phase 1 of Reference Processing: no references
[4278.005s][debug][gc,ref         ] GC(278) ReferenceProcessor::execute queues: 1, RefProcThreadModel::Single, marks_oops_alive: false
[4278.005s][debug][gc,ref         ] GC(278) Skipped phase 3 of Reference Processing: no references
[4278.005s][debug][gc,ref         ] GC(278) ReferenceProcessor::execute queues: 1, RefProcThreadModel::Single, marks_oops_alive: false
[4278.005s][debug][gc,phases      ] GC(278) Reference Processing 0.136ms
[4278.006s][debug][gc,phases      ] GC(278)   VM Weak                        Min:  0.0, Avg:  0.0, Max:  0.0, Diff:  0.0, Sum:  0.0, Workers: 4
[4278.006s][debug][gc,phases      ] GC(278)     Dead                           Min: 0, Avg:  0.0, Max: 0, Diff: 0, Sum: 0, Workers: 4
[4278.006s][debug][gc,phases      ] GC(278)     Total                          Min: 0, Avg: 151.8, Max: 370, Diff: 370, Sum: 607, Workers: 4
[4278.006s][debug][gc,phases      ] GC(278)   ObjectSynchronizer Weak        Min:  0.0, Avg:  0.0, Max:  0.0, Diff:  0.0, Sum:  0.0, Workers: 4
[4278.006s][debug][gc,phases      ] GC(278)     Dead                           Min: 0, Avg:  0.0, Max: 0, Diff: 0, Sum: 0, Workers: 4
[4278.006s][debug][gc,phases      ] GC(278)     Total                          Min: 0, Avg: 119.5, Max: 256, Diff: 256, Sum: 478, Workers: 4
[4278.006s][debug][gc,phases      ] GC(278)   JVMTI Tag Weak OopStorage      Min:  0.0, Avg:  0.0, Max:  0.0, Diff:  0.0, Sum:  0.0, Workers: 4
[4278.006s][debug][gc,phases      ] GC(278)     Dead                           Min: 0, Avg:  0.0, Max: 0, Diff: 0, Sum: 0, Workers: 4
[4278.006s][debug][gc,phases      ] GC(278)     Total                          Min: 0, Avg:  0.0, Max: 0, Diff: 0, Sum: 0, Workers: 4
[4278.006s][debug][gc,phases      ] GC(278)   StringTable Weak               Min:  0.1, Avg:  0.2, Max:  0.2, Diff:  0.0, Sum:  0.6, Workers: 4
[4278.006s][debug][gc,phases      ] GC(278)     Dead                           Min: 0, Avg:  0.0, Max: 0, Diff: 0, Sum: 0, Workers: 4
[4278.006s][debug][gc,phases      ] GC(278)     Total                          Min: 10005, Avg: 12229.2, Max: 13632, Diff: 3627, Sum: 48917, Workers: 4
[4278.006s][debug][gc,phases      ] GC(278)   ResolvedMethodTable Weak       Min:  0.0, Avg:  0.0, Max:  0.0, Diff:  0.0, Sum:  0.1, Workers: 4
[4278.006s][debug][gc,phases      ] GC(278)     Dead                           Min: 0, Avg:  0.0, Max: 0, Diff: 0, Sum: 0, Workers: 4
[4278.006s][debug][gc,phases      ] GC(278)     Total                          Min: 1792, Avg: 2198.5, Max: 2586, Diff: 794, Sum: 8794, Workers: 4
[4278.006s][debug][gc,phases      ] GC(278)   JNI Weak                       Min:  0.0, Avg:  0.0, Max:  0.0, Diff:  0.0, Sum:  0.0, Workers: 4
[4278.006s][debug][gc,phases      ] GC(278)     Dead                           Min: 0, Avg:  0.0, Max: 0, Diff: 0, Sum: 0, Workers: 4
[4278.006s][debug][gc,phases      ] GC(278)     Total                          Min: 0, Avg:  0.0, Max: 0, Diff: 0, Sum: 0, Workers: 4
[4278.006s][debug][gc,phases      ] GC(278)   StringDedup Table Weak         Min:  0.0, Avg:  0.0, Max:  0.0, Diff:  0.0, Sum:  0.0, Workers: 4
[4278.006s][debug][gc,phases      ] GC(278)     Dead                           Min: 0, Avg:  0.0, Max: 0, Diff: 0, Sum: 0, Workers: 4
[4278.006s][debug][gc,phases      ] GC(278)     Total                          Min: 0, Avg:  0.0, Max: 0, Diff: 0, Sum: 0, Workers: 4
[4278.006s][debug][gc,phases      ] GC(278)   StringDedup Requests0 Weak     Min:  0.0, Avg:  0.0, Max:  0.0, Diff:  0.0, Sum:  0.0, Workers: 4
[4278.006s][debug][gc,phases      ] GC(278)     Dead                           Min: 0, Avg:  0.0, Max: 0, Diff: 0, Sum: 0, Workers: 4
[4278.006s][debug][gc,phases      ] GC(278)     Total                          Min: 0, Avg:  0.0, Max: 0, Diff: 0, Sum: 0, Workers: 4
[4278.006s][debug][gc,phases      ] GC(278)   StringDedup Requests1 Weak     Min:  0.0, Avg:  0.0, Max:  0.0, Diff:  0.0, Sum:  0.0, Workers: 4
[4278.006s][debug][gc,phases      ] GC(278)     Dead                           Min: 0, Avg:  0.0, Max: 0, Diff: 0, Sum: 0, Workers: 4
[4278.006s][debug][gc,phases      ] GC(278)     Total                          Min: 0, Avg:  0.0, Max: 0, Diff: 0, Sum: 0, Workers: 4
[4278.006s][debug][gc,phases      ] GC(278)   Weak JFR Old Object Samples    Min:  0.0, Avg:  0.0, Max:  0.0, Diff:  0.0, Sum:  0.0, Workers: 4
[4278.006s][debug][gc,phases      ] GC(278)     Dead                           Min: 0, Avg:  0.0, Max: 0, Diff: 0, Sum: 0, Workers: 4
[4278.006s][debug][gc,phases      ] GC(278)     Total                          Min: 0, Avg:  0.0, Max: 0, Diff: 0, Sum: 0, Workers: 4
[4278.006s][debug][gc,phases      ] GC(278) Weak Processing 0.423ms
[4278.006s][debug][gc,age         ] GC(278) Desired survivor size 130023424 bytes, new threshold 15 (max threshold 15)
[4278.006s][info ][gc,heap        ] GC(278) PSYoungGen: 1934000K(1983488K)->104586K(1974272K) Eden: 1869312K(1869312K)->0K(1869312K) From: 64688K(114176K)->104586K(104960K)
[4278.006s][info ][gc,heap        ] GC(278) ParOldGen: 965502K(1048576K)->965502K(1048576K)
[4278.006s][info ][gc,metaspace   ] GC(278) Metaspace: 85669K(86784K)->85669K(86784K) NonClass: 73848K(74496K)->73848K(74496K) Class: 11821K(12288K)->11821K(12288K)
[4278.006s][info ][gc             ] GC(278) Pause Young (Allocation Failure) 2831M->1045M(2952M) 27.152ms
[4278.006s][info ][gc,cpu         ] GC(278) User=0.10s Sys=0.00s Real=0.03s
[4278.006s][info ][safepoint      ] Safepoint "ParallelGCFailedAllocation", Time since last: 3809109337 ns, Reaching safepoint: 40501 ns, At safepoint: 27241295 ns, Total: 27281796 ns
[4279.006s][info ][safepoint      ] Safepoint "Cleanup", Time since last: 1000084030 ns, Reaching safepoint: 68401 ns, At safepoint: 17001 ns, Total: 85402 ns
[4280.006s][info ][safepoint      ] Safepoint "Cleanup", Time since last: 1000119930 ns, Reaching safepoint: 68502 ns, At safepoint: 6600 ns, Total: 75102 ns
[4281.006s][info ][safepoint      ] Safepoint "Cleanup", Time since last: 1000126430 ns, Reaching safepoint: 53702 ns, At safepoint: 3400 ns, Total: 57102 ns
[4282.007s][info ][safepoint      ] Safepoint "Cleanup", Time since last: 1000125230 ns, Reaching safepoint: 80202 ns, At safepoint: 9700 ns, Total: 89902 ns
[4283.007s][info ][safepoint      ] Safepoint "Cleanup", Time since last: 1000126630 ns, Reaching safepoint: 68202 ns, At safepoint: 10900 ns, Total: 79102 ns
[4293.008s][info ][safepoint      ] Safepoint "Cleanup", Time since last: 10000817485 ns, Reaching safepoint: 55602 ns, At safepoint: 4000 ns, Total: 59602 ns
[4296.008s][info ][safepoint      ] Safepoint "Cleanup", Time since last: 3000271684 ns, Reaching safepoint: 51201 ns, At safepoint: 28801 ns, Total: 80002 ns
[4297.008s][info ][safepoint      ] Safepoint "Cleanup", Time since last: 1000116229 ns, Reaching safepoint: 55701 ns, At safepoint: 4700 ns, Total: 60401 ns
[4302.009s][info ][safepoint      ] Safepoint "Cleanup", Time since last: 5000409837 ns, Reaching safepoint: 57202 ns, At safepoint: 9500 ns, Total: 66702 ns
[4316.010s][info ][safepoint      ] Safepoint "Cleanup", Time since last: 14001021068 ns, Reaching safepoint: 58101 ns, At safepoint: 6500 ns, Total: 64601 ns
[4319.010s][info ][safepoint      ] Safepoint "Cleanup", Time since last: 3000290579 ns, Reaching safepoint: 56001 ns, At safepoint: 3300 ns, Total: 59301 ns
[4325.011s][info ][safepoint      ] Safepoint "Cleanup", Time since last: 6000459252 ns, Reaching safepoint: 61501 ns, At safepoint: 4700 ns, Total: 66201 ns
[4328.011s][info ][safepoint      ] Safepoint "Cleanup", Time since last: 3000242075 ns, Reaching safepoint: 49501 ns, At safepoint: 4000 ns, Total: 53501 ns
[4341.733s][info ][gc,start       ] GC(279) Pause Young (Allocation Failure)
[4341.759s][debug][gc,phases      ] GC(279) Scavenge 26.164ms
[4341.759s][debug][gc,ref         ] GC(279) Skipped phase 1 of Reference Processing: no references
[4341.759s][debug][gc,ref         ] GC(279) ReferenceProcessor::execute queues: 1, RefProcThreadModel::Single, marks_oops_alive: false
[4341.759s][debug][gc,ref         ] GC(279) Skipped phase 3 of Reference Processing: no references
[4341.759s][debug][gc,ref         ] GC(279) ReferenceProcessor::execute queues: 1, RefProcThreadModel::Single, marks_oops_alive: false
[4341.759s][debug][gc,phases      ] GC(279) Reference Processing 0.163ms
[4341.760s][debug][gc,phases      ] GC(279)   VM Weak                        Min:  0.0, Avg:  0.0, Max:  0.0, Diff:  0.0, Sum:  0.0, Workers: 4
[4341.760s][debug][gc,phases      ] GC(279)     Dead                           Min: 0, Avg:  0.0, Max: 0, Diff: 0, Sum: 0, Workers: 4
[4341.760s][debug][gc,phases      ] GC(279)     Total                          Min: 0, Avg: 151.8, Max: 607, Diff: 607, Sum: 607, Workers: 4
[4341.760s][debug][gc,phases      ] GC(279)   ObjectSynchronizer Weak        Min:  0.0, Avg:  0.0, Max:  0.0, Diff:  0.0, Sum:  0.0, Workers: 4
[4341.760s][debug][gc,phases      ] GC(279)     Dead                           Min: 0, Avg:  0.0, Max: 0, Diff: 0, Sum: 0, Workers: 4
[4341.760s][debug][gc,phases      ] GC(279)     Total                          Min: 0, Avg: 119.5, Max: 478, Diff: 478, Sum: 478, Workers: 4
[4341.760s][debug][gc,phases      ] GC(279)   JVMTI Tag Weak OopStorage      Min:  0.0, Avg:  0.0, Max:  0.0, Diff:  0.0, Sum:  0.0, Workers: 4
[4341.760s][debug][gc,phases      ] GC(279)     Dead                           Min: 0, Avg:  0.0, Max: 0, Diff: 0, Sum: 0, Workers: 4
[4341.760s][debug][gc,phases      ] GC(279)     Total                          Min: 0, Avg:  0.0, Max: 0, Diff: 0, Sum: 0, Workers: 4
[4341.760s][debug][gc,phases      ] GC(279)   StringTable Weak               Min:  0.1, Avg:  0.1, Max:  0.1, Diff:  0.0, Sum:  0.5, Workers: 4
[4341.760s][debug][gc,phases      ] GC(279)     Dead                           Min: 0, Avg:  0.0, Max: 0, Diff: 0, Sum: 0, Workers: 4
[4341.760s][debug][gc,phases      ] GC(279)     Total                          Min: 11712, Avg: 12229.2, Max: 13077, Diff: 1365, Sum: 48917, Workers: 4
[4341.760s][debug][gc,phases      ] GC(279)   ResolvedMethodTable Weak       Min:  0.0, Avg:  0.0, Max:  0.0, Diff:  0.0, Sum:  0.1, Workers: 4
[4341.760s][debug][gc,phases      ] GC(279)     Dead                           Min: 0, Avg:  0.0, Max: 0, Diff: 0, Sum: 0, Workers: 4
[4341.760s][debug][gc,phases      ] GC(279)     Total                          Min: 2112, Avg: 2198.5, Max: 2304, Diff: 192, Sum: 8794, Workers: 4
[4341.760s][debug][gc,phases      ] GC(279)   JNI Weak                       Min:  0.0, Avg:  0.0, Max:  0.0, Diff:  0.0, Sum:  0.0, Workers: 4
[4341.760s][debug][gc,phases      ] GC(279)     Dead                           Min: 0, Avg:  0.0, Max: 0, Diff: 0, Sum: 0, Workers: 4
[4341.760s][debug][gc,phases      ] GC(279)     Total                          Min: 0, Avg:  0.0, Max: 0, Diff: 0, Sum: 0, Workers: 4
[4341.760s][debug][gc,phases      ] GC(279)   StringDedup Table Weak         Min:  0.0, Avg:  0.0, Max:  0.0, Diff:  0.0, Sum:  0.0, Workers: 4
[4341.760s][debug][gc,phases      ] GC(279)     Dead                           Min: 0, Avg:  0.0, Max: 0, Diff: 0, Sum: 0, Workers: 4
[4341.760s][debug][gc,phases      ] GC(279)     Total                          Min: 0, Avg:  0.0, Max: 0, Diff: 0, Sum: 0, Workers: 4
[4341.760s][debug][gc,phases      ] GC(279)   StringDedup Requests0 Weak     Min:  0.0, Avg:  0.0, Max:  0.0, Diff:  0.0, Sum:  0.0, Workers: 4
[4341.760s][debug][gc,phases      ] GC(279)     Dead                           Min: 0, Avg:  0.0, Max: 0, Diff: 0, Sum: 0, Workers: 4
[4341.760s][debug][gc,phases      ] GC(279)     Total                          Min: 0, Avg:  0.0, Max: 0, Diff: 0, Sum: 0, Workers: 4
[4341.760s][debug][gc,phases      ] GC(279)   StringDedup Requests1 Weak     Min:  0.0, Avg:  0.0, Max:  0.0, Diff:  0.0, Sum:  0.0, Workers: 4
[4341.760s][debug][gc,phases      ] GC(279)     Dead                           Min: 0, Avg:  0.0, Max: 0, Diff: 0, Sum: 0, Workers: 4
[4341.760s][debug][gc,phases      ] GC(279)     Total                          Min: 0, Avg:  0.0, Max: 0, Diff: 0, Sum: 0, Workers: 4
[4341.760s][debug][gc,phases      ] GC(279)   Weak JFR Old Object Samples    Min:  0.0, Avg:  0.0, Max:  0.0, Diff:  0.0, Sum:  0.0, Workers: 4
[4341.760s][debug][gc,phases      ] GC(279)     Dead                           Min: 0, Avg:  0.0, Max: 0, Diff: 0, Sum: 0, Workers: 4
[4341.760s][debug][gc,phases      ] GC(279)     Total                          Min: 0, Avg:  0.0, Max: 0, Diff: 0, Sum: 0, Workers: 4
[4341.760s][debug][gc,phases      ] GC(279) Weak Processing 0.357ms
[4341.760s][debug][gc,age         ] GC(279) Desired survivor size 140509184 bytes, new threshold 15 (max threshold 15)
[4341.760s][info ][gc,heap        ] GC(279) PSYoungGen: 1973898K(1974272K)->104402K(1945600K) Eden: 1869312K(1869312K)->0K(1822720K) From: 104586K(104960K)->104402K(122880K)
[4341.760s][info ][gc,heap        ] GC(279) ParOldGen: 965502K(1048576K)->965502K(1048576K)
[4341.760s][info ][gc,metaspace   ] GC(279) Metaspace: 85676K(86784K)->85676K(86784K) NonClass: 73854K(74496K)->73854K(74496K) Class: 11821K(12288K)->11821K(12288K)
[4341.760s][info ][gc             ] GC(279) Pause Young (Allocation Failure) 2870M->1044M(2924M) 26.832ms
[4341.760s][info ][gc,cpu         ] GC(279) User=0.11s Sys=0.00s Real=0.03s
[4341.760s][info ][safepoint      ] Safepoint "ParallelGCFailedAllocation", Time since last: 13721780909 ns, Reaching safepoint: 33001 ns, At safepoint: 26929487 ns, Total: 26962488 ns
[4342.760s][info ][safepoint      ] Safepoint "Cleanup", Time since last: 1000108825 ns, Reaching safepoint: 50001 ns, At safepoint: 3900 ns, Total: 53901 ns
[4343.760s][info ][safepoint      ] Safepoint "Cleanup", Time since last: 1000118724 ns, Reaching safepoint: 54202 ns, At safepoint: 5300 ns, Total: 59502 ns
[4349.761s][info ][safepoint      ] Safepoint "Cleanup", Time since last: 6000425337 ns, Reaching safepoint: 63102 ns, At safepoint: 6700 ns, Total: 69802 ns
[4351.761s][info ][safepoint      ] Safepoint "Cleanup", Time since last: 2000180846 ns, Reaching safepoint: 47601 ns, At safepoint: 7101 ns, Total: 54702 ns
[4367.762s][info ][safepoint      ] Safepoint "Cleanup", Time since last: 16001066547 ns, Reaching safepoint: 59301 ns, At safepoint: 8801 ns, Total: 68102 ns
[4392.764s][info ][safepoint      ] Safepoint "Cleanup", Time since last: 25001711902 ns, Reaching safepoint: 69101 ns, At safepoint: 8901 ns, Total: 78002 ns
[4398.764s][info ][safepoint      ] Safepoint "Cleanup", Time since last: 6000526516 ns, Reaching safepoint: 59801 ns, At safepoint: 4800 ns, Total: 64601 ns
[4399.765s][info ][safepoint      ] Safepoint "Cleanup", Time since last: 1000116620 ns, Reaching safepoint: 62902 ns, At safepoint: 5700 ns, Total: 68602 ns
[4400.765s][info ][safepoint      ] Safepoint "Cleanup", Time since last: 1000112720 ns, Reaching safepoint: 43401 ns, At safepoint: 4200 ns, Total: 47601 ns
[4403.765s][info ][safepoint      ] Safepoint "Cleanup", Time since last: 3000224156 ns, Reaching safepoint: 42001 ns, At safepoint: 3400 ns, Total: 45401 ns
[4407.979s][info ][gc,start       ] GC(280) Pause Young (Allocation Failure)
[4408.004s][debug][gc,phases      ] GC(280) Scavenge 24.987ms
[4408.004s][debug][gc,ref         ] GC(280) Skipped phase 1 of Reference Processing: no references
[4408.004s][debug][gc,ref         ] GC(280) ReferenceProcessor::execute queues: 1, RefProcThreadModel::Single, marks_oops_alive: false
[4408.004s][debug][gc,ref         ] GC(280) Skipped phase 3 of Reference Processing: no references
[4408.004s][debug][gc,ref         ] GC(280) ReferenceProcessor::execute queues: 1, RefProcThreadModel::Single, marks_oops_alive: false
[4408.004s][debug][gc,phases      ] GC(280) Reference Processing 0.184ms
[4408.004s][debug][gc,phases      ] GC(280)   VM Weak                        Min:  0.0, Avg:  0.0, Max:  0.0, Diff:  0.0, Sum:  0.0, Workers: 4
[4408.004s][debug][gc,phases      ] GC(280)     Dead                           Min: 0, Avg:  0.0, Max: 0, Diff: 0, Sum: 0, Workers: 4
[4408.004s][debug][gc,phases      ] GC(280)     Total                          Min: 0, Avg: 151.8, Max: 607, Diff: 607, Sum: 607, Workers: 4
[4408.004s][debug][gc,phases      ] GC(280)   ObjectSynchronizer Weak        Min:  0.0, Avg:  0.0, Max:  0.0, Diff:  0.0, Sum:  0.0, Workers: 4
[4408.004s][debug][gc,phases      ] GC(280)     Dead                           Min: 0, Avg:  0.0, Max: 0, Diff: 0, Sum: 0, Workers: 4
[4408.004s][debug][gc,phases      ] GC(280)     Total                          Min: 0, Avg: 119.5, Max: 478, Diff: 478, Sum: 478, Workers: 4
[4408.004s][debug][gc,phases      ] GC(280)   JVMTI Tag Weak OopStorage      Min:  0.0, Avg:  0.0, Max:  0.0, Diff:  0.0, Sum:  0.0, Workers: 4
[4408.004s][debug][gc,phases      ] GC(280)     Dead                           Min: 0, Avg:  0.0, Max: 0, Diff: 0, Sum: 0, Workers: 4
[4408.004s][debug][gc,phases      ] GC(280)     Total                          Min: 0, Avg:  0.0, Max: 0, Diff: 0, Sum: 0, Workers: 4
[4408.004s][debug][gc,phases      ] GC(280)   StringTable Weak               Min:  0.1, Avg:  0.1, Max:  0.1, Diff:  0.0, Sum:  0.5, Workers: 4
[4408.004s][debug][gc,phases      ] GC(280)     Dead                           Min: 0, Avg:  0.0, Max: 0, Diff: 0, Sum: 0, Workers: 4
[4408.004s][debug][gc,phases      ] GC(280)     Total                          Min: 10560, Avg: 12229.2, Max: 13376, Diff: 2816, Sum: 48917, Workers: 4
[4408.004s][debug][gc,phases      ] GC(280)   ResolvedMethodTable Weak       Min:  0.0, Avg:  0.0, Max:  0.0, Diff:  0.0, Sum:  0.1, Workers: 4
[4408.004s][debug][gc,phases      ] GC(280)     Dead                           Min: 0, Avg:  0.0, Max: 0, Diff: 0, Sum: 0, Workers: 4
[4408.004s][debug][gc,phases      ] GC(280)     Total                          Min: 2048, Avg: 2198.5, Max: 2304, Diff: 256, Sum: 8794, Workers: 4
[4408.004s][debug][gc,phases      ] GC(280)   JNI Weak                       Min:  0.0, Avg:  0.0, Max:  0.0, Diff:  0.0, Sum:  0.0, Workers: 4
[4408.004s][debug][gc,phases      ] GC(280)     Dead                           Min: 0, Avg:  0.0, Max: 0, Diff: 0, Sum: 0, Workers: 4
[4408.004s][debug][gc,phases      ] GC(280)     Total                          Min: 0, Avg:  0.0, Max: 0, Diff: 0, Sum: 0, Workers: 4
[4408.004s][debug][gc,phases      ] GC(280)   StringDedup Table Weak         Min:  0.0, Avg:  0.0, Max:  0.0, Diff:  0.0, Sum:  0.0, Workers: 4
[4408.004s][debug][gc,phases      ] GC(280)     Dead                           Min: 0, Avg:  0.0, Max: 0, Diff: 0, Sum: 0, Workers: 4
[4408.004s][debug][gc,phases      ] GC(280)     Total                          Min: 0, Avg:  0.0, Max: 0, Diff: 0, Sum: 0, Workers: 4
[4408.004s][debug][gc,phases      ] GC(280)   StringDedup Requests0 Weak     Min:  0.0, Avg:  0.0, Max:  0.0, Diff:  0.0, Sum:  0.0, Workers: 4
[4408.004s][debug][gc,phases      ] GC(280)     Dead                           Min: 0, Avg:  0.0, Max: 0, Diff: 0, Sum: 0, Workers: 4
[4408.004s][debug][gc,phases      ] GC(280)     Total                          Min: 0, Avg:  0.0, Max: 0, Diff: 0, Sum: 0, Workers: 4
[4408.004s][debug][gc,phases      ] GC(280)   StringDedup Requests1 Weak     Min:  0.0, Avg:  0.0, Max:  0.0, Diff:  0.0, Sum:  0.0, Workers: 4
[4408.004s][debug][gc,phases      ] GC(280)     Dead                           Min: 0, Avg:  0.0, Max: 0, Diff: 0, Sum: 0, Workers: 4
[4408.004s][debug][gc,phases      ] GC(280)     Total                          Min: 0, Avg:  0.0, Max: 0, Diff: 0, Sum: 0, Workers: 4
[4408.004s][debug][gc,phases      ] GC(280)   Weak JFR Old Object Samples    Min:  0.0, Avg:  0.0, Max:  0.0, Diff:  0.0, Sum:  0.0, Workers: 4
[4408.004s][debug][gc,phases      ] GC(280)     Dead                           Min: 0, Avg:  0.0, Max: 0, Diff: 0, Sum: 0, Workers: 4
[4408.004s][debug][gc,phases      ] GC(280)     Total                          Min: 0, Avg:  0.0, Max: 0, Diff: 0, Sum: 0, Workers: 4
[4408.004s][debug][gc,phases      ] GC(280) Weak Processing 0.399ms
[4408.004s][debug][gc,age         ] GC(280) Desired survivor size 148897792 bytes, new threshold 15 (max threshold 15)
[4408.004s][info ][gc,heap        ] GC(280) PSYoungGen: 1927122K(1945600K)->104810K(1927680K) Eden: 1822720K(1822720K)->0K(1822720K) From: 104402K(122880K)->104810K(104960K)
[4408.004s][info ][gc,heap        ] GC(280) ParOldGen: 965502K(1048576K)->965502K(1048576K)
[4408.004s][info ][gc,metaspace   ] GC(280) Metaspace: 85678K(86784K)->85678K(86784K) NonClass: 73856K(74496K)->73856K(74496K) Class: 11821K(12288K)->11821K(12288K)
[4408.004s][info ][gc             ] GC(280) Pause Young (Allocation Failure) 2824M->1045M(2906M) 25.734ms
[4408.004s][info ][gc,cpu         ] GC(280) User=0.11s Sys=0.00s Real=0.03s
[4408.004s][info ][safepoint      ] Safepoint "ParallelGCFailedAllocation", Time since last: 4213592515 ns, Reaching safepoint: 29301 ns, At safepoint: 25826659 ns, Total: 25855960 ns
[4412.005s][info ][safepoint      ] Safepoint "Cleanup", Time since last: 4000315072 ns, Reaching safepoint: 56201 ns, At safepoint: 3901 ns, Total: 60102 ns
[4420.006s][info ][safepoint      ] Safepoint "Cleanup", Time since last: 8000652641 ns, Reaching safepoint: 47101 ns, At safepoint: 26001 ns, Total: 73102 ns
[4421.006s][info ][safepoint      ] Safepoint "Cleanup", Time since last: 1000098518 ns, Reaching safepoint: 53201 ns, At safepoint: 3600 ns, Total: 56801 ns
[4422.006s][info ][safepoint      ] Safepoint "Cleanup", Time since last: 1000108418 ns, Reaching safepoint: 57401 ns, At safepoint: 4801 ns, Total: 62202 ns
[4423.006s][info ][safepoint      ] Safepoint "Cleanup", Time since last: 1000119818 ns, Reaching safepoint: 100702 ns, At safepoint: 11301 ns, Total: 112003 ns
[4425.006s][info ][safepoint      ] Safepoint "Cleanup", Time since last: 2000216935 ns, Reaching safepoint: 59302 ns, At safepoint: 6000 ns, Total: 65302 ns
[4426.007s][info ][safepoint      ] Safepoint "Cleanup", Time since last: 1000109317 ns, Reaching safepoint: 78402 ns, At safepoint: 12001 ns, Total: 90403 ns
[4433.007s][info ][safepoint      ] Safepoint "Cleanup", Time since last: 7000520815 ns, Reaching safepoint: 85602 ns, At safepoint: 17001 ns, Total: 102603 ns
[4436.008s][info ][safepoint      ] Safepoint "Cleanup", Time since last: 3000275350 ns, Reaching safepoint: 68701 ns, At safepoint: 7100 ns, Total: 75801 ns
[4437.008s][info ][safepoint      ] Safepoint "Cleanup", Time since last: 1000155419 ns, Reaching safepoint: 75701 ns, At safepoint: 12101 ns, Total: 87802 ns
[4438.008s][info ][safepoint      ] Safepoint "Cleanup", Time since last: 1000132417 ns, Reaching safepoint: 59702 ns, At safepoint: 4200 ns, Total: 63902 ns
[4439.008s][info ][safepoint      ] Safepoint "Cleanup", Time since last: 1000101316 ns, Reaching safepoint: 126104 ns, At safepoint: 6600 ns, Total: 132704 ns
[4443.009s][info ][safepoint      ] Safepoint "Cleanup", Time since last: 4000351764 ns, Reaching safepoint: 53901 ns, At safepoint: 4200 ns, Total: 58101 ns
[4448.009s][info ][safepoint      ] Safepoint "Cleanup", Time since last: 5000338276 ns, Reaching safepoint: 50401 ns, At safepoint: 3801 ns, Total: 54202 ns
[4449.009s][info ][safepoint      ] Safepoint "Cleanup", Time since last: 1000095615 ns, Reaching safepoint: 52902 ns, At safepoint: 5000 ns, Total: 57902 ns
[4451.009s][info ][safepoint      ] Safepoint "Cleanup", Time since last: 2000176631 ns, Reaching safepoint: 74501 ns, At safepoint: 8501 ns, Total: 83002 ns
[4456.010s][info ][safepoint      ] Safepoint "Cleanup", Time since last: 5000347573 ns, Reaching safepoint: 58802 ns, At safepoint: 11400 ns, Total: 70202 ns
[4461.010s][info ][safepoint      ] Safepoint "Cleanup", Time since last: 5000427874 ns, Reaching safepoint: 60101 ns, At safepoint: 4900 ns, Total: 65001 ns
[4466.841s][info ][gc,start       ] GC(281) Pause Young (Allocation Failure)
[4466.868s][debug][gc,phases      ] GC(281) Scavenge 27.474ms
[4466.869s][debug][gc,ref         ] GC(281) Skipped phase 1 of Reference Processing: no references
[4466.869s][debug][gc,ref         ] GC(281) ReferenceProcessor::execute queues: 1, RefProcThreadModel::Single, marks_oops_alive: false
[4466.869s][debug][gc,ref         ] GC(281) Skipped phase 3 of Reference Processing: no references
[4466.869s][debug][gc,ref         ] GC(281) ReferenceProcessor::execute queues: 1, RefProcThreadModel::Single, marks_oops_alive: false
[4466.869s][debug][gc,phases      ] GC(281) Reference Processing 0.127ms
[4466.869s][debug][gc,phases      ] GC(281)   VM Weak                        Min:  0.0, Avg:  0.0, Max:  0.0, Diff:  0.0, Sum:  0.0, Workers: 4
[4466.869s][debug][gc,phases      ] GC(281)     Dead                           Min: 0, Avg:  0.0, Max: 0, Diff: 0, Sum: 0, Workers: 4
[4466.869s][debug][gc,phases      ] GC(281)     Total                          Min: 0, Avg: 151.8, Max: 401, Diff: 401, Sum: 607, Workers: 4
[4466.869s][debug][gc,phases      ] GC(281)   ObjectSynchronizer Weak        Min:  0.0, Avg:  0.0, Max:  0.0, Diff:  0.0, Sum:  0.0, Workers: 4
[4466.869s][debug][gc,phases      ] GC(281)     Dead                           Min: 0, Avg:  0.0, Max: 0, Diff: 0, Sum: 0, Workers: 4
[4466.869s][debug][gc,phases      ] GC(281)     Total                          Min: 0, Avg: 119.5, Max: 192, Diff: 192, Sum: 478, Workers: 4
[4466.869s][debug][gc,phases      ] GC(281)   JVMTI Tag Weak OopStorage      Min:  0.0, Avg:  0.0, Max:  0.0, Diff:  0.0, Sum:  0.0, Workers: 4
[4466.869s][debug][gc,phases      ] GC(281)     Dead                           Min: 0, Avg:  0.0, Max: 0, Diff: 0, Sum: 0, Workers: 4
[4466.869s][debug][gc,phases      ] GC(281)     Total                          Min: 0, Avg:  0.0, Max: 0, Diff: 0, Sum: 0, Workers: 4
[4466.869s][debug][gc,phases      ] GC(281)   StringTable Weak               Min:  0.1, Avg:  0.1, Max:  0.1, Diff:  0.0, Sum:  0.5, Workers: 4
[4466.869s][debug][gc,phases      ] GC(281)     Dead                           Min: 0, Avg:  0.0, Max: 0, Diff: 0, Sum: 0, Workers: 4
[4466.869s][debug][gc,phases      ] GC(281)     Total                          Min: 10496, Avg: 12229.2, Max: 13653, Diff: 3157, Sum: 48917, Workers: 4
[4466.869s][debug][gc,phases      ] GC(281)   ResolvedMethodTable Weak       Min:  0.0, Avg:  0.0, Max:  0.0, Diff:  0.0, Sum:  0.1, Workers: 4
[4466.869s][debug][gc,phases      ] GC(281)     Dead                           Min: 0, Avg:  0.0, Max: 0, Diff: 0, Sum: 0, Workers: 4
[4466.869s][debug][gc,phases      ] GC(281)     Total                          Min: 1856, Avg: 2198.5, Max: 2496, Diff: 640, Sum: 8794, Workers: 4
[4466.869s][debug][gc,phases      ] GC(281)   JNI Weak                       Min:  0.0, Avg:  0.0, Max:  0.0, Diff:  0.0, Sum:  0.0, Workers: 4
[4466.869s][debug][gc,phases      ] GC(281)     Dead                           Min: 0, Avg:  0.0, Max: 0, Diff: 0, Sum: 0, Workers: 4
[4466.869s][debug][gc,phases      ] GC(281)     Total                          Min: 0, Avg:  0.0, Max: 0, Diff: 0, Sum: 0, Workers: 4
[4466.869s][debug][gc,phases      ] GC(281)   StringDedup Table Weak         Min:  0.0, Avg:  0.0, Max:  0.0, Diff:  0.0, Sum:  0.0, Workers: 4
[4466.869s][debug][gc,phases      ] GC(281)     Dead                           Min: 0, Avg:  0.0, Max: 0, Diff: 0, Sum: 0, Workers: 4
[4466.869s][debug][gc,phases      ] GC(281)     Total                          Min: 0, Avg:  0.0, Max: 0, Diff: 0, Sum: 0, Workers: 4
[4466.869s][debug][gc,phases      ] GC(281)   StringDedup Requests0 Weak     Min:  0.0, Avg:  0.0, Max:  0.0, Diff:  0.0, Sum:  0.0, Workers: 4
[4466.869s][debug][gc,phases      ] GC(281)     Dead                           Min: 0, Avg:  0.0, Max: 0, Diff: 0, Sum: 0, Workers: 4
[4466.869s][debug][gc,phases      ] GC(281)     Total                          Min: 0, Avg:  0.0, Max: 0, Diff: 0, Sum: 0, Workers: 4
[4466.869s][debug][gc,phases      ] GC(281)   StringDedup Requests1 Weak     Min:  0.0, Avg:  0.0, Max:  0.0, Diff:  0.0, Sum:  0.0, Workers: 4
[4466.869s][debug][gc,phases      ] GC(281)     Dead                           Min: 0, Avg:  0.0, Max: 0, Diff: 0, Sum: 0, Workers: 4
[4466.869s][debug][gc,phases      ] GC(281)     Total                          Min: 0, Avg:  0.0, Max: 0, Diff: 0, Sum: 0, Workers: 4
[4466.869s][debug][gc,phases      ] GC(281)   Weak JFR Old Object Samples    Min:  0.0, Avg:  0.0, Max:  0.0, Diff:  0.0, Sum:  0.0, Workers: 4
[4466.869s][debug][gc,phases      ] GC(281)     Dead                           Min: 0, Avg:  0.0, Max: 0, Diff: 0, Sum: 0, Workers: 4
[4466.869s][debug][gc,phases      ] GC(281)     Total                          Min: 0, Avg:  0.0, Max: 0, Diff: 0, Sum: 0, Workers: 4
[4466.869s][debug][gc,phases      ] GC(281) Weak Processing 0.361ms
[4466.869s][debug][gc,age         ] GC(281) Desired survivor size 155713536 bytes, new threshold 15 (max threshold 15)
[4466.869s][info ][gc,heap        ] GC(281) PSYoungGen: 1927530K(1927680K)->104858K(1938432K) Eden: 1822720K(1822720K)->0K(1793024K) From: 104810K(104960K)->104858K(145408K)
[4466.869s][info ][gc,heap        ] GC(281) ParOldGen: 965502K(1048576K)->965502K(1048576K)
[4466.869s][info ][gc,metaspace   ] GC(281) Metaspace: 85681K(86784K)->85681K(86784K) NonClass: 73859K(74496K)->73859K(74496K) Class: 11821K(12288K)->11821K(12288K)
[4466.869s][info ][gc             ] GC(281) Pause Young (Allocation Failure) 2825M->1045M(2917M) 28.119ms
[4466.869s][info ][gc,cpu         ] GC(281) User=0.11s Sys=0.00s Real=0.03s
[4466.869s][info ][safepoint      ] Safepoint "ParallelGCFailedAllocation", Time since last: 5830519849 ns, Reaching safepoint: 53502 ns, At safepoint: 28214120 ns, Total: 28267622 ns
[4474.870s][info ][safepoint      ] Safepoint "Cleanup", Time since last: 8000546307 ns, Reaching safepoint: 58802 ns, At safepoint: 7000 ns, Total: 65802 ns
[4487.871s][info ][safepoint      ] Safepoint "Cleanup", Time since last: 13000915967 ns, Reaching safepoint: 47101 ns, At safepoint: 4700 ns, Total: 51801 ns
[4489.871s][info ][safepoint      ] Safepoint "Cleanup", Time since last: 2000173126 ns, Reaching safepoint: 53201 ns, At safepoint: 4000 ns, Total: 57201 ns
[4500.872s][info ][safepoint      ] Safepoint "Cleanup", Time since last: 11000739930 ns, Reaching safepoint: 50402 ns, At safepoint: 3000 ns, Total: 53402 ns
[4505.872s][info ][safepoint      ] Safepoint "Cleanup", Time since last: 5000470160 ns, Reaching safepoint: 61601 ns, At safepoint: 4101 ns, Total: 65702 ns
[4512.873s][info ][safepoint      ] Safepoint "Cleanup", Time since last: 7000488177 ns, Reaching safepoint: 43201 ns, At safepoint: 29701 ns, Total: 72902 ns
[4526.907s][info ][gc,start       ] GC(282) Pause Young (Allocation Failure)
[4526.929s][debug][gc,phases      ] GC(282) Scavenge 22.141ms
[4526.930s][debug][gc,ref         ] GC(282) Skipped phase 1 of Reference Processing: no references
[4526.930s][debug][gc,ref         ] GC(282) ReferenceProcessor::execute queues: 1, RefProcThreadModel::Single, marks_oops_alive: false
[4526.930s][debug][gc,ref         ] GC(282) Skipped phase 3 of Reference Processing: no references
[4526.930s][debug][gc,ref         ] GC(282) ReferenceProcessor::execute queues: 1, RefProcThreadModel::Single, marks_oops_alive: false
[4526.930s][debug][gc,phases      ] GC(282) Reference Processing 0.132ms
[4526.930s][debug][gc,phases      ] GC(282)   VM Weak                        Min:  0.0, Avg:  0.0, Max:  0.0, Diff:  0.0, Sum:  0.0, Workers: 4
[4526.930s][debug][gc,phases      ] GC(282)     Dead                           Min: 0, Avg:  0.0, Max: 0, Diff: 0, Sum: 0, Workers: 4
[4526.930s][debug][gc,phases      ] GC(282)     Total                          Min: 0, Avg: 151.8, Max: 607, Diff: 607, Sum: 607, Workers: 4
[4526.930s][debug][gc,phases      ] GC(282)   ObjectSynchronizer Weak        Min:  0.0, Avg:  0.0, Max:  0.0, Diff:  0.0, Sum:  0.0, Workers: 4
[4526.930s][debug][gc,phases      ] GC(282)     Dead                           Min: 0, Avg:  0.0, Max: 0, Diff: 0, Sum: 0, Workers: 4
[4526.930s][debug][gc,phases      ] GC(282)     Total                          Min: 0, Avg: 119.5, Max: 384, Diff: 384, Sum: 478, Workers: 4
[4526.930s][debug][gc,phases      ] GC(282)   JVMTI Tag Weak OopStorage      Min:  0.0, Avg:  0.0, Max:  0.0, Diff:  0.0, Sum:  0.0, Workers: 4
[4526.930s][debug][gc,phases      ] GC(282)     Dead                           Min: 0, Avg:  0.0, Max: 0, Diff: 0, Sum: 0, Workers: 4
[4526.930s][debug][gc,phases      ] GC(282)     Total                          Min: 0, Avg:  0.0, Max: 0, Diff: 0, Sum: 0, Workers: 4
[4526.930s][debug][gc,phases      ] GC(282)   StringTable Weak               Min:  0.1, Avg:  0.1, Max:  0.1, Diff:  0.0, Sum:  0.5, Workers: 4
[4526.930s][debug][gc,phases      ] GC(282)     Dead                           Min: 0, Avg:  0.0, Max: 0, Diff: 0, Sum: 0, Workers: 4
[4526.930s][debug][gc,phases      ] GC(282)     Total                          Min: 10560, Avg: 12229.2, Max: 13589, Diff: 3029, Sum: 48917, Workers: 4
[4526.930s][debug][gc,phases      ] GC(282)   ResolvedMethodTable Weak       Min:  0.0, Avg:  0.0, Max:  0.0, Diff:  0.0, Sum:  0.1, Workers: 4
[4526.930s][debug][gc,phases      ] GC(282)     Dead                           Min: 0, Avg:  0.0, Max: 0, Diff: 0, Sum: 0, Workers: 4
[4526.930s][debug][gc,phases      ] GC(282)     Total                          Min: 2074, Avg: 2198.5, Max: 2304, Diff: 230, Sum: 8794, Workers: 4
[4526.930s][debug][gc,phases      ] GC(282)   JNI Weak                       Min:  0.0, Avg:  0.0, Max:  0.0, Diff:  0.0, Sum:  0.0, Workers: 4
[4526.930s][debug][gc,phases      ] GC(282)     Dead                           Min: 0, Avg:  0.0, Max: 0, Diff: 0, Sum: 0, Workers: 4
[4526.930s][debug][gc,phases      ] GC(282)     Total                          Min: 0, Avg:  0.0, Max: 0, Diff: 0, Sum: 0, Workers: 4
[4526.930s][debug][gc,phases      ] GC(282)   StringDedup Table Weak         Min:  0.0, Avg:  0.0, Max:  0.0, Diff:  0.0, Sum:  0.0, Workers: 4
[4526.930s][debug][gc,phases      ] GC(282)     Dead                           Min: 0, Avg:  0.0, Max: 0, Diff: 0, Sum: 0, Workers: 4
[4526.930s][debug][gc,phases      ] GC(282)     Total                          Min: 0, Avg:  0.0, Max: 0, Diff: 0, Sum: 0, Workers: 4
[4526.930s][debug][gc,phases      ] GC(282)   StringDedup Requests0 Weak     Min:  0.0, Avg:  0.0, Max:  0.0, Diff:  0.0, Sum:  0.0, Workers: 4
[4526.930s][debug][gc,phases      ] GC(282)     Dead                           Min: 0, Avg:  0.0, Max: 0, Diff: 0, Sum: 0, Workers: 4
[4526.930s][debug][gc,phases      ] GC(282)     Total                          Min: 0, Avg:  0.0, Max: 0, Diff: 0, Sum: 0, Workers: 4
[4526.930s][debug][gc,phases      ] GC(282)   StringDedup Requests1 Weak     Min:  0.0, Avg:  0.0, Max:  0.0, Diff:  0.0, Sum:  0.0, Workers: 4
[4526.930s][debug][gc,phases      ] GC(282)     Dead                           Min: 0, Avg:  0.0, Max: 0, Diff: 0, Sum: 0, Workers: 4
[4526.930s][debug][gc,phases      ] GC(282)     Total                          Min: 0, Avg:  0.0, Max: 0, Diff: 0, Sum: 0, Workers: 4
[4526.930s][debug][gc,phases      ] GC(282)   Weak JFR Old Object Samples    Min:  0.0, Avg:  0.0, Max:  0.0, Diff:  0.0, Sum:  0.0, Workers: 4
[4526.930s][debug][gc,phases      ] GC(282)     Dead                           Min: 0, Avg:  0.0, Max: 0, Diff: 0, Sum: 0, Workers: 4
[4526.930s][debug][gc,phases      ] GC(282)     Total                          Min: 0, Avg:  0.0, Max: 0, Diff: 0, Sum: 0, Workers: 4
[4526.930s][debug][gc,phases      ] GC(282) Weak Processing 0.348ms
[4526.930s][debug][gc,age         ] GC(282) Desired survivor size 159907840 bytes, new threshold 15 (max threshold 15)
[4526.930s][info ][gc,heap        ] GC(282) PSYoungGen: 1897882K(1938432K)->104290K(1897472K) Eden: 1793024K(1793024K)->0K(1793024K) From: 104858K(145408K)->104290K(104448K)
[4526.930s][info ][gc,heap        ] GC(282) ParOldGen: 965502K(1048576K)->965502K(1048576K)
[4526.930s][info ][gc,metaspace   ] GC(282) Metaspace: 85695K(86784K)->85695K(86784K) NonClass: 73873K(74496K)->73873K(74496K) Class: 11821K(12288K)->11821K(12288K)
[4526.930s][info ][gc             ] GC(282) Pause Young (Allocation Failure) 2796M->1044M(2877M) 22.769ms
[4526.930s][info ][gc,cpu         ] GC(282) User=0.09s Sys=0.00s Real=0.02s
[4526.930s][info ][safepoint      ] Safepoint "ParallelGCFailedAllocation", Time since last: 14034405398 ns, Reaching safepoint: 35701 ns, At safepoint: 22873583 ns, Total: 22909284 ns
[4581.934s][info ][safepoint      ] Safepoint "Cleanup", Time since last: 55003631755 ns, Reaching safepoint: 48802 ns, At safepoint: 3400 ns, Total: 52202 ns
[4582.934s][info ][safepoint      ] Safepoint "Cleanup", Time since last: 1000110408 ns, Reaching safepoint: 51501 ns, At safepoint: 3400 ns, Total: 54901 ns
[4588.471s][info ][gc,start       ] GC(283) Pause Young (Allocation Failure)
[4588.497s][debug][gc,phases      ] GC(283) Scavenge 26.295ms
[4588.497s][debug][gc,ref         ] GC(283) Skipped phase 1 of Reference Processing: no references
[4588.497s][debug][gc,ref         ] GC(283) ReferenceProcessor::execute queues: 1, RefProcThreadModel::Single, marks_oops_alive: false
[4588.497s][debug][gc,ref         ] GC(283) Skipped phase 3 of Reference Processing: no references
[4588.497s][debug][gc,ref         ] GC(283) ReferenceProcessor::execute queues: 1, RefProcThreadModel::Single, marks_oops_alive: false
[4588.497s][debug][gc,phases      ] GC(283) Reference Processing 0.147ms
[4588.497s][debug][gc,phases      ] GC(283)   VM Weak                        Min:  0.0, Avg:  0.0, Max:  0.0, Diff:  0.0, Sum:  0.0, Workers: 4
[4588.497s][debug][gc,phases      ] GC(283)     Dead                           Min: 0, Avg:  0.0, Max: 0, Diff: 0, Sum: 0, Workers: 4
[4588.497s][debug][gc,phases      ] GC(283)     Total                          Min: 0, Avg: 151.8, Max: 422, Diff: 422, Sum: 607, Workers: 4
[4588.497s][debug][gc,phases      ] GC(283)   ObjectSynchronizer Weak        Min:  0.0, Avg:  0.0, Max:  0.0, Diff:  0.0, Sum:  0.0, Workers: 4
[4588.497s][debug][gc,phases      ] GC(283)     Dead                           Min: 0, Avg:  0.0, Max: 0, Diff: 0, Sum: 0, Workers: 4
[4588.497s][debug][gc,phases      ] GC(283)     Total                          Min: 0, Avg: 119.5, Max: 192, Diff: 192, Sum: 478, Workers: 4
[4588.497s][debug][gc,phases      ] GC(283)   JVMTI Tag Weak OopStorage      Min:  0.0, Avg:  0.0, Max:  0.0, Diff:  0.0, Sum:  0.0, Workers: 4
[4588.497s][debug][gc,phases      ] GC(283)     Dead                           Min: 0, Avg:  0.0, Max: 0, Diff: 0, Sum: 0, Workers: 4
[4588.497s][debug][gc,phases      ] GC(283)     Total                          Min: 0, Avg:  0.0, Max: 0, Diff: 0, Sum: 0, Workers: 4
[4588.497s][debug][gc,phases      ] GC(283)   StringTable Weak               Min:  0.1, Avg:  0.1, Max:  0.1, Diff:  0.0, Sum:  0.5, Workers: 4
[4588.497s][debug][gc,phases      ] GC(283)     Dead                           Min: 0, Avg:  0.0, Max: 0, Diff: 0, Sum: 0, Workers: 4
[4588.497s][debug][gc,phases      ] GC(283)     Total                          Min: 10944, Avg: 12229.2, Max: 12885, Diff: 1941, Sum: 48917, Workers: 4
[4588.497s][debug][gc,phases      ] GC(283)   ResolvedMethodTable Weak       Min:  0.0, Avg:  0.0, Max:  0.0, Diff:  0.0, Sum:  0.1, Workers: 4
[4588.497s][debug][gc,phases      ] GC(283)     Dead                           Min: 0, Avg:  0.0, Max: 0, Diff: 0, Sum: 0, Workers: 4
[4588.497s][debug][gc,phases      ] GC(283)     Total                          Min: 1984, Avg: 2198.5, Max: 2368, Diff: 384, Sum: 8794, Workers: 4
[4588.497s][debug][gc,phases      ] GC(283)   JNI Weak                       Min:  0.0, Avg:  0.0, Max:  0.0, Diff:  0.0, Sum:  0.0, Workers: 4
[4588.497s][debug][gc,phases      ] GC(283)     Dead                           Min: 0, Avg:  0.0, Max: 0, Diff: 0, Sum: 0, Workers: 4
[4588.497s][debug][gc,phases      ] GC(283)     Total                          Min: 0, Avg:  0.0, Max: 0, Diff: 0, Sum: 0, Workers: 4
[4588.497s][debug][gc,phases      ] GC(283)   StringDedup Table Weak         Min:  0.0, Avg:  0.0, Max:  0.0, Diff:  0.0, Sum:  0.0, Workers: 4
[4588.497s][debug][gc,phases      ] GC(283)     Dead                           Min: 0, Avg:  0.0, Max: 0, Diff: 0, Sum: 0, Workers: 4
[4588.497s][debug][gc,phases      ] GC(283)     Total                          Min: 0, Avg:  0.0, Max: 0, Diff: 0, Sum: 0, Workers: 4
[4588.497s][debug][gc,phases      ] GC(283)   StringDedup Requests0 Weak     Min:  0.0, Avg:  0.0, Max:  0.0, Diff:  0.0, Sum:  0.0, Workers: 4
[4588.497s][debug][gc,phases      ] GC(283)     Dead                           Min: 0, Avg:  0.0, Max: 0, Diff: 0, Sum: 0, Workers: 4
[4588.497s][debug][gc,phases      ] GC(283)     Total                          Min: 0, Avg:  0.0, Max: 0, Diff: 0, Sum: 0, Workers: 4
[4588.497s][debug][gc,phases      ] GC(283)   StringDedup Requests1 Weak     Min:  0.0, Avg:  0.0, Max:  0.0, Diff:  0.0, Sum:  0.0, Workers: 4
[4588.497s][debug][gc,phases      ] GC(283)     Dead                           Min: 0, Avg:  0.0, Max: 0, Diff: 0, Sum: 0, Workers: 4
[4588.497s][debug][gc,phases      ] GC(283)     Total                          Min: 0, Avg:  0.0, Max: 0, Diff: 0, Sum: 0, Workers: 4
[4588.497s][debug][gc,phases      ] GC(283)   Weak JFR Old Object Samples    Min:  0.0, Avg:  0.0, Max:  0.0, Diff:  0.0, Sum:  0.0, Workers: 4
[4588.497s][debug][gc,phases      ] GC(283)     Dead                           Min: 0, Avg:  0.0, Max: 0, Diff: 0, Sum: 0, Workers: 4
[4588.497s][debug][gc,phases      ] GC(283)     Total                          Min: 0, Avg:  0.0, Max: 0, Diff: 0, Sum: 0, Workers: 4
[4588.497s][debug][gc,phases      ] GC(283) Weak Processing 0.363ms
[4588.498s][debug][gc,age         ] GC(283) Desired survivor size 163053568 bytes, new threshold 15 (max threshold 15)
[4588.498s][info ][gc,heap        ] GC(283) PSYoungGen: 1897314K(1897472K)->104034K(1934848K) Eden: 1793024K(1793024K)->0K(1778688K) From: 104290K(104448K)->104034K(156160K)
[4588.498s][info ][gc,heap        ] GC(283) ParOldGen: 965502K(1048576K)->965502K(1048576K)
[4588.498s][info ][gc,metaspace   ] GC(283) Metaspace: 85702K(86784K)->85702K(86784K) NonClass: 73880K(74496K)->73880K(74496K) Class: 11821K(12288K)->11821K(12288K)
[4588.498s][info ][gc             ] GC(283) Pause Young (Allocation Failure) 2795M->1044M(2913M) 26.979ms
[4588.498s][info ][gc,cpu         ] GC(283) User=0.11s Sys=0.00s Real=0.03s
[4588.498s][info ][safepoint      ] Safepoint "ParallelGCFailedAllocation", Time since last: 5536516108 ns, Reaching safepoint: 30901 ns, At safepoint: 27069490 ns, Total: 27100391 ns
[4600.499s][info ][safepoint      ] Safepoint "Cleanup", Time since last: 12000851975 ns, Reaching safepoint: 55501 ns, At safepoint: 7400 ns, Total: 62901 ns
[4618.500s][info ][safepoint      ] Safepoint "Cleanup", Time since last: 18001340200 ns, Reaching safepoint: 48601 ns, At safepoint: 30901 ns, Total: 79502 ns
[4621.500s][info ][safepoint      ] Safepoint "Cleanup", Time since last: 3000235115 ns, Reaching safepoint: 55801 ns, At safepoint: 6301 ns, Total: 62102 ns
[4623.500s][info ][safepoint      ] Safepoint "Cleanup", Time since last: 2000180510 ns, Reaching safepoint: 63602 ns, At safepoint: 6800 ns, Total: 70402 ns
[4625.501s][info ][safepoint      ] Safepoint "Cleanup", Time since last: 2000205011 ns, Reaching safepoint: 55601 ns, At safepoint: 6100 ns, Total: 61701 ns
[4627.501s][info ][safepoint      ] Safepoint "Cleanup", Time since last: 2000210411 ns, Reaching safepoint: 51002 ns, At safepoint: 4600 ns, Total: 55602 ns
[4628.501s][info ][safepoint      ] Safepoint "Cleanup", Time since last: 1000154606 ns, Reaching safepoint: 58602 ns, At safepoint: 11400 ns, Total: 70002 ns
[4637.502s][info ][safepoint      ] Safepoint "Cleanup", Time since last: 9000652439 ns, Reaching safepoint: 63702 ns, At safepoint: 4100 ns, Total: 67802 ns
[4650.038s][info ][gc,start       ] GC(284) Pause Young (Allocation Failure)
[4650.063s][debug][gc,phases      ] GC(284) Scavenge 24.301ms
[4650.063s][debug][gc,ref         ] GC(284) Skipped phase 1 of Reference Processing: no references
[4650.063s][debug][gc,ref         ] GC(284) ReferenceProcessor::execute queues: 1, RefProcThreadModel::Single, marks_oops_alive: false
[4650.063s][debug][gc,ref         ] GC(284) Skipped phase 3 of Reference Processing: no references
[4650.063s][debug][gc,ref         ] GC(284) ReferenceProcessor::execute queues: 1, RefProcThreadModel::Single, marks_oops_alive: false
[4650.063s][debug][gc,phases      ] GC(284) Reference Processing 0.146ms
[4650.063s][debug][gc,phases      ] GC(284)   VM Weak                        Min:  0.0, Avg:  0.0, Max:  0.0, Diff:  0.0, Sum:  0.0, Workers: 4
[4650.063s][debug][gc,phases      ] GC(284)     Dead                           Min: 0, Avg:  0.0, Max: 0, Diff: 0, Sum: 0, Workers: 4
[4650.063s][debug][gc,phases      ] GC(284)     Total                          Min: 0, Avg: 151.8, Max: 310, Diff: 310, Sum: 607, Workers: 4
[4650.063s][debug][gc,phases      ] GC(284)   ObjectSynchronizer Weak        Min:  0.0, Avg:  0.0, Max:  0.0, Diff:  0.0, Sum:  0.0, Workers: 4
[4650.063s][debug][gc,phases      ] GC(284)     Dead                           Min: 0, Avg:  0.0, Max: 0, Diff: 0, Sum: 0, Workers: 4
[4650.063s][debug][gc,phases      ] GC(284)     Total                          Min: 0, Avg: 119.5, Max: 192, Diff: 192, Sum: 478, Workers: 4
[4650.063s][debug][gc,phases      ] GC(284)   JVMTI Tag Weak OopStorage      Min:  0.0, Avg:  0.0, Max:  0.0, Diff:  0.0, Sum:  0.0, Workers: 4
[4650.063s][debug][gc,phases      ] GC(284)     Dead                           Min: 0, Avg:  0.0, Max: 0, Diff: 0, Sum: 0, Workers: 4
[4650.063s][debug][gc,phases      ] GC(284)     Total                          Min: 0, Avg:  0.0, Max: 0, Diff: 0, Sum: 0, Workers: 4
[4650.063s][debug][gc,phases      ] GC(284)   StringTable Weak               Min:  0.1, Avg:  0.1, Max:  0.1, Diff:  0.0, Sum:  0.5, Workers: 4
[4650.063s][debug][gc,phases      ] GC(284)     Dead                           Min: 0, Avg:  0.0, Max: 0, Diff: 0, Sum: 0, Workers: 4
[4650.063s][debug][gc,phases      ] GC(284)     Total                          Min: 11328, Avg: 12229.2, Max: 13141, Diff: 1813, Sum: 48917, Workers: 4
[4650.063s][debug][gc,phases      ] GC(284)   ResolvedMethodTable Weak       Min:  0.0, Avg:  0.0, Max:  0.0, Diff:  0.0, Sum:  0.1, Workers: 4
[4650.063s][debug][gc,phases      ] GC(284)     Dead                           Min: 0, Avg:  0.0, Max: 0, Diff: 0, Sum: 0, Workers: 4
[4650.063s][debug][gc,phases      ] GC(284)     Total                          Min: 2010, Avg: 2198.5, Max: 2368, Diff: 358, Sum: 8794, Workers: 4
[4650.063s][debug][gc,phases      ] GC(284)   JNI Weak                       Min:  0.0, Avg:  0.0, Max:  0.0, Diff:  0.0, Sum:  0.0, Workers: 4
[4650.063s][debug][gc,phases      ] GC(284)     Dead                           Min: 0, Avg:  0.0, Max: 0, Diff: 0, Sum: 0, Workers: 4
[4650.063s][debug][gc,phases      ] GC(284)     Total                          Min: 0, Avg:  0.0, Max: 0, Diff: 0, Sum: 0, Workers: 4
[4650.063s][debug][gc,phases      ] GC(284)   StringDedup Table Weak         Min:  0.0, Avg:  0.0, Max:  0.0, Diff:  0.0, Sum:  0.0, Workers: 4
[4650.063s][debug][gc,phases      ] GC(284)     Dead                           Min: 0, Avg:  0.0, Max: 0, Diff: 0, Sum: 0, Workers: 4
[4650.063s][debug][gc,phases      ] GC(284)     Total                          Min: 0, Avg:  0.0, Max: 0, Diff: 0, Sum: 0, Workers: 4
[4650.063s][debug][gc,phases      ] GC(284)   StringDedup Requests0 Weak     Min:  0.0, Avg:  0.0, Max:  0.0, Diff:  0.0, Sum:  0.0, Workers: 4
[4650.063s][debug][gc,phases      ] GC(284)     Dead                           Min: 0, Avg:  0.0, Max: 0, Diff: 0, Sum: 0, Workers: 4
[4650.063s][debug][gc,phases      ] GC(284)     Total                          Min: 0, Avg:  0.0, Max: 0, Diff: 0, Sum: 0, Workers: 4
[4650.063s][debug][gc,phases      ] GC(284)   StringDedup Requests1 Weak     Min:  0.0, Avg:  0.0, Max:  0.0, Diff:  0.0, Sum:  0.0, Workers: 4
[4650.063s][debug][gc,phases      ] GC(284)     Dead                           Min: 0, Avg:  0.0, Max: 0, Diff: 0, Sum: 0, Workers: 4
[4650.063s][debug][gc,phases      ] GC(284)     Total                          Min: 0, Avg:  0.0, Max: 0, Diff: 0, Sum: 0, Workers: 4
[4650.063s][debug][gc,phases      ] GC(284)   Weak JFR Old Object Samples    Min:  0.0, Avg:  0.0, Max:  0.0, Diff:  0.0, Sum:  0.0, Workers: 4
[4650.063s][debug][gc,phases      ] GC(284)     Dead                           Min: 0, Avg:  0.0, Max: 0, Diff: 0, Sum: 0, Workers: 4
[4650.063s][debug][gc,phases      ] GC(284)     Total                          Min: 0, Avg:  0.0, Max: 0, Diff: 0, Sum: 0, Workers: 4
[4650.063s][debug][gc,phases      ] GC(284) Weak Processing 0.347ms
[4650.063s][debug][gc,age         ] GC(284) Desired survivor size 165150720 bytes, new threshold 15 (max threshold 15)
[4650.063s][info ][gc,heap        ] GC(284) PSYoungGen: 1882722K(1934848K)->103874K(1882624K) Eden: 1778688K(1778688K)->0K(1778688K) From: 104034K(156160K)->103874K(103936K)
[4650.063s][info ][gc,heap        ] GC(284) ParOldGen: 965502K(1048576K)->965502K(1048576K)
[4650.063s][info ][gc,metaspace   ] GC(284) Metaspace: 85706K(86784K)->85706K(86784K) NonClass: 73884K(74496K)->73884K(74496K) Class: 11821K(12288K)->11821K(12288K)
[4650.063s][info ][gc             ] GC(284) Pause Young (Allocation Failure) 2781M->1044M(2862M) 24.944ms
[4650.063s][info ][gc,cpu         ] GC(284) User=0.10s Sys=0.00s Real=0.03s
[4650.063s][info ][safepoint      ] Safepoint "ParallelGCFailedAllocation", Time since last: 12536364401 ns, Reaching safepoint: 28301 ns, At safepoint: 25034638 ns, Total: 25062939 ns
[4664.065s][info ][safepoint      ] Safepoint "Cleanup", Time since last: 14001080646 ns, Reaching safepoint: 73002 ns, At safepoint: 16001 ns, Total: 89003 ns
[4676.066s][info ][safepoint      ] Safepoint "Cleanup", Time since last: 12000985933 ns, Reaching safepoint: 49902 ns, At safepoint: 27100 ns, Total: 77002 ns
[4677.066s][info ][safepoint      ] Safepoint "Cleanup", Time since last: 1000114304 ns, Reaching safepoint: 55401 ns, At safepoint: 4000 ns, Total: 59401 ns
[4679.066s][info ][safepoint      ] Safepoint "Cleanup", Time since last: 2000192506 ns, Reaching safepoint: 48401 ns, At safepoint: 3800 ns, Total: 52201 ns
[4682.066s][info ][safepoint      ] Safepoint "Cleanup", Time since last: 3000258907 ns, Reaching safepoint: 56802 ns, At safepoint: 14100 ns, Total: 70902 ns
[4702.068s][info ][safepoint      ] Safepoint "Cleanup", Time since last: 20001446132 ns, Reaching safepoint: 55001 ns, At safepoint: 4001 ns, Total: 59002 ns
[4712.069s][info ][safepoint      ] Safepoint "Cleanup", Time since last: 10000635407 ns, Reaching safepoint: 57001 ns, At safepoint: 9700 ns, Total: 66701 ns
[4714.069s][info ][safepoint      ] Safepoint "Cleanup", Time since last: 2000173503 ns, Reaching safepoint: 53501 ns, At safepoint: 6500 ns, Total: 60001 ns
[4715.478s][info ][gc,start       ] GC(285) Pause Young (Allocation Failure)
[4715.505s][debug][gc,phases      ] GC(285) Scavenge 26.562ms
[4715.505s][debug][gc,ref         ] GC(285) Skipped phase 1 of Reference Processing: no references
[4715.505s][debug][gc,ref         ] GC(285) ReferenceProcessor::execute queues: 1, RefProcThreadModel::Single, marks_oops_alive: false
[4715.505s][debug][gc,ref         ] GC(285) Skipped phase 3 of Reference Processing: no references
[4715.505s][debug][gc,ref         ] GC(285) ReferenceProcessor::execute queues: 1, RefProcThreadModel::Single, marks_oops_alive: false
[4715.505s][debug][gc,phases      ] GC(285) Reference Processing 0.131ms
[4715.505s][debug][gc,phases      ] GC(285)   VM Weak                        Min:  0.0, Avg:  0.0, Max:  0.0, Diff:  0.0, Sum:  0.0, Workers: 4
[4715.505s][debug][gc,phases      ] GC(285)     Dead                           Min: 0, Avg:  0.0, Max: 0, Diff: 0, Sum: 0, Workers: 4
[4715.505s][debug][gc,phases      ] GC(285)     Total                          Min: 0, Avg: 151.8, Max: 238, Diff: 238, Sum: 607, Workers: 4
[4715.505s][debug][gc,phases      ] GC(285)   ObjectSynchronizer Weak        Min:  0.0, Avg:  0.0, Max:  0.0, Diff:  0.0, Sum:  0.0, Workers: 4
[4715.505s][debug][gc,phases      ] GC(285)     Dead                           Min: 0, Avg:  0.0, Max: 0, Diff: 0, Sum: 0, Workers: 4
[4715.505s][debug][gc,phases      ] GC(285)     Total                          Min: 0, Avg: 119.5, Max: 192, Diff: 192, Sum: 478, Workers: 4
[4715.505s][debug][gc,phases      ] GC(285)   JVMTI Tag Weak OopStorage      Min:  0.0, Avg:  0.0, Max:  0.0, Diff:  0.0, Sum:  0.0, Workers: 4
[4715.505s][debug][gc,phases      ] GC(285)     Dead                           Min: 0, Avg:  0.0, Max: 0, Diff: 0, Sum: 0, Workers: 4
[4715.505s][debug][gc,phases      ] GC(285)     Total                          Min: 0, Avg:  0.0, Max: 0, Diff: 0, Sum: 0, Workers: 4
[4715.505s][debug][gc,phases      ] GC(285)   StringTable Weak               Min:  0.1, Avg:  0.1, Max:  0.1, Diff:  0.0, Sum:  0.5, Workers: 4
[4715.505s][debug][gc,phases      ] GC(285)     Dead                           Min: 0, Avg:  0.0, Max: 0, Diff: 0, Sum: 0, Workers: 4
[4715.505s][debug][gc,phases      ] GC(285)     Total                          Min: 10752, Avg: 12229.2, Max: 13013, Diff: 2261, Sum: 48917, Workers: 4
[4715.505s][debug][gc,phases      ] GC(285)   ResolvedMethodTable Weak       Min:  0.0, Avg:  0.0, Max:  0.0, Diff:  0.0, Sum:  0.1, Workers: 4
[4715.505s][debug][gc,phases      ] GC(285)     Dead                           Min: 0, Avg:  0.0, Max: 0, Diff: 0, Sum: 0, Workers: 4
[4715.505s][debug][gc,phases      ] GC(285)     Total                          Min: 1920, Avg: 2198.5, Max: 2368, Diff: 448, Sum: 8794, Workers: 4
[4715.505s][debug][gc,phases      ] GC(285)   JNI Weak                       Min:  0.0, Avg:  0.0, Max:  0.0, Diff:  0.0, Sum:  0.0, Workers: 4
[4715.505s][debug][gc,phases      ] GC(285)     Dead                           Min: 0, Avg:  0.0, Max: 0, Diff: 0, Sum: 0, Workers: 4
[4715.505s][debug][gc,phases      ] GC(285)     Total                          Min: 0, Avg:  0.0, Max: 0, Diff: 0, Sum: 0, Workers: 4
[4715.506s][debug][gc,phases      ] GC(285)   StringDedup Table Weak         Min:  0.0, Avg:  0.0, Max:  0.0, Diff:  0.0, Sum:  0.0, Workers: 4
[4715.506s][debug][gc,phases      ] GC(285)     Dead                           Min: 0, Avg:  0.0, Max: 0, Diff: 0, Sum: 0, Workers: 4
[4715.506s][debug][gc,phases      ] GC(285)     Total                          Min: 0, Avg:  0.0, Max: 0, Diff: 0, Sum: 0, Workers: 4
[4715.506s][debug][gc,phases      ] GC(285)   StringDedup Requests0 Weak     Min:  0.0, Avg:  0.0, Max:  0.0, Diff:  0.0, Sum:  0.0, Workers: 4
[4715.506s][debug][gc,phases      ] GC(285)     Dead                           Min: 0, Avg:  0.0, Max: 0, Diff: 0, Sum: 0, Workers: 4
[4715.506s][debug][gc,phases      ] GC(285)     Total                          Min: 0, Avg:  0.0, Max: 0, Diff: 0, Sum: 0, Workers: 4
[4715.506s][debug][gc,phases      ] GC(285)   StringDedup Requests1 Weak     Min:  0.0, Avg:  0.0, Max:  0.0, Diff:  0.0, Sum:  0.0, Workers: 4
[4715.506s][debug][gc,phases      ] GC(285)     Dead                           Min: 0, Avg:  0.0, Max: 0, Diff: 0, Sum: 0, Workers: 4
[4715.506s][debug][gc,phases      ] GC(285)     Total                          Min: 0, Avg:  0.0, Max: 0, Diff: 0, Sum: 0, Workers: 4
[4715.506s][debug][gc,phases      ] GC(285)   Weak JFR Old Object Samples    Min:  0.0, Avg:  0.0, Max:  0.0, Diff:  0.0, Sum:  0.0, Workers: 4
[4715.506s][debug][gc,phases      ] GC(285)     Dead                           Min: 0, Avg:  0.0, Max: 0, Diff: 0, Sum: 0, Workers: 4
[4715.506s][debug][gc,phases      ] GC(285)     Total                          Min: 0, Avg:  0.0, Max: 0, Diff: 0, Sum: 0, Workers: 4
[4715.506s][debug][gc,phases      ] GC(285) Weak Processing 0.409ms
[4715.506s][debug][gc,age         ] GC(285) Desired survivor size 165675008 bytes, new threshold 15 (max threshold 15)
[4715.506s][info ][gc,heap        ] GC(285) PSYoungGen: 1882562K(1882624K)->103777K(1934848K) Eden: 1778688K(1778688K)->0K(1773568K) From: 103874K(103936K)->103777K(161280K)
[4715.506s][info ][gc,heap        ] GC(285) ParOldGen: 965502K(1048576K)->965502K(1048576K)
[4715.506s][info ][gc,metaspace   ] GC(285) Metaspace: 85707K(86784K)->85707K(86784K) NonClass: 73885K(74496K)->73885K(74496K) Class: 11821K(12288K)->11821K(12288K)
[4715.506s][info ][gc             ] GC(285) Pause Young (Allocation Failure) 2781M->1044M(2913M) 27.254ms
[4715.506s][info ][gc,cpu         ] GC(285) User=0.11s Sys=0.01s Real=0.03s
[4715.506s][info ][safepoint      ] Safepoint "ParallelGCFailedAllocation", Time since last: 1409388338 ns, Reaching safepoint: 124103 ns, At safepoint: 27356498 ns, Total: 27480601 ns
[4726.507s][info ][safepoint      ] Safepoint "Cleanup", Time since last: 11000796704 ns, Reaching safepoint: 58401 ns, At safepoint: 6300 ns, Total: 64701 ns
[4731.507s][info ][safepoint      ] Safepoint "Cleanup", Time since last: 5000418602 ns, Reaching safepoint: 62902 ns, At safepoint: 36201 ns, Total: 99103 ns
[4735.507s][info ][safepoint      ] Safepoint "Cleanup", Time since last: 4000323800 ns, Reaching safepoint: 51101 ns, At safepoint: 4700 ns, Total: 55801 ns
[4744.508s][info ][safepoint      ] Safepoint "Cleanup", Time since last: 9000709398 ns, Reaching safepoint: 71802 ns, At safepoint: 7600 ns, Total: 79402 ns
[4746.508s][info ][safepoint      ] Safepoint "Cleanup", Time since last: 2000187000 ns, Reaching safepoint: 52501 ns, At safepoint: 6201 ns, Total: 58702 ns
[4747.509s][info ][safepoint      ] Safepoint "Cleanup", Time since last: 1000114800 ns, Reaching safepoint: 56801 ns, At safepoint: 3701 ns, Total: 60502 ns
[4749.509s][info ][safepoint      ] Safepoint "Cleanup", Time since last: 2000185999 ns, Reaching safepoint: 56402 ns, At safepoint: 5900 ns, Total: 62302 ns
[4750.509s][info ][safepoint      ] Safepoint "Cleanup", Time since last: 1000104900 ns, Reaching safepoint: 56901 ns, At safepoint: 3700 ns, Total: 60601 ns
[4759.136s][info ][gc,start       ] GC(286) Pause Young (Allocation Failure)
[4759.163s][debug][gc,phases      ] GC(286) Scavenge 26.481ms
[4759.163s][debug][gc,ref         ] GC(286) Skipped phase 1 of Reference Processing: no references
[4759.163s][debug][gc,ref         ] GC(286) ReferenceProcessor::execute queues: 1, RefProcThreadModel::Single, marks_oops_alive: false
[4759.163s][debug][gc,ref         ] GC(286) Skipped phase 3 of Reference Processing: no references
[4759.163s][debug][gc,ref         ] GC(286) ReferenceProcessor::execute queues: 1, RefProcThreadModel::Single, marks_oops_alive: false
[4759.163s][debug][gc,phases      ] GC(286) Reference Processing 0.136ms
[4759.163s][debug][gc,phases      ] GC(286)   VM Weak                        Min:  0.0, Avg:  0.0, Max:  0.0, Diff:  0.0, Sum:  0.0, Workers: 4
[4759.163s][debug][gc,phases      ] GC(286)     Dead                           Min: 0, Avg:  0.0, Max: 0, Diff: 0, Sum: 0, Workers: 4
[4759.163s][debug][gc,phases      ] GC(286)     Total                          Min: 0, Avg: 151.8, Max: 607, Diff: 607, Sum: 607, Workers: 4
[4759.163s][debug][gc,phases      ] GC(286)   ObjectSynchronizer Weak        Min:  0.0, Avg:  0.0, Max:  0.0, Diff:  0.0, Sum:  0.0, Workers: 4
[4759.163s][debug][gc,phases      ] GC(286)     Dead                           Min: 0, Avg:  0.0, Max: 0, Diff: 0, Sum: 0, Workers: 4
[4759.163s][debug][gc,phases      ] GC(286)     Total                          Min: 0, Avg: 119.5, Max: 256, Diff: 256, Sum: 478, Workers: 4
[4759.163s][debug][gc,phases      ] GC(286)   JVMTI Tag Weak OopStorage      Min:  0.0, Avg:  0.0, Max:  0.0, Diff:  0.0, Sum:  0.0, Workers: 4
[4759.163s][debug][gc,phases      ] GC(286)     Dead                           Min: 0, Avg:  0.0, Max: 0, Diff: 0, Sum: 0, Workers: 4
[4759.163s][debug][gc,phases      ] GC(286)     Total                          Min: 0, Avg:  0.0, Max: 0, Diff: 0, Sum: 0, Workers: 4
[4759.163s][debug][gc,phases      ] GC(286)   StringTable Weak               Min:  0.1, Avg:  0.1, Max:  0.1, Diff:  0.0, Sum:  0.5, Workers: 4
[4759.163s][debug][gc,phases      ] GC(286)     Dead                           Min: 0, Avg:  0.0, Max: 0, Diff: 0, Sum: 0, Workers: 4
[4759.163s][debug][gc,phases      ] GC(286)     Total                          Min: 11605, Avg: 12229.2, Max: 12736, Diff: 1131, Sum: 48917, Workers: 4
[4759.163s][debug][gc,phases      ] GC(286)   ResolvedMethodTable Weak       Min:  0.0, Avg:  0.0, Max:  0.0, Diff:  0.0, Sum:  0.1, Workers: 4
[4759.163s][debug][gc,phases      ] GC(286)     Dead                           Min: 0, Avg:  0.0, Max: 0, Diff: 0, Sum: 0, Workers: 4
[4759.163s][debug][gc,phases      ] GC(286)     Total                          Min: 1946, Avg: 2198.5, Max: 2496, Diff: 550, Sum: 8794, Workers: 4
[4759.163s][debug][gc,phases      ] GC(286)   JNI Weak                       Min:  0.0, Avg:  0.0, Max:  0.0, Diff:  0.0, Sum:  0.0, Workers: 4
[4759.163s][debug][gc,phases      ] GC(286)     Dead                           Min: 0, Avg:  0.0, Max: 0, Diff: 0, Sum: 0, Workers: 4
[4759.163s][debug][gc,phases      ] GC(286)     Total                          Min: 0, Avg:  0.0, Max: 0, Diff: 0, Sum: 0, Workers: 4
[4759.163s][debug][gc,phases      ] GC(286)   StringDedup Table Weak         Min:  0.0, Avg:  0.0, Max:  0.0, Diff:  0.0, Sum:  0.0, Workers: 4
[4759.163s][debug][gc,phases      ] GC(286)     Dead                           Min: 0, Avg:  0.0, Max: 0, Diff: 0, Sum: 0, Workers: 4
[4759.163s][debug][gc,phases      ] GC(286)     Total                          Min: 0, Avg:  0.0, Max: 0, Diff: 0, Sum: 0, Workers: 4
[4759.163s][debug][gc,phases      ] GC(286)   StringDedup Requests0 Weak     Min:  0.0, Avg:  0.0, Max:  0.0, Diff:  0.0, Sum:  0.0, Workers: 4
[4759.163s][debug][gc,phases      ] GC(286)     Dead                           Min: 0, Avg:  0.0, Max: 0, Diff: 0, Sum: 0, Workers: 4
[4759.163s][debug][gc,phases      ] GC(286)     Total                          Min: 0, Avg:  0.0, Max: 0, Diff: 0, Sum: 0, Workers: 4
[4759.163s][debug][gc,phases      ] GC(286)   StringDedup Requests1 Weak     Min:  0.0, Avg:  0.0, Max:  0.0, Diff:  0.0, Sum:  0.0, Workers: 4
[4759.163s][debug][gc,phases      ] GC(286)     Dead                           Min: 0, Avg:  0.0, Max: 0, Diff: 0, Sum: 0, Workers: 4
[4759.163s][debug][gc,phases      ] GC(286)     Total                          Min: 0, Avg:  0.0, Max: 0, Diff: 0, Sum: 0, Workers: 4
[4759.163s][debug][gc,phases      ] GC(286)   Weak JFR Old Object Samples    Min:  0.0, Avg:  0.0, Max:  0.0, Diff:  0.0, Sum:  0.0, Workers: 4
[4759.163s][debug][gc,phases      ] GC(286)     Dead                           Min: 0, Avg:  0.0, Max: 0, Diff: 0, Sum: 0, Workers: 4
[4759.163s][debug][gc,phases      ] GC(286)     Total                          Min: 0, Avg:  0.0, Max: 0, Diff: 0, Sum: 0, Workers: 4
[4759.163s][debug][gc,phases      ] GC(286) Weak Processing 0.364ms
[4759.163s][debug][gc,age         ] GC(286) Desired survivor size 164626432 bytes, new threshold 15 (max threshold 15)
[4759.163s][info ][gc,heap        ] GC(286) PSYoungGen: 1877345K(1934848K)->100818K(1935360K) Eden: 1773568K(1773568K)->0K(1773568K) From: 103777K(161280K)->100818K(161792K)
[4759.163s][info ][gc,heap        ] GC(286) ParOldGen: 965502K(1048576K)->978326K(1048576K)
[4759.163s][info ][gc,metaspace   ] GC(286) Metaspace: 85709K(86784K)->85709K(86784K) NonClass: 73887K(74496K)->73887K(74496K) Class: 11821K(12288K)->11821K(12288K)
[4759.163s][info ][gc             ] GC(286) Pause Young (Allocation Failure) 2776M->1053M(2914M) 27.142ms
[4759.163s][info ][gc,cpu         ] GC(286) User=0.11s Sys=0.00s Real=0.03s
[4759.163s][info ][safepoint      ] Safepoint "ParallelGCFailedAllocation", Time since last: 8626945863 ns, Reaching safepoint: 39701 ns, At safepoint: 27235295 ns, Total: 27274996 ns
[4763.164s][info ][safepoint      ] Safepoint "Cleanup", Time since last: 4000273394 ns, Reaching safepoint: 42001 ns, At safepoint: 28601 ns, Total: 70602 ns
[4764.164s][info ][safepoint      ] Safepoint "Cleanup", Time since last: 1000106100 ns, Reaching safepoint: 57301 ns, At safepoint: 5300 ns, Total: 62601 ns
[4779.165s][info ][safepoint      ] Safepoint "Cleanup", Time since last: 15001050475 ns, Reaching safepoint: 73002 ns, At safepoint: 8901 ns, Total: 81903 ns
[4780.165s][info ][safepoint      ] Safepoint "Cleanup", Time since last: 1000121599 ns, Reaching safepoint: 49701 ns, At safepoint: 3800 ns, Total: 53501 ns
[4799.166s][info ][safepoint      ] Safepoint "Cleanup", Time since last: 19001246754 ns, Reaching safepoint: 56602 ns, At safepoint: 31800 ns, Total: 88402 ns
[4805.167s][info ][safepoint      ] Safepoint "Cleanup", Time since last: 6000493886 ns, Reaching safepoint: 48401 ns, At safepoint: 18600 ns, Total: 67001 ns
[4808.167s][info ][gc,start       ] GC(287) Pause Young (Allocation Failure)
[4808.195s][debug][gc,phases      ] GC(287) Scavenge 27.568ms
[4808.195s][debug][gc,ref         ] GC(287) Skipped phase 1 of Reference Processing: no references
[4808.195s][debug][gc,ref         ] GC(287) ReferenceProcessor::execute queues: 1, RefProcThreadModel::Single, marks_oops_alive: false
[4808.195s][debug][gc,ref         ] GC(287) Skipped phase 3 of Reference Processing: no references
[4808.195s][debug][gc,ref         ] GC(287) ReferenceProcessor::execute queues: 1, RefProcThreadModel::Single, marks_oops_alive: false
[4808.195s][debug][gc,phases      ] GC(287) Reference Processing 0.148ms
[4808.195s][debug][gc,phases      ] GC(287)   VM Weak                        Min:  0.0, Avg:  0.0, Max:  0.0, Diff:  0.0, Sum:  0.0, Workers: 4
[4808.195s][debug][gc,phases      ] GC(287)     Dead                           Min: 0, Avg:  0.0, Max: 0, Diff: 0, Sum: 0, Workers: 4
[4808.195s][debug][gc,phases      ] GC(287)     Total                          Min: 0, Avg: 151.8, Max: 461, Diff: 461, Sum: 607, Workers: 4
[4808.195s][debug][gc,phases      ] GC(287)   ObjectSynchronizer Weak        Min:  0.0, Avg:  0.0, Max:  0.0, Diff:  0.0, Sum:  0.0, Workers: 4
[4808.195s][debug][gc,phases      ] GC(287)     Dead                           Min: 0, Avg:  0.0, Max: 0, Diff: 0, Sum: 0, Workers: 4
[4808.195s][debug][gc,phases      ] GC(287)     Total                          Min: 64, Avg: 119.5, Max: 192, Diff: 128, Sum: 478, Workers: 4
[4808.195s][debug][gc,phases      ] GC(287)   JVMTI Tag Weak OopStorage      Min:  0.0, Avg:  0.0, Max:  0.0, Diff:  0.0, Sum:  0.0, Workers: 4
[4808.195s][debug][gc,phases      ] GC(287)     Dead                           Min: 0, Avg:  0.0, Max: 0, Diff: 0, Sum: 0, Workers: 4
[4808.195s][debug][gc,phases      ] GC(287)     Total                          Min: 0, Avg:  0.0, Max: 0, Diff: 0, Sum: 0, Workers: 4
[4808.195s][debug][gc,phases      ] GC(287)   StringTable Weak               Min:  0.1, Avg:  0.1, Max:  0.1, Diff:  0.0, Sum:  0.5, Workers: 4
[4808.195s][debug][gc,phases      ] GC(287)     Dead                           Min: 0, Avg:  0.0, Max: 0, Diff: 0, Sum: 0, Workers: 4
[4808.195s][debug][gc,phases      ] GC(287)     Total                          Min: 11136, Avg: 12229.2, Max: 12928, Diff: 1792, Sum: 48917, Workers: 4
[4808.195s][debug][gc,phases      ] GC(287)   ResolvedMethodTable Weak       Min:  0.0, Avg:  0.0, Max:  0.0, Diff:  0.0, Sum:  0.1, Workers: 4
[4808.195s][debug][gc,phases      ] GC(287)     Dead                           Min: 0, Avg:  0.0, Max: 0, Diff: 0, Sum: 0, Workers: 4
[4808.195s][debug][gc,phases      ] GC(287)     Total                          Min: 2048, Avg: 2198.5, Max: 2304, Diff: 256, Sum: 8794, Workers: 4
[4808.195s][debug][gc,phases      ] GC(287)   JNI Weak                       Min:  0.0, Avg:  0.0, Max:  0.0, Diff:  0.0, Sum:  0.0, Workers: 4
[4808.195s][debug][gc,phases      ] GC(287)     Dead                           Min: 0, Avg:  0.0, Max: 0, Diff: 0, Sum: 0, Workers: 4
[4808.195s][debug][gc,phases      ] GC(287)     Total                          Min: 0, Avg:  0.0, Max: 0, Diff: 0, Sum: 0, Workers: 4
[4808.195s][debug][gc,phases      ] GC(287)   StringDedup Table Weak         Min:  0.0, Avg:  0.0, Max:  0.0, Diff:  0.0, Sum:  0.0, Workers: 4
[4808.195s][debug][gc,phases      ] GC(287)     Dead                           Min: 0, Avg:  0.0, Max: 0, Diff: 0, Sum: 0, Workers: 4
[4808.195s][debug][gc,phases      ] GC(287)     Total                          Min: 0, Avg:  0.0, Max: 0, Diff: 0, Sum: 0, Workers: 4
[4808.195s][debug][gc,phases      ] GC(287)   StringDedup Requests0 Weak     Min:  0.0, Avg:  0.0, Max:  0.0, Diff:  0.0, Sum:  0.0, Workers: 4
[4808.195s][debug][gc,phases      ] GC(287)     Dead                           Min: 0, Avg:  0.0, Max: 0, Diff: 0, Sum: 0, Workers: 4
[4808.195s][debug][gc,phases      ] GC(287)     Total                          Min: 0, Avg:  0.0, Max: 0, Diff: 0, Sum: 0, Workers: 4
[4808.195s][debug][gc,phases      ] GC(287)   StringDedup Requests1 Weak     Min:  0.0, Avg:  0.0, Max:  0.0, Diff:  0.0, Sum:  0.0, Workers: 4
[4808.195s][debug][gc,phases      ] GC(287)     Dead                           Min: 0, Avg:  0.0, Max: 0, Diff: 0, Sum: 0, Workers: 4
[4808.195s][debug][gc,phases      ] GC(287)     Total                          Min: 0, Avg:  0.0, Max: 0, Diff: 0, Sum: 0, Workers: 4
[4808.195s][debug][gc,phases      ] GC(287)   Weak JFR Old Object Samples    Min:  0.0, Avg:  0.0, Max:  0.0, Diff:  0.0, Sum:  0.0, Workers: 4
[4808.195s][debug][gc,phases      ] GC(287)     Dead                           Min: 0, Avg:  0.0, Max: 0, Diff: 0, Sum: 0, Workers: 4
[4808.195s][debug][gc,phases      ] GC(287)     Total                          Min: 0, Avg:  0.0, Max: 0, Diff: 0, Sum: 0, Workers: 4
[4808.195s][debug][gc,phases      ] GC(287) Weak Processing 0.530ms
[4808.195s][debug][gc,age         ] GC(287) Desired survivor size 162529280 bytes, new threshold 15 (max threshold 15)
[4808.195s][info ][gc,heap        ] GC(287) PSYoungGen: 1874386K(1935360K)->98105K(1938432K) Eden: 1773568K(1773568K)->0K(1777664K) From: 100818K(161792K)->98105K(160768K)
[4808.195s][info ][gc,heap        ] GC(287) ParOldGen: 978326K(1048576K)->978950K(1048576K)
[4808.195s][info ][gc,metaspace   ] GC(287) Metaspace: 85717K(86784K)->85717K(86784K) NonClass: 73895K(74496K)->73895K(74496K) Class: 11821K(12288K)->11821K(12288K)
[4808.195s][info ][gc             ] GC(287) Pause Young (Allocation Failure) 2785M->1051M(2917M) 28.391ms
[4808.195s][info ][gc,cpu         ] GC(287) User=0.11s Sys=0.00s Real=0.03s
[4808.195s][info ][safepoint      ] Safepoint "ParallelGCFailedAllocation", Time since last: 2999822082 ns, Reaching safepoint: 48101 ns, At safepoint: 28484426 ns, Total: 28532527 ns
[4815.196s][info ][safepoint      ] Safepoint "Cleanup", Time since last: 7000470078 ns, Reaching safepoint: 45101 ns, At safepoint: 3800 ns, Total: 48901 ns
[4821.196s][info ][safepoint      ] Safepoint "Cleanup", Time since last: 6000463482 ns, Reaching safepoint: 60601 ns, At safepoint: 9200 ns, Total: 69801 ns
[4828.197s][info ][safepoint      ] Safepoint "Cleanup", Time since last: 7000522677 ns, Reaching safepoint: 58601 ns, At safepoint: 8500 ns, Total: 67101 ns
[4830.197s][info ][safepoint      ] Safepoint "Cleanup", Time since last: 2000165794 ns, Reaching safepoint: 52101 ns, At safepoint: 3200 ns, Total: 55301 ns
[4837.198s][info ][safepoint      ] Safepoint "Cleanup", Time since last: 7000485173 ns, Reaching safepoint: 52201 ns, At safepoint: 4100 ns, Total: 56301 ns
[4847.199s][info ][safepoint      ] Safepoint "Cleanup", Time since last: 10000805262 ns, Reaching safepoint: 58302 ns, At safepoint: 9100 ns, Total: 67402 ns
[4851.199s][info ][safepoint      ] Safepoint "Cleanup", Time since last: 4000331284 ns, Reaching safepoint: 53101 ns, At safepoint: 3600 ns, Total: 56701 ns
[4862.200s][info ][safepoint      ] Safepoint "Cleanup", Time since last: 11000734449 ns, Reaching safepoint: 38201 ns, At safepoint: 27601 ns, Total: 65802 ns
[4864.200s][info ][safepoint      ] Safepoint "Cleanup", Time since last: 2000168791 ns, Reaching safepoint: 54601 ns, At safepoint: 8601 ns, Total: 63202 ns
[4866.170s][info ][gc,start       ] GC(288) Pause Young (Allocation Failure)
[4866.190s][debug][gc,phases      ] GC(288) Scavenge 19.772ms
[4866.190s][debug][gc,ref         ] GC(288) Skipped phase 1 of Reference Processing: no references
[4866.190s][debug][gc,ref         ] GC(288) ReferenceProcessor::execute queues: 1, RefProcThreadModel::Single, marks_oops_alive: false
[4866.190s][debug][gc,ref         ] GC(288) Skipped phase 3 of Reference Processing: no references
[4866.190s][debug][gc,ref         ] GC(288) ReferenceProcessor::execute queues: 1, RefProcThreadModel::Single, marks_oops_alive: false
[4866.190s][debug][gc,phases      ] GC(288) Reference Processing 0.145ms
[4866.190s][debug][gc,phases      ] GC(288)   VM Weak                        Min:  0.0, Avg:  0.0, Max:  0.0, Diff:  0.0, Sum:  0.0, Workers: 4
[4866.190s][debug][gc,phases      ] GC(288)     Dead                           Min: 0, Avg:  0.0, Max: 0, Diff: 0, Sum: 0, Workers: 4
[4866.190s][debug][gc,phases      ] GC(288)     Total                          Min: 0, Avg: 151.8, Max: 585, Diff: 585, Sum: 607, Workers: 4
[4866.190s][debug][gc,phases      ] GC(288)   ObjectSynchronizer Weak        Min:  0.0, Avg:  0.0, Max:  0.0, Diff:  0.0, Sum:  0.0, Workers: 4
[4866.190s][debug][gc,phases      ] GC(288)     Dead                           Min: 0, Avg:  0.0, Max: 0, Diff: 0, Sum: 0, Workers: 4
[4866.190s][debug][gc,phases      ] GC(288)     Total                          Min: 0, Avg: 119.5, Max: 256, Diff: 256, Sum: 478, Workers: 4
[4866.190s][debug][gc,phases      ] GC(288)   JVMTI Tag Weak OopStorage      Min:  0.0, Avg:  0.0, Max:  0.0, Diff:  0.0, Sum:  0.0, Workers: 4
[4866.190s][debug][gc,phases      ] GC(288)     Dead                           Min: 0, Avg:  0.0, Max: 0, Diff: 0, Sum: 0, Workers: 4
[4866.190s][debug][gc,phases      ] GC(288)     Total                          Min: 0, Avg:  0.0, Max: 0, Diff: 0, Sum: 0, Workers: 4
[4866.190s][debug][gc,phases      ] GC(288)   StringTable Weak               Min:  0.1, Avg:  0.1, Max:  0.1, Diff:  0.0, Sum:  0.5, Workers: 4
[4866.190s][debug][gc,phases      ] GC(288)     Dead                           Min: 0, Avg:  0.0, Max: 0, Diff: 0, Sum: 0, Workers: 4
[4866.190s][debug][gc,phases      ] GC(288)     Total                          Min: 9792, Avg: 12229.2, Max: 13248, Diff: 3456, Sum: 48917, Workers: 4
[4866.190s][debug][gc,phases      ] GC(288)   ResolvedMethodTable Weak       Min:  0.0, Avg:  0.0, Max:  0.0, Diff:  0.0, Sum:  0.1, Workers: 4
[4866.190s][debug][gc,phases      ] GC(288)     Dead                           Min: 0, Avg:  0.0, Max: 0, Diff: 0, Sum: 0, Workers: 4
[4866.190s][debug][gc,phases      ] GC(288)     Total                          Min: 2048, Avg: 2198.5, Max: 2304, Diff: 256, Sum: 8794, Workers: 4
[4866.190s][debug][gc,phases      ] GC(288)   JNI Weak                       Min:  0.0, Avg:  0.0, Max:  0.0, Diff:  0.0, Sum:  0.0, Workers: 4
[4866.191s][debug][gc,phases      ] GC(288)     Dead                           Min: 0, Avg:  0.0, Max: 0, Diff: 0, Sum: 0, Workers: 4
[4866.191s][debug][gc,phases      ] GC(288)     Total                          Min: 0, Avg:  0.0, Max: 0, Diff: 0, Sum: 0, Workers: 4
[4866.191s][debug][gc,phases      ] GC(288)   StringDedup Table Weak         Min:  0.0, Avg:  0.0, Max:  0.0, Diff:  0.0, Sum:  0.0, Workers: 4
[4866.191s][debug][gc,phases      ] GC(288)     Dead                           Min: 0, Avg:  0.0, Max: 0, Diff: 0, Sum: 0, Workers: 4
[4866.191s][debug][gc,phases      ] GC(288)     Total                          Min: 0, Avg:  0.0, Max: 0, Diff: 0, Sum: 0, Workers: 4
[4866.191s][debug][gc,phases      ] GC(288)   StringDedup Requests0 Weak     Min:  0.0, Avg:  0.0, Max:  0.0, Diff:  0.0, Sum:  0.0, Workers: 4
[4866.191s][debug][gc,phases      ] GC(288)     Dead                           Min: 0, Avg:  0.0, Max: 0, Diff: 0, Sum: 0, Workers: 4
[4866.191s][debug][gc,phases      ] GC(288)     Total                          Min: 0, Avg:  0.0, Max: 0, Diff: 0, Sum: 0, Workers: 4
[4866.191s][debug][gc,phases      ] GC(288)   StringDedup Requests1 Weak     Min:  0.0, Avg:  0.0, Max:  0.0, Diff:  0.0, Sum:  0.0, Workers: 4
[4866.191s][debug][gc,phases      ] GC(288)     Dead                           Min: 0, Avg:  0.0, Max: 0, Diff: 0, Sum: 0, Workers: 4
[4866.191s][debug][gc,phases      ] GC(288)     Total                          Min: 0, Avg:  0.0, Max: 0, Diff: 0, Sum: 0, Workers: 4
[4866.191s][debug][gc,phases      ] GC(288)   Weak JFR Old Object Samples    Min:  0.0, Avg:  0.0, Max:  0.0, Diff:  0.0, Sum:  0.0, Workers: 4
[4866.191s][debug][gc,phases      ] GC(288)     Dead                           Min: 0, Avg:  0.0, Max: 0, Diff: 0, Sum: 0, Workers: 4
[4866.191s][debug][gc,phases      ] GC(288)     Total                          Min: 0, Avg:  0.0, Max: 0, Diff: 0, Sum: 0, Workers: 4
[4866.191s][debug][gc,phases      ] GC(288) Weak Processing 0.386ms
[4866.191s][debug][gc,age         ] GC(288) Desired survivor size 159383552 bytes, new threshold 15 (max threshold 15)
[4866.191s][info ][gc,heap        ] GC(288) PSYoungGen: 1875769K(1938432K)->96858K(1936384K) Eden: 1777664K(1777664K)->0K(1777664K) From: 98105K(160768K)->96858K(158720K)
[4866.191s][info ][gc,heap        ] GC(288) ParOldGen: 978950K(1048576K)->981318K(1048576K)
[4866.191s][info ][gc,metaspace   ] GC(288) Metaspace: 85721K(86784K)->85721K(86784K) NonClass: 73900K(74496K)->73900K(74496K) Class: 11821K(12288K)->11821K(12288K)
[4866.191s][info ][gc             ] GC(288) Pause Young (Allocation Failure) 2787M->1052M(2915M) 20.474ms
[4866.191s][info ][gc,cpu         ] GC(288) User=0.08s Sys=0.00s Real=0.02s
[4866.191s][info ][safepoint      ] Safepoint "ParallelGCFailedAllocation", Time since last: 1970014122 ns, Reaching safepoint: 49401 ns, At safepoint: 20573425 ns, Total: 20622826 ns
[4869.191s][info ][safepoint      ] Safepoint "Cleanup", Time since last: 3000215985 ns, Reaching safepoint: 111503 ns, At safepoint: 6600 ns, Total: 118103 ns
[4888.192s][info ][safepoint      ] Safepoint "Cleanup", Time since last: 19001396602 ns, Reaching safepoint: 46102 ns, At safepoint: 18100 ns, Total: 64202 ns
[4891.193s][info ][safepoint      ] Safepoint "Cleanup", Time since last: 3000223384 ns, Reaching safepoint: 47801 ns, At safepoint: 5800 ns, Total: 53601 ns
[4894.193s][info ][safepoint      ] Safepoint "Cleanup", Time since last: 3000233584 ns, Reaching safepoint: 43401 ns, At safepoint: 3400 ns, Total: 46801 ns
[4896.193s][info ][safepoint      ] Safepoint "Cleanup", Time since last: 2000186490 ns, Reaching safepoint: 54701 ns, At safepoint: 3800 ns, Total: 58501 ns
[4897.193s][info ][safepoint      ] Safepoint "Cleanup", Time since last: 1000087695 ns, Reaching safepoint: 113503 ns, At safepoint: 6000 ns, Total: 119503 ns
[4897.337s][info ][gc,start       ] GC(289) Pause Young (Allocation Failure)
[4897.375s][debug][gc,phases      ] GC(289) Scavenge 38.075ms
[4897.375s][debug][gc,ref         ] GC(289) Skipped phase 1 of Reference Processing: no references
[4897.375s][debug][gc,ref         ] GC(289) ReferenceProcessor::execute queues: 1, RefProcThreadModel::Single, marks_oops_alive: false
[4897.375s][debug][gc,ref         ] GC(289) Skipped phase 3 of Reference Processing: no references
[4897.375s][debug][gc,ref         ] GC(289) ReferenceProcessor::execute queues: 1, RefProcThreadModel::Single, marks_oops_alive: false
[4897.375s][debug][gc,phases      ] GC(289) Reference Processing 0.127ms
[4897.375s][debug][gc,phases      ] GC(289)   VM Weak                        Min:  0.0, Avg:  0.0, Max:  0.0, Diff:  0.0, Sum:  0.0, Workers: 4
[4897.375s][debug][gc,phases      ] GC(289)     Dead                           Min: 0, Avg:  0.0, Max: 0, Diff: 0, Sum: 0, Workers: 4
[4897.375s][debug][gc,phases      ] GC(289)     Total                          Min: 0, Avg: 151.8, Max: 547, Diff: 547, Sum: 607, Workers: 4
[4897.375s][debug][gc,phases      ] GC(289)   ObjectSynchronizer Weak        Min:  0.0, Avg:  0.0, Max:  0.0, Diff:  0.0, Sum:  0.0, Workers: 4
[4897.375s][debug][gc,phases      ] GC(289)     Dead                           Min: 0, Avg:  0.0, Max: 0, Diff: 0, Sum: 0, Workers: 4
[4897.375s][debug][gc,phases      ] GC(289)     Total                          Min: 0, Avg: 119.5, Max: 192, Diff: 192, Sum: 478, Workers: 4
[4897.375s][debug][gc,phases      ] GC(289)   JVMTI Tag Weak OopStorage      Min:  0.0, Avg:  0.0, Max:  0.0, Diff:  0.0, Sum:  0.0, Workers: 4
[4897.375s][debug][gc,phases      ] GC(289)     Dead                           Min: 0, Avg:  0.0, Max: 0, Diff: 0, Sum: 0, Workers: 4
[4897.375s][debug][gc,phases      ] GC(289)     Total                          Min: 0, Avg:  0.0, Max: 0, Diff: 0, Sum: 0, Workers: 4
[4897.375s][debug][gc,phases      ] GC(289)   StringTable Weak               Min:  0.1, Avg:  0.1, Max:  0.1, Diff:  0.0, Sum:  0.5, Workers: 4
[4897.375s][debug][gc,phases      ] GC(289)     Dead                           Min: 0, Avg:  0.0, Max: 0, Diff: 0, Sum: 0, Workers: 4
[4897.375s][debug][gc,phases      ] GC(289)     Total                          Min: 11264, Avg: 12229.2, Max: 13077, Diff: 1813, Sum: 48917, Workers: 4
[4897.375s][debug][gc,phases      ] GC(289)   ResolvedMethodTable Weak       Min:  0.0, Avg:  0.0, Max:  0.0, Diff:  0.0, Sum:  0.1, Workers: 4
[4897.375s][debug][gc,phases      ] GC(289)     Dead                           Min: 0, Avg:  0.0, Max: 0, Diff: 0, Sum: 0, Workers: 4
[4897.375s][debug][gc,phases      ] GC(289)     Total                          Min: 1984, Avg: 2198.5, Max: 2330, Diff: 346, Sum: 8794, Workers: 4
[4897.375s][debug][gc,phases      ] GC(289)   JNI Weak                       Min:  0.0, Avg:  0.0, Max:  0.0, Diff:  0.0, Sum:  0.0, Workers: 4
[4897.375s][debug][gc,phases      ] GC(289)     Dead                           Min: 0, Avg:  0.0, Max: 0, Diff: 0, Sum: 0, Workers: 4
[4897.375s][debug][gc,phases      ] GC(289)     Total                          Min: 0, Avg:  0.0, Max: 0, Diff: 0, Sum: 0, Workers: 4
[4897.375s][debug][gc,phases      ] GC(289)   StringDedup Table Weak         Min:  0.0, Avg:  0.0, Max:  0.0, Diff:  0.0, Sum:  0.0, Workers: 4
[4897.375s][debug][gc,phases      ] GC(289)     Dead                           Min: 0, Avg:  0.0, Max: 0, Diff: 0, Sum: 0, Workers: 4
[4897.375s][debug][gc,phases      ] GC(289)     Total                          Min: 0, Avg:  0.0, Max: 0, Diff: 0, Sum: 0, Workers: 4
[4897.375s][debug][gc,phases      ] GC(289)   StringDedup Requests0 Weak     Min:  0.0, Avg:  0.0, Max:  0.0, Diff:  0.0, Sum:  0.0, Workers: 4
[4897.375s][debug][gc,phases      ] GC(289)     Dead                           Min: 0, Avg:  0.0, Max: 0, Diff: 0, Sum: 0, Workers: 4
[4897.375s][debug][gc,phases      ] GC(289)     Total                          Min: 0, Avg:  0.0, Max: 0, Diff: 0, Sum: 0, Workers: 4
[4897.375s][debug][gc,phases      ] GC(289)   StringDedup Requests1 Weak     Min:  0.0, Avg:  0.0, Max:  0.0, Diff:  0.0, Sum:  0.0, Workers: 4
[4897.375s][debug][gc,phases      ] GC(289)     Dead                           Min: 0, Avg:  0.0, Max: 0, Diff: 0, Sum: 0, Workers: 4
[4897.375s][debug][gc,phases      ] GC(289)     Total                          Min: 0, Avg:  0.0, Max: 0, Diff: 0, Sum: 0, Workers: 4
[4897.375s][debug][gc,phases      ] GC(289)   Weak JFR Old Object Samples    Min:  0.0, Avg:  0.0, Max:  0.0, Diff:  0.0, Sum:  0.0, Workers: 4
[4897.375s][debug][gc,phases      ] GC(289)     Dead                           Min: 0, Avg:  0.0, Max: 0, Diff: 0, Sum: 0, Workers: 4
[4897.375s][debug][gc,phases      ] GC(289)     Total                          Min: 0, Avg:  0.0, Max: 0, Diff: 0, Sum: 0, Workers: 4
[4897.375s][debug][gc,phases      ] GC(289) Weak Processing 0.354ms
[4897.375s][debug][gc,age         ] GC(289) Desired survivor size 167772160 bytes, new threshold 15 (max threshold 15)
[4897.375s][info ][gc,heap        ] GC(289) PSYoungGen: 1874522K(1936384K)->126827K(1925120K) Eden: 1777664K(1777664K)->0K(1769472K) From: 96858K(158720K)->126827K(155648K)
[4897.375s][info ][gc,heap        ] GC(289) ParOldGen: 981318K(1048576K)->983435K(1048576K)
[4897.375s][info ][gc,metaspace   ] GC(289) Metaspace: 85724K(86784K)->85724K(86784K) NonClass: 73902K(74496K)->73902K(74496K) Class: 11821K(12288K)->11821K(12288K)
[4897.375s][info ][gc             ] GC(289) Pause Young (Allocation Failure) 2788M->1084M(2904M) 38.701ms
[4897.375s][info ][gc,cpu         ] GC(289) User=0.16s Sys=0.00s Real=0.04s
[4897.376s][info ][safepoint      ] Safepoint "ParallelGCFailedAllocation", Time since last: 143202850 ns, Reaching safepoint: 33401 ns, At safepoint: 38793289 ns, Total: 38826690 ns
[4898.936s][info ][gc,start       ] GC(290) Pause Young (Allocation Failure)
[4898.967s][debug][gc,phases      ] GC(290) Scavenge 31.461ms
[4898.968s][debug][gc,ref         ] GC(290) Skipped phase 1 of Reference Processing: no references
[4898.968s][debug][gc,ref         ] GC(290) ReferenceProcessor::execute queues: 1, RefProcThreadModel::Single, marks_oops_alive: false
[4898.968s][debug][gc,ref         ] GC(290) Skipped phase 3 of Reference Processing: no references
[4898.968s][debug][gc,ref         ] GC(290) ReferenceProcessor::execute queues: 1, RefProcThreadModel::Single, marks_oops_alive: false
[4898.968s][debug][gc,phases      ] GC(290) Reference Processing 0.151ms
[4898.968s][debug][gc,phases      ] GC(290)   VM Weak                        Min:  0.0, Avg:  0.0, Max:  0.0, Diff:  0.0, Sum:  0.0, Workers: 4
[4898.968s][debug][gc,phases      ] GC(290)     Dead                           Min: 0, Avg:  0.0, Max: 0, Diff: 0, Sum: 0, Workers: 4
[4898.968s][debug][gc,phases      ] GC(290)     Total                          Min: 0, Avg: 151.8, Max: 607, Diff: 607, Sum: 607, Workers: 4
[4898.968s][debug][gc,phases      ] GC(290)   ObjectSynchronizer Weak        Min:  0.0, Avg:  0.0, Max:  0.0, Diff:  0.0, Sum:  0.0, Workers: 4
[4898.968s][debug][gc,phases      ] GC(290)     Dead                           Min: 0, Avg:  0.0, Max: 0, Diff: 0, Sum: 0, Workers: 4
[4898.968s][debug][gc,phases      ] GC(290)     Total                          Min: 0, Avg: 119.5, Max: 350, Diff: 350, Sum: 478, Workers: 4
[4898.968s][debug][gc,phases      ] GC(290)   JVMTI Tag Weak OopStorage      Min:  0.0, Avg:  0.0, Max:  0.0, Diff:  0.0, Sum:  0.0, Workers: 4
[4898.968s][debug][gc,phases      ] GC(290)     Dead                           Min: 0, Avg:  0.0, Max: 0, Diff: 0, Sum: 0, Workers: 4
[4898.968s][debug][gc,phases      ] GC(290)     Total                          Min: 0, Avg:  0.0, Max: 0, Diff: 0, Sum: 0, Workers: 4
[4898.968s][debug][gc,phases      ] GC(290)   StringTable Weak               Min:  0.1, Avg:  0.1, Max:  0.1, Diff:  0.0, Sum:  0.5, Workers: 4
[4898.968s][debug][gc,phases      ] GC(290)     Dead                           Min: 0, Avg:  0.0, Max: 0, Diff: 0, Sum: 0, Workers: 4
[4898.968s][debug][gc,phases      ] GC(290)     Total                          Min: 11584, Avg: 12229.2, Max: 12864, Diff: 1280, Sum: 48917, Workers: 4
[4898.968s][debug][gc,phases      ] GC(290)   ResolvedMethodTable Weak       Min:  0.0, Avg:  0.0, Max:  0.0, Diff:  0.0, Sum:  0.1, Workers: 4
[4898.968s][debug][gc,phases      ] GC(290)     Dead                           Min: 0, Avg:  0.0, Max: 0, Diff: 0, Sum: 0, Workers: 4
[4898.968s][debug][gc,phases      ] GC(290)     Total                          Min: 1856, Avg: 2198.5, Max: 2458, Diff: 602, Sum: 8794, Workers: 4
[4898.968s][debug][gc,phases      ] GC(290)   JNI Weak                       Min:  0.0, Avg:  0.0, Max:  0.0, Diff:  0.0, Sum:  0.0, Workers: 4
[4898.968s][debug][gc,phases      ] GC(290)     Dead                           Min: 0, Avg:  0.0, Max: 0, Diff: 0, Sum: 0, Workers: 4
[4898.968s][debug][gc,phases      ] GC(290)     Total                          Min: 0, Avg:  0.0, Max: 0, Diff: 0, Sum: 0, Workers: 4
[4898.968s][debug][gc,phases      ] GC(290)   StringDedup Table Weak         Min:  0.0, Avg:  0.0, Max:  0.0, Diff:  0.0, Sum:  0.0, Workers: 4
[4898.968s][debug][gc,phases      ] GC(290)     Dead                           Min: 0, Avg:  0.0, Max: 0, Diff: 0, Sum: 0, Workers: 4
[4898.968s][debug][gc,phases      ] GC(290)     Total                          Min: 0, Avg:  0.0, Max: 0, Diff: 0, Sum: 0, Workers: 4
[4898.968s][debug][gc,phases      ] GC(290)   StringDedup Requests0 Weak     Min:  0.0, Avg:  0.0, Max:  0.0, Diff:  0.0, Sum:  0.0, Workers: 4
[4898.968s][debug][gc,phases      ] GC(290)     Dead                           Min: 0, Avg:  0.0, Max: 0, Diff: 0, Sum: 0, Workers: 4
[4898.968s][debug][gc,phases      ] GC(290)     Total                          Min: 0, Avg:  0.0, Max: 0, Diff: 0, Sum: 0, Workers: 4
[4898.968s][debug][gc,phases      ] GC(290)   StringDedup Requests1 Weak     Min:  0.0, Avg:  0.0, Max:  0.0, Diff:  0.0, Sum:  0.0, Workers: 4
[4898.968s][debug][gc,phases      ] GC(290)     Dead                           Min: 0, Avg:  0.0, Max: 0, Diff: 0, Sum: 0, Workers: 4
[4898.968s][debug][gc,phases      ] GC(290)     Total                          Min: 0, Avg:  0.0, Max: 0, Diff: 0, Sum: 0, Workers: 4
[4898.968s][debug][gc,phases      ] GC(290)   Weak JFR Old Object Samples    Min:  0.0, Avg:  0.0, Max:  0.0, Diff:  0.0, Sum:  0.0, Workers: 4
[4898.968s][debug][gc,phases      ] GC(290)     Dead                           Min: 0, Avg:  0.0, Max: 0, Diff: 0, Sum: 0, Workers: 4
[4898.968s][debug][gc,phases      ] GC(290)     Total                          Min: 0, Avg:  0.0, Max: 0, Diff: 0, Sum: 0, Workers: 4
[4898.968s][debug][gc,phases      ] GC(290) Weak Processing 0.372ms
[4898.968s][debug][gc,age         ] GC(290) Desired survivor size 173539328 bytes, new threshold 15 (max threshold 15)
[4898.968s][info ][gc,heap        ] GC(290) PSYoungGen: 1896299K(1925120K)->125699K(1895424K) Eden: 1769472K(1769472K)->0K(1769472K) From: 126827K(155648K)->125699K(125952K)
[4898.968s][info ][gc,heap        ] GC(290) ParOldGen: 983435K(1048576K)->983711K(1048576K)
[4898.968s][info ][gc,metaspace   ] GC(290) Metaspace: 85724K(86784K)->85724K(86784K) NonClass: 73902K(74496K)->73902K(74496K) Class: 11821K(12288K)->11821K(12288K)
[4898.968s][info ][gc             ] GC(290) Pause Young (Allocation Failure) 2812M->1083M(2875M) 32.134ms
[4898.968s][info ][gc,cpu         ] GC(290) User=0.13s Sys=0.00s Real=0.03s
[4898.968s][info ][safepoint      ] Safepoint "ParallelGCFailedAllocation", Time since last: 1560234274 ns, Reaching safepoint: 148604 ns, At safepoint: 32239922 ns, Total: 32388526 ns
[4901.968s][info ][safepoint      ] Safepoint "Cleanup", Time since last: 3000227483 ns, Reaching safepoint: 40101 ns, At safepoint: 8600 ns, Total: 48701 ns
[4910.969s][info ][safepoint      ] Safepoint "Cleanup", Time since last: 9000651546 ns, Reaching safepoint: 57501 ns, At safepoint: 9801 ns, Total: 67302 ns
[4923.970s][info ][safepoint      ] Safepoint "Cleanup", Time since last: 13000860016 ns, Reaching safepoint: 69902 ns, At safepoint: 6500 ns, Total: 76402 ns
[4925.272s][info ][gc,start       ] GC(291) Pause Young (Allocation Failure)
[4925.300s][debug][gc,phases      ] GC(291) Scavenge 27.875ms
[4925.300s][debug][gc,ref         ] GC(291) Skipped phase 1 of Reference Processing: no references
[4925.300s][debug][gc,ref         ] GC(291) ReferenceProcessor::execute queues: 1, RefProcThreadModel::Single, marks_oops_alive: false
[4925.300s][debug][gc,ref         ] GC(291) Skipped phase 3 of Reference Processing: no references
[4925.300s][debug][gc,ref         ] GC(291) ReferenceProcessor::execute queues: 1, RefProcThreadModel::Single, marks_oops_alive: false
[4925.300s][debug][gc,phases      ] GC(291) Reference Processing 0.146ms
[4925.300s][debug][gc,phases      ] GC(291)   VM Weak                        Min:  0.0, Avg:  0.0, Max:  0.0, Diff:  0.0, Sum:  0.0, Workers: 4
[4925.300s][debug][gc,phases      ] GC(291)     Dead                           Min: 0, Avg:  0.0, Max: 0, Diff: 0, Sum: 0, Workers: 4
[4925.300s][debug][gc,phases      ] GC(291)     Total                          Min: 0, Avg: 151.8, Max: 547, Diff: 547, Sum: 607, Workers: 4
[4925.300s][debug][gc,phases      ] GC(291)   ObjectSynchronizer Weak        Min:  0.0, Avg:  0.0, Max:  0.0, Diff:  0.0, Sum:  0.0, Workers: 4
[4925.300s][debug][gc,phases      ] GC(291)     Dead                           Min: 0, Avg:  0.0, Max: 0, Diff: 0, Sum: 0, Workers: 4
[4925.300s][debug][gc,phases      ] GC(291)     Total                          Min: 0, Avg: 119.5, Max: 256, Diff: 256, Sum: 478, Workers: 4
[4925.300s][debug][gc,phases      ] GC(291)   JVMTI Tag Weak OopStorage      Min:  0.0, Avg:  0.0, Max:  0.0, Diff:  0.0, Sum:  0.0, Workers: 4
[4925.300s][debug][gc,phases      ] GC(291)     Dead                           Min: 0, Avg:  0.0, Max: 0, Diff: 0, Sum: 0, Workers: 4
[4925.300s][debug][gc,phases      ] GC(291)     Total                          Min: 0, Avg:  0.0, Max: 0, Diff: 0, Sum: 0, Workers: 4
[4925.300s][debug][gc,phases      ] GC(291)   StringTable Weak               Min:  0.1, Avg:  0.1, Max:  0.1, Diff:  0.0, Sum:  0.5, Workers: 4
[4925.300s][debug][gc,phases      ] GC(291)     Dead                           Min: 0, Avg:  0.0, Max: 0, Diff: 0, Sum: 0, Workers: 4
[4925.300s][debug][gc,phases      ] GC(291)     Total                          Min: 11349, Avg: 12229.2, Max: 12864, Diff: 1515, Sum: 48917, Workers: 4
[4925.300s][debug][gc,phases      ] GC(291)   ResolvedMethodTable Weak       Min:  0.0, Avg:  0.0, Max:  0.0, Diff:  0.0, Sum:  0.1, Workers: 4
[4925.300s][debug][gc,phases      ] GC(291)     Dead                           Min: 0, Avg:  0.0, Max: 0, Diff: 0, Sum: 0, Workers: 4
[4925.300s][debug][gc,phases      ] GC(291)     Total                          Min: 2048, Avg: 2198.5, Max: 2304, Diff: 256, Sum: 8794, Workers: 4
[4925.300s][debug][gc,phases      ] GC(291)   JNI Weak                       Min:  0.0, Avg:  0.0, Max:  0.0, Diff:  0.0, Sum:  0.0, Workers: 4
[4925.300s][debug][gc,phases      ] GC(291)     Dead                           Min: 0, Avg:  0.0, Max: 0, Diff: 0, Sum: 0, Workers: 4
[4925.300s][debug][gc,phases      ] GC(291)     Total                          Min: 0, Avg:  0.0, Max: 0, Diff: 0, Sum: 0, Workers: 4
[4925.300s][debug][gc,phases      ] GC(291)   StringDedup Table Weak         Min:  0.0, Avg:  0.0, Max:  0.0, Diff:  0.0, Sum:  0.0, Workers: 4
[4925.300s][debug][gc,phases      ] GC(291)     Dead                           Min: 0, Avg:  0.0, Max: 0, Diff: 0, Sum: 0, Workers: 4
[4925.300s][debug][gc,phases      ] GC(291)     Total                          Min: 0, Avg:  0.0, Max: 0, Diff: 0, Sum: 0, Workers: 4
[4925.300s][debug][gc,phases      ] GC(291)   StringDedup Requests0 Weak     Min:  0.0, Avg:  0.0, Max:  0.0, Diff:  0.0, Sum:  0.0, Workers: 4
[4925.300s][debug][gc,phases      ] GC(291)     Dead                           Min: 0, Avg:  0.0, Max: 0, Diff: 0, Sum: 0, Workers: 4
[4925.300s][debug][gc,phases      ] GC(291)     Total                          Min: 0, Avg:  0.0, Max: 0, Diff: 0, Sum: 0, Workers: 4
[4925.300s][debug][gc,phases      ] GC(291)   StringDedup Requests1 Weak     Min:  0.0, Avg:  0.0, Max:  0.0, Diff:  0.0, Sum:  0.0, Workers: 4
[4925.300s][debug][gc,phases      ] GC(291)     Dead                           Min: 0, Avg:  0.0, Max: 0, Diff: 0, Sum: 0, Workers: 4
[4925.300s][debug][gc,phases      ] GC(291)     Total                          Min: 0, Avg:  0.0, Max: 0, Diff: 0, Sum: 0, Workers: 4
[4925.300s][debug][gc,phases      ] GC(291)   Weak JFR Old Object Samples    Min:  0.0, Avg:  0.0, Max:  0.0, Diff:  0.0, Sum:  0.0, Workers: 4
[4925.300s][debug][gc,phases      ] GC(291)     Dead                           Min: 0, Avg:  0.0, Max: 0, Diff: 0, Sum: 0, Workers: 4
[4925.300s][debug][gc,phases      ] GC(291)     Total                          Min: 0, Avg:  0.0, Max: 0, Diff: 0, Sum: 0, Workers: 4
[4925.300s][debug][gc,phases      ] GC(291) Weak Processing 0.374ms
[4925.300s][debug][gc,age         ] GC(291) Desired survivor size 177733632 bytes, new threshold 15 (max threshold 15)
[4925.300s][info ][gc,heap        ] GC(291) PSYoungGen: 1895171K(1895424K)->125842K(1919488K) Eden: 1769472K(1769472K)->0K(1750016K) From: 125699K(125952K)->125842K(169472K)
[4925.300s][info ][gc,heap        ] GC(291) ParOldGen: 983711K(1048576K)->983751K(1048576K)
[4925.300s][info ][gc,metaspace   ] GC(291) Metaspace: 85725K(86784K)->85725K(86784K) NonClass: 73903K(74496K)->73903K(74496K) Class: 11821K(12288K)->11821K(12288K)
[4925.300s][info ][gc             ] GC(291) Pause Young (Allocation Failure) 2811M->1083M(2898M) 28.548ms
[4925.300s][info ][gc,cpu         ] GC(291) User=0.11s Sys=0.00s Real=0.03s
[4925.300s][info ][safepoint      ] Safepoint "ParallelGCFailedAllocation", Time since last: 1301725283 ns, Reaching safepoint: 35001 ns, At safepoint: 28648630 ns, Total: 28683631 ns
[4930.301s][info ][safepoint      ] Safepoint "Cleanup", Time since last: 5000358467 ns, Reaching safepoint: 52301 ns, At safepoint: 4900 ns, Total: 57201 ns
[4932.301s][info ][safepoint      ] Safepoint "Cleanup", Time since last: 2000138587 ns, Reaching safepoint: 57701 ns, At safepoint: 6501 ns, Total: 64202 ns
[4934.301s][info ][safepoint      ] Safepoint "Cleanup", Time since last: 2000161587 ns, Reaching safepoint: 56501 ns, At safepoint: 5800 ns, Total: 62301 ns
[4943.302s][info ][safepoint      ] Safepoint "Cleanup", Time since last: 9000627038 ns, Reaching safepoint: 60701 ns, At safepoint: 4600 ns, Total: 65301 ns
[4946.865s][info ][gc,start       ] GC(292) Pause Young (Allocation Failure)
[4946.904s][debug][gc,phases      ] GC(292) Scavenge 39.197ms
[4946.904s][debug][gc,ref         ] GC(292) Skipped phase 1 of Reference Processing: no references
[4946.904s][debug][gc,ref         ] GC(292) ReferenceProcessor::execute queues: 1, RefProcThreadModel::Single, marks_oops_alive: false
[4946.904s][debug][gc,ref         ] GC(292) Skipped phase 3 of Reference Processing: no references
[4946.904s][debug][gc,ref         ] GC(292) ReferenceProcessor::execute queues: 1, RefProcThreadModel::Single, marks_oops_alive: false
[4946.904s][debug][gc,phases      ] GC(292) Reference Processing 0.134ms
[4946.904s][debug][gc,phases      ] GC(292)   VM Weak                        Min:  0.0, Avg:  0.0, Max:  0.0, Diff:  0.0, Sum:  0.0, Workers: 4
[4946.904s][debug][gc,phases      ] GC(292)     Dead                           Min: 0, Avg:  0.0, Max: 0, Diff: 0, Sum: 0, Workers: 4
[4946.904s][debug][gc,phases      ] GC(292)     Total                          Min: 0, Avg: 151.8, Max: 585, Diff: 585, Sum: 607, Workers: 4
[4946.904s][debug][gc,phases      ] GC(292)   ObjectSynchronizer Weak        Min:  0.0, Avg:  0.0, Max:  0.0, Diff:  0.0, Sum:  0.0, Workers: 4
[4946.904s][debug][gc,phases      ] GC(292)     Dead                           Min: 0, Avg:  0.0, Max: 0, Diff: 0, Sum: 0, Workers: 4
[4946.904s][debug][gc,phases      ] GC(292)     Total                          Min: 0, Avg: 119.5, Max: 256, Diff: 256, Sum: 478, Workers: 4
[4946.904s][debug][gc,phases      ] GC(292)   JVMTI Tag Weak OopStorage      Min:  0.0, Avg:  0.0, Max:  0.0, Diff:  0.0, Sum:  0.0, Workers: 4
[4946.904s][debug][gc,phases      ] GC(292)     Dead                           Min: 0, Avg:  0.0, Max: 0, Diff: 0, Sum: 0, Workers: 4
[4946.904s][debug][gc,phases      ] GC(292)     Total                          Min: 0, Avg:  0.0, Max: 0, Diff: 0, Sum: 0, Workers: 4
[4946.904s][debug][gc,phases      ] GC(292)   StringTable Weak               Min:  0.1, Avg:  0.1, Max:  0.1, Diff:  0.0, Sum:  0.5, Workers: 4
[4946.904s][debug][gc,phases      ] GC(292)     Dead                           Min: 0, Avg:  0.0, Max: 0, Diff: 0, Sum: 0, Workers: 4
[4946.904s][debug][gc,phases      ] GC(292)     Total                          Min: 10176, Avg: 12229.5, Max: 13718, Diff: 3542, Sum: 48918, Workers: 4
[4946.904s][debug][gc,phases      ] GC(292)   ResolvedMethodTable Weak       Min:  0.0, Avg:  0.0, Max:  0.0, Diff:  0.0, Sum:  0.1, Workers: 4
[4946.904s][debug][gc,phases      ] GC(292)     Dead                           Min: 0, Avg:  0.0, Max: 0, Diff: 0, Sum: 0, Workers: 4
[4946.904s][debug][gc,phases      ] GC(292)     Total                          Min: 1984, Avg: 2198.5, Max: 2432, Diff: 448, Sum: 8794, Workers: 4
[4946.904s][debug][gc,phases      ] GC(292)   JNI Weak                       Min:  0.0, Avg:  0.0, Max:  0.0, Diff:  0.0, Sum:  0.0, Workers: 4
[4946.905s][debug][gc,phases      ] GC(292)     Dead                           Min: 0, Avg:  0.0, Max: 0, Diff: 0, Sum: 0, Workers: 4
[4946.905s][debug][gc,phases      ] GC(292)     Total                          Min: 0, Avg:  0.0, Max: 0, Diff: 0, Sum: 0, Workers: 4
[4946.905s][debug][gc,phases      ] GC(292)   StringDedup Table Weak         Min:  0.0, Avg:  0.0, Max:  0.0, Diff:  0.0, Sum:  0.0, Workers: 4
[4946.905s][debug][gc,phases      ] GC(292)     Dead                           Min: 0, Avg:  0.0, Max: 0, Diff: 0, Sum: 0, Workers: 4
[4946.905s][debug][gc,phases      ] GC(292)     Total                          Min: 0, Avg:  0.0, Max: 0, Diff: 0, Sum: 0, Workers: 4
[4946.905s][debug][gc,phases      ] GC(292)   StringDedup Requests0 Weak     Min:  0.0, Avg:  0.0, Max:  0.0, Diff:  0.0, Sum:  0.0, Workers: 4
[4946.905s][debug][gc,phases      ] GC(292)     Dead                           Min: 0, Avg:  0.0, Max: 0, Diff: 0, Sum: 0, Workers: 4
[4946.905s][debug][gc,phases      ] GC(292)     Total                          Min: 0, Avg:  0.0, Max: 0, Diff: 0, Sum: 0, Workers: 4
[4946.905s][debug][gc,phases      ] GC(292)   StringDedup Requests1 Weak     Min:  0.0, Avg:  0.0, Max:  0.0, Diff:  0.0, Sum:  0.0, Workers: 4
[4946.905s][debug][gc,phases      ] GC(292)     Dead                           Min: 0, Avg:  0.0, Max: 0, Diff: 0, Sum: 0, Workers: 4
[4946.905s][debug][gc,phases      ] GC(292)     Total                          Min: 0, Avg:  0.0, Max: 0, Diff: 0, Sum: 0, Workers: 4
[4946.905s][debug][gc,phases      ] GC(292)   Weak JFR Old Object Samples    Min:  0.0, Avg:  0.0, Max:  0.0, Diff:  0.0, Sum:  0.0, Workers: 4
[4946.905s][debug][gc,phases      ] GC(292)     Dead                           Min: 0, Avg:  0.0, Max: 0, Diff: 0, Sum: 0, Workers: 4
[4946.905s][debug][gc,phases      ] GC(292)     Total                          Min: 0, Avg:  0.0, Max: 0, Diff: 0, Sum: 0, Workers: 4
[4946.905s][debug][gc,phases      ] GC(292) Weak Processing 0.348ms
[4946.905s][debug][gc,age         ] GC(292) Desired survivor size 172490752 bytes, new threshold 15 (max threshold 15)
[4946.905s][info ][gc,heap        ] GC(292) PSYoungGen: 1875858K(1919488K)->102970K(1923584K) Eden: 1750016K(1750016K)->0K(1750016K) From: 125842K(169472K)->102970K(173568K)
[4946.905s][info ][gc,heap        ] GC(292) ParOldGen: 983751K(1048576K)->1027599K(1048576K)
[4946.905s][info ][gc,metaspace   ] GC(292) Metaspace: 85730K(86784K)->85730K(86784K) NonClass: 73908K(74496K)->73908K(74496K) Class: 11821K(12288K)->11821K(12288K)
[4946.905s][info ][gc             ] GC(292) Pause Young (Allocation Failure) 2792M->1104M(2902M) 39.840ms
[4946.905s][info ][gc,cpu         ] GC(292) User=0.16s Sys=0.00s Real=0.04s
[4946.905s][debug][gc,phases      ] GC(293) Pre Compact 0.017ms
[4946.905s][info ][gc,start       ] GC(293) Pause Full (Ergonomics)
[4946.905s][info ][gc,phases,start] GC(293) Marking Phase
[4947.074s][debug][gc,phases      ] GC(293) Par Mark 169.646ms
[4947.075s][debug][gc,ref         ] GC(293) ReferenceProcessor::execute queues: 4, RefProcThreadModel::Multi, marks_oops_alive: true
[4947.075s][debug][gc,ref         ] GC(293) ReferenceProcessor::execute queues: 4, RefProcThreadModel::Multi, marks_oops_alive: false
[4947.075s][debug][gc,ref         ] GC(293) Skipped phase 3 of Reference Processing: no references
[4947.075s][debug][gc,ref         ] GC(293) ReferenceProcessor::execute queues: 1, RefProcThreadModel::Single, marks_oops_alive: false
[4947.075s][debug][gc,phases      ] GC(293) Reference Processing 0.649ms
[4947.075s][debug][gc,phases      ] GC(293)   VM Weak                        Min:  0.0, Avg:  0.0, Max:  0.0, Diff:  0.0, Sum:  0.0, Workers: 4
[4947.075s][debug][gc,phases      ] GC(293)     Dead                           Min: 0, Avg:  0.5, Max: 2, Diff: 2, Sum: 2, Workers: 4
[4947.075s][debug][gc,phases      ] GC(293)     Total                          Min: 0, Avg: 151.8, Max: 309, Diff: 309, Sum: 607, Workers: 4
[4947.075s][debug][gc,phases      ] GC(293)   ObjectSynchronizer Weak        Min:  0.0, Avg:  0.0, Max:  0.0, Diff:  0.0, Sum:  0.0, Workers: 4
[4947.075s][debug][gc,phases      ] GC(293)     Dead                           Min: 0, Avg:  0.0, Max: 0, Diff: 0, Sum: 0, Workers: 4
[4947.075s][debug][gc,phases      ] GC(293)     Total                          Min: 0, Avg: 119.5, Max: 192, Diff: 192, Sum: 478, Workers: 4
[4947.075s][debug][gc,phases      ] GC(293)   JVMTI Tag Weak OopStorage      Min:  0.0, Avg:  0.0, Max:  0.0, Diff:  0.0, Sum:  0.0, Workers: 4
[4947.075s][debug][gc,phases      ] GC(293)     Dead                           Min: 0, Avg:  0.0, Max: 0, Diff: 0, Sum: 0, Workers: 4
[4947.075s][debug][gc,phases      ] GC(293)     Total                          Min: 0, Avg:  0.0, Max: 0, Diff: 0, Sum: 0, Workers: 4
[4947.075s][debug][gc,phases      ] GC(293)   StringTable Weak               Min:  0.1, Avg:  0.1, Max:  0.1, Diff:  0.0, Sum:  0.6, Workers: 4
[4947.075s][debug][gc,phases      ] GC(293)     Dead                           Min: 0, Avg:  0.0, Max: 0, Diff: 0, Sum: 0, Workers: 4
[4947.075s][debug][gc,phases      ] GC(293)     Total                          Min: 11542, Avg: 12229.5, Max: 13056, Diff: 1514, Sum: 48918, Workers: 4
[4947.075s][debug][gc,phases      ] GC(293)   ResolvedMethodTable Weak       Min:  0.0, Avg:  0.0, Max:  0.0, Diff:  0.0, Sum:  0.1, Workers: 4
[4947.075s][debug][gc,phases      ] GC(293)     Dead                           Min: 0, Avg:  0.5, Max: 2, Diff: 2, Sum: 2, Workers: 4
[4947.075s][debug][gc,phases      ] GC(293)     Total                          Min: 1984, Avg: 2198.5, Max: 2394, Diff: 410, Sum: 8794, Workers: 4
[4947.075s][debug][gc,phases      ] GC(293)   JNI Weak                       Min:  0.0, Avg:  0.0, Max:  0.0, Diff:  0.0, Sum:  0.0, Workers: 4
[4947.075s][debug][gc,phases      ] GC(293)     Dead                           Min: 0, Avg:  0.0, Max: 0, Diff: 0, Sum: 0, Workers: 4
[4947.075s][debug][gc,phases      ] GC(293)     Total                          Min: 0, Avg:  0.0, Max: 0, Diff: 0, Sum: 0, Workers: 4
[4947.075s][debug][gc,phases      ] GC(293)   StringDedup Table Weak         Min:  0.0, Avg:  0.0, Max:  0.0, Diff:  0.0, Sum:  0.0, Workers: 4
[4947.075s][debug][gc,phases      ] GC(293)     Dead                           Min: 0, Avg:  0.0, Max: 0, Diff: 0, Sum: 0, Workers: 4
[4947.075s][debug][gc,phases      ] GC(293)     Total                          Min: 0, Avg:  0.0, Max: 0, Diff: 0, Sum: 0, Workers: 4
[4947.075s][debug][gc,phases      ] GC(293)   StringDedup Requests0 Weak     Min:  0.0, Avg:  0.0, Max:  0.0, Diff:  0.0, Sum:  0.0, Workers: 4
[4947.075s][debug][gc,phases      ] GC(293)     Dead                           Min: 0, Avg:  0.0, Max: 0, Diff: 0, Sum: 0, Workers: 4
[4947.075s][debug][gc,phases      ] GC(293)     Total                          Min: 0, Avg:  0.0, Max: 0, Diff: 0, Sum: 0, Workers: 4
[4947.076s][debug][gc,phases      ] GC(293)   StringDedup Requests1 Weak     Min:  0.0, Avg:  0.0, Max:  0.0, Diff:  0.0, Sum:  0.0, Workers: 4
[4947.076s][debug][gc,phases      ] GC(293)     Dead                           Min: 0, Avg:  0.0, Max: 0, Diff: 0, Sum: 0, Workers: 4
[4947.076s][debug][gc,phases      ] GC(293)     Total                          Min: 0, Avg:  0.0, Max: 0, Diff: 0, Sum: 0, Workers: 4
[4947.076s][debug][gc,phases      ] GC(293)   Weak JFR Old Object Samples    Min:  0.0, Avg:  0.0, Max:  0.0, Diff:  0.0, Sum:  0.0, Workers: 4
[4947.076s][debug][gc,phases      ] GC(293)     Dead                           Min: 0, Avg:  0.0, Max: 0, Diff: 0, Sum: 0, Workers: 4
[4947.076s][debug][gc,phases      ] GC(293)     Total                          Min: 0, Avg:  0.0, Max: 0, Diff: 0, Sum: 0, Workers: 4
[4947.076s][debug][gc,phases      ] GC(293) Weak Processing 0.397ms
[4947.076s][debug][gc,phases      ] GC(293) ClassLoaderData 0.177ms
[4947.076s][debug][gc,phases      ] GC(293) Trigger cleanups 0.009ms
[4947.111s][debug][gc,phases      ] GC(293) Class Unloading 35.438ms
[4947.111s][info ][gc,phases      ] GC(293) Marking Phase 206.316ms
[4947.111s][info ][gc,phases,start] GC(293) Summary Phase
[4947.111s][info ][gc,phases      ] GC(293) Summary Phase 0.031ms
[4947.111s][info ][gc,phases,start] GC(293) Adjust Roots
[4947.128s][info ][gc,phases      ] GC(293) Adjust Roots 17.063ms
[4947.128s][info ][gc,phases,start] GC(293) Compaction Phase
[4947.294s][info ][gc,phases      ] GC(293) Compaction Phase 165.559ms
[4947.294s][info ][gc,phases,start] GC(293) Post Compact
[4947.297s][info ][gc,phases      ] GC(293) Post Compact 3.383ms
[4947.297s][info ][gc,heap        ] GC(293) PSYoungGen: 102970K(1923584K)->0K(1928704K) Eden: 0K(1750016K)->0K(1760256K) From: 102970K(173568K)->0K(168448K)
[4947.297s][info ][gc,heap        ] GC(293) ParOldGen: 1027599K(1048576K)->821726K(1048576K)
[4947.297s][info ][gc,metaspace   ] GC(293) Metaspace: 85730K(86784K)->85726K(86784K) NonClass: 73908K(74496K)->73906K(74496K) Class: 11821K(12288K)->11820K(12288K)
[4947.297s][info ][gc             ] GC(293) Pause Full (Ergonomics) 1104M->802M(2907M) 392.547ms
[4947.297s][info ][gc,cpu         ] GC(293) User=1.38s Sys=0.00s Real=0.39s
[4947.297s][info ][safepoint      ] Safepoint "ParallelGCFailedAllocation", Time since last: 3562650616 ns, Reaching safepoint: 50301 ns, At safepoint: 432597228 ns, Total: 432647529 ns
[4947.878s][info ][safepoint      ] Safepoint "ICBufferFull", Time since last: 580859606 ns, Reaching safepoint: 281908 ns, At safepoint: 10200 ns, Total: 292108 ns
[4947.884s][info ][safepoint      ] Safepoint "ICBufferFull", Time since last: 4867524 ns, Reaching safepoint: 180805 ns, At safepoint: 6200 ns, Total: 187005 ns
[4948.631s][info ][safepoint      ] Safepoint "ICBufferFull", Time since last: 747497454 ns, Reaching safepoint: 219506 ns, At safepoint: 7700 ns, Total: 227206 ns
[4949.039s][info ][gc,start       ] GC(294) Pause Young (Allocation Failure)
[4949.070s][debug][gc,phases      ] GC(294) Scavenge 30.939ms
[4949.070s][debug][gc,ref         ] GC(294) Skipped phase 1 of Reference Processing: no references
[4949.070s][debug][gc,ref         ] GC(294) ReferenceProcessor::execute queues: 1, RefProcThreadModel::Single, marks_oops_alive: false
[4949.070s][debug][gc,ref         ] GC(294) Skipped phase 3 of Reference Processing: no references
[4949.070s][debug][gc,ref         ] GC(294) ReferenceProcessor::execute queues: 1, RefProcThreadModel::Single, marks_oops_alive: false
[4949.070s][debug][gc,phases      ] GC(294) Reference Processing 0.116ms
[4949.070s][debug][gc,phases      ] GC(294)   VM Weak                        Min:  0.0, Avg:  0.0, Max:  0.0, Diff:  0.0, Sum:  0.0, Workers: 4
[4949.070s][debug][gc,phases      ] GC(294)     Dead                           Min: 0, Avg:  0.0, Max: 0, Diff: 0, Sum: 0, Workers: 4
[4949.070s][debug][gc,phases      ] GC(294)     Total                          Min: 0, Avg: 151.2, Max: 347, Diff: 347, Sum: 605, Workers: 4
[4949.070s][debug][gc,phases      ] GC(294)   ObjectSynchronizer Weak        Min:  0.0, Avg:  0.0, Max:  0.0, Diff:  0.0, Sum:  0.0, Workers: 4
[4949.070s][debug][gc,phases      ] GC(294)     Dead                           Min: 0, Avg:  0.0, Max: 0, Diff: 0, Sum: 0, Workers: 4
[4949.070s][debug][gc,phases      ] GC(294)     Total                          Min: 0, Avg: 119.5, Max: 192, Diff: 192, Sum: 478, Workers: 4
[4949.070s][debug][gc,phases      ] GC(294)   JVMTI Tag Weak OopStorage      Min:  0.0, Avg:  0.0, Max:  0.0, Diff:  0.0, Sum:  0.0, Workers: 4
[4949.070s][debug][gc,phases      ] GC(294)     Dead                           Min: 0, Avg:  0.0, Max: 0, Diff: 0, Sum: 0, Workers: 4
[4949.070s][debug][gc,phases      ] GC(294)     Total                          Min: 0, Avg:  0.0, Max: 0, Diff: 0, Sum: 0, Workers: 4
[4949.070s][debug][gc,phases      ] GC(294)   StringTable Weak               Min:  0.1, Avg:  0.1, Max:  0.1, Diff:  0.0, Sum:  0.4, Workers: 4
[4949.070s][debug][gc,phases      ] GC(294)     Dead                           Min: 0, Avg:  0.5, Max: 2, Diff: 2, Sum: 2, Workers: 4
[4949.070s][debug][gc,phases      ] GC(294)     Total                          Min: 11520, Avg: 12230.8, Max: 12828, Diff: 1308, Sum: 48923, Workers: 4
[4949.070s][debug][gc,phases      ] GC(294)   ResolvedMethodTable Weak       Min:  0.0, Avg:  0.0, Max:  0.0, Diff:  0.0, Sum:  0.1, Workers: 4
[4949.070s][debug][gc,phases      ] GC(294)     Dead                           Min: 0, Avg:  0.0, Max: 0, Diff: 0, Sum: 0, Workers: 4
[4949.070s][debug][gc,phases      ] GC(294)     Total                          Min: 1856, Avg: 2199.0, Max: 2396, Diff: 540, Sum: 8796, Workers: 4
[4949.070s][debug][gc,phases      ] GC(294)   JNI Weak                       Min:  0.0, Avg:  0.0, Max:  0.0, Diff:  0.0, Sum:  0.0, Workers: 4
[4949.070s][debug][gc,phases      ] GC(294)     Dead                           Min: 0, Avg:  0.0, Max: 0, Diff: 0, Sum: 0, Workers: 4
[4949.070s][debug][gc,phases      ] GC(294)     Total                          Min: 0, Avg:  0.0, Max: 0, Diff: 0, Sum: 0, Workers: 4
[4949.070s][debug][gc,phases      ] GC(294)   StringDedup Table Weak         Min:  0.0, Avg:  0.0, Max:  0.0, Diff:  0.0, Sum:  0.0, Workers: 4
[4949.070s][debug][gc,phases      ] GC(294)     Dead                           Min: 0, Avg:  0.0, Max: 0, Diff: 0, Sum: 0, Workers: 4
[4949.070s][debug][gc,phases      ] GC(294)     Total                          Min: 0, Avg:  0.0, Max: 0, Diff: 0, Sum: 0, Workers: 4
[4949.070s][debug][gc,phases      ] GC(294)   StringDedup Requests0 Weak     Min:  0.0, Avg:  0.0, Max:  0.0, Diff:  0.0, Sum:  0.0, Workers: 4
[4949.070s][debug][gc,phases      ] GC(294)     Dead                           Min: 0, Avg:  0.0, Max: 0, Diff: 0, Sum: 0, Workers: 4
[4949.070s][debug][gc,phases      ] GC(294)     Total                          Min: 0, Avg:  0.0, Max: 0, Diff: 0, Sum: 0, Workers: 4
[4949.070s][debug][gc,phases      ] GC(294)   StringDedup Requests1 Weak     Min:  0.0, Avg:  0.0, Max:  0.0, Diff:  0.0, Sum:  0.0, Workers: 4
[4949.070s][debug][gc,phases      ] GC(294)     Dead                           Min: 0, Avg:  0.0, Max: 0, Diff: 0, Sum: 0, Workers: 4
[4949.070s][debug][gc,phases      ] GC(294)     Total                          Min: 0, Avg:  0.0, Max: 0, Diff: 0, Sum: 0, Workers: 4
[4949.070s][debug][gc,phases      ] GC(294)   Weak JFR Old Object Samples    Min:  0.0, Avg:  0.0, Max:  0.0, Diff:  0.0, Sum:  0.0, Workers: 4
[4949.070s][debug][gc,phases      ] GC(294)     Dead                           Min: 0, Avg:  0.0, Max: 0, Diff: 0, Sum: 0, Workers: 4
[4949.070s][debug][gc,phases      ] GC(294)     Total                          Min: 0, Avg:  0.0, Max: 0, Diff: 0, Sum: 0, Workers: 4
[4949.070s][debug][gc,phases      ] GC(294) Weak Processing 0.351ms
[4949.070s][debug][gc,age         ] GC(294) Desired survivor size 173015040 bytes, new threshold 15 (max threshold 15)
[4949.070s][info ][gc,heap        ] GC(294) PSYoungGen: 1760256K(1928704K)->52208K(1812480K) Eden: 1760256K(1760256K)->0K(1760256K) From: 0K(168448K)->52208K(52224K)
[4949.070s][info ][gc,heap        ] GC(294) ParOldGen: 821726K(1048576K)->821726K(1048576K)
[4949.070s][info ][gc,metaspace   ] GC(294) Metaspace: 85734K(86784K)->85734K(86784K) NonClass: 73912K(74496K)->73912K(74496K) Class: 11821K(12288K)->11821K(12288K)
[4949.070s][info ][gc             ] GC(294) Pause Young (Allocation Failure) 2521M->853M(2794M) 31.537ms
[4949.070s][info ][gc,cpu         ] GC(294) User=0.12s Sys=0.00s Real=0.03s
[4949.070s][info ][safepoint      ] Safepoint "ParallelGCFailedAllocation", Time since last: 407445486 ns, Reaching safepoint: 60502 ns, At safepoint: 31625306 ns, Total: 31685808 ns
[4950.071s][info ][safepoint      ] Safepoint "Cleanup", Time since last: 1000083893 ns, Reaching safepoint: 68402 ns, At safepoint: 9300 ns, Total: 77702 ns
[4951.071s][info ][safepoint      ] Safepoint "Cleanup", Time since last: 1000119594 ns, Reaching safepoint: 132303 ns, At safepoint: 10101 ns, Total: 142404 ns
[4951.539s][info ][gc,start       ] GC(295) Pause Young (Allocation Failure)
[4951.571s][debug][gc,phases      ] GC(295) Scavenge 31.809ms
[4951.571s][debug][gc,ref         ] GC(295) Skipped phase 1 of Reference Processing: no references
[4951.571s][debug][gc,ref         ] GC(295) ReferenceProcessor::execute queues: 1, RefProcThreadModel::Single, marks_oops_alive: false
[4951.571s][debug][gc,ref         ] GC(295) Skipped phase 3 of Reference Processing: no references
[4951.571s][debug][gc,ref         ] GC(295) ReferenceProcessor::execute queues: 1, RefProcThreadModel::Single, marks_oops_alive: false
[4951.571s][debug][gc,phases      ] GC(295) Reference Processing 0.120ms
[4951.571s][debug][gc,phases      ] GC(295)   VM Weak                        Min:  0.0, Avg:  0.0, Max:  0.0, Diff:  0.0, Sum:  0.0, Workers: 4
[4951.571s][debug][gc,phases      ] GC(295)     Dead                           Min: 0, Avg:  0.0, Max: 0, Diff: 0, Sum: 0, Workers: 4
[4951.571s][debug][gc,phases      ] GC(295)     Total                          Min: 0, Avg: 151.2, Max: 421, Diff: 421, Sum: 605, Workers: 4
[4951.571s][debug][gc,phases      ] GC(295)   ObjectSynchronizer Weak        Min:  0.0, Avg:  0.0, Max:  0.0, Diff:  0.0, Sum:  0.0, Workers: 4
[4951.571s][debug][gc,phases      ] GC(295)     Dead                           Min: 0, Avg:  0.0, Max: 0, Diff: 0, Sum: 0, Workers: 4
[4951.571s][debug][gc,phases      ] GC(295)     Total                          Min: 0, Avg: 119.5, Max: 256, Diff: 256, Sum: 478, Workers: 4
[4951.571s][debug][gc,phases      ] GC(295)   JVMTI Tag Weak OopStorage      Min:  0.0, Avg:  0.0, Max:  0.0, Diff:  0.0, Sum:  0.0, Workers: 4
[4951.571s][debug][gc,phases      ] GC(295)     Dead                           Min: 0, Avg:  0.0, Max: 0, Diff: 0, Sum: 0, Workers: 4
[4951.571s][debug][gc,phases      ] GC(295)     Total                          Min: 0, Avg:  0.0, Max: 0, Diff: 0, Sum: 0, Workers: 4
[4951.571s][debug][gc,phases      ] GC(295)   StringTable Weak               Min:  0.1, Avg:  0.1, Max:  0.1, Diff:  0.0, Sum:  0.4, Workers: 4
[4951.571s][debug][gc,phases      ] GC(295)     Dead                           Min: 0, Avg:  0.0, Max: 0, Diff: 0, Sum: 0, Workers: 4
[4951.571s][debug][gc,phases      ] GC(295)     Total                          Min: 11583, Avg: 12230.8, Max: 12608, Diff: 1025, Sum: 48923, Workers: 4
[4951.571s][debug][gc,phases      ] GC(295)   ResolvedMethodTable Weak       Min:  0.0, Avg:  0.0, Max:  0.0, Diff:  0.0, Sum:  0.1, Workers: 4
[4951.571s][debug][gc,phases      ] GC(295)     Dead                           Min: 0, Avg:  0.0, Max: 0, Diff: 0, Sum: 0, Workers: 4
[4951.571s][debug][gc,phases      ] GC(295)     Total                          Min: 2112, Avg: 2199.0, Max: 2304, Diff: 192, Sum: 8796, Workers: 4
[4951.571s][debug][gc,phases      ] GC(295)   JNI Weak                       Min:  0.0, Avg:  0.0, Max:  0.0, Diff:  0.0, Sum:  0.0, Workers: 4
[4951.571s][debug][gc,phases      ] GC(295)     Dead                           Min: 0, Avg:  0.0, Max: 0, Diff: 0, Sum: 0, Workers: 4
[4951.571s][debug][gc,phases      ] GC(295)     Total                          Min: 0, Avg:  0.0, Max: 0, Diff: 0, Sum: 0, Workers: 4
[4951.571s][debug][gc,phases      ] GC(295)   StringDedup Table Weak         Min:  0.0, Avg:  0.0, Max:  0.0, Diff:  0.0, Sum:  0.0, Workers: 4
[4951.571s][debug][gc,phases      ] GC(295)     Dead                           Min: 0, Avg:  0.0, Max: 0, Diff: 0, Sum: 0, Workers: 4
[4951.571s][debug][gc,phases      ] GC(295)     Total                          Min: 0, Avg:  0.0, Max: 0, Diff: 0, Sum: 0, Workers: 4
[4951.571s][debug][gc,phases      ] GC(295)   StringDedup Requests0 Weak     Min:  0.0, Avg:  0.0, Max:  0.0, Diff:  0.0, Sum:  0.0, Workers: 4
[4951.571s][debug][gc,phases      ] GC(295)     Dead                           Min: 0, Avg:  0.0, Max: 0, Diff: 0, Sum: 0, Workers: 4
[4951.571s][debug][gc,phases      ] GC(295)     Total                          Min: 0, Avg:  0.0, Max: 0, Diff: 0, Sum: 0, Workers: 4
[4951.571s][debug][gc,phases      ] GC(295)   StringDedup Requests1 Weak     Min:  0.0, Avg:  0.0, Max:  0.0, Diff:  0.0, Sum:  0.0, Workers: 4
[4951.571s][debug][gc,phases      ] GC(295)     Dead                           Min: 0, Avg:  0.0, Max: 0, Diff: 0, Sum: 0, Workers: 4
[4951.571s][debug][gc,phases      ] GC(295)     Total                          Min: 0, Avg:  0.0, Max: 0, Diff: 0, Sum: 0, Workers: 4
[4951.571s][debug][gc,phases      ] GC(295)   Weak JFR Old Object Samples    Min:  0.0, Avg:  0.0, Max:  0.0, Diff:  0.0, Sum:  0.0, Workers: 4
[4951.571s][debug][gc,phases      ] GC(295)     Dead                           Min: 0, Avg:  0.0, Max: 0, Diff: 0, Sum: 0, Workers: 4
[4951.571s][debug][gc,phases      ] GC(295)     Total                          Min: 0, Avg:  0.0, Max: 0, Diff: 0, Sum: 0, Workers: 4
[4951.571s][debug][gc,phases      ] GC(295) Weak Processing 0.346ms
[4951.571s][debug][gc,age         ] GC(295) Desired survivor size 169345024 bytes, new threshold 15 (max threshold 15)
[4951.571s][info ][gc,heap        ] GC(295) PSYoungGen: 1812464K(1812480K)->70416K(1931776K) Eden: 1760256K(1760256K)->0K(1762816K) From: 52208K(52224K)->70416K(168960K)
[4951.571s][info ][gc,heap        ] GC(295) ParOldGen: 821726K(1048576K)->821726K(1048576K)
[4951.571s][info ][gc,metaspace   ] GC(295) Metaspace: 85736K(86784K)->85736K(86784K) NonClass: 73914K(74496K)->73914K(74496K) Class: 11821K(12288K)->11821K(12288K)
[4951.571s][info ][gc             ] GC(295) Pause Young (Allocation Failure) 2572M->871M(2910M) 32.410ms
[4951.571s][info ][gc,cpu         ] GC(295) User=0.13s Sys=0.00s Real=0.03s
[4951.571s][info ][safepoint      ] Safepoint "ParallelGCFailedAllocation", Time since last: 467993829 ns, Reaching safepoint: 37601 ns, At safepoint: 32504829 ns, Total: 32542430 ns
[4952.571s][info ][safepoint      ] Safepoint "Cleanup", Time since last: 1000086093 ns, Reaching safepoint: 60201 ns, At safepoint: 6101 ns, Total: 66302 ns
[4953.572s][info ][safepoint      ] Safepoint "Cleanup", Time since last: 1000124394 ns, Reaching safepoint: 61101 ns, At safepoint: 9600 ns, Total: 70701 ns
[4954.572s][info ][safepoint      ] Safepoint "Cleanup", Time since last: 1000116094 ns, Reaching safepoint: 56002 ns, At safepoint: 8600 ns, Total: 64602 ns
[4955.572s][info ][safepoint      ] Safepoint "Cleanup", Time since last: 1000136794 ns, Reaching safepoint: 70802 ns, At safepoint: 11300 ns, Total: 82102 ns
[4956.572s][info ][safepoint      ] Safepoint "Cleanup", Time since last: 1000100694 ns, Reaching safepoint: 56701 ns, At safepoint: 6200 ns, Total: 62901 ns
[4957.572s][info ][safepoint      ] Safepoint "Cleanup", Time since last: 1000110594 ns, Reaching safepoint: 67102 ns, At safepoint: 9700 ns, Total: 76802 ns
[4959.573s][info ][safepoint      ] Safepoint "Cleanup", Time since last: 2000305489 ns, Reaching safepoint: 108003 ns, At safepoint: 6100 ns, Total: 114103 ns
[4960.573s][info ][safepoint      ] Safepoint "Cleanup", Time since last: 1000114994 ns, Reaching safepoint: 130703 ns, At safepoint: 11300 ns, Total: 142003 ns
[4961.573s][info ][safepoint      ] Safepoint "Cleanup", Time since last: 1000111094 ns, Reaching safepoint: 76602 ns, At safepoint: 6700 ns, Total: 83302 ns
[4962.574s][info ][safepoint      ] Safepoint "Cleanup", Time since last: 1000109693 ns, Reaching safepoint: 94003 ns, At safepoint: 6800 ns, Total: 100803 ns
[4962.934s][info ][gc,start       ] GC(296) Pause Young (Allocation Failure)
[4962.967s][debug][gc,phases      ] GC(296) Scavenge 32.477ms
[4962.967s][debug][gc,ref         ] GC(296) Skipped phase 1 of Reference Processing: no references
[4962.967s][debug][gc,ref         ] GC(296) ReferenceProcessor::execute queues: 1, RefProcThreadModel::Single, marks_oops_alive: false
[4962.967s][debug][gc,ref         ] GC(296) Skipped phase 3 of Reference Processing: no references
[4962.967s][debug][gc,ref         ] GC(296) ReferenceProcessor::execute queues: 1, RefProcThreadModel::Single, marks_oops_alive: false
[4962.967s][debug][gc,phases      ] GC(296) Reference Processing 0.126ms
[4962.967s][debug][gc,phases      ] GC(296)   VM Weak                        Min:  0.0, Avg:  0.0, Max:  0.0, Diff:  0.0, Sum:  0.0, Workers: 4
[4962.967s][debug][gc,phases      ] GC(296)     Dead                           Min: 0, Avg:  0.0, Max: 0, Diff: 0, Sum: 0, Workers: 4
[4962.967s][debug][gc,phases      ] GC(296)     Total                          Min: 0, Avg: 151.2, Max: 605, Diff: 605, Sum: 605, Workers: 4
[4962.967s][debug][gc,phases      ] GC(296)   ObjectSynchronizer Weak        Min:  0.0, Avg:  0.0, Max:  0.0, Diff:  0.0, Sum:  0.0, Workers: 4
[4962.967s][debug][gc,phases      ] GC(296)     Dead                           Min: 0, Avg:  0.0, Max: 0, Diff: 0, Sum: 0, Workers: 4
[4962.967s][debug][gc,phases      ] GC(296)     Total                          Min: 0, Avg: 119.5, Max: 478, Diff: 478, Sum: 478, Workers: 4
[4962.967s][debug][gc,phases      ] GC(296)   JVMTI Tag Weak OopStorage      Min:  0.0, Avg:  0.0, Max:  0.0, Diff:  0.0, Sum:  0.0, Workers: 4
[4962.967s][debug][gc,phases      ] GC(296)     Dead                           Min: 0, Avg:  0.0, Max: 0, Diff: 0, Sum: 0, Workers: 4
[4962.967s][debug][gc,phases      ] GC(296)     Total                          Min: 0, Avg:  0.0, Max: 0, Diff: 0, Sum: 0, Workers: 4
[4962.967s][debug][gc,phases      ] GC(296)   StringTable Weak               Min:  0.1, Avg:  0.1, Max:  0.1, Diff:  0.0, Sum:  0.4, Workers: 4
[4962.967s][debug][gc,phases      ] GC(296)     Dead                           Min: 0, Avg:  0.0, Max: 0, Diff: 0, Sum: 0, Workers: 4
[4962.967s][debug][gc,phases      ] GC(296)     Total                          Min: 11775, Avg: 12230.8, Max: 12863, Diff: 1088, Sum: 48923, Workers: 4
[4962.967s][debug][gc,phases      ] GC(296)   ResolvedMethodTable Weak       Min:  0.0, Avg:  0.0, Max:  0.0, Diff:  0.0, Sum:  0.1, Workers: 4
[4962.967s][debug][gc,phases      ] GC(296)     Dead                           Min: 0, Avg:  0.0, Max: 0, Diff: 0, Sum: 0, Workers: 4
[4962.967s][debug][gc,phases      ] GC(296)     Total                          Min: 2076, Avg: 2199.0, Max: 2368, Diff: 292, Sum: 8796, Workers: 4
[4962.967s][debug][gc,phases      ] GC(296)   JNI Weak                       Min:  0.0, Avg:  0.0, Max:  0.0, Diff:  0.0, Sum:  0.0, Workers: 4
[4962.967s][debug][gc,phases      ] GC(296)     Dead                           Min: 0, Avg:  0.0, Max: 0, Diff: 0, Sum: 0, Workers: 4
[4962.967s][debug][gc,phases      ] GC(296)     Total                          Min: 0, Avg:  0.0, Max: 0, Diff: 0, Sum: 0, Workers: 4
[4962.967s][debug][gc,phases      ] GC(296)   StringDedup Table Weak         Min:  0.0, Avg:  0.0, Max:  0.0, Diff:  0.0, Sum:  0.0, Workers: 4
[4962.967s][debug][gc,phases      ] GC(296)     Dead                           Min: 0, Avg:  0.0, Max: 0, Diff: 0, Sum: 0, Workers: 4
[4962.967s][debug][gc,phases      ] GC(296)     Total                          Min: 0, Avg:  0.0, Max: 0, Diff: 0, Sum: 0, Workers: 4
[4962.967s][debug][gc,phases      ] GC(296)   StringDedup Requests0 Weak     Min:  0.0, Avg:  0.0, Max:  0.0, Diff:  0.0, Sum:  0.0, Workers: 4
[4962.967s][debug][gc,phases      ] GC(296)     Dead                           Min: 0, Avg:  0.0, Max: 0, Diff: 0, Sum: 0, Workers: 4
[4962.967s][debug][gc,phases      ] GC(296)     Total                          Min: 0, Avg:  0.0, Max: 0, Diff: 0, Sum: 0, Workers: 4
[4962.967s][debug][gc,phases      ] GC(296)   StringDedup Requests1 Weak     Min:  0.0, Avg:  0.0, Max:  0.0, Diff:  0.0, Sum:  0.0, Workers: 4
[4962.967s][debug][gc,phases      ] GC(296)     Dead                           Min: 0, Avg:  0.0, Max: 0, Diff: 0, Sum: 0, Workers: 4
[4962.967s][debug][gc,phases      ] GC(296)     Total                          Min: 0, Avg:  0.0, Max: 0, Diff: 0, Sum: 0, Workers: 4
[4962.967s][debug][gc,phases      ] GC(296)   Weak JFR Old Object Samples    Min:  0.0, Avg:  0.0, Max:  0.0, Diff:  0.0, Sum:  0.0, Workers: 4
[4962.967s][debug][gc,phases      ] GC(296)     Dead                           Min: 0, Avg:  0.0, Max: 0, Diff: 0, Sum: 0, Workers: 4
[4962.967s][debug][gc,phases      ] GC(296)     Total                          Min: 0, Avg:  0.0, Max: 0, Diff: 0, Sum: 0, Workers: 4
[4962.967s][debug][gc,phases      ] GC(296) Weak Processing 0.339ms
[4962.967s][debug][gc,age         ] GC(296) Desired survivor size 163577856 bytes, new threshold 15 (max threshold 15)
[4962.967s][info ][gc,heap        ] GC(296) PSYoungGen: 1833232K(1931776K)->79648K(1928192K) Eden: 1762816K(1762816K)->0K(1762816K) From: 70416K(168960K)->79648K(165376K)
[4962.967s][info ][gc,heap        ] GC(296) ParOldGen: 821726K(1048576K)->821726K(1048576K)
[4962.967s][info ][gc,metaspace   ] GC(296) Metaspace: 85739K(86784K)->85739K(86784K) NonClass: 73917K(74496K)->73917K(74496K) Class: 11821K(12288K)->11821K(12288K)
[4962.967s][info ][gc             ] GC(296) Pause Young (Allocation Failure) 2592M->880M(2907M) 33.079ms
[4962.967s][info ][gc,cpu         ] GC(296) User=0.13s Sys=0.00s Real=0.03s
[4962.967s][info ][safepoint      ] Safepoint "ParallelGCFailedAllocation", Time since last: 360613392 ns, Reaching safepoint: 49002 ns, At safepoint: 33170245 ns, Total: 33219247 ns
[4963.967s][info ][safepoint      ] Safepoint "Cleanup", Time since last: 1000081893 ns, Reaching safepoint: 45201 ns, At safepoint: 3700 ns, Total: 48901 ns
[4965.793s][info ][safepoint      ] Safepoint "Cleanup", Time since last: 1825052822 ns, Reaching safepoint: 97402 ns, At safepoint: 11501 ns, Total: 108903 ns
[4966.793s][info ][safepoint      ] Safepoint "Cleanup", Time since last: 1000111393 ns, Reaching safepoint: 50501 ns, At safepoint: 3900 ns, Total: 54401 ns
[4967.793s][info ][safepoint      ] Safepoint "Cleanup", Time since last: 1000131094 ns, Reaching safepoint: 58902 ns, At safepoint: 5600 ns, Total: 64502 ns
[4967.936s][info ][gc,start       ] GC(297) Pause Young (Allocation Failure)
[4967.971s][debug][gc,phases      ] GC(297) Scavenge 35.360ms
[4967.971s][debug][gc,ref         ] GC(297) Skipped phase 1 of Reference Processing: no references
[4967.972s][debug][gc,ref         ] GC(297) ReferenceProcessor::execute queues: 1, RefProcThreadModel::Single, marks_oops_alive: false
[4967.972s][debug][gc,ref         ] GC(297) Skipped phase 3 of Reference Processing: no references
[4967.972s][debug][gc,ref         ] GC(297) ReferenceProcessor::execute queues: 1, RefProcThreadModel::Single, marks_oops_alive: false
[4967.972s][debug][gc,phases      ] GC(297) Reference Processing 0.155ms
[4967.972s][debug][gc,phases      ] GC(297)   VM Weak                        Min:  0.0, Avg:  0.0, Max:  0.0, Diff:  0.0, Sum:  0.0, Workers: 4
[4967.972s][debug][gc,phases      ] GC(297)     Dead                           Min: 0, Avg:  0.0, Max: 0, Diff: 0, Sum: 0, Workers: 4
[4967.972s][debug][gc,phases      ] GC(297)     Total                          Min: 0, Avg: 151.2, Max: 553, Diff: 553, Sum: 605, Workers: 4
[4967.972s][debug][gc,phases      ] GC(297)   ObjectSynchronizer Weak        Min:  0.0, Avg:  0.0, Max:  0.0, Diff:  0.0, Sum:  0.0, Workers: 4
[4967.972s][debug][gc,phases      ] GC(297)     Dead                           Min: 0, Avg:  0.0, Max: 0, Diff: 0, Sum: 0, Workers: 4
[4967.972s][debug][gc,phases      ] GC(297)     Total                          Min: 0, Avg: 119.5, Max: 256, Diff: 256, Sum: 478, Workers: 4
[4967.972s][debug][gc,phases      ] GC(297)   JVMTI Tag Weak OopStorage      Min:  0.0, Avg:  0.0, Max:  0.0, Diff:  0.0, Sum:  0.0, Workers: 4
[4967.972s][debug][gc,phases      ] GC(297)     Dead                           Min: 0, Avg:  0.0, Max: 0, Diff: 0, Sum: 0, Workers: 4
[4967.972s][debug][gc,phases      ] GC(297)     Total                          Min: 0, Avg:  0.0, Max: 0, Diff: 0, Sum: 0, Workers: 4
[4967.972s][debug][gc,phases      ] GC(297)   StringTable Weak               Min:  0.1, Avg:  0.1, Max:  0.1, Diff:  0.0, Sum:  0.5, Workers: 4
[4967.972s][debug][gc,phases      ] GC(297)     Dead                           Min: 0, Avg:  0.0, Max: 0, Diff: 0, Sum: 0, Workers: 4
[4967.972s][debug][gc,phases      ] GC(297)     Total                          Min: 11485, Avg: 12230.8, Max: 12991, Diff: 1506, Sum: 48923, Workers: 4
[4967.972s][debug][gc,phases      ] GC(297)   ResolvedMethodTable Weak       Min:  0.0, Avg:  0.0, Max:  0.0, Diff:  0.0, Sum:  0.1, Workers: 4
[4967.972s][debug][gc,phases      ] GC(297)     Dead                           Min: 0, Avg:  0.0, Max: 0, Diff: 0, Sum: 0, Workers: 4
[4967.972s][debug][gc,phases      ] GC(297)     Total                          Min: 2076, Avg: 2199.0, Max: 2304, Diff: 228, Sum: 8796, Workers: 4
[4967.972s][debug][gc,phases      ] GC(297)   JNI Weak                       Min:  0.0, Avg:  0.0, Max:  0.0, Diff:  0.0, Sum:  0.0, Workers: 4
[4967.972s][debug][gc,phases      ] GC(297)     Dead                           Min: 0, Avg:  0.0, Max: 0, Diff: 0, Sum: 0, Workers: 4
[4967.972s][debug][gc,phases      ] GC(297)     Total                          Min: 0, Avg:  0.0, Max: 0, Diff: 0, Sum: 0, Workers: 4
[4967.972s][debug][gc,phases      ] GC(297)   StringDedup Table Weak         Min:  0.0, Avg:  0.0, Max:  0.0, Diff:  0.0, Sum:  0.0, Workers: 4
[4967.972s][debug][gc,phases      ] GC(297)     Dead                           Min: 0, Avg:  0.0, Max: 0, Diff: 0, Sum: 0, Workers: 4
[4967.972s][debug][gc,phases      ] GC(297)     Total                          Min: 0, Avg:  0.0, Max: 0, Diff: 0, Sum: 0, Workers: 4
[4967.972s][debug][gc,phases      ] GC(297)   StringDedup Requests0 Weak     Min:  0.0, Avg:  0.0, Max:  0.0, Diff:  0.0, Sum:  0.0, Workers: 4
[4967.972s][debug][gc,phases      ] GC(297)     Dead                           Min: 0, Avg:  0.0, Max: 0, Diff: 0, Sum: 0, Workers: 4
[4967.972s][debug][gc,phases      ] GC(297)     Total                          Min: 0, Avg:  0.0, Max: 0, Diff: 0, Sum: 0, Workers: 4
[4967.972s][debug][gc,phases      ] GC(297)   StringDedup Requests1 Weak     Min:  0.0, Avg:  0.0, Max:  0.0, Diff:  0.0, Sum:  0.0, Workers: 4
[4967.972s][debug][gc,phases      ] GC(297)     Dead                           Min: 0, Avg:  0.0, Max: 0, Diff: 0, Sum: 0, Workers: 4
[4967.972s][debug][gc,phases      ] GC(297)     Total                          Min: 0, Avg:  0.0, Max: 0, Diff: 0, Sum: 0, Workers: 4
[4967.972s][debug][gc,phases      ] GC(297)   Weak JFR Old Object Samples    Min:  0.0, Avg:  0.0, Max:  0.0, Diff:  0.0, Sum:  0.0, Workers: 4
[4967.972s][debug][gc,phases      ] GC(297)     Dead                           Min: 0, Avg:  0.0, Max: 0, Diff: 0, Sum: 0, Workers: 4
[4967.972s][debug][gc,phases      ] GC(297)     Total                          Min: 0, Avg:  0.0, Max: 0, Diff: 0, Sum: 0, Workers: 4
[4967.972s][debug][gc,phases      ] GC(297) Weak Processing 0.327ms
[4967.972s][debug][gc,age         ] GC(297) Desired survivor size 157286400 bytes, new threshold 15 (max threshold 15)
[4967.972s][info ][gc,heap        ] GC(297) PSYoungGen: 1842464K(1928192K)->85408K(1943552K) Eden: 1762816K(1762816K)->0K(1783808K) From: 79648K(165376K)->85408K(159744K)
[4967.972s][info ][gc,heap        ] GC(297) ParOldGen: 821726K(1048576K)->821726K(1048576K)
[4967.972s][info ][gc,metaspace   ] GC(297) Metaspace: 85750K(86784K)->85750K(86784K) NonClass: 73928K(74496K)->73928K(74496K) Class: 11821K(12288K)->11821K(12288K)
[4967.972s][info ][gc             ] GC(297) Pause Young (Allocation Failure) 2601M->885M(2922M) 35.994ms
[4967.972s][info ][gc,cpu         ] GC(297) User=0.15s Sys=0.00s Real=0.03s
[4967.972s][info ][safepoint      ] Safepoint "ParallelGCFailedAllocation", Time since last: 142661736 ns, Reaching safepoint: 251907 ns, At safepoint: 36124221 ns, Total: 36376128 ns
[4968.972s][info ][safepoint      ] Safepoint "Cleanup", Time since last: 1000093292 ns, Reaching safepoint: 72202 ns, At safepoint: 9601 ns, Total: 81803 ns
[4969.972s][info ][safepoint      ] Safepoint "Cleanup", Time since last: 1000112993 ns, Reaching safepoint: 66802 ns, At safepoint: 7500 ns, Total: 74302 ns
[4970.973s][info ][safepoint      ] Safepoint "Cleanup", Time since last: 1000105293 ns, Reaching safepoint: 47301 ns, At safepoint: 4700 ns, Total: 52001 ns
[4971.973s][info ][safepoint      ] Safepoint "Cleanup", Time since last: 1000079093 ns, Reaching safepoint: 57501 ns, At safepoint: 6700 ns, Total: 64201 ns
[4972.973s][info ][safepoint      ] Safepoint "Cleanup", Time since last: 1000119594 ns, Reaching safepoint: 57101 ns, At safepoint: 6000 ns, Total: 63101 ns
[4973.973s][info ][safepoint      ] Safepoint "Cleanup", Time since last: 1000109094 ns, Reaching safepoint: 54501 ns, At safepoint: 9600 ns, Total: 64101 ns
[4974.973s][info ][safepoint      ] Safepoint "Cleanup", Time since last: 1000113893 ns, Reaching safepoint: 115503 ns, At safepoint: 36301 ns, Total: 151804 ns
[4975.044s][info ][gc,start       ] GC(298) Pause Young (Allocation Failure)
[4975.083s][debug][gc,phases      ] GC(298) Scavenge 38.766ms
[4975.083s][debug][gc,ref         ] GC(298) Skipped phase 1 of Reference Processing: no references
[4975.083s][debug][gc,ref         ] GC(298) ReferenceProcessor::execute queues: 1, RefProcThreadModel::Single, marks_oops_alive: false
[4975.083s][debug][gc,ref         ] GC(298) Skipped phase 3 of Reference Processing: no references
[4975.083s][debug][gc,ref         ] GC(298) ReferenceProcessor::execute queues: 1, RefProcThreadModel::Single, marks_oops_alive: false
[4975.083s][debug][gc,phases      ] GC(298) Reference Processing 0.111ms
[4975.083s][debug][gc,phases      ] GC(298)   VM Weak                        Min:  0.0, Avg:  0.0, Max:  0.0, Diff:  0.0, Sum:  0.0, Workers: 4
[4975.083s][debug][gc,phases      ] GC(298)     Dead                           Min: 0, Avg:  0.0, Max: 0, Diff: 0, Sum: 0, Workers: 4
[4975.083s][debug][gc,phases      ] GC(298)     Total                          Min: 0, Avg: 151.2, Max: 605, Diff: 605, Sum: 605, Workers: 4
[4975.083s][debug][gc,phases      ] GC(298)   ObjectSynchronizer Weak        Min:  0.0, Avg:  0.0, Max:  0.0, Diff:  0.0, Sum:  0.0, Workers: 4
[4975.083s][debug][gc,phases      ] GC(298)     Dead                           Min: 0, Avg:  0.0, Max: 0, Diff: 0, Sum: 0, Workers: 4
[4975.083s][debug][gc,phases      ] GC(298)     Total                          Min: 0, Avg: 119.5, Max: 256, Diff: 256, Sum: 478, Workers: 4
[4975.083s][debug][gc,phases      ] GC(298)   JVMTI Tag Weak OopStorage      Min:  0.0, Avg:  0.0, Max:  0.0, Diff:  0.0, Sum:  0.0, Workers: 4
[4975.083s][debug][gc,phases      ] GC(298)     Dead                           Min: 0, Avg:  0.0, Max: 0, Diff: 0, Sum: 0, Workers: 4
[4975.083s][debug][gc,phases      ] GC(298)     Total                          Min: 0, Avg:  0.0, Max: 0, Diff: 0, Sum: 0, Workers: 4
[4975.083s][debug][gc,phases      ] GC(298)   StringTable Weak               Min:  0.1, Avg:  0.1, Max:  0.1, Diff:  0.0, Sum:  0.5, Workers: 4
[4975.083s][debug][gc,phases      ] GC(298)     Dead                           Min: 0, Avg:  0.2, Max: 1, Diff: 1, Sum: 1, Workers: 4
[4975.083s][debug][gc,phases      ] GC(298)     Total                          Min: 10624, Avg: 12231.0, Max: 13532, Diff: 2908, Sum: 48924, Workers: 4
[4975.083s][debug][gc,phases      ] GC(298)   ResolvedMethodTable Weak       Min:  0.0, Avg:  0.0, Max:  0.0, Diff:  0.0, Sum:  0.1, Workers: 4
[4975.083s][debug][gc,phases      ] GC(298)     Dead                           Min: 0, Avg:  0.0, Max: 0, Diff: 0, Sum: 0, Workers: 4
[4975.083s][debug][gc,phases      ] GC(298)     Total                          Min: 1920, Avg: 2199.5, Max: 2334, Diff: 414, Sum: 8798, Workers: 4
[4975.083s][debug][gc,phases      ] GC(298)   JNI Weak                       Min:  0.0, Avg:  0.0, Max:  0.0, Diff:  0.0, Sum:  0.0, Workers: 4
[4975.083s][debug][gc,phases      ] GC(298)     Dead                           Min: 0, Avg:  0.0, Max: 0, Diff: 0, Sum: 0, Workers: 4
[4975.083s][debug][gc,phases      ] GC(298)     Total                          Min: 0, Avg:  0.0, Max: 0, Diff: 0, Sum: 0, Workers: 4
[4975.083s][debug][gc,phases      ] GC(298)   StringDedup Table Weak         Min:  0.0, Avg:  0.0, Max:  0.0, Diff:  0.0, Sum:  0.0, Workers: 4
[4975.083s][debug][gc,phases      ] GC(298)     Dead                           Min: 0, Avg:  0.0, Max: 0, Diff: 0, Sum: 0, Workers: 4
[4975.083s][debug][gc,phases      ] GC(298)     Total                          Min: 0, Avg:  0.0, Max: 0, Diff: 0, Sum: 0, Workers: 4
[4975.083s][debug][gc,phases      ] GC(298)   StringDedup Requests0 Weak     Min:  0.0, Avg:  0.0, Max:  0.0, Diff:  0.0, Sum:  0.0, Workers: 4
[4975.083s][debug][gc,phases      ] GC(298)     Dead                           Min: 0, Avg:  0.0, Max: 0, Diff: 0, Sum: 0, Workers: 4
[4975.083s][debug][gc,phases      ] GC(298)     Total                          Min: 0, Avg:  0.0, Max: 0, Diff: 0, Sum: 0, Workers: 4
[4975.083s][debug][gc,phases      ] GC(298)   StringDedup Requests1 Weak     Min:  0.0, Avg:  0.0, Max:  0.0, Diff:  0.0, Sum:  0.0, Workers: 4
[4975.083s][debug][gc,phases      ] GC(298)     Dead                           Min: 0, Avg:  0.0, Max: 0, Diff: 0, Sum: 0, Workers: 4
[4975.083s][debug][gc,phases      ] GC(298)     Total                          Min: 0, Avg:  0.0, Max: 0, Diff: 0, Sum: 0, Workers: 4
[4975.083s][debug][gc,phases      ] GC(298)   Weak JFR Old Object Samples    Min:  0.0, Avg:  0.0, Max:  0.0, Diff:  0.0, Sum:  0.0, Workers: 4
[4975.083s][debug][gc,phases      ] GC(298)     Dead                           Min: 0, Avg:  0.0, Max: 0, Diff: 0, Sum: 0, Workers: 4
[4975.083s][debug][gc,phases      ] GC(298)     Total                          Min: 0, Avg:  0.0, Max: 0, Diff: 0, Sum: 0, Workers: 4
[4975.083s][debug][gc,phases      ] GC(298) Weak Processing 0.356ms
[4975.083s][debug][gc,age         ] GC(298) Desired survivor size 151519232 bytes, new threshold 15 (max threshold 15)
[4975.083s][info ][gc,heap        ] GC(298) PSYoungGen: 1869216K(1943552K)->91840K(1937408K) Eden: 1783808K(1783808K)->0K(1783808K) From: 85408K(159744K)->91840K(153600K)
[4975.083s][info ][gc,heap        ] GC(298) ParOldGen: 821726K(1048576K)->821726K(1048576K)
[4975.083s][info ][gc,metaspace   ] GC(298) Metaspace: 85761K(86784K)->85761K(86784K) NonClass: 73939K(74496K)->73939K(74496K) Class: 11822K(12288K)->11822K(12288K)
[4975.083s][info ][gc             ] GC(298) Pause Young (Allocation Failure) 2627M->892M(2916M) 39.365ms
[4975.083s][info ][gc,cpu         ] GC(298) User=0.16s Sys=0.00s Real=0.04s
[4975.083s][info ][safepoint      ] Safepoint "ParallelGCFailedAllocation", Time since last: 70310793 ns, Reaching safepoint: 51201 ns, At safepoint: 39456306 ns, Total: 39507507 ns
[4976.083s][info ][safepoint      ] Safepoint "Cleanup", Time since last: 1000093392 ns, Reaching safepoint: 126604 ns, At safepoint: 8300 ns, Total: 134904 ns
[4977.084s][info ][safepoint      ] Safepoint "Cleanup", Time since last: 1000111993 ns, Reaching safepoint: 119503 ns, At safepoint: 9100 ns, Total: 128603 ns
[4978.084s][info ][safepoint      ] Safepoint "Cleanup", Time since last: 1000119994 ns, Reaching safepoint: 112302 ns, At safepoint: 10901 ns, Total: 123203 ns
[4981.084s][info ][safepoint      ] Safepoint "Cleanup", Time since last: 3000253077 ns, Reaching safepoint: 130003 ns, At safepoint: 29501 ns, Total: 159504 ns
[4982.084s][info ][safepoint      ] Safepoint "Cleanup", Time since last: 1000119293 ns, Reaching safepoint: 50201 ns, At safepoint: 7001 ns, Total: 57202 ns
[4982.960s][info ][gc,start       ] GC(299) Pause Young (Allocation Failure)
[4983.000s][debug][gc,phases      ] GC(299) Scavenge 39.994ms
[4983.000s][debug][gc,ref         ] GC(299) Skipped phase 1 of Reference Processing: no references
[4983.000s][debug][gc,ref         ] GC(299) ReferenceProcessor::execute queues: 1, RefProcThreadModel::Single, marks_oops_alive: false
[4983.000s][debug][gc,ref         ] GC(299) Skipped phase 3 of Reference Processing: no references
[4983.000s][debug][gc,ref         ] GC(299) ReferenceProcessor::execute queues: 1, RefProcThreadModel::Single, marks_oops_alive: false
[4983.000s][debug][gc,phases      ] GC(299) Reference Processing 0.128ms
[4983.000s][debug][gc,phases      ] GC(299)   VM Weak                        Min:  0.0, Avg:  0.0, Max:  0.0, Diff:  0.0, Sum:  0.0, Workers: 4
[4983.000s][debug][gc,phases      ] GC(299)     Dead                           Min: 0, Avg:  0.0, Max: 0, Diff: 0, Sum: 0, Workers: 4
[4983.000s][debug][gc,phases      ] GC(299)     Total                          Min: 0, Avg: 151.2, Max: 605, Diff: 605, Sum: 605, Workers: 4
[4983.000s][debug][gc,phases      ] GC(299)   ObjectSynchronizer Weak        Min:  0.0, Avg:  0.0, Max:  0.0, Diff:  0.0, Sum:  0.0, Workers: 4
[4983.000s][debug][gc,phases      ] GC(299)     Dead                           Min: 0, Avg:  0.0, Max: 0, Diff: 0, Sum: 0, Workers: 4
[4983.000s][debug][gc,phases      ] GC(299)     Total                          Min: 0, Avg: 119.5, Max: 478, Diff: 478, Sum: 478, Workers: 4
[4983.000s][debug][gc,phases      ] GC(299)   JVMTI Tag Weak OopStorage      Min:  0.0, Avg:  0.0, Max:  0.0, Diff:  0.0, Sum:  0.0, Workers: 4
[4983.000s][debug][gc,phases      ] GC(299)     Dead                           Min: 0, Avg:  0.0, Max: 0, Diff: 0, Sum: 0, Workers: 4
[4983.000s][debug][gc,phases      ] GC(299)     Total                          Min: 0, Avg:  0.0, Max: 0, Diff: 0, Sum: 0, Workers: 4
[4983.000s][debug][gc,phases      ] GC(299)   StringTable Weak               Min:  0.1, Avg:  0.1, Max:  0.1, Diff:  0.0, Sum:  0.5, Workers: 4
[4983.000s][debug][gc,phases      ] GC(299)     Dead                           Min: 0, Avg:  0.0, Max: 0, Diff: 0, Sum: 0, Workers: 4
[4983.000s][debug][gc,phases      ] GC(299)     Total                          Min: 10972, Avg: 12231.0, Max: 14272, Diff: 3300, Sum: 48924, Workers: 4
[4983.000s][debug][gc,phases      ] GC(299)   ResolvedMethodTable Weak       Min:  0.0, Avg:  0.0, Max:  0.0, Diff:  0.0, Sum:  0.1, Workers: 4
[4983.000s][debug][gc,phases      ] GC(299)     Dead                           Min: 0, Avg:  0.0, Max: 0, Diff: 0, Sum: 0, Workers: 4
[4983.000s][debug][gc,phases      ] GC(299)     Total                          Min: 2014, Avg: 2199.5, Max: 2432, Diff: 418, Sum: 8798, Workers: 4
[4983.000s][debug][gc,phases      ] GC(299)   JNI Weak                       Min:  0.0, Avg:  0.0, Max:  0.0, Diff:  0.0, Sum:  0.0, Workers: 4
[4983.000s][debug][gc,phases      ] GC(299)     Dead                           Min: 0, Avg:  0.0, Max: 0, Diff: 0, Sum: 0, Workers: 4
[4983.000s][debug][gc,phases      ] GC(299)     Total                          Min: 0, Avg:  0.5, Max: 2, Diff: 2, Sum: 2, Workers: 4
[4983.000s][debug][gc,phases      ] GC(299)   StringDedup Table Weak         Min:  0.0, Avg:  0.0, Max:  0.0, Diff:  0.0, Sum:  0.0, Workers: 4
[4983.000s][debug][gc,phases      ] GC(299)     Dead                           Min: 0, Avg:  0.0, Max: 0, Diff: 0, Sum: 0, Workers: 4
[4983.000s][debug][gc,phases      ] GC(299)     Total                          Min: 0, Avg:  0.0, Max: 0, Diff: 0, Sum: 0, Workers: 4
[4983.000s][debug][gc,phases      ] GC(299)   StringDedup Requests0 Weak     Min:  0.0, Avg:  0.0, Max:  0.0, Diff:  0.0, Sum:  0.0, Workers: 4
[4983.000s][debug][gc,phases      ] GC(299)     Dead                           Min: 0, Avg:  0.0, Max: 0, Diff: 0, Sum: 0, Workers: 4
[4983.000s][debug][gc,phases      ] GC(299)     Total                          Min: 0, Avg:  0.0, Max: 0, Diff: 0, Sum: 0, Workers: 4
[4983.000s][debug][gc,phases      ] GC(299)   StringDedup Requests1 Weak     Min:  0.0, Avg:  0.0, Max:  0.0, Diff:  0.0, Sum:  0.0, Workers: 4
[4983.000s][debug][gc,phases      ] GC(299)     Dead                           Min: 0, Avg:  0.0, Max: 0, Diff: 0, Sum: 0, Workers: 4
[4983.000s][debug][gc,phases      ] GC(299)     Total                          Min: 0, Avg:  0.0, Max: 0, Diff: 0, Sum: 0, Workers: 4
[4983.000s][debug][gc,phases      ] GC(299)   Weak JFR Old Object Samples    Min:  0.0, Avg:  0.0, Max:  0.0, Diff:  0.0, Sum:  0.0, Workers: 4
[4983.000s][debug][gc,phases      ] GC(299)     Dead                           Min: 0, Avg:  0.0, Max: 0, Diff: 0, Sum: 0, Workers: 4
[4983.000s][debug][gc,phases      ] GC(299)     Total                          Min: 0, Avg:  0.0, Max: 0, Diff: 0, Sum: 0, Workers: 4
[4983.000s][debug][gc,phases      ] GC(299) Weak Processing 0.353ms
[4983.000s][debug][gc,age         ] GC(299) Desired survivor size 149422080 bytes, new threshold 15 (max threshold 15)
[4983.000s][info ][gc,heap        ] GC(299) PSYoungGen: 1875648K(1937408K)->99952K(1951232K) Eden: 1783808K(1783808K)->0K(1803264K) From: 91840K(153600K)->99952K(147968K)
[4983.000s][info ][gc,heap        ] GC(299) ParOldGen: 821726K(1048576K)->821726K(1048576K)
[4983.000s][info ][gc,metaspace   ] GC(299) Metaspace: 85761K(86784K)->85761K(86784K) NonClass: 73939K(74496K)->73939K(74496K) Class: 11822K(12288K)->11822K(12288K)
[4983.000s][info ][gc             ] GC(299) Pause Young (Allocation Failure) 2634M->900M(2929M) 40.623ms
[4983.000s][info ][gc,cpu         ] GC(299) User=0.17s Sys=0.00s Real=0.04s
[4983.000s][info ][safepoint      ] Safepoint "ParallelGCFailedAllocation", Time since last: 875143707 ns, Reaching safepoint: 124003 ns, At safepoint: 40745839 ns, Total: 40869842 ns
[4984.001s][info ][safepoint      ] Safepoint "Cleanup", Time since last: 1000082792 ns, Reaching safepoint: 105903 ns, At safepoint: 15500 ns, Total: 121403 ns
[4988.001s][info ][safepoint      ] Safepoint "Cleanup", Time since last: 4000307668 ns, Reaching safepoint: 53302 ns, At safepoint: 4400 ns, Total: 57702 ns
[4989.196s][info ][gc,start       ] GC(300) Pause Young (Allocation Failure)
[4989.239s][debug][gc,phases      ] GC(300) Scavenge 42.327ms
[4989.239s][debug][gc,ref         ] GC(300) Skipped phase 1 of Reference Processing: no references
[4989.239s][debug][gc,ref         ] GC(300) ReferenceProcessor::execute queues: 1, RefProcThreadModel::Single, marks_oops_alive: false
[4989.239s][debug][gc,ref         ] GC(300) Skipped phase 3 of Reference Processing: no references
[4989.239s][debug][gc,ref         ] GC(300) ReferenceProcessor::execute queues: 1, RefProcThreadModel::Single, marks_oops_alive: false
[4989.239s][debug][gc,phases      ] GC(300) Reference Processing 0.122ms
[4989.239s][debug][gc,phases      ] GC(300)   VM Weak                        Min:  0.0, Avg:  0.0, Max:  0.0, Diff:  0.0, Sum:  0.0, Workers: 4
[4989.239s][debug][gc,phases      ] GC(300)     Dead                           Min: 0, Avg:  0.0, Max: 0, Diff: 0, Sum: 0, Workers: 4
[4989.239s][debug][gc,phases      ] GC(300)     Total                          Min: 0, Avg: 151.2, Max: 605, Diff: 605, Sum: 605, Workers: 4
[4989.239s][debug][gc,phases      ] GC(300)   ObjectSynchronizer Weak        Min:  0.0, Avg:  0.0, Max:  0.0, Diff:  0.0, Sum:  0.0, Workers: 4
[4989.239s][debug][gc,phases      ] GC(300)     Dead                           Min: 0, Avg:  0.0, Max: 0, Diff: 0, Sum: 0, Workers: 4
[4989.239s][debug][gc,phases      ] GC(300)     Total                          Min: 0, Avg: 119.5, Max: 286, Diff: 286, Sum: 478, Workers: 4
[4989.239s][debug][gc,phases      ] GC(300)   JVMTI Tag Weak OopStorage      Min:  0.0, Avg:  0.0, Max:  0.0, Diff:  0.0, Sum:  0.0, Workers: 4
[4989.239s][debug][gc,phases      ] GC(300)     Dead                           Min: 0, Avg:  0.0, Max: 0, Diff: 0, Sum: 0, Workers: 4
[4989.239s][debug][gc,phases      ] GC(300)     Total                          Min: 0, Avg:  0.0, Max: 0, Diff: 0, Sum: 0, Workers: 4
[4989.239s][debug][gc,phases      ] GC(300)   StringTable Weak               Min:  0.1, Avg:  0.1, Max:  0.1, Diff:  0.0, Sum:  0.5, Workers: 4
