[0.004s][info][gc] Using Parallel
[0.005s][info][gc,init] Version: 17.0.1+12-LTS (release)
[0.005s][info][gc,init] CPUs: 8 total, 8 available
[0.005s][info][gc,init] Memory: 32117M
[0.005s][info][gc,init] Large Page Support: Disabled
[0.005s][info][gc,init] NUMA Support: Disabled
[0.005s][info][gc,init] Compressed Oops: Enabled (Zero based)
[0.005s][info][gc,init] Alignments: Space 512K, Generation 512K, Heap 2M
[0.005s][info][gc,init] Heap Min Capacity: 2054M
[0.005s][info][gc,init] Heap Initial Capacity: 2054M
[0.005s][info][gc,init] Heap Max Capacity: 3G
[0.005s][info][gc,init] Pre-touch: Disabled
[0.005s][info][gc,init] Parallel Workers: 4
[0.005s][info][gc,metaspace] CDS archive(s) not mapped
[0.005s][info][gc,metaspace] Compressed class space mapped at: 0x0000000800000000-0x0000000840000000, reserved size: 1073741824
[0.005s][info][gc,metaspace] Narrow klass base: 0x0000000800000000, Narrow klass shift: 0, Narrow klass range: 0x40000000
[0.696s][info][safepoint   ] Safepoint "ICBufferFull", Time since last: 673714535 ns, Reaching safepoint: 139808 ns, At safepoint: 7201 ns, Total: 147009 ns
[0.974s][info][safepoint   ] Safepoint "ICBufferFull", Time since last: 278361159 ns, Reaching safepoint: 213812 ns, At safepoint: 8401 ns, Total: 222213 ns
[1.116s][info][gc,start    ] GC(0) Pause Young (Metadata GC Threshold)
[1.126s][debug][gc,phases   ] GC(0) Scavenge 9.524ms
[1.126s][debug][gc,ref      ] GC(0) Skipped phase 1 of Reference Processing: no references
[1.126s][debug][gc,ref      ] GC(0) ReferenceProcessor::execute queues: 1, RefProcThreadModel::Single, marks_oops_alive: false
[1.126s][debug][gc,ref      ] GC(0) Skipped phase 3 of Reference Processing: no references
[1.126s][debug][gc,ref      ] GC(0) ReferenceProcessor::execute queues: 1, RefProcThreadModel::Single, marks_oops_alive: false
[1.126s][debug][gc,phases   ] GC(0) Reference Processing 0.214ms
[1.126s][debug][gc,phases   ] GC(0)   VM Weak                        Min:  0.0, Avg:  0.0, Max:  0.0, Diff:  0.0, Sum:  0.0, Workers: 4
[1.126s][debug][gc,phases   ] GC(0)     Dead                           Min: 0, Avg:  0.0, Max: 0, Diff: 0, Sum: 0, Workers: 4
[1.126s][debug][gc,phases   ] GC(0)     Total                          Min: 0, Avg: 30.2, Max: 121, Diff: 121, Sum: 121, Workers: 4
[1.126s][debug][gc,phases   ] GC(0)   ObjectSynchronizer Weak        Min:  0.0, Avg:  0.0, Max:  0.0, Diff:  0.0, Sum:  0.0, Workers: 4
[1.126s][debug][gc,phases   ] GC(0)     Dead                           Min: 0, Avg:  0.0, Max: 0, Diff: 0, Sum: 0, Workers: 4
[1.126s][debug][gc,phases   ] GC(0)     Total                          Min: 0, Avg:  0.8, Max: 3, Diff: 3, Sum: 3, Workers: 4
[1.126s][debug][gc,phases   ] GC(0)   JVMTI Tag Weak OopStorage      Min:  0.0, Avg:  0.0, Max:  0.0, Diff:  0.0, Sum:  0.0, Workers: 4
[1.126s][debug][gc,phases   ] GC(0)     Dead                           Min: 0, Avg:  0.0, Max: 0, Diff: 0, Sum: 0, Workers: 4
[1.126s][debug][gc,phases   ] GC(0)     Total                          Min: 0, Avg:  0.0, Max: 0, Diff: 0, Sum: 0, Workers: 4
[1.126s][debug][gc,phases   ] GC(0)   StringTable Weak               Min:  0.1, Avg:  0.1, Max:  0.1, Diff:  0.0, Sum:  0.3, Workers: 4
[1.126s][debug][gc,phases   ] GC(0)     Dead                           Min: 2, Avg:  7.0, Max: 11, Diff: 9, Sum: 28, Workers: 4
[1.126s][debug][gc,phases   ] GC(0)     Total                          Min: 2112, Avg: 2886.8, Max: 3291, Diff: 1179, Sum: 11547, Workers: 4
[1.126s][debug][gc,phases   ] GC(0)   ResolvedMethodTable Weak       Min:  0.0, Avg:  0.0, Max:  0.0, Diff:  0.0, Sum:  0.0, Workers: 4
[1.126s][debug][gc,phases   ] GC(0)     Dead                           Min: 2, Avg: 12.5, Max: 26, Diff: 24, Sum: 50, Workers: 4
[1.126s][debug][gc,phases   ] GC(0)     Total                          Min: 88, Avg: 166.0, Max: 192, Diff: 104, Sum: 664, Workers: 4
[1.126s][debug][gc,phases   ] GC(0)   JNI Weak                       Min:  0.0, Avg:  0.0, Max:  0.0, Diff:  0.0, Sum:  0.0, Workers: 4
[1.126s][debug][gc,phases   ] GC(0)     Dead                           Min: 0, Avg:  0.0, Max: 0, Diff: 0, Sum: 0, Workers: 4
[1.126s][debug][gc,phases   ] GC(0)     Total                          Min: 0, Avg:  0.0, Max: 0, Diff: 0, Sum: 0, Workers: 4
[1.126s][debug][gc,phases   ] GC(0)   StringDedup Table Weak         Min:  0.0, Avg:  0.0, Max:  0.0, Diff:  0.0, Sum:  0.0, Workers: 4
[1.126s][debug][gc,phases   ] GC(0)     Dead                           Min: 0, Avg:  0.0, Max: 0, Diff: 0, Sum: 0, Workers: 4
[1.126s][debug][gc,phases   ] GC(0)     Total                          Min: 0, Avg:  0.0, Max: 0, Diff: 0, Sum: 0, Workers: 4
[1.126s][debug][gc,phases   ] GC(0)   StringDedup Requests0 Weak     Min:  0.0, Avg:  0.0, Max:  0.0, Diff:  0.0, Sum:  0.0, Workers: 4
[1.126s][debug][gc,phases   ] GC(0)     Dead                           Min: 0, Avg:  0.0, Max: 0, Diff: 0, Sum: 0, Workers: 4
[1.126s][debug][gc,phases   ] GC(0)     Total                          Min: 0, Avg:  0.0, Max: 0, Diff: 0, Sum: 0, Workers: 4
[1.126s][debug][gc,phases   ] GC(0)   StringDedup Requests1 Weak     Min:  0.0, Avg:  0.0, Max:  0.0, Diff:  0.0, Sum:  0.0, Workers: 4
[1.126s][debug][gc,phases   ] GC(0)     Dead                           Min: 0, Avg:  0.0, Max: 0, Diff: 0, Sum: 0, Workers: 4
[1.126s][debug][gc,phases   ] GC(0)     Total                          Min: 0, Avg:  0.0, Max: 0, Diff: 0, Sum: 0, Workers: 4
[1.126s][debug][gc,phases   ] GC(0)   Weak JFR Old Object Samples    Min:  0.0, Avg:  0.0, Max:  0.0, Diff:  0.0, Sum:  0.0, Workers: 4
[1.126s][debug][gc,phases   ] GC(0)     Dead                           Min: 0, Avg:  0.0, Max: 0, Diff: 0, Sum: 0, Workers: 4
[1.126s][debug][gc,phases   ] GC(0)     Total                          Min: 0, Avg:  0.0, Max: 0, Diff: 0, Sum: 0, Workers: 4
[1.126s][debug][gc,phases   ] GC(0) Weak Processing 0.296ms
[1.126s][debug][gc,age      ] GC(0) Desired survivor size 536870912 bytes, new threshold 7 (max threshold 15)
[1.126s][info ][gc,heap     ] GC(0) PSYoungGen: 262009K(1572864K)->26997K(1572864K) Eden: 262009K(1048576K)->0K(1048576K) From: 0K(524288K)->26997K(524288K)
[1.126s][info ][gc,heap     ] GC(0) ParOldGen: 0K(6144K)->88K(6144K)
[1.126s][info ][gc,metaspace] GC(0) Metaspace: 21317K(21504K)->21317K(21504K) NonClass: 18868K(18944K)->18868K(18944K) Class: 2448K(2560K)->2448K(2560K)
[1.126s][info ][gc          ] GC(0) Pause Young (Metadata GC Threshold) 255M->26M(1542M) 10.438ms
[1.126s][info ][gc,cpu      ] GC(0) User=0.04s Sys=0.01s Real=0.01s
[1.126s][debug][gc,phases   ] GC(1) Pre Compact 0.010ms
[1.126s][info ][gc,start    ] GC(1) Pause Full (Metadata GC Threshold)
[1.126s][info ][gc,phases,start] GC(1) Marking Phase
[1.131s][debug][gc,phases      ] GC(1) Par Mark 4.439ms
[1.131s][debug][gc,ref         ] GC(1) Skipped phase 1 of Reference Processing: no references
[1.131s][debug][gc,ref         ] GC(1) ReferenceProcessor::execute queues: 1, RefProcThreadModel::Single, marks_oops_alive: false
[1.131s][debug][gc,ref         ] GC(1) Skipped phase 3 of Reference Processing: no references
[1.131s][debug][gc,ref         ] GC(1) ReferenceProcessor::execute queues: 1, RefProcThreadModel::Single, marks_oops_alive: false
[1.131s][debug][gc,phases      ] GC(1) Reference Processing 0.075ms
[1.131s][debug][gc,phases      ] GC(1)   VM Weak                        Min:  0.0, Avg:  0.0, Max:  0.0, Diff:  0.0, Sum:  0.0, Workers: 4
[1.131s][debug][gc,phases      ] GC(1)     Dead                           Min: 0, Avg:  0.0, Max: 0, Diff: 0, Sum: 0, Workers: 4
[1.131s][debug][gc,phases      ] GC(1)     Total                          Min: 0, Avg: 30.2, Max: 121, Diff: 121, Sum: 121, Workers: 4
[1.131s][debug][gc,phases      ] GC(1)   ObjectSynchronizer Weak        Min:  0.0, Avg:  0.0, Max:  0.0, Diff:  0.0, Sum:  0.0, Workers: 4
[1.131s][debug][gc,phases      ] GC(1)     Dead                           Min: 0, Avg:  0.0, Max: 0, Diff: 0, Sum: 0, Workers: 4
[1.131s][debug][gc,phases      ] GC(1)     Total                          Min: 0, Avg:  0.8, Max: 3, Diff: 3, Sum: 3, Workers: 4
[1.131s][debug][gc,phases      ] GC(1)   JVMTI Tag Weak OopStorage      Min:  0.0, Avg:  0.0, Max:  0.0, Diff:  0.0, Sum:  0.0, Workers: 4
[1.131s][debug][gc,phases      ] GC(1)     Dead                           Min: 0, Avg:  0.0, Max: 0, Diff: 0, Sum: 0, Workers: 4
[1.131s][debug][gc,phases      ] GC(1)     Total                          Min: 0, Avg:  0.0, Max: 0, Diff: 0, Sum: 0, Workers: 4
[1.131s][debug][gc,phases      ] GC(1)   StringTable Weak               Min:  0.0, Avg:  0.0, Max:  0.0, Diff:  0.0, Sum:  0.1, Workers: 4
[1.131s][debug][gc,phases      ] GC(1)     Dead                           Min: 0, Avg:  0.0, Max: 0, Diff: 0, Sum: 0, Workers: 4
[1.131s][debug][gc,phases      ] GC(1)     Total                          Min: 2432, Avg: 2886.8, Max: 3547, Diff: 1115, Sum: 11547, Workers: 4
[1.131s][debug][gc,phases      ] GC(1)   ResolvedMethodTable Weak       Min:  0.0, Avg:  0.0, Max:  0.0, Diff:  0.0, Sum:  0.0, Workers: 4
[1.131s][debug][gc,phases      ] GC(1)     Dead                           Min: 0, Avg:  0.0, Max: 0, Diff: 0, Sum: 0, Workers: 4
[1.131s][debug][gc,phases      ] GC(1)     Total                          Min: 128, Avg: 166.0, Max: 192, Diff: 64, Sum: 664, Workers: 4
[1.131s][debug][gc,phases      ] GC(1)   JNI Weak                       Min:  0.0, Avg:  0.0, Max:  0.0, Diff:  0.0, Sum:  0.0, Workers: 4
[1.131s][debug][gc,phases      ] GC(1)     Dead                           Min: 0, Avg:  0.0, Max: 0, Diff: 0, Sum: 0, Workers: 4
[1.131s][debug][gc,phases      ] GC(1)     Total                          Min: 0, Avg:  0.0, Max: 0, Diff: 0, Sum: 0, Workers: 4
[1.131s][debug][gc,phases      ] GC(1)   StringDedup Table Weak         Min:  0.0, Avg:  0.0, Max:  0.0, Diff:  0.0, Sum:  0.0, Workers: 4
[1.131s][debug][gc,phases      ] GC(1)     Dead                           Min: 0, Avg:  0.0, Max: 0, Diff: 0, Sum: 0, Workers: 4
[1.131s][debug][gc,phases      ] GC(1)     Total                          Min: 0, Avg:  0.0, Max: 0, Diff: 0, Sum: 0, Workers: 4
[1.131s][debug][gc,phases      ] GC(1)   StringDedup Requests0 Weak     Min:  0.0, Avg:  0.0, Max:  0.0, Diff:  0.0, Sum:  0.0, Workers: 4
[1.131s][debug][gc,phases      ] GC(1)     Dead                           Min: 0, Avg:  0.0, Max: 0, Diff: 0, Sum: 0, Workers: 4
[1.131s][debug][gc,phases      ] GC(1)     Total                          Min: 0, Avg:  0.0, Max: 0, Diff: 0, Sum: 0, Workers: 4
[1.131s][debug][gc,phases      ] GC(1)   StringDedup Requests1 Weak     Min:  0.0, Avg:  0.0, Max:  0.0, Diff:  0.0, Sum:  0.0, Workers: 4
[1.131s][debug][gc,phases      ] GC(1)     Dead                           Min: 0, Avg:  0.0, Max: 0, Diff: 0, Sum: 0, Workers: 4
[1.131s][debug][gc,phases      ] GC(1)     Total                          Min: 0, Avg:  0.0, Max: 0, Diff: 0, Sum: 0, Workers: 4
[1.131s][debug][gc,phases      ] GC(1)   Weak JFR Old Object Samples    Min:  0.0, Avg:  0.0, Max:  0.0, Diff:  0.0, Sum:  0.0, Workers: 4
[1.131s][debug][gc,phases      ] GC(1)     Dead                           Min: 0, Avg:  0.0, Max: 0, Diff: 0, Sum: 0, Workers: 4
[1.131s][debug][gc,phases      ] GC(1)     Total                          Min: 0, Avg:  0.0, Max: 0, Diff: 0, Sum: 0, Workers: 4
[1.131s][debug][gc,phases      ] GC(1) Weak Processing 0.267ms
[1.131s][debug][gc,phases      ] GC(1) ClassLoaderData 0.013ms
[1.131s][debug][gc,phases      ] GC(1) Trigger cleanups 0.000ms
[1.133s][debug][gc,phases      ] GC(1) Class Unloading 1.956ms
[1.133s][info ][gc,phases      ] GC(1) Marking Phase 6.815ms
[1.133s][info ][gc,phases,start] GC(1) Summary Phase
[1.133s][info ][gc,phases      ] GC(1) Summary Phase 0.006ms
[1.133s][info ][gc,phases,start] GC(1) Adjust Roots
[1.136s][info ][gc,phases      ] GC(1) Adjust Roots 2.606ms
[1.136s][info ][gc,phases,start] GC(1) Compaction Phase
[1.146s][info ][gc,phases      ] GC(1) Compaction Phase 9.936ms
[1.146s][info ][gc,phases,start] GC(1) Post Compact
[1.146s][info ][gc,phases      ] GC(1) Post Compact 0.504ms
[1.146s][info ][gc,heap        ] GC(1) PSYoungGen: 26997K(1572864K)->21309K(1572864K) Eden: 0K(1048576K)->0K(1048576K) From: 26997K(524288K)->21309K(524288K)
[1.146s][info ][gc,heap        ] GC(1) ParOldGen: 88K(6144K)->5653K(6144K)
[1.146s][info ][gc,metaspace   ] GC(1) Metaspace: 21317K(21504K)->21317K(21504K) NonClass: 18868K(18944K)->18868K(18944K) Class: 2448K(2560K)->2448K(2560K)
[1.146s][info ][gc             ] GC(1) Pause Full (Metadata GC Threshold) 26M->26M(1542M) 19.999ms
[1.146s][info ][gc,cpu         ] GC(1) User=0.06s Sys=0.01s Real=0.02s
[1.146s][info ][safepoint      ] Safepoint "CollectForMetadataAllocation", Time since last: 141301455 ns, Reaching safepoint: 179610 ns, At safepoint: 30563608 ns, Total: 30743218 ns
[1.463s][info ][safepoint      ] Safepoint "ICBufferFull", Time since last: 316887636 ns, Reaching safepoint: 112607 ns, At safepoint: 5400 ns, Total: 118007 ns
[1.477s][info ][safepoint      ] Safepoint "ICBufferFull", Time since last: 13602705 ns, Reaching safepoint: 27601 ns, At safepoint: 2300 ns, Total: 29901 ns
[1.496s][info ][safepoint      ] Safepoint "ICBufferFull", Time since last: 18930420 ns, Reaching safepoint: 68204 ns, At safepoint: 2400 ns, Total: 70604 ns
[1.582s][info ][safepoint      ] Safepoint "ICBufferFull", Time since last: 85869177 ns, Reaching safepoint: 147209 ns, At safepoint: 14201 ns, Total: 161410 ns
[1.691s][info ][safepoint      ] Safepoint "ICBufferFull", Time since last: 108445612 ns, Reaching safepoint: 159309 ns, At safepoint: 10701 ns, Total: 170010 ns
[1.864s][info ][safepoint      ] Safepoint "ICBufferFull", Time since last: 173662668 ns, Reaching safepoint: 189712 ns, At safepoint: 2300 ns, Total: 192012 ns
[2.049s][info ][safepoint      ] Safepoint "ICBufferFull", Time since last: 184709221 ns, Reaching safepoint: 150009 ns, At safepoint: 8100 ns, Total: 158109 ns
[2.251s][info ][gc,start       ] GC(2) Pause Young (Metadata GC Threshold)
[2.279s][debug][gc,phases      ] GC(2) Scavenge 27.999ms
[2.279s][debug][gc,ref         ] GC(2) Skipped phase 1 of Reference Processing: no references
[2.279s][debug][gc,ref         ] GC(2) ReferenceProcessor::execute queues: 2, RefProcThreadModel::Multi, marks_oops_alive: false
[2.279s][debug][gc,ref         ] GC(2) Skipped phase 3 of Reference Processing: no references
[2.279s][debug][gc,ref         ] GC(2) ReferenceProcessor::execute queues: 1, RefProcThreadModel::Single, marks_oops_alive: false
[2.279s][debug][gc,phases      ] GC(2) Reference Processing 0.317ms
[2.279s][debug][gc,phases      ] GC(2)   VM Weak                        Min:  0.0, Avg:  0.0, Max:  0.0, Diff:  0.0, Sum:  0.0, Workers: 4
[2.279s][debug][gc,phases      ] GC(2)     Dead                           Min: 0, Avg:  0.0, Max: 0, Diff: 0, Sum: 0, Workers: 4
[2.279s][debug][gc,phases      ] GC(2)     Total                          Min: 0, Avg: 60.0, Max: 240, Diff: 240, Sum: 240, Workers: 4
[2.279s][debug][gc,phases      ] GC(2)   ObjectSynchronizer Weak        Min:  0.0, Avg:  0.0, Max:  0.0, Diff:  0.0, Sum:  0.0, Workers: 4
[2.279s][debug][gc,phases      ] GC(2)     Dead                           Min: 0, Avg:  0.2, Max: 1, Diff: 1, Sum: 1, Workers: 4
[2.279s][debug][gc,phases      ] GC(2)     Total                          Min: 0, Avg:  2.2, Max: 9, Diff: 9, Sum: 9, Workers: 4
[2.279s][debug][gc,phases      ] GC(2)   JVMTI Tag Weak OopStorage      Min:  0.0, Avg:  0.0, Max:  0.0, Diff:  0.0, Sum:  0.0, Workers: 4
[2.279s][debug][gc,phases      ] GC(2)     Dead                           Min: 0, Avg:  0.0, Max: 0, Diff: 0, Sum: 0, Workers: 4
[2.279s][debug][gc,phases      ] GC(2)     Total                          Min: 0, Avg:  0.0, Max: 0, Diff: 0, Sum: 0, Workers: 4
[2.279s][debug][gc,phases      ] GC(2)   StringTable Weak               Min:  0.1, Avg:  0.1, Max:  0.2, Diff:  0.0, Sum:  0.6, Workers: 4
[2.279s][debug][gc,phases      ] GC(2)     Dead                           Min: 1, Avg:  5.8, Max: 13, Diff: 12, Sum: 23, Workers: 4
[2.279s][debug][gc,phases      ] GC(2)     Total                          Min: 3968, Avg: 4955.8, Max: 6400, Diff: 2432, Sum: 19823, Workers: 4
[2.279s][debug][gc,phases      ] GC(2)   ResolvedMethodTable Weak       Min:  0.0, Avg:  0.0, Max:  0.0, Diff:  0.0, Sum:  0.1, Workers: 4
[2.279s][debug][gc,phases      ] GC(2)     Dead                           Min: 7, Avg: 15.2, Max: 34, Diff: 27, Sum: 61, Workers: 4
[2.279s][debug][gc,phases      ] GC(2)     Total                          Min: 256, Avg: 457.5, Max: 703, Diff: 447, Sum: 1830, Workers: 4
[2.279s][debug][gc,phases      ] GC(2)   JNI Weak                       Min:  0.0, Avg:  0.0, Max:  0.0, Diff:  0.0, Sum:  0.0, Workers: 4
[2.279s][debug][gc,phases      ] GC(2)     Dead                           Min: 0, Avg:  0.0, Max: 0, Diff: 0, Sum: 0, Workers: 4
[2.279s][debug][gc,phases      ] GC(2)     Total                          Min: 0, Avg:  0.0, Max: 0, Diff: 0, Sum: 0, Workers: 4
[2.279s][debug][gc,phases      ] GC(2)   StringDedup Table Weak         Min:  0.0, Avg:  0.0, Max:  0.0, Diff:  0.0, Sum:  0.0, Workers: 4
[2.279s][debug][gc,phases      ] GC(2)     Dead                           Min: 0, Avg:  0.0, Max: 0, Diff: 0, Sum: 0, Workers: 4
[2.279s][debug][gc,phases      ] GC(2)     Total                          Min: 0, Avg:  0.0, Max: 0, Diff: 0, Sum: 0, Workers: 4
[2.279s][debug][gc,phases      ] GC(2)   StringDedup Requests0 Weak     Min:  0.0, Avg:  0.0, Max:  0.0, Diff:  0.0, Sum:  0.0, Workers: 4
[2.279s][debug][gc,phases      ] GC(2)     Dead                           Min: 0, Avg:  0.0, Max: 0, Diff: 0, Sum: 0, Workers: 4
[2.279s][debug][gc,phases      ] GC(2)     Total                          Min: 0, Avg:  0.0, Max: 0, Diff: 0, Sum: 0, Workers: 4
[2.279s][debug][gc,phases      ] GC(2)   StringDedup Requests1 Weak     Min:  0.0, Avg:  0.0, Max:  0.0, Diff:  0.0, Sum:  0.0, Workers: 4
[2.279s][debug][gc,phases      ] GC(2)     Dead                           Min: 0, Avg:  0.0, Max: 0, Diff: 0, Sum: 0, Workers: 4
[2.279s][debug][gc,phases      ] GC(2)     Total                          Min: 0, Avg:  0.0, Max: 0, Diff: 0, Sum: 0, Workers: 4
[2.279s][debug][gc,phases      ] GC(2)   Weak JFR Old Object Samples    Min:  0.0, Avg:  0.0, Max:  0.0, Diff:  0.0, Sum:  0.0, Workers: 4
[2.279s][debug][gc,phases      ] GC(2)     Dead                           Min: 0, Avg:  0.0, Max: 0, Diff: 0, Sum: 0, Workers: 4
[2.279s][debug][gc,phases      ] GC(2)     Total                          Min: 0, Avg:  0.0, Max: 0, Diff: 0, Sum: 0, Workers: 4
[2.279s][debug][gc,phases      ] GC(2) Weak Processing 0.364ms
[2.279s][debug][gc,age         ] GC(2) Desired survivor size 536870912 bytes, new threshold 7 (max threshold 15)
[2.279s][info ][gc,heap        ] GC(2) PSYoungGen: 466956K(1572864K)->56365K(1572864K) Eden: 445646K(1048576K)->0K(1048576K) From: 21309K(524288K)->56365K(524288K)
[2.279s][info ][gc,heap        ] GC(2) ParOldGen: 5653K(6144K)->5661K(6144K)
[2.279s][info ][gc,metaspace   ] GC(2) Metaspace: 35484K(35840K)->35484K(35840K) NonClass: 31019K(31168K)->31019K(31168K) Class: 4465K(4672K)->4465K(4672K)
[2.280s][info ][gc             ] GC(2) Pause Young (Metadata GC Threshold) 461M->60M(1542M) 28.811ms
[2.280s][info ][gc,cpu         ] GC(2) User=0.09s Sys=0.03s Real=0.03s
[2.280s][debug][gc,phases      ] GC(3) Pre Compact 0.008ms
[2.280s][info ][gc,start       ] GC(3) Pause Full (Metadata GC Threshold)
[2.280s][info ][gc,phases,start] GC(3) Marking Phase
[2.297s][debug][gc,phases      ] GC(3) Par Mark 17.108ms
[2.297s][debug][gc,ref         ] GC(3) Skipped phase 1 of Reference Processing: no references
[2.297s][debug][gc,ref         ] GC(3) ReferenceProcessor::execute queues: 2, RefProcThreadModel::Multi, marks_oops_alive: false
[2.297s][debug][gc,ref         ] GC(3) Skipped phase 3 of Reference Processing: no references
[2.297s][debug][gc,ref         ] GC(3) ReferenceProcessor::execute queues: 1, RefProcThreadModel::Single, marks_oops_alive: false
[2.297s][debug][gc,phases      ] GC(3) Reference Processing 0.151ms
[2.297s][debug][gc,phases      ] GC(3)   VM Weak                        Min:  0.0, Avg:  0.0, Max:  0.0, Diff:  0.0, Sum:  0.0, Workers: 4
[2.297s][debug][gc,phases      ] GC(3)     Dead                           Min: 0, Avg:  0.0, Max: 0, Diff: 0, Sum: 0, Workers: 4
[2.297s][debug][gc,phases      ] GC(3)     Total                          Min: 0, Avg: 60.0, Max: 192, Diff: 192, Sum: 240, Workers: 4
[2.297s][debug][gc,phases      ] GC(3)   ObjectSynchronizer Weak        Min:  0.0, Avg:  0.0, Max:  0.0, Diff:  0.0, Sum:  0.0, Workers: 4
[2.297s][debug][gc,phases      ] GC(3)     Dead                           Min: 0, Avg:  0.0, Max: 0, Diff: 0, Sum: 0, Workers: 4
[2.297s][debug][gc,phases      ] GC(3)     Total                          Min: 0, Avg:  2.2, Max: 9, Diff: 9, Sum: 9, Workers: 4
[2.297s][debug][gc,phases      ] GC(3)   JVMTI Tag Weak OopStorage      Min:  0.0, Avg:  0.0, Max:  0.0, Diff:  0.0, Sum:  0.0, Workers: 4
[2.297s][debug][gc,phases      ] GC(3)     Dead                           Min: 0, Avg:  0.0, Max: 0, Diff: 0, Sum: 0, Workers: 4
[2.297s][debug][gc,phases      ] GC(3)     Total                          Min: 0, Avg:  0.0, Max: 0, Diff: 0, Sum: 0, Workers: 4
[2.297s][debug][gc,phases      ] GC(3)   StringTable Weak               Min:  0.1, Avg:  0.1, Max:  0.1, Diff:  0.0, Sum:  0.2, Workers: 4
[2.297s][debug][gc,phases      ] GC(3)     Dead                           Min: 0, Avg:  0.5, Max: 2, Diff: 2, Sum: 2, Workers: 4
[2.297s][debug][gc,phases      ] GC(3)     Total                          Min: 4032, Avg: 4955.8, Max: 6319, Diff: 2287, Sum: 19823, Workers: 4
[2.297s][debug][gc,phases      ] GC(3)   ResolvedMethodTable Weak       Min:  0.0, Avg:  0.0, Max:  0.0, Diff:  0.0, Sum:  0.0, Workers: 4
[2.297s][debug][gc,phases      ] GC(3)     Dead                           Min: 0, Avg:  0.0, Max: 0, Diff: 0, Sum: 0, Workers: 4
[2.297s][debug][gc,phases      ] GC(3)     Total                          Min: 384, Avg: 457.5, Max: 551, Diff: 167, Sum: 1830, Workers: 4
[2.297s][debug][gc,phases      ] GC(3)   JNI Weak                       Min:  0.0, Avg:  0.0, Max:  0.0, Diff:  0.0, Sum:  0.0, Workers: 4
[2.297s][debug][gc,phases      ] GC(3)     Dead                           Min: 0, Avg:  0.0, Max: 0, Diff: 0, Sum: 0, Workers: 4
[2.297s][debug][gc,phases      ] GC(3)     Total                          Min: 0, Avg:  0.0, Max: 0, Diff: 0, Sum: 0, Workers: 4
[2.297s][debug][gc,phases      ] GC(3)   StringDedup Table Weak         Min:  0.0, Avg:  0.0, Max:  0.0, Diff:  0.0, Sum:  0.0, Workers: 4
[2.297s][debug][gc,phases      ] GC(3)     Dead                           Min: 0, Avg:  0.0, Max: 0, Diff: 0, Sum: 0, Workers: 4
[2.297s][debug][gc,phases      ] GC(3)     Total                          Min: 0, Avg:  0.0, Max: 0, Diff: 0, Sum: 0, Workers: 4
[2.297s][debug][gc,phases      ] GC(3)   StringDedup Requests0 Weak     Min:  0.0, Avg:  0.0, Max:  0.0, Diff:  0.0, Sum:  0.0, Workers: 4
[2.297s][debug][gc,phases      ] GC(3)     Dead                           Min: 0, Avg:  0.0, Max: 0, Diff: 0, Sum: 0, Workers: 4
[2.297s][debug][gc,phases      ] GC(3)     Total                          Min: 0, Avg:  0.0, Max: 0, Diff: 0, Sum: 0, Workers: 4
[2.297s][debug][gc,phases      ] GC(3)   StringDedup Requests1 Weak     Min:  0.0, Avg:  0.0, Max:  0.0, Diff:  0.0, Sum:  0.0, Workers: 4
[2.297s][debug][gc,phases      ] GC(3)     Dead                           Min: 0, Avg:  0.0, Max: 0, Diff: 0, Sum: 0, Workers: 4
[2.297s][debug][gc,phases      ] GC(3)     Total                          Min: 0, Avg:  0.0, Max: 0, Diff: 0, Sum: 0, Workers: 4
[2.297s][debug][gc,phases      ] GC(3)   Weak JFR Old Object Samples    Min:  0.0, Avg:  0.0, Max:  0.0, Diff:  0.0, Sum:  0.0, Workers: 4
[2.297s][debug][gc,phases      ] GC(3)     Dead                           Min: 0, Avg:  0.0, Max: 0, Diff: 0, Sum: 0, Workers: 4
[2.297s][debug][gc,phases      ] GC(3)     Total                          Min: 0, Avg:  0.0, Max: 0, Diff: 0, Sum: 0, Workers: 4
[2.297s][debug][gc,phases      ] GC(3) Weak Processing 0.286ms
[2.297s][debug][gc,phases      ] GC(3) ClassLoaderData 0.035ms
[2.297s][debug][gc,phases      ] GC(3) Trigger cleanups 0.000ms
[2.301s][debug][gc,phases      ] GC(3) Class Unloading 3.502ms
[2.301s][info ][gc,phases      ] GC(3) Marking Phase 21.149ms
[2.301s][info ][gc,phases,start] GC(3) Summary Phase
[2.301s][info ][gc,phases      ] GC(3) Summary Phase 0.006ms
[2.301s][info ][gc,phases,start] GC(3) Adjust Roots
[2.304s][info ][gc,phases      ] GC(3) Adjust Roots 3.531ms
[2.304s][info ][gc,phases,start] GC(3) Compaction Phase
[2.545s][info ][gc,phases      ] GC(3) Compaction Phase 240.697ms
[2.545s][info ][gc,phases,start] GC(3) Post Compact
[2.546s][info ][gc,phases      ] GC(3) Post Compact 0.572ms
[2.546s][info ][gc,heap        ] GC(3) PSYoungGen: 56365K(1572864K)->55716K(1572864K) Eden: 0K(1048576K)->0K(1048576K) From: 56365K(524288K)->55716K(524288K)
[2.546s][info ][gc,heap        ] GC(3) ParOldGen: 5661K(6144K)->6094K(6144K)
[2.546s][info ][gc,metaspace   ] GC(3) Metaspace: 35484K(35840K)->35484K(35840K) NonClass: 31019K(31168K)->31019K(31168K) Class: 4465K(4672K)->4465K(4672K)
[2.546s][info ][gc             ] GC(3) Pause Full (Metadata GC Threshold) 60M->60M(1542M) 266.068ms
[2.546s][info ][gc,cpu         ] GC(3) User=0.57s Sys=0.01s Real=0.27s
[2.546s][info ][safepoint      ] Safepoint "CollectForMetadataAllocation", Time since last: 201242399 ns, Reaching safepoint: 149109 ns, At safepoint: 294998843 ns, Total: 295147952 ns
[2.738s][info ][safepoint      ] Safepoint "ICBufferFull", Time since last: 192581887 ns, Reaching safepoint: 151809 ns, At safepoint: 7500 ns, Total: 159309 ns
[2.876s][info ][safepoint      ] Safepoint "ICBufferFull", Time since last: 137520832 ns, Reaching safepoint: 419724 ns, At safepoint: 10401 ns, Total: 430125 ns
[2.991s][info ][safepoint      ] Safepoint "ICBufferFull", Time since last: 114792688 ns, Reaching safepoint: 218512 ns, At safepoint: 30002 ns, Total: 248514 ns
[3.115s][info ][safepoint      ] Safepoint "ICBufferFull", Time since last: 123483001 ns, Reaching safepoint: 218813 ns, At safepoint: 31702 ns, Total: 250515 ns
[3.267s][info ][safepoint      ] Safepoint "ICBufferFull", Time since last: 151620465 ns, Reaching safepoint: 322019 ns, At safepoint: 25902 ns, Total: 347921 ns
[3.302s][info ][safepoint      ] Safepoint "ICBufferFull", Time since last: 35035071 ns, Reaching safepoint: 190212 ns, At safepoint: 27201 ns, Total: 217413 ns
[3.459s][info ][safepoint      ] Safepoint "ICBufferFull", Time since last: 156379147 ns, Reaching safepoint: 213212 ns, At safepoint: 19201 ns, Total: 232413 ns
[3.461s][info ][safepoint      ] Safepoint "ICBufferFull", Time since last: 1867411 ns, Reaching safepoint: 114707 ns, At safepoint: 24801 ns, Total: 139508 ns
[3.461s][info ][safepoint      ] Safepoint "ICBufferFull", Time since last: 56103 ns, Reaching safepoint: 97106 ns, At safepoint: 22801 ns, Total: 119907 ns
[3.461s][info ][safepoint      ] Safepoint "ICBufferFull", Time since last: 33002 ns, Reaching safepoint: 85405 ns, At safepoint: 19302 ns, Total: 104707 ns
[3.475s][info ][safepoint      ] Safepoint "ICBufferFull", Time since last: 13699210 ns, Reaching safepoint: 124707 ns, At safepoint: 24601 ns, Total: 149308 ns
[3.583s][info ][safepoint      ] Safepoint "ICBufferFull", Time since last: 104807697 ns, Reaching safepoint: 3282595 ns, At safepoint: 29901 ns, Total: 3312496 ns
[3.592s][info ][safepoint      ] Safepoint "ICBufferFull", Time since last: 8462801 ns, Reaching safepoint: 252815 ns, At safepoint: 26801 ns, Total: 279616 ns
[3.599s][info ][safepoint      ] Safepoint "ICBufferFull", Time since last: 6882407 ns, Reaching safepoint: 126608 ns, At safepoint: 37802 ns, Total: 164410 ns
[3.607s][info ][safepoint      ] Safepoint "ICBufferFull", Time since last: 8246588 ns, Reaching safepoint: 69004 ns, At safepoint: 16401 ns, Total: 85405 ns
[3.610s][info ][safepoint      ] Safepoint "ICBufferFull", Time since last: 2787964 ns, Reaching safepoint: 109407 ns, At safepoint: 27902 ns, Total: 137309 ns
[3.616s][info ][safepoint      ] Safepoint "ICBufferFull", Time since last: 5657134 ns, Reaching safepoint: 121707 ns, At safepoint: 26902 ns, Total: 148609 ns
[3.618s][info ][safepoint      ] Safepoint "ICBufferFull", Time since last: 1946215 ns, Reaching safepoint: 118407 ns, At safepoint: 22201 ns, Total: 140608 ns
[3.620s][info ][safepoint      ] Safepoint "ICBufferFull", Time since last: 1810207 ns, Reaching safepoint: 112607 ns, At safepoint: 28502 ns, Total: 141109 ns
[3.622s][info ][safepoint      ] Safepoint "ICBufferFull", Time since last: 1921213 ns, Reaching safepoint: 106806 ns, At safepoint: 21202 ns, Total: 128008 ns
[3.624s][info ][safepoint      ] Safepoint "ICBufferFull", Time since last: 1982617 ns, Reaching safepoint: 93305 ns, At safepoint: 26102 ns, Total: 119407 ns
[3.626s][info ][safepoint      ] Safepoint "ICBufferFull", Time since last: 1622896 ns, Reaching safepoint: 103906 ns, At safepoint: 22601 ns, Total: 126507 ns
[3.628s][info ][safepoint      ] Safepoint "ICBufferFull", Time since last: 1951816 ns, Reaching safepoint: 113807 ns, At safepoint: 24001 ns, Total: 137808 ns
[3.630s][info ][safepoint      ] Safepoint "ICBufferFull", Time since last: 1726902 ns, Reaching safepoint: 103806 ns, At safepoint: 20001 ns, Total: 123807 ns
[3.633s][info ][safepoint      ] Safepoint "ICBufferFull", Time since last: 3219191 ns, Reaching safepoint: 111306 ns, At safepoint: 20202 ns, Total: 131508 ns
[3.635s][info ][safepoint      ] Safepoint "ICBufferFull", Time since last: 1980817 ns, Reaching safepoint: 117207 ns, At safepoint: 24401 ns, Total: 141608 ns
[3.637s][info ][safepoint      ] Safepoint "ICBufferFull", Time since last: 1797106 ns, Reaching safepoint: 111407 ns, At safepoint: 24801 ns, Total: 136208 ns
[3.640s][info ][safepoint      ] Safepoint "ICBufferFull", Time since last: 2686659 ns, Reaching safepoint: 114607 ns, At safepoint: 22901 ns, Total: 137508 ns
[3.645s][info ][safepoint      ] Safepoint "ICBufferFull", Time since last: 4749481 ns, Reaching safepoint: 124608 ns, At safepoint: 30901 ns, Total: 155509 ns
[3.648s][info ][safepoint      ] Safepoint "ICBufferFull", Time since last: 2293636 ns, Reaching safepoint: 117407 ns, At safepoint: 27502 ns, Total: 144909 ns
[3.649s][info ][safepoint      ] Safepoint "ICBufferFull", Time since last: 1386982 ns, Reaching safepoint: 114106 ns, At safepoint: 16601 ns, Total: 130707 ns
[3.651s][info ][safepoint      ] Safepoint "ICBufferFull", Time since last: 1491789 ns, Reaching safepoint: 119807 ns, At safepoint: 23601 ns, Total: 143408 ns
[3.737s][info ][safepoint      ] Safepoint "ICBufferFull", Time since last: 85683566 ns, Reaching safepoint: 173511 ns, At safepoint: 35102 ns, Total: 208613 ns
[3.747s][info ][safepoint      ] Safepoint "ICBufferFull", Time since last: 10292508 ns, Reaching safepoint: 116507 ns, At safepoint: 22701 ns, Total: 139208 ns
[3.747s][info ][safepoint      ] Safepoint "ICBufferFull", Time since last: 60604 ns, Reaching safepoint: 88805 ns, At safepoint: 16101 ns, Total: 104906 ns
[3.763s][info ][safepoint      ] Safepoint "ICBufferFull", Time since last: 15580821 ns, Reaching safepoint: 142909 ns, At safepoint: 36702 ns, Total: 179611 ns
[3.768s][info ][safepoint      ] Safepoint "ICBufferFull", Time since last: 4587271 ns, Reaching safepoint: 116807 ns, At safepoint: 21301 ns, Total: 138108 ns
[3.778s][info ][safepoint      ] Safepoint "ICBufferFull", Time since last: 10232606 ns, Reaching safepoint: 136108 ns, At safepoint: 24001 ns, Total: 160109 ns
[3.790s][info ][safepoint      ] Safepoint "ICBufferFull", Time since last: 9718675 ns, Reaching safepoint: 2167128 ns, At safepoint: 29902 ns, Total: 2197030 ns
[3.802s][info ][safepoint      ] Safepoint "ICBufferFull", Time since last: 11601786 ns, Reaching safepoint: 127407 ns, At safepoint: 27102 ns, Total: 154509 ns
[3.811s][info ][safepoint      ] Safepoint "ICBufferFull", Time since last: 9229145 ns, Reaching safepoint: 135108 ns, At safepoint: 23602 ns, Total: 158710 ns
[3.818s][info ][safepoint      ] Safepoint "ICBufferFull", Time since last: 6419879 ns, Reaching safepoint: 128208 ns, At safepoint: 21801 ns, Total: 150009 ns
[3.826s][info ][safepoint      ] Safepoint "ICBufferFull", Time since last: 7750058 ns, Reaching safepoint: 128108 ns, At safepoint: 23701 ns, Total: 151809 ns
[3.833s][info ][safepoint      ] Safepoint "ICBufferFull", Time since last: 7087920 ns, Reaching safepoint: 288817 ns, At safepoint: 23501 ns, Total: 312318 ns
[3.840s][info ][safepoint      ] Safepoint "ICBufferFull", Time since last: 7039516 ns, Reaching safepoint: 124308 ns, At safepoint: 26901 ns, Total: 151209 ns
[3.845s][info ][safepoint      ] Safepoint "ICBufferFull", Time since last: 4832486 ns, Reaching safepoint: 122607 ns, At safepoint: 23802 ns, Total: 146409 ns
[3.851s][info ][safepoint      ] Safepoint "ICBufferFull", Time since last: 5152404 ns, Reaching safepoint: 147209 ns, At safepoint: 26902 ns, Total: 174111 ns
[3.852s][info ][safepoint      ] Safepoint "ICBufferFull", Time since last: 1311277 ns, Reaching safepoint: 115207 ns, At safepoint: 28002 ns, Total: 143209 ns
[3.858s][info ][safepoint      ] Safepoint "ICBufferFull", Time since last: 5836845 ns, Reaching safepoint: 146308 ns, At safepoint: 27202 ns, Total: 173510 ns
[3.864s][info ][safepoint      ] Safepoint "ICBufferFull", Time since last: 5449222 ns, Reaching safepoint: 211613 ns, At safepoint: 23701 ns, Total: 235314 ns
[3.869s][info ][safepoint      ] Safepoint "ICBufferFull", Time since last: 5052999 ns, Reaching safepoint: 114207 ns, At safepoint: 33402 ns, Total: 147609 ns
[3.899s][info ][safepoint      ] Safepoint "ICBufferFull", Time since last: 30271889 ns, Reaching safepoint: 259016 ns, At safepoint: 21801 ns, Total: 280817 ns
[3.909s][info ][safepoint      ] Safepoint "ICBufferFull", Time since last: 9659871 ns, Reaching safepoint: 156509 ns, At safepoint: 27202 ns, Total: 183711 ns
[3.912s][info ][safepoint      ] Safepoint "ICBufferFull", Time since last: 2662958 ns, Reaching safepoint: 183010 ns, At safepoint: 22102 ns, Total: 205112 ns
[3.916s][info ][safepoint      ] Safepoint "ICBufferFull", Time since last: 3961534 ns, Reaching safepoint: 247615 ns, At safepoint: 22301 ns, Total: 269916 ns
[3.920s][info ][safepoint      ] Safepoint "ICBufferFull", Time since last: 3660416 ns, Reaching safepoint: 100906 ns, At safepoint: 25502 ns, Total: 126408 ns
[3.925s][info ][safepoint      ] Safepoint "ICBufferFull", Time since last: 4597272 ns, Reaching safepoint: 120907 ns, At safepoint: 32602 ns, Total: 153509 ns
[3.939s][info ][safepoint      ] Safepoint "ICBufferFull", Time since last: 12282126 ns, Reaching safepoint: 2143727 ns, At safepoint: 33802 ns, Total: 2177529 ns
[3.944s][info ][safepoint      ] Safepoint "ICBufferFull", Time since last: 4449363 ns, Reaching safepoint: 107206 ns, At safepoint: 25802 ns, Total: 133008 ns
[3.958s][info ][safepoint      ] Safepoint "ICBufferFull", Time since last: 13921023 ns, Reaching safepoint: 123307 ns, At safepoint: 25901 ns, Total: 149208 ns
[3.961s][info ][safepoint      ] Safepoint "ICBufferFull", Time since last: 3123385 ns, Reaching safepoint: 116507 ns, At safepoint: 27002 ns, Total: 143509 ns
[3.962s][debug][gc,phases      ] GC(4) Pre Compact 0.027ms
[3.962s][info ][gc,start       ] GC(4) Pause Full (Ergonomics)
[3.962s][info ][gc,phases,start] GC(4) Marking Phase
[4.060s][debug][gc,phases      ] GC(4) Par Mark 97.514ms
[4.060s][debug][gc,ref         ] GC(4) Skipped phase 1 of Reference Processing: no references
[4.060s][debug][gc,ref         ] GC(4) ReferenceProcessor::execute queues: 4, RefProcThreadModel::Multi, marks_oops_alive: false
[4.061s][debug][gc,ref         ] GC(4) Skipped phase 3 of Reference Processing: no references
[4.061s][debug][gc,ref         ] GC(4) ReferenceProcessor::execute queues: 3, RefProcThreadModel::Multi, marks_oops_alive: false
[4.061s][debug][gc,phases      ] GC(4) Reference Processing 0.985ms
[4.061s][debug][gc,phases      ] GC(4)   VM Weak                        Min:  0.0, Avg:  0.0, Max:  0.0, Diff:  0.0, Sum:  0.0, Workers: 4
[4.061s][debug][gc,phases      ] GC(4)     Dead                           Min: 0, Avg:  2.2, Max: 9, Diff: 9, Sum: 9, Workers: 4
[4.061s][debug][gc,phases      ] GC(4)     Total                          Min: 0, Avg: 98.5, Max: 320, Diff: 320, Sum: 394, Workers: 4
[4.061s][debug][gc,phases      ] GC(4)   ObjectSynchronizer Weak        Min:  0.0, Avg:  0.0, Max:  0.0, Diff:  0.0, Sum:  0.0, Workers: 4
[4.061s][debug][gc,phases      ] GC(4)     Dead                           Min: 33, Avg: 77.8, Max: 127, Diff: 94, Sum: 311, Workers: 4
[4.061s][debug][gc,phases      ] GC(4)     Total                          Min: 44, Avg: 91.0, Max: 128, Diff: 84, Sum: 364, Workers: 4
[4.061s][debug][gc,phases      ] GC(4)   JVMTI Tag Weak OopStorage      Min:  0.0, Avg:  0.0, Max:  0.0, Diff:  0.0, Sum:  0.0, Workers: 4
[4.061s][debug][gc,phases      ] GC(4)     Dead                           Min: 0, Avg:  0.0, Max: 0, Diff: 0, Sum: 0, Workers: 4
[4.061s][debug][gc,phases      ] GC(4)     Total                          Min: 0, Avg:  0.0, Max: 0, Diff: 0, Sum: 0, Workers: 4
[4.061s][debug][gc,phases      ] GC(4)   StringTable Weak               Min:  0.1, Avg:  0.1, Max:  0.1, Diff:  0.0, Sum:  0.5, Workers: 4
[4.061s][debug][gc,phases      ] GC(4)     Dead                           Min: 4, Avg:  6.2, Max: 13, Diff: 9, Sum: 25, Workers: 4
[4.061s][debug][gc,phases      ] GC(4)     Total                          Min: 7808, Avg: 9225.0, Max: 10532, Diff: 2724, Sum: 36900, Workers: 4
[4.061s][debug][gc,phases      ] GC(4)   ResolvedMethodTable Weak       Min:  0.0, Avg:  0.0, Max:  0.0, Diff:  0.0, Sum:  0.1, Workers: 4
[4.061s][debug][gc,phases      ] GC(4)     Dead                           Min: 16, Avg: 29.8, Max: 44, Diff: 28, Sum: 119, Workers: 4
[4.061s][debug][gc,phases      ] GC(4)     Total                          Min: 1088, Avg: 1182.2, Max: 1280, Diff: 192, Sum: 4729, Workers: 4
[4.061s][debug][gc,phases      ] GC(4)   JNI Weak                       Min:  0.0, Avg:  0.0, Max:  0.0, Diff:  0.0, Sum:  0.0, Workers: 4
[4.061s][debug][gc,phases      ] GC(4)     Dead                           Min: 0, Avg:  0.0, Max: 0, Diff: 0, Sum: 0, Workers: 4
[4.061s][debug][gc,phases      ] GC(4)     Total                          Min: 0, Avg:  1.0, Max: 4, Diff: 4, Sum: 4, Workers: 4
[4.061s][debug][gc,phases      ] GC(4)   StringDedup Table Weak         Min:  0.0, Avg:  0.0, Max:  0.0, Diff:  0.0, Sum:  0.0, Workers: 4
[4.061s][debug][gc,phases      ] GC(4)     Dead                           Min: 0, Avg:  0.0, Max: 0, Diff: 0, Sum: 0, Workers: 4
[4.061s][debug][gc,phases      ] GC(4)     Total                          Min: 0, Avg:  0.0, Max: 0, Diff: 0, Sum: 0, Workers: 4
[4.061s][debug][gc,phases      ] GC(4)   StringDedup Requests0 Weak     Min:  0.0, Avg:  0.0, Max:  0.0, Diff:  0.0, Sum:  0.0, Workers: 4
[4.061s][debug][gc,phases      ] GC(4)     Dead                           Min: 0, Avg:  0.0, Max: 0, Diff: 0, Sum: 0, Workers: 4
[4.061s][debug][gc,phases      ] GC(4)     Total                          Min: 0, Avg:  0.0, Max: 0, Diff: 0, Sum: 0, Workers: 4
[4.061s][debug][gc,phases      ] GC(4)   StringDedup Requests1 Weak     Min:  0.0, Avg:  0.0, Max:  0.0, Diff:  0.0, Sum:  0.0, Workers: 4
[4.061s][debug][gc,phases      ] GC(4)     Dead                           Min: 0, Avg:  0.0, Max: 0, Diff: 0, Sum: 0, Workers: 4
[4.061s][debug][gc,phases      ] GC(4)     Total                          Min: 0, Avg:  0.0, Max: 0, Diff: 0, Sum: 0, Workers: 4
[4.061s][debug][gc,phases      ] GC(4)   Weak JFR Old Object Samples    Min:  0.0, Avg:  0.0, Max:  0.0, Diff:  0.0, Sum:  0.0, Workers: 4
[4.061s][debug][gc,phases      ] GC(4)     Dead                           Min: 0, Avg:  0.0, Max: 0, Diff: 0, Sum: 0, Workers: 4
[4.061s][debug][gc,phases      ] GC(4)     Total                          Min: 0, Avg:  0.0, Max: 0, Diff: 0, Sum: 0, Workers: 4
[4.061s][debug][gc,phases      ] GC(4) Weak Processing 0.351ms
[4.061s][debug][gc,phases      ] GC(4) ClassLoaderData 0.158ms
[4.061s][debug][gc,phases      ] GC(4) Trigger cleanups 0.001ms
[4.070s][debug][gc,phases      ] GC(4) Class Unloading 8.746ms
[4.070s][info ][gc,phases      ] GC(4) Marking Phase 107.766ms
[4.070s][info ][gc,phases,start] GC(4) Summary Phase
[4.070s][info ][gc,phases      ] GC(4) Summary Phase 0.026ms
[4.070s][info ][gc,phases,start] GC(4) Adjust Roots
[4.077s][info ][gc,phases      ] GC(4) Adjust Roots 7.328ms
[4.077s][info ][gc,phases,start] GC(4) Compaction Phase
[4.304s][info ][gc,phases      ] GC(4) Compaction Phase 226.136ms
[4.304s][info ][gc,phases,start] GC(4) Post Compact
[4.307s][info ][gc,phases      ] GC(4) Post Compact 3.253ms
[4.307s][info ][gc,heap        ] GC(4) PSYoungGen: 1104292K(1572864K)->165527K(1572864K) Eden: 1048576K(1048576K)->165527K(1048576K) From: 55716K(524288K)->0K(524288K)
[4.307s][info ][gc,heap        ] GC(4) ParOldGen: 6094K(6144K)->6131K(18944K)
[4.307s][info ][gc,metaspace   ] GC(4) Metaspace: 51495K(52032K)->51478K(52032K) NonClass: 43918K(44224K)->43906K(44224K) Class: 7576K(7808K)->7572K(7808K)
[4.307s][info ][gc             ] GC(4) Pause Full (Ergonomics) 1084M->167M(1554M) 344.773ms
[4.307s][info ][gc,cpu         ] GC(4) User=1.23s Sys=0.02s Real=0.35s
[4.307s][info ][safepoint      ] Safepoint "ParallelGCFailedAllocation", Time since last: 855350 ns, Reaching safepoint: 93406 ns, At safepoint: 344957996 ns, Total: 345051402 ns
[4.321s][info ][safepoint      ] Safepoint "ICBufferFull", Time since last: 13867820 ns, Reaching safepoint: 202312 ns, At safepoint: 23302 ns, Total: 225614 ns
[4.325s][info ][safepoint      ] Safepoint "ICBufferFull", Time since last: 3301695 ns, Reaching safepoint: 114007 ns, At safepoint: 21201 ns, Total: 135208 ns
[4.325s][info ][safepoint      ] Safepoint "ICBufferFull", Time since last: 62704 ns, Reaching safepoint: 101506 ns, At safepoint: 23401 ns, Total: 124907 ns
[4.333s][info ][safepoint      ] Safepoint "ICBufferFull", Time since last: 5272912 ns, Reaching safepoint: 1050262 ns, At safepoint: 1359280 ns, Total: 2409542 ns
[4.336s][info ][safepoint      ] Safepoint "ICBufferFull", Time since last: 2848169 ns, Reaching safepoint: 110506 ns, At safepoint: 29602 ns, Total: 140108 ns
[4.338s][info ][safepoint      ] Safepoint "ICBufferFull", Time since last: 2657157 ns, Reaching safepoint: 101006 ns, At safepoint: 21601 ns, Total: 122607 ns
[4.341s][info ][safepoint      ] Safepoint "ICBufferFull", Time since last: 2593554 ns, Reaching safepoint: 100606 ns, At safepoint: 26401 ns, Total: 127007 ns
[4.343s][info ][safepoint      ] Safepoint "ICBufferFull", Time since last: 1887212 ns, Reaching safepoint: 105606 ns, At safepoint: 19701 ns, Total: 125307 ns
[4.357s][info ][safepoint      ] Safepoint "ICBufferFull", Time since last: 13675309 ns, Reaching safepoint: 116707 ns, At safepoint: 28801 ns, Total: 145508 ns
[4.470s][info ][gc,start       ] GC(5) Pause Young (Allocation Failure)
[4.566s][debug][gc,phases      ] GC(5) Scavenge 95.398ms
[4.566s][debug][gc,ref         ] GC(5) Skipped phase 1 of Reference Processing: no references
[4.566s][debug][gc,ref         ] GC(5) ReferenceProcessor::execute queues: 2, RefProcThreadModel::Multi, marks_oops_alive: false
[4.566s][debug][gc,ref         ] GC(5) Skipped phase 3 of Reference Processing: no references
[4.566s][debug][gc,ref         ] GC(5) ReferenceProcessor::execute queues: 1, RefProcThreadModel::Single, marks_oops_alive: false
[4.566s][debug][gc,phases      ] GC(5) Reference Processing 0.283ms
[4.566s][debug][gc,phases      ] GC(5)   VM Weak                        Min:  0.0, Avg:  0.0, Max:  0.0, Diff:  0.0, Sum:  0.0, Workers: 4
[4.566s][debug][gc,phases      ] GC(5)     Dead                           Min: 0, Avg:  0.0, Max: 0, Diff: 0, Sum: 0, Workers: 4
[4.566s][debug][gc,phases      ] GC(5)     Total                          Min: 0, Avg: 96.8, Max: 320, Diff: 320, Sum: 387, Workers: 4
[4.566s][debug][gc,phases      ] GC(5)   ObjectSynchronizer Weak        Min:  0.0, Avg:  0.0, Max:  0.0, Diff:  0.0, Sum:  0.0, Workers: 4
[4.566s][debug][gc,phases      ] GC(5)     Dead                           Min: 0, Avg:  2.8, Max: 11, Diff: 11, Sum: 11, Workers: 4
[4.566s][debug][gc,phases      ] GC(5)     Total                          Min: 0, Avg: 94.5, Max: 186, Diff: 186, Sum: 378, Workers: 4
[4.566s][debug][gc,phases      ] GC(5)   JVMTI Tag Weak OopStorage      Min:  0.0, Avg:  0.0, Max:  0.0, Diff:  0.0, Sum:  0.0, Workers: 4
[4.566s][debug][gc,phases      ] GC(5)     Dead                           Min: 0, Avg:  0.0, Max: 0, Diff: 0, Sum: 0, Workers: 4
[4.566s][debug][gc,phases      ] GC(5)     Total                          Min: 0, Avg:  0.0, Max: 0, Diff: 0, Sum: 0, Workers: 4
[4.566s][debug][gc,phases      ] GC(5)   StringTable Weak               Min:  0.3, Avg:  0.3, Max:  0.3, Diff:  0.0, Sum:  1.2, Workers: 4
[4.566s][debug][gc,phases      ] GC(5)     Dead                           Min: 0, Avg:  4.0, Max: 15, Diff: 15, Sum: 16, Workers: 4
[4.566s][debug][gc,phases      ] GC(5)     Total                          Min: 7040, Avg: 9414.2, Max: 12672, Diff: 5632, Sum: 37657, Workers: 4
[4.566s][debug][gc,phases      ] GC(5)   ResolvedMethodTable Weak       Min:  0.0, Avg:  0.0, Max:  0.0, Diff:  0.0, Sum:  0.2, Workers: 4
[4.566s][debug][gc,phases      ] GC(5)     Dead                           Min: 0, Avg:  5.5, Max: 10, Diff: 10, Sum: 22, Workers: 4
[4.566s][debug][gc,phases      ] GC(5)     Total                          Min: 758, Avg: 1175.5, Max: 1653, Diff: 895, Sum: 4702, Workers: 4
[4.566s][debug][gc,phases      ] GC(5)   JNI Weak                       Min:  0.0, Avg:  0.0, Max:  0.0, Diff:  0.0, Sum:  0.0, Workers: 4
[4.566s][debug][gc,phases      ] GC(5)     Dead                           Min: 0, Avg:  0.0, Max: 0, Diff: 0, Sum: 0, Workers: 4
[4.566s][debug][gc,phases      ] GC(5)     Total                          Min: 0, Avg:  1.2, Max: 5, Diff: 5, Sum: 5, Workers: 4
[4.566s][debug][gc,phases      ] GC(5)   StringDedup Table Weak         Min:  0.0, Avg:  0.0, Max:  0.0, Diff:  0.0, Sum:  0.0, Workers: 4
[4.566s][debug][gc,phases      ] GC(5)     Dead                           Min: 0, Avg:  0.0, Max: 0, Diff: 0, Sum: 0, Workers: 4
[4.566s][debug][gc,phases      ] GC(5)     Total                          Min: 0, Avg:  0.0, Max: 0, Diff: 0, Sum: 0, Workers: 4
[4.566s][debug][gc,phases      ] GC(5)   StringDedup Requests0 Weak     Min:  0.0, Avg:  0.0, Max:  0.0, Diff:  0.0, Sum:  0.0, Workers: 4
[4.566s][debug][gc,phases      ] GC(5)     Dead                           Min: 0, Avg:  0.0, Max: 0, Diff: 0, Sum: 0, Workers: 4
[4.566s][debug][gc,phases      ] GC(5)     Total                          Min: 0, Avg:  0.0, Max: 0, Diff: 0, Sum: 0, Workers: 4
[4.566s][debug][gc,phases      ] GC(5)   StringDedup Requests1 Weak     Min:  0.0, Avg:  0.0, Max:  0.0, Diff:  0.0, Sum:  0.0, Workers: 4
[4.566s][debug][gc,phases      ] GC(5)     Dead                           Min: 0, Avg:  0.0, Max: 0, Diff: 0, Sum: 0, Workers: 4
[4.566s][debug][gc,phases      ] GC(5)     Total                          Min: 0, Avg:  0.0, Max: 0, Diff: 0, Sum: 0, Workers: 4
[4.566s][debug][gc,phases      ] GC(5)   Weak JFR Old Object Samples    Min:  0.0, Avg:  0.0, Max:  0.0, Diff:  0.0, Sum:  0.0, Workers: 4
[4.566s][debug][gc,phases      ] GC(5)     Dead                           Min: 0, Avg:  0.0, Max: 0, Diff: 0, Sum: 0, Workers: 4
[4.566s][debug][gc,phases      ] GC(5)     Total                          Min: 0, Avg:  0.0, Max: 0, Diff: 0, Sum: 0, Workers: 4
[4.566s][debug][gc,phases      ] GC(5) Weak Processing 0.541ms
[4.566s][debug][gc,age         ] GC(5) Desired survivor size 536870912 bytes, new threshold 7 (max threshold 15)
[4.566s][info ][gc,heap        ] GC(5) PSYoungGen: 1048576K(1572864K)->170673K(1572864K) Eden: 1048576K(1048576K)->0K(1048576K) From: 0K(524288K)->170673K(524288K)
[4.566s][info ][gc,heap        ] GC(5) ParOldGen: 6131K(18944K)->6147K(18944K)
[4.566s][info ][gc,metaspace   ] GC(5) Metaspace: 52452K(53056K)->52452K(53056K) NonClass: 44719K(45056K)->44719K(45056K) Class: 7733K(8000K)->7733K(8000K)
[4.566s][info ][gc             ] GC(5) Pause Young (Allocation Failure) 1029M->172M(1554M) 96.360ms
[4.566s][info ][gc,cpu         ] GC(5) User=0.36s Sys=0.03s Real=0.10s
[4.567s][info ][safepoint      ] Safepoint "ParallelGCFailedAllocation", Time since last: 112940378 ns, Reaching safepoint: 243715 ns, At safepoint: 96468104 ns, Total: 96711819 ns
[4.767s][info ][gc,start       ] GC(6) Pause Young (Allocation Failure)
[4.849s][debug][gc,phases      ] GC(6) Scavenge 81.767ms
[4.849s][debug][gc,ref         ] GC(6) Skipped phase 1 of Reference Processing: no references
[4.849s][debug][gc,ref         ] GC(6) ReferenceProcessor::execute queues: 3, RefProcThreadModel::Multi, marks_oops_alive: false
[4.850s][debug][gc,ref         ] GC(6) Skipped phase 3 of Reference Processing: no references
[4.850s][debug][gc,ref         ] GC(6) ReferenceProcessor::execute queues: 1, RefProcThreadModel::Single, marks_oops_alive: false
[4.850s][debug][gc,phases      ] GC(6) Reference Processing 0.354ms
[4.850s][debug][gc,phases      ] GC(6)   VM Weak                        Min:  0.0, Avg:  0.0, Max:  0.0, Diff:  0.0, Sum:  0.0, Workers: 4
[4.850s][debug][gc,phases      ] GC(6)     Dead                           Min: 0, Avg:  0.0, Max: 0, Diff: 0, Sum: 0, Workers: 4
[4.850s][debug][gc,phases      ] GC(6)     Total                          Min: 0, Avg: 99.2, Max: 205, Diff: 205, Sum: 397, Workers: 4
[4.850s][debug][gc,phases      ] GC(6)   ObjectSynchronizer Weak        Min:  0.0, Avg:  0.0, Max:  0.0, Diff:  0.0, Sum:  0.0, Workers: 4
[4.850s][debug][gc,phases      ] GC(6)     Dead                           Min: 0, Avg:  0.0, Max: 0, Diff: 0, Sum: 0, Workers: 4
[4.850s][debug][gc,phases      ] GC(6)     Total                          Min: 0, Avg: 94.5, Max: 250, Diff: 250, Sum: 378, Workers: 4
[4.850s][debug][gc,phases      ] GC(6)   JVMTI Tag Weak OopStorage      Min:  0.0, Avg:  0.0, Max:  0.0, Diff:  0.0, Sum:  0.0, Workers: 4
[4.850s][debug][gc,phases      ] GC(6)     Dead                           Min: 0, Avg:  0.0, Max: 0, Diff: 0, Sum: 0, Workers: 4
[4.850s][debug][gc,phases      ] GC(6)     Total                          Min: 0, Avg:  0.0, Max: 0, Diff: 0, Sum: 0, Workers: 4
[4.850s][debug][gc,phases      ] GC(6)   StringTable Weak               Min:  0.3, Avg:  0.3, Max:  0.3, Diff:  0.0, Sum:  1.3, Workers: 4
[4.850s][debug][gc,phases      ] GC(6)     Dead                           Min: 0, Avg:  1.2, Max: 4, Diff: 4, Sum: 5, Workers: 4
[4.850s][debug][gc,phases      ] GC(6)     Total                          Min: 7232, Avg: 9614.0, Max: 12344, Diff: 5112, Sum: 38456, Workers: 4
[4.850s][debug][gc,phases      ] GC(6)   ResolvedMethodTable Weak       Min:  0.0, Avg:  0.0, Max:  0.1, Diff:  0.0, Sum:  0.2, Workers: 4
[4.850s][debug][gc,phases      ] GC(6)     Dead                           Min: 1, Avg:  6.8, Max: 12, Diff: 11, Sum: 27, Workers: 4
[4.850s][debug][gc,phases      ] GC(6)     Total                          Min: 832, Avg: 1343.0, Max: 1916, Diff: 1084, Sum: 5372, Workers: 4
[4.850s][debug][gc,phases      ] GC(6)   JNI Weak                       Min:  0.0, Avg:  0.0, Max:  0.0, Diff:  0.0, Sum:  0.0, Workers: 4
[4.850s][debug][gc,phases      ] GC(6)     Dead                           Min: 0, Avg:  0.0, Max: 0, Diff: 0, Sum: 0, Workers: 4
[4.850s][debug][gc,phases      ] GC(6)     Total                          Min: 0, Avg:  1.5, Max: 6, Diff: 6, Sum: 6, Workers: 4
[4.850s][debug][gc,phases      ] GC(6)   StringDedup Table Weak         Min:  0.0, Avg:  0.0, Max:  0.0, Diff:  0.0, Sum:  0.0, Workers: 4
[4.850s][debug][gc,phases      ] GC(6)     Dead                           Min: 0, Avg:  0.0, Max: 0, Diff: 0, Sum: 0, Workers: 4
[4.850s][debug][gc,phases      ] GC(6)     Total                          Min: 0, Avg:  0.0, Max: 0, Diff: 0, Sum: 0, Workers: 4
[4.850s][debug][gc,phases      ] GC(6)   StringDedup Requests0 Weak     Min:  0.0, Avg:  0.0, Max:  0.0, Diff:  0.0, Sum:  0.0, Workers: 4
[4.850s][debug][gc,phases      ] GC(6)     Dead                           Min: 0, Avg:  0.0, Max: 0, Diff: 0, Sum: 0, Workers: 4
[4.850s][debug][gc,phases      ] GC(6)     Total                          Min: 0, Avg:  0.0, Max: 0, Diff: 0, Sum: 0, Workers: 4
[4.850s][debug][gc,phases      ] GC(6)   StringDedup Requests1 Weak     Min:  0.0, Avg:  0.0, Max:  0.0, Diff:  0.0, Sum:  0.0, Workers: 4
[4.850s][debug][gc,phases      ] GC(6)     Dead                           Min: 0, Avg:  0.0, Max: 0, Diff: 0, Sum: 0, Workers: 4
[4.850s][debug][gc,phases      ] GC(6)     Total                          Min: 0, Avg:  0.0, Max: 0, Diff: 0, Sum: 0, Workers: 4
[4.850s][debug][gc,phases      ] GC(6)   Weak JFR Old Object Samples    Min:  0.0, Avg:  0.0, Max:  0.0, Diff:  0.0, Sum:  0.0, Workers: 4
[4.850s][debug][gc,phases      ] GC(6)     Dead                           Min: 0, Avg:  0.0, Max: 0, Diff: 0, Sum: 0, Workers: 4
[4.850s][debug][gc,phases      ] GC(6)     Total                          Min: 0, Avg:  0.0, Max: 0, Diff: 0, Sum: 0, Workers: 4
[4.850s][debug][gc,phases      ] GC(6) Weak Processing 0.559ms
[4.850s][debug][gc,age         ] GC(6) Desired survivor size 536870912 bytes, new threshold 7 (max threshold 15)
[4.850s][info ][gc,heap        ] GC(6) PSYoungGen: 1219249K(1572864K)->175227K(1572864K) Eden: 1048576K(1048576K)->0K(1048576K) From: 170673K(524288K)->175227K(524288K)
[4.850s][info ][gc,heap        ] GC(6) ParOldGen: 6147K(18944K)->6155K(18944K)
[4.850s][info ][gc,metaspace   ] GC(6) Metaspace: 54944K(55488K)->54944K(55488K) NonClass: 46741K(47040K)->46741K(47040K) Class: 8203K(8448K)->8203K(8448K)
[4.850s][info ][gc             ] GC(6) Pause Young (Allocation Failure) 1196M->177M(1554M) 82.826ms
[4.850s][info ][gc,cpu         ] GC(6) User=0.30s Sys=0.03s Real=0.08s
[4.850s][info ][safepoint      ] Safepoint "ParallelGCFailedAllocation", Time since last: 200558558 ns, Reaching safepoint: 213213 ns, At safepoint: 82938204 ns, Total: 83151417 ns
[5.143s][info ][safepoint      ] Safepoint "ICBufferFull", Time since last: 282577008 ns, Reaching safepoint: 10496621 ns, At safepoint: 26501 ns, Total: 10523122 ns
[5.154s][info ][safepoint      ] Safepoint "ICBufferFull", Time since last: 252215 ns, Reaching safepoint: 10827140 ns, At safepoint: 36602 ns, Total: 10863742 ns
[5.162s][info ][safepoint      ] Safepoint "ICBufferFull", Time since last: 1941015 ns, Reaching safepoint: 5875148 ns, At safepoint: 30801 ns, Total: 5905949 ns
[5.163s][info ][safepoint      ] Safepoint "ICBufferFull", Time since last: 532232 ns, Reaching safepoint: 108206 ns, At safepoint: 27302 ns, Total: 135508 ns
[5.182s][info ][safepoint      ] Safepoint "ICBufferFull", Time since last: 15993946 ns, Reaching safepoint: 3200389 ns, At safepoint: 35202 ns, Total: 3235591 ns
[5.203s][info ][gc,start       ] GC(7) Pause Young (Allocation Failure)
[5.272s][debug][gc,phases      ] GC(7) Scavenge 69.068ms
[5.272s][debug][gc,ref         ] GC(7) Skipped phase 1 of Reference Processing: no references
[5.272s][debug][gc,ref         ] GC(7) ReferenceProcessor::execute queues: 3, RefProcThreadModel::Multi, marks_oops_alive: false
[5.272s][debug][gc,ref         ] GC(7) Skipped phase 3 of Reference Processing: no references
[5.272s][debug][gc,ref         ] GC(7) ReferenceProcessor::execute queues: 1, RefProcThreadModel::Single, marks_oops_alive: false
[5.272s][debug][gc,phases      ] GC(7) Reference Processing 0.285ms
[5.273s][debug][gc,phases      ] GC(7)   VM Weak                        Min:  0.0, Avg:  0.0, Max:  0.0, Diff:  0.0, Sum:  0.0, Workers: 4
[5.273s][debug][gc,phases      ] GC(7)     Dead                           Min: 0, Avg:  0.0, Max: 0, Diff: 0, Sum: 0, Workers: 4
[5.273s][debug][gc,phases      ] GC(7)     Total                          Min: 0, Avg: 102.5, Max: 192, Diff: 192, Sum: 410, Workers: 4
[5.273s][debug][gc,phases      ] GC(7)   ObjectSynchronizer Weak        Min:  0.0, Avg:  0.0, Max:  0.0, Diff:  0.0, Sum:  0.0, Workers: 4
[5.273s][debug][gc,phases      ] GC(7)     Dead                           Min: 0, Avg:  0.2, Max: 1, Diff: 1, Sum: 1, Workers: 4
[5.273s][debug][gc,phases      ] GC(7)     Total                          Min: 0, Avg: 96.0, Max: 192, Diff: 192, Sum: 384, Workers: 4
[5.273s][debug][gc,phases      ] GC(7)   JVMTI Tag Weak OopStorage      Min:  0.0, Avg:  0.0, Max:  0.0, Diff:  0.0, Sum:  0.0, Workers: 4
[5.273s][debug][gc,phases      ] GC(7)     Dead                           Min: 0, Avg:  0.0, Max: 0, Diff: 0, Sum: 0, Workers: 4
[5.273s][debug][gc,phases      ] GC(7)     Total                          Min: 0, Avg:  0.0, Max: 0, Diff: 0, Sum: 0, Workers: 4
[5.273s][debug][gc,phases      ] GC(7)   StringTable Weak               Min:  0.3, Avg:  0.3, Max:  0.3, Diff:  0.0, Sum:  1.2, Workers: 4
[5.273s][debug][gc,phases      ] GC(7)     Dead                           Min: 0, Avg:  4.0, Max: 14, Diff: 14, Sum: 16, Workers: 4
[5.273s][debug][gc,phases      ] GC(7)     Total                          Min: 8512, Avg: 9727.5, Max: 10624, Diff: 2112, Sum: 38910, Workers: 4
[5.273s][debug][gc,phases      ] GC(7)   ResolvedMethodTable Weak       Min:  0.0, Avg:  0.1, Max:  0.1, Diff:  0.0, Sum:  0.2, Workers: 4
[5.273s][debug][gc,phases      ] GC(7)     Dead                           Min: 0, Avg:  4.0, Max: 10, Diff: 10, Sum: 16, Workers: 4
[5.273s][debug][gc,phases      ] GC(7)     Total                          Min: 896, Avg: 1398.0, Max: 1728, Diff: 832, Sum: 5592, Workers: 4
[5.273s][debug][gc,phases      ] GC(7)   JNI Weak                       Min:  0.0, Avg:  0.0, Max:  0.0, Diff:  0.0, Sum:  0.0, Workers: 4
[5.273s][debug][gc,phases      ] GC(7)     Dead                           Min: 0, Avg:  0.0, Max: 0, Diff: 0, Sum: 0, Workers: 4
[5.273s][debug][gc,phases      ] GC(7)     Total                          Min: 0, Avg:  3.2, Max: 13, Diff: 13, Sum: 13, Workers: 4
[5.273s][debug][gc,phases      ] GC(7)   StringDedup Table Weak         Min:  0.0, Avg:  0.0, Max:  0.0, Diff:  0.0, Sum:  0.0, Workers: 4
[5.273s][debug][gc,phases      ] GC(7)     Dead                           Min: 0, Avg:  0.0, Max: 0, Diff: 0, Sum: 0, Workers: 4
[5.273s][debug][gc,phases      ] GC(7)     Total                          Min: 0, Avg:  0.0, Max: 0, Diff: 0, Sum: 0, Workers: 4
[5.273s][debug][gc,phases      ] GC(7)   StringDedup Requests0 Weak     Min:  0.0, Avg:  0.0, Max:  0.0, Diff:  0.0, Sum:  0.0, Workers: 4
[5.273s][debug][gc,phases      ] GC(7)     Dead                           Min: 0, Avg:  0.0, Max: 0, Diff: 0, Sum: 0, Workers: 4
[5.273s][debug][gc,phases      ] GC(7)     Total                          Min: 0, Avg:  0.0, Max: 0, Diff: 0, Sum: 0, Workers: 4
[5.273s][debug][gc,phases      ] GC(7)   StringDedup Requests1 Weak     Min:  0.0, Avg:  0.0, Max:  0.0, Diff:  0.0, Sum:  0.0, Workers: 4
[5.273s][debug][gc,phases      ] GC(7)     Dead                           Min: 0, Avg:  0.0, Max: 0, Diff: 0, Sum: 0, Workers: 4
[5.273s][debug][gc,phases      ] GC(7)     Total                          Min: 0, Avg:  0.0, Max: 0, Diff: 0, Sum: 0, Workers: 4
[5.273s][debug][gc,phases      ] GC(7)   Weak JFR Old Object Samples    Min:  0.0, Avg:  0.0, Max:  0.0, Diff:  0.0, Sum:  0.0, Workers: 4
[5.273s][debug][gc,phases      ] GC(7)     Dead                           Min: 0, Avg:  0.0, Max: 0, Diff: 0, Sum: 0, Workers: 4
[5.273s][debug][gc,phases      ] GC(7)     Total                          Min: 0, Avg:  0.0, Max: 0, Diff: 0, Sum: 0, Workers: 4
[5.273s][debug][gc,phases      ] GC(7) Weak Processing 0.544ms
[5.273s][debug][gc,age         ] GC(7) Desired survivor size 263716864 bytes, new threshold 8 (max threshold 15)
[5.273s][info ][gc,heap        ] GC(7) PSYoungGen: 1223803K(1572864K)->179138K(1839616K) Eden: 1048576K(1048576K)->0K(1315328K) From: 175227K(524288K)->179138K(524288K)
[5.273s][info ][gc,heap        ] GC(7) ParOldGen: 6155K(18944K)->6163K(18944K)
[5.273s][info ][gc,metaspace   ] GC(7) Metaspace: 56214K(56768K)->56214K(56768K) NonClass: 47820K(48128K)->47820K(48128K) Class: 8393K(8640K)->8393K(8640K)
[5.273s][info ][gc             ] GC(7) Pause Young (Allocation Failure) 1201M->180M(1815M) 70.040ms
[5.273s][info ][gc,cpu         ] GC(7) User=0.27s Sys=0.00s Real=0.06s
[5.273s][info ][safepoint      ] Safepoint "ParallelGCFailedAllocation", Time since last: 20630720 ns, Reaching safepoint: 127607 ns, At safepoint: 70160049 ns, Total: 70287656 ns
[5.695s][info ][safepoint      ] Safepoint "ParallelGCFailedAllocation", Time since last: 421485221 ns, Reaching safepoint: 384223 ns, At safepoint: 30002 ns, Total: 414225 ns
[5.695s][info ][gc,start       ] GC(8) Pause Young (Allocation Failure)
[5.794s][debug][gc,phases      ] GC(8) Scavenge 98.812ms
[5.794s][debug][gc,ref         ] GC(8) Skipped phase 1 of Reference Processing: no references
[5.794s][debug][gc,ref         ] GC(8) ReferenceProcessor::execute queues: 3, RefProcThreadModel::Multi, marks_oops_alive: false
[5.794s][debug][gc,ref         ] GC(8) Skipped phase 3 of Reference Processing: no references
[5.794s][debug][gc,ref         ] GC(8) ReferenceProcessor::execute queues: 1, RefProcThreadModel::Single, marks_oops_alive: false
[5.794s][debug][gc,phases      ] GC(8) Reference Processing 0.337ms
[5.795s][debug][gc,phases      ] GC(8)   VM Weak                        Min:  0.0, Avg:  0.0, Max:  0.0, Diff:  0.0, Sum:  0.0, Workers: 4
[5.795s][debug][gc,phases      ] GC(8)     Dead                           Min: 0, Avg:  0.0, Max: 0, Diff: 0, Sum: 0, Workers: 4
[5.795s][debug][gc,phases      ] GC(8)     Total                          Min: 0, Avg: 102.5, Max: 256, Diff: 256, Sum: 410, Workers: 4
[5.795s][debug][gc,phases      ] GC(8)   ObjectSynchronizer Weak        Min:  0.0, Avg:  0.0, Max:  0.0, Diff:  0.0, Sum:  0.0, Workers: 4
[5.795s][debug][gc,phases      ] GC(8)     Dead                           Min: 0, Avg:  0.0, Max: 0, Diff: 0, Sum: 0, Workers: 4
[5.795s][debug][gc,phases      ] GC(8)     Total                          Min: 64, Avg: 98.2, Max: 137, Diff: 73, Sum: 393, Workers: 4
[5.795s][debug][gc,phases      ] GC(8)   JVMTI Tag Weak OopStorage      Min:  0.0, Avg:  0.0, Max:  0.0, Diff:  0.0, Sum:  0.0, Workers: 4
[5.795s][debug][gc,phases      ] GC(8)     Dead                           Min: 0, Avg:  0.0, Max: 0, Diff: 0, Sum: 0, Workers: 4
[5.795s][debug][gc,phases      ] GC(8)     Total                          Min: 0, Avg:  0.0, Max: 0, Diff: 0, Sum: 0, Workers: 4
[5.795s][debug][gc,phases      ] GC(8)   StringTable Weak               Min:  0.3, Avg:  0.3, Max:  0.3, Diff:  0.0, Sum:  1.3, Workers: 4
[5.795s][debug][gc,phases      ] GC(8)     Dead                           Min: 0, Avg:  3.0, Max: 12, Diff: 12, Sum: 12, Workers: 4
[5.795s][debug][gc,phases      ] GC(8)     Total                          Min: 7872, Avg: 9750.5, Max: 11456, Diff: 3584, Sum: 39002, Workers: 4
[5.795s][debug][gc,phases      ] GC(8)   ResolvedMethodTable Weak       Min:  0.0, Avg:  0.1, Max:  0.1, Diff:  0.0, Sum:  0.2, Workers: 4
[5.795s][debug][gc,phases      ] GC(8)     Dead                           Min: 0, Avg:  0.0, Max: 0, Diff: 0, Sum: 0, Workers: 4
[5.795s][debug][gc,phases      ] GC(8)     Total                          Min: 896, Avg: 1398.0, Max: 1816, Diff: 920, Sum: 5592, Workers: 4
[5.795s][debug][gc,phases      ] GC(8)   JNI Weak                       Min:  0.0, Avg:  0.0, Max:  0.0, Diff:  0.0, Sum:  0.0, Workers: 4
[5.795s][debug][gc,phases      ] GC(8)     Dead                           Min: 0, Avg:  0.0, Max: 0, Diff: 0, Sum: 0, Workers: 4
[5.795s][debug][gc,phases      ] GC(8)     Total                          Min: 0, Avg:  0.5, Max: 2, Diff: 2, Sum: 2, Workers: 4
[5.795s][debug][gc,phases      ] GC(8)   StringDedup Table Weak         Min:  0.0, Avg:  0.0, Max:  0.0, Diff:  0.0, Sum:  0.0, Workers: 4
[5.795s][debug][gc,phases      ] GC(8)     Dead                           Min: 0, Avg:  0.0, Max: 0, Diff: 0, Sum: 0, Workers: 4
[5.795s][debug][gc,phases      ] GC(8)     Total                          Min: 0, Avg:  0.0, Max: 0, Diff: 0, Sum: 0, Workers: 4
[5.795s][debug][gc,phases      ] GC(8)   StringDedup Requests0 Weak     Min:  0.0, Avg:  0.0, Max:  0.0, Diff:  0.0, Sum:  0.0, Workers: 4
[5.795s][debug][gc,phases      ] GC(8)     Dead                           Min: 0, Avg:  0.0, Max: 0, Diff: 0, Sum: 0, Workers: 4
[5.795s][debug][gc,phases      ] GC(8)     Total                          Min: 0, Avg:  0.0, Max: 0, Diff: 0, Sum: 0, Workers: 4
[5.795s][debug][gc,phases      ] GC(8)   StringDedup Requests1 Weak     Min:  0.0, Avg:  0.0, Max:  0.0, Diff:  0.0, Sum:  0.0, Workers: 4
[5.795s][debug][gc,phases      ] GC(8)     Dead                           Min: 0, Avg:  0.0, Max: 0, Diff: 0, Sum: 0, Workers: 4
[5.795s][debug][gc,phases      ] GC(8)     Total                          Min: 0, Avg:  0.0, Max: 0, Diff: 0, Sum: 0, Workers: 4
[5.795s][debug][gc,phases      ] GC(8)   Weak JFR Old Object Samples    Min:  0.0, Avg:  0.0, Max:  0.0, Diff:  0.0, Sum:  0.0, Workers: 4
[5.795s][debug][gc,phases      ] GC(8)     Dead                           Min: 0, Avg:  0.0, Max: 0, Diff: 0, Sum: 0, Workers: 4
[5.795s][debug][gc,phases      ] GC(8)     Total                          Min: 0, Avg:  0.0, Max: 0, Diff: 0, Sum: 0, Workers: 4
[5.795s][debug][gc,phases      ] GC(8) Weak Processing 0.600ms
[5.795s][debug][gc,age         ] GC(8) Desired survivor size 282066944 bytes, new threshold 9 (max threshold 15)
[5.795s][info ][gc,heap        ] GC(8) PSYoungGen: 1494466K(1839616K)->191904K(1572864K) Eden: 1315328K(1315328K)->0K(1315328K) From: 179138K(524288K)->191904K(257536K)
[5.795s][info ][gc,heap        ] GC(8) ParOldGen: 6164K(18944K)->6172K(18944K)
[5.795s][info ][gc,metaspace   ] GC(8) Metaspace: 56382K(56960K)->56382K(56960K) NonClass: 47989K(48320K)->47989K(48320K) Class: 8393K(8640K)->8393K(8640K)
[5.795s][info ][gc             ] GC(8) Pause Young (Allocation Failure) 1465M->193M(1554M) 99.876ms
[5.795s][info ][gc,cpu         ] GC(8) User=0.42s Sys=0.08s Real=0.10s
[5.795s][info ][safepoint      ] Safepoint "ParallelGCFailedAllocation", Time since last: 103806 ns, Reaching safepoint: 88705 ns, At safepoint: 99963511 ns, Total: 100052216 ns
[6.088s][info ][gc,start       ] GC(9) Pause Young (Allocation Failure)
[6.169s][debug][gc,phases      ] GC(9) Scavenge 81.146ms
[6.169s][debug][gc,ref         ] GC(9) Skipped phase 1 of Reference Processing: no references
[6.169s][debug][gc,ref         ] GC(9) ReferenceProcessor::execute queues: 3, RefProcThreadModel::Multi, marks_oops_alive: false
[6.169s][debug][gc,ref         ] GC(9) Skipped phase 3 of Reference Processing: no references
[6.169s][debug][gc,ref         ] GC(9) ReferenceProcessor::execute queues: 1, RefProcThreadModel::Single, marks_oops_alive: false
[6.169s][debug][gc,phases      ] GC(9) Reference Processing 0.307ms
[6.170s][debug][gc,phases      ] GC(9)   VM Weak                        Min:  0.0, Avg:  0.0, Max:  0.0, Diff:  0.0, Sum:  0.0, Workers: 4
[6.170s][debug][gc,phases      ] GC(9)     Dead                           Min: 0, Avg:  0.0, Max: 0, Diff: 0, Sum: 0, Workers: 4
[6.170s][debug][gc,phases      ] GC(9)     Total                          Min: 0, Avg: 103.5, Max: 192, Diff: 192, Sum: 414, Workers: 4
[6.170s][debug][gc,phases      ] GC(9)   ObjectSynchronizer Weak        Min:  0.0, Avg:  0.0, Max:  0.0, Diff:  0.0, Sum:  0.0, Workers: 4
[6.170s][debug][gc,phases      ] GC(9)     Dead                           Min: 0, Avg:  0.0, Max: 0, Diff: 0, Sum: 0, Workers: 4
[6.170s][debug][gc,phases      ] GC(9)     Total                          Min: 0, Avg: 98.2, Max: 137, Diff: 137, Sum: 393, Workers: 4
[6.170s][debug][gc,phases      ] GC(9)   JVMTI Tag Weak OopStorage      Min:  0.0, Avg:  0.0, Max:  0.0, Diff:  0.0, Sum:  0.0, Workers: 4
[6.170s][debug][gc,phases      ] GC(9)     Dead                           Min: 0, Avg:  0.0, Max: 0, Diff: 0, Sum: 0, Workers: 4
[6.170s][debug][gc,phases      ] GC(9)     Total                          Min: 0, Avg:  0.0, Max: 0, Diff: 0, Sum: 0, Workers: 4
[6.170s][debug][gc,phases      ] GC(9)   StringTable Weak               Min:  0.3, Avg:  0.3, Max:  0.3, Diff:  0.0, Sum:  1.2, Workers: 4
[6.170s][debug][gc,phases      ] GC(9)     Dead                           Min: 0, Avg:  3.8, Max: 13, Diff: 13, Sum: 15, Workers: 4
[6.170s][debug][gc,phases      ] GC(9)     Total                          Min: 8832, Avg: 9840.0, Max: 10560, Diff: 1728, Sum: 39360, Workers: 4
[6.170s][debug][gc,phases      ] GC(9)   ResolvedMethodTable Weak       Min:  0.0, Avg:  0.0, Max:  0.0, Diff:  0.0, Sum:  0.2, Workers: 4
[6.170s][debug][gc,phases      ] GC(9)     Dead                           Min: 0, Avg:  6.0, Max: 18, Diff: 18, Sum: 24, Workers: 4
[6.170s][debug][gc,phases      ] GC(9)     Total                          Min: 1392, Avg: 1436.0, Max: 1536, Diff: 144, Sum: 5744, Workers: 4
[6.170s][debug][gc,phases      ] GC(9)   JNI Weak                       Min:  0.0, Avg:  0.0, Max:  0.0, Diff:  0.0, Sum:  0.0, Workers: 4
[6.170s][debug][gc,phases      ] GC(9)     Dead                           Min: 0, Avg:  0.0, Max: 0, Diff: 0, Sum: 0, Workers: 4
[6.170s][debug][gc,phases      ] GC(9)     Total                          Min: 0, Avg:  3.2, Max: 13, Diff: 13, Sum: 13, Workers: 4
[6.170s][debug][gc,phases      ] GC(9)   StringDedup Table Weak         Min:  0.0, Avg:  0.0, Max:  0.0, Diff:  0.0, Sum:  0.0, Workers: 4
[6.170s][debug][gc,phases      ] GC(9)     Dead                           Min: 0, Avg:  0.0, Max: 0, Diff: 0, Sum: 0, Workers: 4
[6.170s][debug][gc,phases      ] GC(9)     Total                          Min: 0, Avg:  0.0, Max: 0, Diff: 0, Sum: 0, Workers: 4
[6.170s][debug][gc,phases      ] GC(9)   StringDedup Requests0 Weak     Min:  0.0, Avg:  0.0, Max:  0.0, Diff:  0.0, Sum:  0.0, Workers: 4
[6.170s][debug][gc,phases      ] GC(9)     Dead                           Min: 0, Avg:  0.0, Max: 0, Diff: 0, Sum: 0, Workers: 4
[6.170s][debug][gc,phases      ] GC(9)     Total                          Min: 0, Avg:  0.0, Max: 0, Diff: 0, Sum: 0, Workers: 4
[6.170s][debug][gc,phases      ] GC(9)   StringDedup Requests1 Weak     Min:  0.0, Avg:  0.0, Max:  0.0, Diff:  0.0, Sum:  0.0, Workers: 4
[6.170s][debug][gc,phases      ] GC(9)     Dead                           Min: 0, Avg:  0.0, Max: 0, Diff: 0, Sum: 0, Workers: 4
[6.170s][debug][gc,phases      ] GC(9)     Total                          Min: 0, Avg:  0.0, Max: 0, Diff: 0, Sum: 0, Workers: 4
[6.170s][debug][gc,phases      ] GC(9)   Weak JFR Old Object Samples    Min:  0.0, Avg:  0.0, Max:  0.0, Diff:  0.0, Sum:  0.0, Workers: 4
[6.170s][debug][gc,phases      ] GC(9)     Dead                           Min: 0, Avg:  0.0, Max: 0, Diff: 0, Sum: 0, Workers: 4
[6.170s][debug][gc,phases      ] GC(9)     Total                          Min: 0, Avg:  0.0, Max: 0, Diff: 0, Sum: 0, Workers: 4
[6.170s][debug][gc,phases      ] GC(9) Weak Processing 0.549ms
[6.170s][debug][gc,age         ] GC(9) Desired survivor size 293601280 bytes, new threshold 10 (max threshold 15)
[6.170s][info ][gc,heap        ] GC(9) PSYoungGen: 1507232K(1572864K)->194769K(1799168K) Eden: 1315328K(1315328K)->0K(1523712K) From: 191904K(257536K)->194769K(275456K)
[6.170s][info ][gc,heap        ] GC(9) ParOldGen: 6172K(18944K)->6180K(18944K)
[6.170s][info ][gc,metaspace   ] GC(9) Metaspace: 57276K(57856K)->57276K(57856K) NonClass: 48758K(49088K)->48758K(49088K) Class: 8517K(8768K)->8517K(8768K)
[6.170s][info ][gc             ] GC(9) Pause Young (Allocation Failure) 1477M->196M(1775M) 82.134ms
[6.170s][info ][gc,cpu         ] GC(9) User=0.31s Sys=0.02s Real=0.08s
[6.170s][info ][safepoint      ] Safepoint "ParallelGCFailedAllocation", Time since last: 292468893 ns, Reaching safepoint: 202712 ns, At safepoint: 82250963 ns, Total: 82453675 ns
[6.501s][info ][safepoint      ] Safepoint "ICBufferFull", Time since last: 330382035 ns, Reaching safepoint: 252915 ns, At safepoint: 23201 ns, Total: 276116 ns
[6.555s][info ][gc,start       ] GC(10) Pause Young (Allocation Failure)
[6.642s][debug][gc,phases      ] GC(10) Scavenge 86.673ms
[6.642s][debug][gc,ref         ] GC(10) Skipped phase 1 of Reference Processing: no references
[6.642s][debug][gc,ref         ] GC(10) ReferenceProcessor::execute queues: 3, RefProcThreadModel::Multi, marks_oops_alive: false
[6.642s][debug][gc,ref         ] GC(10) Skipped phase 3 of Reference Processing: no references
[6.642s][debug][gc,ref         ] GC(10) ReferenceProcessor::execute queues: 1, RefProcThreadModel::Single, marks_oops_alive: false
[6.642s][debug][gc,phases      ] GC(10) Reference Processing 0.354ms
[6.643s][debug][gc,phases      ] GC(10)   VM Weak                        Min:  0.0, Avg:  0.0, Max:  0.0, Diff:  0.0, Sum:  0.0, Workers: 4
[6.643s][debug][gc,phases      ] GC(10)     Dead                           Min: 0, Avg:  0.0, Max: 0, Diff: 0, Sum: 0, Workers: 4
[6.643s][debug][gc,phases      ] GC(10)     Total                          Min: 44, Avg: 107.0, Max: 256, Diff: 212, Sum: 428, Workers: 4
[6.643s][debug][gc,phases      ] GC(10)   ObjectSynchronizer Weak        Min:  0.0, Avg:  0.0, Max:  0.0, Diff:  0.0, Sum:  0.0, Workers: 4
[6.643s][debug][gc,phases      ] GC(10)     Dead                           Min: 0, Avg:  0.2, Max: 1, Diff: 1, Sum: 1, Workers: 4
[6.643s][debug][gc,phases      ] GC(10)     Total                          Min: 0, Avg: 98.2, Max: 192, Diff: 192, Sum: 393, Workers: 4
[6.643s][debug][gc,phases      ] GC(10)   JVMTI Tag Weak OopStorage      Min:  0.0, Avg:  0.0, Max:  0.0, Diff:  0.0, Sum:  0.0, Workers: 4
[6.643s][debug][gc,phases      ] GC(10)     Dead                           Min: 0, Avg:  0.0, Max: 0, Diff: 0, Sum: 0, Workers: 4
[6.643s][debug][gc,phases      ] GC(10)     Total                          Min: 0, Avg:  0.0, Max: 0, Diff: 0, Sum: 0, Workers: 4
[6.643s][debug][gc,phases      ] GC(10)   StringTable Weak               Min:  0.4, Avg:  0.4, Max:  0.4, Diff:  0.0, Sum:  1.5, Workers: 4
[6.643s][debug][gc,phases      ] GC(10)     Dead                           Min: 0, Avg:  3.5, Max: 12, Diff: 12, Sum: 14, Workers: 4
[6.643s][debug][gc,phases      ] GC(10)     Total                          Min: 8402, Avg: 9908.5, Max: 12800, Diff: 4398, Sum: 39634, Workers: 4
[6.643s][debug][gc,phases      ] GC(10)   ResolvedMethodTable Weak       Min:  0.1, Avg:  0.1, Max:  0.1, Diff:  0.0, Sum:  0.2, Workers: 4
[6.643s][debug][gc,phases      ] GC(10)     Dead                           Min: 0, Avg:  2.2, Max: 7, Diff: 7, Sum: 9, Workers: 4
[6.643s][debug][gc,phases      ] GC(10)     Total                          Min: 1024, Avg: 1459.8, Max: 1935, Diff: 911, Sum: 5839, Workers: 4
[6.643s][debug][gc,phases      ] GC(10)   JNI Weak                       Min:  0.0, Avg:  0.0, Max:  0.0, Diff:  0.0, Sum:  0.0, Workers: 4
[6.643s][debug][gc,phases      ] GC(10)     Dead                           Min: 0, Avg:  0.0, Max: 0, Diff: 0, Sum: 0, Workers: 4
[6.643s][debug][gc,phases      ] GC(10)     Total                          Min: 0, Avg:  4.2, Max: 17, Diff: 17, Sum: 17, Workers: 4
[6.643s][debug][gc,phases      ] GC(10)   StringDedup Table Weak         Min:  0.0, Avg:  0.0, Max:  0.0, Diff:  0.0, Sum:  0.0, Workers: 4
[6.643s][debug][gc,phases      ] GC(10)     Dead                           Min: 0, Avg:  0.0, Max: 0, Diff: 0, Sum: 0, Workers: 4
[6.643s][debug][gc,phases      ] GC(10)     Total                          Min: 0, Avg:  0.0, Max: 0, Diff: 0, Sum: 0, Workers: 4
[6.643s][debug][gc,phases      ] GC(10)   StringDedup Requests0 Weak     Min:  0.0, Avg:  0.0, Max:  0.0, Diff:  0.0, Sum:  0.0, Workers: 4
[6.643s][debug][gc,phases      ] GC(10)     Dead                           Min: 0, Avg:  0.0, Max: 0, Diff: 0, Sum: 0, Workers: 4
[6.643s][debug][gc,phases      ] GC(10)     Total                          Min: 0, Avg:  0.0, Max: 0, Diff: 0, Sum: 0, Workers: 4
[6.643s][debug][gc,phases      ] GC(10)   StringDedup Requests1 Weak     Min:  0.0, Avg:  0.0, Max:  0.0, Diff:  0.0, Sum:  0.0, Workers: 4
[6.643s][debug][gc,phases      ] GC(10)     Dead                           Min: 0, Avg:  0.0, Max: 0, Diff: 0, Sum: 0, Workers: 4
[6.643s][debug][gc,phases      ] GC(10)     Total                          Min: 0, Avg:  0.0, Max: 0, Diff: 0, Sum: 0, Workers: 4
[6.643s][debug][gc,phases      ] GC(10)   Weak JFR Old Object Samples    Min:  0.0, Avg:  0.0, Max:  0.0, Diff:  0.0, Sum:  0.0, Workers: 4
[6.643s][debug][gc,phases      ] GC(10)     Dead                           Min: 0, Avg:  0.0, Max: 0, Diff: 0, Sum: 0, Workers: 4
[6.643s][debug][gc,phases      ] GC(10)     Total                          Min: 0, Avg:  0.0, Max: 0, Diff: 0, Sum: 0, Workers: 4
[6.643s][debug][gc,phases      ] GC(10) Weak Processing 0.628ms
[6.643s][debug][gc,age         ] GC(10) Desired survivor size 296747008 bytes, new threshold 11 (max threshold 15)
[6.643s][info ][gc,heap        ] GC(10) PSYoungGen: 1718481K(1799168K)->188161K(1712128K) Eden: 1523712K(1523712K)->0K(1523712K) From: 194769K(275456K)->188161K(188416K)
[6.643s][info ][gc,heap        ] GC(10) ParOldGen: 6180K(18944K)->6188K(18944K)
[6.643s][info ][gc,metaspace   ] GC(10) Metaspace: 58228K(58816K)->58228K(58816K) NonClass: 49588K(49920K)->49588K(49920K) Class: 8640K(8896K)->8640K(8896K)
[6.643s][info ][gc             ] GC(10) Pause Young (Allocation Failure) 1684M->189M(1690M) 87.795ms
[6.643s][info ][gc,cpu         ] GC(10) User=0.32s Sys=0.02s Real=0.08s
[6.643s][info ][safepoint      ] Safepoint "ParallelGCFailedAllocation", Time since last: 53911488 ns, Reaching safepoint: 217913 ns, At safepoint: 87920598 ns, Total: 88138511 ns
[6.915s][info ][gc,start       ] GC(11) Pause Young (Allocation Failure)
[6.987s][debug][gc,phases      ] GC(11) Scavenge 71.898ms
[6.987s][debug][gc,ref         ] GC(11) Skipped phase 1 of Reference Processing: no references
[6.987s][debug][gc,ref         ] GC(11) ReferenceProcessor::execute queues: 4, RefProcThreadModel::Multi, marks_oops_alive: false
[6.987s][debug][gc,ref         ] GC(11) Skipped phase 3 of Reference Processing: no references
[6.987s][debug][gc,ref         ] GC(11) ReferenceProcessor::execute queues: 1, RefProcThreadModel::Single, marks_oops_alive: false
[6.987s][debug][gc,phases      ] GC(11) Reference Processing 0.278ms
[6.987s][debug][gc,phases      ] GC(11)   VM Weak                        Min:  0.0, Avg:  0.0, Max:  0.0, Diff:  0.0, Sum:  0.0, Workers: 4
[6.987s][debug][gc,phases      ] GC(11)     Dead                           Min: 0, Avg:  0.0, Max: 0, Diff: 0, Sum: 0, Workers: 4
[6.987s][debug][gc,phases      ] GC(11)     Total                          Min: 0, Avg: 107.0, Max: 300, Diff: 300, Sum: 428, Workers: 4
[6.987s][debug][gc,phases      ] GC(11)   ObjectSynchronizer Weak        Min:  0.0, Avg:  0.0, Max:  0.0, Diff:  0.0, Sum:  0.0, Workers: 4
[6.987s][debug][gc,phases      ] GC(11)     Dead                           Min: 0, Avg:  0.0, Max: 0, Diff: 0, Sum: 0, Workers: 4
[6.987s][debug][gc,phases      ] GC(11)     Total                          Min: 0, Avg: 98.2, Max: 192, Diff: 192, Sum: 393, Workers: 4
[6.987s][debug][gc,phases      ] GC(11)   JVMTI Tag Weak OopStorage      Min:  0.0, Avg:  0.0, Max:  0.0, Diff:  0.0, Sum:  0.0, Workers: 4
[6.987s][debug][gc,phases      ] GC(11)     Dead                           Min: 0, Avg:  0.0, Max: 0, Diff: 0, Sum: 0, Workers: 4
[6.987s][debug][gc,phases      ] GC(11)     Total                          Min: 0, Avg:  0.0, Max: 0, Diff: 0, Sum: 0, Workers: 4
[6.987s][debug][gc,phases      ] GC(11)   StringTable Weak               Min:  0.3, Avg:  0.3, Max:  0.3, Diff:  0.0, Sum:  1.3, Workers: 4
[6.987s][debug][gc,phases      ] GC(11)     Dead                           Min: 0, Avg:  3.0, Max: 12, Diff: 12, Sum: 12, Workers: 4
[6.987s][debug][gc,phases      ] GC(11)     Total                          Min: 6976, Avg: 9944.2, Max: 11450, Diff: 4474, Sum: 39777, Workers: 4
[6.987s][debug][gc,phases      ] GC(11)   ResolvedMethodTable Weak       Min:  0.0, Avg:  0.0, Max:  0.0, Diff:  0.0, Sum:  0.2, Workers: 4
[6.987s][debug][gc,phases      ] GC(11)     Dead                           Min: 0, Avg:  0.0, Max: 0, Diff: 0, Sum: 0, Workers: 4
[6.987s][debug][gc,phases      ] GC(11)     Total                          Min: 768, Avg: 1462.2, Max: 1881, Diff: 1113, Sum: 5849, Workers: 4
[6.987s][debug][gc,phases      ] GC(11)   JNI Weak                       Min:  0.0, Avg:  0.0, Max:  0.0, Diff:  0.0, Sum:  0.0, Workers: 4
[6.987s][debug][gc,phases      ] GC(11)     Dead                           Min: 0, Avg:  0.0, Max: 0, Diff: 0, Sum: 0, Workers: 4
[6.987s][debug][gc,phases      ] GC(11)     Total                          Min: 0, Avg:  2.8, Max: 11, Diff: 11, Sum: 11, Workers: 4
[6.987s][debug][gc,phases      ] GC(11)   StringDedup Table Weak         Min:  0.0, Avg:  0.0, Max:  0.0, Diff:  0.0, Sum:  0.0, Workers: 4
[6.987s][debug][gc,phases      ] GC(11)     Dead                           Min: 0, Avg:  0.0, Max: 0, Diff: 0, Sum: 0, Workers: 4
[6.987s][debug][gc,phases      ] GC(11)     Total                          Min: 0, Avg:  0.0, Max: 0, Diff: 0, Sum: 0, Workers: 4
[6.987s][debug][gc,phases      ] GC(11)   StringDedup Requests0 Weak     Min:  0.0, Avg:  0.0, Max:  0.0, Diff:  0.0, Sum:  0.0, Workers: 4
[6.987s][debug][gc,phases      ] GC(11)     Dead                           Min: 0, Avg:  0.0, Max: 0, Diff: 0, Sum: 0, Workers: 4
[6.987s][debug][gc,phases      ] GC(11)     Total                          Min: 0, Avg:  0.0, Max: 0, Diff: 0, Sum: 0, Workers: 4
[6.987s][debug][gc,phases      ] GC(11)   StringDedup Requests1 Weak     Min:  0.0, Avg:  0.0, Max:  0.0, Diff:  0.0, Sum:  0.0, Workers: 4
[6.987s][debug][gc,phases      ] GC(11)     Dead                           Min: 0, Avg:  0.0, Max: 0, Diff: 0, Sum: 0, Workers: 4
[6.988s][debug][gc,phases      ] GC(11)     Total                          Min: 0, Avg:  0.0, Max: 0, Diff: 0, Sum: 0, Workers: 4
[6.988s][debug][gc,phases      ] GC(11)   Weak JFR Old Object Samples    Min:  0.0, Avg:  0.0, Max:  0.0, Diff:  0.0, Sum:  0.0, Workers: 4
[6.988s][debug][gc,phases      ] GC(11)     Dead                           Min: 0, Avg:  0.0, Max: 0, Diff: 0, Sum: 0, Workers: 4
[6.988s][debug][gc,phases      ] GC(11)     Total                          Min: 0, Avg:  0.0, Max: 0, Diff: 0, Sum: 0, Workers: 4
[6.988s][debug][gc,phases      ] GC(11) Weak Processing 0.559ms
[6.988s][debug][gc,age         ] GC(11) Desired survivor size 297795584 bytes, new threshold 12 (max threshold 15)
[6.988s][info ][gc,heap        ] GC(11) PSYoungGen: 1711873K(1712128K)->188841K(1805312K) Eden: 1523712K(1523712K)->0K(1515520K) From: 188161K(188416K)->188841K(289792K)
[6.988s][info ][gc,heap        ] GC(11) ParOldGen: 6188K(18944K)->6196K(18944K)
[6.988s][info ][gc,metaspace   ] GC(11) Metaspace: 58522K(59072K)->58522K(59072K) NonClass: 49850K(50176K)->49850K(50176K) Class: 8672K(8896K)->8672K(8896K)
[6.988s][info ][gc             ] GC(11) Pause Young (Allocation Failure) 1677M->190M(1781M) 72.881ms
[6.988s][info ][gc,cpu         ] GC(11) User=0.27s Sys=0.02s Real=0.08s
[6.988s][info ][safepoint      ] Safepoint "ParallelGCFailedAllocation", Time since last: 271627561 ns, Reaching safepoint: 196912 ns, At safepoint: 72995816 ns, Total: 73192728 ns
[7.267s][info ][gc,start       ] GC(12) Pause Young (Allocation Failure)
[7.333s][debug][gc,phases      ] GC(12) Scavenge 65.991ms
[7.333s][debug][gc,ref         ] GC(12) Skipped phase 1 of Reference Processing: no references
[7.333s][debug][gc,ref         ] GC(12) ReferenceProcessor::execute queues: 4, RefProcThreadModel::Multi, marks_oops_alive: false
[7.333s][debug][gc,ref         ] GC(12) Skipped phase 3 of Reference Processing: no references
[7.333s][debug][gc,ref         ] GC(12) ReferenceProcessor::execute queues: 1, RefProcThreadModel::Single, marks_oops_alive: false
[7.333s][debug][gc,phases      ] GC(12) Reference Processing 0.364ms
[7.334s][debug][gc,phases      ] GC(12)   VM Weak                        Min:  0.0, Avg:  0.0, Max:  0.0, Diff:  0.0, Sum:  0.0, Workers: 4
[7.334s][debug][gc,phases      ] GC(12)     Dead                           Min: 0, Avg:  0.0, Max: 0, Diff: 0, Sum: 0, Workers: 4
[7.334s][debug][gc,phases      ] GC(12)     Total                          Min: 0, Avg: 107.0, Max: 256, Diff: 256, Sum: 428, Workers: 4
[7.334s][debug][gc,phases      ] GC(12)   ObjectSynchronizer Weak        Min:  0.0, Avg:  0.0, Max:  0.0, Diff:  0.0, Sum:  0.0, Workers: 4
[7.334s][debug][gc,phases      ] GC(12)     Dead                           Min: 0, Avg:  0.0, Max: 0, Diff: 0, Sum: 0, Workers: 4
[7.334s][debug][gc,phases      ] GC(12)     Total                          Min: 0, Avg: 98.2, Max: 192, Diff: 192, Sum: 393, Workers: 4
[7.334s][debug][gc,phases      ] GC(12)   JVMTI Tag Weak OopStorage      Min:  0.0, Avg:  0.0, Max:  0.0, Diff:  0.0, Sum:  0.0, Workers: 4
[7.334s][debug][gc,phases      ] GC(12)     Dead                           Min: 0, Avg:  0.0, Max: 0, Diff: 0, Sum: 0, Workers: 4
[7.334s][debug][gc,phases      ] GC(12)     Total                          Min: 0, Avg:  0.0, Max: 0, Diff: 0, Sum: 0, Workers: 4
[7.334s][debug][gc,phases      ] GC(12)   StringTable Weak               Min:  0.3, Avg:  0.3, Max:  0.3, Diff:  0.0, Sum:  1.3, Workers: 4
[7.334s][debug][gc,phases      ] GC(12)     Dead                           Min: 0, Avg:  0.0, Max: 0, Diff: 0, Sum: 0, Workers: 4
[7.334s][debug][gc,phases      ] GC(12)     Total                          Min: 8128, Avg: 9945.5, Max: 11770, Diff: 3642, Sum: 39782, Workers: 4
[7.334s][debug][gc,phases      ] GC(12)   ResolvedMethodTable Weak       Min:  0.0, Avg:  0.0, Max:  0.0, Diff:  0.0, Sum:  0.2, Workers: 4
[7.334s][debug][gc,phases      ] GC(12)     Dead                           Min: 0, Avg:  0.0, Max: 0, Diff: 0, Sum: 0, Workers: 4
[7.334s][debug][gc,phases      ] GC(12)     Total                          Min: 896, Avg: 1462.2, Max: 1728, Diff: 832, Sum: 5849, Workers: 4
[7.334s][debug][gc,phases      ] GC(12)   JNI Weak                       Min:  0.0, Avg:  0.0, Max:  0.0, Diff:  0.0, Sum:  0.0, Workers: 4
[7.334s][debug][gc,phases      ] GC(12)     Dead                           Min: 0, Avg:  0.0, Max: 0, Diff: 0, Sum: 0, Workers: 4
[7.334s][debug][gc,phases      ] GC(12)     Total                          Min: 0, Avg:  5.5, Max: 22, Diff: 22, Sum: 22, Workers: 4
[7.334s][debug][gc,phases      ] GC(12)   StringDedup Table Weak         Min:  0.0, Avg:  0.0, Max:  0.0, Diff:  0.0, Sum:  0.0, Workers: 4
[7.334s][debug][gc,phases      ] GC(12)     Dead                           Min: 0, Avg:  0.0, Max: 0, Diff: 0, Sum: 0, Workers: 4
[7.334s][debug][gc,phases      ] GC(12)     Total                          Min: 0, Avg:  0.0, Max: 0, Diff: 0, Sum: 0, Workers: 4
[7.334s][debug][gc,phases      ] GC(12)   StringDedup Requests0 Weak     Min:  0.0, Avg:  0.0, Max:  0.0, Diff:  0.0, Sum:  0.0, Workers: 4
[7.334s][debug][gc,phases      ] GC(12)     Dead                           Min: 0, Avg:  0.0, Max: 0, Diff: 0, Sum: 0, Workers: 4
[7.334s][debug][gc,phases      ] GC(12)     Total                          Min: 0, Avg:  0.0, Max: 0, Diff: 0, Sum: 0, Workers: 4
[7.334s][debug][gc,phases      ] GC(12)   StringDedup Requests1 Weak     Min:  0.0, Avg:  0.0, Max:  0.0, Diff:  0.0, Sum:  0.0, Workers: 4
[7.334s][debug][gc,phases      ] GC(12)     Dead                           Min: 0, Avg:  0.0, Max: 0, Diff: 0, Sum: 0, Workers: 4
[7.334s][debug][gc,phases      ] GC(12)     Total                          Min: 0, Avg:  0.0, Max: 0, Diff: 0, Sum: 0, Workers: 4
[7.334s][debug][gc,phases      ] GC(12)   Weak JFR Old Object Samples    Min:  0.0, Avg:  0.0, Max:  0.0, Diff:  0.0, Sum:  0.0, Workers: 4
[7.334s][debug][gc,phases      ] GC(12)     Dead                           Min: 0, Avg:  0.0, Max: 0, Diff: 0, Sum: 0, Workers: 4
[7.334s][debug][gc,phases      ] GC(12)     Total                          Min: 0, Avg:  0.0, Max: 0, Diff: 0, Sum: 0, Workers: 4
[7.334s][debug][gc,phases      ] GC(12) Weak Processing 0.590ms
[7.334s][debug][gc,age         ] GC(12) Desired survivor size 298319872 bytes, new threshold 12 (max threshold 15)
[7.334s][info ][gc,heap        ] GC(12) PSYoungGen: 1704361K(1805312K)->190943K(1706496K) Eden: 1515520K(1515520K)->0K(1515520K) From: 188841K(289792K)->190943K(190976K)
[7.334s][info ][gc,heap        ] GC(12) ParOldGen: 6196K(18944K)->6204K(18944K)
[7.334s][info ][gc,metaspace   ] GC(12) Metaspace: 58550K(59200K)->58550K(59200K) NonClass: 49874K(50240K)->49874K(50240K) Class: 8675K(8960K)->8675K(8960K)
[7.334s][info ][gc             ] GC(12) Pause Young (Allocation Failure) 1670M->192M(1685M) 67.101ms
[7.334s][info ][gc,cpu         ] GC(12) User=0.27s Sys=0.01s Real=0.06s
[7.334s][info ][safepoint      ] Safepoint "ParallelGCFailedAllocation", Time since last: 279000496 ns, Reaching safepoint: 204413 ns, At safepoint: 67218474 ns, Total: 67422887 ns
[7.649s][info ][gc,start       ] GC(13) Pause Young (Allocation Failure)
[7.724s][debug][gc,phases      ] GC(13) Scavenge 75.349ms
[7.724s][debug][gc,ref         ] GC(13) Skipped phase 1 of Reference Processing: no references
[7.724s][debug][gc,ref         ] GC(13) ReferenceProcessor::execute queues: 4, RefProcThreadModel::Multi, marks_oops_alive: false
[7.725s][debug][gc,ref         ] GC(13) Skipped phase 3 of Reference Processing: no references
[7.725s][debug][gc,ref         ] GC(13) ReferenceProcessor::execute queues: 1, RefProcThreadModel::Single, marks_oops_alive: false
[7.725s][debug][gc,phases      ] GC(13) Reference Processing 0.311ms
[7.725s][debug][gc,phases      ] GC(13)   VM Weak                        Min:  0.0, Avg:  0.0, Max:  0.0, Diff:  0.0, Sum:  0.0, Workers: 4
[7.725s][debug][gc,phases      ] GC(13)     Dead                           Min: 0, Avg:  0.0, Max: 0, Diff: 0, Sum: 0, Workers: 4
[7.725s][debug][gc,phases      ] GC(13)     Total                          Min: 0, Avg: 107.0, Max: 364, Diff: 364, Sum: 428, Workers: 4
[7.725s][debug][gc,phases      ] GC(13)   ObjectSynchronizer Weak        Min:  0.0, Avg:  0.0, Max:  0.0, Diff:  0.0, Sum:  0.0, Workers: 4
[7.725s][debug][gc,phases      ] GC(13)     Dead                           Min: 0, Avg:  0.0, Max: 0, Diff: 0, Sum: 0, Workers: 4
[7.725s][debug][gc,phases      ] GC(13)     Total                          Min: 0, Avg: 98.2, Max: 192, Diff: 192, Sum: 393, Workers: 4
[7.725s][debug][gc,phases      ] GC(13)   JVMTI Tag Weak OopStorage      Min:  0.0, Avg:  0.0, Max:  0.0, Diff:  0.0, Sum:  0.0, Workers: 4
[7.725s][debug][gc,phases      ] GC(13)     Dead                           Min: 0, Avg:  0.0, Max: 0, Diff: 0, Sum: 0, Workers: 4
[7.725s][debug][gc,phases      ] GC(13)     Total                          Min: 0, Avg:  0.0, Max: 0, Diff: 0, Sum: 0, Workers: 4
[7.725s][debug][gc,phases      ] GC(13)   StringTable Weak               Min:  0.3, Avg:  0.3, Max:  0.3, Diff:  0.0, Sum:  1.3, Workers: 4
[7.725s][debug][gc,phases      ] GC(13)     Dead                           Min: 0, Avg:  3.0, Max: 12, Diff: 12, Sum: 12, Workers: 4
[7.725s][debug][gc,phases      ] GC(13)     Total                          Min: 7930, Avg: 9946.0, Max: 12288, Diff: 4358, Sum: 39784, Workers: 4
[7.725s][debug][gc,phases      ] GC(13)   ResolvedMethodTable Weak       Min:  0.1, Avg:  0.1, Max:  0.1, Diff:  0.0, Sum:  0.2, Workers: 4
[7.725s][debug][gc,phases      ] GC(13)     Dead                           Min: 0, Avg:  0.0, Max: 0, Diff: 0, Sum: 0, Workers: 4
[7.725s][debug][gc,phases      ] GC(13)     Total                          Min: 960, Avg: 1462.2, Max: 2112, Diff: 1152, Sum: 5849, Workers: 4
[7.725s][debug][gc,phases      ] GC(13)   JNI Weak                       Min:  0.0, Avg:  0.0, Max:  0.0, Diff:  0.0, Sum:  0.0, Workers: 4
[7.725s][debug][gc,phases      ] GC(13)     Dead                           Min: 0, Avg:  0.0, Max: 0, Diff: 0, Sum: 0, Workers: 4
[7.725s][debug][gc,phases      ] GC(13)     Total                          Min: 0, Avg:  5.2, Max: 21, Diff: 21, Sum: 21, Workers: 4
[7.725s][debug][gc,phases      ] GC(13)   StringDedup Table Weak         Min:  0.0, Avg:  0.0, Max:  0.0, Diff:  0.0, Sum:  0.0, Workers: 4
[7.725s][debug][gc,phases      ] GC(13)     Dead                           Min: 0, Avg:  0.0, Max: 0, Diff: 0, Sum: 0, Workers: 4
[7.725s][debug][gc,phases      ] GC(13)     Total                          Min: 0, Avg:  0.0, Max: 0, Diff: 0, Sum: 0, Workers: 4
[7.725s][debug][gc,phases      ] GC(13)   StringDedup Requests0 Weak     Min:  0.0, Avg:  0.0, Max:  0.0, Diff:  0.0, Sum:  0.0, Workers: 4
[7.725s][debug][gc,phases      ] GC(13)     Dead                           Min: 0, Avg:  0.0, Max: 0, Diff: 0, Sum: 0, Workers: 4
[7.725s][debug][gc,phases      ] GC(13)     Total                          Min: 0, Avg:  0.0, Max: 0, Diff: 0, Sum: 0, Workers: 4
[7.725s][debug][gc,phases      ] GC(13)   StringDedup Requests1 Weak     Min:  0.0, Avg:  0.0, Max:  0.0, Diff:  0.0, Sum:  0.0, Workers: 4
[7.725s][debug][gc,phases      ] GC(13)     Dead                           Min: 0, Avg:  0.0, Max: 0, Diff: 0, Sum: 0, Workers: 4
[7.725s][debug][gc,phases      ] GC(13)     Total                          Min: 0, Avg:  0.0, Max: 0, Diff: 0, Sum: 0, Workers: 4
[7.725s][debug][gc,phases      ] GC(13)   Weak JFR Old Object Samples    Min:  0.0, Avg:  0.0, Max:  0.0, Diff:  0.0, Sum:  0.0, Workers: 4
[7.725s][debug][gc,phases      ] GC(13)     Dead                           Min: 0, Avg:  0.0, Max: 0, Diff: 0, Sum: 0, Workers: 4
[7.725s][debug][gc,phases      ] GC(13)     Total                          Min: 0, Avg:  0.0, Max: 0, Diff: 0, Sum: 0, Workers: 4
[7.725s][debug][gc,phases      ] GC(13) Weak Processing 0.583ms
[7.725s][debug][gc,age         ] GC(13) Desired survivor size 299368448 bytes, new threshold 12 (max threshold 15)
[7.725s][info ][gc,heap        ] GC(13) PSYoungGen: 1706463K(1706496K)->194130K(1803776K) Eden: 1515520K(1515520K)->0K(1512448K) From: 190943K(190976K)->194130K(291328K)
[7.725s][info ][gc,heap        ] GC(13) ParOldGen: 6204K(18944K)->6204K(18944K)
[7.725s][info ][gc,metaspace   ] GC(13) Metaspace: 58554K(59200K)->58554K(59200K) NonClass: 49878K(50240K)->49878K(50240K) Class: 8675K(8960K)->8675K(8960K)
[7.725s][info ][gc             ] GC(13) Pause Young (Allocation Failure) 1672M->195M(1780M) 76.388ms
[7.725s][info ][gc,cpu         ] GC(13) User=0.29s Sys=0.00s Real=0.08s
[7.725s][info ][safepoint      ] Safepoint "ParallelGCFailedAllocation", Time since last: 314495295 ns, Reaching safepoint: 172511 ns, At safepoint: 76503223 ns, Total: 76675734 ns
[7.903s][info ][safepoint      ] Safepoint "ICBufferFull", Time since last: 177404590 ns, Reaching safepoint: 270816 ns, At safepoint: 42802 ns, Total: 313618 ns
[8.019s][info ][gc,start       ] GC(14) Pause Young (Allocation Failure)
[8.087s][debug][gc,phases      ] GC(14) Scavenge 67.007ms
[8.087s][debug][gc,ref         ] GC(14) Skipped phase 1 of Reference Processing: no references
[8.087s][debug][gc,ref         ] GC(14) ReferenceProcessor::execute queues: 4, RefProcThreadModel::Multi, marks_oops_alive: false
[8.087s][debug][gc,ref         ] GC(14) Skipped phase 3 of Reference Processing: no references
[8.087s][debug][gc,ref         ] GC(14) ReferenceProcessor::execute queues: 1, RefProcThreadModel::Single, marks_oops_alive: false
[8.087s][debug][gc,phases      ] GC(14) Reference Processing 0.309ms
[8.087s][debug][gc,phases      ] GC(14)   VM Weak                        Min:  0.0, Avg:  0.0, Max:  0.0, Diff:  0.0, Sum:  0.0, Workers: 4
[8.087s][debug][gc,phases      ] GC(14)     Dead                           Min: 0, Avg:  0.0, Max: 0, Diff: 0, Sum: 0, Workers: 4
[8.087s][debug][gc,phases      ] GC(14)     Total                          Min: 0, Avg: 107.0, Max: 256, Diff: 256, Sum: 428, Workers: 4
[8.087s][debug][gc,phases      ] GC(14)   ObjectSynchronizer Weak        Min:  0.0, Avg:  0.0, Max:  0.0, Diff:  0.0, Sum:  0.0, Workers: 4
[8.087s][debug][gc,phases      ] GC(14)     Dead                           Min: 0, Avg:  0.0, Max: 0, Diff: 0, Sum: 0, Workers: 4
[8.087s][debug][gc,phases      ] GC(14)     Total                          Min: 0, Avg: 98.2, Max: 192, Diff: 192, Sum: 393, Workers: 4
[8.087s][debug][gc,phases      ] GC(14)   JVMTI Tag Weak OopStorage      Min:  0.0, Avg:  0.0, Max:  0.0, Diff:  0.0, Sum:  0.0, Workers: 4
[8.087s][debug][gc,phases      ] GC(14)     Dead                           Min: 0, Avg:  0.0, Max: 0, Diff: 0, Sum: 0, Workers: 4
[8.087s][debug][gc,phases      ] GC(14)     Total                          Min: 0, Avg:  0.0, Max: 0, Diff: 0, Sum: 0, Workers: 4
[8.087s][debug][gc,phases      ] GC(14)   StringTable Weak               Min:  0.3, Avg:  0.3, Max:  0.3, Diff:  0.0, Sum:  1.3, Workers: 4
[8.087s][debug][gc,phases      ] GC(14)     Dead                           Min: 0, Avg:  3.0, Max: 12, Diff: 12, Sum: 12, Workers: 4
[8.087s][debug][gc,phases      ] GC(14)     Total                          Min: 6784, Avg: 9950.5, Max: 12160, Diff: 5376, Sum: 39802, Workers: 4
[8.087s][debug][gc,phases      ] GC(14)   ResolvedMethodTable Weak       Min:  0.0, Avg:  0.0, Max:  0.1, Diff:  0.0, Sum:  0.2, Workers: 4
[8.087s][debug][gc,phases      ] GC(14)     Dead                           Min: 0, Avg:  0.0, Max: 0, Diff: 0, Sum: 0, Workers: 4
[8.087s][debug][gc,phases      ] GC(14)     Total                          Min: 1024, Avg: 1462.2, Max: 1664, Diff: 640, Sum: 5849, Workers: 4
[8.087s][debug][gc,phases      ] GC(14)   JNI Weak                       Min:  0.0, Avg:  0.0, Max:  0.0, Diff:  0.0, Sum:  0.0, Workers: 4
[8.087s][debug][gc,phases      ] GC(14)     Dead                           Min: 0, Avg:  0.0, Max: 0, Diff: 0, Sum: 0, Workers: 4
[8.087s][debug][gc,phases      ] GC(14)     Total                          Min: 0, Avg:  2.8, Max: 11, Diff: 11, Sum: 11, Workers: 4
[8.087s][debug][gc,phases      ] GC(14)   StringDedup Table Weak         Min:  0.0, Avg:  0.0, Max:  0.0, Diff:  0.0, Sum:  0.0, Workers: 4
[8.087s][debug][gc,phases      ] GC(14)     Dead                           Min: 0, Avg:  0.0, Max: 0, Diff: 0, Sum: 0, Workers: 4
[8.087s][debug][gc,phases      ] GC(14)     Total                          Min: 0, Avg:  0.0, Max: 0, Diff: 0, Sum: 0, Workers: 4
[8.087s][debug][gc,phases      ] GC(14)   StringDedup Requests0 Weak     Min:  0.0, Avg:  0.0, Max:  0.0, Diff:  0.0, Sum:  0.0, Workers: 4
[8.087s][debug][gc,phases      ] GC(14)     Dead                           Min: 0, Avg:  0.0, Max: 0, Diff: 0, Sum: 0, Workers: 4
[8.087s][debug][gc,phases      ] GC(14)     Total                          Min: 0, Avg:  0.0, Max: 0, Diff: 0, Sum: 0, Workers: 4
[8.087s][debug][gc,phases      ] GC(14)   StringDedup Requests1 Weak     Min:  0.0, Avg:  0.0, Max:  0.0, Diff:  0.0, Sum:  0.0, Workers: 4
[8.087s][debug][gc,phases      ] GC(14)     Dead                           Min: 0, Avg:  0.0, Max: 0, Diff: 0, Sum: 0, Workers: 4
[8.087s][debug][gc,phases      ] GC(14)     Total                          Min: 0, Avg:  0.0, Max: 0, Diff: 0, Sum: 0, Workers: 4
[8.087s][debug][gc,phases      ] GC(14)   Weak JFR Old Object Samples    Min:  0.0, Avg:  0.0, Max:  0.0, Diff:  0.0, Sum:  0.0, Workers: 4
[8.087s][debug][gc,phases      ] GC(14)     Dead                           Min: 0, Avg:  0.0, Max: 0, Diff: 0, Sum: 0, Workers: 4
[8.087s][debug][gc,phases      ] GC(14)     Total                          Min: 0, Avg:  0.0, Max: 0, Diff: 0, Sum: 0, Workers: 4
[8.087s][debug][gc,phases      ] GC(14) Weak Processing 0.583ms
[8.087s][debug][gc,age         ] GC(14) Desired survivor size 299892736 bytes, new threshold 12 (max threshold 15)
[8.087s][info ][gc,heap        ] GC(14) PSYoungGen: 1706578K(1803776K)->196504K(1709056K) Eden: 1512448K(1512448K)->0K(1512448K) From: 194130K(291328K)->196504K(196608K)
[8.087s][info ][gc,heap        ] GC(14) ParOldGen: 6204K(18944K)->6212K(18944K)
[8.087s][info ][gc,metaspace   ] GC(14) Metaspace: 58575K(59200K)->58575K(59200K) NonClass: 49897K(50240K)->49897K(50240K) Class: 8677K(8960K)->8677K(8960K)
[8.087s][info ][gc             ] GC(14) Pause Young (Allocation Failure) 1672M->197M(1687M) 68.021ms
[8.088s][info ][gc,cpu         ] GC(14) User=0.27s Sys=0.00s Real=0.07s
[8.088s][info ][safepoint      ] Safepoint "ParallelGCFailedAllocation", Time since last: 116280876 ns, Reaching safepoint: 203012 ns, At safepoint: 68127328 ns, Total: 68330340 ns
[8.300s][info ][safepoint      ] Safepoint "ICBufferFull", Time since last: 212410159 ns, Reaching safepoint: 169310 ns, At safepoint: 31202 ns, Total: 200512 ns
[8.312s][info ][safepoint      ] Safepoint "ICBufferFull", Time since last: 11627188 ns, Reaching safepoint: 113806 ns, At safepoint: 28102 ns, Total: 141908 ns
[8.313s][info ][safepoint      ] Safepoint "ICBufferFull", Time since last: 695141 ns, Reaching safepoint: 92906 ns, At safepoint: 28701 ns, Total: 121607 ns
[8.314s][info ][safepoint      ] Safepoint "ICBufferFull", Time since last: 683241 ns, Reaching safepoint: 92005 ns, At safepoint: 29602 ns, Total: 121607 ns
[8.314s][info ][safepoint      ] Safepoint "ICBufferFull", Time since last: 700641 ns, Reaching safepoint: 93906 ns, At safepoint: 28202 ns, Total: 122108 ns
[8.315s][info ][safepoint      ] Safepoint "ICBufferFull", Time since last: 721842 ns, Reaching safepoint: 93606 ns, At safepoint: 27701 ns, Total: 121307 ns
[8.317s][info ][safepoint      ] Safepoint "ICBufferFull", Time since last: 1257975 ns, Reaching safepoint: 102406 ns, At safepoint: 33202 ns, Total: 135608 ns
[8.318s][info ][safepoint      ] Safepoint "ICBufferFull", Time since last: 704241 ns, Reaching safepoint: 297618 ns, At safepoint: 27302 ns, Total: 324920 ns
[8.319s][info ][safepoint      ] Safepoint "ICBufferFull", Time since last: 670939 ns, Reaching safepoint: 645338 ns, At safepoint: 22802 ns, Total: 668140 ns
[8.320s][info ][safepoint      ] Safepoint "ICBufferFull", Time since last: 753544 ns, Reaching safepoint: 88806 ns, At safepoint: 24801 ns, Total: 113607 ns
[8.321s][info ][safepoint      ] Safepoint "ICBufferFull", Time since last: 874052 ns, Reaching safepoint: 87805 ns, At safepoint: 22701 ns, Total: 110506 ns
[8.322s][info ][safepoint      ] Safepoint "ICBufferFull", Time since last: 670940 ns, Reaching safepoint: 89605 ns, At safepoint: 22102 ns, Total: 111707 ns
[8.322s][info ][safepoint      ] Safepoint "ICBufferFull", Time since last: 686440 ns, Reaching safepoint: 90406 ns, At safepoint: 27201 ns, Total: 117607 ns
[8.323s][info ][safepoint      ] Safepoint "ICBufferFull", Time since last: 714742 ns, Reaching safepoint: 93006 ns, At safepoint: 27402 ns, Total: 120408 ns
[8.324s][info ][safepoint      ] Safepoint "ICBufferFull", Time since last: 683140 ns, Reaching safepoint: 92305 ns, At safepoint: 25802 ns, Total: 118107 ns
[8.325s][info ][safepoint      ] Safepoint "ICBufferFull", Time since last: 713842 ns, Reaching safepoint: 91406 ns, At safepoint: 25501 ns, Total: 116907 ns
[8.335s][info ][safepoint      ] Safepoint "ICBufferFull", Time since last: 6060358 ns, Reaching safepoint: 4238451 ns, At safepoint: 34902 ns, Total: 4273353 ns
[8.434s][info ][gc,start       ] GC(15) Pause Young (Allocation Failure)
[8.503s][debug][gc,phases      ] GC(15) Scavenge 69.664ms
[8.503s][debug][gc,ref         ] GC(15) Skipped phase 1 of Reference Processing: no references
[8.504s][debug][gc,ref         ] GC(15) ReferenceProcessor::execute queues: 3, RefProcThreadModel::Multi, marks_oops_alive: false
[8.504s][debug][gc,ref         ] GC(15) Skipped phase 3 of Reference Processing: no references
[8.504s][debug][gc,ref         ] GC(15) ReferenceProcessor::execute queues: 1, RefProcThreadModel::Single, marks_oops_alive: false
[8.504s][debug][gc,phases      ] GC(15) Reference Processing 0.281ms
[8.504s][debug][gc,phases      ] GC(15)   VM Weak                        Min:  0.0, Avg:  0.0, Max:  0.0, Diff:  0.0, Sum:  0.0, Workers: 4
[8.504s][debug][gc,phases      ] GC(15)     Dead                           Min: 0, Avg:  0.0, Max: 0, Diff: 0, Sum: 0, Workers: 4
[8.504s][debug][gc,phases      ] GC(15)     Total                          Min: 0, Avg: 109.8, Max: 256, Diff: 256, Sum: 439, Workers: 4
[8.504s][debug][gc,phases      ] GC(15)   ObjectSynchronizer Weak        Min:  0.0, Avg:  0.0, Max:  0.0, Diff:  0.0, Sum:  0.0, Workers: 4
[8.504s][debug][gc,phases      ] GC(15)     Dead                           Min: 0, Avg:  0.0, Max: 0, Diff: 0, Sum: 0, Workers: 4
[8.504s][debug][gc,phases      ] GC(15)     Total                          Min: 0, Avg: 98.2, Max: 256, Diff: 256, Sum: 393, Workers: 4
[8.504s][debug][gc,phases      ] GC(15)   JVMTI Tag Weak OopStorage      Min:  0.0, Avg:  0.0, Max:  0.0, Diff:  0.0, Sum:  0.0, Workers: 4
[8.504s][debug][gc,phases      ] GC(15)     Dead                           Min: 0, Avg:  0.0, Max: 0, Diff: 0, Sum: 0, Workers: 4
[8.504s][debug][gc,phases      ] GC(15)     Total                          Min: 0, Avg:  0.0, Max: 0, Diff: 0, Sum: 0, Workers: 4
[8.504s][debug][gc,phases      ] GC(15)   StringTable Weak               Min:  0.3, Avg:  0.3, Max:  0.3, Diff:  0.0, Sum:  1.2, Workers: 4
[8.504s][debug][gc,phases      ] GC(15)     Dead                           Min: 0, Avg:  4.5, Max: 13, Diff: 13, Sum: 18, Workers: 4
[8.504s][debug][gc,phases      ] GC(15)     Total                          Min: 8704, Avg: 9983.2, Max: 11520, Diff: 2816, Sum: 39933, Workers: 4
[8.504s][debug][gc,phases      ] GC(15)   ResolvedMethodTable Weak       Min:  0.0, Avg:  0.0, Max:  0.0, Diff:  0.0, Sum:  0.2, Workers: 4
[8.504s][debug][gc,phases      ] GC(15)     Dead                           Min: 0, Avg:  1.2, Max: 5, Diff: 5, Sum: 5, Workers: 4
[8.504s][debug][gc,phases      ] GC(15)     Total                          Min: 1348, Avg: 1489.0, Max: 1600, Diff: 252, Sum: 5956, Workers: 4
[8.504s][debug][gc,phases      ] GC(15)   JNI Weak                       Min:  0.0, Avg:  0.0, Max:  0.0, Diff:  0.0, Sum:  0.0, Workers: 4
[8.504s][debug][gc,phases      ] GC(15)     Dead                           Min: 0, Avg:  0.0, Max: 0, Diff: 0, Sum: 0, Workers: 4
[8.504s][debug][gc,phases      ] GC(15)     Total                          Min: 0, Avg:  0.0, Max: 0, Diff: 0, Sum: 0, Workers: 4
[8.504s][debug][gc,phases      ] GC(15)   StringDedup Table Weak         Min:  0.0, Avg:  0.0, Max:  0.0, Diff:  0.0, Sum:  0.0, Workers: 4
[8.504s][debug][gc,phases      ] GC(15)     Dead                           Min: 0, Avg:  0.0, Max: 0, Diff: 0, Sum: 0, Workers: 4
[8.504s][debug][gc,phases      ] GC(15)     Total                          Min: 0, Avg:  0.0, Max: 0, Diff: 0, Sum: 0, Workers: 4
[8.504s][debug][gc,phases      ] GC(15)   StringDedup Requests0 Weak     Min:  0.0, Avg:  0.0, Max:  0.0, Diff:  0.0, Sum:  0.0, Workers: 4
[8.504s][debug][gc,phases      ] GC(15)     Dead                           Min: 0, Avg:  0.0, Max: 0, Diff: 0, Sum: 0, Workers: 4
[8.504s][debug][gc,phases      ] GC(15)     Total                          Min: 0, Avg:  0.0, Max: 0, Diff: 0, Sum: 0, Workers: 4
[8.504s][debug][gc,phases      ] GC(15)   StringDedup Requests1 Weak     Min:  0.0, Avg:  0.0, Max:  0.0, Diff:  0.0, Sum:  0.0, Workers: 4
[8.504s][debug][gc,phases      ] GC(15)     Dead                           Min: 0, Avg:  0.0, Max: 0, Diff: 0, Sum: 0, Workers: 4
[8.504s][debug][gc,phases      ] GC(15)     Total                          Min: 0, Avg:  0.0, Max: 0, Diff: 0, Sum: 0, Workers: 4
[8.504s][debug][gc,phases      ] GC(15)   Weak JFR Old Object Samples    Min:  0.0, Avg:  0.0, Max:  0.0, Diff:  0.0, Sum:  0.0, Workers: 4
[8.504s][debug][gc,phases      ] GC(15)     Dead                           Min: 0, Avg:  0.0, Max: 0, Diff: 0, Sum: 0, Workers: 4
[8.504s][debug][gc,phases      ] GC(15)     Total                          Min: 0, Avg:  0.0, Max: 0, Diff: 0, Sum: 0, Workers: 4
[8.504s][debug][gc,phases      ] GC(15) Weak Processing 0.545ms
[8.504s][debug][gc,age         ] GC(15) Desired survivor size 292552704 bytes, new threshold 12 (max threshold 15)
[8.504s][info ][gc,heap        ] GC(15) PSYoungGen: 1708952K(1709056K)->179719K(1811456K) Eden: 1512448K(1512448K)->0K(1518592K) From: 196504K(196608K)->179719K(292864K)
[8.504s][info ][gc,heap        ] GC(15) ParOldGen: 6212K(18944K)->26354K(26624K)
[8.504s][info ][gc,metaspace   ] GC(15) Metaspace: 59025K(59648K)->59025K(59648K) NonClass: 50281K(50624K)->50281K(50624K) Class: 8744K(9024K)->8744K(9024K)
[8.504s][info ][gc             ] GC(15) Pause Young (Allocation Failure) 1674M->201M(1795M) 70.632ms
[8.504s][info ][gc,cpu         ] GC(15) User=0.29s Sys=0.00s Real=0.08s
[8.504s][debug][gc,phases      ] GC(16) Pre Compact 0.010ms
[8.504s][info ][gc,start       ] GC(16) Pause Full (Ergonomics)
[8.504s][info ][gc,phases,start] GC(16) Marking Phase
[8.581s][debug][gc,phases      ] GC(16) Par Mark 76.428ms
[8.581s][debug][gc,ref         ] GC(16) Skipped phase 1 of Reference Processing: no references
[8.581s][debug][gc,ref         ] GC(16) ReferenceProcessor::execute queues: 4, RefProcThreadModel::Multi, marks_oops_alive: false
[8.581s][debug][gc,ref         ] GC(16) Skipped phase 3 of Reference Processing: no references
[8.581s][debug][gc,ref         ] GC(16) ReferenceProcessor::execute queues: 1, RefProcThreadModel::Single, marks_oops_alive: false
[8.581s][debug][gc,phases      ] GC(16) Reference Processing 0.296ms
[8.581s][debug][gc,phases      ] GC(16)   VM Weak                        Min:  0.0, Avg:  0.0, Max:  0.0, Diff:  0.0, Sum:  0.0, Workers: 4
[8.581s][debug][gc,phases      ] GC(16)     Dead                           Min: 0, Avg:  0.0, Max: 0, Diff: 0, Sum: 0, Workers: 4
[8.581s][debug][gc,phases      ] GC(16)     Total                          Min: 0, Avg: 109.8, Max: 247, Diff: 247, Sum: 439, Workers: 4
[8.581s][debug][gc,phases      ] GC(16)   ObjectSynchronizer Weak        Min:  0.0, Avg:  0.0, Max:  0.0, Diff:  0.0, Sum:  0.0, Workers: 4
[8.581s][debug][gc,phases      ] GC(16)     Dead                           Min: 0, Avg:  0.0, Max: 0, Diff: 0, Sum: 0, Workers: 4
[8.581s][debug][gc,phases      ] GC(16)     Total                          Min: 0, Avg: 98.2, Max: 137, Diff: 137, Sum: 393, Workers: 4
[8.581s][debug][gc,phases      ] GC(16)   JVMTI Tag Weak OopStorage      Min:  0.0, Avg:  0.0, Max:  0.0, Diff:  0.0, Sum:  0.0, Workers: 4
[8.581s][debug][gc,phases      ] GC(16)     Dead                           Min: 0, Avg:  0.0, Max: 0, Diff: 0, Sum: 0, Workers: 4
[8.581s][debug][gc,phases      ] GC(16)     Total                          Min: 0, Avg:  0.0, Max: 0, Diff: 0, Sum: 0, Workers: 4
[8.581s][debug][gc,phases      ] GC(16)   StringTable Weak               Min:  0.1, Avg:  0.1, Max:  0.1, Diff:  0.0, Sum:  0.5, Workers: 4
[8.581s][debug][gc,phases      ] GC(16)     Dead                           Min: 0, Avg:  0.0, Max: 0, Diff: 0, Sum: 0, Workers: 4
[8.581s][debug][gc,phases      ] GC(16)     Total                          Min: 9216, Avg: 9983.2, Max: 10365, Diff: 1149, Sum: 39933, Workers: 4
[8.581s][debug][gc,phases      ] GC(16)   ResolvedMethodTable Weak       Min:  0.0, Avg:  0.0, Max:  0.0, Diff:  0.0, Sum:  0.1, Workers: 4
[8.581s][debug][gc,phases      ] GC(16)     Dead                           Min: 0, Avg:  0.0, Max: 0, Diff: 0, Sum: 0, Workers: 4
[8.581s][debug][gc,phases      ] GC(16)     Total                          Min: 1348, Avg: 1489.0, Max: 1600, Diff: 252, Sum: 5956, Workers: 4
[8.581s][debug][gc,phases      ] GC(16)   JNI Weak                       Min:  0.0, Avg:  0.0, Max:  0.0, Diff:  0.0, Sum:  0.0, Workers: 4
[8.582s][debug][gc,phases      ] GC(16)     Dead                           Min: 0, Avg:  0.0, Max: 0, Diff: 0, Sum: 0, Workers: 4
[8.582s][debug][gc,phases      ] GC(16)     Total                          Min: 0, Avg:  0.0, Max: 0, Diff: 0, Sum: 0, Workers: 4
[8.582s][debug][gc,phases      ] GC(16)   StringDedup Table Weak         Min:  0.0, Avg:  0.0, Max:  0.0, Diff:  0.0, Sum:  0.0, Workers: 4
[8.582s][debug][gc,phases      ] GC(16)     Dead                           Min: 0, Avg:  0.0, Max: 0, Diff: 0, Sum: 0, Workers: 4
[8.582s][debug][gc,phases      ] GC(16)     Total                          Min: 0, Avg:  0.0, Max: 0, Diff: 0, Sum: 0, Workers: 4
[8.582s][debug][gc,phases      ] GC(16)   StringDedup Requests0 Weak     Min:  0.0, Avg:  0.0, Max:  0.0, Diff:  0.0, Sum:  0.0, Workers: 4
[8.582s][debug][gc,phases      ] GC(16)     Dead                           Min: 0, Avg:  0.0, Max: 0, Diff: 0, Sum: 0, Workers: 4
[8.582s][debug][gc,phases      ] GC(16)     Total                          Min: 0, Avg:  0.0, Max: 0, Diff: 0, Sum: 0, Workers: 4
[8.582s][debug][gc,phases      ] GC(16)   StringDedup Requests1 Weak     Min:  0.0, Avg:  0.0, Max:  0.0, Diff:  0.0, Sum:  0.0, Workers: 4
[8.582s][debug][gc,phases      ] GC(16)     Dead                           Min: 0, Avg:  0.0, Max: 0, Diff: 0, Sum: 0, Workers: 4
[8.582s][debug][gc,phases      ] GC(16)     Total                          Min: 0, Avg:  0.0, Max: 0, Diff: 0, Sum: 0, Workers: 4
[8.582s][debug][gc,phases      ] GC(16)   Weak JFR Old Object Samples    Min:  0.0, Avg:  0.0, Max:  0.0, Diff:  0.0, Sum:  0.0, Workers: 4
[8.582s][debug][gc,phases      ] GC(16)     Dead                           Min: 0, Avg:  0.0, Max: 0, Diff: 0, Sum: 0, Workers: 4
[8.582s][debug][gc,phases      ] GC(16)     Total                          Min: 0, Avg:  0.0, Max: 0, Diff: 0, Sum: 0, Workers: 4
[8.582s][debug][gc,phases      ] GC(16) Weak Processing 0.352ms
[8.582s][debug][gc,phases      ] GC(16) ClassLoaderData 0.060ms
[8.582s][debug][gc,phases      ] GC(16) Trigger cleanups 0.000ms
[8.589s][debug][gc,phases      ] GC(16) Class Unloading 6.946ms
[8.589s][info ][gc,phases      ] GC(16) Marking Phase 84.167ms
[8.589s][info ][gc,phases,start] GC(16) Summary Phase
[8.589s][info ][gc,phases      ] GC(16) Summary Phase 0.010ms
[8.589s][info ][gc,phases,start] GC(16) Adjust Roots
[8.598s][info ][gc,phases      ] GC(16) Adjust Roots 9.135ms
[8.598s][info ][gc,phases,start] GC(16) Compaction Phase
[9.635s][info ][gc,phases      ] GC(16) Compaction Phase 1037.464ms
[9.635s][info ][gc,phases,start] GC(16) Post Compact
[9.636s][info ][gc,phases      ] GC(16) Post Compact 1.177ms
[9.636s][info ][gc,heap        ] GC(16) PSYoungGen: 179719K(1811456K)->179369K(1811456K) Eden: 0K(1518592K)->0K(1518592K) From: 179719K(292864K)->179369K(292864K)
[9.637s][info ][gc,heap        ] GC(16) ParOldGen: 26354K(26624K)->26226K(52736K)
[9.637s][info ][gc,metaspace   ] GC(16) Metaspace: 59025K(59648K)->59025K(59648K) NonClass: 50281K(50624K)->50281K(50624K) Class: 8744K(9024K)->8744K(9024K)
[9.637s][info ][gc             ] GC(16) Pause Full (Ergonomics) 201M->200M(1820M) 1132.169ms
[9.637s][info ][gc,cpu         ] GC(16) User=2.40s Sys=0.02s Real=1.13s
[9.637s][info ][safepoint      ] Safepoint "ParallelGCFailedAllocation", Time since last: 96227690 ns, Reaching safepoint: 2180729 ns, At safepoint: 1202983129 ns, Total: 1205163858 ns
[9.655s][info ][safepoint      ] Safepoint "ICBufferFull", Time since last: 18335685 ns, Reaching safepoint: 137808 ns, At safepoint: 39502 ns, Total: 177310 ns
[9.656s][info ][safepoint      ] Safepoint "ICBufferFull", Time since last: 692041 ns, Reaching safepoint: 99806 ns, At safepoint: 22401 ns, Total: 122207 ns
[9.657s][info ][safepoint      ] Safepoint "ICBufferFull", Time since last: 679840 ns, Reaching safepoint: 87706 ns, At safepoint: 24601 ns, Total: 112307 ns
[9.658s][info ][safepoint      ] Safepoint "ICBufferFull", Time since last: 707742 ns, Reaching safepoint: 97306 ns, At safepoint: 24301 ns, Total: 121607 ns
[9.658s][info ][safepoint      ] Safepoint "ICBufferFull", Time since last: 656139 ns, Reaching safepoint: 58703 ns, At safepoint: 25402 ns, Total: 84105 ns
[9.659s][info ][safepoint      ] Safepoint "ICBufferFull", Time since last: 697441 ns, Reaching safepoint: 108407 ns, At safepoint: 25901 ns, Total: 134308 ns
[9.660s][info ][safepoint      ] Safepoint "ICBufferFull", Time since last: 714242 ns, Reaching safepoint: 94906 ns, At safepoint: 28902 ns, Total: 123808 ns
[9.661s][info ][safepoint      ] Safepoint "ICBufferFull", Time since last: 682440 ns, Reaching safepoint: 93506 ns, At safepoint: 25801 ns, Total: 119307 ns
[9.662s][info ][safepoint      ] Safepoint "ICBufferFull", Time since last: 660439 ns, Reaching safepoint: 99006 ns, At safepoint: 27702 ns, Total: 126708 ns
[9.662s][info ][safepoint      ] Safepoint "ICBufferFull", Time since last: 651638 ns, Reaching safepoint: 93506 ns, At safepoint: 27601 ns, Total: 121107 ns
[9.663s][info ][safepoint      ] Safepoint "ICBufferFull", Time since last: 667040 ns, Reaching safepoint: 91005 ns, At safepoint: 25302 ns, Total: 116307 ns
[9.664s][info ][safepoint      ] Safepoint "ICBufferFull", Time since last: 679240 ns, Reaching safepoint: 91605 ns, At safepoint: 21101 ns, Total: 112706 ns
[9.665s][info ][safepoint      ] Safepoint "ICBufferFull", Time since last: 662840 ns, Reaching safepoint: 92205 ns, At safepoint: 25402 ns, Total: 117607 ns
[9.666s][info ][safepoint      ] Safepoint "ICBufferFull", Time since last: 680640 ns, Reaching safepoint: 91705 ns, At safepoint: 27702 ns, Total: 119407 ns
[9.666s][info ][safepoint      ] Safepoint "ICBufferFull", Time since last: 662739 ns, Reaching safepoint: 91405 ns, At safepoint: 24702 ns, Total: 116107 ns
[9.667s][info ][safepoint      ] Safepoint "ICBufferFull", Time since last: 687841 ns, Reaching safepoint: 94305 ns, At safepoint: 23402 ns, Total: 117707 ns
[9.668s][info ][safepoint      ] Safepoint "ICBufferFull", Time since last: 664039 ns, Reaching safepoint: 94605 ns, At safepoint: 22702 ns, Total: 117307 ns
[9.669s][info ][safepoint      ] Safepoint "ICBufferFull", Time since last: 671139 ns, Reaching safepoint: 93706 ns, At safepoint: 22401 ns, Total: 116107 ns
[9.669s][info ][safepoint      ] Safepoint "ICBufferFull", Time since last: 670640 ns, Reaching safepoint: 93105 ns, At safepoint: 21302 ns, Total: 114407 ns
[9.670s][info ][safepoint      ] Safepoint "ICBufferFull", Time since last: 687140 ns, Reaching safepoint: 92306 ns, At safepoint: 22201 ns, Total: 114507 ns
[9.671s][info ][safepoint      ] Safepoint "ICBufferFull", Time since last: 660139 ns, Reaching safepoint: 66604 ns, At safepoint: 23501 ns, Total: 90105 ns
[9.672s][info ][safepoint      ] Safepoint "ICBufferFull", Time since last: 527332 ns, Reaching safepoint: 91505 ns, At safepoint: 22401 ns, Total: 113906 ns
[9.673s][info ][safepoint      ] Safepoint "ICBufferFull", Time since last: 768046 ns, Reaching safepoint: 91905 ns, At safepoint: 19501 ns, Total: 111406 ns
[9.673s][info ][safepoint      ] Safepoint "ICBufferFull", Time since last: 755445 ns, Reaching safepoint: 90705 ns, At safepoint: 24002 ns, Total: 114707 ns
[9.675s][info ][safepoint      ] Safepoint "ICBufferFull", Time since last: 1486788 ns, Reaching safepoint: 95805 ns, At safepoint: 25502 ns, Total: 121307 ns
[9.676s][info ][safepoint      ] Safepoint "ICBufferFull", Time since last: 1350380 ns, Reaching safepoint: 93505 ns, At safepoint: 24502 ns, Total: 118007 ns
[9.678s][info ][safepoint      ] Safepoint "ICBufferFull", Time since last: 1539691 ns, Reaching safepoint: 91005 ns, At safepoint: 24902 ns, Total: 115907 ns
[9.682s][info ][safepoint      ] Safepoint "ICBufferFull", Time since last: 3473505 ns, Reaching safepoint: 101606 ns, At safepoint: 26302 ns, Total: 127908 ns
[9.691s][info ][safepoint      ] Safepoint "ICBufferFull", Time since last: 9581866 ns, Reaching safepoint: 109807 ns, At safepoint: 25001 ns, Total: 134808 ns
[9.693s][info ][safepoint      ] Safepoint "ICBufferFull", Time since last: 695341 ns, Reaching safepoint: 809548 ns, At safepoint: 34202 ns, Total: 843750 ns
[9.893s][info ][gc,start       ] GC(17) Pause Young (Allocation Failure)
[9.974s][debug][gc,phases      ] GC(17) Scavenge 80.757ms
[9.974s][debug][gc,ref         ] GC(17) Skipped phase 1 of Reference Processing: no references
[9.974s][debug][gc,ref         ] GC(17) ReferenceProcessor::execute queues: 3, RefProcThreadModel::Multi, marks_oops_alive: false
[9.974s][debug][gc,ref         ] GC(17) Skipped phase 3 of Reference Processing: no references
[9.974s][debug][gc,ref         ] GC(17) ReferenceProcessor::execute queues: 1, RefProcThreadModel::Single, marks_oops_alive: false
[9.974s][debug][gc,phases      ] GC(17) Reference Processing 0.296ms
[9.974s][debug][gc,phases      ] GC(17)   VM Weak                        Min:  0.0, Avg:  0.0, Max:  0.0, Diff:  0.0, Sum:  0.0, Workers: 4
[9.974s][debug][gc,phases      ] GC(17)     Dead                           Min: 0, Avg:  0.0, Max: 0, Diff: 0, Sum: 0, Workers: 4
[9.974s][debug][gc,phases      ] GC(17)     Total                          Min: 0, Avg: 109.8, Max: 311, Diff: 311, Sum: 439, Workers: 4
[9.974s][debug][gc,phases      ] GC(17)   ObjectSynchronizer Weak        Min:  0.0, Avg:  0.0, Max:  0.0, Diff:  0.0, Sum:  0.0, Workers: 4
[9.974s][debug][gc,phases      ] GC(17)     Dead                           Min: 0, Avg:  0.0, Max: 0, Diff: 0, Sum: 0, Workers: 4
[9.974s][debug][gc,phases      ] GC(17)     Total                          Min: 0, Avg: 98.2, Max: 192, Diff: 192, Sum: 393, Workers: 4
[9.974s][debug][gc,phases      ] GC(17)   JVMTI Tag Weak OopStorage      Min:  0.0, Avg:  0.0, Max:  0.0, Diff:  0.0, Sum:  0.0, Workers: 4
[9.974s][debug][gc,phases      ] GC(17)     Dead                           Min: 0, Avg:  0.0, Max: 0, Diff: 0, Sum: 0, Workers: 4
[9.974s][debug][gc,phases      ] GC(17)     Total                          Min: 0, Avg:  0.0, Max: 0, Diff: 0, Sum: 0, Workers: 4
[9.974s][debug][gc,phases      ] GC(17)   StringTable Weak               Min:  0.3, Avg:  0.3, Max:  0.3, Diff:  0.0, Sum:  1.1, Workers: 4
[9.974s][debug][gc,phases      ] GC(17)     Dead                           Min: 0, Avg:  3.0, Max: 7, Diff: 7, Sum: 12, Workers: 4
[9.974s][debug][gc,phases      ] GC(17)     Total                          Min: 8320, Avg: 9985.5, Max: 12166, Diff: 3846, Sum: 39942, Workers: 4
[9.974s][debug][gc,phases      ] GC(17)   ResolvedMethodTable Weak       Min:  0.1, Avg:  0.1, Max:  0.1, Diff:  0.0, Sum:  0.2, Workers: 4
[9.974s][debug][gc,phases      ] GC(17)     Dead                           Min: 0, Avg:  0.0, Max: 0, Diff: 0, Sum: 0, Workers: 4
[9.974s][debug][gc,phases      ] GC(17)     Total                          Min: 968, Avg: 1490.0, Max: 1792, Diff: 824, Sum: 5960, Workers: 4
[9.974s][debug][gc,phases      ] GC(17)   JNI Weak                       Min:  0.0, Avg:  0.0, Max:  0.0, Diff:  0.0, Sum:  0.0, Workers: 4
[9.974s][debug][gc,phases      ] GC(17)     Dead                           Min: 0, Avg:  0.0, Max: 0, Diff: 0, Sum: 0, Workers: 4
[9.974s][debug][gc,phases      ] GC(17)     Total                          Min: 0, Avg:  0.8, Max: 3, Diff: 3, Sum: 3, Workers: 4
[9.974s][debug][gc,phases      ] GC(17)   StringDedup Table Weak         Min:  0.0, Avg:  0.0, Max:  0.0, Diff:  0.0, Sum:  0.0, Workers: 4
[9.974s][debug][gc,phases      ] GC(17)     Dead                           Min: 0, Avg:  0.0, Max: 0, Diff: 0, Sum: 0, Workers: 4
[9.974s][debug][gc,phases      ] GC(17)     Total                          Min: 0, Avg:  0.0, Max: 0, Diff: 0, Sum: 0, Workers: 4
[9.974s][debug][gc,phases      ] GC(17)   StringDedup Requests0 Weak     Min:  0.0, Avg:  0.0, Max:  0.0, Diff:  0.0, Sum:  0.0, Workers: 4
[9.974s][debug][gc,phases      ] GC(17)     Dead                           Min: 0, Avg:  0.0, Max: 0, Diff: 0, Sum: 0, Workers: 4
[9.974s][debug][gc,phases      ] GC(17)     Total                          Min: 0, Avg:  0.0, Max: 0, Diff: 0, Sum: 0, Workers: 4
[9.974s][debug][gc,phases      ] GC(17)   StringDedup Requests1 Weak     Min:  0.0, Avg:  0.0, Max:  0.0, Diff:  0.0, Sum:  0.0, Workers: 4
[9.974s][debug][gc,phases      ] GC(17)     Dead                           Min: 0, Avg:  0.0, Max: 0, Diff: 0, Sum: 0, Workers: 4
[9.974s][debug][gc,phases      ] GC(17)     Total                          Min: 0, Avg:  0.0, Max: 0, Diff: 0, Sum: 0, Workers: 4
[9.974s][debug][gc,phases      ] GC(17)   Weak JFR Old Object Samples    Min:  0.0, Avg:  0.0, Max:  0.0, Diff:  0.0, Sum:  0.0, Workers: 4
[9.974s][debug][gc,phases      ] GC(17)     Dead                           Min: 0, Avg:  0.0, Max: 0, Diff: 0, Sum: 0, Workers: 4
[9.974s][debug][gc,phases      ] GC(17)     Total                          Min: 0, Avg:  0.0, Max: 0, Diff: 0, Sum: 0, Workers: 4
[9.974s][debug][gc,phases      ] GC(17) Weak Processing 0.530ms
[9.974s][debug][gc,age         ] GC(17) Desired survivor size 283639808 bytes, new threshold 13 (max threshold 15)
[9.975s][info ][gc,heap        ] GC(17) PSYoungGen: 1697961K(1811456K)->145218K(1804288K) Eden: 1518592K(1518592K)->0K(1518592K) From: 179369K(292864K)->145218K(285696K)
[9.975s][info ][gc,heap        ] GC(17) ParOldGen: 26226K(52736K)->61106K(61440K)
[9.975s][info ][gc,metaspace   ] GC(17) Metaspace: 59050K(59712K)->59050K(59712K) NonClass: 50304K(50688K)->50304K(50688K) Class: 8745K(9024K)->8745K(9024K)
[9.975s][info ][gc             ] GC(17) Pause Young (Allocation Failure) 1683M->201M(1822M) 81.719ms
[9.975s][info ][gc,cpu         ] GC(17) User=0.31s Sys=0.02s Real=0.08s
[9.975s][debug][gc,phases      ] GC(18) Pre Compact 0.015ms
[9.975s][info ][gc,start       ] GC(18) Pause Full (Ergonomics)
[9.975s][info ][gc,phases,start] GC(18) Marking Phase
[10.049s][debug][gc,phases      ] GC(18) Par Mark 74.267ms
[10.049s][debug][gc,ref         ] GC(18) Skipped phase 1 of Reference Processing: no references
[10.049s][debug][gc,ref         ] GC(18) ReferenceProcessor::execute queues: 1, RefProcThreadModel::Single, marks_oops_alive: false
[10.049s][debug][gc,ref         ] GC(18) Skipped phase 3 of Reference Processing: no references
[10.049s][debug][gc,ref         ] GC(18) ReferenceProcessor::execute queues: 1, RefProcThreadModel::Single, marks_oops_alive: false
[10.049s][debug][gc,phases      ] GC(18) Reference Processing 0.166ms
[10.049s][debug][gc,phases      ] GC(18)   VM Weak                        Min:  0.0, Avg:  0.0, Max:  0.0, Diff:  0.0, Sum:  0.0, Workers: 4
[10.049s][debug][gc,phases      ] GC(18)     Dead                           Min: 0, Avg:  0.0, Max: 0, Diff: 0, Sum: 0, Workers: 4
[10.049s][debug][gc,phases      ] GC(18)     Total                          Min: 0, Avg: 109.8, Max: 256, Diff: 256, Sum: 439, Workers: 4
[10.049s][debug][gc,phases      ] GC(18)   ObjectSynchronizer Weak        Min:  0.0, Avg:  0.0, Max:  0.0, Diff:  0.0, Sum:  0.0, Workers: 4
[10.049s][debug][gc,phases      ] GC(18)     Dead                           Min: 0, Avg:  0.0, Max: 0, Diff: 0, Sum: 0, Workers: 4
[10.049s][debug][gc,phases      ] GC(18)     Total                          Min: 0, Avg: 98.2, Max: 192, Diff: 192, Sum: 393, Workers: 4
[10.049s][debug][gc,phases      ] GC(18)   JVMTI Tag Weak OopStorage      Min:  0.0, Avg:  0.0, Max:  0.0, Diff:  0.0, Sum:  0.0, Workers: 4
[10.049s][debug][gc,phases      ] GC(18)     Dead                           Min: 0, Avg:  0.0, Max: 0, Diff: 0, Sum: 0, Workers: 4
[10.049s][debug][gc,phases      ] GC(18)     Total                          Min: 0, Avg:  0.0, Max: 0, Diff: 0, Sum: 0, Workers: 4
[10.049s][debug][gc,phases      ] GC(18)   StringTable Weak               Min:  0.1, Avg:  0.1, Max:  0.1, Diff:  0.0, Sum:  0.5, Workers: 4
[10.049s][debug][gc,phases      ] GC(18)     Dead                           Min: 0, Avg:  0.0, Max: 0, Diff: 0, Sum: 0, Workers: 4
[10.049s][debug][gc,phases      ] GC(18)     Total                          Min: 9472, Avg: 9985.5, Max: 10694, Diff: 1222, Sum: 39942, Workers: 4
[10.049s][debug][gc,phases      ] GC(18)   ResolvedMethodTable Weak       Min:  0.0, Avg:  0.0, Max:  0.0, Diff:  0.0, Sum:  0.1, Workers: 4
[10.049s][debug][gc,phases      ] GC(18)     Dead                           Min: 0, Avg:  0.0, Max: 0, Diff: 0, Sum: 0, Workers: 4
[10.049s][debug][gc,phases      ] GC(18)     Total                          Min: 1280, Avg: 1490.0, Max: 1608, Diff: 328, Sum: 5960, Workers: 4
[10.049s][debug][gc,phases      ] GC(18)   JNI Weak                       Min:  0.0, Avg:  0.0, Max:  0.0, Diff:  0.0, Sum:  0.0, Workers: 4
[10.049s][debug][gc,phases      ] GC(18)     Dead                           Min: 0, Avg:  0.0, Max: 0, Diff: 0, Sum: 0, Workers: 4
[10.049s][debug][gc,phases      ] GC(18)     Total                          Min: 0, Avg:  0.8, Max: 3, Diff: 3, Sum: 3, Workers: 4
[10.049s][debug][gc,phases      ] GC(18)   StringDedup Table Weak         Min:  0.0, Avg:  0.0, Max:  0.0, Diff:  0.0, Sum:  0.0, Workers: 4
[10.049s][debug][gc,phases      ] GC(18)     Dead                           Min: 0, Avg:  0.0, Max: 0, Diff: 0, Sum: 0, Workers: 4
[10.049s][debug][gc,phases      ] GC(18)     Total                          Min: 0, Avg:  0.0, Max: 0, Diff: 0, Sum: 0, Workers: 4
[10.049s][debug][gc,phases      ] GC(18)   StringDedup Requests0 Weak     Min:  0.0, Avg:  0.0, Max:  0.0, Diff:  0.0, Sum:  0.0, Workers: 4
[10.049s][debug][gc,phases      ] GC(18)     Dead                           Min: 0, Avg:  0.0, Max: 0, Diff: 0, Sum: 0, Workers: 4
[10.049s][debug][gc,phases      ] GC(18)     Total                          Min: 0, Avg:  0.0, Max: 0, Diff: 0, Sum: 0, Workers: 4
[10.049s][debug][gc,phases      ] GC(18)   StringDedup Requests1 Weak     Min:  0.0, Avg:  0.0, Max:  0.0, Diff:  0.0, Sum:  0.0, Workers: 4
[10.049s][debug][gc,phases      ] GC(18)     Dead                           Min: 0, Avg:  0.0, Max: 0, Diff: 0, Sum: 0, Workers: 4
[10.049s][debug][gc,phases      ] GC(18)     Total                          Min: 0, Avg:  0.0, Max: 0, Diff: 0, Sum: 0, Workers: 4
[10.049s][debug][gc,phases      ] GC(18)   Weak JFR Old Object Samples    Min:  0.0, Avg:  0.0, Max:  0.0, Diff:  0.0, Sum:  0.0, Workers: 4
[10.049s][debug][gc,phases      ] GC(18)     Dead                           Min: 0, Avg:  0.0, Max: 0, Diff: 0, Sum: 0, Workers: 4
[10.049s][debug][gc,phases      ] GC(18)     Total                          Min: 0, Avg:  0.0, Max: 0, Diff: 0, Sum: 0, Workers: 4
[10.049s][debug][gc,phases      ] GC(18) Weak Processing 0.338ms
[10.050s][debug][gc,phases      ] GC(18) ClassLoaderData 0.062ms
[10.050s][debug][gc,phases      ] GC(18) Trigger cleanups 0.000ms
[10.056s][debug][gc,phases      ] GC(18) Class Unloading 6.567ms
[10.056s][info ][gc,phases      ] GC(18) Marking Phase 81.475ms
[10.056s][info ][gc,phases,start] GC(18) Summary Phase
[10.056s][info ][gc,phases      ] GC(18) Summary Phase 0.008ms
[10.056s][info ][gc,phases,start] GC(18) Adjust Roots
[10.064s][info ][gc,phases      ] GC(18) Adjust Roots 8.019ms
[10.064s][info ][gc,phases,start] GC(18) Compaction Phase
[10.720s][info ][gc,phases      ] GC(18) Compaction Phase 656.307ms
[10.720s][info ][gc,phases,start] GC(18) Post Compact
[10.721s][info ][gc,phases      ] GC(18) Post Compact 0.654ms
[10.721s][info ][gc,heap        ] GC(18) PSYoungGen: 145218K(1804288K)->144459K(1804288K) Eden: 0K(1518592K)->0K(1518592K) From: 145218K(285696K)->144459K(285696K)
[10.721s][info ][gc,heap        ] GC(18) ParOldGen: 61106K(61440K)->61417K(108544K)
[10.721s][info ][gc,metaspace   ] GC(18) Metaspace: 59050K(59712K)->59050K(59712K) NonClass: 50304K(50688K)->50304K(50688K) Class: 8745K(9024K)->8745K(9024K)
[10.721s][info ][gc             ] GC(18) Pause Full (Ergonomics) 201M->201M(1868M) 746.682ms
[10.721s][info ][gc,cpu         ] GC(18) User=1.73s Sys=0.03s Real=0.75s
[10.721s][info ][safepoint      ] Safepoint "ParallelGCFailedAllocation", Time since last: 199637804 ns, Reaching safepoint: 165710 ns, At safepoint: 828578492 ns, Total: 828744202 ns
[10.988s][info ][gc,start       ] GC(19) Pause Young (Allocation Failure)
[11.045s][debug][gc,phases      ] GC(19) Scavenge 56.629ms
[11.045s][debug][gc,ref         ] GC(19) Skipped phase 1 of Reference Processing: no references
[11.045s][debug][gc,ref         ] GC(19) ReferenceProcessor::execute queues: 1, RefProcThreadModel::Single, marks_oops_alive: false
[11.045s][debug][gc,ref         ] GC(19) Skipped phase 3 of Reference Processing: no references
[11.045s][debug][gc,ref         ] GC(19) ReferenceProcessor::execute queues: 1, RefProcThreadModel::Single, marks_oops_alive: false
[11.045s][debug][gc,phases      ] GC(19) Reference Processing 0.182ms
[11.046s][debug][gc,phases      ] GC(19)   VM Weak                        Min:  0.0, Avg:  0.0, Max:  0.0, Diff:  0.0, Sum:  0.0, Workers: 4
[11.046s][debug][gc,phases      ] GC(19)     Dead                           Min: 0, Avg:  0.0, Max: 0, Diff: 0, Sum: 0, Workers: 4
[11.046s][debug][gc,phases      ] GC(19)     Total                          Min: 0, Avg: 111.0, Max: 256, Diff: 256, Sum: 444, Workers: 4
[11.046s][debug][gc,phases      ] GC(19)   ObjectSynchronizer Weak        Min:  0.0, Avg:  0.0, Max:  0.0, Diff:  0.0, Sum:  0.0, Workers: 4
[11.046s][debug][gc,phases      ] GC(19)     Dead                           Min: 0, Avg:  0.0, Max: 0, Diff: 0, Sum: 0, Workers: 4
[11.046s][debug][gc,phases      ] GC(19)     Total                          Min: 0, Avg: 98.2, Max: 192, Diff: 192, Sum: 393, Workers: 4
[11.046s][debug][gc,phases      ] GC(19)   JVMTI Tag Weak OopStorage      Min:  0.0, Avg:  0.0, Max:  0.0, Diff:  0.0, Sum:  0.0, Workers: 4
[11.046s][debug][gc,phases      ] GC(19)     Dead                           Min: 0, Avg:  0.0, Max: 0, Diff: 0, Sum: 0, Workers: 4
[11.046s][debug][gc,phases      ] GC(19)     Total                          Min: 0, Avg:  0.0, Max: 0, Diff: 0, Sum: 0, Workers: 4
[11.046s][debug][gc,phases      ] GC(19)   StringTable Weak               Min:  0.2, Avg:  0.2, Max:  0.2, Diff:  0.0, Sum:  0.8, Workers: 4
[11.046s][debug][gc,phases      ] GC(19)     Dead                           Min: 0, Avg:  4.0, Max: 13, Diff: 13, Sum: 16, Workers: 4
[11.046s][debug][gc,phases      ] GC(19)     Total                          Min: 8384, Avg: 10015.8, Max: 11647, Diff: 3263, Sum: 40063, Workers: 4
[11.046s][debug][gc,phases      ] GC(19)   ResolvedMethodTable Weak       Min:  0.0, Avg:  0.0, Max:  0.0, Diff:  0.0, Sum:  0.2, Workers: 4
[11.046s][debug][gc,phases      ] GC(19)     Dead                           Min: 0, Avg:  3.0, Max: 9, Diff: 9, Sum: 12, Workers: 4
[11.046s][debug][gc,phases      ] GC(19)     Total                          Min: 960, Avg: 1513.5, Max: 1792, Diff: 832, Sum: 6054, Workers: 4
[11.046s][debug][gc,phases      ] GC(19)   JNI Weak                       Min:  0.0, Avg:  0.0, Max:  0.0, Diff:  0.0, Sum:  0.0, Workers: 4
[11.046s][debug][gc,phases      ] GC(19)     Dead                           Min: 0, Avg:  0.0, Max: 0, Diff: 0, Sum: 0, Workers: 4
[11.046s][debug][gc,phases      ] GC(19)     Total                          Min: 0, Avg:  1.5, Max: 6, Diff: 6, Sum: 6, Workers: 4
[11.046s][debug][gc,phases      ] GC(19)   StringDedup Table Weak         Min:  0.0, Avg:  0.0, Max:  0.0, Diff:  0.0, Sum:  0.0, Workers: 4
[11.046s][debug][gc,phases      ] GC(19)     Dead                           Min: 0, Avg:  0.0, Max: 0, Diff: 0, Sum: 0, Workers: 4
[11.046s][debug][gc,phases      ] GC(19)     Total                          Min: 0, Avg:  0.0, Max: 0, Diff: 0, Sum: 0, Workers: 4
[11.046s][debug][gc,phases      ] GC(19)   StringDedup Requests0 Weak     Min:  0.0, Avg:  0.0, Max:  0.0, Diff:  0.0, Sum:  0.0, Workers: 4
[11.046s][debug][gc,phases      ] GC(19)     Dead                           Min: 0, Avg:  0.0, Max: 0, Diff: 0, Sum: 0, Workers: 4
[11.046s][debug][gc,phases      ] GC(19)     Total                          Min: 0, Avg:  0.0, Max: 0, Diff: 0, Sum: 0, Workers: 4
[11.046s][debug][gc,phases      ] GC(19)   StringDedup Requests1 Weak     Min:  0.0, Avg:  0.0, Max:  0.0, Diff:  0.0, Sum:  0.0, Workers: 4
[11.046s][debug][gc,phases      ] GC(19)     Dead                           Min: 0, Avg:  0.0, Max: 0, Diff: 0, Sum: 0, Workers: 4
[11.046s][debug][gc,phases      ] GC(19)     Total                          Min: 0, Avg:  0.0, Max: 0, Diff: 0, Sum: 0, Workers: 4
[11.046s][debug][gc,phases      ] GC(19)   Weak JFR Old Object Samples    Min:  0.0, Avg:  0.0, Max:  0.0, Diff:  0.0, Sum:  0.0, Workers: 4
[11.046s][debug][gc,phases      ] GC(19)     Dead                           Min: 0, Avg:  0.0, Max: 0, Diff: 0, Sum: 0, Workers: 4
[11.046s][debug][gc,phases      ] GC(19)     Total                          Min: 0, Avg:  0.0, Max: 0, Diff: 0, Sum: 0, Workers: 4
[11.046s][debug][gc,phases      ] GC(19) Weak Processing 0.447ms
[11.046s][debug][gc,age         ] GC(19) Desired survivor size 274726912 bytes, new threshold 14 (max threshold 15)
[11.046s][info ][gc,heap        ] GC(19) PSYoungGen: 1663051K(1804288K)->147326K(1828864K) Eden: 1518592K(1518592K)->0K(1551872K) From: 144459K(285696K)->147326K(276992K)
[11.046s][info ][gc,heap        ] GC(19) ParOldGen: 61417K(108544K)->61425K(108544K)
[11.046s][info ][gc,metaspace   ] GC(19) Metaspace: 59520K(60160K)->59520K(60160K) NonClass: 50708K(51072K)->50708K(51072K) Class: 8812K(9088K)->8812K(9088K)
[11.046s][info ][gc             ] GC(19) Pause Young (Allocation Failure) 1684M->203M(1892M) 57.390ms
[11.046s][info ][gc,cpu         ] GC(19) User=0.23s Sys=0.00s Real=0.06s
[11.046s][info ][safepoint      ] Safepoint "ParallelGCFailedAllocation", Time since last: 266806576 ns, Reaching safepoint: 238614 ns, At safepoint: 57508300 ns, Total: 57746914 ns
[11.366s][info ][gc,start       ] GC(20) Pause Young (Allocation Failure)
[11.425s][debug][gc,phases      ] GC(20) Scavenge 58.623ms
[11.425s][debug][gc,ref         ] GC(20) Skipped phase 1 of Reference Processing: no references
[11.425s][debug][gc,ref         ] GC(20) ReferenceProcessor::execute queues: 1, RefProcThreadModel::Single, marks_oops_alive: false
[11.425s][debug][gc,ref         ] GC(20) Skipped phase 3 of Reference Processing: no references
[11.425s][debug][gc,ref         ] GC(20) ReferenceProcessor::execute queues: 1, RefProcThreadModel::Single, marks_oops_alive: false
[11.425s][debug][gc,phases      ] GC(20) Reference Processing 0.179ms
[11.425s][debug][gc,phases      ] GC(20)   VM Weak                        Min:  0.0, Avg:  0.0, Max:  0.0, Diff:  0.0, Sum:  0.0, Workers: 4
[11.425s][debug][gc,phases      ] GC(20)     Dead                           Min: 0, Avg:  0.0, Max: 0, Diff: 0, Sum: 0, Workers: 4
[11.425s][debug][gc,phases      ] GC(20)     Total                          Min: 0, Avg: 112.0, Max: 384, Diff: 384, Sum: 448, Workers: 4
[11.425s][debug][gc,phases      ] GC(20)   ObjectSynchronizer Weak        Min:  0.0, Avg:  0.0, Max:  0.0, Diff:  0.0, Sum:  0.0, Workers: 4
[11.425s][debug][gc,phases      ] GC(20)     Dead                           Min: 0, Avg:  0.0, Max: 0, Diff: 0, Sum: 0, Workers: 4
[11.425s][debug][gc,phases      ] GC(20)     Total                          Min: 0, Avg: 98.2, Max: 201, Diff: 201, Sum: 393, Workers: 4
[11.425s][debug][gc,phases      ] GC(20)   JVMTI Tag Weak OopStorage      Min:  0.0, Avg:  0.0, Max:  0.0, Diff:  0.0, Sum:  0.0, Workers: 4
[11.425s][debug][gc,phases      ] GC(20)     Dead                           Min: 0, Avg:  0.0, Max: 0, Diff: 0, Sum: 0, Workers: 4
[11.425s][debug][gc,phases      ] GC(20)     Total                          Min: 0, Avg:  0.0, Max: 0, Diff: 0, Sum: 0, Workers: 4
[11.425s][debug][gc,phases      ] GC(20)   StringTable Weak               Min:  0.2, Avg:  0.2, Max:  0.2, Diff:  0.0, Sum:  0.8, Workers: 4
[11.425s][debug][gc,phases      ] GC(20)     Dead                           Min: 0, Avg:  3.2, Max: 13, Diff: 13, Sum: 13, Workers: 4
[11.425s][debug][gc,phases      ] GC(20)     Total                          Min: 9152, Avg: 10194.5, Max: 10816, Diff: 1664, Sum: 40778, Workers: 4
[11.425s][debug][gc,phases      ] GC(20)   ResolvedMethodTable Weak       Min:  0.0, Avg:  0.0, Max:  0.0, Diff:  0.0, Sum:  0.2, Workers: 4
[11.425s][debug][gc,phases      ] GC(20)     Dead                           Min: 0, Avg: 12.8, Max: 40, Diff: 40, Sum: 51, Workers: 4
[11.425s][debug][gc,phases      ] GC(20)     Total                          Min: 1132, Avg: 1530.8, Max: 1728, Diff: 596, Sum: 6123, Workers: 4
[11.425s][debug][gc,phases      ] GC(20)   JNI Weak                       Min:  0.0, Avg:  0.0, Max:  0.0, Diff:  0.0, Sum:  0.0, Workers: 4
[11.425s][debug][gc,phases      ] GC(20)     Dead                           Min: 0, Avg:  0.0, Max: 0, Diff: 0, Sum: 0, Workers: 4
[11.425s][debug][gc,phases      ] GC(20)     Total                          Min: 0, Avg:  0.2, Max: 1, Diff: 1, Sum: 1, Workers: 4
[11.425s][debug][gc,phases      ] GC(20)   StringDedup Table Weak         Min:  0.0, Avg:  0.0, Max:  0.0, Diff:  0.0, Sum:  0.0, Workers: 4
[11.425s][debug][gc,phases      ] GC(20)     Dead                           Min: 0, Avg:  0.0, Max: 0, Diff: 0, Sum: 0, Workers: 4
[11.425s][debug][gc,phases      ] GC(20)     Total                          Min: 0, Avg:  0.0, Max: 0, Diff: 0, Sum: 0, Workers: 4
[11.425s][debug][gc,phases      ] GC(20)   StringDedup Requests0 Weak     Min:  0.0, Avg:  0.0, Max:  0.0, Diff:  0.0, Sum:  0.0, Workers: 4
[11.425s][debug][gc,phases      ] GC(20)     Dead                           Min: 0, Avg:  0.0, Max: 0, Diff: 0, Sum: 0, Workers: 4
[11.425s][debug][gc,phases      ] GC(20)     Total                          Min: 0, Avg:  0.0, Max: 0, Diff: 0, Sum: 0, Workers: 4
[11.425s][debug][gc,phases      ] GC(20)   StringDedup Requests1 Weak     Min:  0.0, Avg:  0.0, Max:  0.0, Diff:  0.0, Sum:  0.0, Workers: 4
[11.425s][debug][gc,phases      ] GC(20)     Dead                           Min: 0, Avg:  0.0, Max: 0, Diff: 0, Sum: 0, Workers: 4
[11.425s][debug][gc,phases      ] GC(20)     Total                          Min: 0, Avg:  0.0, Max: 0, Diff: 0, Sum: 0, Workers: 4
[11.425s][debug][gc,phases      ] GC(20)   Weak JFR Old Object Samples    Min:  0.0, Avg:  0.0, Max:  0.0, Diff:  0.0, Sum:  0.0, Workers: 4
[11.425s][debug][gc,phases      ] GC(20)     Dead                           Min: 0, Avg:  0.0, Max: 0, Diff: 0, Sum: 0, Workers: 4
[11.425s][debug][gc,phases      ] GC(20)     Total                          Min: 0, Avg:  0.0, Max: 0, Diff: 0, Sum: 0, Workers: 4
[11.425s][debug][gc,phases      ] GC(20) Weak Processing 0.455ms
[11.426s][debug][gc,age         ] GC(20) Desired survivor size 266338304 bytes, new threshold 15 (max threshold 15)
[11.426s][info ][gc,heap        ] GC(20) PSYoungGen: 1699198K(1828864K)->147772K(1820160K) Eden: 1551872K(1551872K)->0K(1551872K) From: 147326K(276992K)->147772K(268288K)
[11.426s][info ][gc,heap        ] GC(20) ParOldGen: 61425K(108544K)->61433K(108544K)
[11.426s][info ][gc,metaspace   ] GC(20) Metaspace: 61082K(61696K)->61082K(61696K) NonClass: 52083K(52416K)->52083K(52416K) Class: 8998K(9280K)->8998K(9280K)
[11.426s][info ][gc             ] GC(20) Pause Young (Allocation Failure) 1719M->204M(1883M) 59.398ms
[11.426s][info ][gc,cpu         ] GC(20) User=0.23s Sys=0.00s Real=0.06s
[11.426s][info ][safepoint      ] Safepoint "ParallelGCFailedAllocation", Time since last: 320036723 ns, Reaching safepoint: 164710 ns, At safepoint: 59510419 ns, Total: 59675129 ns
[11.745s][info ][gc,start       ] GC(21) Pause Young (Allocation Failure)
[11.800s][debug][gc,phases      ] GC(21) Scavenge 54.707ms
[11.800s][debug][gc,ref         ] GC(21) Skipped phase 1 of Reference Processing: no references
[11.800s][debug][gc,ref         ] GC(21) ReferenceProcessor::execute queues: 1, RefProcThreadModel::Single, marks_oops_alive: false
[11.800s][debug][gc,ref         ] GC(21) Skipped phase 3 of Reference Processing: no references
[11.800s][debug][gc,ref         ] GC(21) ReferenceProcessor::execute queues: 1, RefProcThreadModel::Single, marks_oops_alive: false
[11.800s][debug][gc,phases      ] GC(21) Reference Processing 0.223ms
[11.800s][debug][gc,phases      ] GC(21)   VM Weak                        Min:  0.0, Avg:  0.0, Max:  0.0, Diff:  0.0, Sum:  0.0, Workers: 4
[11.800s][debug][gc,phases      ] GC(21)     Dead                           Min: 0, Avg:  0.0, Max: 0, Diff: 0, Sum: 0, Workers: 4
[11.800s][debug][gc,phases      ] GC(21)     Total                          Min: 0, Avg: 114.2, Max: 384, Diff: 384, Sum: 457, Workers: 4
[11.800s][debug][gc,phases      ] GC(21)   ObjectSynchronizer Weak        Min:  0.0, Avg:  0.0, Max:  0.0, Diff:  0.0, Sum:  0.0, Workers: 4
[11.801s][debug][gc,phases      ] GC(21)     Dead                           Min: 0, Avg:  0.0, Max: 0, Diff: 0, Sum: 0, Workers: 4
[11.801s][debug][gc,phases      ] GC(21)     Total                          Min: 0, Avg: 98.5, Max: 202, Diff: 202, Sum: 394, Workers: 4
[11.801s][debug][gc,phases      ] GC(21)   JVMTI Tag Weak OopStorage      Min:  0.0, Avg:  0.0, Max:  0.0, Diff:  0.0, Sum:  0.0, Workers: 4
[11.801s][debug][gc,phases      ] GC(21)     Dead                           Min: 0, Avg:  0.0, Max: 0, Diff: 0, Sum: 0, Workers: 4
[11.801s][debug][gc,phases      ] GC(21)     Total                          Min: 0, Avg:  0.0, Max: 0, Diff: 0, Sum: 0, Workers: 4
[11.801s][debug][gc,phases      ] GC(21)   StringTable Weak               Min:  0.2, Avg:  0.2, Max:  0.2, Diff:  0.0, Sum:  0.8, Workers: 4
[11.801s][debug][gc,phases      ] GC(21)     Dead                           Min: 0, Avg:  3.5, Max: 13, Diff: 13, Sum: 14, Workers: 4
[11.801s][debug][gc,phases      ] GC(21)     Total                          Min: 10216, Avg: 10391.0, Max: 10560, Diff: 344, Sum: 41564, Workers: 4
[11.801s][debug][gc,phases      ] GC(21)   ResolvedMethodTable Weak       Min:  0.0, Avg:  0.0, Max:  0.0, Diff:  0.0, Sum:  0.2, Workers: 4
[11.801s][debug][gc,phases      ] GC(21)     Dead                           Min: 0, Avg: 28.0, Max: 58, Diff: 58, Sum: 112, Workers: 4
[11.801s][debug][gc,phases      ] GC(21)     Total                          Min: 1270, Avg: 1581.2, Max: 1728, Diff: 458, Sum: 6325, Workers: 4
[11.801s][debug][gc,phases      ] GC(21)   JNI Weak                       Min:  0.0, Avg:  0.0, Max:  0.0, Diff:  0.0, Sum:  0.0, Workers: 4
[11.801s][debug][gc,phases      ] GC(21)     Dead                           Min: 0, Avg:  0.0, Max: 0, Diff: 0, Sum: 0, Workers: 4
[11.801s][debug][gc,phases      ] GC(21)     Total                          Min: 0, Avg:  0.2, Max: 1, Diff: 1, Sum: 1, Workers: 4
[11.801s][debug][gc,phases      ] GC(21)   StringDedup Table Weak         Min:  0.0, Avg:  0.0, Max:  0.0, Diff:  0.0, Sum:  0.0, Workers: 4
[11.801s][debug][gc,phases      ] GC(21)     Dead                           Min: 0, Avg:  0.0, Max: 0, Diff: 0, Sum: 0, Workers: 4
[11.801s][debug][gc,phases      ] GC(21)     Total                          Min: 0, Avg:  0.0, Max: 0, Diff: 0, Sum: 0, Workers: 4
[11.801s][debug][gc,phases      ] GC(21)   StringDedup Requests0 Weak     Min:  0.0, Avg:  0.0, Max:  0.0, Diff:  0.0, Sum:  0.0, Workers: 4
[11.801s][debug][gc,phases      ] GC(21)     Dead                           Min: 0, Avg:  0.0, Max: 0, Diff: 0, Sum: 0, Workers: 4
[11.801s][debug][gc,phases      ] GC(21)     Total                          Min: 0, Avg:  0.0, Max: 0, Diff: 0, Sum: 0, Workers: 4
[11.801s][debug][gc,phases      ] GC(21)   StringDedup Requests1 Weak     Min:  0.0, Avg:  0.0, Max:  0.0, Diff:  0.0, Sum:  0.0, Workers: 4
[11.801s][debug][gc,phases      ] GC(21)     Dead                           Min: 0, Avg:  0.0, Max: 0, Diff: 0, Sum: 0, Workers: 4
[11.801s][debug][gc,phases      ] GC(21)     Total                          Min: 0, Avg:  0.0, Max: 0, Diff: 0, Sum: 0, Workers: 4
[11.801s][debug][gc,phases      ] GC(21)   Weak JFR Old Object Samples    Min:  0.0, Avg:  0.0, Max:  0.0, Diff:  0.0, Sum:  0.0, Workers: 4
[11.801s][debug][gc,phases      ] GC(21)     Dead                           Min: 0, Avg:  0.0, Max: 0, Diff: 0, Sum: 0, Workers: 4
[11.801s][debug][gc,phases      ] GC(21)     Total                          Min: 0, Avg:  0.0, Max: 0, Diff: 0, Sum: 0, Workers: 4
[11.801s][debug][gc,phases      ] GC(21) Weak Processing 0.454ms
[11.801s][debug][gc,age         ] GC(21) Desired survivor size 257425408 bytes, new threshold 15 (max threshold 15)
[11.801s][info ][gc,heap        ] GC(21) PSYoungGen: 1699644K(1820160K)->152862K(1845760K) Eden: 1551872K(1551872K)->0K(1585664K) From: 147772K(268288K)->152862K(260096K)
[11.801s][info ][gc,heap        ] GC(21) ParOldGen: 61433K(108544K)->61441K(108544K)
[11.801s][info ][gc,metaspace   ] GC(21) Metaspace: 64467K(65088K)->64467K(65088K) NonClass: 55053K(55424K)->55053K(55424K) Class: 9414K(9664K)->9414K(9664K)
[11.801s][info ][gc             ] GC(21) Pause Young (Allocation Failure) 1719M->209M(1908M) 55.527ms
[11.801s][info ][gc,cpu         ] GC(21) User=0.22s Sys=0.00s Real=0.05s
[11.801s][info ][safepoint      ] Safepoint "ParallelGCFailedAllocation", Time since last: 319296779 ns, Reaching safepoint: 179811 ns, At safepoint: 55649690 ns, Total: 55829501 ns
[12.069s][info ][gc,start       ] GC(22) Pause Young (Allocation Failure)
[12.191s][debug][gc,phases      ] GC(22) Scavenge 121.321ms
[12.191s][debug][gc,ref         ] GC(22) Skipped phase 1 of Reference Processing: no references
[12.191s][debug][gc,ref         ] GC(22) ReferenceProcessor::execute queues: 1, RefProcThreadModel::Single, marks_oops_alive: false
[12.191s][debug][gc,ref         ] GC(22) Skipped phase 3 of Reference Processing: no references
[12.191s][debug][gc,ref         ] GC(22) ReferenceProcessor::execute queues: 1, RefProcThreadModel::Single, marks_oops_alive: false
[12.191s][debug][gc,phases      ] GC(22) Reference Processing 0.173ms
[12.191s][debug][gc,phases      ] GC(22)   VM Weak                        Min:  0.0, Avg:  0.0, Max:  0.0, Diff:  0.0, Sum:  0.0, Workers: 4
[12.191s][debug][gc,phases      ] GC(22)     Dead                           Min: 0, Avg:  0.0, Max: 0, Diff: 0, Sum: 0, Workers: 4
[12.191s][debug][gc,phases      ] GC(22)     Total                          Min: 0, Avg: 116.5, Max: 320, Diff: 320, Sum: 466, Workers: 4
[12.191s][debug][gc,phases      ] GC(22)   ObjectSynchronizer Weak        Min:  0.0, Avg:  0.0, Max:  0.0, Diff:  0.0, Sum:  0.0, Workers: 4
[12.191s][debug][gc,phases      ] GC(22)     Dead                           Min: 0, Avg:  0.0, Max: 0, Diff: 0, Sum: 0, Workers: 4
[12.191s][debug][gc,phases      ] GC(22)     Total                          Min: 0, Avg: 98.5, Max: 192, Diff: 192, Sum: 394, Workers: 4
[12.191s][debug][gc,phases      ] GC(22)   JVMTI Tag Weak OopStorage      Min:  0.0, Avg:  0.0, Max:  0.0, Diff:  0.0, Sum:  0.0, Workers: 4
[12.191s][debug][gc,phases      ] GC(22)     Dead                           Min: 0, Avg:  0.0, Max: 0, Diff: 0, Sum: 0, Workers: 4
[12.191s][debug][gc,phases      ] GC(22)     Total                          Min: 0, Avg:  0.0, Max: 0, Diff: 0, Sum: 0, Workers: 4
[12.191s][debug][gc,phases      ] GC(22)   StringTable Weak               Min:  0.2, Avg:  0.2, Max:  0.2, Diff:  0.0, Sum:  0.9, Workers: 4
[12.191s][debug][gc,phases      ] GC(22)     Dead                           Min: 0, Avg:  0.2, Max: 1, Diff: 1, Sum: 1, Workers: 4
[12.191s][debug][gc,phases      ] GC(22)     Total                          Min: 8985, Avg: 10406.2, Max: 12352, Diff: 3367, Sum: 41625, Workers: 4
[12.191s][debug][gc,phases      ] GC(22)   ResolvedMethodTable Weak       Min:  0.0, Avg:  0.0, Max:  0.0, Diff:  0.0, Sum:  0.2, Workers: 4
[12.191s][debug][gc,phases      ] GC(22)     Dead                           Min: 0, Avg:  0.0, Max: 0, Diff: 0, Sum: 0, Workers: 4
[12.191s][debug][gc,phases      ] GC(22)     Total                          Min: 960, Avg: 1590.8, Max: 2013, Diff: 1053, Sum: 6363, Workers: 4
[12.191s][debug][gc,phases      ] GC(22)   JNI Weak                       Min:  0.0, Avg:  0.0, Max:  0.0, Diff:  0.0, Sum:  0.0, Workers: 4
[12.191s][debug][gc,phases      ] GC(22)     Dead                           Min: 0, Avg:  0.0, Max: 0, Diff: 0, Sum: 0, Workers: 4
[12.191s][debug][gc,phases      ] GC(22)     Total                          Min: 0, Avg:  1.0, Max: 4, Diff: 4, Sum: 4, Workers: 4
[12.191s][debug][gc,phases      ] GC(22)   StringDedup Table Weak         Min:  0.0, Avg:  0.0, Max:  0.0, Diff:  0.0, Sum:  0.0, Workers: 4
[12.191s][debug][gc,phases      ] GC(22)     Dead                           Min: 0, Avg:  0.0, Max: 0, Diff: 0, Sum: 0, Workers: 4
[12.191s][debug][gc,phases      ] GC(22)     Total                          Min: 0, Avg:  0.0, Max: 0, Diff: 0, Sum: 0, Workers: 4
[12.191s][debug][gc,phases      ] GC(22)   StringDedup Requests0 Weak     Min:  0.0, Avg:  0.0, Max:  0.0, Diff:  0.0, Sum:  0.0, Workers: 4
[12.191s][debug][gc,phases      ] GC(22)     Dead                           Min: 0, Avg:  0.0, Max: 0, Diff: 0, Sum: 0, Workers: 4
[12.191s][debug][gc,phases      ] GC(22)     Total                          Min: 0, Avg:  0.0, Max: 0, Diff: 0, Sum: 0, Workers: 4
[12.191s][debug][gc,phases      ] GC(22)   StringDedup Requests1 Weak     Min:  0.0, Avg:  0.0, Max:  0.0, Diff:  0.0, Sum:  0.0, Workers: 4
[12.191s][debug][gc,phases      ] GC(22)     Dead                           Min: 0, Avg:  0.0, Max: 0, Diff: 0, Sum: 0, Workers: 4
[12.191s][debug][gc,phases      ] GC(22)     Total                          Min: 0, Avg:  0.0, Max: 0, Diff: 0, Sum: 0, Workers: 4
[12.191s][debug][gc,phases      ] GC(22)   Weak JFR Old Object Samples    Min:  0.0, Avg:  0.0, Max:  0.0, Diff:  0.0, Sum:  0.0, Workers: 4
[12.191s][debug][gc,phases      ] GC(22)     Dead                           Min: 0, Avg:  0.0, Max: 0, Diff: 0, Sum: 0, Workers: 4
[12.191s][debug][gc,phases      ] GC(22)     Total                          Min: 0, Avg:  0.0, Max: 0, Diff: 0, Sum: 0, Workers: 4
[12.191s][debug][gc,phases      ] GC(22) Weak Processing 0.482ms
[12.191s][debug][gc,age         ] GC(22) Desired survivor size 262668288 bytes, new threshold 15 (max threshold 15)
[12.191s][info ][gc,heap        ] GC(22) PSYoungGen: 1738526K(1845760K)->74897K(1837056K) Eden: 1585664K(1585664K)->0K(1585664K) From: 152862K(260096K)->74897K(251392K)
[12.192s][info ][gc,heap        ] GC(22) ParOldGen: 61441K(108544K)->176613K(176640K)
[12.192s][info ][gc,metaspace   ] GC(22) Metaspace: 64526K(65152K)->64526K(65152K) NonClass: 55098K(55424K)->55098K(55424K) Class: 9428K(9728K)->9428K(9728K)
[12.192s][info ][gc             ] GC(22) Pause Young (Allocation Failure) 1757M->245M(1966M) 122.115ms
[12.192s][info ][gc,cpu         ] GC(22) User=0.49s Sys=0.03s Real=0.12s
[12.192s][debug][gc,phases      ] GC(23) Pre Compact 0.010ms
[12.192s][info ][gc,start       ] GC(23) Pause Full (Ergonomics)
[12.192s][info ][gc,phases,start] GC(23) Marking Phase
[12.288s][debug][gc,phases      ] GC(23) Par Mark 96.394ms
[12.288s][debug][gc,ref         ] GC(23) Skipped phase 1 of Reference Processing: no references
[12.288s][debug][gc,ref         ] GC(23) ReferenceProcessor::execute queues: 4, RefProcThreadModel::Multi, marks_oops_alive: false
[12.288s][debug][gc,ref         ] GC(23) Skipped phase 3 of Reference Processing: no references
[12.288s][debug][gc,ref         ] GC(23) ReferenceProcessor::execute queues: 1, RefProcThreadModel::Single, marks_oops_alive: false
[12.288s][debug][gc,phases      ] GC(23) Reference Processing 0.315ms
[12.289s][debug][gc,phases      ] GC(23)   VM Weak                        Min:  0.0, Avg:  0.0, Max:  0.0, Diff:  0.0, Sum:  0.0, Workers: 4
[12.289s][debug][gc,phases      ] GC(23)     Dead                           Min: 0, Avg:  0.0, Max: 0, Diff: 0, Sum: 0, Workers: 4
[12.289s][debug][gc,phases      ] GC(23)     Total                          Min: 0, Avg: 116.5, Max: 256, Diff: 256, Sum: 466, Workers: 4
[12.289s][debug][gc,phases      ] GC(23)   ObjectSynchronizer Weak        Min:  0.0, Avg:  0.0, Max:  0.0, Diff:  0.0, Sum:  0.0, Workers: 4
[12.289s][debug][gc,phases      ] GC(23)     Dead                           Min: 0, Avg:  0.0, Max: 0, Diff: 0, Sum: 0, Workers: 4
[12.289s][debug][gc,phases      ] GC(23)     Total                          Min: 0, Avg: 98.5, Max: 138, Diff: 138, Sum: 394, Workers: 4
[12.289s][debug][gc,phases      ] GC(23)   JVMTI Tag Weak OopStorage      Min:  0.0, Avg:  0.0, Max:  0.0, Diff:  0.0, Sum:  0.0, Workers: 4
[12.289s][debug][gc,phases      ] GC(23)     Dead                           Min: 0, Avg:  0.0, Max: 0, Diff: 0, Sum: 0, Workers: 4
[12.289s][debug][gc,phases      ] GC(23)     Total                          Min: 0, Avg:  0.0, Max: 0, Diff: 0, Sum: 0, Workers: 4
[12.289s][debug][gc,phases      ] GC(23)   StringTable Weak               Min:  0.1, Avg:  0.1, Max:  0.1, Diff:  0.0, Sum:  0.5, Workers: 4
[12.289s][debug][gc,phases      ] GC(23)     Dead                           Min: 0, Avg:  0.0, Max: 0, Diff: 0, Sum: 0, Workers: 4
[12.289s][debug][gc,phases      ] GC(23)     Total                          Min: 9344, Avg: 10406.2, Max: 11328, Diff: 1984, Sum: 41625, Workers: 4
[12.289s][debug][gc,phases      ] GC(23)   ResolvedMethodTable Weak       Min:  0.0, Avg:  0.0, Max:  0.0, Diff:  0.0, Sum:  0.1, Workers: 4
[12.289s][debug][gc,phases      ] GC(23)     Dead                           Min: 0, Avg:  0.2, Max: 1, Diff: 1, Sum: 1, Workers: 4
[12.289s][debug][gc,phases      ] GC(23)     Total                          Min: 1373, Avg: 1590.8, Max: 1790, Diff: 417, Sum: 6363, Workers: 4
[12.289s][debug][gc,phases      ] GC(23)   JNI Weak                       Min:  0.0, Avg:  0.0, Max:  0.0, Diff:  0.0, Sum:  0.0, Workers: 4
[12.289s][debug][gc,phases      ] GC(23)     Dead                           Min: 0, Avg:  0.0, Max: 0, Diff: 0, Sum: 0, Workers: 4
[12.289s][debug][gc,phases      ] GC(23)     Total                          Min: 0, Avg:  1.0, Max: 4, Diff: 4, Sum: 4, Workers: 4
[12.289s][debug][gc,phases      ] GC(23)   StringDedup Table Weak         Min:  0.0, Avg:  0.0, Max:  0.0, Diff:  0.0, Sum:  0.0, Workers: 4
[12.289s][debug][gc,phases      ] GC(23)     Dead                           Min: 0, Avg:  0.0, Max: 0, Diff: 0, Sum: 0, Workers: 4
[12.289s][debug][gc,phases      ] GC(23)     Total                          Min: 0, Avg:  0.0, Max: 0, Diff: 0, Sum: 0, Workers: 4
[12.289s][debug][gc,phases      ] GC(23)   StringDedup Requests0 Weak     Min:  0.0, Avg:  0.0, Max:  0.0, Diff:  0.0, Sum:  0.0, Workers: 4
[12.289s][debug][gc,phases      ] GC(23)     Dead                           Min: 0, Avg:  0.0, Max: 0, Diff: 0, Sum: 0, Workers: 4
[12.289s][debug][gc,phases      ] GC(23)     Total                          Min: 0, Avg:  0.0, Max: 0, Diff: 0, Sum: 0, Workers: 4
[12.289s][debug][gc,phases      ] GC(23)   StringDedup Requests1 Weak     Min:  0.0, Avg:  0.0, Max:  0.0, Diff:  0.0, Sum:  0.0, Workers: 4
[12.289s][debug][gc,phases      ] GC(23)     Dead                           Min: 0, Avg:  0.0, Max: 0, Diff: 0, Sum: 0, Workers: 4
[12.289s][debug][gc,phases      ] GC(23)     Total                          Min: 0, Avg:  0.0, Max: 0, Diff: 0, Sum: 0, Workers: 4
[12.289s][debug][gc,phases      ] GC(23)   Weak JFR Old Object Samples    Min:  0.0, Avg:  0.0, Max:  0.0, Diff:  0.0, Sum:  0.0, Workers: 4
[12.289s][debug][gc,phases      ] GC(23)     Dead                           Min: 0, Avg:  0.0, Max: 0, Diff: 0, Sum: 0, Workers: 4
[12.289s][debug][gc,phases      ] GC(23)     Total                          Min: 0, Avg:  0.0, Max: 0, Diff: 0, Sum: 0, Workers: 4
[12.289s][debug][gc,phases      ] GC(23) Weak Processing 0.351ms
[12.289s][debug][gc,phases      ] GC(23) ClassLoaderData 0.066ms
[12.289s][debug][gc,phases      ] GC(23) Trigger cleanups 0.000ms
[12.296s][debug][gc,phases      ] GC(23) Class Unloading 7.368ms
[12.296s][info ][gc,phases      ] GC(23) Marking Phase 104.559ms
[12.296s][info ][gc,phases,start] GC(23) Summary Phase
[12.296s][info ][gc,phases      ] GC(23) Summary Phase 0.008ms
[12.296s][info ][gc,phases,start] GC(23) Adjust Roots
[12.305s][info ][gc,phases      ] GC(23) Adjust Roots 9.127ms
[12.305s][info ][gc,phases,start] GC(23) Compaction Phase
[12.820s][info ][gc,phases      ] GC(23) Compaction Phase 514.902ms
[12.820s][info ][gc,phases,start] GC(23) Post Compact
[12.821s][info ][gc,phases      ] GC(23) Post Compact 0.834ms
[12.821s][info ][gc,heap        ] GC(23) PSYoungGen: 74897K(1837056K)->74189K(1837056K) Eden: 0K(1585664K)->0K(1585664K) From: 74897K(251392K)->74189K(251392K)
[12.821s][info ][gc,heap        ] GC(23) ParOldGen: 176613K(176640K)->176588K(272896K)
[12.821s][info ][gc,metaspace   ] GC(23) Metaspace: 64526K(65152K)->64526K(65152K) NonClass: 55098K(55424K)->55098K(55424K) Class: 9428K(9728K)->9428K(9728K)
[12.821s][info ][gc             ] GC(23) Pause Full (Ergonomics) 245M->244M(2060M) 629.707ms
[12.821s][info ][gc,cpu         ] GC(23) User=1.84s Sys=0.01s Real=0.63s
[12.822s][info ][safepoint      ] Safepoint "ParallelGCFailedAllocation", Time since last: 268488075 ns, Reaching safepoint: 133808 ns, At safepoint: 752921319 ns, Total: 753055127 ns
[13.140s][info ][gc,start       ] GC(24) Pause Young (Allocation Failure)
[13.285s][debug][gc,phases      ] GC(24) Scavenge 144.487ms
[13.285s][debug][gc,ref         ] GC(24) Skipped phase 1 of Reference Processing: no references
[13.285s][debug][gc,ref         ] GC(24) ReferenceProcessor::execute queues: 1, RefProcThreadModel::Single, marks_oops_alive: false
[13.285s][debug][gc,ref         ] GC(24) Skipped phase 3 of Reference Processing: no references
[13.285s][debug][gc,ref         ] GC(24) ReferenceProcessor::execute queues: 1, RefProcThreadModel::Single, marks_oops_alive: false
[13.285s][debug][gc,phases      ] GC(24) Reference Processing 0.171ms
[13.285s][debug][gc,phases      ] GC(24)   VM Weak                        Min:  0.0, Avg:  0.0, Max:  0.0, Diff:  0.0, Sum:  0.0, Workers: 4
[13.285s][debug][gc,phases      ] GC(24)     Dead                           Min: 0, Avg:  0.0, Max: 0, Diff: 0, Sum: 0, Workers: 4
[13.285s][debug][gc,phases      ] GC(24)     Total                          Min: 0, Avg: 116.5, Max: 384, Diff: 384, Sum: 466, Workers: 4
[13.285s][debug][gc,phases      ] GC(24)   ObjectSynchronizer Weak        Min:  0.0, Avg:  0.0, Max:  0.0, Diff:  0.0, Sum:  0.0, Workers: 4
[13.285s][debug][gc,phases      ] GC(24)     Dead                           Min: 0, Avg:  0.0, Max: 0, Diff: 0, Sum: 0, Workers: 4
[13.285s][debug][gc,phases      ] GC(24)     Total                          Min: 0, Avg: 98.5, Max: 256, Diff: 256, Sum: 394, Workers: 4
[13.285s][debug][gc,phases      ] GC(24)   JVMTI Tag Weak OopStorage      Min:  0.0, Avg:  0.0, Max:  0.0, Diff:  0.0, Sum:  0.0, Workers: 4
[13.285s][debug][gc,phases      ] GC(24)     Dead                           Min: 0, Avg:  0.0, Max: 0, Diff: 0, Sum: 0, Workers: 4
[13.285s][debug][gc,phases      ] GC(24)     Total                          Min: 0, Avg:  0.0, Max: 0, Diff: 0, Sum: 0, Workers: 4
[13.285s][debug][gc,phases      ] GC(24)   StringTable Weak               Min:  0.1, Avg:  0.1, Max:  0.1, Diff:  0.0, Sum:  0.4, Workers: 4
[13.285s][debug][gc,phases      ] GC(24)     Dead                           Min: 0, Avg:  2.8, Max: 11, Diff: 11, Sum: 11, Workers: 4
[13.285s][debug][gc,phases      ] GC(24)     Total                          Min: 8192, Avg: 10406.8, Max: 11253, Diff: 3061, Sum: 41627, Workers: 4
[13.285s][debug][gc,phases      ] GC(24)   ResolvedMethodTable Weak       Min:  0.0, Avg:  0.0, Max:  0.0, Diff:  0.0, Sum:  0.1, Workers: 4
[13.285s][debug][gc,phases      ] GC(24)     Dead                           Min: 0, Avg:  0.0, Max: 0, Diff: 0, Sum: 0, Workers: 4
[13.285s][debug][gc,phases      ] GC(24)     Total                          Min: 1152, Avg: 1591.0, Max: 1790, Diff: 638, Sum: 6364, Workers: 4
[13.285s][debug][gc,phases      ] GC(24)   JNI Weak                       Min:  0.0, Avg:  0.0, Max:  0.0, Diff:  0.0, Sum:  0.0, Workers: 4
[13.285s][debug][gc,phases      ] GC(24)     Dead                           Min: 0, Avg:  0.0, Max: 0, Diff: 0, Sum: 0, Workers: 4
[13.285s][debug][gc,phases      ] GC(24)     Total                          Min: 0, Avg:  0.0, Max: 0, Diff: 0, Sum: 0, Workers: 4
[13.285s][debug][gc,phases      ] GC(24)   StringDedup Table Weak         Min:  0.0, Avg:  0.0, Max:  0.0, Diff:  0.0, Sum:  0.0, Workers: 4
[13.285s][debug][gc,phases      ] GC(24)     Dead                           Min: 0, Avg:  0.0, Max: 0, Diff: 0, Sum: 0, Workers: 4
[13.285s][debug][gc,phases      ] GC(24)     Total                          Min: 0, Avg:  0.0, Max: 0, Diff: 0, Sum: 0, Workers: 4
[13.285s][debug][gc,phases      ] GC(24)   StringDedup Requests0 Weak     Min:  0.0, Avg:  0.0, Max:  0.0, Diff:  0.0, Sum:  0.0, Workers: 4
[13.285s][debug][gc,phases      ] GC(24)     Dead                           Min: 0, Avg:  0.0, Max: 0, Diff: 0, Sum: 0, Workers: 4
[13.285s][debug][gc,phases      ] GC(24)     Total                          Min: 0, Avg:  0.0, Max: 0, Diff: 0, Sum: 0, Workers: 4
[13.285s][debug][gc,phases      ] GC(24)   StringDedup Requests1 Weak     Min:  0.0, Avg:  0.0, Max:  0.0, Diff:  0.0, Sum:  0.0, Workers: 4
[13.285s][debug][gc,phases      ] GC(24)     Dead                           Min: 0, Avg:  0.0, Max: 0, Diff: 0, Sum: 0, Workers: 4
[13.285s][debug][gc,phases      ] GC(24)     Total                          Min: 0, Avg:  0.0, Max: 0, Diff: 0, Sum: 0, Workers: 4
[13.285s][debug][gc,phases      ] GC(24)   Weak JFR Old Object Samples    Min:  0.0, Avg:  0.0, Max:  0.0, Diff:  0.0, Sum:  0.0, Workers: 4
[13.285s][debug][gc,phases      ] GC(24)     Dead                           Min: 0, Avg:  0.0, Max: 0, Diff: 0, Sum: 0, Workers: 4
[13.285s][debug][gc,phases      ] GC(24)     Total                          Min: 0, Avg:  0.0, Max: 0, Diff: 0, Sum: 0, Workers: 4
[13.285s][debug][gc,phases      ] GC(24) Weak Processing 0.327ms
[13.285s][debug][gc,age         ] GC(24) Desired survivor size 288358400 bytes, new threshold 15 (max threshold 15)
[13.285s][info ][gc,heap        ] GC(24) PSYoungGen: 1659853K(1837056K)->247411K(1790464K) Eden: 1585664K(1585664K)->0K(1533952K) From: 74189K(251392K)->247411K(256512K)
[13.285s][info ][gc,heap        ] GC(24) ParOldGen: 176588K(272896K)->181042K(272896K)
[13.285s][info ][gc,metaspace   ] GC(24) Metaspace: 64527K(65152K)->64527K(65152K) NonClass: 55098K(55424K)->55098K(55424K) Class: 9428K(9728K)->9428K(9728K)
[13.285s][info ][gc             ] GC(24) Pause Young (Allocation Failure) 1793M->418M(2015M) 145.106ms
[13.285s][info ][gc,cpu         ] GC(24) User=0.54s Sys=0.02s Real=0.15s
[13.285s][info ][safepoint      ] Safepoint "ParallelGCFailedAllocation", Time since last: 317856894 ns, Reaching safepoint: 139408 ns, At safepoint: 145209486 ns, Total: 145348894 ns
[13.504s][info ][gc,start       ] GC(25) Pause Young (Allocation Failure)
[13.670s][debug][gc,phases      ] GC(25) Scavenge 165.963ms
[13.670s][debug][gc,ref         ] GC(25) Skipped phase 1 of Reference Processing: no references
[13.670s][debug][gc,ref         ] GC(25) ReferenceProcessor::execute queues: 1, RefProcThreadModel::Single, marks_oops_alive: false
[13.670s][debug][gc,ref         ] GC(25) Skipped phase 3 of Reference Processing: no references
[13.670s][debug][gc,ref         ] GC(25) ReferenceProcessor::execute queues: 1, RefProcThreadModel::Single, marks_oops_alive: false
[13.670s][debug][gc,phases      ] GC(25) Reference Processing 0.151ms
[13.670s][debug][gc,phases      ] GC(25)   VM Weak                        Min:  0.0, Avg:  0.0, Max:  0.0, Diff:  0.0, Sum:  0.0, Workers: 4
[13.670s][debug][gc,phases      ] GC(25)     Dead                           Min: 0, Avg:  0.0, Max: 0, Diff: 0, Sum: 0, Workers: 4
[13.670s][debug][gc,phases      ] GC(25)     Total                          Min: 0, Avg: 116.5, Max: 466, Diff: 466, Sum: 466, Workers: 4
[13.670s][debug][gc,phases      ] GC(25)   ObjectSynchronizer Weak        Min:  0.0, Avg:  0.0, Max:  0.0, Diff:  0.0, Sum:  0.0, Workers: 4
[13.670s][debug][gc,phases      ] GC(25)     Dead                           Min: 0, Avg:  0.0, Max: 0, Diff: 0, Sum: 0, Workers: 4
[13.670s][debug][gc,phases      ] GC(25)     Total                          Min: 0, Avg: 98.5, Max: 394, Diff: 394, Sum: 394, Workers: 4
[13.670s][debug][gc,phases      ] GC(25)   JVMTI Tag Weak OopStorage      Min:  0.0, Avg:  0.0, Max:  0.0, Diff:  0.0, Sum:  0.0, Workers: 4
[13.670s][debug][gc,phases      ] GC(25)     Dead                           Min: 0, Avg:  0.0, Max: 0, Diff: 0, Sum: 0, Workers: 4
[13.670s][debug][gc,phases      ] GC(25)     Total                          Min: 0, Avg:  0.0, Max: 0, Diff: 0, Sum: 0, Workers: 4
[13.670s][debug][gc,phases      ] GC(25)   StringTable Weak               Min:  0.1, Avg:  0.1, Max:  0.1, Diff:  0.0, Sum:  0.4, Workers: 4
[13.670s][debug][gc,phases      ] GC(25)     Dead                           Min: 0, Avg:  2.8, Max: 11, Diff: 11, Sum: 11, Workers: 4
[13.670s][debug][gc,phases      ] GC(25)     Total                          Min: 9664, Avg: 10412.8, Max: 11200, Diff: 1536, Sum: 41651, Workers: 4
[13.670s][debug][gc,phases      ] GC(25)   ResolvedMethodTable Weak       Min:  0.0, Avg:  0.0, Max:  0.0, Diff:  0.0, Sum:  0.1, Workers: 4
[13.670s][debug][gc,phases      ] GC(25)     Dead                           Min: 0, Avg:  0.2, Max: 1, Diff: 1, Sum: 1, Workers: 4
[13.670s][debug][gc,phases      ] GC(25)     Total                          Min: 1472, Avg: 1591.0, Max: 1855, Diff: 383, Sum: 6364, Workers: 4
[13.670s][debug][gc,phases      ] GC(25)   JNI Weak                       Min:  0.0, Avg:  0.0, Max:  0.0, Diff:  0.0, Sum:  0.0, Workers: 4
[13.670s][debug][gc,phases      ] GC(25)     Dead                           Min: 0, Avg:  0.0, Max: 0, Diff: 0, Sum: 0, Workers: 4
[13.670s][debug][gc,phases      ] GC(25)     Total                          Min: 0, Avg:  0.0, Max: 0, Diff: 0, Sum: 0, Workers: 4
[13.670s][debug][gc,phases      ] GC(25)   StringDedup Table Weak         Min:  0.0, Avg:  0.0, Max:  0.0, Diff:  0.0, Sum:  0.0, Workers: 4
[13.670s][debug][gc,phases      ] GC(25)     Dead                           Min: 0, Avg:  0.0, Max: 0, Diff: 0, Sum: 0, Workers: 4
[13.670s][debug][gc,phases      ] GC(25)     Total                          Min: 0, Avg:  0.0, Max: 0, Diff: 0, Sum: 0, Workers: 4
[13.670s][debug][gc,phases      ] GC(25)   StringDedup Requests0 Weak     Min:  0.0, Avg:  0.0, Max:  0.0, Diff:  0.0, Sum:  0.0, Workers: 4
[13.670s][debug][gc,phases      ] GC(25)     Dead                           Min: 0, Avg:  0.0, Max: 0, Diff: 0, Sum: 0, Workers: 4
[13.670s][debug][gc,phases      ] GC(25)     Total                          Min: 0, Avg:  0.0, Max: 0, Diff: 0, Sum: 0, Workers: 4
[13.670s][debug][gc,phases      ] GC(25)   StringDedup Requests1 Weak     Min:  0.0, Avg:  0.0, Max:  0.0, Diff:  0.0, Sum:  0.0, Workers: 4
[13.670s][debug][gc,phases      ] GC(25)     Dead                           Min: 0, Avg:  0.0, Max: 0, Diff: 0, Sum: 0, Workers: 4
[13.670s][debug][gc,phases      ] GC(25)     Total                          Min: 0, Avg:  0.0, Max: 0, Diff: 0, Sum: 0, Workers: 4
[13.670s][debug][gc,phases      ] GC(25)   Weak JFR Old Object Samples    Min:  0.0, Avg:  0.0, Max:  0.0, Diff:  0.0, Sum:  0.0, Workers: 4
[13.670s][debug][gc,phases      ] GC(25)     Dead                           Min: 0, Avg:  0.0, Max: 0, Diff: 0, Sum: 0, Workers: 4
[13.670s][debug][gc,phases      ] GC(25)     Total                          Min: 0, Avg:  0.0, Max: 0, Diff: 0, Sum: 0, Workers: 4
[13.670s][debug][gc,phases      ] GC(25) Weak Processing 0.303ms
[13.670s][debug][gc,age         ] GC(25) Desired survivor size 347602944 bytes, new threshold 14 (max threshold 15)
[13.670s][info ][gc,heap        ] GC(25) PSYoungGen: 1781363K(1790464K)->281595K(1815552K) Eden: 1533952K(1533952K)->0K(1533952K) From: 247411K(256512K)->281595K(281600K)
[13.670s][info ][gc,heap        ] GC(25) ParOldGen: 181042K(272896K)->248866K(272896K)
[13.671s][info ][gc,metaspace   ] GC(25) Metaspace: 64572K(65216K)->64572K(65216K) NonClass: 55144K(55488K)->55144K(55488K) Class: 9428K(9728K)->9428K(9728K)
[13.671s][info ][gc             ] GC(25) Pause Young (Allocation Failure) 1916M->518M(2039M) 166.572ms
[13.671s][info ][gc,cpu         ] GC(25) User=0.61s Sys=0.05s Real=0.16s
[13.671s][debug][gc,phases      ] GC(26) Pre Compact 0.010ms
[13.671s][info ][gc,start       ] GC(26) Pause Full (Ergonomics)
[13.671s][info ][gc,phases,start] GC(26) Marking Phase
[13.852s][debug][gc,phases      ] GC(26) Par Mark 181.662ms
[13.852s][debug][gc,ref         ] GC(26) Skipped phase 1 of Reference Processing: no references
[13.853s][debug][gc,ref         ] GC(26) ReferenceProcessor::execute queues: 4, RefProcThreadModel::Multi, marks_oops_alive: false
[13.853s][debug][gc,ref         ] GC(26) Skipped phase 3 of Reference Processing: no references
[13.853s][debug][gc,ref         ] GC(26) ReferenceProcessor::execute queues: 1, RefProcThreadModel::Single, marks_oops_alive: false
[13.853s][debug][gc,phases      ] GC(26) Reference Processing 0.359ms
[13.853s][debug][gc,phases      ] GC(26)   VM Weak                        Min:  0.0, Avg:  0.0, Max:  0.0, Diff:  0.0, Sum:  0.0, Workers: 4
[13.853s][debug][gc,phases      ] GC(26)     Dead                           Min: 0, Avg:  0.0, Max: 0, Diff: 0, Sum: 0, Workers: 4
[13.853s][debug][gc,phases      ] GC(26)     Total                          Min: 0, Avg: 116.5, Max: 256, Diff: 256, Sum: 466, Workers: 4
[13.853s][debug][gc,phases      ] GC(26)   ObjectSynchronizer Weak        Min:  0.0, Avg:  0.0, Max:  0.0, Diff:  0.0, Sum:  0.0, Workers: 4
[13.853s][debug][gc,phases      ] GC(26)     Dead                           Min: 0, Avg:  0.0, Max: 0, Diff: 0, Sum: 0, Workers: 4
[13.853s][debug][gc,phases      ] GC(26)     Total                          Min: 0, Avg: 98.5, Max: 192, Diff: 192, Sum: 394, Workers: 4
[13.853s][debug][gc,phases      ] GC(26)   JVMTI Tag Weak OopStorage      Min:  0.0, Avg:  0.0, Max:  0.0, Diff:  0.0, Sum:  0.0, Workers: 4
[13.853s][debug][gc,phases      ] GC(26)     Dead                           Min: 0, Avg:  0.0, Max: 0, Diff: 0, Sum: 0, Workers: 4
[13.853s][debug][gc,phases      ] GC(26)     Total                          Min: 0, Avg:  0.0, Max: 0, Diff: 0, Sum: 0, Workers: 4
[13.853s][debug][gc,phases      ] GC(26)   StringTable Weak               Min:  0.1, Avg:  0.1, Max:  0.1, Diff:  0.0, Sum:  0.5, Workers: 4
[13.853s][debug][gc,phases      ] GC(26)     Dead                           Min: 0, Avg:  0.0, Max: 0, Diff: 0, Sum: 0, Workers: 4
[13.853s][debug][gc,phases      ] GC(26)     Total                          Min: 9792, Avg: 10412.8, Max: 10944, Diff: 1152, Sum: 41651, Workers: 4
[13.853s][debug][gc,phases      ] GC(26)   ResolvedMethodTable Weak       Min:  0.0, Avg:  0.0, Max:  0.0, Diff:  0.0, Sum:  0.1, Workers: 4
[13.853s][debug][gc,phases      ] GC(26)     Dead                           Min: 0, Avg:  0.0, Max: 0, Diff: 0, Sum: 0, Workers: 4
[13.853s][debug][gc,phases      ] GC(26)     Total                          Min: 1408, Avg: 1591.0, Max: 1791, Diff: 383, Sum: 6364, Workers: 4
[13.853s][debug][gc,phases      ] GC(26)   JNI Weak                       Min:  0.0, Avg:  0.0, Max:  0.0, Diff:  0.0, Sum:  0.0, Workers: 4
[13.853s][debug][gc,phases      ] GC(26)     Dead                           Min: 0, Avg:  0.0, Max: 0, Diff: 0, Sum: 0, Workers: 4
[13.853s][debug][gc,phases      ] GC(26)     Total                          Min: 0, Avg:  0.0, Max: 0, Diff: 0, Sum: 0, Workers: 4
[13.853s][debug][gc,phases      ] GC(26)   StringDedup Table Weak         Min:  0.0, Avg:  0.0, Max:  0.0, Diff:  0.0, Sum:  0.0, Workers: 4
[13.853s][debug][gc,phases      ] GC(26)     Dead                           Min: 0, Avg:  0.0, Max: 0, Diff: 0, Sum: 0, Workers: 4
[13.853s][debug][gc,phases      ] GC(26)     Total                          Min: 0, Avg:  0.0, Max: 0, Diff: 0, Sum: 0, Workers: 4
[13.853s][debug][gc,phases      ] GC(26)   StringDedup Requests0 Weak     Min:  0.0, Avg:  0.0, Max:  0.0, Diff:  0.0, Sum:  0.0, Workers: 4
[13.853s][debug][gc,phases      ] GC(26)     Dead                           Min: 0, Avg:  0.0, Max: 0, Diff: 0, Sum: 0, Workers: 4
[13.853s][debug][gc,phases      ] GC(26)     Total                          Min: 0, Avg:  0.0, Max: 0, Diff: 0, Sum: 0, Workers: 4
[13.853s][debug][gc,phases      ] GC(26)   StringDedup Requests1 Weak     Min:  0.0, Avg:  0.0, Max:  0.0, Diff:  0.0, Sum:  0.0, Workers: 4
[13.853s][debug][gc,phases      ] GC(26)     Dead                           Min: 0, Avg:  0.0, Max: 0, Diff: 0, Sum: 0, Workers: 4
[13.853s][debug][gc,phases      ] GC(26)     Total                          Min: 0, Avg:  0.0, Max: 0, Diff: 0, Sum: 0, Workers: 4
[13.853s][debug][gc,phases      ] GC(26)   Weak JFR Old Object Samples    Min:  0.0, Avg:  0.0, Max:  0.0, Diff:  0.0, Sum:  0.0, Workers: 4
[13.853s][debug][gc,phases      ] GC(26)     Dead                           Min: 0, Avg:  0.0, Max: 0, Diff: 0, Sum: 0, Workers: 4
[13.853s][debug][gc,phases      ] GC(26)     Total                          Min: 0, Avg:  0.0, Max: 0, Diff: 0, Sum: 0, Workers: 4
[13.853s][debug][gc,phases      ] GC(26) Weak Processing 0.342ms
[13.853s][debug][gc,phases      ] GC(26) ClassLoaderData 0.065ms
[13.853s][debug][gc,phases      ] GC(26) Trigger cleanups 0.000ms
[13.861s][debug][gc,phases      ] GC(26) Class Unloading 7.754ms
[13.861s][info ][gc,phases      ] GC(26) Marking Phase 190.286ms
[13.861s][info ][gc,phases,start] GC(26) Summary Phase
[13.861s][info ][gc,phases      ] GC(26) Summary Phase 0.017ms
[13.861s][info ][gc,phases,start] GC(26) Adjust Roots
[13.867s][info ][gc,phases      ] GC(26) Adjust Roots 6.219ms
[13.867s][info ][gc,phases,start] GC(26) Compaction Phase
[14.342s][info ][gc,phases      ] GC(26) Compaction Phase 474.534ms
[14.342s][info ][gc,phases,start] GC(26) Post Compact
[14.343s][info ][gc,phases      ] GC(26) Post Compact 1.214ms
[14.343s][info ][gc,heap        ] GC(26) PSYoungGen: 281595K(1815552K)->257242K(1791488K) Eden: 0K(1533952K)->0K(1533952K) From: 281595K(281600K)->257242K(257536K)
[14.343s][info ][gc,heap        ] GC(26) ParOldGen: 248866K(272896K)->272540K(392704K)
[14.343s][info ][gc,metaspace   ] GC(26) Metaspace: 64572K(65216K)->64572K(65216K) NonClass: 55144K(55488K)->55144K(55488K) Class: 9428K(9728K)->9428K(9728K)
[14.343s][info ][gc             ] GC(26) Pause Full (Ergonomics) 518M->517M(2133M) 672.598ms
[14.343s][info ][gc,cpu         ] GC(26) User=2.62s Sys=0.02s Real=0.68s
[14.343s][info ][safepoint      ] Safepoint "ParallelGCFailedAllocation", Time since last: 218267106 ns, Reaching safepoint: 144108 ns, At safepoint: 839357030 ns, Total: 839501138 ns
[14.509s][info ][safepoint      ] Safepoint "ICBufferFull", Time since last: 165964313 ns, Reaching safepoint: 206312 ns, At safepoint: 24902 ns, Total: 231214 ns
[14.581s][info ][safepoint      ] Safepoint "ICBufferFull", Time since last: 69618116 ns, Reaching safepoint: 2149627 ns, At safepoint: 29102 ns, Total: 2178729 ns
[14.604s][info ][safepoint      ] Safepoint "ICBufferFull", Time since last: 23053463 ns, Reaching safepoint: 130008 ns, At safepoint: 29101 ns, Total: 159109 ns
[14.646s][info ][gc,start       ] GC(27) Pause Young (Allocation Failure)
[14.770s][debug][gc,phases      ] GC(27) Scavenge 123.147ms
[14.770s][debug][gc,ref         ] GC(27) Skipped phase 1 of Reference Processing: no references
[14.770s][debug][gc,ref         ] GC(27) ReferenceProcessor::execute queues: 1, RefProcThreadModel::Single, marks_oops_alive: false
[14.770s][debug][gc,ref         ] GC(27) Skipped phase 3 of Reference Processing: no references
[14.770s][debug][gc,ref         ] GC(27) ReferenceProcessor::execute queues: 1, RefProcThreadModel::Single, marks_oops_alive: false
[14.770s][debug][gc,phases      ] GC(27) Reference Processing 0.167ms
[14.770s][debug][gc,phases      ] GC(27)   VM Weak                        Min:  0.0, Avg:  0.0, Max:  0.0, Diff:  0.0, Sum:  0.0, Workers: 4
[14.770s][debug][gc,phases      ] GC(27)     Dead                           Min: 0, Avg:  0.0, Max: 0, Diff: 0, Sum: 0, Workers: 4
[14.770s][debug][gc,phases      ] GC(27)     Total                          Min: 0, Avg: 120.2, Max: 289, Diff: 289, Sum: 481, Workers: 4
[14.770s][debug][gc,phases      ] GC(27)   ObjectSynchronizer Weak        Min:  0.0, Avg:  0.0, Max:  0.0, Diff:  0.0, Sum:  0.0, Workers: 4
[14.770s][debug][gc,phases      ] GC(27)     Dead                           Min: 0, Avg:  0.0, Max: 0, Diff: 0, Sum: 0, Workers: 4
[14.770s][debug][gc,phases      ] GC(27)     Total                          Min: 0, Avg: 98.5, Max: 192, Diff: 192, Sum: 394, Workers: 4
[14.770s][debug][gc,phases      ] GC(27)   JVMTI Tag Weak OopStorage      Min:  0.0, Avg:  0.0, Max:  0.0, Diff:  0.0, Sum:  0.0, Workers: 4
[14.770s][debug][gc,phases      ] GC(27)     Dead                           Min: 0, Avg:  0.0, Max: 0, Diff: 0, Sum: 0, Workers: 4
[14.770s][debug][gc,phases      ] GC(27)     Total                          Min: 0, Avg:  0.0, Max: 0, Diff: 0, Sum: 0, Workers: 4
[14.770s][debug][gc,phases      ] GC(27)   StringTable Weak               Min:  0.1, Avg:  0.1, Max:  0.1, Diff:  0.0, Sum:  0.4, Workers: 4
[14.770s][debug][gc,phases      ] GC(27)     Dead                           Min: 0, Avg:  4.0, Max: 14, Diff: 14, Sum: 16, Workers: 4
[14.770s][debug][gc,phases      ] GC(27)     Total                          Min: 9146, Avg: 10478.5, Max: 11456, Diff: 2310, Sum: 41914, Workers: 4
[14.770s][debug][gc,phases      ] GC(27)   ResolvedMethodTable Weak       Min:  0.0, Avg:  0.0, Max:  0.0, Diff:  0.0, Sum:  0.1, Workers: 4
[14.770s][debug][gc,phases      ] GC(27)     Dead                           Min: 0, Avg:  4.5, Max: 12, Diff: 12, Sum: 18, Workers: 4
[14.770s][debug][gc,phases      ] GC(27)     Total                          Min: 1415, Avg: 1649.8, Max: 1792, Diff: 377, Sum: 6599, Workers: 4
[14.770s][debug][gc,phases      ] GC(27)   JNI Weak                       Min:  0.0, Avg:  0.0, Max:  0.0, Diff:  0.0, Sum:  0.0, Workers: 4
[14.770s][debug][gc,phases      ] GC(27)     Dead                           Min: 0, Avg:  0.0, Max: 0, Diff: 0, Sum: 0, Workers: 4
[14.770s][debug][gc,phases      ] GC(27)     Total                          Min: 0, Avg:  0.2, Max: 1, Diff: 1, Sum: 1, Workers: 4
[14.770s][debug][gc,phases      ] GC(27)   StringDedup Table Weak         Min:  0.0, Avg:  0.0, Max:  0.0, Diff:  0.0, Sum:  0.0, Workers: 4
[14.770s][debug][gc,phases      ] GC(27)     Dead                           Min: 0, Avg:  0.0, Max: 0, Diff: 0, Sum: 0, Workers: 4
[14.770s][debug][gc,phases      ] GC(27)     Total                          Min: 0, Avg:  0.0, Max: 0, Diff: 0, Sum: 0, Workers: 4
[14.770s][debug][gc,phases      ] GC(27)   StringDedup Requests0 Weak     Min:  0.0, Avg:  0.0, Max:  0.0, Diff:  0.0, Sum:  0.0, Workers: 4
[14.770s][debug][gc,phases      ] GC(27)     Dead                           Min: 0, Avg:  0.0, Max: 0, Diff: 0, Sum: 0, Workers: 4
[14.770s][debug][gc,phases      ] GC(27)     Total                          Min: 0, Avg:  0.0, Max: 0, Diff: 0, Sum: 0, Workers: 4
[14.770s][debug][gc,phases      ] GC(27)   StringDedup Requests1 Weak     Min:  0.0, Avg:  0.0, Max:  0.0, Diff:  0.0, Sum:  0.0, Workers: 4
[14.770s][debug][gc,phases      ] GC(27)     Dead                           Min: 0, Avg:  0.0, Max: 0, Diff: 0, Sum: 0, Workers: 4
[14.770s][debug][gc,phases      ] GC(27)     Total                          Min: 0, Avg:  0.0, Max: 0, Diff: 0, Sum: 0, Workers: 4
[14.770s][debug][gc,phases      ] GC(27)   Weak JFR Old Object Samples    Min:  0.0, Avg:  0.0, Max:  0.0, Diff:  0.0, Sum:  0.0, Workers: 4
[14.770s][debug][gc,phases      ] GC(27)     Dead                           Min: 0, Avg:  0.0, Max: 0, Diff: 0, Sum: 0, Workers: 4
[14.770s][debug][gc,phases      ] GC(27)     Total                          Min: 0, Avg:  0.0, Max: 0, Diff: 0, Sum: 0, Workers: 4
[14.770s][debug][gc,phases      ] GC(27) Weak Processing 0.301ms
[14.770s][debug][gc,age         ] GC(27) Desired survivor size 360710144 bytes, new threshold 15 (max threshold 15)
[14.770s][info ][gc,heap        ] GC(27) PSYoungGen: 1791194K(1791488K)->257104K(1698304K) Eden: 1533952K(1533952K)->0K(1392640K) From: 257242K(257536K)->257104K(305664K)
[14.770s][info ][gc,heap        ] GC(27) ParOldGen: 272540K(392704K)->274544K(392704K)
[14.770s][info ][gc,metaspace   ] GC(27) Metaspace: 65710K(66304K)->65710K(66304K) NonClass: 56094K(56448K)->56094K(56448K) Class: 9615K(9856K)->9615K(9856K)
[14.770s][info ][gc             ] GC(27) Pause Young (Allocation Failure) 2015M->519M(2042M) 123.753ms
[14.770s][info ][gc,cpu         ] GC(27) User=0.49s Sys=0.00s Real=0.12s
[14.770s][info ][safepoint      ] Safepoint "ParallelGCFailedAllocation", Time since last: 41638362 ns, Reaching safepoint: 159410 ns, At safepoint: 123854023 ns, Total: 124013433 ns
[14.855s][info ][safepoint      ] Safepoint "ICBufferFull", Time since last: 84532698 ns, Reaching safepoint: 161110 ns, At safepoint: 25301 ns, Total: 186411 ns
[14.880s][info ][safepoint      ] Safepoint "ICBufferFull", Time since last: 24845569 ns, Reaching safepoint: 139008 ns, At safepoint: 23802 ns, Total: 162810 ns
[14.896s][info ][safepoint      ] Safepoint "ICBufferFull", Time since last: 16127253 ns, Reaching safepoint: 113907 ns, At safepoint: 24802 ns, Total: 138709 ns
[14.898s][info ][safepoint      ] Safepoint "ICBufferFull", Time since last: 1669998 ns, Reaching safepoint: 102006 ns, At safepoint: 27002 ns, Total: 129008 ns
[14.964s][info ][safepoint      ] Safepoint "ICBufferFull", Time since last: 66089308 ns, Reaching safepoint: 169010 ns, At safepoint: 27701 ns, Total: 196711 ns
[14.978s][info ][safepoint      ] Safepoint "ICBufferFull", Time since last: 13555802 ns, Reaching safepoint: 147209 ns, At safepoint: 29601 ns, Total: 176810 ns
[14.999s][info ][safepoint      ] Safepoint "ICBufferFull", Time since last: 21037644 ns, Reaching safepoint: 132608 ns, At safepoint: 26202 ns, Total: 158810 ns
[15.002s][info ][safepoint      ] Safepoint "ICBufferFull", Time since last: 2532049 ns, Reaching safepoint: 115607 ns, At safepoint: 25302 ns, Total: 140909 ns
[15.011s][info ][safepoint      ] Safepoint "ICBufferFull", Time since last: 9163441 ns, Reaching safepoint: 119008 ns, At safepoint: 34502 ns, Total: 153510 ns
[15.035s][info ][safepoint      ] Safepoint "ICBufferFull", Time since last: 19847273 ns, Reaching safepoint: 4249851 ns, At safepoint: 30102 ns, Total: 4279953 ns
[15.037s][info ][safepoint      ] Safepoint "ICBufferFull", Time since last: 1387482 ns, Reaching safepoint: 118507 ns, At safepoint: 32002 ns, Total: 150509 ns
[15.039s][info ][safepoint      ] Safepoint "ICBufferFull", Time since last: 1628996 ns, Reaching safepoint: 117807 ns, At safepoint: 29102 ns, Total: 146909 ns
[15.044s][info ][safepoint      ] Safepoint "ICBufferFull", Time since last: 5555429 ns, Reaching safepoint: 128707 ns, At safepoint: 29402 ns, Total: 158109 ns
[15.045s][info ][gc,start       ] GC(28) Pause Young (Allocation Failure)
[15.157s][debug][gc,phases      ] GC(28) Scavenge 112.803ms
[15.157s][debug][gc,ref         ] GC(28) Skipped phase 1 of Reference Processing: no references
[15.158s][debug][gc,ref         ] GC(28) ReferenceProcessor::execute queues: 1, RefProcThreadModel::Single, marks_oops_alive: false
[15.158s][debug][gc,ref         ] GC(28) Skipped phase 3 of Reference Processing: no references
[15.158s][debug][gc,ref         ] GC(28) ReferenceProcessor::execute queues: 1, RefProcThreadModel::Single, marks_oops_alive: false
[15.158s][debug][gc,phases      ] GC(28) Reference Processing 0.187ms
[15.158s][debug][gc,phases      ] GC(28)   VM Weak                        Min:  0.0, Avg:  0.0, Max:  0.0, Diff:  0.0, Sum:  0.0, Workers: 4
[15.158s][debug][gc,phases      ] GC(28)     Dead                           Min: 0, Avg:  0.0, Max: 0, Diff: 0, Sum: 0, Workers: 4
[15.158s][debug][gc,phases      ] GC(28)     Total                          Min: 0, Avg: 126.8, Max: 507, Diff: 507, Sum: 507, Workers: 4
[15.158s][debug][gc,phases      ] GC(28)   ObjectSynchronizer Weak        Min:  0.0, Avg:  0.0, Max:  0.0, Diff:  0.0, Sum:  0.0, Workers: 4
[15.158s][debug][gc,phases      ] GC(28)     Dead                           Min: 0, Avg:  0.0, Max: 0, Diff: 0, Sum: 0, Workers: 4
[15.158s][debug][gc,phases      ] GC(28)     Total                          Min: 0, Avg: 98.5, Max: 394, Diff: 394, Sum: 394, Workers: 4
[15.158s][debug][gc,phases      ] GC(28)   JVMTI Tag Weak OopStorage      Min:  0.0, Avg:  0.0, Max:  0.0, Diff:  0.0, Sum:  0.0, Workers: 4
[15.158s][debug][gc,phases      ] GC(28)     Dead                           Min: 0, Avg:  0.0, Max: 0, Diff: 0, Sum: 0, Workers: 4
[15.158s][debug][gc,phases      ] GC(28)     Total                          Min: 0, Avg:  0.0, Max: 0, Diff: 0, Sum: 0, Workers: 4
[15.158s][debug][gc,phases      ] GC(28)   StringTable Weak               Min:  0.1, Avg:  0.1, Max:  0.1, Diff:  0.0, Sum:  0.4, Workers: 4
[15.158s][debug][gc,phases      ] GC(28)     Dead                           Min: 0, Avg:  3.0, Max: 11, Diff: 11, Sum: 12, Workers: 4
[15.158s][debug][gc,phases      ] GC(28)     Total                          Min: 9024, Avg: 10531.8, Max: 12288, Diff: 3264, Sum: 42127, Workers: 4
[15.158s][debug][gc,phases      ] GC(28)   ResolvedMethodTable Weak       Min:  0.0, Avg:  0.0, Max:  0.0, Diff:  0.0, Sum:  0.1, Workers: 4
[15.158s][debug][gc,phases      ] GC(28)     Dead                           Min: 0, Avg:  0.0, Max: 0, Diff: 0, Sum: 0, Workers: 4
[15.158s][debug][gc,phases      ] GC(28)     Total                          Min: 1408, Avg: 1715.8, Max: 2048, Diff: 640, Sum: 6863, Workers: 4
[15.158s][debug][gc,phases      ] GC(28)   JNI Weak                       Min:  0.0, Avg:  0.0, Max:  0.0, Diff:  0.0, Sum:  0.0, Workers: 4
[15.158s][debug][gc,phases      ] GC(28)     Dead                           Min: 0, Avg:  0.0, Max: 0, Diff: 0, Sum: 0, Workers: 4
[15.158s][debug][gc,phases      ] GC(28)     Total                          Min: 0, Avg:  3.8, Max: 15, Diff: 15, Sum: 15, Workers: 4
[15.158s][debug][gc,phases      ] GC(28)   StringDedup Table Weak         Min:  0.0, Avg:  0.0, Max:  0.0, Diff:  0.0, Sum:  0.0, Workers: 4
[15.158s][debug][gc,phases      ] GC(28)     Dead                           Min: 0, Avg:  0.0, Max: 0, Diff: 0, Sum: 0, Workers: 4
[15.158s][debug][gc,phases      ] GC(28)     Total                          Min: 0, Avg:  0.0, Max: 0, Diff: 0, Sum: 0, Workers: 4
[15.158s][debug][gc,phases      ] GC(28)   StringDedup Requests0 Weak     Min:  0.0, Avg:  0.0, Max:  0.0, Diff:  0.0, Sum:  0.0, Workers: 4
[15.158s][debug][gc,phases      ] GC(28)     Dead                           Min: 0, Avg:  0.0, Max: 0, Diff: 0, Sum: 0, Workers: 4
[15.158s][debug][gc,phases      ] GC(28)     Total                          Min: 0, Avg:  0.0, Max: 0, Diff: 0, Sum: 0, Workers: 4
[15.158s][debug][gc,phases      ] GC(28)   StringDedup Requests1 Weak     Min:  0.0, Avg:  0.0, Max:  0.0, Diff:  0.0, Sum:  0.0, Workers: 4
[15.158s][debug][gc,phases      ] GC(28)     Dead                           Min: 0, Avg:  0.0, Max: 0, Diff: 0, Sum: 0, Workers: 4
[15.158s][debug][gc,phases      ] GC(28)     Total                          Min: 0, Avg:  0.0, Max: 0, Diff: 0, Sum: 0, Workers: 4
[15.158s][debug][gc,phases      ] GC(28)   Weak JFR Old Object Samples    Min:  0.0, Avg:  0.0, Max:  0.0, Diff:  0.0, Sum:  0.0, Workers: 4
[15.158s][debug][gc,phases      ] GC(28)     Dead                           Min: 0, Avg:  0.0, Max: 0, Diff: 0, Sum: 0, Workers: 4
[15.158s][debug][gc,phases      ] GC(28)     Total                          Min: 0, Avg:  0.0, Max: 0, Diff: 0, Sum: 0, Workers: 4
[15.158s][debug][gc,phases      ] GC(28) Weak Processing 0.326ms
[15.158s][debug][gc,age         ] GC(28) Desired survivor size 370671616 bytes, new threshold 15 (max threshold 15)
[15.158s][info ][gc,heap        ] GC(28) PSYoungGen: 1649744K(1698304K)->257520K(1650176K) Eden: 1392640K(1392640K)->0K(1392640K) From: 257104K(305664K)->257520K(257536K)
[15.158s][info ][gc,heap        ] GC(28) ParOldGen: 274544K(392704K)->274552K(392704K)
[15.158s][info ][gc,metaspace   ] GC(28) Metaspace: 66480K(67200K)->66480K(67200K) NonClass: 56722K(57152K)->56722K(57152K) Class: 9758K(10048K)->9758K(10048K)
[15.158s][info ][gc             ] GC(28) Pause Young (Allocation Failure) 1879M->519M(1995M) 113.439ms
[15.158s][info ][gc,cpu         ] GC(28) User=0.44s Sys=0.00s Real=0.11s
[15.158s][info ][safepoint      ] Safepoint "ParallelGCFailedAllocation", Time since last: 180611 ns, Reaching safepoint: 94005 ns, At safepoint: 113547814 ns, Total: 113641819 ns
[15.214s][info ][safepoint      ] Safepoint "ICBufferFull", Time since last: 55777698 ns, Reaching safepoint: 184311 ns, At safepoint: 25301 ns, Total: 209612 ns
[15.215s][info ][safepoint      ] Safepoint "ICBufferFull", Time since last: 961757 ns, Reaching safepoint: 109907 ns, At safepoint: 22901 ns, Total: 132808 ns
[15.216s][info ][safepoint      ] Safepoint "ICBufferFull", Time since last: 1055663 ns, Reaching safepoint: 100705 ns, At safepoint: 26702 ns, Total: 127407 ns
[15.220s][info ][safepoint      ] Safepoint "ICBufferFull", Time since last: 3005978 ns, Reaching safepoint: 106506 ns, At safepoint: 28902 ns, Total: 135408 ns
[15.222s][info ][safepoint      ] Safepoint "ICBufferFull", Time since last: 2765263 ns, Reaching safepoint: 131508 ns, At safepoint: 31602 ns, Total: 163110 ns
[15.241s][info ][safepoint      ] Safepoint "ICBufferFull", Time since last: 18355485 ns, Reaching safepoint: 127708 ns, At safepoint: 30002 ns, Total: 157710 ns
[15.251s][info ][safepoint      ] Safepoint "ICBufferFull", Time since last: 10054294 ns, Reaching safepoint: 92206 ns, At safepoint: 28701 ns, Total: 120907 ns
[15.251s][info ][safepoint      ] Safepoint "ICBufferFull", Time since last: 47603 ns, Reaching safepoint: 88905 ns, At safepoint: 18201 ns, Total: 107106 ns
[15.256s][info ][safepoint      ] Safepoint "ICBufferFull", Time since last: 4562470 ns, Reaching safepoint: 121707 ns, At safepoint: 25102 ns, Total: 146809 ns
[15.302s][info ][safepoint      ] Safepoint "ICBufferFull", Time since last: 46067024 ns, Reaching safepoint: 136408 ns, At safepoint: 25001 ns, Total: 161409 ns
[15.332s][info ][safepoint      ] Safepoint "ICBufferFull", Time since last: 27234711 ns, Reaching safepoint: 2144926 ns, At safepoint: 43603 ns, Total: 2188529 ns
[15.334s][info ][safepoint      ] Safepoint "ICBufferFull", Time since last: 2282135 ns, Reaching safepoint: 119407 ns, At safepoint: 27202 ns, Total: 146609 ns
[15.338s][info ][safepoint      ] Safepoint "ICBufferFull", Time since last: 3917031 ns, Reaching safepoint: 124308 ns, At safepoint: 25101 ns, Total: 149409 ns
[15.338s][info ][safepoint      ] Safepoint "ICBufferFull", Time since last: 52503 ns, Reaching safepoint: 96306 ns, At safepoint: 31802 ns, Total: 128108 ns
[15.341s][info ][safepoint      ] Safepoint "ICBufferFull", Time since last: 2889371 ns, Reaching safepoint: 100005 ns, At safepoint: 26702 ns, Total: 126707 ns
[15.368s][info ][safepoint      ] Safepoint "ICBufferFull", Time since last: 23289777 ns, Reaching safepoint: 3201389 ns, At safepoint: 27802 ns, Total: 3229191 ns
[15.370s][info ][safepoint      ] Safepoint "ICBufferFull", Time since last: 1829208 ns, Reaching safepoint: 112607 ns, At safepoint: 22801 ns, Total: 135408 ns
[15.371s][info ][safepoint      ] Safepoint "ICBufferFull", Time since last: 872052 ns, Reaching safepoint: 95805 ns, At safepoint: 28102 ns, Total: 123907 ns
[15.382s][info ][safepoint      ] Safepoint "ICBufferFull", Time since last: 11033752 ns, Reaching safepoint: 138309 ns, At safepoint: 24901 ns, Total: 163210 ns
[15.403s][info ][safepoint      ] Safepoint "ICBufferFull", Time since last: 20980141 ns, Reaching safepoint: 123307 ns, At safepoint: 23901 ns, Total: 147208 ns
[15.403s][info ][safepoint      ] Safepoint "ICBufferFull", Time since last: 80705 ns, Reaching safepoint: 88105 ns, At safepoint: 26502 ns, Total: 114607 ns
[15.416s][info ][safepoint      ] Safepoint "ICBufferFull", Time since last: 12472337 ns, Reaching safepoint: 129008 ns, At safepoint: 27902 ns, Total: 156910 ns
[15.425s][info ][safepoint      ] Safepoint "ICBufferFull", Time since last: 8755017 ns, Reaching safepoint: 129908 ns, At safepoint: 23401 ns, Total: 153309 ns
[15.439s][info ][safepoint      ] Safepoint "ICBufferFull", Time since last: 12145619 ns, Reaching safepoint: 2144026 ns, At safepoint: 32802 ns, Total: 2176828 ns
[15.443s][info ][safepoint      ] Safepoint "ICBufferFull", Time since last: 3738121 ns, Reaching safepoint: 117707 ns, At safepoint: 24202 ns, Total: 141909 ns
[15.444s][info ][safepoint      ] Safepoint "ICBufferFull", Time since last: 834349 ns, Reaching safepoint: 105906 ns, At safepoint: 22702 ns, Total: 128608 ns
[15.445s][info ][safepoint      ] Safepoint "ICBufferFull", Time since last: 879352 ns, Reaching safepoint: 95605 ns, At safepoint: 23202 ns, Total: 118807 ns
[15.465s][info ][gc,start       ] GC(29) Pause Young (Allocation Failure)
[15.568s][debug][gc,phases      ] GC(29) Scavenge 103.202ms
[15.568s][debug][gc,ref         ] GC(29) Skipped phase 1 of Reference Processing: no references
[15.568s][debug][gc,ref         ] GC(29) ReferenceProcessor::execute queues: 1, RefProcThreadModel::Single, marks_oops_alive: false
[15.568s][debug][gc,ref         ] GC(29) Skipped phase 3 of Reference Processing: no references
[15.568s][debug][gc,ref         ] GC(29) ReferenceProcessor::execute queues: 1, RefProcThreadModel::Single, marks_oops_alive: false
[15.568s][debug][gc,phases      ] GC(29) Reference Processing 0.135ms
[15.568s][debug][gc,phases      ] GC(29)   VM Weak                        Min:  0.0, Avg:  0.0, Max:  0.0, Diff:  0.0, Sum:  0.0, Workers: 4
[15.568s][debug][gc,phases      ] GC(29)     Dead                           Min: 0, Avg:  0.0, Max: 0, Diff: 0, Sum: 0, Workers: 4
[15.568s][debug][gc,phases      ] GC(29)     Total                          Min: 0, Avg: 126.8, Max: 256, Diff: 256, Sum: 507, Workers: 4
[15.568s][debug][gc,phases      ] GC(29)   ObjectSynchronizer Weak        Min:  0.0, Avg:  0.0, Max:  0.0, Diff:  0.0, Sum:  0.0, Workers: 4
[15.568s][debug][gc,phases      ] GC(29)     Dead                           Min: 0, Avg:  0.0, Max: 0, Diff: 0, Sum: 0, Workers: 4
[15.568s][debug][gc,phases      ] GC(29)     Total                          Min: 0, Avg: 98.5, Max: 202, Diff: 202, Sum: 394, Workers: 4
[15.568s][debug][gc,phases      ] GC(29)   JVMTI Tag Weak OopStorage      Min:  0.0, Avg:  0.0, Max:  0.0, Diff:  0.0, Sum:  0.0, Workers: 4
[15.568s][debug][gc,phases      ] GC(29)     Dead                           Min: 0, Avg:  0.0, Max: 0, Diff: 0, Sum: 0, Workers: 4
[15.568s][debug][gc,phases      ] GC(29)     Total                          Min: 0, Avg:  0.0, Max: 0, Diff: 0, Sum: 0, Workers: 4
[15.568s][debug][gc,phases      ] GC(29)   StringTable Weak               Min:  0.1, Avg:  0.1, Max:  0.1, Diff:  0.0, Sum:  0.3, Workers: 4
[15.568s][debug][gc,phases      ] GC(29)     Dead                           Min: 0, Avg:  2.8, Max: 11, Diff: 11, Sum: 11, Workers: 4
[15.568s][debug][gc,phases      ] GC(29)     Total                          Min: 8960, Avg: 10538.0, Max: 11816, Diff: 2856, Sum: 42152, Workers: 4
[15.568s][debug][gc,phases      ] GC(29)   ResolvedMethodTable Weak       Min:  0.0, Avg:  0.0, Max:  0.0, Diff:  0.0, Sum:  0.1, Workers: 4
[15.568s][debug][gc,phases      ] GC(29)     Dead                           Min: 0, Avg:  0.0, Max: 0, Diff: 0, Sum: 0, Workers: 4
[15.568s][debug][gc,phases      ] GC(29)     Total                          Min: 1536, Avg: 1715.8, Max: 1920, Diff: 384, Sum: 6863, Workers: 4
[15.568s][debug][gc,phases      ] GC(29)   JNI Weak                       Min:  0.0, Avg:  0.0, Max:  0.0, Diff:  0.0, Sum:  0.0, Workers: 4
[15.568s][debug][gc,phases      ] GC(29)     Dead                           Min: 0, Avg:  0.0, Max: 0, Diff: 0, Sum: 0, Workers: 4
[15.568s][debug][gc,phases      ] GC(29)     Total                          Min: 0, Avg:  4.2, Max: 17, Diff: 17, Sum: 17, Workers: 4
[15.568s][debug][gc,phases      ] GC(29)   StringDedup Table Weak         Min:  0.0, Avg:  0.0, Max:  0.0, Diff:  0.0, Sum:  0.0, Workers: 4
[15.568s][debug][gc,phases      ] GC(29)     Dead                           Min: 0, Avg:  0.0, Max: 0, Diff: 0, Sum: 0, Workers: 4
[15.568s][debug][gc,phases      ] GC(29)     Total                          Min: 0, Avg:  0.0, Max: 0, Diff: 0, Sum: 0, Workers: 4
[15.568s][debug][gc,phases      ] GC(29)   StringDedup Requests0 Weak     Min:  0.0, Avg:  0.0, Max:  0.0, Diff:  0.0, Sum:  0.0, Workers: 4
[15.568s][debug][gc,phases      ] GC(29)     Dead                           Min: 0, Avg:  0.0, Max: 0, Diff: 0, Sum: 0, Workers: 4
[15.568s][debug][gc,phases      ] GC(29)     Total                          Min: 0, Avg:  0.0, Max: 0, Diff: 0, Sum: 0, Workers: 4
[15.568s][debug][gc,phases      ] GC(29)   StringDedup Requests1 Weak     Min:  0.0, Avg:  0.0, Max:  0.0, Diff:  0.0, Sum:  0.0, Workers: 4
[15.568s][debug][gc,phases      ] GC(29)     Dead                           Min: 0, Avg:  0.0, Max: 0, Diff: 0, Sum: 0, Workers: 4
[15.568s][debug][gc,phases      ] GC(29)     Total                          Min: 0, Avg:  0.0, Max: 0, Diff: 0, Sum: 0, Workers: 4
[15.568s][debug][gc,phases      ] GC(29)   Weak JFR Old Object Samples    Min:  0.0, Avg:  0.0, Max:  0.0, Diff:  0.0, Sum:  0.0, Workers: 4
[15.568s][debug][gc,phases      ] GC(29)     Dead                           Min: 0, Avg:  0.0, Max: 0, Diff: 0, Sum: 0, Workers: 4
[15.568s][debug][gc,phases      ] GC(29)     Total                          Min: 0, Avg:  0.0, Max: 0, Diff: 0, Sum: 0, Workers: 4
[15.568s][debug][gc,phases      ] GC(29) Weak Processing 0.304ms
[15.568s][debug][gc,age         ] GC(29) Desired survivor size 376963072 bytes, new threshold 15 (max threshold 15)
[15.568s][info ][gc,heap        ] GC(29) PSYoungGen: 1650160K(1650176K)->256224K(1722880K) Eden: 1392640K(1392640K)->0K(1360896K) From: 257520K(257536K)->256224K(361984K)
[15.568s][info ][gc,heap        ] GC(29) ParOldGen: 274552K(392704K)->275992K(392704K)
[15.568s][info ][gc,metaspace   ] GC(29) Metaspace: 66660K(67328K)->66660K(67328K) NonClass: 56901K(57280K)->56901K(57280K) Class: 9758K(10048K)->9758K(10048K)
[15.569s][info ][gc             ] GC(29) Pause Young (Allocation Failure) 1879M->519M(2066M) 103.794ms
[15.569s][info ][gc,cpu         ] GC(29) User=0.41s Sys=0.00s Real=0.10s
[15.569s][info ][safepoint      ] Safepoint "ParallelGCFailedAllocation", Time since last: 19531754 ns, Reaching safepoint: 120508 ns, At safepoint: 103906843 ns, Total: 104027351 ns
[15.583s][info ][safepoint      ] Safepoint "ICBufferFull", Time since last: 14657267 ns, Reaching safepoint: 155609 ns, At safepoint: 29202 ns, Total: 184811 ns
[15.600s][info ][safepoint      ] Safepoint "ICBufferFull", Time since last: 16292563 ns, Reaching safepoint: 113807 ns, At safepoint: 27702 ns, Total: 141509 ns
[15.601s][info ][safepoint      ] Safepoint "ICBufferFull", Time since last: 1236673 ns, Reaching safepoint: 108106 ns, At safepoint: 25002 ns, Total: 133108 ns
[15.603s][info ][safepoint      ] Safepoint "ICBufferFull", Time since last: 1977117 ns, Reaching safepoint: 108406 ns, At safepoint: 26402 ns, Total: 134808 ns
[15.606s][info ][safepoint      ] Safepoint "ICBufferFull", Time since last: 2919272 ns, Reaching safepoint: 121807 ns, At safepoint: 29902 ns, Total: 151709 ns
[15.608s][info ][safepoint      ] Safepoint "ICBufferFull", Time since last: 1434185 ns, Reaching safepoint: 114507 ns, At safepoint: 26801 ns, Total: 141308 ns
[15.609s][info ][safepoint      ] Safepoint "ICBufferFull", Time since last: 730243 ns, Reaching safepoint: 107807 ns, At safepoint: 24601 ns, Total: 132408 ns
[15.625s][info ][safepoint      ] Safepoint "ICBufferFull", Time since last: 15682428 ns, Reaching safepoint: 118707 ns, At safepoint: 25101 ns, Total: 143808 ns
[15.651s][info ][safepoint      ] Safepoint "ICBufferFull", Time since last: 26301355 ns, Reaching safepoint: 143309 ns, At safepoint: 28601 ns, Total: 171910 ns
[15.653s][info ][safepoint      ] Safepoint "ICBufferFull", Time since last: 784847 ns, Reaching safepoint: 1081564 ns, At safepoint: 26301 ns, Total: 1107865 ns
[15.654s][info ][safepoint      ] Safepoint "ICBufferFull", Time since last: 739444 ns, Reaching safepoint: 107506 ns, At safepoint: 25402 ns, Total: 132908 ns
[15.656s][info ][safepoint      ] Safepoint "ICBufferFull", Time since last: 2048121 ns, Reaching safepoint: 121007 ns, At safepoint: 30402 ns, Total: 151409 ns
[15.659s][info ][safepoint      ] Safepoint "ICBufferFull", Time since last: 2404442 ns, Reaching safepoint: 125307 ns, At safepoint: 26402 ns, Total: 151709 ns
[15.661s][info ][safepoint      ] Safepoint "ICBufferFull", Time since last: 1800907 ns, Reaching safepoint: 103306 ns, At safepoint: 25801 ns, Total: 129107 ns
[15.662s][info ][safepoint      ] Safepoint "ICBufferFull", Time since last: 770446 ns, Reaching safepoint: 166410 ns, At safepoint: 28101 ns, Total: 194511 ns
[15.677s][info ][safepoint      ] Safepoint "ICBufferFull", Time since last: 15010888 ns, Reaching safepoint: 144108 ns, At safepoint: 30202 ns, Total: 174310 ns
[15.699s][info ][safepoint      ] Safepoint "ICBufferFull", Time since last: 22220214 ns, Reaching safepoint: 144608 ns, At safepoint: 30002 ns, Total: 174610 ns
[15.700s][info ][safepoint      ] Safepoint "ICBufferFull", Time since last: 962257 ns, Reaching safepoint: 102206 ns, At safepoint: 28302 ns, Total: 130508 ns
[15.704s][info ][safepoint      ] Safepoint "ICBufferFull", Time since last: 3438803 ns, Reaching safepoint: 93406 ns, At safepoint: 28201 ns, Total: 121607 ns
[15.706s][info ][safepoint      ] Safepoint "ICBufferFull", Time since last: 1892812 ns, Reaching safepoint: 117507 ns, At safepoint: 29502 ns, Total: 147009 ns
[15.708s][info ][safepoint      ] Safepoint "ICBufferFull", Time since last: 2200030 ns, Reaching safepoint: 122707 ns, At safepoint: 30902 ns, Total: 153609 ns
[15.725s][info ][safepoint      ] Safepoint "ICBufferFull", Time since last: 16686587 ns, Reaching safepoint: 133408 ns, At safepoint: 29201 ns, Total: 162609 ns
[15.726s][info ][safepoint      ] Safepoint "ICBufferFull", Time since last: 728443 ns, Reaching safepoint: 107607 ns, At safepoint: 26501 ns, Total: 134108 ns
[15.732s][info ][safepoint      ] Safepoint "ICBufferFull", Time since last: 3701719 ns, Reaching safepoint: 2161328 ns, At safepoint: 30102 ns, Total: 2191430 ns
[15.748s][info ][safepoint      ] Safepoint "ICBufferFull", Time since last: 16521877 ns, Reaching safepoint: 136008 ns, At safepoint: 27301 ns, Total: 163309 ns
[15.767s][info ][safepoint      ] Safepoint "ICBufferFull", Time since last: 18491794 ns, Reaching safepoint: 126307 ns, At safepoint: 26602 ns, Total: 152909 ns
[15.768s][info ][safepoint      ] Safepoint "ICBufferFull", Time since last: 1193570 ns, Reaching safepoint: 116807 ns, At safepoint: 28902 ns, Total: 145709 ns
[15.770s][info ][safepoint      ] Safepoint "ICBufferFull", Time since last: 1161269 ns, Reaching safepoint: 93205 ns, At safepoint: 24902 ns, Total: 118107 ns
[15.773s][info ][safepoint      ] Safepoint "ICBufferFull", Time since last: 3003077 ns, Reaching safepoint: 103406 ns, At safepoint: 26302 ns, Total: 129708 ns
[15.774s][info ][safepoint      ] Safepoint "ICBufferFull", Time since last: 908554 ns, Reaching safepoint: 106806 ns, At safepoint: 24601 ns, Total: 131407 ns
[15.775s][info ][safepoint      ] Safepoint "ICBufferFull", Time since last: 886153 ns, Reaching safepoint: 99306 ns, At safepoint: 24501 ns, Total: 123807 ns
[15.817s][info ][safepoint      ] Safepoint "ICBufferFull", Time since last: 41926679 ns, Reaching safepoint: 147609 ns, At safepoint: 31202 ns, Total: 178811 ns
[15.851s][info ][safepoint      ] Safepoint "ICBufferFull", Time since last: 33921605 ns, Reaching safepoint: 150909 ns, At safepoint: 28602 ns, Total: 179511 ns
[15.854s][info ][safepoint      ] Safepoint "ICBufferFull", Time since last: 2446145 ns, Reaching safepoint: 115306 ns, At safepoint: 24402 ns, Total: 139708 ns
[15.855s][info ][safepoint      ] Safepoint "ICBufferFull", Time since last: 793747 ns, Reaching safepoint: 114607 ns, At safepoint: 29201 ns, Total: 143808 ns
[15.856s][info ][safepoint      ] Safepoint "ICBufferFull", Time since last: 1051563 ns, Reaching safepoint: 96605 ns, At safepoint: 23902 ns, Total: 120507 ns
[15.886s][info ][gc,start       ] GC(30) Pause Young (Allocation Failure)
[15.999s][debug][gc,phases      ] GC(30) Scavenge 113.419ms
[15.999s][debug][gc,ref         ] GC(30) Skipped phase 1 of Reference Processing: no references
[15.999s][debug][gc,ref         ] GC(30) ReferenceProcessor::execute queues: 1, RefProcThreadModel::Single, marks_oops_alive: false
[15.999s][debug][gc,ref         ] GC(30) Skipped phase 3 of Reference Processing: no references
[15.999s][debug][gc,ref         ] GC(30) ReferenceProcessor::execute queues: 1, RefProcThreadModel::Single, marks_oops_alive: false
[15.999s][debug][gc,phases      ] GC(30) Reference Processing 0.151ms
[16.000s][debug][gc,phases      ] GC(30)   VM Weak                        Min:  0.0, Avg:  0.0, Max:  0.0, Diff:  0.0, Sum:  0.0, Workers: 4
[16.000s][debug][gc,phases      ] GC(30)     Dead                           Min: 0, Avg:  0.0, Max: 0, Diff: 0, Sum: 0, Workers: 4
[16.000s][debug][gc,phases      ] GC(30)     Total                          Min: 0, Avg: 126.8, Max: 507, Diff: 507, Sum: 507, Workers: 4
[16.000s][debug][gc,phases      ] GC(30)   ObjectSynchronizer Weak        Min:  0.0, Avg:  0.0, Max:  0.0, Diff:  0.0, Sum:  0.0, Workers: 4
[16.000s][debug][gc,phases      ] GC(30)     Dead                           Min: 0, Avg:  0.0, Max: 0, Diff: 0, Sum: 0, Workers: 4
[16.000s][debug][gc,phases      ] GC(30)     Total                          Min: 0, Avg: 98.5, Max: 320, Diff: 320, Sum: 394, Workers: 4
[16.000s][debug][gc,phases      ] GC(30)   JVMTI Tag Weak OopStorage      Min:  0.0, Avg:  0.0, Max:  0.0, Diff:  0.0, Sum:  0.0, Workers: 4
[16.000s][debug][gc,phases      ] GC(30)     Dead                           Min: 0, Avg:  0.0, Max: 0, Diff: 0, Sum: 0, Workers: 4
[16.000s][debug][gc,phases      ] GC(30)     Total                          Min: 0, Avg:  0.0, Max: 0, Diff: 0, Sum: 0, Workers: 4
[16.000s][debug][gc,phases      ] GC(30)   StringTable Weak               Min:  0.1, Avg:  0.1, Max:  0.1, Diff:  0.0, Sum:  0.4, Workers: 4
[16.000s][debug][gc,phases      ] GC(30)     Dead                           Min: 0, Avg:  2.8, Max: 11, Diff: 11, Sum: 11, Workers: 4
[16.000s][debug][gc,phases      ] GC(30)     Total                          Min: 9355, Avg: 10544.0, Max: 12096, Diff: 2741, Sum: 42176, Workers: 4
[16.000s][debug][gc,phases      ] GC(30)   ResolvedMethodTable Weak       Min:  0.0, Avg:  0.0, Max:  0.0, Diff:  0.0, Sum:  0.1, Workers: 4
[16.000s][debug][gc,phases      ] GC(30)     Dead                           Min: 0, Avg:  0.0, Max: 0, Diff: 0, Sum: 0, Workers: 4
[16.000s][debug][gc,phases      ] GC(30)     Total                          Min: 1536, Avg: 1726.0, Max: 1978, Diff: 442, Sum: 6904, Workers: 4
[16.000s][debug][gc,phases      ] GC(30)   JNI Weak                       Min:  0.0, Avg:  0.0, Max:  0.0, Diff:  0.0, Sum:  0.0, Workers: 4
[16.000s][debug][gc,phases      ] GC(30)     Dead                           Min: 0, Avg:  0.0, Max: 0, Diff: 0, Sum: 0, Workers: 4
[16.000s][debug][gc,phases      ] GC(30)     Total                          Min: 0, Avg:  5.5, Max: 22, Diff: 22, Sum: 22, Workers: 4
[16.000s][debug][gc,phases      ] GC(30)   StringDedup Table Weak         Min:  0.0, Avg:  0.0, Max:  0.0, Diff:  0.0, Sum:  0.0, Workers: 4
[16.000s][debug][gc,phases      ] GC(30)     Dead                           Min: 0, Avg:  0.0, Max: 0, Diff: 0, Sum: 0, Workers: 4
[16.000s][debug][gc,phases      ] GC(30)     Total                          Min: 0, Avg:  0.0, Max: 0, Diff: 0, Sum: 0, Workers: 4
[16.000s][debug][gc,phases      ] GC(30)   StringDedup Requests0 Weak     Min:  0.0, Avg:  0.0, Max:  0.0, Diff:  0.0, Sum:  0.0, Workers: 4
[16.000s][debug][gc,phases      ] GC(30)     Dead                           Min: 0, Avg:  0.0, Max: 0, Diff: 0, Sum: 0, Workers: 4
[16.000s][debug][gc,phases      ] GC(30)     Total                          Min: 0, Avg:  0.0, Max: 0, Diff: 0, Sum: 0, Workers: 4
[16.000s][debug][gc,phases      ] GC(30)   StringDedup Requests1 Weak     Min:  0.0, Avg:  0.0, Max:  0.0, Diff:  0.0, Sum:  0.0, Workers: 4
[16.000s][debug][gc,phases      ] GC(30)     Dead                           Min: 0, Avg:  0.0, Max: 0, Diff: 0, Sum: 0, Workers: 4
[16.000s][debug][gc,phases      ] GC(30)     Total                          Min: 0, Avg:  0.0, Max: 0, Diff: 0, Sum: 0, Workers: 4
[16.000s][debug][gc,phases      ] GC(30)   Weak JFR Old Object Samples    Min:  0.0, Avg:  0.0, Max:  0.0, Diff:  0.0, Sum:  0.0, Workers: 4
[16.000s][debug][gc,phases      ] GC(30)     Dead                           Min: 0, Avg:  0.0, Max: 0, Diff: 0, Sum: 0, Workers: 4
[16.000s][debug][gc,phases      ] GC(30)     Total                          Min: 0, Avg:  0.0, Max: 0, Diff: 0, Sum: 0, Workers: 4
[16.000s][debug][gc,phases      ] GC(30) Weak Processing 0.309ms
[16.000s][debug][gc,age         ] GC(30) Desired survivor size 381681664 bytes, new threshold 15 (max threshold 15)
[16.000s][info ][gc,heap        ] GC(30) PSYoungGen: 1617120K(1722880K)->258368K(1619456K) Eden: 1360896K(1360896K)->0K(1360896K) From: 256224K(361984K)->258368K(258560K)
[16.000s][info ][gc,heap        ] GC(30) ParOldGen: 275992K(392704K)->276024K(392704K)
[16.000s][info ][gc,metaspace   ] GC(30) Metaspace: 66806K(67456K)->66806K(67456K) NonClass: 57032K(57408K)->57032K(57408K) Class: 9774K(10048K)->9774K(10048K)
[16.000s][info ][gc             ] GC(30) Pause Young (Allocation Failure) 1848M->521M(1965M) 114.011ms
[16.000s][info ][gc,cpu         ] GC(30) User=0.44s Sys=0.01s Real=0.11s
[16.000s][info ][safepoint      ] Safepoint "ParallelGCFailedAllocation", Time since last: 27803544 ns, Reaching safepoint: 2150227 ns, At safepoint: 114131148 ns, Total: 116281375 ns
[16.132s][info ][safepoint      ] Safepoint "ICBufferFull", Time since last: 132254220 ns, Reaching safepoint: 140708 ns, At safepoint: 31102 ns, Total: 171810 ns
[16.139s][info ][safepoint      ] Safepoint "ICBufferFull", Time since last: 6494384 ns, Reaching safepoint: 150109 ns, At safepoint: 28302 ns, Total: 178411 ns
[16.293s][info ][safepoint      ] Safepoint "ICBufferFull", Time since last: 153635984 ns, Reaching safepoint: 152909 ns, At safepoint: 26301 ns, Total: 179210 ns
[16.328s][info ][gc,start       ] GC(31) Pause Young (Allocation Failure)
[16.428s][debug][gc,phases      ] GC(31) Scavenge 99.788ms
[16.428s][debug][gc,ref         ] GC(31) Skipped phase 1 of Reference Processing: no references
[16.428s][debug][gc,ref         ] GC(31) ReferenceProcessor::execute queues: 1, RefProcThreadModel::Single, marks_oops_alive: false
[16.428s][debug][gc,ref         ] GC(31) Skipped phase 3 of Reference Processing: no references
[16.428s][debug][gc,ref         ] GC(31) ReferenceProcessor::execute queues: 1, RefProcThreadModel::Single, marks_oops_alive: false
[16.428s][debug][gc,phases      ] GC(31) Reference Processing 0.144ms
[16.428s][debug][gc,phases      ] GC(31)   VM Weak                        Min:  0.0, Avg:  0.0, Max:  0.0, Diff:  0.0, Sum:  0.0, Workers: 4
[16.428s][debug][gc,phases      ] GC(31)     Dead                           Min: 0, Avg:  0.0, Max: 0, Diff: 0, Sum: 0, Workers: 4
[16.428s][debug][gc,phases      ] GC(31)     Total                          Min: 0, Avg: 126.8, Max: 315, Diff: 315, Sum: 507, Workers: 4
[16.428s][debug][gc,phases      ] GC(31)   ObjectSynchronizer Weak        Min:  0.0, Avg:  0.0, Max:  0.0, Diff:  0.0, Sum:  0.0, Workers: 4
[16.428s][debug][gc,phases      ] GC(31)     Dead                           Min: 0, Avg:  0.0, Max: 0, Diff: 0, Sum: 0, Workers: 4
[16.428s][debug][gc,phases      ] GC(31)     Total                          Min: 0, Avg: 98.5, Max: 202, Diff: 202, Sum: 394, Workers: 4
[16.428s][debug][gc,phases      ] GC(31)   JVMTI Tag Weak OopStorage      Min:  0.0, Avg:  0.0, Max:  0.0, Diff:  0.0, Sum:  0.0, Workers: 4
[16.428s][debug][gc,phases      ] GC(31)     Dead                           Min: 0, Avg:  0.0, Max: 0, Diff: 0, Sum: 0, Workers: 4
[16.428s][debug][gc,phases      ] GC(31)     Total                          Min: 0, Avg:  0.0, Max: 0, Diff: 0, Sum: 0, Workers: 4
[16.428s][debug][gc,phases      ] GC(31)   StringTable Weak               Min:  0.1, Avg:  0.1, Max:  0.1, Diff:  0.0, Sum:  0.4, Workers: 4
[16.428s][debug][gc,phases      ] GC(31)     Dead                           Min: 0, Avg:  0.0, Max: 0, Diff: 0, Sum: 0, Workers: 4
[16.428s][debug][gc,phases      ] GC(31)     Total                          Min: 10000, Avg: 10548.0, Max: 11392, Diff: 1392, Sum: 42192, Workers: 4
[16.428s][debug][gc,phases      ] GC(31)   ResolvedMethodTable Weak       Min:  0.0, Avg:  0.0, Max:  0.0, Diff:  0.0, Sum:  0.1, Workers: 4
[16.428s][debug][gc,phases      ] GC(31)     Dead                           Min: 0, Avg:  0.0, Max: 0, Diff: 0, Sum: 0, Workers: 4
[16.428s][debug][gc,phases      ] GC(31)     Total                          Min: 1536, Avg: 1726.0, Max: 1914, Diff: 378, Sum: 6904, Workers: 4
[16.428s][debug][gc,phases      ] GC(31)   JNI Weak                       Min:  0.0, Avg:  0.0, Max:  0.0, Diff:  0.0, Sum:  0.0, Workers: 4
[16.428s][debug][gc,phases      ] GC(31)     Dead                           Min: 0, Avg:  0.0, Max: 0, Diff: 0, Sum: 0, Workers: 4
[16.428s][debug][gc,phases      ] GC(31)     Total                          Min: 0, Avg:  0.0, Max: 0, Diff: 0, Sum: 0, Workers: 4
[16.428s][debug][gc,phases      ] GC(31)   StringDedup Table Weak         Min:  0.0, Avg:  0.0, Max:  0.0, Diff:  0.0, Sum:  0.0, Workers: 4
[16.428s][debug][gc,phases      ] GC(31)     Dead                           Min: 0, Avg:  0.0, Max: 0, Diff: 0, Sum: 0, Workers: 4
[16.428s][debug][gc,phases      ] GC(31)     Total                          Min: 0, Avg:  0.0, Max: 0, Diff: 0, Sum: 0, Workers: 4
[16.428s][debug][gc,phases      ] GC(31)   StringDedup Requests0 Weak     Min:  0.0, Avg:  0.0, Max:  0.0, Diff:  0.0, Sum:  0.0, Workers: 4
[16.428s][debug][gc,phases      ] GC(31)     Dead                           Min: 0, Avg:  0.0, Max: 0, Diff: 0, Sum: 0, Workers: 4
[16.428s][debug][gc,phases      ] GC(31)     Total                          Min: 0, Avg:  0.0, Max: 0, Diff: 0, Sum: 0, Workers: 4
[16.428s][debug][gc,phases      ] GC(31)   StringDedup Requests1 Weak     Min:  0.0, Avg:  0.0, Max:  0.0, Diff:  0.0, Sum:  0.0, Workers: 4
[16.428s][debug][gc,phases      ] GC(31)     Dead                           Min: 0, Avg:  0.0, Max: 0, Diff: 0, Sum: 0, Workers: 4
[16.428s][debug][gc,phases      ] GC(31)     Total                          Min: 0, Avg:  0.0, Max: 0, Diff: 0, Sum: 0, Workers: 4
[16.428s][debug][gc,phases      ] GC(31)   Weak JFR Old Object Samples    Min:  0.0, Avg:  0.0, Max:  0.0, Diff:  0.0, Sum:  0.0, Workers: 4
[16.428s][debug][gc,phases      ] GC(31)     Dead                           Min: 0, Avg:  0.0, Max: 0, Diff: 0, Sum: 0, Workers: 4
[16.428s][debug][gc,phases      ] GC(31)     Total                          Min: 0, Avg:  0.0, Max: 0, Diff: 0, Sum: 0, Workers: 4
[16.428s][debug][gc,phases      ] GC(31) Weak Processing 0.301ms
[16.428s][debug][gc,age         ] GC(31) Desired survivor size 385351680 bytes, new threshold 15 (max threshold 15)
[16.428s][info ][gc,heap        ] GC(31) PSYoungGen: 1619264K(1619456K)->260864K(1717248K) Eden: 1360896K(1360896K)->0K(1344512K) From: 258368K(258560K)->260864K(372736K)
[16.428s][info ][gc,heap        ] GC(31) ParOldGen: 276024K(392704K)->276056K(392704K)
[16.428s][info ][gc,metaspace   ] GC(31) Metaspace: 66825K(67456K)->66825K(67456K) NonClass: 57051K(57408K)->57051K(57408K) Class: 9774K(10048K)->9774K(10048K)
[16.428s][info ][gc             ] GC(31) Pause Young (Allocation Failure) 1850M->524M(2060M) 100.362ms
[16.428s][info ][gc,cpu         ] GC(31) User=0.40s Sys=0.00s Real=0.10s
[16.428s][info ][safepoint      ] Safepoint "ParallelGCFailedAllocation", Time since last: 34969568 ns, Reaching safepoint: 132808 ns, At safepoint: 100469641 ns, Total: 100602449 ns
[16.543s][info ][safepoint      ] Safepoint "ICBufferFull", Time since last: 114170750 ns, Reaching safepoint: 139909 ns, At safepoint: 29101 ns, Total: 169010 ns
[16.554s][info ][safepoint      ] Safepoint "ICBufferFull", Time since last: 11465778 ns, Reaching safepoint: 134708 ns, At safepoint: 25802 ns, Total: 160510 ns
[16.705s][info ][gc,start       ] GC(32) Pause Young (Allocation Failure)
[16.820s][debug][gc,phases      ] GC(32) Scavenge 115.463ms
[16.820s][debug][gc,ref         ] GC(32) Skipped phase 1 of Reference Processing: no references
[16.821s][debug][gc,ref         ] GC(32) ReferenceProcessor::execute queues: 1, RefProcThreadModel::Single, marks_oops_alive: false
[16.821s][debug][gc,ref         ] GC(32) Skipped phase 3 of Reference Processing: no references
[16.821s][debug][gc,ref         ] GC(32) ReferenceProcessor::execute queues: 1, RefProcThreadModel::Single, marks_oops_alive: false
[16.821s][debug][gc,phases      ] GC(32) Reference Processing 0.145ms
[16.821s][debug][gc,phases      ] GC(32)   VM Weak                        Min:  0.0, Avg:  0.0, Max:  0.0, Diff:  0.0, Sum:  0.0, Workers: 4
[16.821s][debug][gc,phases      ] GC(32)     Dead                           Min: 0, Avg:  0.0, Max: 0, Diff: 0, Sum: 0, Workers: 4
[16.821s][debug][gc,phases      ] GC(32)     Total                          Min: 0, Avg: 126.8, Max: 379, Diff: 379, Sum: 507, Workers: 4
[16.821s][debug][gc,phases      ] GC(32)   ObjectSynchronizer Weak        Min:  0.0, Avg:  0.0, Max:  0.0, Diff:  0.0, Sum:  0.0, Workers: 4
[16.821s][debug][gc,phases      ] GC(32)     Dead                           Min: 0, Avg:  0.0, Max: 0, Diff: 0, Sum: 0, Workers: 4
[16.821s][debug][gc,phases      ] GC(32)     Total                          Min: 0, Avg: 98.5, Max: 202, Diff: 202, Sum: 394, Workers: 4
[16.821s][debug][gc,phases      ] GC(32)   JVMTI Tag Weak OopStorage      Min:  0.0, Avg:  0.0, Max:  0.0, Diff:  0.0, Sum:  0.0, Workers: 4
[16.821s][debug][gc,phases      ] GC(32)     Dead                           Min: 0, Avg:  0.0, Max: 0, Diff: 0, Sum: 0, Workers: 4
[16.821s][debug][gc,phases      ] GC(32)     Total                          Min: 0, Avg:  0.0, Max: 0, Diff: 0, Sum: 0, Workers: 4
[16.821s][debug][gc,phases      ] GC(32)   StringTable Weak               Min:  0.1, Avg:  0.1, Max:  0.1, Diff:  0.0, Sum:  0.4, Workers: 4
[16.821s][debug][gc,phases      ] GC(32)     Dead                           Min: 0, Avg:  2.8, Max: 11, Diff: 11, Sum: 11, Workers: 4
[16.821s][debug][gc,phases      ] GC(32)     Total                          Min: 9728, Avg: 10548.8, Max: 11859, Diff: 2131, Sum: 42195, Workers: 4
[16.821s][debug][gc,phases      ] GC(32)   ResolvedMethodTable Weak       Min:  0.0, Avg:  0.0, Max:  0.0, Diff:  0.0, Sum:  0.1, Workers: 4
[16.821s][debug][gc,phases      ] GC(32)     Dead                           Min: 0, Avg:  0.0, Max: 0, Diff: 0, Sum: 0, Workers: 4
[16.821s][debug][gc,phases      ] GC(32)     Total                          Min: 1536, Avg: 1726.0, Max: 1978, Diff: 442, Sum: 6904, Workers: 4
[16.821s][debug][gc,phases      ] GC(32)   JNI Weak                       Min:  0.0, Avg:  0.0, Max:  0.0, Diff:  0.0, Sum:  0.0, Workers: 4
[16.821s][debug][gc,phases      ] GC(32)     Dead                           Min: 0, Avg:  0.0, Max: 0, Diff: 0, Sum: 0, Workers: 4
[16.821s][debug][gc,phases      ] GC(32)     Total                          Min: 0, Avg:  0.0, Max: 0, Diff: 0, Sum: 0, Workers: 4
[16.821s][debug][gc,phases      ] GC(32)   StringDedup Table Weak         Min:  0.0, Avg:  0.0, Max:  0.0, Diff:  0.0, Sum:  0.0, Workers: 4
[16.821s][debug][gc,phases      ] GC(32)     Dead                           Min: 0, Avg:  0.0, Max: 0, Diff: 0, Sum: 0, Workers: 4
[16.821s][debug][gc,phases      ] GC(32)     Total                          Min: 0, Avg:  0.0, Max: 0, Diff: 0, Sum: 0, Workers: 4
[16.821s][debug][gc,phases      ] GC(32)   StringDedup Requests0 Weak     Min:  0.0, Avg:  0.0, Max:  0.0, Diff:  0.0, Sum:  0.0, Workers: 4
[16.821s][debug][gc,phases      ] GC(32)     Dead                           Min: 0, Avg:  0.0, Max: 0, Diff: 0, Sum: 0, Workers: 4
[16.821s][debug][gc,phases      ] GC(32)     Total                          Min: 0, Avg:  0.0, Max: 0, Diff: 0, Sum: 0, Workers: 4
[16.821s][debug][gc,phases      ] GC(32)   StringDedup Requests1 Weak     Min:  0.0, Avg:  0.0, Max:  0.0, Diff:  0.0, Sum:  0.0, Workers: 4
[16.821s][debug][gc,phases      ] GC(32)     Dead                           Min: 0, Avg:  0.0, Max: 0, Diff: 0, Sum: 0, Workers: 4
[16.821s][debug][gc,phases      ] GC(32)     Total                          Min: 0, Avg:  0.0, Max: 0, Diff: 0, Sum: 0, Workers: 4
[16.821s][debug][gc,phases      ] GC(32)   Weak JFR Old Object Samples    Min:  0.0, Avg:  0.0, Max:  0.0, Diff:  0.0, Sum:  0.0, Workers: 4
[16.821s][debug][gc,phases      ] GC(32)     Dead                           Min: 0, Avg:  0.0, Max: 0, Diff: 0, Sum: 0, Workers: 4
[16.821s][debug][gc,phases      ] GC(32)     Total                          Min: 0, Avg:  0.0, Max: 0, Diff: 0, Sum: 0, Workers: 4
[16.821s][debug][gc,phases      ] GC(32) Weak Processing 0.319ms
[16.821s][debug][gc,age         ] GC(32) Desired survivor size 387448832 bytes, new threshold 15 (max threshold 15)
[16.821s][info ][gc,heap        ] GC(32) PSYoungGen: 1605376K(1717248K)->262192K(1607168K) Eden: 1344512K(1344512K)->0K(1344512K) From: 260864K(372736K)->262192K(262656K)
[16.821s][info ][gc,heap        ] GC(32) ParOldGen: 276056K(392704K)->276080K(392704K)
[16.821s][info ][gc,metaspace   ] GC(32) Metaspace: 66832K(67456K)->66832K(67456K) NonClass: 57058K(57408K)->57058K(57408K) Class: 9774K(10048K)->9774K(10048K)
[16.821s][info ][gc             ] GC(32) Pause Young (Allocation Failure) 1837M->525M(1953M) 116.077ms
[16.821s][info ][gc,cpu         ] GC(32) User=0.46s Sys=0.00s Real=0.11s
[16.821s][info ][safepoint      ] Safepoint "ParallelGCFailedAllocation", Time since last: 150372991 ns, Reaching safepoint: 147609 ns, At safepoint: 116191770 ns, Total: 116339379 ns
[16.892s][info ][safepoint      ] Safepoint "ICBufferFull", Time since last: 70805486 ns, Reaching safepoint: 135408 ns, At safepoint: 26102 ns, Total: 161510 ns
[17.067s][info ][safepoint      ] Safepoint "ICBufferFull", Time since last: 175114954 ns, Reaching safepoint: 130508 ns, At safepoint: 24201 ns, Total: 154709 ns
[17.108s][info ][safepoint      ] Safepoint "ICBufferFull", Time since last: 40703207 ns, Reaching safepoint: 122207 ns, At safepoint: 31602 ns, Total: 153809 ns
[17.115s][info ][gc,start       ] GC(33) Pause Young (Allocation Failure)
[17.234s][debug][gc,phases      ] GC(33) Scavenge 118.840ms
[17.234s][debug][gc,ref         ] GC(33) Skipped phase 1 of Reference Processing: no references
[17.234s][debug][gc,ref         ] GC(33) ReferenceProcessor::execute queues: 1, RefProcThreadModel::Single, marks_oops_alive: false
[17.234s][debug][gc,ref         ] GC(33) Skipped phase 3 of Reference Processing: no references
[17.234s][debug][gc,ref         ] GC(33) ReferenceProcessor::execute queues: 1, RefProcThreadModel::Single, marks_oops_alive: false
[17.234s][debug][gc,phases      ] GC(33) Reference Processing 0.155ms
[17.234s][debug][gc,phases      ] GC(33)   VM Weak                        Min:  0.0, Avg:  0.0, Max:  0.0, Diff:  0.0, Sum:  0.0, Workers: 4
[17.234s][debug][gc,phases      ] GC(33)     Dead                           Min: 0, Avg:  0.0, Max: 0, Diff: 0, Sum: 0, Workers: 4
[17.234s][debug][gc,phases      ] GC(33)     Total                          Min: 0, Avg: 126.8, Max: 507, Diff: 507, Sum: 507, Workers: 4
[17.234s][debug][gc,phases      ] GC(33)   ObjectSynchronizer Weak        Min:  0.0, Avg:  0.0, Max:  0.0, Diff:  0.0, Sum:  0.0, Workers: 4
[17.234s][debug][gc,phases      ] GC(33)     Dead                           Min: 0, Avg:  0.0, Max: 0, Diff: 0, Sum: 0, Workers: 4
[17.234s][debug][gc,phases      ] GC(33)     Total                          Min: 0, Avg: 98.5, Max: 394, Diff: 394, Sum: 394, Workers: 4
[17.234s][debug][gc,phases      ] GC(33)   JVMTI Tag Weak OopStorage      Min:  0.0, Avg:  0.0, Max:  0.0, Diff:  0.0, Sum:  0.0, Workers: 4
[17.234s][debug][gc,phases      ] GC(33)     Dead                           Min: 0, Avg:  0.0, Max: 0, Diff: 0, Sum: 0, Workers: 4
[17.234s][debug][gc,phases      ] GC(33)     Total                          Min: 0, Avg:  0.0, Max: 0, Diff: 0, Sum: 0, Workers: 4
[17.234s][debug][gc,phases      ] GC(33)   StringTable Weak               Min:  0.1, Avg:  0.1, Max:  0.1, Diff:  0.0, Sum:  0.4, Workers: 4
[17.234s][debug][gc,phases      ] GC(33)     Dead                           Min: 0, Avg:  2.8, Max: 11, Diff: 11, Sum: 11, Workers: 4
[17.234s][debug][gc,phases      ] GC(33)     Total                          Min: 9344, Avg: 10550.5, Max: 11648, Diff: 2304, Sum: 42202, Workers: 4
[17.234s][debug][gc,phases      ] GC(33)   ResolvedMethodTable Weak       Min:  0.0, Avg:  0.0, Max:  0.0, Diff:  0.0, Sum:  0.1, Workers: 4
[17.234s][debug][gc,phases      ] GC(33)     Dead                           Min: 0, Avg:  0.0, Max: 0, Diff: 0, Sum: 0, Workers: 4
[17.234s][debug][gc,phases      ] GC(33)     Total                          Min: 1479, Avg: 1729.5, Max: 1984, Diff: 505, Sum: 6918, Workers: 4
[17.234s][debug][gc,phases      ] GC(33)   JNI Weak                       Min:  0.0, Avg:  0.0, Max:  0.0, Diff:  0.0, Sum:  0.0, Workers: 4
[17.234s][debug][gc,phases      ] GC(33)     Dead                           Min: 0, Avg:  0.0, Max: 0, Diff: 0, Sum: 0, Workers: 4
[17.234s][debug][gc,phases      ] GC(33)     Total                          Min: 0, Avg:  0.0, Max: 0, Diff: 0, Sum: 0, Workers: 4
[17.234s][debug][gc,phases      ] GC(33)   StringDedup Table Weak         Min:  0.0, Avg:  0.0, Max:  0.0, Diff:  0.0, Sum:  0.0, Workers: 4
[17.234s][debug][gc,phases      ] GC(33)     Dead                           Min: 0, Avg:  0.0, Max: 0, Diff: 0, Sum: 0, Workers: 4
[17.234s][debug][gc,phases      ] GC(33)     Total                          Min: 0, Avg:  0.0, Max: 0, Diff: 0, Sum: 0, Workers: 4
[17.234s][debug][gc,phases      ] GC(33)   StringDedup Requests0 Weak     Min:  0.0, Avg:  0.0, Max:  0.0, Diff:  0.0, Sum:  0.0, Workers: 4
[17.234s][debug][gc,phases      ] GC(33)     Dead                           Min: 0, Avg:  0.0, Max: 0, Diff: 0, Sum: 0, Workers: 4
[17.234s][debug][gc,phases      ] GC(33)     Total                          Min: 0, Avg:  0.0, Max: 0, Diff: 0, Sum: 0, Workers: 4
[17.234s][debug][gc,phases      ] GC(33)   StringDedup Requests1 Weak     Min:  0.0, Avg:  0.0, Max:  0.0, Diff:  0.0, Sum:  0.0, Workers: 4
[17.234s][debug][gc,phases      ] GC(33)     Dead                           Min: 0, Avg:  0.0, Max: 0, Diff: 0, Sum: 0, Workers: 4
[17.234s][debug][gc,phases      ] GC(33)     Total                          Min: 0, Avg:  0.0, Max: 0, Diff: 0, Sum: 0, Workers: 4
[17.234s][debug][gc,phases      ] GC(33)   Weak JFR Old Object Samples    Min:  0.0, Avg:  0.0, Max:  0.0, Diff:  0.0, Sum:  0.0, Workers: 4
[17.234s][debug][gc,phases      ] GC(33)     Dead                           Min: 0, Avg:  0.0, Max: 0, Diff: 0, Sum: 0, Workers: 4
[17.234s][debug][gc,phases      ] GC(33)     Total                          Min: 0, Avg:  0.0, Max: 0, Diff: 0, Sum: 0, Workers: 4
[17.234s][debug][gc,phases      ] GC(33) Weak Processing 0.317ms
[17.234s][debug][gc,age         ] GC(33) Desired survivor size 389021696 bytes, new threshold 15 (max threshold 15)
[17.234s][info ][gc,heap        ] GC(33) PSYoungGen: 1606704K(1607168K)->263376K(1715712K) Eden: 1344512K(1344512K)->0K(1337344K) From: 262192K(262656K)->263376K(378368K)
[17.234s][info ][gc,heap        ] GC(33) ParOldGen: 276080K(392704K)->276112K(392704K)
[17.234s][info ][gc,metaspace   ] GC(33) Metaspace: 66856K(67456K)->66856K(67456K) NonClass: 57076K(57408K)->57076K(57408K) Class: 9779K(10048K)->9779K(10048K)
[17.234s][info ][gc             ] GC(33) Pause Young (Allocation Failure) 1838M->526M(2059M) 119.446ms
[17.234s][info ][gc,cpu         ] GC(33) User=0.46s Sys=0.02s Real=0.12s
[17.234s][info ][safepoint      ] Safepoint "ParallelGCFailedAllocation", Time since last: 6521786 ns, Reaching safepoint: 140808 ns, At safepoint: 119562069 ns, Total: 119702877 ns
[17.256s][info ][safepoint      ] Safepoint "ICBufferFull", Time since last: 21580676 ns, Reaching safepoint: 142909 ns, At safepoint: 33502 ns, Total: 176411 ns
[17.277s][info ][safepoint      ] Safepoint "ICBufferFull", Time since last: 20186393 ns, Reaching safepoint: 164310 ns, At safepoint: 28602 ns, Total: 192912 ns
[17.317s][info ][safepoint      ] Safepoint "ICBufferFull", Time since last: 40546797 ns, Reaching safepoint: 157110 ns, At safepoint: 34902 ns, Total: 192012 ns
[17.339s][info ][safepoint      ] Safepoint "ICBufferFull", Time since last: 21153550 ns, Reaching safepoint: 150209 ns, At safepoint: 28102 ns, Total: 178311 ns
[17.359s][info ][safepoint      ] Safepoint "ICBufferFull", Time since last: 19862674 ns, Reaching safepoint: 148009 ns, At safepoint: 35602 ns, Total: 183611 ns
[17.367s][info ][safepoint      ] Safepoint "ICBufferFull", Time since last: 7739858 ns, Reaching safepoint: 122507 ns, At safepoint: 27302 ns, Total: 149809 ns
[17.387s][info ][safepoint      ] Safepoint "ICBufferFull", Time since last: 15223500 ns, Reaching safepoint: 5322215 ns, At safepoint: 32902 ns, Total: 5355117 ns
[17.393s][info ][safepoint      ] Safepoint "ICBufferFull", Time since last: 5720538 ns, Reaching safepoint: 116107 ns, At safepoint: 30001 ns, Total: 146108 ns
[17.406s][info ][safepoint      ] Safepoint "ICBufferFull", Time since last: 12443536 ns, Reaching safepoint: 132008 ns, At safepoint: 32502 ns, Total: 164510 ns
[17.419s][info ][safepoint      ] Safepoint "ICBufferFull", Time since last: 13020670 ns, Reaching safepoint: 135508 ns, At safepoint: 29902 ns, Total: 165410 ns
[17.431s][info ][safepoint      ] Safepoint "ICBufferFull", Time since last: 11915604 ns, Reaching safepoint: 133008 ns, At safepoint: 24501 ns, Total: 157509 ns
[17.457s][info ][safepoint      ] Safepoint "ICBufferFull", Time since last: 25595414 ns, Reaching safepoint: 125807 ns, At safepoint: 25402 ns, Total: 151209 ns
[17.477s][info ][safepoint      ] Safepoint "ICBufferFull", Time since last: 20513613 ns, Reaching safepoint: 133508 ns, At safepoint: 32101 ns, Total: 165609 ns
[17.505s][info ][safepoint      ] Safepoint "ICBufferFull", Time since last: 27448823 ns, Reaching safepoint: 198112 ns, At safepoint: 38102 ns, Total: 236214 ns
[17.515s][info ][safepoint      ] Safepoint "ICBufferFull", Time since last: 10124499 ns, Reaching safepoint: 129308 ns, At safepoint: 30702 ns, Total: 160010 ns
[17.528s][info ][safepoint      ] Safepoint "ICBufferFull", Time since last: 12263125 ns, Reaching safepoint: 126707 ns, At safepoint: 28102 ns, Total: 154809 ns
[17.540s][info ][safepoint      ] Safepoint "ICBufferFull", Time since last: 10036593 ns, Reaching safepoint: 2187330 ns, At safepoint: 35002 ns, Total: 2222332 ns
[17.548s][info ][gc,start       ] GC(34) Pause Young (Allocation Failure)
[17.662s][debug][gc,phases      ] GC(34) Scavenge 114.156ms
[17.662s][debug][gc,ref         ] GC(34) Skipped phase 1 of Reference Processing: no references
[17.662s][debug][gc,ref         ] GC(34) ReferenceProcessor::execute queues: 1, RefProcThreadModel::Single, marks_oops_alive: false
[17.662s][debug][gc,ref         ] GC(34) Skipped phase 3 of Reference Processing: no references
[17.662s][debug][gc,ref         ] GC(34) ReferenceProcessor::execute queues: 1, RefProcThreadModel::Single, marks_oops_alive: false
[17.662s][debug][gc,phases      ] GC(34) Reference Processing 0.149ms
[17.662s][debug][gc,phases      ] GC(34)   VM Weak                        Min:  0.0, Avg:  0.0, Max:  0.0, Diff:  0.0, Sum:  0.0, Workers: 4
[17.662s][debug][gc,phases      ] GC(34)     Dead                           Min: 0, Avg:  0.0, Max: 0, Diff: 0, Sum: 0, Workers: 4
[17.662s][debug][gc,phases      ] GC(34)     Total                          Min: 0, Avg: 126.8, Max: 507, Diff: 507, Sum: 507, Workers: 4
[17.662s][debug][gc,phases      ] GC(34)   ObjectSynchronizer Weak        Min:  0.0, Avg:  0.0, Max:  0.0, Diff:  0.0, Sum:  0.0, Workers: 4
[17.662s][debug][gc,phases      ] GC(34)     Dead                           Min: 0, Avg:  0.0, Max: 0, Diff: 0, Sum: 0, Workers: 4
[17.662s][debug][gc,phases      ] GC(34)     Total                          Min: 0, Avg: 98.5, Max: 394, Diff: 394, Sum: 394, Workers: 4
[17.662s][debug][gc,phases      ] GC(34)   JVMTI Tag Weak OopStorage      Min:  0.0, Avg:  0.0, Max:  0.0, Diff:  0.0, Sum:  0.0, Workers: 4
[17.662s][debug][gc,phases      ] GC(34)     Dead                           Min: 0, Avg:  0.0, Max: 0, Diff: 0, Sum: 0, Workers: 4
[17.662s][debug][gc,phases      ] GC(34)     Total                          Min: 0, Avg:  0.0, Max: 0, Diff: 0, Sum: 0, Workers: 4
[17.662s][debug][gc,phases      ] GC(34)   StringTable Weak               Min:  0.1, Avg:  0.1, Max:  0.1, Diff:  0.0, Sum:  0.4, Workers: 4
[17.662s][debug][gc,phases      ] GC(34)     Dead                           Min: 0, Avg:  2.8, Max: 11, Diff: 11, Sum: 11, Workers: 4
[17.662s][debug][gc,phases      ] GC(34)     Total                          Min: 9408, Avg: 10551.8, Max: 11584, Diff: 2176, Sum: 42207, Workers: 4
[17.662s][debug][gc,phases      ] GC(34)   ResolvedMethodTable Weak       Min:  0.0, Avg:  0.0, Max:  0.0, Diff:  0.0, Sum:  0.1, Workers: 4
[17.662s][debug][gc,phases      ] GC(34)     Dead                           Min: 0, Avg:  0.0, Max: 0, Diff: 0, Sum: 0, Workers: 4
[17.662s][debug][gc,phases      ] GC(34)     Total                          Min: 1536, Avg: 1729.5, Max: 1927, Diff: 391, Sum: 6918, Workers: 4
[17.662s][debug][gc,phases      ] GC(34)   JNI Weak                       Min:  0.0, Avg:  0.0, Max:  0.0, Diff:  0.0, Sum:  0.0, Workers: 4
[17.662s][debug][gc,phases      ] GC(34)     Dead                           Min: 0, Avg:  0.0, Max: 0, Diff: 0, Sum: 0, Workers: 4
[17.662s][debug][gc,phases      ] GC(34)     Total                          Min: 0, Avg:  1.8, Max: 7, Diff: 7, Sum: 7, Workers: 4
[17.662s][debug][gc,phases      ] GC(34)   StringDedup Table Weak         Min:  0.0, Avg:  0.0, Max:  0.0, Diff:  0.0, Sum:  0.0, Workers: 4
[17.662s][debug][gc,phases      ] GC(34)     Dead                           Min: 0, Avg:  0.0, Max: 0, Diff: 0, Sum: 0, Workers: 4
[17.662s][debug][gc,phases      ] GC(34)     Total                          Min: 0, Avg:  0.0, Max: 0, Diff: 0, Sum: 0, Workers: 4
[17.662s][debug][gc,phases      ] GC(34)   StringDedup Requests0 Weak     Min:  0.0, Avg:  0.0, Max:  0.0, Diff:  0.0, Sum:  0.0, Workers: 4
[17.662s][debug][gc,phases      ] GC(34)     Dead                           Min: 0, Avg:  0.0, Max: 0, Diff: 0, Sum: 0, Workers: 4
[17.662s][debug][gc,phases      ] GC(34)     Total                          Min: 0, Avg:  0.0, Max: 0, Diff: 0, Sum: 0, Workers: 4
[17.662s][debug][gc,phases      ] GC(34)   StringDedup Requests1 Weak     Min:  0.0, Avg:  0.0, Max:  0.0, Diff:  0.0, Sum:  0.0, Workers: 4
[17.662s][debug][gc,phases      ] GC(34)     Dead                           Min: 0, Avg:  0.0, Max: 0, Diff: 0, Sum: 0, Workers: 4
[17.662s][debug][gc,phases      ] GC(34)     Total                          Min: 0, Avg:  0.0, Max: 0, Diff: 0, Sum: 0, Workers: 4
[17.662s][debug][gc,phases      ] GC(34)   Weak JFR Old Object Samples    Min:  0.0, Avg:  0.0, Max:  0.0, Diff:  0.0, Sum:  0.0, Workers: 4
[17.662s][debug][gc,phases      ] GC(34)     Dead                           Min: 0, Avg:  0.0, Max: 0, Diff: 0, Sum: 0, Workers: 4
[17.662s][debug][gc,phases      ] GC(34)     Total                          Min: 0, Avg:  0.0, Max: 0, Diff: 0, Sum: 0, Workers: 4
[17.662s][debug][gc,phases      ] GC(34) Weak Processing 0.316ms
[17.662s][debug][gc,age         ] GC(34) Desired survivor size 389021696 bytes, new threshold 15 (max threshold 15)
[17.662s][info ][gc,heap        ] GC(34) PSYoungGen: 1600720K(1715712K)->264080K(1717248K) Eden: 1337344K(1337344K)->0K(1337344K) From: 263376K(378368K)->264080K(379904K)
[17.662s][info ][gc,heap        ] GC(34) ParOldGen: 276112K(392704K)->276160K(392704K)
[17.662s][info ][gc,metaspace   ] GC(34) Metaspace: 66943K(67584K)->66943K(67584K) NonClass: 57163K(57536K)->57163K(57536K) Class: 9780K(10048K)->9780K(10048K)
[17.662s][info ][gc             ] GC(34) Pause Young (Allocation Failure) 1832M->527M(2060M) 114.756ms
[17.662s][info ][gc,cpu         ] GC(34) User=0.46s Sys=0.00s Real=0.11s
[17.663s][info ][safepoint      ] Safepoint "ParallelGCFailedAllocation", Time since last: 7580948 ns, Reaching safepoint: 119307 ns, At safepoint: 114874792 ns, Total: 114994099 ns
[17.675s][info ][safepoint      ] Safepoint "ICBufferFull", Time since last: 12463037 ns, Reaching safepoint: 111907 ns, At safepoint: 30302 ns, Total: 142209 ns
[17.686s][info ][safepoint      ] Safepoint "ICBufferFull", Time since last: 11225063 ns, Reaching safepoint: 133308 ns, At safepoint: 29102 ns, Total: 162410 ns
[17.702s][info ][safepoint      ] Safepoint "ICBufferFull", Time since last: 15370209 ns, Reaching safepoint: 120907 ns, At safepoint: 26901 ns, Total: 147808 ns
[17.722s][info ][safepoint      ] Safepoint "ICBufferFull", Time since last: 19568557 ns, Reaching safepoint: 124608 ns, At safepoint: 30602 ns, Total: 155210 ns
[17.748s][info ][safepoint      ] Safepoint "ICBufferFull", Time since last: 22615037 ns, Reaching safepoint: 3172087 ns, At safepoint: 27302 ns, Total: 3199389 ns
[17.776s][info ][safepoint      ] Safepoint "ICBufferFull", Time since last: 28676596 ns, Reaching safepoint: 132507 ns, At safepoint: 29902 ns, Total: 162409 ns
[17.797s][info ][safepoint      ] Safepoint "ICBufferFull", Time since last: 20058586 ns, Reaching safepoint: 760745 ns, At safepoint: 27702 ns, Total: 788447 ns
[17.814s][info ][safepoint      ] Safepoint "ICBufferFull", Time since last: 16710288 ns, Reaching safepoint: 132908 ns, At safepoint: 27501 ns, Total: 160409 ns
[17.842s][info ][safepoint      ] Safepoint "ICBufferFull", Time since last: 27426322 ns, Reaching safepoint: 132808 ns, At safepoint: 27701 ns, Total: 160509 ns
[17.863s][info ][safepoint      ] Safepoint "ICBufferFull", Time since last: 21174752 ns, Reaching safepoint: 137309 ns, At safepoint: 28901 ns, Total: 166210 ns
[17.867s][info ][safepoint      ] Safepoint "ICBufferFull", Time since last: 3870929 ns, Reaching safepoint: 68804 ns, At safepoint: 23902 ns, Total: 92706 ns
[17.895s][info ][safepoint      ] Safepoint "ICBufferFull", Time since last: 26077542 ns, Reaching safepoint: 2141926 ns, At safepoint: 33202 ns, Total: 2175128 ns
[17.900s][info ][safepoint      ] Safepoint "ICBufferFull", Time since last: 4252052 ns, Reaching safepoint: 109706 ns, At safepoint: 27902 ns, Total: 137608 ns
[17.916s][info ][safepoint      ] Safepoint "ICBufferFull", Time since last: 16311164 ns, Reaching safepoint: 125208 ns, At safepoint: 25101 ns, Total: 150309 ns
[17.921s][info ][safepoint      ] Safepoint "ICBufferFull", Time since last: 4339057 ns, Reaching safepoint: 112806 ns, At safepoint: 30802 ns, Total: 143608 ns
[17.940s][info ][safepoint      ] Safepoint "ICBufferFull", Time since last: 16121153 ns, Reaching safepoint: 3203290 ns, At safepoint: 40302 ns, Total: 3243592 ns
[17.947s][info ][safepoint      ] Safepoint "ICBufferFull", Time since last: 6576089 ns, Reaching safepoint: 129408 ns, At safepoint: 33802 ns, Total: 163210 ns
[17.962s][info ][gc,start       ] GC(35) Pause Young (Allocation Failure)
[18.076s][debug][gc,phases      ] GC(35) Scavenge 114.145ms
[18.076s][debug][gc,ref         ] GC(35) Skipped phase 1 of Reference Processing: no references
[18.077s][debug][gc,ref         ] GC(35) ReferenceProcessor::execute queues: 1, RefProcThreadModel::Single, marks_oops_alive: false
[18.077s][debug][gc,ref         ] GC(35) Skipped phase 3 of Reference Processing: no references
[18.077s][debug][gc,ref         ] GC(35) ReferenceProcessor::execute queues: 1, RefProcThreadModel::Single, marks_oops_alive: false
[18.077s][debug][gc,phases      ] GC(35) Reference Processing 0.156ms
[18.077s][debug][gc,phases      ] GC(35)   VM Weak                        Min:  0.0, Avg:  0.0, Max:  0.0, Diff:  0.0, Sum:  0.0, Workers: 4
[18.077s][debug][gc,phases      ] GC(35)     Dead                           Min: 0, Avg:  0.0, Max: 0, Diff: 0, Sum: 0, Workers: 4
[18.077s][debug][gc,phases      ] GC(35)     Total                          Min: 0, Avg: 126.8, Max: 507, Diff: 507, Sum: 507, Workers: 4
[18.077s][debug][gc,phases      ] GC(35)   ObjectSynchronizer Weak        Min:  0.0, Avg:  0.0, Max:  0.0, Diff:  0.0, Sum:  0.0, Workers: 4
[18.077s][debug][gc,phases      ] GC(35)     Dead                           Min: 0, Avg:  0.0, Max: 0, Diff: 0, Sum: 0, Workers: 4
[18.077s][debug][gc,phases      ] GC(35)     Total                          Min: 0, Avg: 98.5, Max: 384, Diff: 384, Sum: 394, Workers: 4
[18.077s][debug][gc,phases      ] GC(35)   JVMTI Tag Weak OopStorage      Min:  0.0, Avg:  0.0, Max:  0.0, Diff:  0.0, Sum:  0.0, Workers: 4
[18.077s][debug][gc,phases      ] GC(35)     Dead                           Min: 0, Avg:  0.0, Max: 0, Diff: 0, Sum: 0, Workers: 4
[18.077s][debug][gc,phases      ] GC(35)     Total                          Min: 0, Avg:  0.0, Max: 0, Diff: 0, Sum: 0, Workers: 4
[18.077s][debug][gc,phases      ] GC(35)   StringTable Weak               Min:  0.1, Avg:  0.1, Max:  0.1, Diff:  0.0, Sum:  0.4, Workers: 4
[18.077s][debug][gc,phases      ] GC(35)     Dead                           Min: 0, Avg:  2.8, Max: 11, Diff: 11, Sum: 11, Workers: 4
[18.077s][debug][gc,phases      ] GC(35)     Total                          Min: 9382, Avg: 10553.5, Max: 12096, Diff: 2714, Sum: 42214, Workers: 4
[18.077s][debug][gc,phases      ] GC(35)   ResolvedMethodTable Weak       Min:  0.0, Avg:  0.0, Max:  0.0, Diff:  0.0, Sum:  0.1, Workers: 4
[18.077s][debug][gc,phases      ] GC(35)     Dead                           Min: 0, Avg:  0.0, Max: 0, Diff: 0, Sum: 0, Workers: 4
[18.077s][debug][gc,phases      ] GC(35)     Total                          Min: 1479, Avg: 1729.5, Max: 1984, Diff: 505, Sum: 6918, Workers: 4
[18.077s][debug][gc,phases      ] GC(35)   JNI Weak                       Min:  0.0, Avg:  0.0, Max:  0.0, Diff:  0.0, Sum:  0.0, Workers: 4
[18.077s][debug][gc,phases      ] GC(35)     Dead                           Min: 0, Avg:  0.0, Max: 0, Diff: 0, Sum: 0, Workers: 4
[18.077s][debug][gc,phases      ] GC(35)     Total                          Min: 0, Avg:  2.8, Max: 11, Diff: 11, Sum: 11, Workers: 4
[18.077s][debug][gc,phases      ] GC(35)   StringDedup Table Weak         Min:  0.0, Avg:  0.0, Max:  0.0, Diff:  0.0, Sum:  0.0, Workers: 4
[18.077s][debug][gc,phases      ] GC(35)     Dead                           Min: 0, Avg:  0.0, Max: 0, Diff: 0, Sum: 0, Workers: 4
[18.077s][debug][gc,phases      ] GC(35)     Total                          Min: 0, Avg:  0.0, Max: 0, Diff: 0, Sum: 0, Workers: 4
[18.077s][debug][gc,phases      ] GC(35)   StringDedup Requests0 Weak     Min:  0.0, Avg:  0.0, Max:  0.0, Diff:  0.0, Sum:  0.0, Workers: 4
[18.077s][debug][gc,phases      ] GC(35)     Dead                           Min: 0, Avg:  0.0, Max: 0, Diff: 0, Sum: 0, Workers: 4
[18.077s][debug][gc,phases      ] GC(35)     Total                          Min: 0, Avg:  0.0, Max: 0, Diff: 0, Sum: 0, Workers: 4
[18.077s][debug][gc,phases      ] GC(35)   StringDedup Requests1 Weak     Min:  0.0, Avg:  0.0, Max:  0.0, Diff:  0.0, Sum:  0.0, Workers: 4
[18.077s][debug][gc,phases      ] GC(35)     Dead                           Min: 0, Avg:  0.0, Max: 0, Diff: 0, Sum: 0, Workers: 4
[18.077s][debug][gc,phases      ] GC(35)     Total                          Min: 0, Avg:  0.0, Max: 0, Diff: 0, Sum: 0, Workers: 4
[18.077s][debug][gc,phases      ] GC(35)   Weak JFR Old Object Samples    Min:  0.0, Avg:  0.0, Max:  0.0, Diff:  0.0, Sum:  0.0, Workers: 4
[18.077s][debug][gc,phases      ] GC(35)     Dead                           Min: 0, Avg:  0.0, Max: 0, Diff: 0, Sum: 0, Workers: 4
[18.077s][debug][gc,phases      ] GC(35)     Total                          Min: 0, Avg:  0.0, Max: 0, Diff: 0, Sum: 0, Workers: 4
[18.077s][debug][gc,phases      ] GC(35) Weak Processing 0.377ms
[18.077s][debug][gc,age         ] GC(35) Desired survivor size 387973120 bytes, new threshold 15 (max threshold 15)
[18.077s][info ][gc,heap        ] GC(35) PSYoungGen: 1601424K(1717248K)->264557K(1718272K) Eden: 1337344K(1337344K)->0K(1338368K) From: 264080K(379904K)->264557K(379904K)
[18.077s][info ][gc,heap        ] GC(35) ParOldGen: 276160K(392704K)->276208K(392704K)
[18.077s][info ][gc,metaspace   ] GC(35) Metaspace: 66992K(67648K)->66992K(67648K) NonClass: 57212K(57600K)->57212K(57600K) Class: 9780K(10048K)->9780K(10048K)
[18.077s][info ][gc             ] GC(35) Pause Young (Allocation Failure) 1833M->528M(2061M) 114.818ms
[18.077s][info ][gc,cpu         ] GC(35) User=0.58s Sys=0.00s Real=0.12s
[18.077s][info ][safepoint      ] Safepoint "ParallelGCFailedAllocation", Time since last: 15256502 ns, Reaching safepoint: 198511 ns, At safepoint: 114929596 ns, Total: 115128107 ns
[18.100s][info ][safepoint      ] Safepoint "ICBufferFull", Time since last: 22638939 ns, Reaching safepoint: 121007 ns, At safepoint: 26601 ns, Total: 147608 ns
[18.110s][info ][safepoint      ] Safepoint "ICBufferFull", Time since last: 10300409 ns, Reaching safepoint: 127208 ns, At safepoint: 28702 ns, Total: 155910 ns
[18.122s][info ][safepoint      ] Safepoint "ICBufferFull", Time since last: 11562283 ns, Reaching safepoint: 130108 ns, At safepoint: 25101 ns, Total: 155209 ns
[18.131s][info ][safepoint      ] Safepoint "ICBufferFull", Time since last: 8765619 ns, Reaching safepoint: 127707 ns, At safepoint: 40403 ns, Total: 168110 ns
[18.155s][info ][safepoint      ] Safepoint "ICBufferFull", Time since last: 24092224 ns, Reaching safepoint: 129608 ns, At safepoint: 29402 ns, Total: 159010 ns
[18.171s][info ][safepoint      ] Safepoint "ICBufferFull", Time since last: 15783533 ns, Reaching safepoint: 129807 ns, At safepoint: 30102 ns, Total: 159909 ns
[18.200s][info ][safepoint      ] Safepoint "ICBufferFull", Time since last: 29169525 ns, Reaching safepoint: 129308 ns, At safepoint: 28601 ns, Total: 157909 ns
[18.213s][info ][safepoint      ] Safepoint "ICBufferFull", Time since last: 12369532 ns, Reaching safepoint: 104306 ns, At safepoint: 29102 ns, Total: 133408 ns
[18.243s][info ][safepoint      ] Safepoint "ICBufferFull", Time since last: 27274012 ns, Reaching safepoint: 3195289 ns, At safepoint: 31202 ns, Total: 3226491 ns
[18.248s][info ][safepoint      ] Safepoint "ICBufferFull", Time since last: 4049639 ns, Reaching safepoint: 110507 ns, At safepoint: 28902 ns, Total: 139409 ns
[18.265s][info ][safepoint      ] Safepoint "ICBufferFull", Time since last: 17156914 ns, Reaching safepoint: 181511 ns, At safepoint: 28402 ns, Total: 209913 ns
[18.276s][info ][safepoint      ] Safepoint "ICBufferFull", Time since last: 10824940 ns, Reaching safepoint: 128507 ns, At safepoint: 23702 ns, Total: 152209 ns
[18.309s][info ][safepoint      ] Safepoint "ICBufferFull", Time since last: 33181862 ns, Reaching safepoint: 123507 ns, At safepoint: 36602 ns, Total: 160109 ns
[18.320s][info ][safepoint      ] Safepoint "ICBufferFull", Time since last: 10023593 ns, Reaching safepoint: 127707 ns, At safepoint: 34902 ns, Total: 162609 ns
[18.350s][info ][safepoint      ] Safepoint "ICBufferFull", Time since last: 30000674 ns, Reaching safepoint: 133708 ns, At safepoint: 28302 ns, Total: 162010 ns
[18.367s][info ][safepoint      ] Safepoint "ICBufferFull", Time since last: 17046308 ns, Reaching safepoint: 75304 ns, At safepoint: 28402 ns, Total: 103706 ns
[18.399s][info ][safepoint      ] Safepoint "ICBufferFull", Time since last: 32106898 ns, Reaching safepoint: 129408 ns, At safepoint: 22301 ns, Total: 151709 ns
[18.399s][info ][gc,start       ] GC(36) Pause Young (Allocation Failure)
[18.500s][debug][gc,phases      ] GC(36) Scavenge 100.511ms
[18.500s][debug][gc,ref         ] GC(36) Skipped phase 1 of Reference Processing: no references
[18.500s][debug][gc,ref         ] GC(36) ReferenceProcessor::execute queues: 1, RefProcThreadModel::Single, marks_oops_alive: false
[18.500s][debug][gc,ref         ] GC(36) Skipped phase 3 of Reference Processing: no references
[18.500s][debug][gc,ref         ] GC(36) ReferenceProcessor::execute queues: 1, RefProcThreadModel::Single, marks_oops_alive: false
[18.500s][debug][gc,phases      ] GC(36) Reference Processing 0.140ms
[18.500s][debug][gc,phases      ] GC(36)   VM Weak                        Min:  0.0, Avg:  0.0, Max:  0.0, Diff:  0.0, Sum:  0.0, Workers: 4
[18.500s][debug][gc,phases      ] GC(36)     Dead                           Min: 0, Avg:  0.0, Max: 0, Diff: 0, Sum: 0, Workers: 4
[18.500s][debug][gc,phases      ] GC(36)     Total                          Min: 0, Avg: 126.8, Max: 315, Diff: 315, Sum: 507, Workers: 4
[18.500s][debug][gc,phases      ] GC(36)   ObjectSynchronizer Weak        Min:  0.0, Avg:  0.0, Max:  0.0, Diff:  0.0, Sum:  0.0, Workers: 4
[18.500s][debug][gc,phases      ] GC(36)     Dead                           Min: 0, Avg:  0.0, Max: 0, Diff: 0, Sum: 0, Workers: 4
[18.500s][debug][gc,phases      ] GC(36)     Total                          Min: 0, Avg: 98.5, Max: 202, Diff: 202, Sum: 394, Workers: 4
[18.500s][debug][gc,phases      ] GC(36)   JVMTI Tag Weak OopStorage      Min:  0.0, Avg:  0.0, Max:  0.0, Diff:  0.0, Sum:  0.0, Workers: 4
[18.500s][debug][gc,phases      ] GC(36)     Dead                           Min: 0, Avg:  0.0, Max: 0, Diff: 0, Sum: 0, Workers: 4
[18.500s][debug][gc,phases      ] GC(36)     Total                          Min: 0, Avg:  0.0, Max: 0, Diff: 0, Sum: 0, Workers: 4
[18.500s][debug][gc,phases      ] GC(36)   StringTable Weak               Min:  0.1, Avg:  0.1, Max:  0.1, Diff:  0.0, Sum:  0.4, Workers: 4
[18.500s][debug][gc,phases      ] GC(36)     Dead                           Min: 0, Avg:  0.0, Max: 0, Diff: 0, Sum: 0, Workers: 4
[18.500s][debug][gc,phases      ] GC(36)     Total                          Min: 10219, Avg: 10554.8, Max: 11008, Diff: 789, Sum: 42219, Workers: 4
[18.500s][debug][gc,phases      ] GC(36)   ResolvedMethodTable Weak       Min:  0.0, Avg:  0.0, Max:  0.0, Diff:  0.0, Sum:  0.1, Workers: 4
[18.500s][debug][gc,phases      ] GC(36)     Dead                           Min: 0, Avg:  0.0, Max: 0, Diff: 0, Sum: 0, Workers: 4
[18.500s][debug][gc,phases      ] GC(36)     Total                          Min: 1536, Avg: 1730.0, Max: 1920, Diff: 384, Sum: 6920, Workers: 4
[18.500s][debug][gc,phases      ] GC(36)   JNI Weak                       Min:  0.0, Avg:  0.0, Max:  0.0, Diff:  0.0, Sum:  0.0, Workers: 4
[18.500s][debug][gc,phases      ] GC(36)     Dead                           Min: 0, Avg:  0.0, Max: 0, Diff: 0, Sum: 0, Workers: 4
[18.500s][debug][gc,phases      ] GC(36)     Total                          Min: 0, Avg:  1.2, Max: 5, Diff: 5, Sum: 5, Workers: 4
[18.500s][debug][gc,phases      ] GC(36)   StringDedup Table Weak         Min:  0.0, Avg:  0.0, Max:  0.0, Diff:  0.0, Sum:  0.0, Workers: 4
[18.500s][debug][gc,phases      ] GC(36)     Dead                           Min: 0, Avg:  0.0, Max: 0, Diff: 0, Sum: 0, Workers: 4
[18.500s][debug][gc,phases      ] GC(36)     Total                          Min: 0, Avg:  0.0, Max: 0, Diff: 0, Sum: 0, Workers: 4
[18.500s][debug][gc,phases      ] GC(36)   StringDedup Requests0 Weak     Min:  0.0, Avg:  0.0, Max:  0.0, Diff:  0.0, Sum:  0.0, Workers: 4
[18.500s][debug][gc,phases      ] GC(36)     Dead                           Min: 0, Avg:  0.0, Max: 0, Diff: 0, Sum: 0, Workers: 4
[18.500s][debug][gc,phases      ] GC(36)     Total                          Min: 0, Avg:  0.0, Max: 0, Diff: 0, Sum: 0, Workers: 4
[18.500s][debug][gc,phases      ] GC(36)   StringDedup Requests1 Weak     Min:  0.0, Avg:  0.0, Max:  0.0, Diff:  0.0, Sum:  0.0, Workers: 4
[18.500s][debug][gc,phases      ] GC(36)     Dead                           Min: 0, Avg:  0.0, Max: 0, Diff: 0, Sum: 0, Workers: 4
[18.500s][debug][gc,phases      ] GC(36)     Total                          Min: 0, Avg:  0.0, Max: 0, Diff: 0, Sum: 0, Workers: 4
[18.500s][debug][gc,phases      ] GC(36)   Weak JFR Old Object Samples    Min:  0.0, Avg:  0.0, Max:  0.0, Diff:  0.0, Sum:  0.0, Workers: 4
[18.500s][debug][gc,phases      ] GC(36)     Dead                           Min: 0, Avg:  0.0, Max: 0, Diff: 0, Sum: 0, Workers: 4
[18.500s][debug][gc,phases      ] GC(36)     Total                          Min: 0, Avg:  0.0, Max: 0, Diff: 0, Sum: 0, Workers: 4
[18.500s][debug][gc,phases      ] GC(36) Weak Processing 0.310ms
[18.500s][debug][gc,age         ] GC(36) Desired survivor size 385875968 bytes, new threshold 15 (max threshold 15)
[18.500s][info ][gc,heap        ] GC(36) PSYoungGen: 1602925K(1718272K)->265232K(1717248K) Eden: 1338368K(1338368K)->0K(1338368K) From: 264557K(379904K)->265232K(378880K)
[18.500s][info ][gc,heap        ] GC(36) ParOldGen: 276208K(392704K)->276256K(392704K)
[18.500s][info ][gc,metaspace   ] GC(36) Metaspace: 67007K(67648K)->67007K(67648K) NonClass: 57226K(57600K)->57226K(57600K) Class: 9781K(10048K)->9781K(10048K)
[18.500s][info ][gc             ] GC(36) Pause Young (Allocation Failure) 1835M->528M(2060M) 101.072ms
[18.500s][info ][gc,cpu         ] GC(36) User=0.40s Sys=0.01s Real=0.10s
[18.501s][info ][safepoint      ] Safepoint "ParallelGCFailedAllocation", Time since last: 146809 ns, Reaching safepoint: 94405 ns, At safepoint: 101186083 ns, Total: 101280488 ns
[18.511s][info ][safepoint      ] Safepoint "ICBufferFull", Time since last: 10447818 ns, Reaching safepoint: 121707 ns, At safepoint: 35402 ns, Total: 157109 ns
[18.544s][info ][safepoint      ] Safepoint "ICBufferFull", Time since last: 32855443 ns, Reaching safepoint: 129908 ns, At safepoint: 31502 ns, Total: 161410 ns
[18.559s][info ][safepoint      ] Safepoint "ICBufferFull", Time since last: 14821076 ns, Reaching safepoint: 121607 ns, At safepoint: 29502 ns, Total: 151109 ns
[18.574s][info ][safepoint      ] Safepoint "ICBufferFull", Time since last: 15193598 ns, Reaching safepoint: 122508 ns, At safepoint: 28101 ns, Total: 150609 ns
[18.593s][info ][safepoint      ] Safepoint "ICBufferFull", Time since last: 18514495 ns, Reaching safepoint: 119207 ns, At safepoint: 23701 ns, Total: 142908 ns
[18.619s][info ][safepoint      ] Safepoint "ICBufferFull", Time since last: 25727422 ns, Reaching safepoint: 123107 ns, At safepoint: 28201 ns, Total: 151308 ns
[18.639s][info ][safepoint      ] Safepoint "ICBufferFull", Time since last: 17314724 ns, Reaching safepoint: 2162128 ns, At safepoint: 33402 ns, Total: 2195530 ns
[18.651s][info ][safepoint      ] Safepoint "ICBufferFull", Time since last: 12527341 ns, Reaching safepoint: 126607 ns, At safepoint: 29002 ns, Total: 155609 ns
[18.661s][info ][safepoint      ] Safepoint "ICBufferFull", Time since last: 9999591 ns, Reaching safepoint: 126808 ns, At safepoint: 24201 ns, Total: 151009 ns
[18.669s][info ][safepoint      ] Safepoint "ICBufferFull", Time since last: 7320933 ns, Reaching safepoint: 128408 ns, At safepoint: 27601 ns, Total: 156009 ns
[18.708s][info ][safepoint      ] Safepoint "ICBufferFull", Time since last: 38882399 ns, Reaching safepoint: 99806 ns, At safepoint: 27602 ns, Total: 127408 ns
[18.728s][info ][safepoint      ] Safepoint "ICBufferFull", Time since last: 19730166 ns, Reaching safepoint: 128708 ns, At safepoint: 31102 ns, Total: 159810 ns
[18.747s][info ][gc,start       ] GC(37) Pause Young (Allocation Failure)
[18.855s][debug][gc,phases      ] GC(37) Scavenge 107.926ms
[18.855s][debug][gc,ref         ] GC(37) Skipped phase 1 of Reference Processing: no references
[18.855s][debug][gc,ref         ] GC(37) ReferenceProcessor::execute queues: 1, RefProcThreadModel::Single, marks_oops_alive: false
[18.855s][debug][gc,ref         ] GC(37) Skipped phase 3 of Reference Processing: no references
[18.855s][debug][gc,ref         ] GC(37) ReferenceProcessor::execute queues: 1, RefProcThreadModel::Single, marks_oops_alive: false
[18.855s][debug][gc,phases      ] GC(37) Reference Processing 0.148ms
[18.856s][debug][gc,phases      ] GC(37)   VM Weak                        Min:  0.0, Avg:  0.0, Max:  0.0, Diff:  0.0, Sum:  0.0, Workers: 4
[18.856s][debug][gc,phases      ] GC(37)     Dead                           Min: 0, Avg:  0.0, Max: 0, Diff: 0, Sum: 0, Workers: 4
[18.856s][debug][gc,phases      ] GC(37)     Total                          Min: 0, Avg: 126.8, Max: 384, Diff: 384, Sum: 507, Workers: 4
[18.856s][debug][gc,phases      ] GC(37)   ObjectSynchronizer Weak        Min:  0.0, Avg:  0.0, Max:  0.0, Diff:  0.0, Sum:  0.0, Workers: 4
[18.856s][debug][gc,phases      ] GC(37)     Dead                           Min: 0, Avg:  0.0, Max: 0, Diff: 0, Sum: 0, Workers: 4
[18.856s][debug][gc,phases      ] GC(37)     Total                          Min: 0, Avg: 98.5, Max: 266, Diff: 266, Sum: 394, Workers: 4
[18.856s][debug][gc,phases      ] GC(37)   JVMTI Tag Weak OopStorage      Min:  0.0, Avg:  0.0, Max:  0.0, Diff:  0.0, Sum:  0.0, Workers: 4
[18.856s][debug][gc,phases      ] GC(37)     Dead                           Min: 0, Avg:  0.0, Max: 0, Diff: 0, Sum: 0, Workers: 4
[18.856s][debug][gc,phases      ] GC(37)     Total                          Min: 0, Avg:  0.0, Max: 0, Diff: 0, Sum: 0, Workers: 4
[18.856s][debug][gc,phases      ] GC(37)   StringTable Weak               Min:  0.1, Avg:  0.1, Max:  0.1, Diff:  0.0, Sum:  0.4, Workers: 4
[18.856s][debug][gc,phases      ] GC(37)     Dead                           Min: 0, Avg:  2.8, Max: 11, Diff: 11, Sum: 11, Workers: 4
[18.856s][debug][gc,phases      ] GC(37)     Total                          Min: 9984, Avg: 10554.8, Max: 11115, Diff: 1131, Sum: 42219, Workers: 4
[18.856s][debug][gc,phases      ] GC(37)   ResolvedMethodTable Weak       Min:  0.0, Avg:  0.0, Max:  0.0, Diff:  0.0, Sum:  0.1, Workers: 4
[18.856s][debug][gc,phases      ] GC(37)     Dead                           Min: 0, Avg:  0.0, Max: 0, Diff: 0, Sum: 0, Workers: 4
[18.856s][debug][gc,phases      ] GC(37)     Total                          Min: 1536, Avg: 1730.0, Max: 1920, Diff: 384, Sum: 6920, Workers: 4
[18.856s][debug][gc,phases      ] GC(37)   JNI Weak                       Min:  0.0, Avg:  0.0, Max:  0.0, Diff:  0.0, Sum:  0.0, Workers: 4
[18.856s][debug][gc,phases      ] GC(37)     Dead                           Min: 0, Avg:  0.0, Max: 0, Diff: 0, Sum: 0, Workers: 4
[18.856s][debug][gc,phases      ] GC(37)     Total                          Min: 0, Avg:  1.0, Max: 4, Diff: 4, Sum: 4, Workers: 4
[18.856s][debug][gc,phases      ] GC(37)   StringDedup Table Weak         Min:  0.0, Avg:  0.0, Max:  0.0, Diff:  0.0, Sum:  0.0, Workers: 4
[18.856s][debug][gc,phases      ] GC(37)     Dead                           Min: 0, Avg:  0.0, Max: 0, Diff: 0, Sum: 0, Workers: 4
[18.856s][debug][gc,phases      ] GC(37)     Total                          Min: 0, Avg:  0.0, Max: 0, Diff: 0, Sum: 0, Workers: 4
[18.856s][debug][gc,phases      ] GC(37)   StringDedup Requests0 Weak     Min:  0.0, Avg:  0.0, Max:  0.0, Diff:  0.0, Sum:  0.0, Workers: 4
[18.856s][debug][gc,phases      ] GC(37)     Dead                           Min: 0, Avg:  0.0, Max: 0, Diff: 0, Sum: 0, Workers: 4
[18.856s][debug][gc,phases      ] GC(37)     Total                          Min: 0, Avg:  0.0, Max: 0, Diff: 0, Sum: 0, Workers: 4
[18.856s][debug][gc,phases      ] GC(37)   StringDedup Requests1 Weak     Min:  0.0, Avg:  0.0, Max:  0.0, Diff:  0.0, Sum:  0.0, Workers: 4
[18.856s][debug][gc,phases      ] GC(37)     Dead                           Min: 0, Avg:  0.0, Max: 0, Diff: 0, Sum: 0, Workers: 4
[18.856s][debug][gc,phases      ] GC(37)     Total                          Min: 0, Avg:  0.0, Max: 0, Diff: 0, Sum: 0, Workers: 4
[18.856s][debug][gc,phases      ] GC(37)   Weak JFR Old Object Samples    Min:  0.0, Avg:  0.0, Max:  0.0, Diff:  0.0, Sum:  0.0, Workers: 4
[18.856s][debug][gc,phases      ] GC(37)     Dead                           Min: 0, Avg:  0.0, Max: 0, Diff: 0, Sum: 0, Workers: 4
[18.856s][debug][gc,phases      ] GC(37)     Total                          Min: 0, Avg:  0.0, Max: 0, Diff: 0, Sum: 0, Workers: 4
[18.856s][debug][gc,phases      ] GC(37) Weak Processing 0.311ms
[18.856s][debug][gc,age         ] GC(37) Desired survivor size 383778816 bytes, new threshold 15 (max threshold 15)
[18.856s][info ][gc,heap        ] GC(37) PSYoungGen: 1603600K(1717248K)->265712K(1722368K) Eden: 1338368K(1338368K)->0K(1345536K) From: 265232K(378880K)->265712K(376832K)
[18.856s][info ][gc,heap        ] GC(37) ParOldGen: 276256K(392704K)->276352K(392704K)
[18.856s][info ][gc,metaspace   ] GC(37) Metaspace: 67018K(67648K)->67018K(67648K) NonClass: 57237K(57600K)->57237K(57600K) Class: 9781K(10048K)->9781K(10048K)
[18.856s][info ][gc             ] GC(37) Pause Young (Allocation Failure) 1835M->529M(2065M) 108.526ms
[18.856s][info ][gc,cpu         ] GC(37) User=0.45s Sys=0.00s Real=0.11s
[18.856s][info ][safepoint      ] Safepoint "ParallelGCFailedAllocation", Time since last: 17408829 ns, Reaching safepoint: 2129526 ns, At safepoint: 108644624 ns, Total: 110774150 ns
[18.880s][info ][safepoint      ] Safepoint "ICBufferFull", Time since last: 24311738 ns, Reaching safepoint: 134108 ns, At safepoint: 27501 ns, Total: 161609 ns
[18.906s][info ][safepoint      ] Safepoint "ICBufferFull", Time since last: 25271394 ns, Reaching safepoint: 196012 ns, At safepoint: 31902 ns, Total: 227914 ns
[18.918s][info ][safepoint      ] Safepoint "ICBufferFull", Time since last: 11694391 ns, Reaching safepoint: 120307 ns, At safepoint: 29702 ns, Total: 150009 ns
[18.925s][info ][safepoint      ] Safepoint "ICBufferFull", Time since last: 6753700 ns, Reaching safepoint: 136408 ns, At safepoint: 29901 ns, Total: 166309 ns
[18.942s][info ][safepoint      ] Safepoint "ICBufferFull", Time since last: 17654844 ns, Reaching safepoint: 135108 ns, At safepoint: 29202 ns, Total: 164310 ns
[18.955s][info ][safepoint      ] Safepoint "ICBufferFull", Time since last: 11996709 ns, Reaching safepoint: 132608 ns, At safepoint: 36802 ns, Total: 169410 ns
[18.971s][info ][safepoint      ] Safepoint "ICBufferFull", Time since last: 15770233 ns, Reaching safepoint: 603935 ns, At safepoint: 33102 ns, Total: 637037 ns
[18.990s][info ][safepoint      ] Safepoint "ICBufferFull", Time since last: 15863738 ns, Reaching safepoint: 3206290 ns, At safepoint: 33502 ns, Total: 3239792 ns
[19.024s][info ][safepoint      ] Safepoint "ICBufferFull", Time since last: 33625388 ns, Reaching safepoint: 327820 ns, At safepoint: 32702 ns, Total: 360522 ns
[19.035s][info ][safepoint      ] Safepoint "ICBufferFull", Time since last: 10823639 ns, Reaching safepoint: 119708 ns, At safepoint: 29901 ns, Total: 149609 ns
[19.062s][info ][safepoint      ] Safepoint "ICBufferFull", Time since last: 26634375 ns, Reaching safepoint: 133708 ns, At safepoint: 30502 ns, Total: 164210 ns
[19.076s][info ][safepoint      ] Safepoint "ICBufferFull", Time since last: 13969926 ns, Reaching safepoint: 133408 ns, At safepoint: 27901 ns, Total: 161309 ns
[19.083s][info ][safepoint      ] Safepoint "ICBufferFull", Time since last: 3082783 ns, Reaching safepoint: 4235550 ns, At safepoint: 26402 ns, Total: 4261952 ns
[19.098s][info ][safepoint      ] Safepoint "ICBufferFull", Time since last: 14434453 ns, Reaching safepoint: 130208 ns, At safepoint: 32002 ns, Total: 162210 ns
[19.112s][info ][safepoint      ] Safepoint "ICBufferFull", Time since last: 13616305 ns, Reaching safepoint: 133108 ns, At safepoint: 29201 ns, Total: 162309 ns
[19.115s][info ][safepoint      ] Safepoint "ICBufferFull", Time since last: 3183289 ns, Reaching safepoint: 102406 ns, At safepoint: 31002 ns, Total: 133408 ns
[19.146s][info ][safepoint      ] Safepoint "ICBufferFull", Time since last: 30324493 ns, Reaching safepoint: 145508 ns, At safepoint: 29502 ns, Total: 175010 ns
[19.161s][info ][safepoint      ] Safepoint "ICBufferFull", Time since last: 15514817 ns, Reaching safepoint: 138208 ns, At safepoint: 29302 ns, Total: 167510 ns
[19.174s][info ][safepoint      ] Safepoint "ICBufferFull", Time since last: 12109616 ns, Reaching safepoint: 124508 ns, At safepoint: 26501 ns, Total: 151009 ns
[19.176s][info ][gc,start       ] GC(38) Pause Young (Allocation Failure)
[19.294s][debug][gc,phases      ] GC(38) Scavenge 118.286ms
[19.294s][debug][gc,ref         ] GC(38) Skipped phase 1 of Reference Processing: no references
[19.294s][debug][gc,ref         ] GC(38) ReferenceProcessor::execute queues: 1, RefProcThreadModel::Single, marks_oops_alive: false
[19.294s][debug][gc,ref         ] GC(38) Skipped phase 3 of Reference Processing: no references
[19.294s][debug][gc,ref         ] GC(38) ReferenceProcessor::execute queues: 1, RefProcThreadModel::Single, marks_oops_alive: false
[19.294s][debug][gc,phases      ] GC(38) Reference Processing 0.186ms
[19.294s][debug][gc,phases      ] GC(38)   VM Weak                        Min:  0.0, Avg:  0.0, Max:  0.0, Diff:  0.0, Sum:  0.0, Workers: 4
[19.294s][debug][gc,phases      ] GC(38)     Dead                           Min: 0, Avg:  0.0, Max: 0, Diff: 0, Sum: 0, Workers: 4
[19.294s][debug][gc,phases      ] GC(38)     Total                          Min: 0, Avg: 126.8, Max: 384, Diff: 384, Sum: 507, Workers: 4
[19.294s][debug][gc,phases      ] GC(38)   ObjectSynchronizer Weak        Min:  0.0, Avg:  0.0, Max:  0.0, Diff:  0.0, Sum:  0.0, Workers: 4
[19.294s][debug][gc,phases      ] GC(38)     Dead                           Min: 0, Avg:  0.0, Max: 0, Diff: 0, Sum: 0, Workers: 4
[19.294s][debug][gc,phases      ] GC(38)     Total                          Min: 0, Avg: 98.5, Max: 266, Diff: 266, Sum: 394, Workers: 4
[19.294s][debug][gc,phases      ] GC(38)   JVMTI Tag Weak OopStorage      Min:  0.0, Avg:  0.0, Max:  0.0, Diff:  0.0, Sum:  0.0, Workers: 4
[19.294s][debug][gc,phases      ] GC(38)     Dead                           Min: 0, Avg:  0.0, Max: 0, Diff: 0, Sum: 0, Workers: 4
[19.294s][debug][gc,phases      ] GC(38)     Total                          Min: 0, Avg:  0.0, Max: 0, Diff: 0, Sum: 0, Workers: 4
[19.294s][debug][gc,phases      ] GC(38)   StringTable Weak               Min:  0.1, Avg:  0.1, Max:  0.1, Diff:  0.0, Sum:  0.4, Workers: 4
[19.294s][debug][gc,phases      ] GC(38)     Dead                           Min: 0, Avg:  2.8, Max: 11, Diff: 11, Sum: 11, Workers: 4
[19.294s][debug][gc,phases      ] GC(38)     Total                          Min: 9984, Avg: 10556.5, Max: 11186, Diff: 1202, Sum: 42226, Workers: 4
[19.294s][debug][gc,phases      ] GC(38)   ResolvedMethodTable Weak       Min:  0.0, Avg:  0.0, Max:  0.0, Diff:  0.0, Sum:  0.1, Workers: 4
[19.294s][debug][gc,phases      ] GC(38)     Dead                           Min: 0, Avg:  0.0, Max: 0, Diff: 0, Sum: 0, Workers: 4
[19.294s][debug][gc,phases      ] GC(38)     Total                          Min: 1472, Avg: 1730.0, Max: 1928, Diff: 456, Sum: 6920, Workers: 4
[19.294s][debug][gc,phases      ] GC(38)   JNI Weak                       Min:  0.0, Avg:  0.0, Max:  0.0, Diff:  0.0, Sum:  0.0, Workers: 4
[19.294s][debug][gc,phases      ] GC(38)     Dead                           Min: 0, Avg:  0.0, Max: 0, Diff: 0, Sum: 0, Workers: 4
[19.294s][debug][gc,phases      ] GC(38)     Total                          Min: 0, Avg:  0.8, Max: 3, Diff: 3, Sum: 3, Workers: 4
[19.294s][debug][gc,phases      ] GC(38)   StringDedup Table Weak         Min:  0.0, Avg:  0.0, Max:  0.0, Diff:  0.0, Sum:  0.0, Workers: 4
[19.294s][debug][gc,phases      ] GC(38)     Dead                           Min: 0, Avg:  0.0, Max: 0, Diff: 0, Sum: 0, Workers: 4
[19.294s][debug][gc,phases      ] GC(38)     Total                          Min: 0, Avg:  0.0, Max: 0, Diff: 0, Sum: 0, Workers: 4
[19.294s][debug][gc,phases      ] GC(38)   StringDedup Requests0 Weak     Min:  0.0, Avg:  0.0, Max:  0.0, Diff:  0.0, Sum:  0.0, Workers: 4
[19.294s][debug][gc,phases      ] GC(38)     Dead                           Min: 0, Avg:  0.0, Max: 0, Diff: 0, Sum: 0, Workers: 4
[19.294s][debug][gc,phases      ] GC(38)     Total                          Min: 0, Avg:  0.0, Max: 0, Diff: 0, Sum: 0, Workers: 4
[19.294s][debug][gc,phases      ] GC(38)   StringDedup Requests1 Weak     Min:  0.0, Avg:  0.0, Max:  0.0, Diff:  0.0, Sum:  0.0, Workers: 4
[19.294s][debug][gc,phases      ] GC(38)     Dead                           Min: 0, Avg:  0.0, Max: 0, Diff: 0, Sum: 0, Workers: 4
[19.294s][debug][gc,phases      ] GC(38)     Total                          Min: 0, Avg:  0.0, Max: 0, Diff: 0, Sum: 0, Workers: 4
[19.294s][debug][gc,phases      ] GC(38)   Weak JFR Old Object Samples    Min:  0.0, Avg:  0.0, Max:  0.0, Diff:  0.0, Sum:  0.0, Workers: 4
[19.294s][debug][gc,phases      ] GC(38)     Dead                           Min: 0, Avg:  0.0, Max: 0, Diff: 0, Sum: 0, Workers: 4
[19.294s][debug][gc,phases      ] GC(38)     Total                          Min: 0, Avg:  0.0, Max: 0, Diff: 0, Sum: 0, Workers: 4
[19.294s][debug][gc,phases      ] GC(38) Weak Processing 0.332ms
[19.294s][debug][gc,age         ] GC(38) Desired survivor size 380108800 bytes, new threshold 15 (max threshold 15)
[19.294s][info ][gc,heap        ] GC(38) PSYoungGen: 1611248K(1722368K)->264752K(1720320K) Eden: 1345536K(1345536K)->0K(1345536K) From: 265712K(376832K)->264752K(374784K)
[19.294s][info ][gc,heap        ] GC(38) ParOldGen: 276352K(392704K)->278442K(392704K)
[19.294s][info ][gc,metaspace   ] GC(38) Metaspace: 67051K(67648K)->67051K(67648K) NonClass: 57270K(57600K)->57270K(57600K) Class: 9781K(10048K)->9781K(10048K)
[19.294s][info ][gc             ] GC(38) Pause Young (Allocation Failure) 1843M->530M(2063M) 118.922ms
[19.294s][info ][gc,cpu         ] GC(38) User=0.47s Sys=0.01s Real=0.11s
[19.295s][info ][safepoint      ] Safepoint "ParallelGCFailedAllocation", Time since last: 1843209 ns, Reaching safepoint: 109007 ns, At safepoint: 119033338 ns, Total: 119142345 ns
[19.343s][info ][safepoint      ] Safepoint "ICBufferFull", Time since last: 47978637 ns, Reaching safepoint: 128207 ns, At safepoint: 33302 ns, Total: 161509 ns
[19.391s][info ][safepoint      ] Safepoint "ICBufferFull", Time since last: 47934734 ns, Reaching safepoint: 144309 ns, At safepoint: 25802 ns, Total: 170111 ns
[19.405s][info ][safepoint      ] Safepoint "ICBufferFull", Time since last: 13736012 ns, Reaching safepoint: 118907 ns, At safepoint: 27901 ns, Total: 146808 ns
[19.423s][info ][safepoint      ] Safepoint "ICBufferFull", Time since last: 18629202 ns, Reaching safepoint: 135608 ns, At safepoint: 31802 ns, Total: 167410 ns
[19.458s][info ][safepoint      ] Safepoint "ICBufferFull", Time since last: 34083815 ns, Reaching safepoint: 140108 ns, At safepoint: 28602 ns, Total: 168710 ns
[19.515s][info ][safepoint      ] Safepoint "ICBufferFull", Time since last: 54988351 ns, Reaching safepoint: 2133527 ns, At safepoint: 30801 ns, Total: 2164328 ns
[19.521s][info ][safepoint      ] Safepoint "ICBufferFull", Time since last: 6011656 ns, Reaching safepoint: 136408 ns, At safepoint: 30502 ns, Total: 166910 ns
[19.534s][info ][safepoint      ] Safepoint "ICBufferFull", Time since last: 12686950 ns, Reaching safepoint: 141508 ns, At safepoint: 23102 ns, Total: 164610 ns
[19.551s][info ][safepoint      ] Safepoint "ICBufferFull", Time since last: 16460573 ns, Reaching safepoint: 627337 ns, At safepoint: 36602 ns, Total: 663939 ns
[19.554s][info ][safepoint      ] Safepoint "ICBufferFull", Time since last: 2886771 ns, Reaching safepoint: 262815 ns, At safepoint: 35602 ns, Total: 298417 ns
[19.584s][info ][gc,start       ] GC(39) Pause Young (Allocation Failure)
[19.698s][debug][gc,phases      ] GC(39) Scavenge 114.277ms
[19.698s][debug][gc,ref         ] GC(39) Skipped phase 1 of Reference Processing: no references
[19.698s][debug][gc,ref         ] GC(39) ReferenceProcessor::execute queues: 1, RefProcThreadModel::Single, marks_oops_alive: false
[19.698s][debug][gc,ref         ] GC(39) Skipped phase 3 of Reference Processing: no references
[19.698s][debug][gc,ref         ] GC(39) ReferenceProcessor::execute queues: 1, RefProcThreadModel::Single, marks_oops_alive: false
[19.698s][debug][gc,phases      ] GC(39) Reference Processing 0.141ms
[19.698s][debug][gc,phases      ] GC(39)   VM Weak                        Min:  0.0, Avg:  0.0, Max:  0.0, Diff:  0.0, Sum:  0.0, Workers: 4
[19.698s][debug][gc,phases      ] GC(39)     Dead                           Min: 0, Avg:  0.0, Max: 0, Diff: 0, Sum: 0, Workers: 4
[19.698s][debug][gc,phases      ] GC(39)     Total                          Min: 0, Avg: 129.0, Max: 384, Diff: 384, Sum: 516, Workers: 4
[19.698s][debug][gc,phases      ] GC(39)   ObjectSynchronizer Weak        Min:  0.0, Avg:  0.0, Max:  0.0, Diff:  0.0, Sum:  0.0, Workers: 4
[19.698s][debug][gc,phases      ] GC(39)     Dead                           Min: 0, Avg:  0.0, Max: 0, Diff: 0, Sum: 0, Workers: 4
[19.698s][debug][gc,phases      ] GC(39)     Total                          Min: 64, Avg: 98.5, Max: 128, Diff: 64, Sum: 394, Workers: 4
[19.698s][debug][gc,phases      ] GC(39)   JVMTI Tag Weak OopStorage      Min:  0.0, Avg:  0.0, Max:  0.0, Diff:  0.0, Sum:  0.0, Workers: 4
[19.698s][debug][gc,phases      ] GC(39)     Dead                           Min: 0, Avg:  0.0, Max: 0, Diff: 0, Sum: 0, Workers: 4
[19.698s][debug][gc,phases      ] GC(39)     Total                          Min: 0, Avg:  0.0, Max: 0, Diff: 0, Sum: 0, Workers: 4
[19.698s][debug][gc,phases      ] GC(39)   StringTable Weak               Min:  0.1, Avg:  0.1, Max:  0.1, Diff:  0.0, Sum:  0.4, Workers: 4
[19.698s][debug][gc,phases      ] GC(39)     Dead                           Min: 0, Avg:  3.2, Max: 12, Diff: 12, Sum: 13, Workers: 4
[19.698s][debug][gc,phases      ] GC(39)     Total                          Min: 9088, Avg: 10567.2, Max: 11392, Diff: 2304, Sum: 42269, Workers: 4
[19.698s][debug][gc,phases      ] GC(39)   ResolvedMethodTable Weak       Min:  0.0, Avg:  0.0, Max:  0.0, Diff:  0.0, Sum:  0.1, Workers: 4
[19.698s][debug][gc,phases      ] GC(39)     Dead                           Min: 0, Avg:  0.0, Max: 0, Diff: 0, Sum: 0, Workers: 4
[19.698s][debug][gc,phases      ] GC(39)     Total                          Min: 1536, Avg: 1742.8, Max: 1984, Diff: 448, Sum: 6971, Workers: 4
[19.698s][debug][gc,phases      ] GC(39)   JNI Weak                       Min:  0.0, Avg:  0.0, Max:  0.0, Diff:  0.0, Sum:  0.0, Workers: 4
[19.698s][debug][gc,phases      ] GC(39)     Dead                           Min: 0, Avg:  0.0, Max: 0, Diff: 0, Sum: 0, Workers: 4
[19.698s][debug][gc,phases      ] GC(39)     Total                          Min: 0, Avg:  3.0, Max: 12, Diff: 12, Sum: 12, Workers: 4
[19.698s][debug][gc,phases      ] GC(39)   StringDedup Table Weak         Min:  0.0, Avg:  0.0, Max:  0.0, Diff:  0.0, Sum:  0.0, Workers: 4
[19.698s][debug][gc,phases      ] GC(39)     Dead                           Min: 0, Avg:  0.0, Max: 0, Diff: 0, Sum: 0, Workers: 4
[19.698s][debug][gc,phases      ] GC(39)     Total                          Min: 0, Avg:  0.0, Max: 0, Diff: 0, Sum: 0, Workers: 4
[19.698s][debug][gc,phases      ] GC(39)   StringDedup Requests0 Weak     Min:  0.0, Avg:  0.0, Max:  0.0, Diff:  0.0, Sum:  0.0, Workers: 4
[19.698s][debug][gc,phases      ] GC(39)     Dead                           Min: 0, Avg:  0.0, Max: 0, Diff: 0, Sum: 0, Workers: 4
[19.698s][debug][gc,phases      ] GC(39)     Total                          Min: 0, Avg:  0.0, Max: 0, Diff: 0, Sum: 0, Workers: 4
[19.698s][debug][gc,phases      ] GC(39)   StringDedup Requests1 Weak     Min:  0.0, Avg:  0.0, Max:  0.0, Diff:  0.0, Sum:  0.0, Workers: 4
[19.698s][debug][gc,phases      ] GC(39)     Dead                           Min: 0, Avg:  0.0, Max: 0, Diff: 0, Sum: 0, Workers: 4
[19.698s][debug][gc,phases      ] GC(39)     Total                          Min: 0, Avg:  0.0, Max: 0, Diff: 0, Sum: 0, Workers: 4
[19.698s][debug][gc,phases      ] GC(39)   Weak JFR Old Object Samples    Min:  0.0, Avg:  0.0, Max:  0.0, Diff:  0.0, Sum:  0.0, Workers: 4
[19.698s][debug][gc,phases      ] GC(39)     Dead                           Min: 0, Avg:  0.0, Max: 0, Diff: 0, Sum: 0, Workers: 4
[19.698s][debug][gc,phases      ] GC(39)     Total                          Min: 0, Avg:  0.0, Max: 0, Diff: 0, Sum: 0, Workers: 4
[19.698s][debug][gc,phases      ] GC(39) Weak Processing 0.308ms
[19.698s][debug][gc,age         ] GC(39) Desired survivor size 367525888 bytes, new threshold 15 (max threshold 15)
[19.698s][info ][gc,heap        ] GC(39) PSYoungGen: 1610288K(1720320K)->233819K(1738240K) Eden: 1345536K(1345536K)->0K(1367040K) From: 264752K(374784K)->233819K(371200K)
[19.698s][info ][gc,heap        ] GC(39) ParOldGen: 278442K(392704K)->309786K(392704K)
[19.698s][info ][gc,metaspace   ] GC(39) Metaspace: 67238K(67904K)->67238K(67904K) NonClass: 57436K(57792K)->57436K(57792K) Class: 9802K(10112K)->9802K(10112K)
[19.698s][info ][gc             ] GC(39) Pause Young (Allocation Failure) 1844M->530M(2081M) 114.862ms
[19.699s][info ][gc,cpu         ] GC(39) User=0.45s Sys=0.01s Real=0.11s
[19.699s][info ][safepoint      ] Safepoint "ParallelGCFailedAllocation", Time since last: 25114185 ns, Reaching safepoint: 4273853 ns, At safepoint: 114989899 ns, Total: 119263752 ns
[19.707s][info ][safepoint      ] Safepoint "ICBufferFull", Time since last: 7834563 ns, Reaching safepoint: 109007 ns, At safepoint: 24901 ns, Total: 133908 ns
[19.731s][info ][safepoint      ] Safepoint "ICBufferFull", Time since last: 23856211 ns, Reaching safepoint: 139408 ns, At safepoint: 26102 ns, Total: 165510 ns
[19.763s][info ][safepoint      ] Safepoint "ICBufferFull", Time since last: 32408516 ns, Reaching safepoint: 124907 ns, At safepoint: 23602 ns, Total: 148509 ns
[19.766s][info ][safepoint      ] Safepoint "ICBufferFull", Time since last: 3075982 ns, Reaching safepoint: 116707 ns, At safepoint: 23801 ns, Total: 140508 ns
[19.802s][info ][safepoint      ] Safepoint "ICBufferFull", Time since last: 35345290 ns, Reaching safepoint: 142908 ns, At safepoint: 21802 ns, Total: 164710 ns
[19.818s][info ][safepoint      ] Safepoint "ICBufferFull", Time since last: 15537018 ns, Reaching safepoint: 149109 ns, At safepoint: 25402 ns, Total: 174511 ns
[19.821s][info ][safepoint      ] Safepoint "ICBufferFull", Time since last: 2961275 ns, Reaching safepoint: 114706 ns, At safepoint: 25502 ns, Total: 140208 ns
[19.854s][info ][safepoint      ] Safepoint "ICBufferFull", Time since last: 33042454 ns, Reaching safepoint: 131107 ns, At safepoint: 25902 ns, Total: 157009 ns
[19.857s][info ][safepoint      ] Safepoint "ICBufferFull", Time since last: 2813966 ns, Reaching safepoint: 101606 ns, At safepoint: 23602 ns, Total: 125208 ns
[19.888s][info ][safepoint      ] Safepoint "ICBufferFull", Time since last: 28832405 ns, Reaching safepoint: 2155927 ns, At safepoint: 24201 ns, Total: 2180128 ns
[19.888s][info ][safepoint      ] Safepoint "ICBufferFull", Time since last: 71105 ns, Reaching safepoint: 90905 ns, At safepoint: 19201 ns, Total: 110106 ns
[19.889s][info ][safepoint      ] Safepoint "ICBufferFull", Time since last: 1343380 ns, Reaching safepoint: 111806 ns, At safepoint: 27402 ns, Total: 139208 ns
[19.892s][info ][safepoint      ] Safepoint "ICBufferFull", Time since last: 1805107 ns, Reaching safepoint: 495729 ns, At safepoint: 28002 ns, Total: 523731 ns
[19.892s][info ][safepoint      ] Safepoint "ICBufferFull", Time since last: 47602 ns, Reaching safepoint: 90506 ns, At safepoint: 27301 ns, Total: 117807 ns
[19.903s][info ][safepoint      ] Safepoint "ICBufferFull", Time since last: 11292268 ns, Reaching safepoint: 194211 ns, At safepoint: 33802 ns, Total: 228013 ns
[19.905s][info ][safepoint      ] Safepoint "ICBufferFull", Time since last: 1187271 ns, Reaching safepoint: 554132 ns, At safepoint: 25402 ns, Total: 579534 ns
[19.906s][info ][safepoint      ] Safepoint "ICBufferFull", Time since last: 144909 ns, Reaching safepoint: 224013 ns, At safepoint: 26101 ns, Total: 250114 ns
[19.907s][info ][safepoint      ] Safepoint "ICBufferFull", Time since last: 676840 ns, Reaching safepoint: 690541 ns, At safepoint: 26502 ns, Total: 717043 ns
[19.913s][info ][safepoint      ] Safepoint "ICBufferFull", Time since last: 6126262 ns, Reaching safepoint: 96406 ns, At safepoint: 24901 ns, Total: 121307 ns
[19.914s][info ][safepoint      ] Safepoint "ICBufferFull", Time since last: 492729 ns, Reaching safepoint: 90906 ns, At safepoint: 26201 ns, Total: 117107 ns
[19.915s][info ][safepoint      ] Safepoint "ICBufferFull", Time since last: 637338 ns, Reaching safepoint: 91605 ns, At safepoint: 21702 ns, Total: 113307 ns
[19.915s][info ][safepoint      ] Safepoint "ICBufferFull", Time since last: 311518 ns, Reaching safepoint: 90005 ns, At safepoint: 22902 ns, Total: 112907 ns
[19.916s][info ][safepoint      ] Safepoint "ICBufferFull", Time since last: 627537 ns, Reaching safepoint: 91405 ns, At safepoint: 24302 ns, Total: 115707 ns
[19.917s][info ][safepoint      ] Safepoint "ICBufferFull", Time since last: 745544 ns, Reaching safepoint: 93405 ns, At safepoint: 27702 ns, Total: 121107 ns
[19.918s][info ][safepoint      ] Safepoint "ICBufferFull", Time since last: 744644 ns, Reaching safepoint: 100606 ns, At safepoint: 29602 ns, Total: 130208 ns
[19.918s][info ][safepoint      ] Safepoint "ICBufferFull", Time since last: 647238 ns, Reaching safepoint: 102006 ns, At safepoint: 26301 ns, Total: 128307 ns
[19.919s][info ][safepoint      ] Safepoint "ICBufferFull", Time since last: 657139 ns, Reaching safepoint: 91306 ns, At safepoint: 26101 ns, Total: 117407 ns
[19.920s][info ][safepoint      ] Safepoint "ICBufferFull", Time since last: 641738 ns, Reaching safepoint: 92906 ns, At safepoint: 28101 ns, Total: 121007 ns
[19.921s][info ][safepoint      ] Safepoint "ICBufferFull", Time since last: 633838 ns, Reaching safepoint: 95105 ns, At safepoint: 27502 ns, Total: 122607 ns
[19.921s][info ][safepoint      ] Safepoint "ICBufferFull", Time since last: 640038 ns, Reaching safepoint: 93505 ns, At safepoint: 22902 ns, Total: 116407 ns
[19.922s][info ][safepoint      ] Safepoint "ICBufferFull", Time since last: 635137 ns, Reaching safepoint: 94606 ns, At safepoint: 29102 ns, Total: 123708 ns
[19.923s][info ][safepoint      ] Safepoint "ICBufferFull", Time since last: 650238 ns, Reaching safepoint: 91606 ns, At safepoint: 24501 ns, Total: 116107 ns
[19.924s][info ][safepoint      ] Safepoint "ICBufferFull", Time since last: 656439 ns, Reaching safepoint: 107806 ns, At safepoint: 27202 ns, Total: 135008 ns
[19.924s][info ][safepoint      ] Safepoint "ICBufferFull", Time since last: 646538 ns, Reaching safepoint: 91705 ns, At safepoint: 26902 ns, Total: 118607 ns
[19.925s][info ][safepoint      ] Safepoint "ICBufferFull", Time since last: 615136 ns, Reaching safepoint: 101606 ns, At safepoint: 21602 ns, Total: 123208 ns
[19.926s][info ][safepoint      ] Safepoint "ICBufferFull", Time since last: 634237 ns, Reaching safepoint: 91006 ns, At safepoint: 25301 ns, Total: 116307 ns
[19.927s][info ][safepoint      ] Safepoint "ICBufferFull", Time since last: 634838 ns, Reaching safepoint: 89505 ns, At safepoint: 25501 ns, Total: 115006 ns
[19.928s][info ][safepoint      ] Safepoint "ICBufferFull", Time since last: 1007360 ns, Reaching safepoint: 96606 ns, At safepoint: 28701 ns, Total: 125307 ns
[19.929s][info ][safepoint      ] Safepoint "ICBufferFull", Time since last: 626137 ns, Reaching safepoint: 105007 ns, At safepoint: 29201 ns, Total: 134208 ns
[19.935s][info ][safepoint      ] Safepoint "ICBufferFull", Time since last: 2392042 ns, Reaching safepoint: 4245051 ns, At safepoint: 26701 ns, Total: 4271752 ns
[19.939s][info ][safepoint      ] Safepoint "ICBufferFull", Time since last: 3258693 ns, Reaching safepoint: 124907 ns, At safepoint: 22002 ns, Total: 146909 ns
[19.939s][info ][safepoint      ] Safepoint "ICBufferFull", Time since last: 54303 ns, Reaching safepoint: 88305 ns, At safepoint: 24002 ns, Total: 112307 ns
[19.940s][info ][safepoint      ] Safepoint "ICBufferFull", Time since last: 628637 ns, Reaching safepoint: 100206 ns, At safepoint: 23301 ns, Total: 123507 ns
[19.940s][info ][safepoint      ] Safepoint "ICBufferFull", Time since last: 615236 ns, Reaching safepoint: 98306 ns, At safepoint: 25902 ns, Total: 124208 ns
[19.954s][info ][safepoint      ] Safepoint "ICBufferFull", Time since last: 13304886 ns, Reaching safepoint: 116707 ns, At safepoint: 23502 ns, Total: 140209 ns
[19.955s][info ][safepoint      ] Safepoint "ICBufferFull", Time since last: 630137 ns, Reaching safepoint: 95606 ns, At safepoint: 24401 ns, Total: 120007 ns
[19.955s][info ][safepoint      ] Safepoint "ICBufferFull", Time since last: 635838 ns, Reaching safepoint: 96205 ns, At safepoint: 25202 ns, Total: 121407 ns
[19.956s][info ][safepoint      ] Safepoint "ICBufferFull", Time since last: 623737 ns, Reaching safepoint: 97805 ns, At safepoint: 23602 ns, Total: 121407 ns
[19.957s][info ][safepoint      ] Safepoint "ICBufferFull", Time since last: 641138 ns, Reaching safepoint: 97506 ns, At safepoint: 24601 ns, Total: 122107 ns
[19.957s][info ][safepoint      ] Safepoint "ICBufferFull", Time since last: 45003 ns, Reaching safepoint: 96705 ns, At safepoint: 26202 ns, Total: 122907 ns
[19.958s][info ][safepoint      ] Safepoint "ICBufferFull", Time since last: 649238 ns, Reaching safepoint: 101206 ns, At safepoint: 25102 ns, Total: 126308 ns
[19.959s][info ][safepoint      ] Safepoint "ICBufferFull", Time since last: 672840 ns, Reaching safepoint: 100006 ns, At safepoint: 24601 ns, Total: 124607 ns
[19.959s][info ][safepoint      ] Safepoint "ICBufferFull", Time since last: 38802 ns, Reaching safepoint: 94106 ns, At safepoint: 26101 ns, Total: 120207 ns
[19.960s][info ][safepoint      ] Safepoint "ICBufferFull", Time since last: 724643 ns, Reaching safepoint: 102506 ns, At safepoint: 23602 ns, Total: 126108 ns
[19.960s][info ][safepoint      ] Safepoint "ICBufferFull", Time since last: 43902 ns, Reaching safepoint: 95706 ns, At safepoint: 25901 ns, Total: 121607 ns
[19.961s][info ][safepoint      ] Safepoint "ICBufferFull", Time since last: 801848 ns, Reaching safepoint: 100406 ns, At safepoint: 25801 ns, Total: 126207 ns
[19.964s][info ][safepoint      ] Safepoint "ICBufferFull", Time since last: 2774964 ns, Reaching safepoint: 99106 ns, At safepoint: 27102 ns, Total: 126208 ns
[19.964s][info ][safepoint      ] Safepoint "ICBufferFull", Time since last: 636838 ns, Reaching safepoint: 95905 ns, At safepoint: 28102 ns, Total: 124007 ns
[19.965s][info ][safepoint      ] Safepoint "ICBufferFull", Time since last: 641438 ns, Reaching safepoint: 94905 ns, At safepoint: 26602 ns, Total: 121507 ns
[19.966s][info ][safepoint      ] Safepoint "ICBufferFull", Time since last: 667339 ns, Reaching safepoint: 96506 ns, At safepoint: 47203 ns, Total: 143709 ns
[19.970s][info ][safepoint      ] Safepoint "ICBufferFull", Time since last: 3634015 ns, Reaching safepoint: 113206 ns, At safepoint: 23902 ns, Total: 137108 ns
[19.970s][info ][safepoint      ] Safepoint "ICBufferFull", Time since last: 657939 ns, Reaching safepoint: 93305 ns, At safepoint: 22002 ns, Total: 115307 ns
[19.971s][info ][safepoint      ] Safepoint "ICBufferFull", Time since last: 640037 ns, Reaching safepoint: 90106 ns, At safepoint: 27901 ns, Total: 118007 ns
[19.978s][info ][gc,start       ] GC(40) Pause Young (Allocation Failure)
[20.106s][debug][gc,phases      ] GC(40) Scavenge 127.112ms
[20.106s][debug][gc,ref         ] GC(40) Skipped phase 1 of Reference Processing: no references
[20.106s][debug][gc,ref         ] GC(40) ReferenceProcessor::execute queues: 1, RefProcThreadModel::Single, marks_oops_alive: false
[20.106s][debug][gc,ref         ] GC(40) Skipped phase 3 of Reference Processing: no references
[20.106s][debug][gc,ref         ] GC(40) ReferenceProcessor::execute queues: 1, RefProcThreadModel::Single, marks_oops_alive: false
[20.106s][debug][gc,phases      ] GC(40) Reference Processing 0.155ms
[20.106s][debug][gc,phases      ] GC(40)   VM Weak                        Min:  0.0, Avg:  0.0, Max:  0.0, Diff:  0.0, Sum:  0.0, Workers: 4
[20.106s][debug][gc,phases      ] GC(40)     Dead                           Min: 0, Avg:  0.0, Max: 0, Diff: 0, Sum: 0, Workers: 4
[20.106s][debug][gc,phases      ] GC(40)     Total                          Min: 0, Avg: 129.2, Max: 517, Diff: 517, Sum: 517, Workers: 4
[20.106s][debug][gc,phases      ] GC(40)   ObjectSynchronizer Weak        Min:  0.0, Avg:  0.0, Max:  0.0, Diff:  0.0, Sum:  0.0, Workers: 4
[20.106s][debug][gc,phases      ] GC(40)     Dead                           Min: 0, Avg:  0.0, Max: 0, Diff: 0, Sum: 0, Workers: 4
[20.106s][debug][gc,phases      ] GC(40)     Total                          Min: 0, Avg: 98.5, Max: 266, Diff: 266, Sum: 394, Workers: 4
[20.106s][debug][gc,phases      ] GC(40)   JVMTI Tag Weak OopStorage      Min:  0.0, Avg:  0.0, Max:  0.0, Diff:  0.0, Sum:  0.0, Workers: 4
[20.106s][debug][gc,phases      ] GC(40)     Dead                           Min: 0, Avg:  0.0, Max: 0, Diff: 0, Sum: 0, Workers: 4
[20.106s][debug][gc,phases      ] GC(40)     Total                          Min: 0, Avg:  0.0, Max: 0, Diff: 0, Sum: 0, Workers: 4
[20.106s][debug][gc,phases      ] GC(40)   StringTable Weak               Min:  0.1, Avg:  0.1, Max:  0.1, Diff:  0.0, Sum:  0.4, Workers: 4
[20.106s][debug][gc,phases      ] GC(40)     Dead                           Min: 0, Avg:  0.5, Max: 2, Diff: 2, Sum: 2, Workers: 4
[20.106s][debug][gc,phases      ] GC(40)     Total                          Min: 10112, Avg: 10571.5, Max: 10869, Diff: 757, Sum: 42286, Workers: 4
[20.106s][debug][gc,phases      ] GC(40)   ResolvedMethodTable Weak       Min:  0.0, Avg:  0.0, Max:  0.0, Diff:  0.0, Sum:  0.1, Workers: 4
[20.106s][debug][gc,phases      ] GC(40)     Dead                           Min: 0, Avg:  1.2, Max: 3, Diff: 3, Sum: 5, Workers: 4
[20.106s][debug][gc,phases      ] GC(40)     Total                          Min: 1408, Avg: 1745.5, Max: 1920, Diff: 512, Sum: 6982, Workers: 4
[20.106s][debug][gc,phases      ] GC(40)   JNI Weak                       Min:  0.0, Avg:  0.0, Max:  0.0, Diff:  0.0, Sum:  0.0, Workers: 4
[20.106s][debug][gc,phases      ] GC(40)     Dead                           Min: 0, Avg:  0.0, Max: 0, Diff: 0, Sum: 0, Workers: 4
[20.106s][debug][gc,phases      ] GC(40)     Total                          Min: 0, Avg:  2.8, Max: 11, Diff: 11, Sum: 11, Workers: 4
[20.106s][debug][gc,phases      ] GC(40)   StringDedup Table Weak         Min:  0.0, Avg:  0.0, Max:  0.0, Diff:  0.0, Sum:  0.0, Workers: 4
[20.106s][debug][gc,phases      ] GC(40)     Dead                           Min: 0, Avg:  0.0, Max: 0, Diff: 0, Sum: 0, Workers: 4
[20.106s][debug][gc,phases      ] GC(40)     Total                          Min: 0, Avg:  0.0, Max: 0, Diff: 0, Sum: 0, Workers: 4
[20.106s][debug][gc,phases      ] GC(40)   StringDedup Requests0 Weak     Min:  0.0, Avg:  0.0, Max:  0.0, Diff:  0.0, Sum:  0.0, Workers: 4
[20.106s][debug][gc,phases      ] GC(40)     Dead                           Min: 0, Avg:  0.0, Max: 0, Diff: 0, Sum: 0, Workers: 4
[20.106s][debug][gc,phases      ] GC(40)     Total                          Min: 0, Avg:  0.0, Max: 0, Diff: 0, Sum: 0, Workers: 4
[20.106s][debug][gc,phases      ] GC(40)   StringDedup Requests1 Weak     Min:  0.0, Avg:  0.0, Max:  0.0, Diff:  0.0, Sum:  0.0, Workers: 4
[20.106s][debug][gc,phases      ] GC(40)     Dead                           Min: 0, Avg:  0.0, Max: 0, Diff: 0, Sum: 0, Workers: 4
[20.106s][debug][gc,phases      ] GC(40)     Total                          Min: 0, Avg:  0.0, Max: 0, Diff: 0, Sum: 0, Workers: 4
[20.106s][debug][gc,phases      ] GC(40)   Weak JFR Old Object Samples    Min:  0.0, Avg:  0.0, Max:  0.0, Diff:  0.0, Sum:  0.0, Workers: 4
[20.106s][debug][gc,phases      ] GC(40)     Dead                           Min: 0, Avg:  0.0, Max: 0, Diff: 0, Sum: 0, Workers: 4
[20.106s][debug][gc,phases      ] GC(40)     Total                          Min: 0, Avg:  0.0, Max: 0, Diff: 0, Sum: 0, Workers: 4
[20.106s][debug][gc,phases      ] GC(40) Weak Processing 0.315ms
[20.106s][debug][gc,age         ] GC(40) Desired survivor size 378535936 bytes, new threshold 15 (max threshold 15)
[20.106s][info ][gc,heap        ] GC(40) PSYoungGen: 1600859K(1738240K)->105780K(1725952K) Eden: 1367040K(1367040K)->0K(1367040K) From: 233819K(371200K)->105780K(358912K)
[20.106s][info ][gc,heap        ] GC(40) ParOldGen: 309786K(392704K)->445930K(445952K)
[20.106s][info ][gc,metaspace   ] GC(40) Metaspace: 67333K(68032K)->67333K(68032K) NonClass: 57523K(57920K)->57523K(57920K) Class: 9809K(10112K)->9809K(10112K)
[20.106s][info ][gc             ] GC(40) Pause Young (Allocation Failure) 1865M->538M(2121M) 127.712ms
[20.106s][info ][gc,cpu         ] GC(40) User=0.43s Sys=0.09s Real=0.13s
[20.106s][debug][gc,phases      ] GC(41) Pre Compact 0.009ms
[20.106s][info ][gc,start       ] GC(41) Pause Full (Ergonomics)
[20.106s][info ][gc,phases,start] GC(41) Marking Phase
[20.293s][debug][gc,phases      ] GC(41) Par Mark 186.677ms
[20.293s][debug][gc,ref         ] GC(41) Skipped phase 1 of Reference Processing: no references
[20.293s][debug][gc,ref         ] GC(41) ReferenceProcessor::execute queues: 4, RefProcThreadModel::Multi, marks_oops_alive: false
[20.293s][debug][gc,ref         ] GC(41) Skipped phase 3 of Reference Processing: no references
[20.293s][debug][gc,ref         ] GC(41) ReferenceProcessor::execute queues: 1, RefProcThreadModel::Single, marks_oops_alive: false
[20.293s][debug][gc,phases      ] GC(41) Reference Processing 0.351ms
[20.294s][debug][gc,phases      ] GC(41)   VM Weak                        Min:  0.0, Avg:  0.0, Max:  0.0, Diff:  0.0, Sum:  0.0, Workers: 4
[20.294s][debug][gc,phases      ] GC(41)     Dead                           Min: 0, Avg:  0.0, Max: 0, Diff: 0, Sum: 0, Workers: 4
[20.294s][debug][gc,phases      ] GC(41)     Total                          Min: 0, Avg: 129.2, Max: 325, Diff: 325, Sum: 517, Workers: 4
[20.294s][debug][gc,phases      ] GC(41)   ObjectSynchronizer Weak        Min:  0.0, Avg:  0.0, Max:  0.0, Diff:  0.0, Sum:  0.0, Workers: 4
[20.294s][debug][gc,phases      ] GC(41)     Dead                           Min: 0, Avg:  1.5, Max: 4, Diff: 4, Sum: 6, Workers: 4
[20.294s][debug][gc,phases      ] GC(41)     Total                          Min: 0, Avg: 98.5, Max: 202, Diff: 202, Sum: 394, Workers: 4
[20.294s][debug][gc,phases      ] GC(41)   JVMTI Tag Weak OopStorage      Min:  0.0, Avg:  0.0, Max:  0.0, Diff:  0.0, Sum:  0.0, Workers: 4
[20.294s][debug][gc,phases      ] GC(41)     Dead                           Min: 0, Avg:  0.0, Max: 0, Diff: 0, Sum: 0, Workers: 4
[20.294s][debug][gc,phases      ] GC(41)     Total                          Min: 0, Avg:  0.0, Max: 0, Diff: 0, Sum: 0, Workers: 4
[20.294s][debug][gc,phases      ] GC(41)   StringTable Weak               Min:  0.1, Avg:  0.1, Max:  0.1, Diff:  0.0, Sum:  0.5, Workers: 4
[20.294s][debug][gc,phases      ] GC(41)     Dead                           Min: 0, Avg:  0.0, Max: 0, Diff: 0, Sum: 0, Workers: 4
[20.294s][debug][gc,phases      ] GC(41)     Total                          Min: 9854, Avg: 10571.5, Max: 11643, Diff: 1789, Sum: 42286, Workers: 4
[20.294s][debug][gc,phases      ] GC(41)   ResolvedMethodTable Weak       Min:  0.0, Avg:  0.0, Max:  0.0, Diff:  0.0, Sum:  0.1, Workers: 4
[20.294s][debug][gc,phases      ] GC(41)     Dead                           Min: 0, Avg:  0.0, Max: 0, Diff: 0, Sum: 0, Workers: 4
[20.294s][debug][gc,phases      ] GC(41)     Total                          Min: 1600, Avg: 1745.5, Max: 1984, Diff: 384, Sum: 6982, Workers: 4
[20.294s][debug][gc,phases      ] GC(41)   JNI Weak                       Min:  0.0, Avg:  0.0, Max:  0.0, Diff:  0.0, Sum:  0.0, Workers: 4
[20.294s][debug][gc,phases      ] GC(41)     Dead                           Min: 0, Avg:  0.0, Max: 0, Diff: 0, Sum: 0, Workers: 4
[20.294s][debug][gc,phases      ] GC(41)     Total                          Min: 0, Avg:  2.8, Max: 11, Diff: 11, Sum: 11, Workers: 4
[20.294s][debug][gc,phases      ] GC(41)   StringDedup Table Weak         Min:  0.0, Avg:  0.0, Max:  0.0, Diff:  0.0, Sum:  0.0, Workers: 4
[20.294s][debug][gc,phases      ] GC(41)     Dead                           Min: 0, Avg:  0.0, Max: 0, Diff: 0, Sum: 0, Workers: 4
[20.294s][debug][gc,phases      ] GC(41)     Total                          Min: 0, Avg:  0.0, Max: 0, Diff: 0, Sum: 0, Workers: 4
[20.294s][debug][gc,phases      ] GC(41)   StringDedup Requests0 Weak     Min:  0.0, Avg:  0.0, Max:  0.0, Diff:  0.0, Sum:  0.0, Workers: 4
[20.294s][debug][gc,phases      ] GC(41)     Dead                           Min: 0, Avg:  0.0, Max: 0, Diff: 0, Sum: 0, Workers: 4
[20.294s][debug][gc,phases      ] GC(41)     Total                          Min: 0, Avg:  0.0, Max: 0, Diff: 0, Sum: 0, Workers: 4
[20.294s][debug][gc,phases      ] GC(41)   StringDedup Requests1 Weak     Min:  0.0, Avg:  0.0, Max:  0.0, Diff:  0.0, Sum:  0.0, Workers: 4
[20.294s][debug][gc,phases      ] GC(41)     Dead                           Min: 0, Avg:  0.0, Max: 0, Diff: 0, Sum: 0, Workers: 4
[20.294s][debug][gc,phases      ] GC(41)     Total                          Min: 0, Avg:  0.0, Max: 0, Diff: 0, Sum: 0, Workers: 4
[20.294s][debug][gc,phases      ] GC(41)   Weak JFR Old Object Samples    Min:  0.0, Avg:  0.0, Max:  0.0, Diff:  0.0, Sum:  0.0, Workers: 4
[20.294s][debug][gc,phases      ] GC(41)     Dead                           Min: 0, Avg:  0.0, Max: 0, Diff: 0, Sum: 0, Workers: 4
[20.294s][debug][gc,phases      ] GC(41)     Total                          Min: 0, Avg:  0.0, Max: 0, Diff: 0, Sum: 0, Workers: 4
[20.294s][debug][gc,phases      ] GC(41) Weak Processing 0.361ms
[20.294s][debug][gc,phases      ] GC(41) ClassLoaderData 0.071ms
[20.294s][debug][gc,phases      ] GC(41) Trigger cleanups 0.000ms
[20.302s][debug][gc,phases      ] GC(41) Class Unloading 8.157ms
[20.302s][info ][gc,phases      ] GC(41) Marking Phase 195.694ms
[20.302s][info ][gc,phases,start] GC(41) Summary Phase
[20.302s][info ][gc,phases      ] GC(41) Summary Phase 0.011ms
[20.302s][info ][gc,phases,start] GC(41) Adjust Roots
[20.309s][info ][gc,phases      ] GC(41) Adjust Roots 7.117ms
[20.309s][info ][gc,phases,start] GC(41) Compaction Phase
[20.971s][info ][gc,phases      ] GC(41) Compaction Phase 662.342ms
[20.971s][info ][gc,phases,start] GC(41) Post Compact
[20.973s][info ][gc,phases      ] GC(41) Post Compact 1.707ms
[20.973s][info ][gc,heap        ] GC(41) PSYoungGen: 105780K(1725952K)->104406K(1725952K) Eden: 0K(1367040K)->0K(1367040K) From: 105780K(358912K)->104406K(358912K)
[20.973s][info ][gc,heap        ] GC(41) ParOldGen: 445930K(445952K)->445778K(594944K)
[20.973s][info ][gc,metaspace   ] GC(41) Metaspace: 67333K(68032K)->67333K(68032K) NonClass: 57523K(57920K)->57523K(57920K) Class: 9809K(10112K)->9809K(10112K)
[20.973s][info ][gc             ] GC(41) Pause Full (Ergonomics) 538M->537M(2266M) 867.200ms
[20.973s][info ][gc,cpu         ] GC(41) User=3.17s Sys=0.02s Real=0.86s
[20.973s][info ][safepoint      ] Safepoint "ParallelGCFailedAllocation", Time since last: 3971935 ns, Reaching safepoint: 3210090 ns, At safepoint: 995117239 ns, Total: 998327329 ns
[20.983s][info ][safepoint      ] Safepoint "ICBufferFull", Time since last: 9506762 ns, Reaching safepoint: 130608 ns, At safepoint: 15301 ns, Total: 145909 ns
[20.985s][info ][safepoint      ] Safepoint "ICBufferFull", Time since last: 2244333 ns, Reaching safepoint: 107906 ns, At safepoint: 29402 ns, Total: 137308 ns
[20.987s][info ][safepoint      ] Safepoint "ICBufferFull", Time since last: 1688100 ns, Reaching safepoint: 103506 ns, At safepoint: 24701 ns, Total: 128207 ns
[20.988s][info ][safepoint      ] Safepoint "ICBufferFull", Time since last: 642238 ns, Reaching safepoint: 96006 ns, At safepoint: 25001 ns, Total: 121007 ns
[20.989s][info ][safepoint      ] Safepoint "ICBufferFull", Time since last: 632838 ns, Reaching safepoint: 94805 ns, At safepoint: 25302 ns, Total: 120107 ns
[20.990s][info ][safepoint      ] Safepoint "ICBufferFull", Time since last: 634137 ns, Reaching safepoint: 99206 ns, At safepoint: 28802 ns, Total: 128008 ns
[20.990s][info ][safepoint      ] Safepoint "ICBufferFull", Time since last: 637338 ns, Reaching safepoint: 163409 ns, At safepoint: 26402 ns, Total: 189811 ns
[20.991s][info ][safepoint      ] Safepoint "ICBufferFull", Time since last: 658739 ns, Reaching safepoint: 93905 ns, At safepoint: 24602 ns, Total: 118507 ns
[20.999s][info ][safepoint      ] Safepoint "ICBufferFull", Time since last: 7512744 ns, Reaching safepoint: 124807 ns, At safepoint: 27402 ns, Total: 152209 ns
[21.000s][info ][safepoint      ] Safepoint "ICBufferFull", Time since last: 684040 ns, Reaching safepoint: 93306 ns, At safepoint: 27302 ns, Total: 120608 ns
[21.001s][info ][safepoint      ] Safepoint "ICBufferFull", Time since last: 1066563 ns, Reaching safepoint: 94705 ns, At safepoint: 29102 ns, Total: 123807 ns
[21.002s][info ][safepoint      ] Safepoint "ICBufferFull", Time since last: 633537 ns, Reaching safepoint: 92206 ns, At safepoint: 28101 ns, Total: 120307 ns
[21.002s][info ][safepoint      ] Safepoint "ICBufferFull", Time since last: 636338 ns, Reaching safepoint: 92606 ns, At safepoint: 26301 ns, Total: 118907 ns
[21.003s][info ][safepoint      ] Safepoint "ICBufferFull", Time since last: 35602 ns, Reaching safepoint: 87905 ns, At safepoint: 30402 ns, Total: 118307 ns
[21.003s][info ][safepoint      ] Safepoint "ICBufferFull", Time since last: 660839 ns, Reaching safepoint: 104607 ns, At safepoint: 28701 ns, Total: 133308 ns
[21.004s][info ][safepoint      ] Safepoint "ICBufferFull", Time since last: 633638 ns, Reaching safepoint: 91805 ns, At safepoint: 21201 ns, Total: 113006 ns
[21.008s][info ][safepoint      ] Safepoint "ICBufferFull", Time since last: 640038 ns, Reaching safepoint: 3200489 ns, At safepoint: 32602 ns, Total: 3233091 ns
[21.009s][info ][safepoint      ] Safepoint "ICBufferFull", Time since last: 645739 ns, Reaching safepoint: 93905 ns, At safepoint: 30502 ns, Total: 124407 ns
[21.009s][info ][safepoint      ] Safepoint "ICBufferFull", Time since last: 639538 ns, Reaching safepoint: 92705 ns, At safepoint: 26802 ns, Total: 119507 ns
[21.010s][info ][safepoint      ] Safepoint "ICBufferFull", Time since last: 637737 ns, Reaching safepoint: 90806 ns, At safepoint: 30002 ns, Total: 120808 ns
[21.011s][info ][safepoint      ] Safepoint "ICBufferFull", Time since last: 666539 ns, Reaching safepoint: 80805 ns, At safepoint: 27601 ns, Total: 108406 ns
[21.012s][info ][safepoint      ] Safepoint "ICBufferFull", Time since last: 641938 ns, Reaching safepoint: 158810 ns, At safepoint: 27801 ns, Total: 186611 ns
[21.016s][info ][safepoint      ] Safepoint "ICBufferFull", Time since last: 640538 ns, Reaching safepoint: 3138586 ns, At safepoint: 31802 ns, Total: 3170388 ns
[21.017s][info ][safepoint      ] Safepoint "ICBufferFull", Time since last: 1507989 ns, Reaching safepoint: 113507 ns, At safepoint: 26401 ns, Total: 139908 ns
[21.019s][info ][safepoint      ] Safepoint "ICBufferFull", Time since last: 1681200 ns, Reaching safepoint: 95905 ns, At safepoint: 24902 ns, Total: 120807 ns
[21.021s][info ][safepoint      ] Safepoint "ICBufferFull", Time since last: 1541891 ns, Reaching safepoint: 93905 ns, At safepoint: 27502 ns, Total: 121407 ns
[21.022s][info ][safepoint      ] Safepoint "ICBufferFull", Time since last: 762745 ns, Reaching safepoint: 91106 ns, At safepoint: 23601 ns, Total: 114707 ns
[21.022s][info ][safepoint      ] Safepoint "ICBufferFull", Time since last: 644138 ns, Reaching safepoint: 93706 ns, At safepoint: 22201 ns, Total: 115907 ns
[21.023s][info ][safepoint      ] Safepoint "ICBufferFull", Time since last: 657739 ns, Reaching safepoint: 90505 ns, At safepoint: 24702 ns, Total: 115207 ns
[21.024s][info ][safepoint      ] Safepoint "ICBufferFull", Time since last: 638337 ns, Reaching safepoint: 89806 ns, At safepoint: 25701 ns, Total: 115507 ns
[21.025s][info ][safepoint      ] Safepoint "ICBufferFull", Time since last: 624937 ns, Reaching safepoint: 96406 ns, At safepoint: 25101 ns, Total: 121507 ns
[21.025s][info ][safepoint      ] Safepoint "ICBufferFull", Time since last: 640238 ns, Reaching safepoint: 93506 ns, At safepoint: 26801 ns, Total: 120307 ns
[21.027s][info ][safepoint      ] Safepoint "ICBufferFull", Time since last: 1544892 ns, Reaching safepoint: 94305 ns, At safepoint: 23002 ns, Total: 117307 ns
[21.031s][info ][safepoint      ] Safepoint "ICBufferFull", Time since last: 1921413 ns, Reaching safepoint: 2138627 ns, At safepoint: 34102 ns, Total: 2172729 ns
[21.032s][info ][safepoint      ] Safepoint "ICBufferFull", Time since last: 659639 ns, Reaching safepoint: 94505 ns, At safepoint: 24102 ns, Total: 118607 ns
[21.033s][info ][safepoint      ] Safepoint "ICBufferFull", Time since last: 635537 ns, Reaching safepoint: 298018 ns, At safepoint: 24101 ns, Total: 322119 ns
[21.034s][info ][safepoint      ] Safepoint "ICBufferFull", Time since last: 654339 ns, Reaching safepoint: 90305 ns, At safepoint: 26302 ns, Total: 116607 ns
[21.034s][info ][safepoint      ] Safepoint "ICBufferFull", Time since last: 654639 ns, Reaching safepoint: 91705 ns, At safepoint: 25102 ns, Total: 116807 ns
[21.035s][info ][safepoint      ] Safepoint "ICBufferFull", Time since last: 668339 ns, Reaching safepoint: 91605 ns, At safepoint: 22602 ns, Total: 114207 ns
[21.036s][info ][safepoint      ] Safepoint "ICBufferFull", Time since last: 645538 ns, Reaching safepoint: 231614 ns, At safepoint: 21701 ns, Total: 253315 ns
[21.036s][info ][safepoint      ] Safepoint "ICBufferFull", Time since last: 40402 ns, Reaching safepoint: 225714 ns, At safepoint: 23001 ns, Total: 248715 ns
[21.042s][info ][safepoint      ] Safepoint "ICBufferFull", Time since last: 5423121 ns, Reaching safepoint: 113706 ns, At safepoint: 26902 ns, Total: 140608 ns
[21.042s][info ][safepoint      ] Safepoint "ICBufferFull", Time since last: 63404 ns, Reaching safepoint: 89805 ns, At safepoint: 23901 ns, Total: 113706 ns
[21.043s][info ][safepoint      ] Safepoint "ICBufferFull", Time since last: 666740 ns, Reaching safepoint: 96306 ns, At safepoint: 35802 ns, Total: 132108 ns
[21.044s][info ][safepoint      ] Safepoint "ICBufferFull", Time since last: 640738 ns, Reaching safepoint: 94505 ns, At safepoint: 22301 ns, Total: 116806 ns
[21.044s][info ][safepoint      ] Safepoint "ICBufferFull", Time since last: 629238 ns, Reaching safepoint: 93205 ns, At safepoint: 21501 ns, Total: 114706 ns
[21.045s][info ][safepoint      ] Safepoint "ICBufferFull", Time since last: 632238 ns, Reaching safepoint: 93605 ns, At safepoint: 21302 ns, Total: 114907 ns
[21.046s][info ][safepoint      ] Safepoint "ICBufferFull", Time since last: 632137 ns, Reaching safepoint: 93506 ns, At safepoint: 22801 ns, Total: 116307 ns
[21.047s][info ][safepoint      ] Safepoint "ICBufferFull", Time since last: 629737 ns, Reaching safepoint: 95806 ns, At safepoint: 24401 ns, Total: 120207 ns
[21.047s][info ][safepoint      ] Safepoint "ICBufferFull", Time since last: 647739 ns, Reaching safepoint: 95405 ns, At safepoint: 25102 ns, Total: 120507 ns
[21.048s][info ][safepoint      ] Safepoint "ICBufferFull", Time since last: 633437 ns, Reaching safepoint: 94806 ns, At safepoint: 24901 ns, Total: 119707 ns
[21.049s][info ][safepoint      ] Safepoint "ICBufferFull", Time since last: 771846 ns, Reaching safepoint: 96506 ns, At safepoint: 21401 ns, Total: 117907 ns
[21.049s][info ][safepoint      ] Safepoint "ICBufferFull", Time since last: 41202 ns, Reaching safepoint: 91606 ns, At safepoint: 21001 ns, Total: 112607 ns
[21.051s][info ][safepoint      ] Safepoint "ICBufferFull", Time since last: 1850209 ns, Reaching safepoint: 102406 ns, At safepoint: 20402 ns, Total: 122808 ns
[21.052s][info ][safepoint      ] Safepoint "ICBufferFull", Time since last: 667139 ns, Reaching safepoint: 96406 ns, At safepoint: 21701 ns, Total: 118107 ns
[21.056s][info ][safepoint      ] Safepoint "ICBufferFull", Time since last: 3752922 ns, Reaching safepoint: 98006 ns, At safepoint: 25901 ns, Total: 123907 ns
[21.057s][info ][safepoint      ] Safepoint "ICBufferFull", Time since last: 772546 ns, Reaching safepoint: 110306 ns, At safepoint: 32602 ns, Total: 142908 ns
[21.062s][info ][safepoint      ] Safepoint "ICBufferFull", Time since last: 5146605 ns, Reaching safepoint: 111206 ns, At safepoint: 22802 ns, Total: 134008 ns
[21.063s][info ][safepoint      ] Safepoint "ICBufferFull", Time since last: 765945 ns, Reaching safepoint: 95606 ns, At safepoint: 28001 ns, Total: 123607 ns
[21.064s][info ][safepoint      ] Safepoint "ICBufferFull", Time since last: 700942 ns, Reaching safepoint: 101206 ns, At safepoint: 24701 ns, Total: 125907 ns
[21.065s][info ][safepoint      ] Safepoint "ICBufferFull", Time since last: 624937 ns, Reaching safepoint: 92606 ns, At safepoint: 23701 ns, Total: 116307 ns
[21.065s][info ][safepoint      ] Safepoint "ICBufferFull", Time since last: 625637 ns, Reaching safepoint: 91005 ns, At safepoint: 22702 ns, Total: 113707 ns
[21.083s][info ][safepoint      ] Safepoint "ICBufferFull", Time since last: 15688527 ns, Reaching safepoint: 2197330 ns, At safepoint: 24702 ns, Total: 2222032 ns
[21.083s][info ][safepoint      ] Safepoint "ICBufferFull", Time since last: 89105 ns, Reaching safepoint: 94405 ns, At safepoint: 21502 ns, Total: 115907 ns
[21.084s][info ][safepoint      ] Safepoint "ICBufferFull", Time since last: 656039 ns, Reaching safepoint: 95305 ns, At safepoint: 22402 ns, Total: 117707 ns
[21.085s][info ][safepoint      ] Safepoint "ICBufferFull", Time since last: 834449 ns, Reaching safepoint: 94205 ns, At safepoint: 23602 ns, Total: 117807 ns
[21.086s][info ][safepoint      ] Safepoint "ICBufferFull", Time since last: 641638 ns, Reaching safepoint: 89905 ns, At safepoint: 21201 ns, Total: 111106 ns
[21.087s][info ][safepoint      ] Safepoint "ICBufferFull", Time since last: 660939 ns, Reaching safepoint: 90306 ns, At safepoint: 21501 ns, Total: 111807 ns
[21.087s][info ][safepoint      ] Safepoint "ICBufferFull", Time since last: 33202 ns, Reaching safepoint: 88605 ns, At safepoint: 21701 ns, Total: 110306 ns
[21.088s][info ][safepoint      ] Safepoint "ICBufferFull", Time since last: 604536 ns, Reaching safepoint: 94906 ns, At safepoint: 25101 ns, Total: 120007 ns
[21.088s][info ][safepoint      ] Safepoint "ICBufferFull", Time since last: 636738 ns, Reaching safepoint: 91105 ns, At safepoint: 25302 ns, Total: 116407 ns
[21.092s][info ][safepoint      ] Safepoint "ICBufferFull", Time since last: 3952934 ns, Reaching safepoint: 101006 ns, At safepoint: 28701 ns, Total: 129707 ns
[21.093s][info ][safepoint      ] Safepoint "ICBufferFull", Time since last: 666140 ns, Reaching safepoint: 67004 ns, At safepoint: 27101 ns, Total: 94105 ns
[21.094s][info ][safepoint      ] Safepoint "ICBufferFull", Time since last: 494029 ns, Reaching safepoint: 94306 ns, At safepoint: 25101 ns, Total: 119407 ns
[21.094s][info ][safepoint      ] Safepoint "ICBufferFull", Time since last: 620337 ns, Reaching safepoint: 91206 ns, At safepoint: 26301 ns, Total: 117507 ns
[21.095s][info ][safepoint      ] Safepoint "ICBufferFull", Time since last: 545932 ns, Reaching safepoint: 94106 ns, At safepoint: 24401 ns, Total: 118507 ns
[21.096s][info ][safepoint      ] Safepoint "ICBufferFull", Time since last: 609836 ns, Reaching safepoint: 263116 ns, At safepoint: 26302 ns, Total: 289418 ns
[21.097s][info ][safepoint      ] Safepoint "ICBufferFull", Time since last: 699941 ns, Reaching safepoint: 96406 ns, At safepoint: 26401 ns, Total: 122807 ns
[21.098s][info ][safepoint      ] Safepoint "ICBufferFull", Time since last: 660239 ns, Reaching safepoint: 102806 ns, At safepoint: 24502 ns, Total: 127308 ns
[21.107s][info ][safepoint      ] Safepoint "ICBufferFull", Time since last: 9331652 ns, Reaching safepoint: 106606 ns, At safepoint: 21401 ns, Total: 128007 ns
[21.108s][info ][safepoint      ] Safepoint "ICBufferFull", Time since last: 1168469 ns, Reaching safepoint: 92806 ns, At safepoint: 26401 ns, Total: 119207 ns
[21.112s][info ][safepoint      ] Safepoint "ICBufferFull", Time since last: 3689918 ns, Reaching safepoint: 99106 ns, At safepoint: 25602 ns, Total: 124708 ns
[21.113s][info ][safepoint      ] Safepoint "ICBufferFull", Time since last: 692441 ns, Reaching safepoint: 93005 ns, At safepoint: 25702 ns, Total: 118707 ns
[21.114s][info ][safepoint      ] Safepoint "ICBufferFull", Time since last: 633537 ns, Reaching safepoint: 92306 ns, At safepoint: 22201 ns, Total: 114507 ns
[21.115s][info ][safepoint      ] Safepoint "ICBufferFull", Time since last: 632837 ns, Reaching safepoint: 91806 ns, At safepoint: 25801 ns, Total: 117607 ns
[21.115s][info ][safepoint      ] Safepoint "ICBufferFull", Time since last: 524731 ns, Reaching safepoint: 95306 ns, At safepoint: 26002 ns, Total: 121308 ns
[21.116s][info ][safepoint      ] Safepoint "ICBufferFull", Time since last: 636337 ns, Reaching safepoint: 91306 ns, At safepoint: 23501 ns, Total: 114807 ns
[21.122s][info ][safepoint      ] Safepoint "ICBufferFull", Time since last: 5510626 ns, Reaching safepoint: 107406 ns, At safepoint: 26102 ns, Total: 133508 ns
[21.122s][info ][safepoint      ] Safepoint "ICBufferFull", Time since last: 665339 ns, Reaching safepoint: 95006 ns, At safepoint: 24601 ns, Total: 119607 ns
[21.123s][info ][safepoint      ] Safepoint "ICBufferFull", Time since last: 37802 ns, Reaching safepoint: 89606 ns, At safepoint: 24101 ns, Total: 113707 ns
[21.123s][info ][safepoint      ] Safepoint "ICBufferFull", Time since last: 638338 ns, Reaching safepoint: 94905 ns, At safepoint: 25002 ns, Total: 119907 ns
[21.124s][info ][safepoint      ] Safepoint "ICBufferFull", Time since last: 631237 ns, Reaching safepoint: 95706 ns, At safepoint: 19601 ns, Total: 115307 ns
[21.125s][info ][safepoint      ] Safepoint "ICBufferFull", Time since last: 627937 ns, Reaching safepoint: 92806 ns, At safepoint: 25901 ns, Total: 118707 ns
[21.126s][info ][safepoint      ] Safepoint "ICBufferFull", Time since last: 631138 ns, Reaching safepoint: 94305 ns, At safepoint: 25202 ns, Total: 119507 ns
[21.126s][info ][safepoint      ] Safepoint "ICBufferFull", Time since last: 643438 ns, Reaching safepoint: 93705 ns, At safepoint: 24902 ns, Total: 118607 ns
[21.127s][info ][safepoint      ] Safepoint "ICBufferFull", Time since last: 633437 ns, Reaching safepoint: 93506 ns, At safepoint: 22701 ns, Total: 116207 ns
[21.128s][info ][safepoint      ] Safepoint "ICBufferFull", Time since last: 632137 ns, Reaching safepoint: 91106 ns, At safepoint: 25601 ns, Total: 116707 ns
[21.129s][info ][safepoint      ] Safepoint "ICBufferFull", Time since last: 633438 ns, Reaching safepoint: 90005 ns, At safepoint: 23301 ns, Total: 113306 ns
[21.136s][info ][safepoint      ] Safepoint "ICBufferFull", Time since last: 633438 ns, Reaching safepoint: 6374877 ns, At safepoint: 38402 ns, Total: 6413279 ns
[21.136s][info ][safepoint      ] Safepoint "ICBufferFull", Time since last: 700941 ns, Reaching safepoint: 109007 ns, At safepoint: 20301 ns, Total: 129308 ns
[21.147s][info ][safepoint      ] Safepoint "ICBufferFull", Time since last: 10713934 ns, Reaching safepoint: 123307 ns, At safepoint: 26501 ns, Total: 149808 ns
[21.147s][info ][safepoint      ] Safepoint "ICBufferFull", Time since last: 62904 ns, Reaching safepoint: 91206 ns, At safepoint: 23301 ns, Total: 114507 ns
[21.151s][info ][safepoint      ] Safepoint "ICBufferFull", Time since last: 3049280 ns, Reaching safepoint: 104206 ns, At safepoint: 26302 ns, Total: 130508 ns
[21.157s][info ][safepoint      ] Safepoint "ICBufferFull", Time since last: 5899049 ns, Reaching safepoint: 123207 ns, At safepoint: 28602 ns, Total: 151809 ns
[21.158s][info ][safepoint      ] Safepoint "ICBufferFull", Time since last: 1042161 ns, Reaching safepoint: 97306 ns, At safepoint: 30302 ns, Total: 127608 ns
[21.164s][info ][safepoint      ] Safepoint "ICBufferFull", Time since last: 2644756 ns, Reaching safepoint: 3175388 ns, At safepoint: 26002 ns, Total: 3201390 ns
[21.164s][info ][safepoint      ] Safepoint "ICBufferFull", Time since last: 663839 ns, Reaching safepoint: 96306 ns, At safepoint: 27801 ns, Total: 124107 ns
[21.165s][info ][safepoint      ] Safepoint "ICBufferFull", Time since last: 628737 ns, Reaching safepoint: 92506 ns, At safepoint: 25001 ns, Total: 117507 ns
[21.166s][info ][safepoint      ] Safepoint "ICBufferFull", Time since last: 625437 ns, Reaching safepoint: 93006 ns, At safepoint: 25401 ns, Total: 118407 ns
[21.167s][info ][safepoint      ] Safepoint "ICBufferFull", Time since last: 622437 ns, Reaching safepoint: 93106 ns, At safepoint: 25401 ns, Total: 118507 ns
[21.167s][info ][safepoint      ] Safepoint "ICBufferFull", Time since last: 655239 ns, Reaching safepoint: 92205 ns, At safepoint: 29202 ns, Total: 121407 ns
[21.169s][info ][safepoint      ] Safepoint "ICBufferFull", Time since last: 1345280 ns, Reaching safepoint: 99205 ns, At safepoint: 23202 ns, Total: 122407 ns
[21.170s][info ][safepoint      ] Safepoint "ICBufferFull", Time since last: 632437 ns, Reaching safepoint: 100306 ns, At safepoint: 22301 ns, Total: 122607 ns
[21.171s][info ][safepoint      ] Safepoint "ICBufferFull", Time since last: 898154 ns, Reaching safepoint: 103106 ns, At safepoint: 21401 ns, Total: 124507 ns
[21.173s][info ][safepoint      ] Safepoint "ICBufferFull", Time since last: 2403342 ns, Reaching safepoint: 124407 ns, At safepoint: 31402 ns, Total: 155809 ns
[21.174s][info ][safepoint      ] Safepoint "ICBufferFull", Time since last: 666540 ns, Reaching safepoint: 91205 ns, At safepoint: 32402 ns, Total: 123607 ns
[21.175s][info ][safepoint      ] Safepoint "ICBufferFull", Time since last: 725943 ns, Reaching safepoint: 68304 ns, At safepoint: 29202 ns, Total: 97506 ns
[21.187s][info ][safepoint      ] Safepoint "ICBufferFull", Time since last: 12247424 ns, Reaching safepoint: 107906 ns, At safepoint: 26702 ns, Total: 134608 ns
[21.190s][info ][safepoint      ] Safepoint "ICBufferFull", Time since last: 2659657 ns, Reaching safepoint: 127408 ns, At safepoint: 23901 ns, Total: 151309 ns
[21.191s][info ][safepoint      ] Safepoint "ICBufferFull", Time since last: 642638 ns, Reaching safepoint: 92805 ns, At safepoint: 23402 ns, Total: 116207 ns
[21.192s][info ][safepoint      ] Safepoint "ICBufferFull", Time since last: 641838 ns, Reaching safepoint: 90405 ns, At safepoint: 20201 ns, Total: 110606 ns
[21.192s][info ][safepoint      ] Safepoint "ICBufferFull", Time since last: 633838 ns, Reaching safepoint: 88905 ns, At safepoint: 22101 ns, Total: 111006 ns
[21.193s][info ][safepoint      ] Safepoint "ICBufferFull", Time since last: 630438 ns, Reaching safepoint: 91105 ns, At safepoint: 21201 ns, Total: 112306 ns
[21.194s][info ][safepoint      ] Safepoint "ICBufferFull", Time since last: 632738 ns, Reaching safepoint: 91305 ns, At safepoint: 19701 ns, Total: 111006 ns
[21.195s][info ][safepoint      ] Safepoint "ICBufferFull", Time since last: 632538 ns, Reaching safepoint: 93905 ns, At safepoint: 25102 ns, Total: 119007 ns
[21.207s][info ][safepoint      ] Safepoint "ICBufferFull", Time since last: 12681250 ns, Reaching safepoint: 118807 ns, At safepoint: 40402 ns, Total: 159209 ns
[21.208s][info ][safepoint      ] Safepoint "ICBufferFull", Time since last: 67204 ns, Reaching safepoint: 90905 ns, At safepoint: 21002 ns, Total: 111907 ns
[21.208s][info ][safepoint      ] Safepoint "ICBufferFull", Time since last: 643338 ns, Reaching safepoint: 101406 ns, At safepoint: 24201 ns, Total: 125607 ns
[21.209s][info ][safepoint      ] Safepoint "ICBufferFull", Time since last: 647738 ns, Reaching safepoint: 90406 ns, At safepoint: 22901 ns, Total: 113307 ns
[21.210s][info ][safepoint      ] Safepoint "ICBufferFull", Time since last: 630837 ns, Reaching safepoint: 88606 ns, At safepoint: 23701 ns, Total: 112307 ns
[21.211s][info ][safepoint      ] Safepoint "ICBufferFull", Time since last: 631537 ns, Reaching safepoint: 88706 ns, At safepoint: 22301 ns, Total: 111007 ns
[21.211s][info ][safepoint      ] Safepoint "ICBufferFull", Time since last: 658739 ns, Reaching safepoint: 88705 ns, At safepoint: 25502 ns, Total: 114207 ns
[21.212s][info ][safepoint      ] Safepoint "ICBufferFull", Time since last: 704941 ns, Reaching safepoint: 90806 ns, At safepoint: 24301 ns, Total: 115107 ns
[21.213s][info ][safepoint      ] Safepoint "ICBufferFull", Time since last: 636738 ns, Reaching safepoint: 104606 ns, At safepoint: 24201 ns, Total: 128807 ns
[21.214s][info ][safepoint      ] Safepoint "ICBufferFull", Time since last: 715043 ns, Reaching safepoint: 102406 ns, At safepoint: 21401 ns, Total: 123807 ns
[21.215s][info ][safepoint      ] Safepoint "ICBufferFull", Time since last: 630037 ns, Reaching safepoint: 71204 ns, At safepoint: 26202 ns, Total: 97406 ns
[21.215s][info ][safepoint      ] Safepoint "ICBufferFull", Time since last: 41602 ns, Reaching safepoint: 88306 ns, At safepoint: 25501 ns, Total: 113807 ns
[21.215s][info ][safepoint      ] Safepoint "ICBufferFull", Time since last: 665239 ns, Reaching safepoint: 90106 ns, At safepoint: 23101 ns, Total: 113207 ns
[21.216s][info ][safepoint      ] Safepoint "ICBufferFull", Time since last: 636438 ns, Reaching safepoint: 96605 ns, At safepoint: 23402 ns, Total: 120007 ns
[21.217s][info ][safepoint      ] Safepoint "ICBufferFull", Time since last: 634337 ns, Reaching safepoint: 89606 ns, At safepoint: 23601 ns, Total: 113207 ns
[21.218s][info ][safepoint      ] Safepoint "ICBufferFull", Time since last: 650639 ns, Reaching safepoint: 100005 ns, At safepoint: 25902 ns, Total: 125907 ns
[21.219s][info ][safepoint      ] Safepoint "ICBufferFull", Time since last: 649138 ns, Reaching safepoint: 108207 ns, At safepoint: 27901 ns, Total: 136108 ns
[21.219s][info ][safepoint      ] Safepoint "ICBufferFull", Time since last: 645239 ns, Reaching safepoint: 91205 ns, At safepoint: 24901 ns, Total: 116106 ns
[21.220s][info ][safepoint      ] Safepoint "ICBufferFull", Time since last: 779747 ns, Reaching safepoint: 90405 ns, At safepoint: 22501 ns, Total: 112906 ns
[21.221s][info ][safepoint      ] Safepoint "ICBufferFull", Time since last: 626037 ns, Reaching safepoint: 89906 ns, At safepoint: 21801 ns, Total: 111707 ns
[21.222s][info ][safepoint      ] Safepoint "ICBufferFull", Time since last: 655539 ns, Reaching safepoint: 98105 ns, At safepoint: 22102 ns, Total: 120207 ns
[21.222s][info ][safepoint      ] Safepoint "ICBufferFull", Time since last: 641138 ns, Reaching safepoint: 94605 ns, At safepoint: 22702 ns, Total: 117307 ns
[21.223s][info ][safepoint      ] Safepoint "ICBufferFull", Time since last: 639637 ns, Reaching safepoint: 91506 ns, At safepoint: 23901 ns, Total: 115407 ns
[21.224s][info ][safepoint      ] Safepoint "ICBufferFull", Time since last: 619137 ns, Reaching safepoint: 90805 ns, At safepoint: 20101 ns, Total: 110906 ns
[21.225s][info ][safepoint      ] Safepoint "ICBufferFull", Time since last: 621637 ns, Reaching safepoint: 90405 ns, At safepoint: 20602 ns, Total: 111007 ns
[21.227s][info ][safepoint      ] Safepoint "ICBufferFull", Time since last: 2292035 ns, Reaching safepoint: 94006 ns, At safepoint: 24801 ns, Total: 118807 ns
[21.228s][info ][safepoint      ] Safepoint "ICBufferFull", Time since last: 638438 ns, Reaching safepoint: 91705 ns, At safepoint: 24602 ns, Total: 116307 ns
[21.231s][info ][safepoint      ] Safepoint "ICBufferFull", Time since last: 2290035 ns, Reaching safepoint: 892053 ns, At safepoint: 19801 ns, Total: 911854 ns
[21.234s][info ][safepoint      ] Safepoint "ICBufferFull", Time since last: 1223573 ns, Reaching safepoint: 2108324 ns, At safepoint: 22902 ns, Total: 2131226 ns
[21.246s][info ][safepoint      ] Safepoint "ICBufferFull", Time since last: 11082155 ns, Reaching safepoint: 128207 ns, At safepoint: 25502 ns, Total: 153709 ns
[21.246s][info ][safepoint      ] Safepoint "ICBufferFull", Time since last: 65704 ns, Reaching safepoint: 88505 ns, At safepoint: 24501 ns, Total: 113006 ns
[21.253s][info ][safepoint      ] Safepoint "ICBufferFull", Time since last: 6918510 ns, Reaching safepoint: 133207 ns, At safepoint: 27302 ns, Total: 160509 ns
[21.255s][info ][safepoint      ] Safepoint "ICBufferFull", Time since last: 2048921 ns, Reaching safepoint: 99406 ns, At safepoint: 22501 ns, Total: 121907 ns
[21.256s][info ][safepoint      ] Safepoint "ICBufferFull", Time since last: 703642 ns, Reaching safepoint: 93906 ns, At safepoint: 24701 ns, Total: 118607 ns
[21.257s][info ][safepoint      ] Safepoint "ICBufferFull", Time since last: 635138 ns, Reaching safepoint: 90705 ns, At safepoint: 25701 ns, Total: 116406 ns
[21.257s][info ][safepoint      ] Safepoint "ICBufferFull", Time since last: 639638 ns, Reaching safepoint: 91106 ns, At safepoint: 20001 ns, Total: 111107 ns
[21.263s][info ][safepoint      ] Safepoint "ICBufferFull", Time since last: 5066399 ns, Reaching safepoint: 116307 ns, At safepoint: 26002 ns, Total: 142309 ns
[21.263s][info ][safepoint      ] Safepoint "ICBufferFull", Time since last: 713142 ns, Reaching safepoint: 94106 ns, At safepoint: 26101 ns, Total: 120207 ns
[21.264s][info ][safepoint      ] Safepoint "ICBufferFull", Time since last: 644838 ns, Reaching safepoint: 91406 ns, At safepoint: 23701 ns, Total: 115107 ns
[21.265s][info ][safepoint      ] Safepoint "ICBufferFull", Time since last: 638738 ns, Reaching safepoint: 90805 ns, At safepoint: 25702 ns, Total: 116507 ns
[21.266s][info ][safepoint      ] Safepoint "ICBufferFull", Time since last: 667039 ns, Reaching safepoint: 93606 ns, At safepoint: 23501 ns, Total: 117107 ns
[21.266s][info ][safepoint      ] Safepoint "ICBufferFull", Time since last: 635738 ns, Reaching safepoint: 92505 ns, At safepoint: 24802 ns, Total: 117307 ns
[21.267s][info ][safepoint      ] Safepoint "ICBufferFull", Time since last: 652938 ns, Reaching safepoint: 92506 ns, At safepoint: 26301 ns, Total: 118807 ns
[21.270s][info ][safepoint      ] Safepoint "ICBufferFull", Time since last: 2248633 ns, Reaching safepoint: 108107 ns, At safepoint: 24401 ns, Total: 132508 ns
[21.270s][info ][safepoint      ] Safepoint "ICBufferFull", Time since last: 650038 ns, Reaching safepoint: 91506 ns, At safepoint: 22801 ns, Total: 114307 ns
[21.271s][info ][safepoint      ] Safepoint "ICBufferFull", Time since last: 659839 ns, Reaching safepoint: 93806 ns, At safepoint: 21201 ns, Total: 115007 ns
[21.271s][info ][safepoint      ] Safepoint "ICBufferFull", Time since last: 41202 ns, Reaching safepoint: 93206 ns, At safepoint: 20801 ns, Total: 114007 ns
[21.277s][info ][safepoint      ] Safepoint "ICBufferFull", Time since last: 5705938 ns, Reaching safepoint: 120507 ns, At safepoint: 29001 ns, Total: 149508 ns
[21.278s][info ][safepoint      ] Safepoint "ICBufferFull", Time since last: 654839 ns, Reaching safepoint: 105006 ns, At safepoint: 28402 ns, Total: 133408 ns
[21.287s][info ][safepoint      ] Safepoint "ICBufferFull", Time since last: 5034198 ns, Reaching safepoint: 4291153 ns, At safepoint: 29102 ns, Total: 4320255 ns
[21.288s][info ][safepoint      ] Safepoint "ICBufferFull", Time since last: 492029 ns, Reaching safepoint: 104406 ns, At safepoint: 24002 ns, Total: 128408 ns
[21.290s][info ][safepoint      ] Safepoint "ICBufferFull", Time since last: 1483988 ns, Reaching safepoint: 104606 ns, At safepoint: 23901 ns, Total: 128507 ns
[21.290s][info ][safepoint      ] Safepoint "ICBufferFull", Time since last: 496029 ns, Reaching safepoint: 86806 ns, At safepoint: 19801 ns, Total: 106607 ns
[21.295s][info ][safepoint      ] Safepoint "ICBufferFull", Time since last: 4879288 ns, Reaching safepoint: 114707 ns, At safepoint: 27302 ns, Total: 142009 ns
[21.296s][info ][safepoint      ] Safepoint "ICBufferFull", Time since last: 522631 ns, Reaching safepoint: 105206 ns, At safepoint: 20801 ns, Total: 126007 ns
[21.296s][info ][safepoint      ] Safepoint "ICBufferFull", Time since last: 510030 ns, Reaching safepoint: 87205 ns, At safepoint: 23102 ns, Total: 110307 ns
[21.297s][info ][safepoint      ] Safepoint "ICBufferFull", Time since last: 466527 ns, Reaching safepoint: 97506 ns, At safepoint: 22701 ns, Total: 120207 ns
[21.298s][info ][safepoint      ] Safepoint "ICBufferFull", Time since last: 472628 ns, Reaching safepoint: 85105 ns, At safepoint: 22802 ns, Total: 107907 ns
[21.309s][info ][safepoint      ] Safepoint "ICBufferFull", Time since last: 11143859 ns, Reaching safepoint: 134408 ns, At safepoint: 31401 ns, Total: 165809 ns
[21.315s][info ][gc,start       ] GC(42) Pause Young (Allocation Failure)
[21.423s][debug][gc,phases      ] GC(42) Scavenge 108.526ms
[21.423s][debug][gc,ref         ] GC(42) Skipped phase 1 of Reference Processing: no references
[21.424s][debug][gc,ref         ] GC(42) ReferenceProcessor::execute queues: 1, RefProcThreadModel::Single, marks_oops_alive: false
[21.424s][debug][gc,ref         ] GC(42) Skipped phase 3 of Reference Processing: no references
[21.424s][debug][gc,ref         ] GC(42) ReferenceProcessor::execute queues: 1, RefProcThreadModel::Single, marks_oops_alive: false
[21.424s][debug][gc,phases      ] GC(42) Reference Processing 0.114ms
[21.424s][debug][gc,phases      ] GC(42)   VM Weak                        Min:  0.0, Avg:  0.0, Max:  0.0, Diff:  0.0, Sum:  0.0, Workers: 4
[21.424s][debug][gc,phases      ] GC(42)     Dead                           Min: 0, Avg:  0.0, Max: 0, Diff: 0, Sum: 0, Workers: 4
[21.424s][debug][gc,phases      ] GC(42)     Total                          Min: 0, Avg: 129.2, Max: 517, Diff: 517, Sum: 517, Workers: 4
[21.424s][debug][gc,phases      ] GC(42)   ObjectSynchronizer Weak        Min:  0.0, Avg:  0.0, Max:  0.0, Diff:  0.0, Sum:  0.0, Workers: 4
[21.424s][debug][gc,phases      ] GC(42)     Dead                           Min: 0, Avg:  0.0, Max: 0, Diff: 0, Sum: 0, Workers: 4
[21.424s][debug][gc,phases      ] GC(42)     Total                          Min: 0, Avg: 98.5, Max: 384, Diff: 384, Sum: 394, Workers: 4
[21.424s][debug][gc,phases      ] GC(42)   JVMTI Tag Weak OopStorage      Min:  0.0, Avg:  0.0, Max:  0.0, Diff:  0.0, Sum:  0.0, Workers: 4
[21.424s][debug][gc,phases      ] GC(42)     Dead                           Min: 0, Avg:  0.0, Max: 0, Diff: 0, Sum: 0, Workers: 4
[21.424s][debug][gc,phases      ] GC(42)     Total                          Min: 0, Avg:  0.0, Max: 0, Diff: 0, Sum: 0, Workers: 4
[21.424s][debug][gc,phases      ] GC(42)   StringTable Weak               Min:  0.1, Avg:  0.1, Max:  0.1, Diff:  0.0, Sum:  0.4, Workers: 4
[21.424s][debug][gc,phases      ] GC(42)     Dead                           Min: 0, Avg:  2.8, Max: 11, Diff: 11, Sum: 11, Workers: 4
[21.424s][debug][gc,phases      ] GC(42)     Total                          Min: 9528, Avg: 10574.0, Max: 11776, Diff: 2248, Sum: 42296, Workers: 4
[21.424s][debug][gc,phases      ] GC(42)   ResolvedMethodTable Weak       Min:  0.0, Avg:  0.0, Max:  0.0, Diff:  0.0, Sum:  0.1, Workers: 4
[21.424s][debug][gc,phases      ] GC(42)     Dead                           Min: 0, Avg:  2.2, Max: 9, Diff: 9, Sum: 9, Workers: 4
[21.424s][debug][gc,phases      ] GC(42)     Total                          Min: 1533, Avg: 1747.2, Max: 1984, Diff: 451, Sum: 6989, Workers: 4
[21.424s][debug][gc,phases      ] GC(42)   JNI Weak                       Min:  0.0, Avg:  0.0, Max:  0.0, Diff:  0.0, Sum:  0.0, Workers: 4
[21.424s][debug][gc,phases      ] GC(42)     Dead                           Min: 0, Avg:  0.0, Max: 0, Diff: 0, Sum: 0, Workers: 4
[21.424s][debug][gc,phases      ] GC(42)     Total                          Min: 0, Avg:  2.8, Max: 11, Diff: 11, Sum: 11, Workers: 4
[21.424s][debug][gc,phases      ] GC(42)   StringDedup Table Weak         Min:  0.0, Avg:  0.0, Max:  0.0, Diff:  0.0, Sum:  0.0, Workers: 4
[21.424s][debug][gc,phases      ] GC(42)     Dead                           Min: 0, Avg:  0.0, Max: 0, Diff: 0, Sum: 0, Workers: 4
[21.424s][debug][gc,phases      ] GC(42)     Total                          Min: 0, Avg:  0.0, Max: 0, Diff: 0, Sum: 0, Workers: 4
[21.424s][debug][gc,phases      ] GC(42)   StringDedup Requests0 Weak     Min:  0.0, Avg:  0.0, Max:  0.0, Diff:  0.0, Sum:  0.0, Workers: 4
[21.424s][debug][gc,phases      ] GC(42)     Dead                           Min: 0, Avg:  0.0, Max: 0, Diff: 0, Sum: 0, Workers: 4
[21.424s][debug][gc,phases      ] GC(42)     Total                          Min: 0, Avg:  0.0, Max: 0, Diff: 0, Sum: 0, Workers: 4
[21.424s][debug][gc,phases      ] GC(42)   StringDedup Requests1 Weak     Min:  0.0, Avg:  0.0, Max:  0.0, Diff:  0.0, Sum:  0.0, Workers: 4
[21.424s][debug][gc,phases      ] GC(42)     Dead                           Min: 0, Avg:  0.0, Max: 0, Diff: 0, Sum: 0, Workers: 4
[21.424s][debug][gc,phases      ] GC(42)     Total                          Min: 0, Avg:  0.0, Max: 0, Diff: 0, Sum: 0, Workers: 4
[21.424s][debug][gc,phases      ] GC(42)   Weak JFR Old Object Samples    Min:  0.0, Avg:  0.0, Max:  0.0, Diff:  0.0, Sum:  0.0, Workers: 4
[21.424s][debug][gc,phases      ] GC(42)     Dead                           Min: 0, Avg:  0.0, Max: 0, Diff: 0, Sum: 0, Workers: 4
[21.424s][debug][gc,phases      ] GC(42)     Total                          Min: 0, Avg:  0.0, Max: 0, Diff: 0, Sum: 0, Workers: 4
[21.424s][debug][gc,phases      ] GC(42) Weak Processing 0.297ms
[21.424s][debug][gc,age         ] GC(42) Desired survivor size 400556032 bytes, new threshold 15 (max threshold 15)
[21.424s][info ][gc,heap        ] GC(42) PSYoungGen: 1471446K(1725952K)->15474K(1684480K) Eden: 1367040K(1367040K)->0K(1314816K) From: 104406K(358912K)->15474K(369664K)
[21.424s][info ][gc,heap        ] GC(42) ParOldGen: 445778K(594944K)->530426K(594944K)
[21.424s][info ][gc,metaspace   ] GC(42) Metaspace: 67363K(68096K)->67363K(68096K) NonClass: 57549K(57984K)->57549K(57984K) Class: 9813K(10112K)->9813K(10112K)
[21.424s][info ][gc             ] GC(42) Pause Young (Allocation Failure) 1872M->533M(2226M) 109.068ms
[21.424s][info ][gc,cpu         ] GC(42) User=0.43s Sys=0.02s Real=0.12s
[21.424s][debug][gc,phases      ] GC(43) Pre Compact 0.009ms
[21.424s][info ][gc,start       ] GC(43) Pause Full (Ergonomics)
[21.424s][info ][gc,phases,start] GC(43) Marking Phase
[21.613s][debug][gc,phases      ] GC(43) Par Mark 189.274ms
[21.613s][debug][gc,ref         ] GC(43) Skipped phase 1 of Reference Processing: no references
[21.614s][debug][gc,ref         ] GC(43) ReferenceProcessor::execute queues: 4, RefProcThreadModel::Multi, marks_oops_alive: false
[21.614s][debug][gc,ref         ] GC(43) Skipped phase 3 of Reference Processing: no references
[21.614s][debug][gc,ref         ] GC(43) ReferenceProcessor::execute queues: 1, RefProcThreadModel::Single, marks_oops_alive: false
[21.614s][debug][gc,phases      ] GC(43) Reference Processing 0.365ms
[21.614s][debug][gc,phases      ] GC(43)   VM Weak                        Min:  0.0, Avg:  0.0, Max:  0.0, Diff:  0.0, Sum:  0.0, Workers: 4
[21.614s][debug][gc,phases      ] GC(43)     Dead                           Min: 0, Avg:  0.0, Max: 0, Diff: 0, Sum: 0, Workers: 4
[21.614s][debug][gc,phases      ] GC(43)     Total                          Min: 0, Avg: 129.2, Max: 256, Diff: 256, Sum: 517, Workers: 4
[21.614s][debug][gc,phases      ] GC(43)   ObjectSynchronizer Weak        Min:  0.0, Avg:  0.0, Max:  0.0, Diff:  0.0, Sum:  0.0, Workers: 4
[21.614s][debug][gc,phases      ] GC(43)     Dead                           Min: 0, Avg:  0.0, Max: 0, Diff: 0, Sum: 0, Workers: 4
[21.614s][debug][gc,phases      ] GC(43)     Total                          Min: 0, Avg: 98.5, Max: 192, Diff: 192, Sum: 394, Workers: 4
[21.614s][debug][gc,phases      ] GC(43)   JVMTI Tag Weak OopStorage      Min:  0.0, Avg:  0.0, Max:  0.0, Diff:  0.0, Sum:  0.0, Workers: 4
[21.614s][debug][gc,phases      ] GC(43)     Dead                           Min: 0, Avg:  0.0, Max: 0, Diff: 0, Sum: 0, Workers: 4
[21.614s][debug][gc,phases      ] GC(43)     Total                          Min: 0, Avg:  0.0, Max: 0, Diff: 0, Sum: 0, Workers: 4
[21.614s][debug][gc,phases      ] GC(43)   StringTable Weak               Min:  0.1, Avg:  0.1, Max:  0.1, Diff:  0.0, Sum:  0.5, Workers: 4
[21.614s][debug][gc,phases      ] GC(43)     Dead                           Min: 0, Avg:  0.0, Max: 0, Diff: 0, Sum: 0, Workers: 4
[21.614s][debug][gc,phases      ] GC(43)     Total                          Min: 10240, Avg: 10574.0, Max: 10816, Diff: 576, Sum: 42296, Workers: 4
[21.614s][debug][gc,phases      ] GC(43)   ResolvedMethodTable Weak       Min:  0.0, Avg:  0.0, Max:  0.0, Diff:  0.0, Sum:  0.1, Workers: 4
[21.614s][debug][gc,phases      ] GC(43)     Dead                           Min: 0, Avg:  0.0, Max: 0, Diff: 0, Sum: 0, Workers: 4
[21.614s][debug][gc,phases      ] GC(43)     Total                          Min: 1406, Avg: 1747.2, Max: 2048, Diff: 642, Sum: 6989, Workers: 4
[21.614s][debug][gc,phases      ] GC(43)   JNI Weak                       Min:  0.0, Avg:  0.0, Max:  0.0, Diff:  0.0, Sum:  0.0, Workers: 4
[21.614s][debug][gc,phases      ] GC(43)     Dead                           Min: 0, Avg:  0.0, Max: 0, Diff: 0, Sum: 0, Workers: 4
[21.614s][debug][gc,phases      ] GC(43)     Total                          Min: 0, Avg:  2.8, Max: 11, Diff: 11, Sum: 11, Workers: 4
[21.614s][debug][gc,phases      ] GC(43)   StringDedup Table Weak         Min:  0.0, Avg:  0.0, Max:  0.0, Diff:  0.0, Sum:  0.0, Workers: 4
[21.614s][debug][gc,phases      ] GC(43)     Dead                           Min: 0, Avg:  0.0, Max: 0, Diff: 0, Sum: 0, Workers: 4
[21.614s][debug][gc,phases      ] GC(43)     Total                          Min: 0, Avg:  0.0, Max: 0, Diff: 0, Sum: 0, Workers: 4
[21.614s][debug][gc,phases      ] GC(43)   StringDedup Requests0 Weak     Min:  0.0, Avg:  0.0, Max:  0.0, Diff:  0.0, Sum:  0.0, Workers: 4
[21.614s][debug][gc,phases      ] GC(43)     Dead                           Min: 0, Avg:  0.0, Max: 0, Diff: 0, Sum: 0, Workers: 4
[21.614s][debug][gc,phases      ] GC(43)     Total                          Min: 0, Avg:  0.0, Max: 0, Diff: 0, Sum: 0, Workers: 4
[21.614s][debug][gc,phases      ] GC(43)   StringDedup Requests1 Weak     Min:  0.0, Avg:  0.0, Max:  0.0, Diff:  0.0, Sum:  0.0, Workers: 4
[21.614s][debug][gc,phases      ] GC(43)     Dead                           Min: 0, Avg:  0.0, Max: 0, Diff: 0, Sum: 0, Workers: 4
[21.614s][debug][gc,phases      ] GC(43)     Total                          Min: 0, Avg:  0.0, Max: 0, Diff: 0, Sum: 0, Workers: 4
[21.614s][debug][gc,phases      ] GC(43)   Weak JFR Old Object Samples    Min:  0.0, Avg:  0.0, Max:  0.0, Diff:  0.0, Sum:  0.0, Workers: 4
[21.614s][debug][gc,phases      ] GC(43)     Dead                           Min: 0, Avg:  0.0, Max: 0, Diff: 0, Sum: 0, Workers: 4
[21.614s][debug][gc,phases      ] GC(43)     Total                          Min: 0, Avg:  0.0, Max: 0, Diff: 0, Sum: 0, Workers: 4
[21.614s][debug][gc,phases      ] GC(43) Weak Processing 0.361ms
[21.614s][debug][gc,phases      ] GC(43) ClassLoaderData 0.072ms
[21.614s][debug][gc,phases      ] GC(43) Trigger cleanups 0.000ms
[21.622s][debug][gc,phases      ] GC(43) Class Unloading 8.056ms
[21.622s][info ][gc,phases      ] GC(43) Marking Phase 198.201ms
[21.622s][info ][gc,phases,start] GC(43) Summary Phase
[21.622s][info ][gc,phases      ] GC(43) Summary Phase 0.017ms
[21.622s][info ][gc,phases,start] GC(43) Adjust Roots
[21.628s][info ][gc,phases      ] GC(43) Adjust Roots 5.445ms
[21.628s][info ][gc,phases,start] GC(43) Compaction Phase
[21.852s][info ][gc,phases      ] GC(43) Compaction Phase 223.999ms
[21.852s][info ][gc,phases,start] GC(43) Post Compact
[21.853s][info ][gc,phases      ] GC(43) Post Compact 1.534ms
[21.853s][info ][gc,heap        ] GC(43) PSYoungGen: 15474K(1684480K)->0K(1705984K) Eden: 0K(1314816K)->0K(1314816K) From: 15474K(369664K)->0K(391168K)
[21.853s][info ][gc,heap        ] GC(43) ParOldGen: 530426K(594944K)->544949K(721920K)
[21.853s][info ][gc,metaspace   ] GC(43) Metaspace: 67363K(68096K)->67363K(68096K) NonClass: 57549K(57984K)->57549K(57984K) Class: 9813K(10112K)->9813K(10112K)
[21.853s][info ][gc             ] GC(43) Pause Full (Ergonomics) 533M->532M(2371M) 429.538ms
[21.854s][info ][gc,cpu         ] GC(43) User=1.67s Sys=0.00s Real=0.42s
[21.854s][info ][safepoint      ] Safepoint "ParallelGCFailedAllocation", Time since last: 5740940 ns, Reaching safepoint: 117607 ns, At safepoint: 538796058 ns, Total: 538913665 ns
[21.877s][info ][safepoint      ] Safepoint "ICBufferFull", Time since last: 23381482 ns, Reaching safepoint: 101006 ns, At safepoint: 30702 ns, Total: 131708 ns
[21.882s][info ][safepoint      ] Safepoint "ICBufferFull", Time since last: 1592894 ns, Reaching safepoint: 3220291 ns, At safepoint: 23201 ns, Total: 3243492 ns
[21.885s][info ][safepoint      ] Safepoint "ICBufferFull", Time since last: 3192189 ns, Reaching safepoint: 122807 ns, At safepoint: 26701 ns, Total: 149508 ns
[21.918s][info ][safepoint      ] Safepoint "ICBufferFull", Time since last: 32481921 ns, Reaching safepoint: 154809 ns, At safepoint: 26402 ns, Total: 181211 ns
[21.948s][info ][safepoint      ] Safepoint "ICBufferFull", Time since last: 30152283 ns, Reaching safepoint: 124207 ns, At safepoint: 22101 ns, Total: 146308 ns
[21.956s][info ][safepoint      ] Safepoint "ICBufferFull", Time since last: 7401638 ns, Reaching safepoint: 125907 ns, At safepoint: 25302 ns, Total: 151209 ns
[21.971s][info ][safepoint      ] Safepoint "ICBufferFull", Time since last: 15438013 ns, Reaching safepoint: 127407 ns, At safepoint: 23502 ns, Total: 150909 ns
[21.991s][info ][safepoint      ] Safepoint "ICBufferFull", Time since last: 19134731 ns, Reaching safepoint: 135208 ns, At safepoint: 21901 ns, Total: 157109 ns
[21.995s][info ][safepoint      ] Safepoint "ICBufferFull", Time since last: 4031539 ns, Reaching safepoint: 120607 ns, At safepoint: 28901 ns, Total: 149508 ns
[22.060s][info ][safepoint      ] Safepoint "ICBufferFull", Time since last: 65379166 ns, Reaching safepoint: 145609 ns, At safepoint: 29402 ns, Total: 175011 ns
[22.083s][info ][safepoint      ] Safepoint "ICBufferFull", Time since last: 18561597 ns, Reaching safepoint: 4233950 ns, At safepoint: 30702 ns, Total: 4264652 ns
[22.099s][info ][safepoint      ] Safepoint "ICBufferFull", Time since last: 15725630 ns, Reaching safepoint: 127008 ns, At safepoint: 26901 ns, Total: 153909 ns
[22.103s][info ][gc,start       ] GC(44) Pause Young (Allocation Failure)
[22.105s][debug][gc,phases      ] GC(44) Scavenge 1.893ms
[22.105s][debug][gc,ref         ] GC(44) Skipped phase 1 of Reference Processing: no references
[22.105s][debug][gc,ref         ] GC(44) ReferenceProcessor::execute queues: 1, RefProcThreadModel::Single, marks_oops_alive: false
[22.105s][debug][gc,ref         ] GC(44) Skipped phase 3 of Reference Processing: no references
[22.105s][debug][gc,ref         ] GC(44) ReferenceProcessor::execute queues: 1, RefProcThreadModel::Single, marks_oops_alive: false
[22.105s][debug][gc,phases      ] GC(44) Reference Processing 0.112ms
[22.105s][debug][gc,phases      ] GC(44)   VM Weak                        Min:  0.0, Avg:  0.0, Max:  0.0, Diff:  0.0, Sum:  0.0, Workers: 4
[22.105s][debug][gc,phases      ] GC(44)     Dead                           Min: 0, Avg:  0.0, Max: 0, Diff: 0, Sum: 0, Workers: 4
[22.105s][debug][gc,phases      ] GC(44)     Total                          Min: 0, Avg: 129.2, Max: 325, Diff: 325, Sum: 517, Workers: 4
[22.105s][debug][gc,phases      ] GC(44)   ObjectSynchronizer Weak        Min:  0.0, Avg:  0.0, Max:  0.0, Diff:  0.0, Sum:  0.0, Workers: 4
[22.105s][debug][gc,phases      ] GC(44)     Dead                           Min: 0, Avg:  0.0, Max: 0, Diff: 0, Sum: 0, Workers: 4
[22.105s][debug][gc,phases      ] GC(44)     Total                          Min: 0, Avg: 98.5, Max: 202, Diff: 202, Sum: 394, Workers: 4
[22.105s][debug][gc,phases      ] GC(44)   JVMTI Tag Weak OopStorage      Min:  0.0, Avg:  0.0, Max:  0.0, Diff:  0.0, Sum:  0.0, Workers: 4
[22.105s][debug][gc,phases      ] GC(44)     Dead                           Min: 0, Avg:  0.0, Max: 0, Diff: 0, Sum: 0, Workers: 4
[22.105s][debug][gc,phases      ] GC(44)     Total                          Min: 0, Avg:  0.0, Max: 0, Diff: 0, Sum: 0, Workers: 4
[22.105s][debug][gc,phases      ] GC(44)   StringTable Weak               Min:  0.1, Avg:  0.1, Max:  0.1, Diff:  0.0, Sum:  0.3, Workers: 4
[22.105s][debug][gc,phases      ] GC(44)     Dead                           Min: 0, Avg:  2.8, Max: 8, Diff: 8, Sum: 11, Workers: 4
[22.105s][debug][gc,phases      ] GC(44)     Total                          Min: 10176, Avg: 10575.8, Max: 11328, Diff: 1152, Sum: 42303, Workers: 4
[22.105s][debug][gc,phases      ] GC(44)   ResolvedMethodTable Weak       Min:  0.0, Avg:  0.0, Max:  0.0, Diff:  0.0, Sum:  0.1, Workers: 4
[22.105s][debug][gc,phases      ] GC(44)     Dead                           Min: 0, Avg:  0.0, Max: 0, Diff: 0, Sum: 0, Workers: 4
[22.105s][debug][gc,phases      ] GC(44)     Total                          Min: 1597, Avg: 1747.2, Max: 1984, Diff: 387, Sum: 6989, Workers: 4
[22.105s][debug][gc,phases      ] GC(44)   JNI Weak                       Min:  0.0, Avg:  0.0, Max:  0.0, Diff:  0.0, Sum:  0.0, Workers: 4
[22.105s][debug][gc,phases      ] GC(44)     Dead                           Min: 0, Avg:  0.0, Max: 0, Diff: 0, Sum: 0, Workers: 4
[22.105s][debug][gc,phases      ] GC(44)     Total                          Min: 0, Avg:  1.5, Max: 6, Diff: 6, Sum: 6, Workers: 4
[22.105s][debug][gc,phases      ] GC(44)   StringDedup Table Weak         Min:  0.0, Avg:  0.0, Max:  0.0, Diff:  0.0, Sum:  0.0, Workers: 4
[22.105s][debug][gc,phases      ] GC(44)     Dead                           Min: 0, Avg:  0.0, Max: 0, Diff: 0, Sum: 0, Workers: 4
[22.105s][debug][gc,phases      ] GC(44)     Total                          Min: 0, Avg:  0.0, Max: 0, Diff: 0, Sum: 0, Workers: 4
[22.105s][debug][gc,phases      ] GC(44)   StringDedup Requests0 Weak     Min:  0.0, Avg:  0.0, Max:  0.0, Diff:  0.0, Sum:  0.0, Workers: 4
[22.105s][debug][gc,phases      ] GC(44)     Dead                           Min: 0, Avg:  0.0, Max: 0, Diff: 0, Sum: 0, Workers: 4
[22.105s][debug][gc,phases      ] GC(44)     Total                          Min: 0, Avg:  0.0, Max: 0, Diff: 0, Sum: 0, Workers: 4
[22.105s][debug][gc,phases      ] GC(44)   StringDedup Requests1 Weak     Min:  0.0, Avg:  0.0, Max:  0.0, Diff:  0.0, Sum:  0.0, Workers: 4
[22.105s][debug][gc,phases      ] GC(44)     Dead                           Min: 0, Avg:  0.0, Max: 0, Diff: 0, Sum: 0, Workers: 4
[22.105s][debug][gc,phases      ] GC(44)     Total                          Min: 0, Avg:  0.0, Max: 0, Diff: 0, Sum: 0, Workers: 4
[22.105s][debug][gc,phases      ] GC(44)   Weak JFR Old Object Samples    Min:  0.0, Avg:  0.0, Max:  0.0, Diff:  0.0, Sum:  0.0, Workers: 4
[22.105s][debug][gc,phases      ] GC(44)     Dead                           Min: 0, Avg:  0.0, Max: 0, Diff: 0, Sum: 0, Workers: 4
[22.105s][debug][gc,phases      ] GC(44)     Total                          Min: 0, Avg:  0.0, Max: 0, Diff: 0, Sum: 0, Workers: 4
[22.105s][debug][gc,phases      ] GC(44) Weak Processing 0.306ms
[22.105s][debug][gc,age         ] GC(44) Desired survivor size 416808960 bytes, new threshold 15 (max threshold 15)
[22.105s][info ][gc,heap        ] GC(44) PSYoungGen: 1314816K(1705984K)->1600K(1674240K) Eden: 1314816K(1314816K)->0K(1283072K) From: 0K(391168K)->1600K(391168K)
[22.105s][info ][gc,heap        ] GC(44) ParOldGen: 544949K(721920K)->544957K(721920K)
[22.105s][info ][gc,metaspace   ] GC(44) Metaspace: 67400K(68096K)->67400K(68096K) NonClass: 57587K(57984K)->57587K(57984K) Class: 9813K(10112K)->9813K(10112K)
[22.106s][info ][gc             ] GC(44) Pause Young (Allocation Failure) 1816M->533M(2340M) 2.418ms
[22.106s][info ][gc,cpu         ] GC(44) User=0.00s Sys=0.00s Real=0.00s
[22.106s][info ][safepoint      ] Safepoint "ParallelGCFailedAllocation", Time since last: 3828127 ns, Reaching safepoint: 100405 ns, At safepoint: 2520249 ns, Total: 2620654 ns
[22.119s][info ][safepoint      ] Safepoint "ICBufferFull", Time since last: 13430795 ns, Reaching safepoint: 127707 ns, At safepoint: 24002 ns, Total: 151709 ns
[22.145s][info ][safepoint      ] Safepoint "ICBufferFull", Time since last: 25990136 ns, Reaching safepoint: 127208 ns, At safepoint: 26101 ns, Total: 153309 ns
[22.167s][info ][safepoint      ] Safepoint "ICBufferFull", Time since last: 21034744 ns, Reaching safepoint: 266616 ns, At safepoint: 22701 ns, Total: 289317 ns
[22.168s][info ][safepoint      ] Safepoint "ICBufferFull", Time since last: 1398683 ns, Reaching safepoint: 105806 ns, At safepoint: 22101 ns, Total: 127907 ns
[22.170s][info ][safepoint      ] Safepoint "ICBufferFull", Time since last: 1723802 ns, Reaching safepoint: 107707 ns, At safepoint: 22301 ns, Total: 130008 ns
[22.173s][info ][safepoint      ] Safepoint "ICBufferFull", Time since last: 2688459 ns, Reaching safepoint: 100306 ns, At safepoint: 20201 ns, Total: 120507 ns
[22.201s][info ][safepoint      ] Safepoint "ICBufferFull", Time since last: 28481984 ns, Reaching safepoint: 119307 ns, At safepoint: 28602 ns, Total: 147909 ns
[22.205s][info ][safepoint      ] Safepoint "ICBufferFull", Time since last: 2970776 ns, Reaching safepoint: 92105 ns, At safepoint: 27402 ns, Total: 119507 ns
[22.206s][info ][safepoint      ] Safepoint "ICBufferFull", Time since last: 1298376 ns, Reaching safepoint: 304318 ns, At safepoint: 24302 ns, Total: 328620 ns
[22.214s][info ][safepoint      ] Safepoint "ICBufferFull", Time since last: 7211026 ns, Reaching safepoint: 103306 ns, At safepoint: 26602 ns, Total: 129908 ns
[22.230s][info ][safepoint      ] Safepoint "ICBufferFull", Time since last: 16200858 ns, Reaching safepoint: 120207 ns, At safepoint: 21501 ns, Total: 141708 ns
[22.231s][info ][safepoint      ] Safepoint "ICBufferFull", Time since last: 1242274 ns, Reaching safepoint: 107206 ns, At safepoint: 22001 ns, Total: 129207 ns
[22.232s][info ][safepoint      ] Safepoint "ICBufferFull", Time since last: 941556 ns, Reaching safepoint: 90705 ns, At safepoint: 19302 ns, Total: 110007 ns
[22.253s][info ][safepoint      ] Safepoint "ICBufferFull", Time since last: 20359603 ns, Reaching safepoint: 123008 ns, At safepoint: 24901 ns, Total: 147909 ns
[22.257s][info ][safepoint      ] Safepoint "ICBufferFull", Time since last: 3639915 ns, Reaching safepoint: 94506 ns, At safepoint: 28802 ns, Total: 123308 ns
[22.281s][info ][safepoint      ] Safepoint "ICBufferFull", Time since last: 24670358 ns, Reaching safepoint: 140209 ns, At safepoint: 22801 ns, Total: 163010 ns
[22.308s][info ][safepoint      ] Safepoint "ICBufferFull", Time since last: 26532269 ns, Reaching safepoint: 126707 ns, At safepoint: 21402 ns, Total: 148109 ns
[22.311s][info ][safepoint      ] Safepoint "ICBufferFull", Time since last: 2816966 ns, Reaching safepoint: 102706 ns, At safepoint: 24302 ns, Total: 127008 ns
[22.326s][info ][gc,start       ] GC(45) Pause Young (Allocation Failure)
[22.328s][debug][gc,phases      ] GC(45) Scavenge 1.816ms
[22.328s][debug][gc,ref         ] GC(45) Skipped phase 1 of Reference Processing: no references
[22.328s][debug][gc,ref         ] GC(45) ReferenceProcessor::execute queues: 1, RefProcThreadModel::Single, marks_oops_alive: false
[22.328s][debug][gc,ref         ] GC(45) Skipped phase 3 of Reference Processing: no references
[22.328s][debug][gc,ref         ] GC(45) ReferenceProcessor::execute queues: 1, RefProcThreadModel::Single, marks_oops_alive: false
[22.328s][debug][gc,phases      ] GC(45) Reference Processing 0.111ms
[22.328s][debug][gc,phases      ] GC(45)   VM Weak                        Min:  0.0, Avg:  0.0, Max:  0.0, Diff:  0.0, Sum:  0.0, Workers: 4
[22.328s][debug][gc,phases      ] GC(45)     Dead                           Min: 0, Avg:  0.0, Max: 0, Diff: 0, Sum: 0, Workers: 4
[22.328s][debug][gc,phases      ] GC(45)     Total                          Min: 0, Avg: 129.2, Max: 261, Diff: 261, Sum: 517, Workers: 4
[22.328s][debug][gc,phases      ] GC(45)   ObjectSynchronizer Weak        Min:  0.0, Avg:  0.0, Max:  0.0, Diff:  0.0, Sum:  0.0, Workers: 4
[22.328s][debug][gc,phases      ] GC(45)     Dead                           Min: 0, Avg:  0.0, Max: 0, Diff: 0, Sum: 0, Workers: 4
[22.328s][debug][gc,phases      ] GC(45)     Total                          Min: 0, Avg: 98.5, Max: 192, Diff: 192, Sum: 394, Workers: 4
[22.328s][debug][gc,phases      ] GC(45)   JVMTI Tag Weak OopStorage      Min:  0.0, Avg:  0.0, Max:  0.0, Diff:  0.0, Sum:  0.0, Workers: 4
[22.328s][debug][gc,phases      ] GC(45)     Dead                           Min: 0, Avg:  0.0, Max: 0, Diff: 0, Sum: 0, Workers: 4
[22.328s][debug][gc,phases      ] GC(45)     Total                          Min: 0, Avg:  0.0, Max: 0, Diff: 0, Sum: 0, Workers: 4
[22.328s][debug][gc,phases      ] GC(45)   StringTable Weak               Min:  0.1, Avg:  0.1, Max:  0.1, Diff:  0.0, Sum:  0.4, Workers: 4
[22.328s][debug][gc,phases      ] GC(45)     Dead                           Min: 0, Avg:  0.0, Max: 0, Diff: 0, Sum: 0, Workers: 4
[22.328s][debug][gc,phases      ] GC(45)     Total                          Min: 9600, Avg: 10575.8, Max: 11071, Diff: 1471, Sum: 42303, Workers: 4
[22.328s][debug][gc,phases      ] GC(45)   ResolvedMethodTable Weak       Min:  0.0, Avg:  0.0, Max:  0.0, Diff:  0.0, Sum:  0.1, Workers: 4
[22.328s][debug][gc,phases      ] GC(45)     Dead                           Min: 0, Avg:  0.0, Max: 0, Diff: 0, Sum: 0, Workers: 4
[22.328s][debug][gc,phases      ] GC(45)     Total                          Min: 1472, Avg: 1747.2, Max: 2128, Diff: 656, Sum: 6989, Workers: 4
[22.328s][debug][gc,phases      ] GC(45)   JNI Weak                       Min:  0.0, Avg:  0.0, Max:  0.0, Diff:  0.0, Sum:  0.0, Workers: 4
[22.328s][debug][gc,phases      ] GC(45)     Dead                           Min: 0, Avg:  0.0, Max: 0, Diff: 0, Sum: 0, Workers: 4
[22.328s][debug][gc,phases      ] GC(45)     Total                          Min: 0, Avg:  2.0, Max: 8, Diff: 8, Sum: 8, Workers: 4
[22.328s][debug][gc,phases      ] GC(45)   StringDedup Table Weak         Min:  0.0, Avg:  0.0, Max:  0.0, Diff:  0.0, Sum:  0.0, Workers: 4
[22.328s][debug][gc,phases      ] GC(45)     Dead                           Min: 0, Avg:  0.0, Max: 0, Diff: 0, Sum: 0, Workers: 4
[22.328s][debug][gc,phases      ] GC(45)     Total                          Min: 0, Avg:  0.0, Max: 0, Diff: 0, Sum: 0, Workers: 4
[22.328s][debug][gc,phases      ] GC(45)   StringDedup Requests0 Weak     Min:  0.0, Avg:  0.0, Max:  0.0, Diff:  0.0, Sum:  0.0, Workers: 4
[22.328s][debug][gc,phases      ] GC(45)     Dead                           Min: 0, Avg:  0.0, Max: 0, Diff: 0, Sum: 0, Workers: 4
[22.328s][debug][gc,phases      ] GC(45)     Total                          Min: 0, Avg:  0.0, Max: 0, Diff: 0, Sum: 0, Workers: 4
[22.328s][debug][gc,phases      ] GC(45)   StringDedup Requests1 Weak     Min:  0.0, Avg:  0.0, Max:  0.0, Diff:  0.0, Sum:  0.0, Workers: 4
[22.328s][debug][gc,phases      ] GC(45)     Dead                           Min: 0, Avg:  0.0, Max: 0, Diff: 0, Sum: 0, Workers: 4
[22.328s][debug][gc,phases      ] GC(45)     Total                          Min: 0, Avg:  0.0, Max: 0, Diff: 0, Sum: 0, Workers: 4
[22.328s][debug][gc,phases      ] GC(45)   Weak JFR Old Object Samples    Min:  0.0, Avg:  0.0, Max:  0.0, Diff:  0.0, Sum:  0.0, Workers: 4
[22.328s][debug][gc,phases      ] GC(45)     Dead                           Min: 0, Avg:  0.0, Max: 0, Diff: 0, Sum: 0, Workers: 4
[22.328s][debug][gc,phases      ] GC(45)     Total                          Min: 0, Avg:  0.0, Max: 0, Diff: 0, Sum: 0, Workers: 4
[22.328s][debug][gc,phases      ] GC(45) Weak Processing 0.312ms
[22.328s][debug][gc,age         ] GC(45) Desired survivor size 425721856 bytes, new threshold 15 (max threshold 15)
[22.328s][info ][gc,heap        ] GC(45) PSYoungGen: 1284672K(1674240K)->1984K(1285120K) Eden: 1283072K(1283072K)->0K(1283072K) From: 1600K(391168K)->1984K(2048K)
[22.328s][info ][gc,heap        ] GC(45) ParOldGen: 544957K(721920K)->544957K(721920K)
[22.328s][info ][gc,metaspace   ] GC(45) Metaspace: 67403K(68096K)->67403K(68096K) NonClass: 57590K(57984K)->57590K(57984K) Class: 9813K(10112K)->9813K(10112K)
[22.328s][info ][gc             ] GC(45) Pause Young (Allocation Failure) 1786M->534M(1960M) 2.361ms
[22.328s][info ][gc,cpu         ] GC(45) User=0.01s Sys=0.00s Real=0.00s
[22.328s][info ][safepoint      ] Safepoint "ParallelGCFailedAllocation", Time since last: 14789074 ns, Reaching safepoint: 131008 ns, At safepoint: 2467446 ns, Total: 2598454 ns
[22.351s][info ][safepoint      ] Safepoint "ICBufferFull", Time since last: 22621137 ns, Reaching safepoint: 130708 ns, At safepoint: 23701 ns, Total: 154409 ns
[22.409s][info ][safepoint      ] Safepoint "ICBufferFull", Time since last: 57899724 ns, Reaching safepoint: 166010 ns, At safepoint: 28201 ns, Total: 194211 ns
[22.419s][info ][safepoint      ] Safepoint "ICBufferFull", Time since last: 9397956 ns, Reaching safepoint: 122607 ns, At safepoint: 26502 ns, Total: 149109 ns
[22.426s][info ][safepoint      ] Safepoint "ICBufferFull", Time since last: 7119521 ns, Reaching safepoint: 134308 ns, At safepoint: 22001 ns, Total: 156309 ns
[22.441s][info ][safepoint      ] Safepoint "ICBufferFull", Time since last: 15084592 ns, Reaching safepoint: 131408 ns, At safepoint: 24501 ns, Total: 155909 ns
[22.466s][info ][safepoint      ] Safepoint "ICBufferFull", Time since last: 24944775 ns, Reaching safepoint: 145109 ns, At safepoint: 27701 ns, Total: 172810 ns
[22.470s][info ][safepoint      ] Safepoint "ICBufferFull", Time since last: 3028479 ns, Reaching safepoint: 109507 ns, At safepoint: 24701 ns, Total: 134208 ns
[22.488s][info ][safepoint      ] Safepoint "ICBufferFull", Time since last: 15134195 ns, Reaching safepoint: 3194189 ns, At safepoint: 31802 ns, Total: 3225991 ns
[22.520s][info ][safepoint      ] Safepoint "ICBufferFull", Time since last: 28427681 ns, Reaching safepoint: 3224290 ns, At safepoint: 35903 ns, Total: 3260193 ns
[22.523s][info ][safepoint      ] Safepoint "ICBufferFull", Time since last: 2861069 ns, Reaching safepoint: 108906 ns, At safepoint: 20501 ns, Total: 129407 ns
[22.574s][info ][safepoint      ] Safepoint "ICBufferFull", Time since last: 50717999 ns, Reaching safepoint: 146809 ns, At safepoint: 24401 ns, Total: 171210 ns
[22.591s][info ][safepoint      ] Safepoint "ICBufferFull", Time since last: 15961544 ns, Reaching safepoint: 1033061 ns, At safepoint: 30602 ns, Total: 1063663 ns
[22.602s][info ][safepoint      ] Safepoint "ICBufferFull", Time since last: 11490879 ns, Reaching safepoint: 110507 ns, At safepoint: 27102 ns, Total: 137609 ns
[22.609s][info ][safepoint      ] Safepoint "ICBufferFull", Time since last: 7143322 ns, Reaching safepoint: 120107 ns, At safepoint: 25502 ns, Total: 145609 ns
[22.614s][info ][gc,start       ] GC(46) Pause Young (Allocation Failure)
[22.617s][debug][gc,phases      ] GC(46) Scavenge 3.146ms
[22.617s][debug][gc,ref         ] GC(46) Skipped phase 1 of Reference Processing: no references
[22.618s][debug][gc,ref         ] GC(46) ReferenceProcessor::execute queues: 1, RefProcThreadModel::Single, marks_oops_alive: false
[22.618s][debug][gc,ref         ] GC(46) Skipped phase 3 of Reference Processing: no references
[22.618s][debug][gc,ref         ] GC(46) ReferenceProcessor::execute queues: 1, RefProcThreadModel::Single, marks_oops_alive: false
[22.618s][debug][gc,phases      ] GC(46) Reference Processing 0.106ms
[22.618s][debug][gc,phases      ] GC(46)   VM Weak                        Min:  0.0, Avg:  0.0, Max:  0.0, Diff:  0.0, Sum:  0.0, Workers: 4
[22.618s][debug][gc,phases      ] GC(46)     Dead                           Min: 0, Avg:  0.0, Max: 0, Diff: 0, Sum: 0, Workers: 4
[22.618s][debug][gc,phases      ] GC(46)     Total                          Min: 0, Avg: 129.2, Max: 517, Diff: 517, Sum: 517, Workers: 4
[22.618s][debug][gc,phases      ] GC(46)   ObjectSynchronizer Weak        Min:  0.0, Avg:  0.0, Max:  0.0, Diff:  0.0, Sum:  0.0, Workers: 4
[22.618s][debug][gc,phases      ] GC(46)     Dead                           Min: 0, Avg:  0.0, Max: 0, Diff: 0, Sum: 0, Workers: 4
[22.618s][debug][gc,phases      ] GC(46)     Total                          Min: 0, Avg: 98.5, Max: 394, Diff: 394, Sum: 394, Workers: 4
[22.618s][debug][gc,phases      ] GC(46)   JVMTI Tag Weak OopStorage      Min:  0.0, Avg:  0.0, Max:  0.0, Diff:  0.0, Sum:  0.0, Workers: 4
[22.618s][debug][gc,phases      ] GC(46)     Dead                           Min: 0, Avg:  0.0, Max: 0, Diff: 0, Sum: 0, Workers: 4
[22.618s][debug][gc,phases      ] GC(46)     Total                          Min: 0, Avg:  0.0, Max: 0, Diff: 0, Sum: 0, Workers: 4
[22.618s][debug][gc,phases      ] GC(46)   StringTable Weak               Min:  0.1, Avg:  0.1, Max:  0.1, Diff:  0.0, Sum:  0.3, Workers: 4
[22.618s][debug][gc,phases      ] GC(46)     Dead                           Min: 0, Avg:  2.8, Max: 8, Diff: 8, Sum: 11, Workers: 4
[22.618s][debug][gc,phases      ] GC(46)     Total                          Min: 9536, Avg: 10576.2, Max: 12480, Diff: 2944, Sum: 42305, Workers: 4
[22.618s][debug][gc,phases      ] GC(46)   ResolvedMethodTable Weak       Min:  0.0, Avg:  0.0, Max:  0.0, Diff:  0.0, Sum:  0.1, Workers: 4
[22.618s][debug][gc,phases      ] GC(46)     Dead                           Min: 0, Avg:  0.0, Max: 0, Diff: 0, Sum: 0, Workers: 4
[22.618s][debug][gc,phases      ] GC(46)     Total                          Min: 1534, Avg: 1747.2, Max: 2128, Diff: 594, Sum: 6989, Workers: 4
[22.618s][debug][gc,phases      ] GC(46)   JNI Weak                       Min:  0.0, Avg:  0.0, Max:  0.0, Diff:  0.0, Sum:  0.0, Workers: 4
[22.618s][debug][gc,phases      ] GC(46)     Dead                           Min: 0, Avg:  0.0, Max: 0, Diff: 0, Sum: 0, Workers: 4
[22.618s][debug][gc,phases      ] GC(46)     Total                          Min: 0, Avg:  1.8, Max: 7, Diff: 7, Sum: 7, Workers: 4
[22.618s][debug][gc,phases      ] GC(46)   StringDedup Table Weak         Min:  0.0, Avg:  0.0, Max:  0.0, Diff:  0.0, Sum:  0.0, Workers: 4
[22.618s][debug][gc,phases      ] GC(46)     Dead                           Min: 0, Avg:  0.0, Max: 0, Diff: 0, Sum: 0, Workers: 4
[22.618s][debug][gc,phases      ] GC(46)     Total                          Min: 0, Avg:  0.0, Max: 0, Diff: 0, Sum: 0, Workers: 4
[22.618s][debug][gc,phases      ] GC(46)   StringDedup Requests0 Weak     Min:  0.0, Avg:  0.0, Max:  0.0, Diff:  0.0, Sum:  0.0, Workers: 4
[22.618s][debug][gc,phases      ] GC(46)     Dead                           Min: 0, Avg:  0.0, Max: 0, Diff: 0, Sum: 0, Workers: 4
[22.618s][debug][gc,phases      ] GC(46)     Total                          Min: 0, Avg:  0.0, Max: 0, Diff: 0, Sum: 0, Workers: 4
[22.618s][debug][gc,phases      ] GC(46)   StringDedup Requests1 Weak     Min:  0.0, Avg:  0.0, Max:  0.0, Diff:  0.0, Sum:  0.0, Workers: 4
[22.618s][debug][gc,phases      ] GC(46)     Dead                           Min: 0, Avg:  0.0, Max: 0, Diff: 0, Sum: 0, Workers: 4
[22.618s][debug][gc,phases      ] GC(46)     Total                          Min: 0, Avg:  0.0, Max: 0, Diff: 0, Sum: 0, Workers: 4
[22.618s][debug][gc,phases      ] GC(46)   Weak JFR Old Object Samples    Min:  0.0, Avg:  0.0, Max:  0.0, Diff:  0.0, Sum:  0.0, Workers: 4
[22.618s][debug][gc,phases      ] GC(46)     Dead                           Min: 0, Avg:  0.0, Max: 0, Diff: 0, Sum: 0, Workers: 4
[22.618s][debug][gc,phases      ] GC(46)     Total                          Min: 0, Avg:  0.0, Max: 0, Diff: 0, Sum: 0, Workers: 4
[22.618s][debug][gc,phases      ] GC(46) Weak Processing 0.279ms
[22.618s][debug][gc,age         ] GC(46) Desired survivor size 427819008 bytes, new threshold 15 (max threshold 15)
[22.618s][info ][gc,heap        ] GC(46) PSYoungGen: 1285056K(1285120K)->4576K(1677312K) Eden: 1283072K(1283072K)->0K(1261568K) From: 1984K(2048K)->4576K(415744K)
[22.618s][info ][gc,heap        ] GC(46) ParOldGen: 544957K(721920K)->544965K(721920K)
[22.618s][info ][gc,metaspace   ] GC(46) Metaspace: 67459K(68160K)->67459K(68160K) NonClass: 57646K(58048K)->57646K(58048K) Class: 9813K(10112K)->9813K(10112K)
[22.618s][info ][gc             ] GC(46) Pause Young (Allocation Failure) 1787M->536M(2343M) 3.648ms
[22.618s][info ][gc,cpu         ] GC(46) User=0.01s Sys=0.01s Real=0.01s
[22.618s][info ][safepoint      ] Safepoint "ParallelGCFailedAllocation", Time since last: 4590971 ns, Reaching safepoint: 108406 ns, At safepoint: 3749422 ns, Total: 3857828 ns
[22.641s][info ][safepoint      ] Safepoint "ICBufferFull", Time since last: 23179171 ns, Reaching safepoint: 120307 ns, At safepoint: 22701 ns, Total: 143008 ns
[22.657s][info ][safepoint      ] Safepoint "ICBufferFull", Time since last: 14894781 ns, Reaching safepoint: 976258 ns, At safepoint: 28501 ns, Total: 1004759 ns
[22.673s][info ][safepoint      ] Safepoint "ICBufferFull", Time since last: 15282204 ns, Reaching safepoint: 89105 ns, At safepoint: 33902 ns, Total: 123007 ns
[22.718s][info ][safepoint      ] Safepoint "ICBufferFull", Time since last: 45180471 ns, Reaching safepoint: 148909 ns, At safepoint: 27002 ns, Total: 175911 ns
[22.736s][info ][safepoint      ] Safepoint "ICBufferFull", Time since last: 15447413 ns, Reaching safepoint: 2119226 ns, At safepoint: 34402 ns, Total: 2153628 ns
[22.748s][info ][safepoint      ] Safepoint "ICBufferFull", Time since last: 12143718 ns, Reaching safepoint: 86005 ns, At safepoint: 22001 ns, Total: 108006 ns
[22.755s][info ][safepoint      ] Safepoint "ICBufferFull", Time since last: 6866506 ns, Reaching safepoint: 123307 ns, At safepoint: 23002 ns, Total: 146309 ns
[22.769s][info ][safepoint      ] Safepoint "ICBufferFull", Time since last: 14367349 ns, Reaching safepoint: 134808 ns, At safepoint: 22001 ns, Total: 156809 ns
[22.795s][info ][safepoint      ] Safepoint "ICBufferFull", Time since last: 25689019 ns, Reaching safepoint: 108507 ns, At safepoint: 26201 ns, Total: 134708 ns
[22.802s][info ][safepoint      ] Safepoint "ICBufferFull", Time since last: 7196026 ns, Reaching safepoint: 109606 ns, At safepoint: 26602 ns, Total: 136208 ns
[22.867s][info ][gc,start       ] GC(47) Pause Young (Allocation Failure)
[22.870s][debug][gc,phases      ] GC(47) Scavenge 3.351ms
[22.870s][debug][gc,ref         ] GC(47) Skipped phase 1 of Reference Processing: no references
[22.871s][debug][gc,ref         ] GC(47) ReferenceProcessor::execute queues: 1, RefProcThreadModel::Single, marks_oops_alive: false
[22.871s][debug][gc,ref         ] GC(47) Skipped phase 3 of Reference Processing: no references
[22.871s][debug][gc,ref         ] GC(47) ReferenceProcessor::execute queues: 1, RefProcThreadModel::Single, marks_oops_alive: false
[22.871s][debug][gc,phases      ] GC(47) Reference Processing 0.121ms
[22.871s][debug][gc,phases      ] GC(47)   VM Weak                        Min:  0.0, Avg:  0.0, Max:  0.0, Diff:  0.0, Sum:  0.0, Workers: 4
[22.871s][debug][gc,phases      ] GC(47)     Dead                           Min: 0, Avg:  0.0, Max: 0, Diff: 0, Sum: 0, Workers: 4
[22.871s][debug][gc,phases      ] GC(47)     Total                          Min: 0, Avg: 129.2, Max: 448, Diff: 448, Sum: 517, Workers: 4
[22.871s][debug][gc,phases      ] GC(47)   ObjectSynchronizer Weak        Min:  0.0, Avg:  0.0, Max:  0.0, Diff:  0.0, Sum:  0.0, Workers: 4
[22.871s][debug][gc,phases      ] GC(47)     Dead                           Min: 0, Avg:  0.0, Max: 0, Diff: 0, Sum: 0, Workers: 4
[22.871s][debug][gc,phases      ] GC(47)     Total                          Min: 0, Avg: 98.5, Max: 202, Diff: 202, Sum: 394, Workers: 4
[22.871s][debug][gc,phases      ] GC(47)   JVMTI Tag Weak OopStorage      Min:  0.0, Avg:  0.0, Max:  0.0, Diff:  0.0, Sum:  0.0, Workers: 4
[22.871s][debug][gc,phases      ] GC(47)     Dead                           Min: 0, Avg:  0.0, Max: 0, Diff: 0, Sum: 0, Workers: 4
[22.871s][debug][gc,phases      ] GC(47)     Total                          Min: 0, Avg:  0.0, Max: 0, Diff: 0, Sum: 0, Workers: 4
[22.871s][debug][gc,phases      ] GC(47)   StringTable Weak               Min:  0.1, Avg:  0.1, Max:  0.1, Diff:  0.0, Sum:  0.4, Workers: 4
[22.871s][debug][gc,phases      ] GC(47)     Dead                           Min: 0, Avg:  2.8, Max: 11, Diff: 11, Sum: 11, Workers: 4
[22.871s][debug][gc,phases      ] GC(47)     Total                          Min: 10048, Avg: 10577.5, Max: 11128, Diff: 1080, Sum: 42310, Workers: 4
[22.871s][debug][gc,phases      ] GC(47)   ResolvedMethodTable Weak       Min:  0.0, Avg:  0.0, Max:  0.0, Diff:  0.0, Sum:  0.1, Workers: 4
[22.871s][debug][gc,phases      ] GC(47)     Dead                           Min: 0, Avg:  0.0, Max: 0, Diff: 0, Sum: 0, Workers: 4
[22.871s][debug][gc,phases      ] GC(47)     Total                          Min: 1552, Avg: 1747.2, Max: 1982, Diff: 430, Sum: 6989, Workers: 4
[22.871s][debug][gc,phases      ] GC(47)   JNI Weak                       Min:  0.0, Avg:  0.0, Max:  0.0, Diff:  0.0, Sum:  0.0, Workers: 4
[22.871s][debug][gc,phases      ] GC(47)     Dead                           Min: 0, Avg:  0.0, Max: 0, Diff: 0, Sum: 0, Workers: 4
[22.871s][debug][gc,phases      ] GC(47)     Total                          Min: 0, Avg:  2.0, Max: 8, Diff: 8, Sum: 8, Workers: 4
[22.871s][debug][gc,phases      ] GC(47)   StringDedup Table Weak         Min:  0.0, Avg:  0.0, Max:  0.0, Diff:  0.0, Sum:  0.0, Workers: 4
[22.871s][debug][gc,phases      ] GC(47)     Dead                           Min: 0, Avg:  0.0, Max: 0, Diff: 0, Sum: 0, Workers: 4
[22.871s][debug][gc,phases      ] GC(47)     Total                          Min: 0, Avg:  0.0, Max: 0, Diff: 0, Sum: 0, Workers: 4
[22.871s][debug][gc,phases      ] GC(47)   StringDedup Requests0 Weak     Min:  0.0, Avg:  0.0, Max:  0.0, Diff:  0.0, Sum:  0.0, Workers: 4
[22.871s][debug][gc,phases      ] GC(47)     Dead                           Min: 0, Avg:  0.0, Max: 0, Diff: 0, Sum: 0, Workers: 4
[22.871s][debug][gc,phases      ] GC(47)     Total                          Min: 0, Avg:  0.0, Max: 0, Diff: 0, Sum: 0, Workers: 4
[22.871s][debug][gc,phases      ] GC(47)   StringDedup Requests1 Weak     Min:  0.0, Avg:  0.0, Max:  0.0, Diff:  0.0, Sum:  0.0, Workers: 4
[22.871s][debug][gc,phases      ] GC(47)     Dead                           Min: 0, Avg:  0.0, Max: 0, Diff: 0, Sum: 0, Workers: 4
[22.871s][debug][gc,phases      ] GC(47)     Total                          Min: 0, Avg:  0.0, Max: 0, Diff: 0, Sum: 0, Workers: 4
[22.871s][debug][gc,phases      ] GC(47)   Weak JFR Old Object Samples    Min:  0.0, Avg:  0.0, Max:  0.0, Diff:  0.0, Sum:  0.0, Workers: 4
[22.871s][debug][gc,phases      ] GC(47)     Dead                           Min: 0, Avg:  0.0, Max: 0, Diff: 0, Sum: 0, Workers: 4
[22.871s][debug][gc,phases      ] GC(47)     Total                          Min: 0, Avg:  0.0, Max: 0, Diff: 0, Sum: 0, Workers: 4
[22.871s][debug][gc,phases      ] GC(47) Weak Processing 0.306ms
[22.871s][debug][gc,age         ] GC(47) Desired survivor size 425197568 bytes, new threshold 15 (max threshold 15)
[22.871s][info ][gc,heap        ] GC(47) PSYoungGen: 1266144K(1677312K)->7200K(1679360K) Eden: 1261568K(1261568K)->0K(1261568K) From: 4576K(415744K)->7200K(417792K)
[22.871s][info ][gc,heap        ] GC(47) ParOldGen: 544965K(721920K)->544973K(721920K)
[22.871s][info ][gc,metaspace   ] GC(47) Metaspace: 67487K(68160K)->67487K(68160K) NonClass: 57673K(58048K)->57673K(58048K) Class: 9813K(10112K)->9813K(10112K)
[22.871s][info ][gc             ] GC(47) Pause Young (Allocation Failure) 1768M->539M(2345M) 3.932ms
[22.871s][info ][gc,cpu         ] GC(47) User=0.02s Sys=0.00s Real=0.00s
[22.871s][info ][safepoint      ] Safepoint "ParallelGCFailedAllocation", Time since last: 64424609 ns, Reaching safepoint: 133408 ns, At safepoint: 4039339 ns, Total: 4172747 ns
[22.895s][info ][safepoint      ] Safepoint "ICBufferFull", Time since last: 23976718 ns, Reaching safepoint: 142208 ns, At safepoint: 35502 ns, Total: 177710 ns
[22.922s][info ][safepoint      ] Safepoint "ICBufferFull", Time since last: 27107303 ns, Reaching safepoint: 132208 ns, At safepoint: 29801 ns, Total: 162009 ns
[22.951s][info ][safepoint      ] Safepoint "ICBufferFull", Time since last: 27972354 ns, Reaching safepoint: 145109 ns, At safepoint: 25101 ns, Total: 170210 ns
[22.953s][info ][safepoint      ] Safepoint "ICBufferFull", Time since last: 2752563 ns, Reaching safepoint: 103906 ns, At safepoint: 23102 ns, Total: 127008 ns
[22.978s][info ][safepoint      ] Safepoint "ICBufferFull", Time since last: 24179629 ns, Reaching safepoint: 128708 ns, At safepoint: 21901 ns, Total: 150609 ns
[23.008s][info ][safepoint      ] Safepoint "ICBufferFull", Time since last: 30415299 ns, Reaching safepoint: 138808 ns, At safepoint: 27002 ns, Total: 165810 ns
[23.098s][info ][gc,start       ] GC(48) Pause Young (Allocation Failure)
[23.102s][debug][gc,phases      ] GC(48) Scavenge 3.580ms
[23.102s][debug][gc,ref         ] GC(48) Skipped phase 1 of Reference Processing: no references
[23.102s][debug][gc,ref         ] GC(48) ReferenceProcessor::execute queues: 1, RefProcThreadModel::Single, marks_oops_alive: false
[23.102s][debug][gc,ref         ] GC(48) Skipped phase 3 of Reference Processing: no references
[23.102s][debug][gc,ref         ] GC(48) ReferenceProcessor::execute queues: 1, RefProcThreadModel::Single, marks_oops_alive: false
[23.102s][debug][gc,phases      ] GC(48) Reference Processing 0.117ms
[23.102s][debug][gc,phases      ] GC(48)   VM Weak                        Min:  0.0, Avg:  0.0, Max:  0.0, Diff:  0.0, Sum:  0.0, Workers: 4
[23.102s][debug][gc,phases      ] GC(48)     Dead                           Min: 0, Avg:  0.0, Max: 0, Diff: 0, Sum: 0, Workers: 4
[23.102s][debug][gc,phases      ] GC(48)     Total                          Min: 0, Avg: 129.2, Max: 453, Diff: 453, Sum: 517, Workers: 4
[23.102s][debug][gc,phases      ] GC(48)   ObjectSynchronizer Weak        Min:  0.0, Avg:  0.0, Max:  0.0, Diff:  0.0, Sum:  0.0, Workers: 4
[23.102s][debug][gc,phases      ] GC(48)     Dead                           Min: 0, Avg:  0.0, Max: 0, Diff: 0, Sum: 0, Workers: 4
[23.102s][debug][gc,phases      ] GC(48)     Total                          Min: 0, Avg: 98.5, Max: 192, Diff: 192, Sum: 394, Workers: 4
[23.102s][debug][gc,phases      ] GC(48)   JVMTI Tag Weak OopStorage      Min:  0.0, Avg:  0.0, Max:  0.0, Diff:  0.0, Sum:  0.0, Workers: 4
[23.102s][debug][gc,phases      ] GC(48)     Dead                           Min: 0, Avg:  0.0, Max: 0, Diff: 0, Sum: 0, Workers: 4
[23.102s][debug][gc,phases      ] GC(48)     Total                          Min: 0, Avg:  0.0, Max: 0, Diff: 0, Sum: 0, Workers: 4
[23.102s][debug][gc,phases      ] GC(48)   StringTable Weak               Min:  0.1, Avg:  0.1, Max:  0.1, Diff:  0.0, Sum:  0.4, Workers: 4
[23.102s][debug][gc,phases      ] GC(48)     Dead                           Min: 0, Avg:  0.0, Max: 0, Diff: 0, Sum: 0, Workers: 4
[23.102s][debug][gc,phases      ] GC(48)     Total                          Min: 10293, Avg: 10578.0, Max: 10816, Diff: 523, Sum: 42312, Workers: 4
[23.102s][debug][gc,phases      ] GC(48)   ResolvedMethodTable Weak       Min:  0.0, Avg:  0.0, Max:  0.0, Diff:  0.0, Sum:  0.1, Workers: 4
[23.102s][debug][gc,phases      ] GC(48)     Dead                           Min: 0, Avg:  0.0, Max: 0, Diff: 0, Sum: 0, Workers: 4
[23.102s][debug][gc,phases      ] GC(48)     Total                          Min: 1661, Avg: 1747.2, Max: 1920, Diff: 259, Sum: 6989, Workers: 4
[23.102s][debug][gc,phases      ] GC(48)   JNI Weak                       Min:  0.0, Avg:  0.0, Max:  0.0, Diff:  0.0, Sum:  0.0, Workers: 4
[23.102s][debug][gc,phases      ] GC(48)     Dead                           Min: 0, Avg:  0.0, Max: 0, Diff: 0, Sum: 0, Workers: 4
[23.102s][debug][gc,phases      ] GC(48)     Total                          Min: 0, Avg:  1.0, Max: 4, Diff: 4, Sum: 4, Workers: 4
[23.102s][debug][gc,phases      ] GC(48)   StringDedup Table Weak         Min:  0.0, Avg:  0.0, Max:  0.0, Diff:  0.0, Sum:  0.0, Workers: 4
[23.102s][debug][gc,phases      ] GC(48)     Dead                           Min: 0, Avg:  0.0, Max: 0, Diff: 0, Sum: 0, Workers: 4
[23.102s][debug][gc,phases      ] GC(48)     Total                          Min: 0, Avg:  0.0, Max: 0, Diff: 0, Sum: 0, Workers: 4
[23.102s][debug][gc,phases      ] GC(48)   StringDedup Requests0 Weak     Min:  0.0, Avg:  0.0, Max:  0.0, Diff:  0.0, Sum:  0.0, Workers: 4
[23.102s][debug][gc,phases      ] GC(48)     Dead                           Min: 0, Avg:  0.0, Max: 0, Diff: 0, Sum: 0, Workers: 4
[23.102s][debug][gc,phases      ] GC(48)     Total                          Min: 0, Avg:  0.0, Max: 0, Diff: 0, Sum: 0, Workers: 4
[23.102s][debug][gc,phases      ] GC(48)   StringDedup Requests1 Weak     Min:  0.0, Avg:  0.0, Max:  0.0, Diff:  0.0, Sum:  0.0, Workers: 4
[23.102s][debug][gc,phases      ] GC(48)     Dead                           Min: 0, Avg:  0.0, Max: 0, Diff: 0, Sum: 0, Workers: 4
[23.102s][debug][gc,phases      ] GC(48)     Total                          Min: 0, Avg:  0.0, Max: 0, Diff: 0, Sum: 0, Workers: 4
[23.102s][debug][gc,phases      ] GC(48)   Weak JFR Old Object Samples    Min:  0.0, Avg:  0.0, Max:  0.0, Diff:  0.0, Sum:  0.0, Workers: 4
[23.102s][debug][gc,phases      ] GC(48)     Dead                           Min: 0, Avg:  0.0, Max: 0, Diff: 0, Sum: 0, Workers: 4
[23.102s][debug][gc,phases      ] GC(48)     Total                          Min: 0, Avg:  0.0, Max: 0, Diff: 0, Sum: 0, Workers: 4
[23.102s][debug][gc,phases      ] GC(48) Weak Processing 0.306ms
[23.102s][debug][gc,age         ] GC(48) Desired survivor size 418906112 bytes, new threshold 15 (max threshold 15)
[23.102s][info ][gc,heap        ] GC(48) PSYoungGen: 1268768K(1679360K)->8724K(1688064K) Eden: 1261568K(1261568K)->0K(1272832K) From: 7200K(417792K)->8724K(415232K)
[23.102s][info ][gc,heap        ] GC(48) ParOldGen: 544973K(721920K)->544973K(721920K)
[23.102s][info ][gc,metaspace   ] GC(48) Metaspace: 67494K(68160K)->67494K(68160K) NonClass: 57680K(58048K)->57680K(58048K) Class: 9813K(10112K)->9813K(10112K)
[23.102s][info ][gc             ] GC(48) Pause Young (Allocation Failure) 1771M->540M(2353M) 4.130ms
[23.102s][info ][gc,cpu         ] GC(48) User=0.02s Sys=0.00s Real=0.00s
[23.102s][info ][safepoint      ] Safepoint "ParallelGCFailedAllocation", Time since last: 89588297 ns, Reaching safepoint: 159209 ns, At safepoint: 4252452 ns, Total: 4411661 ns
[23.114s][info ][safepoint      ] Safepoint "ICBufferFull", Time since last: 10969748 ns, Reaching safepoint: 119407 ns, At safepoint: 29102 ns, Total: 148509 ns
[23.158s][info ][safepoint      ] Safepoint "ICBufferFull", Time since last: 43914096 ns, Reaching safepoint: 139309 ns, At safepoint: 25801 ns, Total: 165110 ns
[23.172s][info ][safepoint      ] Safepoint "ICBufferFull", Time since last: 14189239 ns, Reaching safepoint: 137008 ns, At safepoint: 26702 ns, Total: 163710 ns
[23.196s][info ][safepoint      ] Safepoint "ICBufferFull", Time since last: 23443086 ns, Reaching safepoint: 144709 ns, At safepoint: 31401 ns, Total: 176110 ns
[23.220s][info ][safepoint      ] Safepoint "ICBufferFull", Time since last: 24639157 ns, Reaching safepoint: 130608 ns, At safepoint: 27402 ns, Total: 158010 ns
[23.319s][info ][safepoint      ] Safepoint "ICBufferFull", Time since last: 98519325 ns, Reaching safepoint: 171610 ns, At safepoint: 29102 ns, Total: 200712 ns
[23.345s][info ][safepoint      ] Safepoint "ICBufferFull", Time since last: 26167547 ns, Reaching safepoint: 125507 ns, At safepoint: 26602 ns, Total: 152109 ns
[23.363s][info ][gc,start       ] GC(49) Pause Young (Allocation Failure)
[23.367s][debug][gc,phases      ] GC(49) Scavenge 3.761ms
[23.367s][debug][gc,ref         ] GC(49) Skipped phase 1 of Reference Processing: no references
[23.367s][debug][gc,ref         ] GC(49) ReferenceProcessor::execute queues: 1, RefProcThreadModel::Single, marks_oops_alive: false
[23.367s][debug][gc,ref         ] GC(49) Skipped phase 3 of Reference Processing: no references
[23.367s][debug][gc,ref         ] GC(49) ReferenceProcessor::execute queues: 1, RefProcThreadModel::Single, marks_oops_alive: false
[23.367s][debug][gc,phases      ] GC(49) Reference Processing 0.162ms
[23.367s][debug][gc,phases      ] GC(49)   VM Weak                        Min:  0.0, Avg:  0.0, Max:  0.0, Diff:  0.0, Sum:  0.0, Workers: 4
[23.367s][debug][gc,phases      ] GC(49)     Dead                           Min: 0, Avg:  0.0, Max: 0, Diff: 0, Sum: 0, Workers: 4
[23.367s][debug][gc,phases      ] GC(49)     Total                          Min: 0, Avg: 129.2, Max: 517, Diff: 517, Sum: 517, Workers: 4
[23.367s][debug][gc,phases      ] GC(49)   ObjectSynchronizer Weak        Min:  0.0, Avg:  0.0, Max:  0.0, Diff:  0.0, Sum:  0.0, Workers: 4
[23.367s][debug][gc,phases      ] GC(49)     Dead                           Min: 0, Avg:  0.0, Max: 0, Diff: 0, Sum: 0, Workers: 4
[23.367s][debug][gc,phases      ] GC(49)     Total                          Min: 0, Avg: 98.5, Max: 256, Diff: 256, Sum: 394, Workers: 4
[23.367s][debug][gc,phases      ] GC(49)   JVMTI Tag Weak OopStorage      Min:  0.0, Avg:  0.0, Max:  0.0, Diff:  0.0, Sum:  0.0, Workers: 4
[23.367s][debug][gc,phases      ] GC(49)     Dead                           Min: 0, Avg:  0.0, Max: 0, Diff: 0, Sum: 0, Workers: 4
[23.367s][debug][gc,phases      ] GC(49)     Total                          Min: 0, Avg:  0.0, Max: 0, Diff: 0, Sum: 0, Workers: 4
[23.367s][debug][gc,phases      ] GC(49)   StringTable Weak               Min:  0.1, Avg:  0.1, Max:  0.1, Diff:  0.0, Sum:  0.3, Workers: 4
[23.367s][debug][gc,phases      ] GC(49)     Dead                           Min: 0, Avg:  2.8, Max: 6, Diff: 6, Sum: 11, Workers: 4
[23.367s][debug][gc,phases      ] GC(49)     Total                          Min: 8576, Avg: 10579.2, Max: 12365, Diff: 3789, Sum: 42317, Workers: 4
[23.367s][debug][gc,phases      ] GC(49)   ResolvedMethodTable Weak       Min:  0.0, Avg:  0.0, Max:  0.0, Diff:  0.0, Sum:  0.1, Workers: 4
[23.367s][debug][gc,phases      ] GC(49)     Dead                           Min: 0, Avg:  0.0, Max: 0, Diff: 0, Sum: 0, Workers: 4
[23.367s][debug][gc,phases      ] GC(49)     Total                          Min: 1280, Avg: 1747.2, Max: 2173, Diff: 893, Sum: 6989, Workers: 4
[23.367s][debug][gc,phases      ] GC(49)   JNI Weak                       Min:  0.0, Avg:  0.0, Max:  0.0, Diff:  0.0, Sum:  0.0, Workers: 4
[23.367s][debug][gc,phases      ] GC(49)     Dead                           Min: 0, Avg:  0.0, Max: 0, Diff: 0, Sum: 0, Workers: 4
[23.367s][debug][gc,phases      ] GC(49)     Total                          Min: 0, Avg:  1.2, Max: 5, Diff: 5, Sum: 5, Workers: 4
[23.367s][debug][gc,phases      ] GC(49)   StringDedup Table Weak         Min:  0.0, Avg:  0.0, Max:  0.0, Diff:  0.0, Sum:  0.0, Workers: 4
[23.367s][debug][gc,phases      ] GC(49)     Dead                           Min: 0, Avg:  0.0, Max: 0, Diff: 0, Sum: 0, Workers: 4
[23.367s][debug][gc,phases      ] GC(49)     Total                          Min: 0, Avg:  0.0, Max: 0, Diff: 0, Sum: 0, Workers: 4
[23.367s][debug][gc,phases      ] GC(49)   StringDedup Requests0 Weak     Min:  0.0, Avg:  0.0, Max:  0.0, Diff:  0.0, Sum:  0.0, Workers: 4
[23.367s][debug][gc,phases      ] GC(49)     Dead                           Min: 0, Avg:  0.0, Max: 0, Diff: 0, Sum: 0, Workers: 4
[23.367s][debug][gc,phases      ] GC(49)     Total                          Min: 0, Avg:  0.0, Max: 0, Diff: 0, Sum: 0, Workers: 4
[23.367s][debug][gc,phases      ] GC(49)   StringDedup Requests1 Weak     Min:  0.0, Avg:  0.0, Max:  0.0, Diff:  0.0, Sum:  0.0, Workers: 4
[23.367s][debug][gc,phases      ] GC(49)     Dead                           Min: 0, Avg:  0.0, Max: 0, Diff: 0, Sum: 0, Workers: 4
[23.367s][debug][gc,phases      ] GC(49)     Total                          Min: 0, Avg:  0.0, Max: 0, Diff: 0, Sum: 0, Workers: 4
[23.367s][debug][gc,phases      ] GC(49)   Weak JFR Old Object Samples    Min:  0.0, Avg:  0.0, Max:  0.0, Diff:  0.0, Sum:  0.0, Workers: 4
[23.367s][debug][gc,phases      ] GC(49)     Dead                           Min: 0, Avg:  0.0, Max: 0, Diff: 0, Sum: 0, Workers: 4
[23.367s][debug][gc,phases      ] GC(49)     Total                          Min: 0, Avg:  0.0, Max: 0, Diff: 0, Sum: 0, Workers: 4
[23.367s][debug][gc,phases      ] GC(49) Weak Processing 0.314ms
[23.367s][debug][gc,age         ] GC(49) Desired survivor size 408944640 bytes, new threshold 15 (max threshold 15)
[23.367s][info ][gc,heap        ] GC(49) PSYoungGen: 1281556K(1688064K)->10240K(1681920K) Eden: 1272832K(1272832K)->0K(1272832K) From: 8724K(415232K)->10240K(409088K)
[23.367s][info ][gc,heap        ] GC(49) ParOldGen: 544973K(721920K)->544973K(721920K)
[23.367s][info ][gc,metaspace   ] GC(49) Metaspace: 67506K(68160K)->67506K(68160K) NonClass: 57693K(58048K)->57693K(58048K) Class: 9813K(10112K)->9813K(10112K)
[23.367s][info ][gc             ] GC(49) Pause Young (Allocation Failure) 1783M->542M(2347M) 4.357ms
[23.367s][info ][gc,cpu         ] GC(49) User=0.01s Sys=0.00s Real=0.00s
[23.367s][info ][safepoint      ] Safepoint "ParallelGCFailedAllocation", Time since last: 17515736 ns, Reaching safepoint: 105806 ns, At safepoint: 4465864 ns, Total: 4571670 ns
[23.386s][info ][safepoint      ] Safepoint "ICBufferFull", Time since last: 18560797 ns, Reaching safepoint: 128208 ns, At safepoint: 35502 ns, Total: 163710 ns
[23.402s][info ][safepoint      ] Safepoint "ICBufferFull", Time since last: 15510517 ns, Reaching safepoint: 127308 ns, At safepoint: 23901 ns, Total: 151209 ns
[23.409s][info ][safepoint      ] Safepoint "ICBufferFull", Time since last: 7232928 ns, Reaching safepoint: 130308 ns, At safepoint: 31401 ns, Total: 161709 ns
[23.460s][info ][safepoint      ] Safepoint "ICBufferFull", Time since last: 50614993 ns, Reaching safepoint: 121607 ns, At safepoint: 26202 ns, Total: 147809 ns
[23.474s][info ][safepoint      ] Safepoint "ICBufferFull", Time since last: 14297245 ns, Reaching safepoint: 121307 ns, At safepoint: 26602 ns, Total: 147909 ns
[23.491s][info ][safepoint      ] Safepoint "ICBufferFull", Time since last: 16449273 ns, Reaching safepoint: 206612 ns, At safepoint: 23601 ns, Total: 230213 ns
[23.511s][info ][safepoint      ] Safepoint "ICBufferFull", Time since last: 19080028 ns, Reaching safepoint: 1012660 ns, At safepoint: 29502 ns, Total: 1042162 ns
[23.567s][info ][safepoint      ] Safepoint "ICBufferFull", Time since last: 55458079 ns, Reaching safepoint: 179211 ns, At safepoint: 40302 ns, Total: 219513 ns
[23.595s][info ][safepoint      ] Safepoint "ICBufferFull", Time since last: 27650635 ns, Reaching safepoint: 117707 ns, At safepoint: 23201 ns, Total: 140908 ns
[23.611s][info ][gc,start       ] GC(50) Pause Young (Allocation Failure)
[23.616s][debug][gc,phases      ] GC(50) Scavenge 5.279ms
[23.616s][debug][gc,ref         ] GC(50) Skipped phase 1 of Reference Processing: no references
[23.616s][debug][gc,ref         ] GC(50) ReferenceProcessor::execute queues: 1, RefProcThreadModel::Single, marks_oops_alive: false
[23.616s][debug][gc,ref         ] GC(50) Skipped phase 3 of Reference Processing: no references
[23.616s][debug][gc,ref         ] GC(50) ReferenceProcessor::execute queues: 1, RefProcThreadModel::Single, marks_oops_alive: false
[23.616s][debug][gc,phases      ] GC(50) Reference Processing 0.120ms
[23.616s][debug][gc,phases      ] GC(50)   VM Weak                        Min:  0.0, Avg:  0.0, Max:  0.0, Diff:  0.0, Sum:  0.0, Workers: 4
[23.616s][debug][gc,phases      ] GC(50)     Dead                           Min: 0, Avg:  0.0, Max: 0, Diff: 0, Sum: 0, Workers: 4
[23.616s][debug][gc,phases      ] GC(50)     Total                          Min: 0, Avg: 129.2, Max: 389, Diff: 389, Sum: 517, Workers: 4
[23.616s][debug][gc,phases      ] GC(50)   ObjectSynchronizer Weak        Min:  0.0, Avg:  0.0, Max:  0.0, Diff:  0.0, Sum:  0.0, Workers: 4
[23.616s][debug][gc,phases      ] GC(50)     Dead                           Min: 0, Avg:  0.0, Max: 0, Diff: 0, Sum: 0, Workers: 4
[23.616s][debug][gc,phases      ] GC(50)     Total                          Min: 0, Avg: 98.5, Max: 256, Diff: 256, Sum: 394, Workers: 4
[23.616s][debug][gc,phases      ] GC(50)   JVMTI Tag Weak OopStorage      Min:  0.0, Avg:  0.0, Max:  0.0, Diff:  0.0, Sum:  0.0, Workers: 4
[23.616s][debug][gc,phases      ] GC(50)     Dead                           Min: 0, Avg:  0.0, Max: 0, Diff: 0, Sum: 0, Workers: 4
[23.616s][debug][gc,phases      ] GC(50)     Total                          Min: 0, Avg:  0.0, Max: 0, Diff: 0, Sum: 0, Workers: 4
[23.616s][debug][gc,phases      ] GC(50)   StringTable Weak               Min:  0.1, Avg:  0.1, Max:  0.1, Diff:  0.0, Sum:  0.4, Workers: 4
[23.616s][debug][gc,phases      ] GC(50)     Dead                           Min: 0, Avg:  0.0, Max: 0, Diff: 0, Sum: 0, Workers: 4
[23.616s][debug][gc,phases      ] GC(50)     Total                          Min: 9920, Avg: 10581.0, Max: 11348, Diff: 1428, Sum: 42324, Workers: 4
[23.616s][debug][gc,phases      ] GC(50)   ResolvedMethodTable Weak       Min:  0.0, Avg:  0.0, Max:  0.0, Diff:  0.0, Sum:  0.1, Workers: 4
[23.616s][debug][gc,phases      ] GC(50)     Dead                           Min: 0, Avg:  0.0, Max: 0, Diff: 0, Sum: 0, Workers: 4
[23.616s][debug][gc,phases      ] GC(50)     Total                          Min: 1533, Avg: 1747.2, Max: 1873, Diff: 340, Sum: 6989, Workers: 4
[23.616s][debug][gc,phases      ] GC(50)   JNI Weak                       Min:  0.0, Avg:  0.0, Max:  0.0, Diff:  0.0, Sum:  0.0, Workers: 4
[23.616s][debug][gc,phases      ] GC(50)     Dead                           Min: 0, Avg:  0.0, Max: 0, Diff: 0, Sum: 0, Workers: 4
[23.616s][debug][gc,phases      ] GC(50)     Total                          Min: 0, Avg:  0.0, Max: 0, Diff: 0, Sum: 0, Workers: 4
[23.616s][debug][gc,phases      ] GC(50)   StringDedup Table Weak         Min:  0.0, Avg:  0.0, Max:  0.0, Diff:  0.0, Sum:  0.0, Workers: 4
[23.616s][debug][gc,phases      ] GC(50)     Dead                           Min: 0, Avg:  0.0, Max: 0, Diff: 0, Sum: 0, Workers: 4
[23.616s][debug][gc,phases      ] GC(50)     Total                          Min: 0, Avg:  0.0, Max: 0, Diff: 0, Sum: 0, Workers: 4
[23.616s][debug][gc,phases      ] GC(50)   StringDedup Requests0 Weak     Min:  0.0, Avg:  0.0, Max:  0.0, Diff:  0.0, Sum:  0.0, Workers: 4
[23.616s][debug][gc,phases      ] GC(50)     Dead                           Min: 0, Avg:  0.0, Max: 0, Diff: 0, Sum: 0, Workers: 4
[23.616s][debug][gc,phases      ] GC(50)     Total                          Min: 0, Avg:  0.0, Max: 0, Diff: 0, Sum: 0, Workers: 4
[23.616s][debug][gc,phases      ] GC(50)   StringDedup Requests1 Weak     Min:  0.0, Avg:  0.0, Max:  0.0, Diff:  0.0, Sum:  0.0, Workers: 4
[23.616s][debug][gc,phases      ] GC(50)     Dead                           Min: 0, Avg:  0.0, Max: 0, Diff: 0, Sum: 0, Workers: 4
[23.616s][debug][gc,phases      ] GC(50)     Total                          Min: 0, Avg:  0.0, Max: 0, Diff: 0, Sum: 0, Workers: 4
[23.616s][debug][gc,phases      ] GC(50)   Weak JFR Old Object Samples    Min:  0.0, Avg:  0.0, Max:  0.0, Diff:  0.0, Sum:  0.0, Workers: 4
[23.616s][debug][gc,phases      ] GC(50)     Dead                           Min: 0, Avg:  0.0, Max: 0, Diff: 0, Sum: 0, Workers: 4
[23.616s][debug][gc,phases      ] GC(50)     Total                          Min: 0, Avg:  0.0, Max: 0, Diff: 0, Sum: 0, Workers: 4
[23.616s][debug][gc,phases      ] GC(50) Weak Processing 0.283ms
[23.616s][debug][gc,age         ] GC(50) Desired survivor size 396886016 bytes, new threshold 15 (max threshold 15)
[23.616s][info ][gc,heap        ] GC(50) PSYoungGen: 1283072K(1681920K)->13216K(1709568K) Eden: 1272832K(1272832K)->0K(1310208K) From: 10240K(409088K)->13216K(399360K)
[23.616s][info ][gc,heap        ] GC(50) ParOldGen: 544973K(721920K)->544981K(721920K)
[23.616s][info ][gc,metaspace   ] GC(50) Metaspace: 67564K(68224K)->67564K(68224K) NonClass: 57751K(58112K)->57751K(58112K) Class: 9813K(10112K)->9813K(10112K)
[23.616s][info ][gc             ] GC(50) Pause Young (Allocation Failure) 1785M->545M(2374M) 5.814ms
[23.616s][info ][gc,cpu         ] GC(50) User=0.02s Sys=0.00s Real=0.01s
[23.616s][info ][safepoint      ] Safepoint "ParallelGCFailedAllocation", Time since last: 15644225 ns, Reaching safepoint: 125408 ns, At safepoint: 5922550 ns, Total: 6047958 ns
[23.702s][info ][safepoint      ] Safepoint "ICBufferFull", Time since last: 85062129 ns, Reaching safepoint: 130308 ns, At safepoint: 29702 ns, Total: 160010 ns
[23.741s][info ][safepoint      ] Safepoint "ICBufferFull", Time since last: 39578040 ns, Reaching safepoint: 127508 ns, At safepoint: 20301 ns, Total: 147809 ns
[23.748s][info ][safepoint      ] Safepoint "ICBufferFull", Time since last: 6650793 ns, Reaching safepoint: 128408 ns, At safepoint: 24201 ns, Total: 152609 ns
[23.794s][info ][safepoint      ] Safepoint "ICBufferFull", Time since last: 45642699 ns, Reaching safepoint: 148009 ns, At safepoint: 31301 ns, Total: 179310 ns
[23.809s][info ][safepoint      ] Safepoint "ICBufferFull", Time since last: 14524859 ns, Reaching safepoint: 124908 ns, At safepoint: 26701 ns, Total: 151609 ns
[23.828s][info ][safepoint      ] Safepoint "ICBufferFull", Time since last: 19104530 ns, Reaching safepoint: 122707 ns, At safepoint: 31402 ns, Total: 154109 ns
[23.835s][info ][gc,start       ] GC(51) Pause Young (Allocation Failure)
[23.840s][debug][gc,phases      ] GC(51) Scavenge 5.055ms
[23.840s][debug][gc,ref         ] GC(51) Skipped phase 1 of Reference Processing: no references
[23.840s][debug][gc,ref         ] GC(51) ReferenceProcessor::execute queues: 1, RefProcThreadModel::Single, marks_oops_alive: false
[23.840s][debug][gc,ref         ] GC(51) Skipped phase 3 of Reference Processing: no references
[23.840s][debug][gc,ref         ] GC(51) ReferenceProcessor::execute queues: 1, RefProcThreadModel::Single, marks_oops_alive: false
[23.840s][debug][gc,phases      ] GC(51) Reference Processing 0.034ms
[23.841s][debug][gc,phases      ] GC(51)   VM Weak                        Min:  0.0, Avg:  0.0, Max:  0.0, Diff:  0.0, Sum:  0.0, Workers: 4
[23.841s][debug][gc,phases      ] GC(51)     Dead                           Min: 0, Avg:  0.0, Max: 0, Diff: 0, Sum: 0, Workers: 4
[23.841s][debug][gc,phases      ] GC(51)     Total                          Min: 0, Avg: 129.2, Max: 453, Diff: 453, Sum: 517, Workers: 4
[23.841s][debug][gc,phases      ] GC(51)   ObjectSynchronizer Weak        Min:  0.0, Avg:  0.0, Max:  0.0, Diff:  0.0, Sum:  0.0, Workers: 4
[23.841s][debug][gc,phases      ] GC(51)     Dead                           Min: 0, Avg:  0.0, Max: 0, Diff: 0, Sum: 0, Workers: 4
[23.841s][debug][gc,phases      ] GC(51)     Total                          Min: 0, Avg: 98.5, Max: 138, Diff: 138, Sum: 394, Workers: 4
[23.841s][debug][gc,phases      ] GC(51)   JVMTI Tag Weak OopStorage      Min:  0.0, Avg:  0.0, Max:  0.0, Diff:  0.0, Sum:  0.0, Workers: 4
[23.841s][debug][gc,phases      ] GC(51)     Dead                           Min: 0, Avg:  0.0, Max: 0, Diff: 0, Sum: 0, Workers: 4
[23.841s][debug][gc,phases      ] GC(51)     Total                          Min: 0, Avg:  0.0, Max: 0, Diff: 0, Sum: 0, Workers: 4
[23.841s][debug][gc,phases      ] GC(51)   StringTable Weak               Min:  0.1, Avg:  0.1, Max:  0.1, Diff:  0.0, Sum:  0.4, Workers: 4
[23.841s][debug][gc,phases      ] GC(51)     Dead                           Min: 0, Avg:  0.0, Max: 0, Diff: 0, Sum: 0, Workers: 4
[23.841s][debug][gc,phases      ] GC(51)     Total                          Min: 8704, Avg: 10585.0, Max: 12992, Diff: 4288, Sum: 42340, Workers: 4
[23.841s][debug][gc,phases      ] GC(51)   ResolvedMethodTable Weak       Min:  0.0, Avg:  0.0, Max:  0.0, Diff:  0.0, Sum:  0.1, Workers: 4
[23.841s][debug][gc,phases      ] GC(51)     Dead                           Min: 0, Avg:  0.0, Max: 0, Diff: 0, Sum: 0, Workers: 4
[23.841s][debug][gc,phases      ] GC(51)     Total                          Min: 1342, Avg: 1747.2, Max: 2048, Diff: 706, Sum: 6989, Workers: 4
[23.841s][debug][gc,phases      ] GC(51)   JNI Weak                       Min:  0.0, Avg:  0.0, Max:  0.0, Diff:  0.0, Sum:  0.0, Workers: 4
[23.841s][debug][gc,phases      ] GC(51)     Dead                           Min: 0, Avg:  0.0, Max: 0, Diff: 0, Sum: 0, Workers: 4
[23.841s][debug][gc,phases      ] GC(51)     Total                          Min: 0, Avg:  0.2, Max: 1, Diff: 1, Sum: 1, Workers: 4
[23.841s][debug][gc,phases      ] GC(51)   StringDedup Table Weak         Min:  0.0, Avg:  0.0, Max:  0.0, Diff:  0.0, Sum:  0.0, Workers: 4
[23.841s][debug][gc,phases      ] GC(51)     Dead                           Min: 0, Avg:  0.0, Max: 0, Diff: 0, Sum: 0, Workers: 4
[23.841s][debug][gc,phases      ] GC(51)     Total                          Min: 0, Avg:  0.0, Max: 0, Diff: 0, Sum: 0, Workers: 4
[23.841s][debug][gc,phases      ] GC(51)   StringDedup Requests0 Weak     Min:  0.0, Avg:  0.0, Max:  0.0, Diff:  0.0, Sum:  0.0, Workers: 4
[23.841s][debug][gc,phases      ] GC(51)     Dead                           Min: 0, Avg:  0.0, Max: 0, Diff: 0, Sum: 0, Workers: 4
[23.841s][debug][gc,phases      ] GC(51)     Total                          Min: 0, Avg:  0.0, Max: 0, Diff: 0, Sum: 0, Workers: 4
[23.841s][debug][gc,phases      ] GC(51)   StringDedup Requests1 Weak     Min:  0.0, Avg:  0.0, Max:  0.0, Diff:  0.0, Sum:  0.0, Workers: 4
[23.841s][debug][gc,phases      ] GC(51)     Dead                           Min: 0, Avg:  0.0, Max: 0, Diff: 0, Sum: 0, Workers: 4
[23.841s][debug][gc,phases      ] GC(51)     Total                          Min: 0, Avg:  0.0, Max: 0, Diff: 0, Sum: 0, Workers: 4
[23.841s][debug][gc,phases      ] GC(51)   Weak JFR Old Object Samples    Min:  0.0, Avg:  0.0, Max:  0.0, Diff:  0.0, Sum:  0.0, Workers: 4
[23.841s][debug][gc,phases      ] GC(51)     Dead                           Min: 0, Avg:  0.0, Max: 0, Diff: 0, Sum: 0, Workers: 4
[23.841s][debug][gc,phases      ] GC(51)     Total                          Min: 0, Avg:  0.0, Max: 0, Diff: 0, Sum: 0, Workers: 4
[23.841s][debug][gc,phases      ] GC(51) Weak Processing 0.357ms
[23.841s][debug][gc,age         ] GC(51) Desired survivor size 382730240 bytes, new threshold 15 (max threshold 15)
[23.841s][info ][gc,heap        ] GC(51) PSYoungGen: 1323424K(1709568K)->14720K(1697792K) Eden: 1310208K(1310208K)->0K(1310208K) From: 13216K(399360K)->14720K(387584K)
[23.841s][info ][gc,heap        ] GC(51) ParOldGen: 544981K(721920K)->544981K(721920K)
[23.841s][info ][gc,metaspace   ] GC(51) Metaspace: 67570K(68224K)->67570K(68224K) NonClass: 57756K(58112K)->57756K(58112K) Class: 9813K(10112K)->9813K(10112K)
[23.841s][info ][gc             ] GC(51) Pause Young (Allocation Failure) 1824M->546M(2363M) 5.575ms
[23.841s][info ][gc,cpu         ] GC(51) User=0.02s Sys=0.00s Real=0.00s
[23.841s][info ][safepoint      ] Safepoint "ParallelGCFailedAllocation", Time since last: 5084101 ns, Reaching safepoint: 2129626 ns, At safepoint: 5685436 ns, Total: 7815062 ns
[23.856s][info ][safepoint      ] Safepoint "ICBufferFull", Time since last: 14832477 ns, Reaching safepoint: 176010 ns, At safepoint: 28702 ns, Total: 204712 ns
[23.874s][info ][safepoint      ] Safepoint "ICBufferFull", Time since last: 18327783 ns, Reaching safepoint: 121408 ns, At safepoint: 27901 ns, Total: 149309 ns
[23.916s][info ][safepoint      ] Safepoint "ICBufferFull", Time since last: 41127732 ns, Reaching safepoint: 131108 ns, At safepoint: 23701 ns, Total: 154809 ns
[23.942s][info ][safepoint      ] Safepoint "ICBufferFull", Time since last: 26500567 ns, Reaching safepoint: 135408 ns, At safepoint: 25302 ns, Total: 160710 ns
[23.974s][info ][safepoint      ] Safepoint "ICBufferFull", Time since last: 31284249 ns, Reaching safepoint: 131008 ns, At safepoint: 24602 ns, Total: 155610 ns
[24.011s][info ][safepoint      ] Safepoint "ICBufferFull", Time since last: 36788275 ns, Reaching safepoint: 200412 ns, At safepoint: 25701 ns, Total: 226113 ns
[24.047s][info ][gc,start       ] GC(52) Pause Young (Allocation Failure)
[24.052s][debug][gc,phases      ] GC(52) Scavenge 5.232ms
[24.052s][debug][gc,ref         ] GC(52) Skipped phase 1 of Reference Processing: no references
[24.053s][debug][gc,ref         ] GC(52) ReferenceProcessor::execute queues: 1, RefProcThreadModel::Single, marks_oops_alive: false
[24.053s][debug][gc,ref         ] GC(52) Skipped phase 3 of Reference Processing: no references
[24.053s][debug][gc,ref         ] GC(52) ReferenceProcessor::execute queues: 1, RefProcThreadModel::Single, marks_oops_alive: false
[24.053s][debug][gc,phases      ] GC(52) Reference Processing 0.120ms
[24.053s][debug][gc,phases      ] GC(52)   VM Weak                        Min:  0.0, Avg:  0.0, Max:  0.0, Diff:  0.0, Sum:  0.0, Workers: 4
[24.053s][debug][gc,phases      ] GC(52)     Dead                           Min: 0, Avg:  0.0, Max: 0, Diff: 0, Sum: 0, Workers: 4
[24.053s][debug][gc,phases      ] GC(52)     Total                          Min: 0, Avg: 129.2, Max: 389, Diff: 389, Sum: 517, Workers: 4
[24.053s][debug][gc,phases      ] GC(52)   ObjectSynchronizer Weak        Min:  0.0, Avg:  0.0, Max:  0.0, Diff:  0.0, Sum:  0.0, Workers: 4
[24.053s][debug][gc,phases      ] GC(52)     Dead                           Min: 0, Avg:  0.0, Max: 0, Diff: 0, Sum: 0, Workers: 4
[24.053s][debug][gc,phases      ] GC(52)     Total                          Min: 0, Avg: 98.5, Max: 256, Diff: 256, Sum: 394, Workers: 4
[24.053s][debug][gc,phases      ] GC(52)   JVMTI Tag Weak OopStorage      Min:  0.0, Avg:  0.0, Max:  0.0, Diff:  0.0, Sum:  0.0, Workers: 4
[24.053s][debug][gc,phases      ] GC(52)     Dead                           Min: 0, Avg:  0.0, Max: 0, Diff: 0, Sum: 0, Workers: 4
[24.053s][debug][gc,phases      ] GC(52)     Total                          Min: 0, Avg:  0.0, Max: 0, Diff: 0, Sum: 0, Workers: 4
[24.053s][debug][gc,phases      ] GC(52)   StringTable Weak               Min:  0.1, Avg:  0.1, Max:  0.1, Diff:  0.0, Sum:  0.3, Workers: 4
[24.053s][debug][gc,phases      ] GC(52)     Dead                           Min: 0, Avg:  2.8, Max: 11, Diff: 11, Sum: 11, Workers: 4
[24.053s][debug][gc,phases      ] GC(52)     Total                          Min: 10112, Avg: 10585.2, Max: 11136, Diff: 1024, Sum: 42341, Workers: 4
[24.053s][debug][gc,phases      ] GC(52)   ResolvedMethodTable Weak       Min:  0.0, Avg:  0.0, Max:  0.0, Diff:  0.0, Sum:  0.1, Workers: 4
[24.053s][debug][gc,phases      ] GC(52)     Dead                           Min: 0, Avg:  0.0, Max: 0, Diff: 0, Sum: 0, Workers: 4
[24.053s][debug][gc,phases      ] GC(52)     Total                          Min: 1599, Avg: 1747.2, Max: 1809, Diff: 210, Sum: 6989, Workers: 4
[24.053s][debug][gc,phases      ] GC(52)   JNI Weak                       Min:  0.0, Avg:  0.0, Max:  0.0, Diff:  0.0, Sum:  0.0, Workers: 4
[24.053s][debug][gc,phases      ] GC(52)     Dead                           Min: 0, Avg:  0.0, Max: 0, Diff: 0, Sum: 0, Workers: 4
[24.053s][debug][gc,phases      ] GC(52)     Total                          Min: 0, Avg:  0.2, Max: 1, Diff: 1, Sum: 1, Workers: 4
[24.053s][debug][gc,phases      ] GC(52)   StringDedup Table Weak         Min:  0.0, Avg:  0.0, Max:  0.0, Diff:  0.0, Sum:  0.0, Workers: 4
[24.053s][debug][gc,phases      ] GC(52)     Dead                           Min: 0, Avg:  0.0, Max: 0, Diff: 0, Sum: 0, Workers: 4
[24.053s][debug][gc,phases      ] GC(52)     Total                          Min: 0, Avg:  0.0, Max: 0, Diff: 0, Sum: 0, Workers: 4
[24.053s][debug][gc,phases      ] GC(52)   StringDedup Requests0 Weak     Min:  0.0, Avg:  0.0, Max:  0.0, Diff:  0.0, Sum:  0.0, Workers: 4
[24.053s][debug][gc,phases      ] GC(52)     Dead                           Min: 0, Avg:  0.0, Max: 0, Diff: 0, Sum: 0, Workers: 4
[24.053s][debug][gc,phases      ] GC(52)     Total                          Min: 0, Avg:  0.0, Max: 0, Diff: 0, Sum: 0, Workers: 4
[24.053s][debug][gc,phases      ] GC(52)   StringDedup Requests1 Weak     Min:  0.0, Avg:  0.0, Max:  0.0, Diff:  0.0, Sum:  0.0, Workers: 4
[24.053s][debug][gc,phases      ] GC(52)     Dead                           Min: 0, Avg:  0.0, Max: 0, Diff: 0, Sum: 0, Workers: 4
[24.053s][debug][gc,phases      ] GC(52)     Total                          Min: 0, Avg:  0.0, Max: 0, Diff: 0, Sum: 0, Workers: 4
[24.053s][debug][gc,phases      ] GC(52)   Weak JFR Old Object Samples    Min:  0.0, Avg:  0.0, Max:  0.0, Diff:  0.0, Sum:  0.0, Workers: 4
[24.053s][debug][gc,phases      ] GC(52)     Dead                           Min: 0, Avg:  0.0, Max: 0, Diff: 0, Sum: 0, Workers: 4
[24.053s][debug][gc,phases      ] GC(52)     Total                          Min: 0, Avg:  0.0, Max: 0, Diff: 0, Sum: 0, Workers: 4
[24.053s][debug][gc,phases      ] GC(52) Weak Processing 0.296ms
[24.053s][debug][gc,age         ] GC(52) Desired survivor size 367525888 bytes, new threshold 15 (max threshold 15)
[24.053s][info ][gc,heap        ] GC(52) PSYoungGen: 1324928K(1697792K)->15616K(1738240K) Eden: 1310208K(1310208K)->0K(1364480K) From: 14720K(387584K)->15616K(373760K)
[24.053s][info ][gc,heap        ] GC(52) ParOldGen: 544981K(721920K)->544981K(721920K)
[24.053s][info ][gc,metaspace   ] GC(52) Metaspace: 67573K(68224K)->67573K(68224K) NonClass: 57759K(58112K)->57759K(58112K) Class: 9813K(10112K)->9813K(10112K)
[24.053s][info ][gc             ] GC(52) Pause Young (Allocation Failure) 1826M->547M(2402M) 5.778ms
[24.053s][info ][gc,cpu         ] GC(52) User=0.02s Sys=0.00s Real=0.00s
[24.053s][info ][safepoint      ] Safepoint "ParallelGCFailedAllocation", Time since last: 36224042 ns, Reaching safepoint: 128708 ns, At safepoint: 5888348 ns, Total: 6017056 ns
[24.317s][info ][gc,start       ] GC(53) Pause Young (Allocation Failure)
[24.323s][debug][gc,phases      ] GC(53) Scavenge 5.384ms
[24.323s][debug][gc,ref         ] GC(53) Skipped phase 1 of Reference Processing: no references
[24.323s][debug][gc,ref         ] GC(53) ReferenceProcessor::execute queues: 1, RefProcThreadModel::Single, marks_oops_alive: false
[24.323s][debug][gc,ref         ] GC(53) Skipped phase 3 of Reference Processing: no references
[24.323s][debug][gc,ref         ] GC(53) ReferenceProcessor::execute queues: 1, RefProcThreadModel::Single, marks_oops_alive: false
[24.323s][debug][gc,phases      ] GC(53) Reference Processing 0.133ms
[24.323s][debug][gc,phases      ] GC(53)   VM Weak                        Min:  0.0, Avg:  0.0, Max:  0.0, Diff:  0.0, Sum:  0.0, Workers: 4
[24.323s][debug][gc,phases      ] GC(53)     Dead                           Min: 0, Avg:  0.0, Max: 0, Diff: 0, Sum: 0, Workers: 4
[24.323s][debug][gc,phases      ] GC(53)     Total                          Min: 0, Avg: 129.2, Max: 517, Diff: 517, Sum: 517, Workers: 4
[24.323s][debug][gc,phases      ] GC(53)   ObjectSynchronizer Weak        Min:  0.0, Avg:  0.0, Max:  0.0, Diff:  0.0, Sum:  0.0, Workers: 4
[24.323s][debug][gc,phases      ] GC(53)     Dead                           Min: 0, Avg:  0.0, Max: 0, Diff: 0, Sum: 0, Workers: 4
[24.323s][debug][gc,phases      ] GC(53)     Total                          Min: 0, Avg: 98.5, Max: 394, Diff: 394, Sum: 394, Workers: 4
[24.323s][debug][gc,phases      ] GC(53)   JVMTI Tag Weak OopStorage      Min:  0.0, Avg:  0.0, Max:  0.0, Diff:  0.0, Sum:  0.0, Workers: 4
[24.323s][debug][gc,phases      ] GC(53)     Dead                           Min: 0, Avg:  0.0, Max: 0, Diff: 0, Sum: 0, Workers: 4
[24.323s][debug][gc,phases      ] GC(53)     Total                          Min: 0, Avg:  0.0, Max: 0, Diff: 0, Sum: 0, Workers: 4
[24.323s][debug][gc,phases      ] GC(53)   StringTable Weak               Min:  0.1, Avg:  0.1, Max:  0.1, Diff:  0.0, Sum:  0.4, Workers: 4
[24.323s][debug][gc,phases      ] GC(53)     Dead                           Min: 0, Avg:  0.0, Max: 0, Diff: 0, Sum: 0, Workers: 4
[24.323s][debug][gc,phases      ] GC(53)     Total                          Min: 9984, Avg: 10586.0, Max: 11066, Diff: 1082, Sum: 42344, Workers: 4
[24.323s][debug][gc,phases      ] GC(53)   ResolvedMethodTable Weak       Min:  0.0, Avg:  0.0, Max:  0.0, Diff:  0.0, Sum:  0.1, Workers: 4
[24.323s][debug][gc,phases      ] GC(53)     Dead                           Min: 0, Avg:  0.0, Max: 0, Diff: 0, Sum: 0, Workers: 4
[24.323s][debug][gc,phases      ] GC(53)     Total                          Min: 1663, Avg: 1747.2, Max: 1918, Diff: 255, Sum: 6989, Workers: 4
[24.323s][debug][gc,phases      ] GC(53)   JNI Weak                       Min:  0.0, Avg:  0.0, Max:  0.0, Diff:  0.0, Sum:  0.0, Workers: 4
[24.323s][debug][gc,phases      ] GC(53)     Dead                           Min: 0, Avg:  0.0, Max: 0, Diff: 0, Sum: 0, Workers: 4
[24.323s][debug][gc,phases      ] GC(53)     Total                          Min: 0, Avg:  0.5, Max: 2, Diff: 2, Sum: 2, Workers: 4
[24.323s][debug][gc,phases      ] GC(53)   StringDedup Table Weak         Min:  0.0, Avg:  0.0, Max:  0.0, Diff:  0.0, Sum:  0.0, Workers: 4
[24.323s][debug][gc,phases      ] GC(53)     Dead                           Min: 0, Avg:  0.0, Max: 0, Diff: 0, Sum: 0, Workers: 4
[24.323s][debug][gc,phases      ] GC(53)     Total                          Min: 0, Avg:  0.0, Max: 0, Diff: 0, Sum: 0, Workers: 4
[24.323s][debug][gc,phases      ] GC(53)   StringDedup Requests0 Weak     Min:  0.0, Avg:  0.0, Max:  0.0, Diff:  0.0, Sum:  0.0, Workers: 4
[24.323s][debug][gc,phases      ] GC(53)     Dead                           Min: 0, Avg:  0.0, Max: 0, Diff: 0, Sum: 0, Workers: 4
[24.323s][debug][gc,phases      ] GC(53)     Total                          Min: 0, Avg:  0.0, Max: 0, Diff: 0, Sum: 0, Workers: 4
[24.323s][debug][gc,phases      ] GC(53)   StringDedup Requests1 Weak     Min:  0.0, Avg:  0.0, Max:  0.0, Diff:  0.0, Sum:  0.0, Workers: 4
[24.323s][debug][gc,phases      ] GC(53)     Dead                           Min: 0, Avg:  0.0, Max: 0, Diff: 0, Sum: 0, Workers: 4
[24.323s][debug][gc,phases      ] GC(53)     Total                          Min: 0, Avg:  0.0, Max: 0, Diff: 0, Sum: 0, Workers: 4
[24.323s][debug][gc,phases      ] GC(53)   Weak JFR Old Object Samples    Min:  0.0, Avg:  0.0, Max:  0.0, Diff:  0.0, Sum:  0.0, Workers: 4
[24.323s][debug][gc,phases      ] GC(53)     Dead                           Min: 0, Avg:  0.0, Max: 0, Diff: 0, Sum: 0, Workers: 4
[24.323s][debug][gc,phases      ] GC(53)     Total                          Min: 0, Avg:  0.0, Max: 0, Diff: 0, Sum: 0, Workers: 4
[24.323s][debug][gc,phases      ] GC(53) Weak Processing 0.319ms
[24.323s][debug][gc,age         ] GC(53) Desired survivor size 351272960 bytes, new threshold 15 (max threshold 15)
[24.323s][info ][gc,heap        ] GC(53) PSYoungGen: 1380096K(1738240K)->16320K(1723392K) Eden: 1364480K(1364480K)->0K(1364480K) From: 15616K(373760K)->16320K(358912K)
[24.323s][info ][gc,heap        ] GC(53) ParOldGen: 544981K(721920K)->544981K(721920K)
[24.323s][info ][gc,metaspace   ] GC(53) Metaspace: 67577K(68224K)->67577K(68224K) NonClass: 57763K(58112K)->57763K(58112K) Class: 9813K(10112K)->9813K(10112K)
[24.323s][info ][gc             ] GC(53) Pause Young (Allocation Failure) 1879M->548M(2388M) 5.967ms
[24.323s][info ][gc,cpu         ] GC(53) User=0.02s Sys=0.01s Real=0.01s
[24.323s][info ][safepoint      ] Safepoint "ParallelGCFailedAllocation", Time since last: 264226223 ns, Reaching safepoint: 173610 ns, At safepoint: 6076260 ns, Total: 6249870 ns
[24.600s][info ][gc,start       ] GC(54) Pause Young (Allocation Failure)
[24.610s][debug][gc,phases      ] GC(54) Scavenge 9.534ms
[24.610s][debug][gc,ref         ] GC(54) Skipped phase 1 of Reference Processing: no references
[24.610s][debug][gc,ref         ] GC(54) ReferenceProcessor::execute queues: 1, RefProcThreadModel::Single, marks_oops_alive: false
[24.610s][debug][gc,ref         ] GC(54) Skipped phase 3 of Reference Processing: no references
[24.610s][debug][gc,ref         ] GC(54) ReferenceProcessor::execute queues: 1, RefProcThreadModel::Single, marks_oops_alive: false
[24.610s][debug][gc,phases      ] GC(54) Reference Processing 0.118ms
[24.610s][debug][gc,phases      ] GC(54)   VM Weak                        Min:  0.0, Avg:  0.0, Max:  0.0, Diff:  0.0, Sum:  0.0, Workers: 4
[24.610s][debug][gc,phases      ] GC(54)     Dead                           Min: 0, Avg:  0.0, Max: 0, Diff: 0, Sum: 0, Workers: 4
[24.610s][debug][gc,phases      ] GC(54)     Total                          Min: 0, Avg: 132.8, Max: 531, Diff: 531, Sum: 531, Workers: 4
[24.610s][debug][gc,phases      ] GC(54)   ObjectSynchronizer Weak        Min:  0.0, Avg:  0.0, Max:  0.0, Diff:  0.0, Sum:  0.0, Workers: 4
[24.610s][debug][gc,phases      ] GC(54)     Dead                           Min: 0, Avg:  0.0, Max: 0, Diff: 0, Sum: 0, Workers: 4
[24.610s][debug][gc,phases      ] GC(54)     Total                          Min: 0, Avg: 98.5, Max: 202, Diff: 202, Sum: 394, Workers: 4
[24.610s][debug][gc,phases      ] GC(54)   JVMTI Tag Weak OopStorage      Min:  0.0, Avg:  0.0, Max:  0.0, Diff:  0.0, Sum:  0.0, Workers: 4
[24.610s][debug][gc,phases      ] GC(54)     Dead                           Min: 0, Avg:  0.0, Max: 0, Diff: 0, Sum: 0, Workers: 4
[24.610s][debug][gc,phases      ] GC(54)     Total                          Min: 0, Avg:  0.0, Max: 0, Diff: 0, Sum: 0, Workers: 4
[24.610s][debug][gc,phases      ] GC(54)   StringTable Weak               Min:  0.1, Avg:  0.1, Max:  0.1, Diff:  0.0, Sum:  0.4, Workers: 4
[24.610s][debug][gc,phases      ] GC(54)     Dead                           Min: 0, Avg:  3.5, Max: 7, Diff: 7, Sum: 14, Workers: 4
[24.610s][debug][gc,phases      ] GC(54)     Total                          Min: 10240, Avg: 10592.8, Max: 11392, Diff: 1152, Sum: 42371, Workers: 4
[24.610s][debug][gc,phases      ] GC(54)   ResolvedMethodTable Weak       Min:  0.0, Avg:  0.0, Max:  0.0, Diff:  0.0, Sum:  0.1, Workers: 4
[24.610s][debug][gc,phases      ] GC(54)     Dead                           Min: 0, Avg:  1.2, Max: 3, Diff: 3, Sum: 5, Workers: 4
[24.610s][debug][gc,phases      ] GC(54)     Total                          Min: 1536, Avg: 1761.2, Max: 1989, Diff: 453, Sum: 7045, Workers: 4
[24.610s][debug][gc,phases      ] GC(54)   JNI Weak                       Min:  0.0, Avg:  0.0, Max:  0.0, Diff:  0.0, Sum:  0.0, Workers: 4
[24.610s][debug][gc,phases      ] GC(54)     Dead                           Min: 0, Avg:  0.0, Max: 0, Diff: 0, Sum: 0, Workers: 4
[24.610s][debug][gc,phases      ] GC(54)     Total                          Min: 0, Avg:  3.5, Max: 14, Diff: 14, Sum: 14, Workers: 4
[24.610s][debug][gc,phases      ] GC(54)   StringDedup Table Weak         Min:  0.0, Avg:  0.0, Max:  0.0, Diff:  0.0, Sum:  0.0, Workers: 4
[24.610s][debug][gc,phases      ] GC(54)     Dead                           Min: 0, Avg:  0.0, Max: 0, Diff: 0, Sum: 0, Workers: 4
[24.610s][debug][gc,phases      ] GC(54)     Total                          Min: 0, Avg:  0.0, Max: 0, Diff: 0, Sum: 0, Workers: 4
[24.610s][debug][gc,phases      ] GC(54)   StringDedup Requests0 Weak     Min:  0.0, Avg:  0.0, Max:  0.0, Diff:  0.0, Sum:  0.0, Workers: 4
[24.610s][debug][gc,phases      ] GC(54)     Dead                           Min: 0, Avg:  0.0, Max: 0, Diff: 0, Sum: 0, Workers: 4
[24.610s][debug][gc,phases      ] GC(54)     Total                          Min: 0, Avg:  0.0, Max: 0, Diff: 0, Sum: 0, Workers: 4
[24.610s][debug][gc,phases      ] GC(54)   StringDedup Requests1 Weak     Min:  0.0, Avg:  0.0, Max:  0.0, Diff:  0.0, Sum:  0.0, Workers: 4
[24.610s][debug][gc,phases      ] GC(54)     Dead                           Min: 0, Avg:  0.0, Max: 0, Diff: 0, Sum: 0, Workers: 4
[24.610s][debug][gc,phases      ] GC(54)     Total                          Min: 0, Avg:  0.0, Max: 0, Diff: 0, Sum: 0, Workers: 4
[24.610s][debug][gc,phases      ] GC(54)   Weak JFR Old Object Samples    Min:  0.0, Avg:  0.0, Max:  0.0, Diff:  0.0, Sum:  0.0, Workers: 4
[24.610s][debug][gc,phases      ] GC(54)     Dead                           Min: 0, Avg:  0.0, Max: 0, Diff: 0, Sum: 0, Workers: 4
[24.610s][debug][gc,phases      ] GC(54)     Total                          Min: 0, Avg:  0.0, Max: 0, Diff: 0, Sum: 0, Workers: 4
[24.610s][debug][gc,phases      ] GC(54) Weak Processing 0.308ms
[24.610s][debug][gc,age         ] GC(54) Desired survivor size 333971456 bytes, new threshold 15 (max threshold 15)
[24.610s][info ][gc,heap        ] GC(54) PSYoungGen: 1380800K(1723392K)->22891K(1771008K) Eden: 1364480K(1364480K)->0K(1427968K) From: 16320K(358912K)->22891K(343040K)
[24.610s][info ][gc,heap        ] GC(54) ParOldGen: 544981K(721920K)->544989K(721920K)
[24.610s][info ][gc,metaspace   ] GC(54) Metaspace: 67712K(68352K)->67712K(68352K) NonClass: 57876K(58240K)->57876K(58240K) Class: 9836K(10112K)->9836K(10112K)
[24.610s][info ][gc             ] GC(54) Pause Young (Allocation Failure) 1880M->554M(2434M) 10.097ms
[24.610s][info ][gc,cpu         ] GC(54) User=0.04s Sys=0.00s Real=0.01s
[24.610s][info ][safepoint      ] Safepoint "ParallelGCFailedAllocation", Time since last: 276535850 ns, Reaching safepoint: 167910 ns, At safepoint: 10201204 ns, Total: 10369114 ns
[24.843s][info ][gc,start       ] GC(55) Pause Young (Allocation Failure)
[24.853s][debug][gc,phases      ] GC(55) Scavenge 9.926ms
[24.853s][debug][gc,ref         ] GC(55) Skipped phase 1 of Reference Processing: no references
[24.854s][debug][gc,ref         ] GC(55) ReferenceProcessor::execute queues: 1, RefProcThreadModel::Single, marks_oops_alive: false
[24.854s][debug][gc,ref         ] GC(55) Skipped phase 3 of Reference Processing: no references
[24.854s][debug][gc,ref         ] GC(55) ReferenceProcessor::execute queues: 1, RefProcThreadModel::Single, marks_oops_alive: false
[24.854s][debug][gc,phases      ] GC(55) Reference Processing 0.118ms
[24.854s][debug][gc,phases      ] GC(55)   VM Weak                        Min:  0.0, Avg:  0.0, Max:  0.0, Diff:  0.0, Sum:  0.0, Workers: 4
[24.854s][debug][gc,phases      ] GC(55)     Dead                           Min: 0, Avg:  0.0, Max: 0, Diff: 0, Sum: 0, Workers: 4
[24.854s][debug][gc,phases      ] GC(55)     Total                          Min: 0, Avg: 132.8, Max: 339, Diff: 339, Sum: 531, Workers: 4
[24.854s][debug][gc,phases      ] GC(55)   ObjectSynchronizer Weak        Min:  0.0, Avg:  0.0, Max:  0.0, Diff:  0.0, Sum:  0.0, Workers: 4
[24.854s][debug][gc,phases      ] GC(55)     Dead                           Min: 0, Avg:  0.0, Max: 0, Diff: 0, Sum: 0, Workers: 4
[24.854s][debug][gc,phases      ] GC(55)     Total                          Min: 0, Avg: 98.5, Max: 202, Diff: 202, Sum: 394, Workers: 4
[24.854s][debug][gc,phases      ] GC(55)   JVMTI Tag Weak OopStorage      Min:  0.0, Avg:  0.0, Max:  0.0, Diff:  0.0, Sum:  0.0, Workers: 4
[24.854s][debug][gc,phases      ] GC(55)     Dead                           Min: 0, Avg:  0.0, Max: 0, Diff: 0, Sum: 0, Workers: 4
[24.854s][debug][gc,phases      ] GC(55)     Total                          Min: 0, Avg:  0.0, Max: 0, Diff: 0, Sum: 0, Workers: 4
[24.854s][debug][gc,phases      ] GC(55)   StringTable Weak               Min:  0.1, Avg:  0.1, Max:  0.1, Diff:  0.0, Sum:  0.3, Workers: 4
[24.854s][debug][gc,phases      ] GC(55)     Dead                           Min: 0, Avg:  0.0, Max: 0, Diff: 0, Sum: 0, Workers: 4
[24.854s][debug][gc,phases      ] GC(55)     Total                          Min: 9088, Avg: 10592.8, Max: 13184, Diff: 4096, Sum: 42371, Workers: 4
[24.854s][debug][gc,phases      ] GC(55)   ResolvedMethodTable Weak       Min:  0.0, Avg:  0.0, Max:  0.0, Diff:  0.0, Sum:  0.1, Workers: 4
[24.854s][debug][gc,phases      ] GC(55)     Dead                           Min: 0, Avg:  0.0, Max: 0, Diff: 0, Sum: 0, Workers: 4
[24.854s][debug][gc,phases      ] GC(55)     Total                          Min: 1536, Avg: 1761.2, Max: 2048, Diff: 512, Sum: 7045, Workers: 4
[24.854s][debug][gc,phases      ] GC(55)   JNI Weak                       Min:  0.0, Avg:  0.0, Max:  0.0, Diff:  0.0, Sum:  0.0, Workers: 4
[24.854s][debug][gc,phases      ] GC(55)     Dead                           Min: 0, Avg:  0.0, Max: 0, Diff: 0, Sum: 0, Workers: 4
[24.854s][debug][gc,phases      ] GC(55)     Total                          Min: 0, Avg:  3.0, Max: 12, Diff: 12, Sum: 12, Workers: 4
[24.854s][debug][gc,phases      ] GC(55)   StringDedup Table Weak         Min:  0.0, Avg:  0.0, Max:  0.0, Diff:  0.0, Sum:  0.0, Workers: 4
[24.854s][debug][gc,phases      ] GC(55)     Dead                           Min: 0, Avg:  0.0, Max: 0, Diff: 0, Sum: 0, Workers: 4
[24.854s][debug][gc,phases      ] GC(55)     Total                          Min: 0, Avg:  0.0, Max: 0, Diff: 0, Sum: 0, Workers: 4
[24.854s][debug][gc,phases      ] GC(55)   StringDedup Requests0 Weak     Min:  0.0, Avg:  0.0, Max:  0.0, Diff:  0.0, Sum:  0.0, Workers: 4
[24.854s][debug][gc,phases      ] GC(55)     Dead                           Min: 0, Avg:  0.0, Max: 0, Diff: 0, Sum: 0, Workers: 4
[24.854s][debug][gc,phases      ] GC(55)     Total                          Min: 0, Avg:  0.0, Max: 0, Diff: 0, Sum: 0, Workers: 4
[24.854s][debug][gc,phases      ] GC(55)   StringDedup Requests1 Weak     Min:  0.0, Avg:  0.0, Max:  0.0, Diff:  0.0, Sum:  0.0, Workers: 4
[24.854s][debug][gc,phases      ] GC(55)     Dead                           Min: 0, Avg:  0.0, Max: 0, Diff: 0, Sum: 0, Workers: 4
[24.854s][debug][gc,phases      ] GC(55)     Total                          Min: 0, Avg:  0.0, Max: 0, Diff: 0, Sum: 0, Workers: 4
[24.854s][debug][gc,phases      ] GC(55)   Weak JFR Old Object Samples    Min:  0.0, Avg:  0.0, Max:  0.0, Diff:  0.0, Sum:  0.0, Workers: 4
[24.854s][debug][gc,phases      ] GC(55)     Dead                           Min: 0, Avg:  0.0, Max: 0, Diff: 0, Sum: 0, Workers: 4
[24.854s][debug][gc,phases      ] GC(55)     Total                          Min: 0, Avg:  0.0, Max: 0, Diff: 0, Sum: 0, Workers: 4
[24.854s][debug][gc,phases      ] GC(55) Weak Processing 0.298ms
[24.854s][debug][gc,age         ] GC(55) Desired survivor size 316145664 bytes, new threshold 15 (max threshold 15)
[24.854s][info ][gc,heap        ] GC(55) PSYoungGen: 1450859K(1771008K)->26934K(1754112K) Eden: 1427968K(1427968K)->0K(1427968K) From: 22891K(343040K)->26934K(326144K)
[24.854s][info ][gc,heap        ] GC(55) ParOldGen: 544989K(721920K)->544997K(721920K)
[24.854s][info ][gc,metaspace   ] GC(55) Metaspace: 67716K(68352K)->67716K(68352K) NonClass: 57880K(58240K)->57880K(58240K) Class: 9836K(10112K)->9836K(10112K)
[24.854s][info ][gc             ] GC(55) Pause Young (Allocation Failure) 1949M->558M(2418M) 10.480ms
[24.854s][info ][gc,cpu         ] GC(55) User=0.05s Sys=0.00s Real=0.00s
[24.854s][info ][safepoint      ] Safepoint "ParallelGCFailedAllocation", Time since last: 232902171 ns, Reaching safepoint: 134308 ns, At safepoint: 10599326 ns, Total: 10733634 ns
[25.120s][info ][gc,start       ] GC(56) Pause Young (Allocation Failure)
[25.133s][debug][gc,phases      ] GC(56) Scavenge 13.272ms
[25.133s][debug][gc,ref         ] GC(56) Skipped phase 1 of Reference Processing: no references
[25.133s][debug][gc,ref         ] GC(56) ReferenceProcessor::execute queues: 1, RefProcThreadModel::Single, marks_oops_alive: false
[25.133s][debug][gc,ref         ] GC(56) Skipped phase 3 of Reference Processing: no references
[25.133s][debug][gc,ref         ] GC(56) ReferenceProcessor::execute queues: 1, RefProcThreadModel::Single, marks_oops_alive: false
[25.133s][debug][gc,phases      ] GC(56) Reference Processing 0.114ms
[25.133s][debug][gc,phases      ] GC(56)   VM Weak                        Min:  0.0, Avg:  0.0, Max:  0.0, Diff:  0.0, Sum:  0.0, Workers: 4
[25.133s][debug][gc,phases      ] GC(56)     Dead                           Min: 0, Avg:  0.0, Max: 0, Diff: 0, Sum: 0, Workers: 4
[25.133s][debug][gc,phases      ] GC(56)     Total                          Min: 0, Avg: 132.8, Max: 531, Diff: 531, Sum: 531, Workers: 4
[25.133s][debug][gc,phases      ] GC(56)   ObjectSynchronizer Weak        Min:  0.0, Avg:  0.0, Max:  0.0, Diff:  0.0, Sum:  0.0, Workers: 4
[25.133s][debug][gc,phases      ] GC(56)     Dead                           Min: 0, Avg:  0.0, Max: 0, Diff: 0, Sum: 0, Workers: 4
[25.133s][debug][gc,phases      ] GC(56)     Total                          Min: 0, Avg: 98.5, Max: 202, Diff: 202, Sum: 394, Workers: 4
[25.133s][debug][gc,phases      ] GC(56)   JVMTI Tag Weak OopStorage      Min:  0.0, Avg:  0.0, Max:  0.0, Diff:  0.0, Sum:  0.0, Workers: 4
[25.134s][debug][gc,phases      ] GC(56)     Dead                           Min: 0, Avg:  0.0, Max: 0, Diff: 0, Sum: 0, Workers: 4
[25.134s][debug][gc,phases      ] GC(56)     Total                          Min: 0, Avg:  0.0, Max: 0, Diff: 0, Sum: 0, Workers: 4
[25.134s][debug][gc,phases      ] GC(56)   StringTable Weak               Min:  0.1, Avg:  0.1, Max:  0.1, Diff:  0.0, Sum:  0.3, Workers: 4
[25.134s][debug][gc,phases      ] GC(56)     Dead                           Min: 0, Avg:  2.8, Max: 11, Diff: 11, Sum: 11, Workers: 4
[25.134s][debug][gc,phases      ] GC(56)     Total                          Min: 9480, Avg: 10592.8, Max: 12091, Diff: 2611, Sum: 42371, Workers: 4
[25.134s][debug][gc,phases      ] GC(56)   ResolvedMethodTable Weak       Min:  0.0, Avg:  0.0, Max:  0.0, Diff:  0.0, Sum:  0.1, Workers: 4
[25.134s][debug][gc,phases      ] GC(56)     Dead                           Min: 0, Avg:  0.0, Max: 0, Diff: 0, Sum: 0, Workers: 4
[25.134s][debug][gc,phases      ] GC(56)     Total                          Min: 1536, Avg: 1761.2, Max: 2112, Diff: 576, Sum: 7045, Workers: 4
[25.134s][debug][gc,phases      ] GC(56)   JNI Weak                       Min:  0.0, Avg:  0.0, Max:  0.0, Diff:  0.0, Sum:  0.0, Workers: 4
[25.134s][debug][gc,phases      ] GC(56)     Dead                           Min: 0, Avg:  0.0, Max: 0, Diff: 0, Sum: 0, Workers: 4
[25.134s][debug][gc,phases      ] GC(56)     Total                          Min: 0, Avg:  0.8, Max: 3, Diff: 3, Sum: 3, Workers: 4
[25.134s][debug][gc,phases      ] GC(56)   StringDedup Table Weak         Min:  0.0, Avg:  0.0, Max:  0.0, Diff:  0.0, Sum:  0.0, Workers: 4
[25.134s][debug][gc,phases      ] GC(56)     Dead                           Min: 0, Avg:  0.0, Max: 0, Diff: 0, Sum: 0, Workers: 4
[25.134s][debug][gc,phases      ] GC(56)     Total                          Min: 0, Avg:  0.0, Max: 0, Diff: 0, Sum: 0, Workers: 4
[25.134s][debug][gc,phases      ] GC(56)   StringDedup Requests0 Weak     Min:  0.0, Avg:  0.0, Max:  0.0, Diff:  0.0, Sum:  0.0, Workers: 4
[25.134s][debug][gc,phases      ] GC(56)     Dead                           Min: 0, Avg:  0.0, Max: 0, Diff: 0, Sum: 0, Workers: 4
[25.134s][debug][gc,phases      ] GC(56)     Total                          Min: 0, Avg:  0.0, Max: 0, Diff: 0, Sum: 0, Workers: 4
[25.134s][debug][gc,phases      ] GC(56)   StringDedup Requests1 Weak     Min:  0.0, Avg:  0.0, Max:  0.0, Diff:  0.0, Sum:  0.0, Workers: 4
[25.134s][debug][gc,phases      ] GC(56)     Dead                           Min: 0, Avg:  0.0, Max: 0, Diff: 0, Sum: 0, Workers: 4
[25.134s][debug][gc,phases      ] GC(56)     Total                          Min: 0, Avg:  0.0, Max: 0, Diff: 0, Sum: 0, Workers: 4
[25.134s][debug][gc,phases      ] GC(56)   Weak JFR Old Object Samples    Min:  0.0, Avg:  0.0, Max:  0.0, Diff:  0.0, Sum:  0.0, Workers: 4
[25.134s][debug][gc,phases      ] GC(56)     Dead                           Min: 0, Avg:  0.0, Max: 0, Diff: 0, Sum: 0, Workers: 4
[25.134s][debug][gc,phases      ] GC(56)     Total                          Min: 0, Avg:  0.0, Max: 0, Diff: 0, Sum: 0, Workers: 4
[25.134s][debug][gc,phases      ] GC(56) Weak Processing 0.292ms
[25.134s][debug][gc,age         ] GC(56) Desired survivor size 297795584 bytes, new threshold 15 (max threshold 15)
[25.134s][info ][gc,heap        ] GC(56) PSYoungGen: 1454902K(1754112K)->31670K(1806336K) Eden: 1427968K(1427968K)->0K(1497600K) From: 26934K(326144K)->31670K(308736K)
[25.134s][info ][gc,heap        ] GC(56) ParOldGen: 544997K(721920K)->545005K(721920K)
[25.134s][info ][gc,metaspace   ] GC(56) Metaspace: 67729K(68352K)->67729K(68352K) NonClass: 57893K(58240K)->57893K(58240K) Class: 9836K(10112K)->9836K(10112K)
[25.134s][info ][gc             ] GC(56) Pause Young (Allocation Failure) 1953M->563M(2469M) 13.809ms
[25.134s][info ][gc,cpu         ] GC(56) User=0.06s Sys=0.00s Real=0.01s
[25.134s][info ][safepoint      ] Safepoint "ParallelGCFailedAllocation", Time since last: 265665908 ns, Reaching safepoint: 120508 ns, At safepoint: 13921823 ns, Total: 14042331 ns
[25.387s][info ][gc,start       ] GC(57) Pause Young (Allocation Failure)
[25.400s][debug][gc,phases      ] GC(57) Scavenge 12.545ms
[25.400s][debug][gc,ref         ] GC(57) Skipped phase 1 of Reference Processing: no references
[25.400s][debug][gc,ref         ] GC(57) ReferenceProcessor::execute queues: 1, RefProcThreadModel::Single, marks_oops_alive: false
[25.400s][debug][gc,ref         ] GC(57) Skipped phase 3 of Reference Processing: no references
[25.400s][debug][gc,ref         ] GC(57) ReferenceProcessor::execute queues: 1, RefProcThreadModel::Single, marks_oops_alive: false
[25.400s][debug][gc,phases      ] GC(57) Reference Processing 0.106ms
[25.400s][debug][gc,phases      ] GC(57)   VM Weak                        Min:  0.0, Avg:  0.0, Max:  0.0, Diff:  0.0, Sum:  0.0, Workers: 4
[25.400s][debug][gc,phases      ] GC(57)     Dead                           Min: 0, Avg:  0.0, Max: 0, Diff: 0, Sum: 0, Workers: 4
[25.400s][debug][gc,phases      ] GC(57)     Total                          Min: 0, Avg: 132.8, Max: 531, Diff: 531, Sum: 531, Workers: 4
[25.400s][debug][gc,phases      ] GC(57)   ObjectSynchronizer Weak        Min:  0.0, Avg:  0.0, Max:  0.0, Diff:  0.0, Sum:  0.0, Workers: 4
[25.400s][debug][gc,phases      ] GC(57)     Dead                           Min: 0, Avg:  0.0, Max: 0, Diff: 0, Sum: 0, Workers: 4
[25.400s][debug][gc,phases      ] GC(57)     Total                          Min: 0, Avg: 98.5, Max: 394, Diff: 394, Sum: 394, Workers: 4
[25.400s][debug][gc,phases      ] GC(57)   JVMTI Tag Weak OopStorage      Min:  0.0, Avg:  0.0, Max:  0.0, Diff:  0.0, Sum:  0.0, Workers: 4
[25.400s][debug][gc,phases      ] GC(57)     Dead                           Min: 0, Avg:  0.0, Max: 0, Diff: 0, Sum: 0, Workers: 4
[25.400s][debug][gc,phases      ] GC(57)     Total                          Min: 0, Avg:  0.0, Max: 0, Diff: 0, Sum: 0, Workers: 4
[25.400s][debug][gc,phases      ] GC(57)   StringTable Weak               Min:  0.1, Avg:  0.1, Max:  0.1, Diff:  0.0, Sum:  0.3, Workers: 4
[25.400s][debug][gc,phases      ] GC(57)     Dead                           Min: 0, Avg:  2.8, Max: 11, Diff: 11, Sum: 11, Workers: 4
[25.400s][debug][gc,phases      ] GC(57)     Total                          Min: 9467, Avg: 10597.2, Max: 13184, Diff: 3717, Sum: 42389, Workers: 4
[25.400s][debug][gc,phases      ] GC(57)   ResolvedMethodTable Weak       Min:  0.0, Avg:  0.0, Max:  0.0, Diff:  0.0, Sum:  0.1, Workers: 4
[25.400s][debug][gc,phases      ] GC(57)     Dead                           Min: 0, Avg:  0.0, Max: 0, Diff: 0, Sum: 0, Workers: 4
[25.400s][debug][gc,phases      ] GC(57)     Total                          Min: 1472, Avg: 1761.2, Max: 2181, Diff: 709, Sum: 7045, Workers: 4
[25.400s][debug][gc,phases      ] GC(57)   JNI Weak                       Min:  0.0, Avg:  0.0, Max:  0.0, Diff:  0.0, Sum:  0.0, Workers: 4
[25.400s][debug][gc,phases      ] GC(57)     Dead                           Min: 0, Avg:  0.0, Max: 0, Diff: 0, Sum: 0, Workers: 4
[25.400s][debug][gc,phases      ] GC(57)     Total                          Min: 0, Avg:  0.2, Max: 1, Diff: 1, Sum: 1, Workers: 4
[25.400s][debug][gc,phases      ] GC(57)   StringDedup Table Weak         Min:  0.0, Avg:  0.0, Max:  0.0, Diff:  0.0, Sum:  0.0, Workers: 4
[25.400s][debug][gc,phases      ] GC(57)     Dead                           Min: 0, Avg:  0.0, Max: 0, Diff: 0, Sum: 0, Workers: 4
[25.400s][debug][gc,phases      ] GC(57)     Total                          Min: 0, Avg:  0.0, Max: 0, Diff: 0, Sum: 0, Workers: 4
[25.400s][debug][gc,phases      ] GC(57)   StringDedup Requests0 Weak     Min:  0.0, Avg:  0.0, Max:  0.0, Diff:  0.0, Sum:  0.0, Workers: 4
[25.400s][debug][gc,phases      ] GC(57)     Dead                           Min: 0, Avg:  0.0, Max: 0, Diff: 0, Sum: 0, Workers: 4
[25.400s][debug][gc,phases      ] GC(57)     Total                          Min: 0, Avg:  0.0, Max: 0, Diff: 0, Sum: 0, Workers: 4
[25.400s][debug][gc,phases      ] GC(57)   StringDedup Requests1 Weak     Min:  0.0, Avg:  0.0, Max:  0.0, Diff:  0.0, Sum:  0.0, Workers: 4
[25.400s][debug][gc,phases      ] GC(57)     Dead                           Min: 0, Avg:  0.0, Max: 0, Diff: 0, Sum: 0, Workers: 4
[25.400s][debug][gc,phases      ] GC(57)     Total                          Min: 0, Avg:  0.0, Max: 0, Diff: 0, Sum: 0, Workers: 4
[25.400s][debug][gc,phases      ] GC(57)   Weak JFR Old Object Samples    Min:  0.0, Avg:  0.0, Max:  0.0, Diff:  0.0, Sum:  0.0, Workers: 4
[25.400s][debug][gc,phases      ] GC(57)     Dead                           Min: 0, Avg:  0.0, Max: 0, Diff: 0, Sum: 0, Workers: 4
[25.400s][debug][gc,phases      ] GC(57)     Total                          Min: 0, Avg:  0.0, Max: 0, Diff: 0, Sum: 0, Workers: 4
[25.400s][debug][gc,phases      ] GC(57) Weak Processing 0.300ms
[25.400s][debug][gc,age         ] GC(57) Desired survivor size 280494080 bytes, new threshold 15 (max threshold 15)
[25.400s][info ][gc,heap        ] GC(57) PSYoungGen: 1529270K(1806336K)->32241K(1788416K) Eden: 1497600K(1497600K)->0K(1497600K) From: 31670K(308736K)->32241K(290816K)
[25.400s][info ][gc,heap        ] GC(57) ParOldGen: 545005K(721920K)->545013K(721920K)
[25.400s][info ][gc,metaspace   ] GC(57) Metaspace: 67745K(68416K)->67745K(68416K) NonClass: 57909K(58304K)->57909K(58304K) Class: 9836K(10112K)->9836K(10112K)
[25.401s][info ][gc             ] GC(57) Pause Young (Allocation Failure) 2025M->563M(2451M) 13.080ms
[25.401s][info ][gc,cpu         ] GC(57) User=0.05s Sys=0.00s Real=0.01s
[25.401s][info ][safepoint      ] Safepoint "ParallelGCFailedAllocation", Time since last: 253409483 ns, Reaching safepoint: 248815 ns, At safepoint: 13192480 ns, Total: 13441295 ns
[25.700s][info ][gc,start       ] GC(58) Pause Young (Allocation Failure)
[25.717s][debug][gc,phases      ] GC(58) Scavenge 16.715ms
[25.717s][debug][gc,ref         ] GC(58) Skipped phase 1 of Reference Processing: no references
[25.717s][debug][gc,ref         ] GC(58) ReferenceProcessor::execute queues: 1, RefProcThreadModel::Single, marks_oops_alive: false
[25.717s][debug][gc,ref         ] GC(58) Skipped phase 3 of Reference Processing: no references
[25.717s][debug][gc,ref         ] GC(58) ReferenceProcessor::execute queues: 1, RefProcThreadModel::Single, marks_oops_alive: false
[25.717s][debug][gc,phases      ] GC(58) Reference Processing 0.132ms
[25.717s][debug][gc,phases      ] GC(58)   VM Weak                        Min:  0.0, Avg:  0.0, Max:  0.0, Diff:  0.0, Sum:  0.0, Workers: 4
[25.717s][debug][gc,phases      ] GC(58)     Dead                           Min: 0, Avg:  0.0, Max: 0, Diff: 0, Sum: 0, Workers: 4
[25.717s][debug][gc,phases      ] GC(58)     Total                          Min: 0, Avg: 136.0, Max: 352, Diff: 352, Sum: 544, Workers: 4
[25.717s][debug][gc,phases      ] GC(58)   ObjectSynchronizer Weak        Min:  0.0, Avg:  0.0, Max:  0.0, Diff:  0.0, Sum:  0.0, Workers: 4
[25.717s][debug][gc,phases      ] GC(58)     Dead                           Min: 0, Avg:  0.0, Max: 0, Diff: 0, Sum: 0, Workers: 4
[25.717s][debug][gc,phases      ] GC(58)     Total                          Min: 0, Avg: 98.5, Max: 192, Diff: 192, Sum: 394, Workers: 4
[25.717s][debug][gc,phases      ] GC(58)   JVMTI Tag Weak OopStorage      Min:  0.0, Avg:  0.0, Max:  0.0, Diff:  0.0, Sum:  0.0, Workers: 4
[25.717s][debug][gc,phases      ] GC(58)     Dead                           Min: 0, Avg:  0.0, Max: 0, Diff: 0, Sum: 0, Workers: 4
[25.717s][debug][gc,phases      ] GC(58)     Total                          Min: 0, Avg:  0.0, Max: 0, Diff: 0, Sum: 0, Workers: 4
[25.717s][debug][gc,phases      ] GC(58)   StringTable Weak               Min:  0.1, Avg:  0.1, Max:  0.1, Diff:  0.0, Sum:  0.4, Workers: 4
[25.717s][debug][gc,phases      ] GC(58)     Dead                           Min: 0, Avg:  0.2, Max: 1, Diff: 1, Sum: 1, Workers: 4
[25.717s][debug][gc,phases      ] GC(58)     Total                          Min: 10048, Avg: 10608.0, Max: 11136, Diff: 1088, Sum: 42432, Workers: 4
[25.717s][debug][gc,phases      ] GC(58)   ResolvedMethodTable Weak       Min:  0.0, Avg:  0.0, Max:  0.0, Diff:  0.0, Sum:  0.1, Workers: 4
[25.717s][debug][gc,phases      ] GC(58)     Dead                           Min: 0, Avg:  1.2, Max: 5, Diff: 5, Sum: 5, Workers: 4
[25.718s][debug][gc,phases      ] GC(58)     Total                          Min: 1600, Avg: 1778.0, Max: 1984, Diff: 384, Sum: 7112, Workers: 4
[25.718s][debug][gc,phases      ] GC(58)   JNI Weak                       Min:  0.0, Avg:  0.0, Max:  0.0, Diff:  0.0, Sum:  0.0, Workers: 4
[25.718s][debug][gc,phases      ] GC(58)     Dead                           Min: 0, Avg:  0.0, Max: 0, Diff: 0, Sum: 0, Workers: 4
[25.718s][debug][gc,phases      ] GC(58)     Total                          Min: 0, Avg:  1.0, Max: 4, Diff: 4, Sum: 4, Workers: 4
[25.718s][debug][gc,phases      ] GC(58)   StringDedup Table Weak         Min:  0.0, Avg:  0.0, Max:  0.0, Diff:  0.0, Sum:  0.0, Workers: 4
[25.718s][debug][gc,phases      ] GC(58)     Dead                           Min: 0, Avg:  0.0, Max: 0, Diff: 0, Sum: 0, Workers: 4
[25.718s][debug][gc,phases      ] GC(58)     Total                          Min: 0, Avg:  0.0, Max: 0, Diff: 0, Sum: 0, Workers: 4
[25.718s][debug][gc,phases      ] GC(58)   StringDedup Requests0 Weak     Min:  0.0, Avg:  0.0, Max:  0.0, Diff:  0.0, Sum:  0.0, Workers: 4
[25.718s][debug][gc,phases      ] GC(58)     Dead                           Min: 0, Avg:  0.0, Max: 0, Diff: 0, Sum: 0, Workers: 4
[25.718s][debug][gc,phases      ] GC(58)     Total                          Min: 0, Avg:  0.0, Max: 0, Diff: 0, Sum: 0, Workers: 4
[25.718s][debug][gc,phases      ] GC(58)   StringDedup Requests1 Weak     Min:  0.0, Avg:  0.0, Max:  0.0, Diff:  0.0, Sum:  0.0, Workers: 4
[25.718s][debug][gc,phases      ] GC(58)     Dead                           Min: 0, Avg:  0.0, Max: 0, Diff: 0, Sum: 0, Workers: 4
[25.718s][debug][gc,phases      ] GC(58)     Total                          Min: 0, Avg:  0.0, Max: 0, Diff: 0, Sum: 0, Workers: 4
[25.718s][debug][gc,phases      ] GC(58)   Weak JFR Old Object Samples    Min:  0.0, Avg:  0.0, Max:  0.0, Diff:  0.0, Sum:  0.0, Workers: 4
[25.718s][debug][gc,phases      ] GC(58)     Dead                           Min: 0, Avg:  0.0, Max: 0, Diff: 0, Sum: 0, Workers: 4
[25.718s][debug][gc,phases      ] GC(58)     Total                          Min: 0, Avg:  0.0, Max: 0, Diff: 0, Sum: 0, Workers: 4
[25.718s][debug][gc,phases      ] GC(58) Weak Processing 0.309ms
[25.718s][debug][gc,age         ] GC(58) Desired survivor size 262668288 bytes, new threshold 15 (max threshold 15)
[25.718s][info ][gc,heap        ] GC(58) PSYoungGen: 1529841K(1788416K)->39158K(1840640K) Eden: 1497600K(1497600K)->0K(1566720K) From: 32241K(290816K)->39158K(273920K)
[25.718s][info ][gc,heap        ] GC(58) ParOldGen: 545013K(721920K)->545013K(721920K)
[25.718s][info ][gc,metaspace   ] GC(58) Metaspace: 67913K(68672K)->67913K(68672K) NonClass: 58045K(58496K)->58045K(58496K) Class: 9868K(10176K)->9868K(10176K)
[25.718s][info ][gc             ] GC(58) Pause Young (Allocation Failure) 2026M->570M(2502M) 17.299ms
[25.718s][info ][gc,cpu         ] GC(58) User=0.07s Sys=0.00s Real=0.02s
[25.718s][info ][safepoint      ] Safepoint "ParallelGCFailedAllocation", Time since last: 299535711 ns, Reaching safepoint: 172310 ns, At safepoint: 17410330 ns, Total: 17582640 ns
[25.999s][info ][gc,start       ] GC(59) Pause Young (Allocation Failure)
[26.015s][debug][gc,phases      ] GC(59) Scavenge 16.643ms
[26.015s][debug][gc,ref         ] GC(59) Skipped phase 1 of Reference Processing: no references
[26.016s][debug][gc,ref         ] GC(59) ReferenceProcessor::execute queues: 1, RefProcThreadModel::Single, marks_oops_alive: false
[26.016s][debug][gc,ref         ] GC(59) Skipped phase 3 of Reference Processing: no references
[26.016s][debug][gc,ref         ] GC(59) ReferenceProcessor::execute queues: 1, RefProcThreadModel::Single, marks_oops_alive: false
[26.016s][debug][gc,phases      ] GC(59) Reference Processing 0.131ms
[26.016s][debug][gc,phases      ] GC(59)   VM Weak                        Min:  0.0, Avg:  0.0, Max:  0.0, Diff:  0.0, Sum:  0.0, Workers: 4
[26.016s][debug][gc,phases      ] GC(59)     Dead                           Min: 0, Avg:  0.0, Max: 0, Diff: 0, Sum: 0, Workers: 4
[26.016s][debug][gc,phases      ] GC(59)     Total                          Min: 0, Avg: 142.2, Max: 569, Diff: 569, Sum: 569, Workers: 4
[26.016s][debug][gc,phases      ] GC(59)   ObjectSynchronizer Weak        Min:  0.0, Avg:  0.0, Max:  0.0, Diff:  0.0, Sum:  0.0, Workers: 4
[26.016s][debug][gc,phases      ] GC(59)     Dead                           Min: 0, Avg:  0.0, Max: 0, Diff: 0, Sum: 0, Workers: 4
[26.016s][debug][gc,phases      ] GC(59)     Total                          Min: 0, Avg: 98.5, Max: 394, Diff: 394, Sum: 394, Workers: 4
[26.016s][debug][gc,phases      ] GC(59)   JVMTI Tag Weak OopStorage      Min:  0.0, Avg:  0.0, Max:  0.0, Diff:  0.0, Sum:  0.0, Workers: 4
[26.016s][debug][gc,phases      ] GC(59)     Dead                           Min: 0, Avg:  0.0, Max: 0, Diff: 0, Sum: 0, Workers: 4
[26.016s][debug][gc,phases      ] GC(59)     Total                          Min: 0, Avg:  0.0, Max: 0, Diff: 0, Sum: 0, Workers: 4
[26.016s][debug][gc,phases      ] GC(59)   StringTable Weak               Min:  0.1, Avg:  0.1, Max:  0.1, Diff:  0.0, Sum:  0.4, Workers: 4
[26.016s][debug][gc,phases      ] GC(59)     Dead                           Min: 0, Avg:  4.0, Max: 16, Diff: 16, Sum: 16, Workers: 4
[26.016s][debug][gc,phases      ] GC(59)     Total                          Min: 8700, Avg: 10635.8, Max: 13045, Diff: 4345, Sum: 42543, Workers: 4
[26.016s][debug][gc,phases      ] GC(59)   ResolvedMethodTable Weak       Min:  0.0, Avg:  0.0, Max:  0.0, Diff:  0.0, Sum:  0.1, Workers: 4
[26.016s][debug][gc,phases      ] GC(59)     Dead                           Min: 0, Avg:  0.0, Max: 0, Diff: 0, Sum: 0, Workers: 4
[26.016s][debug][gc,phases      ] GC(59)     Total                          Min: 1663, Avg: 1798.0, Max: 1920, Diff: 257, Sum: 7192, Workers: 4
[26.016s][debug][gc,phases      ] GC(59)   JNI Weak                       Min:  0.0, Avg:  0.0, Max:  0.0, Diff:  0.0, Sum:  0.0, Workers: 4
[26.016s][debug][gc,phases      ] GC(59)     Dead                           Min: 0, Avg:  0.0, Max: 0, Diff: 0, Sum: 0, Workers: 4
[26.016s][debug][gc,phases      ] GC(59)     Total                          Min: 0, Avg:  0.0, Max: 0, Diff: 0, Sum: 0, Workers: 4
[26.016s][debug][gc,phases      ] GC(59)   StringDedup Table Weak         Min:  0.0, Avg:  0.0, Max:  0.0, Diff:  0.0, Sum:  0.0, Workers: 4
[26.016s][debug][gc,phases      ] GC(59)     Dead                           Min: 0, Avg:  0.0, Max: 0, Diff: 0, Sum: 0, Workers: 4
[26.016s][debug][gc,phases      ] GC(59)     Total                          Min: 0, Avg:  0.0, Max: 0, Diff: 0, Sum: 0, Workers: 4
[26.016s][debug][gc,phases      ] GC(59)   StringDedup Requests0 Weak     Min:  0.0, Avg:  0.0, Max:  0.0, Diff:  0.0, Sum:  0.0, Workers: 4
[26.016s][debug][gc,phases      ] GC(59)     Dead                           Min: 0, Avg:  0.0, Max: 0, Diff: 0, Sum: 0, Workers: 4
[26.016s][debug][gc,phases      ] GC(59)     Total                          Min: 0, Avg:  0.0, Max: 0, Diff: 0, Sum: 0, Workers: 4
[26.016s][debug][gc,phases      ] GC(59)   StringDedup Requests1 Weak     Min:  0.0, Avg:  0.0, Max:  0.0, Diff:  0.0, Sum:  0.0, Workers: 4
[26.016s][debug][gc,phases      ] GC(59)     Dead                           Min: 0, Avg:  0.0, Max: 0, Diff: 0, Sum: 0, Workers: 4
[26.016s][debug][gc,phases      ] GC(59)     Total                          Min: 0, Avg:  0.0, Max: 0, Diff: 0, Sum: 0, Workers: 4
[26.016s][debug][gc,phases      ] GC(59)   Weak JFR Old Object Samples    Min:  0.0, Avg:  0.0, Max:  0.0, Diff:  0.0, Sum:  0.0, Workers: 4
[26.016s][debug][gc,phases      ] GC(59)     Dead                           Min: 0, Avg:  0.0, Max: 0, Diff: 0, Sum: 0, Workers: 4
[26.016s][debug][gc,phases      ] GC(59)     Total                          Min: 0, Avg:  0.0, Max: 0, Diff: 0, Sum: 0, Workers: 4
[26.016s][debug][gc,phases      ] GC(59) Weak Processing 0.301ms
[26.016s][debug][gc,age         ] GC(59) Desired survivor size 245891072 bytes, new threshold 15 (max threshold 15)
[26.016s][info ][gc,heap        ] GC(59) PSYoungGen: 1605878K(1840640K)->39826K(1823232K) Eden: 1566720K(1566720K)->0K(1566720K) From: 39158K(273920K)->39826K(256512K)
[26.016s][info ][gc,heap        ] GC(59) ParOldGen: 545013K(721920K)->546333K(721920K)
[26.016s][info ][gc,metaspace   ] GC(59) Metaspace: 68157K(68864K)->68157K(68864K) NonClass: 58243K(58624K)->58243K(58624K) Class: 9913K(10240K)->9913K(10240K)
[26.016s][info ][gc             ] GC(59) Pause Young (Allocation Failure) 2100M->572M(2485M) 17.214ms
[26.016s][info ][gc,cpu         ] GC(59) User=0.07s Sys=0.00s Real=0.02s
[26.016s][info ][safepoint      ] Safepoint "ParallelGCFailedAllocation", Time since last: 280799103 ns, Reaching safepoint: 206412 ns, At safepoint: 17321624 ns, Total: 17528036 ns
[26.276s][info ][gc,start       ] GC(60) Pause Young (Allocation Failure)
[26.293s][debug][gc,phases      ] GC(60) Scavenge 17.266ms
[26.293s][debug][gc,ref         ] GC(60) Skipped phase 1 of Reference Processing: no references
[26.294s][debug][gc,ref         ] GC(60) ReferenceProcessor::execute queues: 1, RefProcThreadModel::Single, marks_oops_alive: false
[26.294s][debug][gc,ref         ] GC(60) Skipped phase 3 of Reference Processing: no references
[26.294s][debug][gc,ref         ] GC(60) ReferenceProcessor::execute queues: 1, RefProcThreadModel::Single, marks_oops_alive: false
[26.294s][debug][gc,phases      ] GC(60) Reference Processing 0.126ms
[26.294s][debug][gc,phases      ] GC(60)   VM Weak                        Min:  0.0, Avg:  0.0, Max:  0.0, Diff:  0.0, Sum:  0.0, Workers: 4
[26.294s][debug][gc,phases      ] GC(60)     Dead                           Min: 0, Avg:  0.0, Max: 0, Diff: 0, Sum: 0, Workers: 4
[26.294s][debug][gc,phases      ] GC(60)     Total                          Min: 0, Avg: 142.2, Max: 569, Diff: 569, Sum: 569, Workers: 4
[26.294s][debug][gc,phases      ] GC(60)   ObjectSynchronizer Weak        Min:  0.0, Avg:  0.0, Max:  0.0, Diff:  0.0, Sum:  0.0, Workers: 4
[26.294s][debug][gc,phases      ] GC(60)     Dead                           Min: 0, Avg:  0.0, Max: 0, Diff: 0, Sum: 0, Workers: 4
[26.294s][debug][gc,phases      ] GC(60)     Total                          Min: 0, Avg: 98.5, Max: 202, Diff: 202, Sum: 394, Workers: 4
[26.294s][debug][gc,phases      ] GC(60)   JVMTI Tag Weak OopStorage      Min:  0.0, Avg:  0.0, Max:  0.0, Diff:  0.0, Sum:  0.0, Workers: 4
[26.294s][debug][gc,phases      ] GC(60)     Dead                           Min: 0, Avg:  0.0, Max: 0, Diff: 0, Sum: 0, Workers: 4
[26.294s][debug][gc,phases      ] GC(60)     Total                          Min: 0, Avg:  0.0, Max: 0, Diff: 0, Sum: 0, Workers: 4
[26.294s][debug][gc,phases      ] GC(60)   StringTable Weak               Min:  0.1, Avg:  0.1, Max:  0.1, Diff:  0.0, Sum:  0.4, Workers: 4
[26.294s][debug][gc,phases      ] GC(60)     Dead                           Min: 0, Avg:  0.0, Max: 0, Diff: 0, Sum: 0, Workers: 4
[26.294s][debug][gc,phases      ] GC(60)     Total                          Min: 9724, Avg: 10636.5, Max: 11711, Diff: 1987, Sum: 42546, Workers: 4
[26.294s][debug][gc,phases      ] GC(60)   ResolvedMethodTable Weak       Min:  0.0, Avg:  0.0, Max:  0.0, Diff:  0.0, Sum:  0.1, Workers: 4
[26.294s][debug][gc,phases      ] GC(60)     Dead                           Min: 0, Avg:  0.0, Max: 0, Diff: 0, Sum: 0, Workers: 4
[26.294s][debug][gc,phases      ] GC(60)     Total                          Min: 1600, Avg: 1798.0, Max: 1945, Diff: 345, Sum: 7192, Workers: 4
[26.294s][debug][gc,phases      ] GC(60)   JNI Weak                       Min:  0.0, Avg:  0.0, Max:  0.0, Diff:  0.0, Sum:  0.0, Workers: 4
[26.294s][debug][gc,phases      ] GC(60)     Dead                           Min: 0, Avg:  0.0, Max: 0, Diff: 0, Sum: 0, Workers: 4
[26.294s][debug][gc,phases      ] GC(60)     Total                          Min: 0, Avg:  0.0, Max: 0, Diff: 0, Sum: 0, Workers: 4
[26.294s][debug][gc,phases      ] GC(60)   StringDedup Table Weak         Min:  0.0, Avg:  0.0, Max:  0.0, Diff:  0.0, Sum:  0.0, Workers: 4
[26.294s][debug][gc,phases      ] GC(60)     Dead                           Min: 0, Avg:  0.0, Max: 0, Diff: 0, Sum: 0, Workers: 4
[26.294s][debug][gc,phases      ] GC(60)     Total                          Min: 0, Avg:  0.0, Max: 0, Diff: 0, Sum: 0, Workers: 4
[26.294s][debug][gc,phases      ] GC(60)   StringDedup Requests0 Weak     Min:  0.0, Avg:  0.0, Max:  0.0, Diff:  0.0, Sum:  0.0, Workers: 4
[26.294s][debug][gc,phases      ] GC(60)     Dead                           Min: 0, Avg:  0.0, Max: 0, Diff: 0, Sum: 0, Workers: 4
[26.294s][debug][gc,phases      ] GC(60)     Total                          Min: 0, Avg:  0.0, Max: 0, Diff: 0, Sum: 0, Workers: 4
[26.294s][debug][gc,phases      ] GC(60)   StringDedup Requests1 Weak     Min:  0.0, Avg:  0.0, Max:  0.0, Diff:  0.0, Sum:  0.0, Workers: 4
[26.294s][debug][gc,phases      ] GC(60)     Dead                           Min: 0, Avg:  0.0, Max: 0, Diff: 0, Sum: 0, Workers: 4
[26.294s][debug][gc,phases      ] GC(60)     Total                          Min: 0, Avg:  0.0, Max: 0, Diff: 0, Sum: 0, Workers: 4
[26.294s][debug][gc,phases      ] GC(60)   Weak JFR Old Object Samples    Min:  0.0, Avg:  0.0, Max:  0.0, Diff:  0.0, Sum:  0.0, Workers: 4
[26.294s][debug][gc,phases      ] GC(60)     Dead                           Min: 0, Avg:  0.0, Max: 0, Diff: 0, Sum: 0, Workers: 4
[26.294s][debug][gc,phases      ] GC(60)     Total                          Min: 0, Avg:  0.0, Max: 0, Diff: 0, Sum: 0, Workers: 4
[26.294s][debug][gc,phases      ] GC(60) Weak Processing 0.312ms
[26.294s][debug][gc,age         ] GC(60) Desired survivor size 229638144 bytes, new threshold 15 (max threshold 15)
[26.294s][info ][gc,heap        ] GC(60) PSYoungGen: 1606546K(1823232K)->42486K(1872896K) Eden: 1566720K(1566720K)->0K(1632768K) From: 39826K(256512K)->42486K(240128K)
[26.294s][info ][gc,heap        ] GC(60) ParOldGen: 546333K(721920K)->546757K(721920K)
[26.294s][info ][gc,metaspace   ] GC(60) Metaspace: 68158K(68864K)->68158K(68864K) NonClass: 58244K(58624K)->58244K(58624K) Class: 9913K(10240K)->9913K(10240K)
[26.294s][info ][gc             ] GC(60) Pause Young (Allocation Failure) 2102M->575M(2534M) 17.839ms
[26.294s][info ][gc,cpu         ] GC(60) User=0.06s Sys=0.00s Real=0.01s
[26.294s][info ][safepoint      ] Safepoint "ParallelGCFailedAllocation", Time since last: 259923869 ns, Reaching safepoint: 152709 ns, At safepoint: 17946561 ns, Total: 18099270 ns
[26.595s][info ][gc,start       ] GC(61) Pause Young (Allocation Failure)
[26.617s][debug][gc,phases      ] GC(61) Scavenge 22.174ms
[26.617s][debug][gc,ref         ] GC(61) Skipped phase 1 of Reference Processing: no references
[26.617s][debug][gc,ref         ] GC(61) ReferenceProcessor::execute queues: 1, RefProcThreadModel::Single, marks_oops_alive: false
[26.617s][debug][gc,ref         ] GC(61) Skipped phase 3 of Reference Processing: no references
[26.617s][debug][gc,ref         ] GC(61) ReferenceProcessor::execute queues: 1, RefProcThreadModel::Single, marks_oops_alive: false
[26.617s][debug][gc,phases      ] GC(61) Reference Processing 0.135ms
[26.617s][debug][gc,phases      ] GC(61)   VM Weak                        Min:  0.0, Avg:  0.0, Max:  0.0, Diff:  0.0, Sum:  0.0, Workers: 4
[26.617s][debug][gc,phases      ] GC(61)     Dead                           Min: 0, Avg:  0.0, Max: 0, Diff: 0, Sum: 0, Workers: 4
[26.617s][debug][gc,phases      ] GC(61)     Total                          Min: 0, Avg: 142.5, Max: 570, Diff: 570, Sum: 570, Workers: 4
[26.617s][debug][gc,phases      ] GC(61)   ObjectSynchronizer Weak        Min:  0.0, Avg:  0.0, Max:  0.0, Diff:  0.0, Sum:  0.0, Workers: 4
[26.617s][debug][gc,phases      ] GC(61)     Dead                           Min: 0, Avg:  0.0, Max: 0, Diff: 0, Sum: 0, Workers: 4
[26.617s][debug][gc,phases      ] GC(61)     Total                          Min: 0, Avg: 98.5, Max: 202, Diff: 202, Sum: 394, Workers: 4
[26.617s][debug][gc,phases      ] GC(61)   JVMTI Tag Weak OopStorage      Min:  0.0, Avg:  0.0, Max:  0.0, Diff:  0.0, Sum:  0.0, Workers: 4
[26.617s][debug][gc,phases      ] GC(61)     Dead                           Min: 0, Avg:  0.0, Max: 0, Diff: 0, Sum: 0, Workers: 4
[26.617s][debug][gc,phases      ] GC(61)     Total                          Min: 0, Avg:  0.0, Max: 0, Diff: 0, Sum: 0, Workers: 4
[26.617s][debug][gc,phases      ] GC(61)   StringTable Weak               Min:  0.1, Avg:  0.1, Max:  0.1, Diff:  0.0, Sum:  0.4, Workers: 4
[26.617s][debug][gc,phases      ] GC(61)     Dead                           Min: 0, Avg:  3.0, Max: 8, Diff: 8, Sum: 12, Workers: 4
[26.617s][debug][gc,phases      ] GC(61)     Total                          Min: 10291, Avg: 10636.8, Max: 11072, Diff: 781, Sum: 42547, Workers: 4
[26.617s][debug][gc,phases      ] GC(61)   ResolvedMethodTable Weak       Min:  0.0, Avg:  0.0, Max:  0.0, Diff:  0.0, Sum:  0.1, Workers: 4
[26.617s][debug][gc,phases      ] GC(61)     Dead                           Min: 0, Avg:  0.0, Max: 0, Diff: 0, Sum: 0, Workers: 4
[26.617s][debug][gc,phases      ] GC(61)     Total                          Min: 1728, Avg: 1799.0, Max: 1920, Diff: 192, Sum: 7196, Workers: 4
[26.617s][debug][gc,phases      ] GC(61)   JNI Weak                       Min:  0.0, Avg:  0.0, Max:  0.0, Diff:  0.0, Sum:  0.0, Workers: 4
[26.617s][debug][gc,phases      ] GC(61)     Dead                           Min: 0, Avg:  0.0, Max: 0, Diff: 0, Sum: 0, Workers: 4
[26.617s][debug][gc,phases      ] GC(61)     Total                          Min: 0, Avg:  0.2, Max: 1, Diff: 1, Sum: 1, Workers: 4
[26.617s][debug][gc,phases      ] GC(61)   StringDedup Table Weak         Min:  0.0, Avg:  0.0, Max:  0.0, Diff:  0.0, Sum:  0.0, Workers: 4
[26.617s][debug][gc,phases      ] GC(61)     Dead                           Min: 0, Avg:  0.0, Max: 0, Diff: 0, Sum: 0, Workers: 4
[26.617s][debug][gc,phases      ] GC(61)     Total                          Min: 0, Avg:  0.0, Max: 0, Diff: 0, Sum: 0, Workers: 4
[26.617s][debug][gc,phases      ] GC(61)   StringDedup Requests0 Weak     Min:  0.0, Avg:  0.0, Max:  0.0, Diff:  0.0, Sum:  0.0, Workers: 4
[26.617s][debug][gc,phases      ] GC(61)     Dead                           Min: 0, Avg:  0.0, Max: 0, Diff: 0, Sum: 0, Workers: 4
[26.617s][debug][gc,phases      ] GC(61)     Total                          Min: 0, Avg:  0.0, Max: 0, Diff: 0, Sum: 0, Workers: 4
[26.617s][debug][gc,phases      ] GC(61)   StringDedup Requests1 Weak     Min:  0.0, Avg:  0.0, Max:  0.0, Diff:  0.0, Sum:  0.0, Workers: 4
[26.617s][debug][gc,phases      ] GC(61)     Dead                           Min: 0, Avg:  0.0, Max: 0, Diff: 0, Sum: 0, Workers: 4
[26.617s][debug][gc,phases      ] GC(61)     Total                          Min: 0, Avg:  0.0, Max: 0, Diff: 0, Sum: 0, Workers: 4
[26.617s][debug][gc,phases      ] GC(61)   Weak JFR Old Object Samples    Min:  0.0, Avg:  0.0, Max:  0.0, Diff:  0.0, Sum:  0.0, Workers: 4
[26.617s][debug][gc,phases      ] GC(61)     Dead                           Min: 0, Avg:  0.0, Max: 0, Diff: 0, Sum: 0, Workers: 4
[26.617s][debug][gc,phases      ] GC(61)     Total                          Min: 0, Avg:  0.0, Max: 0, Diff: 0, Sum: 0, Workers: 4
[26.617s][debug][gc,phases      ] GC(61) Weak Processing 0.294ms
[26.617s][debug][gc,age         ] GC(61) Desired survivor size 212860928 bytes, new threshold 15 (max threshold 15)
[26.617s][info ][gc,heap        ] GC(61) PSYoungGen: 1675254K(1872896K)->52022K(1857024K) Eden: 1632768K(1632768K)->0K(1632768K) From: 42486K(240128K)->52022K(224256K)
[26.617s][info ][gc,heap        ] GC(61) ParOldGen: 546757K(721920K)->549485K(721920K)
[26.617s][info ][gc,metaspace   ] GC(61) Metaspace: 68190K(68928K)->68190K(68928K) NonClass: 58275K(58688K)->58275K(58688K) Class: 9914K(10240K)->9914K(10240K)
[26.617s][info ][gc             ] GC(61) Pause Young (Allocation Failure) 2169M->587M(2518M) 22.743ms
[26.617s][info ][gc,cpu         ] GC(61) User=0.09s Sys=0.00s Real=0.03s
[26.617s][info ][safepoint      ] Safepoint "ParallelGCFailedAllocation", Time since last: 300233752 ns, Reaching safepoint: 180711 ns, At safepoint: 22865352 ns, Total: 23046063 ns
[26.872s][info ][gc,start       ] GC(62) Pause Young (Allocation Failure)
[26.892s][debug][gc,phases      ] GC(62) Scavenge 20.412ms
[26.892s][debug][gc,ref         ] GC(62) Skipped phase 1 of Reference Processing: no references
[26.893s][debug][gc,ref         ] GC(62) ReferenceProcessor::execute queues: 1, RefProcThreadModel::Single, marks_oops_alive: false
[26.893s][debug][gc,ref         ] GC(62) Skipped phase 3 of Reference Processing: no references
[26.893s][debug][gc,ref         ] GC(62) ReferenceProcessor::execute queues: 1, RefProcThreadModel::Single, marks_oops_alive: false
[26.893s][debug][gc,phases      ] GC(62) Reference Processing 0.138ms
[26.893s][debug][gc,phases      ] GC(62)   VM Weak                        Min:  0.0, Avg:  0.0, Max:  0.0, Diff:  0.0, Sum:  0.0, Workers: 4
[26.893s][debug][gc,phases      ] GC(62)     Dead                           Min: 0, Avg:  0.0, Max: 0, Diff: 0, Sum: 0, Workers: 4
[26.893s][debug][gc,phases      ] GC(62)     Total                          Min: 0, Avg: 142.5, Max: 512, Diff: 512, Sum: 570, Workers: 4
[26.893s][debug][gc,phases      ] GC(62)   ObjectSynchronizer Weak        Min:  0.0, Avg:  0.0, Max:  0.0, Diff:  0.0, Sum:  0.0, Workers: 4
[26.893s][debug][gc,phases      ] GC(62)     Dead                           Min: 0, Avg:  0.0, Max: 0, Diff: 0, Sum: 0, Workers: 4
[26.893s][debug][gc,phases      ] GC(62)     Total                          Min: 0, Avg: 98.5, Max: 256, Diff: 256, Sum: 394, Workers: 4
[26.893s][debug][gc,phases      ] GC(62)   JVMTI Tag Weak OopStorage      Min:  0.0, Avg:  0.0, Max:  0.0, Diff:  0.0, Sum:  0.0, Workers: 4
[26.893s][debug][gc,phases      ] GC(62)     Dead                           Min: 0, Avg:  0.0, Max: 0, Diff: 0, Sum: 0, Workers: 4
[26.893s][debug][gc,phases      ] GC(62)     Total                          Min: 0, Avg:  0.0, Max: 0, Diff: 0, Sum: 0, Workers: 4
[26.893s][debug][gc,phases      ] GC(62)   StringTable Weak               Min:  0.1, Avg:  0.1, Max:  0.1, Diff:  0.0, Sum:  0.4, Workers: 4
[26.893s][debug][gc,phases      ] GC(62)     Dead                           Min: 0, Avg:  0.0, Max: 0, Diff: 0, Sum: 0, Workers: 4
[26.893s][debug][gc,phases      ] GC(62)     Total                          Min: 9536, Avg: 10638.0, Max: 11384, Diff: 1848, Sum: 42552, Workers: 4
[26.893s][debug][gc,phases      ] GC(62)   ResolvedMethodTable Weak       Min:  0.0, Avg:  0.0, Max:  0.0, Diff:  0.0, Sum:  0.1, Workers: 4
[26.893s][debug][gc,phases      ] GC(62)     Dead                           Min: 0, Avg:  0.0, Max: 0, Diff: 0, Sum: 0, Workers: 4
[26.893s][debug][gc,phases      ] GC(62)     Total                          Min: 1664, Avg: 1799.0, Max: 1948, Diff: 284, Sum: 7196, Workers: 4
[26.893s][debug][gc,phases      ] GC(62)   JNI Weak                       Min:  0.0, Avg:  0.0, Max:  0.0, Diff:  0.0, Sum:  0.0, Workers: 4
[26.893s][debug][gc,phases      ] GC(62)     Dead                           Min: 0, Avg:  0.0, Max: 0, Diff: 0, Sum: 0, Workers: 4
[26.893s][debug][gc,phases      ] GC(62)     Total                          Min: 0, Avg:  0.8, Max: 3, Diff: 3, Sum: 3, Workers: 4
[26.893s][debug][gc,phases      ] GC(62)   StringDedup Table Weak         Min:  0.0, Avg:  0.0, Max:  0.0, Diff:  0.0, Sum:  0.0, Workers: 4
[26.893s][debug][gc,phases      ] GC(62)     Dead                           Min: 0, Avg:  0.0, Max: 0, Diff: 0, Sum: 0, Workers: 4
[26.893s][debug][gc,phases      ] GC(62)     Total                          Min: 0, Avg:  0.0, Max: 0, Diff: 0, Sum: 0, Workers: 4
[26.893s][debug][gc,phases      ] GC(62)   StringDedup Requests0 Weak     Min:  0.0, Avg:  0.0, Max:  0.0, Diff:  0.0, Sum:  0.0, Workers: 4
[26.893s][debug][gc,phases      ] GC(62)     Dead                           Min: 0, Avg:  0.0, Max: 0, Diff: 0, Sum: 0, Workers: 4
[26.893s][debug][gc,phases      ] GC(62)     Total                          Min: 0, Avg:  0.0, Max: 0, Diff: 0, Sum: 0, Workers: 4
[26.893s][debug][gc,phases      ] GC(62)   StringDedup Requests1 Weak     Min:  0.0, Avg:  0.0, Max:  0.0, Diff:  0.0, Sum:  0.0, Workers: 4
[26.893s][debug][gc,phases      ] GC(62)     Dead                           Min: 0, Avg:  0.0, Max: 0, Diff: 0, Sum: 0, Workers: 4
[26.893s][debug][gc,phases      ] GC(62)     Total                          Min: 0, Avg:  0.0, Max: 0, Diff: 0, Sum: 0, Workers: 4
[26.893s][debug][gc,phases      ] GC(62)   Weak JFR Old Object Samples    Min:  0.0, Avg:  0.0, Max:  0.0, Diff:  0.0, Sum:  0.0, Workers: 4
[26.893s][debug][gc,phases      ] GC(62)     Dead                           Min: 0, Avg:  0.0, Max: 0, Diff: 0, Sum: 0, Workers: 4
[26.893s][debug][gc,phases      ] GC(62)     Total                          Min: 0, Avg:  0.0, Max: 0, Diff: 0, Sum: 0, Workers: 4
[26.893s][debug][gc,phases      ] GC(62) Weak Processing 0.302ms
[26.893s][debug][gc,age         ] GC(62) Desired survivor size 198180864 bytes, new threshold 15 (max threshold 15)
[26.893s][info ][gc,heap        ] GC(62) PSYoungGen: 1684790K(1857024K)->51647K(1903616K) Eden: 1632768K(1632768K)->0K(1695744K) From: 52022K(224256K)->51647K(207872K)
[26.893s][info ][gc,heap        ] GC(62) ParOldGen: 549485K(721920K)->552269K(721920K)
[26.893s][info ][gc,metaspace   ] GC(62) Metaspace: 68202K(68928K)->68202K(68928K) NonClass: 58287K(58688K)->58287K(58688K) Class: 9914K(10240K)->9914K(10240K)
[26.893s][info ][gc             ] GC(62) Pause Young (Allocation Failure) 2181M->589M(2564M) 20.988ms
[26.893s][info ][gc,cpu         ] GC(62) User=0.11s Sys=0.00s Real=0.02s
[26.893s][info ][safepoint      ] Safepoint "ParallelGCFailedAllocation", Time since last: 254394942 ns, Reaching safepoint: 155009 ns, At safepoint: 21104448 ns, Total: 21259457 ns
[27.204s][info ][gc,start       ] GC(63) Pause Young (Allocation Failure)
[27.224s][debug][gc,phases      ] GC(63) Scavenge 20.331ms
[27.224s][debug][gc,ref         ] GC(63) Skipped phase 1 of Reference Processing: no references
[27.224s][debug][gc,ref         ] GC(63) ReferenceProcessor::execute queues: 1, RefProcThreadModel::Single, marks_oops_alive: false
[27.224s][debug][gc,ref         ] GC(63) Skipped phase 3 of Reference Processing: no references
[27.224s][debug][gc,ref         ] GC(63) ReferenceProcessor::execute queues: 1, RefProcThreadModel::Single, marks_oops_alive: false
[27.224s][debug][gc,phases      ] GC(63) Reference Processing 0.142ms
[27.224s][debug][gc,phases      ] GC(63)   VM Weak                        Min:  0.0, Avg:  0.0, Max:  0.0, Diff:  0.0, Sum:  0.0, Workers: 4
[27.224s][debug][gc,phases      ] GC(63)     Dead                           Min: 0, Avg:  0.0, Max: 0, Diff: 0, Sum: 0, Workers: 4
[27.224s][debug][gc,phases      ] GC(63)     Total                          Min: 0, Avg: 142.5, Max: 570, Diff: 570, Sum: 570, Workers: 4
[27.224s][debug][gc,phases      ] GC(63)   ObjectSynchronizer Weak        Min:  0.0, Avg:  0.0, Max:  0.0, Diff:  0.0, Sum:  0.0, Workers: 4
[27.224s][debug][gc,phases      ] GC(63)     Dead                           Min: 0, Avg:  0.0, Max: 0, Diff: 0, Sum: 0, Workers: 4
[27.224s][debug][gc,phases      ] GC(63)     Total                          Min: 0, Avg: 98.5, Max: 202, Diff: 202, Sum: 394, Workers: 4
[27.224s][debug][gc,phases      ] GC(63)   JVMTI Tag Weak OopStorage      Min:  0.0, Avg:  0.0, Max:  0.0, Diff:  0.0, Sum:  0.0, Workers: 4
[27.224s][debug][gc,phases      ] GC(63)     Dead                           Min: 0, Avg:  0.0, Max: 0, Diff: 0, Sum: 0, Workers: 4
[27.224s][debug][gc,phases      ] GC(63)     Total                          Min: 0, Avg:  0.0, Max: 0, Diff: 0, Sum: 0, Workers: 4
[27.224s][debug][gc,phases      ] GC(63)   StringTable Weak               Min:  0.1, Avg:  0.1, Max:  0.1, Diff:  0.0, Sum:  0.4, Workers: 4
[27.224s][debug][gc,phases      ] GC(63)     Dead                           Min: 0, Avg:  2.8, Max: 8, Diff: 8, Sum: 11, Workers: 4
[27.224s][debug][gc,phases      ] GC(63)     Total                          Min: 9727, Avg: 10638.5, Max: 11392, Diff: 1665, Sum: 42554, Workers: 4
[27.224s][debug][gc,phases      ] GC(63)   ResolvedMethodTable Weak       Min:  0.0, Avg:  0.0, Max:  0.0, Diff:  0.0, Sum:  0.1, Workers: 4
[27.224s][debug][gc,phases      ] GC(63)     Dead                           Min: 0, Avg:  0.0, Max: 0, Diff: 0, Sum: 0, Workers: 4
[27.224s][debug][gc,phases      ] GC(63)     Total                          Min: 1664, Avg: 1799.0, Max: 1920, Diff: 256, Sum: 7196, Workers: 4
[27.224s][debug][gc,phases      ] GC(63)   JNI Weak                       Min:  0.0, Avg:  0.0, Max:  0.0, Diff:  0.0, Sum:  0.0, Workers: 4
[27.224s][debug][gc,phases      ] GC(63)     Dead                           Min: 0, Avg:  0.0, Max: 0, Diff: 0, Sum: 0, Workers: 4
[27.224s][debug][gc,phases      ] GC(63)     Total                          Min: 0, Avg:  1.5, Max: 6, Diff: 6, Sum: 6, Workers: 4
[27.224s][debug][gc,phases      ] GC(63)   StringDedup Table Weak         Min:  0.0, Avg:  0.0, Max:  0.0, Diff:  0.0, Sum:  0.0, Workers: 4
[27.224s][debug][gc,phases      ] GC(63)     Dead                           Min: 0, Avg:  0.0, Max: 0, Diff: 0, Sum: 0, Workers: 4
[27.224s][debug][gc,phases      ] GC(63)     Total                          Min: 0, Avg:  0.0, Max: 0, Diff: 0, Sum: 0, Workers: 4
[27.224s][debug][gc,phases      ] GC(63)   StringDedup Requests0 Weak     Min:  0.0, Avg:  0.0, Max:  0.0, Diff:  0.0, Sum:  0.0, Workers: 4
[27.224s][debug][gc,phases      ] GC(63)     Dead                           Min: 0, Avg:  0.0, Max: 0, Diff: 0, Sum: 0, Workers: 4
[27.224s][debug][gc,phases      ] GC(63)     Total                          Min: 0, Avg:  0.0, Max: 0, Diff: 0, Sum: 0, Workers: 4
[27.224s][debug][gc,phases      ] GC(63)   StringDedup Requests1 Weak     Min:  0.0, Avg:  0.0, Max:  0.0, Diff:  0.0, Sum:  0.0, Workers: 4
[27.224s][debug][gc,phases      ] GC(63)     Dead                           Min: 0, Avg:  0.0, Max: 0, Diff: 0, Sum: 0, Workers: 4
[27.224s][debug][gc,phases      ] GC(63)     Total                          Min: 0, Avg:  0.0, Max: 0, Diff: 0, Sum: 0, Workers: 4
[27.224s][debug][gc,phases      ] GC(63)   Weak JFR Old Object Samples    Min:  0.0, Avg:  0.0, Max:  0.0, Diff:  0.0, Sum:  0.0, Workers: 4
[27.224s][debug][gc,phases      ] GC(63)     Dead                           Min: 0, Avg:  0.0, Max: 0, Diff: 0, Sum: 0, Workers: 4
[27.224s][debug][gc,phases      ] GC(63)     Total                          Min: 0, Avg:  0.0, Max: 0, Diff: 0, Sum: 0, Workers: 4
[27.224s][debug][gc,phases      ] GC(63) Weak Processing 0.308ms
[27.224s][debug][gc,age         ] GC(63) Desired survivor size 184549376 bytes, new threshold 15 (max threshold 15)
[27.225s][info ][gc,heap        ] GC(63) PSYoungGen: 1747391K(1903616K)->56918K(1889280K) Eden: 1695744K(1695744K)->0K(1695744K) From: 51647K(207872K)->56918K(193536K)
[27.225s][info ][gc,heap        ] GC(63) ParOldGen: 552269K(721920K)->553789K(721920K)
[27.225s][info ][gc,metaspace   ] GC(63) Metaspace: 68215K(68928K)->68215K(68928K) NonClass: 58301K(58688K)->58301K(58688K) Class: 9914K(10240K)->9914K(10240K)
[27.225s][info ][gc             ] GC(63) Pause Young (Allocation Failure) 2245M->596M(2550M) 20.912ms
[27.225s][info ][gc,cpu         ] GC(63) User=0.09s Sys=0.00s Real=0.02s
[27.225s][info ][safepoint      ] Safepoint "ParallelGCFailedAllocation", Time since last: 310424154 ns, Reaching safepoint: 169610 ns, At safepoint: 21017943 ns, Total: 21187553 ns
[27.565s][info ][gc,start       ] GC(64) Pause Young (Allocation Failure)
[27.590s][debug][gc,phases      ] GC(64) Scavenge 25.163ms
[27.591s][debug][gc,ref         ] GC(64) Skipped phase 1 of Reference Processing: no references
[27.591s][debug][gc,ref         ] GC(64) ReferenceProcessor::execute queues: 1, RefProcThreadModel::Single, marks_oops_alive: false
[27.591s][debug][gc,ref         ] GC(64) Skipped phase 3 of Reference Processing: no references
[27.591s][debug][gc,ref         ] GC(64) ReferenceProcessor::execute queues: 1, RefProcThreadModel::Single, marks_oops_alive: false
[27.591s][debug][gc,phases      ] GC(64) Reference Processing 0.130ms
[27.591s][debug][gc,phases      ] GC(64)   VM Weak                        Min:  0.0, Avg:  0.0, Max:  0.0, Diff:  0.0, Sum:  0.0, Workers: 4
[27.591s][debug][gc,phases      ] GC(64)     Dead                           Min: 0, Avg:  0.0, Max: 0, Diff: 0, Sum: 0, Workers: 4
[27.591s][debug][gc,phases      ] GC(64)     Total                          Min: 0, Avg: 142.5, Max: 506, Diff: 506, Sum: 570, Workers: 4
[27.591s][debug][gc,phases      ] GC(64)   ObjectSynchronizer Weak        Min:  0.0, Avg:  0.0, Max:  0.0, Diff:  0.0, Sum:  0.0, Workers: 4
[27.591s][debug][gc,phases      ] GC(64)     Dead                           Min: 0, Avg:  0.0, Max: 0, Diff: 0, Sum: 0, Workers: 4
[27.591s][debug][gc,phases      ] GC(64)     Total                          Min: 0, Avg: 98.5, Max: 266, Diff: 266, Sum: 394, Workers: 4
[27.591s][debug][gc,phases      ] GC(64)   JVMTI Tag Weak OopStorage      Min:  0.0, Avg:  0.0, Max:  0.0, Diff:  0.0, Sum:  0.0, Workers: 4
[27.591s][debug][gc,phases      ] GC(64)     Dead                           Min: 0, Avg:  0.0, Max: 0, Diff: 0, Sum: 0, Workers: 4
[27.591s][debug][gc,phases      ] GC(64)     Total                          Min: 0, Avg:  0.0, Max: 0, Diff: 0, Sum: 0, Workers: 4
[27.591s][debug][gc,phases      ] GC(64)   StringTable Weak               Min:  0.1, Avg:  0.1, Max:  0.1, Diff:  0.0, Sum:  0.4, Workers: 4
[27.591s][debug][gc,phases      ] GC(64)     Dead                           Min: 0, Avg:  2.8, Max: 11, Diff: 11, Sum: 11, Workers: 4
[27.591s][debug][gc,phases      ] GC(64)     Total                          Min: 8765, Avg: 10647.2, Max: 12024, Diff: 3259, Sum: 42589, Workers: 4
[27.591s][debug][gc,phases      ] GC(64)   ResolvedMethodTable Weak       Min:  0.0, Avg:  0.0, Max:  0.0, Diff:  0.0, Sum:  0.1, Workers: 4
[27.591s][debug][gc,phases      ] GC(64)     Dead                           Min: 0, Avg:  1.2, Max: 5, Diff: 5, Sum: 5, Workers: 4
[27.591s][debug][gc,phases      ] GC(64)     Total                          Min: 1600, Avg: 1803.0, Max: 2095, Diff: 495, Sum: 7212, Workers: 4
[27.591s][debug][gc,phases      ] GC(64)   JNI Weak                       Min:  0.0, Avg:  0.0, Max:  0.0, Diff:  0.0, Sum:  0.0, Workers: 4
[27.591s][debug][gc,phases      ] GC(64)     Dead                           Min: 0, Avg:  0.0, Max: 0, Diff: 0, Sum: 0, Workers: 4
[27.591s][debug][gc,phases      ] GC(64)     Total                          Min: 0, Avg:  2.0, Max: 8, Diff: 8, Sum: 8, Workers: 4
[27.591s][debug][gc,phases      ] GC(64)   StringDedup Table Weak         Min:  0.0, Avg:  0.0, Max:  0.0, Diff:  0.0, Sum:  0.0, Workers: 4
[27.591s][debug][gc,phases      ] GC(64)     Dead                           Min: 0, Avg:  0.0, Max: 0, Diff: 0, Sum: 0, Workers: 4
[27.591s][debug][gc,phases      ] GC(64)     Total                          Min: 0, Avg:  0.0, Max: 0, Diff: 0, Sum: 0, Workers: 4
[27.591s][debug][gc,phases      ] GC(64)   StringDedup Requests0 Weak     Min:  0.0, Avg:  0.0, Max:  0.0, Diff:  0.0, Sum:  0.0, Workers: 4
[27.591s][debug][gc,phases      ] GC(64)     Dead                           Min: 0, Avg:  0.0, Max: 0, Diff: 0, Sum: 0, Workers: 4
[27.591s][debug][gc,phases      ] GC(64)     Total                          Min: 0, Avg:  0.0, Max: 0, Diff: 0, Sum: 0, Workers: 4
[27.591s][debug][gc,phases      ] GC(64)   StringDedup Requests1 Weak     Min:  0.0, Avg:  0.0, Max:  0.0, Diff:  0.0, Sum:  0.0, Workers: 4
[27.591s][debug][gc,phases      ] GC(64)     Dead                           Min: 0, Avg:  0.0, Max: 0, Diff: 0, Sum: 0, Workers: 4
[27.591s][debug][gc,phases      ] GC(64)     Total                          Min: 0, Avg:  0.0, Max: 0, Diff: 0, Sum: 0, Workers: 4
[27.591s][debug][gc,phases      ] GC(64)   Weak JFR Old Object Samples    Min:  0.0, Avg:  0.0, Max:  0.0, Diff:  0.0, Sum:  0.0, Workers: 4
[27.591s][debug][gc,phases      ] GC(64)     Dead                           Min: 0, Avg:  0.0, Max: 0, Diff: 0, Sum: 0, Workers: 4
[27.591s][debug][gc,phases      ] GC(64)     Total                          Min: 0, Avg:  0.0, Max: 0, Diff: 0, Sum: 0, Workers: 4
[27.591s][debug][gc,phases      ] GC(64) Weak Processing 0.337ms
[27.591s][debug][gc,age         ] GC(64) Desired survivor size 176160768 bytes, new threshold 15 (max threshold 15)
[27.591s][info ][gc,heap        ] GC(64) PSYoungGen: 1752662K(1889280K)->66134K(1925120K) Eden: 1695744K(1695744K)->0K(1744896K) From: 56918K(193536K)->66134K(180224K)
[27.591s][info ][gc,heap        ] GC(64) ParOldGen: 553789K(721920K)->555453K(721920K)
[27.591s][info ][gc,metaspace   ] GC(64) Metaspace: 68299K(68992K)->68299K(68992K) NonClass: 58377K(58752K)->58377K(58752K) Class: 9922K(10240K)->9922K(10240K)
[27.591s][info ][gc             ] GC(64) Pause Young (Allocation Failure) 2252M->607M(2585M) 25.769ms
[27.591s][info ][gc,cpu         ] GC(64) User=0.13s Sys=0.00s Real=0.02s
[27.591s][info ][safepoint      ] Safepoint "ParallelGCFailedAllocation", Time since last: 340398427 ns, Reaching safepoint: 227814 ns, At safepoint: 25876530 ns, Total: 26104344 ns
[27.881s][info ][gc,start       ] GC(65) Pause Young (Allocation Failure)
[27.907s][debug][gc,phases      ] GC(65) Scavenge 26.605ms
[27.908s][debug][gc,ref         ] GC(65) Skipped phase 1 of Reference Processing: no references
[27.908s][debug][gc,ref         ] GC(65) ReferenceProcessor::execute queues: 1, RefProcThreadModel::Single, marks_oops_alive: false
[27.908s][debug][gc,ref         ] GC(65) Skipped phase 3 of Reference Processing: no references
[27.908s][debug][gc,ref         ] GC(65) ReferenceProcessor::execute queues: 1, RefProcThreadModel::Single, marks_oops_alive: false
[27.908s][debug][gc,phases      ] GC(65) Reference Processing 0.141ms
[27.908s][debug][gc,phases      ] GC(65)   VM Weak                        Min:  0.0, Avg:  0.0, Max:  0.0, Diff:  0.0, Sum:  0.0, Workers: 4
[27.908s][debug][gc,phases      ] GC(65)     Dead                           Min: 0, Avg:  0.0, Max: 0, Diff: 0, Sum: 0, Workers: 4
[27.908s][debug][gc,phases      ] GC(65)     Total                          Min: 0, Avg: 142.5, Max: 570, Diff: 570, Sum: 570, Workers: 4
[27.908s][debug][gc,phases      ] GC(65)   ObjectSynchronizer Weak        Min:  0.0, Avg:  0.0, Max:  0.0, Diff:  0.0, Sum:  0.0, Workers: 4
[27.908s][debug][gc,phases      ] GC(65)     Dead                           Min: 0, Avg:  0.0, Max: 0, Diff: 0, Sum: 0, Workers: 4
[27.908s][debug][gc,phases      ] GC(65)     Total                          Min: 0, Avg: 98.5, Max: 394, Diff: 394, Sum: 394, Workers: 4
[27.908s][debug][gc,phases      ] GC(65)   JVMTI Tag Weak OopStorage      Min:  0.0, Avg:  0.0, Max:  0.0, Diff:  0.0, Sum:  0.0, Workers: 4
[27.908s][debug][gc,phases      ] GC(65)     Dead                           Min: 0, Avg:  0.0, Max: 0, Diff: 0, Sum: 0, Workers: 4
[27.908s][debug][gc,phases      ] GC(65)     Total                          Min: 0, Avg:  0.0, Max: 0, Diff: 0, Sum: 0, Workers: 4
[27.908s][debug][gc,phases      ] GC(65)   StringTable Weak               Min:  0.1, Avg:  0.1, Max:  0.1, Diff:  0.0, Sum:  0.4, Workers: 4
[27.908s][debug][gc,phases      ] GC(65)     Dead                           Min: 0, Avg:  0.2, Max: 1, Diff: 1, Sum: 1, Workers: 4
[27.908s][debug][gc,phases      ] GC(65)     Total                          Min: 10035, Avg: 10649.8, Max: 11768, Diff: 1733, Sum: 42599, Workers: 4
[27.908s][debug][gc,phases      ] GC(65)   ResolvedMethodTable Weak       Min:  0.0, Avg:  0.0, Max:  0.0, Diff:  0.0, Sum:  0.1, Workers: 4
[27.908s][debug][gc,phases      ] GC(65)     Dead                           Min: 0, Avg:  0.0, Max: 0, Diff: 0, Sum: 0, Workers: 4
[27.908s][debug][gc,phases      ] GC(65)     Total                          Min: 1594, Avg: 1805.8, Max: 2112, Diff: 518, Sum: 7223, Workers: 4
[27.908s][debug][gc,phases      ] GC(65)   JNI Weak                       Min:  0.0, Avg:  0.0, Max:  0.0, Diff:  0.0, Sum:  0.0, Workers: 4
[27.908s][debug][gc,phases      ] GC(65)     Dead                           Min: 0, Avg:  0.0, Max: 0, Diff: 0, Sum: 0, Workers: 4
[27.908s][debug][gc,phases      ] GC(65)     Total                          Min: 0, Avg:  0.0, Max: 0, Diff: 0, Sum: 0, Workers: 4
[27.908s][debug][gc,phases      ] GC(65)   StringDedup Table Weak         Min:  0.0, Avg:  0.0, Max:  0.0, Diff:  0.0, Sum:  0.0, Workers: 4
[27.908s][debug][gc,phases      ] GC(65)     Dead                           Min: 0, Avg:  0.0, Max: 0, Diff: 0, Sum: 0, Workers: 4
[27.908s][debug][gc,phases      ] GC(65)     Total                          Min: 0, Avg:  0.0, Max: 0, Diff: 0, Sum: 0, Workers: 4
[27.908s][debug][gc,phases      ] GC(65)   StringDedup Requests0 Weak     Min:  0.0, Avg:  0.0, Max:  0.0, Diff:  0.0, Sum:  0.0, Workers: 4
[27.908s][debug][gc,phases      ] GC(65)     Dead                           Min: 0, Avg:  0.0, Max: 0, Diff: 0, Sum: 0, Workers: 4
[27.908s][debug][gc,phases      ] GC(65)     Total                          Min: 0, Avg:  0.0, Max: 0, Diff: 0, Sum: 0, Workers: 4
[27.908s][debug][gc,phases      ] GC(65)   StringDedup Requests1 Weak     Min:  0.0, Avg:  0.0, Max:  0.0, Diff:  0.0, Sum:  0.0, Workers: 4
[27.908s][debug][gc,phases      ] GC(65)     Dead                           Min: 0, Avg:  0.0, Max: 0, Diff: 0, Sum: 0, Workers: 4
[27.908s][debug][gc,phases      ] GC(65)     Total                          Min: 0, Avg:  0.0, Max: 0, Diff: 0, Sum: 0, Workers: 4
[27.908s][debug][gc,phases      ] GC(65)   Weak JFR Old Object Samples    Min:  0.0, Avg:  0.0, Max:  0.0, Diff:  0.0, Sum:  0.0, Workers: 4
[27.908s][debug][gc,phases      ] GC(65)     Dead                           Min: 0, Avg:  0.0, Max: 0, Diff: 0, Sum: 0, Workers: 4
[27.908s][debug][gc,phases      ] GC(65)     Total                          Min: 0, Avg:  0.0, Max: 0, Diff: 0, Sum: 0, Workers: 4
[27.908s][debug][gc,phases      ] GC(65) Weak Processing 0.337ms
[27.908s][debug][gc,age         ] GC(65) Desired survivor size 171442176 bytes, new threshold 15 (max threshold 15)
[27.908s][info ][gc,heap        ] GC(65) PSYoungGen: 1811030K(1925120K)->75462K(1916928K) Eden: 1744896K(1744896K)->0K(1744896K) From: 66134K(180224K)->75462K(172032K)
[27.908s][info ][gc,heap        ] GC(65) ParOldGen: 555453K(721920K)->558425K(721920K)
[27.908s][info ][gc,metaspace   ] GC(65) Metaspace: 68323K(68992K)->68323K(68992K) NonClass: 58397K(58752K)->58397K(58752K) Class: 9925K(10240K)->9925K(10240K)
[27.908s][info ][gc             ] GC(65) Pause Young (Allocation Failure) 2311M->619M(2577M) 27.231ms
[27.908s][info ][gc,cpu         ] GC(65) User=0.11s Sys=0.00s Real=0.03s
[27.908s][info ][safepoint      ] Safepoint "ParallelGCFailedAllocation", Time since last: 289563721 ns, Reaching safepoint: 136308 ns, At safepoint: 27343717 ns, Total: 27480025 ns
[28.237s][info ][gc,start       ] GC(66) Pause Young (Allocation Failure)
[28.267s][debug][gc,phases      ] GC(66) Scavenge 29.908ms
[28.267s][debug][gc,ref         ] GC(66) Skipped phase 1 of Reference Processing: no references
[28.267s][debug][gc,ref         ] GC(66) ReferenceProcessor::execute queues: 1, RefProcThreadModel::Single, marks_oops_alive: false
[28.267s][debug][gc,ref         ] GC(66) Skipped phase 3 of Reference Processing: no references
[28.267s][debug][gc,ref         ] GC(66) ReferenceProcessor::execute queues: 1, RefProcThreadModel::Single, marks_oops_alive: false
[28.267s][debug][gc,phases      ] GC(66) Reference Processing 0.157ms
[28.267s][debug][gc,phases      ] GC(66)   VM Weak                        Min:  0.0, Avg:  0.0, Max:  0.0, Diff:  0.0, Sum:  0.0, Workers: 4
[28.267s][debug][gc,phases      ] GC(66)     Dead                           Min: 0, Avg:  0.0, Max: 0, Diff: 0, Sum: 0, Workers: 4
[28.267s][debug][gc,phases      ] GC(66)     Total                          Min: 0, Avg: 142.5, Max: 570, Diff: 570, Sum: 570, Workers: 4
[28.267s][debug][gc,phases      ] GC(66)   ObjectSynchronizer Weak        Min:  0.0, Avg:  0.0, Max:  0.0, Diff:  0.0, Sum:  0.0, Workers: 4
[28.267s][debug][gc,phases      ] GC(66)     Dead                           Min: 0, Avg:  0.0, Max: 0, Diff: 0, Sum: 0, Workers: 4
[28.267s][debug][gc,phases      ] GC(66)     Total                          Min: 0, Avg: 98.5, Max: 202, Diff: 202, Sum: 394, Workers: 4
[28.267s][debug][gc,phases      ] GC(66)   JVMTI Tag Weak OopStorage      Min:  0.0, Avg:  0.0, Max:  0.0, Diff:  0.0, Sum:  0.0, Workers: 4
[28.267s][debug][gc,phases      ] GC(66)     Dead                           Min: 0, Avg:  0.0, Max: 0, Diff: 0, Sum: 0, Workers: 4
[28.267s][debug][gc,phases      ] GC(66)     Total                          Min: 0, Avg:  0.0, Max: 0, Diff: 0, Sum: 0, Workers: 4
[28.267s][debug][gc,phases      ] GC(66)   StringTable Weak               Min:  0.1, Avg:  0.1, Max:  0.1, Diff:  0.0, Sum:  0.4, Workers: 4
[28.267s][debug][gc,phases      ] GC(66)     Dead                           Min: 0, Avg:  3.0, Max: 8, Diff: 8, Sum: 12, Workers: 4
[28.267s][debug][gc,phases      ] GC(66)     Total                          Min: 10122, Avg: 10658.5, Max: 11200, Diff: 1078, Sum: 42634, Workers: 4
[28.267s][debug][gc,phases      ] GC(66)   ResolvedMethodTable Weak       Min:  0.0, Avg:  0.0, Max:  0.0, Diff:  0.0, Sum:  0.1, Workers: 4
[28.267s][debug][gc,phases      ] GC(66)     Dead                           Min: 0, Avg:  0.0, Max: 0, Diff: 0, Sum: 0, Workers: 4
[28.267s][debug][gc,phases      ] GC(66)     Total                          Min: 1664, Avg: 1808.8, Max: 1923, Diff: 259, Sum: 7235, Workers: 4
[28.267s][debug][gc,phases      ] GC(66)   JNI Weak                       Min:  0.0, Avg:  0.0, Max:  0.0, Diff:  0.0, Sum:  0.0, Workers: 4
[28.267s][debug][gc,phases      ] GC(66)     Dead                           Min: 0, Avg:  0.0, Max: 0, Diff: 0, Sum: 0, Workers: 4
[28.267s][debug][gc,phases      ] GC(66)     Total                          Min: 0, Avg:  1.5, Max: 6, Diff: 6, Sum: 6, Workers: 4
[28.267s][debug][gc,phases      ] GC(66)   StringDedup Table Weak         Min:  0.0, Avg:  0.0, Max:  0.0, Diff:  0.0, Sum:  0.0, Workers: 4
[28.267s][debug][gc,phases      ] GC(66)     Dead                           Min: 0, Avg:  0.0, Max: 0, Diff: 0, Sum: 0, Workers: 4
[28.267s][debug][gc,phases      ] GC(66)     Total                          Min: 0, Avg:  0.0, Max: 0, Diff: 0, Sum: 0, Workers: 4
[28.267s][debug][gc,phases      ] GC(66)   StringDedup Requests0 Weak     Min:  0.0, Avg:  0.0, Max:  0.0, Diff:  0.0, Sum:  0.0, Workers: 4
[28.267s][debug][gc,phases      ] GC(66)     Dead                           Min: 0, Avg:  0.0, Max: 0, Diff: 0, Sum: 0, Workers: 4
[28.267s][debug][gc,phases      ] GC(66)     Total                          Min: 0, Avg:  0.0, Max: 0, Diff: 0, Sum: 0, Workers: 4
[28.267s][debug][gc,phases      ] GC(66)   StringDedup Requests1 Weak     Min:  0.0, Avg:  0.0, Max:  0.0, Diff:  0.0, Sum:  0.0, Workers: 4
[28.267s][debug][gc,phases      ] GC(66)     Dead                           Min: 0, Avg:  0.0, Max: 0, Diff: 0, Sum: 0, Workers: 4
[28.267s][debug][gc,phases      ] GC(66)     Total                          Min: 0, Avg:  0.0, Max: 0, Diff: 0, Sum: 0, Workers: 4
[28.267s][debug][gc,phases      ] GC(66)   Weak JFR Old Object Samples    Min:  0.0, Avg:  0.0, Max:  0.0, Diff:  0.0, Sum:  0.0, Workers: 4
[28.267s][debug][gc,phases      ] GC(66)     Dead                           Min: 0, Avg:  0.0, Max: 0, Diff: 0, Sum: 0, Workers: 4
[28.267s][debug][gc,phases      ] GC(66)     Total                          Min: 0, Avg:  0.0, Max: 0, Diff: 0, Sum: 0, Workers: 4
[28.267s][debug][gc,phases      ] GC(66) Weak Processing 0.323ms
[28.267s][debug][gc,age         ] GC(66) Desired survivor size 174063616 bytes, new threshold 15 (max threshold 15)
[28.267s][info ][gc,heap        ] GC(66) PSYoungGen: 1820358K(1916928K)->94406K(1924608K) Eden: 1744896K(1744896K)->0K(1757184K) From: 75462K(172032K)->94406K(167424K)
[28.267s][info ][gc,heap        ] GC(66) ParOldGen: 558425K(721920K)->560049K(721920K)
[28.267s][info ][gc,metaspace   ] GC(66) Metaspace: 68386K(69120K)->68386K(69120K) NonClass: 58457K(58880K)->58457K(58880K) Class: 9929K(10240K)->9929K(10240K)
[28.267s][info ][gc             ] GC(66) Pause Young (Allocation Failure) 2323M->639M(2584M) 30.526ms
[28.267s][info ][gc,cpu         ] GC(66) User=0.13s Sys=0.01s Real=0.03s
[28.267s][info ][safepoint      ] Safepoint "ParallelGCFailedAllocation", Time since last: 328188005 ns, Reaching safepoint: 175110 ns, At safepoint: 30646912 ns, Total: 30822022 ns
[28.614s][info ][gc,start       ] GC(67) Pause Young (Allocation Failure)
[28.649s][debug][gc,phases      ] GC(67) Scavenge 34.617ms
[28.649s][debug][gc,ref         ] GC(67) Skipped phase 1 of Reference Processing: no references
[28.649s][debug][gc,ref         ] GC(67) ReferenceProcessor::execute queues: 1, RefProcThreadModel::Single, marks_oops_alive: false
[28.649s][debug][gc,ref         ] GC(67) Skipped phase 3 of Reference Processing: no references
[28.649s][debug][gc,ref         ] GC(67) ReferenceProcessor::execute queues: 1, RefProcThreadModel::Single, marks_oops_alive: false
[28.649s][debug][gc,phases      ] GC(67) Reference Processing 0.126ms
[28.649s][debug][gc,phases      ] GC(67)   VM Weak                        Min:  0.0, Avg:  0.0, Max:  0.0, Diff:  0.0, Sum:  0.0, Workers: 4
[28.649s][debug][gc,phases      ] GC(67)     Dead                           Min: 0, Avg:  0.0, Max: 0, Diff: 0, Sum: 0, Workers: 4
[28.649s][debug][gc,phases      ] GC(67)     Total                          Min: 0, Avg: 142.5, Max: 320, Diff: 320, Sum: 570, Workers: 4
[28.649s][debug][gc,phases      ] GC(67)   ObjectSynchronizer Weak        Min:  0.0, Avg:  0.0, Max:  0.0, Diff:  0.0, Sum:  0.0, Workers: 4
[28.649s][debug][gc,phases      ] GC(67)     Dead                           Min: 0, Avg:  0.0, Max: 0, Diff: 0, Sum: 0, Workers: 4
[28.649s][debug][gc,phases      ] GC(67)     Total                          Min: 0, Avg: 98.5, Max: 202, Diff: 202, Sum: 394, Workers: 4
[28.649s][debug][gc,phases      ] GC(67)   JVMTI Tag Weak OopStorage      Min:  0.0, Avg:  0.0, Max:  0.0, Diff:  0.0, Sum:  0.0, Workers: 4
[28.649s][debug][gc,phases      ] GC(67)     Dead                           Min: 0, Avg:  0.0, Max: 0, Diff: 0, Sum: 0, Workers: 4
[28.649s][debug][gc,phases      ] GC(67)     Total                          Min: 0, Avg:  0.0, Max: 0, Diff: 0, Sum: 0, Workers: 4
[28.649s][debug][gc,phases      ] GC(67)   StringTable Weak               Min:  0.1, Avg:  0.1, Max:  0.1, Diff:  0.0, Sum:  0.3, Workers: 4
[28.649s][debug][gc,phases      ] GC(67)     Dead                           Min: 0, Avg:  2.8, Max: 11, Diff: 11, Sum: 11, Workers: 4
[28.649s][debug][gc,phases      ] GC(67)     Total                          Min: 9762, Avg: 10661.8, Max: 11192, Diff: 1430, Sum: 42647, Workers: 4
[28.649s][debug][gc,phases      ] GC(67)   ResolvedMethodTable Weak       Min:  0.0, Avg:  0.0, Max:  0.0, Diff:  0.0, Sum:  0.1, Workers: 4
[28.649s][debug][gc,phases      ] GC(67)     Dead                           Min: 0, Avg:  0.0, Max: 0, Diff: 0, Sum: 0, Workers: 4
[28.649s][debug][gc,phases      ] GC(67)     Total                          Min: 1728, Avg: 1809.0, Max: 1860, Diff: 132, Sum: 7236, Workers: 4
[28.649s][debug][gc,phases      ] GC(67)   JNI Weak                       Min:  0.0, Avg:  0.0, Max:  0.0, Diff:  0.0, Sum:  0.0, Workers: 4
[28.649s][debug][gc,phases      ] GC(67)     Dead                           Min: 0, Avg:  0.0, Max: 0, Diff: 0, Sum: 0, Workers: 4
[28.649s][debug][gc,phases      ] GC(67)     Total                          Min: 0, Avg:  0.0, Max: 0, Diff: 0, Sum: 0, Workers: 4
[28.649s][debug][gc,phases      ] GC(67)   StringDedup Table Weak         Min:  0.0, Avg:  0.0, Max:  0.0, Diff:  0.0, Sum:  0.0, Workers: 4
[28.649s][debug][gc,phases      ] GC(67)     Dead                           Min: 0, Avg:  0.0, Max: 0, Diff: 0, Sum: 0, Workers: 4
[28.649s][debug][gc,phases      ] GC(67)     Total                          Min: 0, Avg:  0.0, Max: 0, Diff: 0, Sum: 0, Workers: 4
[28.649s][debug][gc,phases      ] GC(67)   StringDedup Requests0 Weak     Min:  0.0, Avg:  0.0, Max:  0.0, Diff:  0.0, Sum:  0.0, Workers: 4
[28.649s][debug][gc,phases      ] GC(67)     Dead                           Min: 0, Avg:  0.0, Max: 0, Diff: 0, Sum: 0, Workers: 4
[28.649s][debug][gc,phases      ] GC(67)     Total                          Min: 0, Avg:  0.0, Max: 0, Diff: 0, Sum: 0, Workers: 4
[28.649s][debug][gc,phases      ] GC(67)   StringDedup Requests1 Weak     Min:  0.0, Avg:  0.0, Max:  0.0, Diff:  0.0, Sum:  0.0, Workers: 4
[28.649s][debug][gc,phases      ] GC(67)     Dead                           Min: 0, Avg:  0.0, Max: 0, Diff: 0, Sum: 0, Workers: 4
[28.649s][debug][gc,phases      ] GC(67)     Total                          Min: 0, Avg:  0.0, Max: 0, Diff: 0, Sum: 0, Workers: 4
[28.649s][debug][gc,phases      ] GC(67)   Weak JFR Old Object Samples    Min:  0.0, Avg:  0.0, Max:  0.0, Diff:  0.0, Sum:  0.0, Workers: 4
[28.649s][debug][gc,phases      ] GC(67)     Dead                           Min: 0, Avg:  0.0, Max: 0, Diff: 0, Sum: 0, Workers: 4
[28.649s][debug][gc,phases      ] GC(67)     Total                          Min: 0, Avg:  0.0, Max: 0, Diff: 0, Sum: 0, Workers: 4
[28.649s][debug][gc,phases      ] GC(67) Weak Processing 0.308ms
[28.649s][debug][gc,age         ] GC(67) Desired survivor size 182976512 bytes, new threshold 15 (max threshold 15)
[28.649s][info ][gc,heap        ] GC(67) PSYoungGen: 1851590K(1924608K)->113990K(1871360K) Eden: 1757184K(1757184K)->0K(1757184K) From: 94406K(167424K)->113990K(114176K)
[28.649s][info ][gc,heap        ] GC(67) ParOldGen: 560049K(721920K)->560961K(721920K)
[28.649s][info ][gc,metaspace   ] GC(67) Metaspace: 68429K(69120K)->68429K(69120K) NonClass: 58499K(58880K)->58499K(58880K) Class: 9930K(10240K)->9930K(10240K)
[28.649s][info ][gc             ] GC(67) Pause Young (Allocation Failure) 2355M->659M(2532M) 35.188ms
[28.649s][info ][gc,cpu         ] GC(67) User=0.14s Sys=0.00s Real=0.04s
[28.649s][info ][safepoint      ] Safepoint "ParallelGCFailedAllocation", Time since last: 346734102 ns, Reaching safepoint: 220813 ns, At safepoint: 35313588 ns, Total: 35534401 ns
[28.945s][info ][gc,start       ] GC(68) Pause Young (Allocation Failure)
[28.991s][debug][gc,phases      ] GC(68) Scavenge 46.246ms
[28.991s][debug][gc,ref         ] GC(68) Skipped phase 1 of Reference Processing: no references
[28.991s][debug][gc,ref         ] GC(68) ReferenceProcessor::execute queues: 1, RefProcThreadModel::Single, marks_oops_alive: false
[28.991s][debug][gc,ref         ] GC(68) Skipped phase 3 of Reference Processing: no references
[28.991s][debug][gc,ref         ] GC(68) ReferenceProcessor::execute queues: 1, RefProcThreadModel::Single, marks_oops_alive: false
[28.991s][debug][gc,phases      ] GC(68) Reference Processing 0.152ms
[28.992s][debug][gc,phases      ] GC(68)   VM Weak                        Min:  0.0, Avg:  0.0, Max:  0.0, Diff:  0.0, Sum:  0.0, Workers: 4
[28.992s][debug][gc,phases      ] GC(68)     Dead                           Min: 0, Avg:  0.0, Max: 0, Diff: 0, Sum: 0, Workers: 4
[28.992s][debug][gc,phases      ] GC(68)     Total                          Min: 0, Avg: 142.5, Max: 378, Diff: 378, Sum: 570, Workers: 4
[28.992s][debug][gc,phases      ] GC(68)   ObjectSynchronizer Weak        Min:  0.0, Avg:  0.0, Max:  0.0, Diff:  0.0, Sum:  0.0, Workers: 4
[28.992s][debug][gc,phases      ] GC(68)     Dead                           Min: 0, Avg:  0.0, Max: 0, Diff: 0, Sum: 0, Workers: 4
[28.992s][debug][gc,phases      ] GC(68)     Total                          Min: 0, Avg: 98.5, Max: 256, Diff: 256, Sum: 394, Workers: 4
[28.992s][debug][gc,phases      ] GC(68)   JVMTI Tag Weak OopStorage      Min:  0.0, Avg:  0.0, Max:  0.0, Diff:  0.0, Sum:  0.0, Workers: 4
[28.992s][debug][gc,phases      ] GC(68)     Dead                           Min: 0, Avg:  0.0, Max: 0, Diff: 0, Sum: 0, Workers: 4
[28.992s][debug][gc,phases      ] GC(68)     Total                          Min: 0, Avg:  0.0, Max: 0, Diff: 0, Sum: 0, Workers: 4
[28.992s][debug][gc,phases      ] GC(68)   StringTable Weak               Min:  0.1, Avg:  0.1, Max:  0.1, Diff:  0.0, Sum:  0.4, Workers: 4
[28.992s][debug][gc,phases      ] GC(68)     Dead                           Min: 0, Avg:  2.8, Max: 8, Diff: 8, Sum: 11, Workers: 4
[28.992s][debug][gc,phases      ] GC(68)     Total                          Min: 9856, Avg: 10661.8, Max: 11456, Diff: 1600, Sum: 42647, Workers: 4
[28.992s][debug][gc,phases      ] GC(68)   ResolvedMethodTable Weak       Min:  0.0, Avg:  0.0, Max:  0.0, Diff:  0.0, Sum:  0.1, Workers: 4
[28.992s][debug][gc,phases      ] GC(68)     Dead                           Min: 0, Avg:  0.0, Max: 0, Diff: 0, Sum: 0, Workers: 4
[28.992s][debug][gc,phases      ] GC(68)     Total                          Min: 1540, Avg: 1809.0, Max: 1984, Diff: 444, Sum: 7236, Workers: 4
[28.992s][debug][gc,phases      ] GC(68)   JNI Weak                       Min:  0.0, Avg:  0.0, Max:  0.0, Diff:  0.0, Sum:  0.0, Workers: 4
[28.992s][debug][gc,phases      ] GC(68)     Dead                           Min: 0, Avg:  0.0, Max: 0, Diff: 0, Sum: 0, Workers: 4
[28.992s][debug][gc,phases      ] GC(68)     Total                          Min: 0, Avg:  0.2, Max: 1, Diff: 1, Sum: 1, Workers: 4
[28.992s][debug][gc,phases      ] GC(68)   StringDedup Table Weak         Min:  0.0, Avg:  0.0, Max:  0.0, Diff:  0.0, Sum:  0.0, Workers: 4
[28.992s][debug][gc,phases      ] GC(68)     Dead                           Min: 0, Avg:  0.0, Max: 0, Diff: 0, Sum: 0, Workers: 4
[28.992s][debug][gc,phases      ] GC(68)     Total                          Min: 0, Avg:  0.0, Max: 0, Diff: 0, Sum: 0, Workers: 4
[28.992s][debug][gc,phases      ] GC(68)   StringDedup Requests0 Weak     Min:  0.0, Avg:  0.0, Max:  0.0, Diff:  0.0, Sum:  0.0, Workers: 4
[28.992s][debug][gc,phases      ] GC(68)     Dead                           Min: 0, Avg:  0.0, Max: 0, Diff: 0, Sum: 0, Workers: 4
[28.992s][debug][gc,phases      ] GC(68)     Total                          Min: 0, Avg:  0.0, Max: 0, Diff: 0, Sum: 0, Workers: 4
[28.992s][debug][gc,phases      ] GC(68)   StringDedup Requests1 Weak     Min:  0.0, Avg:  0.0, Max:  0.0, Diff:  0.0, Sum:  0.0, Workers: 4
[28.992s][debug][gc,phases      ] GC(68)     Dead                           Min: 0, Avg:  0.0, Max: 0, Diff: 0, Sum: 0, Workers: 4
[28.992s][debug][gc,phases      ] GC(68)     Total                          Min: 0, Avg:  0.0, Max: 0, Diff: 0, Sum: 0, Workers: 4
[28.992s][debug][gc,phases      ] GC(68)   Weak JFR Old Object Samples    Min:  0.0, Avg:  0.0, Max:  0.0, Diff:  0.0, Sum:  0.0, Workers: 4
[28.992s][debug][gc,phases      ] GC(68)     Dead                           Min: 0, Avg:  0.0, Max: 0, Diff: 0, Sum: 0, Workers: 4
[28.992s][debug][gc,phases      ] GC(68)     Total                          Min: 0, Avg:  0.0, Max: 0, Diff: 0, Sum: 0, Workers: 4
[28.992s][debug][gc,phases      ] GC(68) Weak Processing 0.295ms
[28.992s][debug][gc,age         ] GC(68) Desired survivor size 196608000 bytes, new threshold 15 (max threshold 15)
[28.992s][info ][gc,heap        ] GC(68) PSYoungGen: 1871174K(1871360K)->134102K(1891840K) Eden: 1757184K(1757184K)->0K(1713152K) From: 113990K(114176K)->134102K(178688K)
[28.992s][info ][gc,heap        ] GC(68) ParOldGen: 560961K(721920K)->561729K(721920K)
[28.992s][info ][gc,metaspace   ] GC(68) Metaspace: 68455K(69120K)->68455K(69120K) NonClass: 58524K(58880K)->58524K(58880K) Class: 9930K(10240K)->9930K(10240K)
[28.992s][info ][gc             ] GC(68) Pause Young (Allocation Failure) 2375M->679M(2552M) 46.829ms
[28.992s][info ][gc,cpu         ] GC(68) User=0.19s Sys=0.00s Real=0.04s
[28.992s][info ][safepoint      ] Safepoint "ParallelGCFailedAllocation", Time since last: 295352263 ns, Reaching safepoint: 168610 ns, At safepoint: 46941076 ns, Total: 47109686 ns
[29.273s][info ][gc,start       ] GC(69) Pause Young (Allocation Failure)
[29.331s][debug][gc,phases      ] GC(69) Scavenge 57.122ms
[29.331s][debug][gc,ref         ] GC(69) Skipped phase 1 of Reference Processing: no references
[29.331s][debug][gc,ref         ] GC(69) ReferenceProcessor::execute queues: 1, RefProcThreadModel::Single, marks_oops_alive: false
[29.331s][debug][gc,ref         ] GC(69) Skipped phase 3 of Reference Processing: no references
[29.331s][debug][gc,ref         ] GC(69) ReferenceProcessor::execute queues: 1, RefProcThreadModel::Single, marks_oops_alive: false
[29.331s][debug][gc,phases      ] GC(69) Reference Processing 0.168ms
[29.331s][debug][gc,phases      ] GC(69)   VM Weak                        Min:  0.0, Avg:  0.0, Max:  0.0, Diff:  0.0, Sum:  0.0, Workers: 4
[29.331s][debug][gc,phases      ] GC(69)     Dead                           Min: 0, Avg:  0.0, Max: 0, Diff: 0, Sum: 0, Workers: 4
[29.331s][debug][gc,phases      ] GC(69)     Total                          Min: 0, Avg: 142.8, Max: 571, Diff: 571, Sum: 571, Workers: 4
[29.331s][debug][gc,phases      ] GC(69)   ObjectSynchronizer Weak        Min:  0.0, Avg:  0.0, Max:  0.0, Diff:  0.0, Sum:  0.0, Workers: 4
[29.331s][debug][gc,phases      ] GC(69)     Dead                           Min: 0, Avg:  0.0, Max: 0, Diff: 0, Sum: 0, Workers: 4
[29.331s][debug][gc,phases      ] GC(69)     Total                          Min: 0, Avg: 98.5, Max: 394, Diff: 394, Sum: 394, Workers: 4
[29.331s][debug][gc,phases      ] GC(69)   JVMTI Tag Weak OopStorage      Min:  0.0, Avg:  0.0, Max:  0.0, Diff:  0.0, Sum:  0.0, Workers: 4
[29.331s][debug][gc,phases      ] GC(69)     Dead                           Min: 0, Avg:  0.0, Max: 0, Diff: 0, Sum: 0, Workers: 4
[29.331s][debug][gc,phases      ] GC(69)     Total                          Min: 0, Avg:  0.0, Max: 0, Diff: 0, Sum: 0, Workers: 4
[29.331s][debug][gc,phases      ] GC(69)   StringTable Weak               Min:  0.1, Avg:  0.1, Max:  0.1, Diff:  0.0, Sum:  0.5, Workers: 4
[29.331s][debug][gc,phases      ] GC(69)     Dead                           Min: 0, Avg:  0.0, Max: 0, Diff: 0, Sum: 0, Workers: 4
[29.331s][debug][gc,phases      ] GC(69)     Total                          Min: 9728, Avg: 10667.5, Max: 11886, Diff: 2158, Sum: 42670, Workers: 4
[29.331s][debug][gc,phases      ] GC(69)   ResolvedMethodTable Weak       Min:  0.0, Avg:  0.0, Max:  0.0, Diff:  0.0, Sum:  0.1, Workers: 4
[29.331s][debug][gc,phases      ] GC(69)     Dead                           Min: 0, Avg:  1.8, Max: 7, Diff: 7, Sum: 7, Workers: 4
[29.331s][debug][gc,phases      ] GC(69)     Total                          Min: 1560, Avg: 1813.2, Max: 2176, Diff: 616, Sum: 7253, Workers: 4
[29.331s][debug][gc,phases      ] GC(69)   JNI Weak                       Min:  0.0, Avg:  0.0, Max:  0.0, Diff:  0.0, Sum:  0.0, Workers: 4
[29.331s][debug][gc,phases      ] GC(69)     Dead                           Min: 0, Avg:  0.0, Max: 0, Diff: 0, Sum: 0, Workers: 4
[29.331s][debug][gc,phases      ] GC(69)     Total                          Min: 0, Avg:  0.5, Max: 2, Diff: 2, Sum: 2, Workers: 4
[29.331s][debug][gc,phases      ] GC(69)   StringDedup Table Weak         Min:  0.0, Avg:  0.0, Max:  0.0, Diff:  0.0, Sum:  0.0, Workers: 4
[29.331s][debug][gc,phases      ] GC(69)     Dead                           Min: 0, Avg:  0.0, Max: 0, Diff: 0, Sum: 0, Workers: 4
[29.331s][debug][gc,phases      ] GC(69)     Total                          Min: 0, Avg:  0.0, Max: 0, Diff: 0, Sum: 0, Workers: 4
[29.331s][debug][gc,phases      ] GC(69)   StringDedup Requests0 Weak     Min:  0.0, Avg:  0.0, Max:  0.0, Diff:  0.0, Sum:  0.0, Workers: 4
[29.331s][debug][gc,phases      ] GC(69)     Dead                           Min: 0, Avg:  0.0, Max: 0, Diff: 0, Sum: 0, Workers: 4
[29.331s][debug][gc,phases      ] GC(69)     Total                          Min: 0, Avg:  0.0, Max: 0, Diff: 0, Sum: 0, Workers: 4
[29.331s][debug][gc,phases      ] GC(69)   StringDedup Requests1 Weak     Min:  0.0, Avg:  0.0, Max:  0.0, Diff:  0.0, Sum:  0.0, Workers: 4
[29.331s][debug][gc,phases      ] GC(69)     Dead                           Min: 0, Avg:  0.0, Max: 0, Diff: 0, Sum: 0, Workers: 4
[29.331s][debug][gc,phases      ] GC(69)     Total                          Min: 0, Avg:  0.0, Max: 0, Diff: 0, Sum: 0, Workers: 4
[29.331s][debug][gc,phases      ] GC(69)   Weak JFR Old Object Samples    Min:  0.0, Avg:  0.0, Max:  0.0, Diff:  0.0, Sum:  0.0, Workers: 4
[29.331s][debug][gc,phases      ] GC(69)     Dead                           Min: 0, Avg:  0.0, Max: 0, Diff: 0, Sum: 0, Workers: 4
[29.331s][debug][gc,phases      ] GC(69)     Total                          Min: 0, Avg:  0.0, Max: 0, Diff: 0, Sum: 0, Workers: 4
[29.331s][debug][gc,phases      ] GC(69) Weak Processing 0.386ms
[29.331s][debug][gc,age         ] GC(69) Desired survivor size 210763776 bytes, new threshold 15 (max threshold 15)
[29.331s][info ][gc,heap        ] GC(69) PSYoungGen: 1847254K(1891840K)->142672K(1856000K) Eden: 1713152K(1713152K)->0K(1713152K) From: 134102K(178688K)->142672K(142848K)
[29.331s][info ][gc,heap        ] GC(69) ParOldGen: 561729K(721920K)->568495K(721920K)
[29.331s][info ][gc,metaspace   ] GC(69) Metaspace: 68485K(69184K)->68485K(69184K) NonClass: 58547K(58944K)->58547K(58944K) Class: 9937K(10240K)->9937K(10240K)
[29.331s][info ][gc             ] GC(69) Pause Young (Allocation Failure) 2352M->694M(2517M) 57.831ms
[29.331s][info ][gc,cpu         ] GC(69) User=0.29s Sys=0.00s Real=0.06s
[29.331s][info ][safepoint      ] Safepoint "ParallelGCFailedAllocation", Time since last: 281359136 ns, Reaching safepoint: 143909 ns, At safepoint: 57955926 ns, Total: 58099835 ns
[29.654s][info ][gc,start       ] GC(70) Pause Young (Allocation Failure)
[29.717s][debug][gc,phases      ] GC(70) Scavenge 62.913ms
[29.717s][debug][gc,ref         ] GC(70) Skipped phase 1 of Reference Processing: no references
[29.717s][debug][gc,ref         ] GC(70) ReferenceProcessor::execute queues: 1, RefProcThreadModel::Single, marks_oops_alive: false
[29.717s][debug][gc,ref         ] GC(70) Skipped phase 3 of Reference Processing: no references
[29.717s][debug][gc,ref         ] GC(70) ReferenceProcessor::execute queues: 1, RefProcThreadModel::Single, marks_oops_alive: false
[29.717s][debug][gc,phases      ] GC(70) Reference Processing 0.154ms
[29.717s][debug][gc,phases      ] GC(70)   VM Weak                        Min:  0.0, Avg:  0.0, Max:  0.0, Diff:  0.0, Sum:  0.0, Workers: 4
[29.717s][debug][gc,phases      ] GC(70)     Dead                           Min: 0, Avg:  0.0, Max: 0, Diff: 0, Sum: 0, Workers: 4
[29.717s][debug][gc,phases      ] GC(70)     Total                          Min: 0, Avg: 142.8, Max: 571, Diff: 571, Sum: 571, Workers: 4
[29.717s][debug][gc,phases      ] GC(70)   ObjectSynchronizer Weak        Min:  0.0, Avg:  0.0, Max:  0.0, Diff:  0.0, Sum:  0.0, Workers: 4
[29.717s][debug][gc,phases      ] GC(70)     Dead                           Min: 0, Avg:  0.0, Max: 0, Diff: 0, Sum: 0, Workers: 4
[29.717s][debug][gc,phases      ] GC(70)     Total                          Min: 0, Avg: 98.5, Max: 192, Diff: 192, Sum: 394, Workers: 4
[29.717s][debug][gc,phases      ] GC(70)   JVMTI Tag Weak OopStorage      Min:  0.0, Avg:  0.0, Max:  0.0, Diff:  0.0, Sum:  0.0, Workers: 4
[29.717s][debug][gc,phases      ] GC(70)     Dead                           Min: 0, Avg:  0.0, Max: 0, Diff: 0, Sum: 0, Workers: 4
[29.717s][debug][gc,phases      ] GC(70)     Total                          Min: 0, Avg:  0.0, Max: 0, Diff: 0, Sum: 0, Workers: 4
[29.717s][debug][gc,phases      ] GC(70)   StringTable Weak               Min:  0.1, Avg:  0.1, Max:  0.1, Diff:  0.0, Sum:  0.4, Workers: 4
[29.717s][debug][gc,phases      ] GC(70)     Dead                           Min: 0, Avg:  2.8, Max: 11, Diff: 11, Sum: 11, Workers: 4
[29.717s][debug][gc,phases      ] GC(70)     Total                          Min: 10109, Avg: 10668.2, Max: 11576, Diff: 1467, Sum: 42673, Workers: 4
[29.717s][debug][gc,phases      ] GC(70)   ResolvedMethodTable Weak       Min:  0.0, Avg:  0.0, Max:  0.0, Diff:  0.0, Sum:  0.1, Workers: 4
[29.717s][debug][gc,phases      ] GC(70)     Dead                           Min: 0, Avg:  0.0, Max: 0, Diff: 0, Sum: 0, Workers: 4
[29.717s][debug][gc,phases      ] GC(70)     Total                          Min: 1661, Avg: 1813.8, Max: 2011, Diff: 350, Sum: 7255, Workers: 4
[29.717s][debug][gc,phases      ] GC(70)   JNI Weak                       Min:  0.0, Avg:  0.0, Max:  0.0, Diff:  0.0, Sum:  0.0, Workers: 4
[29.717s][debug][gc,phases      ] GC(70)     Dead                           Min: 0, Avg:  0.0, Max: 0, Diff: 0, Sum: 0, Workers: 4
[29.717s][debug][gc,phases      ] GC(70)     Total                          Min: 0, Avg:  0.0, Max: 0, Diff: 0, Sum: 0, Workers: 4
[29.717s][debug][gc,phases      ] GC(70)   StringDedup Table Weak         Min:  0.0, Avg:  0.0, Max:  0.0, Diff:  0.0, Sum:  0.0, Workers: 4
[29.717s][debug][gc,phases      ] GC(70)     Dead                           Min: 0, Avg:  0.0, Max: 0, Diff: 0, Sum: 0, Workers: 4
[29.717s][debug][gc,phases      ] GC(70)     Total                          Min: 0, Avg:  0.0, Max: 0, Diff: 0, Sum: 0, Workers: 4
[29.717s][debug][gc,phases      ] GC(70)   StringDedup Requests0 Weak     Min:  0.0, Avg:  0.0, Max:  0.0, Diff:  0.0, Sum:  0.0, Workers: 4
[29.717s][debug][gc,phases      ] GC(70)     Dead                           Min: 0, Avg:  0.0, Max: 0, Diff: 0, Sum: 0, Workers: 4
[29.717s][debug][gc,phases      ] GC(70)     Total                          Min: 0, Avg:  0.0, Max: 0, Diff: 0, Sum: 0, Workers: 4
[29.717s][debug][gc,phases      ] GC(70)   StringDedup Requests1 Weak     Min:  0.0, Avg:  0.0, Max:  0.0, Diff:  0.0, Sum:  0.0, Workers: 4
[29.717s][debug][gc,phases      ] GC(70)     Dead                           Min: 0, Avg:  0.0, Max: 0, Diff: 0, Sum: 0, Workers: 4
[29.717s][debug][gc,phases      ] GC(70)     Total                          Min: 0, Avg:  0.0, Max: 0, Diff: 0, Sum: 0, Workers: 4
[29.717s][debug][gc,phases      ] GC(70)   Weak JFR Old Object Samples    Min:  0.0, Avg:  0.0, Max:  0.0, Diff:  0.0, Sum:  0.0, Workers: 4
[29.717s][debug][gc,phases      ] GC(70)     Dead                           Min: 0, Avg:  0.0, Max: 0, Diff: 0, Sum: 0, Workers: 4
[29.717s][debug][gc,phases      ] GC(70)     Total                          Min: 0, Avg:  0.0, Max: 0, Diff: 0, Sum: 0, Workers: 4
[29.717s][debug][gc,phases      ] GC(70) Weak Processing 0.347ms
[29.717s][debug][gc,age         ] GC(70) Desired survivor size 224395264 bytes, new threshold 15 (max threshold 15)
[29.717s][info ][gc,heap        ] GC(70) PSYoungGen: 1855824K(1856000K)->149840K(1864704K) Eden: 1713152K(1713152K)->0K(1658880K) From: 142672K(142848K)->149840K(205824K)
[29.717s][info ][gc,heap        ] GC(70) ParOldGen: 568495K(721920K)->572775K(721920K)
[29.717s][info ][gc,metaspace   ] GC(70) Metaspace: 68493K(69184K)->68493K(69184K) NonClass: 58554K(58944K)->58554K(58944K) Class: 9939K(10240K)->9939K(10240K)
[29.717s][info ][gc             ] GC(70) Pause Young (Allocation Failure) 2367M->705M(2526M) 63.554ms
[29.717s][info ][gc,cpu         ] GC(70) User=0.25s Sys=0.00s Real=0.07s
[29.717s][info ][safepoint      ] Safepoint "ParallelGCFailedAllocation", Time since last: 322132447 ns, Reaching safepoint: 139109 ns, At safepoint: 63668164 ns, Total: 63807273 ns
[29.999s][info ][gc,start       ] GC(71) Pause Young (Allocation Failure)
[30.075s][debug][gc,phases      ] GC(71) Scavenge 76.473ms
[30.075s][debug][gc,ref         ] GC(71) Skipped phase 1 of Reference Processing: no references
[30.076s][debug][gc,ref         ] GC(71) ReferenceProcessor::execute queues: 1, RefProcThreadModel::Single, marks_oops_alive: false
[30.076s][debug][gc,ref         ] GC(71) Skipped phase 3 of Reference Processing: no references
[30.076s][debug][gc,ref         ] GC(71) ReferenceProcessor::execute queues: 1, RefProcThreadModel::Single, marks_oops_alive: false
[30.076s][debug][gc,phases      ] GC(71) Reference Processing 0.139ms
[30.076s][debug][gc,phases      ] GC(71)   VM Weak                        Min:  0.0, Avg:  0.0, Max:  0.0, Diff:  0.0, Sum:  0.0, Workers: 4
[30.076s][debug][gc,phases      ] GC(71)     Dead                           Min: 0, Avg:  0.0, Max: 0, Diff: 0, Sum: 0, Workers: 4
[30.076s][debug][gc,phases      ] GC(71)     Total                          Min: 0, Avg: 142.8, Max: 315, Diff: 315, Sum: 571, Workers: 4
[30.076s][debug][gc,phases      ] GC(71)   ObjectSynchronizer Weak        Min:  0.0, Avg:  0.0, Max:  0.0, Diff:  0.0, Sum:  0.0, Workers: 4
[30.076s][debug][gc,phases      ] GC(71)     Dead                           Min: 0, Avg:  0.0, Max: 0, Diff: 0, Sum: 0, Workers: 4
[30.076s][debug][gc,phases      ] GC(71)     Total                          Min: 0, Avg: 98.5, Max: 192, Diff: 192, Sum: 394, Workers: 4
[30.076s][debug][gc,phases      ] GC(71)   JVMTI Tag Weak OopStorage      Min:  0.0, Avg:  0.0, Max:  0.0, Diff:  0.0, Sum:  0.0, Workers: 4
[30.076s][debug][gc,phases      ] GC(71)     Dead                           Min: 0, Avg:  0.0, Max: 0, Diff: 0, Sum: 0, Workers: 4
[30.076s][debug][gc,phases      ] GC(71)     Total                          Min: 0, Avg:  0.0, Max: 0, Diff: 0, Sum: 0, Workers: 4
[30.076s][debug][gc,phases      ] GC(71)   StringTable Weak               Min:  0.1, Avg:  0.1, Max:  0.1, Diff:  0.0, Sum:  0.4, Workers: 4
[30.076s][debug][gc,phases      ] GC(71)     Dead                           Min: 0, Avg:  2.8, Max: 8, Diff: 8, Sum: 11, Workers: 4
[30.076s][debug][gc,phases      ] GC(71)     Total                          Min: 9536, Avg: 10669.8, Max: 11832, Diff: 2296, Sum: 42679, Workers: 4
[30.076s][debug][gc,phases      ] GC(71)   ResolvedMethodTable Weak       Min:  0.0, Avg:  0.0, Max:  0.0, Diff:  0.0, Sum:  0.1, Workers: 4
[30.076s][debug][gc,phases      ] GC(71)     Dead                           Min: 0, Avg:  0.0, Max: 0, Diff: 0, Sum: 0, Workers: 4
[30.076s][debug][gc,phases      ] GC(71)     Total                          Min: 1599, Avg: 1813.8, Max: 2240, Diff: 641, Sum: 7255, Workers: 4
[30.076s][debug][gc,phases      ] GC(71)   JNI Weak                       Min:  0.0, Avg:  0.0, Max:  0.0, Diff:  0.0, Sum:  0.0, Workers: 4
[30.076s][debug][gc,phases      ] GC(71)     Dead                           Min: 0, Avg:  0.0, Max: 0, Diff: 0, Sum: 0, Workers: 4
[30.076s][debug][gc,phases      ] GC(71)     Total                          Min: 0, Avg:  1.0, Max: 4, Diff: 4, Sum: 4, Workers: 4
[30.076s][debug][gc,phases      ] GC(71)   StringDedup Table Weak         Min:  0.0, Avg:  0.0, Max:  0.0, Diff:  0.0, Sum:  0.0, Workers: 4
[30.076s][debug][gc,phases      ] GC(71)     Dead                           Min: 0, Avg:  0.0, Max: 0, Diff: 0, Sum: 0, Workers: 4
[30.076s][debug][gc,phases      ] GC(71)     Total                          Min: 0, Avg:  0.0, Max: 0, Diff: 0, Sum: 0, Workers: 4
[30.076s][debug][gc,phases      ] GC(71)   StringDedup Requests0 Weak     Min:  0.0, Avg:  0.0, Max:  0.0, Diff:  0.0, Sum:  0.0, Workers: 4
[30.076s][debug][gc,phases      ] GC(71)     Dead                           Min: 0, Avg:  0.0, Max: 0, Diff: 0, Sum: 0, Workers: 4
[30.076s][debug][gc,phases      ] GC(71)     Total                          Min: 0, Avg:  0.0, Max: 0, Diff: 0, Sum: 0, Workers: 4
[30.076s][debug][gc,phases      ] GC(71)   StringDedup Requests1 Weak     Min:  0.0, Avg:  0.0, Max:  0.0, Diff:  0.0, Sum:  0.0, Workers: 4
[30.076s][debug][gc,phases      ] GC(71)     Dead                           Min: 0, Avg:  0.0, Max: 0, Diff: 0, Sum: 0, Workers: 4
[30.076s][debug][gc,phases      ] GC(71)     Total                          Min: 0, Avg:  0.0, Max: 0, Diff: 0, Sum: 0, Workers: 4
[30.076s][debug][gc,phases      ] GC(71)   Weak JFR Old Object Samples    Min:  0.0, Avg:  0.0, Max:  0.0, Diff:  0.0, Sum:  0.0, Workers: 4
[30.076s][debug][gc,phases      ] GC(71)     Dead                           Min: 0, Avg:  0.0, Max: 0, Diff: 0, Sum: 0, Workers: 4
[30.076s][debug][gc,phases      ] GC(71)     Total                          Min: 0, Avg:  0.0, Max: 0, Diff: 0, Sum: 0, Workers: 4
[30.076s][debug][gc,phases      ] GC(71) Weak Processing 0.321ms
[30.076s][debug][gc,age         ] GC(71) Desired survivor size 244318208 bytes, new threshold 15 (max threshold 15)
[30.076s][info ][gc,heap        ] GC(71) PSYoungGen: 1808720K(1864704K)->176448K(1835520K) Eden: 1658880K(1658880K)->0K(1658880K) From: 149840K(205824K)->176448K(176640K)
[30.076s][info ][gc,heap        ] GC(71) ParOldGen: 572775K(721920K)->577687K(721920K)
[30.076s][info ][gc,metaspace   ] GC(71) Metaspace: 68508K(69184K)->68508K(69184K) NonClass: 58568K(58944K)->58568K(58944K) Class: 9939K(10240K)->9939K(10240K)
[30.076s][info ][gc             ] GC(71) Pause Young (Allocation Failure) 2325M->736M(2497M) 77.067ms
[30.076s][info ][gc,cpu         ] GC(71) User=0.31s Sys=0.01s Real=0.08s
[30.076s][info ][safepoint      ] Safepoint "ParallelGCFailedAllocation", Time since last: 281380238 ns, Reaching safepoint: 186611 ns, At safepoint: 77185263 ns, Total: 77371874 ns
[30.366s][info ][gc,start       ] GC(72) Pause Young (Allocation Failure)
[30.441s][debug][gc,phases      ] GC(72) Scavenge 74.667ms
[30.441s][debug][gc,ref         ] GC(72) Skipped phase 1 of Reference Processing: no references
[30.441s][debug][gc,ref         ] GC(72) ReferenceProcessor::execute queues: 1, RefProcThreadModel::Single, marks_oops_alive: false
[30.441s][debug][gc,ref         ] GC(72) Skipped phase 3 of Reference Processing: no references
[30.441s][debug][gc,ref         ] GC(72) ReferenceProcessor::execute queues: 1, RefProcThreadModel::Single, marks_oops_alive: false
[30.441s][debug][gc,phases      ] GC(72) Reference Processing 0.132ms
[30.441s][debug][gc,phases      ] GC(72)   VM Weak                        Min:  0.0, Avg:  0.0, Max:  0.0, Diff:  0.0, Sum:  0.0, Workers: 4
[30.441s][debug][gc,phases      ] GC(72)     Dead                           Min: 0, Avg:  0.0, Max: 0, Diff: 0, Sum: 0, Workers: 4
[30.441s][debug][gc,phases      ] GC(72)     Total                          Min: 0, Avg: 142.8, Max: 571, Diff: 571, Sum: 571, Workers: 4
[30.441s][debug][gc,phases      ] GC(72)   ObjectSynchronizer Weak        Min:  0.0, Avg:  0.0, Max:  0.0, Diff:  0.0, Sum:  0.0, Workers: 4
[30.441s][debug][gc,phases      ] GC(72)     Dead                           Min: 0, Avg:  0.0, Max: 0, Diff: 0, Sum: 0, Workers: 4
[30.441s][debug][gc,phases      ] GC(72)     Total                          Min: 0, Avg: 98.5, Max: 394, Diff: 394, Sum: 394, Workers: 4
[30.441s][debug][gc,phases      ] GC(72)   JVMTI Tag Weak OopStorage      Min:  0.0, Avg:  0.0, Max:  0.0, Diff:  0.0, Sum:  0.0, Workers: 4
[30.441s][debug][gc,phases      ] GC(72)     Dead                           Min: 0, Avg:  0.0, Max: 0, Diff: 0, Sum: 0, Workers: 4
[30.441s][debug][gc,phases      ] GC(72)     Total                          Min: 0, Avg:  0.0, Max: 0, Diff: 0, Sum: 0, Workers: 4
[30.441s][debug][gc,phases      ] GC(72)   StringTable Weak               Min:  0.1, Avg:  0.1, Max:  0.1, Diff:  0.0, Sum:  0.4, Workers: 4
[30.441s][debug][gc,phases      ] GC(72)     Dead                           Min: 0, Avg:  0.0, Max: 0, Diff: 0, Sum: 0, Workers: 4
[30.441s][debug][gc,phases      ] GC(72)     Total                          Min: 9407, Avg: 10669.8, Max: 11840, Diff: 2433, Sum: 42679, Workers: 4
[30.441s][debug][gc,phases      ] GC(72)   ResolvedMethodTable Weak       Min:  0.0, Avg:  0.0, Max:  0.0, Diff:  0.0, Sum:  0.1, Workers: 4
[30.441s][debug][gc,phases      ] GC(72)     Dead                           Min: 0, Avg:  0.0, Max: 0, Diff: 0, Sum: 0, Workers: 4
[30.441s][debug][gc,phases      ] GC(72)     Total                          Min: 1661, Avg: 1813.8, Max: 2075, Diff: 414, Sum: 7255, Workers: 4
[30.441s][debug][gc,phases      ] GC(72)   JNI Weak                       Min:  0.0, Avg:  0.0, Max:  0.0, Diff:  0.0, Sum:  0.0, Workers: 4
[30.441s][debug][gc,phases      ] GC(72)     Dead                           Min: 0, Avg:  0.0, Max: 0, Diff: 0, Sum: 0, Workers: 4
[30.441s][debug][gc,phases      ] GC(72)     Total                          Min: 0, Avg:  1.8, Max: 7, Diff: 7, Sum: 7, Workers: 4
[30.441s][debug][gc,phases      ] GC(72)   StringDedup Table Weak         Min:  0.0, Avg:  0.0, Max:  0.0, Diff:  0.0, Sum:  0.0, Workers: 4
[30.441s][debug][gc,phases      ] GC(72)     Dead                           Min: 0, Avg:  0.0, Max: 0, Diff: 0, Sum: 0, Workers: 4
[30.441s][debug][gc,phases      ] GC(72)     Total                          Min: 0, Avg:  0.0, Max: 0, Diff: 0, Sum: 0, Workers: 4
[30.441s][debug][gc,phases      ] GC(72)   StringDedup Requests0 Weak     Min:  0.0, Avg:  0.0, Max:  0.0, Diff:  0.0, Sum:  0.0, Workers: 4
[30.441s][debug][gc,phases      ] GC(72)     Dead                           Min: 0, Avg:  0.0, Max: 0, Diff: 0, Sum: 0, Workers: 4
[30.441s][debug][gc,phases      ] GC(72)     Total                          Min: 0, Avg:  0.0, Max: 0, Diff: 0, Sum: 0, Workers: 4
[30.441s][debug][gc,phases      ] GC(72)   StringDedup Requests1 Weak     Min:  0.0, Avg:  0.0, Max:  0.0, Diff:  0.0, Sum:  0.0, Workers: 4
[30.441s][debug][gc,phases      ] GC(72)     Dead                           Min: 0, Avg:  0.0, Max: 0, Diff: 0, Sum: 0, Workers: 4
[30.441s][debug][gc,phases      ] GC(72)     Total                          Min: 0, Avg:  0.0, Max: 0, Diff: 0, Sum: 0, Workers: 4
[30.441s][debug][gc,phases      ] GC(72)   Weak JFR Old Object Samples    Min:  0.0, Avg:  0.0, Max:  0.0, Diff:  0.0, Sum:  0.0, Workers: 4
[30.441s][debug][gc,phases      ] GC(72)     Dead                           Min: 0, Avg:  0.0, Max: 0, Diff: 0, Sum: 0, Workers: 4
[30.441s][debug][gc,phases      ] GC(72)     Total                          Min: 0, Avg:  0.0, Max: 0, Diff: 0, Sum: 0, Workers: 4
[30.441s][debug][gc,phases      ] GC(72) Weak Processing 0.320ms
[30.441s][debug][gc,age         ] GC(72) Desired survivor size 261619712 bytes, new threshold 15 (max threshold 15)
[30.441s][info ][gc,heap        ] GC(72) PSYoungGen: 1835328K(1835520K)->179984K(1824768K) Eden: 1658880K(1658880K)->0K(1586176K) From: 176448K(176640K)->179984K(238592K)
[30.441s][info ][gc,heap        ] GC(72) ParOldGen: 577687K(721920K)->578219K(721920K)
[30.441s][info ][gc,metaspace   ] GC(72) Metaspace: 68510K(69184K)->68510K(69184K) NonClass: 58570K(58944K)->58570K(58944K) Class: 9939K(10240K)->9939K(10240K)
[30.441s][info ][gc             ] GC(72) Pause Young (Allocation Failure) 2356M->740M(2487M) 75.256ms
[30.442s][info ][gc,cpu         ] GC(72) User=0.30s Sys=0.00s Real=0.07s
[30.442s][info ][safepoint      ] Safepoint "ParallelGCFailedAllocation", Time since last: 289800736 ns, Reaching safepoint: 354321 ns, At safepoint: 75366856 ns, Total: 75721177 ns
[30.680s][info ][gc,start       ] GC(73) Pause Young (Allocation Failure)
[30.761s][debug][gc,phases      ] GC(73) Scavenge 80.984ms
[30.761s][debug][gc,ref         ] GC(73) Skipped phase 1 of Reference Processing: no references
[30.761s][debug][gc,ref         ] GC(73) ReferenceProcessor::execute queues: 1, RefProcThreadModel::Single, marks_oops_alive: false
[30.761s][debug][gc,ref         ] GC(73) Skipped phase 3 of Reference Processing: no references
[30.761s][debug][gc,ref         ] GC(73) ReferenceProcessor::execute queues: 1, RefProcThreadModel::Single, marks_oops_alive: false
[30.761s][debug][gc,phases      ] GC(73) Reference Processing 0.124ms
[30.761s][debug][gc,phases      ] GC(73)   VM Weak                        Min:  0.0, Avg:  0.0, Max:  0.0, Diff:  0.0, Sum:  0.0, Workers: 4
[30.761s][debug][gc,phases      ] GC(73)     Dead                           Min: 0, Avg:  0.0, Max: 0, Diff: 0, Sum: 0, Workers: 4
[30.761s][debug][gc,phases      ] GC(73)     Total                          Min: 0, Avg: 142.8, Max: 512, Diff: 512, Sum: 571, Workers: 4
[30.761s][debug][gc,phases      ] GC(73)   ObjectSynchronizer Weak        Min:  0.0, Avg:  0.0, Max:  0.0, Diff:  0.0, Sum:  0.0, Workers: 4
[30.761s][debug][gc,phases      ] GC(73)     Dead                           Min: 0, Avg:  0.0, Max: 0, Diff: 0, Sum: 0, Workers: 4
[30.761s][debug][gc,phases      ] GC(73)     Total                          Min: 0, Avg: 98.5, Max: 202, Diff: 202, Sum: 394, Workers: 4
[30.761s][debug][gc,phases      ] GC(73)   JVMTI Tag Weak OopStorage      Min:  0.0, Avg:  0.0, Max:  0.0, Diff:  0.0, Sum:  0.0, Workers: 4
[30.761s][debug][gc,phases      ] GC(73)     Dead                           Min: 0, Avg:  0.0, Max: 0, Diff: 0, Sum: 0, Workers: 4
[30.761s][debug][gc,phases      ] GC(73)     Total                          Min: 0, Avg:  0.0, Max: 0, Diff: 0, Sum: 0, Workers: 4
[30.761s][debug][gc,phases      ] GC(73)   StringTable Weak               Min:  0.1, Avg:  0.1, Max:  0.1, Diff:  0.0, Sum:  0.4, Workers: 4
[30.761s][debug][gc,phases      ] GC(73)     Dead                           Min: 0, Avg:  2.8, Max: 8, Diff: 8, Sum: 11, Workers: 4
[30.761s][debug][gc,phases      ] GC(73)     Total                          Min: 8701, Avg: 10669.8, Max: 12224, Diff: 3523, Sum: 42679, Workers: 4
[30.761s][debug][gc,phases      ] GC(73)   ResolvedMethodTable Weak       Min:  0.0, Avg:  0.0, Max:  0.0, Diff:  0.0, Sum:  0.1, Workers: 4
[30.761s][debug][gc,phases      ] GC(73)     Dead                           Min: 0, Avg:  0.0, Max: 0, Diff: 0, Sum: 0, Workers: 4
[30.761s][debug][gc,phases      ] GC(73)     Total                          Min: 1471, Avg: 1813.8, Max: 2173, Diff: 702, Sum: 7255, Workers: 4
[30.761s][debug][gc,phases      ] GC(73)   JNI Weak                       Min:  0.0, Avg:  0.0, Max:  0.0, Diff:  0.0, Sum:  0.0, Workers: 4
[30.761s][debug][gc,phases      ] GC(73)     Dead                           Min: 0, Avg:  0.0, Max: 0, Diff: 0, Sum: 0, Workers: 4
[30.761s][debug][gc,phases      ] GC(73)     Total                          Min: 0, Avg:  0.0, Max: 0, Diff: 0, Sum: 0, Workers: 4
[30.761s][debug][gc,phases      ] GC(73)   StringDedup Table Weak         Min:  0.0, Avg:  0.0, Max:  0.0, Diff:  0.0, Sum:  0.0, Workers: 4
[30.761s][debug][gc,phases      ] GC(73)     Dead                           Min: 0, Avg:  0.0, Max: 0, Diff: 0, Sum: 0, Workers: 4
[30.761s][debug][gc,phases      ] GC(73)     Total                          Min: 0, Avg:  0.0, Max: 0, Diff: 0, Sum: 0, Workers: 4
[30.761s][debug][gc,phases      ] GC(73)   StringDedup Requests0 Weak     Min:  0.0, Avg:  0.0, Max:  0.0, Diff:  0.0, Sum:  0.0, Workers: 4
[30.761s][debug][gc,phases      ] GC(73)     Dead                           Min: 0, Avg:  0.0, Max: 0, Diff: 0, Sum: 0, Workers: 4
[30.761s][debug][gc,phases      ] GC(73)     Total                          Min: 0, Avg:  0.0, Max: 0, Diff: 0, Sum: 0, Workers: 4
[30.761s][debug][gc,phases      ] GC(73)   StringDedup Requests1 Weak     Min:  0.0, Avg:  0.0, Max:  0.0, Diff:  0.0, Sum:  0.0, Workers: 4
[30.761s][debug][gc,phases      ] GC(73)     Dead                           Min: 0, Avg:  0.0, Max: 0, Diff: 0, Sum: 0, Workers: 4
[30.761s][debug][gc,phases      ] GC(73)     Total                          Min: 0, Avg:  0.0, Max: 0, Diff: 0, Sum: 0, Workers: 4
[30.761s][debug][gc,phases      ] GC(73)   Weak JFR Old Object Samples    Min:  0.0, Avg:  0.0, Max:  0.0, Diff:  0.0, Sum:  0.0, Workers: 4
[30.761s][debug][gc,phases      ] GC(73)     Dead                           Min: 0, Avg:  0.0, Max: 0, Diff: 0, Sum: 0, Workers: 4
[30.761s][debug][gc,phases      ] GC(73)     Total                          Min: 0, Avg:  0.0, Max: 0, Diff: 0, Sum: 0, Workers: 4
[30.761s][debug][gc,phases      ] GC(73) Weak Processing 0.310ms
[30.761s][debug][gc,age         ] GC(73) Desired survivor size 283115520 bytes, new threshold 15 (max threshold 15)
[30.761s][info ][gc,heap        ] GC(73) PSYoungGen: 1766160K(1824768K)->202672K(1788928K) Eden: 1586176K(1586176K)->0K(1586176K) From: 179984K(238592K)->202672K(202752K)
[30.761s][info ][gc,heap        ] GC(73) ParOldGen: 578219K(721920K)->585451K(721920K)
[30.761s][info ][gc,metaspace   ] GC(73) Metaspace: 68514K(69184K)->68514K(69184K) NonClass: 58575K(58944K)->58575K(58944K) Class: 9939K(10240K)->9939K(10240K)
[30.761s][info ][gc             ] GC(73) Pause Young (Allocation Failure) 2289M->769M(2452M) 81.563ms
[30.761s][info ][gc,cpu         ] GC(73) User=0.32s Sys=0.00s Real=0.08s
[30.761s][info ][safepoint      ] Safepoint "ParallelGCFailedAllocation", Time since last: 237552846 ns, Reaching safepoint: 491129 ns, At safepoint: 81675229 ns, Total: 82166358 ns
[31.039s][info ][gc,start       ] GC(74) Pause Young (Allocation Failure)
[31.133s][debug][gc,phases      ] GC(74) Scavenge 93.884ms
[31.133s][debug][gc,ref         ] GC(74) Skipped phase 1 of Reference Processing: no references
[31.133s][debug][gc,ref         ] GC(74) ReferenceProcessor::execute queues: 1, RefProcThreadModel::Single, marks_oops_alive: false
[31.133s][debug][gc,ref         ] GC(74) Skipped phase 3 of Reference Processing: no references
[31.133s][debug][gc,ref         ] GC(74) ReferenceProcessor::execute queues: 1, RefProcThreadModel::Single, marks_oops_alive: false
[31.133s][debug][gc,phases      ] GC(74) Reference Processing 0.117ms
[31.134s][debug][gc,phases      ] GC(74)   VM Weak                        Min:  0.0, Avg:  0.0, Max:  0.0, Diff:  0.0, Sum:  0.0, Workers: 4
[31.134s][debug][gc,phases      ] GC(74)     Dead                           Min: 0, Avg:  0.0, Max: 0, Diff: 0, Sum: 0, Workers: 4
[31.134s][debug][gc,phases      ] GC(74)     Total                          Min: 0, Avg: 142.8, Max: 320, Diff: 320, Sum: 571, Workers: 4
[31.134s][debug][gc,phases      ] GC(74)   ObjectSynchronizer Weak        Min:  0.0, Avg:  0.0, Max:  0.0, Diff:  0.0, Sum:  0.0, Workers: 4
[31.134s][debug][gc,phases      ] GC(74)     Dead                           Min: 0, Avg:  0.0, Max: 0, Diff: 0, Sum: 0, Workers: 4
[31.134s][debug][gc,phases      ] GC(74)     Total                          Min: 0, Avg: 98.5, Max: 192, Diff: 192, Sum: 394, Workers: 4
[31.134s][debug][gc,phases      ] GC(74)   JVMTI Tag Weak OopStorage      Min:  0.0, Avg:  0.0, Max:  0.0, Diff:  0.0, Sum:  0.0, Workers: 4
[31.134s][debug][gc,phases      ] GC(74)     Dead                           Min: 0, Avg:  0.0, Max: 0, Diff: 0, Sum: 0, Workers: 4
[31.134s][debug][gc,phases      ] GC(74)     Total                          Min: 0, Avg:  0.0, Max: 0, Diff: 0, Sum: 0, Workers: 4
[31.134s][debug][gc,phases      ] GC(74)   StringTable Weak               Min:  0.1, Avg:  0.1, Max:  0.1, Diff:  0.0, Sum:  0.4, Workers: 4
[31.134s][debug][gc,phases      ] GC(74)     Dead                           Min: 0, Avg:  2.8, Max: 8, Diff: 8, Sum: 11, Workers: 4
[31.134s][debug][gc,phases      ] GC(74)     Total                          Min: 10047, Avg: 10669.8, Max: 11456, Diff: 1409, Sum: 42679, Workers: 4
[31.134s][debug][gc,phases      ] GC(74)   ResolvedMethodTable Weak       Min:  0.0, Avg:  0.0, Max:  0.0, Diff:  0.0, Sum:  0.1, Workers: 4
[31.134s][debug][gc,phases      ] GC(74)     Dead                           Min: 0, Avg:  0.0, Max: 0, Diff: 0, Sum: 0, Workers: 4
[31.134s][debug][gc,phases      ] GC(74)     Total                          Min: 1562, Avg: 1813.8, Max: 2176, Diff: 614, Sum: 7255, Workers: 4
[31.134s][debug][gc,phases      ] GC(74)   JNI Weak                       Min:  0.0, Avg:  0.0, Max:  0.0, Diff:  0.0, Sum:  0.0, Workers: 4
[31.134s][debug][gc,phases      ] GC(74)     Dead                           Min: 0, Avg:  0.0, Max: 0, Diff: 0, Sum: 0, Workers: 4
[31.134s][debug][gc,phases      ] GC(74)     Total                          Min: 0, Avg:  0.8, Max: 3, Diff: 3, Sum: 3, Workers: 4
[31.134s][debug][gc,phases      ] GC(74)   StringDedup Table Weak         Min:  0.0, Avg:  0.0, Max:  0.0, Diff:  0.0, Sum:  0.0, Workers: 4
[31.134s][debug][gc,phases      ] GC(74)     Dead                           Min: 0, Avg:  0.0, Max: 0, Diff: 0, Sum: 0, Workers: 4
[31.134s][debug][gc,phases      ] GC(74)     Total                          Min: 0, Avg:  0.0, Max: 0, Diff: 0, Sum: 0, Workers: 4
[31.134s][debug][gc,phases      ] GC(74)   StringDedup Requests0 Weak     Min:  0.0, Avg:  0.0, Max:  0.0, Diff:  0.0, Sum:  0.0, Workers: 4
[31.134s][debug][gc,phases      ] GC(74)     Dead                           Min: 0, Avg:  0.0, Max: 0, Diff: 0, Sum: 0, Workers: 4
[31.134s][debug][gc,phases      ] GC(74)     Total                          Min: 0, Avg:  0.0, Max: 0, Diff: 0, Sum: 0, Workers: 4
[31.134s][debug][gc,phases      ] GC(74)   StringDedup Requests1 Weak     Min:  0.0, Avg:  0.0, Max:  0.0, Diff:  0.0, Sum:  0.0, Workers: 4
[31.134s][debug][gc,phases      ] GC(74)     Dead                           Min: 0, Avg:  0.0, Max: 0, Diff: 0, Sum: 0, Workers: 4
[31.134s][debug][gc,phases      ] GC(74)     Total                          Min: 0, Avg:  0.0, Max: 0, Diff: 0, Sum: 0, Workers: 4
[31.134s][debug][gc,phases      ] GC(74)   Weak JFR Old Object Samples    Min:  0.0, Avg:  0.0, Max:  0.0, Diff:  0.0, Sum:  0.0, Workers: 4
[31.134s][debug][gc,phases      ] GC(74)     Dead                           Min: 0, Avg:  0.0, Max: 0, Diff: 0, Sum: 0, Workers: 4
[31.134s][debug][gc,phases      ] GC(74)     Total                          Min: 0, Avg:  0.0, Max: 0, Diff: 0, Sum: 0, Workers: 4
[31.134s][debug][gc,phases      ] GC(74) Weak Processing 0.317ms
[31.134s][debug][gc,age         ] GC(74) Desired survivor size 304611328 bytes, new threshold 15 (max threshold 15)
[31.134s][info ][gc,heap        ] GC(74) PSYoungGen: 1788848K(1788928K)->215335K(1778688K) Eden: 1586176K(1586176K)->0K(1502208K) From: 202672K(202752K)->215335K(276480K)
[31.134s][info ][gc,heap        ] GC(74) ParOldGen: 585451K(721920K)->587315K(721920K)
[31.134s][info ][gc,metaspace   ] GC(74) Metaspace: 68518K(69184K)->68518K(69184K) NonClass: 58578K(58944K)->58578K(58944K) Class: 9939K(10240K)->9939K(10240K)
[31.134s][info ][gc             ] GC(74) Pause Young (Allocation Failure) 2318M->783M(2442M) 94.451ms
[31.134s][info ][gc,cpu         ] GC(74) User=0.39s Sys=0.00s Real=0.09s
[31.134s][info ][safepoint      ] Safepoint "ParallelGCFailedAllocation", Time since last: 277801126 ns, Reaching safepoint: 145509 ns, At safepoint: 94569091 ns, Total: 94714600 ns
[31.409s][info ][gc,start       ] GC(75) Pause Young (Allocation Failure)
[31.490s][debug][gc,phases      ] GC(75) Scavenge 80.711ms
[31.490s][debug][gc,ref         ] GC(75) Skipped phase 1 of Reference Processing: no references
[31.490s][debug][gc,ref         ] GC(75) ReferenceProcessor::execute queues: 1, RefProcThreadModel::Single, marks_oops_alive: false
[31.490s][debug][gc,ref         ] GC(75) Skipped phase 3 of Reference Processing: no references
[31.490s][debug][gc,ref         ] GC(75) ReferenceProcessor::execute queues: 1, RefProcThreadModel::Single, marks_oops_alive: false
[31.490s][debug][gc,phases      ] GC(75) Reference Processing 0.120ms
[31.490s][debug][gc,phases      ] GC(75)   VM Weak                        Min:  0.0, Avg:  0.0, Max:  0.0, Diff:  0.0, Sum:  0.0, Workers: 4
[31.490s][debug][gc,phases      ] GC(75)     Dead                           Min: 0, Avg:  0.0, Max: 0, Diff: 0, Sum: 0, Workers: 4
[31.490s][debug][gc,phases      ] GC(75)     Total                          Min: 0, Avg: 142.8, Max: 571, Diff: 571, Sum: 571, Workers: 4
[31.490s][debug][gc,phases      ] GC(75)   ObjectSynchronizer Weak        Min:  0.0, Avg:  0.0, Max:  0.0, Diff:  0.0, Sum:  0.0, Workers: 4
[31.490s][debug][gc,phases      ] GC(75)     Dead                           Min: 0, Avg:  0.0, Max: 0, Diff: 0, Sum: 0, Workers: 4
[31.490s][debug][gc,phases      ] GC(75)     Total                          Min: 0, Avg: 98.5, Max: 394, Diff: 394, Sum: 394, Workers: 4
[31.490s][debug][gc,phases      ] GC(75)   JVMTI Tag Weak OopStorage      Min:  0.0, Avg:  0.0, Max:  0.0, Diff:  0.0, Sum:  0.0, Workers: 4
[31.490s][debug][gc,phases      ] GC(75)     Dead                           Min: 0, Avg:  0.0, Max: 0, Diff: 0, Sum: 0, Workers: 4
[31.490s][debug][gc,phases      ] GC(75)     Total                          Min: 0, Avg:  0.0, Max: 0, Diff: 0, Sum: 0, Workers: 4
[31.490s][debug][gc,phases      ] GC(75)   StringTable Weak               Min:  0.1, Avg:  0.1, Max:  0.1, Diff:  0.0, Sum:  0.4, Workers: 4
[31.490s][debug][gc,phases      ] GC(75)     Dead                           Min: 0, Avg:  0.0, Max: 0, Diff: 0, Sum: 0, Workers: 4
[31.490s][debug][gc,phases      ] GC(75)     Total                          Min: 9088, Avg: 10670.0, Max: 11704, Diff: 2616, Sum: 42680, Workers: 4
[31.490s][debug][gc,phases      ] GC(75)   ResolvedMethodTable Weak       Min:  0.0, Avg:  0.0, Max:  0.0, Diff:  0.0, Sum:  0.1, Workers: 4
[31.490s][debug][gc,phases      ] GC(75)     Dead                           Min: 0, Avg:  0.0, Max: 0, Diff: 0, Sum: 0, Workers: 4
[31.490s][debug][gc,phases      ] GC(75)     Total                          Min: 1596, Avg: 1813.8, Max: 1984, Diff: 388, Sum: 7255, Workers: 4
[31.490s][debug][gc,phases      ] GC(75)   JNI Weak                       Min:  0.0, Avg:  0.0, Max:  0.0, Diff:  0.0, Sum:  0.0, Workers: 4
[31.490s][debug][gc,phases      ] GC(75)     Dead                           Min: 0, Avg:  0.0, Max: 0, Diff: 0, Sum: 0, Workers: 4
[31.490s][debug][gc,phases      ] GC(75)     Total                          Min: 0, Avg:  0.2, Max: 1, Diff: 1, Sum: 1, Workers: 4
[31.490s][debug][gc,phases      ] GC(75)   StringDedup Table Weak         Min:  0.0, Avg:  0.0, Max:  0.0, Diff:  0.0, Sum:  0.0, Workers: 4
[31.490s][debug][gc,phases      ] GC(75)     Dead                           Min: 0, Avg:  0.0, Max: 0, Diff: 0, Sum: 0, Workers: 4
[31.490s][debug][gc,phases      ] GC(75)     Total                          Min: 0, Avg:  0.0, Max: 0, Diff: 0, Sum: 0, Workers: 4
[31.490s][debug][gc,phases      ] GC(75)   StringDedup Requests0 Weak     Min:  0.0, Avg:  0.0, Max:  0.0, Diff:  0.0, Sum:  0.0, Workers: 4
[31.490s][debug][gc,phases      ] GC(75)     Dead                           Min: 0, Avg:  0.0, Max: 0, Diff: 0, Sum: 0, Workers: 4
[31.490s][debug][gc,phases      ] GC(75)     Total                          Min: 0, Avg:  0.0, Max: 0, Diff: 0, Sum: 0, Workers: 4
[31.490s][debug][gc,phases      ] GC(75)   StringDedup Requests1 Weak     Min:  0.0, Avg:  0.0, Max:  0.0, Diff:  0.0, Sum:  0.0, Workers: 4
[31.490s][debug][gc,phases      ] GC(75)     Dead                           Min: 0, Avg:  0.0, Max: 0, Diff: 0, Sum: 0, Workers: 4
[31.490s][debug][gc,phases      ] GC(75)     Total                          Min: 0, Avg:  0.0, Max: 0, Diff: 0, Sum: 0, Workers: 4
[31.490s][debug][gc,phases      ] GC(75)   Weak JFR Old Object Samples    Min:  0.0, Avg:  0.0, Max:  0.0, Diff:  0.0, Sum:  0.0, Workers: 4
[31.490s][debug][gc,phases      ] GC(75)     Dead                           Min: 0, Avg:  0.0, Max: 0, Diff: 0, Sum: 0, Workers: 4
[31.490s][debug][gc,phases      ] GC(75)     Total                          Min: 0, Avg:  0.0, Max: 0, Diff: 0, Sum: 0, Workers: 4
[31.490s][debug][gc,phases      ] GC(75) Weak Processing 0.315ms
[31.491s][debug][gc,age         ] GC(75) Desired survivor size 324009984 bytes, new threshold 15 (max threshold 15)
[31.491s][info ][gc,heap        ] GC(75) PSYoungGen: 1717543K(1778688K)->222224K(1724928K) Eden: 1502208K(1502208K)->0K(1502208K) From: 215335K(276480K)->222224K(222720K)
[31.491s][info ][gc,heap        ] GC(75) ParOldGen: 587315K(721920K)->590435K(721920K)
[31.491s][info ][gc,metaspace   ] GC(75) Metaspace: 68535K(69248K)->68535K(69248K) NonClass: 58595K(59008K)->58595K(59008K) Class: 9939K(10240K)->9939K(10240K)
[31.491s][info ][gc             ] GC(75) Pause Young (Allocation Failure) 2250M->793M(2389M) 81.284ms
[31.491s][info ][gc,cpu         ] GC(75) User=0.33s Sys=0.00s Real=0.08s
[31.491s][info ][safepoint      ] Safepoint "ParallelGCFailedAllocation", Time since last: 275296678 ns, Reaching safepoint: 132608 ns, At safepoint: 81395612 ns, Total: 81528220 ns
[31.757s][info ][gc,start       ] GC(76) Pause Young (Allocation Failure)
[31.844s][debug][gc,phases      ] GC(76) Scavenge 86.946ms
[31.844s][debug][gc,ref         ] GC(76) Skipped phase 1 of Reference Processing: no references
[31.844s][debug][gc,ref         ] GC(76) ReferenceProcessor::execute queues: 1, RefProcThreadModel::Single, marks_oops_alive: false
[31.844s][debug][gc,ref         ] GC(76) Skipped phase 3 of Reference Processing: no references
[31.844s][debug][gc,ref         ] GC(76) ReferenceProcessor::execute queues: 1, RefProcThreadModel::Single, marks_oops_alive: false
[31.844s][debug][gc,phases      ] GC(76) Reference Processing 0.121ms
[31.844s][debug][gc,phases      ] GC(76)   VM Weak                        Min:  0.0, Avg:  0.0, Max:  0.0, Diff:  0.0, Sum:  0.0, Workers: 4
[31.844s][debug][gc,phases      ] GC(76)     Dead                           Min: 0, Avg:  0.0, Max: 0, Diff: 0, Sum: 0, Workers: 4
[31.844s][debug][gc,phases      ] GC(76)     Total                          Min: 0, Avg: 142.8, Max: 315, Diff: 315, Sum: 571, Workers: 4
[31.844s][debug][gc,phases      ] GC(76)   ObjectSynchronizer Weak        Min:  0.0, Avg:  0.0, Max:  0.0, Diff:  0.0, Sum:  0.0, Workers: 4
[31.844s][debug][gc,phases      ] GC(76)     Dead                           Min: 0, Avg:  0.0, Max: 0, Diff: 0, Sum: 0, Workers: 4
[31.844s][debug][gc,phases      ] GC(76)     Total                          Min: 0, Avg: 98.8, Max: 203, Diff: 203, Sum: 395, Workers: 4
[31.844s][debug][gc,phases      ] GC(76)   JVMTI Tag Weak OopStorage      Min:  0.0, Avg:  0.0, Max:  0.0, Diff:  0.0, Sum:  0.0, Workers: 4
[31.844s][debug][gc,phases      ] GC(76)     Dead                           Min: 0, Avg:  0.0, Max: 0, Diff: 0, Sum: 0, Workers: 4
[31.844s][debug][gc,phases      ] GC(76)     Total                          Min: 0, Avg:  0.0, Max: 0, Diff: 0, Sum: 0, Workers: 4
[31.844s][debug][gc,phases      ] GC(76)   StringTable Weak               Min:  0.1, Avg:  0.1, Max:  0.1, Diff:  0.0, Sum:  0.4, Workers: 4
[31.844s][debug][gc,phases      ] GC(76)     Dead                           Min: 0, Avg:  2.8, Max: 8, Diff: 8, Sum: 11, Workers: 4
[31.844s][debug][gc,phases      ] GC(76)     Total                          Min: 9797, Avg: 10673.2, Max: 11200, Diff: 1403, Sum: 42693, Workers: 4
[31.844s][debug][gc,phases      ] GC(76)   ResolvedMethodTable Weak       Min:  0.0, Avg:  0.0, Max:  0.0, Diff:  0.0, Sum:  0.1, Workers: 4
[31.844s][debug][gc,phases      ] GC(76)     Dead                           Min: 0, Avg:  0.0, Max: 0, Diff: 0, Sum: 0, Workers: 4
[31.844s][debug][gc,phases      ] GC(76)     Total                          Min: 1728, Avg: 1813.8, Max: 1984, Diff: 256, Sum: 7255, Workers: 4
[31.844s][debug][gc,phases      ] GC(76)   JNI Weak                       Min:  0.0, Avg:  0.0, Max:  0.0, Diff:  0.0, Sum:  0.0, Workers: 4
[31.844s][debug][gc,phases      ] GC(76)     Dead                           Min: 0, Avg:  0.0, Max: 0, Diff: 0, Sum: 0, Workers: 4
[31.844s][debug][gc,phases      ] GC(76)     Total                          Min: 0, Avg:  0.5, Max: 2, Diff: 2, Sum: 2, Workers: 4
[31.844s][debug][gc,phases      ] GC(76)   StringDedup Table Weak         Min:  0.0, Avg:  0.0, Max:  0.0, Diff:  0.0, Sum:  0.0, Workers: 4
[31.844s][debug][gc,phases      ] GC(76)     Dead                           Min: 0, Avg:  0.0, Max: 0, Diff: 0, Sum: 0, Workers: 4
[31.844s][debug][gc,phases      ] GC(76)     Total                          Min: 0, Avg:  0.0, Max: 0, Diff: 0, Sum: 0, Workers: 4
[31.844s][debug][gc,phases      ] GC(76)   StringDedup Requests0 Weak     Min:  0.0, Avg:  0.0, Max:  0.0, Diff:  0.0, Sum:  0.0, Workers: 4
[31.844s][debug][gc,phases      ] GC(76)     Dead                           Min: 0, Avg:  0.0, Max: 0, Diff: 0, Sum: 0, Workers: 4
[31.844s][debug][gc,phases      ] GC(76)     Total                          Min: 0, Avg:  0.0, Max: 0, Diff: 0, Sum: 0, Workers: 4
[31.844s][debug][gc,phases      ] GC(76)   StringDedup Requests1 Weak     Min:  0.0, Avg:  0.0, Max:  0.0, Diff:  0.0, Sum:  0.0, Workers: 4
[31.844s][debug][gc,phases      ] GC(76)     Dead                           Min: 0, Avg:  0.0, Max: 0, Diff: 0, Sum: 0, Workers: 4
[31.844s][debug][gc,phases      ] GC(76)     Total                          Min: 0, Avg:  0.0, Max: 0, Diff: 0, Sum: 0, Workers: 4
[31.844s][debug][gc,phases      ] GC(76)   Weak JFR Old Object Samples    Min:  0.0, Avg:  0.0, Max:  0.0, Diff:  0.0, Sum:  0.0, Workers: 4
[31.844s][debug][gc,phases      ] GC(76)     Dead                           Min: 0, Avg:  0.0, Max: 0, Diff: 0, Sum: 0, Workers: 4
[31.844s][debug][gc,phases      ] GC(76)     Total                          Min: 0, Avg:  0.0, Max: 0, Diff: 0, Sum: 0, Workers: 4
[31.844s][debug][gc,phases      ] GC(76) Weak Processing 0.307ms
[31.844s][debug][gc,age         ] GC(76) Desired survivor size 334495744 bytes, new threshold 15 (max threshold 15)
[31.844s][info ][gc,heap        ] GC(76) PSYoungGen: 1724432K(1724928K)->211361K(1760256K) Eden: 1502208K(1502208K)->0K(1443840K) From: 222224K(222720K)->211361K(316416K)
[31.844s][info ][gc,heap        ] GC(76) ParOldGen: 590435K(721920K)->603179K(721920K)
[31.844s][info ][gc,metaspace   ] GC(76) Metaspace: 68538K(69248K)->68538K(69248K) NonClass: 58598K(59008K)->58598K(59008K) Class: 9939K(10240K)->9939K(10240K)
[31.844s][info ][gc             ] GC(76) Pause Young (Allocation Failure) 2260M->795M(2424M) 87.526ms
[31.844s][info ][gc,cpu         ] GC(76) User=0.35s Sys=0.00s Real=0.09s
[31.844s][info ][safepoint      ] Safepoint "ParallelGCFailedAllocation", Time since last: 265998928 ns, Reaching safepoint: 141609 ns, At safepoint: 87638982 ns, Total: 87780591 ns
[32.067s][info ][gc,start       ] GC(77) Pause Young (Allocation Failure)
[32.141s][debug][gc,phases      ] GC(77) Scavenge 73.468ms
[32.141s][debug][gc,ref         ] GC(77) Skipped phase 1 of Reference Processing: no references
[32.141s][debug][gc,ref         ] GC(77) ReferenceProcessor::execute queues: 1, RefProcThreadModel::Single, marks_oops_alive: false
[32.141s][debug][gc,ref         ] GC(77) Skipped phase 3 of Reference Processing: no references
[32.141s][debug][gc,ref         ] GC(77) ReferenceProcessor::execute queues: 1, RefProcThreadModel::Single, marks_oops_alive: false
[32.141s][debug][gc,phases      ] GC(77) Reference Processing 0.121ms
[32.141s][debug][gc,phases      ] GC(77)   VM Weak                        Min:  0.0, Avg:  0.0, Max:  0.0, Diff:  0.0, Sum:  0.0, Workers: 4
[32.141s][debug][gc,phases      ] GC(77)     Dead                           Min: 0, Avg:  0.0, Max: 0, Diff: 0, Sum: 0, Workers: 4
[32.141s][debug][gc,phases      ] GC(77)     Total                          Min: 0, Avg: 142.8, Max: 512, Diff: 512, Sum: 571, Workers: 4
[32.141s][debug][gc,phases      ] GC(77)   ObjectSynchronizer Weak        Min:  0.0, Avg:  0.0, Max:  0.0, Diff:  0.0, Sum:  0.0, Workers: 4
[32.141s][debug][gc,phases      ] GC(77)     Dead                           Min: 0, Avg:  0.0, Max: 0, Diff: 0, Sum: 0, Workers: 4
[32.141s][debug][gc,phases      ] GC(77)     Total                          Min: 0, Avg: 99.0, Max: 192, Diff: 192, Sum: 396, Workers: 4
[32.141s][debug][gc,phases      ] GC(77)   JVMTI Tag Weak OopStorage      Min:  0.0, Avg:  0.0, Max:  0.0, Diff:  0.0, Sum:  0.0, Workers: 4
[32.141s][debug][gc,phases      ] GC(77)     Dead                           Min: 0, Avg:  0.0, Max: 0, Diff: 0, Sum: 0, Workers: 4
[32.141s][debug][gc,phases      ] GC(77)     Total                          Min: 0, Avg:  0.0, Max: 0, Diff: 0, Sum: 0, Workers: 4
[32.141s][debug][gc,phases      ] GC(77)   StringTable Weak               Min:  0.1, Avg:  0.1, Max:  0.1, Diff:  0.0, Sum:  0.4, Workers: 4
[32.141s][debug][gc,phases      ] GC(77)     Dead                           Min: 0, Avg:  2.8, Max: 11, Diff: 11, Sum: 11, Workers: 4
[32.141s][debug][gc,phases      ] GC(77)     Total                          Min: 9920, Avg: 10675.5, Max: 11453, Diff: 1533, Sum: 42702, Workers: 4
[32.141s][debug][gc,phases      ] GC(77)   ResolvedMethodTable Weak       Min:  0.0, Avg:  0.0, Max:  0.0, Diff:  0.0, Sum:  0.1, Workers: 4
[32.141s][debug][gc,phases      ] GC(77)     Dead                           Min: 0, Avg:  0.0, Max: 0, Diff: 0, Sum: 0, Workers: 4
[32.141s][debug][gc,phases      ] GC(77)     Total                          Min: 1724, Avg: 1813.8, Max: 1883, Diff: 159, Sum: 7255, Workers: 4
[32.141s][debug][gc,phases      ] GC(77)   JNI Weak                       Min:  0.0, Avg:  0.0, Max:  0.0, Diff:  0.0, Sum:  0.0, Workers: 4
[32.141s][debug][gc,phases      ] GC(77)     Dead                           Min: 0, Avg:  0.0, Max: 0, Diff: 0, Sum: 0, Workers: 4
[32.141s][debug][gc,phases      ] GC(77)     Total                          Min: 0, Avg:  0.0, Max: 0, Diff: 0, Sum: 0, Workers: 4
[32.141s][debug][gc,phases      ] GC(77)   StringDedup Table Weak         Min:  0.0, Avg:  0.0, Max:  0.0, Diff:  0.0, Sum:  0.0, Workers: 4
[32.141s][debug][gc,phases      ] GC(77)     Dead                           Min: 0, Avg:  0.0, Max: 0, Diff: 0, Sum: 0, Workers: 4
[32.141s][debug][gc,phases      ] GC(77)     Total                          Min: 0, Avg:  0.0, Max: 0, Diff: 0, Sum: 0, Workers: 4
[32.141s][debug][gc,phases      ] GC(77)   StringDedup Requests0 Weak     Min:  0.0, Avg:  0.0, Max:  0.0, Diff:  0.0, Sum:  0.0, Workers: 4
[32.141s][debug][gc,phases      ] GC(77)     Dead                           Min: 0, Avg:  0.0, Max: 0, Diff: 0, Sum: 0, Workers: 4
[32.141s][debug][gc,phases      ] GC(77)     Total                          Min: 0, Avg:  0.0, Max: 0, Diff: 0, Sum: 0, Workers: 4
[32.141s][debug][gc,phases      ] GC(77)   StringDedup Requests1 Weak     Min:  0.0, Avg:  0.0, Max:  0.0, Diff:  0.0, Sum:  0.0, Workers: 4
[32.141s][debug][gc,phases      ] GC(77)     Dead                           Min: 0, Avg:  0.0, Max: 0, Diff: 0, Sum: 0, Workers: 4
[32.141s][debug][gc,phases      ] GC(77)     Total                          Min: 0, Avg:  0.0, Max: 0, Diff: 0, Sum: 0, Workers: 4
[32.141s][debug][gc,phases      ] GC(77)   Weak JFR Old Object Samples    Min:  0.0, Avg:  0.0, Max:  0.0, Diff:  0.0, Sum:  0.0, Workers: 4
[32.141s][debug][gc,phases      ] GC(77)     Dead                           Min: 0, Avg:  0.0, Max: 0, Diff: 0, Sum: 0, Workers: 4
[32.141s][debug][gc,phases      ] GC(77)     Total                          Min: 0, Avg:  0.0, Max: 0, Diff: 0, Sum: 0, Workers: 4
[32.141s][debug][gc,phases      ] GC(77) Weak Processing 0.305ms
[32.141s][debug][gc,age         ] GC(77) Desired survivor size 341835776 bytes, new threshold 15 (max threshold 15)
[32.141s][info ][gc,heap        ] GC(77) PSYoungGen: 1655201K(1760256K)->210864K(1654784K) Eden: 1443840K(1443840K)->0K(1443840K) From: 211361K(316416K)->210864K(210944K)
[32.141s][info ][gc,heap        ] GC(77) ParOldGen: 603179K(721920K)->605339K(721920K)
[32.141s][info ][gc,metaspace   ] GC(77) Metaspace: 68538K(69248K)->68538K(69248K) NonClass: 58598K(59008K)->58598K(59008K) Class: 9939K(10240K)->9939K(10240K)
[32.141s][info ][gc             ] GC(77) Pause Young (Allocation Failure) 2205M->797M(2321M) 74.035ms
[32.141s][info ][gc,cpu         ] GC(77) User=0.29s Sys=0.00s Real=0.07s
[32.141s][info ][safepoint      ] Safepoint "ParallelGCFailedAllocation", Time since last: 222797073 ns, Reaching safepoint: 157810 ns, At safepoint: 74147284 ns, Total: 74305094 ns
[32.381s][info ][gc,start       ] GC(78) Pause Young (Allocation Failure)
[32.465s][debug][gc,phases      ] GC(78) Scavenge 84.122ms
[32.466s][debug][gc,ref         ] GC(78) Skipped phase 1 of Reference Processing: no references
[32.466s][debug][gc,ref         ] GC(78) ReferenceProcessor::execute queues: 1, RefProcThreadModel::Single, marks_oops_alive: false
[32.466s][debug][gc,ref         ] GC(78) Skipped phase 3 of Reference Processing: no references
[32.466s][debug][gc,ref         ] GC(78) ReferenceProcessor::execute queues: 1, RefProcThreadModel::Single, marks_oops_alive: false
[32.466s][debug][gc,phases      ] GC(78) Reference Processing 0.118ms
[32.466s][debug][gc,phases      ] GC(78)   VM Weak                        Min:  0.0, Avg:  0.0, Max:  0.0, Diff:  0.0, Sum:  0.0, Workers: 4
[32.466s][debug][gc,phases      ] GC(78)     Dead                           Min: 0, Avg:  0.0, Max: 0, Diff: 0, Sum: 0, Workers: 4
[32.466s][debug][gc,phases      ] GC(78)     Total                          Min: 0, Avg: 142.8, Max: 507, Diff: 507, Sum: 571, Workers: 4
[32.466s][debug][gc,phases      ] GC(78)   ObjectSynchronizer Weak        Min:  0.0, Avg:  0.0, Max:  0.0, Diff:  0.0, Sum:  0.0, Workers: 4
[32.466s][debug][gc,phases      ] GC(78)     Dead                           Min: 0, Avg:  0.0, Max: 0, Diff: 0, Sum: 0, Workers: 4
[32.466s][debug][gc,phases      ] GC(78)     Total                          Min: 0, Avg: 99.0, Max: 204, Diff: 204, Sum: 396, Workers: 4
[32.466s][debug][gc,phases      ] GC(78)   JVMTI Tag Weak OopStorage      Min:  0.0, Avg:  0.0, Max:  0.0, Diff:  0.0, Sum:  0.0, Workers: 4
[32.466s][debug][gc,phases      ] GC(78)     Dead                           Min: 0, Avg:  0.0, Max: 0, Diff: 0, Sum: 0, Workers: 4
[32.466s][debug][gc,phases      ] GC(78)     Total                          Min: 0, Avg:  0.0, Max: 0, Diff: 0, Sum: 0, Workers: 4
[32.466s][debug][gc,phases      ] GC(78)   StringTable Weak               Min:  0.1, Avg:  0.1, Max:  0.1, Diff:  0.0, Sum:  0.4, Workers: 4
[32.466s][debug][gc,phases      ] GC(78)     Dead                           Min: 0, Avg:  0.0, Max: 0, Diff: 0, Sum: 0, Workers: 4
[32.466s][debug][gc,phases      ] GC(78)     Total                          Min: 9984, Avg: 10675.8, Max: 11136, Diff: 1152, Sum: 42703, Workers: 4
[32.466s][debug][gc,phases      ] GC(78)   ResolvedMethodTable Weak       Min:  0.0, Avg:  0.0, Max:  0.0, Diff:  0.0, Sum:  0.1, Workers: 4
[32.466s][debug][gc,phases      ] GC(78)     Dead                           Min: 0, Avg:  0.0, Max: 0, Diff: 0, Sum: 0, Workers: 4
[32.466s][debug][gc,phases      ] GC(78)     Total                          Min: 1663, Avg: 1813.8, Max: 1917, Diff: 254, Sum: 7255, Workers: 4
[32.466s][debug][gc,phases      ] GC(78)   JNI Weak                       Min:  0.0, Avg:  0.0, Max:  0.0, Diff:  0.0, Sum:  0.0, Workers: 4
[32.466s][debug][gc,phases      ] GC(78)     Dead                           Min: 0, Avg:  0.0, Max: 0, Diff: 0, Sum: 0, Workers: 4
[32.466s][debug][gc,phases      ] GC(78)     Total                          Min: 0, Avg:  0.0, Max: 0, Diff: 0, Sum: 0, Workers: 4
[32.466s][debug][gc,phases      ] GC(78)   StringDedup Table Weak         Min:  0.0, Avg:  0.0, Max:  0.0, Diff:  0.0, Sum:  0.0, Workers: 4
[32.466s][debug][gc,phases      ] GC(78)     Dead                           Min: 0, Avg:  0.0, Max: 0, Diff: 0, Sum: 0, Workers: 4
[32.466s][debug][gc,phases      ] GC(78)     Total                          Min: 0, Avg:  0.0, Max: 0, Diff: 0, Sum: 0, Workers: 4
[32.466s][debug][gc,phases      ] GC(78)   StringDedup Requests0 Weak     Min:  0.0, Avg:  0.0, Max:  0.0, Diff:  0.0, Sum:  0.0, Workers: 4
[32.466s][debug][gc,phases      ] GC(78)     Dead                           Min: 0, Avg:  0.0, Max: 0, Diff: 0, Sum: 0, Workers: 4
[32.466s][debug][gc,phases      ] GC(78)     Total                          Min: 0, Avg:  0.0, Max: 0, Diff: 0, Sum: 0, Workers: 4
[32.466s][debug][gc,phases      ] GC(78)   StringDedup Requests1 Weak     Min:  0.0, Avg:  0.0, Max:  0.0, Diff:  0.0, Sum:  0.0, Workers: 4
[32.466s][debug][gc,phases      ] GC(78)     Dead                           Min: 0, Avg:  0.0, Max: 0, Diff: 0, Sum: 0, Workers: 4
[32.466s][debug][gc,phases      ] GC(78)     Total                          Min: 0, Avg:  0.0, Max: 0, Diff: 0, Sum: 0, Workers: 4
[32.466s][debug][gc,phases      ] GC(78)   Weak JFR Old Object Samples    Min:  0.0, Avg:  0.0, Max:  0.0, Diff:  0.0, Sum:  0.0, Workers: 4
[32.466s][debug][gc,phases      ] GC(78)     Dead                           Min: 0, Avg:  0.0, Max: 0, Diff: 0, Sum: 0, Workers: 4
[32.466s][debug][gc,phases      ] GC(78)     Total                          Min: 0, Avg:  0.0, Max: 0, Diff: 0, Sum: 0, Workers: 4
[32.466s][debug][gc,phases      ] GC(78) Weak Processing 0.311ms
[32.466s][debug][gc,age         ] GC(78) Desired survivor size 344457216 bytes, new threshold 15 (max threshold 15)
[32.466s][info ][gc,heap        ] GC(78) PSYoungGen: 1654704K(1654784K)->205424K(1758208K) Eden: 1443840K(1443840K)->0K(1424384K) From: 210864K(210944K)->205424K(333824K)
[32.466s][info ][gc,heap        ] GC(78) ParOldGen: 605339K(721920K)->612220K(721920K)
[32.466s][info ][gc,metaspace   ] GC(78) Metaspace: 68546K(69312K)->68546K(69312K) NonClass: 58605K(59072K)->58605K(59072K) Class: 9941K(10240K)->9941K(10240K)
[32.466s][info ][gc             ] GC(78) Pause Young (Allocation Failure) 2207M->798M(2422M) 84.696ms
[32.466s][info ][gc,cpu         ] GC(78) User=0.34s Sys=0.00s Real=0.09s
[32.466s][info ][safepoint      ] Safepoint "ParallelGCFailedAllocation", Time since last: 239624968 ns, Reaching safepoint: 138008 ns, At safepoint: 84806015 ns, Total: 84944023 ns
[32.682s][info ][gc,start       ] GC(79) Pause Young (Allocation Failure)
[32.762s][debug][gc,phases      ] GC(79) Scavenge 79.875ms
[32.762s][debug][gc,ref         ] GC(79) Skipped phase 1 of Reference Processing: no references
[32.762s][debug][gc,ref         ] GC(79) ReferenceProcessor::execute queues: 1, RefProcThreadModel::Single, marks_oops_alive: false
[32.762s][debug][gc,ref         ] GC(79) Skipped phase 3 of Reference Processing: no references
[32.762s][debug][gc,ref         ] GC(79) ReferenceProcessor::execute queues: 1, RefProcThreadModel::Single, marks_oops_alive: false
[32.762s][debug][gc,phases      ] GC(79) Reference Processing 0.119ms
[32.762s][debug][gc,phases      ] GC(79)   VM Weak                        Min:  0.0, Avg:  0.0, Max:  0.0, Diff:  0.0, Sum:  0.0, Workers: 4
[32.762s][debug][gc,phases      ] GC(79)     Dead                           Min: 0, Avg:  0.0, Max: 0, Diff: 0, Sum: 0, Workers: 4
[32.762s][debug][gc,phases      ] GC(79)     Total                          Min: 0, Avg: 142.8, Max: 443, Diff: 443, Sum: 571, Workers: 4
[32.762s][debug][gc,phases      ] GC(79)   ObjectSynchronizer Weak        Min:  0.0, Avg:  0.0, Max:  0.0, Diff:  0.0, Sum:  0.0, Workers: 4
[32.762s][debug][gc,phases      ] GC(79)     Dead                           Min: 0, Avg:  0.0, Max: 0, Diff: 0, Sum: 0, Workers: 4
[32.762s][debug][gc,phases      ] GC(79)     Total                          Min: 0, Avg: 99.0, Max: 204, Diff: 204, Sum: 396, Workers: 4
[32.762s][debug][gc,phases      ] GC(79)   JVMTI Tag Weak OopStorage      Min:  0.0, Avg:  0.0, Max:  0.0, Diff:  0.0, Sum:  0.0, Workers: 4
[32.762s][debug][gc,phases      ] GC(79)     Dead                           Min: 0, Avg:  0.0, Max: 0, Diff: 0, Sum: 0, Workers: 4
[32.762s][debug][gc,phases      ] GC(79)     Total                          Min: 0, Avg:  0.0, Max: 0, Diff: 0, Sum: 0, Workers: 4
[32.762s][debug][gc,phases      ] GC(79)   StringTable Weak               Min:  0.1, Avg:  0.1, Max:  0.1, Diff:  0.0, Sum:  0.4, Workers: 4
[32.762s][debug][gc,phases      ] GC(79)     Dead                           Min: 0, Avg:  2.8, Max: 7, Diff: 7, Sum: 11, Workers: 4
[32.762s][debug][gc,phases      ] GC(79)     Total                          Min: 10112, Avg: 10676.0, Max: 11200, Diff: 1088, Sum: 42704, Workers: 4
[32.763s][debug][gc,phases      ] GC(79)   ResolvedMethodTable Weak       Min:  0.0, Avg:  0.0, Max:  0.0, Diff:  0.0, Sum:  0.1, Workers: 4
[32.763s][debug][gc,phases      ] GC(79)     Dead                           Min: 0, Avg:  0.0, Max: 0, Diff: 0, Sum: 0, Workers: 4
[32.763s][debug][gc,phases      ] GC(79)     Total                          Min: 1663, Avg: 1813.8, Max: 2011, Diff: 348, Sum: 7255, Workers: 4
[32.763s][debug][gc,phases      ] GC(79)   JNI Weak                       Min:  0.0, Avg:  0.0, Max:  0.0, Diff:  0.0, Sum:  0.0, Workers: 4
[32.763s][debug][gc,phases      ] GC(79)     Dead                           Min: 0, Avg:  0.0, Max: 0, Diff: 0, Sum: 0, Workers: 4
[32.763s][debug][gc,phases      ] GC(79)     Total                          Min: 0, Avg:  0.0, Max: 0, Diff: 0, Sum: 0, Workers: 4
[32.763s][debug][gc,phases      ] GC(79)   StringDedup Table Weak         Min:  0.0, Avg:  0.0, Max:  0.0, Diff:  0.0, Sum:  0.0, Workers: 4
[32.763s][debug][gc,phases      ] GC(79)     Dead                           Min: 0, Avg:  0.0, Max: 0, Diff: 0, Sum: 0, Workers: 4
[32.763s][debug][gc,phases      ] GC(79)     Total                          Min: 0, Avg:  0.0, Max: 0, Diff: 0, Sum: 0, Workers: 4
[32.763s][debug][gc,phases      ] GC(79)   StringDedup Requests0 Weak     Min:  0.0, Avg:  0.0, Max:  0.0, Diff:  0.0, Sum:  0.0, Workers: 4
[32.763s][debug][gc,phases      ] GC(79)     Dead                           Min: 0, Avg:  0.0, Max: 0, Diff: 0, Sum: 0, Workers: 4
[32.763s][debug][gc,phases      ] GC(79)     Total                          Min: 0, Avg:  0.0, Max: 0, Diff: 0, Sum: 0, Workers: 4
[32.763s][debug][gc,phases      ] GC(79)   StringDedup Requests1 Weak     Min:  0.0, Avg:  0.0, Max:  0.0, Diff:  0.0, Sum:  0.0, Workers: 4
[32.763s][debug][gc,phases      ] GC(79)     Dead                           Min: 0, Avg:  0.0, Max: 0, Diff: 0, Sum: 0, Workers: 4
[32.763s][debug][gc,phases      ] GC(79)     Total                          Min: 0, Avg:  0.0, Max: 0, Diff: 0, Sum: 0, Workers: 4
[32.763s][debug][gc,phases      ] GC(79)   Weak JFR Old Object Samples    Min:  0.0, Avg:  0.0, Max:  0.0, Diff:  0.0, Sum:  0.0, Workers: 4
[32.763s][debug][gc,phases      ] GC(79)     Dead                           Min: 0, Avg:  0.0, Max: 0, Diff: 0, Sum: 0, Workers: 4
[32.763s][debug][gc,phases      ] GC(79)     Total                          Min: 0, Avg:  0.0, Max: 0, Diff: 0, Sum: 0, Workers: 4
[32.763s][debug][gc,phases      ] GC(79) Weak Processing 0.317ms
[32.763s][debug][gc,age         ] GC(79) Desired survivor size 341311488 bytes, new threshold 15 (max threshold 15)
[32.763s][info ][gc,heap        ] GC(79) PSYoungGen: 1629808K(1758208K)->195728K(1760768K) Eden: 1424384K(1424384K)->0K(1424384K) From: 205424K(333824K)->195728K(336384K)
[32.763s][info ][gc,heap        ] GC(79) ParOldGen: 612220K(721920K)->623460K(721920K)
[32.763s][info ][gc,metaspace   ] GC(79) Metaspace: 68546K(69312K)->68546K(69312K) NonClass: 58605K(59072K)->58605K(59072K) Class: 9941K(10240K)->9941K(10240K)
[32.763s][info ][gc             ] GC(79) Pause Young (Allocation Failure) 2189M->799M(2424M) 80.501ms
[32.763s][info ][gc,cpu         ] GC(79) User=0.31s Sys=0.01s Real=0.08s
[32.763s][info ][safepoint      ] Safepoint "ParallelGCFailedAllocation", Time since last: 215952369 ns, Reaching safepoint: 132907 ns, At safepoint: 80613367 ns, Total: 80746274 ns
[33.007s][info ][gc,start       ] GC(80) Pause Young (Allocation Failure)
[33.086s][debug][gc,phases      ] GC(80) Scavenge 78.832ms
[33.086s][debug][gc,ref         ] GC(80) Skipped phase 1 of Reference Processing: no references
[33.086s][debug][gc,ref         ] GC(80) ReferenceProcessor::execute queues: 1, RefProcThreadModel::Single, marks_oops_alive: false
[33.086s][debug][gc,ref         ] GC(80) Skipped phase 3 of Reference Processing: no references
[33.086s][debug][gc,ref         ] GC(80) ReferenceProcessor::execute queues: 1, RefProcThreadModel::Single, marks_oops_alive: false
[33.086s][debug][gc,phases      ] GC(80) Reference Processing 0.112ms
[33.086s][debug][gc,phases      ] GC(80)   VM Weak                        Min:  0.0, Avg:  0.0, Max:  0.0, Diff:  0.0, Sum:  0.0, Workers: 4
[33.086s][debug][gc,phases      ] GC(80)     Dead                           Min: 0, Avg:  0.0, Max: 0, Diff: 0, Sum: 0, Workers: 4
[33.086s][debug][gc,phases      ] GC(80)     Total                          Min: 0, Avg: 142.8, Max: 571, Diff: 571, Sum: 571, Workers: 4
[33.086s][debug][gc,phases      ] GC(80)   ObjectSynchronizer Weak        Min:  0.0, Avg:  0.0, Max:  0.0, Diff:  0.0, Sum:  0.0, Workers: 4
[33.086s][debug][gc,phases      ] GC(80)     Dead                           Min: 0, Avg:  0.0, Max: 0, Diff: 0, Sum: 0, Workers: 4
[33.086s][debug][gc,phases      ] GC(80)     Total                          Min: 0, Avg: 99.0, Max: 204, Diff: 204, Sum: 396, Workers: 4
[33.086s][debug][gc,phases      ] GC(80)   JVMTI Tag Weak OopStorage      Min:  0.0, Avg:  0.0, Max:  0.0, Diff:  0.0, Sum:  0.0, Workers: 4
[33.086s][debug][gc,phases      ] GC(80)     Dead                           Min: 0, Avg:  0.0, Max: 0, Diff: 0, Sum: 0, Workers: 4
[33.086s][debug][gc,phases      ] GC(80)     Total                          Min: 0, Avg:  0.0, Max: 0, Diff: 0, Sum: 0, Workers: 4
[33.086s][debug][gc,phases      ] GC(80)   StringTable Weak               Min:  0.1, Avg:  0.1, Max:  0.1, Diff:  0.0, Sum:  0.4, Workers: 4
[33.086s][debug][gc,phases      ] GC(80)     Dead                           Min: 0, Avg:  2.8, Max: 11, Diff: 11, Sum: 11, Workers: 4
[33.086s][debug][gc,phases      ] GC(80)     Total                          Min: 9465, Avg: 10677.2, Max: 11807, Diff: 2342, Sum: 42709, Workers: 4
[33.086s][debug][gc,phases      ] GC(80)   ResolvedMethodTable Weak       Min:  0.0, Avg:  0.0, Max:  0.0, Diff:  0.0, Sum:  0.1, Workers: 4
[33.086s][debug][gc,phases      ] GC(80)     Dead                           Min: 0, Avg:  0.0, Max: 0, Diff: 0, Sum: 0, Workers: 4
[33.086s][debug][gc,phases      ] GC(80)     Total                          Min: 1471, Avg: 1813.8, Max: 2139, Diff: 668, Sum: 7255, Workers: 4
[33.086s][debug][gc,phases      ] GC(80)   JNI Weak                       Min:  0.0, Avg:  0.0, Max:  0.0, Diff:  0.0, Sum:  0.0, Workers: 4
[33.086s][debug][gc,phases      ] GC(80)     Dead                           Min: 0, Avg:  0.0, Max: 0, Diff: 0, Sum: 0, Workers: 4
[33.086s][debug][gc,phases      ] GC(80)     Total                          Min: 0, Avg:  0.5, Max: 2, Diff: 2, Sum: 2, Workers: 4
[33.086s][debug][gc,phases      ] GC(80)   StringDedup Table Weak         Min:  0.0, Avg:  0.0, Max:  0.0, Diff:  0.0, Sum:  0.0, Workers: 4
[33.086s][debug][gc,phases      ] GC(80)     Dead                           Min: 0, Avg:  0.0, Max: 0, Diff: 0, Sum: 0, Workers: 4
[33.086s][debug][gc,phases      ] GC(80)     Total                          Min: 0, Avg:  0.0, Max: 0, Diff: 0, Sum: 0, Workers: 4
[33.086s][debug][gc,phases      ] GC(80)   StringDedup Requests0 Weak     Min:  0.0, Avg:  0.0, Max:  0.0, Diff:  0.0, Sum:  0.0, Workers: 4
[33.086s][debug][gc,phases      ] GC(80)     Dead                           Min: 0, Avg:  0.0, Max: 0, Diff: 0, Sum: 0, Workers: 4
[33.086s][debug][gc,phases      ] GC(80)     Total                          Min: 0, Avg:  0.0, Max: 0, Diff: 0, Sum: 0, Workers: 4
[33.086s][debug][gc,phases      ] GC(80)   StringDedup Requests1 Weak     Min:  0.0, Avg:  0.0, Max:  0.0, Diff:  0.0, Sum:  0.0, Workers: 4
[33.086s][debug][gc,phases      ] GC(80)     Dead                           Min: 0, Avg:  0.0, Max: 0, Diff: 0, Sum: 0, Workers: 4
[33.086s][debug][gc,phases      ] GC(80)     Total                          Min: 0, Avg:  0.0, Max: 0, Diff: 0, Sum: 0, Workers: 4
[33.086s][debug][gc,phases      ] GC(80)   Weak JFR Old Object Samples    Min:  0.0, Avg:  0.0, Max:  0.0, Diff:  0.0, Sum:  0.0, Workers: 4
[33.086s][debug][gc,phases      ] GC(80)     Dead                           Min: 0, Avg:  0.0, Max: 0, Diff: 0, Sum: 0, Workers: 4
[33.086s][debug][gc,phases      ] GC(80)     Total                          Min: 0, Avg:  0.0, Max: 0, Diff: 0, Sum: 0, Workers: 4
[33.086s][debug][gc,phases      ] GC(80) Weak Processing 0.301ms
[33.086s][debug][gc,age         ] GC(80) Desired survivor size 335020032 bytes, new threshold 15 (max threshold 15)
[33.086s][info ][gc,heap        ] GC(80) PSYoungGen: 1620112K(1760768K)->189443K(1769984K) Eden: 1424384K(1424384K)->0K(1436672K) From: 195728K(336384K)->189443K(333312K)
[33.086s][info ][gc,heap        ] GC(80) ParOldGen: 623460K(721920K)->635972K(721920K)
[33.086s][info ][gc,metaspace   ] GC(80) Metaspace: 68546K(69312K)->68546K(69312K) NonClass: 58605K(59072K)->58605K(59072K) Class: 9941K(10240K)->9941K(10240K)
[33.086s][info ][gc             ] GC(80) Pause Young (Allocation Failure) 2190M->806M(2433M) 79.364ms
[33.086s][info ][gc,cpu         ] GC(80) User=0.31s Sys=0.01s Real=0.08s
[33.086s][info ][safepoint      ] Safepoint "ParallelGCFailedAllocation", Time since last: 244109834 ns, Reaching safepoint: 117006 ns, At safepoint: 79475000 ns, Total: 79592006 ns
[33.376s][info ][gc,start       ] GC(81) Pause Young (Allocation Failure)
[33.448s][debug][gc,phases      ] GC(81) Scavenge 72.028ms
[33.448s][debug][gc,ref         ] GC(81) Skipped phase 1 of Reference Processing: no references
[33.448s][debug][gc,ref         ] GC(81) ReferenceProcessor::execute queues: 1, RefProcThreadModel::Single, marks_oops_alive: false
[33.448s][debug][gc,ref         ] GC(81) Skipped phase 3 of Reference Processing: no references
[33.448s][debug][gc,ref         ] GC(81) ReferenceProcessor::execute queues: 1, RefProcThreadModel::Single, marks_oops_alive: false
[33.448s][debug][gc,phases      ] GC(81) Reference Processing 0.126ms
[33.448s][debug][gc,phases      ] GC(81)   VM Weak                        Min:  0.0, Avg:  0.0, Max:  0.0, Diff:  0.0, Sum:  0.0, Workers: 4
[33.448s][debug][gc,phases      ] GC(81)     Dead                           Min: 0, Avg:  0.0, Max: 0, Diff: 0, Sum: 0, Workers: 4
[33.448s][debug][gc,phases      ] GC(81)     Total                          Min: 0, Avg: 142.8, Max: 320, Diff: 320, Sum: 571, Workers: 4
[33.448s][debug][gc,phases      ] GC(81)   ObjectSynchronizer Weak        Min:  0.0, Avg:  0.0, Max:  0.0, Diff:  0.0, Sum:  0.0, Workers: 4
[33.448s][debug][gc,phases      ] GC(81)     Dead                           Min: 0, Avg:  0.0, Max: 0, Diff: 0, Sum: 0, Workers: 4
[33.448s][debug][gc,phases      ] GC(81)     Total                          Min: 0, Avg: 99.0, Max: 204, Diff: 204, Sum: 396, Workers: 4
[33.448s][debug][gc,phases      ] GC(81)   JVMTI Tag Weak OopStorage      Min:  0.0, Avg:  0.0, Max:  0.0, Diff:  0.0, Sum:  0.0, Workers: 4
[33.448s][debug][gc,phases      ] GC(81)     Dead                           Min: 0, Avg:  0.0, Max: 0, Diff: 0, Sum: 0, Workers: 4
[33.448s][debug][gc,phases      ] GC(81)     Total                          Min: 0, Avg:  0.0, Max: 0, Diff: 0, Sum: 0, Workers: 4
[33.448s][debug][gc,phases      ] GC(81)   StringTable Weak               Min:  0.1, Avg:  0.1, Max:  0.1, Diff:  0.0, Sum:  0.4, Workers: 4
[33.448s][debug][gc,phases      ] GC(81)     Dead                           Min: 0, Avg:  0.0, Max: 0, Diff: 0, Sum: 0, Workers: 4
[33.448s][debug][gc,phases      ] GC(81)     Total                          Min: 9112, Avg: 10677.2, Max: 12733, Diff: 3621, Sum: 42709, Workers: 4
[33.448s][debug][gc,phases      ] GC(81)   ResolvedMethodTable Weak       Min:  0.0, Avg:  0.0, Max:  0.0, Diff:  0.0, Sum:  0.1, Workers: 4
[33.448s][debug][gc,phases      ] GC(81)     Dead                           Min: 0, Avg:  0.0, Max: 0, Diff: 0, Sum: 0, Workers: 4
[33.448s][debug][gc,phases      ] GC(81)     Total                          Min: 1407, Avg: 1813.8, Max: 2048, Diff: 641, Sum: 7255, Workers: 4
[33.448s][debug][gc,phases      ] GC(81)   JNI Weak                       Min:  0.0, Avg:  0.0, Max:  0.0, Diff:  0.0, Sum:  0.0, Workers: 4
[33.448s][debug][gc,phases      ] GC(81)     Dead                           Min: 0, Avg:  0.0, Max: 0, Diff: 0, Sum: 0, Workers: 4
[33.448s][debug][gc,phases      ] GC(81)     Total                          Min: 0, Avg:  0.0, Max: 0, Diff: 0, Sum: 0, Workers: 4
[33.448s][debug][gc,phases      ] GC(81)   StringDedup Table Weak         Min:  0.0, Avg:  0.0, Max:  0.0, Diff:  0.0, Sum:  0.0, Workers: 4
[33.448s][debug][gc,phases      ] GC(81)     Dead                           Min: 0, Avg:  0.0, Max: 0, Diff: 0, Sum: 0, Workers: 4
[33.448s][debug][gc,phases      ] GC(81)     Total                          Min: 0, Avg:  0.0, Max: 0, Diff: 0, Sum: 0, Workers: 4
[33.448s][debug][gc,phases      ] GC(81)   StringDedup Requests0 Weak     Min:  0.0, Avg:  0.0, Max:  0.0, Diff:  0.0, Sum:  0.0, Workers: 4
[33.448s][debug][gc,phases      ] GC(81)     Dead                           Min: 0, Avg:  0.0, Max: 0, Diff: 0, Sum: 0, Workers: 4
[33.448s][debug][gc,phases      ] GC(81)     Total                          Min: 0, Avg:  0.0, Max: 0, Diff: 0, Sum: 0, Workers: 4
[33.448s][debug][gc,phases      ] GC(81)   StringDedup Requests1 Weak     Min:  0.0, Avg:  0.0, Max:  0.0, Diff:  0.0, Sum:  0.0, Workers: 4
[33.448s][debug][gc,phases      ] GC(81)     Dead                           Min: 0, Avg:  0.0, Max: 0, Diff: 0, Sum: 0, Workers: 4
[33.448s][debug][gc,phases      ] GC(81)     Total                          Min: 0, Avg:  0.0, Max: 0, Diff: 0, Sum: 0, Workers: 4
[33.448s][debug][gc,phases      ] GC(81)   Weak JFR Old Object Samples    Min:  0.0, Avg:  0.0, Max:  0.0, Diff:  0.0, Sum:  0.0, Workers: 4
[33.448s][debug][gc,phases      ] GC(81)     Dead                           Min: 0, Avg:  0.0, Max: 0, Diff: 0, Sum: 0, Workers: 4
[33.448s][debug][gc,phases      ] GC(81)     Total                          Min: 0, Avg:  0.0, Max: 0, Diff: 0, Sum: 0, Workers: 4
[33.448s][debug][gc,phases      ] GC(81) Weak Processing 0.293ms
[33.448s][debug][gc,age         ] GC(81) Desired survivor size 323485696 bytes, new threshold 15 (max threshold 15)
[33.448s][info ][gc,heap        ] GC(81) PSYoungGen: 1626115K(1769984K)->175294K(1763840K) Eden: 1436672K(1436672K)->0K(1436672K) From: 189443K(333312K)->175294K(327168K)
[33.448s][info ][gc,heap        ] GC(81) ParOldGen: 635972K(721920K)->657516K(721920K)
[33.448s][info ][gc,metaspace   ] GC(81) Metaspace: 68548K(69312K)->68548K(69312K) NonClass: 58606K(59072K)->58606K(59072K) Class: 9941K(10240K)->9941K(10240K)
[33.448s][info ][gc             ] GC(81) Pause Young (Allocation Failure) 2209M->813M(2427M) 72.586ms
[33.448s][info ][gc,cpu         ] GC(81) User=0.22s Sys=0.07s Real=0.07s
[33.448s][info ][safepoint      ] Safepoint "ParallelGCFailedAllocation", Time since last: 289177998 ns, Reaching safepoint: 124808 ns, At safepoint: 72678997 ns, Total: 72803805 ns
[33.679s][info ][gc,start       ] GC(82) Pause Young (Allocation Failure)
[33.743s][debug][gc,phases      ] GC(82) Scavenge 63.434ms
[33.743s][debug][gc,ref         ] GC(82) Skipped phase 1 of Reference Processing: no references
[33.743s][debug][gc,ref         ] GC(82) ReferenceProcessor::execute queues: 1, RefProcThreadModel::Single, marks_oops_alive: false
[33.743s][debug][gc,ref         ] GC(82) Skipped phase 3 of Reference Processing: no references
[33.743s][debug][gc,ref         ] GC(82) ReferenceProcessor::execute queues: 1, RefProcThreadModel::Single, marks_oops_alive: false
[33.743s][debug][gc,phases      ] GC(82) Reference Processing 0.141ms
[33.743s][debug][gc,phases      ] GC(82)   VM Weak                        Min:  0.0, Avg:  0.0, Max:  0.0, Diff:  0.0, Sum:  0.0, Workers: 4
[33.743s][debug][gc,phases      ] GC(82)     Dead                           Min: 0, Avg:  0.0, Max: 0, Diff: 0, Sum: 0, Workers: 4
[33.743s][debug][gc,phases      ] GC(82)     Total                          Min: 0, Avg: 142.8, Max: 443, Diff: 443, Sum: 571, Workers: 4
[33.743s][debug][gc,phases      ] GC(82)   ObjectSynchronizer Weak        Min:  0.0, Avg:  0.0, Max:  0.0, Diff:  0.0, Sum:  0.0, Workers: 4
[33.743s][debug][gc,phases      ] GC(82)     Dead                           Min: 0, Avg:  0.0, Max: 0, Diff: 0, Sum: 0, Workers: 4
[33.743s][debug][gc,phases      ] GC(82)     Total                          Min: 0, Avg: 99.0, Max: 192, Diff: 192, Sum: 396, Workers: 4
[33.743s][debug][gc,phases      ] GC(82)   JVMTI Tag Weak OopStorage      Min:  0.0, Avg:  0.0, Max:  0.0, Diff:  0.0, Sum:  0.0, Workers: 4
[33.743s][debug][gc,phases      ] GC(82)     Dead                           Min: 0, Avg:  0.0, Max: 0, Diff: 0, Sum: 0, Workers: 4
[33.743s][debug][gc,phases      ] GC(82)     Total                          Min: 0, Avg:  0.0, Max: 0, Diff: 0, Sum: 0, Workers: 4
[33.743s][debug][gc,phases      ] GC(82)   StringTable Weak               Min:  0.1, Avg:  0.1, Max:  0.1, Diff:  0.0, Sum:  0.4, Workers: 4
[33.743s][debug][gc,phases      ] GC(82)     Dead                           Min: 0, Avg:  2.8, Max: 7, Diff: 7, Sum: 11, Workers: 4
[33.743s][debug][gc,phases      ] GC(82)     Total                          Min: 9920, Avg: 10693.5, Max: 11840, Diff: 1920, Sum: 42774, Workers: 4
[33.743s][debug][gc,phases      ] GC(82)   ResolvedMethodTable Weak       Min:  0.0, Avg:  0.0, Max:  0.0, Diff:  0.0, Sum:  0.1, Workers: 4
[33.743s][debug][gc,phases      ] GC(82)     Dead                           Min: 0, Avg:  0.0, Max: 0, Diff: 0, Sum: 0, Workers: 4
[33.743s][debug][gc,phases      ] GC(82)     Total                          Min: 1663, Avg: 1813.8, Max: 1883, Diff: 220, Sum: 7255, Workers: 4
[33.743s][debug][gc,phases      ] GC(82)   JNI Weak                       Min:  0.0, Avg:  0.0, Max:  0.0, Diff:  0.0, Sum:  0.0, Workers: 4
[33.743s][debug][gc,phases      ] GC(82)     Dead                           Min: 0, Avg:  0.0, Max: 0, Diff: 0, Sum: 0, Workers: 4
[33.743s][debug][gc,phases      ] GC(82)     Total                          Min: 0, Avg:  0.0, Max: 0, Diff: 0, Sum: 0, Workers: 4
[33.743s][debug][gc,phases      ] GC(82)   StringDedup Table Weak         Min:  0.0, Avg:  0.0, Max:  0.0, Diff:  0.0, Sum:  0.0, Workers: 4
[33.743s][debug][gc,phases      ] GC(82)     Dead                           Min: 0, Avg:  0.0, Max: 0, Diff: 0, Sum: 0, Workers: 4
[33.743s][debug][gc,phases      ] GC(82)     Total                          Min: 0, Avg:  0.0, Max: 0, Diff: 0, Sum: 0, Workers: 4
[33.743s][debug][gc,phases      ] GC(82)   StringDedup Requests0 Weak     Min:  0.0, Avg:  0.0, Max:  0.0, Diff:  0.0, Sum:  0.0, Workers: 4
[33.743s][debug][gc,phases      ] GC(82)     Dead                           Min: 0, Avg:  0.0, Max: 0, Diff: 0, Sum: 0, Workers: 4
[33.743s][debug][gc,phases      ] GC(82)     Total                          Min: 0, Avg:  0.0, Max: 0, Diff: 0, Sum: 0, Workers: 4
[33.743s][debug][gc,phases      ] GC(82)   StringDedup Requests1 Weak     Min:  0.0, Avg:  0.0, Max:  0.0, Diff:  0.0, Sum:  0.0, Workers: 4
[33.743s][debug][gc,phases      ] GC(82)     Dead                           Min: 0, Avg:  0.0, Max: 0, Diff: 0, Sum: 0, Workers: 4
[33.743s][debug][gc,phases      ] GC(82)     Total                          Min: 0, Avg:  0.0, Max: 0, Diff: 0, Sum: 0, Workers: 4
[33.743s][debug][gc,phases      ] GC(82)   Weak JFR Old Object Samples    Min:  0.0, Avg:  0.0, Max:  0.0, Diff:  0.0, Sum:  0.0, Workers: 4
[33.743s][debug][gc,phases      ] GC(82)     Dead                           Min: 0, Avg:  0.0, Max: 0, Diff: 0, Sum: 0, Workers: 4
[33.743s][debug][gc,phases      ] GC(82)     Total                          Min: 0, Avg:  0.0, Max: 0, Diff: 0, Sum: 0, Workers: 4
[33.743s][debug][gc,phases      ] GC(82) Weak Processing 0.300ms
[33.743s][debug][gc,age         ] GC(82) Desired survivor size 311951360 bytes, new threshold 15 (max threshold 15)
[33.743s][info ][gc,heap        ] GC(82) PSYoungGen: 1611966K(1763840K)->174176K(1792512K) Eden: 1436672K(1436672K)->0K(1476608K) From: 175294K(327168K)->174176K(315904K)
[33.743s][info ][gc,heap        ] GC(82) ParOldGen: 657516K(721920K)->678724K(721920K)
[33.743s][info ][gc,metaspace   ] GC(82) Metaspace: 68550K(69312K)->68550K(69312K) NonClass: 58609K(59072K)->58609K(59072K) Class: 9941K(10240K)->9941K(10240K)
[33.743s][info ][gc             ] GC(82) Pause Young (Allocation Failure) 2216M->832M(2455M) 64.013ms
[33.743s][info ][gc,cpu         ] GC(82) User=0.24s Sys=0.01s Real=0.07s
[33.743s][info ][safepoint      ] Safepoint "ParallelGCFailedAllocation", Time since last: 230590834 ns, Reaching safepoint: 216913 ns, At safepoint: 64126892 ns, Total: 64343805 ns
[33.981s][info ][gc,start       ] GC(83) Pause Young (Allocation Failure)
[34.032s][debug][gc,phases      ] GC(83) Scavenge 50.833ms
[34.032s][debug][gc,ref         ] GC(83) Skipped phase 1 of Reference Processing: no references
[34.032s][debug][gc,ref         ] GC(83) ReferenceProcessor::execute queues: 1, RefProcThreadModel::Single, marks_oops_alive: false
[34.032s][debug][gc,ref         ] GC(83) Skipped phase 3 of Reference Processing: no references
[34.032s][debug][gc,ref         ] GC(83) ReferenceProcessor::execute queues: 1, RefProcThreadModel::Single, marks_oops_alive: false
[34.032s][debug][gc,phases      ] GC(83) Reference Processing 0.116ms
[34.032s][debug][gc,phases      ] GC(83)   VM Weak                        Min:  0.0, Avg:  0.0, Max:  0.0, Diff:  0.0, Sum:  0.0, Workers: 4
[34.032s][debug][gc,phases      ] GC(83)     Dead                           Min: 0, Avg:  0.0, Max: 0, Diff: 0, Sum: 0, Workers: 4
[34.032s][debug][gc,phases      ] GC(83)     Total                          Min: 0, Avg: 142.8, Max: 320, Diff: 320, Sum: 571, Workers: 4
[34.032s][debug][gc,phases      ] GC(83)   ObjectSynchronizer Weak        Min:  0.0, Avg:  0.0, Max:  0.0, Diff:  0.0, Sum:  0.0, Workers: 4
[34.032s][debug][gc,phases      ] GC(83)     Dead                           Min: 0, Avg:  0.0, Max: 0, Diff: 0, Sum: 0, Workers: 4
[34.032s][debug][gc,phases      ] GC(83)     Total                          Min: 0, Avg: 99.0, Max: 204, Diff: 204, Sum: 396, Workers: 4
[34.032s][debug][gc,phases      ] GC(83)   JVMTI Tag Weak OopStorage      Min:  0.0, Avg:  0.0, Max:  0.0, Diff:  0.0, Sum:  0.0, Workers: 4
[34.032s][debug][gc,phases      ] GC(83)     Dead                           Min: 0, Avg:  0.0, Max: 0, Diff: 0, Sum: 0, Workers: 4
[34.032s][debug][gc,phases      ] GC(83)     Total                          Min: 0, Avg:  0.0, Max: 0, Diff: 0, Sum: 0, Workers: 4
[34.032s][debug][gc,phases      ] GC(83)   StringTable Weak               Min:  0.1, Avg:  0.1, Max:  0.1, Diff:  0.0, Sum:  0.4, Workers: 4
[34.032s][debug][gc,phases      ] GC(83)     Dead                           Min: 0, Avg:  0.0, Max: 0, Diff: 0, Sum: 0, Workers: 4
[34.032s][debug][gc,phases      ] GC(83)     Total                          Min: 9819, Avg: 10694.8, Max: 12800, Diff: 2981, Sum: 42779, Workers: 4
[34.032s][debug][gc,phases      ] GC(83)   ResolvedMethodTable Weak       Min:  0.0, Avg:  0.0, Max:  0.0, Diff:  0.0, Sum:  0.1, Workers: 4
[34.032s][debug][gc,phases      ] GC(83)     Dead                           Min: 0, Avg:  0.0, Max: 0, Diff: 0, Sum: 0, Workers: 4
[34.032s][debug][gc,phases      ] GC(83)     Total                          Min: 1596, Avg: 1813.8, Max: 2176, Diff: 580, Sum: 7255, Workers: 4
[34.032s][debug][gc,phases      ] GC(83)   JNI Weak                       Min:  0.0, Avg:  0.0, Max:  0.0, Diff:  0.0, Sum:  0.0, Workers: 4
[34.032s][debug][gc,phases      ] GC(83)     Dead                           Min: 0, Avg:  0.0, Max: 0, Diff: 0, Sum: 0, Workers: 4
[34.032s][debug][gc,phases      ] GC(83)     Total                          Min: 0, Avg:  0.0, Max: 0, Diff: 0, Sum: 0, Workers: 4
[34.032s][debug][gc,phases      ] GC(83)   StringDedup Table Weak         Min:  0.0, Avg:  0.0, Max:  0.0, Diff:  0.0, Sum:  0.0, Workers: 4
[34.032s][debug][gc,phases      ] GC(83)     Dead                           Min: 0, Avg:  0.0, Max: 0, Diff: 0, Sum: 0, Workers: 4
[34.032s][debug][gc,phases      ] GC(83)     Total                          Min: 0, Avg:  0.0, Max: 0, Diff: 0, Sum: 0, Workers: 4
[34.032s][debug][gc,phases      ] GC(83)   StringDedup Requests0 Weak     Min:  0.0, Avg:  0.0, Max:  0.0, Diff:  0.0, Sum:  0.0, Workers: 4
[34.032s][debug][gc,phases      ] GC(83)     Dead                           Min: 0, Avg:  0.0, Max: 0, Diff: 0, Sum: 0, Workers: 4
[34.032s][debug][gc,phases      ] GC(83)     Total                          Min: 0, Avg:  0.0, Max: 0, Diff: 0, Sum: 0, Workers: 4
[34.032s][debug][gc,phases      ] GC(83)   StringDedup Requests1 Weak     Min:  0.0, Avg:  0.0, Max:  0.0, Diff:  0.0, Sum:  0.0, Workers: 4
[34.032s][debug][gc,phases      ] GC(83)     Dead                           Min: 0, Avg:  0.0, Max: 0, Diff: 0, Sum: 0, Workers: 4
[34.032s][debug][gc,phases      ] GC(83)     Total                          Min: 0, Avg:  0.0, Max: 0, Diff: 0, Sum: 0, Workers: 4
[34.032s][debug][gc,phases      ] GC(83)   Weak JFR Old Object Samples    Min:  0.0, Avg:  0.0, Max:  0.0, Diff:  0.0, Sum:  0.0, Workers: 4
[34.032s][debug][gc,phases      ] GC(83)     Dead                           Min: 0, Avg:  0.0, Max: 0, Diff: 0, Sum: 0, Workers: 4
[34.032s][debug][gc,phases      ] GC(83)     Total                          Min: 0, Avg:  0.0, Max: 0, Diff: 0, Sum: 0, Workers: 4
[34.032s][debug][gc,phases      ] GC(83) Weak Processing 0.319ms
[34.032s][debug][gc,age         ] GC(83) Desired survivor size 298844160 bytes, new threshold 15 (max threshold 15)
[34.032s][info ][gc,heap        ] GC(83) PSYoungGen: 1650784K(1792512K)->155872K(1781248K) Eden: 1476608K(1476608K)->0K(1476608K) From: 174176K(315904K)->155872K(304640K)
[34.032s][info ][gc,heap        ] GC(83) ParOldGen: 678724K(721920K)->700332K(721920K)
[34.032s][info ][gc,metaspace   ] GC(83) Metaspace: 68599K(69312K)->68599K(69312K) NonClass: 58657K(59072K)->58657K(59072K) Class: 9942K(10240K)->9942K(10240K)
[34.032s][info ][gc             ] GC(83) Pause Young (Allocation Failure) 2274M->836M(2444M) 51.410ms
[34.032s][info ][gc,cpu         ] GC(83) User=0.19s Sys=0.01s Real=0.05s
[34.032s][debug][gc,phases      ] GC(84) Pre Compact 0.010ms
[34.032s][info ][gc,start       ] GC(84) Pause Full (Ergonomics)
[34.033s][info ][gc,phases,start] GC(84) Marking Phase
[34.215s][debug][gc,phases      ] GC(84) Par Mark 182.762ms
[34.215s][debug][gc,ref         ] GC(84) Skipped phase 1 of Reference Processing: no references
[34.216s][debug][gc,ref         ] GC(84) ReferenceProcessor::execute queues: 4, RefProcThreadModel::Multi, marks_oops_alive: false
[34.216s][debug][gc,ref         ] GC(84) Skipped phase 3 of Reference Processing: no references
[34.216s][debug][gc,ref         ] GC(84) ReferenceProcessor::execute queues: 1, RefProcThreadModel::Single, marks_oops_alive: false
[34.216s][debug][gc,phases      ] GC(84) Reference Processing 0.450ms
[34.216s][debug][gc,phases      ] GC(84)   VM Weak                        Min:  0.0, Avg:  0.0, Max:  0.0, Diff:  0.0, Sum:  0.0, Workers: 4
[34.216s][debug][gc,phases      ] GC(84)     Dead                           Min: 0, Avg:  0.0, Max: 0, Diff: 0, Sum: 0, Workers: 4
[34.216s][debug][gc,phases      ] GC(84)     Total                          Min: 0, Avg: 142.8, Max: 443, Diff: 443, Sum: 571, Workers: 4
[34.216s][debug][gc,phases      ] GC(84)   ObjectSynchronizer Weak        Min:  0.0, Avg:  0.0, Max:  0.0, Diff:  0.0, Sum:  0.0, Workers: 4
[34.216s][debug][gc,phases      ] GC(84)     Dead                           Min: 0, Avg:  0.0, Max: 0, Diff: 0, Sum: 0, Workers: 4
[34.216s][debug][gc,phases      ] GC(84)     Total                          Min: 64, Avg: 99.0, Max: 140, Diff: 76, Sum: 396, Workers: 4
[34.216s][debug][gc,phases      ] GC(84)   JVMTI Tag Weak OopStorage      Min:  0.0, Avg:  0.0, Max:  0.0, Diff:  0.0, Sum:  0.0, Workers: 4
[34.216s][debug][gc,phases      ] GC(84)     Dead                           Min: 0, Avg:  0.0, Max: 0, Diff: 0, Sum: 0, Workers: 4
[34.216s][debug][gc,phases      ] GC(84)     Total                          Min: 0, Avg:  0.0, Max: 0, Diff: 0, Sum: 0, Workers: 4
[34.216s][debug][gc,phases      ] GC(84)   StringTable Weak               Min:  0.1, Avg:  0.1, Max:  0.1, Diff:  0.0, Sum:  0.5, Workers: 4
[34.216s][debug][gc,phases      ] GC(84)     Dead                           Min: 0, Avg:  0.0, Max: 0, Diff: 0, Sum: 0, Workers: 4
[34.216s][debug][gc,phases      ] GC(84)     Total                          Min: 9664, Avg: 10694.8, Max: 11291, Diff: 1627, Sum: 42779, Workers: 4
[34.216s][debug][gc,phases      ] GC(84)   ResolvedMethodTable Weak       Min:  0.0, Avg:  0.0, Max:  0.0, Diff:  0.0, Sum:  0.1, Workers: 4
[34.216s][debug][gc,phases      ] GC(84)     Dead                           Min: 0, Avg:  0.0, Max: 0, Diff: 0, Sum: 0, Workers: 4
[34.216s][debug][gc,phases      ] GC(84)     Total                          Min: 1728, Avg: 1813.8, Max: 1856, Diff: 128, Sum: 7255, Workers: 4
[34.216s][debug][gc,phases      ] GC(84)   JNI Weak                       Min:  0.0, Avg:  0.0, Max:  0.0, Diff:  0.0, Sum:  0.0, Workers: 4
[34.216s][debug][gc,phases      ] GC(84)     Dead                           Min: 0, Avg:  0.0, Max: 0, Diff: 0, Sum: 0, Workers: 4
[34.216s][debug][gc,phases      ] GC(84)     Total                          Min: 0, Avg:  0.0, Max: 0, Diff: 0, Sum: 0, Workers: 4
[34.216s][debug][gc,phases      ] GC(84)   StringDedup Table Weak         Min:  0.0, Avg:  0.0, Max:  0.0, Diff:  0.0, Sum:  0.0, Workers: 4
[34.216s][debug][gc,phases      ] GC(84)     Dead                           Min: 0, Avg:  0.0, Max: 0, Diff: 0, Sum: 0, Workers: 4
[34.216s][debug][gc,phases      ] GC(84)     Total                          Min: 0, Avg:  0.0, Max: 0, Diff: 0, Sum: 0, Workers: 4
[34.216s][debug][gc,phases      ] GC(84)   StringDedup Requests0 Weak     Min:  0.0, Avg:  0.0, Max:  0.0, Diff:  0.0, Sum:  0.0, Workers: 4
[34.216s][debug][gc,phases      ] GC(84)     Dead                           Min: 0, Avg:  0.0, Max: 0, Diff: 0, Sum: 0, Workers: 4
[34.216s][debug][gc,phases      ] GC(84)     Total                          Min: 0, Avg:  0.0, Max: 0, Diff: 0, Sum: 0, Workers: 4
[34.216s][debug][gc,phases      ] GC(84)   StringDedup Requests1 Weak     Min:  0.0, Avg:  0.0, Max:  0.0, Diff:  0.0, Sum:  0.0, Workers: 4
[34.216s][debug][gc,phases      ] GC(84)     Dead                           Min: 0, Avg:  0.0, Max: 0, Diff: 0, Sum: 0, Workers: 4
[34.216s][debug][gc,phases      ] GC(84)     Total                          Min: 0, Avg:  0.0, Max: 0, Diff: 0, Sum: 0, Workers: 4
[34.216s][debug][gc,phases      ] GC(84)   Weak JFR Old Object Samples    Min:  0.0, Avg:  0.0, Max:  0.0, Diff:  0.0, Sum:  0.0, Workers: 4
[34.216s][debug][gc,phases      ] GC(84)     Dead                           Min: 0, Avg:  0.0, Max: 0, Diff: 0, Sum: 0, Workers: 4
[34.216s][debug][gc,phases      ] GC(84)     Total                          Min: 0, Avg:  0.0, Max: 0, Diff: 0, Sum: 0, Workers: 4
[34.216s][debug][gc,phases      ] GC(84) Weak Processing 0.361ms
[34.216s][debug][gc,phases      ] GC(84) ClassLoaderData 0.076ms
[34.216s][debug][gc,phases      ] GC(84) Trigger cleanups 0.000ms
[34.226s][debug][gc,phases      ] GC(84) Class Unloading 9.912ms
[34.226s][info ][gc,phases      ] GC(84) Marking Phase 193.643ms
[34.226s][info ][gc,phases,start] GC(84) Summary Phase
[34.226s][info ][gc,phases      ] GC(84) Summary Phase 0.028ms
[34.226s][info ][gc,phases,start] GC(84) Adjust Roots
[34.235s][info ][gc,phases      ] GC(84) Adjust Roots 8.998ms
[34.235s][info ][gc,phases,start] GC(84) Compaction Phase
[34.606s][info ][gc,phases      ] GC(84) Compaction Phase 371.006ms
[34.606s][info ][gc,phases,start] GC(84) Post Compact
[34.609s][info ][gc,phases      ] GC(84) Post Compact 2.477ms
[34.609s][info ][gc,heap        ] GC(84) PSYoungGen: 155872K(1781248K)->0K(1805312K) Eden: 0K(1476608K)->0K(1513472K) From: 155872K(304640K)->0K(291840K)
[34.609s][info ][gc,heap        ] GC(84) ParOldGen: 700332K(721920K)->540432K(654848K)
[34.609s][info ][gc,metaspace   ] GC(84) Metaspace: 68599K(69312K)->68599K(69312K) NonClass: 58657K(59072K)->58657K(59072K) Class: 9942K(10240K)->9942K(10240K)
[34.609s][info ][gc             ] GC(84) Pause Full (Ergonomics) 836M->527M(2402M) 576.548ms
[34.609s][info ][gc,cpu         ] GC(84) User=2.23s Sys=0.00s Real=0.58s
[34.609s][info ][safepoint      ] Safepoint "ParallelGCFailedAllocation", Time since last: 237468541 ns, Reaching safepoint: 145408 ns, At safepoint: 628153842 ns, Total: 628299250 ns
[34.859s][info ][gc,start       ] GC(85) Pause Young (Allocation Failure)
[34.864s][debug][gc,phases      ] GC(85) Scavenge 4.978ms
[34.864s][debug][gc,ref         ] GC(85) Skipped phase 1 of Reference Processing: no references
[34.864s][debug][gc,ref         ] GC(85) Skipped phase 2 of Reference Processing: no references
[34.864s][debug][gc,ref         ] GC(85) Skipped phase 3 of Reference Processing: no references
[34.864s][debug][gc,ref         ] GC(85) Skipped phase 4 of Reference Processing: no references
[34.864s][debug][gc,phases      ] GC(85) Reference Processing 0.025ms
[34.864s][debug][gc,phases      ] GC(85)   VM Weak                        Min:  0.0, Avg:  0.0, Max:  0.0, Diff:  0.0, Sum:  0.0, Workers: 4
[34.864s][debug][gc,phases      ] GC(85)     Dead                           Min: 0, Avg:  0.0, Max: 0, Diff: 0, Sum: 0, Workers: 4
[34.864s][debug][gc,phases      ] GC(85)     Total                          Min: 0, Avg: 142.8, Max: 320, Diff: 320, Sum: 571, Workers: 4
[34.864s][debug][gc,phases      ] GC(85)   ObjectSynchronizer Weak        Min:  0.0, Avg:  0.0, Max:  0.0, Diff:  0.0, Sum:  0.0, Workers: 4
[34.865s][debug][gc,phases      ] GC(85)     Dead                           Min: 0, Avg:  0.0, Max: 0, Diff: 0, Sum: 0, Workers: 4
[34.865s][debug][gc,phases      ] GC(85)     Total                          Min: 0, Avg: 99.0, Max: 192, Diff: 192, Sum: 396, Workers: 4
[34.865s][debug][gc,phases      ] GC(85)   JVMTI Tag Weak OopStorage      Min:  0.0, Avg:  0.0, Max:  0.0, Diff:  0.0, Sum:  0.0, Workers: 4
[34.865s][debug][gc,phases      ] GC(85)     Dead                           Min: 0, Avg:  0.0, Max: 0, Diff: 0, Sum: 0, Workers: 4
[34.865s][debug][gc,phases      ] GC(85)     Total                          Min: 0, Avg:  0.0, Max: 0, Diff: 0, Sum: 0, Workers: 4
[34.865s][debug][gc,phases      ] GC(85)   StringTable Weak               Min:  0.1, Avg:  0.1, Max:  0.1, Diff:  0.0, Sum:  0.4, Workers: 4
[34.865s][debug][gc,phases      ] GC(85)     Dead                           Min: 0, Avg:  2.8, Max: 11, Diff: 11, Sum: 11, Workers: 4
[34.865s][debug][gc,phases      ] GC(85)     Total                          Min: 10111, Avg: 10694.8, Max: 11619, Diff: 1508, Sum: 42779, Workers: 4
[34.865s][debug][gc,phases      ] GC(85)   ResolvedMethodTable Weak       Min:  0.0, Avg:  0.0, Max:  0.0, Diff:  0.0, Sum:  0.1, Workers: 4
[34.865s][debug][gc,phases      ] GC(85)     Dead                           Min: 0, Avg:  0.0, Max: 0, Diff: 0, Sum: 0, Workers: 4
[34.865s][debug][gc,phases      ] GC(85)     Total                          Min: 1690, Avg: 1813.8, Max: 1920, Diff: 230, Sum: 7255, Workers: 4
[34.865s][debug][gc,phases      ] GC(85)   JNI Weak                       Min:  0.0, Avg:  0.0, Max:  0.0, Diff:  0.0, Sum:  0.0, Workers: 4
[34.865s][debug][gc,phases      ] GC(85)     Dead                           Min: 0, Avg:  0.0, Max: 0, Diff: 0, Sum: 0, Workers: 4
[34.865s][debug][gc,phases      ] GC(85)     Total                          Min: 0, Avg:  0.0, Max: 0, Diff: 0, Sum: 0, Workers: 4
[34.865s][debug][gc,phases      ] GC(85)   StringDedup Table Weak         Min:  0.0, Avg:  0.0, Max:  0.0, Diff:  0.0, Sum:  0.0, Workers: 4
[34.865s][debug][gc,phases      ] GC(85)     Dead                           Min: 0, Avg:  0.0, Max: 0, Diff: 0, Sum: 0, Workers: 4
[34.865s][debug][gc,phases      ] GC(85)     Total                          Min: 0, Avg:  0.0, Max: 0, Diff: 0, Sum: 0, Workers: 4
[34.865s][debug][gc,phases      ] GC(85)   StringDedup Requests0 Weak     Min:  0.0, Avg:  0.0, Max:  0.0, Diff:  0.0, Sum:  0.0, Workers: 4
[34.865s][debug][gc,phases      ] GC(85)     Dead                           Min: 0, Avg:  0.0, Max: 0, Diff: 0, Sum: 0, Workers: 4
[34.865s][debug][gc,phases      ] GC(85)     Total                          Min: 0, Avg:  0.0, Max: 0, Diff: 0, Sum: 0, Workers: 4
[34.865s][debug][gc,phases      ] GC(85)   StringDedup Requests1 Weak     Min:  0.0, Avg:  0.0, Max:  0.0, Diff:  0.0, Sum:  0.0, Workers: 4
[34.865s][debug][gc,phases      ] GC(85)     Dead                           Min: 0, Avg:  0.0, Max: 0, Diff: 0, Sum: 0, Workers: 4
[34.865s][debug][gc,phases      ] GC(85)     Total                          Min: 0, Avg:  0.0, Max: 0, Diff: 0, Sum: 0, Workers: 4
[34.865s][debug][gc,phases      ] GC(85)   Weak JFR Old Object Samples    Min:  0.0, Avg:  0.0, Max:  0.0, Diff:  0.0, Sum:  0.0, Workers: 4
[34.865s][debug][gc,phases      ] GC(85)     Dead                           Min: 0, Avg:  0.0, Max: 0, Diff: 0, Sum: 0, Workers: 4
[34.865s][debug][gc,phases      ] GC(85)     Total                          Min: 0, Avg:  0.0, Max: 0, Diff: 0, Sum: 0, Workers: 4
[34.865s][debug][gc,phases      ] GC(85) Weak Processing 0.313ms
[34.865s][debug][gc,age         ] GC(85) Desired survivor size 311951360 bytes, new threshold 15 (max threshold 15)
[34.865s][info ][gc,heap        ] GC(85) PSYoungGen: 1513472K(1805312K)->13728K(1527296K) Eden: 1513472K(1513472K)->0K(1513472K) From: 0K(291840K)->13728K(13824K)
[34.865s][info ][gc,heap        ] GC(85) ParOldGen: 540432K(654848K)->540432K(654848K)
[34.865s][info ][gc,metaspace   ] GC(85) Metaspace: 68599K(69312K)->68599K(69312K) NonClass: 58657K(59072K)->58657K(59072K) Class: 9942K(10240K)->9942K(10240K)
[34.865s][info ][gc             ] GC(85) Pause Young (Allocation Failure) 2005M->541M(2131M) 5.436ms
[34.865s][info ][gc,cpu         ] GC(85) User=0.02s Sys=0.00s Real=0.01s
[34.865s][info ][safepoint      ] Safepoint "ParallelGCFailedAllocation", Time since last: 249909076 ns, Reaching safepoint: 138708 ns, At safepoint: 5539128 ns, Total: 5677836 ns
[35.135s][info ][gc,start       ] GC(86) Pause Young (Allocation Failure)
[35.149s][debug][gc,phases      ] GC(86) Scavenge 13.966ms
[35.149s][debug][gc,ref         ] GC(86) Skipped phase 1 of Reference Processing: no references
[35.149s][debug][gc,ref         ] GC(86) Skipped phase 2 of Reference Processing: no references
[35.149s][debug][gc,ref         ] GC(86) Skipped phase 3 of Reference Processing: no references
[35.149s][debug][gc,ref         ] GC(86) ReferenceProcessor::execute queues: 1, RefProcThreadModel::Single, marks_oops_alive: false
[35.149s][debug][gc,phases      ] GC(86) Reference Processing 0.110ms
[35.150s][debug][gc,phases      ] GC(86)   VM Weak                        Min:  0.0, Avg:  0.0, Max:  0.0, Diff:  0.0, Sum:  0.0, Workers: 4
[35.150s][debug][gc,phases      ] GC(86)     Dead                           Min: 0, Avg:  0.0, Max: 0, Diff: 0, Sum: 0, Workers: 4
[35.150s][debug][gc,phases      ] GC(86)     Total                          Min: 0, Avg: 142.8, Max: 448, Diff: 448, Sum: 571, Workers: 4
[35.150s][debug][gc,phases      ] GC(86)   ObjectSynchronizer Weak        Min:  0.0, Avg:  0.0, Max:  0.0, Diff:  0.0, Sum:  0.0, Workers: 4
[35.150s][debug][gc,phases      ] GC(86)     Dead                           Min: 0, Avg:  0.0, Max: 0, Diff: 0, Sum: 0, Workers: 4
[35.150s][debug][gc,phases      ] GC(86)     Total                          Min: 0, Avg: 99.0, Max: 192, Diff: 192, Sum: 396, Workers: 4
[35.150s][debug][gc,phases      ] GC(86)   JVMTI Tag Weak OopStorage      Min:  0.0, Avg:  0.0, Max:  0.0, Diff:  0.0, Sum:  0.0, Workers: 4
[35.150s][debug][gc,phases      ] GC(86)     Dead                           Min: 0, Avg:  0.0, Max: 0, Diff: 0, Sum: 0, Workers: 4
[35.150s][debug][gc,phases      ] GC(86)     Total                          Min: 0, Avg:  0.0, Max: 0, Diff: 0, Sum: 0, Workers: 4
[35.150s][debug][gc,phases      ] GC(86)   StringTable Weak               Min:  0.1, Avg:  0.1, Max:  0.1, Diff:  0.0, Sum:  0.4, Workers: 4
[35.150s][debug][gc,phases      ] GC(86)     Dead                           Min: 0, Avg:  2.8, Max: 11, Diff: 11, Sum: 11, Workers: 4
[35.150s][debug][gc,phases      ] GC(86)     Total                          Min: 10176, Avg: 10695.8, Max: 11072, Diff: 896, Sum: 42783, Workers: 4
[35.150s][debug][gc,phases      ] GC(86)   ResolvedMethodTable Weak       Min:  0.0, Avg:  0.0, Max:  0.0, Diff:  0.0, Sum:  0.1, Workers: 4
[35.150s][debug][gc,phases      ] GC(86)     Dead                           Min: 0, Avg:  1.2, Max: 2, Diff: 2, Sum: 5, Workers: 4
[35.150s][debug][gc,phases      ] GC(86)     Total                          Min: 1536, Avg: 1814.5, Max: 2112, Diff: 576, Sum: 7258, Workers: 4
[35.150s][debug][gc,phases      ] GC(86)   JNI Weak                       Min:  0.0, Avg:  0.0, Max:  0.0, Diff:  0.0, Sum:  0.0, Workers: 4
[35.150s][debug][gc,phases      ] GC(86)     Dead                           Min: 0, Avg:  0.0, Max: 0, Diff: 0, Sum: 0, Workers: 4
[35.150s][debug][gc,phases      ] GC(86)     Total                          Min: 0, Avg:  0.0, Max: 0, Diff: 0, Sum: 0, Workers: 4
[35.150s][debug][gc,phases      ] GC(86)   StringDedup Table Weak         Min:  0.0, Avg:  0.0, Max:  0.0, Diff:  0.0, Sum:  0.0, Workers: 4
[35.150s][debug][gc,phases      ] GC(86)     Dead                           Min: 0, Avg:  0.0, Max: 0, Diff: 0, Sum: 0, Workers: 4
[35.150s][debug][gc,phases      ] GC(86)     Total                          Min: 0, Avg:  0.0, Max: 0, Diff: 0, Sum: 0, Workers: 4
[35.150s][debug][gc,phases      ] GC(86)   StringDedup Requests0 Weak     Min:  0.0, Avg:  0.0, Max:  0.0, Diff:  0.0, Sum:  0.0, Workers: 4
[35.150s][debug][gc,phases      ] GC(86)     Dead                           Min: 0, Avg:  0.0, Max: 0, Diff: 0, Sum: 0, Workers: 4
[35.150s][debug][gc,phases      ] GC(86)     Total                          Min: 0, Avg:  0.0, Max: 0, Diff: 0, Sum: 0, Workers: 4
[35.150s][debug][gc,phases      ] GC(86)   StringDedup Requests1 Weak     Min:  0.0, Avg:  0.0, Max:  0.0, Diff:  0.0, Sum:  0.0, Workers: 4
[35.150s][debug][gc,phases      ] GC(86)     Dead                           Min: 0, Avg:  0.0, Max: 0, Diff: 0, Sum: 0, Workers: 4
[35.150s][debug][gc,phases      ] GC(86)     Total                          Min: 0, Avg:  0.0, Max: 0, Diff: 0, Sum: 0, Workers: 4
[35.150s][debug][gc,phases      ] GC(86)   Weak JFR Old Object Samples    Min:  0.0, Avg:  0.0, Max:  0.0, Diff:  0.0, Sum:  0.0, Workers: 4
[35.150s][debug][gc,phases      ] GC(86)     Dead                           Min: 0, Avg:  0.0, Max: 0, Diff: 0, Sum: 0, Workers: 4
[35.150s][debug][gc,phases      ] GC(86)     Total                          Min: 0, Avg:  0.0, Max: 0, Diff: 0, Sum: 0, Workers: 4
[35.150s][debug][gc,phases      ] GC(86) Weak Processing 0.293ms
[35.150s][debug][gc,age         ] GC(86) Desired survivor size 316145664 bytes, new threshold 15 (max threshold 15)
[35.150s][info ][gc,heap        ] GC(86) PSYoungGen: 1527200K(1527296K)->32498K(1784320K) Eden: 1513472K(1513472K)->0K(1479680K) From: 13728K(13824K)->32498K(304640K)
[35.150s][info ][gc,heap        ] GC(86) ParOldGen: 540432K(654848K)->540432K(654848K)
[35.150s][info ][gc,metaspace   ] GC(86) Metaspace: 68623K(69376K)->68623K(69376K) NonClass: 58680K(59136K)->58680K(59136K) Class: 9943K(10240K)->9943K(10240K)
[35.150s][info ][gc             ] GC(86) Pause Young (Allocation Failure) 2019M->559M(2382M) 14.523ms
[35.150s][info ][gc,cpu         ] GC(86) User=0.06s Sys=0.00s Real=0.01s
[35.150s][info ][safepoint      ] Safepoint "ParallelGCFailedAllocation", Time since last: 270353385 ns, Reaching safepoint: 173911 ns, At safepoint: 14636265 ns, Total: 14810176 ns
[35.444s][info ][gc,start       ] GC(87) Pause Young (Allocation Failure)
[35.463s][debug][gc,phases      ] GC(87) Scavenge 19.510ms
[35.463s][debug][gc,ref         ] GC(87) Skipped phase 1 of Reference Processing: no references
[35.463s][debug][gc,ref         ] GC(87) Skipped phase 2 of Reference Processing: no references
[35.463s][debug][gc,ref         ] GC(87) Skipped phase 3 of Reference Processing: no references
[35.463s][debug][gc,ref         ] GC(87) Skipped phase 4 of Reference Processing: no references
[35.463s][debug][gc,phases      ] GC(87) Reference Processing 0.036ms
[35.463s][debug][gc,phases      ] GC(87)   VM Weak                        Min:  0.0, Avg:  0.0, Max:  0.0, Diff:  0.0, Sum:  0.0, Workers: 4
[35.463s][debug][gc,phases      ] GC(87)     Dead                           Min: 0, Avg:  0.0, Max: 0, Diff: 0, Sum: 0, Workers: 4
[35.463s][debug][gc,phases      ] GC(87)     Total                          Min: 0, Avg: 142.8, Max: 443, Diff: 443, Sum: 571, Workers: 4
[35.463s][debug][gc,phases      ] GC(87)   ObjectSynchronizer Weak        Min:  0.0, Avg:  0.0, Max:  0.0, Diff:  0.0, Sum:  0.0, Workers: 4
[35.463s][debug][gc,phases      ] GC(87)     Dead                           Min: 0, Avg:  0.0, Max: 0, Diff: 0, Sum: 0, Workers: 4
[35.463s][debug][gc,phases      ] GC(87)     Total                          Min: 64, Avg: 99.0, Max: 128, Diff: 64, Sum: 396, Workers: 4
[35.463s][debug][gc,phases      ] GC(87)   JVMTI Tag Weak OopStorage      Min:  0.0, Avg:  0.0, Max:  0.0, Diff:  0.0, Sum:  0.0, Workers: 4
[35.463s][debug][gc,phases      ] GC(87)     Dead                           Min: 0, Avg:  0.0, Max: 0, Diff: 0, Sum: 0, Workers: 4
[35.463s][debug][gc,phases      ] GC(87)     Total                          Min: 0, Avg:  0.0, Max: 0, Diff: 0, Sum: 0, Workers: 4
[35.463s][debug][gc,phases      ] GC(87)   StringTable Weak               Min:  0.1, Avg:  0.1, Max:  0.1, Diff:  0.0, Sum:  0.4, Workers: 4
[35.463s][debug][gc,phases      ] GC(87)     Dead                           Min: 0, Avg:  0.0, Max: 0, Diff: 0, Sum: 0, Workers: 4
[35.464s][debug][gc,phases      ] GC(87)     Total                          Min: 10233, Avg: 10695.8, Max: 11239, Diff: 1006, Sum: 42783, Workers: 4
[35.464s][debug][gc,phases      ] GC(87)   ResolvedMethodTable Weak       Min:  0.0, Avg:  0.0, Max:  0.0, Diff:  0.0, Sum:  0.1, Workers: 4
[35.464s][debug][gc,phases      ] GC(87)     Dead                           Min: 0, Avg:  0.0, Max: 0, Diff: 0, Sum: 0, Workers: 4
[35.464s][debug][gc,phases      ] GC(87)     Total                          Min: 1562, Avg: 1814.5, Max: 1984, Diff: 422, Sum: 7258, Workers: 4
[35.464s][debug][gc,phases      ] GC(87)   JNI Weak                       Min:  0.0, Avg:  0.0, Max:  0.0, Diff:  0.0, Sum:  0.0, Workers: 4
[35.464s][debug][gc,phases      ] GC(87)     Dead                           Min: 0, Avg:  0.0, Max: 0, Diff: 0, Sum: 0, Workers: 4
[35.464s][debug][gc,phases      ] GC(87)     Total                          Min: 0, Avg:  0.0, Max: 0, Diff: 0, Sum: 0, Workers: 4
[35.464s][debug][gc,phases      ] GC(87)   StringDedup Table Weak         Min:  0.0, Avg:  0.0, Max:  0.0, Diff:  0.0, Sum:  0.0, Workers: 4
[35.464s][debug][gc,phases      ] GC(87)     Dead                           Min: 0, Avg:  0.0, Max: 0, Diff: 0, Sum: 0, Workers: 4
[35.464s][debug][gc,phases      ] GC(87)     Total                          Min: 0, Avg:  0.0, Max: 0, Diff: 0, Sum: 0, Workers: 4
[35.464s][debug][gc,phases      ] GC(87)   StringDedup Requests0 Weak     Min:  0.0, Avg:  0.0, Max:  0.0, Diff:  0.0, Sum:  0.0, Workers: 4
[35.464s][debug][gc,phases      ] GC(87)     Dead                           Min: 0, Avg:  0.0, Max: 0, Diff: 0, Sum: 0, Workers: 4
[35.464s][debug][gc,phases      ] GC(87)     Total                          Min: 0, Avg:  0.0, Max: 0, Diff: 0, Sum: 0, Workers: 4
[35.464s][debug][gc,phases      ] GC(87)   StringDedup Requests1 Weak     Min:  0.0, Avg:  0.0, Max:  0.0, Diff:  0.0, Sum:  0.0, Workers: 4
[35.464s][debug][gc,phases      ] GC(87)     Dead                           Min: 0, Avg:  0.0, Max: 0, Diff: 0, Sum: 0, Workers: 4
[35.464s][debug][gc,phases      ] GC(87)     Total                          Min: 0, Avg:  0.0, Max: 0, Diff: 0, Sum: 0, Workers: 4
[35.464s][debug][gc,phases      ] GC(87)   Weak JFR Old Object Samples    Min:  0.0, Avg:  0.0, Max:  0.0, Diff:  0.0, Sum:  0.0, Workers: 4
[35.464s][debug][gc,phases      ] GC(87)     Dead                           Min: 0, Avg:  0.0, Max: 0, Diff: 0, Sum: 0, Workers: 4
[35.464s][debug][gc,phases      ] GC(87)     Total                          Min: 0, Avg:  0.0, Max: 0, Diff: 0, Sum: 0, Workers: 4
[35.464s][debug][gc,phases      ] GC(87) Weak Processing 0.313ms
[35.464s][debug][gc,age         ] GC(87) Desired survivor size 312999936 bytes, new threshold 15 (max threshold 15)
[35.464s][info ][gc,heap        ] GC(87) PSYoungGen: 1512178K(1784320K)->53184K(1788416K) Eden: 1479680K(1479680K)->0K(1479680K) From: 32498K(304640K)->53184K(308736K)
[35.464s][info ][gc,heap        ] GC(87) ParOldGen: 540432K(654848K)->540432K(654848K)
[35.464s][info ][gc,metaspace   ] GC(87) Metaspace: 68623K(69376K)->68623K(69376K) NonClass: 58680K(59136K)->58680K(59136K) Class: 9943K(10240K)->9943K(10240K)
[35.464s][info ][gc             ] GC(87) Pause Young (Allocation Failure) 2004M->579M(2386M) 20.008ms
[35.464s][info ][gc,cpu         ] GC(87) User=0.08s Sys=0.00s Real=0.02s
[35.464s][info ][safepoint      ] Safepoint "ParallelGCFailedAllocation", Time since last: 293547557 ns, Reaching safepoint: 150909 ns, At safepoint: 20125590 ns, Total: 20276499 ns
[35.742s][info ][gc,start       ] GC(88) Pause Young (Allocation Failure)
[35.763s][debug][gc,phases      ] GC(88) Scavenge 20.884ms
[35.763s][debug][gc,ref         ] GC(88) Skipped phase 1 of Reference Processing: no references
[35.763s][debug][gc,ref         ] GC(88) Skipped phase 2 of Reference Processing: no references
[35.763s][debug][gc,ref         ] GC(88) Skipped phase 3 of Reference Processing: no references
[35.763s][debug][gc,ref         ] GC(88) Skipped phase 4 of Reference Processing: no references
[35.763s][debug][gc,phases      ] GC(88) Reference Processing 0.025ms
[35.764s][debug][gc,phases      ] GC(88)   VM Weak                        Min:  0.0, Avg:  0.0, Max:  0.0, Diff:  0.0, Sum:  0.0, Workers: 4
[35.764s][debug][gc,phases      ] GC(88)     Dead                           Min: 0, Avg:  0.0, Max: 0, Diff: 0, Sum: 0, Workers: 4
[35.764s][debug][gc,phases      ] GC(88)     Total                          Min: 0, Avg: 142.8, Max: 507, Diff: 507, Sum: 571, Workers: 4
[35.764s][debug][gc,phases      ] GC(88)   ObjectSynchronizer Weak        Min:  0.0, Avg:  0.0, Max:  0.0, Diff:  0.0, Sum:  0.0, Workers: 4
[35.764s][debug][gc,phases      ] GC(88)     Dead                           Min: 0, Avg:  0.0, Max: 0, Diff: 0, Sum: 0, Workers: 4
[35.764s][debug][gc,phases      ] GC(88)     Total                          Min: 0, Avg: 99.0, Max: 140, Diff: 140, Sum: 396, Workers: 4
[35.764s][debug][gc,phases      ] GC(88)   JVMTI Tag Weak OopStorage      Min:  0.0, Avg:  0.0, Max:  0.0, Diff:  0.0, Sum:  0.0, Workers: 4
[35.764s][debug][gc,phases      ] GC(88)     Dead                           Min: 0, Avg:  0.0, Max: 0, Diff: 0, Sum: 0, Workers: 4
[35.764s][debug][gc,phases      ] GC(88)     Total                          Min: 0, Avg:  0.0, Max: 0, Diff: 0, Sum: 0, Workers: 4
[35.764s][debug][gc,phases      ] GC(88)   StringTable Weak               Min:  0.1, Avg:  0.1, Max:  0.1, Diff:  0.0, Sum:  0.4, Workers: 4
[35.764s][debug][gc,phases      ] GC(88)     Dead                           Min: 0, Avg:  2.8, Max: 6, Diff: 6, Sum: 11, Workers: 4
[35.764s][debug][gc,phases      ] GC(88)     Total                          Min: 10176, Avg: 10696.5, Max: 11136, Diff: 960, Sum: 42786, Workers: 4
[35.764s][debug][gc,phases      ] GC(88)   ResolvedMethodTable Weak       Min:  0.0, Avg:  0.0, Max:  0.0, Diff:  0.0, Sum:  0.1, Workers: 4
[35.764s][debug][gc,phases      ] GC(88)     Dead                           Min: 0, Avg:  0.0, Max: 0, Diff: 0, Sum: 0, Workers: 4
[35.764s][debug][gc,phases      ] GC(88)     Total                          Min: 1664, Avg: 1814.5, Max: 1920, Diff: 256, Sum: 7258, Workers: 4
[35.764s][debug][gc,phases      ] GC(88)   JNI Weak                       Min:  0.0, Avg:  0.0, Max:  0.0, Diff:  0.0, Sum:  0.0, Workers: 4
[35.764s][debug][gc,phases      ] GC(88)     Dead                           Min: 0, Avg:  0.0, Max: 0, Diff: 0, Sum: 0, Workers: 4
[35.764s][debug][gc,phases      ] GC(88)     Total                          Min: 0, Avg:  2.8, Max: 11, Diff: 11, Sum: 11, Workers: 4
[35.764s][debug][gc,phases      ] GC(88)   StringDedup Table Weak         Min:  0.0, Avg:  0.0, Max:  0.0, Diff:  0.0, Sum:  0.0, Workers: 4
[35.764s][debug][gc,phases      ] GC(88)     Dead                           Min: 0, Avg:  0.0, Max: 0, Diff: 0, Sum: 0, Workers: 4
[35.764s][debug][gc,phases      ] GC(88)     Total                          Min: 0, Avg:  0.0, Max: 0, Diff: 0, Sum: 0, Workers: 4
[35.764s][debug][gc,phases      ] GC(88)   StringDedup Requests0 Weak     Min:  0.0, Avg:  0.0, Max:  0.0, Diff:  0.0, Sum:  0.0, Workers: 4
[35.764s][debug][gc,phases      ] GC(88)     Dead                           Min: 0, Avg:  0.0, Max: 0, Diff: 0, Sum: 0, Workers: 4
[35.764s][debug][gc,phases      ] GC(88)     Total                          Min: 0, Avg:  0.0, Max: 0, Diff: 0, Sum: 0, Workers: 4
[35.764s][debug][gc,phases      ] GC(88)   StringDedup Requests1 Weak     Min:  0.0, Avg:  0.0, Max:  0.0, Diff:  0.0, Sum:  0.0, Workers: 4
[35.764s][debug][gc,phases      ] GC(88)     Dead                           Min: 0, Avg:  0.0, Max: 0, Diff: 0, Sum: 0, Workers: 4
[35.764s][debug][gc,phases      ] GC(88)     Total                          Min: 0, Avg:  0.0, Max: 0, Diff: 0, Sum: 0, Workers: 4
[35.764s][debug][gc,phases      ] GC(88)   Weak JFR Old Object Samples    Min:  0.0, Avg:  0.0, Max:  0.0, Diff:  0.0, Sum:  0.0, Workers: 4
[35.764s][debug][gc,phases      ] GC(88)     Dead                           Min: 0, Avg:  0.0, Max: 0, Diff: 0, Sum: 0, Workers: 4
[35.764s][debug][gc,phases      ] GC(88)     Total                          Min: 0, Avg:  0.0, Max: 0, Diff: 0, Sum: 0, Workers: 4
[35.764s][debug][gc,phases      ] GC(88) Weak Processing 0.318ms
[35.764s][debug][gc,age         ] GC(88) Desired survivor size 307232768 bytes, new threshold 15 (max threshold 15)
[35.764s][info ][gc,heap        ] GC(88) PSYoungGen: 1532864K(1788416K)->58384K(1797120K) Eden: 1479680K(1479680K)->0K(1491456K) From: 53184K(308736K)->58384K(305664K)
[35.764s][info ][gc,heap        ] GC(88) ParOldGen: 540432K(654848K)->540432K(654848K)
[35.764s][info ][gc,metaspace   ] GC(88) Metaspace: 68631K(69376K)->68631K(69376K) NonClass: 58687K(59136K)->58687K(59136K) Class: 9943K(10240K)->9943K(10240K)
[35.764s][info ][gc             ] GC(88) Pause Young (Allocation Failure) 2024M->584M(2394M) 21.372ms
[35.764s][info ][gc,cpu         ] GC(88) User=0.10s Sys=0.00s Real=0.03s
[35.764s][info ][safepoint      ] Safepoint "ParallelGCFailedAllocation", Time since last: 278465965 ns, Reaching safepoint: 166210 ns, At safepoint: 21489770 ns, Total: 21655980 ns
[36.022s][info ][gc,start       ] GC(89) Pause Young (Allocation Failure)
[36.039s][debug][gc,phases      ] GC(89) Scavenge 17.902ms
[36.040s][debug][gc,ref         ] GC(89) Skipped phase 1 of Reference Processing: no references
[36.040s][debug][gc,ref         ] GC(89) Skipped phase 2 of Reference Processing: no references
[36.040s][debug][gc,ref         ] GC(89) Skipped phase 3 of Reference Processing: no references
[36.040s][debug][gc,ref         ] GC(89) Skipped phase 4 of Reference Processing: no references
[36.040s][debug][gc,phases      ] GC(89) Reference Processing 0.026ms
[36.040s][debug][gc,phases      ] GC(89)   VM Weak                        Min:  0.0, Avg:  0.0, Max:  0.0, Diff:  0.0, Sum:  0.0, Workers: 4
[36.040s][debug][gc,phases      ] GC(89)     Dead                           Min: 0, Avg:  0.0, Max: 0, Diff: 0, Sum: 0, Workers: 4
[36.040s][debug][gc,phases      ] GC(89)     Total                          Min: 0, Avg: 142.8, Max: 571, Diff: 571, Sum: 571, Workers: 4
[36.040s][debug][gc,phases      ] GC(89)   ObjectSynchronizer Weak        Min:  0.0, Avg:  0.0, Max:  0.0, Diff:  0.0, Sum:  0.0, Workers: 4
[36.040s][debug][gc,phases      ] GC(89)     Dead                           Min: 0, Avg:  0.0, Max: 0, Diff: 0, Sum: 0, Workers: 4
[36.040s][debug][gc,phases      ] GC(89)     Total                          Min: 0, Avg: 99.0, Max: 396, Diff: 396, Sum: 396, Workers: 4
[36.040s][debug][gc,phases      ] GC(89)   JVMTI Tag Weak OopStorage      Min:  0.0, Avg:  0.0, Max:  0.0, Diff:  0.0, Sum:  0.0, Workers: 4
[36.040s][debug][gc,phases      ] GC(89)     Dead                           Min: 0, Avg:  0.0, Max: 0, Diff: 0, Sum: 0, Workers: 4
[36.040s][debug][gc,phases      ] GC(89)     Total                          Min: 0, Avg:  0.0, Max: 0, Diff: 0, Sum: 0, Workers: 4
[36.040s][debug][gc,phases      ] GC(89)   StringTable Weak               Min:  0.1, Avg:  0.1, Max:  0.1, Diff:  0.0, Sum:  0.4, Workers: 4
[36.040s][debug][gc,phases      ] GC(89)     Dead                           Min: 0, Avg:  0.0, Max: 0, Diff: 0, Sum: 0, Workers: 4
[36.040s][debug][gc,phases      ] GC(89)     Total                          Min: 8960, Avg: 10698.5, Max: 11776, Diff: 2816, Sum: 42794, Workers: 4
[36.040s][debug][gc,phases      ] GC(89)   ResolvedMethodTable Weak       Min:  0.0, Avg:  0.0, Max:  0.0, Diff:  0.0, Sum:  0.1, Workers: 4
[36.040s][debug][gc,phases      ] GC(89)     Dead                           Min: 0, Avg:  0.0, Max: 0, Diff: 0, Sum: 0, Workers: 4
[36.040s][debug][gc,phases      ] GC(89)     Total                          Min: 1498, Avg: 1814.5, Max: 2240, Diff: 742, Sum: 7258, Workers: 4
[36.040s][debug][gc,phases      ] GC(89)   JNI Weak                       Min:  0.0, Avg:  0.0, Max:  0.0, Diff:  0.0, Sum:  0.0, Workers: 4
[36.040s][debug][gc,phases      ] GC(89)     Dead                           Min: 0, Avg:  0.0, Max: 0, Diff: 0, Sum: 0, Workers: 4
[36.040s][debug][gc,phases      ] GC(89)     Total                          Min: 0, Avg:  1.2, Max: 5, Diff: 5, Sum: 5, Workers: 4
[36.040s][debug][gc,phases      ] GC(89)   StringDedup Table Weak         Min:  0.0, Avg:  0.0, Max:  0.0, Diff:  0.0, Sum:  0.0, Workers: 4
[36.040s][debug][gc,phases      ] GC(89)     Dead                           Min: 0, Avg:  0.0, Max: 0, Diff: 0, Sum: 0, Workers: 4
[36.040s][debug][gc,phases      ] GC(89)     Total                          Min: 0, Avg:  0.0, Max: 0, Diff: 0, Sum: 0, Workers: 4
[36.040s][debug][gc,phases      ] GC(89)   StringDedup Requests0 Weak     Min:  0.0, Avg:  0.0, Max:  0.0, Diff:  0.0, Sum:  0.0, Workers: 4
[36.040s][debug][gc,phases      ] GC(89)     Dead                           Min: 0, Avg:  0.0, Max: 0, Diff: 0, Sum: 0, Workers: 4
[36.040s][debug][gc,phases      ] GC(89)     Total                          Min: 0, Avg:  0.0, Max: 0, Diff: 0, Sum: 0, Workers: 4
[36.040s][debug][gc,phases      ] GC(89)   StringDedup Requests1 Weak     Min:  0.0, Avg:  0.0, Max:  0.0, Diff:  0.0, Sum:  0.0, Workers: 4
[36.040s][debug][gc,phases      ] GC(89)     Dead                           Min: 0, Avg:  0.0, Max: 0, Diff: 0, Sum: 0, Workers: 4
[36.040s][debug][gc,phases      ] GC(89)     Total                          Min: 0, Avg:  0.0, Max: 0, Diff: 0, Sum: 0, Workers: 4
[36.040s][debug][gc,phases      ] GC(89)   Weak JFR Old Object Samples    Min:  0.0, Avg:  0.0, Max:  0.0, Diff:  0.0, Sum:  0.0, Workers: 4
[36.040s][debug][gc,phases      ] GC(89)     Dead                           Min: 0, Avg:  0.0, Max: 0, Diff: 0, Sum: 0, Workers: 4
[36.040s][debug][gc,phases      ] GC(89)     Total                          Min: 0, Avg:  0.0, Max: 0, Diff: 0, Sum: 0, Workers: 4
[36.040s][debug][gc,phases      ] GC(89) Weak Processing 0.322ms
[36.040s][debug][gc,age         ] GC(89) Desired survivor size 298844160 bytes, new threshold 15 (max threshold 15)
[36.040s][info ][gc,heap        ] GC(89) PSYoungGen: 1549840K(1797120K)->63536K(1791488K) Eden: 1491456K(1491456K)->0K(1491456K) From: 58384K(305664K)->63536K(300032K)
[36.040s][info ][gc,heap        ] GC(89) ParOldGen: 540432K(654848K)->540432K(654848K)
[36.040s][info ][gc,metaspace   ] GC(89) Metaspace: 68631K(69376K)->68631K(69376K) NonClass: 58687K(59136K)->58687K(59136K) Class: 9943K(10240K)->9943K(10240K)
[36.040s][info ][gc             ] GC(89) Pause Young (Allocation Failure) 2041M->589M(2389M) 18.392ms
[36.040s][info ][gc,cpu         ] GC(89) User=0.07s Sys=0.00s Real=0.02s
[36.040s][info ][safepoint      ] Safepoint "ParallelGCFailedAllocation", Time since last: 257499526 ns, Reaching safepoint: 142208 ns, At safepoint: 18509695 ns, Total: 18651903 ns
[36.307s][info ][gc,start       ] GC(90) Pause Young (Allocation Failure)
[36.326s][debug][gc,phases      ] GC(90) Scavenge 19.587ms
[36.326s][debug][gc,ref         ] GC(90) Skipped phase 1 of Reference Processing: no references
[36.326s][debug][gc,ref         ] GC(90) Skipped phase 2 of Reference Processing: no references
[36.326s][debug][gc,ref         ] GC(90) Skipped phase 3 of Reference Processing: no references
[36.326s][debug][gc,ref         ] GC(90) Skipped phase 4 of Reference Processing: no references
[36.326s][debug][gc,phases      ] GC(90) Reference Processing 0.040ms
[36.327s][debug][gc,phases      ] GC(90)   VM Weak                        Min:  0.0, Avg:  0.0, Max:  0.0, Diff:  0.0, Sum:  0.0, Workers: 4
[36.327s][debug][gc,phases      ] GC(90)     Dead                           Min: 0, Avg:  0.0, Max: 0, Diff: 0, Sum: 0, Workers: 4
[36.327s][debug][gc,phases      ] GC(90)     Total                          Min: 0, Avg: 142.8, Max: 443, Diff: 443, Sum: 571, Workers: 4
[36.327s][debug][gc,phases      ] GC(90)   ObjectSynchronizer Weak        Min:  0.0, Avg:  0.0, Max:  0.0, Diff:  0.0, Sum:  0.0, Workers: 4
[36.327s][debug][gc,phases      ] GC(90)     Dead                           Min: 0, Avg:  0.0, Max: 0, Diff: 0, Sum: 0, Workers: 4
[36.327s][debug][gc,phases      ] GC(90)     Total                          Min: 0, Avg: 99.0, Max: 204, Diff: 204, Sum: 396, Workers: 4
[36.327s][debug][gc,phases      ] GC(90)   JVMTI Tag Weak OopStorage      Min:  0.0, Avg:  0.0, Max:  0.0, Diff:  0.0, Sum:  0.0, Workers: 4
[36.327s][debug][gc,phases      ] GC(90)     Dead                           Min: 0, Avg:  0.0, Max: 0, Diff: 0, Sum: 0, Workers: 4
[36.327s][debug][gc,phases      ] GC(90)     Total                          Min: 0, Avg:  0.0, Max: 0, Diff: 0, Sum: 0, Workers: 4
[36.327s][debug][gc,phases      ] GC(90)   StringTable Weak               Min:  0.1, Avg:  0.1, Max:  0.1, Diff:  0.0, Sum:  0.4, Workers: 4
[36.327s][debug][gc,phases      ] GC(90)     Dead                           Min: 0, Avg:  2.8, Max: 11, Diff: 11, Sum: 11, Workers: 4
[36.327s][debug][gc,phases      ] GC(90)     Total                          Min: 9980, Avg: 10698.5, Max: 11438, Diff: 1458, Sum: 42794, Workers: 4
[36.327s][debug][gc,phases      ] GC(90)   ResolvedMethodTable Weak       Min:  0.0, Avg:  0.0, Max:  0.0, Diff:  0.0, Sum:  0.1, Workers: 4
[36.327s][debug][gc,phases      ] GC(90)     Dead                           Min: 0, Avg:  0.0, Max: 0, Diff: 0, Sum: 0, Workers: 4
[36.327s][debug][gc,phases      ] GC(90)     Total                          Min: 1536, Avg: 1814.5, Max: 2074, Diff: 538, Sum: 7258, Workers: 4
[36.327s][debug][gc,phases      ] GC(90)   JNI Weak                       Min:  0.0, Avg:  0.0, Max:  0.0, Diff:  0.0, Sum:  0.0, Workers: 4
[36.327s][debug][gc,phases      ] GC(90)     Dead                           Min: 0, Avg:  0.0, Max: 0, Diff: 0, Sum: 0, Workers: 4
[36.327s][debug][gc,phases      ] GC(90)     Total                          Min: 0, Avg:  1.8, Max: 7, Diff: 7, Sum: 7, Workers: 4
[36.327s][debug][gc,phases      ] GC(90)   StringDedup Table Weak         Min:  0.0, Avg:  0.0, Max:  0.0, Diff:  0.0, Sum:  0.0, Workers: 4
[36.327s][debug][gc,phases      ] GC(90)     Dead                           Min: 0, Avg:  0.0, Max: 0, Diff: 0, Sum: 0, Workers: 4
[36.327s][debug][gc,phases      ] GC(90)     Total                          Min: 0, Avg:  0.0, Max: 0, Diff: 0, Sum: 0, Workers: 4
[36.327s][debug][gc,phases      ] GC(90)   StringDedup Requests0 Weak     Min:  0.0, Avg:  0.0, Max:  0.0, Diff:  0.0, Sum:  0.0, Workers: 4
[36.327s][debug][gc,phases      ] GC(90)     Dead                           Min: 0, Avg:  0.0, Max: 0, Diff: 0, Sum: 0, Workers: 4
[36.327s][debug][gc,phases      ] GC(90)     Total                          Min: 0, Avg:  0.0, Max: 0, Diff: 0, Sum: 0, Workers: 4
[36.327s][debug][gc,phases      ] GC(90)   StringDedup Requests1 Weak     Min:  0.0, Avg:  0.0, Max:  0.0, Diff:  0.0, Sum:  0.0, Workers: 4
[36.327s][debug][gc,phases      ] GC(90)     Dead                           Min: 0, Avg:  0.0, Max: 0, Diff: 0, Sum: 0, Workers: 4
[36.327s][debug][gc,phases      ] GC(90)     Total                          Min: 0, Avg:  0.0, Max: 0, Diff: 0, Sum: 0, Workers: 4
[36.327s][debug][gc,phases      ] GC(90)   Weak JFR Old Object Samples    Min:  0.0, Avg:  0.0, Max:  0.0, Diff:  0.0, Sum:  0.0, Workers: 4
[36.327s][debug][gc,phases      ] GC(90)     Dead                           Min: 0, Avg:  0.0, Max: 0, Diff: 0, Sum: 0, Workers: 4
[36.327s][debug][gc,phases      ] GC(90)     Total                          Min: 0, Avg:  0.0, Max: 0, Diff: 0, Sum: 0, Workers: 4
[36.327s][debug][gc,phases      ] GC(90) Weak Processing 0.322ms
[36.327s][debug][gc,age         ] GC(90) Desired survivor size 289931264 bytes, new threshold 15 (max threshold 15)
[36.327s][info ][gc,heap        ] GC(90) PSYoungGen: 1554992K(1791488K)->64832K(1814016K) Eden: 1491456K(1491456K)->0K(1522176K) From: 63536K(300032K)->64832K(291840K)
[36.327s][info ][gc,heap        ] GC(90) ParOldGen: 540432K(654848K)->540432K(654848K)
[36.327s][info ][gc,metaspace   ] GC(90) Metaspace: 68632K(69376K)->68632K(69376K) NonClass: 58689K(59136K)->58689K(59136K) Class: 9943K(10240K)->9943K(10240K)
[36.327s][info ][gc             ] GC(90) Pause Young (Allocation Failure) 2046M->591M(2411M) 20.092ms
[36.327s][info ][gc,cpu         ] GC(90) User=0.09s Sys=0.00s Real=0.02s
[36.327s][info ][safepoint      ] Safepoint "ParallelGCFailedAllocation", Time since last: 266449754 ns, Reaching safepoint: 135808 ns, At safepoint: 20213395 ns, Total: 20349203 ns
[36.625s][info ][gc,start       ] GC(91) Pause Young (Allocation Failure)
[36.643s][debug][gc,phases      ] GC(91) Scavenge 18.067ms
[36.643s][debug][gc,ref         ] GC(91) Skipped phase 1 of Reference Processing: no references
[36.643s][debug][gc,ref         ] GC(91) Skipped phase 2 of Reference Processing: no references
[36.643s][debug][gc,ref         ] GC(91) Skipped phase 3 of Reference Processing: no references
[36.643s][debug][gc,ref         ] GC(91) Skipped phase 4 of Reference Processing: no references
[36.643s][debug][gc,phases      ] GC(91) Reference Processing 0.029ms
[36.644s][debug][gc,phases      ] GC(91)   VM Weak                        Min:  0.0, Avg:  0.0, Max:  0.0, Diff:  0.0, Sum:  0.0, Workers: 4
[36.644s][debug][gc,phases      ] GC(91)     Dead                           Min: 0, Avg:  0.0, Max: 0, Diff: 0, Sum: 0, Workers: 4
[36.644s][debug][gc,phases      ] GC(91)     Total                          Min: 0, Avg: 142.8, Max: 571, Diff: 571, Sum: 571, Workers: 4
[36.644s][debug][gc,phases      ] GC(91)   ObjectSynchronizer Weak        Min:  0.0, Avg:  0.0, Max:  0.0, Diff:  0.0, Sum:  0.0, Workers: 4
[36.644s][debug][gc,phases      ] GC(91)     Dead                           Min: 0, Avg:  0.0, Max: 0, Diff: 0, Sum: 0, Workers: 4
[36.644s][debug][gc,phases      ] GC(91)     Total                          Min: 0, Avg: 99.0, Max: 396, Diff: 396, Sum: 396, Workers: 4
[36.644s][debug][gc,phases      ] GC(91)   JVMTI Tag Weak OopStorage      Min:  0.0, Avg:  0.0, Max:  0.0, Diff:  0.0, Sum:  0.0, Workers: 4
[36.644s][debug][gc,phases      ] GC(91)     Dead                           Min: 0, Avg:  0.0, Max: 0, Diff: 0, Sum: 0, Workers: 4
[36.644s][debug][gc,phases      ] GC(91)     Total                          Min: 0, Avg:  0.0, Max: 0, Diff: 0, Sum: 0, Workers: 4
[36.644s][debug][gc,phases      ] GC(91)   StringTable Weak               Min:  0.1, Avg:  0.1, Max:  0.1, Diff:  0.0, Sum:  0.3, Workers: 4
[36.644s][debug][gc,phases      ] GC(91)     Dead                           Min: 0, Avg:  2.8, Max: 7, Diff: 7, Sum: 11, Workers: 4
[36.644s][debug][gc,phases      ] GC(91)     Total                          Min: 10154, Avg: 10698.5, Max: 11648, Diff: 1494, Sum: 42794, Workers: 4
[36.644s][debug][gc,phases      ] GC(91)   ResolvedMethodTable Weak       Min:  0.0, Avg:  0.0, Max:  0.0, Diff:  0.0, Sum:  0.1, Workers: 4
[36.644s][debug][gc,phases      ] GC(91)     Dead                           Min: 0, Avg:  0.0, Max: 0, Diff: 0, Sum: 0, Workers: 4
[36.644s][debug][gc,phases      ] GC(91)     Total                          Min: 1600, Avg: 1814.5, Max: 2048, Diff: 448, Sum: 7258, Workers: 4
[36.644s][debug][gc,phases      ] GC(91)   JNI Weak                       Min:  0.0, Avg:  0.0, Max:  0.0, Diff:  0.0, Sum:  0.0, Workers: 4
[36.644s][debug][gc,phases      ] GC(91)     Dead                           Min: 0, Avg:  0.0, Max: 0, Diff: 0, Sum: 0, Workers: 4
[36.644s][debug][gc,phases      ] GC(91)     Total                          Min: 0, Avg:  1.8, Max: 7, Diff: 7, Sum: 7, Workers: 4
[36.644s][debug][gc,phases      ] GC(91)   StringDedup Table Weak         Min:  0.0, Avg:  0.0, Max:  0.0, Diff:  0.0, Sum:  0.0, Workers: 4
[36.644s][debug][gc,phases      ] GC(91)     Dead                           Min: 0, Avg:  0.0, Max: 0, Diff: 0, Sum: 0, Workers: 4
[36.644s][debug][gc,phases      ] GC(91)     Total                          Min: 0, Avg:  0.0, Max: 0, Diff: 0, Sum: 0, Workers: 4
[36.644s][debug][gc,phases      ] GC(91)   StringDedup Requests0 Weak     Min:  0.0, Avg:  0.0, Max:  0.0, Diff:  0.0, Sum:  0.0, Workers: 4
[36.644s][debug][gc,phases      ] GC(91)     Dead                           Min: 0, Avg:  0.0, Max: 0, Diff: 0, Sum: 0, Workers: 4
[36.644s][debug][gc,phases      ] GC(91)     Total                          Min: 0, Avg:  0.0, Max: 0, Diff: 0, Sum: 0, Workers: 4
[36.644s][debug][gc,phases      ] GC(91)   StringDedup Requests1 Weak     Min:  0.0, Avg:  0.0, Max:  0.0, Diff:  0.0, Sum:  0.0, Workers: 4
[36.644s][debug][gc,phases      ] GC(91)     Dead                           Min: 0, Avg:  0.0, Max: 0, Diff: 0, Sum: 0, Workers: 4
[36.644s][debug][gc,phases      ] GC(91)     Total                          Min: 0, Avg:  0.0, Max: 0, Diff: 0, Sum: 0, Workers: 4
[36.644s][debug][gc,phases      ] GC(91)   Weak JFR Old Object Samples    Min:  0.0, Avg:  0.0, Max:  0.0, Diff:  0.0, Sum:  0.0, Workers: 4
[36.644s][debug][gc,phases      ] GC(91)     Dead                           Min: 0, Avg:  0.0, Max: 0, Diff: 0, Sum: 0, Workers: 4
[36.644s][debug][gc,phases      ] GC(91)     Total                          Min: 0, Avg:  0.0, Max: 0, Diff: 0, Sum: 0, Workers: 4
[36.644s][debug][gc,phases      ] GC(91) Weak Processing 0.302ms
[36.644s][debug][gc,age         ] GC(91) Desired survivor size 279445504 bytes, new threshold 15 (max threshold 15)
[36.644s][info ][gc,heap        ] GC(91) PSYoungGen: 1587008K(1814016K)->68672K(1805312K) Eden: 1522176K(1522176K)->0K(1522176K) From: 64832K(291840K)->68672K(283136K)
[36.644s][info ][gc,heap        ] GC(91) ParOldGen: 540432K(654848K)->540432K(654848K)
[36.644s][info ][gc,metaspace   ] GC(91) Metaspace: 68645K(69376K)->68645K(69376K) NonClass: 58701K(59136K)->58701K(59136K) Class: 9943K(10240K)->9943K(10240K)
[36.644s][info ][gc             ] GC(91) Pause Young (Allocation Failure) 2077M->594M(2402M) 18.535ms
[36.644s][info ][gc,cpu         ] GC(91) User=0.08s Sys=0.00s Real=0.02s
[36.644s][info ][safepoint      ] Safepoint "ParallelGCFailedAllocation", Time since last: 298305939 ns, Reaching safepoint: 141708 ns, At safepoint: 18652103 ns, Total: 18793811 ns
[36.951s][info ][gc,start       ] GC(92) Pause Young (Allocation Failure)
[36.971s][debug][gc,phases      ] GC(92) Scavenge 20.306ms
[36.971s][debug][gc,ref         ] GC(92) Skipped phase 1 of Reference Processing: no references
[36.971s][debug][gc,ref         ] GC(92) Skipped phase 2 of Reference Processing: no references
[36.971s][debug][gc,ref         ] GC(92) Skipped phase 3 of Reference Processing: no references
[36.971s][debug][gc,ref         ] GC(92) Skipped phase 4 of Reference Processing: no references
[36.971s][debug][gc,phases      ] GC(92) Reference Processing 0.025ms
[36.971s][debug][gc,phases      ] GC(92)   VM Weak                        Min:  0.0, Avg:  0.0, Max:  0.0, Diff:  0.0, Sum:  0.0, Workers: 4
[36.971s][debug][gc,phases      ] GC(92)     Dead                           Min: 0, Avg:  0.0, Max: 0, Diff: 0, Sum: 0, Workers: 4
[36.971s][debug][gc,phases      ] GC(92)     Total                          Min: 0, Avg: 142.8, Max: 571, Diff: 571, Sum: 571, Workers: 4
[36.971s][debug][gc,phases      ] GC(92)   ObjectSynchronizer Weak        Min:  0.0, Avg:  0.0, Max:  0.0, Diff:  0.0, Sum:  0.0, Workers: 4
[36.971s][debug][gc,phases      ] GC(92)     Dead                           Min: 0, Avg:  0.0, Max: 0, Diff: 0, Sum: 0, Workers: 4
[36.971s][debug][gc,phases      ] GC(92)     Total                          Min: 0, Avg: 99.0, Max: 396, Diff: 396, Sum: 396, Workers: 4
[36.971s][debug][gc,phases      ] GC(92)   JVMTI Tag Weak OopStorage      Min:  0.0, Avg:  0.0, Max:  0.0, Diff:  0.0, Sum:  0.0, Workers: 4
[36.971s][debug][gc,phases      ] GC(92)     Dead                           Min: 0, Avg:  0.0, Max: 0, Diff: 0, Sum: 0, Workers: 4
[36.971s][debug][gc,phases      ] GC(92)     Total                          Min: 0, Avg:  0.0, Max: 0, Diff: 0, Sum: 0, Workers: 4
[36.971s][debug][gc,phases      ] GC(92)   StringTable Weak               Min:  0.1, Avg:  0.1, Max:  0.1, Diff:  0.0, Sum:  0.4, Workers: 4
[36.971s][debug][gc,phases      ] GC(92)     Dead                           Min: 0, Avg:  0.0, Max: 0, Diff: 0, Sum: 0, Workers: 4
[36.971s][debug][gc,phases      ] GC(92)     Total                          Min: 10218, Avg: 10698.5, Max: 11072, Diff: 854, Sum: 42794, Workers: 4
[36.971s][debug][gc,phases      ] GC(92)   ResolvedMethodTable Weak       Min:  0.0, Avg:  0.0, Max:  0.0, Diff:  0.0, Sum:  0.1, Workers: 4
[36.971s][debug][gc,phases      ] GC(92)     Dead                           Min: 0, Avg:  0.0, Max: 0, Diff: 0, Sum: 0, Workers: 4
[36.971s][debug][gc,phases      ] GC(92)     Total                          Min: 1728, Avg: 1814.5, Max: 1984, Diff: 256, Sum: 7258, Workers: 4
[36.971s][debug][gc,phases      ] GC(92)   JNI Weak                       Min:  0.0, Avg:  0.0, Max:  0.0, Diff:  0.0, Sum:  0.0, Workers: 4
[36.971s][debug][gc,phases      ] GC(92)     Dead                           Min: 0, Avg:  0.0, Max: 0, Diff: 0, Sum: 0, Workers: 4
[36.971s][debug][gc,phases      ] GC(92)     Total                          Min: 0, Avg:  1.8, Max: 7, Diff: 7, Sum: 7, Workers: 4
[36.971s][debug][gc,phases      ] GC(92)   StringDedup Table Weak         Min:  0.0, Avg:  0.0, Max:  0.0, Diff:  0.0, Sum:  0.0, Workers: 4
[36.971s][debug][gc,phases      ] GC(92)     Dead                           Min: 0, Avg:  0.0, Max: 0, Diff: 0, Sum: 0, Workers: 4
[36.971s][debug][gc,phases      ] GC(92)     Total                          Min: 0, Avg:  0.0, Max: 0, Diff: 0, Sum: 0, Workers: 4
[36.971s][debug][gc,phases      ] GC(92)   StringDedup Requests0 Weak     Min:  0.0, Avg:  0.0, Max:  0.0, Diff:  0.0, Sum:  0.0, Workers: 4
[36.971s][debug][gc,phases      ] GC(92)     Dead                           Min: 0, Avg:  0.0, Max: 0, Diff: 0, Sum: 0, Workers: 4
[36.971s][debug][gc,phases      ] GC(92)     Total                          Min: 0, Avg:  0.0, Max: 0, Diff: 0, Sum: 0, Workers: 4
[36.971s][debug][gc,phases      ] GC(92)   StringDedup Requests1 Weak     Min:  0.0, Avg:  0.0, Max:  0.0, Diff:  0.0, Sum:  0.0, Workers: 4
[36.971s][debug][gc,phases      ] GC(92)     Dead                           Min: 0, Avg:  0.0, Max: 0, Diff: 0, Sum: 0, Workers: 4
[36.971s][debug][gc,phases      ] GC(92)     Total                          Min: 0, Avg:  0.0, Max: 0, Diff: 0, Sum: 0, Workers: 4
[36.971s][debug][gc,phases      ] GC(92)   Weak JFR Old Object Samples    Min:  0.0, Avg:  0.0, Max:  0.0, Diff:  0.0, Sum:  0.0, Workers: 4
[36.971s][debug][gc,phases      ] GC(92)     Dead                           Min: 0, Avg:  0.0, Max: 0, Diff: 0, Sum: 0, Workers: 4
[36.971s][debug][gc,phases      ] GC(92)     Total                          Min: 0, Avg:  0.0, Max: 0, Diff: 0, Sum: 0, Workers: 4
[36.971s][debug][gc,phases      ] GC(92) Weak Processing 0.305ms
[36.971s][debug][gc,age         ] GC(92) Desired survivor size 267386880 bytes, new threshold 15 (max threshold 15)
[36.971s][info ][gc,heap        ] GC(92) PSYoungGen: 1590848K(1805312K)->79728K(1836032K) Eden: 1522176K(1522176K)->0K(1563136K) From: 68672K(283136K)->79728K(272896K)
[36.971s][info ][gc,heap        ] GC(92) ParOldGen: 540432K(654848K)->540432K(654848K)
[36.971s][info ][gc,metaspace   ] GC(92) Metaspace: 68650K(69376K)->68650K(69376K) NonClass: 58706K(59136K)->58706K(59136K) Class: 9943K(10240K)->9943K(10240K)
[36.971s][info ][gc             ] GC(92) Pause Young (Allocation Failure) 2081M->605M(2432M) 20.777ms
[36.971s][info ][gc,cpu         ] GC(92) User=0.09s Sys=0.00s Real=0.02s
[36.972s][info ][safepoint      ] Safepoint "ParallelGCFailedAllocation", Time since last: 306628630 ns, Reaching safepoint: 134008 ns, At safepoint: 20897636 ns, Total: 21031644 ns
[37.270s][info ][gc,start       ] GC(93) Pause Young (Allocation Failure)
[37.295s][debug][gc,phases      ] GC(93) Scavenge 25.415ms
[37.295s][debug][gc,ref         ] GC(93) Skipped phase 1 of Reference Processing: no references
[37.295s][debug][gc,ref         ] GC(93) Skipped phase 2 of Reference Processing: no references
[37.295s][debug][gc,ref         ] GC(93) Skipped phase 3 of Reference Processing: no references
[37.295s][debug][gc,ref         ] GC(93) Skipped phase 4 of Reference Processing: no references
[37.295s][debug][gc,phases      ] GC(93) Reference Processing 0.032ms
[37.295s][debug][gc,phases      ] GC(93)   VM Weak                        Min:  0.0, Avg:  0.0, Max:  0.0, Diff:  0.0, Sum:  0.0, Workers: 4
[37.295s][debug][gc,phases      ] GC(93)     Dead                           Min: 0, Avg:  0.0, Max: 0, Diff: 0, Sum: 0, Workers: 4
[37.295s][debug][gc,phases      ] GC(93)     Total                          Min: 0, Avg: 142.8, Max: 571, Diff: 571, Sum: 571, Workers: 4
[37.295s][debug][gc,phases      ] GC(93)   ObjectSynchronizer Weak        Min:  0.0, Avg:  0.0, Max:  0.0, Diff:  0.0, Sum:  0.0, Workers: 4
[37.295s][debug][gc,phases      ] GC(93)     Dead                           Min: 0, Avg:  0.0, Max: 0, Diff: 0, Sum: 0, Workers: 4
[37.295s][debug][gc,phases      ] GC(93)     Total                          Min: 0, Avg: 99.0, Max: 204, Diff: 204, Sum: 396, Workers: 4
[37.295s][debug][gc,phases      ] GC(93)   JVMTI Tag Weak OopStorage      Min:  0.0, Avg:  0.0, Max:  0.0, Diff:  0.0, Sum:  0.0, Workers: 4
[37.295s][debug][gc,phases      ] GC(93)     Dead                           Min: 0, Avg:  0.0, Max: 0, Diff: 0, Sum: 0, Workers: 4
[37.295s][debug][gc,phases      ] GC(93)     Total                          Min: 0, Avg:  0.0, Max: 0, Diff: 0, Sum: 0, Workers: 4
[37.295s][debug][gc,phases      ] GC(93)   StringTable Weak               Min:  0.1, Avg:  0.1, Max:  0.1, Diff:  0.0, Sum:  0.4, Workers: 4
[37.295s][debug][gc,phases      ] GC(93)     Dead                           Min: 0, Avg:  2.8, Max: 11, Diff: 11, Sum: 11, Workers: 4
[37.295s][debug][gc,phases      ] GC(93)     Total                          Min: 9855, Avg: 10698.5, Max: 11900, Diff: 2045, Sum: 42794, Workers: 4
[37.295s][debug][gc,phases      ] GC(93)   ResolvedMethodTable Weak       Min:  0.0, Avg:  0.0, Max:  0.0, Diff:  0.0, Sum:  0.1, Workers: 4
[37.295s][debug][gc,phases      ] GC(93)     Dead                           Min: 0, Avg:  0.0, Max: 0, Diff: 0, Sum: 0, Workers: 4
[37.295s][debug][gc,phases      ] GC(93)     Total                          Min: 1728, Avg: 1814.5, Max: 1946, Diff: 218, Sum: 7258, Workers: 4
[37.295s][debug][gc,phases      ] GC(93)   JNI Weak                       Min:  0.0, Avg:  0.0, Max:  0.0, Diff:  0.0, Sum:  0.0, Workers: 4
[37.295s][debug][gc,phases      ] GC(93)     Dead                           Min: 0, Avg:  0.0, Max: 0, Diff: 0, Sum: 0, Workers: 4
[37.295s][debug][gc,phases      ] GC(93)     Total                          Min: 0, Avg:  1.8, Max: 7, Diff: 7, Sum: 7, Workers: 4
[37.295s][debug][gc,phases      ] GC(93)   StringDedup Table Weak         Min:  0.0, Avg:  0.0, Max:  0.0, Diff:  0.0, Sum:  0.0, Workers: 4
[37.295s][debug][gc,phases      ] GC(93)     Dead                           Min: 0, Avg:  0.0, Max: 0, Diff: 0, Sum: 0, Workers: 4
[37.295s][debug][gc,phases      ] GC(93)     Total                          Min: 0, Avg:  0.0, Max: 0, Diff: 0, Sum: 0, Workers: 4
[37.295s][debug][gc,phases      ] GC(93)   StringDedup Requests0 Weak     Min:  0.0, Avg:  0.0, Max:  0.0, Diff:  0.0, Sum:  0.0, Workers: 4
[37.295s][debug][gc,phases      ] GC(93)     Dead                           Min: 0, Avg:  0.0, Max: 0, Diff: 0, Sum: 0, Workers: 4
[37.295s][debug][gc,phases      ] GC(93)     Total                          Min: 0, Avg:  0.0, Max: 0, Diff: 0, Sum: 0, Workers: 4
[37.295s][debug][gc,phases      ] GC(93)   StringDedup Requests1 Weak     Min:  0.0, Avg:  0.0, Max:  0.0, Diff:  0.0, Sum:  0.0, Workers: 4
[37.295s][debug][gc,phases      ] GC(93)     Dead                           Min: 0, Avg:  0.0, Max: 0, Diff: 0, Sum: 0, Workers: 4
[37.295s][debug][gc,phases      ] GC(93)     Total                          Min: 0, Avg:  0.0, Max: 0, Diff: 0, Sum: 0, Workers: 4
[37.295s][debug][gc,phases      ] GC(93)   Weak JFR Old Object Samples    Min:  0.0, Avg:  0.0, Max:  0.0, Diff:  0.0, Sum:  0.0, Workers: 4
[37.295s][debug][gc,phases      ] GC(93)     Dead                           Min: 0, Avg:  0.0, Max: 0, Diff: 0, Sum: 0, Workers: 4
[37.295s][debug][gc,phases      ] GC(93)     Total                          Min: 0, Avg:  0.0, Max: 0, Diff: 0, Sum: 0, Workers: 4
[37.295s][debug][gc,phases      ] GC(93) Weak Processing 0.367ms
[37.295s][debug][gc,age         ] GC(93) Desired survivor size 252706816 bytes, new threshold 15 (max threshold 15)
[37.295s][info ][gc,heap        ] GC(93) PSYoungGen: 1642864K(1836032K)->94640K(1824256K) Eden: 1563136K(1563136K)->0K(1563136K) From: 79728K(272896K)->94640K(261120K)
[37.295s][info ][gc,heap        ] GC(93) ParOldGen: 540432K(654848K)->540432K(654848K)
[37.295s][info ][gc,metaspace   ] GC(93) Metaspace: 68652K(69376K)->68652K(69376K) NonClass: 58708K(59136K)->58708K(59136K) Class: 9943K(10240K)->9943K(10240K)
[37.295s][info ][gc             ] GC(93) Pause Young (Allocation Failure) 2132M->620M(2421M) 25.972ms
[37.296s][info ][gc,cpu         ] GC(93) User=0.12s Sys=0.00s Real=0.03s
[37.296s][info ][safepoint      ] Safepoint "ParallelGCFailedAllocation", Time since last: 297756705 ns, Reaching safepoint: 158610 ns, At safepoint: 26096943 ns, Total: 26255553 ns
[37.616s][info ][gc,start       ] GC(94) Pause Young (Allocation Failure)
[37.644s][debug][gc,phases      ] GC(94) Scavenge 27.708ms
[37.644s][debug][gc,ref         ] GC(94) Skipped phase 1 of Reference Processing: no references
[37.644s][debug][gc,ref         ] GC(94) ReferenceProcessor::execute queues: 1, RefProcThreadModel::Single, marks_oops_alive: false
[37.644s][debug][gc,ref         ] GC(94) Skipped phase 3 of Reference Processing: no references
[37.644s][debug][gc,ref         ] GC(94) ReferenceProcessor::execute queues: 1, RefProcThreadModel::Single, marks_oops_alive: false
[37.644s][debug][gc,phases      ] GC(94) Reference Processing 0.136ms
[37.644s][debug][gc,phases      ] GC(94)   VM Weak                        Min:  0.0, Avg:  0.0, Max:  0.0, Diff:  0.0, Sum:  0.0, Workers: 4
[37.644s][debug][gc,phases      ] GC(94)     Dead                           Min: 0, Avg:  0.0, Max: 0, Diff: 0, Sum: 0, Workers: 4
[37.644s][debug][gc,phases      ] GC(94)     Total                          Min: 0, Avg: 143.2, Max: 573, Diff: 573, Sum: 573, Workers: 4
[37.644s][debug][gc,phases      ] GC(94)   ObjectSynchronizer Weak        Min:  0.0, Avg:  0.0, Max:  0.0, Diff:  0.0, Sum:  0.0, Workers: 4
[37.644s][debug][gc,phases      ] GC(94)     Dead                           Min: 0, Avg:  0.2, Max: 1, Diff: 1, Sum: 1, Workers: 4
[37.644s][debug][gc,phases      ] GC(94)     Total                          Min: 0, Avg: 99.2, Max: 256, Diff: 256, Sum: 397, Workers: 4
[37.644s][debug][gc,phases      ] GC(94)   JVMTI Tag Weak OopStorage      Min:  0.0, Avg:  0.0, Max:  0.0, Diff:  0.0, Sum:  0.0, Workers: 4
[37.644s][debug][gc,phases      ] GC(94)     Dead                           Min: 0, Avg:  0.0, Max: 0, Diff: 0, Sum: 0, Workers: 4
[37.644s][debug][gc,phases      ] GC(94)     Total                          Min: 0, Avg:  0.0, Max: 0, Diff: 0, Sum: 0, Workers: 4
[37.644s][debug][gc,phases      ] GC(94)   StringTable Weak               Min:  0.1, Avg:  0.1, Max:  0.1, Diff:  0.0, Sum:  0.4, Workers: 4
[37.644s][debug][gc,phases      ] GC(94)     Dead                           Min: 0, Avg:  0.0, Max: 0, Diff: 0, Sum: 0, Workers: 4
[37.644s][debug][gc,phases      ] GC(94)     Total                          Min: 10189, Avg: 10707.2, Max: 11264, Diff: 1075, Sum: 42829, Workers: 4
[37.644s][debug][gc,phases      ] GC(94)   ResolvedMethodTable Weak       Min:  0.0, Avg:  0.0, Max:  0.0, Diff:  0.0, Sum:  0.1, Workers: 4
[37.644s][debug][gc,phases      ] GC(94)     Dead                           Min: 0, Avg:  0.0, Max: 0, Diff: 0, Sum: 0, Workers: 4
[37.644s][debug][gc,phases      ] GC(94)     Total                          Min: 1734, Avg: 1825.5, Max: 1984, Diff: 250, Sum: 7302, Workers: 4
[37.644s][debug][gc,phases      ] GC(94)   JNI Weak                       Min:  0.0, Avg:  0.0, Max:  0.0, Diff:  0.0, Sum:  0.0, Workers: 4
[37.644s][debug][gc,phases      ] GC(94)     Dead                           Min: 0, Avg:  0.0, Max: 0, Diff: 0, Sum: 0, Workers: 4
[37.644s][debug][gc,phases      ] GC(94)     Total                          Min: 0, Avg:  3.2, Max: 13, Diff: 13, Sum: 13, Workers: 4
[37.644s][debug][gc,phases      ] GC(94)   StringDedup Table Weak         Min:  0.0, Avg:  0.0, Max:  0.0, Diff:  0.0, Sum:  0.0, Workers: 4
[37.644s][debug][gc,phases      ] GC(94)     Dead                           Min: 0, Avg:  0.0, Max: 0, Diff: 0, Sum: 0, Workers: 4
[37.644s][debug][gc,phases      ] GC(94)     Total                          Min: 0, Avg:  0.0, Max: 0, Diff: 0, Sum: 0, Workers: 4
[37.644s][debug][gc,phases      ] GC(94)   StringDedup Requests0 Weak     Min:  0.0, Avg:  0.0, Max:  0.0, Diff:  0.0, Sum:  0.0, Workers: 4
[37.644s][debug][gc,phases      ] GC(94)     Dead                           Min: 0, Avg:  0.0, Max: 0, Diff: 0, Sum: 0, Workers: 4
[37.644s][debug][gc,phases      ] GC(94)     Total                          Min: 0, Avg:  0.0, Max: 0, Diff: 0, Sum: 0, Workers: 4
[37.644s][debug][gc,phases      ] GC(94)   StringDedup Requests1 Weak     Min:  0.0, Avg:  0.0, Max:  0.0, Diff:  0.0, Sum:  0.0, Workers: 4
[37.644s][debug][gc,phases      ] GC(94)     Dead                           Min: 0, Avg:  0.0, Max: 0, Diff: 0, Sum: 0, Workers: 4
[37.644s][debug][gc,phases      ] GC(94)     Total                          Min: 0, Avg:  0.0, Max: 0, Diff: 0, Sum: 0, Workers: 4
[37.644s][debug][gc,phases      ] GC(94)   Weak JFR Old Object Samples    Min:  0.0, Avg:  0.0, Max:  0.0, Diff:  0.0, Sum:  0.0, Workers: 4
[37.644s][debug][gc,phases      ] GC(94)     Dead                           Min: 0, Avg:  0.0, Max: 0, Diff: 0, Sum: 0, Workers: 4
[37.644s][debug][gc,phases      ] GC(94)     Total                          Min: 0, Avg:  0.0, Max: 0, Diff: 0, Sum: 0, Workers: 4
[37.644s][debug][gc,phases      ] GC(94) Weak Processing 0.299ms
[37.644s][debug][gc,age         ] GC(94) Desired survivor size 238026752 bytes, new threshold 15 (max threshold 15)
[37.644s][info ][gc,heap        ] GC(94) PSYoungGen: 1657776K(1824256K)->101408K(1864704K) Eden: 1563136K(1563136K)->0K(1617920K) From: 94640K(261120K)->101408K(246784K)
[37.644s][info ][gc,heap        ] GC(94) ParOldGen: 540432K(654848K)->540440K(654848K)
[37.644s][info ][gc,metaspace   ] GC(94) Metaspace: 68862K(69696K)->68862K(69696K) NonClass: 58887K(59328K)->58887K(59328K) Class: 9974K(10368K)->9974K(10368K)
[37.644s][info ][gc             ] GC(94) Pause Young (Allocation Failure) 2146M->626M(2460M) 28.280ms
[37.644s][info ][gc,cpu         ] GC(94) User=0.14s Sys=0.00s Real=0.03s
[37.644s][info ][safepoint      ] Safepoint "ParallelGCFailedAllocation", Time since last: 320301538 ns, Reaching safepoint: 186311 ns, At safepoint: 28397280 ns, Total: 28583591 ns
[37.969s][info ][gc,start       ] GC(95) Pause Young (Allocation Failure)
[37.995s][debug][gc,phases      ] GC(95) Scavenge 25.868ms
[37.995s][debug][gc,ref         ] GC(95) Skipped phase 1 of Reference Processing: no references
[37.995s][debug][gc,ref         ] GC(95) ReferenceProcessor::execute queues: 1, RefProcThreadModel::Single, marks_oops_alive: false
[37.995s][debug][gc,ref         ] GC(95) Skipped phase 3 of Reference Processing: no references
[37.995s][debug][gc,ref         ] GC(95) ReferenceProcessor::execute queues: 1, RefProcThreadModel::Single, marks_oops_alive: false
[37.995s][debug][gc,phases      ] GC(95) Reference Processing 0.119ms
[37.996s][debug][gc,phases      ] GC(95)   VM Weak                        Min:  0.0, Avg:  0.0, Max:  0.0, Diff:  0.0, Sum:  0.0, Workers: 4
[37.996s][debug][gc,phases      ] GC(95)     Dead                           Min: 0, Avg:  0.0, Max: 0, Diff: 0, Sum: 0, Workers: 4
[37.996s][debug][gc,phases      ] GC(95)     Total                          Min: 0, Avg: 143.5, Max: 574, Diff: 574, Sum: 574, Workers: 4
[37.996s][debug][gc,phases      ] GC(95)   ObjectSynchronizer Weak        Min:  0.0, Avg:  0.0, Max:  0.0, Diff:  0.0, Sum:  0.0, Workers: 4
[37.996s][debug][gc,phases      ] GC(95)     Dead                           Min: 0, Avg:  0.0, Max: 0, Diff: 0, Sum: 0, Workers: 4
[37.996s][debug][gc,phases      ] GC(95)     Total                          Min: 0, Avg: 99.2, Max: 320, Diff: 320, Sum: 397, Workers: 4
[37.996s][debug][gc,phases      ] GC(95)   JVMTI Tag Weak OopStorage      Min:  0.0, Avg:  0.0, Max:  0.0, Diff:  0.0, Sum:  0.0, Workers: 4
[37.996s][debug][gc,phases      ] GC(95)     Dead                           Min: 0, Avg:  0.0, Max: 0, Diff: 0, Sum: 0, Workers: 4
[37.996s][debug][gc,phases      ] GC(95)     Total                          Min: 0, Avg:  0.0, Max: 0, Diff: 0, Sum: 0, Workers: 4
[37.996s][debug][gc,phases      ] GC(95)   StringTable Weak               Min:  0.1, Avg:  0.1, Max:  0.1, Diff:  0.0, Sum:  0.4, Workers: 4
[37.996s][debug][gc,phases      ] GC(95)     Dead                           Min: 0, Avg:  2.8, Max: 11, Diff: 11, Sum: 11, Workers: 4
[37.996s][debug][gc,phases      ] GC(95)     Total                          Min: 9728, Avg: 10707.8, Max: 11893, Diff: 2165, Sum: 42831, Workers: 4
[37.996s][debug][gc,phases      ] GC(95)   ResolvedMethodTable Weak       Min:  0.0, Avg:  0.0, Max:  0.0, Diff:  0.0, Sum:  0.1, Workers: 4
[37.996s][debug][gc,phases      ] GC(95)     Dead                           Min: 0, Avg:  0.0, Max: 0, Diff: 0, Sum: 0, Workers: 4
[37.996s][debug][gc,phases      ] GC(95)     Total                          Min: 1664, Avg: 1826.2, Max: 2058, Diff: 394, Sum: 7305, Workers: 4
[37.996s][debug][gc,phases      ] GC(95)   JNI Weak                       Min:  0.0, Avg:  0.0, Max:  0.0, Diff:  0.0, Sum:  0.0, Workers: 4
[37.996s][debug][gc,phases      ] GC(95)     Dead                           Min: 0, Avg:  0.0, Max: 0, Diff: 0, Sum: 0, Workers: 4
[37.996s][debug][gc,phases      ] GC(95)     Total                          Min: 0, Avg:  1.0, Max: 4, Diff: 4, Sum: 4, Workers: 4
[37.996s][debug][gc,phases      ] GC(95)   StringDedup Table Weak         Min:  0.0, Avg:  0.0, Max:  0.0, Diff:  0.0, Sum:  0.0, Workers: 4
[37.996s][debug][gc,phases      ] GC(95)     Dead                           Min: 0, Avg:  0.0, Max: 0, Diff: 0, Sum: 0, Workers: 4
[37.996s][debug][gc,phases      ] GC(95)     Total                          Min: 0, Avg:  0.0, Max: 0, Diff: 0, Sum: 0, Workers: 4
[37.996s][debug][gc,phases      ] GC(95)   StringDedup Requests0 Weak     Min:  0.0, Avg:  0.0, Max:  0.0, Diff:  0.0, Sum:  0.0, Workers: 4
[37.996s][debug][gc,phases      ] GC(95)     Dead                           Min: 0, Avg:  0.0, Max: 0, Diff: 0, Sum: 0, Workers: 4
[37.996s][debug][gc,phases      ] GC(95)     Total                          Min: 0, Avg:  0.0, Max: 0, Diff: 0, Sum: 0, Workers: 4
[37.996s][debug][gc,phases      ] GC(95)   StringDedup Requests1 Weak     Min:  0.0, Avg:  0.0, Max:  0.0, Diff:  0.0, Sum:  0.0, Workers: 4
[37.996s][debug][gc,phases      ] GC(95)     Dead                           Min: 0, Avg:  0.0, Max: 0, Diff: 0, Sum: 0, Workers: 4
[37.996s][debug][gc,phases      ] GC(95)     Total                          Min: 0, Avg:  0.0, Max: 0, Diff: 0, Sum: 0, Workers: 4
[37.996s][debug][gc,phases      ] GC(95)   Weak JFR Old Object Samples    Min:  0.0, Avg:  0.0, Max:  0.0, Diff:  0.0, Sum:  0.0, Workers: 4
[37.996s][debug][gc,phases      ] GC(95)     Dead                           Min: 0, Avg:  0.0, Max: 0, Diff: 0, Sum: 0, Workers: 4
[37.996s][debug][gc,phases      ] GC(95)     Total                          Min: 0, Avg:  0.0, Max: 0, Diff: 0, Sum: 0, Workers: 4
[37.996s][debug][gc,phases      ] GC(95) Weak Processing 0.308ms
[37.996s][debug][gc,age         ] GC(95) Desired survivor size 225968128 bytes, new threshold 15 (max threshold 15)
[37.996s][info ][gc,heap        ] GC(95) PSYoungGen: 1719328K(1864704K)->104832K(1850368K) Eden: 1617920K(1617920K)->0K(1617920K) From: 101408K(246784K)->104832K(232448K)
[37.996s][info ][gc,heap        ] GC(95) ParOldGen: 540440K(654848K)->540448K(654848K)
[37.996s][info ][gc,metaspace   ] GC(95) Metaspace: 68908K(69696K)->68908K(69696K) NonClass: 58931K(59328K)->58931K(59328K) Class: 9976K(10368K)->9976K(10368K)
[37.996s][info ][gc             ] GC(95) Pause Young (Allocation Failure) 2206M->630M(2446M) 26.435ms
[37.996s][info ][gc,cpu         ] GC(95) User=0.10s Sys=0.00s Real=0.03s
[37.996s][info ][safepoint      ] Safepoint "ParallelGCFailedAllocation", Time since last: 324738901 ns, Reaching safepoint: 178010 ns, At safepoint: 26550470 ns, Total: 26728480 ns
[38.348s][info ][gc,start       ] GC(96) Pause Young (Allocation Failure)
[38.380s][debug][gc,phases      ] GC(96) Scavenge 32.508ms
[38.380s][debug][gc,ref         ] GC(96) Skipped phase 1 of Reference Processing: no references
[38.380s][debug][gc,ref         ] GC(96) ReferenceProcessor::execute queues: 1, RefProcThreadModel::Single, marks_oops_alive: false
[38.380s][debug][gc,ref         ] GC(96) Skipped phase 3 of Reference Processing: no references
[38.380s][debug][gc,ref         ] GC(96) ReferenceProcessor::execute queues: 1, RefProcThreadModel::Single, marks_oops_alive: false
[38.380s][debug][gc,phases      ] GC(96) Reference Processing 0.123ms
[38.381s][debug][gc,phases      ] GC(96)   VM Weak                        Min:  0.0, Avg:  0.0, Max:  0.0, Diff:  0.0, Sum:  0.0, Workers: 4
[38.381s][debug][gc,phases      ] GC(96)     Dead                           Min: 0, Avg:  0.0, Max: 0, Diff: 0, Sum: 0, Workers: 4
[38.381s][debug][gc,phases      ] GC(96)     Total                          Min: 0, Avg: 144.5, Max: 578, Diff: 578, Sum: 578, Workers: 4
[38.381s][debug][gc,phases      ] GC(96)   ObjectSynchronizer Weak        Min:  0.0, Avg:  0.0, Max:  0.0, Diff:  0.0, Sum:  0.0, Workers: 4
[38.381s][debug][gc,phases      ] GC(96)     Dead                           Min: 0, Avg:  0.0, Max: 0, Diff: 0, Sum: 0, Workers: 4
[38.381s][debug][gc,phases      ] GC(96)     Total                          Min: 0, Avg: 99.2, Max: 205, Diff: 205, Sum: 397, Workers: 4
[38.381s][debug][gc,phases      ] GC(96)   JVMTI Tag Weak OopStorage      Min:  0.0, Avg:  0.0, Max:  0.0, Diff:  0.0, Sum:  0.0, Workers: 4
[38.381s][debug][gc,phases      ] GC(96)     Dead                           Min: 0, Avg:  0.0, Max: 0, Diff: 0, Sum: 0, Workers: 4
[38.381s][debug][gc,phases      ] GC(96)     Total                          Min: 0, Avg:  0.0, Max: 0, Diff: 0, Sum: 0, Workers: 4
[38.381s][debug][gc,phases      ] GC(96)   StringTable Weak               Min:  0.1, Avg:  0.1, Max:  0.1, Diff:  0.0, Sum:  0.4, Workers: 4
[38.381s][debug][gc,phases      ] GC(96)     Dead                           Min: 0, Avg:  2.8, Max: 11, Diff: 11, Sum: 11, Workers: 4
[38.381s][debug][gc,phases      ] GC(96)     Total                          Min: 10112, Avg: 10708.2, Max: 11317, Diff: 1205, Sum: 42833, Workers: 4
[38.381s][debug][gc,phases      ] GC(96)   ResolvedMethodTable Weak       Min:  0.0, Avg:  0.0, Max:  0.0, Diff:  0.0, Sum:  0.1, Workers: 4
[38.381s][debug][gc,phases      ] GC(96)     Dead                           Min: 0, Avg:  0.0, Max: 0, Diff: 0, Sum: 0, Workers: 4
[38.381s][debug][gc,phases      ] GC(96)     Total                          Min: 1728, Avg: 1829.2, Max: 1942, Diff: 214, Sum: 7317, Workers: 4
[38.381s][debug][gc,phases      ] GC(96)   JNI Weak                       Min:  0.0, Avg:  0.0, Max:  0.0, Diff:  0.0, Sum:  0.0, Workers: 4
[38.381s][debug][gc,phases      ] GC(96)     Dead                           Min: 0, Avg:  0.0, Max: 0, Diff: 0, Sum: 0, Workers: 4
[38.381s][debug][gc,phases      ] GC(96)     Total                          Min: 0, Avg:  3.5, Max: 14, Diff: 14, Sum: 14, Workers: 4
[38.381s][debug][gc,phases      ] GC(96)   StringDedup Table Weak         Min:  0.0, Avg:  0.0, Max:  0.0, Diff:  0.0, Sum:  0.0, Workers: 4
[38.381s][debug][gc,phases      ] GC(96)     Dead                           Min: 0, Avg:  0.0, Max: 0, Diff: 0, Sum: 0, Workers: 4
[38.381s][debug][gc,phases      ] GC(96)     Total                          Min: 0, Avg:  0.0, Max: 0, Diff: 0, Sum: 0, Workers: 4
[38.381s][debug][gc,phases      ] GC(96)   StringDedup Requests0 Weak     Min:  0.0, Avg:  0.0, Max:  0.0, Diff:  0.0, Sum:  0.0, Workers: 4
[38.381s][debug][gc,phases      ] GC(96)     Dead                           Min: 0, Avg:  0.0, Max: 0, Diff: 0, Sum: 0, Workers: 4
[38.381s][debug][gc,phases      ] GC(96)     Total                          Min: 0, Avg:  0.0, Max: 0, Diff: 0, Sum: 0, Workers: 4
[38.381s][debug][gc,phases      ] GC(96)   StringDedup Requests1 Weak     Min:  0.0, Avg:  0.0, Max:  0.0, Diff:  0.0, Sum:  0.0, Workers: 4
[38.381s][debug][gc,phases      ] GC(96)     Dead                           Min: 0, Avg:  0.0, Max: 0, Diff: 0, Sum: 0, Workers: 4
[38.381s][debug][gc,phases      ] GC(96)     Total                          Min: 0, Avg:  0.0, Max: 0, Diff: 0, Sum: 0, Workers: 4
[38.381s][debug][gc,phases      ] GC(96)   Weak JFR Old Object Samples    Min:  0.0, Avg:  0.0, Max:  0.0, Diff:  0.0, Sum:  0.0, Workers: 4
[38.381s][debug][gc,phases      ] GC(96)     Dead                           Min: 0, Avg:  0.0, Max: 0, Diff: 0, Sum: 0, Workers: 4
[38.381s][debug][gc,phases      ] GC(96)     Total                          Min: 0, Avg:  0.0, Max: 0, Diff: 0, Sum: 0, Workers: 4
[38.381s][debug][gc,phases      ] GC(96) Weak Processing 0.331ms
[38.381s][debug][gc,age         ] GC(96) Desired survivor size 219152384 bytes, new threshold 15 (max threshold 15)
[38.381s][info ][gc,heap        ] GC(96) PSYoungGen: 1722752K(1850368K)->116896K(1883136K) Eden: 1617920K(1617920K)->0K(1662464K) From: 104832K(232448K)->116896K(220672K)
[38.381s][info ][gc,heap        ] GC(96) ParOldGen: 540448K(654848K)->540448K(654848K)
[38.381s][info ][gc,metaspace   ] GC(96) Metaspace: 68953K(69760K)->68953K(69760K) NonClass: 58973K(59392K)->58973K(59392K) Class: 9979K(10368K)->9979K(10368K)
[38.381s][info ][gc             ] GC(96) Pause Young (Allocation Failure) 2210M->641M(2478M) 33.099ms
[38.381s][info ][gc,cpu         ] GC(96) User=0.13s Sys=0.00s Real=0.03s
[38.381s][info ][safepoint      ] Safepoint "ParallelGCFailedAllocation", Time since last: 351543186 ns, Reaching safepoint: 185011 ns, At safepoint: 33217964 ns, Total: 33402975 ns
[38.719s][info ][gc,start       ] GC(97) Pause Young (Allocation Failure)
[38.785s][debug][gc,phases      ] GC(97) Scavenge 66.208ms
[38.785s][debug][gc,ref         ] GC(97) Skipped phase 1 of Reference Processing: no references
[38.785s][debug][gc,ref         ] GC(97) ReferenceProcessor::execute queues: 1, RefProcThreadModel::Single, marks_oops_alive: false
[38.785s][debug][gc,ref         ] GC(97) Skipped phase 3 of Reference Processing: no references
[38.785s][debug][gc,ref         ] GC(97) Skipped phase 4 of Reference Processing: no references
[38.785s][debug][gc,phases      ] GC(97) Reference Processing 0.126ms
[38.785s][debug][gc,phases      ] GC(97)   VM Weak                        Min:  0.0, Avg:  0.0, Max:  0.0, Diff:  0.0, Sum:  0.0, Workers: 4
[38.785s][debug][gc,phases      ] GC(97)     Dead                           Min: 0, Avg:  0.0, Max: 0, Diff: 0, Sum: 0, Workers: 4
[38.785s][debug][gc,phases      ] GC(97)     Total                          Min: 0, Avg: 145.0, Max: 448, Diff: 448, Sum: 580, Workers: 4
[38.785s][debug][gc,phases      ] GC(97)   ObjectSynchronizer Weak        Min:  0.0, Avg:  0.0, Max:  0.0, Diff:  0.0, Sum:  0.0, Workers: 4
[38.785s][debug][gc,phases      ] GC(97)     Dead                           Min: 0, Avg:  0.0, Max: 0, Diff: 0, Sum: 0, Workers: 4
[38.785s][debug][gc,phases      ] GC(97)     Total                          Min: 0, Avg: 99.2, Max: 192, Diff: 192, Sum: 397, Workers: 4
[38.785s][debug][gc,phases      ] GC(97)   JVMTI Tag Weak OopStorage      Min:  0.0, Avg:  0.0, Max:  0.0, Diff:  0.0, Sum:  0.0, Workers: 4
[38.785s][debug][gc,phases      ] GC(97)     Dead                           Min: 0, Avg:  0.0, Max: 0, Diff: 0, Sum: 0, Workers: 4
[38.785s][debug][gc,phases      ] GC(97)     Total                          Min: 0, Avg:  0.0, Max: 0, Diff: 0, Sum: 0, Workers: 4
[38.785s][debug][gc,phases      ] GC(97)   StringTable Weak               Min:  0.1, Avg:  0.1, Max:  0.1, Diff:  0.0, Sum:  0.4, Workers: 4
[38.785s][debug][gc,phases      ] GC(97)     Dead                           Min: 0, Avg:  2.8, Max: 11, Diff: 11, Sum: 11, Workers: 4
[38.785s][debug][gc,phases      ] GC(97)     Total                          Min: 10012, Avg: 10711.0, Max: 11264, Diff: 1252, Sum: 42844, Workers: 4
[38.785s][debug][gc,phases      ] GC(97)   ResolvedMethodTable Weak       Min:  0.0, Avg:  0.0, Max:  0.0, Diff:  0.0, Sum:  0.1, Workers: 4
[38.785s][debug][gc,phases      ] GC(97)     Dead                           Min: 0, Avg:  0.0, Max: 0, Diff: 0, Sum: 0, Workers: 4
[38.785s][debug][gc,phases      ] GC(97)     Total                          Min: 1472, Avg: 1833.5, Max: 2086, Diff: 614, Sum: 7334, Workers: 4
[38.785s][debug][gc,phases      ] GC(97)   JNI Weak                       Min:  0.0, Avg:  0.0, Max:  0.0, Diff:  0.0, Sum:  0.0, Workers: 4
[38.785s][debug][gc,phases      ] GC(97)     Dead                           Min: 0, Avg:  0.0, Max: 0, Diff: 0, Sum: 0, Workers: 4
[38.785s][debug][gc,phases      ] GC(97)     Total                          Min: 0, Avg:  2.2, Max: 9, Diff: 9, Sum: 9, Workers: 4
[38.785s][debug][gc,phases      ] GC(97)   StringDedup Table Weak         Min:  0.0, Avg:  0.0, Max:  0.0, Diff:  0.0, Sum:  0.0, Workers: 4
[38.785s][debug][gc,phases      ] GC(97)     Dead                           Min: 0, Avg:  0.0, Max: 0, Diff: 0, Sum: 0, Workers: 4
[38.785s][debug][gc,phases      ] GC(97)     Total                          Min: 0, Avg:  0.0, Max: 0, Diff: 0, Sum: 0, Workers: 4
[38.785s][debug][gc,phases      ] GC(97)   StringDedup Requests0 Weak     Min:  0.0, Avg:  0.0, Max:  0.0, Diff:  0.0, Sum:  0.0, Workers: 4
[38.785s][debug][gc,phases      ] GC(97)     Dead                           Min: 0, Avg:  0.0, Max: 0, Diff: 0, Sum: 0, Workers: 4
[38.785s][debug][gc,phases      ] GC(97)     Total                          Min: 0, Avg:  0.0, Max: 0, Diff: 0, Sum: 0, Workers: 4
[38.785s][debug][gc,phases      ] GC(97)   StringDedup Requests1 Weak     Min:  0.0, Avg:  0.0, Max:  0.0, Diff:  0.0, Sum:  0.0, Workers: 4
[38.785s][debug][gc,phases      ] GC(97)     Dead                           Min: 0, Avg:  0.0, Max: 0, Diff: 0, Sum: 0, Workers: 4
[38.785s][debug][gc,phases      ] GC(97)     Total                          Min: 0, Avg:  0.0, Max: 0, Diff: 0, Sum: 0, Workers: 4
[38.785s][debug][gc,phases      ] GC(97)   Weak JFR Old Object Samples    Min:  0.0, Avg:  0.0, Max:  0.0, Diff:  0.0, Sum:  0.0, Workers: 4
[38.785s][debug][gc,phases      ] GC(97)     Dead                           Min: 0, Avg:  0.0, Max: 0, Diff: 0, Sum: 0, Workers: 4
[38.785s][debug][gc,phases      ] GC(97)     Total                          Min: 0, Avg:  0.0, Max: 0, Diff: 0, Sum: 0, Workers: 4
[38.785s][debug][gc,phases      ] GC(97) Weak Processing 0.315ms
[38.785s][debug][gc,age         ] GC(97) Desired survivor size 258473984 bytes, new threshold 14 (max threshold 15)
[38.785s][info ][gc,heap        ] GC(97) PSYoungGen: 1779360K(1883136K)->214000K(1876480K) Eden: 1662464K(1662464K)->0K(1662464K) From: 116896K(220672K)->214000K(214016K)
[38.785s][info ][gc,heap        ] GC(97) ParOldGen: 540448K(654848K)->564137K(654848K)
[38.785s][info ][gc,metaspace   ] GC(97) Metaspace: 69071K(69888K)->69071K(69888K) NonClass: 59077K(59520K)->59077K(59520K) Class: 9994K(10368K)->9994K(10368K)
[38.785s][info ][gc             ] GC(97) Pause Young (Allocation Failure) 2265M->759M(2472M) 66.786ms
[38.785s][info ][gc,cpu         ] GC(97) User=0.26s Sys=0.00s Real=0.07s
[38.785s][info ][safepoint      ] Safepoint "ParallelGCFailedAllocation", Time since last: 337470454 ns, Reaching safepoint: 168210 ns, At safepoint: 66895255 ns, Total: 67063465 ns
[39.103s][info ][gc,start       ] GC(98) Pause Young (Allocation Failure)
[39.201s][debug][gc,phases      ] GC(98) Scavenge 98.059ms
[39.201s][debug][gc,ref         ] GC(98) Skipped phase 1 of Reference Processing: no references
[39.201s][debug][gc,ref         ] GC(98) ReferenceProcessor::execute queues: 1, RefProcThreadModel::Single, marks_oops_alive: false
[39.201s][debug][gc,ref         ] GC(98) Skipped phase 3 of Reference Processing: no references
[39.201s][debug][gc,ref         ] GC(98) Skipped phase 4 of Reference Processing: no references
[39.201s][debug][gc,phases      ] GC(98) Reference Processing 0.120ms
[39.202s][debug][gc,phases      ] GC(98)   VM Weak                        Min:  0.0, Avg:  0.0, Max:  0.0, Diff:  0.0, Sum:  0.0, Workers: 4
[39.202s][debug][gc,phases      ] GC(98)     Dead                           Min: 0, Avg:  0.0, Max: 0, Diff: 0, Sum: 0, Workers: 4
[39.202s][debug][gc,phases      ] GC(98)     Total                          Min: 0, Avg: 145.0, Max: 580, Diff: 580, Sum: 580, Workers: 4
[39.202s][debug][gc,phases      ] GC(98)   ObjectSynchronizer Weak        Min:  0.0, Avg:  0.0, Max:  0.0, Diff:  0.0, Sum:  0.0, Workers: 4
[39.202s][debug][gc,phases      ] GC(98)     Dead                           Min: 0, Avg:  0.0, Max: 0, Diff: 0, Sum: 0, Workers: 4
[39.202s][debug][gc,phases      ] GC(98)     Total                          Min: 0, Avg: 99.2, Max: 205, Diff: 205, Sum: 397, Workers: 4
[39.202s][debug][gc,phases      ] GC(98)   JVMTI Tag Weak OopStorage      Min:  0.0, Avg:  0.0, Max:  0.0, Diff:  0.0, Sum:  0.0, Workers: 4
[39.202s][debug][gc,phases      ] GC(98)     Dead                           Min: 0, Avg:  0.0, Max: 0, Diff: 0, Sum: 0, Workers: 4
[39.202s][debug][gc,phases      ] GC(98)     Total                          Min: 0, Avg:  0.0, Max: 0, Diff: 0, Sum: 0, Workers: 4
[39.202s][debug][gc,phases      ] GC(98)   StringTable Weak               Min:  0.1, Avg:  0.1, Max:  0.1, Diff:  0.0, Sum:  0.4, Workers: 4
[39.202s][debug][gc,phases      ] GC(98)     Dead                           Min: 0, Avg:  0.0, Max: 0, Diff: 0, Sum: 0, Workers: 4
[39.202s][debug][gc,phases      ] GC(98)     Total                          Min: 10048, Avg: 10713.8, Max: 11712, Diff: 1664, Sum: 42855, Workers: 4
[39.202s][debug][gc,phases      ] GC(98)   ResolvedMethodTable Weak       Min:  0.0, Avg:  0.0, Max:  0.0, Diff:  0.0, Sum:  0.1, Workers: 4
[39.202s][debug][gc,phases      ] GC(98)     Dead                           Min: 0, Avg:  0.0, Max: 0, Diff: 0, Sum: 0, Workers: 4
[39.202s][debug][gc,phases      ] GC(98)     Total                          Min: 1766, Avg: 1833.5, Max: 1984, Diff: 218, Sum: 7334, Workers: 4
[39.202s][debug][gc,phases      ] GC(98)   JNI Weak                       Min:  0.0, Avg:  0.0, Max:  0.0, Diff:  0.0, Sum:  0.0, Workers: 4
[39.202s][debug][gc,phases      ] GC(98)     Dead                           Min: 0, Avg:  0.0, Max: 0, Diff: 0, Sum: 0, Workers: 4
[39.202s][debug][gc,phases      ] GC(98)     Total                          Min: 0, Avg:  0.5, Max: 2, Diff: 2, Sum: 2, Workers: 4
[39.202s][debug][gc,phases      ] GC(98)   StringDedup Table Weak         Min:  0.0, Avg:  0.0, Max:  0.0, Diff:  0.0, Sum:  0.0, Workers: 4
[39.202s][debug][gc,phases      ] GC(98)     Dead                           Min: 0, Avg:  0.0, Max: 0, Diff: 0, Sum: 0, Workers: 4
[39.202s][debug][gc,phases      ] GC(98)     Total                          Min: 0, Avg:  0.0, Max: 0, Diff: 0, Sum: 0, Workers: 4
[39.202s][debug][gc,phases      ] GC(98)   StringDedup Requests0 Weak     Min:  0.0, Avg:  0.0, Max:  0.0, Diff:  0.0, Sum:  0.0, Workers: 4
[39.202s][debug][gc,phases      ] GC(98)     Dead                           Min: 0, Avg:  0.0, Max: 0, Diff: 0, Sum: 0, Workers: 4
[39.202s][debug][gc,phases      ] GC(98)     Total                          Min: 0, Avg:  0.0, Max: 0, Diff: 0, Sum: 0, Workers: 4
[39.202s][debug][gc,phases      ] GC(98)   StringDedup Requests1 Weak     Min:  0.0, Avg:  0.0, Max:  0.0, Diff:  0.0, Sum:  0.0, Workers: 4
[39.202s][debug][gc,phases      ] GC(98)     Dead                           Min: 0, Avg:  0.0, Max: 0, Diff: 0, Sum: 0, Workers: 4
[39.202s][debug][gc,phases      ] GC(98)     Total                          Min: 0, Avg:  0.0, Max: 0, Diff: 0, Sum: 0, Workers: 4
[39.202s][debug][gc,phases      ] GC(98)   Weak JFR Old Object Samples    Min:  0.0, Avg:  0.0, Max:  0.0, Diff:  0.0, Sum:  0.0, Workers: 4
[39.202s][debug][gc,phases      ] GC(98)     Dead                           Min: 0, Avg:  0.0, Max: 0, Diff: 0, Sum: 0, Workers: 4
[39.202s][debug][gc,phases      ] GC(98)     Total                          Min: 0, Avg:  0.0, Max: 0, Diff: 0, Sum: 0, Workers: 4
[39.202s][debug][gc,phases      ] GC(98) Weak Processing 0.312ms
[39.202s][debug][gc,age         ] GC(98) Desired survivor size 312475648 bytes, new threshold 13 (max threshold 15)
[39.202s][info ][gc,heap        ] GC(98) PSYoungGen: 1876464K(1876480K)->220656K(1707520K) Eden: 1662464K(1662464K)->0K(1486848K) From: 214000K(214016K)->220656K(220672K)
[39.202s][info ][gc,heap        ] GC(98) ParOldGen: 564137K(654848K)->640338K(654848K)
[39.202s][info ][gc,metaspace   ] GC(98) Metaspace: 69074K(69888K)->69074K(69888K) NonClass: 59080K(59520K)->59080K(59520K) Class: 9994K(10368K)->9994K(10368K)
[39.202s][info ][gc             ] GC(98) Pause Young (Allocation Failure) 2383M->840M(2307M) 98.632ms
[39.202s][info ][gc,cpu         ] GC(98) User=0.39s Sys=0.00s Real=0.09s
[39.202s][debug][gc,phases      ] GC(99) Pre Compact 0.010ms
[39.202s][info ][gc,start       ] GC(99) Pause Full (Ergonomics)
[39.202s][info ][gc,phases,start] GC(99) Marking Phase
[39.360s][debug][gc,phases      ] GC(99) Par Mark 157.950ms
[39.360s][debug][gc,ref         ] GC(99) Skipped phase 1 of Reference Processing: no references
[39.360s][debug][gc,ref         ] GC(99) ReferenceProcessor::execute queues: 4, RefProcThreadModel::Multi, marks_oops_alive: false
[39.360s][debug][gc,ref         ] GC(99) Skipped phase 3 of Reference Processing: no references
[39.360s][debug][gc,ref         ] GC(99) ReferenceProcessor::execute queues: 1, RefProcThreadModel::Single, marks_oops_alive: false
[39.360s][debug][gc,phases      ] GC(99) Reference Processing 0.447ms
[39.361s][debug][gc,phases      ] GC(99)   VM Weak                        Min:  0.0, Avg:  0.0, Max:  0.0, Diff:  0.0, Sum:  0.0, Workers: 4
[39.361s][debug][gc,phases      ] GC(99)     Dead                           Min: 0, Avg:  0.0, Max: 0, Diff: 0, Sum: 0, Workers: 4
[39.361s][debug][gc,phases      ] GC(99)     Total                          Min: 0, Avg: 145.0, Max: 384, Diff: 384, Sum: 580, Workers: 4
[39.361s][debug][gc,phases      ] GC(99)   ObjectSynchronizer Weak        Min:  0.0, Avg:  0.0, Max:  0.0, Diff:  0.0, Sum:  0.0, Workers: 4
[39.361s][debug][gc,phases      ] GC(99)     Dead                           Min: 0, Avg:  0.0, Max: 0, Diff: 0, Sum: 0, Workers: 4
[39.361s][debug][gc,phases      ] GC(99)     Total                          Min: 0, Avg: 99.2, Max: 205, Diff: 205, Sum: 397, Workers: 4
[39.361s][debug][gc,phases      ] GC(99)   JVMTI Tag Weak OopStorage      Min:  0.0, Avg:  0.0, Max:  0.0, Diff:  0.0, Sum:  0.0, Workers: 4
[39.361s][debug][gc,phases      ] GC(99)     Dead                           Min: 0, Avg:  0.0, Max: 0, Diff: 0, Sum: 0, Workers: 4
[39.361s][debug][gc,phases      ] GC(99)     Total                          Min: 0, Avg:  0.0, Max: 0, Diff: 0, Sum: 0, Workers: 4
[39.361s][debug][gc,phases      ] GC(99)   StringTable Weak               Min:  0.1, Avg:  0.1, Max:  0.1, Diff:  0.0, Sum:  0.5, Workers: 4
[39.361s][debug][gc,phases      ] GC(99)     Dead                           Min: 0, Avg:  0.0, Max: 0, Diff: 0, Sum: 0, Workers: 4
[39.361s][debug][gc,phases      ] GC(99)     Total                          Min: 10279, Avg: 10713.8, Max: 11072, Diff: 793, Sum: 42855, Workers: 4
[39.361s][debug][gc,phases      ] GC(99)   ResolvedMethodTable Weak       Min:  0.0, Avg:  0.0, Max:  0.0, Diff:  0.0, Sum:  0.1, Workers: 4
[39.361s][debug][gc,phases      ] GC(99)     Dead                           Min: 0, Avg:  0.0, Max: 0, Diff: 0, Sum: 0, Workers: 4
[39.361s][debug][gc,phases      ] GC(99)     Total                          Min: 1792, Avg: 1833.5, Max: 1894, Diff: 102, Sum: 7334, Workers: 4
[39.361s][debug][gc,phases      ] GC(99)   JNI Weak                       Min:  0.0, Avg:  0.0, Max:  0.0, Diff:  0.0, Sum:  0.0, Workers: 4
[39.361s][debug][gc,phases      ] GC(99)     Dead                           Min: 0, Avg:  0.0, Max: 0, Diff: 0, Sum: 0, Workers: 4
[39.361s][debug][gc,phases      ] GC(99)     Total                          Min: 0, Avg:  0.5, Max: 2, Diff: 2, Sum: 2, Workers: 4
[39.361s][debug][gc,phases      ] GC(99)   StringDedup Table Weak         Min:  0.0, Avg:  0.0, Max:  0.0, Diff:  0.0, Sum:  0.0, Workers: 4
[39.361s][debug][gc,phases      ] GC(99)     Dead                           Min: 0, Avg:  0.0, Max: 0, Diff: 0, Sum: 0, Workers: 4
[39.361s][debug][gc,phases      ] GC(99)     Total                          Min: 0, Avg:  0.0, Max: 0, Diff: 0, Sum: 0, Workers: 4
[39.361s][debug][gc,phases      ] GC(99)   StringDedup Requests0 Weak     Min:  0.0, Avg:  0.0, Max:  0.0, Diff:  0.0, Sum:  0.0, Workers: 4
[39.361s][debug][gc,phases      ] GC(99)     Dead                           Min: 0, Avg:  0.0, Max: 0, Diff: 0, Sum: 0, Workers: 4
[39.361s][debug][gc,phases      ] GC(99)     Total                          Min: 0, Avg:  0.0, Max: 0, Diff: 0, Sum: 0, Workers: 4
[39.361s][debug][gc,phases      ] GC(99)   StringDedup Requests1 Weak     Min:  0.0, Avg:  0.0, Max:  0.0, Diff:  0.0, Sum:  0.0, Workers: 4
[39.361s][debug][gc,phases      ] GC(99)     Dead                           Min: 0, Avg:  0.0, Max: 0, Diff: 0, Sum: 0, Workers: 4
[39.361s][debug][gc,phases      ] GC(99)     Total                          Min: 0, Avg:  0.0, Max: 0, Diff: 0, Sum: 0, Workers: 4
[39.361s][debug][gc,phases      ] GC(99)   Weak JFR Old Object Samples    Min:  0.0, Avg:  0.0, Max:  0.0, Diff:  0.0, Sum:  0.0, Workers: 4
[39.361s][debug][gc,phases      ] GC(99)     Dead                           Min: 0, Avg:  0.0, Max: 0, Diff: 0, Sum: 0, Workers: 4
[39.361s][debug][gc,phases      ] GC(99)     Total                          Min: 0, Avg:  0.0, Max: 0, Diff: 0, Sum: 0, Workers: 4
[39.361s][debug][gc,phases      ] GC(99) Weak Processing 0.342ms
[39.361s][debug][gc,phases      ] GC(99) ClassLoaderData 0.079ms
[39.361s][debug][gc,phases      ] GC(99) Trigger cleanups 0.000ms
[39.372s][debug][gc,phases      ] GC(99) Class Unloading 10.804ms
[39.372s][info ][gc,phases      ] GC(99) Marking Phase 169.707ms
[39.372s][info ][gc,phases,start] GC(99) Summary Phase
[39.372s][info ][gc,phases      ] GC(99) Summary Phase 0.027ms
[39.372s][info ][gc,phases,start] GC(99) Adjust Roots
[39.380s][info ][gc,phases      ] GC(99) Adjust Roots 8.440ms
[39.380s][info ][gc,phases,start] GC(99) Compaction Phase
[39.662s][info ][gc,phases      ] GC(99) Compaction Phase 281.480ms
[39.662s][info ][gc,phases,start] GC(99) Post Compact
[39.664s][info ][gc,phases      ] GC(99) Post Compact 2.357ms
[39.664s][info ][gc,heap        ] GC(99) PSYoungGen: 220656K(1707520K)->0K(1792000K) Eden: 0K(1486848K)->0K(1486848K) From: 220656K(220672K)->0K(305152K)
[39.664s][info ][gc,heap        ] GC(99) ParOldGen: 640338K(654848K)->504254K(652800K)
[39.664s][info ][gc,metaspace   ] GC(99) Metaspace: 69074K(69888K)->69074K(69888K) NonClass: 59080K(59520K)->59080K(59520K) Class: 9994K(10368K)->9994K(10368K)
[39.664s][info ][gc             ] GC(99) Pause Full (Ergonomics) 840M->492M(2387M) 462.283ms
[39.664s][info ][gc,cpu         ] GC(99) User=1.77s Sys=0.01s Real=0.47s
[39.665s][info ][safepoint      ] Safepoint "ParallelGCFailedAllocation", Time since last: 317624481 ns, Reaching safepoint: 154709 ns, At safepoint: 562006730 ns, Total: 562161439 ns
[39.951s][info ][gc,start       ] GC(100) Pause Young (Allocation Failure)
[39.959s][debug][gc,phases      ] GC(100) Scavenge 7.834ms
[39.959s][debug][gc,ref         ] GC(100) Skipped phase 1 of Reference Processing: no references
[39.959s][debug][gc,ref         ] GC(100) Skipped phase 2 of Reference Processing: no references
[39.959s][debug][gc,ref         ] GC(100) Skipped phase 3 of Reference Processing: no references
[39.959s][debug][gc,ref         ] GC(100) Skipped phase 4 of Reference Processing: no references
[39.959s][debug][gc,phases      ] GC(100) Reference Processing 0.038ms
[39.959s][debug][gc,phases      ] GC(100)   VM Weak                        Min:  0.0, Avg:  0.0, Max:  0.0, Diff:  0.0, Sum:  0.0, Workers: 4
[39.959s][debug][gc,phases      ] GC(100)     Dead                           Min: 0, Avg:  0.0, Max: 0, Diff: 0, Sum: 0, Workers: 4
[39.959s][debug][gc,phases      ] GC(100)     Total                          Min: 0, Avg: 145.0, Max: 388, Diff: 388, Sum: 580, Workers: 4
[39.959s][debug][gc,phases      ] GC(100)   ObjectSynchronizer Weak        Min:  0.0, Avg:  0.0, Max:  0.0, Diff:  0.0, Sum:  0.0, Workers: 4
[39.959s][debug][gc,phases      ] GC(100)     Dead                           Min: 0, Avg:  0.0, Max: 0, Diff: 0, Sum: 0, Workers: 4
[39.959s][debug][gc,phases      ] GC(100)     Total                          Min: 0, Avg: 99.2, Max: 205, Diff: 205, Sum: 397, Workers: 4
[39.959s][debug][gc,phases      ] GC(100)   JVMTI Tag Weak OopStorage      Min:  0.0, Avg:  0.0, Max:  0.0, Diff:  0.0, Sum:  0.0, Workers: 4
[39.959s][debug][gc,phases      ] GC(100)     Dead                           Min: 0, Avg:  0.0, Max: 0, Diff: 0, Sum: 0, Workers: 4
[39.959s][debug][gc,phases      ] GC(100)     Total                          Min: 0, Avg:  0.0, Max: 0, Diff: 0, Sum: 0, Workers: 4
[39.959s][debug][gc,phases      ] GC(100)   StringTable Weak               Min:  0.1, Avg:  0.1, Max:  0.1, Diff:  0.0, Sum:  0.4, Workers: 4
[39.959s][debug][gc,phases      ] GC(100)     Dead                           Min: 0, Avg:  2.8, Max: 11, Diff: 11, Sum: 11, Workers: 4
[39.959s][debug][gc,phases      ] GC(100)     Total                          Min: 10112, Avg: 10714.5, Max: 11882, Diff: 1770, Sum: 42858, Workers: 4
[39.959s][debug][gc,phases      ] GC(100)   ResolvedMethodTable Weak       Min:  0.0, Avg:  0.0, Max:  0.0, Diff:  0.0, Sum:  0.1, Workers: 4
[39.959s][debug][gc,phases      ] GC(100)     Dead                           Min: 0, Avg:  0.0, Max: 0, Diff: 0, Sum: 0, Workers: 4
[39.959s][debug][gc,phases      ] GC(100)     Total                          Min: 1702, Avg: 1833.5, Max: 2048, Diff: 346, Sum: 7334, Workers: 4
[39.959s][debug][gc,phases      ] GC(100)   JNI Weak                       Min:  0.0, Avg:  0.0, Max:  0.0, Diff:  0.0, Sum:  0.0, Workers: 4
[39.959s][debug][gc,phases      ] GC(100)     Dead                           Min: 0, Avg:  0.0, Max: 0, Diff: 0, Sum: 0, Workers: 4
[39.959s][debug][gc,phases      ] GC(100)     Total                          Min: 0, Avg:  0.0, Max: 0, Diff: 0, Sum: 0, Workers: 4
[39.959s][debug][gc,phases      ] GC(100)   StringDedup Table Weak         Min:  0.0, Avg:  0.0, Max:  0.0, Diff:  0.0, Sum:  0.0, Workers: 4
[39.959s][debug][gc,phases      ] GC(100)     Dead                           Min: 0, Avg:  0.0, Max: 0, Diff: 0, Sum: 0, Workers: 4
[39.959s][debug][gc,phases      ] GC(100)     Total                          Min: 0, Avg:  0.0, Max: 0, Diff: 0, Sum: 0, Workers: 4
[39.959s][debug][gc,phases      ] GC(100)   StringDedup Requests0 Weak     Min:  0.0, Avg:  0.0, Max:  0.0, Diff:  0.0, Sum:  0.0, Workers: 4
[39.959s][debug][gc,phases      ] GC(100)     Dead                           Min: 0, Avg:  0.0, Max: 0, Diff: 0, Sum: 0, Workers: 4
[39.959s][debug][gc,phases      ] GC(100)     Total                          Min: 0, Avg:  0.0, Max: 0, Diff: 0, Sum: 0, Workers: 4
[39.959s][debug][gc,phases      ] GC(100)   StringDedup Requests1 Weak     Min:  0.0, Avg:  0.0, Max:  0.0, Diff:  0.0, Sum:  0.0, Workers: 4
[39.959s][debug][gc,phases      ] GC(100)     Dead                           Min: 0, Avg:  0.0, Max: 0, Diff: 0, Sum: 0, Workers: 4
[39.959s][debug][gc,phases      ] GC(100)     Total                          Min: 0, Avg:  0.0, Max: 0, Diff: 0, Sum: 0, Workers: 4
[39.959s][debug][gc,phases      ] GC(100)   Weak JFR Old Object Samples    Min:  0.0, Avg:  0.0, Max:  0.0, Diff:  0.0, Sum:  0.0, Workers: 4
[39.959s][debug][gc,phases      ] GC(100)     Dead                           Min: 0, Avg:  0.0, Max: 0, Diff: 0, Sum: 0, Workers: 4
[39.959s][debug][gc,phases      ] GC(100)     Total                          Min: 0, Avg:  0.0, Max: 0, Diff: 0, Sum: 0, Workers: 4
[39.959s][debug][gc,phases      ] GC(100) Weak Processing 0.340ms
[39.959s][debug][gc,age         ] GC(100) Desired survivor size 314572800 bytes, new threshold 14 (max threshold 15)
[39.959s][info ][gc,heap        ] GC(100) PSYoungGen: 1486848K(1792000K)->22656K(1787904K) Eden: 1486848K(1486848K)->0K(1482752K) From: 0K(305152K)->22656K(305152K)
[39.959s][info ][gc,heap        ] GC(100) ParOldGen: 504254K(652800K)->504262K(652800K)
[39.959s][info ][gc,metaspace   ] GC(100) Metaspace: 69080K(69888K)->69080K(69888K) NonClass: 59086K(59520K)->59086K(59520K) Class: 9994K(10368K)->9994K(10368K)
[39.959s][info ][gc             ] GC(100) Pause Young (Allocation Failure) 1944M->514M(2383M) 8.346ms
[39.959s][info ][gc,cpu         ] GC(100) User=0.03s Sys=0.00s Real=0.01s
[39.959s][info ][safepoint      ] Safepoint "ParallelGCFailedAllocation", Time since last: 285317770 ns, Reaching safepoint: 159810 ns, At safepoint: 8454100 ns, Total: 8613910 ns
[40.251s][info ][gc,start       ] GC(101) Pause Young (Allocation Failure)
[40.267s][debug][gc,phases      ] GC(101) Scavenge 15.621ms
[40.267s][debug][gc,ref         ] GC(101) Skipped phase 1 of Reference Processing: no references
[40.267s][debug][gc,ref         ] GC(101) Skipped phase 2 of Reference Processing: no references
[40.267s][debug][gc,ref         ] GC(101) Skipped phase 3 of Reference Processing: no references
[40.267s][debug][gc,ref         ] GC(101) Skipped phase 4 of Reference Processing: no references
[40.267s][debug][gc,phases      ] GC(101) Reference Processing 0.033ms
[40.267s][debug][gc,phases      ] GC(101)   VM Weak                        Min:  0.0, Avg:  0.0, Max:  0.0, Diff:  0.0, Sum:  0.0, Workers: 4
[40.267s][debug][gc,phases      ] GC(101)     Dead                           Min: 0, Avg:  0.0, Max: 0, Diff: 0, Sum: 0, Workers: 4
[40.267s][debug][gc,phases      ] GC(101)     Total                          Min: 0, Avg: 145.0, Max: 388, Diff: 388, Sum: 580, Workers: 4
[40.267s][debug][gc,phases      ] GC(101)   ObjectSynchronizer Weak        Min:  0.0, Avg:  0.0, Max:  0.0, Diff:  0.0, Sum:  0.0, Workers: 4
[40.267s][debug][gc,phases      ] GC(101)     Dead                           Min: 0, Avg:  0.0, Max: 0, Diff: 0, Sum: 0, Workers: 4
[40.267s][debug][gc,phases      ] GC(101)     Total                          Min: 0, Avg: 99.2, Max: 192, Diff: 192, Sum: 397, Workers: 4
[40.267s][debug][gc,phases      ] GC(101)   JVMTI Tag Weak OopStorage      Min:  0.0, Avg:  0.0, Max:  0.0, Diff:  0.0, Sum:  0.0, Workers: 4
[40.267s][debug][gc,phases      ] GC(101)     Dead                           Min: 0, Avg:  0.0, Max: 0, Diff: 0, Sum: 0, Workers: 4
[40.267s][debug][gc,phases      ] GC(101)     Total                          Min: 0, Avg:  0.0, Max: 0, Diff: 0, Sum: 0, Workers: 4
[40.267s][debug][gc,phases      ] GC(101)   StringTable Weak               Min:  0.1, Avg:  0.1, Max:  0.1, Diff:  0.0, Sum:  0.4, Workers: 4
[40.267s][debug][gc,phases      ] GC(101)     Dead                           Min: 0, Avg:  2.8, Max: 11, Diff: 11, Sum: 11, Workers: 4
[40.267s][debug][gc,phases      ] GC(101)     Total                          Min: 9408, Avg: 10715.0, Max: 11372, Diff: 1964, Sum: 42860, Workers: 4
[40.267s][debug][gc,phases      ] GC(101)   ResolvedMethodTable Weak       Min:  0.0, Avg:  0.0, Max:  0.0, Diff:  0.0, Sum:  0.1, Workers: 4
[40.267s][debug][gc,phases      ] GC(101)     Dead                           Min: 0, Avg:  0.0, Max: 0, Diff: 0, Sum: 0, Workers: 4
[40.267s][debug][gc,phases      ] GC(101)     Total                          Min: 1702, Avg: 1833.5, Max: 1984, Diff: 282, Sum: 7334, Workers: 4
[40.267s][debug][gc,phases      ] GC(101)   JNI Weak                       Min:  0.0, Avg:  0.0, Max:  0.0, Diff:  0.0, Sum:  0.0, Workers: 4
[40.267s][debug][gc,phases      ] GC(101)     Dead                           Min: 0, Avg:  0.0, Max: 0, Diff: 0, Sum: 0, Workers: 4
[40.267s][debug][gc,phases      ] GC(101)     Total                          Min: 0, Avg:  1.0, Max: 4, Diff: 4, Sum: 4, Workers: 4
[40.267s][debug][gc,phases      ] GC(101)   StringDedup Table Weak         Min:  0.0, Avg:  0.0, Max:  0.0, Diff:  0.0, Sum:  0.0, Workers: 4
[40.267s][debug][gc,phases      ] GC(101)     Dead                           Min: 0, Avg:  0.0, Max: 0, Diff: 0, Sum: 0, Workers: 4
[40.267s][debug][gc,phases      ] GC(101)     Total                          Min: 0, Avg:  0.0, Max: 0, Diff: 0, Sum: 0, Workers: 4
[40.267s][debug][gc,phases      ] GC(101)   StringDedup Requests0 Weak     Min:  0.0, Avg:  0.0, Max:  0.0, Diff:  0.0, Sum:  0.0, Workers: 4
[40.267s][debug][gc,phases      ] GC(101)     Dead                           Min: 0, Avg:  0.0, Max: 0, Diff: 0, Sum: 0, Workers: 4
[40.267s][debug][gc,phases      ] GC(101)     Total                          Min: 0, Avg:  0.0, Max: 0, Diff: 0, Sum: 0, Workers: 4
[40.267s][debug][gc,phases      ] GC(101)   StringDedup Requests1 Weak     Min:  0.0, Avg:  0.0, Max:  0.0, Diff:  0.0, Sum:  0.0, Workers: 4
[40.267s][debug][gc,phases      ] GC(101)     Dead                           Min: 0, Avg:  0.0, Max: 0, Diff: 0, Sum: 0, Workers: 4
[40.267s][debug][gc,phases      ] GC(101)     Total                          Min: 0, Avg:  0.0, Max: 0, Diff: 0, Sum: 0, Workers: 4
[40.267s][debug][gc,phases      ] GC(101)   Weak JFR Old Object Samples    Min:  0.0, Avg:  0.0, Max:  0.0, Diff:  0.0, Sum:  0.0, Workers: 4
[40.267s][debug][gc,phases      ] GC(101)     Dead                           Min: 0, Avg:  0.0, Max: 0, Diff: 0, Sum: 0, Workers: 4
[40.267s][debug][gc,phases      ] GC(101)     Total                          Min: 0, Avg:  0.0, Max: 0, Diff: 0, Sum: 0, Workers: 4
[40.267s][debug][gc,phases      ] GC(101) Weak Processing 0.421ms
[40.267s][debug][gc,age         ] GC(101) Desired survivor size 307757056 bytes, new threshold 15 (max threshold 15)
[40.267s][info ][gc,heap        ] GC(101) PSYoungGen: 1505408K(1787904K)->56315K(1789952K) Eden: 1482752K(1482752K)->0K(1482752K) From: 22656K(305152K)->56315K(307200K)
[40.267s][info ][gc,heap        ] GC(101) ParOldGen: 504262K(652800K)->504262K(652800K)
[40.267s][info ][gc,metaspace   ] GC(101) Metaspace: 69082K(69888K)->69082K(69888K) NonClass: 59088K(59520K)->59088K(59520K) Class: 9994K(10368K)->9994K(10368K)
[40.267s][info ][gc             ] GC(101) Pause Young (Allocation Failure) 1962M->547M(2385M) 16.245ms
[40.267s][info ][gc,cpu         ] GC(101) User=0.08s Sys=0.00s Real=0.02s
[40.267s][info ][safepoint      ] Safepoint "ParallelGCFailedAllocation", Time since last: 291538638 ns, Reaching safepoint: 144708 ns, At safepoint: 16381669 ns, Total: 16526377 ns
[40.521s][info ][gc,start       ] GC(102) Pause Young (Allocation Failure)
[40.537s][debug][gc,phases      ] GC(102) Scavenge 15.476ms
[40.537s][debug][gc,ref         ] GC(102) Skipped phase 1 of Reference Processing: no references
[40.537s][debug][gc,ref         ] GC(102) Skipped phase 2 of Reference Processing: no references
[40.537s][debug][gc,ref         ] GC(102) Skipped phase 3 of Reference Processing: no references
[40.537s][debug][gc,ref         ] GC(102) Skipped phase 4 of Reference Processing: no references
[40.537s][debug][gc,phases      ] GC(102) Reference Processing 0.026ms
[40.537s][debug][gc,phases      ] GC(102)   VM Weak                        Min:  0.0, Avg:  0.0, Max:  0.0, Diff:  0.0, Sum:  0.0, Workers: 4
[40.537s][debug][gc,phases      ] GC(102)     Dead                           Min: 0, Avg:  0.0, Max: 0, Diff: 0, Sum: 0, Workers: 4
[40.537s][debug][gc,phases      ] GC(102)     Total                          Min: 0, Avg: 145.0, Max: 580, Diff: 580, Sum: 580, Workers: 4
[40.537s][debug][gc,phases      ] GC(102)   ObjectSynchronizer Weak        Min:  0.0, Avg:  0.0, Max:  0.0, Diff:  0.0, Sum:  0.0, Workers: 4
[40.537s][debug][gc,phases      ] GC(102)     Dead                           Min: 0, Avg:  0.0, Max: 0, Diff: 0, Sum: 0, Workers: 4
[40.537s][debug][gc,phases      ] GC(102)     Total                          Min: 0, Avg: 99.2, Max: 141, Diff: 141, Sum: 397, Workers: 4
[40.537s][debug][gc,phases      ] GC(102)   JVMTI Tag Weak OopStorage      Min:  0.0, Avg:  0.0, Max:  0.0, Diff:  0.0, Sum:  0.0, Workers: 4
[40.537s][debug][gc,phases      ] GC(102)     Dead                           Min: 0, Avg:  0.0, Max: 0, Diff: 0, Sum: 0, Workers: 4
[40.537s][debug][gc,phases      ] GC(102)     Total                          Min: 0, Avg:  0.0, Max: 0, Diff: 0, Sum: 0, Workers: 4
[40.537s][debug][gc,phases      ] GC(102)   StringTable Weak               Min:  0.1, Avg:  0.1, Max:  0.1, Diff:  0.0, Sum:  0.4, Workers: 4
[40.537s][debug][gc,phases      ] GC(102)     Dead                           Min: 0, Avg:  0.0, Max: 0, Diff: 0, Sum: 0, Workers: 4
[40.537s][debug][gc,phases      ] GC(102)     Total                          Min: 10368, Avg: 10715.5, Max: 11072, Diff: 704, Sum: 42862, Workers: 4
[40.537s][debug][gc,phases      ] GC(102)   ResolvedMethodTable Weak       Min:  0.0, Avg:  0.0, Max:  0.0, Diff:  0.0, Sum:  0.1, Workers: 4
[40.537s][debug][gc,phases      ] GC(102)     Dead                           Min: 0, Avg:  0.0, Max: 0, Diff: 0, Sum: 0, Workers: 4
[40.537s][debug][gc,phases      ] GC(102)     Total                          Min: 1766, Avg: 1833.5, Max: 1920, Diff: 154, Sum: 7334, Workers: 4
[40.537s][debug][gc,phases      ] GC(102)   JNI Weak                       Min:  0.0, Avg:  0.0, Max:  0.0, Diff:  0.0, Sum:  0.0, Workers: 4
[40.537s][debug][gc,phases      ] GC(102)     Dead                           Min: 0, Avg:  0.0, Max: 0, Diff: 0, Sum: 0, Workers: 4
[40.537s][debug][gc,phases      ] GC(102)     Total                          Min: 0, Avg:  0.5, Max: 2, Diff: 2, Sum: 2, Workers: 4
[40.537s][debug][gc,phases      ] GC(102)   StringDedup Table Weak         Min:  0.0, Avg:  0.0, Max:  0.0, Diff:  0.0, Sum:  0.0, Workers: 4
[40.537s][debug][gc,phases      ] GC(102)     Dead                           Min: 0, Avg:  0.0, Max: 0, Diff: 0, Sum: 0, Workers: 4
[40.537s][debug][gc,phases      ] GC(102)     Total                          Min: 0, Avg:  0.0, Max: 0, Diff: 0, Sum: 0, Workers: 4
[40.537s][debug][gc,phases      ] GC(102)   StringDedup Requests0 Weak     Min:  0.0, Avg:  0.0, Max:  0.0, Diff:  0.0, Sum:  0.0, Workers: 4
[40.537s][debug][gc,phases      ] GC(102)     Dead                           Min: 0, Avg:  0.0, Max: 0, Diff: 0, Sum: 0, Workers: 4
[40.537s][debug][gc,phases      ] GC(102)     Total                          Min: 0, Avg:  0.0, Max: 0, Diff: 0, Sum: 0, Workers: 4
[40.537s][debug][gc,phases      ] GC(102)   StringDedup Requests1 Weak     Min:  0.0, Avg:  0.0, Max:  0.0, Diff:  0.0, Sum:  0.0, Workers: 4
[40.537s][debug][gc,phases      ] GC(102)     Dead                           Min: 0, Avg:  0.0, Max: 0, Diff: 0, Sum: 0, Workers: 4
[40.537s][debug][gc,phases      ] GC(102)     Total                          Min: 0, Avg:  0.0, Max: 0, Diff: 0, Sum: 0, Workers: 4
[40.537s][debug][gc,phases      ] GC(102)   Weak JFR Old Object Samples    Min:  0.0, Avg:  0.0, Max:  0.0, Diff:  0.0, Sum:  0.0, Workers: 4
[40.537s][debug][gc,phases      ] GC(102)     Dead                           Min: 0, Avg:  0.0, Max: 0, Diff: 0, Sum: 0, Workers: 4
[40.537s][debug][gc,phases      ] GC(102)     Total                          Min: 0, Avg:  0.0, Max: 0, Diff: 0, Sum: 0, Workers: 4
[40.537s][debug][gc,phases      ] GC(102) Weak Processing 0.322ms
[40.537s][debug][gc,age         ] GC(102) Desired survivor size 300417024 bytes, new threshold 15 (max threshold 15)
[40.537s][info ][gc,heap        ] GC(102) PSYoungGen: 1539067K(1789952K)->53012K(1803776K) Eden: 1482752K(1482752K)->0K(1503232K) From: 56315K(307200K)->53012K(300544K)
[40.537s][info ][gc,heap        ] GC(102) ParOldGen: 504262K(652800K)->504262K(652800K)
[40.537s][info ][gc,metaspace   ] GC(102) Metaspace: 69082K(69888K)->69082K(69888K) NonClass: 59088K(59520K)->59088K(59520K) Class: 9994K(10368K)->9994K(10368K)
[40.537s][info ][gc             ] GC(102) Pause Young (Allocation Failure) 1995M->544M(2399M) 15.963ms
[40.537s][info ][gc,cpu         ] GC(102) User=0.06s Sys=0.00s Real=0.02s
[40.537s][info ][safepoint      ] Safepoint "ParallelGCFailedAllocation", Time since last: 253980217 ns, Reaching safepoint: 147009 ns, At safepoint: 16081151 ns, Total: 16228160 ns
[40.804s][info ][gc,start       ] GC(103) Pause Young (Allocation Failure)
[40.818s][debug][gc,phases      ] GC(103) Scavenge 13.936ms
[40.818s][debug][gc,ref         ] GC(103) Skipped phase 1 of Reference Processing: no references
[40.818s][debug][gc,ref         ] GC(103) Skipped phase 2 of Reference Processing: no references
[40.818s][debug][gc,ref         ] GC(103) Skipped phase 3 of Reference Processing: no references
[40.818s][debug][gc,ref         ] GC(103) Skipped phase 4 of Reference Processing: no references
[40.818s][debug][gc,phases      ] GC(103) Reference Processing 0.026ms
[40.818s][debug][gc,phases      ] GC(103)   VM Weak                        Min:  0.0, Avg:  0.0, Max:  0.0, Diff:  0.0, Sum:  0.0, Workers: 4
[40.818s][debug][gc,phases      ] GC(103)     Dead                           Min: 0, Avg:  0.0, Max: 0, Diff: 0, Sum: 0, Workers: 4
[40.818s][debug][gc,phases      ] GC(103)     Total                          Min: 0, Avg: 145.0, Max: 388, Diff: 388, Sum: 580, Workers: 4
[40.818s][debug][gc,phases      ] GC(103)   ObjectSynchronizer Weak        Min:  0.0, Avg:  0.0, Max:  0.0, Diff:  0.0, Sum:  0.0, Workers: 4
[40.818s][debug][gc,phases      ] GC(103)     Dead                           Min: 0, Avg:  0.0, Max: 0, Diff: 0, Sum: 0, Workers: 4
[40.818s][debug][gc,phases      ] GC(103)     Total                          Min: 0, Avg: 99.2, Max: 256, Diff: 256, Sum: 397, Workers: 4
[40.818s][debug][gc,phases      ] GC(103)   JVMTI Tag Weak OopStorage      Min:  0.0, Avg:  0.0, Max:  0.0, Diff:  0.0, Sum:  0.0, Workers: 4
[40.818s][debug][gc,phases      ] GC(103)     Dead                           Min: 0, Avg:  0.0, Max: 0, Diff: 0, Sum: 0, Workers: 4
[40.818s][debug][gc,phases      ] GC(103)     Total                          Min: 0, Avg:  0.0, Max: 0, Diff: 0, Sum: 0, Workers: 4
[40.818s][debug][gc,phases      ] GC(103)   StringTable Weak               Min:  0.1, Avg:  0.1, Max:  0.1, Diff:  0.0, Sum:  0.4, Workers: 4
[40.818s][debug][gc,phases      ] GC(103)     Dead                           Min: 0, Avg:  2.8, Max: 11, Diff: 11, Sum: 11, Workers: 4
[40.818s][debug][gc,phases      ] GC(103)     Total                          Min: 9856, Avg: 10715.5, Max: 11456, Diff: 1600, Sum: 42862, Workers: 4
[40.818s][debug][gc,phases      ] GC(103)   ResolvedMethodTable Weak       Min:  0.0, Avg:  0.0, Max:  0.0, Diff:  0.0, Sum:  0.1, Workers: 4
[40.818s][debug][gc,phases      ] GC(103)     Dead                           Min: 0, Avg:  0.0, Max: 0, Diff: 0, Sum: 0, Workers: 4
[40.818s][debug][gc,phases      ] GC(103)     Total                          Min: 1664, Avg: 1833.5, Max: 2022, Diff: 358, Sum: 7334, Workers: 4
[40.818s][debug][gc,phases      ] GC(103)   JNI Weak                       Min:  0.0, Avg:  0.0, Max:  0.0, Diff:  0.0, Sum:  0.0, Workers: 4
[40.818s][debug][gc,phases      ] GC(103)     Dead                           Min: 0, Avg:  0.0, Max: 0, Diff: 0, Sum: 0, Workers: 4
[40.818s][debug][gc,phases      ] GC(103)     Total                          Min: 0, Avg:  0.0, Max: 0, Diff: 0, Sum: 0, Workers: 4
[40.818s][debug][gc,phases      ] GC(103)   StringDedup Table Weak         Min:  0.0, Avg:  0.0, Max:  0.0, Diff:  0.0, Sum:  0.0, Workers: 4
[40.818s][debug][gc,phases      ] GC(103)     Dead                           Min: 0, Avg:  0.0, Max: 0, Diff: 0, Sum: 0, Workers: 4
[40.818s][debug][gc,phases      ] GC(103)     Total                          Min: 0, Avg:  0.0, Max: 0, Diff: 0, Sum: 0, Workers: 4
[40.818s][debug][gc,phases      ] GC(103)   StringDedup Requests0 Weak     Min:  0.0, Avg:  0.0, Max:  0.0, Diff:  0.0, Sum:  0.0, Workers: 4
[40.818s][debug][gc,phases      ] GC(103)     Dead                           Min: 0, Avg:  0.0, Max: 0, Diff: 0, Sum: 0, Workers: 4
[40.818s][debug][gc,phases      ] GC(103)     Total                          Min: 0, Avg:  0.0, Max: 0, Diff: 0, Sum: 0, Workers: 4
[40.818s][debug][gc,phases      ] GC(103)   StringDedup Requests1 Weak     Min:  0.0, Avg:  0.0, Max:  0.0, Diff:  0.0, Sum:  0.0, Workers: 4
[40.818s][debug][gc,phases      ] GC(103)     Dead                           Min: 0, Avg:  0.0, Max: 0, Diff: 0, Sum: 0, Workers: 4
[40.818s][debug][gc,phases      ] GC(103)     Total                          Min: 0, Avg:  0.0, Max: 0, Diff: 0, Sum: 0, Workers: 4
[40.818s][debug][gc,phases      ] GC(103)   Weak JFR Old Object Samples    Min:  0.0, Avg:  0.0, Max:  0.0, Diff:  0.0, Sum:  0.0, Workers: 4
[40.818s][debug][gc,phases      ] GC(103)     Dead                           Min: 0, Avg:  0.0, Max: 0, Diff: 0, Sum: 0, Workers: 4
[40.818s][debug][gc,phases      ] GC(103)     Total                          Min: 0, Avg:  0.0, Max: 0, Diff: 0, Sum: 0, Workers: 4
[40.818s][debug][gc,phases      ] GC(103) Weak Processing 0.319ms
[40.818s][debug][gc,age         ] GC(103) Desired survivor size 290455552 bytes, new threshold 15 (max threshold 15)
[40.818s][info ][gc,heap        ] GC(103) PSYoungGen: 1556244K(1803776K)->60002K(1796608K) Eden: 1503232K(1503232K)->0K(1503232K) From: 53012K(300544K)->60002K(293376K)
[40.818s][info ][gc,heap        ] GC(103) ParOldGen: 504262K(652800K)->504262K(652800K)
[40.818s][info ][gc,metaspace   ] GC(103) Metaspace: 69082K(69888K)->69082K(69888K) NonClass: 59088K(59520K)->59088K(59520K) Class: 9994K(10368K)->9994K(10368K)
[40.818s][info ][gc             ] GC(103) Pause Young (Allocation Failure) 2012M->551M(2392M) 14.417ms
[40.818s][info ][gc,cpu         ] GC(103) User=0.06s Sys=0.00s Real=0.01s
[40.818s][info ][safepoint      ] Safepoint "ParallelGCFailedAllocation", Time since last: 266084333 ns, Reaching safepoint: 143408 ns, At safepoint: 14538260 ns, Total: 14681668 ns
[41.087s][info ][gc,start       ] GC(104) Pause Young (Allocation Failure)
[41.106s][debug][gc,phases      ] GC(104) Scavenge 19.076ms
[41.106s][debug][gc,ref         ] GC(104) Skipped phase 1 of Reference Processing: no references
[41.106s][debug][gc,ref         ] GC(104) Skipped phase 2 of Reference Processing: no references
[41.106s][debug][gc,ref         ] GC(104) Skipped phase 3 of Reference Processing: no references
[41.106s][debug][gc,ref         ] GC(104) Skipped phase 4 of Reference Processing: no references
[41.106s][debug][gc,phases      ] GC(104) Reference Processing 0.043ms
[41.107s][debug][gc,phases      ] GC(104)   VM Weak                        Min:  0.0, Avg:  0.0, Max:  0.0, Diff:  0.0, Sum:  0.0, Workers: 4
[41.107s][debug][gc,phases      ] GC(104)     Dead                           Min: 0, Avg:  0.0, Max: 0, Diff: 0, Sum: 0, Workers: 4
[41.107s][debug][gc,phases      ] GC(104)     Total                          Min: 0, Avg: 145.0, Max: 580, Diff: 580, Sum: 580, Workers: 4
[41.107s][debug][gc,phases      ] GC(104)   ObjectSynchronizer Weak        Min:  0.0, Avg:  0.0, Max:  0.0, Diff:  0.0, Sum:  0.0, Workers: 4
[41.107s][debug][gc,phases      ] GC(104)     Dead                           Min: 0, Avg:  0.0, Max: 0, Diff: 0, Sum: 0, Workers: 4
[41.107s][debug][gc,phases      ] GC(104)     Total                          Min: 0, Avg: 99.2, Max: 397, Diff: 397, Sum: 397, Workers: 4
[41.107s][debug][gc,phases      ] GC(104)   JVMTI Tag Weak OopStorage      Min:  0.0, Avg:  0.0, Max:  0.0, Diff:  0.0, Sum:  0.0, Workers: 4
[41.107s][debug][gc,phases      ] GC(104)     Dead                           Min: 0, Avg:  0.0, Max: 0, Diff: 0, Sum: 0, Workers: 4
[41.107s][debug][gc,phases      ] GC(104)     Total                          Min: 0, Avg:  0.0, Max: 0, Diff: 0, Sum: 0, Workers: 4
[41.107s][debug][gc,phases      ] GC(104)   StringTable Weak               Min:  0.1, Avg:  0.1, Max:  0.1, Diff:  0.0, Sum:  0.4, Workers: 4
[41.107s][debug][gc,phases      ] GC(104)     Dead                           Min: 0, Avg:  0.0, Max: 0, Diff: 0, Sum: 0, Workers: 4
[41.107s][debug][gc,phases      ] GC(104)     Total                          Min: 10304, Avg: 10715.5, Max: 11072, Diff: 768, Sum: 42862, Workers: 4
[41.107s][debug][gc,phases      ] GC(104)   ResolvedMethodTable Weak       Min:  0.0, Avg:  0.0, Max:  0.0, Diff:  0.0, Sum:  0.1, Workers: 4
[41.107s][debug][gc,phases      ] GC(104)     Dead                           Min: 0, Avg:  0.0, Max: 0, Diff: 0, Sum: 0, Workers: 4
[41.107s][debug][gc,phases      ] GC(104)     Total                          Min: 1792, Avg: 1833.5, Max: 1894, Diff: 102, Sum: 7334, Workers: 4
[41.107s][debug][gc,phases      ] GC(104)   JNI Weak                       Min:  0.0, Avg:  0.0, Max:  0.0, Diff:  0.0, Sum:  0.0, Workers: 4
[41.107s][debug][gc,phases      ] GC(104)     Dead                           Min: 0, Avg:  0.0, Max: 0, Diff: 0, Sum: 0, Workers: 4
[41.107s][debug][gc,phases      ] GC(104)     Total                          Min: 0, Avg:  0.0, Max: 0, Diff: 0, Sum: 0, Workers: 4
[41.107s][debug][gc,phases      ] GC(104)   StringDedup Table Weak         Min:  0.0, Avg:  0.0, Max:  0.0, Diff:  0.0, Sum:  0.0, Workers: 4
[41.107s][debug][gc,phases      ] GC(104)     Dead                           Min: 0, Avg:  0.0, Max: 0, Diff: 0, Sum: 0, Workers: 4
[41.107s][debug][gc,phases      ] GC(104)     Total                          Min: 0, Avg:  0.0, Max: 0, Diff: 0, Sum: 0, Workers: 4
[41.107s][debug][gc,phases      ] GC(104)   StringDedup Requests0 Weak     Min:  0.0, Avg:  0.0, Max:  0.0, Diff:  0.0, Sum:  0.0, Workers: 4
[41.107s][debug][gc,phases      ] GC(104)     Dead                           Min: 0, Avg:  0.0, Max: 0, Diff: 0, Sum: 0, Workers: 4
[41.107s][debug][gc,phases      ] GC(104)     Total                          Min: 0, Avg:  0.0, Max: 0, Diff: 0, Sum: 0, Workers: 4
[41.107s][debug][gc,phases      ] GC(104)   StringDedup Requests1 Weak     Min:  0.0, Avg:  0.0, Max:  0.0, Diff:  0.0, Sum:  0.0, Workers: 4
[41.107s][debug][gc,phases      ] GC(104)     Dead                           Min: 0, Avg:  0.0, Max: 0, Diff: 0, Sum: 0, Workers: 4
[41.107s][debug][gc,phases      ] GC(104)     Total                          Min: 0, Avg:  0.0, Max: 0, Diff: 0, Sum: 0, Workers: 4
[41.107s][debug][gc,phases      ] GC(104)   Weak JFR Old Object Samples    Min:  0.0, Avg:  0.0, Max:  0.0, Diff:  0.0, Sum:  0.0, Workers: 4
[41.107s][debug][gc,phases      ] GC(104)     Dead                           Min: 0, Avg:  0.0, Max: 0, Diff: 0, Sum: 0, Workers: 4
[41.107s][debug][gc,phases      ] GC(104)     Total                          Min: 0, Avg:  0.0, Max: 0, Diff: 0, Sum: 0, Workers: 4
[41.107s][debug][gc,phases      ] GC(104) Weak Processing 0.292ms
[41.107s][debug][gc,age         ] GC(104) Desired survivor size 279445504 bytes, new threshold 15 (max threshold 15)
[41.107s][info ][gc,heap        ] GC(104) PSYoungGen: 1563234K(1796608K)->64745K(1824256K) Eden: 1503232K(1503232K)->0K(1540608K) From: 60002K(293376K)->64745K(283648K)
[41.107s][info ][gc,heap        ] GC(104) ParOldGen: 504262K(652800K)->504262K(652800K)
[41.107s][info ][gc,metaspace   ] GC(104) Metaspace: 69082K(69888K)->69082K(69888K) NonClass: 59088K(59520K)->59088K(59520K) Class: 9994K(10368K)->9994K(10368K)
[41.107s][info ][gc             ] GC(104) Pause Young (Allocation Failure) 2019M->555M(2419M) 19.549ms
[41.107s][info ][gc,cpu         ] GC(104) User=0.08s Sys=0.00s Real=0.02s
[41.107s][info ][safepoint      ] Safepoint "ParallelGCFailedAllocation", Time since last: 268756491 ns, Reaching safepoint: 173410 ns, At safepoint: 19663963 ns, Total: 19837373 ns
[41.413s][info ][gc,start       ] GC(105) Pause Young (Allocation Failure)
[41.432s][debug][gc,phases      ] GC(105) Scavenge 18.084ms
[41.432s][debug][gc,ref         ] GC(105) Skipped phase 1 of Reference Processing: no references
[41.432s][debug][gc,ref         ] GC(105) ReferenceProcessor::execute queues: 1, RefProcThreadModel::Single, marks_oops_alive: false
[41.432s][debug][gc,ref         ] GC(105) Skipped phase 3 of Reference Processing: no references
[41.432s][debug][gc,ref         ] GC(105) ReferenceProcessor::execute queues: 1, RefProcThreadModel::Single, marks_oops_alive: false
[41.432s][debug][gc,phases      ] GC(105) Reference Processing 0.120ms
[41.432s][debug][gc,phases      ] GC(105)   VM Weak                        Min:  0.0, Avg:  0.0, Max:  0.0, Diff:  0.0, Sum:  0.0, Workers: 4
[41.432s][debug][gc,phases      ] GC(105)     Dead                           Min: 0, Avg:  0.0, Max: 0, Diff: 0, Sum: 0, Workers: 4
[41.432s][debug][gc,phases      ] GC(105)     Total                          Min: 0, Avg: 145.0, Max: 452, Diff: 452, Sum: 580, Workers: 4
[41.432s][debug][gc,phases      ] GC(105)   ObjectSynchronizer Weak        Min:  0.0, Avg:  0.0, Max:  0.0, Diff:  0.0, Sum:  0.0, Workers: 4
[41.432s][debug][gc,phases      ] GC(105)     Dead                           Min: 0, Avg:  0.0, Max: 0, Diff: 0, Sum: 0, Workers: 4
[41.432s][debug][gc,phases      ] GC(105)     Total                          Min: 0, Avg: 99.2, Max: 192, Diff: 192, Sum: 397, Workers: 4
[41.432s][debug][gc,phases      ] GC(105)   JVMTI Tag Weak OopStorage      Min:  0.0, Avg:  0.0, Max:  0.0, Diff:  0.0, Sum:  0.0, Workers: 4
[41.432s][debug][gc,phases      ] GC(105)     Dead                           Min: 0, Avg:  0.0, Max: 0, Diff: 0, Sum: 0, Workers: 4
[41.432s][debug][gc,phases      ] GC(105)     Total                          Min: 0, Avg:  0.0, Max: 0, Diff: 0, Sum: 0, Workers: 4
[41.432s][debug][gc,phases      ] GC(105)   StringTable Weak               Min:  0.1, Avg:  0.1, Max:  0.1, Diff:  0.0, Sum:  0.4, Workers: 4
[41.432s][debug][gc,phases      ] GC(105)     Dead                           Min: 0, Avg:  2.8, Max: 11, Diff: 11, Sum: 11, Workers: 4
[41.432s][debug][gc,phases      ] GC(105)     Total                          Min: 9984, Avg: 10716.0, Max: 11456, Diff: 1472, Sum: 42864, Workers: 4
[41.432s][debug][gc,phases      ] GC(105)   ResolvedMethodTable Weak       Min:  0.0, Avg:  0.0, Max:  0.0, Diff:  0.0, Sum:  0.1, Workers: 4
[41.432s][debug][gc,phases      ] GC(105)     Dead                           Min: 0, Avg:  0.0, Max: 0, Diff: 0, Sum: 0, Workers: 4
[41.432s][debug][gc,phases      ] GC(105)     Total                          Min: 1728, Avg: 1834.0, Max: 1920, Diff: 192, Sum: 7336, Workers: 4
[41.432s][debug][gc,phases      ] GC(105)   JNI Weak                       Min:  0.0, Avg:  0.0, Max:  0.0, Diff:  0.0, Sum:  0.0, Workers: 4
[41.432s][debug][gc,phases      ] GC(105)     Dead                           Min: 0, Avg:  0.0, Max: 0, Diff: 0, Sum: 0, Workers: 4
[41.432s][debug][gc,phases      ] GC(105)     Total                          Min: 0, Avg:  0.0, Max: 0, Diff: 0, Sum: 0, Workers: 4
[41.432s][debug][gc,phases      ] GC(105)   StringDedup Table Weak         Min:  0.0, Avg:  0.0, Max:  0.0, Diff:  0.0, Sum:  0.0, Workers: 4
[41.432s][debug][gc,phases      ] GC(105)     Dead                           Min: 0, Avg:  0.0, Max: 0, Diff: 0, Sum: 0, Workers: 4
[41.432s][debug][gc,phases      ] GC(105)     Total                          Min: 0, Avg:  0.0, Max: 0, Diff: 0, Sum: 0, Workers: 4
[41.432s][debug][gc,phases      ] GC(105)   StringDedup Requests0 Weak     Min:  0.0, Avg:  0.0, Max:  0.0, Diff:  0.0, Sum:  0.0, Workers: 4
[41.432s][debug][gc,phases      ] GC(105)     Dead                           Min: 0, Avg:  0.0, Max: 0, Diff: 0, Sum: 0, Workers: 4
[41.432s][debug][gc,phases      ] GC(105)     Total                          Min: 0, Avg:  0.0, Max: 0, Diff: 0, Sum: 0, Workers: 4
[41.432s][debug][gc,phases      ] GC(105)   StringDedup Requests1 Weak     Min:  0.0, Avg:  0.0, Max:  0.0, Diff:  0.0, Sum:  0.0, Workers: 4
[41.432s][debug][gc,phases      ] GC(105)     Dead                           Min: 0, Avg:  0.0, Max: 0, Diff: 0, Sum: 0, Workers: 4
[41.432s][debug][gc,phases      ] GC(105)     Total                          Min: 0, Avg:  0.0, Max: 0, Diff: 0, Sum: 0, Workers: 4
[41.432s][debug][gc,phases      ] GC(105)   Weak JFR Old Object Samples    Min:  0.0, Avg:  0.0, Max:  0.0, Diff:  0.0, Sum:  0.0, Workers: 4
[41.432s][debug][gc,phases      ] GC(105)     Dead                           Min: 0, Avg:  0.0, Max: 0, Diff: 0, Sum: 0, Workers: 4
[41.432s][debug][gc,phases      ] GC(105)     Total                          Min: 0, Avg:  0.0, Max: 0, Diff: 0, Sum: 0, Workers: 4
[41.432s][debug][gc,phases      ] GC(105) Weak Processing 0.334ms
[41.432s][debug][gc,age         ] GC(105) Desired survivor size 267386880 bytes, new threshold 15 (max threshold 15)
[41.432s][info ][gc,heap        ] GC(105) PSYoungGen: 1605353K(1824256K)->72745K(1813504K) Eden: 1540608K(1540608K)->0K(1540608K) From: 64745K(283648K)->72745K(272896K)
[41.432s][info ][gc,heap        ] GC(105) ParOldGen: 504262K(652800K)->504262K(652800K)
[41.432s][info ][gc,metaspace   ] GC(105) Metaspace: 69090K(69888K)->69090K(69888K) NonClass: 59094K(59520K)->59094K(59520K) Class: 9996K(10368K)->9996K(10368K)
[41.432s][info ][gc             ] GC(105) Pause Young (Allocation Failure) 2060M->563M(2408M) 18.675ms
[41.432s][info ][gc,cpu         ] GC(105) User=0.07s Sys=0.00s Real=0.02s
[41.432s][info ][safepoint      ] Safepoint "ParallelGCFailedAllocation", Time since last: 304442101 ns, Reaching safepoint: 2197530 ns, At safepoint: 18783110 ns, Total: 20980640 ns
[41.718s][info ][gc,start       ] GC(106) Pause Young (Allocation Failure)
[41.737s][debug][gc,phases      ] GC(106) Scavenge 18.692ms
[41.737s][debug][gc,ref         ] GC(106) Skipped phase 1 of Reference Processing: no references
[41.737s][debug][gc,ref         ] GC(106) ReferenceProcessor::execute queues: 1, RefProcThreadModel::Single, marks_oops_alive: false
[41.737s][debug][gc,ref         ] GC(106) Skipped phase 3 of Reference Processing: no references
[41.737s][debug][gc,ref         ] GC(106) ReferenceProcessor::execute queues: 1, RefProcThreadModel::Single, marks_oops_alive: false
[41.737s][debug][gc,phases      ] GC(106) Reference Processing 0.109ms
[41.737s][debug][gc,phases      ] GC(106)   VM Weak                        Min:  0.0, Avg:  0.0, Max:  0.0, Diff:  0.0, Sum:  0.0, Workers: 4
[41.737s][debug][gc,phases      ] GC(106)     Dead                           Min: 0, Avg:  0.0, Max: 0, Diff: 0, Sum: 0, Workers: 4
[41.737s][debug][gc,phases      ] GC(106)     Total                          Min: 0, Avg: 145.0, Max: 580, Diff: 580, Sum: 580, Workers: 4
[41.737s][debug][gc,phases      ] GC(106)   ObjectSynchronizer Weak        Min:  0.0, Avg:  0.0, Max:  0.0, Diff:  0.0, Sum:  0.0, Workers: 4
[41.737s][debug][gc,phases      ] GC(106)     Dead                           Min: 0, Avg:  0.0, Max: 0, Diff: 0, Sum: 0, Workers: 4
[41.737s][debug][gc,phases      ] GC(106)     Total                          Min: 0, Avg: 99.2, Max: 192, Diff: 192, Sum: 397, Workers: 4
[41.737s][debug][gc,phases      ] GC(106)   JVMTI Tag Weak OopStorage      Min:  0.0, Avg:  0.0, Max:  0.0, Diff:  0.0, Sum:  0.0, Workers: 4
[41.737s][debug][gc,phases      ] GC(106)     Dead                           Min: 0, Avg:  0.0, Max: 0, Diff: 0, Sum: 0, Workers: 4
[41.737s][debug][gc,phases      ] GC(106)     Total                          Min: 0, Avg:  0.0, Max: 0, Diff: 0, Sum: 0, Workers: 4
[41.737s][debug][gc,phases      ] GC(106)   StringTable Weak               Min:  0.1, Avg:  0.1, Max:  0.1, Diff:  0.0, Sum:  0.4, Workers: 4
[41.737s][debug][gc,phases      ] GC(106)     Dead                           Min: 0, Avg:  2.8, Max: 11, Diff: 11, Sum: 11, Workers: 4
[41.737s][debug][gc,phases      ] GC(106)     Total                          Min: 9081, Avg: 10718.2, Max: 12224, Diff: 3143, Sum: 42873, Workers: 4
[41.737s][debug][gc,phases      ] GC(106)   ResolvedMethodTable Weak       Min:  0.0, Avg:  0.0, Max:  0.0, Diff:  0.0, Sum:  0.1, Workers: 4
[41.737s][debug][gc,phases      ] GC(106)     Dead                           Min: 0, Avg:  0.0, Max: 0, Diff: 0, Sum: 0, Workers: 4
[41.737s][debug][gc,phases      ] GC(106)     Total                          Min: 1600, Avg: 1834.5, Max: 2090, Diff: 490, Sum: 7338, Workers: 4
[41.737s][debug][gc,phases      ] GC(106)   JNI Weak                       Min:  0.0, Avg:  0.0, Max:  0.0, Diff:  0.0, Sum:  0.0, Workers: 4
[41.737s][debug][gc,phases      ] GC(106)     Dead                           Min: 0, Avg:  0.0, Max: 0, Diff: 0, Sum: 0, Workers: 4
[41.737s][debug][gc,phases      ] GC(106)     Total                          Min: 0, Avg:  0.0, Max: 0, Diff: 0, Sum: 0, Workers: 4
[41.737s][debug][gc,phases      ] GC(106)   StringDedup Table Weak         Min:  0.0, Avg:  0.0, Max:  0.0, Diff:  0.0, Sum:  0.0, Workers: 4
[41.737s][debug][gc,phases      ] GC(106)     Dead                           Min: 0, Avg:  0.0, Max: 0, Diff: 0, Sum: 0, Workers: 4
[41.737s][debug][gc,phases      ] GC(106)     Total                          Min: 0, Avg:  0.0, Max: 0, Diff: 0, Sum: 0, Workers: 4
[41.737s][debug][gc,phases      ] GC(106)   StringDedup Requests0 Weak     Min:  0.0, Avg:  0.0, Max:  0.0, Diff:  0.0, Sum:  0.0, Workers: 4
[41.737s][debug][gc,phases      ] GC(106)     Dead                           Min: 0, Avg:  0.0, Max: 0, Diff: 0, Sum: 0, Workers: 4
[41.737s][debug][gc,phases      ] GC(106)     Total                          Min: 0, Avg:  0.0, Max: 0, Diff: 0, Sum: 0, Workers: 4
[41.737s][debug][gc,phases      ] GC(106)   StringDedup Requests1 Weak     Min:  0.0, Avg:  0.0, Max:  0.0, Diff:  0.0, Sum:  0.0, Workers: 4
[41.737s][debug][gc,phases      ] GC(106)     Dead                           Min: 0, Avg:  0.0, Max: 0, Diff: 0, Sum: 0, Workers: 4
[41.737s][debug][gc,phases      ] GC(106)     Total                          Min: 0, Avg:  0.0, Max: 0, Diff: 0, Sum: 0, Workers: 4
[41.737s][debug][gc,phases      ] GC(106)   Weak JFR Old Object Samples    Min:  0.0, Avg:  0.0, Max:  0.0, Diff:  0.0, Sum:  0.0, Workers: 4
[41.737s][debug][gc,phases      ] GC(106)     Dead                           Min: 0, Avg:  0.0, Max: 0, Diff: 0, Sum: 0, Workers: 4
[41.737s][debug][gc,phases      ] GC(106)     Total                          Min: 0, Avg:  0.0, Max: 0, Diff: 0, Sum: 0, Workers: 4
[41.737s][debug][gc,phases      ] GC(106) Weak Processing 0.335ms
[41.737s][debug][gc,age         ] GC(106) Desired survivor size 254803968 bytes, new threshold 15 (max threshold 15)
[41.737s][info ][gc,heap        ] GC(106) PSYoungGen: 1613353K(1813504K)->75881K(1848320K) Eden: 1540608K(1540608K)->0K(1587200K) From: 72745K(272896K)->75881K(261120K)
[41.737s][info ][gc,heap        ] GC(106) ParOldGen: 504262K(652800K)->504262K(652800K)
[41.737s][info ][gc,metaspace   ] GC(106) Metaspace: 69093K(69888K)->69093K(69888K) NonClass: 59096K(59520K)->59096K(59520K) Class: 9996K(10368K)->9996K(10368K)
[41.737s][info ][gc             ] GC(106) Pause Young (Allocation Failure) 2067M->566M(2442M) 19.262ms
[41.738s][info ][gc,cpu         ] GC(106) User=0.08s Sys=0.00s Real=0.02s
[41.738s][info ][safepoint      ] Safepoint "ParallelGCFailedAllocation", Time since last: 285860602 ns, Reaching safepoint: 144809 ns, At safepoint: 19371445 ns, Total: 19516254 ns
[42.018s][info ][gc,start       ] GC(107) Pause Young (Allocation Failure)
[42.042s][debug][gc,phases      ] GC(107) Scavenge 24.133ms
[42.042s][debug][gc,ref         ] GC(107) Skipped phase 1 of Reference Processing: no references
[42.042s][debug][gc,ref         ] GC(107) ReferenceProcessor::execute queues: 1, RefProcThreadModel::Single, marks_oops_alive: false
[42.042s][debug][gc,ref         ] GC(107) Skipped phase 3 of Reference Processing: no references
[42.042s][debug][gc,ref         ] GC(107) ReferenceProcessor::execute queues: 1, RefProcThreadModel::Single, marks_oops_alive: false
[42.042s][debug][gc,phases      ] GC(107) Reference Processing 0.116ms
[42.042s][debug][gc,phases      ] GC(107)   VM Weak                        Min:  0.0, Avg:  0.0, Max:  0.0, Diff:  0.0, Sum:  0.0, Workers: 4
[42.042s][debug][gc,phases      ] GC(107)     Dead                           Min: 0, Avg:  0.0, Max: 0, Diff: 0, Sum: 0, Workers: 4
[42.042s][debug][gc,phases      ] GC(107)     Total                          Min: 0, Avg: 145.0, Max: 576, Diff: 576, Sum: 580, Workers: 4
[42.042s][debug][gc,phases      ] GC(107)   ObjectSynchronizer Weak        Min:  0.0, Avg:  0.0, Max:  0.0, Diff:  0.0, Sum:  0.0, Workers: 4
[42.042s][debug][gc,phases      ] GC(107)     Dead                           Min: 0, Avg:  0.0, Max: 0, Diff: 0, Sum: 0, Workers: 4
[42.042s][debug][gc,phases      ] GC(107)     Total                          Min: 0, Avg: 99.2, Max: 192, Diff: 192, Sum: 397, Workers: 4
[42.042s][debug][gc,phases      ] GC(107)   JVMTI Tag Weak OopStorage      Min:  0.0, Avg:  0.0, Max:  0.0, Diff:  0.0, Sum:  0.0, Workers: 4
[42.042s][debug][gc,phases      ] GC(107)     Dead                           Min: 0, Avg:  0.0, Max: 0, Diff: 0, Sum: 0, Workers: 4
[42.042s][debug][gc,phases      ] GC(107)     Total                          Min: 0, Avg:  0.0, Max: 0, Diff: 0, Sum: 0, Workers: 4
[42.042s][debug][gc,phases      ] GC(107)   StringTable Weak               Min:  0.1, Avg:  0.1, Max:  0.1, Diff:  0.0, Sum:  0.4, Workers: 4
[42.042s][debug][gc,phases      ] GC(107)     Dead                           Min: 0, Avg:  0.0, Max: 0, Diff: 0, Sum: 0, Workers: 4
[42.042s][debug][gc,phases      ] GC(107)     Total                          Min: 9536, Avg: 10718.2, Max: 11904, Diff: 2368, Sum: 42873, Workers: 4
[42.042s][debug][gc,phases      ] GC(107)   ResolvedMethodTable Weak       Min:  0.0, Avg:  0.0, Max:  0.0, Diff:  0.0, Sum:  0.1, Workers: 4
[42.042s][debug][gc,phases      ] GC(107)     Dead                           Min: 0, Avg:  0.0, Max: 0, Diff: 0, Sum: 0, Workers: 4
[42.042s][debug][gc,phases      ] GC(107)     Total                          Min: 1472, Avg: 1834.5, Max: 2432, Diff: 960, Sum: 7338, Workers: 4
[42.042s][debug][gc,phases      ] GC(107)   JNI Weak                       Min:  0.0, Avg:  0.0, Max:  0.0, Diff:  0.0, Sum:  0.0, Workers: 4
[42.042s][debug][gc,phases      ] GC(107)     Dead                           Min: 0, Avg:  0.0, Max: 0, Diff: 0, Sum: 0, Workers: 4
[42.042s][debug][gc,phases      ] GC(107)     Total                          Min: 0, Avg:  0.0, Max: 0, Diff: 0, Sum: 0, Workers: 4
[42.042s][debug][gc,phases      ] GC(107)   StringDedup Table Weak         Min:  0.0, Avg:  0.0, Max:  0.0, Diff:  0.0, Sum:  0.0, Workers: 4
[42.042s][debug][gc,phases      ] GC(107)     Dead                           Min: 0, Avg:  0.0, Max: 0, Diff: 0, Sum: 0, Workers: 4
[42.042s][debug][gc,phases      ] GC(107)     Total                          Min: 0, Avg:  0.0, Max: 0, Diff: 0, Sum: 0, Workers: 4
[42.042s][debug][gc,phases      ] GC(107)   StringDedup Requests0 Weak     Min:  0.0, Avg:  0.0, Max:  0.0, Diff:  0.0, Sum:  0.0, Workers: 4
[42.042s][debug][gc,phases      ] GC(107)     Dead                           Min: 0, Avg:  0.0, Max: 0, Diff: 0, Sum: 0, Workers: 4
[42.042s][debug][gc,phases      ] GC(107)     Total                          Min: 0, Avg:  0.0, Max: 0, Diff: 0, Sum: 0, Workers: 4
[42.042s][debug][gc,phases      ] GC(107)   StringDedup Requests1 Weak     Min:  0.0, Avg:  0.0, Max:  0.0, Diff:  0.0, Sum:  0.0, Workers: 4
[42.042s][debug][gc,phases      ] GC(107)     Dead                           Min: 0, Avg:  0.0, Max: 0, Diff: 0, Sum: 0, Workers: 4
[42.042s][debug][gc,phases      ] GC(107)     Total                          Min: 0, Avg:  0.0, Max: 0, Diff: 0, Sum: 0, Workers: 4
[42.042s][debug][gc,phases      ] GC(107)   Weak JFR Old Object Samples    Min:  0.0, Avg:  0.0, Max:  0.0, Diff:  0.0, Sum:  0.0, Workers: 4
[42.042s][debug][gc,phases      ] GC(107)     Dead                           Min: 0, Avg:  0.0, Max: 0, Diff: 0, Sum: 0, Workers: 4
[42.042s][debug][gc,phases      ] GC(107)     Total                          Min: 0, Avg:  0.0, Max: 0, Diff: 0, Sum: 0, Workers: 4
[42.042s][debug][gc,phases      ] GC(107) Weak Processing 0.314ms
[42.042s][debug][gc,age         ] GC(107) Desired survivor size 240123904 bytes, new threshold 15 (max threshold 15)
[42.042s][info ][gc,heap        ] GC(107) PSYoungGen: 1663081K(1848320K)->91289K(1836032K) Eden: 1587200K(1587200K)->0K(1587200K) From: 75881K(261120K)->91289K(248832K)
[42.042s][info ][gc,heap        ] GC(107) ParOldGen: 504262K(652800K)->504262K(652800K)
[42.042s][info ][gc,metaspace   ] GC(107) Metaspace: 69095K(69888K)->69095K(69888K) NonClass: 59099K(59520K)->59099K(59520K) Class: 9996K(10368K)->9996K(10368K)
[42.042s][info ][gc             ] GC(107) Pause Young (Allocation Failure) 2116M->581M(2430M) 24.686ms
[42.042s][info ][gc,cpu         ] GC(107) User=0.10s Sys=0.00s Real=0.02s
[42.043s][info ][safepoint      ] Safepoint "ParallelGCFailedAllocation", Time since last: 279861748 ns, Reaching safepoint: 284617 ns, At safepoint: 24802466 ns, Total: 25087083 ns
[42.378s][info ][gc,start       ] GC(108) Pause Young (Allocation Failure)
[42.425s][debug][gc,phases      ] GC(108) Scavenge 46.509ms
[42.425s][debug][gc,ref         ] GC(108) Skipped phase 1 of Reference Processing: no references
[42.425s][debug][gc,ref         ] GC(108) ReferenceProcessor::execute queues: 1, RefProcThreadModel::Single, marks_oops_alive: false
[42.425s][debug][gc,ref         ] GC(108) Skipped phase 3 of Reference Processing: no references
[42.425s][debug][gc,ref         ] GC(108) Skipped phase 4 of Reference Processing: no references
[42.425s][debug][gc,phases      ] GC(108) Reference Processing 0.131ms
[42.425s][debug][gc,phases      ] GC(108)   VM Weak                        Min:  0.0, Avg:  0.0, Max:  0.0, Diff:  0.0, Sum:  0.0, Workers: 4
[42.425s][debug][gc,phases      ] GC(108)     Dead                           Min: 0, Avg:  0.0, Max: 0, Diff: 0, Sum: 0, Workers: 4
[42.425s][debug][gc,phases      ] GC(108)     Total                          Min: 0, Avg: 145.0, Max: 580, Diff: 580, Sum: 580, Workers: 4
[42.425s][debug][gc,phases      ] GC(108)   ObjectSynchronizer Weak        Min:  0.0, Avg:  0.0, Max:  0.0, Diff:  0.0, Sum:  0.0, Workers: 4
[42.425s][debug][gc,phases      ] GC(108)     Dead                           Min: 0, Avg:  0.0, Max: 0, Diff: 0, Sum: 0, Workers: 4
[42.425s][debug][gc,phases      ] GC(108)     Total                          Min: 0, Avg: 99.2, Max: 397, Diff: 397, Sum: 397, Workers: 4
[42.425s][debug][gc,phases      ] GC(108)   JVMTI Tag Weak OopStorage      Min:  0.0, Avg:  0.0, Max:  0.0, Diff:  0.0, Sum:  0.0, Workers: 4
[42.425s][debug][gc,phases      ] GC(108)     Dead                           Min: 0, Avg:  0.0, Max: 0, Diff: 0, Sum: 0, Workers: 4
[42.425s][debug][gc,phases      ] GC(108)     Total                          Min: 0, Avg:  0.0, Max: 0, Diff: 0, Sum: 0, Workers: 4
[42.425s][debug][gc,phases      ] GC(108)   StringTable Weak               Min:  0.1, Avg:  0.1, Max:  0.1, Diff:  0.0, Sum:  0.4, Workers: 4
[42.425s][debug][gc,phases      ] GC(108)     Dead                           Min: 0, Avg:  2.8, Max: 11, Diff: 11, Sum: 11, Workers: 4
[42.425s][debug][gc,phases      ] GC(108)     Total                          Min: 9728, Avg: 10718.2, Max: 11456, Diff: 1728, Sum: 42873, Workers: 4
[42.425s][debug][gc,phases      ] GC(108)   ResolvedMethodTable Weak       Min:  0.0, Avg:  0.0, Max:  0.0, Diff:  0.0, Sum:  0.1, Workers: 4
[42.425s][debug][gc,phases      ] GC(108)     Dead                           Min: 0, Avg:  0.0, Max: 0, Diff: 0, Sum: 0, Workers: 4
[42.425s][debug][gc,phases      ] GC(108)     Total                          Min: 1770, Avg: 1834.5, Max: 1920, Diff: 150, Sum: 7338, Workers: 4
[42.425s][debug][gc,phases      ] GC(108)   JNI Weak                       Min:  0.0, Avg:  0.0, Max:  0.0, Diff:  0.0, Sum:  0.0, Workers: 4
[42.425s][debug][gc,phases      ] GC(108)     Dead                           Min: 0, Avg:  0.0, Max: 0, Diff: 0, Sum: 0, Workers: 4
[42.425s][debug][gc,phases      ] GC(108)     Total                          Min: 0, Avg:  1.8, Max: 7, Diff: 7, Sum: 7, Workers: 4
[42.425s][debug][gc,phases      ] GC(108)   StringDedup Table Weak         Min:  0.0, Avg:  0.0, Max:  0.0, Diff:  0.0, Sum:  0.0, Workers: 4
[42.425s][debug][gc,phases      ] GC(108)     Dead                           Min: 0, Avg:  0.0, Max: 0, Diff: 0, Sum: 0, Workers: 4
[42.425s][debug][gc,phases      ] GC(108)     Total                          Min: 0, Avg:  0.0, Max: 0, Diff: 0, Sum: 0, Workers: 4
[42.425s][debug][gc,phases      ] GC(108)   StringDedup Requests0 Weak     Min:  0.0, Avg:  0.0, Max:  0.0, Diff:  0.0, Sum:  0.0, Workers: 4
[42.425s][debug][gc,phases      ] GC(108)     Dead                           Min: 0, Avg:  0.0, Max: 0, Diff: 0, Sum: 0, Workers: 4
[42.425s][debug][gc,phases      ] GC(108)     Total                          Min: 0, Avg:  0.0, Max: 0, Diff: 0, Sum: 0, Workers: 4
[42.425s][debug][gc,phases      ] GC(108)   StringDedup Requests1 Weak     Min:  0.0, Avg:  0.0, Max:  0.0, Diff:  0.0, Sum:  0.0, Workers: 4
[42.425s][debug][gc,phases      ] GC(108)     Dead                           Min: 0, Avg:  0.0, Max: 0, Diff: 0, Sum: 0, Workers: 4
[42.425s][debug][gc,phases      ] GC(108)     Total                          Min: 0, Avg:  0.0, Max: 0, Diff: 0, Sum: 0, Workers: 4
[42.425s][debug][gc,phases      ] GC(108)   Weak JFR Old Object Samples    Min:  0.0, Avg:  0.0, Max:  0.0, Diff:  0.0, Sum:  0.0, Workers: 4
[42.425s][debug][gc,phases      ] GC(108)     Dead                           Min: 0, Avg:  0.0, Max: 0, Diff: 0, Sum: 0, Workers: 4
[42.425s][debug][gc,phases      ] GC(108)     Total                          Min: 0, Avg:  0.0, Max: 0, Diff: 0, Sum: 0, Workers: 4
[42.425s][debug][gc,phases      ] GC(108) Weak Processing 0.319ms
[42.425s][debug][gc,age         ] GC(108) Desired survivor size 249036800 bytes, new threshold 15 (max threshold 15)
[42.425s][info ][gc,heap        ] GC(108) PSYoungGen: 1678489K(1836032K)->157817K(1845248K) Eden: 1587200K(1587200K)->0K(1610752K) From: 91289K(248832K)->157817K(234496K)
[42.425s][info ][gc,heap        ] GC(108) ParOldGen: 504262K(652800K)->504262K(652800K)
[42.425s][info ][gc,metaspace   ] GC(108) Metaspace: 69101K(69888K)->69101K(69888K) NonClass: 59104K(59520K)->59104K(59520K) Class: 9996K(10368K)->9996K(10368K)
[42.425s][info ][gc             ] GC(108) Pause Young (Allocation Failure) 2131M->646M(2439M) 47.106ms
[42.425s][info ][gc,cpu         ] GC(108) User=0.19s Sys=0.00s Real=0.05s
[42.425s][info ][safepoint      ] Safepoint "ParallelGCFailedAllocation", Time since last: 335291325 ns, Reaching safepoint: 145709 ns, At safepoint: 47229993 ns, Total: 47375702 ns
[42.758s][info ][gc,start       ] GC(109) Pause Young (Allocation Failure)
[42.802s][debug][gc,phases      ] GC(109) Scavenge 44.009ms
[42.802s][debug][gc,ref         ] GC(109) Skipped phase 1 of Reference Processing: no references
[42.802s][debug][gc,ref         ] GC(109) ReferenceProcessor::execute queues: 1, RefProcThreadModel::Single, marks_oops_alive: false
[42.802s][debug][gc,ref         ] GC(109) Skipped phase 3 of Reference Processing: no references
[42.802s][debug][gc,ref         ] GC(109) Skipped phase 4 of Reference Processing: no references
[42.802s][debug][gc,phases      ] GC(109) Reference Processing 0.152ms
[42.802s][debug][gc,phases      ] GC(109)   VM Weak                        Min:  0.0, Avg:  0.0, Max:  0.0, Diff:  0.0, Sum:  0.0, Workers: 4
[42.802s][debug][gc,phases      ] GC(109)     Dead                           Min: 0, Avg:  0.0, Max: 0, Diff: 0, Sum: 0, Workers: 4
[42.802s][debug][gc,phases      ] GC(109)     Total                          Min: 0, Avg: 145.0, Max: 580, Diff: 580, Sum: 580, Workers: 4
[42.802s][debug][gc,phases      ] GC(109)   ObjectSynchronizer Weak        Min:  0.0, Avg:  0.0, Max:  0.0, Diff:  0.0, Sum:  0.0, Workers: 4
[42.802s][debug][gc,phases      ] GC(109)     Dead                           Min: 0, Avg:  0.0, Max: 0, Diff: 0, Sum: 0, Workers: 4
[42.803s][debug][gc,phases      ] GC(109)     Total                          Min: 0, Avg: 99.2, Max: 205, Diff: 205, Sum: 397, Workers: 4
[42.803s][debug][gc,phases      ] GC(109)   JVMTI Tag Weak OopStorage      Min:  0.0, Avg:  0.0, Max:  0.0, Diff:  0.0, Sum:  0.0, Workers: 4
[42.803s][debug][gc,phases      ] GC(109)     Dead                           Min: 0, Avg:  0.0, Max: 0, Diff: 0, Sum: 0, Workers: 4
[42.803s][debug][gc,phases      ] GC(109)     Total                          Min: 0, Avg:  0.0, Max: 0, Diff: 0, Sum: 0, Workers: 4
[42.803s][debug][gc,phases      ] GC(109)   StringTable Weak               Min:  0.1, Avg:  0.1, Max:  0.1, Diff:  0.0, Sum:  0.4, Workers: 4
[42.803s][debug][gc,phases      ] GC(109)     Dead                           Min: 0, Avg:  2.8, Max: 11, Diff: 11, Sum: 11, Workers: 4
[42.803s][debug][gc,phases      ] GC(109)     Total                          Min: 10304, Avg: 10718.2, Max: 11577, Diff: 1273, Sum: 42873, Workers: 4
[42.803s][debug][gc,phases      ] GC(109)   ResolvedMethodTable Weak       Min:  0.0, Avg:  0.0, Max:  0.0, Diff:  0.0, Sum:  0.1, Workers: 4
[42.803s][debug][gc,phases      ] GC(109)     Dead                           Min: 0, Avg:  0.0, Max: 0, Diff: 0, Sum: 0, Workers: 4
[42.803s][debug][gc,phases      ] GC(109)     Total                          Min: 1664, Avg: 1834.5, Max: 2048, Diff: 384, Sum: 7338, Workers: 4
[42.803s][debug][gc,phases      ] GC(109)   JNI Weak                       Min:  0.0, Avg:  0.0, Max:  0.0, Diff:  0.0, Sum:  0.0, Workers: 4
[42.803s][debug][gc,phases      ] GC(109)     Dead                           Min: 0, Avg:  0.0, Max: 0, Diff: 0, Sum: 0, Workers: 4
[42.803s][debug][gc,phases      ] GC(109)     Total                          Min: 0, Avg:  0.8, Max: 3, Diff: 3, Sum: 3, Workers: 4
[42.803s][debug][gc,phases      ] GC(109)   StringDedup Table Weak         Min:  0.0, Avg:  0.0, Max:  0.0, Diff:  0.0, Sum:  0.0, Workers: 4
[42.803s][debug][gc,phases      ] GC(109)     Dead                           Min: 0, Avg:  0.0, Max: 0, Diff: 0, Sum: 0, Workers: 4
[42.803s][debug][gc,phases      ] GC(109)     Total                          Min: 0, Avg:  0.0, Max: 0, Diff: 0, Sum: 0, Workers: 4
[42.803s][debug][gc,phases      ] GC(109)   StringDedup Requests0 Weak     Min:  0.0, Avg:  0.0, Max:  0.0, Diff:  0.0, Sum:  0.0, Workers: 4
[42.803s][debug][gc,phases      ] GC(109)     Dead                           Min: 0, Avg:  0.0, Max: 0, Diff: 0, Sum: 0, Workers: 4
[42.803s][debug][gc,phases      ] GC(109)     Total                          Min: 0, Avg:  0.0, Max: 0, Diff: 0, Sum: 0, Workers: 4
[42.803s][debug][gc,phases      ] GC(109)   StringDedup Requests1 Weak     Min:  0.0, Avg:  0.0, Max:  0.0, Diff:  0.0, Sum:  0.0, Workers: 4
[42.803s][debug][gc,phases      ] GC(109)     Dead                           Min: 0, Avg:  0.0, Max: 0, Diff: 0, Sum: 0, Workers: 4
[42.803s][debug][gc,phases      ] GC(109)     Total                          Min: 0, Avg:  0.0, Max: 0, Diff: 0, Sum: 0, Workers: 4
[42.803s][debug][gc,phases      ] GC(109)   Weak JFR Old Object Samples    Min:  0.0, Avg:  0.0, Max:  0.0, Diff:  0.0, Sum:  0.0, Workers: 4
[42.803s][debug][gc,phases      ] GC(109)     Dead                           Min: 0, Avg:  0.0, Max: 0, Diff: 0, Sum: 0, Workers: 4
[42.803s][debug][gc,phases      ] GC(109)     Total                          Min: 0, Avg:  0.0, Max: 0, Diff: 0, Sum: 0, Workers: 4
[42.803s][debug][gc,phases      ] GC(109) Weak Processing 0.308ms
[42.803s][debug][gc,age         ] GC(109) Desired survivor size 263192576 bytes, new threshold 15 (max threshold 15)
[42.803s][info ][gc,heap        ] GC(109) PSYoungGen: 1768569K(1845248K)->176538K(1787392K) Eden: 1610752K(1610752K)->0K(1610752K) From: 157817K(234496K)->176538K(176640K)
[42.803s][info ][gc,heap        ] GC(109) ParOldGen: 504262K(652800K)->504262K(652800K)
[42.803s][info ][gc,metaspace   ] GC(109) Metaspace: 69121K(69888K)->69121K(69888K) NonClass: 59124K(59520K)->59124K(59520K) Class: 9996K(10368K)->9996K(10368K)
[42.803s][info ][gc             ] GC(109) Pause Young (Allocation Failure) 2219M->664M(2383M) 44.611ms
[42.803s][info ][gc,cpu         ] GC(109) User=0.22s Sys=0.00s Real=0.04s
[42.803s][info ][safepoint      ] Safepoint "ParallelGCFailedAllocation", Time since last: 332676970 ns, Reaching safepoint: 157209 ns, At safepoint: 44719545 ns, Total: 44876754 ns
[43.126s][info ][gc,start       ] GC(110) Pause Young (Allocation Failure)
[43.177s][debug][gc,phases      ] GC(110) Scavenge 51.617ms
[43.178s][debug][gc,ref         ] GC(110) Skipped phase 1 of Reference Processing: no references
[43.178s][debug][gc,ref         ] GC(110) ReferenceProcessor::execute queues: 1, RefProcThreadModel::Single, marks_oops_alive: false
[43.178s][debug][gc,ref         ] GC(110) Skipped phase 3 of Reference Processing: no references
[43.178s][debug][gc,ref         ] GC(110) Skipped phase 4 of Reference Processing: no references
[43.178s][debug][gc,phases      ] GC(110) Reference Processing 0.094ms
[43.178s][debug][gc,phases      ] GC(110)   VM Weak                        Min:  0.0, Avg:  0.0, Max:  0.0, Diff:  0.0, Sum:  0.0, Workers: 4
[43.178s][debug][gc,phases      ] GC(110)     Dead                           Min: 0, Avg:  0.0, Max: 0, Diff: 0, Sum: 0, Workers: 4
[43.178s][debug][gc,phases      ] GC(110)     Total                          Min: 0, Avg: 145.0, Max: 448, Diff: 448, Sum: 580, Workers: 4
[43.178s][debug][gc,phases      ] GC(110)   ObjectSynchronizer Weak        Min:  0.0, Avg:  0.0, Max:  0.0, Diff:  0.0, Sum:  0.0, Workers: 4
[43.178s][debug][gc,phases      ] GC(110)     Dead                           Min: 0, Avg:  0.0, Max: 0, Diff: 0, Sum: 0, Workers: 4
[43.178s][debug][gc,phases      ] GC(110)     Total                          Min: 0, Avg: 99.2, Max: 256, Diff: 256, Sum: 397, Workers: 4
[43.178s][debug][gc,phases      ] GC(110)   JVMTI Tag Weak OopStorage      Min:  0.0, Avg:  0.0, Max:  0.0, Diff:  0.0, Sum:  0.0, Workers: 4
[43.178s][debug][gc,phases      ] GC(110)     Dead                           Min: 0, Avg:  0.0, Max: 0, Diff: 0, Sum: 0, Workers: 4
[43.178s][debug][gc,phases      ] GC(110)     Total                          Min: 0, Avg:  0.0, Max: 0, Diff: 0, Sum: 0, Workers: 4
[43.178s][debug][gc,phases      ] GC(110)   StringTable Weak               Min:  0.1, Avg:  0.1, Max:  0.1, Diff:  0.0, Sum:  0.4, Workers: 4
[43.178s][debug][gc,phases      ] GC(110)     Dead                           Min: 0, Avg:  0.0, Max: 0, Diff: 0, Sum: 0, Workers: 4
[43.178s][debug][gc,phases      ] GC(110)     Total                          Min: 10048, Avg: 10718.2, Max: 11200, Diff: 1152, Sum: 42873, Workers: 4
[43.178s][debug][gc,phases      ] GC(110)   ResolvedMethodTable Weak       Min:  0.0, Avg:  0.0, Max:  0.0, Diff:  0.0, Sum:  0.1, Workers: 4
[43.178s][debug][gc,phases      ] GC(110)     Dead                           Min: 0, Avg:  0.0, Max: 0, Diff: 0, Sum: 0, Workers: 4
[43.178s][debug][gc,phases      ] GC(110)     Total                          Min: 1728, Avg: 1834.5, Max: 2048, Diff: 320, Sum: 7338, Workers: 4
[43.178s][debug][gc,phases      ] GC(110)   JNI Weak                       Min:  0.0, Avg:  0.0, Max:  0.0, Diff:  0.0, Sum:  0.0, Workers: 4
[43.178s][debug][gc,phases      ] GC(110)     Dead                           Min: 0, Avg:  0.0, Max: 0, Diff: 0, Sum: 0, Workers: 4
[43.178s][debug][gc,phases      ] GC(110)     Total                          Min: 0, Avg:  1.2, Max: 5, Diff: 5, Sum: 5, Workers: 4
[43.178s][debug][gc,phases      ] GC(110)   StringDedup Table Weak         Min:  0.0, Avg:  0.0, Max:  0.0, Diff:  0.0, Sum:  0.0, Workers: 4
[43.178s][debug][gc,phases      ] GC(110)     Dead                           Min: 0, Avg:  0.0, Max: 0, Diff: 0, Sum: 0, Workers: 4
[43.178s][debug][gc,phases      ] GC(110)     Total                          Min: 0, Avg:  0.0, Max: 0, Diff: 0, Sum: 0, Workers: 4
[43.178s][debug][gc,phases      ] GC(110)   StringDedup Requests0 Weak     Min:  0.0, Avg:  0.0, Max:  0.0, Diff:  0.0, Sum:  0.0, Workers: 4
[43.178s][debug][gc,phases      ] GC(110)     Dead                           Min: 0, Avg:  0.0, Max: 0, Diff: 0, Sum: 0, Workers: 4
[43.178s][debug][gc,phases      ] GC(110)     Total                          Min: 0, Avg:  0.0, Max: 0, Diff: 0, Sum: 0, Workers: 4
[43.178s][debug][gc,phases      ] GC(110)   StringDedup Requests1 Weak     Min:  0.0, Avg:  0.0, Max:  0.0, Diff:  0.0, Sum:  0.0, Workers: 4
[43.178s][debug][gc,phases      ] GC(110)     Dead                           Min: 0, Avg:  0.0, Max: 0, Diff: 0, Sum: 0, Workers: 4
[43.178s][debug][gc,phases      ] GC(110)     Total                          Min: 0, Avg:  0.0, Max: 0, Diff: 0, Sum: 0, Workers: 4
[43.178s][debug][gc,phases      ] GC(110)   Weak JFR Old Object Samples    Min:  0.0, Avg:  0.0, Max:  0.0, Diff:  0.0, Sum:  0.0, Workers: 4
[43.178s][debug][gc,phases      ] GC(110)     Dead                           Min: 0, Avg:  0.0, Max: 0, Diff: 0, Sum: 0, Workers: 4
[43.178s][debug][gc,phases      ] GC(110)     Total                          Min: 0, Avg:  0.0, Max: 0, Diff: 0, Sum: 0, Workers: 4
[43.178s][debug][gc,phases      ] GC(110) Weak Processing 0.314ms
[43.178s][debug][gc,age         ] GC(110) Desired survivor size 281018368 bytes, new threshold 15 (max threshold 15)
[43.178s][info ][gc,heap        ] GC(110) PSYoungGen: 1787290K(1787392K)->196601K(1805312K) Eden: 1610752K(1610752K)->0K(1548288K) From: 176538K(176640K)->196601K(257024K)
[43.178s][info ][gc,heap        ] GC(110) ParOldGen: 504262K(652800K)->504262K(652800K)
[43.178s][info ][gc,metaspace   ] GC(110) Metaspace: 69121K(69888K)->69121K(69888K) NonClass: 59124K(59520K)->59124K(59520K) Class: 9996K(10368K)->9996K(10368K)
[43.178s][info ][gc             ] GC(110) Pause Young (Allocation Failure) 2237M->684M(2400M) 52.160ms
[43.178s][info ][gc,cpu         ] GC(110) User=0.22s Sys=0.00s Real=0.05s
[43.178s][info ][safepoint      ] Safepoint "ParallelGCFailedAllocation", Time since last: 322915593 ns, Reaching safepoint: 136108 ns, At safepoint: 52279991 ns, Total: 52416099 ns
[43.473s][info ][gc,start       ] GC(111) Pause Young (Allocation Failure)
[43.533s][debug][gc,phases      ] GC(111) Scavenge 59.965ms
[43.533s][debug][gc,ref         ] GC(111) Skipped phase 1 of Reference Processing: no references
[43.533s][debug][gc,ref         ] GC(111) ReferenceProcessor::execute queues: 1, RefProcThreadModel::Single, marks_oops_alive: false
[43.533s][debug][gc,ref         ] GC(111) Skipped phase 3 of Reference Processing: no references
[43.533s][debug][gc,ref         ] GC(111) Skipped phase 4 of Reference Processing: no references
[43.533s][debug][gc,phases      ] GC(111) Reference Processing 0.098ms
[43.533s][debug][gc,phases      ] GC(111)   VM Weak                        Min:  0.0, Avg:  0.0, Max:  0.0, Diff:  0.0, Sum:  0.0, Workers: 4
[43.533s][debug][gc,phases      ] GC(111)     Dead                           Min: 0, Avg:  0.0, Max: 0, Diff: 0, Sum: 0, Workers: 4
[43.533s][debug][gc,phases      ] GC(111)     Total                          Min: 0, Avg: 145.0, Max: 580, Diff: 580, Sum: 580, Workers: 4
[43.533s][debug][gc,phases      ] GC(111)   ObjectSynchronizer Weak        Min:  0.0, Avg:  0.0, Max:  0.0, Diff:  0.0, Sum:  0.0, Workers: 4
[43.533s][debug][gc,phases      ] GC(111)     Dead                           Min: 0, Avg:  0.0, Max: 0, Diff: 0, Sum: 0, Workers: 4
[43.533s][debug][gc,phases      ] GC(111)     Total                          Min: 0, Avg: 99.2, Max: 320, Diff: 320, Sum: 397, Workers: 4
[43.533s][debug][gc,phases      ] GC(111)   JVMTI Tag Weak OopStorage      Min:  0.0, Avg:  0.0, Max:  0.0, Diff:  0.0, Sum:  0.0, Workers: 4
[43.533s][debug][gc,phases      ] GC(111)     Dead                           Min: 0, Avg:  0.0, Max: 0, Diff: 0, Sum: 0, Workers: 4
[43.533s][debug][gc,phases      ] GC(111)     Total                          Min: 0, Avg:  0.0, Max: 0, Diff: 0, Sum: 0, Workers: 4
[43.533s][debug][gc,phases      ] GC(111)   StringTable Weak               Min:  0.1, Avg:  0.1, Max:  0.1, Diff:  0.0, Sum:  0.4, Workers: 4
[43.533s][debug][gc,phases      ] GC(111)     Dead                           Min: 0, Avg:  2.8, Max: 11, Diff: 11, Sum: 11, Workers: 4
[43.533s][debug][gc,phases      ] GC(111)     Total                          Min: 10176, Avg: 10718.2, Max: 11641, Diff: 1465, Sum: 42873, Workers: 4
[43.533s][debug][gc,phases      ] GC(111)   ResolvedMethodTable Weak       Min:  0.0, Avg:  0.0, Max:  0.0, Diff:  0.0, Sum:  0.1, Workers: 4
[43.533s][debug][gc,phases      ] GC(111)     Dead                           Min: 0, Avg:  0.0, Max: 0, Diff: 0, Sum: 0, Workers: 4
[43.533s][debug][gc,phases      ] GC(111)     Total                          Min: 1792, Avg: 1834.5, Max: 1898, Diff: 106, Sum: 7338, Workers: 4
[43.534s][debug][gc,phases      ] GC(111)   JNI Weak                       Min:  0.0, Avg:  0.0, Max:  0.0, Diff:  0.0, Sum:  0.0, Workers: 4
[43.534s][debug][gc,phases      ] GC(111)     Dead                           Min: 0, Avg:  0.0, Max: 0, Diff: 0, Sum: 0, Workers: 4
[43.534s][debug][gc,phases      ] GC(111)     Total                          Min: 0, Avg:  1.5, Max: 6, Diff: 6, Sum: 6, Workers: 4
[43.534s][debug][gc,phases      ] GC(111)   StringDedup Table Weak         Min:  0.0, Avg:  0.0, Max:  0.0, Diff:  0.0, Sum:  0.0, Workers: 4
[43.534s][debug][gc,phases      ] GC(111)     Dead                           Min: 0, Avg:  0.0, Max: 0, Diff: 0, Sum: 0, Workers: 4
[43.534s][debug][gc,phases      ] GC(111)     Total                          Min: 0, Avg:  0.0, Max: 0, Diff: 0, Sum: 0, Workers: 4
[43.534s][debug][gc,phases      ] GC(111)   StringDedup Requests0 Weak     Min:  0.0, Avg:  0.0, Max:  0.0, Diff:  0.0, Sum:  0.0, Workers: 4
[43.534s][debug][gc,phases      ] GC(111)     Dead                           Min: 0, Avg:  0.0, Max: 0, Diff: 0, Sum: 0, Workers: 4
[43.534s][debug][gc,phases      ] GC(111)     Total                          Min: 0, Avg:  0.0, Max: 0, Diff: 0, Sum: 0, Workers: 4
[43.534s][debug][gc,phases      ] GC(111)   StringDedup Requests1 Weak     Min:  0.0, Avg:  0.0, Max:  0.0, Diff:  0.0, Sum:  0.0, Workers: 4
[43.534s][debug][gc,phases      ] GC(111)     Dead                           Min: 0, Avg:  0.0, Max: 0, Diff: 0, Sum: 0, Workers: 4
[43.534s][debug][gc,phases      ] GC(111)     Total                          Min: 0, Avg:  0.0, Max: 0, Diff: 0, Sum: 0, Workers: 4
[43.534s][debug][gc,phases      ] GC(111)   Weak JFR Old Object Samples    Min:  0.0, Avg:  0.0, Max:  0.0, Diff:  0.0, Sum:  0.0, Workers: 4
[43.534s][debug][gc,phases      ] GC(111)     Dead                           Min: 0, Avg:  0.0, Max: 0, Diff: 0, Sum: 0, Workers: 4
[43.534s][debug][gc,phases      ] GC(111)     Total                          Min: 0, Avg:  0.0, Max: 0, Diff: 0, Sum: 0, Workers: 4
[43.534s][debug][gc,phases      ] GC(111) Weak Processing 0.328ms
[43.534s][debug][gc,age         ] GC(111) Desired survivor size 300417024 bytes, new threshold 15 (max threshold 15)
[43.534s][info ][gc,heap        ] GC(111) PSYoungGen: 1744889K(1805312K)->212521K(1761280K) Eden: 1548288K(1548288K)->0K(1548288K) From: 196601K(257024K)->212521K(212992K)
[43.534s][info ][gc,heap        ] GC(111) ParOldGen: 504262K(652800K)->504262K(652800K)
[43.534s][info ][gc,metaspace   ] GC(111) Metaspace: 69121K(69888K)->69121K(69888K) NonClass: 59124K(59520K)->59124K(59520K) Class: 9996K(10368K)->9996K(10368K)
[43.534s][info ][gc             ] GC(111) Pause Young (Allocation Failure) 2196M->699M(2357M) 60.533ms
[43.534s][info ][gc,cpu         ] GC(111) User=0.29s Sys=0.01s Real=0.06s
[43.534s][info ][safepoint      ] Safepoint "ParallelGCFailedAllocation", Time since last: 294839733 ns, Reaching safepoint: 145209 ns, At safepoint: 60645186 ns, Total: 60790395 ns
[43.836s][info ][gc,start       ] GC(112) Pause Young (Allocation Failure)
[43.897s][debug][gc,phases      ] GC(112) Scavenge 60.884ms
[43.897s][debug][gc,ref         ] GC(112) Skipped phase 1 of Reference Processing: no references
[43.897s][debug][gc,ref         ] GC(112) ReferenceProcessor::execute queues: 1, RefProcThreadModel::Single, marks_oops_alive: false
[43.897s][debug][gc,ref         ] GC(112) Skipped phase 3 of Reference Processing: no references
[43.897s][debug][gc,ref         ] GC(112) Skipped phase 4 of Reference Processing: no references
[43.897s][debug][gc,phases      ] GC(112) Reference Processing 0.117ms
[43.897s][debug][gc,phases      ] GC(112)   VM Weak                        Min:  0.0, Avg:  0.0, Max:  0.0, Diff:  0.0, Sum:  0.0, Workers: 4
[43.897s][debug][gc,phases      ] GC(112)     Dead                           Min: 0, Avg:  0.0, Max: 0, Diff: 0, Sum: 0, Workers: 4
[43.897s][debug][gc,phases      ] GC(112)     Total                          Min: 0, Avg: 145.0, Max: 388, Diff: 388, Sum: 580, Workers: 4
[43.897s][debug][gc,phases      ] GC(112)   ObjectSynchronizer Weak        Min:  0.0, Avg:  0.0, Max:  0.0, Diff:  0.0, Sum:  0.0, Workers: 4
[43.897s][debug][gc,phases      ] GC(112)     Dead                           Min: 0, Avg:  0.0, Max: 0, Diff: 0, Sum: 0, Workers: 4
[43.897s][debug][gc,phases      ] GC(112)     Total                          Min: 0, Avg: 99.2, Max: 192, Diff: 192, Sum: 397, Workers: 4
[43.897s][debug][gc,phases      ] GC(112)   JVMTI Tag Weak OopStorage      Min:  0.0, Avg:  0.0, Max:  0.0, Diff:  0.0, Sum:  0.0, Workers: 4
[43.897s][debug][gc,phases      ] GC(112)     Dead                           Min: 0, Avg:  0.0, Max: 0, Diff: 0, Sum: 0, Workers: 4
[43.897s][debug][gc,phases      ] GC(112)     Total                          Min: 0, Avg:  0.0, Max: 0, Diff: 0, Sum: 0, Workers: 4
[43.897s][debug][gc,phases      ] GC(112)   StringTable Weak               Min:  0.1, Avg:  0.1, Max:  0.1, Diff:  0.0, Sum:  0.4, Workers: 4
[43.897s][debug][gc,phases      ] GC(112)     Dead                           Min: 0, Avg:  2.8, Max: 11, Diff: 11, Sum: 11, Workers: 4
[43.897s][debug][gc,phases      ] GC(112)     Total                          Min: 9792, Avg: 10718.2, Max: 11968, Diff: 2176, Sum: 42873, Workers: 4
[43.897s][debug][gc,phases      ] GC(112)   ResolvedMethodTable Weak       Min:  0.0, Avg:  0.0, Max:  0.0, Diff:  0.0, Sum:  0.1, Workers: 4
[43.898s][debug][gc,phases      ] GC(112)     Dead                           Min: 0, Avg:  0.0, Max: 0, Diff: 0, Sum: 0, Workers: 4
[43.898s][debug][gc,phases      ] GC(112)     Total                          Min: 1600, Avg: 1834.5, Max: 2304, Diff: 704, Sum: 7338, Workers: 4
[43.898s][debug][gc,phases      ] GC(112)   JNI Weak                       Min:  0.0, Avg:  0.0, Max:  0.0, Diff:  0.0, Sum:  0.0, Workers: 4
[43.898s][debug][gc,phases      ] GC(112)     Dead                           Min: 0, Avg:  0.0, Max: 0, Diff: 0, Sum: 0, Workers: 4
[43.898s][debug][gc,phases      ] GC(112)     Total                          Min: 0, Avg:  0.8, Max: 3, Diff: 3, Sum: 3, Workers: 4
[43.898s][debug][gc,phases      ] GC(112)   StringDedup Table Weak         Min:  0.0, Avg:  0.0, Max:  0.0, Diff:  0.0, Sum:  0.0, Workers: 4
[43.898s][debug][gc,phases      ] GC(112)     Dead                           Min: 0, Avg:  0.0, Max: 0, Diff: 0, Sum: 0, Workers: 4
[43.898s][debug][gc,phases      ] GC(112)     Total                          Min: 0, Avg:  0.0, Max: 0, Diff: 0, Sum: 0, Workers: 4
[43.898s][debug][gc,phases      ] GC(112)   StringDedup Requests0 Weak     Min:  0.0, Avg:  0.0, Max:  0.0, Diff:  0.0, Sum:  0.0, Workers: 4
[43.898s][debug][gc,phases      ] GC(112)     Dead                           Min: 0, Avg:  0.0, Max: 0, Diff: 0, Sum: 0, Workers: 4
[43.898s][debug][gc,phases      ] GC(112)     Total                          Min: 0, Avg:  0.0, Max: 0, Diff: 0, Sum: 0, Workers: 4
[43.898s][debug][gc,phases      ] GC(112)   StringDedup Requests1 Weak     Min:  0.0, Avg:  0.0, Max:  0.0, Diff:  0.0, Sum:  0.0, Workers: 4
[43.898s][debug][gc,phases      ] GC(112)     Dead                           Min: 0, Avg:  0.0, Max: 0, Diff: 0, Sum: 0, Workers: 4
[43.898s][debug][gc,phases      ] GC(112)     Total                          Min: 0, Avg:  0.0, Max: 0, Diff: 0, Sum: 0, Workers: 4
[43.898s][debug][gc,phases      ] GC(112)   Weak JFR Old Object Samples    Min:  0.0, Avg:  0.0, Max:  0.0, Diff:  0.0, Sum:  0.0, Workers: 4
[43.898s][debug][gc,phases      ] GC(112)     Dead                           Min: 0, Avg:  0.0, Max: 0, Diff: 0, Sum: 0, Workers: 4
[43.898s][debug][gc,phases      ] GC(112)     Total                          Min: 0, Avg:  0.0, Max: 0, Diff: 0, Sum: 0, Workers: 4
[43.898s][debug][gc,phases      ] GC(112) Weak Processing 0.343ms
[43.898s][debug][gc,age         ] GC(112) Desired survivor size 321388544 bytes, new threshold 15 (max threshold 15)
[43.898s][info ][gc,heap        ] GC(112) PSYoungGen: 1760809K(1761280K)->227527K(1762816K) Eden: 1548288K(1548288K)->0K(1469440K) From: 212521K(212992K)->227527K(293376K)
[43.898s][info ][gc,heap        ] GC(112) ParOldGen: 504262K(652800K)->504262K(652800K)
[43.898s][info ][gc,metaspace   ] GC(112) Metaspace: 69123K(69888K)->69123K(69888K) NonClass: 59126K(59520K)->59126K(59520K) Class: 9996K(10368K)->9996K(10368K)
[43.898s][info ][gc             ] GC(112) Pause Young (Allocation Failure) 2211M->714M(2359M) 61.488ms
[43.898s][info ][gc,cpu         ] GC(112) User=0.25s Sys=0.00s Real=0.06s
[43.898s][info ][safepoint      ] Safepoint "ParallelGCFailedAllocation", Time since last: 302278173 ns, Reaching safepoint: 147708 ns, At safepoint: 61612143 ns, Total: 61759851 ns
[44.182s][info ][gc,start       ] GC(113) Pause Young (Allocation Failure)
[44.236s][debug][gc,phases      ] GC(113) Scavenge 54.257ms
[44.236s][debug][gc,ref         ] GC(113) Skipped phase 1 of Reference Processing: no references
[44.236s][debug][gc,ref         ] GC(113) ReferenceProcessor::execute queues: 1, RefProcThreadModel::Single, marks_oops_alive: false
[44.236s][debug][gc,ref         ] GC(113) Skipped phase 3 of Reference Processing: no references
[44.236s][debug][gc,ref         ] GC(113) Skipped phase 4 of Reference Processing: no references
[44.236s][debug][gc,phases      ] GC(113) Reference Processing 0.115ms
[44.237s][debug][gc,phases      ] GC(113)   VM Weak                        Min:  0.0, Avg:  0.0, Max:  0.0, Diff:  0.0, Sum:  0.0, Workers: 4
[44.237s][debug][gc,phases      ] GC(113)     Dead                           Min: 0, Avg:  0.0, Max: 0, Diff: 0, Sum: 0, Workers: 4
[44.237s][debug][gc,phases      ] GC(113)     Total                          Min: 0, Avg: 145.0, Max: 452, Diff: 452, Sum: 580, Workers: 4
[44.237s][debug][gc,phases      ] GC(113)   ObjectSynchronizer Weak        Min:  0.0, Avg:  0.0, Max:  0.0, Diff:  0.0, Sum:  0.0, Workers: 4
[44.237s][debug][gc,phases      ] GC(113)     Dead                           Min: 0, Avg:  0.0, Max: 0, Diff: 0, Sum: 0, Workers: 4
[44.237s][debug][gc,phases      ] GC(113)     Total                          Min: 0, Avg: 99.2, Max: 205, Diff: 205, Sum: 397, Workers: 4
[44.237s][debug][gc,phases      ] GC(113)   JVMTI Tag Weak OopStorage      Min:  0.0, Avg:  0.0, Max:  0.0, Diff:  0.0, Sum:  0.0, Workers: 4
[44.237s][debug][gc,phases      ] GC(113)     Dead                           Min: 0, Avg:  0.0, Max: 0, Diff: 0, Sum: 0, Workers: 4
[44.237s][debug][gc,phases      ] GC(113)     Total                          Min: 0, Avg:  0.0, Max: 0, Diff: 0, Sum: 0, Workers: 4
[44.237s][debug][gc,phases      ] GC(113)   StringTable Weak               Min:  0.1, Avg:  0.1, Max:  0.1, Diff:  0.0, Sum:  0.4, Workers: 4
[44.237s][debug][gc,phases      ] GC(113)     Dead                           Min: 0, Avg:  0.0, Max: 0, Diff: 0, Sum: 0, Workers: 4
[44.237s][debug][gc,phases      ] GC(113)     Total                          Min: 9977, Avg: 10718.2, Max: 11136, Diff: 1159, Sum: 42873, Workers: 4
[44.237s][debug][gc,phases      ] GC(113)   ResolvedMethodTable Weak       Min:  0.0, Avg:  0.0, Max:  0.0, Diff:  0.0, Sum:  0.1, Workers: 4
[44.237s][debug][gc,phases      ] GC(113)     Dead                           Min: 0, Avg:  0.0, Max: 0, Diff: 0, Sum: 0, Workers: 4
[44.237s][debug][gc,phases      ] GC(113)     Total                          Min: 1664, Avg: 1834.5, Max: 2048, Diff: 384, Sum: 7338, Workers: 4
[44.237s][debug][gc,phases      ] GC(113)   JNI Weak                       Min:  0.0, Avg:  0.0, Max:  0.0, Diff:  0.0, Sum:  0.0, Workers: 4
[44.237s][debug][gc,phases      ] GC(113)     Dead                           Min: 0, Avg:  0.0, Max: 0, Diff: 0, Sum: 0, Workers: 4
[44.237s][debug][gc,phases      ] GC(113)     Total                          Min: 0, Avg:  1.2, Max: 5, Diff: 5, Sum: 5, Workers: 4
[44.237s][debug][gc,phases      ] GC(113)   StringDedup Table Weak         Min:  0.0, Avg:  0.0, Max:  0.0, Diff:  0.0, Sum:  0.0, Workers: 4
[44.237s][debug][gc,phases      ] GC(113)     Dead                           Min: 0, Avg:  0.0, Max: 0, Diff: 0, Sum: 0, Workers: 4
[44.237s][debug][gc,phases      ] GC(113)     Total                          Min: 0, Avg:  0.0, Max: 0, Diff: 0, Sum: 0, Workers: 4
[44.237s][debug][gc,phases      ] GC(113)   StringDedup Requests0 Weak     Min:  0.0, Avg:  0.0, Max:  0.0, Diff:  0.0, Sum:  0.0, Workers: 4
[44.237s][debug][gc,phases      ] GC(113)     Dead                           Min: 0, Avg:  0.0, Max: 0, Diff: 0, Sum: 0, Workers: 4
[44.237s][debug][gc,phases      ] GC(113)     Total                          Min: 0, Avg:  0.0, Max: 0, Diff: 0, Sum: 0, Workers: 4
[44.237s][debug][gc,phases      ] GC(113)   StringDedup Requests1 Weak     Min:  0.0, Avg:  0.0, Max:  0.0, Diff:  0.0, Sum:  0.0, Workers: 4
[44.237s][debug][gc,phases      ] GC(113)     Dead                           Min: 0, Avg:  0.0, Max: 0, Diff: 0, Sum: 0, Workers: 4
[44.237s][debug][gc,phases      ] GC(113)     Total                          Min: 0, Avg:  0.0, Max: 0, Diff: 0, Sum: 0, Workers: 4
[44.237s][debug][gc,phases      ] GC(113)   Weak JFR Old Object Samples    Min:  0.0, Avg:  0.0, Max:  0.0, Diff:  0.0, Sum:  0.0, Workers: 4
[44.237s][debug][gc,phases      ] GC(113)     Dead                           Min: 0, Avg:  0.0, Max: 0, Diff: 0, Sum: 0, Workers: 4
[44.237s][debug][gc,phases      ] GC(113)     Total                          Min: 0, Avg:  0.0, Max: 0, Diff: 0, Sum: 0, Workers: 4
[44.237s][debug][gc,phases      ] GC(113) Weak Processing 0.355ms
[44.237s][debug][gc,age         ] GC(113) Desired survivor size 343932928 bytes, new threshold 15 (max threshold 15)
[44.237s][info ][gc,heap        ] GC(113) PSYoungGen: 1696967K(1762816K)->244231K(1714176K) Eden: 1469440K(1469440K)->0K(1469440K) From: 227527K(293376K)->244231K(244736K)
[44.237s][info ][gc,heap        ] GC(113) ParOldGen: 504262K(652800K)->504262K(652800K)
[44.237s][info ][gc,metaspace   ] GC(113) Metaspace: 69124K(69888K)->69124K(69888K) NonClass: 59127K(59520K)->59127K(59520K) Class: 9996K(10368K)->9996K(10368K)
[44.237s][info ][gc             ] GC(113) Pause Young (Allocation Failure) 2149M->730M(2311M) 54.870ms
[44.237s][info ][gc,cpu         ] GC(113) User=0.27s Sys=0.00s Real=0.06s
[44.237s][info ][safepoint      ] Safepoint "ParallelGCFailedAllocation", Time since last: 284047996 ns, Reaching safepoint: 122007 ns, At safepoint: 54985151 ns, Total: 55107158 ns
[44.513s][info ][gc,start       ] GC(114) Pause Young (Allocation Failure)
[44.576s][debug][gc,phases      ] GC(114) Scavenge 62.573ms
[44.576s][debug][gc,ref         ] GC(114) Skipped phase 1 of Reference Processing: no references
[44.576s][debug][gc,ref         ] GC(114) ReferenceProcessor::execute queues: 1, RefProcThreadModel::Single, marks_oops_alive: false
[44.576s][debug][gc,ref         ] GC(114) Skipped phase 3 of Reference Processing: no references
[44.576s][debug][gc,ref         ] GC(114) Skipped phase 4 of Reference Processing: no references
[44.576s][debug][gc,phases      ] GC(114) Reference Processing 0.101ms
[44.576s][debug][gc,phases      ] GC(114)   VM Weak                        Min:  0.0, Avg:  0.0, Max:  0.0, Diff:  0.0, Sum:  0.0, Workers: 4
[44.576s][debug][gc,phases      ] GC(114)     Dead                           Min: 0, Avg:  0.0, Max: 0, Diff: 0, Sum: 0, Workers: 4
[44.576s][debug][gc,phases      ] GC(114)     Total                          Min: 0, Avg: 145.0, Max: 580, Diff: 580, Sum: 580, Workers: 4
[44.576s][debug][gc,phases      ] GC(114)   ObjectSynchronizer Weak        Min:  0.0, Avg:  0.0, Max:  0.0, Diff:  0.0, Sum:  0.0, Workers: 4
[44.576s][debug][gc,phases      ] GC(114)     Dead                           Min: 0, Avg:  0.0, Max: 0, Diff: 0, Sum: 0, Workers: 4
[44.576s][debug][gc,phases      ] GC(114)     Total                          Min: 0, Avg: 99.2, Max: 256, Diff: 256, Sum: 397, Workers: 4
[44.576s][debug][gc,phases      ] GC(114)   JVMTI Tag Weak OopStorage      Min:  0.0, Avg:  0.0, Max:  0.0, Diff:  0.0, Sum:  0.0, Workers: 4
[44.576s][debug][gc,phases      ] GC(114)     Dead                           Min: 0, Avg:  0.0, Max: 0, Diff: 0, Sum: 0, Workers: 4
[44.576s][debug][gc,phases      ] GC(114)     Total                          Min: 0, Avg:  0.0, Max: 0, Diff: 0, Sum: 0, Workers: 4
[44.576s][debug][gc,phases      ] GC(114)   StringTable Weak               Min:  0.1, Avg:  0.1, Max:  0.1, Diff:  0.0, Sum:  0.4, Workers: 4
[44.576s][debug][gc,phases      ] GC(114)     Dead                           Min: 0, Avg:  2.8, Max: 11, Diff: 11, Sum: 11, Workers: 4
[44.576s][debug][gc,phases      ] GC(114)     Total                          Min: 8121, Avg: 10718.2, Max: 12096, Diff: 3975, Sum: 42873, Workers: 4
[44.576s][debug][gc,phases      ] GC(114)   ResolvedMethodTable Weak       Min:  0.0, Avg:  0.0, Max:  0.0, Diff:  0.0, Sum:  0.1, Workers: 4
[44.576s][debug][gc,phases      ] GC(114)     Dead                           Min: 0, Avg:  0.0, Max: 0, Diff: 0, Sum: 0, Workers: 4
[44.576s][debug][gc,phases      ] GC(114)     Total                          Min: 1792, Avg: 1834.5, Max: 1856, Diff: 64, Sum: 7338, Workers: 4
[44.576s][debug][gc,phases      ] GC(114)   JNI Weak                       Min:  0.0, Avg:  0.0, Max:  0.0, Diff:  0.0, Sum:  0.0, Workers: 4
[44.576s][debug][gc,phases      ] GC(114)     Dead                           Min: 0, Avg:  0.0, Max: 0, Diff: 0, Sum: 0, Workers: 4
[44.576s][debug][gc,phases      ] GC(114)     Total                          Min: 0, Avg:  0.0, Max: 0, Diff: 0, Sum: 0, Workers: 4
[44.576s][debug][gc,phases      ] GC(114)   StringDedup Table Weak         Min:  0.0, Avg:  0.0, Max:  0.0, Diff:  0.0, Sum:  0.0, Workers: 4
[44.576s][debug][gc,phases      ] GC(114)     Dead                           Min: 0, Avg:  0.0, Max: 0, Diff: 0, Sum: 0, Workers: 4
[44.576s][debug][gc,phases      ] GC(114)     Total                          Min: 0, Avg:  0.0, Max: 0, Diff: 0, Sum: 0, Workers: 4
[44.576s][debug][gc,phases      ] GC(114)   StringDedup Requests0 Weak     Min:  0.0, Avg:  0.0, Max:  0.0, Diff:  0.0, Sum:  0.0, Workers: 4
[44.576s][debug][gc,phases      ] GC(114)     Dead                           Min: 0, Avg:  0.0, Max: 0, Diff: 0, Sum: 0, Workers: 4
[44.576s][debug][gc,phases      ] GC(114)     Total                          Min: 0, Avg:  0.0, Max: 0, Diff: 0, Sum: 0, Workers: 4
[44.576s][debug][gc,phases      ] GC(114)   StringDedup Requests1 Weak     Min:  0.0, Avg:  0.0, Max:  0.0, Diff:  0.0, Sum:  0.0, Workers: 4
[44.576s][debug][gc,phases      ] GC(114)     Dead                           Min: 0, Avg:  0.0, Max: 0, Diff: 0, Sum: 0, Workers: 4
[44.576s][debug][gc,phases      ] GC(114)     Total                          Min: 0, Avg:  0.0, Max: 0, Diff: 0, Sum: 0, Workers: 4
[44.576s][debug][gc,phases      ] GC(114)   Weak JFR Old Object Samples    Min:  0.0, Avg:  0.0, Max:  0.0, Diff:  0.0, Sum:  0.0, Workers: 4
[44.576s][debug][gc,phases      ] GC(114)     Dead                           Min: 0, Avg:  0.0, Max: 0, Diff: 0, Sum: 0, Workers: 4
[44.576s][debug][gc,phases      ] GC(114)     Total                          Min: 0, Avg:  0.0, Max: 0, Diff: 0, Sum: 0, Workers: 4
[44.576s][debug][gc,phases      ] GC(114) Weak Processing 0.300ms
[44.576s][debug][gc,age         ] GC(114) Desired survivor size 368050176 bytes, new threshold 15 (max threshold 15)
[44.576s][info ][gc,heap        ] GC(114) PSYoungGen: 1713671K(1714176K)->262633K(1714176K) Eden: 1469440K(1469440K)->0K(1378304K) From: 244231K(244736K)->262633K(335872K)
[44.576s][info ][gc,heap        ] GC(114) ParOldGen: 504262K(652800K)->504262K(652800K)
[44.576s][info ][gc,metaspace   ] GC(114) Metaspace: 69126K(69888K)->69126K(69888K) NonClass: 59129K(59520K)->59129K(59520K) Class: 9996K(10368K)->9996K(10368K)
[44.576s][info ][gc             ] GC(114) Pause Young (Allocation Failure) 2165M->748M(2311M) 63.119ms
[44.576s][info ][gc,cpu         ] GC(114) User=0.25s Sys=0.00s Real=0.07s
[44.576s][info ][safepoint      ] Safepoint "ParallelGCFailedAllocation", Time since last: 276099425 ns, Reaching safepoint: 129608 ns, At safepoint: 63220738 ns, Total: 63350346 ns
[44.823s][info ][gc,start       ] GC(115) Pause Young (Allocation Failure)
[44.887s][debug][gc,phases      ] GC(115) Scavenge 63.919ms
[44.887s][debug][gc,ref         ] GC(115) Skipped phase 1 of Reference Processing: no references
[44.887s][debug][gc,ref         ] GC(115) ReferenceProcessor::execute queues: 1, RefProcThreadModel::Single, marks_oops_alive: false
[44.887s][debug][gc,ref         ] GC(115) Skipped phase 3 of Reference Processing: no references
[44.887s][debug][gc,ref         ] GC(115) Skipped phase 4 of Reference Processing: no references
[44.887s][debug][gc,phases      ] GC(115) Reference Processing 0.110ms
[44.887s][debug][gc,phases      ] GC(115)   VM Weak                        Min:  0.0, Avg:  0.0, Max:  0.0, Diff:  0.0, Sum:  0.0, Workers: 4
[44.887s][debug][gc,phases      ] GC(115)     Dead                           Min: 0, Avg:  0.0, Max: 0, Diff: 0, Sum: 0, Workers: 4
[44.887s][debug][gc,phases      ] GC(115)     Total                          Min: 0, Avg: 145.0, Max: 580, Diff: 580, Sum: 580, Workers: 4
[44.887s][debug][gc,phases      ] GC(115)   ObjectSynchronizer Weak        Min:  0.0, Avg:  0.0, Max:  0.0, Diff:  0.0, Sum:  0.0, Workers: 4
[44.887s][debug][gc,phases      ] GC(115)     Dead                           Min: 0, Avg:  0.0, Max: 0, Diff: 0, Sum: 0, Workers: 4
[44.887s][debug][gc,phases      ] GC(115)     Total                          Min: 0, Avg: 99.2, Max: 397, Diff: 397, Sum: 397, Workers: 4
[44.887s][debug][gc,phases      ] GC(115)   JVMTI Tag Weak OopStorage      Min:  0.0, Avg:  0.0, Max:  0.0, Diff:  0.0, Sum:  0.0, Workers: 4
[44.887s][debug][gc,phases      ] GC(115)     Dead                           Min: 0, Avg:  0.0, Max: 0, Diff: 0, Sum: 0, Workers: 4
[44.887s][debug][gc,phases      ] GC(115)     Total                          Min: 0, Avg:  0.0, Max: 0, Diff: 0, Sum: 0, Workers: 4
[44.887s][debug][gc,phases      ] GC(115)   StringTable Weak               Min:  0.1, Avg:  0.1, Max:  0.1, Diff:  0.0, Sum:  0.4, Workers: 4
[44.887s][debug][gc,phases      ] GC(115)     Dead                           Min: 0, Avg:  2.8, Max: 11, Diff: 11, Sum: 11, Workers: 4
[44.887s][debug][gc,phases      ] GC(115)     Total                          Min: 9856, Avg: 10718.5, Max: 11648, Diff: 1792, Sum: 42874, Workers: 4
[44.887s][debug][gc,phases      ] GC(115)   ResolvedMethodTable Weak       Min:  0.0, Avg:  0.0, Max:  0.0, Diff:  0.0, Sum:  0.1, Workers: 4
[44.887s][debug][gc,phases      ] GC(115)     Dead                           Min: 0, Avg:  0.0, Max: 0, Diff: 0, Sum: 0, Workers: 4
[44.887s][debug][gc,phases      ] GC(115)     Total                          Min: 1536, Avg: 1834.5, Max: 2176, Diff: 640, Sum: 7338, Workers: 4
[44.887s][debug][gc,phases      ] GC(115)   JNI Weak                       Min:  0.0, Avg:  0.0, Max:  0.0, Diff:  0.0, Sum:  0.0, Workers: 4
[44.887s][debug][gc,phases      ] GC(115)     Dead                           Min: 0, Avg:  0.0, Max: 0, Diff: 0, Sum: 0, Workers: 4
[44.887s][debug][gc,phases      ] GC(115)     Total                          Min: 0, Avg:  1.2, Max: 5, Diff: 5, Sum: 5, Workers: 4
[44.887s][debug][gc,phases      ] GC(115)   StringDedup Table Weak         Min:  0.0, Avg:  0.0, Max:  0.0, Diff:  0.0, Sum:  0.0, Workers: 4
[44.887s][debug][gc,phases      ] GC(115)     Dead                           Min: 0, Avg:  0.0, Max: 0, Diff: 0, Sum: 0, Workers: 4
[44.887s][debug][gc,phases      ] GC(115)     Total                          Min: 0, Avg:  0.0, Max: 0, Diff: 0, Sum: 0, Workers: 4
[44.887s][debug][gc,phases      ] GC(115)   StringDedup Requests0 Weak     Min:  0.0, Avg:  0.0, Max:  0.0, Diff:  0.0, Sum:  0.0, Workers: 4
[44.887s][debug][gc,phases      ] GC(115)     Dead                           Min: 0, Avg:  0.0, Max: 0, Diff: 0, Sum: 0, Workers: 4
[44.887s][debug][gc,phases      ] GC(115)     Total                          Min: 0, Avg:  0.0, Max: 0, Diff: 0, Sum: 0, Workers: 4
[44.887s][debug][gc,phases      ] GC(115)   StringDedup Requests1 Weak     Min:  0.0, Avg:  0.0, Max:  0.0, Diff:  0.0, Sum:  0.0, Workers: 4
[44.887s][debug][gc,phases      ] GC(115)     Dead                           Min: 0, Avg:  0.0, Max: 0, Diff: 0, Sum: 0, Workers: 4
[44.887s][debug][gc,phases      ] GC(115)     Total                          Min: 0, Avg:  0.0, Max: 0, Diff: 0, Sum: 0, Workers: 4
[44.887s][debug][gc,phases      ] GC(115)   Weak JFR Old Object Samples    Min:  0.0, Avg:  0.0, Max:  0.0, Diff:  0.0, Sum:  0.0, Workers: 4
[44.887s][debug][gc,phases      ] GC(115)     Dead                           Min: 0, Avg:  0.0, Max: 0, Diff: 0, Sum: 0, Workers: 4
[44.887s][debug][gc,phases      ] GC(115)     Total                          Min: 0, Avg:  0.0, Max: 0, Diff: 0, Sum: 0, Workers: 4
[44.887s][debug][gc,phases      ] GC(115) Weak Processing 0.307ms
[44.887s][debug][gc,age         ] GC(115) Desired survivor size 384303104 bytes, new threshold 15 (max threshold 15)
[44.887s][info ][gc,heap        ] GC(115) PSYoungGen: 1640937K(1714176K)->257012K(1635328K) Eden: 1378304K(1378304K)->0K(1378304K) From: 262633K(335872K)->257012K(257024K)
[44.887s][info ][gc,heap        ] GC(115) ParOldGen: 504262K(652800K)->527318K(652800K)
[44.887s][info ][gc,metaspace   ] GC(115) Metaspace: 69127K(69888K)->69127K(69888K) NonClass: 59130K(59520K)->59130K(59520K) Class: 9996K(10368K)->9996K(10368K)
[44.888s][info ][gc             ] GC(115) Pause Young (Allocation Failure) 2094M->765M(2234M) 64.459ms
[44.888s][info ][gc,cpu         ] GC(115) User=0.26s Sys=0.00s Real=0.06s
[44.888s][info ][safepoint      ] Safepoint "ParallelGCFailedAllocation", Time since last: 246036447 ns, Reaching safepoint: 641638 ns, At safepoint: 64578019 ns, Total: 65219657 ns
[45.189s][info ][gc,start       ] GC(116) Pause Young (Allocation Failure)
[45.250s][debug][gc,phases      ] GC(116) Scavenge 61.000ms
[45.250s][debug][gc,ref         ] GC(116) Skipped phase 1 of Reference Processing: no references
[45.251s][debug][gc,ref         ] GC(116) ReferenceProcessor::execute queues: 1, RefProcThreadModel::Single, marks_oops_alive: false
[45.251s][debug][gc,ref         ] GC(116) Skipped phase 3 of Reference Processing: no references
[45.251s][debug][gc,ref         ] GC(116) ReferenceProcessor::execute queues: 1, RefProcThreadModel::Single, marks_oops_alive: false
[45.251s][debug][gc,phases      ] GC(116) Reference Processing 0.121ms
[45.251s][debug][gc,phases      ] GC(116)   VM Weak                        Min:  0.0, Avg:  0.0, Max:  0.0, Diff:  0.0, Sum:  0.0, Workers: 4
[45.251s][debug][gc,phases      ] GC(116)     Dead                           Min: 0, Avg:  0.0, Max: 0, Diff: 0, Sum: 0, Workers: 4
[45.251s][debug][gc,phases      ] GC(116)     Total                          Min: 0, Avg: 146.0, Max: 584, Diff: 584, Sum: 584, Workers: 4
[45.251s][debug][gc,phases      ] GC(116)   ObjectSynchronizer Weak        Min:  0.0, Avg:  0.0, Max:  0.0, Diff:  0.0, Sum:  0.0, Workers: 4
[45.251s][debug][gc,phases      ] GC(116)     Dead                           Min: 0, Avg:  0.0, Max: 0, Diff: 0, Sum: 0, Workers: 4
[45.251s][debug][gc,phases      ] GC(116)     Total                          Min: 0, Avg: 99.5, Max: 270, Diff: 270, Sum: 398, Workers: 4
[45.251s][debug][gc,phases      ] GC(116)   JVMTI Tag Weak OopStorage      Min:  0.0, Avg:  0.0, Max:  0.0, Diff:  0.0, Sum:  0.0, Workers: 4
[45.251s][debug][gc,phases      ] GC(116)     Dead                           Min: 0, Avg:  0.0, Max: 0, Diff: 0, Sum: 0, Workers: 4
[45.251s][debug][gc,phases      ] GC(116)     Total                          Min: 0, Avg:  0.0, Max: 0, Diff: 0, Sum: 0, Workers: 4
[45.251s][debug][gc,phases      ] GC(116)   StringTable Weak               Min:  0.1, Avg:  0.1, Max:  0.1, Diff:  0.0, Sum:  0.4, Workers: 4
[45.251s][debug][gc,phases      ] GC(116)     Dead                           Min: 0, Avg:  0.5, Max: 1, Diff: 1, Sum: 2, Workers: 4
[45.251s][debug][gc,phases      ] GC(116)     Total                          Min: 10112, Avg: 10724.8, Max: 11264, Diff: 1152, Sum: 42899, Workers: 4
[45.251s][debug][gc,phases      ] GC(116)   ResolvedMethodTable Weak       Min:  0.0, Avg:  0.0, Max:  0.0, Diff:  0.0, Sum:  0.1, Workers: 4
[45.251s][debug][gc,phases      ] GC(116)     Dead                           Min: 0, Avg:  0.0, Max: 0, Diff: 0, Sum: 0, Workers: 4
[45.251s][debug][gc,phases      ] GC(116)     Total                          Min: 1735, Avg: 1841.8, Max: 1920, Diff: 185, Sum: 7367, Workers: 4
[45.251s][debug][gc,phases      ] GC(116)   JNI Weak                       Min:  0.0, Avg:  0.0, Max:  0.0, Diff:  0.0, Sum:  0.0, Workers: 4
[45.251s][debug][gc,phases      ] GC(116)     Dead                           Min: 0, Avg:  0.0, Max: 0, Diff: 0, Sum: 0, Workers: 4
[45.251s][debug][gc,phases      ] GC(116)     Total                          Min: 0, Avg:  0.0, Max: 0, Diff: 0, Sum: 0, Workers: 4
[45.251s][debug][gc,phases      ] GC(116)   StringDedup Table Weak         Min:  0.0, Avg:  0.0, Max:  0.0, Diff:  0.0, Sum:  0.0, Workers: 4
[45.251s][debug][gc,phases      ] GC(116)     Dead                           Min: 0, Avg:  0.0, Max: 0, Diff: 0, Sum: 0, Workers: 4
[45.251s][debug][gc,phases      ] GC(116)     Total                          Min: 0, Avg:  0.0, Max: 0, Diff: 0, Sum: 0, Workers: 4
[45.251s][debug][gc,phases      ] GC(116)   StringDedup Requests0 Weak     Min:  0.0, Avg:  0.0, Max:  0.0, Diff:  0.0, Sum:  0.0, Workers: 4
[45.251s][debug][gc,phases      ] GC(116)     Dead                           Min: 0, Avg:  0.0, Max: 0, Diff: 0, Sum: 0, Workers: 4
[45.251s][debug][gc,phases      ] GC(116)     Total                          Min: 0, Avg:  0.0, Max: 0, Diff: 0, Sum: 0, Workers: 4
[45.251s][debug][gc,phases      ] GC(116)   StringDedup Requests1 Weak     Min:  0.0, Avg:  0.0, Max:  0.0, Diff:  0.0, Sum:  0.0, Workers: 4
[45.251s][debug][gc,phases      ] GC(116)     Dead                           Min: 0, Avg:  0.0, Max: 0, Diff: 0, Sum: 0, Workers: 4
[45.251s][debug][gc,phases      ] GC(116)     Total                          Min: 0, Avg:  0.0, Max: 0, Diff: 0, Sum: 0, Workers: 4
[45.251s][debug][gc,phases      ] GC(116)   Weak JFR Old Object Samples    Min:  0.0, Avg:  0.0, Max:  0.0, Diff:  0.0, Sum:  0.0, Workers: 4
[45.251s][debug][gc,phases      ] GC(116)     Dead                           Min: 0, Avg:  0.0, Max: 0, Diff: 0, Sum: 0, Workers: 4
[45.251s][debug][gc,phases      ] GC(116)     Total                          Min: 0, Avg:  0.0, Max: 0, Diff: 0, Sum: 0, Workers: 4
[45.251s][debug][gc,phases      ] GC(116) Weak Processing 0.301ms
[45.251s][debug][gc,age         ] GC(116) Desired survivor size 387973120 bytes, new threshold 15 (max threshold 15)
[45.251s][info ][gc,heap        ] GC(116) PSYoungGen: 1635316K(1635328K)->234857K(1714688K) Eden: 1378304K(1378304K)->0K(1339392K) From: 257012K(257024K)->234857K(375296K)
[45.251s][info ][gc,heap        ] GC(116) ParOldGen: 527318K(652800K)->552974K(652800K)
[45.251s][info ][gc,metaspace   ] GC(116) Metaspace: 69248K(70080K)->69248K(70080K) NonClass: 59240K(59712K)->59240K(59712K) Class: 10007K(10368K)->10007K(10368K)
[45.251s][info ][gc             ] GC(116) Pause Young (Allocation Failure) 2111M->769M(2312M) 61.589ms
[45.251s][info ][gc,cpu         ] GC(116) User=0.24s Sys=0.00s Real=0.06s
[45.251s][info ][safepoint      ] Safepoint "ParallelGCFailedAllocation", Time since last: 301609833 ns, Reaching safepoint: 171310 ns, At safepoint: 61708649 ns, Total: 61879959 ns
[45.547s][info ][gc,start       ] GC(117) Pause Young (Allocation Failure)
[45.598s][debug][gc,phases      ] GC(117) Scavenge 51.138ms
[45.598s][debug][gc,ref         ] GC(117) Skipped phase 1 of Reference Processing: no references
[45.598s][debug][gc,ref         ] GC(117) ReferenceProcessor::execute queues: 1, RefProcThreadModel::Single, marks_oops_alive: false
[45.598s][debug][gc,ref         ] GC(117) Skipped phase 3 of Reference Processing: no references
[45.598s][debug][gc,ref         ] GC(117) Skipped phase 4 of Reference Processing: no references
[45.598s][debug][gc,phases      ] GC(117) Reference Processing 0.111ms
[45.599s][debug][gc,phases      ] GC(117)   VM Weak                        Min:  0.0, Avg:  0.0, Max:  0.0, Diff:  0.0, Sum:  0.0, Workers: 4
[45.599s][debug][gc,phases      ] GC(117)     Dead                           Min: 0, Avg:  0.0, Max: 0, Diff: 0, Sum: 0, Workers: 4
[45.599s][debug][gc,phases      ] GC(117)     Total                          Min: 0, Avg: 146.0, Max: 584, Diff: 584, Sum: 584, Workers: 4
[45.599s][debug][gc,phases      ] GC(117)   ObjectSynchronizer Weak        Min:  0.0, Avg:  0.0, Max:  0.0, Diff:  0.0, Sum:  0.0, Workers: 4
[45.599s][debug][gc,phases      ] GC(117)     Dead                           Min: 0, Avg:  0.0, Max: 0, Diff: 0, Sum: 0, Workers: 4
[45.599s][debug][gc,phases      ] GC(117)     Total                          Min: 0, Avg: 99.5, Max: 398, Diff: 398, Sum: 398, Workers: 4
[45.599s][debug][gc,phases      ] GC(117)   JVMTI Tag Weak OopStorage      Min:  0.0, Avg:  0.0, Max:  0.0, Diff:  0.0, Sum:  0.0, Workers: 4
[45.599s][debug][gc,phases      ] GC(117)     Dead                           Min: 0, Avg:  0.0, Max: 0, Diff: 0, Sum: 0, Workers: 4
[45.599s][debug][gc,phases      ] GC(117)     Total                          Min: 0, Avg:  0.0, Max: 0, Diff: 0, Sum: 0, Workers: 4
[45.599s][debug][gc,phases      ] GC(117)   StringTable Weak               Min:  0.1, Avg:  0.1, Max:  0.1, Diff:  0.0, Sum:  0.3, Workers: 4
[45.599s][debug][gc,phases      ] GC(117)     Dead                           Min: 0, Avg:  2.8, Max: 10, Diff: 10, Sum: 11, Workers: 4
[45.599s][debug][gc,phases      ] GC(117)     Total                          Min: 9536, Avg: 10725.2, Max: 11552, Diff: 2016, Sum: 42901, Workers: 4
[45.599s][debug][gc,phases      ] GC(117)   ResolvedMethodTable Weak       Min:  0.0, Avg:  0.0, Max:  0.0, Diff:  0.0, Sum:  0.1, Workers: 4
[45.599s][debug][gc,phases      ] GC(117)     Dead                           Min: 0, Avg:  0.0, Max: 0, Diff: 0, Sum: 0, Workers: 4
[45.599s][debug][gc,phases      ] GC(117)     Total                          Min: 1671, Avg: 1841.8, Max: 2176, Diff: 505, Sum: 7367, Workers: 4
[45.599s][debug][gc,phases      ] GC(117)   JNI Weak                       Min:  0.0, Avg:  0.0, Max:  0.0, Diff:  0.0, Sum:  0.0, Workers: 4
[45.599s][debug][gc,phases      ] GC(117)     Dead                           Min: 0, Avg:  0.0, Max: 0, Diff: 0, Sum: 0, Workers: 4
[45.599s][debug][gc,phases      ] GC(117)     Total                          Min: 0, Avg:  1.8, Max: 7, Diff: 7, Sum: 7, Workers: 4
[45.599s][debug][gc,phases      ] GC(117)   StringDedup Table Weak         Min:  0.0, Avg:  0.0, Max:  0.0, Diff:  0.0, Sum:  0.0, Workers: 4
[45.599s][debug][gc,phases      ] GC(117)     Dead                           Min: 0, Avg:  0.0, Max: 0, Diff: 0, Sum: 0, Workers: 4
[45.599s][debug][gc,phases      ] GC(117)     Total                          Min: 0, Avg:  0.0, Max: 0, Diff: 0, Sum: 0, Workers: 4
[45.599s][debug][gc,phases      ] GC(117)   StringDedup Requests0 Weak     Min:  0.0, Avg:  0.0, Max:  0.0, Diff:  0.0, Sum:  0.0, Workers: 4
[45.599s][debug][gc,phases      ] GC(117)     Dead                           Min: 0, Avg:  0.0, Max: 0, Diff: 0, Sum: 0, Workers: 4
[45.599s][debug][gc,phases      ] GC(117)     Total                          Min: 0, Avg:  0.0, Max: 0, Diff: 0, Sum: 0, Workers: 4
[45.599s][debug][gc,phases      ] GC(117)   StringDedup Requests1 Weak     Min:  0.0, Avg:  0.0, Max:  0.0, Diff:  0.0, Sum:  0.0, Workers: 4
[45.599s][debug][gc,phases      ] GC(117)     Dead                           Min: 0, Avg:  0.0, Max: 0, Diff: 0, Sum: 0, Workers: 4
[45.599s][debug][gc,phases      ] GC(117)     Total                          Min: 0, Avg:  0.0, Max: 0, Diff: 0, Sum: 0, Workers: 4
[45.599s][debug][gc,phases      ] GC(117)   Weak JFR Old Object Samples    Min:  0.0, Avg:  0.0, Max:  0.0, Diff:  0.0, Sum:  0.0, Workers: 4
[45.599s][debug][gc,phases      ] GC(117)     Dead                           Min: 0, Avg:  0.0, Max: 0, Diff: 0, Sum: 0, Workers: 4
[45.599s][debug][gc,phases      ] GC(117)     Total                          Min: 0, Avg:  0.0, Max: 0, Diff: 0, Sum: 0, Workers: 4
[45.599s][debug][gc,phases      ] GC(117) Weak Processing 0.287ms
[45.599s][debug][gc,age         ] GC(117) Desired survivor size 387973120 bytes, new threshold 15 (max threshold 15)
[45.599s][info ][gc,heap        ] GC(117) PSYoungGen: 1574249K(1714688K)->230174K(1718272K) Eden: 1339392K(1339392K)->0K(1339392K) From: 234857K(375296K)->230174K(378880K)
[45.599s][info ][gc,heap        ] GC(117) ParOldGen: 552974K(652800K)->558559K(652800K)
[45.599s][info ][gc,metaspace   ] GC(117) Metaspace: 69253K(70080K)->69253K(70080K) NonClass: 59245K(59712K)->59245K(59712K) Class: 10007K(10368K)->10007K(10368K)
[45.599s][info ][gc             ] GC(117) Pause Young (Allocation Failure) 2077M->770M(2315M) 51.674ms
[45.599s][info ][gc,cpu         ] GC(117) User=0.21s Sys=0.00s Real=0.05s
[45.599s][info ][safepoint      ] Safepoint "ParallelGCFailedAllocation", Time since last: 295812791 ns, Reaching safepoint: 147709 ns, At safepoint: 51790762 ns, Total: 51938471 ns
[45.872s][info ][gc,start       ] GC(118) Pause Young (Allocation Failure)
[45.937s][debug][gc,phases      ] GC(118) Scavenge 64.848ms
[45.937s][debug][gc,ref         ] GC(118) Skipped phase 1 of Reference Processing: no references
[45.937s][debug][gc,ref         ] GC(118) ReferenceProcessor::execute queues: 1, RefProcThreadModel::Single, marks_oops_alive: false
[45.937s][debug][gc,ref         ] GC(118) Skipped phase 3 of Reference Processing: no references
[45.937s][debug][gc,ref         ] GC(118) ReferenceProcessor::execute queues: 1, RefProcThreadModel::Single, marks_oops_alive: false
[45.937s][debug][gc,phases      ] GC(118) Reference Processing 0.112ms
[45.938s][debug][gc,phases      ] GC(118)   VM Weak                        Min:  0.0, Avg:  0.0, Max:  0.0, Diff:  0.0, Sum:  0.0, Workers: 4
[45.938s][debug][gc,phases      ] GC(118)     Dead                           Min: 0, Avg:  0.0, Max: 0, Diff: 0, Sum: 0, Workers: 4
[45.938s][debug][gc,phases      ] GC(118)     Total                          Min: 0, Avg: 146.0, Max: 520, Diff: 520, Sum: 584, Workers: 4
[45.938s][debug][gc,phases      ] GC(118)   ObjectSynchronizer Weak        Min:  0.0, Avg:  0.0, Max:  0.0, Diff:  0.0, Sum:  0.0, Workers: 4
[45.938s][debug][gc,phases      ] GC(118)     Dead                           Min: 0, Avg:  0.0, Max: 0, Diff: 0, Sum: 0, Workers: 4
[45.938s][debug][gc,phases      ] GC(118)     Total                          Min: 0, Avg: 99.5, Max: 206, Diff: 206, Sum: 398, Workers: 4
[45.938s][debug][gc,phases      ] GC(118)   JVMTI Tag Weak OopStorage      Min:  0.0, Avg:  0.0, Max:  0.0, Diff:  0.0, Sum:  0.0, Workers: 4
[45.938s][debug][gc,phases      ] GC(118)     Dead                           Min: 0, Avg:  0.0, Max: 0, Diff: 0, Sum: 0, Workers: 4
[45.938s][debug][gc,phases      ] GC(118)     Total                          Min: 0, Avg:  0.0, Max: 0, Diff: 0, Sum: 0, Workers: 4
[45.938s][debug][gc,phases      ] GC(118)   StringTable Weak               Min:  0.1, Avg:  0.1, Max:  0.1, Diff:  0.0, Sum:  0.4, Workers: 4
[45.938s][debug][gc,phases      ] GC(118)     Dead                           Min: 0, Avg:  2.8, Max: 11, Diff: 11, Sum: 11, Workers: 4
[45.938s][debug][gc,phases      ] GC(118)     Total                          Min: 8511, Avg: 10726.8, Max: 12917, Diff: 4406, Sum: 42907, Workers: 4
[45.938s][debug][gc,phases      ] GC(118)   ResolvedMethodTable Weak       Min:  0.0, Avg:  0.0, Max:  0.0, Diff:  0.0, Sum:  0.1, Workers: 4
[45.938s][debug][gc,phases      ] GC(118)     Dead                           Min: 0, Avg:  0.0, Max: 0, Diff: 0, Sum: 0, Workers: 4
[45.938s][debug][gc,phases      ] GC(118)     Total                          Min: 1728, Avg: 1842.2, Max: 2112, Diff: 384, Sum: 7369, Workers: 4
[45.938s][debug][gc,phases      ] GC(118)   JNI Weak                       Min:  0.0, Avg:  0.0, Max:  0.0, Diff:  0.0, Sum:  0.0, Workers: 4
[45.938s][debug][gc,phases      ] GC(118)     Dead                           Min: 0, Avg:  0.0, Max: 0, Diff: 0, Sum: 0, Workers: 4
[45.938s][debug][gc,phases      ] GC(118)     Total                          Min: 0, Avg:  1.8, Max: 7, Diff: 7, Sum: 7, Workers: 4
[45.938s][debug][gc,phases      ] GC(118)   StringDedup Table Weak         Min:  0.0, Avg:  0.0, Max:  0.0, Diff:  0.0, Sum:  0.0, Workers: 4
[45.938s][debug][gc,phases      ] GC(118)     Dead                           Min: 0, Avg:  0.0, Max: 0, Diff: 0, Sum: 0, Workers: 4
[45.938s][debug][gc,phases      ] GC(118)     Total                          Min: 0, Avg:  0.0, Max: 0, Diff: 0, Sum: 0, Workers: 4
[45.938s][debug][gc,phases      ] GC(118)   StringDedup Requests0 Weak     Min:  0.0, Avg:  0.0, Max:  0.0, Diff:  0.0, Sum:  0.0, Workers: 4
[45.938s][debug][gc,phases      ] GC(118)     Dead                           Min: 0, Avg:  0.0, Max: 0, Diff: 0, Sum: 0, Workers: 4
[45.938s][debug][gc,phases      ] GC(118)     Total                          Min: 0, Avg:  0.0, Max: 0, Diff: 0, Sum: 0, Workers: 4
[45.938s][debug][gc,phases      ] GC(118)   StringDedup Requests1 Weak     Min:  0.0, Avg:  0.0, Max:  0.0, Diff:  0.0, Sum:  0.0, Workers: 4
[45.938s][debug][gc,phases      ] GC(118)     Dead                           Min: 0, Avg:  0.0, Max: 0, Diff: 0, Sum: 0, Workers: 4
[45.938s][debug][gc,phases      ] GC(118)     Total                          Min: 0, Avg:  0.0, Max: 0, Diff: 0, Sum: 0, Workers: 4
[45.938s][debug][gc,phases      ] GC(118)   Weak JFR Old Object Samples    Min:  0.0, Avg:  0.0, Max:  0.0, Diff:  0.0, Sum:  0.0, Workers: 4
[45.938s][debug][gc,phases      ] GC(118)     Dead                           Min: 0, Avg:  0.0, Max: 0, Diff: 0, Sum: 0, Workers: 4
[45.938s][debug][gc,phases      ] GC(118)     Total                          Min: 0, Avg:  0.0, Max: 0, Diff: 0, Sum: 0, Workers: 4
[45.938s][debug][gc,phases      ] GC(118) Weak Processing 0.321ms
[45.938s][debug][gc,age         ] GC(118) Desired survivor size 392167424 bytes, new threshold 15 (max threshold 15)
[45.938s][info ][gc,heap        ] GC(118) PSYoungGen: 1569566K(1718272K)->245952K(1710080K) Eden: 1339392K(1339392K)->0K(1331200K) From: 230174K(378880K)->245952K(378880K)
[45.938s][info ][gc,heap        ] GC(118) ParOldGen: 558559K(652800K)->565775K(652800K)
[45.938s][info ][gc,metaspace   ] GC(118) Metaspace: 69271K(70080K)->69271K(70080K) NonClass: 59263K(59712K)->59263K(59712K) Class: 10008K(10368K)->10008K(10368K)
[45.938s][info ][gc             ] GC(118) Pause Young (Allocation Failure) 2078M->792M(2307M) 65.422ms
[45.938s][info ][gc,cpu         ] GC(118) User=0.26s Sys=0.00s Real=0.07s
[45.938s][info ][safepoint      ] Safepoint "ParallelGCFailedAllocation", Time since last: 273350962 ns, Reaching safepoint: 184411 ns, At safepoint: 65528875 ns, Total: 65713286 ns
[46.203s][info ][gc,start       ] GC(119) Pause Young (Allocation Failure)
[46.263s][debug][gc,phases      ] GC(119) Scavenge 59.743ms
[46.263s][debug][gc,ref         ] GC(119) Skipped phase 1 of Reference Processing: no references
[46.263s][debug][gc,ref         ] GC(119) ReferenceProcessor::execute queues: 1, RefProcThreadModel::Single, marks_oops_alive: false
[46.263s][debug][gc,ref         ] GC(119) Skipped phase 3 of Reference Processing: no references
[46.263s][debug][gc,ref         ] GC(119) Skipped phase 4 of Reference Processing: no references
[46.263s][debug][gc,phases      ] GC(119) Reference Processing 0.115ms
[46.263s][debug][gc,phases      ] GC(119)   VM Weak                        Min:  0.0, Avg:  0.0, Max:  0.0, Diff:  0.0, Sum:  0.0, Workers: 4
[46.263s][debug][gc,phases      ] GC(119)     Dead                           Min: 0, Avg:  0.0, Max: 0, Diff: 0, Sum: 0, Workers: 4
[46.263s][debug][gc,phases      ] GC(119)     Total                          Min: 0, Avg: 146.0, Max: 320, Diff: 320, Sum: 584, Workers: 4
[46.263s][debug][gc,phases      ] GC(119)   ObjectSynchronizer Weak        Min:  0.0, Avg:  0.0, Max:  0.0, Diff:  0.0, Sum:  0.0, Workers: 4
[46.263s][debug][gc,phases      ] GC(119)     Dead                           Min: 0, Avg:  0.0, Max: 0, Diff: 0, Sum: 0, Workers: 4
[46.263s][debug][gc,phases      ] GC(119)     Total                          Min: 0, Avg: 99.5, Max: 206, Diff: 206, Sum: 398, Workers: 4
[46.263s][debug][gc,phases      ] GC(119)   JVMTI Tag Weak OopStorage      Min:  0.0, Avg:  0.0, Max:  0.0, Diff:  0.0, Sum:  0.0, Workers: 4
[46.263s][debug][gc,phases      ] GC(119)     Dead                           Min: 0, Avg:  0.0, Max: 0, Diff: 0, Sum: 0, Workers: 4
[46.263s][debug][gc,phases      ] GC(119)     Total                          Min: 0, Avg:  0.0, Max: 0, Diff: 0, Sum: 0, Workers: 4
[46.263s][debug][gc,phases      ] GC(119)   StringTable Weak               Min:  0.1, Avg:  0.1, Max:  0.1, Diff:  0.0, Sum:  0.4, Workers: 4
[46.263s][debug][gc,phases      ] GC(119)     Dead                           Min: 0, Avg:  0.0, Max: 0, Diff: 0, Sum: 0, Workers: 4
[46.263s][debug][gc,phases      ] GC(119)     Total                          Min: 10048, Avg: 10726.8, Max: 12149, Diff: 2101, Sum: 42907, Workers: 4
[46.263s][debug][gc,phases      ] GC(119)   ResolvedMethodTable Weak       Min:  0.0, Avg:  0.0, Max:  0.0, Diff:  0.0, Sum:  0.1, Workers: 4
[46.263s][debug][gc,phases      ] GC(119)     Dead                           Min: 0, Avg:  0.0, Max: 0, Diff: 0, Sum: 0, Workers: 4
[46.263s][debug][gc,phases      ] GC(119)     Total                          Min: 1600, Avg: 1842.2, Max: 2176, Diff: 576, Sum: 7369, Workers: 4
[46.263s][debug][gc,phases      ] GC(119)   JNI Weak                       Min:  0.0, Avg:  0.0, Max:  0.0, Diff:  0.0, Sum:  0.0, Workers: 4
[46.263s][debug][gc,phases      ] GC(119)     Dead                           Min: 0, Avg:  0.0, Max: 0, Diff: 0, Sum: 0, Workers: 4
[46.263s][debug][gc,phases      ] GC(119)     Total                          Min: 0, Avg:  0.2, Max: 1, Diff: 1, Sum: 1, Workers: 4
[46.263s][debug][gc,phases      ] GC(119)   StringDedup Table Weak         Min:  0.0, Avg:  0.0, Max:  0.0, Diff:  0.0, Sum:  0.0, Workers: 4
[46.263s][debug][gc,phases      ] GC(119)     Dead                           Min: 0, Avg:  0.0, Max: 0, Diff: 0, Sum: 0, Workers: 4
[46.263s][debug][gc,phases      ] GC(119)     Total                          Min: 0, Avg:  0.0, Max: 0, Diff: 0, Sum: 0, Workers: 4
[46.263s][debug][gc,phases      ] GC(119)   StringDedup Requests0 Weak     Min:  0.0, Avg:  0.0, Max:  0.0, Diff:  0.0, Sum:  0.0, Workers: 4
[46.263s][debug][gc,phases      ] GC(119)     Dead                           Min: 0, Avg:  0.0, Max: 0, Diff: 0, Sum: 0, Workers: 4
[46.263s][debug][gc,phases      ] GC(119)     Total                          Min: 0, Avg:  0.0, Max: 0, Diff: 0, Sum: 0, Workers: 4
[46.263s][debug][gc,phases      ] GC(119)   StringDedup Requests1 Weak     Min:  0.0, Avg:  0.0, Max:  0.0, Diff:  0.0, Sum:  0.0, Workers: 4
[46.263s][debug][gc,phases      ] GC(119)     Dead                           Min: 0, Avg:  0.0, Max: 0, Diff: 0, Sum: 0, Workers: 4
[46.263s][debug][gc,phases      ] GC(119)     Total                          Min: 0, Avg:  0.0, Max: 0, Diff: 0, Sum: 0, Workers: 4
[46.263s][debug][gc,phases      ] GC(119)   Weak JFR Old Object Samples    Min:  0.0, Avg:  0.0, Max:  0.0, Diff:  0.0, Sum:  0.0, Workers: 4
[46.263s][debug][gc,phases      ] GC(119)     Dead                           Min: 0, Avg:  0.0, Max: 0, Diff: 0, Sum: 0, Workers: 4
[46.263s][debug][gc,phases      ] GC(119)     Total                          Min: 0, Avg:  0.0, Max: 0, Diff: 0, Sum: 0, Workers: 4
[46.263s][debug][gc,phases      ] GC(119) Weak Processing 0.335ms
[46.263s][debug][gc,age         ] GC(119) Desired survivor size 404226048 bytes, new threshold 15 (max threshold 15)
[46.263s][info ][gc,heap        ] GC(119) PSYoungGen: 1577152K(1710080K)->272344K(1603584K) Eden: 1331200K(1331200K)->0K(1331200K) From: 245952K(378880K)->272344K(272384K)
[46.263s][info ][gc,heap        ] GC(119) ParOldGen: 565775K(652800K)->570783K(652800K)
[46.263s][info ][gc,metaspace   ] GC(119) Metaspace: 69279K(70080K)->69279K(70080K) NonClass: 59271K(59712K)->59271K(59712K) Class: 10008K(10368K)->10008K(10368K)
[46.263s][info ][gc             ] GC(119) Pause Young (Allocation Failure) 2092M->823M(2203M) 60.334ms
[46.263s][info ][gc,cpu         ] GC(119) User=0.23s Sys=0.01s Real=0.07s
[46.263s][info ][safepoint      ] Safepoint "ParallelGCFailedAllocation", Time since last: 264723752 ns, Reaching safepoint: 146209 ns, At safepoint: 60447674 ns, Total: 60593883 ns
[46.545s][info ][gc,start       ] GC(120) Pause Young (Allocation Failure)
[46.616s][debug][gc,phases      ] GC(120) Scavenge 70.943ms
[46.616s][debug][gc,ref         ] GC(120) Skipped phase 1 of Reference Processing: no references
[46.616s][debug][gc,ref         ] GC(120) ReferenceProcessor::execute queues: 1, RefProcThreadModel::Single, marks_oops_alive: false
[46.616s][debug][gc,ref         ] GC(120) Skipped phase 3 of Reference Processing: no references
[46.616s][debug][gc,ref         ] GC(120) Skipped phase 4 of Reference Processing: no references
[46.616s][debug][gc,phases      ] GC(120) Reference Processing 0.108ms
[46.616s][debug][gc,phases      ] GC(120)   VM Weak                        Min:  0.0, Avg:  0.0, Max:  0.0, Diff:  0.0, Sum:  0.0, Workers: 4
[46.616s][debug][gc,phases      ] GC(120)     Dead                           Min: 0, Avg:  0.0, Max: 0, Diff: 0, Sum: 0, Workers: 4
[46.616s][debug][gc,phases      ] GC(120)     Total                          Min: 0, Avg: 146.0, Max: 584, Diff: 584, Sum: 584, Workers: 4
[46.616s][debug][gc,phases      ] GC(120)   ObjectSynchronizer Weak        Min:  0.0, Avg:  0.0, Max:  0.0, Diff:  0.0, Sum:  0.0, Workers: 4
[46.616s][debug][gc,phases      ] GC(120)     Dead                           Min: 0, Avg:  0.0, Max: 0, Diff: 0, Sum: 0, Workers: 4
[46.616s][debug][gc,phases      ] GC(120)     Total                          Min: 0, Avg: 99.5, Max: 206, Diff: 206, Sum: 398, Workers: 4
[46.616s][debug][gc,phases      ] GC(120)   JVMTI Tag Weak OopStorage      Min:  0.0, Avg:  0.0, Max:  0.0, Diff:  0.0, Sum:  0.0, Workers: 4
[46.616s][debug][gc,phases      ] GC(120)     Dead                           Min: 0, Avg:  0.0, Max: 0, Diff: 0, Sum: 0, Workers: 4
[46.616s][debug][gc,phases      ] GC(120)     Total                          Min: 0, Avg:  0.0, Max: 0, Diff: 0, Sum: 0, Workers: 4
[46.616s][debug][gc,phases      ] GC(120)   StringTable Weak               Min:  0.1, Avg:  0.1, Max:  0.1, Diff:  0.0, Sum:  0.4, Workers: 4
[46.616s][debug][gc,phases      ] GC(120)     Dead                           Min: 0, Avg:  2.8, Max: 11, Diff: 11, Sum: 11, Workers: 4
[46.616s][debug][gc,phases      ] GC(120)     Total                          Min: 8320, Avg: 10726.8, Max: 12124, Diff: 3804, Sum: 42907, Workers: 4
[46.616s][debug][gc,phases      ] GC(120)   ResolvedMethodTable Weak       Min:  0.0, Avg:  0.0, Max:  0.0, Diff:  0.0, Sum:  0.1, Workers: 4
[46.616s][debug][gc,phases      ] GC(120)     Dead                           Min: 0, Avg:  0.0, Max: 0, Diff: 0, Sum: 0, Workers: 4
[46.616s][debug][gc,phases      ] GC(120)     Total                          Min: 1408, Avg: 1842.2, Max: 2176, Diff: 768, Sum: 7369, Workers: 4
[46.616s][debug][gc,phases      ] GC(120)   JNI Weak                       Min:  0.0, Avg:  0.0, Max:  0.0, Diff:  0.0, Sum:  0.0, Workers: 4
[46.616s][debug][gc,phases      ] GC(120)     Dead                           Min: 0, Avg:  0.0, Max: 0, Diff: 0, Sum: 0, Workers: 4
[46.616s][debug][gc,phases      ] GC(120)     Total                          Min: 0, Avg:  0.0, Max: 0, Diff: 0, Sum: 0, Workers: 4
[46.616s][debug][gc,phases      ] GC(120)   StringDedup Table Weak         Min:  0.0, Avg:  0.0, Max:  0.0, Diff:  0.0, Sum:  0.0, Workers: 4
[46.616s][debug][gc,phases      ] GC(120)     Dead                           Min: 0, Avg:  0.0, Max: 0, Diff: 0, Sum: 0, Workers: 4
[46.616s][debug][gc,phases      ] GC(120)     Total                          Min: 0, Avg:  0.0, Max: 0, Diff: 0, Sum: 0, Workers: 4
[46.616s][debug][gc,phases      ] GC(120)   StringDedup Requests0 Weak     Min:  0.0, Avg:  0.0, Max:  0.0, Diff:  0.0, Sum:  0.0, Workers: 4
[46.616s][debug][gc,phases      ] GC(120)     Dead                           Min: 0, Avg:  0.0, Max: 0, Diff: 0, Sum: 0, Workers: 4
[46.616s][debug][gc,phases      ] GC(120)     Total                          Min: 0, Avg:  0.0, Max: 0, Diff: 0, Sum: 0, Workers: 4
[46.616s][debug][gc,phases      ] GC(120)   StringDedup Requests1 Weak     Min:  0.0, Avg:  0.0, Max:  0.0, Diff:  0.0, Sum:  0.0, Workers: 4
[46.616s][debug][gc,phases      ] GC(120)     Dead                           Min: 0, Avg:  0.0, Max: 0, Diff: 0, Sum: 0, Workers: 4
[46.616s][debug][gc,phases      ] GC(120)     Total                          Min: 0, Avg:  0.0, Max: 0, Diff: 0, Sum: 0, Workers: 4
[46.616s][debug][gc,phases      ] GC(120)   Weak JFR Old Object Samples    Min:  0.0, Avg:  0.0, Max:  0.0, Diff:  0.0, Sum:  0.0, Workers: 4
[46.616s][debug][gc,phases      ] GC(120)     Dead                           Min: 0, Avg:  0.0, Max: 0, Diff: 0, Sum: 0, Workers: 4
[46.616s][debug][gc,phases      ] GC(120)     Total                          Min: 0, Avg:  0.0, Max: 0, Diff: 0, Sum: 0, Workers: 4
[46.616s][debug][gc,phases      ] GC(120) Weak Processing 0.307ms
[46.616s][debug][gc,age         ] GC(120) Desired survivor size 411041792 bytes, new threshold 15 (max threshold 15)
[46.616s][info ][gc,heap        ] GC(120) PSYoungGen: 1603544K(1603584K)->268592K(1689088K) Eden: 1331200K(1331200K)->0K(1294336K) From: 272344K(272384K)->268592K(394752K)
[46.616s][info ][gc,heap        ] GC(120) ParOldGen: 570783K(652800K)->578951K(652800K)
[46.616s][info ][gc,metaspace   ] GC(120) Metaspace: 69280K(70080K)->69280K(70080K) NonClass: 59272K(59712K)->59272K(59712K) Class: 10008K(10368K)->10008K(10368K)
[46.616s][info ][gc             ] GC(120) Pause Young (Allocation Failure) 2123M->827M(2287M) 71.492ms
[46.616s][info ][gc,cpu         ] GC(120) User=0.28s Sys=0.00s Real=0.07s
[46.616s][info ][safepoint      ] Safepoint "ParallelGCFailedAllocation", Time since last: 281412540 ns, Reaching safepoint: 113606 ns, At safepoint: 71583033 ns, Total: 71696639 ns
[46.908s][info ][gc,start       ] GC(121) Pause Young (Allocation Failure)
[46.983s][debug][gc,phases      ] GC(121) Scavenge 74.922ms
[46.983s][debug][gc,ref         ] GC(121) Skipped phase 1 of Reference Processing: no references
[46.983s][debug][gc,ref         ] GC(121) ReferenceProcessor::execute queues: 1, RefProcThreadModel::Single, marks_oops_alive: false
[46.983s][debug][gc,ref         ] GC(121) Skipped phase 3 of Reference Processing: no references
[46.983s][debug][gc,ref         ] GC(121) Skipped phase 4 of Reference Processing: no references
[46.983s][debug][gc,phases      ] GC(121) Reference Processing 0.120ms
[46.983s][debug][gc,phases      ] GC(121)   VM Weak                        Min:  0.0, Avg:  0.0, Max:  0.0, Diff:  0.0, Sum:  0.0, Workers: 4
[46.983s][debug][gc,phases      ] GC(121)     Dead                           Min: 0, Avg:  0.0, Max: 0, Diff: 0, Sum: 0, Workers: 4
[46.983s][debug][gc,phases      ] GC(121)     Total                          Min: 0, Avg: 146.0, Max: 520, Diff: 520, Sum: 584, Workers: 4
[46.983s][debug][gc,phases      ] GC(121)   ObjectSynchronizer Weak        Min:  0.0, Avg:  0.0, Max:  0.0, Diff:  0.0, Sum:  0.0, Workers: 4
[46.983s][debug][gc,phases      ] GC(121)     Dead                           Min: 0, Avg:  0.0, Max: 0, Diff: 0, Sum: 0, Workers: 4
[46.983s][debug][gc,phases      ] GC(121)     Total                          Min: 0, Avg: 99.5, Max: 206, Diff: 206, Sum: 398, Workers: 4
[46.983s][debug][gc,phases      ] GC(121)   JVMTI Tag Weak OopStorage      Min:  0.0, Avg:  0.0, Max:  0.0, Diff:  0.0, Sum:  0.0, Workers: 4
[46.983s][debug][gc,phases      ] GC(121)     Dead                           Min: 0, Avg:  0.0, Max: 0, Diff: 0, Sum: 0, Workers: 4
[46.983s][debug][gc,phases      ] GC(121)     Total                          Min: 0, Avg:  0.0, Max: 0, Diff: 0, Sum: 0, Workers: 4
[46.983s][debug][gc,phases      ] GC(121)   StringTable Weak               Min:  0.1, Avg:  0.1, Max:  0.1, Diff:  0.0, Sum:  0.4, Workers: 4
[46.983s][debug][gc,phases      ] GC(121)     Dead                           Min: 0, Avg:  2.8, Max: 11, Diff: 11, Sum: 11, Workers: 4
[46.983s][debug][gc,phases      ] GC(121)     Total                          Min: 9472, Avg: 10727.2, Max: 11776, Diff: 2304, Sum: 42909, Workers: 4
[46.983s][debug][gc,phases      ] GC(121)   ResolvedMethodTable Weak       Min:  0.0, Avg:  0.0, Max:  0.0, Diff:  0.0, Sum:  0.1, Workers: 4
[46.983s][debug][gc,phases      ] GC(121)     Dead                           Min: 0, Avg:  0.0, Max: 0, Diff: 0, Sum: 0, Workers: 4
[46.983s][debug][gc,phases      ] GC(121)     Total                          Min: 1600, Avg: 1842.2, Max: 2240, Diff: 640, Sum: 7369, Workers: 4
[46.983s][debug][gc,phases      ] GC(121)   JNI Weak                       Min:  0.0, Avg:  0.0, Max:  0.0, Diff:  0.0, Sum:  0.0, Workers: 4
[46.983s][debug][gc,phases      ] GC(121)     Dead                           Min: 0, Avg:  0.0, Max: 0, Diff: 0, Sum: 0, Workers: 4
[46.983s][debug][gc,phases      ] GC(121)     Total                          Min: 0, Avg:  0.0, Max: 0, Diff: 0, Sum: 0, Workers: 4
[46.983s][debug][gc,phases      ] GC(121)   StringDedup Table Weak         Min:  0.0, Avg:  0.0, Max:  0.0, Diff:  0.0, Sum:  0.0, Workers: 4
[46.983s][debug][gc,phases      ] GC(121)     Dead                           Min: 0, Avg:  0.0, Max: 0, Diff: 0, Sum: 0, Workers: 4
[46.983s][debug][gc,phases      ] GC(121)     Total                          Min: 0, Avg:  0.0, Max: 0, Diff: 0, Sum: 0, Workers: 4
[46.983s][debug][gc,phases      ] GC(121)   StringDedup Requests0 Weak     Min:  0.0, Avg:  0.0, Max:  0.0, Diff:  0.0, Sum:  0.0, Workers: 4
[46.983s][debug][gc,phases      ] GC(121)     Dead                           Min: 0, Avg:  0.0, Max: 0, Diff: 0, Sum: 0, Workers: 4
[46.983s][debug][gc,phases      ] GC(121)     Total                          Min: 0, Avg:  0.0, Max: 0, Diff: 0, Sum: 0, Workers: 4
[46.983s][debug][gc,phases      ] GC(121)   StringDedup Requests1 Weak     Min:  0.0, Avg:  0.0, Max:  0.0, Diff:  0.0, Sum:  0.0, Workers: 4
[46.983s][debug][gc,phases      ] GC(121)     Dead                           Min: 0, Avg:  0.0, Max: 0, Diff: 0, Sum: 0, Workers: 4
[46.983s][debug][gc,phases      ] GC(121)     Total                          Min: 0, Avg:  0.0, Max: 0, Diff: 0, Sum: 0, Workers: 4
[46.983s][debug][gc,phases      ] GC(121)   Weak JFR Old Object Samples    Min:  0.0, Avg:  0.0, Max:  0.0, Diff:  0.0, Sum:  0.0, Workers: 4
[46.983s][debug][gc,phases      ] GC(121)     Dead                           Min: 0, Avg:  0.0, Max: 0, Diff: 0, Sum: 0, Workers: 4
[46.983s][debug][gc,phases      ] GC(121)     Total                          Min: 0, Avg:  0.0, Max: 0, Diff: 0, Sum: 0, Workers: 4
[46.983s][debug][gc,phases      ] GC(121) Weak Processing 0.380ms
[46.983s][debug][gc,age         ] GC(121) Desired survivor size 427819008 bytes, new threshold 15 (max threshold 15)
[46.983s][info ][gc,heap        ] GC(121) PSYoungGen: 1562928K(1689088K)->300416K(1594880K) Eden: 1294336K(1294336K)->0K(1294336K) From: 268592K(394752K)->300416K(300544K)
[46.983s][info ][gc,heap        ] GC(121) ParOldGen: 578951K(652800K)->582255K(652800K)
[46.983s][info ][gc,metaspace   ] GC(121) Metaspace: 69283K(70080K)->69283K(70080K) NonClass: 59275K(59712K)->59275K(59712K) Class: 10008K(10368K)->10008K(10368K)
[46.983s][info ][gc             ] GC(121) Pause Young (Allocation Failure) 2091M->861M(2195M) 75.579ms
[46.983s][info ][gc,cpu         ] GC(121) User=0.30s Sys=0.01s Real=0.08s
[46.983s][info ][safepoint      ] Safepoint "ParallelGCFailedAllocation", Time since last: 291036108 ns, Reaching safepoint: 149009 ns, At safepoint: 75698876 ns, Total: 75847885 ns
[47.552s][info ][gc,start       ] GC(122) Pause Young (Allocation Failure)
[47.645s][debug][gc,phases      ] GC(122) Scavenge 93.128ms
[47.645s][debug][gc,ref         ] GC(122) Skipped phase 1 of Reference Processing: no references
[47.645s][debug][gc,ref         ] GC(122) ReferenceProcessor::execute queues: 1, RefProcThreadModel::Single, marks_oops_alive: false
[47.645s][debug][gc,ref         ] GC(122) Skipped phase 3 of Reference Processing: no references
[47.645s][debug][gc,ref         ] GC(122) Skipped phase 4 of Reference Processing: no references
[47.645s][debug][gc,phases      ] GC(122) Reference Processing 0.112ms
[47.645s][debug][gc,phases      ] GC(122)   VM Weak                        Min:  0.0, Avg:  0.0, Max:  0.0, Diff:  0.0, Sum:  0.0, Workers: 4
[47.645s][debug][gc,phases      ] GC(122)     Dead                           Min: 0, Avg:  0.0, Max: 0, Diff: 0, Sum: 0, Workers: 4
[47.645s][debug][gc,phases      ] GC(122)     Total                          Min: 0, Avg: 146.0, Max: 584, Diff: 584, Sum: 584, Workers: 4
[47.645s][debug][gc,phases      ] GC(122)   ObjectSynchronizer Weak        Min:  0.0, Avg:  0.0, Max:  0.0, Diff:  0.0, Sum:  0.0, Workers: 4
[47.645s][debug][gc,phases      ] GC(122)     Dead                           Min: 0, Avg:  0.0, Max: 0, Diff: 0, Sum: 0, Workers: 4
[47.645s][debug][gc,phases      ] GC(122)     Total                          Min: 0, Avg: 99.8, Max: 399, Diff: 399, Sum: 399, Workers: 4
[47.645s][debug][gc,phases      ] GC(122)   JVMTI Tag Weak OopStorage      Min:  0.0, Avg:  0.0, Max:  0.0, Diff:  0.0, Sum:  0.0, Workers: 4
[47.645s][debug][gc,phases      ] GC(122)     Dead                           Min: 0, Avg:  0.0, Max: 0, Diff: 0, Sum: 0, Workers: 4
[47.645s][debug][gc,phases      ] GC(122)     Total                          Min: 0, Avg:  0.0, Max: 0, Diff: 0, Sum: 0, Workers: 4
[47.645s][debug][gc,phases      ] GC(122)   StringTable Weak               Min:  0.1, Avg:  0.1, Max:  0.1, Diff:  0.0, Sum:  0.4, Workers: 4
[47.645s][debug][gc,phases      ] GC(122)     Dead                           Min: 0, Avg:  2.8, Max: 8, Diff: 8, Sum: 11, Workers: 4
[47.645s][debug][gc,phases      ] GC(122)     Total                          Min: 9536, Avg: 10729.0, Max: 12864, Diff: 3328, Sum: 42916, Workers: 4
[47.645s][debug][gc,phases      ] GC(122)   ResolvedMethodTable Weak       Min:  0.0, Avg:  0.0, Max:  0.0, Diff:  0.0, Sum:  0.1, Workers: 4
[47.645s][debug][gc,phases      ] GC(122)     Dead                           Min: 0, Avg:  0.0, Max: 0, Diff: 0, Sum: 0, Workers: 4
[47.645s][debug][gc,phases      ] GC(122)     Total                          Min: 1472, Avg: 1842.2, Max: 2112, Diff: 640, Sum: 7369, Workers: 4
[47.645s][debug][gc,phases      ] GC(122)   JNI Weak                       Min:  0.0, Avg:  0.0, Max:  0.0, Diff:  0.0, Sum:  0.0, Workers: 4
[47.645s][debug][gc,phases      ] GC(122)     Dead                           Min: 0, Avg:  0.0, Max: 0, Diff: 0, Sum: 0, Workers: 4
[47.645s][debug][gc,phases      ] GC(122)     Total                          Min: 0, Avg:  0.2, Max: 1, Diff: 1, Sum: 1, Workers: 4
[47.645s][debug][gc,phases      ] GC(122)   StringDedup Table Weak         Min:  0.0, Avg:  0.0, Max:  0.0, Diff:  0.0, Sum:  0.0, Workers: 4
[47.645s][debug][gc,phases      ] GC(122)     Dead                           Min: 0, Avg:  0.0, Max: 0, Diff: 0, Sum: 0, Workers: 4
[47.645s][debug][gc,phases      ] GC(122)     Total                          Min: 0, Avg:  0.0, Max: 0, Diff: 0, Sum: 0, Workers: 4
[47.645s][debug][gc,phases      ] GC(122)   StringDedup Requests0 Weak     Min:  0.0, Avg:  0.0, Max:  0.0, Diff:  0.0, Sum:  0.0, Workers: 4
[47.645s][debug][gc,phases      ] GC(122)     Dead                           Min: 0, Avg:  0.0, Max: 0, Diff: 0, Sum: 0, Workers: 4
[47.645s][debug][gc,phases      ] GC(122)     Total                          Min: 0, Avg:  0.0, Max: 0, Diff: 0, Sum: 0, Workers: 4
[47.645s][debug][gc,phases      ] GC(122)   StringDedup Requests1 Weak     Min:  0.0, Avg:  0.0, Max:  0.0, Diff:  0.0, Sum:  0.0, Workers: 4
[47.645s][debug][gc,phases      ] GC(122)     Dead                           Min: 0, Avg:  0.0, Max: 0, Diff: 0, Sum: 0, Workers: 4
[47.646s][debug][gc,phases      ] GC(122)     Total                          Min: 0, Avg:  0.0, Max: 0, Diff: 0, Sum: 0, Workers: 4
[47.646s][debug][gc,phases      ] GC(122)   Weak JFR Old Object Samples    Min:  0.0, Avg:  0.0, Max:  0.0, Diff:  0.0, Sum:  0.0, Workers: 4
[47.646s][debug][gc,phases      ] GC(122)     Dead                           Min: 0, Avg:  0.0, Max: 0, Diff: 0, Sum: 0, Workers: 4
[47.646s][debug][gc,phases      ] GC(122)     Total                          Min: 0, Avg:  0.0, Max: 0, Diff: 0, Sum: 0, Workers: 4
[47.646s][debug][gc,phases      ] GC(122) Weak Processing 0.299ms
[47.646s][debug][gc,age         ] GC(122) Desired survivor size 452984832 bytes, new threshold 15 (max threshold 15)
[47.646s][info ][gc,heap        ] GC(122) PSYoungGen: 1594752K(1594880K)->335866K(1630208K) Eden: 1294336K(1294336K)->0K(1212416K) From: 300416K(300544K)->335866K(417792K)
[47.646s][info ][gc,heap        ] GC(122) ParOldGen: 582255K(652800K)->598215K(652800K)
[47.646s][info ][gc,metaspace   ] GC(122) Metaspace: 69301K(70080K)->69301K(70080K) NonClass: 59293K(59712K)->59293K(59712K) Class: 10008K(10368K)->10008K(10368K)
[47.646s][info ][gc             ] GC(122) Pause Young (Allocation Failure) 2125M->912M(2229M) 93.677ms
[47.646s][info ][gc,cpu         ] GC(122) User=0.37s Sys=0.00s Real=0.10s
[47.646s][info ][safepoint      ] Safepoint "ParallelGCFailedAllocation", Time since last: 568458312 ns, Reaching safepoint: 192611 ns, At safepoint: 93765644 ns, Total: 93958255 ns
[48.079s][info ][safepoint      ] Safepoint "ICBufferFull", Time since last: 432819492 ns, Reaching safepoint: 257515 ns, At safepoint: 9001 ns, Total: 266516 ns
[48.304s][info ][safepoint      ] Safepoint "ICBufferFull", Time since last: 224793491 ns, Reaching safepoint: 172310 ns, At safepoint: 12601 ns, Total: 184911 ns
[48.586s][info ][safepoint      ] Safepoint "ICBufferFull", Time since last: 282291391 ns, Reaching safepoint: 172810 ns, At safepoint: 10301 ns, Total: 183111 ns
[48.924s][info ][safepoint      ] Safepoint "ICBufferFull", Time since last: 337846376 ns, Reaching safepoint: 211413 ns, At safepoint: 14901 ns, Total: 226314 ns
[49.265s][info ][gc,start       ] GC(123) Pause Young (Allocation Failure)
[49.358s][debug][gc,phases      ] GC(123) Scavenge 93.010ms
[49.358s][debug][gc,ref         ] GC(123) Skipped phase 1 of Reference Processing: no references
[49.358s][debug][gc,ref         ] GC(123) ReferenceProcessor::execute queues: 1, RefProcThreadModel::Single, marks_oops_alive: false
[49.358s][debug][gc,ref         ] GC(123) Skipped phase 3 of Reference Processing: no references
[49.358s][debug][gc,ref         ] GC(123) ReferenceProcessor::execute queues: 1, RefProcThreadModel::Single, marks_oops_alive: false
[49.358s][debug][gc,phases      ] GC(123) Reference Processing 0.146ms
[49.358s][debug][gc,phases      ] GC(123)   VM Weak                        Min:  0.0, Avg:  0.0, Max:  0.0, Diff:  0.0, Sum:  0.0, Workers: 4
[49.358s][debug][gc,phases      ] GC(123)     Dead                           Min: 0, Avg:  0.0, Max: 0, Diff: 0, Sum: 0, Workers: 4
[49.358s][debug][gc,phases      ] GC(123)     Total                          Min: 0, Avg: 151.5, Max: 606, Diff: 606, Sum: 606, Workers: 4
[49.358s][debug][gc,phases      ] GC(123)   ObjectSynchronizer Weak        Min:  0.0, Avg:  0.0, Max:  0.0, Diff:  0.0, Sum:  0.0, Workers: 4
[49.358s][debug][gc,phases      ] GC(123)     Dead                           Min: 0, Avg:  0.2, Max: 1, Diff: 1, Sum: 1, Workers: 4
[49.358s][debug][gc,phases      ] GC(123)     Total                          Min: 0, Avg: 100.0, Max: 208, Diff: 208, Sum: 400, Workers: 4
[49.358s][debug][gc,phases      ] GC(123)   JVMTI Tag Weak OopStorage      Min:  0.0, Avg:  0.0, Max:  0.0, Diff:  0.0, Sum:  0.0, Workers: 4
[49.358s][debug][gc,phases      ] GC(123)     Dead                           Min: 0, Avg:  0.0, Max: 0, Diff: 0, Sum: 0, Workers: 4
[49.358s][debug][gc,phases      ] GC(123)     Total                          Min: 0, Avg:  0.0, Max: 0, Diff: 0, Sum: 0, Workers: 4
[49.358s][debug][gc,phases      ] GC(123)   StringTable Weak               Min:  0.1, Avg:  0.1, Max:  0.1, Diff:  0.0, Sum:  0.4, Workers: 4
[49.358s][debug][gc,phases      ] GC(123)     Dead                           Min: 0, Avg:  3.2, Max: 10, Diff: 10, Sum: 13, Workers: 4
[49.358s][debug][gc,phases      ] GC(123)     Total                          Min: 9344, Avg: 10832.2, Max: 12672, Diff: 3328, Sum: 43329, Workers: 4
[49.358s][debug][gc,phases      ] GC(123)   ResolvedMethodTable Weak       Min:  0.0, Avg:  0.0, Max:  0.0, Diff:  0.0, Sum:  0.1, Workers: 4
[49.358s][debug][gc,phases      ] GC(123)     Dead                           Min: 0, Avg:  6.8, Max: 14, Diff: 14, Sum: 27, Workers: 4
[49.358s][debug][gc,phases      ] GC(123)     Total                          Min: 1856, Avg: 1898.2, Max: 1984, Diff: 128, Sum: 7593, Workers: 4
[49.358s][debug][gc,phases      ] GC(123)   JNI Weak                       Min:  0.0, Avg:  0.0, Max:  0.0, Diff:  0.0, Sum:  0.0, Workers: 4
[49.358s][debug][gc,phases      ] GC(123)     Dead                           Min: 0, Avg:  0.0, Max: 0, Diff: 0, Sum: 0, Workers: 4
[49.358s][debug][gc,phases      ] GC(123)     Total                          Min: 0, Avg:  0.0, Max: 0, Diff: 0, Sum: 0, Workers: 4
[49.358s][debug][gc,phases      ] GC(123)   StringDedup Table Weak         Min:  0.0, Avg:  0.0, Max:  0.0, Diff:  0.0, Sum:  0.0, Workers: 4
[49.358s][debug][gc,phases      ] GC(123)     Dead                           Min: 0, Avg:  0.0, Max: 0, Diff: 0, Sum: 0, Workers: 4
[49.358s][debug][gc,phases      ] GC(123)     Total                          Min: 0, Avg:  0.0, Max: 0, Diff: 0, Sum: 0, Workers: 4
[49.358s][debug][gc,phases      ] GC(123)   StringDedup Requests0 Weak     Min:  0.0, Avg:  0.0, Max:  0.0, Diff:  0.0, Sum:  0.0, Workers: 4
[49.358s][debug][gc,phases      ] GC(123)     Dead                           Min: 0, Avg:  0.0, Max: 0, Diff: 0, Sum: 0, Workers: 4
[49.358s][debug][gc,phases      ] GC(123)     Total                          Min: 0, Avg:  0.0, Max: 0, Diff: 0, Sum: 0, Workers: 4
[49.358s][debug][gc,phases      ] GC(123)   StringDedup Requests1 Weak     Min:  0.0, Avg:  0.0, Max:  0.0, Diff:  0.0, Sum:  0.0, Workers: 4
[49.358s][debug][gc,phases      ] GC(123)     Dead                           Min: 0, Avg:  0.0, Max: 0, Diff: 0, Sum: 0, Workers: 4
[49.358s][debug][gc,phases      ] GC(123)     Total                          Min: 0, Avg:  0.0, Max: 0, Diff: 0, Sum: 0, Workers: 4
[49.358s][debug][gc,phases      ] GC(123)   Weak JFR Old Object Samples    Min:  0.0, Avg:  0.0, Max:  0.0, Diff:  0.0, Sum:  0.0, Workers: 4
[49.358s][debug][gc,phases      ] GC(123)     Dead                           Min: 0, Avg:  0.0, Max: 0, Diff: 0, Sum: 0, Workers: 4
[49.358s][debug][gc,phases      ] GC(123)     Total                          Min: 0, Avg:  0.0, Max: 0, Diff: 0, Sum: 0, Workers: 4
[49.358s][debug][gc,phases      ] GC(123) Weak Processing 0.304ms
[49.358s][debug][gc,age         ] GC(123) Desired survivor size 463994880 bytes, new threshold 15 (max threshold 15)
[49.358s][info ][gc,heap        ] GC(123) PSYoungGen: 1548282K(1630208K)->312512K(1525248K) Eden: 1212416K(1212416K)->0K(1212416K) From: 335866K(417792K)->312512K(312832K)
[49.358s][info ][gc,heap        ] GC(123) ParOldGen: 598215K(652800K)->667007K(667136K)
[49.358s][info ][gc,metaspace   ] GC(123) Metaspace: 70819K(71616K)->70819K(71616K) NonClass: 60608K(61056K)->60608K(61056K) Class: 10211K(10560K)->10211K(10560K)
[49.358s][info ][gc             ] GC(123) Pause Young (Allocation Failure) 2096M->956M(2141M) 93.589ms
[49.358s][info ][gc,cpu         ] GC(123) User=0.36s Sys=0.01s Real=0.09s
[49.358s][debug][gc,phases      ] GC(124) Pre Compact 0.009ms
[49.358s][info ][gc,start       ] GC(124) Pause Full (Ergonomics)
[49.358s][info ][gc,phases,start] GC(124) Marking Phase
[49.489s][debug][gc,phases      ] GC(124) Par Mark 130.659ms
[49.489s][debug][gc,ref         ] GC(124) Skipped phase 1 of Reference Processing: no references
[49.489s][debug][gc,ref         ] GC(124) ReferenceProcessor::execute queues: 4, RefProcThreadModel::Multi, marks_oops_alive: false
[49.489s][debug][gc,ref         ] GC(124) Skipped phase 3 of Reference Processing: no references
[49.489s][debug][gc,ref         ] GC(124) ReferenceProcessor::execute queues: 1, RefProcThreadModel::Single, marks_oops_alive: false
[49.490s][debug][gc,phases      ] GC(124) Reference Processing 0.486ms
[49.490s][debug][gc,phases      ] GC(124)   VM Weak                        Min:  0.0, Avg:  0.0, Max:  0.0, Diff:  0.0, Sum:  0.0, Workers: 4
[49.490s][debug][gc,phases      ] GC(124)     Dead                           Min: 0, Avg:  0.0, Max: 0, Diff: 0, Sum: 0, Workers: 4
[49.490s][debug][gc,phases      ] GC(124)     Total                          Min: 0, Avg: 151.5, Max: 384, Diff: 384, Sum: 606, Workers: 4
[49.490s][debug][gc,phases      ] GC(124)   ObjectSynchronizer Weak        Min:  0.0, Avg:  0.0, Max:  0.0, Diff:  0.0, Sum:  0.0, Workers: 4
[49.490s][debug][gc,phases      ] GC(124)     Dead                           Min: 0, Avg:  0.2, Max: 1, Diff: 1, Sum: 1, Workers: 4
[49.490s][debug][gc,phases      ] GC(124)     Total                          Min: 64, Avg: 100.0, Max: 144, Diff: 80, Sum: 400, Workers: 4
[49.490s][debug][gc,phases      ] GC(124)   JVMTI Tag Weak OopStorage      Min:  0.0, Avg:  0.0, Max:  0.0, Diff:  0.0, Sum:  0.0, Workers: 4
[49.490s][debug][gc,phases      ] GC(124)     Dead                           Min: 0, Avg:  0.0, Max: 0, Diff: 0, Sum: 0, Workers: 4
[49.490s][debug][gc,phases      ] GC(124)     Total                          Min: 0, Avg:  0.0, Max: 0, Diff: 0, Sum: 0, Workers: 4
[49.490s][debug][gc,phases      ] GC(124)   StringTable Weak               Min:  0.1, Avg:  0.1, Max:  0.1, Diff:  0.0, Sum:  0.5, Workers: 4
[49.490s][debug][gc,phases      ] GC(124)     Dead                           Min: 0, Avg:  0.0, Max: 0, Diff: 0, Sum: 0, Workers: 4
[49.490s][debug][gc,phases      ] GC(124)     Total                          Min: 9472, Avg: 10832.2, Max: 12608, Diff: 3136, Sum: 43329, Workers: 4
[49.490s][debug][gc,phases      ] GC(124)   ResolvedMethodTable Weak       Min:  0.0, Avg:  0.0, Max:  0.0, Diff:  0.0, Sum:  0.1, Workers: 4
[49.490s][debug][gc,phases      ] GC(124)     Dead                           Min: 0, Avg:  0.0, Max: 0, Diff: 0, Sum: 0, Workers: 4
[49.490s][debug][gc,phases      ] GC(124)     Total                          Min: 1728, Avg: 1898.2, Max: 2153, Diff: 425, Sum: 7593, Workers: 4
[49.490s][debug][gc,phases      ] GC(124)   JNI Weak                       Min:  0.0, Avg:  0.0, Max:  0.0, Diff:  0.0, Sum:  0.0, Workers: 4
[49.490s][debug][gc,phases      ] GC(124)     Dead                           Min: 0, Avg:  0.0, Max: 0, Diff: 0, Sum: 0, Workers: 4
[49.490s][debug][gc,phases      ] GC(124)     Total                          Min: 0, Avg:  0.0, Max: 0, Diff: 0, Sum: 0, Workers: 4
[49.490s][debug][gc,phases      ] GC(124)   StringDedup Table Weak         Min:  0.0, Avg:  0.0, Max:  0.0, Diff:  0.0, Sum:  0.0, Workers: 4
[49.490s][debug][gc,phases      ] GC(124)     Dead                           Min: 0, Avg:  0.0, Max: 0, Diff: 0, Sum: 0, Workers: 4
[49.490s][debug][gc,phases      ] GC(124)     Total                          Min: 0, Avg:  0.0, Max: 0, Diff: 0, Sum: 0, Workers: 4
[49.490s][debug][gc,phases      ] GC(124)   StringDedup Requests0 Weak     Min:  0.0, Avg:  0.0, Max:  0.0, Diff:  0.0, Sum:  0.0, Workers: 4
[49.490s][debug][gc,phases      ] GC(124)     Dead                           Min: 0, Avg:  0.0, Max: 0, Diff: 0, Sum: 0, Workers: 4
[49.490s][debug][gc,phases      ] GC(124)     Total                          Min: 0, Avg:  0.0, Max: 0, Diff: 0, Sum: 0, Workers: 4
[49.490s][debug][gc,phases      ] GC(124)   StringDedup Requests1 Weak     Min:  0.0, Avg:  0.0, Max:  0.0, Diff:  0.0, Sum:  0.0, Workers: 4
[49.490s][debug][gc,phases      ] GC(124)     Dead                           Min: 0, Avg:  0.0, Max: 0, Diff: 0, Sum: 0, Workers: 4
[49.490s][debug][gc,phases      ] GC(124)     Total                          Min: 0, Avg:  0.0, Max: 0, Diff: 0, Sum: 0, Workers: 4
[49.490s][debug][gc,phases      ] GC(124)   Weak JFR Old Object Samples    Min:  0.0, Avg:  0.0, Max:  0.0, Diff:  0.0, Sum:  0.0, Workers: 4
[49.490s][debug][gc,phases      ] GC(124)     Dead                           Min: 0, Avg:  0.0, Max: 0, Diff: 0, Sum: 0, Workers: 4
[49.490s][debug][gc,phases      ] GC(124)     Total                          Min: 0, Avg:  0.0, Max: 0, Diff: 0, Sum: 0, Workers: 4
[49.490s][debug][gc,phases      ] GC(124) Weak Processing 0.349ms
[49.490s][debug][gc,phases      ] GC(124) ClassLoaderData 0.081ms
[49.490s][debug][gc,phases      ] GC(124) Trigger cleanups 0.000ms
[49.501s][debug][gc,phases      ] GC(124) Class Unloading 11.506ms
[49.501s][info ][gc,phases      ] GC(124) Marking Phase 143.166ms
[49.501s][info ][gc,phases,start] GC(124) Summary Phase
[49.501s][info ][gc,phases      ] GC(124) Summary Phase 0.027ms
[49.501s][info ][gc,phases,start] GC(124) Adjust Roots
[49.511s][info ][gc,phases      ] GC(124) Adjust Roots 9.055ms
[49.511s][info ][gc,phases,start] GC(124) Compaction Phase
[49.625s][info ][gc,phases      ] GC(124) Compaction Phase 114.899ms
[49.625s][info ][gc,phases,start] GC(124) Post Compact
[49.628s][info ][gc,phases      ] GC(124) Post Compact 2.855ms
[49.629s][info ][gc,heap        ] GC(124) PSYoungGen: 312512K(1525248K)->0K(1644032K) Eden: 0K(1212416K)->0K(1190912K) From: 312512K(312832K)->0K(453120K)
[49.629s][info ][gc,heap        ] GC(124) ParOldGen: 667007K(667136K)->375110K(540160K)
[49.629s][info ][gc,metaspace   ] GC(124) Metaspace: 70819K(71616K)->70819K(71616K) NonClass: 60608K(61056K)->60608K(61056K) Class: 10211K(10560K)->10211K(10560K)
[49.629s][info ][gc             ] GC(124) Pause Full (Ergonomics) 956M->366M(2133M) 270.884ms
[49.629s][info ][gc,cpu         ] GC(124) User=0.99s Sys=0.02s Real=0.27s
[49.629s][info ][safepoint      ] Safepoint "ParallelGCFailedAllocation", Time since last: 340145212 ns, Reaching safepoint: 190711 ns, At safepoint: 364614259 ns, Total: 364804970 ns
[50.681s][info ][safepoint      ] Safepoint "Cleanup", Time since last: 1051270259 ns, Reaching safepoint: 117207 ns, At safepoint: 10701 ns, Total: 127908 ns
[51.681s][info ][safepoint      ] Safepoint "Cleanup", Time since last: 1000103533 ns, Reaching safepoint: 57804 ns, At safepoint: 11501 ns, Total: 69305 ns
[52.681s][info ][safepoint      ] Safepoint "Cleanup", Time since last: 1000106534 ns, Reaching safepoint: 55703 ns, At safepoint: 8900 ns, Total: 64603 ns
[53.681s][info ][safepoint      ] Safepoint "Cleanup", Time since last: 1000142637 ns, Reaching safepoint: 58003 ns, At safepoint: 4300 ns, Total: 62303 ns
[54.681s][info ][safepoint      ] Safepoint "Cleanup", Time since last: 1000111235 ns, Reaching safepoint: 55703 ns, At safepoint: 10301 ns, Total: 66004 ns
[55.681s][info ][safepoint      ] Safepoint "Cleanup", Time since last: 1000079232 ns, Reaching safepoint: 58704 ns, At safepoint: 5800 ns, Total: 64504 ns
[56.682s][info ][safepoint      ] Safepoint "Cleanup", Time since last: 1000116034 ns, Reaching safepoint: 65904 ns, At safepoint: 9401 ns, Total: 75305 ns
[57.682s][info ][safepoint      ] Safepoint "Cleanup", Time since last: 1000108934 ns, Reaching safepoint: 240114 ns, At safepoint: 6901 ns, Total: 247015 ns
[58.682s][info ][safepoint      ] Safepoint "Cleanup", Time since last: 1000141636 ns, Reaching safepoint: 60403 ns, At safepoint: 5301 ns, Total: 65704 ns
[59.682s][info ][safepoint      ] Safepoint "Cleanup", Time since last: 1000133135 ns, Reaching safepoint: 72205 ns, At safepoint: 3500 ns, Total: 75705 ns
[60.683s][info ][safepoint      ] Safepoint "Cleanup", Time since last: 1000150737 ns, Reaching safepoint: 49503 ns, At safepoint: 4600 ns, Total: 54103 ns
[66.683s][info ][safepoint      ] Safepoint "Cleanup", Time since last: 6000474594 ns, Reaching safepoint: 51803 ns, At safepoint: 3701 ns, Total: 55504 ns
[67.683s][info ][safepoint      ] Safepoint "Cleanup", Time since last: 1000096133 ns, Reaching safepoint: 55703 ns, At safepoint: 9001 ns, Total: 64704 ns
[68.683s][info ][safepoint      ] Safepoint "Cleanup", Time since last: 1000093733 ns, Reaching safepoint: 50503 ns, At safepoint: 4000 ns, Total: 54503 ns
[70.684s][info ][safepoint      ] Safepoint "Cleanup", Time since last: 2000171566 ns, Reaching safepoint: 55103 ns, At safepoint: 3401 ns, Total: 58504 ns
[72.684s][info ][safepoint      ] Safepoint "Cleanup", Time since last: 2000160565 ns, Reaching safepoint: 48602 ns, At safepoint: 13501 ns, Total: 62103 ns
[73.684s][info ][safepoint      ] Safepoint "Cleanup", Time since last: 1000112335 ns, Reaching safepoint: 55303 ns, At safepoint: 9500 ns, Total: 64803 ns
[78.685s][info ][safepoint      ] Safepoint "Cleanup", Time since last: 5000407363 ns, Reaching safepoint: 58704 ns, At safepoint: 11700 ns, Total: 70404 ns
[79.685s][info ][safepoint      ] Safepoint "Cleanup", Time since last: 1000096634 ns, Reaching safepoint: 30802 ns, At safepoint: 3300 ns, Total: 34102 ns
[87.685s][info ][safepoint      ] Safepoint "Cleanup", Time since last: 8000596057 ns, Reaching safepoint: 59903 ns, At safepoint: 4101 ns, Total: 64004 ns
[88.117s][info ][safepoint      ] Safepoint "ICBufferFull", Time since last: 431413808 ns, Reaching safepoint: 178011 ns, At safepoint: 7700 ns, Total: 185711 ns
[88.302s][info ][safepoint      ] Safepoint "ICBufferFull", Time since last: 185197451 ns, Reaching safepoint: 254515 ns, At safepoint: 19401 ns, Total: 273916 ns
[88.952s][info ][safepoint      ] Safepoint "ICBufferFull", Time since last: 649084879 ns, Reaching safepoint: 237314 ns, At safepoint: 15801 ns, Total: 253115 ns
[89.021s][info ][safepoint      ] Safepoint "ICBufferFull", Time since last: 68927275 ns, Reaching safepoint: 269216 ns, At safepoint: 6300 ns, Total: 275516 ns
[89.143s][info ][safepoint      ] Safepoint "ICBufferFull", Time since last: 121752999 ns, Reaching safepoint: 314519 ns, At safepoint: 17801 ns, Total: 332320 ns
[89.319s][info ][gc,start       ] GC(125) Pause Young (Allocation Failure)
[89.339s][debug][gc,phases      ] GC(125) Scavenge 19.274ms
[89.339s][debug][gc,ref         ] GC(125) Skipped phase 1 of Reference Processing: no references
[89.339s][debug][gc,ref         ] GC(125) ReferenceProcessor::execute queues: 1, RefProcThreadModel::Single, marks_oops_alive: false
[89.339s][debug][gc,ref         ] GC(125) Skipped phase 3 of Reference Processing: no references
[89.339s][debug][gc,ref         ] GC(125) ReferenceProcessor::execute queues: 1, RefProcThreadModel::Single, marks_oops_alive: false
[89.339s][debug][gc,phases      ] GC(125) Reference Processing 0.242ms
[89.339s][debug][gc,phases      ] GC(125)   VM Weak                        Min:  0.0, Avg:  0.0, Max:  0.0, Diff:  0.0, Sum:  0.0, Workers: 4
[89.339s][debug][gc,phases      ] GC(125)     Dead                           Min: 0, Avg:  0.0, Max: 0, Diff: 0, Sum: 0, Workers: 4
[89.339s][debug][gc,phases      ] GC(125)     Total                          Min: 0, Avg: 158.5, Max: 384, Diff: 384, Sum: 634, Workers: 4
[89.339s][debug][gc,phases      ] GC(125)   ObjectSynchronizer Weak        Min:  0.0, Avg:  0.0, Max:  0.0, Diff:  0.0, Sum:  0.0, Workers: 4
[89.339s][debug][gc,phases      ] GC(125)     Dead                           Min: 0, Avg:  1.2, Max: 5, Diff: 5, Sum: 5, Workers: 4
[89.339s][debug][gc,phases      ] GC(125)     Total                          Min: 0, Avg: 102.0, Max: 216, Diff: 216, Sum: 408, Workers: 4
[89.339s][debug][gc,phases      ] GC(125)   JVMTI Tag Weak OopStorage      Min:  0.0, Avg:  0.0, Max:  0.0, Diff:  0.0, Sum:  0.0, Workers: 4
[89.339s][debug][gc,phases      ] GC(125)     Dead                           Min: 0, Avg:  0.0, Max: 0, Diff: 0, Sum: 0, Workers: 4
[89.339s][debug][gc,phases      ] GC(125)     Total                          Min: 0, Avg:  0.0, Max: 0, Diff: 0, Sum: 0, Workers: 4
[89.339s][debug][gc,phases      ] GC(125)   StringTable Weak               Min:  0.1, Avg:  0.1, Max:  0.1, Diff:  0.0, Sum:  0.6, Workers: 4
[89.339s][debug][gc,phases      ] GC(125)     Dead                           Min: 0, Avg:  1.2, Max: 3, Diff: 3, Sum: 5, Workers: 4
[89.339s][debug][gc,phases      ] GC(125)     Total                          Min: 11072, Avg: 11615.5, Max: 12416, Diff: 1344, Sum: 46462, Workers: 4
[89.339s][debug][gc,phases      ] GC(125)   ResolvedMethodTable Weak       Min:  0.0, Avg:  0.0, Max:  0.0, Diff:  0.0, Sum:  0.1, Workers: 4
[89.339s][debug][gc,phases      ] GC(125)     Dead                           Min: 11, Avg: 21.8, Max: 42, Diff: 31, Sum: 87, Workers: 4
[89.339s][debug][gc,phases      ] GC(125)     Total                          Min: 2007, Avg: 2037.5, Max: 2048, Diff: 41, Sum: 8150, Workers: 4
[89.339s][debug][gc,phases      ] GC(125)   JNI Weak                       Min:  0.0, Avg:  0.0, Max:  0.0, Diff:  0.0, Sum:  0.0, Workers: 4
[89.339s][debug][gc,phases      ] GC(125)     Dead                           Min: 0, Avg:  0.0, Max: 0, Diff: 0, Sum: 0, Workers: 4
[89.339s][debug][gc,phases      ] GC(125)     Total                          Min: 0, Avg:  6.8, Max: 27, Diff: 27, Sum: 27, Workers: 4
[89.339s][debug][gc,phases      ] GC(125)   StringDedup Table Weak         Min:  0.0, Avg:  0.0, Max:  0.0, Diff:  0.0, Sum:  0.0, Workers: 4
[89.339s][debug][gc,phases      ] GC(125)     Dead                           Min: 0, Avg:  0.0, Max: 0, Diff: 0, Sum: 0, Workers: 4
[89.339s][debug][gc,phases      ] GC(125)     Total                          Min: 0, Avg:  0.0, Max: 0, Diff: 0, Sum: 0, Workers: 4
[89.339s][debug][gc,phases      ] GC(125)   StringDedup Requests0 Weak     Min:  0.0, Avg:  0.0, Max:  0.0, Diff:  0.0, Sum:  0.0, Workers: 4
[89.339s][debug][gc,phases      ] GC(125)     Dead                           Min: 0, Avg:  0.0, Max: 0, Diff: 0, Sum: 0, Workers: 4
[89.339s][debug][gc,phases      ] GC(125)     Total                          Min: 0, Avg:  0.0, Max: 0, Diff: 0, Sum: 0, Workers: 4
[89.339s][debug][gc,phases      ] GC(125)   StringDedup Requests1 Weak     Min:  0.0, Avg:  0.0, Max:  0.0, Diff:  0.0, Sum:  0.0, Workers: 4
[89.339s][debug][gc,phases      ] GC(125)     Dead                           Min: 0, Avg:  0.0, Max: 0, Diff: 0, Sum: 0, Workers: 4
[89.339s][debug][gc,phases      ] GC(125)     Total                          Min: 0, Avg:  0.0, Max: 0, Diff: 0, Sum: 0, Workers: 4
[89.339s][debug][gc,phases      ] GC(125)   Weak JFR Old Object Samples    Min:  0.0, Avg:  0.0, Max:  0.0, Diff:  0.0, Sum:  0.0, Workers: 4
[89.339s][debug][gc,phases      ] GC(125)     Dead                           Min: 0, Avg:  0.0, Max: 0, Diff: 0, Sum: 0, Workers: 4
[89.339s][debug][gc,phases      ] GC(125)     Total                          Min: 0, Avg:  0.0, Max: 0, Diff: 0, Sum: 0, Workers: 4
[89.339s][debug][gc,phases      ] GC(125) Weak Processing 0.372ms
[89.339s][debug][gc,age         ] GC(125) Desired survivor size 471334912 bytes, new threshold 15 (max threshold 15)
[89.339s][info ][gc,heap        ] GC(125) PSYoungGen: 1190912K(1644032K)->64487K(1255424K) Eden: 1190912K(1190912K)->0K(1190912K) From: 0K(453120K)->64487K(64512K)
[89.339s][info ][gc,heap        ] GC(125) ParOldGen: 375110K(540160K)->375118K(540160K)
[89.339s][info ][gc,metaspace   ] GC(125) Metaspace: 79179K(80000K)->79179K(80000K) NonClass: 67846K(68288K)->67846K(68288K) Class: 11333K(11712K)->11333K(11712K)
[89.340s][info ][gc             ] GC(125) Pause Young (Allocation Failure) 1529M->429M(1753M) 20.029ms
[89.340s][info ][gc,cpu         ] GC(125) User=0.07s Sys=0.01s Real=0.02s
[89.340s][info ][safepoint      ] Safepoint "ParallelGCFailedAllocation", Time since last: 176205619 ns, Reaching safepoint: 179110 ns, At safepoint: 20127990 ns, Total: 20307100 ns
[89.427s][info ][safepoint      ] Safepoint "ICBufferFull", Time since last: 86883338 ns, Reaching safepoint: 161209 ns, At safepoint: 8101 ns, Total: 169310 ns
[89.579s][info ][safepoint      ] Safepoint "ICBufferFull", Time since last: 152378809 ns, Reaching safepoint: 242915 ns, At safepoint: 10100 ns, Total: 253015 ns
[89.696s][info ][safepoint      ] Safepoint "ICBufferFull", Time since last: 116145168 ns, Reaching safepoint: 233514 ns, At safepoint: 21501 ns, Total: 255015 ns
[89.696s][info ][safepoint      ] Safepoint "ICBufferFull", Time since last: 56203 ns, Reaching safepoint: 86305 ns, At safepoint: 15301 ns, Total: 101606 ns
[90.032s][info ][safepoint      ] Safepoint "ICBufferFull", Time since last: 336311786 ns, Reaching safepoint: 192111 ns, At safepoint: 10201 ns, Total: 202312 ns
[90.315s][info ][safepoint      ] Safepoint "ICBufferFull", Time since last: 282986432 ns, Reaching safepoint: 150909 ns, At safepoint: 11800 ns, Total: 162709 ns
[90.570s][info ][safepoint      ] Safepoint "ICBufferFull", Time since last: 254135927 ns, Reaching safepoint: 165110 ns, At safepoint: 2500 ns, Total: 167610 ns
[91.512s][info ][safepoint      ] Safepoint "ICBufferFull", Time since last: 942215411 ns, Reaching safepoint: 148309 ns, At safepoint: 8200 ns, Total: 156509 ns
[91.620s][info ][safepoint      ] Safepoint "ICBufferFull", Time since last: 107173437 ns, Reaching safepoint: 217713 ns, At safepoint: 9100 ns, Total: 226813 ns
[91.770s][info ][safepoint      ] Safepoint "ICBufferFull", Time since last: 150540702 ns, Reaching safepoint: 165909 ns, At safepoint: 6001 ns, Total: 171910 ns
[92.513s][info ][safepoint      ] Safepoint "ICBufferFull", Time since last: 742038275 ns, Reaching safepoint: 221413 ns, At safepoint: 12601 ns, Total: 234014 ns
[92.976s][info ][safepoint      ] Safepoint "ICBufferFull", Time since last: 462984975 ns, Reaching safepoint: 169810 ns, At safepoint: 7700 ns, Total: 177510 ns
[93.517s][info ][safepoint      ] Safepoint "ICBufferFull", Time since last: 540630767 ns, Reaching safepoint: 185311 ns, At safepoint: 10500 ns, Total: 195811 ns
[94.213s][info ][safepoint      ] Safepoint "ICBufferFull", Time since last: 695881446 ns, Reaching safepoint: 167310 ns, At safepoint: 12401 ns, Total: 179711 ns
[94.968s][info ][safepoint      ] Safepoint "ICBufferFull", Time since last: 754745526 ns, Reaching safepoint: 164510 ns, At safepoint: 12901 ns, Total: 177411 ns
[95.968s][info ][safepoint      ] Safepoint "Cleanup", Time since last: 1000088333 ns, Reaching safepoint: 90505 ns, At safepoint: 6300 ns, Total: 96805 ns
[97.262s][info ][safepoint      ] Safepoint "ICBufferFull", Time since last: 1294546744 ns, Reaching safepoint: 204712 ns, At safepoint: 6200 ns, Total: 210912 ns
[98.263s][info ][safepoint      ] Safepoint "Cleanup", Time since last: 1000107034 ns, Reaching safepoint: 172611 ns, At safepoint: 9000 ns, Total: 181611 ns
[99.263s][info ][safepoint      ] Safepoint "Cleanup", Time since last: 1000113635 ns, Reaching safepoint: 136708 ns, At safepoint: 13200 ns, Total: 149908 ns
[100.263s][info ][safepoint      ] Safepoint "Cleanup", Time since last: 1000111435 ns, Reaching safepoint: 158209 ns, At safepoint: 11901 ns, Total: 170110 ns
[101.264s][info ][safepoint      ] Safepoint "Cleanup", Time since last: 1000106734 ns, Reaching safepoint: 150809 ns, At safepoint: 9300 ns, Total: 160109 ns
[102.264s][info ][safepoint      ] Safepoint "Cleanup", Time since last: 1000112335 ns, Reaching safepoint: 152309 ns, At safepoint: 9200 ns, Total: 161509 ns
[103.264s][info ][safepoint      ] Safepoint "Cleanup", Time since last: 1000110534 ns, Reaching safepoint: 140609 ns, At safepoint: 9700 ns, Total: 150309 ns
[104.264s][info ][safepoint      ] Safepoint "Cleanup", Time since last: 1000108134 ns, Reaching safepoint: 157610 ns, At safepoint: 9800 ns, Total: 167410 ns
[105.265s][info ][safepoint      ] Safepoint "Cleanup", Time since last: 1000109934 ns, Reaching safepoint: 154010 ns, At safepoint: 9200 ns, Total: 163210 ns
[106.265s][info ][safepoint      ] Safepoint "Cleanup", Time since last: 1000113335 ns, Reaching safepoint: 123407 ns, At safepoint: 10700 ns, Total: 134107 ns
[107.265s][info ][safepoint      ] Safepoint "Cleanup", Time since last: 1000109935 ns, Reaching safepoint: 125407 ns, At safepoint: 5800 ns, Total: 131207 ns
[108.265s][info ][safepoint      ] Safepoint "Cleanup", Time since last: 1000103234 ns, Reaching safepoint: 131108 ns, At safepoint: 13201 ns, Total: 144309 ns
[109.588s][info ][safepoint      ] Safepoint "Cleanup", Time since last: 1321995266 ns, Reaching safepoint: 160610 ns, At safepoint: 5800 ns, Total: 166410 ns
[110.588s][info ][safepoint      ] Safepoint "Cleanup", Time since last: 1000103634 ns, Reaching safepoint: 54803 ns, At safepoint: 6101 ns, Total: 60904 ns
[111.719s][info ][safepoint      ] Safepoint "Cleanup", Time since last: 1130882166 ns, Reaching safepoint: 143508 ns, At safepoint: 16001 ns, Total: 159509 ns
[112.719s][info ][safepoint      ] Safepoint "Cleanup", Time since last: 1000106134 ns, Reaching safepoint: 58004 ns, At safepoint: 9900 ns, Total: 67904 ns
[113.719s][info ][safepoint      ] Safepoint "Cleanup", Time since last: 1000118635 ns, Reaching safepoint: 56703 ns, At safepoint: 5201 ns, Total: 61904 ns
[114.719s][info ][safepoint      ] Safepoint "Cleanup", Time since last: 1000097033 ns, Reaching safepoint: 123408 ns, At safepoint: 11300 ns, Total: 134708 ns
[115.720s][info ][safepoint      ] Safepoint "Cleanup", Time since last: 1000101734 ns, Reaching safepoint: 213513 ns, At safepoint: 11400 ns, Total: 224913 ns
[115.746s][info ][gc,start       ] GC(126) Pause Young (Allocation Failure)
[115.766s][debug][gc,phases      ] GC(126) Scavenge 20.403ms
[115.766s][debug][gc,ref         ] GC(126) Skipped phase 1 of Reference Processing: no references
[115.767s][debug][gc,ref         ] GC(126) ReferenceProcessor::execute queues: 1, RefProcThreadModel::Single, marks_oops_alive: false
[115.767s][debug][gc,ref         ] GC(126) ReferenceProcessor::execute queues: 4, RefProcThreadModel::Multi, marks_oops_alive: true
[115.771s][debug][gc,ref         ] GC(126) ReferenceProcessor::execute queues: 1, RefProcThreadModel::Single, marks_oops_alive: false
[115.771s][debug][gc,phases      ] GC(126) Reference Processing 4.663ms
[115.772s][debug][gc,phases      ] GC(126)   VM Weak                        Min:  0.0, Avg:  0.0, Max:  0.0, Diff:  0.0, Sum:  0.0, Workers: 4
[115.772s][debug][gc,phases      ] GC(126)     Dead                           Min: 0, Avg:  0.0, Max: 0, Diff: 0, Sum: 0, Workers: 4
[115.772s][debug][gc,phases      ] GC(126)     Total                          Min: 0, Avg: 160.8, Max: 576, Diff: 576, Sum: 643, Workers: 4
[115.772s][debug][gc,phases      ] GC(126)   ObjectSynchronizer Weak        Min:  0.0, Avg:  0.0, Max:  0.0, Diff:  0.0, Sum:  0.0, Workers: 4
[115.772s][debug][gc,phases      ] GC(126)     Dead                           Min: 0, Avg:  0.0, Max: 0, Diff: 0, Sum: 0, Workers: 4
[115.772s][debug][gc,phases      ] GC(126)     Total                          Min: 0, Avg: 102.2, Max: 217, Diff: 217, Sum: 409, Workers: 4
[115.772s][debug][gc,phases      ] GC(126)   JVMTI Tag Weak OopStorage      Min:  0.0, Avg:  0.0, Max:  0.0, Diff:  0.0, Sum:  0.0, Workers: 4
[115.772s][debug][gc,phases      ] GC(126)     Dead                           Min: 0, Avg:  0.0, Max: 0, Diff: 0, Sum: 0, Workers: 4
[115.772s][debug][gc,phases      ] GC(126)     Total                          Min: 0, Avg:  0.0, Max: 0, Diff: 0, Sum: 0, Workers: 4
[115.772s][debug][gc,phases      ] GC(126)   StringTable Weak               Min:  0.0, Avg:  0.2, Max:  0.3, Diff:  0.3, Sum:  0.6, Workers: 4
[115.772s][debug][gc,phases      ] GC(126)     Dead                           Min: 0, Avg:  1.2, Max: 3, Diff: 3, Sum: 5, Workers: 4
[115.772s][debug][gc,phases      ] GC(126)     Total                          Min: 0, Avg: 11788.5, Max: 24960, Diff: 24960, Sum: 47154, Workers: 4
[115.772s][debug][gc,phases      ] GC(126)   ResolvedMethodTable Weak       Min:  0.0, Avg:  0.0, Max:  0.1, Diff:  0.1, Sum:  0.1, Workers: 4
[115.772s][debug][gc,phases      ] GC(126)     Dead                           Min: 0, Avg:  0.0, Max: 0, Diff: 0, Sum: 0, Workers: 4
[115.772s][debug][gc,phases      ] GC(126)     Total                          Min: 0, Avg: 2068.5, Max: 4499, Diff: 4499, Sum: 8274, Workers: 4
[115.772s][debug][gc,phases      ] GC(126)   JNI Weak                       Min:  0.0, Avg:  0.0, Max:  0.0, Diff:  0.0, Sum:  0.0, Workers: 4
[115.772s][debug][gc,phases      ] GC(126)     Dead                           Min: 0, Avg:  0.0, Max: 0, Diff: 0, Sum: 0, Workers: 4
[115.772s][debug][gc,phases      ] GC(126)     Total                          Min: 0, Avg:  0.0, Max: 0, Diff: 0, Sum: 0, Workers: 4
[115.772s][debug][gc,phases      ] GC(126)   StringDedup Table Weak         Min:  0.0, Avg:  0.0, Max:  0.0, Diff:  0.0, Sum:  0.0, Workers: 4
[115.772s][debug][gc,phases      ] GC(126)     Dead                           Min: 0, Avg:  0.0, Max: 0, Diff: 0, Sum: 0, Workers: 4
[115.772s][debug][gc,phases      ] GC(126)     Total                          Min: 0, Avg:  0.0, Max: 0, Diff: 0, Sum: 0, Workers: 4
[115.772s][debug][gc,phases      ] GC(126)   StringDedup Requests0 Weak     Min:  0.0, Avg:  0.0, Max:  0.0, Diff:  0.0, Sum:  0.0, Workers: 4
[115.772s][debug][gc,phases      ] GC(126)     Dead                           Min: 0, Avg:  0.0, Max: 0, Diff: 0, Sum: 0, Workers: 4
[115.772s][debug][gc,phases      ] GC(126)     Total                          Min: 0, Avg:  0.0, Max: 0, Diff: 0, Sum: 0, Workers: 4
[115.772s][debug][gc,phases      ] GC(126)   StringDedup Requests1 Weak     Min:  0.0, Avg:  0.0, Max:  0.0, Diff:  0.0, Sum:  0.0, Workers: 4
[115.772s][debug][gc,phases      ] GC(126)     Dead                           Min: 0, Avg:  0.0, Max: 0, Diff: 0, Sum: 0, Workers: 4
[115.772s][debug][gc,phases      ] GC(126)     Total                          Min: 0, Avg:  0.0, Max: 0, Diff: 0, Sum: 0, Workers: 4
[115.772s][debug][gc,phases      ] GC(126)   Weak JFR Old Object Samples    Min:  0.0, Avg:  0.0, Max:  0.0, Diff:  0.0, Sum:  0.0, Workers: 4
[115.772s][debug][gc,phases      ] GC(126)     Dead                           Min: 0, Avg:  0.0, Max: 0, Diff: 0, Sum: 0, Workers: 4
[115.772s][debug][gc,phases      ] GC(126)     Total                          Min: 0, Avg:  0.0, Max: 0, Diff: 0, Sum: 0, Workers: 4
[115.772s][debug][gc,phases      ] GC(126) Weak Processing 0.629ms
[115.772s][debug][gc,age         ] GC(126) Desired survivor size 471859200 bytes, new threshold 15 (max threshold 15)
[115.772s][info ][gc,heap        ] GC(126) PSYoungGen: 1255399K(1255424K)->68861K(1635840K) Eden: 1190912K(1190912K)->0K(1175552K) From: 64487K(64512K)->68861K(460288K)
[115.772s][info ][gc,heap        ] GC(126) ParOldGen: 375118K(540160K)->375126K(540160K)
[115.772s][info ][gc,metaspace   ] GC(126) Metaspace: 80769K(81536K)->80769K(81536K) NonClass: 69341K(69760K)->69341K(69760K) Class: 11428K(11776K)->11428K(11776K)
[115.772s][info ][gc             ] GC(126) Pause Young (Allocation Failure) 1592M->433M(2125M) 25.860ms
[115.772s][info ][gc,cpu         ] GC(126) User=0.08s Sys=0.00s Real=0.02s
[115.772s][info ][safepoint      ] Safepoint "ParallelGCFailedAllocation", Time since last: 26178448 ns, Reaching safepoint: 78605 ns, At safepoint: 25967935 ns, Total: 26046540 ns
[116.772s][info ][safepoint      ] Safepoint "Cleanup", Time since last: 1000091233 ns, Reaching safepoint: 51203 ns, At safepoint: 3400 ns, Total: 54603 ns
[117.772s][info ][safepoint      ] Safepoint "Cleanup", Time since last: 1000111035 ns, Reaching safepoint: 51103 ns, At safepoint: 8500 ns, Total: 59603 ns
[118.772s][info ][safepoint      ] Safepoint "Cleanup", Time since last: 1000113435 ns, Reaching safepoint: 58503 ns, At safepoint: 13801 ns, Total: 72304 ns
[119.773s][info ][safepoint      ] Safepoint "Cleanup", Time since last: 1000114434 ns, Reaching safepoint: 53003 ns, At safepoint: 3801 ns, Total: 56804 ns
[120.773s][info ][safepoint      ] Safepoint "Cleanup", Time since last: 1000107534 ns, Reaching safepoint: 66204 ns, At safepoint: 9500 ns, Total: 75704 ns
[121.773s][info ][safepoint      ] Safepoint "Cleanup", Time since last: 1000107534 ns, Reaching safepoint: 52903 ns, At safepoint: 10901 ns, Total: 63804 ns
[122.773s][info ][safepoint      ] Safepoint "Cleanup", Time since last: 1000109334 ns, Reaching safepoint: 53603 ns, At safepoint: 23902 ns, Total: 77505 ns
[123.773s][info ][safepoint      ] Safepoint "Cleanup", Time since last: 1000134635 ns, Reaching safepoint: 60104 ns, At safepoint: 10201 ns, Total: 70305 ns
[124.773s][info ][safepoint      ] Safepoint "Cleanup", Time since last: 1000113034 ns, Reaching safepoint: 56603 ns, At safepoint: 3000 ns, Total: 59603 ns
[125.774s][info ][safepoint      ] Safepoint "Cleanup", Time since last: 1000109935 ns, Reaching safepoint: 62603 ns, At safepoint: 9301 ns, Total: 71904 ns
[126.774s][info ][safepoint      ] Safepoint "Cleanup", Time since last: 1000127735 ns, Reaching safepoint: 52003 ns, At safepoint: 4700 ns, Total: 56703 ns
[127.774s][info ][safepoint      ] Safepoint "Cleanup", Time since last: 1000111835 ns, Reaching safepoint: 62603 ns, At safepoint: 8201 ns, Total: 70804 ns
[128.774s][info ][safepoint      ] Safepoint "Cleanup", Time since last: 1000110734 ns, Reaching safepoint: 47303 ns, At safepoint: 6100 ns, Total: 53403 ns
[129.774s][info ][safepoint      ] Safepoint "Cleanup", Time since last: 1000119535 ns, Reaching safepoint: 56003 ns, At safepoint: 6101 ns, Total: 62104 ns
[130.775s][info ][safepoint      ] Safepoint "Cleanup", Time since last: 1000088733 ns, Reaching safepoint: 48602 ns, At safepoint: 4001 ns, Total: 52603 ns
[131.775s][info ][safepoint      ] Safepoint "Cleanup", Time since last: 1000104234 ns, Reaching safepoint: 49102 ns, At safepoint: 3401 ns, Total: 52503 ns
[132.775s][info ][safepoint      ] Safepoint "Cleanup", Time since last: 1000144036 ns, Reaching safepoint: 59203 ns, At safepoint: 9801 ns, Total: 69004 ns
[133.775s][info ][safepoint      ] Safepoint "Cleanup", Time since last: 1000146636 ns, Reaching safepoint: 64704 ns, At safepoint: 10001 ns, Total: 74705 ns
[134.775s][info ][safepoint      ] Safepoint "Cleanup", Time since last: 1000106234 ns, Reaching safepoint: 105006 ns, At safepoint: 9200 ns, Total: 114206 ns
[135.775s][info ][safepoint      ] Safepoint "Cleanup", Time since last: 1000097234 ns, Reaching safepoint: 79504 ns, At safepoint: 5901 ns, Total: 85405 ns
[136.776s][info ][safepoint      ] Safepoint "Cleanup", Time since last: 1000102534 ns, Reaching safepoint: 58503 ns, At safepoint: 5600 ns, Total: 64103 ns
[137.776s][info ][safepoint      ] Safepoint "Cleanup", Time since last: 1000106134 ns, Reaching safepoint: 50603 ns, At safepoint: 4601 ns, Total: 55204 ns
[138.776s][info ][safepoint      ] Safepoint "Cleanup", Time since last: 1000110134 ns, Reaching safepoint: 55603 ns, At safepoint: 3300 ns, Total: 58903 ns
[140.776s][info ][safepoint      ] Safepoint "Cleanup", Time since last: 2000154665 ns, Reaching safepoint: 59403 ns, At safepoint: 9501 ns, Total: 68904 ns
[142.203s][info ][safepoint      ] Safepoint "Cleanup", Time since last: 1426752160 ns, Reaching safepoint: 262616 ns, At safepoint: 12300 ns, Total: 274916 ns
[143.203s][info ][safepoint      ] Safepoint "Cleanup", Time since last: 1000099834 ns, Reaching safepoint: 55403 ns, At safepoint: 5901 ns, Total: 61304 ns
[144.204s][info ][safepoint      ] Safepoint "Cleanup", Time since last: 1000096933 ns, Reaching safepoint: 50303 ns, At safepoint: 16301 ns, Total: 66604 ns
[145.204s][info ][safepoint      ] Safepoint "Cleanup", Time since last: 1000106534 ns, Reaching safepoint: 57403 ns, At safepoint: 5001 ns, Total: 62404 ns
[146.204s][info ][safepoint      ] Safepoint "Cleanup", Time since last: 1000104733 ns, Reaching safepoint: 52704 ns, At safepoint: 5200 ns, Total: 57904 ns
[147.204s][info ][safepoint      ] Safepoint "Cleanup", Time since last: 1000105334 ns, Reaching safepoint: 50603 ns, At safepoint: 2800 ns, Total: 53403 ns
[148.204s][info ][safepoint      ] Safepoint "Cleanup", Time since last: 1000107034 ns, Reaching safepoint: 54503 ns, At safepoint: 3400 ns, Total: 57903 ns
[149.204s][info ][safepoint      ] Safepoint "Cleanup", Time since last: 1000106034 ns, Reaching safepoint: 50003 ns, At safepoint: 3500 ns, Total: 53503 ns
[150.205s][info ][safepoint      ] Safepoint "Cleanup", Time since last: 1000126135 ns, Reaching safepoint: 56304 ns, At safepoint: 7000 ns, Total: 63304 ns
[151.205s][info ][safepoint      ] Safepoint "Cleanup", Time since last: 1000094333 ns, Reaching safepoint: 55004 ns, At safepoint: 6300 ns, Total: 61304 ns
[152.205s][info ][safepoint      ] Safepoint "Cleanup", Time since last: 1000108234 ns, Reaching safepoint: 41103 ns, At safepoint: 7400 ns, Total: 48503 ns
[153.205s][info ][safepoint      ] Safepoint "Cleanup", Time since last: 1000094533 ns, Reaching safepoint: 57504 ns, At safepoint: 5700 ns, Total: 63204 ns
[154.205s][info ][safepoint      ] Safepoint "Cleanup", Time since last: 1000109834 ns, Reaching safepoint: 61004 ns, At safepoint: 8600 ns, Total: 69604 ns
[155.205s][info ][safepoint      ] Safepoint "Cleanup", Time since last: 1000121435 ns, Reaching safepoint: 51803 ns, At safepoint: 5500 ns, Total: 57303 ns
[156.206s][info ][safepoint      ] Safepoint "Cleanup", Time since last: 1000107934 ns, Reaching safepoint: 54004 ns, At safepoint: 6500 ns, Total: 60504 ns
[157.206s][info ][safepoint      ] Safepoint "Cleanup", Time since last: 1000105434 ns, Reaching safepoint: 55403 ns, At safepoint: 3400 ns, Total: 58803 ns
[158.206s][info ][safepoint      ] Safepoint "Cleanup", Time since last: 1000097134 ns, Reaching safepoint: 52003 ns, At safepoint: 6700 ns, Total: 58703 ns
[159.206s][info ][safepoint      ] Safepoint "Cleanup", Time since last: 1000100934 ns, Reaching safepoint: 56403 ns, At safepoint: 8201 ns, Total: 64604 ns
[160.206s][info ][safepoint      ] Safepoint "Cleanup", Time since last: 1000147036 ns, Reaching safepoint: 67004 ns, At safepoint: 10901 ns, Total: 77905 ns
[161.206s][info ][safepoint      ] Safepoint "Cleanup", Time since last: 1000111234 ns, Reaching safepoint: 54103 ns, At safepoint: 3800 ns, Total: 57903 ns
[162.207s][info ][safepoint      ] Safepoint "Cleanup", Time since last: 1000104334 ns, Reaching safepoint: 82905 ns, At safepoint: 6300 ns, Total: 89205 ns
[163.207s][info ][safepoint      ] Safepoint "Cleanup", Time since last: 1000116135 ns, Reaching safepoint: 120807 ns, At safepoint: 11401 ns, Total: 132208 ns
[164.207s][info ][safepoint      ] Safepoint "Cleanup", Time since last: 1000065731 ns, Reaching safepoint: 69404 ns, At safepoint: 6101 ns, Total: 75505 ns
[165.207s][info ][safepoint      ] Safepoint "Cleanup", Time since last: 1000106233 ns, Reaching safepoint: 59104 ns, At safepoint: 6900 ns, Total: 66004 ns
[166.207s][info ][safepoint      ] Safepoint "Cleanup", Time since last: 1000103734 ns, Reaching safepoint: 53503 ns, At safepoint: 7801 ns, Total: 61304 ns
[168.208s][info ][safepoint      ] Safepoint "Cleanup", Time since last: 2000171665 ns, Reaching safepoint: 48703 ns, At safepoint: 6700 ns, Total: 55403 ns
[169.066s][info ][gc,start       ] GC(127) Pause Young (Allocation Failure)
[169.078s][debug][gc,phases      ] GC(127) Scavenge 12.316ms
[169.078s][debug][gc,ref         ] GC(127) Skipped phase 1 of Reference Processing: no references
[169.078s][debug][gc,ref         ] GC(127) ReferenceProcessor::execute queues: 1, RefProcThreadModel::Single, marks_oops_alive: false
[169.078s][debug][gc,ref         ] GC(127) Skipped phase 3 of Reference Processing: no references
[169.078s][debug][gc,ref         ] GC(127) ReferenceProcessor::execute queues: 1, RefProcThreadModel::Single, marks_oops_alive: false
[169.078s][debug][gc,phases      ] GC(127) Reference Processing 0.144ms
[169.078s][debug][gc,phases      ] GC(127)   VM Weak                        Min:  0.0, Avg:  0.0, Max:  0.0, Diff:  0.0, Sum:  0.0, Workers: 4
[169.078s][debug][gc,phases      ] GC(127)     Dead                           Min: 0, Avg:  0.0, Max: 0, Diff: 0, Sum: 0, Workers: 4
[169.078s][debug][gc,phases      ] GC(127)     Total                          Min: 0, Avg: 160.8, Max: 384, Diff: 384, Sum: 643, Workers: 4
[169.078s][debug][gc,phases      ] GC(127)   ObjectSynchronizer Weak        Min:  0.0, Avg:  0.0, Max:  0.0, Diff:  0.0, Sum:  0.0, Workers: 4
[169.078s][debug][gc,phases      ] GC(127)     Dead                           Min: 0, Avg:  0.0, Max: 0, Diff: 0, Sum: 0, Workers: 4
[169.078s][debug][gc,phases      ] GC(127)     Total                          Min: 0, Avg: 103.0, Max: 220, Diff: 220, Sum: 412, Workers: 4
[169.078s][debug][gc,phases      ] GC(127)   JVMTI Tag Weak OopStorage      Min:  0.0, Avg:  0.0, Max:  0.0, Diff:  0.0, Sum:  0.0, Workers: 4
[169.078s][debug][gc,phases      ] GC(127)     Dead                           Min: 0, Avg:  0.0, Max: 0, Diff: 0, Sum: 0, Workers: 4
[169.078s][debug][gc,phases      ] GC(127)     Total                          Min: 0, Avg:  0.0, Max: 0, Diff: 0, Sum: 0, Workers: 4
[169.078s][debug][gc,phases      ] GC(127)   StringTable Weak               Min:  0.1, Avg:  0.1, Max:  0.1, Diff:  0.0, Sum:  0.5, Workers: 4
[169.078s][debug][gc,phases      ] GC(127)     Dead                           Min: 0, Avg:  0.0, Max: 0, Diff: 0, Sum: 0, Workers: 4
[169.078s][debug][gc,phases      ] GC(127)     Total                          Min: 11008, Avg: 11809.2, Max: 12485, Diff: 1477, Sum: 47237, Workers: 4
[169.078s][debug][gc,phases      ] GC(127)   ResolvedMethodTable Weak       Min:  0.0, Avg:  0.0, Max:  0.0, Diff:  0.0, Sum:  0.1, Workers: 4
[169.078s][debug][gc,phases      ] GC(127)     Dead                           Min: 0, Avg:  0.2, Max: 1, Diff: 1, Sum: 1, Workers: 4
[169.078s][debug][gc,phases      ] GC(127)     Total                          Min: 1945, Avg: 2006.0, Max: 2068, Diff: 123, Sum: 8024, Workers: 4
[169.078s][debug][gc,phases      ] GC(127)   JNI Weak                       Min:  0.0, Avg:  0.0, Max:  0.0, Diff:  0.0, Sum:  0.0, Workers: 4
[169.078s][debug][gc,phases      ] GC(127)     Dead                           Min: 0, Avg:  0.0, Max: 0, Diff: 0, Sum: 0, Workers: 4
[169.078s][debug][gc,phases      ] GC(127)     Total                          Min: 0, Avg:  0.0, Max: 0, Diff: 0, Sum: 0, Workers: 4
[169.078s][debug][gc,phases      ] GC(127)   StringDedup Table Weak         Min:  0.0, Avg:  0.0, Max:  0.0, Diff:  0.0, Sum:  0.0, Workers: 4
[169.078s][debug][gc,phases      ] GC(127)     Dead                           Min: 0, Avg:  0.0, Max: 0, Diff: 0, Sum: 0, Workers: 4
[169.078s][debug][gc,phases      ] GC(127)     Total                          Min: 0, Avg:  0.0, Max: 0, Diff: 0, Sum: 0, Workers: 4
[169.078s][debug][gc,phases      ] GC(127)   StringDedup Requests0 Weak     Min:  0.0, Avg:  0.0, Max:  0.0, Diff:  0.0, Sum:  0.0, Workers: 4
[169.078s][debug][gc,phases      ] GC(127)     Dead                           Min: 0, Avg:  0.0, Max: 0, Diff: 0, Sum: 0, Workers: 4
[169.078s][debug][gc,phases      ] GC(127)     Total                          Min: 0, Avg:  0.0, Max: 0, Diff: 0, Sum: 0, Workers: 4
[169.078s][debug][gc,phases      ] GC(127)   StringDedup Requests1 Weak     Min:  0.0, Avg:  0.0, Max:  0.0, Diff:  0.0, Sum:  0.0, Workers: 4
[169.078s][debug][gc,phases      ] GC(127)     Dead                           Min: 0, Avg:  0.0, Max: 0, Diff: 0, Sum: 0, Workers: 4
[169.078s][debug][gc,phases      ] GC(127)     Total                          Min: 0, Avg:  0.0, Max: 0, Diff: 0, Sum: 0, Workers: 4
[169.078s][debug][gc,phases      ] GC(127)   Weak JFR Old Object Samples    Min:  0.0, Avg:  0.0, Max:  0.0, Diff:  0.0, Sum:  0.0, Workers: 4
[169.078s][debug][gc,phases      ] GC(127)     Dead                           Min: 0, Avg:  0.0, Max: 0, Diff: 0, Sum: 0, Workers: 4
[169.078s][debug][gc,phases      ] GC(127)     Total                          Min: 0, Avg:  0.0, Max: 0, Diff: 0, Sum: 0, Workers: 4
[169.079s][debug][gc,phases      ] GC(127) Weak Processing 0.355ms
[169.079s][debug][gc,age         ] GC(127) Desired survivor size 468713472 bytes, new threshold 15 (max threshold 15)
[169.079s][info ][gc,heap        ] GC(127) PSYoungGen: 1244413K(1635840K)->68893K(1636352K) Eden: 1175552K(1175552K)->0K(1175552K) From: 68861K(460288K)->68893K(460800K)
[169.079s][info ][gc,heap        ] GC(127) ParOldGen: 375126K(540160K)->375134K(540160K)
[169.079s][info ][gc,metaspace   ] GC(127) Metaspace: 80974K(81792K)->80974K(81792K) NonClass: 69544K(70016K)->69544K(70016K) Class: 11430K(11776K)->11430K(11776K)
[169.079s][info ][gc             ] GC(127) Pause Young (Allocation Failure) 1581M->433M(2125M) 12.962ms
[169.079s][info ][gc,cpu         ] GC(127) User=0.05s Sys=0.00s Real=0.01s
[169.079s][info ][safepoint      ] Safepoint "ParallelGCFailedAllocation", Time since last: 857879725 ns, Reaching safepoint: 65504 ns, At safepoint: 13059072 ns, Total: 13124576 ns
[170.079s][info ][safepoint      ] Safepoint "Cleanup", Time since last: 1000083332 ns, Reaching safepoint: 54804 ns, At safepoint: 8000 ns, Total: 62804 ns
[171.079s][info ][safepoint      ] Safepoint "Cleanup", Time since last: 1000123235 ns, Reaching safepoint: 54603 ns, At safepoint: 8101 ns, Total: 62704 ns
[172.079s][info ][safepoint      ] Safepoint "Cleanup", Time since last: 1000117834 ns, Reaching safepoint: 54603 ns, At safepoint: 4401 ns, Total: 59004 ns
[173.079s][info ][safepoint      ] Safepoint "Cleanup", Time since last: 1000098633 ns, Reaching safepoint: 49703 ns, At safepoint: 9801 ns, Total: 59504 ns
[175.079s][info ][safepoint      ] Safepoint "Cleanup", Time since last: 2000167365 ns, Reaching safepoint: 54403 ns, At safepoint: 9101 ns, Total: 63504 ns
[176.080s][info ][safepoint      ] Safepoint "Cleanup", Time since last: 1000139735 ns, Reaching safepoint: 48403 ns, At safepoint: 2900 ns, Total: 51303 ns
[177.080s][info ][safepoint      ] Safepoint "Cleanup", Time since last: 1000116635 ns, Reaching safepoint: 52603 ns, At safepoint: 6701 ns, Total: 59304 ns
[178.080s][info ][safepoint      ] Safepoint "Cleanup", Time since last: 1000110734 ns, Reaching safepoint: 55103 ns, At safepoint: 10801 ns, Total: 65904 ns
[179.080s][info ][safepoint      ] Safepoint "Cleanup", Time since last: 1000149736 ns, Reaching safepoint: 78805 ns, At safepoint: 7900 ns, Total: 86705 ns
[181.081s][info ][safepoint      ] Safepoint "Cleanup", Time since last: 2000216168 ns, Reaching safepoint: 52403 ns, At safepoint: 3600 ns, Total: 56003 ns
[182.081s][info ][safepoint      ] Safepoint "Cleanup", Time since last: 1000115335 ns, Reaching safepoint: 54703 ns, At safepoint: 4600 ns, Total: 59303 ns
[183.081s][info ][safepoint      ] Safepoint "Cleanup", Time since last: 1000100134 ns, Reaching safepoint: 133008 ns, At safepoint: 16501 ns, Total: 149509 ns
[186.081s][info ][safepoint      ] Safepoint "Cleanup", Time since last: 3000249497 ns, Reaching safepoint: 54204 ns, At safepoint: 12500 ns, Total: 66704 ns
[187.081s][info ][safepoint      ] Safepoint "Cleanup", Time since last: 1000115835 ns, Reaching safepoint: 53703 ns, At safepoint: 7700 ns, Total: 61403 ns
[188.082s][info ][safepoint      ] Safepoint "Cleanup", Time since last: 1000105734 ns, Reaching safepoint: 57804 ns, At safepoint: 6300 ns, Total: 64104 ns
[190.082s][info ][safepoint      ] Safepoint "Cleanup", Time since last: 2000175566 ns, Reaching safepoint: 57403 ns, At safepoint: 3600 ns, Total: 61003 ns
[192.082s][info ][safepoint      ] Safepoint "Cleanup", Time since last: 2000177566 ns, Reaching safepoint: 47403 ns, At safepoint: 3800 ns, Total: 51203 ns
[193.082s][info ][safepoint      ] Safepoint "Cleanup", Time since last: 1000126035 ns, Reaching safepoint: 59403 ns, At safepoint: 12001 ns, Total: 71404 ns
[194.083s][info ][safepoint      ] Safepoint "Cleanup", Time since last: 1000129135 ns, Reaching safepoint: 57404 ns, At safepoint: 12400 ns, Total: 69804 ns
[195.083s][info ][safepoint      ] Safepoint "Cleanup", Time since last: 1000120635 ns, Reaching safepoint: 62104 ns, At safepoint: 8400 ns, Total: 70504 ns
[199.083s][info ][safepoint      ] Safepoint "Cleanup", Time since last: 4000388734 ns, Reaching safepoint: 63403 ns, At safepoint: 4201 ns, Total: 67604 ns
[200.083s][info ][safepoint      ] Safepoint "Cleanup", Time since last: 1000102933 ns, Reaching safepoint: 68204 ns, At safepoint: 8601 ns, Total: 76805 ns
[201.084s][info ][safepoint      ] Safepoint "Cleanup", Time since last: 1000114234 ns, Reaching safepoint: 136608 ns, At safepoint: 12001 ns, Total: 148609 ns
[203.084s][info ][safepoint      ] Safepoint "Cleanup", Time since last: 2000198067 ns, Reaching safepoint: 58403 ns, At safepoint: 11701 ns, Total: 70104 ns
[204.084s][info ][safepoint      ] Safepoint "Cleanup", Time since last: 1000094333 ns, Reaching safepoint: 53503 ns, At safepoint: 3101 ns, Total: 56604 ns
[205.084s][info ][safepoint      ] Safepoint "Cleanup", Time since last: 1000118034 ns, Reaching safepoint: 53803 ns, At safepoint: 6401 ns, Total: 60204 ns
[206.084s][info ][safepoint      ] Safepoint "Cleanup", Time since last: 1000096833 ns, Reaching safepoint: 57903 ns, At safepoint: 8001 ns, Total: 65904 ns
[207.085s][info ][safepoint      ] Safepoint "Cleanup", Time since last: 1000128335 ns, Reaching safepoint: 47503 ns, At safepoint: 2800 ns, Total: 50303 ns
[209.085s][info ][safepoint      ] Safepoint "Cleanup", Time since last: 2000156364 ns, Reaching safepoint: 59504 ns, At safepoint: 8400 ns, Total: 67904 ns
[210.414s][info ][safepoint      ] Safepoint "Cleanup", Time since last: 1329402905 ns, Reaching safepoint: 162109 ns, At safepoint: 8701 ns, Total: 170810 ns
[211.662s][info ][safepoint      ] Safepoint "Cleanup", Time since last: 1247056735 ns, Reaching safepoint: 153609 ns, At safepoint: 11201 ns, Total: 164810 ns
[212.662s][info ][safepoint      ] Safepoint "Cleanup", Time since last: 1000094533 ns, Reaching safepoint: 122808 ns, At safepoint: 5700 ns, Total: 128508 ns
[215.662s][info ][safepoint      ] Safepoint "Cleanup", Time since last: 3000236097 ns, Reaching safepoint: 119907 ns, At safepoint: 8800 ns, Total: 128707 ns
[216.662s][info ][safepoint      ] Safepoint "Cleanup", Time since last: 1000097833 ns, Reaching safepoint: 118307 ns, At safepoint: 12801 ns, Total: 131108 ns
[222.718s][info ][safepoint      ] Safepoint "Cleanup", Time since last: 6055382340 ns, Reaching safepoint: 56904 ns, At safepoint: 8500 ns, Total: 65404 ns
[222.931s][info ][gc,start       ] GC(128) Pause Young (Allocation Failure)
[222.944s][debug][gc,phases      ] GC(128) Scavenge 13.478ms
[222.944s][debug][gc,ref         ] GC(128) Skipped phase 1 of Reference Processing: no references
[222.944s][debug][gc,ref         ] GC(128) ReferenceProcessor::execute queues: 1, RefProcThreadModel::Single, marks_oops_alive: false
[222.944s][debug][gc,ref         ] GC(128) Skipped phase 3 of Reference Processing: no references
[222.944s][debug][gc,ref         ] GC(128) ReferenceProcessor::execute queues: 1, RefProcThreadModel::Single, marks_oops_alive: false
[222.944s][debug][gc,phases      ] GC(128) Reference Processing 0.139ms
[222.945s][debug][gc,phases      ] GC(128)   VM Weak                        Min:  0.0, Avg:  0.0, Max:  0.0, Diff:  0.0, Sum:  0.0, Workers: 4
[222.945s][debug][gc,phases      ] GC(128)     Dead                           Min: 0, Avg:  0.0, Max: 0, Diff: 0, Sum: 0, Workers: 4
[222.945s][debug][gc,phases      ] GC(128)     Total                          Min: 0, Avg: 160.8, Max: 643, Diff: 643, Sum: 643, Workers: 4
[222.945s][debug][gc,phases      ] GC(128)   ObjectSynchronizer Weak        Min:  0.0, Avg:  0.0, Max:  0.0, Diff:  0.0, Sum:  0.0, Workers: 4
[222.945s][debug][gc,phases      ] GC(128)     Dead                           Min: 0, Avg:  0.0, Max: 0, Diff: 0, Sum: 0, Workers: 4
[222.945s][debug][gc,phases      ] GC(128)     Total                          Min: 0, Avg: 103.0, Max: 348, Diff: 348, Sum: 412, Workers: 4
[222.945s][debug][gc,phases      ] GC(128)   JVMTI Tag Weak OopStorage      Min:  0.0, Avg:  0.0, Max:  0.0, Diff:  0.0, Sum:  0.0, Workers: 4
[222.945s][debug][gc,phases      ] GC(128)     Dead                           Min: 0, Avg:  0.0, Max: 0, Diff: 0, Sum: 0, Workers: 4
[222.945s][debug][gc,phases      ] GC(128)     Total                          Min: 0, Avg:  0.0, Max: 0, Diff: 0, Sum: 0, Workers: 4
[222.945s][debug][gc,phases      ] GC(128)   StringTable Weak               Min:  0.1, Avg:  0.1, Max:  0.1, Diff:  0.0, Sum:  0.5, Workers: 4
[222.945s][debug][gc,phases      ] GC(128)     Dead                           Min: 0, Avg:  0.0, Max: 0, Diff: 0, Sum: 0, Workers: 4
[222.945s][debug][gc,phases      ] GC(128)     Total                          Min: 11264, Avg: 11821.8, Max: 12544, Diff: 1280, Sum: 47287, Workers: 4
[222.945s][debug][gc,phases      ] GC(128)   ResolvedMethodTable Weak       Min:  0.0, Avg:  0.0, Max:  0.0, Diff:  0.0, Sum:  0.1, Workers: 4
[222.945s][debug][gc,phases      ] GC(128)     Dead                           Min: 0, Avg:  0.0, Max: 0, Diff: 0, Sum: 0, Workers: 4
[222.945s][debug][gc,phases      ] GC(128)     Total                          Min: 1941, Avg: 2006.0, Max: 2068, Diff: 127, Sum: 8024, Workers: 4
[222.945s][debug][gc,phases      ] GC(128)   JNI Weak                       Min:  0.0, Avg:  0.0, Max:  0.0, Diff:  0.0, Sum:  0.0, Workers: 4
[222.945s][debug][gc,phases      ] GC(128)     Dead                           Min: 0, Avg:  0.0, Max: 0, Diff: 0, Sum: 0, Workers: 4
[222.945s][debug][gc,phases      ] GC(128)     Total                          Min: 0, Avg:  0.0, Max: 0, Diff: 0, Sum: 0, Workers: 4
[222.945s][debug][gc,phases      ] GC(128)   StringDedup Table Weak         Min:  0.0, Avg:  0.0, Max:  0.0, Diff:  0.0, Sum:  0.0, Workers: 4
[222.945s][debug][gc,phases      ] GC(128)     Dead                           Min: 0, Avg:  0.0, Max: 0, Diff: 0, Sum: 0, Workers: 4
[222.945s][debug][gc,phases      ] GC(128)     Total                          Min: 0, Avg:  0.0, Max: 0, Diff: 0, Sum: 0, Workers: 4
[222.945s][debug][gc,phases      ] GC(128)   StringDedup Requests0 Weak     Min:  0.0, Avg:  0.0, Max:  0.0, Diff:  0.0, Sum:  0.0, Workers: 4
[222.945s][debug][gc,phases      ] GC(128)     Dead                           Min: 0, Avg:  0.0, Max: 0, Diff: 0, Sum: 0, Workers: 4
[222.945s][debug][gc,phases      ] GC(128)     Total                          Min: 0, Avg:  0.0, Max: 0, Diff: 0, Sum: 0, Workers: 4
[222.945s][debug][gc,phases      ] GC(128)   StringDedup Requests1 Weak     Min:  0.0, Avg:  0.0, Max:  0.0, Diff:  0.0, Sum:  0.0, Workers: 4
[222.945s][debug][gc,phases      ] GC(128)     Dead                           Min: 0, Avg:  0.0, Max: 0, Diff: 0, Sum: 0, Workers: 4
[222.945s][debug][gc,phases      ] GC(128)     Total                          Min: 0, Avg:  0.0, Max: 0, Diff: 0, Sum: 0, Workers: 4
[222.945s][debug][gc,phases      ] GC(128)   Weak JFR Old Object Samples    Min:  0.0, Avg:  0.0, Max:  0.0, Diff:  0.0, Sum:  0.0, Workers: 4
[222.945s][debug][gc,phases      ] GC(128)     Dead                           Min: 0, Avg:  0.0, Max: 0, Diff: 0, Sum: 0, Workers: 4
[222.945s][debug][gc,phases      ] GC(128)     Total                          Min: 0, Avg:  0.0, Max: 0, Diff: 0, Sum: 0, Workers: 4
[222.945s][debug][gc,phases      ] GC(128) Weak Processing 0.352ms
[222.945s][debug][gc,age         ] GC(128) Desired survivor size 462422016 bytes, new threshold 15 (max threshold 15)
[222.945s][info ][gc,heap        ] GC(128) PSYoungGen: 1244445K(1636352K)->68957K(1645568K) Eden: 1175552K(1175552K)->0K(1187840K) From: 68893K(460800K)->68957K(457728K)
[222.945s][info ][gc,heap        ] GC(128) ParOldGen: 375134K(540160K)->375142K(540160K)
[222.945s][info ][gc,metaspace   ] GC(128) Metaspace: 81146K(81920K)->81146K(81920K) NonClass: 69716K(70144K)->69716K(70144K) Class: 11430K(11776K)->11430K(11776K)
[222.945s][info ][gc             ] GC(128) Pause Young (Allocation Failure) 1581M->433M(2134M) 14.107ms
[222.945s][info ][gc,cpu         ] GC(128) User=0.05s Sys=0.00s Real=0.02s
[222.945s][info ][safepoint      ] Safepoint "ParallelGCFailedAllocation", Time since last: 212721978 ns, Reaching safepoint: 110506 ns, At safepoint: 14190839 ns, Total: 14301345 ns
[224.945s][info ][safepoint      ] Safepoint "Cleanup", Time since last: 2000149164 ns, Reaching safepoint: 56804 ns, At safepoint: 3000 ns, Total: 59804 ns
[225.945s][info ][safepoint      ] Safepoint "Cleanup", Time since last: 1000112234 ns, Reaching safepoint: 53703 ns, At safepoint: 3300 ns, Total: 57003 ns
[226.945s][info ][safepoint      ] Safepoint "Cleanup", Time since last: 1000107634 ns, Reaching safepoint: 54904 ns, At safepoint: 3600 ns, Total: 58504 ns
[227.946s][info ][safepoint      ] Safepoint "Cleanup", Time since last: 1000118434 ns, Reaching safepoint: 61304 ns, At safepoint: 9201 ns, Total: 70505 ns
[229.946s][info ][safepoint      ] Safepoint "Cleanup", Time since last: 2000168565 ns, Reaching safepoint: 64703 ns, At safepoint: 10501 ns, Total: 75204 ns
[235.946s][info ][safepoint      ] Safepoint "Cleanup", Time since last: 6000404789 ns, Reaching safepoint: 59104 ns, At safepoint: 4500 ns, Total: 63604 ns
[236.946s][info ][safepoint      ] Safepoint "Cleanup", Time since last: 1000120335 ns, Reaching safepoint: 50303 ns, At safepoint: 4000 ns, Total: 54303 ns
[239.947s][info ][safepoint      ] Safepoint "Cleanup", Time since last: 3000248097 ns, Reaching safepoint: 53303 ns, At safepoint: 3901 ns, Total: 57204 ns
[240.947s][info ][safepoint      ] Safepoint "Cleanup", Time since last: 1000123534 ns, Reaching safepoint: 56904 ns, At safepoint: 3000 ns, Total: 59904 ns
[241.947s][info ][safepoint      ] Safepoint "Cleanup", Time since last: 1000111334 ns, Reaching safepoint: 52703 ns, At safepoint: 4701 ns, Total: 57404 ns
[247.948s][info ][safepoint      ] Safepoint "Cleanup", Time since last: 6000459492 ns, Reaching safepoint: 51103 ns, At safepoint: 3300 ns, Total: 54403 ns
[249.948s][info ][safepoint      ] Safepoint "Cleanup", Time since last: 2000150764 ns, Reaching safepoint: 59404 ns, At safepoint: 6200 ns, Total: 65604 ns
[250.948s][info ][safepoint      ] Safepoint "Cleanup", Time since last: 1000105334 ns, Reaching safepoint: 64504 ns, At safepoint: 6100 ns, Total: 70604 ns
[252.948s][info ][safepoint      ] Safepoint "Cleanup", Time since last: 2000173965 ns, Reaching safepoint: 64004 ns, At safepoint: 8701 ns, Total: 72705 ns
[255.949s][info ][safepoint      ] Safepoint "Cleanup", Time since last: 3000248197 ns, Reaching safepoint: 64304 ns, At safepoint: 7500 ns, Total: 71804 ns
[258.949s][info ][safepoint      ] Safepoint "Cleanup", Time since last: 3000220796 ns, Reaching safepoint: 70004 ns, At safepoint: 8200 ns, Total: 78204 ns
[259.949s][info ][safepoint      ] Safepoint "Cleanup", Time since last: 1000142836 ns, Reaching safepoint: 63404 ns, At safepoint: 3900 ns, Total: 67304 ns
[261.949s][info ][safepoint      ] Safepoint "Cleanup", Time since last: 2000167965 ns, Reaching safepoint: 49603 ns, At safepoint: 6901 ns, Total: 56504 ns
[262.949s][info ][safepoint      ] Safepoint "Cleanup", Time since last: 1000105233 ns, Reaching safepoint: 45803 ns, At safepoint: 4100 ns, Total: 49903 ns
[263.950s][info ][safepoint      ] Safepoint "Cleanup", Time since last: 1000120535 ns, Reaching safepoint: 54403 ns, At safepoint: 10601 ns, Total: 65004 ns
[266.950s][info ][safepoint      ] Safepoint "Cleanup", Time since last: 3000201094 ns, Reaching safepoint: 64504 ns, At safepoint: 7300 ns, Total: 71804 ns
[267.950s][info ][safepoint      ] Safepoint "Cleanup", Time since last: 1000119235 ns, Reaching safepoint: 56603 ns, At safepoint: 8601 ns, Total: 65204 ns
[268.950s][info ][safepoint      ] Safepoint "Cleanup", Time since last: 1000109034 ns, Reaching safepoint: 59303 ns, At safepoint: 8101 ns, Total: 67404 ns
[269.950s][info ][safepoint      ] Safepoint "Cleanup", Time since last: 1000112934 ns, Reaching safepoint: 49803 ns, At safepoint: 6100 ns, Total: 55903 ns
[272.951s][info ][safepoint      ] Safepoint "Cleanup", Time since last: 3000293300 ns, Reaching safepoint: 50603 ns, At safepoint: 4400 ns, Total: 55003 ns
[273.951s][info ][safepoint      ] Safepoint "Cleanup", Time since last: 1000162238 ns, Reaching safepoint: 54203 ns, At safepoint: 8900 ns, Total: 63103 ns
[275.951s][info ][safepoint      ] Safepoint "Cleanup", Time since last: 2000173366 ns, Reaching safepoint: 48102 ns, At safepoint: 3801 ns, Total: 51903 ns
[277.951s][info ][safepoint      ] Safepoint "Cleanup", Time since last: 2000173365 ns, Reaching safepoint: 51403 ns, At safepoint: 3000 ns, Total: 54403 ns
[278.011s][info ][gc,start       ] GC(129) Pause Young (Allocation Failure)
[278.024s][debug][gc,phases      ] GC(129) Scavenge 12.533ms
[278.024s][debug][gc,ref         ] GC(129) Skipped phase 1 of Reference Processing: no references
[278.024s][debug][gc,ref         ] GC(129) ReferenceProcessor::execute queues: 1, RefProcThreadModel::Single, marks_oops_alive: false
[278.024s][debug][gc,ref         ] GC(129) Skipped phase 3 of Reference Processing: no references
[278.024s][debug][gc,ref         ] GC(129) ReferenceProcessor::execute queues: 1, RefProcThreadModel::Single, marks_oops_alive: false
[278.024s][debug][gc,phases      ] GC(129) Reference Processing 0.146ms
[278.024s][debug][gc,phases      ] GC(129)   VM Weak                        Min:  0.0, Avg:  0.0, Max:  0.0, Diff:  0.0, Sum:  0.0, Workers: 4
[278.024s][debug][gc,phases      ] GC(129)     Dead                           Min: 0, Avg:  0.0, Max: 0, Diff: 0, Sum: 0, Workers: 4
[278.024s][debug][gc,phases      ] GC(129)     Total                          Min: 0, Avg: 161.8, Max: 512, Diff: 512, Sum: 647, Workers: 4
[278.024s][debug][gc,phases      ] GC(129)   ObjectSynchronizer Weak        Min:  0.0, Avg:  0.0, Max:  0.0, Diff:  0.0, Sum:  0.0, Workers: 4
[278.024s][debug][gc,phases      ] GC(129)     Dead                           Min: 0, Avg:  0.0, Max: 0, Diff: 0, Sum: 0, Workers: 4
[278.024s][debug][gc,phases      ] GC(129)     Total                          Min: 0, Avg: 103.0, Max: 192, Diff: 192, Sum: 412, Workers: 4
[278.024s][debug][gc,phases      ] GC(129)   JVMTI Tag Weak OopStorage      Min:  0.0, Avg:  0.0, Max:  0.0, Diff:  0.0, Sum:  0.0, Workers: 4
[278.024s][debug][gc,phases      ] GC(129)     Dead                           Min: 0, Avg:  0.0, Max: 0, Diff: 0, Sum: 0, Workers: 4
[278.024s][debug][gc,phases      ] GC(129)     Total                          Min: 0, Avg:  0.0, Max: 0, Diff: 0, Sum: 0, Workers: 4
[278.024s][debug][gc,phases      ] GC(129)   StringTable Weak               Min:  0.1, Avg:  0.1, Max:  0.1, Diff:  0.0, Sum:  0.5, Workers: 4
[278.024s][debug][gc,phases      ] GC(129)     Dead                           Min: 0, Avg:  0.0, Max: 0, Diff: 0, Sum: 0, Workers: 4
[278.024s][debug][gc,phases      ] GC(129)     Total                          Min: 11147, Avg: 11826.8, Max: 12608, Diff: 1461, Sum: 47307, Workers: 4
[278.024s][debug][gc,phases      ] GC(129)   ResolvedMethodTable Weak       Min:  0.0, Avg:  0.0, Max:  0.0, Diff:  0.0, Sum:  0.1, Workers: 4
[278.024s][debug][gc,phases      ] GC(129)     Dead                           Min: 0, Avg:  0.0, Max: 0, Diff: 0, Sum: 0, Workers: 4
[278.024s][debug][gc,phases      ] GC(129)     Total                          Min: 1941, Avg: 2008.5, Max: 2068, Diff: 127, Sum: 8034, Workers: 4
[278.024s][debug][gc,phases      ] GC(129)   JNI Weak                       Min:  0.0, Avg:  0.0, Max:  0.0, Diff:  0.0, Sum:  0.0, Workers: 4
[278.024s][debug][gc,phases      ] GC(129)     Dead                           Min: 0, Avg:  0.0, Max: 0, Diff: 0, Sum: 0, Workers: 4
[278.024s][debug][gc,phases      ] GC(129)     Total                          Min: 0, Avg:  0.0, Max: 0, Diff: 0, Sum: 0, Workers: 4
[278.024s][debug][gc,phases      ] GC(129)   StringDedup Table Weak         Min:  0.0, Avg:  0.0, Max:  0.0, Diff:  0.0, Sum:  0.0, Workers: 4
[278.024s][debug][gc,phases      ] GC(129)     Dead                           Min: 0, Avg:  0.0, Max: 0, Diff: 0, Sum: 0, Workers: 4
[278.024s][debug][gc,phases      ] GC(129)     Total                          Min: 0, Avg:  0.0, Max: 0, Diff: 0, Sum: 0, Workers: 4
[278.024s][debug][gc,phases      ] GC(129)   StringDedup Requests0 Weak     Min:  0.0, Avg:  0.0, Max:  0.0, Diff:  0.0, Sum:  0.0, Workers: 4
[278.024s][debug][gc,phases      ] GC(129)     Dead                           Min: 0, Avg:  0.0, Max: 0, Diff: 0, Sum: 0, Workers: 4
[278.024s][debug][gc,phases      ] GC(129)     Total                          Min: 0, Avg:  0.0, Max: 0, Diff: 0, Sum: 0, Workers: 4
[278.024s][debug][gc,phases      ] GC(129)   StringDedup Requests1 Weak     Min:  0.0, Avg:  0.0, Max:  0.0, Diff:  0.0, Sum:  0.0, Workers: 4
[278.024s][debug][gc,phases      ] GC(129)     Dead                           Min: 0, Avg:  0.0, Max: 0, Diff: 0, Sum: 0, Workers: 4
[278.024s][debug][gc,phases      ] GC(129)     Total                          Min: 0, Avg:  0.0, Max: 0, Diff: 0, Sum: 0, Workers: 4
[278.024s][debug][gc,phases      ] GC(129)   Weak JFR Old Object Samples    Min:  0.0, Avg:  0.0, Max:  0.0, Diff:  0.0, Sum:  0.0, Workers: 4
[278.024s][debug][gc,phases      ] GC(129)     Dead                           Min: 0, Avg:  0.0, Max: 0, Diff: 0, Sum: 0, Workers: 4
[278.024s][debug][gc,phases      ] GC(129)     Total                          Min: 0, Avg:  0.0, Max: 0, Diff: 0, Sum: 0, Workers: 4
[278.024s][debug][gc,phases      ] GC(129) Weak Processing 0.351ms
[278.024s][debug][gc,age         ] GC(129) Desired survivor size 452984832 bytes, new threshold 15 (max threshold 15)
[278.024s][info ][gc,heap        ] GC(129) PSYoungGen: 1256797K(1645568K)->69052K(1639424K) Eden: 1187840K(1187840K)->0K(1187840K) From: 68957K(457728K)->69052K(451584K)
[278.024s][info ][gc,heap        ] GC(129) ParOldGen: 375142K(540160K)->375150K(540160K)
[278.024s][info ][gc,metaspace   ] GC(129) Metaspace: 81209K(81984K)->81209K(81984K) NonClass: 69775K(70208K)->69775K(70208K) Class: 11433K(11776K)->11433K(11776K)
[278.024s][info ][gc             ] GC(129) Pause Young (Allocation Failure) 1593M->433M(2128M) 13.174ms
[278.024s][info ][gc,cpu         ] GC(129) User=0.05s Sys=0.00s Real=0.02s
[278.024s][info ][safepoint      ] Safepoint "ParallelGCFailedAllocation", Time since last: 59627626 ns, Reaching safepoint: 99606 ns, At safepoint: 13267584 ns, Total: 13367190 ns
[281.025s][info ][safepoint      ] Safepoint "Cleanup", Time since last: 3000523414 ns, Reaching safepoint: 60503 ns, At safepoint: 13401 ns, Total: 73904 ns
[282.025s][info ][safepoint      ] Safepoint "Cleanup", Time since last: 1000110634 ns, Reaching safepoint: 54103 ns, At safepoint: 3600 ns, Total: 57703 ns
[284.026s][info ][safepoint      ] Safepoint "Cleanup", Time since last: 2000208468 ns, Reaching safepoint: 49203 ns, At safepoint: 3000 ns, Total: 52203 ns
[285.026s][info ][safepoint      ] Safepoint "Cleanup", Time since last: 1000106734 ns, Reaching safepoint: 75404 ns, At safepoint: 6400 ns, Total: 81804 ns
[287.026s][info ][safepoint      ] Safepoint "Cleanup", Time since last: 2000164565 ns, Reaching safepoint: 55903 ns, At safepoint: 12801 ns, Total: 68704 ns
[291.026s][info ][safepoint      ] Safepoint "Cleanup", Time since last: 4000247425 ns, Reaching safepoint: 48903 ns, At safepoint: 3000 ns, Total: 51903 ns
[292.026s][info ][safepoint      ] Safepoint "Cleanup", Time since last: 1000108934 ns, Reaching safepoint: 75904 ns, At safepoint: 3600 ns, Total: 79504 ns
[293.027s][info ][safepoint      ] Safepoint "Cleanup", Time since last: 1000110134 ns, Reaching safepoint: 64404 ns, At safepoint: 9701 ns, Total: 74105 ns
[294.027s][info ][safepoint      ] Safepoint "Cleanup", Time since last: 1000110334 ns, Reaching safepoint: 47403 ns, At safepoint: 2600 ns, Total: 50003 ns
[295.027s][info ][safepoint      ] Safepoint "Cleanup", Time since last: 1000117534 ns, Reaching safepoint: 39303 ns, At safepoint: 2800 ns, Total: 42103 ns
[296.027s][info ][safepoint      ] Safepoint "Cleanup", Time since last: 1000112634 ns, Reaching safepoint: 55403 ns, At safepoint: 5500 ns, Total: 60903 ns
[298.027s][info ][safepoint      ] Safepoint "Cleanup", Time since last: 2000185466 ns, Reaching safepoint: 57204 ns, At safepoint: 10700 ns, Total: 67904 ns
[299.028s][info ][safepoint      ] Safepoint "Cleanup", Time since last: 1000116235 ns, Reaching safepoint: 57903 ns, At safepoint: 13701 ns, Total: 71604 ns
[302.028s][info ][safepoint      ] Safepoint "Cleanup", Time since last: 3000285099 ns, Reaching safepoint: 51403 ns, At safepoint: 8701 ns, Total: 60104 ns
[303.028s][info ][safepoint      ] Safepoint "Cleanup", Time since last: 1000118934 ns, Reaching safepoint: 48603 ns, At safepoint: 3200 ns, Total: 51803 ns
[306.028s][info ][safepoint      ] Safepoint "Cleanup", Time since last: 3000251398 ns, Reaching safepoint: 67804 ns, At safepoint: 14201 ns, Total: 82005 ns
[307.029s][info ][safepoint      ] Safepoint "Cleanup", Time since last: 1000114234 ns, Reaching safepoint: 49503 ns, At safepoint: 4800 ns, Total: 54303 ns
[308.029s][info ][safepoint      ] Safepoint "Cleanup", Time since last: 1000112434 ns, Reaching safepoint: 85805 ns, At safepoint: 9601 ns, Total: 95406 ns
[309.029s][info ][safepoint      ] Safepoint "Cleanup", Time since last: 1000120534 ns, Reaching safepoint: 38403 ns, At safepoint: 3200 ns, Total: 41603 ns
[310.029s][info ][safepoint      ] Safepoint "Cleanup", Time since last: 1000118534 ns, Reaching safepoint: 52103 ns, At safepoint: 9401 ns, Total: 61504 ns
[312.029s][info ][safepoint      ] Safepoint "Cleanup", Time since last: 2000261670 ns, Reaching safepoint: 53004 ns, At safepoint: 3300 ns, Total: 56304 ns
[314.030s][info ][safepoint      ] Safepoint "Cleanup", Time since last: 2000207167 ns, Reaching safepoint: 62504 ns, At safepoint: 9400 ns, Total: 71904 ns
[315.030s][info ][safepoint      ] Safepoint "Cleanup", Time since last: 1000110034 ns, Reaching safepoint: 55903 ns, At safepoint: 7201 ns, Total: 63104 ns
[316.030s][info ][safepoint      ] Safepoint "Cleanup", Time since last: 1000110734 ns, Reaching safepoint: 46403 ns, At safepoint: 3100 ns, Total: 49503 ns
[321.031s][info ][safepoint      ] Safepoint "Cleanup", Time since last: 5000418062 ns, Reaching safepoint: 56903 ns, At safepoint: 10001 ns, Total: 66904 ns
[322.031s][info ][safepoint      ] Safepoint "Cleanup", Time since last: 1000144236 ns, Reaching safepoint: 93405 ns, At safepoint: 3901 ns, Total: 97306 ns
[323.031s][info ][safepoint      ] Safepoint "Cleanup", Time since last: 1000116334 ns, Reaching safepoint: 63004 ns, At safepoint: 7300 ns, Total: 70304 ns
[324.031s][info ][safepoint      ] Safepoint "Cleanup", Time since last: 1000132635 ns, Reaching safepoint: 65704 ns, At safepoint: 8501 ns, Total: 74205 ns
[325.031s][info ][safepoint      ] Safepoint "Cleanup", Time since last: 1000114534 ns, Reaching safepoint: 56103 ns, At safepoint: 6401 ns, Total: 62504 ns
[327.032s][info ][safepoint      ] Safepoint "Cleanup", Time since last: 2000185566 ns, Reaching safepoint: 53003 ns, At safepoint: 7700 ns, Total: 60703 ns
[328.032s][info ][safepoint      ] Safepoint "Cleanup", Time since last: 1000104234 ns, Reaching safepoint: 69504 ns, At safepoint: 6900 ns, Total: 76404 ns
[333.032s][info ][safepoint      ] Safepoint "Cleanup", Time since last: 5000395861 ns, Reaching safepoint: 53003 ns, At safepoint: 6600 ns, Total: 59603 ns
[333.413s][info ][gc,start       ] GC(130) Pause Young (Allocation Failure)
[333.428s][debug][gc,phases      ] GC(130) Scavenge 14.302ms
[333.428s][debug][gc,ref         ] GC(130) Skipped phase 1 of Reference Processing: no references
[333.428s][debug][gc,ref         ] GC(130) ReferenceProcessor::execute queues: 1, RefProcThreadModel::Single, marks_oops_alive: false
[333.428s][debug][gc,ref         ] GC(130) Skipped phase 3 of Reference Processing: no references
[333.428s][debug][gc,ref         ] GC(130) ReferenceProcessor::execute queues: 1, RefProcThreadModel::Single, marks_oops_alive: false
[333.428s][debug][gc,phases      ] GC(130) Reference Processing 0.138ms
[333.428s][debug][gc,phases      ] GC(130)   VM Weak                        Min:  0.0, Avg:  0.0, Max:  0.0, Diff:  0.0, Sum:  0.0, Workers: 4
[333.428s][debug][gc,phases      ] GC(130)     Dead                           Min: 0, Avg:  0.0, Max: 0, Diff: 0, Sum: 0, Workers: 4
[333.428s][debug][gc,phases      ] GC(130)     Total                          Min: 0, Avg: 161.8, Max: 647, Diff: 647, Sum: 647, Workers: 4
[333.428s][debug][gc,phases      ] GC(130)   ObjectSynchronizer Weak        Min:  0.0, Avg:  0.0, Max:  0.0, Diff:  0.0, Sum:  0.0, Workers: 4
[333.428s][debug][gc,phases      ] GC(130)     Dead                           Min: 0, Avg:  0.0, Max: 0, Diff: 0, Sum: 0, Workers: 4
[333.428s][debug][gc,phases      ] GC(130)     Total                          Min: 0, Avg: 103.0, Max: 412, Diff: 412, Sum: 412, Workers: 4
[333.428s][debug][gc,phases      ] GC(130)   JVMTI Tag Weak OopStorage      Min:  0.0, Avg:  0.0, Max:  0.0, Diff:  0.0, Sum:  0.0, Workers: 4
[333.428s][debug][gc,phases      ] GC(130)     Dead                           Min: 0, Avg:  0.0, Max: 0, Diff: 0, Sum: 0, Workers: 4
[333.428s][debug][gc,phases      ] GC(130)     Total                          Min: 0, Avg:  0.0, Max: 0, Diff: 0, Sum: 0, Workers: 4
[333.428s][debug][gc,phases      ] GC(130)   StringTable Weak               Min:  0.1, Avg:  0.1, Max:  0.1, Diff:  0.0, Sum:  0.5, Workers: 4
[333.428s][debug][gc,phases      ] GC(130)     Dead                           Min: 0, Avg:  0.0, Max: 0, Diff: 0, Sum: 0, Workers: 4
[333.428s][debug][gc,phases      ] GC(130)     Total                          Min: 10880, Avg: 11841.2, Max: 13125, Diff: 2245, Sum: 47365, Workers: 4
[333.428s][debug][gc,phases      ] GC(130)   ResolvedMethodTable Weak       Min:  0.0, Avg:  0.0, Max:  0.0, Diff:  0.0, Sum:  0.1, Workers: 4
[333.428s][debug][gc,phases      ] GC(130)     Dead                           Min: 0, Avg:  0.2, Max: 1, Diff: 1, Sum: 1, Workers: 4
[333.428s][debug][gc,phases      ] GC(130)     Total                          Min: 1762, Avg: 2008.5, Max: 2268, Diff: 506, Sum: 8034, Workers: 4
[333.428s][debug][gc,phases      ] GC(130)   JNI Weak                       Min:  0.0, Avg:  0.0, Max:  0.0, Diff:  0.0, Sum:  0.0, Workers: 4
[333.428s][debug][gc,phases      ] GC(130)     Dead                           Min: 0, Avg:  0.0, Max: 0, Diff: 0, Sum: 0, Workers: 4
[333.428s][debug][gc,phases      ] GC(130)     Total                          Min: 0, Avg:  0.0, Max: 0, Diff: 0, Sum: 0, Workers: 4
[333.428s][debug][gc,phases      ] GC(130)   StringDedup Table Weak         Min:  0.0, Avg:  0.0, Max:  0.0, Diff:  0.0, Sum:  0.0, Workers: 4
[333.428s][debug][gc,phases      ] GC(130)     Dead                           Min: 0, Avg:  0.0, Max: 0, Diff: 0, Sum: 0, Workers: 4
[333.428s][debug][gc,phases      ] GC(130)     Total                          Min: 0, Avg:  0.0, Max: 0, Diff: 0, Sum: 0, Workers: 4
[333.428s][debug][gc,phases      ] GC(130)   StringDedup Requests0 Weak     Min:  0.0, Avg:  0.0, Max:  0.0, Diff:  0.0, Sum:  0.0, Workers: 4
[333.428s][debug][gc,phases      ] GC(130)     Dead                           Min: 0, Avg:  0.0, Max: 0, Diff: 0, Sum: 0, Workers: 4
[333.428s][debug][gc,phases      ] GC(130)     Total                          Min: 0, Avg:  0.0, Max: 0, Diff: 0, Sum: 0, Workers: 4
[333.428s][debug][gc,phases      ] GC(130)   StringDedup Requests1 Weak     Min:  0.0, Avg:  0.0, Max:  0.0, Diff:  0.0, Sum:  0.0, Workers: 4
[333.428s][debug][gc,phases      ] GC(130)     Dead                           Min: 0, Avg:  0.0, Max: 0, Diff: 0, Sum: 0, Workers: 4
[333.428s][debug][gc,phases      ] GC(130)     Total                          Min: 0, Avg:  0.0, Max: 0, Diff: 0, Sum: 0, Workers: 4
[333.428s][debug][gc,phases      ] GC(130)   Weak JFR Old Object Samples    Min:  0.0, Avg:  0.0, Max:  0.0, Diff:  0.0, Sum:  0.0, Workers: 4
[333.428s][debug][gc,phases      ] GC(130)     Dead                           Min: 0, Avg:  0.0, Max: 0, Diff: 0, Sum: 0, Workers: 4
[333.428s][debug][gc,phases      ] GC(130)     Total                          Min: 0, Avg:  0.0, Max: 0, Diff: 0, Sum: 0, Workers: 4
[333.428s][debug][gc,phases      ] GC(130) Weak Processing 0.385ms
[333.428s][debug][gc,age         ] GC(130) Desired survivor size 441450496 bytes, new threshold 15 (max threshold 15)
[333.428s][info ][gc,heap        ] GC(130) PSYoungGen: 1256892K(1639424K)->69101K(1666048K) Eden: 1187840K(1187840K)->0K(1223680K) From: 69052K(451584K)->69101K(442368K)
[333.428s][info ][gc,heap        ] GC(130) ParOldGen: 375150K(540160K)->375158K(540160K)
[333.428s][info ][gc,metaspace   ] GC(130) Metaspace: 81289K(82048K)->81289K(82048K) NonClass: 69855K(70272K)->69855K(70272K) Class: 11433K(11776K)->11433K(11776K)
[333.428s][info ][gc             ] GC(130) Pause Young (Allocation Failure) 1593M->433M(2154M) 14.956ms
[333.428s][info ][gc,cpu         ] GC(130) User=0.06s Sys=0.01s Real=0.02s
[333.428s][info ][safepoint      ] Safepoint "ParallelGCFailedAllocation", Time since last: 381049231 ns, Reaching safepoint: 55303 ns, At safepoint: 15030989 ns, Total: 15086292 ns
[334.428s][info ][safepoint      ] Safepoint "Cleanup", Time since last: 1000083732 ns, Reaching safepoint: 54004 ns, At safepoint: 6000 ns, Total: 60004 ns
[336.429s][info ][safepoint      ] Safepoint "Cleanup", Time since last: 2000168665 ns, Reaching safepoint: 50903 ns, At safepoint: 7900 ns, Total: 58803 ns
[337.429s][info ][safepoint      ] Safepoint "Cleanup", Time since last: 1000107234 ns, Reaching safepoint: 48103 ns, At safepoint: 3700 ns, Total: 51803 ns
[338.429s][info ][safepoint      ] Safepoint "Cleanup", Time since last: 1000115534 ns, Reaching safepoint: 64404 ns, At safepoint: 7801 ns, Total: 72205 ns
[340.429s][info ][safepoint      ] Safepoint "Cleanup", Time since last: 2000199266 ns, Reaching safepoint: 58504 ns, At safepoint: 3600 ns, Total: 62104 ns
[341.429s][info ][safepoint      ] Safepoint "Cleanup", Time since last: 1000111634 ns, Reaching safepoint: 47603 ns, At safepoint: 2800 ns, Total: 50403 ns
[343.430s][info ][safepoint      ] Safepoint "Cleanup", Time since last: 2000214768 ns, Reaching safepoint: 80304 ns, At safepoint: 9301 ns, Total: 89605 ns
[344.430s][info ][safepoint      ] Safepoint "Cleanup", Time since last: 1000115434 ns, Reaching safepoint: 59904 ns, At safepoint: 2700 ns, Total: 62604 ns
[346.430s][info ][safepoint      ] Safepoint "Cleanup", Time since last: 2000175065 ns, Reaching safepoint: 74905 ns, At safepoint: 4000 ns, Total: 78905 ns
[348.431s][info ][safepoint      ] Safepoint "Cleanup", Time since last: 2000184866 ns, Reaching safepoint: 90805 ns, At safepoint: 6600 ns, Total: 97405 ns
[350.431s][info ][safepoint      ] Safepoint "Cleanup", Time since last: 2000199367 ns, Reaching safepoint: 69804 ns, At safepoint: 9401 ns, Total: 79205 ns
[355.431s][info ][safepoint      ] Safepoint "Cleanup", Time since last: 5000418362 ns, Reaching safepoint: 37902 ns, At safepoint: 4500 ns, Total: 42402 ns
[362.432s][info ][safepoint      ] Safepoint "Cleanup", Time since last: 7000538224 ns, Reaching safepoint: 58903 ns, At safepoint: 4201 ns, Total: 63104 ns
[364.432s][info ][safepoint      ] Safepoint "Cleanup", Time since last: 2000172165 ns, Reaching safepoint: 53503 ns, At safepoint: 3400 ns, Total: 56903 ns
[365.432s][info ][safepoint      ] Safepoint "Cleanup", Time since last: 1000106934 ns, Reaching safepoint: 56703 ns, At safepoint: 3000 ns, Total: 59703 ns
[366.432s][info ][safepoint      ] Safepoint "Cleanup", Time since last: 1000106434 ns, Reaching safepoint: 56903 ns, At safepoint: 3301 ns, Total: 60204 ns
[367.433s][info ][safepoint      ] Safepoint "Cleanup", Time since last: 1000109134 ns, Reaching safepoint: 53403 ns, At safepoint: 3400 ns, Total: 56803 ns
[369.365s][info ][safepoint      ] Safepoint "Cleanup", Time since last: 1932444360 ns, Reaching safepoint: 42203 ns, At safepoint: 4500 ns, Total: 46703 ns
[370.365s][info ][safepoint      ] Safepoint "Cleanup", Time since last: 1000104834 ns, Reaching safepoint: 52403 ns, At safepoint: 7700 ns, Total: 60103 ns
[372.365s][info ][safepoint      ] Safepoint "Cleanup", Time since last: 2000182366 ns, Reaching safepoint: 54603 ns, At safepoint: 2700 ns, Total: 57303 ns
[374.366s][info ][safepoint      ] Safepoint "Cleanup", Time since last: 2000179166 ns, Reaching safepoint: 58803 ns, At safepoint: 3000 ns, Total: 61803 ns
[375.366s][info ][safepoint      ] Safepoint "Cleanup", Time since last: 1000069332 ns, Reaching safepoint: 55003 ns, At safepoint: 13201 ns, Total: 68204 ns
[376.366s][info ][safepoint      ] Safepoint "Cleanup", Time since last: 1000107234 ns, Reaching safepoint: 49003 ns, At safepoint: 2800 ns, Total: 51803 ns
[384.367s][info ][safepoint      ] Safepoint "Cleanup", Time since last: 8000613055 ns, Reaching safepoint: 50603 ns, At safepoint: 23702 ns, Total: 74305 ns
[385.367s][info ][safepoint      ] Safepoint "Cleanup", Time since last: 1000111134 ns, Reaching safepoint: 46502 ns, At safepoint: 3401 ns, Total: 49903 ns
[387.367s][info ][safepoint      ] Safepoint "Cleanup", Time since last: 2000174865 ns, Reaching safepoint: 54203 ns, At safepoint: 7100 ns, Total: 61303 ns
[389.147s][info ][gc,start       ] GC(131) Pause Young (Allocation Failure)
[389.160s][debug][gc,phases      ] GC(131) Scavenge 12.562ms
[389.160s][debug][gc,ref         ] GC(131) Skipped phase 1 of Reference Processing: no references
[389.160s][debug][gc,ref         ] GC(131) ReferenceProcessor::execute queues: 1, RefProcThreadModel::Single, marks_oops_alive: false
[389.160s][debug][gc,ref         ] GC(131) Skipped phase 3 of Reference Processing: no references
[389.160s][debug][gc,ref         ] GC(131) ReferenceProcessor::execute queues: 1, RefProcThreadModel::Single, marks_oops_alive: false
[389.160s][debug][gc,phases      ] GC(131) Reference Processing 0.157ms
[389.160s][debug][gc,phases      ] GC(131)   VM Weak                        Min:  0.0, Avg:  0.0, Max:  0.0, Diff:  0.0, Sum:  0.0, Workers: 4
[389.160s][debug][gc,phases      ] GC(131)     Dead                           Min: 0, Avg:  0.0, Max: 0, Diff: 0, Sum: 0, Workers: 4
[389.160s][debug][gc,phases      ] GC(131)     Total                          Min: 0, Avg: 161.8, Max: 647, Diff: 647, Sum: 647, Workers: 4
[389.160s][debug][gc,phases      ] GC(131)   ObjectSynchronizer Weak        Min:  0.0, Avg:  0.0, Max:  0.0, Diff:  0.0, Sum:  0.0, Workers: 4
[389.160s][debug][gc,phases      ] GC(131)     Dead                           Min: 0, Avg:  0.0, Max: 0, Diff: 0, Sum: 0, Workers: 4
[389.160s][debug][gc,phases      ] GC(131)     Total                          Min: 0, Avg: 103.0, Max: 320, Diff: 320, Sum: 412, Workers: 4
[389.160s][debug][gc,phases      ] GC(131)   JVMTI Tag Weak OopStorage      Min:  0.0, Avg:  0.0, Max:  0.0, Diff:  0.0, Sum:  0.0, Workers: 4
[389.160s][debug][gc,phases      ] GC(131)     Dead                           Min: 0, Avg:  0.0, Max: 0, Diff: 0, Sum: 0, Workers: 4
[389.160s][debug][gc,phases      ] GC(131)     Total                          Min: 0, Avg:  0.0, Max: 0, Diff: 0, Sum: 0, Workers: 4
[389.160s][debug][gc,phases      ] GC(131)   StringTable Weak               Min:  0.1, Avg:  0.1, Max:  0.1, Diff:  0.0, Sum:  0.5, Workers: 4
[389.160s][debug][gc,phases      ] GC(131)     Dead                           Min: 0, Avg:  0.0, Max: 0, Diff: 0, Sum: 0, Workers: 4
[389.160s][debug][gc,phases      ] GC(131)     Total                          Min: 11264, Avg: 11847.2, Max: 12573, Diff: 1309, Sum: 47389, Workers: 4
[389.160s][debug][gc,phases      ] GC(131)   ResolvedMethodTable Weak       Min:  0.0, Avg:  0.0, Max:  0.0, Diff:  0.0, Sum:  0.1, Workers: 4
[389.160s][debug][gc,phases      ] GC(131)     Dead                           Min: 0, Avg:  0.0, Max: 0, Diff: 0, Sum: 0, Workers: 4
[389.160s][debug][gc,phases      ] GC(131)     Total                          Min: 1763, Avg: 2013.5, Max: 2165, Diff: 402, Sum: 8054, Workers: 4
[389.160s][debug][gc,phases      ] GC(131)   JNI Weak                       Min:  0.0, Avg:  0.0, Max:  0.0, Diff:  0.0, Sum:  0.0, Workers: 4
[389.160s][debug][gc,phases      ] GC(131)     Dead                           Min: 0, Avg:  0.0, Max: 0, Diff: 0, Sum: 0, Workers: 4
[389.160s][debug][gc,phases      ] GC(131)     Total                          Min: 0, Avg:  0.0, Max: 0, Diff: 0, Sum: 0, Workers: 4
[389.160s][debug][gc,phases      ] GC(131)   StringDedup Table Weak         Min:  0.0, Avg:  0.0, Max:  0.0, Diff:  0.0, Sum:  0.0, Workers: 4
[389.160s][debug][gc,phases      ] GC(131)     Dead                           Min: 0, Avg:  0.0, Max: 0, Diff: 0, Sum: 0, Workers: 4
[389.160s][debug][gc,phases      ] GC(131)     Total                          Min: 0, Avg:  0.0, Max: 0, Diff: 0, Sum: 0, Workers: 4
[389.160s][debug][gc,phases      ] GC(131)   StringDedup Requests0 Weak     Min:  0.0, Avg:  0.0, Max:  0.0, Diff:  0.0, Sum:  0.0, Workers: 4
[389.160s][debug][gc,phases      ] GC(131)     Dead                           Min: 0, Avg:  0.0, Max: 0, Diff: 0, Sum: 0, Workers: 4
[389.160s][debug][gc,phases      ] GC(131)     Total                          Min: 0, Avg:  0.0, Max: 0, Diff: 0, Sum: 0, Workers: 4
[389.160s][debug][gc,phases      ] GC(131)   StringDedup Requests1 Weak     Min:  0.0, Avg:  0.0, Max:  0.0, Diff:  0.0, Sum:  0.0, Workers: 4
[389.160s][debug][gc,phases      ] GC(131)     Dead                           Min: 0, Avg:  0.0, Max: 0, Diff: 0, Sum: 0, Workers: 4
[389.160s][debug][gc,phases      ] GC(131)     Total                          Min: 0, Avg:  0.0, Max: 0, Diff: 0, Sum: 0, Workers: 4
[389.160s][debug][gc,phases      ] GC(131)   Weak JFR Old Object Samples    Min:  0.0, Avg:  0.0, Max:  0.0, Diff:  0.0, Sum:  0.0, Workers: 4
[389.160s][debug][gc,phases      ] GC(131)     Dead                           Min: 0, Avg:  0.0, Max: 0, Diff: 0, Sum: 0, Workers: 4
[389.160s][debug][gc,phases      ] GC(131)     Total                          Min: 0, Avg:  0.0, Max: 0, Diff: 0, Sum: 0, Workers: 4
[389.160s][debug][gc,phases      ] GC(131) Weak Processing 0.350ms
[389.160s][debug][gc,age         ] GC(131) Desired survivor size 428867584 bytes, new threshold 15 (max threshold 15)
[389.160s][info ][gc,heap        ] GC(131) PSYoungGen: 1292781K(1666048K)->69052K(1654784K) Eden: 1223680K(1223680K)->0K(1223680K) From: 69101K(442368K)->69052K(431104K)
[389.160s][info ][gc,heap        ] GC(131) ParOldGen: 375158K(540160K)->375166K(540160K)
[389.160s][info ][gc,metaspace   ] GC(131) Metaspace: 81420K(82240K)->81420K(82240K) NonClass: 69973K(70400K)->69973K(70400K) Class: 11446K(11840K)->11446K(11840K)
[389.160s][info ][gc             ] GC(131) Pause Young (Allocation Failure) 1628M->433M(2143M) 13.228ms
[389.160s][info ][gc,cpu         ] GC(131) User=0.05s Sys=0.00s Real=0.01s
[389.160s][info ][safepoint      ] Safepoint "ParallelGCFailedAllocation", Time since last: 1780009648 ns, Reaching safepoint: 30002 ns, At safepoint: 13321687 ns, Total: 13351689 ns
[393.161s][info ][safepoint      ] Safepoint "Cleanup", Time since last: 4000282327 ns, Reaching safepoint: 119807 ns, At safepoint: 7500 ns, Total: 127307 ns
[398.161s][info ][safepoint      ] Safepoint "Cleanup", Time since last: 5000373659 ns, Reaching safepoint: 127808 ns, At safepoint: 13601 ns, Total: 141409 ns
[401.162s][info ][safepoint      ] Safepoint "Cleanup", Time since last: 3000293999 ns, Reaching safepoint: 129708 ns, At safepoint: 8400 ns, Total: 138108 ns
[402.162s][info ][safepoint      ] Safepoint "Cleanup", Time since last: 1000120035 ns, Reaching safepoint: 130808 ns, At safepoint: 12600 ns, Total: 143408 ns
[407.163s][info ][safepoint      ] Safepoint "Cleanup", Time since last: 5000412462 ns, Reaching safepoint: 105506 ns, At safepoint: 8600 ns, Total: 114106 ns
[409.163s][info ][safepoint      ] Safepoint "Cleanup", Time since last: 2000131463 ns, Reaching safepoint: 126507 ns, At safepoint: 7601 ns, Total: 134108 ns
[411.163s][info ][safepoint      ] Safepoint "Cleanup", Time since last: 2000174665 ns, Reaching safepoint: 147409 ns, At safepoint: 7300 ns, Total: 154709 ns
[413.816s][info ][safepoint      ] Safepoint "Cleanup", Time since last: 2652810454 ns, Reaching safepoint: 161009 ns, At safepoint: 17801 ns, Total: 178810 ns
[414.816s][info ][safepoint      ] Safepoint "Cleanup", Time since last: 1000105434 ns, Reaching safepoint: 155709 ns, At safepoint: 9501 ns, Total: 165210 ns
[415.817s][info ][safepoint      ] Safepoint "Cleanup", Time since last: 1000114134 ns, Reaching safepoint: 67404 ns, At safepoint: 9501 ns, Total: 76905 ns
[416.817s][info ][safepoint      ] Safepoint "Cleanup", Time since last: 1000109133 ns, Reaching safepoint: 55404 ns, At safepoint: 3100 ns, Total: 58504 ns
[417.817s][info ][safepoint      ] Safepoint "Cleanup", Time since last: 1000102333 ns, Reaching safepoint: 50003 ns, At safepoint: 2800 ns, Total: 52803 ns
[418.817s][info ][safepoint      ] Safepoint "Cleanup", Time since last: 1000112834 ns, Reaching safepoint: 61404 ns, At safepoint: 33802 ns, Total: 95206 ns
[419.817s][info ][safepoint      ] Safepoint "Cleanup", Time since last: 1000117634 ns, Reaching safepoint: 58704 ns, At safepoint: 8400 ns, Total: 67104 ns
[420.818s][info ][safepoint      ] Safepoint "Cleanup", Time since last: 1000104634 ns, Reaching safepoint: 93305 ns, At safepoint: 7501 ns, Total: 100806 ns
[421.818s][info ][safepoint      ] Safepoint "Cleanup", Time since last: 1000107534 ns, Reaching safepoint: 63503 ns, At safepoint: 3301 ns, Total: 66804 ns
[422.818s][info ][safepoint      ] Safepoint "Cleanup", Time since last: 1000115234 ns, Reaching safepoint: 127907 ns, At safepoint: 11901 ns, Total: 139808 ns
[423.818s][info ][safepoint      ] Safepoint "Cleanup", Time since last: 1000107334 ns, Reaching safepoint: 42602 ns, At safepoint: 3200 ns, Total: 45802 ns
[424.818s][info ][safepoint      ] Safepoint "Cleanup", Time since last: 1000116635 ns, Reaching safepoint: 59203 ns, At safepoint: 8001 ns, Total: 67204 ns
[425.819s][info ][safepoint      ] Safepoint "Cleanup", Time since last: 1000106633 ns, Reaching safepoint: 59404 ns, At safepoint: 10801 ns, Total: 70205 ns
[426.819s][info ][safepoint      ] Safepoint "Cleanup", Time since last: 1000166037 ns, Reaching safepoint: 55103 ns, At safepoint: 10101 ns, Total: 65204 ns
[428.819s][info ][safepoint      ] Safepoint "Cleanup", Time since last: 2000177565 ns, Reaching safepoint: 53703 ns, At safepoint: 7600 ns, Total: 61303 ns
[430.819s][info ][safepoint      ] Safepoint "Cleanup", Time since last: 2000145664 ns, Reaching safepoint: 58903 ns, At safepoint: 8001 ns, Total: 66904 ns
[431.819s][info ][safepoint      ] Safepoint "Cleanup", Time since last: 1000131535 ns, Reaching safepoint: 49403 ns, At safepoint: 3600 ns, Total: 53003 ns
[432.820s][info ][safepoint      ] Safepoint "Cleanup", Time since last: 1000105934 ns, Reaching safepoint: 55903 ns, At safepoint: 6800 ns, Total: 62703 ns
[433.820s][info ][safepoint      ] Safepoint "Cleanup", Time since last: 1000109034 ns, Reaching safepoint: 53603 ns, At safepoint: 4801 ns, Total: 58404 ns
[434.820s][info ][safepoint      ] Safepoint "Cleanup", Time since last: 1000099333 ns, Reaching safepoint: 72304 ns, At safepoint: 8401 ns, Total: 80705 ns
[435.820s][info ][safepoint      ] Safepoint "Cleanup", Time since last: 1000104933 ns, Reaching safepoint: 56504 ns, At safepoint: 9000 ns, Total: 65504 ns
[436.820s][info ][safepoint      ] Safepoint "Cleanup", Time since last: 1000096333 ns, Reaching safepoint: 57204 ns, At safepoint: 7000 ns, Total: 64204 ns
[437.820s][info ][safepoint      ] Safepoint "Cleanup", Time since last: 1000104534 ns, Reaching safepoint: 55603 ns, At safepoint: 3900 ns, Total: 59503 ns
[438.821s][info ][safepoint      ] Safepoint "Cleanup", Time since last: 1000114534 ns, Reaching safepoint: 71804 ns, At safepoint: 6701 ns, Total: 78505 ns
[439.821s][info ][safepoint      ] Safepoint "Cleanup", Time since last: 1000104833 ns, Reaching safepoint: 63204 ns, At safepoint: 12501 ns, Total: 75705 ns
[440.821s][info ][safepoint      ] Safepoint "Cleanup", Time since last: 1000105134 ns, Reaching safepoint: 54703 ns, At safepoint: 7200 ns, Total: 61903 ns
[441.821s][info ][safepoint      ] Safepoint "Cleanup", Time since last: 1000070132 ns, Reaching safepoint: 62803 ns, At safepoint: 8301 ns, Total: 71104 ns
[443.390s][info ][gc,start       ] GC(132) Pause Young (Allocation Failure)
[443.405s][debug][gc,phases      ] GC(132) Scavenge 14.348ms
[443.405s][debug][gc,ref         ] GC(132) Skipped phase 1 of Reference Processing: no references
[443.405s][debug][gc,ref         ] GC(132) ReferenceProcessor::execute queues: 1, RefProcThreadModel::Single, marks_oops_alive: false
[443.405s][debug][gc,ref         ] GC(132) Skipped phase 3 of Reference Processing: no references
[443.405s][debug][gc,ref         ] GC(132) ReferenceProcessor::execute queues: 1, RefProcThreadModel::Single, marks_oops_alive: false
[443.405s][debug][gc,phases      ] GC(132) Reference Processing 0.145ms
[443.405s][debug][gc,phases      ] GC(132)   VM Weak                        Min:  0.0, Avg:  0.0, Max:  0.0, Diff:  0.0, Sum:  0.0, Workers: 4
[443.405s][debug][gc,phases      ] GC(132)     Dead                           Min: 0, Avg:  0.0, Max: 0, Diff: 0, Sum: 0, Workers: 4
[443.405s][debug][gc,phases      ] GC(132)     Total                          Min: 0, Avg: 163.0, Max: 332, Diff: 332, Sum: 652, Workers: 4
[443.405s][debug][gc,phases      ] GC(132)   ObjectSynchronizer Weak        Min:  0.0, Avg:  0.0, Max:  0.0, Diff:  0.0, Sum:  0.0, Workers: 4
[443.405s][debug][gc,phases      ] GC(132)     Dead                           Min: 0, Avg:  0.0, Max: 0, Diff: 0, Sum: 0, Workers: 4
[443.405s][debug][gc,phases      ] GC(132)     Total                          Min: 0, Avg: 103.0, Max: 192, Diff: 192, Sum: 412, Workers: 4
[443.405s][debug][gc,phases      ] GC(132)   JVMTI Tag Weak OopStorage      Min:  0.0, Avg:  0.0, Max:  0.0, Diff:  0.0, Sum:  0.0, Workers: 4
[443.405s][debug][gc,phases      ] GC(132)     Dead                           Min: 0, Avg:  0.0, Max: 0, Diff: 0, Sum: 0, Workers: 4
[443.405s][debug][gc,phases      ] GC(132)     Total                          Min: 0, Avg:  0.0, Max: 0, Diff: 0, Sum: 0, Workers: 4
[443.405s][debug][gc,phases      ] GC(132)   StringTable Weak               Min:  0.1, Avg:  0.1, Max:  0.1, Diff:  0.0, Sum:  0.5, Workers: 4
[443.405s][debug][gc,phases      ] GC(132)     Dead                           Min: 0, Avg:  0.5, Max: 2, Diff: 2, Sum: 2, Workers: 4
[443.405s][debug][gc,phases      ] GC(132)     Total                          Min: 11456, Avg: 11866.8, Max: 12160, Diff: 704, Sum: 47467, Workers: 4
[443.405s][debug][gc,phases      ] GC(132)   ResolvedMethodTable Weak       Min:  0.0, Avg:  0.0, Max:  0.0, Diff:  0.0, Sum:  0.1, Workers: 4
[443.405s][debug][gc,phases      ] GC(132)     Dead                           Min: 0, Avg:  0.0, Max: 0, Diff: 0, Sum: 0, Workers: 4
[443.405s][debug][gc,phases      ] GC(132)     Total                          Min: 1901, Avg: 2021.2, Max: 2159, Diff: 258, Sum: 8085, Workers: 4
[443.405s][debug][gc,phases      ] GC(132)   JNI Weak                       Min:  0.0, Avg:  0.0, Max:  0.0, Diff:  0.0, Sum:  0.0, Workers: 4
[443.405s][debug][gc,phases      ] GC(132)     Dead                           Min: 0, Avg:  0.0, Max: 0, Diff: 0, Sum: 0, Workers: 4
[443.405s][debug][gc,phases      ] GC(132)     Total                          Min: 0, Avg:  0.0, Max: 0, Diff: 0, Sum: 0, Workers: 4
[443.405s][debug][gc,phases      ] GC(132)   StringDedup Table Weak         Min:  0.0, Avg:  0.0, Max:  0.0, Diff:  0.0, Sum:  0.0, Workers: 4
[443.405s][debug][gc,phases      ] GC(132)     Dead                           Min: 0, Avg:  0.0, Max: 0, Diff: 0, Sum: 0, Workers: 4
[443.405s][debug][gc,phases      ] GC(132)     Total                          Min: 0, Avg:  0.0, Max: 0, Diff: 0, Sum: 0, Workers: 4
[443.405s][debug][gc,phases      ] GC(132)   StringDedup Requests0 Weak     Min:  0.0, Avg:  0.0, Max:  0.0, Diff:  0.0, Sum:  0.0, Workers: 4
[443.405s][debug][gc,phases      ] GC(132)     Dead                           Min: 0, Avg:  0.0, Max: 0, Diff: 0, Sum: 0, Workers: 4
[443.405s][debug][gc,phases      ] GC(132)     Total                          Min: 0, Avg:  0.0, Max: 0, Diff: 0, Sum: 0, Workers: 4
[443.405s][debug][gc,phases      ] GC(132)   StringDedup Requests1 Weak     Min:  0.0, Avg:  0.0, Max:  0.0, Diff:  0.0, Sum:  0.0, Workers: 4
[443.405s][debug][gc,phases      ] GC(132)     Dead                           Min: 0, Avg:  0.0, Max: 0, Diff: 0, Sum: 0, Workers: 4
[443.405s][debug][gc,phases      ] GC(132)     Total                          Min: 0, Avg:  0.0, Max: 0, Diff: 0, Sum: 0, Workers: 4
[443.405s][debug][gc,phases      ] GC(132)   Weak JFR Old Object Samples    Min:  0.0, Avg:  0.0, Max:  0.0, Diff:  0.0, Sum:  0.0, Workers: 4
[443.405s][debug][gc,phases      ] GC(132)     Dead                           Min: 0, Avg:  0.0, Max: 0, Diff: 0, Sum: 0, Workers: 4
[443.405s][debug][gc,phases      ] GC(132)     Total                          Min: 0, Avg:  0.0, Max: 0, Diff: 0, Sum: 0, Workers: 4
[443.405s][debug][gc,phases      ] GC(132) Weak Processing 0.369ms
[443.405s][debug][gc,age         ] GC(132) Desired survivor size 414711808 bytes, new threshold 15 (max threshold 15)
[443.405s][info ][gc,heap        ] GC(132) PSYoungGen: 1292732K(1654784K)->69213K(1692160K) Eden: 1223680K(1223680K)->0K(1273344K) From: 69052K(431104K)->69213K(418816K)
[443.405s][info ][gc,heap        ] GC(132) ParOldGen: 375166K(540160K)->375174K(540160K)
[443.405s][info ][gc,metaspace   ] GC(132) Metaspace: 81600K(82432K)->81600K(82432K) NonClass: 70137K(70592K)->70137K(70592K) Class: 11462K(11840K)->11462K(11840K)
[443.405s][info ][gc             ] GC(132) Pause Young (Allocation Failure) 1628M->433M(2180M) 15.002ms
[443.405s][info ][gc,cpu         ] GC(132) User=0.06s Sys=0.00s Real=0.02s
[443.406s][info ][safepoint      ] Safepoint "ParallelGCFailedAllocation", Time since last: 1569309889 ns, Reaching safepoint: 55103 ns, At safepoint: 15088692 ns, Total: 15143795 ns
[444.406s][info ][safepoint      ] Safepoint "Cleanup", Time since last: 1000085533 ns, Reaching safepoint: 55303 ns, At safepoint: 11901 ns, Total: 67204 ns
[445.406s][info ][safepoint      ] Safepoint "Cleanup", Time since last: 1000125135 ns, Reaching safepoint: 49603 ns, At safepoint: 7900 ns, Total: 57503 ns
[449.406s][info ][safepoint      ] Safepoint "Cleanup", Time since last: 4000302027 ns, Reaching safepoint: 56404 ns, At safepoint: 6200 ns, Total: 62604 ns
[450.406s][info ][safepoint      ] Safepoint "Cleanup", Time since last: 1000111234 ns, Reaching safepoint: 50603 ns, At safepoint: 4400 ns, Total: 55003 ns
[451.407s][info ][safepoint      ] Safepoint "Cleanup", Time since last: 1000105034 ns, Reaching safepoint: 50203 ns, At safepoint: 8400 ns, Total: 58603 ns
[453.407s][info ][safepoint      ] Safepoint "Cleanup", Time since last: 2000157564 ns, Reaching safepoint: 50803 ns, At safepoint: 12801 ns, Total: 63604 ns
[454.407s][info ][safepoint      ] Safepoint "Cleanup", Time since last: 1000108834 ns, Reaching safepoint: 33502 ns, At safepoint: 3300 ns, Total: 36802 ns
[455.407s][info ][safepoint      ] Safepoint "Cleanup", Time since last: 1000124235 ns, Reaching safepoint: 50903 ns, At safepoint: 8400 ns, Total: 59303 ns
[456.407s][info ][safepoint      ] Safepoint "Cleanup", Time since last: 1000108734 ns, Reaching safepoint: 53203 ns, At safepoint: 3400 ns, Total: 56603 ns
[457.407s][info ][safepoint      ] Safepoint "Cleanup", Time since last: 1000111434 ns, Reaching safepoint: 57004 ns, At safepoint: 6300 ns, Total: 63304 ns
[458.408s][info ][safepoint      ] Safepoint "Cleanup", Time since last: 1000109534 ns, Reaching safepoint: 44002 ns, At safepoint: 4201 ns, Total: 48203 ns
[459.408s][info ][safepoint      ] Safepoint "Cleanup", Time since last: 1000109434 ns, Reaching safepoint: 51403 ns, At safepoint: 3000 ns, Total: 54403 ns
[460.408s][info ][safepoint      ] Safepoint "Cleanup", Time since last: 1000107734 ns, Reaching safepoint: 50402 ns, At safepoint: 8101 ns, Total: 58503 ns
[461.408s][info ][safepoint      ] Safepoint "Cleanup", Time since last: 1000108634 ns, Reaching safepoint: 58703 ns, At safepoint: 4200 ns, Total: 62903 ns
[462.408s][info ][safepoint      ] Safepoint "Cleanup", Time since last: 1000106334 ns, Reaching safepoint: 45803 ns, At safepoint: 2900 ns, Total: 48703 ns
[463.408s][info ][safepoint      ] Safepoint "Cleanup", Time since last: 1000107834 ns, Reaching safepoint: 57703 ns, At safepoint: 12201 ns, Total: 69904 ns
[464.409s][info ][safepoint      ] Safepoint "Cleanup", Time since last: 1000106433 ns, Reaching safepoint: 52804 ns, At safepoint: 8300 ns, Total: 61104 ns
[465.409s][info ][safepoint      ] Safepoint "Cleanup", Time since last: 1000099233 ns, Reaching safepoint: 57804 ns, At safepoint: 3400 ns, Total: 61204 ns
[466.409s][info ][safepoint      ] Safepoint "Cleanup", Time since last: 1000135435 ns, Reaching safepoint: 68904 ns, At safepoint: 3701 ns, Total: 72605 ns
[467.409s][info ][safepoint      ] Safepoint "Cleanup", Time since last: 1000113234 ns, Reaching safepoint: 47602 ns, At safepoint: 4201 ns, Total: 51803 ns
[470.409s][info ][safepoint      ] Safepoint "Cleanup", Time since last: 3000241496 ns, Reaching safepoint: 53803 ns, At safepoint: 3300 ns, Total: 57103 ns
[471.722s][info ][safepoint      ] Safepoint "Cleanup", Time since last: 1312318394 ns, Reaching safepoint: 59704 ns, At safepoint: 7800 ns, Total: 67504 ns
[473.722s][info ][safepoint      ] Safepoint "Cleanup", Time since last: 2000159564 ns, Reaching safepoint: 73605 ns, At safepoint: 6200 ns, Total: 79805 ns
[474.722s][info ][safepoint      ] Safepoint "Cleanup", Time since last: 1000108634 ns, Reaching safepoint: 52103 ns, At safepoint: 5500 ns, Total: 57603 ns
[475.722s][info ][safepoint      ] Safepoint "Cleanup", Time since last: 1000097333 ns, Reaching safepoint: 39203 ns, At safepoint: 3100 ns, Total: 42303 ns
[476.723s][info ][safepoint      ] Safepoint "Cleanup", Time since last: 1000104233 ns, Reaching safepoint: 48303 ns, At safepoint: 3801 ns, Total: 52104 ns
[477.978s][info ][safepoint      ] Safepoint "Cleanup", Time since last: 1255272720 ns, Reaching safepoint: 171711 ns, At safepoint: 20401 ns, Total: 192112 ns
[478.812s][info ][gc,start       ] GC(133) Pause Young (Allocation Failure)
[478.836s][debug][gc,phases      ] GC(133) Scavenge 23.699ms
[478.836s][debug][gc,ref         ] GC(133) Skipped phase 1 of Reference Processing: no references
[478.836s][debug][gc,ref         ] GC(133) ReferenceProcessor::execute queues: 1, RefProcThreadModel::Single, marks_oops_alive: false
[478.836s][debug][gc,ref         ] GC(133) Skipped phase 3 of Reference Processing: no references
[478.836s][debug][gc,ref         ] GC(133) ReferenceProcessor::execute queues: 1, RefProcThreadModel::Single, marks_oops_alive: false
[478.836s][debug][gc,phases      ] GC(133) Reference Processing 0.169ms
[478.837s][debug][gc,phases      ] GC(133)   VM Weak                        Min:  0.0, Avg:  0.0, Max:  0.0, Diff:  0.0, Sum:  0.0, Workers: 4
[478.837s][debug][gc,phases      ] GC(133)     Dead                           Min: 0, Avg:  0.0, Max: 0, Diff: 0, Sum: 0, Workers: 4
[478.837s][debug][gc,phases      ] GC(133)     Total                          Min: 0, Avg: 164.0, Max: 656, Diff: 656, Sum: 656, Workers: 4
[478.837s][debug][gc,phases      ] GC(133)   ObjectSynchronizer Weak        Min:  0.0, Avg:  0.0, Max:  0.0, Diff:  0.0, Sum:  0.0, Workers: 4
[478.837s][debug][gc,phases      ] GC(133)     Dead                           Min: 0, Avg:  0.0, Max: 0, Diff: 0, Sum: 0, Workers: 4
[478.837s][debug][gc,phases      ] GC(133)     Total                          Min: 0, Avg: 103.0, Max: 412, Diff: 412, Sum: 412, Workers: 4
[478.837s][debug][gc,phases      ] GC(133)   JVMTI Tag Weak OopStorage      Min:  0.0, Avg:  0.0, Max:  0.0, Diff:  0.0, Sum:  0.0, Workers: 4
[478.837s][debug][gc,phases      ] GC(133)     Dead                           Min: 0, Avg:  0.0, Max: 0, Diff: 0, Sum: 0, Workers: 4
[478.837s][debug][gc,phases      ] GC(133)     Total                          Min: 0, Avg:  0.0, Max: 0, Diff: 0, Sum: 0, Workers: 4
[478.837s][debug][gc,phases      ] GC(133)   StringTable Weak               Min:  0.1, Avg:  0.1, Max:  0.1, Diff:  0.0, Sum:  0.5, Workers: 4
[478.837s][debug][gc,phases      ] GC(133)     Dead                           Min: 0, Avg:  0.0, Max: 0, Diff: 0, Sum: 0, Workers: 4
[478.837s][debug][gc,phases      ] GC(133)     Total                          Min: 10304, Avg: 11872.8, Max: 13888, Diff: 3584, Sum: 47491, Workers: 4
[478.837s][debug][gc,phases      ] GC(133)   ResolvedMethodTable Weak       Min:  0.0, Avg:  0.0, Max:  0.0, Diff:  0.0, Sum:  0.1, Workers: 4
[478.837s][debug][gc,phases      ] GC(133)     Dead                           Min: 0, Avg:  1.5, Max: 4, Diff: 4, Sum: 6, Workers: 4
[478.837s][debug][gc,phases      ] GC(133)     Total                          Min: 1712, Avg: 2030.0, Max: 2209, Diff: 497, Sum: 8120, Workers: 4
[478.837s][debug][gc,phases      ] GC(133)   JNI Weak                       Min:  0.0, Avg:  0.0, Max:  0.0, Diff:  0.0, Sum:  0.0, Workers: 4
[478.837s][debug][gc,phases      ] GC(133)     Dead                           Min: 0, Avg:  0.0, Max: 0, Diff: 0, Sum: 0, Workers: 4
[478.837s][debug][gc,phases      ] GC(133)     Total                          Min: 0, Avg:  0.8, Max: 3, Diff: 3, Sum: 3, Workers: 4
[478.837s][debug][gc,phases      ] GC(133)   StringDedup Table Weak         Min:  0.0, Avg:  0.0, Max:  0.0, Diff:  0.0, Sum:  0.0, Workers: 4
[478.837s][debug][gc,phases      ] GC(133)     Dead                           Min: 0, Avg:  0.0, Max: 0, Diff: 0, Sum: 0, Workers: 4
[478.837s][debug][gc,phases      ] GC(133)     Total                          Min: 0, Avg:  0.0, Max: 0, Diff: 0, Sum: 0, Workers: 4
[478.837s][debug][gc,phases      ] GC(133)   StringDedup Requests0 Weak     Min:  0.0, Avg:  0.0, Max:  0.0, Diff:  0.0, Sum:  0.0, Workers: 4
[478.837s][debug][gc,phases      ] GC(133)     Dead                           Min: 0, Avg:  0.0, Max: 0, Diff: 0, Sum: 0, Workers: 4
[478.837s][debug][gc,phases      ] GC(133)     Total                          Min: 0, Avg:  0.0, Max: 0, Diff: 0, Sum: 0, Workers: 4
[478.837s][debug][gc,phases      ] GC(133)   StringDedup Requests1 Weak     Min:  0.0, Avg:  0.0, Max:  0.0, Diff:  0.0, Sum:  0.0, Workers: 4
[478.837s][debug][gc,phases      ] GC(133)     Dead                           Min: 0, Avg:  0.0, Max: 0, Diff: 0, Sum: 0, Workers: 4
[478.837s][debug][gc,phases      ] GC(133)     Total                          Min: 0, Avg:  0.0, Max: 0, Diff: 0, Sum: 0, Workers: 4
[478.837s][debug][gc,phases      ] GC(133)   Weak JFR Old Object Samples    Min:  0.0, Avg:  0.0, Max:  0.0, Diff:  0.0, Sum:  0.0, Workers: 4
[478.837s][debug][gc,phases      ] GC(133)     Dead                           Min: 0, Avg:  0.0, Max: 0, Diff: 0, Sum: 0, Workers: 4
[478.837s][debug][gc,phases      ] GC(133)     Total                          Min: 0, Avg:  0.0, Max: 0, Diff: 0, Sum: 0, Workers: 4
[478.837s][debug][gc,phases      ] GC(133) Weak Processing 0.375ms
[478.837s][debug][gc,age         ] GC(133) Desired survivor size 394264576 bytes, new threshold 15 (max threshold 15)
[478.837s][info ][gc,heap        ] GC(133) PSYoungGen: 1342557K(1692160K)->102548K(1678336K) Eden: 1273344K(1273344K)->0K(1273344K) From: 69213K(418816K)->102548K(404992K)
[478.837s][info ][gc,heap        ] GC(133) ParOldGen: 375174K(540160K)->375182K(540160K)
[478.837s][info ][gc,metaspace   ] GC(133) Metaspace: 81682K(82496K)->81682K(82496K) NonClass: 70210K(70656K)->70210K(70656K) Class: 11472K(11840K)->11472K(11840K)
[478.837s][info ][gc             ] GC(133) Pause Young (Allocation Failure) 1677M->466M(2166M) 24.383ms
[478.837s][info ][gc,cpu         ] GC(133) User=0.10s Sys=0.00s Real=0.03s
[478.837s][info ][safepoint      ] Safepoint "ParallelGCFailedAllocation", Time since last: 834201124 ns, Reaching safepoint: 84705 ns, At safepoint: 24473547 ns, Total: 24558252 ns
[479.837s][info ][safepoint      ] Safepoint "Cleanup", Time since last: 1000088033 ns, Reaching safepoint: 102206 ns, At safepoint: 9400 ns, Total: 111606 ns
[480.837s][info ][safepoint      ] Safepoint "Cleanup", Time since last: 1000105534 ns, Reaching safepoint: 122607 ns, At safepoint: 11501 ns, Total: 134108 ns
[481.837s][info ][safepoint      ] Safepoint "Cleanup", Time since last: 1000103333 ns, Reaching safepoint: 76705 ns, At safepoint: 19901 ns, Total: 96606 ns
[482.838s][info ][safepoint      ] Safepoint "Cleanup", Time since last: 1000137335 ns, Reaching safepoint: 65304 ns, At safepoint: 10601 ns, Total: 75905 ns
[483.838s][info ][safepoint      ] Safepoint "Cleanup", Time since last: 1000106533 ns, Reaching safepoint: 58604 ns, At safepoint: 8600 ns, Total: 67204 ns
[484.838s][info ][safepoint      ] Safepoint "Cleanup", Time since last: 1000100734 ns, Reaching safepoint: 47902 ns, At safepoint: 13001 ns, Total: 60903 ns
[485.838s][info ][safepoint      ] Safepoint "Cleanup", Time since last: 1000104534 ns, Reaching safepoint: 65104 ns, At safepoint: 7600 ns, Total: 72704 ns
[487.513s][info ][safepoint      ] Safepoint "Cleanup", Time since last: 1674256294 ns, Reaching safepoint: 210113 ns, At safepoint: 8600 ns, Total: 218713 ns
[489.513s][info ][safepoint      ] Safepoint "Cleanup", Time since last: 2000183966 ns, Reaching safepoint: 122007 ns, At safepoint: 8201 ns, Total: 130208 ns
[490.513s][info ][safepoint      ] Safepoint "Cleanup", Time since last: 1000109733 ns, Reaching safepoint: 112207 ns, At safepoint: 11101 ns, Total: 123308 ns
[491.513s][info ][safepoint      ] Safepoint "Cleanup", Time since last: 1000101533 ns, Reaching safepoint: 120607 ns, At safepoint: 11401 ns, Total: 132008 ns
[492.514s][info ][safepoint      ] Safepoint "Cleanup", Time since last: 1000113434 ns, Reaching safepoint: 136808 ns, At safepoint: 17301 ns, Total: 154109 ns
[493.514s][info ][safepoint      ] Safepoint "Cleanup", Time since last: 1000104633 ns, Reaching safepoint: 113907 ns, At safepoint: 9301 ns, Total: 123208 ns
[494.514s][info ][safepoint      ] Safepoint "Cleanup", Time since last: 1000099233 ns, Reaching safepoint: 105606 ns, At safepoint: 5601 ns, Total: 111207 ns
[496.514s][info ][safepoint      ] Safepoint "Cleanup", Time since last: 2000137662 ns, Reaching safepoint: 120807 ns, At safepoint: 6301 ns, Total: 127108 ns
[498.515s][info ][safepoint      ] Safepoint "Cleanup", Time since last: 2000199266 ns, Reaching safepoint: 125308 ns, At safepoint: 8300 ns, Total: 133608 ns
[499.515s][info ][safepoint      ] Safepoint "Cleanup", Time since last: 1000115534 ns, Reaching safepoint: 129408 ns, At safepoint: 18801 ns, Total: 148209 ns
[500.515s][info ][safepoint      ] Safepoint "Cleanup", Time since last: 1000103634 ns, Reaching safepoint: 53603 ns, At safepoint: 7800 ns, Total: 61403 ns
[501.515s][info ][safepoint      ] Safepoint "Cleanup", Time since last: 1000109534 ns, Reaching safepoint: 48703 ns, At safepoint: 6100 ns, Total: 54803 ns
[502.515s][info ][safepoint      ] Safepoint "Cleanup", Time since last: 1000098933 ns, Reaching safepoint: 63504 ns, At safepoint: 7401 ns, Total: 70905 ns
[504.516s][info ][safepoint      ] Safepoint "Cleanup", Time since last: 2000170564 ns, Reaching safepoint: 53404 ns, At safepoint: 2800 ns, Total: 56204 ns
[504.788s][info ][gc,start       ] GC(134) Pause Young (Allocation Failure)
[504.814s][debug][gc,phases      ] GC(134) Scavenge 25.900ms
[504.814s][debug][gc,ref         ] GC(134) Skipped phase 1 of Reference Processing: no references
[504.814s][debug][gc,ref         ] GC(134) ReferenceProcessor::execute queues: 1, RefProcThreadModel::Single, marks_oops_alive: false
[504.814s][debug][gc,ref         ] GC(134) Skipped phase 3 of Reference Processing: no references
[504.814s][debug][gc,ref         ] GC(134) ReferenceProcessor::execute queues: 1, RefProcThreadModel::Single, marks_oops_alive: false
[504.814s][debug][gc,phases      ] GC(134) Reference Processing 0.182ms
[504.814s][debug][gc,phases      ] GC(134)   VM Weak                        Min:  0.0, Avg:  0.0, Max:  0.0, Diff:  0.0, Sum:  0.0, Workers: 4
[504.814s][debug][gc,phases      ] GC(134)     Dead                           Min: 0, Avg:  0.0, Max: 0, Diff: 0, Sum: 0, Workers: 4
[504.815s][debug][gc,phases      ] GC(134)     Total                          Min: 0, Avg: 164.0, Max: 592, Diff: 592, Sum: 656, Workers: 4
[504.815s][debug][gc,phases      ] GC(134)   ObjectSynchronizer Weak        Min:  0.0, Avg:  0.0, Max:  0.0, Diff:  0.0, Sum:  0.0, Workers: 4
[504.815s][debug][gc,phases      ] GC(134)     Dead                           Min: 0, Avg:  0.0, Max: 0, Diff: 0, Sum: 0, Workers: 4
[504.815s][debug][gc,phases      ] GC(134)     Total                          Min: 0, Avg: 103.0, Max: 220, Diff: 220, Sum: 412, Workers: 4
[504.815s][debug][gc,phases      ] GC(134)   JVMTI Tag Weak OopStorage      Min:  0.0, Avg:  0.0, Max:  0.0, Diff:  0.0, Sum:  0.0, Workers: 4
[504.815s][debug][gc,phases      ] GC(134)     Dead                           Min: 0, Avg:  0.0, Max: 0, Diff: 0, Sum: 0, Workers: 4
[504.815s][debug][gc,phases      ] GC(134)     Total                          Min: 0, Avg:  0.0, Max: 0, Diff: 0, Sum: 0, Workers: 4
[504.815s][debug][gc,phases      ] GC(134)   StringTable Weak               Min:  0.1, Avg:  0.1, Max:  0.1, Diff:  0.0, Sum:  0.5, Workers: 4
[504.815s][debug][gc,phases      ] GC(134)     Dead                           Min: 0, Avg:  0.0, Max: 0, Diff: 0, Sum: 0, Workers: 4
[504.815s][debug][gc,phases      ] GC(134)     Total                          Min: 11008, Avg: 11876.2, Max: 12736, Diff: 1728, Sum: 47505, Workers: 4
[504.815s][debug][gc,phases      ] GC(134)   ResolvedMethodTable Weak       Min:  0.0, Avg:  0.0, Max:  0.0, Diff:  0.0, Sum:  0.1, Workers: 4
[504.815s][debug][gc,phases      ] GC(134)     Dead                           Min: 0, Avg:  0.0, Max: 0, Diff: 0, Sum: 0, Workers: 4
[504.815s][debug][gc,phases      ] GC(134)     Total                          Min: 1968, Avg: 2030.0, Max: 2088, Diff: 120, Sum: 8120, Workers: 4
[504.815s][debug][gc,phases      ] GC(134)   JNI Weak                       Min:  0.0, Avg:  0.0, Max:  0.0, Diff:  0.0, Sum:  0.0, Workers: 4
[504.815s][debug][gc,phases      ] GC(134)     Dead                           Min: 0, Avg:  0.0, Max: 0, Diff: 0, Sum: 0, Workers: 4
[504.815s][debug][gc,phases      ] GC(134)     Total                          Min: 0, Avg:  0.0, Max: 0, Diff: 0, Sum: 0, Workers: 4
[504.815s][debug][gc,phases      ] GC(134)   StringDedup Table Weak         Min:  0.0, Avg:  0.0, Max:  0.0, Diff:  0.0, Sum:  0.0, Workers: 4
[504.815s][debug][gc,phases      ] GC(134)     Dead                           Min: 0, Avg:  0.0, Max: 0, Diff: 0, Sum: 0, Workers: 4
[504.815s][debug][gc,phases      ] GC(134)     Total                          Min: 0, Avg:  0.0, Max: 0, Diff: 0, Sum: 0, Workers: 4
[504.815s][debug][gc,phases      ] GC(134)   StringDedup Requests0 Weak     Min:  0.0, Avg:  0.0, Max:  0.0, Diff:  0.0, Sum:  0.0, Workers: 4
[504.815s][debug][gc,phases      ] GC(134)     Dead                           Min: 0, Avg:  0.0, Max: 0, Diff: 0, Sum: 0, Workers: 4
[504.815s][debug][gc,phases      ] GC(134)     Total                          Min: 0, Avg:  0.0, Max: 0, Diff: 0, Sum: 0, Workers: 4
[504.815s][debug][gc,phases      ] GC(134)   StringDedup Requests1 Weak     Min:  0.0, Avg:  0.0, Max:  0.0, Diff:  0.0, Sum:  0.0, Workers: 4
[504.815s][debug][gc,phases      ] GC(134)     Dead                           Min: 0, Avg:  0.0, Max: 0, Diff: 0, Sum: 0, Workers: 4
[504.815s][debug][gc,phases      ] GC(134)     Total                          Min: 0, Avg:  0.0, Max: 0, Diff: 0, Sum: 0, Workers: 4
[504.815s][debug][gc,phases      ] GC(134)   Weak JFR Old Object Samples    Min:  0.0, Avg:  0.0, Max:  0.0, Diff:  0.0, Sum:  0.0, Workers: 4
[504.815s][debug][gc,phases      ] GC(134)     Dead                           Min: 0, Avg:  0.0, Max: 0, Diff: 0, Sum: 0, Workers: 4
[504.815s][debug][gc,phases      ] GC(134)     Total                          Min: 0, Avg:  0.0, Max: 0, Diff: 0, Sum: 0, Workers: 4
[504.815s][debug][gc,phases      ] GC(134) Weak Processing 0.364ms
[504.815s][debug][gc,age         ] GC(134) Desired survivor size 370147328 bytes, new threshold 15 (max threshold 15)
[504.815s][info ][gc,heap        ] GC(134) PSYoungGen: 1375892K(1678336K)->126491K(1735680K) Eden: 1273344K(1273344K)->0K(1350656K) From: 102548K(404992K)->126491K(385024K)
[504.815s][info ][gc,heap        ] GC(134) ParOldGen: 375182K(540160K)->375190K(540160K)
[504.815s][info ][gc,metaspace   ] GC(134) Metaspace: 81761K(82560K)->81761K(82560K) NonClass: 70286K(70720K)->70286K(70720K) Class: 11475K(11840K)->11475K(11840K)
[504.815s][info ][gc             ] GC(134) Pause Young (Allocation Failure) 1710M->489M(2222M) 26.594ms
[504.815s][info ][gc,cpu         ] GC(134) User=0.11s Sys=0.00s Real=0.02s
[504.815s][info ][safepoint      ] Safepoint "ParallelGCFailedAllocation", Time since last: 272355803 ns, Reaching safepoint: 32802 ns, At safepoint: 26680178 ns, Total: 26712980 ns
[505.815s][info ][safepoint      ] Safepoint "Cleanup", Time since last: 1000081132 ns, Reaching safepoint: 121607 ns, At safepoint: 7501 ns, Total: 129108 ns
[506.815s][info ][safepoint      ] Safepoint "Cleanup", Time since last: 1000107833 ns, Reaching safepoint: 57204 ns, At safepoint: 8300 ns, Total: 65504 ns
[508.815s][info ][safepoint      ] Safepoint "Cleanup", Time since last: 2000179565 ns, Reaching safepoint: 156910 ns, At safepoint: 10400 ns, Total: 167310 ns
[509.816s][info ][safepoint      ] Safepoint "Cleanup", Time since last: 1000106134 ns, Reaching safepoint: 50303 ns, At safepoint: 3100 ns, Total: 53403 ns
[510.816s][info ][safepoint      ] Safepoint "Cleanup", Time since last: 1000107934 ns, Reaching safepoint: 57903 ns, At safepoint: 3200 ns, Total: 61103 ns
[513.816s][info ][safepoint      ] Safepoint "Cleanup", Time since last: 3000240797 ns, Reaching safepoint: 51003 ns, At safepoint: 4500 ns, Total: 55503 ns
[516.816s][info ][safepoint      ] Safepoint "Cleanup", Time since last: 3000264497 ns, Reaching safepoint: 60004 ns, At safepoint: 6000 ns, Total: 66004 ns
[518.817s][info ][safepoint      ] Safepoint "Cleanup", Time since last: 2000175465 ns, Reaching safepoint: 50503 ns, At safepoint: 6901 ns, Total: 57404 ns
[519.817s][info ][safepoint      ] Safepoint "Cleanup", Time since last: 1000105533 ns, Reaching safepoint: 45803 ns, At safepoint: 3000 ns, Total: 48803 ns
[523.817s][info ][safepoint      ] Safepoint "Cleanup", Time since last: 4000290527 ns, Reaching safepoint: 54403 ns, At safepoint: 3300 ns, Total: 57703 ns
[526.817s][info ][safepoint      ] Safepoint "Cleanup", Time since last: 3000200494 ns, Reaching safepoint: 73104 ns, At safepoint: 2800 ns, Total: 75904 ns
[528.818s][info ][safepoint      ] Safepoint "Cleanup", Time since last: 2000176365 ns, Reaching safepoint: 53204 ns, At safepoint: 2900 ns, Total: 56104 ns
[530.818s][info ][safepoint      ] Safepoint "Cleanup", Time since last: 2000185165 ns, Reaching safepoint: 66404 ns, At safepoint: 5301 ns, Total: 71705 ns
[534.818s][info ][safepoint      ] Safepoint "Cleanup", Time since last: 4000299826 ns, Reaching safepoint: 47503 ns, At safepoint: 9901 ns, Total: 57404 ns
[536.819s][info ][safepoint      ] Safepoint "Cleanup", Time since last: 2000168764 ns, Reaching safepoint: 59204 ns, At safepoint: 4500 ns, Total: 63704 ns
[538.819s][info ][safepoint      ] Safepoint "Cleanup", Time since last: 2000135663 ns, Reaching safepoint: 55703 ns, At safepoint: 9001 ns, Total: 64704 ns
[539.819s][info ][safepoint      ] Safepoint "Cleanup", Time since last: 1000094233 ns, Reaching safepoint: 48802 ns, At safepoint: 2901 ns, Total: 51703 ns
[542.819s][info ][safepoint      ] Safepoint "Cleanup", Time since last: 3000258097 ns, Reaching safepoint: 59703 ns, At safepoint: 3000 ns, Total: 62703 ns
[543.819s][info ][safepoint      ] Safepoint "Cleanup", Time since last: 1000105434 ns, Reaching safepoint: 51403 ns, At safepoint: 8101 ns, Total: 59504 ns
[544.779s][info ][gc,start       ] GC(135) Pause Young (Allocation Failure)
[544.807s][debug][gc,phases      ] GC(135) Scavenge 27.894ms
[544.807s][debug][gc,ref         ] GC(135) Skipped phase 1 of Reference Processing: no references
[544.807s][debug][gc,ref         ] GC(135) ReferenceProcessor::execute queues: 1, RefProcThreadModel::Single, marks_oops_alive: false
[544.807s][debug][gc,ref         ] GC(135) Skipped phase 3 of Reference Processing: no references
[544.807s][debug][gc,ref         ] GC(135) ReferenceProcessor::execute queues: 1, RefProcThreadModel::Single, marks_oops_alive: false
[544.807s][debug][gc,phases      ] GC(135) Reference Processing 0.189ms
[544.807s][debug][gc,phases      ] GC(135)   VM Weak                        Min:  0.0, Avg:  0.0, Max:  0.0, Diff:  0.0, Sum:  0.0, Workers: 4
[544.807s][debug][gc,phases      ] GC(135)     Dead                           Min: 0, Avg:  0.0, Max: 0, Diff: 0, Sum: 0, Workers: 4
[544.807s][debug][gc,phases      ] GC(135)     Total                          Min: 0, Avg: 164.0, Max: 464, Diff: 464, Sum: 656, Workers: 4
[544.807s][debug][gc,phases      ] GC(135)   ObjectSynchronizer Weak        Min:  0.0, Avg:  0.0, Max:  0.0, Diff:  0.0, Sum:  0.0, Workers: 4
[544.807s][debug][gc,phases      ] GC(135)     Dead                           Min: 0, Avg:  0.0, Max: 0, Diff: 0, Sum: 0, Workers: 4
[544.807s][debug][gc,phases      ] GC(135)     Total                          Min: 0, Avg: 103.0, Max: 192, Diff: 192, Sum: 412, Workers: 4
[544.807s][debug][gc,phases      ] GC(135)   JVMTI Tag Weak OopStorage      Min:  0.0, Avg:  0.0, Max:  0.0, Diff:  0.0, Sum:  0.0, Workers: 4
[544.807s][debug][gc,phases      ] GC(135)     Dead                           Min: 0, Avg:  0.0, Max: 0, Diff: 0, Sum: 0, Workers: 4
[544.807s][debug][gc,phases      ] GC(135)     Total                          Min: 0, Avg:  0.0, Max: 0, Diff: 0, Sum: 0, Workers: 4
[544.807s][debug][gc,phases      ] GC(135)   StringTable Weak               Min:  0.2, Avg:  0.2, Max:  0.2, Diff:  0.0, Sum:  0.6, Workers: 4
[544.807s][debug][gc,phases      ] GC(135)     Dead                           Min: 0, Avg:  0.2, Max: 1, Diff: 1, Sum: 1, Workers: 4
[544.807s][debug][gc,phases      ] GC(135)     Total                          Min: 11392, Avg: 11882.0, Max: 12328, Diff: 936, Sum: 47528, Workers: 4
[544.807s][debug][gc,phases      ] GC(135)   ResolvedMethodTable Weak       Min:  0.0, Avg:  0.0, Max:  0.0, Diff:  0.0, Sum:  0.1, Workers: 4
[544.807s][debug][gc,phases      ] GC(135)     Dead                           Min: 0, Avg:  0.0, Max: 0, Diff: 0, Sum: 0, Workers: 4
[544.807s][debug][gc,phases      ] GC(135)     Total                          Min: 1818, Avg: 2032.0, Max: 2217, Diff: 399, Sum: 8128, Workers: 4
[544.807s][debug][gc,phases      ] GC(135)   JNI Weak                       Min:  0.0, Avg:  0.0, Max:  0.0, Diff:  0.0, Sum:  0.0, Workers: 4
[544.807s][debug][gc,phases      ] GC(135)     Dead                           Min: 0, Avg:  0.0, Max: 0, Diff: 0, Sum: 0, Workers: 4
[544.807s][debug][gc,phases      ] GC(135)     Total                          Min: 0, Avg:  0.0, Max: 0, Diff: 0, Sum: 0, Workers: 4
[544.807s][debug][gc,phases      ] GC(135)   StringDedup Table Weak         Min:  0.0, Avg:  0.0, Max:  0.0, Diff:  0.0, Sum:  0.0, Workers: 4
[544.807s][debug][gc,phases      ] GC(135)     Dead                           Min: 0, Avg:  0.0, Max: 0, Diff: 0, Sum: 0, Workers: 4
[544.807s][debug][gc,phases      ] GC(135)     Total                          Min: 0, Avg:  0.0, Max: 0, Diff: 0, Sum: 0, Workers: 4
[544.807s][debug][gc,phases      ] GC(135)   StringDedup Requests0 Weak     Min:  0.0, Avg:  0.0, Max:  0.0, Diff:  0.0, Sum:  0.0, Workers: 4
[544.807s][debug][gc,phases      ] GC(135)     Dead                           Min: 0, Avg:  0.0, Max: 0, Diff: 0, Sum: 0, Workers: 4
[544.807s][debug][gc,phases      ] GC(135)     Total                          Min: 0, Avg:  0.0, Max: 0, Diff: 0, Sum: 0, Workers: 4
[544.807s][debug][gc,phases      ] GC(135)   StringDedup Requests1 Weak     Min:  0.0, Avg:  0.0, Max:  0.0, Diff:  0.0, Sum:  0.0, Workers: 4
[544.807s][debug][gc,phases      ] GC(135)     Dead                           Min: 0, Avg:  0.0, Max: 0, Diff: 0, Sum: 0, Workers: 4
[544.807s][debug][gc,phases      ] GC(135)     Total                          Min: 0, Avg:  0.0, Max: 0, Diff: 0, Sum: 0, Workers: 4
[544.807s][debug][gc,phases      ] GC(135)   Weak JFR Old Object Samples    Min:  0.0, Avg:  0.0, Max:  0.0, Diff:  0.0, Sum:  0.0, Workers: 4
[544.807s][debug][gc,phases      ] GC(135)     Dead                           Min: 0, Avg:  0.0, Max: 0, Diff: 0, Sum: 0, Workers: 4
[544.807s][debug][gc,phases      ] GC(135)     Total                          Min: 0, Avg:  0.0, Max: 0, Diff: 0, Sum: 0, Workers: 4
[544.807s][debug][gc,phases      ] GC(135) Weak Processing 0.390ms
[544.807s][debug][gc,age         ] GC(135) Desired survivor size 347602944 bytes, new threshold 15 (max threshold 15)
[544.807s][info ][gc,heap        ] GC(135) PSYoungGen: 1477147K(1735680K)->134085K(1712128K) Eden: 1350656K(1350656K)->0K(1350656K) From: 126491K(385024K)->134085K(361472K)
[544.807s][info ][gc,heap        ] GC(135) ParOldGen: 375190K(540160K)->375198K(540160K)
[544.807s][info ][gc,metaspace   ] GC(135) Metaspace: 81832K(82624K)->81832K(82624K) NonClass: 70354K(70784K)->70354K(70784K) Class: 11477K(11840K)->11477K(11840K)
[544.807s][info ][gc             ] GC(135) Pause Young (Allocation Failure) 1808M->497M(2199M) 28.766ms
[544.807s][info ][gc,cpu         ] GC(135) User=0.09s Sys=0.00s Real=0.03s
[544.808s][info ][safepoint      ] Safepoint "ParallelGCFailedAllocation", Time since last: 959271819 ns, Reaching safepoint: 50503 ns, At safepoint: 28849705 ns, Total: 28900208 ns
[547.808s][info ][safepoint      ] Safepoint "Cleanup", Time since last: 3000218395 ns, Reaching safepoint: 50503 ns, At safepoint: 2700 ns, Total: 53203 ns
[554.808s][info ][safepoint      ] Safepoint "Cleanup", Time since last: 7000500721 ns, Reaching safepoint: 51903 ns, At safepoint: 5601 ns, Total: 57504 ns
[555.809s][info ][safepoint      ] Safepoint "Cleanup", Time since last: 1000109733 ns, Reaching safepoint: 50903 ns, At safepoint: 7101 ns, Total: 58004 ns
[558.809s][info ][safepoint      ] Safepoint "Cleanup", Time since last: 3000230195 ns, Reaching safepoint: 55004 ns, At safepoint: 8100 ns, Total: 63104 ns
[560.115s][info ][safepoint      ] Safepoint "Cleanup", Time since last: 1306121627 ns, Reaching safepoint: 132108 ns, At safepoint: 8901 ns, Total: 141009 ns
[561.166s][info ][safepoint      ] Safepoint "Cleanup", Time since last: 1050908137 ns, Reaching safepoint: 180411 ns, At safepoint: 17701 ns, Total: 198112 ns
[562.665s][info ][safepoint      ] Safepoint "Cleanup", Time since last: 1498970030 ns, Reaching safepoint: 171210 ns, At safepoint: 10701 ns, Total: 181911 ns
[563.666s][info ][safepoint      ] Safepoint "Cleanup", Time since last: 1000115534 ns, Reaching safepoint: 149809 ns, At safepoint: 8200 ns, Total: 158009 ns
[564.666s][info ][safepoint      ] Safepoint "Cleanup", Time since last: 1000112534 ns, Reaching safepoint: 62804 ns, At safepoint: 12300 ns, Total: 75104 ns
[566.666s][info ][safepoint      ] Safepoint "Cleanup", Time since last: 2000173065 ns, Reaching safepoint: 48203 ns, At safepoint: 4600 ns, Total: 52803 ns
[567.666s][info ][safepoint      ] Safepoint "Cleanup", Time since last: 1000105734 ns, Reaching safepoint: 61304 ns, At safepoint: 9800 ns, Total: 71104 ns
[568.666s][info ][safepoint      ] Safepoint "Cleanup", Time since last: 1000100633 ns, Reaching safepoint: 48603 ns, At safepoint: 2600 ns, Total: 51203 ns
[569.667s][info ][safepoint      ] Safepoint "Cleanup", Time since last: 1000094933 ns, Reaching safepoint: 53003 ns, At safepoint: 11001 ns, Total: 64004 ns
[570.667s][info ][safepoint      ] Safepoint "Cleanup", Time since last: 1000087433 ns, Reaching safepoint: 45402 ns, At safepoint: 10501 ns, Total: 55903 ns
[571.667s][info ][safepoint      ] Safepoint "Cleanup", Time since last: 1000087232 ns, Reaching safepoint: 48403 ns, At safepoint: 8201 ns, Total: 56604 ns
[572.667s][info ][safepoint      ] Safepoint "Cleanup", Time since last: 1000103533 ns, Reaching safepoint: 66004 ns, At safepoint: 9401 ns, Total: 75405 ns
[573.667s][info ][safepoint      ] Safepoint "Cleanup", Time since last: 1000100033 ns, Reaching safepoint: 68604 ns, At safepoint: 6600 ns, Total: 75204 ns
[574.667s][info ][safepoint      ] Safepoint "Cleanup", Time since last: 1000070532 ns, Reaching safepoint: 50603 ns, At safepoint: 2900 ns, Total: 53503 ns
[576.667s][info ][safepoint      ] Safepoint "Cleanup", Time since last: 2000161564 ns, Reaching safepoint: 57203 ns, At safepoint: 5801 ns, Total: 63004 ns
[577.668s][info ][safepoint      ] Safepoint "Cleanup", Time since last: 1000092632 ns, Reaching safepoint: 52003 ns, At safepoint: 8101 ns, Total: 60104 ns
[579.668s][info ][safepoint      ] Safepoint "Cleanup", Time since last: 2000178865 ns, Reaching safepoint: 67804 ns, At safepoint: 3600 ns, Total: 71404 ns
[580.668s][info ][safepoint      ] Safepoint "Cleanup", Time since last: 1000125935 ns, Reaching safepoint: 48203 ns, At safepoint: 4700 ns, Total: 52903 ns
[581.668s][info ][safepoint      ] Safepoint "Cleanup", Time since last: 1000107734 ns, Reaching safepoint: 61803 ns, At safepoint: 13001 ns, Total: 74804 ns
[582.668s][info ][safepoint      ] Safepoint "Cleanup", Time since last: 1000107734 ns, Reaching safepoint: 42302 ns, At safepoint: 2701 ns, Total: 45003 ns
[586.669s][info ][safepoint      ] Safepoint "Cleanup", Time since last: 4000245023 ns, Reaching safepoint: 47403 ns, At safepoint: 2800 ns, Total: 50203 ns
[587.669s][info ][safepoint      ] Safepoint "Cleanup", Time since last: 1000100933 ns, Reaching safepoint: 53304 ns, At safepoint: 7700 ns, Total: 61004 ns
[588.669s][info ][safepoint      ] Safepoint "Cleanup", Time since last: 1000079332 ns, Reaching safepoint: 36502 ns, At safepoint: 6600 ns, Total: 43102 ns
[593.670s][info ][safepoint      ] Safepoint "Cleanup", Time since last: 5000601972 ns, Reaching safepoint: 50103 ns, At safepoint: 10201 ns, Total: 60304 ns
[594.670s][info ][safepoint      ] Safepoint "Cleanup", Time since last: 1000100333 ns, Reaching safepoint: 50403 ns, At safepoint: 4500 ns, Total: 54903 ns
[595.832s][info ][gc,start       ] GC(136) Pause Young (Allocation Failure)
[595.860s][debug][gc,phases      ] GC(136) Scavenge 27.801ms
[595.860s][debug][gc,ref         ] GC(136) Skipped phase 1 of Reference Processing: no references
[595.860s][debug][gc,ref         ] GC(136) ReferenceProcessor::execute queues: 1, RefProcThreadModel::Single, marks_oops_alive: false
[595.860s][debug][gc,ref         ] GC(136) Skipped phase 3 of Reference Processing: no references
[595.860s][debug][gc,ref         ] GC(136) ReferenceProcessor::execute queues: 1, RefProcThreadModel::Single, marks_oops_alive: false
[595.860s][debug][gc,phases      ] GC(136) Reference Processing 0.160ms
[595.860s][debug][gc,phases      ] GC(136)   VM Weak                        Min:  0.0, Avg:  0.0, Max:  0.0, Diff:  0.0, Sum:  0.0, Workers: 4
[595.860s][debug][gc,phases      ] GC(136)     Dead                           Min: 0, Avg:  0.0, Max: 0, Diff: 0, Sum: 0, Workers: 4
[595.860s][debug][gc,phases      ] GC(136)     Total                          Min: 0, Avg: 165.0, Max: 660, Diff: 660, Sum: 660, Workers: 4
[595.860s][debug][gc,phases      ] GC(136)   ObjectSynchronizer Weak        Min:  0.0, Avg:  0.0, Max:  0.0, Diff:  0.0, Sum:  0.0, Workers: 4
[595.860s][debug][gc,phases      ] GC(136)     Dead                           Min: 0, Avg:  0.0, Max: 0, Diff: 0, Sum: 0, Workers: 4
[595.860s][debug][gc,phases      ] GC(136)     Total                          Min: 0, Avg: 103.0, Max: 192, Diff: 192, Sum: 412, Workers: 4
[595.860s][debug][gc,phases      ] GC(136)   JVMTI Tag Weak OopStorage      Min:  0.0, Avg:  0.0, Max:  0.0, Diff:  0.0, Sum:  0.0, Workers: 4
[595.860s][debug][gc,phases      ] GC(136)     Dead                           Min: 0, Avg:  0.0, Max: 0, Diff: 0, Sum: 0, Workers: 4
[595.860s][debug][gc,phases      ] GC(136)     Total                          Min: 0, Avg:  0.0, Max: 0, Diff: 0, Sum: 0, Workers: 4
[595.860s][debug][gc,phases      ] GC(136)   StringTable Weak               Min:  0.1, Avg:  0.1, Max:  0.1, Diff:  0.0, Sum:  0.6, Workers: 4
[595.860s][debug][gc,phases      ] GC(136)     Dead                           Min: 0, Avg:  0.0, Max: 0, Diff: 0, Sum: 0, Workers: 4
[595.860s][debug][gc,phases      ] GC(136)     Total                          Min: 9600, Avg: 11884.0, Max: 13568, Diff: 3968, Sum: 47536, Workers: 4
[595.860s][debug][gc,phases      ] GC(136)   ResolvedMethodTable Weak       Min:  0.0, Avg:  0.0, Max:  0.0, Diff:  0.0, Sum:  0.1, Workers: 4
[595.860s][debug][gc,phases      ] GC(136)     Dead                           Min: 0, Avg:  0.0, Max: 0, Diff: 0, Sum: 0, Workers: 4
[595.860s][debug][gc,phases      ] GC(136)     Total                          Min: 1844, Avg: 2035.0, Max: 2342, Diff: 498, Sum: 8140, Workers: 4
[595.860s][debug][gc,phases      ] GC(136)   JNI Weak                       Min:  0.0, Avg:  0.0, Max:  0.0, Diff:  0.0, Sum:  0.0, Workers: 4
[595.860s][debug][gc,phases      ] GC(136)     Dead                           Min: 0, Avg:  0.0, Max: 0, Diff: 0, Sum: 0, Workers: 4
[595.860s][debug][gc,phases      ] GC(136)     Total                          Min: 0, Avg:  0.0, Max: 0, Diff: 0, Sum: 0, Workers: 4
[595.860s][debug][gc,phases      ] GC(136)   StringDedup Table Weak         Min:  0.0, Avg:  0.0, Max:  0.0, Diff:  0.0, Sum:  0.0, Workers: 4
[595.860s][debug][gc,phases      ] GC(136)     Dead                           Min: 0, Avg:  0.0, Max: 0, Diff: 0, Sum: 0, Workers: 4
[595.860s][debug][gc,phases      ] GC(136)     Total                          Min: 0, Avg:  0.0, Max: 0, Diff: 0, Sum: 0, Workers: 4
[595.860s][debug][gc,phases      ] GC(136)   StringDedup Requests0 Weak     Min:  0.0, Avg:  0.0, Max:  0.0, Diff:  0.0, Sum:  0.0, Workers: 4
[595.860s][debug][gc,phases      ] GC(136)     Dead                           Min: 0, Avg:  0.0, Max: 0, Diff: 0, Sum: 0, Workers: 4
[595.860s][debug][gc,phases      ] GC(136)     Total                          Min: 0, Avg:  0.0, Max: 0, Diff: 0, Sum: 0, Workers: 4
[595.860s][debug][gc,phases      ] GC(136)   StringDedup Requests1 Weak     Min:  0.0, Avg:  0.0, Max:  0.0, Diff:  0.0, Sum:  0.0, Workers: 4
[595.860s][debug][gc,phases      ] GC(136)     Dead                           Min: 0, Avg:  0.0, Max: 0, Diff: 0, Sum: 0, Workers: 4
[595.860s][debug][gc,phases      ] GC(136)     Total                          Min: 0, Avg:  0.0, Max: 0, Diff: 0, Sum: 0, Workers: 4
[595.860s][debug][gc,phases      ] GC(136)   Weak JFR Old Object Samples    Min:  0.0, Avg:  0.0, Max:  0.0, Diff:  0.0, Sum:  0.0, Workers: 4
[595.860s][debug][gc,phases      ] GC(136)     Dead                           Min: 0, Avg:  0.0, Max: 0, Diff: 0, Sum: 0, Workers: 4
[595.860s][debug][gc,phases      ] GC(136)     Total                          Min: 0, Avg:  0.0, Max: 0, Diff: 0, Sum: 0, Workers: 4
[595.860s][debug][gc,phases      ] GC(136) Weak Processing 0.374ms
[595.860s][debug][gc,age         ] GC(136) Desired survivor size 326631424 bytes, new threshold 15 (max threshold 15)
[595.860s][info ][gc,heap        ] GC(136) PSYoungGen: 1484741K(1712128K)->134173K(1778176K) Eden: 1350656K(1350656K)->0K(1438720K) From: 134085K(361472K)->134173K(339456K)
[595.860s][info ][gc,heap        ] GC(136) ParOldGen: 375198K(540160K)->375198K(540160K)
[595.860s][info ][gc,metaspace   ] GC(136) Metaspace: 81890K(82688K)->81890K(82688K) NonClass: 70409K(70848K)->70409K(70848K) Class: 11481K(11840K)->11481K(11840K)
[595.860s][info ][gc             ] GC(136) Pause Young (Allocation Failure) 1816M->497M(2264M) 28.480ms
[595.860s][info ][gc,cpu         ] GC(136) User=0.12s Sys=0.00s Real=0.03s
[595.860s][info ][safepoint      ] Safepoint "ParallelGCFailedAllocation", Time since last: 1162058110 ns, Reaching safepoint: 49503 ns, At safepoint: 28568989 ns, Total: 28618492 ns
[596.861s][info ][safepoint      ] Safepoint "Cleanup", Time since last: 1000105133 ns, Reaching safepoint: 95706 ns, At safepoint: 7301 ns, Total: 103007 ns
[597.861s][info ][safepoint      ] Safepoint "Cleanup", Time since last: 1000113934 ns, Reaching safepoint: 110106 ns, At safepoint: 7200 ns, Total: 117306 ns
[602.861s][info ][safepoint      ] Safepoint "Cleanup", Time since last: 5000347057 ns, Reaching safepoint: 117607 ns, At safepoint: 17201 ns, Total: 134808 ns
[615.862s][info ][safepoint      ] Safepoint "Cleanup", Time since last: 13000935310 ns, Reaching safepoint: 110307 ns, At safepoint: 33502 ns, Total: 143809 ns
[619.863s][info ][safepoint      ] Safepoint "Cleanup", Time since last: 4000311127 ns, Reaching safepoint: 118907 ns, At safepoint: 7701 ns, Total: 126608 ns
[620.863s][info ][safepoint      ] Safepoint "Cleanup", Time since last: 1000119134 ns, Reaching safepoint: 190311 ns, At safepoint: 9401 ns, Total: 199712 ns
[621.863s][info ][safepoint      ] Safepoint "Cleanup", Time since last: 1000107533 ns, Reaching safepoint: 127508 ns, At safepoint: 12000 ns, Total: 139508 ns
[622.864s][info ][safepoint      ] Safepoint "Cleanup", Time since last: 1000113634 ns, Reaching safepoint: 125108 ns, At safepoint: 6600 ns, Total: 131708 ns
[623.864s][info ][safepoint      ] Safepoint "Cleanup", Time since last: 1000123935 ns, Reaching safepoint: 117207 ns, At safepoint: 9100 ns, Total: 126307 ns
[624.864s][info ][safepoint      ] Safepoint "Cleanup", Time since last: 1000104034 ns, Reaching safepoint: 120007 ns, At safepoint: 5700 ns, Total: 125707 ns
[625.864s][info ][safepoint      ] Safepoint "Cleanup", Time since last: 1000093633 ns, Reaching safepoint: 117707 ns, At safepoint: 7900 ns, Total: 125607 ns
[626.865s][info ][safepoint      ] Safepoint "Cleanup", Time since last: 1000093933 ns, Reaching safepoint: 123908 ns, At safepoint: 8400 ns, Total: 132308 ns
[628.865s][info ][safepoint      ] Safepoint "Cleanup", Time since last: 2000161164 ns, Reaching safepoint: 68904 ns, At safepoint: 5100 ns, Total: 74004 ns
[629.865s][info ][safepoint      ] Safepoint "Cleanup", Time since last: 1000123035 ns, Reaching safepoint: 64604 ns, At safepoint: 7900 ns, Total: 72504 ns
[630.865s][info ][safepoint      ] Safepoint "Cleanup", Time since last: 1000084032 ns, Reaching safepoint: 57804 ns, At safepoint: 8100 ns, Total: 65904 ns
[631.865s][info ][safepoint      ] Safepoint "Cleanup", Time since last: 1000103334 ns, Reaching safepoint: 51503 ns, At safepoint: 7900 ns, Total: 59403 ns
[633.866s][info ][safepoint      ] Safepoint "Cleanup", Time since last: 2000183666 ns, Reaching safepoint: 49103 ns, At safepoint: 2800 ns, Total: 51903 ns
[634.866s][info ][safepoint      ] Safepoint "Cleanup", Time since last: 1000112634 ns, Reaching safepoint: 58903 ns, At safepoint: 2600 ns, Total: 61503 ns
[635.866s][info ][safepoint      ] Safepoint "Cleanup", Time since last: 1000122135 ns, Reaching safepoint: 56103 ns, At safepoint: 3200 ns, Total: 59303 ns
[638.866s][info ][safepoint      ] Safepoint "Cleanup", Time since last: 3000196494 ns, Reaching safepoint: 53803 ns, At safepoint: 6400 ns, Total: 60203 ns
[640.866s][info ][safepoint      ] Safepoint "Cleanup", Time since last: 2000147363 ns, Reaching safepoint: 52003 ns, At safepoint: 4701 ns, Total: 56704 ns
[643.867s][info ][safepoint      ] Safepoint "Cleanup", Time since last: 3000248696 ns, Reaching safepoint: 61604 ns, At safepoint: 4200 ns, Total: 65804 ns
[644.867s][info ][safepoint      ] Safepoint "Cleanup", Time since last: 1000098933 ns, Reaching safepoint: 60604 ns, At safepoint: 3900 ns, Total: 64504 ns
[645.867s][info ][safepoint      ] Safepoint "Cleanup", Time since last: 1000117434 ns, Reaching safepoint: 56504 ns, At safepoint: 3100 ns, Total: 59604 ns
[646.360s][info ][gc,start       ] GC(137) Pause Young (Allocation Failure)
[646.386s][debug][gc,phases      ] GC(137) Scavenge 26.404ms
[646.386s][debug][gc,ref         ] GC(137) Skipped phase 1 of Reference Processing: no references
[646.386s][debug][gc,ref         ] GC(137) ReferenceProcessor::execute queues: 1, RefProcThreadModel::Single, marks_oops_alive: false
[646.386s][debug][gc,ref         ] GC(137) Skipped phase 3 of Reference Processing: no references
[646.386s][debug][gc,ref         ] GC(137) ReferenceProcessor::execute queues: 1, RefProcThreadModel::Single, marks_oops_alive: false
[646.386s][debug][gc,phases      ] GC(137) Reference Processing 0.177ms
[646.387s][debug][gc,phases      ] GC(137)   VM Weak                        Min:  0.0, Avg:  0.0, Max:  0.0, Diff:  0.0, Sum:  0.0, Workers: 4
[646.387s][debug][gc,phases      ] GC(137)     Dead                           Min: 0, Avg:  0.0, Max: 0, Diff: 0, Sum: 0, Workers: 4
[646.387s][debug][gc,phases      ] GC(137)     Total                          Min: 0, Avg: 165.0, Max: 404, Diff: 404, Sum: 660, Workers: 4
[646.387s][debug][gc,phases      ] GC(137)   ObjectSynchronizer Weak        Min:  0.0, Avg:  0.0, Max:  0.0, Diff:  0.0, Sum:  0.0, Workers: 4
[646.387s][debug][gc,phases      ] GC(137)     Dead                           Min: 0, Avg:  0.0, Max: 0, Diff: 0, Sum: 0, Workers: 4
[646.387s][debug][gc,phases      ] GC(137)     Total                          Min: 0, Avg: 103.0, Max: 192, Diff: 192, Sum: 412, Workers: 4
[646.387s][debug][gc,phases      ] GC(137)   JVMTI Tag Weak OopStorage      Min:  0.0, Avg:  0.0, Max:  0.0, Diff:  0.0, Sum:  0.0, Workers: 4
[646.387s][debug][gc,phases      ] GC(137)     Dead                           Min: 0, Avg:  0.0, Max: 0, Diff: 0, Sum: 0, Workers: 4
[646.387s][debug][gc,phases      ] GC(137)     Total                          Min: 0, Avg:  0.0, Max: 0, Diff: 0, Sum: 0, Workers: 4
[646.387s][debug][gc,phases      ] GC(137)   StringTable Weak               Min:  0.1, Avg:  0.1, Max:  0.1, Diff:  0.0, Sum:  0.5, Workers: 4
[646.387s][debug][gc,phases      ] GC(137)     Dead                           Min: 0, Avg:  0.2, Max: 1, Diff: 1, Sum: 1, Workers: 4
[646.387s][debug][gc,phases      ] GC(137)     Total                          Min: 11264, Avg: 11904.0, Max: 13184, Diff: 1920, Sum: 47616, Workers: 4
[646.387s][debug][gc,phases      ] GC(137)   ResolvedMethodTable Weak       Min:  0.0, Avg:  0.0, Max:  0.0, Diff:  0.0, Sum:  0.1, Workers: 4
[646.387s][debug][gc,phases      ] GC(137)     Dead                           Min: 0, Avg:  0.0, Max: 0, Diff: 0, Sum: 0, Workers: 4
[646.387s][debug][gc,phases      ] GC(137)     Total                          Min: 1818, Avg: 2036.2, Max: 2298, Diff: 480, Sum: 8145, Workers: 4
[646.387s][debug][gc,phases      ] GC(137)   JNI Weak                       Min:  0.0, Avg:  0.0, Max:  0.0, Diff:  0.0, Sum:  0.0, Workers: 4
[646.387s][debug][gc,phases      ] GC(137)     Dead                           Min: 0, Avg:  0.0, Max: 0, Diff: 0, Sum: 0, Workers: 4
[646.387s][debug][gc,phases      ] GC(137)     Total                          Min: 0, Avg:  0.0, Max: 0, Diff: 0, Sum: 0, Workers: 4
[646.387s][debug][gc,phases      ] GC(137)   StringDedup Table Weak         Min:  0.0, Avg:  0.0, Max:  0.0, Diff:  0.0, Sum:  0.0, Workers: 4
[646.387s][debug][gc,phases      ] GC(137)     Dead                           Min: 0, Avg:  0.0, Max: 0, Diff: 0, Sum: 0, Workers: 4
[646.387s][debug][gc,phases      ] GC(137)     Total                          Min: 0, Avg:  0.0, Max: 0, Diff: 0, Sum: 0, Workers: 4
[646.387s][debug][gc,phases      ] GC(137)   StringDedup Requests0 Weak     Min:  0.0, Avg:  0.0, Max:  0.0, Diff:  0.0, Sum:  0.0, Workers: 4
[646.387s][debug][gc,phases      ] GC(137)     Dead                           Min: 0, Avg:  0.0, Max: 0, Diff: 0, Sum: 0, Workers: 4
[646.387s][debug][gc,phases      ] GC(137)     Total                          Min: 0, Avg:  0.0, Max: 0, Diff: 0, Sum: 0, Workers: 4
[646.387s][debug][gc,phases      ] GC(137)   StringDedup Requests1 Weak     Min:  0.0, Avg:  0.0, Max:  0.0, Diff:  0.0, Sum:  0.0, Workers: 4
[646.387s][debug][gc,phases      ] GC(137)     Dead                           Min: 0, Avg:  0.0, Max: 0, Diff: 0, Sum: 0, Workers: 4
[646.387s][debug][gc,phases      ] GC(137)     Total                          Min: 0, Avg:  0.0, Max: 0, Diff: 0, Sum: 0, Workers: 4
[646.387s][debug][gc,phases      ] GC(137)   Weak JFR Old Object Samples    Min:  0.0, Avg:  0.0, Max:  0.0, Diff:  0.0, Sum:  0.0, Workers: 4
[646.387s][debug][gc,phases      ] GC(137)     Dead                           Min: 0, Avg:  0.0, Max: 0, Diff: 0, Sum: 0, Workers: 4
[646.387s][debug][gc,phases      ] GC(137)     Total                          Min: 0, Avg:  0.0, Max: 0, Diff: 0, Sum: 0, Workers: 4
[646.387s][debug][gc,phases      ] GC(137) Weak Processing 0.383ms
[646.387s][debug][gc,age         ] GC(137) Desired survivor size 308281344 bytes, new threshold 15 (max threshold 15)
[646.387s][info ][gc,heap        ] GC(137) PSYoungGen: 1572893K(1778176K)->134153K(1757696K) Eden: 1438720K(1438720K)->0K(1438720K) From: 134173K(339456K)->134153K(318976K)
[646.387s][info ][gc,heap        ] GC(137) ParOldGen: 375198K(540160K)->375206K(540160K)
[646.387s][info ][gc,metaspace   ] GC(137) Metaspace: 81935K(82752K)->81935K(82752K) NonClass: 70452K(70912K)->70452K(70912K) Class: 11483K(11840K)->11483K(11840K)
[646.387s][info ][gc             ] GC(137) Pause Young (Allocation Failure) 1902M->497M(2244M) 27.108ms
[646.387s][info ][gc,cpu         ] GC(137) User=0.11s Sys=0.00s Real=0.03s
[646.387s][info ][safepoint      ] Safepoint "ParallelGCFailedAllocation", Time since last: 492453717 ns, Reaching safepoint: 111207 ns, At safepoint: 27199108 ns, Total: 27310315 ns
[647.387s][info ][safepoint      ] Safepoint "Cleanup", Time since last: 1000085032 ns, Reaching safepoint: 48203 ns, At safepoint: 8101 ns, Total: 56304 ns
[648.387s][info ][safepoint      ] Safepoint "Cleanup", Time since last: 1000099433 ns, Reaching safepoint: 123907 ns, At safepoint: 10701 ns, Total: 134608 ns
[649.387s][info ][safepoint      ] Safepoint "Cleanup", Time since last: 1000099433 ns, Reaching safepoint: 62803 ns, At safepoint: 5501 ns, Total: 68304 ns
[650.388s][info ][safepoint      ] Safepoint "Cleanup", Time since last: 1000112834 ns, Reaching safepoint: 45402 ns, At safepoint: 6001 ns, Total: 51403 ns
[651.388s][info ][safepoint      ] Safepoint "Cleanup", Time since last: 1000114334 ns, Reaching safepoint: 48603 ns, At safepoint: 5500 ns, Total: 54103 ns
[654.388s][info ][safepoint      ] Safepoint "Cleanup", Time since last: 3000249696 ns, Reaching safepoint: 56204 ns, At safepoint: 10800 ns, Total: 67004 ns
[657.388s][info ][safepoint      ] Safepoint "Cleanup", Time since last: 3000243297 ns, Reaching safepoint: 48502 ns, At safepoint: 3201 ns, Total: 51703 ns
[658.389s][info ][safepoint      ] Safepoint "Cleanup", Time since last: 1000108433 ns, Reaching safepoint: 47703 ns, At safepoint: 3000 ns, Total: 50703 ns
[661.389s][info ][safepoint      ] Safepoint "Cleanup", Time since last: 3000262697 ns, Reaching safepoint: 52204 ns, At safepoint: 7900 ns, Total: 60104 ns
[666.389s][info ][safepoint      ] Safepoint "Cleanup", Time since last: 5000424861 ns, Reaching safepoint: 49403 ns, At safepoint: 2600 ns, Total: 52003 ns
[669.390s][info ][safepoint      ] Safepoint "Cleanup", Time since last: 3000293600 ns, Reaching safepoint: 51003 ns, At safepoint: 4500 ns, Total: 55503 ns
[670.390s][info ][safepoint      ] Safepoint "Cleanup", Time since last: 1000120934 ns, Reaching safepoint: 49803 ns, At safepoint: 2700 ns, Total: 52503 ns
[672.390s][info ][safepoint      ] Safepoint "Cleanup", Time since last: 2000200567 ns, Reaching safepoint: 52903 ns, At safepoint: 4600 ns, Total: 57503 ns
[673.390s][info ][safepoint      ] Safepoint "Cleanup", Time since last: 1000119334 ns, Reaching safepoint: 128108 ns, At safepoint: 30002 ns, Total: 158110 ns
[676.391s][info ][safepoint      ] Safepoint "Cleanup", Time since last: 3000316300 ns, Reaching safepoint: 63604 ns, At safepoint: 4000 ns, Total: 67604 ns
[678.391s][info ][safepoint      ] Safepoint "Cleanup", Time since last: 2000186666 ns, Reaching safepoint: 50803 ns, At safepoint: 3000 ns, Total: 53803 ns
[679.391s][info ][safepoint      ] Safepoint "Cleanup", Time since last: 1000102333 ns, Reaching safepoint: 51403 ns, At safepoint: 5800 ns, Total: 57203 ns
[680.391s][info ][safepoint      ] Safepoint "Cleanup", Time since last: 1000091633 ns, Reaching safepoint: 54603 ns, At safepoint: 13101 ns, Total: 67704 ns
[681.391s][info ][safepoint      ] Safepoint "Cleanup", Time since last: 1000071131 ns, Reaching safepoint: 64004 ns, At safepoint: 5701 ns, Total: 69705 ns
[686.392s][info ][safepoint      ] Safepoint "Cleanup", Time since last: 5000367758 ns, Reaching safepoint: 48002 ns, At safepoint: 6701 ns, Total: 54703 ns
[690.392s][info ][safepoint      ] Safepoint "Cleanup", Time since last: 4000302427 ns, Reaching safepoint: 111606 ns, At safepoint: 10901 ns, Total: 122507 ns
[691.392s][info ][safepoint      ] Safepoint "Cleanup", Time since last: 1000096033 ns, Reaching safepoint: 49203 ns, At safepoint: 2700 ns, Total: 51903 ns
[692.678s][info ][gc,start       ] GC(138) Pause Young (Allocation Failure)
[692.706s][debug][gc,phases      ] GC(138) Scavenge 27.893ms
[692.706s][debug][gc,ref         ] GC(138) Skipped phase 1 of Reference Processing: no references
[692.706s][debug][gc,ref         ] GC(138) ReferenceProcessor::execute queues: 1, RefProcThreadModel::Single, marks_oops_alive: false
[692.706s][debug][gc,ref         ] GC(138) Skipped phase 3 of Reference Processing: no references
[692.706s][debug][gc,ref         ] GC(138) ReferenceProcessor::execute queues: 1, RefProcThreadModel::Single, marks_oops_alive: false
[692.707s][debug][gc,phases      ] GC(138) Reference Processing 0.155ms
[692.707s][debug][gc,phases      ] GC(138)   VM Weak                        Min:  0.0, Avg:  0.0, Max:  0.0, Diff:  0.0, Sum:  0.0, Workers: 4
[692.707s][debug][gc,phases      ] GC(138)     Dead                           Min: 0, Avg:  0.0, Max: 0, Diff: 0, Sum: 0, Workers: 4
[692.707s][debug][gc,phases      ] GC(138)     Total                          Min: 0, Avg: 165.0, Max: 596, Diff: 596, Sum: 660, Workers: 4
[692.707s][debug][gc,phases      ] GC(138)   ObjectSynchronizer Weak        Min:  0.0, Avg:  0.0, Max:  0.0, Diff:  0.0, Sum:  0.0, Workers: 4
[692.707s][debug][gc,phases      ] GC(138)     Dead                           Min: 0, Avg:  0.0, Max: 0, Diff: 0, Sum: 0, Workers: 4
[692.707s][debug][gc,phases      ] GC(138)     Total                          Min: 0, Avg: 103.0, Max: 220, Diff: 220, Sum: 412, Workers: 4
[692.707s][debug][gc,phases      ] GC(138)   JVMTI Tag Weak OopStorage      Min:  0.0, Avg:  0.0, Max:  0.0, Diff:  0.0, Sum:  0.0, Workers: 4
[692.707s][debug][gc,phases      ] GC(138)     Dead                           Min: 0, Avg:  0.0, Max: 0, Diff: 0, Sum: 0, Workers: 4
[692.707s][debug][gc,phases      ] GC(138)     Total                          Min: 0, Avg:  0.0, Max: 0, Diff: 0, Sum: 0, Workers: 4
[692.707s][debug][gc,phases      ] GC(138)   StringTable Weak               Min:  0.1, Avg:  0.1, Max:  0.1, Diff:  0.0, Sum:  0.5, Workers: 4
[692.707s][debug][gc,phases      ] GC(138)     Dead                           Min: 0, Avg:  0.0, Max: 0, Diff: 0, Sum: 0, Workers: 4
[692.707s][debug][gc,phases      ] GC(138)     Total                          Min: 11200, Avg: 11909.0, Max: 12736, Diff: 1536, Sum: 47636, Workers: 4
[692.707s][debug][gc,phases      ] GC(138)   ResolvedMethodTable Weak       Min:  0.0, Avg:  0.0, Max:  0.0, Diff:  0.0, Sum:  0.1, Workers: 4
[692.707s][debug][gc,phases      ] GC(138)     Dead                           Min: 0, Avg:  0.0, Max: 0, Diff: 0, Sum: 0, Workers: 4
[692.707s][debug][gc,phases      ] GC(138)     Total                          Min: 1928, Avg: 2036.2, Max: 2278, Diff: 350, Sum: 8145, Workers: 4
[692.707s][debug][gc,phases      ] GC(138)   JNI Weak                       Min:  0.0, Avg:  0.0, Max:  0.0, Diff:  0.0, Sum:  0.0, Workers: 4
[692.707s][debug][gc,phases      ] GC(138)     Dead                           Min: 0, Avg:  0.0, Max: 0, Diff: 0, Sum: 0, Workers: 4
[692.707s][debug][gc,phases      ] GC(138)     Total                          Min: 0, Avg:  0.0, Max: 0, Diff: 0, Sum: 0, Workers: 4
[692.707s][debug][gc,phases      ] GC(138)   StringDedup Table Weak         Min:  0.0, Avg:  0.0, Max:  0.0, Diff:  0.0, Sum:  0.0, Workers: 4
[692.707s][debug][gc,phases      ] GC(138)     Dead                           Min: 0, Avg:  0.0, Max: 0, Diff: 0, Sum: 0, Workers: 4
[692.707s][debug][gc,phases      ] GC(138)     Total                          Min: 0, Avg:  0.0, Max: 0, Diff: 0, Sum: 0, Workers: 4
[692.707s][debug][gc,phases      ] GC(138)   StringDedup Requests0 Weak     Min:  0.0, Avg:  0.0, Max:  0.0, Diff:  0.0, Sum:  0.0, Workers: 4
[692.707s][debug][gc,phases      ] GC(138)     Dead                           Min: 0, Avg:  0.0, Max: 0, Diff: 0, Sum: 0, Workers: 4
[692.707s][debug][gc,phases      ] GC(138)     Total                          Min: 0, Avg:  0.0, Max: 0, Diff: 0, Sum: 0, Workers: 4
[692.707s][debug][gc,phases      ] GC(138)   StringDedup Requests1 Weak     Min:  0.0, Avg:  0.0, Max:  0.0, Diff:  0.0, Sum:  0.0, Workers: 4
[692.707s][debug][gc,phases      ] GC(138)     Dead                           Min: 0, Avg:  0.0, Max: 0, Diff: 0, Sum: 0, Workers: 4
[692.707s][debug][gc,phases      ] GC(138)     Total                          Min: 0, Avg:  0.0, Max: 0, Diff: 0, Sum: 0, Workers: 4
[692.707s][debug][gc,phases      ] GC(138)   Weak JFR Old Object Samples    Min:  0.0, Avg:  0.0, Max:  0.0, Diff:  0.0, Sum:  0.0, Workers: 4
[692.707s][debug][gc,phases      ] GC(138)     Dead                           Min: 0, Avg:  0.0, Max: 0, Diff: 0, Sum: 0, Workers: 4
[692.707s][debug][gc,phases      ] GC(138)     Total                          Min: 0, Avg:  0.0, Max: 0, Diff: 0, Sum: 0, Workers: 4
[692.707s][debug][gc,phases      ] GC(138) Weak Processing 0.392ms
[692.707s][debug][gc,age         ] GC(138) Desired survivor size 290979840 bytes, new threshold 15 (max threshold 15)
[692.707s][info ][gc,heap        ] GC(138) PSYoungGen: 1572873K(1757696K)->134134K(1812992K) Eden: 1438720K(1438720K)->0K(1511936K) From: 134153K(318976K)->134134K(301056K)
[692.707s][info ][gc,heap        ] GC(138) ParOldGen: 375206K(540160K)->375206K(540160K)
[692.707s][info ][gc,metaspace   ] GC(138) Metaspace: 81974K(82752K)->81974K(82752K) NonClass: 70491K(70912K)->70491K(70912K) Class: 11483K(11840K)->11483K(11840K)
[692.707s][info ][gc             ] GC(138) Pause Young (Allocation Failure) 1902M->497M(2298M) 28.613ms
[692.707s][info ][gc,cpu         ] GC(138) User=0.11s Sys=0.00s Real=0.03s
[692.707s][info ][safepoint      ] Safepoint "ParallelGCFailedAllocation", Time since last: 1285842228 ns, Reaching safepoint: 29802 ns, At safepoint: 28696397 ns, Total: 28726199 ns
[693.707s][info ][safepoint      ] Safepoint "Cleanup", Time since last: 1000079932 ns, Reaching safepoint: 48402 ns, At safepoint: 4401 ns, Total: 52803 ns
[695.707s][info ][safepoint      ] Safepoint "Cleanup", Time since last: 2000156363 ns, Reaching safepoint: 52103 ns, At safepoint: 8901 ns, Total: 61004 ns
[697.708s][info ][safepoint      ] Safepoint "Cleanup", Time since last: 2000192466 ns, Reaching safepoint: 63304 ns, At safepoint: 3300 ns, Total: 66604 ns
[698.708s][info ][safepoint      ] Safepoint "Cleanup", Time since last: 1000107133 ns, Reaching safepoint: 47603 ns, At safepoint: 3700 ns, Total: 51303 ns
[700.708s][info ][safepoint      ] Safepoint "Cleanup", Time since last: 2000206667 ns, Reaching safepoint: 66304 ns, At safepoint: 12101 ns, Total: 78405 ns
[701.708s][info ][safepoint      ] Safepoint "Cleanup", Time since last: 1000091132 ns, Reaching safepoint: 44003 ns, At safepoint: 4800 ns, Total: 48803 ns
[703.708s][info ][safepoint      ] Safepoint "Cleanup", Time since last: 2000162264 ns, Reaching safepoint: 48503 ns, At safepoint: 10801 ns, Total: 59304 ns
[704.709s][info ][safepoint      ] Safepoint "Cleanup", Time since last: 1000097633 ns, Reaching safepoint: 55903 ns, At safepoint: 8400 ns, Total: 64303 ns
[706.709s][info ][safepoint      ] Safepoint "Cleanup", Time since last: 2000158864 ns, Reaching safepoint: 43403 ns, At safepoint: 12901 ns, Total: 56304 ns
[707.709s][info ][safepoint      ] Safepoint "Cleanup", Time since last: 1000099133 ns, Reaching safepoint: 52603 ns, At safepoint: 6300 ns, Total: 58903 ns
[711.709s][info ][safepoint      ] Safepoint "Cleanup", Time since last: 4000334629 ns, Reaching safepoint: 52503 ns, At safepoint: 8800 ns, Total: 61303 ns
[712.710s][info ][safepoint      ] Safepoint "Cleanup", Time since last: 1000102334 ns, Reaching safepoint: 46302 ns, At safepoint: 3201 ns, Total: 49503 ns
[713.710s][info ][safepoint      ] Safepoint "Cleanup", Time since last: 1000099533 ns, Reaching safepoint: 52903 ns, At safepoint: 6400 ns, Total: 59303 ns
[714.710s][info ][safepoint      ] Safepoint "Cleanup", Time since last: 1000069532 ns, Reaching safepoint: 114906 ns, At safepoint: 7901 ns, Total: 122807 ns
[717.495s][info ][safepoint      ] Safepoint "Cleanup", Time since last: 2785253784 ns, Reaching safepoint: 118607 ns, At safepoint: 5601 ns, Total: 124208 ns
[719.495s][info ][safepoint      ] Safepoint "Cleanup", Time since last: 2000111261 ns, Reaching safepoint: 51503 ns, At safepoint: 5600 ns, Total: 57103 ns
[720.496s][info ][safepoint      ] Safepoint "Cleanup", Time since last: 1000098833 ns, Reaching safepoint: 50403 ns, At safepoint: 10601 ns, Total: 61004 ns
[723.496s][info ][safepoint      ] Safepoint "Cleanup", Time since last: 3000213394 ns, Reaching safepoint: 43502 ns, At safepoint: 3001 ns, Total: 46503 ns
[724.496s][info ][safepoint      ] Safepoint "Cleanup", Time since last: 1000093932 ns, Reaching safepoint: 51303 ns, At safepoint: 4301 ns, Total: 55604 ns
[731.497s][info ][safepoint      ] Safepoint "Cleanup", Time since last: 7000519521 ns, Reaching safepoint: 44502 ns, At safepoint: 2801 ns, Total: 47303 ns
[733.497s][info ][safepoint      ] Safepoint "Cleanup", Time since last: 2000175964 ns, Reaching safepoint: 53004 ns, At safepoint: 3200 ns, Total: 56204 ns
[736.497s][info ][safepoint      ] Safepoint "Cleanup", Time since last: 3000218894 ns, Reaching safepoint: 48703 ns, At safepoint: 4701 ns, Total: 53404 ns
[739.497s][info ][safepoint      ] Safepoint "Cleanup", Time since last: 3000183392 ns, Reaching safepoint: 46903 ns, At safepoint: 4100 ns, Total: 51003 ns
[742.115s][info ][gc,start       ] GC(139) Pause Young (Allocation Failure)
[742.141s][debug][gc,phases      ] GC(139) Scavenge 26.552ms
[742.141s][debug][gc,ref         ] GC(139) Skipped phase 1 of Reference Processing: no references
[742.141s][debug][gc,ref         ] GC(139) ReferenceProcessor::execute queues: 1, RefProcThreadModel::Single, marks_oops_alive: false
[742.141s][debug][gc,ref         ] GC(139) Skipped phase 3 of Reference Processing: no references
[742.141s][debug][gc,ref         ] GC(139) ReferenceProcessor::execute queues: 1, RefProcThreadModel::Single, marks_oops_alive: false
[742.141s][debug][gc,phases      ] GC(139) Reference Processing 0.154ms
[742.142s][debug][gc,phases      ] GC(139)   VM Weak                        Min:  0.0, Avg:  0.0, Max:  0.0, Diff:  0.0, Sum:  0.0, Workers: 4
[742.142s][debug][gc,phases      ] GC(139)     Dead                           Min: 0, Avg:  0.0, Max: 0, Diff: 0, Sum: 0, Workers: 4
[742.142s][debug][gc,phases      ] GC(139)     Total                          Min: 0, Avg: 165.0, Max: 512, Diff: 512, Sum: 660, Workers: 4
[742.142s][debug][gc,phases      ] GC(139)   ObjectSynchronizer Weak        Min:  0.0, Avg:  0.0, Max:  0.0, Diff:  0.0, Sum:  0.0, Workers: 4
[742.142s][debug][gc,phases      ] GC(139)     Dead                           Min: 0, Avg:  0.0, Max: 0, Diff: 0, Sum: 0, Workers: 4
[742.142s][debug][gc,phases      ] GC(139)     Total                          Min: 64, Avg: 103.0, Max: 156, Diff: 92, Sum: 412, Workers: 4
[742.142s][debug][gc,phases      ] GC(139)   JVMTI Tag Weak OopStorage      Min:  0.0, Avg:  0.0, Max:  0.0, Diff:  0.0, Sum:  0.0, Workers: 4
[742.142s][debug][gc,phases      ] GC(139)     Dead                           Min: 0, Avg:  0.0, Max: 0, Diff: 0, Sum: 0, Workers: 4
[742.142s][debug][gc,phases      ] GC(139)     Total                          Min: 0, Avg:  0.0, Max: 0, Diff: 0, Sum: 0, Workers: 4
[742.142s][debug][gc,phases      ] GC(139)   StringTable Weak               Min:  0.1, Avg:  0.1, Max:  0.1, Diff:  0.0, Sum:  0.6, Workers: 4
[742.142s][debug][gc,phases      ] GC(139)     Dead                           Min: 0, Avg:  0.0, Max: 0, Diff: 0, Sum: 0, Workers: 4
[742.142s][debug][gc,phases      ] GC(139)     Total                          Min: 11200, Avg: 11910.2, Max: 13504, Diff: 2304, Sum: 47641, Workers: 4
[742.142s][debug][gc,phases      ] GC(139)   ResolvedMethodTable Weak       Min:  0.0, Avg:  0.0, Max:  0.0, Diff:  0.0, Sum:  0.1, Workers: 4
[742.142s][debug][gc,phases      ] GC(139)     Dead                           Min: 0, Avg:  0.0, Max: 0, Diff: 0, Sum: 0, Workers: 4
[742.142s][debug][gc,phases      ] GC(139)     Total                          Min: 1818, Avg: 2036.2, Max: 2298, Diff: 480, Sum: 8145, Workers: 4
[742.142s][debug][gc,phases      ] GC(139)   JNI Weak                       Min:  0.0, Avg:  0.0, Max:  0.0, Diff:  0.0, Sum:  0.0, Workers: 4
[742.142s][debug][gc,phases      ] GC(139)     Dead                           Min: 0, Avg:  0.0, Max: 0, Diff: 0, Sum: 0, Workers: 4
[742.142s][debug][gc,phases      ] GC(139)     Total                          Min: 0, Avg:  0.0, Max: 0, Diff: 0, Sum: 0, Workers: 4
[742.142s][debug][gc,phases      ] GC(139)   StringDedup Table Weak         Min:  0.0, Avg:  0.0, Max:  0.0, Diff:  0.0, Sum:  0.0, Workers: 4
[742.142s][debug][gc,phases      ] GC(139)     Dead                           Min: 0, Avg:  0.0, Max: 0, Diff: 0, Sum: 0, Workers: 4
[742.142s][debug][gc,phases      ] GC(139)     Total                          Min: 0, Avg:  0.0, Max: 0, Diff: 0, Sum: 0, Workers: 4
[742.142s][debug][gc,phases      ] GC(139)   StringDedup Requests0 Weak     Min:  0.0, Avg:  0.0, Max:  0.0, Diff:  0.0, Sum:  0.0, Workers: 4
[742.142s][debug][gc,phases      ] GC(139)     Dead                           Min: 0, Avg:  0.0, Max: 0, Diff: 0, Sum: 0, Workers: 4
[742.142s][debug][gc,phases      ] GC(139)     Total                          Min: 0, Avg:  0.0, Max: 0, Diff: 0, Sum: 0, Workers: 4
[742.142s][debug][gc,phases      ] GC(139)   StringDedup Requests1 Weak     Min:  0.0, Avg:  0.0, Max:  0.0, Diff:  0.0, Sum:  0.0, Workers: 4
[742.142s][debug][gc,phases      ] GC(139)     Dead                           Min: 0, Avg:  0.0, Max: 0, Diff: 0, Sum: 0, Workers: 4
[742.142s][debug][gc,phases      ] GC(139)     Total                          Min: 0, Avg:  0.0, Max: 0, Diff: 0, Sum: 0, Workers: 4
[742.142s][debug][gc,phases      ] GC(139)   Weak JFR Old Object Samples    Min:  0.0, Avg:  0.0, Max:  0.0, Diff:  0.0, Sum:  0.0, Workers: 4
[742.142s][debug][gc,phases      ] GC(139)     Dead                           Min: 0, Avg:  0.0, Max: 0, Diff: 0, Sum: 0, Workers: 4
[742.142s][debug][gc,phases      ] GC(139)     Total                          Min: 0, Avg:  0.0, Max: 0, Diff: 0, Sum: 0, Workers: 4
[742.142s][debug][gc,phases      ] GC(139) Weak Processing 0.391ms
[742.142s][debug][gc,age         ] GC(139) Desired survivor size 275775488 bytes, new threshold 15 (max threshold 15)
[742.142s][info ][gc,heap        ] GC(139) PSYoungGen: 1646070K(1812992K)->134308K(1796096K) Eden: 1511936K(1511936K)->0K(1511936K) From: 134134K(301056K)->134308K(284160K)
[742.142s][info ][gc,heap        ] GC(139) ParOldGen: 375206K(540160K)->375214K(540160K)
[742.142s][info ][gc,metaspace   ] GC(139) Metaspace: 81995K(82816K)->81995K(82816K) NonClass: 70512K(70976K)->70512K(70976K) Class: 11483K(11840K)->11483K(11840K)
[742.142s][info ][gc             ] GC(139) Pause Young (Allocation Failure) 1973M->497M(2281M) 27.233ms
[742.142s][info ][gc,cpu         ] GC(139) User=0.11s Sys=0.00s Real=0.03s
[742.142s][info ][safepoint      ] Safepoint "ParallelGCFailedAllocation", Time since last: 2617132544 ns, Reaching safepoint: 40802 ns, At safepoint: 27319015 ns, Total: 27359817 ns
[743.142s][info ][safepoint      ] Safepoint "Cleanup", Time since last: 1000090433 ns, Reaching safepoint: 54203 ns, At safepoint: 8801 ns, Total: 63004 ns
[745.142s][info ][safepoint      ] Safepoint "Cleanup", Time since last: 2000171964 ns, Reaching safepoint: 52103 ns, At safepoint: 2901 ns, Total: 55004 ns
[747.142s][info ][safepoint      ] Safepoint "Cleanup", Time since last: 2000172164 ns, Reaching safepoint: 56404 ns, At safepoint: 3700 ns, Total: 60104 ns
[748.143s][info ][safepoint      ] Safepoint "Cleanup", Time since last: 1000125534 ns, Reaching safepoint: 63604 ns, At safepoint: 4500 ns, Total: 68104 ns
[756.143s][info ][safepoint      ] Safepoint "Cleanup", Time since last: 8000527349 ns, Reaching safepoint: 111907 ns, At safepoint: 9100 ns, Total: 121007 ns
[759.144s][info ][safepoint      ] Safepoint "Cleanup", Time since last: 3000269598 ns, Reaching safepoint: 134708 ns, At safepoint: 13401 ns, Total: 148109 ns
[760.144s][info ][safepoint      ] Safepoint "Cleanup", Time since last: 1000120134 ns, Reaching safepoint: 83005 ns, At safepoint: 12201 ns, Total: 95206 ns
[761.144s][info ][safepoint      ] Safepoint "Cleanup", Time since last: 1000109533 ns, Reaching safepoint: 58904 ns, At safepoint: 3500 ns, Total: 62404 ns
[764.144s][info ][safepoint      ] Safepoint "Cleanup", Time since last: 3000248796 ns, Reaching safepoint: 53703 ns, At safepoint: 7101 ns, Total: 60804 ns
[765.145s][info ][safepoint      ] Safepoint "Cleanup", Time since last: 1000114634 ns, Reaching safepoint: 51203 ns, At safepoint: 8800 ns, Total: 60003 ns
[766.145s][info ][safepoint      ] Safepoint "Cleanup", Time since last: 1000108534 ns, Reaching safepoint: 37902 ns, At safepoint: 3500 ns, Total: 41402 ns
[768.145s][info ][safepoint      ] Safepoint "Cleanup", Time since last: 2000176965 ns, Reaching safepoint: 62204 ns, At safepoint: 32202 ns, Total: 94406 ns
[770.145s][info ][safepoint      ] Safepoint "Cleanup", Time since last: 2000180565 ns, Reaching safepoint: 51603 ns, At safepoint: 6700 ns, Total: 58303 ns
[771.145s][info ][safepoint      ] Safepoint "Cleanup", Time since last: 1000119835 ns, Reaching safepoint: 49903 ns, At safepoint: 8900 ns, Total: 58803 ns
[772.146s][info ][safepoint      ] Safepoint "Cleanup", Time since last: 1000097933 ns, Reaching safepoint: 53203 ns, At safepoint: 5701 ns, Total: 58904 ns
[776.146s][info ][safepoint      ] Safepoint "Cleanup", Time since last: 4000320527 ns, Reaching safepoint: 52203 ns, At safepoint: 3301 ns, Total: 55504 ns
[778.146s][info ][safepoint      ] Safepoint "Cleanup", Time since last: 2000193265 ns, Reaching safepoint: 60704 ns, At safepoint: 3500 ns, Total: 64204 ns
[779.146s][info ][safepoint      ] Safepoint "Cleanup", Time since last: 1000092133 ns, Reaching safepoint: 52703 ns, At safepoint: 3000 ns, Total: 55703 ns
[781.147s][info ][safepoint      ] Safepoint "Cleanup", Time since last: 2000169465 ns, Reaching safepoint: 123107 ns, At safepoint: 8300 ns, Total: 131407 ns
[782.147s][info ][safepoint      ] Safepoint "Cleanup", Time since last: 1000106834 ns, Reaching safepoint: 127007 ns, At safepoint: 5901 ns, Total: 132908 ns
[783.147s][info ][safepoint      ] Safepoint "Cleanup", Time since last: 1000105033 ns, Reaching safepoint: 82305 ns, At safepoint: 11101 ns, Total: 93406 ns
[785.147s][info ][safepoint      ] Safepoint "Cleanup", Time since last: 2000218567 ns, Reaching safepoint: 51103 ns, At safepoint: 2700 ns, Total: 53803 ns
[786.147s][info ][safepoint      ] Safepoint "Cleanup", Time since last: 1000114334 ns, Reaching safepoint: 54303 ns, At safepoint: 6001 ns, Total: 60304 ns
[787.148s][info ][safepoint      ] Safepoint "Cleanup", Time since last: 1000111733 ns, Reaching safepoint: 59804 ns, At safepoint: 8100 ns, Total: 67904 ns
[787.374s][info ][gc,start       ] GC(140) Pause Young (Allocation Failure)
[787.407s][debug][gc,phases      ] GC(140) Scavenge 33.020ms
[787.407s][debug][gc,ref         ] GC(140) Skipped phase 1 of Reference Processing: no references
[787.407s][debug][gc,ref         ] GC(140) ReferenceProcessor::execute queues: 1, RefProcThreadModel::Single, marks_oops_alive: false
[787.407s][debug][gc,ref         ] GC(140) Skipped phase 3 of Reference Processing: no references
[787.407s][debug][gc,ref         ] GC(140) ReferenceProcessor::execute queues: 1, RefProcThreadModel::Single, marks_oops_alive: false
[787.407s][debug][gc,phases      ] GC(140) Reference Processing 0.129ms
[787.407s][debug][gc,phases      ] GC(140)   VM Weak                        Min:  0.0, Avg:  0.0, Max:  0.0, Diff:  0.0, Sum:  0.0, Workers: 4
[787.407s][debug][gc,phases      ] GC(140)     Dead                           Min: 0, Avg:  0.0, Max: 0, Diff: 0, Sum: 0, Workers: 4
[787.407s][debug][gc,phases      ] GC(140)     Total                          Min: 0, Avg: 165.2, Max: 640, Diff: 640, Sum: 661, Workers: 4
[787.407s][debug][gc,phases      ] GC(140)   ObjectSynchronizer Weak        Min:  0.0, Avg:  0.0, Max:  0.0, Diff:  0.0, Sum:  0.0, Workers: 4
[787.408s][debug][gc,phases      ] GC(140)     Dead                           Min: 0, Avg:  0.0, Max: 0, Diff: 0, Sum: 0, Workers: 4
[787.408s][debug][gc,phases      ] GC(140)     Total                          Min: 0, Avg: 103.0, Max: 192, Diff: 192, Sum: 412, Workers: 4
[787.408s][debug][gc,phases      ] GC(140)   JVMTI Tag Weak OopStorage      Min:  0.0, Avg:  0.0, Max:  0.0, Diff:  0.0, Sum:  0.0, Workers: 4
[787.408s][debug][gc,phases      ] GC(140)     Dead                           Min: 0, Avg:  0.0, Max: 0, Diff: 0, Sum: 0, Workers: 4
[787.408s][debug][gc,phases      ] GC(140)     Total                          Min: 0, Avg:  0.0, Max: 0, Diff: 0, Sum: 0, Workers: 4
[787.408s][debug][gc,phases      ] GC(140)   StringTable Weak               Min:  0.1, Avg:  0.1, Max:  0.1, Diff:  0.0, Sum:  0.5, Workers: 4
[787.408s][debug][gc,phases      ] GC(140)     Dead                           Min: 0, Avg:  0.0, Max: 0, Diff: 0, Sum: 0, Workers: 4
[787.408s][debug][gc,phases      ] GC(140)     Total                          Min: 10880, Avg: 11912.0, Max: 12800, Diff: 1920, Sum: 47648, Workers: 4
[787.408s][debug][gc,phases      ] GC(140)   ResolvedMethodTable Weak       Min:  0.0, Avg:  0.0, Max:  0.0, Diff:  0.0, Sum:  0.1, Workers: 4
[787.408s][debug][gc,phases      ] GC(140)     Dead                           Min: 0, Avg:  0.0, Max: 0, Diff: 0, Sum: 0, Workers: 4
[787.408s][debug][gc,phases      ] GC(140)     Total                          Min: 1839, Avg: 2038.0, Max: 2302, Diff: 463, Sum: 8152, Workers: 4
[787.408s][debug][gc,phases      ] GC(140)   JNI Weak                       Min:  0.0, Avg:  0.0, Max:  0.0, Diff:  0.0, Sum:  0.0, Workers: 4
[787.408s][debug][gc,phases      ] GC(140)     Dead                           Min: 0, Avg:  0.0, Max: 0, Diff: 0, Sum: 0, Workers: 4
[787.408s][debug][gc,phases      ] GC(140)     Total                          Min: 0, Avg:  0.0, Max: 0, Diff: 0, Sum: 0, Workers: 4
[787.408s][debug][gc,phases      ] GC(140)   StringDedup Table Weak         Min:  0.0, Avg:  0.0, Max:  0.0, Diff:  0.0, Sum:  0.0, Workers: 4
[787.408s][debug][gc,phases      ] GC(140)     Dead                           Min: 0, Avg:  0.0, Max: 0, Diff: 0, Sum: 0, Workers: 4
[787.408s][debug][gc,phases      ] GC(140)     Total                          Min: 0, Avg:  0.0, Max: 0, Diff: 0, Sum: 0, Workers: 4
[787.408s][debug][gc,phases      ] GC(140)   StringDedup Requests0 Weak     Min:  0.0, Avg:  0.0, Max:  0.0, Diff:  0.0, Sum:  0.0, Workers: 4
[787.408s][debug][gc,phases      ] GC(140)     Dead                           Min: 0, Avg:  0.0, Max: 0, Diff: 0, Sum: 0, Workers: 4
[787.408s][debug][gc,phases      ] GC(140)     Total                          Min: 0, Avg:  0.0, Max: 0, Diff: 0, Sum: 0, Workers: 4
[787.408s][debug][gc,phases      ] GC(140)   StringDedup Requests1 Weak     Min:  0.0, Avg:  0.0, Max:  0.0, Diff:  0.0, Sum:  0.0, Workers: 4
[787.408s][debug][gc,phases      ] GC(140)     Dead                           Min: 0, Avg:  0.0, Max: 0, Diff: 0, Sum: 0, Workers: 4
[787.408s][debug][gc,phases      ] GC(140)     Total                          Min: 0, Avg:  0.0, Max: 0, Diff: 0, Sum: 0, Workers: 4
[787.408s][debug][gc,phases      ] GC(140)   Weak JFR Old Object Samples    Min:  0.0, Avg:  0.0, Max:  0.0, Diff:  0.0, Sum:  0.0, Workers: 4
[787.408s][debug][gc,phases      ] GC(140)     Dead                           Min: 0, Avg:  0.0, Max: 0, Diff: 0, Sum: 0, Workers: 4
[787.408s][debug][gc,phases      ] GC(140)     Total                          Min: 0, Avg:  0.0, Max: 0, Diff: 0, Sum: 0, Workers: 4
[787.408s][debug][gc,phases      ] GC(140) Weak Processing 0.378ms
[787.408s][debug][gc,age         ] GC(140) Desired survivor size 271056896 bytes, new threshold 15 (max threshold 15)
[787.408s][info ][gc,heap        ] GC(140) PSYoungGen: 1646244K(1796096K)->84251K(1832448K) Eden: 1511936K(1511936K)->0K(1563136K) From: 134308K(284160K)->84251K(269312K)
[787.408s][info ][gc,heap        ] GC(140) ParOldGen: 375214K(540160K)->440153K(540160K)
[787.408s][info ][gc,metaspace   ] GC(140) Metaspace: 82040K(82816K)->82040K(82816K) NonClass: 70553K(70976K)->70553K(70976K) Class: 11486K(11840K)->11486K(11840K)
[787.408s][info ][gc             ] GC(140) Pause Young (Allocation Failure) 1974M->512M(2317M) 33.679ms
[787.408s][info ][gc,cpu         ] GC(140) User=0.13s Sys=0.00s Real=0.04s
[787.408s][info ][safepoint      ] Safepoint "ParallelGCFailedAllocation", Time since last: 226138071 ns, Reaching safepoint: 132608 ns, At safepoint: 33783098 ns, Total: 33915706 ns
[788.408s][info ][safepoint      ] Safepoint "Cleanup", Time since last: 1000085632 ns, Reaching safepoint: 57403 ns, At safepoint: 9701 ns, Total: 67104 ns
[798.409s][info ][safepoint      ] Safepoint "Cleanup", Time since last: 10000668811 ns, Reaching safepoint: 47703 ns, At safepoint: 2800 ns, Total: 50503 ns
[802.409s][info ][safepoint      ] Safepoint "Cleanup", Time since last: 4000293226 ns, Reaching safepoint: 50403 ns, At safepoint: 10701 ns, Total: 61104 ns
[804.409s][info ][safepoint      ] Safepoint "Cleanup", Time since last: 2000157364 ns, Reaching safepoint: 60703 ns, At safepoint: 8301 ns, Total: 69004 ns
[806.409s][info ][safepoint      ] Safepoint "Cleanup", Time since last: 2000203366 ns, Reaching safepoint: 44603 ns, At safepoint: 5000 ns, Total: 49603 ns
[810.410s][info ][safepoint      ] Safepoint "Cleanup", Time since last: 4000320828 ns, Reaching safepoint: 133408 ns, At safepoint: 11300 ns, Total: 144708 ns
[811.410s][info ][safepoint      ] Safepoint "Cleanup", Time since last: 1000124035 ns, Reaching safepoint: 102706 ns, At safepoint: 9601 ns, Total: 112307 ns
[818.411s][info ][safepoint      ] Safepoint "Cleanup", Time since last: 7000499319 ns, Reaching safepoint: 111207 ns, At safepoint: 13101 ns, Total: 124308 ns
[820.411s][info ][safepoint      ] Safepoint "Cleanup", Time since last: 2000189465 ns, Reaching safepoint: 126908 ns, At safepoint: 14401 ns, Total: 141309 ns
[821.411s][info ][safepoint      ] Safepoint "Cleanup", Time since last: 1000121834 ns, Reaching safepoint: 120107 ns, At safepoint: 7601 ns, Total: 127708 ns
[822.412s][info ][safepoint      ] Safepoint "Cleanup", Time since last: 1000115034 ns, Reaching safepoint: 138808 ns, At safepoint: 8600 ns, Total: 147408 ns
[823.412s][info ][safepoint      ] Safepoint "Cleanup", Time since last: 1000104434 ns, Reaching safepoint: 123507 ns, At safepoint: 8600 ns, Total: 132107 ns
[824.412s][info ][safepoint      ] Safepoint "Cleanup", Time since last: 1000105334 ns, Reaching safepoint: 115307 ns, At safepoint: 8500 ns, Total: 123807 ns
[825.412s][info ][safepoint      ] Safepoint "Cleanup", Time since last: 1000105033 ns, Reaching safepoint: 124208 ns, At safepoint: 6500 ns, Total: 130708 ns
[827.413s][info ][safepoint      ] Safepoint "Cleanup", Time since last: 2000180265 ns, Reaching safepoint: 200112 ns, At safepoint: 9701 ns, Total: 209813 ns
[828.413s][info ][safepoint      ] Safepoint "Cleanup", Time since last: 1000112533 ns, Reaching safepoint: 122808 ns, At safepoint: 9400 ns, Total: 132208 ns
[831.133s][info ][gc,start       ] GC(141) Pause Young (Allocation Failure)
[831.154s][debug][gc,phases      ] GC(141) Scavenge 20.441ms
[831.154s][debug][gc,ref         ] GC(141) Skipped phase 1 of Reference Processing: no references
[831.154s][debug][gc,ref         ] GC(141) ReferenceProcessor::execute queues: 1, RefProcThreadModel::Single, marks_oops_alive: false
[831.154s][debug][gc,ref         ] GC(141) Skipped phase 3 of Reference Processing: no references
[831.154s][debug][gc,ref         ] GC(141) ReferenceProcessor::execute queues: 1, RefProcThreadModel::Single, marks_oops_alive: false
[831.154s][debug][gc,phases      ] GC(141) Reference Processing 0.128ms
[831.154s][debug][gc,phases      ] GC(141)   VM Weak                        Min:  0.0, Avg:  0.0, Max:  0.0, Diff:  0.0, Sum:  0.0, Workers: 4
[831.154s][debug][gc,phases      ] GC(141)     Dead                           Min: 0, Avg:  0.0, Max: 0, Diff: 0, Sum: 0, Workers: 4
[831.154s][debug][gc,phases      ] GC(141)     Total                          Min: 0, Avg: 165.2, Max: 576, Diff: 576, Sum: 661, Workers: 4
[831.154s][debug][gc,phases      ] GC(141)   ObjectSynchronizer Weak        Min:  0.0, Avg:  0.0, Max:  0.0, Diff:  0.0, Sum:  0.0, Workers: 4
[831.154s][debug][gc,phases      ] GC(141)     Dead                           Min: 0, Avg:  0.0, Max: 0, Diff: 0, Sum: 0, Workers: 4
[831.154s][debug][gc,phases      ] GC(141)     Total                          Min: 0, Avg: 103.0, Max: 220, Diff: 220, Sum: 412, Workers: 4
[831.154s][debug][gc,phases      ] GC(141)   JVMTI Tag Weak OopStorage      Min:  0.0, Avg:  0.0, Max:  0.0, Diff:  0.0, Sum:  0.0, Workers: 4
[831.154s][debug][gc,phases      ] GC(141)     Dead                           Min: 0, Avg:  0.0, Max: 0, Diff: 0, Sum: 0, Workers: 4
[831.154s][debug][gc,phases      ] GC(141)     Total                          Min: 0, Avg:  0.0, Max: 0, Diff: 0, Sum: 0, Workers: 4
[831.154s][debug][gc,phases      ] GC(141)   StringTable Weak               Min:  0.1, Avg:  0.1, Max:  0.1, Diff:  0.0, Sum:  0.5, Workers: 4
[831.154s][debug][gc,phases      ] GC(141)     Dead                           Min: 0, Avg:  0.0, Max: 0, Diff: 0, Sum: 0, Workers: 4
[831.154s][debug][gc,phases      ] GC(141)     Total                          Min: 11520, Avg: 11913.8, Max: 12327, Diff: 807, Sum: 47655, Workers: 4
[831.154s][debug][gc,phases      ] GC(141)   ResolvedMethodTable Weak       Min:  0.0, Avg:  0.0, Max:  0.0, Diff:  0.0, Sum:  0.1, Workers: 4
[831.154s][debug][gc,phases      ] GC(141)     Dead                           Min: 0, Avg:  0.0, Max: 0, Diff: 0, Sum: 0, Workers: 4
[831.154s][debug][gc,phases      ] GC(141)     Total                          Min: 1940, Avg: 2038.2, Max: 2163, Diff: 223, Sum: 8153, Workers: 4
[831.154s][debug][gc,phases      ] GC(141)   JNI Weak                       Min:  0.0, Avg:  0.0, Max:  0.0, Diff:  0.0, Sum:  0.0, Workers: 4
[831.154s][debug][gc,phases      ] GC(141)     Dead                           Min: 0, Avg:  0.0, Max: 0, Diff: 0, Sum: 0, Workers: 4
[831.154s][debug][gc,phases      ] GC(141)     Total                          Min: 0, Avg:  0.0, Max: 0, Diff: 0, Sum: 0, Workers: 4
[831.154s][debug][gc,phases      ] GC(141)   StringDedup Table Weak         Min:  0.0, Avg:  0.0, Max:  0.0, Diff:  0.0, Sum:  0.0, Workers: 4
[831.154s][debug][gc,phases      ] GC(141)     Dead                           Min: 0, Avg:  0.0, Max: 0, Diff: 0, Sum: 0, Workers: 4
[831.154s][debug][gc,phases      ] GC(141)     Total                          Min: 0, Avg:  0.0, Max: 0, Diff: 0, Sum: 0, Workers: 4
[831.154s][debug][gc,phases      ] GC(141)   StringDedup Requests0 Weak     Min:  0.0, Avg:  0.0, Max:  0.0, Diff:  0.0, Sum:  0.0, Workers: 4
[831.154s][debug][gc,phases      ] GC(141)     Dead                           Min: 0, Avg:  0.0, Max: 0, Diff: 0, Sum: 0, Workers: 4
[831.154s][debug][gc,phases      ] GC(141)     Total                          Min: 0, Avg:  0.0, Max: 0, Diff: 0, Sum: 0, Workers: 4
[831.154s][debug][gc,phases      ] GC(141)   StringDedup Requests1 Weak     Min:  0.0, Avg:  0.0, Max:  0.0, Diff:  0.0, Sum:  0.0, Workers: 4
[831.154s][debug][gc,phases      ] GC(141)     Dead                           Min: 0, Avg:  0.0, Max: 0, Diff: 0, Sum: 0, Workers: 4
[831.154s][debug][gc,phases      ] GC(141)     Total                          Min: 0, Avg:  0.0, Max: 0, Diff: 0, Sum: 0, Workers: 4
[831.154s][debug][gc,phases      ] GC(141)   Weak JFR Old Object Samples    Min:  0.0, Avg:  0.0, Max:  0.0, Diff:  0.0, Sum:  0.0, Workers: 4
[831.154s][debug][gc,phases      ] GC(141)     Dead                           Min: 0, Avg:  0.0, Max: 0, Diff: 0, Sum: 0, Workers: 4
[831.154s][debug][gc,phases      ] GC(141)     Total                          Min: 0, Avg:  0.0, Max: 0, Diff: 0, Sum: 0, Workers: 4
[831.154s][debug][gc,phases      ] GC(141) Weak Processing 0.347ms
[831.154s][debug][gc,age         ] GC(141) Desired survivor size 267386880 bytes, new threshold 15 (max threshold 15)
[831.154s][info ][gc,heap        ] GC(141) PSYoungGen: 1647387K(1832448K)->72881K(1827840K) Eden: 1563136K(1563136K)->0K(1563136K) From: 84251K(269312K)->72881K(264704K)
[831.154s][info ][gc,heap        ] GC(141) ParOldGen: 440153K(540160K)->443922K(540160K)
[831.154s][info ][gc,metaspace   ] GC(141) Metaspace: 82071K(82880K)->82071K(82880K) NonClass: 70583K(71040K)->70583K(71040K) Class: 11487K(11840K)->11487K(11840K)
[831.154s][info ][gc             ] GC(141) Pause Young (Allocation Failure) 2038M->504M(2312M) 21.045ms
[831.154s][info ][gc,cpu         ] GC(141) User=0.08s Sys=0.00s Real=0.02s
[831.154s][info ][safepoint      ] Safepoint "ParallelGCFailedAllocation", Time since last: 2720136834 ns, Reaching safepoint: 123408 ns, At safepoint: 21133049 ns, Total: 21256457 ns
[832.154s][info ][safepoint      ] Safepoint "Cleanup", Time since last: 1000087032 ns, Reaching safepoint: 58904 ns, At safepoint: 5700 ns, Total: 64604 ns
[833.155s][info ][safepoint      ] Safepoint "Cleanup", Time since last: 1000107234 ns, Reaching safepoint: 51103 ns, At safepoint: 3600 ns, Total: 54703 ns
[835.155s][info ][safepoint      ] Safepoint "Cleanup", Time since last: 2000174665 ns, Reaching safepoint: 50103 ns, At safepoint: 3800 ns, Total: 53903 ns
[836.155s][info ][safepoint      ] Safepoint "Cleanup", Time since last: 1000110734 ns, Reaching safepoint: 38402 ns, At safepoint: 7200 ns, Total: 45602 ns
[840.155s][info ][safepoint      ] Safepoint "Cleanup", Time since last: 4000253724 ns, Reaching safepoint: 37402 ns, At safepoint: 3500 ns, Total: 40902 ns
[843.156s][info ][safepoint      ] Safepoint "Cleanup", Time since last: 3000224995 ns, Reaching safepoint: 50003 ns, At safepoint: 2900 ns, Total: 52903 ns
[844.156s][info ][safepoint      ] Safepoint "Cleanup", Time since last: 1000139936 ns, Reaching safepoint: 40102 ns, At safepoint: 8501 ns, Total: 48603 ns
[845.156s][info ][safepoint      ] Safepoint "Cleanup", Time since last: 1000134735 ns, Reaching safepoint: 51703 ns, At safepoint: 4900 ns, Total: 56603 ns
[846.156s][info ][safepoint      ] Safepoint "Cleanup", Time since last: 1000122435 ns, Reaching safepoint: 45402 ns, At safepoint: 2800 ns, Total: 48202 ns
[849.156s][info ][safepoint      ] Safepoint "Cleanup", Time since last: 3000259797 ns, Reaching safepoint: 44903 ns, At safepoint: 2800 ns, Total: 47703 ns
[850.157s][info ][safepoint      ] Safepoint "Cleanup", Time since last: 1000105134 ns, Reaching safepoint: 54003 ns, At safepoint: 6200 ns, Total: 60203 ns
[851.157s][info ][safepoint      ] Safepoint "Cleanup", Time since last: 1000139936 ns, Reaching safepoint: 41702 ns, At safepoint: 9201 ns, Total: 50903 ns
[852.157s][info ][safepoint      ] Safepoint "Cleanup", Time since last: 1000125934 ns, Reaching safepoint: 42103 ns, At safepoint: 3000 ns, Total: 45103 ns
[853.157s][info ][safepoint      ] Safepoint "Cleanup", Time since last: 1000094433 ns, Reaching safepoint: 51103 ns, At safepoint: 4400 ns, Total: 55503 ns
[854.157s][info ][safepoint      ] Safepoint "Cleanup", Time since last: 1000103033 ns, Reaching safepoint: 46003 ns, At safepoint: 8100 ns, Total: 54103 ns
[855.157s][info ][safepoint      ] Safepoint "Cleanup", Time since last: 1000098633 ns, Reaching safepoint: 53003 ns, At safepoint: 10801 ns, Total: 63804 ns
[856.158s][info ][safepoint      ] Safepoint "Cleanup", Time since last: 1000097433 ns, Reaching safepoint: 44503 ns, At safepoint: 3500 ns, Total: 48003 ns
[857.863s][info ][safepoint      ] Safepoint "Cleanup", Time since last: 1705229325 ns, Reaching safepoint: 183811 ns, At safepoint: 8901 ns, Total: 192712 ns
[858.863s][info ][safepoint      ] Safepoint "Cleanup", Time since last: 1000106533 ns, Reaching safepoint: 117807 ns, At safepoint: 5800 ns, Total: 123607 ns
[859.863s][info ][safepoint      ] Safepoint "Cleanup", Time since last: 1000108634 ns, Reaching safepoint: 117907 ns, At safepoint: 7100 ns, Total: 125007 ns
[860.864s][info ][safepoint      ] Safepoint "Cleanup", Time since last: 1000110534 ns, Reaching safepoint: 122207 ns, At safepoint: 5601 ns, Total: 127808 ns
[861.864s][info ][safepoint      ] Safepoint "Cleanup", Time since last: 1000115134 ns, Reaching safepoint: 114306 ns, At safepoint: 8101 ns, Total: 122407 ns
[862.864s][info ][safepoint      ] Safepoint "Cleanup", Time since last: 1000068331 ns, Reaching safepoint: 119907 ns, At safepoint: 5500 ns, Total: 125407 ns
[863.864s][info ][safepoint      ] Safepoint "Cleanup", Time since last: 1000108334 ns, Reaching safepoint: 118307 ns, At safepoint: 9601 ns, Total: 127908 ns
[867.691s][info ][gc,start       ] GC(142) Pause Young (Allocation Failure)
[867.712s][debug][gc,phases      ] GC(142) Scavenge 20.723ms
[867.712s][debug][gc,ref         ] GC(142) Skipped phase 1 of Reference Processing: no references
[867.712s][debug][gc,ref         ] GC(142) ReferenceProcessor::execute queues: 1, RefProcThreadModel::Single, marks_oops_alive: false
[867.712s][debug][gc,ref         ] GC(142) Skipped phase 3 of Reference Processing: no references
[867.712s][debug][gc,ref         ] GC(142) ReferenceProcessor::execute queues: 1, RefProcThreadModel::Single, marks_oops_alive: false
[867.712s][debug][gc,phases      ] GC(142) Reference Processing 0.139ms
[867.712s][debug][gc,phases      ] GC(142)   VM Weak                        Min:  0.0, Avg:  0.0, Max:  0.0, Diff:  0.0, Sum:  0.0, Workers: 4
[867.712s][debug][gc,phases      ] GC(142)     Dead                           Min: 0, Avg:  0.0, Max: 0, Diff: 0, Sum: 0, Workers: 4
[867.712s][debug][gc,phases      ] GC(142)     Total                          Min: 0, Avg: 165.2, Max: 576, Diff: 576, Sum: 661, Workers: 4
[867.712s][debug][gc,phases      ] GC(142)   ObjectSynchronizer Weak        Min:  0.0, Avg:  0.0, Max:  0.0, Diff:  0.0, Sum:  0.0, Workers: 4
[867.712s][debug][gc,phases      ] GC(142)     Dead                           Min: 0, Avg:  0.0, Max: 0, Diff: 0, Sum: 0, Workers: 4
[867.712s][debug][gc,phases      ] GC(142)     Total                          Min: 0, Avg: 103.0, Max: 192, Diff: 192, Sum: 412, Workers: 4
[867.712s][debug][gc,phases      ] GC(142)   JVMTI Tag Weak OopStorage      Min:  0.0, Avg:  0.0, Max:  0.0, Diff:  0.0, Sum:  0.0, Workers: 4
[867.712s][debug][gc,phases      ] GC(142)     Dead                           Min: 0, Avg:  0.0, Max: 0, Diff: 0, Sum: 0, Workers: 4
[867.712s][debug][gc,phases      ] GC(142)     Total                          Min: 0, Avg:  0.0, Max: 0, Diff: 0, Sum: 0, Workers: 4
[867.712s][debug][gc,phases      ] GC(142)   StringTable Weak               Min:  0.1, Avg:  0.1, Max:  0.1, Diff:  0.0, Sum:  0.4, Workers: 4
[867.712s][debug][gc,phases      ] GC(142)     Dead                           Min: 0, Avg:  0.2, Max: 1, Diff: 1, Sum: 1, Workers: 4
[867.712s][debug][gc,phases      ] GC(142)     Total                          Min: 11367, Avg: 11929.8, Max: 12544, Diff: 1177, Sum: 47719, Workers: 4
[867.712s][debug][gc,phases      ] GC(142)   ResolvedMethodTable Weak       Min:  0.0, Avg:  0.0, Max:  0.0, Diff:  0.0, Sum:  0.1, Workers: 4
[867.712s][debug][gc,phases      ] GC(142)     Dead                           Min: 0, Avg:  0.0, Max: 0, Diff: 0, Sum: 0, Workers: 4
[867.712s][debug][gc,phases      ] GC(142)     Total                          Min: 1998, Avg: 2044.8, Max: 2141, Diff: 143, Sum: 8179, Workers: 4
[867.712s][debug][gc,phases      ] GC(142)   JNI Weak                       Min:  0.0, Avg:  0.0, Max:  0.0, Diff:  0.0, Sum:  0.0, Workers: 4
[867.712s][debug][gc,phases      ] GC(142)     Dead                           Min: 0, Avg:  0.0, Max: 0, Diff: 0, Sum: 0, Workers: 4
[867.712s][debug][gc,phases      ] GC(142)     Total                          Min: 0, Avg:  0.0, Max: 0, Diff: 0, Sum: 0, Workers: 4
[867.712s][debug][gc,phases      ] GC(142)   StringDedup Table Weak         Min:  0.0, Avg:  0.0, Max:  0.0, Diff:  0.0, Sum:  0.0, Workers: 4
[867.712s][debug][gc,phases      ] GC(142)     Dead                           Min: 0, Avg:  0.0, Max: 0, Diff: 0, Sum: 0, Workers: 4
[867.712s][debug][gc,phases      ] GC(142)     Total                          Min: 0, Avg:  0.0, Max: 0, Diff: 0, Sum: 0, Workers: 4
[867.712s][debug][gc,phases      ] GC(142)   StringDedup Requests0 Weak     Min:  0.0, Avg:  0.0, Max:  0.0, Diff:  0.0, Sum:  0.0, Workers: 4
[867.712s][debug][gc,phases      ] GC(142)     Dead                           Min: 0, Avg:  0.0, Max: 0, Diff: 0, Sum: 0, Workers: 4
[867.712s][debug][gc,phases      ] GC(142)     Total                          Min: 0, Avg:  0.0, Max: 0, Diff: 0, Sum: 0, Workers: 4
[867.712s][debug][gc,phases      ] GC(142)   StringDedup Requests1 Weak     Min:  0.0, Avg:  0.0, Max:  0.0, Diff:  0.0, Sum:  0.0, Workers: 4
[867.712s][debug][gc,phases      ] GC(142)     Dead                           Min: 0, Avg:  0.0, Max: 0, Diff: 0, Sum: 0, Workers: 4
[867.712s][debug][gc,phases      ] GC(142)     Total                          Min: 0, Avg:  0.0, Max: 0, Diff: 0, Sum: 0, Workers: 4
[867.712s][debug][gc,phases      ] GC(142)   Weak JFR Old Object Samples    Min:  0.0, Avg:  0.0, Max:  0.0, Diff:  0.0, Sum:  0.0, Workers: 4
[867.713s][debug][gc,phases      ] GC(142)     Dead                           Min: 0, Avg:  0.0, Max: 0, Diff: 0, Sum: 0, Workers: 4
[867.713s][debug][gc,phases      ] GC(142)     Total                          Min: 0, Avg:  0.0, Max: 0, Diff: 0, Sum: 0, Workers: 4
[867.713s][debug][gc,phases      ] GC(142) Weak Processing 0.345ms
[867.713s][debug][gc,age         ] GC(142) Desired survivor size 261619712 bytes, new threshold 15 (max threshold 15)
[867.713s][info ][gc,heap        ] GC(142) PSYoungGen: 1636017K(1827840K)->74413K(1841664K) Eden: 1563136K(1563136K)->0K(1580544K) From: 72881K(264704K)->74413K(261120K)
[867.713s][info ][gc,heap        ] GC(142) ParOldGen: 443922K(540160K)->443962K(540160K)
[867.713s][info ][gc,metaspace   ] GC(142) Metaspace: 82311K(83136K)->82311K(83136K) NonClass: 70787K(71232K)->70787K(71232K) Class: 11523K(11904K)->11523K(11904K)
[867.713s][info ][gc             ] GC(142) Pause Young (Allocation Failure) 2031M->506M(2326M) 21.342ms
[867.713s][info ][gc,cpu         ] GC(142) User=0.08s Sys=0.00s Real=0.02s
[867.713s][info ][safepoint      ] Safepoint "ParallelGCFailedAllocation", Time since last: 3826750264 ns, Reaching safepoint: 36003 ns, At safepoint: 21427367 ns, Total: 21463370 ns
[875.713s][info ][safepoint      ] Safepoint "Cleanup", Time since last: 8000579151 ns, Reaching safepoint: 150509 ns, At safepoint: 9001 ns, Total: 159510 ns
[879.714s][info ][safepoint      ] Safepoint "Cleanup", Time since last: 4000322227 ns, Reaching safepoint: 126908 ns, At safepoint: 8400 ns, Total: 135308 ns
[882.714s][info ][safepoint      ] Safepoint "Cleanup", Time since last: 3000231295 ns, Reaching safepoint: 112307 ns, At safepoint: 6800 ns, Total: 119107 ns
[883.714s][info ][safepoint      ] Safepoint "Cleanup", Time since last: 1000152637 ns, Reaching safepoint: 144208 ns, At safepoint: 11701 ns, Total: 155909 ns
[886.715s][info ][safepoint      ] Safepoint "Cleanup", Time since last: 3000264797 ns, Reaching safepoint: 121807 ns, At safepoint: 10901 ns, Total: 132708 ns
[887.715s][info ][safepoint      ] Safepoint "Cleanup", Time since last: 1000107933 ns, Reaching safepoint: 150609 ns, At safepoint: 10401 ns, Total: 161010 ns
[888.715s][info ][safepoint      ] Safepoint "Cleanup", Time since last: 1000112934 ns, Reaching safepoint: 129507 ns, At safepoint: 11901 ns, Total: 141408 ns
[889.716s][info ][safepoint      ] Safepoint "Cleanup", Time since last: 1000106533 ns, Reaching safepoint: 117907 ns, At safepoint: 9901 ns, Total: 127808 ns
[891.716s][info ][safepoint      ] Safepoint "Cleanup", Time since last: 2000173965 ns, Reaching safepoint: 149208 ns, At safepoint: 8701 ns, Total: 157909 ns
[893.083s][info ][safepoint      ] Safepoint "Cleanup", Time since last: 1366863019 ns, Reaching safepoint: 255615 ns, At safepoint: 14201 ns, Total: 269816 ns
[893.965s][info ][gc,start       ] GC(143) Pause Young (Allocation Failure)
[893.993s][debug][gc,phases      ] GC(143) Scavenge 27.787ms
[893.993s][debug][gc,ref         ] GC(143) Skipped phase 1 of Reference Processing: no references
[893.993s][debug][gc,ref         ] GC(143) ReferenceProcessor::execute queues: 1, RefProcThreadModel::Single, marks_oops_alive: false
[893.993s][debug][gc,ref         ] GC(143) Skipped phase 3 of Reference Processing: no references
[893.993s][debug][gc,ref         ] GC(143) ReferenceProcessor::execute queues: 1, RefProcThreadModel::Single, marks_oops_alive: false
[893.993s][debug][gc,phases      ] GC(143) Reference Processing 0.149ms
[893.993s][debug][gc,phases      ] GC(143)   VM Weak                        Min:  0.0, Avg:  0.0, Max:  0.0, Diff:  0.0, Sum:  0.0, Workers: 4
[893.993s][debug][gc,phases      ] GC(143)     Dead                           Min: 0, Avg:  0.0, Max: 0, Diff: 0, Sum: 0, Workers: 4
[893.993s][debug][gc,phases      ] GC(143)     Total                          Min: 0, Avg: 165.2, Max: 469, Diff: 469, Sum: 661, Workers: 4
[893.993s][debug][gc,phases      ] GC(143)   ObjectSynchronizer Weak        Min:  0.0, Avg:  0.0, Max:  0.0, Diff:  0.0, Sum:  0.0, Workers: 4
[893.993s][debug][gc,phases      ] GC(143)     Dead                           Min: 0, Avg:  0.0, Max: 0, Diff: 0, Sum: 0, Workers: 4
[893.993s][debug][gc,phases      ] GC(143)     Total                          Min: 0, Avg: 103.0, Max: 156, Diff: 156, Sum: 412, Workers: 4
[893.993s][debug][gc,phases      ] GC(143)   JVMTI Tag Weak OopStorage      Min:  0.0, Avg:  0.0, Max:  0.0, Diff:  0.0, Sum:  0.0, Workers: 4
[893.993s][debug][gc,phases      ] GC(143)     Dead                           Min: 0, Avg:  0.0, Max: 0, Diff: 0, Sum: 0, Workers: 4
[893.993s][debug][gc,phases      ] GC(143)     Total                          Min: 0, Avg:  0.0, Max: 0, Diff: 0, Sum: 0, Workers: 4
[893.993s][debug][gc,phases      ] GC(143)   StringTable Weak               Min:  0.1, Avg:  0.1, Max:  0.1, Diff:  0.0, Sum:  0.6, Workers: 4
[893.993s][debug][gc,phases      ] GC(143)     Dead                           Min: 0, Avg:  0.0, Max: 0, Diff: 0, Sum: 0, Workers: 4
[893.993s][debug][gc,phases      ] GC(143)     Total                          Min: 10368, Avg: 11941.0, Max: 12736, Diff: 2368, Sum: 47764, Workers: 4
[893.993s][debug][gc,phases      ] GC(143)   ResolvedMethodTable Weak       Min:  0.0, Avg:  0.0, Max:  0.0, Diff:  0.0, Sum:  0.1, Workers: 4
[893.993s][debug][gc,phases      ] GC(143)     Dead                           Min: 0, Avg:  0.0, Max: 0, Diff: 0, Sum: 0, Workers: 4
[893.993s][debug][gc,phases      ] GC(143)     Total                          Min: 1779, Avg: 2050.0, Max: 2417, Diff: 638, Sum: 8200, Workers: 4
[893.993s][debug][gc,phases      ] GC(143)   JNI Weak                       Min:  0.0, Avg:  0.0, Max:  0.0, Diff:  0.0, Sum:  0.0, Workers: 4
[893.993s][debug][gc,phases      ] GC(143)     Dead                           Min: 0, Avg:  0.0, Max: 0, Diff: 0, Sum: 0, Workers: 4
[893.993s][debug][gc,phases      ] GC(143)     Total                          Min: 0, Avg:  1.0, Max: 4, Diff: 4, Sum: 4, Workers: 4
[893.993s][debug][gc,phases      ] GC(143)   StringDedup Table Weak         Min:  0.0, Avg:  0.0, Max:  0.0, Diff:  0.0, Sum:  0.0, Workers: 4
[893.993s][debug][gc,phases      ] GC(143)     Dead                           Min: 0, Avg:  0.0, Max: 0, Diff: 0, Sum: 0, Workers: 4
[893.993s][debug][gc,phases      ] GC(143)     Total                          Min: 0, Avg:  0.0, Max: 0, Diff: 0, Sum: 0, Workers: 4
[893.993s][debug][gc,phases      ] GC(143)   StringDedup Requests0 Weak     Min:  0.0, Avg:  0.0, Max:  0.0, Diff:  0.0, Sum:  0.0, Workers: 4
[893.993s][debug][gc,phases      ] GC(143)     Dead                           Min: 0, Avg:  0.0, Max: 0, Diff: 0, Sum: 0, Workers: 4
[893.993s][debug][gc,phases      ] GC(143)     Total                          Min: 0, Avg:  0.0, Max: 0, Diff: 0, Sum: 0, Workers: 4
[893.993s][debug][gc,phases      ] GC(143)   StringDedup Requests1 Weak     Min:  0.0, Avg:  0.0, Max:  0.0, Diff:  0.0, Sum:  0.0, Workers: 4
[893.993s][debug][gc,phases      ] GC(143)     Dead                           Min: 0, Avg:  0.0, Max: 0, Diff: 0, Sum: 0, Workers: 4
[893.993s][debug][gc,phases      ] GC(143)     Total                          Min: 0, Avg:  0.0, Max: 0, Diff: 0, Sum: 0, Workers: 4
[893.993s][debug][gc,phases      ] GC(143)   Weak JFR Old Object Samples    Min:  0.0, Avg:  0.0, Max:  0.0, Diff:  0.0, Sum:  0.0, Workers: 4
[893.993s][debug][gc,phases      ] GC(143)     Dead                           Min: 0, Avg:  0.0, Max: 0, Diff: 0, Sum: 0, Workers: 4
[893.993s][debug][gc,phases      ] GC(143)     Total                          Min: 0, Avg:  0.0, Max: 0, Diff: 0, Sum: 0, Workers: 4
[893.993s][debug][gc,phases      ] GC(143) Weak Processing 0.398ms
[893.993s][debug][gc,age         ] GC(143) Desired survivor size 250609664 bytes, new threshold 15 (max threshold 15)
[893.993s][info ][gc,heap        ] GC(143) PSYoungGen: 1654957K(1841664K)->103398K(1836032K) Eden: 1580544K(1580544K)->0K(1580544K) From: 74413K(261120K)->103398K(255488K)
[893.993s][info ][gc,heap        ] GC(143) ParOldGen: 443962K(540160K)->444002K(540160K)
[893.993s][info ][gc,metaspace   ] GC(143) Metaspace: 82399K(83200K)->82399K(83200K) NonClass: 70861K(71296K)->70861K(71296K) Class: 11538K(11904K)->11538K(11904K)
[893.993s][info ][gc             ] GC(143) Pause Young (Allocation Failure) 2049M->534M(2320M) 28.490ms
[893.993s][info ][gc,cpu         ] GC(143) User=0.14s Sys=0.00s Real=0.02s
[893.994s][info ][safepoint      ] Safepoint "ParallelGCFailedAllocation", Time since last: 881419015 ns, Reaching safepoint: 421325 ns, At safepoint: 28604792 ns, Total: 29026117 ns
[894.994s][info ][safepoint      ] Safepoint "Cleanup", Time since last: 1000089532 ns, Reaching safepoint: 147109 ns, At safepoint: 9500 ns, Total: 156609 ns
[896.125s][info ][safepoint      ] Safepoint "Cleanup", Time since last: 1130924969 ns, Reaching safepoint: 155109 ns, At safepoint: 12801 ns, Total: 167910 ns
[896.947s][info ][gc,start       ] GC(144) Pause Young (Allocation Failure)
[896.973s][debug][gc,phases      ] GC(144) Scavenge 26.596ms
[896.974s][debug][gc,ref         ] GC(144) Skipped phase 1 of Reference Processing: no references
[896.974s][debug][gc,ref         ] GC(144) ReferenceProcessor::execute queues: 1, RefProcThreadModel::Single, marks_oops_alive: false
[896.974s][debug][gc,ref         ] GC(144) Skipped phase 3 of Reference Processing: no references
[896.974s][debug][gc,ref         ] GC(144) ReferenceProcessor::execute queues: 1, RefProcThreadModel::Single, marks_oops_alive: false
[896.974s][debug][gc,phases      ] GC(144) Reference Processing 0.141ms
[896.974s][debug][gc,phases      ] GC(144)   VM Weak                        Min:  0.0, Avg:  0.0, Max:  0.0, Diff:  0.0, Sum:  0.0, Workers: 4
[896.974s][debug][gc,phases      ] GC(144)     Dead                           Min: 0, Avg:  0.0, Max: 0, Diff: 0, Sum: 0, Workers: 4
[896.974s][debug][gc,phases      ] GC(144)     Total                          Min: 0, Avg: 165.2, Max: 341, Diff: 341, Sum: 661, Workers: 4
[896.974s][debug][gc,phases      ] GC(144)   ObjectSynchronizer Weak        Min:  0.0, Avg:  0.0, Max:  0.0, Diff:  0.0, Sum:  0.0, Workers: 4
[896.974s][debug][gc,phases      ] GC(144)     Dead                           Min: 0, Avg:  0.0, Max: 0, Diff: 0, Sum: 0, Workers: 4
[896.974s][debug][gc,phases      ] GC(144)     Total                          Min: 0, Avg: 103.0, Max: 156, Diff: 156, Sum: 412, Workers: 4
[896.974s][debug][gc,phases      ] GC(144)   JVMTI Tag Weak OopStorage      Min:  0.0, Avg:  0.0, Max:  0.0, Diff:  0.0, Sum:  0.0, Workers: 4
[896.974s][debug][gc,phases      ] GC(144)     Dead                           Min: 0, Avg:  0.0, Max: 0, Diff: 0, Sum: 0, Workers: 4
[896.974s][debug][gc,phases      ] GC(144)     Total                          Min: 0, Avg:  0.0, Max: 0, Diff: 0, Sum: 0, Workers: 4
[896.974s][debug][gc,phases      ] GC(144)   StringTable Weak               Min:  0.1, Avg:  0.1, Max:  0.1, Diff:  0.0, Sum:  0.4, Workers: 4
[896.974s][debug][gc,phases      ] GC(144)     Dead                           Min: 0, Avg:  0.0, Max: 0, Diff: 0, Sum: 0, Workers: 4
[896.974s][debug][gc,phases      ] GC(144)     Total                          Min: 10752, Avg: 11942.0, Max: 12480, Diff: 1728, Sum: 47768, Workers: 4
[896.974s][debug][gc,phases      ] GC(144)   ResolvedMethodTable Weak       Min:  0.0, Avg:  0.0, Max:  0.0, Diff:  0.0, Sum:  0.1, Workers: 4
[896.974s][debug][gc,phases      ] GC(144)     Dead                           Min: 0, Avg:  0.0, Max: 0, Diff: 0, Sum: 0, Workers: 4
[896.974s][debug][gc,phases      ] GC(144)     Total                          Min: 1905, Avg: 2050.0, Max: 2114, Diff: 209, Sum: 8200, Workers: 4
[896.974s][debug][gc,phases      ] GC(144)   JNI Weak                       Min:  0.0, Avg:  0.0, Max:  0.0, Diff:  0.0, Sum:  0.0, Workers: 4
[896.974s][debug][gc,phases      ] GC(144)     Dead                           Min: 0, Avg:  0.0, Max: 0, Diff: 0, Sum: 0, Workers: 4
[896.974s][debug][gc,phases      ] GC(144)     Total                          Min: 0, Avg:  0.0, Max: 0, Diff: 0, Sum: 0, Workers: 4
[896.974s][debug][gc,phases      ] GC(144)   StringDedup Table Weak         Min:  0.0, Avg:  0.0, Max:  0.0, Diff:  0.0, Sum:  0.0, Workers: 4
[896.974s][debug][gc,phases      ] GC(144)     Dead                           Min: 0, Avg:  0.0, Max: 0, Diff: 0, Sum: 0, Workers: 4
[896.974s][debug][gc,phases      ] GC(144)     Total                          Min: 0, Avg:  0.0, Max: 0, Diff: 0, Sum: 0, Workers: 4
[896.974s][debug][gc,phases      ] GC(144)   StringDedup Requests0 Weak     Min:  0.0, Avg:  0.0, Max:  0.0, Diff:  0.0, Sum:  0.0, Workers: 4
[896.974s][debug][gc,phases      ] GC(144)     Dead                           Min: 0, Avg:  0.0, Max: 0, Diff: 0, Sum: 0, Workers: 4
[896.974s][debug][gc,phases      ] GC(144)     Total                          Min: 0, Avg:  0.0, Max: 0, Diff: 0, Sum: 0, Workers: 4
[896.974s][debug][gc,phases      ] GC(144)   StringDedup Requests1 Weak     Min:  0.0, Avg:  0.0, Max:  0.0, Diff:  0.0, Sum:  0.0, Workers: 4
[896.974s][debug][gc,phases      ] GC(144)     Dead                           Min: 0, Avg:  0.0, Max: 0, Diff: 0, Sum: 0, Workers: 4
[896.974s][debug][gc,phases      ] GC(144)     Total                          Min: 0, Avg:  0.0, Max: 0, Diff: 0, Sum: 0, Workers: 4
[896.974s][debug][gc,phases      ] GC(144)   Weak JFR Old Object Samples    Min:  0.0, Avg:  0.0, Max:  0.0, Diff:  0.0, Sum:  0.0, Workers: 4
[896.974s][debug][gc,phases      ] GC(144)     Dead                           Min: 0, Avg:  0.0, Max: 0, Diff: 0, Sum: 0, Workers: 4
[896.974s][debug][gc,phases      ] GC(144)     Total                          Min: 0, Avg:  0.0, Max: 0, Diff: 0, Sum: 0, Workers: 4
[896.974s][debug][gc,phases      ] GC(144) Weak Processing 0.341ms
[896.974s][debug][gc,age         ] GC(144) Desired survivor size 238026752 bytes, new threshold 15 (max threshold 15)
[896.974s][info ][gc,heap        ] GC(144) PSYoungGen: 1683942K(1836032K)->114950K(1864704K) Eden: 1580544K(1580544K)->0K(1619968K) From: 103398K(255488K)->114950K(244736K)
[896.974s][info ][gc,heap        ] GC(144) ParOldGen: 444002K(540160K)->444042K(540160K)
[896.974s][info ][gc,metaspace   ] GC(144) Metaspace: 82432K(83200K)->82432K(83200K) NonClass: 70894K(71296K)->70894K(71296K) Class: 11538K(11904K)->11538K(11904K)
[896.974s][info ][gc             ] GC(144) Pause Young (Allocation Failure) 2078M->545M(2348M) 27.220ms
[896.974s][info ][gc,cpu         ] GC(144) User=0.10s Sys=0.00s Real=0.02s
[896.974s][info ][safepoint      ] Safepoint "ParallelGCFailedAllocation", Time since last: 821881795 ns, Reaching safepoint: 48203 ns, At safepoint: 27304415 ns, Total: 27352618 ns
[897.974s][info ][safepoint      ] Safepoint "Cleanup", Time since last: 1000082132 ns, Reaching safepoint: 165409 ns, At safepoint: 10201 ns, Total: 175610 ns
[898.975s][info ][safepoint      ] Safepoint "Cleanup", Time since last: 1000101633 ns, Reaching safepoint: 133508 ns, At safepoint: 11201 ns, Total: 144709 ns
[899.256s][info ][gc,start       ] GC(145) Pause Young (Allocation Failure)
[899.281s][debug][gc,phases      ] GC(145) Scavenge 25.064ms
[899.281s][debug][gc,ref         ] GC(145) Skipped phase 1 of Reference Processing: no references
[899.281s][debug][gc,ref         ] GC(145) ReferenceProcessor::execute queues: 1, RefProcThreadModel::Single, marks_oops_alive: false
[899.281s][debug][gc,ref         ] GC(145) Skipped phase 3 of Reference Processing: no references
[899.281s][debug][gc,ref         ] GC(145) ReferenceProcessor::execute queues: 1, RefProcThreadModel::Single, marks_oops_alive: false
[899.281s][debug][gc,phases      ] GC(145) Reference Processing 0.134ms
[899.282s][debug][gc,phases      ] GC(145)   VM Weak                        Min:  0.0, Avg:  0.0, Max:  0.0, Diff:  0.0, Sum:  0.0, Workers: 4
[899.282s][debug][gc,phases      ] GC(145)     Dead                           Min: 0, Avg:  0.0, Max: 0, Diff: 0, Sum: 0, Workers: 4
[899.282s][debug][gc,phases      ] GC(145)     Total                          Min: 0, Avg: 165.2, Max: 661, Diff: 661, Sum: 661, Workers: 4
[899.282s][debug][gc,phases      ] GC(145)   ObjectSynchronizer Weak        Min:  0.0, Avg:  0.0, Max:  0.0, Diff:  0.0, Sum:  0.0, Workers: 4
[899.282s][debug][gc,phases      ] GC(145)     Dead                           Min: 0, Avg:  0.0, Max: 0, Diff: 0, Sum: 0, Workers: 4
[899.282s][debug][gc,phases      ] GC(145)     Total                          Min: 0, Avg: 103.0, Max: 256, Diff: 256, Sum: 412, Workers: 4
[899.282s][debug][gc,phases      ] GC(145)   JVMTI Tag Weak OopStorage      Min:  0.0, Avg:  0.0, Max:  0.0, Diff:  0.0, Sum:  0.0, Workers: 4
[899.282s][debug][gc,phases      ] GC(145)     Dead                           Min: 0, Avg:  0.0, Max: 0, Diff: 0, Sum: 0, Workers: 4
[899.282s][debug][gc,phases      ] GC(145)     Total                          Min: 0, Avg:  0.0, Max: 0, Diff: 0, Sum: 0, Workers: 4
[899.282s][debug][gc,phases      ] GC(145)   StringTable Weak               Min:  0.1, Avg:  0.1, Max:  0.1, Diff:  0.0, Sum:  0.5, Workers: 4
[899.282s][debug][gc,phases      ] GC(145)     Dead                           Min: 0, Avg:  0.0, Max: 0, Diff: 0, Sum: 0, Workers: 4
[899.282s][debug][gc,phases      ] GC(145)     Total                          Min: 10496, Avg: 11943.8, Max: 13376, Diff: 2880, Sum: 47775, Workers: 4
[899.282s][debug][gc,phases      ] GC(145)   ResolvedMethodTable Weak       Min:  0.0, Avg:  0.0, Max:  0.0, Diff:  0.0, Sum:  0.1, Workers: 4
[899.282s][debug][gc,phases      ] GC(145)     Dead                           Min: 0, Avg:  0.0, Max: 0, Diff: 0, Sum: 0, Workers: 4
[899.282s][debug][gc,phases      ] GC(145)     Total                          Min: 1841, Avg: 2051.0, Max: 2136, Diff: 295, Sum: 8204, Workers: 4
[899.282s][debug][gc,phases      ] GC(145)   JNI Weak                       Min:  0.0, Avg:  0.0, Max:  0.0, Diff:  0.0, Sum:  0.0, Workers: 4
[899.282s][debug][gc,phases      ] GC(145)     Dead                           Min: 0, Avg:  0.0, Max: 0, Diff: 0, Sum: 0, Workers: 4
[899.282s][debug][gc,phases      ] GC(145)     Total                          Min: 0, Avg:  0.0, Max: 0, Diff: 0, Sum: 0, Workers: 4
[899.282s][debug][gc,phases      ] GC(145)   StringDedup Table Weak         Min:  0.0, Avg:  0.0, Max:  0.0, Diff:  0.0, Sum:  0.0, Workers: 4
[899.282s][debug][gc,phases      ] GC(145)     Dead                           Min: 0, Avg:  0.0, Max: 0, Diff: 0, Sum: 0, Workers: 4
[899.282s][debug][gc,phases      ] GC(145)     Total                          Min: 0, Avg:  0.0, Max: 0, Diff: 0, Sum: 0, Workers: 4
[899.282s][debug][gc,phases      ] GC(145)   StringDedup Requests0 Weak     Min:  0.0, Avg:  0.0, Max:  0.0, Diff:  0.0, Sum:  0.0, Workers: 4
[899.282s][debug][gc,phases      ] GC(145)     Dead                           Min: 0, Avg:  0.0, Max: 0, Diff: 0, Sum: 0, Workers: 4
[899.282s][debug][gc,phases      ] GC(145)     Total                          Min: 0, Avg:  0.0, Max: 0, Diff: 0, Sum: 0, Workers: 4
[899.282s][debug][gc,phases      ] GC(145)   StringDedup Requests1 Weak     Min:  0.0, Avg:  0.0, Max:  0.0, Diff:  0.0, Sum:  0.0, Workers: 4
[899.282s][debug][gc,phases      ] GC(145)     Dead                           Min: 0, Avg:  0.0, Max: 0, Diff: 0, Sum: 0, Workers: 4
[899.282s][debug][gc,phases      ] GC(145)     Total                          Min: 0, Avg:  0.0, Max: 0, Diff: 0, Sum: 0, Workers: 4
[899.282s][debug][gc,phases      ] GC(145)   Weak JFR Old Object Samples    Min:  0.0, Avg:  0.0, Max:  0.0, Diff:  0.0, Sum:  0.0, Workers: 4
[899.282s][debug][gc,phases      ] GC(145)     Dead                           Min: 0, Avg:  0.0, Max: 0, Diff: 0, Sum: 0, Workers: 4
[899.282s][debug][gc,phases      ] GC(145)     Total                          Min: 0, Avg:  0.0, Max: 0, Diff: 0, Sum: 0, Workers: 4
[899.282s][debug][gc,phases      ] GC(145) Weak Processing 0.345ms
[899.282s][debug][gc,age         ] GC(145) Desired survivor size 228589568 bytes, new threshold 15 (max threshold 15)
[899.282s][info ][gc,heap        ] GC(145) PSYoungGen: 1734918K(1864704K)->123665K(1852416K) Eden: 1619968K(1619968K)->0K(1619968K) From: 114950K(244736K)->123665K(232448K)
[899.282s][info ][gc,heap        ] GC(145) ParOldGen: 444042K(540160K)->444074K(540160K)
[899.282s][info ][gc,metaspace   ] GC(145) Metaspace: 82459K(83264K)->82459K(83264K) NonClass: 70919K(71360K)->70919K(71360K) Class: 11539K(11904K)->11539K(11904K)
[899.282s][info ][gc             ] GC(145) Pause Young (Allocation Failure) 2127M->554M(2336M) 25.683ms
[899.282s][info ][gc,cpu         ] GC(145) User=0.10s Sys=0.00s Real=0.02s
[899.282s][info ][safepoint      ] Safepoint "ParallelGCFailedAllocation", Time since last: 281393138 ns, Reaching safepoint: 124807 ns, At safepoint: 25767924 ns, Total: 25892731 ns
[900.282s][info ][safepoint      ] Safepoint "Cleanup", Time since last: 1000090832 ns, Reaching safepoint: 110707 ns, At safepoint: 7800 ns, Total: 118507 ns
[901.282s][info ][safepoint      ] Safepoint "Cleanup", Time since last: 1000120434 ns, Reaching safepoint: 151009 ns, At safepoint: 16601 ns, Total: 167610 ns
[902.283s][info ][safepoint      ] Safepoint "Cleanup", Time since last: 1000117834 ns, Reaching safepoint: 84305 ns, At safepoint: 9701 ns, Total: 94006 ns
[902.949s][info ][gc,start       ] GC(146) Pause Young (Allocation Failure)
[902.979s][debug][gc,phases      ] GC(146) Scavenge 29.949ms
[902.979s][debug][gc,ref         ] GC(146) Skipped phase 1 of Reference Processing: no references
[902.980s][debug][gc,ref         ] GC(146) ReferenceProcessor::execute queues: 1, RefProcThreadModel::Single, marks_oops_alive: false
[902.980s][debug][gc,ref         ] GC(146) Skipped phase 3 of Reference Processing: no references
[902.980s][debug][gc,ref         ] GC(146) ReferenceProcessor::execute queues: 1, RefProcThreadModel::Single, marks_oops_alive: false
[902.980s][debug][gc,phases      ] GC(146) Reference Processing 0.139ms
[902.980s][debug][gc,phases      ] GC(146)   VM Weak                        Min:  0.0, Avg:  0.0, Max:  0.0, Diff:  0.0, Sum:  0.0, Workers: 4
[902.980s][debug][gc,phases      ] GC(146)     Dead                           Min: 0, Avg:  0.0, Max: 0, Diff: 0, Sum: 0, Workers: 4
[902.980s][debug][gc,phases      ] GC(146)     Total                          Min: 0, Avg: 165.2, Max: 661, Diff: 661, Sum: 661, Workers: 4
[902.980s][debug][gc,phases      ] GC(146)   ObjectSynchronizer Weak        Min:  0.0, Avg:  0.0, Max:  0.0, Diff:  0.0, Sum:  0.0, Workers: 4
[902.980s][debug][gc,phases      ] GC(146)     Dead                           Min: 0, Avg:  0.0, Max: 0, Diff: 0, Sum: 0, Workers: 4
[902.980s][debug][gc,phases      ] GC(146)     Total                          Min: 0, Avg: 103.0, Max: 220, Diff: 220, Sum: 412, Workers: 4
[902.980s][debug][gc,phases      ] GC(146)   JVMTI Tag Weak OopStorage      Min:  0.0, Avg:  0.0, Max:  0.0, Diff:  0.0, Sum:  0.0, Workers: 4
[902.980s][debug][gc,phases      ] GC(146)     Dead                           Min: 0, Avg:  0.0, Max: 0, Diff: 0, Sum: 0, Workers: 4
[902.980s][debug][gc,phases      ] GC(146)     Total                          Min: 0, Avg:  0.0, Max: 0, Diff: 0, Sum: 0, Workers: 4
[902.980s][debug][gc,phases      ] GC(146)   StringTable Weak               Min:  0.1, Avg:  0.1, Max:  0.1, Diff:  0.0, Sum:  0.5, Workers: 4
[902.980s][debug][gc,phases      ] GC(146)     Dead                           Min: 0, Avg:  0.0, Max: 0, Diff: 0, Sum: 0, Workers: 4
[902.980s][debug][gc,phases      ] GC(146)     Total                          Min: 11456, Avg: 11944.8, Max: 12288, Diff: 832, Sum: 47779, Workers: 4
[902.980s][debug][gc,phases      ] GC(146)   ResolvedMethodTable Weak       Min:  0.0, Avg:  0.0, Max:  0.0, Diff:  0.0, Sum:  0.1, Workers: 4
[902.980s][debug][gc,phases      ] GC(146)     Dead                           Min: 0, Avg:  0.0, Max: 0, Diff: 0, Sum: 0, Workers: 4
[902.980s][debug][gc,phases      ] GC(146)     Total                          Min: 1833, Avg: 2051.0, Max: 2238, Diff: 405, Sum: 8204, Workers: 4
[902.980s][debug][gc,phases      ] GC(146)   JNI Weak                       Min:  0.0, Avg:  0.0, Max:  0.0, Diff:  0.0, Sum:  0.0, Workers: 4
[902.980s][debug][gc,phases      ] GC(146)     Dead                           Min: 0, Avg:  0.0, Max: 0, Diff: 0, Sum: 0, Workers: 4
[902.980s][debug][gc,phases      ] GC(146)     Total                          Min: 0, Avg:  0.0, Max: 0, Diff: 0, Sum: 0, Workers: 4
[902.980s][debug][gc,phases      ] GC(146)   StringDedup Table Weak         Min:  0.0, Avg:  0.0, Max:  0.0, Diff:  0.0, Sum:  0.0, Workers: 4
[902.980s][debug][gc,phases      ] GC(146)     Dead                           Min: 0, Avg:  0.0, Max: 0, Diff: 0, Sum: 0, Workers: 4
[902.980s][debug][gc,phases      ] GC(146)     Total                          Min: 0, Avg:  0.0, Max: 0, Diff: 0, Sum: 0, Workers: 4
[902.980s][debug][gc,phases      ] GC(146)   StringDedup Requests0 Weak     Min:  0.0, Avg:  0.0, Max:  0.0, Diff:  0.0, Sum:  0.0, Workers: 4
[902.980s][debug][gc,phases      ] GC(146)     Dead                           Min: 0, Avg:  0.0, Max: 0, Diff: 0, Sum: 0, Workers: 4
[902.980s][debug][gc,phases      ] GC(146)     Total                          Min: 0, Avg:  0.0, Max: 0, Diff: 0, Sum: 0, Workers: 4
[902.980s][debug][gc,phases      ] GC(146)   StringDedup Requests1 Weak     Min:  0.0, Avg:  0.0, Max:  0.0, Diff:  0.0, Sum:  0.0, Workers: 4
[902.980s][debug][gc,phases      ] GC(146)     Dead                           Min: 0, Avg:  0.0, Max: 0, Diff: 0, Sum: 0, Workers: 4
[902.980s][debug][gc,phases      ] GC(146)     Total                          Min: 0, Avg:  0.0, Max: 0, Diff: 0, Sum: 0, Workers: 4
[902.980s][debug][gc,phases      ] GC(146)   Weak JFR Old Object Samples    Min:  0.0, Avg:  0.0, Max:  0.0, Diff:  0.0, Sum:  0.0, Workers: 4
[902.980s][debug][gc,phases      ] GC(146)     Dead                           Min: 0, Avg:  0.0, Max: 0, Diff: 0, Sum: 0, Workers: 4
[902.980s][debug][gc,phases      ] GC(146)     Total                          Min: 0, Avg:  0.0, Max: 0, Diff: 0, Sum: 0, Workers: 4
[902.980s][debug][gc,phases      ] GC(146) Weak Processing 0.344ms
[902.980s][debug][gc,age         ] GC(146) Desired survivor size 222298112 bytes, new threshold 15 (max threshold 15)
[902.980s][info ][gc,heap        ] GC(146) PSYoungGen: 1743633K(1852416K)->129983K(1880064K) Eden: 1619968K(1619968K)->0K(1656832K) From: 123665K(232448K)->129983K(223232K)
[902.980s][info ][gc,heap        ] GC(146) ParOldGen: 444074K(540160K)->444130K(540160K)
[902.980s][info ][gc,metaspace   ] GC(146) Metaspace: 82516K(83328K)->82516K(83328K) NonClass: 70975K(71424K)->70975K(71424K) Class: 11540K(11904K)->11540K(11904K)
[902.980s][info ][gc             ] GC(146) Pause Young (Allocation Failure) 2136M->560M(2363M) 30.576ms
[902.980s][info ][gc,cpu         ] GC(146) User=0.12s Sys=0.00s Real=0.03s
[902.980s][info ][safepoint      ] Safepoint "ParallelGCFailedAllocation", Time since last: 666629816 ns, Reaching safepoint: 117607 ns, At safepoint: 30662713 ns, Total: 30780320 ns
[903.980s][info ][safepoint      ] Safepoint "Cleanup", Time since last: 1000086132 ns, Reaching safepoint: 95106 ns, At safepoint: 10000 ns, Total: 105106 ns
[905.019s][info ][safepoint      ] Safepoint "Cleanup", Time since last: 1038385797 ns, Reaching safepoint: 108607 ns, At safepoint: 13000 ns, Total: 121607 ns
[905.363s][info ][gc,start       ] GC(147) Pause Young (Allocation Failure)
[905.395s][debug][gc,phases      ] GC(147) Scavenge 31.854ms
[905.395s][debug][gc,ref         ] GC(147) Skipped phase 1 of Reference Processing: no references
[905.395s][debug][gc,ref         ] GC(147) ReferenceProcessor::execute queues: 1, RefProcThreadModel::Single, marks_oops_alive: false
[905.395s][debug][gc,ref         ] GC(147) Skipped phase 3 of Reference Processing: no references
[905.395s][debug][gc,ref         ] GC(147) ReferenceProcessor::execute queues: 1, RefProcThreadModel::Single, marks_oops_alive: false
[905.395s][debug][gc,phases      ] GC(147) Reference Processing 0.164ms
[905.395s][debug][gc,phases      ] GC(147)   VM Weak                        Min:  0.0, Avg:  0.0, Max:  0.0, Diff:  0.0, Sum:  0.0, Workers: 4
[905.395s][debug][gc,phases      ] GC(147)     Dead                           Min: 0, Avg:  0.0, Max: 0, Diff: 0, Sum: 0, Workers: 4
[905.395s][debug][gc,phases      ] GC(147)     Total                          Min: 0, Avg: 165.2, Max: 661, Diff: 661, Sum: 661, Workers: 4
[905.395s][debug][gc,phases      ] GC(147)   ObjectSynchronizer Weak        Min:  0.0, Avg:  0.0, Max:  0.0, Diff:  0.0, Sum:  0.0, Workers: 4
[905.395s][debug][gc,phases      ] GC(147)     Dead                           Min: 0, Avg:  0.0, Max: 0, Diff: 0, Sum: 0, Workers: 4
[905.395s][debug][gc,phases      ] GC(147)     Total                          Min: 0, Avg: 103.0, Max: 284, Diff: 284, Sum: 412, Workers: 4
[905.395s][debug][gc,phases      ] GC(147)   JVMTI Tag Weak OopStorage      Min:  0.0, Avg:  0.0, Max:  0.0, Diff:  0.0, Sum:  0.0, Workers: 4
[905.395s][debug][gc,phases      ] GC(147)     Dead                           Min: 0, Avg:  0.0, Max: 0, Diff: 0, Sum: 0, Workers: 4
[905.395s][debug][gc,phases      ] GC(147)     Total                          Min: 0, Avg:  0.0, Max: 0, Diff: 0, Sum: 0, Workers: 4
[905.395s][debug][gc,phases      ] GC(147)   StringTable Weak               Min:  0.1, Avg:  0.1, Max:  0.1, Diff:  0.0, Sum:  0.5, Workers: 4
[905.395s][debug][gc,phases      ] GC(147)     Dead                           Min: 0, Avg:  0.0, Max: 0, Diff: 0, Sum: 0, Workers: 4
[905.395s][debug][gc,phases      ] GC(147)     Total                          Min: 11456, Avg: 11948.2, Max: 12529, Diff: 1073, Sum: 47793, Workers: 4
[905.395s][debug][gc,phases      ] GC(147)   ResolvedMethodTable Weak       Min:  0.0, Avg:  0.0, Max:  0.1, Diff:  0.0, Sum:  0.2, Workers: 4
[905.395s][debug][gc,phases      ] GC(147)     Dead                           Min: 0, Avg:  0.0, Max: 0, Diff: 0, Sum: 0, Workers: 4
[905.395s][debug][gc,phases      ] GC(147)     Total                          Min: 1457, Avg: 2051.0, Max: 2429, Diff: 972, Sum: 8204, Workers: 4
[905.395s][debug][gc,phases      ] GC(147)   JNI Weak                       Min:  0.0, Avg:  0.0, Max:  0.0, Diff:  0.0, Sum:  0.0, Workers: 4
[905.395s][debug][gc,phases      ] GC(147)     Dead                           Min: 0, Avg:  0.0, Max: 0, Diff: 0, Sum: 0, Workers: 4
[905.395s][debug][gc,phases      ] GC(147)     Total                          Min: 0, Avg:  0.0, Max: 0, Diff: 0, Sum: 0, Workers: 4
[905.395s][debug][gc,phases      ] GC(147)   StringDedup Table Weak         Min:  0.0, Avg:  0.0, Max:  0.0, Diff:  0.0, Sum:  0.0, Workers: 4
[905.395s][debug][gc,phases      ] GC(147)     Dead                           Min: 0, Avg:  0.0, Max: 0, Diff: 0, Sum: 0, Workers: 4
[905.395s][debug][gc,phases      ] GC(147)     Total                          Min: 0, Avg:  0.0, Max: 0, Diff: 0, Sum: 0, Workers: 4
[905.395s][debug][gc,phases      ] GC(147)   StringDedup Requests0 Weak     Min:  0.0, Avg:  0.0, Max:  0.0, Diff:  0.0, Sum:  0.0, Workers: 4
[905.395s][debug][gc,phases      ] GC(147)     Dead                           Min: 0, Avg:  0.0, Max: 0, Diff: 0, Sum: 0, Workers: 4
[905.395s][debug][gc,phases      ] GC(147)     Total                          Min: 0, Avg:  0.0, Max: 0, Diff: 0, Sum: 0, Workers: 4
[905.395s][debug][gc,phases      ] GC(147)   StringDedup Requests1 Weak     Min:  0.0, Avg:  0.0, Max:  0.0, Diff:  0.0, Sum:  0.0, Workers: 4
[905.395s][debug][gc,phases      ] GC(147)     Dead                           Min: 0, Avg:  0.0, Max: 0, Diff: 0, Sum: 0, Workers: 4
[905.395s][debug][gc,phases      ] GC(147)     Total                          Min: 0, Avg:  0.0, Max: 0, Diff: 0, Sum: 0, Workers: 4
[905.395s][debug][gc,phases      ] GC(147)   Weak JFR Old Object Samples    Min:  0.0, Avg:  0.0, Max:  0.0, Diff:  0.0, Sum:  0.0, Workers: 4
[905.395s][debug][gc,phases      ] GC(147)     Dead                           Min: 0, Avg:  0.0, Max: 0, Diff: 0, Sum: 0, Workers: 4
[905.395s][debug][gc,phases      ] GC(147)     Total                          Min: 0, Avg:  0.0, Max: 0, Diff: 0, Sum: 0, Workers: 4
[905.395s][debug][gc,phases      ] GC(147) Weak Processing 0.368ms
[905.395s][debug][gc,age         ] GC(147) Desired survivor size 219152384 bytes, new threshold 15 (max threshold 15)
[905.395s][info ][gc,heap        ] GC(147) PSYoungGen: 1786815K(1880064K)->136792K(1873920K) Eden: 1656832K(1656832K)->0K(1656832K) From: 129983K(223232K)->136792K(217088K)
[905.395s][info ][gc,heap        ] GC(147) ParOldGen: 444130K(540160K)->444178K(540160K)
[905.395s][info ][gc,metaspace   ] GC(147) Metaspace: 82526K(83328K)->82526K(83328K) NonClass: 70985K(71424K)->70985K(71424K) Class: 11540K(11904K)->11540K(11904K)
[905.395s][info ][gc             ] GC(147) Pause Young (Allocation Failure) 2178M->567M(2357M) 32.534ms
[905.395s][info ][gc,cpu         ] GC(147) User=0.12s Sys=0.00s Real=0.04s
[905.395s][info ][safepoint      ] Safepoint "ParallelGCFailedAllocation", Time since last: 343732524 ns, Reaching safepoint: 159510 ns, At safepoint: 32643730 ns, Total: 32803240 ns
[906.395s][info ][safepoint      ] Safepoint "Cleanup", Time since last: 1000093732 ns, Reaching safepoint: 68705 ns, At safepoint: 7900 ns, Total: 76605 ns
[907.396s][info ][safepoint      ] Safepoint "Cleanup", Time since last: 1000127135 ns, Reaching safepoint: 151809 ns, At safepoint: 18301 ns, Total: 170110 ns
[908.396s][info ][safepoint      ] Safepoint "Cleanup", Time since last: 1000111533 ns, Reaching safepoint: 63804 ns, At safepoint: 10901 ns, Total: 74705 ns
[909.048s][info ][gc,start       ] GC(148) Pause Young (Allocation Failure)
[909.083s][debug][gc,phases      ] GC(148) Scavenge 35.002ms
[909.083s][debug][gc,ref         ] GC(148) Skipped phase 1 of Reference Processing: no references
[909.083s][debug][gc,ref         ] GC(148) ReferenceProcessor::execute queues: 1, RefProcThreadModel::Single, marks_oops_alive: false
[909.083s][debug][gc,ref         ] GC(148) Skipped phase 3 of Reference Processing: no references
[909.083s][debug][gc,ref         ] GC(148) ReferenceProcessor::execute queues: 1, RefProcThreadModel::Single, marks_oops_alive: false
[909.083s][debug][gc,phases      ] GC(148) Reference Processing 0.140ms
[909.083s][debug][gc,phases      ] GC(148)   VM Weak                        Min:  0.0, Avg:  0.0, Max:  0.0, Diff:  0.0, Sum:  0.0, Workers: 4
[909.083s][debug][gc,phases      ] GC(148)     Dead                           Min: 0, Avg:  0.0, Max: 0, Diff: 0, Sum: 0, Workers: 4
[909.083s][debug][gc,phases      ] GC(148)     Total                          Min: 0, Avg: 165.2, Max: 576, Diff: 576, Sum: 661, Workers: 4
[909.083s][debug][gc,phases      ] GC(148)   ObjectSynchronizer Weak        Min:  0.0, Avg:  0.0, Max:  0.0, Diff:  0.0, Sum:  0.0, Workers: 4
[909.083s][debug][gc,phases      ] GC(148)     Dead                           Min: 0, Avg:  0.0, Max: 0, Diff: 0, Sum: 0, Workers: 4
[909.083s][debug][gc,phases      ] GC(148)     Total                          Min: 0, Avg: 103.0, Max: 220, Diff: 220, Sum: 412, Workers: 4
[909.083s][debug][gc,phases      ] GC(148)   JVMTI Tag Weak OopStorage      Min:  0.0, Avg:  0.0, Max:  0.0, Diff:  0.0, Sum:  0.0, Workers: 4
[909.083s][debug][gc,phases      ] GC(148)     Dead                           Min: 0, Avg:  0.0, Max: 0, Diff: 0, Sum: 0, Workers: 4
[909.083s][debug][gc,phases      ] GC(148)     Total                          Min: 0, Avg:  0.0, Max: 0, Diff: 0, Sum: 0, Workers: 4
[909.083s][debug][gc,phases      ] GC(148)   StringTable Weak               Min:  0.1, Avg:  0.1, Max:  0.1, Diff:  0.0, Sum:  0.5, Workers: 4
[909.083s][debug][gc,phases      ] GC(148)     Dead                           Min: 0, Avg:  0.0, Max: 0, Diff: 0, Sum: 0, Workers: 4
[909.083s][debug][gc,phases      ] GC(148)     Total                          Min: 11520, Avg: 11953.0, Max: 12804, Diff: 1284, Sum: 47812, Workers: 4
[909.083s][debug][gc,phases      ] GC(148)   ResolvedMethodTable Weak       Min:  0.0, Avg:  0.0, Max:  0.0, Diff:  0.0, Sum:  0.1, Workers: 4
[909.083s][debug][gc,phases      ] GC(148)     Dead                           Min: 0, Avg:  0.0, Max: 0, Diff: 0, Sum: 0, Workers: 4
[909.083s][debug][gc,phases      ] GC(148)     Total                          Min: 1972, Avg: 2051.0, Max: 2190, Diff: 218, Sum: 8204, Workers: 4
[909.083s][debug][gc,phases      ] GC(148)   JNI Weak                       Min:  0.0, Avg:  0.0, Max:  0.0, Diff:  0.0, Sum:  0.0, Workers: 4
[909.083s][debug][gc,phases      ] GC(148)     Dead                           Min: 0, Avg:  0.0, Max: 0, Diff: 0, Sum: 0, Workers: 4
[909.083s][debug][gc,phases      ] GC(148)     Total                          Min: 0, Avg:  0.0, Max: 0, Diff: 0, Sum: 0, Workers: 4
[909.083s][debug][gc,phases      ] GC(148)   StringDedup Table Weak         Min:  0.0, Avg:  0.0, Max:  0.0, Diff:  0.0, Sum:  0.0, Workers: 4
[909.083s][debug][gc,phases      ] GC(148)     Dead                           Min: 0, Avg:  0.0, Max: 0, Diff: 0, Sum: 0, Workers: 4
[909.083s][debug][gc,phases      ] GC(148)     Total                          Min: 0, Avg:  0.0, Max: 0, Diff: 0, Sum: 0, Workers: 4
[909.083s][debug][gc,phases      ] GC(148)   StringDedup Requests0 Weak     Min:  0.0, Avg:  0.0, Max:  0.0, Diff:  0.0, Sum:  0.0, Workers: 4
[909.083s][debug][gc,phases      ] GC(148)     Dead                           Min: 0, Avg:  0.0, Max: 0, Diff: 0, Sum: 0, Workers: 4
[909.083s][debug][gc,phases      ] GC(148)     Total                          Min: 0, Avg:  0.0, Max: 0, Diff: 0, Sum: 0, Workers: 4
[909.083s][debug][gc,phases      ] GC(148)   StringDedup Requests1 Weak     Min:  0.0, Avg:  0.0, Max:  0.0, Diff:  0.0, Sum:  0.0, Workers: 4
[909.083s][debug][gc,phases      ] GC(148)     Dead                           Min: 0, Avg:  0.0, Max: 0, Diff: 0, Sum: 0, Workers: 4
[909.084s][debug][gc,phases      ] GC(148)     Total                          Min: 0, Avg:  0.0, Max: 0, Diff: 0, Sum: 0, Workers: 4
[909.084s][debug][gc,phases      ] GC(148)   Weak JFR Old Object Samples    Min:  0.0, Avg:  0.0, Max:  0.0, Diff:  0.0, Sum:  0.0, Workers: 4
[909.084s][debug][gc,phases      ] GC(148)     Dead                           Min: 0, Avg:  0.0, Max: 0, Diff: 0, Sum: 0, Workers: 4
[909.084s][debug][gc,phases      ] GC(148)     Total                          Min: 0, Avg:  0.0, Max: 0, Diff: 0, Sum: 0, Workers: 4
[909.084s][debug][gc,phases      ] GC(148) Weak Processing 0.356ms
[909.084s][debug][gc,age         ] GC(148) Desired survivor size 209715200 bytes, new threshold 15 (max threshold 15)
[909.084s][info ][gc,heap        ] GC(148) PSYoungGen: 1793624K(1873920K)->120175K(1892352K) Eden: 1656832K(1656832K)->0K(1678336K) From: 136792K(217088K)->120175K(214016K)
[909.084s][info ][gc,heap        ] GC(148) ParOldGen: 444178K(540160K)->469227K(540160K)
[909.084s][info ][gc,metaspace   ] GC(148) Metaspace: 82551K(83328K)->82551K(83328K) NonClass: 71009K(71424K)->71009K(71424K) Class: 11541K(11904K)->11541K(11904K)
[909.084s][info ][gc             ] GC(148) Pause Young (Allocation Failure) 2185M->575M(2375M) 35.630ms
[909.084s][info ][gc,cpu         ] GC(148) User=0.14s Sys=0.00s Real=0.04s
[909.084s][info ][safepoint      ] Safepoint "ParallelGCFailedAllocation", Time since last: 651888944 ns, Reaching safepoint: 121007 ns, At safepoint: 35720312 ns, Total: 35841319 ns
[910.084s][info ][safepoint      ] Safepoint "Cleanup", Time since last: 1000098633 ns, Reaching safepoint: 71405 ns, At safepoint: 6300 ns, Total: 77705 ns
[911.084s][info ][safepoint      ] Safepoint "Cleanup", Time since last: 1000105633 ns, Reaching safepoint: 132508 ns, At safepoint: 11001 ns, Total: 143509 ns
[911.389s][info ][gc,start       ] GC(149) Pause Young (Allocation Failure)
[911.417s][debug][gc,phases      ] GC(149) Scavenge 27.813ms
[911.417s][debug][gc,ref         ] GC(149) Skipped phase 1 of Reference Processing: no references
[911.417s][debug][gc,ref         ] GC(149) ReferenceProcessor::execute queues: 1, RefProcThreadModel::Single, marks_oops_alive: false
[911.417s][debug][gc,ref         ] GC(149) Skipped phase 3 of Reference Processing: no references
[911.417s][debug][gc,ref         ] GC(149) ReferenceProcessor::execute queues: 1, RefProcThreadModel::Single, marks_oops_alive: false
[911.417s][debug][gc,phases      ] GC(149) Reference Processing 0.134ms
[911.417s][debug][gc,phases      ] GC(149)   VM Weak                        Min:  0.0, Avg:  0.0, Max:  0.0, Diff:  0.0, Sum:  0.0, Workers: 4
[911.417s][debug][gc,phases      ] GC(149)     Dead                           Min: 0, Avg:  0.0, Max: 0, Diff: 0, Sum: 0, Workers: 4
[911.417s][debug][gc,phases      ] GC(149)     Total                          Min: 0, Avg: 165.2, Max: 661, Diff: 661, Sum: 661, Workers: 4
[911.417s][debug][gc,phases      ] GC(149)   ObjectSynchronizer Weak        Min:  0.0, Avg:  0.0, Max:  0.0, Diff:  0.0, Sum:  0.0, Workers: 4
[911.417s][debug][gc,phases      ] GC(149)     Dead                           Min: 0, Avg:  0.0, Max: 0, Diff: 0, Sum: 0, Workers: 4
[911.417s][debug][gc,phases      ] GC(149)     Total                          Min: 0, Avg: 103.0, Max: 412, Diff: 412, Sum: 412, Workers: 4
[911.417s][debug][gc,phases      ] GC(149)   JVMTI Tag Weak OopStorage      Min:  0.0, Avg:  0.0, Max:  0.0, Diff:  0.0, Sum:  0.0, Workers: 4
[911.417s][debug][gc,phases      ] GC(149)     Dead                           Min: 0, Avg:  0.0, Max: 0, Diff: 0, Sum: 0, Workers: 4
[911.417s][debug][gc,phases      ] GC(149)     Total                          Min: 0, Avg:  0.0, Max: 0, Diff: 0, Sum: 0, Workers: 4
[911.417s][debug][gc,phases      ] GC(149)   StringTable Weak               Min:  0.1, Avg:  0.1, Max:  0.1, Diff:  0.0, Sum:  0.4, Workers: 4
[911.417s][debug][gc,phases      ] GC(149)     Dead                           Min: 0, Avg:  0.0, Max: 0, Diff: 0, Sum: 0, Workers: 4
[911.417s][debug][gc,phases      ] GC(149)     Total                          Min: 10624, Avg: 11954.5, Max: 13440, Diff: 2816, Sum: 47818, Workers: 4
[911.417s][debug][gc,phases      ] GC(149)   ResolvedMethodTable Weak       Min:  0.0, Avg:  0.0, Max:  0.0, Diff:  0.0, Sum:  0.1, Workers: 4
[911.417s][debug][gc,phases      ] GC(149)     Dead                           Min: 0, Avg:  0.0, Max: 0, Diff: 0, Sum: 0, Workers: 4
[911.417s][debug][gc,phases      ] GC(149)     Total                          Min: 1778, Avg: 2052.5, Max: 2237, Diff: 459, Sum: 8210, Workers: 4
[911.417s][debug][gc,phases      ] GC(149)   JNI Weak                       Min:  0.0, Avg:  0.0, Max:  0.0, Diff:  0.0, Sum:  0.0, Workers: 4
[911.417s][debug][gc,phases      ] GC(149)     Dead                           Min: 0, Avg:  0.0, Max: 0, Diff: 0, Sum: 0, Workers: 4
[911.417s][debug][gc,phases      ] GC(149)     Total                          Min: 0, Avg:  0.0, Max: 0, Diff: 0, Sum: 0, Workers: 4
[911.417s][debug][gc,phases      ] GC(149)   StringDedup Table Weak         Min:  0.0, Avg:  0.0, Max:  0.0, Diff:  0.0, Sum:  0.0, Workers: 4
[911.417s][debug][gc,phases      ] GC(149)     Dead                           Min: 0, Avg:  0.0, Max: 0, Diff: 0, Sum: 0, Workers: 4
[911.417s][debug][gc,phases      ] GC(149)     Total                          Min: 0, Avg:  0.0, Max: 0, Diff: 0, Sum: 0, Workers: 4
[911.417s][debug][gc,phases      ] GC(149)   StringDedup Requests0 Weak     Min:  0.0, Avg:  0.0, Max:  0.0, Diff:  0.0, Sum:  0.0, Workers: 4
[911.417s][debug][gc,phases      ] GC(149)     Dead                           Min: 0, Avg:  0.0, Max: 0, Diff: 0, Sum: 0, Workers: 4
[911.417s][debug][gc,phases      ] GC(149)     Total                          Min: 0, Avg:  0.0, Max: 0, Diff: 0, Sum: 0, Workers: 4
[911.417s][debug][gc,phases      ] GC(149)   StringDedup Requests1 Weak     Min:  0.0, Avg:  0.0, Max:  0.0, Diff:  0.0, Sum:  0.0, Workers: 4
[911.417s][debug][gc,phases      ] GC(149)     Dead                           Min: 0, Avg:  0.0, Max: 0, Diff: 0, Sum: 0, Workers: 4
[911.417s][debug][gc,phases      ] GC(149)     Total                          Min: 0, Avg:  0.0, Max: 0, Diff: 0, Sum: 0, Workers: 4
[911.417s][debug][gc,phases      ] GC(149)   Weak JFR Old Object Samples    Min:  0.0, Avg:  0.0, Max:  0.0, Diff:  0.0, Sum:  0.0, Workers: 4
[911.417s][debug][gc,phases      ] GC(149)     Dead                           Min: 0, Avg:  0.0, Max: 0, Diff: 0, Sum: 0, Workers: 4
[911.417s][debug][gc,phases      ] GC(149)     Total                          Min: 0, Avg:  0.0, Max: 0, Diff: 0, Sum: 0, Workers: 4
[911.417s][debug][gc,phases      ] GC(149) Weak Processing 0.330ms
[911.417s][debug][gc,age         ] GC(149) Desired survivor size 204472320 bytes, new threshold 15 (max threshold 15)
[911.417s][info ][gc,heap        ] GC(149) PSYoungGen: 1798511K(1892352K)->101743K(1883136K) Eden: 1678336K(1678336K)->0K(1678336K) From: 120175K(214016K)->101743K(204800K)
[911.417s][info ][gc,heap        ] GC(149) ParOldGen: 469227K(540160K)->495978K(540160K)
[911.417s][info ][gc,metaspace   ] GC(149) Metaspace: 82585K(83328K)->82585K(83328K) NonClass: 71038K(71424K)->71038K(71424K) Class: 11546K(11904K)->11546K(11904K)
[911.417s][info ][gc             ] GC(149) Pause Young (Allocation Failure) 2214M->583M(2366M) 28.413ms
[911.417s][info ][gc,cpu         ] GC(149) User=0.12s Sys=0.00s Real=0.03s
[911.417s][info ][safepoint      ] Safepoint "ParallelGCFailedAllocation", Time since last: 304602310 ns, Reaching safepoint: 155309 ns, At safepoint: 28513386 ns, Total: 28668695 ns
[912.417s][info ][safepoint      ] Safepoint "Cleanup", Time since last: 1000092933 ns, Reaching safepoint: 65704 ns, At safepoint: 10300 ns, Total: 76004 ns
[913.418s][info ][safepoint      ] Safepoint "Cleanup", Time since last: 1000092233 ns, Reaching safepoint: 149809 ns, At safepoint: 20001 ns, Total: 169810 ns
[914.418s][info ][safepoint      ] Safepoint "Cleanup", Time since last: 1000103533 ns, Reaching safepoint: 65904 ns, At safepoint: 9301 ns, Total: 75205 ns
[915.124s][info ][gc,start       ] GC(150) Pause Young (Allocation Failure)
[915.150s][debug][gc,phases      ] GC(150) Scavenge 25.536ms
[915.150s][debug][gc,ref         ] GC(150) Skipped phase 1 of Reference Processing: no references
[915.150s][debug][gc,ref         ] GC(150) ReferenceProcessor::execute queues: 1, RefProcThreadModel::Single, marks_oops_alive: false
[915.150s][debug][gc,ref         ] GC(150) Skipped phase 3 of Reference Processing: no references
[915.150s][debug][gc,ref         ] GC(150) ReferenceProcessor::execute queues: 1, RefProcThreadModel::Single, marks_oops_alive: false
[915.150s][debug][gc,phases      ] GC(150) Reference Processing 0.153ms
[915.150s][debug][gc,phases      ] GC(150)   VM Weak                        Min:  0.0, Avg:  0.0, Max:  0.0, Diff:  0.0, Sum:  0.0, Workers: 4
[915.150s][debug][gc,phases      ] GC(150)     Dead                           Min: 0, Avg:  0.0, Max: 0, Diff: 0, Sum: 0, Workers: 4
[915.150s][debug][gc,phases      ] GC(150)     Total                          Min: 0, Avg: 165.2, Max: 661, Diff: 661, Sum: 661, Workers: 4
[915.150s][debug][gc,phases      ] GC(150)   ObjectSynchronizer Weak        Min:  0.0, Avg:  0.0, Max:  0.0, Diff:  0.0, Sum:  0.0, Workers: 4
[915.150s][debug][gc,phases      ] GC(150)     Dead                           Min: 0, Avg:  0.0, Max: 0, Diff: 0, Sum: 0, Workers: 4
[915.150s][debug][gc,phases      ] GC(150)     Total                          Min: 0, Avg: 103.0, Max: 412, Diff: 412, Sum: 412, Workers: 4
[915.150s][debug][gc,phases      ] GC(150)   JVMTI Tag Weak OopStorage      Min:  0.0, Avg:  0.0, Max:  0.0, Diff:  0.0, Sum:  0.0, Workers: 4
[915.150s][debug][gc,phases      ] GC(150)     Dead                           Min: 0, Avg:  0.0, Max: 0, Diff: 0, Sum: 0, Workers: 4
[915.150s][debug][gc,phases      ] GC(150)     Total                          Min: 0, Avg:  0.0, Max: 0, Diff: 0, Sum: 0, Workers: 4
[915.150s][debug][gc,phases      ] GC(150)   StringTable Weak               Min:  0.1, Avg:  0.1, Max:  0.1, Diff:  0.0, Sum:  0.4, Workers: 4
[915.150s][debug][gc,phases      ] GC(150)     Dead                           Min: 0, Avg:  0.0, Max: 0, Diff: 0, Sum: 0, Workers: 4
[915.150s][debug][gc,phases      ] GC(150)     Total                          Min: 10816, Avg: 11954.8, Max: 14144, Diff: 3328, Sum: 47819, Workers: 4
[915.150s][debug][gc,phases      ] GC(150)   ResolvedMethodTable Weak       Min:  0.0, Avg:  0.0, Max:  0.0, Diff:  0.0, Sum:  0.1, Workers: 4
[915.150s][debug][gc,phases      ] GC(150)     Dead                           Min: 0, Avg:  0.0, Max: 0, Diff: 0, Sum: 0, Workers: 4
[915.150s][debug][gc,phases      ] GC(150)     Total                          Min: 1905, Avg: 2052.5, Max: 2322, Diff: 417, Sum: 8210, Workers: 4
[915.150s][debug][gc,phases      ] GC(150)   JNI Weak                       Min:  0.0, Avg:  0.0, Max:  0.0, Diff:  0.0, Sum:  0.0, Workers: 4
[915.150s][debug][gc,phases      ] GC(150)     Dead                           Min: 0, Avg:  0.0, Max: 0, Diff: 0, Sum: 0, Workers: 4
[915.150s][debug][gc,phases      ] GC(150)     Total                          Min: 0, Avg:  0.0, Max: 0, Diff: 0, Sum: 0, Workers: 4
[915.151s][debug][gc,phases      ] GC(150)   StringDedup Table Weak         Min:  0.0, Avg:  0.0, Max:  0.0, Diff:  0.0, Sum:  0.0, Workers: 4
[915.151s][debug][gc,phases      ] GC(150)     Dead                           Min: 0, Avg:  0.0, Max: 0, Diff: 0, Sum: 0, Workers: 4
[915.151s][debug][gc,phases      ] GC(150)     Total                          Min: 0, Avg:  0.0, Max: 0, Diff: 0, Sum: 0, Workers: 4
[915.151s][debug][gc,phases      ] GC(150)   StringDedup Requests0 Weak     Min:  0.0, Avg:  0.0, Max:  0.0, Diff:  0.0, Sum:  0.0, Workers: 4
[915.151s][debug][gc,phases      ] GC(150)     Dead                           Min: 0, Avg:  0.0, Max: 0, Diff: 0, Sum: 0, Workers: 4
[915.151s][debug][gc,phases      ] GC(150)     Total                          Min: 0, Avg:  0.0, Max: 0, Diff: 0, Sum: 0, Workers: 4
[915.151s][debug][gc,phases      ] GC(150)   StringDedup Requests1 Weak     Min:  0.0, Avg:  0.0, Max:  0.0, Diff:  0.0, Sum:  0.0, Workers: 4
[915.151s][debug][gc,phases      ] GC(150)     Dead                           Min: 0, Avg:  0.0, Max: 0, Diff: 0, Sum: 0, Workers: 4
[915.151s][debug][gc,phases      ] GC(150)     Total                          Min: 0, Avg:  0.0, Max: 0, Diff: 0, Sum: 0, Workers: 4
[915.151s][debug][gc,phases      ] GC(150)   Weak JFR Old Object Samples    Min:  0.0, Avg:  0.0, Max:  0.0, Diff:  0.0, Sum:  0.0, Workers: 4
[915.151s][debug][gc,phases      ] GC(150)     Dead                           Min: 0, Avg:  0.0, Max: 0, Diff: 0, Sum: 0, Workers: 4
[915.151s][debug][gc,phases      ] GC(150)     Total                          Min: 0, Avg:  0.0, Max: 0, Diff: 0, Sum: 0, Workers: 4
[915.151s][debug][gc,phases      ] GC(150) Weak Processing 0.336ms
[915.151s][debug][gc,age         ] GC(150) Desired survivor size 199229440 bytes, new threshold 15 (max threshold 15)
[915.151s][info ][gc,heap        ] GC(150) PSYoungGen: 1780079K(1883136K)->101125K(1902592K) Eden: 1678336K(1678336K)->0K(1702912K) From: 101743K(204800K)->101125K(199680K)
[915.151s][info ][gc,heap        ] GC(150) ParOldGen: 495978K(540160K)->504761K(540160K)
[915.151s][info ][gc,metaspace   ] GC(150) Metaspace: 82591K(83392K)->82591K(83392K) NonClass: 71044K(71488K)->71044K(71488K) Class: 11546K(11904K)->11546K(11904K)
[915.151s][info ][gc             ] GC(150) Pause Young (Allocation Failure) 2222M->591M(2385M) 26.165ms
[915.151s][info ][gc,cpu         ] GC(150) User=0.11s Sys=0.00s Real=0.02s
[915.151s][debug][gc,phases      ] GC(151) Pre Compact 0.014ms
[915.151s][info ][gc,start       ] GC(151) Pause Full (Ergonomics)
[915.151s][info ][gc,phases,start] GC(151) Marking Phase
[915.289s][debug][gc,phases      ] GC(151) Par Mark 137.852ms
[915.289s][debug][gc,ref         ] GC(151) Skipped phase 1 of Reference Processing: no references
[915.289s][debug][gc,ref         ] GC(151) ReferenceProcessor::execute queues: 4, RefProcThreadModel::Multi, marks_oops_alive: false
[915.289s][debug][gc,ref         ] GC(151) Skipped phase 3 of Reference Processing: no references
[915.289s][debug][gc,ref         ] GC(151) ReferenceProcessor::execute queues: 1, RefProcThreadModel::Single, marks_oops_alive: false
[915.289s][debug][gc,phases      ] GC(151) Reference Processing 0.508ms
[915.289s][debug][gc,phases      ] GC(151)   VM Weak                        Min:  0.0, Avg:  0.0, Max:  0.0, Diff:  0.0, Sum:  0.0, Workers: 4
[915.289s][debug][gc,phases      ] GC(151)     Dead                           Min: 0, Avg:  0.0, Max: 0, Diff: 0, Sum: 0, Workers: 4
[915.289s][debug][gc,phases      ] GC(151)     Total                          Min: 0, Avg: 165.2, Max: 341, Diff: 341, Sum: 661, Workers: 4
[915.289s][debug][gc,phases      ] GC(151)   ObjectSynchronizer Weak        Min:  0.0, Avg:  0.0, Max:  0.0, Diff:  0.0, Sum:  0.0, Workers: 4
[915.289s][debug][gc,phases      ] GC(151)     Dead                           Min: 0, Avg:  0.0, Max: 0, Diff: 0, Sum: 0, Workers: 4
[915.289s][debug][gc,phases      ] GC(151)     Total                          Min: 0, Avg: 103.0, Max: 192, Diff: 192, Sum: 412, Workers: 4
[915.289s][debug][gc,phases      ] GC(151)   JVMTI Tag Weak OopStorage      Min:  0.0, Avg:  0.0, Max:  0.0, Diff:  0.0, Sum:  0.0, Workers: 4
[915.289s][debug][gc,phases      ] GC(151)     Dead                           Min: 0, Avg:  0.0, Max: 0, Diff: 0, Sum: 0, Workers: 4
[915.289s][debug][gc,phases      ] GC(151)     Total                          Min: 0, Avg:  0.0, Max: 0, Diff: 0, Sum: 0, Workers: 4
[915.289s][debug][gc,phases      ] GC(151)   StringTable Weak               Min:  0.2, Avg:  0.2, Max:  0.2, Diff:  0.0, Sum:  0.6, Workers: 4
[915.289s][debug][gc,phases      ] GC(151)     Dead                           Min: 0, Avg:  0.0, Max: 0, Diff: 0, Sum: 0, Workers: 4
[915.289s][debug][gc,phases      ] GC(151)     Total                          Min: 10379, Avg: 11954.8, Max: 12992, Diff: 2613, Sum: 47819, Workers: 4
[915.289s][debug][gc,phases      ] GC(151)   ResolvedMethodTable Weak       Min:  0.0, Avg:  0.0, Max:  0.0, Diff:  0.0, Sum:  0.1, Workers: 4
[915.289s][debug][gc,phases      ] GC(151)     Dead                           Min: 0, Avg:  0.0, Max: 0, Diff: 0, Sum: 0, Workers: 4
[915.289s][debug][gc,phases      ] GC(151)     Total                          Min: 1779, Avg: 2052.5, Max: 2237, Diff: 458, Sum: 8210, Workers: 4
[915.289s][debug][gc,phases      ] GC(151)   JNI Weak                       Min:  0.0, Avg:  0.0, Max:  0.0, Diff:  0.0, Sum:  0.0, Workers: 4
[915.289s][debug][gc,phases      ] GC(151)     Dead                           Min: 0, Avg:  0.0, Max: 0, Diff: 0, Sum: 0, Workers: 4
[915.289s][debug][gc,phases      ] GC(151)     Total                          Min: 0, Avg:  0.0, Max: 0, Diff: 0, Sum: 0, Workers: 4
[915.290s][debug][gc,phases      ] GC(151)   StringDedup Table Weak         Min:  0.0, Avg:  0.0, Max:  0.0, Diff:  0.0, Sum:  0.0, Workers: 4
[915.290s][debug][gc,phases      ] GC(151)     Dead                           Min: 0, Avg:  0.0, Max: 0, Diff: 0, Sum: 0, Workers: 4
[915.290s][debug][gc,phases      ] GC(151)     Total                          Min: 0, Avg:  0.0, Max: 0, Diff: 0, Sum: 0, Workers: 4
[915.290s][debug][gc,phases      ] GC(151)   StringDedup Requests0 Weak     Min:  0.0, Avg:  0.0, Max:  0.0, Diff:  0.0, Sum:  0.0, Workers: 4
[915.290s][debug][gc,phases      ] GC(151)     Dead                           Min: 0, Avg:  0.0, Max: 0, Diff: 0, Sum: 0, Workers: 4
[915.290s][debug][gc,phases      ] GC(151)     Total                          Min: 0, Avg:  0.0, Max: 0, Diff: 0, Sum: 0, Workers: 4
[915.290s][debug][gc,phases      ] GC(151)   StringDedup Requests1 Weak     Min:  0.0, Avg:  0.0, Max:  0.0, Diff:  0.0, Sum:  0.0, Workers: 4
[915.290s][debug][gc,phases      ] GC(151)     Dead                           Min: 0, Avg:  0.0, Max: 0, Diff: 0, Sum: 0, Workers: 4
[915.290s][debug][gc,phases      ] GC(151)     Total                          Min: 0, Avg:  0.0, Max: 0, Diff: 0, Sum: 0, Workers: 4
[915.290s][debug][gc,phases      ] GC(151)   Weak JFR Old Object Samples    Min:  0.0, Avg:  0.0, Max:  0.0, Diff:  0.0, Sum:  0.0, Workers: 4
[915.290s][debug][gc,phases      ] GC(151)     Dead                           Min: 0, Avg:  0.0, Max: 0, Diff: 0, Sum: 0, Workers: 4
[915.290s][debug][gc,phases      ] GC(151)     Total                          Min: 0, Avg:  0.0, Max: 0, Diff: 0, Sum: 0, Workers: 4
[915.290s][debug][gc,phases      ] GC(151) Weak Processing 0.397ms
[915.290s][debug][gc,phases      ] GC(151) ClassLoaderData 0.090ms
[915.290s][debug][gc,phases      ] GC(151) Trigger cleanups 0.000ms
[915.308s][debug][gc,phases      ] GC(151) Class Unloading 18.219ms
[915.308s][info ][gc,phases      ] GC(151) Marking Phase 157.162ms
[915.308s][info ][gc,phases,start] GC(151) Summary Phase
[915.308s][info ][gc,phases      ] GC(151) Summary Phase 0.013ms
[915.308s][info ][gc,phases,start] GC(151) Adjust Roots
[915.325s][info ][gc,phases      ] GC(151) Adjust Roots 17.420ms
[915.325s][info ][gc,phases,start] GC(151) Compaction Phase
[915.636s][info ][gc,phases      ] GC(151) Compaction Phase 310.267ms
[915.636s][info ][gc,phases,start] GC(151) Post Compact
[915.637s][info ][gc,phases      ] GC(151) Post Compact 1.736ms
[915.638s][info ][gc,heap        ] GC(151) PSYoungGen: 101125K(1902592K)->221K(1902592K) Eden: 0K(1702912K)->0K(1702912K) From: 101125K(199680K)->221K(199680K)
[915.638s][info ][gc,heap        ] GC(151) ParOldGen: 504761K(540160K)->540012K(712192K)
[915.638s][info ][gc,metaspace   ] GC(151) Metaspace: 82591K(83392K)->82591K(83392K) NonClass: 71044K(71488K)->71044K(71488K) Class: 11546K(11904K)->11546K(11904K)
[915.638s][info ][gc             ] GC(151) Pause Full (Ergonomics) 591M->527M(2553M) 487.022ms
[915.638s][info ][gc,cpu         ] GC(151) User=1.81s Sys=0.00s Real=0.49s
[915.638s][info ][safepoint      ] Safepoint "ParallelGCFailedAllocation", Time since last: 706343064 ns, Reaching safepoint: 123607 ns, At safepoint: 513353553 ns, Total: 513477160 ns
[916.638s][info ][safepoint      ] Safepoint "Cleanup", Time since last: 1000085732 ns, Reaching safepoint: 62604 ns, At safepoint: 16301 ns, Total: 78905 ns
[917.603s][info ][gc,start       ] GC(152) Pause Young (Allocation Failure)
[917.649s][debug][gc,phases      ] GC(152) Scavenge 45.262ms
[917.649s][debug][gc,ref         ] GC(152) Skipped phase 1 of Reference Processing: no references
[917.649s][debug][gc,ref         ] GC(152) ReferenceProcessor::execute queues: 1, RefProcThreadModel::Single, marks_oops_alive: false
[917.649s][debug][gc,ref         ] GC(152) Skipped phase 3 of Reference Processing: no references
[917.649s][debug][gc,ref         ] GC(152) ReferenceProcessor::execute queues: 1, RefProcThreadModel::Single, marks_oops_alive: false
[917.649s][debug][gc,phases      ] GC(152) Reference Processing 0.115ms
[917.649s][debug][gc,phases      ] GC(152)   VM Weak                        Min:  0.0, Avg:  0.0, Max:  0.0, Diff:  0.0, Sum:  0.0, Workers: 4
[917.649s][debug][gc,phases      ] GC(152)     Dead                           Min: 0, Avg:  0.0, Max: 0, Diff: 0, Sum: 0, Workers: 4
[917.649s][debug][gc,phases      ] GC(152)     Total                          Min: 0, Avg: 165.2, Max: 640, Diff: 640, Sum: 661, Workers: 4
[917.649s][debug][gc,phases      ] GC(152)   ObjectSynchronizer Weak        Min:  0.0, Avg:  0.0, Max:  0.0, Diff:  0.0, Sum:  0.0, Workers: 4
[917.649s][debug][gc,phases      ] GC(152)     Dead                           Min: 0, Avg:  0.0, Max: 0, Diff: 0, Sum: 0, Workers: 4
[917.649s][debug][gc,phases      ] GC(152)     Total                          Min: 0, Avg: 103.2, Max: 221, Diff: 221, Sum: 413, Workers: 4
[917.649s][debug][gc,phases      ] GC(152)   JVMTI Tag Weak OopStorage      Min:  0.0, Avg:  0.0, Max:  0.0, Diff:  0.0, Sum:  0.0, Workers: 4
[917.649s][debug][gc,phases      ] GC(152)     Dead                           Min: 0, Avg:  0.0, Max: 0, Diff: 0, Sum: 0, Workers: 4
[917.649s][debug][gc,phases      ] GC(152)     Total                          Min: 0, Avg:  0.0, Max: 0, Diff: 0, Sum: 0, Workers: 4
[917.649s][debug][gc,phases      ] GC(152)   StringTable Weak               Min:  0.1, Avg:  0.1, Max:  0.1, Diff:  0.0, Sum:  0.4, Workers: 4
[917.649s][debug][gc,phases      ] GC(152)     Dead                           Min: 0, Avg:  0.0, Max: 0, Diff: 0, Sum: 0, Workers: 4
[917.649s][debug][gc,phases      ] GC(152)     Total                          Min: 10368, Avg: 11956.5, Max: 12608, Diff: 2240, Sum: 47826, Workers: 4
[917.649s][debug][gc,phases      ] GC(152)   ResolvedMethodTable Weak       Min:  0.0, Avg:  0.0, Max:  0.0, Diff:  0.0, Sum:  0.1, Workers: 4
[917.649s][debug][gc,phases      ] GC(152)     Dead                           Min: 0, Avg:  0.0, Max: 0, Diff: 0, Sum: 0, Workers: 4
[917.649s][debug][gc,phases      ] GC(152)     Total                          Min: 1714, Avg: 2052.5, Max: 2489, Diff: 775, Sum: 8210, Workers: 4
[917.649s][debug][gc,phases      ] GC(152)   JNI Weak                       Min:  0.0, Avg:  0.0, Max:  0.0, Diff:  0.0, Sum:  0.0, Workers: 4
[917.649s][debug][gc,phases      ] GC(152)     Dead                           Min: 0, Avg:  0.0, Max: 0, Diff: 0, Sum: 0, Workers: 4
[917.649s][debug][gc,phases      ] GC(152)     Total                          Min: 0, Avg:  0.0, Max: 0, Diff: 0, Sum: 0, Workers: 4
[917.649s][debug][gc,phases      ] GC(152)   StringDedup Table Weak         Min:  0.0, Avg:  0.0, Max:  0.0, Diff:  0.0, Sum:  0.0, Workers: 4
[917.649s][debug][gc,phases      ] GC(152)     Dead                           Min: 0, Avg:  0.0, Max: 0, Diff: 0, Sum: 0, Workers: 4
[917.649s][debug][gc,phases      ] GC(152)     Total                          Min: 0, Avg:  0.0, Max: 0, Diff: 0, Sum: 0, Workers: 4
[917.649s][debug][gc,phases      ] GC(152)   StringDedup Requests0 Weak     Min:  0.0, Avg:  0.0, Max:  0.0, Diff:  0.0, Sum:  0.0, Workers: 4
[917.649s][debug][gc,phases      ] GC(152)     Dead                           Min: 0, Avg:  0.0, Max: 0, Diff: 0, Sum: 0, Workers: 4
[917.649s][debug][gc,phases      ] GC(152)     Total                          Min: 0, Avg:  0.0, Max: 0, Diff: 0, Sum: 0, Workers: 4
[917.649s][debug][gc,phases      ] GC(152)   StringDedup Requests1 Weak     Min:  0.0, Avg:  0.0, Max:  0.0, Diff:  0.0, Sum:  0.0, Workers: 4
[917.649s][debug][gc,phases      ] GC(152)     Dead                           Min: 0, Avg:  0.0, Max: 0, Diff: 0, Sum: 0, Workers: 4
[917.649s][debug][gc,phases      ] GC(152)     Total                          Min: 0, Avg:  0.0, Max: 0, Diff: 0, Sum: 0, Workers: 4
[917.649s][debug][gc,phases      ] GC(152)   Weak JFR Old Object Samples    Min:  0.0, Avg:  0.0, Max:  0.0, Diff:  0.0, Sum:  0.0, Workers: 4
[917.649s][debug][gc,phases      ] GC(152)     Dead                           Min: 0, Avg:  0.0, Max: 0, Diff: 0, Sum: 0, Workers: 4
[917.649s][debug][gc,phases      ] GC(152)     Total                          Min: 0, Avg:  0.0, Max: 0, Diff: 0, Sum: 0, Workers: 4
[917.649s][debug][gc,phases      ] GC(152) Weak Processing 0.337ms
[917.649s][debug][gc,age         ] GC(152) Desired survivor size 208666624 bytes, new threshold 15 (max threshold 15)
[917.649s][info ][gc,heap        ] GC(152) PSYoungGen: 1703133K(1902592K)->19492K(1722880K) Eden: 1702912K(1702912K)->0K(1702912K) From: 221K(199680K)->19492K(19968K)
[917.649s][info ][gc,heap        ] GC(152) ParOldGen: 540012K(712192K)->540012K(712192K)
[917.649s][info ][gc,metaspace   ] GC(152) Metaspace: 82611K(83392K)->82611K(83392K) NonClass: 71065K(71488K)->71065K(71488K) Class: 11546K(11904K)->11546K(11904K)
[917.649s][info ][gc             ] GC(152) Pause Young (Allocation Failure) 2190M->546M(2378M) 45.855ms
[917.649s][info ][gc,cpu         ] GC(152) User=0.18s Sys=0.00s Real=0.04s
[917.649s][info ][safepoint      ] Safepoint "ParallelGCFailedAllocation", Time since last: 965192369 ns, Reaching safepoint: 120907 ns, At safepoint: 45970018 ns, Total: 46090925 ns
[918.649s][info ][safepoint      ] Safepoint "Cleanup", Time since last: 1000097633 ns, Reaching safepoint: 74105 ns, At safepoint: 8500 ns, Total: 82605 ns
[919.650s][info ][safepoint      ] Safepoint "Cleanup", Time since last: 1000105734 ns, Reaching safepoint: 63703 ns, At safepoint: 6401 ns, Total: 70104 ns
[920.650s][info ][safepoint      ] Safepoint "Cleanup", Time since last: 1000092232 ns, Reaching safepoint: 53504 ns, At safepoint: 3700 ns, Total: 57204 ns
[921.181s][info ][gc,start       ] GC(153) Pause Young (Allocation Failure)
[921.190s][debug][gc,phases      ] GC(153) Scavenge 9.798ms
[921.190s][debug][gc,ref         ] GC(153) Skipped phase 1 of Reference Processing: no references
[921.190s][debug][gc,ref         ] GC(153) ReferenceProcessor::execute queues: 1, RefProcThreadModel::Single, marks_oops_alive: false
[921.190s][debug][gc,ref         ] GC(153) Skipped phase 3 of Reference Processing: no references
[921.190s][debug][gc,ref         ] GC(153) ReferenceProcessor::execute queues: 1, RefProcThreadModel::Single, marks_oops_alive: false
[921.191s][debug][gc,phases      ] GC(153) Reference Processing 0.122ms
[921.191s][debug][gc,phases      ] GC(153)   VM Weak                        Min:  0.0, Avg:  0.0, Max:  0.0, Diff:  0.0, Sum:  0.0, Workers: 4
[921.191s][debug][gc,phases      ] GC(153)     Dead                           Min: 0, Avg:  0.0, Max: 0, Diff: 0, Sum: 0, Workers: 4
[921.191s][debug][gc,phases      ] GC(153)     Total                          Min: 0, Avg: 165.2, Max: 661, Diff: 661, Sum: 661, Workers: 4
[921.191s][debug][gc,phases      ] GC(153)   ObjectSynchronizer Weak        Min:  0.0, Avg:  0.0, Max:  0.0, Diff:  0.0, Sum:  0.0, Workers: 4
[921.191s][debug][gc,phases      ] GC(153)     Dead                           Min: 0, Avg:  0.0, Max: 0, Diff: 0, Sum: 0, Workers: 4
[921.191s][debug][gc,phases      ] GC(153)     Total                          Min: 0, Avg: 103.2, Max: 349, Diff: 349, Sum: 413, Workers: 4
[921.191s][debug][gc,phases      ] GC(153)   JVMTI Tag Weak OopStorage      Min:  0.0, Avg:  0.0, Max:  0.0, Diff:  0.0, Sum:  0.0, Workers: 4
[921.191s][debug][gc,phases      ] GC(153)     Dead                           Min: 0, Avg:  0.0, Max: 0, Diff: 0, Sum: 0, Workers: 4
[921.191s][debug][gc,phases      ] GC(153)     Total                          Min: 0, Avg:  0.0, Max: 0, Diff: 0, Sum: 0, Workers: 4
[921.191s][debug][gc,phases      ] GC(153)   StringTable Weak               Min:  0.1, Avg:  0.1, Max:  0.1, Diff:  0.0, Sum:  0.4, Workers: 4
[921.191s][debug][gc,phases      ] GC(153)     Dead                           Min: 0, Avg:  0.0, Max: 0, Diff: 0, Sum: 0, Workers: 4
[921.191s][debug][gc,phases      ] GC(153)     Total                          Min: 11584, Avg: 11962.8, Max: 12672, Diff: 1088, Sum: 47851, Workers: 4
[921.191s][debug][gc,phases      ] GC(153)   ResolvedMethodTable Weak       Min:  0.0, Avg:  0.0, Max:  0.0, Diff:  0.0, Sum:  0.1, Workers: 4
[921.191s][debug][gc,phases      ] GC(153)     Dead                           Min: 0, Avg:  0.0, Max: 0, Diff: 0, Sum: 0, Workers: 4
[921.191s][debug][gc,phases      ] GC(153)     Total                          Min: 1402, Avg: 2053.5, Max: 2356, Diff: 954, Sum: 8214, Workers: 4
[921.191s][debug][gc,phases      ] GC(153)   JNI Weak                       Min:  0.0, Avg:  0.0, Max:  0.0, Diff:  0.0, Sum:  0.0, Workers: 4
[921.191s][debug][gc,phases      ] GC(153)     Dead                           Min: 0, Avg:  0.0, Max: 0, Diff: 0, Sum: 0, Workers: 4
[921.191s][debug][gc,phases      ] GC(153)     Total                          Min: 0, Avg:  0.0, Max: 0, Diff: 0, Sum: 0, Workers: 4
[921.191s][debug][gc,phases      ] GC(153)   StringDedup Table Weak         Min:  0.0, Avg:  0.0, Max:  0.0, Diff:  0.0, Sum:  0.0, Workers: 4
[921.191s][debug][gc,phases      ] GC(153)     Dead                           Min: 0, Avg:  0.0, Max: 0, Diff: 0, Sum: 0, Workers: 4
[921.191s][debug][gc,phases      ] GC(153)     Total                          Min: 0, Avg:  0.0, Max: 0, Diff: 0, Sum: 0, Workers: 4
[921.191s][debug][gc,phases      ] GC(153)   StringDedup Requests0 Weak     Min:  0.0, Avg:  0.0, Max:  0.0, Diff:  0.0, Sum:  0.0, Workers: 4
[921.191s][debug][gc,phases      ] GC(153)     Dead                           Min: 0, Avg:  0.0, Max: 0, Diff: 0, Sum: 0, Workers: 4
[921.191s][debug][gc,phases      ] GC(153)     Total                          Min: 0, Avg:  0.0, Max: 0, Diff: 0, Sum: 0, Workers: 4
[921.191s][debug][gc,phases      ] GC(153)   StringDedup Requests1 Weak     Min:  0.0, Avg:  0.0, Max:  0.0, Diff:  0.0, Sum:  0.0, Workers: 4
[921.191s][debug][gc,phases      ] GC(153)     Dead                           Min: 0, Avg:  0.0, Max: 0, Diff: 0, Sum: 0, Workers: 4
[921.191s][debug][gc,phases      ] GC(153)     Total                          Min: 0, Avg:  0.0, Max: 0, Diff: 0, Sum: 0, Workers: 4
[921.191s][debug][gc,phases      ] GC(153)   Weak JFR Old Object Samples    Min:  0.0, Avg:  0.0, Max:  0.0, Diff:  0.0, Sum:  0.0, Workers: 4
[921.191s][debug][gc,phases      ] GC(153)     Dead                           Min: 0, Avg:  0.0, Max: 0, Diff: 0, Sum: 0, Workers: 4
[921.191s][debug][gc,phases      ] GC(153)     Total                          Min: 0, Avg:  0.0, Max: 0, Diff: 0, Sum: 0, Workers: 4
[921.191s][debug][gc,phases      ] GC(153) Weak Processing 0.339ms
[921.191s][debug][gc,age         ] GC(153) Desired survivor size 212336640 bytes, new threshold 15 (max threshold 15)
[921.191s][info ][gc,heap        ] GC(153) PSYoungGen: 1722404K(1722880K)->29152K(1886208K) Eden: 1702912K(1702912K)->0K(1682432K) From: 19492K(19968K)->29152K(203776K)
[921.191s][info ][gc,heap        ] GC(153) ParOldGen: 540012K(712192K)->540012K(712192K)
[921.191s][info ][gc,metaspace   ] GC(153) Metaspace: 82651K(83392K)->82651K(83392K) NonClass: 71102K(71488K)->71102K(71488K) Class: 11549K(11904K)->11549K(11904K)
[921.191s][info ][gc             ] GC(153) Pause Young (Allocation Failure) 2209M->555M(2537M) 10.395ms
[921.191s][info ][gc,cpu         ] GC(153) User=0.04s Sys=0.00s Real=0.01s
[921.191s][info ][safepoint      ] Safepoint "ParallelGCFailedAllocation", Time since last: 530621674 ns, Reaching safepoint: 131008 ns, At safepoint: 10503521 ns, Total: 10634529 ns
[922.191s][info ][safepoint      ] Safepoint "Cleanup", Time since last: 1000088932 ns, Reaching safepoint: 55703 ns, At safepoint: 11701 ns, Total: 67404 ns
[923.191s][info ][safepoint      ] Safepoint "Cleanup", Time since last: 1000114734 ns, Reaching safepoint: 139408 ns, At safepoint: 16301 ns, Total: 155709 ns
[923.669s][info ][gc,start       ] GC(154) Pause Young (Allocation Failure)
[923.679s][debug][gc,phases      ] GC(154) Scavenge 10.197ms
[923.679s][debug][gc,ref         ] GC(154) Skipped phase 1 of Reference Processing: no references
[923.679s][debug][gc,ref         ] GC(154) ReferenceProcessor::execute queues: 1, RefProcThreadModel::Single, marks_oops_alive: false
[923.679s][debug][gc,ref         ] GC(154) Skipped phase 3 of Reference Processing: no references
[923.679s][debug][gc,ref         ] GC(154) ReferenceProcessor::execute queues: 1, RefProcThreadModel::Single, marks_oops_alive: false
[923.679s][debug][gc,phases      ] GC(154) Reference Processing 0.187ms
[923.679s][debug][gc,phases      ] GC(154)   VM Weak                        Min:  0.0, Avg:  0.0, Max:  0.0, Diff:  0.0, Sum:  0.0, Workers: 4
[923.679s][debug][gc,phases      ] GC(154)     Dead                           Min: 0, Avg:  0.0, Max: 0, Diff: 0, Sum: 0, Workers: 4
[923.679s][debug][gc,phases      ] GC(154)     Total                          Min: 0, Avg: 165.2, Max: 576, Diff: 576, Sum: 661, Workers: 4
[923.679s][debug][gc,phases      ] GC(154)   ObjectSynchronizer Weak        Min:  0.0, Avg:  0.0, Max:  0.0, Diff:  0.0, Sum:  0.0, Workers: 4
[923.679s][debug][gc,phases      ] GC(154)     Dead                           Min: 0, Avg:  0.0, Max: 0, Diff: 0, Sum: 0, Workers: 4
[923.679s][debug][gc,phases      ] GC(154)     Total                          Min: 0, Avg: 103.2, Max: 221, Diff: 221, Sum: 413, Workers: 4
[923.679s][debug][gc,phases      ] GC(154)   JVMTI Tag Weak OopStorage      Min:  0.0, Avg:  0.0, Max:  0.0, Diff:  0.0, Sum:  0.0, Workers: 4
[923.679s][debug][gc,phases      ] GC(154)     Dead                           Min: 0, Avg:  0.0, Max: 0, Diff: 0, Sum: 0, Workers: 4
[923.679s][debug][gc,phases      ] GC(154)     Total                          Min: 0, Avg:  0.0, Max: 0, Diff: 0, Sum: 0, Workers: 4
[923.679s][debug][gc,phases      ] GC(154)   StringTable Weak               Min:  0.1, Avg:  0.1, Max:  0.1, Diff:  0.0, Sum:  0.4, Workers: 4
[923.679s][debug][gc,phases      ] GC(154)     Dead                           Min: 0, Avg:  0.0, Max: 0, Diff: 0, Sum: 0, Workers: 4
[923.679s][debug][gc,phases      ] GC(154)     Total                          Min: 10944, Avg: 11963.0, Max: 13568, Diff: 2624, Sum: 47852, Workers: 4
[923.679s][debug][gc,phases      ] GC(154)   ResolvedMethodTable Weak       Min:  0.0, Avg:  0.0, Max:  0.0, Diff:  0.0, Sum:  0.1, Workers: 4
[923.679s][debug][gc,phases      ] GC(154)     Dead                           Min: 0, Avg:  0.0, Max: 0, Diff: 0, Sum: 0, Workers: 4
[923.679s][debug][gc,phases      ] GC(154)     Total                          Min: 1971, Avg: 2053.5, Max: 2193, Diff: 222, Sum: 8214, Workers: 4
[923.679s][debug][gc,phases      ] GC(154)   JNI Weak                       Min:  0.0, Avg:  0.0, Max:  0.0, Diff:  0.0, Sum:  0.0, Workers: 4
[923.679s][debug][gc,phases      ] GC(154)     Dead                           Min: 0, Avg:  0.0, Max: 0, Diff: 0, Sum: 0, Workers: 4
[923.679s][debug][gc,phases      ] GC(154)     Total                          Min: 0, Avg:  0.0, Max: 0, Diff: 0, Sum: 0, Workers: 4
[923.679s][debug][gc,phases      ] GC(154)   StringDedup Table Weak         Min:  0.0, Avg:  0.0, Max:  0.0, Diff:  0.0, Sum:  0.0, Workers: 4
[923.679s][debug][gc,phases      ] GC(154)     Dead                           Min: 0, Avg:  0.0, Max: 0, Diff: 0, Sum: 0, Workers: 4
[923.679s][debug][gc,phases      ] GC(154)     Total                          Min: 0, Avg:  0.0, Max: 0, Diff: 0, Sum: 0, Workers: 4
[923.679s][debug][gc,phases      ] GC(154)   StringDedup Requests0 Weak     Min:  0.0, Avg:  0.0, Max:  0.0, Diff:  0.0, Sum:  0.0, Workers: 4
[923.679s][debug][gc,phases      ] GC(154)     Dead                           Min: 0, Avg:  0.0, Max: 0, Diff: 0, Sum: 0, Workers: 4
[923.679s][debug][gc,phases      ] GC(154)     Total                          Min: 0, Avg:  0.0, Max: 0, Diff: 0, Sum: 0, Workers: 4
[923.679s][debug][gc,phases      ] GC(154)   StringDedup Requests1 Weak     Min:  0.0, Avg:  0.0, Max:  0.0, Diff:  0.0, Sum:  0.0, Workers: 4
[923.679s][debug][gc,phases      ] GC(154)     Dead                           Min: 0, Avg:  0.0, Max: 0, Diff: 0, Sum: 0, Workers: 4
[923.679s][debug][gc,phases      ] GC(154)     Total                          Min: 0, Avg:  0.0, Max: 0, Diff: 0, Sum: 0, Workers: 4
[923.679s][debug][gc,phases      ] GC(154)   Weak JFR Old Object Samples    Min:  0.0, Avg:  0.0, Max:  0.0, Diff:  0.0, Sum:  0.0, Workers: 4
[923.679s][debug][gc,phases      ] GC(154)     Dead                           Min: 0, Avg:  0.0, Max: 0, Diff: 0, Sum: 0, Workers: 4
[923.679s][debug][gc,phases      ] GC(154)     Total                          Min: 0, Avg:  0.0, Max: 0, Diff: 0, Sum: 0, Workers: 4
[923.680s][debug][gc,phases      ] GC(154) Weak Processing 0.366ms
[923.680s][debug][gc,age         ] GC(154) Desired survivor size 212336640 bytes, new threshold 15 (max threshold 15)
[923.680s][info ][gc,heap        ] GC(154) PSYoungGen: 1711584K(1886208K)->36816K(1889792K) Eden: 1682432K(1682432K)->0K(1682432K) From: 29152K(203776K)->36816K(207360K)
[923.680s][info ][gc,heap        ] GC(154) ParOldGen: 540012K(712192K)->540012K(712192K)
[923.680s][info ][gc,metaspace   ] GC(154) Metaspace: 82661K(83456K)->82661K(83456K) NonClass: 71111K(71552K)->71111K(71552K) Class: 11549K(11904K)->11549K(11904K)
[923.680s][info ][gc             ] GC(154) Pause Young (Allocation Failure) 2198M->563M(2541M) 10.904ms
[923.680s][info ][gc,cpu         ] GC(154) User=0.04s Sys=0.00s Real=0.01s
[923.680s][info ][safepoint      ] Safepoint "ParallelGCFailedAllocation", Time since last: 477106010 ns, Reaching safepoint: 127308 ns, At safepoint: 10993950 ns, Total: 11121258 ns
[924.680s][info ][safepoint      ] Safepoint "Cleanup", Time since last: 1000108433 ns, Reaching safepoint: 61204 ns, At safepoint: 7500 ns, Total: 68704 ns
[925.680s][info ][safepoint      ] Safepoint "Cleanup", Time since last: 1000082432 ns, Reaching safepoint: 71605 ns, At safepoint: 6300 ns, Total: 77905 ns
[926.680s][info ][safepoint      ] Safepoint "Cleanup", Time since last: 1000089532 ns, Reaching safepoint: 54604 ns, At safepoint: 13500 ns, Total: 68104 ns
[927.225s][info ][gc,start       ] GC(155) Pause Young (Allocation Failure)
[927.238s][debug][gc,phases      ] GC(155) Scavenge 13.769ms
[927.238s][debug][gc,ref         ] GC(155) Skipped phase 1 of Reference Processing: no references
[927.239s][debug][gc,ref         ] GC(155) ReferenceProcessor::execute queues: 1, RefProcThreadModel::Single, marks_oops_alive: false
[927.239s][debug][gc,ref         ] GC(155) Skipped phase 3 of Reference Processing: no references
[927.239s][debug][gc,ref         ] GC(155) ReferenceProcessor::execute queues: 1, RefProcThreadModel::Single, marks_oops_alive: false
[927.239s][debug][gc,phases      ] GC(155) Reference Processing 0.124ms
[927.239s][debug][gc,phases      ] GC(155)   VM Weak                        Min:  0.0, Avg:  0.0, Max:  0.0, Diff:  0.0, Sum:  0.0, Workers: 4
[927.239s][debug][gc,phases      ] GC(155)     Dead                           Min: 0, Avg:  0.0, Max: 0, Diff: 0, Sum: 0, Workers: 4
[927.239s][debug][gc,phases      ] GC(155)     Total                          Min: 0, Avg: 165.2, Max: 576, Diff: 576, Sum: 661, Workers: 4
[927.239s][debug][gc,phases      ] GC(155)   ObjectSynchronizer Weak        Min:  0.0, Avg:  0.0, Max:  0.0, Diff:  0.0, Sum:  0.0, Workers: 4
[927.239s][debug][gc,phases      ] GC(155)     Dead                           Min: 0, Avg:  0.0, Max: 0, Diff: 0, Sum: 0, Workers: 4
[927.239s][debug][gc,phases      ] GC(155)     Total                          Min: 0, Avg: 103.2, Max: 192, Diff: 192, Sum: 413, Workers: 4
[927.239s][debug][gc,phases      ] GC(155)   JVMTI Tag Weak OopStorage      Min:  0.0, Avg:  0.0, Max:  0.0, Diff:  0.0, Sum:  0.0, Workers: 4
[927.239s][debug][gc,phases      ] GC(155)     Dead                           Min: 0, Avg:  0.0, Max: 0, Diff: 0, Sum: 0, Workers: 4
[927.239s][debug][gc,phases      ] GC(155)     Total                          Min: 0, Avg:  0.0, Max: 0, Diff: 0, Sum: 0, Workers: 4
[927.239s][debug][gc,phases      ] GC(155)   StringTable Weak               Min:  0.1, Avg:  0.1, Max:  0.1, Diff:  0.0, Sum:  0.5, Workers: 4
[927.239s][debug][gc,phases      ] GC(155)     Dead                           Min: 0, Avg:  0.0, Max: 0, Diff: 0, Sum: 0, Workers: 4
[927.239s][debug][gc,phases      ] GC(155)     Total                          Min: 11328, Avg: 11963.2, Max: 12480, Diff: 1152, Sum: 47853, Workers: 4
[927.239s][debug][gc,phases      ] GC(155)   ResolvedMethodTable Weak       Min:  0.0, Avg:  0.0, Max:  0.0, Diff:  0.0, Sum:  0.1, Workers: 4
[927.239s][debug][gc,phases      ] GC(155)     Dead                           Min: 0, Avg:  0.0, Max: 0, Diff: 0, Sum: 0, Workers: 4
[927.239s][debug][gc,phases      ] GC(155)     Total                          Min: 1971, Avg: 2054.0, Max: 2158, Diff: 187, Sum: 8216, Workers: 4
[927.239s][debug][gc,phases      ] GC(155)   JNI Weak                       Min:  0.0, Avg:  0.0, Max:  0.0, Diff:  0.0, Sum:  0.0, Workers: 4
[927.239s][debug][gc,phases      ] GC(155)     Dead                           Min: 0, Avg:  0.0, Max: 0, Diff: 0, Sum: 0, Workers: 4
[927.239s][debug][gc,phases      ] GC(155)     Total                          Min: 0, Avg:  0.0, Max: 0, Diff: 0, Sum: 0, Workers: 4
[927.239s][debug][gc,phases      ] GC(155)   StringDedup Table Weak         Min:  0.0, Avg:  0.0, Max:  0.0, Diff:  0.0, Sum:  0.0, Workers: 4
[927.239s][debug][gc,phases      ] GC(155)     Dead                           Min: 0, Avg:  0.0, Max: 0, Diff: 0, Sum: 0, Workers: 4
[927.239s][debug][gc,phases      ] GC(155)     Total                          Min: 0, Avg:  0.0, Max: 0, Diff: 0, Sum: 0, Workers: 4
[927.239s][debug][gc,phases      ] GC(155)   StringDedup Requests0 Weak     Min:  0.0, Avg:  0.0, Max:  0.0, Diff:  0.0, Sum:  0.0, Workers: 4
[927.239s][debug][gc,phases      ] GC(155)     Dead                           Min: 0, Avg:  0.0, Max: 0, Diff: 0, Sum: 0, Workers: 4
[927.239s][debug][gc,phases      ] GC(155)     Total                          Min: 0, Avg:  0.0, Max: 0, Diff: 0, Sum: 0, Workers: 4
[927.239s][debug][gc,phases      ] GC(155)   StringDedup Requests1 Weak     Min:  0.0, Avg:  0.0, Max:  0.0, Diff:  0.0, Sum:  0.0, Workers: 4
[927.239s][debug][gc,phases      ] GC(155)     Dead                           Min: 0, Avg:  0.0, Max: 0, Diff: 0, Sum: 0, Workers: 4
[927.239s][debug][gc,phases      ] GC(155)     Total                          Min: 0, Avg:  0.0, Max: 0, Diff: 0, Sum: 0, Workers: 4
[927.239s][debug][gc,phases      ] GC(155)   Weak JFR Old Object Samples    Min:  0.0, Avg:  0.0, Max:  0.0, Diff:  0.0, Sum:  0.0, Workers: 4
[927.239s][debug][gc,phases      ] GC(155)     Dead                           Min: 0, Avg:  0.0, Max: 0, Diff: 0, Sum: 0, Workers: 4
[927.239s][debug][gc,phases      ] GC(155)     Total                          Min: 0, Avg:  0.0, Max: 0, Diff: 0, Sum: 0, Workers: 4
[927.239s][debug][gc,phases      ] GC(155) Weak Processing 0.379ms
[927.239s][debug][gc,age         ] GC(155) Desired survivor size 208666624 bytes, new threshold 15 (max threshold 15)
[927.239s][info ][gc,heap        ] GC(155) PSYoungGen: 1719248K(1889792K)->46845K(1893376K) Eden: 1682432K(1682432K)->0K(1686016K) From: 36816K(207360K)->46845K(207360K)
[927.239s][info ][gc,heap        ] GC(155) ParOldGen: 540012K(712192K)->540012K(712192K)
[927.239s][info ][gc,metaspace   ] GC(155) Metaspace: 82677K(83456K)->82677K(83456K) NonClass: 71126K(71552K)->71126K(71552K) Class: 11550K(11904K)->11550K(11904K)
[927.239s][info ][gc             ] GC(155) Pause Young (Allocation Failure) 2206M->573M(2544M) 14.414ms
[927.239s][info ][gc,cpu         ] GC(155) User=0.06s Sys=0.00s Real=0.01s
[927.239s][info ][safepoint      ] Safepoint "ParallelGCFailedAllocation", Time since last: 544353286 ns, Reaching safepoint: 125908 ns, At safepoint: 14501757 ns, Total: 14627665 ns
[928.239s][info ][safepoint      ] Safepoint "Cleanup", Time since last: 1000083332 ns, Reaching safepoint: 59504 ns, At safepoint: 5800 ns, Total: 65304 ns
[929.240s][info ][safepoint      ] Safepoint "Cleanup", Time since last: 1000109434 ns, Reaching safepoint: 132308 ns, At safepoint: 18101 ns, Total: 150409 ns
[930.240s][info ][safepoint      ] Safepoint "Cleanup", Time since last: 1000107333 ns, Reaching safepoint: 60404 ns, At safepoint: 6000 ns, Total: 66404 ns
[930.665s][info ][gc,start       ] GC(156) Pause Young (Allocation Failure)
[930.677s][debug][gc,phases      ] GC(156) Scavenge 12.732ms
[930.677s][debug][gc,ref         ] GC(156) Skipped phase 1 of Reference Processing: no references
[930.678s][debug][gc,ref         ] GC(156) ReferenceProcessor::execute queues: 1, RefProcThreadModel::Single, marks_oops_alive: false
[930.678s][debug][gc,ref         ] GC(156) Skipped phase 3 of Reference Processing: no references
[930.678s][debug][gc,ref         ] GC(156) ReferenceProcessor::execute queues: 1, RefProcThreadModel::Single, marks_oops_alive: false
[930.678s][debug][gc,phases      ] GC(156) Reference Processing 0.142ms
[930.678s][debug][gc,phases      ] GC(156)   VM Weak                        Min:  0.0, Avg:  0.0, Max:  0.0, Diff:  0.0, Sum:  0.0, Workers: 4
[930.678s][debug][gc,phases      ] GC(156)     Dead                           Min: 0, Avg:  0.0, Max: 0, Diff: 0, Sum: 0, Workers: 4
[930.678s][debug][gc,phases      ] GC(156)     Total                          Min: 0, Avg: 165.2, Max: 661, Diff: 661, Sum: 661, Workers: 4
[930.678s][debug][gc,phases      ] GC(156)   ObjectSynchronizer Weak        Min:  0.0, Avg:  0.0, Max:  0.0, Diff:  0.0, Sum:  0.0, Workers: 4
[930.678s][debug][gc,phases      ] GC(156)     Dead                           Min: 0, Avg:  0.0, Max: 0, Diff: 0, Sum: 0, Workers: 4
[930.678s][debug][gc,phases      ] GC(156)     Total                          Min: 0, Avg: 103.2, Max: 221, Diff: 221, Sum: 413, Workers: 4
[930.678s][debug][gc,phases      ] GC(156)   JVMTI Tag Weak OopStorage      Min:  0.0, Avg:  0.0, Max:  0.0, Diff:  0.0, Sum:  0.0, Workers: 4
[930.678s][debug][gc,phases      ] GC(156)     Dead                           Min: 0, Avg:  0.0, Max: 0, Diff: 0, Sum: 0, Workers: 4
[930.678s][debug][gc,phases      ] GC(156)     Total                          Min: 0, Avg:  0.0, Max: 0, Diff: 0, Sum: 0, Workers: 4
[930.678s][debug][gc,phases      ] GC(156)   StringTable Weak               Min:  0.1, Avg:  0.1, Max:  0.1, Diff:  0.0, Sum:  0.4, Workers: 4
[930.678s][debug][gc,phases      ] GC(156)     Dead                           Min: 0, Avg:  0.0, Max: 0, Diff: 0, Sum: 0, Workers: 4
[930.678s][debug][gc,phases      ] GC(156)     Total                          Min: 10560, Avg: 11963.2, Max: 12672, Diff: 2112, Sum: 47853, Workers: 4
[930.678s][debug][gc,phases      ] GC(156)   ResolvedMethodTable Weak       Min:  0.0, Avg:  0.0, Max:  0.0, Diff:  0.0, Sum:  0.1, Workers: 4
[930.678s][debug][gc,phases      ] GC(156)     Dead                           Min: 0, Avg:  0.0, Max: 0, Diff: 0, Sum: 0, Workers: 4
[930.678s][debug][gc,phases      ] GC(156)     Total                          Min: 1843, Avg: 2054.0, Max: 2203, Diff: 360, Sum: 8216, Workers: 4
[930.678s][debug][gc,phases      ] GC(156)   JNI Weak                       Min:  0.0, Avg:  0.0, Max:  0.0, Diff:  0.0, Sum:  0.0, Workers: 4
[930.678s][debug][gc,phases      ] GC(156)     Dead                           Min: 0, Avg:  0.0, Max: 0, Diff: 0, Sum: 0, Workers: 4
[930.678s][debug][gc,phases      ] GC(156)     Total                          Min: 0, Avg:  0.0, Max: 0, Diff: 0, Sum: 0, Workers: 4
[930.678s][debug][gc,phases      ] GC(156)   StringDedup Table Weak         Min:  0.0, Avg:  0.0, Max:  0.0, Diff:  0.0, Sum:  0.0, Workers: 4
[930.678s][debug][gc,phases      ] GC(156)     Dead                           Min: 0, Avg:  0.0, Max: 0, Diff: 0, Sum: 0, Workers: 4
[930.678s][debug][gc,phases      ] GC(156)     Total                          Min: 0, Avg:  0.0, Max: 0, Diff: 0, Sum: 0, Workers: 4
[930.678s][debug][gc,phases      ] GC(156)   StringDedup Requests0 Weak     Min:  0.0, Avg:  0.0, Max:  0.0, Diff:  0.0, Sum:  0.0, Workers: 4
[930.678s][debug][gc,phases      ] GC(156)     Dead                           Min: 0, Avg:  0.0, Max: 0, Diff: 0, Sum: 0, Workers: 4
[930.678s][debug][gc,phases      ] GC(156)     Total                          Min: 0, Avg:  0.0, Max: 0, Diff: 0, Sum: 0, Workers: 4
[930.678s][debug][gc,phases      ] GC(156)   StringDedup Requests1 Weak     Min:  0.0, Avg:  0.0, Max:  0.0, Diff:  0.0, Sum:  0.0, Workers: 4
[930.678s][debug][gc,phases      ] GC(156)     Dead                           Min: 0, Avg:  0.0, Max: 0, Diff: 0, Sum: 0, Workers: 4
[930.678s][debug][gc,phases      ] GC(156)     Total                          Min: 0, Avg:  0.0, Max: 0, Diff: 0, Sum: 0, Workers: 4
[930.678s][debug][gc,phases      ] GC(156)   Weak JFR Old Object Samples    Min:  0.0, Avg:  0.0, Max:  0.0, Diff:  0.0, Sum:  0.0, Workers: 4
[930.678s][debug][gc,phases      ] GC(156)     Dead                           Min: 0, Avg:  0.0, Max: 0, Diff: 0, Sum: 0, Workers: 4
[930.678s][debug][gc,phases      ] GC(156)     Total                          Min: 0, Avg:  0.0, Max: 0, Diff: 0, Sum: 0, Workers: 4
[930.678s][debug][gc,phases      ] GC(156) Weak Processing 0.311ms
[930.678s][debug][gc,age         ] GC(156) Desired survivor size 202899456 bytes, new threshold 15 (max threshold 15)
[930.678s][info ][gc,heap        ] GC(156) PSYoungGen: 1732861K(1893376K)->52302K(1889792K) Eden: 1686016K(1686016K)->0K(1686016K) From: 46845K(207360K)->52302K(203776K)
[930.678s][info ][gc,heap        ] GC(156) ParOldGen: 540012K(712192K)->540028K(712192K)
[930.678s][info ][gc,metaspace   ] GC(156) Metaspace: 82685K(83456K)->82685K(83456K) NonClass: 71134K(71552K)->71134K(71552K) Class: 11550K(11904K)->11550K(11904K)
[930.678s][info ][gc             ] GC(156) Pause Young (Allocation Failure) 2219M->578M(2541M) 13.319ms
[930.678s][info ][gc,cpu         ] GC(156) User=0.06s Sys=0.00s Real=0.01s
[930.678s][info ][safepoint      ] Safepoint "ParallelGCFailedAllocation", Time since last: 424801418 ns, Reaching safepoint: 116306 ns, At safepoint: 13396293 ns, Total: 13512599 ns
[931.678s][info ][safepoint      ] Safepoint "Cleanup", Time since last: 1000082532 ns, Reaching safepoint: 52703 ns, At safepoint: 6000 ns, Total: 58703 ns
[932.418s][info ][gc,start       ] GC(157) Pause Young (Allocation Failure)
[932.433s][debug][gc,phases      ] GC(157) Scavenge 15.639ms
[932.433s][debug][gc,ref         ] GC(157) Skipped phase 1 of Reference Processing: no references
[932.433s][debug][gc,ref         ] GC(157) ReferenceProcessor::execute queues: 1, RefProcThreadModel::Single, marks_oops_alive: false
[932.433s][debug][gc,ref         ] GC(157) Skipped phase 3 of Reference Processing: no references
[932.433s][debug][gc,ref         ] GC(157) ReferenceProcessor::execute queues: 1, RefProcThreadModel::Single, marks_oops_alive: false
[932.433s][debug][gc,phases      ] GC(157) Reference Processing 0.122ms
[932.434s][debug][gc,phases      ] GC(157)   VM Weak                        Min:  0.0, Avg:  0.0, Max:  0.0, Diff:  0.0, Sum:  0.0, Workers: 4
[932.434s][debug][gc,phases      ] GC(157)     Dead                           Min: 0, Avg:  0.0, Max: 0, Diff: 0, Sum: 0, Workers: 4
[932.434s][debug][gc,phases      ] GC(157)     Total                          Min: 0, Avg: 165.2, Max: 597, Diff: 597, Sum: 661, Workers: 4
[932.434s][debug][gc,phases      ] GC(157)   ObjectSynchronizer Weak        Min:  0.0, Avg:  0.0, Max:  0.0, Diff:  0.0, Sum:  0.0, Workers: 4
[932.434s][debug][gc,phases      ] GC(157)     Dead                           Min: 0, Avg:  0.0, Max: 0, Diff: 0, Sum: 0, Workers: 4
[932.434s][debug][gc,phases      ] GC(157)     Total                          Min: 0, Avg: 103.2, Max: 192, Diff: 192, Sum: 413, Workers: 4
[932.434s][debug][gc,phases      ] GC(157)   JVMTI Tag Weak OopStorage      Min:  0.0, Avg:  0.0, Max:  0.0, Diff:  0.0, Sum:  0.0, Workers: 4
[932.434s][debug][gc,phases      ] GC(157)     Dead                           Min: 0, Avg:  0.0, Max: 0, Diff: 0, Sum: 0, Workers: 4
[932.434s][debug][gc,phases      ] GC(157)     Total                          Min: 0, Avg:  0.0, Max: 0, Diff: 0, Sum: 0, Workers: 4
[932.434s][debug][gc,phases      ] GC(157)   StringTable Weak               Min:  0.1, Avg:  0.1, Max:  0.1, Diff:  0.0, Sum:  0.4, Workers: 4
[932.434s][debug][gc,phases      ] GC(157)     Dead                           Min: 0, Avg:  0.0, Max: 0, Diff: 0, Sum: 0, Workers: 4
[932.434s][debug][gc,phases      ] GC(157)     Total                          Min: 11392, Avg: 11963.8, Max: 12928, Diff: 1536, Sum: 47855, Workers: 4
[932.434s][debug][gc,phases      ] GC(157)   ResolvedMethodTable Weak       Min:  0.0, Avg:  0.0, Max:  0.0, Diff:  0.0, Sum:  0.1, Workers: 4
[932.434s][debug][gc,phases      ] GC(157)     Dead                           Min: 0, Avg:  0.0, Max: 0, Diff: 0, Sum: 0, Workers: 4
[932.434s][debug][gc,phases      ] GC(157)     Total                          Min: 1980, Avg: 2054.0, Max: 2170, Diff: 190, Sum: 8216, Workers: 4
[932.434s][debug][gc,phases      ] GC(157)   JNI Weak                       Min:  0.0, Avg:  0.0, Max:  0.0, Diff:  0.0, Sum:  0.0, Workers: 4
[932.434s][debug][gc,phases      ] GC(157)     Dead                           Min: 0, Avg:  0.0, Max: 0, Diff: 0, Sum: 0, Workers: 4
[932.434s][debug][gc,phases      ] GC(157)     Total                          Min: 0, Avg:  0.0, Max: 0, Diff: 0, Sum: 0, Workers: 4
[932.434s][debug][gc,phases      ] GC(157)   StringDedup Table Weak         Min:  0.0, Avg:  0.0, Max:  0.0, Diff:  0.0, Sum:  0.0, Workers: 4
[932.434s][debug][gc,phases      ] GC(157)     Dead                           Min: 0, Avg:  0.0, Max: 0, Diff: 0, Sum: 0, Workers: 4
[932.434s][debug][gc,phases      ] GC(157)     Total                          Min: 0, Avg:  0.0, Max: 0, Diff: 0, Sum: 0, Workers: 4
[932.434s][debug][gc,phases      ] GC(157)   StringDedup Requests0 Weak     Min:  0.0, Avg:  0.0, Max:  0.0, Diff:  0.0, Sum:  0.0, Workers: 4
[932.434s][debug][gc,phases      ] GC(157)     Dead                           Min: 0, Avg:  0.0, Max: 0, Diff: 0, Sum: 0, Workers: 4
[932.434s][debug][gc,phases      ] GC(157)     Total                          Min: 0, Avg:  0.0, Max: 0, Diff: 0, Sum: 0, Workers: 4
[932.434s][debug][gc,phases      ] GC(157)   StringDedup Requests1 Weak     Min:  0.0, Avg:  0.0, Max:  0.0, Diff:  0.0, Sum:  0.0, Workers: 4
[932.434s][debug][gc,phases      ] GC(157)     Dead                           Min: 0, Avg:  0.0, Max: 0, Diff: 0, Sum: 0, Workers: 4
[932.434s][debug][gc,phases      ] GC(157)     Total                          Min: 0, Avg:  0.0, Max: 0, Diff: 0, Sum: 0, Workers: 4
[932.434s][debug][gc,phases      ] GC(157)   Weak JFR Old Object Samples    Min:  0.0, Avg:  0.0, Max:  0.0, Diff:  0.0, Sum:  0.0, Workers: 4
[932.434s][debug][gc,phases      ] GC(157)     Dead                           Min: 0, Avg:  0.0, Max: 0, Diff: 0, Sum: 0, Workers: 4
[932.434s][debug][gc,phases      ] GC(157)     Total                          Min: 0, Avg:  0.0, Max: 0, Diff: 0, Sum: 0, Workers: 4
[932.434s][debug][gc,phases      ] GC(157) Weak Processing 0.326ms
[932.434s][debug][gc,age         ] GC(157) Desired survivor size 195559424 bytes, new threshold 15 (max threshold 15)
[932.434s][info ][gc,heap        ] GC(157) PSYoungGen: 1738318K(1889792K)->61358K(1906176K) Eden: 1686016K(1686016K)->0K(1708032K) From: 52302K(203776K)->61358K(198144K)
[932.434s][info ][gc,heap        ] GC(157) ParOldGen: 540028K(712192K)->540060K(712192K)
[932.434s][info ][gc,metaspace   ] GC(157) Metaspace: 82695K(83456K)->82695K(83456K) NonClass: 71144K(71552K)->71144K(71552K) Class: 11550K(11904K)->11550K(11904K)
[932.434s][info ][gc             ] GC(157) Pause Young (Allocation Failure) 2224M->587M(2557M) 16.225ms
[932.434s][info ][gc,cpu         ] GC(157) User=0.06s Sys=0.00s Real=0.01s
[932.434s][info ][safepoint      ] Safepoint "ParallelGCFailedAllocation", Time since last: 739279111 ns, Reaching safepoint: 128308 ns, At safepoint: 16314365 ns, Total: 16442673 ns
[933.434s][info ][safepoint      ] Safepoint "Cleanup", Time since last: 1000092232 ns, Reaching safepoint: 50803 ns, At safepoint: 6901 ns, Total: 57704 ns
[934.434s][info ][safepoint      ] Safepoint "Cleanup", Time since last: 1000106433 ns, Reaching safepoint: 128308 ns, At safepoint: 13401 ns, Total: 141709 ns
[935.434s][info ][safepoint      ] Safepoint "Cleanup", Time since last: 1000115333 ns, Reaching safepoint: 120408 ns, At safepoint: 8900 ns, Total: 129308 ns
[936.435s][info ][safepoint      ] Safepoint "Cleanup", Time since last: 1000103833 ns, Reaching safepoint: 39903 ns, At safepoint: 3700 ns, Total: 43603 ns
[937.251s][info ][gc,start       ] GC(158) Pause Young (Allocation Failure)
[937.267s][debug][gc,phases      ] GC(158) Scavenge 15.797ms
[937.267s][debug][gc,ref         ] GC(158) Skipped phase 1 of Reference Processing: no references
[937.267s][debug][gc,ref         ] GC(158) ReferenceProcessor::execute queues: 1, RefProcThreadModel::Single, marks_oops_alive: false
[937.267s][debug][gc,ref         ] GC(158) Skipped phase 3 of Reference Processing: no references
[937.267s][debug][gc,ref         ] GC(158) ReferenceProcessor::execute queues: 1, RefProcThreadModel::Single, marks_oops_alive: false
[937.267s][debug][gc,phases      ] GC(158) Reference Processing 0.139ms
[937.268s][debug][gc,phases      ] GC(158)   VM Weak                        Min:  0.0, Avg:  0.0, Max:  0.0, Diff:  0.0, Sum:  0.0, Workers: 4
[937.268s][debug][gc,phases      ] GC(158)     Dead                           Min: 0, Avg:  0.0, Max: 0, Diff: 0, Sum: 0, Workers: 4
[937.268s][debug][gc,phases      ] GC(158)     Total                          Min: 0, Avg: 165.2, Max: 341, Diff: 341, Sum: 661, Workers: 4
[937.268s][debug][gc,phases      ] GC(158)   ObjectSynchronizer Weak        Min:  0.0, Avg:  0.0, Max:  0.0, Diff:  0.0, Sum:  0.0, Workers: 4
[937.268s][debug][gc,phases      ] GC(158)     Dead                           Min: 0, Avg:  0.0, Max: 0, Diff: 0, Sum: 0, Workers: 4
[937.268s][debug][gc,phases      ] GC(158)     Total                          Min: 0, Avg: 103.2, Max: 256, Diff: 256, Sum: 413, Workers: 4
[937.268s][debug][gc,phases      ] GC(158)   JVMTI Tag Weak OopStorage      Min:  0.0, Avg:  0.0, Max:  0.0, Diff:  0.0, Sum:  0.0, Workers: 4
[937.268s][debug][gc,phases      ] GC(158)     Dead                           Min: 0, Avg:  0.0, Max: 0, Diff: 0, Sum: 0, Workers: 4
[937.268s][debug][gc,phases      ] GC(158)     Total                          Min: 0, Avg:  0.0, Max: 0, Diff: 0, Sum: 0, Workers: 4
[937.268s][debug][gc,phases      ] GC(158)   StringTable Weak               Min:  0.1, Avg:  0.1, Max:  0.1, Diff:  0.0, Sum:  0.4, Workers: 4
[937.268s][debug][gc,phases      ] GC(158)     Dead                           Min: 0, Avg:  0.0, Max: 0, Diff: 0, Sum: 0, Workers: 4
[937.268s][debug][gc,phases      ] GC(158)     Total                          Min: 11313, Avg: 11964.2, Max: 12416, Diff: 1103, Sum: 47857, Workers: 4
[937.268s][debug][gc,phases      ] GC(158)   ResolvedMethodTable Weak       Min:  0.0, Avg:  0.0, Max:  0.0, Diff:  0.0, Sum:  0.1, Workers: 4
[937.268s][debug][gc,phases      ] GC(158)     Dead                           Min: 0, Avg:  0.0, Max: 0, Diff: 0, Sum: 0, Workers: 4
[937.268s][debug][gc,phases      ] GC(158)     Total                          Min: 1845, Avg: 2054.0, Max: 2302, Diff: 457, Sum: 8216, Workers: 4
[937.268s][debug][gc,phases      ] GC(158)   JNI Weak                       Min:  0.0, Avg:  0.0, Max:  0.0, Diff:  0.0, Sum:  0.0, Workers: 4
[937.268s][debug][gc,phases      ] GC(158)     Dead                           Min: 0, Avg:  0.0, Max: 0, Diff: 0, Sum: 0, Workers: 4
[937.268s][debug][gc,phases      ] GC(158)     Total                          Min: 0, Avg:  0.0, Max: 0, Diff: 0, Sum: 0, Workers: 4
[937.268s][debug][gc,phases      ] GC(158)   StringDedup Table Weak         Min:  0.0, Avg:  0.0, Max:  0.0, Diff:  0.0, Sum:  0.0, Workers: 4
[937.268s][debug][gc,phases      ] GC(158)     Dead                           Min: 0, Avg:  0.0, Max: 0, Diff: 0, Sum: 0, Workers: 4
[937.268s][debug][gc,phases      ] GC(158)     Total                          Min: 0, Avg:  0.0, Max: 0, Diff: 0, Sum: 0, Workers: 4
[937.268s][debug][gc,phases      ] GC(158)   StringDedup Requests0 Weak     Min:  0.0, Avg:  0.0, Max:  0.0, Diff:  0.0, Sum:  0.0, Workers: 4
[937.268s][debug][gc,phases      ] GC(158)     Dead                           Min: 0, Avg:  0.0, Max: 0, Diff: 0, Sum: 0, Workers: 4
[937.268s][debug][gc,phases      ] GC(158)     Total                          Min: 0, Avg:  0.0, Max: 0, Diff: 0, Sum: 0, Workers: 4
[937.268s][debug][gc,phases      ] GC(158)   StringDedup Requests1 Weak     Min:  0.0, Avg:  0.0, Max:  0.0, Diff:  0.0, Sum:  0.0, Workers: 4
[937.268s][debug][gc,phases      ] GC(158)     Dead                           Min: 0, Avg:  0.0, Max: 0, Diff: 0, Sum: 0, Workers: 4
[937.268s][debug][gc,phases      ] GC(158)     Total                          Min: 0, Avg:  0.0, Max: 0, Diff: 0, Sum: 0, Workers: 4
[937.268s][debug][gc,phases      ] GC(158)   Weak JFR Old Object Samples    Min:  0.0, Avg:  0.0, Max:  0.0, Diff:  0.0, Sum:  0.0, Workers: 4
[937.268s][debug][gc,phases      ] GC(158)     Dead                           Min: 0, Avg:  0.0, Max: 0, Diff: 0, Sum: 0, Workers: 4
[937.268s][debug][gc,phases      ] GC(158)     Total                          Min: 0, Avg:  0.0, Max: 0, Diff: 0, Sum: 0, Workers: 4
[937.268s][debug][gc,phases      ] GC(158) Weak Processing 0.312ms
[937.268s][debug][gc,age         ] GC(158) Desired survivor size 186122240 bytes, new threshold 15 (max threshold 15)
[937.268s][info ][gc,heap        ] GC(158) PSYoungGen: 1769390K(1906176K)->73001K(1899008K) Eden: 1708032K(1708032K)->0K(1708032K) From: 61358K(198144K)->73001K(190976K)
[937.268s][info ][gc,heap        ] GC(158) ParOldGen: 540060K(712192K)->540092K(712192K)
[937.268s][info ][gc,metaspace   ] GC(158) Metaspace: 82703K(83456K)->82703K(83456K) NonClass: 71152K(71552K)->71152K(71552K) Class: 11550K(11904K)->11550K(11904K)
[937.268s][info ][gc             ] GC(158) Pause Young (Allocation Failure) 2255M->598M(2550M) 16.381ms
[937.268s][info ][gc,cpu         ] GC(158) User=0.06s Sys=0.00s Real=0.02s
[937.268s][info ][safepoint      ] Safepoint "ParallelGCFailedAllocation", Time since last: 816587082 ns, Reaching safepoint: 134608 ns, At safepoint: 16465674 ns, Total: 16600282 ns
[938.268s][info ][safepoint      ] Safepoint "Cleanup", Time since last: 1000077832 ns, Reaching safepoint: 41002 ns, At safepoint: 2900 ns, Total: 43902 ns
[939.268s][info ][safepoint      ] Safepoint "Cleanup", Time since last: 1000097333 ns, Reaching safepoint: 129008 ns, At safepoint: 14201 ns, Total: 143209 ns
[940.511s][info ][safepoint      ] Safepoint "Cleanup", Time since last: 1242140144 ns, Reaching safepoint: 198112 ns, At safepoint: 8500 ns, Total: 206612 ns
[941.212s][info ][gc,start       ] GC(159) Pause Young (Allocation Failure)
[941.230s][debug][gc,phases      ] GC(159) Scavenge 17.831ms
[941.230s][debug][gc,ref         ] GC(159) Skipped phase 1 of Reference Processing: no references
[941.230s][debug][gc,ref         ] GC(159) ReferenceProcessor::execute queues: 1, RefProcThreadModel::Single, marks_oops_alive: false
[941.230s][debug][gc,ref         ] GC(159) Skipped phase 3 of Reference Processing: no references
[941.230s][debug][gc,ref         ] GC(159) ReferenceProcessor::execute queues: 1, RefProcThreadModel::Single, marks_oops_alive: false
[941.230s][debug][gc,phases      ] GC(159) Reference Processing 0.131ms
[941.231s][debug][gc,phases      ] GC(159)   VM Weak                        Min:  0.0, Avg:  0.0, Max:  0.0, Diff:  0.0, Sum:  0.0, Workers: 4
[941.231s][debug][gc,phases      ] GC(159)     Dead                           Min: 0, Avg:  0.0, Max: 0, Diff: 0, Sum: 0, Workers: 4
[941.231s][debug][gc,phases      ] GC(159)     Total                          Min: 0, Avg: 166.2, Max: 537, Diff: 537, Sum: 665, Workers: 4
[941.231s][debug][gc,phases      ] GC(159)   ObjectSynchronizer Weak        Min:  0.0, Avg:  0.0, Max:  0.0, Diff:  0.0, Sum:  0.0, Workers: 4
[941.231s][debug][gc,phases      ] GC(159)     Dead                           Min: 0, Avg:  0.0, Max: 0, Diff: 0, Sum: 0, Workers: 4
[941.231s][debug][gc,phases      ] GC(159)     Total                          Min: 0, Avg: 103.2, Max: 192, Diff: 192, Sum: 413, Workers: 4
[941.231s][debug][gc,phases      ] GC(159)   JVMTI Tag Weak OopStorage      Min:  0.0, Avg:  0.0, Max:  0.0, Diff:  0.0, Sum:  0.0, Workers: 4
[941.231s][debug][gc,phases      ] GC(159)     Dead                           Min: 0, Avg:  0.0, Max: 0, Diff: 0, Sum: 0, Workers: 4
[941.231s][debug][gc,phases      ] GC(159)     Total                          Min: 0, Avg:  0.0, Max: 0, Diff: 0, Sum: 0, Workers: 4
[941.231s][debug][gc,phases      ] GC(159)   StringTable Weak               Min:  0.1, Avg:  0.1, Max:  0.1, Diff:  0.0, Sum:  0.4, Workers: 4
[941.231s][debug][gc,phases      ] GC(159)     Dead                           Min: 0, Avg:  0.2, Max: 1, Diff: 1, Sum: 1, Workers: 4
[941.231s][debug][gc,phases      ] GC(159)     Total                          Min: 11008, Avg: 11984.8, Max: 12608, Diff: 1600, Sum: 47939, Workers: 4
[941.231s][debug][gc,phases      ] GC(159)   ResolvedMethodTable Weak       Min:  0.0, Avg:  0.0, Max:  0.0, Diff:  0.0, Sum:  0.1, Workers: 4
[941.231s][debug][gc,phases      ] GC(159)     Dead                           Min: 0, Avg:  0.0, Max: 0, Diff: 0, Sum: 0, Workers: 4
[941.231s][debug][gc,phases      ] GC(159)     Total                          Min: 1748, Avg: 2065.2, Max: 2240, Diff: 492, Sum: 8261, Workers: 4
[941.231s][debug][gc,phases      ] GC(159)   JNI Weak                       Min:  0.0, Avg:  0.0, Max:  0.0, Diff:  0.0, Sum:  0.0, Workers: 4
[941.231s][debug][gc,phases      ] GC(159)     Dead                           Min: 0, Avg:  0.0, Max: 0, Diff: 0, Sum: 0, Workers: 4
[941.231s][debug][gc,phases      ] GC(159)     Total                          Min: 0, Avg:  0.0, Max: 0, Diff: 0, Sum: 0, Workers: 4
[941.231s][debug][gc,phases      ] GC(159)   StringDedup Table Weak         Min:  0.0, Avg:  0.0, Max:  0.0, Diff:  0.0, Sum:  0.0, Workers: 4
[941.231s][debug][gc,phases      ] GC(159)     Dead                           Min: 0, Avg:  0.0, Max: 0, Diff: 0, Sum: 0, Workers: 4
[941.231s][debug][gc,phases      ] GC(159)     Total                          Min: 0, Avg:  0.0, Max: 0, Diff: 0, Sum: 0, Workers: 4
[941.231s][debug][gc,phases      ] GC(159)   StringDedup Requests0 Weak     Min:  0.0, Avg:  0.0, Max:  0.0, Diff:  0.0, Sum:  0.0, Workers: 4
[941.231s][debug][gc,phases      ] GC(159)     Dead                           Min: 0, Avg:  0.0, Max: 0, Diff: 0, Sum: 0, Workers: 4
[941.231s][debug][gc,phases      ] GC(159)     Total                          Min: 0, Avg:  0.0, Max: 0, Diff: 0, Sum: 0, Workers: 4
[941.231s][debug][gc,phases      ] GC(159)   StringDedup Requests1 Weak     Min:  0.0, Avg:  0.0, Max:  0.0, Diff:  0.0, Sum:  0.0, Workers: 4
[941.231s][debug][gc,phases      ] GC(159)     Dead                           Min: 0, Avg:  0.0, Max: 0, Diff: 0, Sum: 0, Workers: 4
[941.231s][debug][gc,phases      ] GC(159)     Total                          Min: 0, Avg:  0.0, Max: 0, Diff: 0, Sum: 0, Workers: 4
[941.231s][debug][gc,phases      ] GC(159)   Weak JFR Old Object Samples    Min:  0.0, Avg:  0.0, Max:  0.0, Diff:  0.0, Sum:  0.0, Workers: 4
[941.231s][debug][gc,phases      ] GC(159)     Dead                           Min: 0, Avg:  0.0, Max: 0, Diff: 0, Sum: 0, Workers: 4
[941.231s][debug][gc,phases      ] GC(159)     Total                          Min: 0, Avg:  0.0, Max: 0, Diff: 0, Sum: 0, Workers: 4
[941.231s][debug][gc,phases      ] GC(159) Weak Processing 0.327ms
[941.231s][debug][gc,age         ] GC(159) Desired survivor size 176160768 bytes, new threshold 15 (max threshold 15)
[941.231s][info ][gc,heap        ] GC(159) PSYoungGen: 1781033K(1899008K)->80782K(1925120K) Eden: 1708032K(1708032K)->0K(1743360K) From: 73001K(190976K)->80782K(181760K)
[941.231s][info ][gc,heap        ] GC(159) ParOldGen: 540092K(712192K)->540156K(712192K)
[941.231s][info ][gc,metaspace   ] GC(159) Metaspace: 83108K(83968K)->83108K(83968K) NonClass: 71506K(72000K)->71506K(72000K) Class: 11601K(11968K)->11601K(11968K)
[941.231s][info ][gc             ] GC(159) Pause Young (Allocation Failure) 2266M->606M(2575M) 18.419ms
[941.231s][info ][gc,cpu         ] GC(159) User=0.08s Sys=0.00s Real=0.02s
[941.231s][info ][safepoint      ] Safepoint "ParallelGCFailedAllocation", Time since last: 701629885 ns, Reaching safepoint: 126608 ns, At safepoint: 18513695 ns, Total: 18640303 ns
[942.231s][info ][safepoint      ] Safepoint "Cleanup", Time since last: 1000099233 ns, Reaching safepoint: 80804 ns, At safepoint: 9801 ns, Total: 90605 ns
[943.231s][info ][safepoint      ] Safepoint "Cleanup", Time since last: 1000115434 ns, Reaching safepoint: 121207 ns, At safepoint: 13201 ns, Total: 134408 ns
[944.231s][info ][safepoint      ] Safepoint "Cleanup", Time since last: 1000108833 ns, Reaching safepoint: 101606 ns, At safepoint: 8801 ns, Total: 110407 ns
[945.226s][info ][gc,start       ] GC(160) Pause Young (Allocation Failure)
[945.246s][debug][gc,phases      ] GC(160) Scavenge 20.347ms
[945.246s][debug][gc,ref         ] GC(160) Skipped phase 1 of Reference Processing: no references
[945.246s][debug][gc,ref         ] GC(160) ReferenceProcessor::execute queues: 1, RefProcThreadModel::Single, marks_oops_alive: false
[945.246s][debug][gc,ref         ] GC(160) Skipped phase 3 of Reference Processing: no references
[945.246s][debug][gc,ref         ] GC(160) ReferenceProcessor::execute queues: 1, RefProcThreadModel::Single, marks_oops_alive: false
[945.246s][debug][gc,phases      ] GC(160) Reference Processing 0.196ms
[945.246s][debug][gc,phases      ] GC(160)   VM Weak                        Min:  0.0, Avg:  0.0, Max:  0.0, Diff:  0.0, Sum:  0.0, Workers: 4
[945.246s][debug][gc,phases      ] GC(160)     Dead                           Min: 0, Avg:  0.0, Max: 0, Diff: 0, Sum: 0, Workers: 4
[945.246s][debug][gc,phases      ] GC(160)     Total                          Min: 0, Avg: 168.5, Max: 576, Diff: 576, Sum: 674, Workers: 4
[945.246s][debug][gc,phases      ] GC(160)   ObjectSynchronizer Weak        Min:  0.0, Avg:  0.0, Max:  0.0, Diff:  0.0, Sum:  0.0, Workers: 4
[945.246s][debug][gc,phases      ] GC(160)     Dead                           Min: 0, Avg:  0.0, Max: 0, Diff: 0, Sum: 0, Workers: 4
[945.246s][debug][gc,phases      ] GC(160)     Total                          Min: 0, Avg: 103.2, Max: 192, Diff: 192, Sum: 413, Workers: 4
[945.246s][debug][gc,phases      ] GC(160)   JVMTI Tag Weak OopStorage      Min:  0.0, Avg:  0.0, Max:  0.0, Diff:  0.0, Sum:  0.0, Workers: 4
[945.246s][debug][gc,phases      ] GC(160)     Dead                           Min: 0, Avg:  0.0, Max: 0, Diff: 0, Sum: 0, Workers: 4
[945.246s][debug][gc,phases      ] GC(160)     Total                          Min: 0, Avg:  0.0, Max: 0, Diff: 0, Sum: 0, Workers: 4
[945.246s][debug][gc,phases      ] GC(160)   StringTable Weak               Min:  0.1, Avg:  0.1, Max:  0.1, Diff:  0.0, Sum:  0.4, Workers: 4
[945.246s][debug][gc,phases      ] GC(160)     Dead                           Min: 0, Avg:  0.5, Max: 2, Diff: 2, Sum: 2, Workers: 4
[945.246s][debug][gc,phases      ] GC(160)     Total                          Min: 11328, Avg: 11998.2, Max: 12601, Diff: 1273, Sum: 47993, Workers: 4
[945.246s][debug][gc,phases      ] GC(160)   ResolvedMethodTable Weak       Min:  0.0, Avg:  0.0, Max:  0.0, Diff:  0.0, Sum:  0.1, Workers: 4
[945.247s][debug][gc,phases      ] GC(160)     Dead                           Min: 0, Avg:  0.0, Max: 0, Diff: 0, Sum: 0, Workers: 4
[945.247s][debug][gc,phases      ] GC(160)     Total                          Min: 1920, Avg: 2096.0, Max: 2304, Diff: 384, Sum: 8384, Workers: 4
[945.247s][debug][gc,phases      ] GC(160)   JNI Weak                       Min:  0.0, Avg:  0.0, Max:  0.0, Diff:  0.0, Sum:  0.0, Workers: 4
[945.247s][debug][gc,phases      ] GC(160)     Dead                           Min: 0, Avg:  0.0, Max: 0, Diff: 0, Sum: 0, Workers: 4
[945.247s][debug][gc,phases      ] GC(160)     Total                          Min: 0, Avg:  0.0, Max: 0, Diff: 0, Sum: 0, Workers: 4
[945.247s][debug][gc,phases      ] GC(160)   StringDedup Table Weak         Min:  0.0, Avg:  0.0, Max:  0.0, Diff:  0.0, Sum:  0.0, Workers: 4
[945.247s][debug][gc,phases      ] GC(160)     Dead                           Min: 0, Avg:  0.0, Max: 0, Diff: 0, Sum: 0, Workers: 4
[945.247s][debug][gc,phases      ] GC(160)     Total                          Min: 0, Avg:  0.0, Max: 0, Diff: 0, Sum: 0, Workers: 4
[945.247s][debug][gc,phases      ] GC(160)   StringDedup Requests0 Weak     Min:  0.0, Avg:  0.0, Max:  0.0, Diff:  0.0, Sum:  0.0, Workers: 4
[945.247s][debug][gc,phases      ] GC(160)     Dead                           Min: 0, Avg:  0.0, Max: 0, Diff: 0, Sum: 0, Workers: 4
[945.247s][debug][gc,phases      ] GC(160)     Total                          Min: 0, Avg:  0.0, Max: 0, Diff: 0, Sum: 0, Workers: 4
[945.247s][debug][gc,phases      ] GC(160)   StringDedup Requests1 Weak     Min:  0.0, Avg:  0.0, Max:  0.0, Diff:  0.0, Sum:  0.0, Workers: 4
[945.247s][debug][gc,phases      ] GC(160)     Dead                           Min: 0, Avg:  0.0, Max: 0, Diff: 0, Sum: 0, Workers: 4
[945.247s][debug][gc,phases      ] GC(160)     Total                          Min: 0, Avg:  0.0, Max: 0, Diff: 0, Sum: 0, Workers: 4
[945.247s][debug][gc,phases      ] GC(160)   Weak JFR Old Object Samples    Min:  0.0, Avg:  0.0, Max:  0.0, Diff:  0.0, Sum:  0.0, Workers: 4
[945.247s][debug][gc,phases      ] GC(160)     Dead                           Min: 0, Avg:  0.0, Max: 0, Diff: 0, Sum: 0, Workers: 4
[945.247s][debug][gc,phases      ] GC(160)     Total                          Min: 0, Avg:  0.0, Max: 0, Diff: 0, Sum: 0, Workers: 4
[945.247s][debug][gc,phases      ] GC(160) Weak Processing 0.316ms
[945.247s][debug][gc,age         ] GC(160) Desired survivor size 169869312 bytes, new threshold 15 (max threshold 15)
[945.247s][info ][gc,heap        ] GC(160) PSYoungGen: 1824142K(1925120K)->89422K(1915392K) Eden: 1743360K(1743360K)->0K(1743360K) From: 80782K(181760K)->89422K(172032K)
[945.247s][info ][gc,heap        ] GC(160) ParOldGen: 540156K(712192K)->540228K(712192K)
[945.247s][info ][gc,metaspace   ] GC(160) Metaspace: 83300K(84160K)->83300K(84160K) NonClass: 71651K(72128K)->71651K(72128K) Class: 11649K(12032K)->11649K(12032K)
[945.247s][info ][gc             ] GC(160) Pause Young (Allocation Failure) 2308M->614M(2566M) 21.003ms
[945.247s][info ][gc,cpu         ] GC(160) User=0.08s Sys=0.00s Real=0.02s
[945.247s][info ][safepoint      ] Safepoint "ParallelGCFailedAllocation", Time since last: 993953870 ns, Reaching safepoint: 159909 ns, At safepoint: 21098048 ns, Total: 21257957 ns
[946.247s][info ][safepoint      ] Safepoint "Cleanup", Time since last: 1000086132 ns, Reaching safepoint: 95405 ns, At safepoint: 5901 ns, Total: 101306 ns
[947.247s][info ][safepoint      ] Safepoint "Cleanup", Time since last: 1000111534 ns, Reaching safepoint: 162609 ns, At safepoint: 38002 ns, Total: 200611 ns
[948.247s][info ][safepoint      ] Safepoint "Cleanup", Time since last: 1000112334 ns, Reaching safepoint: 114507 ns, At safepoint: 11601 ns, Total: 126108 ns
[949.248s][info ][safepoint      ] Safepoint "Cleanup", Time since last: 1000104433 ns, Reaching safepoint: 177610 ns, At safepoint: 30902 ns, Total: 208512 ns
[949.565s][info ][gc,start       ] GC(161) Pause Young (Allocation Failure)
[949.589s][debug][gc,phases      ] GC(161) Scavenge 23.932ms
[949.589s][debug][gc,ref         ] GC(161) Skipped phase 1 of Reference Processing: no references
[949.589s][debug][gc,ref         ] GC(161) ReferenceProcessor::execute queues: 1, RefProcThreadModel::Single, marks_oops_alive: false
[949.589s][debug][gc,ref         ] GC(161) Skipped phase 3 of Reference Processing: no references
[949.589s][debug][gc,ref         ] GC(161) ReferenceProcessor::execute queues: 1, RefProcThreadModel::Single, marks_oops_alive: false
[949.589s][debug][gc,phases      ] GC(161) Reference Processing 0.139ms
[949.589s][debug][gc,phases      ] GC(161)   VM Weak                        Min:  0.0, Avg:  0.0, Max:  0.0, Diff:  0.0, Sum:  0.0, Workers: 4
[949.589s][debug][gc,phases      ] GC(161)     Dead                           Min: 0, Avg:  0.0, Max: 0, Diff: 0, Sum: 0, Workers: 4
[949.589s][debug][gc,phases      ] GC(161)     Total                          Min: 0, Avg: 168.5, Max: 418, Diff: 418, Sum: 674, Workers: 4
[949.589s][debug][gc,phases      ] GC(161)   ObjectSynchronizer Weak        Min:  0.0, Avg:  0.0, Max:  0.0, Diff:  0.0, Sum:  0.0, Workers: 4
[949.589s][debug][gc,phases      ] GC(161)     Dead                           Min: 0, Avg:  0.0, Max: 0, Diff: 0, Sum: 0, Workers: 4
[949.589s][debug][gc,phases      ] GC(161)     Total                          Min: 0, Avg: 103.2, Max: 221, Diff: 221, Sum: 413, Workers: 4
[949.589s][debug][gc,phases      ] GC(161)   JVMTI Tag Weak OopStorage      Min:  0.0, Avg:  0.0, Max:  0.0, Diff:  0.0, Sum:  0.0, Workers: 4
[949.589s][debug][gc,phases      ] GC(161)     Dead                           Min: 0, Avg:  0.0, Max: 0, Diff: 0, Sum: 0, Workers: 4
[949.589s][debug][gc,phases      ] GC(161)     Total                          Min: 0, Avg:  0.0, Max: 0, Diff: 0, Sum: 0, Workers: 4
[949.589s][debug][gc,phases      ] GC(161)   StringTable Weak               Min:  0.1, Avg:  0.1, Max:  0.1, Diff:  0.0, Sum:  0.5, Workers: 4
[949.589s][debug][gc,phases      ] GC(161)     Dead                           Min: 0, Avg:  0.2, Max: 1, Diff: 1, Sum: 1, Workers: 4
[949.589s][debug][gc,phases      ] GC(161)     Total                          Min: 11136, Avg: 12005.0, Max: 13504, Diff: 2368, Sum: 48020, Workers: 4
[949.589s][debug][gc,phases      ] GC(161)   ResolvedMethodTable Weak       Min:  0.0, Avg:  0.0, Max:  0.0, Diff:  0.0, Sum:  0.1, Workers: 4
[949.589s][debug][gc,phases      ] GC(161)     Dead                           Min: 0, Avg:  0.0, Max: 0, Diff: 0, Sum: 0, Workers: 4
[949.589s][debug][gc,phases      ] GC(161)     Total                          Min: 1920, Avg: 2100.5, Max: 2432, Diff: 512, Sum: 8402, Workers: 4
[949.589s][debug][gc,phases      ] GC(161)   JNI Weak                       Min:  0.0, Avg:  0.0, Max:  0.0, Diff:  0.0, Sum:  0.0, Workers: 4
[949.589s][debug][gc,phases      ] GC(161)     Dead                           Min: 0, Avg:  0.0, Max: 0, Diff: 0, Sum: 0, Workers: 4
[949.589s][debug][gc,phases      ] GC(161)     Total                          Min: 0, Avg:  0.5, Max: 2, Diff: 2, Sum: 2, Workers: 4
[949.589s][debug][gc,phases      ] GC(161)   StringDedup Table Weak         Min:  0.0, Avg:  0.0, Max:  0.0, Diff:  0.0, Sum:  0.0, Workers: 4
[949.589s][debug][gc,phases      ] GC(161)     Dead                           Min: 0, Avg:  0.0, Max: 0, Diff: 0, Sum: 0, Workers: 4
[949.589s][debug][gc,phases      ] GC(161)     Total                          Min: 0, Avg:  0.0, Max: 0, Diff: 0, Sum: 0, Workers: 4
[949.589s][debug][gc,phases      ] GC(161)   StringDedup Requests0 Weak     Min:  0.0, Avg:  0.0, Max:  0.0, Diff:  0.0, Sum:  0.0, Workers: 4
[949.589s][debug][gc,phases      ] GC(161)     Dead                           Min: 0, Avg:  0.0, Max: 0, Diff: 0, Sum: 0, Workers: 4
[949.589s][debug][gc,phases      ] GC(161)     Total                          Min: 0, Avg:  0.0, Max: 0, Diff: 0, Sum: 0, Workers: 4
[949.589s][debug][gc,phases      ] GC(161)   StringDedup Requests1 Weak     Min:  0.0, Avg:  0.0, Max:  0.0, Diff:  0.0, Sum:  0.0, Workers: 4
[949.589s][debug][gc,phases      ] GC(161)     Dead                           Min: 0, Avg:  0.0, Max: 0, Diff: 0, Sum: 0, Workers: 4
[949.589s][debug][gc,phases      ] GC(161)     Total                          Min: 0, Avg:  0.0, Max: 0, Diff: 0, Sum: 0, Workers: 4
[949.589s][debug][gc,phases      ] GC(161)   Weak JFR Old Object Samples    Min:  0.0, Avg:  0.0, Max:  0.0, Diff:  0.0, Sum:  0.0, Workers: 4
[949.589s][debug][gc,phases      ] GC(161)     Dead                           Min: 0, Avg:  0.0, Max: 0, Diff: 0, Sum: 0, Workers: 4
[949.589s][debug][gc,phases      ] GC(161)     Total                          Min: 0, Avg:  0.0, Max: 0, Diff: 0, Sum: 0, Workers: 4
[949.589s][debug][gc,phases      ] GC(161) Weak Processing 0.337ms
[949.589s][debug][gc,age         ] GC(161) Desired survivor size 168296448 bytes, new threshold 15 (max threshold 15)
[949.589s][info ][gc,heap        ] GC(161) PSYoungGen: 1832782K(1915392K)->100030K(1932800K) Eden: 1743360K(1743360K)->0K(1766912K) From: 89422K(172032K)->100030K(165888K)
[949.589s][info ][gc,heap        ] GC(161) ParOldGen: 540228K(712192K)->540260K(712192K)
[949.589s][info ][gc,metaspace   ] GC(161) Metaspace: 83478K(84288K)->83478K(84288K) NonClass: 71812K(72256K)->71812K(72256K) Class: 11665K(12032K)->11665K(12032K)
[949.589s][info ][gc             ] GC(161) Pause Young (Allocation Failure) 2317M->625M(2583M) 24.535ms
[949.589s][info ][gc,cpu         ] GC(161) User=0.12s Sys=0.00s Real=0.02s
[949.589s][info ][safepoint      ] Safepoint "ParallelGCFailedAllocation", Time since last: 316800632 ns, Reaching safepoint: 119207 ns, At safepoint: 24620656 ns, Total: 24739863 ns
[950.589s][info ][safepoint      ] Safepoint "Cleanup", Time since last: 1000080531 ns, Reaching safepoint: 101206 ns, At safepoint: 5401 ns, Total: 106607 ns
[951.590s][info ][safepoint      ] Safepoint "Cleanup", Time since last: 1000096833 ns, Reaching safepoint: 152809 ns, At safepoint: 18901 ns, Total: 171710 ns
[952.590s][info ][safepoint      ] Safepoint "Cleanup", Time since last: 1000115934 ns, Reaching safepoint: 122207 ns, At safepoint: 8100 ns, Total: 130307 ns
[953.590s][info ][safepoint      ] Safepoint "Cleanup", Time since last: 1000059131 ns, Reaching safepoint: 68004 ns, At safepoint: 9801 ns, Total: 77805 ns
[954.590s][info ][safepoint      ] Safepoint "Cleanup", Time since last: 1000094632 ns, Reaching safepoint: 64904 ns, At safepoint: 9001 ns, Total: 73905 ns
[955.590s][info ][safepoint      ] Safepoint "Cleanup", Time since last: 1000101433 ns, Reaching safepoint: 57103 ns, At safepoint: 7701 ns, Total: 64804 ns
[956.068s][info ][gc,start       ] GC(162) Pause Young (Allocation Failure)
[956.092s][debug][gc,phases      ] GC(162) Scavenge 23.896ms
[956.092s][debug][gc,ref         ] GC(162) Skipped phase 1 of Reference Processing: no references
[956.092s][debug][gc,ref         ] GC(162) ReferenceProcessor::execute queues: 1, RefProcThreadModel::Single, marks_oops_alive: false
[956.092s][debug][gc,ref         ] GC(162) Skipped phase 3 of Reference Processing: no references
[956.092s][debug][gc,ref         ] GC(162) ReferenceProcessor::execute queues: 1, RefProcThreadModel::Single, marks_oops_alive: false
[956.092s][debug][gc,phases      ] GC(162) Reference Processing 0.161ms
[956.092s][debug][gc,phases      ] GC(162)   VM Weak                        Min:  0.0, Avg:  0.0, Max:  0.0, Diff:  0.0, Sum:  0.0, Workers: 4
[956.092s][debug][gc,phases      ] GC(162)     Dead                           Min: 0, Avg:  0.0, Max: 0, Diff: 0, Sum: 0, Workers: 4
[956.092s][debug][gc,phases      ] GC(162)     Total                          Min: 0, Avg: 170.5, Max: 362, Diff: 362, Sum: 682, Workers: 4
[956.092s][debug][gc,phases      ] GC(162)   ObjectSynchronizer Weak        Min:  0.0, Avg:  0.0, Max:  0.0, Diff:  0.0, Sum:  0.0, Workers: 4
[956.092s][debug][gc,phases      ] GC(162)     Dead                           Min: 0, Avg:  0.0, Max: 0, Diff: 0, Sum: 0, Workers: 4
[956.092s][debug][gc,phases      ] GC(162)     Total                          Min: 0, Avg: 103.2, Max: 256, Diff: 256, Sum: 413, Workers: 4
[956.092s][debug][gc,phases      ] GC(162)   JVMTI Tag Weak OopStorage      Min:  0.0, Avg:  0.0, Max:  0.0, Diff:  0.0, Sum:  0.0, Workers: 4
[956.092s][debug][gc,phases      ] GC(162)     Dead                           Min: 0, Avg:  0.0, Max: 0, Diff: 0, Sum: 0, Workers: 4
[956.092s][debug][gc,phases      ] GC(162)     Total                          Min: 0, Avg:  0.0, Max: 0, Diff: 0, Sum: 0, Workers: 4
[956.092s][debug][gc,phases      ] GC(162)   StringTable Weak               Min:  0.1, Avg:  0.1, Max:  0.1, Diff:  0.0, Sum:  0.4, Workers: 4
[956.092s][debug][gc,phases      ] GC(162)     Dead                           Min: 0, Avg:  0.2, Max: 1, Diff: 1, Sum: 1, Workers: 4
[956.092s][debug][gc,phases      ] GC(162)     Total                          Min: 11264, Avg: 12009.5, Max: 12774, Diff: 1510, Sum: 48038, Workers: 4
[956.092s][debug][gc,phases      ] GC(162)   ResolvedMethodTable Weak       Min:  0.0, Avg:  0.0, Max:  0.0, Diff:  0.0, Sum:  0.1, Workers: 4
[956.092s][debug][gc,phases      ] GC(162)     Dead                           Min: 0, Avg:  0.0, Max: 0, Diff: 0, Sum: 0, Workers: 4
[956.092s][debug][gc,phases      ] GC(162)     Total                          Min: 1852, Avg: 2111.0, Max: 2304, Diff: 452, Sum: 8444, Workers: 4
[956.092s][debug][gc,phases      ] GC(162)   JNI Weak                       Min:  0.0, Avg:  0.0, Max:  0.0, Diff:  0.0, Sum:  0.0, Workers: 4
[956.092s][debug][gc,phases      ] GC(162)     Dead                           Min: 0, Avg:  0.0, Max: 0, Diff: 0, Sum: 0, Workers: 4
[956.092s][debug][gc,phases      ] GC(162)     Total                          Min: 0, Avg:  0.0, Max: 0, Diff: 0, Sum: 0, Workers: 4
[956.092s][debug][gc,phases      ] GC(162)   StringDedup Table Weak         Min:  0.0, Avg:  0.0, Max:  0.0, Diff:  0.0, Sum:  0.0, Workers: 4
[956.092s][debug][gc,phases      ] GC(162)     Dead                           Min: 0, Avg:  0.0, Max: 0, Diff: 0, Sum: 0, Workers: 4
[956.092s][debug][gc,phases      ] GC(162)     Total                          Min: 0, Avg:  0.0, Max: 0, Diff: 0, Sum: 0, Workers: 4
[956.092s][debug][gc,phases      ] GC(162)   StringDedup Requests0 Weak     Min:  0.0, Avg:  0.0, Max:  0.0, Diff:  0.0, Sum:  0.0, Workers: 4
[956.092s][debug][gc,phases      ] GC(162)     Dead                           Min: 0, Avg:  0.0, Max: 0, Diff: 0, Sum: 0, Workers: 4
[956.092s][debug][gc,phases      ] GC(162)     Total                          Min: 0, Avg:  0.0, Max: 0, Diff: 0, Sum: 0, Workers: 4
[956.092s][debug][gc,phases      ] GC(162)   StringDedup Requests1 Weak     Min:  0.0, Avg:  0.0, Max:  0.0, Diff:  0.0, Sum:  0.0, Workers: 4
[956.092s][debug][gc,phases      ] GC(162)     Dead                           Min: 0, Avg:  0.0, Max: 0, Diff: 0, Sum: 0, Workers: 4
[956.092s][debug][gc,phases      ] GC(162)     Total                          Min: 0, Avg:  0.0, Max: 0, Diff: 0, Sum: 0, Workers: 4
[956.092s][debug][gc,phases      ] GC(162)   Weak JFR Old Object Samples    Min:  0.0, Avg:  0.0, Max:  0.0, Diff:  0.0, Sum:  0.0, Workers: 4
[956.092s][debug][gc,phases      ] GC(162)     Dead                           Min: 0, Avg:  0.0, Max: 0, Diff: 0, Sum: 0, Workers: 4
[956.092s][debug][gc,phases      ] GC(162)     Total                          Min: 0, Avg:  0.0, Max: 0, Diff: 0, Sum: 0, Workers: 4
[956.092s][debug][gc,phases      ] GC(162) Weak Processing 0.362ms
[956.092s][debug][gc,age         ] GC(162) Desired survivor size 170393600 bytes, new threshold 15 (max threshold 15)
[956.092s][info ][gc,heap        ] GC(162) PSYoungGen: 1866942K(1932800K)->111119K(1878528K) Eden: 1766912K(1766912K)->0K(1766912K) From: 100030K(165888K)->111119K(111616K)
[956.092s][info ][gc,heap        ] GC(162) ParOldGen: 540260K(712192K)->540292K(712192K)
[956.092s][info ][gc,metaspace   ] GC(162) Metaspace: 83604K(84416K)->83604K(84416K) NonClass: 71924K(72384K)->71924K(72384K) Class: 11679K(12032K)->11679K(12032K)
[956.092s][info ][gc             ] GC(162) Pause Young (Allocation Failure) 2350M->636M(2530M) 24.555ms
[956.092s][info ][gc,cpu         ] GC(162) User=0.09s Sys=0.00s Real=0.02s
[956.092s][info ][safepoint      ] Safepoint "ParallelGCFailedAllocation", Time since last: 476981302 ns, Reaching safepoint: 109407 ns, At safepoint: 24645357 ns, Total: 24754764 ns
[957.092s][info ][safepoint      ] Safepoint "Cleanup", Time since last: 1000089732 ns, Reaching safepoint: 121708 ns, At safepoint: 13000 ns, Total: 134708 ns
[958.093s][info ][safepoint      ] Safepoint "Cleanup", Time since last: 1000069632 ns, Reaching safepoint: 58703 ns, At safepoint: 5600 ns, Total: 64303 ns
[959.312s][info ][gc,start       ] GC(163) Pause Young (Allocation Failure)
[959.340s][debug][gc,phases      ] GC(163) Scavenge 28.047ms
[959.340s][debug][gc,ref         ] GC(163) Skipped phase 1 of Reference Processing: no references
[959.340s][debug][gc,ref         ] GC(163) ReferenceProcessor::execute queues: 1, RefProcThreadModel::Single, marks_oops_alive: false
[959.340s][debug][gc,ref         ] GC(163) Skipped phase 3 of Reference Processing: no references
[959.340s][debug][gc,ref         ] GC(163) ReferenceProcessor::execute queues: 1, RefProcThreadModel::Single, marks_oops_alive: false
[959.340s][debug][gc,phases      ] GC(163) Reference Processing 0.152ms
[959.340s][debug][gc,phases      ] GC(163)   VM Weak                        Min:  0.0, Avg:  0.0, Max:  0.0, Diff:  0.0, Sum:  0.0, Workers: 4
[959.340s][debug][gc,phases      ] GC(163)     Dead                           Min: 0, Avg:  0.0, Max: 0, Diff: 0, Sum: 0, Workers: 4
[959.340s][debug][gc,phases      ] GC(163)     Total                          Min: 0, Avg: 171.5, Max: 384, Diff: 384, Sum: 686, Workers: 4
[959.340s][debug][gc,phases      ] GC(163)   ObjectSynchronizer Weak        Min:  0.0, Avg:  0.0, Max:  0.0, Diff:  0.0, Sum:  0.0, Workers: 4
[959.341s][debug][gc,phases      ] GC(163)     Dead                           Min: 0, Avg:  0.0, Max: 0, Diff: 0, Sum: 0, Workers: 4
[959.341s][debug][gc,phases      ] GC(163)     Total                          Min: 0, Avg: 103.2, Max: 192, Diff: 192, Sum: 413, Workers: 4
[959.341s][debug][gc,phases      ] GC(163)   JVMTI Tag Weak OopStorage      Min:  0.0, Avg:  0.0, Max:  0.0, Diff:  0.0, Sum:  0.0, Workers: 4
[959.341s][debug][gc,phases      ] GC(163)     Dead                           Min: 0, Avg:  0.0, Max: 0, Diff: 0, Sum: 0, Workers: 4
[959.341s][debug][gc,phases      ] GC(163)     Total                          Min: 0, Avg:  0.0, Max: 0, Diff: 0, Sum: 0, Workers: 4
[959.341s][debug][gc,phases      ] GC(163)   StringTable Weak               Min:  0.1, Avg:  0.1, Max:  0.1, Diff:  0.0, Sum:  0.5, Workers: 4
[959.341s][debug][gc,phases      ] GC(163)     Dead                           Min: 0, Avg:  0.2, Max: 1, Diff: 1, Sum: 1, Workers: 4
[959.341s][debug][gc,phases      ] GC(163)     Total                          Min: 11775, Avg: 12010.8, Max: 12396, Diff: 621, Sum: 48043, Workers: 4
[959.341s][debug][gc,phases      ] GC(163)   ResolvedMethodTable Weak       Min:  0.0, Avg:  0.0, Max:  0.0, Diff:  0.0, Sum:  0.1, Workers: 4
[959.341s][debug][gc,phases      ] GC(163)     Dead                           Min: 0, Avg:  0.0, Max: 0, Diff: 0, Sum: 0, Workers: 4
[959.341s][debug][gc,phases      ] GC(163)     Total                          Min: 1984, Avg: 2116.8, Max: 2323, Diff: 339, Sum: 8467, Workers: 4
[959.341s][debug][gc,phases      ] GC(163)   JNI Weak                       Min:  0.0, Avg:  0.0, Max:  0.0, Diff:  0.0, Sum:  0.0, Workers: 4
[959.341s][debug][gc,phases      ] GC(163)     Dead                           Min: 0, Avg:  0.0, Max: 0, Diff: 0, Sum: 0, Workers: 4
[959.341s][debug][gc,phases      ] GC(163)     Total                          Min: 0, Avg:  0.5, Max: 2, Diff: 2, Sum: 2, Workers: 4
[959.341s][debug][gc,phases      ] GC(163)   StringDedup Table Weak         Min:  0.0, Avg:  0.0, Max:  0.0, Diff:  0.0, Sum:  0.0, Workers: 4
[959.341s][debug][gc,phases      ] GC(163)     Dead                           Min: 0, Avg:  0.0, Max: 0, Diff: 0, Sum: 0, Workers: 4
[959.341s][debug][gc,phases      ] GC(163)     Total                          Min: 0, Avg:  0.0, Max: 0, Diff: 0, Sum: 0, Workers: 4
[959.341s][debug][gc,phases      ] GC(163)   StringDedup Requests0 Weak     Min:  0.0, Avg:  0.0, Max:  0.0, Diff:  0.0, Sum:  0.0, Workers: 4
[959.341s][debug][gc,phases      ] GC(163)     Dead                           Min: 0, Avg:  0.0, Max: 0, Diff: 0, Sum: 0, Workers: 4
[959.341s][debug][gc,phases      ] GC(163)     Total                          Min: 0, Avg:  0.0, Max: 0, Diff: 0, Sum: 0, Workers: 4
[959.341s][debug][gc,phases      ] GC(163)   StringDedup Requests1 Weak     Min:  0.0, Avg:  0.0, Max:  0.0, Diff:  0.0, Sum:  0.0, Workers: 4
[959.341s][debug][gc,phases      ] GC(163)     Dead                           Min: 0, Avg:  0.0, Max: 0, Diff: 0, Sum: 0, Workers: 4
[959.341s][debug][gc,phases      ] GC(163)     Total                          Min: 0, Avg:  0.0, Max: 0, Diff: 0, Sum: 0, Workers: 4
[959.341s][debug][gc,phases      ] GC(163)   Weak JFR Old Object Samples    Min:  0.0, Avg:  0.0, Max:  0.0, Diff:  0.0, Sum:  0.0, Workers: 4
[959.341s][debug][gc,phases      ] GC(163)     Dead                           Min: 0, Avg:  0.0, Max: 0, Diff: 0, Sum: 0, Workers: 4
[959.341s][debug][gc,phases      ] GC(163)     Total                          Min: 0, Avg:  0.0, Max: 0, Diff: 0, Sum: 0, Workers: 4
[959.341s][debug][gc,phases      ] GC(163) Weak Processing 0.349ms
[959.341s][debug][gc,age         ] GC(163) Desired survivor size 175112192 bytes, new threshold 15 (max threshold 15)
[959.341s][info ][gc,heap        ] GC(163) PSYoungGen: 1878031K(1878528K)->121343K(1921536K) Eden: 1766912K(1766912K)->0K(1755136K) From: 111119K(111616K)->121343K(166400K)
[959.341s][info ][gc,heap        ] GC(163) ParOldGen: 540292K(712192K)->540308K(712192K)
[959.341s][info ][gc,metaspace   ] GC(163) Metaspace: 83655K(84544K)->83655K(84544K) NonClass: 71967K(72448K)->71967K(72448K) Class: 11688K(12096K)->11688K(12096K)
[959.341s][info ][gc             ] GC(163) Pause Young (Allocation Failure) 2361M->646M(2572M) 28.686ms
[959.341s][info ][gc,cpu         ] GC(163) User=0.12s Sys=0.00s Real=0.03s
[959.341s][info ][safepoint      ] Safepoint "ParallelGCFailedAllocation", Time since last: 1219179887 ns, Reaching safepoint: 234114 ns, At safepoint: 28801403 ns, Total: 29035517 ns
[960.341s][info ][safepoint      ] Safepoint "Cleanup", Time since last: 1000043930 ns, Reaching safepoint: 68504 ns, At safepoint: 7700 ns, Total: 76204 ns
[961.341s][info ][safepoint      ] Safepoint "Cleanup", Time since last: 1000107634 ns, Reaching safepoint: 141808 ns, At safepoint: 13701 ns, Total: 155509 ns
[962.341s][info ][safepoint      ] Safepoint "Cleanup", Time since last: 1000102533 ns, Reaching safepoint: 49103 ns, At safepoint: 6900 ns, Total: 56003 ns
[962.999s][info ][gc,start       ] GC(164) Pause Young (Allocation Failure)
[963.024s][debug][gc,phases      ] GC(164) Scavenge 24.752ms
[963.024s][debug][gc,ref         ] GC(164) Skipped phase 1 of Reference Processing: no references
[963.024s][debug][gc,ref         ] GC(164) ReferenceProcessor::execute queues: 1, RefProcThreadModel::Single, marks_oops_alive: false
[963.024s][debug][gc,ref         ] GC(164) Skipped phase 3 of Reference Processing: no references
[963.024s][debug][gc,ref         ] GC(164) ReferenceProcessor::execute queues: 1, RefProcThreadModel::Single, marks_oops_alive: false
[963.024s][debug][gc,phases      ] GC(164) Reference Processing 0.141ms
[963.024s][debug][gc,phases      ] GC(164)   VM Weak                        Min:  0.0, Avg:  0.0, Max:  0.0, Diff:  0.0, Sum:  0.0, Workers: 4
[963.024s][debug][gc,phases      ] GC(164)     Dead                           Min: 0, Avg:  0.0, Max: 0, Diff: 0, Sum: 0, Workers: 4
[963.024s][debug][gc,phases      ] GC(164)     Total                          Min: 0, Avg: 172.8, Max: 371, Diff: 371, Sum: 691, Workers: 4
[963.024s][debug][gc,phases      ] GC(164)   ObjectSynchronizer Weak        Min:  0.0, Avg:  0.0, Max:  0.0, Diff:  0.0, Sum:  0.0, Workers: 4
[963.024s][debug][gc,phases      ] GC(164)     Dead                           Min: 0, Avg:  0.0, Max: 0, Diff: 0, Sum: 0, Workers: 4
[963.024s][debug][gc,phases      ] GC(164)     Total                          Min: 0, Avg: 103.2, Max: 320, Diff: 320, Sum: 413, Workers: 4
[963.024s][debug][gc,phases      ] GC(164)   JVMTI Tag Weak OopStorage      Min:  0.0, Avg:  0.0, Max:  0.0, Diff:  0.0, Sum:  0.0, Workers: 4
[963.024s][debug][gc,phases      ] GC(164)     Dead                           Min: 0, Avg:  0.0, Max: 0, Diff: 0, Sum: 0, Workers: 4
[963.024s][debug][gc,phases      ] GC(164)     Total                          Min: 0, Avg:  0.0, Max: 0, Diff: 0, Sum: 0, Workers: 4
[963.024s][debug][gc,phases      ] GC(164)   StringTable Weak               Min:  0.1, Avg:  0.1, Max:  0.1, Diff:  0.0, Sum:  0.4, Workers: 4
[963.024s][debug][gc,phases      ] GC(164)     Dead                           Min: 0, Avg:  0.0, Max: 0, Diff: 0, Sum: 0, Workers: 4
[963.024s][debug][gc,phases      ] GC(164)     Total                          Min: 11712, Avg: 12011.8, Max: 12527, Diff: 815, Sum: 48047, Workers: 4
[963.024s][debug][gc,phases      ] GC(164)   ResolvedMethodTable Weak       Min:  0.0, Avg:  0.0, Max:  0.0, Diff:  0.0, Sum:  0.1, Workers: 4
[963.024s][debug][gc,phases      ] GC(164)     Dead                           Min: 0, Avg:  0.0, Max: 0, Diff: 0, Sum: 0, Workers: 4
[963.024s][debug][gc,phases      ] GC(164)     Total                          Min: 2048, Avg: 2120.5, Max: 2210, Diff: 162, Sum: 8482, Workers: 4
[963.024s][debug][gc,phases      ] GC(164)   JNI Weak                       Min:  0.0, Avg:  0.0, Max:  0.0, Diff:  0.0, Sum:  0.0, Workers: 4
[963.024s][debug][gc,phases      ] GC(164)     Dead                           Min: 0, Avg:  0.0, Max: 0, Diff: 0, Sum: 0, Workers: 4
[963.024s][debug][gc,phases      ] GC(164)     Total                          Min: 0, Avg:  0.0, Max: 0, Diff: 0, Sum: 0, Workers: 4
[963.024s][debug][gc,phases      ] GC(164)   StringDedup Table Weak         Min:  0.0, Avg:  0.0, Max:  0.0, Diff:  0.0, Sum:  0.0, Workers: 4
[963.024s][debug][gc,phases      ] GC(164)     Dead                           Min: 0, Avg:  0.0, Max: 0, Diff: 0, Sum: 0, Workers: 4
[963.024s][debug][gc,phases      ] GC(164)     Total                          Min: 0, Avg:  0.0, Max: 0, Diff: 0, Sum: 0, Workers: 4
[963.024s][debug][gc,phases      ] GC(164)   StringDedup Requests0 Weak     Min:  0.0, Avg:  0.0, Max:  0.0, Diff:  0.0, Sum:  0.0, Workers: 4
[963.024s][debug][gc,phases      ] GC(164)     Dead                           Min: 0, Avg:  0.0, Max: 0, Diff: 0, Sum: 0, Workers: 4
[963.024s][debug][gc,phases      ] GC(164)     Total                          Min: 0, Avg:  0.0, Max: 0, Diff: 0, Sum: 0, Workers: 4
[963.024s][debug][gc,phases      ] GC(164)   StringDedup Requests1 Weak     Min:  0.0, Avg:  0.0, Max:  0.0, Diff:  0.0, Sum:  0.0, Workers: 4
[963.024s][debug][gc,phases      ] GC(164)     Dead                           Min: 0, Avg:  0.0, Max: 0, Diff: 0, Sum: 0, Workers: 4
[963.024s][debug][gc,phases      ] GC(164)     Total                          Min: 0, Avg:  0.0, Max: 0, Diff: 0, Sum: 0, Workers: 4
[963.024s][debug][gc,phases      ] GC(164)   Weak JFR Old Object Samples    Min:  0.0, Avg:  0.0, Max:  0.0, Diff:  0.0, Sum:  0.0, Workers: 4
[963.024s][debug][gc,phases      ] GC(164)     Dead                           Min: 0, Avg:  0.0, Max: 0, Diff: 0, Sum: 0, Workers: 4
[963.024s][debug][gc,phases      ] GC(164)     Total                          Min: 0, Avg:  0.0, Max: 0, Diff: 0, Sum: 0, Workers: 4
[963.024s][debug][gc,phases      ] GC(164) Weak Processing 0.329ms
[963.024s][debug][gc,age         ] GC(164) Desired survivor size 181927936 bytes, new threshold 15 (max threshold 15)
[963.024s][info ][gc,heap        ] GC(164) PSYoungGen: 1876479K(1921536K)->129471K(1884672K) Eden: 1755136K(1755136K)->0K(1755136K) From: 121343K(166400K)->129471K(129536K)
[963.024s][info ][gc,heap        ] GC(164) ParOldGen: 540308K(712192K)->540340K(712192K)
[963.024s][info ][gc,metaspace   ] GC(164) Metaspace: 83705K(84544K)->83705K(84544K) NonClass: 72010K(72448K)->72010K(72448K) Class: 11694K(12096K)->11694K(12096K)
[963.024s][info ][gc             ] GC(164) Pause Young (Allocation Failure) 2360M->654M(2536M) 25.369ms
[963.024s][info ][gc,cpu         ] GC(164) User=0.09s Sys=0.00s Real=0.03s
[963.024s][info ][safepoint      ] Safepoint "ParallelGCFailedAllocation", Time since last: 657496376 ns, Reaching safepoint: 39903 ns, At safepoint: 25454905 ns, Total: 25494808 ns
[964.024s][info ][safepoint      ] Safepoint "Cleanup", Time since last: 1000038629 ns, Reaching safepoint: 64304 ns, At safepoint: 6400 ns, Total: 70704 ns
[965.025s][info ][safepoint      ] Safepoint "Cleanup", Time since last: 1000103033 ns, Reaching safepoint: 125608 ns, At safepoint: 9700 ns, Total: 135308 ns
[965.366s][info ][safepoint      ] Safepoint "ParallelGCFailedAllocation", Time since last: 340981362 ns, Reaching safepoint: 122707 ns, At safepoint: 24001 ns, Total: 146708 ns
[965.366s][info ][gc,start       ] GC(165) Pause Young (GCLocker Initiated GC)
[965.395s][debug][gc,phases      ] GC(165) Scavenge 29.308ms
[965.395s][debug][gc,ref         ] GC(165) Skipped phase 1 of Reference Processing: no references
[965.395s][debug][gc,ref         ] GC(165) ReferenceProcessor::execute queues: 1, RefProcThreadModel::Single, marks_oops_alive: false
[965.395s][debug][gc,ref         ] GC(165) Skipped phase 3 of Reference Processing: no references
[965.395s][debug][gc,ref         ] GC(165) ReferenceProcessor::execute queues: 1, RefProcThreadModel::Single, marks_oops_alive: false
[965.395s][debug][gc,phases      ] GC(165) Reference Processing 0.138ms
[965.396s][debug][gc,phases      ] GC(165)   VM Weak                        Min:  0.0, Avg:  0.0, Max:  0.0, Diff:  0.0, Sum:  0.0, Workers: 4
[965.396s][debug][gc,phases      ] GC(165)     Dead                           Min: 0, Avg:  0.0, Max: 0, Diff: 0, Sum: 0, Workers: 4
[965.396s][debug][gc,phases      ] GC(165)     Total                          Min: 0, Avg: 172.8, Max: 691, Diff: 691, Sum: 691, Workers: 4
[965.396s][debug][gc,phases      ] GC(165)   ObjectSynchronizer Weak        Min:  0.0, Avg:  0.0, Max:  0.0, Diff:  0.0, Sum:  0.0, Workers: 4
[965.396s][debug][gc,phases      ] GC(165)     Dead                           Min: 0, Avg:  0.0, Max: 0, Diff: 0, Sum: 0, Workers: 4
[965.396s][debug][gc,phases      ] GC(165)     Total                          Min: 0, Avg: 103.2, Max: 413, Diff: 413, Sum: 413, Workers: 4
[965.396s][debug][gc,phases      ] GC(165)   JVMTI Tag Weak OopStorage      Min:  0.0, Avg:  0.0, Max:  0.0, Diff:  0.0, Sum:  0.0, Workers: 4
[965.396s][debug][gc,phases      ] GC(165)     Dead                           Min: 0, Avg:  0.0, Max: 0, Diff: 0, Sum: 0, Workers: 4
[965.396s][debug][gc,phases      ] GC(165)     Total                          Min: 0, Avg:  0.0, Max: 0, Diff: 0, Sum: 0, Workers: 4
[965.396s][debug][gc,phases      ] GC(165)   StringTable Weak               Min:  0.1, Avg:  0.1, Max:  0.1, Diff:  0.0, Sum:  0.4, Workers: 4
[965.396s][debug][gc,phases      ] GC(165)     Dead                           Min: 0, Avg:  0.0, Max: 0, Diff: 0, Sum: 0, Workers: 4
[965.396s][debug][gc,phases      ] GC(165)     Total                          Min: 10944, Avg: 12013.8, Max: 13184, Diff: 2240, Sum: 48055, Workers: 4
[965.396s][debug][gc,phases      ] GC(165)   ResolvedMethodTable Weak       Min:  0.0, Avg:  0.0, Max:  0.0, Diff:  0.0, Sum:  0.1, Workers: 4
[965.396s][debug][gc,phases      ] GC(165)     Dead                           Min: 0, Avg:  0.0, Max: 0, Diff: 0, Sum: 0, Workers: 4
[965.396s][debug][gc,phases      ] GC(165)     Total                          Min: 1984, Avg: 2120.5, Max: 2274, Diff: 290, Sum: 8482, Workers: 4
[965.396s][debug][gc,phases      ] GC(165)   JNI Weak                       Min:  0.0, Avg:  0.0, Max:  0.0, Diff:  0.0, Sum:  0.0, Workers: 4
[965.396s][debug][gc,phases      ] GC(165)     Dead                           Min: 0, Avg:  0.0, Max: 0, Diff: 0, Sum: 0, Workers: 4
[965.396s][debug][gc,phases      ] GC(165)     Total                          Min: 0, Avg:  0.0, Max: 0, Diff: 0, Sum: 0, Workers: 4
[965.396s][debug][gc,phases      ] GC(165)   StringDedup Table Weak         Min:  0.0, Avg:  0.0, Max:  0.0, Diff:  0.0, Sum:  0.0, Workers: 4
[965.396s][debug][gc,phases      ] GC(165)     Dead                           Min: 0, Avg:  0.0, Max: 0, Diff: 0, Sum: 0, Workers: 4
[965.396s][debug][gc,phases      ] GC(165)     Total                          Min: 0, Avg:  0.0, Max: 0, Diff: 0, Sum: 0, Workers: 4
[965.396s][debug][gc,phases      ] GC(165)   StringDedup Requests0 Weak     Min:  0.0, Avg:  0.0, Max:  0.0, Diff:  0.0, Sum:  0.0, Workers: 4
[965.396s][debug][gc,phases      ] GC(165)     Dead                           Min: 0, Avg:  0.0, Max: 0, Diff: 0, Sum: 0, Workers: 4
[965.396s][debug][gc,phases      ] GC(165)     Total                          Min: 0, Avg:  0.0, Max: 0, Diff: 0, Sum: 0, Workers: 4
[965.396s][debug][gc,phases      ] GC(165)   StringDedup Requests1 Weak     Min:  0.0, Avg:  0.0, Max:  0.0, Diff:  0.0, Sum:  0.0, Workers: 4
[965.396s][debug][gc,phases      ] GC(165)     Dead                           Min: 0, Avg:  0.0, Max: 0, Diff: 0, Sum: 0, Workers: 4
[965.396s][debug][gc,phases      ] GC(165)     Total                          Min: 0, Avg:  0.0, Max: 0, Diff: 0, Sum: 0, Workers: 4
[965.396s][debug][gc,phases      ] GC(165)   Weak JFR Old Object Samples    Min:  0.0, Avg:  0.0, Max:  0.0, Diff:  0.0, Sum:  0.0, Workers: 4
[965.396s][debug][gc,phases      ] GC(165)     Dead                           Min: 0, Avg:  0.0, Max: 0, Diff: 0, Sum: 0, Workers: 4
[965.396s][debug][gc,phases      ] GC(165)     Total                          Min: 0, Avg:  0.0, Max: 0, Diff: 0, Sum: 0, Workers: 4
[965.396s][debug][gc,phases      ] GC(165) Weak Processing 0.329ms
[965.396s][debug][gc,age         ] GC(165) Desired survivor size 189267968 bytes, new threshold 15 (max threshold 15)
[965.396s][info ][gc,heap        ] GC(165) PSYoungGen: 1884607K(1884672K)->135935K(1905152K) Eden: 1755136K(1755136K)->0K(1727488K) From: 129471K(129536K)->135935K(177664K)
[965.396s][info ][gc,heap        ] GC(165) ParOldGen: 540340K(712192K)->540372K(712192K)
[965.396s][info ][gc,metaspace   ] GC(165) Metaspace: 83719K(84544K)->83719K(84544K) NonClass: 72025K(72448K)->72025K(72448K) Class: 11694K(12096K)->11694K(12096K)
[965.396s][info ][gc             ] GC(165) Pause Young (GCLocker Initiated GC) 2368M->660M(2556M) 29.892ms
[965.396s][info ][gc,cpu         ] GC(165) User=0.11s Sys=0.00s Real=0.03s
[965.396s][info ][safepoint      ] Safepoint "ParallelGCSystemGC", Time since last: 64804 ns, Reaching safepoint: 56104 ns, At safepoint: 29986173 ns, Total: 30042277 ns
[966.396s][info ][safepoint      ] Safepoint "Cleanup", Time since last: 1000088232 ns, Reaching safepoint: 66404 ns, At safepoint: 9500 ns, Total: 75904 ns
[967.396s][info ][safepoint      ] Safepoint "Cleanup", Time since last: 1000107534 ns, Reaching safepoint: 130308 ns, At safepoint: 14500 ns, Total: 144808 ns
[968.396s][info ][safepoint      ] Safepoint "Cleanup", Time since last: 1000109734 ns, Reaching safepoint: 45803 ns, At safepoint: 7900 ns, Total: 53703 ns
[969.309s][info ][gc,start       ] GC(166) Pause Young (Allocation Failure)
[969.340s][debug][gc,phases      ] GC(166) Scavenge 31.175ms
[969.340s][debug][gc,ref         ] GC(166) Skipped phase 1 of Reference Processing: no references
[969.340s][debug][gc,ref         ] GC(166) ReferenceProcessor::execute queues: 1, RefProcThreadModel::Single, marks_oops_alive: false
[969.340s][debug][gc,ref         ] GC(166) Skipped phase 3 of Reference Processing: no references
[969.340s][debug][gc,ref         ] GC(166) ReferenceProcessor::execute queues: 1, RefProcThreadModel::Single, marks_oops_alive: false
[969.340s][debug][gc,phases      ] GC(166) Reference Processing 0.132ms
[969.340s][debug][gc,phases      ] GC(166)   VM Weak                        Min:  0.0, Avg:  0.0, Max:  0.0, Diff:  0.0, Sum:  0.0, Workers: 4
[969.340s][debug][gc,phases      ] GC(166)     Dead                           Min: 0, Avg:  0.0, Max: 0, Diff: 0, Sum: 0, Workers: 4
[969.340s][debug][gc,phases      ] GC(166)     Total                          Min: 0, Avg: 172.8, Max: 691, Diff: 691, Sum: 691, Workers: 4
[969.340s][debug][gc,phases      ] GC(166)   ObjectSynchronizer Weak        Min:  0.0, Avg:  0.0, Max:  0.0, Diff:  0.0, Sum:  0.0, Workers: 4
[969.340s][debug][gc,phases      ] GC(166)     Dead                           Min: 0, Avg:  0.0, Max: 0, Diff: 0, Sum: 0, Workers: 4
[969.341s][debug][gc,phases      ] GC(166)     Total                          Min: 0, Avg: 103.2, Max: 221, Diff: 221, Sum: 413, Workers: 4
[969.341s][debug][gc,phases      ] GC(166)   JVMTI Tag Weak OopStorage      Min:  0.0, Avg:  0.0, Max:  0.0, Diff:  0.0, Sum:  0.0, Workers: 4
[969.341s][debug][gc,phases      ] GC(166)     Dead                           Min: 0, Avg:  0.0, Max: 0, Diff: 0, Sum: 0, Workers: 4
[969.341s][debug][gc,phases      ] GC(166)     Total                          Min: 0, Avg:  0.0, Max: 0, Diff: 0, Sum: 0, Workers: 4
[969.341s][debug][gc,phases      ] GC(166)   StringTable Weak               Min:  0.1, Avg:  0.1, Max:  0.1, Diff:  0.0, Sum:  0.4, Workers: 4
[969.341s][debug][gc,phases      ] GC(166)     Dead                           Min: 0, Avg:  0.0, Max: 0, Diff: 0, Sum: 0, Workers: 4
[969.341s][debug][gc,phases      ] GC(166)     Total                          Min: 11584, Avg: 12014.0, Max: 12536, Diff: 952, Sum: 48056, Workers: 4
[969.341s][debug][gc,phases      ] GC(166)   ResolvedMethodTable Weak       Min:  0.0, Avg:  0.0, Max:  0.0, Diff:  0.0, Sum:  0.1, Workers: 4
[969.341s][debug][gc,phases      ] GC(166)     Dead                           Min: 0, Avg:  0.0, Max: 0, Diff: 0, Sum: 0, Workers: 4
[969.341s][debug][gc,phases      ] GC(166)     Total                          Min: 1984, Avg: 2120.5, Max: 2304, Diff: 320, Sum: 8482, Workers: 4
[969.341s][debug][gc,phases      ] GC(166)   JNI Weak                       Min:  0.0, Avg:  0.0, Max:  0.0, Diff:  0.0, Sum:  0.0, Workers: 4
[969.341s][debug][gc,phases      ] GC(166)     Dead                           Min: 0, Avg:  0.0, Max: 0, Diff: 0, Sum: 0, Workers: 4
[969.341s][debug][gc,phases      ] GC(166)     Total                          Min: 0, Avg:  0.0, Max: 0, Diff: 0, Sum: 0, Workers: 4
[969.341s][debug][gc,phases      ] GC(166)   StringDedup Table Weak         Min:  0.0, Avg:  0.0, Max:  0.0, Diff:  0.0, Sum:  0.0, Workers: 4
[969.341s][debug][gc,phases      ] GC(166)     Dead                           Min: 0, Avg:  0.0, Max: 0, Diff: 0, Sum: 0, Workers: 4
[969.341s][debug][gc,phases      ] GC(166)     Total                          Min: 0, Avg:  0.0, Max: 0, Diff: 0, Sum: 0, Workers: 4
[969.341s][debug][gc,phases      ] GC(166)   StringDedup Requests0 Weak     Min:  0.0, Avg:  0.0, Max:  0.0, Diff:  0.0, Sum:  0.0, Workers: 4
[969.341s][debug][gc,phases      ] GC(166)     Dead                           Min: 0, Avg:  0.0, Max: 0, Diff: 0, Sum: 0, Workers: 4
[969.341s][debug][gc,phases      ] GC(166)     Total                          Min: 0, Avg:  0.0, Max: 0, Diff: 0, Sum: 0, Workers: 4
[969.341s][debug][gc,phases      ] GC(166)   StringDedup Requests1 Weak     Min:  0.0, Avg:  0.0, Max:  0.0, Diff:  0.0, Sum:  0.0, Workers: 4
[969.341s][debug][gc,phases      ] GC(166)     Dead                           Min: 0, Avg:  0.0, Max: 0, Diff: 0, Sum: 0, Workers: 4
[969.341s][debug][gc,phases      ] GC(166)     Total                          Min: 0, Avg:  0.0, Max: 0, Diff: 0, Sum: 0, Workers: 4
[969.341s][debug][gc,phases      ] GC(166)   Weak JFR Old Object Samples    Min:  0.0, Avg:  0.0, Max:  0.0, Diff:  0.0, Sum:  0.0, Workers: 4
[969.341s][debug][gc,phases      ] GC(166)     Dead                           Min: 0, Avg:  0.0, Max: 0, Diff: 0, Sum: 0, Workers: 4
[969.341s][debug][gc,phases      ] GC(166)     Total                          Min: 0, Avg:  0.0, Max: 0, Diff: 0, Sum: 0, Workers: 4
[969.341s][debug][gc,phases      ] GC(166) Weak Processing 0.333ms
[969.341s][debug][gc,age         ] GC(166) Desired survivor size 198705152 bytes, new threshold 15 (max threshold 15)
[969.341s][info ][gc,heap        ] GC(166) PSYoungGen: 1863423K(1905152K)->146767K(1874432K) Eden: 1727488K(1727488K)->0K(1727488K) From: 135935K(177664K)->146767K(146944K)
[969.341s][info ][gc,heap        ] GC(166) ParOldGen: 540373K(712192K)->540397K(712192K)
[969.341s][info ][gc,metaspace   ] GC(166) Metaspace: 83725K(84608K)->83725K(84608K) NonClass: 72031K(72512K)->72031K(72512K) Class: 11694K(12096K)->11694K(12096K)
[969.341s][info ][gc             ] GC(166) Pause Young (Allocation Failure) 2347M->671M(2526M) 31.775ms
[969.341s][info ][gc,cpu         ] GC(166) User=0.12s Sys=0.00s Real=0.03s
[969.341s][info ][safepoint      ] Safepoint "ParallelGCFailedAllocation", Time since last: 912271040 ns, Reaching safepoint: 132408 ns, At safepoint: 31861784 ns, Total: 31994192 ns
[970.341s][info ][safepoint      ] Safepoint "Cleanup", Time since last: 1000083632 ns, Reaching safepoint: 49803 ns, At safepoint: 2700 ns, Total: 52503 ns
[971.341s][info ][safepoint      ] Safepoint "Cleanup", Time since last: 1000103433 ns, Reaching safepoint: 116307 ns, At safepoint: 11001 ns, Total: 127308 ns
[972.341s][info ][safepoint      ] Safepoint "Cleanup", Time since last: 1000105733 ns, Reaching safepoint: 55404 ns, At safepoint: 7700 ns, Total: 63104 ns
[973.078s][info ][gc,start       ] GC(167) Pause Young (Allocation Failure)
[973.115s][debug][gc,phases      ] GC(167) Scavenge 37.473ms
[973.115s][debug][gc,ref         ] GC(167) Skipped phase 1 of Reference Processing: no references
[973.115s][debug][gc,ref         ] GC(167) ReferenceProcessor::execute queues: 1, RefProcThreadModel::Single, marks_oops_alive: false
[973.116s][debug][gc,ref         ] GC(167) Skipped phase 3 of Reference Processing: no references
[973.116s][debug][gc,ref         ] GC(167) ReferenceProcessor::execute queues: 1, RefProcThreadModel::Single, marks_oops_alive: false
[973.116s][debug][gc,phases      ] GC(167) Reference Processing 0.144ms
[973.116s][debug][gc,phases      ] GC(167)   VM Weak                        Min:  0.0, Avg:  0.0, Max:  0.0, Diff:  0.0, Sum:  0.0, Workers: 4
[973.116s][debug][gc,phases      ] GC(167)     Dead                           Min: 0, Avg:  0.0, Max: 0, Diff: 0, Sum: 0, Workers: 4
[973.116s][debug][gc,phases      ] GC(167)     Total                          Min: 0, Avg: 172.8, Max: 512, Diff: 512, Sum: 691, Workers: 4
[973.116s][debug][gc,phases      ] GC(167)   ObjectSynchronizer Weak        Min:  0.0, Avg:  0.0, Max:  0.0, Diff:  0.0, Sum:  0.0, Workers: 4
[973.116s][debug][gc,phases      ] GC(167)     Dead                           Min: 0, Avg:  0.0, Max: 0, Diff: 0, Sum: 0, Workers: 4
[973.116s][debug][gc,phases      ] GC(167)     Total                          Min: 64, Avg: 103.2, Max: 128, Diff: 64, Sum: 413, Workers: 4
[973.116s][debug][gc,phases      ] GC(167)   JVMTI Tag Weak OopStorage      Min:  0.0, Avg:  0.0, Max:  0.0, Diff:  0.0, Sum:  0.0, Workers: 4
[973.116s][debug][gc,phases      ] GC(167)     Dead                           Min: 0, Avg:  0.0, Max: 0, Diff: 0, Sum: 0, Workers: 4
[973.116s][debug][gc,phases      ] GC(167)     Total                          Min: 0, Avg:  0.0, Max: 0, Diff: 0, Sum: 0, Workers: 4
[973.116s][debug][gc,phases      ] GC(167)   StringTable Weak               Min:  0.1, Avg:  0.1, Max:  0.1, Diff:  0.0, Sum:  0.4, Workers: 4
[973.116s][debug][gc,phases      ] GC(167)     Dead                           Min: 0, Avg:  0.2, Max: 1, Diff: 1, Sum: 1, Workers: 4
[973.116s][debug][gc,phases      ] GC(167)     Total                          Min: 11584, Avg: 12015.2, Max: 12224, Diff: 640, Sum: 48061, Workers: 4
[973.116s][debug][gc,phases      ] GC(167)   ResolvedMethodTable Weak       Min:  0.0, Avg:  0.0, Max:  0.0, Diff:  0.0, Sum:  0.1, Workers: 4
[973.116s][debug][gc,phases      ] GC(167)     Dead                           Min: 0, Avg:  0.0, Max: 0, Diff: 0, Sum: 0, Workers: 4
[973.116s][debug][gc,phases      ] GC(167)     Total                          Min: 1984, Avg: 2122.8, Max: 2240, Diff: 256, Sum: 8491, Workers: 4
[973.116s][debug][gc,phases      ] GC(167)   JNI Weak                       Min:  0.0, Avg:  0.0, Max:  0.0, Diff:  0.0, Sum:  0.0, Workers: 4
[973.116s][debug][gc,phases      ] GC(167)     Dead                           Min: 0, Avg:  0.0, Max: 0, Diff: 0, Sum: 0, Workers: 4
[973.116s][debug][gc,phases      ] GC(167)     Total                          Min: 0, Avg:  0.0, Max: 0, Diff: 0, Sum: 0, Workers: 4
[973.116s][debug][gc,phases      ] GC(167)   StringDedup Table Weak         Min:  0.0, Avg:  0.0, Max:  0.0, Diff:  0.0, Sum:  0.0, Workers: 4
[973.116s][debug][gc,phases      ] GC(167)     Dead                           Min: 0, Avg:  0.0, Max: 0, Diff: 0, Sum: 0, Workers: 4
[973.116s][debug][gc,phases      ] GC(167)     Total                          Min: 0, Avg:  0.0, Max: 0, Diff: 0, Sum: 0, Workers: 4
[973.116s][debug][gc,phases      ] GC(167)   StringDedup Requests0 Weak     Min:  0.0, Avg:  0.0, Max:  0.0, Diff:  0.0, Sum:  0.0, Workers: 4
[973.116s][debug][gc,phases      ] GC(167)     Dead                           Min: 0, Avg:  0.0, Max: 0, Diff: 0, Sum: 0, Workers: 4
[973.116s][debug][gc,phases      ] GC(167)     Total                          Min: 0, Avg:  0.0, Max: 0, Diff: 0, Sum: 0, Workers: 4
[973.116s][debug][gc,phases      ] GC(167)   StringDedup Requests1 Weak     Min:  0.0, Avg:  0.0, Max:  0.0, Diff:  0.0, Sum:  0.0, Workers: 4
[973.116s][debug][gc,phases      ] GC(167)     Dead                           Min: 0, Avg:  0.0, Max: 0, Diff: 0, Sum: 0, Workers: 4
[973.116s][debug][gc,phases      ] GC(167)     Total                          Min: 0, Avg:  0.0, Max: 0, Diff: 0, Sum: 0, Workers: 4
[973.116s][debug][gc,phases      ] GC(167)   Weak JFR Old Object Samples    Min:  0.0, Avg:  0.0, Max:  0.0, Diff:  0.0, Sum:  0.0, Workers: 4
[973.116s][debug][gc,phases      ] GC(167)     Dead                           Min: 0, Avg:  0.0, Max: 0, Diff: 0, Sum: 0, Workers: 4
[973.116s][debug][gc,phases      ] GC(167)     Total                          Min: 0, Avg:  0.0, Max: 0, Diff: 0, Sum: 0, Workers: 4
[973.116s][debug][gc,phases      ] GC(167) Weak Processing 0.331ms
[973.116s][debug][gc,age         ] GC(167) Desired survivor size 201850880 bytes, new threshold 15 (max threshold 15)
[973.116s][info ][gc,heap        ] GC(167) PSYoungGen: 1874255K(1874432K)->135774K(1896960K) Eden: 1727488K(1727488K)->0K(1702912K) From: 146767K(146944K)->135774K(194048K)
[973.116s][info ][gc,heap        ] GC(167) ParOldGen: 540397K(712192K)->557131K(712192K)
[973.116s][info ][gc,metaspace   ] GC(167) Metaspace: 83741K(84608K)->83741K(84608K) NonClass: 72042K(72512K)->72042K(72512K) Class: 11698K(12096K)->11698K(12096K)
[973.116s][info ][gc             ] GC(167) Pause Young (Allocation Failure) 2358M->676M(2548M) 38.090ms
[973.116s][info ][gc,cpu         ] GC(167) User=0.15s Sys=0.00s Real=0.04s
[973.116s][info ][safepoint      ] Safepoint "ParallelGCFailedAllocation", Time since last: 736414542 ns, Reaching safepoint: 127408 ns, At safepoint: 38207359 ns, Total: 38334767 ns
[974.116s][info ][safepoint      ] Safepoint "Cleanup", Time since last: 1000090732 ns, Reaching safepoint: 50803 ns, At safepoint: 9701 ns, Total: 60504 ns
[975.116s][info ][safepoint      ] Safepoint "Cleanup", Time since last: 1000110033 ns, Reaching safepoint: 70705 ns, At safepoint: 13200 ns, Total: 83905 ns
[976.117s][info ][safepoint      ] Safepoint "Cleanup", Time since last: 1000111434 ns, Reaching safepoint: 113607 ns, At safepoint: 10200 ns, Total: 123807 ns
[977.117s][info ][safepoint      ] Safepoint "Cleanup", Time since last: 1000092733 ns, Reaching safepoint: 68604 ns, At safepoint: 5900 ns, Total: 74504 ns
[977.885s][info ][gc,start       ] GC(168) Pause Young (Allocation Failure)
[977.916s][debug][gc,phases      ] GC(168) Scavenge 31.264ms
[977.916s][debug][gc,ref         ] GC(168) Skipped phase 1 of Reference Processing: no references
[977.916s][debug][gc,ref         ] GC(168) ReferenceProcessor::execute queues: 1, RefProcThreadModel::Single, marks_oops_alive: false
[977.916s][debug][gc,ref         ] GC(168) Skipped phase 3 of Reference Processing: no references
[977.916s][debug][gc,ref         ] GC(168) Skipped phase 4 of Reference Processing: no references
[977.916s][debug][gc,phases      ] GC(168) Reference Processing 0.132ms
[977.916s][debug][gc,phases      ] GC(168)   VM Weak                        Min:  0.0, Avg:  0.0, Max:  0.0, Diff:  0.0, Sum:  0.0, Workers: 4
[977.916s][debug][gc,phases      ] GC(168)     Dead                           Min: 0, Avg:  0.0, Max: 0, Diff: 0, Sum: 0, Workers: 4
[977.916s][debug][gc,phases      ] GC(168)     Total                          Min: 0, Avg: 172.8, Max: 691, Diff: 691, Sum: 691, Workers: 4
[977.916s][debug][gc,phases      ] GC(168)   ObjectSynchronizer Weak        Min:  0.0, Avg:  0.0, Max:  0.0, Diff:  0.0, Sum:  0.0, Workers: 4
[977.916s][debug][gc,phases      ] GC(168)     Dead                           Min: 0, Avg:  0.0, Max: 0, Diff: 0, Sum: 0, Workers: 4
[977.916s][debug][gc,phases      ] GC(168)     Total                          Min: 0, Avg: 103.2, Max: 285, Diff: 285, Sum: 413, Workers: 4
[977.916s][debug][gc,phases      ] GC(168)   JVMTI Tag Weak OopStorage      Min:  0.0, Avg:  0.0, Max:  0.0, Diff:  0.0, Sum:  0.0, Workers: 4
[977.916s][debug][gc,phases      ] GC(168)     Dead                           Min: 0, Avg:  0.0, Max: 0, Diff: 0, Sum: 0, Workers: 4
[977.916s][debug][gc,phases      ] GC(168)     Total                          Min: 0, Avg:  0.0, Max: 0, Diff: 0, Sum: 0, Workers: 4
[977.916s][debug][gc,phases      ] GC(168)   StringTable Weak               Min:  0.1, Avg:  0.1, Max:  0.1, Diff:  0.0, Sum:  0.4, Workers: 4
[977.916s][debug][gc,phases      ] GC(168)     Dead                           Min: 0, Avg:  0.0, Max: 0, Diff: 0, Sum: 0, Workers: 4
[977.916s][debug][gc,phases      ] GC(168)     Total                          Min: 11072, Avg: 12015.2, Max: 13181, Diff: 2109, Sum: 48061, Workers: 4
[977.916s][debug][gc,phases      ] GC(168)   ResolvedMethodTable Weak       Min:  0.0, Avg:  0.0, Max:  0.0, Diff:  0.0, Sum:  0.1, Workers: 4
[977.916s][debug][gc,phases      ] GC(168)     Dead                           Min: 0, Avg:  0.0, Max: 0, Diff: 0, Sum: 0, Workers: 4
[977.916s][debug][gc,phases      ] GC(168)     Total                          Min: 1984, Avg: 2122.8, Max: 2283, Diff: 299, Sum: 8491, Workers: 4
[977.916s][debug][gc,phases      ] GC(168)   JNI Weak                       Min:  0.0, Avg:  0.0, Max:  0.0, Diff:  0.0, Sum:  0.0, Workers: 4
[977.916s][debug][gc,phases      ] GC(168)     Dead                           Min: 0, Avg:  0.0, Max: 0, Diff: 0, Sum: 0, Workers: 4
[977.916s][debug][gc,phases      ] GC(168)     Total                          Min: 0, Avg:  0.0, Max: 0, Diff: 0, Sum: 0, Workers: 4
[977.916s][debug][gc,phases      ] GC(168)   StringDedup Table Weak         Min:  0.0, Avg:  0.0, Max:  0.0, Diff:  0.0, Sum:  0.0, Workers: 4
[977.916s][debug][gc,phases      ] GC(168)     Dead                           Min: 0, Avg:  0.0, Max: 0, Diff: 0, Sum: 0, Workers: 4
[977.916s][debug][gc,phases      ] GC(168)     Total                          Min: 0, Avg:  0.0, Max: 0, Diff: 0, Sum: 0, Workers: 4
[977.916s][debug][gc,phases      ] GC(168)   StringDedup Requests0 Weak     Min:  0.0, Avg:  0.0, Max:  0.0, Diff:  0.0, Sum:  0.0, Workers: 4
[977.916s][debug][gc,phases      ] GC(168)     Dead                           Min: 0, Avg:  0.0, Max: 0, Diff: 0, Sum: 0, Workers: 4
[977.916s][debug][gc,phases      ] GC(168)     Total                          Min: 0, Avg:  0.0, Max: 0, Diff: 0, Sum: 0, Workers: 4
[977.916s][debug][gc,phases      ] GC(168)   StringDedup Requests1 Weak     Min:  0.0, Avg:  0.0, Max:  0.0, Diff:  0.0, Sum:  0.0, Workers: 4
[977.916s][debug][gc,phases      ] GC(168)     Dead                           Min: 0, Avg:  0.0, Max: 0, Diff: 0, Sum: 0, Workers: 4
[977.916s][debug][gc,phases      ] GC(168)     Total                          Min: 0, Avg:  0.0, Max: 0, Diff: 0, Sum: 0, Workers: 4
[977.916s][debug][gc,phases      ] GC(168)   Weak JFR Old Object Samples    Min:  0.0, Avg:  0.0, Max:  0.0, Diff:  0.0, Sum:  0.0, Workers: 4
[977.916s][debug][gc,phases      ] GC(168)     Dead                           Min: 0, Avg:  0.0, Max: 0, Diff: 0, Sum: 0, Workers: 4
[977.916s][debug][gc,phases      ] GC(168)     Total                          Min: 0, Avg:  0.0, Max: 0, Diff: 0, Sum: 0, Workers: 4
[977.916s][debug][gc,phases      ] GC(168) Weak Processing 0.333ms
[977.916s][debug][gc,age         ] GC(168) Desired survivor size 204996608 bytes, new threshold 15 (max threshold 15)
[977.916s][info ][gc,heap        ] GC(168) PSYoungGen: 1838686K(1896960K)->139422K(1842688K) Eden: 1702912K(1702912K)->0K(1702912K) From: 135774K(194048K)->139422K(139776K)
[977.916s][info ][gc,heap        ] GC(168) ParOldGen: 557131K(712192K)->564425K(712192K)
[977.916s][info ][gc,metaspace   ] GC(168) Metaspace: 83743K(84608K)->83743K(84608K) NonClass: 72045K(72512K)->72045K(72512K) Class: 11698K(12096K)->11698K(12096K)
[977.916s][info ][gc             ] GC(168) Pause Young (Allocation Failure) 2339M->687M(2495M) 31.859ms
[977.916s][info ][gc,cpu         ] GC(168) User=0.15s Sys=0.00s Real=0.03s
[977.916s][info ][safepoint      ] Safepoint "ParallelGCFailedAllocation", Time since last: 767658790 ns, Reaching safepoint: 126607 ns, At safepoint: 31955890 ns, Total: 32082497 ns
[978.917s][info ][safepoint      ] Safepoint "Cleanup", Time since last: 1000087032 ns, Reaching safepoint: 138008 ns, At safepoint: 11101 ns, Total: 149109 ns
[979.917s][info ][safepoint      ] Safepoint "Cleanup", Time since last: 1000096433 ns, Reaching safepoint: 49403 ns, At safepoint: 6700 ns, Total: 56103 ns
[980.917s][info ][safepoint      ] Safepoint "Cleanup", Time since last: 1000139035 ns, Reaching safepoint: 52404 ns, At safepoint: 2800 ns, Total: 55204 ns
[981.917s][info ][safepoint      ] Safepoint "Cleanup", Time since last: 1000069531 ns, Reaching safepoint: 115407 ns, At safepoint: 12901 ns, Total: 128308 ns
[983.637s][info ][safepoint      ] Safepoint "Cleanup", Time since last: 1719482168 ns, Reaching safepoint: 50803 ns, At safepoint: 2600 ns, Total: 53403 ns
[984.637s][info ][safepoint      ] Safepoint "Cleanup", Time since last: 1000101833 ns, Reaching safepoint: 44803 ns, At safepoint: 2700 ns, Total: 47503 ns
[985.637s][info ][safepoint      ] Safepoint "Cleanup", Time since last: 1000115034 ns, Reaching safepoint: 54503 ns, At safepoint: 4700 ns, Total: 59203 ns
[987.637s][info ][safepoint      ] Safepoint "Cleanup", Time since last: 2000195966 ns, Reaching safepoint: 47703 ns, At safepoint: 2800 ns, Total: 50503 ns
[989.638s][info ][safepoint      ] Safepoint "Cleanup", Time since last: 2000175065 ns, Reaching safepoint: 52503 ns, At safepoint: 8000 ns, Total: 60503 ns
[994.638s][info ][safepoint      ] Safepoint "Cleanup", Time since last: 5000369058 ns, Reaching safepoint: 44302 ns, At safepoint: 2500 ns, Total: 46802 ns
[995.512s][info ][gc,start       ] GC(169) Pause Young (Allocation Failure)
[995.545s][debug][gc,phases      ] GC(169) Scavenge 33.103ms
[995.546s][debug][gc,ref         ] GC(169) Skipped phase 1 of Reference Processing: no references
[995.546s][debug][gc,ref         ] GC(169) ReferenceProcessor::execute queues: 1, RefProcThreadModel::Single, marks_oops_alive: false
[995.546s][debug][gc,ref         ] GC(169) Skipped phase 3 of Reference Processing: no references
[995.546s][debug][gc,ref         ] GC(169) ReferenceProcessor::execute queues: 1, RefProcThreadModel::Single, marks_oops_alive: false
[995.546s][debug][gc,phases      ] GC(169) Reference Processing 0.163ms
[995.546s][debug][gc,phases      ] GC(169)   VM Weak                        Min:  0.0, Avg:  0.0, Max:  0.0, Diff:  0.0, Sum:  0.0, Workers: 4
[995.546s][debug][gc,phases      ] GC(169)     Dead                           Min: 0, Avg:  0.0, Max: 0, Diff: 0, Sum: 0, Workers: 4
[995.546s][debug][gc,phases      ] GC(169)     Total                          Min: 0, Avg: 172.8, Max: 691, Diff: 691, Sum: 691, Workers: 4
[995.546s][debug][gc,phases      ] GC(169)   ObjectSynchronizer Weak        Min:  0.0, Avg:  0.0, Max:  0.0, Diff:  0.0, Sum:  0.0, Workers: 4
[995.546s][debug][gc,phases      ] GC(169)     Dead                           Min: 0, Avg:  0.0, Max: 0, Diff: 0, Sum: 0, Workers: 4
[995.546s][debug][gc,phases      ] GC(169)     Total                          Min: 0, Avg: 103.2, Max: 192, Diff: 192, Sum: 413, Workers: 4
[995.546s][debug][gc,phases      ] GC(169)   JVMTI Tag Weak OopStorage      Min:  0.0, Avg:  0.0, Max:  0.0, Diff:  0.0, Sum:  0.0, Workers: 4
[995.546s][debug][gc,phases      ] GC(169)     Dead                           Min: 0, Avg:  0.0, Max: 0, Diff: 0, Sum: 0, Workers: 4
[995.546s][debug][gc,phases      ] GC(169)     Total                          Min: 0, Avg:  0.0, Max: 0, Diff: 0, Sum: 0, Workers: 4
[995.546s][debug][gc,phases      ] GC(169)   StringTable Weak               Min:  0.1, Avg:  0.1, Max:  0.1, Diff:  0.0, Sum:  0.5, Workers: 4
[995.546s][debug][gc,phases      ] GC(169)     Dead                           Min: 0, Avg:  0.0, Max: 0, Diff: 0, Sum: 0, Workers: 4
[995.546s][debug][gc,phases      ] GC(169)     Total                          Min: 11584, Avg: 12017.2, Max: 12485, Diff: 901, Sum: 48069, Workers: 4
[995.546s][debug][gc,phases      ] GC(169)   ResolvedMethodTable Weak       Min:  0.0, Avg:  0.0, Max:  0.0, Diff:  0.0, Sum:  0.1, Workers: 4
[995.546s][debug][gc,phases      ] GC(169)     Dead                           Min: 0, Avg:  0.0, Max: 0, Diff: 0, Sum: 0, Workers: 4
[995.546s][debug][gc,phases      ] GC(169)     Total                          Min: 1777, Avg: 2124.2, Max: 2368, Diff: 591, Sum: 8497, Workers: 4
[995.546s][debug][gc,phases      ] GC(169)   JNI Weak                       Min:  0.0, Avg:  0.0, Max:  0.0, Diff:  0.0, Sum:  0.0, Workers: 4
[995.546s][debug][gc,phases      ] GC(169)     Dead                           Min: 0, Avg:  0.0, Max: 0, Diff: 0, Sum: 0, Workers: 4
[995.546s][debug][gc,phases      ] GC(169)     Total                          Min: 0, Avg:  0.0, Max: 0, Diff: 0, Sum: 0, Workers: 4
[995.546s][debug][gc,phases      ] GC(169)   StringDedup Table Weak         Min:  0.0, Avg:  0.0, Max:  0.0, Diff:  0.0, Sum:  0.0, Workers: 4
[995.546s][debug][gc,phases      ] GC(169)     Dead                           Min: 0, Avg:  0.0, Max: 0, Diff: 0, Sum: 0, Workers: 4
[995.546s][debug][gc,phases      ] GC(169)     Total                          Min: 0, Avg:  0.0, Max: 0, Diff: 0, Sum: 0, Workers: 4
[995.546s][debug][gc,phases      ] GC(169)   StringDedup Requests0 Weak     Min:  0.0, Avg:  0.0, Max:  0.0, Diff:  0.0, Sum:  0.0, Workers: 4
[995.546s][debug][gc,phases      ] GC(169)     Dead                           Min: 0, Avg:  0.0, Max: 0, Diff: 0, Sum: 0, Workers: 4
[995.546s][debug][gc,phases      ] GC(169)     Total                          Min: 0, Avg:  0.0, Max: 0, Diff: 0, Sum: 0, Workers: 4
[995.546s][debug][gc,phases      ] GC(169)   StringDedup Requests1 Weak     Min:  0.0, Avg:  0.0, Max:  0.0, Diff:  0.0, Sum:  0.0, Workers: 4
[995.546s][debug][gc,phases      ] GC(169)     Dead                           Min: 0, Avg:  0.0, Max: 0, Diff: 0, Sum: 0, Workers: 4
[995.546s][debug][gc,phases      ] GC(169)     Total                          Min: 0, Avg:  0.0, Max: 0, Diff: 0, Sum: 0, Workers: 4
[995.546s][debug][gc,phases      ] GC(169)   Weak JFR Old Object Samples    Min:  0.0, Avg:  0.0, Max:  0.0, Diff:  0.0, Sum:  0.0, Workers: 4
[995.546s][debug][gc,phases      ] GC(169)     Dead                           Min: 0, Avg:  0.0, Max: 0, Diff: 0, Sum: 0, Workers: 4
[995.546s][debug][gc,phases      ] GC(169)     Total                          Min: 0, Avg:  0.0, Max: 0, Diff: 0, Sum: 0, Workers: 4
[995.546s][debug][gc,phases      ] GC(169) Weak Processing 0.368ms
[995.546s][debug][gc,age         ] GC(169) Desired survivor size 204996608 bytes, new threshold 15 (max threshold 15)
[995.546s][info ][gc,heap        ] GC(169) PSYoungGen: 1842334K(1842688K)->135023K(1896960K) Eden: 1702912K(1702912K)->0K(1696768K) From: 139422K(139776K)->135023K(200192K)
[995.546s][info ][gc,heap        ] GC(169) ParOldGen: 564425K(712192K)->574103K(712192K)
[995.546s][info ][gc,metaspace   ] GC(169) Metaspace: 83796K(84608K)->83796K(84608K) NonClass: 72094K(72512K)->72094K(72512K) Class: 11702K(12096K)->11702K(12096K)
[995.546s][info ][gc             ] GC(169) Pause Young (Allocation Failure) 2350M->692M(2548M) 33.776ms
[995.546s][info ][gc,cpu         ] GC(169) User=0.12s Sys=0.01s Real=0.04s
[995.546s][info ][safepoint      ] Safepoint "ParallelGCFailedAllocation", Time since last: 874228091 ns, Reaching safepoint: 41803 ns, At safepoint: 33868802 ns, Total: 33910605 ns
[1003.547s][info ][safepoint      ] Safepoint "Cleanup", Time since last: 8000543549 ns, Reaching safepoint: 48003 ns, At safepoint: 4900 ns, Total: 52903 ns
[1005.219s][info ][safepoint      ] Safepoint "Cleanup", Time since last: 1671997261 ns, Reaching safepoint: 72004 ns, At safepoint: 6600 ns, Total: 78604 ns
[1006.219s][info ][safepoint      ] Safepoint "Cleanup", Time since last: 1000105934 ns, Reaching safepoint: 59503 ns, At safepoint: 8501 ns, Total: 68004 ns
[1006.639s][info ][gc,start       ] GC(170) Pause Young (Allocation Failure)
[1006.670s][debug][gc,phases      ] GC(170) Scavenge 30.887ms
[1006.670s][debug][gc,ref         ] GC(170) Skipped phase 1 of Reference Processing: no references
[1006.670s][debug][gc,ref         ] GC(170) ReferenceProcessor::execute queues: 1, RefProcThreadModel::Single, marks_oops_alive: false
[1006.670s][debug][gc,ref         ] GC(170) Skipped phase 3 of Reference Processing: no references
[1006.670s][debug][gc,ref         ] GC(170) ReferenceProcessor::execute queues: 1, RefProcThreadModel::Single, marks_oops_alive: false
[1006.670s][debug][gc,phases      ] GC(170) Reference Processing 0.149ms
[1006.670s][debug][gc,phases      ] GC(170)   VM Weak                        Min:  0.0, Avg:  0.0, Max:  0.0, Diff:  0.0, Sum:  0.0, Workers: 4
[1006.670s][debug][gc,phases      ] GC(170)     Dead                           Min: 0, Avg:  0.0, Max: 0, Diff: 0, Sum: 0, Workers: 4
[1006.670s][debug][gc,phases      ] GC(170)     Total                          Min: 0, Avg: 173.0, Max: 692, Diff: 692, Sum: 692, Workers: 4
[1006.670s][debug][gc,phases      ] GC(170)   ObjectSynchronizer Weak        Min:  0.0, Avg:  0.0, Max:  0.0, Diff:  0.0, Sum:  0.0, Workers: 4
[1006.670s][debug][gc,phases      ] GC(170)     Dead                           Min: 0, Avg:  0.0, Max: 0, Diff: 0, Sum: 0, Workers: 4
[1006.670s][debug][gc,phases      ] GC(170)     Total                          Min: 0, Avg: 103.2, Max: 349, Diff: 349, Sum: 413, Workers: 4
[1006.670s][debug][gc,phases      ] GC(170)   JVMTI Tag Weak OopStorage      Min:  0.0, Avg:  0.0, Max:  0.0, Diff:  0.0, Sum:  0.0, Workers: 4
[1006.670s][debug][gc,phases      ] GC(170)     Dead                           Min: 0, Avg:  0.0, Max: 0, Diff: 0, Sum: 0, Workers: 4
[1006.670s][debug][gc,phases      ] GC(170)     Total                          Min: 0, Avg:  0.0, Max: 0, Diff: 0, Sum: 0, Workers: 4
[1006.670s][debug][gc,phases      ] GC(170)   StringTable Weak               Min:  0.1, Avg:  0.1, Max:  0.1, Diff:  0.0, Sum:  0.4, Workers: 4
[1006.670s][debug][gc,phases      ] GC(170)     Dead                           Min: 0, Avg:  0.2, Max: 1, Diff: 1, Sum: 1, Workers: 4
[1006.670s][debug][gc,phases      ] GC(170)     Total                          Min: 11520, Avg: 12019.0, Max: 12288, Diff: 768, Sum: 48076, Workers: 4
[1006.670s][debug][gc,phases      ] GC(170)   ResolvedMethodTable Weak       Min:  0.0, Avg:  0.0, Max:  0.0, Diff:  0.0, Sum:  0.1, Workers: 4
[1006.670s][debug][gc,phases      ] GC(170)     Dead                           Min: 0, Avg:  0.0, Max: 0, Diff: 0, Sum: 0, Workers: 4
[1006.670s][debug][gc,phases      ] GC(170)     Total                          Min: 2048, Avg: 2126.0, Max: 2304, Diff: 256, Sum: 8504, Workers: 4
[1006.670s][debug][gc,phases      ] GC(170)   JNI Weak                       Min:  0.0, Avg:  0.0, Max:  0.0, Diff:  0.0, Sum:  0.0, Workers: 4
[1006.670s][debug][gc,phases      ] GC(170)     Dead                           Min: 0, Avg:  0.0, Max: 0, Diff: 0, Sum: 0, Workers: 4
[1006.670s][debug][gc,phases      ] GC(170)     Total                          Min: 0, Avg:  0.0, Max: 0, Diff: 0, Sum: 0, Workers: 4
[1006.670s][debug][gc,phases      ] GC(170)   StringDedup Table Weak         Min:  0.0, Avg:  0.0, Max:  0.0, Diff:  0.0, Sum:  0.0, Workers: 4
[1006.670s][debug][gc,phases      ] GC(170)     Dead                           Min: 0, Avg:  0.0, Max: 0, Diff: 0, Sum: 0, Workers: 4
[1006.670s][debug][gc,phases      ] GC(170)     Total                          Min: 0, Avg:  0.0, Max: 0, Diff: 0, Sum: 0, Workers: 4
[1006.670s][debug][gc,phases      ] GC(170)   StringDedup Requests0 Weak     Min:  0.0, Avg:  0.0, Max:  0.0, Diff:  0.0, Sum:  0.0, Workers: 4
[1006.670s][debug][gc,phases      ] GC(170)     Dead                           Min: 0, Avg:  0.0, Max: 0, Diff: 0, Sum: 0, Workers: 4
[1006.670s][debug][gc,phases      ] GC(170)     Total                          Min: 0, Avg:  0.0, Max: 0, Diff: 0, Sum: 0, Workers: 4
[1006.670s][debug][gc,phases      ] GC(170)   StringDedup Requests1 Weak     Min:  0.0, Avg:  0.0, Max:  0.0, Diff:  0.0, Sum:  0.0, Workers: 4
[1006.670s][debug][gc,phases      ] GC(170)     Dead                           Min: 0, Avg:  0.0, Max: 0, Diff: 0, Sum: 0, Workers: 4
[1006.670s][debug][gc,phases      ] GC(170)     Total                          Min: 0, Avg:  0.0, Max: 0, Diff: 0, Sum: 0, Workers: 4
[1006.670s][debug][gc,phases      ] GC(170)   Weak JFR Old Object Samples    Min:  0.0, Avg:  0.0, Max:  0.0, Diff:  0.0, Sum:  0.0, Workers: 4
[1006.670s][debug][gc,phases      ] GC(170)     Dead                           Min: 0, Avg:  0.0, Max: 0, Diff: 0, Sum: 0, Workers: 4
[1006.670s][debug][gc,phases      ] GC(170)     Total                          Min: 0, Avg:  0.0, Max: 0, Diff: 0, Sum: 0, Workers: 4
[1006.670s][debug][gc,phases      ] GC(170) Weak Processing 0.339ms
[1006.670s][debug][gc,age         ] GC(170) Desired survivor size 206569472 bytes, new threshold 15 (max threshold 15)
[1006.670s][info ][gc,heap        ] GC(170) PSYoungGen: 1831791K(1896960K)->140199K(1837056K) Eden: 1696768K(1696768K)->0K(1696768K) From: 135023K(200192K)->140199K(140288K)
[1006.670s][info ][gc,heap        ] GC(170) ParOldGen: 574103K(712192K)->580984K(712192K)
[1006.670s][info ][gc,metaspace   ] GC(170) Metaspace: 83816K(84672K)->83816K(84672K) NonClass: 72111K(72576K)->72111K(72576K) Class: 11705K(12096K)->11705K(12096K)
[1006.670s][info ][gc             ] GC(170) Pause Young (Allocation Failure) 2349M->704M(2489M) 31.520ms
[1006.670s][info ][gc,cpu         ] GC(170) User=0.12s Sys=0.01s Real=0.03s
[1006.670s][info ][safepoint      ] Safepoint "ParallelGCFailedAllocation", Time since last: 419726517 ns, Reaching safepoint: 108606 ns, At safepoint: 31607369 ns, Total: 31715975 ns
[1007.671s][info ][safepoint      ] Safepoint "Cleanup", Time since last: 1000080332 ns, Reaching safepoint: 123208 ns, At safepoint: 11300 ns, Total: 134508 ns
[1008.671s][info ][safepoint      ] Safepoint "Cleanup", Time since last: 1000099133 ns, Reaching safepoint: 34802 ns, At safepoint: 3600 ns, Total: 38402 ns
[1009.671s][info ][safepoint      ] Safepoint "Cleanup", Time since last: 1000090733 ns, Reaching safepoint: 63604 ns, At safepoint: 4100 ns, Total: 67704 ns
[1010.671s][info ][safepoint      ] Safepoint "Cleanup", Time since last: 1000065231 ns, Reaching safepoint: 59703 ns, At safepoint: 12701 ns, Total: 72404 ns
[1011.671s][info ][safepoint      ] Safepoint "Cleanup", Time since last: 1000094933 ns, Reaching safepoint: 49203 ns, At safepoint: 8400 ns, Total: 57603 ns
[1015.115s][info ][gc,start       ] GC(171) Pause Young (Allocation Failure)
[1015.150s][debug][gc,phases      ] GC(171) Scavenge 35.335ms
[1015.150s][debug][gc,ref         ] GC(171) Skipped phase 1 of Reference Processing: no references
[1015.151s][debug][gc,ref         ] GC(171) ReferenceProcessor::execute queues: 1, RefProcThreadModel::Single, marks_oops_alive: false
[1015.151s][debug][gc,ref         ] GC(171) Skipped phase 3 of Reference Processing: no references
[1015.151s][debug][gc,ref         ] GC(171) ReferenceProcessor::execute queues: 1, RefProcThreadModel::Single, marks_oops_alive: false
[1015.151s][debug][gc,phases      ] GC(171) Reference Processing 0.155ms
[1015.151s][debug][gc,phases      ] GC(171)   VM Weak                        Min:  0.0, Avg:  0.0, Max:  0.0, Diff:  0.0, Sum:  0.0, Workers: 4
[1015.151s][debug][gc,phases      ] GC(171)     Dead                           Min: 0, Avg:  0.0, Max: 0, Diff: 0, Sum: 0, Workers: 4
[1015.151s][debug][gc,phases      ] GC(171)     Total                          Min: 0, Avg: 174.0, Max: 696, Diff: 696, Sum: 696, Workers: 4
[1015.151s][debug][gc,phases      ] GC(171)   ObjectSynchronizer Weak        Min:  0.0, Avg:  0.0, Max:  0.0, Diff:  0.0, Sum:  0.0, Workers: 4
[1015.151s][debug][gc,phases      ] GC(171)     Dead                           Min: 0, Avg:  0.0, Max: 0, Diff: 0, Sum: 0, Workers: 4
[1015.151s][debug][gc,phases      ] GC(171)     Total                          Min: 0, Avg: 103.2, Max: 413, Diff: 413, Sum: 413, Workers: 4
[1015.151s][debug][gc,phases      ] GC(171)   JVMTI Tag Weak OopStorage      Min:  0.0, Avg:  0.0, Max:  0.0, Diff:  0.0, Sum:  0.0, Workers: 4
[1015.151s][debug][gc,phases      ] GC(171)     Dead                           Min: 0, Avg:  0.0, Max: 0, Diff: 0, Sum: 0, Workers: 4
[1015.151s][debug][gc,phases      ] GC(171)     Total                          Min: 0, Avg:  0.0, Max: 0, Diff: 0, Sum: 0, Workers: 4
[1015.151s][debug][gc,phases      ] GC(171)   StringTable Weak               Min:  0.1, Avg:  0.1, Max:  0.1, Diff:  0.0, Sum:  0.5, Workers: 4
[1015.151s][debug][gc,phases      ] GC(171)     Dead                           Min: 0, Avg:  0.0, Max: 0, Diff: 0, Sum: 0, Workers: 4
[1015.151s][debug][gc,phases      ] GC(171)     Total                          Min: 11392, Avg: 12022.0, Max: 12544, Diff: 1152, Sum: 48088, Workers: 4
[1015.151s][debug][gc,phases      ] GC(171)   ResolvedMethodTable Weak       Min:  0.0, Avg:  0.0, Max:  0.0, Diff:  0.0, Sum:  0.1, Workers: 4
[1015.151s][debug][gc,phases      ] GC(171)     Dead                           Min: 0, Avg:  0.0, Max: 0, Diff: 0, Sum: 0, Workers: 4
[1015.151s][debug][gc,phases      ] GC(171)     Total                          Min: 1856, Avg: 2129.0, Max: 2496, Diff: 640, Sum: 8516, Workers: 4
[1015.151s][debug][gc,phases      ] GC(171)   JNI Weak                       Min:  0.0, Avg:  0.0, Max:  0.0, Diff:  0.0, Sum:  0.0, Workers: 4
[1015.151s][debug][gc,phases      ] GC(171)     Dead                           Min: 0, Avg:  0.0, Max: 0, Diff: 0, Sum: 0, Workers: 4
[1015.151s][debug][gc,phases      ] GC(171)     Total                          Min: 0, Avg:  0.0, Max: 0, Diff: 0, Sum: 0, Workers: 4
[1015.151s][debug][gc,phases      ] GC(171)   StringDedup Table Weak         Min:  0.0, Avg:  0.0, Max:  0.0, Diff:  0.0, Sum:  0.0, Workers: 4
[1015.151s][debug][gc,phases      ] GC(171)     Dead                           Min: 0, Avg:  0.0, Max: 0, Diff: 0, Sum: 0, Workers: 4
[1015.151s][debug][gc,phases      ] GC(171)     Total                          Min: 0, Avg:  0.0, Max: 0, Diff: 0, Sum: 0, Workers: 4
[1015.151s][debug][gc,phases      ] GC(171)   StringDedup Requests0 Weak     Min:  0.0, Avg:  0.0, Max:  0.0, Diff:  0.0, Sum:  0.0, Workers: 4
[1015.151s][debug][gc,phases      ] GC(171)     Dead                           Min: 0, Avg:  0.0, Max: 0, Diff: 0, Sum: 0, Workers: 4
[1015.151s][debug][gc,phases      ] GC(171)     Total                          Min: 0, Avg:  0.0, Max: 0, Diff: 0, Sum: 0, Workers: 4
[1015.151s][debug][gc,phases      ] GC(171)   StringDedup Requests1 Weak     Min:  0.0, Avg:  0.0, Max:  0.0, Diff:  0.0, Sum:  0.0, Workers: 4
[1015.151s][debug][gc,phases      ] GC(171)     Dead                           Min: 0, Avg:  0.0, Max: 0, Diff: 0, Sum: 0, Workers: 4
[1015.151s][debug][gc,phases      ] GC(171)     Total                          Min: 0, Avg:  0.0, Max: 0, Diff: 0, Sum: 0, Workers: 4
[1015.151s][debug][gc,phases      ] GC(171)   Weak JFR Old Object Samples    Min:  0.0, Avg:  0.0, Max:  0.0, Diff:  0.0, Sum:  0.0, Workers: 4
[1015.151s][debug][gc,phases      ] GC(171)     Dead                           Min: 0, Avg:  0.0, Max: 0, Diff: 0, Sum: 0, Workers: 4
[1015.151s][debug][gc,phases      ] GC(171)     Total                          Min: 0, Avg:  0.0, Max: 0, Diff: 0, Sum: 0, Workers: 4
[1015.151s][debug][gc,phases      ] GC(171) Weak Processing 0.346ms
[1015.151s][debug][gc,age         ] GC(171) Desired survivor size 206569472 bytes, new threshold 15 (max threshold 15)
[1015.151s][info ][gc,heap        ] GC(171) PSYoungGen: 1836967K(1837056K)->137633K(1895424K) Eden: 1696768K(1696768K)->0K(1693696K) From: 140199K(140288K)->137633K(201728K)
[1015.151s][info ][gc,heap        ] GC(171) ParOldGen: 580984K(712192K)->589607K(712192K)
[1015.151s][info ][gc,metaspace   ] GC(171) Metaspace: 83848K(84672K)->83848K(84672K) NonClass: 72139K(72576K)->72139K(72576K) Class: 11708K(12096K)->11708K(12096K)
[1015.151s][info ][gc             ] GC(171) Pause Young (Allocation Failure) 2361M->710M(2546M) 36.013ms
[1015.151s][info ][gc,cpu         ] GC(171) User=0.14s Sys=0.01s Real=0.03s
[1015.151s][info ][safepoint      ] Safepoint "ParallelGCFailedAllocation", Time since last: 3443628312 ns, Reaching safepoint: 53503 ns, At safepoint: 36114336 ns, Total: 36167839 ns
[1016.151s][info ][safepoint      ] Safepoint "Cleanup", Time since last: 1000093732 ns, Reaching safepoint: 47903 ns, At safepoint: 3500 ns, Total: 51403 ns
[1017.151s][info ][safepoint      ] Safepoint "Cleanup", Time since last: 1000111634 ns, Reaching safepoint: 51603 ns, At safepoint: 5800 ns, Total: 57403 ns
[1019.152s][info ][safepoint      ] Safepoint "Cleanup", Time since last: 2000185266 ns, Reaching safepoint: 48203 ns, At safepoint: 3800 ns, Total: 52003 ns
[1020.152s][info ][safepoint      ] Safepoint "Cleanup", Time since last: 1000095633 ns, Reaching safepoint: 45102 ns, At safepoint: 3500 ns, Total: 48602 ns
[1021.152s][info ][safepoint      ] Safepoint "Cleanup", Time since last: 1000135936 ns, Reaching safepoint: 161209 ns, At safepoint: 39202 ns, Total: 200411 ns
[1022.152s][info ][safepoint      ] Safepoint "Cleanup", Time since last: 1000113934 ns, Reaching safepoint: 55104 ns, At safepoint: 9800 ns, Total: 64904 ns
[1023.152s][info ][safepoint      ] Safepoint "Cleanup", Time since last: 1000108034 ns, Reaching safepoint: 47202 ns, At safepoint: 6801 ns, Total: 54003 ns
[1024.153s][info ][safepoint      ] Safepoint "Cleanup", Time since last: 1000102233 ns, Reaching safepoint: 48003 ns, At safepoint: 7900 ns, Total: 55903 ns
[1027.153s][info ][safepoint      ] Safepoint "Cleanup", Time since last: 3000256497 ns, Reaching safepoint: 54103 ns, At safepoint: 3000 ns, Total: 57103 ns
[1030.153s][info ][safepoint      ] Safepoint "Cleanup", Time since last: 3000249196 ns, Reaching safepoint: 52303 ns, At safepoint: 6201 ns, Total: 58504 ns
[1031.153s][info ][safepoint      ] Safepoint "Cleanup", Time since last: 1000087932 ns, Reaching safepoint: 63204 ns, At safepoint: 8600 ns, Total: 71804 ns
[1032.154s][info ][safepoint      ] Safepoint "Cleanup", Time since last: 1000108034 ns, Reaching safepoint: 51303 ns, At safepoint: 6200 ns, Total: 57503 ns
[1034.154s][info ][safepoint      ] Safepoint "Cleanup", Time since last: 2000169565 ns, Reaching safepoint: 52403 ns, At safepoint: 5800 ns, Total: 58203 ns
[1036.154s][info ][safepoint      ] Safepoint "Cleanup", Time since last: 2000162364 ns, Reaching safepoint: 58503 ns, At safepoint: 9001 ns, Total: 67504 ns
[1039.154s][info ][safepoint      ] Safepoint "Cleanup", Time since last: 3000230895 ns, Reaching safepoint: 50603 ns, At safepoint: 8500 ns, Total: 59103 ns
[1042.155s][info ][safepoint      ] Safepoint "Cleanup", Time since last: 3000230595 ns, Reaching safepoint: 54103 ns, At safepoint: 7201 ns, Total: 61304 ns
[1045.155s][info ][safepoint      ] Safepoint "Cleanup", Time since last: 3000231995 ns, Reaching safepoint: 95506 ns, At safepoint: 5800 ns, Total: 101306 ns
[1047.155s][info ][safepoint      ] Safepoint "Cleanup", Time since last: 2000224467 ns, Reaching safepoint: 85906 ns, At safepoint: 2900 ns, Total: 88806 ns
[1049.156s][info ][safepoint      ] Safepoint "Cleanup", Time since last: 2000204266 ns, Reaching safepoint: 94006 ns, At safepoint: 2900 ns, Total: 96906 ns
[1051.156s][info ][safepoint      ] Safepoint "Cleanup", Time since last: 2000162564 ns, Reaching safepoint: 51503 ns, At safepoint: 3100 ns, Total: 54603 ns
[1054.156s][info ][safepoint      ] Safepoint "Cleanup", Time since last: 3000271797 ns, Reaching safepoint: 49303 ns, At safepoint: 5601 ns, Total: 54904 ns
[1055.156s][info ][safepoint      ] Safepoint "Cleanup", Time since last: 1000106633 ns, Reaching safepoint: 48503 ns, At safepoint: 8400 ns, Total: 56903 ns
[1065.157s][info ][safepoint      ] Safepoint "Cleanup", Time since last: 10000705913 ns, Reaching safepoint: 49503 ns, At safepoint: 4300 ns, Total: 53803 ns
[1066.157s][info ][safepoint      ] Safepoint "Cleanup", Time since last: 1000120435 ns, Reaching safepoint: 56303 ns, At safepoint: 3200 ns, Total: 59503 ns
[1068.157s][info ][safepoint      ] Safepoint "Cleanup", Time since last: 2000171965 ns, Reaching safepoint: 52703 ns, At safepoint: 5900 ns, Total: 58603 ns
[1073.158s][info ][safepoint      ] Safepoint "Cleanup", Time since last: 5000371558 ns, Reaching safepoint: 57403 ns, At safepoint: 8500 ns, Total: 65903 ns
[1074.158s][info ][safepoint      ] Safepoint "Cleanup", Time since last: 1000106734 ns, Reaching safepoint: 55903 ns, At safepoint: 16801 ns, Total: 72704 ns
[1075.158s][info ][safepoint      ] Safepoint "Cleanup", Time since last: 1000107334 ns, Reaching safepoint: 52103 ns, At safepoint: 29001 ns, Total: 81104 ns
[1080.159s][info ][safepoint      ] Safepoint "Cleanup", Time since last: 5000367358 ns, Reaching safepoint: 48603 ns, At safepoint: 8900 ns, Total: 57503 ns
[1082.159s][info ][safepoint      ] Safepoint "Cleanup", Time since last: 2000182765 ns, Reaching safepoint: 94706 ns, At safepoint: 10700 ns, Total: 105406 ns
[1082.181s][info ][gc,start       ] GC(172) Pause Young (Allocation Failure)
[1082.211s][debug][gc,phases      ] GC(172) Scavenge 30.234ms
[1082.211s][debug][gc,ref         ] GC(172) Skipped phase 1 of Reference Processing: no references
[1082.211s][debug][gc,ref         ] GC(172) ReferenceProcessor::execute queues: 1, RefProcThreadModel::Single, marks_oops_alive: false
[1082.211s][debug][gc,ref         ] GC(172) Skipped phase 3 of Reference Processing: no references
[1082.211s][debug][gc,ref         ] GC(172) ReferenceProcessor::execute queues: 1, RefProcThreadModel::Single, marks_oops_alive: false
[1082.211s][debug][gc,phases      ] GC(172) Reference Processing 0.172ms
[1082.211s][debug][gc,phases      ] GC(172)   VM Weak                        Min:  0.0, Avg:  0.0, Max:  0.0, Diff:  0.0, Sum:  0.0, Workers: 4
[1082.211s][debug][gc,phases      ] GC(172)     Dead                           Min: 0, Avg:  0.0, Max: 0, Diff: 0, Sum: 0, Workers: 4
[1082.211s][debug][gc,phases      ] GC(172)     Total                          Min: 0, Avg: 174.0, Max: 504, Diff: 504, Sum: 696, Workers: 4
[1082.211s][debug][gc,phases      ] GC(172)   ObjectSynchronizer Weak        Min:  0.0, Avg:  0.0, Max:  0.0, Diff:  0.0, Sum:  0.0, Workers: 4
[1082.211s][debug][gc,phases      ] GC(172)     Dead                           Min: 0, Avg:  0.0, Max: 0, Diff: 0, Sum: 0, Workers: 4
[1082.211s][debug][gc,phases      ] GC(172)     Total                          Min: 0, Avg: 103.2, Max: 256, Diff: 256, Sum: 413, Workers: 4
[1082.211s][debug][gc,phases      ] GC(172)   JVMTI Tag Weak OopStorage      Min:  0.0, Avg:  0.0, Max:  0.0, Diff:  0.0, Sum:  0.0, Workers: 4
[1082.211s][debug][gc,phases      ] GC(172)     Dead                           Min: 0, Avg:  0.0, Max: 0, Diff: 0, Sum: 0, Workers: 4
[1082.211s][debug][gc,phases      ] GC(172)     Total                          Min: 0, Avg:  0.0, Max: 0, Diff: 0, Sum: 0, Workers: 4
[1082.211s][debug][gc,phases      ] GC(172)   StringTable Weak               Min:  0.1, Avg:  0.1, Max:  0.1, Diff:  0.0, Sum:  0.5, Workers: 4
[1082.211s][debug][gc,phases      ] GC(172)     Dead                           Min: 0, Avg:  0.0, Max: 0, Diff: 0, Sum: 0, Workers: 4
[1082.211s][debug][gc,phases      ] GC(172)     Total                          Min: 11840, Avg: 12029.0, Max: 12224, Diff: 384, Sum: 48116, Workers: 4
[1082.211s][debug][gc,phases      ] GC(172)   ResolvedMethodTable Weak       Min:  0.0, Avg:  0.0, Max:  0.0, Diff:  0.0, Sum:  0.1, Workers: 4
[1082.211s][debug][gc,phases      ] GC(172)     Dead                           Min: 0, Avg:  0.0, Max: 0, Diff: 0, Sum: 0, Workers: 4
[1082.211s][debug][gc,phases      ] GC(172)     Total                          Min: 1867, Avg: 2130.8, Max: 2368, Diff: 501, Sum: 8523, Workers: 4
[1082.211s][debug][gc,phases      ] GC(172)   JNI Weak                       Min:  0.0, Avg:  0.0, Max:  0.0, Diff:  0.0, Sum:  0.0, Workers: 4
[1082.211s][debug][gc,phases      ] GC(172)     Dead                           Min: 0, Avg:  0.0, Max: 0, Diff: 0, Sum: 0, Workers: 4
[1082.211s][debug][gc,phases      ] GC(172)     Total                          Min: 0, Avg:  0.0, Max: 0, Diff: 0, Sum: 0, Workers: 4
[1082.211s][debug][gc,phases      ] GC(172)   StringDedup Table Weak         Min:  0.0, Avg:  0.0, Max:  0.0, Diff:  0.0, Sum:  0.0, Workers: 4
[1082.211s][debug][gc,phases      ] GC(172)     Dead                           Min: 0, Avg:  0.0, Max: 0, Diff: 0, Sum: 0, Workers: 4
[1082.211s][debug][gc,phases      ] GC(172)     Total                          Min: 0, Avg:  0.0, Max: 0, Diff: 0, Sum: 0, Workers: 4
[1082.211s][debug][gc,phases      ] GC(172)   StringDedup Requests0 Weak     Min:  0.0, Avg:  0.0, Max:  0.0, Diff:  0.0, Sum:  0.0, Workers: 4
[1082.211s][debug][gc,phases      ] GC(172)     Dead                           Min: 0, Avg:  0.0, Max: 0, Diff: 0, Sum: 0, Workers: 4
[1082.211s][debug][gc,phases      ] GC(172)     Total                          Min: 0, Avg:  0.0, Max: 0, Diff: 0, Sum: 0, Workers: 4
[1082.211s][debug][gc,phases      ] GC(172)   StringDedup Requests1 Weak     Min:  0.0, Avg:  0.0, Max:  0.0, Diff:  0.0, Sum:  0.0, Workers: 4
[1082.211s][debug][gc,phases      ] GC(172)     Dead                           Min: 0, Avg:  0.0, Max: 0, Diff: 0, Sum: 0, Workers: 4
[1082.211s][debug][gc,phases      ] GC(172)     Total                          Min: 0, Avg:  0.0, Max: 0, Diff: 0, Sum: 0, Workers: 4
[1082.211s][debug][gc,phases      ] GC(172)   Weak JFR Old Object Samples    Min:  0.0, Avg:  0.0, Max:  0.0, Diff:  0.0, Sum:  0.0, Workers: 4
[1082.211s][debug][gc,phases      ] GC(172)     Dead                           Min: 0, Avg:  0.0, Max: 0, Diff: 0, Sum: 0, Workers: 4
[1082.211s][debug][gc,phases      ] GC(172)     Total                          Min: 0, Avg:  0.0, Max: 0, Diff: 0, Sum: 0, Workers: 4
[1082.211s][debug][gc,phases      ] GC(172) Weak Processing 0.344ms
[1082.211s][debug][gc,age         ] GC(172) Desired survivor size 203948032 bytes, new threshold 15 (max threshold 15)
[1082.211s][info ][gc,heap        ] GC(172) PSYoungGen: 1831329K(1895424K)->132978K(1895424K) Eden: 1693696K(1693696K)->0K(1693696K) From: 137633K(201728K)->132978K(201728K)
[1082.211s][info ][gc,heap        ] GC(172) ParOldGen: 589607K(712192K)->598158K(712192K)
[1082.211s][info ][gc,metaspace   ] GC(172) Metaspace: 83913K(84736K)->83913K(84736K) NonClass: 72200K(72640K)->72200K(72640K) Class: 11713K(12096K)->11713K(12096K)
[1082.211s][info ][gc             ] GC(172) Pause Young (Allocation Failure) 2364M->714M(2546M) 30.901ms
[1082.212s][info ][gc,cpu         ] GC(172) User=0.11s Sys=0.02s Real=0.03s
[1082.212s][info ][safepoint      ] Safepoint "ParallelGCFailedAllocation", Time since last: 21529973 ns, Reaching safepoint: 100406 ns, At safepoint: 30992433 ns, Total: 31092839 ns
[1083.212s][info ][safepoint      ] Safepoint "Cleanup", Time since last: 1000087832 ns, Reaching safepoint: 122607 ns, At safepoint: 8101 ns, Total: 130708 ns
[1085.212s][info ][safepoint      ] Safepoint "Cleanup", Time since last: 2000198166 ns, Reaching safepoint: 169310 ns, At safepoint: 14301 ns, Total: 183611 ns
[1092.213s][info ][safepoint      ] Safepoint "Cleanup", Time since last: 7000556522 ns, Reaching safepoint: 126308 ns, At safepoint: 8600 ns, Total: 134908 ns
[1093.213s][info ][safepoint      ] Safepoint "Cleanup", Time since last: 1000104333 ns, Reaching safepoint: 121808 ns, At safepoint: 6800 ns, Total: 128608 ns
[1096.213s][info ][safepoint      ] Safepoint "Cleanup", Time since last: 3000296799 ns, Reaching safepoint: 126307 ns, At safepoint: 8901 ns, Total: 135208 ns
[1097.214s][info ][safepoint      ] Safepoint "Cleanup", Time since last: 1000088132 ns, Reaching safepoint: 123808 ns, At safepoint: 9000 ns, Total: 132808 ns
[1099.214s][info ][safepoint      ] Safepoint "Cleanup", Time since last: 2000177465 ns, Reaching safepoint: 59403 ns, At safepoint: 8101 ns, Total: 67504 ns
[1100.214s][info ][safepoint      ] Safepoint "Cleanup", Time since last: 1000109733 ns, Reaching safepoint: 61104 ns, At safepoint: 11301 ns, Total: 72405 ns
[1101.214s][info ][safepoint      ] Safepoint "Cleanup", Time since last: 1000093532 ns, Reaching safepoint: 134508 ns, At safepoint: 5701 ns, Total: 140209 ns
[1104.215s][info ][safepoint      ] Safepoint "Cleanup", Time since last: 3000209293 ns, Reaching safepoint: 169510 ns, At safepoint: 9701 ns, Total: 179211 ns
[1105.215s][info ][safepoint      ] Safepoint "Cleanup", Time since last: 1000138135 ns, Reaching safepoint: 78005 ns, At safepoint: 10300 ns, Total: 88305 ns
[1106.215s][info ][safepoint      ] Safepoint "Cleanup", Time since last: 1000123235 ns, Reaching safepoint: 149009 ns, At safepoint: 29201 ns, Total: 178210 ns
[1107.216s][info ][safepoint      ] Safepoint "Cleanup", Time since last: 1000086733 ns, Reaching safepoint: 140008 ns, At safepoint: 13601 ns, Total: 153609 ns
[1108.067s][info ][gc,start       ] GC(173) Pause Young (Allocation Failure)
[1108.103s][debug][gc,phases      ] GC(173) Scavenge 36.790ms
[1108.104s][debug][gc,ref         ] GC(173) Skipped phase 1 of Reference Processing: no references
[1108.104s][debug][gc,ref         ] GC(173) ReferenceProcessor::execute queues: 1, RefProcThreadModel::Single, marks_oops_alive: false
[1108.104s][debug][gc,ref         ] GC(173) Skipped phase 3 of Reference Processing: no references
[1108.104s][debug][gc,ref         ] GC(173) ReferenceProcessor::execute queues: 1, RefProcThreadModel::Single, marks_oops_alive: false
[1108.104s][debug][gc,phases      ] GC(173) Reference Processing 0.142ms
[1108.104s][debug][gc,phases      ] GC(173)   VM Weak                        Min:  0.0, Avg:  0.0, Max:  0.0, Diff:  0.0, Sum:  0.0, Workers: 4
[1108.104s][debug][gc,phases      ] GC(173)     Dead                           Min: 0, Avg:  0.0, Max: 0, Diff: 0, Sum: 0, Workers: 4
[1108.104s][debug][gc,phases      ] GC(173)     Total                          Min: 0, Avg: 174.0, Max: 448, Diff: 448, Sum: 696, Workers: 4
[1108.104s][debug][gc,phases      ] GC(173)   ObjectSynchronizer Weak        Min:  0.0, Avg:  0.0, Max:  0.0, Diff:  0.0, Sum:  0.0, Workers: 4
[1108.104s][debug][gc,phases      ] GC(173)     Dead                           Min: 0, Avg:  0.0, Max: 0, Diff: 0, Sum: 0, Workers: 4
[1108.104s][debug][gc,phases      ] GC(173)     Total                          Min: 0, Avg: 103.2, Max: 192, Diff: 192, Sum: 413, Workers: 4
[1108.104s][debug][gc,phases      ] GC(173)   JVMTI Tag Weak OopStorage      Min:  0.0, Avg:  0.0, Max:  0.0, Diff:  0.0, Sum:  0.0, Workers: 4
[1108.104s][debug][gc,phases      ] GC(173)     Dead                           Min: 0, Avg:  0.0, Max: 0, Diff: 0, Sum: 0, Workers: 4
[1108.104s][debug][gc,phases      ] GC(173)     Total                          Min: 0, Avg:  0.0, Max: 0, Diff: 0, Sum: 0, Workers: 4
[1108.104s][debug][gc,phases      ] GC(173)   StringTable Weak               Min:  0.1, Avg:  0.1, Max:  0.1, Diff:  0.0, Sum:  0.4, Workers: 4
[1108.104s][debug][gc,phases      ] GC(173)     Dead                           Min: 0, Avg:  0.0, Max: 0, Diff: 0, Sum: 0, Workers: 4
[1108.104s][debug][gc,phases      ] GC(173)     Total                          Min: 10944, Avg: 12031.0, Max: 12796, Diff: 1852, Sum: 48124, Workers: 4
[1108.104s][debug][gc,phases      ] GC(173)   ResolvedMethodTable Weak       Min:  0.0, Avg:  0.0, Max:  0.0, Diff:  0.0, Sum:  0.1, Workers: 4
[1108.104s][debug][gc,phases      ] GC(173)     Dead                           Min: 0, Avg:  0.0, Max: 0, Diff: 0, Sum: 0, Workers: 4
[1108.104s][debug][gc,phases      ] GC(173)     Total                          Min: 1999, Avg: 2131.8, Max: 2240, Diff: 241, Sum: 8527, Workers: 4
[1108.104s][debug][gc,phases      ] GC(173)   JNI Weak                       Min:  0.0, Avg:  0.0, Max:  0.0, Diff:  0.0, Sum:  0.0, Workers: 4
[1108.104s][debug][gc,phases      ] GC(173)     Dead                           Min: 0, Avg:  0.0, Max: 0, Diff: 0, Sum: 0, Workers: 4
[1108.104s][debug][gc,phases      ] GC(173)     Total                          Min: 0, Avg:  0.0, Max: 0, Diff: 0, Sum: 0, Workers: 4
[1108.104s][debug][gc,phases      ] GC(173)   StringDedup Table Weak         Min:  0.0, Avg:  0.0, Max:  0.0, Diff:  0.0, Sum:  0.0, Workers: 4
[1108.104s][debug][gc,phases      ] GC(173)     Dead                           Min: 0, Avg:  0.0, Max: 0, Diff: 0, Sum: 0, Workers: 4
[1108.104s][debug][gc,phases      ] GC(173)     Total                          Min: 0, Avg:  0.0, Max: 0, Diff: 0, Sum: 0, Workers: 4
[1108.104s][debug][gc,phases      ] GC(173)   StringDedup Requests0 Weak     Min:  0.0, Avg:  0.0, Max:  0.0, Diff:  0.0, Sum:  0.0, Workers: 4
[1108.104s][debug][gc,phases      ] GC(173)     Dead                           Min: 0, Avg:  0.0, Max: 0, Diff: 0, Sum: 0, Workers: 4
[1108.104s][debug][gc,phases      ] GC(173)     Total                          Min: 0, Avg:  0.0, Max: 0, Diff: 0, Sum: 0, Workers: 4
[1108.104s][debug][gc,phases      ] GC(173)   StringDedup Requests1 Weak     Min:  0.0, Avg:  0.0, Max:  0.0, Diff:  0.0, Sum:  0.0, Workers: 4
[1108.104s][debug][gc,phases      ] GC(173)     Dead                           Min: 0, Avg:  0.0, Max: 0, Diff: 0, Sum: 0, Workers: 4
[1108.104s][debug][gc,phases      ] GC(173)     Total                          Min: 0, Avg:  0.0, Max: 0, Diff: 0, Sum: 0, Workers: 4
[1108.104s][debug][gc,phases      ] GC(173)   Weak JFR Old Object Samples    Min:  0.0, Avg:  0.0, Max:  0.0, Diff:  0.0, Sum:  0.0, Workers: 4
[1108.104s][debug][gc,phases      ] GC(173)     Dead                           Min: 0, Avg:  0.0, Max: 0, Diff: 0, Sum: 0, Workers: 4
[1108.104s][debug][gc,phases      ] GC(173)     Total                          Min: 0, Avg:  0.0, Max: 0, Diff: 0, Sum: 0, Workers: 4
[1108.104s][debug][gc,phases      ] GC(173) Weak Processing 0.329ms
[1108.104s][debug][gc,age         ] GC(173) Desired survivor size 201326592 bytes, new threshold 15 (max threshold 15)
[1108.104s][info ][gc,heap        ] GC(173) PSYoungGen: 1826674K(1895424K)->134402K(1900544K) Eden: 1693696K(1693696K)->0K(1701376K) From: 132978K(201728K)->134402K(199168K)
[1108.104s][info ][gc,heap        ] GC(173) ParOldGen: 598158K(712192K)->606952K(712192K)
[1108.104s][info ][gc,metaspace   ] GC(173) Metaspace: 83946K(84800K)->83946K(84800K) NonClass: 72232K(72704K)->72232K(72704K) Class: 11714K(12096K)->11714K(12096K)
[1108.104s][info ][gc             ] GC(173) Pause Young (Allocation Failure) 2368M->723M(2551M) 37.407ms
[1108.104s][info ][gc,cpu         ] GC(173) User=0.15s Sys=0.00s Real=0.04s
[1108.104s][info ][safepoint      ] Safepoint "ParallelGCFailedAllocation", Time since last: 850936113 ns, Reaching safepoint: 128008 ns, At safepoint: 37500717 ns, Total: 37628725 ns
[1109.104s][info ][safepoint      ] Safepoint "Cleanup", Time since last: 1000090332 ns, Reaching safepoint: 61204 ns, At safepoint: 8300 ns, Total: 69504 ns
[1111.104s][info ][safepoint      ] Safepoint "Cleanup", Time since last: 2000162764 ns, Reaching safepoint: 42903 ns, At safepoint: 3200 ns, Total: 46103 ns
[1113.105s][info ][safepoint      ] Safepoint "Cleanup", Time since last: 2000199266 ns, Reaching safepoint: 82505 ns, At safepoint: 8600 ns, Total: 91105 ns
[1114.105s][info ][safepoint      ] Safepoint "Cleanup", Time since last: 1000099433 ns, Reaching safepoint: 49703 ns, At safepoint: 3601 ns, Total: 53304 ns
[1116.105s][info ][safepoint      ] Safepoint "Cleanup", Time since last: 2000165964 ns, Reaching safepoint: 52503 ns, At safepoint: 8300 ns, Total: 60803 ns
[1118.105s][info ][safepoint      ] Safepoint "Cleanup", Time since last: 2000192266 ns, Reaching safepoint: 59203 ns, At safepoint: 6401 ns, Total: 65604 ns
[1119.106s][info ][safepoint      ] Safepoint "Cleanup", Time since last: 1000095232 ns, Reaching safepoint: 58604 ns, At safepoint: 7900 ns, Total: 66504 ns
[1120.106s][info ][safepoint      ] Safepoint "Cleanup", Time since last: 1000099333 ns, Reaching safepoint: 122808 ns, At safepoint: 17401 ns, Total: 140209 ns
[1121.106s][info ][safepoint      ] Safepoint "Cleanup", Time since last: 1000110933 ns, Reaching safepoint: 72705 ns, At safepoint: 14700 ns, Total: 87405 ns
[1122.106s][info ][safepoint      ] Safepoint "Cleanup", Time since last: 1000096433 ns, Reaching safepoint: 51103 ns, At safepoint: 10401 ns, Total: 61504 ns
[1123.106s][info ][safepoint      ] Safepoint "Cleanup", Time since last: 1000101233 ns, Reaching safepoint: 47603 ns, At safepoint: 6600 ns, Total: 54203 ns
[1124.106s][info ][safepoint      ] Safepoint "Cleanup", Time since last: 1000097333 ns, Reaching safepoint: 56703 ns, At safepoint: 5801 ns, Total: 62504 ns
[1125.107s][info ][safepoint      ] Safepoint "Cleanup", Time since last: 1000101633 ns, Reaching safepoint: 53703 ns, At safepoint: 11401 ns, Total: 65104 ns
[1131.107s][info ][safepoint      ] Safepoint "Cleanup", Time since last: 6000512993 ns, Reaching safepoint: 53303 ns, At safepoint: 6400 ns, Total: 59703 ns
[1133.107s][info ][safepoint      ] Safepoint "Cleanup", Time since last: 2000161364 ns, Reaching safepoint: 47603 ns, At safepoint: 3100 ns, Total: 50703 ns
[1134.108s][info ][safepoint      ] Safepoint "Cleanup", Time since last: 1000102733 ns, Reaching safepoint: 59004 ns, At safepoint: 2900 ns, Total: 61904 ns
[1135.108s][info ][safepoint      ] Safepoint "Cleanup", Time since last: 1000090532 ns, Reaching safepoint: 51403 ns, At safepoint: 10501 ns, Total: 61904 ns
[1137.108s][info ][safepoint      ] Safepoint "Cleanup", Time since last: 2000161364 ns, Reaching safepoint: 49502 ns, At safepoint: 19702 ns, Total: 69204 ns
[1139.378s][info ][gc,start       ] GC(174) Pause Young (Allocation Failure)
[1139.409s][debug][gc,phases      ] GC(174) Scavenge 30.522ms
[1139.409s][debug][gc,ref         ] GC(174) Skipped phase 1 of Reference Processing: no references
[1139.409s][debug][gc,ref         ] GC(174) ReferenceProcessor::execute queues: 1, RefProcThreadModel::Single, marks_oops_alive: false
[1139.409s][debug][gc,ref         ] GC(174) Skipped phase 3 of Reference Processing: no references
[1139.409s][debug][gc,ref         ] GC(174) ReferenceProcessor::execute queues: 1, RefProcThreadModel::Single, marks_oops_alive: false
[1139.409s][debug][gc,phases      ] GC(174) Reference Processing 0.165ms
[1139.409s][debug][gc,phases      ] GC(174)   VM Weak                        Min:  0.0, Avg:  0.0, Max:  0.0, Diff:  0.0, Sum:  0.0, Workers: 4
[1139.409s][debug][gc,phases      ] GC(174)     Dead                           Min: 0, Avg:  0.0, Max: 0, Diff: 0, Sum: 0, Workers: 4
[1139.409s][debug][gc,phases      ] GC(174)     Total                          Min: 0, Avg: 174.0, Max: 696, Diff: 696, Sum: 696, Workers: 4
[1139.409s][debug][gc,phases      ] GC(174)   ObjectSynchronizer Weak        Min:  0.0, Avg:  0.0, Max:  0.0, Diff:  0.0, Sum:  0.0, Workers: 4
[1139.409s][debug][gc,phases      ] GC(174)     Dead                           Min: 0, Avg:  0.0, Max: 0, Diff: 0, Sum: 0, Workers: 4
[1139.409s][debug][gc,phases      ] GC(174)     Total                          Min: 0, Avg: 103.2, Max: 256, Diff: 256, Sum: 413, Workers: 4
[1139.409s][debug][gc,phases      ] GC(174)   JVMTI Tag Weak OopStorage      Min:  0.0, Avg:  0.0, Max:  0.0, Diff:  0.0, Sum:  0.0, Workers: 4
[1139.409s][debug][gc,phases      ] GC(174)     Dead                           Min: 0, Avg:  0.0, Max: 0, Diff: 0, Sum: 0, Workers: 4
[1139.409s][debug][gc,phases      ] GC(174)     Total                          Min: 0, Avg:  0.0, Max: 0, Diff: 0, Sum: 0, Workers: 4
[1139.409s][debug][gc,phases      ] GC(174)   StringTable Weak               Min:  0.1, Avg:  0.1, Max:  0.1, Diff:  0.0, Sum:  0.4, Workers: 4
[1139.409s][debug][gc,phases      ] GC(174)     Dead                           Min: 0, Avg:  0.0, Max: 0, Diff: 0, Sum: 0, Workers: 4
[1139.409s][debug][gc,phases      ] GC(174)     Total                          Min: 11073, Avg: 12032.2, Max: 12928, Diff: 1855, Sum: 48129, Workers: 4
[1139.409s][debug][gc,phases      ] GC(174)   ResolvedMethodTable Weak       Min:  0.0, Avg:  0.0, Max:  0.0, Diff:  0.0, Sum:  0.1, Workers: 4
[1139.409s][debug][gc,phases      ] GC(174)     Dead                           Min: 0, Avg:  0.0, Max: 0, Diff: 0, Sum: 0, Workers: 4
[1139.409s][debug][gc,phases      ] GC(174)     Total                          Min: 1856, Avg: 2131.8, Max: 2447, Diff: 591, Sum: 8527, Workers: 4
[1139.409s][debug][gc,phases      ] GC(174)   JNI Weak                       Min:  0.0, Avg:  0.0, Max:  0.0, Diff:  0.0, Sum:  0.0, Workers: 4
[1139.409s][debug][gc,phases      ] GC(174)     Dead                           Min: 0, Avg:  0.0, Max: 0, Diff: 0, Sum: 0, Workers: 4
[1139.409s][debug][gc,phases      ] GC(174)     Total                          Min: 0, Avg:  0.0, Max: 0, Diff: 0, Sum: 0, Workers: 4
[1139.409s][debug][gc,phases      ] GC(174)   StringDedup Table Weak         Min:  0.0, Avg:  0.0, Max:  0.0, Diff:  0.0, Sum:  0.0, Workers: 4
[1139.409s][debug][gc,phases      ] GC(174)     Dead                           Min: 0, Avg:  0.0, Max: 0, Diff: 0, Sum: 0, Workers: 4
[1139.409s][debug][gc,phases      ] GC(174)     Total                          Min: 0, Avg:  0.0, Max: 0, Diff: 0, Sum: 0, Workers: 4
[1139.409s][debug][gc,phases      ] GC(174)   StringDedup Requests0 Weak     Min:  0.0, Avg:  0.0, Max:  0.0, Diff:  0.0, Sum:  0.0, Workers: 4
[1139.409s][debug][gc,phases      ] GC(174)     Dead                           Min: 0, Avg:  0.0, Max: 0, Diff: 0, Sum: 0, Workers: 4
[1139.409s][debug][gc,phases      ] GC(174)     Total                          Min: 0, Avg:  0.0, Max: 0, Diff: 0, Sum: 0, Workers: 4
[1139.409s][debug][gc,phases      ] GC(174)   StringDedup Requests1 Weak     Min:  0.0, Avg:  0.0, Max:  0.0, Diff:  0.0, Sum:  0.0, Workers: 4
[1139.409s][debug][gc,phases      ] GC(174)     Dead                           Min: 0, Avg:  0.0, Max: 0, Diff: 0, Sum: 0, Workers: 4
[1139.409s][debug][gc,phases      ] GC(174)     Total                          Min: 0, Avg:  0.0, Max: 0, Diff: 0, Sum: 0, Workers: 4
[1139.409s][debug][gc,phases      ] GC(174)   Weak JFR Old Object Samples    Min:  0.0, Avg:  0.0, Max:  0.0, Diff:  0.0, Sum:  0.0, Workers: 4
[1139.409s][debug][gc,phases      ] GC(174)     Dead                           Min: 0, Avg:  0.0, Max: 0, Diff: 0, Sum: 0, Workers: 4
[1139.409s][debug][gc,phases      ] GC(174)     Total                          Min: 0, Avg:  0.0, Max: 0, Diff: 0, Sum: 0, Workers: 4
[1139.409s][debug][gc,phases      ] GC(174) Weak Processing 0.327ms
[1139.409s][debug][gc,age         ] GC(174) Desired survivor size 197656576 bytes, new threshold 15 (max threshold 15)
[1139.409s][info ][gc,heap        ] GC(174) PSYoungGen: 1835778K(1900544K)->130370K(1897984K) Eden: 1701376K(1701376K)->0K(1701376K) From: 134402K(199168K)->130370K(196608K)
[1139.409s][info ][gc,heap        ] GC(174) ParOldGen: 606952K(712192K)->615749K(712192K)
[1139.409s][info ][gc,metaspace   ] GC(174) Metaspace: 83984K(84800K)->83984K(84800K) NonClass: 72270K(72704K)->72270K(72704K) Class: 11714K(12096K)->11714K(12096K)
[1139.409s][info ][gc             ] GC(174) Pause Young (Allocation Failure) 2385M->728M(2549M) 31.152ms
[1139.410s][info ][gc,cpu         ] GC(174) User=0.12s Sys=0.01s Real=0.03s
[1139.410s][info ][safepoint      ] Safepoint "ParallelGCFailedAllocation", Time since last: 2270290435 ns, Reaching safepoint: 49203 ns, At safepoint: 31238847 ns, Total: 31288050 ns
[1143.410s][info ][safepoint      ] Safepoint "Cleanup", Time since last: 4000317727 ns, Reaching safepoint: 160910 ns, At safepoint: 20801 ns, Total: 181711 ns
[1144.410s][info ][safepoint      ] Safepoint "Cleanup", Time since last: 1000222140 ns, Reaching safepoint: 145209 ns, At safepoint: 9501 ns, Total: 154710 ns
[1145.411s][info ][safepoint      ] Safepoint "Cleanup", Time since last: 1000150636 ns, Reaching safepoint: 145708 ns, At safepoint: 8701 ns, Total: 154409 ns
[1150.411s][info ][safepoint      ] Safepoint "Cleanup", Time since last: 5000433161 ns, Reaching safepoint: 147109 ns, At safepoint: 10000 ns, Total: 157109 ns
[1151.412s][info ][safepoint      ] Safepoint "Cleanup", Time since last: 1000105533 ns, Reaching safepoint: 120108 ns, At safepoint: 12000 ns, Total: 132108 ns
[1152.412s][info ][safepoint      ] Safepoint "Cleanup", Time since last: 1000113034 ns, Reaching safepoint: 107606 ns, At safepoint: 9001 ns, Total: 116607 ns
[1155.412s][info ][safepoint      ] Safepoint "Cleanup", Time since last: 3000239595 ns, Reaching safepoint: 122308 ns, At safepoint: 14501 ns, Total: 136809 ns
[1159.413s][info ][safepoint      ] Safepoint "Cleanup", Time since last: 4000350229 ns, Reaching safepoint: 132307 ns, At safepoint: 8801 ns, Total: 141108 ns
[1169.414s][info ][safepoint      ] Safepoint "Cleanup", Time since last: 10000727114 ns, Reaching safepoint: 139508 ns, At safepoint: 34102 ns, Total: 173610 ns
[1172.414s][info ][safepoint      ] Safepoint "Cleanup", Time since last: 3000282598 ns, Reaching safepoint: 123607 ns, At safepoint: 9701 ns, Total: 133308 ns
[1173.515s][info ][safepoint      ] Safepoint "Cleanup", Time since last: 1101330118 ns, Reaching safepoint: 90606 ns, At safepoint: 9300 ns, Total: 99906 ns
[1174.516s][info ][safepoint      ] Safepoint "Cleanup", Time since last: 1000100933 ns, Reaching safepoint: 72705 ns, At safepoint: 5700 ns, Total: 78405 ns
[1189.865s][info ][safepoint      ] Safepoint "Cleanup", Time since last: 15349224555 ns, Reaching safepoint: 77705 ns, At safepoint: 8700 ns, Total: 86405 ns
[1190.865s][info ][safepoint      ] Safepoint "Cleanup", Time since last: 1000115934 ns, Reaching safepoint: 56303 ns, At safepoint: 8001 ns, Total: 64304 ns
[1191.865s][info ][safepoint      ] Safepoint "Cleanup", Time since last: 1000105333 ns, Reaching safepoint: 51803 ns, At safepoint: 15401 ns, Total: 67204 ns
[1199.866s][info ][safepoint      ] Safepoint "Cleanup", Time since last: 8000581251 ns, Reaching safepoint: 48903 ns, At safepoint: 8401 ns, Total: 57304 ns
[1201.866s][info ][safepoint      ] Safepoint "Cleanup", Time since last: 2000167664 ns, Reaching safepoint: 46603 ns, At safepoint: 2800 ns, Total: 49403 ns
[1206.866s][info ][safepoint      ] Safepoint "Cleanup", Time since last: 5000321554 ns, Reaching safepoint: 52903 ns, At safepoint: 4701 ns, Total: 57604 ns
[1208.867s][info ][safepoint      ] Safepoint "Cleanup", Time since last: 2000187865 ns, Reaching safepoint: 46303 ns, At safepoint: 2400 ns, Total: 48703 ns
[1209.662s][info ][gc,start       ] GC(175) Pause Young (Allocation Failure)
[1209.692s][debug][gc,phases      ] GC(175) Scavenge 30.805ms
[1209.692s][debug][gc,ref         ] GC(175) Skipped phase 1 of Reference Processing: no references
[1209.693s][debug][gc,ref         ] GC(175) ReferenceProcessor::execute queues: 1, RefProcThreadModel::Single, marks_oops_alive: false
[1209.693s][debug][gc,ref         ] GC(175) Skipped phase 3 of Reference Processing: no references
[1209.693s][debug][gc,ref         ] GC(175) ReferenceProcessor::execute queues: 1, RefProcThreadModel::Single, marks_oops_alive: false
[1209.693s][debug][gc,phases      ] GC(175) Reference Processing 0.131ms
[1209.693s][debug][gc,phases      ] GC(175)   VM Weak                        Min:  0.0, Avg:  0.0, Max:  0.0, Diff:  0.0, Sum:  0.0, Workers: 4
[1209.693s][debug][gc,phases      ] GC(175)     Dead                           Min: 0, Avg:  0.0, Max: 0, Diff: 0, Sum: 0, Workers: 4
[1209.693s][debug][gc,phases      ] GC(175)     Total                          Min: 0, Avg: 174.0, Max: 384, Diff: 384, Sum: 696, Workers: 4
[1209.693s][debug][gc,phases      ] GC(175)   ObjectSynchronizer Weak        Min:  0.0, Avg:  0.0, Max:  0.0, Diff:  0.0, Sum:  0.0, Workers: 4
[1209.693s][debug][gc,phases      ] GC(175)     Dead                           Min: 0, Avg:  0.0, Max: 0, Diff: 0, Sum: 0, Workers: 4
[1209.693s][debug][gc,phases      ] GC(175)     Total                          Min: 0, Avg: 103.2, Max: 285, Diff: 285, Sum: 413, Workers: 4
[1209.693s][debug][gc,phases      ] GC(175)   JVMTI Tag Weak OopStorage      Min:  0.0, Avg:  0.0, Max:  0.0, Diff:  0.0, Sum:  0.0, Workers: 4
[1209.693s][debug][gc,phases      ] GC(175)     Dead                           Min: 0, Avg:  0.0, Max: 0, Diff: 0, Sum: 0, Workers: 4
[1209.693s][debug][gc,phases      ] GC(175)     Total                          Min: 0, Avg:  0.0, Max: 0, Diff: 0, Sum: 0, Workers: 4
[1209.693s][debug][gc,phases      ] GC(175)   StringTable Weak               Min:  0.1, Avg:  0.1, Max:  0.1, Diff:  0.0, Sum:  0.5, Workers: 4
[1209.693s][debug][gc,phases      ] GC(175)     Dead                           Min: 0, Avg:  0.0, Max: 0, Diff: 0, Sum: 0, Workers: 4
[1209.693s][debug][gc,phases      ] GC(175)     Total                          Min: 11456, Avg: 12032.5, Max: 13314, Diff: 1858, Sum: 48130, Workers: 4
[1209.693s][debug][gc,phases      ] GC(175)   ResolvedMethodTable Weak       Min:  0.0, Avg:  0.0, Max:  0.0, Diff:  0.0, Sum:  0.1, Workers: 4
[1209.693s][debug][gc,phases      ] GC(175)     Dead                           Min: 0, Avg:  0.0, Max: 0, Diff: 0, Sum: 0, Workers: 4
[1209.693s][debug][gc,phases      ] GC(175)     Total                          Min: 1920, Avg: 2131.8, Max: 2560, Diff: 640, Sum: 8527, Workers: 4
[1209.693s][debug][gc,phases      ] GC(175)   JNI Weak                       Min:  0.0, Avg:  0.0, Max:  0.0, Diff:  0.0, Sum:  0.0, Workers: 4
[1209.693s][debug][gc,phases      ] GC(175)     Dead                           Min: 0, Avg:  0.0, Max: 0, Diff: 0, Sum: 0, Workers: 4
[1209.693s][debug][gc,phases      ] GC(175)     Total                          Min: 0, Avg:  0.0, Max: 0, Diff: 0, Sum: 0, Workers: 4
[1209.693s][debug][gc,phases      ] GC(175)   StringDedup Table Weak         Min:  0.0, Avg:  0.0, Max:  0.0, Diff:  0.0, Sum:  0.0, Workers: 4
[1209.693s][debug][gc,phases      ] GC(175)     Dead                           Min: 0, Avg:  0.0, Max: 0, Diff: 0, Sum: 0, Workers: 4
[1209.693s][debug][gc,phases      ] GC(175)     Total                          Min: 0, Avg:  0.0, Max: 0, Diff: 0, Sum: 0, Workers: 4
[1209.693s][debug][gc,phases      ] GC(175)   StringDedup Requests0 Weak     Min:  0.0, Avg:  0.0, Max:  0.0, Diff:  0.0, Sum:  0.0, Workers: 4
[1209.693s][debug][gc,phases      ] GC(175)     Dead                           Min: 0, Avg:  0.0, Max: 0, Diff: 0, Sum: 0, Workers: 4
[1209.693s][debug][gc,phases      ] GC(175)     Total                          Min: 0, Avg:  0.0, Max: 0, Diff: 0, Sum: 0, Workers: 4
[1209.693s][debug][gc,phases      ] GC(175)   StringDedup Requests1 Weak     Min:  0.0, Avg:  0.0, Max:  0.0, Diff:  0.0, Sum:  0.0, Workers: 4
[1209.693s][debug][gc,phases      ] GC(175)     Dead                           Min: 0, Avg:  0.0, Max: 0, Diff: 0, Sum: 0, Workers: 4
[1209.693s][debug][gc,phases      ] GC(175)     Total                          Min: 0, Avg:  0.0, Max: 0, Diff: 0, Sum: 0, Workers: 4
[1209.693s][debug][gc,phases      ] GC(175)   Weak JFR Old Object Samples    Min:  0.0, Avg:  0.0, Max:  0.0, Diff:  0.0, Sum:  0.0, Workers: 4
[1209.693s][debug][gc,phases      ] GC(175)     Dead                           Min: 0, Avg:  0.0, Max: 0, Diff: 0, Sum: 0, Workers: 4
[1209.693s][debug][gc,phases      ] GC(175)     Total                          Min: 0, Avg:  0.0, Max: 0, Diff: 0, Sum: 0, Workers: 4
[1209.693s][debug][gc,phases      ] GC(175) Weak Processing 0.349ms
[1209.693s][debug][gc,age         ] GC(175) Desired survivor size 190840832 bytes, new threshold 15 (max threshold 15)
[1209.693s][info ][gc,heap        ] GC(175) PSYoungGen: 1831746K(1897984K)->123697K(1910784K) Eden: 1701376K(1701376K)->0K(1717760K) From: 130370K(196608K)->123697K(193024K)
[1209.693s][info ][gc,heap        ] GC(175) ParOldGen: 615749K(712192K)->624327K(712192K)
[1209.693s][info ][gc,metaspace   ] GC(175) Metaspace: 84003K(84800K)->84003K(84800K) NonClass: 72288K(72704K)->72288K(72704K) Class: 11714K(12096K)->11714K(12096K)
[1209.693s][info ][gc             ] GC(175) Pause Young (Allocation Failure) 2390M->730M(2561M) 31.422ms
[1209.693s][info ][gc,cpu         ] GC(175) User=0.12s Sys=0.00s Real=0.03s
[1209.693s][info ][safepoint      ] Safepoint "ParallelGCFailedAllocation", Time since last: 794692488 ns, Reaching safepoint: 120407 ns, At safepoint: 31508763 ns, Total: 31629170 ns
[1212.693s][info ][safepoint      ] Safepoint "Cleanup", Time since last: 3000215794 ns, Reaching safepoint: 51203 ns, At safepoint: 9700 ns, Total: 60903 ns
[1215.694s][info ][safepoint      ] Safepoint "Cleanup", Time since last: 3000265297 ns, Reaching safepoint: 47003 ns, At safepoint: 3900 ns, Total: 50903 ns
[1219.694s][info ][safepoint      ] Safepoint "Cleanup", Time since last: 4000283325 ns, Reaching safepoint: 53004 ns, At safepoint: 12900 ns, Total: 65904 ns
[1220.694s][info ][safepoint      ] Safepoint "Cleanup", Time since last: 1000131035 ns, Reaching safepoint: 151509 ns, At safepoint: 9001 ns, Total: 160510 ns
[1224.695s][info ][safepoint      ] Safepoint "Cleanup", Time since last: 4000321727 ns, Reaching safepoint: 54803 ns, At safepoint: 3000 ns, Total: 57803 ns
[1225.695s][info ][safepoint      ] Safepoint "Cleanup", Time since last: 1000095733 ns, Reaching safepoint: 53903 ns, At safepoint: 3601 ns, Total: 57504 ns
[1236.696s][info ][safepoint      ] Safepoint "Cleanup", Time since last: 11000741141 ns, Reaching safepoint: 55004 ns, At safepoint: 8500 ns, Total: 63504 ns
[1240.696s][info ][safepoint      ] Safepoint "Cleanup", Time since last: 4000272525 ns, Reaching safepoint: 115706 ns, At safepoint: 8601 ns, Total: 124307 ns
[1241.696s][info ][safepoint      ] Safepoint "Cleanup", Time since last: 1000098833 ns, Reaching safepoint: 49303 ns, At safepoint: 7100 ns, Total: 56403 ns
[1247.697s][info ][safepoint      ] Safepoint "Cleanup", Time since last: 6000531894 ns, Reaching safepoint: 69804 ns, At safepoint: 8401 ns, Total: 78205 ns
[1248.697s][info ][safepoint      ] Safepoint "Cleanup", Time since last: 1000101133 ns, Reaching safepoint: 59203 ns, At safepoint: 9201 ns, Total: 68404 ns
[1250.697s][info ][safepoint      ] Safepoint "Cleanup", Time since last: 2000158063 ns, Reaching safepoint: 51103 ns, At safepoint: 7501 ns, Total: 58604 ns
[1252.697s][info ][safepoint      ] Safepoint "Cleanup", Time since last: 2000161563 ns, Reaching safepoint: 54304 ns, At safepoint: 8300 ns, Total: 62604 ns
[1258.698s][info ][safepoint      ] Safepoint "Cleanup", Time since last: 6000425888 ns, Reaching safepoint: 60703 ns, At safepoint: 3101 ns, Total: 63804 ns
[1260.066s][info ][gc,start       ] GC(176) Pause Young (Allocation Failure)
[1260.096s][debug][gc,phases      ] GC(176) Scavenge 30.308ms
[1260.096s][debug][gc,ref         ] GC(176) Skipped phase 1 of Reference Processing: no references
[1260.096s][debug][gc,ref         ] GC(176) ReferenceProcessor::execute queues: 1, RefProcThreadModel::Single, marks_oops_alive: false
[1260.096s][debug][gc,ref         ] GC(176) Skipped phase 3 of Reference Processing: no references
[1260.096s][debug][gc,ref         ] GC(176) ReferenceProcessor::execute queues: 1, RefProcThreadModel::Single, marks_oops_alive: false
[1260.096s][debug][gc,phases      ] GC(176) Reference Processing 0.150ms
[1260.097s][debug][gc,phases      ] GC(176)   VM Weak                        Min:  0.0, Avg:  0.0, Max:  0.0, Diff:  0.0, Sum:  0.0, Workers: 4
[1260.097s][debug][gc,phases      ] GC(176)     Dead                           Min: 0, Avg:  0.0, Max: 0, Diff: 0, Sum: 0, Workers: 4
[1260.097s][debug][gc,phases      ] GC(176)     Total                          Min: 0, Avg: 174.0, Max: 568, Diff: 568, Sum: 696, Workers: 4
[1260.097s][debug][gc,phases      ] GC(176)   ObjectSynchronizer Weak        Min:  0.0, Avg:  0.0, Max:  0.0, Diff:  0.0, Sum:  0.0, Workers: 4
[1260.097s][debug][gc,phases      ] GC(176)     Dead                           Min: 0, Avg:  0.0, Max: 0, Diff: 0, Sum: 0, Workers: 4
[1260.097s][debug][gc,phases      ] GC(176)     Total                          Min: 0, Avg: 103.2, Max: 192, Diff: 192, Sum: 413, Workers: 4
[1260.097s][debug][gc,phases      ] GC(176)   JVMTI Tag Weak OopStorage      Min:  0.0, Avg:  0.0, Max:  0.0, Diff:  0.0, Sum:  0.0, Workers: 4
[1260.097s][debug][gc,phases      ] GC(176)     Dead                           Min: 0, Avg:  0.0, Max: 0, Diff: 0, Sum: 0, Workers: 4
[1260.097s][debug][gc,phases      ] GC(176)     Total                          Min: 0, Avg:  0.0, Max: 0, Diff: 0, Sum: 0, Workers: 4
[1260.097s][debug][gc,phases      ] GC(176)   StringTable Weak               Min:  0.1, Avg:  0.1, Max:  0.1, Diff:  0.0, Sum:  0.5, Workers: 4
[1260.097s][debug][gc,phases      ] GC(176)     Dead                           Min: 0, Avg:  0.0, Max: 0, Diff: 0, Sum: 0, Workers: 4
[1260.097s][debug][gc,phases      ] GC(176)     Total                          Min: 10880, Avg: 12032.8, Max: 13120, Diff: 2240, Sum: 48131, Workers: 4
[1260.097s][debug][gc,phases      ] GC(176)   ResolvedMethodTable Weak       Min:  0.0, Avg:  0.0, Max:  0.0, Diff:  0.0, Sum:  0.1, Workers: 4
[1260.097s][debug][gc,phases      ] GC(176)     Dead                           Min: 0, Avg:  0.0, Max: 0, Diff: 0, Sum: 0, Workers: 4
[1260.097s][debug][gc,phases      ] GC(176)     Total                          Min: 2000, Avg: 2132.0, Max: 2240, Diff: 240, Sum: 8528, Workers: 4
[1260.097s][debug][gc,phases      ] GC(176)   JNI Weak                       Min:  0.0, Avg:  0.0, Max:  0.0, Diff:  0.0, Sum:  0.0, Workers: 4
[1260.097s][debug][gc,phases      ] GC(176)     Dead                           Min: 0, Avg:  0.0, Max: 0, Diff: 0, Sum: 0, Workers: 4
[1260.097s][debug][gc,phases      ] GC(176)     Total                          Min: 0, Avg:  0.0, Max: 0, Diff: 0, Sum: 0, Workers: 4
[1260.097s][debug][gc,phases      ] GC(176)   StringDedup Table Weak         Min:  0.0, Avg:  0.0, Max:  0.0, Diff:  0.0, Sum:  0.0, Workers: 4
[1260.097s][debug][gc,phases      ] GC(176)     Dead                           Min: 0, Avg:  0.0, Max: 0, Diff: 0, Sum: 0, Workers: 4
[1260.097s][debug][gc,phases      ] GC(176)     Total                          Min: 0, Avg:  0.0, Max: 0, Diff: 0, Sum: 0, Workers: 4
[1260.097s][debug][gc,phases      ] GC(176)   StringDedup Requests0 Weak     Min:  0.0, Avg:  0.0, Max:  0.0, Diff:  0.0, Sum:  0.0, Workers: 4
[1260.097s][debug][gc,phases      ] GC(176)     Dead                           Min: 0, Avg:  0.0, Max: 0, Diff: 0, Sum: 0, Workers: 4
[1260.097s][debug][gc,phases      ] GC(176)     Total                          Min: 0, Avg:  0.0, Max: 0, Diff: 0, Sum: 0, Workers: 4
[1260.097s][debug][gc,phases      ] GC(176)   StringDedup Requests1 Weak     Min:  0.0, Avg:  0.0, Max:  0.0, Diff:  0.0, Sum:  0.0, Workers: 4
[1260.097s][debug][gc,phases      ] GC(176)     Dead                           Min: 0, Avg:  0.0, Max: 0, Diff: 0, Sum: 0, Workers: 4
[1260.097s][debug][gc,phases      ] GC(176)     Total                          Min: 0, Avg:  0.0, Max: 0, Diff: 0, Sum: 0, Workers: 4
[1260.097s][debug][gc,phases      ] GC(176)   Weak JFR Old Object Samples    Min:  0.0, Avg:  0.0, Max:  0.0, Diff:  0.0, Sum:  0.0, Workers: 4
[1260.097s][debug][gc,phases      ] GC(176)     Dead                           Min: 0, Avg:  0.0, Max: 0, Diff: 0, Sum: 0, Workers: 4
[1260.097s][debug][gc,phases      ] GC(176)     Total                          Min: 0, Avg:  0.0, Max: 0, Diff: 0, Sum: 0, Workers: 4
[1260.097s][debug][gc,phases      ] GC(176) Weak Processing 0.350ms
[1260.097s][debug][gc,age         ] GC(176) Desired survivor size 185073664 bytes, new threshold 15 (max threshold 15)
[1260.097s][info ][gc,heap        ] GC(176) PSYoungGen: 1841457K(1910784K)->123321K(1904128K) Eden: 1717760K(1717760K)->0K(1717760K) From: 123697K(193024K)->123321K(186368K)
[1260.097s][info ][gc,heap        ] GC(176) ParOldGen: 624327K(712192K)->636347K(712192K)
[1260.097s][info ][gc,metaspace   ] GC(176) Metaspace: 84031K(84864K)->84031K(84864K) NonClass: 72315K(72768K)->72315K(72768K) Class: 11715K(12096K)->11715K(12096K)
[1260.097s][info ][gc             ] GC(176) Pause Young (Allocation Failure) 2407M->741M(2555M) 30.947ms
[1260.097s][info ][gc,cpu         ] GC(176) User=0.12s Sys=0.00s Real=0.03s
[1260.097s][info ][safepoint      ] Safepoint "ParallelGCFailedAllocation", Time since last: 1367883879 ns, Reaching safepoint: 42402 ns, At safepoint: 31031435 ns, Total: 31073837 ns
[1261.097s][info ][safepoint      ] Safepoint "Cleanup", Time since last: 1000121234 ns, Reaching safepoint: 54003 ns, At safepoint: 3401 ns, Total: 57404 ns
[1262.097s][info ][safepoint      ] Safepoint "Cleanup", Time since last: 1000100833 ns, Reaching safepoint: 50903 ns, At safepoint: 2800 ns, Total: 53703 ns
[1263.097s][info ][safepoint      ] Safepoint "Cleanup", Time since last: 1000093132 ns, Reaching safepoint: 61604 ns, At safepoint: 5600 ns, Total: 67204 ns
[1275.098s][info ][safepoint      ] Safepoint "Cleanup", Time since last: 12000808873 ns, Reaching safepoint: 49703 ns, At safepoint: 2900 ns, Total: 52603 ns
[1276.098s][info ][safepoint      ] Safepoint "Cleanup", Time since last: 1000099233 ns, Reaching safepoint: 74605 ns, At safepoint: 10500 ns, Total: 85105 ns
[1277.099s][info ][safepoint      ] Safepoint "Cleanup", Time since last: 1000100633 ns, Reaching safepoint: 46003 ns, At safepoint: 14401 ns, Total: 60404 ns
[1278.099s][info ][safepoint      ] Safepoint "Cleanup", Time since last: 1000105033 ns, Reaching safepoint: 68704 ns, At safepoint: 4700 ns, Total: 73404 ns
[1279.099s][info ][safepoint      ] Safepoint "Cleanup", Time since last: 1000085633 ns, Reaching safepoint: 41402 ns, At safepoint: 3200 ns, Total: 44602 ns
[1281.099s][info ][safepoint      ] Safepoint "Cleanup", Time since last: 2000187465 ns, Reaching safepoint: 54704 ns, At safepoint: 3500 ns, Total: 58204 ns
[1282.099s][info ][safepoint      ] Safepoint "Cleanup", Time since last: 1000095733 ns, Reaching safepoint: 37902 ns, At safepoint: 3500 ns, Total: 41402 ns
[1283.099s][info ][safepoint      ] Safepoint "Cleanup", Time since last: 1000094633 ns, Reaching safepoint: 37802 ns, At safepoint: 3200 ns, Total: 41002 ns
[1285.100s][info ][safepoint      ] Safepoint "Cleanup", Time since last: 2000160964 ns, Reaching safepoint: 46703 ns, At safepoint: 3100 ns, Total: 49803 ns
[1289.100s][info ][safepoint      ] Safepoint "Cleanup", Time since last: 4000296326 ns, Reaching safepoint: 50403 ns, At safepoint: 3100 ns, Total: 53503 ns
[1292.100s][info ][safepoint      ] Safepoint "Cleanup", Time since last: 3000226894 ns, Reaching safepoint: 64604 ns, At safepoint: 11001 ns, Total: 75605 ns
[1294.100s][info ][safepoint      ] Safepoint "Cleanup", Time since last: 2000184465 ns, Reaching safepoint: 43102 ns, At safepoint: 7701 ns, Total: 50803 ns
[1299.101s][info ][safepoint      ] Safepoint "Cleanup", Time since last: 5000399059 ns, Reaching safepoint: 54803 ns, At safepoint: 7101 ns, Total: 61904 ns
[1303.101s][info ][safepoint      ] Safepoint "Cleanup", Time since last: 4000319227 ns, Reaching safepoint: 41502 ns, At safepoint: 3200 ns, Total: 44702 ns
[1304.101s][info ][safepoint      ] Safepoint "Cleanup", Time since last: 1000094333 ns, Reaching safepoint: 43903 ns, At safepoint: 6700 ns, Total: 50603 ns
[1306.102s][info ][safepoint      ] Safepoint "Cleanup", Time since last: 2000191666 ns, Reaching safepoint: 44702 ns, At safepoint: 3000 ns, Total: 47702 ns
[1308.102s][info ][safepoint      ] Safepoint "Cleanup", Time since last: 2000190066 ns, Reaching safepoint: 121307 ns, At safepoint: 10200 ns, Total: 131507 ns
[1311.102s][info ][safepoint      ] Safepoint "Cleanup", Time since last: 3000259797 ns, Reaching safepoint: 51203 ns, At safepoint: 4000 ns, Total: 55203 ns
[1312.102s][info ][safepoint      ] Safepoint "Cleanup", Time since last: 1000099433 ns, Reaching safepoint: 47503 ns, At safepoint: 4200 ns, Total: 51703 ns
[1313.103s][info ][safepoint      ] Safepoint "Cleanup", Time since last: 1000094633 ns, Reaching safepoint: 46903 ns, At safepoint: 3700 ns, Total: 50603 ns
[1314.103s][info ][safepoint      ] Safepoint "Cleanup", Time since last: 1000091732 ns, Reaching safepoint: 46003 ns, At safepoint: 3200 ns, Total: 49203 ns
[1316.103s][info ][safepoint      ] Safepoint "Cleanup", Time since last: 2000161764 ns, Reaching safepoint: 61604 ns, At safepoint: 5900 ns, Total: 67504 ns
[1320.103s][info ][safepoint      ] Safepoint "Cleanup", Time since last: 4000308027 ns, Reaching safepoint: 45102 ns, At safepoint: 3000 ns, Total: 48102 ns
[1325.104s][info ][safepoint      ] Safepoint "Cleanup", Time since last: 5000381658 ns, Reaching safepoint: 52503 ns, At safepoint: 4601 ns, Total: 57104 ns
[1326.104s][info ][safepoint      ] Safepoint "Cleanup", Time since last: 1000095632 ns, Reaching safepoint: 49803 ns, At safepoint: 3301 ns, Total: 53104 ns
[1328.104s][info ][safepoint      ] Safepoint "Cleanup", Time since last: 2000163563 ns, Reaching safepoint: 37903 ns, At safepoint: 3400 ns, Total: 41303 ns
[1331.104s][info ][safepoint      ] Safepoint "Cleanup", Time since last: 3000174791 ns, Reaching safepoint: 35703 ns, At safepoint: 3200 ns, Total: 38903 ns
[1334.105s][info ][safepoint      ] Safepoint "Cleanup", Time since last: 3000193192 ns, Reaching safepoint: 63604 ns, At safepoint: 8601 ns, Total: 72205 ns
[1335.105s][info ][safepoint      ] Safepoint "Cleanup", Time since last: 1000097032 ns, Reaching safepoint: 35803 ns, At safepoint: 8300 ns, Total: 44103 ns
[1337.098s][info ][gc,start       ] GC(177) Pause Young (Allocation Failure)
[1337.126s][debug][gc,phases      ] GC(177) Scavenge 28.435ms
[1337.126s][debug][gc,ref         ] GC(177) Skipped phase 1 of Reference Processing: no references
[1337.126s][debug][gc,ref         ] GC(177) ReferenceProcessor::execute queues: 1, RefProcThreadModel::Single, marks_oops_alive: false
[1337.126s][debug][gc,ref         ] GC(177) Skipped phase 3 of Reference Processing: no references
[1337.126s][debug][gc,ref         ] GC(177) ReferenceProcessor::execute queues: 1, RefProcThreadModel::Single, marks_oops_alive: false
[1337.126s][debug][gc,phases      ] GC(177) Reference Processing 0.154ms
[1337.127s][debug][gc,phases      ] GC(177)   VM Weak                        Min:  0.0, Avg:  0.0, Max:  0.0, Diff:  0.0, Sum:  0.0, Workers: 4
[1337.127s][debug][gc,phases      ] GC(177)     Dead                           Min: 0, Avg:  0.0, Max: 0, Diff: 0, Sum: 0, Workers: 4
[1337.127s][debug][gc,phases      ] GC(177)     Total                          Min: 0, Avg: 175.2, Max: 448, Diff: 448, Sum: 701, Workers: 4
[1337.127s][debug][gc,phases      ] GC(177)   ObjectSynchronizer Weak        Min:  0.0, Avg:  0.0, Max:  0.0, Diff:  0.0, Sum:  0.0, Workers: 4
[1337.127s][debug][gc,phases      ] GC(177)     Dead                           Min: 0, Avg:  0.0, Max: 0, Diff: 0, Sum: 0, Workers: 4
[1337.127s][debug][gc,phases      ] GC(177)     Total                          Min: 0, Avg: 103.2, Max: 256, Diff: 256, Sum: 413, Workers: 4
[1337.127s][debug][gc,phases      ] GC(177)   JVMTI Tag Weak OopStorage      Min:  0.0, Avg:  0.0, Max:  0.0, Diff:  0.0, Sum:  0.0, Workers: 4
[1337.127s][debug][gc,phases      ] GC(177)     Dead                           Min: 0, Avg:  0.0, Max: 0, Diff: 0, Sum: 0, Workers: 4
[1337.127s][debug][gc,phases      ] GC(177)     Total                          Min: 0, Avg:  0.0, Max: 0, Diff: 0, Sum: 0, Workers: 4
[1337.127s][debug][gc,phases      ] GC(177)   StringTable Weak               Min:  0.1, Avg:  0.1, Max:  0.1, Diff:  0.0, Sum:  0.5, Workers: 4
[1337.127s][debug][gc,phases      ] GC(177)     Dead                           Min: 0, Avg:  0.0, Max: 0, Diff: 0, Sum: 0, Workers: 4
[1337.127s][debug][gc,phases      ] GC(177)     Total                          Min: 11392, Avg: 12045.5, Max: 13302, Diff: 1910, Sum: 48182, Workers: 4
[1337.127s][debug][gc,phases      ] GC(177)   ResolvedMethodTable Weak       Min:  0.0, Avg:  0.0, Max:  0.0, Diff:  0.0, Sum:  0.1, Workers: 4
[1337.127s][debug][gc,phases      ] GC(177)     Dead                           Min: 0, Avg:  0.0, Max: 0, Diff: 0, Sum: 0, Workers: 4
[1337.127s][debug][gc,phases      ] GC(177)     Total                          Min: 1984, Avg: 2139.2, Max: 2304, Diff: 320, Sum: 8557, Workers: 4
[1337.127s][debug][gc,phases      ] GC(177)   JNI Weak                       Min:  0.0, Avg:  0.0, Max:  0.0, Diff:  0.0, Sum:  0.0, Workers: 4
[1337.127s][debug][gc,phases      ] GC(177)     Dead                           Min: 0, Avg:  0.0, Max: 0, Diff: 0, Sum: 0, Workers: 4
[1337.127s][debug][gc,phases      ] GC(177)     Total                          Min: 0, Avg:  0.0, Max: 0, Diff: 0, Sum: 0, Workers: 4
[1337.127s][debug][gc,phases      ] GC(177)   StringDedup Table Weak         Min:  0.0, Avg:  0.0, Max:  0.0, Diff:  0.0, Sum:  0.0, Workers: 4
[1337.127s][debug][gc,phases      ] GC(177)     Dead                           Min: 0, Avg:  0.0, Max: 0, Diff: 0, Sum: 0, Workers: 4
[1337.127s][debug][gc,phases      ] GC(177)     Total                          Min: 0, Avg:  0.0, Max: 0, Diff: 0, Sum: 0, Workers: 4
[1337.127s][debug][gc,phases      ] GC(177)   StringDedup Requests0 Weak     Min:  0.0, Avg:  0.0, Max:  0.0, Diff:  0.0, Sum:  0.0, Workers: 4
[1337.127s][debug][gc,phases      ] GC(177)     Dead                           Min: 0, Avg:  0.0, Max: 0, Diff: 0, Sum: 0, Workers: 4
[1337.127s][debug][gc,phases      ] GC(177)     Total                          Min: 0, Avg:  0.0, Max: 0, Diff: 0, Sum: 0, Workers: 4
[1337.127s][debug][gc,phases      ] GC(177)   StringDedup Requests1 Weak     Min:  0.0, Avg:  0.0, Max:  0.0, Diff:  0.0, Sum:  0.0, Workers: 4
[1337.127s][debug][gc,phases      ] GC(177)     Dead                           Min: 0, Avg:  0.0, Max: 0, Diff: 0, Sum: 0, Workers: 4
[1337.127s][debug][gc,phases      ] GC(177)     Total                          Min: 0, Avg:  0.0, Max: 0, Diff: 0, Sum: 0, Workers: 4
[1337.127s][debug][gc,phases      ] GC(177)   Weak JFR Old Object Samples    Min:  0.0, Avg:  0.0, Max:  0.0, Diff:  0.0, Sum:  0.0, Workers: 4
[1337.127s][debug][gc,phases      ] GC(177)     Dead                           Min: 0, Avg:  0.0, Max: 0, Diff: 0, Sum: 0, Workers: 4
[1337.127s][debug][gc,phases      ] GC(177)     Total                          Min: 0, Avg:  0.0, Max: 0, Diff: 0, Sum: 0, Workers: 4
[1337.127s][debug][gc,phases      ] GC(177) Weak Processing 0.365ms
[1337.127s][debug][gc,age         ] GC(177) Desired survivor size 180879360 bytes, new threshold 15 (max threshold 15)
[1337.127s][info ][gc,heap        ] GC(177) PSYoungGen: 1841081K(1904128K)->111609K(1920512K) Eden: 1717760K(1717760K)->0K(1739776K) From: 123321K(186368K)->111609K(180736K)
[1337.127s][info ][gc,heap        ] GC(177) ParOldGen: 636347K(712192K)->647901K(712192K)
[1337.127s][info ][gc,metaspace   ] GC(177) Metaspace: 84100K(84928K)->84100K(84928K) NonClass: 72375K(72832K)->72375K(72832K) Class: 11724K(12096K)->11724K(12096K)
[1337.127s][info ][gc             ] GC(177) Pause Young (Allocation Failure) 2419M->741M(2571M) 29.096ms
[1337.127s][info ][gc,cpu         ] GC(177) User=0.11s Sys=0.00s Real=0.03s
[1337.127s][info ][safepoint      ] Safepoint "ParallelGCFailedAllocation", Time since last: 1992906035 ns, Reaching safepoint: 45202 ns, At safepoint: 29181126 ns, Total: 29226328 ns
[1339.127s][info ][safepoint      ] Safepoint "Cleanup", Time since last: 2000166764 ns, Reaching safepoint: 56903 ns, At safepoint: 3700 ns, Total: 60603 ns
[1343.127s][info ][safepoint      ] Safepoint "Cleanup", Time since last: 4000328128 ns, Reaching safepoint: 59904 ns, At safepoint: 4700 ns, Total: 64604 ns
[1360.129s][info ][safepoint      ] Safepoint "Cleanup", Time since last: 17001155428 ns, Reaching safepoint: 57104 ns, At safepoint: 6300 ns, Total: 63404 ns
[1371.130s][info ][safepoint      ] Safepoint "Cleanup", Time since last: 11000765943 ns, Reaching safepoint: 117407 ns, At safepoint: 11401 ns, Total: 128808 ns
[1372.130s][info ][safepoint      ] Safepoint "Cleanup", Time since last: 1000115534 ns, Reaching safepoint: 119907 ns, At safepoint: 11800 ns, Total: 131707 ns
[1372.677s][info ][gc,start       ] GC(178) Pause Young (Allocation Failure)
[1372.712s][debug][gc,phases      ] GC(178) Scavenge 34.813ms
[1372.712s][debug][gc,ref         ] GC(178) Skipped phase 1 of Reference Processing: no references
[1372.713s][debug][gc,ref         ] GC(178) ReferenceProcessor::execute queues: 1, RefProcThreadModel::Single, marks_oops_alive: false
[1372.713s][debug][gc,ref         ] GC(178) Skipped phase 3 of Reference Processing: no references
[1372.713s][debug][gc,ref         ] GC(178) ReferenceProcessor::execute queues: 1, RefProcThreadModel::Single, marks_oops_alive: false
[1372.713s][debug][gc,phases      ] GC(178) Reference Processing 0.136ms
[1372.713s][debug][gc,phases      ] GC(178)   VM Weak                        Min:  0.0, Avg:  0.0, Max:  0.0, Diff:  0.0, Sum:  0.0, Workers: 4
[1372.713s][debug][gc,phases      ] GC(178)     Dead                           Min: 0, Avg:  0.0, Max: 0, Diff: 0, Sum: 0, Workers: 4
[1372.713s][debug][gc,phases      ] GC(178)     Total                          Min: 0, Avg: 175.2, Max: 512, Diff: 512, Sum: 701, Workers: 4
[1372.713s][debug][gc,phases      ] GC(178)   ObjectSynchronizer Weak        Min:  0.0, Avg:  0.0, Max:  0.0, Diff:  0.0, Sum:  0.0, Workers: 4
[1372.713s][debug][gc,phases      ] GC(178)     Dead                           Min: 0, Avg:  0.0, Max: 0, Diff: 0, Sum: 0, Workers: 4
[1372.713s][debug][gc,phases      ] GC(178)     Total                          Min: 0, Avg: 103.2, Max: 221, Diff: 221, Sum: 413, Workers: 4
[1372.713s][debug][gc,phases      ] GC(178)   JVMTI Tag Weak OopStorage      Min:  0.0, Avg:  0.0, Max:  0.0, Diff:  0.0, Sum:  0.0, Workers: 4
[1372.713s][debug][gc,phases      ] GC(178)     Dead                           Min: 0, Avg:  0.0, Max: 0, Diff: 0, Sum: 0, Workers: 4
[1372.713s][debug][gc,phases      ] GC(178)     Total                          Min: 0, Avg:  0.0, Max: 0, Diff: 0, Sum: 0, Workers: 4
[1372.713s][debug][gc,phases      ] GC(178)   StringTable Weak               Min:  0.1, Avg:  0.1, Max:  0.1, Diff:  0.0, Sum:  0.4, Workers: 4
[1372.713s][debug][gc,phases      ] GC(178)     Dead                           Min: 0, Avg:  0.0, Max: 0, Diff: 0, Sum: 0, Workers: 4
[1372.713s][debug][gc,phases      ] GC(178)     Total                          Min: 10880, Avg: 12045.8, Max: 13952, Diff: 3072, Sum: 48183, Workers: 4
[1372.713s][debug][gc,phases      ] GC(178)   ResolvedMethodTable Weak       Min:  0.0, Avg:  0.0, Max:  0.0, Diff:  0.0, Sum:  0.1, Workers: 4
[1372.713s][debug][gc,phases      ] GC(178)     Dead                           Min: 0, Avg:  0.0, Max: 0, Diff: 0, Sum: 0, Workers: 4
[1372.713s][debug][gc,phases      ] GC(178)     Total                          Min: 1920, Avg: 2139.2, Max: 2368, Diff: 448, Sum: 8557, Workers: 4
[1372.713s][debug][gc,phases      ] GC(178)   JNI Weak                       Min:  0.0, Avg:  0.0, Max:  0.0, Diff:  0.0, Sum:  0.0, Workers: 4
[1372.713s][debug][gc,phases      ] GC(178)     Dead                           Min: 0, Avg:  0.0, Max: 0, Diff: 0, Sum: 0, Workers: 4
[1372.713s][debug][gc,phases      ] GC(178)     Total                          Min: 0, Avg:  0.0, Max: 0, Diff: 0, Sum: 0, Workers: 4
[1372.713s][debug][gc,phases      ] GC(178)   StringDedup Table Weak         Min:  0.0, Avg:  0.0, Max:  0.0, Diff:  0.0, Sum:  0.0, Workers: 4
[1372.713s][debug][gc,phases      ] GC(178)     Dead                           Min: 0, Avg:  0.0, Max: 0, Diff: 0, Sum: 0, Workers: 4
[1372.713s][debug][gc,phases      ] GC(178)     Total                          Min: 0, Avg:  0.0, Max: 0, Diff: 0, Sum: 0, Workers: 4
[1372.713s][debug][gc,phases      ] GC(178)   StringDedup Requests0 Weak     Min:  0.0, Avg:  0.0, Max:  0.0, Diff:  0.0, Sum:  0.0, Workers: 4
[1372.713s][debug][gc,phases      ] GC(178)     Dead                           Min: 0, Avg:  0.0, Max: 0, Diff: 0, Sum: 0, Workers: 4
[1372.713s][debug][gc,phases      ] GC(178)     Total                          Min: 0, Avg:  0.0, Max: 0, Diff: 0, Sum: 0, Workers: 4
[1372.713s][debug][gc,phases      ] GC(178)   StringDedup Requests1 Weak     Min:  0.0, Avg:  0.0, Max:  0.0, Diff:  0.0, Sum:  0.0, Workers: 4
[1372.713s][debug][gc,phases      ] GC(178)     Dead                           Min: 0, Avg:  0.0, Max: 0, Diff: 0, Sum: 0, Workers: 4
[1372.713s][debug][gc,phases      ] GC(178)     Total                          Min: 0, Avg:  0.0, Max: 0, Diff: 0, Sum: 0, Workers: 4
[1372.713s][debug][gc,phases      ] GC(178)   Weak JFR Old Object Samples    Min:  0.0, Avg:  0.0, Max:  0.0, Diff:  0.0, Sum:  0.0, Workers: 4
[1372.713s][debug][gc,phases      ] GC(178)     Dead                           Min: 0, Avg:  0.0, Max: 0, Diff: 0, Sum: 0, Workers: 4
[1372.713s][debug][gc,phases      ] GC(178)     Total                          Min: 0, Avg:  0.0, Max: 0, Diff: 0, Sum: 0, Workers: 4
[1372.713s][debug][gc,phases      ] GC(178) Weak Processing 0.348ms
[1372.713s][debug][gc,age         ] GC(178) Desired survivor size 180355072 bytes, new threshold 15 (max threshold 15)
[1372.713s][info ][gc,heap        ] GC(178) PSYoungGen: 1851385K(1920512K)->134409K(1916416K) Eden: 1739776K(1739776K)->0K(1739776K) From: 111609K(180736K)->134409K(176640K)
[1372.713s][info ][gc,heap        ] GC(178) ParOldGen: 647901K(712192K)->655222K(712192K)
[1372.713s][info ][gc,metaspace   ] GC(178) Metaspace: 84111K(84928K)->84111K(84928K) NonClass: 72387K(72832K)->72387K(72832K) Class: 11724K(12096K)->11724K(12096K)
[1372.713s][info ][gc             ] GC(178) Pause Young (Allocation Failure) 2440M->771M(2567M) 35.449ms
[1372.713s][info ][gc,cpu         ] GC(178) User=0.14s Sys=0.00s Real=0.03s
[1372.713s][info ][safepoint      ] Safepoint "ParallelGCFailedAllocation", Time since last: 547479271 ns, Reaching safepoint: 119707 ns, At safepoint: 35565603 ns, Total: 35685310 ns
[1373.713s][info ][safepoint      ] Safepoint "Cleanup", Time since last: 1000093933 ns, Reaching safepoint: 126907 ns, At safepoint: 14101 ns, Total: 141008 ns
[1374.714s][info ][safepoint      ] Safepoint "Cleanup", Time since last: 1000215040 ns, Reaching safepoint: 121707 ns, At safepoint: 21201 ns, Total: 142908 ns
[1375.714s][info ][safepoint      ] Safepoint "Cleanup", Time since last: 1000116734 ns, Reaching safepoint: 109407 ns, At safepoint: 8000 ns, Total: 117407 ns
[1376.714s][info ][safepoint      ] Safepoint "Cleanup", Time since last: 1000095033 ns, Reaching safepoint: 124507 ns, At safepoint: 16501 ns, Total: 141008 ns
[1377.714s][info ][safepoint      ] Safepoint "Cleanup", Time since last: 1000095433 ns, Reaching safepoint: 112207 ns, At safepoint: 7500 ns, Total: 119707 ns
[1378.509s][info ][gc,start       ] GC(179) Pause Young (Allocation Failure)
[1378.544s][debug][gc,phases      ] GC(179) Scavenge 34.793ms
[1378.544s][debug][gc,ref         ] GC(179) Skipped phase 1 of Reference Processing: no references
[1378.544s][debug][gc,ref         ] GC(179) ReferenceProcessor::execute queues: 1, RefProcThreadModel::Single, marks_oops_alive: false
[1378.544s][debug][gc,ref         ] GC(179) Skipped phase 3 of Reference Processing: no references
[1378.544s][debug][gc,ref         ] GC(179) ReferenceProcessor::execute queues: 1, RefProcThreadModel::Single, marks_oops_alive: false
[1378.544s][debug][gc,phases      ] GC(179) Reference Processing 0.155ms
[1378.545s][debug][gc,phases      ] GC(179)   VM Weak                        Min:  0.0, Avg:  0.0, Max:  0.0, Diff:  0.0, Sum:  0.0, Workers: 4
[1378.545s][debug][gc,phases      ] GC(179)     Dead                           Min: 0, Avg:  0.0, Max: 0, Diff: 0, Sum: 0, Workers: 4
[1378.545s][debug][gc,phases      ] GC(179)     Total                          Min: 0, Avg: 175.2, Max: 637, Diff: 637, Sum: 701, Workers: 4
[1378.545s][debug][gc,phases      ] GC(179)   ObjectSynchronizer Weak        Min:  0.0, Avg:  0.0, Max:  0.0, Diff:  0.0, Sum:  0.0, Workers: 4
[1378.545s][debug][gc,phases      ] GC(179)     Dead                           Min: 0, Avg:  0.0, Max: 0, Diff: 0, Sum: 0, Workers: 4
[1378.545s][debug][gc,phases      ] GC(179)     Total                          Min: 0, Avg: 103.2, Max: 192, Diff: 192, Sum: 413, Workers: 4
[1378.545s][debug][gc,phases      ] GC(179)   JVMTI Tag Weak OopStorage      Min:  0.0, Avg:  0.0, Max:  0.0, Diff:  0.0, Sum:  0.0, Workers: 4
[1378.545s][debug][gc,phases      ] GC(179)     Dead                           Min: 0, Avg:  0.0, Max: 0, Diff: 0, Sum: 0, Workers: 4
[1378.545s][debug][gc,phases      ] GC(179)     Total                          Min: 0, Avg:  0.0, Max: 0, Diff: 0, Sum: 0, Workers: 4
[1378.545s][debug][gc,phases      ] GC(179)   StringTable Weak               Min:  0.1, Avg:  0.1, Max:  0.1, Diff:  0.0, Sum:  0.5, Workers: 4
[1378.545s][debug][gc,phases      ] GC(179)     Dead                           Min: 0, Avg:  0.0, Max: 0, Diff: 0, Sum: 0, Workers: 4
[1378.545s][debug][gc,phases      ] GC(179)     Total                          Min: 11448, Avg: 12046.0, Max: 13504, Diff: 2056, Sum: 48184, Workers: 4
[1378.545s][debug][gc,phases      ] GC(179)   ResolvedMethodTable Weak       Min:  0.0, Avg:  0.0, Max:  0.0, Diff:  0.0, Sum:  0.1, Workers: 4
[1378.545s][debug][gc,phases      ] GC(179)     Dead                           Min: 0, Avg:  0.0, Max: 0, Diff: 0, Sum: 0, Workers: 4
[1378.545s][debug][gc,phases      ] GC(179)     Total                          Min: 1901, Avg: 2139.2, Max: 2368, Diff: 467, Sum: 8557, Workers: 4
[1378.545s][debug][gc,phases      ] GC(179)   JNI Weak                       Min:  0.0, Avg:  0.0, Max:  0.0, Diff:  0.0, Sum:  0.0, Workers: 4
[1378.545s][debug][gc,phases      ] GC(179)     Dead                           Min: 0, Avg:  0.0, Max: 0, Diff: 0, Sum: 0, Workers: 4
[1378.545s][debug][gc,phases      ] GC(179)     Total                          Min: 0, Avg:  0.0, Max: 0, Diff: 0, Sum: 0, Workers: 4
[1378.545s][debug][gc,phases      ] GC(179)   StringDedup Table Weak         Min:  0.0, Avg:  0.0, Max:  0.0, Diff:  0.0, Sum:  0.0, Workers: 4
[1378.545s][debug][gc,phases      ] GC(179)     Dead                           Min: 0, Avg:  0.0, Max: 0, Diff: 0, Sum: 0, Workers: 4
[1378.545s][debug][gc,phases      ] GC(179)     Total                          Min: 0, Avg:  0.0, Max: 0, Diff: 0, Sum: 0, Workers: 4
[1378.545s][debug][gc,phases      ] GC(179)   StringDedup Requests0 Weak     Min:  0.0, Avg:  0.0, Max:  0.0, Diff:  0.0, Sum:  0.0, Workers: 4
[1378.545s][debug][gc,phases      ] GC(179)     Dead                           Min: 0, Avg:  0.0, Max: 0, Diff: 0, Sum: 0, Workers: 4
[1378.545s][debug][gc,phases      ] GC(179)     Total                          Min: 0, Avg:  0.0, Max: 0, Diff: 0, Sum: 0, Workers: 4
[1378.545s][debug][gc,phases      ] GC(179)   StringDedup Requests1 Weak     Min:  0.0, Avg:  0.0, Max:  0.0, Diff:  0.0, Sum:  0.0, Workers: 4
[1378.545s][debug][gc,phases      ] GC(179)     Dead                           Min: 0, Avg:  0.0, Max: 0, Diff: 0, Sum: 0, Workers: 4
[1378.545s][debug][gc,phases      ] GC(179)     Total                          Min: 0, Avg:  0.0, Max: 0, Diff: 0, Sum: 0, Workers: 4
[1378.545s][debug][gc,phases      ] GC(179)   Weak JFR Old Object Samples    Min:  0.0, Avg:  0.0, Max:  0.0, Diff:  0.0, Sum:  0.0, Workers: 4
[1378.545s][debug][gc,phases      ] GC(179)     Dead                           Min: 0, Avg:  0.0, Max: 0, Diff: 0, Sum: 0, Workers: 4
[1378.545s][debug][gc,phases      ] GC(179)     Total                          Min: 0, Avg:  0.0, Max: 0, Diff: 0, Sum: 0, Workers: 4
[1378.545s][debug][gc,phases      ] GC(179) Weak Processing 0.336ms
[1378.545s][debug][gc,age         ] GC(179) Desired survivor size 181927936 bytes, new threshold 15 (max threshold 15)
[1378.545s][info ][gc,heap        ] GC(179) PSYoungGen: 1874185K(1916416K)->140825K(1917952K) Eden: 1739776K(1739776K)->0K(1741824K) From: 134409K(176640K)->140825K(176128K)
[1378.545s][info ][gc,heap        ] GC(179) ParOldGen: 655222K(712192K)->663044K(712192K)
[1378.545s][info ][gc,metaspace   ] GC(179) Metaspace: 84112K(84928K)->84112K(84928K) NonClass: 72387K(72832K)->72387K(72832K) Class: 11725K(12096K)->11725K(12096K)
[1378.545s][info ][gc             ] GC(179) Pause Young (Allocation Failure) 2470M->785M(2568M) 35.425ms
[1378.545s][info ][gc,cpu         ] GC(179) User=0.14s Sys=0.00s Real=0.04s
[1378.545s][info ][safepoint      ] Safepoint "ParallelGCFailedAllocation", Time since last: 795010507 ns, Reaching safepoint: 118107 ns, At safepoint: 35514100 ns, Total: 35632207 ns
[1379.545s][info ][safepoint      ] Safepoint "Cleanup", Time since last: 1000084832 ns, Reaching safepoint: 52303 ns, At safepoint: 12300 ns, Total: 64603 ns
[1380.545s][info ][safepoint      ] Safepoint "Cleanup", Time since last: 1000100033 ns, Reaching safepoint: 110307 ns, At safepoint: 8400 ns, Total: 118707 ns
[1381.545s][info ][safepoint      ] Safepoint "Cleanup", Time since last: 1000091733 ns, Reaching safepoint: 53803 ns, At safepoint: 11101 ns, Total: 64904 ns
[1382.546s][info ][safepoint      ] Safepoint "Cleanup", Time since last: 1000102733 ns, Reaching safepoint: 119607 ns, At safepoint: 12001 ns, Total: 131608 ns
[1383.546s][info ][safepoint      ] Safepoint "Cleanup", Time since last: 1000105833 ns, Reaching safepoint: 58204 ns, At safepoint: 3800 ns, Total: 62004 ns
[1384.514s][info ][gc,start       ] GC(180) Pause Young (Allocation Failure)
[1384.547s][debug][gc,phases      ] GC(180) Scavenge 33.217ms
[1384.547s][debug][gc,ref         ] GC(180) Skipped phase 1 of Reference Processing: no references
[1384.547s][debug][gc,ref         ] GC(180) ReferenceProcessor::execute queues: 1, RefProcThreadModel::Single, marks_oops_alive: false
[1384.547s][debug][gc,ref         ] GC(180) Skipped phase 3 of Reference Processing: no references
[1384.547s][debug][gc,ref         ] GC(180) ReferenceProcessor::execute queues: 1, RefProcThreadModel::Single, marks_oops_alive: false
[1384.547s][debug][gc,phases      ] GC(180) Reference Processing 0.138ms
[1384.548s][debug][gc,phases      ] GC(180)   VM Weak                        Min:  0.0, Avg:  0.0, Max:  0.0, Diff:  0.0, Sum:  0.0, Workers: 4
[1384.548s][debug][gc,phases      ] GC(180)     Dead                           Min: 0, Avg:  0.0, Max: 0, Diff: 0, Sum: 0, Workers: 4
[1384.548s][debug][gc,phases      ] GC(180)     Total                          Min: 0, Avg: 175.2, Max: 381, Diff: 381, Sum: 701, Workers: 4
[1384.548s][debug][gc,phases      ] GC(180)   ObjectSynchronizer Weak        Min:  0.0, Avg:  0.0, Max:  0.0, Diff:  0.0, Sum:  0.0, Workers: 4
[1384.548s][debug][gc,phases      ] GC(180)     Dead                           Min: 0, Avg:  0.0, Max: 0, Diff: 0, Sum: 0, Workers: 4
[1384.548s][debug][gc,phases      ] GC(180)     Total                          Min: 0, Avg: 103.2, Max: 221, Diff: 221, Sum: 413, Workers: 4
[1384.548s][debug][gc,phases      ] GC(180)   JVMTI Tag Weak OopStorage      Min:  0.0, Avg:  0.0, Max:  0.0, Diff:  0.0, Sum:  0.0, Workers: 4
[1384.548s][debug][gc,phases      ] GC(180)     Dead                           Min: 0, Avg:  0.0, Max: 0, Diff: 0, Sum: 0, Workers: 4
[1384.548s][debug][gc,phases      ] GC(180)     Total                          Min: 0, Avg:  0.0, Max: 0, Diff: 0, Sum: 0, Workers: 4
[1384.548s][debug][gc,phases      ] GC(180)   StringTable Weak               Min:  0.1, Avg:  0.1, Max:  0.1, Diff:  0.0, Sum:  0.4, Workers: 4
[1384.548s][debug][gc,phases      ] GC(180)     Dead                           Min: 0, Avg:  0.0, Max: 0, Diff: 0, Sum: 0, Workers: 4
[1384.548s][debug][gc,phases      ] GC(180)     Total                          Min: 9536, Avg: 12046.2, Max: 14336, Diff: 4800, Sum: 48185, Workers: 4
[1384.548s][debug][gc,phases      ] GC(180)   ResolvedMethodTable Weak       Min:  0.0, Avg:  0.0, Max:  0.0, Diff:  0.0, Sum:  0.1, Workers: 4
[1384.548s][debug][gc,phases      ] GC(180)     Dead                           Min: 0, Avg:  0.0, Max: 0, Diff: 0, Sum: 0, Workers: 4
[1384.548s][debug][gc,phases      ] GC(180)     Total                          Min: 1920, Avg: 2139.2, Max: 2304, Diff: 384, Sum: 8557, Workers: 4
[1384.548s][debug][gc,phases      ] GC(180)   JNI Weak                       Min:  0.0, Avg:  0.0, Max:  0.0, Diff:  0.0, Sum:  0.0, Workers: 4
[1384.548s][debug][gc,phases      ] GC(180)     Dead                           Min: 0, Avg:  0.0, Max: 0, Diff: 0, Sum: 0, Workers: 4
[1384.548s][debug][gc,phases      ] GC(180)     Total                          Min: 0, Avg:  0.0, Max: 0, Diff: 0, Sum: 0, Workers: 4
[1384.548s][debug][gc,phases      ] GC(180)   StringDedup Table Weak         Min:  0.0, Avg:  0.0, Max:  0.0, Diff:  0.0, Sum:  0.0, Workers: 4
[1384.548s][debug][gc,phases      ] GC(180)     Dead                           Min: 0, Avg:  0.0, Max: 0, Diff: 0, Sum: 0, Workers: 4
[1384.548s][debug][gc,phases      ] GC(180)     Total                          Min: 0, Avg:  0.0, Max: 0, Diff: 0, Sum: 0, Workers: 4
[1384.548s][debug][gc,phases      ] GC(180)   StringDedup Requests0 Weak     Min:  0.0, Avg:  0.0, Max:  0.0, Diff:  0.0, Sum:  0.0, Workers: 4
[1384.548s][debug][gc,phases      ] GC(180)     Dead                           Min: 0, Avg:  0.0, Max: 0, Diff: 0, Sum: 0, Workers: 4
[1384.548s][debug][gc,phases      ] GC(180)     Total                          Min: 0, Avg:  0.0, Max: 0, Diff: 0, Sum: 0, Workers: 4
[1384.548s][debug][gc,phases      ] GC(180)   StringDedup Requests1 Weak     Min:  0.0, Avg:  0.0, Max:  0.0, Diff:  0.0, Sum:  0.0, Workers: 4
[1384.548s][debug][gc,phases      ] GC(180)     Dead                           Min: 0, Avg:  0.0, Max: 0, Diff: 0, Sum: 0, Workers: 4
[1384.548s][debug][gc,phases      ] GC(180)     Total                          Min: 0, Avg:  0.0, Max: 0, Diff: 0, Sum: 0, Workers: 4
[1384.548s][debug][gc,phases      ] GC(180)   Weak JFR Old Object Samples    Min:  0.0, Avg:  0.0, Max:  0.0, Diff:  0.0, Sum:  0.0, Workers: 4
[1384.548s][debug][gc,phases      ] GC(180)     Dead                           Min: 0, Avg:  0.0, Max: 0, Diff: 0, Sum: 0, Workers: 4
[1384.548s][debug][gc,phases      ] GC(180)     Total                          Min: 0, Avg:  0.0, Max: 0, Diff: 0, Sum: 0, Workers: 4
[1384.548s][debug][gc,phases      ] GC(180) Weak Processing 0.332ms
[1384.548s][debug][gc,age         ] GC(180) Desired survivor size 186122240 bytes, new threshold 15 (max threshold 15)
[1384.548s][info ][gc,heap        ] GC(180) PSYoungGen: 1882510K(1917952K)->149736K(1891840K) Eden: 1741685K(1741824K)->0K(1741824K) From: 140825K(176128K)->149736K(150016K)
[1384.548s][info ][gc,heap        ] GC(180) ParOldGen: 663044K(712192K)->671293K(712192K)
[1384.548s][info ][gc,metaspace   ] GC(180) Metaspace: 84128K(84928K)->84128K(84928K) NonClass: 72403K(72832K)->72403K(72832K) Class: 11725K(12096K)->11725K(12096K)
[1384.548s][info ][gc             ] GC(180) Pause Young (Allocation Failure) 2485M->801M(2543M) 33.827ms
[1384.548s][info ][gc,cpu         ] GC(180) User=0.13s Sys=0.00s Real=0.04s
[1384.548s][info ][safepoint      ] Safepoint "ParallelGCFailedAllocation", Time since last: 968028436 ns, Reaching safepoint: 115807 ns, At safepoint: 33924606 ns, Total: 34040413 ns
[1385.548s][info ][safepoint      ] Safepoint "Cleanup", Time since last: 1000098733 ns, Reaching safepoint: 47503 ns, At safepoint: 8700 ns, Total: 56203 ns
[1386.548s][info ][safepoint      ] Safepoint "Cleanup", Time since last: 1000092233 ns, Reaching safepoint: 123307 ns, At safepoint: 13101 ns, Total: 136408 ns
[1387.549s][info ][safepoint      ] Safepoint "Cleanup", Time since last: 1000294344 ns, Reaching safepoint: 61304 ns, At safepoint: 10801 ns, Total: 72105 ns
[1388.549s][info ][safepoint      ] Safepoint "Cleanup", Time since last: 1000104033 ns, Reaching safepoint: 127607 ns, At safepoint: 27802 ns, Total: 155409 ns
[1390.549s][info ][safepoint      ] Safepoint "Cleanup", Time since last: 2000184965 ns, Reaching safepoint: 145109 ns, At safepoint: 16201 ns, Total: 161310 ns
[1391.549s][info ][safepoint      ] Safepoint "Cleanup", Time since last: 1000108433 ns, Reaching safepoint: 56203 ns, At safepoint: 13201 ns, Total: 69404 ns
[1391.680s][info ][gc,start       ] GC(181) Pause Young (Allocation Failure)
[1391.718s][debug][gc,phases      ] GC(181) Scavenge 37.794ms
[1391.718s][debug][gc,ref         ] GC(181) Skipped phase 1 of Reference Processing: no references
[1391.718s][debug][gc,ref         ] GC(181) ReferenceProcessor::execute queues: 1, RefProcThreadModel::Single, marks_oops_alive: false
[1391.718s][debug][gc,ref         ] GC(181) Skipped phase 3 of Reference Processing: no references
[1391.718s][debug][gc,ref         ] GC(181) ReferenceProcessor::execute queues: 1, RefProcThreadModel::Single, marks_oops_alive: false
[1391.718s][debug][gc,phases      ] GC(181) Reference Processing 0.134ms
[1391.718s][debug][gc,phases      ] GC(181)   VM Weak                        Min:  0.0, Avg:  0.0, Max:  0.0, Diff:  0.0, Sum:  0.0, Workers: 4
[1391.718s][debug][gc,phases      ] GC(181)     Dead                           Min: 0, Avg:  0.0, Max: 0, Diff: 0, Sum: 0, Workers: 4
[1391.718s][debug][gc,phases      ] GC(181)     Total                          Min: 0, Avg: 175.2, Max: 384, Diff: 384, Sum: 701, Workers: 4
[1391.718s][debug][gc,phases      ] GC(181)   ObjectSynchronizer Weak        Min:  0.0, Avg:  0.0, Max:  0.0, Diff:  0.0, Sum:  0.0, Workers: 4
[1391.718s][debug][gc,phases      ] GC(181)     Dead                           Min: 0, Avg:  0.0, Max: 0, Diff: 0, Sum: 0, Workers: 4
[1391.718s][debug][gc,phases      ] GC(181)     Total                          Min: 0, Avg: 103.2, Max: 192, Diff: 192, Sum: 413, Workers: 4
[1391.718s][debug][gc,phases      ] GC(181)   JVMTI Tag Weak OopStorage      Min:  0.0, Avg:  0.0, Max:  0.0, Diff:  0.0, Sum:  0.0, Workers: 4
[1391.718s][debug][gc,phases      ] GC(181)     Dead                           Min: 0, Avg:  0.0, Max: 0, Diff: 0, Sum: 0, Workers: 4
[1391.718s][debug][gc,phases      ] GC(181)     Total                          Min: 0, Avg:  0.0, Max: 0, Diff: 0, Sum: 0, Workers: 4
[1391.718s][debug][gc,phases      ] GC(181)   StringTable Weak               Min:  0.1, Avg:  0.1, Max:  0.1, Diff:  0.0, Sum:  0.4, Workers: 4
[1391.718s][debug][gc,phases      ] GC(181)     Dead                           Min: 0, Avg:  0.0, Max: 0, Diff: 0, Sum: 0, Workers: 4
[1391.718s][debug][gc,phases      ] GC(181)     Total                          Min: 10048, Avg: 12046.8, Max: 13051, Diff: 3003, Sum: 48187, Workers: 4
[1391.718s][debug][gc,phases      ] GC(181)   ResolvedMethodTable Weak       Min:  0.0, Avg:  0.0, Max:  0.0, Diff:  0.0, Sum:  0.1, Workers: 4
[1391.718s][debug][gc,phases      ] GC(181)     Dead                           Min: 0, Avg:  0.0, Max: 0, Diff: 0, Sum: 0, Workers: 4
[1391.718s][debug][gc,phases      ] GC(181)     Total                          Min: 2048, Avg: 2139.8, Max: 2304, Diff: 256, Sum: 8559, Workers: 4
[1391.718s][debug][gc,phases      ] GC(181)   JNI Weak                       Min:  0.0, Avg:  0.0, Max:  0.0, Diff:  0.0, Sum:  0.0, Workers: 4
[1391.718s][debug][gc,phases      ] GC(181)     Dead                           Min: 0, Avg:  0.0, Max: 0, Diff: 0, Sum: 0, Workers: 4
[1391.718s][debug][gc,phases      ] GC(181)     Total                          Min: 0, Avg:  0.0, Max: 0, Diff: 0, Sum: 0, Workers: 4
[1391.718s][debug][gc,phases      ] GC(181)   StringDedup Table Weak         Min:  0.0, Avg:  0.0, Max:  0.0, Diff:  0.0, Sum:  0.0, Workers: 4
[1391.718s][debug][gc,phases      ] GC(181)     Dead                           Min: 0, Avg:  0.0, Max: 0, Diff: 0, Sum: 0, Workers: 4
[1391.718s][debug][gc,phases      ] GC(181)     Total                          Min: 0, Avg:  0.0, Max: 0, Diff: 0, Sum: 0, Workers: 4
[1391.718s][debug][gc,phases      ] GC(181)   StringDedup Requests0 Weak     Min:  0.0, Avg:  0.0, Max:  0.0, Diff:  0.0, Sum:  0.0, Workers: 4
[1391.718s][debug][gc,phases      ] GC(181)     Dead                           Min: 0, Avg:  0.0, Max: 0, Diff: 0, Sum: 0, Workers: 4
[1391.718s][debug][gc,phases      ] GC(181)     Total                          Min: 0, Avg:  0.0, Max: 0, Diff: 0, Sum: 0, Workers: 4
[1391.718s][debug][gc,phases      ] GC(181)   StringDedup Requests1 Weak     Min:  0.0, Avg:  0.0, Max:  0.0, Diff:  0.0, Sum:  0.0, Workers: 4
[1391.718s][debug][gc,phases      ] GC(181)     Dead                           Min: 0, Avg:  0.0, Max: 0, Diff: 0, Sum: 0, Workers: 4
[1391.718s][debug][gc,phases      ] GC(181)     Total                          Min: 0, Avg:  0.0, Max: 0, Diff: 0, Sum: 0, Workers: 4
[1391.718s][debug][gc,phases      ] GC(181)   Weak JFR Old Object Samples    Min:  0.0, Avg:  0.0, Max:  0.0, Diff:  0.0, Sum:  0.0, Workers: 4
[1391.718s][debug][gc,phases      ] GC(181)     Dead                           Min: 0, Avg:  0.0, Max: 0, Diff: 0, Sum: 0, Workers: 4
[1391.718s][debug][gc,phases      ] GC(181)     Total                          Min: 0, Avg:  0.0, Max: 0, Diff: 0, Sum: 0, Workers: 4
[1391.718s][debug][gc,phases      ] GC(181) Weak Processing 0.331ms
[1391.718s][debug][gc,age         ] GC(181) Desired survivor size 191365120 bytes, new threshold 15 (max threshold 15)
[1391.718s][info ][gc,heap        ] GC(181) PSYoungGen: 1891560K(1891840K)->154777K(1905152K) Eden: 1741824K(1741824K)->0K(1723392K) From: 149736K(150016K)->154777K(181760K)
[1391.718s][info ][gc,heap        ] GC(181) ParOldGen: 671293K(712192K)->679396K(712192K)
[1391.718s][info ][gc,metaspace   ] GC(181) Metaspace: 84145K(84928K)->84145K(84928K) NonClass: 72420K(72832K)->72420K(72832K) Class: 11725K(12096K)->11725K(12096K)
[1391.718s][info ][gc             ] GC(181) Pause Young (Allocation Failure) 2502M->814M(2556M) 38.403ms
[1391.718s][info ][gc,cpu         ] GC(181) User=0.14s Sys=0.01s Real=0.04s
[1391.718s][info ][safepoint      ] Safepoint "ParallelGCFailedAllocation", Time since last: 130350507 ns, Reaching safepoint: 33602 ns, At safepoint: 38487576 ns, Total: 38521178 ns
[1392.718s][info ][safepoint      ] Safepoint "Cleanup", Time since last: 1000047230 ns, Reaching safepoint: 48203 ns, At safepoint: 9900 ns, Total: 58103 ns
[1394.719s][info ][safepoint      ] Safepoint "Cleanup", Time since last: 2000166764 ns, Reaching safepoint: 261316 ns, At safepoint: 18001 ns, Total: 279317 ns
[1396.164s][info ][safepoint      ] Safepoint "Cleanup", Time since last: 1444835729 ns, Reaching safepoint: 151409 ns, At safepoint: 12100 ns, Total: 163509 ns
[1397.164s][info ][safepoint      ] Safepoint "Cleanup", Time since last: 1000121235 ns, Reaching safepoint: 119807 ns, At safepoint: 8500 ns, Total: 128307 ns
[1398.164s][info ][safepoint      ] Safepoint "Cleanup", Time since last: 1000119734 ns, Reaching safepoint: 124308 ns, At safepoint: 8000 ns, Total: 132308 ns
[1399.165s][info ][safepoint      ] Safepoint "Cleanup", Time since last: 1000114234 ns, Reaching safepoint: 52803 ns, At safepoint: 6401 ns, Total: 59204 ns
[1399.881s][info ][gc,start       ] GC(182) Pause Young (Allocation Failure)
[1399.915s][debug][gc,phases      ] GC(182) Scavenge 34.249ms
[1399.915s][debug][gc,ref         ] GC(182) Skipped phase 1 of Reference Processing: no references
[1399.915s][debug][gc,ref         ] GC(182) ReferenceProcessor::execute queues: 1, RefProcThreadModel::Single, marks_oops_alive: false
[1399.916s][debug][gc,ref         ] GC(182) Skipped phase 3 of Reference Processing: no references
[1399.916s][debug][gc,ref         ] GC(182) ReferenceProcessor::execute queues: 1, RefProcThreadModel::Single, marks_oops_alive: false
[1399.916s][debug][gc,phases      ] GC(182) Reference Processing 0.126ms
[1399.916s][debug][gc,phases      ] GC(182)   VM Weak                        Min:  0.0, Avg:  0.0, Max:  0.0, Diff:  0.0, Sum:  0.0, Workers: 4
[1399.916s][debug][gc,phases      ] GC(182)     Dead                           Min: 0, Avg:  0.0, Max: 0, Diff: 0, Sum: 0, Workers: 4
[1399.916s][debug][gc,phases      ] GC(182)     Total                          Min: 0, Avg: 175.2, Max: 701, Diff: 701, Sum: 701, Workers: 4
[1399.916s][debug][gc,phases      ] GC(182)   ObjectSynchronizer Weak        Min:  0.0, Avg:  0.0, Max:  0.0, Diff:  0.0, Sum:  0.0, Workers: 4
[1399.916s][debug][gc,phases      ] GC(182)     Dead                           Min: 0, Avg:  0.0, Max: 0, Diff: 0, Sum: 0, Workers: 4
[1399.916s][debug][gc,phases      ] GC(182)     Total                          Min: 0, Avg: 103.2, Max: 320, Diff: 320, Sum: 413, Workers: 4
[1399.916s][debug][gc,phases      ] GC(182)   JVMTI Tag Weak OopStorage      Min:  0.0, Avg:  0.0, Max:  0.0, Diff:  0.0, Sum:  0.0, Workers: 4
[1399.916s][debug][gc,phases      ] GC(182)     Dead                           Min: 0, Avg:  0.0, Max: 0, Diff: 0, Sum: 0, Workers: 4
[1399.916s][debug][gc,phases      ] GC(182)     Total                          Min: 0, Avg:  0.0, Max: 0, Diff: 0, Sum: 0, Workers: 4
[1399.916s][debug][gc,phases      ] GC(182)   StringTable Weak               Min:  0.1, Avg:  0.1, Max:  0.1, Diff:  0.0, Sum:  0.4, Workers: 4
[1399.916s][debug][gc,phases      ] GC(182)     Dead                           Min: 0, Avg:  0.0, Max: 0, Diff: 0, Sum: 0, Workers: 4
[1399.916s][debug][gc,phases      ] GC(182)     Total                          Min: 11008, Avg: 12047.0, Max: 13376, Diff: 2368, Sum: 48188, Workers: 4
[1399.916s][debug][gc,phases      ] GC(182)   ResolvedMethodTable Weak       Min:  0.0, Avg:  0.0, Max:  0.0, Diff:  0.0, Sum:  0.1, Workers: 4
[1399.916s][debug][gc,phases      ] GC(182)     Dead                           Min: 0, Avg:  0.0, Max: 0, Diff: 0, Sum: 0, Workers: 4
[1399.916s][debug][gc,phases      ] GC(182)     Total                          Min: 2048, Avg: 2140.2, Max: 2176, Diff: 128, Sum: 8561, Workers: 4
[1399.916s][debug][gc,phases      ] GC(182)   JNI Weak                       Min:  0.0, Avg:  0.0, Max:  0.0, Diff:  0.0, Sum:  0.0, Workers: 4
[1399.916s][debug][gc,phases      ] GC(182)     Dead                           Min: 0, Avg:  0.0, Max: 0, Diff: 0, Sum: 0, Workers: 4
[1399.916s][debug][gc,phases      ] GC(182)     Total                          Min: 0, Avg:  0.0, Max: 0, Diff: 0, Sum: 0, Workers: 4
[1399.916s][debug][gc,phases      ] GC(182)   StringDedup Table Weak         Min:  0.0, Avg:  0.0, Max:  0.0, Diff:  0.0, Sum:  0.0, Workers: 4
[1399.916s][debug][gc,phases      ] GC(182)     Dead                           Min: 0, Avg:  0.0, Max: 0, Diff: 0, Sum: 0, Workers: 4
[1399.916s][debug][gc,phases      ] GC(182)     Total                          Min: 0, Avg:  0.0, Max: 0, Diff: 0, Sum: 0, Workers: 4
[1399.916s][debug][gc,phases      ] GC(182)   StringDedup Requests0 Weak     Min:  0.0, Avg:  0.0, Max:  0.0, Diff:  0.0, Sum:  0.0, Workers: 4
[1399.916s][debug][gc,phases      ] GC(182)     Dead                           Min: 0, Avg:  0.0, Max: 0, Diff: 0, Sum: 0, Workers: 4
[1399.916s][debug][gc,phases      ] GC(182)     Total                          Min: 0, Avg:  0.0, Max: 0, Diff: 0, Sum: 0, Workers: 4
[1399.916s][debug][gc,phases      ] GC(182)   StringDedup Requests1 Weak     Min:  0.0, Avg:  0.0, Max:  0.0, Diff:  0.0, Sum:  0.0, Workers: 4
[1399.916s][debug][gc,phases      ] GC(182)     Dead                           Min: 0, Avg:  0.0, Max: 0, Diff: 0, Sum: 0, Workers: 4
[1399.916s][debug][gc,phases      ] GC(182)     Total                          Min: 0, Avg:  0.0, Max: 0, Diff: 0, Sum: 0, Workers: 4
[1399.916s][debug][gc,phases      ] GC(182)   Weak JFR Old Object Samples    Min:  0.0, Avg:  0.0, Max:  0.0, Diff:  0.0, Sum:  0.0, Workers: 4
[1399.916s][debug][gc,phases      ] GC(182)     Dead                           Min: 0, Avg:  0.0, Max: 0, Diff: 0, Sum: 0, Workers: 4
[1399.916s][debug][gc,phases      ] GC(182)     Total                          Min: 0, Avg:  0.0, Max: 0, Diff: 0, Sum: 0, Workers: 4
[1399.916s][debug][gc,phases      ] GC(182) Weak Processing 0.313ms
[1399.916s][debug][gc,age         ] GC(182) Desired survivor size 198180864 bytes, new threshold 15 (max threshold 15)
[1399.916s][info ][gc,heap        ] GC(182) PSYoungGen: 1878169K(1905152K)->163400K(1887232K) Eden: 1723392K(1723392K)->0K(1723392K) From: 154777K(181760K)->163400K(163840K)
[1399.916s][info ][gc,heap        ] GC(182) ParOldGen: 679396K(712192K)->687761K(712192K)
[1399.916s][info ][gc,metaspace   ] GC(182) Metaspace: 84164K(84992K)->84164K(84992K) NonClass: 72438K(72896K)->72438K(72896K) Class: 11726K(12096K)->11726K(12096K)
[1399.916s][info ][gc             ] GC(182) Pause Young (Allocation Failure) 2497M->831M(2538M) 34.842ms
[1399.916s][info ][gc,cpu         ] GC(182) User=0.14s Sys=0.00s Real=0.04s
[1399.916s][info ][safepoint      ] Safepoint "ParallelGCFailedAllocation", Time since last: 716341755 ns, Reaching safepoint: 118907 ns, At safepoint: 34933265 ns, Total: 35052172 ns
[1400.916s][info ][safepoint      ] Safepoint "Cleanup", Time since last: 1000077832 ns, Reaching safepoint: 45903 ns, At safepoint: 3800 ns, Total: 49703 ns
[1402.916s][info ][safepoint      ] Safepoint "Cleanup", Time since last: 2000181065 ns, Reaching safepoint: 49303 ns, At safepoint: 12800 ns, Total: 62103 ns
[1403.917s][info ][safepoint      ] Safepoint "Cleanup", Time since last: 1000103434 ns, Reaching safepoint: 59703 ns, At safepoint: 12101 ns, Total: 71804 ns
[1405.917s][info ][safepoint      ] Safepoint "Cleanup", Time since last: 2000182265 ns, Reaching safepoint: 124707 ns, At safepoint: 11501 ns, Total: 136208 ns
[1407.167s][info ][safepoint      ] Safepoint "Cleanup", Time since last: 1250528940 ns, Reaching safepoint: 56603 ns, At safepoint: 11901 ns, Total: 68504 ns
[1408.168s][info ][safepoint      ] Safepoint "Cleanup", Time since last: 1000112834 ns, Reaching safepoint: 54503 ns, At safepoint: 6400 ns, Total: 60903 ns
[1409.168s][info ][safepoint      ] Safepoint "Cleanup", Time since last: 1000102033 ns, Reaching safepoint: 114907 ns, At safepoint: 18001 ns, Total: 132908 ns
[1410.168s][info ][safepoint      ] Safepoint "Cleanup", Time since last: 1000097233 ns, Reaching safepoint: 60204 ns, At safepoint: 7600 ns, Total: 67804 ns
[1411.168s][info ][safepoint      ] Safepoint "Cleanup", Time since last: 1000096533 ns, Reaching safepoint: 43502 ns, At safepoint: 3401 ns, Total: 46903 ns
[1412.168s][info ][safepoint      ] Safepoint "Cleanup", Time since last: 1000099633 ns, Reaching safepoint: 119407 ns, At safepoint: 32202 ns, Total: 151609 ns
[1413.169s][info ][safepoint      ] Safepoint "Cleanup", Time since last: 1000089832 ns, Reaching safepoint: 49703 ns, At safepoint: 6100 ns, Total: 55803 ns
[1413.413s][info ][gc,start       ] GC(183) Pause Young (Allocation Failure)
[1413.455s][debug][gc,phases      ] GC(183) Scavenge 41.245ms
[1413.455s][debug][gc,ref         ] GC(183) Skipped phase 1 of Reference Processing: no references
[1413.455s][debug][gc,ref         ] GC(183) ReferenceProcessor::execute queues: 1, RefProcThreadModel::Single, marks_oops_alive: false
[1413.455s][debug][gc,ref         ] GC(183) Skipped phase 3 of Reference Processing: no references
[1413.455s][debug][gc,ref         ] GC(183) ReferenceProcessor::execute queues: 1, RefProcThreadModel::Single, marks_oops_alive: false
[1413.455s][debug][gc,phases      ] GC(183) Reference Processing 0.135ms
[1413.455s][debug][gc,phases      ] GC(183)   VM Weak                        Min:  0.0, Avg:  0.0, Max:  0.0, Diff:  0.0, Sum:  0.0, Workers: 4
[1413.455s][debug][gc,phases      ] GC(183)     Dead                           Min: 0, Avg:  0.0, Max: 0, Diff: 0, Sum: 0, Workers: 4
[1413.455s][debug][gc,phases      ] GC(183)     Total                          Min: 0, Avg: 175.2, Max: 701, Diff: 701, Sum: 701, Workers: 4
[1413.455s][debug][gc,phases      ] GC(183)   ObjectSynchronizer Weak        Min:  0.0, Avg:  0.0, Max:  0.0, Diff:  0.0, Sum:  0.0, Workers: 4
[1413.455s][debug][gc,phases      ] GC(183)     Dead                           Min: 0, Avg:  0.0, Max: 0, Diff: 0, Sum: 0, Workers: 4
[1413.455s][debug][gc,phases      ] GC(183)     Total                          Min: 0, Avg: 103.2, Max: 221, Diff: 221, Sum: 413, Workers: 4
[1413.455s][debug][gc,phases      ] GC(183)   JVMTI Tag Weak OopStorage      Min:  0.0, Avg:  0.0, Max:  0.0, Diff:  0.0, Sum:  0.0, Workers: 4
[1413.455s][debug][gc,phases      ] GC(183)     Dead                           Min: 0, Avg:  0.0, Max: 0, Diff: 0, Sum: 0, Workers: 4
[1413.455s][debug][gc,phases      ] GC(183)     Total                          Min: 0, Avg:  0.0, Max: 0, Diff: 0, Sum: 0, Workers: 4
[1413.455s][debug][gc,phases      ] GC(183)   StringTable Weak               Min:  0.1, Avg:  0.1, Max:  0.1, Diff:  0.0, Sum:  0.5, Workers: 4
[1413.455s][debug][gc,phases      ] GC(183)     Dead                           Min: 0, Avg:  0.0, Max: 0, Diff: 0, Sum: 0, Workers: 4
[1413.455s][debug][gc,phases      ] GC(183)     Total                          Min: 11584, Avg: 12047.2, Max: 12480, Diff: 896, Sum: 48189, Workers: 4
[1413.455s][debug][gc,phases      ] GC(183)   ResolvedMethodTable Weak       Min:  0.0, Avg:  0.0, Max:  0.0, Diff:  0.0, Sum:  0.1, Workers: 4
[1413.455s][debug][gc,phases      ] GC(183)     Dead                           Min: 0, Avg:  0.0, Max: 0, Diff: 0, Sum: 0, Workers: 4
[1413.455s][debug][gc,phases      ] GC(183)     Total                          Min: 1984, Avg: 2140.2, Max: 2240, Diff: 256, Sum: 8561, Workers: 4
[1413.455s][debug][gc,phases      ] GC(183)   JNI Weak                       Min:  0.0, Avg:  0.0, Max:  0.0, Diff:  0.0, Sum:  0.0, Workers: 4
[1413.455s][debug][gc,phases      ] GC(183)     Dead                           Min: 0, Avg:  0.0, Max: 0, Diff: 0, Sum: 0, Workers: 4
[1413.455s][debug][gc,phases      ] GC(183)     Total                          Min: 0, Avg:  0.0, Max: 0, Diff: 0, Sum: 0, Workers: 4
[1413.455s][debug][gc,phases      ] GC(183)   StringDedup Table Weak         Min:  0.0, Avg:  0.0, Max:  0.0, Diff:  0.0, Sum:  0.0, Workers: 4
[1413.455s][debug][gc,phases      ] GC(183)     Dead                           Min: 0, Avg:  0.0, Max: 0, Diff: 0, Sum: 0, Workers: 4
[1413.455s][debug][gc,phases      ] GC(183)     Total                          Min: 0, Avg:  0.0, Max: 0, Diff: 0, Sum: 0, Workers: 4
[1413.455s][debug][gc,phases      ] GC(183)   StringDedup Requests0 Weak     Min:  0.0, Avg:  0.0, Max:  0.0, Diff:  0.0, Sum:  0.0, Workers: 4
[1413.455s][debug][gc,phases      ] GC(183)     Dead                           Min: 0, Avg:  0.0, Max: 0, Diff: 0, Sum: 0, Workers: 4
[1413.455s][debug][gc,phases      ] GC(183)     Total                          Min: 0, Avg:  0.0, Max: 0, Diff: 0, Sum: 0, Workers: 4
[1413.455s][debug][gc,phases      ] GC(183)   StringDedup Requests1 Weak     Min:  0.0, Avg:  0.0, Max:  0.0, Diff:  0.0, Sum:  0.0, Workers: 4
[1413.455s][debug][gc,phases      ] GC(183)     Dead                           Min: 0, Avg:  0.0, Max: 0, Diff: 0, Sum: 0, Workers: 4
[1413.455s][debug][gc,phases      ] GC(183)     Total                          Min: 0, Avg:  0.0, Max: 0, Diff: 0, Sum: 0, Workers: 4
[1413.455s][debug][gc,phases      ] GC(183)   Weak JFR Old Object Samples    Min:  0.0, Avg:  0.0, Max:  0.0, Diff:  0.0, Sum:  0.0, Workers: 4
[1413.455s][debug][gc,phases      ] GC(183)     Dead                           Min: 0, Avg:  0.0, Max: 0, Diff: 0, Sum: 0, Workers: 4
[1413.455s][debug][gc,phases      ] GC(183)     Total                          Min: 0, Avg:  0.0, Max: 0, Diff: 0, Sum: 0, Workers: 4
[1413.455s][debug][gc,phases      ] GC(183) Weak Processing 0.387ms
[1413.455s][debug][gc,age         ] GC(183) Desired survivor size 203948032 bytes, new threshold 15 (max threshold 15)
[1413.455s][info ][gc,heap        ] GC(183) PSYoungGen: 1886792K(1887232K)->163777K(1892352K) Eden: 1723392K(1723392K)->0K(1698816K) From: 163400K(163840K)->163777K(193536K)
[1413.455s][info ][gc,heap        ] GC(183) ParOldGen: 687761K(712192K)->697445K(712192K)
[1413.455s][info ][gc,metaspace   ] GC(183) Metaspace: 84184K(84992K)->84184K(84992K) NonClass: 72458K(72896K)->72458K(72896K) Class: 11726K(12096K)->11726K(12096K)
[1413.455s][info ][gc             ] GC(183) Pause Young (Allocation Failure) 2514M->841M(2543M) 41.913ms
[1413.455s][info ][gc,cpu         ] GC(183) User=0.16s Sys=0.00s Real=0.05s
[1413.455s][debug][gc,phases      ] GC(184) Pre Compact 0.009ms
[1413.455s][info ][gc,start       ] GC(184) Pause Full (Ergonomics)
[1413.455s][info ][gc,phases,start] GC(184) Marking Phase
[1413.639s][debug][gc,phases      ] GC(184) Par Mark 184.169ms
[1413.640s][debug][gc,ref         ] GC(184) Skipped phase 1 of Reference Processing: no references
[1413.640s][debug][gc,ref         ] GC(184) ReferenceProcessor::execute queues: 4, RefProcThreadModel::Multi, marks_oops_alive: false
[1413.640s][debug][gc,ref         ] GC(184) Skipped phase 3 of Reference Processing: no references
[1413.640s][debug][gc,ref         ] GC(184) ReferenceProcessor::execute queues: 1, RefProcThreadModel::Single, marks_oops_alive: false
[1413.640s][debug][gc,phases      ] GC(184) Reference Processing 0.563ms
[1413.640s][debug][gc,phases      ] GC(184)   VM Weak                        Min:  0.0, Avg:  0.0, Max:  0.0, Diff:  0.0, Sum:  0.0, Workers: 4
[1413.640s][debug][gc,phases      ] GC(184)     Dead                           Min: 0, Avg:  0.0, Max: 0, Diff: 0, Sum: 0, Workers: 4
[1413.640s][debug][gc,phases      ] GC(184)     Total                          Min: 0, Avg: 175.2, Max: 317, Diff: 317, Sum: 701, Workers: 4
[1413.640s][debug][gc,phases      ] GC(184)   ObjectSynchronizer Weak        Min:  0.0, Avg:  0.0, Max:  0.0, Diff:  0.0, Sum:  0.0, Workers: 4
[1413.640s][debug][gc,phases      ] GC(184)     Dead                           Min: 0, Avg:  0.2, Max: 1, Diff: 1, Sum: 1, Workers: 4
[1413.640s][debug][gc,phases      ] GC(184)     Total                          Min: 0, Avg: 103.2, Max: 192, Diff: 192, Sum: 413, Workers: 4
[1413.640s][debug][gc,phases      ] GC(184)   JVMTI Tag Weak OopStorage      Min:  0.0, Avg:  0.0, Max:  0.0, Diff:  0.0, Sum:  0.0, Workers: 4
[1413.640s][debug][gc,phases      ] GC(184)     Dead                           Min: 0, Avg:  0.0, Max: 0, Diff: 0, Sum: 0, Workers: 4
[1413.640s][debug][gc,phases      ] GC(184)     Total                          Min: 0, Avg:  0.0, Max: 0, Diff: 0, Sum: 0, Workers: 4
[1413.640s][debug][gc,phases      ] GC(184)   StringTable Weak               Min:  0.2, Avg:  0.2, Max:  0.2, Diff:  0.0, Sum:  0.6, Workers: 4
[1413.640s][debug][gc,phases      ] GC(184)     Dead                           Min: 0, Avg:  0.0, Max: 0, Diff: 0, Sum: 0, Workers: 4
[1413.640s][debug][gc,phases      ] GC(184)     Total                          Min: 11453, Avg: 12047.2, Max: 12672, Diff: 1219, Sum: 48189, Workers: 4
[1413.640s][debug][gc,phases      ] GC(184)   ResolvedMethodTable Weak       Min:  0.0, Avg:  0.0, Max:  0.0, Diff:  0.0, Sum:  0.1, Workers: 4
[1413.640s][debug][gc,phases      ] GC(184)     Dead                           Min: 0, Avg:  0.0, Max: 0, Diff: 0, Sum: 0, Workers: 4
[1413.640s][debug][gc,phases      ] GC(184)     Total                          Min: 1856, Avg: 2140.2, Max: 2432, Diff: 576, Sum: 8561, Workers: 4
[1413.640s][debug][gc,phases      ] GC(184)   JNI Weak                       Min:  0.0, Avg:  0.0, Max:  0.0, Diff:  0.0, Sum:  0.0, Workers: 4
[1413.640s][debug][gc,phases      ] GC(184)     Dead                           Min: 0, Avg:  0.0, Max: 0, Diff: 0, Sum: 0, Workers: 4
[1413.640s][debug][gc,phases      ] GC(184)     Total                          Min: 0, Avg:  0.0, Max: 0, Diff: 0, Sum: 0, Workers: 4
[1413.640s][debug][gc,phases      ] GC(184)   StringDedup Table Weak         Min:  0.0, Avg:  0.0, Max:  0.0, Diff:  0.0, Sum:  0.0, Workers: 4
[1413.640s][debug][gc,phases      ] GC(184)     Dead                           Min: 0, Avg:  0.0, Max: 0, Diff: 0, Sum: 0, Workers: 4
[1413.640s][debug][gc,phases      ] GC(184)     Total                          Min: 0, Avg:  0.0, Max: 0, Diff: 0, Sum: 0, Workers: 4
[1413.640s][debug][gc,phases      ] GC(184)   StringDedup Requests0 Weak     Min:  0.0, Avg:  0.0, Max:  0.0, Diff:  0.0, Sum:  0.0, Workers: 4
[1413.640s][debug][gc,phases      ] GC(184)     Dead                           Min: 0, Avg:  0.0, Max: 0, Diff: 0, Sum: 0, Workers: 4
[1413.640s][debug][gc,phases      ] GC(184)     Total                          Min: 0, Avg:  0.0, Max: 0, Diff: 0, Sum: 0, Workers: 4
[1413.640s][debug][gc,phases      ] GC(184)   StringDedup Requests1 Weak     Min:  0.0, Avg:  0.0, Max:  0.0, Diff:  0.0, Sum:  0.0, Workers: 4
[1413.640s][debug][gc,phases      ] GC(184)     Dead                           Min: 0, Avg:  0.0, Max: 0, Diff: 0, Sum: 0, Workers: 4
[1413.640s][debug][gc,phases      ] GC(184)     Total                          Min: 0, Avg:  0.0, Max: 0, Diff: 0, Sum: 0, Workers: 4
[1413.640s][debug][gc,phases      ] GC(184)   Weak JFR Old Object Samples    Min:  0.0, Avg:  0.0, Max:  0.0, Diff:  0.0, Sum:  0.0, Workers: 4
[1413.640s][debug][gc,phases      ] GC(184)     Dead                           Min: 0, Avg:  0.0, Max: 0, Diff: 0, Sum: 0, Workers: 4
[1413.640s][debug][gc,phases      ] GC(184)     Total                          Min: 0, Avg:  0.0, Max: 0, Diff: 0, Sum: 0, Workers: 4
[1413.640s][debug][gc,phases      ] GC(184) Weak Processing 0.387ms
[1413.641s][debug][gc,phases      ] GC(184) ClassLoaderData 0.092ms
[1413.641s][debug][gc,phases      ] GC(184) Trigger cleanups 0.000ms
[1413.661s][debug][gc,phases      ] GC(184) Class Unloading 20.424ms
[1413.661s][info ][gc,phases      ] GC(184) Marking Phase 205.738ms
[1413.661s][info ][gc,phases,start] GC(184) Summary Phase
[1413.661s][info ][gc,phases      ] GC(184) Summary Phase 0.015ms
[1413.661s][info ][gc,phases,start] GC(184) Adjust Roots
[1413.677s][info ][gc,phases      ] GC(184) Adjust Roots 16.195ms
[1413.677s][info ][gc,phases,start] GC(184) Compaction Phase
[1413.929s][info ][gc,phases      ] GC(184) Compaction Phase 252.029ms
[1413.929s][info ][gc,phases,start] GC(184) Post Compact
[1413.932s][info ][gc,phases      ] GC(184) Post Compact 2.436ms
[1413.932s][info ][gc,heap        ] GC(184) PSYoungGen: 163777K(1892352K)->74004K(1892352K) Eden: 0K(1698816K)->0K(1698816K) From: 163777K(193536K)->74004K(193536K)
[1413.932s][info ][gc,heap        ] GC(184) ParOldGen: 697445K(712192K)->711951K(890880K)
[1413.932s][info ][gc,metaspace   ] GC(184) Metaspace: 84184K(84992K)->84184K(84992K) NonClass: 72458K(72896K)->72458K(72896K) Class: 11726K(12096K)->11726K(12096K)
[1413.932s][info ][gc             ] GC(184) Pause Full (Ergonomics) 841M->767M(2718M) 476.876ms
[1413.932s][info ][gc,cpu         ] GC(184) User=1.76s Sys=0.01s Real=0.47s
[1413.932s][info ][safepoint      ] Safepoint "ParallelGCFailedAllocation", Time since last: 244561760 ns, Reaching safepoint: 109107 ns, At safepoint: 518939083 ns, Total: 519048190 ns
[1414.932s][info ][safepoint      ] Safepoint "Cleanup", Time since last: 1000092333 ns, Reaching safepoint: 72604 ns, At safepoint: 11201 ns, Total: 83805 ns
[1415.933s][info ][safepoint      ] Safepoint "Cleanup", Time since last: 1000107533 ns, Reaching safepoint: 80505 ns, At safepoint: 8100 ns, Total: 88605 ns
[1416.933s][info ][safepoint      ] Safepoint "Cleanup", Time since last: 1000080932 ns, Reaching safepoint: 59004 ns, At safepoint: 3300 ns, Total: 62304 ns
[1418.933s][info ][safepoint      ] Safepoint "Cleanup", Time since last: 2000168464 ns, Reaching safepoint: 56503 ns, At safepoint: 3701 ns, Total: 60204 ns
[1419.933s][info ][safepoint      ] Safepoint "Cleanup", Time since last: 1000111233 ns, Reaching safepoint: 118007 ns, At safepoint: 13101 ns, Total: 131108 ns
[1420.933s][info ][safepoint      ] Safepoint "Cleanup", Time since last: 1000109333 ns, Reaching safepoint: 55004 ns, At safepoint: 4600 ns, Total: 59604 ns
[1421.933s][info ][safepoint      ] Safepoint "Cleanup", Time since last: 1000111734 ns, Reaching safepoint: 56203 ns, At safepoint: 4400 ns, Total: 60603 ns
[1422.934s][info ][safepoint      ] Safepoint "Cleanup", Time since last: 1000102333 ns, Reaching safepoint: 52203 ns, At safepoint: 3101 ns, Total: 55304 ns
[1423.934s][info ][safepoint      ] Safepoint "Cleanup", Time since last: 1000112333 ns, Reaching safepoint: 59104 ns, At safepoint: 10000 ns, Total: 69104 ns
[1425.934s][info ][safepoint      ] Safepoint "Cleanup", Time since last: 2000183865 ns, Reaching safepoint: 85605 ns, At safepoint: 6601 ns, Total: 92206 ns
[1426.934s][info ][safepoint      ] Safepoint "Cleanup", Time since last: 1000148936 ns, Reaching safepoint: 63203 ns, At safepoint: 5101 ns, Total: 68304 ns
[1427.934s][info ][safepoint      ] Safepoint "Cleanup", Time since last: 1000102533 ns, Reaching safepoint: 69404 ns, At safepoint: 8400 ns, Total: 77804 ns
[1428.935s][info ][safepoint      ] Safepoint "Cleanup", Time since last: 1000098733 ns, Reaching safepoint: 60704 ns, At safepoint: 7700 ns, Total: 68404 ns
[1429.935s][info ][safepoint      ] Safepoint "Cleanup", Time since last: 1000109634 ns, Reaching safepoint: 58703 ns, At safepoint: 10001 ns, Total: 68704 ns
[1430.935s][info ][safepoint      ] Safepoint "Cleanup", Time since last: 1000100333 ns, Reaching safepoint: 65904 ns, At safepoint: 4700 ns, Total: 70604 ns
[1431.935s][info ][safepoint      ] Safepoint "Cleanup", Time since last: 1000095733 ns, Reaching safepoint: 169410 ns, At safepoint: 13301 ns, Total: 182711 ns
[1433.016s][info ][safepoint      ] Safepoint "Cleanup", Time since last: 1080219570 ns, Reaching safepoint: 177110 ns, At safepoint: 9101 ns, Total: 186211 ns
[1434.616s][info ][gc,start       ] GC(185) Pause Young (Allocation Failure)
[1434.699s][debug][gc,phases      ] GC(185) Scavenge 83.148ms
[1434.700s][debug][gc,ref         ] GC(185) Skipped phase 1 of Reference Processing: no references
[1434.700s][debug][gc,ref         ] GC(185) ReferenceProcessor::execute queues: 1, RefProcThreadModel::Single, marks_oops_alive: false
[1434.700s][debug][gc,ref         ] GC(185) Skipped phase 3 of Reference Processing: no references
[1434.700s][debug][gc,ref         ] GC(185) ReferenceProcessor::execute queues: 1, RefProcThreadModel::Single, marks_oops_alive: false
[1434.700s][debug][gc,phases      ] GC(185) Reference Processing 0.121ms
[1434.700s][debug][gc,phases      ] GC(185)   VM Weak                        Min:  0.0, Avg:  0.0, Max:  0.0, Diff:  0.0, Sum:  0.0, Workers: 4
[1434.700s][debug][gc,phases      ] GC(185)     Dead                           Min: 0, Avg:  0.0, Max: 0, Diff: 0, Sum: 0, Workers: 4
[1434.700s][debug][gc,phases      ] GC(185)     Total                          Min: 0, Avg: 175.2, Max: 509, Diff: 509, Sum: 701, Workers: 4
[1434.700s][debug][gc,phases      ] GC(185)   ObjectSynchronizer Weak        Min:  0.0, Avg:  0.0, Max:  0.0, Diff:  0.0, Sum:  0.0, Workers: 4
[1434.700s][debug][gc,phases      ] GC(185)     Dead                           Min: 0, Avg:  0.0, Max: 0, Diff: 0, Sum: 0, Workers: 4
[1434.700s][debug][gc,phases      ] GC(185)     Total                          Min: 0, Avg: 103.2, Max: 221, Diff: 221, Sum: 413, Workers: 4
[1434.700s][debug][gc,phases      ] GC(185)   JVMTI Tag Weak OopStorage      Min:  0.0, Avg:  0.0, Max:  0.0, Diff:  0.0, Sum:  0.0, Workers: 4
[1434.700s][debug][gc,phases      ] GC(185)     Dead                           Min: 0, Avg:  0.0, Max: 0, Diff: 0, Sum: 0, Workers: 4
[1434.700s][debug][gc,phases      ] GC(185)     Total                          Min: 0, Avg:  0.0, Max: 0, Diff: 0, Sum: 0, Workers: 4
[1434.700s][debug][gc,phases      ] GC(185)   StringTable Weak               Min:  0.1, Avg:  0.1, Max:  0.1, Diff:  0.0, Sum:  0.5, Workers: 4
[1434.700s][debug][gc,phases      ] GC(185)     Dead                           Min: 0, Avg:  0.2, Max: 1, Diff: 1, Sum: 1, Workers: 4
[1434.700s][debug][gc,phases      ] GC(185)     Total                          Min: 10560, Avg: 12056.2, Max: 14144, Diff: 3584, Sum: 48225, Workers: 4
[1434.700s][debug][gc,phases      ] GC(185)   ResolvedMethodTable Weak       Min:  0.0, Avg:  0.0, Max:  0.0, Diff:  0.0, Sum:  0.1, Workers: 4
[1434.700s][debug][gc,phases      ] GC(185)     Dead                           Min: 0, Avg:  1.2, Max: 5, Diff: 5, Sum: 5, Workers: 4
[1434.700s][debug][gc,phases      ] GC(185)     Total                          Min: 1984, Avg: 2143.5, Max: 2368, Diff: 384, Sum: 8574, Workers: 4
[1434.700s][debug][gc,phases      ] GC(185)   JNI Weak                       Min:  0.0, Avg:  0.0, Max:  0.0, Diff:  0.0, Sum:  0.0, Workers: 4
[1434.700s][debug][gc,phases      ] GC(185)     Dead                           Min: 0, Avg:  0.0, Max: 0, Diff: 0, Sum: 0, Workers: 4
[1434.700s][debug][gc,phases      ] GC(185)     Total                          Min: 0, Avg:  0.0, Max: 0, Diff: 0, Sum: 0, Workers: 4
[1434.700s][debug][gc,phases      ] GC(185)   StringDedup Table Weak         Min:  0.0, Avg:  0.0, Max:  0.0, Diff:  0.0, Sum:  0.0, Workers: 4
[1434.700s][debug][gc,phases      ] GC(185)     Dead                           Min: 0, Avg:  0.0, Max: 0, Diff: 0, Sum: 0, Workers: 4
[1434.700s][debug][gc,phases      ] GC(185)     Total                          Min: 0, Avg:  0.0, Max: 0, Diff: 0, Sum: 0, Workers: 4
[1434.700s][debug][gc,phases      ] GC(185)   StringDedup Requests0 Weak     Min:  0.0, Avg:  0.0, Max:  0.0, Diff:  0.0, Sum:  0.0, Workers: 4
[1434.700s][debug][gc,phases      ] GC(185)     Dead                           Min: 0, Avg:  0.0, Max: 0, Diff: 0, Sum: 0, Workers: 4
[1434.700s][debug][gc,phases      ] GC(185)     Total                          Min: 0, Avg:  0.0, Max: 0, Diff: 0, Sum: 0, Workers: 4
[1434.700s][debug][gc,phases      ] GC(185)   StringDedup Requests1 Weak     Min:  0.0, Avg:  0.0, Max:  0.0, Diff:  0.0, Sum:  0.0, Workers: 4
[1434.700s][debug][gc,phases      ] GC(185)     Dead                           Min: 0, Avg:  0.0, Max: 0, Diff: 0, Sum: 0, Workers: 4
[1434.700s][debug][gc,phases      ] GC(185)     Total                          Min: 0, Avg:  0.0, Max: 0, Diff: 0, Sum: 0, Workers: 4
[1434.700s][debug][gc,phases      ] GC(185)   Weak JFR Old Object Samples    Min:  0.0, Avg:  0.0, Max:  0.0, Diff:  0.0, Sum:  0.0, Workers: 4
[1434.700s][debug][gc,phases      ] GC(185)     Dead                           Min: 0, Avg:  0.0, Max: 0, Diff: 0, Sum: 0, Workers: 4
[1434.700s][debug][gc,phases      ] GC(185)     Total                          Min: 0, Avg:  0.0, Max: 0, Diff: 0, Sum: 0, Workers: 4
[1434.700s][debug][gc,phases      ] GC(185) Weak Processing 0.356ms
[1434.700s][debug][gc,age         ] GC(185) Desired survivor size 203948032 bytes, new threshold 15 (max threshold 15)
[1434.700s][info ][gc,heap        ] GC(185) PSYoungGen: 1772820K(1892352K)->98448K(1897984K) Eden: 1698816K(1698816K)->0K(1698816K) From: 74004K(193536K)->98448K(199168K)
[1434.700s][info ][gc,heap        ] GC(185) ParOldGen: 711951K(890880K)->717841K(890880K)
[1434.700s][info ][gc,metaspace   ] GC(185) Metaspace: 84283K(85120K)->84283K(85120K) NonClass: 72548K(73024K)->72548K(73024K) Class: 11734K(12096K)->11734K(12096K)
[1434.700s][info ][gc             ] GC(185) Pause Young (Allocation Failure) 2426M->797M(2723M) 83.773ms
[1434.700s][info ][gc,cpu         ] GC(185) User=0.30s Sys=0.01s Real=0.08s
[1434.700s][info ][safepoint      ] Safepoint "ParallelGCFailedAllocation", Time since last: 1600463931 ns, Reaching safepoint: 80204 ns, At safepoint: 83858259 ns, Total: 83938463 ns
[1435.700s][info ][safepoint      ] Safepoint "Cleanup", Time since last: 1000086732 ns, Reaching safepoint: 59503 ns, At safepoint: 13701 ns, Total: 73204 ns
[1436.700s][info ][safepoint      ] Safepoint "Cleanup", Time since last: 1000101233 ns, Reaching safepoint: 50003 ns, At safepoint: 10001 ns, Total: 60004 ns
[1437.701s][info ][safepoint      ] Safepoint "Cleanup", Time since last: 1000109233 ns, Reaching safepoint: 55604 ns, At safepoint: 6800 ns, Total: 62404 ns
[1438.701s][info ][safepoint      ] Safepoint "Cleanup", Time since last: 1000103033 ns, Reaching safepoint: 50503 ns, At safepoint: 10201 ns, Total: 60704 ns
[1440.701s][info ][safepoint      ] Safepoint "Cleanup", Time since last: 2000170364 ns, Reaching safepoint: 44603 ns, At safepoint: 3100 ns, Total: 47703 ns
[1442.701s][info ][safepoint      ] Safepoint "Cleanup", Time since last: 2000167964 ns, Reaching safepoint: 111806 ns, At safepoint: 8001 ns, Total: 119807 ns
[1443.701s][info ][safepoint      ] Safepoint "Cleanup", Time since last: 1000100233 ns, Reaching safepoint: 55803 ns, At safepoint: 14301 ns, Total: 70104 ns
[1444.702s][info ][safepoint      ] Safepoint "Cleanup", Time since last: 1000112034 ns, Reaching safepoint: 43902 ns, At safepoint: 5301 ns, Total: 49203 ns
[1445.702s][info ][safepoint      ] Safepoint "Cleanup", Time since last: 1000084532 ns, Reaching safepoint: 44302 ns, At safepoint: 3000 ns, Total: 47302 ns
[1446.702s][info ][safepoint      ] Safepoint "Cleanup", Time since last: 1000051831 ns, Reaching safepoint: 38602 ns, At safepoint: 3100 ns, Total: 41702 ns
[1447.702s][info ][safepoint      ] Safepoint "Cleanup", Time since last: 1000095133 ns, Reaching safepoint: 54803 ns, At safepoint: 4700 ns, Total: 59503 ns
[1448.702s][info ][safepoint      ] Safepoint "Cleanup", Time since last: 1000115834 ns, Reaching safepoint: 54403 ns, At safepoint: 4901 ns, Total: 59304 ns
[1449.702s][info ][safepoint      ] Safepoint "Cleanup", Time since last: 1000109333 ns, Reaching safepoint: 47903 ns, At safepoint: 9501 ns, Total: 57404 ns
[1450.703s][info ][safepoint      ] Safepoint "Cleanup", Time since last: 1000098032 ns, Reaching safepoint: 125108 ns, At safepoint: 24801 ns, Total: 149909 ns
[1450.787s][info ][gc,start       ] GC(186) Pause Young (Allocation Failure)
[1450.819s][debug][gc,phases      ] GC(186) Scavenge 31.973ms
[1450.819s][debug][gc,ref         ] GC(186) Skipped phase 1 of Reference Processing: no references
[1450.819s][debug][gc,ref         ] GC(186) ReferenceProcessor::execute queues: 1, RefProcThreadModel::Single, marks_oops_alive: false
[1450.819s][debug][gc,ref         ] GC(186) Skipped phase 3 of Reference Processing: no references
[1450.819s][debug][gc,ref         ] GC(186) ReferenceProcessor::execute queues: 1, RefProcThreadModel::Single, marks_oops_alive: false
[1450.819s][debug][gc,phases      ] GC(186) Reference Processing 0.127ms
[1450.819s][debug][gc,phases      ] GC(186)   VM Weak                        Min:  0.0, Avg:  0.0, Max:  0.0, Diff:  0.0, Sum:  0.0, Workers: 4
[1450.819s][debug][gc,phases      ] GC(186)     Dead                           Min: 0, Avg:  0.0, Max: 0, Diff: 0, Sum: 0, Workers: 4
[1450.819s][debug][gc,phases      ] GC(186)     Total                          Min: 0, Avg: 175.2, Max: 573, Diff: 573, Sum: 701, Workers: 4
[1450.819s][debug][gc,phases      ] GC(186)   ObjectSynchronizer Weak        Min:  0.0, Avg:  0.0, Max:  0.0, Diff:  0.0, Sum:  0.0, Workers: 4
[1450.819s][debug][gc,phases      ] GC(186)     Dead                           Min: 0, Avg:  0.0, Max: 0, Diff: 0, Sum: 0, Workers: 4
[1450.819s][debug][gc,phases      ] GC(186)     Total                          Min: 0, Avg: 103.2, Max: 192, Diff: 192, Sum: 413, Workers: 4
[1450.819s][debug][gc,phases      ] GC(186)   JVMTI Tag Weak OopStorage      Min:  0.0, Avg:  0.0, Max:  0.0, Diff:  0.0, Sum:  0.0, Workers: 4
[1450.819s][debug][gc,phases      ] GC(186)     Dead                           Min: 0, Avg:  0.0, Max: 0, Diff: 0, Sum: 0, Workers: 4
[1450.819s][debug][gc,phases      ] GC(186)     Total                          Min: 0, Avg:  0.0, Max: 0, Diff: 0, Sum: 0, Workers: 4
[1450.819s][debug][gc,phases      ] GC(186)   StringTable Weak               Min:  0.1, Avg:  0.1, Max:  0.1, Diff:  0.0, Sum:  0.4, Workers: 4
[1450.819s][debug][gc,phases      ] GC(186)     Dead                           Min: 0, Avg:  0.0, Max: 0, Diff: 0, Sum: 0, Workers: 4
[1450.819s][debug][gc,phases      ] GC(186)     Total                          Min: 11008, Avg: 12058.5, Max: 12672, Diff: 1664, Sum: 48234, Workers: 4
[1450.819s][debug][gc,phases      ] GC(186)   ResolvedMethodTable Weak       Min:  0.0, Avg:  0.0, Max:  0.0, Diff:  0.0, Sum:  0.1, Workers: 4
[1450.819s][debug][gc,phases      ] GC(186)     Dead                           Min: 0, Avg:  0.0, Max: 0, Diff: 0, Sum: 0, Workers: 4
[1450.819s][debug][gc,phases      ] GC(186)     Total                          Min: 2049, Avg: 2144.2, Max: 2240, Diff: 191, Sum: 8577, Workers: 4
[1450.819s][debug][gc,phases      ] GC(186)   JNI Weak                       Min:  0.0, Avg:  0.0, Max:  0.0, Diff:  0.0, Sum:  0.0, Workers: 4
[1450.820s][debug][gc,phases      ] GC(186)     Dead                           Min: 0, Avg:  0.0, Max: 0, Diff: 0, Sum: 0, Workers: 4
[1450.820s][debug][gc,phases      ] GC(186)     Total                          Min: 0, Avg:  0.0, Max: 0, Diff: 0, Sum: 0, Workers: 4
[1450.820s][debug][gc,phases      ] GC(186)   StringDedup Table Weak         Min:  0.0, Avg:  0.0, Max:  0.0, Diff:  0.0, Sum:  0.0, Workers: 4
[1450.820s][debug][gc,phases      ] GC(186)     Dead                           Min: 0, Avg:  0.0, Max: 0, Diff: 0, Sum: 0, Workers: 4
[1450.820s][debug][gc,phases      ] GC(186)     Total                          Min: 0, Avg:  0.0, Max: 0, Diff: 0, Sum: 0, Workers: 4
[1450.820s][debug][gc,phases      ] GC(186)   StringDedup Requests0 Weak     Min:  0.0, Avg:  0.0, Max:  0.0, Diff:  0.0, Sum:  0.0, Workers: 4
[1450.820s][debug][gc,phases      ] GC(186)     Dead                           Min: 0, Avg:  0.0, Max: 0, Diff: 0, Sum: 0, Workers: 4
[1450.820s][debug][gc,phases      ] GC(186)     Total                          Min: 0, Avg:  0.0, Max: 0, Diff: 0, Sum: 0, Workers: 4
[1450.820s][debug][gc,phases      ] GC(186)   StringDedup Requests1 Weak     Min:  0.0, Avg:  0.0, Max:  0.0, Diff:  0.0, Sum:  0.0, Workers: 4
[1450.820s][debug][gc,phases      ] GC(186)     Dead                           Min: 0, Avg:  0.0, Max: 0, Diff: 0, Sum: 0, Workers: 4
[1450.820s][debug][gc,phases      ] GC(186)     Total                          Min: 0, Avg:  0.0, Max: 0, Diff: 0, Sum: 0, Workers: 4
[1450.820s][debug][gc,phases      ] GC(186)   Weak JFR Old Object Samples    Min:  0.0, Avg:  0.0, Max:  0.0, Diff:  0.0, Sum:  0.0, Workers: 4
[1450.820s][debug][gc,phases      ] GC(186)     Dead                           Min: 0, Avg:  0.0, Max: 0, Diff: 0, Sum: 0, Workers: 4
[1450.820s][debug][gc,phases      ] GC(186)     Total                          Min: 0, Avg:  0.0, Max: 0, Diff: 0, Sum: 0, Workers: 4
[1450.820s][debug][gc,phases      ] GC(186) Weak Processing 0.346ms
[1450.820s][debug][gc,age         ] GC(186) Desired survivor size 199753728 bytes, new threshold 15 (max threshold 15)
[1450.820s][info ][gc,heap        ] GC(186) PSYoungGen: 1797264K(1897984K)->115776K(1902080K) Eden: 1698816K(1698816K)->0K(1702912K) From: 98448K(199168K)->115776K(199168K)
[1450.820s][info ][gc,heap        ] GC(186) ParOldGen: 717841K(890880K)->725838K(890880K)
[1450.820s][info ][gc,metaspace   ] GC(186) Metaspace: 84342K(85184K)->84342K(85184K) NonClass: 72603K(73088K)->72603K(73088K) Class: 11738K(12096K)->11738K(12096K)
[1450.820s][info ][gc             ] GC(186) Pause Young (Allocation Failure) 2456M->821M(2727M) 32.590ms
[1450.820s][info ][gc,cpu         ] GC(186) User=0.13s Sys=0.01s Real=0.03s
[1450.820s][info ][safepoint      ] Safepoint "ParallelGCFailedAllocation", Time since last: 84334787 ns, Reaching safepoint: 111006 ns, At safepoint: 32690133 ns, Total: 32801139 ns
[1451.820s][info ][safepoint      ] Safepoint "Cleanup", Time since last: 1000083732 ns, Reaching safepoint: 127608 ns, At safepoint: 19001 ns, Total: 146609 ns
[1452.820s][info ][safepoint      ] Safepoint "Cleanup", Time since last: 1000111733 ns, Reaching safepoint: 107507 ns, At safepoint: 22701 ns, Total: 130208 ns
[1453.820s][info ][safepoint      ] Safepoint "Cleanup", Time since last: 1000106534 ns, Reaching safepoint: 59703 ns, At safepoint: 6600 ns, Total: 66303 ns
[1454.820s][info ][safepoint      ] Safepoint "Cleanup", Time since last: 1000093533 ns, Reaching safepoint: 53703 ns, At safepoint: 3300 ns, Total: 57003 ns
[1457.821s][info ][safepoint      ] Safepoint "Cleanup", Time since last: 3000226595 ns, Reaching safepoint: 53403 ns, At safepoint: 5000 ns, Total: 58403 ns
[1459.821s][info ][safepoint      ] Safepoint "Cleanup", Time since last: 2000169565 ns, Reaching safepoint: 55903 ns, At safepoint: 6100 ns, Total: 62003 ns
[1459.888s][info ][gc,start       ] GC(187) Pause Young (Allocation Failure)
[1459.914s][debug][gc,phases      ] GC(187) Scavenge 25.912ms
[1459.914s][debug][gc,ref         ] GC(187) Skipped phase 1 of Reference Processing: no references
[1459.914s][debug][gc,ref         ] GC(187) ReferenceProcessor::execute queues: 1, RefProcThreadModel::Single, marks_oops_alive: false
[1459.914s][debug][gc,ref         ] GC(187) Skipped phase 3 of Reference Processing: no references
[1459.914s][debug][gc,ref         ] GC(187) Skipped phase 4 of Reference Processing: no references
[1459.914s][debug][gc,phases      ] GC(187) Reference Processing 0.168ms
[1459.914s][debug][gc,phases      ] GC(187)   VM Weak                        Min:  0.0, Avg:  0.0, Max:  0.0, Diff:  0.0, Sum:  0.0, Workers: 4
[1459.914s][debug][gc,phases      ] GC(187)     Dead                           Min: 0, Avg:  0.0, Max: 0, Diff: 0, Sum: 0, Workers: 4
[1459.914s][debug][gc,phases      ] GC(187)     Total                          Min: 0, Avg: 175.2, Max: 381, Diff: 381, Sum: 701, Workers: 4
[1459.914s][debug][gc,phases      ] GC(187)   ObjectSynchronizer Weak        Min:  0.0, Avg:  0.0, Max:  0.0, Diff:  0.0, Sum:  0.0, Workers: 4
[1459.914s][debug][gc,phases      ] GC(187)     Dead                           Min: 0, Avg:  0.0, Max: 0, Diff: 0, Sum: 0, Workers: 4
[1459.914s][debug][gc,phases      ] GC(187)     Total                          Min: 0, Avg: 103.2, Max: 192, Diff: 192, Sum: 413, Workers: 4
[1459.914s][debug][gc,phases      ] GC(187)   JVMTI Tag Weak OopStorage      Min:  0.0, Avg:  0.0, Max:  0.0, Diff:  0.0, Sum:  0.0, Workers: 4
[1459.914s][debug][gc,phases      ] GC(187)     Dead                           Min: 0, Avg:  0.0, Max: 0, Diff: 0, Sum: 0, Workers: 4
[1459.914s][debug][gc,phases      ] GC(187)     Total                          Min: 0, Avg:  0.0, Max: 0, Diff: 0, Sum: 0, Workers: 4
[1459.914s][debug][gc,phases      ] GC(187)   StringTable Weak               Min:  0.1, Avg:  0.1, Max:  0.1, Diff:  0.0, Sum:  0.4, Workers: 4
[1459.914s][debug][gc,phases      ] GC(187)     Dead                           Min: 0, Avg:  0.0, Max: 0, Diff: 0, Sum: 0, Workers: 4
[1459.914s][debug][gc,phases      ] GC(187)     Total                          Min: 11392, Avg: 12058.5, Max: 12906, Diff: 1514, Sum: 48234, Workers: 4
[1459.914s][debug][gc,phases      ] GC(187)   ResolvedMethodTable Weak       Min:  0.0, Avg:  0.0, Max:  0.0, Diff:  0.0, Sum:  0.1, Workers: 4
[1459.914s][debug][gc,phases      ] GC(187)     Dead                           Min: 0, Avg:  0.0, Max: 0, Diff: 0, Sum: 0, Workers: 4
[1459.914s][debug][gc,phases      ] GC(187)     Total                          Min: 2048, Avg: 2144.2, Max: 2241, Diff: 193, Sum: 8577, Workers: 4
[1459.914s][debug][gc,phases      ] GC(187)   JNI Weak                       Min:  0.0, Avg:  0.0, Max:  0.0, Diff:  0.0, Sum:  0.0, Workers: 4
[1459.914s][debug][gc,phases      ] GC(187)     Dead                           Min: 0, Avg:  0.0, Max: 0, Diff: 0, Sum: 0, Workers: 4
[1459.914s][debug][gc,phases      ] GC(187)     Total                          Min: 0, Avg:  0.0, Max: 0, Diff: 0, Sum: 0, Workers: 4
[1459.914s][debug][gc,phases      ] GC(187)   StringDedup Table Weak         Min:  0.0, Avg:  0.0, Max:  0.0, Diff:  0.0, Sum:  0.0, Workers: 4
[1459.914s][debug][gc,phases      ] GC(187)     Dead                           Min: 0, Avg:  0.0, Max: 0, Diff: 0, Sum: 0, Workers: 4
[1459.914s][debug][gc,phases      ] GC(187)     Total                          Min: 0, Avg:  0.0, Max: 0, Diff: 0, Sum: 0, Workers: 4
[1459.914s][debug][gc,phases      ] GC(187)   StringDedup Requests0 Weak     Min:  0.0, Avg:  0.0, Max:  0.0, Diff:  0.0, Sum:  0.0, Workers: 4
[1459.914s][debug][gc,phases      ] GC(187)     Dead                           Min: 0, Avg:  0.0, Max: 0, Diff: 0, Sum: 0, Workers: 4
[1459.914s][debug][gc,phases      ] GC(187)     Total                          Min: 0, Avg:  0.0, Max: 0, Diff: 0, Sum: 0, Workers: 4
[1459.914s][debug][gc,phases      ] GC(187)   StringDedup Requests1 Weak     Min:  0.0, Avg:  0.0, Max:  0.0, Diff:  0.0, Sum:  0.0, Workers: 4
[1459.914s][debug][gc,phases      ] GC(187)     Dead                           Min: 0, Avg:  0.0, Max: 0, Diff: 0, Sum: 0, Workers: 4
[1459.914s][debug][gc,phases      ] GC(187)     Total                          Min: 0, Avg:  0.0, Max: 0, Diff: 0, Sum: 0, Workers: 4
[1459.914s][debug][gc,phases      ] GC(187)   Weak JFR Old Object Samples    Min:  0.0, Avg:  0.0, Max:  0.0, Diff:  0.0, Sum:  0.0, Workers: 4
[1459.914s][debug][gc,phases      ] GC(187)     Dead                           Min: 0, Avg:  0.0, Max: 0, Diff: 0, Sum: 0, Workers: 4
[1459.914s][debug][gc,phases      ] GC(187)     Total                          Min: 0, Avg:  0.0, Max: 0, Diff: 0, Sum: 0, Workers: 4
[1459.914s][debug][gc,phases      ] GC(187) Weak Processing 0.326ms
[1459.914s][debug][gc,age         ] GC(187) Desired survivor size 195559424 bytes, new threshold 15 (max threshold 15)
[1459.914s][info ][gc,heap        ] GC(187) PSYoungGen: 1818688K(1902080K)->117248K(1897984K) Eden: 1702912K(1702912K)->0K(1702912K) From: 115776K(199168K)->117248K(195072K)
[1459.914s][info ][gc,heap        ] GC(187) ParOldGen: 725838K(890880K)->732150K(890880K)
[1459.914s][info ][gc,metaspace   ] GC(187) Metaspace: 84352K(85184K)->84352K(85184K) NonClass: 72613K(73088K)->72613K(73088K) Class: 11738K(12096K)->11738K(12096K)
[1459.914s][info ][gc             ] GC(187) Pause Young (Allocation Failure) 2484M->829M(2723M) 26.541ms
[1459.914s][info ][gc,cpu         ] GC(187) User=0.10s Sys=0.00s Real=0.02s
[1459.914s][info ][safepoint      ] Safepoint "ParallelGCFailedAllocation", Time since last: 66639040 ns, Reaching safepoint: 26902 ns, At safepoint: 26629575 ns, Total: 26656477 ns
[1460.914s][info ][safepoint      ] Safepoint "Cleanup", Time since last: 1000083532 ns, Reaching safepoint: 100405 ns, At safepoint: 7601 ns, Total: 108006 ns
[1464.915s][info ][safepoint      ] Safepoint "Cleanup", Time since last: 4000345729 ns, Reaching safepoint: 133107 ns, At safepoint: 12001 ns, Total: 145108 ns
[1465.915s][info ][safepoint      ] Safepoint "Cleanup", Time since last: 1000090033 ns, Reaching safepoint: 116706 ns, At safepoint: 8101 ns, Total: 124807 ns
[1466.915s][info ][safepoint      ] Safepoint "Cleanup", Time since last: 1000093232 ns, Reaching safepoint: 134608 ns, At safepoint: 13601 ns, Total: 148209 ns
[1467.916s][info ][safepoint      ] Safepoint "Cleanup", Time since last: 1000100633 ns, Reaching safepoint: 115707 ns, At safepoint: 19801 ns, Total: 135508 ns
[1468.916s][info ][safepoint      ] Safepoint "Cleanup", Time since last: 1000099133 ns, Reaching safepoint: 119907 ns, At safepoint: 8201 ns, Total: 128108 ns
[1469.916s][info ][safepoint      ] Safepoint "Cleanup", Time since last: 1000118534 ns, Reaching safepoint: 168310 ns, At safepoint: 18301 ns, Total: 186611 ns
[1470.916s][info ][safepoint      ] Safepoint "Cleanup", Time since last: 1000102933 ns, Reaching safepoint: 113207 ns, At safepoint: 5300 ns, Total: 118507 ns
[1471.917s][info ][safepoint      ] Safepoint "Cleanup", Time since last: 1000095433 ns, Reaching safepoint: 120507 ns, At safepoint: 12601 ns, Total: 133108 ns
[1473.917s][info ][safepoint      ] Safepoint "Cleanup", Time since last: 2000183265 ns, Reaching safepoint: 53503 ns, At safepoint: 3200 ns, Total: 56703 ns
[1475.917s][info ][safepoint      ] Safepoint "Cleanup", Time since last: 2000149963 ns, Reaching safepoint: 54603 ns, At safepoint: 3500 ns, Total: 58103 ns
[1476.917s][info ][safepoint      ] Safepoint "Cleanup", Time since last: 1000102133 ns, Reaching safepoint: 49603 ns, At safepoint: 8801 ns, Total: 58404 ns
[1477.917s][info ][safepoint      ] Safepoint "Cleanup", Time since last: 1000067431 ns, Reaching safepoint: 46903 ns, At safepoint: 3000 ns, Total: 49903 ns
[1478.918s][info ][safepoint      ] Safepoint "Cleanup", Time since last: 1000093032 ns, Reaching safepoint: 45103 ns, At safepoint: 3300 ns, Total: 48403 ns
[1479.918s][info ][safepoint      ] Safepoint "Cleanup", Time since last: 1000112734 ns, Reaching safepoint: 29902 ns, At safepoint: 3100 ns, Total: 33002 ns
[1480.918s][info ][safepoint      ] Safepoint "Cleanup", Time since last: 1000096333 ns, Reaching safepoint: 56703 ns, At safepoint: 5100 ns, Total: 61803 ns
[1481.918s][info ][safepoint      ] Safepoint "Cleanup", Time since last: 1000101033 ns, Reaching safepoint: 48903 ns, At safepoint: 8101 ns, Total: 57004 ns
[1482.918s][info ][safepoint      ] Safepoint "Cleanup", Time since last: 1000124734 ns, Reaching safepoint: 49903 ns, At safepoint: 9801 ns, Total: 59704 ns
[1483.918s][info ][safepoint      ] Safepoint "Cleanup", Time since last: 1000102933 ns, Reaching safepoint: 57503 ns, At safepoint: 9801 ns, Total: 67304 ns
[1484.713s][info ][gc,start       ] GC(188) Pause Young (Allocation Failure)
[1484.740s][debug][gc,phases      ] GC(188) Scavenge 27.298ms
[1484.740s][debug][gc,ref         ] GC(188) Skipped phase 1 of Reference Processing: no references
[1484.741s][debug][gc,ref         ] GC(188) ReferenceProcessor::execute queues: 1, RefProcThreadModel::Single, marks_oops_alive: false
[1484.741s][debug][gc,ref         ] GC(188) Skipped phase 3 of Reference Processing: no references
[1484.741s][debug][gc,ref         ] GC(188) ReferenceProcessor::execute queues: 1, RefProcThreadModel::Single, marks_oops_alive: false
[1484.741s][debug][gc,phases      ] GC(188) Reference Processing 0.134ms
[1484.741s][debug][gc,phases      ] GC(188)   VM Weak                        Min:  0.0, Avg:  0.0, Max:  0.0, Diff:  0.0, Sum:  0.0, Workers: 4
[1484.741s][debug][gc,phases      ] GC(188)     Dead                           Min: 0, Avg:  0.0, Max: 0, Diff: 0, Sum: 0, Workers: 4
[1484.741s][debug][gc,phases      ] GC(188)     Total                          Min: 0, Avg: 178.8, Max: 395, Diff: 395, Sum: 715, Workers: 4
[1484.741s][debug][gc,phases      ] GC(188)   ObjectSynchronizer Weak        Min:  0.0, Avg:  0.0, Max:  0.0, Diff:  0.0, Sum:  0.0, Workers: 4
[1484.741s][debug][gc,phases      ] GC(188)     Dead                           Min: 0, Avg:  0.0, Max: 0, Diff: 0, Sum: 0, Workers: 4
[1484.741s][debug][gc,phases      ] GC(188)     Total                          Min: 0, Avg: 103.2, Max: 192, Diff: 192, Sum: 413, Workers: 4
[1484.741s][debug][gc,phases      ] GC(188)   JVMTI Tag Weak OopStorage      Min:  0.0, Avg:  0.0, Max:  0.0, Diff:  0.0, Sum:  0.0, Workers: 4
[1484.741s][debug][gc,phases      ] GC(188)     Dead                           Min: 0, Avg:  0.0, Max: 0, Diff: 0, Sum: 0, Workers: 4
[1484.741s][debug][gc,phases      ] GC(188)     Total                          Min: 0, Avg:  0.0, Max: 0, Diff: 0, Sum: 0, Workers: 4
[1484.741s][debug][gc,phases      ] GC(188)   StringTable Weak               Min:  0.1, Avg:  0.1, Max:  0.1, Diff:  0.0, Sum:  0.4, Workers: 4
[1484.741s][debug][gc,phases      ] GC(188)     Dead                           Min: 0, Avg:  0.0, Max: 0, Diff: 0, Sum: 0, Workers: 4
[1484.741s][debug][gc,phases      ] GC(188)     Total                          Min: 10944, Avg: 12062.0, Max: 12856, Diff: 1912, Sum: 48248, Workers: 4
[1484.741s][debug][gc,phases      ] GC(188)   ResolvedMethodTable Weak       Min:  0.0, Avg:  0.0, Max:  0.0, Diff:  0.0, Sum:  0.1, Workers: 4
[1484.741s][debug][gc,phases      ] GC(188)     Dead                           Min: 0, Avg:  0.0, Max: 0, Diff: 0, Sum: 0, Workers: 4
[1484.741s][debug][gc,phases      ] GC(188)     Total                          Min: 1883, Avg: 2150.8, Max: 2496, Diff: 613, Sum: 8603, Workers: 4
[1484.741s][debug][gc,phases      ] GC(188)   JNI Weak                       Min:  0.0, Avg:  0.0, Max:  0.0, Diff:  0.0, Sum:  0.0, Workers: 4
[1484.741s][debug][gc,phases      ] GC(188)     Dead                           Min: 0, Avg:  0.0, Max: 0, Diff: 0, Sum: 0, Workers: 4
[1484.741s][debug][gc,phases      ] GC(188)     Total                          Min: 0, Avg:  0.0, Max: 0, Diff: 0, Sum: 0, Workers: 4
[1484.741s][debug][gc,phases      ] GC(188)   StringDedup Table Weak         Min:  0.0, Avg:  0.0, Max:  0.0, Diff:  0.0, Sum:  0.0, Workers: 4
[1484.741s][debug][gc,phases      ] GC(188)     Dead                           Min: 0, Avg:  0.0, Max: 0, Diff: 0, Sum: 0, Workers: 4
[1484.741s][debug][gc,phases      ] GC(188)     Total                          Min: 0, Avg:  0.0, Max: 0, Diff: 0, Sum: 0, Workers: 4
[1484.741s][debug][gc,phases      ] GC(188)   StringDedup Requests0 Weak     Min:  0.0, Avg:  0.0, Max:  0.0, Diff:  0.0, Sum:  0.0, Workers: 4
[1484.741s][debug][gc,phases      ] GC(188)     Dead                           Min: 0, Avg:  0.0, Max: 0, Diff: 0, Sum: 0, Workers: 4
[1484.741s][debug][gc,phases      ] GC(188)     Total                          Min: 0, Avg:  0.0, Max: 0, Diff: 0, Sum: 0, Workers: 4
[1484.741s][debug][gc,phases      ] GC(188)   StringDedup Requests1 Weak     Min:  0.0, Avg:  0.0, Max:  0.0, Diff:  0.0, Sum:  0.0, Workers: 4
[1484.741s][debug][gc,phases      ] GC(188)     Dead                           Min: 0, Avg:  0.0, Max: 0, Diff: 0, Sum: 0, Workers: 4
[1484.741s][debug][gc,phases      ] GC(188)     Total                          Min: 0, Avg:  0.0, Max: 0, Diff: 0, Sum: 0, Workers: 4
[1484.741s][debug][gc,phases      ] GC(188)   Weak JFR Old Object Samples    Min:  0.0, Avg:  0.0, Max:  0.0, Diff:  0.0, Sum:  0.0, Workers: 4
[1484.741s][debug][gc,phases      ] GC(188)     Dead                           Min: 0, Avg:  0.0, Max: 0, Diff: 0, Sum: 0, Workers: 4
[1484.741s][debug][gc,phases      ] GC(188)     Total                          Min: 0, Avg:  0.0, Max: 0, Diff: 0, Sum: 0, Workers: 4
[1484.741s][debug][gc,phases      ] GC(188) Weak Processing 0.337ms
[1484.741s][debug][gc,age         ] GC(188) Desired survivor size 190316544 bytes, new threshold 15 (max threshold 15)
[1484.741s][info ][gc,heap        ] GC(188) PSYoungGen: 1820160K(1897984K)->121968K(1911296K) Eden: 1702912K(1702912K)->0K(1720320K) From: 117248K(195072K)->121968K(190976K)
[1484.741s][info ][gc,heap        ] GC(188) ParOldGen: 732150K(890880K)->732190K(890880K)
[1484.741s][info ][gc,metaspace   ] GC(188) Metaspace: 84487K(85376K)->84487K(85376K) NonClass: 72731K(73216K)->72731K(73216K) Class: 11755K(12160K)->11755K(12160K)
[1484.741s][info ][gc             ] GC(188) Pause Young (Allocation Failure) 2492M->834M(2736M) 27.909ms
[1484.741s][info ][gc,cpu         ] GC(188) User=0.11s Sys=0.00s Real=0.03s
[1484.741s][info ][safepoint      ] Safepoint "ParallelGCFailedAllocation", Time since last: 794546779 ns, Reaching safepoint: 128408 ns, At safepoint: 27996155 ns, Total: 28124563 ns
[1485.741s][info ][safepoint      ] Safepoint "Cleanup", Time since last: 1000122334 ns, Reaching safepoint: 58204 ns, At safepoint: 10200 ns, Total: 68404 ns
[1486.741s][info ][safepoint      ] Safepoint "Cleanup", Time since last: 1000118234 ns, Reaching safepoint: 38203 ns, At safepoint: 3800 ns, Total: 42003 ns
[1488.742s][info ][safepoint      ] Safepoint "Cleanup", Time since last: 2000206366 ns, Reaching safepoint: 48803 ns, At safepoint: 4600 ns, Total: 53403 ns
[1489.742s][info ][safepoint      ] Safepoint "Cleanup", Time since last: 1000123035 ns, Reaching safepoint: 52903 ns, At safepoint: 5800 ns, Total: 58703 ns
[1490.742s][info ][safepoint      ] Safepoint "Cleanup", Time since last: 1000096633 ns, Reaching safepoint: 50803 ns, At safepoint: 2900 ns, Total: 53703 ns
[1491.742s][info ][safepoint      ] Safepoint "Cleanup", Time since last: 1000116134 ns, Reaching safepoint: 59203 ns, At safepoint: 8201 ns, Total: 67404 ns
[1492.742s][info ][safepoint      ] Safepoint "Cleanup", Time since last: 1000107933 ns, Reaching safepoint: 48803 ns, At safepoint: 4500 ns, Total: 53303 ns
[1496.743s][info ][safepoint      ] Safepoint "Cleanup", Time since last: 4000297426 ns, Reaching safepoint: 118707 ns, At safepoint: 14401 ns, Total: 133108 ns
[1497.743s][info ][safepoint      ] Safepoint "Cleanup", Time since last: 1000105733 ns, Reaching safepoint: 55704 ns, At safepoint: 3400 ns, Total: 59104 ns
[1498.743s][info ][safepoint      ] Safepoint "Cleanup", Time since last: 1000113834 ns, Reaching safepoint: 126407 ns, At safepoint: 12501 ns, Total: 138908 ns
[1498.914s][info ][gc,start       ] GC(189) Pause Young (Allocation Failure)
[1498.948s][debug][gc,phases      ] GC(189) Scavenge 33.965ms
[1498.948s][debug][gc,ref         ] GC(189) Skipped phase 1 of Reference Processing: no references
[1498.948s][debug][gc,ref         ] GC(189) ReferenceProcessor::execute queues: 1, RefProcThreadModel::Single, marks_oops_alive: false
[1498.948s][debug][gc,ref         ] GC(189) Skipped phase 3 of Reference Processing: no references
[1498.948s][debug][gc,ref         ] GC(189) ReferenceProcessor::execute queues: 1, RefProcThreadModel::Single, marks_oops_alive: false
[1498.948s][debug][gc,phases      ] GC(189) Reference Processing 0.145ms
[1498.948s][debug][gc,phases      ] GC(189)   VM Weak                        Min:  0.0, Avg:  0.0, Max:  0.0, Diff:  0.0, Sum:  0.0, Workers: 4
[1498.948s][debug][gc,phases      ] GC(189)     Dead                           Min: 0, Avg:  0.0, Max: 0, Diff: 0, Sum: 0, Workers: 4
[1498.948s][debug][gc,phases      ] GC(189)     Total                          Min: 0, Avg: 178.8, Max: 523, Diff: 523, Sum: 715, Workers: 4
[1498.948s][debug][gc,phases      ] GC(189)   ObjectSynchronizer Weak        Min:  0.0, Avg:  0.0, Max:  0.0, Diff:  0.0, Sum:  0.0, Workers: 4
[1498.948s][debug][gc,phases      ] GC(189)     Dead                           Min: 0, Avg:  0.0, Max: 0, Diff: 0, Sum: 0, Workers: 4
[1498.948s][debug][gc,phases      ] GC(189)     Total                          Min: 0, Avg: 103.2, Max: 221, Diff: 221, Sum: 413, Workers: 4
[1498.948s][debug][gc,phases      ] GC(189)   JVMTI Tag Weak OopStorage      Min:  0.0, Avg:  0.0, Max:  0.0, Diff:  0.0, Sum:  0.0, Workers: 4
[1498.948s][debug][gc,phases      ] GC(189)     Dead                           Min: 0, Avg:  0.0, Max: 0, Diff: 0, Sum: 0, Workers: 4
[1498.948s][debug][gc,phases      ] GC(189)     Total                          Min: 0, Avg:  0.0, Max: 0, Diff: 0, Sum: 0, Workers: 4
[1498.948s][debug][gc,phases      ] GC(189)   StringTable Weak               Min:  0.1, Avg:  0.1, Max:  0.1, Diff:  0.0, Sum:  0.4, Workers: 4
[1498.948s][debug][gc,phases      ] GC(189)     Dead                           Min: 0, Avg:  0.0, Max: 0, Diff: 0, Sum: 0, Workers: 4
[1498.948s][debug][gc,phases      ] GC(189)     Total                          Min: 11200, Avg: 12062.0, Max: 12800, Diff: 1600, Sum: 48248, Workers: 4
[1498.948s][debug][gc,phases      ] GC(189)   ResolvedMethodTable Weak       Min:  0.0, Avg:  0.0, Max:  0.0, Diff:  0.0, Sum:  0.1, Workers: 4
[1498.948s][debug][gc,phases      ] GC(189)     Dead                           Min: 0, Avg:  0.0, Max: 0, Diff: 0, Sum: 0, Workers: 4
[1498.948s][debug][gc,phases      ] GC(189)     Total                          Min: 1920, Avg: 2150.8, Max: 2432, Diff: 512, Sum: 8603, Workers: 4
[1498.948s][debug][gc,phases      ] GC(189)   JNI Weak                       Min:  0.0, Avg:  0.0, Max:  0.0, Diff:  0.0, Sum:  0.0, Workers: 4
[1498.948s][debug][gc,phases      ] GC(189)     Dead                           Min: 0, Avg:  0.0, Max: 0, Diff: 0, Sum: 0, Workers: 4
[1498.948s][debug][gc,phases      ] GC(189)     Total                          Min: 0, Avg:  0.0, Max: 0, Diff: 0, Sum: 0, Workers: 4
[1498.948s][debug][gc,phases      ] GC(189)   StringDedup Table Weak         Min:  0.0, Avg:  0.0, Max:  0.0, Diff:  0.0, Sum:  0.0, Workers: 4
[1498.948s][debug][gc,phases      ] GC(189)     Dead                           Min: 0, Avg:  0.0, Max: 0, Diff: 0, Sum: 0, Workers: 4
[1498.948s][debug][gc,phases      ] GC(189)     Total                          Min: 0, Avg:  0.0, Max: 0, Diff: 0, Sum: 0, Workers: 4
[1498.948s][debug][gc,phases      ] GC(189)   StringDedup Requests0 Weak     Min:  0.0, Avg:  0.0, Max:  0.0, Diff:  0.0, Sum:  0.0, Workers: 4
[1498.948s][debug][gc,phases      ] GC(189)     Dead                           Min: 0, Avg:  0.0, Max: 0, Diff: 0, Sum: 0, Workers: 4
[1498.948s][debug][gc,phases      ] GC(189)     Total                          Min: 0, Avg:  0.0, Max: 0, Diff: 0, Sum: 0, Workers: 4
[1498.948s][debug][gc,phases      ] GC(189)   StringDedup Requests1 Weak     Min:  0.0, Avg:  0.0, Max:  0.0, Diff:  0.0, Sum:  0.0, Workers: 4
[1498.948s][debug][gc,phases      ] GC(189)     Dead                           Min: 0, Avg:  0.0, Max: 0, Diff: 0, Sum: 0, Workers: 4
[1498.948s][debug][gc,phases      ] GC(189)     Total                          Min: 0, Avg:  0.0, Max: 0, Diff: 0, Sum: 0, Workers: 4
[1498.948s][debug][gc,phases      ] GC(189)   Weak JFR Old Object Samples    Min:  0.0, Avg:  0.0, Max:  0.0, Diff:  0.0, Sum:  0.0, Workers: 4
[1498.948s][debug][gc,phases      ] GC(189)     Dead                           Min: 0, Avg:  0.0, Max: 0, Diff: 0, Sum: 0, Workers: 4
[1498.948s][debug][gc,phases      ] GC(189)     Total                          Min: 0, Avg:  0.0, Max: 0, Diff: 0, Sum: 0, Workers: 4
[1498.948s][debug][gc,phases      ] GC(189) Weak Processing 0.319ms
[1498.948s][debug][gc,age         ] GC(189) Desired survivor size 186122240 bytes, new threshold 15 (max threshold 15)
[1498.948s][info ][gc,heap        ] GC(189) PSYoungGen: 1842288K(1911296K)->132736K(1906176K) Eden: 1720320K(1720320K)->0K(1720320K) From: 121968K(190976K)->132736K(185856K)
[1498.948s][info ][gc,heap        ] GC(189) ParOldGen: 732190K(890880K)->736785K(890880K)
[1498.948s][info ][gc,metaspace   ] GC(189) Metaspace: 84494K(85376K)->84494K(85376K) NonClass: 72735K(73216K)->72735K(73216K) Class: 11758K(12160K)->11758K(12160K)
[1498.948s][info ][gc             ] GC(189) Pause Young (Allocation Failure) 2514M->849M(2731M) 34.563ms
[1498.948s][info ][gc,cpu         ] GC(189) User=0.12s Sys=0.01s Real=0.04s
[1498.948s][info ][safepoint      ] Safepoint "ParallelGCFailedAllocation", Time since last: 170516682 ns, Reaching safepoint: 48503 ns, At safepoint: 34640348 ns, Total: 34688851 ns
[1499.949s][info ][safepoint      ] Safepoint "Cleanup", Time since last: 1000079832 ns, Reaching safepoint: 150109 ns, At safepoint: 9000 ns, Total: 159109 ns
[1500.308s][info ][gc,start       ] GC(190) Pause Young (Allocation Failure)
[1500.343s][debug][gc,phases      ] GC(190) Scavenge 34.892ms
[1500.343s][debug][gc,ref         ] GC(190) Skipped phase 1 of Reference Processing: no references
[1500.343s][debug][gc,ref         ] GC(190) ReferenceProcessor::execute queues: 1, RefProcThreadModel::Single, marks_oops_alive: false
[1500.343s][debug][gc,ref         ] GC(190) Skipped phase 3 of Reference Processing: no references
[1500.343s][debug][gc,ref         ] GC(190) ReferenceProcessor::execute queues: 1, RefProcThreadModel::Single, marks_oops_alive: false
[1500.343s][debug][gc,phases      ] GC(190) Reference Processing 0.144ms
[1500.344s][debug][gc,phases      ] GC(190)   VM Weak                        Min:  0.0, Avg:  0.0, Max:  0.0, Diff:  0.0, Sum:  0.0, Workers: 4
[1500.344s][debug][gc,phases      ] GC(190)     Dead                           Min: 0, Avg:  0.0, Max: 0, Diff: 0, Sum: 0, Workers: 4
[1500.344s][debug][gc,phases      ] GC(190)     Total                          Min: 0, Avg: 181.0, Max: 660, Diff: 660, Sum: 724, Workers: 4
[1500.344s][debug][gc,phases      ] GC(190)   ObjectSynchronizer Weak        Min:  0.0, Avg:  0.0, Max:  0.0, Diff:  0.0, Sum:  0.0, Workers: 4
[1500.344s][debug][gc,phases      ] GC(190)     Dead                           Min: 0, Avg:  0.0, Max: 0, Diff: 0, Sum: 0, Workers: 4
[1500.344s][debug][gc,phases      ] GC(190)     Total                          Min: 0, Avg: 103.2, Max: 221, Diff: 221, Sum: 413, Workers: 4
[1500.344s][debug][gc,phases      ] GC(190)   JVMTI Tag Weak OopStorage      Min:  0.0, Avg:  0.0, Max:  0.0, Diff:  0.0, Sum:  0.0, Workers: 4
[1500.344s][debug][gc,phases      ] GC(190)     Dead                           Min: 0, Avg:  0.0, Max: 0, Diff: 0, Sum: 0, Workers: 4
[1500.344s][debug][gc,phases      ] GC(190)     Total                          Min: 0, Avg:  0.0, Max: 0, Diff: 0, Sum: 0, Workers: 4
[1500.344s][debug][gc,phases      ] GC(190)   StringTable Weak               Min:  0.1, Avg:  0.1, Max:  0.1, Diff:  0.0, Sum:  0.4, Workers: 4
[1500.344s][debug][gc,phases      ] GC(190)     Dead                           Min: 0, Avg:  0.2, Max: 1, Diff: 1, Sum: 1, Workers: 4
[1500.344s][debug][gc,phases      ] GC(190)     Total                          Min: 10692, Avg: 12065.0, Max: 13760, Diff: 3068, Sum: 48260, Workers: 4
[1500.344s][debug][gc,phases      ] GC(190)   ResolvedMethodTable Weak       Min:  0.0, Avg:  0.0, Max:  0.0, Diff:  0.0, Sum:  0.1, Workers: 4
[1500.344s][debug][gc,phases      ] GC(190)     Dead                           Min: 0, Avg:  0.0, Max: 0, Diff: 0, Sum: 0, Workers: 4
[1500.344s][debug][gc,phases      ] GC(190)     Total                          Min: 1856, Avg: 2161.8, Max: 2375, Diff: 519, Sum: 8647, Workers: 4
[1500.344s][debug][gc,phases      ] GC(190)   JNI Weak                       Min:  0.0, Avg:  0.0, Max:  0.0, Diff:  0.0, Sum:  0.0, Workers: 4
[1500.344s][debug][gc,phases      ] GC(190)     Dead                           Min: 0, Avg:  0.0, Max: 0, Diff: 0, Sum: 0, Workers: 4
[1500.344s][debug][gc,phases      ] GC(190)     Total                          Min: 0, Avg:  0.0, Max: 0, Diff: 0, Sum: 0, Workers: 4
[1500.344s][debug][gc,phases      ] GC(190)   StringDedup Table Weak         Min:  0.0, Avg:  0.0, Max:  0.0, Diff:  0.0, Sum:  0.0, Workers: 4
[1500.344s][debug][gc,phases      ] GC(190)     Dead                           Min: 0, Avg:  0.0, Max: 0, Diff: 0, Sum: 0, Workers: 4
[1500.344s][debug][gc,phases      ] GC(190)     Total                          Min: 0, Avg:  0.0, Max: 0, Diff: 0, Sum: 0, Workers: 4
[1500.344s][debug][gc,phases      ] GC(190)   StringDedup Requests0 Weak     Min:  0.0, Avg:  0.0, Max:  0.0, Diff:  0.0, Sum:  0.0, Workers: 4
[1500.344s][debug][gc,phases      ] GC(190)     Dead                           Min: 0, Avg:  0.0, Max: 0, Diff: 0, Sum: 0, Workers: 4
[1500.344s][debug][gc,phases      ] GC(190)     Total                          Min: 0, Avg:  0.0, Max: 0, Diff: 0, Sum: 0, Workers: 4
[1500.344s][debug][gc,phases      ] GC(190)   StringDedup Requests1 Weak     Min:  0.0, Avg:  0.0, Max:  0.0, Diff:  0.0, Sum:  0.0, Workers: 4
[1500.344s][debug][gc,phases      ] GC(190)     Dead                           Min: 0, Avg:  0.0, Max: 0, Diff: 0, Sum: 0, Workers: 4
[1500.344s][debug][gc,phases      ] GC(190)     Total                          Min: 0, Avg:  0.0, Max: 0, Diff: 0, Sum: 0, Workers: 4
[1500.344s][debug][gc,phases      ] GC(190)   Weak JFR Old Object Samples    Min:  0.0, Avg:  0.0, Max:  0.0, Diff:  0.0, Sum:  0.0, Workers: 4
[1500.344s][debug][gc,phases      ] GC(190)     Dead                           Min: 0, Avg:  0.0, Max: 0, Diff: 0, Sum: 0, Workers: 4
[1500.344s][debug][gc,phases      ] GC(190)     Total                          Min: 0, Avg:  0.0, Max: 0, Diff: 0, Sum: 0, Workers: 4
[1500.344s][debug][gc,phases      ] GC(190) Weak Processing 0.335ms
[1500.344s][debug][gc,age         ] GC(190) Desired survivor size 184025088 bytes, new threshold 15 (max threshold 15)
[1500.344s][info ][gc,heap        ] GC(190) PSYoungGen: 1853056K(1906176K)->137152K(1917440K) Eden: 1720320K(1720320K)->0K(1735680K) From: 132736K(185856K)->137152K(181760K)
[1500.344s][info ][gc,heap        ] GC(190) ParOldGen: 736785K(890880K)->740795K(890880K)
[1500.344s][info ][gc,metaspace   ] GC(190) Metaspace: 84542K(85440K)->84542K(85440K) NonClass: 72771K(73280K)->72771K(73280K) Class: 11771K(12160K)->11771K(12160K)
[1500.344s][info ][gc             ] GC(190) Pause Young (Allocation Failure) 2529M->857M(2742M) 35.517ms
[1500.344s][info ][gc,cpu         ] GC(190) User=0.13s Sys=0.01s Real=0.04s
[1500.344s][info ][safepoint      ] Safepoint "ParallelGCFailedAllocation", Time since last: 359647865 ns, Reaching safepoint: 46903 ns, At safepoint: 35607705 ns, Total: 35654608 ns
[1501.344s][info ][safepoint      ] Safepoint "Cleanup", Time since last: 1000090433 ns, Reaching safepoint: 126107 ns, At safepoint: 17701 ns, Total: 143808 ns
[1501.781s][info ][gc,start       ] GC(191) Pause Young (Allocation Failure)
[1501.817s][debug][gc,phases      ] GC(191) Scavenge 35.194ms
[1501.817s][debug][gc,ref         ] GC(191) Skipped phase 1 of Reference Processing: no references
[1501.817s][debug][gc,ref         ] GC(191) ReferenceProcessor::execute queues: 1, RefProcThreadModel::Single, marks_oops_alive: false
[1501.817s][debug][gc,ref         ] GC(191) Skipped phase 3 of Reference Processing: no references
[1501.817s][debug][gc,ref         ] GC(191) ReferenceProcessor::execute queues: 1, RefProcThreadModel::Single, marks_oops_alive: false
[1501.817s][debug][gc,phases      ] GC(191) Reference Processing 0.134ms
[1501.817s][debug][gc,phases      ] GC(191)   VM Weak                        Min:  0.0, Avg:  0.0, Max:  0.0, Diff:  0.0, Sum:  0.0, Workers: 4
[1501.817s][debug][gc,phases      ] GC(191)     Dead                           Min: 0, Avg:  0.0, Max: 0, Diff: 0, Sum: 0, Workers: 4
[1501.817s][debug][gc,phases      ] GC(191)     Total                          Min: 0, Avg: 181.0, Max: 724, Diff: 724, Sum: 724, Workers: 4
[1501.817s][debug][gc,phases      ] GC(191)   ObjectSynchronizer Weak        Min:  0.0, Avg:  0.0, Max:  0.0, Diff:  0.0, Sum:  0.0, Workers: 4
[1501.817s][debug][gc,phases      ] GC(191)     Dead                           Min: 0, Avg:  0.0, Max: 0, Diff: 0, Sum: 0, Workers: 4
[1501.817s][debug][gc,phases      ] GC(191)     Total                          Min: 0, Avg: 103.2, Max: 157, Diff: 157, Sum: 413, Workers: 4
[1501.817s][debug][gc,phases      ] GC(191)   JVMTI Tag Weak OopStorage      Min:  0.0, Avg:  0.0, Max:  0.0, Diff:  0.0, Sum:  0.0, Workers: 4
[1501.817s][debug][gc,phases      ] GC(191)     Dead                           Min: 0, Avg:  0.0, Max: 0, Diff: 0, Sum: 0, Workers: 4
[1501.817s][debug][gc,phases      ] GC(191)     Total                          Min: 0, Avg:  0.0, Max: 0, Diff: 0, Sum: 0, Workers: 4
[1501.817s][debug][gc,phases      ] GC(191)   StringTable Weak               Min:  0.1, Avg:  0.1, Max:  0.1, Diff:  0.0, Sum:  0.4, Workers: 4
[1501.817s][debug][gc,phases      ] GC(191)     Dead                           Min: 0, Avg:  0.0, Max: 0, Diff: 0, Sum: 0, Workers: 4
[1501.817s][debug][gc,phases      ] GC(191)     Total                          Min: 11584, Avg: 12071.2, Max: 12544, Diff: 960, Sum: 48285, Workers: 4
[1501.817s][debug][gc,phases      ] GC(191)   ResolvedMethodTable Weak       Min:  0.0, Avg:  0.0, Max:  0.0, Diff:  0.0, Sum:  0.1, Workers: 4
[1501.817s][debug][gc,phases      ] GC(191)     Dead                           Min: 0, Avg:  0.0, Max: 0, Diff: 0, Sum: 0, Workers: 4
[1501.817s][debug][gc,phases      ] GC(191)     Total                          Min: 1993, Avg: 2162.2, Max: 2304, Diff: 311, Sum: 8649, Workers: 4
[1501.817s][debug][gc,phases      ] GC(191)   JNI Weak                       Min:  0.0, Avg:  0.0, Max:  0.0, Diff:  0.0, Sum:  0.0, Workers: 4
[1501.817s][debug][gc,phases      ] GC(191)     Dead                           Min: 0, Avg:  0.0, Max: 0, Diff: 0, Sum: 0, Workers: 4
[1501.817s][debug][gc,phases      ] GC(191)     Total                          Min: 0, Avg:  0.0, Max: 0, Diff: 0, Sum: 0, Workers: 4
[1501.817s][debug][gc,phases      ] GC(191)   StringDedup Table Weak         Min:  0.0, Avg:  0.0, Max:  0.0, Diff:  0.0, Sum:  0.0, Workers: 4
[1501.817s][debug][gc,phases      ] GC(191)     Dead                           Min: 0, Avg:  0.0, Max: 0, Diff: 0, Sum: 0, Workers: 4
[1501.817s][debug][gc,phases      ] GC(191)     Total                          Min: 0, Avg:  0.0, Max: 0, Diff: 0, Sum: 0, Workers: 4
[1501.817s][debug][gc,phases      ] GC(191)   StringDedup Requests0 Weak     Min:  0.0, Avg:  0.0, Max:  0.0, Diff:  0.0, Sum:  0.0, Workers: 4
[1501.817s][debug][gc,phases      ] GC(191)     Dead                           Min: 0, Avg:  0.0, Max: 0, Diff: 0, Sum: 0, Workers: 4
[1501.817s][debug][gc,phases      ] GC(191)     Total                          Min: 0, Avg:  0.0, Max: 0, Diff: 0, Sum: 0, Workers: 4
[1501.817s][debug][gc,phases      ] GC(191)   StringDedup Requests1 Weak     Min:  0.0, Avg:  0.0, Max:  0.0, Diff:  0.0, Sum:  0.0, Workers: 4
[1501.817s][debug][gc,phases      ] GC(191)     Dead                           Min: 0, Avg:  0.0, Max: 0, Diff: 0, Sum: 0, Workers: 4
[1501.817s][debug][gc,phases      ] GC(191)     Total                          Min: 0, Avg:  0.0, Max: 0, Diff: 0, Sum: 0, Workers: 4
[1501.817s][debug][gc,phases      ] GC(191)   Weak JFR Old Object Samples    Min:  0.0, Avg:  0.0, Max:  0.0, Diff:  0.0, Sum:  0.0, Workers: 4
[1501.817s][debug][gc,phases      ] GC(191)     Dead                           Min: 0, Avg:  0.0, Max: 0, Diff: 0, Sum: 0, Workers: 4
[1501.817s][debug][gc,phases      ] GC(191)     Total                          Min: 0, Avg:  0.0, Max: 0, Diff: 0, Sum: 0, Workers: 4
[1501.817s][debug][gc,phases      ] GC(191) Weak Processing 0.316ms
[1501.817s][debug][gc,age         ] GC(191) Desired survivor size 188219392 bytes, new threshold 15 (max threshold 15)
[1501.817s][info ][gc,heap        ] GC(191) PSYoungGen: 1872832K(1917440K)->153616K(1889792K) Eden: 1735680K(1735680K)->0K(1735680K) From: 137152K(181760K)->153616K(154112K)
[1501.817s][info ][gc,heap        ] GC(191) ParOldGen: 740795K(890880K)->742745K(890880K)
[1501.817s][info ][gc,metaspace   ] GC(191) Metaspace: 84552K(85440K)->84552K(85440K) NonClass: 72779K(73280K)->72779K(73280K) Class: 11773K(12160K)->11773K(12160K)
[1501.817s][info ][gc             ] GC(191) Pause Young (Allocation Failure) 2552M->875M(2715M) 35.807ms
[1501.817s][info ][gc,cpu         ] GC(191) User=0.14s Sys=0.00s Real=0.04s
[1501.817s][info ][safepoint      ] Safepoint "ParallelGCFailedAllocation", Time since last: 436352301 ns, Reaching safepoint: 759744 ns, At safepoint: 35920224 ns, Total: 36679968 ns
[1502.817s][info ][safepoint      ] Safepoint "Cleanup", Time since last: 1000092333 ns, Reaching safepoint: 126707 ns, At safepoint: 13701 ns, Total: 140408 ns
[1503.645s][info ][gc,start       ] GC(192) Pause Young (Allocation Failure)
[1503.683s][debug][gc,phases      ] GC(192) Scavenge 38.269ms
[1503.683s][debug][gc,ref         ] GC(192) Skipped phase 1 of Reference Processing: no references
[1503.684s][debug][gc,ref         ] GC(192) ReferenceProcessor::execute queues: 1, RefProcThreadModel::Single, marks_oops_alive: false
[1503.684s][debug][gc,ref         ] GC(192) Skipped phase 3 of Reference Processing: no references
[1503.684s][debug][gc,ref         ] GC(192) ReferenceProcessor::execute queues: 1, RefProcThreadModel::Single, marks_oops_alive: false
[1503.684s][debug][gc,phases      ] GC(192) Reference Processing 0.163ms
[1503.684s][debug][gc,phases      ] GC(192)   VM Weak                        Min:  0.0, Avg:  0.0, Max:  0.0, Diff:  0.0, Sum:  0.0, Workers: 4
[1503.684s][debug][gc,phases      ] GC(192)     Dead                           Min: 0, Avg:  0.0, Max: 0, Diff: 0, Sum: 0, Workers: 4
[1503.684s][debug][gc,phases      ] GC(192)     Total                          Min: 0, Avg: 181.0, Max: 724, Diff: 724, Sum: 724, Workers: 4
[1503.684s][debug][gc,phases      ] GC(192)   ObjectSynchronizer Weak        Min:  0.0, Avg:  0.0, Max:  0.0, Diff:  0.0, Sum:  0.0, Workers: 4
[1503.684s][debug][gc,phases      ] GC(192)     Dead                           Min: 0, Avg:  0.0, Max: 0, Diff: 0, Sum: 0, Workers: 4
[1503.684s][debug][gc,phases      ] GC(192)     Total                          Min: 0, Avg: 103.2, Max: 221, Diff: 221, Sum: 413, Workers: 4
[1503.684s][debug][gc,phases      ] GC(192)   JVMTI Tag Weak OopStorage      Min:  0.0, Avg:  0.0, Max:  0.0, Diff:  0.0, Sum:  0.0, Workers: 4
[1503.684s][debug][gc,phases      ] GC(192)     Dead                           Min: 0, Avg:  0.0, Max: 0, Diff: 0, Sum: 0, Workers: 4
[1503.684s][debug][gc,phases      ] GC(192)     Total                          Min: 0, Avg:  0.0, Max: 0, Diff: 0, Sum: 0, Workers: 4
[1503.684s][debug][gc,phases      ] GC(192)   StringTable Weak               Min:  0.1, Avg:  0.1, Max:  0.1, Diff:  0.0, Sum:  0.5, Workers: 4
[1503.684s][debug][gc,phases      ] GC(192)     Dead                           Min: 0, Avg:  0.0, Max: 0, Diff: 0, Sum: 0, Workers: 4
[1503.684s][debug][gc,phases      ] GC(192)     Total                          Min: 11072, Avg: 12073.2, Max: 13824, Diff: 2752, Sum: 48293, Workers: 4
[1503.684s][debug][gc,phases      ] GC(192)   ResolvedMethodTable Weak       Min:  0.0, Avg:  0.0, Max:  0.0, Diff:  0.0, Sum:  0.1, Workers: 4
[1503.684s][debug][gc,phases      ] GC(192)     Dead                           Min: 0, Avg:  0.0, Max: 0, Diff: 0, Sum: 0, Workers: 4
[1503.684s][debug][gc,phases      ] GC(192)     Total                          Min: 1856, Avg: 2163.8, Max: 2383, Diff: 527, Sum: 8655, Workers: 4
[1503.684s][debug][gc,phases      ] GC(192)   JNI Weak                       Min:  0.0, Avg:  0.0, Max:  0.0, Diff:  0.0, Sum:  0.0, Workers: 4
[1503.684s][debug][gc,phases      ] GC(192)     Dead                           Min: 0, Avg:  0.0, Max: 0, Diff: 0, Sum: 0, Workers: 4
[1503.684s][debug][gc,phases      ] GC(192)     Total                          Min: 0, Avg:  0.0, Max: 0, Diff: 0, Sum: 0, Workers: 4
[1503.684s][debug][gc,phases      ] GC(192)   StringDedup Table Weak         Min:  0.0, Avg:  0.0, Max:  0.0, Diff:  0.0, Sum:  0.0, Workers: 4
[1503.684s][debug][gc,phases      ] GC(192)     Dead                           Min: 0, Avg:  0.0, Max: 0, Diff: 0, Sum: 0, Workers: 4
[1503.684s][debug][gc,phases      ] GC(192)     Total                          Min: 0, Avg:  0.0, Max: 0, Diff: 0, Sum: 0, Workers: 4
[1503.684s][debug][gc,phases      ] GC(192)   StringDedup Requests0 Weak     Min:  0.0, Avg:  0.0, Max:  0.0, Diff:  0.0, Sum:  0.0, Workers: 4
[1503.684s][debug][gc,phases      ] GC(192)     Dead                           Min: 0, Avg:  0.0, Max: 0, Diff: 0, Sum: 0, Workers: 4
[1503.684s][debug][gc,phases      ] GC(192)     Total                          Min: 0, Avg:  0.0, Max: 0, Diff: 0, Sum: 0, Workers: 4
[1503.684s][debug][gc,phases      ] GC(192)   StringDedup Requests1 Weak     Min:  0.0, Avg:  0.0, Max:  0.0, Diff:  0.0, Sum:  0.0, Workers: 4
[1503.684s][debug][gc,phases      ] GC(192)     Dead                           Min: 0, Avg:  0.0, Max: 0, Diff: 0, Sum: 0, Workers: 4
[1503.684s][debug][gc,phases      ] GC(192)     Total                          Min: 0, Avg:  0.0, Max: 0, Diff: 0, Sum: 0, Workers: 4
[1503.684s][debug][gc,phases      ] GC(192)   Weak JFR Old Object Samples    Min:  0.0, Avg:  0.0, Max:  0.0, Diff:  0.0, Sum:  0.0, Workers: 4
[1503.684s][debug][gc,phases      ] GC(192)     Dead                           Min: 0, Avg:  0.0, Max: 0, Diff: 0, Sum: 0, Workers: 4
[1503.684s][debug][gc,phases      ] GC(192)     Total                          Min: 0, Avg:  0.0, Max: 0, Diff: 0, Sum: 0, Workers: 4
[1503.684s][debug][gc,phases      ] GC(192) Weak Processing 0.396ms
[1503.684s][debug][gc,age         ] GC(192) Desired survivor size 193462272 bytes, new threshold 15 (max threshold 15)
[1503.684s][info ][gc,heap        ] GC(192) PSYoungGen: 1889296K(1889792K)->160905K(1903104K) Eden: 1735680K(1735680K)->0K(1719296K) From: 153616K(154112K)->160905K(183808K)
[1503.684s][info ][gc,heap        ] GC(192) ParOldGen: 742745K(890880K)->744217K(890880K)
[1503.684s][info ][gc,metaspace   ] GC(192) Metaspace: 84569K(85440K)->84569K(85440K) NonClass: 72794K(73280K)->72794K(73280K) Class: 11774K(12160K)->11774K(12160K)
[1503.684s][info ][gc             ] GC(192) Pause Young (Allocation Failure) 2570M->883M(2728M) 39.000ms
[1503.684s][info ][gc,cpu         ] GC(192) User=0.15s Sys=0.00s Real=0.04s
[1503.684s][info ][safepoint      ] Safepoint "ParallelGCFailedAllocation", Time since last: 827548331 ns, Reaching safepoint: 130707 ns, At safepoint: 39122814 ns, Total: 39253521 ns
[1504.684s][info ][safepoint      ] Safepoint "Cleanup", Time since last: 1000091132 ns, Reaching safepoint: 52503 ns, At safepoint: 8701 ns, Total: 61204 ns
[1506.685s][info ][safepoint      ] Safepoint "Cleanup", Time since last: 2000160663 ns, Reaching safepoint: 122007 ns, At safepoint: 14301 ns, Total: 136308 ns
[1507.685s][info ][safepoint      ] Safepoint "Cleanup", Time since last: 1000104434 ns, Reaching safepoint: 53403 ns, At safepoint: 5700 ns, Total: 59103 ns
[1508.685s][info ][safepoint      ] Safepoint "Cleanup", Time since last: 1000092633 ns, Reaching safepoint: 52203 ns, At safepoint: 5300 ns, Total: 57503 ns
[1509.685s][info ][safepoint      ] Safepoint "Cleanup", Time since last: 1000095933 ns, Reaching safepoint: 30901 ns, At safepoint: 5001 ns, Total: 35902 ns
[1512.210s][info ][gc,start       ] GC(193) Pause Young (Allocation Failure)
[1512.241s][debug][gc,phases      ] GC(193) Scavenge 31.645ms
[1512.241s][debug][gc,ref         ] GC(193) Skipped phase 1 of Reference Processing: no references
[1512.242s][debug][gc,ref         ] GC(193) ReferenceProcessor::execute queues: 1, RefProcThreadModel::Single, marks_oops_alive: false
[1512.242s][debug][gc,ref         ] GC(193) Skipped phase 3 of Reference Processing: no references
[1512.242s][debug][gc,ref         ] GC(193) ReferenceProcessor::execute queues: 1, RefProcThreadModel::Single, marks_oops_alive: false
[1512.242s][debug][gc,phases      ] GC(193) Reference Processing 0.147ms
[1512.242s][debug][gc,phases      ] GC(193)   VM Weak                        Min:  0.0, Avg:  0.0, Max:  0.0, Diff:  0.0, Sum:  0.0, Workers: 4
[1512.242s][debug][gc,phases      ] GC(193)     Dead                           Min: 0, Avg:  0.0, Max: 0, Diff: 0, Sum: 0, Workers: 4
[1512.242s][debug][gc,phases      ] GC(193)     Total                          Min: 0, Avg: 181.0, Max: 384, Diff: 384, Sum: 724, Workers: 4
[1512.242s][debug][gc,phases      ] GC(193)   ObjectSynchronizer Weak        Min:  0.0, Avg:  0.0, Max:  0.0, Diff:  0.0, Sum:  0.0, Workers: 4
[1512.242s][debug][gc,phases      ] GC(193)     Dead                           Min: 0, Avg:  0.0, Max: 0, Diff: 0, Sum: 0, Workers: 4
[1512.242s][debug][gc,phases      ] GC(193)     Total                          Min: 0, Avg: 103.2, Max: 192, Diff: 192, Sum: 413, Workers: 4
[1512.242s][debug][gc,phases      ] GC(193)   JVMTI Tag Weak OopStorage      Min:  0.0, Avg:  0.0, Max:  0.0, Diff:  0.0, Sum:  0.0, Workers: 4
[1512.242s][debug][gc,phases      ] GC(193)     Dead                           Min: 0, Avg:  0.0, Max: 0, Diff: 0, Sum: 0, Workers: 4
[1512.242s][debug][gc,phases      ] GC(193)     Total                          Min: 0, Avg:  0.0, Max: 0, Diff: 0, Sum: 0, Workers: 4
[1512.242s][debug][gc,phases      ] GC(193)   StringTable Weak               Min:  0.1, Avg:  0.1, Max:  0.1, Diff:  0.0, Sum:  0.4, Workers: 4
[1512.242s][debug][gc,phases      ] GC(193)     Dead                           Min: 0, Avg:  0.0, Max: 0, Diff: 0, Sum: 0, Workers: 4
[1512.242s][debug][gc,phases      ] GC(193)     Total                          Min: 11008, Avg: 12074.2, Max: 12864, Diff: 1856, Sum: 48297, Workers: 4
[1512.242s][debug][gc,phases      ] GC(193)   ResolvedMethodTable Weak       Min:  0.0, Avg:  0.0, Max:  0.0, Diff:  0.0, Sum:  0.1, Workers: 4
[1512.242s][debug][gc,phases      ] GC(193)     Dead                           Min: 0, Avg:  0.0, Max: 0, Diff: 0, Sum: 0, Workers: 4
[1512.242s][debug][gc,phases      ] GC(193)     Total                          Min: 1792, Avg: 2163.8, Max: 2368, Diff: 576, Sum: 8655, Workers: 4
[1512.242s][debug][gc,phases      ] GC(193)   JNI Weak                       Min:  0.0, Avg:  0.0, Max:  0.0, Diff:  0.0, Sum:  0.0, Workers: 4
[1512.242s][debug][gc,phases      ] GC(193)     Dead                           Min: 0, Avg:  0.0, Max: 0, Diff: 0, Sum: 0, Workers: 4
[1512.242s][debug][gc,phases      ] GC(193)     Total                          Min: 0, Avg:  0.0, Max: 0, Diff: 0, Sum: 0, Workers: 4
[1512.242s][debug][gc,phases      ] GC(193)   StringDedup Table Weak         Min:  0.0, Avg:  0.0, Max:  0.0, Diff:  0.0, Sum:  0.0, Workers: 4
[1512.242s][debug][gc,phases      ] GC(193)     Dead                           Min: 0, Avg:  0.0, Max: 0, Diff: 0, Sum: 0, Workers: 4
[1512.242s][debug][gc,phases      ] GC(193)     Total                          Min: 0, Avg:  0.0, Max: 0, Diff: 0, Sum: 0, Workers: 4
[1512.242s][debug][gc,phases      ] GC(193)   StringDedup Requests0 Weak     Min:  0.0, Avg:  0.0, Max:  0.0, Diff:  0.0, Sum:  0.0, Workers: 4
[1512.242s][debug][gc,phases      ] GC(193)     Dead                           Min: 0, Avg:  0.0, Max: 0, Diff: 0, Sum: 0, Workers: 4
[1512.242s][debug][gc,phases      ] GC(193)     Total                          Min: 0, Avg:  0.0, Max: 0, Diff: 0, Sum: 0, Workers: 4
[1512.242s][debug][gc,phases      ] GC(193)   StringDedup Requests1 Weak     Min:  0.0, Avg:  0.0, Max:  0.0, Diff:  0.0, Sum:  0.0, Workers: 4
[1512.242s][debug][gc,phases      ] GC(193)     Dead                           Min: 0, Avg:  0.0, Max: 0, Diff: 0, Sum: 0, Workers: 4
[1512.242s][debug][gc,phases      ] GC(193)     Total                          Min: 0, Avg:  0.0, Max: 0, Diff: 0, Sum: 0, Workers: 4
[1512.242s][debug][gc,phases      ] GC(193)   Weak JFR Old Object Samples    Min:  0.0, Avg:  0.0, Max:  0.0, Diff:  0.0, Sum:  0.0, Workers: 4
[1512.242s][debug][gc,phases      ] GC(193)     Dead                           Min: 0, Avg:  0.0, Max: 0, Diff: 0, Sum: 0, Workers: 4
[1512.242s][debug][gc,phases      ] GC(193)     Total                          Min: 0, Avg:  0.0, Max: 0, Diff: 0, Sum: 0, Workers: 4
[1512.242s][debug][gc,phases      ] GC(193) Weak Processing 0.324ms
[1512.242s][debug][gc,age         ] GC(193) Desired survivor size 199229440 bytes, new threshold 15 (max threshold 15)
[1512.242s][info ][gc,heap        ] GC(193) PSYoungGen: 1880201K(1903104K)->164112K(1883648K) Eden: 1719296K(1719296K)->0K(1719296K) From: 160905K(183808K)->164112K(164352K)
[1512.242s][info ][gc,heap        ] GC(193) ParOldGen: 744217K(890880K)->744369K(890880K)
[1512.242s][info ][gc,metaspace   ] GC(193) Metaspace: 84584K(85440K)->84584K(85440K) NonClass: 72808K(73280K)->72808K(73280K) Class: 11775K(12160K)->11775K(12160K)
[1512.242s][info ][gc             ] GC(193) Pause Young (Allocation Failure) 2562M->887M(2709M) 32.263ms
[1512.242s][info ][gc,cpu         ] GC(193) User=0.12s Sys=0.00s Real=0.03s
[1512.242s][info ][safepoint      ] Safepoint "ParallelGCFailedAllocation", Time since last: 2524485565 ns, Reaching safepoint: 117507 ns, At safepoint: 32357013 ns, Total: 32474520 ns
[1513.242s][info ][safepoint      ] Safepoint "Cleanup", Time since last: 1000074432 ns, Reaching safepoint: 125407 ns, At safepoint: 10301 ns, Total: 135708 ns
[1515.242s][info ][safepoint      ] Safepoint "Cleanup", Time since last: 2000163464 ns, Reaching safepoint: 66403 ns, At safepoint: 9201 ns, Total: 75604 ns
[1517.243s][info ][safepoint      ] Safepoint "Cleanup", Time since last: 2000165064 ns, Reaching safepoint: 52103 ns, At safepoint: 2800 ns, Total: 54903 ns
[1518.963s][info ][safepoint      ] Safepoint "Cleanup", Time since last: 1720147307 ns, Reaching safepoint: 110607 ns, At safepoint: 14601 ns, Total: 125208 ns
[1519.963s][info ][safepoint      ] Safepoint "Cleanup", Time since last: 1000125234 ns, Reaching safepoint: 191712 ns, At safepoint: 15800 ns, Total: 207512 ns
[1521.964s][info ][safepoint      ] Safepoint "Cleanup", Time since last: 2000195966 ns, Reaching safepoint: 116107 ns, At safepoint: 9401 ns, Total: 125508 ns
[1522.964s][info ][safepoint      ] Safepoint "Cleanup", Time since last: 1000106533 ns, Reaching safepoint: 112607 ns, At safepoint: 9600 ns, Total: 122207 ns
[1523.964s][info ][safepoint      ] Safepoint "Cleanup", Time since last: 1000109634 ns, Reaching safepoint: 122507 ns, At safepoint: 9701 ns, Total: 132208 ns
[1525.964s][info ][safepoint      ] Safepoint "Cleanup", Time since last: 2000155663 ns, Reaching safepoint: 124407 ns, At safepoint: 7301 ns, Total: 131708 ns
[1528.965s][info ][safepoint      ] Safepoint "Cleanup", Time since last: 3000284398 ns, Reaching safepoint: 171210 ns, At safepoint: 9600 ns, Total: 180810 ns
[1531.965s][info ][safepoint      ] Safepoint "Cleanup", Time since last: 3000261597 ns, Reaching safepoint: 117107 ns, At safepoint: 8200 ns, Total: 125307 ns
[1532.965s][info ][safepoint      ] Safepoint "Cleanup", Time since last: 1000112834 ns, Reaching safepoint: 123307 ns, At safepoint: 7201 ns, Total: 130508 ns
[1533.966s][info ][safepoint      ] Safepoint "Cleanup", Time since last: 1000123434 ns, Reaching safepoint: 166110 ns, At safepoint: 10601 ns, Total: 176711 ns
[1534.966s][info ][safepoint      ] Safepoint "Cleanup", Time since last: 1000082831 ns, Reaching safepoint: 76705 ns, At safepoint: 6200 ns, Total: 82905 ns
[1535.966s][info ][safepoint      ] Safepoint "Cleanup", Time since last: 1000110534 ns, Reaching safepoint: 52803 ns, At safepoint: 27002 ns, Total: 79805 ns
[1536.966s][info ][safepoint      ] Safepoint "Cleanup", Time since last: 1000102433 ns, Reaching safepoint: 40002 ns, At safepoint: 3500 ns, Total: 43502 ns
[1538.967s][info ][safepoint      ] Safepoint "Cleanup", Time since last: 2000210467 ns, Reaching safepoint: 54103 ns, At safepoint: 3700 ns, Total: 57803 ns
[1539.967s][info ][safepoint      ] Safepoint "Cleanup", Time since last: 1000149236 ns, Reaching safepoint: 69204 ns, At safepoint: 13501 ns, Total: 82705 ns
[1541.967s][info ][safepoint      ] Safepoint "Cleanup", Time since last: 2000195966 ns, Reaching safepoint: 64504 ns, At safepoint: 9800 ns, Total: 74304 ns
[1542.967s][info ][safepoint      ] Safepoint "Cleanup", Time since last: 1000103433 ns, Reaching safepoint: 53604 ns, At safepoint: 3100 ns, Total: 56704 ns
[1545.968s][info ][safepoint      ] Safepoint "Cleanup", Time since last: 3000255196 ns, Reaching safepoint: 53003 ns, At safepoint: 8301 ns, Total: 61304 ns
[1548.968s][info ][safepoint      ] Safepoint "Cleanup", Time since last: 3000231494 ns, Reaching safepoint: 59204 ns, At safepoint: 6000 ns, Total: 65204 ns
[1549.513s][info ][gc,start       ] GC(194) Pause Young (Allocation Failure)
[1549.550s][debug][gc,phases      ] GC(194) Scavenge 37.023ms
[1549.550s][debug][gc,ref         ] GC(194) Skipped phase 1 of Reference Processing: no references
[1549.550s][debug][gc,ref         ] GC(194) ReferenceProcessor::execute queues: 1, RefProcThreadModel::Single, marks_oops_alive: false
[1549.550s][debug][gc,ref         ] GC(194) Skipped phase 3 of Reference Processing: no references
[1549.550s][debug][gc,ref         ] GC(194) ReferenceProcessor::execute queues: 1, RefProcThreadModel::Single, marks_oops_alive: false
[1549.550s][debug][gc,phases      ] GC(194) Reference Processing 0.137ms
[1549.550s][debug][gc,phases      ] GC(194)   VM Weak                        Min:  0.0, Avg:  0.0, Max:  0.0, Diff:  0.0, Sum:  0.0, Workers: 4
[1549.550s][debug][gc,phases      ] GC(194)     Dead                           Min: 0, Avg:  0.0, Max: 0, Diff: 0, Sum: 0, Workers: 4
[1549.550s][debug][gc,phases      ] GC(194)     Total                          Min: 0, Avg: 181.0, Max: 660, Diff: 660, Sum: 724, Workers: 4
[1549.550s][debug][gc,phases      ] GC(194)   ObjectSynchronizer Weak        Min:  0.0, Avg:  0.0, Max:  0.0, Diff:  0.0, Sum:  0.0, Workers: 4
[1549.550s][debug][gc,phases      ] GC(194)     Dead                           Min: 0, Avg:  0.0, Max: 0, Diff: 0, Sum: 0, Workers: 4
[1549.550s][debug][gc,phases      ] GC(194)     Total                          Min: 0, Avg: 103.2, Max: 256, Diff: 256, Sum: 413, Workers: 4
[1549.550s][debug][gc,phases      ] GC(194)   JVMTI Tag Weak OopStorage      Min:  0.0, Avg:  0.0, Max:  0.0, Diff:  0.0, Sum:  0.0, Workers: 4
[1549.550s][debug][gc,phases      ] GC(194)     Dead                           Min: 0, Avg:  0.0, Max: 0, Diff: 0, Sum: 0, Workers: 4
[1549.550s][debug][gc,phases      ] GC(194)     Total                          Min: 0, Avg:  0.0, Max: 0, Diff: 0, Sum: 0, Workers: 4
[1549.550s][debug][gc,phases      ] GC(194)   StringTable Weak               Min:  0.1, Avg:  0.1, Max:  0.1, Diff:  0.0, Sum:  0.4, Workers: 4
[1549.550s][debug][gc,phases      ] GC(194)     Dead                           Min: 0, Avg:  0.0, Max: 0, Diff: 0, Sum: 0, Workers: 4
[1549.550s][debug][gc,phases      ] GC(194)     Total                          Min: 11072, Avg: 12076.8, Max: 12915, Diff: 1843, Sum: 48307, Workers: 4
[1549.550s][debug][gc,phases      ] GC(194)   ResolvedMethodTable Weak       Min:  0.0, Avg:  0.0, Max:  0.0, Diff:  0.0, Sum:  0.1, Workers: 4
[1549.550s][debug][gc,phases      ] GC(194)     Dead                           Min: 0, Avg:  0.0, Max: 0, Diff: 0, Sum: 0, Workers: 4
[1549.550s][debug][gc,phases      ] GC(194)     Total                          Min: 1920, Avg: 2163.8, Max: 2255, Diff: 335, Sum: 8655, Workers: 4
[1549.550s][debug][gc,phases      ] GC(194)   JNI Weak                       Min:  0.0, Avg:  0.0, Max:  0.0, Diff:  0.0, Sum:  0.0, Workers: 4
[1549.550s][debug][gc,phases      ] GC(194)     Dead                           Min: 0, Avg:  0.0, Max: 0, Diff: 0, Sum: 0, Workers: 4
[1549.550s][debug][gc,phases      ] GC(194)     Total                          Min: 0, Avg:  0.0, Max: 0, Diff: 0, Sum: 0, Workers: 4
[1549.550s][debug][gc,phases      ] GC(194)   StringDedup Table Weak         Min:  0.0, Avg:  0.0, Max:  0.0, Diff:  0.0, Sum:  0.0, Workers: 4
[1549.550s][debug][gc,phases      ] GC(194)     Dead                           Min: 0, Avg:  0.0, Max: 0, Diff: 0, Sum: 0, Workers: 4
[1549.550s][debug][gc,phases      ] GC(194)     Total                          Min: 0, Avg:  0.0, Max: 0, Diff: 0, Sum: 0, Workers: 4
[1549.550s][debug][gc,phases      ] GC(194)   StringDedup Requests0 Weak     Min:  0.0, Avg:  0.0, Max:  0.0, Diff:  0.0, Sum:  0.0, Workers: 4
[1549.550s][debug][gc,phases      ] GC(194)     Dead                           Min: 0, Avg:  0.0, Max: 0, Diff: 0, Sum: 0, Workers: 4
[1549.550s][debug][gc,phases      ] GC(194)     Total                          Min: 0, Avg:  0.0, Max: 0, Diff: 0, Sum: 0, Workers: 4
[1549.550s][debug][gc,phases      ] GC(194)   StringDedup Requests1 Weak     Min:  0.0, Avg:  0.0, Max:  0.0, Diff:  0.0, Sum:  0.0, Workers: 4
[1549.550s][debug][gc,phases      ] GC(194)     Dead                           Min: 0, Avg:  0.0, Max: 0, Diff: 0, Sum: 0, Workers: 4
[1549.550s][debug][gc,phases      ] GC(194)     Total                          Min: 0, Avg:  0.0, Max: 0, Diff: 0, Sum: 0, Workers: 4
[1549.550s][debug][gc,phases      ] GC(194)   Weak JFR Old Object Samples    Min:  0.0, Avg:  0.0, Max:  0.0, Diff:  0.0, Sum:  0.0, Workers: 4
[1549.550s][debug][gc,phases      ] GC(194)     Dead                           Min: 0, Avg:  0.0, Max: 0, Diff: 0, Sum: 0, Workers: 4
[1549.550s][debug][gc,phases      ] GC(194)     Total                          Min: 0, Avg:  0.0, Max: 0, Diff: 0, Sum: 0, Workers: 4
[1549.550s][debug][gc,phases      ] GC(194) Weak Processing 0.336ms
[1549.550s][debug][gc,age         ] GC(194) Desired survivor size 200802304 bytes, new threshold 15 (max threshold 15)
[1549.550s][info ][gc,heap        ] GC(194) PSYoungGen: 1883408K(1883648K)->157408K(1899520K) Eden: 1719296K(1719296K)->0K(1704960K) From: 164112K(164352K)->157408K(194560K)
[1549.550s][info ][gc,heap        ] GC(194) ParOldGen: 744369K(890880K)->755491K(890880K)
[1549.550s][info ][gc,metaspace   ] GC(194) Metaspace: 84590K(85440K)->84590K(85440K) NonClass: 72814K(73280K)->72814K(73280K) Class: 11775K(12160K)->11775K(12160K)
[1549.550s][info ][gc             ] GC(194) Pause Young (Allocation Failure) 2566M->891M(2725M) 37.634ms
[1549.550s][info ][gc,cpu         ] GC(194) User=0.14s Sys=0.00s Real=0.04s
[1549.550s][info ][safepoint      ] Safepoint "ParallelGCFailedAllocation", Time since last: 544743909 ns, Reaching safepoint: 38403 ns, At safepoint: 37727130 ns, Total: 37765533 ns
[1550.550s][info ][safepoint      ] Safepoint "Cleanup", Time since last: 1000089433 ns, Reaching safepoint: 53503 ns, At safepoint: 10500 ns, Total: 64003 ns
[1551.551s][info ][safepoint      ] Safepoint "Cleanup", Time since last: 1000124135 ns, Reaching safepoint: 50303 ns, At safepoint: 3300 ns, Total: 53603 ns
[1558.551s][info ][safepoint      ] Safepoint "Cleanup", Time since last: 7000438715 ns, Reaching safepoint: 51203 ns, At safepoint: 7301 ns, Total: 58504 ns
[1560.551s][info ][safepoint      ] Safepoint "Cleanup", Time since last: 2000168764 ns, Reaching safepoint: 51403 ns, At safepoint: 6800 ns, Total: 58203 ns
[1561.552s][info ][safepoint      ] Safepoint "Cleanup", Time since last: 1000110234 ns, Reaching safepoint: 48203 ns, At safepoint: 2700 ns, Total: 50903 ns
[1562.552s][info ][safepoint      ] Safepoint "Cleanup", Time since last: 1000114534 ns, Reaching safepoint: 62003 ns, At safepoint: 12001 ns, Total: 74004 ns
[1567.552s][info ][safepoint      ] Safepoint "Cleanup", Time since last: 5000311954 ns, Reaching safepoint: 54803 ns, At safepoint: 6200 ns, Total: 61003 ns
[1568.552s][info ][safepoint      ] Safepoint "Cleanup", Time since last: 1000103233 ns, Reaching safepoint: 56004 ns, At safepoint: 4000 ns, Total: 60004 ns
[1570.553s][info ][safepoint      ] Safepoint "Cleanup", Time since last: 2000324673 ns, Reaching safepoint: 63104 ns, At safepoint: 8901 ns, Total: 72005 ns
[1571.553s][info ][safepoint      ] Safepoint "Cleanup", Time since last: 1000108933 ns, Reaching safepoint: 53503 ns, At safepoint: 7801 ns, Total: 61304 ns
[1572.553s][info ][safepoint      ] Safepoint "Cleanup", Time since last: 1000105633 ns, Reaching safepoint: 49003 ns, At safepoint: 3100 ns, Total: 52103 ns
[1574.553s][info ][safepoint      ] Safepoint "Cleanup", Time since last: 2000161864 ns, Reaching safepoint: 31502 ns, At safepoint: 3100 ns, Total: 34602 ns
[1575.553s][info ][safepoint      ] Safepoint "Cleanup", Time since last: 1000114634 ns, Reaching safepoint: 63303 ns, At safepoint: 6501 ns, Total: 69804 ns
[1576.554s][info ][safepoint      ] Safepoint "Cleanup", Time since last: 1000110133 ns, Reaching safepoint: 42003 ns, At safepoint: 6600 ns, Total: 48603 ns
[1577.554s][info ][safepoint      ] Safepoint "Cleanup", Time since last: 1000098333 ns, Reaching safepoint: 69904 ns, At safepoint: 5900 ns, Total: 75804 ns
[1579.554s][info ][safepoint      ] Safepoint "Cleanup", Time since last: 2000176065 ns, Reaching safepoint: 56403 ns, At safepoint: 6001 ns, Total: 62404 ns
[1580.554s][info ][safepoint      ] Safepoint "Cleanup", Time since last: 1000111333 ns, Reaching safepoint: 64104 ns, At safepoint: 8601 ns, Total: 72705 ns
[1581.554s][info ][safepoint      ] Safepoint "Cleanup", Time since last: 1000110833 ns, Reaching safepoint: 37902 ns, At safepoint: 3301 ns, Total: 41203 ns
[1584.555s][info ][safepoint      ] Safepoint "Cleanup", Time since last: 3000241095 ns, Reaching safepoint: 59003 ns, At safepoint: 8101 ns, Total: 67104 ns
[1585.555s][info ][safepoint      ] Safepoint "Cleanup", Time since last: 1000089532 ns, Reaching safepoint: 52503 ns, At safepoint: 4601 ns, Total: 57104 ns
[1587.555s][info ][safepoint      ] Safepoint "Cleanup", Time since last: 2000171964 ns, Reaching safepoint: 62904 ns, At safepoint: 9200 ns, Total: 72104 ns
[1588.555s][info ][safepoint      ] Safepoint "Cleanup", Time since last: 1000111934 ns, Reaching safepoint: 46403 ns, At safepoint: 3100 ns, Total: 49503 ns
[1589.555s][info ][safepoint      ] Safepoint "Cleanup", Time since last: 1000109733 ns, Reaching safepoint: 62004 ns, At safepoint: 3300 ns, Total: 65304 ns
[1593.556s][info ][safepoint      ] Safepoint "Cleanup", Time since last: 4000307627 ns, Reaching safepoint: 48502 ns, At safepoint: 6801 ns, Total: 55303 ns
[1597.796s][info ][gc,start       ] GC(195) Pause Young (Allocation Failure)
[1597.828s][debug][gc,phases      ] GC(195) Scavenge 31.445ms
[1597.828s][debug][gc,ref         ] GC(195) Skipped phase 1 of Reference Processing: no references
[1597.828s][debug][gc,ref         ] GC(195) ReferenceProcessor::execute queues: 1, RefProcThreadModel::Single, marks_oops_alive: false
[1597.828s][debug][gc,ref         ] GC(195) Skipped phase 3 of Reference Processing: no references
[1597.828s][debug][gc,ref         ] GC(195) ReferenceProcessor::execute queues: 1, RefProcThreadModel::Single, marks_oops_alive: false
[1597.828s][debug][gc,phases      ] GC(195) Reference Processing 0.143ms
[1597.828s][debug][gc,phases      ] GC(195)   VM Weak                        Min:  0.0, Avg:  0.0, Max:  0.0, Diff:  0.0, Sum:  0.0, Workers: 4
[1597.828s][debug][gc,phases      ] GC(195)     Dead                           Min: 0, Avg:  0.0, Max: 0, Diff: 0, Sum: 0, Workers: 4
[1597.828s][debug][gc,phases      ] GC(195)     Total                          Min: 0, Avg: 181.0, Max: 724, Diff: 724, Sum: 724, Workers: 4
[1597.828s][debug][gc,phases      ] GC(195)   ObjectSynchronizer Weak        Min:  0.0, Avg:  0.0, Max:  0.0, Diff:  0.0, Sum:  0.0, Workers: 4
[1597.828s][debug][gc,phases      ] GC(195)     Dead                           Min: 0, Avg:  0.0, Max: 0, Diff: 0, Sum: 0, Workers: 4
[1597.828s][debug][gc,phases      ] GC(195)     Total                          Min: 0, Avg: 103.2, Max: 349, Diff: 349, Sum: 413, Workers: 4
[1597.828s][debug][gc,phases      ] GC(195)   JVMTI Tag Weak OopStorage      Min:  0.0, Avg:  0.0, Max:  0.0, Diff:  0.0, Sum:  0.0, Workers: 4
[1597.828s][debug][gc,phases      ] GC(195)     Dead                           Min: 0, Avg:  0.0, Max: 0, Diff: 0, Sum: 0, Workers: 4
[1597.828s][debug][gc,phases      ] GC(195)     Total                          Min: 0, Avg:  0.0, Max: 0, Diff: 0, Sum: 0, Workers: 4
[1597.828s][debug][gc,phases      ] GC(195)   StringTable Weak               Min:  0.1, Avg:  0.1, Max:  0.1, Diff:  0.0, Sum:  0.4, Workers: 4
[1597.828s][debug][gc,phases      ] GC(195)     Dead                           Min: 0, Avg:  0.0, Max: 0, Diff: 0, Sum: 0, Workers: 4
[1597.828s][debug][gc,phases      ] GC(195)     Total                          Min: 11712, Avg: 12077.0, Max: 12544, Diff: 832, Sum: 48308, Workers: 4
[1597.828s][debug][gc,phases      ] GC(195)   ResolvedMethodTable Weak       Min:  0.0, Avg:  0.0, Max:  0.0, Diff:  0.0, Sum:  0.1, Workers: 4
[1597.828s][debug][gc,phases      ] GC(195)     Dead                           Min: 0, Avg:  0.0, Max: 0, Diff: 0, Sum: 0, Workers: 4
[1597.828s][debug][gc,phases      ] GC(195)     Total                          Min: 1999, Avg: 2163.8, Max: 2304, Diff: 305, Sum: 8655, Workers: 4
[1597.828s][debug][gc,phases      ] GC(195)   JNI Weak                       Min:  0.0, Avg:  0.0, Max:  0.0, Diff:  0.0, Sum:  0.0, Workers: 4
[1597.828s][debug][gc,phases      ] GC(195)     Dead                           Min: 0, Avg:  0.0, Max: 0, Diff: 0, Sum: 0, Workers: 4
[1597.828s][debug][gc,phases      ] GC(195)     Total                          Min: 0, Avg:  0.0, Max: 0, Diff: 0, Sum: 0, Workers: 4
[1597.828s][debug][gc,phases      ] GC(195)   StringDedup Table Weak         Min:  0.0, Avg:  0.0, Max:  0.0, Diff:  0.0, Sum:  0.0, Workers: 4
[1597.828s][debug][gc,phases      ] GC(195)     Dead                           Min: 0, Avg:  0.0, Max: 0, Diff: 0, Sum: 0, Workers: 4
[1597.828s][debug][gc,phases      ] GC(195)     Total                          Min: 0, Avg:  0.0, Max: 0, Diff: 0, Sum: 0, Workers: 4
[1597.828s][debug][gc,phases      ] GC(195)   StringDedup Requests0 Weak     Min:  0.0, Avg:  0.0, Max:  0.0, Diff:  0.0, Sum:  0.0, Workers: 4
[1597.828s][debug][gc,phases      ] GC(195)     Dead                           Min: 0, Avg:  0.0, Max: 0, Diff: 0, Sum: 0, Workers: 4
[1597.828s][debug][gc,phases      ] GC(195)     Total                          Min: 0, Avg:  0.0, Max: 0, Diff: 0, Sum: 0, Workers: 4
[1597.828s][debug][gc,phases      ] GC(195)   StringDedup Requests1 Weak     Min:  0.0, Avg:  0.0, Max:  0.0, Diff:  0.0, Sum:  0.0, Workers: 4
[1597.828s][debug][gc,phases      ] GC(195)     Dead                           Min: 0, Avg:  0.0, Max: 0, Diff: 0, Sum: 0, Workers: 4
[1597.828s][debug][gc,phases      ] GC(195)     Total                          Min: 0, Avg:  0.0, Max: 0, Diff: 0, Sum: 0, Workers: 4
[1597.828s][debug][gc,phases      ] GC(195)   Weak JFR Old Object Samples    Min:  0.0, Avg:  0.0, Max:  0.0, Diff:  0.0, Sum:  0.0, Workers: 4
[1597.828s][debug][gc,phases      ] GC(195)     Dead                           Min: 0, Avg:  0.0, Max: 0, Diff: 0, Sum: 0, Workers: 4
[1597.828s][debug][gc,phases      ] GC(195)     Total                          Min: 0, Avg:  0.0, Max: 0, Diff: 0, Sum: 0, Workers: 4
[1597.828s][debug][gc,phases      ] GC(195) Weak Processing 0.333ms
[1597.828s][debug][gc,age         ] GC(195) Desired survivor size 199753728 bytes, new threshold 15 (max threshold 15)
[1597.828s][info ][gc,heap        ] GC(195) PSYoungGen: 1862368K(1899520K)->152784K(1901056K) Eden: 1704960K(1704960K)->0K(1704960K) From: 157408K(194560K)->152784K(196096K)
[1597.828s][info ][gc,heap        ] GC(195) ParOldGen: 755491K(890880K)->760562K(890880K)
[1597.828s][info ][gc,metaspace   ] GC(195) Metaspace: 84605K(85504K)->84605K(85504K) NonClass: 72829K(73344K)->72829K(73344K) Class: 11775K(12160K)->11775K(12160K)
[1597.828s][info ][gc             ] GC(195) Pause Young (Allocation Failure) 2556M->891M(2726M) 32.057ms
[1597.828s][info ][gc,cpu         ] GC(195) User=0.09s Sys=0.04s Real=0.03s
[1597.828s][info ][safepoint      ] Safepoint "ParallelGCFailedAllocation", Time since last: 4240440825 ns, Reaching safepoint: 33602 ns, At safepoint: 32164901 ns, Total: 32198503 ns
[1650.645s][info ][gc,start       ] GC(196) Pause Young (Allocation Failure)
[1650.676s][debug][gc,phases      ] GC(196) Scavenge 31.301ms
[1650.676s][debug][gc,ref         ] GC(196) Skipped phase 1 of Reference Processing: no references
[1650.676s][debug][gc,ref         ] GC(196) ReferenceProcessor::execute queues: 1, RefProcThreadModel::Single, marks_oops_alive: false
[1650.676s][debug][gc,ref         ] GC(196) Skipped phase 3 of Reference Processing: no references
[1650.676s][debug][gc,ref         ] GC(196) ReferenceProcessor::execute queues: 1, RefProcThreadModel::Single, marks_oops_alive: false
[1650.676s][debug][gc,phases      ] GC(196) Reference Processing 0.142ms
[1650.676s][debug][gc,phases      ] GC(196)   VM Weak                        Min:  0.0, Avg:  0.0, Max:  0.0, Diff:  0.0, Sum:  0.0, Workers: 4
[1650.676s][debug][gc,phases      ] GC(196)     Dead                           Min: 0, Avg:  0.0, Max: 0, Diff: 0, Sum: 0, Workers: 4
[1650.676s][debug][gc,phases      ] GC(196)     Total                          Min: 0, Avg: 181.0, Max: 660, Diff: 660, Sum: 724, Workers: 4
[1650.676s][debug][gc,phases      ] GC(196)   ObjectSynchronizer Weak        Min:  0.0, Avg:  0.0, Max:  0.0, Diff:  0.0, Sum:  0.0, Workers: 4
[1650.676s][debug][gc,phases      ] GC(196)     Dead                           Min: 0, Avg:  0.0, Max: 0, Diff: 0, Sum: 0, Workers: 4
[1650.676s][debug][gc,phases      ] GC(196)     Total                          Min: 0, Avg: 103.2, Max: 221, Diff: 221, Sum: 413, Workers: 4
[1650.676s][debug][gc,phases      ] GC(196)   JVMTI Tag Weak OopStorage      Min:  0.0, Avg:  0.0, Max:  0.0, Diff:  0.0, Sum:  0.0, Workers: 4
[1650.676s][debug][gc,phases      ] GC(196)     Dead                           Min: 0, Avg:  0.0, Max: 0, Diff: 0, Sum: 0, Workers: 4
[1650.676s][debug][gc,phases      ] GC(196)     Total                          Min: 0, Avg:  0.0, Max: 0, Diff: 0, Sum: 0, Workers: 4
[1650.676s][debug][gc,phases      ] GC(196)   StringTable Weak               Min:  0.1, Avg:  0.1, Max:  0.1, Diff:  0.0, Sum:  0.4, Workers: 4
[1650.676s][debug][gc,phases      ] GC(196)     Dead                           Min: 0, Avg:  0.0, Max: 0, Diff: 0, Sum: 0, Workers: 4
[1650.676s][debug][gc,phases      ] GC(196)     Total                          Min: 11776, Avg: 12077.0, Max: 12544, Diff: 768, Sum: 48308, Workers: 4
[1650.676s][debug][gc,phases      ] GC(196)   ResolvedMethodTable Weak       Min:  0.0, Avg:  0.0, Max:  0.0, Diff:  0.0, Sum:  0.1, Workers: 4
[1650.676s][debug][gc,phases      ] GC(196)     Dead                           Min: 0, Avg:  0.0, Max: 0, Diff: 0, Sum: 0, Workers: 4
[1650.676s][debug][gc,phases      ] GC(196)     Total                          Min: 1856, Avg: 2163.8, Max: 2560, Diff: 704, Sum: 8655, Workers: 4
[1650.676s][debug][gc,phases      ] GC(196)   JNI Weak                       Min:  0.0, Avg:  0.0, Max:  0.0, Diff:  0.0, Sum:  0.0, Workers: 4
[1650.676s][debug][gc,phases      ] GC(196)     Dead                           Min: 0, Avg:  0.0, Max: 0, Diff: 0, Sum: 0, Workers: 4
[1650.676s][debug][gc,phases      ] GC(196)     Total                          Min: 0, Avg:  0.0, Max: 0, Diff: 0, Sum: 0, Workers: 4
[1650.676s][debug][gc,phases      ] GC(196)   StringDedup Table Weak         Min:  0.0, Avg:  0.0, Max:  0.0, Diff:  0.0, Sum:  0.0, Workers: 4
[1650.676s][debug][gc,phases      ] GC(196)     Dead                           Min: 0, Avg:  0.0, Max: 0, Diff: 0, Sum: 0, Workers: 4
[1650.677s][debug][gc,phases      ] GC(196)     Total                          Min: 0, Avg:  0.0, Max: 0, Diff: 0, Sum: 0, Workers: 4
[1650.677s][debug][gc,phases      ] GC(196)   StringDedup Requests0 Weak     Min:  0.0, Avg:  0.0, Max:  0.0, Diff:  0.0, Sum:  0.0, Workers: 4
[1650.677s][debug][gc,phases      ] GC(196)     Dead                           Min: 0, Avg:  0.0, Max: 0, Diff: 0, Sum: 0, Workers: 4
[1650.677s][debug][gc,phases      ] GC(196)     Total                          Min: 0, Avg:  0.0, Max: 0, Diff: 0, Sum: 0, Workers: 4
[1650.677s][debug][gc,phases      ] GC(196)   StringDedup Requests1 Weak     Min:  0.0, Avg:  0.0, Max:  0.0, Diff:  0.0, Sum:  0.0, Workers: 4
[1650.677s][debug][gc,phases      ] GC(196)     Dead                           Min: 0, Avg:  0.0, Max: 0, Diff: 0, Sum: 0, Workers: 4
[1650.677s][debug][gc,phases      ] GC(196)     Total                          Min: 0, Avg:  0.0, Max: 0, Diff: 0, Sum: 0, Workers: 4
[1650.677s][debug][gc,phases      ] GC(196)   Weak JFR Old Object Samples    Min:  0.0, Avg:  0.0, Max:  0.0, Diff:  0.0, Sum:  0.0, Workers: 4
[1650.677s][debug][gc,phases      ] GC(196)     Dead                           Min: 0, Avg:  0.0, Max: 0, Diff: 0, Sum: 0, Workers: 4
[1650.677s][debug][gc,phases      ] GC(196)     Total                          Min: 0, Avg:  0.0, Max: 0, Diff: 0, Sum: 0, Workers: 4
[1650.677s][debug][gc,phases      ] GC(196) Weak Processing 0.322ms
[1650.677s][debug][gc,age         ] GC(196) Desired survivor size 196608000 bytes, new threshold 15 (max threshold 15)
[1650.677s][info ][gc,heap        ] GC(196) PSYoungGen: 1857744K(1901056K)->147392K(1905152K) Eden: 1704960K(1704960K)->0K(1710080K) From: 152784K(196096K)->147392K(195072K)
[1650.677s][info ][gc,heap        ] GC(196) ParOldGen: 760562K(890880K)->765040K(890880K)
[1650.677s][info ][gc,metaspace   ] GC(196) Metaspace: 84622K(85504K)->84622K(85504K) NonClass: 72846K(73344K)->72846K(73344K) Class: 11775K(12160K)->11775K(12160K)
[1650.677s][info ][gc             ] GC(196) Pause Young (Allocation Failure) 2556M->891M(2730M) 31.909ms
[1650.677s][info ][gc,cpu         ] GC(196) User=0.12s Sys=0.01s Real=0.03s
[1650.677s][info ][safepoint      ] Safepoint "ParallelGCFailedAllocation", Time since last: 52816263970 ns, Reaching safepoint: 43802 ns, At safepoint: 32002893 ns, Total: 32046695 ns
[1655.677s][info ][safepoint      ] Safepoint "Cleanup", Time since last: 5000404559 ns, Reaching safepoint: 56303 ns, At safepoint: 9001 ns, Total: 65304 ns
[1656.677s][info ][safepoint      ] Safepoint "Cleanup", Time since last: 1000110233 ns, Reaching safepoint: 51303 ns, At safepoint: 3300 ns, Total: 54603 ns
[1657.677s][info ][safepoint      ] Safepoint "Cleanup", Time since last: 1000086933 ns, Reaching safepoint: 75604 ns, At safepoint: 10901 ns, Total: 86505 ns
[1660.678s][info ][safepoint      ] Safepoint "Cleanup", Time since last: 3000240695 ns, Reaching safepoint: 55703 ns, At safepoint: 9801 ns, Total: 65504 ns
[1676.679s][info ][safepoint      ] Safepoint "Cleanup", Time since last: 16001169802 ns, Reaching safepoint: 61203 ns, At safepoint: 5901 ns, Total: 67104 ns
[1677.679s][info ][safepoint      ] Safepoint "Cleanup", Time since last: 1000104633 ns, Reaching safepoint: 45403 ns, At safepoint: 6400 ns, Total: 51803 ns
[1683.680s][info ][safepoint      ] Safepoint "Cleanup", Time since last: 6000433588 ns, Reaching safepoint: 45603 ns, At safepoint: 3500 ns, Total: 49103 ns
[1686.680s][info ][safepoint      ] Safepoint "Cleanup", Time since last: 3000230295 ns, Reaching safepoint: 51303 ns, At safepoint: 8200 ns, Total: 59503 ns
[1689.680s][info ][safepoint      ] Safepoint "Cleanup", Time since last: 3000261397 ns, Reaching safepoint: 51203 ns, At safepoint: 26501 ns, Total: 77704 ns
[1693.681s][info ][safepoint      ] Safepoint "Cleanup", Time since last: 4000286225 ns, Reaching safepoint: 53303 ns, At safepoint: 10001 ns, Total: 63304 ns
[1696.681s][info ][safepoint      ] Safepoint "Cleanup", Time since last: 3000249496 ns, Reaching safepoint: 58203 ns, At safepoint: 3401 ns, Total: 61604 ns
[1699.681s][info ][safepoint      ] Safepoint "Cleanup", Time since last: 3000207793 ns, Reaching safepoint: 71204 ns, At safepoint: 11801 ns, Total: 83005 ns
[1704.962s][info ][gc,start       ] GC(197) Pause Young (Allocation Failure)
[1704.995s][debug][gc,phases      ] GC(197) Scavenge 32.272ms
[1704.995s][debug][gc,ref         ] GC(197) Skipped phase 1 of Reference Processing: no references
[1704.995s][debug][gc,ref         ] GC(197) ReferenceProcessor::execute queues: 1, RefProcThreadModel::Single, marks_oops_alive: false
[1704.995s][debug][gc,ref         ] GC(197) Skipped phase 3 of Reference Processing: no references
[1704.995s][debug][gc,ref         ] GC(197) ReferenceProcessor::execute queues: 1, RefProcThreadModel::Single, marks_oops_alive: false
[1704.995s][debug][gc,phases      ] GC(197) Reference Processing 0.152ms
[1704.995s][debug][gc,phases      ] GC(197)   VM Weak                        Min:  0.0, Avg:  0.0, Max:  0.0, Diff:  0.0, Sum:  0.0, Workers: 4
[1704.995s][debug][gc,phases      ] GC(197)     Dead                           Min: 0, Avg:  0.0, Max: 0, Diff: 0, Sum: 0, Workers: 4
[1704.995s][debug][gc,phases      ] GC(197)     Total                          Min: 0, Avg: 181.0, Max: 532, Diff: 532, Sum: 724, Workers: 4
[1704.995s][debug][gc,phases      ] GC(197)   ObjectSynchronizer Weak        Min:  0.0, Avg:  0.0, Max:  0.0, Diff:  0.0, Sum:  0.0, Workers: 4
[1704.995s][debug][gc,phases      ] GC(197)     Dead                           Min: 0, Avg:  0.0, Max: 0, Diff: 0, Sum: 0, Workers: 4
[1704.995s][debug][gc,phases      ] GC(197)     Total                          Min: 0, Avg: 103.2, Max: 192, Diff: 192, Sum: 413, Workers: 4
[1704.995s][debug][gc,phases      ] GC(197)   JVMTI Tag Weak OopStorage      Min:  0.0, Avg:  0.0, Max:  0.0, Diff:  0.0, Sum:  0.0, Workers: 4
[1704.995s][debug][gc,phases      ] GC(197)     Dead                           Min: 0, Avg:  0.0, Max: 0, Diff: 0, Sum: 0, Workers: 4
[1704.995s][debug][gc,phases      ] GC(197)     Total                          Min: 0, Avg:  0.0, Max: 0, Diff: 0, Sum: 0, Workers: 4
[1704.995s][debug][gc,phases      ] GC(197)   StringTable Weak               Min:  0.1, Avg:  0.1, Max:  0.1, Diff:  0.0, Sum:  0.4, Workers: 4
[1704.995s][debug][gc,phases      ] GC(197)     Dead                           Min: 0, Avg:  0.0, Max: 0, Diff: 0, Sum: 0, Workers: 4
[1704.995s][debug][gc,phases      ] GC(197)     Total                          Min: 11456, Avg: 12078.2, Max: 12665, Diff: 1209, Sum: 48313, Workers: 4
[1704.995s][debug][gc,phases      ] GC(197)   ResolvedMethodTable Weak       Min:  0.0, Avg:  0.0, Max:  0.0, Diff:  0.0, Sum:  0.1, Workers: 4
[1704.995s][debug][gc,phases      ] GC(197)     Dead                           Min: 0, Avg:  0.0, Max: 0, Diff: 0, Sum: 0, Workers: 4
[1704.995s][debug][gc,phases      ] GC(197)     Total                          Min: 2065, Avg: 2164.2, Max: 2304, Diff: 239, Sum: 8657, Workers: 4
[1704.995s][debug][gc,phases      ] GC(197)   JNI Weak                       Min:  0.0, Avg:  0.0, Max:  0.0, Diff:  0.0, Sum:  0.0, Workers: 4
[1704.995s][debug][gc,phases      ] GC(197)     Dead                           Min: 0, Avg:  0.0, Max: 0, Diff: 0, Sum: 0, Workers: 4
[1704.995s][debug][gc,phases      ] GC(197)     Total                          Min: 0, Avg:  0.0, Max: 0, Diff: 0, Sum: 0, Workers: 4
[1704.995s][debug][gc,phases      ] GC(197)   StringDedup Table Weak         Min:  0.0, Avg:  0.0, Max:  0.0, Diff:  0.0, Sum:  0.0, Workers: 4
[1704.995s][debug][gc,phases      ] GC(197)     Dead                           Min: 0, Avg:  0.0, Max: 0, Diff: 0, Sum: 0, Workers: 4
[1704.995s][debug][gc,phases      ] GC(197)     Total                          Min: 0, Avg:  0.0, Max: 0, Diff: 0, Sum: 0, Workers: 4
[1704.995s][debug][gc,phases      ] GC(197)   StringDedup Requests0 Weak     Min:  0.0, Avg:  0.0, Max:  0.0, Diff:  0.0, Sum:  0.0, Workers: 4
[1704.995s][debug][gc,phases      ] GC(197)     Dead                           Min: 0, Avg:  0.0, Max: 0, Diff: 0, Sum: 0, Workers: 4
[1704.995s][debug][gc,phases      ] GC(197)     Total                          Min: 0, Avg:  0.0, Max: 0, Diff: 0, Sum: 0, Workers: 4
[1704.995s][debug][gc,phases      ] GC(197)   StringDedup Requests1 Weak     Min:  0.0, Avg:  0.0, Max:  0.0, Diff:  0.0, Sum:  0.0, Workers: 4
[1704.995s][debug][gc,phases      ] GC(197)     Dead                           Min: 0, Avg:  0.0, Max: 0, Diff: 0, Sum: 0, Workers: 4
[1704.995s][debug][gc,phases      ] GC(197)     Total                          Min: 0, Avg:  0.0, Max: 0, Diff: 0, Sum: 0, Workers: 4
[1704.995s][debug][gc,phases      ] GC(197)   Weak JFR Old Object Samples    Min:  0.0, Avg:  0.0, Max:  0.0, Diff:  0.0, Sum:  0.0, Workers: 4
[1704.995s][debug][gc,phases      ] GC(197)     Dead                           Min: 0, Avg:  0.0, Max: 0, Diff: 0, Sum: 0, Workers: 4
[1704.995s][debug][gc,phases      ] GC(197)     Total                          Min: 0, Avg:  0.0, Max: 0, Diff: 0, Sum: 0, Workers: 4
[1704.995s][debug][gc,phases      ] GC(197) Weak Processing 0.310ms
[1704.995s][debug][gc,age         ] GC(197) Desired survivor size 191889408 bytes, new threshold 15 (max threshold 15)
[1704.995s][info ][gc,heap        ] GC(197) PSYoungGen: 1857472K(1905152K)->142880K(1902080K) Eden: 1710080K(1710080K)->0K(1710080K) From: 147392K(195072K)->142880K(192000K)
[1704.995s][info ][gc,heap        ] GC(197) ParOldGen: 765040K(890880K)->769515K(890880K)
[1704.995s][info ][gc,metaspace   ] GC(197) Metaspace: 84650K(85504K)->84650K(85504K) NonClass: 72872K(73344K)->72872K(73344K) Class: 11777K(12160K)->11777K(12160K)
[1704.995s][info ][gc             ] GC(197) Pause Young (Allocation Failure) 2561M->891M(2727M) 32.902ms
[1704.995s][info ][gc,cpu         ] GC(197) User=0.13s Sys=0.00s Real=0.04s
[1704.995s][info ][safepoint      ] Safepoint "ParallelGCFailedAllocation", Time since last: 5281156259 ns, Reaching safepoint: 53703 ns, At safepoint: 32985151 ns, Total: 33038854 ns
[1705.996s][info ][safepoint      ] Safepoint "Cleanup", Time since last: 1000072931 ns, Reaching safepoint: 64904 ns, At safepoint: 5500 ns, Total: 70404 ns
[1706.996s][info ][safepoint      ] Safepoint "Cleanup", Time since last: 1000142035 ns, Reaching safepoint: 37403 ns, At safepoint: 4600 ns, Total: 42003 ns
[1707.996s][info ][safepoint      ] Safepoint "Cleanup", Time since last: 1000141635 ns, Reaching safepoint: 41803 ns, At safepoint: 3700 ns, Total: 45503 ns
[1708.996s][info ][safepoint      ] Safepoint "Cleanup", Time since last: 1000100833 ns, Reaching safepoint: 57503 ns, At safepoint: 8201 ns, Total: 65704 ns
[1709.996s][info ][safepoint      ] Safepoint "Cleanup", Time since last: 1000095633 ns, Reaching safepoint: 51903 ns, At safepoint: 3600 ns, Total: 55503 ns
[1710.996s][info ][safepoint      ] Safepoint "Cleanup", Time since last: 1000120534 ns, Reaching safepoint: 62204 ns, At safepoint: 8300 ns, Total: 70504 ns
[1713.997s][info ][safepoint      ] Safepoint "Cleanup", Time since last: 3000259697 ns, Reaching safepoint: 53203 ns, At safepoint: 8000 ns, Total: 61203 ns
[1717.997s][info ][safepoint      ] Safepoint "Cleanup", Time since last: 4000302926 ns, Reaching safepoint: 69404 ns, At safepoint: 11701 ns, Total: 81105 ns
[1720.997s][info ][safepoint      ] Safepoint "Cleanup", Time since last: 3000222094 ns, Reaching safepoint: 52704 ns, At safepoint: 24701 ns, Total: 77405 ns
[1729.998s][info ][safepoint      ] Safepoint "Cleanup", Time since last: 9000629081 ns, Reaching safepoint: 52403 ns, At safepoint: 8800 ns, Total: 61203 ns
[1733.999s][info ][safepoint      ] Safepoint "Cleanup", Time since last: 4000304126 ns, Reaching safepoint: 64104 ns, At safepoint: 6900 ns, Total: 71004 ns
[1734.999s][info ][safepoint      ] Safepoint "Cleanup", Time since last: 1000094533 ns, Reaching safepoint: 35502 ns, At safepoint: 2800 ns, Total: 38302 ns
[1740.999s][info ][safepoint      ] Safepoint "Cleanup", Time since last: 6000381985 ns, Reaching safepoint: 50803 ns, At safepoint: 6101 ns, Total: 56904 ns
[1742.999s][info ][safepoint      ] Safepoint "Cleanup", Time since last: 2000153163 ns, Reaching safepoint: 45902 ns, At safepoint: 3201 ns, Total: 49103 ns
[1746.000s][info ][safepoint      ] Safepoint "Cleanup", Time since last: 3000217294 ns, Reaching safepoint: 47302 ns, At safepoint: 3601 ns, Total: 50903 ns
[1747.000s][info ][safepoint      ] Safepoint "Cleanup", Time since last: 1000100733 ns, Reaching safepoint: 42802 ns, At safepoint: 8701 ns, Total: 51503 ns
[1752.000s][info ][safepoint      ] Safepoint "Cleanup", Time since last: 5000315753 ns, Reaching safepoint: 43403 ns, At safepoint: 23401 ns, Total: 66804 ns
[1755.219s][info ][gc,start       ] GC(198) Pause Young (Allocation Failure)
[1755.254s][debug][gc,phases      ] GC(198) Scavenge 35.376ms
[1755.254s][debug][gc,ref         ] GC(198) Skipped phase 1 of Reference Processing: no references
[1755.254s][debug][gc,ref         ] GC(198) ReferenceProcessor::execute queues: 1, RefProcThreadModel::Single, marks_oops_alive: false
[1755.254s][debug][gc,ref         ] GC(198) Skipped phase 3 of Reference Processing: no references
[1755.254s][debug][gc,ref         ] GC(198) ReferenceProcessor::execute queues: 1, RefProcThreadModel::Single, marks_oops_alive: false
[1755.254s][debug][gc,phases      ] GC(198) Reference Processing 0.149ms
[1755.254s][debug][gc,phases      ] GC(198)   VM Weak                        Min:  0.0, Avg:  0.0, Max:  0.0, Diff:  0.0, Sum:  0.0, Workers: 4
[1755.254s][debug][gc,phases      ] GC(198)     Dead                           Min: 0, Avg:  0.0, Max: 0, Diff: 0, Sum: 0, Workers: 4
[1755.254s][debug][gc,phases      ] GC(198)     Total                          Min: 0, Avg: 181.0, Max: 384, Diff: 384, Sum: 724, Workers: 4
[1755.254s][debug][gc,phases      ] GC(198)   ObjectSynchronizer Weak        Min:  0.0, Avg:  0.0, Max:  0.0, Diff:  0.0, Sum:  0.0, Workers: 4
[1755.254s][debug][gc,phases      ] GC(198)     Dead                           Min: 0, Avg:  0.0, Max: 0, Diff: 0, Sum: 0, Workers: 4
[1755.254s][debug][gc,phases      ] GC(198)     Total                          Min: 0, Avg: 103.2, Max: 256, Diff: 256, Sum: 413, Workers: 4
[1755.254s][debug][gc,phases      ] GC(198)   JVMTI Tag Weak OopStorage      Min:  0.0, Avg:  0.0, Max:  0.0, Diff:  0.0, Sum:  0.0, Workers: 4
[1755.254s][debug][gc,phases      ] GC(198)     Dead                           Min: 0, Avg:  0.0, Max: 0, Diff: 0, Sum: 0, Workers: 4
[1755.254s][debug][gc,phases      ] GC(198)     Total                          Min: 0, Avg:  0.0, Max: 0, Diff: 0, Sum: 0, Workers: 4
[1755.255s][debug][gc,phases      ] GC(198)   StringTable Weak               Min:  0.1, Avg:  0.1, Max:  0.1, Diff:  0.0, Sum:  0.4, Workers: 4
[1755.255s][debug][gc,phases      ] GC(198)     Dead                           Min: 0, Avg:  0.0, Max: 0, Diff: 0, Sum: 0, Workers: 4
[1755.255s][debug][gc,phases      ] GC(198)     Total                          Min: 10691, Avg: 12080.8, Max: 12928, Diff: 2237, Sum: 48323, Workers: 4
[1755.255s][debug][gc,phases      ] GC(198)   ResolvedMethodTable Weak       Min:  0.0, Avg:  0.0, Max:  0.0, Diff:  0.0, Sum:  0.1, Workers: 4
[1755.255s][debug][gc,phases      ] GC(198)     Dead                           Min: 0, Avg:  0.0, Max: 0, Diff: 0, Sum: 0, Workers: 4
[1755.255s][debug][gc,phases      ] GC(198)     Total                          Min: 1856, Avg: 2164.2, Max: 2432, Diff: 576, Sum: 8657, Workers: 4
[1755.255s][debug][gc,phases      ] GC(198)   JNI Weak                       Min:  0.0, Avg:  0.0, Max:  0.0, Diff:  0.0, Sum:  0.0, Workers: 4
[1755.255s][debug][gc,phases      ] GC(198)     Dead                           Min: 0, Avg:  0.0, Max: 0, Diff: 0, Sum: 0, Workers: 4
[1755.255s][debug][gc,phases      ] GC(198)     Total                          Min: 0, Avg:  0.2, Max: 1, Diff: 1, Sum: 1, Workers: 4
[1755.255s][debug][gc,phases      ] GC(198)   StringDedup Table Weak         Min:  0.0, Avg:  0.0, Max:  0.0, Diff:  0.0, Sum:  0.0, Workers: 4
[1755.255s][debug][gc,phases      ] GC(198)     Dead                           Min: 0, Avg:  0.0, Max: 0, Diff: 0, Sum: 0, Workers: 4
[1755.255s][debug][gc,phases      ] GC(198)     Total                          Min: 0, Avg:  0.0, Max: 0, Diff: 0, Sum: 0, Workers: 4
[1755.255s][debug][gc,phases      ] GC(198)   StringDedup Requests0 Weak     Min:  0.0, Avg:  0.0, Max:  0.0, Diff:  0.0, Sum:  0.0, Workers: 4
[1755.255s][debug][gc,phases      ] GC(198)     Dead                           Min: 0, Avg:  0.0, Max: 0, Diff: 0, Sum: 0, Workers: 4
[1755.255s][debug][gc,phases      ] GC(198)     Total                          Min: 0, Avg:  0.0, Max: 0, Diff: 0, Sum: 0, Workers: 4
[1755.255s][debug][gc,phases      ] GC(198)   StringDedup Requests1 Weak     Min:  0.0, Avg:  0.0, Max:  0.0, Diff:  0.0, Sum:  0.0, Workers: 4
[1755.255s][debug][gc,phases      ] GC(198)     Dead                           Min: 0, Avg:  0.0, Max: 0, Diff: 0, Sum: 0, Workers: 4
[1755.255s][debug][gc,phases      ] GC(198)     Total                          Min: 0, Avg:  0.0, Max: 0, Diff: 0, Sum: 0, Workers: 4
[1755.255s][debug][gc,phases      ] GC(198)   Weak JFR Old Object Samples    Min:  0.0, Avg:  0.0, Max:  0.0, Diff:  0.0, Sum:  0.0, Workers: 4
[1755.255s][debug][gc,phases      ] GC(198)     Dead                           Min: 0, Avg:  0.0, Max: 0, Diff: 0, Sum: 0, Workers: 4
[1755.255s][debug][gc,phases      ] GC(198)     Total                          Min: 0, Avg:  0.0, Max: 0, Diff: 0, Sum: 0, Workers: 4
[1755.255s][debug][gc,phases      ] GC(198) Weak Processing 0.322ms
[1755.255s][debug][gc,age         ] GC(198) Desired survivor size 189267968 bytes, new threshold 15 (max threshold 15)
[1755.255s][info ][gc,heap        ] GC(198) PSYoungGen: 1852960K(1902080K)->131152K(1912320K) Eden: 1710080K(1710080K)->0K(1724928K) From: 142880K(192000K)->131152K(187392K)
[1755.255s][info ][gc,heap        ] GC(198) ParOldGen: 769515K(890880K)->781140K(890880K)
[1755.255s][info ][gc,metaspace   ] GC(198) Metaspace: 84683K(85568K)->84683K(85568K) NonClass: 72906K(73408K)->72906K(73408K) Class: 11777K(12160K)->11777K(12160K)
[1755.255s][info ][gc             ] GC(198) Pause Young (Allocation Failure) 2561M->890M(2737M) 35.979ms
[1755.255s][info ][gc,cpu         ] GC(198) User=0.12s Sys=0.02s Real=0.03s
[1755.255s][info ][safepoint      ] Safepoint "ParallelGCFailedAllocation", Time since last: 3218512101 ns, Reaching safepoint: 31902 ns, At safepoint: 36060832 ns, Total: 36092734 ns
[1756.255s][info ][safepoint      ] Safepoint "Cleanup", Time since last: 1000083332 ns, Reaching safepoint: 129508 ns, At safepoint: 8701 ns, Total: 138209 ns
[1757.255s][info ][safepoint      ] Safepoint "Cleanup", Time since last: 1000115333 ns, Reaching safepoint: 31802 ns, At safepoint: 3501 ns, Total: 35303 ns
[1772.256s][info ][safepoint      ] Safepoint "Cleanup", Time since last: 15001049067 ns, Reaching safepoint: 51703 ns, At safepoint: 2800 ns, Total: 54503 ns
[1783.257s][info ][safepoint      ] Safepoint "Cleanup", Time since last: 11000756242 ns, Reaching safepoint: 51003 ns, At safepoint: 8001 ns, Total: 59004 ns
[1784.257s][info ][safepoint      ] Safepoint "Cleanup", Time since last: 1000109333 ns, Reaching safepoint: 48003 ns, At safepoint: 6201 ns, Total: 54204 ns
[1788.257s][info ][safepoint      ] Safepoint "Cleanup", Time since last: 4000294825 ns, Reaching safepoint: 47703 ns, At safepoint: 8300 ns, Total: 56003 ns
[1789.258s][info ][safepoint      ] Safepoint "Cleanup", Time since last: 1000112734 ns, Reaching safepoint: 61304 ns, At safepoint: 15001 ns, Total: 76305 ns
[1790.258s][info ][safepoint      ] Safepoint "Cleanup", Time since last: 1000113533 ns, Reaching safepoint: 41903 ns, At safepoint: 4600 ns, Total: 46503 ns
[1791.258s][info ][safepoint      ] Safepoint "Cleanup", Time since last: 1000114934 ns, Reaching safepoint: 45503 ns, At safepoint: 8700 ns, Total: 54203 ns
[1792.258s][info ][safepoint      ] Safepoint "Cleanup", Time since last: 1000102733 ns, Reaching safepoint: 57204 ns, At safepoint: 4800 ns, Total: 62004 ns
[1795.258s][info ][safepoint      ] Safepoint "Cleanup", Time since last: 3000238595 ns, Reaching safepoint: 56804 ns, At safepoint: 5900 ns, Total: 62704 ns
[1796.259s][info ][safepoint      ] Safepoint "Cleanup", Time since last: 1000106733 ns, Reaching safepoint: 52603 ns, At safepoint: 5001 ns, Total: 57604 ns
[1807.266s][info ][gc,start       ] GC(199) Pause Young (Allocation Failure)
[1807.294s][debug][gc,phases      ] GC(199) Scavenge 28.450ms
[1807.294s][debug][gc,ref         ] GC(199) Skipped phase 1 of Reference Processing: no references
[1807.294s][debug][gc,ref         ] GC(199) ReferenceProcessor::execute queues: 1, RefProcThreadModel::Single, marks_oops_alive: false
[1807.294s][debug][gc,ref         ] GC(199) Skipped phase 3 of Reference Processing: no references
[1807.294s][debug][gc,ref         ] GC(199) ReferenceProcessor::execute queues: 1, RefProcThreadModel::Single, marks_oops_alive: false
[1807.294s][debug][gc,phases      ] GC(199) Reference Processing 0.132ms
[1807.295s][debug][gc,phases      ] GC(199)   VM Weak                        Min:  0.0, Avg:  0.0, Max:  0.0, Diff:  0.0, Sum:  0.0, Workers: 4
[1807.295s][debug][gc,phases      ] GC(199)     Dead                           Min: 0, Avg:  0.0, Max: 0, Diff: 0, Sum: 0, Workers: 4
[1807.295s][debug][gc,phases      ] GC(199)     Total                          Min: 0, Avg: 181.0, Max: 724, Diff: 724, Sum: 724, Workers: 4
[1807.295s][debug][gc,phases      ] GC(199)   ObjectSynchronizer Weak        Min:  0.0, Avg:  0.0, Max:  0.0, Diff:  0.0, Sum:  0.0, Workers: 4
[1807.295s][debug][gc,phases      ] GC(199)     Dead                           Min: 0, Avg:  0.0, Max: 0, Diff: 0, Sum: 0, Workers: 4
[1807.295s][debug][gc,phases      ] GC(199)     Total                          Min: 0, Avg: 103.2, Max: 349, Diff: 349, Sum: 413, Workers: 4
[1807.295s][debug][gc,phases      ] GC(199)   JVMTI Tag Weak OopStorage      Min:  0.0, Avg:  0.0, Max:  0.0, Diff:  0.0, Sum:  0.0, Workers: 4
[1807.295s][debug][gc,phases      ] GC(199)     Dead                           Min: 0, Avg:  0.0, Max: 0, Diff: 0, Sum: 0, Workers: 4
[1807.295s][debug][gc,phases      ] GC(199)     Total                          Min: 0, Avg:  0.0, Max: 0, Diff: 0, Sum: 0, Workers: 4
[1807.295s][debug][gc,phases      ] GC(199)   StringTable Weak               Min:  0.1, Avg:  0.1, Max:  0.1, Diff:  0.0, Sum:  0.4, Workers: 4
[1807.295s][debug][gc,phases      ] GC(199)     Dead                           Min: 0, Avg:  0.0, Max: 0, Diff: 0, Sum: 0, Workers: 4
[1807.295s][debug][gc,phases      ] GC(199)     Total                          Min: 10694, Avg: 12081.5, Max: 13120, Diff: 2426, Sum: 48326, Workers: 4
[1807.295s][debug][gc,phases      ] GC(199)   ResolvedMethodTable Weak       Min:  0.0, Avg:  0.0, Max:  0.0, Diff:  0.0, Sum:  0.1, Workers: 4
[1807.295s][debug][gc,phases      ] GC(199)     Dead                           Min: 0, Avg:  0.0, Max: 0, Diff: 0, Sum: 0, Workers: 4
[1807.295s][debug][gc,phases      ] GC(199)     Total                          Min: 2048, Avg: 2164.8, Max: 2240, Diff: 192, Sum: 8659, Workers: 4
[1807.295s][debug][gc,phases      ] GC(199)   JNI Weak                       Min:  0.0, Avg:  0.0, Max:  0.0, Diff:  0.0, Sum:  0.0, Workers: 4
[1807.295s][debug][gc,phases      ] GC(199)     Dead                           Min: 0, Avg:  0.0, Max: 0, Diff: 0, Sum: 0, Workers: 4
[1807.295s][debug][gc,phases      ] GC(199)     Total                          Min: 0, Avg:  0.0, Max: 0, Diff: 0, Sum: 0, Workers: 4
[1807.295s][debug][gc,phases      ] GC(199)   StringDedup Table Weak         Min:  0.0, Avg:  0.0, Max:  0.0, Diff:  0.0, Sum:  0.0, Workers: 4
[1807.295s][debug][gc,phases      ] GC(199)     Dead                           Min: 0, Avg:  0.0, Max: 0, Diff: 0, Sum: 0, Workers: 4
[1807.295s][debug][gc,phases      ] GC(199)     Total                          Min: 0, Avg:  0.0, Max: 0, Diff: 0, Sum: 0, Workers: 4
[1807.295s][debug][gc,phases      ] GC(199)   StringDedup Requests0 Weak     Min:  0.0, Avg:  0.0, Max:  0.0, Diff:  0.0, Sum:  0.0, Workers: 4
[1807.295s][debug][gc,phases      ] GC(199)     Dead                           Min: 0, Avg:  0.0, Max: 0, Diff: 0, Sum: 0, Workers: 4
[1807.295s][debug][gc,phases      ] GC(199)     Total                          Min: 0, Avg:  0.0, Max: 0, Diff: 0, Sum: 0, Workers: 4
[1807.295s][debug][gc,phases      ] GC(199)   StringDedup Requests1 Weak     Min:  0.0, Avg:  0.0, Max:  0.0, Diff:  0.0, Sum:  0.0, Workers: 4
[1807.295s][debug][gc,phases      ] GC(199)     Dead                           Min: 0, Avg:  0.0, Max: 0, Diff: 0, Sum: 0, Workers: 4
[1807.295s][debug][gc,phases      ] GC(199)     Total                          Min: 0, Avg:  0.0, Max: 0, Diff: 0, Sum: 0, Workers: 4
[1807.295s][debug][gc,phases      ] GC(199)   Weak JFR Old Object Samples    Min:  0.0, Avg:  0.0, Max:  0.0, Diff:  0.0, Sum:  0.0, Workers: 4
[1807.295s][debug][gc,phases      ] GC(199)     Dead                           Min: 0, Avg:  0.0, Max: 0, Diff: 0, Sum: 0, Workers: 4
[1807.295s][debug][gc,phases      ] GC(199)     Total                          Min: 0, Avg:  0.0, Max: 0, Diff: 0, Sum: 0, Workers: 4
[1807.295s][debug][gc,phases      ] GC(199) Weak Processing 0.321ms
[1807.295s][debug][gc,age         ] GC(199) Desired survivor size 187695104 bytes, new threshold 15 (max threshold 15)
[1807.295s][info ][gc,heap        ] GC(199) PSYoungGen: 1856080K(1912320K)->124080K(1909760K) Eden: 1724928K(1724928K)->0K(1724928K) From: 131152K(187392K)->124080K(184832K)
[1807.295s][info ][gc,heap        ] GC(199) ParOldGen: 781140K(890880K)->788577K(890880K)
[1807.295s][info ][gc,metaspace   ] GC(199) Metaspace: 84689K(85568K)->84689K(85568K) NonClass: 72911K(73408K)->72911K(73408K) Class: 11778K(12160K)->11778K(12160K)
[1807.295s][info ][gc             ] GC(199) Pause Young (Allocation Failure) 2575M->891M(2735M) 29.044ms
[1807.295s][info ][gc,cpu         ] GC(199) User=0.11s Sys=0.01s Real=0.02s
[1807.295s][info ][safepoint      ] Safepoint "ParallelGCFailedAllocation", Time since last: 11006946708 ns, Reaching safepoint: 71104 ns, At safepoint: 29128522 ns, Total: 29199626 ns
[1808.295s][info ][safepoint      ] Safepoint "Cleanup", Time since last: 1000088933 ns, Reaching safepoint: 41502 ns, At safepoint: 4000 ns, Total: 45502 ns
[1809.295s][info ][safepoint      ] Safepoint "Cleanup", Time since last: 1000103833 ns, Reaching safepoint: 44003 ns, At safepoint: 4200 ns, Total: 48203 ns
[1810.295s][info ][safepoint      ] Safepoint "Cleanup", Time since last: 1000095333 ns, Reaching safepoint: 48303 ns, At safepoint: 2500 ns, Total: 50803 ns
[1812.066s][info ][safepoint      ] Safepoint "Cleanup", Time since last: 1770367176 ns, Reaching safepoint: 158510 ns, At safepoint: 10000 ns, Total: 168510 ns
[1813.420s][info ][safepoint      ] Safepoint "Cleanup", Time since last: 1354410983 ns, Reaching safepoint: 59103 ns, At safepoint: 7601 ns, Total: 66704 ns
[1818.692s][info ][safepoint      ] Safepoint "Cleanup", Time since last: 5271751403 ns, Reaching safepoint: 42502 ns, At safepoint: 4200 ns, Total: 46702 ns
[1831.693s][info ][safepoint      ] Safepoint "Cleanup", Time since last: 13000894805 ns, Reaching safepoint: 51703 ns, At safepoint: 6500 ns, Total: 58203 ns
[1833.693s][info ][safepoint      ] Safepoint "Cleanup", Time since last: 2000159664 ns, Reaching safepoint: 48003 ns, At safepoint: 4200 ns, Total: 52203 ns
[1835.693s][info ][safepoint      ] Safepoint "Cleanup", Time since last: 2000167464 ns, Reaching safepoint: 52003 ns, At safepoint: 3100 ns, Total: 55103 ns
[1837.694s][info ][safepoint      ] Safepoint "Cleanup", Time since last: 2000191865 ns, Reaching safepoint: 46603 ns, At safepoint: 4400 ns, Total: 51003 ns
[1848.694s][info ][safepoint      ] Safepoint "Cleanup", Time since last: 11000687938 ns, Reaching safepoint: 52704 ns, At safepoint: 8300 ns, Total: 61004 ns
[1850.695s][info ][safepoint      ] Safepoint "Cleanup", Time since last: 2000182465 ns, Reaching safepoint: 32402 ns, At safepoint: 3500 ns, Total: 35902 ns
[1855.695s][info ][safepoint      ] Safepoint "Cleanup", Time since last: 5000395759 ns, Reaching safepoint: 49402 ns, At safepoint: 2901 ns, Total: 52303 ns
[1862.611s][info ][gc,start       ] GC(200) Pause Young (Allocation Failure)
[1862.642s][debug][gc,phases      ] GC(200) Scavenge 30.173ms
[1862.642s][debug][gc,ref         ] GC(200) Skipped phase 1 of Reference Processing: no references
[1862.642s][debug][gc,ref         ] GC(200) ReferenceProcessor::execute queues: 1, RefProcThreadModel::Single, marks_oops_alive: false
[1862.642s][debug][gc,ref         ] GC(200) Skipped phase 3 of Reference Processing: no references
[1862.642s][debug][gc,ref         ] GC(200) ReferenceProcessor::execute queues: 1, RefProcThreadModel::Single, marks_oops_alive: false
[1862.642s][debug][gc,phases      ] GC(200) Reference Processing 0.129ms
[1862.642s][debug][gc,phases      ] GC(200)   VM Weak                        Min:  0.0, Avg:  0.0, Max:  0.0, Diff:  0.0, Sum:  0.0, Workers: 4
[1862.642s][debug][gc,phases      ] GC(200)     Dead                           Min: 0, Avg:  0.0, Max: 0, Diff: 0, Sum: 0, Workers: 4
[1862.642s][debug][gc,phases      ] GC(200)     Total                          Min: 0, Avg: 181.0, Max: 660, Diff: 660, Sum: 724, Workers: 4
[1862.642s][debug][gc,phases      ] GC(200)   ObjectSynchronizer Weak        Min:  0.0, Avg:  0.0, Max:  0.0, Diff:  0.0, Sum:  0.0, Workers: 4
[1862.642s][debug][gc,phases      ] GC(200)     Dead                           Min: 0, Avg:  0.0, Max: 0, Diff: 0, Sum: 0, Workers: 4
[1862.642s][debug][gc,phases      ] GC(200)     Total                          Min: 0, Avg: 103.2, Max: 221, Diff: 221, Sum: 413, Workers: 4
[1862.642s][debug][gc,phases      ] GC(200)   JVMTI Tag Weak OopStorage      Min:  0.0, Avg:  0.0, Max:  0.0, Diff:  0.0, Sum:  0.0, Workers: 4
[1862.642s][debug][gc,phases      ] GC(200)     Dead                           Min: 0, Avg:  0.0, Max: 0, Diff: 0, Sum: 0, Workers: 4
[1862.642s][debug][gc,phases      ] GC(200)     Total                          Min: 0, Avg:  0.0, Max: 0, Diff: 0, Sum: 0, Workers: 4
[1862.642s][debug][gc,phases      ] GC(200)   StringTable Weak               Min:  0.1, Avg:  0.1, Max:  0.1, Diff:  0.0, Sum:  0.4, Workers: 4
[1862.642s][debug][gc,phases      ] GC(200)     Dead                           Min: 0, Avg:  0.0, Max: 0, Diff: 0, Sum: 0, Workers: 4
[1862.642s][debug][gc,phases      ] GC(200)     Total                          Min: 10752, Avg: 12081.5, Max: 12800, Diff: 2048, Sum: 48326, Workers: 4
[1862.642s][debug][gc,phases      ] GC(200)   ResolvedMethodTable Weak       Min:  0.0, Avg:  0.0, Max:  0.0, Diff:  0.0, Sum:  0.1, Workers: 4
[1862.642s][debug][gc,phases      ] GC(200)     Dead                           Min: 0, Avg:  0.0, Max: 0, Diff: 0, Sum: 0, Workers: 4
[1862.642s][debug][gc,phases      ] GC(200)     Total                          Min: 2003, Avg: 2164.8, Max: 2240, Diff: 237, Sum: 8659, Workers: 4
[1862.642s][debug][gc,phases      ] GC(200)   JNI Weak                       Min:  0.0, Avg:  0.0, Max:  0.0, Diff:  0.0, Sum:  0.0, Workers: 4
[1862.642s][debug][gc,phases      ] GC(200)     Dead                           Min: 0, Avg:  0.0, Max: 0, Diff: 0, Sum: 0, Workers: 4
[1862.642s][debug][gc,phases      ] GC(200)     Total                          Min: 0, Avg:  0.0, Max: 0, Diff: 0, Sum: 0, Workers: 4
[1862.642s][debug][gc,phases      ] GC(200)   StringDedup Table Weak         Min:  0.0, Avg:  0.0, Max:  0.0, Diff:  0.0, Sum:  0.0, Workers: 4
[1862.642s][debug][gc,phases      ] GC(200)     Dead                           Min: 0, Avg:  0.0, Max: 0, Diff: 0, Sum: 0, Workers: 4
[1862.642s][debug][gc,phases      ] GC(200)     Total                          Min: 0, Avg:  0.0, Max: 0, Diff: 0, Sum: 0, Workers: 4
[1862.642s][debug][gc,phases      ] GC(200)   StringDedup Requests0 Weak     Min:  0.0, Avg:  0.0, Max:  0.0, Diff:  0.0, Sum:  0.0, Workers: 4
[1862.642s][debug][gc,phases      ] GC(200)     Dead                           Min: 0, Avg:  0.0, Max: 0, Diff: 0, Sum: 0, Workers: 4
[1862.642s][debug][gc,phases      ] GC(200)     Total                          Min: 0, Avg:  0.0, Max: 0, Diff: 0, Sum: 0, Workers: 4
[1862.642s][debug][gc,phases      ] GC(200)   StringDedup Requests1 Weak     Min:  0.0, Avg:  0.0, Max:  0.0, Diff:  0.0, Sum:  0.0, Workers: 4
[1862.642s][debug][gc,phases      ] GC(200)     Dead                           Min: 0, Avg:  0.0, Max: 0, Diff: 0, Sum: 0, Workers: 4
[1862.642s][debug][gc,phases      ] GC(200)     Total                          Min: 0, Avg:  0.0, Max: 0, Diff: 0, Sum: 0, Workers: 4
[1862.642s][debug][gc,phases      ] GC(200)   Weak JFR Old Object Samples    Min:  0.0, Avg:  0.0, Max:  0.0, Diff:  0.0, Sum:  0.0, Workers: 4
[1862.642s][debug][gc,phases      ] GC(200)     Dead                           Min: 0, Avg:  0.0, Max: 0, Diff: 0, Sum: 0, Workers: 4
[1862.642s][debug][gc,phases      ] GC(200)     Total                          Min: 0, Avg:  0.0, Max: 0, Diff: 0, Sum: 0, Workers: 4
[1862.642s][debug][gc,phases      ] GC(200) Weak Processing 0.321ms
[1862.642s][debug][gc,age         ] GC(200) Desired survivor size 189792256 bytes, new threshold 15 (max threshold 15)
[1862.642s][info ][gc,heap        ] GC(200) PSYoungGen: 1849008K(1909760K)->100256K(1909760K) Eden: 1724928K(1724928K)->0K(1726464K) From: 124080K(184832K)->100256K(183296K)
[1862.642s][info ][gc,heap        ] GC(200) ParOldGen: 788577K(890880K)->813642K(890880K)
[1862.642s][info ][gc,metaspace   ] GC(200) Metaspace: 84720K(85568K)->84720K(85568K) NonClass: 72942K(73408K)->72942K(73408K) Class: 11778K(12160K)->11778K(12160K)
[1862.642s][info ][gc             ] GC(200) Pause Young (Allocation Failure) 2575M->892M(2735M) 30.765ms
[1862.642s][info ][gc,cpu         ] GC(200) User=0.12s Sys=0.00s Real=0.03s
[1862.642s][info ][safepoint      ] Safepoint "ParallelGCFailedAllocation", Time since last: 6916135830 ns, Reaching safepoint: 108307 ns, At safepoint: 30854224 ns, Total: 30962531 ns
[1873.643s][info ][safepoint      ] Safepoint "Cleanup", Time since last: 11001006057 ns, Reaching safepoint: 62103 ns, At safepoint: 4701 ns, Total: 66804 ns
[1874.643s][info ][safepoint      ] Safepoint "Cleanup", Time since last: 1000102533 ns, Reaching safepoint: 30002 ns, At safepoint: 27401 ns, Total: 57403 ns
[1887.644s][info ][safepoint      ] Safepoint "Cleanup", Time since last: 13000840601 ns, Reaching safepoint: 46603 ns, At safepoint: 10001 ns, Total: 56604 ns
[1889.645s][info ][safepoint      ] Safepoint "Cleanup", Time since last: 2000162363 ns, Reaching safepoint: 44703 ns, At safepoint: 5900 ns, Total: 50603 ns
[1897.645s][info ][safepoint      ] Safepoint "Cleanup", Time since last: 8000521647 ns, Reaching safepoint: 48503 ns, At safepoint: 5201 ns, Total: 53704 ns
[1898.645s][info ][safepoint      ] Safepoint "Cleanup", Time since last: 1000098332 ns, Reaching safepoint: 51303 ns, At safepoint: 4901 ns, Total: 56204 ns
[1899.645s][info ][safepoint      ] Safepoint "Cleanup", Time since last: 1000103833 ns, Reaching safepoint: 76704 ns, At safepoint: 13301 ns, Total: 90005 ns
[1900.646s][info ][safepoint      ] Safepoint "Cleanup", Time since last: 1000138035 ns, Reaching safepoint: 58504 ns, At safepoint: 9100 ns, Total: 67604 ns
[1913.647s][info ][safepoint      ] Safepoint "Cleanup", Time since last: 13000874603 ns, Reaching safepoint: 46703 ns, At safepoint: 3100 ns, Total: 49803 ns
[1913.713s][info ][gc,start       ] GC(201) Pause Young (Allocation Failure)
[1913.740s][debug][gc,phases      ] GC(201) Scavenge 26.569ms
[1913.740s][debug][gc,ref         ] GC(201) Skipped phase 1 of Reference Processing: no references
[1913.740s][debug][gc,ref         ] GC(201) ReferenceProcessor::execute queues: 1, RefProcThreadModel::Single, marks_oops_alive: false
[1913.740s][debug][gc,ref         ] GC(201) Skipped phase 3 of Reference Processing: no references
[1913.740s][debug][gc,ref         ] GC(201) ReferenceProcessor::execute queues: 1, RefProcThreadModel::Single, marks_oops_alive: false
[1913.740s][debug][gc,phases      ] GC(201) Reference Processing 0.129ms
[1913.740s][debug][gc,phases      ] GC(201)   VM Weak                        Min:  0.0, Avg:  0.0, Max:  0.0, Diff:  0.0, Sum:  0.0, Workers: 4
[1913.740s][debug][gc,phases      ] GC(201)     Dead                           Min: 0, Avg:  0.0, Max: 0, Diff: 0, Sum: 0, Workers: 4
[1913.740s][debug][gc,phases      ] GC(201)     Total                          Min: 0, Avg: 181.0, Max: 468, Diff: 468, Sum: 724, Workers: 4
[1913.740s][debug][gc,phases      ] GC(201)   ObjectSynchronizer Weak        Min:  0.0, Avg:  0.0, Max:  0.0, Diff:  0.0, Sum:  0.0, Workers: 4
[1913.740s][debug][gc,phases      ] GC(201)     Dead                           Min: 0, Avg:  0.0, Max: 0, Diff: 0, Sum: 0, Workers: 4
[1913.740s][debug][gc,phases      ] GC(201)     Total                          Min: 0, Avg: 103.2, Max: 349, Diff: 349, Sum: 413, Workers: 4
[1913.740s][debug][gc,phases      ] GC(201)   JVMTI Tag Weak OopStorage      Min:  0.0, Avg:  0.0, Max:  0.0, Diff:  0.0, Sum:  0.0, Workers: 4
[1913.740s][debug][gc,phases      ] GC(201)     Dead                           Min: 0, Avg:  0.0, Max: 0, Diff: 0, Sum: 0, Workers: 4
[1913.740s][debug][gc,phases      ] GC(201)     Total                          Min: 0, Avg:  0.0, Max: 0, Diff: 0, Sum: 0, Workers: 4
[1913.740s][debug][gc,phases      ] GC(201)   StringTable Weak               Min:  0.1, Avg:  0.1, Max:  0.1, Diff:  0.0, Sum:  0.4, Workers: 4
[1913.740s][debug][gc,phases      ] GC(201)     Dead                           Min: 0, Avg:  0.0, Max: 0, Diff: 0, Sum: 0, Workers: 4
[1913.740s][debug][gc,phases      ] GC(201)     Total                          Min: 11456, Avg: 12081.5, Max: 13120, Diff: 1664, Sum: 48326, Workers: 4
[1913.740s][debug][gc,phases      ] GC(201)   ResolvedMethodTable Weak       Min:  0.0, Avg:  0.0, Max:  0.0, Diff:  0.0, Sum:  0.1, Workers: 4
[1913.740s][debug][gc,phases      ] GC(201)     Dead                           Min: 0, Avg:  0.0, Max: 0, Diff: 0, Sum: 0, Workers: 4
[1913.740s][debug][gc,phases      ] GC(201)     Total                          Min: 2067, Avg: 2164.8, Max: 2240, Diff: 173, Sum: 8659, Workers: 4
[1913.740s][debug][gc,phases      ] GC(201)   JNI Weak                       Min:  0.0, Avg:  0.0, Max:  0.0, Diff:  0.0, Sum:  0.0, Workers: 4
[1913.740s][debug][gc,phases      ] GC(201)     Dead                           Min: 0, Avg:  0.0, Max: 0, Diff: 0, Sum: 0, Workers: 4
[1913.740s][debug][gc,phases      ] GC(201)     Total                          Min: 0, Avg:  0.0, Max: 0, Diff: 0, Sum: 0, Workers: 4
[1913.740s][debug][gc,phases      ] GC(201)   StringDedup Table Weak         Min:  0.0, Avg:  0.0, Max:  0.0, Diff:  0.0, Sum:  0.0, Workers: 4
[1913.740s][debug][gc,phases      ] GC(201)     Dead                           Min: 0, Avg:  0.0, Max: 0, Diff: 0, Sum: 0, Workers: 4
[1913.740s][debug][gc,phases      ] GC(201)     Total                          Min: 0, Avg:  0.0, Max: 0, Diff: 0, Sum: 0, Workers: 4
[1913.740s][debug][gc,phases      ] GC(201)   StringDedup Requests0 Weak     Min:  0.0, Avg:  0.0, Max:  0.0, Diff:  0.0, Sum:  0.0, Workers: 4
[1913.740s][debug][gc,phases      ] GC(201)     Dead                           Min: 0, Avg:  0.0, Max: 0, Diff: 0, Sum: 0, Workers: 4
[1913.740s][debug][gc,phases      ] GC(201)     Total                          Min: 0, Avg:  0.0, Max: 0, Diff: 0, Sum: 0, Workers: 4
[1913.740s][debug][gc,phases      ] GC(201)   StringDedup Requests1 Weak     Min:  0.0, Avg:  0.0, Max:  0.0, Diff:  0.0, Sum:  0.0, Workers: 4
[1913.740s][debug][gc,phases      ] GC(201)     Dead                           Min: 0, Avg:  0.0, Max: 0, Diff: 0, Sum: 0, Workers: 4
[1913.740s][debug][gc,phases      ] GC(201)     Total                          Min: 0, Avg:  0.0, Max: 0, Diff: 0, Sum: 0, Workers: 4
[1913.740s][debug][gc,phases      ] GC(201)   Weak JFR Old Object Samples    Min:  0.0, Avg:  0.0, Max:  0.0, Diff:  0.0, Sum:  0.0, Workers: 4
[1913.740s][debug][gc,phases      ] GC(201)     Dead                           Min: 0, Avg:  0.0, Max: 0, Diff: 0, Sum: 0, Workers: 4
[1913.740s][debug][gc,phases      ] GC(201)     Total                          Min: 0, Avg:  0.0, Max: 0, Diff: 0, Sum: 0, Workers: 4
[1913.740s][debug][gc,phases      ] GC(201) Weak Processing 0.339ms
[1913.740s][debug][gc,age         ] GC(201) Desired survivor size 194510848 bytes, new threshold 15 (max threshold 15)
[1913.740s][info ][gc,heap        ] GC(201) PSYoungGen: 1826720K(1909760K)->80496K(1807360K) Eden: 1726464K(1726464K)->0K(1726464K) From: 100256K(183296K)->80496K(80896K)
[1913.740s][info ][gc,heap        ] GC(201) ParOldGen: 813642K(890880K)->836402K(890880K)
[1913.740s][info ][gc,metaspace   ] GC(201) Metaspace: 84726K(85632K)->84726K(85632K) NonClass: 72948K(73472K)->72948K(73472K) Class: 11778K(12160K)->11778K(12160K)
[1913.740s][info ][gc             ] GC(201) Pause Young (Allocation Failure) 2578M->895M(2635M) 27.177ms
[1913.740s][info ][gc,cpu         ] GC(201) User=0.10s Sys=0.02s Real=0.03s
[1913.740s][info ][safepoint      ] Safepoint "ParallelGCFailedAllocation", Time since last: 66299821 ns, Reaching safepoint: 36002 ns, At safepoint: 27254411 ns, Total: 27290413 ns
[1915.740s][info ][safepoint      ] Safepoint "Cleanup", Time since last: 2000148363 ns, Reaching safepoint: 58403 ns, At safepoint: 9301 ns, Total: 67704 ns
[1916.741s][info ][safepoint      ] Safepoint "Cleanup", Time since last: 1000107033 ns, Reaching safepoint: 65904 ns, At safepoint: 5901 ns, Total: 71805 ns
[1922.741s][info ][safepoint      ] Safepoint "Cleanup", Time since last: 6000453289 ns, Reaching safepoint: 59603 ns, At safepoint: 5100 ns, Total: 64703 ns
[1936.742s][info ][safepoint      ] Safepoint "Cleanup", Time since last: 14000972536 ns, Reaching safepoint: 63004 ns, At safepoint: 35102 ns, Total: 98106 ns
[1944.743s][info ][safepoint      ] Safepoint "Cleanup", Time since last: 8000545548 ns, Reaching safepoint: 55704 ns, At safepoint: 8100 ns, Total: 63804 ns
[1945.743s][info ][safepoint      ] Safepoint "Cleanup", Time since last: 1000109334 ns, Reaching safepoint: 44702 ns, At safepoint: 2801 ns, Total: 47503 ns
[1953.744s][info ][safepoint      ] Safepoint "Cleanup", Time since last: 8000684056 ns, Reaching safepoint: 61004 ns, At safepoint: 10300 ns, Total: 71304 ns
[1964.745s][info ][safepoint      ] Safepoint "Cleanup", Time since last: 11000909851 ns, Reaching safepoint: 46503 ns, At safepoint: 8001 ns, Total: 54504 ns
[1965.745s][info ][safepoint      ] Safepoint "Cleanup", Time since last: 1000109833 ns, Reaching safepoint: 47503 ns, At safepoint: 3100 ns, Total: 50603 ns
[1966.458s][info ][gc,start       ] GC(202) Pause Young (Allocation Failure)
[1966.480s][debug][gc,phases      ] GC(202) Scavenge 21.905ms
[1966.480s][debug][gc,ref         ] GC(202) Skipped phase 1 of Reference Processing: no references
[1966.480s][debug][gc,ref         ] GC(202) ReferenceProcessor::execute queues: 1, RefProcThreadModel::Single, marks_oops_alive: false
[1966.480s][debug][gc,ref         ] GC(202) Skipped phase 3 of Reference Processing: no references
[1966.480s][debug][gc,ref         ] GC(202) ReferenceProcessor::execute queues: 1, RefProcThreadModel::Single, marks_oops_alive: false
[1966.480s][debug][gc,phases      ] GC(202) Reference Processing 0.134ms
[1966.481s][debug][gc,phases      ] GC(202)   VM Weak                        Min:  0.0, Avg:  0.0, Max:  0.0, Diff:  0.0, Sum:  0.0, Workers: 4
[1966.481s][debug][gc,phases      ] GC(202)     Dead                           Min: 0, Avg:  0.0, Max: 0, Diff: 0, Sum: 0, Workers: 4
[1966.481s][debug][gc,phases      ] GC(202)     Total                          Min: 0, Avg: 181.0, Max: 404, Diff: 404, Sum: 724, Workers: 4
[1966.481s][debug][gc,phases      ] GC(202)   ObjectSynchronizer Weak        Min:  0.0, Avg:  0.0, Max:  0.0, Diff:  0.0, Sum:  0.0, Workers: 4
[1966.481s][debug][gc,phases      ] GC(202)     Dead                           Min: 0, Avg:  0.0, Max: 0, Diff: 0, Sum: 0, Workers: 4
[1966.481s][debug][gc,phases      ] GC(202)     Total                          Min: 64, Avg: 103.2, Max: 128, Diff: 64, Sum: 413, Workers: 4
[1966.481s][debug][gc,phases      ] GC(202)   JVMTI Tag Weak OopStorage      Min:  0.0, Avg:  0.0, Max:  0.0, Diff:  0.0, Sum:  0.0, Workers: 4
[1966.481s][debug][gc,phases      ] GC(202)     Dead                           Min: 0, Avg:  0.0, Max: 0, Diff: 0, Sum: 0, Workers: 4
[1966.481s][debug][gc,phases      ] GC(202)     Total                          Min: 0, Avg:  0.0, Max: 0, Diff: 0, Sum: 0, Workers: 4
[1966.481s][debug][gc,phases      ] GC(202)   StringTable Weak               Min:  0.1, Avg:  0.1, Max:  0.1, Diff:  0.0, Sum:  0.5, Workers: 4
[1966.481s][debug][gc,phases      ] GC(202)     Dead                           Min: 0, Avg:  0.0, Max: 0, Diff: 0, Sum: 0, Workers: 4
[1966.481s][debug][gc,phases      ] GC(202)     Total                          Min: 11712, Avg: 12083.2, Max: 12493, Diff: 781, Sum: 48333, Workers: 4
[1966.481s][debug][gc,phases      ] GC(202)   ResolvedMethodTable Weak       Min:  0.0, Avg:  0.0, Max:  0.0, Diff:  0.0, Sum:  0.1, Workers: 4
[1966.481s][debug][gc,phases      ] GC(202)     Dead                           Min: 0, Avg:  0.0, Max: 0, Diff: 0, Sum: 0, Workers: 4
[1966.481s][debug][gc,phases      ] GC(202)     Total                          Min: 2048, Avg: 2164.8, Max: 2304, Diff: 256, Sum: 8659, Workers: 4
[1966.481s][debug][gc,phases      ] GC(202)   JNI Weak                       Min:  0.0, Avg:  0.0, Max:  0.0, Diff:  0.0, Sum:  0.0, Workers: 4
[1966.481s][debug][gc,phases      ] GC(202)     Dead                           Min: 0, Avg:  0.0, Max: 0, Diff: 0, Sum: 0, Workers: 4
[1966.481s][debug][gc,phases      ] GC(202)     Total                          Min: 0, Avg:  0.0, Max: 0, Diff: 0, Sum: 0, Workers: 4
[1966.481s][debug][gc,phases      ] GC(202)   StringDedup Table Weak         Min:  0.0, Avg:  0.0, Max:  0.0, Diff:  0.0, Sum:  0.0, Workers: 4
[1966.481s][debug][gc,phases      ] GC(202)     Dead                           Min: 0, Avg:  0.0, Max: 0, Diff: 0, Sum: 0, Workers: 4
[1966.481s][debug][gc,phases      ] GC(202)     Total                          Min: 0, Avg:  0.0, Max: 0, Diff: 0, Sum: 0, Workers: 4
[1966.481s][debug][gc,phases      ] GC(202)   StringDedup Requests0 Weak     Min:  0.0, Avg:  0.0, Max:  0.0, Diff:  0.0, Sum:  0.0, Workers: 4
[1966.481s][debug][gc,phases      ] GC(202)     Dead                           Min: 0, Avg:  0.0, Max: 0, Diff: 0, Sum: 0, Workers: 4
[1966.481s][debug][gc,phases      ] GC(202)     Total                          Min: 0, Avg:  0.0, Max: 0, Diff: 0, Sum: 0, Workers: 4
[1966.481s][debug][gc,phases      ] GC(202)   StringDedup Requests1 Weak     Min:  0.0, Avg:  0.0, Max:  0.0, Diff:  0.0, Sum:  0.0, Workers: 4
[1966.481s][debug][gc,phases      ] GC(202)     Dead                           Min: 0, Avg:  0.0, Max: 0, Diff: 0, Sum: 0, Workers: 4
[1966.481s][debug][gc,phases      ] GC(202)     Total                          Min: 0, Avg:  0.0, Max: 0, Diff: 0, Sum: 0, Workers: 4
[1966.481s][debug][gc,phases      ] GC(202)   Weak JFR Old Object Samples    Min:  0.0, Avg:  0.0, Max:  0.0, Diff:  0.0, Sum:  0.0, Workers: 4
[1966.481s][debug][gc,phases      ] GC(202)     Dead                           Min: 0, Avg:  0.0, Max: 0, Diff: 0, Sum: 0, Workers: 4
[1966.481s][debug][gc,phases      ] GC(202)     Total                          Min: 0, Avg:  0.0, Max: 0, Diff: 0, Sum: 0, Workers: 4
[1966.481s][debug][gc,phases      ] GC(202) Weak Processing 0.349ms
[1966.481s][debug][gc,age         ] GC(202) Desired survivor size 198180864 bytes, new threshold 15 (max threshold 15)
[1966.481s][info ][gc,heap        ] GC(202) PSYoungGen: 1806960K(1807360K)->71680K(1900032K) Eden: 1726464K(1726464K)->0K(1710080K) From: 80496K(80896K)->71680K(189952K)
[1966.481s][info ][gc,heap        ] GC(202) ParOldGen: 836402K(890880K)->845361K(890880K)
[1966.481s][info ][gc,metaspace   ] GC(202) Metaspace: 84747K(85632K)->84747K(85632K) NonClass: 72969K(73472K)->72969K(73472K) Class: 11778K(12160K)->11778K(12160K)
[1966.481s][info ][gc             ] GC(202) Pause Young (Allocation Failure) 2581M->895M(2725M) 22.516ms
[1966.481s][info ][gc,cpu         ] GC(202) User=0.09s Sys=0.00s Real=0.02s
[1966.481s][info ][safepoint      ] Safepoint "ParallelGCFailedAllocation", Time since last: 713407582 ns, Reaching safepoint: 33702 ns, At safepoint: 22619337 ns, Total: 22653039 ns
[1969.481s][info ][safepoint      ] Safepoint "Cleanup", Time since last: 3000249596 ns, Reaching safepoint: 54503 ns, At safepoint: 5001 ns, Total: 59504 ns
[1976.482s][info ][safepoint      ] Safepoint "Cleanup", Time since last: 7000533920 ns, Reaching safepoint: 52604 ns, At safepoint: 3900 ns, Total: 56504 ns
[1991.483s][info ][safepoint      ] Safepoint "Cleanup", Time since last: 15001165474 ns, Reaching safepoint: 43503 ns, At safepoint: 4100 ns, Total: 47603 ns
[1996.483s][info ][safepoint      ] Safepoint "Cleanup", Time since last: 5000375857 ns, Reaching safepoint: 84605 ns, At safepoint: 8901 ns, Total: 93506 ns
[1999.484s][info ][safepoint      ] Safepoint "Cleanup", Time since last: 3000278397 ns, Reaching safepoint: 49003 ns, At safepoint: 3300 ns, Total: 52303 ns
[2000.484s][info ][safepoint      ] Safepoint "Cleanup", Time since last: 1000109734 ns, Reaching safepoint: 44602 ns, At safepoint: 2601 ns, Total: 47203 ns
[2011.485s][info ][safepoint      ] Safepoint "Cleanup", Time since last: 11000871448 ns, Reaching safepoint: 52704 ns, At safepoint: 8700 ns, Total: 61404 ns
[2016.027s][info ][gc,start       ] GC(203) Pause Young (Allocation Failure)
[2016.044s][debug][gc,phases      ] GC(203) Scavenge 16.910ms
[2016.044s][debug][gc,ref         ] GC(203) Skipped phase 1 of Reference Processing: no references
[2016.044s][debug][gc,ref         ] GC(203) ReferenceProcessor::execute queues: 1, RefProcThreadModel::Single, marks_oops_alive: false
[2016.044s][debug][gc,ref         ] GC(203) Skipped phase 3 of Reference Processing: no references
[2016.044s][debug][gc,ref         ] GC(203) ReferenceProcessor::execute queues: 1, RefProcThreadModel::Single, marks_oops_alive: false
[2016.044s][debug][gc,phases      ] GC(203) Reference Processing 0.132ms
[2016.044s][debug][gc,phases      ] GC(203)   VM Weak                        Min:  0.0, Avg:  0.0, Max:  0.0, Diff:  0.0, Sum:  0.0, Workers: 4
[2016.044s][debug][gc,phases      ] GC(203)     Dead                           Min: 0, Avg:  0.0, Max: 0, Diff: 0, Sum: 0, Workers: 4
[2016.044s][debug][gc,phases      ] GC(203)     Total                          Min: 0, Avg: 181.0, Max: 532, Diff: 532, Sum: 724, Workers: 4
[2016.044s][debug][gc,phases      ] GC(203)   ObjectSynchronizer Weak        Min:  0.0, Avg:  0.0, Max:  0.0, Diff:  0.0, Sum:  0.0, Workers: 4
[2016.044s][debug][gc,phases      ] GC(203)     Dead                           Min: 0, Avg:  0.0, Max: 0, Diff: 0, Sum: 0, Workers: 4
[2016.044s][debug][gc,phases      ] GC(203)     Total                          Min: 0, Avg: 103.5, Max: 158, Diff: 158, Sum: 414, Workers: 4
[2016.044s][debug][gc,phases      ] GC(203)   JVMTI Tag Weak OopStorage      Min:  0.0, Avg:  0.0, Max:  0.0, Diff:  0.0, Sum:  0.0, Workers: 4
[2016.044s][debug][gc,phases      ] GC(203)     Dead                           Min: 0, Avg:  0.0, Max: 0, Diff: 0, Sum: 0, Workers: 4
[2016.044s][debug][gc,phases      ] GC(203)     Total                          Min: 0, Avg:  0.0, Max: 0, Diff: 0, Sum: 0, Workers: 4
[2016.044s][debug][gc,phases      ] GC(203)   StringTable Weak               Min:  0.1, Avg:  0.1, Max:  0.1, Diff:  0.0, Sum:  0.4, Workers: 4
[2016.044s][debug][gc,phases      ] GC(203)     Dead                           Min: 0, Avg:  0.0, Max: 0, Diff: 0, Sum: 0, Workers: 4
[2016.044s][debug][gc,phases      ] GC(203)     Total                          Min: 11666, Avg: 12084.5, Max: 12288, Diff: 622, Sum: 48338, Workers: 4
[2016.044s][debug][gc,phases      ] GC(203)   ResolvedMethodTable Weak       Min:  0.0, Avg:  0.0, Max:  0.0, Diff:  0.0, Sum:  0.1, Workers: 4
[2016.044s][debug][gc,phases      ] GC(203)     Dead                           Min: 0, Avg:  0.0, Max: 0, Diff: 0, Sum: 0, Workers: 4
[2016.044s][debug][gc,phases      ] GC(203)     Total                          Min: 2048, Avg: 2164.8, Max: 2304, Diff: 256, Sum: 8659, Workers: 4
[2016.044s][debug][gc,phases      ] GC(203)   JNI Weak                       Min:  0.0, Avg:  0.0, Max:  0.0, Diff:  0.0, Sum:  0.0, Workers: 4
[2016.044s][debug][gc,phases      ] GC(203)     Dead                           Min: 0, Avg:  0.0, Max: 0, Diff: 0, Sum: 0, Workers: 4
[2016.045s][debug][gc,phases      ] GC(203)     Total                          Min: 0, Avg:  0.0, Max: 0, Diff: 0, Sum: 0, Workers: 4
[2016.045s][debug][gc,phases      ] GC(203)   StringDedup Table Weak         Min:  0.0, Avg:  0.0, Max:  0.0, Diff:  0.0, Sum:  0.0, Workers: 4
[2016.045s][debug][gc,phases      ] GC(203)     Dead                           Min: 0, Avg:  0.0, Max: 0, Diff: 0, Sum: 0, Workers: 4
[2016.045s][debug][gc,phases      ] GC(203)     Total                          Min: 0, Avg:  0.0, Max: 0, Diff: 0, Sum: 0, Workers: 4
[2016.045s][debug][gc,phases      ] GC(203)   StringDedup Requests0 Weak     Min:  0.0, Avg:  0.0, Max:  0.0, Diff:  0.0, Sum:  0.0, Workers: 4
[2016.045s][debug][gc,phases      ] GC(203)     Dead                           Min: 0, Avg:  0.0, Max: 0, Diff: 0, Sum: 0, Workers: 4
[2016.045s][debug][gc,phases      ] GC(203)     Total                          Min: 0, Avg:  0.0, Max: 0, Diff: 0, Sum: 0, Workers: 4
[2016.045s][debug][gc,phases      ] GC(203)   StringDedup Requests1 Weak     Min:  0.0, Avg:  0.0, Max:  0.0, Diff:  0.0, Sum:  0.0, Workers: 4
[2016.045s][debug][gc,phases      ] GC(203)     Dead                           Min: 0, Avg:  0.0, Max: 0, Diff: 0, Sum: 0, Workers: 4
[2016.045s][debug][gc,phases      ] GC(203)     Total                          Min: 0, Avg:  0.0, Max: 0, Diff: 0, Sum: 0, Workers: 4
[2016.045s][debug][gc,phases      ] GC(203)   Weak JFR Old Object Samples    Min:  0.0, Avg:  0.0, Max:  0.0, Diff:  0.0, Sum:  0.0, Workers: 4
[2016.045s][debug][gc,phases      ] GC(203)     Dead                           Min: 0, Avg:  0.0, Max: 0, Diff: 0, Sum: 0, Workers: 4
[2016.045s][debug][gc,phases      ] GC(203)     Total                          Min: 0, Avg:  0.0, Max: 0, Diff: 0, Sum: 0, Workers: 4
[2016.045s][debug][gc,phases      ] GC(203) Weak Processing 0.321ms
[2016.045s][debug][gc,age         ] GC(203) Desired survivor size 201326592 bytes, new threshold 15 (max threshold 15)
[2016.045s][info ][gc,heap        ] GC(203) PSYoungGen: 1781760K(1900032K)->66624K(1777152K) Eden: 1710080K(1710080K)->0K(1710080K) From: 71680K(189952K)->66624K(67072K)
[2016.045s][info ][gc,heap        ] GC(203) ParOldGen: 845361K(890880K)->850659K(890880K)
[2016.045s][info ][gc,metaspace   ] GC(203) Metaspace: 84751K(85632K)->84751K(85632K) NonClass: 72972K(73472K)->72972K(73472K) Class: 11778K(12160K)->11778K(12160K)
[2016.045s][info ][gc             ] GC(203) Pause Young (Allocation Failure) 2565M->895M(2605M) 17.519ms
[2016.045s][info ][gc,cpu         ] GC(203) User=0.07s Sys=0.00s Real=0.02s
[2016.045s][info ][safepoint      ] Safepoint "ParallelGCFailedAllocation", Time since last: 4542150464 ns, Reaching safepoint: 42102 ns, At safepoint: 17619742 ns, Total: 17661844 ns
[2044.047s][info ][safepoint      ] Safepoint "Cleanup", Time since last: 28002094458 ns, Reaching safepoint: 55403 ns, At safepoint: 3300 ns, Total: 58703 ns
[2052.048s][info ][safepoint      ] Safepoint "Cleanup", Time since last: 8000631529 ns, Reaching safepoint: 55803 ns, At safepoint: 5701 ns, Total: 61504 ns
[2066.049s][info ][safepoint      ] Safepoint "Cleanup", Time since last: 14001138799 ns, Reaching safepoint: 51203 ns, At safepoint: 38602 ns, Total: 89805 ns
[2075.264s][info ][gc,start       ] GC(204) Pause Young (Allocation Failure)
[2075.283s][debug][gc,phases      ] GC(204) Scavenge 18.092ms
[2075.283s][debug][gc,ref         ] GC(204) Skipped phase 1 of Reference Processing: no references
[2075.283s][debug][gc,ref         ] GC(204) ReferenceProcessor::execute queues: 1, RefProcThreadModel::Single, marks_oops_alive: false
[2075.283s][debug][gc,ref         ] GC(204) Skipped phase 3 of Reference Processing: no references
[2075.283s][debug][gc,ref         ] GC(204) ReferenceProcessor::execute queues: 1, RefProcThreadModel::Single, marks_oops_alive: false
[2075.283s][debug][gc,phases      ] GC(204) Reference Processing 0.131ms
[2075.283s][debug][gc,phases      ] GC(204)   VM Weak                        Min:  0.0, Avg:  0.0, Max:  0.0, Diff:  0.0, Sum:  0.0, Workers: 4
[2075.283s][debug][gc,phases      ] GC(204)     Dead                           Min: 0, Avg:  0.0, Max: 0, Diff: 0, Sum: 0, Workers: 4
[2075.283s][debug][gc,phases      ] GC(204)     Total                          Min: 0, Avg: 181.0, Max: 724, Diff: 724, Sum: 724, Workers: 4
[2075.283s][debug][gc,phases      ] GC(204)   ObjectSynchronizer Weak        Min:  0.0, Avg:  0.0, Max:  0.0, Diff:  0.0, Sum:  0.0, Workers: 4
[2075.283s][debug][gc,phases      ] GC(204)     Dead                           Min: 0, Avg:  0.0, Max: 0, Diff: 0, Sum: 0, Workers: 4
[2075.283s][debug][gc,phases      ] GC(204)     Total                          Min: 0, Avg: 103.5, Max: 222, Diff: 222, Sum: 414, Workers: 4
[2075.283s][debug][gc,phases      ] GC(204)   JVMTI Tag Weak OopStorage      Min:  0.0, Avg:  0.0, Max:  0.0, Diff:  0.0, Sum:  0.0, Workers: 4
[2075.283s][debug][gc,phases      ] GC(204)     Dead                           Min: 0, Avg:  0.0, Max: 0, Diff: 0, Sum: 0, Workers: 4
[2075.283s][debug][gc,phases      ] GC(204)     Total                          Min: 0, Avg:  0.0, Max: 0, Diff: 0, Sum: 0, Workers: 4
[2075.283s][debug][gc,phases      ] GC(204)   StringTable Weak               Min:  0.1, Avg:  0.1, Max:  0.1, Diff:  0.0, Sum:  0.4, Workers: 4
[2075.283s][debug][gc,phases      ] GC(204)     Dead                           Min: 0, Avg:  0.0, Max: 0, Diff: 0, Sum: 0, Workers: 4
[2075.283s][debug][gc,phases      ] GC(204)     Total                          Min: 11008, Avg: 12084.5, Max: 12800, Diff: 1792, Sum: 48338, Workers: 4
[2075.283s][debug][gc,phases      ] GC(204)   ResolvedMethodTable Weak       Min:  0.0, Avg:  0.0, Max:  0.0, Diff:  0.0, Sum:  0.1, Workers: 4
[2075.283s][debug][gc,phases      ] GC(204)     Dead                           Min: 0, Avg:  0.0, Max: 0, Diff: 0, Sum: 0, Workers: 4
[2075.283s][debug][gc,phases      ] GC(204)     Total                          Min: 2003, Avg: 2164.8, Max: 2240, Diff: 237, Sum: 8659, Workers: 4
[2075.283s][debug][gc,phases      ] GC(204)   JNI Weak                       Min:  0.0, Avg:  0.0, Max:  0.0, Diff:  0.0, Sum:  0.0, Workers: 4
[2075.283s][debug][gc,phases      ] GC(204)     Dead                           Min: 0, Avg:  0.0, Max: 0, Diff: 0, Sum: 0, Workers: 4
[2075.283s][debug][gc,phases      ] GC(204)     Total                          Min: 0, Avg:  0.0, Max: 0, Diff: 0, Sum: 0, Workers: 4
[2075.283s][debug][gc,phases      ] GC(204)   StringDedup Table Weak         Min:  0.0, Avg:  0.0, Max:  0.0, Diff:  0.0, Sum:  0.0, Workers: 4
[2075.283s][debug][gc,phases      ] GC(204)     Dead                           Min: 0, Avg:  0.0, Max: 0, Diff: 0, Sum: 0, Workers: 4
[2075.283s][debug][gc,phases      ] GC(204)     Total                          Min: 0, Avg:  0.0, Max: 0, Diff: 0, Sum: 0, Workers: 4
[2075.283s][debug][gc,phases      ] GC(204)   StringDedup Requests0 Weak     Min:  0.0, Avg:  0.0, Max:  0.0, Diff:  0.0, Sum:  0.0, Workers: 4
[2075.283s][debug][gc,phases      ] GC(204)     Dead                           Min: 0, Avg:  0.0, Max: 0, Diff: 0, Sum: 0, Workers: 4
[2075.283s][debug][gc,phases      ] GC(204)     Total                          Min: 0, Avg:  0.0, Max: 0, Diff: 0, Sum: 0, Workers: 4
[2075.283s][debug][gc,phases      ] GC(204)   StringDedup Requests1 Weak     Min:  0.0, Avg:  0.0, Max:  0.0, Diff:  0.0, Sum:  0.0, Workers: 4
[2075.283s][debug][gc,phases      ] GC(204)     Dead                           Min: 0, Avg:  0.0, Max: 0, Diff: 0, Sum: 0, Workers: 4
[2075.283s][debug][gc,phases      ] GC(204)     Total                          Min: 0, Avg:  0.0, Max: 0, Diff: 0, Sum: 0, Workers: 4
[2075.283s][debug][gc,phases      ] GC(204)   Weak JFR Old Object Samples    Min:  0.0, Avg:  0.0, Max:  0.0, Diff:  0.0, Sum:  0.0, Workers: 4
[2075.283s][debug][gc,phases      ] GC(204)     Dead                           Min: 0, Avg:  0.0, Max: 0, Diff: 0, Sum: 0, Workers: 4
[2075.283s][debug][gc,phases      ] GC(204)     Total                          Min: 0, Avg:  0.0, Max: 0, Diff: 0, Sum: 0, Workers: 4
[2075.283s][debug][gc,phases      ] GC(204) Weak Processing 0.369ms
[2075.283s][debug][gc,age         ] GC(204) Desired survivor size 204472320 bytes, new threshold 15 (max threshold 15)
[2075.283s][info ][gc,heap        ] GC(204) PSYoungGen: 1776704K(1777152K)->52896K(1894400K) Eden: 1710080K(1710080K)->0K(1697792K) From: 66624K(67072K)->52896K(196608K)
[2075.283s][info ][gc,heap        ] GC(204) ParOldGen: 850659K(890880K)->865044K(890880K)
[2075.283s][info ][gc,metaspace   ] GC(204) Metaspace: 84752K(85632K)->84752K(85632K) NonClass: 72974K(73472K)->72974K(73472K) Class: 11778K(12160K)->11778K(12160K)
[2075.283s][info ][gc             ] GC(204) Pause Young (Allocation Failure) 2565M->896M(2720M) 18.731ms
[2075.283s][info ][gc,cpu         ] GC(204) User=0.06s Sys=0.01s Real=0.02s
[2075.283s][info ][safepoint      ] Safepoint "ParallelGCFailedAllocation", Time since last: 9215448477 ns, Reaching safepoint: 139309 ns, At safepoint: 18817211 ns, Total: 18956520 ns
[2079.284s][info ][safepoint      ] Safepoint "Cleanup", Time since last: 4000328482 ns, Reaching safepoint: 66403 ns, At safepoint: 9301 ns, Total: 75704 ns
[2088.670s][info ][safepoint      ] Safepoint "Cleanup", Time since last: 9386117171 ns, Reaching safepoint: 45703 ns, At safepoint: 7600 ns, Total: 53303 ns
[2096.670s][info ][safepoint      ] Safepoint "Cleanup", Time since last: 8000564175 ns, Reaching safepoint: 46203 ns, At safepoint: 3100 ns, Total: 49303 ns
[2116.672s][info ][safepoint      ] Safepoint "Cleanup", Time since last: 20001340971 ns, Reaching safepoint: 64004 ns, At safepoint: 6800 ns, Total: 70804 ns
[2127.673s][info ][safepoint      ] Safepoint "Cleanup", Time since last: 11000785859 ns, Reaching safepoint: 53104 ns, At safepoint: 4500 ns, Total: 57604 ns
[2128.673s][info ][safepoint      ] Safepoint "Cleanup", Time since last: 1000119454 ns, Reaching safepoint: 29802 ns, At safepoint: 2900 ns, Total: 32702 ns
[2129.673s][info ][safepoint      ] Safepoint "Cleanup", Time since last: 1000110054 ns, Reaching safepoint: 42603 ns, At safepoint: 3200 ns, Total: 45803 ns
[2130.673s][info ][safepoint      ] Safepoint "Cleanup", Time since last: 1000104354 ns, Reaching safepoint: 49103 ns, At safepoint: 4500 ns, Total: 53603 ns
[2132.674s][info ][safepoint      ] Safepoint "Cleanup", Time since last: 2000214108 ns, Reaching safepoint: 245815 ns, At safepoint: 19001 ns, Total: 264816 ns
[2136.664s][info ][gc,start       ] GC(205) Pause Young (Allocation Failure)
[2136.678s][debug][gc,phases      ] GC(205) Scavenge 13.487ms
[2136.678s][debug][gc,ref         ] GC(205) Skipped phase 1 of Reference Processing: no references
[2136.678s][debug][gc,ref         ] GC(205) ReferenceProcessor::execute queues: 1, RefProcThreadModel::Single, marks_oops_alive: false
[2136.678s][debug][gc,ref         ] GC(205) Skipped phase 3 of Reference Processing: no references
[2136.678s][debug][gc,ref         ] GC(205) ReferenceProcessor::execute queues: 1, RefProcThreadModel::Single, marks_oops_alive: false
[2136.678s][debug][gc,phases      ] GC(205) Reference Processing 0.124ms
[2136.678s][debug][gc,phases      ] GC(205)   VM Weak                        Min:  0.0, Avg:  0.0, Max:  0.0, Diff:  0.0, Sum:  0.0, Workers: 4
[2136.678s][debug][gc,phases      ] GC(205)     Dead                           Min: 0, Avg:  0.0, Max: 0, Diff: 0, Sum: 0, Workers: 4
[2136.678s][debug][gc,phases      ] GC(205)     Total                          Min: 0, Avg: 181.0, Max: 724, Diff: 724, Sum: 724, Workers: 4
[2136.678s][debug][gc,phases      ] GC(205)   ObjectSynchronizer Weak        Min:  0.0, Avg:  0.0, Max:  0.0, Diff:  0.0, Sum:  0.0, Workers: 4
[2136.678s][debug][gc,phases      ] GC(205)     Dead                           Min: 0, Avg:  0.2, Max: 1, Diff: 1, Sum: 1, Workers: 4
[2136.678s][debug][gc,phases      ] GC(205)     Total                          Min: 0, Avg: 103.8, Max: 192, Diff: 192, Sum: 415, Workers: 4
[2136.678s][debug][gc,phases      ] GC(205)   JVMTI Tag Weak OopStorage      Min:  0.0, Avg:  0.0, Max:  0.0, Diff:  0.0, Sum:  0.0, Workers: 4
[2136.678s][debug][gc,phases      ] GC(205)     Dead                           Min: 0, Avg:  0.0, Max: 0, Diff: 0, Sum: 0, Workers: 4
[2136.678s][debug][gc,phases      ] GC(205)     Total                          Min: 0, Avg:  0.0, Max: 0, Diff: 0, Sum: 0, Workers: 4
[2136.678s][debug][gc,phases      ] GC(205)   StringTable Weak               Min:  0.1, Avg:  0.1, Max:  0.1, Diff:  0.0, Sum:  0.4, Workers: 4
[2136.678s][debug][gc,phases      ] GC(205)     Dead                           Min: 0, Avg:  0.0, Max: 0, Diff: 0, Sum: 0, Workers: 4
[2136.678s][debug][gc,phases      ] GC(205)     Total                          Min: 11461, Avg: 12097.2, Max: 13120, Diff: 1659, Sum: 48389, Workers: 4
[2136.678s][debug][gc,phases      ] GC(205)   ResolvedMethodTable Weak       Min:  0.0, Avg:  0.0, Max:  0.0, Diff:  0.0, Sum:  0.1, Workers: 4
[2136.678s][debug][gc,phases      ] GC(205)     Dead                           Min: 0, Avg:  0.0, Max: 0, Diff: 0, Sum: 0, Workers: 4
[2136.678s][debug][gc,phases      ] GC(205)     Total                          Min: 1920, Avg: 2164.8, Max: 2304, Diff: 384, Sum: 8659, Workers: 4
[2136.678s][debug][gc,phases      ] GC(205)   JNI Weak                       Min:  0.0, Avg:  0.0, Max:  0.0, Diff:  0.0, Sum:  0.0, Workers: 4
[2136.678s][debug][gc,phases      ] GC(205)     Dead                           Min: 0, Avg:  0.0, Max: 0, Diff: 0, Sum: 0, Workers: 4
[2136.678s][debug][gc,phases      ] GC(205)     Total                          Min: 0, Avg:  0.0, Max: 0, Diff: 0, Sum: 0, Workers: 4
[2136.678s][debug][gc,phases      ] GC(205)   StringDedup Table Weak         Min:  0.0, Avg:  0.0, Max:  0.0, Diff:  0.0, Sum:  0.0, Workers: 4
[2136.678s][debug][gc,phases      ] GC(205)     Dead                           Min: 0, Avg:  0.0, Max: 0, Diff: 0, Sum: 0, Workers: 4
[2136.678s][debug][gc,phases      ] GC(205)     Total                          Min: 0, Avg:  0.0, Max: 0, Diff: 0, Sum: 0, Workers: 4
[2136.678s][debug][gc,phases      ] GC(205)   StringDedup Requests0 Weak     Min:  0.0, Avg:  0.0, Max:  0.0, Diff:  0.0, Sum:  0.0, Workers: 4
[2136.678s][debug][gc,phases      ] GC(205)     Dead                           Min: 0, Avg:  0.0, Max: 0, Diff: 0, Sum: 0, Workers: 4
[2136.678s][debug][gc,phases      ] GC(205)     Total                          Min: 0, Avg:  0.0, Max: 0, Diff: 0, Sum: 0, Workers: 4
[2136.678s][debug][gc,phases      ] GC(205)   StringDedup Requests1 Weak     Min:  0.0, Avg:  0.0, Max:  0.0, Diff:  0.0, Sum:  0.0, Workers: 4
[2136.678s][debug][gc,phases      ] GC(205)     Dead                           Min: 0, Avg:  0.0, Max: 0, Diff: 0, Sum: 0, Workers: 4
[2136.678s][debug][gc,phases      ] GC(205)     Total                          Min: 0, Avg:  0.0, Max: 0, Diff: 0, Sum: 0, Workers: 4
[2136.678s][debug][gc,phases      ] GC(205)   Weak JFR Old Object Samples    Min:  0.0, Avg:  0.0, Max:  0.0, Diff:  0.0, Sum:  0.0, Workers: 4
[2136.678s][debug][gc,phases      ] GC(205)     Dead                           Min: 0, Avg:  0.0, Max: 0, Diff: 0, Sum: 0, Workers: 4
[2136.678s][debug][gc,phases      ] GC(205)     Total                          Min: 0, Avg:  0.0, Max: 0, Diff: 0, Sum: 0, Workers: 4
[2136.678s][debug][gc,phases      ] GC(205) Weak Processing 0.343ms
[2136.678s][debug][gc,age         ] GC(205) Desired survivor size 207093760 bytes, new threshold 15 (max threshold 15)
[2136.678s][info ][gc,heap        ] GC(205) PSYoungGen: 1750688K(1894400K)->44512K(1742336K) Eden: 1697792K(1697792K)->0K(1697792K) From: 52896K(196608K)->44512K(44544K)
[2136.678s][info ][gc,heap        ] GC(205) ParOldGen: 865044K(890880K)->873253K(890880K)
[2136.678s][info ][gc,metaspace   ] GC(205) Metaspace: 84799K(85696K)->84799K(85696K) NonClass: 73015K(73536K)->73015K(73536K) Class: 11784K(12160K)->11784K(12160K)
[2136.678s][info ][gc             ] GC(205) Pause Young (Allocation Failure) 2554M->896M(2571M) 14.078ms
[2136.678s][info ][gc,cpu         ] GC(205) User=0.04s Sys=0.01s Real=0.01s
[2136.678s][debug][gc,phases      ] GC(206) Pre Compact 0.008ms
[2136.678s][info ][gc,start       ] GC(206) Pause Full (Ergonomics)
[2136.678s][info ][gc,phases,start] GC(206) Marking Phase
[2136.875s][debug][gc,phases      ] GC(206) Par Mark 196.899ms
[2136.875s][debug][gc,ref         ] GC(206) Skipped phase 1 of Reference Processing: no references
[2136.876s][debug][gc,ref         ] GC(206) ReferenceProcessor::execute queues: 4, RefProcThreadModel::Multi, marks_oops_alive: false
[2136.876s][debug][gc,ref         ] GC(206) Skipped phase 3 of Reference Processing: no references
[2136.876s][debug][gc,ref         ] GC(206) ReferenceProcessor::execute queues: 1, RefProcThreadModel::Single, marks_oops_alive: false
[2136.876s][debug][gc,phases      ] GC(206) Reference Processing 0.514ms
[2136.876s][debug][gc,phases      ] GC(206)   VM Weak                        Min:  0.0, Avg:  0.0, Max:  0.0, Diff:  0.0, Sum:  0.0, Workers: 4
[2136.876s][debug][gc,phases      ] GC(206)     Dead                           Min: 0, Avg:  0.0, Max: 0, Diff: 0, Sum: 0, Workers: 4
[2136.876s][debug][gc,phases      ] GC(206)     Total                          Min: 0, Avg: 181.0, Max: 404, Diff: 404, Sum: 724, Workers: 4
[2136.876s][debug][gc,phases      ] GC(206)   ObjectSynchronizer Weak        Min:  0.0, Avg:  0.0, Max:  0.0, Diff:  0.0, Sum:  0.0, Workers: 4
[2136.876s][debug][gc,phases      ] GC(206)     Dead                           Min: 0, Avg:  0.0, Max: 0, Diff: 0, Sum: 0, Workers: 4
[2136.876s][debug][gc,phases      ] GC(206)     Total                          Min: 0, Avg: 103.8, Max: 159, Diff: 159, Sum: 415, Workers: 4
[2136.876s][debug][gc,phases      ] GC(206)   JVMTI Tag Weak OopStorage      Min:  0.0, Avg:  0.0, Max:  0.0, Diff:  0.0, Sum:  0.0, Workers: 4
[2136.876s][debug][gc,phases      ] GC(206)     Dead                           Min: 0, Avg:  0.0, Max: 0, Diff: 0, Sum: 0, Workers: 4
[2136.876s][debug][gc,phases      ] GC(206)     Total                          Min: 0, Avg:  0.0, Max: 0, Diff: 0, Sum: 0, Workers: 4
[2136.876s][debug][gc,phases      ] GC(206)   StringTable Weak               Min:  0.1, Avg:  0.1, Max:  0.2, Diff:  0.0, Sum:  0.6, Workers: 4
[2136.876s][debug][gc,phases      ] GC(206)     Dead                           Min: 0, Avg:  0.0, Max: 0, Diff: 0, Sum: 0, Workers: 4
[2136.876s][debug][gc,phases      ] GC(206)     Total                          Min: 10757, Avg: 12097.2, Max: 12928, Diff: 2171, Sum: 48389, Workers: 4
[2136.876s][debug][gc,phases      ] GC(206)   ResolvedMethodTable Weak       Min:  0.0, Avg:  0.0, Max:  0.0, Diff:  0.0, Sum:  0.1, Workers: 4
[2136.876s][debug][gc,phases      ] GC(206)     Dead                           Min: 0, Avg:  0.0, Max: 0, Diff: 0, Sum: 0, Workers: 4
[2136.876s][debug][gc,phases      ] GC(206)     Total                          Min: 1920, Avg: 2164.8, Max: 2304, Diff: 384, Sum: 8659, Workers: 4
[2136.876s][debug][gc,phases      ] GC(206)   JNI Weak                       Min:  0.0, Avg:  0.0, Max:  0.0, Diff:  0.0, Sum:  0.0, Workers: 4
[2136.876s][debug][gc,phases      ] GC(206)     Dead                           Min: 0, Avg:  0.0, Max: 0, Diff: 0, Sum: 0, Workers: 4
[2136.876s][debug][gc,phases      ] GC(206)     Total                          Min: 0, Avg:  0.0, Max: 0, Diff: 0, Sum: 0, Workers: 4
[2136.876s][debug][gc,phases      ] GC(206)   StringDedup Table Weak         Min:  0.0, Avg:  0.0, Max:  0.0, Diff:  0.0, Sum:  0.0, Workers: 4
[2136.876s][debug][gc,phases      ] GC(206)     Dead                           Min: 0, Avg:  0.0, Max: 0, Diff: 0, Sum: 0, Workers: 4
[2136.876s][debug][gc,phases      ] GC(206)     Total                          Min: 0, Avg:  0.0, Max: 0, Diff: 0, Sum: 0, Workers: 4
[2136.876s][debug][gc,phases      ] GC(206)   StringDedup Requests0 Weak     Min:  0.0, Avg:  0.0, Max:  0.0, Diff:  0.0, Sum:  0.0, Workers: 4
[2136.876s][debug][gc,phases      ] GC(206)     Dead                           Min: 0, Avg:  0.0, Max: 0, Diff: 0, Sum: 0, Workers: 4
[2136.876s][debug][gc,phases      ] GC(206)     Total                          Min: 0, Avg:  0.0, Max: 0, Diff: 0, Sum: 0, Workers: 4
[2136.876s][debug][gc,phases      ] GC(206)   StringDedup Requests1 Weak     Min:  0.0, Avg:  0.0, Max:  0.0, Diff:  0.0, Sum:  0.0, Workers: 4
[2136.876s][debug][gc,phases      ] GC(206)     Dead                           Min: 0, Avg:  0.0, Max: 0, Diff: 0, Sum: 0, Workers: 4
[2136.876s][debug][gc,phases      ] GC(206)     Total                          Min: 0, Avg:  0.0, Max: 0, Diff: 0, Sum: 0, Workers: 4
[2136.876s][debug][gc,phases      ] GC(206)   Weak JFR Old Object Samples    Min:  0.0, Avg:  0.0, Max:  0.0, Diff:  0.0, Sum:  0.0, Workers: 4
[2136.876s][debug][gc,phases      ] GC(206)     Dead                           Min: 0, Avg:  0.0, Max: 0, Diff: 0, Sum: 0, Workers: 4
[2136.876s][debug][gc,phases      ] GC(206)     Total                          Min: 0, Avg:  0.0, Max: 0, Diff: 0, Sum: 0, Workers: 4
[2136.876s][debug][gc,phases      ] GC(206) Weak Processing 0.369ms
[2136.876s][debug][gc,phases      ] GC(206) ClassLoaderData 0.096ms
[2136.876s][debug][gc,phases      ] GC(206) Trigger cleanups 0.000ms
[2136.897s][debug][gc,phases      ] GC(206) Class Unloading 20.442ms
[2136.897s][info ][gc,phases      ] GC(206) Marking Phase 218.335ms
[2136.897s][info ][gc,phases,start] GC(206) Summary Phase
[2136.897s][info ][gc,phases      ] GC(206) Summary Phase 0.024ms
[2136.897s][info ][gc,phases,start] GC(206) Adjust Roots
[2136.912s][info ][gc,phases      ] GC(206) Adjust Roots 15.094ms
[2136.912s][info ][gc,phases,start] GC(206) Compaction Phase
[2137.107s][info ][gc,phases      ] GC(206) Compaction Phase 194.610ms
[2137.107s][info ][gc,phases,start] GC(206) Post Compact
[2137.109s][info ][gc,phases      ] GC(206) Post Compact 2.711ms
[2137.110s][info ][gc,heap        ] GC(206) PSYoungGen: 44512K(1742336K)->0K(1894912K) Eden: 0K(1697792K)->0K(1692672K) From: 44512K(44544K)->0K(202240K)
[2137.110s][info ][gc,heap        ] GC(206) ParOldGen: 873253K(890880K)->890547K(1048576K)
[2137.110s][info ][gc,metaspace   ] GC(206) Metaspace: 84799K(85696K)->84799K(85696K) NonClass: 73015K(73536K)->73015K(73536K) Class: 11784K(12160K)->11784K(12160K)
[2137.110s][info ][gc             ] GC(206) Pause Full (Ergonomics) 896M->869M(2874M) 431.210ms
[2137.110s][info ][gc,cpu         ] GC(206) User=1.59s Sys=0.01s Real=0.43s
[2137.110s][info ][safepoint      ] Safepoint "ParallelGCFailedAllocation", Time since last: 3990741246 ns, Reaching safepoint: 50803 ns, At safepoint: 445430802 ns, Total: 445481605 ns
[2144.110s][info ][safepoint      ] Safepoint "Cleanup", Time since last: 7000550075 ns, Reaching safepoint: 119307 ns, At safepoint: 6600 ns, Total: 125907 ns
[2149.111s][info ][safepoint      ] Safepoint "Cleanup", Time since last: 5000404472 ns, Reaching safepoint: 122208 ns, At safepoint: 10600 ns, Total: 132808 ns
[2151.111s][info ][safepoint      ] Safepoint "Cleanup", Time since last: 2000212213 ns, Reaching safepoint: 163010 ns, At safepoint: 38002 ns, Total: 201012 ns
[2157.112s][info ][safepoint      ] Safepoint "Cleanup", Time since last: 6000493532 ns, Reaching safepoint: 108507 ns, At safepoint: 6900 ns, Total: 115407 ns
[2180.114s][info ][safepoint      ] Safepoint "Cleanup", Time since last: 23001952518 ns, Reaching safepoint: 125308 ns, At safepoint: 11900 ns, Total: 137208 ns
[2184.115s][info ][safepoint      ] Safepoint "Cleanup", Time since last: 4000286132 ns, Reaching safepoint: 130108 ns, At safepoint: 7201 ns, Total: 137309 ns
[2188.115s][info ][safepoint      ] Safepoint "Cleanup", Time since last: 4000365738 ns, Reaching safepoint: 111507 ns, At safepoint: 6100 ns, Total: 117607 ns
[2192.115s][info ][safepoint      ] Safepoint "Cleanup", Time since last: 4000331239 ns, Reaching safepoint: 121607 ns, At safepoint: 10801 ns, Total: 132408 ns
[2196.116s][info ][safepoint      ] Safepoint "Cleanup", Time since last: 4000375843 ns, Reaching safepoint: 122207 ns, At safepoint: 6100 ns, Total: 128307 ns
[2196.209s][info ][gc,start       ] GC(207) Pause Young (Allocation Failure)
[2196.211s][debug][gc,phases      ] GC(207) Scavenge 2.078ms
[2196.211s][debug][gc,ref         ] GC(207) Skipped phase 1 of Reference Processing: no references
[2196.211s][debug][gc,ref         ] GC(207) Skipped phase 2 of Reference Processing: no references
[2196.211s][debug][gc,ref         ] GC(207) Skipped phase 3 of Reference Processing: no references
[2196.211s][debug][gc,ref         ] GC(207) Skipped phase 4 of Reference Processing: no references
[2196.211s][debug][gc,phases      ] GC(207) Reference Processing 0.028ms
[2196.211s][debug][gc,phases      ] GC(207)   VM Weak                        Min:  0.0, Avg:  0.0, Max:  0.0, Diff:  0.0, Sum:  0.0, Workers: 4
[2196.211s][debug][gc,phases      ] GC(207)     Dead                           Min: 0, Avg:  0.0, Max: 0, Diff: 0, Sum: 0, Workers: 4
[2196.211s][debug][gc,phases      ] GC(207)     Total                          Min: 0, Avg: 181.0, Max: 724, Diff: 724, Sum: 724, Workers: 4
[2196.211s][debug][gc,phases      ] GC(207)   ObjectSynchronizer Weak        Min:  0.0, Avg:  0.0, Max:  0.0, Diff:  0.0, Sum:  0.0, Workers: 4
[2196.211s][debug][gc,phases      ] GC(207)     Dead                           Min: 0, Avg:  0.0, Max: 0, Diff: 0, Sum: 0, Workers: 4
[2196.211s][debug][gc,phases      ] GC(207)     Total                          Min: 0, Avg: 103.8, Max: 384, Diff: 384, Sum: 415, Workers: 4
[2196.211s][debug][gc,phases      ] GC(207)   JVMTI Tag Weak OopStorage      Min:  0.0, Avg:  0.0, Max:  0.0, Diff:  0.0, Sum:  0.0, Workers: 4
[2196.211s][debug][gc,phases      ] GC(207)     Dead                           Min: 0, Avg:  0.0, Max: 0, Diff: 0, Sum: 0, Workers: 4
[2196.211s][debug][gc,phases      ] GC(207)     Total                          Min: 0, Avg:  0.0, Max: 0, Diff: 0, Sum: 0, Workers: 4
[2196.211s][debug][gc,phases      ] GC(207)   StringTable Weak               Min:  0.1, Avg:  0.1, Max:  0.1, Diff:  0.0, Sum:  0.4, Workers: 4
[2196.211s][debug][gc,phases      ] GC(207)     Dead                           Min: 0, Avg:  0.0, Max: 0, Diff: 0, Sum: 0, Workers: 4
[2196.211s][debug][gc,phases      ] GC(207)     Total                          Min: 10240, Avg: 12101.8, Max: 13952, Diff: 3712, Sum: 48407, Workers: 4
[2196.211s][debug][gc,phases      ] GC(207)   ResolvedMethodTable Weak       Min:  0.0, Avg:  0.0, Max:  0.0, Diff:  0.0, Sum:  0.1, Workers: 4
[2196.211s][debug][gc,phases      ] GC(207)     Dead                           Min: 0, Avg:  0.0, Max: 0, Diff: 0, Sum: 0, Workers: 4
[2196.211s][debug][gc,phases      ] GC(207)     Total                          Min: 2067, Avg: 2164.8, Max: 2240, Diff: 173, Sum: 8659, Workers: 4
[2196.211s][debug][gc,phases      ] GC(207)   JNI Weak                       Min:  0.0, Avg:  0.0, Max:  0.0, Diff:  0.0, Sum:  0.0, Workers: 4
[2196.211s][debug][gc,phases      ] GC(207)     Dead                           Min: 0, Avg:  0.0, Max: 0, Diff: 0, Sum: 0, Workers: 4
[2196.211s][debug][gc,phases      ] GC(207)     Total                          Min: 0, Avg:  0.0, Max: 0, Diff: 0, Sum: 0, Workers: 4
[2196.211s][debug][gc,phases      ] GC(207)   StringDedup Table Weak         Min:  0.0, Avg:  0.0, Max:  0.0, Diff:  0.0, Sum:  0.0, Workers: 4
[2196.211s][debug][gc,phases      ] GC(207)     Dead                           Min: 0, Avg:  0.0, Max: 0, Diff: 0, Sum: 0, Workers: 4
[2196.211s][debug][gc,phases      ] GC(207)     Total                          Min: 0, Avg:  0.0, Max: 0, Diff: 0, Sum: 0, Workers: 4
[2196.211s][debug][gc,phases      ] GC(207)   StringDedup Requests0 Weak     Min:  0.0, Avg:  0.0, Max:  0.0, Diff:  0.0, Sum:  0.0, Workers: 4
[2196.211s][debug][gc,phases      ] GC(207)     Dead                           Min: 0, Avg:  0.0, Max: 0, Diff: 0, Sum: 0, Workers: 4
[2196.211s][debug][gc,phases      ] GC(207)     Total                          Min: 0, Avg:  0.0, Max: 0, Diff: 0, Sum: 0, Workers: 4
[2196.211s][debug][gc,phases      ] GC(207)   StringDedup Requests1 Weak     Min:  0.0, Avg:  0.0, Max:  0.0, Diff:  0.0, Sum:  0.0, Workers: 4
[2196.211s][debug][gc,phases      ] GC(207)     Dead                           Min: 0, Avg:  0.0, Max: 0, Diff: 0, Sum: 0, Workers: 4
[2196.211s][debug][gc,phases      ] GC(207)     Total                          Min: 0, Avg:  0.0, Max: 0, Diff: 0, Sum: 0, Workers: 4
[2196.211s][debug][gc,phases      ] GC(207)   Weak JFR Old Object Samples    Min:  0.0, Avg:  0.0, Max:  0.0, Diff:  0.0, Sum:  0.0, Workers: 4
[2196.211s][debug][gc,phases      ] GC(207)     Dead                           Min: 0, Avg:  0.0, Max: 0, Diff: 0, Sum: 0, Workers: 4
[2196.211s][debug][gc,phases      ] GC(207)     Total                          Min: 0, Avg:  0.0, Max: 0, Diff: 0, Sum: 0, Workers: 4
[2196.211s][debug][gc,phases      ] GC(207) Weak Processing 0.335ms
[2196.211s][debug][gc,age         ] GC(207) Desired survivor size 215482368 bytes, new threshold 15 (max threshold 15)
[2196.211s][info ][gc,heap        ] GC(207) PSYoungGen: 1692672K(1894912K)->1632K(1694720K) Eden: 1692672K(1692672K)->0K(1692672K) From: 0K(202240K)->1632K(2048K)
[2196.211s][info ][gc,heap        ] GC(207) ParOldGen: 890547K(1048576K)->890547K(1048576K)
[2196.211s][info ][gc,metaspace   ] GC(207) Metaspace: 84801K(85696K)->84801K(85696K) NonClass: 73017K(73536K)->73017K(73536K) Class: 11784K(12160K)->11784K(12160K)
[2196.211s][info ][gc             ] GC(207) Pause Young (Allocation Failure) 2522M->871M(2679M) 2.561ms
[2196.211s][info ][gc,cpu         ] GC(207) User=0.01s Sys=0.01s Real=0.00s
[2196.211s][info ][safepoint      ] Safepoint "ParallelGCFailedAllocation", Time since last: 92742677 ns, Reaching safepoint: 47803 ns, At safepoint: 2650157 ns, Total: 2697960 ns
[2204.212s][info ][safepoint      ] Safepoint "Cleanup", Time since last: 8000557279 ns, Reaching safepoint: 117907 ns, At safepoint: 8101 ns, Total: 126008 ns
[2222.214s][info ][safepoint      ] Safepoint "Cleanup", Time since last: 18001276206 ns, Reaching safepoint: 146009 ns, At safepoint: 9800 ns, Total: 155809 ns
[2223.214s][info ][safepoint      ] Safepoint "Cleanup", Time since last: 1000114265 ns, Reaching safepoint: 126908 ns, At safepoint: 6900 ns, Total: 133808 ns
[2229.214s][info ][safepoint      ] Safepoint "Cleanup", Time since last: 6000498882 ns, Reaching safepoint: 120507 ns, At safepoint: 6400 ns, Total: 126907 ns
[2232.215s][info ][safepoint      ] Safepoint "Cleanup", Time since last: 3000260993 ns, Reaching safepoint: 123307 ns, At safepoint: 11301 ns, Total: 134608 ns
[2233.215s][info ][safepoint      ] Safepoint "Cleanup", Time since last: 1000102265 ns, Reaching safepoint: 130808 ns, At safepoint: 11701 ns, Total: 142509 ns
[2234.215s][info ][safepoint      ] Safepoint "Cleanup", Time since last: 1000104465 ns, Reaching safepoint: 135108 ns, At safepoint: 8201 ns, Total: 143309 ns
[2239.216s][info ][safepoint      ] Safepoint "Cleanup", Time since last: 5000769044 ns, Reaching safepoint: 55403 ns, At safepoint: 8501 ns, Total: 63904 ns
[2240.216s][info ][safepoint      ] Safepoint "Cleanup", Time since last: 1000128267 ns, Reaching safepoint: 56304 ns, At safepoint: 11200 ns, Total: 67504 ns
[2241.216s][info ][safepoint      ] Safepoint "Cleanup", Time since last: 1000107367 ns, Reaching safepoint: 54703 ns, At safepoint: 6500 ns, Total: 61203 ns
[2243.217s][info ][safepoint      ] Safepoint "Cleanup", Time since last: 2000244935 ns, Reaching safepoint: 78605 ns, At safepoint: 12601 ns, Total: 91206 ns
[2247.217s][info ][safepoint      ] Safepoint "Cleanup", Time since last: 4000305160 ns, Reaching safepoint: 126208 ns, At safepoint: 10800 ns, Total: 137008 ns
[2248.217s][info ][safepoint      ] Safepoint "Cleanup", Time since last: 1000105567 ns, Reaching safepoint: 54604 ns, At safepoint: 8000 ns, Total: 62604 ns
[2250.218s][info ][safepoint      ] Safepoint "Cleanup", Time since last: 2000212235 ns, Reaching safepoint: 74604 ns, At safepoint: 8801 ns, Total: 83405 ns
[2251.218s][info ][safepoint      ] Safepoint "Cleanup", Time since last: 1000103167 ns, Reaching safepoint: 48703 ns, At safepoint: 12900 ns, Total: 61603 ns
[2253.218s][info ][safepoint      ] Safepoint "Cleanup", Time since last: 2000176433 ns, Reaching safepoint: 54304 ns, At safepoint: 8100 ns, Total: 62404 ns
[2254.218s][info ][safepoint      ] Safepoint "Cleanup", Time since last: 1000111368 ns, Reaching safepoint: 58504 ns, At safepoint: 4000 ns, Total: 62504 ns
[2255.218s][info ][safepoint      ] Safepoint "Cleanup", Time since last: 1000116168 ns, Reaching safepoint: 48403 ns, At safepoint: 4600 ns, Total: 53003 ns
[2256.219s][info ][safepoint      ] Safepoint "Cleanup", Time since last: 1000110669 ns, Reaching safepoint: 51703 ns, At safepoint: 2900 ns, Total: 54603 ns
[2256.812s][info ][gc,start       ] GC(208) Pause Young (Allocation Failure)
[2256.814s][debug][gc,phases      ] GC(208) Scavenge 1.985ms
[2256.814s][debug][gc,ref         ] GC(208) Skipped phase 1 of Reference Processing: no references
[2256.814s][debug][gc,ref         ] GC(208) Skipped phase 2 of Reference Processing: no references
[2256.814s][debug][gc,ref         ] GC(208) Skipped phase 3 of Reference Processing: no references
[2256.814s][debug][gc,ref         ] GC(208) ReferenceProcessor::execute queues: 1, RefProcThreadModel::Single, marks_oops_alive: false
[2256.814s][debug][gc,phases      ] GC(208) Reference Processing 0.112ms
[2256.815s][debug][gc,phases      ] GC(208)   VM Weak                        Min:  0.0, Avg:  0.0, Max:  0.0, Diff:  0.0, Sum:  0.0, Workers: 4
[2256.815s][debug][gc,phases      ] GC(208)     Dead                           Min: 0, Avg:  0.0, Max: 0, Diff: 0, Sum: 0, Workers: 4
[2256.815s][debug][gc,phases      ] GC(208)     Total                          Min: 0, Avg: 181.0, Max: 724, Diff: 724, Sum: 724, Workers: 4
[2256.815s][debug][gc,phases      ] GC(208)   ObjectSynchronizer Weak        Min:  0.0, Avg:  0.0, Max:  0.0, Diff:  0.0, Sum:  0.0, Workers: 4
[2256.815s][debug][gc,phases      ] GC(208)     Dead                           Min: 0, Avg:  0.0, Max: 0, Diff: 0, Sum: 0, Workers: 4
[2256.815s][debug][gc,phases      ] GC(208)     Total                          Min: 0, Avg: 103.8, Max: 256, Diff: 256, Sum: 415, Workers: 4
[2256.815s][debug][gc,phases      ] GC(208)   JVMTI Tag Weak OopStorage      Min:  0.0, Avg:  0.0, Max:  0.0, Diff:  0.0, Sum:  0.0, Workers: 4
[2256.815s][debug][gc,phases      ] GC(208)     Dead                           Min: 0, Avg:  0.0, Max: 0, Diff: 0, Sum: 0, Workers: 4
[2256.815s][debug][gc,phases      ] GC(208)     Total                          Min: 0, Avg:  0.0, Max: 0, Diff: 0, Sum: 0, Workers: 4
[2256.815s][debug][gc,phases      ] GC(208)   StringTable Weak               Min:  0.1, Avg:  0.1, Max:  0.1, Diff:  0.0, Sum:  0.4, Workers: 4
[2256.815s][debug][gc,phases      ] GC(208)     Dead                           Min: 0, Avg:  0.0, Max: 0, Diff: 0, Sum: 0, Workers: 4
[2256.815s][debug][gc,phases      ] GC(208)     Total                          Min: 11328, Avg: 12103.5, Max: 12736, Diff: 1408, Sum: 48414, Workers: 4
[2256.815s][debug][gc,phases      ] GC(208)   ResolvedMethodTable Weak       Min:  0.0, Avg:  0.0, Max:  0.0, Diff:  0.0, Sum:  0.1, Workers: 4
[2256.815s][debug][gc,phases      ] GC(208)     Dead                           Min: 0, Avg:  0.0, Max: 0, Diff: 0, Sum: 0, Workers: 4
[2256.815s][debug][gc,phases      ] GC(208)     Total                          Min: 1984, Avg: 2164.8, Max: 2323, Diff: 339, Sum: 8659, Workers: 4
[2256.815s][debug][gc,phases      ] GC(208)   JNI Weak                       Min:  0.0, Avg:  0.0, Max:  0.0, Diff:  0.0, Sum:  0.0, Workers: 4
[2256.815s][debug][gc,phases      ] GC(208)     Dead                           Min: 0, Avg:  0.0, Max: 0, Diff: 0, Sum: 0, Workers: 4
[2256.815s][debug][gc,phases      ] GC(208)     Total                          Min: 0, Avg:  0.0, Max: 0, Diff: 0, Sum: 0, Workers: 4
[2256.815s][debug][gc,phases      ] GC(208)   StringDedup Table Weak         Min:  0.0, Avg:  0.0, Max:  0.0, Diff:  0.0, Sum:  0.0, Workers: 4
[2256.815s][debug][gc,phases      ] GC(208)     Dead                           Min: 0, Avg:  0.0, Max: 0, Diff: 0, Sum: 0, Workers: 4
[2256.815s][debug][gc,phases      ] GC(208)     Total                          Min: 0, Avg:  0.0, Max: 0, Diff: 0, Sum: 0, Workers: 4
[2256.815s][debug][gc,phases      ] GC(208)   StringDedup Requests0 Weak     Min:  0.0, Avg:  0.0, Max:  0.0, Diff:  0.0, Sum:  0.0, Workers: 4
[2256.815s][debug][gc,phases      ] GC(208)     Dead                           Min: 0, Avg:  0.0, Max: 0, Diff: 0, Sum: 0, Workers: 4
[2256.815s][debug][gc,phases      ] GC(208)     Total                          Min: 0, Avg:  0.0, Max: 0, Diff: 0, Sum: 0, Workers: 4
[2256.815s][debug][gc,phases      ] GC(208)   StringDedup Requests1 Weak     Min:  0.0, Avg:  0.0, Max:  0.0, Diff:  0.0, Sum:  0.0, Workers: 4
[2256.815s][debug][gc,phases      ] GC(208)     Dead                           Min: 0, Avg:  0.0, Max: 0, Diff: 0, Sum: 0, Workers: 4
[2256.815s][debug][gc,phases      ] GC(208)     Total                          Min: 0, Avg:  0.0, Max: 0, Diff: 0, Sum: 0, Workers: 4
[2256.815s][debug][gc,phases      ] GC(208)   Weak JFR Old Object Samples    Min:  0.0, Avg:  0.0, Max:  0.0, Diff:  0.0, Sum:  0.0, Workers: 4
[2256.815s][debug][gc,phases      ] GC(208)     Dead                           Min: 0, Avg:  0.0, Max: 0, Diff: 0, Sum: 0, Workers: 4
[2256.815s][debug][gc,phases      ] GC(208)     Total                          Min: 0, Avg:  0.0, Max: 0, Diff: 0, Sum: 0, Workers: 4
[2256.815s][debug][gc,phases      ] GC(208) Weak Processing 0.318ms
[2256.815s][debug][gc,age         ] GC(208) Desired survivor size 219676672 bytes, new threshold 15 (max threshold 15)
[2256.815s][info ][gc,heap        ] GC(208) PSYoungGen: 1694304K(1694720K)->2064K(1878528K) Eden: 1692672K(1692672K)->0K(1668096K) From: 1632K(2048K)->2064K(210432K)
[2256.815s][info ][gc,heap        ] GC(208) ParOldGen: 890547K(1048576K)->890547K(1048576K)
[2256.815s][info ][gc,metaspace   ] GC(208) Metaspace: 84815K(85696K)->84815K(85696K) NonClass: 73031K(73536K)->73031K(73536K) Class: 11784K(12160K)->11784K(12160K)
[2256.815s][info ][gc             ] GC(208) Pause Young (Allocation Failure) 2524M->871M(2858M) 2.533ms
[2256.815s][info ][gc,cpu         ] GC(208) User=0.00s Sys=0.00s Real=0.00s
[2256.815s][info ][safepoint      ] Safepoint "ParallelGCFailedAllocation", Time since last: 593402547 ns, Reaching safepoint: 151109 ns, At safepoint: 2610854 ns, Total: 2761963 ns
[2257.815s][info ][safepoint      ] Safepoint "Cleanup", Time since last: 1000105868 ns, Reaching safepoint: 147309 ns, At safepoint: 13201 ns, Total: 160510 ns
[2259.816s][info ][safepoint      ] Safepoint "Cleanup", Time since last: 2000475352 ns, Reaching safepoint: 51503 ns, At safepoint: 7500 ns, Total: 59003 ns
[2261.816s][info ][safepoint      ] Safepoint "Cleanup", Time since last: 2000190036 ns, Reaching safepoint: 113907 ns, At safepoint: 8400 ns, Total: 122307 ns
[2266.816s][info ][safepoint      ] Safepoint "Cleanup", Time since last: 5000366434 ns, Reaching safepoint: 38702 ns, At safepoint: 3601 ns, Total: 42303 ns
[2269.817s][info ][safepoint      ] Safepoint "Cleanup", Time since last: 3000242503 ns, Reaching safepoint: 51503 ns, At safepoint: 7400 ns, Total: 58903 ns
[2272.817s][info ][safepoint      ] Safepoint "Cleanup", Time since last: 3000253004 ns, Reaching safepoint: 53304 ns, At safepoint: 5800 ns, Total: 59104 ns
[2274.817s][info ][safepoint      ] Safepoint "Cleanup", Time since last: 2000169737 ns, Reaching safepoint: 33502 ns, At safepoint: 28801 ns, Total: 62303 ns
[2276.817s][info ][safepoint      ] Safepoint "Cleanup", Time since last: 2000193739 ns, Reaching safepoint: 43703 ns, At safepoint: 3400 ns, Total: 47103 ns
[2279.818s][info ][safepoint      ] Safepoint "Cleanup", Time since last: 3000277008 ns, Reaching safepoint: 50703 ns, At safepoint: 4600 ns, Total: 55303 ns
[2281.818s][info ][safepoint      ] Safepoint "Cleanup", Time since last: 2000171838 ns, Reaching safepoint: 56804 ns, At safepoint: 3200 ns, Total: 60004 ns
[2282.818s][info ][safepoint      ] Safepoint "Cleanup", Time since last: 1000103670 ns, Reaching safepoint: 73704 ns, At safepoint: 6001 ns, Total: 79705 ns
[2284.818s][info ][safepoint      ] Safepoint "Cleanup", Time since last: 2000194040 ns, Reaching safepoint: 62404 ns, At safepoint: 5600 ns, Total: 68004 ns
[2286.819s][info ][safepoint      ] Safepoint "Cleanup", Time since last: 2000169439 ns, Reaching safepoint: 51903 ns, At safepoint: 5900 ns, Total: 57803 ns
[2289.819s][info ][safepoint      ] Safepoint "Cleanup", Time since last: 3000236309 ns, Reaching safepoint: 48102 ns, At safepoint: 2801 ns, Total: 50903 ns
[2290.819s][info ][safepoint      ] Safepoint "Cleanup", Time since last: 1000080369 ns, Reaching safepoint: 28902 ns, At safepoint: 2700 ns, Total: 31602 ns
[2291.819s][info ][safepoint      ] Safepoint "Cleanup", Time since last: 1000100771 ns, Reaching safepoint: 41403 ns, At safepoint: 2800 ns, Total: 44203 ns
[2292.819s][info ][safepoint      ] Safepoint "Cleanup", Time since last: 1000093370 ns, Reaching safepoint: 54004 ns, At safepoint: 4900 ns, Total: 58904 ns
[2293.820s][info ][safepoint      ] Safepoint "Cleanup", Time since last: 1000118072 ns, Reaching safepoint: 45203 ns, At safepoint: 5000 ns, Total: 50203 ns
[2294.820s][info ][safepoint      ] Safepoint "Cleanup", Time since last: 1000142374 ns, Reaching safepoint: 47303 ns, At safepoint: 3800 ns, Total: 51103 ns
[2296.820s][info ][safepoint      ] Safepoint "Cleanup", Time since last: 2000212043 ns, Reaching safepoint: 53603 ns, At safepoint: 13001 ns, Total: 66604 ns
[2299.820s][info ][safepoint      ] Safepoint "Cleanup", Time since last: 3000198509 ns, Reaching safepoint: 50403 ns, At safepoint: 8000 ns, Total: 58403 ns
[2310.821s][info ][safepoint      ] Safepoint "Cleanup", Time since last: 11000825178 ns, Reaching safepoint: 58804 ns, At safepoint: 11000 ns, Total: 69804 ns
[2312.821s][info ][safepoint      ] Safepoint "Cleanup", Time since last: 2000221447 ns, Reaching safepoint: 49803 ns, At safepoint: 5601 ns, Total: 55404 ns
[2316.310s][info ][gc,start       ] GC(209) Pause Young (Allocation Failure)
[2316.312s][debug][gc,phases      ] GC(209) Scavenge 2.240ms
[2316.312s][debug][gc,ref         ] GC(209) Skipped phase 1 of Reference Processing: no references
[2316.312s][debug][gc,ref         ] GC(209) Skipped phase 2 of Reference Processing: no references
[2316.312s][debug][gc,ref         ] GC(209) Skipped phase 3 of Reference Processing: no references
[2316.312s][debug][gc,ref         ] GC(209) Skipped phase 4 of Reference Processing: no references
[2316.312s][debug][gc,phases      ] GC(209) Reference Processing 0.025ms
[2316.312s][debug][gc,phases      ] GC(209)   VM Weak                        Min:  0.0, Avg:  0.0, Max:  0.0, Diff:  0.0, Sum:  0.0, Workers: 4
[2316.312s][debug][gc,phases      ] GC(209)     Dead                           Min: 0, Avg:  0.0, Max: 0, Diff: 0, Sum: 0, Workers: 4
[2316.312s][debug][gc,phases      ] GC(209)     Total                          Min: 0, Avg: 181.0, Max: 384, Diff: 384, Sum: 724, Workers: 4
[2316.312s][debug][gc,phases      ] GC(209)   ObjectSynchronizer Weak        Min:  0.0, Avg:  0.0, Max:  0.0, Diff:  0.0, Sum:  0.0, Workers: 4
[2316.312s][debug][gc,phases      ] GC(209)     Dead                           Min: 0, Avg:  0.0, Max: 0, Diff: 0, Sum: 0, Workers: 4
[2316.312s][debug][gc,phases      ] GC(209)     Total                          Min: 0, Avg: 103.8, Max: 159, Diff: 159, Sum: 415, Workers: 4
[2316.312s][debug][gc,phases      ] GC(209)   JVMTI Tag Weak OopStorage      Min:  0.0, Avg:  0.0, Max:  0.0, Diff:  0.0, Sum:  0.0, Workers: 4
[2316.312s][debug][gc,phases      ] GC(209)     Dead                           Min: 0, Avg:  0.0, Max: 0, Diff: 0, Sum: 0, Workers: 4
[2316.312s][debug][gc,phases      ] GC(209)     Total                          Min: 0, Avg:  0.0, Max: 0, Diff: 0, Sum: 0, Workers: 4
[2316.312s][debug][gc,phases      ] GC(209)   StringTable Weak               Min:  0.1, Avg:  0.1, Max:  0.1, Diff:  0.0, Sum:  0.4, Workers: 4
[2316.312s][debug][gc,phases      ] GC(209)     Dead                           Min: 0, Avg:  0.0, Max: 0, Diff: 0, Sum: 0, Workers: 4
[2316.312s][debug][gc,phases      ] GC(209)     Total                          Min: 10624, Avg: 12103.5, Max: 13312, Diff: 2688, Sum: 48414, Workers: 4
[2316.312s][debug][gc,phases      ] GC(209)   ResolvedMethodTable Weak       Min:  0.0, Avg:  0.0, Max:  0.0, Diff:  0.0, Sum:  0.1, Workers: 4
[2316.312s][debug][gc,phases      ] GC(209)     Dead                           Min: 0, Avg:  0.0, Max: 0, Diff: 0, Sum: 0, Workers: 4
[2316.312s][debug][gc,phases      ] GC(209)     Total                          Min: 2048, Avg: 2164.8, Max: 2259, Diff: 211, Sum: 8659, Workers: 4
[2316.312s][debug][gc,phases      ] GC(209)   JNI Weak                       Min:  0.0, Avg:  0.0, Max:  0.0, Diff:  0.0, Sum:  0.0, Workers: 4
[2316.312s][debug][gc,phases      ] GC(209)     Dead                           Min: 0, Avg:  0.0, Max: 0, Diff: 0, Sum: 0, Workers: 4
[2316.312s][debug][gc,phases      ] GC(209)     Total                          Min: 0, Avg:  0.0, Max: 0, Diff: 0, Sum: 0, Workers: 4
[2316.312s][debug][gc,phases      ] GC(209)   StringDedup Table Weak         Min:  0.0, Avg:  0.0, Max:  0.0, Diff:  0.0, Sum:  0.0, Workers: 4
[2316.312s][debug][gc,phases      ] GC(209)     Dead                           Min: 0, Avg:  0.0, Max: 0, Diff: 0, Sum: 0, Workers: 4
[2316.312s][debug][gc,phases      ] GC(209)     Total                          Min: 0, Avg:  0.0, Max: 0, Diff: 0, Sum: 0, Workers: 4
[2316.312s][debug][gc,phases      ] GC(209)   StringDedup Requests0 Weak     Min:  0.0, Avg:  0.0, Max:  0.0, Diff:  0.0, Sum:  0.0, Workers: 4
[2316.312s][debug][gc,phases      ] GC(209)     Dead                           Min: 0, Avg:  0.0, Max: 0, Diff: 0, Sum: 0, Workers: 4
[2316.312s][debug][gc,phases      ] GC(209)     Total                          Min: 0, Avg:  0.0, Max: 0, Diff: 0, Sum: 0, Workers: 4
[2316.313s][debug][gc,phases      ] GC(209)   StringDedup Requests1 Weak     Min:  0.0, Avg:  0.0, Max:  0.0, Diff:  0.0, Sum:  0.0, Workers: 4
[2316.313s][debug][gc,phases      ] GC(209)     Dead                           Min: 0, Avg:  0.0, Max: 0, Diff: 0, Sum: 0, Workers: 4
[2316.313s][debug][gc,phases      ] GC(209)     Total                          Min: 0, Avg:  0.0, Max: 0, Diff: 0, Sum: 0, Workers: 4
[2316.313s][debug][gc,phases      ] GC(209)   Weak JFR Old Object Samples    Min:  0.0, Avg:  0.0, Max:  0.0, Diff:  0.0, Sum:  0.0, Workers: 4
[2316.313s][debug][gc,phases      ] GC(209)     Dead                           Min: 0, Avg:  0.0, Max: 0, Diff: 0, Sum: 0, Workers: 4
[2316.313s][debug][gc,phases      ] GC(209)     Total                          Min: 0, Avg:  0.0, Max: 0, Diff: 0, Sum: 0, Workers: 4
[2316.313s][debug][gc,phases      ] GC(209) Weak Processing 0.361ms
[2316.313s][debug][gc,age         ] GC(209) Desired survivor size 220725248 bytes, new threshold 15 (max threshold 15)
[2316.313s][info ][gc,heap        ] GC(209) PSYoungGen: 1670160K(1878528K)->2144K(1670656K) Eden: 1668096K(1668096K)->0K(1668096K) From: 2064K(210432K)->2144K(2560K)
[2316.313s][info ][gc,heap        ] GC(209) ParOldGen: 890547K(1048576K)->890547K(1048576K)
[2316.313s][info ][gc,metaspace   ] GC(209) Metaspace: 84824K(85696K)->84824K(85696K) NonClass: 73040K(73536K)->73040K(73536K) Class: 11784K(12160K)->11784K(12160K)
[2316.313s][info ][gc             ] GC(209) Pause Young (Allocation Failure) 2500M->871M(2655M) 2.744ms
[2316.313s][info ][gc,cpu         ] GC(209) User=0.01s Sys=0.00s Real=0.00s
[2316.313s][info ][safepoint      ] Safepoint "ParallelGCFailedAllocation", Time since last: 3488264641 ns, Reaching safepoint: 123608 ns, At safepoint: 2823466 ns, Total: 2947074 ns
[2319.313s][info ][safepoint      ] Safepoint "Cleanup", Time since last: 3000206015 ns, Reaching safepoint: 122707 ns, At safepoint: 6100 ns, Total: 128807 ns
[2324.314s][info ][safepoint      ] Safepoint "Cleanup", Time since last: 5000427664 ns, Reaching safepoint: 120407 ns, At safepoint: 7801 ns, Total: 128208 ns
[2326.314s][info ][safepoint      ] Safepoint "Cleanup", Time since last: 2000176046 ns, Reaching safepoint: 121608 ns, At safepoint: 8000 ns, Total: 129608 ns
[2329.314s][info ][safepoint      ] Safepoint "Cleanup", Time since last: 3000256220 ns, Reaching safepoint: 118107 ns, At safepoint: 6200 ns, Total: 124307 ns
[2332.315s][info ][safepoint      ] Safepoint "Cleanup", Time since last: 3000237220 ns, Reaching safepoint: 120507 ns, At safepoint: 8201 ns, Total: 128708 ns
[2335.315s][info ][safepoint      ] Safepoint "Cleanup", Time since last: 3000243020 ns, Reaching safepoint: 113507 ns, At safepoint: 36002 ns, Total: 149509 ns
[2336.315s][info ][safepoint      ] Safepoint "Cleanup", Time since last: 1000102975 ns, Reaching safepoint: 164810 ns, At safepoint: 10000 ns, Total: 174810 ns
[2337.315s][info ][safepoint      ] Safepoint "Cleanup", Time since last: 1000120177 ns, Reaching safepoint: 102706 ns, At safepoint: 7800 ns, Total: 110506 ns
[2345.316s][info ][safepoint      ] Safepoint "Cleanup", Time since last: 8000600691 ns, Reaching safepoint: 48703 ns, At safepoint: 16401 ns, Total: 65104 ns
[2347.316s][info ][safepoint      ] Safepoint "Cleanup", Time since last: 2000200551 ns, Reaching safepoint: 44103 ns, At safepoint: 2800 ns, Total: 46903 ns
[2351.317s][info ][safepoint      ] Safepoint "Cleanup", Time since last: 4000298398 ns, Reaching safepoint: 51203 ns, At safepoint: 2900 ns, Total: 54103 ns
[2354.317s][info ][safepoint      ] Safepoint "Cleanup", Time since last: 3000232825 ns, Reaching safepoint: 49403 ns, At safepoint: 3000 ns, Total: 52403 ns
[2362.318s][info ][safepoint      ] Safepoint "Cleanup", Time since last: 8000557799 ns, Reaching safepoint: 56204 ns, At safepoint: 4600 ns, Total: 60804 ns
[2364.318s][info ][safepoint      ] Safepoint "Cleanup", Time since last: 2000189153 ns, Reaching safepoint: 56404 ns, At safepoint: 6100 ns, Total: 62504 ns
[2365.318s][info ][safepoint      ] Safepoint "Cleanup", Time since last: 1000109978 ns, Reaching safepoint: 33502 ns, At safepoint: 20601 ns, Total: 54103 ns
[2369.318s][info ][safepoint      ] Safepoint "Cleanup", Time since last: 4000318605 ns, Reaching safepoint: 63204 ns, At safepoint: 9000 ns, Total: 72204 ns
[2374.962s][info ][gc,start       ] GC(210) Pause Young (Allocation Failure)
[2374.965s][debug][gc,phases      ] GC(210) Scavenge 2.277ms
[2374.965s][debug][gc,ref         ] GC(210) Skipped phase 1 of Reference Processing: no references
[2374.965s][debug][gc,ref         ] GC(210) Skipped phase 2 of Reference Processing: no references
[2374.965s][debug][gc,ref         ] GC(210) Skipped phase 3 of Reference Processing: no references
[2374.965s][debug][gc,ref         ] GC(210) ReferenceProcessor::execute queues: 1, RefProcThreadModel::Single, marks_oops_alive: false
[2374.965s][debug][gc,phases      ] GC(210) Reference Processing 0.108ms
[2374.965s][debug][gc,phases      ] GC(210)   VM Weak                        Min:  0.0, Avg:  0.0, Max:  0.0, Diff:  0.0, Sum:  0.0, Workers: 4
[2374.965s][debug][gc,phases      ] GC(210)     Dead                           Min: 0, Avg:  0.0, Max: 0, Diff: 0, Sum: 0, Workers: 4
[2374.965s][debug][gc,phases      ] GC(210)     Total                          Min: 0, Avg: 181.0, Max: 468, Diff: 468, Sum: 724, Workers: 4
[2374.965s][debug][gc,phases      ] GC(210)   ObjectSynchronizer Weak        Min:  0.0, Avg:  0.0, Max:  0.0, Diff:  0.0, Sum:  0.0, Workers: 4
[2374.965s][debug][gc,phases      ] GC(210)     Dead                           Min: 0, Avg:  0.0, Max: 0, Diff: 0, Sum: 0, Workers: 4
[2374.965s][debug][gc,phases      ] GC(210)     Total                          Min: 0, Avg: 103.8, Max: 223, Diff: 223, Sum: 415, Workers: 4
[2374.965s][debug][gc,phases      ] GC(210)   JVMTI Tag Weak OopStorage      Min:  0.0, Avg:  0.0, Max:  0.0, Diff:  0.0, Sum:  0.0, Workers: 4
[2374.965s][debug][gc,phases      ] GC(210)     Dead                           Min: 0, Avg:  0.0, Max: 0, Diff: 0, Sum: 0, Workers: 4
[2374.965s][debug][gc,phases      ] GC(210)     Total                          Min: 0, Avg:  0.0, Max: 0, Diff: 0, Sum: 0, Workers: 4
[2374.965s][debug][gc,phases      ] GC(210)   StringTable Weak               Min:  0.1, Avg:  0.1, Max:  0.1, Diff:  0.0, Sum:  0.4, Workers: 4
[2374.965s][debug][gc,phases      ] GC(210)     Dead                           Min: 0, Avg:  0.0, Max: 0, Diff: 0, Sum: 0, Workers: 4
[2374.965s][debug][gc,phases      ] GC(210)     Total                          Min: 11328, Avg: 12103.5, Max: 13662, Diff: 2334, Sum: 48414, Workers: 4
[2374.965s][debug][gc,phases      ] GC(210)   ResolvedMethodTable Weak       Min:  0.0, Avg:  0.0, Max:  0.0, Diff:  0.0, Sum:  0.1, Workers: 4
[2374.965s][debug][gc,phases      ] GC(210)     Dead                           Min: 0, Avg:  0.0, Max: 0, Diff: 0, Sum: 0, Workers: 4
[2374.965s][debug][gc,phases      ] GC(210)     Total                          Min: 1728, Avg: 2164.8, Max: 2560, Diff: 832, Sum: 8659, Workers: 4
[2374.965s][debug][gc,phases      ] GC(210)   JNI Weak                       Min:  0.0, Avg:  0.0, Max:  0.0, Diff:  0.0, Sum:  0.0, Workers: 4
[2374.965s][debug][gc,phases      ] GC(210)     Dead                           Min: 0, Avg:  0.0, Max: 0, Diff: 0, Sum: 0, Workers: 4
[2374.965s][debug][gc,phases      ] GC(210)     Total                          Min: 0, Avg:  0.0, Max: 0, Diff: 0, Sum: 0, Workers: 4
[2374.965s][debug][gc,phases      ] GC(210)   StringDedup Table Weak         Min:  0.0, Avg:  0.0, Max:  0.0, Diff:  0.0, Sum:  0.0, Workers: 4
[2374.965s][debug][gc,phases      ] GC(210)     Dead                           Min: 0, Avg:  0.0, Max: 0, Diff: 0, Sum: 0, Workers: 4
[2374.965s][debug][gc,phases      ] GC(210)     Total                          Min: 0, Avg:  0.0, Max: 0, Diff: 0, Sum: 0, Workers: 4
[2374.965s][debug][gc,phases      ] GC(210)   StringDedup Requests0 Weak     Min:  0.0, Avg:  0.0, Max:  0.0, Diff:  0.0, Sum:  0.0, Workers: 4
[2374.965s][debug][gc,phases      ] GC(210)     Dead                           Min: 0, Avg:  0.0, Max: 0, Diff: 0, Sum: 0, Workers: 4
[2374.965s][debug][gc,phases      ] GC(210)     Total                          Min: 0, Avg:  0.0, Max: 0, Diff: 0, Sum: 0, Workers: 4
[2374.965s][debug][gc,phases      ] GC(210)   StringDedup Requests1 Weak     Min:  0.0, Avg:  0.0, Max:  0.0, Diff:  0.0, Sum:  0.0, Workers: 4
[2374.965s][debug][gc,phases      ] GC(210)     Dead                           Min: 0, Avg:  0.0, Max: 0, Diff: 0, Sum: 0, Workers: 4
[2374.965s][debug][gc,phases      ] GC(210)     Total                          Min: 0, Avg:  0.0, Max: 0, Diff: 0, Sum: 0, Workers: 4
[2374.965s][debug][gc,phases      ] GC(210)   Weak JFR Old Object Samples    Min:  0.0, Avg:  0.0, Max:  0.0, Diff:  0.0, Sum:  0.0, Workers: 4
[2374.965s][debug][gc,phases      ] GC(210)     Dead                           Min: 0, Avg:  0.0, Max: 0, Diff: 0, Sum: 0, Workers: 4
[2374.965s][debug][gc,phases      ] GC(210)     Total                          Min: 0, Avg:  0.0, Max: 0, Diff: 0, Sum: 0, Workers: 4
[2374.965s][debug][gc,phases      ] GC(210) Weak Processing 0.333ms
[2374.965s][debug][gc,age         ] GC(210) Desired survivor size 219676672 bytes, new threshold 15 (max threshold 15)
[2374.965s][info ][gc,heap        ] GC(210) PSYoungGen: 1670240K(1670656K)->2416K(1882624K) Eden: 1668096K(1668096K)->0K(1667072K) From: 2144K(2560K)->2416K(215552K)
[2374.965s][info ][gc,heap        ] GC(210) ParOldGen: 890547K(1048576K)->890547K(1048576K)
[2374.965s][info ][gc,metaspace   ] GC(210) Metaspace: 84831K(85696K)->84831K(85696K) NonClass: 73047K(73536K)->73047K(73536K) Class: 11784K(12160K)->11784K(12160K)
[2374.965s][info ][gc             ] GC(210) Pause Young (Allocation Failure) 2500M->872M(2862M) 2.848ms
[2374.965s][info ][gc,cpu         ] GC(210) User=0.01s Sys=0.00s Real=0.01s
[2374.965s][info ][safepoint      ] Safepoint "ParallelGCFailedAllocation", Time since last: 5643832692 ns, Reaching safepoint: 148609 ns, At safepoint: 2937774 ns, Total: 3086383 ns
[2376.966s][info ][safepoint      ] Safepoint "Cleanup", Time since last: 2000151753 ns, Reaching safepoint: 48303 ns, At safepoint: 3600 ns, Total: 51903 ns
[2384.966s][info ][safepoint      ] Safepoint "Cleanup", Time since last: 8000574915 ns, Reaching safepoint: 127507 ns, At safepoint: 10501 ns, Total: 138008 ns
[2388.967s][info ][safepoint      ] Safepoint "Cleanup", Time since last: 4000612828 ns, Reaching safepoint: 60504 ns, At safepoint: 7600 ns, Total: 68104 ns
[2393.967s][info ][safepoint      ] Safepoint "Cleanup", Time since last: 5000438393 ns, Reaching safepoint: 57904 ns, At safepoint: 4200 ns, Total: 62104 ns
[2408.969s][info ][safepoint      ] Safepoint "Cleanup", Time since last: 15001195082 ns, Reaching safepoint: 59804 ns, At safepoint: 5700 ns, Total: 65504 ns
[2412.969s][info ][safepoint      ] Safepoint "Cleanup", Time since last: 4000343120 ns, Reaching safepoint: 48003 ns, At safepoint: 6400 ns, Total: 54403 ns
[2417.970s][info ][safepoint      ] Safepoint "Cleanup", Time since last: 5000440802 ns, Reaching safepoint: 54003 ns, At safepoint: 2700 ns, Total: 56703 ns
[2420.970s][info ][safepoint      ] Safepoint "Cleanup", Time since last: 3000269443 ns, Reaching safepoint: 55903 ns, At safepoint: 6500 ns, Total: 62403 ns
[2424.970s][info ][safepoint      ] Safepoint "Cleanup", Time since last: 4000363324 ns, Reaching safepoint: 44903 ns, At safepoint: 3300 ns, Total: 48203 ns
[2429.971s][info ][safepoint      ] Safepoint "Cleanup", Time since last: 5000367802 ns, Reaching safepoint: 51103 ns, At safepoint: 26602 ns, Total: 77705 ns
[2432.408s][info ][gc,start       ] GC(211) Pause Young (Allocation Failure)
[2432.410s][debug][gc,phases      ] GC(211) Scavenge 2.065ms
[2432.410s][debug][gc,ref         ] GC(211) Skipped phase 1 of Reference Processing: no references
[2432.410s][debug][gc,ref         ] GC(211) ReferenceProcessor::execute queues: 1, RefProcThreadModel::Single, marks_oops_alive: false
[2432.410s][debug][gc,ref         ] GC(211) Skipped phase 3 of Reference Processing: no references
[2432.410s][debug][gc,ref         ] GC(211) ReferenceProcessor::execute queues: 1, RefProcThreadModel::Single, marks_oops_alive: false
[2432.410s][debug][gc,phases      ] GC(211) Reference Processing 0.126ms
[2432.411s][debug][gc,phases      ] GC(211)   VM Weak                        Min:  0.0, Avg:  0.0, Max:  0.0, Diff:  0.0, Sum:  0.0, Workers: 4
[2432.411s][debug][gc,phases      ] GC(211)     Dead                           Min: 0, Avg:  0.0, Max: 0, Diff: 0, Sum: 0, Workers: 4
[2432.411s][debug][gc,phases      ] GC(211)     Total                          Min: 0, Avg: 181.2, Max: 448, Diff: 448, Sum: 725, Workers: 4
[2432.411s][debug][gc,phases      ] GC(211)   ObjectSynchronizer Weak        Min:  0.0, Avg:  0.0, Max:  0.0, Diff:  0.0, Sum:  0.0, Workers: 4
[2432.411s][debug][gc,phases      ] GC(211)     Dead                           Min: 0, Avg:  0.0, Max: 0, Diff: 0, Sum: 0, Workers: 4
[2432.411s][debug][gc,phases      ] GC(211)     Total                          Min: 0, Avg: 103.8, Max: 223, Diff: 223, Sum: 415, Workers: 4
[2432.411s][debug][gc,phases      ] GC(211)   JVMTI Tag Weak OopStorage      Min:  0.0, Avg:  0.0, Max:  0.0, Diff:  0.0, Sum:  0.0, Workers: 4
[2432.411s][debug][gc,phases      ] GC(211)     Dead                           Min: 0, Avg:  0.0, Max: 0, Diff: 0, Sum: 0, Workers: 4
[2432.411s][debug][gc,phases      ] GC(211)     Total                          Min: 0, Avg:  0.0, Max: 0, Diff: 0, Sum: 0, Workers: 4
[2432.411s][debug][gc,phases      ] GC(211)   StringTable Weak               Min:  0.1, Avg:  0.1, Max:  0.1, Diff:  0.0, Sum:  0.4, Workers: 4
[2432.411s][debug][gc,phases      ] GC(211)     Dead                           Min: 0, Avg:  0.0, Max: 0, Diff: 0, Sum: 0, Workers: 4
[2432.411s][debug][gc,phases      ] GC(211)     Total                          Min: 11939, Avg: 12104.8, Max: 12288, Diff: 349, Sum: 48419, Workers: 4
[2432.411s][debug][gc,phases      ] GC(211)   ResolvedMethodTable Weak       Min:  0.0, Avg:  0.0, Max:  0.0, Diff:  0.0, Sum:  0.1, Workers: 4
[2432.411s][debug][gc,phases      ] GC(211)     Dead                           Min: 0, Avg:  0.0, Max: 0, Diff: 0, Sum: 0, Workers: 4
[2432.411s][debug][gc,phases      ] GC(211)     Total                          Min: 2048, Avg: 2167.2, Max: 2333, Diff: 285, Sum: 8669, Workers: 4
[2432.411s][debug][gc,phases      ] GC(211)   JNI Weak                       Min:  0.0, Avg:  0.0, Max:  0.0, Diff:  0.0, Sum:  0.0, Workers: 4
[2432.411s][debug][gc,phases      ] GC(211)     Dead                           Min: 0, Avg:  0.0, Max: 0, Diff: 0, Sum: 0, Workers: 4
[2432.411s][debug][gc,phases      ] GC(211)     Total                          Min: 0, Avg:  0.0, Max: 0, Diff: 0, Sum: 0, Workers: 4
[2432.411s][debug][gc,phases      ] GC(211)   StringDedup Table Weak         Min:  0.0, Avg:  0.0, Max:  0.0, Diff:  0.0, Sum:  0.0, Workers: 4
[2432.411s][debug][gc,phases      ] GC(211)     Dead                           Min: 0, Avg:  0.0, Max: 0, Diff: 0, Sum: 0, Workers: 4
[2432.411s][debug][gc,phases      ] GC(211)     Total                          Min: 0, Avg:  0.0, Max: 0, Diff: 0, Sum: 0, Workers: 4
[2432.411s][debug][gc,phases      ] GC(211)   StringDedup Requests0 Weak     Min:  0.0, Avg:  0.0, Max:  0.0, Diff:  0.0, Sum:  0.0, Workers: 4
[2432.411s][debug][gc,phases      ] GC(211)     Dead                           Min: 0, Avg:  0.0, Max: 0, Diff: 0, Sum: 0, Workers: 4
[2432.411s][debug][gc,phases      ] GC(211)     Total                          Min: 0, Avg:  0.0, Max: 0, Diff: 0, Sum: 0, Workers: 4
[2432.411s][debug][gc,phases      ] GC(211)   StringDedup Requests1 Weak     Min:  0.0, Avg:  0.0, Max:  0.0, Diff:  0.0, Sum:  0.0, Workers: 4
[2432.411s][debug][gc,phases      ] GC(211)     Dead                           Min: 0, Avg:  0.0, Max: 0, Diff: 0, Sum: 0, Workers: 4
[2432.411s][debug][gc,phases      ] GC(211)     Total                          Min: 0, Avg:  0.0, Max: 0, Diff: 0, Sum: 0, Workers: 4
[2432.411s][debug][gc,phases      ] GC(211)   Weak JFR Old Object Samples    Min:  0.0, Avg:  0.0, Max:  0.0, Diff:  0.0, Sum:  0.0, Workers: 4
[2432.411s][debug][gc,phases      ] GC(211)     Dead                           Min: 0, Avg:  0.0, Max: 0, Diff: 0, Sum: 0, Workers: 4
[2432.411s][debug][gc,phases      ] GC(211)     Total                          Min: 0, Avg:  0.0, Max: 0, Diff: 0, Sum: 0, Workers: 4
[2432.411s][debug][gc,phases      ] GC(211) Weak Processing 0.299ms
[2432.411s][debug][gc,age         ] GC(211) Desired survivor size 216530944 bytes, new threshold 15 (max threshold 15)
[2432.411s][info ][gc,heap        ] GC(211) PSYoungGen: 1669488K(1882624K)->2288K(1881600K) Eden: 1667072K(1667072K)->0K(1667072K) From: 2416K(215552K)->2288K(214528K)
[2432.411s][info ][gc,heap        ] GC(211) ParOldGen: 890547K(1048576K)->890547K(1048576K)
[2432.411s][info ][gc,metaspace   ] GC(211) Metaspace: 84851K(85696K)->84851K(85696K) NonClass: 73062K(73536K)->73062K(73536K) Class: 11788K(12160K)->11788K(12160K)
[2432.411s][info ][gc             ] GC(211) Pause Young (Allocation Failure) 2500M->871M(2861M) 2.590ms
[2432.411s][info ][gc,cpu         ] GC(211) User=0.01s Sys=0.00s Real=0.00s
[2432.411s][info ][safepoint      ] Safepoint "ParallelGCFailedAllocation", Time since last: 2437243183 ns, Reaching safepoint: 42002 ns, At safepoint: 2679359 ns, Total: 2721361 ns
[2434.411s][info ][safepoint      ] Safepoint "Cleanup", Time since last: 2000189364 ns, Reaching safepoint: 163809 ns, At safepoint: 10501 ns, Total: 174310 ns
[2440.412s][info ][safepoint      ] Safepoint "Cleanup", Time since last: 6000421985 ns, Reaching safepoint: 120507 ns, At safepoint: 6401 ns, Total: 126908 ns
[2447.412s][info ][safepoint      ] Safepoint "Cleanup", Time since last: 7000559573 ns, Reaching safepoint: 130908 ns, At safepoint: 11300 ns, Total: 142208 ns
[2448.413s][info ][safepoint      ] Safepoint "Cleanup", Time since last: 1000109084 ns, Reaching safepoint: 121207 ns, At safepoint: 14701 ns, Total: 135908 ns
[2460.414s][info ][safepoint      ] Safepoint "Cleanup", Time since last: 12000808482 ns, Reaching safepoint: 135908 ns, At safepoint: 9701 ns, Total: 145609 ns
[2462.414s][info ][safepoint      ] Safepoint "Cleanup", Time since last: 2000180167 ns, Reaching safepoint: 120507 ns, At safepoint: 11601 ns, Total: 132108 ns
[2467.414s][info ][safepoint      ] Safepoint "Cleanup", Time since last: 5000402517 ns, Reaching safepoint: 128007 ns, At safepoint: 7001 ns, Total: 135008 ns
[2470.415s][info ][safepoint      ] Safepoint "Cleanup", Time since last: 3000258951 ns, Reaching safepoint: 121908 ns, At safepoint: 6400 ns, Total: 128308 ns
[2483.416s][info ][safepoint      ] Safepoint "Cleanup", Time since last: 13001032892 ns, Reaching safepoint: 114207 ns, At safepoint: 5500 ns, Total: 119707 ns
[2484.416s][info ][safepoint      ] Safepoint "Cleanup", Time since last: 1000111587 ns, Reaching safepoint: 67004 ns, At safepoint: 6400 ns, Total: 73404 ns
[2486.416s][info ][safepoint      ] Safepoint "Cleanup", Time since last: 2000168070 ns, Reaching safepoint: 60703 ns, At safepoint: 2800 ns, Total: 63503 ns
[2490.211s][info ][gc,start       ] GC(212) Pause Young (Allocation Failure)
[2490.214s][debug][gc,phases      ] GC(212) Scavenge 2.341ms
[2490.214s][debug][gc,ref         ] GC(212) Skipped phase 1 of Reference Processing: no references
[2490.214s][debug][gc,ref         ] GC(212) ReferenceProcessor::execute queues: 1, RefProcThreadModel::Single, marks_oops_alive: false
[2490.214s][debug][gc,ref         ] GC(212) Skipped phase 3 of Reference Processing: no references
[2490.214s][debug][gc,ref         ] GC(212) ReferenceProcessor::execute queues: 1, RefProcThreadModel::Single, marks_oops_alive: false
[2490.214s][debug][gc,phases      ] GC(212) Reference Processing 0.114ms
[2490.214s][debug][gc,phases      ] GC(212)   VM Weak                        Min:  0.0, Avg:  0.0, Max:  0.0, Diff:  0.0, Sum:  0.0, Workers: 4
[2490.214s][debug][gc,phases      ] GC(212)     Dead                           Min: 0, Avg:  0.0, Max: 0, Diff: 0, Sum: 0, Workers: 4
[2490.214s][debug][gc,phases      ] GC(212)     Total                          Min: 0, Avg: 181.2, Max: 512, Diff: 512, Sum: 725, Workers: 4
[2490.214s][debug][gc,phases      ] GC(212)   ObjectSynchronizer Weak        Min:  0.0, Avg:  0.0, Max:  0.0, Diff:  0.0, Sum:  0.0, Workers: 4
[2490.214s][debug][gc,phases      ] GC(212)     Dead                           Min: 0, Avg:  0.0, Max: 0, Diff: 0, Sum: 0, Workers: 4
[2490.214s][debug][gc,phases      ] GC(212)     Total                          Min: 0, Avg: 103.8, Max: 256, Diff: 256, Sum: 415, Workers: 4
[2490.214s][debug][gc,phases      ] GC(212)   JVMTI Tag Weak OopStorage      Min:  0.0, Avg:  0.0, Max:  0.0, Diff:  0.0, Sum:  0.0, Workers: 4
[2490.214s][debug][gc,phases      ] GC(212)     Dead                           Min: 0, Avg:  0.0, Max: 0, Diff: 0, Sum: 0, Workers: 4
[2490.214s][debug][gc,phases      ] GC(212)     Total                          Min: 0, Avg:  0.0, Max: 0, Diff: 0, Sum: 0, Workers: 4
[2490.214s][debug][gc,phases      ] GC(212)   StringTable Weak               Min:  0.1, Avg:  0.1, Max:  0.1, Diff:  0.0, Sum:  0.4, Workers: 4
[2490.214s][debug][gc,phases      ] GC(212)     Dead                           Min: 0, Avg:  0.2, Max: 1, Diff: 1, Sum: 1, Workers: 4
[2490.214s][debug][gc,phases      ] GC(212)     Total                          Min: 11310, Avg: 12107.2, Max: 12544, Diff: 1234, Sum: 48429, Workers: 4
[2490.214s][debug][gc,phases      ] GC(212)   ResolvedMethodTable Weak       Min:  0.0, Avg:  0.0, Max:  0.0, Diff:  0.0, Sum:  0.1, Workers: 4
[2490.214s][debug][gc,phases      ] GC(212)     Dead                           Min: 0, Avg:  0.0, Max: 0, Diff: 0, Sum: 0, Workers: 4
[2490.214s][debug][gc,phases      ] GC(212)     Total                          Min: 1984, Avg: 2168.5, Max: 2240, Diff: 256, Sum: 8674, Workers: 4
[2490.214s][debug][gc,phases      ] GC(212)   JNI Weak                       Min:  0.0, Avg:  0.0, Max:  0.0, Diff:  0.0, Sum:  0.0, Workers: 4
[2490.214s][debug][gc,phases      ] GC(212)     Dead                           Min: 0, Avg:  0.0, Max: 0, Diff: 0, Sum: 0, Workers: 4
[2490.214s][debug][gc,phases      ] GC(212)     Total                          Min: 0, Avg:  0.0, Max: 0, Diff: 0, Sum: 0, Workers: 4
[2490.214s][debug][gc,phases      ] GC(212)   StringDedup Table Weak         Min:  0.0, Avg:  0.0, Max:  0.0, Diff:  0.0, Sum:  0.0, Workers: 4
[2490.214s][debug][gc,phases      ] GC(212)     Dead                           Min: 0, Avg:  0.0, Max: 0, Diff: 0, Sum: 0, Workers: 4
[2490.214s][debug][gc,phases      ] GC(212)     Total                          Min: 0, Avg:  0.0, Max: 0, Diff: 0, Sum: 0, Workers: 4
[2490.214s][debug][gc,phases      ] GC(212)   StringDedup Requests0 Weak     Min:  0.0, Avg:  0.0, Max:  0.0, Diff:  0.0, Sum:  0.0, Workers: 4
[2490.214s][debug][gc,phases      ] GC(212)     Dead                           Min: 0, Avg:  0.0, Max: 0, Diff: 0, Sum: 0, Workers: 4
[2490.214s][debug][gc,phases      ] GC(212)     Total                          Min: 0, Avg:  0.0, Max: 0, Diff: 0, Sum: 0, Workers: 4
[2490.214s][debug][gc,phases      ] GC(212)   StringDedup Requests1 Weak     Min:  0.0, Avg:  0.0, Max:  0.0, Diff:  0.0, Sum:  0.0, Workers: 4
[2490.214s][debug][gc,phases      ] GC(212)     Dead                           Min: 0, Avg:  0.0, Max: 0, Diff: 0, Sum: 0, Workers: 4
[2490.214s][debug][gc,phases      ] GC(212)     Total                          Min: 0, Avg:  0.0, Max: 0, Diff: 0, Sum: 0, Workers: 4
[2490.214s][debug][gc,phases      ] GC(212)   Weak JFR Old Object Samples    Min:  0.0, Avg:  0.0, Max:  0.0, Diff:  0.0, Sum:  0.0, Workers: 4
[2490.214s][debug][gc,phases      ] GC(212)     Dead                           Min: 0, Avg:  0.0, Max: 0, Diff: 0, Sum: 0, Workers: 4
[2490.214s][debug][gc,phases      ] GC(212)     Total                          Min: 0, Avg:  0.0, Max: 0, Diff: 0, Sum: 0, Workers: 4
[2490.214s][debug][gc,phases      ] GC(212) Weak Processing 0.313ms
[2490.214s][debug][gc,age         ] GC(212) Desired survivor size 211812352 bytes, new threshold 15 (max threshold 15)
[2490.214s][info ][gc,heap        ] GC(212) PSYoungGen: 1669360K(1881600K)->2400K(1890304K) Eden: 1667072K(1667072K)->0K(1678848K) From: 2288K(214528K)->2400K(211456K)
[2490.214s][info ][gc,heap        ] GC(212) ParOldGen: 890547K(1048576K)->890547K(1048576K)
[2490.214s][info ][gc,metaspace   ] GC(212) Metaspace: 84866K(85760K)->84866K(85760K) NonClass: 73077K(73600K)->73077K(73600K) Class: 11789K(12160K)->11789K(12160K)
[2490.214s][info ][gc             ] GC(212) Pause Young (Allocation Failure) 2499M->872M(2870M) 2.863ms
[2490.214s][info ][gc,cpu         ] GC(212) User=0.01s Sys=0.00s Real=0.00s
[2490.214s][info ][safepoint      ] Safepoint "ParallelGCFailedAllocation", Time since last: 3794737294 ns, Reaching safepoint: 116007 ns, At safepoint: 2962275 ns, Total: 3078282 ns
[2494.215s][info ][safepoint      ] Safepoint "Cleanup", Time since last: 4000351842 ns, Reaching safepoint: 125207 ns, At safepoint: 12801 ns, Total: 138008 ns
[2498.215s][info ][safepoint      ] Safepoint "Cleanup", Time since last: 4000315241 ns, Reaching safepoint: 259215 ns, At safepoint: 6500 ns, Total: 265715 ns
[2509.216s][info ][safepoint      ] Safepoint "Cleanup", Time since last: 11000885844 ns, Reaching safepoint: 52903 ns, At safepoint: 9500 ns, Total: 62403 ns
[2510.216s][info ][safepoint      ] Safepoint "Cleanup", Time since last: 1000103788 ns, Reaching safepoint: 115607 ns, At safepoint: 7600 ns, Total: 123207 ns
[2513.217s][info ][safepoint      ] Safepoint "Cleanup", Time since last: 3000177155 ns, Reaching safepoint: 116207 ns, At safepoint: 11000 ns, Total: 127207 ns
[2525.218s][info ][safepoint      ] Safepoint "Cleanup", Time since last: 12000900537 ns, Reaching safepoint: 43302 ns, At safepoint: 4201 ns, Total: 47503 ns
[2531.218s][info ][safepoint      ] Safepoint "Cleanup", Time since last: 6000428020 ns, Reaching safepoint: 46502 ns, At safepoint: 3401 ns, Total: 49903 ns
[2533.218s][info ][safepoint      ] Safepoint "Cleanup", Time since last: 2000169775 ns, Reaching safepoint: 48103 ns, At safepoint: 3300 ns, Total: 51403 ns
[2549.362s][info ][gc,start       ] GC(213) Pause Young (Allocation Failure)
[2549.365s][debug][gc,phases      ] GC(213) Scavenge 2.352ms
[2549.365s][debug][gc,ref         ] GC(213) Skipped phase 1 of Reference Processing: no references
[2549.365s][debug][gc,ref         ] GC(213) ReferenceProcessor::execute queues: 1, RefProcThreadModel::Single, marks_oops_alive: false
[2549.365s][debug][gc,ref         ] GC(213) Skipped phase 3 of Reference Processing: no references
[2549.365s][debug][gc,ref         ] GC(213) Skipped phase 4 of Reference Processing: no references
[2549.365s][debug][gc,phases      ] GC(213) Reference Processing 0.112ms
[2549.365s][debug][gc,phases      ] GC(213)   VM Weak                        Min:  0.0, Avg:  0.0, Max:  0.0, Diff:  0.0, Sum:  0.0, Workers: 4
[2549.365s][debug][gc,phases      ] GC(213)     Dead                           Min: 0, Avg:  0.0, Max: 0, Diff: 0, Sum: 0, Workers: 4
[2549.365s][debug][gc,phases      ] GC(213)     Total                          Min: 0, Avg: 181.2, Max: 448, Diff: 448, Sum: 725, Workers: 4
[2549.365s][debug][gc,phases      ] GC(213)   ObjectSynchronizer Weak        Min:  0.0, Avg:  0.0, Max:  0.0, Diff:  0.0, Sum:  0.0, Workers: 4
[2549.365s][debug][gc,phases      ] GC(213)     Dead                           Min: 0, Avg:  0.0, Max: 0, Diff: 0, Sum: 0, Workers: 4
[2549.365s][debug][gc,phases      ] GC(213)     Total                          Min: 0, Avg: 103.8, Max: 192, Diff: 192, Sum: 415, Workers: 4
[2549.365s][debug][gc,phases      ] GC(213)   JVMTI Tag Weak OopStorage      Min:  0.0, Avg:  0.0, Max:  0.0, Diff:  0.0, Sum:  0.0, Workers: 4
[2549.365s][debug][gc,phases      ] GC(213)     Dead                           Min: 0, Avg:  0.0, Max: 0, Diff: 0, Sum: 0, Workers: 4
[2549.365s][debug][gc,phases      ] GC(213)     Total                          Min: 0, Avg:  0.0, Max: 0, Diff: 0, Sum: 0, Workers: 4
[2549.365s][debug][gc,phases      ] GC(213)   StringTable Weak               Min:  0.1, Avg:  0.1, Max:  0.1, Diff:  0.0, Sum:  0.4, Workers: 4
[2549.365s][debug][gc,phases      ] GC(213)     Dead                           Min: 0, Avg:  0.0, Max: 0, Diff: 0, Sum: 0, Workers: 4
[2549.365s][debug][gc,phases      ] GC(213)     Total                          Min: 11775, Avg: 12107.2, Max: 12974, Diff: 1199, Sum: 48429, Workers: 4
[2549.365s][debug][gc,phases      ] GC(213)   ResolvedMethodTable Weak       Min:  0.0, Avg:  0.0, Max:  0.0, Diff:  0.0, Sum:  0.1, Workers: 4
[2549.365s][debug][gc,phases      ] GC(213)     Dead                           Min: 0, Avg:  0.0, Max: 0, Diff: 0, Sum: 0, Workers: 4
[2549.365s][debug][gc,phases      ] GC(213)     Total                          Min: 2112, Avg: 2168.5, Max: 2210, Diff: 98, Sum: 8674, Workers: 4
[2549.365s][debug][gc,phases      ] GC(213)   JNI Weak                       Min:  0.0, Avg:  0.0, Max:  0.0, Diff:  0.0, Sum:  0.0, Workers: 4
[2549.365s][debug][gc,phases      ] GC(213)     Dead                           Min: 0, Avg:  0.0, Max: 0, Diff: 0, Sum: 0, Workers: 4
[2549.365s][debug][gc,phases      ] GC(213)     Total                          Min: 0, Avg:  0.0, Max: 0, Diff: 0, Sum: 0, Workers: 4
[2549.365s][debug][gc,phases      ] GC(213)   StringDedup Table Weak         Min:  0.0, Avg:  0.0, Max:  0.0, Diff:  0.0, Sum:  0.0, Workers: 4
[2549.365s][debug][gc,phases      ] GC(213)     Dead                           Min: 0, Avg:  0.0, Max: 0, Diff: 0, Sum: 0, Workers: 4
[2549.365s][debug][gc,phases      ] GC(213)     Total                          Min: 0, Avg:  0.0, Max: 0, Diff: 0, Sum: 0, Workers: 4
[2549.365s][debug][gc,phases      ] GC(213)   StringDedup Requests0 Weak     Min:  0.0, Avg:  0.0, Max:  0.0, Diff:  0.0, Sum:  0.0, Workers: 4
[2549.365s][debug][gc,phases      ] GC(213)     Dead                           Min: 0, Avg:  0.0, Max: 0, Diff: 0, Sum: 0, Workers: 4
[2549.365s][debug][gc,phases      ] GC(213)     Total                          Min: 0, Avg:  0.0, Max: 0, Diff: 0, Sum: 0, Workers: 4
[2549.365s][debug][gc,phases      ] GC(213)   StringDedup Requests1 Weak     Min:  0.0, Avg:  0.0, Max:  0.0, Diff:  0.0, Sum:  0.0, Workers: 4
[2549.365s][debug][gc,phases      ] GC(213)     Dead                           Min: 0, Avg:  0.0, Max: 0, Diff: 0, Sum: 0, Workers: 4
[2549.365s][debug][gc,phases      ] GC(213)     Total                          Min: 0, Avg:  0.0, Max: 0, Diff: 0, Sum: 0, Workers: 4
[2549.365s][debug][gc,phases      ] GC(213)   Weak JFR Old Object Samples    Min:  0.0, Avg:  0.0, Max:  0.0, Diff:  0.0, Sum:  0.0, Workers: 4
[2549.365s][debug][gc,phases      ] GC(213)     Dead                           Min: 0, Avg:  0.0, Max: 0, Diff: 0, Sum: 0, Workers: 4
[2549.365s][debug][gc,phases      ] GC(213)     Total                          Min: 0, Avg:  0.0, Max: 0, Diff: 0, Sum: 0, Workers: 4
[2549.365s][debug][gc,phases      ] GC(213) Weak Processing 0.327ms
[2549.365s][debug][gc,age         ] GC(213) Desired survivor size 206045184 bytes, new threshold 15 (max threshold 15)
[2549.365s][info ][gc,heap        ] GC(213) PSYoungGen: 1681248K(1890304K)->2544K(1885696K) Eden: 1678848K(1678848K)->0K(1678848K) From: 2400K(211456K)->2544K(206848K)
[2549.365s][info ][gc,heap        ] GC(213) ParOldGen: 890547K(1048576K)->890547K(1048576K)
[2549.365s][info ][gc,metaspace   ] GC(213) Metaspace: 84871K(85760K)->84871K(85760K) NonClass: 73081K(73600K)->73081K(73600K) Class: 11789K(12160K)->11789K(12160K)
[2549.365s][info ][gc             ] GC(213) Pause Young (Allocation Failure) 2511M->872M(2865M) 2.910ms
[2549.365s][info ][gc,cpu         ] GC(213) User=0.01s Sys=0.00s Real=0.01s
[2549.365s][info ][safepoint      ] Safepoint "ParallelGCFailedAllocation", Time since last: 16143862531 ns, Reaching safepoint: 144309 ns, At safepoint: 2990376 ns, Total: 3134685 ns
[2566.367s][info ][safepoint      ] Safepoint "Cleanup", Time since last: 17001205901 ns, Reaching safepoint: 50603 ns, At safepoint: 3401 ns, Total: 54004 ns
[2575.367s][info ][safepoint      ] Safepoint "Cleanup", Time since last: 9000660902 ns, Reaching safepoint: 53003 ns, At safepoint: 9501 ns, Total: 62504 ns
[2576.368s][info ][safepoint      ] Safepoint "Cleanup", Time since last: 1000099191 ns, Reaching safepoint: 30201 ns, At safepoint: 3101 ns, Total: 33302 ns
[2578.368s][info ][safepoint      ] Safepoint "Cleanup", Time since last: 2000169180 ns, Reaching safepoint: 55103 ns, At safepoint: 2700 ns, Total: 57803 ns
[2581.368s][info ][safepoint      ] Safepoint "Cleanup", Time since last: 3000219169 ns, Reaching safepoint: 61204 ns, At safepoint: 36502 ns, Total: 97706 ns
[2582.368s][info ][safepoint      ] Safepoint "Cleanup", Time since last: 1000088891 ns, Reaching safepoint: 35802 ns, At safepoint: 3500 ns, Total: 39302 ns
[2584.368s][info ][safepoint      ] Safepoint "Cleanup", Time since last: 2000177681 ns, Reaching safepoint: 44703 ns, At safepoint: 2900 ns, Total: 47603 ns
[2589.369s][info ][safepoint      ] Safepoint "Cleanup", Time since last: 5000428354 ns, Reaching safepoint: 62404 ns, At safepoint: 10900 ns, Total: 73304 ns
[2590.369s][info ][safepoint      ] Safepoint "Cleanup", Time since last: 1000081291 ns, Reaching safepoint: 53403 ns, At safepoint: 3300 ns, Total: 56703 ns
[2591.369s][info ][safepoint      ] Safepoint "Cleanup", Time since last: 1000127594 ns, Reaching safepoint: 37702 ns, At safepoint: 3000 ns, Total: 40702 ns
[2592.369s][info ][safepoint      ] Safepoint "Cleanup", Time since last: 1000058289 ns, Reaching safepoint: 38103 ns, At safepoint: 3000 ns, Total: 41103 ns
[2593.369s][info ][safepoint      ] Safepoint "Cleanup", Time since last: 1000103492 ns, Reaching safepoint: 45102 ns, At safepoint: 3101 ns, Total: 48203 ns
[2597.370s][info ][safepoint      ] Safepoint "Cleanup", Time since last: 4000349165 ns, Reaching safepoint: 53703 ns, At safepoint: 8600 ns, Total: 62303 ns
[2603.370s][info ][safepoint      ] Safepoint "Cleanup", Time since last: 6000469346 ns, Reaching safepoint: 49303 ns, At safepoint: 8801 ns, Total: 58104 ns
[2605.371s][info ][safepoint      ] Safepoint "Cleanup", Time since last: 2000173583 ns, Reaching safepoint: 30502 ns, At safepoint: 2900 ns, Total: 33402 ns
[2609.211s][info ][gc,start       ] GC(214) Pause Young (Allocation Failure)
[2609.214s][debug][gc,phases      ] GC(214) Scavenge 2.280ms
[2609.214s][debug][gc,ref         ] GC(214) Skipped phase 1 of Reference Processing: no references
[2609.214s][debug][gc,ref         ] GC(214) ReferenceProcessor::execute queues: 1, RefProcThreadModel::Single, marks_oops_alive: false
[2609.214s][debug][gc,ref         ] GC(214) Skipped phase 3 of Reference Processing: no references
[2609.214s][debug][gc,ref         ] GC(214) Skipped phase 4 of Reference Processing: no references
[2609.214s][debug][gc,phases      ] GC(214) Reference Processing 0.111ms
[2609.214s][debug][gc,phases      ] GC(214)   VM Weak                        Min:  0.0, Avg:  0.0, Max:  0.0, Diff:  0.0, Sum:  0.0, Workers: 4
[2609.214s][debug][gc,phases      ] GC(214)     Dead                           Min: 0, Avg:  0.0, Max: 0, Diff: 0, Sum: 0, Workers: 4
[2609.214s][debug][gc,phases      ] GC(214)     Total                          Min: 0, Avg: 181.2, Max: 725, Diff: 725, Sum: 725, Workers: 4
[2609.214s][debug][gc,phases      ] GC(214)   ObjectSynchronizer Weak        Min:  0.0, Avg:  0.0, Max:  0.0, Diff:  0.0, Sum:  0.0, Workers: 4
[2609.214s][debug][gc,phases      ] GC(214)     Dead                           Min: 0, Avg:  0.0, Max: 0, Diff: 0, Sum: 0, Workers: 4
[2609.214s][debug][gc,phases      ] GC(214)     Total                          Min: 0, Avg: 103.8, Max: 415, Diff: 415, Sum: 415, Workers: 4
[2609.214s][debug][gc,phases      ] GC(214)   JVMTI Tag Weak OopStorage      Min:  0.0, Avg:  0.0, Max:  0.0, Diff:  0.0, Sum:  0.0, Workers: 4
[2609.214s][debug][gc,phases      ] GC(214)     Dead                           Min: 0, Avg:  0.0, Max: 0, Diff: 0, Sum: 0, Workers: 4
[2609.214s][debug][gc,phases      ] GC(214)     Total                          Min: 0, Avg:  0.0, Max: 0, Diff: 0, Sum: 0, Workers: 4
[2609.214s][debug][gc,phases      ] GC(214)   StringTable Weak               Min:  0.1, Avg:  0.1, Max:  0.1, Diff:  0.0, Sum:  0.4, Workers: 4
[2609.214s][debug][gc,phases      ] GC(214)     Dead                           Min: 0, Avg:  0.0, Max: 0, Diff: 0, Sum: 0, Workers: 4
[2609.214s][debug][gc,phases      ] GC(214)     Total                          Min: 10222, Avg: 12107.5, Max: 13248, Diff: 3026, Sum: 48430, Workers: 4
[2609.214s][debug][gc,phases      ] GC(214)   ResolvedMethodTable Weak       Min:  0.0, Avg:  0.0, Max:  0.0, Diff:  0.0, Sum:  0.1, Workers: 4
[2609.214s][debug][gc,phases      ] GC(214)     Dead                           Min: 0, Avg:  0.0, Max: 0, Diff: 0, Sum: 0, Workers: 4
[2609.214s][debug][gc,phases      ] GC(214)     Total                          Min: 2048, Avg: 2168.5, Max: 2274, Diff: 226, Sum: 8674, Workers: 4
[2609.214s][debug][gc,phases      ] GC(214)   JNI Weak                       Min:  0.0, Avg:  0.0, Max:  0.0, Diff:  0.0, Sum:  0.0, Workers: 4
[2609.214s][debug][gc,phases      ] GC(214)     Dead                           Min: 0, Avg:  0.0, Max: 0, Diff: 0, Sum: 0, Workers: 4
[2609.214s][debug][gc,phases      ] GC(214)     Total                          Min: 0, Avg:  0.0, Max: 0, Diff: 0, Sum: 0, Workers: 4
[2609.214s][debug][gc,phases      ] GC(214)   StringDedup Table Weak         Min:  0.0, Avg:  0.0, Max:  0.0, Diff:  0.0, Sum:  0.0, Workers: 4
[2609.214s][debug][gc,phases      ] GC(214)     Dead                           Min: 0, Avg:  0.0, Max: 0, Diff: 0, Sum: 0, Workers: 4
[2609.214s][debug][gc,phases      ] GC(214)     Total                          Min: 0, Avg:  0.0, Max: 0, Diff: 0, Sum: 0, Workers: 4
[2609.214s][debug][gc,phases      ] GC(214)   StringDedup Requests0 Weak     Min:  0.0, Avg:  0.0, Max:  0.0, Diff:  0.0, Sum:  0.0, Workers: 4
[2609.214s][debug][gc,phases      ] GC(214)     Dead                           Min: 0, Avg:  0.0, Max: 0, Diff: 0, Sum: 0, Workers: 4
[2609.214s][debug][gc,phases      ] GC(214)     Total                          Min: 0, Avg:  0.0, Max: 0, Diff: 0, Sum: 0, Workers: 4
[2609.214s][debug][gc,phases      ] GC(214)   StringDedup Requests1 Weak     Min:  0.0, Avg:  0.0, Max:  0.0, Diff:  0.0, Sum:  0.0, Workers: 4
[2609.214s][debug][gc,phases      ] GC(214)     Dead                           Min: 0, Avg:  0.0, Max: 0, Diff: 0, Sum: 0, Workers: 4
[2609.214s][debug][gc,phases      ] GC(214)     Total                          Min: 0, Avg:  0.0, Max: 0, Diff: 0, Sum: 0, Workers: 4
[2609.214s][debug][gc,phases      ] GC(214)   Weak JFR Old Object Samples    Min:  0.0, Avg:  0.0, Max:  0.0, Diff:  0.0, Sum:  0.0, Workers: 4
[2609.214s][debug][gc,phases      ] GC(214)     Dead                           Min: 0, Avg:  0.0, Max: 0, Diff: 0, Sum: 0, Workers: 4
[2609.214s][debug][gc,phases      ] GC(214)     Total                          Min: 0, Avg:  0.0, Max: 0, Diff: 0, Sum: 0, Workers: 4
[2609.214s][debug][gc,phases      ] GC(214) Weak Processing 0.330ms
[2609.214s][debug][gc,age         ] GC(214) Desired survivor size 199229440 bytes, new threshold 15 (max threshold 15)
[2609.214s][info ][gc,heap        ] GC(214) PSYoungGen: 1681392K(1885696K)->2480K(1902592K) Eden: 1678848K(1678848K)->0K(1701376K) From: 2544K(206848K)->2480K(201216K)
[2609.214s][info ][gc,heap        ] GC(214) ParOldGen: 890547K(1048576K)->890547K(1048576K)
[2609.214s][info ][gc,metaspace   ] GC(214) Metaspace: 84874K(85760K)->84874K(85760K) NonClass: 73085K(73600K)->73085K(73600K) Class: 11789K(12160K)->11789K(12160K)
[2609.214s][info ][gc             ] GC(214) Pause Young (Allocation Failure) 2511M->872M(2882M) 2.840ms
[2609.214s][info ][gc,cpu         ] GC(214) User=0.01s Sys=0.00s Real=0.00s
[2609.214s][info ][safepoint      ] Safepoint "ParallelGCFailedAllocation", Time since last: 3840620329 ns, Reaching safepoint: 72405 ns, At safepoint: 2921972 ns, Total: 2994377 ns
[2611.215s][info ][safepoint      ] Safepoint "Cleanup", Time since last: 2000179785 ns, Reaching safepoint: 108706 ns, At safepoint: 27202 ns, Total: 135908 ns
[2616.215s][info ][safepoint      ] Safepoint "Cleanup", Time since last: 5000386958 ns, Reaching safepoint: 133707 ns, At safepoint: 8201 ns, Total: 141908 ns
[2621.216s][info ][safepoint      ] Safepoint "Cleanup", Time since last: 5000438162 ns, Reaching safepoint: 135008 ns, At safepoint: 7100 ns, Total: 142108 ns
[2625.977s][info ][safepoint      ] Safepoint "Cleanup", Time since last: 4760963814 ns, Reaching safepoint: 65304 ns, At safepoint: 8100 ns, Total: 73404 ns
[2627.977s][info ][safepoint      ] Safepoint "Cleanup", Time since last: 2000160785 ns, Reaching safepoint: 62504 ns, At safepoint: 4300 ns, Total: 66804 ns
[2642.978s][info ][safepoint      ] Safepoint "Cleanup", Time since last: 15000927775 ns, Reaching safepoint: 41703 ns, At safepoint: 27202 ns, Total: 68905 ns
[2650.979s][info ][safepoint      ] Safepoint "Cleanup", Time since last: 8000556341 ns, Reaching safepoint: 52803 ns, At safepoint: 3800 ns, Total: 56603 ns
[2651.979s][info ][safepoint      ] Safepoint "Cleanup", Time since last: 1000103995 ns, Reaching safepoint: 52503 ns, At safepoint: 8801 ns, Total: 61304 ns
[2665.980s][info ][safepoint      ] Safepoint "Cleanup", Time since last: 14001033309 ns, Reaching safepoint: 64904 ns, At safepoint: 9800 ns, Total: 74704 ns
[2668.980s][info ][safepoint      ] Safepoint "Cleanup", Time since last: 3000355290 ns, Reaching safepoint: 45902 ns, At safepoint: 13801 ns, Total: 59703 ns
[2669.112s][info ][gc,start       ] GC(215) Pause Young (Allocation Failure)
[2669.115s][debug][gc,phases      ] GC(215) Scavenge 2.592ms
[2669.115s][debug][gc,ref         ] GC(215) Skipped phase 1 of Reference Processing: no references
[2669.115s][debug][gc,ref         ] GC(215) ReferenceProcessor::execute queues: 1, RefProcThreadModel::Single, marks_oops_alive: false
[2669.115s][debug][gc,ref         ] GC(215) Skipped phase 3 of Reference Processing: no references
[2669.115s][debug][gc,ref         ] GC(215) ReferenceProcessor::execute queues: 1, RefProcThreadModel::Single, marks_oops_alive: false
[2669.115s][debug][gc,phases      ] GC(215) Reference Processing 0.174ms
[2669.115s][debug][gc,phases      ] GC(215)   VM Weak                        Min:  0.0, Avg:  0.0, Max:  0.0, Diff:  0.0, Sum:  0.0, Workers: 4
[2669.115s][debug][gc,phases      ] GC(215)     Dead                           Min: 0, Avg:  0.0, Max: 0, Diff: 0, Sum: 0, Workers: 4
[2669.115s][debug][gc,phases      ] GC(215)     Total                          Min: 0, Avg: 181.2, Max: 725, Diff: 725, Sum: 725, Workers: 4
[2669.115s][debug][gc,phases      ] GC(215)   ObjectSynchronizer Weak        Min:  0.0, Avg:  0.0, Max:  0.0, Diff:  0.0, Sum:  0.0, Workers: 4
[2669.115s][debug][gc,phases      ] GC(215)     Dead                           Min: 0, Avg:  0.0, Max: 0, Diff: 0, Sum: 0, Workers: 4
[2669.115s][debug][gc,phases      ] GC(215)     Total                          Min: 0, Avg: 103.8, Max: 256, Diff: 256, Sum: 415, Workers: 4
[2669.115s][debug][gc,phases      ] GC(215)   JVMTI Tag Weak OopStorage      Min:  0.0, Avg:  0.0, Max:  0.0, Diff:  0.0, Sum:  0.0, Workers: 4
[2669.115s][debug][gc,phases      ] GC(215)     Dead                           Min: 0, Avg:  0.0, Max: 0, Diff: 0, Sum: 0, Workers: 4
[2669.115s][debug][gc,phases      ] GC(215)     Total                          Min: 0, Avg:  0.0, Max: 0, Diff: 0, Sum: 0, Workers: 4
[2669.115s][debug][gc,phases      ] GC(215)   StringTable Weak               Min:  0.1, Avg:  0.1, Max:  0.1, Diff:  0.0, Sum:  0.4, Workers: 4
[2669.115s][debug][gc,phases      ] GC(215)     Dead                           Min: 0, Avg:  0.0, Max: 0, Diff: 0, Sum: 0, Workers: 4
[2669.115s][debug][gc,phases      ] GC(215)     Total                          Min: 10542, Avg: 12107.5, Max: 13696, Diff: 3154, Sum: 48430, Workers: 4
[2669.115s][debug][gc,phases      ] GC(215)   ResolvedMethodTable Weak       Min:  0.0, Avg:  0.0, Max:  0.0, Diff:  0.0, Sum:  0.1, Workers: 4
[2669.115s][debug][gc,phases      ] GC(215)     Dead                           Min: 0, Avg:  0.0, Max: 0, Diff: 0, Sum: 0, Workers: 4
[2669.115s][debug][gc,phases      ] GC(215)     Total                          Min: 2112, Avg: 2168.5, Max: 2210, Diff: 98, Sum: 8674, Workers: 4
[2669.115s][debug][gc,phases      ] GC(215)   JNI Weak                       Min:  0.0, Avg:  0.0, Max:  0.0, Diff:  0.0, Sum:  0.0, Workers: 4
[2669.115s][debug][gc,phases      ] GC(215)     Dead                           Min: 0, Avg:  0.0, Max: 0, Diff: 0, Sum: 0, Workers: 4
[2669.115s][debug][gc,phases      ] GC(215)     Total                          Min: 0, Avg:  0.0, Max: 0, Diff: 0, Sum: 0, Workers: 4
[2669.115s][debug][gc,phases      ] GC(215)   StringDedup Table Weak         Min:  0.0, Avg:  0.0, Max:  0.0, Diff:  0.0, Sum:  0.0, Workers: 4
[2669.115s][debug][gc,phases      ] GC(215)     Dead                           Min: 0, Avg:  0.0, Max: 0, Diff: 0, Sum: 0, Workers: 4
[2669.115s][debug][gc,phases      ] GC(215)     Total                          Min: 0, Avg:  0.0, Max: 0, Diff: 0, Sum: 0, Workers: 4
[2669.115s][debug][gc,phases      ] GC(215)   StringDedup Requests0 Weak     Min:  0.0, Avg:  0.0, Max:  0.0, Diff:  0.0, Sum:  0.0, Workers: 4
[2669.115s][debug][gc,phases      ] GC(215)     Dead                           Min: 0, Avg:  0.0, Max: 0, Diff: 0, Sum: 0, Workers: 4
[2669.115s][debug][gc,phases      ] GC(215)     Total                          Min: 0, Avg:  0.0, Max: 0, Diff: 0, Sum: 0, Workers: 4
[2669.115s][debug][gc,phases      ] GC(215)   StringDedup Requests1 Weak     Min:  0.0, Avg:  0.0, Max:  0.0, Diff:  0.0, Sum:  0.0, Workers: 4
[2669.115s][debug][gc,phases      ] GC(215)     Dead                           Min: 0, Avg:  0.0, Max: 0, Diff: 0, Sum: 0, Workers: 4
[2669.115s][debug][gc,phases      ] GC(215)     Total                          Min: 0, Avg:  0.0, Max: 0, Diff: 0, Sum: 0, Workers: 4
[2669.115s][debug][gc,phases      ] GC(215)   Weak JFR Old Object Samples    Min:  0.0, Avg:  0.0, Max:  0.0, Diff:  0.0, Sum:  0.0, Workers: 4
[2669.115s][debug][gc,phases      ] GC(215)     Dead                           Min: 0, Avg:  0.0, Max: 0, Diff: 0, Sum: 0, Workers: 4
[2669.115s][debug][gc,phases      ] GC(215)     Total                          Min: 0, Avg:  0.0, Max: 0, Diff: 0, Sum: 0, Workers: 4
[2669.115s][debug][gc,phases      ] GC(215) Weak Processing 0.455ms
[2669.115s][debug][gc,age         ] GC(215) Desired survivor size 191889408 bytes, new threshold 15 (max threshold 15)
[2669.115s][info ][gc,heap        ] GC(215) PSYoungGen: 1703856K(1902592K)->2544K(1895936K) Eden: 1701376K(1701376K)->0K(1701376K) From: 2480K(201216K)->2544K(194560K)
[2669.115s][info ][gc,heap        ] GC(215) ParOldGen: 890547K(1048576K)->890547K(1048576K)
[2669.115s][info ][gc,metaspace   ] GC(215) Metaspace: 84876K(85760K)->84876K(85760K) NonClass: 73086K(73600K)->73086K(73600K) Class: 11789K(12160K)->11789K(12160K)
[2669.116s][info ][gc             ] GC(215) Pause Young (Allocation Failure) 2533M->872M(2875M) 3.376ms
[2669.116s][info ][gc,cpu         ] GC(215) User=0.01s Sys=0.00s Real=0.01s
[2669.116s][info ][safepoint      ] Safepoint "ParallelGCFailedAllocation", Time since last: 131708483 ns, Reaching safepoint: 166410 ns, At safepoint: 3475505 ns, Total: 3641915 ns
[2679.116s][info ][safepoint      ] Safepoint "Cleanup", Time since last: 10000722341 ns, Reaching safepoint: 47302 ns, At safepoint: 10901 ns, Total: 58203 ns
[2682.117s][info ][safepoint      ] Safepoint "Cleanup", Time since last: 3000293688 ns, Reaching safepoint: 38102 ns, At safepoint: 3600 ns, Total: 41702 ns
[2693.118s][info ][safepoint      ] Safepoint "Cleanup", Time since last: 11000792141 ns, Reaching safepoint: 51903 ns, At safepoint: 3100 ns, Total: 55003 ns
[2700.118s][info ][safepoint      ] Safepoint "Cleanup", Time since last: 7000572669 ns, Reaching safepoint: 60504 ns, At safepoint: 8600 ns, Total: 69104 ns
[2702.118s][info ][safepoint      ] Safepoint "Cleanup", Time since last: 2000178593 ns, Reaching safepoint: 50103 ns, At safepoint: 3900 ns, Total: 54003 ns
[2705.119s][info ][safepoint      ] Safepoint "Cleanup", Time since last: 3000216786 ns, Reaching safepoint: 47503 ns, At safepoint: 2900 ns, Total: 50403 ns
[2706.119s][info ][safepoint      ] Safepoint "Cleanup", Time since last: 1000103997 ns, Reaching safepoint: 58204 ns, At safepoint: 6400 ns, Total: 64604 ns
[2708.119s][info ][safepoint      ] Safepoint "Cleanup", Time since last: 2000179493 ns, Reaching safepoint: 59604 ns, At safepoint: 6400 ns, Total: 66004 ns
[2713.120s][info ][safepoint      ] Safepoint "Cleanup", Time since last: 5000432882 ns, Reaching safepoint: 68904 ns, At safepoint: 7601 ns, Total: 76505 ns
[2727.121s][info ][safepoint      ] Safepoint "Cleanup", Time since last: 14001407467 ns, Reaching safepoint: 50203 ns, At safepoint: 8100 ns, Total: 58303 ns
[2728.461s][info ][gc,start       ] GC(216) Pause Young (Allocation Failure)
[2728.463s][debug][gc,phases      ] GC(216) Scavenge 2.110ms
[2728.463s][debug][gc,ref         ] GC(216) Skipped phase 1 of Reference Processing: no references
[2728.464s][debug][gc,ref         ] GC(216) ReferenceProcessor::execute queues: 1, RefProcThreadModel::Single, marks_oops_alive: false
[2728.464s][debug][gc,ref         ] GC(216) Skipped phase 3 of Reference Processing: no references
[2728.464s][debug][gc,ref         ] GC(216) ReferenceProcessor::execute queues: 1, RefProcThreadModel::Single, marks_oops_alive: false
[2728.464s][debug][gc,phases      ] GC(216) Reference Processing 0.128ms
[2728.464s][debug][gc,phases      ] GC(216)   VM Weak                        Min:  0.0, Avg:  0.0, Max:  0.0, Diff:  0.0, Sum:  0.0, Workers: 4
[2728.464s][debug][gc,phases      ] GC(216)     Dead                           Min: 0, Avg:  0.0, Max: 0, Diff: 0, Sum: 0, Workers: 4
[2728.464s][debug][gc,phases      ] GC(216)     Total                          Min: 0, Avg: 181.2, Max: 725, Diff: 725, Sum: 725, Workers: 4
[2728.464s][debug][gc,phases      ] GC(216)   ObjectSynchronizer Weak        Min:  0.0, Avg:  0.0, Max:  0.0, Diff:  0.0, Sum:  0.0, Workers: 4
[2728.464s][debug][gc,phases      ] GC(216)     Dead                           Min: 0, Avg:  0.0, Max: 0, Diff: 0, Sum: 0, Workers: 4
[2728.464s][debug][gc,phases      ] GC(216)     Total                          Min: 0, Avg: 103.8, Max: 287, Diff: 287, Sum: 415, Workers: 4
[2728.464s][debug][gc,phases      ] GC(216)   JVMTI Tag Weak OopStorage      Min:  0.0, Avg:  0.0, Max:  0.0, Diff:  0.0, Sum:  0.0, Workers: 4
[2728.464s][debug][gc,phases      ] GC(216)     Dead                           Min: 0, Avg:  0.0, Max: 0, Diff: 0, Sum: 0, Workers: 4
[2728.464s][debug][gc,phases      ] GC(216)     Total                          Min: 0, Avg:  0.0, Max: 0, Diff: 0, Sum: 0, Workers: 4
[2728.464s][debug][gc,phases      ] GC(216)   StringTable Weak               Min:  0.1, Avg:  0.1, Max:  0.1, Diff:  0.0, Sum:  0.4, Workers: 4
[2728.464s][debug][gc,phases      ] GC(216)     Dead                           Min: 0, Avg:  0.0, Max: 0, Diff: 0, Sum: 0, Workers: 4
[2728.464s][debug][gc,phases      ] GC(216)     Total                          Min: 11259, Avg: 12110.8, Max: 13056, Diff: 1797, Sum: 48443, Workers: 4
[2728.464s][debug][gc,phases      ] GC(216)   ResolvedMethodTable Weak       Min:  0.0, Avg:  0.0, Max:  0.0, Diff:  0.0, Sum:  0.1, Workers: 4
[2728.464s][debug][gc,phases      ] GC(216)     Dead                           Min: 0, Avg:  0.0, Max: 0, Diff: 0, Sum: 0, Workers: 4
[2728.464s][debug][gc,phases      ] GC(216)     Total                          Min: 2048, Avg: 2168.5, Max: 2304, Diff: 256, Sum: 8674, Workers: 4
[2728.464s][debug][gc,phases      ] GC(216)   JNI Weak                       Min:  0.0, Avg:  0.0, Max:  0.0, Diff:  0.0, Sum:  0.0, Workers: 4
[2728.464s][debug][gc,phases      ] GC(216)     Dead                           Min: 0, Avg:  0.0, Max: 0, Diff: 0, Sum: 0, Workers: 4
[2728.464s][debug][gc,phases      ] GC(216)     Total                          Min: 0, Avg:  0.0, Max: 0, Diff: 0, Sum: 0, Workers: 4
[2728.464s][debug][gc,phases      ] GC(216)   StringDedup Table Weak         Min:  0.0, Avg:  0.0, Max:  0.0, Diff:  0.0, Sum:  0.0, Workers: 4
[2728.464s][debug][gc,phases      ] GC(216)     Dead                           Min: 0, Avg:  0.0, Max: 0, Diff: 0, Sum: 0, Workers: 4
[2728.464s][debug][gc,phases      ] GC(216)     Total                          Min: 0, Avg:  0.0, Max: 0, Diff: 0, Sum: 0, Workers: 4
[2728.464s][debug][gc,phases      ] GC(216)   StringDedup Requests0 Weak     Min:  0.0, Avg:  0.0, Max:  0.0, Diff:  0.0, Sum:  0.0, Workers: 4
[2728.464s][debug][gc,phases      ] GC(216)     Dead                           Min: 0, Avg:  0.0, Max: 0, Diff: 0, Sum: 0, Workers: 4
[2728.464s][debug][gc,phases      ] GC(216)     Total                          Min: 0, Avg:  0.0, Max: 0, Diff: 0, Sum: 0, Workers: 4
[2728.464s][debug][gc,phases      ] GC(216)   StringDedup Requests1 Weak     Min:  0.0, Avg:  0.0, Max:  0.0, Diff:  0.0, Sum:  0.0, Workers: 4
[2728.464s][debug][gc,phases      ] GC(216)     Dead                           Min: 0, Avg:  0.0, Max: 0, Diff: 0, Sum: 0, Workers: 4
[2728.464s][debug][gc,phases      ] GC(216)     Total                          Min: 0, Avg:  0.0, Max: 0, Diff: 0, Sum: 0, Workers: 4
[2728.464s][debug][gc,phases      ] GC(216)   Weak JFR Old Object Samples    Min:  0.0, Avg:  0.0, Max:  0.0, Diff:  0.0, Sum:  0.0, Workers: 4
[2728.464s][debug][gc,phases      ] GC(216)     Dead                           Min: 0, Avg:  0.0, Max: 0, Diff: 0, Sum: 0, Workers: 4
[2728.464s][debug][gc,phases      ] GC(216)     Total                          Min: 0, Avg:  0.0, Max: 0, Diff: 0, Sum: 0, Workers: 4
[2728.464s][debug][gc,phases      ] GC(216) Weak Processing 0.332ms
[2728.464s][debug][gc,age         ] GC(216) Desired survivor size 184025088 bytes, new threshold 15 (max threshold 15)
[2728.464s][info ][gc,heap        ] GC(216) PSYoungGen: 1703920K(1895936K)->2576K(1917440K) Eden: 1701376K(1701376K)->0K(1730048K) From: 2544K(194560K)->2576K(187392K)
[2728.464s][info ][gc,heap        ] GC(216) ParOldGen: 890547K(1048576K)->890547K(1048576K)
[2728.464s][info ][gc,metaspace   ] GC(216) Metaspace: 84889K(85760K)->84889K(85760K) NonClass: 73099K(73600K)->73099K(73600K) Class: 11789K(12160K)->11789K(12160K)
[2728.464s][info ][gc             ] GC(216) Pause Young (Allocation Failure) 2533M->872M(2896M) 2.691ms
[2728.464s][info ][gc,cpu         ] GC(216) User=0.01s Sys=0.00s Real=0.01s
[2728.464s][info ][safepoint      ] Safepoint "ParallelGCFailedAllocation", Time since last: 1340033485 ns, Reaching safepoint: 105607 ns, At safepoint: 2768063 ns, Total: 2873670 ns
[2738.465s][info ][safepoint      ] Safepoint "Cleanup", Time since last: 10000812371 ns, Reaching safepoint: 144408 ns, At safepoint: 39902 ns, Total: 184310 ns
[2747.466s][info ][safepoint      ] Safepoint "Cleanup", Time since last: 9000678274 ns, Reaching safepoint: 128007 ns, At safepoint: 6401 ns, Total: 134408 ns
[2749.466s][info ][safepoint      ] Safepoint "Cleanup", Time since last: 2000138594 ns, Reaching safepoint: 47602 ns, At safepoint: 4101 ns, Total: 51703 ns
[2761.467s][info ][safepoint      ] Safepoint "Cleanup", Time since last: 12000877668 ns, Reaching safepoint: 52303 ns, At safepoint: 7701 ns, Total: 60004 ns
[2773.468s][info ][safepoint      ] Safepoint "Cleanup", Time since last: 12000809970 ns, Reaching safepoint: 51403 ns, At safepoint: 2900 ns, Total: 54303 ns
[2785.469s][info ][safepoint      ] Safepoint "Cleanup", Time since last: 12000783773 ns, Reaching safepoint: 50903 ns, At safepoint: 7901 ns, Total: 58804 ns
[2790.512s][info ][gc,start       ] GC(217) Pause Young (Allocation Failure)
[2790.514s][debug][gc,phases      ] GC(217) Scavenge 2.112ms
[2790.514s][debug][gc,ref         ] GC(217) Skipped phase 1 of Reference Processing: no references
[2790.514s][debug][gc,ref         ] GC(217) ReferenceProcessor::execute queues: 1, RefProcThreadModel::Single, marks_oops_alive: false
[2790.514s][debug][gc,ref         ] GC(217) Skipped phase 3 of Reference Processing: no references
[2790.514s][debug][gc,ref         ] GC(217) ReferenceProcessor::execute queues: 1, RefProcThreadModel::Single, marks_oops_alive: false
[2790.514s][debug][gc,phases      ] GC(217) Reference Processing 0.107ms
[2790.514s][debug][gc,phases      ] GC(217)   VM Weak                        Min:  0.0, Avg:  0.0, Max:  0.0, Diff:  0.0, Sum:  0.0, Workers: 4
[2790.514s][debug][gc,phases      ] GC(217)     Dead                           Min: 0, Avg:  0.0, Max: 0, Diff: 0, Sum: 0, Workers: 4
[2790.514s][debug][gc,phases      ] GC(217)     Total                          Min: 0, Avg: 181.2, Max: 512, Diff: 512, Sum: 725, Workers: 4
[2790.514s][debug][gc,phases      ] GC(217)   ObjectSynchronizer Weak        Min:  0.0, Avg:  0.0, Max:  0.0, Diff:  0.0, Sum:  0.0, Workers: 4
[2790.514s][debug][gc,phases      ] GC(217)     Dead                           Min: 0, Avg:  0.0, Max: 0, Diff: 0, Sum: 0, Workers: 4
[2790.514s][debug][gc,phases      ] GC(217)     Total                          Min: 0, Avg: 103.8, Max: 223, Diff: 223, Sum: 415, Workers: 4
[2790.514s][debug][gc,phases      ] GC(217)   JVMTI Tag Weak OopStorage      Min:  0.0, Avg:  0.0, Max:  0.0, Diff:  0.0, Sum:  0.0, Workers: 4
[2790.514s][debug][gc,phases      ] GC(217)     Dead                           Min: 0, Avg:  0.0, Max: 0, Diff: 0, Sum: 0, Workers: 4
[2790.514s][debug][gc,phases      ] GC(217)     Total                          Min: 0, Avg:  0.0, Max: 0, Diff: 0, Sum: 0, Workers: 4
[2790.514s][debug][gc,phases      ] GC(217)   StringTable Weak               Min:  0.1, Avg:  0.1, Max:  0.1, Diff:  0.0, Sum:  0.4, Workers: 4
[2790.514s][debug][gc,phases      ] GC(217)     Dead                           Min: 0, Avg:  0.0, Max: 0, Diff: 0, Sum: 0, Workers: 4
[2790.514s][debug][gc,phases      ] GC(217)     Total                          Min: 10934, Avg: 12125.5, Max: 13120, Diff: 2186, Sum: 48502, Workers: 4
[2790.514s][debug][gc,phases      ] GC(217)   ResolvedMethodTable Weak       Min:  0.0, Avg:  0.0, Max:  0.0, Diff:  0.0, Sum:  0.1, Workers: 4
[2790.514s][debug][gc,phases      ] GC(217)     Dead                           Min: 0, Avg:  0.0, Max: 0, Diff: 0, Sum: 0, Workers: 4
[2790.514s][debug][gc,phases      ] GC(217)     Total                          Min: 1856, Avg: 2168.5, Max: 2338, Diff: 482, Sum: 8674, Workers: 4
[2790.514s][debug][gc,phases      ] GC(217)   JNI Weak                       Min:  0.0, Avg:  0.0, Max:  0.0, Diff:  0.0, Sum:  0.0, Workers: 4
[2790.514s][debug][gc,phases      ] GC(217)     Dead                           Min: 0, Avg:  0.0, Max: 0, Diff: 0, Sum: 0, Workers: 4
[2790.514s][debug][gc,phases      ] GC(217)     Total                          Min: 0, Avg:  0.0, Max: 0, Diff: 0, Sum: 0, Workers: 4
[2790.514s][debug][gc,phases      ] GC(217)   StringDedup Table Weak         Min:  0.0, Avg:  0.0, Max:  0.0, Diff:  0.0, Sum:  0.0, Workers: 4
[2790.514s][debug][gc,phases      ] GC(217)     Dead                           Min: 0, Avg:  0.0, Max: 0, Diff: 0, Sum: 0, Workers: 4
[2790.514s][debug][gc,phases      ] GC(217)     Total                          Min: 0, Avg:  0.0, Max: 0, Diff: 0, Sum: 0, Workers: 4
[2790.514s][debug][gc,phases      ] GC(217)   StringDedup Requests0 Weak     Min:  0.0, Avg:  0.0, Max:  0.0, Diff:  0.0, Sum:  0.0, Workers: 4
[2790.514s][debug][gc,phases      ] GC(217)     Dead                           Min: 0, Avg:  0.0, Max: 0, Diff: 0, Sum: 0, Workers: 4
[2790.514s][debug][gc,phases      ] GC(217)     Total                          Min: 0, Avg:  0.0, Max: 0, Diff: 0, Sum: 0, Workers: 4
[2790.514s][debug][gc,phases      ] GC(217)   StringDedup Requests1 Weak     Min:  0.0, Avg:  0.0, Max:  0.0, Diff:  0.0, Sum:  0.0, Workers: 4
[2790.514s][debug][gc,phases      ] GC(217)     Dead                           Min: 0, Avg:  0.0, Max: 0, Diff: 0, Sum: 0, Workers: 4
[2790.514s][debug][gc,phases      ] GC(217)     Total                          Min: 0, Avg:  0.0, Max: 0, Diff: 0, Sum: 0, Workers: 4
[2790.514s][debug][gc,phases      ] GC(217)   Weak JFR Old Object Samples    Min:  0.0, Avg:  0.0, Max:  0.0, Diff:  0.0, Sum:  0.0, Workers: 4
[2790.514s][debug][gc,phases      ] GC(217)     Dead                           Min: 0, Avg:  0.0, Max: 0, Diff: 0, Sum: 0, Workers: 4
[2790.514s][debug][gc,phases      ] GC(217)     Total                          Min: 0, Avg:  0.0, Max: 0, Diff: 0, Sum: 0, Workers: 4
[2790.514s][debug][gc,phases      ] GC(217) Weak Processing 0.325ms
[2790.514s][debug][gc,age         ] GC(217) Desired survivor size 175636480 bytes, new threshold 15 (max threshold 15)
[2790.514s][info ][gc,heap        ] GC(217) PSYoungGen: 1732624K(1917440K)->2592K(1909760K) Eden: 1730048K(1730048K)->0K(1730048K) From: 2576K(187392K)->2592K(179712K)
[2790.514s][info ][gc,heap        ] GC(217) ParOldGen: 890547K(1048576K)->890555K(1048576K)
[2790.514s][info ][gc,metaspace   ] GC(217) Metaspace: 84899K(85760K)->84899K(85760K) NonClass: 73108K(73600K)->73108K(73600K) Class: 11790K(12160K)->11790K(12160K)
[2790.514s][info ][gc             ] GC(217) Pause Young (Allocation Failure) 2561M->872M(2889M) 2.670ms
[2790.514s][info ][gc,cpu         ] GC(217) User=0.01s Sys=0.00s Real=0.00s
[2790.514s][info ][safepoint      ] Safepoint "ParallelGCFailedAllocation", Time since last: 5042919307 ns, Reaching safepoint: 113407 ns, At safepoint: 2748462 ns, Total: 2861869 ns
[2791.515s][info ][safepoint      ] Safepoint "Cleanup", Time since last: 1000091800 ns, Reaching safepoint: 131508 ns, At safepoint: 9800 ns, Total: 141308 ns
[2799.515s][info ][safepoint      ] Safepoint "Cleanup", Time since last: 8000615993 ns, Reaching safepoint: 130908 ns, At safepoint: 8900 ns, Total: 139808 ns
[2809.516s][info ][safepoint      ] Safepoint "Cleanup", Time since last: 10000745992 ns, Reaching safepoint: 120007 ns, At safepoint: 11901 ns, Total: 131908 ns
[2814.517s][info ][safepoint      ] Safepoint "Cleanup", Time since last: 5000355296 ns, Reaching safepoint: 46403 ns, At safepoint: 2900 ns, Total: 49303 ns
[2820.517s][info ][safepoint      ] Safepoint "Cleanup", Time since last: 6000422096 ns, Reaching safepoint: 54104 ns, At safepoint: 2900 ns, Total: 57004 ns
[2833.518s][info ][safepoint      ] Safepoint "Cleanup", Time since last: 13000871393 ns, Reaching safepoint: 47903 ns, At safepoint: 7601 ns, Total: 55504 ns
[2840.519s][info ][safepoint      ] Safepoint "Cleanup", Time since last: 7000505400 ns, Reaching safepoint: 51103 ns, At safepoint: 4701 ns, Total: 55804 ns
[2841.519s][info ][safepoint      ] Safepoint "Cleanup", Time since last: 1000111002 ns, Reaching safepoint: 49303 ns, At safepoint: 4500 ns, Total: 53803 ns
[2846.519s][info ][safepoint      ] Safepoint "Cleanup", Time since last: 5000324200 ns, Reaching safepoint: 40602 ns, At safepoint: 3201 ns, Total: 43803 ns
[2847.519s][info ][safepoint      ] Safepoint "Cleanup", Time since last: 1000106602 ns, Reaching safepoint: 44803 ns, At safepoint: 4200 ns, Total: 49003 ns
[2851.913s][info ][gc,start       ] GC(218) Pause Young (Allocation Failure)
[2851.915s][debug][gc,phases      ] GC(218) Scavenge 2.070ms
[2851.915s][debug][gc,ref         ] GC(218) Skipped phase 1 of Reference Processing: no references
[2851.915s][debug][gc,ref         ] GC(218) ReferenceProcessor::execute queues: 1, RefProcThreadModel::Single, marks_oops_alive: false
[2851.915s][debug][gc,ref         ] GC(218) Skipped phase 3 of Reference Processing: no references
[2851.915s][debug][gc,ref         ] GC(218) ReferenceProcessor::execute queues: 1, RefProcThreadModel::Single, marks_oops_alive: false
[2851.915s][debug][gc,phases      ] GC(218) Reference Processing 0.140ms
[2851.915s][debug][gc,phases      ] GC(218)   VM Weak                        Min:  0.0, Avg:  0.0, Max:  0.0, Diff:  0.0, Sum:  0.0, Workers: 4
[2851.915s][debug][gc,phases      ] GC(218)     Dead                           Min: 0, Avg:  0.0, Max: 0, Diff: 0, Sum: 0, Workers: 4
[2851.915s][debug][gc,phases      ] GC(218)     Total                          Min: 0, Avg: 181.2, Max: 661, Diff: 661, Sum: 725, Workers: 4
[2851.915s][debug][gc,phases      ] GC(218)   ObjectSynchronizer Weak        Min:  0.0, Avg:  0.0, Max:  0.0, Diff:  0.0, Sum:  0.0, Workers: 4
[2851.915s][debug][gc,phases      ] GC(218)     Dead                           Min: 0, Avg:  0.0, Max: 0, Diff: 0, Sum: 0, Workers: 4
[2851.915s][debug][gc,phases      ] GC(218)     Total                          Min: 0, Avg: 103.8, Max: 256, Diff: 256, Sum: 415, Workers: 4
[2851.915s][debug][gc,phases      ] GC(218)   JVMTI Tag Weak OopStorage      Min:  0.0, Avg:  0.0, Max:  0.0, Diff:  0.0, Sum:  0.0, Workers: 4
[2851.915s][debug][gc,phases      ] GC(218)     Dead                           Min: 0, Avg:  0.0, Max: 0, Diff: 0, Sum: 0, Workers: 4
[2851.915s][debug][gc,phases      ] GC(218)     Total                          Min: 0, Avg:  0.0, Max: 0, Diff: 0, Sum: 0, Workers: 4
[2851.915s][debug][gc,phases      ] GC(218)   StringTable Weak               Min:  0.1, Avg:  0.1, Max:  0.1, Diff:  0.0, Sum:  0.4, Workers: 4
[2851.915s][debug][gc,phases      ] GC(218)     Dead                           Min: 0, Avg:  0.2, Max: 1, Diff: 1, Sum: 1, Workers: 4
[2851.915s][debug][gc,phases      ] GC(218)     Total                          Min: 11328, Avg: 12125.8, Max: 12855, Diff: 1527, Sum: 48503, Workers: 4
[2851.915s][debug][gc,phases      ] GC(218)   ResolvedMethodTable Weak       Min:  0.0, Avg:  0.0, Max:  0.0, Diff:  0.0, Sum:  0.1, Workers: 4
[2851.915s][debug][gc,phases      ] GC(218)     Dead                           Min: 0, Avg:  0.0, Max: 0, Diff: 0, Sum: 0, Workers: 4
[2851.915s][debug][gc,phases      ] GC(218)     Total                          Min: 1920, Avg: 2169.0, Max: 2368, Diff: 448, Sum: 8676, Workers: 4
[2851.915s][debug][gc,phases      ] GC(218)   JNI Weak                       Min:  0.0, Avg:  0.0, Max:  0.0, Diff:  0.0, Sum:  0.0, Workers: 4
[2851.915s][debug][gc,phases      ] GC(218)     Dead                           Min: 0, Avg:  0.0, Max: 0, Diff: 0, Sum: 0, Workers: 4
[2851.915s][debug][gc,phases      ] GC(218)     Total                          Min: 0, Avg:  0.0, Max: 0, Diff: 0, Sum: 0, Workers: 4
[2851.915s][debug][gc,phases      ] GC(218)   StringDedup Table Weak         Min:  0.0, Avg:  0.0, Max:  0.0, Diff:  0.0, Sum:  0.0, Workers: 4
[2851.915s][debug][gc,phases      ] GC(218)     Dead                           Min: 0, Avg:  0.0, Max: 0, Diff: 0, Sum: 0, Workers: 4
[2851.915s][debug][gc,phases      ] GC(218)     Total                          Min: 0, Avg:  0.0, Max: 0, Diff: 0, Sum: 0, Workers: 4
[2851.915s][debug][gc,phases      ] GC(218)   StringDedup Requests0 Weak     Min:  0.0, Avg:  0.0, Max:  0.0, Diff:  0.0, Sum:  0.0, Workers: 4
[2851.915s][debug][gc,phases      ] GC(218)     Dead                           Min: 0, Avg:  0.0, Max: 0, Diff: 0, Sum: 0, Workers: 4
[2851.915s][debug][gc,phases      ] GC(218)     Total                          Min: 0, Avg:  0.0, Max: 0, Diff: 0, Sum: 0, Workers: 4
[2851.915s][debug][gc,phases      ] GC(218)   StringDedup Requests1 Weak     Min:  0.0, Avg:  0.0, Max:  0.0, Diff:  0.0, Sum:  0.0, Workers: 4
[2851.915s][debug][gc,phases      ] GC(218)     Dead                           Min: 0, Avg:  0.0, Max: 0, Diff: 0, Sum: 0, Workers: 4
[2851.915s][debug][gc,phases      ] GC(218)     Total                          Min: 0, Avg:  0.0, Max: 0, Diff: 0, Sum: 0, Workers: 4
[2851.915s][debug][gc,phases      ] GC(218)   Weak JFR Old Object Samples    Min:  0.0, Avg:  0.0, Max:  0.0, Diff:  0.0, Sum:  0.0, Workers: 4
[2851.915s][debug][gc,phases      ] GC(218)     Dead                           Min: 0, Avg:  0.0, Max: 0, Diff: 0, Sum: 0, Workers: 4
[2851.915s][debug][gc,phases      ] GC(218)     Total                          Min: 0, Avg:  0.0, Max: 0, Diff: 0, Sum: 0, Workers: 4
[2851.915s][debug][gc,phases      ] GC(218) Weak Processing 0.328ms
[2851.915s][debug][gc,age         ] GC(218) Desired survivor size 167247872 bytes, new threshold 15 (max threshold 15)
[2851.915s][info ][gc,heap        ] GC(218) PSYoungGen: 1732640K(1909760K)->2608K(1933824K) Eden: 1730048K(1730048K)->0K(1762304K) From: 2592K(179712K)->2608K(171520K)
[2851.915s][info ][gc,heap        ] GC(218) ParOldGen: 890555K(1048576K)->890563K(1048576K)
[2851.915s][info ][gc,metaspace   ] GC(218) Metaspace: 84927K(85760K)->84927K(85760K) NonClass: 73136K(73600K)->73136K(73600K) Class: 11791K(12160K)->11791K(12160K)
[2851.915s][info ][gc             ] GC(218) Pause Young (Allocation Failure) 2561M->872M(2912M) 2.669ms
[2851.915s][info ][gc,cpu         ] GC(218) User=0.00s Sys=0.00s Real=0.01s
[2851.915s][info ][safepoint      ] Safepoint "ParallelGCFailedAllocation", Time since last: 4393265725 ns, Reaching safepoint: 39103 ns, At safepoint: 2747562 ns, Total: 2786665 ns
[2856.916s][info ][safepoint      ] Safepoint "Cleanup", Time since last: 5000381705 ns, Reaching safepoint: 63503 ns, At safepoint: 30202 ns, Total: 93705 ns
[2865.917s][info ][safepoint      ] Safepoint "Cleanup", Time since last: 9000628907 ns, Reaching safepoint: 118407 ns, At safepoint: 10701 ns, Total: 129108 ns
[2877.918s][info ][safepoint      ] Safepoint "Cleanup", Time since last: 12000894515 ns, Reaching safepoint: 101606 ns, At safepoint: 6101 ns, Total: 107707 ns
[2878.918s][info ][safepoint      ] Safepoint "Cleanup", Time since last: 1000117604 ns, Reaching safepoint: 57903 ns, At safepoint: 3601 ns, Total: 61504 ns
[2879.918s][info ][safepoint      ] Safepoint "Cleanup", Time since last: 1000070201 ns, Reaching safepoint: 76904 ns, At safepoint: 13701 ns, Total: 90605 ns
[2891.919s][info ][safepoint      ] Safepoint "Cleanup", Time since last: 12000800315 ns, Reaching safepoint: 55904 ns, At safepoint: 10000 ns, Total: 65904 ns
[2894.919s][info ][safepoint      ] Safepoint "Cleanup", Time since last: 3000244207 ns, Reaching safepoint: 66404 ns, At safepoint: 6101 ns, Total: 72505 ns
[2909.067s][info ][safepoint      ] Safepoint "Cleanup", Time since last: 14148219028 ns, Reaching safepoint: 34102 ns, At safepoint: 6301 ns, Total: 40403 ns
[2910.068s][info ][safepoint      ] Safepoint "Cleanup", Time since last: 1000098603 ns, Reaching safepoint: 73705 ns, At safepoint: 14801 ns, Total: 88506 ns
[2911.068s][info ][safepoint      ] Safepoint "Cleanup", Time since last: 1000104404 ns, Reaching safepoint: 55803 ns, At safepoint: 4700 ns, Total: 60503 ns
[2914.068s][info ][safepoint      ] Safepoint "Cleanup", Time since last: 3000247109 ns, Reaching safepoint: 50503 ns, At safepoint: 3500 ns, Total: 54003 ns
[2915.666s][info ][gc,start       ] GC(219) Pause Young (Allocation Failure)
[2915.668s][debug][gc,phases      ] GC(219) Scavenge 2.001ms
[2915.668s][debug][gc,ref         ] GC(219) Skipped phase 1 of Reference Processing: no references
[2915.668s][debug][gc,ref         ] GC(219) ReferenceProcessor::execute queues: 1, RefProcThreadModel::Single, marks_oops_alive: false
[2915.668s][debug][gc,ref         ] GC(219) Skipped phase 3 of Reference Processing: no references
[2915.668s][debug][gc,ref         ] GC(219) ReferenceProcessor::execute queues: 1, RefProcThreadModel::Single, marks_oops_alive: false
[2915.668s][debug][gc,phases      ] GC(219) Reference Processing 0.112ms
[2915.668s][debug][gc,phases      ] GC(219)   VM Weak                        Min:  0.0, Avg:  0.0, Max:  0.0, Diff:  0.0, Sum:  0.0, Workers: 4
[2915.668s][debug][gc,phases      ] GC(219)     Dead                           Min: 0, Avg:  0.0, Max: 0, Diff: 0, Sum: 0, Workers: 4
[2915.668s][debug][gc,phases      ] GC(219)     Total                          Min: 0, Avg: 181.2, Max: 661, Diff: 661, Sum: 725, Workers: 4
[2915.668s][debug][gc,phases      ] GC(219)   ObjectSynchronizer Weak        Min:  0.0, Avg:  0.0, Max:  0.0, Diff:  0.0, Sum:  0.0, Workers: 4
[2915.668s][debug][gc,phases      ] GC(219)     Dead                           Min: 0, Avg:  0.0, Max: 0, Diff: 0, Sum: 0, Workers: 4
[2915.668s][debug][gc,phases      ] GC(219)     Total                          Min: 0, Avg: 103.8, Max: 223, Diff: 223, Sum: 415, Workers: 4
[2915.668s][debug][gc,phases      ] GC(219)   JVMTI Tag Weak OopStorage      Min:  0.0, Avg:  0.0, Max:  0.0, Diff:  0.0, Sum:  0.0, Workers: 4
[2915.668s][debug][gc,phases      ] GC(219)     Dead                           Min: 0, Avg:  0.0, Max: 0, Diff: 0, Sum: 0, Workers: 4
[2915.668s][debug][gc,phases      ] GC(219)     Total                          Min: 0, Avg:  0.0, Max: 0, Diff: 0, Sum: 0, Workers: 4
[2915.668s][debug][gc,phases      ] GC(219)   StringTable Weak               Min:  0.1, Avg:  0.1, Max:  0.1, Diff:  0.0, Sum:  0.4, Workers: 4
[2915.668s][debug][gc,phases      ] GC(219)     Dead                           Min: 0, Avg:  0.0, Max: 0, Diff: 0, Sum: 0, Workers: 4
[2915.668s][debug][gc,phases      ] GC(219)     Total                          Min: 11392, Avg: 12127.2, Max: 12605, Diff: 1213, Sum: 48509, Workers: 4
[2915.668s][debug][gc,phases      ] GC(219)   ResolvedMethodTable Weak       Min:  0.0, Avg:  0.0, Max:  0.0, Diff:  0.0, Sum:  0.1, Workers: 4
[2915.668s][debug][gc,phases      ] GC(219)     Dead                           Min: 0, Avg:  0.0, Max: 0, Diff: 0, Sum: 0, Workers: 4
[2915.668s][debug][gc,phases      ] GC(219)     Total                          Min: 2048, Avg: 2169.5, Max: 2240, Diff: 192, Sum: 8678, Workers: 4
[2915.668s][debug][gc,phases      ] GC(219)   JNI Weak                       Min:  0.0, Avg:  0.0, Max:  0.0, Diff:  0.0, Sum:  0.0, Workers: 4
[2915.668s][debug][gc,phases      ] GC(219)     Dead                           Min: 0, Avg:  0.0, Max: 0, Diff: 0, Sum: 0, Workers: 4
[2915.668s][debug][gc,phases      ] GC(219)     Total                          Min: 0, Avg:  0.0, Max: 0, Diff: 0, Sum: 0, Workers: 4
[2915.668s][debug][gc,phases      ] GC(219)   StringDedup Table Weak         Min:  0.0, Avg:  0.0, Max:  0.0, Diff:  0.0, Sum:  0.0, Workers: 4
[2915.668s][debug][gc,phases      ] GC(219)     Dead                           Min: 0, Avg:  0.0, Max: 0, Diff: 0, Sum: 0, Workers: 4
[2915.668s][debug][gc,phases      ] GC(219)     Total                          Min: 0, Avg:  0.0, Max: 0, Diff: 0, Sum: 0, Workers: 4
[2915.668s][debug][gc,phases      ] GC(219)   StringDedup Requests0 Weak     Min:  0.0, Avg:  0.0, Max:  0.0, Diff:  0.0, Sum:  0.0, Workers: 4
[2915.668s][debug][gc,phases      ] GC(219)     Dead                           Min: 0, Avg:  0.0, Max: 0, Diff: 0, Sum: 0, Workers: 4
[2915.668s][debug][gc,phases      ] GC(219)     Total                          Min: 0, Avg:  0.0, Max: 0, Diff: 0, Sum: 0, Workers: 4
[2915.668s][debug][gc,phases      ] GC(219)   StringDedup Requests1 Weak     Min:  0.0, Avg:  0.0, Max:  0.0, Diff:  0.0, Sum:  0.0, Workers: 4
[2915.668s][debug][gc,phases      ] GC(219)     Dead                           Min: 0, Avg:  0.0, Max: 0, Diff: 0, Sum: 0, Workers: 4
[2915.668s][debug][gc,phases      ] GC(219)     Total                          Min: 0, Avg:  0.0, Max: 0, Diff: 0, Sum: 0, Workers: 4
[2915.668s][debug][gc,phases      ] GC(219)   Weak JFR Old Object Samples    Min:  0.0, Avg:  0.0, Max:  0.0, Diff:  0.0, Sum:  0.0, Workers: 4
[2915.668s][debug][gc,phases      ] GC(219)     Dead                           Min: 0, Avg:  0.0, Max: 0, Diff: 0, Sum: 0, Workers: 4
[2915.668s][debug][gc,phases      ] GC(219)     Total                          Min: 0, Avg:  0.0, Max: 0, Diff: 0, Sum: 0, Workers: 4
[2915.668s][debug][gc,phases      ] GC(219) Weak Processing 0.316ms
[2915.668s][debug][gc,age         ] GC(219) Desired survivor size 158859264 bytes, new threshold 15 (max threshold 15)
[2915.668s][info ][gc,heap        ] GC(219) PSYoungGen: 1764912K(1933824K)->2320K(1925632K) Eden: 1762304K(1762304K)->0K(1762304K) From: 2608K(171520K)->2320K(163328K)
[2915.668s][info ][gc,heap        ] GC(219) ParOldGen: 890563K(1048576K)->890563K(1048576K)
[2915.668s][info ][gc,metaspace   ] GC(219) Metaspace: 84937K(85760K)->84937K(85760K) NonClass: 73144K(73600K)->73144K(73600K) Class: 11792K(12160K)->11792K(12160K)
[2915.668s][info ][gc             ] GC(219) Pause Young (Allocation Failure) 2593M->871M(2904M) 2.540ms
[2915.668s][info ][gc,cpu         ] GC(219) User=0.01s Sys=0.00s Real=0.00s
[2915.668s][info ][safepoint      ] Safepoint "ParallelGCFailedAllocation", Time since last: 1597509610 ns, Reaching safepoint: 57204 ns, At safepoint: 2609154 ns, Total: 2666358 ns
[2952.671s][info ][safepoint      ] Safepoint "Cleanup", Time since last: 37002349689 ns, Reaching safepoint: 57403 ns, At safepoint: 7801 ns, Total: 65204 ns
[2956.671s][info ][safepoint      ] Safepoint "Cleanup", Time since last: 4000331916 ns, Reaching safepoint: 45403 ns, At safepoint: 8400 ns, Total: 53803 ns
[2971.672s][info ][safepoint      ] Safepoint "Cleanup", Time since last: 15001017552 ns, Reaching safepoint: 57603 ns, At safepoint: 11201 ns, Total: 68804 ns
[2977.512s][info ][gc,start       ] GC(220) Pause Young (Allocation Failure)
[2977.515s][debug][gc,phases      ] GC(220) Scavenge 2.349ms
[2977.515s][debug][gc,ref         ] GC(220) Skipped phase 1 of Reference Processing: no references
[2977.515s][debug][gc,ref         ] GC(220) ReferenceProcessor::execute queues: 1, RefProcThreadModel::Single, marks_oops_alive: false
[2977.515s][debug][gc,ref         ] GC(220) Skipped phase 3 of Reference Processing: no references
[2977.515s][debug][gc,ref         ] GC(220) ReferenceProcessor::execute queues: 1, RefProcThreadModel::Single, marks_oops_alive: false
[2977.515s][debug][gc,phases      ] GC(220) Reference Processing 0.346ms
[2977.515s][debug][gc,phases      ] GC(220)   VM Weak                        Min:  0.0, Avg:  0.0, Max:  0.0, Diff:  0.0, Sum:  0.0, Workers: 4
[2977.515s][debug][gc,phases      ] GC(220)     Dead                           Min: 0, Avg:  0.0, Max: 0, Diff: 0, Sum: 0, Workers: 4
[2977.515s][debug][gc,phases      ] GC(220)     Total                          Min: 0, Avg: 181.2, Max: 725, Diff: 725, Sum: 725, Workers: 4
[2977.515s][debug][gc,phases      ] GC(220)   ObjectSynchronizer Weak        Min:  0.0, Avg:  0.0, Max:  0.0, Diff:  0.0, Sum:  0.0, Workers: 4
[2977.515s][debug][gc,phases      ] GC(220)     Dead                           Min: 0, Avg:  0.0, Max: 0, Diff: 0, Sum: 0, Workers: 4
[2977.515s][debug][gc,phases      ] GC(220)     Total                          Min: 0, Avg: 103.8, Max: 351, Diff: 351, Sum: 415, Workers: 4
[2977.515s][debug][gc,phases      ] GC(220)   JVMTI Tag Weak OopStorage      Min:  0.0, Avg:  0.0, Max:  0.0, Diff:  0.0, Sum:  0.0, Workers: 4
[2977.515s][debug][gc,phases      ] GC(220)     Dead                           Min: 0, Avg:  0.0, Max: 0, Diff: 0, Sum: 0, Workers: 4
[2977.515s][debug][gc,phases      ] GC(220)     Total                          Min: 0, Avg:  0.0, Max: 0, Diff: 0, Sum: 0, Workers: 4
[2977.515s][debug][gc,phases      ] GC(220)   StringTable Weak               Min:  0.1, Avg:  0.1, Max:  0.1, Diff:  0.0, Sum:  0.4, Workers: 4
[2977.515s][debug][gc,phases      ] GC(220)     Dead                           Min: 0, Avg:  0.0, Max: 0, Diff: 0, Sum: 0, Workers: 4
[2977.515s][debug][gc,phases      ] GC(220)     Total                          Min: 9792, Avg: 12127.2, Max: 13952, Diff: 4160, Sum: 48509, Workers: 4
[2977.515s][debug][gc,phases      ] GC(220)   ResolvedMethodTable Weak       Min:  0.0, Avg:  0.0, Max:  0.0, Diff:  0.0, Sum:  0.1, Workers: 4
[2977.515s][debug][gc,phases      ] GC(220)     Dead                           Min: 0, Avg:  0.0, Max: 0, Diff: 0, Sum: 0, Workers: 4
[2977.515s][debug][gc,phases      ] GC(220)     Total                          Min: 1958, Avg: 2169.5, Max: 2240, Diff: 282, Sum: 8678, Workers: 4
[2977.515s][debug][gc,phases      ] GC(220)   JNI Weak                       Min:  0.0, Avg:  0.0, Max:  0.0, Diff:  0.0, Sum:  0.0, Workers: 4
[2977.515s][debug][gc,phases      ] GC(220)     Dead                           Min: 0, Avg:  0.0, Max: 0, Diff: 0, Sum: 0, Workers: 4
[2977.515s][debug][gc,phases      ] GC(220)     Total                          Min: 0, Avg:  0.0, Max: 0, Diff: 0, Sum: 0, Workers: 4
[2977.515s][debug][gc,phases      ] GC(220)   StringDedup Table Weak         Min:  0.0, Avg:  0.0, Max:  0.0, Diff:  0.0, Sum:  0.0, Workers: 4
[2977.515s][debug][gc,phases      ] GC(220)     Dead                           Min: 0, Avg:  0.0, Max: 0, Diff: 0, Sum: 0, Workers: 4
[2977.515s][debug][gc,phases      ] GC(220)     Total                          Min: 0, Avg:  0.0, Max: 0, Diff: 0, Sum: 0, Workers: 4
[2977.515s][debug][gc,phases      ] GC(220)   StringDedup Requests0 Weak     Min:  0.0, Avg:  0.0, Max:  0.0, Diff:  0.0, Sum:  0.0, Workers: 4
[2977.515s][debug][gc,phases      ] GC(220)     Dead                           Min: 0, Avg:  0.0, Max: 0, Diff: 0, Sum: 0, Workers: 4
[2977.515s][debug][gc,phases      ] GC(220)     Total                          Min: 0, Avg:  0.0, Max: 0, Diff: 0, Sum: 0, Workers: 4
[2977.515s][debug][gc,phases      ] GC(220)   StringDedup Requests1 Weak     Min:  0.0, Avg:  0.0, Max:  0.0, Diff:  0.0, Sum:  0.0, Workers: 4
[2977.515s][debug][gc,phases      ] GC(220)     Dead                           Min: 0, Avg:  0.0, Max: 0, Diff: 0, Sum: 0, Workers: 4
[2977.515s][debug][gc,phases      ] GC(220)     Total                          Min: 0, Avg:  0.0, Max: 0, Diff: 0, Sum: 0, Workers: 4
[2977.515s][debug][gc,phases      ] GC(220)   Weak JFR Old Object Samples    Min:  0.0, Avg:  0.0, Max:  0.0, Diff:  0.0, Sum:  0.0, Workers: 4
[2977.515s][debug][gc,phases      ] GC(220)     Dead                           Min: 0, Avg:  0.0, Max: 0, Diff: 0, Sum: 0, Workers: 4
[2977.515s][debug][gc,phases      ] GC(220)     Total                          Min: 0, Avg:  0.0, Max: 0, Diff: 0, Sum: 0, Workers: 4
[2977.515s][debug][gc,phases      ] GC(220) Weak Processing 0.320ms
[2977.515s][debug][gc,age         ] GC(220) Desired survivor size 150470656 bytes, new threshold 15 (max threshold 15)
[2977.516s][info ][gc,heap        ] GC(220) PSYoungGen: 1764624K(1925632K)->2560K(1950208K) Eden: 1762304K(1762304K)->0K(1795072K) From: 2320K(163328K)->2560K(155136K)
[2977.516s][info ][gc,heap        ] GC(220) ParOldGen: 890563K(1048576K)->890563K(1048576K)
[2977.516s][info ][gc,metaspace   ] GC(220) Metaspace: 84942K(85824K)->84942K(85824K) NonClass: 73149K(73664K)->73149K(73664K) Class: 11792K(12160K)->11792K(12160K)
[2977.516s][info ][gc             ] GC(220) Pause Young (Allocation Failure) 2592M->872M(2928M) 3.122ms
[2977.516s][info ][gc,cpu         ] GC(220) User=0.00s Sys=0.00s Real=0.01s
[2977.516s][info ][safepoint      ] Safepoint "ParallelGCFailedAllocation", Time since last: 5840160651 ns, Reaching safepoint: 100706 ns, At safepoint: 3196489 ns, Total: 3297195 ns
[2980.516s][info ][safepoint      ] Safepoint "Cleanup", Time since last: 3000364621 ns, Reaching safepoint: 59603 ns, At safepoint: 37603 ns, Total: 97206 ns
[2983.516s][info ][safepoint      ] Safepoint "Cleanup", Time since last: 3000308317 ns, Reaching safepoint: 65104 ns, At safepoint: 8101 ns, Total: 73205 ns
[3006.518s][info ][safepoint      ] Safepoint "Cleanup", Time since last: 23001570696 ns, Reaching safepoint: 49203 ns, At safepoint: 6500 ns, Total: 55703 ns
[3007.518s][info ][safepoint      ] Safepoint "Cleanup", Time since last: 1000109707 ns, Reaching safepoint: 49503 ns, At safepoint: 6601 ns, Total: 56104 ns
[3040.363s][info ][gc,start       ] GC(221) Pause Young (Allocation Failure)
[3040.365s][debug][gc,phases      ] GC(221) Scavenge 2.332ms
[3040.365s][debug][gc,ref         ] GC(221) Skipped phase 1 of Reference Processing: no references
[3040.365s][debug][gc,ref         ] GC(221) ReferenceProcessor::execute queues: 1, RefProcThreadModel::Single, marks_oops_alive: false
[3040.365s][debug][gc,ref         ] GC(221) Skipped phase 3 of Reference Processing: no references
[3040.365s][debug][gc,ref         ] GC(221) ReferenceProcessor::execute queues: 1, RefProcThreadModel::Single, marks_oops_alive: false
[3040.365s][debug][gc,phases      ] GC(221) Reference Processing 0.114ms
[3040.365s][debug][gc,phases      ] GC(221)   VM Weak                        Min:  0.0, Avg:  0.0, Max:  0.0, Diff:  0.0, Sum:  0.0, Workers: 4
[3040.365s][debug][gc,phases      ] GC(221)     Dead                           Min: 0, Avg:  0.0, Max: 0, Diff: 0, Sum: 0, Workers: 4
[3040.365s][debug][gc,phases      ] GC(221)     Total                          Min: 0, Avg: 181.2, Max: 384, Diff: 384, Sum: 725, Workers: 4
[3040.365s][debug][gc,phases      ] GC(221)   ObjectSynchronizer Weak        Min:  0.0, Avg:  0.0, Max:  0.0, Diff:  0.0, Sum:  0.0, Workers: 4
[3040.365s][debug][gc,phases      ] GC(221)     Dead                           Min: 0, Avg:  0.0, Max: 0, Diff: 0, Sum: 0, Workers: 4
[3040.365s][debug][gc,phases      ] GC(221)     Total                          Min: 0, Avg: 103.8, Max: 256, Diff: 256, Sum: 415, Workers: 4
[3040.365s][debug][gc,phases      ] GC(221)   JVMTI Tag Weak OopStorage      Min:  0.0, Avg:  0.0, Max:  0.0, Diff:  0.0, Sum:  0.0, Workers: 4
[3040.365s][debug][gc,phases      ] GC(221)     Dead                           Min: 0, Avg:  0.0, Max: 0, Diff: 0, Sum: 0, Workers: 4
[3040.365s][debug][gc,phases      ] GC(221)     Total                          Min: 0, Avg:  0.0, Max: 0, Diff: 0, Sum: 0, Workers: 4
[3040.365s][debug][gc,phases      ] GC(221)   StringTable Weak               Min:  0.1, Avg:  0.1, Max:  0.1, Diff:  0.0, Sum:  0.4, Workers: 4
[3040.365s][debug][gc,phases      ] GC(221)     Dead                           Min: 0, Avg:  0.0, Max: 0, Diff: 0, Sum: 0, Workers: 4
[3040.365s][debug][gc,phases      ] GC(221)     Total                          Min: 11072, Avg: 12127.2, Max: 13440, Diff: 2368, Sum: 48509, Workers: 4
[3040.365s][debug][gc,phases      ] GC(221)   ResolvedMethodTable Weak       Min:  0.0, Avg:  0.0, Max:  0.0, Diff:  0.0, Sum:  0.1, Workers: 4
[3040.365s][debug][gc,phases      ] GC(221)     Dead                           Min: 0, Avg:  0.0, Max: 0, Diff: 0, Sum: 0, Workers: 4
[3040.365s][debug][gc,phases      ] GC(221)     Total                          Min: 2022, Avg: 2169.5, Max: 2240, Diff: 218, Sum: 8678, Workers: 4
[3040.365s][debug][gc,phases      ] GC(221)   JNI Weak                       Min:  0.0, Avg:  0.0, Max:  0.0, Diff:  0.0, Sum:  0.0, Workers: 4
[3040.365s][debug][gc,phases      ] GC(221)     Dead                           Min: 0, Avg:  0.0, Max: 0, Diff: 0, Sum: 0, Workers: 4
[3040.365s][debug][gc,phases      ] GC(221)     Total                          Min: 0, Avg:  0.0, Max: 0, Diff: 0, Sum: 0, Workers: 4
[3040.365s][debug][gc,phases      ] GC(221)   StringDedup Table Weak         Min:  0.0, Avg:  0.0, Max:  0.0, Diff:  0.0, Sum:  0.0, Workers: 4
[3040.365s][debug][gc,phases      ] GC(221)     Dead                           Min: 0, Avg:  0.0, Max: 0, Diff: 0, Sum: 0, Workers: 4
[3040.365s][debug][gc,phases      ] GC(221)     Total                          Min: 0, Avg:  0.0, Max: 0, Diff: 0, Sum: 0, Workers: 4
[3040.365s][debug][gc,phases      ] GC(221)   StringDedup Requests0 Weak     Min:  0.0, Avg:  0.0, Max:  0.0, Diff:  0.0, Sum:  0.0, Workers: 4
[3040.365s][debug][gc,phases      ] GC(221)     Dead                           Min: 0, Avg:  0.0, Max: 0, Diff: 0, Sum: 0, Workers: 4
[3040.365s][debug][gc,phases      ] GC(221)     Total                          Min: 0, Avg:  0.0, Max: 0, Diff: 0, Sum: 0, Workers: 4
[3040.365s][debug][gc,phases      ] GC(221)   StringDedup Requests1 Weak     Min:  0.0, Avg:  0.0, Max:  0.0, Diff:  0.0, Sum:  0.0, Workers: 4
[3040.365s][debug][gc,phases      ] GC(221)     Dead                           Min: 0, Avg:  0.0, Max: 0, Diff: 0, Sum: 0, Workers: 4
[3040.365s][debug][gc,phases      ] GC(221)     Total                          Min: 0, Avg:  0.0, Max: 0, Diff: 0, Sum: 0, Workers: 4
[3040.365s][debug][gc,phases      ] GC(221)   Weak JFR Old Object Samples    Min:  0.0, Avg:  0.0, Max:  0.0, Diff:  0.0, Sum:  0.0, Workers: 4
[3040.365s][debug][gc,phases      ] GC(221)     Dead                           Min: 0, Avg:  0.0, Max: 0, Diff: 0, Sum: 0, Workers: 4
[3040.365s][debug][gc,phases      ] GC(221)     Total                          Min: 0, Avg:  0.0, Max: 0, Diff: 0, Sum: 0, Workers: 4
[3040.365s][debug][gc,phases      ] GC(221) Weak Processing 0.330ms
[3040.365s][debug][gc,age         ] GC(221) Desired survivor size 142082048 bytes, new threshold 15 (max threshold 15)
[3040.365s][info ][gc,heap        ] GC(221) PSYoungGen: 1797632K(1950208K)->2432K(1942016K) Eden: 1795072K(1795072K)->0K(1795072K) From: 2560K(155136K)->2432K(146944K)
[3040.365s][info ][gc,heap        ] GC(221) ParOldGen: 890563K(1048576K)->890563K(1048576K)
[3040.365s][info ][gc,metaspace   ] GC(221) Metaspace: 84944K(85824K)->84944K(85824K) NonClass: 73151K(73664K)->73151K(73664K) Class: 11792K(12160K)->11792K(12160K)
[3040.365s][info ][gc             ] GC(221) Pause Young (Allocation Failure) 2625M->872M(2920M) 2.898ms
[3040.366s][info ][gc,cpu         ] GC(221) User=0.01s Sys=0.00s Real=0.01s
[3040.366s][info ][safepoint      ] Safepoint "ParallelGCFailedAllocation", Time since last: 32844259822 ns, Reaching safepoint: 101006 ns, At safepoint: 2982376 ns, Total: 3083382 ns
[3049.366s][info ][safepoint      ] Safepoint "Cleanup", Time since last: 9000597147 ns, Reaching safepoint: 44302 ns, At safepoint: 3200 ns, Total: 47502 ns
[3094.369s][info ][safepoint      ] Safepoint "Cleanup", Time since last: 45003063563 ns, Reaching safepoint: 68604 ns, At safepoint: 11301 ns, Total: 79905 ns
[3103.713s][info ][gc,start       ] GC(222) Pause Young (Allocation Failure)
[3103.715s][debug][gc,phases      ] GC(222) Scavenge 2.232ms
[3103.715s][debug][gc,ref         ] GC(222) Skipped phase 1 of Reference Processing: no references
[3103.715s][debug][gc,ref         ] GC(222) ReferenceProcessor::execute queues: 1, RefProcThreadModel::Single, marks_oops_alive: false
[3103.715s][debug][gc,ref         ] GC(222) Skipped phase 3 of Reference Processing: no references
[3103.715s][debug][gc,ref         ] GC(222) ReferenceProcessor::execute queues: 1, RefProcThreadModel::Single, marks_oops_alive: false
[3103.715s][debug][gc,phases      ] GC(222) Reference Processing 0.108ms
[3103.715s][debug][gc,phases      ] GC(222)   VM Weak                        Min:  0.0, Avg:  0.0, Max:  0.0, Diff:  0.0, Sum:  0.0, Workers: 4
[3103.715s][debug][gc,phases      ] GC(222)     Dead                           Min: 0, Avg:  0.0, Max: 0, Diff: 0, Sum: 0, Workers: 4
[3103.715s][debug][gc,phases      ] GC(222)     Total                          Min: 0, Avg: 181.2, Max: 661, Diff: 661, Sum: 725, Workers: 4
[3103.715s][debug][gc,phases      ] GC(222)   ObjectSynchronizer Weak        Min:  0.0, Avg:  0.0, Max:  0.0, Diff:  0.0, Sum:  0.0, Workers: 4
[3103.715s][debug][gc,phases      ] GC(222)     Dead                           Min: 0, Avg:  0.0, Max: 0, Diff: 0, Sum: 0, Workers: 4
[3103.715s][debug][gc,phases      ] GC(222)     Total                          Min: 0, Avg: 103.8, Max: 223, Diff: 223, Sum: 415, Workers: 4
[3103.715s][debug][gc,phases      ] GC(222)   JVMTI Tag Weak OopStorage      Min:  0.0, Avg:  0.0, Max:  0.0, Diff:  0.0, Sum:  0.0, Workers: 4
[3103.715s][debug][gc,phases      ] GC(222)     Dead                           Min: 0, Avg:  0.0, Max: 0, Diff: 0, Sum: 0, Workers: 4
[3103.715s][debug][gc,phases      ] GC(222)     Total                          Min: 0, Avg:  0.0, Max: 0, Diff: 0, Sum: 0, Workers: 4
[3103.715s][debug][gc,phases      ] GC(222)   StringTable Weak               Min:  0.1, Avg:  0.1, Max:  0.1, Diff:  0.0, Sum:  0.4, Workers: 4
[3103.715s][debug][gc,phases      ] GC(222)     Dead                           Min: 0, Avg:  0.0, Max: 0, Diff: 0, Sum: 0, Workers: 4
[3103.715s][debug][gc,phases      ] GC(222)     Total                          Min: 11584, Avg: 12127.2, Max: 13373, Diff: 1789, Sum: 48509, Workers: 4
[3103.715s][debug][gc,phases      ] GC(222)   ResolvedMethodTable Weak       Min:  0.0, Avg:  0.0, Max:  0.0, Diff:  0.0, Sum:  0.1, Workers: 4
[3103.715s][debug][gc,phases      ] GC(222)     Dead                           Min: 0, Avg:  0.0, Max: 0, Diff: 0, Sum: 0, Workers: 4
[3103.715s][debug][gc,phases      ] GC(222)     Total                          Min: 1920, Avg: 2169.5, Max: 2304, Diff: 384, Sum: 8678, Workers: 4
[3103.715s][debug][gc,phases      ] GC(222)   JNI Weak                       Min:  0.0, Avg:  0.0, Max:  0.0, Diff:  0.0, Sum:  0.0, Workers: 4
[3103.715s][debug][gc,phases      ] GC(222)     Dead                           Min: 0, Avg:  0.0, Max: 0, Diff: 0, Sum: 0, Workers: 4
[3103.715s][debug][gc,phases      ] GC(222)     Total                          Min: 0, Avg:  0.0, Max: 0, Diff: 0, Sum: 0, Workers: 4
[3103.715s][debug][gc,phases      ] GC(222)   StringDedup Table Weak         Min:  0.0, Avg:  0.0, Max:  0.0, Diff:  0.0, Sum:  0.0, Workers: 4
[3103.715s][debug][gc,phases      ] GC(222)     Dead                           Min: 0, Avg:  0.0, Max: 0, Diff: 0, Sum: 0, Workers: 4
[3103.715s][debug][gc,phases      ] GC(222)     Total                          Min: 0, Avg:  0.0, Max: 0, Diff: 0, Sum: 0, Workers: 4
[3103.715s][debug][gc,phases      ] GC(222)   StringDedup Requests0 Weak     Min:  0.0, Avg:  0.0, Max:  0.0, Diff:  0.0, Sum:  0.0, Workers: 4
[3103.715s][debug][gc,phases      ] GC(222)     Dead                           Min: 0, Avg:  0.0, Max: 0, Diff: 0, Sum: 0, Workers: 4
[3103.715s][debug][gc,phases      ] GC(222)     Total                          Min: 0, Avg:  0.0, Max: 0, Diff: 0, Sum: 0, Workers: 4
[3103.715s][debug][gc,phases      ] GC(222)   StringDedup Requests1 Weak     Min:  0.0, Avg:  0.0, Max:  0.0, Diff:  0.0, Sum:  0.0, Workers: 4
[3103.715s][debug][gc,phases      ] GC(222)     Dead                           Min: 0, Avg:  0.0, Max: 0, Diff: 0, Sum: 0, Workers: 4
[3103.715s][debug][gc,phases      ] GC(222)     Total                          Min: 0, Avg:  0.0, Max: 0, Diff: 0, Sum: 0, Workers: 4
[3103.715s][debug][gc,phases      ] GC(222)   Weak JFR Old Object Samples    Min:  0.0, Avg:  0.0, Max:  0.0, Diff:  0.0, Sum:  0.0, Workers: 4
[3103.715s][debug][gc,phases      ] GC(222)     Dead                           Min: 0, Avg:  0.0, Max: 0, Diff: 0, Sum: 0, Workers: 4
[3103.715s][debug][gc,phases      ] GC(222)     Total                          Min: 0, Avg:  0.0, Max: 0, Diff: 0, Sum: 0, Workers: 4
[3103.715s][debug][gc,phases      ] GC(222) Weak Processing 0.325ms
[3103.715s][debug][gc,age         ] GC(222) Desired survivor size 134217728 bytes, new threshold 15 (max threshold 15)
[3103.715s][info ][gc,heap        ] GC(222) PSYoungGen: 1797504K(1942016K)->2208K(1966080K) Eden: 1795072K(1795072K)->0K(1827328K) From: 2432K(146944K)->2208K(138752K)
[3103.715s][info ][gc,heap        ] GC(222) ParOldGen: 890563K(1048576K)->890767K(1048576K)
[3103.715s][info ][gc,metaspace   ] GC(222) Metaspace: 84970K(85824K)->84970K(85824K) NonClass: 73178K(73664K)->73178K(73664K) Class: 11792K(12160K)->11792K(12160K)
[3103.715s][info ][gc             ] GC(222) Pause Young (Allocation Failure) 2625M->872M(2944M) 2.785ms
[3103.715s][info ][gc,cpu         ] GC(222) User=0.01s Sys=0.00s Real=0.01s
[3103.715s][info ][safepoint      ] Safepoint "ParallelGCFailedAllocation", Time since last: 9343082798 ns, Reaching safepoint: 42902 ns, At safepoint: 2879370 ns, Total: 2922272 ns
[3132.718s][info ][safepoint      ] Safepoint "Cleanup", Time since last: 29002227110 ns, Reaching safepoint: 54003 ns, At safepoint: 3601 ns, Total: 57604 ns
[3144.719s][info ][safepoint      ] Safepoint "Cleanup", Time since last: 12000804084 ns, Reaching safepoint: 54803 ns, At safepoint: 27002 ns, Total: 81805 ns
[3152.719s][info ][safepoint      ] Safepoint "Cleanup", Time since last: 8000597461 ns, Reaching safepoint: 48203 ns, At safepoint: 6800 ns, Total: 55003 ns
[3168.016s][info ][gc,start       ] GC(223) Pause Young (Allocation Failure)
[3168.018s][debug][gc,phases      ] GC(223) Scavenge 2.185ms
[3168.018s][debug][gc,ref         ] GC(223) Skipped phase 1 of Reference Processing: no references
[3168.018s][debug][gc,ref         ] GC(223) ReferenceProcessor::execute queues: 1, RefProcThreadModel::Single, marks_oops_alive: false
[3168.018s][debug][gc,ref         ] GC(223) Skipped phase 3 of Reference Processing: no references
[3168.018s][debug][gc,ref         ] GC(223) ReferenceProcessor::execute queues: 1, RefProcThreadModel::Single, marks_oops_alive: false
[3168.018s][debug][gc,phases      ] GC(223) Reference Processing 0.110ms
[3168.019s][debug][gc,phases      ] GC(223)   VM Weak                        Min:  0.0, Avg:  0.0, Max:  0.0, Diff:  0.0, Sum:  0.0, Workers: 4
[3168.019s][debug][gc,phases      ] GC(223)     Dead                           Min: 0, Avg:  0.0, Max: 0, Diff: 0, Sum: 0, Workers: 4
[3168.019s][debug][gc,phases      ] GC(223)     Total                          Min: 0, Avg: 181.2, Max: 512, Diff: 512, Sum: 725, Workers: 4
[3168.019s][debug][gc,phases      ] GC(223)   ObjectSynchronizer Weak        Min:  0.0, Avg:  0.0, Max:  0.0, Diff:  0.0, Sum:  0.0, Workers: 4
[3168.019s][debug][gc,phases      ] GC(223)     Dead                           Min: 0, Avg:  0.0, Max: 0, Diff: 0, Sum: 0, Workers: 4
[3168.019s][debug][gc,phases      ] GC(223)     Total                          Min: 0, Avg: 103.8, Max: 223, Diff: 223, Sum: 415, Workers: 4
[3168.019s][debug][gc,phases      ] GC(223)   JVMTI Tag Weak OopStorage      Min:  0.0, Avg:  0.0, Max:  0.0, Diff:  0.0, Sum:  0.0, Workers: 4
[3168.019s][debug][gc,phases      ] GC(223)     Dead                           Min: 0, Avg:  0.0, Max: 0, Diff: 0, Sum: 0, Workers: 4
[3168.019s][debug][gc,phases      ] GC(223)     Total                          Min: 0, Avg:  0.0, Max: 0, Diff: 0, Sum: 0, Workers: 4
[3168.019s][debug][gc,phases      ] GC(223)   StringTable Weak               Min:  0.1, Avg:  0.1, Max:  0.1, Diff:  0.0, Sum:  0.4, Workers: 4
[3168.019s][debug][gc,phases      ] GC(223)     Dead                           Min: 0, Avg:  0.0, Max: 0, Diff: 0, Sum: 0, Workers: 4
[3168.019s][debug][gc,phases      ] GC(223)     Total                          Min: 11389, Avg: 12127.2, Max: 13120, Diff: 1731, Sum: 48509, Workers: 4
[3168.019s][debug][gc,phases      ] GC(223)   ResolvedMethodTable Weak       Min:  0.0, Avg:  0.0, Max:  0.0, Diff:  0.0, Sum:  0.1, Workers: 4
[3168.019s][debug][gc,phases      ] GC(223)     Dead                           Min: 0, Avg:  0.0, Max: 0, Diff: 0, Sum: 0, Workers: 4
[3168.019s][debug][gc,phases      ] GC(223)     Total                          Min: 1984, Avg: 2169.5, Max: 2240, Diff: 256, Sum: 8678, Workers: 4
[3168.019s][debug][gc,phases      ] GC(223)   JNI Weak                       Min:  0.0, Avg:  0.0, Max:  0.0, Diff:  0.0, Sum:  0.0, Workers: 4
[3168.019s][debug][gc,phases      ] GC(223)     Dead                           Min: 0, Avg:  0.0, Max: 0, Diff: 0, Sum: 0, Workers: 4
[3168.019s][debug][gc,phases      ] GC(223)     Total                          Min: 0, Avg:  0.0, Max: 0, Diff: 0, Sum: 0, Workers: 4
[3168.019s][debug][gc,phases      ] GC(223)   StringDedup Table Weak         Min:  0.0, Avg:  0.0, Max:  0.0, Diff:  0.0, Sum:  0.0, Workers: 4
[3168.019s][debug][gc,phases      ] GC(223)     Dead                           Min: 0, Avg:  0.0, Max: 0, Diff: 0, Sum: 0, Workers: 4
[3168.019s][debug][gc,phases      ] GC(223)     Total                          Min: 0, Avg:  0.0, Max: 0, Diff: 0, Sum: 0, Workers: 4
[3168.019s][debug][gc,phases      ] GC(223)   StringDedup Requests0 Weak     Min:  0.0, Avg:  0.0, Max:  0.0, Diff:  0.0, Sum:  0.0, Workers: 4
[3168.019s][debug][gc,phases      ] GC(223)     Dead                           Min: 0, Avg:  0.0, Max: 0, Diff: 0, Sum: 0, Workers: 4
[3168.019s][debug][gc,phases      ] GC(223)     Total                          Min: 0, Avg:  0.0, Max: 0, Diff: 0, Sum: 0, Workers: 4
[3168.019s][debug][gc,phases      ] GC(223)   StringDedup Requests1 Weak     Min:  0.0, Avg:  0.0, Max:  0.0, Diff:  0.0, Sum:  0.0, Workers: 4
[3168.019s][debug][gc,phases      ] GC(223)     Dead                           Min: 0, Avg:  0.0, Max: 0, Diff: 0, Sum: 0, Workers: 4
[3168.019s][debug][gc,phases      ] GC(223)     Total                          Min: 0, Avg:  0.0, Max: 0, Diff: 0, Sum: 0, Workers: 4
[3168.019s][debug][gc,phases      ] GC(223)   Weak JFR Old Object Samples    Min:  0.0, Avg:  0.0, Max:  0.0, Diff:  0.0, Sum:  0.0, Workers: 4
[3168.019s][debug][gc,phases      ] GC(223)     Dead                           Min: 0, Avg:  0.0, Max: 0, Diff: 0, Sum: 0, Workers: 4
[3168.019s][debug][gc,phases      ] GC(223)     Total                          Min: 0, Avg:  0.0, Max: 0, Diff: 0, Sum: 0, Workers: 4
[3168.019s][debug][gc,phases      ] GC(223) Weak Processing 0.343ms
[3168.019s][debug][gc,age         ] GC(223) Desired survivor size 126353408 bytes, new threshold 15 (max threshold 15)
[3168.019s][info ][gc,heap        ] GC(223) PSYoungGen: 1829536K(1966080K)->2208K(1958400K) Eden: 1827328K(1827328K)->0K(1827328K) From: 2208K(138752K)->2208K(131072K)
[3168.019s][info ][gc,heap        ] GC(223) ParOldGen: 890767K(1048576K)->890839K(1048576K)
[3168.019s][info ][gc,metaspace   ] GC(223) Metaspace: 84972K(85824K)->84972K(85824K) NonClass: 73179K(73664K)->73179K(73664K) Class: 11792K(12160K)->11792K(12160K)
[3168.019s][info ][gc             ] GC(223) Pause Young (Allocation Failure) 2656M->872M(2936M) 2.752ms
[3168.019s][info ][gc,cpu         ] GC(223) User=0.01s Sys=0.00s Real=0.00s
[3168.019s][info ][safepoint      ] Safepoint "ParallelGCFailedAllocation", Time since last: 15296729789 ns, Reaching safepoint: 50303 ns, At safepoint: 2827468 ns, Total: 2877771 ns
[3169.019s][info ][safepoint      ] Safepoint "Cleanup", Time since last: 1000090108 ns, Reaching safepoint: 52403 ns, At safepoint: 4301 ns, Total: 56704 ns
[3222.842s][info ][gc,start       ] GC(224) Pause Young (Allocation Failure)
[3222.851s][debug][gc,phases      ] GC(224) Scavenge 9.229ms
[3222.851s][debug][gc,ref         ] GC(224) Skipped phase 1 of Reference Processing: no references
[3222.851s][debug][gc,ref         ] GC(224) ReferenceProcessor::execute queues: 1, RefProcThreadModel::Single, marks_oops_alive: false
[3222.851s][debug][gc,ref         ] GC(224) Skipped phase 3 of Reference Processing: no references
[3222.851s][debug][gc,ref         ] GC(224) ReferenceProcessor::execute queues: 1, RefProcThreadModel::Single, marks_oops_alive: false
[3222.851s][debug][gc,phases      ] GC(224) Reference Processing 0.135ms
[3222.851s][debug][gc,phases      ] GC(224)   VM Weak                        Min:  0.0, Avg:  0.0, Max:  0.0, Diff:  0.0, Sum:  0.0, Workers: 4
[3222.851s][debug][gc,phases      ] GC(224)     Dead                           Min: 0, Avg:  0.0, Max: 0, Diff: 0, Sum: 0, Workers: 4
[3222.851s][debug][gc,phases      ] GC(224)     Total                          Min: 0, Avg: 181.2, Max: 725, Diff: 725, Sum: 725, Workers: 4
[3222.851s][debug][gc,phases      ] GC(224)   ObjectSynchronizer Weak        Min:  0.0, Avg:  0.0, Max:  0.0, Diff:  0.0, Sum:  0.0, Workers: 4
[3222.851s][debug][gc,phases      ] GC(224)     Dead                           Min: 0, Avg:  0.0, Max: 0, Diff: 0, Sum: 0, Workers: 4
[3222.851s][debug][gc,phases      ] GC(224)     Total                          Min: 0, Avg: 104.0, Max: 192, Diff: 192, Sum: 416, Workers: 4
[3222.851s][debug][gc,phases      ] GC(224)   JVMTI Tag Weak OopStorage      Min:  0.0, Avg:  0.0, Max:  0.0, Diff:  0.0, Sum:  0.0, Workers: 4
[3222.851s][debug][gc,phases      ] GC(224)     Dead                           Min: 0, Avg:  0.0, Max: 0, Diff: 0, Sum: 0, Workers: 4
[3222.851s][debug][gc,phases      ] GC(224)     Total                          Min: 0, Avg:  0.0, Max: 0, Diff: 0, Sum: 0, Workers: 4
[3222.851s][debug][gc,phases      ] GC(224)   StringTable Weak               Min:  0.1, Avg:  0.1, Max:  0.1, Diff:  0.0, Sum:  0.4, Workers: 4
[3222.851s][debug][gc,phases      ] GC(224)     Dead                           Min: 0, Avg:  0.2, Max: 1, Diff: 1, Sum: 1, Workers: 4
[3222.851s][debug][gc,phases      ] GC(224)     Total                          Min: 10560, Avg: 12128.5, Max: 14658, Diff: 4098, Sum: 48514, Workers: 4
[3222.851s][debug][gc,phases      ] GC(224)   ResolvedMethodTable Weak       Min:  0.0, Avg:  0.0, Max:  0.0, Diff:  0.0, Sum:  0.1, Workers: 4
[3222.851s][debug][gc,phases      ] GC(224)     Dead                           Min: 0, Avg:  0.0, Max: 0, Diff: 0, Sum: 0, Workers: 4
[3222.851s][debug][gc,phases      ] GC(224)     Total                          Min: 1728, Avg: 2171.0, Max: 2668, Diff: 940, Sum: 8684, Workers: 4
[3222.851s][debug][gc,phases      ] GC(224)   JNI Weak                       Min:  0.0, Avg:  0.0, Max:  0.0, Diff:  0.0, Sum:  0.0, Workers: 4
[3222.851s][debug][gc,phases      ] GC(224)     Dead                           Min: 0, Avg:  0.0, Max: 0, Diff: 0, Sum: 0, Workers: 4
[3222.851s][debug][gc,phases      ] GC(224)     Total                          Min: 0, Avg:  0.0, Max: 0, Diff: 0, Sum: 0, Workers: 4
[3222.851s][debug][gc,phases      ] GC(224)   StringDedup Table Weak         Min:  0.0, Avg:  0.0, Max:  0.0, Diff:  0.0, Sum:  0.0, Workers: 4
[3222.851s][debug][gc,phases      ] GC(224)     Dead                           Min: 0, Avg:  0.0, Max: 0, Diff: 0, Sum: 0, Workers: 4
[3222.851s][debug][gc,phases      ] GC(224)     Total                          Min: 0, Avg:  0.0, Max: 0, Diff: 0, Sum: 0, Workers: 4
[3222.851s][debug][gc,phases      ] GC(224)   StringDedup Requests0 Weak     Min:  0.0, Avg:  0.0, Max:  0.0, Diff:  0.0, Sum:  0.0, Workers: 4
[3222.851s][debug][gc,phases      ] GC(224)     Dead                           Min: 0, Avg:  0.0, Max: 0, Diff: 0, Sum: 0, Workers: 4
[3222.851s][debug][gc,phases      ] GC(224)     Total                          Min: 0, Avg:  0.0, Max: 0, Diff: 0, Sum: 0, Workers: 4
[3222.851s][debug][gc,phases      ] GC(224)   StringDedup Requests1 Weak     Min:  0.0, Avg:  0.0, Max:  0.0, Diff:  0.0, Sum:  0.0, Workers: 4
[3222.851s][debug][gc,phases      ] GC(224)     Dead                           Min: 0, Avg:  0.0, Max: 0, Diff: 0, Sum: 0, Workers: 4
[3222.851s][debug][gc,phases      ] GC(224)     Total                          Min: 0, Avg:  0.0, Max: 0, Diff: 0, Sum: 0, Workers: 4
[3222.851s][debug][gc,phases      ] GC(224)   Weak JFR Old Object Samples    Min:  0.0, Avg:  0.0, Max:  0.0, Diff:  0.0, Sum:  0.0, Workers: 4
[3222.851s][debug][gc,phases      ] GC(224)     Dead                           Min: 0, Avg:  0.0, Max: 0, Diff: 0, Sum: 0, Workers: 4
[3222.851s][debug][gc,phases      ] GC(224)     Total                          Min: 0, Avg:  0.0, Max: 0, Diff: 0, Sum: 0, Workers: 4
[3222.851s][debug][gc,phases      ] GC(224) Weak Processing 0.315ms
[3222.851s][debug][gc,age         ] GC(224) Desired survivor size 116391936 bytes, new threshold 15 (max threshold 15)
[3222.851s][info ][gc,heap        ] GC(224) PSYoungGen: 1829536K(1958400K)->15792K(1983488K) Eden: 1827328K(1827328K)->0K(1860096K) From: 2208K(131072K)->15792K(123392K)
[3222.851s][info ][gc,heap        ] GC(224) ParOldGen: 890839K(1048576K)->890879K(1048576K)
[3222.851s][info ][gc,metaspace   ] GC(224) Metaspace: 84988K(85824K)->84988K(85824K) NonClass: 73192K(73664K)->73192K(73664K) Class: 11795K(12160K)->11795K(12160K)
[3222.851s][info ][gc             ] GC(224) Pause Young (Allocation Failure) 2656M->885M(2961M) 9.869ms
[3222.852s][info ][gc,cpu         ] GC(224) User=0.03s Sys=0.01s Real=0.01s
[3222.852s][info ][safepoint      ] Safepoint "ParallelGCFailedAllocation", Time since last: 53822535427 ns, Reaching safepoint: 139009 ns, At safepoint: 9966789 ns, Total: 10105798 ns
[3223.852s][info ][safepoint      ] Safepoint "Cleanup", Time since last: 1000095110 ns, Reaching safepoint: 54103 ns, At safepoint: 3200 ns, Total: 57303 ns
[3229.852s][info ][safepoint      ] Safepoint "Cleanup", Time since last: 6000423452 ns, Reaching safepoint: 55403 ns, At safepoint: 9301 ns, Total: 64704 ns
[3272.855s][info ][safepoint      ] Safepoint "Cleanup", Time since last: 43002953682 ns, Reaching safepoint: 54903 ns, At safepoint: 13201 ns, Total: 68104 ns
[3283.856s][info ][safepoint      ] Safepoint "Cleanup", Time since last: 11000722600 ns, Reaching safepoint: 51203 ns, At safepoint: 8201 ns, Total: 59404 ns
[3408.864s][info ][safepoint      ] Safepoint "Cleanup", Time since last: 125007969026 ns, Reaching safepoint: 41202 ns, At safepoint: 22101 ns, Total: 63303 ns
[3433.866s][info ][safepoint      ] Safepoint "Cleanup", Time since last: 25001652870 ns, Reaching safepoint: 44802 ns, At safepoint: 4101 ns, Total: 48903 ns
[3529.872s][info ][safepoint      ] Safepoint "Cleanup", Time since last: 96006297186 ns, Reaching safepoint: 45103 ns, At safepoint: 10900 ns, Total: 56003 ns
[3529.876s][info ][gc,heap,exit   ] Heap
[3529.876s][info ][gc,heap,exit   ]  PSYoungGen      total 1983488K, used 784147K [0x0000000780000000, 0x0000000800000000, 0x0000000800000000)
[3529.876s][info ][gc,heap,exit   ]   eden space 1860096K, 41% used [0x0000000780000000,0x00000007aee58bb0,0x00000007f1880000)
[3529.876s][info ][gc,heap,exit   ]   from space 123392K, 12% used [0x00000007f8780000,0x00000007f96ec148,0x0000000800000000)
[3529.876s][info ][gc,heap,exit   ]   to   space 113664K, 0% used [0x00000007f1880000,0x00000007f1880000,0x00000007f8780000)
[3529.876s][info ][gc,heap,exit   ]  ParOldGen       total 1048576K, used 890879K [0x0000000740000000, 0x0000000780000000, 0x0000000780000000)
[3529.876s][info ][gc,heap,exit   ]   object space 1048576K, 84% used [0x0000000740000000,0x00000007765ffd88,0x0000000780000000)
[3529.876s][info ][gc,heap,exit   ]  Metaspace       used 85017K, committed 85888K, reserved 1130496K
[3529.876s][info ][gc,heap,exit   ]   class space    used 11798K, committed 12224K, reserved 1048576K
